04-22 11:26:21.945  1635  4930 I ActivityManager: Killing 19545:com.google.location.nearby.apps.connectedcrossroad/u0a333 (adj 0): stop com.google.location.nearby.apps.connectedcrossroad due to from pid 19797
04-22 11:26:21.949  1635  4930 W ActivityTaskManager: Force removing ActivityRecord{57c3de6 u0 com.google.location.nearby.apps.connectedcrossroad/nx.aodv.eval.MainActivity t8098 f}}: app died, no saved state
04-22 11:26:21.991  1635  1775 W BroadcastQueue: Background execution not allowed: receiving Intent { act=android.intent.action.PACKAGE_RESTARTED dat=package:com.google.location.nearby.apps.connectedcrossroad flg=0x10 (has extras) } to steptracker.healthandfitness.walkingtracker.pedometer/com.drojian.stepcounter.receiver.PedometerReceiver
04-22 11:26:21.991  1635  1775 W BroadcastQueue: Background execution not allowed: receiving Intent { act=android.intent.action.PACKAGE_RESTARTED dat=package:com.google.location.nearby.apps.connectedcrossroad flg=0x10 (has extras) } to steptracker.healthandfitness.walkingtracker.pedometer/com.drojian.servicekeeper.receiver.BootReceiver
04-22 11:26:21.995  1635  1712 D AutofillSession: handling death of Token{427c29d ActivityRecord{57c3de6 u0 com.google.location.nearby.apps.connectedcrossroad/nx.aodv.eval.MainActivity t-1 f}}} when saving=false
04-22 11:26:22.026  1635  1756 W ActivityManager: setHasOverlayUi called on unknown pid: 19545
04-22 11:26:23.145  1635  2891 D ConnectivityService: NetReassign [no changes]
04-22 11:26:24.415  1635  2893 D NsdService: unregister service
04-22 11:26:24.415  1635  2893 D NsdService: mdnssd [stop-register, 20]
04-22 11:26:24.425  1635  1635 D BluetoothManagerService: Bluetooth Adapter name changed to Pixel 3a XL
04-22 11:26:24.426  1635  1635 D BluetoothManagerService: Stored Bluetooth name: Pixel 3a XL
04-22 11:26:26.171  1635  2891 D ConnectivityService: NetReassign [no changes]
04-22 11:26:50.417  1635  2891 I chatty  : uid=1000(system) ConnectivitySer identical 8 lines
04-22 11:26:53.446  1635  2891 D ConnectivityService: NetReassign [no changes]
04-22 11:26:54.596  1635  4612 W ActivityManager: Foreground service started from background can not have location/camera/microphone access: service steptracker.healthandfitness.walkingtracker.pedometer/com.drojian.stepcounter.service.CounterService
04-22 11:26:54.825  1635  8900 I DropBoxManagerService: add tag=event_data isTagEnabled=true flags=0x2
04-22 11:26:54.832  1635  1775 W BroadcastQueue: Background execution not allowed: receiving Intent { act=android.intent.action.DROPBOX_ENTRY_ADDED flg=0x10 (has extras) } to com.google.android.gms/.stats.service.DropBoxEntryAddedReceiver
04-22 11:26:54.836  1635  1775 W BroadcastQueue: Background execution not allowed: receiving Intent { act=android.intent.action.DROPBOX_ENTRY_ADDED flg=0x10 (has extras) } to com.google.android.gms/.chimera.GmsIntentOperationService$PersistentTrustedReceiver
04-22 11:26:54.857  1635  4612 I DropBoxManagerService: add tag=dumpsys:account isTagEnabled=true flags=0x2
04-22 11:26:54.861  1635  1775 W BroadcastQueue: Background execution not allowed: receiving Intent { act=android.intent.action.DROPBOX_ENTRY_ADDED flg=0x10 (has extras) } to com.google.android.gms/.stats.service.DropBoxEntryAddedReceiver
04-22 11:26:54.865  1635  1775 W BroadcastQueue: Background execution not allowed: receiving Intent { act=android.intent.action.DROPBOX_ENTRY_ADDED flg=0x10 (has extras) } to com.google.android.gms/.chimera.GmsIntentOperationService$PersistentTrustedReceiver
04-22 11:26:56.492  1635  2891 D ConnectivityService: NetReassign [no changes]
04-22 11:26:59.521  1635  2891 D ConnectivityService: NetReassign [no changes]
04-22 11:27:01.217  1635  1878 I PackageManager: Integrity check passed for file:///data/app/vmdl106224072.tmp
04-22 11:27:01.242  1635  1878 I PackageManager: Update package com.google.location.nearby.apps.connectedcrossroad code path from /data/app/~~NK8oMdC_kj2pq2ky80EEvg==/com.google.location.nearby.apps.connectedcrossroad-wGHX5JFjagtoG-8v42kYAw== to /data/app/~~7jOg2fG_t6zjPTJvqRrxPA==/com.google.location.nearby.apps.connectedcrossroad-4Pd4zN4ghn10TKZ2qLqqzQ==; Retain data and using new
04-22 11:27:01.242  1635  1878 I PackageManager: Update package com.google.location.nearby.apps.connectedcrossroad resource path from /data/app/~~NK8oMdC_kj2pq2ky80EEvg==/com.google.location.nearby.apps.connectedcrossroad-wGHX5JFjagtoG-8v42kYAw== to /data/app/~~7jOg2fG_t6zjPTJvqRrxPA==/com.google.location.nearby.apps.connectedcrossroad-4Pd4zN4ghn10TKZ2qLqqzQ==; Retain data and using new
04-22 11:27:01.257  1635  1878 D CompatibilityChangeReporter: Compat change id reported: 135549675; UID 10333; state: DISABLED
04-22 11:27:01.413  1635  1775 W BroadcastQueue: Background execution not allowed: receiving Intent { act=android.intent.action.PACKAGE_REMOVED dat=package:com.google.location.nearby.apps.connectedcrossroad flg=0x4000010 (has extras) } to com.android.vending/com.google.android.finsky.packagemanager.impl.PackageMonitorReceiverImpl$RegisteredReceiver
04-22 11:27:01.413  1635  1775 W BroadcastQueue: Background execution not allowed: receiving Intent { act=android.intent.action.PACKAGE_REMOVED dat=package:com.google.location.nearby.apps.connectedcrossroad flg=0x4000010 (has extras) } to com.android.vending/com.google.android.finsky.instantapps.appmanagement.InstantAppRemoveMonitor
04-22 11:27:01.413  1635  1775 W BroadcastQueue: Background execution not allowed: receiving Intent { act=android.intent.action.PACKAGE_REMOVED dat=package:com.google.location.nearby.apps.connectedcrossroad flg=0x4000010 (has extras) } to com.google.android.gms/.games.chimera.GamesSystemBroadcastReceiverProxy
04-22 11:27:01.413  1635  1775 W BroadcastQueue: Background execution not allowed: receiving Intent { act=android.intent.action.PACKAGE_REMOVED dat=package:com.google.location.nearby.apps.connectedcrossroad flg=0x4000010 (has extras) } to com.google.android.gms/.chimera.GmsIntentOperationService$PersistentTrustedReceiver
04-22 11:27:01.413  1635  1775 W BroadcastQueue: Background execution not allowed: receiving Intent { act=android.intent.action.PACKAGE_REMOVED dat=package:com.google.location.nearby.apps.connectedcrossroad flg=0x4000010 (has extras) } to com.google.android.googlequicksearchbox/com.google.android.apps.gsa.googlequicksearchbox.GelStubAppWatcher
04-22 11:27:01.413  1635  1775 W BroadcastQueue: Background execution not allowed: receiving Intent { act=android.intent.action.PACKAGE_REMOVED dat=package:com.google.location.nearby.apps.connectedcrossroad flg=0x4000010 (has extras) } to com.facebook.katana/com.facebook.feed.platformads.AppInstallReceiver
04-22 11:27:01.413  1635  1775 W BroadcastQueue: Background execution not allowed: receiving Intent { act=android.intent.action.PACKAGE_REMOVED dat=package:com.google.location.nearby.apps.connectedcrossroad flg=0x4000010 (has extras) } to com.jaga.ibraceletplus.smartwristband3/com.yc.pedometer.keepalive.KeepAliveReceiver
04-22 11:27:01.413  1635  1775 W BroadcastQueue: Background execution not allowed: receiving Intent { act=android.intent.action.PACKAGE_REMOVED dat=package:com.google.location.nearby.apps.connectedcrossroad flg=0x4000010 (has extras) } to com.microsoft.appmanager/.receiver.InstallUninstallReceiver
04-22 11:27:01.413  1635  1775 W BroadcastQueue: Background execution not allowed: receiving Intent { act=android.intent.action.PACKAGE_REMOVED dat=package:com.google.location.nearby.apps.connectedcrossroad flg=0x4000010 (has extras) } to com.microsoft.appmanager/com.microsoft.mmx.continuity.receiver.InstallUninstallReceiver
04-22 11:27:01.413  1635  1775 W BroadcastQueue: Background execution not allowed: receiving Intent { act=android.intent.action.PACKAGE_REMOVED dat=package:com.google.location.nearby.apps.connectedcrossroad flg=0x4000010 (has extras) } to com.microsoft.emmx/com.microsoft.mmx.continuity.receiver.InstallUninstallReceiver
04-22 11:27:01.450  1635  1775 W BroadcastQueue: Background execution not allowed: receiving Intent { act=android.intent.action.PACKAGE_ADDED dat=package:com.google.location.nearby.apps.connectedcrossroad flg=0x4000010 (has extras) } to com.google.android.packageinstaller/com.android.packageinstaller.PackageInstalledReceiver
04-22 11:27:01.451  1635  1775 W BroadcastQueue: Background execution not allowed: receiving Intent { act=android.intent.action.PACKAGE_ADDED dat=package:com.google.location.nearby.apps.connectedcrossroad flg=0x4000010 (has extras) } to com.android.vending/com.google.android.finsky.packagemanager.impl.PackageMonitorReceiverImpl$RegisteredReceiver
04-22 11:27:01.451  1635  1775 W BroadcastQueue: Background execution not allowed: receiving Intent { act=android.intent.action.PACKAGE_ADDED dat=package:com.google.location.nearby.apps.connectedcrossroad flg=0x4000010 (has extras) } to com.google.android.gms/.games.chimera.GamesSystemBroadcastReceiverProxy
04-22 11:27:01.451  1635  1775 W BroadcastQueue: Background execution not allowed: receiving Intent { act=android.intent.action.PACKAGE_ADDED dat=package:com.google.location.nearby.apps.connectedcrossroad flg=0x4000010 (has extras) } to com.google.android.gms/.gass.chimera.PackageChangeBroadcastReceiver
04-22 11:27:01.451  1635  1775 W BroadcastQueue: Background execution not allowed: receiving Intent { act=android.intent.action.PACKAGE_ADDED dat=package:com.google.location.nearby.apps.connectedcrossroad flg=0x4000010 (has extras) } to com.google.android.gms/.chimera.GmsIntentOperationService$PersistentTrustedReceiver
04-22 11:27:01.451  1635  1775 W BroadcastQueue: Background execution not allowed: receiving Intent { act=android.intent.action.PACKAGE_ADDED dat=package:com.google.location.nearby.apps.connectedcrossroad flg=0x4000010 (has extras) } to com.google.android.googlequicksearchbox/com.google.android.apps.gsa.googlequicksearchbox.GelStubAppWatcher
04-22 11:27:01.451  1635  1775 W BroadcastQueue: Background execution not allowed: receiving Intent { act=android.intent.action.PACKAGE_ADDED dat=package:com.google.location.nearby.apps.connectedcrossroad flg=0x4000010 (has extras) } to com.facebook.katana/com.facebook.feed.platformads.AppInstallReceiver
04-22 11:27:01.451  1635  1775 W BroadcastQueue: Background execution not allowed: receiving Intent { act=android.intent.action.PACKAGE_ADDED dat=package:com.google.location.nearby.apps.connectedcrossroad flg=0x4000010 (has extras) } to com.jaga.ibraceletplus.smartwristband3/com.yc.pedometer.keepalive.KeepAliveReceiver
04-22 11:27:01.451  1635  1775 W BroadcastQueue: Background execution not allowed: receiving Intent { act=android.intent.action.PACKAGE_ADDED dat=package:com.google.location.nearby.apps.connectedcrossroad flg=0x4000010 (has extras) } to com.microsoft.appmanager/.receiver.InstallUninstallReceiver
04-22 11:27:01.451  1635  1775 W BroadcastQueue: Background execution not allowed: receiving Intent { act=android.intent.action.PACKAGE_ADDED dat=package:com.google.location.nearby.apps.connectedcrossroad flg=0x4000010 (has extras) } to com.microsoft.appmanager/com.microsoft.mmx.continuity.receiver.InstallUninstallReceiver
04-22 11:27:01.451  1635  1775 W BroadcastQueue: Background execution not allowed: receiving Intent { act=android.intent.action.PACKAGE_ADDED dat=package:com.google.location.nearby.apps.connectedcrossroad flg=0x4000010 (has extras) } to com.microsoft.emmx/com.microsoft.mmx.continuity.receiver.InstallUninstallReceiver
04-22 11:27:01.533  1635  8772 I ActivityTaskManager: START u0 {act=android.intent.action.MAIN cat=[android.intent.category.LAUNCHER] flg=0x10000000 cmp=com.google.location.nearby.apps.connectedcrossroad/nx.aodv.eval.MainActivity} from uid 2000
04-22 11:27:01.570  1635  1635 I Telecom : DefaultDialerCache: Refreshing default dialer for user 0: now com.google.android.dialer: DDC.oR@BY4
04-22 11:27:01.614  1635  1635 V BackupManagerConstants: getFullBackupIntervalMilliseconds(...) returns 86400000
04-22 11:27:01.615  1635  1635 V BackupManagerConstants: getFullBackupRequiredNetworkType(...) returns 2
04-22 11:27:01.615  1635  1635 V BackupManagerConstants: getFullBackupRequireCharging(...) returns true
04-22 11:27:01.642  1635  1756 D CompatibilityChangeReporter: Compat change id reported: 135634846; UID 10333; state: DISABLED
04-22 11:27:01.642  1635  1776 D CompatibilityChangeReporter: Compat change id reported: 143937733; UID 10333; state: DISABLED
04-22 11:27:01.691  1635  1776 I ActivityManager: Start proc 19908:com.google.location.nearby.apps.connectedcrossroad/u0a333 for pre-top-activity {com.google.location.nearby.apps.connectedcrossroad/nx.aodv.eval.MainActivity}
04-22 11:27:01.735  1635  1752 W Looper  : Slow dispatch took 123ms android.fg h=android.os.Handler c=<recycled PooledLambda@ab90847> m=0
04-22 11:27:01.849  1635  1635 W Looper  : Slow dispatch took 279ms main h=android.app.ActivityThread$H c=android.app.-$$Lambda$LoadedApk$ReceiverDispatcher$Args$_BumDX2UKsnxLVrE6UJsJZkotuA@1e13dfa m=0
04-22 11:27:01.849  1635  1635 W Looper  : Slow delivery took 358ms main h=com.android.server.AlarmManagerService$AlarmHandler c=null m=8
04-22 11:27:01.871  1635  1752 W Looper  : Slow delivery took 218ms android.fg h=android.os.Handler c=<recycled PooledLambda@a36819e> m=0
04-22 11:27:01.871  1635  1752 W Looper  : Slow dispatch took 113ms android.fg h=android.os.Handler c=<recycled PooledLambda@a36819e> m=0
04-22 11:27:01.898  1635  4612 W BroadcastQueue: Background execution not allowed: receiving Intent { act=android.intent.action.PACKAGE_REPLACED dat=package:com.google.location.nearby.apps.connectedcrossroad flg=0x4000010 (has extras) } to com.google.android.gms/.gass.chimera.PackageChangeBroadcastReceiver
04-22 11:27:01.908  1635  1775 W BroadcastQueue: Background execution not allowed: receiving Intent { act=android.intent.action.PACKAGE_REPLACED dat=package:com.google.location.nearby.apps.connectedcrossroad flg=0x4000010 (has extras) } to com.google.android.gms/.chimera.GmsIntentOperationService$PersistentTrustedReceiver
04-22 11:27:01.908  1635  1775 W BroadcastQueue: Background execution not allowed: receiving Intent { act=android.intent.action.PACKAGE_REPLACED dat=package:com.google.location.nearby.apps.connectedcrossroad flg=0x4000010 (has extras) } to com.google.android.googlequicksearchbox/com.google.android.apps.gsa.googlequicksearchbox.GelStubAppWatcher
04-22 11:27:01.908  1635  1775 W BroadcastQueue: Background execution not allowed: receiving Intent { act=android.intent.action.PACKAGE_REPLACED dat=package:com.google.location.nearby.apps.connectedcrossroad flg=0x4000010 (has extras) } to com.infonow.bofa/com.bofa.ecom.marvel.application.BofaPackageUpdateReceiver
04-22 11:27:01.908  1635  1775 W BroadcastQueue: Background execution not allowed: receiving Intent { act=android.intent.action.PACKAGE_REPLACED dat=package:com.google.location.nearby.apps.connectedcrossroad flg=0x4000010 (has extras) } to com.microsoft.appmanager/com.microsoft.mmx.continuity.receiver.InstallUninstallReceiver
04-22 11:27:01.912  1635  1775 W BroadcastQueue: Background execution not allowed: receiving Intent { act=android.intent.action.PACKAGE_REPLACED dat=package:com.google.location.nearby.apps.connectedcrossroad flg=0x4000010 (has extras) } to com.microsoft.emmx/com.microsoft.mmx.continuity.receiver.InstallUninstallReceiver
04-22 11:27:01.912  1635  1775 W BroadcastQueue: Background execution not allowed: receiving Intent { act=android.intent.action.PACKAGE_REPLACED dat=package:com.google.location.nearby.apps.connectedcrossroad flg=0x4000010 (has extras) } to steptracker.healthandfitness.walkingtracker.pedometer/com.drojian.stepcounter.receiver.PedometerReceiver
04-22 11:27:01.912  1635  1775 W BroadcastQueue: Background execution not allowed: receiving Intent { act=android.intent.action.PACKAGE_REPLACED dat=package:com.google.location.nearby.apps.connectedcrossroad flg=0x4000010 (has extras) } to steptracker.healthandfitness.walkingtracker.pedometer/com.drojian.servicekeeper.receiver.BootReceiver
04-22 11:27:01.914  1635  1635 W Looper  : Drained
04-22 11:27:01.999  1635  2884 W NetworkPolicy: shared quota unsupported; generating rule for each iface
04-22 11:27:02.139  1635  1752 W Looper  : Slow dispatch took 179ms android.fg h=android.os.Handler c=<recycled PooledLambda@9e3df08> m=0
04-22 11:27:02.210  1635  2884 W NetworkPolicy: shared quota unsupported; generating rule for each iface
04-22 11:27:02.315  1635  1713 D CompatibilityChangeReporter: Compat change id reported: 136274596; UID 10333; state: DISABLED
04-22 11:27:02.514  1635  1752 W Looper  : Slow dispatch took 100ms android.fg h=android.os.Handler c=<recycled PooledLambda@97fec> m=0
04-22 11:27:02.532  1635  2891 D ConnectivityService: NetReassign [no changes]
04-22 11:27:02.872  1635  2884 W NetworkPolicy: shared quota unsupported; generating rule for each iface
04-22 11:27:03.002  1635  1635 W Looper  : Slow dispatch took 131ms main h=com.android.providers.settings.SettingsProvider$SettingsRegistry$MyHandler c=null m=2
04-22 11:27:03.035  1635  2884 W NetworkPolicy: shared quota unsupported; generating rule for each iface
04-22 11:27:03.126  1635  2884 W NetworkPolicy: shared quota unsupported; generating rule for each iface
04-22 11:27:03.326  1635  1752 W Looper  : Drained
04-22 11:27:03.503  1635  2884 W NetworkPolicy: shared quota unsupported; generating rule for each iface
04-22 11:27:03.618  1635  1712 E SystemServiceRegistry: Manager wrapper not available: face
04-22 11:27:03.620  1635  1775 I DropBoxManagerService: add tag=system_server_wtf isTagEnabled=true flags=0x2
04-22 11:27:03.719  1635  4613 W SettingsStatsUtil: Can not parse value to float: gps,network
04-22 11:27:05.548  1635  2891 D ConnectivityService: NetReassign [no changes]
04-22 11:27:05.625  1635  1775 W BroadcastQueue: Background execution not allowed: receiving Intent { act=android.intent.action.DROPBOX_ENTRY_ADDED flg=0x10 (has extras) } to com.google.android.gms/.stats.service.DropBoxEntryAddedReceiver
04-22 11:27:05.625  1635  1775 W BroadcastQueue: Background execution not allowed: receiving Intent { act=android.intent.action.DROPBOX_ENTRY_ADDED flg=0x10 (has extras) } to com.google.android.gms/.chimera.GmsIntentOperationService$PersistentTrustedReceiver
04-22 11:27:08.585  1635  2891 D ConnectivityService: NetReassign [no changes]
04-22 11:27:10.789  2979  2979 V DeadZone: consuming errant click: (90.0,4.0)
04-22 11:27:10.789  2979  2979 V DeadZone: consuming errant click: (90.0,4.0)
04-22 11:27:11.607  1635  2891 D ConnectivityService: NetReassign [no changes]
04-22 11:27:12.019  1635  1635 D BluetoothManagerService: Bluetooth Adapter name changed to IkU5c2Fbye0AAAAAAAAAATE
04-22 11:27:12.020  1635  1635 D BluetoothManagerService: Stored Bluetooth name: IkU5c2Fbye0AAAAAAAAAATE
04-22 11:27:12.373  1635  2893 D NsdService: Register service
04-22 11:27:12.373  1635  2893 D NsdService: registerService: 21 name: IkU5c2Fbye0AAA, type: _5BC9ED5E6C75._tcp, host: null, port: 42747, txtRecord: n=MQIPv4=192.168.1.17
04-22 11:27:12.373  1635  2893 D NsdService: mdnssd [register, 21, IkU5c2Fbye0AAA, _5BC9ED5E6C75._tcp, 42747, BG49TVERSVB2ND0xOTIuMTY4LjEuMTc=]
04-22 11:27:12.375  1635  2893 D NsdService: Register 21 21
04-22 11:27:13.044  1635  2893 D NsdService: Native daemon message SERVICE_REGISTERED: 606 21 "IkU5c2Fbye0AAA"
04-22 11:27:13.066  1635  4624 E AppOps  : attributionTag com.google.android.gms.nearby not declared in manifest of com.google.location.nearby.apps.connectedcrossroad
04-22 11:27:14.611  1635  2891 D ConnectivityService: NetReassign [no changes]
04-22 11:28:15.076  1635  2891 I chatty  : uid=1000(system) ConnectivitySer identical 20 lines
04-22 11:28:18.099  1635  2891 D ConnectivityService: NetReassign [no changes]
04-22 11:28:18.850  1635  2884 W NetworkPolicy: shared quota unsupported; generating rule for each iface
04-22 11:28:21.145  1635  2891 D ConnectivityService: NetReassign [no changes]
04-22 11:28:36.272  1635  2891 I chatty  : uid=1000(system) ConnectivitySer identical 5 lines
04-22 11:28:39.294  1635  2891 D ConnectivityService: NetReassign [no changes]
04-22 11:28:41.113  1635  1771 I UsageStatsService: User[0] Flushing usage stats to disk
04-22 11:28:42.318  1635  2891 D ConnectivityService: NetReassign [no changes]
04-22 11:28:45.344  1635  2891 I chatty  : uid=1000(system) ConnectivitySer identical 1 line
04-22 11:28:48.366  1635  2891 D ConnectivityService: NetReassign [no changes]
04-22 11:28:49.271  1635  4623 I ActivityManager: Force stopping com.google.location.nearby.apps.connectedcrossroad appid=10333 user=0: from pid 20157
04-22 11:28:49.272  1635  4623 I ActivityManager: Killing 19908:com.google.location.nearby.apps.connectedcrossroad/u0a333 (adj 0): stop com.google.location.nearby.apps.connectedcrossroad due to from pid 20157
04-22 11:28:49.275  1635  4623 W ActivityTaskManager: Force removing ActivityRecord{ff21881 u0 com.google.location.nearby.apps.connectedcrossroad/nx.aodv.eval.MainActivity t8099 f}}: app died, no saved state
04-22 11:28:49.311  1635  1775 W BroadcastQueue: Background execution not allowed: receiving Intent { act=android.intent.action.PACKAGE_RESTARTED dat=package:com.google.location.nearby.apps.connectedcrossroad flg=0x10 (has extras) } to steptracker.healthandfitness.walkingtracker.pedometer/com.drojian.stepcounter.receiver.PedometerReceiver
04-22 11:28:49.311  1635  1775 W BroadcastQueue: Background execution not allowed: receiving Intent { act=android.intent.action.PACKAGE_RESTARTED dat=package:com.google.location.nearby.apps.connectedcrossroad flg=0x10 (has extras) } to steptracker.healthandfitness.walkingtracker.pedometer/com.drojian.servicekeeper.receiver.BootReceiver
04-22 11:28:49.347  1635  4612 D AutofillSession: handling death of Token{89dc911 ActivityRecord{ff21881 u0 com.google.location.nearby.apps.connectedcrossroad/nx.aodv.eval.MainActivity t-1 f}}} when saving=false
04-22 11:28:49.356  1635  1756 W ActivityManager: setHasOverlayUi called on unknown pid: 19908
04-22 11:28:51.387  1635  2891 D ConnectivityService: NetReassign [no changes]
04-22 11:28:52.199  1635  2893 D NsdService: unregister service
04-22 11:28:52.199  1635  2893 D NsdService: mdnssd [stop-register, 21]
04-22 11:28:52.207  1635  1635 D BluetoothManagerService: Bluetooth Adapter name changed to Pixel 3a XL
04-22 11:28:52.208  1635  1635 D BluetoothManagerService: Stored Bluetooth name: Pixel 3a XL
04-22 11:28:54.413  1635  2891 D ConnectivityService: NetReassign [no changes]
04-22 11:29:06.545  1635  2891 I chatty  : uid=1000(system) ConnectivitySer identical 4 lines
04-22 11:29:09.571  1635  2891 D ConnectivityService: NetReassign [no changes]
04-22 11:29:09.911  1635  1878 I PackageManager: Integrity check passed for file:///data/app/vmdl316975792.tmp
04-22 11:29:09.936  1635  1878 I PackageManager: Update package com.google.location.nearby.apps.connectedcrossroad code path from /data/app/~~7jOg2fG_t6zjPTJvqRrxPA==/com.google.location.nearby.apps.connectedcrossroad-4Pd4zN4ghn10TKZ2qLqqzQ== to /data/app/~~jVGEL7wghcWtau7w4i_5sA==/com.google.location.nearby.apps.connectedcrossroad-XFxV-onZNv4Ff7i7jbFGlQ==; Retain data and using new
04-22 11:29:09.936  1635  1878 I PackageManager: Update package com.google.location.nearby.apps.connectedcrossroad resource path from /data/app/~~7jOg2fG_t6zjPTJvqRrxPA==/com.google.location.nearby.apps.connectedcrossroad-4Pd4zN4ghn10TKZ2qLqqzQ== to /data/app/~~jVGEL7wghcWtau7w4i_5sA==/com.google.location.nearby.apps.connectedcrossroad-XFxV-onZNv4Ff7i7jbFGlQ==; Retain data and using new
04-22 11:29:09.950  1635  1878 D CompatibilityChangeReporter: Compat change id reported: 135549675; UID 10333; state: DISABLED
04-22 11:29:10.081  1635  1775 W BroadcastQueue: Background execution not allowed: receiving Intent { act=android.intent.action.PACKAGE_REMOVED dat=package:com.google.location.nearby.apps.connectedcrossroad flg=0x4000010 (has extras) } to com.android.vending/com.google.android.finsky.packagemanager.impl.PackageMonitorReceiverImpl$RegisteredReceiver
04-22 11:29:10.089  1635  1775 W BroadcastQueue: Background execution not allowed: receiving Intent { act=android.intent.action.PACKAGE_REMOVED dat=package:com.google.location.nearby.apps.connectedcrossroad flg=0x4000010 (has extras) } to com.android.vending/com.google.android.finsky.instantapps.appmanagement.InstantAppRemoveMonitor
04-22 11:29:10.089  1635  1775 W BroadcastQueue: Background execution not allowed: receiving Intent { act=android.intent.action.PACKAGE_REMOVED dat=package:com.google.location.nearby.apps.connectedcrossroad flg=0x4000010 (has extras) } to com.google.android.gms/.games.chimera.GamesSystemBroadcastReceiverProxy
04-22 11:29:10.090  1635  1775 W BroadcastQueue: Background execution not allowed: receiving Intent { act=android.intent.action.PACKAGE_REMOVED dat=package:com.google.location.nearby.apps.connectedcrossroad flg=0x4000010 (has extras) } to com.google.android.gms/.chimera.GmsIntentOperationService$PersistentTrustedReceiver
04-22 11:29:10.162  1635  4624 I ActivityTaskManager: START u0 {act=android.intent.action.MAIN cat=[android.intent.category.LAUNCHER] flg=0x10000000 cmp=com.google.location.nearby.apps.connectedcrossroad/nx.aodv.eval.MainActivity} from uid 2000
04-22 11:29:10.175  1635  1775 W BroadcastQueue: Background execution not allowed: receiving Intent { act=android.intent.action.PACKAGE_REMOVED dat=package:com.google.location.nearby.apps.connectedcrossroad flg=0x4000010 (has extras) } to com.google.android.googlequicksearchbox/com.google.android.apps.gsa.googlequicksearchbox.GelStubAppWatcher
04-22 11:29:10.177  1635  1775 W BroadcastQueue: Background execution not allowed: receiving Intent { act=android.intent.action.PACKAGE_REMOVED dat=package:com.google.location.nearby.apps.connectedcrossroad flg=0x4000010 (has extras) } to com.facebook.katana/com.facebook.feed.platformads.AppInstallReceiver
04-22 11:29:10.177  1635  1775 W BroadcastQueue: Background execution not allowed: receiving Intent { act=android.intent.action.PACKAGE_REMOVED dat=package:com.google.location.nearby.apps.connectedcrossroad flg=0x4000010 (has extras) } to com.jaga.ibraceletplus.smartwristband3/com.yc.pedometer.keepalive.KeepAliveReceiver
04-22 11:29:10.191  1635  1775 W BroadcastQueue: Background execution not allowed: receiving Intent { act=android.intent.action.PACKAGE_REMOVED dat=package:com.google.location.nearby.apps.connectedcrossroad flg=0x4000010 (has extras) } to com.microsoft.appmanager/.receiver.InstallUninstallReceiver
04-22 11:29:10.232  1635  1754 W Looper  : Slow dispatch took 107ms android.ui h=com.android.server.am.ActivityManagerService$UiHandler c=null m=53
04-22 11:29:10.234  1635  1756 D CompatibilityChangeReporter: Compat change id reported: 135634846; UID 10333; state: DISABLED
04-22 11:29:10.237  1635  1776 D CompatibilityChangeReporter: Compat change id reported: 143937733; UID 10333; state: DISABLED
04-22 11:29:10.251  1635  1775 W BroadcastQueue: Background execution not allowed: receiving Intent { act=android.intent.action.PACKAGE_REMOVED dat=package:com.google.location.nearby.apps.connectedcrossroad flg=0x4000010 (has extras) } to com.microsoft.appmanager/com.microsoft.mmx.continuity.receiver.InstallUninstallReceiver
04-22 11:29:10.252  1635  1775 W BroadcastQueue: Background execution not allowed: receiving Intent { act=android.intent.action.PACKAGE_REMOVED dat=package:com.google.location.nearby.apps.connectedcrossroad flg=0x4000010 (has extras) } to com.microsoft.emmx/com.microsoft.mmx.continuity.receiver.InstallUninstallReceiver
04-22 11:29:10.252  1635  1775 W BroadcastQueue: Background execution not allowed: receiving Intent { act=android.intent.action.PACKAGE_ADDED dat=package:com.google.location.nearby.apps.connectedcrossroad flg=0x4000010 (has extras) } to com.google.android.packageinstaller/com.android.packageinstaller.PackageInstalledReceiver
04-22 11:29:10.252  1635  1775 W BroadcastQueue: Background execution not allowed: receiving Intent { act=android.intent.action.PACKAGE_ADDED dat=package:com.google.location.nearby.apps.connectedcrossroad flg=0x4000010 (has extras) } to com.android.vending/com.google.android.finsky.packagemanager.impl.PackageMonitorReceiverImpl$RegisteredReceiver
04-22 11:29:10.252  1635  1775 W BroadcastQueue: Background execution not allowed: receiving Intent { act=android.intent.action.PACKAGE_ADDED dat=package:com.google.location.nearby.apps.connectedcrossroad flg=0x4000010 (has extras) } to com.google.android.gms/.games.chimera.GamesSystemBroadcastReceiverProxy
04-22 11:29:10.252  1635  1775 W BroadcastQueue: Background execution not allowed: receiving Intent { act=android.intent.action.PACKAGE_ADDED dat=package:com.google.location.nearby.apps.connectedcrossroad flg=0x4000010 (has extras) } to com.google.android.gms/.gass.chimera.PackageChangeBroadcastReceiver
04-22 11:29:10.252  1635  1775 W BroadcastQueue: Background execution not allowed: receiving Intent { act=android.intent.action.PACKAGE_ADDED dat=package:com.google.location.nearby.apps.connectedcrossroad flg=0x4000010 (has extras) } to com.google.android.gms/.chimera.GmsIntentOperationService$PersistentTrustedReceiver
04-22 11:29:10.252  1635  1775 W BroadcastQueue: Background execution not allowed: receiving Intent { act=android.intent.action.PACKAGE_ADDED dat=package:com.google.location.nearby.apps.connectedcrossroad flg=0x4000010 (has extras) } to com.google.android.googlequicksearchbox/com.google.android.apps.gsa.googlequicksearchbox.GelStubAppWatcher
04-22 11:29:10.252  1635  1775 W BroadcastQueue: Background execution not allowed: receiving Intent { act=android.intent.action.PACKAGE_ADDED dat=package:com.google.location.nearby.apps.connectedcrossroad flg=0x4000010 (has extras) } to com.facebook.katana/com.facebook.feed.platformads.AppInstallReceiver
04-22 11:29:10.252  1635  1775 W BroadcastQueue: Background execution not allowed: receiving Intent { act=android.intent.action.PACKAGE_ADDED dat=package:com.google.location.nearby.apps.connectedcrossroad flg=0x4000010 (has extras) } to com.jaga.ibraceletplus.smartwristband3/com.yc.pedometer.keepalive.KeepAliveReceiver
04-22 11:29:10.252  1635  1775 W BroadcastQueue: Background execution not allowed: receiving Intent { act=android.intent.action.PACKAGE_ADDED dat=package:com.google.location.nearby.apps.connectedcrossroad flg=0x4000010 (has extras) } to com.microsoft.appmanager/.receiver.InstallUninstallReceiver
04-22 11:29:10.253  1635  1775 W BroadcastQueue: Background execution not allowed: receiving Intent { act=android.intent.action.PACKAGE_ADDED dat=package:com.google.location.nearby.apps.connectedcrossroad flg=0x4000010 (has extras) } to com.microsoft.appmanager/com.microsoft.mmx.continuity.receiver.InstallUninstallReceiver
04-22 11:29:10.253  1635  1775 W BroadcastQueue: Background execution not allowed: receiving Intent { act=android.intent.action.PACKAGE_ADDED dat=package:com.google.location.nearby.apps.connectedcrossroad flg=0x4000010 (has extras) } to com.microsoft.emmx/com.microsoft.mmx.continuity.receiver.InstallUninstallReceiver
04-22 11:29:10.281  1635  1776 I ActivityManager: Start proc 20242:com.google.location.nearby.apps.connectedcrossroad/u0a333 for pre-top-activity {com.google.location.nearby.apps.connectedcrossroad/nx.aodv.eval.MainActivity}
04-22 11:29:10.330  1635  1635 W Looper  : Slow dispatch took 102ms main h=android.app.ActivityThread$H c=android.app.-$$Lambda$LoadedApk$ReceiverDispatcher$Args$_BumDX2UKsnxLVrE6UJsJZkotuA@add07ee m=0
04-22 11:29:10.331  1635  1635 I Telecom : DefaultDialerCache: Refreshing default dialer for user 0: now com.google.android.dialer: DDC.oR@BZI
04-22 11:29:10.377  1635  1752 W Looper  : Slow dispatch took 200ms android.fg h=android.os.Handler c=<recycled PooledLambda@3e1e952> m=0
04-22 11:29:10.380  1635  1635 V BackupManagerConstants: getFullBackupIntervalMilliseconds(...) returns 86400000
04-22 11:29:10.380  1635  1635 V BackupManagerConstants: getFullBackupRequiredNetworkType(...) returns 2
04-22 11:29:10.380  1635  1635 V BackupManagerConstants: getFullBackupRequireCharging(...) returns true
04-22 11:29:10.429  1635  1635 W Looper  : Slow delivery took 207ms main h=com.android.server.notification.NotificationManagerService$WorkerHandler c=com.android.server.notification.NotificationManagerService$15@8ffac28 m=0
04-22 11:29:10.440  1635  1635 W Looper  : Drained
04-22 11:29:10.445  1635  1752 W Looper  : Slow delivery took 202ms android.fg h=android.os.Handler c=<recycled PooledLambda@edc386c> m=0
04-22 11:29:10.464  1635  4614 W BroadcastQueue: Background execution not allowed: receiving Intent { act=android.intent.action.PACKAGE_REPLACED dat=package:com.google.location.nearby.apps.connectedcrossroad flg=0x4000010 (has extras) } to com.google.android.gms/.gass.chimera.PackageChangeBroadcastReceiver
04-22 11:29:10.478  1635  1775 W BroadcastQueue: Background execution not allowed: receiving Intent { act=android.intent.action.PACKAGE_REPLACED dat=package:com.google.location.nearby.apps.connectedcrossroad flg=0x4000010 (has extras) } to com.google.android.gms/.chimera.GmsIntentOperationService$PersistentTrustedReceiver
04-22 11:29:10.479  1635  1775 W BroadcastQueue: Background execution not allowed: receiving Intent { act=android.intent.action.PACKAGE_REPLACED dat=package:com.google.location.nearby.apps.connectedcrossroad flg=0x4000010 (has extras) } to com.google.android.googlequicksearchbox/com.google.android.apps.gsa.googlequicksearchbox.GelStubAppWatcher
04-22 11:29:10.479  1635  1775 W BroadcastQueue: Background execution not allowed: receiving Intent { act=android.intent.action.PACKAGE_REPLACED dat=package:com.google.location.nearby.apps.connectedcrossroad flg=0x4000010 (has extras) } to com.infonow.bofa/com.bofa.ecom.marvel.application.BofaPackageUpdateReceiver
04-22 11:29:10.479  1635  1775 W BroadcastQueue: Background execution not allowed: receiving Intent { act=android.intent.action.PACKAGE_REPLACED dat=package:com.google.location.nearby.apps.connectedcrossroad flg=0x4000010 (has extras) } to com.microsoft.appmanager/com.microsoft.mmx.continuity.receiver.InstallUninstallReceiver
04-22 11:29:10.480  1635  1775 W BroadcastQueue: Background execution not allowed: receiving Intent { act=android.intent.action.PACKAGE_REPLACED dat=package:com.google.location.nearby.apps.connectedcrossroad flg=0x4000010 (has extras) } to com.microsoft.emmx/com.microsoft.mmx.continuity.receiver.InstallUninstallReceiver
04-22 11:29:10.482  1635  1775 W BroadcastQueue: Background execution not allowed: receiving Intent { act=android.intent.action.PACKAGE_REPLACED dat=package:com.google.location.nearby.apps.connectedcrossroad flg=0x4000010 (has extras) } to steptracker.healthandfitness.walkingtracker.pedometer/com.drojian.stepcounter.receiver.PedometerReceiver
04-22 11:29:10.482  1635  1775 W BroadcastQueue: Background execution not allowed: receiving Intent { act=android.intent.action.PACKAGE_REPLACED dat=package:com.google.location.nearby.apps.connectedcrossroad flg=0x4000010 (has extras) } to steptracker.healthandfitness.walkingtracker.pedometer/com.drojian.servicekeeper.receiver.BootReceiver
04-22 11:29:10.615  1635  1752 W Looper  : Slow dispatch took 166ms android.fg h=android.os.Handler c=<recycled PooledLambda@21c720d> m=0
04-22 11:29:10.689  1635  2884 W NetworkPolicy: shared quota unsupported; generating rule for each iface
04-22 11:29:10.847  1635  1752 W Looper  : Slow dispatch took 157ms android.fg h=android.os.Handler c=<recycled PooledLambda@79dc011> m=0
04-22 11:29:11.137  1635  4614 D CompatibilityChangeReporter: Compat change id reported: 136274596; UID 10333; state: DISABLED
04-22 11:29:11.194  1635  1752 W Looper  : Slow dispatch took 124ms android.fg h=android.os.Handler c=<recycled PooledLambda@3bc9dc4> m=0
04-22 11:29:11.520  1635  2884 W NetworkPolicy: shared quota unsupported; generating rule for each iface
04-22 11:29:11.690  1635  2884 I chatty  : uid=1000(system) NetworkPolicy identical 1 line
04-22 11:29:11.729  1635  2884 W NetworkPolicy: shared quota unsupported; generating rule for each iface
04-22 11:29:11.956  1635  1752 W Looper  : Drained
04-22 11:29:12.197  1635  2884 W NetworkPolicy: shared quota unsupported; generating rule for each iface
04-22 11:29:12.324  1635  3043 E SystemServiceRegistry: Manager wrapper not available: face
04-22 11:29:12.325  1635  1775 I DropBoxManagerService: add tag=system_server_wtf isTagEnabled=true flags=0x2
--------- beginning of main
04-22 11:29:12.409  1635  4599 W Process : Unable to open /proc/1027/status
04-22 11:29:12.416  1635  4599 W SettingsStatsUtil: Can not parse value to float: gps,network
04-22 11:29:12.425  1016  1020 E statsd  : Predicate 5980654721335871649 dropping data for dimension key (10)0x2010101->10333[I] (10)0x30000->Icing[S] 
04-22 11:29:12.436  1016  1020 E statsd  : Predicate 5980654721335871649 dropping data for dimension key (10)0x2010101->10333[I] (10)0x30000->Icing[S] 
04-22 11:29:12.438  1016  1020 E statsd  : Predicate 5980654721335871649 dropping data for dimension key (10)0x2010101->10333[I] (10)0x30000->*launch*[S] 
04-22 11:29:12.441  1016  1020 E statsd  : Predicate 5980654721335871649 dropping data for dimension key (10)0x2010101->10145[I] (10)0x30000->CastSocketMultiplexer_WakeLock[S] 
04-22 11:29:12.442  1016  1020 I chatty  : uid=1066(statsd) Binder:1016_2 identical 11 lines
04-22 11:29:12.442  1016  1020 E statsd  : Predicate 5980654721335871649 dropping data for dimension key (10)0x2010101->10145[I] (10)0x30000->CastSocketMultiplexer_WakeLock[S] 
04-22 11:29:12.444  1016  1020 E statsd  : Predicate 5980654721335871649 dropping data for dimension key (10)0x2010101->10145[I] (10)0x30000->CastDeviceController-com.google.android.gms[S] 
04-22 11:29:12.445  1016  1020 E statsd  : Predicate 5980654721335871649 dropping data for dimension key (10)0x2010101->10145[I] (10)0x30000->CastDeviceController-com.google.android.gms[S] 
04-22 11:29:12.445  1016  1020 E statsd  : Predicate 5980654721335871649 dropping data for dimension key (10)0x2010101->10145[I] (10)0x30000->CastSocketMultiplexer_WakeLock[S] 
04-22 11:29:12.580  1635  2891 D ConnectivityService: NetReassign [no changes]
04-22 11:29:12.740  1635  2884 W NetworkPolicy: shared quota unsupported; generating rule for each iface
04-22 11:29:12.758  1038  1038 I android.hardware.health@2.0-service.bonito: capacity: 3534000
04-22 11:29:12.769  1038  1038 I android.hardware.health@2.0-service.bonito: capacity: 3534000
04-22 11:29:12.924 14012 14110 I DeviceAppInfoWork: remove existing package for update: com.google.location.nearby.apps.connectedcrossroad
04-22 11:29:12.925 14012 14110 I DeviceAppInfoWork: remove existing package for update: com.google.location.nearby.apps.connectedcrossroad
04-22 11:29:12.925 14012 14141 I DeviceAppInfoWork: remove existing package for update: com.google.location.nearby.apps.connectedcrossroad
04-22 11:29:12.925 14012 14141 I DeviceAppInfoWork: remove existing package for update: com.google.location.nearby.apps.connectedcrossroad
04-22 11:29:12.926 14012 20167 I A       : soft deleting data for DEVICE_INSTALLED_APPS [CONTEXT ratelimit_period="100 MILLISECONDS [skipped: 3]" ]
04-22 11:29:12.935 14012 14110 I DeviceAppInfoWork: remove existing package for update: com.google.location.nearby.apps.connectedcrossroad
04-22 11:29:12.935 14012 14141 I DeviceAppInfoWork: remove existing package for update: com.google.location.nearby.apps.connectedcrossroad
04-22 11:29:12.951 14012 20167 I A       : Performing deletion propagation for Geller data.
04-22 11:29:12.952 14012 20168 I A       : Performing deletion propagation for Geller data.
04-22 11:29:12.952 14012 20166 I A       : Performing deletion propagation for Geller data.
04-22 11:29:12.954 14012 20165 I A       : Performing deletion propagation for Geller data.
04-22 11:29:12.956 14012 20314 I A       : Performing deletion propagation for Geller data.
04-22 11:29:12.956 14012 20315 I A       : Performing deletion propagation for Geller data.
04-22 11:29:12.957 14012 20316 I A       : Writing data of size=482 bytes with N=1 keys to Geller corpus DEVICE_INSTALLED_APPS at ts=1619105352951001
04-22 11:29:12.967 14012 14110 I DeviceAppInfoWork: refreshDeviceAppInfoForAccount done.
04-22 11:29:12.967 14012 20316 I A       : Writing data of size=482 bytes with N=1 keys to Geller corpus DEVICE_INSTALLED_APPS at ts=1619105352951000
04-22 11:29:12.971 14012 14121 I DeviceAppInfoWork: refreshDeviceAppInfoForAccount done.
04-22 11:29:12.972 14012 20316 I A       : Writing data of size=482 bytes with N=1 keys to Geller corpus DEVICE_INSTALLED_APPS at ts=1619105352951002
04-22 11:29:12.976 14012 14110 I DeviceAppInfoWork: refreshDeviceAppInfoForAccount done.
04-22 11:29:12.976 14012 20316 I A       : Writing data of size=482 bytes with N=1 keys to Geller corpus DEVICE_INSTALLED_APPS at ts=1619105352951003
04-22 11:29:12.978 14012 14106 I DeviceAppInfoWork: refreshDeviceAppInfoForAccount done.
04-22 11:29:12.978 14012 20316 I A       : Writing data of size=482 bytes with N=1 keys to Geller corpus DEVICE_INSTALLED_APPS at ts=1619105352951005
04-22 11:29:12.982 14012 14141 I DeviceAppInfoWork: refreshDeviceAppInfoForAccount done.
04-22 11:29:12.983 14012 20316 I A       : Writing data of size=482 bytes with N=1 keys to Geller corpus DEVICE_INSTALLED_APPS at ts=1619105352951004
04-22 11:29:12.986 14012 14106 I DeviceAppInfoWork: refreshDeviceAppInfoForAccount done.
04-22 11:29:12.999 14012 14111 W SearchServiceCore: Abort, client detached.
04-22 11:29:13.048  1058  2949 I WifiHAL : event received NL80211_CMD_VENDOR, vendor_id = 0x1374, subcmd = 0xd
04-22 11:29:14.333  1635  1775 W BroadcastQueue: Background execution not allowed: receiving Intent { act=android.intent.action.DROPBOX_ENTRY_ADDED flg=0x10 (has extras) } to com.google.android.gms/.stats.service.DropBoxEntryAddedReceiver
04-22 11:29:14.333  1635  1775 W BroadcastQueue: Background execution not allowed: receiving Intent { act=android.intent.action.DROPBOX_ENTRY_ADDED flg=0x10 (has extras) } to com.google.android.gms/.chimera.GmsIntentOperationService$PersistentTrustedReceiver
04-22 11:29:14.937  3258  3258 D GRIL-S  : [6651]> UPDATE_REGULATORY_DOMAIN
04-22 11:29:14.939  3258  4164 D GRIL-S  : [6651]< UPDATE_REGULATORY_DOMAIN 
04-22 11:29:14.933  1057  1057 W radioext@1.0-se: type=1400 audit(0.0:10261): avc: denied { search } for name="radio" dev="dm-8" ino=174 scontext=u:r:hal_radioext_default:s0 tcontext=u:object_r:radio_vendor_data_file:s0 tclass=dir permissive=0
04-22 11:29:15.052  1058  2949 I WifiHAL : event received NL80211_CMD_VENDOR, vendor_id = 0x1374, subcmd = 0xd
04-22 11:29:15.595  1635  2891 D ConnectivityService: NetReassign [no changes]
04-22 11:29:16.100  3529 20134 I chatty  : uid=10145 com.google.android.gms.persistent expire 3 lines
04-22 11:29:16.128  1066  1066 I tftp_server: pid=1066 tid=1066 tftp-server : INF :[tftp_server.c, 659] rcvd request [1] [84] [1] [0] [216]
04-22 11:29:16.130  1066 20320 I tftp_server: pid=1066 tid=20320 tftp-server : INF :[tftp_server_utils.c, 113] file [readwrite/ota_firewall/ruleset] : [/vendor/rfs/msm/mpss/readwrite/ota_firewall/ruleset]
04-22 11:29:16.142  1066 20320 I tftp_server: pid=1066 tid=20320 tftp-server : INF :[tftp_server.c, 1202] OACK options : [7680, 200, 10, 4, 0, 0, 0, 0]
04-22 11:29:16.142  1066 20320 I tftp_server: pid=1066 tid=20320 tftp-server : INF :[tftp_os_la.c, 63] open : [-1] [-1] [384] [0] [/vendor/rfs/msm/mpss/readwrite/ota_firewall/ruleset]
04-22 11:29:16.142  1066 20320 E tftp_server: pid=1066 tid=20320 tftp-server : ERR :[tftp_os_la.c, 70] open failed: [2] [No such file or directory]
04-22 11:29:16.142  1066 20320 E tftp_server: pid=1066 tid=20320 tftp-server : ERR :[tftp_server.c, 1698] open failed : [-2] [Unknown error -2]
04-22 11:29:16.143  1066 20320 E tftp_server: pid=1066 tid=20320 tftp-server : ERR :[tftp_protocol.c, 1229] sending error-pkt. Code = 1, Msg = Err=2 String=No such file or directory
04-22 11:29:16.146  1066  1066 I tftp_server: pid=1066 tid=1066 tftp-server : INF :[tftp_server.c, 659] rcvd request [1] [84] [1] [0] [217]
04-22 11:29:16.147  1066 20321 I tftp_server: pid=1066 tid=20321 tftp-server : INF :[tftp_server_utils.c, 113] file [readwrite/ota_firewall/ruleset] : [/vendor/rfs/msm/mpss/readwrite/ota_firewall/ruleset]
04-22 11:29:16.148  1066 20321 I tftp_server: pid=1066 tid=20321 tftp-server : INF :[tftp_server.c, 1202] OACK options : [7680, 200, 0, 10, 0, 0, 0, 0]
04-22 11:29:16.148  1066 20321 I tftp_server: pid=1066 tid=20321 tftp-server : INF :[tftp_os_la.c, 63] open : [-1] [-1] [384] [0] [/vendor/rfs/msm/mpss/readwrite/ota_firewall/ruleset]
04-22 11:29:16.148  1066 20321 E tftp_server: pid=1066 tid=20321 tftp-server : ERR :[tftp_os_la.c, 70] open failed: [2] [No such file or directory]
04-22 11:29:16.148  1066 20321 E tftp_server: pid=1066 tid=20321 tftp-server : ERR :[tftp_server.c, 1698] open failed : [-2] [Unknown error -2]
04-22 11:29:16.148  1066 20321 E tftp_server: pid=1066 tid=20321 tftp-server : ERR :[tftp_protocol.c, 1229] sending error-pkt. Code = 1, Msg = Err=2 String=No such file or directory
04-22 11:29:17.069  1058  2949 I WifiHAL : event received NL80211_CMD_VENDOR, vendor_id = 0x1374, subcmd = 0xd
04-22 11:29:17.554  1016  1020 E statsd  : Predicate 5980654721335871649 dropping data for dimension key (10)0x2010101->10145[I] (10)0x30000->CastSocketMultiplexer_WakeLock[S] 
04-22 11:29:17.618  1016  1020 E statsd  : Predicate 5980654721335871649 dropping data for dimension key (10)0x2010101->10145[I] (10)0x30000->CastSocketMultiplexer_WakeLock[S] 
04-22 11:29:17.620  1016  1020 E statsd  : Predicate 5980654721335871649 dropping data for dimension key (10)0x2010101->10145[I] (10)0x30000->CastDeviceController-com.google.android.gms[S] 
04-22 11:29:17.626  1016  1020 E statsd  : Predicate 5980654721335871649 dropping data for dimension key (10)0x2010101->10145[I] (10)0x30000->CastDeviceController-com.google.android.gms[S] 
04-22 11:29:19.071  1058  2949 I WifiHAL : event received NL80211_CMD_VENDOR, vendor_id = 0x1374, subcmd = 0xd
04-22 11:29:19.990  1057  1057 W radioext@1.0-se: type=1400 audit(0.0:10262): avc: denied { search } for name="radio" dev="dm-8" ino=174 scontext=u:r:hal_radioext_default:s0 tcontext=u:object_r:radio_vendor_data_file:s0 tclass=dir permissive=0
04-22 11:29:19.993  3258  3258 D GRIL-S  : [6652]> UPDATE_REGULATORY_DOMAIN
04-22 11:29:19.997  3258  4164 D GRIL-S  : [6652]< UPDATE_REGULATORY_DOMAIN 
04-22 11:29:20.911  1047  1286 D VSC     : @ 108071.225: [Significant Motion] Stop motion_detect
04-22 11:29:20.911  1047  1286 D VSC     : @ 108071.225: [Significant Motion] Request accel, interval 20.0 ms, latency 3200.0 ms
04-22 11:29:20.911  1047  1286 I CHRE    : @ 108071.225: [AR] IDLE => ON
04-22 11:29:20.914  1047  1286 D VSC     : @ 108071.229: [Step Counter] Stop motion_detect
04-22 11:29:20.914  1047  1286 D VSC     : @ 108071.229: [Step Counter] Request accel, interval 20.0 ms, latency 1000.0 ms
04-22 11:29:20.923  1047  1286 D ASH     : @ 108071.238: SensorType 1 resampler quality 0
04-22 11:29:20.926  1047  1286 D ASH     : @ 108071.243: SensorType 195 resampler quality 0
04-22 11:29:20.927  1047  1286 D CHRE    : @ 108071.244: SensorType 195 resampler quality 0
04-22 11:29:21.078  1058  2949 I WifiHAL : event received NL80211_CMD_VENDOR, vendor_id = 0x1374, subcmd = 0xd
04-22 11:29:18.612  1635  2891 D ConnectivityService: NetReassign [no changes]
04-22 11:29:21.379  1635  9190 W ActivityManager: stopServiceToken startId 15 is last, but have 1 remaining args
04-22 11:29:21.481  3786  3786 V InlineSuggestionRenderService: handleDestroySuggestionViews called for 0:1018064951
04-22 11:29:21.509 19609 21197 I chatty  : uid=10200(com.google.android.inputmethod.latin) voice-control-1 expire 12 lines
04-22 11:29:21.518 19609 19640 I chatty  : uid=10200(com.google.android.inputmethod.latin) ExUtils-F-P10-3 expire 4 lines
04-22 11:29:21.519 19609 19612 I chatty  : uid=10200(com.google.android.inputmethod.latin) ExUtils-F-P10-3 expire 5 lines
04-22 11:29:21.520 19609 19655 I chatty  : uid=10200(com.google.android.inputmethod.latin) DecoderWrapper expire 4 lines
04-22 11:29:21.520  1047  1286 D VSC     : @ 108071.838: [WO] isFlat() nearest_rotation: 4, flat_angle: 65
04-22 11:29:21.520  1047  1286 D VSC     : @ 108071.838: [WO] orientation angle 327, orientation 4
04-22 11:29:21.521  1047  1286 D VSC     : @ 108071.838: [WO] rejected by isOrientationAngleAcceptable
04-22 11:29:21.521 19609 19657 I chatty  : uid=10200(com.google.android.inputmethod.latin) sp-control-1 expire 15 lines
04-22 11:29:21.522 19609 19609 I chatty  : uid=10200(com.google.android.inputmethod.latin) expire 179 lines
04-22 11:29:21.527 19609 20326 I chatty  : uid=10200(com.google.android.inputmethod.latin) ExUtils-F-P10-3 expire 2 lines
04-22 11:29:21.560 19609 20328 I chatty  : uid=10200(com.google.android.inputmethod.latin) ExUtils-F-P10-3 expire 2 lines
04-22 11:29:21.622  1635  2891 D ConnectivityService: NetReassign [no changes]
04-22 11:29:21.663  4561  4561 I A       : Receiving sys ui event of type com.google.android.apps.googlequicksearchbox.nga.ON_KEYBOARD_SHOWING_CHANGED.
04-22 11:29:22.477 14602 14896 D audio_route: Apply path: speaker
04-22 11:29:22.478 14602 14896 D audio_hw_primary: enable_snd_device: snd_device(104: vi-feedback)
04-22 11:29:22.478  1635  1713 I system_server: oneway function results will be dropped but finished with status OK and parcel size 4
04-22 11:29:22.478 14602 14896 D audio_route: Apply path: vi-feedback
04-22 11:29:22.478 14602 14896 E audio_hw_utils: audio_extn_utils_send_app_type_cfg: Failed to derive app_type for uc type : 0x1
04-22 11:29:22.478 14602 14896 D ACDB-LOADER: ACDB -> send_audio_cal, acdb_id = 512, path = 1, app id = 0x11132, sample rate = 48000
04-22 11:29:22.478 14602 14896 D ACDB-LOADER: ACDB -> send_asm_topology
