04-22 11:29:22.478 14602 14896 D ACDB-LOADER: ACDB -> ACDB_CMD_GET_AUDPROC_STREAM_TOPOLOGY_ID
04-22 11:29:22.478 14602 14896 D ACDB-LOADER: ACDB -> send_adm_topology
04-22 11:29:22.478 14602 14896 D ACDB-LOADER: ACDB -> ACDB_CMD_GET_AUDPROC_COMMON_TOPOLOGY_ID
04-22 11:29:22.478 14602 14896 D ACDB-LOADER: ACDB -> send_audtable
04-22 11:29:22.478 14602 14896 D ACDB-LOADER: ACDB -> ACDB_CMD_GET_AUDPROC_COMMON_TABLE_SIZE
04-22 11:29:22.478 14602 14896 D ACDB-LOADER: ACDB -> ACDB_CMD_GET_AUDPROC_COMMON_TABLE
04-22 11:29:22.478 14602 14896 D ACDB-LOADER: ACDB -> AUDIO_SET_AUDPROC_CAL
04-22 11:29:22.478 14602 14896 D ACDB-LOADER: ACDB -> send_audvoltable
04-22 11:29:22.478 14602 14896 D ACDB-LOADER: ACDB -> ACDB_CMD_GET_AUDPROC_VOL_STEP_TABLE_SIZE
04-22 11:29:22.478 14602 14896 D ACDB-LOADER: ACDB -> ACDB_CMD_GET_AUDPROC_GAIN_DEP_STEP_TABLE, vol index 0
04-22 11:29:22.478 14602 14896 D android.hardware.audio.service: Failed to fetch the lookup information of the device 00000200 
04-22 11:29:22.478 14602 14896 E ACDB-LOADER: Error: ACDB AudProc vol returned = -19
04-22 11:29:22.478 14602 14896 D ACDB-LOADER: ACDB -> AUDIO_SET_VOL_CAL cal type = 12
04-22 11:29:22.478 14602 14896 D ACDB-LOADER: ACDB -> ACDB_CMD_GET_AUDPROC_STREAM_TABLE_SIZE
04-22 11:29:22.478 14602 14896 D ACDB-LOADER: ACDB -> send_audstrmtable
04-22 11:29:22.478 14602 14896 D ACDB-LOADER: ACDB -> ACDB_CMD_GET_AUDPROC_STREAM_TABLE_V2
04-22 11:29:22.478 14602 14896 D ACDB-LOADER: ACDB -> audstrm_cal->cal_type.cal_data.cal_size = 16
04-22 11:29:22.478 14602 14896 D ACDB-LOADER: ACDB -> send_afe_topology
04-22 11:29:22.478 14602 14896 D ACDB-LOADER: ACDB -> ACDB_CMD_GET_AFE_TOPOLOGY_ID
04-22 11:29:22.478 14602 14896 D ACDB-LOADER: ACDB -> GET_AFE_TOPOLOGY_ID for adcd_id 512, Topology Id 10001ccc
04-22 11:29:22.478 14602 14896 D ACDB-LOADER: ACDB -> send_afe_cal
04-22 11:29:22.478 14602 14896 D ACDB-LOADER: ACDB -> ACDB_CMD_GET_AFE_COMMON_TABLE_SIZE
04-22 11:29:22.478 14602 14896 D ACDB-LOADER: ACDB -> ACDB_CMD_GET_AFE_COMMON_TABLE
04-22 11:29:22.478 14602 14896 D ACDB-LOADER: ACDB -> AUDIO_SET_AFE_CAL
04-22 11:29:22.478 14602 14896 D ACDB-LOADER: ACDB -> send_hw_delay : acdb_id = 512 path = 1
04-22 11:29:22.478 14602 14896 D ACDB-LOADER: ACDB -> ACDB_AVSYNC_INFO: ACDB_CMD_GET_DEVICE_PROPERTY
04-22 11:29:22.478 14602 14896 D audio_hw_primary: enable_audio_route: usecase(25) apply and update mixer path: spkr-vi-record vi-feedback
04-22 11:29:22.478 14602 14896 D audio_route: Apply path: spkr-vi-record vi-feedback
04-22 11:29:22.478  1635  1713 I system_server: oneway function results will be dropped but finished with status OK and parcel size 4
04-22 11:29:22.482  4561  4561 I A       : Receiving sys ui event of type com.google.android.apps.googlequicksearchbox.nga.ON_KEYBOARD_SHOWING_CHANGED.
04-22 11:29:22.492 19609 20350 I chatty  : uid=10200(com.google.android.inputmethod.latin) ExUtils-F-P11-1 expire 1 line
04-22 11:29:22.516 14602 14896 D ACDB-LOADER: ACDB -> send_audio_cal, acdb_id = 513, path = 0, app id = 0x11130, sample rate = 48000
04-22 11:29:22.516 14602 14896 D ACDB-LOADER: ACDB -> send_asm_topology
04-22 11:29:22.516 14602 14896 D ACDB-LOADER: ACDB -> ACDB_CMD_GET_AUDPROC_STREAM_TOPOLOGY_ID
04-22 11:29:22.516 14602 14896 D ACDB-LOADER: ACDB -> send_adm_topology
04-22 11:29:22.516 14602 14896 D ACDB-LOADER: ACDB -> ACDB_CMD_GET_AUDPROC_COMMON_TOPOLOGY_ID
04-22 11:29:22.516 14602 14896 D ACDB-LOADER: ACDB -> send_audtable
04-22 11:29:22.516 14602 14896 D ACDB-LOADER: ACDB -> ACDB_CMD_GET_AUDPROC_COMMON_TABLE_SIZE
04-22 11:29:22.516 14602 14896 D ACDB-LOADER: ACDB -> ACDB_CMD_GET_AUDPROC_COMMON_TABLE
04-22 11:29:22.516 14602 14896 D ACDB-LOADER: ACDB -> AUDIO_SET_AUDPROC_CAL
04-22 11:29:22.516 14602 14896 D ACDB-LOADER: ACDB -> send_audvoltable
04-22 11:29:22.516 14602 14896 D ACDB-LOADER: ACDB -> ACDB_CMD_GET_AUDPROC_VOL_STEP_TABLE_SIZE
04-22 11:29:22.516 14602 14896 D ACDB-LOADER: ACDB -> ACDB_CMD_GET_AUDPROC_GAIN_DEP_STEP_TABLE, vol index 0
04-22 11:29:22.516 14602 14896 D android.hardware.audio.service: Failed to fetch the lookup information of the device 00000201 
04-22 11:29:22.516 14602 14896 E ACDB-LOADER: Error: ACDB AudProc vol returned = -19
04-22 11:29:22.516 14602 14896 D ACDB-LOADER: ACDB -> AUDIO_SET_VOL_CAL cal type = 12
04-22 11:29:22.516 14602 14896 D ACDB-LOADER: ACDB -> ACDB_CMD_GET_AUDPROC_STREAM_TABLE_SIZE
04-22 11:29:22.516 14602 14896 D ACDB-LOADER: ACDB -> send_audstrmtable
04-22 11:29:22.516 14602 14896 D ACDB-LOADER: ACDB -> ACDB_CMD_GET_AUDPROC_STREAM_TABLE_V2
04-22 11:29:22.516 14602 14896 D ACDB-LOADER: ACDB -> audstrm_cal->cal_type.cal_data.cal_size = 488
04-22 11:29:22.516 14602 14896 D ACDB-LOADER: ACDB -> send_afe_topology
04-22 11:29:22.516 14602 14896 D ACDB-LOADER: ACDB -> ACDB_CMD_GET_AFE_TOPOLOGY_ID
04-22 11:29:22.516 14602 14896 D ACDB-LOADER: ACDB -> GET_AFE_TOPOLOGY_ID for adcd_id 513, Topology Id 10000ccc
04-22 11:29:22.516 14602 14896 D ACDB-LOADER: ACDB -> send_afe_cal
04-22 11:29:22.516 14602 14896 D ACDB-LOADER: ACDB -> ACDB_CMD_GET_AFE_COMMON_TABLE_SIZE
04-22 11:29:22.516 14602 14896 D ACDB-LOADER: ACDB -> ACDB_CMD_GET_AFE_COMMON_TABLE
04-22 11:29:22.516 14602 14896 D ACDB-LOADER: ACDB -> AUDIO_SET_AFE_CAL
04-22 11:29:22.516 14602 14896 D ACDB-LOADER: ACDB -> send_hw_delay : acdb_id = 513 path = 0
04-22 11:29:22.516 14602 14896 D ACDB-LOADER: ACDB -> ACDB_AVSYNC_INFO: ACDB_CMD_GET_DEVICE_PROPERTY
04-22 11:29:22.517 14602 14896 D audio_hw_primary: enable_audio_route: usecase(1) apply and update mixer path: low-latency-playback speaker
04-22 11:29:22.517 14602 14896 D audio_route: Apply path: low-latency-playback speaker
04-22 11:29:22.538  2959  3615 I chatty  : uid=1002(bluetooth) bt_main_thread expire 26 lines
04-22 11:29:22.570 14602 14896 D audio_hw_primary: out_write: retry previous failed cal level set
04-22 11:29:22.585  2959  3071 I chatty  : uid=1002(bluetooth) BT Service Call expire 8 lines
04-22 11:29:22.585  1635  1635 D BluetoothManagerService: Bluetooth Adapter name changed to IjBVNjhbye0AAAAAAAAAATE
04-22 11:29:22.586  1635  1635 D BluetoothManagerService: Stored Bluetooth name: IjBVNjhbye0AAAAAAAAAATE
04-22 11:29:22.722  1635  9190 I system_server: oneway function results will be dropped but finished with status OK and parcel size 4
04-22 11:29:22.722 14601 14613 W APM::AudioPolicyEngine: getDevicesForStrategy() unknown strategy: -1
04-22 11:29:22.923  1635  2893 D NsdService: Register service
04-22 11:29:22.923  1635  2893 D NsdService: registerService: 22 name: IjBVNjhbye0AAA, type: _5BC9ED5E6C75._tcp, host: null, port: 39765, txtRecord: n=MQIPv4=192.168.1.17
04-22 11:29:22.923  1635  2893 D NsdService: mdnssd [register, 22, IjBVNjhbye0AAA, _5BC9ED5E6C75._tcp, 39765, BG49TVERSVB2ND0xOTIuMTY4LjEuMTc=]
04-22 11:29:22.925  1635  2893 D NsdService: Register 22 22
04-22 11:29:23.039 14012 14111 I WorkerManager: dispose()
04-22 11:29:23.044 14012 14111 W A       : Queue length for executor EventBus is now 11. Perhaps some tasks are too long, or the pool is too small.
04-22 11:29:23.079  1058  2949 I WifiHAL : event received NL80211_CMD_VENDOR, vendor_id = 0x1374, subcmd = 0xd
04-22 11:29:23.080  4536  4536 D AugmentedAutofillService: mCallback is updated.
04-22 11:29:23.081 19609 20329 I chatty  : uid=10200(com.google.android.inputmethod.latin) ExUtils-F-P10-3 expire 6 lines
04-22 11:29:23.082 19609 19613 I chatty  : uid=10200(com.google.android.inputmethod.latin) ExUtils-F-P10-3 expire 2 lines
04-22 11:29:23.114 19609 20327 I chatty  : uid=10200(com.google.android.inputmethod.latin) ExUtils-F-P10-3 expire 1 line
04-22 11:29:23.213  4561  4561 I A       : Receiving sys ui event of type com.google.android.apps.googlequicksearchbox.nga.ON_KEYBOARD_SHOWING_CHANGED.
04-22 11:29:23.513  1047  1286 D VSC     : @ 108073.831: [WO] isFlat() nearest_rotation: 0, flat_angle: 65
04-22 11:29:23.513  1047  1286 D VSC     : @ 108073.831: [WO] orientation angle 2, orientation 0
04-22 11:29:23.541  1016  1020 E statsd  : Predicate 5980654721335871649 dropping data for dimension key (10)0x2010101->10145[I] (10)0x30000->CastSocketMultiplexer_WakeLock[S] 
04-22 11:29:23.562  1016  1020 E statsd  : Predicate 5980654721335871649 dropping data for dimension key (10)0x2010101->10145[I] (10)0x30000->CastSocketMultiplexer_WakeLock[S] 
04-22 11:29:23.563  1016  1020 E statsd  : Predicate 5980654721335871649 dropping data for dimension key (10)0x2010101->10145[I] (10)0x30000->CastDeviceController-com.google.android.gms[S] 
04-22 11:29:23.657  1635  2893 D NsdService: Native daemon message SERVICE_REGISTERED: 606 22 "IjBVNjhbye0AAA"
04-22 11:29:23.565  1016  1020 E statsd  : Predicate 5980654721335871649 dropping data for dimension key (10)0x2010101->10145[I] (10)0x30000->CastDeviceController-com.google.android.gms[S] 
04-22 11:29:23.664  1635  9190 E AppOps  : attributionTag com.google.android.gms.nearby not declared in manifest of com.google.location.nearby.apps.connectedcrossroad
04-22 11:29:23.678  3529 20356 I chatty  : uid=10145 com.google.android.gms.persistent expire 59 lines
04-22 11:29:23.740 20242 20269 I nectedcrossroa: oneway function results will be dropped but finished with status UNKNOWN_TRANSACTION and parcel size 0
04-22 11:29:23.745 20242 20242 D connectedcrossroad: onEndpointFound: Connecting to up7L
04-22 11:29:23.749  3529 19668 I chatty  : uid=10145 com.google.android.gms.persistent expire 15 lines
04-22 11:29:23.757  1635  1713 I WifiService: enableTdls uid=10145 enable=true
04-22 11:29:23.758  1635  3107 I WifiService: enableTdlsWithMacAddress uid=1000 enable=true
04-22 11:29:23.852  3529 20357 I chatty  : uid=10145 com.google.android.gms.persistent expire 28 lines
04-22 11:29:24.062 20242 20242 E SpannableStringBuilder: SPAN_EXCLUSIVE_EXCLUSIVE spans cannot have a zero length
04-22 11:29:24.062 20242 20242 E SpannableStringBuilder: SPAN_EXCLUSIVE_EXCLUSIVE spans cannot have a zero length
04-22 11:29:24.640  1635  2891 D ConnectivityService: NetReassign [no changes]
04-22 11:29:24.862  3529 20360 I chatty  : uid=10145 com.google.android.gms.persistent expire 74 lines
04-22 11:29:24.867 20242 20268 I nectedcrossroa: oneway function results will be dropped but finished with status UNKNOWN_TRANSACTION and parcel size 0
04-22 11:29:24.870 20242 20242 D connectedcrossroad: onEndpointFound: Connecting to vskE
04-22 11:29:24.873 20242 20268 I nectedcrossroa: oneway function results will be dropped but finished with status UNKNOWN_TRANSACTION and parcel size 0
04-22 11:29:24.882 19609 19637 I chatty  : uid=10200(com.google.android.inputmethod.latin) ExUtils-P11-1 expire 4 lines
04-22 11:29:24.886 20242 20242 D connectedcrossroad: onEndpointFound: Connecting to 8NOP
04-22 11:29:24.888 19609 20362 I chatty  : uid=10200(com.google.android.inputmethod.latin) ExUtils-F-P11-1 expire 1 line
04-22 11:29:24.894  2959  3615 I chatty  : uid=1002(bluetooth) bt_main_thread expire 3 lines
04-22 11:29:24.895  2959  3071 I chatty  : uid=1002(bluetooth) BT Service Call expire 1 line
04-22 11:29:24.895  2979  3035 W BluetoothEventManager: AclStateChangedHandler: activeDevice is null
04-22 11:29:24.895  2959  2959 I chatty  : uid=1002(bluetooth) com.android.bluetooth expire 5 lines
04-22 11:29:24.897  1661  1661 I GH.WifiBluetoothRcvr: Connection action: android.bluetooth.device.action.ACL_CONNECTED, device 60:3A:7E:D5:56:F1
04-22 11:29:24.898  1661  1661 I GH.WifiBluetoothRcvr: Wireless projection is available on this phone.
04-22 11:29:24.929  3529  3529 I chatty  : uid=10145 com.google.android.gms.persistent expire 6 lines
04-22 11:29:24.933  3529 20361 I chatty  : uid=10145 com.google.android.gms.persistent expire 1 line
04-22 11:29:24.969 12074 12074 I chatty  : uid=10145(com.google.android.gms) expire 6 lines
04-22 11:29:24.978 19609 19624 I chatty  : uid=10200(com.google.android.inputmethod.latin) FinalizerDaemon expire 3 lines
04-22 11:29:24.983 14012 14149 I BistoSettingsListener: listener created
04-22 11:29:24.992  3258  3258 D GRIL-S  : [6653]> UPDATE_REGULATORY_DOMAIN
04-22 11:29:24.987  1057  1057 W radioext@1.0-se: type=1400 audit(0.0:10263): avc: denied { search } for name="radio" dev="dm-8" ino=174 scontext=u:r:hal_radioext_default:s0 tcontext=u:object_r:radio_vendor_data_file:s0 tclass=dir permissive=0
04-22 11:29:24.993  3258  4164 D GRIL-S  : [6653]< UPDATE_REGULATORY_DOMAIN 
04-22 11:29:24.994 14012 14111 I A       : isInitializing-false locale not changed-true model not changed-true
04-22 11:29:25.019 14012 14111 I BistoWorker: bluetoothConnectionStateChanged. Action: android.bluetooth.device.action.ACL_CONNECTED
04-22 11:29:25.023 14012 14111 I DeviceDetector: Not bonded or not refresh cache.
04-22 11:29:25.026 14012 14111 I MicroDetectionState: Should stop hotword detection immediately - false
04-22 11:29:25.081  1058  2949 I WifiHAL : event received NL80211_CMD_VENDOR, vendor_id = 0x1374, subcmd = 0xd
04-22 11:29:25.210  4451  4451 I chatty  : uid=10324(com.jaga.ibraceletplus.smartwristband3) expire 23 lines
04-22 11:29:25.328  2959  3615 I chatty  : uid=1002(bluetooth) bt_main_thread expire 11 lines
04-22 11:29:25.363  9033  9033 I Finsky  : [2] ahaz.a(4): SCH: onJobSchedulerWakeup with jobId 9001
04-22 11:29:25.399  9033  9033 I Finsky  : [2] aguz.handleMessage(4): SCH: DeviceState: DeviceState{currentTime=1619105365395, isCharging=false, isIdle=false, netAny=true, netNotRoaming=true, netUnmetered=true, batteryPercent=40.0}
04-22 11:29:25.409  9033 20231 I Finsky  : [4444] agxj.b(5): SCH: Jobs in database: 1-1337 12-1 20-23232323 26-1414141414 
04-22 11:29:25.414  9033  9033 I Finsky  : [2] agva.m(9): SCH: Running job: 12-1
04-22 11:29:25.416  9033  9033 I Finsky  : [2] ContentSyncJob.s(1): [ContentSync] job started
04-22 11:29:25.420  9033  9033 I Finsky  : [2] aguz.handleMessage(29): SCH: RunningQueue size: 1, PendingQueue size: 0
04-22 11:29:25.420  9033  9033 I Finsky  : [2] aguz.handleMessage(32): SCH: Running queue: 12-1 
04-22 11:29:25.506  1047  1286 D VSC     : @ 108075.824: [WO] isFlat() nearest_rotation: 4, flat_angle: 65
04-22 11:29:25.506  1047  1286 D VSC     : @ 108075.824: [WO] orientation angle 358, orientation 4
04-22 11:29:25.529  9033 20282 I Finsky  : [4451] hop.b(1): Completed 0 account content syncs with 0 successful.
04-22 11:29:25.529  9033  9033 I Finsky  : [2] ContentSyncJob.a(1): [ContentSync] Installation state replication succeeded.
04-22 11:29:25.530  9033  9033 I Finsky  : [2] agwa.n(4): SCH: jobFinished: 12-1. TimeElapsed: 116ms.
04-22 11:29:25.531  9033  9033 I Finsky  : [2] agva.b(3): SCH: Job 12-1 finished. Not rescheduling.
04-22 11:29:25.531  9033  9033 I Finsky  : [2] aguz.handleMessage(29): SCH: RunningQueue size: 0, PendingQueue size: 0
04-22 11:29:25.531  9033  9033 I Finsky  : [2] aguz.handleMessage(10): SCH: Executor finished
04-22 11:29:25.552  9033  9033 I Finsky  : [2] agxj.b(5): SCH: Jobs in database: 1-1337 20-23232323 26-1414141414 
04-22 11:29:25.553  9033  9033 I Finsky  : [2] agvn.h(37): SCH: ConstraintMapping: 1-1337,  -> L: 8188813ms, D: 51388813ms, C: false, I: false, N: 1
04-22 11:29:25.554  9033  9033 I Finsky  : [2] agvn.h(37): SCH: ConstraintMapping: 20-23232323,  -> L: 0ms, D: 47845627ms, C: true, I: false, N: 2
04-22 11:29:25.554  9033  9033 I Finsky  : [2] agvn.h(37): SCH: ConstraintMapping: 26-1414141414,  -> L: 8076095ms, D: 8976095ms, C: false, I: false, N: 0
04-22 11:29:25.576  3529  4555 I chatty  : uid=10145(com.google.android.gms) Binder:3529_4 expire 13 lines
04-22 11:29:25.577  9033  9033 I Finsky  : [2] agvn.j(7): SCH: Cancelling existing jobscheduler jobs: 9004 9003 
04-22 11:29:25.577  9033  9033 I Finsky  : [2] agvn.i(11): SCH: Scheduling job Id: 9000, L: 8188813, D: 51388813, C: false, I: false, N: 1
04-22 11:29:25.579  9033  9033 I Finsky  : [2] agvn.e(4): SCH: Throttling wakeup for job 9002 (expected to run in 0 ms) due to recent wakeup
04-22 11:29:25.579  9033  9033 I Finsky  : [2] agvn.i(11): SCH: Scheduling job Id: 9002, L: 30000, D: 47845627, C: true, I: false, N: 2
04-22 11:29:25.582  9033  9033 I Finsky  : [2] agvn.i(11): SCH: Scheduling job Id: 9005, L: 8076095, D: 8976095, C: false, I: false, N: 0
04-22 11:29:25.742 14602 14606 D audio_hw_primary: disable_audio_route: usecase(1) reset and update mixer path: low-latency-playback speaker
04-22 11:29:25.743 14602 14606 I audio_hw_cirrus_playback: audio_extn_spkr_prot_stop_processing: pcm_tx_close
04-22 11:29:25.750 14602 14606 D audio_hw_primary: disable_audio_route: usecase(25) reset and update mixer path: spkr-vi-record vi-feedback
04-22 11:29:25.750 14602 14606 D audio_hw_primary: disable_snd_device: snd_device(104: vi-feedback)
04-22 11:29:25.752  1635  4614 I system_server: oneway function results will be dropped but finished with status OK and parcel size 4
04-22 11:29:25.952  2959  3071 I chatty  : uid=1002(bluetooth) BT Service Call expire 2 lines
04-22 11:29:26.167  2959  3615 I chatty  : uid=1002(bluetooth) bt_main_thread expire 2 lines
04-22 11:29:26.177  2959  2975 I chatty  : uid=1002(bluetooth) Binder:2959_1 expire 1 line
04-22 11:29:26.179  2959  3615 I chatty  : uid=1002(bluetooth) bt_main_thread expire 8 lines
04-22 11:29:26.212  2959 26759 I chatty  : uid=1002(bluetooth) Binder:2959_7 expire 1 line
04-22 11:29:26.235  2959  3071 I chatty  : uid=1002(bluetooth) BT Service Call expire 4 lines
04-22 11:29:26.235  2959  3615 I chatty  : uid=1002(bluetooth) bt_main_thread expire 6 lines
04-22 11:29:26.553  2959  3071 I chatty  : uid=1002(bluetooth) BT Service Call expire 1 line
04-22 11:29:26.554  2959  3615 I chatty  : uid=1002(bluetooth) bt_main_thread expire 1 line
04-22 11:29:26.561  2959  2959 I chatty  : uid=1002(bluetooth) com.android.bluetooth expire 5 lines
04-22 11:29:26.562  2979  3035 W BluetoothEventManager: AclStateChangedHandler: activeDevice is null
04-22 11:29:26.564  2959  3071 D bt_btif_config: btif_get_address_type: Device [48:5c:6b:ba:c5:38] address type 1
04-22 11:29:26.564  2959  3071 D bt_btif_config: btif_get_device_type: Device [48:5c:6b:ba:c5:38] type 2
04-22 11:29:26.565  2959  3615 I bt_stack: [INFO:gatt_api.cc(1105)] GATT_Connectgatt_if=11, address=48:5c:6b:ba:c5:38
04-22 11:29:26.569  1661  1661 I GH.WifiBluetoothRcvr: Connection action: android.bluetooth.device.action.ACL_CONNECTED, device 48:5C:6B:BA:C5:38
04-22 11:29:26.569  2959  3071 D bt_btif_gatt: btapp_gatts_handle_cback: Empty event (16)!
04-22 11:29:26.571  1661  1661 I GH.WifiBluetoothRcvr: Wireless projection is available on this phone.
04-22 11:29:26.607 14012 14111 I BistoWorker: bluetoothConnectionStateChanged. Action: android.bluetooth.device.action.ACL_CONNECTED
04-22 11:29:26.612 14012 14111 I DeviceDetector: Not bonded or not refresh cache.
04-22 11:29:26.844  2959  3615 I bt_stack: [INFO:gatt_api.cc(632)] GATTC_Discover conn_id=0x020c, disc_type=3, s_handle=0x0001, e_handle=0x0003
04-22 11:29:26.942  3529  6321 I chatty  : uid=10145(com.google.android.gms) NearbyDiscovery expire 3 lines
04-22 11:29:26.942  2959  3615 I bt_stack: [INFO:gatt_api.cc(632)] GATTC_Discover conn_id=0x020c, disc_type=4, s_handle=0x0001, e_handle=0x0003
04-22 11:29:27.048  4561  4561 I A       : Receiving sys ui event of type com.google.android.apps.googlequicksearchbox.nga.ON_KEYBOARD_SHOWING_CHANGED.
04-22 11:29:27.051 19609 20370 I chatty  : uid=10200(com.google.android.inputmethod.latin) ExUtils-F-P11-1 expire 1 line
04-22 11:29:27.084  1058  2949 I WifiHAL : event received NL80211_CMD_VENDOR, vendor_id = 0x1374, subcmd = 0xd
04-22 11:29:27.099 19609 20371 I chatty  : uid=10200(com.google.android.inputmethod.latin) ExUtils-F-P11-1 expire 1 line
04-22 11:29:27.146  2959  3615 I bt_stack: [INFO:gatt_api.cc(632)] GATTC_Discover conn_id=0x020c, disc_type=3, s_handle=0x0014, e_handle=0x001a
04-22 11:29:27.161  2959  3615 I bt_stack: [INFO:gatt_api.cc(632)] GATTC_Discover conn_id=0x020c, disc_type=4, s_handle=0x0014, e_handle=0x001a
04-22 11:29:27.213  2959  3615 I bt_stack: [INFO:gatt_api.cc(632)] GATTC_Discover conn_id=0x020c, disc_type=3, s_handle=0x0028, e_handle=0x002d
04-22 11:29:27.236  2959  3615 I bt_stack: [INFO:gatt_api.cc(632)] GATTC_Discover conn_id=0x020c, disc_type=4, s_handle=0x0028, e_handle=0x002d
04-22 11:29:27.303  2959  3615 I bt_stack: [INFO:gatt_api.cc(632)] GATTC_Discover conn_id=0x020c, disc_type=5, s_handle=0x002b, e_handle=0x002b
04-22 11:29:27.318  2959  3615 I bt_stack: [INFO:gatt_api.cc(632)] GATTC_Discover conn_id=0x020c, disc_type=3, s_handle=0x002e, e_handle=0xffff
04-22 11:29:27.341  2959  3615 I bt_stack: [INFO:gatt_api.cc(632)] GATTC_Discover conn_id=0x020c, disc_type=4, s_handle=0x002e, e_handle=0xffff
04-22 11:29:27.446  2959  3615 I bt_stack: [INFO:gatt_api.cc(632)] GATTC_Discover conn_id=0x020c, disc_type=5, s_handle=0x0039, e_handle=0xffff
04-22 11:29:27.461  2959  3615 I bt_stack: [INFO:bta_gattc_cache.cc(178)] bta_gattc_explore_srvc_finished: service discovery finished
04-22 11:29:27.463  2959  3071 E bt_btif_gattc: btif_gattc_upstreams_evt: Unhandled event (8)!
04-22 11:29:27.473  2959  3071 D bt_bta_gattc: bta_gattc_get_gatt_db
04-22 11:29:27.501  1047  1286 D VSC     : @ 108077.818: [WO] isFlat() nearest_rotation: 4, flat_angle: 65
04-22 11:29:27.501  1047  1286 D VSC     : @ 108077.818: [WO] orientation angle 323, orientation 4
04-22 11:29:27.501  1047  1286 D VSC     : @ 108077.818: [WO] rejected by isOrientationAngleAcceptable
04-22 11:29:27.866  1635  3043 I WifiService: enableTdls uid=10145 enable=true
04-22 11:29:27.871  1635  3107 I WifiService: enableTdlsWithMacAddress uid=1000 enable=true
04-22 11:29:27.999  2959  3615 I bt_stack: [INFO:gatt_api.cc(1219)] GATT_Disconnect conn_id=0x020c
04-22 11:29:27.999  2959  3615 E bt_stack: [ERROR:bta_gattc_utils.cc(433)] bta_gattc_mark_bg_conn unable to find the bg connection mask for bd_addr=48:5c:6b:ba:c5:38
04-22 11:29:28.007  2959 26759 D BluetoothAdapterService: startDiscovery
04-22 11:29:28.009  2959  3615 W bt_btif : bta_dm_check_av:2
04-22 11:29:28.009  2959  3615 W bt_btif : [0]: state:1, info:x0, avoid_rs 1
04-22 11:29:28.009  2959  3615 W bt_btif : [1]: state:1, info:x0, avoid_rs 1
04-22 11:29:28.009  2959  3615 W bt_btif : [2]: state:1, info:x0, avoid_rs 1
04-22 11:29:28.011  2959  3615 E bt_btif : bte_scan_filt_param_cfg_evt, 23
04-22 11:29:28.013  2959  3615 I bt_stack: [INFO:gatt_api.cc(947)] GATT_Register b2e39de4-3aaa-30d4-8cc3-ee0a27286afa
04-22 11:29:28.013  2959  3615 I bt_stack: [INFO:gatt_api.cc(967)] allocated gatt_if=12
04-22 11:29:28.043  2959  3071 D bt_btif_config: btif_get_device_type: Device [48:5c:6b:ba:c5:38] type 2
04-22 11:29:28.085  2959  3071 D bt_btif_config: btif_get_device_type: Device [60:3a:7e:d5:56:f1] type 2
04-22 11:29:28.490 20242 20242 D connectedcrossroad: onConnectionInitiated: Accepting connection
04-22 11:29:28.884  2959  3071 D bt_btif_config: btif_get_device_type: Device [cc:0d:f2:75:2d:60] type 1
04-22 11:29:28.906 20242 20242 D connectedcrossroad: onEndpointFound: Connecting to YgFa
04-22 11:29:28.908 20242 20330 I nectedcrossroa: oneway function results will be dropped but finished with status UNKNOWN_TRANSACTION and parcel size 0
04-22 11:29:29.090  1058  2949 I WifiHAL : event received NL80211_CMD_VENDOR, vendor_id = 0x1374, subcmd = 0xd
04-22 11:29:29.368  2959  3071 D bt_btif_config: btif_get_device_type: Device [cc:0d:f2:9b:b3:3e] type 1
04-22 11:29:29.388 20242 20242 D connectedcrossroad: onEndpointFound: Connecting to I53p
04-22 11:29:29.389 20242 20330 I nectedcrossroa: oneway function results will be dropped but finished with status UNKNOWN_TRANSACTION and parcel size 0
04-22 11:29:29.550  1016  1020 E statsd  : Predicate 5980654721335871649 dropping data for dimension key (10)0x2010101->10145[I] (10)0x30000->CastSocketMultiplexer_WakeLock[S] 
04-22 11:29:29.645  1016  1020 E statsd  : Predicate 5980654721335871649 dropping data for dimension key (10)0x2010101->10145[I] (10)0x30000->CastSocketMultiplexer_WakeLock[S] 
04-22 11:29:29.645  1016  1020 E statsd  : Predicate 5980654721335871649 dropping data for dimension key (10)0x2010101->10145[I] (10)0x30000->CastDeviceController-com.google.android.gms[S] 
04-22 11:29:29.647  1016  1020 E statsd  : Predicate 5980654721335871649 dropping data for dimension key (10)0x2010101->10145[I] (10)0x30000->CastDeviceController-com.google.android.gms[S] 
04-22 11:29:29.793 20242 20242 D connectedcrossroad: onEndpointFound: Connecting to Q1bX
04-22 11:29:29.793 20242 20330 I nectedcrossroa: oneway function results will be dropped but finished with status UNKNOWN_TRANSACTION and parcel size 0
04-22 11:29:30.033  1057  1057 W radioext@1.0-se: type=1400 audit(0.0:10264): avc: denied { search } for name="radio" dev="dm-8" ino=174 scontext=u:r:hal_radioext_default:s0 tcontext=u:object_r:radio_vendor_data_file:s0 tclass=dir permissive=0
04-22 11:29:30.036  3258  3258 D GRIL-S  : [6654]> UPDATE_REGULATORY_DOMAIN
04-22 11:29:30.038  3258  4164 D GRIL-S  : [6654]< UPDATE_REGULATORY_DOMAIN 
04-22 11:29:30.298  2959 26759 D BluetoothAdapterService: cancelDiscovery
04-22 11:29:30.321  2959  3615 I bt_stack: [INFO:gatt_api.cc(947)] GATT_Register bbb38690-b307-9ff0-d341-1f3b01a936fb
04-22 11:29:30.321  2959  3615 I bt_stack: [INFO:gatt_api.cc(967)] allocated gatt_if=12
04-22 11:29:30.327  2959  3071 D bt_btif_config: btif_get_address_type: Device [5a:dc:e3:11:db:30] address type 1
04-22 11:29:30.327  2959  3071 D bt_btif_config: btif_get_device_type: Device [5a:dc:e3:11:db:30] type 2
04-22 11:29:30.327  2959  3615 I bt_stack: [INFO:gatt_api.cc(1105)] GATT_Connectgatt_if=12, address=5a:dc:e3:11:db:30
04-22 11:29:30.328  2959  3615 I bt_stack: [INFO:btm_ble_bgconn.cc(215)] btm_add_dev_to_controller addig RPA into white list
04-22 11:29:30.567  1047  1286 I CHRE    : @ 108080.884: [AR] inconsistent: 41.176471
04-22 11:29:30.702  3529 20374 I chatty  : uid=10145 com.google.android.gms.persistent expire 6 lines
04-22 11:29:30.708  3529 20375 I chatty  : uid=10145 com.google.android.gms.persistent expire 8 lines
04-22 11:29:31.094  1058  2949 I WifiHAL : event received NL80211_CMD_VENDOR, vendor_id = 0x1374, subcmd = 0xd
04-22 11:29:31.319  2959  3615 I bt_stack: [INFO:btm_ble_connection_establishment.cc(167)] btm_ble_conn_complete: unable to match and resolve random address
04-22 11:29:31.320  2959  3615 I bt_stack: [INFO:btm_ble_bgconn.cc(228)] btm_add_dev_to_controller removing RPA from white list
04-22 11:29:31.531  2959  3615 W bt_btif : bta_dm_acl_change info: 0x0
04-22 11:29:31.532  2959  3615 E bt_stack: [ERROR:bta_gattc_cache.cc(717)] bta_gattc_cache_load: can't open GATT cache file /data/misc/bluetooth/gatt_cache_5adce311db30 for reading, error: No such file or directory
04-22 11:29:31.532  2959  3071 D bt_btif_dm: remote version info [5a:dc:e3:11:db:30]: 0, 0, 0
04-22 11:29:31.532  2959  3615 I bt_stack: [INFO:gatt_api.cc(632)] GATTC_Discover conn_id=0x030c, disc_type=1, s_handle=0x0001, e_handle=0xffff
04-22 11:29:31.541  2959  2959 E BluetoothPhonePolicy: Received unexpected intent, action=android.bluetooth.device.action.ACL_CONNECTED
04-22 11:29:31.542  2959  2959 I BluetoothPhonePolicy: processDeviceConnected, device=5A:DC:E3:11:DB:30
04-22 11:29:31.542  2979  3035 W BluetoothEventManager: AclStateChangedHandler: activeDevice is null
04-22 11:29:31.542  2959  2959 D BluetoothDatabase: setConnection: device=5A:DC:E3:11:DB:30 and isA2dpDevice=false
04-22 11:29:31.542  2959  2959 D BluetoothDatabase: setConnection: Creating new metadata entry for device: 5A:DC:E3:11:DB:30
04-22 11:29:31.542  2959  2959 D BluetoothDatabase: updateDatabase 5A:DC:E3:11:DB:30
04-22 11:29:31.547  2959  3071 D bt_btif_config: btif_get_address_type: Device [5a:dc:e3:11:db:30] address type 1
04-22 11:29:31.547  2959  3071 D bt_btif_config: btif_get_device_type: Device [5a:dc:e3:11:db:30] type 2
04-22 11:29:31.547  2959  3615 I bt_stack: [INFO:gatt_api.cc(1105)] GATT_Connectgatt_if=11, address=5a:dc:e3:11:db:30
04-22 11:29:31.551  1661  1661 I GH.WifiBluetoothRcvr: Connection action: android.bluetooth.device.action.ACL_CONNECTED, device 5A:DC:E3:11:DB:30
04-22 11:29:31.552  2959  3071 D bt_btif_gatt: btapp_gatts_handle_cback: Empty event (16)!
04-22 11:29:31.553  1661  1661 I GH.WifiBluetoothRcvr: Wireless projection is available on this phone.
04-22 11:29:31.580  3529 20358 I chatty  : uid=10145 com.google.android.gms.persistent expire 1 line
04-22 11:29:31.585 14012 14111 I BistoWorker: bluetoothConnectionStateChanged. Action: android.bluetooth.device.action.ACL_CONNECTED
04-22 11:29:31.588 14012 14111 I DeviceDetector: Not bonded or not refresh cache.
04-22 11:29:32.207  2959  3615 I bt_stack: [INFO:gatt_api.cc(632)] GATTC_Discover conn_id=0x030c, disc_type=3, s_handle=0x0001, e_handle=0x0003
04-22 11:29:32.284  2959  3615 I bt_stack: [INFO:gatt_api.cc(632)] GATTC_Discover conn_id=0x030c, disc_type=4, s_handle=0x0001, e_handle=0x0003
04-22 11:29:32.351  2959  3615 I bt_stack: [INFO:gatt_api.cc(632)] GATTC_Discover conn_id=0x030c, disc_type=3, s_handle=0x0014, e_handle=0x001a
04-22 11:29:32.385  2959  3615 I bt_stack: [INFO:gatt_api.cc(632)] GATTC_Discover conn_id=0x030c, disc_type=4, s_handle=0x0014, e_handle=0x001a
04-22 11:29:32.442  2959  3615 I bt_stack: [INFO:gatt_api.cc(632)] GATTC_Discover conn_id=0x030c, disc_type=3, s_handle=0x0028, e_handle=0x002d
04-22 11:29:32.456  2959  3615 I bt_stack: [INFO:gatt_api.cc(632)] GATTC_Discover conn_id=0x030c, disc_type=4, s_handle=0x0028, e_handle=0x002d
04-22 11:29:32.592  2959  3615 I bt_stack: [INFO:gatt_api.cc(632)] GATTC_Discover conn_id=0x030c, disc_type=5, s_handle=0x002b, e_handle=0x002b
04-22 11:29:32.614  2959  3615 I bt_stack: [INFO:gatt_api.cc(632)] GATTC_Discover conn_id=0x030c, disc_type=3, s_handle=0x002e, e_handle=0xffff
04-22 11:29:32.644  2959  3615 I bt_stack: [INFO:gatt_api.cc(632)] GATTC_Discover conn_id=0x030c, disc_type=4, s_handle=0x002e, e_handle=0xffff
04-22 11:29:32.865  2959  3615 I bt_stack: [INFO:gatt_api.cc(632)] GATTC_Discover conn_id=0x030c, disc_type=5, s_handle=0x0039, e_handle=0xffff
04-22 11:29:32.933  2959  3615 I bt_stack: [INFO:bta_gattc_cache.cc(178)] bta_gattc_explore_srvc_finished: service discovery finished
04-22 11:29:32.935  2959  3071 E bt_btif_gattc: btif_gattc_upstreams_evt: Unhandled event (8)!
04-22 11:29:32.940  2959  3071 D bt_bta_gattc: bta_gattc_get_gatt_db
04-22 11:29:33.099  1058  2949 I WifiHAL : event received NL80211_CMD_VENDOR, vendor_id = 0x1374, subcmd = 0xd
04-22 11:29:33.672  2959  3615 I bt_stack: [INFO:gatt_api.cc(1219)] GATT_Disconnect conn_id=0x030c
04-22 11:29:33.672  2959  3615 E bt_stack: [ERROR:bta_gattc_utils.cc(433)] bta_gattc_mark_bg_conn unable to find the bg connection mask for bd_addr=5a:dc:e3:11:db:30
04-22 11:29:33.679  2959 26759 D BluetoothAdapterService: startDiscovery
04-22 11:29:33.681  2959  3615 W bt_btif : bta_dm_check_av:2
04-22 11:29:33.681  2959  3615 W bt_btif : [0]: state:1, info:x0, avoid_rs 1
04-22 11:29:33.681  2959  3615 W bt_btif : [1]: state:1, info:x0, avoid_rs 1
04-22 11:29:33.681  2959  3615 W bt_btif : [2]: state:1, info:x0, avoid_rs 1
04-22 11:29:33.681  2959  3615 W bt_btif : [3]: state:1, info:x0, avoid_rs 1
04-22 11:29:33.684  2959  3615 E bt_btif : bte_scan_filt_param_cfg_evt, 23
04-22 11:29:33.686  2959  3615 I bt_stack: [INFO:gatt_api.cc(947)] GATT_Register 9c72f713-ee36-1469-4385-48ed71d1a64e
04-22 11:29:33.686  2959  3615 I bt_stack: [INFO:gatt_api.cc(967)] allocated gatt_if=12
04-22 11:29:30.682  1635  2891 I chatty  : uid=1000(system) ConnectivitySer identical 2 lines
04-22 11:29:33.699  1635  2891 D ConnectivityService: NetReassign [no changes]
04-22 11:29:33.707  1635  2884 W NetworkPolicy: shared quota unsupported; generating rule for each iface
04-22 11:29:33.707 20242 20242 D connectedcrossroad: onEndpointLost: I53p
04-22 11:29:33.775  1047  1286 I CHRE    : @ 108084.092: [AR] still: 43.921569
04-22 11:29:33.910  1047  1286 D VSC     : @ 108084.225: [Step Counter] Request motion_detect, interval 18446744027136.0 ms, latency 0.0 ms
04-22 11:29:33.910  1047  1286 D VSC     : @ 108084.226: [Step Counter] Stop accel
04-22 11:29:34.187  2959  3071 D bt_btif_config: btif_get_device_type: Device [cc:0d:f2:5a:3b:e4] type 1
04-22 11:29:34.651  2959  3071 D bt_btif_config: btif_get_device_type: Device [cc:0d:f2:75:2d:ba] type 1
04-22 11:29:35.079  3258  3258 D GRIL-S  : [6655]> UPDATE_REGULATORY_DOMAIN
04-22 11:29:35.077  1057  1057 W radioext@1.0-se: type=1400 audit(0.0:10265): avc: denied { search } for name="radio" dev="dm-8" ino=174 scontext=u:r:hal_radioext_default:s0 tcontext=u:object_r:radio_vendor_data_file:s0 tclass=dir permissive=0
04-22 11:29:35.084  3258  4164 D GRIL-S  : [6655]< UPDATE_REGULATORY_DOMAIN 
04-22 11:29:35.107  1058  2949 I WifiHAL : event received NL80211_CMD_VENDOR, vendor_id = 0x1374, subcmd = 0xd
04-22 11:29:35.560  1016  1020 E statsd  : Predicate 5980654721335871649 dropping data for dimension key (10)0x2010101->10145[I] (10)0x30000->CastSocketMultiplexer_WakeLock[S] 
04-22 11:29:35.572  1016  1020 E statsd  : Predicate 5980654721335871649 dropping data for dimension key (10)0x2010101->10145[I] (10)0x30000->CastSocketMultiplexer_WakeLock[S] 
04-22 11:29:35.574  1016  1020 E statsd  : Predicate 5980654721335871649 dropping data for dimension key (10)0x2010101->10145[I] (10)0x30000->CastDeviceController-com.google.android.gms[S] 
04-22 11:29:35.577  1016  1020 E statsd  : Predicate 5980654721335871649 dropping data for dimension key (10)0x2010101->10145[I] (10)0x30000->CastDeviceController-com.google.android.gms[S] 
04-22 11:29:35.926  4451  4451 I chatty  : uid=10324(com.jaga.ibraceletplus.smartwristband3) expire 26 lines
04-22 11:29:36.198  2959  3071 D bt_btif_config: btif_get_device_type: Device [5a:dc:e3:11:db:30] type 2
04-22 11:29:36.206  2959  3071 D bt_btif_config: btif_get_device_type: Device [48:5c:6b:ba:c5:38] type 2
04-22 11:29:36.248  2959  3071 D bt_btif_config: btif_get_device_type: Device [60:3a:7e:d5:56:f1] type 2
04-22 11:29:36.259  3529 20356 I chatty  : uid=10145 com.google.android.gms.persistent expire 33 lines
04-22 11:29:36.715  1635  2891 D ConnectivityService: NetReassign [no changes]
04-22 11:29:37.108  1058  2949 I WifiHAL : event received NL80211_CMD_VENDOR, vendor_id = 0x1374, subcmd = 0xd
04-22 11:29:37.133  3529 20359 I chatty  : uid=10145 com.google.android.gms.persistent expire 30 lines
04-22 11:29:37.148 20242 20242 D connectedcrossroad: onConnectionInitiated: Accepting connection
04-22 11:29:37.149  3529 20006 I chatty  : uid=10145(com.google.android.gms) highpool[359] expire 22 lines
04-22 11:29:37.162  1635  9190 I WifiService: enableTdls uid=10145 enable=true
04-22 11:29:37.165  1635  3107 I WifiService: enableTdlsWithMacAddress uid=1000 enable=true
04-22 11:29:37.535 20242 20242 D connectedcrossroad: data collect: burst start
04-22 11:29:37.535 20242 20242 V data    : Payload RX: 0
04-22 11:29:37.536 20242 20242 V data    : Payload TX: 0
04-22 11:29:37.536 20242 20242 V data    : Total RX: 0
04-22 11:29:37.536 20242 20242 V data    : Total TX: 0
04-22 11:29:37.536 20242 20242 D connectedcrossroad: sendMessage: Sent message
04-22 11:29:37.540  1635  9190 I system_server: oneway function results will be dropped but finished with status OK and parcel size 4
04-22 11:29:37.540 14602 14896 D audio_route: Apply path: speaker
04-22 11:29:37.540 14602 14896 D audio_hw_primary: enable_snd_device: snd_device(104: vi-feedback)
04-22 11:29:37.540 14602 14896 D audio_route: Apply path: vi-feedback
04-22 11:29:37.540 14602 14896 E audio_hw_utils: audio_extn_utils_send_app_type_cfg: Failed to derive app_type for uc type : 0x1
04-22 11:29:37.540 14602 14896 D ACDB-LOADER: ACDB -> send_audio_cal, acdb_id = 512, path = 1, app id = 0x11132, sample rate = 48000
04-22 11:29:37.540 14602 14896 D ACDB-LOADER: ACDB -> send_asm_topology
04-22 11:29:37.540 14602 14896 D ACDB-LOADER: ACDB -> ACDB_CMD_GET_AUDPROC_STREAM_TOPOLOGY_ID
04-22 11:29:37.541 14602 14896 D ACDB-LOADER: ACDB -> send_adm_topology
04-22 11:29:37.541 14602 14896 D ACDB-LOADER: ACDB -> ACDB_CMD_GET_AUDPROC_COMMON_TOPOLOGY_ID
04-22 11:29:37.541 14602 14896 D ACDB-LOADER: ACDB -> send_audtable
04-22 11:29:37.541 14602 14896 D ACDB-LOADER: ACDB -> ACDB_CMD_GET_AUDPROC_COMMON_TABLE_SIZE
04-22 11:29:37.541 14602 14896 D ACDB-LOADER: ACDB -> ACDB_CMD_GET_AUDPROC_COMMON_TABLE
04-22 11:29:37.541 14602 14896 D ACDB-LOADER: ACDB -> AUDIO_SET_AUDPROC_CAL
04-22 11:29:37.541 14602 14896 D ACDB-LOADER: ACDB -> send_audvoltable
04-22 11:29:37.541 14602 14896 D ACDB-LOADER: ACDB -> ACDB_CMD_GET_AUDPROC_VOL_STEP_TABLE_SIZE
04-22 11:29:37.541 14602 14896 D ACDB-LOADER: ACDB -> ACDB_CMD_GET_AUDPROC_GAIN_DEP_STEP_TABLE, vol index 0
04-22 11:29:37.541 14602 14896 D android.hardware.audio.service: Failed to fetch the lookup information of the device 00000200 
04-22 11:29:37.541 14602 14896 E ACDB-LOADER: Error: ACDB AudProc vol returned = -19
04-22 11:29:37.541 14602 14896 D ACDB-LOADER: ACDB -> AUDIO_SET_VOL_CAL cal type = 12
04-22 11:29:37.541 14602 14896 D ACDB-LOADER: ACDB -> ACDB_CMD_GET_AUDPROC_STREAM_TABLE_SIZE
04-22 11:29:37.541 14602 14896 D ACDB-LOADER: ACDB -> send_audstrmtable
04-22 11:29:37.541 14602 14896 D ACDB-LOADER: ACDB -> ACDB_CMD_GET_AUDPROC_STREAM_TABLE_V2
04-22 11:29:37.541 14602 14896 D ACDB-LOADER: ACDB -> audstrm_cal->cal_type.cal_data.cal_size = 16
04-22 11:29:37.541 14602 14896 D ACDB-LOADER: ACDB -> send_afe_topology
04-22 11:29:37.541 14602 14896 D ACDB-LOADER: ACDB -> ACDB_CMD_GET_AFE_TOPOLOGY_ID
04-22 11:29:37.541 14602 14896 D ACDB-LOADER: ACDB -> GET_AFE_TOPOLOGY_ID for adcd_id 512, Topology Id 10001ccc
04-22 11:29:37.541 14602 14896 D ACDB-LOADER: ACDB -> send_afe_cal
04-22 11:29:37.541 14602 14896 D ACDB-LOADER: ACDB -> ACDB_CMD_GET_AFE_COMMON_TABLE_SIZE
04-22 11:29:37.541 14602 14896 D ACDB-LOADER: ACDB -> ACDB_CMD_GET_AFE_COMMON_TABLE
04-22 11:29:37.541 14602 14896 D ACDB-LOADER: ACDB -> AUDIO_SET_AFE_CAL
04-22 11:29:37.541  1635  9190 I system_server: oneway function results will be dropped but finished with status OK and parcel size 4
04-22 11:29:37.541 14602 14896 D ACDB-LOADER: ACDB -> send_hw_delay : acdb_id = 512 path = 1
04-22 11:29:37.541 14602 14896 D ACDB-LOADER: ACDB -> ACDB_AVSYNC_INFO: ACDB_CMD_GET_DEVICE_PROPERTY
04-22 11:29:37.541 14602 14896 D audio_hw_primary: enable_audio_route: usecase(25) apply and update mixer path: spkr-vi-record vi-feedback
04-22 11:29:37.541 14602 14896 D audio_route: Apply path: spkr-vi-record vi-feedback
04-22 11:29:37.574 14602 14896 D ACDB-LOADER: ACDB -> send_audio_cal, acdb_id = 513, path = 0, app id = 0x11130, sample rate = 48000
04-22 11:29:37.574 14602 14896 D ACDB-LOADER: ACDB -> send_asm_topology
04-22 11:29:37.574 14602 14896 D ACDB-LOADER: ACDB -> ACDB_CMD_GET_AUDPROC_STREAM_TOPOLOGY_ID
04-22 11:29:37.574 14602 14896 D ACDB-LOADER: ACDB -> send_adm_topology
04-22 11:29:37.574 14602 14896 D ACDB-LOADER: ACDB -> ACDB_CMD_GET_AUDPROC_COMMON_TOPOLOGY_ID
04-22 11:29:37.574 14602 14896 D ACDB-LOADER: ACDB -> send_audtable
04-22 11:29:37.574 14602 14896 D ACDB-LOADER: ACDB -> ACDB_CMD_GET_AUDPROC_COMMON_TABLE_SIZE
04-22 11:29:37.574 14602 14896 D ACDB-LOADER: ACDB -> ACDB_CMD_GET_AUDPROC_COMMON_TABLE
04-22 11:29:37.574 14602 14896 D ACDB-LOADER: ACDB -> AUDIO_SET_AUDPROC_CAL
04-22 11:29:37.574 14602 14896 D ACDB-LOADER: ACDB -> send_audvoltable
04-22 11:29:37.574 14602 14896 D ACDB-LOADER: ACDB -> ACDB_CMD_GET_AUDPROC_VOL_STEP_TABLE_SIZE
04-22 11:29:37.574 14602 14896 D ACDB-LOADER: ACDB -> ACDB_CMD_GET_AUDPROC_GAIN_DEP_STEP_TABLE, vol index 0
04-22 11:29:37.574 14602 14896 D android.hardware.audio.service: Failed to fetch the lookup information of the device 00000201 
04-22 11:29:37.574 14602 14896 E ACDB-LOADER: Error: ACDB AudProc vol returned = -19
04-22 11:29:37.574 14602 14896 D ACDB-LOADER: ACDB -> AUDIO_SET_VOL_CAL cal type = 12
04-22 11:29:37.575 14602 14896 D ACDB-LOADER: ACDB -> ACDB_CMD_GET_AUDPROC_STREAM_TABLE_SIZE
04-22 11:29:37.575 14602 14896 D ACDB-LOADER: ACDB -> send_audstrmtable
04-22 11:29:37.575 14602 14896 D ACDB-LOADER: ACDB -> ACDB_CMD_GET_AUDPROC_STREAM_TABLE_V2
04-22 11:29:37.575 14602 14896 D ACDB-LOADER: ACDB -> audstrm_cal->cal_type.cal_data.cal_size = 488
04-22 11:29:37.575 14602 14896 D ACDB-LOADER: ACDB -> send_afe_topology
04-22 11:29:37.575 14602 14896 D ACDB-LOADER: ACDB -> ACDB_CMD_GET_AFE_TOPOLOGY_ID
04-22 11:29:37.575 14602 14896 D ACDB-LOADER: ACDB -> GET_AFE_TOPOLOGY_ID for adcd_id 513, Topology Id 10000ccc
04-22 11:29:37.575 14602 14896 D ACDB-LOADER: ACDB -> send_afe_cal
04-22 11:29:37.575 14602 14896 D ACDB-LOADER: ACDB -> ACDB_CMD_GET_AFE_COMMON_TABLE_SIZE
04-22 11:29:37.575 14602 14896 D ACDB-LOADER: ACDB -> ACDB_CMD_GET_AFE_COMMON_TABLE
04-22 11:29:37.575 14602 14896 D ACDB-LOADER: ACDB -> AUDIO_SET_AFE_CAL
04-22 11:29:37.575 14602 14896 D ACDB-LOADER: ACDB -> send_hw_delay : acdb_id = 513 path = 0
04-22 11:29:37.575 14602 14896 D ACDB-LOADER: ACDB -> ACDB_AVSYNC_INFO: ACDB_CMD_GET_DEVICE_PROPERTY
04-22 11:29:37.575 14602 14896 D audio_hw_primary: enable_audio_route: usecase(1) apply and update mixer path: low-latency-playback speaker
04-22 11:29:37.575 14602 14896 D audio_route: Apply path: low-latency-playback speaker
04-22 11:29:37.632 14602 14896 D audio_hw_primary: out_write: retry previous failed cal level set
04-22 11:29:37.773 14601 14613 W APM::AudioPolicyEngine: getDevicesForStrategy() unknown strategy: -1
04-22 11:29:37.773  1635  9190 I system_server: oneway function results will be dropped but finished with status OK and parcel size 4
04-22 11:29:37.884  2959  2975 D BluetoothAdapterService: cancelDiscovery
04-22 11:29:37.887  3529 20394 I chatty  : uid=10145 com.google.android.gms.persistent expire 13 lines
04-22 11:29:37.897  2959  3615 I btm_acl : BTM_SwitchRole: peer 5e:0c:cc:9f:94:a0 new_role=0x0 p_cb=0x0 p_switch_role_cb=0x0
04-22 11:29:38.025 20242 20347 D connectedcrossroad: dataTxThread: Pulled AODV data from queue
04-22 11:29:38.522  3529 20357 I chatty  : uid=10145 com.google.android.gms.persistent expire 10 lines
04-22 11:29:38.527 20242 20347 D connectedcrossroad: dataTxThread: Pulled AODV data from queue
04-22 11:29:38.539 20242 20242 V data    : Payload RX: 0
04-22 11:29:38.539 20242 20242 V data    : Payload TX: 0
04-22 11:29:38.539 20242 20242 V data    : Total RX: 0
04-22 11:29:38.539 20242 20242 V data    : Total TX: 0
04-22 11:29:38.539 20242 20242 D connectedcrossroad: sendMessage: Sent message
04-22 11:29:39.029 20242 20347 D connectedcrossroad: dataTxThread: Pulled AODV data from queue
04-22 11:29:39.029 20242 20347 D connectedcrossroad: dataTxThread: Pulled AODV data from queue
04-22 11:29:39.111  1058  2949 I WifiHAL : event received NL80211_CMD_VENDOR, vendor_id = 0x1374, subcmd = 0xd
04-22 11:29:39.531 20242 20347 D connectedcrossroad: dataTxThread: Pulled AODV data from queue
04-22 11:29:39.531 20242 20347 D connectedcrossroad: dataTxThread: Pulled AODV data from queue
04-22 11:29:39.542 20242 20242 V data    : Payload RX: 0
04-22 11:29:39.542 20242 20242 V data    : Payload TX: 0
04-22 11:29:39.542 20242 20242 V data    : Total RX: 0
04-22 11:29:39.542 20242 20242 V data    : Total TX: 0
04-22 11:29:39.542 20242 20242 D connectedcrossroad: sendMessage: Sent message
04-22 11:29:39.735  1635  2891 D ConnectivityService: NetReassign [no changes]
04-22 11:29:39.978  1635  1775 I ActivityManager: Waited long enough for: ServiceRecord{e1cce0 u0 com.google.android.googlequicksearchbox/com.google.android.apps.gsa.shared.util.keepalive.StandaloneKeepAlive$KeepAliveService}
04-22 11:29:40.033 20242 20347 D connectedcrossroad: dataTxThread: Pulled AODV data from queue
04-22 11:29:40.033 20242 20347 I chatty  : uid=10333(com.google.location.nearby.apps.connectedcrossroad) identical 26 lines
04-22 11:29:40.033 20242 20347 D connectedcrossroad: dataTxThread: Pulled AODV data from queue
04-22 11:29:40.086  3258  3258 D GRIL-S  : [6656]> UPDATE_REGULATORY_DOMAIN
04-22 11:29:40.080  1057  1057 W radioext@1.0-se: type=1400 audit(0.0:10266): avc: denied { search } for name="radio" dev="dm-8" ino=174 scontext=u:r:hal_radioext_default:s0 tcontext=u:object_r:radio_vendor_data_file:s0 tclass=dir permissive=0
04-22 11:29:40.088  3258  4164 D GRIL-S  : [6656]< UPDATE_REGULATORY_DOMAIN 
04-22 11:29:40.534 20242 20347 D connectedcrossroad: dataTxThread: Pulled AODV data from queue
04-22 11:29:40.535 20242 20347 D connectedcrossroad: dataTxThread: Pulled AODV data from queue
04-22 11:29:40.545 20242 20242 V data    : Payload RX: 0
04-22 11:29:40.545 20242 20242 V data    : Payload TX: 0
04-22 11:29:40.545 20242 20242 V data    : Total RX: 0
04-22 11:29:40.546 20242 20242 V data    : Total TX: 0
04-22 11:29:40.546 20242 20242 D connectedcrossroad: sendMessage: Sent message
04-22 11:29:40.803 14602 14606 D audio_hw_primary: disable_audio_route: usecase(1) reset and update mixer path: low-latency-playback speaker
04-22 11:29:40.806 14602 14606 I audio_hw_cirrus_playback: audio_extn_spkr_prot_stop_processing: pcm_tx_close
04-22 11:29:40.816 14602 14606 D audio_hw_primary: disable_audio_route: usecase(25) reset and update mixer path: spkr-vi-record vi-feedback
04-22 11:29:40.816 14602 14606 D audio_hw_primary: disable_snd_device: snd_device(104: vi-feedback)
04-22 11:29:40.820  1635  4599 I system_server: oneway function results will be dropped but finished with status OK and parcel size 4
04-22 11:29:41.037 20242 20347 D connectedcrossroad: dataTxThread: Pulled AODV data from queue
04-22 11:29:41.037 20242 20347 D connectedcrossroad: dataTxThread: Pulled AODV data from queue
04-22 11:29:41.048  4262  4262 D CounterService: onReceive steptracker.healthandfitness.walkingtracker.pedometer.BROADCAST_NOTIFY_STATUS
04-22 11:29:41.120  1058  2949 I WifiHAL : event received NL80211_CMD_VENDOR, vendor_id = 0x1374, subcmd = 0xd
04-22 11:29:41.540 20242 20347 D connectedcrossroad: dataTxThread: Pulled AODV data from queue
04-22 11:29:41.541 20242 20347 D connectedcrossroad: dataTxThread: Pulled AODV data from queue
04-22 11:29:41.548 20242 20242 V data    : Payload RX: 0
04-22 11:29:41.548 20242 20242 V data    : Payload TX: 0
04-22 11:29:41.548 20242 20242 V data    : Total RX: 0
04-22 11:29:41.549 20242 20242 V data    : Total TX: 0
04-22 11:29:41.549 20242 20242 D connectedcrossroad: sendMessage: Sent message
04-22 11:29:41.560  1016  1020 E statsd  : Predicate 5980654721335871649 dropping data for dimension key (10)0x2010101->10145[I] (10)0x30000->CastSocketMultiplexer_WakeLock[S] 
04-22 11:29:41.702  1016  1020 E statsd  : Predicate 5980654721335871649 dropping data for dimension key (10)0x2010101->10145[I] (10)0x30000->CastSocketMultiplexer_WakeLock[S] 
04-22 11:29:41.703  1016  1020 E statsd  : Predicate 5980654721335871649 dropping data for dimension key (10)0x2010101->10145[I] (10)0x30000->CastDeviceController-com.google.android.gms[S] 
04-22 11:29:41.707  1016  1020 E statsd  : Predicate 5980654721335871649 dropping data for dimension key (10)0x2010101->10145[I] (10)0x30000->CastDeviceController-com.google.android.gms[S] 
04-22 11:29:42.043 20242 20347 D connectedcrossroad: dataTxThread: Pulled AODV data from queue
04-22 11:29:42.546 20242 20347 D connectedcrossroad: dataTxThread: Pulled AODV data from queue
04-22 11:29:42.550 20242 20242 D connectedcrossroad: data collect: burst end
04-22 11:29:42.553 20242 20242 I Choreographer: Skipped 300 frames!  The application may be doing too much work on its main thread.
04-22 11:29:42.561 20242 20242 D connectedcrossroad: onConnectionInitiated: Accepting connection
04-22 11:29:42.562 20242 20242 D connectedcrossroad: onEndpointFound: Connection request failure 8003: STATUS_ALREADY_CONNECTED_TO_ENDPOINT
04-22 11:29:42.563 20242 20242 I connectedcrossroad: onConnectionResult: Connection successful
04-22 11:29:42.564 20242 20242 D connectedcrossroad: onConnectionResult: Neighbor added: 8NOP
04-22 11:29:42.565 20242 20290 I OpenGLRenderer: Davey! duration=5017ms; Flags=0, IntendedVsync=42147108651015, Vsync=42152108650815, OldestInputEvent=9223372036854775807, NewestInputEvent=0, HandleInputStart=42152116093931, AnimationStart=42152116099972, PerformTraversalsStart=42152116640754, DrawStart=42152117464347, SyncQueued=42152119792212, SyncStart=42152121269452, IssueDrawCommandsStart=42152121539035, SwapBuffers=42152125728515, FrameCompleted=42152127200078, DequeueBufferDuration=1113958, QueueBufferDuration=595573, GpuCompleted=42131222965391, 
04-22 11:29:42.759  1635  2891 D ConnectivityService: NetReassign [no changes]
04-22 11:29:43.048 20242 20347 D connectedcrossroad: dataTxThread: Pulled AODV data from queue
04-22 11:29:43.048 20242 20347 D connectedcrossroad: dataTxThread: Pulled AODV data from queue
04-22 11:29:43.054  2959  3615 I bt_stack: [INFO:btsnoop.cc(323)] clear_l2cap_whitelist: Clearing whitelist from l2cap channel. conn_handle=2 cid=71:4
04-22 11:29:43.054  2959  3615 W bt_sdp  : SDP - Rcvd conn cnf with error: 0x4  CID 0x47
04-22 11:29:43.055  2959  3626 E bt_btif_sock_rfcomm: find_rfc_slot_by_id unable to find RFCOMM slot id: 74
04-22 11:29:43.121  1058  2949 I WifiHAL : event received NL80211_CMD_VENDOR, vendor_id = 0x1374, subcmd = 0xd
04-22 11:29:43.296 20242 20352 V connectedcrossroad: Data collect: RREQ
04-22 11:29:43.296 20242 20352 D connectedcrossroad: Data collect: SEND
04-22 11:29:43.301 20242 20352 V data    : Payload RX: 0
04-22 11:29:43.301 20242 20352 V data    : Payload TX: 0
04-22 11:29:43.301 20242 20352 V data    : Total RX: 1236
04-22 11:29:43.301 20242 20352 V data    : Total TX: 612
04-22 11:29:43.302 20242 20352 V connectedcrossroad: Data collect: RREQ
04-22 11:29:43.302 20242 20352 D connectedcrossroad: Data collect: SEND
04-22 11:29:43.304 20242 20352 V data    : Payload RX: 0
04-22 11:29:43.304 20242 20352 V data    : Payload TX: 0
04-22 11:29:43.304 20242 20352 V data    : Total RX: 1236
04-22 11:29:43.304 20242 20352 V data    : Total TX: 1224
04-22 11:29:43.396  2959  3615 I bt_stack: [INFO:btm_ble_connection_establishment.cc(167)] btm_ble_conn_complete: unable to match and resolve random address
