04-22 11:27:48.962   833 12353 E WifiHAL : Received fatal event, sending alert
04-22 11:27:48.963  1749  2379 W WifiVendorHal: onDebugErrorAlert 4104
04-22 11:27:49.025 13385 13454 D connectedcrossroad: Data collect: SEND
04-22 11:27:49.026 13385 13454 I chatty  : uid=10216(com.google.location.nearby.apps.connectedcrossroad) identical 22 lines
04-22 11:27:49.031 21460 13596 I chatty  : uid=10158 com.google.android.gms.persistent expire 34 lines
04-22 11:27:49.237  1749  1763 I system_server: Background concurrent copying GC freed 54141(4054KB) AllocSpace objects, 16(15MB) LOS objects, 42% free, 21MB/38MB, paused 134us total 166.654ms
04-22 11:27:50.043 13385 13459 I chatty  : uid=10216(com.google.location.nearby.apps.connectedcrossroad) expire 79 lines
04-22 11:27:50.062  2294  2588 I chatty  : uid=1002(bluetooth) BluetoothScanMa expire 47 lines
04-22 11:27:50.164 29193 29230 I Finsky  : [2848] pjq.run(3): Stats for Executor: BlockingExecutor plw@1985378[Running, pool size = 2, active threads = 0, queued tasks = 0, completed tasks = 458]
04-22 11:27:50.165 29193 29230 I Finsky  : [2848] pjq.run(3): Stats for Executor: LightweightExecutor plw@e1a4a51[Running, pool size = 4, active threads = 0, queued tasks = 0, completed tasks = 377]
04-22 11:27:50.273 29193 29230 I Finsky  : [2848] pjq.run(3): Stats for Executor: bgExecutor plw@f7c82b6[Running, pool size = 4, active threads = 0, queued tasks = 0, completed tasks = 743]
04-22 11:27:50.998   729   729 D Zygote  : Forked child process 13599
04-22 11:27:51.002  1749  1782 I ActivityManager: Start proc 13599:com.google.android.setupwizard/u0a128 for service {com.google.android.setupwizard/com.google.android.setupwizard.deferred.DeferredSetupScheduler}
04-22 11:27:51.024 13599 13599 E oid.setupwizar: Not starting debugger since process cannot load the jdwp agent.
04-22 11:27:51.077 13599 13599 I oid.setupwizar: The ClassLoaderContext is a special shared library.
04-22 11:27:51.092 13599 13599 I oid.setupwizar: The ClassLoaderContext is a special shared library.
04-22 11:27:51.098  1749 11470 D WificondControl: Scan result ready event
04-22 11:27:51.142 13599 13599 I SetupWizard: [bbx] Start loading FRP status
04-22 11:27:51.207 13599 13599 I SetupWizard: [bbx] frpStatus=supported=true challengeRequired=false duration=59ms
04-22 11:27:51.239 24881 24881 I chatty  : uid=10158(com.google.android.gms) expire 12 lines
04-22 11:27:51.332 13599 13599 I SetupWizard: [DeferredSetupNotificationSchedulerService] Deferred notification scheduled at Wed Apr 21 09:00:00 EDT 2021
04-22 11:27:51.452  1749 11470 I ActivityManager: Killing 12207:com.google.process.gapps/u0a158 (adj 975): empty #17
04-22 11:27:51.458  2313  2313 W View    : requestLayout() improperly called by com.android.systemui.statusbar.HeadsUpStatusBarView{e5b882e I.E...... ......ID 0,0-248,56 #7f0a01f7 app:id/heads_up_status_bar_view} during layout: running second layout pass
04-22 11:27:51.507  1749 11470 D ActivityManager: makeInactive, ProcessRecord{5861e9b 12207:com.google.process.gapps/u0a158}, clear holder.state
04-22 11:27:51.508   729   729 I Zygote  : Process 12207 exited due to signal 9 (Killed)
04-22 11:27:51.508  1749  1783 I libprocessgroup: Successfully killed process cgroup uid 10158 pid 12207 in 54ms
04-22 11:27:51.575  2313  2313 W View    : requestLayout() improperly called by com.android.systemui.statusbar.HeadsUpStatusBarView{e5b882e I.E...... ......ID 0,0-248,56 #7f0a01f7 app:id/heads_up_status_bar_view} during layout: running second layout pass
04-22 11:27:51.596  2313  2313 W View    : requestLayout() improperly called by com.android.systemui.statusbar.HeadsUpStatusBarView{e5b882e I.E...... ......ID 0,0-248,56 #7f0a01f7 app:id/heads_up_status_bar_view} during layout: running second layout pass
04-22 11:27:51.613  2313  2313 W View    : requestLayout() improperly called by com.android.systemui.statusbar.HeadsUpStatusBarView{e5b882e I.E...... ......ID 0,0-248,56 #7f0a01f7 app:id/heads_up_status_bar_view} during layout: running second layout pass
04-22 11:27:51.914 12349 12349 I wpa_supplicant: TDLS: Failed to send message (action_code=14)
04-22 11:27:52.064 21460 13579 I chatty  : uid=10158 com.google.android.gms.persistent expire 10 lines
04-22 11:27:53.060 21460 13639 I chatty  : uid=10158 com.google.android.gms.persistent expire 28 lines
04-22 11:27:53.293 21460 13568 I chatty  : uid=10158 com.google.android.gms.persistent expire 3 lines
04-22 11:27:53.296  2294  2614 I chatty  : uid=1002(bluetooth) btu message loo expire 119 lines
04-22 11:27:53.297  2294  2358 I chatty  : uid=1002(bluetooth) BT Service Call expire 144 lines
04-22 11:27:53.299 21460 10770 I chatty  : uid=10158(com.google.android.gms) Binder:21460_10 expire 7 lines
04-22 11:27:53.302  2294 13640 I chatty  : uid=1002(bluetooth) com.android.bluetooth expire 2 lines
04-22 11:27:53.748     0     0 W swapper/0: type=1400 audit(0.0:2604): avc: denied { kill } for uid=0 capability=5 scontext=u:r:kernel:s0 tcontext=u:r:kernel:s0 tclass=capability permissive=0
04-22 11:27:54.043 24881 13642 I chatty  : uid=10158(com.google.android.gms) expire 2 lines
04-22 11:27:54.326 12349 12349 I wpa_supplicant: TDLS: Failed to send message (action_code=14)
04-22 11:27:55.087 21460 21477 I chatty  : uid=10158(com.google.android.gms) Binder:21460_1 expire 11 lines
04-22 11:27:56.105  2294  2311 I chatty  : uid=1002(bluetooth) Binder:2294_1 expire 10 lines
04-22 11:27:56.105  2294 13655 I chatty  : uid=1002(bluetooth) com.android.bluetooth expire 2 lines
04-22 11:27:56.109  2313  2395 W BluetoothEventManager: AclStateChangedHandler: activeDevice is null
04-22 11:27:56.110 21460 13103 I chatty  : uid=10158 com.google.android.gms.persistent expire 44 lines
04-22 11:27:56.113  2294 10674 I chatty  : uid=1002(bluetooth) Binder:2294_8 expire 12 lines
04-22 11:27:56.123  8057  8057 D MCLOG   : [MC_Service] onStartcommand()
04-22 11:27:56.133 21153 21380 I BistoWorker: bluetoothConnectionStateChanged. Action: android.bluetooth.device.action.ACL_CONNECTED
04-22 11:27:56.135 21153 21380 I BistoWorker: Ignoring non-bonded action android.bluetooth.device.action.ACL_CONNECTED for device 6B:8C:15:35:74:00
04-22 11:27:56.137 12349 12349 I wpa_supplicant: TDLS: Failed to send message (action_code=14)
04-22 11:27:56.143 21460 13575 I chatty  : uid=10158 com.google.android.gms.persistent expire 1 line
04-22 11:27:56.171  1749  3487 W ProcessStats: Tracking association SourceState{da5217c com.google.android.gms.persistent/10158 ImpFg #91945} whose proc state 2 is better than process ProcessState{d084d42 com.google.android.gms/10158 pkg=com.google.android.gms} proc state 3 (80 skipped)
04-22 11:27:57.038 21460 13574 I chatty  : uid=10158 com.google.android.gms.persistent expire 10 lines
04-22 11:27:57.425  2294  2675 I chatty  : uid=1002(bluetooth) Binder:2294_5 expire 18 lines
04-22 11:27:57.431  2294 13662 I chatty  : uid=1002(bluetooth) com.android.bluetooth expire 2 lines
04-22 11:27:58.352 21460 13573 I chatty  : uid=10158 com.google.android.gms.persistent expire 4 lines
04-22 11:27:58.360 21460 13572 I chatty  : uid=10158 com.google.android.gms.persistent expire 5 lines
04-22 11:28:00.046  2313  2313 W View    : requestLayout() improperly called by com.android.systemui.statusbar.HeadsUpStatusBarView{e5b882e I.E...... ......ID 0,0-248,56 #7f0a01f7 app:id/heads_up_status_bar_view} during layout: running second layout pass
04-22 11:28:00.725 12349 12349 I wpa_supplicant: TDLS: Failed to send message (action_code=14)
04-22 11:28:01.102 13385 13454 I chatty  : uid=10216(com.google.location.nearby.apps.connectedcrossroad) expire 10 lines
04-22 11:28:01.213 13385 13459 I chatty  : uid=10216(com.google.location.nearby.apps.connectedcrossroad) expire 80 lines
04-22 11:28:01.524  2313  2313 W View    : requestLayout() improperly called by com.android.systemui.statusbar.HeadsUpStatusBarView{e5b882e I.E...... ......ID 0,0-248,56 #7f0a01f7 app:id/heads_up_status_bar_view} during layout: running second layout pass
04-22 11:28:01.923   833 12353 E WifiHAL : Received LOG message with insufficent length: 24
04-22 11:28:01.924   833 12353 E WifiHAL : Received fatal event, sending alert
04-22 11:28:01.924  1749  2379 W WifiVendorHal: onDebugErrorAlert 4104
04-22 11:28:02.521 21460 13596 I chatty  : uid=10158 com.google.android.gms.persistent expire 60 lines
04-22 11:28:02.524  2294 25465 I chatty  : uid=1002(bluetooth) Binder:2294_7 expire 10 lines
04-22 11:28:02.529 21460 21485 I chatty  : uid=10158(com.google.android.gms) Binder:21460_3 expire 10 lines
04-22 11:28:02.543  2294  2588 I chatty  : uid=1002(bluetooth) BluetoothScanMa expire 33 lines
04-22 11:28:02.718 12349 12349 I wpa_supplicant: TDLS: Failed to send message (action_code=14)
04-22 11:28:03.751     0     0 W swapper/1: type=1400 audit(0.0:2605): avc: denied { kill } for uid=0 capability=5 scontext=u:r:kernel:s0 tcontext=u:r:kernel:s0 tclass=capability permissive=0
04-22 11:28:04.214  2294  2614 I chatty  : uid=1002(bluetooth) btu message loo expire 39 lines
04-22 11:28:04.766  2294  2358 I chatty  : uid=1002(bluetooth) BT Service Call expire 52 lines
04-22 11:28:05.147 21460 13590 I chatty  : uid=10158 com.google.android.gms.persistent expire 50 lines
04-22 11:28:06.293  1749  7754 W ProcessStats: Tracking association SourceState{ecff641 com.google.android.gms.persistent/10158 ImpFg #91952} whose proc state 2 is better than process ProcessState{d084d42 com.google.android.gms/10158 pkg=com.google.android.gms} proc state 3 (2 skipped)
04-22 11:28:07.165 21460 13639 I chatty  : uid=10158 com.google.android.gms.persistent expire 22 lines
04-22 11:28:08.687 21460 21473 I chatty  : uid=10158(com.google.android.gms) HeapTaskDaemon expire 1 line
04-22 11:28:08.978 12349 12349 I wpa_supplicant: TDLS: Failed to send message (action_code=14)
04-22 11:28:09.175 21460 13570 I chatty  : uid=10158 com.google.android.gms.persistent expire 52 lines
04-22 11:28:11.108 12349 12349 I wpa_supplicant: TDLS: Failed to send message (action_code=14)
04-22 11:28:11.172 13385 13454 I chatty  : uid=10216(com.google.location.nearby.apps.connectedcrossroad) expire 27 lines
04-22 11:28:11.203 21460 13103 I chatty  : uid=10158 com.google.android.gms.persistent expire 2 lines
04-22 11:28:11.249 21460 13569 I chatty  : uid=10158 com.google.android.gms.persistent expire 14 lines
04-22 11:28:11.723 10059 13682 I chatty  : uid=10158 com.google.android.gms.unstable expire 2 lines
04-22 11:28:11.840  2294  2675 I chatty  : uid=1002(bluetooth) Binder:2294_5 expire 10 lines
04-22 11:28:13.751     0     0 W swapper/0: type=1400 audit(0.0:2606): avc: denied { kill } for uid=0 capability=5 scontext=u:r:kernel:s0 tcontext=u:r:kernel:s0 tclass=capability permissive=0
04-22 11:28:14.650   833 12353 E WifiHAL : Received LOG message with insufficent length: 24
04-22 11:28:14.650   833 12353 E WifiHAL : Received fatal event, sending alert
04-22 11:28:14.651  1749  1790 W WifiVendorHal: onDebugErrorAlert 4104
04-22 11:28:15.767  2313  2395 D CachedBluetoothDevice: Device name: IllnRmFbye0AAAAAAAAAATQ
04-22 11:28:16.065   812  1044 W qti_sensors_hal: processReportInd: lux: 22, ch0: 55, ch1: 15
04-22 11:28:17.096   812  1044 W qti_sensors_hal: processReportInd: lux: 30, ch0: 75, ch1: 16
04-22 11:28:17.225   812  1044 W qti_sensors_hal: processReportInd: lux: 43, ch0: 106, ch1: 15
04-22 11:28:17.503  2294  2358 I chatty  : uid=1002(bluetooth) BT Service Call expire 48 lines
04-22 11:28:17.509 12349 12349 I wpa_supplicant: TDLS: Failed to send message (action_code=14)
04-22 11:28:18.278 13385 13459 I chatty  : uid=10216(com.google.location.nearby.apps.connectedcrossroad) expire 182 lines
04-22 11:28:20.497  2294  2588 I chatty  : uid=1002(bluetooth) BluetoothScanMa expire 20 lines
04-22 11:28:20.508  2294  2614 I chatty  : uid=1002(bluetooth) btu message loo expire 34 lines
04-22 11:28:21.256 21460 13688 I chatty  : uid=10158 com.google.android.gms.persistent expire 32 lines
04-22 11:28:21.256 21460 13689 I chatty  : uid=10158 com.google.android.gms.persistent expire 95 lines
04-22 11:28:21.479   812  1044 W qti_sensors_hal: processReportInd: lux: 28, ch0: 69, ch1: 15
04-22 11:28:21.611   812  1044 W qti_sensors_hal: processReportInd: lux: 19, ch0: 49, ch1: 16
04-22 11:28:21.998   812  1044 W qti_sensors_hal: processReportInd: lux: 41, ch0: 102, ch1: 16
04-22 11:28:23.244 13385 13454 I chatty  : uid=10216(com.google.location.nearby.apps.connectedcrossroad) expire 7 lines
04-22 11:28:23.259 21460 13596 I chatty  : uid=10158 com.google.android.gms.persistent expire 36 lines
04-22 11:28:23.263 21460 13691 I chatty  : uid=10158 com.google.android.gms.persistent expire 17 lines
04-22 11:28:23.754     0     0 W swapper/1: type=1400 audit(0.0:2607): avc: denied { kill } for uid=0 capability=5 scontext=u:r:kernel:s0 tcontext=u:r:kernel:s0 tclass=capability permissive=0
04-22 11:28:23.861 12349 12349 I wpa_supplicant: TDLS: Failed to send message (action_code=14)
04-22 11:28:25.354 13385 13459 V data    : Payload TX: 0
04-22 11:28:25.354 13385 13459 V data    : Total RX: 42228
04-22 11:28:25.354 13385 13459 V data    : Total TX: 35496
04-22 11:28:25.360 13385 13459 V connectedcrossroad: Data collect: HELO
04-22 11:28:25.361 13385 13459 V data    : Payload RX: 0
04-22 11:28:25.361 13385 13459 V data    : Payload TX: 0
04-22 11:28:25.361 13385 13459 V data    : Total RX: 42840
04-22 11:28:25.361 13385 13459 V data    : Total TX: 35496
04-22 11:28:25.381 13385 13459 V connectedcrossroad: Data collect: HELO
04-22 11:28:25.381 13385 13459 V data    : Payload RX: 0
04-22 11:28:25.381 13385 13459 V data    : Payload TX: 0
04-22 11:28:25.381 13385 13459 V data    : Total RX: 43452
04-22 11:28:25.381 13385 13459 V data    : Total TX: 35496
04-22 11:28:25.387 13385 13459 V connectedcrossroad: Data collect: HELO
04-22 11:28:25.387 13385 13459 V data    : Payload RX: 0
04-22 11:28:25.387 13385 13459 V data    : Payload TX: 0
04-22 11:28:25.387 13385 13459 V data    : Total RX: 44064
04-22 11:28:25.388 13385 13459 V data    : Total TX: 35496
04-22 11:28:25.520 13385 13459 V connectedcrossroad: Data collect: HELO
04-22 11:28:25.521 13385 13459 V data    : Payload RX: 0
04-22 11:28:25.521 21460 13570 I chatty  : uid=10158 com.google.android.gms.persistent expire 79 lines
04-22 11:28:25.521 13385 13459 V data    : Payload TX: 0
04-22 11:28:25.521 13385 13459 V data    : Total RX: 44676
04-22 11:28:25.522 13385 13459 V data    : Total TX: 35496
04-22 11:28:25.524 21460 13590 I chatty  : uid=10158 com.google.android.gms.persistent expire 5 lines
04-22 11:28:25.536  2294 25292 I chatty  : uid=1002(bluetooth) Binder:2294_6 expire 10 lines
04-22 11:28:25.541 13385 13459 V connectedcrossroad: Data collect: HELO
04-22 11:28:25.542 13385 13459 V data    : Payload RX: 0
04-22 11:28:25.542 13385 13459 V data    : Payload TX: 0
04-22 11:28:25.542 13385 13459 V data    : Total RX: 45288
04-22 11:28:25.542 13385 13459 V data    : Total TX: 35496
04-22 11:28:25.551 13385 13459 V connectedcrossroad: Data collect: HELO
04-22 11:28:25.551 13385 13459 V data    : Payload RX: 0
04-22 11:28:25.551 13385 13459 V data    : Payload TX: 0
04-22 11:28:25.551 13385 13459 V data    : Total RX: 45900
04-22 11:28:25.551 13385 13459 V data    : Total TX: 35496
04-22 11:28:25.556  2294 25465 I chatty  : uid=1002(bluetooth) Binder:2294_7 expire 11 lines
04-22 11:28:25.576 13385 13459 V connectedcrossroad: Data collect: HELO
04-22 11:28:25.576 13385 13459 V data    : Payload RX: 0
04-22 11:28:25.576 13385 13459 V data    : Payload TX: 0
04-22 11:28:25.576 13385 13459 V data    : Total RX: 46512
04-22 11:28:25.576 13385 13459 V data    : Total TX: 35496
04-22 11:28:25.590 13385 13459 V connectedcrossroad: Data collect: HELO
04-22 11:28:25.590 13385 13459 V data    : Payload RX: 0
04-22 11:28:25.590 13385 13459 V data    : Payload TX: 0
04-22 11:28:25.590 13385 13459 V data    : Total RX: 47124
04-22 11:28:25.590 13385 13459 V data    : Total TX: 35496
04-22 11:28:26.641   833 12353 E WifiHAL : Received LOG message with insufficent length: 24
04-22 11:28:26.641   833 12353 E WifiHAL : Received fatal event, sending alert
04-22 11:28:26.642  1749 27554 W WifiVendorHal: onDebugErrorAlert 4104
04-22 11:28:27.124 13385 13459 V connectedcrossroad: Data collect: HELO
04-22 11:28:27.124 13385 13459 V data    : Payload RX: 0
04-22 11:28:27.124 13385 13459 V data    : Payload TX: 0
04-22 11:28:27.124 13385 13459 V data    : Total RX: 48348
04-22 11:28:27.124 13385 13459 V data    : Total TX: 35496
04-22 11:28:27.127 13385 13459 V connectedcrossroad: Data collect: HELO
04-22 11:28:27.127 13385 13459 V data    : Payload RX: 0
04-22 11:28:27.128 13385 13459 V data    : Payload TX: 0
04-22 11:28:27.128 13385 13459 V data    : Total RX: 48348
04-22 11:28:27.128 13385 13459 V data    : Total TX: 35496
04-22 11:28:27.260 13385 13454 D connectedcrossroad: Data collect: SEND
04-22 11:28:27.267 13385 13454 D connectedcrossroad: Data collect: SEND
04-22 11:28:27.424 13385 13459 V connectedcrossroad: Data collect: HELO
04-22 11:28:27.424 13385 13459 V data    : Payload RX: 0
04-22 11:28:27.424 13385 13459 V data    : Payload TX: 0
04-22 11:28:27.424 13385 13459 V data    : Total RX: 48960
04-22 11:28:27.424 13385 13459 V data    : Total TX: 37332
04-22 11:28:27.875 13385 13459 V connectedcrossroad: Data collect: HELO
04-22 11:28:27.875 13385 13459 V data    : Payload RX: 0
04-22 11:28:27.875 13385 13459 V data    : Payload TX: 0
04-22 11:28:27.876 13385 13459 V data    : Total RX: 49572
04-22 11:28:27.876 13385 13459 V data    : Total TX: 37332
04-22 11:28:28.421  2294  2358 I chatty  : uid=1002(bluetooth) BT Service Call expire 26 lines
04-22 11:28:28.479 21460 13524 I chatty  : uid=10158 com.google.android.gms.persistent expire 6 lines
04-22 11:28:29.244 13385 13459 V connectedcrossroad: Data collect: HELO
04-22 11:28:29.244 13385 13459 V data    : Payload RX: 0
04-22 11:28:29.244 13385 13459 V data    : Payload TX: 0
04-22 11:28:29.244 13385 13459 V data    : Total RX: 50184
04-22 11:28:29.244 13385 13459 V data    : Total TX: 37332
04-22 11:28:29.273 13385 13454 D connectedcrossroad: Data collect: SEND
04-22 11:28:29.280 13385 13454 D connectedcrossroad: Data collect: SEND
04-22 11:28:30.618 13385 13459 V connectedcrossroad: Data collect: HELO
04-22 11:28:30.619 13385 13459 V data    : Payload RX: 0
04-22 11:28:30.619 13385 13459 V data    : Payload TX: 0
04-22 11:28:30.619 13385 13459 V data    : Total RX: 51408
04-22 11:28:30.619 13385 13459 V data    : Total TX: 39168
04-22 11:28:30.622 13385 13459 V connectedcrossroad: Data collect: HELO
04-22 11:28:30.623 13385 13459 V data    : Payload RX: 0
04-22 11:28:30.623 13385 13459 V data    : Payload TX: 0
04-22 11:28:30.623 13385 13459 V data    : Total RX: 52020
04-22 11:28:30.623 13385 13459 V data    : Total TX: 39168
04-22 11:28:30.627 13385 13459 V connectedcrossroad: Data collect: HELO
04-22 11:28:30.628 13385 13459 V data    : Payload RX: 0
04-22 11:28:30.628 13385 13459 V data    : Payload TX: 0
04-22 11:28:30.628 13385 13459 V data    : Total RX: 52020
04-22 11:28:30.628 13385 13459 V data    : Total TX: 39168
04-22 11:28:30.764 13385 13459 V connectedcrossroad: Data collect: HELO
04-22 11:28:30.764 13385 13459 V data    : Payload RX: 0
04-22 11:28:30.764 13385 13459 V data    : Payload TX: 0
04-22 11:28:30.764 13385 13459 V data    : Total RX: 52632
04-22 11:28:30.764 13385 13459 V data    : Total TX: 39168
04-22 11:28:31.292 13385 13454 D connectedcrossroad: Data collect: SEND
04-22 11:28:31.300 13385 13454 D connectedcrossroad: Data collect: SEND
04-22 11:28:31.370 13385 13459 V connectedcrossroad: Data collect: HELO
04-22 11:28:31.371 13385 13459 V data    : Payload RX: 0
04-22 11:28:31.371 13385 13459 V data    : Payload TX: 0
04-22 11:28:31.371 13385 13459 V data    : Total RX: 53244
04-22 11:28:31.371 13385 13459 V data    : Total TX: 41004
04-22 11:28:32.427 12349 12349 I wpa_supplicant: TDLS: Failed to send message (action_code=14)
04-22 11:28:32.439  2294  2614 I chatty  : uid=1002(bluetooth) btu message loo expire 19 lines
04-22 11:28:32.649  1749  2054 D BatteryService: uevent={POWER_SUPPLY_DP_DM=0, POWER_SUPPLY_VOLTAGE_NOW=3744815, POWER_SUPPLY_SW_JEITA_ENABLED=0, POWER_SUPPLY_CHARGE_CONTROL_LIMIT_MAX=8, POWER_SUPPLY_RECHARGE_SOC=99, POWER_SUPPLY_HEALTH=Good, POWER_SUPPLY_TECHNOLOGY=Li-ion, POWER_SUPPLY_FCC_STEPPER_ENABLE=0, SEQNUM=624866, POWER_SUPPLY_INPUT_CURRENT_LIMITED=0, POWER_SUPPLY_CHARGE_CONTROL_LIMIT=0, POWER_SUPPLY_BATTERY_CHARGING_ENABLED=1, POWER_SUPPLY_STATUS=Discharging, POWER_SUPPLY_CYCLE_COUNT=1, POWER_SUPPLY_CURRENT_MAX=2000000, POWER_SUPPLY_CHARGE_TERM_CURRENT=-101, POWER_SUPPLY_CAPACITY=32, DEVPATH=/devices/platform/soc/200f000.qcom,spmi/spmi-0/spmi0-02/200f000.qcom,spmi:qcom,pmi632@2:qcom,qpnp-smb5/power_supply/battery, POWER_SUPPLY_CHARGE_DONE=0, POWER_SUPPLY_CHARGE_TYPE=N/A, POWER_SUPPLY_CHARGE_RATE=None, POWER_SUPPLY_CURRENT_NOW=-232544, POWER_SUPPLY_SYSTEM_TEMP_LEVEL=0, POWER_SUPPLY_PRESENT=1, POWER_SUPPLY_PARALLEL_DISABLE=0, POWER_SUPPLY_CHARGE_FULL=3615000, SUBSYSTEM=power_supply, POWER_SUPPLY_SET_SHIP_MODE=0, POWER_SUPPLY_TEMP=254, ACTION=change, POWER_SUPPLY_RERUN_AICL=0, POWER_SUPPLY_AGE=100, POWER_SUPPLY_NAME=battery, POWER_SUPPLY_VOLTAGE_MAX=-22, POWER_SUPPLY_CONSTANT_CHARGE_CURRENT_MAX=2000000, POWER_SUPPLY_CHARGE_COUNTER=1156800, POWER_SUPPLY_STEP_CHARGING_ENABLED=0, POWER_SUPPLY_NUM_SYSTEM_TEMP_LEVELS=8, POWER_SUPPLY_DIE_HEALTH=Hot, POWER_SUPPLY_INPUT_SUSPEND=0}
04-22 11:28:32.675  2508  2508 D QtiCarrierConfigHelper: WARNING, no carrier configs on phone Id: 0
04-22 11:28:33.197 13385 13459 V connectedcrossroad: Data collect: HELO
04-22 11:28:33.197 13385 13459 V data    : Payload RX: 0
04-22 11:28:33.198 13385 13459 V data    : Payload TX: 0
04-22 11:28:33.198 13385 13459 V data    : Total RX: 53856
04-22 11:28:33.198 13385 13459 V data    : Total TX: 41004
04-22 11:28:33.208 13385 13459 V connectedcrossroad: Data collect: HELO
04-22 11:28:33.208 13385 13459 V data    : Payload RX: 0
04-22 11:28:33.209 13385 13459 V data    : Payload TX: 0
04-22 11:28:33.209 13385 13459 V data    : Total RX: 54468
04-22 11:28:33.210 13385 13459 V data    : Total TX: 41004
04-22 11:28:33.312 13385 13454 D connectedcrossroad: Data collect: SEND
04-22 11:28:33.318 13385 13454 D connectedcrossroad: Data collect: SEND
04-22 11:28:33.754     0     0 W swapper/2: type=1400 audit(0.0:2608): avc: denied { kill } for uid=0 capability=5 scontext=u:r:kernel:s0 tcontext=u:r:kernel:s0 tclass=capability permissive=0
04-22 11:28:34.562 13385 13459 V connectedcrossroad: Data collect: HELO
04-22 11:28:34.562 13385 13459 V data    : Payload RX: 0
04-22 11:28:34.562 13385 13459 V data    : Payload TX: 0
04-22 11:28:34.562 13385 13459 V data    : Total RX: 55080
04-22 11:28:34.562 13385 13459 V data    : Total TX: 42840
04-22 11:28:34.572 13385 13459 V connectedcrossroad: Data collect: HELO
04-22 11:28:34.572 13385 13459 V data    : Payload RX: 0
04-22 11:28:34.573 13385 13459 V data    : Payload TX: 0
04-22 11:28:34.573 13385 13459 V data    : Total RX: 55692
04-22 11:28:34.573 13385 13459 V data    : Total TX: 42840
04-22 11:28:35.324 13385 13454 D connectedcrossroad: Data collect: SEND
04-22 11:28:35.331 13385 13454 D connectedcrossroad: Data collect: SEND
04-22 11:28:35.871 13385 13459 V connectedcrossroad: Data collect: HELO
04-22 11:28:35.871 13385 13459 V data    : Payload RX: 0
04-22 11:28:35.872 13385 13459 V data    : Payload TX: 0
04-22 11:28:35.872 13385 13459 V data    : Total RX: 56304
04-22 11:28:35.872 13385 13459 V data    : Total TX: 44676
04-22 11:28:36.388 13385 13459 V connectedcrossroad: Data collect: HELO
04-22 11:28:36.389 13385 13459 V data    : Payload RX: 0
04-22 11:28:36.389 13385 13459 V data    : Payload TX: 0
04-22 11:28:36.389 13385 13459 V data    : Total RX: 56916
04-22 11:28:36.389 13385 13459 V data    : Total TX: 44676
04-22 11:28:36.684 12349 12349 I wpa_supplicant: TDLS: Failed to send message (action_code=14)
04-22 11:28:36.995 13385 13459 V connectedcrossroad: Data collect: HELO
04-22 11:28:36.995 13385 13459 V data    : Payload RX: 0
04-22 11:28:36.996 13385 13459 V data    : Payload TX: 0
04-22 11:28:36.996 13385 13459 V data    : Total RX: 57528
04-22 11:28:36.996 13385 13459 V data    : Total TX: 44676
04-22 11:28:37.001 13385 13459 V connectedcrossroad: Data collect: HELO
04-22 11:28:37.001 13385 13459 V data    : Payload RX: 0
04-22 11:28:37.002 13385 13459 V data    : Payload TX: 0
04-22 11:28:37.002 13385 13459 V data    : Total RX: 58140
04-22 11:28:37.002 13385 13459 V data    : Total TX: 44676
04-22 11:28:37.335 13385 13454 D connectedcrossroad: Data collect: SEND
04-22 11:28:37.343 13385 13454 D connectedcrossroad: Data collect: SEND
04-22 11:28:37.610 13385 13459 V connectedcrossroad: Data collect: HELO
04-22 11:28:37.611 13385 13459 V data    : Payload RX: 0
04-22 11:28:37.611 13385 13459 V data    : Payload TX: 0
04-22 11:28:37.611 13385 13459 V data    : Total RX: 58752
04-22 11:28:37.611 13385 13459 V data    : Total TX: 46512
04-22 11:28:38.000   728  2384 I netd    : trafficSwapActiveStatsMap() <5.90ms>
04-22 11:28:38.007   728  2384 I netd    : tetherGetStats() <2.94ms>
04-22 11:28:38.093   728  2384 I netd    : bandwidthSetGlobalAlert(2097152) <0.43ms>
04-22 11:28:38.368 13385 13459 V connectedcrossroad: Data collect: HELO
04-22 11:28:38.369 13385 13459 V data    : Payload RX: 0
04-22 11:28:38.369 13385 13459 V data    : Payload TX: 0
04-22 11:28:38.369 13385 13459 V data    : Total RX: 59364
04-22 11:28:38.369 13385 13459 V data    : Total TX: 46512
04-22 11:28:38.831   833 12353 E WifiHAL : Received LOG message with insufficent length: 24
04-22 11:28:38.831   833 12353 E WifiHAL : Received fatal event, sending alert
04-22 11:28:38.833  1749 27554 W WifiVendorHal: onDebugErrorAlert 4104
04-22 11:28:39.112  1749  1763 I system_server: Background concurrent copying GC freed 56446(5057KB) AllocSpace objects, 14(13MB) LOS objects, 42% free, 22MB/39MB, paused 135us total 167.541ms
04-22 11:28:39.112 12349 12349 I wpa_supplicant: TDLS: Failed to send message (action_code=14)
04-22 11:28:39.350 13385 13454 D connectedcrossroad: Data collect: SEND
04-22 11:28:39.357 13385 13454 D connectedcrossroad: Data collect: SEND
04-22 11:28:39.421 13385 13459 V connectedcrossroad: Data collect: HELO
04-22 11:28:39.421 13385 13459 V data    : Payload RX: 0
04-22 11:28:39.421 13385 13459 V data    : Payload TX: 0
04-22 11:28:39.421 13385 13459 V data    : Total RX: 59976
04-22 11:28:39.421 13385 13459 V data    : Total TX: 48348
04-22 11:28:39.729 13385 13459 V connectedcrossroad: Data collect: HELO
04-22 11:28:39.730 13385 13459 V data    : Payload RX: 0
04-22 11:28:39.730 13385 13459 V data    : Payload TX: 0
04-22 11:28:39.730 13385 13459 V data    : Total RX: 60588
04-22 11:28:39.730 13385 13459 V data    : Total TX: 48348
04-22 11:28:39.739 13385 13459 V connectedcrossroad: Data collect: HELO
04-22 11:28:39.739 13385 13459 V data    : Payload RX: 0
04-22 11:28:39.739 13385 13459 V data    : Payload TX: 0
04-22 11:28:39.739 13385 13459 V data    : Total RX: 61200
04-22 11:28:39.739 13385 13459 V data    : Total TX: 48348
04-22 11:28:40.426 21460 13710 I chatty  : uid=10158 com.google.android.gms.persistent expire 2 lines
04-22 11:28:40.793 13385 13459 V connectedcrossroad: Data collect: HELO
04-22 11:28:40.793 13385 13459 V data    : Payload RX: 0
04-22 11:28:40.793 13385 13459 V data    : Payload TX: 0
04-22 11:28:40.793 13385 13459 V data    : Total RX: 61812
04-22 11:28:40.794 13385 13459 V data    : Total TX: 48348
04-22 11:28:41.362 13385 13454 D connectedcrossroad: Data collect: SEND
04-22 11:28:41.368 13385 13454 D connectedcrossroad: Data collect: SEND
04-22 11:28:41.371 21460 13689 I chatty  : uid=10158 com.google.android.gms.persistent expire 120 lines
04-22 11:28:41.386 21460 13570 I chatty  : uid=10158 com.google.android.gms.persistent expire 16 lines
04-22 11:28:41.954 13385 13459 V connectedcrossroad: Data collect: HELO
04-22 11:28:41.954 13385 13459 V data    : Payload RX: 0
04-22 11:28:41.954 13385 13459 V data    : Payload TX: 0
04-22 11:28:41.954 13385 13459 V data    : Total RX: 62424
04-22 11:28:41.955 13385 13459 V data    : Total TX: 50184
04-22 11:28:42.354 21460 13596 I chatty  : uid=10158 com.google.android.gms.persistent expire 13 lines
04-22 11:28:42.366  2294  2588 I chatty  : uid=1002(bluetooth) BluetoothScanMa expire 29 lines
04-22 11:28:42.376 21460 21485 I chatty  : uid=10158(com.google.android.gms) Binder:21460_3 expire 16 lines
04-22 11:28:42.398 21460 13579 I chatty  : uid=10158 com.google.android.gms.persistent expire 4 lines
04-22 11:28:42.887 21460 13711 I chatty  : uid=10158 com.google.android.gms.persistent expire 19 lines
04-22 11:28:42.893 13385 13459 V connectedcrossroad: Data collect: HELO
04-22 11:28:42.894 13385 13459 V data    : Payload RX: 0
04-22 11:28:42.894 13385 13459 V data    : Payload TX: 0
04-22 11:28:42.894 13385 13459 V data    : Total RX: 63036
04-22 11:28:42.894 13385 13459 V data    : Total TX: 50184
04-22 11:28:43.053 13385 13459 V connectedcrossroad: Data collect: HELO
04-22 11:28:43.053 13385 13459 V data    : Payload RX: 0
04-22 11:28:43.054 13385 13459 V data    : Payload TX: 0
04-22 11:28:43.054 13385 13459 V data    : Total RX: 63648
04-22 11:28:43.054 13385 13459 V data    : Total TX: 50184
04-22 11:28:43.062 13385 13459 V connectedcrossroad: Data collect: HELO
04-22 11:28:43.063 13385 13459 V data    : Payload RX: 0
04-22 11:28:43.063 13385 13459 V data    : Payload TX: 0
04-22 11:28:43.063 13385 13459 V data    : Total RX: 64260
04-22 11:28:43.063 13385 13459 V data    : Total TX: 50184
04-22 11:28:43.374 13385 13454 D connectedcrossroad: Data collect: SEND
04-22 11:28:43.382 13385 13454 D connectedcrossroad: Data collect: SEND
04-22 11:28:43.393 21460 13712 I chatty  : uid=10158 com.google.android.gms.persistent expire 13 lines
04-22 11:28:43.758     0     0 W swapper/0: type=1400 audit(0.0:2609): avc: denied { kill } for uid=0 capability=5 scontext=u:r:kernel:s0 tcontext=u:r:kernel:s0 tclass=capability permissive=0
04-22 11:28:45.019 13385 13459 V connectedcrossroad: Data collect: HELO
04-22 11:28:45.020 13385 13459 V data    : Payload RX: 0
04-22 11:28:45.020 13385 13459 V data    : Payload TX: 0
04-22 11:28:45.020 13385 13459 V data    : Total RX: 65484
04-22 11:28:45.020 13385 13459 V data    : Total TX: 52020
04-22 11:28:45.022 13385 13459 V connectedcrossroad: Data collect: HELO
04-22 11:28:45.023 13385 13459 V data    : Payload RX: 0
04-22 11:28:45.023 13385 13459 V data    : Payload TX: 0
04-22 11:28:45.023 13385 13459 V data    : Total RX: 66096
04-22 11:28:45.023 13385 13459 V data    : Total TX: 52020
04-22 11:28:45.026 13385 13459 V connectedcrossroad: Data collect: HELO
04-22 11:28:45.026 13385 13459 V data    : Payload RX: 0
04-22 11:28:45.027 13385 13459 V data    : Payload TX: 0
04-22 11:28:45.027 13385 13459 V data    : Total RX: 66096
04-22 11:28:45.027 13385 13459 V data    : Total TX: 52020
04-22 11:28:45.388 13385 13454 D connectedcrossroad: Data collect: SEND
04-22 11:28:45.396 13385 13454 D connectedcrossroad: Data collect: SEND
04-22 11:28:45.607 12349 12349 I wpa_supplicant: TDLS: Failed to send message (action_code=14)
04-22 11:28:46.815 13385 13459 V connectedcrossroad: Data collect: HELO
04-22 11:28:46.815 13385 13459 V data    : Payload RX: 0
04-22 11:28:46.816 13385 13459 V data    : Payload TX: 0
04-22 11:28:46.816 13385 13459 V data    : Total RX: 66708
04-22 11:28:46.816 13385 13459 V data    : Total TX: 53856
04-22 11:28:47.290 13385 13459 V connectedcrossroad: Data collect: HELO
04-22 11:28:47.290 13385 13459 V data    : Payload RX: 0
04-22 11:28:47.290 13385 13459 V data    : Payload TX: 0
04-22 11:28:47.290 13385 13459 V data    : Total RX: 67320
04-22 11:28:47.290 13385 13459 V data    : Total TX: 53856
04-22 11:28:47.346  1749 11122 I ActivityManager: Force stopping com.google.location.nearby.apps.connectedcrossroad appid=10216 user=0: from pid 13718
04-22 11:28:47.347  1749 11122 I ActivityManager: Killing 13385:com.google.location.nearby.apps.connectedcrossroad/u0a216 (adj 0): stop com.google.location.nearby.apps.connectedcrossroad
04-22 11:28:47.348  1749 11122 D ActivityManager: makeInactive, ProcessRecord{cb7c4a 13385:com.google.location.nearby.apps.connectedcrossroad/u0a216}, clear holder.state
04-22 11:28:47.349  1749 11122 W ActivityTaskManager: Force removing ActivityRecord{df6f5c7 u0 com.google.location.nearby.apps.connectedcrossroad/nx.aodv.eval.MainActivity t46 f}: app died, no saved state
04-22 11:28:47.350  1749 11122 V WindowManager: Changing focus from Window{a7f4aa2 u0 com.google.location.nearby.apps.connectedcrossroad/nx.aodv.eval.MainActivity} to null displayId=0
04-22 11:28:47.365  1749 11122 I WindowManager: Window drawn AppWindowToken{3ee9b1d token=Token{ff377f4 ActivityRecord{df6f5c7 u0 com.google.location.nearby.apps.connectedcrossroad/nx.aodv.eval.MainActivity t46}}}
04-22 11:28:47.371  1749 11122 I ActivityTaskManager: moveHomeStack, setupComplete:true
04-22 11:28:47.379  8057  8312 D MCLOG   : [MC_TriggerHelper] PauseResumeTrigger
04-22 11:28:47.391  2294  2614 I chatty  : uid=1002(bluetooth) btu message loo expire 96 lines
04-22 11:28:47.391  2294  2358 I chatty  : uid=1002(bluetooth) BT Service Call expire 54 lines
04-22 11:28:47.400  2508  2508 E PhoneInterfaceManager: [PhoneIntfMgr] getCarrierPackageNamesForIntent: No UICC
04-22 11:28:47.401  2508  2508 D CarrierSvcBindHelper: No carrier app for: 0
04-22 11:28:47.401 12349 12349 I wpa_supplicant: TDLS: Failed to send message (action_code=14)
04-22 11:28:47.418 21460 21478 I chatty  : uid=10158(com.google.android.gms) Binder:21460_2 expire 10 lines
04-22 11:28:47.423   729   729 I Zygote  : Process 13385 exited due to signal 9 (Killed)
04-22 11:28:47.429  8057  8057 D MCLOG   : [MC_Service] onStartcommand()
04-22 11:28:47.434  1749  1772 W ActivityManager: setHasOverlayUi called on unknown pid: 13385
04-22 11:28:47.434  1749  1783 I libprocessgroup: Successfully killed process cgroup uid 10216 pid 13385 in 85ms
04-22 11:28:47.440  1749  1767 V WindowManager: Changing focus from null to Window{733e816 u0 com.motorola.launcher3/com.android.launcher3.CustomizationPanelLauncher} displayId=0
04-22 11:28:47.447 29576 29785 D AssistReceiver: call: lightWakeup | null | null
04-22 11:28:47.461  1749  1773 I WindowManager:   SURFACE show Surface(name=com.android.systemui.ImageWallpaper)/@0xcbdab7b on display:0: com.android.systemui.ImageWallpaper
04-22 11:28:47.465  1749  1773 I WindowManager: Window drawn AppWindowToken{7a5d47e token=Token{e022639 ActivityRecord{9980e00 u0 com.motorola.launcher3/com.android.launcher3.CustomizationPanelLauncher t3}}}
04-22 11:28:47.470  1749  1773 I WindowManager:   SURFACE show Surface(name=com.motorola.launcher3/com.android.launcher3.CustomizationPanelLauncher)/@0xfb3abe0 on display:0: com.motorola.launcher3/com.android.launcher3.CustomizationPanelLauncher
04-22 11:28:47.501  1749  1773 I WindowManager:   SURFACE show Surface(name=com.motorola.launcher3/com.android.launcher3.CustomizationPanelLauncher)/@0xfa52d3f on display:0: com.motorola.launcher3/com.android.launcher3.CustomizationPanelLauncher
04-22 11:28:47.504 21153 21153 W ThreadPoolDumper: Queue length for executor EventBus is now 11. Perhaps some tasks are too long, or the pool is too small.
04-22 11:28:47.577 21153 21333 W LocationOracle: No location history returned by ContextManager
04-22 11:28:47.589 21153 21380 I MicroDetectionState: Should stop hotword detection immediately - false
04-22 11:28:47.590 21153 21380 I MicroDetectionState: Should stop hotword detection immediately - false
04-22 11:28:47.598 21153 21380 I MicroDetectionWorker: #startMicroDetector [speakerMode: 0]
04-22 11:28:47.605 21153 21380 I AudioController: Created new AudioSource
04-22 11:28:47.609 21153 21405 I MicroDataManager: isInitializing-false locale not changed-true model not changed-true
04-22 11:28:47.610 21153 21405 I MicroDataManager: Already initialized, obtaining the hotword data immediately.
04-22 11:28:47.625 21153 13729 I MicroRecognitionRunner: Starting detection.
04-22 11:28:47.626 21153 13729 I InputStreamUtils: Using micInputStream
04-22 11:28:47.627 21153 11221 I MicrophoneInputStream: mic_starting  SR : 16000 CC : 16 SO : 1999
04-22 11:28:47.634   815   961 V msm8974_platform: platform_check_input_mask: enter check_input_mask source 6 mask 10
04-22 11:28:47.634   815   961 V msm8974_platform: platform_check_input_mask: enter check_input_mask source 6 mask 10
04-22 11:28:47.635   867 13731 I AudioFlinger: AudioFlinger's thread 0xa5334c80 tid=13731 ready to run
04-22 11:28:47.642   867  2265 D APM_AudioPolicyManager: startInput input:310, session:497, source 1999)
04-22 11:28:47.647   815   961 D audio_hw_primary: in_set_parameters: enter: kvpairs=bottom=;input_source=6;routing=-2147483644
04-22 11:28:47.650  1749  1768 I AudioService.RecordingActivityMonitor: rec update riid:431 uid:10122 session:497 src:HOTWORD pack:com.google.android.googlequicksearchbox
04-22 11:28:47.651 21153 11221 I MicrophoneInputStream: mic_started  SR : 16000 CC : 16 SO : 1999
04-22 11:28:47.653   815 13732 V msm8974_platform: platform_update_usecase_from_source: input source :6
04-22 11:28:47.653   815 13732 V msm8974_platform: platform_check_input_mask: enter check_input_mask source 6 mask 10
04-22 11:28:47.654   815 13732 V msm8974_platform: platform_get_input_snd_device: enter: out_device(0) in_device(0x4) channel_count (1) channel_mask (0x10)
04-22 11:28:47.654   815 13732 V msm8974_platform: platform_get_input_snd_device: exit: in_snd_device(voice-rec-mic)
04-22 11:28:47.654   815 13732 V msm8974_platform: platform_get_backend_index:napb: backend port - 6 device - 136 
04-22 11:28:47.654   815 13732 V msm8974_platform: platform_check_and_set_capture_backend_cfg:txbecf: afe: bitwidth 0, samplerate 0, channel 1, backend_idx 6 usecase = 10 device (voice-rec-mic)
04-22 11:28:47.654   815 13732 V msm8974_platform: platform_check_capture_backend_cfg:txbecf: afe: Codec selected backend: 6 current bit width: 0 and sample rate: 0, channels 1
04-22 11:28:47.654   815 13732 V msm8974_platform: platform_check_capture_backend_cfg:txbecf: afe: Codec selected backend: 6 updated bit width: 0 and sample rate: 0
04-22 11:28:47.654   815 13732 I msm8974_platform: platform_check_capture_backend_cfg:txbecf: afe: Codec backend needs to be updated. new bit width: 0 new sample rate: 0 new channel: 1
04-22 11:28:47.654   815 13732 V msm8974_platform: platform_get_backend_index:napb: backend port - 6 device - 136 
04-22 11:28:47.654   815 13732 V msm8974_platform: platform_set_backend_cfg:becf: afe: bitwidth 0, samplerate 0 channels 1, backend_idx 6 device (voice-rec-mic)
04-22 11:28:47.654   815 13732 E msm8974_platform: platform_set_backend_cfg:becf: afe: Could not get ctl for mixer command - SLIM_0_TX Format
04-22 11:28:47.654   815 13732 V msm8974_platform: platform_send_audio_calibration: sending audio calibration for snd_device(136) acdb_id(62)
04-22 11:28:47.654   815 13732 D ACDB-LOADER: ACDB -> send_audio_cal, acdb_id = 62, path = 1, app id = 0x11130, sample rate = 48000, afe_sample_rate = 48000
04-22 11:28:47.654   815 13732 D ACDB-LOADER: ACDB -> send_asm_topology
04-22 11:28:47.654   815 13732 D ACDB-LOADER: ACDB -> ACDB_CMD_GET_AUDPROC_STREAM_TOPOLOGY_ID
04-22 11:28:47.654   815 13732 D ACDB-LOADER: ACDB -> send_adm_topology
04-22 11:28:47.654   815 13732 D ACDB-LOADER: ACDB -> ACDB_CMD_GET_AUDPROC_COMMON_TOPOLOGY_ID
04-22 11:28:47.655   815 13732 D ACDB-LOADER: ACDB -> send_audtable
04-22 11:28:47.655   815 13732 D ACDB-LOADER: ACDB -> ACDB_CMD_GET_AUDPROC_COMMON_TABLE_SIZE
04-22 11:28:47.655   815 13732 D ACDB-LOADER: ACDB -> ACDB_CMD_GET_AUDPROC_COMMON_TABLE
04-22 11:28:47.655   815 13732 D ACDB-LOADER: ACDB -> AUDIO_SET_AUDPROC_CAL cal_type[11] acdb_id[62] app_type[69936]
04-22 11:28:47.655   815 13732 D ACDB-LOADER: ACDB -> ACDB_CMD_GET_AUDPROC_STREAM_TABLE_SIZE
04-22 11:28:47.655   815 13732 D ACDB-LOADER: ACDB -> send_audstrmtable
04-22 11:28:47.655   815 13732 D ACDB-LOADER: ACDB -> ACDB_CMD_GET_AUDPROC_STREAM_TABLE_V2
04-22 11:28:47.655   815 13732 D ACDB-LOADER: ACDB -> audstrm_cal->cal_type.cal_data.cal_size = 16
04-22 11:28:47.655   815 13732 D ACDB-LOADER: ACDB -> send_afe_topology
04-22 11:28:47.655   815 13732 D ACDB-LOADER: ACDB -> ACDB_CMD_GET_AFE_TOPOLOGY_ID
04-22 11:28:47.655   815 13732 D ACDB-LOADER: ACDB -> GET_AFE_TOPOLOGY_ID for adcd_id 62, Topology Id 112fb
04-22 11:28:47.655   815 13732 D ACDB-LOADER: ACDB -> send_afe_cal
04-22 11:28:47.655   815 13732 D ACDB-LOADER: ACDB -> ACDB_CMD_GET_AFE_COMMON_TABLE_SIZE
04-22 11:28:47.655   815 13732 D         : Failed to fetch the lookup information of the device 0000003E 
04-22 11:28:47.655   815 13732 D ACDB-LOADER: Error: ACDB_CMD_GET_AFE_COMMON_TABLE_SIZE Returned = -19
04-22 11:28:47.655   815 13732 D ACDB-LOADER: ACDB -> ACDB_CMD_GET_AFE_COMMON_TABLE
04-22 11:28:47.655   815 13732 D         : Failed to fetch the lookup information of the device 0000003E 
04-22 11:28:47.655   815 13732 D ACDB-LOADER: Error: ACDB AFE returned = -19
04-22 11:28:47.655   815 13732 D ACDB-LOADER: ACDB -> AUDIO_SET_AFE_CAL cal_type[17] acdb_id[62]
04-22 11:28:47.655   815 13732 D ACDB-LOADER: ACDB -> send_hw_delay : acdb_id = 62 path = 1
04-22 11:28:47.655   815 13732 D ACDB-LOADER: ACDB -> ACDB_AVSYNC_INFO: ACDB_CMD_GET_DEVICE_PROPERTY
04-22 11:28:47.655   815 13732 D audio_hw_primary: enable_snd_device: snd_device(136: voice-rec-mic)
04-22 11:28:47.655   815 13732 D audio_route: Apply path: voice-rec-mic
04-22 11:28:47.658   815 13732 V msm8974_platform: platform_get_snd_device_backend_index: enter with device 136
04-22 11:28:47.658   815 13732 V msm8974_platform: platform_get_backend_index:napb: backend port - 6 device - 136 
04-22 11:28:47.658   815 13732 I audio_hw_utils: Set Audio Stream Capture 0 App Type Cfg: app_type 69936, acdb_dev_id 62, sample_rate 48000, snd_device_be_idx 3
04-22 11:28:47.658   815 13732 D audio_hw_primary: enable_audio_route: usecase(10) apply and update mixer path: audio-record
04-22 11:28:47.658   815 13732 D audio_route: Apply path: audio-record
04-22 11:28:47.721 21153 13729 W SpeechLevelGenerator: Really low audio levels detected. The audio input may have issues.
04-22 11:28:47.721 21153 21380 I MicroDetectionWorker: onReady
04-22 11:28:47.872 24881 29231 I chatty  : uid=10158(com.google.android.gms) lowpool[28] expire 7 lines
04-22 11:28:48.368 12679 12679 W adbd    : timeout expired while flushing socket, closing
04-22 11:28:48.673  1749  2039 I WifiService: enableTdls uid=10158 enable=false
04-22 11:28:48.677  1749   552 I WifiService: enableTdlsWithMacAddress uid=1000 enable=false
04-22 11:28:48.985  1749  2039 I WifiService: enableTdls uid=10158 enable=false
04-22 11:28:48.987 21460 13574 I chatty  : uid=10158 com.google.android.gms.persistent expire 2 lines
04-22 11:28:48.989  1749   552 I WifiService: enableTdlsWithMacAddress uid=1000 enable=false
04-22 11:28:49.295  1749  2039 I WifiService: enableTdls uid=10158 enable=false
04-22 11:28:49.299  1749   552 I WifiService: enableTdlsWithMacAddress uid=1000 enable=false
04-22 11:28:49.605  1749  2039 I WifiService: enableTdls uid=10158 enable=false
04-22 11:28:49.608  1749   552 I WifiService: enableTdlsWithMacAddress uid=1000 enable=false
04-22 11:28:49.610 21460 13571 I chatty  : uid=10158 com.google.android.gms.persistent expire 1 line
04-22 11:28:50.103 21460 13576 I chatty  : uid=10158 com.google.android.gms.persistent expire 1 line
04-22 11:28:50.113  2294  2675 I chatty  : uid=1002(bluetooth) Binder:2294_5 expire 12 lines
04-22 11:28:50.449  1749  2257 D NsdService: unregister service
04-22 11:28:50.449  1749  2257 D NsdService: mdnssd [stop-register, 26]
04-22 11:28:50.451   728  1296 D MDnsDS  : Stopping register with ref 0xa6b00dd0
04-22 11:28:50.451   728  1296 D MDnsDS  : freeServiceRef 26
04-22 11:28:50.451   728  1296 D MDnsDS  : triggering rescan
04-22 11:28:50.451   728  1295 D MDnsDS  : Monitor poll got data pollCount = 2, 2
04-22 11:28:50.451   728  1295 D MDnsDS  : Monitor found [1].revents = 32 - calling ProcessResults
04-22 11:28:50.452   728  1295 W /system/bin/netd: dnssd_clientstub DNSServiceProcessResult called with NULL DNSServiceRef
04-22 11:28:50.452   728  1295 D MDnsDS  : controlSocket shows revent= 1
04-22 11:28:50.452   728  1295 D MDnsDS  : MDnsSdListener::Monitor got 1
04-22 11:28:50.452   728  1295 D MDnsDS  : MDnsSdListener::Monitor poll rescanning - size=10, live=0
04-22 11:28:50.452   728  1295 D MDnsDS  : Going to poll with pollCount 1
04-22 11:28:50.458  1749  2039 I WifiService: releaseMulticastLock uid=10158
04-22 11:28:50.485 21460 13462 I chatty  : uid=10158 com.google.android.gms.persistent expire 2 lines
04-22 11:28:50.497  1749  1749 D BluetoothManagerService: Bluetooth Adapter name changed to moto e
04-22 11:28:50.497  1749  1749 D BluetoothManagerService: Stored Bluetooth name: moto e
04-22 11:28:50.497  1749  1749 V SettingsProvider: Notifying for 0: content://settings/secure/bluetooth_name
04-22 11:28:51.063   833 12353 E WifiHAL : Received fatal event, sending alert
04-22 11:28:51.063  1749  2379 W WifiVendorHal: onDebugErrorAlert 4104
04-22 11:28:51.153  2313  2395 W BluetoothEventManager: AclStateChangedHandler: activeDevice is null
04-22 11:28:51.178  8057  8057 D MCLOG   : [MC_Service] onStartcommand()
04-22 11:28:51.181 21153 21380 I BistoWorker: bluetoothConnectionStateChanged. Action: android.bluetooth.device.action.ACL_DISCONNECTED
04-22 11:28:51.186 21153 21380 I DeviceDetector: Not bonded or not refresh cache.
04-22 11:28:51.186 21153 21380 I BistoWorker: Not a bisto device: 6B:8C:15:35:74:00
04-22 11:28:51.271  2313  2395 W BluetoothEventManager: AclStateChangedHandler: activeDevice is null
04-22 11:28:51.285  8057  8057 D MCLOG   : [MC_Service] onStartcommand()
04-22 11:28:51.293 21153 21380 I BistoWorker: bluetoothConnectionStateChanged. Action: android.bluetooth.device.action.ACL_DISCONNECTED
04-22 11:28:51.301  2313  2395 W BluetoothEventManager: AclStateChangedHandler: activeDevice is null
04-22 11:28:51.306 21153 21380 I DeviceDetector: Not bonded or not refresh cache.
04-22 11:28:51.307 21153 21380 I BistoWorker: Not a bisto device: 5F:BF:CE:CD:34:4B
04-22 11:28:51.311  8057  8057 D MCLOG   : [MC_Service] onStartcommand()
04-22 11:28:51.325 21153 21380 I BistoWorker: bluetoothConnectionStateChanged. Action: android.bluetooth.device.action.ACL_DISCONNECTED
04-22 11:28:51.329 21153 21380 I DeviceDetector: Not bonded or not refresh cache.
04-22 11:28:51.330 21153 21380 I BistoWorker: Not a bisto device: 71:F0:C3:E4:09:7E
04-22 11:28:51.776 21460 13580 I chatty  : uid=10158(com.google.android.gms) highpool[465] expire 36 lines
04-22 11:28:52.547   812  1668 D NativeSensors: CapSensor:  mPendingEvent.distance=2.000000
04-22 11:28:52.831   812  1668 D NativeSensors: CapSensor:  mPendingEvent.distance=1.000000
04-22 11:28:53.025   812  1668 D NativeSensors: CapSensor:  mPendingEvent.distance=2.000000
04-22 11:28:53.161 13750 13750 I studio.deploy: DeltaInstall found API level:29
04-22 11:28:53.162 13750 13750 I studio.deploy: -t
04-22 11:28:53.162 13750 13750 I studio.deploy: --user
04-22 11:28:53.162 13750 13750 I studio.deploy: current
04-22 11:28:53.162 13750 13750 I studio.deploy: --full
04-22 11:28:53.162 13750 13750 I studio.deploy: --dont-kill
04-22 11:28:53.162 13750 13750 I studio.deploy: -r
04-22 11:28:53.257 13750 13750 I studio.deploy: DeltaInstall created session: '1946394865'
04-22 11:28:53.257 13750 13750 I studio.deploy: package
04-22 11:28:53.257 13750 13750 I studio.deploy: install-write
04-22 11:28:53.257 13750 13750 I studio.deploy: -S
04-22 11:28:53.257 13750 13750 I studio.deploy: 4147139
04-22 11:28:53.257 13750 13750 I studio.deploy: 1946394865
04-22 11:28:53.257 13750 13750 I studio.deploy: base.apk
04-22 11:28:53.360 21460 13577 I chatty  : uid=10158 com.google.android.gms.persistent expire 5 lines
04-22 11:28:53.403 13750 13750 I studio.deploy: Streaming succeeded for '/data/app/com.google.location.nearby.apps.connectedcrossroad-H6_Konch-kiQhIMcATJ18A==/base.apk'
04-22 11:28:53.403 13750 13750 I studio.deploy: package
04-22 11:28:53.403 13750 13750 I studio.deploy: install-commit
04-22 11:28:53.403 13750 13750 I studio.deploy: 1946394865
04-22 11:28:53.548 29193 29193 I Finsky  : [2] arkg.b(3): Verification requested, id = 30
04-22 11:28:53.573 29193 29193 E Finsky  : [2] VerifyPerSourceInstallationConsentInstallTask.f(2): Package name null is not an installed package
04-22 11:28:53.584 29193 13768 I Finsky  : [3198] arme.a(7): Single user settings service is not running, bind it now
04-22 11:28:53.595 29193 29193 I Finsky  : [2] armd.onServiceConnected(1): Single user settings service is connected
04-22 11:28:53.613 29193 13768 W Settings: Setting install_non_market_apps has moved from android.provider.Settings.Global to android.provider.Settings.Secure, returning read-only value.
04-22 11:28:53.758     0     0 W swapper/1: type=1400 audit(0.0:2610): avc: denied { kill } for uid=0 capability=5 scontext=u:r:kernel:s0 tcontext=u:r:kernel:s0 tclass=capability permissive=0
04-22 11:28:53.832 29193 13768 I Finsky  : [3198] qjm.c(3): Task 7 requested foreground
04-22 11:28:53.834 29193 13768 I Finsky  : [3198] qjm.c(8): Not entering foreground
04-22 11:28:53.963   728 13772 E ResolverController: No valid NAT64 prefix (101, <unspecified>/0)
04-22 11:28:54.215 29193 13774 I Finsky  : [3202] arsk.c(3): Verify: Verification package=com.google.location.nearby.apps.connectedcrossroad, id=30 response=0
04-22 11:28:54.268 29193 13768 I Finsky  : [3198] VerifyPerSourceInstallationConsentInstallTask.ng(2): PSIC verification started with installer uid: 2000 package name: null, originating uid: -1
04-22 11:28:54.277 29193 29193 I Finsky  : [2] VerifyInstallTask.g(3): Verifying id=30, result=1
