04-22 11:26:49.977  1749  1749 E LoadedApk: 	at android.app.LoadedApk.createAppFactory(LoadedApk.java:256)
04-22 11:26:49.977  1749  1749 E LoadedApk: 	at android.app.LoadedApk.updateApplicationInfo(LoadedApk.java:370)
04-22 11:26:49.977  1749  1749 E LoadedApk: 	at android.app.ActivityThread.handleDispatchPackageBroadcast(ActivityThread.java:6186)
04-22 11:26:49.977  1749  1749 E LoadedApk: 	at android.app.ActivityThread$H.handleMessage(ActivityThread.java:2108)
04-22 11:26:49.977  1749  1749 E LoadedApk: 	at android.os.Handler.dispatchMessage(Handler.java:107)
04-22 11:26:49.977  1749  1749 E LoadedApk: 	at android.os.Looper.loop(Looper.java:241)
04-22 11:26:49.977  1749  1749 E LoadedApk: 	at com.android.server.SystemServer.run(SystemServer.java:585)
04-22 11:26:49.977  1749  1749 E LoadedApk: 	at com.android.server.SystemServer.main(SystemServer.java:381)
04-22 11:26:49.977  1749  1749 E LoadedApk: 	at java.lang.reflect.Method.invoke(Native Method)
04-22 11:26:49.977  1749  1749 E LoadedApk: 	at com.android.internal.os.RuntimeInit$MethodAndArgsCaller.run(RuntimeInit.java:492)
04-22 11:26:49.977  1749  1749 E LoadedApk: 	at com.android.internal.os.ZygoteInit.main(ZygoteInit.java:919)
04-22 11:26:50.008  1749  3451 W BroadcastQueue: Background execution not allowed: receiving Intent { act=android.intent.action.PACKAGE_REPLACED dat=package:com.google.location.nearby.apps.connectedcrossroad flg=0x4000010 (has extras) } to com.facebook.appmanager/com.facebook.oxygen.common.packages.event.manifest.ManifestPackageEventReceiver
04-22 11:26:50.016  1749  1781 W BroadcastQueue: Background execution not allowed: receiving Intent { act=android.intent.action.PACKAGE_REPLACED dat=package:com.google.location.nearby.apps.connectedcrossroad flg=0x4000010 (has extras) } to com.google.android.apps.photos/.account.full.FetchAccountPropertiesAppUpgradeBroadcastReceiver
04-22 11:26:50.020  1749  1781 W BroadcastQueue: Background execution not allowed: receiving Intent { act=android.intent.action.PACKAGE_REPLACED dat=package:com.google.location.nearby.apps.connectedcrossroad flg=0x4000010 (has extras) } to com.google.android.apps.photos/.account.full.SyncAccountsForLoginBroadcastReceiver
04-22 11:26:50.021  1749  1781 W BroadcastQueue: Background execution not allowed: receiving Intent { act=android.intent.action.PACKAGE_REPLACED dat=package:com.google.location.nearby.apps.connectedcrossroad flg=0x4000010 (has extras) } to com.google.android.apps.photos/.notificationchannels.AppUpdateBroadcastReceiver
04-22 11:26:50.024  1749  1781 W BroadcastQueue: Background execution not allowed: receiving Intent { act=android.intent.action.PACKAGE_REPLACED dat=package:com.google.location.nearby.apps.connectedcrossroad flg=0x4000010 (has extras) } to com.google.android.gms/.gass.chimera.PackageChangeBroadcastReceiver
04-22 11:26:50.025  1749  1781 W BroadcastQueue: Background execution not allowed: receiving Intent { act=android.intent.action.PACKAGE_REPLACED dat=package:com.google.location.nearby.apps.connectedcrossroad flg=0x4000010 (has extras) } to com.google.android.gms/.chimera.GmsIntentOperationService$PersistentTrustedReceiver
04-22 11:26:50.025  1749  1781 W BroadcastQueue: Background execution not allowed: receiving Intent { act=android.intent.action.PACKAGE_REPLACED dat=package:com.google.location.nearby.apps.connectedcrossroad flg=0x4000010 (has extras) } to com.google.android.googlequicksearchbox/com.google.android.apps.gsa.googlequicksearchbox.GelStubAppWatcher
04-22 11:26:50.031  1749  1749 W Looper  : Drained
04-22 11:26:50.032  1749  1781 W BroadcastQueue: Background execution not allowed: receiving Intent { act=android.intent.action.PACKAGE_REPLACED dat=package:com.google.location.nearby.apps.connectedcrossroad flg=0x4000010 (has extras) } to com.google.android.ims/.receivers.RcsAutoStartReceiver
04-22 11:26:50.036  1749  1781 W BroadcastQueue: Background execution not allowed: receiving Intent { act=android.intent.action.PACKAGE_REPLACED dat=package:com.google.location.nearby.apps.connectedcrossroad flg=0x4000010 (has extras) } to com.motorola.ccc.notification/.gcm.GCMAdminReceiver
04-22 11:26:50.037  1749  1781 W BroadcastQueue: Background execution not allowed: receiving Intent { act=android.intent.action.PACKAGE_REPLACED dat=package:com.google.location.nearby.apps.connectedcrossroad flg=0x4000010 (has extras) } to com.verizon.loginengine.unbranded/com.verizon.vzwavs.AVSSystemReceiver
04-22 11:26:50.326  1749  2917 I ActivityTaskManager: START u0 {act=android.intent.action.MAIN cat=[android.intent.category.LAUNCHER] flg=0x10000000 cmp=com.google.location.nearby.apps.connectedcrossroad/nx.aodv.eval.MainActivity} from uid 2000
04-22 11:26:50.327  1749  2917 D ActivityTaskManager: getPreferredLaunchDisplay usersetdisplayid -1 current displayId 0 paramspreferid 0
04-22 11:26:50.327  1749  2917 D ActivityTaskManager: getPreferredLaunchDisplay usersetdisplayid -1 current displayId 0 paramspreferid 0
04-22 11:26:50.331  1749  2917 D ActivityTaskManager: getPreferredLaunchDisplay usersetdisplayid 0 current displayId 0 paramspreferid 0
04-22 11:26:50.357  1749  1749 V SettingsProvider: Notifying for 0: content://settings/secure/reminder_exp_learning_time_elapsed
04-22 11:26:50.358  1749  1769 W Looper  : Drained
04-22 11:26:50.365  1749  1773 V WindowManager: Changing focus from Window{733e816 u0 com.motorola.launcher3/com.android.launcher3.CustomizationPanelLauncher} to null displayId=0
04-22 11:26:50.370  1749  1782 I ActivityManager: Start proc 13385:com.google.location.nearby.apps.connectedcrossroad/u0a216 for activity {com.google.location.nearby.apps.connectedcrossroad/nx.aodv.eval.MainActivity}
04-22 11:26:50.428  1749  1773 I WindowManager:   SURFACE show Surface(name=Splash Screen com.google.location.nearby.apps.connectedcrossroad)/@0x8d42090 on display:0: Splash Screen com.google.location.nearby.apps.connectedcrossroad
04-22 11:26:50.722  1749  1767 I WindowManager: Window drawn AppWindowToken{7a5d47e token=Token{e022639 ActivityRecord{9980e00 u0 com.motorola.launcher3/com.android.launcher3.CustomizationPanelLauncher t3}}}
04-22 11:26:51.052  1749  2749 V WindowManager: Changing focus from null to Window{a7f4aa2 u0 com.google.location.nearby.apps.connectedcrossroad/nx.aodv.eval.MainActivity} displayId=0
04-22 11:26:51.196  1749  1773 I LaunchCheckinHandler: Displayed com.google.location.nearby.apps.connectedcrossroad/nx.aodv.eval.MainActivity,cp,ca,847
04-22 11:26:51.196  1749  1773 I WindowManager: Window drawn AppWindowToken{3ee9b1d token=Token{ff377f4 ActivityRecord{df6f5c7 u0 com.google.location.nearby.apps.connectedcrossroad/nx.aodv.eval.MainActivity t46}}}
04-22 11:26:51.197  1749  1773 I WindowManager:   SURFACE show Surface(name=com.google.location.nearby.apps.connectedcrossroad/nx.aodv.eval.MainActivity)/@0xaab6eee on display:0: com.google.location.nearby.apps.connectedcrossroad/nx.aodv.eval.MainActivity
04-22 11:26:52.102  1749  7787 I ActivityManager: Killing 12094:com.google.android.videos/u0a173 (adj 985): empty #17
04-22 11:26:52.151  1749  5123 D ActivityManager: makeInactive, ProcessRecord{254755d 12094:com.google.android.videos/u0a173}, clear holder.state
04-22 11:26:53.940  1749  1773 I WindowManager:   SURFACE show Surface(name=InputMethod)/@0x7308f5a on display:0: InputMethod
04-22 11:26:54.884  1749  5123 W ProcessStats: Tracking association SourceState{53fc1f0 com.google.android.gms.persistent/10158 ImpFg #91656} whose proc state 2 is better than process ProcessState{d084d42 com.google.android.gms/10158 pkg=com.google.android.gms} proc state 3 (1 skipped)
--------- beginning of main
04-22 11:26:54.942  2294  2614 I chatty  : uid=1002(bluetooth) btu message loo expire 20 lines
04-22 11:26:54.991  2294  2358 I chatty  : uid=1002(bluetooth) BT Service Call expire 33 lines
04-22 11:26:54.991  1749  1749 D BluetoothManagerService: Bluetooth Adapter name changed to Ii12TUJbye0AAAAAAAAAATI
04-22 11:26:54.992  1749  1749 D BluetoothManagerService: Stored Bluetooth name: Ii12TUJbye0AAAAAAAAAATI
04-22 11:26:54.993  1749  1749 V SettingsProvider: Notifying for 0: content://settings/secure/bluetooth_name
04-22 11:26:54.998  2294  2311 I chatty  : uid=1002(bluetooth) Binder:2294_1 expire 11 lines
04-22 11:26:55.343  1749  2257 D NsdService: Register service
04-22 11:26:55.343  1749  2257 D NsdService: registerService: 26 name: Ii12TUJbye0AAA, type: _5BC9ED5E6C75._tcp, host: null, port: 40957, txtRecord: n=MgIPv4=192.168.1.65
04-22 11:26:55.344  1749  2257 D NsdService: mdnssd [register, 26, Ii12TUJbye0AAA, _5BC9ED5E6C75._tcp, 40957, BG49TWcRSVB2ND0xOTIuMTY4LjEuNjU=]
04-22 11:26:55.344   728  1296 D MDnsDS  : serviceRegister(26, (null), Ii12TUJbye0AAA, _5BC9ED5E6C75._tcp, (null), (null), 40957, 23, <binary>)
04-22 11:26:55.345   728  1296 D MDnsDS  : startMonitoring 26
04-22 11:26:55.345   728  1296 D MDnsDS  : triggering rescan
04-22 11:26:55.345   728  1296 D MDnsDS  : serviceRegister successful
04-22 11:26:55.345   728  1295 D MDnsDS  : Monitor poll got data pollCount = 1, 1
04-22 11:26:55.345   728  1295 D MDnsDS  : controlSocket shows revent= 1
04-22 11:26:55.345   728  1295 D MDnsDS  : MDnsSdListener::Monitor got 1
04-22 11:26:55.345   728  1295 D MDnsDS  : MDnsSdListener::Monitor poll rescanning - size=10, live=1
04-22 11:26:55.345   728  1295 D MDnsDS  : Going to poll with pollCount 2
04-22 11:26:55.346  1749  2257 D NsdService: Register 26 26
04-22 11:26:55.865  2997  2997 I ShortcutsDataManager: AbstractContentDataManager.startImportContentTask():208 startImportContentTask()
04-22 11:26:55.900  2997  2997 I KeyboardViewUtil: KeyboardViewUtil.getKeyboardHeightRatio():127 systemKeyboardHeightRatio:1.000000; userKeyboardHeightRatio:1.000000.
04-22 11:26:55.901  2997  2997 I AndroidIME: AbstractIme.onActivate():83 LatinIme.onActivate() : EditorInfo = Package = com.google.location.nearby.apps.connectedcrossroad : Type = Text : Learning = Enable : Suggestion = Show : AutoCorrection = Enable : Microphone = Show : NoPersonalizedLearning = Disable, IncognitoMode = false
04-22 11:26:55.901  2997  2997 I Delight5Facilitator: Delight5Facilitator.initializeForIme():574 initializeForIme() : Locale = [en_US], layout = qwerty
04-22 11:26:55.901  2997  2997 I VoiceInputManagerWrapper: VoiceInputManagerWrapper.cancelShutdown():54 cancelShutdown()
04-22 11:26:55.902  2997  2997 I VoiceInputManagerWrapper: VoiceInputManagerWrapper.syncLanguagePacks():66 syncLanguagePacks()
04-22 11:26:55.902  2997 25136 I SpeechFactory: SpeechRecognitionFactory.maybeScheduleAutoPackDownloadForFallback():155 maybeScheduleAutoPackDownloadForFallback()
04-22 11:26:55.902  2997 25136 I FallbackOnDeviceRecognitionProvider: FallbackOnDeviceRecognitionProvider.maybeScheduleAutoPackDownload():200 maybeScheduleAutoPackDownload() for language tag en-US
04-22 11:26:55.904  2997  2997 I KeyboardWrapper: KeyboardWrapper.consumeEvent():264 Skip consuming an event as current keyboard is deactivated (state=0, keyboard existence=true)
04-22 11:26:55.906  2997  2997 E KeyboardViewController: KeyboardViewController.clearSubViewControllerInternal():373 Clears keyboard sub view controller for keyboardType: null, viewType: HEADER, viewId: 2131432509(softkey_holder_fixed_candidates),which has not been set.
04-22 11:26:55.906  2997  2997 E KeyboardViewController: jjy
04-22 11:26:55.906  2997  2997 E KeyboardViewController: 	at djm.b(PG:17)
04-22 11:26:55.906  2997  2997 E KeyboardViewController: 	at djm.a(PG:12)
04-22 11:26:55.906  2997  2997 E KeyboardViewController: 	at bna.c(PG:99)
04-22 11:26:55.906  2997  2997 E KeyboardViewController: 	at com.google.android.apps.inputmethod.latin.keyboard.LatinSymbolsKeyboard.b(PG:19)
04-22 11:26:55.906  2997  2997 E KeyboardViewController: 	at dkc.a(PG:38)
04-22 11:26:55.906  2997  2997 E KeyboardViewController: 	at dia.a(PG:44)
04-22 11:26:55.906  2997  2997 E KeyboardViewController: 	at dkc.a(PG:52)
04-22 11:26:55.906  2997  2997 E KeyboardViewController: 	at dfq.a(PG:29)
04-22 11:26:55.906  2997  2997 E KeyboardViewController: 	at dfq.C(PG:22)
04-22 11:26:55.906  2997  2997 E KeyboardViewController: 	at dfu.d(PG:11)
04-22 11:26:55.906  2997  2997 E KeyboardViewController: 	at dfu.b(PG:109)
04-22 11:26:55.906  2997  2997 E KeyboardViewController: 	at com.android.inputmethod.latin.LatinIME.b(PG:333)
04-22 11:26:55.906  2997  2997 E KeyboardViewController: 	at dew.onStartInputView(PG:755)
04-22 11:26:55.906  2997  2997 E KeyboardViewController: 	at android.inputmethodservice.InputMethodService.startViews(InputMethodService.java:2001)
04-22 11:26:55.906  2997  2997 E KeyboardViewController: 	at android.inputmethodservice.InputMethodService.showWindow(InputMethodService.java:1930)
04-22 11:26:55.906  2997  2997 E KeyboardViewController: 	at android.inputmethodservice.InputMethodService$InputMethodImpl.showSoftInput(InputMethodService.java:648)
04-22 11:26:55.906  2997  2997 E KeyboardViewController: 	at android.inputmethodservice.IInputMethodWrapper.executeMessage(IInputMethodWrapper.java:220)
04-22 11:26:55.906  2997  2997 E KeyboardViewController: 	at com.android.internal.os.HandlerCaller$MyHandler.handleMessage(HandlerCaller.java:44)
04-22 11:26:55.906  2997  2997 E KeyboardViewController: 	at android.os.Handler.dispatchMessage(Handler.java:107)
04-22 11:26:55.906  2997  2997 E KeyboardViewController: 	at android.os.Looper.loop(Looper.java:241)
04-22 11:26:55.906  2997  2997 E KeyboardViewController: 	at android.app.ActivityThread.main(ActivityThread.java:7604)
04-22 11:26:55.906  2997  2997 E KeyboardViewController: 	at java.lang.reflect.Method.invoke(Native Method)
04-22 11:26:55.906  2997  2997 E KeyboardViewController: 	at com.android.internal.os.RuntimeInit$MethodAndArgsCaller.run(RuntimeInit.java:492)
04-22 11:26:55.906  2997  2997 E KeyboardViewController: 	at com.android.internal.os.ZygoteInit.main(ZygoteInit.java:941)
04-22 11:26:55.935  2997  2997 W KeyboardModeManager: KeyboardModeManager.setInputView():359 setInputView() : inputView = com.google.android.apps.inputmethod.libs.framework.core.InputView{a223891 V.E...... ......ID 0,0-720,1380}
04-22 11:26:55.937  2997  2997 I ConversationToQueryExtension: ConversationToQueryExtension.isEnabledForHostApp():254 Conv2Query not enabled due to current app [com.google.location.nearby.apps.connectedcrossroad] not in whitelist
04-22 11:26:55.937  2997  2997 I ConversationToQueryExtension: ConversationToQueryExtension.onActivate():165 onActivate() : Disabled by unsupported host app
04-22 11:26:55.940  2997  3624 I ShortcutsDataManager: AbstractContentDataManager$ImportContentTask.doInBackground():222 doInBackground()
04-22 11:26:55.941  2997  3624 I PersonalDictionaryDataHandler: PersonalDictionaryDataHandler.beginProcess():111 LanguageTags = [en-US]
04-22 11:26:55.980  1749  1773 I WindowManager:   SURFACE show Surface(name=InputMethod)/@0xdf14e6a on display:0: InputMethod
04-22 11:26:56.009  2997  3624 I ShortcutsDataManager: AbstractContentDataManager.importRecords():312 importRecords() : Success : Count = 0
04-22 11:26:56.012  2997  3624 I ShortcutsDataManager: AbstractContentDataManager.importContentData():262 importContentData() : Ending import process
04-22 11:26:56.025  2997  3624 I PersonalLanguageModelUpdater: PersonalLanguageModelUpdater$UpdateOperation.performInternal():160 run() : Added 0 words and 0 shortcuts
04-22 11:26:56.025  2997  3624 I DynamicLanguageModelOperation: DynamicLanguageModelOperation.perform():37 perform() : 4 : chw : Completed
04-22 11:26:56.026  2997  3983 I Delight5Decoder: Delight5DecoderWrapper.loadLanguageModel():551 loadLanguageModel() : 4, version [n/a]
04-22 11:26:56.026  2997  2997 I ShortcutsDataManager: AbstractContentDataManager$ImportContentTask.onPostExecute():233 onPostExecute() : Result = [2,0]
04-22 11:26:56.026  2997  2997 I ShortcutsDataManager: ShortcutsDataManager.onImportFinished():99 onImportFinished() : Result = 2 : Count = 0
04-22 11:26:56.026  2997  3983 I Delight5Decoder: Delight5DecoderWrapper.loadLanguageModel():589 Loaded dynamic LM 4.en
04-22 11:26:56.070   728  1295 D MDnsDS  : Monitor poll got data pollCount = 2, 1
04-22 11:26:56.070   728  1295 D MDnsDS  : Monitor found [1].revents = 1 - calling ProcessResults
04-22 11:26:56.070   728  1295 D MDnsDS  : register succeeded for 26 as Ii12TUJbye0AAA
04-22 11:26:56.070   728  1295 D MDnsDS  : controlSocket shows revent= 0
04-22 11:26:56.070   728  1295 D MDnsDS  : Going to poll with pollCount 2
04-22 11:26:56.070  1749  2257 D NsdService: Native daemon message SERVICE_REGISTERED: 606 26 "Ii12TUJbye0AAA"
04-22 11:26:56.072 21460 13103 I chatty  : uid=10158 com.google.android.gms.persistent expire 28 lines
04-22 11:26:56.108  2294  2588 I chatty  : uid=1002(bluetooth) BluetoothScanMa expire 28 lines
04-22 11:26:56.165  1749  2917 I WifiService: acquireMulticastLock uid=10158
04-22 11:26:56.624  2997  9985 I TiresiasImpl: TiresiasImpl.resetSession():1228 resetSession(): Reset failed, no active session.
04-22 11:26:56.773  2997  2997 I KeyboardWrapper: KeyboardWrapper.consumeEvent():264 Skip consuming an event as current keyboard is deactivated (state=0, keyboard existence=true)
04-22 11:26:56.773  2997  2997 I VoiceInputManagerWrapper: VoiceInputManagerWrapper.shutdown():76 shutdown()
04-22 11:26:56.774  2997  2997 I AndroidIME: AbstractIme.onDeactivate():145 LatinIme.onDeactivate()
04-22 11:26:56.831  2997  2997 I KeyboardViewUtil: KeyboardViewUtil.getKeyboardHeightRatio():127 systemKeyboardHeightRatio:1.000000; userKeyboardHeightRatio:1.000000.
04-22 11:26:56.832  2997  2997 I AndroidIME: AbstractIme.onActivate():83 LatinIme.onActivate() : EditorInfo = Package = com.google.location.nearby.apps.connectedcrossroad : Type = Text : Learning = Enable : Suggestion = Show : AutoCorrection = Enable : Microphone = Show : NoPersonalizedLearning = Disable, IncognitoMode = false
04-22 11:26:56.833  2997  2997 I Delight5Facilitator: Delight5Facilitator.initializeForIme():574 initializeForIme() : Locale = [en_US], layout = qwerty
04-22 11:26:56.833  2997  2997 I VoiceInputManagerWrapper: VoiceInputManagerWrapper.cancelShutdown():54 cancelShutdown()
04-22 11:26:56.833  2997  2997 I VoiceInputManagerWrapper: VoiceInputManagerWrapper.syncLanguagePacks():66 syncLanguagePacks()
04-22 11:26:56.834  2997 25136 I SpeechFactory: SpeechRecognitionFactory.maybeScheduleAutoPackDownloadForFallback():155 maybeScheduleAutoPackDownloadForFallback()
04-22 11:26:56.834  2997 25136 I FallbackOnDeviceRecognitionProvider: FallbackOnDeviceRecognitionProvider.maybeScheduleAutoPackDownload():200 maybeScheduleAutoPackDownload() for language tag en-US
04-22 11:26:56.837  2997  2997 I KeyboardWrapper: KeyboardWrapper.consumeEvent():264 Skip consuming an event as current keyboard is deactivated (state=0, keyboard existence=true)
04-22 11:26:56.839  2997  2997 E KeyboardViewController: KeyboardViewController.clearSubViewControllerInternal():373 Clears keyboard sub view controller for keyboardType: null, viewType: HEADER, viewId: 2131432509(softkey_holder_fixed_candidates),which has not been set.
04-22 11:26:56.839  2997  2997 E KeyboardViewController: jjy
04-22 11:26:56.839  2997  2997 E KeyboardViewController: 	at djm.b(PG:17)
04-22 11:26:56.839  2997  2997 E KeyboardViewController: 	at djm.a(PG:12)
04-22 11:26:56.839  2997  2997 E KeyboardViewController: 	at bna.c(PG:99)
04-22 11:26:56.839  2997  2997 E KeyboardViewController: 	at com.google.android.apps.inputmethod.latin.keyboard.LatinSymbolsKeyboard.b(PG:19)
04-22 11:26:56.839  2997  2997 E KeyboardViewController: 	at dkc.a(PG:38)
04-22 11:26:56.839  2997  2997 E KeyboardViewController: 	at dia.a(PG:44)
04-22 11:26:56.839  2997  2997 E KeyboardViewController: 	at dkc.a(PG:52)
04-22 11:26:56.839  2997  2997 E KeyboardViewController: 	at dfq.a(PG:29)
04-22 11:26:56.839  2997  2997 E KeyboardViewController: 	at dfq.C(PG:22)
04-22 11:26:56.839  2997  2997 E KeyboardViewController: 	at dfu.d(PG:11)
04-22 11:26:56.839  2997  2997 E KeyboardViewController: 	at dfu.b(PG:109)
04-22 11:26:56.839  2997  2997 E KeyboardViewController: 	at com.android.inputmethod.latin.LatinIME.b(PG:333)
04-22 11:26:56.839  2997  2997 E KeyboardViewController: 	at dew.onStartInputView(PG:755)
04-22 11:26:56.839  2997  2997 E KeyboardViewController: 	at android.inputmethodservice.InputMethodService.doStartInput(InputMethodService.java:2153)
04-22 11:26:56.839  2997  2997 E KeyboardViewController: 	at android.inputmethodservice.InputMethodService$InputMethodImpl.startInput(InputMethodService.java:566)
04-22 11:26:56.839  2997  2997 E KeyboardViewController: 	at android.inputmethodservice.InputMethodService$InputMethodImpl.dispatchStartInputWithToken(InputMethodService.java:595)
04-22 11:26:56.839  2997  2997 E KeyboardViewController: 	at android.inputmethodservice.IInputMethodWrapper.executeMessage(IInputMethodWrapper.java:194)
04-22 11:26:56.839  2997  2997 E KeyboardViewController: 	at com.android.internal.os.HandlerCaller$MyHandler.handleMessage(HandlerCaller.java:44)
04-22 11:26:56.839  2997  2997 E KeyboardViewController: 	at android.os.Handler.dispatchMessage(Handler.java:107)
04-22 11:26:56.839  2997  2997 E KeyboardViewController: 	at android.os.Looper.loop(Looper.java:241)
04-22 11:26:56.839  2997  2997 E KeyboardViewController: 	at android.app.ActivityThread.main(ActivityThread.java:7604)
04-22 11:26:56.839  2997  2997 E KeyboardViewController: 	at java.lang.reflect.Method.invoke(Native Method)
04-22 11:26:56.839  2997  2997 E KeyboardViewController: 	at com.android.internal.os.RuntimeInit$MethodAndArgsCaller.run(RuntimeInit.java:492)
04-22 11:26:56.839  2997  2997 E KeyboardViewController: 	at com.android.internal.os.ZygoteInit.main(ZygoteInit.java:941)
04-22 11:26:56.880  2997  2997 W KeyboardModeManager: KeyboardModeManager.setInputView():359 setInputView() : inputView = com.google.android.apps.inputmethod.libs.framework.core.InputView{a223891 V.E...... ......ID 0,0-720,1380}
04-22 11:26:56.882  2997  2997 I ConversationToQueryExtension: ConversationToQueryExtension.isEnabledForHostApp():254 Conv2Query not enabled due to current app [com.google.location.nearby.apps.connectedcrossroad] not in whitelist
04-22 11:26:56.883  2997  2997 I ConversationToQueryExtension: ConversationToQueryExtension.onActivate():165 onActivate() : Disabled by unsupported host app
04-22 11:26:57.301  2997  9985 I TiresiasImpl: TiresiasImpl.resetSession():1228 resetSession(): Reset failed, no active session.
04-22 11:26:57.309  2997  3983 I native  : dynamic-oov-words.cc:213 AddPendingWords: 2 -> 0 0 ms
04-22 11:26:57.452  2997  9985 I TiresiasImpl: TiresiasImpl.resetSession():1228 resetSession(): Reset failed, no active session.
04-22 11:26:58.359  2997  9985 I TiresiasImpl: TiresiasImpl.resetSession():1228 resetSession(): Reset failed, no active session.
04-22 11:26:58.533  2997  2997 I KeyboardWrapper: KeyboardWrapper.consumeEvent():264 Skip consuming an event as current keyboard is deactivated (state=0, keyboard existence=true)
04-22 11:26:58.533  2997  2997 I VoiceInputManagerWrapper: VoiceInputManagerWrapper.shutdown():76 shutdown()
04-22 11:26:58.534  2997  2997 I AndroidIME: AbstractIme.onDeactivate():145 LatinIme.onDeactivate()
04-22 11:26:59.853   812  1668 D NativeSensors: CapSensor:  mPendingEvent.distance=1.000000
04-22 11:27:00.025  2313  2313 W View    : requestLayout() improperly called by com.android.systemui.statusbar.HeadsUpStatusBarView{e5b882e I.E...... ......ID 0,0-248,56 #7f0a01f7 app:id/heads_up_status_bar_view} during layout: running second layout pass
04-22 11:27:00.042   812  1668 D NativeSensors: CapSensor:  mPendingEvent.distance=2.000000
04-22 11:27:01.563 29193 29297 I PlayCommon: [2879] bbeo.h(22): Preparing logs for uploading
04-22 11:27:01.577 29193 29297 W PlayCommon: [2879] bbeo.m(1): No account for auth token provided
04-22 11:27:01.578 29193 29297 I PlayCommon: [2879] bbeo.h(167): Connecting to server: https://play.googleapis.com/play/log?format=raw&proto_v2=true
04-22 11:27:01.639 21153 21380 I WorkerManager: dispose()
04-22 11:27:01.641 21153 21380 W ThreadPoolDumper: Queue length for executor EventBus is now 11. Perhaps some tasks are too long, or the pool is too small.
04-22 11:27:01.726   728 13498 E ResolverController: No valid NAT64 prefix (101, <unspecified>/0)
04-22 11:27:02.239 29193 29297 I PlayCommon: [2879] bbeo.h(199): Successfully uploaded logs.
04-22 11:27:03.338 21460 13250 I chatty  : uid=10158 com.google.android.gms.persistent expire 28 lines
04-22 11:27:03.738     0     0 W swapper/1: type=1400 audit(0.0:2599): avc: denied { kill } for uid=0 capability=5 scontext=u:r:kernel:s0 tcontext=u:r:kernel:s0 tclass=capability permissive=0
04-22 11:27:04.932  1749  1749 W ProcessStats: Tracking association SourceState{53fc1f0 com.google.android.gms.persistent/10158 ImpFg #91708} whose proc state 2 is better than process ProcessState{d084d42 com.google.android.gms/10158 pkg=com.google.android.gms} proc state 3 (7 skipped)
04-22 11:27:04.972 29193 29193 I Finsky  : [2] ahaz.a(4): SCH: onJobSchedulerWakeup with jobId 9001
04-22 11:27:05.152 29193 29193 I Finsky  : [2] aguz.handleMessage(4): SCH: DeviceState: DeviceState{currentTime=1619105225145, isCharging=false, isIdle=false, netAny=true, netNotRoaming=true, netUnmetered=true, batteryPercent=32.0}
04-22 11:27:05.169 29193 13350 I Finsky  : [3187] agxj.b(5): SCH: Jobs in database: 1-1337 3-25 12-1 26-1414141414 
04-22 11:27:05.180 29193 29193 I Finsky  : [2] agva.m(9): SCH: Running job: 12-1
04-22 11:27:05.182 29193 29193 I Finsky  : [2] ContentSyncJob.s(1): [ContentSync] job started
04-22 11:27:05.184 29193 29193 I Finsky  : [2] aguz.handleMessage(29): SCH: RunningQueue size: 1, PendingQueue size: 0
04-22 11:27:05.184 29193 29193 I Finsky  : [2] aguz.handleMessage(32): SCH: Running queue: 12-1 
04-22 11:27:05.281  2294  2311 I chatty  : uid=1002(bluetooth) Binder:2294_1 expire 10 lines
04-22 11:27:05.288  2294 25292 I chatty  : uid=1002(bluetooth) Binder:2294_6 expire 14 lines
04-22 11:27:05.294  2294  2614 I chatty  : uid=1002(bluetooth) btu message loo expire 138 lines
04-22 11:27:05.294  2294  2358 I chatty  : uid=1002(bluetooth) BT Service Call expire 102 lines
04-22 11:27:05.435 29193 13371 I Finsky  : [3193] hop.b(1): Completed 0 account content syncs with 0 successful.
04-22 11:27:05.435 29193 29193 I Finsky  : [2] ContentSyncJob.a(1): [ContentSync] Installation state replication succeeded.
04-22 11:27:05.436 29193 29193 I Finsky  : [2] agwa.n(4): SCH: jobFinished: 12-1. TimeElapsed: 255ms.
04-22 11:27:05.436 29193 29193 I Finsky  : [2] agva.b(3): SCH: Job 12-1 finished. Not rescheduling.
04-22 11:27:05.437 29193 29193 I Finsky  : [2] aguz.handleMessage(29): SCH: RunningQueue size: 0, PendingQueue size: 0
04-22 11:27:05.437 29193 29193 I Finsky  : [2] aguz.handleMessage(10): SCH: Executor finished
04-22 11:27:05.448 29193 29193 I Finsky  : [2] agxj.b(5): SCH: Jobs in database: 1-1337 3-25 26-1414141414 
04-22 11:27:05.452 29193 29193 I Finsky  : [2] agvn.h(37): SCH: ConstraintMapping: 1-1337,  -> L: 26010343ms, D: 69210343ms, C: false, I: false, N: 1
04-22 11:27:05.452 29193 29193 I Finsky  : [2] agvn.h(37): SCH: ConstraintMapping: 3-25,  -> L: 0ms, D: 80380438ms, C: true, I: true, N: 2
04-22 11:27:05.453 29193 29193 I Finsky  : [2] agvn.h(37): SCH: ConstraintMapping: 26-1414141414,  -> L: 38626832ms, D: 39526832ms, C: false, I: false, N: 0
04-22 11:27:05.460 29193 29193 I Finsky  : [2] agvn.j(7): SCH: Cancelling existing jobscheduler jobs: 9004 9003 
04-22 11:27:05.461 29193 29193 I Finsky  : [2] agvn.i(11): SCH: Scheduling job Id: 9000, L: 26010343, D: 69210343, C: false, I: false, N: 1
04-22 11:27:05.463 29193 29193 I Finsky  : [2] agvn.e(4): SCH: Throttling wakeup for job 9002 (expected to run in 0 ms) due to recent wakeup
04-22 11:27:05.463 29193 29193 I Finsky  : [2] agvn.i(11): SCH: Scheduling job Id: 9002, L: 30000, D: 80380438, C: true, I: true, N: 2
04-22 11:27:05.465 29193 29193 I Finsky  : [2] agvn.i(11): SCH: Scheduling job Id: 9005, L: 38626832, D: 39526832, C: false, I: false, N: 0
04-22 11:27:05.650   833 12353 E WifiHAL : Received fatal event, sending alert
04-22 11:27:05.651  1749 18151 W WifiVendorHal: onDebugErrorAlert 4104
04-22 11:27:05.654  2313  2395 W BluetoothEventManager: AclStateChangedHandler: activeDevice is null
04-22 11:27:05.673  8057  8057 D MCLOG   : [MC_Service] onStartcommand()
04-22 11:27:05.700 21460 21460 I chatty  : uid=10158 com.google.android.gms.persistent expire 11 lines
04-22 11:27:05.740 21153 21380 I MicroDataManager: isInitializing-false locale not changed-true model not changed-true
04-22 11:27:05.746 21153 21380 I BistoWorker: bluetoothConnectionStateChanged. Action: android.bluetooth.device.action.ACL_CONNECTED
04-22 11:27:05.747 21153 21380 I BistoWorker: Ignoring non-bonded action android.bluetooth.device.action.ACL_CONNECTED for device 5F:BF:CE:CD:34:4B
04-22 11:27:05.747 21153 21380 I MicroDetectionState: Should stop hotword detection immediately - false
04-22 11:27:06.700 21460 21810 I chatty  : uid=10158(com.google.android.gms) Binder:21460_9 expire 8 lines
04-22 11:27:07.453  2294 25465 I chatty  : uid=1002(bluetooth) Binder:2294_7 expire 10 lines
04-22 11:27:07.460  2294 13523 I chatty  : uid=1002(bluetooth) com.android.bluetooth expire 2 lines
04-22 11:27:07.523 13385 13385 D connectedcrossroad: onEndpointFound: Connecting to I53p
04-22 11:27:07.530  2294  2588 I chatty  : uid=1002(bluetooth) BluetoothScanMa expire 12 lines
04-22 11:27:07.534 21460 13103 I chatty  : uid=10158 com.google.android.gms.persistent expire 11 lines
04-22 11:27:07.535 21460 13524 I chatty  : uid=10158 com.google.android.gms.persistent expire 13 lines
04-22 11:27:10.896  8057  8057 D MCLOG   : [MC_Service] onStartcommand()
04-22 11:27:10.897 21153 21380 I BistoWorker: bluetoothConnectionStateChanged. Action: android.bluetooth.device.action.ACL_CONNECTED
04-22 11:27:10.900 21153 21380 I BistoWorker: Ignoring non-bonded action android.bluetooth.device.action.ACL_CONNECTED for device CC:0D:F2:9B:B3:3E
04-22 11:27:11.313  2313  2395 D CachedBluetoothDevice: Device name: Ikk1M3Bbye0AAAAAAAAAATU
04-22 11:27:11.335 21460 13525 I chatty  : uid=10158 com.google.android.gms.persistent expire 7 lines
04-22 11:27:13.115  8057  8057 D MCLOG   : [MC_Service] onStartcommand()
04-22 11:27:13.125 21153 21380 I BistoWorker: bluetoothConnectionStateChanged. Action: android.bluetooth.device.action.ACL_DISCONNECTED
04-22 11:27:13.137 21153 21380 I DeviceDetector: Not bonded or not refresh cache.
04-22 11:27:13.137 21153 21380 I BistoWorker: Not a bisto device: CC:0D:F2:9B:B3:3E
04-22 11:27:13.741     0     0 W swapper/0: type=1400 audit(0.0:2600): avc: denied { kill } for uid=0 capability=5 scontext=u:r:kernel:s0 tcontext=u:r:kernel:s0 tclass=capability permissive=0
04-22 11:27:15.628 12349 12349 I wpa_supplicant: TDLS: Failed to send message (action_code=14)
04-22 11:27:15.839   728  1298 D NetdFwmarkServer: Cmd 0: 0, 10158: UserP=3, fwmark=1F0065
04-22 11:27:15.846  1749  5123 I WifiService: enableTdls uid=10158 enable=true
04-22 11:27:15.851  1749   552 I WifiService: enableTdlsWithMacAddress uid=1000 enable=true
04-22 11:27:15.854 12349 12349 I wpa_supplicant: TDLS: Failed to send message (action_code=10)
04-22 11:27:15.854 12349 12349 I wpa_supplicant: StaIface: TDLS discover failed: -1
04-22 11:27:15.924  2448  3640 D QCNEJ/WlanStaInfoRelay: Received action: android.net.wifi.RSSI_CHANGED
04-22 11:27:15.924  2448  3640 I QCNEJ/NativeHalConnector: -> SND notifyWlanStaStatusChanged([WlanStaInfo]: wifiSwitchState = 1 rssi = -56 ssid = Jasmine bssid = b0:39:56:5a:37:40 dnsInfo = 192.168.1.1;0.0.0.0;0.0.0.0;0.0.0.0; freqBand = _2GHz countryCode = us[RatInfo]: networkType = 1 subType = 101 networkState = CONNECTED netHdl = 437197393933 ipAddrV4 = 192.168.1.65 ipAddrV6 =  ifNameV4 = wlan0 ifNameV6 =  slotIdx = 0 isAndroidValidated = true) timeStamp = 2021-04-22 11:27:15.924
04-22 11:27:15.938  2508  2541 E PhoneInterfaceManager: [PhoneIntfMgr] getCarrierPrivilegeStatus: No UICC
04-22 11:27:15.940  2774  3670 I CarrierServices: [98] car.a: FiST: Wifi connectivity status true
04-22 11:27:15.941  2774  4179 I CarrierServices: [128] awv.handleMessage: RCS is disabled, skipping config update request
04-22 11:27:15.942  2774  4177 I CarrierServices: [126] chy.a: (PEv2-SM): DisabledState: event Connectivity event
04-22 11:27:15.945  2774  3670 I CarrierServices: [98] cay.d: Connected state: [1], networkType: [WIFI]
04-22 11:27:15.948  2508  2541 E PhoneInterfaceManager: [PhoneIntfMgr] getCarrierPrivilegeStatus: No UICC
04-22 11:27:16.244 21460 21569 I chatty  : uid=10158(com.google.android.gms) Binder:21460_4 expire 9 lines
04-22 11:27:16.248  2294 13543 I chatty  : uid=1002(bluetooth) com.android.bluetooth expire 2 lines
04-22 11:27:16.493   833 12353 E WifiHAL : Received fatal event, sending alert
04-22 11:27:16.494  1749  2379 W WifiVendorHal: onDebugErrorAlert 4104
04-22 11:27:17.321  2294  2358 I chatty  : uid=1002(bluetooth) BT Service Call expire 90 lines
04-22 11:27:17.322  2294  2614 I chatty  : uid=1002(bluetooth) btu message loo expire 77 lines
04-22 11:27:17.848 12349 12349 I wpa_supplicant: TDLS: Failed to send message (action_code=14)
04-22 11:27:18.546  2997  3080 I VoiceInputManagerWrapper: VoiceInputManagerWrapper.shutdownVoiceInternal():94 shutdownVoiceInternal()
04-22 11:27:19.744 21460 13250 I chatty  : uid=10158 com.google.android.gms.persistent expire 37 lines
04-22 11:27:20.150 21460 13541 I chatty  : uid=10158 com.google.android.gms.persistent expire 3 lines
04-22 11:27:20.724  1749  1781 I ActivityManager: Waited long enough for: ServiceRecord{64e5bcc u0 com.google.android.googlequicksearchbox/com.google.android.apps.gsa.shared.util.keepalive.StandaloneKeepAlive$KeepAliveService}
04-22 11:27:22.037  2448  3640 D QCNEJ/WlanStaInfoRelay: Received action: android.net.wifi.RSSI_CHANGED
04-22 11:27:22.037  2448  3640 I QCNEJ/NativeHalConnector: -> SND notifyWlanStaStatusChanged([WlanStaInfo]: wifiSwitchState = 1 rssi = -51 ssid = Jasmine bssid = b0:39:56:5a:37:40 dnsInfo = 192.168.1.1;0.0.0.0;0.0.0.0;0.0.0.0; freqBand = _2GHz countryCode = us[RatInfo]: networkType = 1 subType = 101 networkState = CONNECTED netHdl = 437197393933 ipAddrV4 = 192.168.1.65 ipAddrV6 =  ifNameV4 = wlan0 ifNameV6 =  slotIdx = 0 isAndroidValidated = true) timeStamp = 2021-04-22 11:27:22.037
04-22 11:27:22.054  2508  2541 E PhoneInterfaceManager: [PhoneIntfMgr] getCarrierPrivilegeStatus: No UICC
04-22 11:27:22.056  2774  3670 I CarrierServices: [98] car.a: FiST: Wifi connectivity status true
04-22 11:27:22.057  2774  4177 I CarrierServices: [126] chy.a: (PEv2-SM): DisabledState: event Connectivity event
04-22 11:27:22.058  2774  3670 I CarrierServices: [98] cay.d: Connected state: [1], networkType: [WIFI]
04-22 11:27:22.058  2774  4179 I CarrierServices: [128] awv.handleMessage: RCS is disabled, skipping config update request
04-22 11:27:22.063  2508  2541 E PhoneInterfaceManager: [PhoneIntfMgr] getCarrierPrivilegeStatus: No UICC
04-22 11:27:22.167  3398  3398 D BluetoothA2dp: Binding service...
04-22 11:27:22.190  3398  3398 I BistoRealService: onStartCommand: 0 1 Intent { act=com.google.android.apps.gsa.broadcastreceiver.SETTINGS_CHANGED cmp=com.google.android.googlequicksearchbox/com.google.android.apps.gsa.staticplugins.bisto.BistoRealService (has extras) }
04-22 11:27:22.195  3398  3398 I BistoRealService: Intent handled internally
04-22 11:27:22.196  3398  3398 D BluetoothA2dp: Proxy object connected
04-22 11:27:23.040   812  1044 W qti_sensors_hal: processReportInd: lux: 32, ch0: 80, ch1: 16
04-22 11:27:23.294   812  1044 W qti_sensors_hal: processReportInd: lux: 15, ch0: 37, ch1: 15
04-22 11:27:23.324   812  1655 W qti_sensors_hal: reportSingleEvent: NearBy 1, pData 2393,  highThd 5000
04-22 11:27:23.581   812  1655 W qti_sensors_hal: reportSingleEvent: NearBy 0, pData 2036,  highThd 2314
04-22 11:27:23.682   812  1044 W qti_sensors_hal: processReportInd: lux: 22, ch0: 56, ch1: 16
04-22 11:27:23.741     0     0 W swapper/1: type=1400 audit(0.0:2601): avc: denied { kill } for uid=0 capability=5 scontext=u:r:kernel:s0 tcontext=u:r:kernel:s0 tclass=capability permissive=0
04-22 11:27:23.812   812  1044 W qti_sensors_hal: processReportInd: lux: 32, ch0: 80, ch1: 16
04-22 11:27:24.072   812  1044 W qti_sensors_hal: processReportInd: lux: 39, ch0: 97, ch1: 16
04-22 11:27:24.525   812  1668 D NativeSensors: CapSensor:  mPendingEvent.distance=0.000000
04-22 11:27:24.672   812  1668 D NativeSensors: CapSensor:  mPendingEvent.distance=0.000000
04-22 11:27:25.167   812  1668 D NativeSensors: CapSensor:  mPendingEvent.distance=1.000000
04-22 11:27:25.364   812  1668 D NativeSensors: CapSensor:  mPendingEvent.distance=2.000000
04-22 11:27:25.443 13385 13385 D connectedcrossroad: data collect: burst start
04-22 11:27:25.444 13385 13385 V data    : Payload RX: 0
04-22 11:27:25.444 13385 13385 V data    : Payload TX: 0
04-22 11:27:25.444 13385 13385 V data    : Total RX: 0
04-22 11:27:25.444 13385 13385 V data    : Total TX: 0
04-22 11:27:25.444 13385 13385 D connectedcrossroad: sendMessage: Sent message
04-22 11:27:25.498 13385 13455 D connectedcrossroad: dataTxThread: Pulled AODV data from queue
04-22 11:27:25.907   812  1668 D NativeSensors: CapSensor:  mPendingEvent.distance=1.000000
04-22 11:27:26.001 13385 13455 D connectedcrossroad: dataTxThread: Pulled AODV data from queue
04-22 11:27:26.350  2294  2588 I chatty  : uid=1002(bluetooth) BluetoothScanMa expire 40 lines
04-22 11:27:26.359 21153 13275 W GmsLocationProvider: Error removing location updates: 16
04-22 11:27:26.359 21460 21617 I chatty  : uid=10158(com.google.android.gms) Binder:21460_5 expire 15 lines
04-22 11:27:26.372  2294 25465 I chatty  : uid=1002(bluetooth) Binder:2294_7 expire 13 lines
04-22 11:27:26.375 21460 13524 I chatty  : uid=10158 com.google.android.gms.persistent expire 42 lines
04-22 11:27:26.378  2294  2311 I chatty  : uid=1002(bluetooth) Binder:2294_1 expire 18 lines
04-22 11:27:26.447 13385 13385 V data    : Payload RX: 0
04-22 11:27:26.447 13385 13385 V data    : Payload TX: 0
04-22 11:27:26.447 13385 13385 V data    : Total RX: 0
04-22 11:27:26.447 13385 13385 V data    : Total TX: 0
04-22 11:27:26.447 13385 13385 D connectedcrossroad: sendMessage: Sent message
04-22 11:27:26.503 13385 13455 D connectedcrossroad: dataTxThread: Pulled AODV data from queue
04-22 11:27:26.503 13385 13455 D connectedcrossroad: dataTxThread: Pulled AODV data from queue
04-22 11:27:26.557   833 12353 E WifiHAL : Received LOG message with insufficent length: 24
04-22 11:27:26.557   833 12353 E WifiHAL : Received fatal event, sending alert
04-22 11:27:26.558  1749  2138 W WifiVendorHal: onDebugErrorAlert 4104
04-22 11:27:26.853 21460 21649 I chatty  : uid=10158(com.google.android.gms) Binder:21460_7 expire 12 lines
04-22 11:27:26.854 21460 21477 I chatty  : uid=10158(com.google.android.gms) Binder:21460_1 expire 10 lines
04-22 11:27:27.005 13385 13455 D connectedcrossroad: dataTxThread: Pulled AODV data from queue
04-22 11:27:27.005 13385 13455 D connectedcrossroad: dataTxThread: Pulled AODV data from queue
04-22 11:27:27.194   812  1668 D NativeSensors: CapSensor:  mPendingEvent.distance=0.000000
04-22 11:27:27.451 13385 13385 V data    : Payload RX: 0
04-22 11:27:27.451 13385 13385 V data    : Payload TX: 0
04-22 11:27:27.451 13385 13385 V data    : Total RX: 0
04-22 11:27:27.451 13385 13385 V data    : Total TX: 0
04-22 11:27:27.451 13385 13385 D connectedcrossroad: sendMessage: Sent message
04-22 11:27:27.506 13385 13455 D connectedcrossroad: dataTxThread: Pulled AODV data from queue
04-22 11:27:27.507 13385 13455 I chatty  : uid=10216(com.google.location.nearby.apps.connectedcrossroad) identical 83 lines
04-22 11:27:27.755  2294  2358 I chatty  : uid=1002(bluetooth) BT Service Call expire 132 lines
04-22 11:27:27.756  2294  2614 I chatty  : uid=1002(bluetooth) btu message loo expire 155 lines
04-22 11:27:28.168 21460 13570 I chatty  : uid=10158 com.google.android.gms.persistent expire 14 lines
04-22 11:27:28.335 21460 13569 I chatty  : uid=10158 com.google.android.gms.persistent expire 10 lines
04-22 11:27:28.456 13385 13385 I chatty  : uid=10216(com.google.location.nearby.apps.connectedcrossroad) expire 29 lines
04-22 11:27:29.188   728  1298 D NetdFwmarkServer: Cmd 0: 0, 10158: UserP=3, fwmark=1F0065
04-22 11:27:29.191  1749 11475 I WifiService: enableTdls uid=10158 enable=true
04-22 11:27:29.194  1749   552 I WifiService: enableTdlsWithMacAddress uid=1000 enable=true
04-22 11:27:29.195 12349 12349 I wpa_supplicant: TDLS: Failed to send message (action_code=10)
04-22 11:27:29.195 12349 12349 I wpa_supplicant: StaIface: TDLS discover failed: -1
04-22 11:27:29.655 21460 13574 I chatty  : uid=10158 com.google.android.gms.persistent expire 15 lines
04-22 11:27:31.205  1749  2054 D BatteryService: uevent={POWER_SUPPLY_DP_DM=0, POWER_SUPPLY_VOLTAGE_NOW=3745205, POWER_SUPPLY_SW_JEITA_ENABLED=0, POWER_SUPPLY_CHARGE_CONTROL_LIMIT_MAX=8, POWER_SUPPLY_RECHARGE_SOC=99, POWER_SUPPLY_HEALTH=Good, POWER_SUPPLY_TECHNOLOGY=Li-ion, POWER_SUPPLY_FCC_STEPPER_ENABLE=0, SEQNUM=624744, POWER_SUPPLY_INPUT_CURRENT_LIMITED=0, POWER_SUPPLY_CHARGE_CONTROL_LIMIT=0, POWER_SUPPLY_BATTERY_CHARGING_ENABLED=1, POWER_SUPPLY_STATUS=Discharging, POWER_SUPPLY_CYCLE_COUNT=1, POWER_SUPPLY_CURRENT_MAX=2000000, POWER_SUPPLY_CHARGE_TERM_CURRENT=-101, POWER_SUPPLY_CAPACITY=32, DEVPATH=/devices/platform/soc/200f000.qcom,spmi/spmi-0/spmi0-02/200f000.qcom,spmi:qcom,pmi632@2:qcom,qpnp-smb5/power_supply/battery, POWER_SUPPLY_CHARGE_DONE=0, POWER_SUPPLY_CHARGE_TYPE=N/A, POWER_SUPPLY_CHARGE_RATE=None, POWER_SUPPLY_CURRENT_NOW=-229492, POWER_SUPPLY_SYSTEM_TEMP_LEVEL=0, POWER_SUPPLY_PRESENT=1, POWER_SUPPLY_PARALLEL_DISABLE=0, POWER_SUPPLY_CHARGE_FULL=3615000, SUBSYSTEM=power_supply, POWER_SUPPLY_SET_SHIP_MODE=0, POWER_SUPPLY_TEMP=254, ACTION=change, POWER_SUPPLY_RERUN_AICL=0, POWER_SUPPLY_AGE=100, POWER_SUPPLY_NAME=battery, POWER_SUPPLY_VOLTAGE_MAX=-22, POWER_SUPPLY_CONSTANT_CHARGE_CURRENT_MAX=2000000, POWER_SUPPLY_CHARGE_COUNTER=1156800, POWER_SUPPLY_STEP_CHARGING_ENABLED=0, POWER_SUPPLY_NUM_SYSTEM_TEMP_LEVELS=8, POWER_SUPPLY_DIE_HEALTH=Hot, POWER_SUPPLY_INPUT_SUSPEND=0}
04-22 11:27:31.224  2508  2508 D QtiCarrierConfigHelper: WARNING, no carrier configs on phone Id: 0
04-22 11:27:32.510 13385 13418 I chatty  : uid=10216(com.google.location.nearby.apps.connectedcrossroad) expire 1 line
04-22 11:27:32.530  1749 11475 I WifiService: enableTdls uid=10158 enable=true
04-22 11:27:32.532  1749   552 I WifiService: enableTdlsWithMacAddress uid=1000 enable=true
04-22 11:27:32.533 12349 12349 I wpa_supplicant: TDLS: Failed to send message (action_code=10)
04-22 11:27:32.533 12349 12349 I wpa_supplicant: StaIface: TDLS discover failed: -1
04-22 11:27:33.744     0     0 W swapper/0: type=1400 audit(0.0:2602): avc: denied { kill } for uid=0 capability=5 scontext=u:r:kernel:s0 tcontext=u:r:kernel:s0 tclass=capability permissive=0
04-22 11:27:34.547 13385 13455 D connectedcrossroad: dataTxThread: Pulled AODV data from queue
04-22 11:27:34.779 21460 13580 I chatty  : uid=10158(com.google.android.gms) highpool[465] expire 30 lines
04-22 11:27:34.980 21460 13579 I chatty  : uid=10158 com.google.android.gms.persistent expire 29 lines
04-22 11:27:35.048 13385 13455 D connectedcrossroad: dataTxThread: Pulled AODV data from queue
04-22 11:27:35.048 13385 13455 D connectedcrossroad: dataTxThread: Pulled AODV data from queue
04-22 11:27:35.550 13385 13455 D connectedcrossroad: dataTxThread: Pulled AODV data from queue
04-22 11:27:35.551 13385 13455 D connectedcrossroad: dataTxThread: Pulled AODV data from queue
04-22 11:27:35.833  2313  2395 W BluetoothEventManager: AclStateChangedHandler: activeDevice is null
04-22 11:27:35.855  8057  8057 D MCLOG   : [MC_Service] onStartcommand()
04-22 11:27:35.870 21153 21380 I BistoWorker: bluetoothConnectionStateChanged. Action: android.bluetooth.device.action.ACL_CONNECTED
04-22 11:27:35.871 21153 21380 I BistoWorker: Ignoring non-bonded action android.bluetooth.device.action.ACL_CONNECTED for device 71:F0:C3:E4:09:7E
04-22 11:27:35.883 21460 13360 I chatty  : uid=10158 com.google.android.gms.persistent expire 1 line
04-22 11:27:36.052 13385 13455 D connectedcrossroad: dataTxThread: Pulled AODV data from queue
04-22 11:27:36.053 13385 13455 D connectedcrossroad: dataTxThread: Pulled AODV data from queue
04-22 11:27:36.554 13385 13455 D connectedcrossroad: dataTxThread: Pulled AODV data from queue
04-22 11:27:36.555 13385 13455 D connectedcrossroad: dataTxThread: Pulled AODV data from queue
04-22 11:27:37.056 13385 13455 D connectedcrossroad: dataTxThread: Pulled AODV data from queue
04-22 11:27:37.057 13385 13455 D connectedcrossroad: dataTxThread: Pulled AODV data from queue
04-22 11:27:37.061   833 12353 E WifiHAL : Received fatal event, sending alert
04-22 11:27:37.061 21460 21617 I chatty  : uid=10158(com.google.android.gms) Binder:21460_5 expire 11 lines
04-22 11:27:37.061  1749 27554 W WifiVendorHal: onDebugErrorAlert 4104
04-22 11:27:37.184 21460 21649 I chatty  : uid=10158(com.google.android.gms) Binder:21460_7 expire 9 lines
04-22 11:27:37.184 21460 21477 I chatty  : uid=10158(com.google.android.gms) Binder:21460_1 expire 11 lines
04-22 11:27:37.558 13385 13455 D connectedcrossroad: dataTxThread: Pulled AODV data from queue
04-22 11:27:37.558 13385 13455 D connectedcrossroad: dataTxThread: Pulled AODV data from queue
04-22 11:27:37.684  2294 13589 I chatty  : uid=1002(bluetooth) com.android.bluetooth expire 2 lines
04-22 11:27:37.711  2294  2588 I chatty  : uid=1002(bluetooth) BluetoothScanMa expire 33 lines
04-22 11:27:38.060 13385 13455 D connectedcrossroad: dataTxThread: Pulled AODV data from queue
04-22 11:27:38.419 13385 13385 D connectedcrossroad: onEndpointFound: Connecting to GvOS
04-22 11:27:38.511 21460 13524 I chatty  : uid=10158 com.google.android.gms.persistent expire 10 lines
04-22 11:27:38.562 13385 13455 D connectedcrossroad: dataTxThread: Pulled AODV data from queue
04-22 11:27:39.127  2294  2311 I chatty  : uid=1002(bluetooth) Binder:2294_1 expire 15 lines
04-22 11:27:39.134  2294 25292 I chatty  : uid=1002(bluetooth) Binder:2294_6 expire 16 lines
04-22 11:27:39.264 21460 13103 I chatty  : uid=10158 com.google.android.gms.persistent expire 18 lines
04-22 11:27:39.710 21460 13590 I chatty  : uid=10158 com.google.android.gms.persistent expire 77 lines
04-22 11:27:40.275  2294 13591 I chatty  : uid=1002(bluetooth) com.android.bluetooth expire 2 lines
04-22 11:27:40.336  2294  2358 I chatty  : uid=1002(bluetooth) BT Service Call expire 63 lines
04-22 11:27:40.337  2294  2614 I chatty  : uid=1002(bluetooth) btu message loo expire 75 lines
04-22 11:27:41.798  2313  2395 D CachedBluetoothDevice: Device name: IkU5c2Fbye0AAAAAAAAAATE
04-22 11:27:41.809 13385 13385 D connectedcrossroad: onEndpointLost: 5UMs
04-22 11:27:41.814 13385 13385 D connectedcrossroad: onEndpointFound: Connecting to E9sa
04-22 11:27:42.211  3398  3398 I BistoRealService: requestDestroy
04-22 11:27:42.217  3398  3398 I BistoRealService: onDestroy
04-22 11:27:42.222  3398  3398 I BistoWiredManager: close
04-22 11:27:42.224  3398  3398 D BluetoothA2dp: Unbinding service...
04-22 11:27:42.232  3398  3398 I BistoClassicManager: close
04-22 11:27:43.748     0     0 W swapper/1: type=1400 audit(0.0:2603): avc: denied { kill } for uid=0 capability=5 scontext=u:r:kernel:s0 tcontext=u:r:kernel:s0 tclass=capability permissive=0
04-22 11:27:46.596  2313  2395 D CachedBluetoothDevice: Device name: Ik91Qkpbye0AAAAAAAAAATM
04-22 11:27:46.619 13385 13385 D connectedcrossroad: onEndpointLost: GvOS
04-22 11:27:46.702 21460 13250 I chatty  : uid=10158 com.google.android.gms.persistent expire 25 lines
04-22 11:27:46.728 13385 13385 D connectedcrossroad: onConnectionInitiated: Accepting connection
04-22 11:27:46.732 21460 13570 I chatty  : uid=10158 com.google.android.gms.persistent expire 80 lines
04-22 11:27:46.735 13385 13385 D connectedcrossroad: onEndpointFound: Connection request failure 8011: STATUS_ENDPOINT_UNKNOWN
04-22 11:27:46.744 13385 13385 I connectedcrossroad: onConnectionResult: Connection successful
04-22 11:27:46.744 13385 13385 D connectedcrossroad: onConnectionResult: Neighbor added: OuBJ
04-22 11:27:46.820 13385 13385 D connectedcrossroad: onEndpointFound: Connection request failure 8011: STATUS_ENDPOINT_UNKNOWN
04-22 11:27:46.821 13385 13385 D connectedcrossroad: onEndpointFound: Connection request failure 8003: STATUS_ALREADY_CONNECTED_TO_ENDPOINT
04-22 11:27:46.947 13385 13454 D connectedcrossroad: Data collect: SEND
04-22 11:27:47.300 13385 13385 I connectedcrossroad: onConnectionResult: Connection successful
04-22 11:27:47.301 13385 13385 D connectedcrossroad: onConnectionResult: Neighbor added: E9sa
04-22 11:27:47.366 13385 13385 I connectedcrossroad: onConnectionResult: Connection successful
04-22 11:27:47.367 13385 13385 D connectedcrossroad: onConnectionResult: Neighbor added: YgFa
04-22 11:27:47.516 13385 13385 I connectedcrossroad: onConnectionResult: Connection successful
04-22 11:27:47.517 13385 13385 D connectedcrossroad: onConnectionResult: Too many neighbors: I53p
04-22 11:27:47.723  1749 11470 I WifiService: enableTdls uid=10158 enable=true
04-22 11:27:47.726  1749   552 I WifiService: enableTdlsWithMacAddress uid=1000 enable=true
04-22 11:27:47.728 12349 12349 I wpa_supplicant: TDLS: Failed to send message (action_code=10)
04-22 11:27:47.729 12349 12349 I wpa_supplicant: StaIface: TDLS discover failed: -1
04-22 11:27:47.762 13385 13459 V connectedcrossroad: Data collect: HELO
04-22 11:27:47.763 13385 13459 V perf    : Discovered neighbor: 3 (OuBJ)
04-22 11:27:47.763 13385 13459 V perf    : Bytes sent: 612, received: 612
04-22 11:27:47.763 13385 13459 V data    : Payload RX: 0
04-22 11:27:47.763 13385 13459 V data    : Payload TX: 0
04-22 11:27:47.763 13385 13459 V data    : Total RX: 612
04-22 11:27:47.763 13385 13459 V data    : Total TX: 612
