04-22 11:30:17.570 22073 22073 I ExposureNotification: ENWearableDeviceManager: regularSyncAndScheduleNext triggered [CONTEXT service_id=236 ]
04-22 11:30:17.570 22073 22073 I ExposureNotification: No active clients [CONTEXT service_id=236 ]
04-22 11:30:17.570 22073 22073 I ExposureNotification: WakeLockHelper failed to find active client package [CONTEXT service_id=236 ]
04-22 11:30:17.570 24895 24895 D BoundBrokerSvc: onUnbind: Intent { act=com.google.android.gms.common.BIND_SHARED_PREFS pkg=com.google.android.gms }
04-22 11:30:17.572 22073 11113 I ExposureNotification: ENWearableDeviceManager: regularSyncAndScheduleNext started [CONTEXT service_id=236 ]
04-22 11:30:17.572 22073 11113 I ExposureNotification: ENWearableDeviceManager: updateCachedWearableDevices find 0 devices [CONTEXT service_id=236 ]
04-22 11:30:17.572 22073 11113 I ExposureNotification: ENWearableDeviceManager: No wearable device, ignore regularSyncAndScheduleNext [CONTEXT service_id=236 ]
04-22 11:30:17.573 22073 10975 I ExposureNotification: ENInternalService.onStartCommand, Intent { act=com.google.android.gms.nearby.exposurenotification.service.ACTION_WAKE_UP cmp=com.google.android.gms/.nearby.exposurenotification.service.ExposureNotificationInternalService (has extras) }, com.google.android.gms.nearby.exposurenotification.service.ExposureNotificationInternalChimeraService@3cacd6d [CONTEXT service_id=236 ]
04-22 11:30:17.574 22073  6656 E NearbyConnections: EndpointManager failed to find EndpointChannel over which to write DATA at offset 612 of Payload -9007404025457505713 to endpoint T8u1 [CONTEXT service_id=54 ]
04-22 11:30:17.577 22073  6656 I chatty  : uid=10156(com.google.android.gms) highpool[332] identical 2 lines
04-22 11:30:17.578 22073  6656 E NearbyConnections: EndpointManager failed to find EndpointChannel over which to write DATA at offset 612 of Payload -9007404025457505713 to endpoint T8u1 [CONTEXT service_id=54 ]
04-22 11:30:17.578 22073 10975 I ExposureNotification: AlarmManagerImpl.opportunisticSchedule called, delay=1800000ms [CONTEXT service_id=236 ]
04-22 11:30:17.578 22073 10975 I ExposureNotification: ScheduledExecutorImpl.schedule called, delay=1800000ms [CONTEXT service_id=236 ]
04-22 11:30:17.578 22073  6656 E NearbyConnections: EndpointManager failed to find EndpointChannel over which to write DATA at offset 612 of Payload -9007404025457505713 to endpoint T8u1 [CONTEXT service_id=54 ]
04-22 11:30:17.579 22073  6656 E NearbyConnections: EndpointManager failed to find EndpointChannel over which to write DATA at offset 612 of Payload -9007404025457505713 to endpoint T8u1 [CONTEXT service_id=54 ]
04-22 11:30:17.579 26404 26404 I Finsky  : [2] acis.h(1): PackageMonitorReceiverImpl - Deduping intent android.intent.action.PACKAGE_ADDED
04-22 11:30:17.579 22073  6656 E NearbyConnections: EndpointManager failed to find EndpointChannel over which to write DATA at offset 612 of Payload -9007404025457505713 to endpoint T8u1 [CONTEXT service_id=54 ]
04-22 11:30:17.583 22073  6656 I chatty  : uid=10156(com.google.android.gms) highpool[332] identical 12 lines
04-22 11:30:17.584 22073  6656 E NearbyConnections: EndpointManager failed to find EndpointChannel over which to write DATA at offset 612 of Payload -9007404025457505713 to endpoint T8u1 [CONTEXT service_id=54 ]
04-22 11:30:17.584 26404 11212 I Finsky  : [3260] qty.run(16): Wrote row to frosting DB: 499
04-22 11:30:17.584 22073  6656 E NearbyConnections: EndpointManager failed to find EndpointChannel over which to write DATA at offset 612 of Payload -9007404025457505713 to endpoint T8u1 [CONTEXT service_id=54 ]
04-22 11:30:17.586 22073  6656 I chatty  : uid=10156(com.google.android.gms) highpool[332] identical 7 lines
04-22 11:30:17.587 22073  6656 E NearbyConnections: EndpointManager failed to find EndpointChannel over which to write DATA at offset 612 of Payload -9007404025457505713 to endpoint T8u1 [CONTEXT service_id=54 ]
04-22 11:30:17.587 26404 11239 I Finsky  : [3264] twf.t(6): IQ: Pruning inactive install requests
04-22 11:30:17.587  1743  6519 W BroadcastQueue: Background execution not allowed: receiving Intent { act=android.intent.action.PACKAGE_REPLACED dat=package:com.google.location.nearby.apps.connectedcrossroad flg=0x4000010 (has extras) } to com.facebook.appmanager/com.facebook.oxygen.common.packages.event.manifest.ManifestPackageEventReceiver
04-22 11:30:17.587 22073  6656 E NearbyConnections: EndpointManager failed to find EndpointChannel over which to write DATA at offset 612 of Payload -9007404025457505713 to endpoint T8u1 [CONTEXT service_id=54 ]
04-22 11:30:17.590  1743  1772 W BroadcastQueue: Background execution not allowed: receiving Intent { act=android.intent.action.PACKAGE_REPLACED dat=package:com.google.location.nearby.apps.connectedcrossroad flg=0x4000010 (has extras) } to com.google.android.apps.photos/.account.full.FetchAccountPropertiesAppUpgradeBroadcastReceiver
04-22 11:30:17.590  1743  1772 W BroadcastQueue: Background execution not allowed: receiving Intent { act=android.intent.action.PACKAGE_REPLACED dat=package:com.google.location.nearby.apps.connectedcrossroad flg=0x4000010 (has extras) } to com.google.android.apps.photos/.account.full.SyncAccountsForLoginBroadcastReceiver
04-22 11:30:17.589 22073  6656 I chatty  : uid=10156(com.google.android.gms) highpool[332] identical 3 lines
04-22 11:30:17.590 22073  6656 E NearbyConnections: EndpointManager failed to find EndpointChannel over which to write DATA at offset 612 of Payload -9007404025457505713 to endpoint T8u1 [CONTEXT service_id=54 ]
04-22 11:30:17.590 22073 10975 I ExposureNotification: No active clients [CONTEXT service_id=236 ]
04-22 11:30:17.590 22073 10975 I ExposureNotification: Utils#isSupported enabled=true [CONTEXT service_id=236 ]
04-22 11:30:17.590  1743  1772 W BroadcastQueue: Background execution not allowed: receiving Intent { act=android.intent.action.PACKAGE_REPLACED dat=package:com.google.location.nearby.apps.connectedcrossroad flg=0x4000010 (has extras) } to com.google.android.apps.photos/.notificationchannels.AppUpdateBroadcastReceiver
04-22 11:30:17.590  1743  1772 W BroadcastQueue: Background execution not allowed: receiving Intent { act=android.intent.action.PACKAGE_REPLACED dat=package:com.google.location.nearby.apps.connectedcrossroad flg=0x4000010 (has extras) } to com.google.android.gms/.gass.chimera.PackageChangeBroadcastReceiver
04-22 11:30:17.591  1743  1772 W BroadcastQueue: Background execution not allowed: receiving Intent { act=android.intent.action.PACKAGE_REPLACED dat=package:com.google.location.nearby.apps.connectedcrossroad flg=0x4000010 (has extras) } to com.google.android.gms/.chimera.GmsIntentOperationService$PersistentTrustedReceiver
04-22 11:30:17.591  1743  1772 W BroadcastQueue: Background execution not allowed: receiving Intent { act=android.intent.action.PACKAGE_REPLACED dat=package:com.google.location.nearby.apps.connectedcrossroad flg=0x4000010 (has extras) } to com.google.android.googlequicksearchbox/com.google.android.apps.gsa.googlequicksearchbox.GelStubAppWatcher
04-22 11:30:17.591 26404 11239 I Finsky  : [3264] twf.t(41): IQ: No matching installs to run for jobs: []
04-22 11:30:17.591  1743  1772 W BroadcastQueue: Background execution not allowed: receiving Intent { act=android.intent.action.PACKAGE_REPLACED dat=package:com.google.location.nearby.apps.connectedcrossroad flg=0x4000010 (has extras) } to com.google.android.ims/.receivers.RcsAutoStartReceiver
04-22 11:30:17.592 22073 10975 I ExposureNotification: Utils#isBluetoothSupported requireMultiAdvertisement=false [CONTEXT service_id=236 ]
04-22 11:30:17.592 22073  6656 E NearbyConnections: EndpointManager failed to find EndpointChannel over which to write DATA at offset 612 of Payload -9007404025457505713 to endpoint T8u1 [CONTEXT service_id=54 ]
04-22 11:30:17.593  1743  1772 W BroadcastQueue: Background execution not allowed: receiving Intent { act=android.intent.action.PACKAGE_REPLACED dat=package:com.google.location.nearby.apps.connectedcrossroad flg=0x4000010 (has extras) } to com.motorola.ccc.notification/.gcm.GCMAdminReceiver
04-22 11:30:17.594  1743  1772 W BroadcastQueue: Background execution not allowed: receiving Intent { act=android.intent.action.PACKAGE_REPLACED dat=package:com.google.location.nearby.apps.connectedcrossroad flg=0x4000010 (has extras) } to com.verizon.loginengine.unbranded/com.verizon.vzwavs.AVSSystemReceiver
04-22 11:30:17.594  1743  1743 W Looper  : Slow dispatch took 106ms main h=android.app.ActivityThread$H c=android.app.-$$Lambda$LoadedApk$ReceiverDispatcher$Args$_BumDX2UKsnxLVrE6UJsJZkotuA@ab636c0 m=0
04-22 11:30:17.595  1743  1743 W Looper  : Slow delivery took 232ms main h=android.app.ActivityThread$H c=android.app.-$$Lambda$LoadedApk$ReceiverDispatcher$Args$_BumDX2UKsnxLVrE6UJsJZkotuA@cc3fff9 m=0
04-22 11:30:17.595  1743  1743 I TelecomService: DefaultDialerCache: Refreshing default dialer for user 0: now com.google.android.dialer: DDC.oR@AzM
04-22 11:30:17.595 22073  6656 I chatty  : uid=10156(com.google.android.gms) highpool[332] identical 8 lines
04-22 11:30:17.595 22073  6656 E NearbyConnections: EndpointManager failed to find EndpointChannel over which to write DATA at offset 612 of Payload -9007404025457505713 to endpoint T8u1 [CONTEXT service_id=54 ]
04-22 11:30:17.596 22073 10975 I ExposureNotification: isPrimaryUser=true, isWorkProfile=false [CONTEXT service_id=236 ]
04-22 11:30:17.596 22073  6656 E NearbyConnections: EndpointManager failed to find EndpointChannel over which to write DATA at offset 612 of Payload -9007404025457505713 to endpoint T8u1 [CONTEXT service_id=54 ]
04-22 11:30:17.605 22073  6656 I chatty  : uid=10156(com.google.android.gms) highpool[332] identical 31 lines
04-22 11:30:17.605 22073  6656 E NearbyConnections: EndpointManager failed to find EndpointChannel over which to write DATA at offset 612 of Payload -9007404025457505713 to endpoint T8u1 [CONTEXT service_id=54 ]
04-22 11:30:17.605 26404 26404 I Finsky  : [2] VerifyInstallTask.ne(6): Verification complete: id=37, package_name=com.google.location.nearby.apps.connectedcrossroad
04-22 11:30:17.605 22073  6656 E NearbyConnections: EndpointManager failed to find EndpointChannel over which to write DATA at offset 612 of Payload -9007404025457505713 to endpoint T8u1 [CONTEXT service_id=54 ]
04-22 11:30:17.614 22073  6656 I chatty  : uid=10156(com.google.android.gms) highpool[332] identical 29 lines
04-22 11:30:17.615 22073  6656 E NearbyConnections: EndpointManager failed to find EndpointChannel over which to write DATA at offset 612 of Payload -9007404025457505713 to endpoint T8u1 [CONTEXT service_id=54 ]
04-22 11:30:17.615 24895 24948 I Icing   : IndexChimeraService.getServiceInterface callingPackage=com.google.android.gms componentName=AppsCorpus serviceId=36
04-22 11:30:17.615 22073  6656 E NearbyConnections: EndpointManager failed to find EndpointChannel over which to write DATA at offset 612 of Payload -9007404025457505713 to endpoint T8u1 [CONTEXT service_id=54 ]
04-22 11:30:17.630  1743  1743 V BackupManagerConstants: getFullBackupIntervalMilliseconds(...) returns 86400000
04-22 11:30:17.630  1743  1743 V BackupManagerConstants: getFullBackupRequiredNetworkType(...) returns 2
04-22 11:30:17.630  1743  1743 V BackupManagerConstants: getFullBackupRequireCharging(...) returns true
04-22 11:30:17.630 22073  6656 I chatty  : uid=10156(com.google.android.gms) highpool[332] identical 40 lines
04-22 11:30:17.630 22073  6656 E NearbyConnections: EndpointManager failed to find EndpointChannel over which to write DATA at offset 612 of Payload -9007404025457505713 to endpoint T8u1 [CONTEXT service_id=54 ]
04-22 11:30:17.630 22073 10975 I ExposureNotification: isDeviceSupported=true, isBluetoothSupported=true, BluetoothAdapter.isMultipleAdvertisementSupported=true [CONTEXT service_id=236 ]
04-22 11:30:17.631 22073  6656 E NearbyConnections: EndpointManager failed to find EndpointChannel over which to write DATA at offset 612 of Payload -9007404025457505713 to endpoint T8u1 [CONTEXT service_id=54 ]
04-22 11:30:17.632 22073 10975 I ExposureNotification: isPrimaryUser=true, isWorkProfile=false [CONTEXT service_id=236 ]
04-22 11:30:17.632 22073  6656 E NearbyConnections: EndpointManager failed to find EndpointChannel over which to write DATA at offset 612 of Payload -9007404025457505713 to endpoint T8u1 [CONTEXT service_id=54 ]
04-22 11:30:17.634  1743  1743 W Looper  : Drained
04-22 11:30:17.635 22073  6656 I chatty  : uid=10156(com.google.android.gms) highpool[332] identical 5 lines
04-22 11:30:17.635 22073  6656 E NearbyConnections: EndpointManager failed to find EndpointChannel over which to write DATA at offset 612 of Payload -9007404025457505713 to endpoint T8u1 [CONTEXT service_id=54 ]
04-22 11:30:17.635 22073 10975 I ExposureNotification: ENInternalService.onStartCommand received intent, action=com.google.android.gms.nearby.exposurenotification.service.ACTION_WAKE_UP [CONTEXT service_id=236 ]
04-22 11:30:17.636 22073  6656 E NearbyConnections: EndpointManager failed to find EndpointChannel over which to write DATA at offset 612 of Payload -9007404025457505713 to endpoint T8u1 [CONTEXT service_id=54 ]
04-22 11:30:17.636 22073 10975 I ExposureNotification: Attempting to wake up com.google.location.nearby.apps.connectedcrossroad. [CONTEXT service_id=236 ]
04-22 11:30:17.636 22073  6656 E NearbyConnections: EndpointManager failed to find EndpointChannel over which to write DATA at offset 612 of Payload -9007404025457505713 to endpoint T8u1 [CONTEXT service_id=54 ]
04-22 11:30:17.637 22073  6656 I chatty  : uid=10156(com.google.android.gms) highpool[332] identical 2 lines
04-22 11:30:17.638 22073  6656 E NearbyConnections: EndpointManager failed to find EndpointChannel over which to write DATA at offset 612 of Payload -9007404025457505713 to endpoint T8u1 [CONTEXT service_id=54 ]
04-22 11:30:17.638 26404 26404 I Finsky  : [2] agxj.b(5): SCH: Jobs in database: 1-1337 3-29 12-1 26-1414141414 
04-22 11:30:17.638 22073  6656 E NearbyConnections: EndpointManager failed to find EndpointChannel over which to write DATA at offset 612 of Payload -9007404025457505713 to endpoint T8u1 [CONTEXT service_id=54 ]
04-22 11:30:17.640  1743  1762 W Looper  : Slow delivery took 203ms android.fg h=android.os.Handler c=<recycled PooledLambda@9113f84> m=0
04-22 11:30:17.641 22073  6656 I chatty  : uid=10156(com.google.android.gms) highpool[332] identical 6 lines
04-22 11:30:17.642 22073  6656 E NearbyConnections: EndpointManager failed to find EndpointChannel over which to write DATA at offset 612 of Payload -9007404025457505713 to endpoint T8u1 [CONTEXT service_id=54 ]
04-22 11:30:17.642 24895  6863 W Icing   : No valid account for uploading user actions
04-22 11:30:17.642 22073  6656 E NearbyConnections: EndpointManager failed to find EndpointChannel over which to write DATA at offset 612 of Payload -9007404025457505713 to endpoint T8u1 [CONTEXT service_id=54 ]
04-22 11:30:17.644 22073  6656 I chatty  : uid=10156(com.google.android.gms) highpool[332] identical 5 lines
04-22 11:30:17.645 22073  6656 E NearbyConnections: EndpointManager failed to find EndpointChannel over which to write DATA at offset 612 of Payload -9007404025457505713 to endpoint T8u1 [CONTEXT service_id=54 ]
04-22 11:30:17.645 26404 11213 I Finsky  : [3261] kwu.a(2): [ContentSync] finished, scheduled=true
04-22 11:30:17.645 22073  6656 E NearbyConnections: EndpointManager failed to find EndpointChannel over which to write DATA at offset 612 of Payload -9007404025457505713 to endpoint T8u1 [CONTEXT service_id=54 ]
04-22 11:30:17.647 22073  6656 I chatty  : uid=10156(com.google.android.gms) highpool[332] identical 1 line
04-22 11:30:17.648 22073  6656 E NearbyConnections: EndpointManager failed to find EndpointChannel over which to write DATA at offset 612 of Payload -9007404025457505713 to endpoint T8u1 [CONTEXT service_id=54 ]
04-22 11:30:17.648 22073 10975 I ExposureNotification: Denied com.google.location.nearby.apps.connectedcrossroad:29886DE25D515D8B4684EA6509C1FA2D0BFAD4C905069B2073EE1D65B029528F: not on whitelist [CONTEXT service_id=236 ]
04-22 11:30:17.648 26404 26404 I Finsky  : [2] agvn.h(37): SCH: ConstraintMapping: 1-1337, 12-1,  -> L: 14849ms, D: 66974439ms, C: false, I: false, N: 1
04-22 11:30:17.649 26404 26404 I Finsky  : [2] agvn.h(37): SCH: ConstraintMapping: 3-29,  -> L: 0ms, D: 80010031ms, C: true, I: true, N: 2
04-22 11:30:17.649 22073  6656 E NearbyConnections: EndpointManager failed to find EndpointChannel over which to write DATA at offset 612 of Payload -9007404025457505713 to endpoint T8u1 [CONTEXT service_id=54 ]
04-22 11:30:17.650 22073  6656 E NearbyConnections: EndpointManager failed to find EndpointChannel over which to write DATA at offset 612 of Payload -9007404025457505713 to endpoint T8u1 [CONTEXT service_id=54 ]
04-22 11:30:17.650 26404 26404 I Finsky  : [2] agvn.h(37): SCH: ConstraintMapping: 26-1414141414,  -> L: 37781498ms, D: 38681498ms, C: false, I: false, N: 0
04-22 11:30:17.650 22073  6656 E NearbyConnections: EndpointManager failed to find EndpointChannel over which to write DATA at offset 612 of Payload -9007404025457505713 to endpoint T8u1 [CONTEXT service_id=54 ]
04-22 11:30:17.650 22073 10975 I ExposureNotification: com.google.location.nearby.apps.connectedcrossroad is not a whitelisted EN app, skipping. [CONTEXT service_id=236 ]
04-22 11:30:17.651 22073  6656 E NearbyConnections: EndpointManager failed to find EndpointChannel over which to write DATA at offset 612 of Payload -9007404025457505713 to endpoint T8u1 [CONTEXT service_id=54 ]
04-22 11:30:17.651 26404 11213 I Finsky  : [3261] kwu.a(2): [ContentSync] finished, scheduled=true
04-22 11:30:17.651 22073  6656 E NearbyConnections: EndpointManager failed to find EndpointChannel over which to write DATA at offset 612 of Payload -9007404025457505713 to endpoint T8u1 [CONTEXT service_id=54 ]
04-22 11:30:17.653 22073  6656 I chatty  : uid=10156(com.google.android.gms) highpool[332] identical 3 lines
04-22 11:30:17.653 22073  6656 E NearbyConnections: EndpointManager failed to find EndpointChannel over which to write DATA at offset 612 of Payload -9007404025457505713 to endpoint T8u1 [CONTEXT service_id=54 ]
04-22 11:30:17.653 24895 24948 I Icing   : IndexChimeraService.getServiceInterface callingPackage=com.google.android.gms componentName=null serviceId=30
04-22 11:30:17.654 22073  6656 E NearbyConnections: EndpointManager failed to find EndpointChannel over which to write DATA at offset 612 of Payload -9007404025457505713 to endpoint T8u1 [CONTEXT service_id=54 ]
04-22 11:30:17.655 22073  6656 I chatty  : uid=10156(com.google.android.gms) highpool[332] identical 3 lines
04-22 11:30:17.655 22073  6656 E NearbyConnections: EndpointManager failed to find EndpointChannel over which to write DATA at offset 612 of Payload -9007404025457505713 to endpoint T8u1 [CONTEXT service_id=54 ]
04-22 11:30:17.655 22073 10975 I ExposureNotification: No client, try to stop tracing. [CONTEXT service_id=236 ]
04-22 11:30:17.656 22073 10975 I ExposureNotification: ENInternalService.stopTracing, com.google.android.gms.nearby.exposurenotification.service.ExposureNotificationInternalChimeraService@3cacd6d [CONTEXT service_id=236 ]
04-22 11:30:17.656 22073  6656 E NearbyConnections: EndpointManager failed to find EndpointChannel over which to write DATA at offset 612 of Payload -9007404025457505713 to endpoint T8u1 [CONTEXT service_id=54 ]
04-22 11:30:17.656 24895  6863 I Icing   : Usage reports ok 0, Failed Usage reports 0, indexed 0, rejected 0
04-22 11:30:17.656 22073  6656 E NearbyConnections: EndpointManager failed to find EndpointChannel over which to write DATA at offset 612 of Payload -9007404025457505713 to endpoint T8u1 [CONTEXT service_id=54 ]
04-22 11:30:17.659 22073  6656 I chatty  : uid=10156(com.google.android.gms) highpool[332] identical 5 lines
04-22 11:30:17.660 22073  6656 E NearbyConnections: EndpointManager failed to find EndpointChannel over which to write DATA at offset 612 of Payload -9007404025457505713 to endpoint T8u1 [CONTEXT service_id=54 ]
04-22 11:30:17.661 24895  6863 I Icing   : Indexing com.google.android.gms-internal.3p:MobileApplication from com.google.android.gms using seqno 167
04-22 11:30:17.667 22073  6656 E NearbyConnections: EndpointManager failed to find EndpointChannel over which to write DATA at offset 612 of Payload -9007404025457505713 to endpoint T8u1 [CONTEXT service_id=54 ]
04-22 11:30:17.670 22073  6656 I chatty  : uid=10156(com.google.android.gms) highpool[332] identical 6 lines
04-22 11:30:17.671 22073  6656 E NearbyConnections: EndpointManager failed to find EndpointChannel over which to write DATA at offset 612 of Payload -9007404025457505713 to endpoint T8u1 [CONTEXT service_id=54 ]
04-22 11:30:17.671 22073 10975 I ExposureNotification: User turn off scanning. [CONTEXT service_id=236 ]
04-22 11:30:17.671 22073 10975 I ExposureNotification: Not scanning! [CONTEXT service_id=236 ]
04-22 11:30:17.672 22073 10975 I ExposureNotification: stopTracing called but Scanner failed to stop! [CONTEXT service_id=236 ]
04-22 11:30:17.672 22073 10975 I ExposureNotification: No active clients [CONTEXT service_id=236 ]
04-22 11:30:17.672 22073  6656 E NearbyConnections: EndpointManager failed to find EndpointChannel over which to write DATA at offset 612 of Payload -9007404025457505713 to endpoint T8u1 [CONTEXT service_id=54 ]
04-22 11:30:17.677 22073  6656 I chatty  : uid=10156(com.google.android.gms) highpool[332] identical 9 lines
04-22 11:30:17.677 22073  6656 E NearbyConnections: EndpointManager failed to find EndpointChannel over which to write DATA at offset 612 of Payload -9007404025457505713 to endpoint T8u1 [CONTEXT service_id=54 ]
04-22 11:30:17.677 24895  6863 I Icing   : Indexing com.google.android.gms-apps from com.google.android.gms
04-22 11:30:17.678 22073  6656 E NearbyConnections: EndpointManager failed to find EndpointChannel over which to write DATA at offset 612 of Payload -9007404025457505713 to endpoint T8u1 [CONTEXT service_id=54 ]
04-22 11:30:17.680 22073  6656 I chatty  : uid=10156(com.google.android.gms) highpool[332] identical 4 lines
04-22 11:30:17.681 22073  6656 E NearbyConnections: EndpointManager failed to find EndpointChannel over which to write DATA at offset 612 of Payload -9007404025457505713 to endpoint T8u1 [CONTEXT service_id=54 ]
04-22 11:30:17.681  1743  1756 I system_server: Background concurrent copying GC freed 181313(10040KB) AllocSpace objects, 52(10MB) LOS objects, 42% free, 23MB/40MB, paused 243us total 341.587ms
04-22 11:30:17.683 22073  6656 E NearbyConnections: EndpointManager failed to find EndpointChannel over which to write DATA at offset 612 of Payload -9007404025457505713 to endpoint T8u1 [CONTEXT service_id=54 ]
04-22 11:30:17.690 22073  6656 I chatty  : uid=10156(com.google.android.gms) highpool[332] identical 17 lines
04-22 11:30:17.691 22073  6656 E NearbyConnections: EndpointManager failed to find EndpointChannel over which to write DATA at offset 612 of Payload -9007404025457505713 to endpoint T8u1 [CONTEXT service_id=54 ]
04-22 11:30:17.691 26404 26404 I Finsky  : [2] agvn.j(7): SCH: Cancelling existing jobscheduler jobs: 9003 9004 9000 
04-22 11:30:17.691 22073  6656 E NearbyConnections: EndpointManager failed to find EndpointChannel over which to write DATA at offset 612 of Payload -9007404025457505713 to endpoint T8u1 [CONTEXT service_id=54 ]
04-22 11:30:17.691 22073  6656 E NearbyConnections: EndpointManager failed to find EndpointChannel over which to write DATA at offset 612 of Payload -9007404025457505713 to endpoint T8u1 [CONTEXT service_id=54 ]
04-22 11:30:17.692 26404 26404 I Finsky  : [2] agvn.i(11): SCH: Scheduling job Id: 9001, L: 14849, D: 66974439, C: false, I: false, N: 1
04-22 11:30:17.692 22073  6656 E NearbyConnections: EndpointManager failed to find EndpointChannel over which to write DATA at offset 612 of Payload -9007404025457505713 to endpoint T8u1 [CONTEXT service_id=54 ]
04-22 11:30:17.693 22073  6656 I chatty  : uid=10156(com.google.android.gms) highpool[332] identical 3 lines
04-22 11:30:17.693 22073  6656 E NearbyConnections: EndpointManager failed to find EndpointChannel over which to write DATA at offset 612 of Payload -9007404025457505713 to endpoint T8u1 [CONTEXT service_id=54 ]
04-22 11:30:17.694 24895  6863 W Icing   : No valid account for uploading user actions
04-22 11:30:17.694 22073  6656 E NearbyConnections: EndpointManager failed to find EndpointChannel over which to write DATA at offset 612 of Payload -9007404025457505713 to endpoint T8u1 [CONTEXT service_id=54 ]
04-22 11:30:17.696 22073  6656 I chatty  : uid=10156(com.google.android.gms) highpool[332] identical 7 lines
04-22 11:30:17.697 22073  6656 E NearbyConnections: EndpointManager failed to find EndpointChannel over which to write DATA at offset 612 of Payload -9007404025457505713 to endpoint T8u1 [CONTEXT service_id=54 ]
04-22 11:30:17.697 22073 10975 I ExposureNotification: postponePurgeDataWhenClientClearedMs disabled [CONTEXT service_id=236 ]
04-22 11:30:17.697 22073  6656 E NearbyConnections: EndpointManager failed to find EndpointChannel over which to write DATA at offset 612 of Payload -9007404025457505713 to endpoint T8u1 [CONTEXT service_id=54 ]
04-22 11:30:17.697 22073 22073 I ExposureNotification: ENInternalService.onDestroy, com.google.android.gms.nearby.exposurenotification.service.ExposureNotificationInternalChimeraService@3cacd6d [CONTEXT service_id=236 ]
04-22 11:30:17.698 22073  6656 E NearbyConnections: EndpointManager failed to find EndpointChannel over which to write DATA at offset 612 of Payload -9007404025457505713 to endpoint T8u1 [CONTEXT service_id=54 ]
04-22 11:30:17.700 22073  6656 I chatty  : uid=10156(com.google.android.gms) highpool[332] identical 4 lines
04-22 11:30:17.700 22073  6656 E NearbyConnections: EndpointManager failed to find EndpointChannel over which to write DATA at offset 612 of Payload -9007404025457505713 to endpoint T8u1 [CONTEXT service_id=54 ]
04-22 11:30:17.700 24895  6863 I Icing   : Usage reports ok 0, Failed Usage reports 0, indexed 0, rejected 0
04-22 11:30:17.700 22073  6656 E NearbyConnections: EndpointManager failed to find EndpointChannel over which to write DATA at offset 612 of Payload -9007404025457505713 to endpoint T8u1 [CONTEXT service_id=54 ]
04-22 11:30:17.700 26404 26404 I Finsky  : [2] agvn.i(11): SCH: Scheduling job Id: 9002, L: 0, D: 80010031, C: true, I: true, N: 2
04-22 11:30:17.701 22073  6656 E NearbyConnections: EndpointManager failed to find EndpointChannel over which to write DATA at offset 612 of Payload -9007404025457505713 to endpoint T8u1 [CONTEXT service_id=54 ]
04-22 11:30:17.701 22073  6656 I chatty  : uid=10156(com.google.android.gms) highpool[332] identical 2 lines
04-22 11:30:17.702 22073  6656 E NearbyConnections: EndpointManager failed to find EndpointChannel over which to write DATA at offset 612 of Payload -9007404025457505713 to endpoint T8u1 [CONTEXT service_id=54 ]
04-22 11:30:17.702 24895  6863 I Icing   : Indexing done com.google.android.gms-apps
04-22 11:30:17.702 22073  6656 E NearbyConnections: EndpointManager failed to find EndpointChannel over which to write DATA at offset 612 of Payload -9007404025457505713 to endpoint T8u1 [CONTEXT service_id=54 ]
04-22 11:30:17.703 24895  6863 I Icing   : Indexing com.google.android.gms-internal.3p:MobileApplication from com.google.android.gms using seqno 167
04-22 11:30:17.703 22073  6656 E NearbyConnections: EndpointManager failed to find EndpointChannel over which to write DATA at offset 612 of Payload -9007404025457505713 to endpoint T8u1 [CONTEXT service_id=54 ]
04-22 11:30:17.703 22073  6656 I chatty  : uid=10156(com.google.android.gms) highpool[332] identical 1 line
04-22 11:30:17.703 22073  6656 E NearbyConnections: EndpointManager failed to find EndpointChannel over which to write DATA at offset 612 of Payload -9007404025457505713 to endpoint T8u1 [CONTEXT service_id=54 ]
04-22 11:30:17.704 26404 26404 I Finsky  : [2] agvn.i(11): SCH: Scheduling job Id: 9005, L: 37781498, D: 38681498, C: false, I: false, N: 0
04-22 11:30:17.704 22073  6656 E NearbyConnections: EndpointManager failed to find EndpointChannel over which to write DATA at offset 612 of Payload -9007404025457505713 to endpoint T8u1 [CONTEXT service_id=54 ]
04-22 11:30:17.707 22073  6656 I chatty  : uid=10156(com.google.android.gms) highpool[332] identical 10 lines
04-22 11:30:17.708 22073  6656 E NearbyConnections: EndpointManager failed to find EndpointChannel over which to write DATA at offset 612 of Payload -9007404025457505713 to endpoint T8u1 [CONTEXT service_id=54 ]
04-22 11:30:17.708 26404 26404 I Finsky  : [2] agxj.b(5): SCH: Jobs in database: 1-1337 3-29 12-1 26-1414141414 
04-22 11:30:17.708 22073  6656 E NearbyConnections: EndpointManager failed to find EndpointChannel over which to write DATA at offset 612 of Payload -9007404025457505713 to endpoint T8u1 [CONTEXT service_id=54 ]
04-22 11:30:17.708 22073  6656 E NearbyConnections: EndpointManager failed to find EndpointChannel over which to write DATA at offset 612 of Payload -9007404025457505713 to endpoint T8u1 [CONTEXT service_id=54 ]
04-22 11:30:17.709 24895  6863 I Icing   : Indexing com.google.android.gms-apps from com.google.android.gms
04-22 11:30:17.709 22073  6656 E NearbyConnections: EndpointManager failed to find EndpointChannel over which to write DATA at offset 612 of Payload -9007404025457505713 to endpoint T8u1 [CONTEXT service_id=54 ]
04-22 11:30:17.710 22073  6656 I chatty  : uid=10156(com.google.android.gms) highpool[332] identical 2 lines
04-22 11:30:17.710 22073  6656 E NearbyConnections: EndpointManager failed to find EndpointChannel over which to write DATA at offset 612 of Payload -9007404025457505713 to endpoint T8u1 [CONTEXT service_id=54 ]
04-22 11:30:17.710 24895  6863 I Icing   : Indexing done com.google.android.gms-apps
04-22 11:30:17.710 22073  6656 E NearbyConnections: EndpointManager failed to find EndpointChannel over which to write DATA at offset 612 of Payload -9007404025457505713 to endpoint T8u1 [CONTEXT service_id=54 ]
04-22 11:30:17.711 22073  6656 I chatty  : uid=10156(com.google.android.gms) highpool[332] identical 3 lines
04-22 11:30:17.712 22073  6656 E NearbyConnections: EndpointManager failed to find EndpointChannel over which to write DATA at offset 612 of Payload -9007404025457505713 to endpoint T8u1 [CONTEXT service_id=54 ]
04-22 11:30:17.712 26404 26404 I Finsky  : [2] agvn.h(37): SCH: ConstraintMapping: 1-1337, 12-1,  -> L: 14779ms, D: 66974369ms, C: false, I: false, N: 1
04-22 11:30:17.712 22073  6656 E NearbyConnections: EndpointManager failed to find EndpointChannel over which to write DATA at offset 612 of Payload -9007404025457505713 to endpoint T8u1 [CONTEXT service_id=54 ]
04-22 11:30:17.713 22073  6656 E NearbyConnections: EndpointManager failed to find EndpointChannel over which to write DATA at offset 612 of Payload -9007404025457505713 to endpoint T8u1 [CONTEXT service_id=54 ]
04-22 11:30:17.713 26404 26404 I Finsky  : [2] agvn.h(37): SCH: ConstraintMapping: 3-29,  -> L: 0ms, D: 80009961ms, C: true, I: true, N: 2
04-22 11:30:17.713 22073  6656 E NearbyConnections: EndpointManager failed to find EndpointChannel over which to write DATA at offset 612 of Payload -9007404025457505713 to endpoint T8u1 [CONTEXT service_id=54 ]
04-22 11:30:17.713 22073  6656 E NearbyConnections: EndpointManager failed to find EndpointChannel over which to write DATA at offset 612 of Payload -9007404025457505713 to endpoint T8u1 [CONTEXT service_id=54 ]
04-22 11:30:17.714 26404 26404 I Finsky  : [2] agvn.h(37): SCH: ConstraintMapping: 26-1414141414,  -> L: 37781428ms, D: 38681428ms, C: false, I: false, N: 0
04-22 11:30:17.714 22073  6656 E NearbyConnections: EndpointManager failed to find EndpointChannel over which to write DATA at offset 612 of Payload -9007404025457505713 to endpoint T8u1 [CONTEXT service_id=54 ]
04-22 11:30:17.740 22073  6656 I chatty  : uid=10156(com.google.android.gms) highpool[332] identical 82 lines
04-22 11:30:17.740 22073  6656 E NearbyConnections: EndpointManager failed to find EndpointChannel over which to write DATA at offset 612 of Payload -9007404025457505713 to endpoint T8u1 [CONTEXT service_id=54 ]
04-22 11:30:17.740 26404 26404 I Finsky  : [2] agvn.j(7): SCH: Cancelling existing jobscheduler jobs: 9002 9001 9005 
04-22 11:30:17.740 22073  6656 E NearbyConnections: EndpointManager failed to find EndpointChannel over which to write DATA at offset 612 of Payload -9007404025457505713 to endpoint T8u1 [CONTEXT service_id=54 ]
04-22 11:30:17.741 22073  6656 E NearbyConnections: EndpointManager failed to find EndpointChannel over which to write DATA at offset 612 of Payload -9007404025457505713 to endpoint T8u1 [CONTEXT service_id=54 ]
04-22 11:30:17.741 26404 26404 I Finsky  : [2] agvn.i(11): SCH: Scheduling job Id: 9000, L: 14779, D: 66974369, C: false, I: false, N: 1
04-22 11:30:17.741 22073  6656 E NearbyConnections: EndpointManager failed to find EndpointChannel over which to write DATA at offset 612 of Payload -9007404025457505713 to endpoint T8u1 [CONTEXT service_id=54 ]
04-22 11:30:17.746 22073  6656 I chatty  : uid=10156(com.google.android.gms) highpool[332] identical 18 lines
04-22 11:30:17.746 22073  6656 E NearbyConnections: EndpointManager failed to find EndpointChannel over which to write DATA at offset 612 of Payload -9007404025457505713 to endpoint T8u1 [CONTEXT service_id=54 ]
04-22 11:30:17.746 26404 26404 I Finsky  : [2] agvn.i(11): SCH: Scheduling job Id: 9003, L: 0, D: 80009961, C: true, I: true, N: 2
04-22 11:30:17.746 22073  6656 E NearbyConnections: EndpointManager failed to find EndpointChannel over which to write DATA at offset 612 of Payload -9007404025457505713 to endpoint T8u1 [CONTEXT service_id=54 ]
04-22 11:30:17.748 22073  6656 I chatty  : uid=10156(com.google.android.gms) highpool[332] identical 6 lines
04-22 11:30:17.748 22073  6656 E NearbyConnections: EndpointManager failed to find EndpointChannel over which to write DATA at offset 612 of Payload -9007404025457505713 to endpoint T8u1 [CONTEXT service_id=54 ]
04-22 11:30:17.748 26404 26404 I Finsky  : [2] agvn.i(11): SCH: Scheduling job Id: 9004, L: 37781428, D: 38681428, C: false, I: false, N: 0
04-22 11:30:17.749 22073  6656 E NearbyConnections: EndpointManager failed to find EndpointChannel over which to write DATA at offset 612 of Payload -9007404025457505713 to endpoint T8u1 [CONTEXT service_id=54 ]
04-22 11:30:17.843 22073  6656 I chatty  : uid=10156(com.google.android.gms) highpool[332] identical 372 lines
04-22 11:30:17.843 22073  6656 E NearbyConnections: EndpointManager failed to find EndpointChannel over which to write DATA at offset 612 of Payload -9007404025457505713 to endpoint T8u1 [CONTEXT service_id=54 ]
04-22 11:30:17.843   969  1090 E         : Couldn't opendir /data/app/vmdl908115977.tmp: No such file or directory
04-22 11:30:17.843   969  1090 E installd: Failed to delete /data/app/vmdl908115977.tmp: No such file or directory
04-22 11:30:17.843 22073  6656 E NearbyConnections: EndpointManager failed to find EndpointChannel over which to write DATA at offset 612 of Payload -9007404025457505713 to endpoint T8u1 [CONTEXT service_id=54 ]
04-22 11:30:17.998  1743  3398 I ActivityTaskManager: START u0 {act=android.intent.action.MAIN cat=[android.intent.category.LAUNCHER] flg=0x10000000 cmp=com.google.location.nearby.apps.connectedcrossroad/nx.aodv.eval.MainActivity} from uid 2000
04-22 11:30:17.999  1743  3398 D ActivityTaskManager: getPreferredLaunchDisplay usersetdisplayid -1 current displayId 0 paramspreferid 0
04-22 11:30:17.999  1743  3398 D ActivityTaskManager: getPreferredLaunchDisplay usersetdisplayid -1 current displayId 0 paramspreferid 0
04-22 11:30:18.002  1743  3398 D ActivityTaskManager: getPreferredLaunchDisplay usersetdisplayid 0 current displayId 0 paramspreferid 0
04-22 11:30:18.008 22073  6656 I chatty  : uid=10156(com.google.android.gms) highpool[332] identical 664 lines
04-22 11:30:18.009 22073  6656 E NearbyConnections: EndpointManager failed to find EndpointChannel over which to write DATA at offset 612 of Payload -9007404025457505713 to endpoint T8u1 [CONTEXT service_id=54 ]
04-22 11:30:18.009  7384  7427 D MCLOG   : [MC_TriggerHelper] PauseResumeTrigger
04-22 11:30:18.009 22073  6656 E NearbyConnections: EndpointManager failed to find EndpointChannel over which to write DATA at offset 612 of Payload -9007404025457505713 to endpoint T8u1 [CONTEXT service_id=54 ]
04-22 11:30:18.013 22073  6656 I chatty  : uid=10156(com.google.android.gms) highpool[332] identical 11 lines
04-22 11:30:18.013 22073  6656 E NearbyConnections: EndpointManager failed to find EndpointChannel over which to write DATA at offset 612 of Payload -9007404025457505713 to endpoint T8u1 [CONTEXT service_id=54 ]
04-22 11:30:18.014  7384  7384 D MCLOG   : [MC_Service] onStartcommand()
04-22 11:30:18.014 22073  6656 E NearbyConnections: EndpointManager failed to find EndpointChannel over which to write DATA at offset 612 of Payload -9007404025457505713 to endpoint T8u1 [CONTEXT service_id=54 ]
04-22 11:30:18.018 22073  6656 I chatty  : uid=10156(com.google.android.gms) highpool[332] identical 9 lines
04-22 11:30:18.019 22073  6656 E NearbyConnections: EndpointManager failed to find EndpointChannel over which to write DATA at offset 612 of Payload -9007404025457505713 to endpoint T8u1 [CONTEXT service_id=54 ]
04-22 11:30:18.019  1743  1766 E system_server: Invalid ID 0x00000000.
04-22 11:30:18.019 22073  6656 E NearbyConnections: EndpointManager failed to find EndpointChannel over which to write DATA at offset 612 of Payload -9007404025457505713 to endpoint T8u1 [CONTEXT service_id=54 ]
04-22 11:30:18.021  1743  1743 V SettingsProvider: Notifying for 0: content://settings/secure/reminder_exp_learning_time_elapsed
04-22 11:30:18.027  1743  1762 W Looper  : Drained
04-22 11:30:18.029 22073  6656 I chatty  : uid=10156(com.google.android.gms) highpool[332] identical 27 lines
04-22 11:30:18.029 22073  6656 E NearbyConnections: EndpointManager failed to find EndpointChannel over which to write DATA at offset 612 of Payload -9007404025457505713 to endpoint T8u1 [CONTEXT service_id=54 ]
04-22 11:30:18.029   721   721 D Zygote  : Forked child process 11254
04-22 11:30:18.030 22073  6656 E NearbyConnections: EndpointManager failed to find EndpointChannel over which to write DATA at offset 612 of Payload -9007404025457505713 to endpoint T8u1 [CONTEXT service_id=54 ]
04-22 11:30:18.032  1743  1773 I ActivityManager: Start proc 11254:com.google.location.nearby.apps.connectedcrossroad/u0a217 for activity {com.google.location.nearby.apps.connectedcrossroad/nx.aodv.eval.MainActivity}
04-22 11:30:18.036  1743  1766 V WindowManager: Changing focus from Window{a0fbc2a u0 com.motorola.launcher3/com.android.launcher3.CustomizationPanelLauncher} to null displayId=0
04-22 11:30:18.036 22073  6656 I chatty  : uid=10156(com.google.android.gms) highpool[332] identical 17 lines
04-22 11:30:18.036 22073  6656 E NearbyConnections: EndpointManager failed to find EndpointChannel over which to write DATA at offset 612 of Payload -9007404025457505713 to endpoint T8u1 [CONTEXT service_id=54 ]
04-22 11:30:18.036 11254 11254 I nectedcrossroa: Late-enabling -Xcheck:jni
04-22 11:30:18.037 22073  6656 E NearbyConnections: EndpointManager failed to find EndpointChannel over which to write DATA at offset 612 of Payload -9007404025457505713 to endpoint T8u1 [CONTEXT service_id=54 ]
04-22 11:30:18.061 22073  6656 I chatty  : uid=10156(com.google.android.gms) highpool[332] identical 82 lines
04-22 11:30:18.061 22073  6656 E NearbyConnections: EndpointManager failed to find EndpointChannel over which to write DATA at offset 612 of Payload -9007404025457505713 to endpoint T8u1 [CONTEXT service_id=54 ]
04-22 11:30:18.061 11254 11254 E nectedcrossroa: Unknown bits set in runtime_flags: 0x8000
04-22 11:30:18.061 22073  6656 E NearbyConnections: EndpointManager failed to find EndpointChannel over which to write DATA at offset 612 of Payload -9007404025457505713 to endpoint T8u1 [CONTEXT service_id=54 ]
04-22 11:30:18.080 22073  6656 I chatty  : uid=10156(com.google.android.gms) highpool[332] identical 50 lines
04-22 11:30:18.080 22073  6656 E NearbyConnections: EndpointManager failed to find EndpointChannel over which to write DATA at offset 612 of Payload -9007404025457505713 to endpoint T8u1 [CONTEXT service_id=54 ]
04-22 11:30:18.080  7384  7427 D MCLOG   : [MC_TriggerHelper] PauseResumeTrigger
04-22 11:30:18.081 22073  6656 E NearbyConnections: EndpointManager failed to find EndpointChannel over which to write DATA at offset 612 of Payload -9007404025457505713 to endpoint T8u1 [CONTEXT service_id=54 ]
04-22 11:30:18.091  1743  1766 I WindowManager:   SURFACE show Surface(name=Splash Screen com.google.location.nearby.apps.connectedcrossroad)/@0xf0e6996 on display:0: Splash Screen com.google.location.nearby.apps.connectedcrossroad
04-22 11:30:18.094 22073  6656 I chatty  : uid=10156(com.google.android.gms) highpool[332] identical 25 lines
04-22 11:30:18.095 22073  6656 E NearbyConnections: EndpointManager failed to find EndpointChannel over which to write DATA at offset 612 of Payload -9007404025457505713 to endpoint T8u1 [CONTEXT service_id=54 ]
04-22 11:30:18.095  7384  7384 D MCLOG   : [MC_Service] onStartcommand()
04-22 11:30:18.095 22073  6656 E NearbyConnections: EndpointManager failed to find EndpointChannel over which to write DATA at offset 612 of Payload -9007404025457505713 to endpoint T8u1 [CONTEXT service_id=54 ]
04-22 11:30:18.105  1743  2059 D BatteryService: uevent={POWER_SUPPLY_DP_DM=0, POWER_SUPPLY_VOLTAGE_NOW=3810408, POWER_SUPPLY_SW_JEITA_ENABLED=0, POWER_SUPPLY_CHARGE_CONTROL_LIMIT_MAX=8, POWER_SUPPLY_RECHARGE_SOC=99, POWER_SUPPLY_HEALTH=Good, POWER_SUPPLY_TECHNOLOGY=Li-ion, POWER_SUPPLY_FCC_STEPPER_ENABLE=0, SEQNUM=626824, POWER_SUPPLY_INPUT_CURRENT_LIMITED=0, POWER_SUPPLY_CHARGE_CONTROL_LIMIT=0, POWER_SUPPLY_BATTERY_CHARGING_ENABLED=1, POWER_SUPPLY_STATUS=Discharging, POWER_SUPPLY_CYCLE_COUNT=6, POWER_SUPPLY_CURRENT_MAX=2000000, POWER_SUPPLY_CHARGE_TERM_CURRENT=-101, POWER_SUPPLY_CAPACITY=55, DEVPATH=/devices/platform/soc/200f000.qcom,spmi/spmi-0/spmi0-02/200f000.qcom,spmi:qcom,pmi632@2:qcom,qpnp-smb5/power_supply/battery, POWER_SUPPLY_CHARGE_DONE=0, POWER_SUPPLY_CHARGE_TYPE=N/A, POWER_SUPPLY_CHARGE_RATE=None, POWER_SUPPLY_CURRENT_NOW=-658112, POWER_SUPPLY_SYSTEM_TEMP_LEVEL=0, POWER_SUPPLY_PRESENT=1, POWER_SUPPLY_PARALLEL_DISABLE=0, POWER_SUPPLY_CHARGE_FULL=3505000, SUBSYSTEM=power_supply, POWER_SUPPLY_SET_SHIP_MODE=0, POWER_SUPPLY_TEMP=276, ACTION=change, POWER_SUPPLY_RERUN_AICL=0, POWER_SUPPLY_AGE=97, POWER_SUPPLY_NAME=battery, POWER_SUPPLY_VOLTAGE_MAX=-22, POWER_SUPPLY_CONSTANT_CHARGE_CURRENT_MAX=2000000, POWER_SUPPLY_CHARGE_COUNTER=1962800, POWER_SUPPLY_STEP_CHARGING_ENABLED=0, POWER_SUPPLY_NUM_SYSTEM_TEMP_LEVELS=8, POWER_SUPPLY_DIE_HEALTH=Hot, POWER_SUPPLY_INPUT_SUSPEND=0}
04-22 11:30:18.111 22073  6656 I chatty  : uid=10156(com.google.android.gms) highpool[332] identical 25 lines
04-22 11:30:18.111 22073  6656 E NearbyConnections: EndpointManager failed to find EndpointChannel over which to write DATA at offset 612 of Payload -9007404025457505713 to endpoint T8u1 [CONTEXT service_id=54 ]
04-22 11:30:18.111  2498  2498 D QtiCarrierConfigHelper: WARNING, no carrier configs on phone Id: 0
04-22 11:30:18.112 22073  6656 E NearbyConnections: EndpointManager failed to find EndpointChannel over which to write DATA at offset 612 of Payload -9007404025457505713 to endpoint T8u1 [CONTEXT service_id=54 ]
04-22 11:30:18.123 22073  6656 I chatty  : uid=10156(com.google.android.gms) highpool[332] identical 22 lines
04-22 11:30:18.124 22073  6656 E NearbyConnections: EndpointManager failed to find EndpointChannel over which to write DATA at offset 612 of Payload -9007404025457505713 to endpoint T8u1 [CONTEXT service_id=54 ]
04-22 11:30:18.124  6583  6606 I MicroDetectionState: Should stop hotword detection immediately - false
04-22 11:30:18.124 22073  6656 E NearbyConnections: EndpointManager failed to find EndpointChannel over which to write DATA at offset 612 of Payload -9007404025457505713 to endpoint T8u1 [CONTEXT service_id=54 ]
04-22 11:30:18.125 22073  6656 E NearbyConnections: EndpointManager failed to find EndpointChannel over which to write DATA at offset 612 of Payload -9007404025457505713 to endpoint T8u1 [CONTEXT service_id=54 ]
04-22 11:30:18.125  6583  6606 I MicroDetector: Keeping mic open: false
04-22 11:30:18.125  6583  6606 I RecognitionAudioControl: #shutdownAudio [requestId: 8059345567917963239, keepAudioOpen: false, forced: true]
04-22 11:30:18.125 22073  6656 E NearbyConnections: EndpointManager failed to find EndpointChannel over which to write DATA at offset 612 of Payload -9007404025457505713 to endpoint T8u1 [CONTEXT service_id=54 ]
04-22 11:30:18.126  6583 10788 E DeviceStateChecker: DeviceStateChecker cancelled
04-22 11:30:18.126 22073  6656 E NearbyConnections: EndpointManager failed to find EndpointChannel over which to write DATA at offset 612 of Payload -9007404025457505713 to endpoint T8u1 [CONTEXT service_id=54 ]
04-22 11:30:18.126 22073  6656 I chatty  : uid=10156(com.google.android.gms) highpool[332] identical 1 line
04-22 11:30:18.127 22073  6656 E NearbyConnections: EndpointManager failed to find EndpointChannel over which to write DATA at offset 612 of Payload -9007404025457505713 to endpoint T8u1 [CONTEXT service_id=54 ]
04-22 11:30:18.127  6583  6606 I RecognitionAudioControl: #internalShutdownAudio [requestId: 8059345567917963239]
04-22 11:30:18.127  6583  6606 I RecognitionAudioControl: #internalShutdownAudio [keepAudioOpen: false, forced: true]
04-22 11:30:18.127  6583  6606 I RecognitionAudioControl: #actualShutdownAudio
04-22 11:30:18.127  6583  6606 I AudioController: #shutdown [requestId=8059345567917963239]
04-22 11:30:18.127 22073  6656 E NearbyConnections: EndpointManager failed to find EndpointChannel over which to write DATA at offset 612 of Payload -9007404025457505713 to endpoint T8u1 [CONTEXT service_id=54 ]
04-22 11:30:18.128 22073  6656 I chatty  : uid=10156(com.google.android.gms) highpool[332] identical 3 lines
04-22 11:30:18.129 22073  6656 E NearbyConnections: EndpointManager failed to find EndpointChannel over which to write DATA at offset 612 of Payload -9007404025457505713 to endpoint T8u1 [CONTEXT service_id=54 ]
04-22 11:30:18.129  6583  6626 I AudioController: internalShutdown
04-22 11:30:18.129 22073  6656 E NearbyConnections: EndpointManager failed to find EndpointChannel over which to write DATA at offset 612 of Payload -9007404025457505713 to endpoint T8u1 [CONTEXT service_id=54 ]
04-22 11:30:18.130  6583  6638 I MicroRecognitionRunner: Stopping hotword detection.
04-22 11:30:18.130 22073  6656 E NearbyConnections: EndpointManager failed to find EndpointChannel over which to write DATA at offset 612 of Payload -9007404025457505713 to endpoint T8u1 [CONTEXT service_id=54 ]
04-22 11:30:18.183 22073  6656 I chatty  : uid=10156(com.google.android.gms) highpool[332] identical 122 lines
04-22 11:30:18.184 22073  6656 E NearbyConnections: EndpointManager failed to find EndpointChannel over which to write DATA at offset 612 of Payload -9007404025457505713 to endpoint T8u1 [CONTEXT service_id=54 ]
04-22 11:30:18.184   807  1556 D audio_hw_primary: disable_audio_route: usecase(10) reset and update mixer path: audio-record
04-22 11:30:18.185 22073  6656 E NearbyConnections: EndpointManager failed to find EndpointChannel over which to write DATA at offset 612 of Payload -9007404025457505713 to endpoint T8u1 [CONTEXT service_id=54 ]
04-22 11:30:18.185 22073  6656 E NearbyConnections: EndpointManager failed to find EndpointChannel over which to write DATA at offset 612 of Payload -9007404025457505713 to endpoint T8u1 [CONTEXT service_id=54 ]
04-22 11:30:18.186   807  1556 D audio_hw_primary: disable_snd_device: snd_device(136: voice-rec-mic)
04-22 11:30:18.186 22073  6656 E NearbyConnections: EndpointManager failed to find EndpointChannel over which to write DATA at offset 612 of Payload -9007404025457505713 to endpoint T8u1 [CONTEXT service_id=54 ]
04-22 11:30:18.190 22073  6656 I chatty  : uid=10156(com.google.android.gms) highpool[332] identical 6 lines
04-22 11:30:18.190 22073  6656 E NearbyConnections: EndpointManager failed to find EndpointChannel over which to write DATA at offset 612 of Payload -9007404025457505713 to endpoint T8u1 [CONTEXT service_id=54 ]
04-22 11:30:18.191   807   884 D audio_hw_primary: in_set_parameters: enter: kvpairs=routing=0
04-22 11:30:18.191 22073  6656 E NearbyConnections: EndpointManager failed to find EndpointChannel over which to write DATA at offset 612 of Payload -9007404025457505713 to endpoint T8u1 [CONTEXT service_id=54 ]
04-22 11:30:18.192 22073  6656 I chatty  : uid=10156(com.google.android.gms) highpool[332] identical 4 lines
04-22 11:30:18.193 22073  6656 E NearbyConnections: EndpointManager failed to find EndpointChannel over which to write DATA at offset 612 of Payload -9007404025457505713 to endpoint T8u1 [CONTEXT service_id=54 ]
04-22 11:30:18.193  6583  6626 I MicrophoneInputStream: mic_close  SR : 16000 CC : 16 SO : 1999
04-22 11:30:18.193 22073  6656 E NearbyConnections: EndpointManager failed to find EndpointChannel over which to write DATA at offset 612 of Payload -9007404025457505713 to endpoint T8u1 [CONTEXT service_id=54 ]
04-22 11:30:18.193  6583  6626 E AudioSource: Stop listening is called on already closed AudioSource
04-22 11:30:18.193 22073  6656 E NearbyConnections: EndpointManager failed to find EndpointChannel over which to write DATA at offset 612 of Payload -9007404025457505713 to endpoint T8u1 [CONTEXT service_id=54 ]
04-22 11:30:18.195 22073  6656 I chatty  : uid=10156(com.google.android.gms) highpool[332] identical 4 lines
