04-22 11:58:10.724 22073  6656 E NearbyConnections: EndpointManager failed to find EndpointChannel over which to write DATA at offset 612 of Payload -9007404025457505713 to endpoint T8u1 [CONTEXT service_id=54 ]
04-22 11:58:10.729 22073  6656 I chatty  : uid=10156(com.google.android.gms) highpool[332] identical 18 lines
04-22 11:58:10.729 22073  6656 E NearbyConnections: EndpointManager failed to find EndpointChannel over which to write DATA at offset 612 of Payload -9007404025457505713 to endpoint T8u1 [CONTEXT service_id=54 ]
04-22 11:58:11.790  1743  1771 I UsageStatsService: User[0] Flushing usage stats to disk
04-22 11:58:11.886  1743  1771 E AppIdleHistory: Error writing app idle file for user 0
04-22 11:58:13.826 22073  6656 I chatty  : uid=10156(com.google.android.gms) highpool[332] identical 12 lines
04-22 11:58:13.826 22073  6656 E NearbyConnections: EndpointManager failed to find EndpointChannel over which to write DATA at offset 612 of Payload -9007404025457505713 to endpoint T8u1 [CONTEXT service_id=54 ]
04-22 11:58:13.826  2290  2603 E bt_btif : bte_scan_filt_param_cfg_evt, 23
04-22 11:58:13.827 22073  6656 E NearbyConnections: EndpointManager failed to find EndpointChannel over which to write DATA at offset 612 of Payload -9007404025457505713 to endpoint T8u1 [CONTEXT service_id=54 ]
04-22 11:58:13.828 22073  6656 I chatty  : uid=10156(com.google.android.gms) highpool[332] identical 7 lines
04-22 11:58:13.829 22073  6656 E NearbyConnections: EndpointManager failed to find EndpointChannel over which to write DATA at offset 612 of Payload -9007404025457505713 to endpoint T8u1 [CONTEXT service_id=54 ]
04-22 11:58:13.829  2290  2603 I bt_stack: [INFO:gatt_main.cc(919)] gatt_data_process op_code = 18, msg_len = 511
04-22 11:58:13.829 22073  6656 E NearbyConnections: EndpointManager failed to find EndpointChannel over which to write DATA at offset 612 of Payload -9007404025457505713 to endpoint T8u1 [CONTEXT service_id=54 ]
04-22 11:58:13.831 22073  6656 I chatty  : uid=10156(com.google.android.gms) highpool[332] identical 9 lines
04-22 11:58:13.832 22073  6656 E NearbyConnections: EndpointManager failed to find EndpointChannel over which to write DATA at offset 612 of Payload -9007404025457505713 to endpoint T8u1 [CONTEXT service_id=54 ]
04-22 11:58:13.832  2290  2348 D BtGatt.GattService: onResponseSendCompleted() handle=45
04-22 11:58:13.832 22073  6656 E NearbyConnections: EndpointManager failed to find EndpointChannel over which to write DATA at offset 612 of Payload -9007404025457505713 to endpoint T8u1 [CONTEXT service_id=54 ]
04-22 11:58:13.852 22073  6656 I chatty  : uid=10156(com.google.android.gms) highpool[332] identical 80 lines
04-22 11:58:13.853 22073 15428 I NearbyConnections: EndpointManager discarded incoming OfflineFrame of type KEEP_ALIVE because it doesn't have a processor registered. [CONTEXT service_id=54 ]
04-22 11:58:13.853 22073  6656 E NearbyConnections: EndpointManager failed to find EndpointChannel over which to write DATA at offset 612 of Payload -9007404025457505713 to endpoint T8u1 [CONTEXT service_id=54 ]
04-22 11:58:13.853 22073  6656 E NearbyConnections: EndpointManager failed to find EndpointChannel over which to write DATA at offset 612 of Payload -9007404025457505713 to endpoint T8u1 [CONTEXT service_id=54 ]
04-22 11:58:14.053 22073  6656 I chatty  : uid=10156(com.google.android.gms) highpool[332] identical 749 lines
04-22 11:58:14.054 22073  6656 E NearbyConnections: EndpointManager failed to find EndpointChannel over which to write DATA at offset 612 of Payload -9007404025457505713 to endpoint T8u1 [CONTEXT service_id=54 ]
04-22 11:58:14.054  2290  2603 I bt_stack: [INFO:gatt_main.cc(919)] gatt_data_process op_code = 18, msg_len = 244
04-22 11:58:14.054 22073  6656 E NearbyConnections: EndpointManager failed to find EndpointChannel over which to write DATA at offset 612 of Payload -9007404025457505713 to endpoint T8u1 [CONTEXT service_id=54 ]
04-22 11:58:14.056 22073  6656 I chatty  : uid=10156(com.google.android.gms) highpool[332] identical 8 lines
04-22 11:58:14.056 22073  6656 E NearbyConnections: EndpointManager failed to find EndpointChannel over which to write DATA at offset 612 of Payload -9007404025457505713 to endpoint T8u1 [CONTEXT service_id=54 ]
04-22 11:58:14.056  2290  2348 D BtGatt.GattService: onResponseSendCompleted() handle=45
04-22 11:58:14.057 22073  6656 E NearbyConnections: EndpointManager failed to find EndpointChannel over which to write DATA at offset 612 of Payload -9007404025457505713 to endpoint T8u1 [CONTEXT service_id=54 ]
04-22 11:58:14.061 22073  6656 I chatty  : uid=10156(com.google.android.gms) highpool[332] identical 15 lines
04-22 11:58:14.061 22073  6656 E NearbyConnections: EndpointManager failed to find EndpointChannel over which to write DATA at offset 612 of Payload -9007404025457505713 to endpoint T8u1 [CONTEXT service_id=54 ]
04-22 11:58:14.061 22073 15639 I NearbyConnections: ClientProxy(244116452) reporting onPayloadReceived(-Q5j, -6717022570396516108) [CONTEXT service_id=54 ]
04-22 11:58:14.061 22073  6656 E NearbyConnections: EndpointManager failed to find EndpointChannel over which to write DATA at offset 612 of Payload -9007404025457505713 to endpoint T8u1 [CONTEXT service_id=54 ]
04-22 11:58:14.063 22073  6656 I chatty  : uid=10156(com.google.android.gms) highpool[332] identical 9 lines
04-22 11:58:14.064 22073  6656 E NearbyConnections: EndpointManager failed to find EndpointChannel over which to write DATA at offset 612 of Payload -9007404025457505713 to endpoint T8u1 [CONTEXT service_id=54 ]
04-22 11:58:14.064 15172 15344 V connectedcrossroad: Data collect: RREQ
04-22 11:58:14.064 22073  6656 E NearbyConnections: EndpointManager failed to find EndpointChannel over which to write DATA at offset 612 of Payload -9007404025457505713 to endpoint T8u1 [CONTEXT service_id=54 ]
04-22 11:58:14.064 15172 15344 V data    : Payload RX: 120
04-22 11:58:14.064 15172 15344 V data    : Payload TX: 240
04-22 11:58:14.064 22073  6656 E NearbyConnections: EndpointManager failed to find EndpointChannel over which to write DATA at offset 612 of Payload -9007404025457505713 to endpoint T8u1 [CONTEXT service_id=54 ]
04-22 11:58:14.064 15172 15344 V data    : Total RX: 313708
04-22 11:58:14.064 15172 15344 V data    : Total TX: 245752
04-22 11:58:14.064 22073  6656 E NearbyConnections: EndpointManager failed to find EndpointChannel over which to write DATA at offset 612 of Payload -9007404025457505713 to endpoint T8u1 [CONTEXT service_id=54 ]
04-22 11:58:14.174 22073  6656 I chatty  : uid=10156(com.google.android.gms) highpool[332] identical 430 lines
04-22 11:58:14.174  2290  2603 I bt_stack: [INFO:gatt_main.cc(919)] gatt_data_process op_code = 18, msg_len = 126
04-22 11:58:14.174 22073  6656 E NearbyConnections: EndpointManager failed to find EndpointChannel over which to write DATA at offset 612 of Payload -9007404025457505713 to endpoint T8u1 [CONTEXT service_id=54 ]
04-22 11:58:14.174 22073  6656 E NearbyConnections: EndpointManager failed to find EndpointChannel over which to write DATA at offset 612 of Payload -9007404025457505713 to endpoint T8u1 [CONTEXT service_id=54 ]
04-22 11:58:14.176 22073  6656 I chatty  : uid=10156(com.google.android.gms) highpool[332] identical 7 lines
04-22 11:58:14.176 22073  6656 E NearbyConnections: EndpointManager failed to find EndpointChannel over which to write DATA at offset 612 of Payload -9007404025457505713 to endpoint T8u1 [CONTEXT service_id=54 ]
04-22 11:58:14.176  2290  2348 D BtGatt.GattService: onResponseSendCompleted() handle=45
04-22 11:58:14.176 22073  6656 E NearbyConnections: EndpointManager failed to find EndpointChannel over which to write DATA at offset 612 of Payload -9007404025457505713 to endpoint T8u1 [CONTEXT service_id=54 ]
04-22 11:58:14.180 22073  6656 I chatty  : uid=10156(com.google.android.gms) highpool[332] identical 15 lines
04-22 11:58:14.180 22073  6656 E NearbyConnections: EndpointManager failed to find EndpointChannel over which to write DATA at offset 612 of Payload -9007404025457505713 to endpoint T8u1 [CONTEXT service_id=54 ]
04-22 11:58:14.180 22073 15639 I NearbyConnections: ClientProxy(244116452) reporting onPayloadTransferUpdate(-Q5j, -6717022570396516108, SUCCESS) [CONTEXT service_id=54 ]
04-22 11:58:14.181 22073  6656 E NearbyConnections: EndpointManager failed to find EndpointChannel over which to write DATA at offset 612 of Payload -9007404025457505713 to endpoint T8u1 [CONTEXT service_id=54 ]
04-22 11:58:14.499 22073  6656 I chatty  : uid=10156(com.google.android.gms) highpool[332] identical 1189 lines
04-22 11:58:14.499 22073  6656 E NearbyConnections: EndpointManager failed to find EndpointChannel over which to write DATA at offset 612 of Payload -9007404025457505713 to endpoint T8u1 [CONTEXT service_id=54 ]
04-22 11:58:14.500  2290  2603 W bt_btm  : btm_process_inq_results: BDA: cc:0d:f2:75:2d:60
04-22 11:58:14.500  2290  2603 W bt_btm  : btm_process_inq_results: Dev class: 5a-02-0c
04-22 11:58:14.500 22073  6656 E NearbyConnections: EndpointManager failed to find EndpointChannel over which to write DATA at offset 612 of Payload -9007404025457505713 to endpoint T8u1 [CONTEXT service_id=54 ]
04-22 11:58:14.500  2290  2348 D bt_btif_config: btif_get_device_type: Device [cc:0d:f2:75:2d:60] type 1
04-22 11:58:14.500 22073  6656 E NearbyConnections: EndpointManager failed to find EndpointChannel over which to write DATA at offset 612 of Payload -9007404025457505713 to endpoint T8u1 [CONTEXT service_id=54 ]
04-22 11:58:14.510 22073  6656 I chatty  : uid=10156(com.google.android.gms) highpool[332] identical 35 lines
04-22 11:58:14.510 22073  6656 E NearbyConnections: EndpointManager failed to find EndpointChannel over which to write DATA at offset 612 of Payload -9007404025457505713 to endpoint T8u1 [CONTEXT service_id=54 ]
04-22 11:58:14.511 22073 15491 I NearbyConnections: Found BluetoothDeviceName IktzemRbye0AAAAAAAAAATQ (with EndpointId Kszd and EndpointInfo [ 0x34 ]) [CONTEXT service_id=54 ]
04-22 11:58:14.511 22073  6656 E NearbyConnections: EndpointManager failed to find EndpointChannel over which to write DATA at offset 612 of Payload -9007404025457505713 to endpoint T8u1 [CONTEXT service_id=54 ]
04-22 11:58:14.512 22073  6656 I chatty  : uid=10156(com.google.android.gms) highpool[332] identical 4 lines
04-22 11:58:14.512 22073 15491 I NearbyConnections: ClientProxy(244116452) ignoring onEndpointDistanceChanged(Kszd, UNKNOWN), because this distance has already been reported [CONTEXT service_id=54 ]
04-22 11:58:14.512 22073  6656 E NearbyConnections: EndpointManager failed to find EndpointChannel over which to write DATA at offset 612 of Payload -9007404025457505713 to endpoint T8u1 [CONTEXT service_id=54 ]
04-22 11:58:14.512 22073  6656 E NearbyConnections: EndpointManager failed to find EndpointChannel over which to write DATA at offset 612 of Payload -9007404025457505713 to endpoint T8u1 [CONTEXT service_id=54 ]
04-22 11:58:14.721 22073  6656 I chatty  : uid=10156(com.google.android.gms) highpool[332] identical 815 lines
04-22 11:58:14.721 22073  6656 E NearbyConnections: EndpointManager failed to find EndpointChannel over which to write DATA at offset 612 of Payload -9007404025457505713 to endpoint T8u1 [CONTEXT service_id=54 ]
04-22 11:58:14.721 15172 15339 D connectedcrossroad: Data collect: SEND
04-22 11:58:14.721 22073  6656 E NearbyConnections: EndpointManager failed to find EndpointChannel over which to write DATA at offset 612 of Payload -9007404025457505713 to endpoint T8u1 [CONTEXT service_id=54 ]
04-22 11:58:14.722 22073  6656 I chatty  : uid=10156(com.google.android.gms) highpool[332] identical 3 lines
04-22 11:58:14.722 22073  6656 E NearbyConnections: EndpointManager failed to find EndpointChannel over which to write DATA at offset 612 of Payload -9007404025457505713 to endpoint T8u1 [CONTEXT service_id=54 ]
04-22 11:58:14.722 15172 15339 D connectedcrossroad: Data collect: SEND
04-22 11:58:14.723 22073  6656 E NearbyConnections: EndpointManager failed to find EndpointChannel over which to write DATA at offset 612 of Payload -9007404025457505713 to endpoint T8u1 [CONTEXT service_id=54 ]
04-22 11:58:14.723 22073  6656 I chatty  : uid=10156(com.google.android.gms) highpool[332] identical 1 line
04-22 11:58:14.723 22073  6656 E NearbyConnections: EndpointManager failed to find EndpointChannel over which to write DATA at offset 612 of Payload -9007404025457505713 to endpoint T8u1 [CONTEXT service_id=54 ]
04-22 11:58:14.723 15172 15339 D connectedcrossroad: Data collect: SEND
04-22 11:58:14.723 22073  6656 E NearbyConnections: EndpointManager failed to find EndpointChannel over which to write DATA at offset 612 of Payload -9007404025457505713 to endpoint T8u1 [CONTEXT service_id=54 ]
04-22 11:58:14.725 22073  6656 I chatty  : uid=10156(com.google.android.gms) highpool[332] identical 5 lines
04-22 11:58:14.725 22073  6656 E NearbyConnections: EndpointManager failed to find EndpointChannel over which to write DATA at offset 612 of Payload -9007404025457505713 to endpoint T8u1 [CONTEXT service_id=54 ]
04-22 11:58:14.725 22073 15491 I NearbyConnections: Client 244116452 is sending payload -6098572279016699658 to endpoints [Kszd]. [CONTEXT service_id=54 ]
04-22 11:58:14.725 22073  6656 E NearbyConnections: EndpointManager failed to find EndpointChannel over which to write DATA at offset 612 of Payload -9007404025457505713 to endpoint T8u1 [CONTEXT service_id=54 ]
04-22 11:58:14.728 22073  6656 I chatty  : uid=10156(com.google.android.gms) highpool[332] identical 12 lines
04-22 11:58:14.728 22073  6656 E NearbyConnections: EndpointManager failed to find EndpointChannel over which to write DATA at offset 612 of Payload -9007404025457505713 to endpoint T8u1 [CONTEXT service_id=54 ]
04-22 11:58:14.728 22073 15577 I NearbyConnections: Client 244116452 is sending payload -7723566378223525759 to endpoints [-jmB]. [CONTEXT service_id=54 ]
04-22 11:58:14.729 22073  6656 E NearbyConnections: EndpointManager failed to find EndpointChannel over which to write DATA at offset 612 of Payload -9007404025457505713 to endpoint T8u1 [CONTEXT service_id=54 ]
04-22 11:58:14.731 22073  6656 I chatty  : uid=10156(com.google.android.gms) highpool[332] identical 9 lines
04-22 11:58:14.731 22073  6656 E NearbyConnections: EndpointManager failed to find EndpointChannel over which to write DATA at offset 612 of Payload -9007404025457505713 to endpoint T8u1 [CONTEXT service_id=54 ]
04-22 11:58:14.731 22073 15491 I NearbyConnections: Client 244116452 is sending payload -6839033469499990584 to endpoints [3Vkt]. [CONTEXT service_id=54 ]
04-22 11:58:14.731 22073  6656 E NearbyConnections: EndpointManager failed to find EndpointChannel over which to write DATA at offset 612 of Payload -9007404025457505713 to endpoint T8u1 [CONTEXT service_id=54 ]
04-22 11:58:14.732 22073  6656 E NearbyConnections: EndpointManager failed to find EndpointChannel over which to write DATA at offset 612 of Payload -9007404025457505713 to endpoint T8u1 [CONTEXT service_id=54 ]
04-22 11:58:14.732 22073 15639 I NearbyConnections: Sent BYTES data(691 bytes) via WIFI_LAN used 4 milliseconds, throughput is 0.16 MB/s (168.70 KB/s) [CONTEXT service_id=54 ]
04-22 11:58:14.732 22073  6656 E NearbyConnections: EndpointManager failed to find EndpointChannel over which to write DATA at offset 612 of Payload -9007404025457505713 to endpoint T8u1 [CONTEXT service_id=54 ]
04-22 11:58:14.732 22073 15639 I NearbyConnections: Sent BYTES data(691 bytes) SUCCEEDED, overall used 4 milliseconds, throughput is 0.16 MB/s (168.70 KB/s) [CONTEXT service_id=54 ]
04-22 11:58:14.732 22073 15577 I NearbyConnections: ClientProxy(244116452) reporting onPayloadTransferUpdate(Kszd, -6098572279016699658, SUCCESS) [CONTEXT service_id=54 ]
04-22 11:58:14.732 22073  6656 E NearbyConnections: EndpointManager failed to find EndpointChannel over which to write DATA at offset 612 of Payload -9007404025457505713 to endpoint T8u1 [CONTEXT service_id=54 ]
04-22 11:58:14.732 22073  6656 E NearbyConnections: EndpointManager failed to find EndpointChannel over which to write DATA at offset 612 of Payload -9007404025457505713 to endpoint T8u1 [CONTEXT service_id=54 ]
04-22 11:58:14.737 22073  6656 I chatty  : uid=10156(com.google.android.gms) highpool[332] identical 18 lines
04-22 11:58:14.737 22073  6656 E NearbyConnections: EndpointManager failed to find EndpointChannel over which to write DATA at offset 612 of Payload -9007404025457505713 to endpoint T8u1 [CONTEXT service_id=54 ]
04-22 11:58:14.737 22073 15639 I NearbyConnections: Sent BYTES data(691 bytes) via WIFI_LAN used 4 milliseconds, throughput is 0.16 MB/s (168.70 KB/s) [CONTEXT service_id=54 ]
04-22 11:58:14.738 22073 15577 I NearbyConnections: ClientProxy(244116452) reporting onPayloadTransferUpdate(-jmB, -7723566378223525759, SUCCESS) [CONTEXT service_id=54 ]
04-22 11:58:14.738 22073  6656 E NearbyConnections: EndpointManager failed to find EndpointChannel over which to write DATA at offset 612 of Payload -9007404025457505713 to endpoint T8u1 [CONTEXT service_id=54 ]
04-22 11:58:14.738 22073 15639 I NearbyConnections: Sent BYTES data(691 bytes) SUCCEEDED, overall used 4 milliseconds, throughput is 0.16 MB/s (168.70 KB/s) [CONTEXT service_id=54 ]
04-22 11:58:14.738 22073  6656 E NearbyConnections: EndpointManager failed to find EndpointChannel over which to write DATA at offset 612 of Payload -9007404025457505713 to endpoint T8u1 [CONTEXT service_id=54 ]
04-22 11:58:14.742 22073  6656 I chatty  : uid=10156(com.google.android.gms) highpool[332] identical 17 lines
04-22 11:58:14.743 22073 15639 I NearbyConnections: Sent BYTES data(691 bytes) via WIFI_LAN used 4 milliseconds, throughput is 0.16 MB/s (168.70 KB/s) [CONTEXT service_id=54 ]
04-22 11:58:14.743 22073  6656 E NearbyConnections: EndpointManager failed to find EndpointChannel over which to write DATA at offset 612 of Payload -9007404025457505713 to endpoint T8u1 [CONTEXT service_id=54 ]
04-22 11:58:14.743 22073  6656 E NearbyConnections: EndpointManager failed to find EndpointChannel over which to write DATA at offset 612 of Payload -9007404025457505713 to endpoint T8u1 [CONTEXT service_id=54 ]
04-22 11:58:14.743 22073 15639 I NearbyConnections: Sent BYTES data(691 bytes) SUCCEEDED, overall used 4 milliseconds, throughput is 0.16 MB/s (168.70 KB/s) [CONTEXT service_id=54 ]
04-22 11:58:14.743 22073  6656 E NearbyConnections: EndpointManager failed to find EndpointChannel over which to write DATA at offset 612 of Payload -9007404025457505713 to endpoint T8u1 [CONTEXT service_id=54 ]
04-22 11:58:14.743 22073  6656 I chatty  : uid=10156(com.google.android.gms) highpool[332] identical 1 line
04-22 11:58:14.744 22073  6656 E NearbyConnections: EndpointManager failed to find EndpointChannel over which to write DATA at offset 612 of Payload -9007404025457505713 to endpoint T8u1 [CONTEXT service_id=54 ]
04-22 11:58:14.744 22073 15577 I NearbyConnections: ClientProxy(244116452) reporting onPayloadTransferUpdate(3Vkt, -6839033469499990584, SUCCESS) [CONTEXT service_id=54 ]
04-22 11:58:14.744 22073  6656 E NearbyConnections: EndpointManager failed to find EndpointChannel over which to write DATA at offset 612 of Payload -9007404025457505713 to endpoint T8u1 [CONTEXT service_id=54 ]
04-22 11:58:14.931 22073  6656 I chatty  : uid=10156(com.google.android.gms) highpool[332] identical 694 lines
04-22 11:58:14.931 22073  6656 E NearbyConnections: EndpointManager failed to find EndpointChannel over which to write DATA at offset 612 of Payload -9007404025457505713 to endpoint T8u1 [CONTEXT service_id=54 ]
04-22 11:58:14.931 22073 15577 I NearbyConnections: ClientProxy(244116452) reporting onPayloadReceived(-jmB, -8398767597288506110) [CONTEXT service_id=54 ]
04-22 11:58:14.931 22073  6656 E NearbyConnections: EndpointManager failed to find EndpointChannel over which to write DATA at offset 612 of Payload -9007404025457505713 to endpoint T8u1 [CONTEXT service_id=54 ]
04-22 11:58:14.933 22073  6656 I chatty  : uid=10156(com.google.android.gms) highpool[332] identical 9 lines
04-22 11:58:14.934 22073  6656 E NearbyConnections: EndpointManager failed to find EndpointChannel over which to write DATA at offset 612 of Payload -9007404025457505713 to endpoint T8u1 [CONTEXT service_id=54 ]
04-22 11:58:14.934 15172 15344 V connectedcrossroad: Data collect: HELO
04-22 11:58:14.934 22073  6656 E NearbyConnections: EndpointManager failed to find EndpointChannel over which to write DATA at offset 612 of Payload -9007404025457505713 to endpoint T8u1 [CONTEXT service_id=54 ]
04-22 11:58:14.934 15172 15344 V data    : Payload RX: 120
04-22 11:58:14.934 15172 15344 V data    : Payload TX: 240
04-22 11:58:14.934 15172 15344 V data    : Total RX: 314320
04-22 11:58:14.934 15172 15344 V data    : Total TX: 247588
04-22 11:58:14.934 22073  6656 E NearbyConnections: EndpointManager failed to find EndpointChannel over which to write DATA at offset 612 of Payload -9007404025457505713 to endpoint T8u1 [CONTEXT service_id=54 ]
04-22 11:58:15.076 22073  6656 I chatty  : uid=10156(com.google.android.gms) highpool[332] identical 559 lines
04-22 11:58:15.076 22073  6656 E NearbyConnections: EndpointManager failed to find EndpointChannel over which to write DATA at offset 612 of Payload -9007404025457505713 to endpoint T8u1 [CONTEXT service_id=54 ]
04-22 11:58:15.076 22073 15577 I NearbyConnections: ClientProxy(244116452) reporting onPayloadTransferUpdate(Kszd, -4786323201894558939, SUCCESS) [CONTEXT service_id=54 ]
04-22 11:58:15.076 22073  6656 E NearbyConnections: EndpointManager failed to find EndpointChannel over which to write DATA at offset 612 of Payload -9007404025457505713 to endpoint T8u1 [CONTEXT service_id=54 ]
04-22 11:58:15.222 22073  6656 I chatty  : uid=10156(com.google.android.gms) highpool[332] identical 582 lines
04-22 11:58:15.222 22073  6656 E NearbyConnections: EndpointManager failed to find EndpointChannel over which to write DATA at offset 612 of Payload -9007404025457505713 to endpoint T8u1 [CONTEXT service_id=54 ]
04-22 11:58:15.222 22073 15432 I NearbyConnections: EndpointManager discarded incoming OfflineFrame of type KEEP_ALIVE because it doesn't have a processor registered. [CONTEXT service_id=54 ]
04-22 11:58:15.222 22073  6656 E NearbyConnections: EndpointManager failed to find EndpointChannel over which to write DATA at offset 612 of Payload -9007404025457505713 to endpoint T8u1 [CONTEXT service_id=54 ]
04-22 11:58:15.388 22073  6656 I chatty  : uid=10156(com.google.android.gms) highpool[332] identical 615 lines
04-22 11:58:15.389 22073  6656 E NearbyConnections: EndpointManager failed to find EndpointChannel over which to write DATA at offset 612 of Payload -9007404025457505713 to endpoint T8u1 [CONTEXT service_id=54 ]
04-22 11:58:15.389  2290  2603 I bt_stack: [INFO:gatt_main.cc(919)] gatt_data_process op_code = 18, msg_len = 511
04-22 11:58:15.389 22073  6656 E NearbyConnections: EndpointManager failed to find EndpointChannel over which to write DATA at offset 612 of Payload -9007404025457505713 to endpoint T8u1 [CONTEXT service_id=54 ]
04-22 11:58:15.391 22073  6656 I chatty  : uid=10156(com.google.android.gms) highpool[332] identical 10 lines
04-22 11:58:15.392 22073  6656 E NearbyConnections: EndpointManager failed to find EndpointChannel over which to write DATA at offset 612 of Payload -9007404025457505713 to endpoint T8u1 [CONTEXT service_id=54 ]
04-22 11:58:15.392  2290  2348 D BtGatt.GattService: onResponseSendCompleted() handle=45
04-22 11:58:15.392 22073  6656 E NearbyConnections: EndpointManager failed to find EndpointChannel over which to write DATA at offset 612 of Payload -9007404025457505713 to endpoint T8u1 [CONTEXT service_id=54 ]
04-22 11:58:15.549 22073  6656 I chatty  : uid=10156(com.google.android.gms) highpool[332] identical 608 lines
04-22 11:58:15.550 22073  6656 E NearbyConnections: EndpointManager failed to find EndpointChannel over which to write DATA at offset 612 of Payload -9007404025457505713 to endpoint T8u1 [CONTEXT service_id=54 ]
04-22 11:58:15.550  2290  2603 W bt_btm  : btm_process_inq_results: BDA: cc:0d:f2:9b:b3:3e
04-22 11:58:15.550  2290  2603 W bt_btm  : btm_process_inq_results: Dev class: 5a-02-0c
04-22 11:58:15.550 22073  6656 E NearbyConnections: EndpointManager failed to find EndpointChannel over which to write DATA at offset 612 of Payload -9007404025457505713 to endpoint T8u1 [CONTEXT service_id=54 ]
04-22 11:58:15.550  2290  2348 D bt_btif_config: btif_get_device_type: Device [cc:0d:f2:9b:b3:3e] type 1
04-22 11:58:15.550 22073  6656 E NearbyConnections: EndpointManager failed to find EndpointChannel over which to write DATA at offset 612 of Payload -9007404025457505713 to endpoint T8u1 [CONTEXT service_id=54 ]
04-22 11:58:15.554 22073  6656 I chatty  : uid=10156(com.google.android.gms) highpool[332] identical 14 lines
04-22 11:58:15.554 22073  6656 E NearbyConnections: EndpointManager failed to find EndpointChannel over which to write DATA at offset 612 of Payload -9007404025457505713 to endpoint T8u1 [CONTEXT service_id=54 ]
04-22 11:58:15.554  2290  2603 I bt_stack: [INFO:gatt_main.cc(919)] gatt_data_process op_code = 18, msg_len = 244
04-22 11:58:15.554 22073  6656 E NearbyConnections: EndpointManager failed to find EndpointChannel over which to write DATA at offset 612 of Payload -9007404025457505713 to endpoint T8u1 [CONTEXT service_id=54 ]
04-22 11:58:15.557 22073  6656 I chatty  : uid=10156(com.google.android.gms) highpool[332] identical 12 lines
04-22 11:58:15.557  2290  2348 D BtGatt.GattService: onResponseSendCompleted() handle=45
04-22 11:58:15.557 22073  6656 E NearbyConnections: EndpointManager failed to find EndpointChannel over which to write DATA at offset 612 of Payload -9007404025457505713 to endpoint T8u1 [CONTEXT service_id=54 ]
04-22 11:58:15.558 22073  6656 E NearbyConnections: EndpointManager failed to find EndpointChannel over which to write DATA at offset 612 of Payload -9007404025457505713 to endpoint T8u1 [CONTEXT service_id=54 ]
04-22 11:58:15.561 22073  6656 I chatty  : uid=10156(com.google.android.gms) highpool[332] identical 11 lines
04-22 11:58:15.561 22073  6656 E NearbyConnections: EndpointManager failed to find EndpointChannel over which to write DATA at offset 612 of Payload -9007404025457505713 to endpoint T8u1 [CONTEXT service_id=54 ]
04-22 11:58:15.561 22073 15639 I NearbyConnections: Found BluetoothDeviceName Ii1RNWpbye0AAAAAAAAAATU (with EndpointId -Q5j and EndpointInfo [ 0x35 ]) [CONTEXT service_id=54 ]
04-22 11:58:15.561 22073  6656 E NearbyConnections: EndpointManager failed to find EndpointChannel over which to write DATA at offset 612 of Payload -9007404025457505713 to endpoint T8u1 [CONTEXT service_id=54 ]
04-22 11:58:15.562 22073  6656 I chatty  : uid=10156(com.google.android.gms) highpool[332] identical 4 lines
04-22 11:58:15.562 22073  6656 E NearbyConnections: EndpointManager failed to find EndpointChannel over which to write DATA at offset 612 of Payload -9007404025457505713 to endpoint T8u1 [CONTEXT service_id=54 ]
04-22 11:58:15.562 22073 15639 I NearbyConnections: ClientProxy(244116452) ignoring onEndpointDistanceChanged(-Q5j, UNKNOWN), because this distance has already been reported [CONTEXT service_id=54 ]
04-22 11:58:15.563 22073  6656 E NearbyConnections: EndpointManager failed to find EndpointChannel over which to write DATA at offset 612 of Payload -9007404025457505713 to endpoint T8u1 [CONTEXT service_id=54 ]
04-22 11:58:15.563 22073  6656 I chatty  : uid=10156(com.google.android.gms) highpool[332] identical 1 line
04-22 11:58:15.563 22073  6656 E NearbyConnections: EndpointManager failed to find EndpointChannel over which to write DATA at offset 612 of Payload -9007404025457505713 to endpoint T8u1 [CONTEXT service_id=54 ]
04-22 11:58:15.563 22073 15491 I NearbyConnections: ClientProxy(244116452) reporting onPayloadReceived(-Q5j, -7426085050291574927) [CONTEXT service_id=54 ]
04-22 11:58:15.563 22073  6656 E NearbyConnections: EndpointManager failed to find EndpointChannel over which to write DATA at offset 612 of Payload -9007404025457505713 to endpoint T8u1 [CONTEXT service_id=54 ]
04-22 11:58:15.566 22073  6656 I chatty  : uid=10156(com.google.android.gms) highpool[332] identical 9 lines
04-22 11:58:15.566 22073  6656 E NearbyConnections: EndpointManager failed to find EndpointChannel over which to write DATA at offset 612 of Payload -9007404025457505713 to endpoint T8u1 [CONTEXT service_id=54 ]
04-22 11:58:15.566 15172 15344 V connectedcrossroad: Data collect: HELO
04-22 11:58:15.566 22073  6656 E NearbyConnections: EndpointManager failed to find EndpointChannel over which to write DATA at offset 612 of Payload -9007404025457505713 to endpoint T8u1 [CONTEXT service_id=54 ]
04-22 11:58:15.566 15172 15344 V data    : Payload RX: 120
04-22 11:58:15.566 15172 15344 V data    : Payload TX: 240
04-22 11:58:15.566 22073  6656 E NearbyConnections: EndpointManager failed to find EndpointChannel over which to write DATA at offset 612 of Payload -9007404025457505713 to endpoint T8u1 [CONTEXT service_id=54 ]
04-22 11:58:15.566 15172 15344 V data    : Total RX: 314932
04-22 11:58:15.566 15172 15344 V data    : Total TX: 247588
04-22 11:58:15.567 22073  6656 E NearbyConnections: EndpointManager failed to find EndpointChannel over which to write DATA at offset 612 of Payload -9007404025457505713 to endpoint T8u1 [CONTEXT service_id=54 ]
04-22 11:58:15.703 22073  6656 I chatty  : uid=10156(com.google.android.gms) highpool[332] identical 531 lines
04-22 11:58:15.704 22073  6656 E NearbyConnections: EndpointManager failed to find EndpointChannel over which to write DATA at offset 612 of Payload -9007404025457505713 to endpoint T8u1 [CONTEXT service_id=54 ]
04-22 11:58:15.704  2290  2603 I bt_stack: [INFO:gatt_main.cc(919)] gatt_data_process op_code = 18, msg_len = 126
04-22 11:58:15.704 22073  6656 E NearbyConnections: EndpointManager failed to find EndpointChannel over which to write DATA at offset 612 of Payload -9007404025457505713 to endpoint T8u1 [CONTEXT service_id=54 ]
04-22 11:58:15.706 22073  6656 I chatty  : uid=10156(com.google.android.gms) highpool[332] identical 8 lines
04-22 11:58:15.706 22073  6656 E NearbyConnections: EndpointManager failed to find EndpointChannel over which to write DATA at offset 612 of Payload -9007404025457505713 to endpoint T8u1 [CONTEXT service_id=54 ]
04-22 11:58:15.706  2290  2348 D BtGatt.GattService: onResponseSendCompleted() handle=45
04-22 11:58:15.706 22073  6656 E NearbyConnections: EndpointManager failed to find EndpointChannel over which to write DATA at offset 612 of Payload -9007404025457505713 to endpoint T8u1 [CONTEXT service_id=54 ]
04-22 11:58:15.710 22073  6656 I chatty  : uid=10156(com.google.android.gms) highpool[332] identical 16 lines
04-22 11:58:15.710 22073  6656 E NearbyConnections: EndpointManager failed to find EndpointChannel over which to write DATA at offset 612 of Payload -9007404025457505713 to endpoint T8u1 [CONTEXT service_id=54 ]
04-22 11:58:15.711 22073 15491 I NearbyConnections: ClientProxy(244116452) reporting onPayloadTransferUpdate(-Q5j, -7426085050291574927, SUCCESS) [CONTEXT service_id=54 ]
04-22 11:58:15.711 22073  6656 E NearbyConnections: EndpointManager failed to find EndpointChannel over which to write DATA at offset 612 of Payload -9007404025457505713 to endpoint T8u1 [CONTEXT service_id=54 ]
04-22 11:58:15.885 22073  6656 I chatty  : uid=10156(com.google.android.gms) highpool[332] identical 644 lines
04-22 11:58:15.885 22073  6656 E NearbyConnections: EndpointManager failed to find EndpointChannel over which to write DATA at offset 612 of Payload -9007404025457505713 to endpoint T8u1 [CONTEXT service_id=54 ]
04-22 11:58:15.885 22073 15639 I NearbyConnections: Processing lost BlePeripheral BlePeripheral { id=[ 0x48 0x5b 0xc9 0xed 0x00 0x00 0x00 0x12 0x22 0x5b 0xc9 0xed 0x2d 0x51 0x35 0x6a 0x01 0x35 0xcc 0x0d 0xf2 0x9b 0xb3 0x3e 0x00 0x00 0x4b 0x0e ] }. [CONTEXT service_id=54 ]
04-22 11:58:15.885 22073  6656 E NearbyConnections: EndpointManager failed to find EndpointChannel over which to write DATA at offset 612 of Payload -9007404025457505713 to endpoint T8u1 [CONTEXT service_id=54 ]
04-22 11:58:15.886 22073  6656 I chatty  : uid=10156(com.google.android.gms) highpool[332] identical 4 lines
04-22 11:58:15.887 22073  6656 E NearbyConnections: EndpointManager failed to find EndpointChannel over which to write DATA at offset 612 of Payload -9007404025457505713 to endpoint T8u1 [CONTEXT service_id=54 ]
04-22 11:58:15.887 22073 15639 I NearbyConnections: Lost BleEndpoint for BlePeripheral BlePeripheral { id=[ 0x48 0x5b 0xc9 0xed 0x00 0x00 0x00 0x12 0x22 0x5b 0xc9 0xed 0x2d 0x51 0x35 0x6a 0x01 0x35 0xcc 0x0d 0xf2 0x9b 0xb3 0x3e 0x00 0x00 0x4b 0x0e ] } (with EndpointId -Q5j and EndpointInfo [ 0x35 ]). [CONTEXT service_id=54 ]
04-22 11:58:15.887 22073  6656 E NearbyConnections: EndpointManager failed to find EndpointChannel over which to write DATA at offset 612 of Payload -9007404025457505713 to endpoint T8u1 [CONTEXT service_id=54 ]
04-22 11:58:15.888 22073  6656 I chatty  : uid=10156(com.google.android.gms) highpool[332] identical 4 lines
04-22 11:58:15.888 22073  6656 E NearbyConnections: EndpointManager failed to find EndpointChannel over which to write DATA at offset 612 of Payload -9007404025457505713 to endpoint T8u1 [CONTEXT service_id=54 ]
04-22 11:58:15.888 22073 15639 I NearbyConnections: ClientProxy(244116452) ignoring onEndpointDistanceChanged(-Q5j, UNKNOWN), because this distance has already been reported [CONTEXT service_id=54 ]
04-22 11:58:15.888 22073  6656 E NearbyConnections: EndpointManager failed to find EndpointChannel over which to write DATA at offset 612 of Payload -9007404025457505713 to endpoint T8u1 [CONTEXT service_id=54 ]
04-22 11:58:16.139 22073  6656 I chatty  : uid=10156(com.google.android.gms) highpool[332] identical 984 lines
04-22 11:58:16.139 22073  6656 E NearbyConnections: EndpointManager failed to find EndpointChannel over which to write DATA at offset 612 of Payload -9007404025457505713 to endpoint T8u1 [CONTEXT service_id=54 ]
04-22 11:58:16.139  2290  2603 I bt_stack: [INFO:gatt_main.cc(919)] gatt_data_process op_code = 18, msg_len = 94
04-22 11:58:16.139 22073  6656 E NearbyConnections: EndpointManager failed to find EndpointChannel over which to write DATA at offset 612 of Payload -9007404025457505713 to endpoint T8u1 [CONTEXT service_id=54 ]
04-22 11:58:16.141 22073  6656 I chatty  : uid=10156(com.google.android.gms) highpool[332] identical 8 lines
04-22 11:58:16.141 22073  6656 E NearbyConnections: EndpointManager failed to find EndpointChannel over which to write DATA at offset 612 of Payload -9007404025457505713 to endpoint T8u1 [CONTEXT service_id=54 ]
04-22 11:58:16.141  2290  2348 D BtGatt.GattService: onResponseSendCompleted() handle=45
04-22 11:58:16.142 22073  6656 E NearbyConnections: EndpointManager failed to find EndpointChannel over which to write DATA at offset 612 of Payload -9007404025457505713 to endpoint T8u1 [CONTEXT service_id=54 ]
04-22 11:58:16.145 22073  6656 I chatty  : uid=10156(com.google.android.gms) highpool[332] identical 13 lines
04-22 11:58:16.145 22073  6656 E NearbyConnections: EndpointManager failed to find EndpointChannel over which to write DATA at offset 612 of Payload -9007404025457505713 to endpoint T8u1 [CONTEXT service_id=54 ]
04-22 11:58:16.145 22073 15365 I NearbyConnections: EndpointManager discarded incoming OfflineFrame of type KEEP_ALIVE because it doesn't have a processor registered. [CONTEXT service_id=54 ]
04-22 11:58:16.146 22073  6656 E NearbyConnections: EndpointManager failed to find EndpointChannel over which to write DATA at offset 612 of Payload -9007404025457505713 to endpoint T8u1 [CONTEXT service_id=54 ]
04-22 11:58:16.647 22073  6656 I chatty  : uid=10156(com.google.android.gms) highpool[332] identical 1924 lines
04-22 11:58:16.648 22073  6656 E NearbyConnections: EndpointManager failed to find EndpointChannel over which to write DATA at offset 612 of Payload -9007404025457505713 to endpoint T8u1 [CONTEXT service_id=54 ]
04-22 11:58:16.648  2290  2348 D bt_btif_config: btif_get_device_type: Device [61:1c:5e:43:12:38] type 2
04-22 11:58:16.648 22073  6656 E NearbyConnections: EndpointManager failed to find EndpointChannel over which to write DATA at offset 612 of Payload -9007404025457505713 to endpoint T8u1 [CONTEXT service_id=54 ]
04-22 11:58:16.724 22073  6656 I chatty  : uid=10156(com.google.android.gms) highpool[332] identical 256 lines
04-22 11:58:16.725 22073  6656 E NearbyConnections: EndpointManager failed to find EndpointChannel over which to write DATA at offset 612 of Payload -9007404025457505713 to endpoint T8u1 [CONTEXT service_id=54 ]
04-22 11:58:16.725 15172 15339 D connectedcrossroad: Data collect: SEND
04-22 11:58:16.725 22073  6656 E NearbyConnections: EndpointManager failed to find EndpointChannel over which to write DATA at offset 612 of Payload -9007404025457505713 to endpoint T8u1 [CONTEXT service_id=54 ]
04-22 11:58:16.726 22073  6656 I chatty  : uid=10156(com.google.android.gms) highpool[332] identical 3 lines
04-22 11:58:16.726 22073  6656 E NearbyConnections: EndpointManager failed to find EndpointChannel over which to write DATA at offset 612 of Payload -9007404025457505713 to endpoint T8u1 [CONTEXT service_id=54 ]
04-22 11:58:16.726 15172 15339 D connectedcrossroad: Data collect: SEND
04-22 11:58:16.726 22073  6656 E NearbyConnections: EndpointManager failed to find EndpointChannel over which to write DATA at offset 612 of Payload -9007404025457505713 to endpoint T8u1 [CONTEXT service_id=54 ]
04-22 11:58:16.726 22073  6656 I chatty  : uid=10156(com.google.android.gms) highpool[332] identical 1 line
04-22 11:58:16.727 22073  6656 E NearbyConnections: EndpointManager failed to find EndpointChannel over which to write DATA at offset 612 of Payload -9007404025457505713 to endpoint T8u1 [CONTEXT service_id=54 ]
04-22 11:58:16.727 15172 15339 D connectedcrossroad: Data collect: SEND
04-22 11:58:16.727 22073  6656 E NearbyConnections: EndpointManager failed to find EndpointChannel over which to write DATA at offset 612 of Payload -9007404025457505713 to endpoint T8u1 [CONTEXT service_id=54 ]
04-22 11:58:16.728 22073  6656 I chatty  : uid=10156(com.google.android.gms) highpool[332] identical 5 lines
04-22 11:58:16.728 22073  6656 E NearbyConnections: EndpointManager failed to find EndpointChannel over which to write DATA at offset 612 of Payload -9007404025457505713 to endpoint T8u1 [CONTEXT service_id=54 ]
04-22 11:58:16.728 22073 15577 I NearbyConnections: Client 244116452 is sending payload -6328209760874032112 to endpoints [Kszd]. [CONTEXT service_id=54 ]
04-22 11:58:16.728 22073  6656 E NearbyConnections: EndpointManager failed to find EndpointChannel over which to write DATA at offset 612 of Payload -9007404025457505713 to endpoint T8u1 [CONTEXT service_id=54 ]
04-22 11:58:16.730 22073  6656 I chatty  : uid=10156(com.google.android.gms) highpool[332] identical 7 lines
04-22 11:58:16.731 22073  6656 E NearbyConnections: EndpointManager failed to find EndpointChannel over which to write DATA at offset 612 of Payload -9007404025457505713 to endpoint T8u1 [CONTEXT service_id=54 ]
04-22 11:58:16.731 22073 15577 I NearbyConnections: Client 244116452 is sending payload -6022681099022823992 to endpoints [-jmB]. [CONTEXT service_id=54 ]
04-22 11:58:16.731 22073  6656 E NearbyConnections: EndpointManager failed to find EndpointChannel over which to write DATA at offset 612 of Payload -9007404025457505713 to endpoint T8u1 [CONTEXT service_id=54 ]
04-22 11:58:16.733 22073  6656 I chatty  : uid=10156(com.google.android.gms) highpool[332] identical 8 lines
04-22 11:58:16.733 22073  6656 E NearbyConnections: EndpointManager failed to find EndpointChannel over which to write DATA at offset 612 of Payload -9007404025457505713 to endpoint T8u1 [CONTEXT service_id=54 ]
04-22 11:58:16.733 22073 15491 I NearbyConnections: Client 244116452 is sending payload -7014245104944591251 to endpoints [3Vkt]. [CONTEXT service_id=54 ]
04-22 11:58:16.733 22073  6656 E NearbyConnections: EndpointManager failed to find EndpointChannel over which to write DATA at offset 612 of Payload -9007404025457505713 to endpoint T8u1 [CONTEXT service_id=54 ]
04-22 11:58:16.734 22073  6656 I chatty  : uid=10156(com.google.android.gms) highpool[332] identical 3 lines
04-22 11:58:16.734 22073  6656 E NearbyConnections: EndpointManager failed to find EndpointChannel over which to write DATA at offset 612 of Payload -9007404025457505713 to endpoint T8u1 [CONTEXT service_id=54 ]
04-22 11:58:16.735 22073 15639 I NearbyConnections: Sent BYTES data(691 bytes) via WIFI_LAN used 4 milliseconds, throughput is 0.16 MB/s (168.70 KB/s) [CONTEXT service_id=54 ]
04-22 11:58:16.735 22073 15491 I NearbyConnections: ClientProxy(244116452) reporting onPayloadTransferUpdate(Kszd, -6328209760874032112, SUCCESS) [CONTEXT service_id=54 ]
04-22 11:58:16.735 22073  6656 E NearbyConnections: EndpointManager failed to find EndpointChannel over which to write DATA at offset 612 of Payload -9007404025457505713 to endpoint T8u1 [CONTEXT service_id=54 ]
04-22 11:58:16.735 22073 15639 I NearbyConnections: Sent BYTES data(691 bytes) SUCCEEDED, overall used 5 milliseconds, throughput is 0.13 MB/s (134.96 KB/s) [CONTEXT service_id=54 ]
04-22 11:58:16.735 22073  6656 E NearbyConnections: EndpointManager failed to find EndpointChannel over which to write DATA at offset 612 of Payload -9007404025457505713 to endpoint T8u1 [CONTEXT service_id=54 ]
04-22 11:58:16.741 22073  6656 I chatty  : uid=10156(com.google.android.gms) highpool[332] identical 24 lines
04-22 11:58:16.741 22073  6656 E NearbyConnections: EndpointManager failed to find EndpointChannel over which to write DATA at offset 612 of Payload -9007404025457505713 to endpoint T8u1 [CONTEXT service_id=54 ]
04-22 11:58:16.741 22073 15639 I NearbyConnections: Sent BYTES data(691 bytes) via WIFI_LAN used 5 milliseconds, throughput is 0.13 MB/s (134.96 KB/s) [CONTEXT service_id=54 ]
04-22 11:58:16.741 22073  6656 E NearbyConnections: EndpointManager failed to find EndpointChannel over which to write DATA at offset 612 of Payload -9007404025457505713 to endpoint T8u1 [CONTEXT service_id=54 ]
04-22 11:58:16.742 22073 15639 I NearbyConnections: Sent BYTES data(691 bytes) SUCCEEDED, overall used 6 milliseconds, throughput is 0.11 MB/s (112.47 KB/s) [CONTEXT service_id=54 ]
04-22 11:58:16.742 22073  6656 E NearbyConnections: EndpointManager failed to find EndpointChannel over which to write DATA at offset 612 of Payload -9007404025457505713 to endpoint T8u1 [CONTEXT service_id=54 ]
04-22 11:58:16.742 22073 15491 I NearbyConnections: ClientProxy(244116452) reporting onPayloadTransferUpdate(-jmB, -6022681099022823992, SUCCESS) [CONTEXT service_id=54 ]
04-22 11:58:16.742 22073  6656 E NearbyConnections: EndpointManager failed to find EndpointChannel over which to write DATA at offset 612 of Payload -9007404025457505713 to endpoint T8u1 [CONTEXT service_id=54 ]
04-22 11:58:16.748 22073  6656 I chatty  : uid=10156(com.google.android.gms) highpool[332] identical 24 lines
04-22 11:58:16.748 22073  6656 E NearbyConnections: EndpointManager failed to find EndpointChannel over which to write DATA at offset 612 of Payload -9007404025457505713 to endpoint T8u1 [CONTEXT service_id=54 ]
04-22 11:58:16.748 22073 15639 I NearbyConnections: Sent BYTES data(691 bytes) via WIFI_LAN used 6 milliseconds, throughput is 0.11 MB/s (112.47 KB/s) [CONTEXT service_id=54 ]
04-22 11:58:16.748 22073  6656 E NearbyConnections: EndpointManager failed to find EndpointChannel over which to write DATA at offset 612 of Payload -9007404025457505713 to endpoint T8u1 [CONTEXT service_id=54 ]
04-22 11:58:16.748 22073 15577 I NearbyConnections: ClientProxy(244116452) reporting onPayloadTransferUpdate(3Vkt, -7014245104944591251, SUCCESS) [CONTEXT service_id=54 ]
04-22 11:58:16.748 22073 15639 I NearbyConnections: Sent BYTES data(691 bytes) SUCCEEDED, overall used 6 milliseconds, throughput is 0.11 MB/s (112.47 KB/s) [CONTEXT service_id=54 ]
04-22 11:58:16.749 22073  6656 E NearbyConnections: EndpointManager failed to find EndpointChannel over which to write DATA at offset 612 of Payload -9007404025457505713 to endpoint T8u1 [CONTEXT service_id=54 ]
04-22 11:58:16.919 22073  6656 I chatty  : uid=10156(com.google.android.gms) highpool[332] identical 673 lines
04-22 11:58:16.919 22073  6656 E NearbyConnections: EndpointManager failed to find EndpointChannel over which to write DATA at offset 612 of Payload -9007404025457505713 to endpoint T8u1 [CONTEXT service_id=54 ]
04-22 11:58:16.919  2290  2603 I bt_stack: [INFO:gatt_main.cc(919)] gatt_data_process op_code = 18, msg_len = 511
04-22 11:58:16.919 22073  6656 E NearbyConnections: EndpointManager failed to find EndpointChannel over which to write DATA at offset 612 of Payload -9007404025457505713 to endpoint T8u1 [CONTEXT service_id=54 ]
04-22 11:58:16.922 22073  6656 I chatty  : uid=10156(com.google.android.gms) highpool[332] identical 10 lines
04-22 11:58:16.922 22073  6656 E NearbyConnections: EndpointManager failed to find EndpointChannel over which to write DATA at offset 612 of Payload -9007404025457505713 to endpoint T8u1 [CONTEXT service_id=54 ]
04-22 11:58:16.922  2290  2348 D BtGatt.GattService: onResponseSendCompleted() handle=45
04-22 11:58:16.922 22073  6656 E NearbyConnections: EndpointManager failed to find EndpointChannel over which to write DATA at offset 612 of Payload -9007404025457505713 to endpoint T8u1 [CONTEXT service_id=54 ]
04-22 11:58:17.043 22073  6656 I chatty  : uid=10156(com.google.android.gms) highpool[332] identical 477 lines
04-22 11:58:17.043 22073  6656 E NearbyConnections: EndpointManager failed to find EndpointChannel over which to write DATA at offset 612 of Payload -9007404025457505713 to endpoint T8u1 [CONTEXT service_id=54 ]
04-22 11:58:17.043 22073 15639 I NearbyConnections: ClientProxy(244116452) reporting onPayloadReceived(3Vkt, -6415791168542572243) [CONTEXT service_id=54 ]
04-22 11:58:17.043 22073  6656 E NearbyConnections: EndpointManager failed to find EndpointChannel over which to write DATA at offset 612 of Payload -9007404025457505713 to endpoint T8u1 [CONTEXT service_id=54 ]
04-22 11:58:17.045 22073  6656 I chatty  : uid=10156(com.google.android.gms) highpool[332] identical 8 lines
04-22 11:58:17.046 22073  6656 E NearbyConnections: EndpointManager failed to find EndpointChannel over which to write DATA at offset 612 of Payload -9007404025457505713 to endpoint T8u1 [CONTEXT service_id=54 ]
04-22 11:58:17.046 15172 15344 V connectedcrossroad: Data collect: HELO
04-22 11:58:17.046 22073  6656 E NearbyConnections: EndpointManager failed to find EndpointChannel over which to write DATA at offset 612 of Payload -9007404025457505713 to endpoint T8u1 [CONTEXT service_id=54 ]
04-22 11:58:17.046 22073 15639 I NearbyConnections: ClientProxy(244116452) reporting onPayloadTransferUpdate(3Vkt, -6415791168542572243, SUCCESS) [CONTEXT service_id=54 ]
04-22 11:58:17.046 15172 15344 V data    : Payload RX: 120
04-22 11:58:17.046 15172 15344 V data    : Payload TX: 240
04-22 11:58:17.046 15172 15344 V data    : Total RX: 315544
04-22 11:58:17.046 15172 15344 V data    : Total TX: 249424
04-22 11:58:17.046 22073  6656 E NearbyConnections: EndpointManager failed to find EndpointChannel over which to write DATA at offset 612 of Payload -9007404025457505713 to endpoint T8u1 [CONTEXT service_id=54 ]
04-22 11:58:17.070 22073  6656 I chatty  : uid=10156(com.google.android.gms) highpool[332] identical 92 lines
04-22 11:58:17.070 22073  6656 E NearbyConnections: EndpointManager failed to find EndpointChannel over which to write DATA at offset 612 of Payload -9007404025457505713 to endpoint T8u1 [CONTEXT service_id=54 ]
04-22 11:58:17.070  2290  2603 I bt_stack: [INFO:gatt_main.cc(919)] gatt_data_process op_code = 18, msg_len = 244
04-22 11:58:17.070 22073  6656 E NearbyConnections: EndpointManager failed to find EndpointChannel over which to write DATA at offset 612 of Payload -9007404025457505713 to endpoint T8u1 [CONTEXT service_id=54 ]
04-22 11:58:17.073 22073  6656 I chatty  : uid=10156(com.google.android.gms) highpool[332] identical 9 lines
04-22 11:58:17.073 22073  6656 E NearbyConnections: EndpointManager failed to find EndpointChannel over which to write DATA at offset 612 of Payload -9007404025457505713 to endpoint T8u1 [CONTEXT service_id=54 ]
04-22 11:58:17.073  2290  2348 D BtGatt.GattService: onResponseSendCompleted() handle=45
04-22 11:58:17.073 22073  6656 E NearbyConnections: EndpointManager failed to find EndpointChannel over which to write DATA at offset 612 of Payload -9007404025457505713 to endpoint T8u1 [CONTEXT service_id=54 ]
04-22 11:58:17.077 22073  6656 I chatty  : uid=10156(com.google.android.gms) highpool[332] identical 15 lines
04-22 11:58:17.077 22073  6656 E NearbyConnections: EndpointManager failed to find EndpointChannel over which to write DATA at offset 612 of Payload -9007404025457505713 to endpoint T8u1 [CONTEXT service_id=54 ]
04-22 11:58:17.078 22073 15639 I NearbyConnections: ClientProxy(244116452) reporting onPayloadReceived(-Q5j, -6189588396273222901) [CONTEXT service_id=54 ]
04-22 11:58:17.078 22073  6656 E NearbyConnections: EndpointManager failed to find EndpointChannel over which to write DATA at offset 612 of Payload -9007404025457505713 to endpoint T8u1 [CONTEXT service_id=54 ]
04-22 11:58:17.080 22073  6656 I chatty  : uid=10156(com.google.android.gms) highpool[332] identical 4 lines
04-22 11:58:17.080 22073  6656 E NearbyConnections: EndpointManager failed to find EndpointChannel over which to write DATA at offset 612 of Payload -9007404025457505713 to endpoint T8u1 [CONTEXT service_id=54 ]
04-22 11:58:17.080 15172 15344 V connectedcrossroad: Data collect: HELO
