04-22 11:58:17.080 22073  6656 E NearbyConnections: EndpointManager failed to find EndpointChannel over which to write DATA at offset 612 of Payload -9007404025457505713 to endpoint T8u1 [CONTEXT service_id=54 ]
04-22 11:58:17.081 15172 15344 V data    : Payload RX: 120
04-22 11:58:17.081 15172 15344 V data    : Payload TX: 240
04-22 11:58:17.081 15172 15344 V data    : Total RX: 316156
04-22 11:58:17.081 15172 15344 V data    : Total TX: 249424
04-22 11:58:17.081 22073  6656 E NearbyConnections: EndpointManager failed to find EndpointChannel over which to write DATA at offset 612 of Payload -9007404025457505713 to endpoint T8u1 [CONTEXT service_id=54 ]
04-22 11:58:17.143 22073  6656 I chatty  : uid=10156(com.google.android.gms) highpool[332] identical 205 lines
04-22 11:58:17.144  2290  2603 I bt_stack: [INFO:gatt_main.cc(919)] gatt_data_process op_code = 18, msg_len = 126
04-22 11:58:17.144 22073  6656 E NearbyConnections: EndpointManager failed to find EndpointChannel over which to write DATA at offset 612 of Payload -9007404025457505713 to endpoint T8u1 [CONTEXT service_id=54 ]
04-22 11:58:17.144 22073  6656 E NearbyConnections: EndpointManager failed to find EndpointChannel over which to write DATA at offset 612 of Payload -9007404025457505713 to endpoint T8u1 [CONTEXT service_id=54 ]
04-22 11:58:17.146 22073  6656 I chatty  : uid=10156(com.google.android.gms) highpool[332] identical 8 lines
04-22 11:58:17.146 22073  6656 E NearbyConnections: EndpointManager failed to find EndpointChannel over which to write DATA at offset 612 of Payload -9007404025457505713 to endpoint T8u1 [CONTEXT service_id=54 ]
04-22 11:58:17.146  2290  2348 D BtGatt.GattService: onResponseSendCompleted() handle=45
04-22 11:58:17.146 22073  6656 E NearbyConnections: EndpointManager failed to find EndpointChannel over which to write DATA at offset 612 of Payload -9007404025457505713 to endpoint T8u1 [CONTEXT service_id=54 ]
04-22 11:58:17.151 22073  6656 I chatty  : uid=10156(com.google.android.gms) highpool[332] identical 12 lines
04-22 11:58:17.151 22073  6656 E NearbyConnections: EndpointManager failed to find EndpointChannel over which to write DATA at offset 612 of Payload -9007404025457505713 to endpoint T8u1 [CONTEXT service_id=54 ]
04-22 11:58:17.152 22073 15639 I NearbyConnections: ClientProxy(244116452) reporting onPayloadTransferUpdate(-Q5j, -6189588396273222901, SUCCESS) [CONTEXT service_id=54 ]
04-22 11:58:17.152 22073  6656 E NearbyConnections: EndpointManager failed to find EndpointChannel over which to write DATA at offset 612 of Payload -9007404025457505713 to endpoint T8u1 [CONTEXT service_id=54 ]
04-22 11:58:17.219 22073  6656 I chatty  : uid=10156(com.google.android.gms) highpool[332] identical 265 lines
04-22 11:58:17.219  2290  2603 I bt_stack: [INFO:gatt_main.cc(919)] gatt_data_process op_code = 30, msg_len = 0
04-22 11:58:17.219 22073  6656 E NearbyConnections: EndpointManager failed to find EndpointChannel over which to write DATA at offset 612 of Payload -9007404025457505713 to endpoint T8u1 [CONTEXT service_id=54 ]
04-22 11:58:17.220 22073  6656 E NearbyConnections: EndpointManager failed to find EndpointChannel over which to write DATA at offset 612 of Payload -9007404025457505713 to endpoint T8u1 [CONTEXT service_id=54 ]
04-22 11:58:17.462 22073  6656 I chatty  : uid=10156(com.google.android.gms) highpool[332] identical 947 lines
04-22 11:58:17.462 22073  6656 E NearbyConnections: EndpointManager failed to find EndpointChannel over which to write DATA at offset 612 of Payload -9007404025457505713 to endpoint T8u1 [CONTEXT service_id=54 ]
04-22 11:58:17.462   827  5608 E WifiHAL : Received LOG message with insufficent length: 24
04-22 11:58:17.462 22073  6656 E NearbyConnections: EndpointManager failed to find EndpointChannel over which to write DATA at offset 612 of Payload -9007404025457505713 to endpoint T8u1 [CONTEXT service_id=54 ]
04-22 11:58:17.462   827  5608 E WifiHAL : Received fatal event, sending alert
04-22 11:58:17.462 22073  6656 E NearbyConnections: EndpointManager failed to find EndpointChannel over which to write DATA at offset 612 of Payload -9007404025457505713 to endpoint T8u1 [CONTEXT service_id=54 ]
04-22 11:58:17.463 22073  6656 I chatty  : uid=10156(com.google.android.gms) highpool[332] identical 1 line
04-22 11:58:17.463 22073  6656 E NearbyConnections: EndpointManager failed to find EndpointChannel over which to write DATA at offset 612 of Payload -9007404025457505713 to endpoint T8u1 [CONTEXT service_id=54 ]
04-22 11:58:17.463  1743  8718 W WifiVendorHal: onDebugErrorAlert 4104
04-22 11:58:17.463 22073  6656 E NearbyConnections: EndpointManager failed to find EndpointChannel over which to write DATA at offset 612 of Payload -9007404025457505713 to endpoint T8u1 [CONTEXT service_id=54 ]
04-22 11:58:17.843 22073  6656 I chatty  : uid=10156(com.google.android.gms) highpool[332] identical 1431 lines
04-22 11:58:17.843 22073  6656 E NearbyConnections: EndpointManager failed to find EndpointChannel over which to write DATA at offset 612 of Payload -9007404025457505713 to endpoint T8u1 [CONTEXT service_id=54 ]
04-22 11:58:17.843  1743  1756 I system_server: Background concurrent copying GC freed 51156(4983KB) AllocSpace objects, 21(14MB) LOS objects, 42% free, 20MB/36MB, paused 145us total 176.945ms
04-22 11:58:17.843 22073  6656 E NearbyConnections: EndpointManager failed to find EndpointChannel over which to write DATA at offset 612 of Payload -9007404025457505713 to endpoint T8u1 [CONTEXT service_id=54 ]
04-22 11:58:18.050 22073  6656 I chatty  : uid=10156(com.google.android.gms) highpool[332] identical 763 lines
04-22 11:58:18.050 22073  6656 E NearbyConnections: EndpointManager failed to find EndpointChannel over which to write DATA at offset 612 of Payload -9007404025457505713 to endpoint T8u1 [CONTEXT service_id=54 ]
04-22 11:58:18.050  2290  2348 D bt_btif_config: btif_get_device_type: Device [47:be:ed:83:92:7a] type 2
04-22 11:58:18.050 22073  6656 E NearbyConnections: EndpointManager failed to find EndpointChannel over which to write DATA at offset 612 of Payload -9007404025457505713 to endpoint T8u1 [CONTEXT service_id=54 ]
04-22 11:58:18.113 22073  6656 I chatty  : uid=10156(com.google.android.gms) highpool[332] identical 246 lines
04-22 11:58:18.113  2290  2348 D bt_btif_config: btif_get_device_type: Device [61:2f:9b:89:c0:fe] type 2
04-22 11:58:18.113 22073  6656 E NearbyConnections: EndpointManager failed to find EndpointChannel over which to write DATA at offset 612 of Payload -9007404025457505713 to endpoint T8u1 [CONTEXT service_id=54 ]
04-22 11:58:18.113 22073  6656 E NearbyConnections: EndpointManager failed to find EndpointChannel over which to write DATA at offset 612 of Payload -9007404025457505713 to endpoint T8u1 [CONTEXT service_id=54 ]
04-22 11:58:18.126 22073  6656 I chatty  : uid=10156(com.google.android.gms) highpool[332] identical 50 lines
04-22 11:58:18.126 22073  6656 E NearbyConnections: EndpointManager failed to find EndpointChannel over which to write DATA at offset 612 of Payload -9007404025457505713 to endpoint T8u1 [CONTEXT service_id=54 ]
04-22 11:58:18.126 22073 15639 I NearbyMediums: Received advertisement header BleAdvertisementHeader { version=2, numSlots=5, serviceIdBloomFilter=[ 0x20 0x22 0x00 0x10 0x81 0x00 0x08 0x00 0x02 0x14 ], advertisementHash=[ 0xa4 0x1f 0x1b 0x2f ], psm=156}. Will retry reading its GATT advertisement. [CONTEXT service_id=54 ]
04-22 11:58:18.126 22073  6656 E NearbyConnections: EndpointManager failed to find EndpointChannel over which to write DATA at offset 612 of Payload -9007404025457505713 to endpoint T8u1 [CONTEXT service_id=54 ]
04-22 11:58:18.131 22073  6656 I chatty  : uid=10156(com.google.android.gms) highpool[332] identical 10 lines
04-22 11:58:18.131 22073  6656 E NearbyConnections: EndpointManager failed to find EndpointChannel over which to write DATA at offset 612 of Payload -9007404025457505713 to endpoint T8u1 [CONTEXT service_id=54 ]
04-22 11:58:18.131 22073 15639 D BluetoothAdapter: isLeEnabled(): ON
04-22 11:58:18.132 22073  6656 E NearbyConnections: EndpointManager failed to find EndpointChannel over which to write DATA at offset 612 of Payload -9007404025457505713 to endpoint T8u1 [CONTEXT service_id=54 ]
04-22 11:58:18.132 22073  6656 I chatty  : uid=10156(com.google.android.gms) highpool[332] identical 1 line
04-22 11:58:18.132 22073  6656 E NearbyConnections: EndpointManager failed to find EndpointChannel over which to write DATA at offset 612 of Payload -9007404025457505713 to endpoint T8u1 [CONTEXT service_id=54 ]
04-22 11:58:18.132  2290  2737 D BtGatt.GattService: stopScan() - queue size =3
04-22 11:58:18.132 22073  6656 E NearbyConnections: EndpointManager failed to find EndpointChannel over which to write DATA at offset 612 of Payload -9007404025457505713 to endpoint T8u1 [CONTEXT service_id=54 ]
04-22 11:58:18.135 22073  6656 I chatty  : uid=10156(com.google.android.gms) highpool[332] identical 11 lines
04-22 11:58:18.135 22073  6656 E NearbyConnections: EndpointManager failed to find EndpointChannel over which to write DATA at offset 612 of Payload -9007404025457505713 to endpoint T8u1 [CONTEXT service_id=54 ]
04-22 11:58:18.135  2290  2575 I BtGatt.ScanManager: msg.what = 1
04-22 11:58:18.135 22073  6656 E NearbyConnections: EndpointManager failed to find EndpointChannel over which to write DATA at offset 612 of Payload -9007404025457505713 to endpoint T8u1 [CONTEXT service_id=54 ]
04-22 11:58:18.136 22073  6656 I chatty  : uid=10156(com.google.android.gms) highpool[332] identical 2 lines
04-22 11:58:18.136 22073  6656 E NearbyConnections: EndpointManager failed to find EndpointChannel over which to write DATA at offset 612 of Payload -9007404025457505713 to endpoint T8u1 [CONTEXT service_id=54 ]
04-22 11:58:18.136  2290 15472 D BtGatt.GattService: unregisterScanner() - scannerId=5
04-22 11:58:18.136 22073  6656 E NearbyConnections: EndpointManager failed to find EndpointChannel over which to write DATA at offset 612 of Payload -9007404025457505713 to endpoint T8u1 [CONTEXT service_id=54 ]
04-22 11:58:18.137 22073  6656 I chatty  : uid=10156(com.google.android.gms) highpool[332] identical 1 line
04-22 11:58:18.137 22073  6656 E NearbyConnections: EndpointManager failed to find EndpointChannel over which to write DATA at offset 612 of Payload -9007404025457505713 to endpoint T8u1 [CONTEXT service_id=54 ]
04-22 11:58:18.137 22073 15639 I Nearby  : M hardware scan: 5 filters, scanMode= -1, callback type= 1, workSource = WorkSource{10156 com.google.android.gms} [CONTEXT service_id=49 ]
04-22 11:58:18.137 22073  6656 E NearbyConnections: EndpointManager failed to find EndpointChannel over which to write DATA at offset 612 of Payload -9007404025457505713 to endpoint T8u1 [CONTEXT service_id=54 ]
04-22 11:58:18.138 22073  6656 I chatty  : uid=10156(com.google.android.gms) highpool[332] identical 4 lines
04-22 11:58:18.138 22073  6656 E NearbyConnections: EndpointManager failed to find EndpointChannel over which to write DATA at offset 612 of Payload -9007404025457505713 to endpoint T8u1 [CONTEXT service_id=54 ]
04-22 11:58:18.139 22073 15639 D BluetoothAdapter: isLeEnabled(): ON
04-22 11:58:18.139 22073  6656 E NearbyConnections: EndpointManager failed to find EndpointChannel over which to write DATA at offset 612 of Payload -9007404025457505713 to endpoint T8u1 [CONTEXT service_id=54 ]
04-22 11:58:18.139 22073  6656 E NearbyConnections: EndpointManager failed to find EndpointChannel over which to write DATA at offset 612 of Payload -9007404025457505713 to endpoint T8u1 [CONTEXT service_id=54 ]
04-22 11:58:18.139  2290  2348 D BtGatt.GattService: onScanFilterParamsConfigured() - clientIf=5, status=0, action=1, availableSpace=10
04-22 11:58:18.139  2290  2348 D BtGatt.ScanManager: callback done for scannerId - 5 status - 0
04-22 11:58:18.139 22073  6656 E NearbyConnections: EndpointManager failed to find EndpointChannel over which to write DATA at offset 612 of Payload -9007404025457505713 to endpoint T8u1 [CONTEXT service_id=54 ]
04-22 11:58:18.142 22073  6656 I chatty  : uid=10156(com.google.android.gms) highpool[332] identical 10 lines
04-22 11:58:18.142 22073  6656 E NearbyConnections: EndpointManager failed to find EndpointChannel over which to write DATA at offset 612 of Payload -9007404025457505713 to endpoint T8u1 [CONTEXT service_id=54 ]
04-22 11:58:18.142  2290  2348 D BtGatt.GattService: onScanFilterParamsConfigured() - clientIf=5, status=0, action=1, availableSpace=11
04-22 11:58:18.142  2290  2348 D BtGatt.ScanManager: callback done for scannerId - 5 status - 0
04-22 11:58:18.142 22073  6656 E NearbyConnections: EndpointManager failed to find EndpointChannel over which to write DATA at offset 612 of Payload -9007404025457505713 to endpoint T8u1 [CONTEXT service_id=54 ]
04-22 11:58:18.143 22073  6656 I chatty  : uid=10156(com.google.android.gms) highpool[332] identical 3 lines
04-22 11:58:18.143 22073  6656 E NearbyConnections: EndpointManager failed to find EndpointChannel over which to write DATA at offset 612 of Payload -9007404025457505713 to endpoint T8u1 [CONTEXT service_id=54 ]
04-22 11:58:18.143  2290 15472 D BtGatt.GattService: registerScanner() - UUID=44fd83a8-e1c9-49d8-adbd-478a106c341c
04-22 11:58:18.143 22073  6656 E NearbyConnections: EndpointManager failed to find EndpointChannel over which to write DATA at offset 612 of Payload -9007404025457505713 to endpoint T8u1 [CONTEXT service_id=54 ]
04-22 11:58:18.145 22073  6656 I chatty  : uid=10156(com.google.android.gms) highpool[332] identical 5 lines
04-22 11:58:18.145 22073  6656 E NearbyConnections: EndpointManager failed to find EndpointChannel over which to write DATA at offset 612 of Payload -9007404025457505713 to endpoint T8u1 [CONTEXT service_id=54 ]
04-22 11:58:18.145  2290  2603 I bt_stack: [INFO:gatt_api.cc(950)] GATT_Register eb6ad3ce-a199-2304-5ef8-fdb4c44bc53f
04-22 11:58:18.145 22073  6656 E NearbyConnections: EndpointManager failed to find EndpointChannel over which to write DATA at offset 612 of Payload -9007404025457505713 to endpoint T8u1 [CONTEXT service_id=54 ]
04-22 11:58:18.145  2290  2603 I bt_stack: [INFO:gatt_api.cc(970)] allocated gatt_if=5
04-22 11:58:18.145  2290  2348 D BtGatt.GattService: onScanFilterParamsConfigured() - clientIf=5, status=0, action=1, availableSpace=12
04-22 11:58:18.145  2290  2348 D BtGatt.ScanManager: callback done for scannerId - 5 status - 0
04-22 11:58:18.145 22073  6656 E NearbyConnections: EndpointManager failed to find EndpointChannel over which to write DATA at offset 612 of Payload -9007404025457505713 to endpoint T8u1 [CONTEXT service_id=54 ]
04-22 11:58:18.145  2290  2348 D BtGatt.GattService: onScannerRegistered() - UUID=44fd83a8-e1c9-49d8-adbd-478a106c341c, scannerId=5, status=0
04-22 11:58:18.146 22073  6656 E NearbyConnections: EndpointManager failed to find EndpointChannel over which to write DATA at offset 612 of Payload -9007404025457505713 to endpoint T8u1 [CONTEXT service_id=54 ]
04-22 11:58:18.146 22073  6656 E NearbyConnections: EndpointManager failed to find EndpointChannel over which to write DATA at offset 612 of Payload -9007404025457505713 to endpoint T8u1 [CONTEXT service_id=54 ]
04-22 11:58:18.146 22073 22154 D BluetoothLeScanner: onScannerRegistered() - status=0 scannerId=5 mScannerId=0
04-22 11:58:18.146 22073  6656 E NearbyConnections: EndpointManager failed to find EndpointChannel over which to write DATA at offset 612 of Payload -9007404025457505713 to endpoint T8u1 [CONTEXT service_id=54 ]
04-22 11:58:18.146 22073  6656 I chatty  : uid=10156(com.google.android.gms) highpool[332] identical 1 line
04-22 11:58:18.147 22073  6656 E NearbyConnections: EndpointManager failed to find EndpointChannel over which to write DATA at offset 612 of Payload -9007404025457505713 to endpoint T8u1 [CONTEXT service_id=54 ]
04-22 11:58:18.147  2290 15472 D BtGatt.GattService: start scan with filters. callingPackage: com.google.android.gms
04-22 11:58:18.147 22073  6656 E NearbyConnections: EndpointManager failed to find EndpointChannel over which to write DATA at offset 612 of Payload -9007404025457505713 to endpoint T8u1 [CONTEXT service_id=54 ]
04-22 11:58:18.149 22073  6656 I chatty  : uid=10156(com.google.android.gms) highpool[332] identical 7 lines
04-22 11:58:18.149 22073  6656 E NearbyConnections: EndpointManager failed to find EndpointChannel over which to write DATA at offset 612 of Payload -9007404025457505713 to endpoint T8u1 [CONTEXT service_id=54 ]
04-22 11:58:18.149  2290  2348 D BtGatt.GattService: onScanFilterParamsConfigured() - clientIf=5, status=0, action=1, availableSpace=13
04-22 11:58:18.149  2290  2348 D BtGatt.ScanManager: callback done for scannerId - 5 status - 0
04-22 11:58:18.149 22073  6656 E NearbyConnections: EndpointManager failed to find EndpointChannel over which to write DATA at offset 612 of Payload -9007404025457505713 to endpoint T8u1 [CONTEXT service_id=54 ]
04-22 11:58:18.151 22073  6656 I chatty  : uid=10156(com.google.android.gms) highpool[332] identical 8 lines
04-22 11:58:18.151  2290  2348 D BtGatt.GattService: onScanFilterParamsConfigured() - clientIf=5, status=0, action=1, availableSpace=14
04-22 11:58:18.152 22073  6656 E NearbyConnections: EndpointManager failed to find EndpointChannel over which to write DATA at offset 612 of Payload -9007404025457505713 to endpoint T8u1 [CONTEXT service_id=54 ]
04-22 11:58:18.152  2290  2348 D BtGatt.ScanManager: callback done for scannerId - 5 status - 0
04-22 11:58:18.152 22073  6656 E NearbyConnections: EndpointManager failed to find EndpointChannel over which to write DATA at offset 612 of Payload -9007404025457505713 to endpoint T8u1 [CONTEXT service_id=54 ]
04-22 11:58:18.152  2290  2575 D BtGatt.ScanManager: configureRegularScanParams() - queue=2
04-22 11:58:18.152 22073  6656 E NearbyConnections: EndpointManager failed to find EndpointChannel over which to write DATA at offset 612 of Payload -9007404025457505713 to endpoint T8u1 [CONTEXT service_id=54 ]
04-22 11:58:18.152  2290  2575 D BtGatt.ScanManager: configureRegularScanParams() - ScanSetting LE 1M Scan mode=1ScanSetting LE Coded Scan mode=1 mLastConfiguredScanSettingLE1M=2 mLastConfiguredScanSettingLECoded=2scanPhy=255
04-22 11:58:18.152  2290  2575 D BtGatt.ScanManager: configureRegularScanParams - scanInterval LE 1M = 4096configureRegularScanParams - scanWindow LE 1M= 818configureRegularScanParams - scanInterval LE Coded= 4096configureRegularScanParams - scanWindow LE Coded= 818
04-22 11:58:18.152 22073  6656 E NearbyConnections: EndpointManager failed to find EndpointChannel over which to write DATA at offset 612 of Payload -9007404025457505713 to endpoint T8u1 [CONTEXT service_id=54 ]
04-22 11:58:18.153 22073  6656 E NearbyConnections: EndpointManager failed to find EndpointChannel over which to write DATA at offset 612 of Payload -9007404025457505713 to endpoint T8u1 [CONTEXT service_id=54 ]
04-22 11:58:18.153  2290  2348 D BtGatt.GattService: onScanParamSetupCompleted : 0
04-22 11:58:18.153 22073  6656 E NearbyConnections: EndpointManager failed to find EndpointChannel over which to write DATA at offset 612 of Payload -9007404025457505713 to endpoint T8u1 [CONTEXT service_id=54 ]
04-22 11:58:18.154 22073  6656 I chatty  : uid=10156(com.google.android.gms) highpool[332] identical 6 lines
04-22 11:58:18.155 22073  6656 E NearbyConnections: EndpointManager failed to find EndpointChannel over which to write DATA at offset 612 of Payload -9007404025457505713 to endpoint T8u1 [CONTEXT service_id=54 ]
04-22 11:58:18.155  2290  2575 I BtGatt.ScanManager: msg.what = 0
04-22 11:58:18.155 22073  6656 E NearbyConnections: EndpointManager failed to find EndpointChannel over which to write DATA at offset 612 of Payload -9007404025457505713 to endpoint T8u1 [CONTEXT service_id=54 ]
04-22 11:58:18.155 22073  6656 I chatty  : uid=10156(com.google.android.gms) highpool[332] identical 1 line
04-22 11:58:18.155 22073  6656 E NearbyConnections: EndpointManager failed to find EndpointChannel over which to write DATA at offset 612 of Payload -9007404025457505713 to endpoint T8u1 [CONTEXT service_id=54 ]
04-22 11:58:18.155  2290  2575 D BtGatt.ScanManager: handling starting scan
04-22 11:58:18.156 22073  6656 E NearbyConnections: EndpointManager failed to find EndpointChannel over which to write DATA at offset 612 of Payload -9007404025457505713 to endpoint T8u1 [CONTEXT service_id=54 ]
04-22 11:58:18.157 22073  6656 I chatty  : uid=10156(com.google.android.gms) highpool[332] identical 5 lines
04-22 11:58:18.157 22073  6656 E NearbyConnections: EndpointManager failed to find EndpointChannel over which to write DATA at offset 612 of Payload -9007404025457505713 to endpoint T8u1 [CONTEXT service_id=54 ]
04-22 11:58:18.157  2290  2575 D BtGatt.ScanManager: isAptXLowLatencyModeEnabled: false
04-22 11:58:18.157  2290  2737 D BluetoothAdapterService: cancelDiscovery
04-22 11:58:18.157 22073  6656 E NearbyConnections: EndpointManager failed to find EndpointChannel over which to write DATA at offset 612 of Payload -9007404025457505713 to endpoint T8u1 [CONTEXT service_id=54 ]
04-22 11:58:18.157 22073  6656 E NearbyConnections: EndpointManager failed to find EndpointChannel over which to write DATA at offset 612 of Payload -9007404025457505713 to endpoint T8u1 [CONTEXT service_id=54 ]
04-22 11:58:18.159 22073  6656 I chatty  : uid=10156(com.google.android.gms) highpool[332] identical 6 lines
04-22 11:58:18.159 22073  6656 E NearbyConnections: EndpointManager failed to find EndpointChannel over which to write DATA at offset 612 of Payload -9007404025457505713 to endpoint T8u1 [CONTEXT service_id=54 ]
04-22 11:58:18.159 22073 15577 D BluetoothGatt: connect() - device: 61:2F:9B:89:C0:FE, auto: false
04-22 11:58:18.159 22073 15577 D BluetoothGatt: registerApp()
04-22 11:58:18.159 22073  6656 E NearbyConnections: EndpointManager failed to find EndpointChannel over which to write DATA at offset 612 of Payload -9007404025457505713 to endpoint T8u1 [CONTEXT service_id=54 ]
04-22 11:58:18.159 22073 15577 D BluetoothGatt: registerApp() - UUID=f0f6f948-e091-487a-b689-4e8afa75fea8
04-22 11:58:18.160 22073  6656 E NearbyConnections: EndpointManager failed to find EndpointChannel over which to write DATA at offset 612 of Payload -9007404025457505713 to endpoint T8u1 [CONTEXT service_id=54 ]
04-22 11:58:18.160 22073  6656 I chatty  : uid=10156(com.google.android.gms) highpool[332] identical 2 lines
04-22 11:58:18.160 22073  6656 E NearbyConnections: EndpointManager failed to find EndpointChannel over which to write DATA at offset 612 of Payload -9007404025457505713 to endpoint T8u1 [CONTEXT service_id=54 ]
04-22 11:58:18.161  2290 15472 D BtGatt.GattService: registerClient() - UUID=f0f6f948-e091-487a-b689-4e8afa75fea8
04-22 11:58:18.161 22073  6656 E NearbyConnections: EndpointManager failed to find EndpointChannel over which to write DATA at offset 612 of Payload -9007404025457505713 to endpoint T8u1 [CONTEXT service_id=54 ]
04-22 11:58:18.161  2290  2603 E bt_btm  : BTM_BleObserve Observe Already Active
04-22 11:58:18.161 22073  6656 E NearbyConnections: EndpointManager failed to find EndpointChannel over which to write DATA at offset 612 of Payload -9007404025457505713 to endpoint T8u1 [CONTEXT service_id=54 ]
04-22 11:58:18.161  2290  2603 W bt_btif :  bta_dm_ble_observe BTM_BleObserve  failed. status 6
04-22 11:58:18.161 22073  6656 E NearbyConnections: EndpointManager failed to find EndpointChannel over which to write DATA at offset 612 of Payload -9007404025457505713 to endpoint T8u1 [CONTEXT service_id=54 ]
04-22 11:58:18.161 22073  6656 E NearbyConnections: EndpointManager failed to find EndpointChannel over which to write DATA at offset 612 of Payload -9007404025457505713 to endpoint T8u1 [CONTEXT service_id=54 ]
04-22 11:58:18.161  2290  2603 I bt_stack: [INFO:gatt_api.cc(950)] GATT_Register 739aec5b-e22e-f38b-6962-1c62400b4414
04-22 11:58:18.162  2290  2603 I bt_stack: [INFO:gatt_api.cc(970)] allocated gatt_if=10
04-22 11:58:18.162 22073  6656 E NearbyConnections: EndpointManager failed to find EndpointChannel over which to write DATA at offset 612 of Payload -9007404025457505713 to endpoint T8u1 [CONTEXT service_id=54 ]
04-22 11:58:18.162  2290  2348 D BtGatt.GattService: onClientRegistered() - UUID=f0f6f948-e091-487a-b689-4e8afa75fea8, clientIf=10
04-22 11:58:18.162 22073  6656 E NearbyConnections: EndpointManager failed to find EndpointChannel over which to write DATA at offset 612 of Payload -9007404025457505713 to endpoint T8u1 [CONTEXT service_id=54 ]
04-22 11:58:18.162 22073  6656 E NearbyConnections: EndpointManager failed to find EndpointChannel over which to write DATA at offset 612 of Payload -9007404025457505713 to endpoint T8u1 [CONTEXT service_id=54 ]
04-22 11:58:18.162 22073 22154 D BluetoothGatt: onClientRegistered() - status=0 clientIf=10
04-22 11:58:18.162 22073  6656 E NearbyConnections: EndpointManager failed to find EndpointChannel over which to write DATA at offset 612 of Payload -9007404025457505713 to endpoint T8u1 [CONTEXT service_id=54 ]
04-22 11:58:18.163 22073  6656 I chatty  : uid=10156(com.google.android.gms) highpool[332] identical 3 lines
04-22 11:58:18.163  2290 15472 D BtGatt.GattService: clientConnect() - address=61:2F:9B:89:C0:FE, isDirect=true, opportunistic=false, phy=1
04-22 11:58:18.163 22073  6656 E NearbyConnections: EndpointManager failed to find EndpointChannel over which to write DATA at offset 612 of Payload -9007404025457505713 to endpoint T8u1 [CONTEXT service_id=54 ]
04-22 11:58:18.164 22073  6656 E NearbyConnections: EndpointManager failed to find EndpointChannel over which to write DATA at offset 612 of Payload -9007404025457505713 to endpoint T8u1 [CONTEXT service_id=54 ]
04-22 11:58:18.164  2290  2348 D bt_btif_config: btif_get_address_type: Device [61:2f:9b:89:c0:fe] address type 1
04-22 11:58:18.164 22073  6656 E NearbyConnections: EndpointManager failed to find EndpointChannel over which to write DATA at offset 612 of Payload -9007404025457505713 to endpoint T8u1 [CONTEXT service_id=54 ]
04-22 11:58:18.164  2290  2348 D bt_btif_config: btif_get_device_type: Device [61:2f:9b:89:c0:fe] type 2
04-22 11:58:18.164 22073  6656 E NearbyConnections: EndpointManager failed to find EndpointChannel over which to write DATA at offset 612 of Payload -9007404025457505713 to endpoint T8u1 [CONTEXT service_id=54 ]
04-22 11:58:18.164 22073  6656 E NearbyConnections: EndpointManager failed to find EndpointChannel over which to write DATA at offset 612 of Payload -9007404025457505713 to endpoint T8u1 [CONTEXT service_id=54 ]
04-22 11:58:18.164  2290  2603 I bt_stack: [INFO:gatt_api.cc(1122)] GATT_Connect gatt_if=10, address=61:2f:9b:89:c0:fe is_direct 1
04-22 11:58:18.165 22073  6656 E NearbyConnections: EndpointManager failed to find EndpointChannel over which to write DATA at offset 612 of Payload -9007404025457505713 to endpoint T8u1 [CONTEXT service_id=54 ]
04-22 11:58:18.165  2290  2603 I bt_stack: [INFO:btm_ble_bgconn.cc(248)] btm_add_dev_to_controller addig RPA into white list
04-22 11:58:18.165 22073  6656 E NearbyConnections: EndpointManager failed to find EndpointChannel over which to write DATA at offset 612 of Payload -9007404025457505713 to endpoint T8u1 [CONTEXT service_id=54 ]
04-22 11:58:18.187 22073  6656 I chatty  : uid=10156(com.google.android.gms) highpool[332] identical 89 lines
04-22 11:58:18.187 22073  6656 E NearbyConnections: EndpointManager failed to find EndpointChannel over which to write DATA at offset 612 of Payload -9007404025457505713 to endpoint T8u1 [CONTEXT service_id=54 ]
04-22 11:58:18.188 22073 15491 I NearbyConnections: ClientProxy(244116452) reporting onPayloadReceived(3Vkt, -8081185086807292976) [CONTEXT service_id=54 ]
04-22 11:58:18.188 22073  6656 E NearbyConnections: EndpointManager failed to find EndpointChannel over which to write DATA at offset 612 of Payload -9007404025457505713 to endpoint T8u1 [CONTEXT service_id=54 ]
04-22 11:58:18.190 22073  6656 I chatty  : uid=10156(com.google.android.gms) highpool[332] identical 8 lines
04-22 11:58:18.190 22073  6656 E NearbyConnections: EndpointManager failed to find EndpointChannel over which to write DATA at offset 612 of Payload -9007404025457505713 to endpoint T8u1 [CONTEXT service_id=54 ]
04-22 11:58:18.190 15172 15344 V connectedcrossroad: Data collect: HELO
04-22 11:58:18.190 15172 15344 V data    : Payload RX: 120
04-22 11:58:18.190 22073  6656 E NearbyConnections: EndpointManager failed to find EndpointChannel over which to write DATA at offset 612 of Payload -9007404025457505713 to endpoint T8u1 [CONTEXT service_id=54 ]
04-22 11:58:18.190 15172 15344 V data    : Payload TX: 240
04-22 11:58:18.190 15172 15344 V data    : Total RX: 316768
04-22 11:58:18.190 15172 15344 V data    : Total TX: 249424
04-22 11:58:18.190 22073  6656 E NearbyConnections: EndpointManager failed to find EndpointChannel over which to write DATA at offset 612 of Payload -9007404025457505713 to endpoint T8u1 [CONTEXT service_id=54 ]
04-22 11:58:18.197 22073  6656 I chatty  : uid=10156(com.google.android.gms) highpool[332] identical 25 lines
04-22 11:58:18.197 22073  6656 E NearbyConnections: EndpointManager failed to find EndpointChannel over which to write DATA at offset 612 of Payload -9007404025457505713 to endpoint T8u1 [CONTEXT service_id=54 ]
04-22 11:58:18.197 22073 15491 I NearbyConnections: ClientProxy(244116452) reporting onPayloadTransferUpdate(3Vkt, -8081185086807292976, SUCCESS) [CONTEXT service_id=54 ]
04-22 11:58:18.197 22073  6656 E NearbyConnections: EndpointManager failed to find EndpointChannel over which to write DATA at offset 612 of Payload -9007404025457505713 to endpoint T8u1 [CONTEXT service_id=54 ]
04-22 11:58:18.254 22073  6656 I chatty  : uid=10156(com.google.android.gms) highpool[332] identical 226 lines
04-22 11:58:18.254 22073  6656 E NearbyConnections: EndpointManager failed to find EndpointChannel over which to write DATA at offset 612 of Payload -9007404025457505713 to endpoint T8u1 [CONTEXT service_id=54 ]
04-22 11:58:18.254  2290  2603 I bt_stack: [INFO:gatt_main.cc(919)] gatt_data_process op_code = 18, msg_len = 511
04-22 11:58:18.254 22073  6656 E NearbyConnections: EndpointManager failed to find EndpointChannel over which to write DATA at offset 612 of Payload -9007404025457505713 to endpoint T8u1 [CONTEXT service_id=54 ]
04-22 11:58:18.257 22073  6656 I chatty  : uid=10156(com.google.android.gms) highpool[332] identical 10 lines
04-22 11:58:18.257 22073  6656 E NearbyConnections: EndpointManager failed to find EndpointChannel over which to write DATA at offset 612 of Payload -9007404025457505713 to endpoint T8u1 [CONTEXT service_id=54 ]
04-22 11:58:18.257  2290  2348 D BtGatt.GattService: onResponseSendCompleted() handle=45
04-22 11:58:18.257 22073  6656 E NearbyConnections: EndpointManager failed to find EndpointChannel over which to write DATA at offset 612 of Payload -9007404025457505713 to endpoint T8u1 [CONTEXT service_id=54 ]
04-22 11:58:18.329 22073  6656 I chatty  : uid=10156(com.google.android.gms) highpool[332] identical 287 lines
04-22 11:58:18.329 22073  6656 E NearbyConnections: EndpointManager failed to find EndpointChannel over which to write DATA at offset 612 of Payload -9007404025457505713 to endpoint T8u1 [CONTEXT service_id=54 ]
04-22 11:58:18.329 22073 15491 I NearbyMediums: Wifi LAN discovered service IlJhZ1Bbye0AAA, but that's us. Ignoring. [CONTEXT service_id=54 ]
04-22 11:58:18.330 22073  6656 E NearbyConnections: EndpointManager failed to find EndpointChannel over which to write DATA at offset 612 of Payload -9007404025457505713 to endpoint T8u1 [CONTEXT service_id=54 ]
04-22 11:58:18.330 22073  6656 E NearbyConnections: EndpointManager failed to find EndpointChannel over which to write DATA at offset 612 of Payload -9007404025457505713 to endpoint T8u1 [CONTEXT service_id=54 ]
04-22 11:58:18.330 22073 15491 I NearbyMediums: Wifi LAN discovered service IlJhZ1Bbye0AAA, but that's us. Ignoring. [CONTEXT service_id=54 ]
04-22 11:58:18.330 22073  6656 E NearbyConnections: EndpointManager failed to find EndpointChannel over which to write DATA at offset 612 of Payload -9007404025457505713 to endpoint T8u1 [CONTEXT service_id=54 ]
04-22 11:58:18.450 22073  6656 I chatty  : uid=10156(com.google.android.gms) highpool[332] identical 420 lines
04-22 11:58:18.450 22073  6656 E NearbyConnections: EndpointManager failed to find EndpointChannel over which to write DATA at offset 612 of Payload -9007404025457505713 to endpoint T8u1 [CONTEXT service_id=54 ]
04-22 11:58:18.450  2290  2603 I bt_stack: [INFO:gatt_main.cc(919)] gatt_data_process op_code = 18, msg_len = 244
04-22 11:58:18.450 22073  6656 E NearbyConnections: EndpointManager failed to find EndpointChannel over which to write DATA at offset 612 of Payload -9007404025457505713 to endpoint T8u1 [CONTEXT service_id=54 ]
04-22 11:58:18.452 22073  6656 I chatty  : uid=10156(com.google.android.gms) highpool[332] identical 8 lines
04-22 11:58:18.452  2290  2348 D BtGatt.GattService: onResponseSendCompleted() handle=45
04-22 11:58:18.452 22073  6656 E NearbyConnections: EndpointManager failed to find EndpointChannel over which to write DATA at offset 612 of Payload -9007404025457505713 to endpoint T8u1 [CONTEXT service_id=54 ]
04-22 11:58:18.453 22073  6656 E NearbyConnections: EndpointManager failed to find EndpointChannel over which to write DATA at offset 612 of Payload -9007404025457505713 to endpoint T8u1 [CONTEXT service_id=54 ]
04-22 11:58:18.457 22073  6656 I chatty  : uid=10156(com.google.android.gms) highpool[332] identical 18 lines
04-22 11:58:18.458 22073  6656 E NearbyConnections: EndpointManager failed to find EndpointChannel over which to write DATA at offset 612 of Payload -9007404025457505713 to endpoint T8u1 [CONTEXT service_id=54 ]
04-22 11:58:18.458 22073 15491 I NearbyConnections: ClientProxy(244116452) reporting onPayloadReceived(-Q5j, -8358081697886092068) [CONTEXT service_id=54 ]
04-22 11:58:18.458 22073  6656 E NearbyConnections: EndpointManager failed to find EndpointChannel over which to write DATA at offset 612 of Payload -9007404025457505713 to endpoint T8u1 [CONTEXT service_id=54 ]
04-22 11:58:18.460 22073  6656 I chatty  : uid=10156(com.google.android.gms) highpool[332] identical 9 lines
04-22 11:58:18.460 15172 15344 V connectedcrossroad: Data collect: HELO
04-22 11:58:18.460 22073  6656 E NearbyConnections: EndpointManager failed to find EndpointChannel over which to write DATA at offset 612 of Payload -9007404025457505713 to endpoint T8u1 [CONTEXT service_id=54 ]
04-22 11:58:18.461 15172 15344 V data    : Payload RX: 120
04-22 11:58:18.461 15172 15344 V data    : Payload TX: 240
04-22 11:58:18.461 22073  6656 E NearbyConnections: EndpointManager failed to find EndpointChannel over which to write DATA at offset 612 of Payload -9007404025457505713 to endpoint T8u1 [CONTEXT service_id=54 ]
04-22 11:58:18.461 15172 15344 V data    : Total RX: 317380
04-22 11:58:18.461 15172 15344 V data    : Total TX: 249424
04-22 11:58:18.461 22073  6656 E NearbyConnections: EndpointManager failed to find EndpointChannel over which to write DATA at offset 612 of Payload -9007404025457505713 to endpoint T8u1 [CONTEXT service_id=54 ]
04-22 11:58:18.583 22073  6656 I chatty  : uid=10156(com.google.android.gms) highpool[332] identical 478 lines
04-22 11:58:18.584 22073  6656 E NearbyConnections: EndpointManager failed to find EndpointChannel over which to write DATA at offset 612 of Payload -9007404025457505713 to endpoint T8u1 [CONTEXT service_id=54 ]
04-22 11:58:18.584  2290  2603 I bt_stack: [INFO:gatt_main.cc(919)] gatt_data_process op_code = 18, msg_len = 126
04-22 11:58:18.584 22073  6656 E NearbyConnections: EndpointManager failed to find EndpointChannel over which to write DATA at offset 612 of Payload -9007404025457505713 to endpoint T8u1 [CONTEXT service_id=54 ]
04-22 11:58:18.586 22073  6656 I chatty  : uid=10156(com.google.android.gms) highpool[332] identical 9 lines
04-22 11:58:18.586  2290  2348 D BtGatt.GattService: onResponseSendCompleted() handle=45
04-22 11:58:18.586 22073  6656 E NearbyConnections: EndpointManager failed to find EndpointChannel over which to write DATA at offset 612 of Payload -9007404025457505713 to endpoint T8u1 [CONTEXT service_id=54 ]
04-22 11:58:18.587 22073  6656 E NearbyConnections: EndpointManager failed to find EndpointChannel over which to write DATA at offset 612 of Payload -9007404025457505713 to endpoint T8u1 [CONTEXT service_id=54 ]
04-22 11:58:18.590 22073  6656 I chatty  : uid=10156(com.google.android.gms) highpool[332] identical 15 lines
04-22 11:58:18.591 22073  6656 E NearbyConnections: EndpointManager failed to find EndpointChannel over which to write DATA at offset 612 of Payload -9007404025457505713 to endpoint T8u1 [CONTEXT service_id=54 ]
04-22 11:58:18.591 22073 15491 I NearbyConnections: ClientProxy(244116452) reporting onPayloadTransferUpdate(-Q5j, -8358081697886092068, SUCCESS) [CONTEXT service_id=54 ]
04-22 11:58:18.591 22073  6656 E NearbyConnections: EndpointManager failed to find EndpointChannel over which to write DATA at offset 612 of Payload -9007404025457505713 to endpoint T8u1 [CONTEXT service_id=54 ]
04-22 11:58:18.728 22073  6656 I chatty  : uid=10156(com.google.android.gms) highpool[332] identical 534 lines
04-22 11:58:18.728 22073  6656 E NearbyConnections: EndpointManager failed to find EndpointChannel over which to write DATA at offset 612 of Payload -9007404025457505713 to endpoint T8u1 [CONTEXT service_id=54 ]
04-22 11:58:18.728 15172 15339 D connectedcrossroad: Data collect: SEND
04-22 11:58:18.728 22073  6656 E NearbyConnections: EndpointManager failed to find EndpointChannel over which to write DATA at offset 612 of Payload -9007404025457505713 to endpoint T8u1 [CONTEXT service_id=54 ]
04-22 11:58:18.729 22073  6656 I chatty  : uid=10156(com.google.android.gms) highpool[332] identical 2 lines
04-22 11:58:18.729 22073  6656 E NearbyConnections: EndpointManager failed to find EndpointChannel over which to write DATA at offset 612 of Payload -9007404025457505713 to endpoint T8u1 [CONTEXT service_id=54 ]
04-22 11:58:18.729 15172 15339 D connectedcrossroad: Data collect: SEND
04-22 11:58:18.729 22073  6656 E NearbyConnections: EndpointManager failed to find EndpointChannel over which to write DATA at offset 612 of Payload -9007404025457505713 to endpoint T8u1 [CONTEXT service_id=54 ]
04-22 11:58:18.729 22073  6656 I chatty  : uid=10156(com.google.android.gms) highpool[332] identical 1 line
04-22 11:58:18.730 22073  6656 E NearbyConnections: EndpointManager failed to find EndpointChannel over which to write DATA at offset 612 of Payload -9007404025457505713 to endpoint T8u1 [CONTEXT service_id=54 ]
04-22 11:58:18.730 15172 15339 D connectedcrossroad: Data collect: SEND
04-22 11:58:18.730 22073  6656 E NearbyConnections: EndpointManager failed to find EndpointChannel over which to write DATA at offset 612 of Payload -9007404025457505713 to endpoint T8u1 [CONTEXT service_id=54 ]
04-22 11:58:18.731 22073  6656 I chatty  : uid=10156(com.google.android.gms) highpool[332] identical 6 lines
04-22 11:58:18.732 22073  6656 E NearbyConnections: EndpointManager failed to find EndpointChannel over which to write DATA at offset 612 of Payload -9007404025457505713 to endpoint T8u1 [CONTEXT service_id=54 ]
04-22 11:58:18.732 22073 15491 I NearbyConnections: Client 244116452 is sending payload -8440989222421274480 to endpoints [Kszd]. [CONTEXT service_id=54 ]
04-22 11:58:18.732 22073  6656 E NearbyConnections: EndpointManager failed to find EndpointChannel over which to write DATA at offset 612 of Payload -9007404025457505713 to endpoint T8u1 [CONTEXT service_id=54 ]
04-22 11:58:18.735 22073  6656 I chatty  : uid=10156(com.google.android.gms) highpool[332] identical 3 lines
04-22 11:58:18.735 22073  6656 E NearbyConnections: EndpointManager failed to find EndpointChannel over which to write DATA at offset 612 of Payload -9007404025457505713 to endpoint T8u1 [CONTEXT service_id=54 ]
04-22 11:58:18.735 22073 15491 I NearbyConnections: Client 244116452 is sending payload -6127599405071622301 to endpoints [-jmB]. [CONTEXT service_id=54 ]
04-22 11:58:18.736 22073  6656 E NearbyConnections: EndpointManager failed to find EndpointChannel over which to write DATA at offset 612 of Payload -9007404025457505713 to endpoint T8u1 [CONTEXT service_id=54 ]
04-22 11:58:18.737 22073  6656 I chatty  : uid=10156(com.google.android.gms) highpool[332] identical 5 lines
04-22 11:58:18.737 22073  6656 E NearbyConnections: EndpointManager failed to find EndpointChannel over which to write DATA at offset 612 of Payload -9007404025457505713 to endpoint T8u1 [CONTEXT service_id=54 ]
04-22 11:58:18.738 22073 15491 I NearbyConnections: Client 244116452 is sending payload -8798610045428762993 to endpoints [3Vkt]. [CONTEXT service_id=54 ]
04-22 11:58:18.738 22073  6656 E NearbyConnections: EndpointManager failed to find EndpointChannel over which to write DATA at offset 612 of Payload -9007404025457505713 to endpoint T8u1 [CONTEXT service_id=54 ]
04-22 11:58:18.741 22073  6656 I chatty  : uid=10156(com.google.android.gms) highpool[332] identical 10 lines
04-22 11:58:18.741 22073  6656 E NearbyConnections: EndpointManager failed to find EndpointChannel over which to write DATA at offset 612 of Payload -9007404025457505713 to endpoint T8u1 [CONTEXT service_id=54 ]
04-22 11:58:18.741 22073 15926 I NearbyConnections: Sent BYTES data(691 bytes) via WIFI_LAN used 4 milliseconds, throughput is 0.16 MB/s (168.70 KB/s) [CONTEXT service_id=54 ]
04-22 11:58:18.741 22073  6656 E NearbyConnections: EndpointManager failed to find EndpointChannel over which to write DATA at offset 612 of Payload -9007404025457505713 to endpoint T8u1 [CONTEXT service_id=54 ]
04-22 11:58:18.741 22073 15927 I NearbyConnections: ClientProxy(244116452) reporting onPayloadTransferUpdate(Kszd, -8440989222421274480, SUCCESS) [CONTEXT service_id=54 ]
04-22 11:58:18.741 22073 15926 I NearbyConnections: Sent BYTES data(691 bytes) SUCCEEDED, overall used 5 milliseconds, throughput is 0.13 MB/s (134.96 KB/s) [CONTEXT service_id=54 ]
04-22 11:58:18.741 22073  6656 E NearbyConnections: EndpointManager failed to find EndpointChannel over which to write DATA at offset 612 of Payload -9007404025457505713 to endpoint T8u1 [CONTEXT service_id=54 ]
04-22 11:58:18.746 22073  6656 I chatty  : uid=10156(com.google.android.gms) highpool[332] identical 19 lines
04-22 11:58:18.746 22073  6656 E NearbyConnections: EndpointManager failed to find EndpointChannel over which to write DATA at offset 612 of Payload -9007404025457505713 to endpoint T8u1 [CONTEXT service_id=54 ]
04-22 11:58:18.747 22073 15926 I NearbyConnections: Sent BYTES data(691 bytes) via WIFI_LAN used 4 milliseconds, throughput is 0.16 MB/s (168.70 KB/s) [CONTEXT service_id=54 ]
04-22 11:58:18.747 22073  6656 E NearbyConnections: EndpointManager failed to find EndpointChannel over which to write DATA at offset 612 of Payload -9007404025457505713 to endpoint T8u1 [CONTEXT service_id=54 ]
04-22 11:58:18.747 22073 15927 I NearbyConnections: ClientProxy(244116452) reporting onPayloadTransferUpdate(-jmB, -6127599405071622301, SUCCESS) [CONTEXT service_id=54 ]
04-22 11:58:18.747 22073  6656 E NearbyConnections: EndpointManager failed to find EndpointChannel over which to write DATA at offset 612 of Payload -9007404025457505713 to endpoint T8u1 [CONTEXT service_id=54 ]
04-22 11:58:18.747 22073 15926 I NearbyConnections: Sent BYTES data(691 bytes) SUCCEEDED, overall used 4 milliseconds, throughput is 0.16 MB/s (168.70 KB/s) [CONTEXT service_id=54 ]
04-22 11:58:18.747 22073  6656 E NearbyConnections: EndpointManager failed to find EndpointChannel over which to write DATA at offset 612 of Payload -9007404025457505713 to endpoint T8u1 [CONTEXT service_id=54 ]
04-22 11:58:18.752 22073  6656 I chatty  : uid=10156(com.google.android.gms) highpool[332] identical 18 lines
04-22 11:58:18.752 22073  6656 E NearbyConnections: EndpointManager failed to find EndpointChannel over which to write DATA at offset 612 of Payload -9007404025457505713 to endpoint T8u1 [CONTEXT service_id=54 ]
04-22 11:58:18.752 22073 15926 I NearbyConnections: Sent BYTES data(691 bytes) via WIFI_LAN used 4 milliseconds, throughput is 0.16 MB/s (168.70 KB/s) [CONTEXT service_id=54 ]
04-22 11:58:18.752 22073  6656 E NearbyConnections: EndpointManager failed to find EndpointChannel over which to write DATA at offset 612 of Payload -9007404025457505713 to endpoint T8u1 [CONTEXT service_id=54 ]
04-22 11:58:18.752 22073 15927 I NearbyConnections: ClientProxy(244116452) reporting onPayloadTransferUpdate(3Vkt, -8798610045428762993, SUCCESS) [CONTEXT service_id=54 ]
04-22 11:58:18.753 22073  6656 E NearbyConnections: EndpointManager failed to find EndpointChannel over which to write DATA at offset 612 of Payload -9007404025457505713 to endpoint T8u1 [CONTEXT service_id=54 ]
04-22 11:58:18.753 22073 15926 I NearbyConnections: Sent BYTES data(691 bytes) SUCCEEDED, overall used 5 milliseconds, throughput is 0.13 MB/s (134.96 KB/s) [CONTEXT service_id=54 ]
04-22 11:58:18.753 22073  6656 E NearbyConnections: EndpointManager failed to find EndpointChannel over which to write DATA at offset 612 of Payload -9007404025457505713 to endpoint T8u1 [CONTEXT service_id=54 ]
04-22 11:58:18.797 22073  6656 I chatty  : uid=10156(com.google.android.gms) highpool[332] identical 179 lines
04-22 11:58:18.798 22073  6656 E NearbyConnections: EndpointManager failed to find EndpointChannel over which to write DATA at offset 612 of Payload -9007404025457505713 to endpoint T8u1 [CONTEXT service_id=54 ]
04-22 11:58:18.798 22073 15926 I NearbyConnections: ClientProxy(244116452) reporting onPayloadTransferUpdate(-jmB, -8398767597288506110, SUCCESS) [CONTEXT service_id=54 ]
04-22 11:58:18.798 22073  6656 E NearbyConnections: EndpointManager failed to find EndpointChannel over which to write DATA at offset 612 of Payload -9007404025457505713 to endpoint T8u1 [CONTEXT service_id=54 ]
04-22 11:58:18.800 22073  6656 I chatty  : uid=10156(com.google.android.gms) highpool[332] identical 7 lines
04-22 11:58:18.800 22073  6656 E NearbyConnections: EndpointManager failed to find EndpointChannel over which to write DATA at offset 612 of Payload -9007404025457505713 to endpoint T8u1 [CONTEXT service_id=54 ]
04-22 11:58:18.800 22073 15926 I NearbyConnections: ClientProxy(244116452) reporting onPayloadReceived(-jmB, -5224160653052599064) [CONTEXT service_id=54 ]
04-22 11:58:18.800 22073  6656 E NearbyConnections: EndpointManager failed to find EndpointChannel over which to write DATA at offset 612 of Payload -9007404025457505713 to endpoint T8u1 [CONTEXT service_id=54 ]
04-22 11:58:18.802 22073  6656 I chatty  : uid=10156(com.google.android.gms) highpool[332] identical 8 lines
04-22 11:58:18.802 22073  6656 E NearbyConnections: EndpointManager failed to find EndpointChannel over which to write DATA at offset 612 of Payload -9007404025457505713 to endpoint T8u1 [CONTEXT service_id=54 ]
04-22 11:58:18.803 15172 15344 V connectedcrossroad: Data collect: HELO
04-22 11:58:18.803 22073  6656 E NearbyConnections: EndpointManager failed to find EndpointChannel over which to write DATA at offset 612 of Payload -9007404025457505713 to endpoint T8u1 [CONTEXT service_id=54 ]
04-22 11:58:18.803 15172 15344 V data    : Payload RX: 120
04-22 11:58:18.803 15172 15344 V data    : Payload TX: 240
04-22 11:58:18.803 15172 15344 V data    : Total RX: 317992
04-22 11:58:18.803 15172 15344 V data    : Total TX: 251260
04-22 11:58:18.803 22073  6656 E NearbyConnections: EndpointManager failed to find EndpointChannel over which to write DATA at offset 612 of Payload -9007404025457505713 to endpoint T8u1 [CONTEXT service_id=54 ]
04-22 11:58:18.803 22073  6656 I chatty  : uid=10156(com.google.android.gms) highpool[332] identical 1 line
04-22 11:58:18.803 22073  6656 E NearbyConnections: EndpointManager failed to find EndpointChannel over which to write DATA at offset 612 of Payload -9007404025457505713 to endpoint T8u1 [CONTEXT service_id=54 ]
04-22 11:58:18.804 22073 15926 I NearbyConnections: ClientProxy(244116452) reporting onPayloadTransferUpdate(-jmB, -5224160653052599064, SUCCESS) [CONTEXT service_id=54 ]
04-22 11:58:18.804 22073  6656 E NearbyConnections: EndpointManager failed to find EndpointChannel over which to write DATA at offset 612 of Payload -9007404025457505713 to endpoint T8u1 [CONTEXT service_id=54 ]
04-22 11:58:18.804 22073  6656 I chatty  : uid=10156(com.google.android.gms) highpool[332] identical 3 lines
04-22 11:58:18.805 22073  6656 E NearbyConnections: EndpointManager failed to find EndpointChannel over which to write DATA at offset 612 of Payload -9007404025457505713 to endpoint T8u1 [CONTEXT service_id=54 ]
04-22 11:58:18.805 22073 15926 I NearbyConnections: ClientProxy(244116452) reporting onPayloadReceived(3Vkt, -6505913382321148345) [CONTEXT service_id=54 ]
04-22 11:58:18.805 22073  6656 E NearbyConnections: EndpointManager failed to find EndpointChannel over which to write DATA at offset 612 of Payload -9007404025457505713 to endpoint T8u1 [CONTEXT service_id=54 ]
04-22 11:58:18.807 22073  6656 I chatty  : uid=10156(com.google.android.gms) highpool[332] identical 8 lines
04-22 11:58:18.807 22073  6656 E NearbyConnections: EndpointManager failed to find EndpointChannel over which to write DATA at offset 612 of Payload -9007404025457505713 to endpoint T8u1 [CONTEXT service_id=54 ]
04-22 11:58:18.807 15172 15344 V connectedcrossroad: Data collect: HELO
04-22 11:58:18.807 22073  6656 E NearbyConnections: EndpointManager failed to find EndpointChannel over which to write DATA at offset 612 of Payload -9007404025457505713 to endpoint T8u1 [CONTEXT service_id=54 ]
04-22 11:58:18.807 15172 15344 V data    : Payload RX: 120
04-22 11:58:18.807 15172 15344 V data    : Payload TX: 240
