04-22 11:35:46.573  1635  1775 W BroadcastQueue: Background execution not allowed: receiving Intent { act=android.intent.action.PACKAGE_REPLACED dat=package:com.google.location.nearby.apps.connectedcrossroad flg=0x4000010 (has extras) } to steptracker.healthandfitness.walkingtracker.pedometer/com.drojian.stepcounter.receiver.PedometerReceiver
04-22 11:35:46.574  1635  1775 W BroadcastQueue: Background execution not allowed: receiving Intent { act=android.intent.action.PACKAGE_REPLACED dat=package:com.google.location.nearby.apps.connectedcrossroad flg=0x4000010 (has extras) } to steptracker.healthandfitness.walkingtracker.pedometer/com.drojian.servicekeeper.receiver.BootReceiver
04-22 11:35:46.890  1635  4599 D CompatibilityChangeReporter: Compat change id reported: 136274596; UID 10333; state: DISABLED
04-22 11:35:46.903  1635  1752 W Looper  : Slow dispatch took 109ms android.fg h=android.os.Handler c=<recycled PooledLambda@3076a2b> m=0
04-22 11:35:47.293  1635  2884 W NetworkPolicy: shared quota unsupported; generating rule for each iface
04-22 11:35:47.385  1635  2884 I chatty  : uid=1000(system) NetworkPolicy identical 1 line
04-22 11:35:47.443  1635  2884 W NetworkPolicy: shared quota unsupported; generating rule for each iface
04-22 11:35:47.727  1635  1752 W Looper  : Drained
04-22 11:35:47.747  1635  2884 W NetworkPolicy: shared quota unsupported; generating rule for each iface
04-22 11:35:47.898  1635 11490 E SystemServiceRegistry: Manager wrapper not available: face
04-22 11:35:47.900  1635  1775 I DropBoxManagerService: add tag=system_server_wtf isTagEnabled=true flags=0x2
04-22 11:35:47.998  1635  4599 W SettingsStatsUtil: Can not parse value to float: gps,network
04-22 11:35:48.768  1635  2891 D ConnectivityService: NetReassign [no changes]
04-22 11:35:49.918  1635  1775 W BroadcastQueue: Background execution not allowed: receiving Intent { act=android.intent.action.DROPBOX_ENTRY_ADDED flg=0x10 (has extras) } to com.google.android.gms/.stats.service.DropBoxEntryAddedReceiver
04-22 11:35:49.918  1635  1775 W BroadcastQueue: Background execution not allowed: receiving Intent { act=android.intent.action.DROPBOX_ENTRY_ADDED flg=0x10 (has extras) } to com.google.android.gms/.chimera.GmsIntentOperationService$PersistentTrustedReceiver
04-22 11:35:50.034  1635  4599 I DropBoxManagerService: add tag=platform_stats_bookmark isTagEnabled=true flags=0x2
04-22 11:35:50.042  1635  1775 W BroadcastQueue: Background execution not allowed: receiving Intent { act=android.intent.action.DROPBOX_ENTRY_ADDED flg=0x10 (has extras) } to com.google.android.gms/.stats.service.DropBoxEntryAddedReceiver
04-22 11:35:50.043  1635  1775 W BroadcastQueue: Background execution not allowed: receiving Intent { act=android.intent.action.DROPBOX_ENTRY_ADDED flg=0x10 (has extras) } to com.google.android.gms/.chimera.GmsIntentOperationService$PersistentTrustedReceiver
04-22 11:35:51.790  1635  2891 D ConnectivityService: NetReassign [no changes]
04-22 11:35:54.658  1635  3042 W ActivityManager: Foreground service started from background can not have location/camera/microphone access: service steptracker.healthandfitness.walkingtracker.pedometer/com.drojian.stepcounter.service.CounterService
04-22 11:35:54.672  1635  3042 W ActivityManager: Foreground service started from background can not have location/camera/microphone access: service steptracker.healthandfitness.walkingtracker.pedometer/com.drojian.stepcounter.service.CounterService
04-22 11:35:54.815  1635  2891 D ConnectivityService: NetReassign [no changes]
04-22 11:35:57.425  1635 12312 W ActivityManager: Foreground service started from background can not have location/camera/microphone access: service steptracker.healthandfitness.walkingtracker.pedometer/com.drojian.stepcounter.service.CounterService
04-22 11:35:57.447  1635  9801 W ActivityManager: Foreground service started from background can not have location/camera/microphone access: service steptracker.healthandfitness.walkingtracker.pedometer/com.drojian.stepcounter.service.CounterService
04-22 11:35:57.838  1635  2891 D ConnectivityService: NetReassign [no changes]
04-22 11:36:09.977  1635  2891 I chatty  : uid=1000(system) ConnectivitySer identical 4 lines
04-22 11:36:13.012  1635  2891 D ConnectivityService: NetReassign [no changes]
04-22 11:36:14.667  1635  1635 D BluetoothManagerService: Bluetooth Adapter name changed to ImpQdkZbye0AAAAAAAAAATE
04-22 11:36:14.668  1635  1635 D BluetoothManagerService: Stored Bluetooth name: ImpQdkZbye0AAAAAAAAAATE
04-22 11:36:14.999  1635  2893 D NsdService: Register service
04-22 11:36:15.000  1635  2893 D NsdService: registerService: 25 name: ImpQdkZbye0AAA, type: _5BC9ED5E6C75._tcp, host: null, port: 38035, txtRecord: n=MQIPv4=192.168.1.17
04-22 11:36:15.000  1635  2893 D NsdService: mdnssd [register, 25, ImpQdkZbye0AAA, _5BC9ED5E6C75._tcp, 38035, BG49TVERSVB2ND0xOTIuMTY4LjEuMTc=]
04-22 11:36:15.002  1635  2893 D NsdService: Register 25 25
04-22 11:36:15.707  1635  2893 D NsdService: Native daemon message SERVICE_REGISTERED: 606 25 "ImpQdkZbye0AAA"
04-22 11:36:15.714  1635  2881 E AppOps  : attributionTag com.google.android.gms.nearby not declared in manifest of com.google.location.nearby.apps.connectedcrossroad
04-22 11:36:16.024  1635  2891 D ConnectivityService: NetReassign [no changes]
04-22 11:36:18.802  1635  3046 I ActivityManager: Killing 16639:com.google.android.apps.authenticator2/u0a257 (adj 999): empty for 1801s
04-22 11:36:19.032  1635  2891 D ConnectivityService: NetReassign [no changes]
04-22 11:36:22.072  1635  2891 D ConnectivityService: NetReassign [no changes]
04-22 11:36:23.492  1635  1775 I ActivityManager: Killing 16672:com.google.android.apps.turbo:aab/u0a157 (adj 999): empty for 1800s
04-22 11:36:25.098  1635  2891 D ConnectivityService: NetReassign [no changes]
04-22 11:36:28.121  1635  2891 I chatty  : uid=1000(system) ConnectivitySer identical 1 line
04-22 11:36:31.141  1635  2891 D ConnectivityService: NetReassign [no changes]
04-22 11:36:31.693  1635  1775 I ActivityManager: Waited long enough for: ServiceRecord{6055319 u0 com.google.android.googlequicksearchbox/com.google.android.apps.gsa.shared.util.keepalive.StandaloneKeepAlive$KeepAliveService}
--------- beginning of main
04-22 11:36:32.117  3258  4164 D GRIL-S  : [6746]< UPDATE_REGULATORY_DOMAIN 
04-22 11:36:32.282  1058  2949 I WifiHAL : event received NL80211_CMD_VENDOR, vendor_id = 0x1374, subcmd = 0xd
04-22 11:36:32.628 21519 21652 D connectedcrossroad: Data collect: SEND
04-22 11:36:33.190  2979  3035 W BluetoothEventManager: AclStateChangedHandler: activeDevice is null
04-22 11:36:33.190  2959  2959 I chatty  : uid=1002(bluetooth) com.android.bluetooth expire 10 lines
04-22 11:36:33.192  3529 21701 I chatty  : uid=10145 com.google.android.gms.persistent expire 69 lines
04-22 11:36:33.200  1661  1661 I GH.WifiBluetoothRcvr: Connection action: android.bluetooth.device.action.ACL_CONNECTED, device 48:7F:DF:24:FB:13
04-22 11:36:33.201  1661  1661 I GH.WifiBluetoothRcvr: Wireless projection is available on this phone.
04-22 11:36:33.233  3529 21565 I chatty  : uid=10145 com.google.android.gms.persistent expire 2 lines
04-22 11:36:33.240 14012 14111 I BistoWorker: bluetoothConnectionStateChanged. Action: android.bluetooth.device.action.ACL_CONNECTED
04-22 11:36:33.244 14012 14111 I DeviceDetector: Not bonded or not refresh cache.
04-22 11:36:33.817  3529  5727 I chatty  : uid=10145(com.google.android.gms) Binder:3529_9 expire 10 lines
04-22 11:36:34.165  1635  2891 D ConnectivityService: NetReassign [no changes]
04-22 11:36:34.287  1058  2949 I WifiHAL : event received NL80211_CMD_VENDOR, vendor_id = 0x1374, subcmd = 0xd
04-22 11:36:34.366  1016  1020 E statsd  : Predicate 5980654721335871649 dropping data for dimension key (10)0x2010101->10145[I] (10)0x30000->CastSocketMultiplexer_WakeLock[S] 
04-22 11:36:34.414  1016  1020 I chatty  : uid=1066(statsd) Binder:1016_2 identical 10 lines
04-22 11:36:34.417  1016  1020 E statsd  : Predicate 5980654721335871649 dropping data for dimension key (10)0x2010101->10145[I] (10)0x30000->CastSocketMultiplexer_WakeLock[S] 
04-22 11:36:34.418  1016  1020 E statsd  : Predicate 5980654721335871649 dropping data for dimension key (10)0x2010101->10145[I] (10)0x30000->CastDeviceController-com.google.android.gms[S] 
04-22 11:36:34.420  1016  1020 E statsd  : Predicate 5980654721335871649 dropping data for dimension key (10)0x2010101->10145[I] (10)0x30000->CastDeviceController-com.google.android.gms[S] 
04-22 11:36:34.444  1047  1286 D VSC     : @ 108504.760: [Significant Motion] Request motion_detect, interval 18446744027136.0 ms, latency 0.0 ms
04-22 11:36:34.444  1047  1286 D VSC     : @ 108504.760: [Significant Motion] Stop accel
04-22 11:36:34.459  1047  1286 D ASH     : @ 108504.776: SensorType 195 resampler quality 2
04-22 11:36:34.633 21519 21652 D connectedcrossroad: Data collect: SEND
04-22 11:36:36.057  3529 21677 I chatty  : uid=10145 com.google.android.gms.persistent expire 41 lines
04-22 11:36:36.061  3529 21678 I chatty  : uid=10145 com.google.android.gms.persistent expire 35 lines
04-22 11:36:36.061 21519 21519 D connectedcrossroad: onEndpointFound: Connection request failure 8012: STATUS_ENDPOINT_IO_ERROR
04-22 11:36:36.065  1635  4599 I WifiService: enableTdls uid=10145 enable=false
04-22 11:36:36.068  1635  3107 I WifiService: enableTdlsWithMacAddress uid=1000 enable=false
04-22 11:36:36.069 21519 21519 I connectedcrossroad: onConnectionResult: Connection successful
04-22 11:36:36.069 21519 21519 D connectedcrossroad: onConnectionResult: Neighbor added: h7vd
04-22 11:36:36.072  3529 21365 I chatty  : uid=10145 com.google.android.gms.persistent expire 31 lines
04-22 11:36:36.086  4451  4451 I chatty  : uid=10324(com.jaga.ibraceletplus.smartwristband3) expire 29 lines
04-22 11:36:36.094  1635  4599 I WifiService: enableTdls uid=10145 enable=true
04-22 11:36:36.096  1635  3107 I WifiService: enableTdlsWithMacAddress uid=1000 enable=true
04-22 11:36:36.115 21519 21519 D connectedcrossroad: onEndpointFound: Connection request failure 8011: STATUS_ENDPOINT_UNKNOWN
04-22 11:36:36.291  1058  2949 I WifiHAL : event received NL80211_CMD_VENDOR, vendor_id = 0x1374, subcmd = 0xd
04-22 11:36:36.637 21519 21652 D connectedcrossroad: Data collect: SEND
04-22 11:36:36.639 21519 21652 D connectedcrossroad: Data collect: SEND
04-22 11:36:37.132  3258  3258 D GRIL-S  : [6747]> UPDATE_REGULATORY_DOMAIN
04-22 11:36:37.127  1057  1057 W radioext@1.0-se: type=1400 audit(0.0:10356): avc: denied { search } for name="radio" dev="dm-8" ino=174 scontext=u:r:hal_radioext_default:s0 tcontext=u:object_r:radio_vendor_data_file:s0 tclass=dir permissive=0
04-22 11:36:37.135  3258  4164 D GRIL-S  : [6747]< UPDATE_REGULATORY_DOMAIN 
04-22 11:36:38.035  3529 21674 I chatty  : uid=10145 com.google.android.gms.persistent expire 1 line
04-22 11:36:38.091  3529 21712 I chatty  : uid=10145 com.google.android.gms.persistent expire 1 line
04-22 11:36:38.294  1058  2949 I WifiHAL : event received NL80211_CMD_VENDOR, vendor_id = 0x1374, subcmd = 0xd
04-22 11:36:38.642 21519 21652 D connectedcrossroad: Data collect: SEND
04-22 11:36:38.643 21519 21652 D connectedcrossroad: Data collect: SEND
04-22 11:36:38.841  3529  3541 I chatty  : uid=10145(com.google.android.gms) HeapTaskDaemon expire 1 line
04-22 11:36:38.898  3529  3543 I chatty  : uid=10145(com.google.android.gms) FinalizerDaemon expire 3 lines
04-22 11:36:39.282  2959  3071 I chatty  : uid=1002(bluetooth) BT Service Call expire 27 lines
04-22 11:36:39.291  2979  3035 D CachedBluetoothDevice: Device name: Ii1HZ2lbye0AAAAAAAAAATU
04-22 11:36:39.296  2959  3401 I chatty  : uid=1002(bluetooth) BondStateMachin expire 10 lines
04-22 11:36:39.298  4561  4561 I GsaVoiceInteractionSrv: O received Intent { act=android.bluetooth.device.action.BOND_STATE_CHANGED flg=0x10 (has extras) }
04-22 11:36:37.180  1635  2891 D ConnectivityService: NetReassign [no changes]
04-22 11:36:39.299  1635  1775 W BroadcastQueue: Background execution not allowed: receiving Intent { act=android.bluetooth.device.action.BOND_STATE_CHANGED flg=0x10 (has extras) } to com.google.android.gms/.chimera.GmsIntentOperationService$PersistentTrustedReceiver
04-22 11:36:39.299  1635  1775 W BroadcastQueue: Background execution not allowed: receiving Intent { act=android.bluetooth.device.action.BOND_STATE_CHANGED flg=0x10 (has extras) } to com.google.android.googlequicksearchbox/com.google.android.apps.gsa.broadcastreceiver.external.ExternalCommonBroadcastReceiver
04-22 11:36:39.304  5356  5356 I chatty  : uid=10324 com.jaga.ibraceletplus.smartwristband3:cactusRemoteService expire 2 lines
04-22 11:36:39.342 14012 14111 I BistoWorker: bluetoothConnectionStateChanged. Action: android.bluetooth.device.action.BOND_STATE_CHANGED
04-22 11:36:39.347 14012 14111 I DeviceDetector: Not bonded or not refresh cache.
04-22 11:36:39.347 14012 14111 I BistoWorker: Not a bisto device: com.google.android.apps.gsa.shared.bisto.h@c28e295
04-22 11:36:40.067  4561  4561 I GsaVoiceInteractionSrv: O received Intent { act=android.bluetooth.device.action.BOND_STATE_CHANGED flg=0x10 (has extras) }
04-22 11:36:40.068  1635  1775 W BroadcastQueue: Background execution not allowed: receiving Intent { act=android.bluetooth.device.action.BOND_STATE_CHANGED flg=0x10 (has extras) } to com.google.android.gms/.chimera.GmsIntentOperationService$PersistentTrustedReceiver
04-22 11:36:40.075  1635  1775 W BroadcastQueue: Background execution not allowed: receiving Intent { act=android.bluetooth.device.action.BOND_STATE_CHANGED flg=0x10 (has extras) } to com.google.android.googlequicksearchbox/com.google.android.apps.gsa.broadcastreceiver.external.ExternalCommonBroadcastReceiver
04-22 11:36:40.086 14012 14111 I BistoWorker: bluetoothConnectionStateChanged. Action: android.bluetooth.device.action.BOND_STATE_CHANGED
04-22 11:36:40.089 14012 14111 I DeviceDetector: Not bonded or not refresh cache.
04-22 11:36:40.093  3529 21715 I chatty  : uid=10145 com.google.android.gms.persistent expire 1 line
04-22 11:36:40.098  2979  3035 W BluetoothEventManager: showUnbondMessage: Not displaying any message for reason: 9
04-22 11:36:40.192  1635  2891 D ConnectivityService: NetReassign [no changes]
04-22 11:36:40.298  1058  2949 I WifiHAL : event received NL80211_CMD_VENDOR, vendor_id = 0x1374, subcmd = 0xd
04-22 11:36:40.306  1635  2884 W NetworkPolicy: shared quota unsupported; generating rule for each iface
04-22 11:36:40.372  1016  1020 E statsd  : Predicate 5980654721335871649 dropping data for dimension key (10)0x2010101->10145[I] (10)0x30000->CastSocketMultiplexer_WakeLock[S] 
04-22 11:36:40.406  1016  1020 E statsd  : Predicate 5980654721335871649 dropping data for dimension key (10)0x2010101->10145[I] (10)0x30000->CastSocketMultiplexer_WakeLock[S] 
04-22 11:36:40.407  1016  1020 E statsd  : Predicate 5980654721335871649 dropping data for dimension key (10)0x2010101->10145[I] (10)0x30000->CastDeviceController-com.google.android.gms[S] 
04-22 11:36:40.409  1016  1020 E statsd  : Predicate 5980654721335871649 dropping data for dimension key (10)0x2010101->10145[I] (10)0x30000->CastDeviceController-com.google.android.gms[S] 
04-22 11:36:40.646 21519 21652 D connectedcrossroad: Data collect: SEND
04-22 11:36:40.647 21519 21652 D connectedcrossroad: Data collect: SEND
04-22 11:36:40.848  3529 21716 I chatty  : uid=10145 com.google.android.gms.persistent expire 1 line
04-22 11:36:41.197  4262  4262 D CounterService: onReceive steptracker.healthandfitness.walkingtracker.pedometer.BROADCAST_NOTIFY_STATUS
04-22 11:36:41.842  2959  3615 I chatty  : uid=1002(bluetooth) bt_main_thread expire 108 lines
04-22 11:36:41.886 21519 21519 D connectedcrossroad: onConnectionInitiated: Accepting connection
04-22 11:36:42.128  3529  4555 I chatty  : uid=10145(com.google.android.gms) Binder:3529_4 expire 5 lines
04-22 11:36:42.137  2979  3035 W BluetoothEventManager: AclStateChangedHandler: activeDevice is null
04-22 11:36:42.160 21519 21519 I connectedcrossroad: onConnectionResult: Connection successful
04-22 11:36:42.160 21519 21519 D connectedcrossroad: onConnectionResult: Neighbor added: Zb_7
04-22 11:36:42.166 14012 14111 I BistoWorker: bluetoothConnectionStateChanged. Action: android.bluetooth.device.action.ACL_DISCONNECTED
04-22 11:36:42.169  3258  3258 D GRIL-S  : [6748]> UPDATE_REGULATORY_DOMAIN
04-22 11:36:42.169 14012 14111 I DeviceDetector: Not bonded or not refresh cache.
04-22 11:36:42.170  3258  4164 D GRIL-S  : [6748]< UPDATE_REGULATORY_DOMAIN 
04-22 11:36:42.163  1057  1057 W radioext@1.0-se: type=1400 audit(0.0:10357): avc: denied { search } for name="radio" dev="dm-8" ino=174 scontext=u:r:hal_radioext_default:s0 tcontext=u:object_r:radio_vendor_data_file:s0 tclass=dir permissive=0
04-22 11:36:42.304  1058  2949 I WifiHAL : event received NL80211_CMD_VENDOR, vendor_id = 0x1374, subcmd = 0xd
04-22 11:36:42.653 21519 21652 D connectedcrossroad: Data collect: SEND
04-22 11:36:42.655 21519 21652 I chatty  : uid=10333(com.google.location.nearby.apps.connectedcrossroad) identical 10 lines
04-22 11:36:42.656 21519 21652 D connectedcrossroad: Data collect: SEND
04-22 11:36:43.219  1635  2891 D ConnectivityService: NetReassign [no changes]
04-22 11:36:43.475  4451 25576 I chatty  : uid=10324(com.jaga.ibraceletplus.smartwristband3) Binder:4451_5 expire 81 lines
04-22 11:36:44.324  1058  2949 I WifiHAL : event received NL80211_CMD_VENDOR, vendor_id = 0x1374, subcmd = 0xd
04-22 11:36:44.658 21519 21652 D connectedcrossroad: Data collect: SEND
04-22 11:36:44.661 21519 21652 D connectedcrossroad: Data collect: SEND
04-22 11:36:45.828 14012 14026 W System  : A resource failed to call close. 
04-22 11:36:45.897 21519 21519 D connectedcrossroad: data collect: burst start
04-22 11:36:45.897 21519 21519 D connectedcrossroad: Data collect: SEND
04-22 11:36:45.899 21519 21519 V data    : Payload RX: 0
04-22 11:36:45.899 21519 21519 V data    : Payload TX: 12
04-22 11:36:45.899 21519 21519 V data    : Total RX: 1224
04-22 11:36:45.899 21519 21519 V data    : Total TX: 12860
04-22 11:36:45.899 21519 21519 D connectedcrossroad: sendMessage: Sent message
04-22 11:36:45.901  1635  3042 I system_server: oneway function results will be dropped but finished with status OK and parcel size 4
04-22 11:36:45.902 14602 14896 D audio_route: Apply path: speaker
04-22 11:36:45.902 14602 14896 D audio_hw_primary: enable_snd_device: snd_device(104: vi-feedback)
04-22 11:36:45.902 14602 14896 D audio_route: Apply path: vi-feedback
04-22 11:36:45.902 14602 14896 E audio_hw_utils: audio_extn_utils_send_app_type_cfg: Failed to derive app_type for uc type : 0x1
04-22 11:36:45.902 14602 14896 D ACDB-LOADER: ACDB -> send_audio_cal, acdb_id = 512, path = 1, app id = 0x11132, sample rate = 48000
04-22 11:36:45.902 14602 14896 D ACDB-LOADER: ACDB -> send_asm_topology
04-22 11:36:45.902 14602 14896 D ACDB-LOADER: ACDB -> ACDB_CMD_GET_AUDPROC_STREAM_TOPOLOGY_ID
04-22 11:36:45.902 14602 14896 D ACDB-LOADER: ACDB -> send_adm_topology
04-22 11:36:45.902 14602 14896 D ACDB-LOADER: ACDB -> ACDB_CMD_GET_AUDPROC_COMMON_TOPOLOGY_ID
04-22 11:36:45.902 14602 14896 D ACDB-LOADER: ACDB -> send_audtable
04-22 11:36:45.902 14602 14896 D ACDB-LOADER: ACDB -> ACDB_CMD_GET_AUDPROC_COMMON_TABLE_SIZE
04-22 11:36:45.902 14602 14896 D ACDB-LOADER: ACDB -> ACDB_CMD_GET_AUDPROC_COMMON_TABLE
04-22 11:36:45.902 14602 14896 D ACDB-LOADER: ACDB -> AUDIO_SET_AUDPROC_CAL
04-22 11:36:45.902 14602 14896 D ACDB-LOADER: ACDB -> send_audvoltable
04-22 11:36:45.902 14602 14896 D ACDB-LOADER: ACDB -> ACDB_CMD_GET_AUDPROC_VOL_STEP_TABLE_SIZE
04-22 11:36:45.902 14602 14896 D ACDB-LOADER: ACDB -> ACDB_CMD_GET_AUDPROC_GAIN_DEP_STEP_TABLE, vol index 0
04-22 11:36:45.902 14602 14896 D android.hardware.audio.service: Failed to fetch the lookup information of the device 00000200 
04-22 11:36:45.902 14602 14896 E ACDB-LOADER: Error: ACDB AudProc vol returned = -19
04-22 11:36:45.902 14602 14896 D ACDB-LOADER: ACDB -> AUDIO_SET_VOL_CAL cal type = 12
04-22 11:36:45.902 14602 14896 D ACDB-LOADER: ACDB -> ACDB_CMD_GET_AUDPROC_STREAM_TABLE_SIZE
04-22 11:36:45.902 14602 14896 D ACDB-LOADER: ACDB -> send_audstrmtable
04-22 11:36:45.902 14602 14896 D ACDB-LOADER: ACDB -> ACDB_CMD_GET_AUDPROC_STREAM_TABLE_V2
04-22 11:36:45.902 14602 14896 D ACDB-LOADER: ACDB -> audstrm_cal->cal_type.cal_data.cal_size = 16
04-22 11:36:45.902 14602 14896 D ACDB-LOADER: ACDB -> send_afe_topology
04-22 11:36:45.902 14602 14896 D ACDB-LOADER: ACDB -> ACDB_CMD_GET_AFE_TOPOLOGY_ID
04-22 11:36:45.902 14602 14896 D ACDB-LOADER: ACDB -> GET_AFE_TOPOLOGY_ID for adcd_id 512, Topology Id 10001ccc
04-22 11:36:45.902 14602 14896 D ACDB-LOADER: ACDB -> send_afe_cal
04-22 11:36:45.902 14602 14896 D ACDB-LOADER: ACDB -> ACDB_CMD_GET_AFE_COMMON_TABLE_SIZE
04-22 11:36:45.902 14602 14896 D ACDB-LOADER: ACDB -> ACDB_CMD_GET_AFE_COMMON_TABLE
04-22 11:36:45.902 14602 14896 D ACDB-LOADER: ACDB -> AUDIO_SET_AFE_CAL
04-22 11:36:45.902 14602 14896 D ACDB-LOADER: ACDB -> send_hw_delay : acdb_id = 512 path = 1
04-22 11:36:45.902 14602 14896 D ACDB-LOADER: ACDB -> ACDB_AVSYNC_INFO: ACDB_CMD_GET_DEVICE_PROPERTY
04-22 11:36:45.902 14602 14896 D audio_hw_primary: enable_audio_route: usecase(25) apply and update mixer path: spkr-vi-record vi-feedback
04-22 11:36:45.902  1635  3042 I system_server: oneway function results will be dropped but finished with status OK and parcel size 4
04-22 11:36:45.902 14602 14896 D audio_route: Apply path: spkr-vi-record vi-feedback
04-22 11:36:45.937 14602 14896 D ACDB-LOADER: ACDB -> send_audio_cal, acdb_id = 513, path = 0, app id = 0x11130, sample rate = 48000
04-22 11:36:45.937 14602 14896 D ACDB-LOADER: ACDB -> send_asm_topology
04-22 11:36:45.937 14602 14896 D ACDB-LOADER: ACDB -> ACDB_CMD_GET_AUDPROC_STREAM_TOPOLOGY_ID
04-22 11:36:45.937 14602 14896 D ACDB-LOADER: ACDB -> send_adm_topology
04-22 11:36:45.937 14602 14896 D ACDB-LOADER: ACDB -> ACDB_CMD_GET_AUDPROC_COMMON_TOPOLOGY_ID
04-22 11:36:45.937 14602 14896 D ACDB-LOADER: ACDB -> send_audtable
04-22 11:36:45.937 14602 14896 D ACDB-LOADER: ACDB -> ACDB_CMD_GET_AUDPROC_COMMON_TABLE_SIZE
04-22 11:36:45.937 14602 14896 D ACDB-LOADER: ACDB -> ACDB_CMD_GET_AUDPROC_COMMON_TABLE
04-22 11:36:45.937 14602 14896 D ACDB-LOADER: ACDB -> AUDIO_SET_AUDPROC_CAL
04-22 11:36:45.937 14602 14896 D ACDB-LOADER: ACDB -> send_audvoltable
04-22 11:36:45.937 14602 14896 D ACDB-LOADER: ACDB -> ACDB_CMD_GET_AUDPROC_VOL_STEP_TABLE_SIZE
04-22 11:36:45.937 14602 14896 D ACDB-LOADER: ACDB -> ACDB_CMD_GET_AUDPROC_GAIN_DEP_STEP_TABLE, vol index 0
04-22 11:36:45.937 14602 14896 D android.hardware.audio.service: Failed to fetch the lookup information of the device 00000201 
04-22 11:36:45.937 14602 14896 E ACDB-LOADER: Error: ACDB AudProc vol returned = -19
04-22 11:36:45.937 14602 14896 D ACDB-LOADER: ACDB -> AUDIO_SET_VOL_CAL cal type = 12
04-22 11:36:45.937 14602 14896 D ACDB-LOADER: ACDB -> ACDB_CMD_GET_AUDPROC_STREAM_TABLE_SIZE
04-22 11:36:45.937 14602 14896 D ACDB-LOADER: ACDB -> send_audstrmtable
04-22 11:36:45.937 14602 14896 D ACDB-LOADER: ACDB -> ACDB_CMD_GET_AUDPROC_STREAM_TABLE_V2
04-22 11:36:45.937 14602 14896 D ACDB-LOADER: ACDB -> audstrm_cal->cal_type.cal_data.cal_size = 488
04-22 11:36:45.937 14602 14896 D ACDB-LOADER: ACDB -> send_afe_topology
04-22 11:36:45.937 14602 14896 D ACDB-LOADER: ACDB -> ACDB_CMD_GET_AFE_TOPOLOGY_ID
04-22 11:36:45.937 14602 14896 D ACDB-LOADER: ACDB -> GET_AFE_TOPOLOGY_ID for adcd_id 513, Topology Id 10000ccc
04-22 11:36:45.937 14602 14896 D ACDB-LOADER: ACDB -> send_afe_cal
04-22 11:36:45.937 14602 14896 D ACDB-LOADER: ACDB -> ACDB_CMD_GET_AFE_COMMON_TABLE_SIZE
04-22 11:36:45.937 14602 14896 D ACDB-LOADER: ACDB -> ACDB_CMD_GET_AFE_COMMON_TABLE
04-22 11:36:45.937 14602 14896 D ACDB-LOADER: ACDB -> AUDIO_SET_AFE_CAL
04-22 11:36:45.937 14602 14896 D ACDB-LOADER: ACDB -> send_hw_delay : acdb_id = 513 path = 0
04-22 11:36:45.937 14602 14896 D ACDB-LOADER: ACDB -> ACDB_AVSYNC_INFO: ACDB_CMD_GET_DEVICE_PROPERTY
04-22 11:36:45.937 14602 14896 D audio_hw_primary: enable_audio_route: usecase(1) apply and update mixer path: low-latency-playback speaker
04-22 11:36:45.937 14602 14896 D audio_route: Apply path: low-latency-playback speaker
04-22 11:36:45.987 14602 14896 D audio_hw_primary: out_write: retry previous failed cal level set
04-22 11:36:46.139 14601 14613 W APM::AudioPolicyEngine: getDevicesForStrategy() unknown strategy: -1
04-22 11:36:46.140  1635  3042 I system_server: oneway function results will be dropped but finished with status OK and parcel size 4
04-22 11:36:46.318  1058  2949 I WifiHAL : event received NL80211_CMD_VENDOR, vendor_id = 0x1374, subcmd = 0xd
04-22 11:36:46.379  1016  1020 E statsd  : Predicate 5980654721335871649 dropping data for dimension key (10)0x2010101->10145[I] (10)0x30000->CastSocketMultiplexer_WakeLock[S] 
04-22 11:36:46.408  1016  1020 E statsd  : Predicate 5980654721335871649 dropping data for dimension key (10)0x2010101->10145[I] (10)0x30000->CastSocketMultiplexer_WakeLock[S] 
04-22 11:36:46.408  1016  1020 E statsd  : Predicate 5980654721335871649 dropping data for dimension key (10)0x2010101->10145[I] (10)0x30000->CastDeviceController-com.google.android.gms[S] 
04-22 11:36:46.411  1016  1020 E statsd  : Predicate 5980654721335871649 dropping data for dimension key (10)0x2010101->10145[I] (10)0x30000->CastDeviceController-com.google.android.gms[S] 
04-22 11:36:46.663 21519 21652 D connectedcrossroad: Data collect: SEND
04-22 11:36:46.666 21519 21652 D connectedcrossroad: Data collect: SEND
04-22 11:36:46.852  2979  3035 D CachedBluetoothDevice: Device name: IlVPTGVbye0AAAAAAAAAATI
04-22 11:36:46.902 21519 21519 D connectedcrossroad: Data collect: SEND
04-22 11:36:46.904 21519 21519 V data    : Payload RX: 0
04-22 11:36:46.904 21519 21519 V data    : Payload TX: 24
04-22 11:36:46.904 21519 21519 V data    : Total RX: 1224
04-22 11:36:46.904 21519 21519 V data    : Total TX: 15316
04-22 11:36:46.904 21519 21519 D connectedcrossroad: sendMessage: Sent message
04-22 11:36:46.969 14012 14111 I BistoWorker: bluetoothConnectionStateChanged. Action: android.bluetooth.device.action.ACL_DISCONNECTED
04-22 11:36:46.990 14012 14111 I DeviceDetector: Not bonded or not refresh cache.
04-22 11:36:46.990 14012 14111 I BistoWorker: Not a bisto device: com.google.android.apps.gsa.shared.bisto.h@b789767
04-22 11:36:47.031  1812 21742 E Spotify : [OkHttp https://spclient.wg.spotify.com/...] Could not retrieve access token for a client_token request: GET https://spclient.wg.spotify.com/external-accessory-categorizer/v1/categorize/Ii1HZ2lbye0AAAAAAAAAATU
04-22 11:36:47.104  1047  1286 I CHRE    : @ 108517.420: [AR] still: 58.431373
04-22 11:36:47.201  3258  3258 D GRIL-S  : [6749]> UPDATE_REGULATORY_DOMAIN
04-22 11:36:47.197  1057  1057 W radioext@1.0-se: type=1400 audit(0.0:10358): avc: denied { search } for name="radio" dev="dm-8" ino=174 scontext=u:r:hal_radioext_default:s0 tcontext=u:object_r:radio_vendor_data_file:s0 tclass=dir permissive=0
04-22 11:36:47.203  3258  4164 D GRIL-S  : [6749]< UPDATE_REGULATORY_DOMAIN 
04-22 11:36:47.838  2979  3035 W BluetoothEventManager: AclStateChangedHandler: activeDevice is null
04-22 11:36:47.907 21519 21519 D connectedcrossroad: Data collect: SEND
04-22 11:36:47.908 21519 21519 V data    : Payload RX: 0
04-22 11:36:47.908 21519 21519 V data    : Payload TX: 36
04-22 11:36:47.908 21519 21519 V data    : Total RX: 1224
04-22 11:36:47.908 21519 21519 V data    : Total TX: 15936
04-22 11:36:47.909 21519 21519 D connectedcrossroad: sendMessage: Sent message
04-22 11:36:48.322  1058  2949 I WifiHAL : event received NL80211_CMD_VENDOR, vendor_id = 0x1374, subcmd = 0xd
04-22 11:36:48.332  3529 21683 I chatty  : uid=10145(com.google.android.gms) lowpool[682] expire 2 lines
04-22 11:36:48.369  3529 21682 I chatty  : uid=10145(com.google.android.gms) lowpool[681] expire 2 lines
04-22 11:36:48.668 21519 21652 D connectedcrossroad: Data collect: SEND
04-22 11:36:48.671 21519 21652 D connectedcrossroad: Data collect: SEND
04-22 11:36:48.673  3529 21677 I chatty  : uid=10145 com.google.android.gms.persistent expire 102 lines
04-22 11:36:48.683  3529 21701 I chatty  : uid=10145 com.google.android.gms.persistent expire 45 lines
04-22 11:36:48.683  3529 21365 I chatty  : uid=10145 com.google.android.gms.persistent expire 101 lines
04-22 11:36:48.911 21519 21519 D connectedcrossroad: Data collect: SEND
04-22 11:36:48.913 21519 21519 V data    : Payload RX: 0
04-22 11:36:48.913 21519 21519 V data    : Payload TX: 48
04-22 11:36:48.913 21519 21519 V data    : Total RX: 1224
04-22 11:36:48.913 21519 21519 V data    : Total TX: 18392
04-22 11:36:48.913 21519 21519 D connectedcrossroad: sendMessage: Sent message
04-22 11:36:49.180 14602 14606 D audio_hw_primary: disable_audio_route: usecase(1) reset and update mixer path: low-latency-playback speaker
04-22 11:36:49.183 14602 14606 I audio_hw_cirrus_playback: audio_extn_spkr_prot_stop_processing: pcm_tx_close
04-22 11:36:49.193 14602 14606 D audio_hw_primary: disable_audio_route: usecase(25) reset and update mixer path: spkr-vi-record vi-feedback
04-22 11:36:49.193 14602 14606 D audio_hw_primary: disable_snd_device: snd_device(104: vi-feedback)
04-22 11:36:49.197  1635  3046 I system_server: oneway function results will be dropped but finished with status OK and parcel size 4
04-22 11:36:49.916 21519 21519 D connectedcrossroad: Data collect: SEND
04-22 11:36:49.918 21519 21519 V data    : Payload RX: 0
04-22 11:36:49.918 21519 21519 V data    : Payload TX: 60
04-22 11:36:49.918 21519 21519 V data    : Total RX: 1224
04-22 11:36:49.918 21519 21519 V data    : Total TX: 19012
04-22 11:36:49.918 21519 21519 D connectedcrossroad: sendMessage: Sent message
04-22 11:36:50.326  1058  2949 I WifiHAL : event received NL80211_CMD_VENDOR, vendor_id = 0x1374, subcmd = 0xd
04-22 11:36:50.400  2959  3071 I chatty  : uid=1002(bluetooth) BT Service Call expire 24 lines
04-22 11:36:50.673 21519 21652 D connectedcrossroad: Data collect: SEND
04-22 11:36:50.676 21519 21652 D connectedcrossroad: Data collect: SEND
04-22 11:36:50.921 21519 21519 D connectedcrossroad: Data collect: SEND
04-22 11:36:50.923 21519 21519 V data    : Payload RX: 0
04-22 11:36:50.923 21519 21519 V data    : Payload TX: 72
04-22 11:36:50.923 21519 21519 V data    : Total RX: 1224
04-22 11:36:50.923 21519 21519 V data    : Total TX: 21468
04-22 11:36:50.923 21519 21519 D connectedcrossroad: sendMessage: Sent message
04-22 11:36:51.107  4451  4451 I chatty  : uid=10324(com.jaga.ibraceletplus.smartwristband3) expire 63 lines
04-22 11:36:51.925 21519 21519 D connectedcrossroad: Data collect: SEND
04-22 11:36:51.927 21519 21519 V data    : Payload RX: 0
04-22 11:36:51.927 21519 21519 V data    : Payload TX: 84
04-22 11:36:51.927 21519 21519 V data    : Total RX: 1224
04-22 11:36:51.927 21519 21519 V data    : Total TX: 22088
04-22 11:36:51.927 21519 21519 D connectedcrossroad: sendMessage: Sent message
04-22 11:36:52.094 14012 14111 I BistoWorker: bluetoothConnectionStateChanged. Action: android.bluetooth.device.action.ACL_DISCONNECTED
04-22 11:36:52.099 14012 14111 I DeviceDetector: Not bonded or not refresh cache.
04-22 11:36:52.244  3258  3258 D GRIL-S  : [6750]> UPDATE_REGULATORY_DOMAIN
04-22 11:36:52.240  1057  1057 W radioext@1.0-se: type=1400 audit(0.0:10359): avc: denied { search } for name="radio" dev="dm-8" ino=174 scontext=u:r:hal_radioext_default:s0 tcontext=u:object_r:radio_vendor_data_file:s0 tclass=dir permissive=0
04-22 11:36:52.247  3258  4164 D GRIL-S  : [6750]< UPDATE_REGULATORY_DOMAIN 
04-22 11:36:52.330  1058  2949 I WifiHAL : event received NL80211_CMD_VENDOR, vendor_id = 0x1374, subcmd = 0xd
04-22 11:36:52.388  1016  1020 E statsd  : Predicate 5980654721335871649 dropping data for dimension key (10)0x2010101->10145[I] (10)0x30000->CastSocketMultiplexer_WakeLock[S] 
04-22 11:36:52.391  1016  1020 E statsd  : Predicate 5980654721335871649 dropping data for dimension key (10)0x2010101->10145[I] (10)0x30000->CastSocketMultiplexer_WakeLock[S] 
04-22 11:36:52.477  1016  1020 E statsd  : Predicate 5980654721335871649 dropping data for dimension key (10)0x2010101->10145[I] (10)0x30000->CastSocketMultiplexer_WakeLock[S] 
04-22 11:36:52.481  1016  1020 E statsd  : Predicate 5980654721335871649 dropping data for dimension key (10)0x2010101->10145[I] (10)0x30000->CastSocketMultiplexer_WakeLock[S] 
04-22 11:36:52.482  1016  1020 E statsd  : Predicate 5980654721335871649 dropping data for dimension key (10)0x2010101->10145[I] (10)0x30000->CastDeviceController-com.google.android.gms[S] 
04-22 11:36:52.485  1016  1020 E statsd  : Predicate 5980654721335871649 dropping data for dimension key (10)0x2010101->10145[I] (10)0x30000->CastDeviceController-com.google.android.gms[S] 
04-22 11:36:52.678 21519 21652 D connectedcrossroad: Data collect: SEND
04-22 11:36:52.680 21519 21652 D connectedcrossroad: Data collect: SEND
04-22 11:36:52.928 21519 21519 D connectedcrossroad: Data collect: SEND
04-22 11:36:52.930 21519 21519 V data    : Payload RX: 0
04-22 11:36:52.930 21519 21519 V data    : Payload TX: 96
04-22 11:36:52.930 21519 21519 V data    : Total RX: 1224
04-22 11:36:52.930 21519 21519 V data    : Total TX: 24544
04-22 11:36:52.930 21519 21519 D connectedcrossroad: sendMessage: Sent message
04-22 11:36:53.936 21519 21519 D connectedcrossroad: Data collect: SEND
04-22 11:36:53.938 21519 21519 V data    : Payload RX: 0
04-22 11:36:53.938 21519 21519 V data    : Payload TX: 108
04-22 11:36:53.938 21519 21519 V data    : Total RX: 1224
04-22 11:36:53.938 21519 21519 V data    : Total TX: 25164
04-22 11:36:53.938 21519 21519 D connectedcrossroad: sendMessage: Sent message
04-22 11:36:54.338  1058  2949 I WifiHAL : event received NL80211_CMD_VENDOR, vendor_id = 0x1374, subcmd = 0xd
04-22 11:36:54.683 21519 21652 D connectedcrossroad: Data collect: SEND
04-22 11:36:54.685 21519 21652 D connectedcrossroad: Data collect: SEND
04-22 11:36:54.940 21519 21519 D connectedcrossroad: Data collect: SEND
04-22 11:36:54.942 21519 21519 V data    : Payload RX: 0
04-22 11:36:54.942 21519 21519 V data    : Payload TX: 120
04-22 11:36:54.942 21519 21519 V data    : Total RX: 1224
04-22 11:36:54.942 21519 21519 V data    : Total TX: 27620
04-22 11:36:54.943 21519 21519 D connectedcrossroad: sendMessage: Sent message
04-22 11:36:55.421  2959  3615 I chatty  : uid=1002(bluetooth) bt_main_thread expire 103 lines
04-22 11:36:55.945 21519 21519 D connectedcrossroad: Data collect: SEND
04-22 11:36:55.947 21519 21519 V data    : Payload RX: 0
04-22 11:36:55.947 21519 21519 V data    : Payload TX: 132
04-22 11:36:55.947 21519 21519 V data    : Total RX: 1224
04-22 11:36:55.947 21519 21519 V data    : Total TX: 28240
04-22 11:36:55.947 21519 21519 D connectedcrossroad: sendMessage: Sent message
04-22 11:36:56.055  4561  4561 D BluetoothA2dp: Binding service...
04-22 11:36:56.069  4561  4561 I BistoRealService: onStartCommand: 0 1 Intent { act=com.google.android.apps.gsa.broadcastreceiver.SETTINGS_CHANGED cmp=com.google.android.googlequicksearchbox/com.google.android.apps.gsa.staticplugins.bisto.BistoRealService (has extras) }
04-22 11:36:56.078  4561  4561 I BistoRealService: Intent handled internally
04-22 11:36:56.079  4561  4561 D BluetoothA2dp: Proxy object connected
04-22 11:36:56.347  1058  2949 I WifiHAL : event received NL80211_CMD_VENDOR, vendor_id = 0x1374, subcmd = 0xd
04-22 11:36:56.688 21519 21652 D connectedcrossroad: Data collect: SEND
04-22 11:36:56.690 21519 21652 D connectedcrossroad: Data collect: SEND
04-22 11:36:56.951 21519 21519 D connectedcrossroad: Data collect: SEND
04-22 11:36:56.953 21519 21519 V data    : Payload RX: 0
04-22 11:36:56.953 21519 21519 V data    : Payload TX: 144
04-22 11:36:56.953 21519 21519 V data    : Total RX: 1224
04-22 11:36:56.953 21519 21519 V data    : Total TX: 30696
04-22 11:36:56.954 21519 21519 D connectedcrossroad: sendMessage: Sent message
04-22 11:36:57.280  1057  1057 W radioext@1.0-se: type=1400 audit(0.0:10360): avc: denied { search } for name="radio" dev="dm-8" ino=174 scontext=u:r:hal_radioext_default:s0 tcontext=u:object_r:radio_vendor_data_file:s0 tclass=dir permissive=0
04-22 11:36:57.284  3258  3258 D GRIL-S  : [6751]> UPDATE_REGULATORY_DOMAIN
04-22 11:36:57.286  3258  4164 D GRIL-S  : [6751]< UPDATE_REGULATORY_DOMAIN 
04-22 11:36:57.956 21519 21519 D connectedcrossroad: Data collect: SEND
04-22 11:36:57.958 21519 21519 V data    : Payload RX: 0
04-22 11:36:57.958 21519 21519 V data    : Payload TX: 156
04-22 11:36:57.958 21519 21519 V data    : Total RX: 1224
04-22 11:36:57.958 21519 21519 V data    : Total TX: 31316
04-22 11:36:57.958 21519 21519 D connectedcrossroad: sendMessage: Sent message
04-22 11:36:58.342  1058  2949 I WifiHAL : event received NL80211_CMD_VENDOR, vendor_id = 0x1374, subcmd = 0xd
04-22 11:36:58.401  1016  1020 E statsd  : Predicate 5980654721335871649 dropping data for dimension key (10)0x2010101->10145[I] (10)0x30000->CastSocketMultiplexer_WakeLock[S] 
04-22 11:36:58.404  1016  1020 E statsd  : Predicate 5980654721335871649 dropping data for dimension key (10)0x2010101->10145[I] (10)0x30000->CastSocketMultiplexer_WakeLock[S] 
04-22 11:36:58.468  1016  1020 E statsd  : Predicate 5980654721335871649 dropping data for dimension key (10)0x2010101->10145[I] (10)0x30000->CastSocketMultiplexer_WakeLock[S] 
04-22 11:36:58.472  1016  1020 E statsd  : Predicate 5980654721335871649 dropping data for dimension key (10)0x2010101->10145[I] (10)0x30000->CastSocketMultiplexer_WakeLock[S] 
04-22 11:36:58.473  1016  1020 E statsd  : Predicate 5980654721335871649 dropping data for dimension key (10)0x2010101->10145[I] (10)0x30000->CastDeviceController-com.google.android.gms[S] 
04-22 11:36:58.476  1016  1020 E statsd  : Predicate 5980654721335871649 dropping data for dimension key (10)0x2010101->10145[I] (10)0x30000->CastDeviceController-com.google.android.gms[S] 
04-22 11:36:58.693 21519 21652 D connectedcrossroad: Data collect: SEND
04-22 11:36:58.696 21519 21652 D connectedcrossroad: Data collect: SEND
04-22 11:36:58.708  3529 21760 I chatty  : uid=10145 com.google.android.gms.persistent expire 5 lines
04-22 11:36:58.960 21519 21519 D connectedcrossroad: data collect: burst end
04-22 11:36:58.964 21519 21519 I Choreographer: Skipped 783 frames!  The application may be doing too much work on its main thread.
04-22 11:36:58.974 21519 21559 I OpenGLRenderer: Davey! duration=13064ms; Flags=0, IntendedVsync=42575469881177, Vsync=42588519880655, OldestInputEvent=9223372036854775807, NewestInputEvent=0, HandleInputStart=42588526676884, AnimationStart=42588526690947, PerformTraversalsStart=42588527196832, DrawStart=42588528120166, SyncQueued=42588530224853, SyncStart=42588531673083, IssueDrawCommandsStart=42588531900166, SwapBuffers=42588534841052, FrameCompleted=42588536277406, DequeueBufferDuration=404895, QueueBufferDuration=707813, GpuCompleted=42544940424730, 
04-22 11:36:58.976 21519 21657 V connectedcrossroad: Data collect: HELO
04-22 11:36:58.976 21519 21657 V data    : Payload RX: 0
04-22 11:36:58.977 21519 21657 V data    : Payload TX: 156
04-22 11:36:58.977 21519 21657 V data    : Total RX: 2448
04-22 11:36:58.977 21519 21657 V data    : Total TX: 33152
04-22 11:36:58.979 21519 21657 V connectedcrossroad: Data collect: HELO
04-22 11:36:58.979  2959  2975 I chatty  : uid=1002(bluetooth) Binder:2959_1 expire 3 lines
04-22 11:36:58.979 21519 21657 V data    : Payload RX: 0
04-22 11:36:58.980 21519 21657 V data    : Payload TX: 156
04-22 11:36:58.980 21519 21657 V data    : Total RX: 3060
04-22 11:36:58.981 21519 21657 V data    : Total TX: 33152
04-22 11:36:58.982 21519 21657 V connectedcrossroad: Data collect: HELO
04-22 11:36:58.982 21519 21657 V data    : Payload RX: 0
04-22 11:36:58.982 21519 21657 V data    : Payload TX: 156
04-22 11:36:58.982 21519 21657 V data    : Total RX: 3672
04-22 11:36:58.982 21519 21657 V data    : Total TX: 33152
04-22 11:36:58.986 21519 21657 V connectedcrossroad: Data collect: HELO
04-22 11:36:58.986 21519 21657 V data    : Payload RX: 0
04-22 11:36:58.986 21519 21657 V data    : Payload TX: 156
04-22 11:36:58.986 21519 21657 V data    : Total RX: 4284
04-22 11:36:58.986 21519 21657 V data    : Total TX: 33152
04-22 11:36:58.989 21519 21657 V connectedcrossroad: Data collect: HELO
04-22 11:36:58.989 21519 21657 V data    : Payload RX: 0
04-22 11:36:58.989 21519 21657 V data    : Payload TX: 156
04-22 11:36:58.989 21519 21657 V data    : Total RX: 4896
04-22 11:36:58.989 21519 21657 V data    : Total TX: 33152
04-22 11:36:58.992 21519 21657 V connectedcrossroad: Data collect: HELO
04-22 11:36:58.992 21519 21657 V data    : Payload RX: 0
04-22 11:36:58.992 21519 21657 V data    : Payload TX: 156
04-22 11:36:58.992 21519 21657 V data    : Total RX: 5508
04-22 11:36:58.992 21519 21657 V data    : Total TX: 33152
04-22 11:36:58.994 21519 21657 V connectedcrossroad: Data collect: HELO
04-22 11:36:58.995 21519 21657 V data    : Payload RX: 0
04-22 11:36:58.995 21519 21657 V data    : Payload TX: 156
04-22 11:36:58.995 21519 21657 V data    : Total RX: 6120
04-22 11:36:58.995 21519 21657 V data    : Total TX: 33152
04-22 11:36:58.997 21519 21657 V connectedcrossroad: Data collect: HELO
04-22 11:36:58.997 21519 21657 V data    : Payload RX: 0
04-22 11:36:58.997 21519 21657 V data    : Payload TX: 156
04-22 11:36:58.997 21519 21657 V data    : Total RX: 6732
04-22 11:36:58.997 21519 21657 V data    : Total TX: 33152
04-22 11:36:58.999 21519 21657 V connectedcrossroad: Data collect: HELO
04-22 11:36:58.999 21519 21657 V data    : Payload RX: 0
04-22 11:36:58.999 21519 21657 V data    : Payload TX: 156
04-22 11:36:58.999 21519 21657 V data    : Total RX: 7344
04-22 11:36:58.999 21519 21657 V data    : Total TX: 33152
04-22 11:36:59.001 21519 21657 V connectedcrossroad: Data collect: HELO
04-22 11:36:59.001 21519 21657 V data    : Payload RX: 0
04-22 11:36:59.001 21519 21657 V data    : Payload TX: 156
04-22 11:36:59.001 21519 21657 V data    : Total RX: 7956
04-22 11:36:59.001 21519 21657 V data    : Total TX: 33152
04-22 11:36:59.003 21519 21657 V connectedcrossroad: Data collect: HELO
04-22 11:36:59.003 21519 21657 V data    : Payload RX: 0
04-22 11:36:59.003 21519 21657 V data    : Payload TX: 156
04-22 11:36:59.003 21519 21657 V data    : Total RX: 8568
04-22 11:36:59.003 21519 21657 V data    : Total TX: 33152
04-22 11:36:59.005 21519 21657 V connectedcrossroad: Data collect: HELO
04-22 11:36:59.005 21519 21657 V data    : Payload RX: 0
04-22 11:36:59.005 21519 21657 V data    : Payload TX: 156
04-22 11:36:59.005 21519 21657 V data    : Total RX: 9180
04-22 11:36:59.005 21519 21657 V data    : Total TX: 33152
04-22 11:36:59.007 21519 21657 V connectedcrossroad: Data collect: RREQ
04-22 11:36:59.007 21519 21657 D connectedcrossroad: handleRREQ: rebroadcasting RREQ for: 3
04-22 11:36:59.007 21519 21657 D connectedcrossroad: Data collect: SEND
04-22 11:36:59.009 21519 21657 I chatty  : uid=10333(com.google.location.nearby.apps.connectedcrossroad) identical 4 lines
04-22 11:36:59.010 21519 21657 D connectedcrossroad: Data collect: SEND
04-22 11:36:59.011 21519 21657 V data    : Payload RX: 0
04-22 11:36:59.011 21519 21657 V data    : Payload TX: 156
04-22 11:36:59.011 21519 21657 V data    : Total RX: 11016
04-22 11:36:59.011 21519 21657 V data    : Total TX: 35006
04-22 11:36:59.011 21519 21657 V connectedcrossroad: Data collect: HELO
04-22 11:36:59.011 21519 21657 V data    : Payload RX: 0
04-22 11:36:59.011 21519 21657 V data    : Payload TX: 156
04-22 11:36:59.011 21519 21657 V data    : Total RX: 11016
04-22 11:36:59.011 21519 21657 V data    : Total TX: 35006
04-22 11:36:59.011 21519 21657 V connectedcrossroad: Data collect: RREQ
04-22 11:36:59.012 21519 21657 D connectedcrossroad: handleRREQ: rebroadcasting RREQ for: 3
04-22 11:36:59.013 21519 21657 D connectedcrossroad: Data collect: SEND
04-22 11:36:59.015 21519 21657 D connectedcrossroad: Data collect: SEND
04-22 11:36:59.016 21519 21657 V data    : Payload RX: 0
04-22 11:36:59.016 21519 21657 V data    : Payload TX: 156
04-22 11:36:59.016 21519 21657 V data    : Total RX: 12852
04-22 11:36:59.016 21519 21657 V data    : Total TX: 36860
04-22 11:36:59.016 21519 21657 V connectedcrossroad: Data collect: RREQ
04-22 11:36:59.017 21519 21657 D connectedcrossroad: handleRREQ: rebroadcasting RREQ for: 3
04-22 11:36:59.017 21519 21657 D connectedcrossroad: Data collect: SEND
04-22 11:36:59.018 21519 21657 D connectedcrossroad: Data collect: SEND
04-22 11:36:59.019 21519 21657 D connectedcrossroad: Data collect: SEND
04-22 11:36:59.020 21519 21657 V data    : Payload RX: 0
04-22 11:36:59.020 21519 21657 V data    : Payload TX: 156
04-22 11:36:59.020 21519 21657 V data    : Total RX: 15300
04-22 11:36:59.020 21519 21657 V data    : Total TX: 38714
04-22 11:36:59.020 21519 21657 V connectedcrossroad: Data collect: HELO
04-22 11:36:59.020 21519 21657 V data    : Payload RX: 0
04-22 11:36:59.021 21519 21657 V data    : Payload TX: 156
04-22 11:36:59.021 21519 21657 V data    : Total RX: 15912
04-22 11:36:59.021 21519 21657 V data    : Total TX: 38714
04-22 11:36:59.021 21519 21657 V connectedcrossroad: Data collect: RREQ
04-22 11:36:59.021 21519 21657 D connectedcrossroad: handleRREQ: rebroadcasting RREQ for: 3
04-22 11:36:59.021 21519 21657 D connectedcrossroad: Data collect: SEND
04-22 11:36:59.023 21519 21657 D connectedcrossroad: Data collect: SEND
04-22 11:36:59.024 21519 21657 V data    : Payload RX: 0
04-22 11:36:59.024 21519 21657 V data    : Payload TX: 156
04-22 11:36:59.024 21519 21657 V data    : Total RX: 17748
04-22 11:36:59.024 21519 21657 V data    : Total TX: 40568
04-22 11:36:59.024 21519 21657 V connectedcrossroad: Data collect: RREQ
04-22 11:36:59.024 21519 21657 D connectedcrossroad: handleRREQ: rebroadcasting RREQ for: 3
04-22 11:36:59.025 21519 21657 D connectedcrossroad: Data collect: SEND
04-22 11:36:59.026 21519 21657 D connectedcrossroad: Data collect: SEND
04-22 11:36:59.026 21519 21657 D connectedcrossroad: Data collect: SEND
04-22 11:36:59.027 21519 21657 V data    : Payload RX: 0
04-22 11:36:59.027 21519 21657 V data    : Payload TX: 156
04-22 11:36:59.027 21519 21657 V data    : Total RX: 20196
04-22 11:36:59.027 21519 21657 V data    : Total TX: 42422
04-22 11:36:59.027 21519 21657 V connectedcrossroad: Data collect: HELO
04-22 11:36:59.027 21519 21657 V data    : Payload RX: 0
04-22 11:36:59.027 21519 21657 V data    : Payload TX: 156
04-22 11:36:59.027 21519 21657 V data    : Total RX: 20196
04-22 11:36:59.027 21519 21657 V data    : Total TX: 42422
04-22 11:36:59.028 21519 21657 V connectedcrossroad: Data collect: RREQ
04-22 11:36:59.028 21519 21657 D connectedcrossroad: handleRREQ: rebroadcasting RREQ for: 3
04-22 11:36:59.030 21519 21657 D connectedcrossroad: Data collect: SEND
04-22 11:36:59.031 21519 21657 D connectedcrossroad: Data collect: SEND
04-22 11:36:59.032 21519 21657 D connectedcrossroad: Data collect: SEND
04-22 11:36:59.033 21519 21657 V data    : Payload RX: 0
04-22 11:36:59.033 21519 21657 V data    : Payload TX: 156
04-22 11:36:59.033 21519 21657 V data    : Total RX: 20196
04-22 11:36:59.033 21519 21657 V data    : Total TX: 44276
04-22 11:36:59.033 21519 21657 V connectedcrossroad: Data collect: RREQ
04-22 11:36:59.033 21519 21657 D connectedcrossroad: handleRREQ: rebroadcasting RREQ for: 3
04-22 11:36:59.034 21519 21657 D connectedcrossroad: Data collect: SEND
04-22 11:36:59.035 21519 21657 D connectedcrossroad: Data collect: SEND
04-22 11:36:59.035 21519 21657 D connectedcrossroad: Data collect: SEND
04-22 11:36:59.037 21519 21657 V data    : Payload RX: 0
04-22 11:36:59.037 21519 21657 V data    : Payload TX: 156
04-22 11:36:59.037 21519 21657 V data    : Total RX: 20196
04-22 11:36:59.037 21519 21657 V data    : Total TX: 46130
04-22 11:36:59.037 21519 21657 V connectedcrossroad: Data collect: HELO
04-22 11:36:59.037 21519 21657 V data    : Payload RX: 0
04-22 11:36:59.037 21519 21657 V data    : Payload TX: 156
04-22 11:36:59.037 21519 21657 V data    : Total RX: 20196
04-22 11:36:59.037 21519 21657 V data    : Total TX: 46130
04-22 11:36:59.037 21519 21657 V connectedcrossroad: Data collect: RREQ
04-22 11:36:59.037 21519 21657 D connectedcrossroad: handleRREQ: rebroadcasting RREQ for: 3
04-22 11:36:59.038 21519 21657 D connectedcrossroad: Data collect: SEND
04-22 11:36:59.039 21519 21657 D connectedcrossroad: Data collect: SEND
04-22 11:36:59.039 21519 21657 D connectedcrossroad: Data collect: SEND
04-22 11:36:59.041 21519 21657 V data    : Payload RX: 0
04-22 11:36:59.041 21519 21657 V data    : Payload TX: 156
04-22 11:36:59.041 21519 21657 V data    : Total RX: 20196
04-22 11:36:59.041 21519 21657 V data    : Total TX: 47984
04-22 11:36:59.041 21519 21657 V connectedcrossroad: Data collect: RREQ
04-22 11:36:59.041 21519 21657 D connectedcrossroad: handleRREQ: rebroadcasting RREQ for: 3
04-22 11:36:59.042 21519 21657 D connectedcrossroad: Data collect: SEND
04-22 11:36:59.042 21519 21657 D connectedcrossroad: Data collect: SEND
04-22 11:36:59.043 21519 21657 D connectedcrossroad: Data collect: SEND
04-22 11:36:59.043 21519 21657 V data    : Payload RX: 0
04-22 11:36:59.043 21519 21657 V data    : Payload TX: 156
04-22 11:36:59.043 21519 21657 V data    : Total RX: 20196
04-22 11:36:59.043 21519 21657 V data    : Total TX: 49838
04-22 11:36:59.043 21519 21657 V connectedcrossroad: Data collect: HELO
04-22 11:36:59.043 21519 21657 V data    : Payload RX: 0
04-22 11:36:59.043 21519 21657 V data    : Payload TX: 156
04-22 11:36:59.043 21519 21657 V data    : Total RX: 20196
04-22 11:36:59.043 21519 21657 V data    : Total TX: 49838
04-22 11:36:59.043 21519 21657 V connectedcrossroad: Data collect: RREQ
04-22 11:36:59.043 21519 21657 D connectedcrossroad: handleRREQ: rebroadcasting RREQ for: 3
04-22 11:36:59.044 21519 21657 D connectedcrossroad: Data collect: SEND
04-22 11:36:59.044  3529 21763 I chatty  : uid=10145 com.google.android.gms.persistent expire 6 lines
