04-22 11:04:06.051  1635  2891 I chatty  : uid=1000(system) ConnectivitySer expire 22 lines
04-22 11:04:06.238  1635  2881 I chatty  : uid=1000(system) Binder:1635_3 expire 9 lines
04-22 11:04:22.323  1635  2893 I chatty  : uid=1000(system) NsdService expire 12 lines
04-22 11:04:34.121  1635  8772 I chatty  : uid=1000(system) Binder:1635_17 expire 4 lines
04-22 11:04:59.666  1635  3038 I chatty  : uid=1000(system) Binder:1635_4 expire 1 line
04-22 11:04:59.682  1635  1756 I chatty  : uid=1000(system) android.display expire 2 lines
04-22 11:05:00.646  1635  1712 I chatty  : uid=1000(system) Binder:1635_1 expire 2 lines
04-22 11:05:06.461  1635  1776 I chatty  : uid=1000(system) ActivityManager expire 12 lines
04-22 11:05:06.537  1635  4930 I chatty  : uid=1000(system) Binder:1635_14 expire 1 line
04-22 11:05:09.397  1635  2895 I chatty  : uid=1000(system) ranker expire 1 line
04-22 11:05:09.661 16353 16353 D ActivityThread: Loading provider contacts;com.android.contacts: com.android.providers.contacts.ContactsProvider2
04-22 11:05:12.537  1635  2891 I chatty  : uid=1000(system) ConnectivitySer expire 24 lines
04-22 11:05:23.694  1635  1775 I chatty  : uid=1000(system) ActivityManager expire 34 lines
04-22 11:05:42.724  1635  1878 I chatty  : uid=1000(system) PackageManager expire 4 lines
04-22 11:05:43.048  1635  3048 I chatty  : uid=1000(system) Binder:1635_C expire 1 line
04-22 11:05:43.108  1635  1635 I chatty  : uid=1000 system_server expire 12 lines
04-22 11:05:45.992  1635  9377 I chatty  : uid=1000(system) Binder:1635_1B expire 2 lines
04-22 11:05:46.092  1635  3044 I chatty  : uid=1000(system) Binder:1635_8 expire 1 line
04-22 11:05:57.059  1635  3045 I chatty  : uid=1000(system) Binder:1635_9 expire 2 lines
04-22 11:06:25.103  1635  2891 D ConnectivityService: NetReassign [no changes]
04-22 11:06:58.365  1635  2891 I chatty  : uid=1000(system) ConnectivitySer identical 11 lines
04-22 11:07:01.384  1635  2891 D ConnectivityService: NetReassign [no changes]
04-22 11:07:03.473  1635  2884 W NetworkPolicy: shared quota unsupported; generating rule for each iface
04-22 11:07:04.409  1635  2891 D ConnectivityService: NetReassign [no changes]
04-22 11:08:26.101  1635  2891 I chatty  : uid=1000(system) ConnectivitySer identical 27 lines
04-22 11:08:29.124  1635  2891 D ConnectivityService: NetReassign [no changes]
04-22 11:08:32.151  1635  1775 W BroadcastQueue: Background execution not allowed: receiving Intent { act=android.net.wifi.RSSI_CHANGED flg=0x4000010 (has extras) } to com.jaga.ibraceletplus.smartwristband3/com.yc.pedometer.remind.GloryFitBootReceiver
04-22 11:08:32.167  1635  2891 D ConnectivityService: NetReassign [no changes]
04-22 11:08:35.179  1635  1775 W BroadcastQueue: Background execution not allowed: receiving Intent { act=android.net.wifi.RSSI_CHANGED flg=0x4000010 (has extras) } to com.jaga.ibraceletplus.smartwristband3/com.yc.pedometer.remind.GloryFitBootReceiver
04-22 11:08:35.199  1635  2891 D ConnectivityService: NetReassign [no changes]
04-22 11:08:38.207  1635  2891 D ConnectivityService: NetReassign [no changes]
04-22 11:08:40.994  1635  1771 I UsageStatsService: User[0] Flushing usage stats to disk
04-22 11:08:41.232  1635  2891 D ConnectivityService: NetReassign [no changes]
04-22 11:08:47.289  1635  2891 I chatty  : uid=1000(system) ConnectivitySer identical 2 lines
04-22 11:08:50.310  1635  2891 D ConnectivityService: NetReassign [no changes]
04-22 11:08:50.587  1635  9377 I ActivityManager: Force stopping com.google.location.nearby.apps.connectedcrossroad appid=10333 user=0: from pid 16888
04-22 11:08:50.588  1635  9377 I ActivityManager: Killing 16485:com.google.location.nearby.apps.connectedcrossroad/u0a333 (adj 0): stop com.google.location.nearby.apps.connectedcrossroad due to from pid 16888
04-22 11:08:50.591  1635  9377 W ActivityTaskManager: Force removing ActivityRecord{7d318e7 u0 com.google.location.nearby.apps.connectedcrossroad/nx.aodv.eval.MainActivity t8093 f}}: app died, no saved state
04-22 11:08:50.626  1635  1775 W BroadcastQueue: Background execution not allowed: receiving Intent { act=android.intent.action.PACKAGE_RESTARTED dat=package:com.google.location.nearby.apps.connectedcrossroad flg=0x10 (has extras) } to steptracker.healthandfitness.walkingtracker.pedometer/com.drojian.stepcounter.receiver.PedometerReceiver
04-22 11:08:50.626  1635  1775 W BroadcastQueue: Background execution not allowed: receiving Intent { act=android.intent.action.PACKAGE_RESTARTED dat=package:com.google.location.nearby.apps.connectedcrossroad flg=0x10 (has extras) } to steptracker.healthandfitness.walkingtracker.pedometer/com.drojian.servicekeeper.receiver.BootReceiver
04-22 11:08:50.660  1635  3044 D AutofillSession: handling death of Token{b8b86a6 ActivityRecord{7d318e7 u0 com.google.location.nearby.apps.connectedcrossroad/nx.aodv.eval.MainActivity t-1 f}}} when saving=false
04-22 11:08:50.666  1635  1756 W ActivityManager: setHasOverlayUi called on unknown pid: 16485
04-22 11:08:52.722  1635  2893 D NsdService: unregister service
04-22 11:08:52.723  1635  2893 D NsdService: mdnssd [stop-register, 15]
04-22 11:08:52.724  1635  1635 D BluetoothManagerService: Bluetooth Adapter name changed to Pixel 3a XL
04-22 11:08:52.725  1635  1635 D BluetoothManagerService: Stored Bluetooth name: Pixel 3a XL
04-22 11:08:53.337  1635  2891 D ConnectivityService: NetReassign [no changes]
04-22 11:08:53.652  1635  2884 W NetworkPolicy: shared quota unsupported; generating rule for each iface
04-22 11:08:54.511  1635 11490 W ActivityManager: Foreground service started from background can not have location/camera/microphone access: service steptracker.healthandfitness.walkingtracker.pedometer/com.drojian.stepcounter.service.CounterService
04-22 11:08:56.372  1635  2891 D ConnectivityService: NetReassign [no changes]
04-22 11:08:57.482  1635  9377 I ActivityManager: Force stopping com.google.location.nearby.apps.connectedcrossroad appid=10333 user=0: from pid 16932
04-22 11:08:57.497  1635  1775 W BroadcastQueue: Background execution not allowed: receiving Intent { act=android.intent.action.PACKAGE_RESTARTED dat=package:com.google.location.nearby.apps.connectedcrossroad flg=0x10 (has extras) } to steptracker.healthandfitness.walkingtracker.pedometer/com.drojian.stepcounter.receiver.PedometerReceiver
04-22 11:08:57.499  1635  1775 W BroadcastQueue: Background execution not allowed: receiving Intent { act=android.intent.action.PACKAGE_RESTARTED dat=package:com.google.location.nearby.apps.connectedcrossroad flg=0x10 (has extras) } to steptracker.healthandfitness.walkingtracker.pedometer/com.drojian.servicekeeper.receiver.BootReceiver
04-22 11:08:59.428  1635  2891 D ConnectivityService: NetReassign [no changes]
04-22 11:09:05.487  1635  2891 I chatty  : uid=1000(system) ConnectivitySer identical 2 lines
04-22 11:09:08.538  1635  2891 D ConnectivityService: NetReassign [no changes]
04-22 11:09:10.811  1635  1878 I PackageManager: Integrity check passed for file:///data/app/vmdl997934191.tmp
04-22 11:09:10.840  1635  1878 I PackageManager: Update package com.google.location.nearby.apps.connectedcrossroad code path from /data/app/~~mvGJhcbpmYAzk-O1Vj2Zjg==/com.google.location.nearby.apps.connectedcrossroad-3eHPTCFkfX50dugU9Shx4A== to /data/app/~~5FRSm4jzzh0cfDifC_HWWg==/com.google.location.nearby.apps.connectedcrossroad-hrxfageU6FvJBMo6LvFBhg==; Retain data and using new
04-22 11:09:10.841  1635  1878 I PackageManager: Update package com.google.location.nearby.apps.connectedcrossroad resource path from /data/app/~~mvGJhcbpmYAzk-O1Vj2Zjg==/com.google.location.nearby.apps.connectedcrossroad-3eHPTCFkfX50dugU9Shx4A== to /data/app/~~5FRSm4jzzh0cfDifC_HWWg==/com.google.location.nearby.apps.connectedcrossroad-hrxfageU6FvJBMo6LvFBhg==; Retain data and using new
04-22 11:09:10.856  1635  1878 D CompatibilityChangeReporter: Compat change id reported: 135549675; UID 10333; state: DISABLED
04-22 11:09:10.988  1635  1775 W BroadcastQueue: Background execution not allowed: receiving Intent { act=android.intent.action.PACKAGE_REMOVED dat=package:com.google.location.nearby.apps.connectedcrossroad flg=0x4000010 (has extras) } to com.android.vending/com.google.android.finsky.packagemanager.impl.PackageMonitorReceiverImpl$RegisteredReceiver
04-22 11:09:10.988  1635  1775 W BroadcastQueue: Background execution not allowed: receiving Intent { act=android.intent.action.PACKAGE_REMOVED dat=package:com.google.location.nearby.apps.connectedcrossroad flg=0x4000010 (has extras) } to com.android.vending/com.google.android.finsky.instantapps.appmanagement.InstantAppRemoveMonitor
04-22 11:09:10.988  1635  1775 W BroadcastQueue: Background execution not allowed: receiving Intent { act=android.intent.action.PACKAGE_REMOVED dat=package:com.google.location.nearby.apps.connectedcrossroad flg=0x4000010 (has extras) } to com.google.android.gms/.games.chimera.GamesSystemBroadcastReceiverProxy
04-22 11:09:10.988  1635  1775 W BroadcastQueue: Background execution not allowed: receiving Intent { act=android.intent.action.PACKAGE_REMOVED dat=package:com.google.location.nearby.apps.connectedcrossroad flg=0x4000010 (has extras) } to com.google.android.gms/.chimera.GmsIntentOperationService$PersistentTrustedReceiver
04-22 11:09:10.988  1635  1775 W BroadcastQueue: Background execution not allowed: receiving Intent { act=android.intent.action.PACKAGE_REMOVED dat=package:com.google.location.nearby.apps.connectedcrossroad flg=0x4000010 (has extras) } to com.google.android.googlequicksearchbox/com.google.android.apps.gsa.googlequicksearchbox.GelStubAppWatcher
04-22 11:09:10.988  1635  1775 W BroadcastQueue: Background execution not allowed: receiving Intent { act=android.intent.action.PACKAGE_REMOVED dat=package:com.google.location.nearby.apps.connectedcrossroad flg=0x4000010 (has extras) } to com.facebook.katana/com.facebook.feed.platformads.AppInstallReceiver
04-22 11:09:10.988  1635  1775 W BroadcastQueue: Background execution not allowed: receiving Intent { act=android.intent.action.PACKAGE_REMOVED dat=package:com.google.location.nearby.apps.connectedcrossroad flg=0x4000010 (has extras) } to com.jaga.ibraceletplus.smartwristband3/com.yc.pedometer.keepalive.KeepAliveReceiver
04-22 11:09:10.988  1635  1775 W BroadcastQueue: Background execution not allowed: receiving Intent { act=android.intent.action.PACKAGE_REMOVED dat=package:com.google.location.nearby.apps.connectedcrossroad flg=0x4000010 (has extras) } to com.microsoft.appmanager/.receiver.InstallUninstallReceiver
04-22 11:09:10.988  1635  1775 W BroadcastQueue: Background execution not allowed: receiving Intent { act=android.intent.action.PACKAGE_REMOVED dat=package:com.google.location.nearby.apps.connectedcrossroad flg=0x4000010 (has extras) } to com.microsoft.appmanager/com.microsoft.mmx.continuity.receiver.InstallUninstallReceiver
04-22 11:09:10.989  1635  1775 W BroadcastQueue: Background execution not allowed: receiving Intent { act=android.intent.action.PACKAGE_REMOVED dat=package:com.google.location.nearby.apps.connectedcrossroad flg=0x4000010 (has extras) } to com.microsoft.emmx/com.microsoft.mmx.continuity.receiver.InstallUninstallReceiver
04-22 11:09:11.106  1635  1775 W BroadcastQueue: Background execution not allowed: receiving Intent { act=android.intent.action.PACKAGE_ADDED dat=package:com.google.location.nearby.apps.connectedcrossroad flg=0x4000010 (has extras) } to com.google.android.packageinstaller/com.android.packageinstaller.PackageInstalledReceiver
04-22 11:09:11.107  1635  3040 I ActivityTaskManager: START u0 {act=android.intent.action.MAIN cat=[android.intent.category.LAUNCHER] flg=0x10000000 cmp=com.google.location.nearby.apps.connectedcrossroad/nx.aodv.eval.MainActivity} from uid 2000
04-22 11:09:11.110  1635  1775 W BroadcastQueue: Background execution not allowed: receiving Intent { act=android.intent.action.PACKAGE_ADDED dat=package:com.google.location.nearby.apps.connectedcrossroad flg=0x4000010 (has extras) } to com.android.vending/com.google.android.finsky.packagemanager.impl.PackageMonitorReceiverImpl$RegisteredReceiver
04-22 11:09:11.164  1635  1775 W BroadcastQueue: Background execution not allowed: receiving Intent { act=android.intent.action.PACKAGE_ADDED dat=package:com.google.location.nearby.apps.connectedcrossroad flg=0x4000010 (has extras) } to com.google.android.gms/.games.chimera.GamesSystemBroadcastReceiverProxy
04-22 11:09:11.171  1635  1756 D CompatibilityChangeReporter: Compat change id reported: 135634846; UID 10333; state: DISABLED
04-22 11:09:11.173  1635  1776 D CompatibilityChangeReporter: Compat change id reported: 143937733; UID 10333; state: DISABLED
04-22 11:09:11.266  1635  1775 W BroadcastQueue: Background execution not allowed: receiving Intent { act=android.intent.action.PACKAGE_ADDED dat=package:com.google.location.nearby.apps.connectedcrossroad flg=0x4000010 (has extras) } to com.google.android.gms/.gass.chimera.PackageChangeBroadcastReceiver
04-22 11:09:11.268  1635  1775 W BroadcastQueue: Background execution not allowed: receiving Intent { act=android.intent.action.PACKAGE_ADDED dat=package:com.google.location.nearby.apps.connectedcrossroad flg=0x4000010 (has extras) } to com.google.android.gms/.chimera.GmsIntentOperationService$PersistentTrustedReceiver
04-22 11:09:11.269  1635  1775 W BroadcastQueue: Background execution not allowed: receiving Intent { act=android.intent.action.PACKAGE_ADDED dat=package:com.google.location.nearby.apps.connectedcrossroad flg=0x4000010 (has extras) } to com.google.android.googlequicksearchbox/com.google.android.apps.gsa.googlequicksearchbox.GelStubAppWatcher
04-22 11:09:11.269  1635  1776 W ActivityManager: Slow operation: 98ms so far, now at startProcess: done updating battery stats
04-22 11:09:11.269  1635  1776 W ActivityManager: Slow operation: 98ms so far, now at startProcess: building log message
04-22 11:09:11.269  1635  1776 I ActivityManager: Start proc 16984:com.google.location.nearby.apps.connectedcrossroad/u0a333 for pre-top-activity {com.google.location.nearby.apps.connectedcrossroad/nx.aodv.eval.MainActivity}
04-22 11:09:11.269  1635  1776 W ActivityManager: Slow operation: 98ms so far, now at startProcess: starting to update pids map
04-22 11:09:11.269  1635  1776 W ActivityManager: Slow operation: 99ms so far, now at startProcess: done updating pids map
04-22 11:09:11.282  1635  1775 W BroadcastQueue: Background execution not allowed: receiving Intent { act=android.intent.action.PACKAGE_ADDED dat=package:com.google.location.nearby.apps.connectedcrossroad flg=0x4000010 (has extras) } to com.facebook.katana/com.facebook.feed.platformads.AppInstallReceiver
04-22 11:09:11.282  1635  1775 W BroadcastQueue: Background execution not allowed: receiving Intent { act=android.intent.action.PACKAGE_ADDED dat=package:com.google.location.nearby.apps.connectedcrossroad flg=0x4000010 (has extras) } to com.jaga.ibraceletplus.smartwristband3/com.yc.pedometer.keepalive.KeepAliveReceiver
04-22 11:09:11.282  1635  1775 W BroadcastQueue: Background execution not allowed: receiving Intent { act=android.intent.action.PACKAGE_ADDED dat=package:com.google.location.nearby.apps.connectedcrossroad flg=0x4000010 (has extras) } to com.microsoft.appmanager/.receiver.InstallUninstallReceiver
04-22 11:09:11.282  1635  1775 W BroadcastQueue: Background execution not allowed: receiving Intent { act=android.intent.action.PACKAGE_ADDED dat=package:com.google.location.nearby.apps.connectedcrossroad flg=0x4000010 (has extras) } to com.microsoft.appmanager/com.microsoft.mmx.continuity.receiver.InstallUninstallReceiver
04-22 11:09:11.282  1635  1775 W BroadcastQueue: Background execution not allowed: receiving Intent { act=android.intent.action.PACKAGE_ADDED dat=package:com.google.location.nearby.apps.connectedcrossroad flg=0x4000010 (has extras) } to com.microsoft.emmx/com.microsoft.mmx.continuity.receiver.InstallUninstallReceiver
04-22 11:09:11.291  1635  1635 W Looper  : Slow dispatch took 256ms main h=android.app.ActivityThread$H c=android.app.-$$Lambda$LoadedApk$ReceiverDispatcher$Args$_BumDX2UKsnxLVrE6UJsJZkotuA@a43c653 m=0
04-22 11:09:11.291  1635  1635 W Looper  : Slow delivery took 275ms main h=android.app.ActivityThread$H c=android.app.-$$Lambda$LoadedApk$ReceiverDispatcher$Args$_BumDX2UKsnxLVrE6UJsJZkotuA@c7aeb90 m=0
04-22 11:09:11.396  1635  1752 W Looper  : Slow delivery took 204ms android.fg h=android.os.Handler c=<recycled PooledLambda@7824417> m=0
04-22 11:09:11.548  1635  2891 D ConnectivityService: NetReassign [no changes]
04-22 11:09:11.748  1635  1752 W Looper  : Slow dispatch took 187ms android.fg h=android.os.Handler c=<recycled PooledLambda@8acaf69> m=0
04-22 11:09:11.919  1635  1635 W Looper  : Slow dispatch took 624ms main h=android.app.ActivityThread$H c=android.app.-$$Lambda$LoadedApk$ReceiverDispatcher$Args$_BumDX2UKsnxLVrE6UJsJZkotuA@9beead6 m=0
04-22 11:09:11.940  1635  1635 I Telecom : DefaultDialerCache: Refreshing default dialer for user 0: now com.google.android.dialer: DDC.oR@BXs
04-22 11:09:11.999  1635  3045 W BroadcastQueue: Background execution not allowed: receiving Intent { act=android.intent.action.PACKAGE_REPLACED dat=package:com.google.location.nearby.apps.connectedcrossroad flg=0x4000010 (has extras) } to com.google.android.gms/.gass.chimera.PackageChangeBroadcastReceiver
04-22 11:09:12.000  1635  1635 V BackupManagerConstants: getFullBackupIntervalMilliseconds(...) returns 86400000
04-22 11:09:12.000  1635  1635 V BackupManagerConstants: getFullBackupRequiredNetworkType(...) returns 2
04-22 11:09:12.000  1635  1635 V BackupManagerConstants: getFullBackupRequireCharging(...) returns true
04-22 11:09:12.002  1635  1775 W BroadcastQueue: Background execution not allowed: receiving Intent { act=android.intent.action.PACKAGE_REPLACED dat=package:com.google.location.nearby.apps.connectedcrossroad flg=0x4000010 (has extras) } to com.google.android.gms/.chimera.GmsIntentOperationService$PersistentTrustedReceiver
04-22 11:09:12.005  1635  1775 W BroadcastQueue: Background execution not allowed: receiving Intent { act=android.intent.action.PACKAGE_REPLACED dat=package:com.google.location.nearby.apps.connectedcrossroad flg=0x4000010 (has extras) } to com.google.android.googlequicksearchbox/com.google.android.apps.gsa.googlequicksearchbox.GelStubAppWatcher
04-22 11:09:12.014  1635  1775 W BroadcastQueue: Background execution not allowed: receiving Intent { act=android.intent.action.PACKAGE_REPLACED dat=package:com.google.location.nearby.apps.connectedcrossroad flg=0x4000010 (has extras) } to com.infonow.bofa/com.bofa.ecom.marvel.application.BofaPackageUpdateReceiver
04-22 11:09:12.016  1635  1775 W BroadcastQueue: Background execution not allowed: receiving Intent { act=android.intent.action.PACKAGE_REPLACED dat=package:com.google.location.nearby.apps.connectedcrossroad flg=0x4000010 (has extras) } to com.microsoft.appmanager/com.microsoft.mmx.continuity.receiver.InstallUninstallReceiver
04-22 11:09:12.016  1635  1775 W BroadcastQueue: Background execution not allowed: receiving Intent { act=android.intent.action.PACKAGE_REPLACED dat=package:com.google.location.nearby.apps.connectedcrossroad flg=0x4000010 (has extras) } to com.microsoft.emmx/com.microsoft.mmx.continuity.receiver.InstallUninstallReceiver
04-22 11:09:12.017  1635  1775 W BroadcastQueue: Background execution not allowed: receiving Intent { act=android.intent.action.PACKAGE_REPLACED dat=package:com.google.location.nearby.apps.connectedcrossroad flg=0x4000010 (has extras) } to steptracker.healthandfitness.walkingtracker.pedometer/com.drojian.stepcounter.receiver.PedometerReceiver
04-22 11:09:12.017  1635  1775 W BroadcastQueue: Background execution not allowed: receiving Intent { act=android.intent.action.PACKAGE_REPLACED dat=package:com.google.location.nearby.apps.connectedcrossroad flg=0x4000010 (has extras) } to steptracker.healthandfitness.walkingtracker.pedometer/com.drojian.servicekeeper.receiver.BootReceiver
04-22 11:09:12.018  1635  1752 W Looper  : Slow dispatch took 146ms android.fg h=android.os.Handler c=<recycled PooledLambda@bb8c7da> m=0
04-22 11:09:12.031  1635  1635 W Looper  : Drained
04-22 11:09:12.098  1635  2884 W NetworkPolicy: shared quota unsupported; generating rule for each iface
04-22 11:09:12.276  1635  1752 W Looper  : Slow dispatch took 144ms android.fg h=android.os.Handler c=<recycled PooledLambda@665588d> m=0
04-22 11:09:12.547  1635  6941 D CompatibilityChangeReporter: Compat change id reported: 136274596; UID 10333; state: DISABLED
04-22 11:09:12.698  1635  6941 I ActivityManager: Process com.instagram.android:mqtt (pid 4347) has died: cch+99 CEM 
04-22 11:09:12.760  1635  6941 I ActivityManager: Process com.google.android.apps.docs (pid 14512) has died: cch+95 CEM 
04-22 11:09:12.853  1635  1752 W Looper  : Drained
04-22 11:09:14.002  1635  2884 W NetworkPolicy: shared quota unsupported; generating rule for each iface
04-22 11:09:14.223  1635  2884 I chatty  : uid=1000(system) NetworkPolicy identical 1 line
04-22 11:09:14.334  1635  2884 W NetworkPolicy: shared quota unsupported; generating rule for each iface
04-22 11:09:14.557  1635  2891 D ConnectivityService: NetReassign [no changes]
04-22 11:09:14.662  1635  2884 W NetworkPolicy: shared quota unsupported; generating rule for each iface
04-22 11:09:14.808  1635  4599 E SystemServiceRegistry: Manager wrapper not available: face
04-22 11:09:14.809  1635  4599 I StatsPullAtomService: No runtime appop access message collected
04-22 11:09:14.810  1635  1775 I DropBoxManagerService: add tag=system_server_wtf isTagEnabled=true flags=0x2
04-22 11:09:14.895  1635 12312 W SettingsStatsUtil: Can not parse value to float: gps,network
04-22 11:09:16.821  1635  1775 W BroadcastQueue: Background execution not allowed: receiving Intent { act=android.intent.action.DROPBOX_ENTRY_ADDED flg=0x10 (has extras) } to com.google.android.gms/.stats.service.DropBoxEntryAddedReceiver
04-22 11:09:16.821  1635  1775 W BroadcastQueue: Background execution not allowed: receiving Intent { act=android.intent.action.DROPBOX_ENTRY_ADDED flg=0x10 (has extras) } to com.google.android.gms/.chimera.GmsIntentOperationService$PersistentTrustedReceiver
04-22 11:09:17.606  1635  2891 D ConnectivityService: NetReassign [no changes]
04-22 11:09:38.782  1635  2891 I chatty  : uid=1000(system) ConnectivitySer identical 7 lines
04-22 11:09:41.803  1635  2891 D ConnectivityService: NetReassign [no changes]
04-22 11:09:44.793  1635  1635 D BluetoothManagerService: Bluetooth Adapter name changed to IjNJOUZbye0AAAAAAAAAATE
04-22 11:09:44.794  1635  1635 D BluetoothManagerService: Stored Bluetooth name: IjNJOUZbye0AAAAAAAAAATE
04-22 11:09:44.815  1635  2891 D ConnectivityService: NetReassign [no changes]
04-22 11:09:45.139  1635  2893 D NsdService: Register service
04-22 11:09:45.139  1635  2893 D NsdService: registerService: 16 name: IjNJOUZbye0AAA, type: _5BC9ED5E6C75._tcp, host: null, port: 38521, txtRecord: n=MQIPv4=192.168.1.17
04-22 11:09:45.139  1635  2893 D NsdService: mdnssd [register, 16, IjNJOUZbye0AAA, _5BC9ED5E6C75._tcp, 38521, BG49TVERSVB2ND0xOTIuMTY4LjEuMTc=]
04-22 11:09:45.141  1635  2893 D NsdService: Register 16 16
04-22 11:09:45.787  1635  2893 D NsdService: Native daemon message SERVICE_REGISTERED: 606 16 "IjNJOUZbye0AAA"
04-22 11:09:45.798  1635  6941 E AppOps  : attributionTag com.google.android.gms.nearby not declared in manifest of com.google.location.nearby.apps.connectedcrossroad
04-22 11:09:47.824  1635  2891 D ConnectivityService: NetReassign [no changes]
04-22 11:09:56.893  1635  2891 I chatty  : uid=1000(system) ConnectivitySer identical 3 lines
04-22 11:09:59.904  1635  2891 D ConnectivityService: NetReassign [no changes]
04-22 11:10:01.727  1635  1775 I ActivityManager: Waited long enough for: ServiceRecord{f14d73e u0 com.google.android.googlequicksearchbox/com.google.android.apps.gsa.shared.util.keepalive.StandaloneKeepAlive$KeepAliveService}
04-22 11:10:02.927  1635  2891 D ConnectivityService: NetReassign [no changes]
04-22 11:10:08.960  1635  2891 I chatty  : uid=1000(system) ConnectivitySer identical 2 lines
04-22 11:10:11.982  1635  2891 D ConnectivityService: NetReassign [no changes]
04-22 11:10:12.357  1635  2884 W NetworkPolicy: shared quota unsupported; generating rule for each iface
04-22 11:10:15.005  1635  2891 D ConnectivityService: NetReassign [no changes]
04-22 11:10:45.276  1635  2891 I chatty  : uid=1000(system) ConnectivitySer identical 10 lines
04-22 11:10:48.303  1635  2891 D ConnectivityService: NetReassign [no changes]
04-22 11:10:49.883  1635  1790 D KernelCpuUidUserSysTimeReader: Removing uids 99011-99011
04-22 11:10:51.322  1635  2891 D ConnectivityService: NetReassign [no changes]
04-22 11:11:51.839  1635  2891 I chatty  : uid=1000(system) ConnectivitySer identical 20 lines
04-22 11:11:54.861  1635  2891 D ConnectivityService: NetReassign [no changes]
04-22 11:11:57.151  1635  4599 W ActivityManager: Foreground service started from background can not have location/camera/microphone access: service steptracker.healthandfitness.walkingtracker.pedometer/com.drojian.stepcounter.service.CounterService
04-22 11:11:57.170  1635  4599 W ActivityManager: Foreground service started from background can not have location/camera/microphone access: service steptracker.healthandfitness.walkingtracker.pedometer/com.drojian.stepcounter.service.CounterService
04-22 11:11:57.178  1635  9377 W ActivityManager: Foreground service started from background can not have location/camera/microphone access: service steptracker.healthandfitness.walkingtracker.pedometer/com.drojian.stepcounter.service.CounterService
04-22 11:11:57.881  1635  2891 D ConnectivityService: NetReassign [no changes]
04-22 11:13:07.474  1635  2891 I chatty  : uid=1000(system) ConnectivitySer identical 23 lines
04-22 11:13:10.494  1635  2891 D ConnectivityService: NetReassign [no changes]
04-22 11:13:12.480  1635  9377 I ActivityManager: Force stopping com.google.location.nearby.apps.connectedcrossroad appid=10333 user=0: from pid 17422
04-22 11:13:12.481  1635  9377 I ActivityManager: Killing 16984:com.google.location.nearby.apps.connectedcrossroad/u0a333 (adj 0): stop com.google.location.nearby.apps.connectedcrossroad due to from pid 17422
04-22 11:13:12.484  1635  9377 W ActivityTaskManager: Force removing ActivityRecord{3422fab u0 com.google.location.nearby.apps.connectedcrossroad/nx.aodv.eval.MainActivity t8094 f}}: app died, no saved state
04-22 11:13:12.516  1635  1775 W BroadcastQueue: Background execution not allowed: receiving Intent { act=android.intent.action.PACKAGE_RESTARTED dat=package:com.google.location.nearby.apps.connectedcrossroad flg=0x10 (has extras) } to steptracker.healthandfitness.walkingtracker.pedometer/com.drojian.stepcounter.receiver.PedometerReceiver
04-22 11:13:12.517  1635  1775 W BroadcastQueue: Background execution not allowed: receiving Intent { act=android.intent.action.PACKAGE_RESTARTED dat=package:com.google.location.nearby.apps.connectedcrossroad flg=0x10 (has extras) } to steptracker.healthandfitness.walkingtracker.pedometer/com.drojian.servicekeeper.receiver.BootReceiver
04-22 11:13:12.539  1635  9377 D AutofillSession: handling death of Token{bda6148 ActivityRecord{3422fab u0 com.google.location.nearby.apps.connectedcrossroad/nx.aodv.eval.MainActivity t-1 f}}} when saving=false
04-22 11:13:12.561  1635  1756 W ActivityManager: setHasOverlayUi called on unknown pid: 16984
04-22 11:13:13.505  1635  2891 D ConnectivityService: NetReassign [no changes]
04-22 11:13:13.963  1635  2884 W NetworkPolicy: shared quota unsupported; generating rule for each iface
04-22 11:13:14.608  1635  2893 D NsdService: unregister service
04-22 11:13:14.608  1635  2893 D NsdService: mdnssd [stop-register, 16]
04-22 11:13:14.615  1635  1635 D BluetoothManagerService: Bluetooth Adapter name changed to Pixel 3a XL
04-22 11:13:14.616  1635  1635 D BluetoothManagerService: Stored Bluetooth name: Pixel 3a XL
04-22 11:13:16.529  1635  2891 D ConnectivityService: NetReassign [no changes]
04-22 11:13:19.557  1635  2891 D ConnectivityService: NetReassign [no changes]
04-22 11:13:20.796  1635  3046 I ActivityManager: Force stopping com.google.location.nearby.apps.connectedcrossroad appid=10333 user=0: from pid 17469
04-22 11:13:20.807  1635  1775 W BroadcastQueue: Background execution not allowed: receiving Intent { act=android.intent.action.PACKAGE_RESTARTED dat=package:com.google.location.nearby.apps.connectedcrossroad flg=0x10 (has extras) } to steptracker.healthandfitness.walkingtracker.pedometer/com.drojian.stepcounter.receiver.PedometerReceiver
04-22 11:13:20.807  1635  1775 W BroadcastQueue: Background execution not allowed: receiving Intent { act=android.intent.action.PACKAGE_RESTARTED dat=package:com.google.location.nearby.apps.connectedcrossroad flg=0x10 (has extras) } to steptracker.healthandfitness.walkingtracker.pedometer/com.drojian.servicekeeper.receiver.BootReceiver
04-22 11:13:22.576  1635  2891 D ConnectivityService: NetReassign [no changes]
04-22 11:13:28.629  1635  2891 I chatty  : uid=1000(system) ConnectivitySer identical 2 lines
04-22 11:13:31.654  1635  2891 D ConnectivityService: NetReassign [no changes]
04-22 11:13:32.601  1635  1878 I PackageManager: Integrity check passed for file:///data/app/vmdl1899061614.tmp
04-22 11:13:32.625  1635  1878 I PackageManager: Update package com.google.location.nearby.apps.connectedcrossroad code path from /data/app/~~5FRSm4jzzh0cfDifC_HWWg==/com.google.location.nearby.apps.connectedcrossroad-hrxfageU6FvJBMo6LvFBhg== to /data/app/~~3ecHQjQRr1_yhNlbFS7xNg==/com.google.location.nearby.apps.connectedcrossroad-ZF-v2yKmH76uUFBOOLf11g==; Retain data and using new
04-22 11:13:32.626  1635  1878 I PackageManager: Update package com.google.location.nearby.apps.connectedcrossroad resource path from /data/app/~~5FRSm4jzzh0cfDifC_HWWg==/com.google.location.nearby.apps.connectedcrossroad-hrxfageU6FvJBMo6LvFBhg== to /data/app/~~3ecHQjQRr1_yhNlbFS7xNg==/com.google.location.nearby.apps.connectedcrossroad-ZF-v2yKmH76uUFBOOLf11g==; Retain data and using new
04-22 11:13:32.640  1635  1878 D CompatibilityChangeReporter: Compat change id reported: 135549675; UID 10333; state: DISABLED
04-22 11:13:32.808  1635  1775 W BroadcastQueue: Background execution not allowed: receiving Intent { act=android.intent.action.PACKAGE_REMOVED dat=package:com.google.location.nearby.apps.connectedcrossroad flg=0x4000010 (has extras) } to com.android.vending/com.google.android.finsky.packagemanager.impl.PackageMonitorReceiverImpl$RegisteredReceiver
04-22 11:13:32.808  1635  1775 W BroadcastQueue: Background execution not allowed: receiving Intent { act=android.intent.action.PACKAGE_REMOVED dat=package:com.google.location.nearby.apps.connectedcrossroad flg=0x4000010 (has extras) } to com.android.vending/com.google.android.finsky.instantapps.appmanagement.InstantAppRemoveMonitor
04-22 11:13:32.808  1635  1775 W BroadcastQueue: Background execution not allowed: receiving Intent { act=android.intent.action.PACKAGE_REMOVED dat=package:com.google.location.nearby.apps.connectedcrossroad flg=0x4000010 (has extras) } to com.google.android.gms/.games.chimera.GamesSystemBroadcastReceiverProxy
04-22 11:13:32.808  1635  1775 W BroadcastQueue: Background execution not allowed: receiving Intent { act=android.intent.action.PACKAGE_REMOVED dat=package:com.google.location.nearby.apps.connectedcrossroad flg=0x4000010 (has extras) } to com.google.android.gms/.chimera.GmsIntentOperationService$PersistentTrustedReceiver
04-22 11:13:32.808  1635  1775 W BroadcastQueue: Background execution not allowed: receiving Intent { act=android.intent.action.PACKAGE_REMOVED dat=package:com.google.location.nearby.apps.connectedcrossroad flg=0x4000010 (has extras) } to com.google.android.googlequicksearchbox/com.google.android.apps.gsa.googlequicksearchbox.GelStubAppWatcher
04-22 11:13:32.815  1635  1775 W BroadcastQueue: Background execution not allowed: receiving Intent { act=android.intent.action.PACKAGE_REMOVED dat=package:com.google.location.nearby.apps.connectedcrossroad flg=0x4000010 (has extras) } to com.facebook.katana/com.facebook.feed.platformads.AppInstallReceiver
04-22 11:13:32.896  1635  1775 W BroadcastQueue: Background execution not allowed: receiving Intent { act=android.intent.action.PACKAGE_REMOVED dat=package:com.google.location.nearby.apps.connectedcrossroad flg=0x4000010 (has extras) } to com.jaga.ibraceletplus.smartwristband3/com.yc.pedometer.keepalive.KeepAliveReceiver
04-22 11:13:32.900  1635  4612 I ActivityTaskManager: START u0 {act=android.intent.action.MAIN cat=[android.intent.category.LAUNCHER] flg=0x10000000 cmp=com.google.location.nearby.apps.connectedcrossroad/nx.aodv.eval.MainActivity} from uid 2000
04-22 11:13:32.930  1635  1756 D CompatibilityChangeReporter: Compat change id reported: 135634846; UID 10333; state: DISABLED
04-22 11:13:32.931  1635  1776 D CompatibilityChangeReporter: Compat change id reported: 143937733; UID 10333; state: DISABLED
04-22 11:13:32.954  1635  1775 W BroadcastQueue: Background execution not allowed: receiving Intent { act=android.intent.action.PACKAGE_REMOVED dat=package:com.google.location.nearby.apps.connectedcrossroad flg=0x4000010 (has extras) } to com.microsoft.appmanager/.receiver.InstallUninstallReceiver
04-22 11:13:32.984  1635  1776 W ActivityManager: Slow operation: 61ms so far, now at startProcess: done updating battery stats
04-22 11:13:32.985  1635  1776 W ActivityManager: Slow operation: 62ms so far, now at startProcess: building log message
04-22 11:13:32.985  1635  1776 I ActivityManager: Start proc 17535:com.google.location.nearby.apps.connectedcrossroad/u0a333 for pre-top-activity {com.google.location.nearby.apps.connectedcrossroad/nx.aodv.eval.MainActivity}
04-22 11:13:32.985  1635  1776 W ActivityManager: Slow operation: 62ms so far, now at startProcess: starting to update pids map
04-22 11:13:32.985  1635  1776 W ActivityManager: Slow operation: 62ms so far, now at startProcess: done updating pids map
04-22 11:13:33.004  1635  1775 W BroadcastQueue: Background execution not allowed: receiving Intent { act=android.intent.action.PACKAGE_REMOVED dat=package:com.google.location.nearby.apps.connectedcrossroad flg=0x4000010 (has extras) } to com.microsoft.appmanager/com.microsoft.mmx.continuity.receiver.InstallUninstallReceiver
04-22 11:13:33.022  1635  1775 W BroadcastQueue: Background execution not allowed: receiving Intent { act=android.intent.action.PACKAGE_REMOVED dat=package:com.google.location.nearby.apps.connectedcrossroad flg=0x4000010 (has extras) } to com.microsoft.emmx/com.microsoft.mmx.continuity.receiver.InstallUninstallReceiver
04-22 11:13:33.023  1635  1775 W BroadcastQueue: Background execution not allowed: receiving Intent { act=android.intent.action.PACKAGE_ADDED dat=package:com.google.location.nearby.apps.connectedcrossroad flg=0x4000010 (has extras) } to com.google.android.packageinstaller/com.android.packageinstaller.PackageInstalledReceiver
04-22 11:13:33.023  1635  1775 W BroadcastQueue: Background execution not allowed: receiving Intent { act=android.intent.action.PACKAGE_ADDED dat=package:com.google.location.nearby.apps.connectedcrossroad flg=0x4000010 (has extras) } to com.android.vending/com.google.android.finsky.packagemanager.impl.PackageMonitorReceiverImpl$RegisteredReceiver
04-22 11:13:33.023  1635  1775 W BroadcastQueue: Background execution not allowed: receiving Intent { act=android.intent.action.PACKAGE_ADDED dat=package:com.google.location.nearby.apps.connectedcrossroad flg=0x4000010 (has extras) } to com.google.android.gms/.games.chimera.GamesSystemBroadcastReceiverProxy
04-22 11:13:33.023  1635  1775 W BroadcastQueue: Background execution not allowed: receiving Intent { act=android.intent.action.PACKAGE_ADDED dat=package:com.google.location.nearby.apps.connectedcrossroad flg=0x4000010 (has extras) } to com.google.android.gms/.gass.chimera.PackageChangeBroadcastReceiver
04-22 11:13:33.023  1635  1775 W BroadcastQueue: Background execution not allowed: receiving Intent { act=android.intent.action.PACKAGE_ADDED dat=package:com.google.location.nearby.apps.connectedcrossroad flg=0x4000010 (has extras) } to com.google.android.gms/.chimera.GmsIntentOperationService$PersistentTrustedReceiver
04-22 11:13:33.036  1635  1752 W Looper  : Slow dispatch took 140ms android.fg h=android.os.Handler c=<recycled PooledLambda@74b386e> m=0
04-22 11:13:33.037  1635  1635 W Looper  : Slow dispatch took 191ms main h=android.app.ActivityThread$H c=android.app.-$$Lambda$LoadedApk$ReceiverDispatcher$Args$_BumDX2UKsnxLVrE6UJsJZkotuA@94cbb0f m=0
04-22 11:13:33.046  1635  1775 W BroadcastQueue: Background execution not allowed: receiving Intent { act=android.intent.action.PACKAGE_ADDED dat=package:com.google.location.nearby.apps.connectedcrossroad flg=0x4000010 (has extras) } to com.google.android.googlequicksearchbox/com.google.android.apps.gsa.googlequicksearchbox.GelStubAppWatcher
04-22 11:13:33.046  1635  1775 W BroadcastQueue: Background execution not allowed: receiving Intent { act=android.intent.action.PACKAGE_ADDED dat=package:com.google.location.nearby.apps.connectedcrossroad flg=0x4000010 (has extras) } to com.facebook.katana/com.facebook.feed.platformads.AppInstallReceiver
04-22 11:13:33.047  1635  1775 W BroadcastQueue: Background execution not allowed: receiving Intent { act=android.intent.action.PACKAGE_ADDED dat=package:com.google.location.nearby.apps.connectedcrossroad flg=0x4000010 (has extras) } to com.jaga.ibraceletplus.smartwristband3/com.yc.pedometer.keepalive.KeepAliveReceiver
04-22 11:13:33.049  1635  1775 W BroadcastQueue: Background execution not allowed: receiving Intent { act=android.intent.action.PACKAGE_ADDED dat=package:com.google.location.nearby.apps.connectedcrossroad flg=0x4000010 (has extras) } to com.microsoft.appmanager/.receiver.InstallUninstallReceiver
04-22 11:13:33.052  1635  1775 W BroadcastQueue: Background execution not allowed: receiving Intent { act=android.intent.action.PACKAGE_ADDED dat=package:com.google.location.nearby.apps.connectedcrossroad flg=0x4000010 (has extras) } to com.microsoft.appmanager/com.microsoft.mmx.continuity.receiver.InstallUninstallReceiver
04-22 11:13:33.053  1635  1775 W BroadcastQueue: Background execution not allowed: receiving Intent { act=android.intent.action.PACKAGE_ADDED dat=package:com.google.location.nearby.apps.connectedcrossroad flg=0x4000010 (has extras) } to com.microsoft.emmx/com.microsoft.mmx.continuity.receiver.InstallUninstallReceiver
04-22 11:13:33.237  1635  1752 W Looper  : Slow delivery took 221ms android.fg h=android.os.Handler c=<recycled PooledLambda@7606ef9> m=0
04-22 11:13:33.237  1635  1752 W Looper  : Slow dispatch took 120ms android.fg h=android.os.Handler c=<recycled PooledLambda@7606ef9> m=0
04-22 11:13:33.445  1635  1752 W Looper  : Slow dispatch took 138ms android.fg h=android.os.Handler c=<recycled PooledLambda@612ac9d> m=0
04-22 11:13:33.448  1635  1635 W Looper  : Slow dispatch took 405ms main h=android.app.ActivityThread$H c=android.app.-$$Lambda$LoadedApk$ReceiverDispatcher$Args$_BumDX2UKsnxLVrE6UJsJZkotuA@2f27599 m=0
04-22 11:13:33.449  1635  1635 W Looper  : Slow delivery took 603ms main h=android.app.ActivityThread$H c=android.app.-$$Lambda$LoadedApk$ReceiverDispatcher$Args$_BumDX2UKsnxLVrE6UJsJZkotuA@e66e05e m=0
04-22 11:13:33.450  1635  1635 I Telecom : DefaultDialerCache: Refreshing default dialer for user 0: now com.google.android.dialer: DDC.oR@BX8
04-22 11:13:33.499  1635  1635 V BackupManagerConstants: getFullBackupIntervalMilliseconds(...) returns 86400000
04-22 11:13:33.499  1635  1635 V BackupManagerConstants: getFullBackupRequiredNetworkType(...) returns 2
04-22 11:13:33.499  1635  1635 V BackupManagerConstants: getFullBackupRequireCharging(...) returns true
04-22 11:13:33.515  1635  6941 W BroadcastQueue: Background execution not allowed: receiving Intent { act=android.intent.action.PACKAGE_REPLACED dat=package:com.google.location.nearby.apps.connectedcrossroad flg=0x4000010 (has extras) } to com.google.android.gms/.gass.chimera.PackageChangeBroadcastReceiver
04-22 11:13:33.518  1635  1775 W BroadcastQueue: Background execution not allowed: receiving Intent { act=android.intent.action.PACKAGE_REPLACED dat=package:com.google.location.nearby.apps.connectedcrossroad flg=0x4000010 (has extras) } to com.google.android.gms/.chimera.GmsIntentOperationService$PersistentTrustedReceiver
04-22 11:13:33.518  1635  1775 W BroadcastQueue: Background execution not allowed: receiving Intent { act=android.intent.action.PACKAGE_REPLACED dat=package:com.google.location.nearby.apps.connectedcrossroad flg=0x4000010 (has extras) } to com.google.android.googlequicksearchbox/com.google.android.apps.gsa.googlequicksearchbox.GelStubAppWatcher
04-22 11:13:33.519  1635  1775 W BroadcastQueue: Background execution not allowed: receiving Intent { act=android.intent.action.PACKAGE_REPLACED dat=package:com.google.location.nearby.apps.connectedcrossroad flg=0x4000010 (has extras) } to com.infonow.bofa/com.bofa.ecom.marvel.application.BofaPackageUpdateReceiver
04-22 11:13:33.519  1635  1775 W BroadcastQueue: Background execution not allowed: receiving Intent { act=android.intent.action.PACKAGE_REPLACED dat=package:com.google.location.nearby.apps.connectedcrossroad flg=0x4000010 (has extras) } to com.microsoft.appmanager/com.microsoft.mmx.continuity.receiver.InstallUninstallReceiver
04-22 11:13:33.519  1635  1775 W BroadcastQueue: Background execution not allowed: receiving Intent { act=android.intent.action.PACKAGE_REPLACED dat=package:com.google.location.nearby.apps.connectedcrossroad flg=0x4000010 (has extras) } to com.microsoft.emmx/com.microsoft.mmx.continuity.receiver.InstallUninstallReceiver
04-22 11:13:33.519  1635  1775 W BroadcastQueue: Background execution not allowed: receiving Intent { act=android.intent.action.PACKAGE_REPLACED dat=package:com.google.location.nearby.apps.connectedcrossroad flg=0x4000010 (has extras) } to steptracker.healthandfitness.walkingtracker.pedometer/com.drojian.stepcounter.receiver.PedometerReceiver
04-22 11:13:33.519  1635  1775 W BroadcastQueue: Background execution not allowed: receiving Intent { act=android.intent.action.PACKAGE_REPLACED dat=package:com.google.location.nearby.apps.connectedcrossroad flg=0x4000010 (has extras) } to steptracker.healthandfitness.walkingtracker.pedometer/com.drojian.servicekeeper.receiver.BootReceiver
04-22 11:13:33.601  1635  1635 W Looper  : Drained
04-22 11:13:33.619  1635  4930 D CompatibilityChangeReporter: Compat change id reported: 136274596; UID 10333; state: DISABLED
04-22 11:13:33.623  1635  1752 W Looper  : Slow dispatch took 178ms android.fg h=android.os.Handler c=<recycled PooledLambda@a4473aa> m=0
04-22 11:13:33.662  1635  2884 W NetworkPolicy: shared quota unsupported; generating rule for each iface
04-22 11:13:34.132  1635  1752 W Looper  : Slow dispatch took 159ms android.fg h=android.os.Handler c=<recycled PooledLambda@6c39bbf> m=0
04-22 11:13:34.516  1635  2884 W NetworkPolicy: shared quota unsupported; generating rule for each iface
04-22 11:13:34.571  1635  1752 W Looper  : Drained
04-22 11:13:34.664  1635  2891 D ConnectivityService: NetReassign [no changes]
04-22 11:13:34.878  1635  2884 W NetworkPolicy: shared quota unsupported; generating rule for each iface
04-22 11:13:34.969  1635  2884 I chatty  : uid=1000(system) NetworkPolicy identical 1 line
04-22 11:13:35.359  1635  2884 W NetworkPolicy: shared quota unsupported; generating rule for each iface
04-22 11:13:35.606  1635  4613 E SystemServiceRegistry: Manager wrapper not available: face
04-22 11:13:35.608  1635  4613 I StatsPullAtomService: No runtime appop access message collected
04-22 11:13:35.608  1635  1775 I DropBoxManagerService: add tag=system_server_wtf isTagEnabled=true flags=0x2
04-22 11:13:35.713  1635 11678 W SettingsStatsUtil: Can not parse value to float: gps,network
04-22 11:13:37.616  1635  1775 W BroadcastQueue: Background execution not allowed: receiving Intent { act=android.intent.action.DROPBOX_ENTRY_ADDED flg=0x10 (has extras) } to com.google.android.gms/.stats.service.DropBoxEntryAddedReceiver
04-22 11:13:37.616  1635  1775 W BroadcastQueue: Background execution not allowed: receiving Intent { act=android.intent.action.DROPBOX_ENTRY_ADDED flg=0x10 (has extras) } to com.google.android.gms/.chimera.GmsIntentOperationService$PersistentTrustedReceiver
04-22 11:13:37.673  1635  2891 D ConnectivityService: NetReassign [no changes]
04-22 11:13:37.712  1635 11678 I DropBoxManagerService: add tag=platform_stats_bookmark isTagEnabled=true flags=0x2
04-22 11:13:37.717  1635  1775 W BroadcastQueue: Background execution not allowed: receiving Intent { act=android.intent.action.DROPBOX_ENTRY_ADDED flg=0x10 (has extras) } to com.google.android.gms/.stats.service.DropBoxEntryAddedReceiver
04-22 11:13:37.718  1635  1775 W BroadcastQueue: Background execution not allowed: receiving Intent { act=android.intent.action.DROPBOX_ENTRY_ADDED flg=0x10 (has extras) } to com.google.android.gms/.chimera.GmsIntentOperationService$PersistentTrustedReceiver
04-22 11:13:37.971  1635  1635 D BluetoothManagerService: Bluetooth Adapter name changed to Il96T3lbye0AAAAAAAAAATE
04-22 11:13:37.972  1635  1635 D BluetoothManagerService: Stored Bluetooth name: Il96T3lbye0AAAAAAAAAATE
04-22 11:13:38.306  1635  2893 D NsdService: Register service
04-22 11:13:38.306  1635  2893 D NsdService: registerService: 17 name: Il96T3lbye0AAA, type: _5BC9ED5E6C75._tcp, host: null, port: 37919, txtRecord: n=MQIPv4=192.168.1.17
04-22 11:13:38.306  1635  2893 D NsdService: mdnssd [register, 17, Il96T3lbye0AAA, _5BC9ED5E6C75._tcp, 37919, BG49TVERSVB2ND0xOTIuMTY4LjEuMTc=]
04-22 11:13:38.308  1635  2893 D NsdService: Register 17 17
04-22 11:13:39.074  1635  2893 D NsdService: Native daemon message SERVICE_REGISTERED: 606 17 "Il96T3lbye0AAA"
04-22 11:13:39.089  1635  3045 E AppOps  : attributionTag com.google.android.gms.nearby not declared in manifest of com.google.location.nearby.apps.connectedcrossroad
04-22 11:13:40.683  1635  2891 D ConnectivityService: NetReassign [no changes]
04-22 11:13:43.709  1635  2891 I chatty  : uid=1000(system) ConnectivitySer identical 1 line
04-22 11:13:46.734  1635  2891 D ConnectivityService: NetReassign [no changes]
04-22 11:13:48.386  1635  4613 W BroadcastQueue: Background execution not allowed: receiving Intent { act=android.bluetooth.device.action.BOND_STATE_CHANGED flg=0x10 (has extras) } to com.google.android.gms/.chimera.GmsIntentOperationService$PersistentTrustedReceiver
04-22 11:13:48.393  1635  1775 W BroadcastQueue: Background execution not allowed: receiving Intent { act=android.bluetooth.device.action.BOND_STATE_CHANGED flg=0x10 (has extras) } to com.google.android.googlequicksearchbox/com.google.android.apps.gsa.broadcastreceiver.external.ExternalCommonBroadcastReceiver
04-22 11:13:48.521  1635  1775 W BroadcastQueue: Background execution not allowed: receiving Intent { act=android.bluetooth.device.action.BOND_STATE_CHANGED flg=0x10 (has extras) } to com.google.android.gms/.chimera.GmsIntentOperationService$PersistentTrustedReceiver
04-22 11:13:48.525  1635  1775 W BroadcastQueue: Background execution not allowed: receiving Intent { act=android.bluetooth.device.action.BOND_STATE_CHANGED flg=0x10 (has extras) } to com.google.android.googlequicksearchbox/com.google.android.apps.gsa.broadcastreceiver.external.ExternalCommonBroadcastReceiver
04-22 11:13:49.763  1635  2891 D ConnectivityService: NetReassign [no changes]
04-22 11:13:52.783  1635  2891 I chatty  : uid=1000(system) ConnectivitySer identical 1 line
04-22 11:13:55.803  1635  2891 D ConnectivityService: NetReassign [no changes]
04-22 11:13:57.053  1635 12312 W BroadcastQueue: Background execution not allowed: receiving Intent { act=android.bluetooth.device.action.BOND_STATE_CHANGED flg=0x10 (has extras) } to com.google.android.gms/.chimera.GmsIntentOperationService$PersistentTrustedReceiver
04-22 11:13:57.060  1635  1775 W BroadcastQueue: Background execution not allowed: receiving Intent { act=android.bluetooth.device.action.BOND_STATE_CHANGED flg=0x10 (has extras) } to com.google.android.googlequicksearchbox/com.google.android.apps.gsa.broadcastreceiver.external.ExternalCommonBroadcastReceiver
04-22 11:13:57.061  1635  1775 W BroadcastQueue: Background execution not allowed: receiving Intent { act=android.bluetooth.device.action.BOND_STATE_CHANGED flg=0x10 (has extras) } to com.google.android.gms/.chimera.GmsIntentOperationService$PersistentTrustedReceiver
04-22 11:13:57.061  1635  1775 W BroadcastQueue: Background execution not allowed: receiving Intent { act=android.bluetooth.device.action.BOND_STATE_CHANGED flg=0x10 (has extras) } to com.google.android.googlequicksearchbox/com.google.android.apps.gsa.broadcastreceiver.external.ExternalCommonBroadcastReceiver
04-22 11:13:58.827  1635  2891 D ConnectivityService: NetReassign [no changes]
04-22 11:14:01.849  1635  2891 D ConnectivityService: NetReassign [no changes]
04-22 11:14:02.231  1635 11678 W BroadcastQueue: Background execution not allowed: receiving Intent { act=android.bluetooth.device.action.BOND_STATE_CHANGED flg=0x10 (has extras) } to com.google.android.gms/.chimera.GmsIntentOperationService$PersistentTrustedReceiver
04-22 11:14:02.233  1635  1775 W BroadcastQueue: Background execution not allowed: receiving Intent { act=android.bluetooth.device.action.BOND_STATE_CHANGED flg=0x10 (has extras) } to com.google.android.googlequicksearchbox/com.google.android.apps.gsa.broadcastreceiver.external.ExternalCommonBroadcastReceiver
04-22 11:14:02.234  1635  1775 W BroadcastQueue: Background execution not allowed: receiving Intent { act=android.bluetooth.device.action.BOND_STATE_CHANGED flg=0x10 (has extras) } to com.google.android.gms/.chimera.GmsIntentOperationService$PersistentTrustedReceiver
