04-22 11:35:17.821  1749  1781 W BroadcastQueue: Background execution not allowed: receiving Intent { act=android.bluetooth.device.action.BOND_STATE_CHANGED flg=0x10 (has extras) } to com.google.android.googlequicksearchbox/com.google.android.apps.gsa.broadcastreceiver.external.ExternalCommonBroadcastReceiver
04-22 11:35:20.339  1749  1767 I ActivityManager: Force stopping com.google.location.nearby.apps.connectedcrossroad appid=10216 user=0: from pid 15470
04-22 11:35:20.340  1749  1767 I ActivityManager: Killing 15313:com.google.location.nearby.apps.connectedcrossroad/u0a216 (adj 0): stop com.google.location.nearby.apps.connectedcrossroad
04-22 11:35:20.341  1749  1767 D ActivityManager: makeInactive, ProcessRecord{296dc76 15313:com.google.location.nearby.apps.connectedcrossroad/u0a216}, clear holder.state
04-22 11:35:20.343  1749  1767 W ActivityTaskManager: Force removing ActivityRecord{17afb43 u0 com.google.location.nearby.apps.connectedcrossroad/nx.aodv.eval.MainActivity t51 f}: app died, no saved state
04-22 11:35:20.344  1749  1767 V WindowManager: Changing focus from Window{879044e u0 com.google.location.nearby.apps.connectedcrossroad/nx.aodv.eval.MainActivity} to null displayId=0
04-22 11:35:20.353  1749  1767 I WindowManager: Window drawn AppWindowToken{d972f9 token=Token{2bd95c0 ActivityRecord{17afb43 u0 com.google.location.nearby.apps.connectedcrossroad/nx.aodv.eval.MainActivity t51}}}
04-22 11:35:20.359  1749  1767 I ActivityTaskManager: moveHomeStack, setupComplete:true
04-22 11:35:20.416  1749  3451 V WindowManager: Changing focus from null to Window{733e816 u0 com.motorola.launcher3/com.android.launcher3.CustomizationPanelLauncher} displayId=0
04-22 11:35:20.430  1749  1773 I WindowManager:   SURFACE show Surface(name=com.android.systemui.ImageWallpaper)/@0xcbdab7b on display:0: com.android.systemui.ImageWallpaper
04-22 11:35:20.434  1749  1773 I WindowManager: Window drawn AppWindowToken{7a5d47e token=Token{e022639 ActivityRecord{9980e00 u0 com.motorola.launcher3/com.android.launcher3.CustomizationPanelLauncher t3}}}
04-22 11:35:20.437  1749  1773 I WindowManager:   SURFACE show Surface(name=com.motorola.launcher3/com.android.launcher3.CustomizationPanelLauncher)/@0x3257d6d on display:0: com.motorola.launcher3/com.android.launcher3.CustomizationPanelLauncher
04-22 11:35:20.442  1749  5874 W InputMethodManagerService: Got RemoteException sending setActive(false) notification to pid 15313 uid 10216
04-22 11:35:20.448  1749  1772 W ActivityManager: setHasOverlayUi called on unknown pid: 15313
04-22 11:35:20.531  1749  1773 I WindowManager:   SURFACE show Surface(name=com.motorola.launcher3/com.android.launcher3.CustomizationPanelLauncher)/@0xa0d6efa on display:0: com.motorola.launcher3/com.android.launcher3.CustomizationPanelLauncher
04-22 11:35:21.778  1749  2257 D NsdService: unregister service
04-22 11:35:21.778  1749  2257 D NsdService: mdnssd [stop-register, 31]
04-22 11:35:21.829  1749  1749 D BluetoothManagerService: Bluetooth Adapter name changed to moto e
04-22 11:35:21.830  1749  1749 D BluetoothManagerService: Stored Bluetooth name: moto e
04-22 11:35:21.830  1749  1749 V SettingsProvider: Notifying for 0: content://settings/secure/bluetooth_name
04-22 11:35:22.216  1749  1781 I ActivityManager: Waited long enough for: ServiceRecord{f1342f4 u0 com.google.android.googlequicksearchbox/com.google.android.apps.gsa.shared.util.keepalive.StandaloneKeepAlive$KeepAliveService}
04-22 11:35:24.643  1749  1780 I UsageStatsService: User[0] Flushing usage stats to disk
04-22 11:35:24.695  1749  1780 E AppIdleHistory: Error writing app idle file for user 0
04-22 11:35:35.831  1749  1767 I ActivityManager: Force stopping com.google.location.nearby.apps.connectedcrossroad appid=10216 user=0: from pid 15513
04-22 11:35:37.314  1749  3475 I ActivityManager: Force stopping com.google.location.nearby.apps.connectedcrossroad appid=10216 user=0: from pid 15530
04-22 11:35:37.875  1749  3475 I ActivityTaskManager: START u0 {act=android.intent.action.MAIN cat=[android.intent.category.LAUNCHER] flg=0x10000000 cmp=com.google.location.nearby.apps.connectedcrossroad/nx.aodv.eval.MainActivity} from uid 2000
04-22 11:35:37.876  1749  3475 D ActivityTaskManager: getPreferredLaunchDisplay usersetdisplayid -1 current displayId 0 paramspreferid 0
04-22 11:35:37.876  1749  3475 D ActivityTaskManager: getPreferredLaunchDisplay usersetdisplayid -1 current displayId 0 paramspreferid 0
04-22 11:35:37.881  1749  3475 D ActivityTaskManager: getPreferredLaunchDisplay usersetdisplayid 0 current displayId 0 paramspreferid 0
04-22 11:35:37.899  1749  1749 V SettingsProvider: Notifying for 0: content://settings/secure/reminder_exp_learning_time_elapsed
04-22 11:35:37.915  1749  1773 V WindowManager: Changing focus from Window{733e816 u0 com.motorola.launcher3/com.android.launcher3.CustomizationPanelLauncher} to null displayId=0
04-22 11:35:37.921  1749  1782 I ActivityManager: Start proc 15540:com.google.location.nearby.apps.connectedcrossroad/u0a216 for activity {com.google.location.nearby.apps.connectedcrossroad/nx.aodv.eval.MainActivity}
04-22 11:35:37.979  1749  1773 I WindowManager:   SURFACE show Surface(name=Splash Screen com.google.location.nearby.apps.connectedcrossroad)/@0x209fc2b on display:0: Splash Screen com.google.location.nearby.apps.connectedcrossroad
04-22 11:35:38.288  1749  1767 I WindowManager: Window drawn AppWindowToken{7a5d47e token=Token{e022639 ActivityRecord{9980e00 u0 com.motorola.launcher3/com.android.launcher3.CustomizationPanelLauncher t3}}}
04-22 11:35:38.597  1749  1767 V WindowManager: Changing focus from null to Window{995dfda u0 com.google.location.nearby.apps.connectedcrossroad/nx.aodv.eval.MainActivity} displayId=0
04-22 11:35:38.660  1749  1773 I LaunchCheckinHandler: Displayed com.google.location.nearby.apps.connectedcrossroad/nx.aodv.eval.MainActivity,cp,ca,759
04-22 11:35:38.660  1749  1773 I WindowManager: Window drawn AppWindowToken{2b0626c token=Token{e739f1f ActivityRecord{28de2be u0 com.google.location.nearby.apps.connectedcrossroad/nx.aodv.eval.MainActivity t52}}}
04-22 11:35:38.661  1749  1773 I WindowManager:   SURFACE show Surface(name=com.google.location.nearby.apps.connectedcrossroad/nx.aodv.eval.MainActivity)/@0x6f20ae8 on display:0: com.google.location.nearby.apps.connectedcrossroad/nx.aodv.eval.MainActivity
04-22 11:35:42.723  1749  2054 D BatteryService: uevent={POWER_SUPPLY_DP_DM=0, POWER_SUPPLY_VOLTAGE_NOW=3743453, POWER_SUPPLY_SW_JEITA_ENABLED=0, POWER_SUPPLY_CHARGE_CONTROL_LIMIT_MAX=8, POWER_SUPPLY_RECHARGE_SOC=99, POWER_SUPPLY_HEALTH=Good, POWER_SUPPLY_TECHNOLOGY=Li-ion, POWER_SUPPLY_FCC_STEPPER_ENABLE=0, SEQNUM=625736, POWER_SUPPLY_INPUT_CURRENT_LIMITED=0, POWER_SUPPLY_CHARGE_CONTROL_LIMIT=0, POWER_SUPPLY_BATTERY_CHARGING_ENABLED=1, POWER_SUPPLY_STATUS=Discharging, POWER_SUPPLY_CYCLE_COUNT=1, POWER_SUPPLY_CURRENT_MAX=2000000, POWER_SUPPLY_CHARGE_TERM_CURRENT=-101, POWER_SUPPLY_CAPACITY=31, DEVPATH=/devices/platform/soc/200f000.qcom,spmi/spmi-0/spmi0-02/200f000.qcom,spmi:qcom,pmi632@2:qcom,qpnp-smb5/power_supply/battery, POWER_SUPPLY_CHARGE_DONE=0, POWER_SUPPLY_CHARGE_TYPE=N/A, POWER_SUPPLY_CHARGE_RATE=None, POWER_SUPPLY_CURRENT_NOW=-175628, POWER_SUPPLY_SYSTEM_TEMP_LEVEL=0, POWER_SUPPLY_PRESENT=1, POWER_SUPPLY_PARALLEL_DISABLE=0, POWER_SUPPLY_CHARGE_FULL=3615000, SUBSYSTEM=power_supply, POWER_SUPPLY_SET_SHIP_MODE=0, POWER_SUPPLY_TEMP=258, ACTION=change, POWER_SUPPLY_RERUN_AICL=0, POWER_SUPPLY_AGE=100, POWER_SUPPLY_NAME=battery, POWER_SUPPLY_VOLTAGE_MAX=-22, POWER_SUPPLY_CONSTANT_CHARGE_CURRENT_MAX=2000000, POWER_SUPPLY_CHARGE_COUNTER=1120650, POWER_SUPPLY_STEP_CHARGING_ENABLED=0, POWER_SUPPLY_NUM_SYSTEM_TEMP_LEVELS=8, POWER_SUPPLY_DIE_HEALTH=Hot, POWER_SUPPLY_INPUT_SUSPEND=0}
04-22 11:35:46.371  1749  1773 I WindowManager:   SURFACE show Surface(name=InputMethod)/@0x85197e1 on display:0: InputMethod
04-22 11:35:47.990  1749  1749 D BluetoothManagerService: Bluetooth Adapter name changed to IlVPTGVbye0AAAAAAAAAATI
04-22 11:35:47.990  1749  1749 D BluetoothManagerService: Stored Bluetooth name: IlVPTGVbye0AAAAAAAAAATI
04-22 11:35:47.990  1749  1749 V SettingsProvider: Notifying for 0: content://settings/secure/bluetooth_name
04-22 11:35:48.331  1749  2257 D NsdService: Register service
04-22 11:35:48.331  1749  2257 D NsdService: registerService: 32 name: IlVPTGVbye0AAA, type: _5BC9ED5E6C75._tcp, host: null, port: 39111, txtRecord: n=MgIPv4=192.168.1.65
04-22 11:35:48.331  1749  2257 D NsdService: mdnssd [register, 32, IlVPTGVbye0AAA, _5BC9ED5E6C75._tcp, 39111, BG49TWcRSVB2ND0xOTIuMTY4LjEuNjU=]
04-22 11:35:48.334  1749  2257 D NsdService: Register 32 32
04-22 11:35:48.784  1749  1773 I WindowManager:   SURFACE show Surface(name=InputMethod)/@0x95cc8a2 on display:0: InputMethod
04-22 11:35:49.018  1749  2257 D NsdService: Native daemon message SERVICE_REGISTERED: 606 32 "IlVPTGVbye0AAA"
04-22 11:35:50.736  1749  1773 I WindowManager:   SURFACE show Surface(name=EdgeBackGestureHandler0)/@0x8fc7276 on display:0: EdgeBackGestureHandler0
04-22 11:35:51.397 15540 15540 D TextClassifierService: No configured system TextClassifierService
04-22 11:35:51.407 15540 15540 D TextClassifierService: No configured system TextClassifierService
04-22 11:35:51.411 15540 15579 D TextClassifierService: No configured system TextClassifierService
04-22 11:35:51.732  1749  1773 I WindowManager:   SURFACE show Surface(name=PopupWindow:3b859ef)/@0x42d6880 on display:0: PopupWindow:3b859ef
04-22 11:35:51.732  1749  1773 I WindowManager:   SURFACE show Surface(name=PopupWindow:41a41da)/@0x2caeb9 on display:0: PopupWindow:41a41da
04-22 11:35:51.824  1749  1773 I WindowManager:   SURFACE show Surface(name=PopupWindow:9eaa1a6)/@0xecd410a on display:0: PopupWindow:9eaa1a6
04-22 11:35:55.725  1749  1773 I WindowManager:   SURFACE show Surface(name=EdgeBackGestureHandler0)/@0xcc046c8 on display:0: EdgeBackGestureHandler0
04-22 11:35:56.411  1749  1773 I WindowManager:   SURFACE show Surface(name=PopupWindow:1ee4f48)/@0x72bb49d on display:0: PopupWindow:1ee4f48
04-22 11:35:56.506  1749  1773 I WindowManager:   SURFACE show Surface(name=PopupWindow:ce315c7)/@0x93fd99 on display:0: PopupWindow:ce315c7
04-22 11:36:01.707  1749  5874 W ProcessStats: Tracking association SourceState{ecff641 com.google.android.gms.persistent/10158 ImpFg #94745} whose proc state 2 is better than process ProcessState{d084d42 com.google.android.gms/10158 pkg=com.google.android.gms} proc state 3 (7 skipped)
04-22 11:36:14.110  1749  1781 W BroadcastQueue: Background execution not allowed: receiving Intent { act=android.bluetooth.device.action.BOND_STATE_CHANGED flg=0x10 (has extras) } to com.google.android.gms/.chimera.GmsIntentOperationService$PersistentTrustedReceiver
04-22 11:36:14.111  1749  1781 W BroadcastQueue: Background execution not allowed: receiving Intent { act=android.bluetooth.device.action.BOND_STATE_CHANGED flg=0x10 (has extras) } to com.google.android.googlequicksearchbox/com.google.android.apps.gsa.broadcastreceiver.external.ExternalCommonBroadcastReceiver
04-22 11:36:14.639  1749  1781 W BroadcastQueue: Background execution not allowed: receiving Intent { act=android.bluetooth.device.action.BOND_STATE_CHANGED flg=0x10 (has extras) } to com.google.android.gms/.chimera.GmsIntentOperationService$PersistentTrustedReceiver
04-22 11:36:14.642  1749  1781 W BroadcastQueue: Background execution not allowed: receiving Intent { act=android.bluetooth.device.action.BOND_STATE_CHANGED flg=0x10 (has extras) } to com.google.android.googlequicksearchbox/com.google.android.apps.gsa.broadcastreceiver.external.ExternalCommonBroadcastReceiver
04-22 11:36:24.190  1749  1781 I ActivityManager: Waited long enough for: ServiceRecord{ff55c72 u0 com.google.android.googlequicksearchbox/com.google.android.apps.gsa.shared.util.keepalive.StandaloneKeepAlive$KeepAliveService}
04-22 11:36:44.167  1749  2054 D BatteryService: uevent={POWER_SUPPLY_DP_DM=0, POWER_SUPPLY_VOLTAGE_NOW=3740533, POWER_SUPPLY_SW_JEITA_ENABLED=0, POWER_SUPPLY_CHARGE_CONTROL_LIMIT_MAX=8, POWER_SUPPLY_RECHARGE_SOC=99, POWER_SUPPLY_HEALTH=Good, POWER_SUPPLY_TECHNOLOGY=Li-ion, POWER_SUPPLY_FCC_STEPPER_ENABLE=0, SEQNUM=625858, POWER_SUPPLY_INPUT_CURRENT_LIMITED=0, POWER_SUPPLY_CHARGE_CONTROL_LIMIT=0, POWER_SUPPLY_BATTERY_CHARGING_ENABLED=1, POWER_SUPPLY_STATUS=Discharging, POWER_SUPPLY_CYCLE_COUNT=1, POWER_SUPPLY_CURRENT_MAX=2000000, POWER_SUPPLY_CHARGE_TERM_CURRENT=-101, POWER_SUPPLY_CAPACITY=31, DEVPATH=/devices/platform/soc/200f000.qcom,spmi/spmi-0/spmi0-02/200f000.qcom,spmi:qcom,pmi632@2:qcom,qpnp-smb5/power_supply/battery, POWER_SUPPLY_CHARGE_DONE=0, POWER_SUPPLY_CHARGE_TYPE=N/A, POWER_SUPPLY_CHARGE_RATE=None, POWER_SUPPLY_CURRENT_NOW=-229187, POWER_SUPPLY_SYSTEM_TEMP_LEVEL=0, POWER_SUPPLY_PRESENT=1, POWER_SUPPLY_PARALLEL_DISABLE=0, POWER_SUPPLY_CHARGE_FULL=3615000, SUBSYSTEM=power_supply, POWER_SUPPLY_SET_SHIP_MODE=0, POWER_SUPPLY_TEMP=257, ACTION=change, POWER_SUPPLY_RERUN_AICL=0, POWER_SUPPLY_AGE=100, POWER_SUPPLY_NAME=battery, POWER_SUPPLY_VOLTAGE_MAX=-22, POWER_SUPPLY_CONSTANT_CHARGE_CURRENT_MAX=2000000, POWER_SUPPLY_CHARGE_COUNTER=1120650, POWER_SUPPLY_STEP_CHARGING_ENABLED=0, POWER_SUPPLY_NUM_SYSTEM_TEMP_LEVELS=8, POWER_SUPPLY_DIE_HEALTH=Hot, POWER_SUPPLY_INPUT_SUSPEND=0}
04-22 11:36:49.112  1749 10173 W ProcessStats: Tracking association SourceState{ecff641 com.google.android.gms.persistent/10158 ImpFg #94844} whose proc state 2 is better than process ProcessState{d084d42 com.google.android.gms/10158 pkg=com.google.android.gms} proc state 3 (3 skipped)
04-22 11:36:55.681  1749  2054 D BatteryService: uevent={POWER_SUPPLY_DP_DM=0, POWER_SUPPLY_VOLTAGE_NOW=3739560, POWER_SUPPLY_SW_JEITA_ENABLED=0, POWER_SUPPLY_CHARGE_CONTROL_LIMIT_MAX=8, POWER_SUPPLY_RECHARGE_SOC=99, POWER_SUPPLY_HEALTH=Good, POWER_SUPPLY_TECHNOLOGY=Li-ion, POWER_SUPPLY_FCC_STEPPER_ENABLE=0, SEQNUM=625883, POWER_SUPPLY_INPUT_CURRENT_LIMITED=0, POWER_SUPPLY_CHARGE_CONTROL_LIMIT=0, POWER_SUPPLY_BATTERY_CHARGING_ENABLED=1, POWER_SUPPLY_STATUS=Discharging, POWER_SUPPLY_CYCLE_COUNT=1, POWER_SUPPLY_CURRENT_MAX=2000000, POWER_SUPPLY_CHARGE_TERM_CURRENT=-101, POWER_SUPPLY_CAPACITY=30, DEVPATH=/devices/platform/soc/200f000.qcom,spmi/spmi-0/spmi0-02/200f000.qcom,spmi:qcom,pmi632@2:qcom,qpnp-smb5/power_supply/battery, POWER_SUPPLY_CHARGE_DONE=0, POWER_SUPPLY_CHARGE_TYPE=N/A, POWER_SUPPLY_CHARGE_RATE=None, POWER_SUPPLY_CURRENT_NOW=-229950, POWER_SUPPLY_SYSTEM_TEMP_LEVEL=0, POWER_SUPPLY_PRESENT=1, POWER_SUPPLY_PARALLEL_DISABLE=0, POWER_SUPPLY_CHARGE_FULL=3615000, SUBSYSTEM=power_supply, POWER_SUPPLY_SET_SHIP_MODE=0, POWER_SUPPLY_TEMP=258, ACTION=change, POWER_SUPPLY_RERUN_AICL=0, POWER_SUPPLY_AGE=100, POWER_SUPPLY_NAME=battery, POWER_SUPPLY_VOLTAGE_MAX=-22, POWER_SUPPLY_CONSTANT_CHARGE_CURRENT_MAX=2000000, POWER_SUPPLY_CHARGE_COUNTER=1120650, POWER_SUPPLY_STEP_CHARGING_ENABLED=0, POWER_SUPPLY_NUM_SYSTEM_TEMP_LEVELS=8, POWER_SUPPLY_DIE_HEALTH=Hot, POWER_SUPPLY_INPUT_SUSPEND=0}
04-22 11:36:59.790  1749  5123 W ProcessStats: Tracking association SourceState{ecff641 com.google.android.gms.persistent/10158 ImpFg #94902} whose proc state 2 is better than process ProcessState{d084d42 com.google.android.gms/10158 pkg=com.google.android.gms} proc state 3 (57 skipped)
04-22 11:37:26.367  1749 11475 I ActivityManager: Force stopping com.google.location.nearby.apps.connectedcrossroad appid=10216 user=0: from pid 15879
04-22 11:37:26.367  1749 11475 I ActivityManager: Killing 15540:com.google.location.nearby.apps.connectedcrossroad/u0a216 (adj 0): stop com.google.location.nearby.apps.connectedcrossroad
04-22 11:37:26.369  1749 11475 D ActivityManager: makeInactive, ProcessRecord{e7be364 15540:com.google.location.nearby.apps.connectedcrossroad/u0a216}, clear holder.state
04-22 11:37:26.371  1749 11475 W ActivityTaskManager: Force removing ActivityRecord{28de2be u0 com.google.location.nearby.apps.connectedcrossroad/nx.aodv.eval.MainActivity t52 f}: app died, no saved state
04-22 11:37:26.371  1749 11475 V WindowManager: Changing focus from Window{995dfda u0 com.google.location.nearby.apps.connectedcrossroad/nx.aodv.eval.MainActivity} to null displayId=0
04-22 11:37:26.382  1749 11475 I WindowManager: Window drawn AppWindowToken{2b0626c token=Token{e739f1f ActivityRecord{28de2be u0 com.google.location.nearby.apps.connectedcrossroad/nx.aodv.eval.MainActivity t52}}}
04-22 11:37:26.388  1749 11475 I ActivityTaskManager: moveHomeStack, setupComplete:true
04-22 11:37:26.446  1749  1772 W ActivityManager: setHasOverlayUi called on unknown pid: 15540
04-22 11:37:26.457  1749 10173 V WindowManager: Changing focus from null to Window{733e816 u0 com.motorola.launcher3/com.android.launcher3.CustomizationPanelLauncher} displayId=0
04-22 11:37:26.470  1749  1773 I WindowManager:   SURFACE show Surface(name=com.android.systemui.ImageWallpaper)/@0xcbdab7b on display:0: com.android.systemui.ImageWallpaper
04-22 11:37:26.474  1749  1773 I WindowManager: Window drawn AppWindowToken{7a5d47e token=Token{e022639 ActivityRecord{9980e00 u0 com.motorola.launcher3/com.android.launcher3.CustomizationPanelLauncher t3}}}
04-22 11:37:26.476  1749  1773 I WindowManager:   SURFACE show Surface(name=com.motorola.launcher3/com.android.launcher3.CustomizationPanelLauncher)/@0x3e0d8a7 on display:0: com.motorola.launcher3/com.android.launcher3.CustomizationPanelLauncher
04-22 11:37:26.553  1749  1773 I WindowManager:   SURFACE show Surface(name=com.motorola.launcher3/com.android.launcher3.CustomizationPanelLauncher)/@0xa8d76ec on display:0: com.motorola.launcher3/com.android.launcher3.CustomizationPanelLauncher
04-22 11:37:34.706  1749  2257 D NsdService: unregister service
04-22 11:37:34.706  1749  2257 D NsdService: mdnssd [stop-register, 32]
04-22 11:37:34.747  1749  1749 D BluetoothManagerService: Bluetooth Adapter name changed to moto e
04-22 11:37:34.747  1749  1749 D BluetoothManagerService: Stored Bluetooth name: moto e
04-22 11:37:34.747  1749  1749 V SettingsProvider: Notifying for 0: content://settings/secure/bluetooth_name
04-22 11:37:36.133  1749  1794 I PackageManager: Update package com.google.location.nearby.apps.connectedcrossroad code path from /data/app/com.google.location.nearby.apps.connectedcrossroad-dLzwj_-0KFfk2EQazpxeXA== to /data/app/com.google.location.nearby.apps.connectedcrossroad-Tb2jVikyzWH7mdNNQB9ClA==; Retain data and using new
04-22 11:37:36.134  1749  1794 I PackageManager: Update package com.google.location.nearby.apps.connectedcrossroad resource path from /data/app/com.google.location.nearby.apps.connectedcrossroad-dLzwj_-0KFfk2EQazpxeXA== to /data/app/com.google.location.nearby.apps.connectedcrossroad-Tb2jVikyzWH7mdNNQB9ClA==; Retain data and using new
04-22 11:37:36.263  1749  1794 I PackageManager: Un-granting permission android.permission.MANAGE_DOCUMENTS from package com.google.android.youtube (protectionLevel=262146 flags=0x30dbbe45)
04-22 11:37:36.266  1749  1794 I PackageManager: Un-granting permission com.google.android.googleapps.permission.GOOGLE_AUTH from package com.android.providers.calendar (protectionLevel=2 flags=0x30883e45)
04-22 11:37:36.266  1749  1794 I PackageManager: Un-granting permission com.google.android.googleapps.permission.GOOGLE_AUTH.cl from package com.android.providers.calendar (protectionLevel=2 flags=0x30883e45)
04-22 11:37:36.267  1749  1794 I PackageManager: Un-granting permission com.google.android.gm.permission.READ_GMAIL from package com.google.android.apps.docs.editors.docs (protectionLevel=2 flags=0x38dbbe44)
04-22 11:37:36.267  1749  1794 I PackageManager: Un-granting permission com.google.android.googleapps.permission.GOOGLE_AUTH from package com.google.android.apps.docs.editors.docs (protectionLevel=2 flags=0x38dbbe44)
04-22 11:37:36.267  1749  1794 I PackageManager: Un-granting permission com.google.android.googleapps.permission.GOOGLE_AUTH.OTHER_SERVICES from package com.google.android.apps.docs.editors.docs (protectionLevel=2 flags=0x38dbbe44)
04-22 11:37:36.267  1749  1794 I PackageManager: Un-granting permission com.google.android.googleapps.permission.GOOGLE_AUTH.ALL_SERVICES from package com.google.android.apps.docs.editors.docs (protectionLevel=2 flags=0x38dbbe44)
04-22 11:37:36.267  1749  1794 I PackageManager: Un-granting permission com.google.android.googleapps.permission.GOOGLE_AUTH.writely from package com.google.android.apps.docs.editors.docs (protectionLevel=2 flags=0x38dbbe44)
04-22 11:37:36.267  1749  1794 I PackageManager: Un-granting permission com.google.android.googleapps.permission.GOOGLE_AUTH.wise from package com.google.android.apps.docs.editors.docs (protectionLevel=2 flags=0x38dbbe44)
04-22 11:37:36.268  1749  1794 I PackageManager: Un-granting permission android.permission.REQUEST_INSTALL_PACKAGES from package com.motorola.brapps (protectionLevel=66 flags=0x38483e45)
04-22 11:37:36.270  1749  1794 I PackageManager: Un-granting permission com.google.android.gm.permission.READ_GMAIL from package com.google.android.apps.docs.editors.sheets (protectionLevel=2 flags=0x38dbbe44)
04-22 11:37:36.270  1749  1794 I PackageManager: Un-granting permission com.google.android.googleapps.permission.GOOGLE_AUTH from package com.google.android.apps.docs.editors.sheets (protectionLevel=2 flags=0x38dbbe44)
04-22 11:37:36.270  1749  1794 I PackageManager: Un-granting permission com.google.android.googleapps.permission.GOOGLE_AUTH.OTHER_SERVICES from package com.google.android.apps.docs.editors.sheets (protectionLevel=2 flags=0x38dbbe44)
04-22 11:37:36.270  1749  1794 I PackageManager: Un-granting permission com.google.android.googleapps.permission.GOOGLE_AUTH.ALL_SERVICES from package com.google.android.apps.docs.editors.sheets (protectionLevel=2 flags=0x38dbbe44)
04-22 11:37:36.270  1749  1794 I PackageManager: Un-granting permission com.google.android.googleapps.permission.GOOGLE_AUTH.writely from package com.google.android.apps.docs.editors.sheets (protectionLevel=2 flags=0x38dbbe44)
04-22 11:37:36.270  1749  1794 I PackageManager: Un-granting permission com.google.android.googleapps.permission.GOOGLE_AUTH.wise from package com.google.android.apps.docs.editors.sheets (protectionLevel=2 flags=0x38dbbe44)
04-22 11:37:36.270  1749  1794 I PackageManager: Un-granting permission com.google.android.gm.permission.READ_GMAIL from package com.google.android.apps.docs.editors.slides (protectionLevel=2 flags=0x38dbbe44)
04-22 11:37:36.270  1749  1794 I PackageManager: Un-granting permission com.google.android.googleapps.permission.GOOGLE_AUTH from package com.google.android.apps.docs.editors.slides (protectionLevel=2 flags=0x38dbbe44)
04-22 11:37:36.270  1749  1794 I PackageManager: Un-granting permission com.google.android.googleapps.permission.GOOGLE_AUTH.OTHER_SERVICES from package com.google.android.apps.docs.editors.slides (protectionLevel=2 flags=0x38dbbe44)
04-22 11:37:36.271  1749  1794 I PackageManager: Un-granting permission com.google.android.googleapps.permission.GOOGLE_AUTH.ALL_SERVICES from package com.google.android.apps.docs.editors.slides (protectionLevel=2 flags=0x38dbbe44)
04-22 11:37:36.271  1749  1794 I PackageManager: Un-granting permission com.google.android.googleapps.permission.GOOGLE_AUTH.writely from package com.google.android.apps.docs.editors.slides (protectionLevel=2 flags=0x38dbbe44)
04-22 11:37:36.271  1749  1794 I PackageManager: Un-granting permission com.google.android.googleapps.permission.GOOGLE_AUTH.wise from package com.google.android.apps.docs.editors.slides (protectionLevel=2 flags=0x38dbbe44)
04-22 11:37:36.271  1749  1794 I PackageManager: Un-granting permission com.google.android.setupwizard.READ_DEVICE_ORIGIN from package com.google.android.apps.messaging (protectionLevel=18 flags=0x38cbbe45)
04-22 11:37:36.276  1749  1794 I PackageManager: Un-granting permission android.permission.SEND_DOWNLOAD_COMPLETED_INTENTS from package com.android.vending (protectionLevel=2 flags=0x28cabec5)
04-22 11:37:36.282  1749  1794 I PackageManager: Un-granting permission android.permission.BIND_CARRIER_SERVICES from package com.republicwireless.tel (protectionLevel=18 flags=0x30483e45)
04-22 11:37:36.283  1749  1794 I PackageManager: Un-granting permission android.permission.REQUEST_INSTALL_PACKAGES from package com.google.android.gm (protectionLevel=66 flags=0x38cbbe45)
04-22 11:37:36.287  1749  1794 I PackageManager: Un-granting permission android.permission.MANAGE_ROLE_HOLDERS from package com.google.android.apps.wellbeing (protectionLevel=258 flags=0x20cbbe45)
04-22 11:37:36.288  1749  1794 I PackageManager: Un-granting permission android.permission.REQUEST_INSTALL_PACKAGES from package com.google.android.apps.nbu.files (protectionLevel=66 flags=0x30c83e45)
04-22 11:37:36.288  1749  1794 I PackageManager: Un-granting permission android.permission.REQUEST_INSTALL_PACKAGES from package com.google.android.apps.docs (protectionLevel=66 flags=0x38cbbe45)
04-22 11:37:36.290  1749  1794 I PackageManager: Un-granting permission android.permission.INTERACT_ACROSS_USERS from package com.google.android.syncadapters.contacts (protectionLevel=50 flags=0x20883e45)
04-22 11:37:36.290  1749  1794 I PackageManager: Un-granting permission android.permission.REQUEST_INSTALL_PACKAGES from package com.android.chrome (protectionLevel=66 flags=0xa0cbbe45)
04-22 11:37:36.291  1749  1794 I PackageManager: Un-granting permission android.permission.CAPTURE_VIDEO_OUTPUT from package com.google.android.gms (protectionLevel=2 flags=0xa0cabec5)
04-22 11:37:36.291  1749  1794 I PackageManager: Un-granting permission android.permission.MANAGE_DEVICE_ADMINS from package com.google.android.gms (protectionLevel=2 flags=0xa0cabec5)
04-22 11:37:36.291  1749  1794 I PackageManager: Un-granting permission android.permission.MANAGE_ACTIVITY_STACKS from package com.google.android.gms (protectionLevel=2 flags=0xa0cabec5)
04-22 11:37:36.291  1749  1794 I PackageManager: Un-granting permission android.permission.CAPTURE_SECURE_VIDEO_OUTPUT from package com.google.android.gms (protectionLevel=2 flags=0xa0cabec5)
04-22 11:37:36.292  1749  1794 I PackageManager: Un-granting permission android.permission.MANAGE_ROLLBACKS from package com.google.android.gms (protectionLevel=514 flags=0xa0cabec5)
04-22 11:37:36.293  1749  1794 I PackageManager: Un-granting permission com.google.android.googleapps.permission.GOOGLE_AUTH from package com.google.android.videos (protectionLevel=2 flags=0x30dbbe45)
04-22 11:37:36.294  1749  1794 I PackageManager: Un-granting permission android.permission.WRITE_MEDIA_STORAGE from package com.google.android.apps.photos (protectionLevel=18 flags=0x38d9be45)
04-22 11:37:36.297  1749  1794 I PackageManager: Un-granting permission android.permission.CONNECTIVITY_INTERNAL from package com.google.android.wfcactivation (protectionLevel=18 flags=0x3888be45)
04-22 11:37:36.297  1749  1794 I PackageManager: Un-granting permission android.permission.READ_LOGS from package com.google.android.wfcactivation (protectionLevel=50 flags=0x3888be45)
04-22 11:37:36.297  1749  1794 I PackageManager: Un-granting permission android.permission.WRITE_APN_SETTINGS from package com.google.android.wfcactivation (protectionLevel=18 flags=0x3888be45)
04-22 11:37:36.297  1749  1794 I PackageManager: Un-granting permission android.permission.WRITE_SECURE_SETTINGS from package com.LogiaGroup.LogiaDeck (protectionLevel=50 flags=0x38483e45)
04-22 11:37:36.299  1749  1794 I PackageManager: Un-granting permission android.permission.READ_WALLPAPER_INTERNAL from package com.google.android.apps.wallpaper (protectionLevel=18 flags=0x20cbbe45)
04-22 11:37:36.414  1749  2067 W AccountManagerService: User 10216 does not exist. It might be removed already.
04-22 11:37:36.417  1749  2646 W LocationProviderProxy: Odd, no component found for service com.android.location.service.v3.NetworkLocationProvider
04-22 11:37:36.429  1749  1781 W BroadcastQueue: Background execution not allowed: receiving Intent { act=android.intent.action.PACKAGE_REMOVED dat=package:com.google.location.nearby.apps.connectedcrossroad flg=0x4000010 (has extras) } to com.android.vending/com.google.android.finsky.packagemanager.impl.PackageMonitorReceiverImpl$RegisteredReceiver
04-22 11:37:36.429  1749  1781 W BroadcastQueue: Background execution not allowed: receiving Intent { act=android.intent.action.PACKAGE_REMOVED dat=package:com.google.location.nearby.apps.connectedcrossroad flg=0x4000010 (has extras) } to com.android.vending/com.google.android.finsky.instantapps.appmanagement.InstantAppRemoveMonitor
04-22 11:37:36.429  1749  1781 W BroadcastQueue: Background execution not allowed: receiving Intent { act=android.intent.action.PACKAGE_REMOVED dat=package:com.google.location.nearby.apps.connectedcrossroad flg=0x4000010 (has extras) } to com.google.android.gms/.games.chimera.GamesSystemBroadcastReceiverProxy
04-22 11:37:36.429  1749  1781 W BroadcastQueue: Background execution not allowed: receiving Intent { act=android.intent.action.PACKAGE_REMOVED dat=package:com.google.location.nearby.apps.connectedcrossroad flg=0x4000010 (has extras) } to com.google.android.gms/.chimera.GmsIntentOperationService$PersistentTrustedReceiver
04-22 11:37:36.464  1749  1781 W BroadcastQueue: Background execution not allowed: receiving Intent { act=android.intent.action.PACKAGE_REMOVED dat=package:com.google.location.nearby.apps.connectedcrossroad flg=0x4000010 (has extras) } to com.google.android.googlequicksearchbox/com.google.android.apps.gsa.googlequicksearchbox.GelStubAppWatcher
04-22 11:37:36.468  1749  1781 W BroadcastQueue: Background execution not allowed: receiving Intent { act=android.intent.action.PACKAGE_REMOVED dat=package:com.google.location.nearby.apps.connectedcrossroad flg=0x4000010 (has extras) } to com.verizon.loginengine.unbranded/com.verizon.vzwavs.AVSSystemReceiver
04-22 11:37:36.470  1749  1781 W BroadcastQueue: Background execution not allowed: receiving Intent { act=android.intent.action.PACKAGE_REMOVED dat=package:com.google.location.nearby.apps.connectedcrossroad flg=0x4000010 (has extras) } to com.google.android.apps.magazines/com.google.android.libraries.social.peoplekit.thirdparty.viewcontrollers.ThirdPartyReceiver
04-22 11:37:36.472  1749  1781 W BroadcastQueue: Background execution not allowed: receiving Intent { act=android.intent.action.PACKAGE_ADDED dat=package:com.google.location.nearby.apps.connectedcrossroad flg=0x4000010 (has extras) } to com.google.android.packageinstaller/com.android.packageinstaller.PackageInstalledReceiver
04-22 11:37:36.472  1749  1781 W BroadcastQueue: Background execution not allowed: receiving Intent { act=android.intent.action.PACKAGE_ADDED dat=package:com.google.location.nearby.apps.connectedcrossroad flg=0x4000010 (has extras) } to com.android.vending/com.google.android.finsky.packagemanager.impl.PackageMonitorReceiverImpl$RegisteredReceiver
04-22 11:37:36.472  1749  1781 W BroadcastQueue: Background execution not allowed: receiving Intent { act=android.intent.action.PACKAGE_ADDED dat=package:com.google.location.nearby.apps.connectedcrossroad flg=0x4000010 (has extras) } to com.facebook.appmanager/com.facebook.oxygen.common.packages.event.manifest.ManifestPackageEventReceiver
04-22 11:37:36.472  1749  1781 W BroadcastQueue: Background execution not allowed: receiving Intent { act=android.intent.action.PACKAGE_ADDED dat=package:com.google.location.nearby.apps.connectedcrossroad flg=0x4000010 (has extras) } to com.google.android.gms/.games.chimera.GamesSystemBroadcastReceiverProxy
04-22 11:37:36.472  1749  1781 W BroadcastQueue: Background execution not allowed: receiving Intent { act=android.intent.action.PACKAGE_ADDED dat=package:com.google.location.nearby.apps.connectedcrossroad flg=0x4000010 (has extras) } to com.google.android.gms/.gass.chimera.PackageChangeBroadcastReceiver
04-22 11:37:36.472  1749  1781 W BroadcastQueue: Background execution not allowed: receiving Intent { act=android.intent.action.PACKAGE_ADDED dat=package:com.google.location.nearby.apps.connectedcrossroad flg=0x4000010 (has extras) } to com.google.android.gms/.chimera.GmsIntentOperationService$PersistentTrustedReceiver
04-22 11:37:36.472  1749  1781 W BroadcastQueue: Background execution not allowed: receiving Intent { act=android.intent.action.PACKAGE_ADDED dat=package:com.google.location.nearby.apps.connectedcrossroad flg=0x4000010 (has extras) } to com.google.android.googlequicksearchbox/com.google.android.apps.gsa.googlequicksearchbox.GelStubAppWatcher
04-22 11:37:36.473  1749  1781 W BroadcastQueue: Background execution not allowed: receiving Intent { act=android.intent.action.PACKAGE_ADDED dat=package:com.google.location.nearby.apps.connectedcrossroad flg=0x4000010 (has extras) } to com.google.android.ims/.receivers.RcsAutoStartReceiver
04-22 11:37:36.507  1749  2464 W BroadcastQueue: Background execution not allowed: receiving Intent { act=android.intent.action.PACKAGE_ADDED dat=package:com.google.location.nearby.apps.connectedcrossroad flg=0x4000010 (has extras) } to com.verizon.loginengine.unbranded/com.verizon.vzwavs.AVSSystemReceiver
04-22 11:37:36.690  1749 11470 W BroadcastQueue: Background execution not allowed: receiving Intent { act=android.intent.action.PACKAGE_REPLACED dat=package:com.google.location.nearby.apps.connectedcrossroad flg=0x4000010 (has extras) } to com.facebook.appmanager/com.facebook.oxygen.common.packages.event.manifest.ManifestPackageEventReceiver
04-22 11:37:36.691  1749  1781 W BroadcastQueue: Background execution not allowed: receiving Intent { act=android.intent.action.PACKAGE_REPLACED dat=package:com.google.location.nearby.apps.connectedcrossroad flg=0x4000010 (has extras) } to com.google.android.apps.photos/.account.full.FetchAccountPropertiesAppUpgradeBroadcastReceiver
04-22 11:37:36.691  1749  1781 W BroadcastQueue: Background execution not allowed: receiving Intent { act=android.intent.action.PACKAGE_REPLACED dat=package:com.google.location.nearby.apps.connectedcrossroad flg=0x4000010 (has extras) } to com.google.android.apps.photos/.account.full.SyncAccountsForLoginBroadcastReceiver
04-22 11:37:36.691  1749  1781 W BroadcastQueue: Background execution not allowed: receiving Intent { act=android.intent.action.PACKAGE_REPLACED dat=package:com.google.location.nearby.apps.connectedcrossroad flg=0x4000010 (has extras) } to com.google.android.apps.photos/.notificationchannels.AppUpdateBroadcastReceiver
04-22 11:37:36.692  1749  1781 W BroadcastQueue: Background execution not allowed: receiving Intent { act=android.intent.action.PACKAGE_REPLACED dat=package:com.google.location.nearby.apps.connectedcrossroad flg=0x4000010 (has extras) } to com.google.android.gms/.gass.chimera.PackageChangeBroadcastReceiver
04-22 11:37:36.693  1749  1781 W BroadcastQueue: Background execution not allowed: receiving Intent { act=android.intent.action.PACKAGE_REPLACED dat=package:com.google.location.nearby.apps.connectedcrossroad flg=0x4000010 (has extras) } to com.google.android.gms/.chimera.GmsIntentOperationService$PersistentTrustedReceiver
04-22 11:37:36.693  1749  1781 W BroadcastQueue: Background execution not allowed: receiving Intent { act=android.intent.action.PACKAGE_REPLACED dat=package:com.google.location.nearby.apps.connectedcrossroad flg=0x4000010 (has extras) } to com.google.android.googlequicksearchbox/com.google.android.apps.gsa.googlequicksearchbox.GelStubAppWatcher
04-22 11:37:36.693  1749  1781 W BroadcastQueue: Background execution not allowed: receiving Intent { act=android.intent.action.PACKAGE_REPLACED dat=package:com.google.location.nearby.apps.connectedcrossroad flg=0x4000010 (has extras) } to com.google.android.ims/.receivers.RcsAutoStartReceiver
04-22 11:37:36.694  1749  1781 W BroadcastQueue: Background execution not allowed: receiving Intent { act=android.intent.action.PACKAGE_REPLACED dat=package:com.google.location.nearby.apps.connectedcrossroad flg=0x4000010 (has extras) } to com.motorola.ccc.notification/.gcm.GCMAdminReceiver
04-22 11:37:36.694  1749  1781 W BroadcastQueue: Background execution not allowed: receiving Intent { act=android.intent.action.PACKAGE_REPLACED dat=package:com.google.location.nearby.apps.connectedcrossroad flg=0x4000010 (has extras) } to com.verizon.loginengine.unbranded/com.verizon.vzwavs.AVSSystemReceiver
04-22 11:37:36.694  1749  1749 W Looper  : Slow dispatch took 148ms main h=android.app.ActivityThread$H c=android.app.-$$Lambda$LoadedApk$ReceiverDispatcher$Args$_BumDX2UKsnxLVrE6UJsJZkotuA@9c289bb m=0
04-22 11:37:36.694  1749  1749 W Looper  : Slow delivery took 280ms main h=android.app.ActivityThread$H c=android.app.-$$Lambda$LoadedApk$ReceiverDispatcher$Args$_BumDX2UKsnxLVrE6UJsJZkotuA@f6dced8 m=0
04-22 11:37:36.694  1749  1749 I TelecomService: DefaultDialerCache: Refreshing default dialer for user 0: now com.google.android.dialer: DDC.oR@Av8
04-22 11:37:36.708  1749  1749 V BackupManagerConstants: getFullBackupIntervalMilliseconds(...) returns 86400000
04-22 11:37:36.708  1749  1749 V BackupManagerConstants: getFullBackupRequiredNetworkType(...) returns 2
04-22 11:37:36.708  1749  1749 V BackupManagerConstants: getFullBackupRequireCharging(...) returns true
04-22 11:37:36.713  1749  1749 E LoadedApk: Unable to instantiate appComponentFactory
04-22 11:37:36.713  1749  1749 E LoadedApk: java.lang.ClassNotFoundException: Didn't find class "androidx.core.app.CoreComponentFactory" on path: DexPathList[[],nativeLibraryDirectories=[/system/app/YTMusic/lib/arm, /system/app/YTMusic/YTMusic.apk!/lib/armeabi-v7a, /system/lib, /product/lib, /system/lib, /product/lib]]
04-22 11:37:36.713  1749  1749 E LoadedApk: 	at dalvik.system.BaseDexClassLoader.findClass(BaseDexClassLoader.java:196)
04-22 11:37:36.713  1749  1749 E LoadedApk: 	at java.lang.ClassLoader.loadClass(ClassLoader.java:379)
04-22 11:37:36.713  1749  1749 E LoadedApk: 	at java.lang.ClassLoader.loadClass(ClassLoader.java:312)
04-22 11:37:36.713  1749  1749 E LoadedApk: 	at android.app.LoadedApk.createAppFactory(LoadedApk.java:256)
04-22 11:37:36.713  1749  1749 E LoadedApk: 	at android.app.LoadedApk.updateApplicationInfo(LoadedApk.java:370)
04-22 11:37:36.713  1749  1749 E LoadedApk: 	at android.app.ActivityThread.handleDispatchPackageBroadcast(ActivityThread.java:6186)
04-22 11:37:36.713  1749  1749 E LoadedApk: 	at android.app.ActivityThread$H.handleMessage(ActivityThread.java:2108)
04-22 11:37:36.713  1749  1749 E LoadedApk: 	at android.os.Handler.dispatchMessage(Handler.java:107)
04-22 11:37:36.713  1749  1749 E LoadedApk: 	at android.os.Looper.loop(Looper.java:241)
04-22 11:37:36.713  1749  1749 E LoadedApk: 	at com.android.server.SystemServer.run(SystemServer.java:585)
04-22 11:37:36.713  1749  1749 E LoadedApk: 	at com.android.server.SystemServer.main(SystemServer.java:381)
04-22 11:37:36.713  1749  1749 E LoadedApk: 	at java.lang.reflect.Method.invoke(Native Method)
04-22 11:37:36.713  1749  1749 E LoadedApk: 	at com.android.internal.os.RuntimeInit$MethodAndArgsCaller.run(RuntimeInit.java:492)
04-22 11:37:36.713  1749  1749 E LoadedApk: 	at com.android.internal.os.ZygoteInit.main(ZygoteInit.java:919)
04-22 11:37:36.713  1749  1769 W Looper  : Slow delivery took 219ms android.fg h=android.os.Handler c=<recycled PooledLambda@dfcd669> m=0
04-22 11:37:36.718  1749  1749 E LoadedApk: Unable to instantiate appComponentFactory
04-22 11:37:36.718  1749  1749 E LoadedApk: java.lang.ClassNotFoundException: Didn't find class "androidx.core.app.CoreComponentFactory" on path: DexPathList[[],nativeLibraryDirectories=[/system/app/YTMusic/lib/arm, /system/app/YTMusic/YTMusic.apk!/lib/armeabi-v7a, /system/lib, /product/lib, /system/lib, /product/lib]]
04-22 11:37:36.718  1749  1749 E LoadedApk: 	at dalvik.system.BaseDexClassLoader.findClass(BaseDexClassLoader.java:196)
04-22 11:37:36.718  1749  1749 E LoadedApk: 	at java.lang.ClassLoader.loadClass(ClassLoader.java:379)
04-22 11:37:36.718  1749  1749 E LoadedApk: 	at java.lang.ClassLoader.loadClass(ClassLoader.java:312)
04-22 11:37:36.718  1749  1749 E LoadedApk: 	at android.app.LoadedApk.createAppFactory(LoadedApk.java:256)
04-22 11:37:36.718  1749  1749 E LoadedApk: 	at android.app.LoadedApk.updateApplicationInfo(LoadedApk.java:370)
04-22 11:37:36.718  1749  1749 E LoadedApk: 	at android.app.ActivityThread.handleDispatchPackageBroadcast(ActivityThread.java:6186)
04-22 11:37:36.718  1749  1749 E LoadedApk: 	at android.app.ActivityThread$H.handleMessage(ActivityThread.java:2108)
04-22 11:37:36.718  1749  1749 E LoadedApk: 	at android.os.Handler.dispatchMessage(Handler.java:107)
04-22 11:37:36.718  1749  1749 E LoadedApk: 	at android.os.Looper.loop(Looper.java:241)
04-22 11:37:36.718  1749  1749 E LoadedApk: 	at com.android.server.SystemServer.run(SystemServer.java:585)
04-22 11:37:36.718  1749  1749 E LoadedApk: 	at com.android.server.SystemServer.main(SystemServer.java:381)
04-22 11:37:36.718  1749  1749 E LoadedApk: 	at java.lang.reflect.Method.invoke(Native Method)
04-22 11:37:36.718  1749  1749 E LoadedApk: 	at com.android.internal.os.RuntimeInit$MethodAndArgsCaller.run(RuntimeInit.java:492)
04-22 11:37:36.718  1749  1749 E LoadedApk: 	at com.android.internal.os.ZygoteInit.main(ZygoteInit.java:919)
04-22 11:37:36.719  1749  1749 W Looper  : Drained
04-22 11:37:37.006  1749  3454 I ActivityTaskManager: START u0 {act=android.intent.action.MAIN cat=[android.intent.category.LAUNCHER] flg=0x10000000 cmp=com.google.location.nearby.apps.connectedcrossroad/nx.aodv.eval.MainActivity} from uid 2000
04-22 11:37:37.007  1749  3454 D ActivityTaskManager: getPreferredLaunchDisplay usersetdisplayid -1 current displayId 0 paramspreferid 0
04-22 11:37:37.007  1749  3454 D ActivityTaskManager: getPreferredLaunchDisplay usersetdisplayid -1 current displayId 0 paramspreferid 0
04-22 11:37:37.014  1749  3454 D ActivityTaskManager: getPreferredLaunchDisplay usersetdisplayid 0 current displayId 0 paramspreferid 0
04-22 11:37:37.029  1749  1749 V SettingsProvider: Notifying for 0: content://settings/secure/reminder_exp_learning_time_elapsed
04-22 11:37:37.039  1749  1769 W Looper  : Drained
04-22 11:37:37.047  1749  1773 V WindowManager: Changing focus from Window{733e816 u0 com.motorola.launcher3/com.android.launcher3.CustomizationPanelLauncher} to null displayId=0
04-22 11:37:37.054  1749  1782 I ActivityManager: Start proc 15984:com.google.location.nearby.apps.connectedcrossroad/u0a216 for activity {com.google.location.nearby.apps.connectedcrossroad/nx.aodv.eval.MainActivity}
04-22 11:37:37.110  1749  1773 I WindowManager:   SURFACE show Surface(name=Splash Screen com.google.location.nearby.apps.connectedcrossroad)/@0x2c48891 on display:0: Splash Screen com.google.location.nearby.apps.connectedcrossroad
04-22 11:37:37.405  1749  2387 I WindowManager: Window drawn AppWindowToken{7a5d47e token=Token{e022639 ActivityRecord{9980e00 u0 com.motorola.launcher3/com.android.launcher3.CustomizationPanelLauncher t3}}}
04-22 11:37:37.809  1749  1767 V WindowManager: Changing focus from null to Window{d6de8fb u0 com.google.location.nearby.apps.connectedcrossroad/nx.aodv.eval.MainActivity} displayId=0
04-22 11:37:37.963  1749  1773 I LaunchCheckinHandler: Displayed com.google.location.nearby.apps.connectedcrossroad/nx.aodv.eval.MainActivity,cp,ca,932
04-22 11:37:37.963  1749  1773 I WindowManager: Window drawn AppWindowToken{867637a token=Token{4bce3a5 ActivityRecord{832ed9c u0 com.google.location.nearby.apps.connectedcrossroad/nx.aodv.eval.MainActivity t53}}}
04-22 11:37:37.964  1749  1773 I WindowManager:   SURFACE show Surface(name=com.google.location.nearby.apps.connectedcrossroad/nx.aodv.eval.MainActivity)/@0x8eda371 on display:0: com.google.location.nearby.apps.connectedcrossroad/nx.aodv.eval.MainActivity
04-22 11:37:39.046  1749  1773 I WindowManager:   SURFACE show Surface(name=InputMethod)/@0xe9d85ea on display:0: InputMethod
04-22 11:37:40.153  1749  1749 D BluetoothManagerService: Bluetooth Adapter name changed to IlVCUFhbye0AAAAAAAAAATI
04-22 11:37:40.154  1749  1749 D BluetoothManagerService: Stored Bluetooth name: IlVCUFhbye0AAAAAAAAAATI
04-22 11:37:40.154  1749  1749 V SettingsProvider: Notifying for 0: content://settings/secure/bluetooth_name
04-22 11:37:40.496  1749  2257 D NsdService: Register service
04-22 11:37:40.496  1749  2257 D NsdService: registerService: 33 name: IlVCUFhbye0AAA, type: _5BC9ED5E6C75._tcp, host: null, port: 37619, txtRecord: n=MgIPv4=192.168.1.65
04-22 11:37:40.496  1749  2257 D NsdService: mdnssd [register, 33, IlVCUFhbye0AAA, _5BC9ED5E6C75._tcp, 37619, BG49TWcRSVB2ND0xOTIuMTY4LjEuNjU=]
04-22 11:37:40.500  1749  2257 D NsdService: Register 33 33
04-22 11:37:40.837  1749  1773 I WindowManager:   SURFACE show Surface(name=InputMethod)/@0x3ea7287 on display:0: InputMethod
04-22 11:37:41.247  1749  2257 D NsdService: Native daemon message SERVICE_REGISTERED: 606 33 "IlVCUFhbye0AAA"
04-22 11:37:45.600  1749  2054 D BatteryService: uevent={POWER_SUPPLY_DP_DM=0, POWER_SUPPLY_VOLTAGE_NOW=3702190, POWER_SUPPLY_SW_JEITA_ENABLED=0, POWER_SUPPLY_CHARGE_CONTROL_LIMIT_MAX=8, POWER_SUPPLY_RECHARGE_SOC=99, POWER_SUPPLY_HEALTH=Good, POWER_SUPPLY_TECHNOLOGY=Li-ion, POWER_SUPPLY_FCC_STEPPER_ENABLE=0, SEQNUM=625984, POWER_SUPPLY_INPUT_CURRENT_LIMITED=0, POWER_SUPPLY_CHARGE_CONTROL_LIMIT=0, POWER_SUPPLY_BATTERY_CHARGING_ENABLED=1, POWER_SUPPLY_STATUS=Discharging, POWER_SUPPLY_CYCLE_COUNT=1, POWER_SUPPLY_CURRENT_MAX=2000000, POWER_SUPPLY_CHARGE_TERM_CURRENT=-101, POWER_SUPPLY_CAPACITY=30, DEVPATH=/devices/platform/soc/200f000.qcom,spmi/spmi-0/spmi0-02/200f000.qcom,spmi:qcom,pmi632@2:qcom,qpnp-smb5/power_supply/battery, POWER_SUPPLY_CHARGE_DONE=0, POWER_SUPPLY_CHARGE_TYPE=N/A, POWER_SUPPLY_CHARGE_RATE=None, POWER_SUPPLY_CURRENT_NOW=-513306, POWER_SUPPLY_SYSTEM_TEMP_LEVEL=0, POWER_SUPPLY_PRESENT=1, POWER_SUPPLY_PARALLEL_DISABLE=0, POWER_SUPPLY_CHARGE_FULL=3615000, SUBSYSTEM=power_supply, POWER_SUPPLY_SET_SHIP_MODE=0, POWER_SUPPLY_TEMP=259, ACTION=change, POWER_SUPPLY_RERUN_AICL=0, POWER_SUPPLY_AGE=100, POWER_SUPPLY_NAME=battery, POWER_SUPPLY_VOLTAGE_MAX=-22, POWER_SUPPLY_CONSTANT_CHARGE_CURRENT_MAX=2000000, POWER_SUPPLY_CHARGE_COUNTER=1120650, POWER_SUPPLY_STEP_CHARGING_ENABLED=0, POWER_SUPPLY_NUM_SYSTEM_TEMP_LEVELS=8, POWER_SUPPLY_DIE_HEALTH=Hot, POWER_SUPPLY_INPUT_SUSPEND=0}
--------- beginning of main
04-22 11:37:50.135 21460 15897 E NearbyConnections: EndpointManager failed to find EndpointChannel over which to write DATA at offset 0 of Payload -8255355834234227571 to endpoint jPvF [CONTEXT service_id=54 ]
04-22 11:37:50.135 21460 15897 E NearbyConnections: EndpointManager failed to find EndpointChannel over which to write DATA at offset 0 of Payload -8255355834234227571 to endpoint jPvF [CONTEXT service_id=54 ]
04-22 11:37:50.136  2294  2614 E bt_btm  : BTM_BleObserve Observe Already Active
04-22 11:37:50.136  2294  2614 W bt_btif :  bta_dm_ble_observe BTM_BleObserve  failed. status 6
04-22 11:37:50.136 21460 15897 E NearbyConnections: EndpointManager failed to find EndpointChannel over which to write DATA at offset 0 of Payload -8255355834234227571 to endpoint jPvF [CONTEXT service_id=54 ]
04-22 11:37:50.136 21460 15897 I chatty  : uid=10158(com.google.android.gms) highpool[544] identical 1 line
04-22 11:37:50.136 21460 15897 E NearbyConnections: EndpointManager failed to find EndpointChannel over which to write DATA at offset 0 of Payload -8255355834234227571 to endpoint jPvF [CONTEXT service_id=54 ]
04-22 11:37:50.137 21460 15828 D BluetoothGatt: connect() - device: 55:CF:CA:64:25:C8, auto: false
04-22 11:37:50.137 21460 15828 D BluetoothGatt: registerApp()
04-22 11:37:50.137 21460 15897 E NearbyConnections: EndpointManager failed to find EndpointChannel over which to write DATA at offset 0 of Payload -8255355834234227571 to endpoint jPvF [CONTEXT service_id=54 ]
04-22 11:37:50.137 21460 15897 I chatty  : uid=10158(com.google.android.gms) highpool[544] identical 1 line
04-22 11:37:50.137 21460 15897 E NearbyConnections: EndpointManager failed to find EndpointChannel over which to write DATA at offset 0 of Payload -8255355834234227571 to endpoint jPvF [CONTEXT service_id=54 ]
04-22 11:37:50.137 21460 15828 D BluetoothGatt: registerApp() - UUID=6ff4f57b-aef6-4a46-aa26-c93b84ee39b2
04-22 11:37:50.138 21460 15897 E NearbyConnections: EndpointManager failed to find EndpointChannel over which to write DATA at offset 0 of Payload -8255355834234227571 to endpoint jPvF [CONTEXT service_id=54 ]
04-22 11:37:50.138 21460 15897 E NearbyConnections: EndpointManager failed to find EndpointChannel over which to write DATA at offset 0 of Payload -8255355834234227571 to endpoint jPvF [CONTEXT service_id=54 ]
04-22 11:37:50.138  2294 25465 D BtGatt.GattService: registerClient() - UUID=6ff4f57b-aef6-4a46-aa26-c93b84ee39b2
04-22 11:37:50.139 21460 15897 E NearbyConnections: EndpointManager failed to find EndpointChannel over which to write DATA at offset 0 of Payload -8255355834234227571 to endpoint jPvF [CONTEXT service_id=54 ]
04-22 11:37:50.139  2294  2614 I bt_stack: [INFO:gatt_api.cc(950)] GATT_Register 349bcbdc-af99-b0dd-c442-11facc37f00c
04-22 11:37:50.139  2294  2614 I bt_stack: [INFO:gatt_api.cc(970)] allocated gatt_if=10
04-22 11:37:50.139  2294  2358 D BtGatt.GattService: onClientRegistered() - UUID=6ff4f57b-aef6-4a46-aa26-c93b84ee39b2, clientIf=10
04-22 11:37:50.141 21460 21477 D BluetoothGatt: onClientRegistered() - status=0 clientIf=10
04-22 11:37:50.141 21460 15897 E NearbyConnections: EndpointManager failed to find EndpointChannel over which to write DATA at offset 0 of Payload -8255355834234227571 to endpoint jPvF [CONTEXT service_id=54 ]
04-22 11:37:50.141 21460 15897 E NearbyConnections: EndpointManager failed to find EndpointChannel over which to write DATA at offset 0 of Payload -8255355834234227571 to endpoint jPvF [CONTEXT service_id=54 ]
04-22 11:37:50.141  2294 25465 D BtGatt.GattService: clientConnect() - address=55:CF:CA:64:25:C8, isDirect=true, opportunistic=false, phy=1
