04-22 11:38:08.752 22073  6656 E NearbyConnections: EndpointManager failed to find EndpointChannel over which to write DATA at offset 612 of Payload -9007404025457505713 to endpoint T8u1 [CONTEXT service_id=54 ]
04-22 11:38:08.789 22073  6656 I chatty  : uid=10156(com.google.android.gms) highpool[332] identical 147 lines
04-22 11:38:08.789 22073  6656 E NearbyConnections: EndpointManager failed to find EndpointChannel over which to write DATA at offset 612 of Payload -9007404025457505713 to endpoint T8u1 [CONTEXT service_id=54 ]
04-22 11:38:08.789  2290  2603 I bt_stack: [INFO:gatt_main.cc(919)] gatt_data_process op_code = 11, msg_len = 0
04-22 11:38:08.789 22073  6656 E NearbyConnections: EndpointManager failed to find EndpointChannel over which to write DATA at offset 612 of Payload -9007404025457505713 to endpoint T8u1 [CONTEXT service_id=54 ]
04-22 11:38:08.792 22073  6656 I chatty  : uid=10156(com.google.android.gms) highpool[332] identical 13 lines
04-22 11:38:08.793 22073  6656 E NearbyConnections: EndpointManager failed to find EndpointChannel over which to write DATA at offset 612 of Payload -9007404025457505713 to endpoint T8u1 [CONTEXT service_id=54 ]
04-22 11:38:08.793 22073 12964 D BluetoothGatt: cancelOpen() - device: 5B:6D:89:CD:7A:B4
04-22 11:38:08.793 22073  6656 E NearbyConnections: EndpointManager failed to find EndpointChannel over which to write DATA at offset 612 of Payload -9007404025457505713 to endpoint T8u1 [CONTEXT service_id=54 ]
04-22 11:38:08.793 22073  6656 I chatty  : uid=10156(com.google.android.gms) highpool[332] identical 2 lines
04-22 11:38:08.794 22073  6656 E NearbyConnections: EndpointManager failed to find EndpointChannel over which to write DATA at offset 612 of Payload -9007404025457505713 to endpoint T8u1 [CONTEXT service_id=54 ]
04-22 11:38:08.794  2290  2315 D BtGatt.GattService: clientDisconnect() - address=5B:6D:89:CD:7A:B4, connId=266
04-22 11:38:08.794 22073  6656 E NearbyConnections: EndpointManager failed to find EndpointChannel over which to write DATA at offset 612 of Payload -9007404025457505713 to endpoint T8u1 [CONTEXT service_id=54 ]
04-22 11:38:08.794 22073  6656 I chatty  : uid=10156(com.google.android.gms) highpool[332] identical 2 lines
04-22 11:38:08.795 22073  6656 E NearbyConnections: EndpointManager failed to find EndpointChannel over which to write DATA at offset 612 of Payload -9007404025457505713 to endpoint T8u1 [CONTEXT service_id=54 ]
04-22 11:38:08.795  2290  2603 I bt_stack: [INFO:gatt_api.cc(1237)] GATT_Disconnect conn_id=0x010a
04-22 11:38:08.795 22073  6656 E NearbyConnections: EndpointManager failed to find EndpointChannel over which to write DATA at offset 612 of Payload -9007404025457505713 to endpoint T8u1 [CONTEXT service_id=54 ]
04-22 11:38:08.795  2290  2603 E bt_stack: [ERROR:bta_gattc_utils.cc(458)] bta_gattc_mark_bg_conn unable to find the bg connection mask for bd_addr=5b:6d:89:cd:7a:b4
04-22 11:38:08.795 22073  6656 E NearbyConnections: EndpointManager failed to find EndpointChannel over which to write DATA at offset 612 of Payload -9007404025457505713 to endpoint T8u1 [CONTEXT service_id=54 ]
04-22 11:38:08.795  2290  2348 D BtGatt.GattService: onDisconnected() - clientIf=10, connId=266, address=5B:6D:89:CD:7A:B4
04-22 11:38:08.795 22073  6656 E NearbyConnections: EndpointManager failed to find EndpointChannel over which to write DATA at offset 612 of Payload -9007404025457505713 to endpoint T8u1 [CONTEXT service_id=54 ]
04-22 11:38:08.796 22073  6656 I chatty  : uid=10156(com.google.android.gms) highpool[332] identical 1 line
04-22 11:38:08.796 22073  6656 E NearbyConnections: EndpointManager failed to find EndpointChannel over which to write DATA at offset 612 of Payload -9007404025457505713 to endpoint T8u1 [CONTEXT service_id=54 ]
04-22 11:38:08.796 22073 22095 D BluetoothGatt: onClientConnectionState() - status=0 clientIf=10 device=5B:6D:89:CD:7A:B4
04-22 11:38:08.796 22073  6656 E NearbyConnections: EndpointManager failed to find EndpointChannel over which to write DATA at offset 612 of Payload -9007404025457505713 to endpoint T8u1 [CONTEXT service_id=54 ]
04-22 11:38:08.796 22073  6656 E NearbyConnections: EndpointManager failed to find EndpointChannel over which to write DATA at offset 612 of Payload -9007404025457505713 to endpoint T8u1 [CONTEXT service_id=54 ]
04-22 11:38:08.796 22073 22095 D BluetoothGatt: close()
04-22 11:38:08.797 22073  6656 E NearbyConnections: EndpointManager failed to find EndpointChannel over which to write DATA at offset 612 of Payload -9007404025457505713 to endpoint T8u1 [CONTEXT service_id=54 ]
04-22 11:38:08.797 22073 22095 D BluetoothGatt: unregisterApp() - mClientIf=10
04-22 11:38:08.797 22073  6656 E NearbyConnections: EndpointManager failed to find EndpointChannel over which to write DATA at offset 612 of Payload -9007404025457505713 to endpoint T8u1 [CONTEXT service_id=54 ]
04-22 11:38:08.797 22073  6656 I chatty  : uid=10156(com.google.android.gms) highpool[332] identical 2 lines
04-22 11:38:08.797 22073  6656 E NearbyConnections: EndpointManager failed to find EndpointChannel over which to write DATA at offset 612 of Payload -9007404025457505713 to endpoint T8u1 [CONTEXT service_id=54 ]
04-22 11:38:08.798  2290 13025 D BluetoothMetrics: btclass1f00
04-22 11:38:08.798 22073  6656 E NearbyConnections: EndpointManager failed to find EndpointChannel over which to write DATA at offset 612 of Payload -9007404025457505713 to endpoint T8u1 [CONTEXT service_id=54 ]
04-22 11:38:08.799 22073  6656 I chatty  : uid=10156(com.google.android.gms) highpool[332] identical 4 lines
04-22 11:38:08.799 22073  6656 E NearbyConnections: EndpointManager failed to find EndpointChannel over which to write DATA at offset 612 of Payload -9007404025457505713 to endpoint T8u1 [CONTEXT service_id=54 ]
04-22 11:38:08.799  2290  2315 D BtGatt.GattService: unregisterClient() - clientIf=10
04-22 11:38:08.799  2290 13025 E BluetoothMetrics: CheckinEvent exception: java.lang.NullPointerException: Attempt to invoke interface method 'java.lang.String java.lang.CharSequence.toString()' on a null object reference
04-22 11:38:08.799 22073  6656 E NearbyConnections: EndpointManager failed to find EndpointChannel over which to write DATA at offset 612 of Payload -9007404025457505713 to endpoint T8u1 [CONTEXT service_id=54 ]
04-22 11:38:08.799 22073  6656 I chatty  : uid=10156(com.google.android.gms) highpool[332] identical 1 line
04-22 11:38:08.800 22073  6656 E NearbyConnections: EndpointManager failed to find EndpointChannel over which to write DATA at offset 612 of Payload -9007404025457505713 to endpoint T8u1 [CONTEXT service_id=54 ]
04-22 11:38:08.800 22073 12964 D BluetoothGatt: close()
04-22 11:38:08.800 22073 12964 D BluetoothGatt: unregisterApp() - mClientIf=0
04-22 11:38:08.800 22073  6656 E NearbyConnections: EndpointManager failed to find EndpointChannel over which to write DATA at offset 612 of Payload -9007404025457505713 to endpoint T8u1 [CONTEXT service_id=54 ]
04-22 11:38:08.806 22073  6656 I chatty  : uid=10156(com.google.android.gms) highpool[332] identical 24 lines
04-22 11:38:08.806 22073  6656 E NearbyConnections: EndpointManager failed to find EndpointChannel over which to write DATA at offset 612 of Payload -9007404025457505713 to endpoint T8u1 [CONTEXT service_id=54 ]
04-22 11:38:08.806  2290  2315 D BluetoothAdapterService: startDiscovery
04-22 11:38:08.806 22073  6656 E NearbyConnections: EndpointManager failed to find EndpointChannel over which to write DATA at offset 612 of Payload -9007404025457505713 to endpoint T8u1 [CONTEXT service_id=54 ]
04-22 11:38:08.811 22073  6656 I chatty  : uid=10156(com.google.android.gms) highpool[332] identical 19 lines
04-22 11:38:08.811 22073  6656 E NearbyConnections: EndpointManager failed to find EndpointChannel over which to write DATA at offset 612 of Payload -9007404025457505713 to endpoint T8u1 [CONTEXT service_id=54 ]
04-22 11:38:08.811  2290  2603 W bt_btif : bta_dm_check_av:0
04-22 11:38:08.811 22073  6656 E NearbyConnections: EndpointManager failed to find EndpointChannel over which to write DATA at offset 612 of Payload -9007404025457505713 to endpoint T8u1 [CONTEXT service_id=54 ]
04-22 11:38:08.813 22073  6656 I chatty  : uid=10156(com.google.android.gms) highpool[332] identical 6 lines
04-22 11:38:08.813 22073  6656 E NearbyConnections: EndpointManager failed to find EndpointChannel over which to write DATA at offset 612 of Payload -9007404025457505713 to endpoint T8u1 [CONTEXT service_id=54 ]
04-22 11:38:08.813 22073 12964 D BluetoothAdapter: isLeEnabled(): ON
04-22 11:38:08.813  2290  2603 E bt_btif : bte_scan_filt_param_cfg_evt, 23
04-22 11:38:08.813 22073  6656 E NearbyConnections: EndpointManager failed to find EndpointChannel over which to write DATA at offset 612 of Payload -9007404025457505713 to endpoint T8u1 [CONTEXT service_id=54 ]
04-22 11:38:08.814 22073  6656 I chatty  : uid=10156(com.google.android.gms) highpool[332] identical 2 lines
04-22 11:38:08.814 22073  6656 E NearbyConnections: EndpointManager failed to find EndpointChannel over which to write DATA at offset 612 of Payload -9007404025457505713 to endpoint T8u1 [CONTEXT service_id=54 ]
04-22 11:38:08.814  2290  3378 D BtGatt.GattService: stopScan() - queue size =3
04-22 11:38:08.814 22073  6656 E NearbyConnections: EndpointManager failed to find EndpointChannel over which to write DATA at offset 612 of Payload -9007404025457505713 to endpoint T8u1 [CONTEXT service_id=54 ]
04-22 11:38:08.817 22073  6656 I chatty  : uid=10156(com.google.android.gms) highpool[332] identical 11 lines
04-22 11:38:08.817 22073  6656 E NearbyConnections: EndpointManager failed to find EndpointChannel over which to write DATA at offset 612 of Payload -9007404025457505713 to endpoint T8u1 [CONTEXT service_id=54 ]
04-22 11:38:08.817  2290  2575 I BtGatt.ScanManager: msg.what = 1
04-22 11:38:08.817 22073  6656 E NearbyConnections: EndpointManager failed to find EndpointChannel over which to write DATA at offset 612 of Payload -9007404025457505713 to endpoint T8u1 [CONTEXT service_id=54 ]
04-22 11:38:08.818 22073  6656 I chatty  : uid=10156(com.google.android.gms) highpool[332] identical 2 lines
04-22 11:38:08.818 22073  6656 E NearbyConnections: EndpointManager failed to find EndpointChannel over which to write DATA at offset 612 of Payload -9007404025457505713 to endpoint T8u1 [CONTEXT service_id=54 ]
04-22 11:38:08.818  2290  2315 D BtGatt.GattService: unregisterScanner() - scannerId=5
04-22 11:38:08.818 22073  6656 E NearbyConnections: EndpointManager failed to find EndpointChannel over which to write DATA at offset 612 of Payload -9007404025457505713 to endpoint T8u1 [CONTEXT service_id=54 ]
04-22 11:38:08.818 22073  6656 E NearbyConnections: EndpointManager failed to find EndpointChannel over which to write DATA at offset 612 of Payload -9007404025457505713 to endpoint T8u1 [CONTEXT service_id=54 ]
04-22 11:38:08.819 22073 12964 I Nearby  : M hardware scan: 5 filters, scanMode= 2, callback type= 1, workSource = WorkSource{10217 com.google.location.nearby.apps.connectedcrossroad} [CONTEXT service_id=49 ]
04-22 11:38:08.819 22073  6656 E NearbyConnections: EndpointManager failed to find EndpointChannel over which to write DATA at offset 612 of Payload -9007404025457505713 to endpoint T8u1 [CONTEXT service_id=54 ]
04-22 11:38:08.820 22073  6656 I chatty  : uid=10156(com.google.android.gms) highpool[332] identical 3 lines
04-22 11:38:08.820 22073  6656 E NearbyConnections: EndpointManager failed to find EndpointChannel over which to write DATA at offset 612 of Payload -9007404025457505713 to endpoint T8u1 [CONTEXT service_id=54 ]
04-22 11:38:08.820 22073 12964 D BluetoothAdapter: isLeEnabled(): ON
04-22 11:38:08.820 22073  6656 E NearbyConnections: EndpointManager failed to find EndpointChannel over which to write DATA at offset 612 of Payload -9007404025457505713 to endpoint T8u1 [CONTEXT service_id=54 ]
04-22 11:38:08.823 22073  6656 I chatty  : uid=10156(com.google.android.gms) highpool[332] identical 9 lines
04-22 11:38:08.823 22073  6656 E NearbyConnections: EndpointManager failed to find EndpointChannel over which to write DATA at offset 612 of Payload -9007404025457505713 to endpoint T8u1 [CONTEXT service_id=54 ]
04-22 11:38:08.823  2308  2388 D CachedBluetoothDevice: Device name: IlVCUFhbye0AAAAAAAAAATI
04-22 11:38:08.823 22073  6656 E NearbyConnections: EndpointManager failed to find EndpointChannel over which to write DATA at offset 612 of Payload -9007404025457505713 to endpoint T8u1 [CONTEXT service_id=54 ]
04-22 11:38:08.826 22073  6656 I chatty  : uid=10156(com.google.android.gms) highpool[332] identical 12 lines
04-22 11:38:08.826 22073  6656 E NearbyConnections: EndpointManager failed to find EndpointChannel over which to write DATA at offset 612 of Payload -9007404025457505713 to endpoint T8u1 [CONTEXT service_id=54 ]
04-22 11:38:08.827 22073 13000 I NearbyConnections: Found BluetoothDeviceName IlVCUFhbye0AAAAAAAAAATI (with EndpointId UBPX and EndpointInfo [ 0x32 ]) [CONTEXT service_id=54 ]
04-22 11:38:08.827 22073  6656 E NearbyConnections: EndpointManager failed to find EndpointChannel over which to write DATA at offset 612 of Payload -9007404025457505713 to endpoint T8u1 [CONTEXT service_id=54 ]
04-22 11:38:08.827 22073  6656 I chatty  : uid=10156(com.google.android.gms) highpool[332] identical 1 line
04-22 11:38:08.827 22073  6656 E NearbyConnections: EndpointManager failed to find EndpointChannel over which to write DATA at offset 612 of Payload -9007404025457505713 to endpoint T8u1 [CONTEXT service_id=54 ]
04-22 11:38:08.827  2290  2737 D BtGatt.GattService: registerScanner() - UUID=1c81b6f3-0539-4488-84ec-953d883a483c
04-22 11:38:08.827 22073  6656 E NearbyConnections: EndpointManager failed to find EndpointChannel over which to write DATA at offset 612 of Payload -9007404025457505713 to endpoint T8u1 [CONTEXT service_id=54 ]
04-22 11:38:08.828 22073  6656 E NearbyConnections: EndpointManager failed to find EndpointChannel over which to write DATA at offset 612 of Payload -9007404025457505713 to endpoint T8u1 [CONTEXT service_id=54 ]
04-22 11:38:08.828  2290  2348 D BtGatt.GattService: onServerConnUpdate() - connId=264, status=0
04-22 11:38:08.829  2290  2603 I bt_stack: [INFO:gatt_api.cc(950)] GATT_Register 780a2199-98d5-52c8-66d9-52fdb2b155ee
04-22 11:38:08.829  2290  2348 D BtGatt.GattService: onServerConnUpdate() - connId=265, status=0
04-22 11:38:08.829  2290  2603 I bt_stack: [INFO:gatt_api.cc(970)] allocated gatt_if=5
04-22 11:38:08.829 22073  6656 E NearbyConnections: EndpointManager failed to find EndpointChannel over which to write DATA at offset 612 of Payload -9007404025457505713 to endpoint T8u1 [CONTEXT service_id=54 ]
04-22 11:38:08.829 22073 22095 D BluetoothGattServer: onConnectionUpdated() - Device=5B:6D:89:CD:7A:B4 interval=39 latency=0 timeout=500 status=0
04-22 11:38:08.829  2290  2348 D BtGatt.GattService: onScannerRegistered() - UUID=1c81b6f3-0539-4488-84ec-953d883a483c, scannerId=5, status=0
04-22 11:38:08.829 22073 23806 D BluetoothGattServer: onConnectionUpdated() - Device=5B:6D:89:CD:7A:B4 interval=39 latency=0 timeout=500 status=0
04-22 11:38:08.829 22073  6656 E NearbyConnections: EndpointManager failed to find EndpointChannel over which to write DATA at offset 612 of Payload -9007404025457505713 to endpoint T8u1 [CONTEXT service_id=54 ]
04-22 11:38:08.829 22073 13000 I NearbyConnections: ClientProxy(244116452) ignoring onEndpointDistanceChanged(UBPX, UNKNOWN), because this distance has already been reported [CONTEXT service_id=54 ]
04-22 11:38:08.829 22073  6656 E NearbyConnections: EndpointManager failed to find EndpointChannel over which to write DATA at offset 612 of Payload -9007404025457505713 to endpoint T8u1 [CONTEXT service_id=54 ]
04-22 11:38:08.829 22073 22095 D BluetoothLeScanner: onScannerRegistered() - status=0 scannerId=5 mScannerId=0
04-22 11:38:08.830 22073  6656 E NearbyConnections: EndpointManager failed to find EndpointChannel over which to write DATA at offset 612 of Payload -9007404025457505713 to endpoint T8u1 [CONTEXT service_id=54 ]
04-22 11:38:08.830  2290  2737 D BtGatt.GattService: start scan with filters. callingPackage: com.google.android.gms
04-22 11:38:08.830 22073  6656 E NearbyConnections: EndpointManager failed to find EndpointChannel over which to write DATA at offset 612 of Payload -9007404025457505713 to endpoint T8u1 [CONTEXT service_id=54 ]
04-22 11:38:08.834 22073  6656 I chatty  : uid=10156(com.google.android.gms) highpool[332] identical 16 lines
04-22 11:38:08.834 22073  6656 E NearbyConnections: EndpointManager failed to find EndpointChannel over which to write DATA at offset 612 of Payload -9007404025457505713 to endpoint T8u1 [CONTEXT service_id=54 ]
04-22 11:38:08.834  2290  2575 I BtGatt.ScanManager: msg.what = 0
04-22 11:38:08.834 22073  6656 E NearbyConnections: EndpointManager failed to find EndpointChannel over which to write DATA at offset 612 of Payload -9007404025457505713 to endpoint T8u1 [CONTEXT service_id=54 ]
04-22 11:38:08.834 22073  6656 E NearbyConnections: EndpointManager failed to find EndpointChannel over which to write DATA at offset 612 of Payload -9007404025457505713 to endpoint T8u1 [CONTEXT service_id=54 ]
04-22 11:38:08.835  2290  2575 D BtGatt.ScanManager: handling starting scan
04-22 11:38:08.835 22073  6656 E NearbyConnections: EndpointManager failed to find EndpointChannel over which to write DATA at offset 612 of Payload -9007404025457505713 to endpoint T8u1 [CONTEXT service_id=54 ]
04-22 11:38:08.835 22073 12964 I NearbyMediums: Unable to parse raw GATT advertisement [ ] [CONTEXT service_id=54 ]
04-22 11:38:08.835 22073 12964 I NearbyMediums: Unable to parse raw GATT advertisement [ ] [CONTEXT service_id=54 ]
04-22 11:38:08.835 22073  6656 E NearbyConnections: EndpointManager failed to find EndpointChannel over which to write DATA at offset 612 of Payload -9007404025457505713 to endpoint T8u1 [CONTEXT service_id=54 ]
04-22 11:38:08.835 22073  6656 I chatty  : uid=10156(com.google.android.gms) highpool[332] identical 1 line
04-22 11:38:08.835 22073  6656 E NearbyConnections: EndpointManager failed to find EndpointChannel over which to write DATA at offset 612 of Payload -9007404025457505713 to endpoint T8u1 [CONTEXT service_id=54 ]
04-22 11:38:08.836 22073 12964 I NearbyMediums: Matched service ID connectedcrossroad to GATT advertisement BleAdvertisement { version=2, socketVersion=2, serviceIdHash=[ 0x5b 0xc9 0xed ], data=[ 0x22 0x5b 0xc9 0xed 0x77 0x59 0x50 0x63 0x01 0x34 0xcc 0x0d 0xf2 0x75 0x2d 0x60 0x00 0x00 ], deviceToken=[ 0x1a 0xf6 ] }. [CONTEXT service_id=54 ]
04-22 11:38:08.836 22073  6656 E NearbyConnections: EndpointManager failed to find EndpointChannel over which to write DATA at offset 612 of Payload -9007404025457505713 to endpoint T8u1 [CONTEXT service_id=54 ]
04-22 11:38:08.836 22073 12964 I NearbyMediums: Unable to parse raw GATT advertisement [ ] [CONTEXT service_id=54 ]
04-22 11:38:08.836 22073 12964 I NearbyMediums: Unable to parse raw GATT advertisement [ ] [CONTEXT service_id=54 ]
04-22 11:38:08.836 22073  6656 E NearbyConnections: EndpointManager failed to find EndpointChannel over which to write DATA at offset 612 of Payload -9007404025457505713 to endpoint T8u1 [CONTEXT service_id=54 ]
04-22 11:38:08.836 22073  6656 E NearbyConnections: EndpointManager failed to find EndpointChannel over which to write DATA at offset 612 of Payload -9007404025457505713 to endpoint T8u1 [CONTEXT service_id=54 ]
04-22 11:38:08.836  2290  2575 D BtGatt.ScanManager: isAptXLowLatencyModeEnabled: false
04-22 11:38:08.837 22073  6656 E NearbyConnections: EndpointManager failed to find EndpointChannel over which to write DATA at offset 612 of Payload -9007404025457505713 to endpoint T8u1 [CONTEXT service_id=54 ]
04-22 11:38:08.837 22073  6656 E NearbyConnections: EndpointManager failed to find EndpointChannel over which to write DATA at offset 612 of Payload -9007404025457505713 to endpoint T8u1 [CONTEXT service_id=54 ]
04-22 11:38:08.837 22073 13000 I NearbyConnections: Found BleAdvertisement [ 0x22 0x5b 0xc9 0xed 0x77 0x59 0x50 0x63 0x01 0x34 0xcc 0x0d 0xf2 0x75 0x2d 0x60 0x00 0x00 ] (with EndpointId wYPc and EndpointInfo [ 0x34 ]) [CONTEXT service_id=54 ]
04-22 11:38:08.837 22073  6656 E NearbyConnections: EndpointManager failed to find EndpointChannel over which to write DATA at offset 612 of Payload -9007404025457505713 to endpoint T8u1 [CONTEXT service_id=54 ]
04-22 11:38:08.837 22073  6656 I chatty  : uid=10156(com.google.android.gms) highpool[332] identical 1 line
04-22 11:38:08.837 22073  6656 E NearbyConnections: EndpointManager failed to find EndpointChannel over which to write DATA at offset 612 of Payload -9007404025457505713 to endpoint T8u1 [CONTEXT service_id=54 ]
04-22 11:38:08.838 22073 13000 I NearbyConnections: ClientProxy(244116452) ignoring onEndpointDistanceChanged(wYPc, UNKNOWN), because this distance has already been reported [CONTEXT service_id=54 ]
04-22 11:38:08.838 22073  6656 E NearbyConnections: EndpointManager failed to find EndpointChannel over which to write DATA at offset 612 of Payload -9007404025457505713 to endpoint T8u1 [CONTEXT service_id=54 ]
04-22 11:38:08.839 22073  6656 I chatty  : uid=10156(com.google.android.gms) highpool[332] identical 7 lines
04-22 11:38:08.840 22073  6656 E NearbyConnections: EndpointManager failed to find EndpointChannel over which to write DATA at offset 612 of Payload -9007404025457505713 to endpoint T8u1 [CONTEXT service_id=54 ]
04-22 11:38:08.840  2290  2348 D BtGatt.GattService: onScanFilterEnableDisabled() - clientIf=5, status=0, action=1
04-22 11:38:08.840  2290  2348 D BtGatt.ScanManager: callback done for scannerId - 5 status - 0
04-22 11:38:08.840 22073  6656 E NearbyConnections: EndpointManager failed to find EndpointChannel over which to write DATA at offset 612 of Payload -9007404025457505713 to endpoint T8u1 [CONTEXT service_id=54 ]
04-22 11:38:08.840  2290  2575 D BtGatt.ScanManager: Available Filter size: 12
04-22 11:38:08.840 22073  6656 E NearbyConnections: EndpointManager failed to find EndpointChannel over which to write DATA at offset 612 of Payload -9007404025457505713 to endpoint T8u1 [CONTEXT service_id=54 ]
04-22 11:38:08.840 22073  6656 I chatty  : uid=10156(com.google.android.gms) highpool[332] identical 1 line
04-22 11:38:08.841 22073  6656 E NearbyConnections: EndpointManager failed to find EndpointChannel over which to write DATA at offset 612 of Payload -9007404025457505713 to endpoint T8u1 [CONTEXT service_id=54 ]
04-22 11:38:08.841  2290  2348 D BtGatt.GattService: onScanFilterConfig() - clientIf=5, action = 0 status = 0, filterType=0, availableSpace=0
04-22 11:38:08.841  2290  2348 D BtGatt.ScanManager: callback done for scannerId - 5 status - 0
04-22 11:38:08.841  2290  2575 D BtGatt.ScanManager: configureFilterParamter 500 10000 1 0, deliveryMode=0
04-22 11:38:08.841 22073  6656 E NearbyConnections: EndpointManager failed to find EndpointChannel over which to write DATA at offset 612 of Payload -9007404025457505713 to endpoint T8u1 [CONTEXT service_id=54 ]
04-22 11:38:08.843 22073  6656 I chatty  : uid=10156(com.google.android.gms) highpool[332] identical 7 lines
04-22 11:38:08.843 22073  6656 E NearbyConnections: EndpointManager failed to find EndpointChannel over which to write DATA at offset 612 of Payload -9007404025457505713 to endpoint T8u1 [CONTEXT service_id=54 ]
04-22 11:38:08.843  2290  2348 D BtGatt.GattService: onScanFilterParamsConfigured() - clientIf=5, status=0, action=0, availableSpace=13
04-22 11:38:08.843 22073  6656 E NearbyConnections: EndpointManager failed to find EndpointChannel over which to write DATA at offset 612 of Payload -9007404025457505713 to endpoint T8u1 [CONTEXT service_id=54 ]
04-22 11:38:08.843  2290  2348 D BtGatt.ScanManager: callback done for scannerId - 5 status - 0
04-22 11:38:08.843 22073  6656 E NearbyConnections: EndpointManager failed to find EndpointChannel over which to write DATA at offset 612 of Payload -9007404025457505713 to endpoint T8u1 [CONTEXT service_id=54 ]
04-22 11:38:08.844 22073  6656 E NearbyConnections: EndpointManager failed to find EndpointChannel over which to write DATA at offset 612 of Payload -9007404025457505713 to endpoint T8u1 [CONTEXT service_id=54 ]
04-22 11:38:08.844  2290  2603 I bt_stack: [INFO:btm_ble_adv_filter.cc(693)] BTM_LE_PF_set UUID MASK is empty 
04-22 11:38:08.844 22073  6656 E NearbyConnections: EndpointManager failed to find EndpointChannel over which to write DATA at offset 612 of Payload -9007404025457505713 to endpoint T8u1 [CONTEXT service_id=54 ]
04-22 11:38:08.844  2290  2348 D BtGatt.GattService: onScanFilterConfig() - clientIf=5, action = 0 status = 0, filterType=0, availableSpace=0
04-22 11:38:08.844 22073  6656 E NearbyConnections: EndpointManager failed to find EndpointChannel over which to write DATA at offset 612 of Payload -9007404025457505713 to endpoint T8u1 [CONTEXT service_id=54 ]
04-22 11:38:08.844  2290  2348 D BtGatt.ScanManager: callback done for scannerId - 5 status - 0
04-22 11:38:08.844 22073  6656 E NearbyConnections: EndpointManager failed to find EndpointChannel over which to write DATA at offset 612 of Payload -9007404025457505713 to endpoint T8u1 [CONTEXT service_id=54 ]
04-22 11:38:08.844  2290  2575 D BtGatt.ScanManager: configureFilterParamter 500 10000 1 0, deliveryMode=0
04-22 11:38:08.845 22073  6656 E NearbyConnections: EndpointManager failed to find EndpointChannel over which to write DATA at offset 612 of Payload -9007404025457505713 to endpoint T8u1 [CONTEXT service_id=54 ]
04-22 11:38:08.846 22073  6656 I chatty  : uid=10156(com.google.android.gms) highpool[332] identical 7 lines
04-22 11:38:08.846 22073  6656 E NearbyConnections: EndpointManager failed to find EndpointChannel over which to write DATA at offset 612 of Payload -9007404025457505713 to endpoint T8u1 [CONTEXT service_id=54 ]
04-22 11:38:08.847  2290  2348 D BtGatt.GattService: onScanFilterParamsConfigured() - clientIf=5, status=0, action=0, availableSpace=12
04-22 11:38:08.847  2290  2348 D BtGatt.ScanManager: callback done for scannerId - 5 status - 0
04-22 11:38:08.847 22073  6656 E NearbyConnections: EndpointManager failed to find EndpointChannel over which to write DATA at offset 612 of Payload -9007404025457505713 to endpoint T8u1 [CONTEXT service_id=54 ]
04-22 11:38:08.847 22073  6656 I chatty  : uid=10156(com.google.android.gms) highpool[332] identical 1 line
04-22 11:38:08.847 22073  6656 E NearbyConnections: EndpointManager failed to find EndpointChannel over which to write DATA at offset 612 of Payload -9007404025457505713 to endpoint T8u1 [CONTEXT service_id=54 ]
04-22 11:38:08.847  2290  2603 I bt_stack: [INFO:btm_ble_adv_filter.cc(693)] BTM_LE_PF_set UUID MASK is empty 
04-22 11:38:08.847 22073  6656 E NearbyConnections: EndpointManager failed to find EndpointChannel over which to write DATA at offset 612 of Payload -9007404025457505713 to endpoint T8u1 [CONTEXT service_id=54 ]
04-22 11:38:08.848 22073  6656 E NearbyConnections: EndpointManager failed to find EndpointChannel over which to write DATA at offset 612 of Payload -9007404025457505713 to endpoint T8u1 [CONTEXT service_id=54 ]
04-22 11:38:08.848  2290  2348 D BtGatt.GattService: onScanFilterConfig() - clientIf=5, action = 0 status = 0, filterType=0, availableSpace=0
04-22 11:38:08.848  2290  2348 D BtGatt.ScanManager: callback done for scannerId - 5 status - 0
04-22 11:38:08.848 22073  6656 E NearbyConnections: EndpointManager failed to find EndpointChannel over which to write DATA at offset 612 of Payload -9007404025457505713 to endpoint T8u1 [CONTEXT service_id=54 ]
04-22 11:38:08.848  2290  2575 D BtGatt.ScanManager: configureFilterParamter 500 10000 1 0, deliveryMode=0
04-22 11:38:08.848 22073  6656 E NearbyConnections: EndpointManager failed to find EndpointChannel over which to write DATA at offset 612 of Payload -9007404025457505713 to endpoint T8u1 [CONTEXT service_id=54 ]
04-22 11:38:08.850 22073  6656 I chatty  : uid=10156(com.google.android.gms) highpool[332] identical 7 lines
04-22 11:38:08.850 22073  6656 E NearbyConnections: EndpointManager failed to find EndpointChannel over which to write DATA at offset 612 of Payload -9007404025457505713 to endpoint T8u1 [CONTEXT service_id=54 ]
04-22 11:38:08.850  2290  2348 D BtGatt.GattService: onScanFilterParamsConfigured() - clientIf=5, status=0, action=0, availableSpace=11
04-22 11:38:08.850  2290  2348 D BtGatt.ScanManager: callback done for scannerId - 5 status - 0
04-22 11:38:08.850 22073  6656 E NearbyConnections: EndpointManager failed to find EndpointChannel over which to write DATA at offset 612 of Payload -9007404025457505713 to endpoint T8u1 [CONTEXT service_id=54 ]
04-22 11:38:08.851 22073  6656 E NearbyConnections: EndpointManager failed to find EndpointChannel over which to write DATA at offset 612 of Payload -9007404025457505713 to endpoint T8u1 [CONTEXT service_id=54 ]
04-22 11:38:08.851  2290  2603 I bt_stack: [INFO:btm_ble_adv_filter.cc(693)] BTM_LE_PF_set UUID MASK is empty 
04-22 11:38:08.851  2290  2348 D BtGatt.GattService: onScanFilterConfig() - clientIf=5, action = 0 status = 0, filterType=0, availableSpace=0
04-22 11:38:08.851 22073  6656 E NearbyConnections: EndpointManager failed to find EndpointChannel over which to write DATA at offset 612 of Payload -9007404025457505713 to endpoint T8u1 [CONTEXT service_id=54 ]
04-22 11:38:08.851  2290  2348 D BtGatt.ScanManager: callback done for scannerId - 5 status - 0
04-22 11:38:08.851  2290  2575 D BtGatt.ScanManager: configureFilterParamter 500 10000 1 0, deliveryMode=0
04-22 11:38:08.851 22073  6656 E NearbyConnections: EndpointManager failed to find EndpointChannel over which to write DATA at offset 612 of Payload -9007404025457505713 to endpoint T8u1 [CONTEXT service_id=54 ]
04-22 11:38:08.853 22073  6656 I chatty  : uid=10156(com.google.android.gms) highpool[332] identical 8 lines
04-22 11:38:08.853 22073  6656 E NearbyConnections: EndpointManager failed to find EndpointChannel over which to write DATA at offset 612 of Payload -9007404025457505713 to endpoint T8u1 [CONTEXT service_id=54 ]
04-22 11:38:08.853  2290  2348 D BtGatt.GattService: onScanFilterParamsConfigured() - clientIf=5, status=0, action=0, availableSpace=10
04-22 11:38:08.853  2290  2348 D BtGatt.ScanManager: callback done for scannerId - 5 status - 0
04-22 11:38:08.854 22073  6656 E NearbyConnections: EndpointManager failed to find EndpointChannel over which to write DATA at offset 612 of Payload -9007404025457505713 to endpoint T8u1 [CONTEXT service_id=54 ]
04-22 11:38:08.854 22073  6656 I chatty  : uid=10156(com.google.android.gms) highpool[332] identical 3 lines
04-22 11:38:08.854 22073  6656 E NearbyConnections: EndpointManager failed to find EndpointChannel over which to write DATA at offset 612 of Payload -9007404025457505713 to endpoint T8u1 [CONTEXT service_id=54 ]
04-22 11:38:08.855  2290  2348 D BtGatt.GattService: onScanFilterConfig() - clientIf=5, action = 0 status = 0, filterType=0, availableSpace=0
04-22 11:38:08.855  2290  2348 D BtGatt.ScanManager: callback done for scannerId - 5 status - 0
04-22 11:38:08.855  2290  2575 D BtGatt.ScanManager: configureFilterParamter 500 10000 1 0, deliveryMode=0
04-22 11:38:08.855 22073  6656 E NearbyConnections: EndpointManager failed to find EndpointChannel over which to write DATA at offset 612 of Payload -9007404025457505713 to endpoint T8u1 [CONTEXT service_id=54 ]
04-22 11:38:08.857 22073  6656 I chatty  : uid=10156(com.google.android.gms) highpool[332] identical 8 lines
04-22 11:38:08.857 22073  6656 E NearbyConnections: EndpointManager failed to find EndpointChannel over which to write DATA at offset 612 of Payload -9007404025457505713 to endpoint T8u1 [CONTEXT service_id=54 ]
04-22 11:38:08.857  2290  2348 D BtGatt.GattService: onScanFilterParamsConfigured() - clientIf=5, status=0, action=0, availableSpace=9
04-22 11:38:08.857  2290  2348 D BtGatt.ScanManager: callback done for scannerId - 5 status - 0
04-22 11:38:08.857  2290  2575 D BtGatt.ScanManager: configureRegularScanParams() - queue=3
04-22 11:38:08.857 22073  6656 E NearbyConnections: EndpointManager failed to find EndpointChannel over which to write DATA at offset 612 of Payload -9007404025457505713 to endpoint T8u1 [CONTEXT service_id=54 ]
04-22 11:38:08.857  2290  2575 D BtGatt.ScanManager: configureRegularScanParams() - ScanSetting LE 1M Scan mode=2ScanSetting LE Coded Scan mode=2 mLastConfiguredScanSettingLE1M=1 mLastConfiguredScanSettingLECoded=1scanPhy=255
04-22 11:38:08.857  2290  2575 D BtGatt.ScanManager: configureRegularScanParams - scanInterval LE 1M = 4096configureRegularScanParams - scanWindow LE 1M= 4096configureRegularScanParams - scanInterval LE Coded= 4096configureRegularScanParams - scanWindow LE Coded= 4096
04-22 11:38:08.857 22073  6656 E NearbyConnections: EndpointManager failed to find EndpointChannel over which to write DATA at offset 612 of Payload -9007404025457505713 to endpoint T8u1 [CONTEXT service_id=54 ]
04-22 11:38:08.858 22073  6656 E NearbyConnections: EndpointManager failed to find EndpointChannel over which to write DATA at offset 612 of Payload -9007404025457505713 to endpoint T8u1 [CONTEXT service_id=54 ]
04-22 11:38:08.858  2290  2348 D BtGatt.GattService: onScanParamSetupCompleted : 0
04-22 11:38:08.858 22073  6656 E NearbyConnections: EndpointManager failed to find EndpointChannel over which to write DATA at offset 612 of Payload -9007404025457505713 to endpoint T8u1 [CONTEXT service_id=54 ]
04-22 11:38:08.940 22073  6656 I chatty  : uid=10156(com.google.android.gms) highpool[332] identical 333 lines
04-22 11:38:08.940 22073  6656 E NearbyConnections: EndpointManager failed to find EndpointChannel over which to write DATA at offset 612 of Payload -9007404025457505713 to endpoint T8u1 [CONTEXT service_id=54 ]
04-22 11:38:08.940  2290  2603 W bt_l2cap: L2CAP - L2CAP_CMD_INFO_RSP p= 0x8245d5d8 , p_next_cmd: 0x8245d5dc
04-22 11:38:08.940 22073  6656 E NearbyConnections: EndpointManager failed to find EndpointChannel over which to write DATA at offset 612 of Payload -9007404025457505713 to endpoint T8u1 [CONTEXT service_id=54 ]
04-22 11:38:09.084 22073  6656 I chatty  : uid=10156(com.google.android.gms) highpool[332] identical 526 lines
04-22 11:38:09.084 22073  6656 E NearbyConnections: EndpointManager failed to find EndpointChannel over which to write DATA at offset 612 of Payload -9007404025457505713 to endpoint T8u1 [CONTEXT service_id=54 ]
04-22 11:38:09.084  2290  2603 I bt_stack: [INFO:btsnoop.cc(336)] whitelist_l2c_channel: Whitelisting l2cap channel. conn_handle=15 cid=82:81
04-22 11:38:09.084 22073  6656 E NearbyConnections: EndpointManager failed to find EndpointChannel over which to write DATA at offset 612 of Payload -9007404025457505713 to endpoint T8u1 [CONTEXT service_id=54 ]
04-22 11:38:09.084  2290  2603 W bt_l2cap: L2CAP - LCID: 0x0052  st: CLOSED  evt: PEER_CONNECT_REQ
04-22 11:38:09.084  2290  2603 W bt_l2cap: L2CAP - LCID: 0x0052  st: TERM_W4_SEC_COMP  evt: SECURITY_COMPLETE
04-22 11:38:09.084  2290  2603 W bt_l2cap: L2CAP - LCID: 0x0052  st: W4_L2CA_CON_RSP  evt: UPPER_LAYER_CONNECT_RSP
04-22 11:38:09.084 22073  6656 E NearbyConnections: EndpointManager failed to find EndpointChannel over which to write DATA at offset 612 of Payload -9007404025457505713 to endpoint T8u1 [CONTEXT service_id=54 ]
04-22 11:38:09.084  2290  2603 W bt_l2cap: L2CAP - LCID: 0x0052  st: CONFIG  evt: UPPER_LAYER_CONFIG_REQ
04-22 11:38:09.085 22073  6656 E NearbyConnections: EndpointManager failed to find EndpointChannel over which to write DATA at offset 612 of Payload -9007404025457505713 to endpoint T8u1 [CONTEXT service_id=54 ]
04-22 11:38:09.229 22073  6656 I chatty  : uid=10156(com.google.android.gms) highpool[332] identical 579 lines
04-22 11:38:09.229 22073  6656 E NearbyConnections: EndpointManager failed to find EndpointChannel over which to write DATA at offset 612 of Payload -9007404025457505713 to endpoint T8u1 [CONTEXT service_id=54 ]
04-22 11:38:09.229  2290  2603 W bt_l2cap: L2CAP - LCID: 0x0052  st: CONFIG  evt: PEER_CONFIG_REQ
04-22 11:38:09.229  2290  2603 W bt_l2cap: L2CAP - LCID: 0x0052  st: CONFIG  evt: UPPER_LAYER_CONFIG_RSP
04-22 11:38:09.230 22073  6656 E NearbyConnections: EndpointManager failed to find EndpointChannel over which to write DATA at offset 612 of Payload -9007404025457505713 to endpoint T8u1 [CONTEXT service_id=54 ]
04-22 11:38:09.230  2290  2603 W bt_l2cap: L2CAP-Upper layer Config_Rsp,Local CID: 0x0052,Remote CID: 0x0051,PSM: 1,our MTU present:1,our MTU:672
04-22 11:38:09.230 22073  6656 E NearbyConnections: EndpointManager failed to find EndpointChannel over which to write DATA at offset 612 of Payload -9007404025457505713 to endpoint T8u1 [CONTEXT service_id=54 ]
04-22 11:38:09.231 22073  6656 I chatty  : uid=10156(com.google.android.gms) highpool[332] identical 4 lines
04-22 11:38:09.231 22073  6656 E NearbyConnections: EndpointManager failed to find EndpointChannel over which to write DATA at offset 612 of Payload -9007404025457505713 to endpoint T8u1 [CONTEXT service_id=54 ]
04-22 11:38:09.231  2290  2603 W bt_l2cap: L2CAP - LCID: 0x0052  st: CONFIG  evt: PEER_CONFIG_RSP
04-22 11:38:09.231  2290  2603 W bt_l2cap: L2CAP-peer_Config_Rsp,Local CID: 0x0052,Remote CID: 0x0051,PSM: 1,peer MTU present: 0,peer MTU: 672
04-22 11:38:09.231 22073  6656 E NearbyConnections: EndpointManager failed to find EndpointChannel over which to write DATA at offset 612 of Payload -9007404025457505713 to endpoint T8u1 [CONTEXT service_id=54 ]
04-22 11:38:09.276 22073  6656 I chatty  : uid=10156(com.google.android.gms) highpool[332] identical 181 lines
04-22 11:38:09.276 22073  6656 E NearbyConnections: EndpointManager failed to find EndpointChannel over which to write DATA at offset 612 of Payload -9007404025457505713 to endpoint T8u1 [CONTEXT service_id=54 ]
04-22 11:38:09.276  2290  2603 I bt_stack: [INFO:btm_ble_connection_establishment.cc(164)] btm_ble_conn_complete: unable to match and resolve random address
04-22 11:38:09.277 22073  6656 E NearbyConnections: EndpointManager failed to find EndpointChannel over which to write DATA at offset 612 of Payload -9007404025457505713 to endpoint T8u1 [CONTEXT service_id=54 ]
04-22 11:38:09.277  2290  2603 W bt_btm  : btm_acl_created hci_handle=12 link_role=1  transport=2
04-22 11:38:09.277 22073  6656 E NearbyConnections: EndpointManager failed to find EndpointChannel over which to write DATA at offset 612 of Payload -9007404025457505713 to endpoint T8u1 [CONTEXT service_id=54 ]
04-22 11:38:09.277 22073  6656 E NearbyConnections: EndpointManager failed to find EndpointChannel over which to write DATA at offset 612 of Payload -9007404025457505713 to endpoint T8u1 [CONTEXT service_id=54 ]
04-22 11:38:09.277  2290  2603 I bt_stack: [INFO:btm_ble_bgconn.cc(406)] Already connection initiated (or) No Pending connections(or) Resources of lcb are exhausted
04-22 11:38:09.277 22073  6656 E NearbyConnections: EndpointManager failed to find EndpointChannel over which to write DATA at offset 612 of Payload -9007404025457505713 to endpoint T8u1 [CONTEXT service_id=54 ]
04-22 11:38:09.365 22073  6656 I chatty  : uid=10156(com.google.android.gms) highpool[332] identical 354 lines
04-22 11:38:09.365 22073  6656 E NearbyConnections: EndpointManager failed to find EndpointChannel over which to write DATA at offset 612 of Payload -9007404025457505713 to endpoint T8u1 [CONTEXT service_id=54 ]
04-22 11:38:09.365  2290  2603 W bt_device_profile: profile_feature_fetch:profile 3
04-22 11:38:09.365  2290  2603 W bt_device_profile: profile_feature_fetch:MAP_0104_SUPPORT found 1
04-22 11:38:09.366  2290  2603 E bt_btif : is_map_adv_enabled feature : 1
04-22 11:38:09.366  2290  2603 W bt_device_profile: profile_feature_fetch:profile 2
04-22 11:38:09.366 22073  6656 E NearbyConnections: EndpointManager failed to find EndpointChannel over which to write DATA at offset 612 of Payload -9007404025457505713 to endpoint T8u1 [CONTEXT service_id=54 ]
04-22 11:38:09.366  2290  2603 W bt_device_profile: profile_feature_fetch:PBAP_0102_SUPPORT found 1
04-22 11:38:09.366  2290  2603 E bt_btif : is_pbap_adv_enabled feature : 1
04-22 11:38:09.366  2290  2603 E bt_btif : sdp_upgrade_mse_record 
04-22 11:38:09.366 22073  6656 E NearbyConnections: EndpointManager failed to find EndpointChannel over which to write DATA at offset 612 of Payload -9007404025457505713 to endpoint T8u1 [CONTEXT service_id=54 ]
04-22 11:38:09.366  2290  2603 E bt_btif : check_remote_pbap_version_102 unable to open PBAP PCE Conf file for read: error: (No such file or directory)
04-22 11:38:09.366 22073  6656 E NearbyConnections: EndpointManager failed to find EndpointChannel over which to write DATA at offset 612 of Payload -9007404025457505713 to endpoint T8u1 [CONTEXT service_id=54 ]
04-22 11:38:09.481 22073  6656 I chatty  : uid=10156(com.google.android.gms) highpool[332] identical 414 lines
04-22 11:38:09.482 22073  6656 E NearbyConnections: EndpointManager failed to find EndpointChannel over which to write DATA at offset 612 of Payload -9007404025457505713 to endpoint T8u1 [CONTEXT service_id=54 ]
04-22 11:38:09.482  2290  2603 W bt_btm  : btm_read_remote_version_complete lmp_version 9 manufacturer 29 lmp_subversion 2003
04-22 11:38:09.482 22073  6656 E NearbyConnections: EndpointManager failed to find EndpointChannel over which to write DATA at offset 612 of Payload -9007404025457505713 to endpoint T8u1 [CONTEXT service_id=54 ]
04-22 11:38:09.482  2290  2603 E bt_btif : bta_dm_acl_change new acl connetion:count = 4
04-22 11:38:09.482  2290  2603 W bt_btif : bta_dm_acl_change info: 0x0
04-22 11:38:09.482  2290  2348 D BtGatt.GattService: onClientConnected() connId=520, address=74:33:07:E5:E8:21, connected=true
04-22 11:38:09.482  2290  2603 W bt_l2cap: L2CA_SetDesireRole() new:x1, disallow_switch:0
04-22 11:38:09.482 22073  6656 E NearbyConnections: EndpointManager failed to find EndpointChannel over which to write DATA at offset 612 of Payload -9007404025457505713 to endpoint T8u1 [CONTEXT service_id=54 ]
04-22 11:38:09.482 22073  6656 E NearbyConnections: EndpointManager failed to find EndpointChannel over which to write DATA at offset 612 of Payload -9007404025457505713 to endpoint T8u1 [CONTEXT service_id=54 ]
04-22 11:38:09.483 22073 22095 D BluetoothGattServer: onServerConnectionState() - status=0 serverIf=8 device=74:33:07:E5:E8:21
04-22 11:38:09.483 22073  6656 E NearbyConnections: EndpointManager failed to find EndpointChannel over which to write DATA at offset 612 of Payload -9007404025457505713 to endpoint T8u1 [CONTEXT service_id=54 ]
04-22 11:38:09.483 22073  6656 E NearbyConnections: EndpointManager failed to find EndpointChannel over which to write DATA at offset 612 of Payload -9007404025457505713 to endpoint T8u1 [CONTEXT service_id=54 ]
04-22 11:38:09.483  2290  2348 D BtGatt.GattService: onClientConnected() connId=521, address=74:33:07:E5:E8:21, connected=true
04-22 11:38:09.483 22073  6656 E NearbyConnections: EndpointManager failed to find EndpointChannel over which to write DATA at offset 612 of Payload -9007404025457505713 to endpoint T8u1 [CONTEXT service_id=54 ]
04-22 11:38:09.483 22073  6656 E NearbyConnections: EndpointManager failed to find EndpointChannel over which to write DATA at offset 612 of Payload -9007404025457505713 to endpoint T8u1 [CONTEXT service_id=54 ]
04-22 11:38:09.483  2290  2348 D bt_btif_dm: remote version info [74:33:07:e5:e8:21]: 0, 0, 0
04-22 11:38:09.484 22073 22095 D BluetoothGattServer: onServerConnectionState() - status=0 serverIf=9 device=74:33:07:E5:E8:21
04-22 11:38:09.484 22073  6656 E NearbyConnections: EndpointManager failed to find EndpointChannel over which to write DATA at offset 612 of Payload -9007404025457505713 to endpoint T8u1 [CONTEXT service_id=54 ]
04-22 11:38:09.484 22073 22095 I bevw    : Connected to device 74:33:07:E5:E8:21.
04-22 11:38:09.484  2290  2348 E BluetoothRemoteDevices: aclStateChangeCallback: device is NULL, address=74:33:07:E5:E8:21, newState=0
04-22 11:38:09.484 22073 22095 D BluetoothGattServer: connect() - device: 74:33:07:E5:E8:21, auto: false
04-22 11:38:09.484 22073  6656 E NearbyConnections: EndpointManager failed to find EndpointChannel over which to write DATA at offset 612 of Payload -9007404025457505713 to endpoint T8u1 [CONTEXT service_id=54 ]
04-22 11:38:09.484 22073  6656 I chatty  : uid=10156(com.google.android.gms) highpool[332] identical 1 line
04-22 11:38:09.484 22073  6656 E NearbyConnections: EndpointManager failed to find EndpointChannel over which to write DATA at offset 612 of Payload -9007404025457505713 to endpoint T8u1 [CONTEXT service_id=54 ]
04-22 11:38:09.484  2290 13026 D BluetoothMetrics: btclass0
04-22 11:38:09.485 22073  6656 E NearbyConnections: EndpointManager failed to find EndpointChannel over which to write DATA at offset 612 of Payload -9007404025457505713 to endpoint T8u1 [CONTEXT service_id=54 ]
04-22 11:38:09.485  2290  2737 D BtGatt.GattService: serverConnect() - address=74:33:07:E5:E8:21
04-22 11:38:09.485 22073  6656 E NearbyConnections: EndpointManager failed to find EndpointChannel over which to write DATA at offset 612 of Payload -9007404025457505713 to endpoint T8u1 [CONTEXT service_id=54 ]
04-22 11:38:09.485 22073  6656 I chatty  : uid=10156(com.google.android.gms) highpool[332] identical 1 line
04-22 11:38:09.485 22073  6656 E NearbyConnections: EndpointManager failed to find EndpointChannel over which to write DATA at offset 612 of Payload -9007404025457505713 to endpoint T8u1 [CONTEXT service_id=54 ]
04-22 11:38:09.485  2290  2603 I bt_stack: [INFO:gatt_api.cc(1122)] GATT_Connect gatt_if=9, address=74:33:07:e5:e8:21 is_direct 1
04-22 11:38:09.486 22073  6656 E NearbyConnections: EndpointManager failed to find EndpointChannel over which to write DATA at offset 612 of Payload -9007404025457505713 to endpoint T8u1 [CONTEXT service_id=54 ]
04-22 11:38:09.486 22073  6656 E NearbyConnections: EndpointManager failed to find EndpointChannel over which to write DATA at offset 612 of Payload -9007404025457505713 to endpoint T8u1 [CONTEXT service_id=54 ]
04-22 11:38:09.486  2290 13026 E BluetoothMetrics: CheckinEvent exception: java.lang.NullPointerException: Attempt to invoke interface method 'java.lang.String java.lang.CharSequence.toString()' on a null object reference
04-22 11:38:09.486  2290  2348 D BtGatt.GattService: onClientConnected() connId=521, address=74:33:07:E5:E8:21, connected=true
04-22 11:38:09.486 22073  6656 E NearbyConnections: EndpointManager failed to find EndpointChannel over which to write DATA at offset 612 of Payload -9007404025457505713 to endpoint T8u1 [CONTEXT service_id=54 ]
04-22 11:38:09.486 22073  6656 E NearbyConnections: EndpointManager failed to find EndpointChannel over which to write DATA at offset 612 of Payload -9007404025457505713 to endpoint T8u1 [CONTEXT service_id=54 ]
04-22 11:38:09.486  2290  2348 D bt_btif_gatt: btapp_gatts_handle_cback: Empty event (16)!
04-22 11:38:09.486 22073 22095 D BluetoothGattServer: onServerConnectionState() - status=0 serverIf=9 device=74:33:07:E5:E8:21
04-22 11:38:09.487 22073  6656 E NearbyConnections: EndpointManager failed to find EndpointChannel over which to write DATA at offset 612 of Payload -9007404025457505713 to endpoint T8u1 [CONTEXT service_id=54 ]
04-22 11:38:09.487 22073 22095 I bevw    : Connected to device 74:33:07:E5:E8:21.
04-22 11:38:09.487 22073 22095 W bevw    : A connection is already open with device 74:33:07:E5:E8:21. Keeping existing one.
04-22 11:38:09.487 22073  6656 E NearbyConnections: EndpointManager failed to find EndpointChannel over which to write DATA at offset 612 of Payload -9007404025457505713 to endpoint T8u1 [CONTEXT service_id=54 ]
04-22 11:38:09.593 22073  6656 I chatty  : uid=10156(com.google.android.gms) highpool[332] identical 427 lines
04-22 11:38:09.594 22073  6656 E NearbyConnections: EndpointManager failed to find EndpointChannel over which to write DATA at offset 612 of Payload -9007404025457505713 to endpoint T8u1 [CONTEXT service_id=54 ]
04-22 11:38:09.594 22073 12628 I NearbyMediums: Received advertisement header BleAdvertisementHeader { version=2, numSlots=5, serviceIdBloomFilter=[ 0x00 0x22 0x08 0x82 0x01 0x00 0x48 0x00 0x00 0x14 ], advertisementHash=[ 0xbd 0x9b 0x9d 0xce ], psm=0}, but we have never seen it before. Will try reading its GATT advertisement. [CONTEXT service_id=54 ]
04-22 11:38:09.594 22073  6656 E NearbyConnections: EndpointManager failed to find EndpointChannel over which to write DATA at offset 612 of Payload -9007404025457505713 to endpoint T8u1 [CONTEXT service_id=54 ]
04-22 11:38:09.597 22073  6656 I chatty  : uid=10156(com.google.android.gms) highpool[332] identical 10 lines
04-22 11:38:09.597 22073  6656 E NearbyConnections: EndpointManager failed to find EndpointChannel over which to write DATA at offset 612 of Payload -9007404025457505713 to endpoint T8u1 [CONTEXT service_id=54 ]
04-22 11:38:09.597  2290  2603 W bt_l2cap: l2c_link_hci_conn_req:set link_role= 0
04-22 11:38:09.599  2290  2314 D BluetoothAdapterService: cancelDiscovery
04-22 11:38:09.600 22073  6656 E NearbyConnections: EndpointManager failed to find EndpointChannel over which to write DATA at offset 612 of Payload -9007404025457505713 to endpoint T8u1 [CONTEXT service_id=54 ]
04-22 11:38:09.603 22073  6656 I chatty  : uid=10156(com.google.android.gms) highpool[332] identical 13 lines
04-22 11:38:09.603 22073  6656 E NearbyConnections: EndpointManager failed to find EndpointChannel over which to write DATA at offset 612 of Payload -9007404025457505713 to endpoint T8u1 [CONTEXT service_id=54 ]
04-22 11:38:09.603 22073 12628 D BluetoothAdapter: isLeEnabled(): ON
