04-20 20:22:37.312  1749  1768 V WindowManager: Changing focus from null to Window{c368189 u0 com.google.location.nearby.apps.connectedcrossroad/nx.aodv.eval.MainActivity} displayId=0
04-20 20:22:37.470  1749  1773 I LaunchCheckinHandler: Displayed com.google.location.nearby.apps.connectedcrossroad/nx.aodv.eval.MainActivity,cp,ca,885
04-20 20:22:37.471  1749  1773 I WindowManager: Window drawn AppWindowToken{9bfd139 token=Token{a658500 ActivityRecord{49c1f83 u0 com.google.location.nearby.apps.connectedcrossroad/nx.aodv.eval.MainActivity t21}}}
04-20 20:22:37.471  1749  1773 I WindowManager:   SURFACE show Surface(name=com.google.location.nearby.apps.connectedcrossroad/nx.aodv.eval.MainActivity)/@0x7a3158e on display:0: com.google.location.nearby.apps.connectedcrossroad/nx.aodv.eval.MainActivity
04-20 20:22:49.145  1749 11470 W ProcessStats: Tracking association SourceState{c2fbd9 com.google.android.gms.persistent/10158 ImpFg #58988} whose proc state 2 is better than process ProcessState{d084d42 com.google.android.gms/10158 pkg=com.google.android.gms (sub)} proc state 3 (2 skipped)
04-20 20:22:52.190  1749  1768 I ActivityManager: Killing 697:com.google.android.partnersetup/u0a115 (adj 975): empty #17
04-20 20:22:52.234  1749  7481 D ActivityManager: makeInactive, ProcessRecord{ccf49d6 697:com.google.android.partnersetup/u0a115}, clear holder.state
04-20 20:22:59.446  1749  1781 I ActivityManager: Killing 714:com.google.android.videos/u0a173 (adj 975): empty #17
04-20 20:22:59.498  1749  2749 D ActivityManager: makeInactive, ProcessRecord{f08e6b1 714:com.google.android.videos/u0a173}, clear holder.state
04-20 20:23:05.900  1749  3485 W AppOps  : Noting op not finished: uid 10158 pkg com.google.android.gms code 79 time=1618964557227 duration=-1
04-20 20:23:05.905  1749  9826 W AppOps  : Noting op not finished: uid 10158 pkg com.google.android.gms code 79 time=1618964585900 duration=0
04-20 20:23:10.740  1749  1773 I WindowManager:   SURFACE show Surface(name=InputMethod)/@0xc64b3e9 on display:0: InputMethod
04-20 20:23:14.406  1749  1749 D BluetoothManagerService: Bluetooth Adapter name changed to IjVyZ2hbye0AAAAAAAAAATI
04-20 20:23:14.407  1749  1749 D BluetoothManagerService: Stored Bluetooth name: IjVyZ2hbye0AAAAAAAAAATI
04-20 20:23:14.408  1749  1749 V SettingsProvider: Notifying for 0: content://settings/secure/bluetooth_name
04-20 20:23:14.759  1749  2257 D NsdService: Register service
04-20 20:23:14.760  1749  2257 D NsdService: registerService: 7 name: IjVyZ2hbye0AAA, type: _5BC9ED5E6C75._tcp, host: null, port: 40071, txtRecord: n=MgIPv4=192.168.1.65
04-20 20:23:14.760  1749  2257 D NsdService: mdnssd [register, 7, IjVyZ2hbye0AAA, _5BC9ED5E6C75._tcp, 40071, BG49TWcRSVB2ND0xOTIuMTY4LjEuNjU=]
04-20 20:23:14.764  1749  2257 D NsdService: Register 7 7
04-20 20:23:15.440  1749  2257 D NsdService: Native daemon message SERVICE_REGISTERED: 606 7 "IjVyZ2hbye0AAA"
04-20 20:23:19.026  1749  2054 D BatteryService: uevent={POWER_SUPPLY_DP_DM=0, POWER_SUPPLY_VOLTAGE_NOW=3924271, POWER_SUPPLY_SW_JEITA_ENABLED=0, POWER_SUPPLY_CHARGE_CONTROL_LIMIT_MAX=8, POWER_SUPPLY_RECHARGE_SOC=99, POWER_SUPPLY_HEALTH=Good, POWER_SUPPLY_TECHNOLOGY=Li-ion, POWER_SUPPLY_FCC_STEPPER_ENABLE=0, SEQNUM=20722, POWER_SUPPLY_INPUT_CURRENT_LIMITED=0, POWER_SUPPLY_CHARGE_CONTROL_LIMIT=0, POWER_SUPPLY_BATTERY_CHARGING_ENABLED=1, POWER_SUPPLY_STATUS=Discharging, POWER_SUPPLY_CYCLE_COUNT=1, POWER_SUPPLY_CURRENT_MAX=2000000, POWER_SUPPLY_CHARGE_TERM_CURRENT=-101, POWER_SUPPLY_CAPACITY=66, DEVPATH=/devices/platform/soc/200f000.qcom,spmi/spmi-0/spmi0-02/200f000.qcom,spmi:qcom,pmi632@2:qcom,qpnp-smb5/power_supply/battery, POWER_SUPPLY_CHARGE_DONE=0, POWER_SUPPLY_CHARGE_TYPE=N/A, POWER_SUPPLY_CHARGE_RATE=None, POWER_SUPPLY_CURRENT_NOW=-303039, POWER_SUPPLY_SYSTEM_TEMP_LEVEL=0, POWER_SUPPLY_PRESENT=1, POWER_SUPPLY_PARALLEL_DISABLE=0, POWER_SUPPLY_CHARGE_FULL=3615000, SUBSYSTEM=power_supply, POWER_SUPPLY_SET_SHIP_MODE=0, POWER_SUPPLY_TEMP=264, ACTION=change, POWER_SUPPLY_RERUN_AICL=0, POWER_SUPPLY_AGE=100, POWER_SUPPLY_NAME=battery, POWER_SUPPLY_VOLTAGE_MAX=-22, POWER_SUPPLY_CONSTANT_CHARGE_CURRENT_MAX=2000000, POWER_SUPPLY_CHARGE_COUNTER=2385900, POWER_SUPPLY_STEP_CHARGING_ENABLED=0, POWER_SUPPLY_NUM_SYSTEM_TEMP_LEVELS=8, POWER_SUPPLY_DIE_HEALTH=Hot, POWER_SUPPLY_INPUT_SUSPEND=0}
04-20 20:23:20.344  1749 11475 W ProcessStats: Tracking association SourceState{5bb78d com.google.android.gms.persistent/10158 ImpFg #59134} whose proc state 2 is better than process ProcessState{d084d42 com.google.android.gms/10158 pkg=com.google.android.gms (sub)} proc state 3 (29 skipped)
04-20 20:23:40.978  1749  1781 I ActivityManager: Waited long enough for: ServiceRecord{12622a1 u0 com.google.android.googlequicksearchbox/com.google.android.apps.gsa.shared.util.keepalive.StandaloneKeepAlive$KeepAliveService}
04-20 20:24:06.095  1749  2444 W AppOps  : Noting op not finished: uid 10158 pkg com.google.android.gms code 79 time=1618964585905 duration=0
04-20 20:24:06.097  1749  2444 W AppOps  : Noting op not finished: uid 10158 pkg com.google.android.gms code 79 time=1618964646095 duration=0
04-20 20:24:11.504  1749  2054 D BatteryService: uevent={POWER_SUPPLY_DP_DM=0, POWER_SUPPLY_VOLTAGE_NOW=3935754, POWER_SUPPLY_SW_JEITA_ENABLED=0, POWER_SUPPLY_CHARGE_CONTROL_LIMIT_MAX=8, POWER_SUPPLY_RECHARGE_SOC=99, POWER_SUPPLY_HEALTH=Good, POWER_SUPPLY_TECHNOLOGY=Li-ion, POWER_SUPPLY_FCC_STEPPER_ENABLE=0, SEQNUM=20828, POWER_SUPPLY_INPUT_CURRENT_LIMITED=0, POWER_SUPPLY_CHARGE_CONTROL_LIMIT=0, POWER_SUPPLY_BATTERY_CHARGING_ENABLED=1, POWER_SUPPLY_STATUS=Discharging, POWER_SUPPLY_CYCLE_COUNT=1, POWER_SUPPLY_CURRENT_MAX=2000000, POWER_SUPPLY_CHARGE_TERM_CURRENT=-101, POWER_SUPPLY_CAPACITY=65, DEVPATH=/devices/platform/soc/200f000.qcom,spmi/spmi-0/spmi0-02/200f000.qcom,spmi:qcom,pmi632@2:qcom,qpnp-smb5/power_supply/battery, POWER_SUPPLY_CHARGE_DONE=0, POWER_SUPPLY_CHARGE_TYPE=N/A, POWER_SUPPLY_CHARGE_RATE=None, POWER_SUPPLY_CURRENT_NOW=-234069, POWER_SUPPLY_SYSTEM_TEMP_LEVEL=0, POWER_SUPPLY_PRESENT=1, POWER_SUPPLY_PARALLEL_DISABLE=0, POWER_SUPPLY_CHARGE_FULL=3615000, SUBSYSTEM=power_supply, POWER_SUPPLY_SET_SHIP_MODE=0, POWER_SUPPLY_TEMP=264, ACTION=change, POWER_SUPPLY_RERUN_AICL=0, POWER_SUPPLY_AGE=100, POWER_SUPPLY_NAME=battery, POWER_SUPPLY_VOLTAGE_MAX=-22, POWER_SUPPLY_CONSTANT_CHARGE_CURRENT_MAX=2000000, POWER_SUPPLY_CHARGE_COUNTER=2385900, POWER_SUPPLY_STEP_CHARGING_ENABLED=0, POWER_SUPPLY_NUM_SYSTEM_TEMP_LEVELS=8, POWER_SUPPLY_DIE_HEALTH=Hot, POWER_SUPPLY_INPUT_SUSPEND=0}
04-20 20:24:15.591  1749  7754 W ProcessStats: Tracking association SourceState{5bb78d com.google.android.gms.persistent/10158 ImpFg #59234} whose proc state 2 is better than process ProcessState{d084d42 com.google.android.gms/10158 pkg=com.google.android.gms (sub)} proc state 3 (11 skipped)
04-20 20:24:20.469  1749  2054 D BatteryService: uevent={POWER_SUPPLY_DP_DM=0, POWER_SUPPLY_VOLTAGE_NOW=3925828, POWER_SUPPLY_SW_JEITA_ENABLED=0, POWER_SUPPLY_CHARGE_CONTROL_LIMIT_MAX=8, POWER_SUPPLY_RECHARGE_SOC=99, POWER_SUPPLY_HEALTH=Good, POWER_SUPPLY_TECHNOLOGY=Li-ion, POWER_SUPPLY_FCC_STEPPER_ENABLE=0, SEQNUM=20847, POWER_SUPPLY_INPUT_CURRENT_LIMITED=0, POWER_SUPPLY_CHARGE_CONTROL_LIMIT=0, POWER_SUPPLY_BATTERY_CHARGING_ENABLED=1, POWER_SUPPLY_STATUS=Discharging, POWER_SUPPLY_CYCLE_COUNT=1, POWER_SUPPLY_CURRENT_MAX=2000000, POWER_SUPPLY_CHARGE_TERM_CURRENT=-101, POWER_SUPPLY_CAPACITY=65, DEVPATH=/devices/platform/soc/200f000.qcom,spmi/spmi-0/spmi0-02/200f000.qcom,spmi:qcom,pmi632@2:qcom,qpnp-smb5/power_supply/battery, POWER_SUPPLY_CHARGE_DONE=0, POWER_SUPPLY_CHARGE_TYPE=N/A, POWER_SUPPLY_CHARGE_RATE=None, POWER_SUPPLY_CURRENT_NOW=-214996, POWER_SUPPLY_SYSTEM_TEMP_LEVEL=0, POWER_SUPPLY_PRESENT=1, POWER_SUPPLY_PARALLEL_DISABLE=0, POWER_SUPPLY_CHARGE_FULL=3615000, SUBSYSTEM=power_supply, POWER_SUPPLY_SET_SHIP_MODE=0, POWER_SUPPLY_TEMP=264, ACTION=change, POWER_SUPPLY_RERUN_AICL=0, POWER_SUPPLY_AGE=100, POWER_SUPPLY_NAME=battery, POWER_SUPPLY_VOLTAGE_MAX=-22, POWER_SUPPLY_CONSTANT_CHARGE_CURRENT_MAX=2000000, POWER_SUPPLY_CHARGE_COUNTER=2385900, POWER_SUPPLY_STEP_CHARGING_ENABLED=0, POWER_SUPPLY_NUM_SYSTEM_TEMP_LEVELS=8, POWER_SUPPLY_DIE_HEALTH=Hot, POWER_SUPPLY_INPUT_SUSPEND=0}
04-20 20:24:26.542  1749  2603 W ProcessStats: Tracking association SourceState{5bb78d com.google.android.gms.persistent/10158 ImpFg #59240} whose proc state 2 is better than process ProcessState{d084d42 com.google.android.gms/10158 pkg=com.google.android.gms (sub)} proc state 3 (0 skipped)
04-20 20:24:55.863  1749  1773 I WindowManager:   SURFACE show Surface(name=PopupWindow:842828)/@0x76ce153 on display:0: PopupWindow:842828
04-20 20:24:55.950  1749  1773 I WindowManager:   SURFACE show Surface(name=InputMethod)/@0xc1527cb on display:0: InputMethod
04-20 20:24:57.639  1749 11475 I WindowManager:   SURFACE show Surface(name=com.android.systemui.ImageWallpaper)/@0xcbdab7b on display:0: com.android.systemui.ImageWallpaper
04-20 20:24:57.700  1749  1773 I WindowManager: Window drawn AppWindowToken{7a5d47e token=Token{e022639 ActivityRecord{9980e00 u0 com.motorola.launcher3/com.android.launcher3.CustomizationPanelLauncher t3}}}
04-20 20:24:57.700  1749  1773 I WindowManager:   SURFACE show Surface(name=com.motorola.launcher3/com.android.launcher3.CustomizationPanelLauncher)/@0x1a399bb on display:0: com.motorola.launcher3/com.android.launcher3.CustomizationPanelLauncher
04-20 20:24:57.845  1749  1773 I WindowManager:   SURFACE show Surface(name=com.motorola.launcher3/com.android.launcher3.CustomizationPanelLauncher)/@0x7cbc8ee on display:0: com.motorola.launcher3/com.android.launcher3.CustomizationPanelLauncher
04-20 20:24:58.459  1749  5077 V WindowManager: Changing focus from Window{c368189 u0 com.google.location.nearby.apps.connectedcrossroad/nx.aodv.eval.MainActivity} to Window{733e816 u0 com.motorola.launcher3/com.android.launcher3.CustomizationPanelLauncher} displayId=0
04-20 20:24:58.501  1749  1749 V SettingsProvider: Notifying for 0: content://settings/secure/reminder_exp_learning_time_elapsed
04-20 20:24:58.531  1749  3487 I WindowManager: Window drawn AppWindowToken{9bfd139 token=Token{a658500 ActivityRecord{49c1f83 u0 com.google.location.nearby.apps.connectedcrossroad/nx.aodv.eval.MainActivity t21}}}
04-20 20:24:58.539  1749  1773 I WindowManager:   SURFACE show Surface(name=FloatingTutorialButton)/@0x5556938 on display:0: FloatingTutorialButton
04-20 20:24:58.722  1749  2257 D NsdService: unregister service
04-20 20:24:58.723  1749  2257 D NsdService: mdnssd [stop-register, 7]
04-20 20:24:58.735  1749  1749 D BluetoothManagerService: Bluetooth Adapter name changed to moto e
04-20 20:24:58.735  1749  1749 D BluetoothManagerService: Stored Bluetooth name: moto e
04-20 20:24:58.735  1749  1749 V SettingsProvider: Notifying for 0: content://settings/secure/bluetooth_name
04-20 20:25:00.226  1749  1773 I WindowManager:   SURFACE show Surface(name=FloatingTutorialButton)/@0x8242bd4 on display:0: FloatingTutorialButton
04-20 20:25:03.299  1749  1773 I WindowManager:   SURFACE show Surface(name=FloatingTutorialButton)/@0x1823140 on display:0: FloatingTutorialButton
04-20 20:25:04.358  1749  1773 I WindowManager:   SURFACE show Surface(name=FloatingTutorialButton)/@0x9bd0e17 on display:0: FloatingTutorialButton
04-20 20:25:04.636  1749  3487 I ActivityTaskManager: START u0 {act=android.intent.action.MAIN cat=[android.intent.category.LAUNCHER] flg=0x10200000 cmp=com.google.android.apps.magazines/com.google.apps.dots.android.app.activity.CurrentsStartActivity bnds=[293,994][427,1225]} from uid 10159
04-20 20:25:04.645  1749  3487 D ActivityTaskManager: getPreferredLaunchDisplay usersetdisplayid 0 current displayId 0 paramspreferid -1
04-20 20:25:04.645  1749  3487 I chatty  : uid=1000(system) Binder:1749_13 identical 1 line
04-20 20:25:04.649  1749  3487 D ActivityTaskManager: getPreferredLaunchDisplay usersetdisplayid 0 current displayId 0 paramspreferid -1
04-20 20:25:04.658  1749  1749 V SettingsProvider: Notifying for 0: content://settings/secure/reminder_exp_learning_time_elapsed
04-20 20:25:04.685  1749  1773 V WindowManager: Changing focus from Window{733e816 u0 com.motorola.launcher3/com.android.launcher3.CustomizationPanelLauncher} to null displayId=0
04-20 20:25:04.686  1749  1782 I ActivityManager: Start proc 6549:com.google.android.apps.magazines/u0a214 for activity {com.google.android.apps.magazines/com.google.apps.dots.android.app.activity.CurrentsStartActivity}
04-20 20:25:04.731  1749  1773 I WindowManager:   SURFACE show Surface(name=Splash Screen com.google.android.apps.magazines)/@0xe22ef2a on display:0: Splash Screen com.google.android.apps.magazines
04-20 20:25:04.917  1749 11470 D ConnectivityService: Returning UNBLOCKED NetworkInfo to uid=10214
04-20 20:25:04.921  1749 11470 D ConnectivityService: requestNetwork for uid/pid:10214/6549 NetworkRequest [ TRACK_DEFAULT id=139, [ Capabilities: INTERNET&NOT_RESTRICTED&TRUSTED Uid: 10214] ]
04-20 20:25:05.053  1749  7754 D ConnectivityService: requestNetwork for uid/pid:10214/6549 NetworkRequest [ TRACK_DEFAULT id=140, [ Capabilities: INTERNET&NOT_RESTRICTED&TRUSTED Uid: 10214] ]
04-20 20:25:05.206  1749  9826 I WindowManager: Window drawn AppWindowToken{7a5d47e token=Token{e022639 ActivityRecord{9980e00 u0 com.motorola.launcher3/com.android.launcher3.CustomizationPanelLauncher t3}}}
04-20 20:25:05.278  1749  3487 V WindowManager: Changing focus from null to Window{35398bb u0 com.google.android.apps.magazines/com.google.apps.dots.android.app.activity.CurrentsStartActivity} displayId=0
04-20 20:25:05.426  1749  1773 I LaunchCheckinHandler: Displayed com.google.android.apps.magazines/com.google.apps.dots.android.app.activity.CurrentsStartActivity,cp,ca,759
04-20 20:25:05.426  1749  1773 I WindowManager: Window drawn AppWindowToken{1430222 token=Token{56eb3ed ActivityRecord{c943204 u0 com.google.android.apps.magazines/com.google.apps.dots.android.app.activity.CurrentsStartActivity t22}}}
04-20 20:25:05.427  1749  1773 I WindowManager:   SURFACE show Surface(name=com.google.android.apps.magazines/com.google.apps.dots.android.app.activity.CurrentsStartActivity)/@0x190e0fa on display:0: com.google.android.apps.magazines/com.google.apps.dots.android.app.activity.CurrentsStartActivity
04-20 20:25:05.630  1749  9826 I WindowManager:   SURFACE show Surface(name=com.android.systemui.ImageWallpaper)/@0xcbdab7b on display:0: com.android.systemui.ImageWallpaper
04-20 20:25:05.676  1749  1773 I WindowManager: Window drawn AppWindowToken{7a5d47e token=Token{e022639 ActivityRecord{9980e00 u0 com.motorola.launcher3/com.android.launcher3.CustomizationPanelLauncher t3}}}
04-20 20:25:05.676  1749  1773 I WindowManager:   SURFACE show Surface(name=com.motorola.launcher3/com.android.launcher3.CustomizationPanelLauncher)/@0x76a7698 on display:0: com.motorola.launcher3/com.android.launcher3.CustomizationPanelLauncher
04-20 20:25:05.781  1749  1773 I WindowManager:   SURFACE show Surface(name=com.motorola.launcher3/com.android.launcher3.CustomizationPanelLauncher)/@0xdacfbf3 on display:0: com.motorola.launcher3/com.android.launcher3.CustomizationPanelLauncher
04-20 20:25:05.899  1749  7754 I ActivityTaskManager: START u0 {flg=0x4008000 cmp=com.google.android.apps.magazines/com.google.apps.dots.android.newsstand.home.HomeActivity (has extras)} from uid 10214
04-20 20:25:05.901  1749  7754 D ActivityTaskManager: getPreferredLaunchDisplay usersetdisplayid 0 current displayId 0 paramspreferid -1
04-20 20:25:05.901  1749  7754 D ActivityTaskManager: getPreferredLaunchDisplay usersetdisplayid 0 current displayId 0 paramspreferid -1
04-20 20:25:05.938  1749  7754 I WindowManager: Window drawn AppWindowToken{7a5d47e token=Token{e022639 ActivityRecord{9980e00 u0 com.motorola.launcher3/com.android.launcher3.CustomizationPanelLauncher t3}}}
04-20 20:25:05.958  1749  5077 V WindowManager: Changing focus from Window{35398bb u0 com.google.android.apps.magazines/com.google.apps.dots.android.app.activity.CurrentsStartActivity} to null displayId=0
04-20 20:25:06.114  1749  1749 I RoleManagerService: Granting default permissions...
04-20 20:25:06.118  1749  2646 W LocationProviderProxy: Odd, no component found for service com.android.location.service.v3.NetworkLocationProvider
04-20 20:25:06.142  1749  1782 I ActivityManager: Start proc 6657:com.google.android.permissioncontroller/u0a74 for service {com.google.android.permissioncontroller/com.android.packageinstaller.role.service.RoleControllerServiceImpl}
04-20 20:25:06.256  1749 11470 W AppOps  : Noting op not finished: uid 10158 pkg com.google.android.gms code 79 time=1618964704883 duration=-1
04-20 20:25:06.260  1749  9826 W AppOps  : Noting op not finished: uid 10158 pkg com.google.android.gms code 79 time=1618964706256 duration=0
04-20 20:25:06.294  1749  1749 I TelecomService: DefaultDialerCache: Refreshing default dialer for user 0: now com.google.android.dialer: DDC.oR@Agw
04-20 20:25:06.326  1749 11470 V WindowManager: Changing focus from null to Window{5a21f01 u0 com.google.android.apps.magazines/com.google.apps.dots.android.newsstand.home.HomeActivity} displayId=0
04-20 20:25:06.354  1749  1769 W Looper  : Slow delivery took 206ms android.fg h=android.os.Handler c=<recycled PooledLambda@173f7fb> m=0
04-20 20:25:06.387  1749  1769 W Looper  : Drained
04-20 20:25:06.400  1749  1773 I LaunchCheckinHandler: Displayed com.google.android.apps.magazines/com.google.apps.dots.android.newsstand.home.HomeActivity,wp,ca,444
04-20 20:25:06.400  1749  1773 I WindowManager: Window drawn AppWindowToken{4b9ff3f token=Token{daf2f5e ActivityRecord{1fea099 u0 com.google.android.apps.magazines/com.google.apps.dots.android.newsstand.home.HomeActivity t22}}}
04-20 20:25:06.403  1749  1773 I WindowManager:   SURFACE show Surface(name=com.google.android.apps.magazines/com.google.apps.dots.android.newsstand.home.HomeActivity)/@0xb114018 on display:0: com.google.android.apps.magazines/com.google.apps.dots.android.newsstand.home.HomeActivity
04-20 20:25:06.429  1749  9826 I WindowManager: Window drawn AppWindowToken{1430222 token=Token{56eb3ed ActivityRecord{c943204 u0 com.google.android.apps.magazines/com.google.apps.dots.android.app.activity.CurrentsStartActivity t22}}}
04-20 20:25:06.454  6657  6693 D SystemConfig: Removed unavailable feature android.hardware.sensor.gyroscope
04-20 20:25:06.457  6657  6693 W SystemConfig: No directory /oem/etc/sysconfig, skipping
04-20 20:25:06.457  6657  6693 W SystemConfig: No directory /oem/etc/permissions, skipping
04-20 20:25:06.507  6657  6693 W SystemConfig: No directory /system/etc/motorola/bgintents, skipping
04-20 20:25:06.507  6657  6693 W SystemConfig: No directory /oem/etc/motorola/bgintents, skipping
04-20 20:25:06.510  6657  6693 W SystemConfig: No directory /product_services/etc/sysconfig, skipping
04-20 20:25:06.510  6657  6693 W SystemConfig: No directory /product_services/etc/permissions, skipping
04-20 20:25:06.510  6657  6693 W SystemConfig: No directory /system/etc/motorola/sysconfig, skipping
04-20 20:25:06.511  6657  6693 W SystemConfig: No directory /oem/etc/motorola/sysconfig, skipping
04-20 20:25:06.511  6657  6693 W SystemConfig: No directory /product/etc/motorola/sysconfig, skipping
04-20 20:25:06.700  1749  3487 I WindowManager:   SURFACE show Surface(name=com.android.systemui.ImageWallpaper)/@0xcbdab7b on display:0: com.android.systemui.ImageWallpaper
04-20 20:25:06.802  1749  1773 I WindowManager: Window drawn AppWindowToken{7a5d47e token=Token{e022639 ActivityRecord{9980e00 u0 com.motorola.launcher3/com.android.launcher3.CustomizationPanelLauncher t3}}}
04-20 20:25:06.803  1749  1773 I WindowManager:   SURFACE show Surface(name=com.motorola.launcher3/com.android.launcher3.CustomizationPanelLauncher)/@0x1e59cad on display:0: com.motorola.launcher3/com.android.launcher3.CustomizationPanelLauncher
04-20 20:25:06.833  1749  1780 I RoleUserState: Wrote roles.xml successfully
04-20 20:25:06.890  1749  1773 I WindowManager:   SURFACE show Surface(name=com.motorola.launcher3/com.android.launcher3.CustomizationPanelLauncher)/@0x38ab465 on display:0: com.motorola.launcher3/com.android.launcher3.CustomizationPanelLauncher
04-20 20:25:07.243  1749  7754 V WindowManager: Changing focus from Window{5a21f01 u0 com.google.android.apps.magazines/com.google.apps.dots.android.newsstand.home.HomeActivity} to Window{733e816 u0 com.motorola.launcher3/com.android.launcher3.CustomizationPanelLauncher} displayId=0
04-20 20:25:07.298  1749 11470 I WindowManager: Window drawn AppWindowToken{4b9ff3f token=Token{daf2f5e ActivityRecord{1fea099 u0 com.google.android.apps.magazines/com.google.apps.dots.android.newsstand.home.HomeActivity t22}}}
04-20 20:25:07.353  1749  1773 I WindowManager:   SURFACE show Surface(name=FloatingTutorialButton)/@0x4527466 on display:0: FloatingTutorialButton
04-20 20:25:09.426  1749  1773 I WindowManager:   SURFACE show Surface(name=FloatingTutorialButton)/@0xd2b5f23 on display:0: FloatingTutorialButton
04-20 20:25:09.453  1749 11470 I WindowManager:   SURFACE SIZE set 720x1520 on display:0: StatusBar
04-20 20:25:09.455  1749 11470 V WindowManager: Changing focus from Window{733e816 u0 com.motorola.launcher3/com.android.launcher3.CustomizationPanelLauncher} to Window{743b1cb u0 StatusBar} displayId=0
--------- beginning of main
04-20 20:25:09.882  1749  1763 I system_server: Background concurrent copying GC freed 193822(10MB) AllocSpace objects, 59(5320KB) LOS objects, 42% free, 20MB/35MB, paused 136us total 167.206ms
04-20 20:25:10.033   812  1655 W qti_sensors_hal: reportSingleEvent: NearBy 1, pData 4849,  highThd 5000
04-20 20:25:10.159   812  1655 W qti_sensors_hal: reportSingleEvent: NearBy 0, pData 1522,  highThd 2150
04-20 20:25:10.168   729   729 D Zygote  : Forked child process 6776
04-20 20:25:10.175  1749  1782 I ActivityManager: Start proc 6776:com.motorola.help/u0a64 for service {com.motorola.help/com.motorola.feedback.quicksettings.FeedBackTileService}
04-20 20:25:10.187  6776  6776 E m.motorola.hel: Not starting debugger since process cannot load the jdwp agent.
04-20 20:25:10.216  6776  6776 D ApplicationLoaders: Returning zygote-cached class loader: /system/framework/android.hidl.base-V1.0-java.jar
04-20 20:25:10.216  6776  6776 D ApplicationLoaders: Returning zygote-cached class loader: /system/framework/android.hidl.manager-V1.0-java.jar
04-20 20:25:10.216  6776  6776 D ApplicationLoaders: Returning zygote-cached class loader: /system/framework/android.hidl.base-V1.0-java.jar
04-20 20:25:10.221  6776  6776 I m.motorola.hel: The ClassLoaderContext is a special shared library.
04-20 20:25:10.305  6776  6799 W DynamiteModule: Local module descriptor class for com.google.firebase.auth not found.
04-20 20:25:10.310  6776  6776 D FirebaseApp: com.google.firebase.iid.FirebaseInstanceId is not linked. Skipping initialization.
04-20 20:25:10.310  6776  6776 D FirebaseApp: com.google.firebase.crash.FirebaseCrash is not linked. Skipping initialization.
04-20 20:25:10.310  6776  6776 D FirebaseApp: com.google.android.gms.measurement.AppMeasurement is not linked. Skipping initialization.
04-20 20:25:10.310  6776  6776 I FirebaseInitProvider: FirebaseApp initialization successful
04-20 20:25:10.316  6776  6801 W DynamiteModule: Local module descriptor class for com.google.firebase.auth not found.
04-20 20:25:10.324  6776  6801 I FirebaseAuth: [FirebaseAuth:] Loading module via FirebaseOptions.
04-20 20:25:10.324  6776  6801 I FirebaseAuth: [FirebaseAuth:] Preparing to create service connection to gms implementation
04-20 20:25:10.330 24881 24881 I chatty  : uid=10158(com.google.android.gms) expire 6 lines
04-20 20:25:10.343  6776  6776 E BlurMotherFrameworkDeps: failed to register tag for checkin logging
04-20 20:25:10.348  6776  6776 I CCEUtils: device type: MOTO
04-20 20:25:10.492  6776  6776 E BlurMotherFrameworkDeps: failed to register tag for checkin logging
04-20 20:25:10.494  6776  6776 E BSUtils : Error with auto-generating build_number in blur version string.So setting build_number to zero
04-20 20:25:10.636  2313  2313 V StatusBar: mStatusBarWindow: com.android.systemui.statusbar.phone.StatusBarWindowView{796ed0a V.E...... ........ 0,0-720,1520} canPanelBeCollapsed(): true
04-20 20:25:10.636  2313  2313 V StatusBar: mStatusBarWindow: com.android.systemui.statusbar.phone.StatusBarWindowView{796ed0a V.E...... ........ 0,0-720,1520} collapseBySetDisable: false
04-20 20:25:10.650  1749  5874 V WindowManager: Changing focus from Window{743b1cb u0 StatusBar} to Window{733e816 u0 com.motorola.launcher3/com.android.launcher3.CustomizationPanelLauncher} displayId=0
04-20 20:25:10.706  1749  1773 I WindowManager:   SURFACE show Surface(name=FloatingTutorialButton)/@0x7e7bd88 on display:0: FloatingTutorialButton
04-20 20:25:10.763   728  2355 I netd    : trafficSwapActiveStatsMap() <42.37ms>
04-20 20:25:10.765   728  2355 I netd    : tetherGetStats() <1.23ms>
04-20 20:25:10.972  2313  2313 D vol.VolumeDialogImpl: mDialog.dismiss()
04-20 20:25:10.998  1749  3487 V WindowManager: Changing focus from Window{733e816 u0 com.motorola.launcher3/com.android.launcher3.CustomizationPanelLauncher} to Window{743b1cb u0 StatusBar} displayId=0
04-20 20:25:11.020  2313  2313 D StatusBar: disable<e i a s b h r c s > disable2<q i n >
04-20 20:25:11.038  1749  3487 V WindowManager: Changing focus from Window{743b1cb u0 StatusBar} to Window{733e816 u0 com.motorola.launcher3/com.android.launcher3.CustomizationPanelLauncher} displayId=0
04-20 20:25:11.090  1749  1773 I WindowManager:   SURFACE show Surface(name=FloatingTutorialButton)/@0x7b9005d on display:0: FloatingTutorialButton
04-20 20:25:11.103  1749 11470 I WindowManager:   SURFACE SIZE set 720x56 on display:0: StatusBar
04-20 20:25:11.095  2313  2313 D StatusBar: disable<e i a s b h r c s > disable2<q i n >
04-20 20:25:11.115  2313  2313 W View    : requestLayout() improperly called by com.android.systemui.statusbar.HeadsUpStatusBarView{e5b882e I.E...... ......ID 0,0-248,56 #7f0a01f7 app:id/heads_up_status_bar_view} during layout: running second layout pass
04-20 20:25:11.378   812  1668 D NativeSensors: CapSensor:  mPendingEvent.distance=1.000000
04-20 20:25:11.793   728  2355 I netd    : trafficSwapActiveStatsMap() <24.50ms>
04-20 20:25:11.795   728  2355 I netd    : tetherGetStats() <1.11ms>
04-20 20:25:12.260   812  1668 D NativeSensors: CapSensor:  mPendingEvent.distance=0.000000
04-20 20:25:12.512   728  6843 E ResolverController: No valid NAT64 prefix (100, <unspecified>/0)
04-20 20:25:12.650   812  1668 D NativeSensors: CapSensor:  mPendingEvent.distance=2.000000
04-20 20:25:12.803   728  2355 I netd    : trafficSwapActiveStatsMap() <5.29ms>
04-20 20:25:12.805   728  2355 I netd    : tetherGetStats() <0.94ms>
04-20 20:25:13.063  2313  2313 D StatusBar: disable<e i a s b h r c s > disable2<q i n >
04-20 20:25:13.076  1749 11470 I WindowManager:   SURFACE SIZE set 720x1520 on display:0: StatusBar
04-20 20:25:13.079  1749 11470 V WindowManager: Changing focus from Window{733e816 u0 com.motorola.launcher3/com.android.launcher3.CustomizationPanelLauncher} to Window{743b1cb u0 StatusBar} displayId=0
04-20 20:25:13.070  2313  2313 D StatusBar: disable<e i a s b h r c s > disable2<q i n >
04-20 20:25:13.090  2313  2313 W View    : requestLayout() improperly called by com.android.systemui.statusbar.HeadsUpStatusBarView{e5b882e I.E...... ......ID 0,0-248,56 #7f0a01f7 app:id/heads_up_status_bar_view} during layout: running second layout pass
04-20 20:25:13.113  1749 11470 E InputDispatcher: Window handle Window{4ff2a34 u0 FloatingTutorialButton} has no registered input channel
04-20 20:25:13.356   812  1044 W qti_sensors_hal: processReportInd: lux: 24, ch0: 61, ch1: 14
04-20 20:25:13.490   728  2355 I netd    : trafficSwapActiveStatsMap() <13.55ms>
04-20 20:25:13.493   728  2355 I netd    : tetherGetStats() <1.41ms>
04-20 20:25:13.513   728  2355 I netd    : bandwidthSetGlobalAlert(2097152) <0.41ms>
04-20 20:25:13.583  2294  2614 E bt_btm  : Ignoring RNR as the state is not BTM_SEC_STATE_GETTING_NAME
04-20 20:25:13.587  2313  2395 D CachedBluetoothDevice: Device name: moto e
04-20 20:25:13.827   728  2355 I netd    : trafficSwapActiveStatsMap() <17.95ms>
04-20 20:25:13.829   728  2355 I netd    : tetherGetStats() <1.34ms>
04-20 20:25:14.162  2313  2313 D StatusBar: disable<e i a s b h r c s > disable2<q i n >
04-20 20:25:14.205  1749  5874 V WindowManager: Changing focus from Window{743b1cb u0 StatusBar} to Window{733e816 u0 com.motorola.launcher3/com.android.launcher3.CustomizationPanelLauncher} displayId=0
04-20 20:25:14.231  1749 11470 I WindowManager:   SURFACE SIZE set 720x56 on display:0: StatusBar
04-20 20:25:14.225  2313  2313 D StatusBar: disable<e i a s b h r c s > disable2<q i n >
04-20 20:25:14.244  2313  2313 W View    : requestLayout() improperly called by com.android.systemui.statusbar.HeadsUpStatusBarView{e5b882e I.E...... ......ID 0,0-248,56 #7f0a01f7 app:id/heads_up_status_bar_view} during layout: running second layout pass
04-20 20:25:14.274  1749  1773 I WindowManager:   SURFACE show Surface(name=FloatingTutorialButton)/@0xb44f6fb on display:0: FloatingTutorialButton
04-20 20:25:14.387   812  1044 W qti_sensors_hal: processReportInd: lux: 30, ch0: 74, ch1: 16
04-20 20:25:14.859   728  2355 I netd    : trafficSwapActiveStatsMap() <23.68ms>
04-20 20:25:14.862   728  2355 I netd    : tetherGetStats() <1.35ms>
04-20 20:25:15.483   812  1668 D NativeSensors: CapSensor:  mPendingEvent.distance=0.000000
04-20 20:25:15.876   728  2355 I netd    : trafficSwapActiveStatsMap() <9.37ms>
04-20 20:25:15.878   728  2355 I netd    : tetherGetStats() <1.01ms>
04-20 20:25:16.207  1749  5874 V WindowManager: Changing focus from Window{733e816 u0 com.motorola.launcher3/com.android.launcher3.CustomizationPanelLauncher} to Window{271ed30 u0 com.android.systemui} displayId=0
04-20 20:25:16.212  1749  3487 E InputDispatcher: Window handle Window{2c8808a u0 FloatingTutorialButton} has no registered input channel
04-20 20:25:16.228     0     0 W swapper/6: type=1400 audit(0.0:757): avc: denied { kill } for uid=0 capability=5 scontext=u:r:kernel:s0 tcontext=u:r:kernel:s0 tclass=capability permissive=0
04-20 20:25:16.268  1749  1773 I WindowManager:   SURFACE show Surface(name=)/@0x3e6cda9 on display:0: 
04-20 20:25:16.920   728  2355 I netd    : trafficSwapActiveStatsMap() <38.60ms>
04-20 20:25:16.923   728  2355 I netd    : tetherGetStats() <1.99ms>
04-20 20:25:17.727  2997  3080 I VoiceInputManagerWrapper: VoiceInputManagerWrapper.shutdownVoiceInternal():94 shutdownVoiceInternal()
04-20 20:25:17.793  1749  3487 V WindowManager: Changing focus from Window{271ed30 u0 com.android.systemui} to Window{733e816 u0 com.motorola.launcher3/com.android.launcher3.CustomizationPanelLauncher} displayId=0
04-20 20:25:17.829  1749  1773 I WindowManager:   SURFACE show Surface(name=FloatingTutorialButton)/@0xc5e94c7 on display:0: FloatingTutorialButton
04-20 20:25:17.966   728  2355 I netd    : trafficSwapActiveStatsMap() <40.46ms>
04-20 20:25:17.972   728  2355 I netd    : tetherGetStats() <3.25ms>
04-20 20:25:18.618  3398  3398 I BistoRealService: requestDestroy
04-20 20:25:18.620  3398  3398 I BistoRealService: onDestroy
04-20 20:25:18.623  3398  3398 I BistoWiredManager: close
04-20 20:25:18.624  3398  3398 D BluetoothA2dp: Unbinding service...
04-20 20:25:18.625  3398  3398 I BistoClassicManager: close
04-20 20:25:18.674 21460 21629 I chatty  : uid=10158(com.google.android.gms) Binder:21460_6 expire 2 lines
04-20 20:25:18.675 21460  6108 I chatty  : uid=10158(com.google.android.gms) highpool[94] expire 66 lines
04-20 20:25:18.845  1749  1773 I WindowManager:   SURFACE show Surface(name=FloatingTutorialButton)/@0xeb17319 on display:0: FloatingTutorialButton
04-20 20:25:18.997   728  2355 I netd    : trafficSwapActiveStatsMap() <20.44ms>
04-20 20:25:19.000   728  2355 I netd    : tetherGetStats() <2.23ms>
04-20 20:25:19.187   812  1655 W qti_sensors_hal: reportSingleEvent: NearBy 1, pData 2500,  highThd 5000
04-20 20:25:19.316   812  1655 W qti_sensors_hal: reportSingleEvent: NearBy 0, pData 1529,  highThd 2150
04-20 20:25:19.942  1749  1773 I WindowManager:   SURFACE show Surface(name=FloatingTutorialButton)/@0x7a2bd78 on display:0: FloatingTutorialButton
04-20 20:25:20.016   728  2355 I netd    : trafficSwapActiveStatsMap() <12.48ms>
04-20 20:25:20.019   728  2355 I netd    : tetherGetStats() <1.66ms>
04-20 20:25:20.776  3517  3517 E RecyclerView: Error processing scroll; pointer index for id 1 not found. Did any MotionEvents get skipped?
04-20 20:25:20.777  3517  3517 E RecyclerView: Error processing scroll; pointer index for id 2 not found. Did any MotionEvents get skipped?
04-20 20:25:21.044  1749  1773 I WindowManager:   SURFACE show Surface(name=FloatingTutorialButton)/@0x8ed2e42 on display:0: FloatingTutorialButton
04-20 20:25:20.778  3517  3517 E RecyclerView: Error processing scroll; pointer index for id 2 not found. Did any MotionEvents get skipped?
04-20 20:25:21.070   728  2355 I netd    : trafficSwapActiveStatsMap() <47.31ms>
04-20 20:25:21.073   728  2355 I netd    : tetherGetStats() <1.43ms>
04-20 20:25:21.861  1749  1773 I WindowManager:   SURFACE show Surface(name=FloatingTutorialButton)/@0xb32caf on display:0: FloatingTutorialButton
04-20 20:25:21.917  1749  2054 D BatteryService: uevent={POWER_SUPPLY_DP_DM=0, POWER_SUPPLY_VOLTAGE_NOW=3905002, POWER_SUPPLY_SW_JEITA_ENABLED=0, POWER_SUPPLY_CHARGE_CONTROL_LIMIT_MAX=8, POWER_SUPPLY_RECHARGE_SOC=99, POWER_SUPPLY_HEALTH=Good, POWER_SUPPLY_TECHNOLOGY=Li-ion, POWER_SUPPLY_FCC_STEPPER_ENABLE=0, SEQNUM=20971, POWER_SUPPLY_INPUT_CURRENT_LIMITED=0, POWER_SUPPLY_CHARGE_CONTROL_LIMIT=0, POWER_SUPPLY_BATTERY_CHARGING_ENABLED=1, POWER_SUPPLY_STATUS=Discharging, POWER_SUPPLY_CYCLE_COUNT=1, POWER_SUPPLY_CURRENT_MAX=2000000, POWER_SUPPLY_CHARGE_TERM_CURRENT=-101, POWER_SUPPLY_CAPACITY=65, DEVPATH=/devices/platform/soc/200f000.qcom,spmi/spmi-0/spmi0-02/200f000.qcom,spmi:qcom,pmi632@2:qcom,qpnp-smb5/power_supply/battery, POWER_SUPPLY_CHARGE_DONE=0, POWER_SUPPLY_CHARGE_TYPE=N/A, POWER_SUPPLY_CHARGE_RATE=None, POWER_SUPPLY_CURRENT_NOW=-321197, POWER_SUPPLY_SYSTEM_TEMP_LEVEL=0, POWER_SUPPLY_PRESENT=1, POWER_SUPPLY_PARALLEL_DISABLE=0, POWER_SUPPLY_CHARGE_FULL=3615000, SUBSYSTEM=power_supply, POWER_SUPPLY_SET_SHIP_MODE=0, POWER_SUPPLY_TEMP=268, ACTION=change, POWER_SUPPLY_RERUN_AICL=0, POWER_SUPPLY_AGE=100, POWER_SUPPLY_NAME=battery, POWER_SUPPLY_VOLTAGE_MAX=-22, POWER_SUPPLY_CONSTANT_CHARGE_CURRENT_MAX=2000000, POWER_SUPPLY_CHARGE_COUNTER=2349750, POWER_SUPPLY_STEP_CHARGING_ENABLED=0, POWER_SUPPLY_NUM_SYSTEM_TEMP_LEVELS=8, POWER_SUPPLY_DIE_HEALTH=Hot, POWER_SUPPLY_INPUT_SUSPEND=0}
04-20 20:25:21.926  2508  2508 D QtiCarrierConfigHelper: WARNING, no carrier configs on phone Id: 0
04-20 20:25:22.090   728  2355 I netd    : trafficSwapActiveStatsMap() <13.37ms>
04-20 20:25:22.092   728  2355 I netd    : tetherGetStats() <1.43ms>
04-20 20:25:22.594   728  6954 E ResolverController: No valid NAT64 prefix (100, <unspecified>/0)
04-20 20:25:23.103   728  2355 I netd    : trafficSwapActiveStatsMap() <6.86ms>
04-20 20:25:23.106   728  2355 I netd    : tetherGetStats() <2.11ms>
04-20 20:25:23.692 21460 21460 I chatty  : uid=10158 com.google.android.gms.persistent expire 2 lines
04-20 20:25:23.694 21460  6101 I chatty  : uid=10158 com.google.android.gms.persistent expire 1 line
04-20 20:25:23.700  2294  2311 D BtGatt.GattService: unregisterServer() - serverIf=8
04-20 20:25:23.700  2294  2311 D BtGatt.GattService: deleteServices() - serverIf=8
04-20 20:25:23.701  2294  2614 E bt_stack: [ERROR:gatt_api.cc(316)] Active Service Found: 0000fef3-0000-1000-8000-00805f9b34fb
04-20 20:25:23.701  2294  2614 I bt_stack: [INFO:gatt_api.cc(383)] GATTS_StopService: 0x0028
04-20 20:25:23.702  2294  2358 D BtGatt.GattService: onServiceDeleted() srvcHandle=40, status=0
04-20 20:25:23.830 21460  6108 I Nearby  : Successfully shutdown executor WifiAwareImpl.singleThreadOffloader. [CONTEXT service_id=49 ]
04-20 20:25:23.830 21460  6108 I Nearby  : Successfully shutdown executor DiscoverySessionTracker.alarmExecutor. [CONTEXT service_id=49 ]
04-20 20:25:23.830 21460  6108 I NearbyMediums: Can't release the WiFi Aware session because none was acquired. [CONTEXT service_id=54 ]
04-20 20:25:23.830 21460  6108 I Nearby  : Successfully shutdown executor WifiAwareL2SocketManager.singleThreadOffloader. [CONTEXT service_id=49 ]
04-20 20:25:23.830 21460  6108 I Nearby  : Successfully shutdown executor WifiLan.singleThreadOffloader. [CONTEXT service_id=49 ]
04-20 20:25:23.831 21460  6108 I Nearby  : Successfully shutdown executor WifiHotspot.singleThreadOffloader. [CONTEXT service_id=49 ]
04-20 20:25:23.831 21460  6108 I NearbyMediums: Can't stop accepting Wifi connections because it was never started. [CONTEXT service_id=54 ]
04-20 20:25:23.831 21460  6108 I NearbyMediums: Can't stop the Wifi hotspot because it was never turned on. [CONTEXT service_id=54 ]
04-20 20:25:23.831 21460  6108 I NearbyMediums: Cannot disconnect from the Wifi hotspot when it was never connected. [CONTEXT service_id=54 ]
04-20 20:25:23.833 21460  6108 I Nearby  : Successfully shutdown executor WifiRadio.singleThreadOffloader. [CONTEXT service_id=49 ]
04-20 20:25:23.833 21460  6108 I NearbyMediums: WiFi has shut down. [CONTEXT service_id=54 ]
04-20 20:25:23.834 21460  6108 I NearbyMediums: Initiating shutdown of NFC. [CONTEXT service_id=54 ]
04-20 20:25:23.834 21460  6108 I Nearby  : Successfully shutdown executor NearFieldCommunication.onLostExecutor. [CONTEXT service_id=49 ]
04-20 20:25:23.834 21460  6108 I Nearby  : Successfully shutdown executor NearFieldCommunication.singleThreadOffloader. [CONTEXT service_id=49 ]
04-20 20:25:23.834 21460  6108 I NearbyMediums: NFC has shut down. [CONTEXT service_id=54 ]
04-20 20:25:23.834 21460  6108 I NearbyMediums: Initiating shutdown of WebRTC. [CONTEXT service_id=54 ]
04-20 20:25:23.834 21460  6108 I Nearby  : Successfully shutdown executor WebRtc.singleThreadedSignalingOffloader. [CONTEXT service_id=49 ]
04-20 20:25:23.834 21460  6108 I Nearby  : Successfully shutdown executor WebRtc.multiThreadedSignalingOffloader. [CONTEXT service_id=49 ]
04-20 20:25:23.834 21460  6108 I Nearby  : Successfully shutdown executor WebRtc.restartTachyonReceiveMessagesExecutor. [CONTEXT service_id=49 ]
04-20 20:25:23.834 21460  6108 I NearbyMediums: WebRTC has shut down. [CONTEXT service_id=54 ]
04-20 20:25:23.835 21460  6108 I NearbyMediums: Initiating shutdown of UWB. [CONTEXT service_id=54 ]
04-20 20:25:23.835 21460  6108 I NearbyMediums: UWB has shut down. [CONTEXT service_id=54 ]
04-20 20:25:23.835 21460  6108 I Nearby  : Successfully shutdown executor MultiMediumDependencyManager.needsRetryExecutor. [CONTEXT service_id=49 ]
04-20 20:25:23.835 21460  6108 I NearbyConnections: MediumManager has shut down. [CONTEXT service_id=54 ]
04-20 20:25:23.835 21460  6108 I NearbyConnections: OfflineServiceController has shut down. [CONTEXT service_id=54 ]
04-20 20:25:23.835 21460  6108 I NearbyConnections: Completed shutdown of ServiceControllerRouter akrx@f392b. [CONTEXT service_id=54 ]
04-20 20:25:23.835 21460 21460 I Nearby  : Successfully shutdown executor ServiceControllerRouter.offBinderSerializer. [CONTEXT service_id=49 ]
04-20 20:25:23.931   812  1044 W qti_sensors_hal: processReportInd: lux: 36, ch0: 89, ch1: 15
04-20 20:25:24.119   728  2355 I netd    : trafficSwapActiveStatsMap() <8.80ms>
04-20 20:25:24.122   728  2355 I netd    : tetherGetStats() <1.50ms>
04-20 20:25:24.671   812  1668 D NativeSensors: CapSensor:  mPendingEvent.distance=0.000000
04-20 20:25:24.705   812  1044 W qti_sensors_hal: processReportInd: lux: 55, ch0: 137, ch1: 16
04-20 20:25:25.147   728  2355 I netd    : trafficSwapActiveStatsMap() <20.39ms>
04-20 20:25:25.150   728  2355 I netd    : tetherGetStats() <1.70ms>
04-20 20:25:25.253   812  1668 D NativeSensors: CapSensor:  mPendingEvent.distance=2.000000
04-20 20:25:25.301   812  1668 I chatty  : uid=1000(system) sensors@1.0-ser identical 1 line
04-20 20:25:25.497   812  1668 D NativeSensors: CapSensor:  mPendingEvent.distance=2.000000
04-20 20:25:25.559 24881 24881 D BoundBrokerSvc: onUnbind: Intent { act=com.google.firebase.auth.api.gms.service.START pkg=com.google.android.gms }
04-20 20:25:26.171   728  2355 I netd    : trafficSwapActiveStatsMap() <14.28ms>
04-20 20:25:26.176   728  2355 I netd    : tetherGetStats() <1.85ms>
04-20 20:25:26.232     0     0 W swapper/1: type=1400 audit(0.0:758): avc: denied { kill } for uid=0 capability=5 scontext=u:r:kernel:s0 tcontext=u:r:kernel:s0 tclass=capability permissive=0
04-20 20:25:27.207   728  2355 I netd    : trafficSwapActiveStatsMap() <21.89ms>
04-20 20:25:27.210   728  2355 I netd    : tetherGetStats() <1.66ms>
04-20 20:25:28.227   728  2355 I netd    : trafficSwapActiveStatsMap() <11.16ms>
04-20 20:25:28.234   728  2355 I netd    : tetherGetStats() <3.76ms>
04-20 20:25:29.785  1749 11470 D ConnectivityService: requestNetwork for uid/pid:10214/6549 NetworkRequest [ TRACK_DEFAULT id=142, [ Capabilities: INTERNET&NOT_RESTRICTED&TRUSTED Uid: 10214] ]
04-20 20:25:29.787  1749  2286 D Ethernet: got request NetworkRequest [ TRACK_DEFAULT id=142, [ Capabilities: INTERNET&NOT_RESTRICTED&TRUSTED Uid: 10214] ] with score 60 and serial -1
04-20 20:25:29.788  2508  2508 D PhoneSwitcherNetworkRequstListener: got request NetworkRequest [ TRACK_DEFAULT id=142, [ Capabilities: INTERNET&NOT_RESTRICTED&TRUSTED Uid: 10214] ] with score 60 and serial -1
04-20 20:25:29.789  1749  2250 D WifiNetworkFactory: got request NetworkRequest [ TRACK_DEFAULT id=142, [ Capabilities: INTERNET&NOT_RESTRICTED&TRUSTED Uid: 10214] ] with score 60 and serial -1
04-20 20:25:29.789  1749  2250 D UntrustedWifiNetworkFactory: got request NetworkRequest [ TRACK_DEFAULT id=142, [ Capabilities: INTERNET&NOT_RESTRICTED&TRUSTED Uid: 10214] ] with score 60 and serial -1
04-20 20:25:30.079   728  6993 E ResolverController: No valid NAT64 prefix (100, <unspecified>/0)
04-20 20:25:30.452  6549  6549 W NotificationChannels: Failed to find channel for channelType type: UNKNOWN, in groups [] from client config. [CONTEXT ratelimit_period="1 MINUTES" ]
04-20 20:25:30.594  1749  2255 D ConnectivityService: releasing NetworkRequest [ TRACK_DEFAULT id=142, [ Capabilities: INTERNET&NOT_RESTRICTED&TRUSTED Uid: 10214] ] (release request)
04-20 20:25:30.691  6549  6563 W System  : A resource failed to call end. 
04-20 20:25:35.186  6549  7001 W DiskUsageLogger: Disk usage - cache version: V2, maxEligibleCacheVersion: V2, permDataSizeKB: 1176, cacheSizeKB: 108, codeSizeKB: 33498 [CONTEXT ratelimit_period="1 HOURS" ]
04-20 20:25:36.232     0     0 W swapper/0: type=1400 audit(0.0:759): avc: denied { kill } for uid=0 capability=5 scontext=u:r:kernel:s0 tcontext=u:r:kernel:s0 tclass=capability permissive=0
04-20 20:25:36.394  1749 11470 D WificondControl: Scan result ready event
04-20 20:25:36.412 21460 27918 I NetworkScheduler.Stats: Task com.google.android.gms/com.google.android.gms.icing.service.IcingGcmTaskService started execution. cause:4 exec_start_elapsed_seconds: 4698 [CONTEXT service_id=218 ]
04-20 20:25:36.420 21460  6039 I NetworkScheduler.Stats: Task com.google.android.gms/com.google.android.gms.icing.service.IcingGcmTaskService finished executing. cause:4 result: 1 elapsed_millis: 49 uptime_millis: 48 exec_start_elapsed_seconds: 4698 [CONTEXT service_id=218 ]
04-20 20:25:36.424 24881 32132 I Icing   : Indexing com.google.android.gms-internal.3p:MobileApplication from com.google.android.gms using seqno 0
04-20 20:25:37.700   728  2355 I netd    : trafficSwapActiveStatsMap() <20.13ms>
04-20 20:25:37.709   728  2355 I netd    : tetherGetStats() <4.07ms>
04-20 20:25:37.760 24881 24881 D BoundBrokerSvc: onUnbind: Intent { act=com.google.android.gms.checkin.START pkg=com.google.android.gms }
04-20 20:25:44.167  2448  3640 D QCNEJ/WlanStaInfoRelay: Received action: android.net.wifi.RSSI_CHANGED
04-20 20:25:44.168  2448  3640 I QCNEJ/NativeHalConnector: -> SND notifyWlanStaStatusChanged([WlanStaInfo]: wifiSwitchState = 1 rssi = -59 ssid = Jasmine bssid = b0:39:56:5a:37:40 dnsInfo = 192.168.1.1;0.0.0.0;0.0.0.0;0.0.0.0; freqBand = _2GHz countryCode = us[RatInfo]: networkType = 1 subType = 101 networkState = CONNECTED netHdl = 432902426637 ipAddrV4 = 192.168.1.65 ipAddrV6 =  ifNameV4 = wlan0 ifNameV6 =  slotIdx = 0 isAndroidValidated = true) timeStamp = 2021-04-20 20:25:44.167
04-20 20:25:44.179  2508 22360 E PhoneInterfaceManager: [PhoneIntfMgr] getCarrierPrivilegeStatus: No UICC
04-20 20:25:44.182  2774  3670 I CarrierServices: [98] car.a: FiST: Wifi connectivity status true
04-20 20:25:44.184  2774  4179 I CarrierServices: [128] awv.handleMessage: RCS is disabled, skipping config update request
04-20 20:25:44.184  2774  4177 I CarrierServices: [126] chy.a: (PEv2-SM): DisabledState: event Connectivity event
04-20 20:25:44.185  2774  3670 I CarrierServices: [98] cay.d: Connected state: [1], networkType: [WIFI]
04-20 20:25:44.191  2508 22360 E PhoneInterfaceManager: [PhoneIntfMgr] getCarrierPrivilegeStatus: No UICC
04-20 20:25:44.196  1749  1781 I ActivityManager: Killing 1209:com.android.vending:download_service/u0a120 (adj 985): empty #17
04-20 20:25:44.251  1749  3485 D ConnectivityService: ConnectivityService NetworkRequestInfo binderDied(NetworkRequest [ TRACK_DEFAULT id=136, [ Capabilities: INTERNET&NOT_RESTRICTED&TRUSTED Uid: 10120] ], android.os.BinderProxy@36d9ab2)
04-20 20:25:44.252  1749  2255 D ConnectivityService: releasing NetworkRequest [ TRACK_DEFAULT id=136, [ Capabilities: INTERNET&NOT_RESTRICTED&TRUSTED Uid: 10120] ] (release request)
04-20 20:25:44.252  1749  3487 D ActivityManager: makeInactive, ProcessRecord{2794a03 1209:com.android.vending:download_service/u0a120}, clear holder.state
04-20 20:25:44.255   729   729 I Zygote  : Process 1209 exited due to signal 9 (Killed)
04-20 20:25:44.259  1749  1783 I libprocessgroup: Successfully killed process cgroup uid 10120 pid 1209 in 60ms
04-20 20:25:46.015 22586 22586 W adbd    : timeout expired while flushing socket, closing
04-20 20:25:46.232     0     0 W swapper/3: type=1400 audit(0.0:760): avc: denied { kill } for uid=0 capability=5 scontext=u:r:kernel:s0 tcontext=u:r:kernel:s0 tclass=capability permissive=0
04-20 20:25:47.249  2448  3640 D QCNEJ/WlanStaInfoRelay: Received action: android.net.wifi.RSSI_CHANGED
04-20 20:25:47.250  2448  3640 I QCNEJ/NativeHalConnector: -> SND notifyWlanStaStatusChanged([WlanStaInfo]: wifiSwitchState = 1 rssi = -54 ssid = Jasmine bssid = b0:39:56:5a:37:40 dnsInfo = 192.168.1.1;0.0.0.0;0.0.0.0;0.0.0.0; freqBand = _2GHz countryCode = us[RatInfo]: networkType = 1 subType = 101 networkState = CONNECTED netHdl = 432902426637 ipAddrV4 = 192.168.1.65 ipAddrV6 =  ifNameV4 = wlan0 ifNameV6 =  slotIdx = 0 isAndroidValidated = true) timeStamp = 2021-04-20 20:25:47.249
04-20 20:25:47.261  2508  2708 E PhoneInterfaceManager: [PhoneIntfMgr] getCarrierPrivilegeStatus: No UICC
04-20 20:25:47.264  2774  3670 I CarrierServices: [98] car.a: FiST: Wifi connectivity status true
04-20 20:25:47.266  2774  4179 I CarrierServices: [128] awv.handleMessage: RCS is disabled, skipping config update request
04-20 20:25:47.267  2774  4177 I CarrierServices: [126] chy.a: (PEv2-SM): DisabledState: event Connectivity event
04-20 20:25:47.267  2774  3670 I CarrierServices: [98] cay.d: Connected state: [1], networkType: [WIFI]
04-20 20:25:47.273  2508  2708 E PhoneInterfaceManager: [PhoneIntfMgr] getCarrierPrivilegeStatus: No UICC
04-20 20:25:51.635  1749  7481 I ActivityManager: Force stopping com.google.location.nearby.apps.connectedcrossroad appid=10216 user=0: from pid 7031
04-20 20:25:51.635  1749  7481 I ActivityManager: Killing 5666:com.google.location.nearby.apps.connectedcrossroad/u0a216 (adj 900): stop com.google.location.nearby.apps.connectedcrossroad
04-20 20:25:51.636  1749  7481 D ActivityManager: makeInactive, ProcessRecord{61ef951 5666:com.google.location.nearby.apps.connectedcrossroad/u0a216}, clear holder.state
04-20 20:25:51.636  1749  7481 W ActivityTaskManager: Force removing ActivityRecord{49c1f83 u0 com.google.location.nearby.apps.connectedcrossroad/nx.aodv.eval.MainActivity t21 f}: app died, no saved state
04-20 20:25:51.670  2508  2508 E PhoneInterfaceManager: [PhoneIntfMgr] getCarrierPackageNamesForIntent: No UICC
04-20 20:25:51.671  2508  2508 D CarrierSvcBindHelper: No carrier app for: 0
04-20 20:25:51.755  1749  1772 W ActivityManager: setHasOverlayUi called on unknown pid: 5666
04-20 20:25:51.760   729   729 I Zygote  : Process 5666 exited due to signal 9 (Killed)
04-20 20:25:51.763  1749  1783 I libprocessgroup: Successfully killed process cgroup uid 10216 pid 5666 in 126ms
04-20 20:25:52.976  1749  7754 I ActivityManager: Force stopping com.google.location.nearby.apps.connectedcrossroad appid=10216 user=0: from pid 7041
04-20 20:25:52.985  2508  2508 E PhoneInterfaceManager: [PhoneIntfMgr] getCarrierPackageNamesForIntent: No UICC
04-20 20:25:52.985  2508  2508 D CarrierSvcBindHelper: No carrier app for: 0
04-20 20:25:56.235     0     0 W swapper/1: type=1400 audit(0.0:761): avc: denied { kill } for uid=0 capability=5 scontext=u:r:kernel:s0 tcontext=u:r:kernel:s0 tclass=capability permissive=0
04-20 20:25:56.411  2448  3640 D QCNEJ/WlanStaInfoRelay: Received action: android.net.wifi.RSSI_CHANGED
04-20 20:25:56.412  2448  3640 I QCNEJ/NativeHalConnector: -> SND notifyWlanStaStatusChanged([WlanStaInfo]: wifiSwitchState = 1 rssi = -56 ssid = Jasmine bssid = b0:39:56:5a:37:40 dnsInfo = 192.168.1.1;0.0.0.0;0.0.0.0;0.0.0.0; freqBand = _2GHz countryCode = us[RatInfo]: networkType = 1 subType = 101 networkState = CONNECTED netHdl = 432902426637 ipAddrV4 = 192.168.1.65 ipAddrV6 =  ifNameV4 = wlan0 ifNameV6 =  slotIdx = 0 isAndroidValidated = true) timeStamp = 2021-04-20 20:25:56.412
04-20 20:25:56.416  2508 22360 E PhoneInterfaceManager: [PhoneIntfMgr] getCarrierPrivilegeStatus: No UICC
