04-20 20:08:59.649   951  1439 I nectedcrossroa: The stack is not large enough for a start_depth of 0.
04-20 20:08:59.649   951  1439 E StudioTransport: JVMTI error: 103(JVMTI_ERROR_ILLEGAL_ARGUMENT) 
04-20 20:08:59.654   951  1444 V StudioProfiler: Acquiring Application for Events
04-20 20:08:59.698   951  1449 W InputMethodManager: InputMethodManager.getInstance() is deprecated because it cannot be compatible with multi-display. Use context.getSystemService(InputMethodManager.class) instead.
04-20 20:08:59.698   951  1449 W InputMethodManager: java.lang.Throwable
04-20 20:08:59.698   951  1449 W InputMethodManager: 	at android.view.inputmethod.InputMethodManager.getInstance(InputMethodManager.java:987)
04-20 20:08:59.698   951  1449 W InputMethodManager: 	at java.lang.reflect.Method.invoke(Native Method)
04-20 20:08:59.698   951  1449 W InputMethodManager: 	at com.android.tools.profiler.support.profilers.EventProfiler$InputConnectionHandler.run(EventProfiler.java:261)
04-20 20:08:59.698   951  1449 W InputMethodManager: 	at java.lang.Thread.run(Thread.java:919)
04-20 20:08:59.700   951  1449 W InputMethodManager: InputMethodManager.peekInstance() is deprecated because it cannot be compatible with multi-display. Use context.getSystemService(InputMethodManager.class) instead.
04-20 20:08:59.700   951  1449 W InputMethodManager: java.lang.Throwable
04-20 20:08:59.700   951  1449 W InputMethodManager: 	at android.view.inputmethod.InputMethodManager.peekInstance(InputMethodManager.java:1006)
04-20 20:08:59.700   951  1449 W InputMethodManager: 	at android.view.inputmethod.InputMethodManager.getInstance(InputMethodManager.java:992)
04-20 20:08:59.700   951  1449 W InputMethodManager: 	at java.lang.reflect.Method.invoke(Native Method)
04-20 20:08:59.700   951  1449 W InputMethodManager: 	at com.android.tools.profiler.support.profilers.EventProfiler$InputConnectionHandler.run(EventProfiler.java:261)
04-20 20:08:59.700   951  1449 W InputMethodManager: 	at java.lang.Thread.run(Thread.java:919)
04-20 20:08:59.988   728  2384 I netd    : trafficSwapActiveStatsMap() <11.45ms>
04-20 20:08:59.990   728  2384 I netd    : tetherGetStats() <1.00ms>
04-20 20:09:00.011  2313  2313 W View    : requestLayout() improperly called by com.android.systemui.statusbar.HeadsUpStatusBarView{e5b882e I.E...... ......ID 0,0-248,56 #7f0a01f7 app:id/heads_up_status_bar_view} during layout: running second layout pass
04-20 20:09:00.015   728  2384 I netd    : trafficSwapActiveStatsMap() <6.76ms>
04-20 20:09:00.021   728  2384 I netd    : tetherGetStats() <3.94ms>
04-20 20:09:00.051   728  2384 I netd    : bandwidthSetGlobalAlert(2097152) <0.78ms>
04-20 20:09:00.975     0     0 W swapper/2: type=1400 audit(0.0:654): avc: denied { kill } for uid=0 capability=5 scontext=u:r:kernel:s0 tcontext=u:r:kernel:s0 tclass=capability permissive=0
04-20 20:09:01.008   728  2384 I netd    : trafficSwapActiveStatsMap() <12.09ms>
04-20 20:09:01.013   728  2384 I netd    : tetherGetStats() <1.95ms>
04-20 20:09:02.024   785  1045 I Finsky  : [2046] gdh.run(15): Initializing the instant apps module.
04-20 20:09:02.033   785  1081 I Finsky  : [2051] ken.a(19): No selector loaded
04-20 20:09:02.035   728  2384 I netd    : trafficSwapActiveStatsMap() <13.75ms>
04-20 20:09:02.038   728  2384 I netd    : tetherGetStats() <1.60ms>
04-20 20:09:02.098   785  1005 I Finsky  : [2038] akjk.h(2): Restoring notifications
04-20 20:09:02.100   785  1081 I Finsky  : [2051] lrw.i(67): System was updated or GL extensions were already cached.
04-20 20:09:02.104   785  1073 I Finsky  : [2050] ydc.g(1): Invalidating cached PackageState for com.android.vending
04-20 20:09:02.129   785  1045 I Finsky  : [2046] gdd.run(56): Component class com.google.android.finsky.wearsupport.WearSupportService disabled via PackageManager.
04-20 20:09:02.131   785  1045 I Finsky  : [2046] gdd.run(56): Component class com.google.android.finsky.wearsupport.WearChangeListenerService disabled via PackageManager.
04-20 20:09:02.134   785  1073 I Finsky  : [2050] ysn.j(1): Triggered update for experiment package com.google.android.finsky.stable.
04-20 20:09:02.181   785  1462 I Finsky  : [2089] otx.run(16): Wrote row to frosting DB: 339
04-20 20:09:02.182   785  1005 I Finsky  : [2038] wdm.a(18): Showing notification: [ID=play protect default on, Tag=null, Title=Google Play Protect is turned on, Message=This feature protects your device from harmful apps, channelId=account, targetType=1, returnCode=-1, uiElementType=926]
04-20 20:09:02.184   785  1005 I Finsky  : [2038] akjk.h(11): Done restoring notifications
04-20 20:09:02.312  2313  2313 W View    : requestLayout() improperly called by com.android.systemui.statusbar.HeadsUpStatusBarView{e5b882e I.E...... ......ID 0,0-248,56 #7f0a01f7 app:id/heads_up_status_bar_view} during layout: running second layout pass
04-20 20:09:02.344  2313  2313 W View    : requestLayout() improperly called by com.android.systemui.statusbar.HeadsUpStatusBarView{e5b882e I.E...... ......ID 0,0-248,56 #7f0a01f7 app:id/heads_up_status_bar_view} during layout: running second layout pass
04-20 20:09:02.370   785  1073 I Finsky  : [2050] ysn.j(7): Already at the latest configurations for experiment package com.google.android.finsky.stable.
04-20 20:09:02.371   785  1045 I Finsky  : [2046] ysn.j(1): Triggered update for experiment package com.google.android.finsky.regular.
04-20 20:09:02.371   785  1073 I Finsky  : [2050] ysk.u(2): Retrieved DSE selection state is true (cache=ysf@5b03ea8)
04-20 20:09:02.372   785  1073 I Finsky  : [2050] ysv.a(30): DSE selection state after sync is true (cache=ysf@5b03ea8)
04-20 20:09:02.516   785  1045 I Finsky  : [2046] ysn.j(7): Already at the latest configurations for experiment package com.google.android.finsky.regular.
04-20 20:09:02.516   785  1045 I Finsky  : [2046] ysk.u(2): Retrieved DSE selection state is true (cache=ysf@5b03ea8)
04-20 20:09:02.516   785  1045 I Finsky  : [2046] ysv.a(30): DSE selection state after sync is true (cache=ysf@5b03ea8)
04-20 20:09:02.789  2313  2313 W View    : requestLayout() improperly called by com.android.systemui.statusbar.HeadsUpStatusBarView{e5b882e I.E...... ......ID 0,0-248,56 #7f0a01f7 app:id/heads_up_status_bar_view} during layout: running second layout pass
04-20 20:09:02.888  1209  1209 I Finsky:download_service: [2] sxn.onDestroy(8): IPC-SERVER: Stopping gRPC host service...
04-20 20:09:02.916   785  1073 I Finsky  : [2050] adbd.a(35): Attempted to log usage before max window 3600000 ms after setup (only 3482991 ms now)
04-20 20:09:02.919   785   785 I Finsky  : [2] ades.run(32): Detected restoreservicev2://recovery not needed, will not run
04-20 20:09:03.061   785  1479 I Finsky  : [2097] atpi.b(2): registerListener
04-20 20:09:03.062   785  1479 I Finsky  : [2097] msb.d(1): getDownloads()
04-20 20:09:03.068   728  2384 I netd    : trafficSwapActiveStatsMap() <25.98ms>
04-20 20:09:03.076  1209  1209 I Finsky:download_service: [2] sxn.onCreate(2): IPC-SERVER: Starting gRPC host service...
04-20 20:09:03.077   785  1479 I Finsky  : [2097] gpv.run(7): Initialized AssetModuleDownloader.
04-20 20:09:03.090   785  1300 W ProxyAndroidLoggerBackend: Too many Flogger logs received before configuration. Dropping old logs.
04-20 20:09:03.090   785  1300 I chatty  : uid=10120(com.android.vending) identical 1 line
04-20 20:09:03.091   785  1300 W ProxyAndroidLoggerBackend: Too many Flogger logs received before configuration. Dropping old logs.
04-20 20:09:03.092  1209  1302 I Finsky:download_service: [2045] mkj.c(1): getDownloads().
04-20 20:09:03.094   728  2384 I netd    : tetherGetStats() <23.44ms>
04-20 20:09:03.097   785   810 W ProxyAndroidLoggerBackend: Too many Flogger logs received before configuration. Dropping old logs.
04-20 20:09:03.097   785   810 I chatty  : uid=10120(com.android.vending) Binder:785_2 identical 1 line
04-20 20:09:03.097   785   810 W ProxyAndroidLoggerBackend: Too many Flogger logs received before configuration. Dropping old logs.
04-20 20:09:03.098   785  1300 W ProxyAndroidLoggerBackend: Too many Flogger logs received before configuration. Dropping old logs.
04-20 20:09:03.219 21153 21380 I WorkerManager: dispose()
04-20 20:09:03.222 21153 21380 W ThreadPoolDumper: Queue length for executor EventBus is now 11. Perhaps some tasks are too long, or the pool is too small.
04-20 20:09:04.118   728  2384 I netd    : trafficSwapActiveStatsMap() <18.34ms>
04-20 20:09:04.120   728  2384 I netd    : tetherGetStats() <0.97ms>
04-20 20:09:04.779  1749  1763 I system_server: Background concurrent copying GC freed 142251(7494KB) AllocSpace objects, 90(8604KB) LOS objects, 42% free, 19MB/34MB, paused 137us total 158.922ms
04-20 20:09:05.142   728  2384 I netd    : trafficSwapActiveStatsMap() <16.35ms>
04-20 20:09:05.148   728  2384 I netd    : tetherGetStats() <3.51ms>
04-20 20:09:05.219  1749  2054 D BatteryService: uevent={POWER_SUPPLY_DP_DM=0, POWER_SUPPLY_VOLTAGE_NOW=3956970, POWER_SUPPLY_SW_JEITA_ENABLED=0, POWER_SUPPLY_CHARGE_CONTROL_LIMIT_MAX=8, POWER_SUPPLY_RECHARGE_SOC=99, POWER_SUPPLY_HEALTH=Good, POWER_SUPPLY_TECHNOLOGY=Li-ion, POWER_SUPPLY_FCC_STEPPER_ENABLE=0, SEQNUM=16377, POWER_SUPPLY_INPUT_CURRENT_LIMITED=0, POWER_SUPPLY_CHARGE_CONTROL_LIMIT=0, POWER_SUPPLY_BATTERY_CHARGING_ENABLED=1, POWER_SUPPLY_STATUS=Discharging, POWER_SUPPLY_CYCLE_COUNT=1, POWER_SUPPLY_CURRENT_MAX=2000000, POWER_SUPPLY_CHARGE_TERM_CURRENT=-101, POWER_SUPPLY_CAPACITY=67, DEVPATH=/devices/platform/soc/200f000.qcom,spmi/spmi-0/spmi0-02/200f000.qcom,spmi:qcom,pmi632@2:qcom,qpnp-smb5/power_supply/battery, POWER_SUPPLY_CHARGE_DONE=0, POWER_SUPPLY_CHARGE_TYPE=N/A, POWER_SUPPLY_CHARGE_RATE=None, POWER_SUPPLY_CURRENT_NOW=-294342, POWER_SUPPLY_SYSTEM_TEMP_LEVEL=0, POWER_SUPPLY_PRESENT=1, POWER_SUPPLY_PARALLEL_DISABLE=0, POWER_SUPPLY_CHARGE_FULL=3615000, SUBSYSTEM=power_supply, POWER_SUPPLY_SET_SHIP_MODE=0, POWER_SUPPLY_TEMP=260, ACTION=change, POWER_SUPPLY_RERUN_AICL=0, POWER_SUPPLY_AGE=100, POWER_SUPPLY_NAME=battery, POWER_SUPPLY_VOLTAGE_MAX=-22, POWER_SUPPLY_CONSTANT_CHARGE_CURRENT_MAX=2000000, POWER_SUPPLY_CHARGE_COUNTER=2422050, POWER_SUPPLY_STEP_CHARGING_ENABLED=0, POWER_SUPPLY_NUM_SYSTEM_TEMP_LEVELS=8, POWER_SUPPLY_DIE_HEALTH=Hot, POWER_SUPPLY_INPUT_SUSPEND=0}
04-20 20:09:05.233  2508  2508 D QtiCarrierConfigHelper: WARNING, no carrier configs on phone Id: 0
04-20 20:09:06.168   728  2384 I netd    : trafficSwapActiveStatsMap() <12.69ms>
04-20 20:09:06.173   728  2384 I netd    : tetherGetStats() <1.95ms>
04-20 20:09:07.201   728  2384 I netd    : trafficSwapActiveStatsMap() <23.57ms>
04-20 20:09:07.205   728  2384 I netd    : tetherGetStats() <1.88ms>
04-20 20:09:07.638   728  2384 I netd    : trafficSwapActiveStatsMap() <12.66ms>
04-20 20:09:07.643   728  2384 I netd    : tetherGetStats() <2.07ms>
04-20 20:09:07.661   728  2384 I netd    : bandwidthSetGlobalAlert(2097152) <0.38ms>
04-20 20:09:08.234   728  2384 I netd    : trafficSwapActiveStatsMap() <26.84ms>
04-20 20:09:08.241   728  2384 I netd    : tetherGetStats() <3.23ms>
04-20 20:09:08.632   812  1668 D NativeSensors: CapSensor:  mPendingEvent.distance=0.000000
04-20 20:09:09.023   812  1668 D NativeSensors: CapSensor:  mPendingEvent.distance=0.000000
04-20 20:09:09.256   728  2384 I netd    : trafficSwapActiveStatsMap() <8.84ms>
04-20 20:09:09.261   728  2384 I netd    : tetherGetStats() <1.79ms>
04-20 20:09:09.497  1749  2039 I WindowManager:   SURFACE show Surface(name=com.android.systemui.ImageWallpaper)/@0xcbdab7b on display:0: com.android.systemui.ImageWallpaper
04-20 20:09:09.559  1749  1773 I WindowManager: Window drawn AppWindowToken{7a5d47e token=Token{e022639 ActivityRecord{9980e00 u0 com.motorola.launcher3/com.android.launcher3.CustomizationPanelLauncher t3}}}
04-20 20:09:09.559  1749  1773 I WindowManager:   SURFACE show Surface(name=com.motorola.launcher3/com.android.launcher3.CustomizationPanelLauncher)/@0x8180204 on display:0: com.motorola.launcher3/com.android.launcher3.CustomizationPanelLauncher
04-20 20:09:09.680  1749  1773 I WindowManager:   SURFACE show Surface(name=com.motorola.launcher3/com.android.launcher3.CustomizationPanelLauncher)/@0xae1037a on display:0: com.motorola.launcher3/com.android.launcher3.CustomizationPanelLauncher
04-20 20:09:09.702   812  1044 W qti_sensors_hal: processReportInd: lux: 25, ch0: 63, ch1: 16
04-20 20:09:09.715 21153 21380 I MicroDataManager: isInitializing-false locale not changed-true model not changed-true
04-20 20:09:09.720 21153 21380 I MicroDetectionState: Should stop hotword detection immediately - false
04-20 20:09:09.723  1749  1773 I WindowManager:   SURFACE show Surface(name=Toast)/@0x124d264 on display:0: Toast
04-20 20:09:09.766   951  1336 E StudioTransport: Agent::SubmitAgentTasks error_code=4 'Deadline Exceeded' ''
04-20 20:09:09.771  1749  2039 I WindowManager: Window drawn AppWindowToken{7a5d47e token=Token{e022639 ActivityRecord{9980e00 u0 com.motorola.launcher3/com.android.launcher3.CustomizationPanelLauncher t3}}}
04-20 20:09:09.797   812  1668 D NativeSensors: CapSensor:  mPendingEvent.distance=2.000000
04-20 20:09:09.801 25659 25675 D AssistReceiver: call: lightWakeup | null | null
04-20 20:09:09.810  2313  2313 D vol.VolumeDialogImpl: mDialog.dismiss()
04-20 20:09:09.813 21153 21380 W ThreadPoolDumper: Queue length for executor EventBus is now 11. Perhaps some tasks are too long, or the pool is too small.
04-20 20:09:09.831   812  1044 W qti_sensors_hal: processReportInd: lux: 32, ch0: 79, ch1: 15
04-20 20:09:09.835 24881 24933 I Icing   : IndexChimeraService.getServiceInterface callingPackage=com.google.android.googlequicksearchbox componentName=null serviceId=36
04-20 20:09:09.847 24881 32132 W Icing   : No valid account for uploading user actions
04-20 20:09:09.849 21153 31858 I PBSessionCacheImpl: Deleted sessionId[93033496809964461] from persistence.
04-20 20:09:09.861 21153 21380 W SearchServiceCore: Abort, client detached.
04-20 20:09:09.863 21153 21380 E AttachedClient: Dropping clientEvent = 100 coming from client[93033496809964366]
04-20 20:09:09.863 21153 21380 I chatty  : uid=10122(com.google.android.googlequicksearchbox) EventBus0 identical 1 line
04-20 20:09:09.863 21153 21380 E AttachedClient: Dropping clientEvent = 100 coming from client[93033496809964366]
04-20 20:09:09.863 21153 21380 E AttachedClient: Dropping clientEvent = 114 coming from client[93033496809964366]
04-20 20:09:09.863 21153 21380 E AttachedClient: Dropping clientEvent = 297 coming from client[93033496809964366]
04-20 20:09:09.863 21153 21380 E AttachedClient: Dropping clientEvent = 369 coming from client[93033496809964366]
04-20 20:09:09.863 21153 21380 E AttachedClient: Dropping clientEvent = 100 coming from client[93033496809964366]
04-20 20:09:09.864 21153 21380 E AttachedClient: Dropping clientEvent = 114 coming from client[93033496809964366]
04-20 20:09:09.865 21153 21380 E AttachedClient: Dropping clientEvent = 77 coming from client[93033496809964366]
04-20 20:09:09.865 21153 21380 E AttachedClient: Dropping clientEvent = 114 coming from client[93033496809964366]
04-20 20:09:09.865 21153 21380 E AttachedClient: Dropping clientEvent = 77 coming from client[93033496809964366]
04-20 20:09:09.865 21153 21380 E AttachedClient: Dropping clientEvent = 114 coming from client[93033496809964366]
04-20 20:09:09.865 24881 24933 I Icing   : IndexChimeraService.getServiceInterface callingPackage=com.google.android.gms componentName=null serviceId=30
04-20 20:09:09.866 24881 32132 W native  : document-store.cc:1312 Usage corpus id unknown 6983225496525317924
04-20 20:09:09.867 24881 32132 I Icing   : Usage reports ok 0, Failed Usage reports 1, indexed 0, rejected 0
04-20 20:09:09.870 24881 32132 W Icing   : No valid account for uploading user actions
04-20 20:09:09.871 21153 21343 W LocationOracle: No location history returned by ContextManager
04-20 20:09:09.874 24881 32132 I Icing   : Usage reports ok 0, Failed Usage reports 0, indexed 0, rejected 0
04-20 20:09:09.882 21153 21380 I MicroDetectionState: Should stop hotword detection immediately - false
04-20 20:09:09.885 21153 21380 I MicroDetectionState: Should stop hotword detection immediately - false
04-20 20:09:09.942   812  1668 D NativeSensors: CapSensor:  mPendingEvent.distance=0.000000
04-20 20:09:10.307   728  2384 I netd    : trafficSwapActiveStatsMap() <43.36ms>
04-20 20:09:10.309   728  2384 I netd    : tetherGetStats() <1.14ms>
04-20 20:09:10.329  2997  2997 I KeyboardViewUtil: KeyboardViewUtil.getKeyboardHeightRatio():127 systemKeyboardHeightRatio:1.000000; userKeyboardHeightRatio:1.000000.
04-20 20:09:10.329  2997  2997 I AndroidIME: AbstractIme.onActivate():83 LatinIme.onActivate() : EditorInfo = Package = com.google.location.nearby.apps.connectedcrossroad : Type = Text : Learning = Enable : Suggestion = Show : AutoCorrection = Enable : Microphone = Show : NoPersonalizedLearning = Disable, IncognitoMode = false
04-20 20:09:10.329  2997  2997 I Delight5Facilitator: Delight5Facilitator.initializeForIme():574 initializeForIme() : Locale = [en_US], layout = qwerty
04-20 20:09:10.330  2997  2997 I VoiceInputManagerWrapper: VoiceInputManagerWrapper.cancelShutdown():54 cancelShutdown()
04-20 20:09:10.330  2997  2997 I VoiceInputManagerWrapper: VoiceInputManagerWrapper.syncLanguagePacks():66 syncLanguagePacks()
04-20 20:09:10.330  2997 25136 I SpeechFactory: SpeechRecognitionFactory.maybeScheduleAutoPackDownloadForFallback():155 maybeScheduleAutoPackDownloadForFallback()
04-20 20:09:10.331  2997 25136 I FallbackOnDeviceRecognitionProvider: FallbackOnDeviceRecognitionProvider.maybeScheduleAutoPackDownload():200 maybeScheduleAutoPackDownload() for language tag en-US
04-20 20:09:10.333  2997  2997 I KeyboardWrapper: KeyboardWrapper.consumeEvent():264 Skip consuming an event as current keyboard is deactivated (state=0, keyboard existence=true)
04-20 20:09:10.355  2997  2997 W KeyboardModeManager: KeyboardModeManager.setInputView():359 setInputView() : inputView = com.google.android.apps.inputmethod.libs.framework.core.InputView{a223891 V.E...... ......ID 0,0-720,1380}
04-20 20:09:10.357  2997  2997 I ConversationToQueryExtension: ConversationToQueryExtension.isEnabledForHostApp():254 Conv2Query not enabled due to current app [com.google.location.nearby.apps.connectedcrossroad] not in whitelist
04-20 20:09:10.357  2997  2997 I ConversationToQueryExtension: ConversationToQueryExtension.onActivate():165 onActivate() : Disabled by unsupported host app
04-20 20:09:10.382  1749  1773 I WindowManager:   SURFACE show Surface(name=InputMethod)/@0xe1d9ea8 on display:0: InputMethod
04-20 20:09:10.399 24881 24881 D BoundBrokerSvc: onBind: Intent { act=com.google.android.gms.common.BIND_SHARED_PREFS pkg=com.google.android.gms }
04-20 20:09:10.399 24881 24881 D BoundBrokerSvc: Loading bound service for intent: Intent { act=com.google.android.gms.common.BIND_SHARED_PREFS pkg=com.google.android.gms }
04-20 20:09:10.402 24881 24881 D BoundBrokerSvc: onUnbind: Intent { act=com.google.android.gms.common.BIND_SHARED_PREFS pkg=com.google.android.gms }
04-20 20:09:10.408 24881 24881 D BoundBrokerSvc: onBind: Intent { act=com.google.android.gms.common.BIND_SHARED_PREFS pkg=com.google.android.gms }
04-20 20:09:10.408 24881 24881 D BoundBrokerSvc: Loading bound service for intent: Intent { act=com.google.android.gms.common.BIND_SHARED_PREFS pkg=com.google.android.gms }
04-20 20:09:10.410 24881 24881 D BoundBrokerSvc: onUnbind: Intent { act=com.google.android.gms.common.BIND_SHARED_PREFS pkg=com.google.android.gms }
04-20 20:09:10.527   812  1668 D NativeSensors: CapSensor:  mPendingEvent.distance=2.000000
04-20 20:09:10.979     0     0 W swapper/1: type=1400 audit(0.0:655): avc: denied { kill } for uid=0 capability=5 scontext=u:r:kernel:s0 tcontext=u:r:kernel:s0 tclass=capability permissive=0
04-20 20:09:11.327   728  2384 I netd    : trafficSwapActiveStatsMap() <16.15ms>
04-20 20:09:11.329   728  2384 I netd    : tetherGetStats() <1.04ms>
04-20 20:09:11.680  1749  7481 W NotificationService: Toast already killed. pkg=com.google.location.nearby.apps.connectedcrossroad callback=android.app.ITransientNotification$Stub$Proxy@2a1597
04-20 20:09:12.341   728  2384 I netd    : trafficSwapActiveStatsMap() <9.33ms>
04-20 20:09:12.342   728  2384 I netd    : tetherGetStats() <1.04ms>
04-20 20:09:13.105   785   785 W ProxyAndroidLoggerBackend: Too many Flogger logs received before configuration. Dropping old logs.
04-20 20:09:13.105   785   785 W ProxyAndroidLoggerBackend: Too many Flogger logs received before configuration. Dropping old logs.
04-20 20:09:13.113  1209  1209 I Finsky:download_service: [2] sxn.onDestroy(8): IPC-SERVER: Stopping gRPC host service...
04-20 20:09:13.192  1749  1772 W WindowManager: Unable to start animation, surface is null or no children.
04-20 20:09:13.375   728  2384 I netd    : trafficSwapActiveStatsMap() <28.85ms>
04-20 20:09:13.382   728  2384 I netd    : tetherGetStats() <3.82ms>
04-20 20:09:14.091   812  1044 W qti_sensors_hal: processReportInd: lux: 38, ch0: 95, ch1: 14
04-20 20:09:14.401   728  2384 I netd    : trafficSwapActiveStatsMap() <13.70ms>
04-20 20:09:14.405   728  2384 I netd    : tetherGetStats() <1.54ms>
04-20 20:09:14.592  2997  2997 I ShortcutsDataManager: ShortcutsDataManager.onContentChanged():89 onContentChanged()
04-20 20:09:15.422   728  2384 I netd    : trafficSwapActiveStatsMap() <13.10ms>
04-20 20:09:15.424   728  2384 I netd    : tetherGetStats() <0.95ms>
04-20 20:09:16.191  2997  2997 I KeyboardWrapper: KeyboardWrapper.consumeEvent():264 Skip consuming an event as current keyboard is deactivated (state=0, keyboard existence=true)
04-20 20:09:16.191  2997  2997 I VoiceInputManagerWrapper: VoiceInputManagerWrapper.shutdown():76 shutdown()
04-20 20:09:16.192  2997  2997 I AndroidIME: AbstractIme.onDeactivate():145 LatinIme.onDeactivate()
04-20 20:09:16.201  2997  2997 I ShortcutsDataManager: AbstractContentDataManager.startImportContentTask():208 startImportContentTask()
04-20 20:09:16.232   728  2384 I netd    : trafficSwapActiveStatsMap() <33.16ms>
04-20 20:09:16.237   728  2384 I netd    : tetherGetStats() <2.83ms>
04-20 20:09:16.247  2997  2997 I KeyboardViewUtil: KeyboardViewUtil.getKeyboardHeightRatio():127 systemKeyboardHeightRatio:1.000000; userKeyboardHeightRatio:1.000000.
04-20 20:09:16.248  2997  2997 I AndroidIME: AbstractIme.onActivate():83 LatinIme.onActivate() : EditorInfo = Package = com.google.location.nearby.apps.connectedcrossroad : Type = Text : Learning = Enable : Suggestion = Show : AutoCorrection = Enable : Microphone = Show : NoPersonalizedLearning = Disable, IncognitoMode = false
04-20 20:09:16.248  2997  2997 I Delight5Facilitator: Delight5Facilitator.initializeForIme():574 initializeForIme() : Locale = [en_US], layout = qwerty
04-20 20:09:16.248  2997  2997 I VoiceInputManagerWrapper: VoiceInputManagerWrapper.cancelShutdown():54 cancelShutdown()
04-20 20:09:16.248  2997  2997 I VoiceInputManagerWrapper: VoiceInputManagerWrapper.syncLanguagePacks():66 syncLanguagePacks()
04-20 20:09:16.249  2997 25136 I SpeechFactory: SpeechRecognitionFactory.maybeScheduleAutoPackDownloadForFallback():155 maybeScheduleAutoPackDownloadForFallback()
04-20 20:09:16.249  2997 25136 I FallbackOnDeviceRecognitionProvider: FallbackOnDeviceRecognitionProvider.maybeScheduleAutoPackDownload():200 maybeScheduleAutoPackDownload() for language tag en-US
04-20 20:09:16.252  2997  2997 I KeyboardWrapper: KeyboardWrapper.consumeEvent():264 Skip consuming an event as current keyboard is deactivated (state=0, keyboard existence=true)
04-20 20:09:16.254  2997  2997 E KeyboardViewController: KeyboardViewController.clearSubViewControllerInternal():373 Clears keyboard sub view controller for keyboardType: null, viewType: HEADER, viewId: 2131432509(softkey_holder_fixed_candidates),which has not been set.
04-20 20:09:16.254  2997  2997 E KeyboardViewController: jjy
04-20 20:09:16.254  2997  2997 E KeyboardViewController: 	at djm.b(PG:17)
04-20 20:09:16.254  2997  2997 E KeyboardViewController: 	at djm.a(PG:12)
04-20 20:09:16.254  2997  2997 E KeyboardViewController: 	at bna.c(PG:99)
04-20 20:09:16.254  2997  2997 E KeyboardViewController: 	at com.google.android.apps.inputmethod.latin.keyboard.LatinSymbolsKeyboard.b(PG:19)
04-20 20:09:16.254  2997  2997 E KeyboardViewController: 	at dkc.a(PG:38)
04-20 20:09:16.254  2997  2997 E KeyboardViewController: 	at dia.a(PG:44)
04-20 20:09:16.254  2997  2997 E KeyboardViewController: 	at dkc.a(PG:52)
04-20 20:09:16.254  2997  2997 E KeyboardViewController: 	at dfq.a(PG:29)
04-20 20:09:16.254  2997  2997 E KeyboardViewController: 	at dfq.C(PG:22)
04-20 20:09:16.254  2997  2997 E KeyboardViewController: 	at dfu.d(PG:11)
04-20 20:09:16.254  2997  2997 E KeyboardViewController: 	at dfu.b(PG:109)
04-20 20:09:16.254  2997  2997 E KeyboardViewController: 	at com.android.inputmethod.latin.LatinIME.b(PG:333)
04-20 20:09:16.254  2997  2997 E KeyboardViewController: 	at dew.onStartInputView(PG:755)
04-20 20:09:16.254  2997  2997 E KeyboardViewController: 	at android.inputmethodservice.InputMethodService.doStartInput(InputMethodService.java:2153)
04-20 20:09:16.254  2997  2997 E KeyboardViewController: 	at android.inputmethodservice.InputMethodService$InputMethodImpl.startInput(InputMethodService.java:566)
04-20 20:09:16.254  2997  2997 E KeyboardViewController: 	at android.inputmethodservice.InputMethodService$InputMethodImpl.dispatchStartInputWithToken(InputMethodService.java:595)
04-20 20:09:16.254  2997  2997 E KeyboardViewController: 	at android.inputmethodservice.IInputMethodWrapper.executeMessage(IInputMethodWrapper.java:194)
04-20 20:09:16.254  2997  2997 E KeyboardViewController: 	at com.android.internal.os.HandlerCaller$MyHandler.handleMessage(HandlerCaller.java:44)
04-20 20:09:16.254  2997  2997 E KeyboardViewController: 	at android.os.Handler.dispatchMessage(Handler.java:107)
04-20 20:09:16.254  2997  2997 E KeyboardViewController: 	at android.os.Looper.loop(Looper.java:241)
04-20 20:09:16.254  2997  2997 E KeyboardViewController: 	at android.app.ActivityThread.main(ActivityThread.java:7604)
04-20 20:09:16.254  2997  2997 E KeyboardViewController: 	at java.lang.reflect.Method.invoke(Native Method)
04-20 20:09:16.254  2997  2997 E KeyboardViewController: 	at com.android.internal.os.RuntimeInit$MethodAndArgsCaller.run(RuntimeInit.java:492)
04-20 20:09:16.254  2997  2997 E KeyboardViewController: 	at com.android.internal.os.ZygoteInit.main(ZygoteInit.java:941)
04-20 20:09:16.254   728  2384 I netd    : bandwidthSetGlobalAlert(2097152) <0.61ms>
04-20 20:09:16.280  2997  2997 W KeyboardModeManager: KeyboardModeManager.setInputView():359 setInputView() : inputView = com.google.android.apps.inputmethod.libs.framework.core.InputView{a223891 V.E...... ......ID 0,0-720,1380}
04-20 20:09:16.281  2997  2997 I ConversationToQueryExtension: ConversationToQueryExtension.isEnabledForHostApp():254 Conv2Query not enabled due to current app [com.google.location.nearby.apps.connectedcrossroad] not in whitelist
04-20 20:09:16.281  2997  2997 I ConversationToQueryExtension: ConversationToQueryExtension.onActivate():165 onActivate() : Disabled by unsupported host app
04-20 20:09:16.287  2997  3624 I ShortcutsDataManager: AbstractContentDataManager$ImportContentTask.doInBackground():222 doInBackground()
04-20 20:09:16.288  2997  3624 I PersonalDictionaryDataHandler: PersonalDictionaryDataHandler.beginProcess():111 LanguageTags = [en-US]
04-20 20:09:16.291 24881 24881 D BoundBrokerSvc: onBind: Intent { act=com.google.android.gms.common.BIND_SHARED_PREFS pkg=com.google.android.gms }
04-20 20:09:16.291 24881 24881 D BoundBrokerSvc: Loading bound service for intent: Intent { act=com.google.android.gms.common.BIND_SHARED_PREFS pkg=com.google.android.gms }
04-20 20:09:16.301 24881 24881 D BoundBrokerSvc: onUnbind: Intent { act=com.google.android.gms.common.BIND_SHARED_PREFS pkg=com.google.android.gms }
04-20 20:09:16.309 24881 24881 D BoundBrokerSvc: onBind: Intent { act=com.google.android.gms.common.BIND_SHARED_PREFS pkg=com.google.android.gms }
04-20 20:09:16.309 24881 24881 D BoundBrokerSvc: Loading bound service for intent: Intent { act=com.google.android.gms.common.BIND_SHARED_PREFS pkg=com.google.android.gms }
04-20 20:09:16.314 24881 24881 D BoundBrokerSvc: onUnbind: Intent { act=com.google.android.gms.common.BIND_SHARED_PREFS pkg=com.google.android.gms }
04-20 20:09:16.320  2997  3624 I ShortcutsDataManager: AbstractContentDataManager.importRecords():312 importRecords() : Success : Count = 0
04-20 20:09:16.322  2997  3624 I ShortcutsDataManager: AbstractContentDataManager.importContentData():262 importContentData() : Ending import process
04-20 20:09:16.336  2997  3624 I PersonalLanguageModelUpdater: PersonalLanguageModelUpdater$UpdateOperation.performInternal():160 run() : Added 0 words and 0 shortcuts
04-20 20:09:16.336  2997  3624 I DynamicLanguageModelOperation: DynamicLanguageModelOperation.perform():37 perform() : 4 : chw : Completed
04-20 20:09:16.336  2997  3983 I Delight5Decoder: Delight5DecoderWrapper.loadLanguageModel():551 loadLanguageModel() : 4, version [n/a]
04-20 20:09:16.336  2997  2997 I ShortcutsDataManager: AbstractContentDataManager$ImportContentTask.onPostExecute():233 onPostExecute() : Result = [2,0]
04-20 20:09:16.336  2997  2997 I ShortcutsDataManager: ShortcutsDataManager.onImportFinished():99 onImportFinished() : Result = 2 : Count = 0
04-20 20:09:16.337  2997  3983 I Delight5Decoder: Delight5DecoderWrapper.loadLanguageModel():589 Loaded dynamic LM 4.en
04-20 20:09:16.438   728  2384 I netd    : trafficSwapActiveStatsMap() <10.16ms>
04-20 20:09:16.442   728  2384 I netd    : tetherGetStats() <1.58ms>
04-20 20:09:17.459   728  2384 I netd    : trafficSwapActiveStatsMap() <8.67ms>
04-20 20:09:17.464   728  2384 I netd    : tetherGetStats() <1.83ms>
04-20 20:09:18.478   728  2384 I netd    : trafficSwapActiveStatsMap() <6.52ms>
04-20 20:09:18.483   728  2384 I netd    : tetherGetStats() <1.96ms>
04-20 20:09:19.498   728  2384 I netd    : trafficSwapActiveStatsMap() <6.68ms>
04-20 20:09:19.504   728  2384 I netd    : tetherGetStats() <1.96ms>
04-20 20:09:20.057 21153 21165 W earchbox:searc: Suspending all threads took: 116.734ms
04-20 20:09:20.519   728  2384 I netd    : trafficSwapActiveStatsMap() <9.43ms>
04-20 20:09:20.524   728  2384 I netd    : tetherGetStats() <2.01ms>
04-20 20:09:20.729  2997  2997 I KeyboardWrapper: KeyboardWrapper.consumeEvent():264 Skip consuming an event as current keyboard is deactivated (state=0, keyboard existence=true)
04-20 20:09:20.729  2997  2997 I VoiceInputManagerWrapper: VoiceInputManagerWrapper.shutdown():76 shutdown()
04-20 20:09:20.730  2997  2997 I AndroidIME: AbstractIme.onDeactivate():145 LatinIme.onDeactivate()
04-20 20:09:20.796  2997  2997 I KeyboardViewUtil: KeyboardViewUtil.getKeyboardHeightRatio():127 systemKeyboardHeightRatio:1.000000; userKeyboardHeightRatio:1.000000.
04-20 20:09:20.796  2997  2997 I AndroidIME: AbstractIme.onActivate():83 LatinIme.onActivate() : EditorInfo = Package = com.google.location.nearby.apps.connectedcrossroad : Type = Text : Learning = Enable : Suggestion = Show : AutoCorrection = Enable : Microphone = Show : NoPersonalizedLearning = Disable, IncognitoMode = false
04-20 20:09:20.797  2997  2997 I Delight5Facilitator: Delight5Facilitator.initializeForIme():574 initializeForIme() : Locale = [en_US], layout = qwerty
04-20 20:09:20.797  2997  2997 I VoiceInputManagerWrapper: VoiceInputManagerWrapper.cancelShutdown():54 cancelShutdown()
04-20 20:09:20.797  2997  2997 I VoiceInputManagerWrapper: VoiceInputManagerWrapper.syncLanguagePacks():66 syncLanguagePacks()
04-20 20:09:20.798  2997 25136 I SpeechFactory: SpeechRecognitionFactory.maybeScheduleAutoPackDownloadForFallback():155 maybeScheduleAutoPackDownloadForFallback()
04-20 20:09:20.798  2997 25136 I FallbackOnDeviceRecognitionProvider: FallbackOnDeviceRecognitionProvider.maybeScheduleAutoPackDownload():200 maybeScheduleAutoPackDownload() for language tag en-US
04-20 20:09:20.801  2997  2997 I KeyboardWrapper: KeyboardWrapper.consumeEvent():264 Skip consuming an event as current keyboard is deactivated (state=0, keyboard existence=true)
04-20 20:09:20.803  2997  2997 E KeyboardViewController: KeyboardViewController.clearSubViewControllerInternal():373 Clears keyboard sub view controller for keyboardType: null, viewType: HEADER, viewId: 2131432509(softkey_holder_fixed_candidates),which has not been set.
04-20 20:09:20.803  2997  2997 E KeyboardViewController: jjy
04-20 20:09:20.803  2997  2997 E KeyboardViewController: 	at djm.b(PG:17)
04-20 20:09:20.803  2997  2997 E KeyboardViewController: 	at djm.a(PG:12)
04-20 20:09:20.803  2997  2997 E KeyboardViewController: 	at bna.c(PG:99)
04-20 20:09:20.803  2997  2997 E KeyboardViewController: 	at com.google.android.apps.inputmethod.latin.keyboard.LatinSymbolsKeyboard.b(PG:19)
04-20 20:09:20.803  2997  2997 E KeyboardViewController: 	at dkc.a(PG:38)
04-20 20:09:20.803  2997  2997 E KeyboardViewController: 	at dia.a(PG:44)
04-20 20:09:20.803  2997  2997 E KeyboardViewController: 	at dkc.a(PG:52)
04-20 20:09:20.803  2997  2997 E KeyboardViewController: 	at dfq.a(PG:29)
04-20 20:09:20.803  2997  2997 E KeyboardViewController: 	at dfq.C(PG:22)
04-20 20:09:20.803  2997  2997 E KeyboardViewController: 	at dfu.d(PG:11)
04-20 20:09:20.803  2997  2997 E KeyboardViewController: 	at dfu.b(PG:109)
04-20 20:09:20.803  2997  2997 E KeyboardViewController: 	at com.android.inputmethod.latin.LatinIME.b(PG:333)
04-20 20:09:20.803  2997  2997 E KeyboardViewController: 	at dew.onStartInputView(PG:755)
04-20 20:09:20.803  2997  2997 E KeyboardViewController: 	at android.inputmethodservice.InputMethodService.doStartInput(InputMethodService.java:2153)
04-20 20:09:20.803  2997  2997 E KeyboardViewController: 	at android.inputmethodservice.InputMethodService$InputMethodImpl.startInput(InputMethodService.java:566)
04-20 20:09:20.803  2997  2997 E KeyboardViewController: 	at android.inputmethodservice.InputMethodService$InputMethodImpl.dispatchStartInputWithToken(InputMethodService.java:595)
04-20 20:09:20.803  2997  2997 E KeyboardViewController: 	at android.inputmethodservice.IInputMethodWrapper.executeMessage(IInputMethodWrapper.java:194)
04-20 20:09:20.803  2997  2997 E KeyboardViewController: 	at com.android.internal.os.HandlerCaller$MyHandler.handleMessage(HandlerCaller.java:44)
04-20 20:09:20.803  2997  2997 E KeyboardViewController: 	at android.os.Handler.dispatchMessage(Handler.java:107)
04-20 20:09:20.803  2997  2997 E KeyboardViewController: 	at android.os.Looper.loop(Looper.java:241)
04-20 20:09:20.803  2997  2997 E KeyboardViewController: 	at android.app.ActivityThread.main(ActivityThread.java:7604)
04-20 20:09:20.803  2997  2997 E KeyboardViewController: 	at java.lang.reflect.Method.invoke(Native Method)
04-20 20:09:20.803  2997  2997 E KeyboardViewController: 	at com.android.internal.os.RuntimeInit$MethodAndArgsCaller.run(RuntimeInit.java:492)
04-20 20:09:20.803  2997  2997 E KeyboardViewController: 	at com.android.internal.os.ZygoteInit.main(ZygoteInit.java:941)
04-20 20:09:20.830  2997  2997 W KeyboardModeManager: KeyboardModeManager.setInputView():359 setInputView() : inputView = com.google.android.apps.inputmethod.libs.framework.core.InputView{a223891 V.E...... ......ID 0,0-720,1380}
04-20 20:09:20.832  2997  2997 I ConversationToQueryExtension: ConversationToQueryExtension.isEnabledForHostApp():254 Conv2Query not enabled due to current app [com.google.location.nearby.apps.connectedcrossroad] not in whitelist
04-20 20:09:20.832  2997  2997 I ConversationToQueryExtension: ConversationToQueryExtension.onActivate():165 onActivate() : Disabled by unsupported host app
04-20 20:09:20.854 24881 24881 D BoundBrokerSvc: onBind: Intent { act=com.google.android.gms.common.BIND_SHARED_PREFS pkg=com.google.android.gms }
04-20 20:09:20.854 24881 24881 D BoundBrokerSvc: Loading bound service for intent: Intent { act=com.google.android.gms.common.BIND_SHARED_PREFS pkg=com.google.android.gms }
04-20 20:09:20.861 24881 24881 D BoundBrokerSvc: onUnbind: Intent { act=com.google.android.gms.common.BIND_SHARED_PREFS pkg=com.google.android.gms }
04-20 20:09:20.866 24881 24881 D BoundBrokerSvc: onBind: Intent { act=com.google.android.gms.common.BIND_SHARED_PREFS pkg=com.google.android.gms }
04-20 20:09:20.866 24881 24881 D BoundBrokerSvc: Loading bound service for intent: Intent { act=com.google.android.gms.common.BIND_SHARED_PREFS pkg=com.google.android.gms }
04-20 20:09:20.871 24881 24881 D BoundBrokerSvc: onUnbind: Intent { act=com.google.android.gms.common.BIND_SHARED_PREFS pkg=com.google.android.gms }
04-20 20:09:20.979     0     0 W swapper/5: type=1400 audit(0.0:656): avc: denied { kill } for uid=0 capability=5 scontext=u:r:kernel:s0 tcontext=u:r:kernel:s0 tclass=capability permissive=0
04-20 20:09:21.543   728  2384 I netd    : trafficSwapActiveStatsMap() <8.81ms>
04-20 20:09:21.548   728  2384 I netd    : tetherGetStats() <2.04ms>
04-20 20:09:22.176  2997  3983 I native  : dynamic-oov-words.cc:213 AddPendingWords: 1 -> 0 11 ms
04-20 20:09:22.561   728  2384 I netd    : trafficSwapActiveStatsMap() <7.80ms>
04-20 20:09:22.564   728  2384 I netd    : tetherGetStats() <1.57ms>
04-20 20:09:22.678  1749  1749 W WindowManager: removeWindowToken: Attempted to remove non-existing token: android.os.Binder@b6b8d9c
04-20 20:09:23.588   728  2384 I netd    : trafficSwapActiveStatsMap() <21.32ms>
04-20 20:09:23.596   728  2384 I netd    : tetherGetStats() <4.59ms>
04-20 20:09:24.608   728  2384 I netd    : trafficSwapActiveStatsMap() <6.32ms>
04-20 20:09:24.612   728  2384 I netd    : tetherGetStats() <1.61ms>
04-20 20:09:24.722  8057  8057 D MCLOG   : [MC_Service] onStartcommand()
04-20 20:09:24.733 24881  1849 E LoadManifestTask: Unable to find action: .chimera.GmsIntentOperationService:.westworld.action.ALARM
04-20 20:09:24.740   785   785 I Finsky  : [2] abyu.onStartJob(3): SCH: onJobSchedulerWakeup with jobId 9003
04-20 20:09:24.745   729   729 D Zygote  : Forked child process 1859
04-20 20:09:24.748   785   785 I Finsky  : [2] abtz.a(9): SCH: Scheduling fallback job with id: 9034, and delay: 43200000 ms
04-20 20:09:24.753   785   785 I Finsky  : [2] abtz.b(9): SCH: Scheduling fallback in 64799997 (absolute: 68526988)
04-20 20:09:24.756  1749  1782 I ActivityManager: Start proc 1859:com.motorola.lifetimedata/u0a105 for broadcast {com.motorola.lifetimedata/com.motorola.lifetimedata.LifetimeDataReceiver}
04-20 20:09:24.762  1859  1859 E la.lifetimedat: Not starting debugger since process cannot load the jdwp agent.
04-20 20:09:24.794  1749  5123 D WificondControl: Scan result ready event
04-20 20:09:24.804  1859  1859 I la.lifetimedat: The ClassLoaderContext is a special shared library.
04-20 20:09:24.816   785   785 I Finsky  : [2] abui.handleMessage(8): SCH: DeviceState: DeviceState{currentTime=1618963764813, isCharging=false, isIdle=false, netAny=true, netNotRoaming=true, netUnmetered=true, batteryPercent=67.0}
04-20 20:09:24.825   785  1914 I Finsky  : [2100] abwt.b(5): SCH: Jobs in database: 1-1337 2-48879 3-20 26-1414141414 29-29 
04-20 20:09:24.841   785   785 I Finsky  : [2] abuj.b(10): SCH: Running job: 29-29
04-20 20:09:24.847   785  1917 I Finsky  : [2101] ajmy.a(0): ProcessRecoveryLogsUtil: No files in recovery directory
04-20 20:09:24.847   785   785 I Finsky  : [2] abui.handleMessage(59): SCH: RunningQueue size: 1, PendingQueue size: 0
04-20 20:09:24.848   785  1917 I Finsky  : [2101] abvs.n(4): SCH: jobFinished: 29-29. TimeElapsed: 6ms.
04-20 20:09:24.848   785   785 I Finsky  : [2] abuj.p(3): SCH: Running queue: 29-29 
04-20 20:09:24.849   785   785 I Finsky  : [2] abuj.e(4): SCH: Job 29-29 finished. Not rescheduling.
04-20 20:09:24.852   785   785 I Finsky  : [2] abui.handleMessage(59): SCH: RunningQueue size: 0, PendingQueue size: 0
04-20 20:09:24.852   785   785 I Finsky  : [2] abui.handleMessage(26): SCH: Executor finished
04-20 20:09:24.864   785   785 I Finsky  : [2] abwt.b(5): SCH: Jobs in database: 1-1337 2-48879 3-20 26-1414141414 
04-20 20:09:24.870  1859  1919 V LifetimeData: File /mnt/product/persist/lifetime/mobile_data_rx
04-20 20:09:24.871  1859  1919 V LifetimeData: File /mnt/product/persist/lifetime/mobile_data_tx
04-20 20:09:24.872  1859  1919 V LifetimeData: File /mnt/product/persist/lifetime/wifi_data_rx
04-20 20:09:24.872   785   785 I Finsky  : [2] abvf.d(37): SCH: ConstraintMapping: 1-1337,  -> L: 37870933ms, D: 81070933ms, C: false, I: false, N: 1
04-20 20:09:24.873  1859  1919 V LifetimeData: File /mnt/product/persist/lifetime/wifi_data_tx
04-20 20:09:24.873   785   785 I Finsky  : [2] abvf.d(37): SCH: ConstraintMapping: 2-48879, 3-20,  -> L: 0ms, D: 83014223ms, C: true, I: true, N: 2
04-20 20:09:24.874   785   785 I Finsky  : [2] abvf.d(37): SCH: ConstraintMapping: 26-1414141414,  -> L: 40724888ms, D: 41624888ms, C: false, I: false, N: 0
04-20 20:09:24.881   785   785 I Finsky  : [2] abvf.f(7): SCH: Cancelling existing jobscheduler jobs: 9001 9002 
04-20 20:09:24.882   785   785 I Finsky  : [2] abvf.e(23): SCH: Scheduling job Id: 9000, L: 37870933, D: 81070933, C: false, I: false, N: 1
04-20 20:09:24.885   785   785 I Finsky  : [2] abvf.e(8): SCH: Throttling wakeup for job 9004 (expected to run in 0 ms) due to recent wakeup
04-20 20:09:24.886   785   785 I Finsky  : [2] abvf.e(23): SCH: Scheduling job Id: 9004, L: 30000, D: 83014223, C: true, I: true, N: 2
04-20 20:09:24.887   785   785 I Finsky  : [2] abvf.e(23): SCH: Scheduling job Id: 9005, L: 40724888, D: 41624888, C: false, I: false, N: 0
04-20 20:09:24.898   728  2384 I netd    : trafficSwapActiveStatsMap() <43.44ms>
04-20 20:09:24.900   728  2384 I netd    : tetherGetStats() <1.30ms>
04-20 20:09:24.931   728  2384 I netd    : trafficSwapActiveStatsMap() <23.44ms>
04-20 20:09:24.933   728  2384 I netd    : tetherGetStats() <1.01ms>
04-20 20:09:24.961  3334  1920 E MCINTLOG: [MC_BattStatsFactory] Adding uid 0
04-20 20:09:24.961  3334  1920 E MCINTLOG: [MC_BattStatsFactory] Adding uid 1000
04-20 20:09:24.962  3334  1920 E MCINTLOG: [MC_BattStatsFactory] Adding uid 1001
04-20 20:09:24.962  3334  1920 E MCINTLOG: [MC_BattStatsFactory] Adding uid 1002
04-20 20:09:24.962  3334  1920 E MCINTLOG: [MC_BattStatsFactory] Adding uid 1003
04-20 20:09:24.962  3334  1920 E MCINTLOG: [MC_BattStatsFactory] Adding uid 1007
04-20 20:09:24.962  3334  1920 E MCINTLOG: [MC_BattStatsFactory] Adding uid 1010
04-20 20:09:24.962  3334  1920 E MCINTLOG: [MC_BattStatsFactory] Adding uid 1013
04-20 20:09:24.962  3334  1920 E MCINTLOG: [MC_BattStatsFactory] Adding uid 1017
04-20 20:09:24.962  3334  1920 E MCINTLOG: [MC_BattStatsFactory] Adding uid 1020
04-20 20:09:24.962  3334  1920 E MCINTLOG: [MC_BattStatsFactory] Adding uid 1021
04-20 20:09:24.962  3334  1920 E MCINTLOG: [MC_BattStatsFactory] Adding uid 1036
04-20 20:09:24.962  3334  1920 E MCINTLOG: [MC_BattStatsFactory] Adding uid 1040
04-20 20:09:24.962  3334  1920 E MCINTLOG: [MC_BattStatsFactory] Adding uid 1041
04-20 20:09:24.962  3334  1920 E MCINTLOG: [MC_BattStatsFactory] Adding uid 1046
04-20 20:09:24.962  3334  1920 E MCINTLOG: [MC_BattStatsFactory] Adding uid 1047
04-20 20:09:24.962  3334  1920 E MCINTLOG: [MC_BattStatsFactory] Adding uid 1051
04-20 20:09:24.962  3334  1920 E MCINTLOG: [MC_BattStatsFactory] Adding uid 1053
04-20 20:09:24.962  3334  1920 E MCINTLOG: [MC_BattStatsFactory] Adding uid 1066
04-20 20:09:24.962  3334  1920 E MCINTLOG: [MC_BattStatsFactory] Adding uid 1068
04-20 20:09:24.962  3334  1920 E MCINTLOG: [MC_BattStatsFactory] Adding uid 1069
04-20 20:09:24.962  3334  1920 E MCINTLOG: [MC_BattStatsFactory] Adding uid 1073
04-20 20:09:24.962  3334  1920 E MCINTLOG: [MC_BattStatsFactory] Adding uid 2000
04-20 20:09:24.962  3334  1920 E MCINTLOG: [MC_BattStatsFactory] Adding uid 2903
04-20 20:09:24.962  3334  1920 E MCINTLOG: [MC_BattStatsFactory] Adding uid 2906
04-20 20:09:24.962  3334  1920 E MCINTLOG: [MC_BattStatsFactory] Adding uid 5101
04-20 20:09:24.962  3334  1920 E MCINTLOG: [MC_BattStatsFactory] Adding uid 9999
04-20 20:09:24.962  3334  1920 E MCINTLOG: [MC_BattStatsFactory] Adding uid 10000
04-20 20:09:24.962  3334  1920 E MCINTLOG: [MC_BattStatsFactory] Adding uid 10001
04-20 20:09:24.962  3334  1920 E MCINTLOG: [MC_BattStatsFactory] Adding uid 10002
04-20 20:09:24.962  3334  1920 E MCINTLOG: [MC_BattStatsFactory] Adding uid 10013
04-20 20:09:24.962  3334  1920 E MCINTLOG: [MC_BattStatsFactory] Adding uid 10023
04-20 20:09:24.962  3334  1920 E MCINTLOG: [MC_BattStatsFactory] Adding uid 10038
04-20 20:09:24.962  3334  1920 E MCINTLOG: [MC_BattStatsFactory] Adding uid 10044
04-20 20:09:24.962  3334  1920 E MCINTLOG: [MC_BattStatsFactory] Adding uid 10045
04-20 20:09:24.962  3334  1920 E MCINTLOG: [MC_BattStatsFactory] Adding uid 10046
04-20 20:09:24.962  3334  1920 E MCINTLOG: [MC_BattStatsFactory] Adding uid 10049
04-20 20:09:24.962  3334  1920 E MCINTLOG: [MC_BattStatsFactory] Adding uid 10051
04-20 20:09:24.962  3334  1920 E MCINTLOG: [MC_BattStatsFactory] Adding uid 10052
04-20 20:09:24.962  3334  1920 E MCINTLOG: [MC_BattStatsFactory] Adding uid 10053
04-20 20:09:24.962  3334  1920 E MCINTLOG: [MC_BattStatsFactory] Adding uid 10054
04-20 20:09:24.962  3334  1920 E MCINTLOG: [MC_BattStatsFactory] Adding uid 10055
04-20 20:09:24.962  3334  1920 E MCINTLOG: [MC_BattStatsFactory] Adding uid 10056
04-20 20:09:24.962  3334  1920 E MCINTLOG: [MC_BattStatsFactory] Adding uid 10057
04-20 20:09:24.962  3334  1920 E MCINTLOG: [MC_BattStatsFactory] Adding uid 10058
04-20 20:09:24.962  3334  1920 E MCINTLOG: [MC_BattStatsFactory] Adding uid 10059
04-20 20:09:24.962  3334  1920 E MCINTLOG: [MC_BattStatsFactory] Adding uid 10060
04-20 20:09:24.963  3334  1920 E MCINTLOG: [MC_BattStatsFactory] Adding uid 10061
04-20 20:09:24.963  3334  1920 E MCINTLOG: [MC_BattStatsFactory] Adding uid 10063
04-20 20:09:24.963  3334  1920 E MCINTLOG: [MC_BattStatsFactory] Adding uid 10064
04-20 20:09:24.963  3334  1920 E MCINTLOG: [MC_BattStatsFactory] Adding uid 10065
04-20 20:09:24.963  3334  1920 E MCINTLOG: [MC_BattStatsFactory] Adding uid 10066
04-20 20:09:24.963  3334  1920 E MCINTLOG: [MC_BattStatsFactory] Adding uid 10067
04-20 20:09:24.963  3334  1920 E MCINTLOG: [MC_BattStatsFactory] Adding uid 10068
04-20 20:09:24.963  3334  1920 E MCINTLOG: [MC_BattStatsFactory] Adding uid 10069
04-20 20:09:24.963  3334  1920 E MCINTLOG: [MC_BattStatsFactory] Adding uid 10070
04-20 20:09:24.963  3334  1920 E MCINTLOG: [MC_BattStatsFactory] Adding uid 10071
04-20 20:09:24.963  3334  1920 E MCINTLOG: [MC_BattStatsFactory] Adding uid 10072
04-20 20:09:24.963  3334  1920 E MCINTLOG: [MC_BattStatsFactory] Adding uid 10073
04-20 20:09:24.963  3334  1920 E MCINTLOG: [MC_BattStatsFactory] Adding uid 10074
04-20 20:09:24.963  3334  1920 E MCINTLOG: [MC_BattStatsFactory] Adding uid 10075
04-20 20:09:24.963  3334  1920 E MCINTLOG: [MC_BattStatsFactory] Adding uid 10076
04-20 20:09:24.963  3334  1920 E MCINTLOG: [MC_BattStatsFactory] Adding uid 10077
04-20 20:09:24.963  3334  1920 E MCINTLOG: [MC_BattStatsFactory] Adding uid 10078
04-20 20:09:24.963  3334  1920 E MCINTLOG: [MC_BattStatsFactory] Adding uid 10080
04-20 20:09:24.963  3334  1920 E MCINTLOG: [MC_BattStatsFactory] Adding uid 10081
04-20 20:09:24.963  3334  1920 E MCINTLOG: [MC_BattStatsFactory] Adding uid 10082
04-20 20:09:24.963  3334  1920 E MCINTLOG: [MC_BattStatsFactory] Adding uid 10083
04-20 20:09:24.963  3334  1920 E MCINTLOG: [MC_BattStatsFactory] Adding uid 10084
04-20 20:09:24.963  3334  1920 E MCINTLOG: [MC_BattStatsFactory] Adding uid 10085
04-20 20:09:24.963  3334  1920 E MCINTLOG: [MC_BattStatsFactory] Adding uid 10086
04-20 20:09:24.963  3334  1920 E MCINTLOG: [MC_BattStatsFactory] Adding uid 10088
04-20 20:09:24.963  3334  1920 E MCINTLOG: [MC_BattStatsFactory] Adding uid 10089
04-20 20:09:24.963  3334  1920 E MCINTLOG: [MC_BattStatsFactory] Adding uid 10090
04-20 20:09:24.963  3334  1920 E MCINTLOG: [MC_BattStatsFactory] Adding uid 10091
04-20 20:09:24.963  3334  1920 E MCINTLOG: [MC_BattStatsFactory] Adding uid 10092
04-20 20:09:24.963  3334  1920 E MCINTLOG: [MC_BattStatsFactory] Adding uid 10093
04-20 20:09:24.963  3334  1920 E MCINTLOG: [MC_BattStatsFactory] Adding uid 10094
04-20 20:09:24.963  3334  1920 E MCINTLOG: [MC_BattStatsFactory] Adding uid 10095
04-20 20:09:24.963  3334  1920 E MCINTLOG: [MC_BattStatsFactory] Adding uid 10096
04-20 20:09:24.963  3334  1920 E MCINTLOG: [MC_BattStatsFactory] Adding uid 10097
04-20 20:09:24.963  3334  1920 E MCINTLOG: [MC_BattStatsFactory] Adding uid 10098
04-20 20:09:24.963  3334  1920 E MCINTLOG: [MC_BattStatsFactory] Adding uid 10099
04-20 20:09:24.963  3334  1920 E MCINTLOG: [MC_BattStatsFactory] Adding uid 10100
04-20 20:09:24.963  3334  1920 E MCINTLOG: [MC_BattStatsFactory] Adding uid 10101
04-20 20:09:24.963  3334  1920 E MCINTLOG: [MC_BattStatsFactory] Adding uid 10102
04-20 20:09:24.963  3334  1920 E MCINTLOG: [MC_BattStatsFactory] Adding uid 10103
04-20 20:09:24.963  3334  1920 E MCINTLOG: [MC_BattStatsFactory] Adding uid 10104
04-20 20:09:24.963  3334  1920 E MCINTLOG: [MC_BattStatsFactory] Adding uid 10105
04-20 20:09:24.964  3334  1920 E MCINTLOG: [MC_BattStatsFactory] Adding uid 10106
04-20 20:09:24.964  3334  1920 E MCINTLOG: [MC_BattStatsFactory] Adding uid 10107
04-20 20:09:24.964  3334  1920 E MCINTLOG: [MC_BattStatsFactory] Adding uid 10108
04-20 20:09:24.964  3334  1920 E MCINTLOG: [MC_BattStatsFactory] Adding uid 10109
04-20 20:09:24.964  3334  1920 E MCINTLOG: [MC_BattStatsFactory] Adding uid 10110
04-20 20:09:24.964  3334  1920 E MCINTLOG: [MC_BattStatsFactory] Adding uid 10111
04-20 20:09:24.964  3334  1920 E MCINTLOG: [MC_BattStatsFactory] Adding uid 10112
04-20 20:09:24.964  3334  1920 E MCINTLOG: [MC_BattStatsFactory] Adding uid 10113
04-20 20:09:24.964  3334  1920 E MCINTLOG: [MC_BattStatsFactory] Adding uid 10114
04-20 20:09:24.964  3334  1920 E MCINTLOG: [MC_BattStatsFactory] Adding uid 10115
