04-20 20:19:50.204  1743  1782 I DisplayPowerController: Blocking screen on until initial contents have been drawn.
04-20 20:19:50.205  1743  1782 I WindowManager: Screen turning on...
04-20 20:19:50.208  2498  2498 D QtiCarrierConfigHelper: WARNING, no carrier configs on phone Id: 0
04-20 20:19:50.210  2308  4526 V KeyguardViewMediator: notifyDrawn
04-20 20:19:50.215  1743  6519 D WindowManager: mKeyguardDelegate.ShowListener.onDrawn.
04-20 20:19:50.215  1743  1763 W WindowManager: Setting mKeyguardDrawComplete
04-20 20:19:50.261  1743  1782 V DisplayPowerController: Brightness [9] reason changing to: 'doze', previous reason: 'screen_off'.
04-20 20:19:50.265  1743  1765 I DisplayManagerService: Display device changed state: "Built-in Screen", ON
04-20 20:19:50.265   871   871 D SurfaceFlinger: Setting power mode 2 on display 0
04-20 20:19:50.266   817   817 I SDM     : DisplayBase::SetDisplayState: Set state = 1, display 0
04-20 20:19:50.275   804  1692 W qti_sensors_hal: reportSingleEvent: NearBy 0, pData 4897,  highThd 5001
04-20 20:19:50.297  2619  2690 I QcrilOemhookMsgTunnel: [0]processOemHookResponse serial no: -1 error: 0length=1
04-20 20:19:50.299  2619  2690 E QcrilOemhookMsgTunnel: [0]Unexpected serial number in solicited response!serial: -1 error: 0
04-20 20:19:50.301   804  1692 W qti_sensors_hal: reportSingleEvent: NearBy 0, pData 4897,  highThd 5001
04-20 20:19:50.328  2308  4526 I MotoDisplayManager: MotoDisplayCallback setScreenBrightness<brightness>30
04-20 20:19:50.372   804  1081 W qti_sensors_hal: processReportInd: lux: 31, ch0: 115, ch1: 13
04-20 20:19:50.376   804  1146 I SLPI-MotLTV: LTV debug - state 1, fxyz -965 -53 32 sfd 0
04-20 20:19:50.378   804  1692 W qti_sensors_hal: reportSingleEvent: NearBy 1, pData 5435,  highThd 5001
04-20 20:19:50.378  1743  1765 I WindowManager: All windows ready for display!
04-20 20:19:50.378  1743  1763 W WindowManager: Setting mWindowManagerDrawComplete
04-20 20:19:50.379  1743  1782 I DisplayPowerController: Unblocked screen on after 175 ms
04-20 20:19:50.383  2300  2300 I MotoDisplay: Time elapsed since sensor trigger Type: GLANCE_GESTURE GlanceType: GLANCE_GESTURE_MOVEMENT is 338 ms
04-20 20:19:50.385  2308  4526 I MotoDisplayManager: MotoDisplayCallback setScreenBrightness<brightness>23
04-20 20:19:50.416  2300  2300 I MotoDisplay: Animations disabled: false
04-20 20:19:50.594   871   871 D SurfaceFlinger: Finished setting power mode 2 on display 0
04-20 20:19:50.594   804  1081 W qti_sensors_hal: processReportInd: lux: 26, ch0: 94, ch1: 14
04-20 20:19:52.924  1743  4961 W AppOps  : Noting op not finished: uid 10156 pkg com.google.android.gms code 79 time=1618964304237 duration=-1
04-20 20:19:52.928  1743  4961 W AppOps  : Noting op not finished: uid 10156 pkg com.google.android.gms code 79 time=1618964392924 duration=0
04-20 20:19:52.933  1743  2389 W AppOps  : Noting op not finished: uid 10156 pkg com.google.android.gms code 79 time=1618964392928 duration=0
04-20 20:19:52.938  1743  2389 W AppOps  : Noting op not finished: uid 10156 pkg com.google.android.gms code 79 time=1618964392934 duration=0
04-20 20:19:52.960   875   875 I vendor.rmt_storage: rmt_storage_connect_cb: clnt_h=0xb conn_h=0xb240a030
04-20 20:19:52.962   875   875 I vendor.rmt_storage: rmt_storage_rw_iovec_cb: /boot/modem_fs2: req_h=0xb msg_id=3: R/W request received (wr_count 3)
04-20 20:19:52.962   875   875 I vendor.rmt_storage: rw_iovec client->path = /boot/modem_fs2
04-20 20:19:52.962   875   875 I vendor.rmt_storage: wakelock acquired: 1, error no: 42
04-20 20:19:52.962   875  1423 I vendor.rmt_storage: rmt_storage_client_thread: /boot/modem_fs2: Unblock worker thread (th_id: -1307069904)
04-20 20:19:53.046   875  1423 I vendor.rmt_storage: rmt_storage_client_thread: /boot/modem_fs2: req_h=0xb msg_id=3: Bytes written = 1572864, wr_count 3
04-20 20:19:53.046   875  1423 I vendor.rmt_storage: rmt_storage_client_thread: /boot/modem_fs2: req_h=0xb msg_id=3: Send response: res=0 err=0, wr_count 3
04-20 20:19:53.046   875  1423 I vendor.rmt_storage: rmt_storage_client_thread: /boot/modem_fs2: About to block rmt_storage client thread (th_id: -1307069904) wakelock released: 1, error no: 0
04-20 20:19:53.046   875  1423 I vendor.rmt_storage: 
04-20 20:19:53.050   875   875 I vendor.rmt_storage: rmt_storage_disconnect_cb: clnt_h=0xb conn_h=0xb240a030
04-20 20:19:53.146  2308  4526 I MotoDisplayManager: MotoDisplayCallback setScreenBrightness<brightness>0
04-20 20:19:53.933  2300  2300 I MotoDisplay: Request System UI to turn display OFF.
04-20 20:19:53.934  2308  4526 I MotoDisplayManager: MotoDisplayCallback requestScreenOff
04-20 20:19:53.935  2300  2300 I MotoDisplay: Acquiring partial wakelock MotoDisplayWakeLock for 500ms.
04-20 20:19:53.938  2300  2300 I MotoDisplay: Releasing wakelock: MotoDisplayWakeLock
04-20 20:19:53.946  1743  1782 I DisplayPowerController: Blocking screen off
04-20 20:19:53.947  1743  1782 I DisplayPowerController: Unblocked screen off after 1 ms
04-20 20:19:53.965  1743  1782 I WindowManager: Screen turned off...
04-20 20:19:53.971  2498  2498 D QtiCarrierConfigHelper: WARNING, no carrier configs on phone Id: 0
04-20 20:19:53.989  1743  1782 V DisplayPowerController: Brightness [0] reason changing to: 'screen_off', previous reason: 'doze'.
04-20 20:19:53.991  1743  1765 I DisplayManagerService: Display device changed state: "Built-in Screen", OFF
04-20 20:19:53.994   871   871 D SurfaceFlinger: Setting power mode 0 on display 0
04-20 20:19:53.995   817  1190 I SDM     : DisplayBase::SetDisplayState: Set state = 0, display 0
04-20 20:19:54.005  2308  2308 D StatusBar: disable<e i a s b H R c s > disable2<q i n >
04-20 20:19:54.006  2308  2308 D StatusBar: disable<e i a s b H R c s > disable2<q i n >
04-20 20:19:54.008  2619  2690 I QcrilOemhookMsgTunnel: [0]processOemHookResponse serial no: -1 error: 0length=1
04-20 20:19:54.009  2619  2690 E QcrilOemhookMsgTunnel: [0]Unexpected serial number in solicited response!serial: -1 error: 0
04-20 20:19:54.011  2308  2308 D StatusBar: disable<e i a s b H R c s > disable2<q i n >
04-20 20:19:54.012  2308  2308 D StatusBar: disable<e i a s b H R c s > disable2<q i n >
04-20 20:19:54.118     0     0 W swapper/0: type=1400 audit(0.0:958): avc: denied { kill } for uid=0 capability=5 scontext=u:r:kernel:s0 tcontext=u:r:kernel:s0 tclass=capability permissive=0
04-20 20:19:54.252   871   871 D SurfaceFlinger: Finished setting power mode 0 on display 0
04-20 20:19:59.109  1743  2059 D BatteryService: uevent={POWER_SUPPLY_DP_DM=0, POWER_SUPPLY_VOLTAGE_NOW=4233938, POWER_SUPPLY_SW_JEITA_ENABLED=0, POWER_SUPPLY_CHARGE_CONTROL_LIMIT_MAX=8, POWER_SUPPLY_RECHARGE_SOC=99, POWER_SUPPLY_HEALTH=Good, POWER_SUPPLY_TECHNOLOGY=Li-ion, POWER_SUPPLY_FCC_STEPPER_ENABLE=0, SEQNUM=22118, POWER_SUPPLY_INPUT_CURRENT_LIMITED=0, POWER_SUPPLY_CHARGE_CONTROL_LIMIT=0, POWER_SUPPLY_BATTERY_CHARGING_ENABLED=1, POWER_SUPPLY_STATUS=Discharging, POWER_SUPPLY_CYCLE_COUNT=6, POWER_SUPPLY_CURRENT_MAX=2000000, POWER_SUPPLY_CHARGE_TERM_CURRENT=-101, POWER_SUPPLY_CAPACITY=90, DEVPATH=/devices/platform/soc/200f000.qcom,spmi/spmi-0/spmi0-02/200f000.qcom,spmi:qcom,pmi632@2:qcom,qpnp-smb5/power_supply/battery, POWER_SUPPLY_CHARGE_DONE=0, POWER_SUPPLY_CHARGE_TYPE=N/A, POWER_SUPPLY_CHARGE_RATE=None, POWER_SUPPLY_CURRENT_NOW=-62713, POWER_SUPPLY_SYSTEM_TEMP_LEVEL=0, POWER_SUPPLY_PRESENT=1, POWER_SUPPLY_PARALLEL_DISABLE=0, POWER_SUPPLY_CHARGE_FULL=3505000, SUBSYSTEM=power_supply, POWER_SUPPLY_SET_SHIP_MODE=0, POWER_SUPPLY_TEMP=257, ACTION=change, POWER_SUPPLY_RERUN_AICL=0, POWER_SUPPLY_AGE=97, POWER_SUPPLY_NAME=battery, POWER_SUPPLY_VOLTAGE_MAX=-22, POWER_SUPPLY_CONSTANT_CHARGE_CURRENT_MAX=2000000, POWER_SUPPLY_CHARGE_COUNTER=3119450, POWER_SUPPLY_STEP_CHARGING_ENABLED=0, POWER_SUPPLY_NUM_SYSTEM_TEMP_LEVELS=8, POWER_SUPPLY_DIE_HEALTH=Hot, POWER_SUPPLY_INPUT_SUSPEND=0}
04-20 20:19:59.120  2498  2498 D QtiCarrierConfigHelper: WARNING, no carrier configs on phone Id: 0
04-20 20:20:02.194  1743  1771 W ProcessCpuTracker: Failed to stat(/proc/5306): android.system.ErrnoException: stat failed: ENOENT (No such file or directory)
04-20 20:20:02.195  1743  1771 W ProcessCpuTracker: Skipping unknown process pid 5306
04-20 20:20:13.116     0     0 W swapper/0: type=1400 audit(0.0:959): avc: denied { kill } for uid=0 capability=5 scontext=u:r:kernel:s0 tcontext=u:r:kernel:s0 tclass=capability permissive=0
04-20 20:20:14.066  1743  2389 I chatty  : uid=1000(system) Binder:1743_7 expire 11 lines
04-20 20:20:24.526 24895  5355 I chatty  : uid=10156(com.google.android.gms) expire 2 lines
04-20 20:20:26.062  2300  2300 I MotoDisplay: Acquiring partial wakelock MotoDisplayWakeLock for 500ms.
04-20 20:20:26.066  2300  2300 I MotoDisplay: Start logging time for trigger Type: GLANCE_GESTURE GlanceType: GLANCE_GESTURE_UNSTOWED
04-20 20:20:26.066  2300  2300 I MotoDisplay: Glance Sensor Event Gesture Type: 1
04-20 20:20:26.066  2300  2300 I MotoDisplay: pulse - trigger: Type: GLANCE_GESTURE GlanceType: GLANCE_GESTURE_UNSTOWED is pulsing: false is paused: false
04-20 20:20:26.067  2300  2300 I MotoDisplay: Acquiring partial wakelock MotoDisplayWakeLock for 500ms.
04-20 20:20:26.085  2300  2300 I MotoDisplay: isPulseAllowed: true
04-20 20:20:26.114  2300  2300 I MotoDisplay: Animations disabled: false
04-20 20:20:26.115  2308  4526 I MotoDisplayManager: MotoDisplayCallback triggerVirtualSensor
04-20 20:20:26.127   804  1692 W qti_sensors_hal: reportSingleEvent: NearBy 0, pData 3018,  highThd 5001
04-20 20:20:26.152  2498  2498 D QtiCarrierConfigHelper: WARNING, no carrier configs on phone Id: 0
04-20 20:20:26.152  1743  1782 I DisplayPowerController: Blocking screen on until initial contents have been drawn.
04-20 20:20:26.152  1743  1782 I WindowManager: Screen turning on...
04-20 20:20:26.153  2308  2328 V KeyguardViewMediator: notifyDrawn
04-20 20:20:26.153  1743  2389 D WindowManager: mKeyguardDelegate.ShowListener.onDrawn.
04-20 20:20:26.153  1743  1763 W WindowManager: Setting mKeyguardDrawComplete
04-20 20:20:26.173  1743  1782 V DisplayPowerController: Brightness [23] reason changing to: 'doze', previous reason: 'screen_off'.
04-20 20:20:26.174   871   871 D SurfaceFlinger: Setting power mode 2 on display 0
04-20 20:20:26.174  1743  1765 I DisplayManagerService: Display device changed state: "Built-in Screen", ON
04-20 20:20:26.183   817   817 I SDM     : DisplayBase::SetDisplayState: Set state = 1, display 0
04-20 20:20:26.185   804  1692 W qti_sensors_hal: reportSingleEvent: NearBy 0, pData 3018,  highThd 5001
04-20 20:20:26.191  2619  2690 I QcrilOemhookMsgTunnel: [0]processOemHookResponse serial no: -1 error: 0length=1
04-20 20:20:26.191  2619  2690 E QcrilOemhookMsgTunnel: [0]Unexpected serial number in solicited response!serial: -1 error: 0
04-20 20:20:26.192  2308  2581 I MotoDisplayManager: MotoDisplayCallback setScreenBrightness<brightness>30
04-20 20:20:26.208   804  1081 W qti_sensors_hal: processReportInd: lux: 9, ch0: 34, ch1: 14
04-20 20:20:26.209   804  1692 W qti_sensors_hal: reportSingleEvent: NearBy 0, pData 3018,  highThd 5001
04-20 20:20:26.212  2300  2300 I MotoDisplay: Time elapsed since sensor trigger Type: GLANCE_GESTURE GlanceType: GLANCE_GESTURE_UNSTOWED is 146 ms
04-20 20:20:26.213  2308  2581 I MotoDisplayManager: MotoDisplayCallback setScreenBrightness<brightness>23
04-20 20:20:26.229  1743  1765 I WindowManager: All windows ready for display!
04-20 20:20:26.229  1743  1763 W WindowManager: Setting mWindowManagerDrawComplete
04-20 20:20:26.229  1743  1782 I DisplayPowerController: Unblocked screen on after 77 ms
04-20 20:20:26.232  2300  2300 I MotoDisplay: Animations disabled: false
04-20 20:20:26.489   871   871 D SurfaceFlinger: Finished setting power mode 2 on display 0
04-20 20:20:26.705   804  1081 W qti_sensors_hal: processReportInd: lux: 20, ch0: 74, ch1: 14
04-20 20:20:26.829   804  1081 W qti_sensors_hal: processReportInd: lux: 25, ch0: 93, ch1: 14
04-20 20:20:28.944  2308  2581 I MotoDisplayManager: MotoDisplayCallback setScreenBrightness<brightness>0
04-20 20:20:29.727  2308  2308 W View    : requestLayout() improperly called by com.android.systemui.statusbar.HeadsUpStatusBarView{53e8307 I.E...... ......ID 0,0-248,56 #7f0a01f7 app:id/heads_up_status_bar_view} during layout: running second layout pass
04-20 20:20:30.145  2300  2300 I MotoDisplay: Request System UI to turn display OFF.
04-20 20:20:30.145  2308  2736 I MotoDisplayManager: MotoDisplayCallback requestScreenOff
04-20 20:20:30.147  2300  2300 I MotoDisplay: Acquiring partial wakelock MotoDisplayWakeLock for 500ms.
04-20 20:20:30.150  2300  2300 I MotoDisplay: Releasing wakelock: MotoDisplayWakeLock
04-20 20:20:30.158  1743  1782 I DisplayPowerController: Blocking screen off
04-20 20:20:30.158  1743  1782 I DisplayPowerController: Unblocked screen off after 0 ms
04-20 20:20:30.182  1743  1782 I WindowManager: Screen turned off...
04-20 20:20:30.186  2498  2498 D QtiCarrierConfigHelper: WARNING, no carrier configs on phone Id: 0
04-20 20:20:30.211  1743  1782 V DisplayPowerController: Brightness [0] reason changing to: 'screen_off', previous reason: 'doze'.
04-20 20:20:30.213  1743  1765 I DisplayManagerService: Display device changed state: "Built-in Screen", OFF
04-20 20:20:30.213   871   871 D SurfaceFlinger: Setting power mode 0 on display 0
04-20 20:20:30.214   817   895 I SDM     : DisplayBase::SetDisplayState: Set state = 0, display 0
04-20 20:20:30.226  2308  2308 D StatusBar: disable<e i a s b H R c s > disable2<q i n >
04-20 20:20:30.227  2308  2308 D StatusBar: disable<e i a s b H R c s > disable2<q i n >
04-20 20:20:30.227  2619  2690 I QcrilOemhookMsgTunnel: [0]processOemHookResponse serial no: -1 error: 0length=1
04-20 20:20:30.227  2619  2690 E QcrilOemhookMsgTunnel: [0]Unexpected serial number in solicited response!serial: -1 error: 0
04-20 20:20:30.228  2308  2308 D StatusBar: disable<e i a s b H R c s > disable2<q i n >
04-20 20:20:30.229  2308  2308 D StatusBar: disable<e i a s b H R c s > disable2<q i n >
04-20 20:20:30.469   871   871 D SurfaceFlinger: Finished setting power mode 0 on display 0
04-20 20:20:31.606  1743  3384 I chatty  : uid=1000(system) Binder:1743_B expire 14 lines
04-20 20:20:36.050  1743  2059 D BatteryService: uevent={POWER_SUPPLY_DP_DM=0, POWER_SUPPLY_VOLTAGE_NOW=4216226, POWER_SUPPLY_SW_JEITA_ENABLED=0, POWER_SUPPLY_CHARGE_CONTROL_LIMIT_MAX=8, POWER_SUPPLY_RECHARGE_SOC=99, POWER_SUPPLY_HEALTH=Good, POWER_SUPPLY_TECHNOLOGY=Li-ion, POWER_SUPPLY_FCC_STEPPER_ENABLE=0, SEQNUM=22885, POWER_SUPPLY_INPUT_CURRENT_LIMITED=0, POWER_SUPPLY_CHARGE_CONTROL_LIMIT=0, POWER_SUPPLY_BATTERY_CHARGING_ENABLED=1, POWER_SUPPLY_STATUS=Discharging, POWER_SUPPLY_CYCLE_COUNT=6, POWER_SUPPLY_CURRENT_MAX=2000000, POWER_SUPPLY_CHARGE_TERM_CURRENT=-101, POWER_SUPPLY_CAPACITY=90, DEVPATH=/devices/platform/soc/200f000.qcom,spmi/spmi-0/spmi0-02/200f000.qcom,spmi:qcom,pmi632@2:qcom,qpnp-smb5/power_supply/battery, POWER_SUPPLY_CHARGE_DONE=0, POWER_SUPPLY_CHARGE_TYPE=N/A, POWER_SUPPLY_CHARGE_RATE=None, POWER_SUPPLY_CURRENT_NOW=-211944, POWER_SUPPLY_SYSTEM_TEMP_LEVEL=0, POWER_SUPPLY_PRESENT=1, POWER_SUPPLY_PARALLEL_DISABLE=0, POWER_SUPPLY_CHARGE_FULL=3505000, SUBSYSTEM=power_supply, POWER_SUPPLY_SET_SHIP_MODE=0, POWER_SUPPLY_TEMP=258, ACTION=change, POWER_SUPPLY_RERUN_AICL=0, POWER_SUPPLY_AGE=97, POWER_SUPPLY_NAME=battery, POWER_SUPPLY_VOLTAGE_MAX=-22, POWER_SUPPLY_CONSTANT_CHARGE_CURRENT_MAX=2000000, POWER_SUPPLY_CHARGE_COUNTER=3119450, POWER_SUPPLY_STEP_CHARGING_ENABLED=0, POWER_SUPPLY_NUM_SYSTEM_TEMP_LEVELS=8, POWER_SUPPLY_DIE_HEALTH=Hot, POWER_SUPPLY_INPUT_SUSPEND=0}
04-20 20:20:36.058  2498  2498 D QtiCarrierConfigHelper: WARNING, no carrier configs on phone Id: 0
04-20 20:20:45.757  2498  2498 D QtiCarrierConfigHelper: WARNING, no carrier configs on phone Id: 0
04-20 20:20:47.269  1743  3384 I chatty  : uid=1000(system) Binder:1743_B expire 5 lines
04-20 20:20:48.520   469   469 W ueventd : type=1400 audit(0.0:960): avc: denied { kill } for uid=0 capability=5 scontext=u:r:ueventd:s0 tcontext=u:r:ueventd:s0 tclass=capability permissive=0
04-20 20:20:52.164  1743  3384 I BatteryStatsService: In wakeup_callback: resumed from suspend
04-20 20:20:52.385  1743  3384 I BatteryStatsService: In wakeup_callback: suspend aborted
04-20 20:20:53.041  1743  1760 W AppOps  : Noting op not finished: uid 10156 pkg com.google.android.gms code 79 time=1618964392938 duration=0
04-20 20:20:53.044  1743  1760 W AppOps  : Noting op not finished: uid 10156 pkg com.google.android.gms code 79 time=1618964453041 duration=0
04-20 20:20:53.049  1743  3384 W AppOps  : Noting op not finished: uid 10156 pkg com.google.android.gms code 79 time=1618964453044 duration=0
04-20 20:20:53.054  1743  3384 W AppOps  : Noting op not finished: uid 10156 pkg com.google.android.gms code 79 time=1618964453049 duration=0
04-20 20:20:53.091 22073  5421 I chatty  : uid=10156 com.google.android.gms.persistent expire 1 line
04-20 20:20:53.173 22073 22091 I chatty  : uid=10156(com.google.android.gms) HeapTaskDaemon expire 2 lines
04-20 20:20:54.900  1743 11968 I BatteryStatsService: In wakeup_callback: resumed from suspend
04-20 20:20:55.812  1743 11968 I BatteryStatsService: In wakeup_callback: resumed from suspend
04-20 20:20:56.205  1743 11968 I BatteryStatsService: In wakeup_callback: suspend aborted
04-20 20:20:57.079  1743 11968 I BatteryStatsService: In wakeup_callback: resumed from suspend
04-20 20:20:57.237  1743 11968 I BatteryStatsService: In wakeup_callback: suspend aborted
04-20 20:20:57.602  1743 11968 I BatteryStatsService: In wakeup_callback: suspend aborted
04-20 20:20:58.925  1743 11968 I BatteryStatsService: In wakeup_callback: resumed from suspend
04-20 20:20:59.387  1743 11968 I BatteryStatsService: In wakeup_callback: suspend aborted
04-20 20:21:00.765  1743 11968 I BatteryStatsService: In wakeup_callback: resumed from suspend
04-20 20:21:03.019  1743  2059 D BatteryService: uevent={POWER_SUPPLY_DP_DM=0, POWER_SUPPLY_VOLTAGE_NOW=4236858, POWER_SUPPLY_SW_JEITA_ENABLED=0, POWER_SUPPLY_CHARGE_CONTROL_LIMIT_MAX=8, POWER_SUPPLY_RECHARGE_SOC=99, POWER_SUPPLY_HEALTH=Good, POWER_SUPPLY_TECHNOLOGY=Li-ion, POWER_SUPPLY_FCC_STEPPER_ENABLE=0, SEQNUM=23500, POWER_SUPPLY_INPUT_CURRENT_LIMITED=0, POWER_SUPPLY_CHARGE_CONTROL_LIMIT=0, POWER_SUPPLY_BATTERY_CHARGING_ENABLED=1, POWER_SUPPLY_STATUS=Discharging, POWER_SUPPLY_CYCLE_COUNT=6, POWER_SUPPLY_CURRENT_MAX=2000000, POWER_SUPPLY_CHARGE_TERM_CURRENT=-101, POWER_SUPPLY_CAPACITY=90, DEVPATH=/devices/platform/soc/200f000.qcom,spmi/spmi-0/spmi0-02/200f000.qcom,spmi:qcom,pmi632@2:qcom,qpnp-smb5/power_supply/battery, POWER_SUPPLY_CHARGE_DONE=0, POWER_SUPPLY_CHARGE_TYPE=N/A, POWER_SUPPLY_CHARGE_RATE=None, POWER_SUPPLY_CURRENT_NOW=-6103, POWER_SUPPLY_SYSTEM_TEMP_LEVEL=0, POWER_SUPPLY_PRESENT=1, POWER_SUPPLY_PARALLEL_DISABLE=0, POWER_SUPPLY_CHARGE_FULL=3505000, SUBSYSTEM=power_supply, POWER_SUPPLY_SET_SHIP_MODE=0, POWER_SUPPLY_TEMP=257, ACTION=change, POWER_SUPPLY_RERUN_AICL=0, POWER_SUPPLY_AGE=97, POWER_SUPPLY_NAME=battery, POWER_SUPPLY_VOLTAGE_MAX=-22, POWER_SUPPLY_CONSTANT_CHARGE_CURRENT_MAX=2000000, POWER_SUPPLY_CHARGE_COUNTER=3119450, POWER_SUPPLY_STEP_CHARGING_ENABLED=0, POWER_SUPPLY_NUM_SYSTEM_TEMP_LEVELS=8, POWER_SUPPLY_DIE_HEALTH=Hot, POWER_SUPPLY_INPUT_SUSPEND=0}
04-20 20:21:02.017  1743 11968 I BatteryStatsService: In wakeup_callback: resumed from suspend
04-20 20:21:03.040  2498  2498 D QtiCarrierConfigHelper: WARNING, no carrier configs on phone Id: 0
04-20 20:21:03.059  1743 11968 I BatteryStatsService: In wakeup_callback: resumed from suspend
04-20 20:21:03.262  1743 11968 I BatteryStatsService: In wakeup_callback: suspend aborted
04-20 20:21:03.533  1743 11968 I BatteryStatsService: In wakeup_callback: suspend aborted
04-20 20:21:05.069  1743  6519 I BatteryStatsService: In wakeup_callback: resumed from suspend
04-20 20:21:08.749  1743  6519 I BatteryStatsService: In wakeup_callback: resumed from suspend
04-20 20:21:09.202  1743  6519 I BatteryStatsService: In wakeup_callback: suspend aborted
04-20 20:21:10.289  1743  6519 I BatteryStatsService: In wakeup_callback: resumed from suspend
04-20 20:21:10.768  1743  6519 I BatteryStatsService: In wakeup_callback: suspend aborted
04-20 20:21:12.150  1743  6519 I BatteryStatsService: In wakeup_callback: resumed from suspend
04-20 20:21:16.808  1743  2157 I PowerManagerService: Waking up from Dozing (uid=1000, reason=WAKE_REASON_POWER_BUTTON, details=android.policy:POWER)...
04-20 20:21:16.809  1743  1743 W UsageStatsService: Event reported without a package name, eventType:15
04-20 20:21:16.746  1743  6519 I BatteryStatsService: In wakeup_callback: resumed from suspend
04-20 20:21:16.810   822   822 I QTI PowerHAL: Got set_interactive hint
04-20 20:21:16.811   822   822 I QTI PowerHAL: Got set_interactive hint on= 1, count= 17
04-20 20:21:16.811   822   822 E QTI PowerHAL: Error opening /sys/kernel/hbtp/display_pwr: No such file or directory
04-20 20:21:16.820  1743  1782 I DisplayPowerController: Blocking screen on until initial contents have been drawn.
04-20 20:21:16.820  1743  1782 I WindowManager: Screen turning on...
04-20 20:21:16.821  1743  1743 I WindowManager: Started waking up... (why=ON_BECAUSE_OF_USER)
04-20 20:21:16.825  2308  2581 V KeyguardViewMediator: notifyDrawn
04-20 20:21:16.825  1743  6519 D WindowManager: mKeyguardDelegate.ShowListener.onDrawn.
04-20 20:21:16.826  2300  2300 I MotoDisplay: Request System UI to turn display ON.
04-20 20:21:16.826  2308  2581 I MotoDisplayManager: MotoDisplayCallback requestHide
04-20 20:21:16.829  1743  1763 W WindowManager: Setting mKeyguardDrawComplete
04-20 20:21:16.832  2498  2498 D QtiCarrierConfigHelper: WARNING, no carrier configs on phone Id: 0
04-20 20:21:16.844  1743  1782 V DisplayPowerController: Brightness [53] reason changing to: 'manual', previous reason: 'screen_off'.
04-20 20:21:16.844  2308  2308 I MotoDisplayManager: mMotoDisplayService.hide com.android.systemui.doze.IMotoDisplay$Stub$Proxy@3790953
04-20 20:21:16.846  1743  1765 I DisplayManagerService: Display device changed state: "Built-in Screen", ON
04-20 20:21:16.846   804  1081 W qti_sensors_hal: processReportInd: lux: 16, ch0: 60, ch1: 14
04-20 20:21:16.847  2290  2575 I chatty  : uid=1002(bluetooth) BluetoothScanMa expire 46 lines
04-20 20:21:16.848   871   871 D SurfaceFlinger: Setting power mode 2 on display 0
04-20 20:21:16.848   817   895 I SDM     : DisplayBase::SetDisplayState: Set state = 1, display 0
04-20 20:21:16.858   804  1692 W qti_sensors_hal: reportSingleEvent: NearBy 0, pData 886,  highThd 5001
04-20 20:21:16.859  2619  2690 I QcrilOemhookMsgTunnel: [0]processOemHookResponse serial no: -1 error: 0length=1
04-20 20:21:16.859  2619  2690 E QcrilOemhookMsgTunnel: [0]Unexpected serial number in solicited response!serial: -1 error: 0
04-20 20:21:16.861  1743  1782 V DisplayPowerController: Brightness [47] reason changing to: 'automatic', previous reason: 'manual'.
04-20 20:21:16.862  1743  1743 V SettingsProvider: Notifying for 0: content://settings/system/screen_brightness
04-20 20:21:16.862  7126  7126 W Settings: Setting data_roaming has moved from android.provider.Settings.Secure to android.provider.Settings.Global.
04-20 20:21:16.863  3268  3268 W Settings: Setting data_roaming has moved from android.provider.Settings.Secure to android.provider.Settings.Global.
04-20 20:21:16.865 26333 26333 E FitnessUtil: accessGoogleFit
04-20 20:21:16.866 26333 26333 D FitnessUtil: activity not found, set pIntent = null
04-20 20:21:16.867  7384  7384 D MCLOG   : [MC_Service] onStartcommand()
04-20 20:21:16.871  2308  2308 D StatusBar: disable<e i a s b H R c s > disable2<q i n >
04-20 20:21:16.872  2308  2308 D StatusBar: disable<e i a s b H R c s > disable2<q i n >
04-20 20:21:16.872  2308  2308 D StatusBar: updateQsExpansionEnabled - QS Expand enabled: true
04-20 20:21:16.883  2308  2308 D StatusBar: updateQsExpansionEnabled - QS Expand enabled: true
04-20 20:21:16.883  2308  2308 W MotoDisplayManager: can't hide: mMotoDisplayService has been null
04-20 20:21:16.884  7384  7427 D Checkin : publish the event [tag = MOT_DEVICE_STATS_L1 event name = SettingLogs]
04-20 20:21:16.892  1743  1743 V SettingsProvider: Notifying for 0: content://settings/secure/reminder_exp_learning_time_elapsed
04-20 20:21:16.970   804  1081 W qti_sensors_hal: processReportInd: lux: 23, ch0: 84, ch1: 14
04-20 20:21:16.991  2498  2530 W m.android.phon: Reducing the number of considered missed Gc histogram windows from 415 to 100
04-20 20:21:17.000  2498  2532 W System  : A resource failed to call end. 
04-20 20:21:17.145  1743  1763 I WindowManager: Suppressed redundant power key press while already in the process of turning the screen on.
04-20 20:21:17.146   871   871 D SurfaceFlinger: Finished setting power mode 2 on display 0
04-20 20:21:17.146  1743  2281 D SurfaceControl: Excessive delay in setPowerMode()
04-20 20:21:17.149  1743  1760 V WindowManager: Changing focus from Window{cd2b4af u0 AOD} to Window{5003006 u0 StatusBar} displayId=0
04-20 20:21:17.150  2300  2300 I MotoDisplay: onDestroy
04-20 20:21:17.150  2300  2300 I MotoDisplay: Releasing wakelock: MotoDisplayWakeLock
04-20 20:21:17.153  2300  2300 I MotoDisplay: finishScreen
04-20 20:21:17.153  2300  2300 I MotoDisplay: onDestroy
04-20 20:21:17.157  2308  2308 W View    : requestLayout() improperly called by com.android.systemui.statusbar.HeadsUpStatusBarView{53e8307 I.E...... ......ID 0,0-248,56 #7f0a01f7 app:id/heads_up_status_bar_view} during layout: running second layout pass
04-20 20:21:17.163   807   884 D audio_hw_primary: adev_set_parameters: enter: screen_state=on
04-20 20:21:17.163   807   884 V msm8974_platform: platform_set_parameters: enter: screen_state=on
04-20 20:21:17.163   807   884 V msm8974_platform: platform_set_parameters: exit with code(0)
04-20 20:21:17.189  1743  1766 I WindowManager:   SURFACE show Surface(name=NavigationBar0)/@0xd67b41a on display:0: NavigationBar0
04-20 20:21:17.194  2498  3014 E PhoneInterfaceManager: [PhoneIntfMgr] getCarrierPrivilegeStatus: No UICC
04-20 20:21:17.196  1743  1765 I WindowManager: All windows ready for display!
04-20 20:21:17.196  1743  1763 W WindowManager: Setting mWindowManagerDrawComplete
04-20 20:21:17.197  2760  3682 I CarrierServices: [98] car.a: FiST: Wifi connectivity status true
04-20 20:21:17.199  2760  3682 I CarrierServices: [98] cay.d: Connected state: [1], networkType: [WIFI]
04-20 20:21:17.199  2760  4166 I CarrierServices: [126] chy.a: (PEv2-SM): DisabledState: event Connectivity event
04-20 20:21:17.199  2760  4171 I CarrierServices: [128] awv.handleMessage: RCS is disabled, skipping config update request
04-20 20:21:17.200  1743  1782 I DisplayPowerController: Unblocked screen on after 380 ms
04-20 20:21:17.201  1743  1782 W PowerManagerService: Screen on took 546 ms
04-20 20:21:17.201  1743  1782 I DreamManagerService: Gently waking up from dream.
04-20 20:21:17.201  1743  1762 I DreamManagerService: Performing gentle wake from dream.
04-20 20:21:17.204  1743  3398 I DreamManagerService: Leaving dreamland.
04-20 20:21:17.205  2447  3303 D QCNEJ/WlanStaInfoRelay: Received action: android.net.wifi.RSSI_CHANGED
04-20 20:21:17.205  2447  3303 I QCNEJ/NativeHalConnector: -> SND notifyWlanStaStatusChanged([WlanStaInfo]: wifiSwitchState = 1 rssi = -50 ssid = Jasmine bssid = b0:39:56:5a:37:40 dnsInfo = 192.168.1.1;0.0.0.0;0.0.0.0;0.0.0.0; freqBand = _2GHz countryCode = us[RatInfo]: networkType = 1 subType = 101 networkState = CONNECTED netHdl = 432902426637 ipAddrV4 = 192.168.1.66 ipAddrV6 =  ifNameV4 = wlan0 ifNameV6 =  slotIdx = 0 isAndroidValidated = true) timeStamp = 2021-04-20 20:21:17.205
04-20 20:21:17.205  1743  3384 D NotificationListeners: Disabling component com.motorola.motodisplay/.notification.DisplayNotifListenerService
04-20 20:21:17.206  2498  3014 E PhoneInterfaceManager: [PhoneIntfMgr] getCarrierPrivilegeStatus: No UICC
04-20 20:21:17.207  1743  1762 I DreamManagerService: Performing gentle wake from dream.
04-20 20:21:17.207  1743  1762 I DreamController: Stopping dream: name=ComponentInfo{com.android.systemui/com.android.systemui.doze.DozeService}, isTest=false, canDoze=true, userId=0
04-20 20:21:17.209  1743  1743 I WindowManager: Finished waking up... (why=ON_BECAUSE_OF_USER)
04-20 20:21:17.209  1743  1743 W AlarmManager: Unrecognized alarm listener com.android.server.job.controllers.idle.-$$Lambda$DeviceIdlenessTracker$-H1-ZwZAJ-vh10A0PeYXaZLj_R0@a1a63d
04-20 20:21:17.219  2300  2300 I MotoDisplay: onListenerDisconnected - DisplayNotifListenerService
04-20 20:21:17.219   871  1015 E HWComposer: getDisplayedContentSamplingAttributes: getDisplayedContentSamplingAttributes failed for display 0: Unsupported (8)
04-20 20:21:17.230  1743  1766 I WindowManager:   SURFACE show Surface(name=com.android.systemui.ImageWallpaper)/@0x9fa98f on display:0: com.android.systemui.ImageWallpaper
04-20 20:21:17.237  2946  2946 I DeviceStatusMonitor: DeviceStatusMonitor$1.onReceive():48 onReceive() : Action = android.intent.action.SCREEN_ON
04-20 20:21:17.281  1743  3398 D WificondControl: Scan result ready event
04-20 20:21:17.291 22073  3997 I chatty  : uid=10156 com.google.android.gms.persistent expire 11 lines
04-20 20:21:17.293 26114 26164 W WorkController: Loading failed for worker [trainingcache]: worker not found
04-20 20:21:17.294 26114 26193 W ServiceWorker: TrainingCache cache SCREEN_ON failure
04-20 20:21:17.294 26114 26193 W ServiceWorker: com.google.android.apps.gsa.search.core.service.h.a.a: No worker found for Worker ID [trainingcache].
04-20 20:21:17.294 26114 26193 W ServiceWorker: 	at com.google.android.apps.gsa.search.core.service.g.a.c.a(SourceFile:7)
04-20 20:21:17.294 26114 26193 W ServiceWorker: 	at com.google.android.libraries.gsa.l.a.n.a(SourceFile:2)
04-20 20:21:17.294 26114 26193 W ServiceWorker: 	at com.google.common.v.a.dn.b(SourceFile:7)
04-20 20:21:17.294 26114 26193 W ServiceWorker: 	at com.google.common.v.a.ch.run(SourceFile:12)
04-20 20:21:17.294 26114 26193 W ServiceWorker: 	at com.google.common.v.a.dp.run(SourceFile:10)
04-20 20:21:17.294 26114 26193 W ServiceWorker: 	at com.google.apps.tiktok.concurrent.au.run(SourceFile:2)
04-20 20:21:17.294 26114 26193 W ServiceWorker: 	at java.util.concurrent.ThreadPoolExecutor.runWorker(ThreadPoolExecutor.java:1167)
04-20 20:21:17.294 26114 26193 W ServiceWorker: 	at java.util.concurrent.ThreadPoolExecutor$Worker.run(ThreadPoolExecutor.java:641)
04-20 20:21:17.294 26114 26193 W ServiceWorker: 	at com.google.apps.tiktok.concurrent.f.run(SourceFile:4)
04-20 20:21:17.294 26114 26193 W ServiceWorker: 	at java.lang.Thread.run(Thread.java:919)
04-20 20:21:17.295 22073 22252 I chatty  : uid=10156(com.google.android.gms) NearbyDirectMai expire 6 lines
04-20 20:21:17.307 22073 22073 I chatty  : uid=10156 com.google.android.gms.persistent expire 11 lines
04-20 20:21:18.712 26114 26194 I BistoDBWrapper: Close DB
04-20 20:21:19.261  7384  7384 D MCLOG   : [MC_Service] onStartcommand()
04-20 20:21:19.365   720  2381 I netd    : trafficSwapActiveStatsMap() <48.02ms>
04-20 20:21:19.369   720  2381 I netd    : tetherGetStats() <1.95ms>
04-20 20:21:19.411   720  2381 I netd    : trafficSwapActiveStatsMap() <28.59ms>
04-20 20:21:19.416   720  2381 I netd    : tetherGetStats() <3.29ms>
04-20 20:21:19.460  3268  5484 E MCINTLOG: [MC_BattStatsFactory] Adding uid 0
04-20 20:21:19.460  3268  5484 E MCINTLOG: [MC_BattStatsFactory] Adding uid 1000
04-20 20:21:19.461  3268  5484 E MCINTLOG: [MC_BattStatsFactory] Adding uid 1001
04-20 20:21:19.461  3268  5484 E MCINTLOG: [MC_BattStatsFactory] Adding uid 1002
04-20 20:21:19.461  3268  5484 E MCINTLOG: [MC_BattStatsFactory] Adding uid 1007
04-20 20:21:19.461  3268  5484 E MCINTLOG: [MC_BattStatsFactory] Adding uid 1010
04-20 20:21:19.461  3268  5484 E MCINTLOG: [MC_BattStatsFactory] Adding uid 1013
04-20 20:21:19.461  3268  5484 E MCINTLOG: [MC_BattStatsFactory] Adding uid 1017
04-20 20:21:19.461  3268  5484 E MCINTLOG: [MC_BattStatsFactory] Adding uid 1020
04-20 20:21:19.461  3268  5484 E MCINTLOG: [MC_BattStatsFactory] Adding uid 1021
04-20 20:21:19.461  3268  5484 E MCINTLOG: [MC_BattStatsFactory] Adding uid 1036
04-20 20:21:19.461  3268  5484 E MCINTLOG: [MC_BattStatsFactory] Adding uid 1037
04-20 20:21:19.461  3268  5484 E MCINTLOG: [MC_BattStatsFactory] Adding uid 1040
04-20 20:21:19.461  3268  5484 E MCINTLOG: [MC_BattStatsFactory] Adding uid 1041
04-20 20:21:19.461  3268  5484 E MCINTLOG: [MC_BattStatsFactory] Adding uid 1046
04-20 20:21:19.461  3268  5484 E MCINTLOG: [MC_BattStatsFactory] Adding uid 1047
04-20 20:21:19.461  3268  5484 E MCINTLOG: [MC_BattStatsFactory] Adding uid 1051
04-20 20:21:19.461  3268  5484 E MCINTLOG: [MC_BattStatsFactory] Adding uid 1053
04-20 20:21:19.461  3268  5484 E MCINTLOG: [MC_BattStatsFactory] Adding uid 1066
04-20 20:21:19.461  3268  5484 E MCINTLOG: [MC_BattStatsFactory] Adding uid 1068
04-20 20:21:19.461  3268  5484 E MCINTLOG: [MC_BattStatsFactory] Adding uid 1069
04-20 20:21:19.461  3268  5484 E MCINTLOG: [MC_BattStatsFactory] Adding uid 1072
04-20 20:21:19.461  3268  5484 E MCINTLOG: [MC_BattStatsFactory] Adding uid 2000
04-20 20:21:19.461  3268  5484 E MCINTLOG: [MC_BattStatsFactory] Adding uid 2903
04-20 20:21:19.461  3268  5484 E MCINTLOG: [MC_BattStatsFactory] Adding uid 2906
04-20 20:21:19.461  3268  5484 E MCINTLOG: [MC_BattStatsFactory] Adding uid 5101
04-20 20:21:19.461  3268  5484 E MCINTLOG: [MC_BattStatsFactory] Adding uid 9999
04-20 20:21:19.461  3268  5484 E MCINTLOG: [MC_BattStatsFactory] Adding uid 10051
04-20 20:21:19.461  3268  5484 E MCINTLOG: [MC_BattStatsFactory] Adding uid 10053
04-20 20:21:19.461  3268  5484 E MCINTLOG: [MC_BattStatsFactory] Adding uid 10057
04-20 20:21:19.462  3268  5484 E MCINTLOG: [MC_BattStatsFactory] Adding uid 10059
04-20 20:21:19.462  3268  5484 E MCINTLOG: [MC_BattStatsFactory] Adding uid 10066
04-20 20:21:19.462  3268  5484 E MCINTLOG: [MC_BattStatsFactory] Adding uid 10068
04-20 20:21:19.462  3268  5484 E MCINTLOG: [MC_BattStatsFactory] Adding uid 10072
04-20 20:21:19.462  3268  5484 E MCINTLOG: [MC_BattStatsFactory] Adding uid 10074
04-20 20:21:19.462  3268  5484 E MCINTLOG: [MC_BattStatsFactory] Adding uid 10095
04-20 20:21:19.462  3268  5484 E MCINTLOG: [MC_BattStatsFactory] Adding uid 10105
04-20 20:21:19.462  3268  5484 E MCINTLOG: [MC_BattStatsFactory] Adding uid 10106
04-20 20:21:19.462  3268  5484 E MCINTLOG: [MC_BattStatsFactory] Adding uid 10107
04-20 20:21:19.462  3268  5484 E MCINTLOG: [MC_BattStatsFactory] Adding uid 10109
04-20 20:21:19.462  3268  5484 E MCINTLOG: [MC_BattStatsFactory] Adding uid 10112
04-20 20:21:19.462  3268  5484 E MCINTLOG: [MC_BattStatsFactory] Adding uid 10115
04-20 20:21:19.462  3268  5484 E MCINTLOG: [MC_BattStatsFactory] Adding uid 10118
04-20 20:21:19.462  3268  5484 E MCINTLOG: [MC_BattStatsFactory] Adding uid 10120
04-20 20:21:19.462  3268  5484 E MCINTLOG: [MC_BattStatsFactory] Adding uid 10122
04-20 20:21:19.462  3268  5484 E MCINTLOG: [MC_BattStatsFactory] Adding uid 10123
04-20 20:21:19.462  3268  5484 E MCINTLOG: [MC_BattStatsFactory] Adding uid 10129
04-20 20:21:19.462  3268  5484 E MCINTLOG: [MC_BattStatsFactory] Adding uid 10132
04-20 20:21:19.462  3268  5484 E MCINTLOG: [MC_BattStatsFactory] Adding uid 10140
04-20 20:21:19.462  3268  5484 E MCINTLOG: [MC_BattStatsFactory] Adding uid 10142
04-20 20:21:19.462  3268  5484 E MCINTLOG: [MC_BattStatsFactory] Adding uid 10152
04-20 20:21:19.462  3268  5484 E MCINTLOG: [MC_BattStatsFactory] Adding uid 10155
04-20 20:21:19.462  3268  5484 E MCINTLOG: [MC_BattStatsFactory] Adding uid 10156
04-20 20:21:19.463  3268  5484 E MCINTLOG: [MC_BattStatsFactory] Adding uid 10157
04-20 20:21:19.463  3268  5484 E MCINTLOG: [MC_BattStatsFactory] Adding uid 10159
04-20 20:21:19.463  3268  5484 E MCINTLOG: [MC_BattStatsFactory] Adding uid 10165
04-20 20:21:19.463  3268  5484 E MCINTLOG: [MC_BattStatsFactory] Adding uid 10167
04-20 20:21:19.463  3268  5484 E MCINTLOG: [MC_BattStatsFactory] Adding uid 10170
04-20 20:21:19.463  3268  5484 E MCINTLOG: [MC_BattStatsFactory] Adding uid 10171
04-20 20:21:19.463  3268  5484 E MCINTLOG: [MC_BattStatsFactory] Adding uid 10172
04-20 20:21:19.463  3268  5484 E MCINTLOG: [MC_BattStatsFactory] Adding uid 10173
04-20 20:21:19.463  3268  5484 E MCINTLOG: [MC_BattStatsFactory] Adding uid 10176
04-20 20:21:19.463  3268  5484 E MCINTLOG: [MC_BattStatsFactory] Adding uid 10178
04-20 20:21:19.463  3268  5484 E MCINTLOG: [MC_BattStatsFactory] Adding uid 10179
04-20 20:21:19.463  3268  5484 E MCINTLOG: [MC_BattStatsFactory] Adding uid 10181
04-20 20:21:19.463  3268  5484 E MCINTLOG: [MC_BattStatsFactory] Adding uid 10193
04-20 20:21:19.463  3268  5484 E MCINTLOG: [MC_BattStatsFactory] Adding uid 10196
04-20 20:21:19.463  3268  5484 E MCINTLOG: [MC_BattStatsFactory] Adding uid 10197
04-20 20:21:19.463  3268  5484 E MCINTLOG: [MC_BattStatsFactory] Adding uid 10200
04-20 20:21:19.463  3268  5484 E MCINTLOG: [MC_BattStatsFactory] Adding uid 10204
04-20 20:21:19.463  3268  5484 E MCINTLOG: [MC_BattStatsFactory] Adding uid 10210
04-20 20:21:19.464  3268  5484 E MCINTLOG: [MC_BattStatsFactory] Adding uid 10211
04-20 20:21:19.464  3268  5484 E MCINTLOG: [MC_BattStatsFactory] Adding uid 10212
04-20 20:21:19.464  3268  5484 E MCINTLOG: [MC_BattStatsFactory] Adding uid 10213
04-20 20:21:19.464  3268  5484 E MCINTLOG: [MC_BattStatsFactory] Adding uid 10216
04-20 20:21:19.464  3268  5484 E MCINTLOG: [MC_BattStatsFactory] Adding uid 10217
04-20 20:21:19.464  3268  5484 E MCINTLOG: [MC_BattStatsFactory] Adding uid 50172
04-20 20:21:19.464  3268  5484 E MCINTLOG: [MC_BattStatsFactory] Adding uid 50200
04-20 20:21:19.464  3268  5484 E MCINTLOG: [MC_BattStatsFactory] Adding uid 50216
04-20 20:21:19.509  3268  3286 W System  : A resource failed to call close. 
04-20 20:21:21.468     0     0 W swapper/0: type=1400 audit(0.0:961): avc: denied { kill } for uid=0 capability=5 scontext=u:r:kernel:s0 tcontext=u:r:kernel:s0 tclass=capability permissive=0
04-20 20:21:23.316  2290  2348 I chatty  : uid=1002(bluetooth) BT Service Call expire 22 lines
04-20 20:21:23.363 22073 22238 I chatty  : uid=10156(com.google.android.gms) NearbyDiscovery expire 3 lines
04-20 20:21:24.725  2308  2308 I FalsingManagerPlugin: dX: -32.95424 dY: -72.95203 xV: -0.70160013 yV: -3.8848948
04-20 20:21:24.725  2308  2308 I FalsingManagerPlugin: Percent of gesture in proximity: 0.0
04-20 20:21:24.726  2308  2308 I FalsingManagerPlugin: com.android.systemui.classifier.brightline.ZigZagClassifier: true
04-20 20:21:24.727  2308  2308 I FalsingManagerPlugin: Percent of gesture in proximity: 0.0
04-20 20:21:24.728  2308  2308 I FalsingManagerPlugin: com.android.systemui.classifier.brightline.ZigZagClassifier: true
04-20 20:21:27.324  2308  2308 I FalsingManagerPlugin: dX: -152.78781 dY: -386.74554 xV: -1.1568928 yV: -2.7937095
04-20 20:21:27.325  2308  2308 I FalsingManagerPlugin: Percent of gesture in proximity: 0.0
04-20 20:21:27.783  1743  1772 I ActivityManager: Killing 31337:com.android.providers.calendar/u0a59 (adj 965): empty for 1803s
04-20 20:21:27.327  2308  2308 I FalsingManagerPlugin: Percent of gesture in proximity: 0.0
04-20 20:21:27.783  2308  2308 D KeyguardViewMediator: keyguardGoingAway
04-20 20:21:27.784  2308  2387 D KeyguardViewMediator: Call PhoneWindowManager's keyguardGoingAway
04-20 20:21:27.784  2308  2308 D StatusBar: disable<e i a s b H R c s > disable2<q i n >
04-20 20:21:27.784  1743  3384 D ActivityTaskManager: Top Process State changed to PROCESS_STATE_TOP
04-20 20:21:27.793  7384  7427 D MCLOG   : [MC_TriggerHelper] PauseResumeTrigger
04-20 20:21:27.818  3268  3268 D SlpcSystem: ProxRecalReceiver action: com.motorola.UNLOCK_SUCCESS
04-20 20:21:27.820  3268  3268 I android_os_HwBinder: HwBinder: Starting thread pool for getting: vendor.qti.hardware.sensorscalibrate@1.0::ISensorsCalibrate/default
04-20 20:21:27.820   847   847 D         : sensor calibrate begin
04-20 20:21:27.820   847   847 I ssc_calibrate: calibrate:103 calibrate!
04-20 20:21:27.825   847  5507 I ssc_calibrate: notify_data_cb:69 JNI_triggerProxRecal sensor1 responded
04-20 20:21:27.825   847   847 D         : s_result: true
04-20 20:21:27.832 26114 26114 E WalletClient: Account is null.
04-20 20:21:27.836   721   721 I Zygote  : Process 31337 exited due to signal 9 (Killed)
04-20 20:21:27.836 26114 26114 W StartupChecker: isConsentRequired: account expected, but not found. Cannot consent. Or is in signed out mode, don't need consent
04-20 20:21:27.836 26114 26114 W StartupChecker: isOmniconsentRequired: account expected, but not found. Cannot consent.
04-20 20:21:27.838 26114 26114 I OpaController: Starting session with NO_SESSION handover for contact
04-20 20:21:27.840  1743  1774 I libprocessgroup: Successfully killed process cgroup uid 10059 pid 31337 in 56ms
04-20 20:21:27.841 26114 26164 E PBSessionCacheImpl: sessionId[114852205552215709] not persisted.
04-20 20:21:27.844  1743 11968 D ActivityManager: makeInactive, ProcessRecord{820f415 31337:com.android.providers.calendar/u0a59}, clear holder.state
04-20 20:21:27.845 26114 26114 I BistoDBWrapper: Create DB
04-20 20:21:27.846 26114  4948 I PBSessionCacheImpl: Deleted sessionId[114852205552215709] from persistence.
04-20 20:21:27.847  7384  7384 D MCLOG   : [MC_Service] onStartcommand()
04-20 20:21:27.853 26114  4948 E sb.v.u.LiteSuggestSourc: On-device lite suggest model loading error.
04-20 20:21:27.859 26114 26186 W LocationOracle: No location history returned by ContextManager
04-20 20:21:27.866 26114 26114 I ValyrianChatAdapter: #onBindViewHolder: position 0
04-20 20:21:27.866 26114 26114 I ValyrianChatAdapter: onBindViewHolder: OUT OF CHAT ELEMENT BOUNDS, index = -1
04-20 20:21:27.870 26114 26164 I MicroDetectionState: Should stop hotword detection immediately - false
04-20 20:21:27.879 26114 26164 I MicroDetectionWorker: #startMicroDetector [speakerMode: 0]
04-20 20:21:27.882 26114 26164 I AudioController: Created new AudioSource
04-20 20:21:27.887  1743  1766 I WindowManager: Window drawn AppWindowToken{b9efa0d token=Token{b1f3ca4 ActivityRecord{6f91f37 u0 com.google.android.googlequicksearchbox/com.google.android.apps.gsa.staticplugins.opa.OpaActivity t18}}}
04-20 20:21:27.892 26114 26179 I MicroDataManager: isInitializing-false locale not changed-true model not changed-true
04-20 20:21:27.894 26114 26179 I MicroDataManager: Already initialized, obtaining the hotword data immediately.
04-20 20:21:27.894 26114 26179 I MicroDataManager: Obtaining new data for new params.
04-20 20:21:27.908 26114 26179 I tflite  : Initialized TensorFlow Lite runtime.
04-20 20:21:27.909 26114 26179 I MicroDataManager: Created a new hotword model for:
04-20 20:21:27.909 26114 26179 I MicroDataManager:  LOC: https://www.gstatic.com/android-search/hotword/x_google/7db96c566dbd33b2218d5799ec330d22/hotword.data SR: 16000 CC: 1
04-20 20:21:27.915  1743  1766 I WindowManager: Window drawn AppWindowToken{815d8f1 token=Token{f647898 ActivityRecord{fa6c27b u0 com.motorola.launcher3/com.android.launcher3.CustomizationPanelLauncher t4}}}
04-20 20:21:27.918  2308  2308 I KeyguardViewMediator: handleStartKeyguardExitAnimation startTime=4187093 fadeoutDuration=300
04-20 20:21:27.920  1743  1766 I WindowManager:   SURFACE show Surface(name=com.motorola.launcher3/com.android.launcher3.CustomizationPanelLauncher)/@0xb7c0ada on display:0: com.motorola.launcher3/com.android.launcher3.CustomizationPanelLauncher
04-20 20:21:27.920  1743  1766 I WindowManager:   SURFACE show Surface(name=com.google.android.googlequicksearchbox/com.google.android.apps.gsa.staticplugins.opa.OpaActivity)/@0xdbb3b0b on display:0: com.google.android.googlequicksearchbox/com.google.android.apps.gsa.staticplugins.opa.OpaActivity
04-20 20:21:27.921 26114  5514 I MicroRecognitionRunner: Starting detection.
04-20 20:21:27.921  2308  2308 D StatusBar: disable<e i a s b H R c s > disable2<q i n >
04-20 20:21:27.923 26114  5514 I InputStreamUtils: Using micInputStream
04-20 20:21:27.923  2308  2308 D StatusBar: updateQsExpansionEnabled - QS Expand enabled: true
04-20 20:21:27.923  2308  2308 W MotoDisplayManager: can't hide: mMotoDisplayService has been null
04-20 20:21:27.923 26114  4948 I MicrophoneInputStream: mic_starting  SR : 16000 CC : 16 SO : 1999
04-20 20:21:27.928   807   884 V msm8974_platform: platform_check_input_mask: enter check_input_mask source 6 mask 10
04-20 20:21:27.928   807   884 V msm8974_platform: platform_check_input_mask: enter check_input_mask source 6 mask 10
04-20 20:21:27.931   865  5517 I AudioFlinger: AudioFlinger's thread 0xaf3c7700 tid=5517 ready to run
04-20 20:21:27.931  1743  1743 V SettingsProvider: Notifying for 0: content://settings/secure/reminder_exp_learning_time_elapsed
04-20 20:21:27.935  2308  2308 D StatusBar: disable<e i a s b h!r!c s > disable2<q i n >
04-20 20:21:27.938   865   865 D AF::TrackHandle: OpPlayAudio: track:69 usage:13 not muted
04-20 20:21:27.939  2308  2387 I AudioTrack: createTrack_l(52): AUDIO_OUTPUT_FLAG_FAST successful; frameCount 0 -> 9065
04-20 20:21:27.940   865   865 D APM_AudioPolicyManager: startOutput() output 13, stream 1, session 225
04-20 20:21:27.942   807 13214 V msm8974_platform: platform_get_output_snd_device: enter: output devices(0x2)
04-20 20:21:27.942   807 13214 V msm8974_platform: platform_get_output_snd_device: exit: snd_device(speaker)
04-20 20:21:27.942   807 13214 V msm8974_platform: platform_get_backend_index:napb: backend port - 0 device - 2 
04-20 20:21:27.942   807 13214 V msm8974_platform: platform_check_and_set_playback_backend_cfg: usecase->stream.out->config.format (0)
04-20 20:21:27.942   807 13214 V msm8974_platform: platform_check_and_set_playback_backend_cfg:becf: afe: bitwidth 16, samplerate 48000 channels 2, backend_idx 0 usecase = 1 device (speaker)
04-20 20:21:27.942   807 13214 V msm8974_platform: platform_check_and_set_playback_backend_cfg: new_snd_devices[0] is 2
04-20 20:21:27.942   807 13214 V msm8974_platform: platform_get_backend_index:napb: backend port - 0 device - 2 
04-20 20:21:27.942   807 13214 V msm8974_platform: platform_check_playback_backend_cfg:becf: afe: bitwidth 16, samplerate 48000 channels 2, backend_idx 0 usecase = 1 device (speaker)
04-20 20:21:27.942   807 13214 V msm8974_platform: platform_check_playback_backend_cfg:becf: afe: Codec selected backend: 0 updated bit width: 16 andsample rate: 48000
04-20 20:21:27.942   807 13214 V msm8974_platform: platform_send_audio_calibration: sending audio calibration for snd_device(2) acdb_id(14)
04-20 20:21:27.942   807 13214 D ACDB-LOADER: ACDB -> send_audio_cal, acdb_id = 14, path = 0, app id = 0x11130, sample rate = 48000, afe_sample_rate = 48000
04-20 20:21:27.942   807 13214 D ACDB-LOADER: ACDB -> send_asm_topology
04-20 20:21:27.942   807 13214 D ACDB-LOADER: ACDB -> ACDB_CMD_GET_AUDPROC_STREAM_TOPOLOGY_ID
04-20 20:21:27.942   865 15629 D APM_AudioPolicyManager: startInput input:78, session:217, source 1999)
04-20 20:21:27.942   807 13214 D ACDB-LOADER: ACDB -> send_adm_topology
04-20 20:21:27.942   807 13214 D ACDB-LOADER: ACDB -> ACDB_CMD_GET_AUDPROC_COMMON_TOPOLOGY_ID
04-20 20:21:27.942   807 13214 D ACDB-LOADER: ACDB -> send_audtable
04-20 20:21:27.942   807 13214 D ACDB-LOADER: ACDB -> ACDB_CMD_GET_AUDPROC_COMMON_TABLE_SIZE
04-20 20:21:27.942   807 13214 D ACDB-LOADER: ACDB -> ACDB_CMD_GET_AUDPROC_COMMON_TABLE
04-20 20:21:27.942   807 13214 D ACDB-LOADER: ACDB -> AUDIO_SET_AUDPROC_CAL cal_type[11] acdb_id[14] app_type[69936]
04-20 20:21:27.942   807 13214 D ACDB-LOADER: ACDB -> send_audvoltable
04-20 20:21:27.942   807 13214 D ACDB-LOADER: ACDB -> ACDB_CMD_GET_AUDPROC_GAIN_DEP_STEP_TABLE_SIZE
04-20 20:21:27.942   807 13214 D ACDB-LOADER: ACDB -> ACDB_CMD_GET_AUDPROC_GAIN_DEP_STEP_TABLE, vol index 0
04-20 20:21:27.942   807 13214 D ACDB-LOADER: ACDB -> AUDIO_SET_VOL_CAL cal type = 12
04-20 20:21:27.942   807 13214 D ACDB-LOADER: ACDB -> ACDB_CMD_GET_AUDPROC_STREAM_TABLE_SIZE
04-20 20:21:27.943   807 13214 D ACDB-LOADER: ACDB -> send_audstrmtable
04-20 20:21:27.943   807 13214 D ACDB-LOADER: ACDB -> ACDB_CMD_GET_AUDPROC_STREAM_TABLE_V2
04-20 20:21:27.943   807 13214 D ACDB-LOADER: ACDB -> audstrm_cal->cal_type.cal_data.cal_size = 16
04-20 20:21:27.943   807 13214 D ACDB-LOADER: ACDB -> send_afe_topology
04-20 20:21:27.943   807 13214 D ACDB-LOADER: ACDB -> ACDB_CMD_GET_AFE_TOPOLOGY_ID
04-20 20:21:27.943   807 13214 D ACDB-LOADER: ACDB -> GET_AFE_TOPOLOGY_ID for adcd_id 14, Topology Id 1000ff01
04-20 20:21:27.943   807 13214 D ACDB-LOADER: ACDB -> send_afe_cal
04-20 20:21:27.943   807 13214 D ACDB-LOADER: ACDB -> ACDB_CMD_GET_AFE_COMMON_TABLE_SIZE
04-20 20:21:27.943   807 13214 D ACDB-LOADER: ACDB -> ACDB_CMD_GET_AFE_COMMON_TABLE
04-20 20:21:27.943   807 13214 D ACDB-LOADER: ACDB -> AUDIO_SET_AFE_CAL cal_type[16] acdb_id[14]
04-20 20:21:27.943   807 13214 D ACDB-LOADER: ACDB -> send_hw_delay : acdb_id = 14 path = 0
04-20 20:21:27.943   807 13214 D ACDB-LOADER: ACDB -> ACDB_AVSYNC_INFO: ACDB_CMD_GET_DEVICE_PROPERTY
04-20 20:21:27.943   807 13214 V msm8974_platform: platform_send_audio_calibration: sending audio calibration for snd_device(158) acdb_id(102)
04-20 20:21:27.943   807 13214 D ACDB-LOADER: ACDB -> send_audio_cal, acdb_id = 102, path = 1, app id = 0x11130, sample rate = 48000, afe_sample_rate = 48000
04-20 20:21:27.943   807 13214 D ACDB-LOADER: ACDB -> send_asm_topology
04-20 20:21:27.943   807 13214 D ACDB-LOADER: ACDB -> ACDB_CMD_GET_AUDPROC_STREAM_TOPOLOGY_ID
04-20 20:21:27.943   807 13214 D ACDB-LOADER: ACDB -> send_adm_topology
04-20 20:21:27.943   807 13214 D ACDB-LOADER: ACDB -> ACDB_CMD_GET_AUDPROC_COMMON_TOPOLOGY_ID
04-20 20:21:27.943   807 13214 D ACDB-LOADER: ACDB -> send_audtable
04-20 20:21:27.943   807 13214 D ACDB-LOADER: ACDB -> ACDB_CMD_GET_AUDPROC_COMMON_TABLE_SIZE
04-20 20:21:27.943   807 13214 D ACDB-LOADER: ACDB -> ACDB_CMD_GET_AUDPROC_COMMON_TABLE
