04-20 19:29:55.442  1741  1767 I WindowManager:   SURFACE show Surface(name=com.google.location.nearby.apps.connectedcrossroad/nx.aodv.eval.MainActivity)/@0xf4ede81 on display:0: com.google.location.nearby.apps.connectedcrossroad/nx.aodv.eval.MainActivity
04-20 19:29:55.493  1741  6555 I ActivityManager: Killing 20216:com.google.android.calendar/u0a198 (adj 985): empty #17
04-20 19:29:55.573  1741  3613 D ActivityManager: makeInactive, ProcessRecord{ba825c 20216:com.google.android.calendar/u0a198}, clear holder.state
04-20 19:29:59.644  1741  2042 D BatteryService: uevent={POWER_SUPPLY_DP_DM=0, POWER_SUPPLY_VOLTAGE_NOW=4280456, POWER_SUPPLY_SW_JEITA_ENABLED=0, POWER_SUPPLY_CHARGE_CONTROL_LIMIT_MAX=8, POWER_SUPPLY_RECHARGE_SOC=99, POWER_SUPPLY_HEALTH=Good, POWER_SUPPLY_TECHNOLOGY=Li-ion, POWER_SUPPLY_FCC_STEPPER_ENABLE=0, SEQNUM=9726, POWER_SUPPLY_INPUT_CURRENT_LIMITED=0, POWER_SUPPLY_CHARGE_CONTROL_LIMIT=0, POWER_SUPPLY_BATTERY_CHARGING_ENABLED=1, POWER_SUPPLY_STATUS=Discharging, POWER_SUPPLY_CYCLE_COUNT=4, POWER_SUPPLY_CURRENT_MAX=2000000, POWER_SUPPLY_CHARGE_TERM_CURRENT=-101, POWER_SUPPLY_CAPACITY=95, DEVPATH=/devices/platform/soc/200f000.qcom,spmi/spmi-0/spmi0-02/200f000.qcom,spmi:qcom,pmi632@2:qcom,qpnp-smb5/power_supply/battery, POWER_SUPPLY_CHARGE_DONE=0, POWER_SUPPLY_CHARGE_TYPE=N/A, POWER_SUPPLY_CHARGE_RATE=None, POWER_SUPPLY_CURRENT_NOW=-172729, POWER_SUPPLY_SYSTEM_TEMP_LEVEL=0, POWER_SUPPLY_PRESENT=1, POWER_SUPPLY_PARALLEL_DISABLE=0, POWER_SUPPLY_CHARGE_FULL=3615000, SUBSYSTEM=power_supply, POWER_SUPPLY_SET_SHIP_MODE=0, POWER_SUPPLY_TEMP=240, ACTION=change, POWER_SUPPLY_RERUN_AICL=0, POWER_SUPPLY_AGE=100, POWER_SUPPLY_NAME=battery, POWER_SUPPLY_VOLTAGE_MAX=-22, POWER_SUPPLY_CONSTANT_CHARGE_CURRENT_MAX=2000000, POWER_SUPPLY_CHARGE_COUNTER=3434250, POWER_SUPPLY_STEP_CHARGING_ENABLED=0, POWER_SUPPLY_NUM_SYSTEM_TEMP_LEVELS=8, POWER_SUPPLY_DIE_HEALTH=Hot, POWER_SUPPLY_INPUT_SUSPEND=0}
04-20 19:29:59.719  1741  3613 I ActivityManager: Killing 19816:com.google.android.apps.docs.editors.sheets/u0a211 (adj 985): empty #17
04-20 19:29:59.729  1741  3613 I ActivityManager: Killing 18969:com.google.android.apps.photos/u0a183 (adj 985): empty #17
04-20 19:29:59.790  1741  2441 D ActivityManager: makeInactive, ProcessRecord{8a1ac1f 19816:com.google.android.apps.docs.editors.sheets/u0a211}, clear holder.state
04-20 19:29:59.795  1741  3613 D ActivityManager: makeInactive, ProcessRecord{6be67a3 18969:com.google.android.apps.photos/u0a183}, clear holder.state
04-20 19:30:07.202  1741  3613 I ActivityManager: Killing 19689:android.process.media/u0a53 (adj 985): empty #17
04-20 19:30:07.256  1741  3613 D ActivityManager: makeInactive, ProcessRecord{13c3be5 19689:android.process.media/u0a53}, clear holder.state
04-20 19:30:08.233  1741  1767 I WindowManager:   SURFACE show Surface(name=InputMethod)/@0xb8023f on display:0: InputMethod
04-20 19:30:10.747  1741  1741 D BluetoothManagerService: Bluetooth Adapter name changed to Im1LNi1bye0AAAAAAAAAATQ
04-20 19:30:10.748  1741  1741 D BluetoothManagerService: Stored Bluetooth name: Im1LNi1bye0AAAAAAAAAATQ
04-20 19:30:10.748  1741  1741 V SettingsProvider: Notifying for 0: content://settings/secure/bluetooth_name
04-20 19:30:11.108  1741  2249 D NsdService: Register service
04-20 19:30:11.109  1741  2249 D NsdService: registerService: 3 name: Im1LNi1bye0AAA, type: _5BC9ED5E6C75._tcp, host: null, port: 41293, txtRecord: n=NAIPv4=192.168.1.68
04-20 19:30:11.109  1741  2249 D NsdService: mdnssd [register, 3, Im1LNi1bye0AAA, _5BC9ED5E6C75._tcp, 41293, BG49TkERSVB2ND0xOTIuMTY4LjEuNjg=]
04-20 19:30:11.111  1741  2249 D NsdService: Register 3 3
04-20 19:30:11.794  1741  2249 D NsdService: Native daemon message SERVICE_REGISTERED: 606 3 "Im1LNi1bye0AAA"
04-20 19:30:21.269  1741  1773 W BroadcastQueue: Background execution not allowed: receiving Intent { act=android.bluetooth.device.action.BOND_STATE_CHANGED flg=0x10 (has extras) } to com.google.android.gms/.chimera.GmsIntentOperationService$PersistentTrustedReceiver
04-20 19:30:21.276  1741  1773 W BroadcastQueue: Background execution not allowed: receiving Intent { act=android.bluetooth.device.action.BOND_STATE_CHANGED flg=0x10 (has extras) } to com.google.android.googlequicksearchbox/com.google.android.apps.gsa.broadcastreceiver.external.ExternalCommonBroadcastReceiver
04-20 19:30:22.282  1741  1773 W BroadcastQueue: Background execution not allowed: receiving Intent { act=android.bluetooth.device.action.BOND_STATE_CHANGED flg=0x10 (has extras) } to com.google.android.gms/.chimera.GmsIntentOperationService$PersistentTrustedReceiver
04-20 19:30:22.285  1741  1773 W BroadcastQueue: Background execution not allowed: receiving Intent { act=android.bluetooth.device.action.BOND_STATE_CHANGED flg=0x10 (has extras) } to com.google.android.googlequicksearchbox/com.google.android.apps.gsa.broadcastreceiver.external.ExternalCommonBroadcastReceiver
04-20 19:30:23.583  1741 10967 W WifiService: Did not find remoteAddress {192.168.1.67} in /proc/net/arp
04-20 19:30:27.279  1741  8491 I WindowManager:   SURFACE show Surface(name=com.android.systemui.ImageWallpaper)/@0x1b70dbd on display:0: com.android.systemui.ImageWallpaper
04-20 19:30:27.361  1741  1767 I WindowManager: Window drawn AppWindowToken{b2426a2 token=Token{8439a6d ActivityRecord{caaa284 u0 com.motorola.launcher3/com.android.launcher3.CustomizationPanelLauncher t4}}}
04-20 19:30:27.361  1741  1767 I WindowManager:   SURFACE show Surface(name=com.motorola.launcher3/com.android.launcher3.CustomizationPanelLauncher)/@0xf16b839 on display:0: com.motorola.launcher3/com.android.launcher3.CustomizationPanelLauncher
04-20 19:30:27.475  1741  1767 I WindowManager:   SURFACE show Surface(name=com.motorola.launcher3/com.android.launcher3.CustomizationPanelLauncher)/@0xea67718 on display:0: com.motorola.launcher3/com.android.launcher3.CustomizationPanelLauncher
04-20 19:30:29.199  1741  6174 V WindowManager: Changing focus from Window{45127c u0 com.google.location.nearby.apps.connectedcrossroad/nx.aodv.eval.MainActivity} to Window{4324562 u0 com.motorola.launcher3/com.android.launcher3.CustomizationPanelLauncher} displayId=0
04-20 19:30:29.236  1741  1741 V SettingsProvider: Notifying for 0: content://settings/secure/reminder_exp_learning_time_elapsed
04-20 19:30:29.241  1741  6926 I WindowManager: Window drawn AppWindowToken{1f26e3e token=Token{b1e0ef9 ActivityRecord{70321c0 u0 com.google.location.nearby.apps.connectedcrossroad/nx.aodv.eval.MainActivity t8}}}
04-20 19:30:29.465  1741  2249 D NsdService: unregister service
04-20 19:30:29.465  1741  2249 D NsdService: mdnssd [stop-register, 3]
04-20 19:30:29.478  1741  1741 D BluetoothManagerService: Bluetooth Adapter name changed to moto e
04-20 19:30:29.478  1741  1741 D BluetoothManagerService: Stored Bluetooth name: moto e
04-20 19:30:29.478  1741  1741 V SettingsProvider: Notifying for 0: content://settings/secure/bluetooth_name
04-20 19:30:29.910  1741  4851 I ActivityTaskManager: moveHomeStack, setupComplete:true
04-20 19:30:29.912  1741  4851 V WindowManager: Changing focus from Window{4324562 u0 com.motorola.launcher3/com.android.launcher3.CustomizationPanelLauncher} to null displayId=0
04-20 19:30:29.936  1741  1767 I WindowManager:   SURFACE show Surface(name=SnapshotStartingWindow for taskId=8)/@0x1ce3320 on display:0: SnapshotStartingWindow for taskId=8
04-20 19:30:29.980  1741  6926 V WindowManager: Changing focus from null to Window{45127c u0 com.google.location.nearby.apps.connectedcrossroad/nx.aodv.eval.MainActivity} displayId=0
04-20 19:30:30.018  1741  1767 I WindowManager: Window drawn AppWindowToken{1f26e3e token=Token{b1e0ef9 ActivityRecord{70321c0 u0 com.google.location.nearby.apps.connectedcrossroad/nx.aodv.eval.MainActivity t8}}}
04-20 19:30:30.018  1741  1767 I WindowManager:   SURFACE show Surface(name=com.google.location.nearby.apps.connectedcrossroad/nx.aodv.eval.MainActivity)/@0x1f9cd7f on display:0: com.google.location.nearby.apps.connectedcrossroad/nx.aodv.eval.MainActivity
04-20 19:30:30.323  1741  3620 I WindowManager: Window drawn AppWindowToken{b2426a2 token=Token{8439a6d ActivityRecord{caaa284 u0 com.motorola.launcher3/com.android.launcher3.CustomizationPanelLauncher t4}}}
04-20 19:30:30.773  1741  1773 I ActivityManager: Waited long enough for: ServiceRecord{d0d7215 u0 com.google.android.googlequicksearchbox/com.google.android.apps.gsa.shared.util.keepalive.StandaloneKeepAlive$KeepAliveService}
04-20 19:31:01.091  1741  2042 D BatteryService: uevent={POWER_SUPPLY_DP_DM=0, POWER_SUPPLY_VOLTAGE_NOW=4278510, POWER_SUPPLY_SW_JEITA_ENABLED=0, POWER_SUPPLY_CHARGE_CONTROL_LIMIT_MAX=8, POWER_SUPPLY_RECHARGE_SOC=99, POWER_SUPPLY_HEALTH=Good, POWER_SUPPLY_TECHNOLOGY=Li-ion, POWER_SUPPLY_FCC_STEPPER_ENABLE=0, SEQNUM=9848, POWER_SUPPLY_INPUT_CURRENT_LIMITED=0, POWER_SUPPLY_CHARGE_CONTROL_LIMIT=0, POWER_SUPPLY_BATTERY_CHARGING_ENABLED=1, POWER_SUPPLY_STATUS=Discharging, POWER_SUPPLY_CYCLE_COUNT=4, POWER_SUPPLY_CURRENT_MAX=2000000, POWER_SUPPLY_CHARGE_TERM_CURRENT=-101, POWER_SUPPLY_CAPACITY=95, DEVPATH=/devices/platform/soc/200f000.qcom,spmi/spmi-0/spmi0-02/200f000.qcom,spmi:qcom,pmi632@2:qcom,qpnp-smb5/power_supply/battery, POWER_SUPPLY_CHARGE_DONE=0, POWER_SUPPLY_CHARGE_TYPE=N/A, POWER_SUPPLY_CHARGE_RATE=None, POWER_SUPPLY_CURRENT_NOW=-177765, POWER_SUPPLY_SYSTEM_TEMP_LEVEL=0, POWER_SUPPLY_PRESENT=1, POWER_SUPPLY_PARALLEL_DISABLE=0, POWER_SUPPLY_CHARGE_FULL=3615000, SUBSYSTEM=power_supply, POWER_SUPPLY_SET_SHIP_MODE=0, POWER_SUPPLY_TEMP=240, ACTION=change, POWER_SUPPLY_RERUN_AICL=0, POWER_SUPPLY_AGE=100, POWER_SUPPLY_NAME=battery, POWER_SUPPLY_VOLTAGE_MAX=-22, POWER_SUPPLY_CONSTANT_CHARGE_CURRENT_MAX=2000000, POWER_SUPPLY_CHARGE_COUNTER=3434250, POWER_SUPPLY_STEP_CHARGING_ENABLED=0, POWER_SUPPLY_NUM_SYSTEM_TEMP_LEVELS=8, POWER_SUPPLY_DIE_HEALTH=Hot, POWER_SUPPLY_INPUT_SUSPEND=0}
04-20 19:31:06.433  1741  1773 I ActivityManager: Waited long enough for: ServiceRecord{10f286b u0 com.google.android.googlequicksearchbox/com.google.android.apps.gsa.shared.util.keepalive.StandaloneKeepAlive$KeepAliveService}
04-20 19:31:32.034  1741  1781 V DisplayPowerController: Brightness [1] reason changing to: 'automatic [ dim ]', previous reason: 'automatic'.
04-20 19:31:39.034  1741  1781 I PowerManagerService: Going to sleep due to timeout (uid 1000)...
04-20 19:31:39.037  1741  1741 W UsageStatsService: Event reported without a package name, eventType:16
04-20 19:31:39.043  1741  1741 I WindowManager: Started going to sleep... (why=OFF_BECAUSE_OF_TIMEOUT)
04-20 19:31:39.096  1741  1781 V DisplayPowerController: Brightness [73] reason changing to: 'automatic', previous reason: 'automatic [ dim ]'.
04-20 19:31:39.525  1741  1781 I DisplayPowerController: Blocking screen off
04-20 19:31:39.525  1741  1781 I DisplayPowerController: Unblocked screen off after 0 ms
04-20 19:31:39.558  1741  1781 I WindowManager: Screen turned off...
04-20 19:31:39.597  1741 22667 D ActivityTaskManager: Top Process State changed to PROCESS_STATE_TOP_SLEEPING
04-20 19:31:39.600  1741  1781 V DisplayPowerController: Brightness [0] reason changing to: 'screen_off', previous reason: 'automatic'.
04-20 19:31:39.602  1741  1766 W ProcessStats: Tracking association SourceState{7b2041e com.google.location.nearby.apps.connectedcrossroad/10216 Top #52230} whose proc state 1 is better than process ProcessState{cb22399 com.google.android.gms.persistent/10158 pkg=com.google.android.gms (sub)} proc state 2 (195 skipped)
04-20 19:31:39.602  1741  1766 I DisplayManagerService: Display device changed state: "Built-in Screen", OFF
04-20 19:31:40.001  1741  1781 I DreamManagerService: Entering dreamland.
04-20 19:31:40.002  1741  1781 I PowerManagerService: Dozing...
04-20 19:31:40.029  1741  1763 I DreamController: Starting dream: name=ComponentInfo{com.android.systemui/com.android.systemui.doze.DozeService}, isTest=false, canDoze=true, userId=0
04-20 19:31:40.031  1741  1764 W Looper  : Slow dispatch took 424ms android.ui h=android.hardware.display.DisplayManagerGlobal$DisplayListenerDelegate c=null m=2
04-20 19:31:40.604  1741  1741 V SettingsProvider: Notifying for 0: content://settings/secure/reminder_exp_learning_time_elapsed
04-20 19:31:40.618  1741  4851 V WindowManager: Changing focus from Window{45127c u0 com.google.location.nearby.apps.connectedcrossroad/nx.aodv.eval.MainActivity} to null displayId=0
04-20 19:31:40.665  1741  1741 V SettingsProvider: Notifying for 0: content://settings/secure/reminder_exp_learning_time_elapsed
04-20 19:31:40.682  1741  1760 I WindowManager: Window drawn AppWindowToken{1f26e3e token=Token{b1e0ef9 ActivityRecord{70321c0 u0 com.google.location.nearby.apps.connectedcrossroad/nx.aodv.eval.MainActivity t8}}}
04-20 19:31:40.729  1741  1741 I WindowManager: Finished going to sleep... (why=OFF_BECAUSE_OF_TIMEOUT)
04-20 19:31:40.732  1741  3620 I WindowManager:   SURFACE SIZE set 720x1520 on display:0: StatusBar
04-20 19:31:40.859  1741  3620 V WindowManager: Changing focus from null to Window{2decc30 u0 StatusBar} displayId=0
04-20 19:31:40.933  1741  1760 V WindowManager: Changing focus from Window{2decc30 u0 StatusBar} to Window{e395dcf u0 AOD} displayId=0
04-20 19:31:41.212  1741  1760 D NotificationListeners: Enabling component com.motorola.motodisplay/.notification.DisplayNotifListenerService
04-20 19:31:41.213  1741  1760 V NotificationListeners: binding: Intent { act=android.service.notification.NotificationListenerService cmp=com.motorola.motodisplay/.notification.DisplayNotifListenerService (has extras) }
04-20 19:31:41.244  1741  1767 I WindowManager:   SURFACE show Surface(name=AOD)/@0x65b7478 on display:0: AOD
04-20 19:31:41.252  1741  1741 V NotificationListeners: 0 notification listener service connected: ComponentInfo{com.motorola.motodisplay/com.motorola.motodisplay.notification.DisplayNotifListenerService}
04-20 19:31:44.080  1741  1766 W UsageStatsService: Event reported without a package name, eventType:17
04-20 19:32:21.381  1741  2042 D BatteryService: uevent={POWER_SUPPLY_DP_DM=0, POWER_SUPPLY_VOLTAGE_NOW=4278315, POWER_SUPPLY_SW_JEITA_ENABLED=0, POWER_SUPPLY_CHARGE_CONTROL_LIMIT_MAX=8, POWER_SUPPLY_RECHARGE_SOC=99, POWER_SUPPLY_HEALTH=Good, POWER_SUPPLY_TECHNOLOGY=Li-ion, POWER_SUPPLY_FCC_STEPPER_ENABLE=0, SEQNUM=10936, POWER_SUPPLY_INPUT_CURRENT_LIMITED=0, POWER_SUPPLY_CHARGE_CONTROL_LIMIT=0, POWER_SUPPLY_BATTERY_CHARGING_ENABLED=1, POWER_SUPPLY_STATUS=Discharging, POWER_SUPPLY_CYCLE_COUNT=4, POWER_SUPPLY_CURRENT_MAX=2000000, POWER_SUPPLY_CHARGE_TERM_CURRENT=-101, POWER_SUPPLY_CAPACITY=95, DEVPATH=/devices/platform/soc/200f000.qcom,spmi/spmi-0/spmi0-02/200f000.qcom,spmi:qcom,pmi632@2:qcom,qpnp-smb5/power_supply/battery, POWER_SUPPLY_CHARGE_DONE=0, POWER_SUPPLY_CHARGE_TYPE=N/A, POWER_SUPPLY_CHARGE_RATE=None, POWER_SUPPLY_CURRENT_NOW=-53100, POWER_SUPPLY_SYSTEM_TEMP_LEVEL=0, POWER_SUPPLY_PRESENT=1, POWER_SUPPLY_PARALLEL_DISABLE=0, POWER_SUPPLY_CHARGE_FULL=3615000, SUBSYSTEM=power_supply, POWER_SUPPLY_SET_SHIP_MODE=0, POWER_SUPPLY_TEMP=238, ACTION=change, POWER_SUPPLY_RERUN_AICL=0, POWER_SUPPLY_AGE=100, POWER_SUPPLY_NAME=battery, POWER_SUPPLY_VOLTAGE_MAX=-22, POWER_SUPPLY_CONSTANT_CHARGE_CURRENT_MAX=2000000, POWER_SUPPLY_CHARGE_COUNTER=3398100, POWER_SUPPLY_STEP_CHARGING_ENABLED=0, POWER_SUPPLY_NUM_SYSTEM_TEMP_LEVELS=8, POWER_SUPPLY_DIE_HEALTH=Hot, POWER_SUPPLY_INPUT_SUSPEND=0}
04-20 19:32:24.336  1741  1781 I DisplayPowerController: Blocking screen on until initial contents have been drawn.
04-20 19:32:24.337  1741  1781 I WindowManager: Screen turning on...
04-20 19:32:24.339  1741  2392 D WindowManager: mKeyguardDelegate.ShowListener.onDrawn.
04-20 19:32:24.339  1741  1764 W WindowManager: Setting mKeyguardDrawComplete
04-20 19:32:24.356  1741  1781 V DisplayPowerController: Brightness [38] reason changing to: 'doze', previous reason: 'screen_off'.
04-20 19:32:24.359  1741  1766 I DisplayManagerService: Display device changed state: "Built-in Screen", ON
04-20 19:32:24.406  1741  1766 I WindowManager: All windows ready for display!
04-20 19:32:24.406  1741  1764 W WindowManager: Setting mWindowManagerDrawComplete
04-20 19:32:24.406  1741  1781 I DisplayPowerController: Unblocked screen on after 70 ms
04-20 19:32:24.727  1741  2123 I PowerManagerService: Waking up from Dozing (uid=1000, reason=WAKE_REASON_POWER_BUTTON, details=android.policy:POWER)...
04-20 19:32:24.728  1741  1741 W UsageStatsService: Event reported without a package name, eventType:15
04-20 19:32:24.732  1741  1741 I WindowManager: Started waking up... (why=ON_BECAUSE_OF_USER)
04-20 19:32:24.733  1741  1760 I PowerManagerService: Waking up from Awake (uid=10131, reason=WAKE_REASON_GESTURE, details=com.android.systemui:NODOZE)...
04-20 19:32:24.739  1741  1781 V DisplayPowerController: Brightness [73] reason changing to: 'manual', previous reason: 'doze'.
04-20 19:32:24.743  1741  1781 V DisplayPowerController: Brightness [73] reason changing to: 'automatic', previous reason: 'manual'.
04-20 19:32:24.744  1741  1781 I DreamManagerService: Gently waking up from dream.
04-20 19:32:24.744  1741  1763 I DreamManagerService: Performing gentle wake from dream.
04-20 19:32:24.746  1741  1741 I WindowManager: Finished waking up... (why=ON_BECAUSE_OF_USER)
04-20 19:32:24.773  1741  1741 V SettingsProvider: Notifying for 0: content://settings/secure/reminder_exp_learning_time_elapsed
04-20 19:32:24.773  1741  4851 I DreamManagerService: Leaving dreamland.
04-20 19:32:24.774  1741  1763 I DreamManagerService: Performing gentle wake from dream.
04-20 19:32:24.774  1741  1763 I DreamController: Stopping dream: name=ComponentInfo{com.android.systemui/com.android.systemui.doze.DozeService}, isTest=false, canDoze=true, userId=0
04-20 19:32:24.786  1741  2392 V WindowManager: Changing focus from Window{e395dcf u0 AOD} to Window{2decc30 u0 StatusBar} displayId=0
04-20 19:32:24.829  1741  1767 I WindowManager:   SURFACE show Surface(name=NavigationBar0)/@0xb119144 on display:0: NavigationBar0
04-20 19:32:24.837  1741  2392 D NotificationListeners: Disabling component com.motorola.motodisplay/.notification.DisplayNotifListenerService
04-20 19:32:24.845  1741  1767 I WindowManager:   SURFACE show Surface(name=com.android.systemui.ImageWallpaper)/@0x1b70dbd on display:0: com.android.systemui.ImageWallpaper
04-20 19:32:25.188  1741  1764 D WindowManager: powerPress: eventTime=1204935 interactive=true count=1 beganFromNonInteractive=true mShortPressOnPowerBehavior=1
04-20 19:32:32.129  1741  2392 D ActivityTaskManager: Top Process State changed to PROCESS_STATE_TOP
04-20 19:32:32.155  1741  1767 I WindowManager:   SURFACE show Surface(name=SnapshotStartingWindow for taskId=8)/@0xdbd2140 on display:0: SnapshotStartingWindow for taskId=8
04-20 19:32:32.178  1741  1741 V SettingsProvider: Notifying for 0: content://settings/secure/reminder_exp_learning_time_elapsed
04-20 19:32:32.210  1741  1767 I WindowManager: Window drawn AppWindowToken{1f26e3e token=Token{b1e0ef9 ActivityRecord{70321c0 u0 com.google.location.nearby.apps.connectedcrossroad/nx.aodv.eval.MainActivity t8}}}
04-20 19:32:32.210  1741  1767 I WindowManager:   SURFACE show Surface(name=com.google.location.nearby.apps.connectedcrossroad/nx.aodv.eval.MainActivity)/@0xaf3116c on display:0: com.google.location.nearby.apps.connectedcrossroad/nx.aodv.eval.MainActivity
04-20 19:32:32.213  1741  1766 W UsageStatsService: Event reported without a package name, eventType:18
04-20 19:32:32.221  1741  1773 W BroadcastQueue: Background execution not allowed: receiving Intent { act=android.intent.action.USER_PRESENT flg=0x24200010 } to com.android.chrome/org.chromium.chrome.browser.sharing.click_to_call.ClickToCallMessageHandler$PhoneUnlockedReceiver
04-20 19:32:32.221  1741  1773 W BroadcastQueue: Background execution not allowed: receiving Intent { act=android.intent.action.USER_PRESENT flg=0x24200010 } to com.google.android.gms/.auth.setup.devicesignals.LockScreenReceiver
04-20 19:32:32.221  1741  1773 W BroadcastQueue: Background execution not allowed: receiving Intent { act=android.intent.action.USER_PRESENT flg=0x24200010 } to com.google.android.gms/.chimera.GmsIntentOperationService$PersistentTrustedReceiver
04-20 19:32:32.224  1741  3388 V WindowManager: Changing focus from Window{2decc30 u0 StatusBar} to Window{45127c u0 com.google.location.nearby.apps.connectedcrossroad/nx.aodv.eval.MainActivity} displayId=0
04-20 19:32:32.346  1741  6540 I WindowManager:   SURFACE SIZE set 720x56 on display:0: StatusBar
04-20 19:32:34.115  1741  6926 I WindowManager:   SURFACE show Surface(name=com.android.systemui.ImageWallpaper)/@0x1b70dbd on display:0: com.android.systemui.ImageWallpaper
04-20 19:32:34.190  1741  1767 I WindowManager: Window drawn AppWindowToken{b2426a2 token=Token{8439a6d ActivityRecord{caaa284 u0 com.motorola.launcher3/com.android.launcher3.CustomizationPanelLauncher t4}}}
04-20 19:32:34.191  1741  1767 I WindowManager:   SURFACE show Surface(name=com.motorola.launcher3/com.android.launcher3.CustomizationPanelLauncher)/@0x784e6da on display:0: com.motorola.launcher3/com.android.launcher3.CustomizationPanelLauncher
04-20 19:32:34.317  1741  1767 I WindowManager:   SURFACE show Surface(name=com.motorola.launcher3/com.android.launcher3.CustomizationPanelLauncher)/@0x440933d on display:0: com.motorola.launcher3/com.android.launcher3.CustomizationPanelLauncher
04-20 19:32:35.230  1741  2392 V WindowManager: Changing focus from Window{45127c u0 com.google.location.nearby.apps.connectedcrossroad/nx.aodv.eval.MainActivity} to Window{4324562 u0 com.motorola.launcher3/com.android.launcher3.CustomizationPanelLauncher} displayId=0
04-20 19:32:35.255  1741  1741 V SettingsProvider: Notifying for 0: content://settings/secure/reminder_exp_learning_time_elapsed
04-20 19:32:35.279  1741  6926 I WindowManager: Window drawn AppWindowToken{1f26e3e token=Token{b1e0ef9 ActivityRecord{70321c0 u0 com.google.location.nearby.apps.connectedcrossroad/nx.aodv.eval.MainActivity t8}}}
04-20 19:32:35.336  1741  1767 I WindowManager:   SURFACE show Surface(name=FloatingTutorialButton)/@0x2ec6eb on display:0: FloatingTutorialButton
04-20 19:32:36.154  1741  1772 I UsageStatsService: User[0] Flushing usage stats to disk
04-20 19:32:36.188  1741  1772 E AppIdleHistory: Error writing app idle file for user 0
04-20 19:32:36.197  1741  3388 I ActivityTaskManager: START u0 {act=android.intent.action.MAIN cat=[android.intent.category.LAUNCHER] flg=0x10200000 cmp=com.android.settings/.Settings bnds=[25,994][159,1225]} from uid 10159
04-20 19:32:36.482  1741  3388 D ActivityTaskManager: getPreferredLaunchDisplay usersetdisplayid 0 current displayId 0 paramspreferid -1
04-20 19:32:36.482  1741  3388 D ActivityTaskManager: getPreferredLaunchDisplay usersetdisplayid 0 current displayId 0 paramspreferid -1
04-20 19:32:36.485  1741  3388 V WindowManager: Changing focus from Window{4324562 u0 com.motorola.launcher3/com.android.launcher3.CustomizationPanelLauncher} to null displayId=0
04-20 19:32:36.500  1741  1741 V SettingsProvider: Notifying for 0: content://settings/secure/reminder_exp_learning_time_elapsed
04-20 19:32:36.531  1741  1774 I ActivityManager: Start proc 22837:com.motorola.moto:mya_ce/u0a109 for broadcast {com.motorola.moto/com.motorola.mya.semantic.datacollection.appusage.receiver.LaunchReceiver}
04-20 19:32:36.574  1741  1767 I WindowManager:   SURFACE show Surface(name=Splash Screen com.android.settings)/@0x4da155f on display:0: Splash Screen com.android.settings
04-20 19:32:36.636  1741  1774 I ActivityManager: Start proc 22863:com.android.settings.intelligence/u0a140 for service {com.android.settings.intelligence/com.android.settings.intelligence.suggestions.SuggestionService}
04-20 19:32:36.700  1741  6540 V WindowManager: Changing focus from null to Window{18683d4 u0 com.android.settings/com.android.settings.Settings} displayId=0
04-20 19:32:36.755  1741  1767 I LaunchCheckinHandler: Displayed com.android.settings/.Settings,wp,wa,558
04-20 19:32:36.755  1741  1767 I WindowManager: Window drawn AppWindowToken{f92ed05 token=Token{f9fc07c ActivityRecord{dcc6b6f u0 com.android.settings/.Settings t5}}}
04-20 19:32:36.756  1741  1767 I WindowManager:   SURFACE show Surface(name=com.android.settings/com.android.settings.Settings)/@0xe806715 on display:0: com.android.settings/com.android.settings.Settings
04-20 19:32:37.070  1741  4851 I WindowManager: Window drawn AppWindowToken{b2426a2 token=Token{8439a6d ActivityRecord{caaa284 u0 com.motorola.launcher3/com.android.launcher3.CustomizationPanelLauncher t4}}}
04-20 19:33:05.015  1741  3388 I ActivityTaskManager: START u0 {act=android.intent.action.MAIN cmp=com.android.settings/.SubSettings (has extras)} from uid 1000
04-20 19:33:05.015  1741  3388 D ActivityTaskManager: getPreferredLaunchDisplay usersetdisplayid 0 current displayId 0 paramspreferid -1
04-20 19:33:05.015  1741  3388 D ActivityTaskManager: getPreferredLaunchDisplay usersetdisplayid 0 current displayId 0 paramspreferid -1
04-20 19:33:05.027  1741  3620 V WindowManager: Changing focus from Window{18683d4 u0 com.android.settings/com.android.settings.Settings} to null displayId=0
04-20 19:33:05.086  1741  3388 E UserRestrictionsUtils: Unknown restriction queried by uid 1000 (com.android.settings et al): null
04-20 19:33:05.090  1741  3388 I chatty  : uid=1000(system) Binder:1741_C identical 1 line
04-20 19:33:05.090  1741  3388 E UserRestrictionsUtils: Unknown restriction queried by uid 1000 (com.android.settings et al): null
04-20 19:33:05.170  1741  1741 V SettingsProvider: Notifying for 0: content://settings/secure/package_verifier_state
04-20 19:33:05.196  1741  2392 I ActivityManager: Killing 20615:com.google.android.contacts/u0a177 (adj 985): empty #17
04-20 19:33:05.207  1741  1760 V WindowManager: Changing focus from null to Window{157f476 u0 com.android.settings/com.android.settings.SubSettings} displayId=0
04-20 19:33:05.248  1741  3388 D ActivityManager: makeInactive, ProcessRecord{ddcbaf8 20615:com.google.android.contacts/u0a177}, clear holder.state
04-20 19:33:05.272  1741  1767 I LaunchCheckinHandler: Displayed com.android.settings/.SubSettings,wp,ca,247
04-20 19:33:05.272  1741  1767 I WindowManager: Window drawn AppWindowToken{d047eb7 token=Token{3cea1b6 ActivityRecord{bf58551 u0 com.android.settings/.SubSettings t5}}}
04-20 19:33:05.274  1741  1767 I WindowManager:   SURFACE show Surface(name=com.android.settings/com.android.settings.SubSettings)/@0x4b1af67 on display:0: com.android.settings/com.android.settings.SubSettings
04-20 19:33:05.683  1741  2501 I WindowManager: Window drawn AppWindowToken{f92ed05 token=Token{f9fc07c ActivityRecord{dcc6b6f u0 com.android.settings/.Settings t5}}}
04-20 19:33:10.015  1741  6174 V WindowManager: Changing focus from Window{157f476 u0 com.android.settings/com.android.settings.SubSettings} to null displayId=0
04-20 19:33:10.086  1741  6174 V WindowManager: Changing focus from null to Window{18683d4 u0 com.android.settings/com.android.settings.Settings} displayId=0
04-20 19:33:10.120  1741  1767 I WindowManager: Window drawn AppWindowToken{f92ed05 token=Token{f9fc07c ActivityRecord{dcc6b6f u0 com.android.settings/.Settings t5}}}
04-20 19:33:10.122  1741  1767 I WindowManager:   SURFACE show Surface(name=com.android.settings/com.android.settings.Settings)/@0x8ad8fe8 on display:0: com.android.settings/com.android.settings.Settings
04-20 19:33:10.551  1741  4636 I WindowManager: Window drawn AppWindowToken{d047eb7 token=Token{3cea1b6 ActivityRecord{bf58551 u0 com.android.settings/.SubSettings t5}}}
04-20 19:33:14.865  1741  1760 I ActivityTaskManager: START u0 {act=android.intent.action.MAIN cmp=com.android.settings/.SubSettings (has extras)} from uid 1000
04-20 19:33:14.866  1741  1760 D ActivityTaskManager: getPreferredLaunchDisplay usersetdisplayid 0 current displayId 0 paramspreferid -1
04-20 19:33:14.866  1741  1760 D ActivityTaskManager: getPreferredLaunchDisplay usersetdisplayid 0 current displayId 0 paramspreferid -1
04-20 19:33:14.890  1741  1760 V WindowManager: Changing focus from Window{18683d4 u0 com.android.settings/com.android.settings.Settings} to null displayId=0
04-20 19:33:14.934  1741  1760 E UserRestrictionsUtils: Unknown restriction queried by uid 1000 (com.android.settings et al): null
04-20 19:33:14.936  1741  1760 E UserRestrictionsUtils: Unknown restriction queried by uid 1000 (com.android.settings et al): null
04-20 19:33:15.067  1741  1760 V WindowManager: Changing focus from null to Window{f73ad78 u0 com.android.settings/com.android.settings.SubSettings} displayId=0
04-20 19:33:15.102  1741  1767 I LaunchCheckinHandler: Displayed com.android.settings/.SubSettings,wp,ca,215
04-20 19:33:15.102  1741  1767 I WindowManager: Window drawn AppWindowToken{46206e2 token=Token{8c7d3ad ActivityRecord{a2f8c4 u0 com.android.settings/.SubSettings t5}}}
04-20 19:33:15.105  1741  1767 I WindowManager:   SURFACE show Surface(name=com.android.settings/com.android.settings.SubSettings)/@0xf05ae53 on display:0: com.android.settings/com.android.settings.SubSettings
04-20 19:33:15.535  1741  2047 I WindowManager: Window drawn AppWindowToken{f92ed05 token=Token{f9fc07c ActivityRecord{dcc6b6f u0 com.android.settings/.Settings t5}}}
04-20 19:33:21.813  1741  1760 V WindowManager: Changing focus from Window{f73ad78 u0 com.android.settings/com.android.settings.SubSettings} to Window{1e964a8 u0 com.android.settings/com.android.settings.SubSettings} displayId=0
04-20 19:33:21.887  1741  1767 I WindowManager:   SURFACE show Surface(name=com.android.settings/com.android.settings.SubSettings)/@0xc3ed2fd on display:0: com.android.settings/com.android.settings.SubSettings
04-20 19:33:24.043  1741  2042 D BatteryService: uevent={POWER_SUPPLY_DP_DM=0, POWER_SUPPLY_VOLTAGE_NOW=4264691, POWER_SUPPLY_SW_JEITA_ENABLED=0, POWER_SUPPLY_CHARGE_CONTROL_LIMIT_MAX=8, POWER_SUPPLY_RECHARGE_SOC=99, POWER_SUPPLY_HEALTH=Good, POWER_SUPPLY_TECHNOLOGY=Li-ion, POWER_SUPPLY_FCC_STEPPER_ENABLE=0, SEQNUM=11128, POWER_SUPPLY_INPUT_CURRENT_LIMITED=0, POWER_SUPPLY_CHARGE_CONTROL_LIMIT=0, POWER_SUPPLY_BATTERY_CHARGING_ENABLED=1, POWER_SUPPLY_STATUS=Discharging, POWER_SUPPLY_CYCLE_COUNT=4, POWER_SUPPLY_CURRENT_MAX=2000000, POWER_SUPPLY_CHARGE_TERM_CURRENT=-101, POWER_SUPPLY_CAPACITY=95, DEVPATH=/devices/platform/soc/200f000.qcom,spmi/spmi-0/spmi0-02/200f000.qcom,spmi:qcom,pmi632@2:qcom,qpnp-smb5/power_supply/battery, POWER_SUPPLY_CHARGE_DONE=0, POWER_SUPPLY_CHARGE_TYPE=N/A, POWER_SUPPLY_CHARGE_RATE=None, POWER_SUPPLY_CURRENT_NOW=-250091, POWER_SUPPLY_SYSTEM_TEMP_LEVEL=0, POWER_SUPPLY_PRESENT=1, POWER_SUPPLY_PARALLEL_DISABLE=0, POWER_SUPPLY_CHARGE_FULL=3615000, SUBSYSTEM=power_supply, POWER_SUPPLY_SET_SHIP_MODE=0, POWER_SUPPLY_TEMP=239, ACTION=change, POWER_SUPPLY_RERUN_AICL=0, POWER_SUPPLY_AGE=100, POWER_SUPPLY_NAME=battery, POWER_SUPPLY_VOLTAGE_MAX=-22, POWER_SUPPLY_CONSTANT_CHARGE_CURRENT_MAX=2000000, POWER_SUPPLY_CHARGE_COUNTER=3398100, POWER_SUPPLY_STEP_CHARGING_ENABLED=0, POWER_SUPPLY_NUM_SYSTEM_TEMP_LEVELS=8, POWER_SUPPLY_DIE_HEALTH=Hot, POWER_SUPPLY_INPUT_SUSPEND=0}
04-20 19:33:24.483  1741  4636 V WindowManager: Changing focus from Window{1e964a8 u0 com.android.settings/com.android.settings.SubSettings EXITING} to Window{f73ad78 u0 com.android.settings/com.android.settings.SubSettings} displayId=0
04-20 19:33:24.489  1741  1741 V SettingsProvider: Notifying for 0: content://settings/system/screen_off_timeout
04-20 19:33:25.098  1741  2734 I WindowManager:   SURFACE SIZE set 720x1520 on display:0: StatusBar
04-20 19:33:29.754  1741  1760 V WindowManager: Changing focus from Window{f73ad78 u0 com.android.settings/com.android.settings.SubSettings} to Window{2decc30 u0 StatusBar} displayId=0
04-20 19:33:29.945  1741  1760 V WindowManager: Changing focus from Window{2decc30 u0 StatusBar} to Window{f73ad78 u0 com.android.settings/com.android.settings.SubSettings} displayId=0
04-20 19:33:29.967  1741  1760 I WindowManager:   SURFACE SIZE set 720x56 on display:0: StatusBar
04-20 19:34:10.235  1741  2047 I ActivityManager: Force stopping com.google.location.nearby.apps.connectedcrossroad appid=10216 user=0: from pid 23231
04-20 19:34:10.236  1741  2047 I ActivityManager: Killing 22255:com.google.location.nearby.apps.connectedcrossroad/u0a216 (adj 700): stop com.google.location.nearby.apps.connectedcrossroad
04-20 19:34:10.236  1741  2047 D ActivityManager: makeInactive, ProcessRecord{b9cc876 22255:com.google.location.nearby.apps.connectedcrossroad/u0a216}, clear holder.state
04-20 19:34:10.236  1741  2047 W ActivityTaskManager: Force removing ActivityRecord{70321c0 u0 com.google.location.nearby.apps.connectedcrossroad/nx.aodv.eval.MainActivity t8 f}: app died, no saved state
04-20 19:34:10.298  1741  1766 W ActivityManager: setHasOverlayUi called on unknown pid: 22255
04-20 19:34:21.029  1741  1787 I PackageManager: Update package com.google.location.nearby.apps.connectedcrossroad code path from /data/app/com.google.location.nearby.apps.connectedcrossroad-sx4zsgp_vt0rDPAltUPejA== to /data/app/com.google.location.nearby.apps.connectedcrossroad-uwoFp69aceWNOcMWKrfCaw==; Retain data and using new
04-20 19:34:21.029  1741  1787 I PackageManager: Update package com.google.location.nearby.apps.connectedcrossroad resource path from /data/app/com.google.location.nearby.apps.connectedcrossroad-sx4zsgp_vt0rDPAltUPejA== to /data/app/com.google.location.nearby.apps.connectedcrossroad-uwoFp69aceWNOcMWKrfCaw==; Retain data and using new
04-20 19:34:21.224  1741  1787 I PackageManager: Un-granting permission android.permission.MANAGE_DOCUMENTS from package com.google.android.youtube (protectionLevel=262146 flags=0x30dbbe45)
04-20 19:34:21.226  1741  1787 I PackageManager: Un-granting permission com.google.android.googleapps.permission.GOOGLE_AUTH from package com.android.providers.calendar (protectionLevel=2 flags=0x30883e45)
04-20 19:34:21.227  1741  1787 I PackageManager: Un-granting permission com.google.android.googleapps.permission.GOOGLE_AUTH.cl from package com.android.providers.calendar (protectionLevel=2 flags=0x30883e45)
04-20 19:34:21.227  1741  1787 I PackageManager: Un-granting permission com.google.android.gm.permission.READ_GMAIL from package com.google.android.apps.docs.editors.docs (protectionLevel=2 flags=0x38dbbe44)
04-20 19:34:21.227  1741  1787 I PackageManager: Un-granting permission com.google.android.googleapps.permission.GOOGLE_AUTH from package com.google.android.apps.docs.editors.docs (protectionLevel=2 flags=0x38dbbe44)
04-20 19:34:21.227  1741  1787 I PackageManager: Un-granting permission com.google.android.googleapps.permission.GOOGLE_AUTH.OTHER_SERVICES from package com.google.android.apps.docs.editors.docs (protectionLevel=2 flags=0x38dbbe44)
04-20 19:34:21.227  1741  1787 I PackageManager: Un-granting permission com.google.android.googleapps.permission.GOOGLE_AUTH.ALL_SERVICES from package com.google.android.apps.docs.editors.docs (protectionLevel=2 flags=0x38dbbe44)
04-20 19:34:21.227  1741  1787 I PackageManager: Un-granting permission com.google.android.googleapps.permission.GOOGLE_AUTH.writely from package com.google.android.apps.docs.editors.docs (protectionLevel=2 flags=0x38dbbe44)
04-20 19:34:21.227  1741  1787 I PackageManager: Un-granting permission com.google.android.googleapps.permission.GOOGLE_AUTH.wise from package com.google.android.apps.docs.editors.docs (protectionLevel=2 flags=0x38dbbe44)
04-20 19:34:21.228  1741  1787 I PackageManager: Un-granting permission android.permission.REQUEST_INSTALL_PACKAGES from package com.motorola.brapps (protectionLevel=66 flags=0x38483e45)
04-20 19:34:21.229  1741  1787 I PackageManager: Un-granting permission com.google.android.gm.permission.READ_GMAIL from package com.google.android.apps.docs.editors.sheets (protectionLevel=2 flags=0x38dbbe44)
04-20 19:34:21.229  1741  1787 I PackageManager: Un-granting permission com.google.android.googleapps.permission.GOOGLE_AUTH from package com.google.android.apps.docs.editors.sheets (protectionLevel=2 flags=0x38dbbe44)
04-20 19:34:21.229  1741  1787 I PackageManager: Un-granting permission com.google.android.googleapps.permission.GOOGLE_AUTH.OTHER_SERVICES from package com.google.android.apps.docs.editors.sheets (protectionLevel=2 flags=0x38dbbe44)
04-20 19:34:21.229  1741  1787 I PackageManager: Un-granting permission com.google.android.googleapps.permission.GOOGLE_AUTH.ALL_SERVICES from package com.google.android.apps.docs.editors.sheets (protectionLevel=2 flags=0x38dbbe44)
04-20 19:34:21.229  1741  1787 I PackageManager: Un-granting permission com.google.android.googleapps.permission.GOOGLE_AUTH.writely from package com.google.android.apps.docs.editors.sheets (protectionLevel=2 flags=0x38dbbe44)
04-20 19:34:21.229  1741  1787 I PackageManager: Un-granting permission com.google.android.googleapps.permission.GOOGLE_AUTH.wise from package com.google.android.apps.docs.editors.sheets (protectionLevel=2 flags=0x38dbbe44)
04-20 19:34:21.230  1741  1787 I PackageManager: Un-granting permission com.google.android.gm.permission.READ_GMAIL from package com.google.android.apps.docs.editors.slides (protectionLevel=2 flags=0x38dbbe44)
04-20 19:34:21.230  1741  1787 I PackageManager: Un-granting permission com.google.android.googleapps.permission.GOOGLE_AUTH from package com.google.android.apps.docs.editors.slides (protectionLevel=2 flags=0x38dbbe44)
04-20 19:34:21.230  1741  1787 I PackageManager: Un-granting permission com.google.android.googleapps.permission.GOOGLE_AUTH.OTHER_SERVICES from package com.google.android.apps.docs.editors.slides (protectionLevel=2 flags=0x38dbbe44)
04-20 19:34:21.230  1741  1787 I PackageManager: Un-granting permission com.google.android.googleapps.permission.GOOGLE_AUTH.ALL_SERVICES from package com.google.android.apps.docs.editors.slides (protectionLevel=2 flags=0x38dbbe44)
04-20 19:34:21.230  1741  1787 I PackageManager: Un-granting permission com.google.android.googleapps.permission.GOOGLE_AUTH.writely from package com.google.android.apps.docs.editors.slides (protectionLevel=2 flags=0x38dbbe44)
04-20 19:34:21.230  1741  1787 I PackageManager: Un-granting permission com.google.android.googleapps.permission.GOOGLE_AUTH.wise from package com.google.android.apps.docs.editors.slides (protectionLevel=2 flags=0x38dbbe44)
04-20 19:34:21.230  1741  1787 I PackageManager: Un-granting permission com.google.android.setupwizard.READ_DEVICE_ORIGIN from package com.google.android.apps.messaging (protectionLevel=18 flags=0x38cbbe45)
04-20 19:34:21.233  1741  1787 I PackageManager: Un-granting permission android.permission.SEND_DOWNLOAD_COMPLETED_INTENTS from package com.android.vending (protectionLevel=2 flags=0x38cabec5)
04-20 19:34:21.236  1741  1787 I PackageManager: Un-granting permission android.permission.BIND_CARRIER_SERVICES from package com.republicwireless.tel (protectionLevel=18 flags=0x30483e45)
04-20 19:34:21.237  1741  1787 I PackageManager: Un-granting permission android.permission.REQUEST_INSTALL_PACKAGES from package com.google.android.gm (protectionLevel=66 flags=0x38cbbe45)
04-20 19:34:21.239  1741  1787 I PackageManager: Un-granting permission android.permission.MANAGE_ROLE_HOLDERS from package com.google.android.apps.wellbeing (protectionLevel=258 flags=0x20cbbe45)
04-20 19:34:21.240  1741  1787 I PackageManager: Un-granting permission android.permission.REQUEST_INSTALL_PACKAGES from package com.google.android.apps.nbu.files (protectionLevel=66 flags=0x30c83e45)
04-20 19:34:21.240  1741  1787 I PackageManager: Un-granting permission android.permission.REQUEST_INSTALL_PACKAGES from package com.google.android.apps.docs (protectionLevel=66 flags=0x38cbbe45)
04-20 19:34:21.241  1741  1787 I PackageManager: Un-granting permission android.permission.INTERACT_ACROSS_USERS from package com.google.android.syncadapters.contacts (protectionLevel=50 flags=0x20883e45)
04-20 19:34:21.242  1741  1787 I PackageManager: Un-granting permission android.permission.REQUEST_INSTALL_PACKAGES from package com.android.chrome (protectionLevel=66 flags=0xa0cbbe45)
04-20 19:34:21.242  1741  1787 I PackageManager: Un-granting permission android.permission.CAPTURE_VIDEO_OUTPUT from package com.google.android.gms (protectionLevel=2 flags=0xa0cabec5)
04-20 19:34:21.243  1741  1787 I PackageManager: Un-granting permission android.permission.MANAGE_DEVICE_ADMINS from package com.google.android.gms (protectionLevel=2 flags=0xa0cabec5)
04-20 19:34:21.243  1741  1787 I PackageManager: Un-granting permission android.permission.MANAGE_ACTIVITY_STACKS from package com.google.android.gms (protectionLevel=2 flags=0xa0cabec5)
04-20 19:34:21.243  1741  1787 I PackageManager: Un-granting permission android.permission.CAPTURE_SECURE_VIDEO_OUTPUT from package com.google.android.gms (protectionLevel=2 flags=0xa0cabec5)
04-20 19:34:21.244  1741  1787 I PackageManager: Un-granting permission android.permission.MANAGE_ROLLBACKS from package com.google.android.gms (protectionLevel=514 flags=0xa0cabec5)
04-20 19:34:21.247  1741  1787 I PackageManager: Un-granting permission com.google.android.googleapps.permission.GOOGLE_AUTH from package com.google.android.videos (protectionLevel=2 flags=0x30dbbe45)
04-20 19:34:21.247  1741  1787 I PackageManager: Un-granting permission android.permission.WRITE_MEDIA_STORAGE from package com.google.android.apps.photos (protectionLevel=18 flags=0x38d9be45)
04-20 19:34:21.251  1741  1787 I PackageManager: Un-granting permission android.permission.CONNECTIVITY_INTERNAL from package com.google.android.wfcactivation (protectionLevel=18 flags=0x3888be45)
04-20 19:34:21.251  1741  1787 I PackageManager: Un-granting permission android.permission.READ_LOGS from package com.google.android.wfcactivation (protectionLevel=50 flags=0x3888be45)
04-20 19:34:21.251  1741  1787 I PackageManager: Un-granting permission android.permission.WRITE_APN_SETTINGS from package com.google.android.wfcactivation (protectionLevel=18 flags=0x3888be45)
04-20 19:34:21.251  1741  1787 I PackageManager: Un-granting permission android.permission.WRITE_SECURE_SETTINGS from package com.LogiaGroup.LogiaDeck (protectionLevel=50 flags=0x38483e45)
04-20 19:34:21.253  1741  1787 I PackageManager: Un-granting permission android.permission.READ_WALLPAPER_INTERNAL from package com.google.android.apps.wallpaper (protectionLevel=18 flags=0x20cbbe45)
04-20 19:34:21.375  1741  1773 W BroadcastQueue: Background execution not allowed: receiving Intent { act=android.intent.action.PACKAGE_REMOVED dat=package:com.google.location.nearby.apps.connectedcrossroad flg=0x4000010 (has extras) } to com.android.vending/com.google.android.finsky.packagemanager.impl.PackageMonitorReceiverImpl$RegisteredReceiver
04-20 19:34:21.375  1741  1773 W BroadcastQueue: Background execution not allowed: receiving Intent { act=android.intent.action.PACKAGE_REMOVED dat=package:com.google.location.nearby.apps.connectedcrossroad flg=0x4000010 (has extras) } to com.android.vending/com.google.android.finsky.instantapps.appmanagement.InstantAppRemoveMonitor
04-20 19:34:21.377  1741  1773 W BroadcastQueue: Background execution not allowed: receiving Intent { act=android.intent.action.PACKAGE_REMOVED dat=package:com.google.location.nearby.apps.connectedcrossroad flg=0x4000010 (has extras) } to com.google.android.gms/.games.chimera.GamesSystemBroadcastReceiverProxy
04-20 19:34:21.402  1741  1741 E LoadedApk: Unable to instantiate appComponentFactory
04-20 19:34:21.402  1741  1741 E LoadedApk: java.lang.ClassNotFoundException: Didn't find class "androidx.core.app.CoreComponentFactory" on path: DexPathList[[],nativeLibraryDirectories=[/system/app/YTMusic/lib/arm, /system/app/YTMusic/YTMusic.apk!/lib/armeabi-v7a, /system/lib, /product/lib, /system/lib, /product/lib]]
04-20 19:34:21.402  1741  1741 E LoadedApk: 	at dalvik.system.BaseDexClassLoader.findClass(BaseDexClassLoader.java:196)
04-20 19:34:21.402  1741  1741 E LoadedApk: 	at java.lang.ClassLoader.loadClass(ClassLoader.java:379)
04-20 19:34:21.402  1741  1741 E LoadedApk: 	at java.lang.ClassLoader.loadClass(ClassLoader.java:312)
04-20 19:34:21.402  1741  1741 E LoadedApk: 	at android.app.LoadedApk.createAppFactory(LoadedApk.java:256)
04-20 19:34:21.402  1741  1741 E LoadedApk: 	at android.app.LoadedApk.updateApplicationInfo(LoadedApk.java:370)
04-20 19:34:21.402  1741  1741 E LoadedApk: 	at android.app.ActivityThread.handleDispatchPackageBroadcast(ActivityThread.java:6186)
04-20 19:34:21.402  1741  1741 E LoadedApk: 	at android.app.ActivityThread$H.handleMessage(ActivityThread.java:2108)
04-20 19:34:21.402  1741  1741 E LoadedApk: 	at android.os.Handler.dispatchMessage(Handler.java:107)
04-20 19:34:21.402  1741  1741 E LoadedApk: 	at android.os.Looper.loop(Looper.java:241)
04-20 19:34:21.402  1741  1741 E LoadedApk: 	at com.android.server.SystemServer.run(SystemServer.java:585)
04-20 19:34:21.402  1741  1741 E LoadedApk: 	at com.android.server.SystemServer.main(SystemServer.java:381)
04-20 19:34:21.402  1741  1741 E LoadedApk: 	at java.lang.reflect.Method.invoke(Native Method)
04-20 19:34:21.402  1741  1741 E LoadedApk: 	at com.android.internal.os.RuntimeInit$MethodAndArgsCaller.run(RuntimeInit.java:492)
04-20 19:34:21.402  1741  1741 E LoadedApk: 	at com.android.internal.os.ZygoteInit.main(ZygoteInit.java:919)
04-20 19:34:21.416  1741  2054 W AccountManagerService: User 10216 does not exist. It might be removed already.
04-20 19:34:21.427  1741  2656 W LocationProviderProxy: Odd, no component found for service com.android.location.service.v3.NetworkLocationProvider
04-20 19:34:21.444  1741  1773 W BroadcastQueue: Background execution not allowed: receiving Intent { act=android.intent.action.PACKAGE_REMOVED dat=package:com.google.location.nearby.apps.connectedcrossroad flg=0x4000010 (has extras) } to com.google.android.gms/.chimera.GmsIntentOperationService$PersistentTrustedReceiver
04-20 19:34:21.447  1741  1773 W BroadcastQueue: Background execution not allowed: receiving Intent { act=android.intent.action.PACKAGE_REMOVED dat=package:com.google.location.nearby.apps.connectedcrossroad flg=0x4000010 (has extras) } to com.google.android.googlequicksearchbox/com.google.android.apps.gsa.googlequicksearchbox.GelStubAppWatcher
04-20 19:34:21.448  1741  1773 W BroadcastQueue: Background execution not allowed: receiving Intent { act=android.intent.action.PACKAGE_REMOVED dat=package:com.google.location.nearby.apps.connectedcrossroad flg=0x4000010 (has extras) } to com.verizon.loginengine.unbranded/com.verizon.vzwavs.AVSSystemReceiver
04-20 19:34:21.457  1741  1774 I ActivityManager: Start proc 23293:com.android.keychain/1000 for service {com.android.keychain/com.android.keychain.KeyChainService}
04-20 19:34:21.468  1741  1773 W BroadcastQueue: Background execution not allowed: receiving Intent { act=android.intent.action.PACKAGE_REMOVED dat=package:com.google.location.nearby.apps.connectedcrossroad flg=0x4000010 (has extras) } to com.google.android.apps.magazines/com.google.android.libraries.social.peoplekit.thirdparty.viewcontrollers.ThirdPartyReceiver
04-20 19:34:21.485  1741  1773 W BroadcastQueue: Background execution not allowed: receiving Intent { act=android.intent.action.PACKAGE_ADDED dat=package:com.google.location.nearby.apps.connectedcrossroad flg=0x4000010 (has extras) } to com.google.android.packageinstaller/com.android.packageinstaller.PackageInstalledReceiver
04-20 19:34:21.486  1741  1773 W BroadcastQueue: Background execution not allowed: receiving Intent { act=android.intent.action.PACKAGE_ADDED dat=package:com.google.location.nearby.apps.connectedcrossroad flg=0x4000010 (has extras) } to com.android.vending/com.google.android.finsky.packagemanager.impl.PackageMonitorReceiverImpl$RegisteredReceiver
04-20 19:34:21.491  1741  1773 W BroadcastQueue: Background execution not allowed: receiving Intent { act=android.intent.action.PACKAGE_ADDED dat=package:com.google.location.nearby.apps.connectedcrossroad flg=0x4000010 (has extras) } to com.facebook.appmanager/com.facebook.oxygen.common.packages.event.manifest.ManifestPackageEventReceiver
04-20 19:34:21.491  1741  1773 W BroadcastQueue: Background execution not allowed: receiving Intent { act=android.intent.action.PACKAGE_ADDED dat=package:com.google.location.nearby.apps.connectedcrossroad flg=0x4000010 (has extras) } to com.google.android.gms/.games.chimera.GamesSystemBroadcastReceiverProxy
04-20 19:34:21.492  1741  1773 W BroadcastQueue: Background execution not allowed: receiving Intent { act=android.intent.action.PACKAGE_ADDED dat=package:com.google.location.nearby.apps.connectedcrossroad flg=0x4000010 (has extras) } to com.google.android.gms/.gass.chimera.PackageChangeBroadcastReceiver
04-20 19:34:21.492  1741  1773 W BroadcastQueue: Background execution not allowed: receiving Intent { act=android.intent.action.PACKAGE_ADDED dat=package:com.google.location.nearby.apps.connectedcrossroad flg=0x4000010 (has extras) } to com.google.android.gms/.chimera.GmsIntentOperationService$PersistentTrustedReceiver
04-20 19:34:21.492  1741  1773 W BroadcastQueue: Background execution not allowed: receiving Intent { act=android.intent.action.PACKAGE_ADDED dat=package:com.google.location.nearby.apps.connectedcrossroad flg=0x4000010 (has extras) } to com.google.android.googlequicksearchbox/com.google.android.apps.gsa.googlequicksearchbox.GelStubAppWatcher
04-20 19:34:21.492  1741  1773 W BroadcastQueue: Background execution not allowed: receiving Intent { act=android.intent.action.PACKAGE_ADDED dat=package:com.google.location.nearby.apps.connectedcrossroad flg=0x4000010 (has extras) } to com.google.android.ims/.receivers.RcsAutoStartReceiver
04-20 19:34:21.508  1741  1759 W BroadcastQueue: Background execution not allowed: receiving Intent { act=android.intent.action.PACKAGE_ADDED dat=package:com.google.location.nearby.apps.connectedcrossroad flg=0x4000010 (has extras) } to com.verizon.loginengine.unbranded/com.verizon.vzwavs.AVSSystemReceiver
