04-20 20:20:22.015 30702 30739 I Bugle   : BugleMddTaskScheduler: Scheduling MDD job, tag: MDD.WIFI.CHARGING.PERIODIC.TASK, period: 3600
04-20 20:20:22.047 30702 30739 I Bugle   : BugleMddTaskScheduler: Successfully updated period. tag: MDD.WIFI.CHARGING.PERIODIC.TASK, period: 3600
04-20 20:20:22.048 30702 30739 I Bugle   : BugleMddTaskScheduler: Successfully updated period. tag: MDD.CELLULAR.CHARGING.PERIODIC.TASK, period: 21600
04-20 20:20:22.048 30702 30739 I Bugle   : BugleMddTaskScheduler: Successfully updated period. tag: MDD.MAINTENANCE.PERIODIC.GCM.TASK, period: 86400
04-20 20:20:22.048 30702 30739 I Bugle   : BugleMddTaskScheduler: Successfully updated period. tag: MDD.CHARGING.PERIODIC.TASK, period: 21600
04-20 20:20:22.065  2764 18320 I CarrierServices: [146] cqg.a: Received Provisioning Event: [Bugle information (100)]
04-20 20:20:22.066  2764 18320 I CarrierServices: [146] cqg.a: JibeService is running, passing event to provisioning engine.
04-20 20:20:22.066  2764 18320 I CarrierServices: [146] chp.a: Handling Provisioning Event: [Bugle information (100)]
04-20 20:20:22.066  2764 18320 I CarrierServices: [146] cjb.a: RcsAvailabilityManager: Calculating Rcs Availability
04-20 20:20:22.066  2764 18320 I CarrierServices: [146] chm.b: Bugle ContentProvider is disabled by p/h flag, using ProvisioningEngineStateCacheUtil.getBugleHasRequiredPermission()
04-20 20:20:22.067  2764 18320 I CarrierServices: [146] chm.b: Bugle has minimum required RCS permissions: true
04-20 20:20:22.069  2764 18320 W CarrierServices: [146] clm.a: No config URL. RCS will be disabled!
04-20 20:20:22.070  2764 18320 I CarrierServices: [146] cjb.a: RcsAvailabilityManager: Rcs Availability still DISABLED_VIA_GSERVICES (RCS is disabled for this carrier by Google)
04-20 20:20:22.185  1746  3666 D ConnectivityService: requestNetwork for uid/pid:10179/30702 NetworkRequest [ TRACK_DEFAULT id=103, [ Capabilities: INTERNET&NOT_RESTRICTED&TRUSTED Uid: 10179] ]
04-20 20:20:22.188  2506  2506 D PhoneSwitcherNetworkRequstListener: got request NetworkRequest [ TRACK_DEFAULT id=103, [ Capabilities: INTERNET&NOT_RESTRICTED&TRUSTED Uid: 10179] ] with score 60 and serial -1
04-20 20:20:22.188  1746  2246 D WifiNetworkFactory: got request NetworkRequest [ TRACK_DEFAULT id=103, [ Capabilities: INTERNET&NOT_RESTRICTED&TRUSTED Uid: 10179] ] with score 60 and serial -1
04-20 20:20:22.189  1746  2246 D UntrustedWifiNetworkFactory: got request NetworkRequest [ TRACK_DEFAULT id=103, [ Capabilities: INTERNET&NOT_RESTRICTED&TRUSTED Uid: 10179] ] with score 60 and serial -1
04-20 20:20:22.189  1746  2285 D Ethernet: got request NetworkRequest [ TRACK_DEFAULT id=103, [ Capabilities: INTERNET&NOT_RESTRICTED&TRUSTED Uid: 10179] ] with score 60 and serial -1
04-20 20:20:22.214  1746  1760 I system_server: Background concurrent copying GC freed 261719(11MB) AllocSpace objects, 148(4824KB) LOS objects, 42% free, 19MB/33MB, paused 149us total 462.852ms
04-20 20:20:22.277 30702 30733 I cr_CronetLibraryLoader: Cronet version: 85.0.4183.127, arch: armv7l
04-20 20:20:22.515  1746  3666 I BatteryStatsService: In wakeup_callback: suspend aborted
04-20 20:20:24.253  1746  3666 I BatteryStatsService: In wakeup_callback: resumed from suspend
04-20 20:20:27.925  1746  3666 I BatteryStatsService: In wakeup_callback: resumed from suspend
04-20 20:20:28.852  1746  1764 I BatteryStatsService: In wakeup_callback: resumed from suspend
04-20 20:20:28.900 20429 20577 W Binder  : reply too large data on java level: InterfaceDescriptor = null, code = 46
04-20 20:20:28.901 30702 30738 E JavaBinder: !!! FAILED BINDER TRANSACTION !!!  (parcel size = 696)
04-20 20:20:28.902 30702 30738 W GmsClient: IGmsServiceBroker.getService failed
04-20 20:20:28.902 30702 30738 W GmsClient: android.os.DeadObjectException: Transaction failed on small parcel; remote process probably died
04-20 20:20:28.902 30702 30738 W GmsClient: 	at android.os.BinderProxy.transactNative(Native Method)
04-20 20:20:28.902 30702 30738 W GmsClient: 	at android.os.BinderProxy.transact(BinderProxy.java:511)
04-20 20:20:28.902 30702 30738 W GmsClient: 	at qgo.getService(PG:10)
04-20 20:20:28.902 30702 30738 W GmsClient: 	at com.google.android.gms.common.internal.BaseGmsClient.a(PG:107)
04-20 20:20:28.902 30702 30738 W GmsClient: 	at qcy.run(PG:8)
04-20 20:20:28.902 30702 30738 W GmsClient: 	at android.os.Handler.handleCallback(Handler.java:883)
04-20 20:20:28.902 30702 30738 W GmsClient: 	at android.os.Handler.dispatchMessage(Handler.java:100)
04-20 20:20:28.902 30702 30738 W GmsClient: 	at qtd.a(PG:5)
04-20 20:20:28.902 30702 30738 W GmsClient: 	at qtd.dispatchMessage(PG:4)
04-20 20:20:28.902 30702 30738 W GmsClient: 	at android.os.Looper.loop(Looper.java:241)
04-20 20:20:28.902 30702 30738 W GmsClient: 	at android.os.HandlerThread.run(HandlerThread.java:67)
04-20 20:20:29.382  1746  1764 I BatteryStatsService: In wakeup_callback: suspend aborted
04-20 20:20:30.701  1746  1764 I BatteryStatsService: In wakeup_callback: resumed from suspend
04-20 20:20:34.343  1746  1764 W ActivityManager: Background start not allowed: service Intent { cmp=com.google.android.apps.messaging/.shared.datamodel.action.execution.ActionExecutorImpl$EmptyService } to com.google.android.apps.messaging/.shared.datamodel.action.execution.ActionExecutorImpl$EmptyService from pid=30702 uid=10179 pkg=com.google.android.apps.messaging startFg?=false
04-20 20:20:33.157  1746  1764 I BatteryStatsService: In wakeup_callback: resumed from suspend
04-20 20:20:34.346 30702 30702 W BugleDataModel: ActionExecutorImpl: Action started execution, but we can't guarantee it will complete, the app may be killed. Action: class com.google.android.apps.messaging.shared.datamodel.action.GenericWorkerQueueAction-GenericWorkerQueueAction:4353300012
04-20 20:20:34.346 30702 30702 W BugleDataModel: java.lang.IllegalStateException: Not allowed to start service Intent { cmp=com.google.android.apps.messaging/.shared.datamodel.action.execution.ActionExecutorImpl$EmptyService }: app is in background uid UidRecord{aecbaba u0a179 CEM  idle change:cached procs:1 seq(0,0,0)}
04-20 20:20:34.346 30702 30702 W BugleDataModel: 	at android.app.ContextImpl.startServiceCommon(ContextImpl.java:1631)
04-20 20:20:34.346 30702 30702 W BugleDataModel: 	at android.app.ContextImpl.startService(ContextImpl.java:1586)
04-20 20:20:34.346 30702 30702 W BugleDataModel: 	at android.content.ContextWrapper.startService(ContextWrapper.java:669)
04-20 20:20:34.346 30702 30702 W BugleDataModel: 	at com.google.android.apps.messaging.shared.datamodel.action.execution.ActionExecutorImpl.a(PG:94)
04-20 20:20:34.346 30702 30702 W BugleDataModel: 	at com.google.android.apps.messaging.shared.datamodel.action.execution.ActionExecutorImpl.a(PG:89)
04-20 20:20:34.346 30702 30702 W BugleDataModel: 	at fna.c(PG:112)
04-20 20:20:34.346 30702 30702 W BugleDataModel: 	at fmx.run(PG:1)
04-20 20:20:34.346 30702 30702 W BugleDataModel: 	at aajl.run(PG:3)
04-20 20:20:34.346 30702 30702 W BugleDataModel: 	at android.os.Handler.handleCallback(Handler.java:883)
04-20 20:20:34.346 30702 30702 W BugleDataModel: 	at android.os.Handler.dispatchMessage(Handler.java:100)
04-20 20:20:34.346 30702 30702 W BugleDataModel: 	at android.os.Looper.loop(Looper.java:241)
04-20 20:20:34.346 30702 30702 W BugleDataModel: 	at android.app.ActivityThread.main(ActivityThread.java:7604)
04-20 20:20:34.346 30702 30702 W BugleDataModel: 	at java.lang.reflect.Method.invoke(Native Method)
04-20 20:20:34.346 30702 30702 W BugleDataModel: 	at com.android.internal.os.RuntimeInit$MethodAndArgsCaller.run(RuntimeInit.java:492)
04-20 20:20:34.346 30702 30702 W BugleDataModel: 	at com.android.internal.os.ZygoteInit.main(ZygoteInit.java:941)
04-20 20:20:34.385  1746  1764 I BatteryStatsService: In wakeup_callback: resumed from suspend
04-20 20:20:35.607  1746  1764 I chatty  : uid=1000(system) Binder:1746_1 identical 2 lines
04-20 20:20:36.543  1746  1764 I BatteryStatsService: In wakeup_callback: resumed from suspend
04-20 20:20:36.772  1746  1764 I BatteryStatsService: In wakeup_callback: suspend aborted
04-20 20:20:38.368  1746  1764 I BatteryStatsService: In wakeup_callback: resumed from suspend
04-20 20:20:39.599  1746  2444 I BatteryStatsService: In wakeup_callback: resumed from suspend
04-20 20:20:40.823  1746  2444 I BatteryStatsService: In wakeup_callback: resumed from suspend
04-20 20:20:40.847 20429 20577 W Binder  : reply too large data on java level: InterfaceDescriptor = null, code = 46
04-20 20:20:40.848 30702 30738 E JavaBinder: !!! FAILED BINDER TRANSACTION !!!  (parcel size = 696)
04-20 20:20:40.849 30702 30738 W GmsClient: IGmsServiceBroker.getService failed
04-20 20:20:40.849 30702 30738 W GmsClient: android.os.DeadObjectException: Transaction failed on small parcel; remote process probably died
04-20 20:20:40.849 30702 30738 W GmsClient: 	at android.os.BinderProxy.transactNative(Native Method)
04-20 20:20:40.849 30702 30738 W GmsClient: 	at android.os.BinderProxy.transact(BinderProxy.java:511)
04-20 20:20:40.849 30702 30738 W GmsClient: 	at qgo.getService(PG:10)
04-20 20:20:40.849 30702 30738 W GmsClient: 	at com.google.android.gms.common.internal.BaseGmsClient.a(PG:107)
04-20 20:20:40.849 30702 30738 W GmsClient: 	at qcy.run(PG:8)
04-20 20:20:40.849 30702 30738 W GmsClient: 	at android.os.Handler.handleCallback(Handler.java:883)
04-20 20:20:40.849 30702 30738 W GmsClient: 	at android.os.Handler.dispatchMessage(Handler.java:100)
04-20 20:20:40.849 30702 30738 W GmsClient: 	at qtd.a(PG:5)
04-20 20:20:40.849 30702 30738 W GmsClient: 	at qtd.dispatchMessage(PG:4)
04-20 20:20:40.849 30702 30738 W GmsClient: 	at android.os.Looper.loop(Looper.java:241)
04-20 20:20:40.849 30702 30738 W GmsClient: 	at android.os.HandlerThread.run(HandlerThread.java:67)
04-20 20:20:41.456  1746  2444 I BatteryStatsService: In wakeup_callback: resumed from suspend
04-20 20:20:43.733  1746  2444 I BatteryStatsService: In wakeup_callback: resumed from suspend
04-20 20:20:43.895  1746  2444 I BatteryStatsService: In wakeup_callback: suspend aborted
04-20 20:20:44.154  1746  2444 I BatteryStatsService: In wakeup_callback: suspend aborted
04-20 20:20:45.755  1746  2444 I BatteryStatsService: In wakeup_callback: resumed from suspend
04-20 20:20:50.660  1746  2444 I BatteryStatsService: In wakeup_callback: resumed from suspend
04-20 20:20:50.935     8     8 W rcu_sched: type=1400 audit(0.0:743): avc: denied { kill } for uid=0 capability=5 scontext=u:r:kernel:s0 tcontext=u:r:kernel:s0 tclass=capability permissive=0
04-20 20:20:51.112  1746  2444 I BatteryStatsService: In wakeup_callback: suspend aborted
04-20 20:20:51.164  1746  1775 W ProcessCpuTracker: Failed to stat(/proc/30861): android.system.ErrnoException: stat failed: ENOENT (No such file or directory)
04-20 20:20:51.164  1746  1775 W ProcessCpuTracker: Skipping unknown process pid 30861
04-20 20:20:51.269  1746  1776 I ActivityManager: Waited long enough for: ServiceRecord{7606d2a u0 com.google.android.googlequicksearchbox/com.google.android.apps.gsa.shared.util.keepalive.StandaloneKeepAlive$KeepAliveService}
04-20 20:20:51.314 20429 20577 W Binder  : reply too large data on java level: InterfaceDescriptor = null, code = 46
04-20 20:20:51.315 30702 30738 E JavaBinder: !!! FAILED BINDER TRANSACTION !!!  (parcel size = 696)
04-20 20:20:51.316 30702 30738 W GmsClient: IGmsServiceBroker.getService failed
04-20 20:20:51.316 30702 30738 W GmsClient: android.os.DeadObjectException: Transaction failed on small parcel; remote process probably died
04-20 20:20:51.316 30702 30738 W GmsClient: 	at android.os.BinderProxy.transactNative(Native Method)
04-20 20:20:51.316 30702 30738 W GmsClient: 	at android.os.BinderProxy.transact(BinderProxy.java:511)
04-20 20:20:51.316 30702 30738 W GmsClient: 	at qgo.getService(PG:10)
04-20 20:20:51.316 30702 30738 W GmsClient: 	at com.google.android.gms.common.internal.BaseGmsClient.a(PG:107)
04-20 20:20:51.316 30702 30738 W GmsClient: 	at qcy.run(PG:8)
04-20 20:20:51.316 30702 30738 W GmsClient: 	at android.os.Handler.handleCallback(Handler.java:883)
04-20 20:20:51.316 30702 30738 W GmsClient: 	at android.os.Handler.dispatchMessage(Handler.java:100)
04-20 20:20:51.316 30702 30738 W GmsClient: 	at qtd.a(PG:5)
04-20 20:20:51.316 30702 30738 W GmsClient: 	at qtd.dispatchMessage(PG:4)
04-20 20:20:51.316 30702 30738 W GmsClient: 	at android.os.Looper.loop(Looper.java:241)
04-20 20:20:51.316 30702 30738 W GmsClient: 	at android.os.HandlerThread.run(HandlerThread.java:67)
04-20 20:20:51.445  1746  2444 I BatteryStatsService: In wakeup_callback: suspend aborted
04-20 20:20:51.937  1746  2444 I BatteryStatsService: In wakeup_callback: suspend aborted
04-20 20:20:54.025  1746  1764 I BatteryStatsService: In wakeup_callback: suspend aborted
04-20 20:20:56.004  1746  1764 I BatteryStatsService: In wakeup_callback: suspend aborted
04-20 20:20:56.390 30702 30738 E JavaBinder: !!! FAILED BINDER TRANSACTION !!!  (parcel size = 696)
04-20 20:20:56.392 30702 30738 W GmsClient: IGmsServiceBroker.getService failed
04-20 20:20:56.392 30702 30738 W GmsClient: android.os.DeadObjectException: Transaction failed on small parcel; remote process probably died
04-20 20:20:56.392 30702 30738 W GmsClient: 	at android.os.BinderProxy.transactNative(Native Method)
04-20 20:20:56.392 30702 30738 W GmsClient: 	at android.os.BinderProxy.transact(BinderProxy.java:511)
04-20 20:20:56.392 30702 30738 W GmsClient: 	at qgo.getService(PG:10)
04-20 20:20:56.392 30702 30738 W GmsClient: 	at com.google.android.gms.common.internal.BaseGmsClient.a(PG:107)
04-20 20:20:56.392 30702 30738 W GmsClient: 	at qcy.run(PG:8)
04-20 20:20:56.392 30702 30738 W GmsClient: 	at android.os.Handler.handleCallback(Handler.java:883)
04-20 20:20:56.392 30702 30738 W GmsClient: 	at android.os.Handler.dispatchMessage(Handler.java:100)
04-20 20:20:56.392 30702 30738 W GmsClient: 	at qtd.a(PG:5)
04-20 20:20:56.392 30702 30738 W GmsClient: 	at qtd.dispatchMessage(PG:4)
04-20 20:20:56.392 30702 30738 W GmsClient: 	at android.os.Looper.loop(Looper.java:241)
04-20 20:20:56.392 30702 30738 W GmsClient: 	at android.os.HandlerThread.run(HandlerThread.java:67)
04-20 20:20:59.576  1746  1764 I BatteryStatsService: In wakeup_callback: suspend aborted
04-20 20:21:01.085     0     0 W swapper/0: type=1400 audit(0.0:744): avc: denied { kill } for uid=0 capability=5 scontext=u:r:kernel:s0 tcontext=u:r:kernel:s0 tclass=capability permissive=0
04-20 20:21:01.467 30702 30738 E JavaBinder: !!! FAILED BINDER TRANSACTION !!!  (parcel size = 696)
04-20 20:21:01.468 30702 30738 W GmsClient: IGmsServiceBroker.getService failed
04-20 20:21:01.468 30702 30738 W GmsClient: android.os.DeadObjectException: Transaction failed on small parcel; remote process probably died
04-20 20:21:01.468 30702 30738 W GmsClient: 	at android.os.BinderProxy.transactNative(Native Method)
04-20 20:21:01.468 30702 30738 W GmsClient: 	at android.os.BinderProxy.transact(BinderProxy.java:511)
04-20 20:21:01.468 30702 30738 W GmsClient: 	at qgo.getService(PG:10)
04-20 20:21:01.468 30702 30738 W GmsClient: 	at com.google.android.gms.common.internal.BaseGmsClient.a(PG:107)
04-20 20:21:01.468 30702 30738 W GmsClient: 	at qcy.run(PG:8)
04-20 20:21:01.468 30702 30738 W GmsClient: 	at android.os.Handler.handleCallback(Handler.java:883)
04-20 20:21:01.468 30702 30738 W GmsClient: 	at android.os.Handler.dispatchMessage(Handler.java:100)
04-20 20:21:01.468 30702 30738 W GmsClient: 	at qtd.a(PG:5)
04-20 20:21:01.468 30702 30738 W GmsClient: 	at qtd.dispatchMessage(PG:4)
04-20 20:21:01.468 30702 30738 W GmsClient: 	at android.os.Looper.loop(Looper.java:241)
04-20 20:21:01.468 30702 30738 W GmsClient: 	at android.os.HandlerThread.run(HandlerThread.java:67)
04-20 20:20:56.389 20429 20577 I chatty  : uid=10157(com.google.android.gms) Binder:20429_9 identical 1 line
04-20 20:21:01.466 20429 20577 W Binder  : reply too large data on java level: InterfaceDescriptor = null, code = 46
04-20 20:21:01.592  1746  2064 D BatteryService: uevent={POWER_SUPPLY_DP_DM=0, POWER_SUPPLY_VOLTAGE_NOW=4255154, POWER_SUPPLY_SW_JEITA_ENABLED=0, POWER_SUPPLY_CHARGE_CONTROL_LIMIT_MAX=8, POWER_SUPPLY_RECHARGE_SOC=99, POWER_SUPPLY_HEALTH=Good, POWER_SUPPLY_TECHNOLOGY=Li-ion, POWER_SUPPLY_FCC_STEPPER_ENABLE=0, SEQNUM=20813, POWER_SUPPLY_INPUT_CURRENT_LIMITED=0, POWER_SUPPLY_CHARGE_CONTROL_LIMIT=0, POWER_SUPPLY_BATTERY_CHARGING_ENABLED=1, POWER_SUPPLY_STATUS=Discharging, POWER_SUPPLY_CYCLE_COUNT=1, POWER_SUPPLY_CURRENT_MAX=2000000, POWER_SUPPLY_CHARGE_TERM_CURRENT=-101, POWER_SUPPLY_CAPACITY=92, DEVPATH=/devices/platform/soc/200f000.qcom,spmi/spmi-0/spmi0-02/200f000.qcom,spmi:qcom,pmi632@2:qcom,qpnp-smb5/power_supply/battery, POWER_SUPPLY_CHARGE_DONE=0, POWER_SUPPLY_CHARGE_TYPE=N/A, POWER_SUPPLY_CHARGE_RATE=None, POWER_SUPPLY_CURRENT_NOW=-87127, POWER_SUPPLY_SYSTEM_TEMP_LEVEL=0, POWER_SUPPLY_PRESENT=1, POWER_SUPPLY_PARALLEL_DISABLE=0, POWER_SUPPLY_CHARGE_FULL=3615000, SUBSYSTEM=power_supply, POWER_SUPPLY_SET_SHIP_MODE=0, POWER_SUPPLY_TEMP=250, ACTION=change, POWER_SUPPLY_RERUN_AICL=0, POWER_SUPPLY_AGE=100, POWER_SUPPLY_NAME=battery, POWER_SUPPLY_VOLTAGE_MAX=-22, POWER_SUPPLY_CONSTANT_CHARGE_CURRENT_MAX=2000000, POWER_SUPPLY_CHARGE_COUNTER=3325800, POWER_SUPPLY_STEP_CHARGING_ENABLED=0, POWER_SUPPLY_NUM_SYSTEM_TEMP_LEVELS=8, POWER_SUPPLY_DIE_HEALTH=Hot, POWER_SUPPLY_INPUT_SUSPEND=0}
04-20 20:21:01.609  2506  2506 D QtiCarrierConfigHelper: WARNING, no carrier configs on phone Id: 0
04-20 20:21:07.257  1746  1764 I BatteryStatsService: In wakeup_callback: resumed from suspend
04-20 20:21:08.489  1746  1764 I BatteryStatsService: In wakeup_callback: resumed from suspend
04-20 20:21:08.507 20429 20577 W Binder  : reply too large data on java level: InterfaceDescriptor = null, code = 46
04-20 20:21:08.508 30702 30738 E JavaBinder: !!! FAILED BINDER TRANSACTION !!!  (parcel size = 696)
04-20 20:21:08.509 30702 30738 W GmsClient: IGmsServiceBroker.getService failed
04-20 20:21:08.509 30702 30738 W GmsClient: android.os.DeadObjectException: Transaction failed on small parcel; remote process probably died
04-20 20:21:08.509 30702 30738 W GmsClient: 	at android.os.BinderProxy.transactNative(Native Method)
04-20 20:21:08.509 30702 30738 W GmsClient: 	at android.os.BinderProxy.transact(BinderProxy.java:511)
04-20 20:21:08.509 30702 30738 W GmsClient: 	at qgo.getService(PG:10)
04-20 20:21:08.509 30702 30738 W GmsClient: 	at com.google.android.gms.common.internal.BaseGmsClient.a(PG:107)
04-20 20:21:08.509 30702 30738 W GmsClient: 	at qcy.run(PG:8)
04-20 20:21:08.509 30702 30738 W GmsClient: 	at android.os.Handler.handleCallback(Handler.java:883)
04-20 20:21:08.509 30702 30738 W GmsClient: 	at android.os.Handler.dispatchMessage(Handler.java:100)
04-20 20:21:08.509 30702 30738 W GmsClient: 	at qtd.a(PG:5)
04-20 20:21:08.509 30702 30738 W GmsClient: 	at qtd.dispatchMessage(PG:4)
04-20 20:21:08.509 30702 30738 W GmsClient: 	at android.os.Looper.loop(Looper.java:241)
04-20 20:21:08.509 30702 30738 W GmsClient: 	at android.os.HandlerThread.run(HandlerThread.java:67)
04-20 20:21:09.705  1746  1764 I BatteryStatsService: In wakeup_callback: resumed from suspend
04-20 20:21:12.782  1746  1764 I BatteryStatsService: In wakeup_callback: resumed from suspend
04-20 20:21:12.981  1746  1764 I BatteryStatsService: In wakeup_callback: suspend aborted
04-20 20:21:14.612   724   724 I netd    : firewallReplaceUidChain("fw_dozable", "true", [1000,1001,1007,1068,2000,10056,10057,10066,10067,10072,10103,10104,10108,10110,10117,10121,10122,10126,10127,10132,10145,10147,10152,10155,10157,10159,10162,10164,10165,10166,10167,10168]) -> {"true"} <0.82ms>
04-20 20:21:14.612  2315  2315 W View    : requestLayout() improperly called by com.android.systemui.statusbar.HeadsUpStatusBarView{aa901f7 I.E...... ......ID 0,0-248,56 #7f0a01f7 app:id/heads_up_status_bar_view} during layout: running second layout pass
04-20 20:21:14.613   724   724 I netd    : firewallEnableChildChain(1, "true") <0.04ms>
04-20 20:21:14.614   724   724 I netd    : socketDestroy([1000,1001,1007,1068,2000,10056,10057,10066,10067,10072,10103,10104,10108,10110,10117,10121,10122,10126,10127,10132,10145,10147,10152,10155,10157,10159,10162,10164,10165,10166,10167,10168]) <0.86ms>
04-20 20:21:14.623  1746  2251 D ConnectivityService: Blocked status changed to true for 10179(103) on netId 100
04-20 20:21:14.623  1746  2251 D ConnectivityService: Blocked status changed to true for 10179(104) on netId 100
04-20 20:21:14.624  1746  2251 D ConnectivityService: Blocked status changed to true for 10120(72) on netId 100
04-20 20:21:14.625  1746  2251 D ConnectivityService: Blocked status changed to true for 10120(73) on netId 100
04-20 20:21:14.630  1746  2251 D ConnectivityService: Blocked status changed to true for 10130(69) on netId 100
04-20 20:21:14.637  1746  2251 D ConnectivityService: Blocked status changed to true for 10107(22) on netId 100
04-20 20:21:14.637  1746  2251 D ConnectivityService: Blocked status changed to true for 10107(23) on netId 100
04-20 20:21:14.698 17704 30916 I chatty  : uid=10157 com.google.android.gms.persistent expire 1 line
04-20 20:21:14.744  1746  1764 W AppOps  : Noting op not finished: uid 10157 pkg com.google.android.gms code 79 time=1618964409557 duration=0
04-20 20:21:14.746  1746  3666 W AppOps  : Noting op not finished: uid 10157 pkg com.google.android.gms code 79 time=1618964474744 duration=0
04-20 20:21:14.751  1746  2444 W AppOps  : Noting op not finished: uid 10157 pkg com.google.android.gms code 79 time=1618964474746 duration=0
04-20 20:21:14.753  1746  1765 W AppOps  : Noting op not finished: uid 10157 pkg com.google.android.gms code 79 time=1618964474751 duration=0
04-20 20:21:14.797 17704 17726 I chatty  : uid=10157(com.google.android.gms) FinalizerDaemon expire 10 lines
04-20 20:21:15.832     0     0 W swapper/0: type=1400 audit(0.0:745): avc: denied { kill } for uid=0 capability=5 scontext=u:r:kernel:s0 tcontext=u:r:kernel:s0 tclass=capability permissive=0
04-20 20:21:15.856  1746  3666 I BatteryStatsService: In wakeup_callback: resumed from suspend
04-20 20:21:17.083  1746  3666 I BatteryStatsService: In wakeup_callback: resumed from suspend
04-20 20:21:17.261  1746  3666 I BatteryStatsService: In wakeup_callback: suspend aborted
04-20 20:21:17.380 20429 20577 W Binder  : reply too large data on java level: InterfaceDescriptor = null, code = 46
04-20 20:21:17.381 30702 30738 E JavaBinder: !!! FAILED BINDER TRANSACTION !!!  (parcel size = 696)
04-20 20:21:17.382 30702 30738 W GmsClient: IGmsServiceBroker.getService failed
04-20 20:21:17.382 30702 30738 W GmsClient: android.os.DeadObjectException: Transaction failed on small parcel; remote process probably died
04-20 20:21:17.382 30702 30738 W GmsClient: 	at android.os.BinderProxy.transactNative(Native Method)
04-20 20:21:17.382 30702 30738 W GmsClient: 	at android.os.BinderProxy.transact(BinderProxy.java:511)
04-20 20:21:17.382 30702 30738 W GmsClient: 	at qgo.getService(PG:10)
04-20 20:21:17.382 30702 30738 W GmsClient: 	at com.google.android.gms.common.internal.BaseGmsClient.a(PG:107)
04-20 20:21:17.382 30702 30738 W GmsClient: 	at qcy.run(PG:8)
04-20 20:21:17.382 30702 30738 W GmsClient: 	at android.os.Handler.handleCallback(Handler.java:883)
04-20 20:21:17.382 30702 30738 W GmsClient: 	at android.os.Handler.dispatchMessage(Handler.java:100)
04-20 20:21:17.382 30702 30738 W GmsClient: 	at qtd.a(PG:5)
04-20 20:21:17.382 30702 30738 W GmsClient: 	at qtd.dispatchMessage(PG:4)
04-20 20:21:17.382 30702 30738 W GmsClient: 	at android.os.Looper.loop(Looper.java:241)
04-20 20:21:17.382 30702 30738 W GmsClient: 	at android.os.HandlerThread.run(HandlerThread.java:67)
04-20 20:21:17.770  1746  3666 I BatteryStatsService: In wakeup_callback: suspend aborted
04-20 20:21:18.010 30447 30447 I MotoDisplay: Acquiring partial wakelock MotoDisplayWakeLock for 500ms.
04-20 20:21:18.011 30447 30447 I MotoDisplay: Start logging time for trigger Type: GLANCE_GESTURE GlanceType: GLANCE_GESTURE_MOVEMENT
04-20 20:21:18.011 30447 30447 I MotoDisplay: Glance Sensor Event Gesture Type: 16
04-20 20:21:18.012 30447 30447 I MotoDisplay: pulse - trigger: Type: GLANCE_GESTURE GlanceType: GLANCE_GESTURE_MOVEMENT is pulsing: false is paused: false
04-20 20:21:18.012 30447 30447 I MotoDisplay: Acquiring partial wakelock MotoDisplayWakeLock for 500ms.
04-20 20:21:18.025  1746  2163 I PowerManagerService: Waking up from Dozing (uid=1000, reason=WAKE_REASON_POWER_BUTTON, details=android.policy:POWER)...
04-20 20:21:18.026  1746  1746 W UsageStatsService: Event reported without a package name, eventType:15
04-20 20:21:18.029 30447 30447 I MotoDisplay: isPulseAllowed: true
04-20 20:21:18.034   823   823 I QTI PowerHAL: Got set_interactive hint
04-20 20:21:18.034   823   823 I QTI PowerHAL: Got set_interactive hint on= 1, count= 11
04-20 20:21:18.034   823   823 E QTI PowerHAL: Error opening /sys/kernel/hbtp/display_pwr: No such file or directory
04-20 20:21:18.035  1746  2163 W InputDispatcher: Excessive delay in interceptKeyBeforeQueueing; took 72 ms
04-20 20:21:18.048  1746  1784 I DisplayPowerController: Blocking screen on until initial contents have been drawn.
04-20 20:21:18.048  1746  1784 I WindowManager: Screen turning on...
04-20 20:21:18.049  2315  2709 V KeyguardViewMediator: notifyDrawn
04-20 20:21:18.049  1746  1765 D WindowManager: mKeyguardDelegate.ShowListener.onDrawn.
04-20 20:21:18.060  1746  1746 I WindowManager: Started waking up... (why=ON_BECAUSE_OF_USER)
04-20 20:21:18.060 17704 17938 I chatty  : uid=10157(com.google.android.gms) Binder:17704_7 expire 1 line
04-20 20:21:18.060 17704 17744 I chatty  : uid=10157(com.google.android.gms) Binder:17704_3 expire 10 lines
04-20 20:21:18.062  1746  1767 W WindowManager: Setting mKeyguardDrawComplete
04-20 20:21:18.062  2506  2506 D QtiCarrierConfigHelper: WARNING, no carrier configs on phone Id: 0
04-20 20:21:18.065  1746  1784 V DisplayPowerController: Brightness [62] reason changing to: 'manual', previous reason: 'screen_off'.
04-20 20:21:18.065   806  1081 W qti_sensors_hal: processReportInd: lux: 34, ch0: 102, ch1: 14
04-20 20:21:18.066  1746  1769 I DisplayManagerService: Display device changed state: "Built-in Screen", ON
04-20 20:21:18.065  1285  1285 W fingerprint@2.1: type=1400 audit(0.0:746): avc: denied { read } for uid=1000 name="u:object_r:default_prop:s0" dev="tmpfs" ino=6639 scontext=u:r:hal_fingerprint_default:s0 tcontext=u:object_r:default_prop:s0 tclass=file permissive=0
04-20 20:21:18.066  1746  1784 V DisplayPowerController: Brightness [55] reason changing to: 'automatic', previous reason: 'manual'.
04-20 20:21:18.066   882   882 D SurfaceFlinger: Setting power mode 2 on display 0
04-20 20:21:18.067   819  2889 I SDM     : DisplayBase::SetDisplayState: Set state = 1, display 0
04-20 20:21:18.067  7136  7136 W Settings: Setting data_roaming has moved from android.provider.Settings.Secure to android.provider.Settings.Global.
04-20 20:21:18.068  1746  1746 V SettingsProvider: Notifying for 0: content://settings/system/screen_brightness
04-20 20:21:18.068  1285  1461 I [GF_HAL][gf_hal]: [gf_hal_screen_on]
04-20 20:21:18.068  1285  1461 D [gf_ca_entry]: [gf_ca_invoke_command] enter
04-20 20:21:18.068  1285  1461 D [gf_ca_entry]: [gf_ta_send_modified_cmd_req] enter
04-20 20:21:18.068  1285  1461 D [gf_ca_entry]: [gf_ta_send_modified_cmd_req] begin token 51, cmd_id=1017
04-20 20:21:18.068  1285  1461 D [gf_ca_entry]: [gf_ca_get_logbuf_length] enter
04-20 20:21:18.068  1285  1461 E libc    : Access denied finding property "gf.debug.dump_talog_data"
04-20 20:21:18.068  1285  1461 D [gf_ca_entry]: [gf_ca_get_logbuf_length] exit
04-20 20:21:18.068  1285  1461 D [gf_sec_ion]: [gf_sec_ion_malloc] enter
04-20 20:21:18.068  1285  1461 D [gf_sec_ion]: [gf_sec_ion_malloc] gf_sec_ion_malloc data_size = 128
04-20 20:21:18.068  1285  1461 D [gf_sec_ion]: [gf_sec_ion_malloc] exit
04-20 20:21:18.068  1285  1461 D [gf_ca_entry]: [gf_ta_send_modified_cmd_req] whitebox is enabled.
04-20 20:21:18.070   806  1089 I SLPI-MotLTV: LTV debug - state 1, fxyz 7 -10 997 sfd 0
04-20 20:21:18.074   806  1699 W qti_sensors_hal: reportSingleEvent: NearBy 1, pData 6925,  highThd 5000
04-20 20:21:18.077  7386  7386 D MCLOG   : [MC_Service] onStartcommand()
04-20 20:21:18.078  2628  2695 I QcrilOemhookMsgTunnel: [0]processOemHookResponse serial no: -1 error: 0length=1
04-20 20:21:18.078  2628  2695 E QcrilOemhookMsgTunnel: [0]Unexpected serial number in solicited response!serial: -1 error: 0
04-20 20:21:18.085  2315  2315 I MotoDisplayManager: mMotoDisplayService.hide com.android.systemui.doze.IMotoDisplay$Stub$Proxy@c16dfc4
04-20 20:21:18.090 30447 30447 I MotoDisplay: Animations disabled: false
04-20 20:21:18.090  2315 12263 I MotoDisplayManager: MotoDisplayCallback triggerVirtualSensor
04-20 20:21:18.091 30447 30447 I MotoDisplay: Request System UI to turn display ON.
04-20 20:21:18.091  2315 12263 I MotoDisplayManager: MotoDisplayCallback requestHide
04-20 20:21:18.097  2315  2315 D StatusBar: disable<e i a s b H R c s > disable2<q i n >
04-20 20:21:18.098  2315  2315 D StatusBar: disable<e i a s b H R c s > disable2<q i n >
04-20 20:21:18.099  2315  2315 D StatusBar: updateQsExpansionEnabled - QS Expand enabled: true
04-20 20:21:18.100 30447 30447 I MotoDisplay: onDestroy
04-20 20:21:18.100  1285  1461 D [gf_ca_entry]: [gf_ca_logdump] enter
04-20 20:21:18.100  1285  1461 D [gf_ca_entry]: [gf_ca_logdump] exit
04-20 20:21:18.100  1285  1461 D [gf_sec_ion]: [gf_sec_ion_free] enter
04-20 20:21:18.100  1285  1461 D [gf_sec_ion]: [gf_sec_ion_free] gf_sec_ion_free ion_local_flag is not true
04-20 20:21:18.100  1285  1461 D [gf_sec_ion]: [gf_sec_ion_free] exit
04-20 20:21:18.100  1285  1461 D [gf_ca_entry]: [gf_ta_send_modified_cmd_req] exit
04-20 20:21:18.100 30447 30447 I MotoDisplay: Releasing wakelock: MotoDisplayWakeLock
04-20 20:21:18.100  1285  1461 D [gf_ca_entry]: [gf_ca_invoke_command] gx_ta_send_modified_cmd_req success
04-20 20:21:18.100  1285  1461 D [gf_ca_entry]: [gf_ca_invoke_command] ta execution succeed
04-20 20:21:18.100  1285  1461 D [gf_ca_entry]: [gf_ca_invoke_command] exit
04-20 20:21:18.102 20210 20210 E FitnessUtil: accessGoogleFit
04-20 20:21:18.107 20210 20210 D FitnessUtil: activity not found, set pIntent = null
04-20 20:21:18.108  3278  3278 I chatty  : uid=1000(system) com.motorola.process.system expire 1 line
04-20 20:21:18.114  2315  2315 D StatusBar: updateQsExpansionEnabled - QS Expand enabled: true
04-20 20:21:18.114  2315  2315 W MotoDisplayManager: can't hide: mMotoDisplayService has been null
04-20 20:21:18.118  1746  1746 V SettingsProvider: Notifying for 0: content://settings/secure/reminder_exp_learning_time_elapsed
04-20 20:21:18.121  7386  7625 D Checkin : publish the event [tag = MOT_DEVICE_STATS_L1 event name = SettingLogs]
04-20 20:21:18.126  2315  2315 W View    : requestLayout() improperly called by com.android.systemui.statusbar.HeadsUpStatusBarView{aa901f7 I.E...... ......ID 0,0-248,56 #7f0a01f7 app:id/heads_up_status_bar_view} during layout: running second layout pass
04-20 20:21:18.129   809  1484 D audio_hw_primary: adev_set_parameters: enter: screen_state=on
04-20 20:21:18.130   809  1484 V msm8974_platform: platform_set_parameters: enter: screen_state=on
04-20 20:21:18.130   809  1484 V msm8974_platform: platform_set_parameters: exit with code(0)
04-20 20:21:18.130 30447 30447 I MotoDisplay: Time elapsed since sensor trigger Type: GLANCE_GESTURE GlanceType: GLANCE_GESTURE_MOVEMENT is 118 ms
04-20 20:21:18.160   806  1699 W qti_sensors_hal: reportSingleEvent: NearBy 0, pData 2480,  highThd 5001
04-20 20:21:18.234  1746  3407 D WificondControl: Scan result ready event
04-20 20:21:18.323   882  1787 E HWComposer: getDisplayedContentSamplingAttributes: getDisplayedContentSamplingAttributes failed for display 0: Unsupported (8)
04-20 20:21:18.323   882  1787 E IPCThreadState: binder thread pool (4 threads) starved for 183 ms
04-20 20:21:18.323   882   882 D SurfaceFlinger: Finished setting power mode 2 on display 0
04-20 20:21:18.325  1746  2287 D SurfaceControl: Excessive delay in setPowerMode()
04-20 20:21:18.326  1746  3666 V WindowManager: Changing focus from Window{53b2e2b u0 AOD} to Window{6c10f2d u0 StatusBar} displayId=0
04-20 20:21:18.327 30447 30447 I MotoDisplay: finishScreen
04-20 20:21:18.327 30447 30447 I MotoDisplay: onDestroy
04-20 20:21:18.330  1746  1766 W Looper  : Slow dispatch took 193ms android.fg h=android.os.Handler c=android.app.-$$Lambda$LoadedApk$ReceiverDispatcher$Args$_BumDX2UKsnxLVrE6UJsJZkotuA@f08ca43 m=0
04-20 20:21:18.343  1746  1770 I WindowManager:   SURFACE show Surface(name=NavigationBar0)/@0x9e3c79f on display:0: NavigationBar0
04-20 20:21:18.346  2449  3312 D QCNEJ/WlanStaInfoRelay: Received action: android.net.wifi.RSSI_CHANGED
04-20 20:21:18.346  2449  3312 I QCNEJ/NativeHalConnector: -> SND notifyWlanStaStatusChanged([WlanStaInfo]: wifiSwitchState = 1 rssi = -50 ssid = Jasmine bssid = b0:39:56:5a:37:40 dnsInfo = 192.168.1.1;0.0.0.0;0.0.0.0;0.0.0.0; freqBand = _2GHz countryCode = us[RatInfo]: networkType = 1 subType = 101 networkState = CONNECTED netHdl = 432902426637 ipAddrV4 = 192.168.1.67 ipAddrV6 =  ifNameV4 = wlan0 ifNameV6 =  slotIdx = 0 isAndroidValidated = true) timeStamp = 2021-04-20 20:21:18.346
04-20 20:21:18.348  2506  2870 E PhoneInterfaceManager: [PhoneIntfMgr] getCarrierPrivilegeStatus: No UICC
04-20 20:21:18.351  2764  3687 I CarrierServices: [99] car.a: FiST: Wifi connectivity status true
04-20 20:21:18.353  2764  4153 I CarrierServices: [127] awv.handleMessage: RCS is disabled, skipping config update request
04-20 20:21:18.353  2764  4146 I CarrierServices: [125] chy.a: (PEv2-SM): DisabledState: event Connectivity event
04-20 20:21:18.354  2315  2315 W View    : requestLayout() improperly called by com.android.systemui.statusbar.HeadsUpStatusBarView{aa901f7 I.E...... ......ID 0,0-248,56 #7f0a01f7 app:id/heads_up_status_bar_view} during layout: running second layout pass
04-20 20:21:18.355  2764  3687 I CarrierServices: [99] cay.d: Connected state: [1], networkType: [WIFI]
04-20 20:21:18.355  1746  1769 I WindowManager: All windows ready for display!
04-20 20:21:18.355  1746  1767 W WindowManager: Setting mWindowManagerDrawComplete
04-20 20:21:18.358  2506  2870 E PhoneInterfaceManager: [PhoneIntfMgr] getCarrierPrivilegeStatus: No UICC
04-20 20:21:18.360  1746  1784 I DisplayPowerController: Unblocked screen on after 311 ms
04-20 20:21:18.360  1746  1784 W PowerManagerService: Screen on took 400 ms
04-20 20:21:18.361  1746  1784 I DreamManagerService: Gently waking up from dream.
04-20 20:21:18.361  1746  1746 I WindowManager: Finished waking up... (why=ON_BECAUSE_OF_USER)
04-20 20:21:18.361  1746  1766 I DreamManagerService: Performing gentle wake from dream.
04-20 20:21:18.365  1746  2444 D NotificationListeners: Disabling component com.motorola.motodisplay/.notification.DisplayNotifListenerService
04-20 20:21:18.366  2973  2973 I DeviceStatusMonitor: DeviceStatusMonitor$1.onReceive():48 onReceive() : Action = android.intent.action.SCREEN_ON
04-20 20:21:18.369   724   724 I netd    : firewallSetUidRule(1, 10167, 2) <0.05ms>
04-20 20:21:18.370  1746  2444 I DreamManagerService: Leaving dreamland.
04-20 20:21:18.370  1746  1766 I DreamManagerService: Performing gentle wake from dream.
04-20 20:21:18.370  1746  1766 I DreamController: Stopping dream: name=ComponentInfo{com.android.systemui/com.android.systemui.doze.DozeService}, isTest=false, canDoze=true, userId=0
04-20 20:21:18.373 30447 30447 I MotoDisplay: onListenerDisconnected - DisplayNotifListenerService
04-20 20:21:18.374  1746  1746 W AlarmManager: Unrecognized alarm listener com.android.server.job.controllers.idle.-$$Lambda$DeviceIdlenessTracker$-H1-ZwZAJ-vh10A0PeYXaZLj_R0@270c227
04-20 20:21:18.393  1746  1770 I WindowManager:   SURFACE show Surface(name=com.android.systemui.ImageWallpaper)/@0xa055929 on display:0: com.android.systemui.ImageWallpaper
04-20 20:21:18.404 17704 29563 I chatty  : uid=10157 com.google.android.gms.persistent expire 23 lines
04-20 20:21:18.405 17704 17786 I chatty  : uid=10157(com.google.android.gms) GoogleApiHandle expire 10 lines
04-20 20:21:18.407 17717 17824 E WorkerLoader: No worker found for Worker ID [trainingcache].
04-20 20:21:18.407 17717 17824 W WorkController: Loading failed for worker [trainingcache]: worker not found
04-20 20:21:18.413 17717 17824 W ServiceWorker: TrainingCache cache SCREEN_ON failure
04-20 20:21:18.413 17717 17824 W ServiceWorker: com.google.android.apps.gsa.search.core.service.h.a.a: No worker found for Worker ID [trainingcache].
04-20 20:21:18.413 17717 17824 W ServiceWorker: 	at com.google.android.apps.gsa.search.core.service.g.a.c.a(SourceFile:7)
04-20 20:21:18.413 17717 17824 W ServiceWorker: 	at com.google.android.libraries.gsa.l.a.n.a(SourceFile:2)
04-20 20:21:18.413 17717 17824 W ServiceWorker: 	at com.google.common.v.a.dn.b(SourceFile:7)
04-20 20:21:18.413 17717 17824 W ServiceWorker: 	at com.google.common.v.a.ch.run(SourceFile:12)
04-20 20:21:18.413 17717 17824 W ServiceWorker: 	at com.google.common.v.a.dp.run(SourceFile:10)
04-20 20:21:18.413 17717 17824 W ServiceWorker: 	at com.google.apps.tiktok.concurrent.au.run(SourceFile:2)
04-20 20:21:18.413 17717 17824 W ServiceWorker: 	at java.util.concurrent.ThreadPoolExecutor.runWorker(ThreadPoolExecutor.java:1167)
04-20 20:21:18.413 17717 17824 W ServiceWorker: 	at java.util.concurrent.ThreadPoolExecutor$Worker.run(ThreadPoolExecutor.java:641)
04-20 20:21:18.413 17717 17824 W ServiceWorker: 	at com.google.apps.tiktok.concurrent.f.run(SourceFile:4)
04-20 20:21:18.413 17717 17824 W ServiceWorker: 	at java.lang.Thread.run(Thread.java:919)
04-20 20:21:18.414  1746  1767 D WindowManager: powerPress: eventTime=4140641 interactive=true count=1 beganFromNonInteractive=true mShortPressOnPowerBehavior=1
04-20 20:21:18.420 17704 17935 I chatty  : uid=10157(com.google.android.gms) NearbyDiscovery expire 12 lines
04-20 20:21:20.392  7386  7386 D MCLOG   : [MC_Service] onStartcommand()
04-20 20:21:20.487   724   724 I netd    : trafficSwapActiveStatsMap() <44.04ms>
04-20 20:21:20.493   724   724 I netd    : tetherGetStats() <3.74ms>
04-20 20:21:20.533   724   724 I netd    : trafficSwapActiveStatsMap() <13.04ms>
04-20 20:21:20.535   724   724 I netd    : tetherGetStats() <1.16ms>
04-20 20:21:20.575  3278 30940 E MCINTLOG: [MC_BattStatsFactory] Adding uid 0
04-20 20:21:20.575  3278 30940 E MCINTLOG: [MC_BattStatsFactory] Adding uid 1000
04-20 20:21:20.575  3278 30940 E MCINTLOG: [MC_BattStatsFactory] Adding uid 1001
04-20 20:21:20.575  3278 30940 E MCINTLOG: [MC_BattStatsFactory] Adding uid 1002
04-20 20:21:20.575  3278 30940 E MCINTLOG: [MC_BattStatsFactory] Adding uid 1007
04-20 20:21:20.575  3278 30940 E MCINTLOG: [MC_BattStatsFactory] Adding uid 1010
04-20 20:21:20.575  3278 30940 E MCINTLOG: [MC_BattStatsFactory] Adding uid 1013
04-20 20:21:20.575  3278 30940 E MCINTLOG: [MC_BattStatsFactory] Adding uid 1020
04-20 20:21:20.575  3278 30940 E MCINTLOG: [MC_BattStatsFactory] Adding uid 1021
04-20 20:21:20.575  3278 30940 E MCINTLOG: [MC_BattStatsFactory] Adding uid 1036
04-20 20:21:20.575  3278 30940 E MCINTLOG: [MC_BattStatsFactory] Adding uid 1040
04-20 20:21:20.575  3278 30940 E MCINTLOG: [MC_BattStatsFactory] Adding uid 1041
04-20 20:21:20.576  3278 30940 E MCINTLOG: [MC_BattStatsFactory] Adding uid 1046
04-20 20:21:20.576  3278 30940 E MCINTLOG: [MC_BattStatsFactory] Adding uid 1047
04-20 20:21:20.576  3278 30940 E MCINTLOG: [MC_BattStatsFactory] Adding uid 1051
04-20 20:21:20.576  3278 30940 E MCINTLOG: [MC_BattStatsFactory] Adding uid 1053
04-20 20:21:20.576  3278 30940 E MCINTLOG: [MC_BattStatsFactory] Adding uid 1066
04-20 20:21:20.576  3278 30940 E MCINTLOG: [MC_BattStatsFactory] Adding uid 1068
04-20 20:21:20.576  3278 30940 E MCINTLOG: [MC_BattStatsFactory] Adding uid 1069
04-20 20:21:20.576  3278 30940 E MCINTLOG: [MC_BattStatsFactory] Adding uid 2000
04-20 20:21:20.576  3278 30940 E MCINTLOG: [MC_BattStatsFactory] Adding uid 2903
04-20 20:21:20.576  3278 30940 E MCINTLOG: [MC_BattStatsFactory] Adding uid 2906
04-20 20:21:20.576  3278 30940 E MCINTLOG: [MC_BattStatsFactory] Adding uid 5101
04-20 20:21:20.576  3278 30940 E MCINTLOG: [MC_BattStatsFactory] Adding uid 9999
04-20 20:21:20.576  3278 30940 E MCINTLOG: [MC_BattStatsFactory] Adding uid 10051
04-20 20:21:20.576  3278 30940 E MCINTLOG: [MC_BattStatsFactory] Adding uid 10056
04-20 20:21:20.576  3278 30940 E MCINTLOG: [MC_BattStatsFactory] Adding uid 10057
04-20 20:21:20.576  3278 30940 E MCINTLOG: [MC_BattStatsFactory] Adding uid 10059
04-20 20:21:20.576  3278 30940 E MCINTLOG: [MC_BattStatsFactory] Adding uid 10066
04-20 20:21:20.576  3278 30940 E MCINTLOG: [MC_BattStatsFactory] Adding uid 10067
04-20 20:21:20.576  3278 30940 E MCINTLOG: [MC_BattStatsFactory] Adding uid 10073
04-20 20:21:20.576  3278 30940 E MCINTLOG: [MC_BattStatsFactory] Adding uid 10074
04-20 20:21:20.577  3278 30940 E MCINTLOG: [MC_BattStatsFactory] Adding uid 10095
04-20 20:21:20.577  3278 30940 E MCINTLOG: [MC_BattStatsFactory] Adding uid 10105
04-20 20:21:20.577  3278 30940 E MCINTLOG: [MC_BattStatsFactory] Adding uid 10106
04-20 20:21:20.577  3278 30940 E MCINTLOG: [MC_BattStatsFactory] Adding uid 10107
04-20 20:21:20.577  3278 30940 E MCINTLOG: [MC_BattStatsFactory] Adding uid 10110
04-20 20:21:20.577  3278 30940 E MCINTLOG: [MC_BattStatsFactory] Adding uid 10112
04-20 20:21:20.577  3278 30940 E MCINTLOG: [MC_BattStatsFactory] Adding uid 10115
04-20 20:21:20.577  3278 30940 E MCINTLOG: [MC_BattStatsFactory] Adding uid 10120
04-20 20:21:20.577  3278 30940 E MCINTLOG: [MC_BattStatsFactory] Adding uid 10121
04-20 20:21:20.577  3278 30940 E MCINTLOG: [MC_BattStatsFactory] Adding uid 10125
04-20 20:21:20.577  3278 30940 E MCINTLOG: [MC_BattStatsFactory] Adding uid 10130
04-20 20:21:20.577  3278 30940 E MCINTLOG: [MC_BattStatsFactory] Adding uid 10132
04-20 20:21:20.577  3278 30940 E MCINTLOG: [MC_BattStatsFactory] Adding uid 10133
04-20 20:21:20.577  3278 30940 E MCINTLOG: [MC_BattStatsFactory] Adding uid 10140
04-20 20:21:20.577  3278 30940 E MCINTLOG: [MC_BattStatsFactory] Adding uid 10142
04-20 20:21:20.577  3278 30940 E MCINTLOG: [MC_BattStatsFactory] Adding uid 10152
04-20 20:21:20.577  3278 30940 E MCINTLOG: [MC_BattStatsFactory] Adding uid 10155
04-20 20:21:20.577  3278 30940 E MCINTLOG: [MC_BattStatsFactory] Adding uid 10156
04-20 20:21:20.577  3278 30940 E MCINTLOG: [MC_BattStatsFactory] Adding uid 10157
04-20 20:21:20.577  3278 30940 E MCINTLOG: [MC_BattStatsFactory] Adding uid 10159
04-20 20:21:20.577  3278 30940 E MCINTLOG: [MC_BattStatsFactory] Adding uid 10165
04-20 20:21:20.577  3278 30940 E MCINTLOG: [MC_BattStatsFactory] Adding uid 10167
04-20 20:21:20.578  3278 30940 E MCINTLOG: [MC_BattStatsFactory] Adding uid 10168
04-20 20:21:20.578  3278 30940 E MCINTLOG: [MC_BattStatsFactory] Adding uid 10173
04-20 20:21:20.578  3278 30940 E MCINTLOG: [MC_BattStatsFactory] Adding uid 10176
04-20 20:21:20.578  3278 30940 E MCINTLOG: [MC_BattStatsFactory] Adding uid 10178
04-20 20:21:20.578  3278 30940 E MCINTLOG: [MC_BattStatsFactory] Adding uid 10179
04-20 20:21:20.578  3278 30940 E MCINTLOG: [MC_BattStatsFactory] Adding uid 10181
04-20 20:21:20.578  3278 30940 E MCINTLOG: [MC_BattStatsFactory] Adding uid 10192
04-20 20:21:20.578  3278 30940 E MCINTLOG: [MC_BattStatsFactory] Adding uid 10196
04-20 20:21:20.578  3278 30940 E MCINTLOG: [MC_BattStatsFactory] Adding uid 10199
04-20 20:21:20.578  3278 30940 E MCINTLOG: [MC_BattStatsFactory] Adding uid 10200
04-20 20:21:20.578  3278 30940 E MCINTLOG: [MC_BattStatsFactory] Adding uid 10204
04-20 20:21:20.578  3278 30940 E MCINTLOG: [MC_BattStatsFactory] Adding uid 10208
04-20 20:21:20.578  3278 30940 E MCINTLOG: [MC_BattStatsFactory] Adding uid 10209
04-20 20:21:20.578  3278 30940 E MCINTLOG: [MC_BattStatsFactory] Adding uid 10211
04-20 20:21:20.578  3278 30940 E MCINTLOG: [MC_BattStatsFactory] Adding uid 10213
04-20 20:21:20.578  3278 30940 E MCINTLOG: [MC_BattStatsFactory] Adding uid 10214
04-20 20:21:20.578  3278 30940 E MCINTLOG: [MC_BattStatsFactory] Adding uid 10216
04-20 20:21:21.749  2315  2315 I FalsingManagerPlugin: dX: -166.76837 dY: -363.76068 xV: -2.1040876 yV: -3.2848911
04-20 20:21:21.749  2315  2315 I FalsingManagerPlugin: Percent of gesture in proximity: 0.0
04-20 20:21:21.751  2315  2315 I FalsingManagerPlugin: Percent of gesture in proximity: 0.0
04-20 20:21:22.119  2315  2315 D KeyguardViewMediator: keyguardGoingAway
04-20 20:21:22.120  2315  2388 D KeyguardViewMediator: Call PhoneWindowManager's keyguardGoingAway
04-20 20:21:22.120  2315  2315 D StatusBar: disable<e i a s b H R c s > disable2<q i n >
04-20 20:21:22.121  1746  2444 D ActivityTaskManager: Top Process State changed to PROCESS_STATE_TOP
04-20 20:21:22.130  3278  3278 D SlpcSystem: ProxRecalReceiver action: com.motorola.UNLOCK_SUCCESS
04-20 20:21:22.133  3278  3278 I android_os_HwBinder: HwBinder: Starting thread pool for getting: vendor.qti.hardware.sensorscalibrate@1.0::ISensorsCalibrate/default
04-20 20:21:22.134   839   839 D         : sensor calibrate begin
04-20 20:21:22.134   839   839 I ssc_calibrate: calibrate:103 calibrate!
04-20 20:21:22.135  7386  7625 D MCLOG   : [MC_TriggerHelper] PauseResumeTrigger
04-20 20:21:22.137   839   839 D         : s_result: true
04-20 20:21:22.137   839 30943 I ssc_calibrate: notify_data_cb:69 JNI_triggerProxRecal sensor1 responded
04-20 20:21:22.165  7386  7386 D MCLOG   : [MC_Service] onStartcommand()
04-20 20:21:22.177   724   724 I netd    : firewallSetUidRule(1, 10204, 1) <0.04ms>
04-20 20:21:22.178 20210 20227 D AssistReceiver: call: lightWakeup | null | null
04-20 20:21:22.213  1746  1770 I WindowManager: Window drawn AppWindowToken{67332e3 token=Token{7ac1b12 ActivityRecord{c39da9d u0 com.motorola.launcher3/com.android.launcher3.CustomizationPanelLauncher t4}}}
04-20 20:21:22.214  2315  2315 I KeyguardViewMediator: handleStartKeyguardExitAnimation startTime=4144894 fadeoutDuration=300
04-20 20:21:22.215  1746  1770 I WindowManager:   SURFACE show Surface(name=com.motorola.launcher3/com.android.launcher3.CustomizationPanelLauncher)/@0x434597c on display:0: com.motorola.launcher3/com.android.launcher3.CustomizationPanelLauncher
04-20 20:21:22.216  2315  2315 D StatusBar: disable<e i a s b H R c s > disable2<q i n >
04-20 20:21:22.218  2315  2315 D StatusBar: updateQsExpansionEnabled - QS Expand enabled: true
04-20 20:21:22.218  2315  2315 W MotoDisplayManager: can't hide: mMotoDisplayService has been null
04-20 20:21:22.229   869  2281 D AF::TrackHandle: OpPlayAudio: track:66 usage:13 not muted
04-20 20:21:22.231  2315  2388 I AudioTrack: createTrack_l(1028): AUDIO_OUTPUT_FLAG_FAST successful; frameCount 0 -> 9065
04-20 20:21:22.231   869  2281 D APM_AudioPolicyManager: startOutput() output 13, stream 1, session 169
04-20 20:21:22.233   809 13713 V msm8974_platform: platform_get_output_snd_device: enter: output devices(0x2)
04-20 20:21:22.233   809 13713 V msm8974_platform: platform_get_output_snd_device: exit: snd_device(speaker)
04-20 20:21:22.233   809 13713 V msm8974_platform: platform_get_backend_index:napb: backend port - 0 device - 2 
04-20 20:21:22.233   809 13713 V msm8974_platform: platform_check_and_set_playback_backend_cfg: usecase->stream.out->config.format (0)
04-20 20:21:22.233   809 13713 V msm8974_platform: platform_check_and_set_playback_backend_cfg:becf: afe: bitwidth 16, samplerate 48000 channels 2, backend_idx 0 usecase = 1 device (speaker)
04-20 20:21:22.233   809 13713 V msm8974_platform: platform_check_and_set_playback_backend_cfg: new_snd_devices[0] is 2
04-20 20:21:22.233   809 13713 V msm8974_platform: platform_get_backend_index:napb: backend port - 0 device - 2 
04-20 20:21:22.233   809 13713 V msm8974_platform: platform_check_playback_backend_cfg:becf: afe: bitwidth 16, samplerate 48000 channels 2, backend_idx 0 usecase = 1 device (speaker)
04-20 20:21:22.233   809 13713 V msm8974_platform: platform_check_playback_backend_cfg:becf: afe: Codec selected backend: 0 updated bit width: 16 andsample rate: 48000
04-20 20:21:22.233   809 13713 V msm8974_platform: platform_send_audio_calibration: sending audio calibration for snd_device(2) acdb_id(14)
04-20 20:21:22.233   809 13713 D ACDB-LOADER: ACDB -> send_audio_cal, acdb_id = 14, path = 0, app id = 0x11130, sample rate = 48000, afe_sample_rate = 48000
04-20 20:21:22.233   809 13713 D ACDB-LOADER: ACDB -> send_asm_topology
04-20 20:21:22.233   809 13713 D ACDB-LOADER: ACDB -> ACDB_CMD_GET_AUDPROC_STREAM_TOPOLOGY_ID
04-20 20:21:22.233   809 13713 D ACDB-LOADER: ACDB -> send_adm_topology
04-20 20:21:22.233   809 13713 D ACDB-LOADER: ACDB -> ACDB_CMD_GET_AUDPROC_COMMON_TOPOLOGY_ID
04-20 20:21:22.233   809 13713 D ACDB-LOADER: ACDB -> send_audtable
04-20 20:21:22.233   809 13713 D ACDB-LOADER: ACDB -> ACDB_CMD_GET_AUDPROC_COMMON_TABLE_SIZE
04-20 20:21:22.233   809 13713 D ACDB-LOADER: ACDB -> ACDB_CMD_GET_AUDPROC_COMMON_TABLE
04-20 20:21:22.233   809 13713 D ACDB-LOADER: ACDB -> AUDIO_SET_AUDPROC_CAL cal_type[11] acdb_id[14] app_type[69936]
04-20 20:21:22.233   809 13713 D ACDB-LOADER: ACDB -> send_audvoltable
04-20 20:21:22.233   809 13713 D ACDB-LOADER: ACDB -> ACDB_CMD_GET_AUDPROC_GAIN_DEP_STEP_TABLE_SIZE
04-20 20:21:22.233   809 13713 D ACDB-LOADER: ACDB -> ACDB_CMD_GET_AUDPROC_GAIN_DEP_STEP_TABLE, vol index 0
04-20 20:21:22.233   809 13713 D ACDB-LOADER: ACDB -> AUDIO_SET_VOL_CAL cal type = 12
04-20 20:21:22.233   809 13713 D ACDB-LOADER: ACDB -> ACDB_CMD_GET_AUDPROC_STREAM_TABLE_SIZE
04-20 20:21:22.233   809 13713 D ACDB-LOADER: ACDB -> send_audstrmtable
04-20 20:21:22.233   809 13713 D ACDB-LOADER: ACDB -> ACDB_CMD_GET_AUDPROC_STREAM_TABLE_V2
04-20 20:21:22.233   809 13713 D ACDB-LOADER: ACDB -> audstrm_cal->cal_type.cal_data.cal_size = 16
04-20 20:21:22.233   809 13713 D ACDB-LOADER: ACDB -> send_afe_topology
04-20 20:21:22.233   809 13713 D ACDB-LOADER: ACDB -> ACDB_CMD_GET_AFE_TOPOLOGY_ID
