04-20 20:20:30.375  1749  1769 I DreamController: Stopping dream: name=ComponentInfo{com.android.systemui/com.android.systemui.doze.DozeService}, isTest=false, canDoze=true, userId=0
04-20 20:20:30.666  1749  1770 D WindowManager: powerPress: eventTime=3938951 interactive=true count=1 beganFromNonInteractive=true mShortPressOnPowerBehavior=1
04-20 20:20:38.219  1749  1789 V DisplayPowerController: Brightness [1] reason changing to: 'automatic [ dim ]', previous reason: 'automatic'.
04-20 20:20:40.217  1749  1789 I PowerManagerService: Going to sleep due to timeout (uid 1000)...
04-20 20:20:40.219  1749  1749 W UsageStatsService: Event reported without a package name, eventType:16
04-20 20:20:40.228  1749  1749 I WindowManager: Started going to sleep... (why=OFF_BECAUSE_OF_TIMEOUT)
04-20 20:20:40.280  1749  1789 V DisplayPowerController: Brightness [66] reason changing to: 'automatic', previous reason: 'automatic [ dim ]'.
04-20 20:20:40.695  1749  1789 I DisplayPowerController: Blocking screen off
04-20 20:20:40.696  1749  1789 I DisplayPowerController: Unblocked screen off after 0 ms
04-20 20:20:40.720  1749  1789 E BatteryStatsImpl: All kernel wakelocks were set stale. new version=200
04-20 20:20:40.786  1749  1789 I WindowManager: Screen turned off...
04-20 20:20:40.826  1749  1789 V DisplayPowerController: Brightness [0] reason changing to: 'screen_off', previous reason: 'automatic'.
04-20 20:20:40.828  1749  1772 I DisplayManagerService: Display device changed state: "Built-in Screen", OFF
04-20 20:20:41.223  1749  1789 I DreamManagerService: Entering dreamland.
04-20 20:20:41.383  1749  1789 I PowerManagerService: Dozing...
04-20 20:20:41.387  1749  1769 I DreamController: Starting dream: name=ComponentInfo{com.android.systemui/com.android.systemui.doze.DozeService}, isTest=false, canDoze=true, userId=0
04-20 20:20:41.424  1749  1749 V SettingsProvider: Notifying for 0: content://settings/secure/reminder_exp_learning_time_elapsed
04-20 20:20:41.431  1749  1749 I WindowManager: Finished going to sleep... (why=OFF_BECAUSE_OF_TIMEOUT)
04-20 20:20:41.564  1749  3482 V WindowManager: Changing focus from Window{743b1cb u0 StatusBar} to Window{4cd138 u0 AOD} displayId=0
04-20 20:20:41.835  1749  2039 D NotificationListeners: Enabling component com.motorola.motodisplay/.notification.DisplayNotifListenerService
04-20 20:20:41.835  1749  2039 V NotificationListeners: binding: Intent { act=android.service.notification.NotificationListenerService cmp=com.motorola.motodisplay/.notification.DisplayNotifListenerService (has extras) }
04-20 20:20:41.865  1749  1773 I WindowManager:   SURFACE show Surface(name=AOD)/@0x4028926 on display:0: AOD
04-20 20:20:41.873  1749  1749 V NotificationListeners: 0 notification listener service connected: ComponentInfo{com.motorola.motodisplay/com.motorola.motodisplay.notification.DisplayNotifListenerService}
04-20 20:21:03.977  1749  2039 W AppOps  : Noting op not finished: uid 10158 pkg com.google.android.gms code 79 time=1618964399833 duration=0
04-20 20:21:03.989  1749  7481 W AppOps  : Noting op not finished: uid 10158 pkg com.google.android.gms code 79 time=1618964463977 duration=0
04-20 20:21:03.997  1749  3482 W AppOps  : Noting op not finished: uid 10158 pkg com.google.android.gms code 79 time=1618964463989 duration=0
04-20 20:21:03.999  1749  3482 W ProcessStats: Tracking association SourceState{165e4ba com.google.android.calendar/10198 Top #58350} whose proc state 1 is better than process ProcessState{d084d42 com.google.android.gms/10158 pkg=com.google.android.gms (sub)} proc state 3 (0 skipped)
04-20 20:21:04.006  1749  1767 W AppOps  : Noting op not finished: uid 10158 pkg com.google.android.gms code 79 time=1618964463997 duration=0
04-20 20:21:15.687  1749  2137 I PowerManagerService: Waking up from Dozing (uid=1000, reason=WAKE_REASON_POWER_BUTTON, details=android.policy:POWER)...
04-20 20:21:15.687  1749  1749 W UsageStatsService: Event reported without a package name, eventType:15
04-20 20:21:15.698  1749  1749 I WindowManager: Started waking up... (why=ON_BECAUSE_OF_USER)
04-20 20:21:15.707  1749  1789 I DisplayPowerController: Blocking screen on until initial contents have been drawn.
04-20 20:21:15.707  1749  1789 I WindowManager: Screen turning on...
04-20 20:21:15.707  1749  1767 I PowerManagerService: Waking up from Awake (uid=10132, reason=WAKE_REASON_GESTURE, details=com.android.systemui:NODOZE)...
04-20 20:21:15.708  1749  2039 D WindowManager: mKeyguardDelegate.ShowListener.onDrawn.
04-20 20:21:15.718  1749  1789 V DisplayPowerController: Brightness [66] reason changing to: 'manual', previous reason: 'screen_off'.
04-20 20:21:15.720  1749  1772 I DisplayManagerService: Display device changed state: "Built-in Screen", ON
04-20 20:21:15.720  1749  1770 W WindowManager: Setting mKeyguardDrawComplete
04-20 20:21:15.746  1749  1789 V DisplayPowerController: Brightness [64] reason changing to: 'automatic', previous reason: 'manual'.
04-20 20:21:15.763  1749  3484 V WindowManager: Changing focus from Window{4cd138 u0 AOD} to Window{743b1cb u0 StatusBar} displayId=0
04-20 20:21:15.769  1749  1749 V SettingsProvider: Notifying for 0: content://settings/system/screen_brightness
04-20 20:21:15.770  1749  1749 V SettingsProvider: Notifying for 0: content://settings/secure/reminder_exp_learning_time_elapsed
04-20 20:21:15.806  1749  1773 I WindowManager:   SURFACE show Surface(name=NavigationBar0)/@0x69a6f2f on display:0: NavigationBar0
04-20 20:21:15.812  1749  1772 I WindowManager: All windows ready for display!
04-20 20:21:15.812  1749  1770 W WindowManager: Setting mWindowManagerDrawComplete
04-20 20:21:15.818  1749  1789 I DisplayPowerController: Unblocked screen on after 112 ms
04-20 20:21:15.862  1749 11470 D NotificationListeners: Disabling component com.motorola.motodisplay/.notification.DisplayNotifListenerService
04-20 20:21:15.977  1749  1789 W PowerManagerService: Screen on took 274 ms
04-20 20:21:15.977  1749  1789 I DreamManagerService: Gently waking up from dream.
04-20 20:21:15.977  1749  1769 I DreamManagerService: Performing gentle wake from dream.
04-20 20:21:15.977  1749  1749 I WindowManager: Finished waking up... (why=ON_BECAUSE_OF_USER)
04-20 20:21:16.018  1749  1770 D WindowManager: powerPress: eventTime=3968769 interactive=true count=1 beganFromNonInteractive=true mShortPressOnPowerBehavior=1
04-20 20:21:16.030  1749  7481 I DreamManagerService: Leaving dreamland.
04-20 20:21:16.030  1749  1769 I DreamManagerService: Performing gentle wake from dream.
04-20 20:21:16.030  1749  1769 I DreamController: Stopping dream: name=ComponentInfo{com.android.systemui/com.android.systemui.doze.DozeService}, isTest=false, canDoze=true, userId=0
04-20 20:21:16.078  1749  1773 I WindowManager:   SURFACE show Surface(name=com.android.systemui.ImageWallpaper)/@0xcbdab7b on display:0: com.android.systemui.ImageWallpaper
04-20 20:21:16.155  1749  2054 D BatteryService: uevent={POWER_SUPPLY_DP_DM=0, POWER_SUPPLY_VOLTAGE_NOW=3944124, POWER_SUPPLY_SW_JEITA_ENABLED=0, POWER_SUPPLY_CHARGE_CONTROL_LIMIT_MAX=8, POWER_SUPPLY_RECHARGE_SOC=99, POWER_SUPPLY_HEALTH=Good, POWER_SUPPLY_TECHNOLOGY=Li-ion, POWER_SUPPLY_FCC_STEPPER_ENABLE=0, SEQNUM=20475, POWER_SUPPLY_INPUT_CURRENT_LIMITED=0, POWER_SUPPLY_CHARGE_CONTROL_LIMIT=0, POWER_SUPPLY_BATTERY_CHARGING_ENABLED=1, POWER_SUPPLY_STATUS=Discharging, POWER_SUPPLY_CYCLE_COUNT=1, POWER_SUPPLY_CURRENT_MAX=2000000, POWER_SUPPLY_CHARGE_TERM_CURRENT=-101, POWER_SUPPLY_CAPACITY=66, DEVPATH=/devices/platform/soc/200f000.qcom,spmi/spmi-0/spmi0-02/200f000.qcom,spmi:qcom,pmi632@2:qcom,qpnp-smb5/power_supply/battery, POWER_SUPPLY_CHARGE_DONE=0, POWER_SUPPLY_CHARGE_TYPE=N/A, POWER_SUPPLY_CHARGE_RATE=None, POWER_SUPPLY_CURRENT_NOW=-322723, POWER_SUPPLY_SYSTEM_TEMP_LEVEL=0, POWER_SUPPLY_PRESENT=1, POWER_SUPPLY_PARALLEL_DISABLE=0, POWER_SUPPLY_CHARGE_FULL=3615000, SUBSYSTEM=power_supply, POWER_SUPPLY_SET_SHIP_MODE=0, POWER_SUPPLY_TEMP=263, ACTION=change, POWER_SUPPLY_RERUN_AICL=0, POWER_SUPPLY_AGE=100, POWER_SUPPLY_NAME=battery, POWER_SUPPLY_VOLTAGE_MAX=-22, POWER_SUPPLY_CONSTANT_CHARGE_CURRENT_MAX=2000000, POWER_SUPPLY_CHARGE_COUNTER=2385900, POWER_SUPPLY_STEP_CHARGING_ENABLED=0, POWER_SUPPLY_NUM_SYSTEM_TEMP_LEVELS=8, POWER_SUPPLY_DIE_HEALTH=Hot, POWER_SUPPLY_INPUT_SUSPEND=0}
04-20 20:21:23.708  1749  1789 V DisplayPowerController: Brightness [1] reason changing to: 'automatic [ dim ]', previous reason: 'automatic'.
04-20 20:21:25.365  1749  1789 V DisplayPowerController: Brightness [64] reason changing to: 'automatic', previous reason: 'automatic [ dim ]'.
04-20 20:21:26.375  1749  7754 D ActivityTaskManager: Top Process State changed to PROCESS_STATE_TOP
04-20 20:21:26.400  1749  1773 I WindowManager:   SURFACE show Surface(name=SnapshotStartingWindow for taskId=19)/@0x6dc74cd on display:0: SnapshotStartingWindow for taskId=19
04-20 20:21:26.428  1749  1749 V SettingsProvider: Notifying for 0: content://settings/secure/reminder_exp_learning_time_elapsed
04-20 20:21:26.440  1749  1773 I WindowManager: Window drawn AppWindowToken{c1fdb1b token=Token{3ade12a ActivityRecord{11d0a15 u0 com.google.android.calendar/.launch.oobe.WhatsNewFullScreen t19}}}
04-20 20:21:26.440  1749  1773 I WindowManager:   SURFACE show Surface(name=com.google.android.calendar/com.google.android.calendar.launch.oobe.WhatsNewFullScreen)/@0xc9c9001 on display:0: com.google.android.calendar/com.google.android.calendar.launch.oobe.WhatsNewFullScreen
04-20 20:21:26.463  1749  1772 W UsageStatsService: Event reported without a package name, eventType:18
04-20 20:21:26.468  1749  1781 W BroadcastQueue: Background execution not allowed: receiving Intent { act=android.intent.action.USER_PRESENT flg=0x24200010 } to com.android.chrome/org.chromium.chrome.browser.sharing.click_to_call.ClickToCallMessageHandler$PhoneUnlockedReceiver
04-20 20:21:26.468  1749  1781 W BroadcastQueue: Background execution not allowed: receiving Intent { act=android.intent.action.USER_PRESENT flg=0x24200010 } to com.google.android.gms/.auth.setup.devicesignals.LockScreenReceiver
04-20 20:21:26.468  1749  1781 W BroadcastQueue: Background execution not allowed: receiving Intent { act=android.intent.action.USER_PRESENT flg=0x24200010 } to com.google.android.gms/.chimera.GmsIntentOperationService$PersistentTrustedReceiver
04-20 20:21:26.472  1749  1767 V WindowManager: Changing focus from Window{743b1cb u0 StatusBar} to Window{c4ea2c9 u0 com.google.android.calendar/com.google.android.calendar.launch.oobe.WhatsNewFullScreen} displayId=0
04-20 20:21:26.581  1749  1767 I WindowManager:   SURFACE SIZE set 720x56 on display:0: StatusBar
04-20 20:21:30.912  1749  1773 I WindowManager:   SURFACE show Surface(name=EdgeBackGestureHandler0)/@0x2e2a5c1 on display:0: EdgeBackGestureHandler0
04-20 20:21:32.222  1749  7754 V WindowManager: Changing focus from Window{c4ea2c9 u0 com.google.android.calendar/com.google.android.calendar.launch.oobe.WhatsNewFullScreen} to null displayId=0
04-20 20:21:32.265  1749  7754 I ActivityTaskManager: START u0 {act=android.intent.action.MAIN cat=[android.intent.category.LAUNCHER] flg=0x10200000 cmp=com.google.android.calendar/.AllInOneCalendarActivity bnds=[561,994][695,1225] (has extras)} from uid 10198
04-20 20:21:32.267  1749  7754 D ActivityTaskManager: getPreferredLaunchDisplay usersetdisplayid 0 current displayId 0 paramspreferid -1
04-20 20:21:32.267  1749  7754 I chatty  : uid=1000(system) Binder:1749_19 identical 1 line
04-20 20:21:32.269  1749  7754 D ActivityTaskManager: getPreferredLaunchDisplay usersetdisplayid 0 current displayId 0 paramspreferid -1
04-20 20:21:32.281  1749  1749 V SettingsProvider: Notifying for 0: content://settings/secure/reminder_exp_learning_time_elapsed
04-20 20:21:32.329  1749  1773 I WindowManager:   SURFACE show Surface(name=com.android.systemui.ImageWallpaper)/@0xcbdab7b on display:0: com.android.systemui.ImageWallpaper
04-20 20:21:32.330  1749  1773 I WindowManager: Window drawn AppWindowToken{7a5d47e token=Token{e022639 ActivityRecord{9980e00 u0 com.motorola.launcher3/com.android.launcher3.CustomizationPanelLauncher t3}}}
04-20 20:21:32.344  1749  1773 I WindowManager:   SURFACE show Surface(name=Splash Screen com.google.android.calendar)/@0xa58bd52 on display:0: Splash Screen com.google.android.calendar
04-20 20:21:32.368  1749  3482 I WindowManager: Window drawn AppWindowToken{7a5d47e token=Token{e022639 ActivityRecord{9980e00 u0 com.motorola.launcher3/com.android.launcher3.CustomizationPanelLauncher t3}}}
04-20 20:21:32.629  1749  2444 V WindowManager: Changing focus from null to Window{8d5de98 u0 com.google.android.calendar/com.google.android.calendar.AllInOneCalendarActivity} displayId=0
04-20 20:21:32.841  1749 11470 I ActivityTaskManager: START u0 {act=com.google.android.gms.ui.UNPACKING_REDIRECT dat=intent://com.google.android.gms.auth.uiflows.common/bf473195-cc44-40a8-9f52-97255d4624a8 pkg=com.google.android.gms cmp=com.google.android.gms/.auth.uiflows.common.UnpackingRedirectActivity (has extras)} from uid 10198
04-20 20:21:32.854  1749 11470 D ActivityTaskManager: getPreferredLaunchDisplay usersetdisplayid 0 current displayId 0 paramspreferid -1
04-20 20:21:32.854  1749 11470 D ActivityTaskManager: getPreferredLaunchDisplay usersetdisplayid 0 current displayId 0 paramspreferid -1
04-20 20:21:32.928  1749  1782 I ActivityManager: Start proc 5345:com.google.android.gms.ui/u0a158 for activity {com.google.android.gms/com.google.android.gms.auth.uiflows.common.UnpackingRedirectActivity}
04-20 20:21:32.966  1749  1773 I WindowManager: Window drawn AppWindowToken{6f4b94a token=Token{395aeb5 ActivityRecord{4b2baec u0 com.google.android.calendar/.AllInOneCalendarActivity t20}}}
04-20 20:21:32.967  1749  1773 I WindowManager:   SURFACE show Surface(name=com.google.android.calendar/com.google.android.calendar.AllInOneCalendarActivity)/@0x405873f on display:0: com.google.android.calendar/com.google.android.calendar.AllInOneCalendarActivity
04-20 20:21:32.982  1749  7754 V WindowManager: Changing focus from Window{8d5de98 u0 com.google.android.calendar/com.google.android.calendar.AllInOneCalendarActivity} to null displayId=0
04-20 20:21:33.009  1749 11470 I WindowManager: Window drawn AppWindowToken{c1fdb1b token=Token{3ade12a ActivityRecord{11d0a15 u0 com.google.android.calendar/.launch.oobe.WhatsNewFullScreen t19}}}
04-20 20:21:33.341  1749  2444 I ActivityTaskManager: START u0 {cat=[categoryhack:f42e8915-f9e2-4bc9-ad1c-418c284919a5] flg=0x2000000 cmp=com.google.android.gms/.auth.uiflows.addaccount.AccountIntroActivity (has extras)} from uid 10158
04-20 20:21:33.342  1749  2444 D ActivityTaskManager: getPreferredLaunchDisplay usersetdisplayid 0 current displayId 0 paramspreferid -1
04-20 20:21:33.342  1749  2444 D ActivityTaskManager: getPreferredLaunchDisplay usersetdisplayid 0 current displayId 0 paramspreferid -1
04-20 20:21:33.400  1749 11470 I ActivityTaskManager: START u0 {flg=0x2000000 cmp=com.google.android.gms/.auth.uiflows.addaccount.WrapperControlledActivity (has extras)} from uid 10158
04-20 20:21:33.404  1749 11470 D ActivityTaskManager: getPreferredLaunchDisplay usersetdisplayid 0 current displayId 0 paramspreferid -1
04-20 20:21:33.404  1749 11470 D ActivityTaskManager: getPreferredLaunchDisplay usersetdisplayid 0 current displayId 0 paramspreferid -1
04-20 20:21:33.511  1749 11470 I ActivityTaskManager: START u0 {act=com.google.android.gms.auth.addaccount.PRE_ADD_ACCOUNT cmp=com.google.android.gms/.auth.uiflows.addaccount.PreAddAccountActivity (has extras)} from uid 10158
04-20 20:21:33.511  1749 11470 D ActivityTaskManager: getPreferredLaunchDisplay usersetdisplayid 0 current displayId 0 paramspreferid -1
04-20 20:21:33.511  1749 11470 D ActivityTaskManager: getPreferredLaunchDisplay usersetdisplayid 0 current displayId 0 paramspreferid -1
04-20 20:21:33.633  1749  1773 I LaunchCheckinHandler: Displayed com.google.android.gms/.auth.uiflows.addaccount.WrapperControlledActivity,wp,ca,214
04-20 20:21:33.633  1749  1773 I WindowManager: Window drawn AppWindowToken{e70b900 token=Token{9c3a383 ActivityRecord{16b6a32 u0 com.google.android.gms/.auth.uiflows.addaccount.WrapperControlledActivity t20}}}
04-20 20:21:33.633  1749  1773 I WindowManager:   SURFACE show Surface(name=com.google.android.gms/com.google.android.gms.auth.uiflows.addaccount.WrapperControlledActivity)/@0x1a46230 on display:0: com.google.android.gms/com.google.android.gms.auth.uiflows.addaccount.WrapperControlledActivity
04-20 20:21:33.694  1749  2444 V WindowManager: Changing focus from null to Window{95479e1 u0 com.google.android.gms/com.google.android.gms.auth.uiflows.addaccount.PreAddAccountActivity} displayId=0
04-20 20:21:33.716  1749  1773 I WindowManager: Window drawn AppWindowToken{fcca818 token=Token{fdbfffb ActivityRecord{8a20d8a u0 com.google.android.gms/.auth.uiflows.addaccount.PreAddAccountActivity t20}}}
04-20 20:21:33.720  1749  1773 I WindowManager:   SURFACE show Surface(name=com.google.android.gms/com.google.android.gms.auth.uiflows.addaccount.PreAddAccountActivity)/@0xd698419 on display:0: com.google.android.gms/com.google.android.gms.auth.uiflows.addaccount.PreAddAccountActivity
04-20 20:21:33.731  1749  3484 I WindowManager:   SURFACE show Surface(name=com.android.systemui.ImageWallpaper)/@0xcbdab7b on display:0: com.android.systemui.ImageWallpaper
04-20 20:21:33.732  1749  3484 I WindowManager:   SURFACE show Surface(name=com.google.android.gms/com.google.android.gms.auth.uiflows.addaccount.WrapperControlledActivity)/@0x1a46230 on display:0: com.google.android.gms/com.google.android.gms.auth.uiflows.addaccount.WrapperControlledActivity
04-20 20:21:33.755  1749  3484 I WindowManager: Window drawn AppWindowToken{e70b900 token=Token{9c3a383 ActivityRecord{16b6a32 u0 com.google.android.gms/.auth.uiflows.addaccount.WrapperControlledActivity t20}}}
04-20 20:21:33.824  1749  1773 I WindowManager: Window drawn AppWindowToken{7a5d47e token=Token{e022639 ActivityRecord{9980e00 u0 com.motorola.launcher3/com.android.launcher3.CustomizationPanelLauncher t3}}}
04-20 20:21:33.824  1749  1773 I WindowManager:   SURFACE show Surface(name=com.motorola.launcher3/com.android.launcher3.CustomizationPanelLauncher)/@0x565db42 on display:0: com.motorola.launcher3/com.android.launcher3.CustomizationPanelLauncher
04-20 20:21:33.911  1749  1773 I WindowManager:   SURFACE show Surface(name=com.motorola.launcher3/com.android.launcher3.CustomizationPanelLauncher)/@0xa6b1145 on display:0: com.motorola.launcher3/com.android.launcher3.CustomizationPanelLauncher
04-20 20:21:34.034  1749 11470 I WindowManager: Window drawn AppWindowToken{6f4b94a token=Token{395aeb5 ActivityRecord{4b2baec u0 com.google.android.calendar/.AllInOneCalendarActivity t20}}}
04-20 20:21:34.581  1749  3482 V WindowManager: Changing focus from Window{95479e1 u0 com.google.android.gms/com.google.android.gms.auth.uiflows.addaccount.PreAddAccountActivity} to Window{733e816 u0 com.motorola.launcher3/com.android.launcher3.CustomizationPanelLauncher} displayId=0
04-20 20:21:34.622  1749  2444 I WindowManager: Window drawn AppWindowToken{fcca818 token=Token{fdbfffb ActivityRecord{8a20d8a u0 com.google.android.gms/.auth.uiflows.addaccount.PreAddAccountActivity t20}}}
04-20 20:21:34.624  1749  1749 V SettingsProvider: Notifying for 0: content://settings/secure/reminder_exp_learning_time_elapsed
04-20 20:21:34.662  1749  1773 I WindowManager:   SURFACE show Surface(name=FloatingTutorialButton)/@0xbb44b33 on display:0: FloatingTutorialButton
04-20 20:21:37.220  1749  1773 I WindowManager:   SURFACE show Surface(name=FloatingTutorialButton)/@0xd618349 on display:0: FloatingTutorialButton
04-20 20:21:39.005  1749  1749 V SettingsProvider: Notifying for 0: content://settings/secure/reminder_exp_learning_time_elapsed
04-20 20:21:39.994  1749  1772 I ActivityManager: Killing 4715:com.google.android.calendar/u0a198 (adj 905): remove task
04-20 20:21:40.255  1749  1767 I WindowManager: WIN DEATH: Window{8d5de98 u0 com.google.android.calendar/com.google.android.calendar.AllInOneCalendarActivity EXITING}
04-20 20:21:40.266  1749  7481 D ActivityManager: makeInactive, ProcessRecord{dbeab7d 4715:com.google.android.calendar/u0a198}, clear holder.state
04-20 20:21:40.281  1749  1772 W ActivityManager: setHasOverlayUi called on unknown pid: 4715
04-20 20:21:42.443  1749  1772 I ActivityManager: Killing 14232:com.android.settings/1000 (adj 905): remove task
04-20 20:21:42.519  1749  7754 I WindowManager: WIN DEATH: Window{50c8cce u0 com.android.settings/com.android.settings.SubSettings}
04-20 20:21:42.523  1749  2387 D ActivityManager: makeInactive, ProcessRecord{a5d9a8f 14232:com.android.settings/1000}, clear holder.state
04-20 20:21:42.523  1749  5077 I WindowManager: WIN DEATH: Window{88a3c50 u0 com.android.settings/com.android.settings.Settings}
04-20 20:21:42.538  1749  1772 W ActivityManager: setHasOverlayUi called on unknown pid: 14232
04-20 20:21:42.732  1749  1773 I WindowManager:   SURFACE show Surface(name=FloatingTutorialButton)/@0x60b6cfe on display:0: FloatingTutorialButton
04-20 20:21:59.902  1749  2387 I ActivityManager: Force stopping com.google.location.nearby.apps.connectedcrossroad appid=10216 user=0: from pid 5493
04-20 20:21:59.908  1749  2387 I ActivityManager: Killing 32133:android.process.media/u0a54 (adj 985): empty #17
04-20 20:21:59.965  1749  1767 D ActivityManager: makeInactive, ProcessRecord{ac8ff7b 32133:android.process.media/u0a54}, clear holder.state
04-20 20:22:04.197  1749 11475 W AppOps  : Noting op not finished: uid 10158 pkg com.google.android.gms code 79 time=1618964494632 duration=-1618960036121
04-20 20:22:04.202  1749 11475 W AppOps  : Noting op not finished: uid 10158 pkg com.google.android.gms code 79 time=1618964524197 duration=0
04-20 20:22:17.595  1749  2054 D BatteryService: uevent={POWER_SUPPLY_DP_DM=0, POWER_SUPPLY_VOLTAGE_NOW=3951520, POWER_SUPPLY_SW_JEITA_ENABLED=0, POWER_SUPPLY_CHARGE_CONTROL_LIMIT_MAX=8, POWER_SUPPLY_RECHARGE_SOC=99, POWER_SUPPLY_HEALTH=Good, POWER_SUPPLY_TECHNOLOGY=Li-ion, POWER_SUPPLY_FCC_STEPPER_ENABLE=0, SEQNUM=20598, POWER_SUPPLY_INPUT_CURRENT_LIMITED=0, POWER_SUPPLY_CHARGE_CONTROL_LIMIT=0, POWER_SUPPLY_BATTERY_CHARGING_ENABLED=1, POWER_SUPPLY_STATUS=Discharging, POWER_SUPPLY_CYCLE_COUNT=1, POWER_SUPPLY_CURRENT_MAX=2000000, POWER_SUPPLY_CHARGE_TERM_CURRENT=-101, POWER_SUPPLY_CAPACITY=66, DEVPATH=/devices/platform/soc/200f000.qcom,spmi/spmi-0/spmi0-02/200f000.qcom,spmi:qcom,pmi632@2:qcom,qpnp-smb5/power_supply/battery, POWER_SUPPLY_CHARGE_DONE=0, POWER_SUPPLY_CHARGE_TYPE=N/A, POWER_SUPPLY_CHARGE_RATE=None, POWER_SUPPLY_CURRENT_NOW=-225830, POWER_SUPPLY_SYSTEM_TEMP_LEVEL=0, POWER_SUPPLY_PRESENT=1, POWER_SUPPLY_PARALLEL_DISABLE=0, POWER_SUPPLY_CHARGE_FULL=3615000, SUBSYSTEM=power_supply, POWER_SUPPLY_SET_SHIP_MODE=0, POWER_SUPPLY_TEMP=263, ACTION=change, POWER_SUPPLY_RERUN_AICL=0, POWER_SUPPLY_AGE=100, POWER_SUPPLY_NAME=battery, POWER_SUPPLY_VOLTAGE_MAX=-22, POWER_SUPPLY_CONSTANT_CHARGE_CURRENT_MAX=2000000, POWER_SUPPLY_CHARGE_COUNTER=2385900, POWER_SUPPLY_STEP_CHARGING_ENABLED=0, POWER_SUPPLY_NUM_SYSTEM_TEMP_LEVELS=8, POWER_SUPPLY_DIE_HEALTH=Hot, POWER_SUPPLY_INPUT_SUSPEND=0}
04-20 20:22:34.175   785  5566 D SystemConfig: Removed unavailable feature android.hardware.sensor.gyroscope
04-20 20:22:34.180   785  5566 W SystemConfig: No directory /oem/etc/sysconfig, skipping
04-20 20:22:34.180   785  5566 W SystemConfig: No directory /oem/etc/permissions, skipping
04-20 20:22:34.273   785  5566 W SystemConfig: No directory /system/etc/motorola/bgintents, skipping
04-20 20:22:34.274   785  5566 W SystemConfig: No directory /oem/etc/motorola/bgintents, skipping
04-20 20:22:34.279   785  5566 W SystemConfig: No directory /product_services/etc/sysconfig, skipping
04-20 20:22:34.279   785  5566 W SystemConfig: No directory /product_services/etc/permissions, skipping
04-20 20:22:34.279   785  5566 W SystemConfig: No directory /system/etc/motorola/sysconfig, skipping
04-20 20:22:34.279   785  5566 W SystemConfig: No directory /oem/etc/motorola/sysconfig, skipping
04-20 20:22:34.279   785  5566 W SystemConfig: No directory /product/etc/motorola/sysconfig, skipping
04-20 20:22:35.163  1749  1794 I PackageManager: Update package com.google.location.nearby.apps.connectedcrossroad code path from /data/app/com.google.location.nearby.apps.connectedcrossroad-l6KsBcrcxRgZHyYqbKxt2g== to /data/app/com.google.location.nearby.apps.connectedcrossroad-ET6TnAbEVzh7eAJy2xijoA==; Retain data and using new
04-20 20:22:35.163  1749  1794 I PackageManager: Update package com.google.location.nearby.apps.connectedcrossroad resource path from /data/app/com.google.location.nearby.apps.connectedcrossroad-l6KsBcrcxRgZHyYqbKxt2g== to /data/app/com.google.location.nearby.apps.connectedcrossroad-ET6TnAbEVzh7eAJy2xijoA==; Retain data and using new
04-20 20:22:35.245  1749  1794 I PackageManager: Un-granting permission android.permission.MANAGE_DOCUMENTS from package com.google.android.youtube (protectionLevel=262146 flags=0x30dbbe45)
04-20 20:22:35.247  1749  1794 I PackageManager: Un-granting permission com.google.android.googleapps.permission.GOOGLE_AUTH from package com.android.providers.calendar (protectionLevel=2 flags=0x30883e45)
04-20 20:22:35.247  1749  1794 I PackageManager: Un-granting permission com.google.android.googleapps.permission.GOOGLE_AUTH.cl from package com.android.providers.calendar (protectionLevel=2 flags=0x30883e45)
04-20 20:22:35.247  1749  1794 I PackageManager: Un-granting permission com.google.android.gm.permission.READ_GMAIL from package com.google.android.apps.docs.editors.docs (protectionLevel=2 flags=0x38dbbe44)
04-20 20:22:35.247  1749  1794 I PackageManager: Un-granting permission com.google.android.googleapps.permission.GOOGLE_AUTH from package com.google.android.apps.docs.editors.docs (protectionLevel=2 flags=0x38dbbe44)
04-20 20:22:35.247  1749  1794 I PackageManager: Un-granting permission com.google.android.googleapps.permission.GOOGLE_AUTH.OTHER_SERVICES from package com.google.android.apps.docs.editors.docs (protectionLevel=2 flags=0x38dbbe44)
04-20 20:22:35.247  1749  1794 I PackageManager: Un-granting permission com.google.android.googleapps.permission.GOOGLE_AUTH.ALL_SERVICES from package com.google.android.apps.docs.editors.docs (protectionLevel=2 flags=0x38dbbe44)
04-20 20:22:35.247  1749  1794 I PackageManager: Un-granting permission com.google.android.googleapps.permission.GOOGLE_AUTH.writely from package com.google.android.apps.docs.editors.docs (protectionLevel=2 flags=0x38dbbe44)
04-20 20:22:35.247  1749  1794 I PackageManager: Un-granting permission com.google.android.googleapps.permission.GOOGLE_AUTH.wise from package com.google.android.apps.docs.editors.docs (protectionLevel=2 flags=0x38dbbe44)
04-20 20:22:35.248  1749  1794 I PackageManager: Un-granting permission android.permission.REQUEST_INSTALL_PACKAGES from package com.motorola.brapps (protectionLevel=66 flags=0x38483e45)
04-20 20:22:35.249  1749  1794 I PackageManager: Un-granting permission com.google.android.gm.permission.READ_GMAIL from package com.google.android.apps.docs.editors.sheets (protectionLevel=2 flags=0x38dbbe44)
04-20 20:22:35.249  1749  1794 I PackageManager: Un-granting permission com.google.android.googleapps.permission.GOOGLE_AUTH from package com.google.android.apps.docs.editors.sheets (protectionLevel=2 flags=0x38dbbe44)
04-20 20:22:35.249  1749  1794 I PackageManager: Un-granting permission com.google.android.googleapps.permission.GOOGLE_AUTH.OTHER_SERVICES from package com.google.android.apps.docs.editors.sheets (protectionLevel=2 flags=0x38dbbe44)
04-20 20:22:35.249  1749  1794 I PackageManager: Un-granting permission com.google.android.googleapps.permission.GOOGLE_AUTH.ALL_SERVICES from package com.google.android.apps.docs.editors.sheets (protectionLevel=2 flags=0x38dbbe44)
04-20 20:22:35.249  1749  1794 I PackageManager: Un-granting permission com.google.android.googleapps.permission.GOOGLE_AUTH.writely from package com.google.android.apps.docs.editors.sheets (protectionLevel=2 flags=0x38dbbe44)
04-20 20:22:35.249  1749  1794 I PackageManager: Un-granting permission com.google.android.googleapps.permission.GOOGLE_AUTH.wise from package com.google.android.apps.docs.editors.sheets (protectionLevel=2 flags=0x38dbbe44)
04-20 20:22:35.249  1749  1794 I PackageManager: Un-granting permission com.google.android.gm.permission.READ_GMAIL from package com.google.android.apps.docs.editors.slides (protectionLevel=2 flags=0x38dbbe44)
04-20 20:22:35.249  1749  1794 I PackageManager: Un-granting permission com.google.android.googleapps.permission.GOOGLE_AUTH from package com.google.android.apps.docs.editors.slides (protectionLevel=2 flags=0x38dbbe44)
04-20 20:22:35.249  1749  1794 I PackageManager: Un-granting permission com.google.android.googleapps.permission.GOOGLE_AUTH.OTHER_SERVICES from package com.google.android.apps.docs.editors.slides (protectionLevel=2 flags=0x38dbbe44)
04-20 20:22:35.249  1749  1794 I PackageManager: Un-granting permission com.google.android.googleapps.permission.GOOGLE_AUTH.ALL_SERVICES from package com.google.android.apps.docs.editors.slides (protectionLevel=2 flags=0x38dbbe44)
04-20 20:22:35.249  1749  1794 I PackageManager: Un-granting permission com.google.android.googleapps.permission.GOOGLE_AUTH.writely from package com.google.android.apps.docs.editors.slides (protectionLevel=2 flags=0x38dbbe44)
04-20 20:22:35.249  1749  1794 I PackageManager: Un-granting permission com.google.android.googleapps.permission.GOOGLE_AUTH.wise from package com.google.android.apps.docs.editors.slides (protectionLevel=2 flags=0x38dbbe44)
04-20 20:22:35.250  1749  1794 I PackageManager: Un-granting permission com.google.android.setupwizard.READ_DEVICE_ORIGIN from package com.google.android.apps.messaging (protectionLevel=18 flags=0x38cbbe45)
04-20 20:22:35.252  1749  1794 I PackageManager: Un-granting permission android.permission.SEND_DOWNLOAD_COMPLETED_INTENTS from package com.android.vending (protectionLevel=2 flags=0x38cabec5)
04-20 20:22:35.255  1749  1794 I PackageManager: Un-granting permission android.permission.BIND_CARRIER_SERVICES from package com.republicwireless.tel (protectionLevel=18 flags=0x30483e45)
04-20 20:22:35.255  1749  1794 I PackageManager: Un-granting permission android.permission.REQUEST_INSTALL_PACKAGES from package com.google.android.gm (protectionLevel=66 flags=0x38cbbe45)
04-20 20:22:35.258  1749  1794 I PackageManager: Un-granting permission android.permission.MANAGE_ROLE_HOLDERS from package com.google.android.apps.wellbeing (protectionLevel=258 flags=0x20cbbe45)
04-20 20:22:35.258  1749  1794 I PackageManager: Un-granting permission android.permission.REQUEST_INSTALL_PACKAGES from package com.google.android.apps.nbu.files (protectionLevel=66 flags=0x30c83e45)
04-20 20:22:35.258  1749  1794 I PackageManager: Un-granting permission android.permission.REQUEST_INSTALL_PACKAGES from package com.google.android.apps.docs (protectionLevel=66 flags=0x38cbbe45)
04-20 20:22:35.260  1749  1794 I PackageManager: Un-granting permission android.permission.INTERACT_ACROSS_USERS from package com.google.android.syncadapters.contacts (protectionLevel=50 flags=0x20883e45)
04-20 20:22:35.260  1749  1794 I PackageManager: Un-granting permission android.permission.REQUEST_INSTALL_PACKAGES from package com.android.chrome (protectionLevel=66 flags=0xa0cbbe45)
04-20 20:22:35.260  1749  1794 I PackageManager: Un-granting permission android.permission.CAPTURE_VIDEO_OUTPUT from package com.google.android.gms (protectionLevel=2 flags=0xa0cabec5)
04-20 20:22:35.261  1749  1794 I PackageManager: Un-granting permission android.permission.MANAGE_DEVICE_ADMINS from package com.google.android.gms (protectionLevel=2 flags=0xa0cabec5)
04-20 20:22:35.261  1749  1794 I PackageManager: Un-granting permission android.permission.MANAGE_ACTIVITY_STACKS from package com.google.android.gms (protectionLevel=2 flags=0xa0cabec5)
04-20 20:22:35.261  1749  1794 I PackageManager: Un-granting permission android.permission.CAPTURE_SECURE_VIDEO_OUTPUT from package com.google.android.gms (protectionLevel=2 flags=0xa0cabec5)
04-20 20:22:35.261  1749  1794 I PackageManager: Un-granting permission android.permission.MANAGE_ROLLBACKS from package com.google.android.gms (protectionLevel=514 flags=0xa0cabec5)
04-20 20:22:35.263  1749  1794 I PackageManager: Un-granting permission com.google.android.googleapps.permission.GOOGLE_AUTH from package com.google.android.videos (protectionLevel=2 flags=0x30dbbe45)
04-20 20:22:35.264  1749  1794 I PackageManager: Un-granting permission android.permission.WRITE_MEDIA_STORAGE from package com.google.android.apps.photos (protectionLevel=18 flags=0x38d9be45)
04-20 20:22:35.267  1749  1794 I PackageManager: Un-granting permission android.permission.CONNECTIVITY_INTERNAL from package com.google.android.wfcactivation (protectionLevel=18 flags=0x3888be45)
04-20 20:22:35.267  1749  1794 I PackageManager: Un-granting permission android.permission.READ_LOGS from package com.google.android.wfcactivation (protectionLevel=50 flags=0x3888be45)
04-20 20:22:35.267  1749  1794 I PackageManager: Un-granting permission android.permission.WRITE_APN_SETTINGS from package com.google.android.wfcactivation (protectionLevel=18 flags=0x3888be45)
04-20 20:22:35.267  1749  1794 I PackageManager: Un-granting permission android.permission.WRITE_SECURE_SETTINGS from package com.LogiaGroup.LogiaDeck (protectionLevel=50 flags=0x38483e45)
04-20 20:22:35.269  1749  1794 I PackageManager: Un-granting permission android.permission.READ_WALLPAPER_INTERNAL from package com.google.android.apps.wallpaper (protectionLevel=18 flags=0x20cbbe45)
04-20 20:22:35.380  1749  1781 W BroadcastQueue: Background execution not allowed: receiving Intent { act=android.intent.action.PACKAGE_REMOVED dat=package:com.google.location.nearby.apps.connectedcrossroad flg=0x4000010 (has extras) } to com.android.vending/com.google.android.finsky.packagemanager.impl.PackageMonitorReceiverImpl$RegisteredReceiver
04-20 20:22:35.402  1749  2067 W AccountManagerService: User 10216 does not exist. It might be removed already.
04-20 20:22:35.417  1749  2646 W LocationProviderProxy: Odd, no component found for service com.android.location.service.v3.NetworkLocationProvider
04-20 20:22:35.421  1749  1781 W BroadcastQueue: Background execution not allowed: receiving Intent { act=android.intent.action.PACKAGE_REMOVED dat=package:com.google.location.nearby.apps.connectedcrossroad flg=0x4000010 (has extras) } to com.android.vending/com.google.android.finsky.instantapps.appmanagement.InstantAppRemoveMonitor
04-20 20:22:35.433  1749  1781 W BroadcastQueue: Background execution not allowed: receiving Intent { act=android.intent.action.PACKAGE_REMOVED dat=package:com.google.location.nearby.apps.connectedcrossroad flg=0x4000010 (has extras) } to com.google.android.gms/.games.chimera.GamesSystemBroadcastReceiverProxy
04-20 20:22:35.433  1749  1781 W BroadcastQueue: Background execution not allowed: receiving Intent { act=android.intent.action.PACKAGE_REMOVED dat=package:com.google.location.nearby.apps.connectedcrossroad flg=0x4000010 (has extras) } to com.google.android.gms/.chimera.GmsIntentOperationService$PersistentTrustedReceiver
04-20 20:22:35.433  1749  1781 W BroadcastQueue: Background execution not allowed: receiving Intent { act=android.intent.action.PACKAGE_REMOVED dat=package:com.google.location.nearby.apps.connectedcrossroad flg=0x4000010 (has extras) } to com.google.android.googlequicksearchbox/com.google.android.apps.gsa.googlequicksearchbox.GelStubAppWatcher
04-20 20:22:35.433  1749  1781 W BroadcastQueue: Background execution not allowed: receiving Intent { act=android.intent.action.PACKAGE_REMOVED dat=package:com.google.location.nearby.apps.connectedcrossroad flg=0x4000010 (has extras) } to com.verizon.loginengine.unbranded/com.verizon.vzwavs.AVSSystemReceiver
04-20 20:22:35.434  1749  1781 W BroadcastQueue: Background execution not allowed: receiving Intent { act=android.intent.action.PACKAGE_REMOVED dat=package:com.google.location.nearby.apps.connectedcrossroad flg=0x4000010 (has extras) } to com.google.android.apps.magazines/com.google.android.libraries.social.peoplekit.thirdparty.viewcontrollers.ThirdPartyReceiver
04-20 20:22:35.434  1749  1781 W BroadcastQueue: Background execution not allowed: receiving Intent { act=android.intent.action.PACKAGE_ADDED dat=package:com.google.location.nearby.apps.connectedcrossroad flg=0x4000010 (has extras) } to com.google.android.packageinstaller/com.android.packageinstaller.PackageInstalledReceiver
04-20 20:22:35.434  1749  1781 W BroadcastQueue: Background execution not allowed: receiving Intent { act=android.intent.action.PACKAGE_ADDED dat=package:com.google.location.nearby.apps.connectedcrossroad flg=0x4000010 (has extras) } to com.android.vending/com.google.android.finsky.packagemanager.impl.PackageMonitorReceiverImpl$RegisteredReceiver
04-20 20:22:35.443  1749  1781 W BroadcastQueue: Background execution not allowed: receiving Intent { act=android.intent.action.PACKAGE_ADDED dat=package:com.google.location.nearby.apps.connectedcrossroad flg=0x4000010 (has extras) } to com.facebook.appmanager/com.facebook.oxygen.common.packages.event.manifest.ManifestPackageEventReceiver
04-20 20:22:35.447  1749  1781 W BroadcastQueue: Background execution not allowed: receiving Intent { act=android.intent.action.PACKAGE_ADDED dat=package:com.google.location.nearby.apps.connectedcrossroad flg=0x4000010 (has extras) } to com.google.android.gms/.games.chimera.GamesSystemBroadcastReceiverProxy
04-20 20:22:35.447  1749  1781 W BroadcastQueue: Background execution not allowed: receiving Intent { act=android.intent.action.PACKAGE_ADDED dat=package:com.google.location.nearby.apps.connectedcrossroad flg=0x4000010 (has extras) } to com.google.android.gms/.gass.chimera.PackageChangeBroadcastReceiver
04-20 20:22:35.447  1749  1781 W BroadcastQueue: Background execution not allowed: receiving Intent { act=android.intent.action.PACKAGE_ADDED dat=package:com.google.location.nearby.apps.connectedcrossroad flg=0x4000010 (has extras) } to com.google.android.gms/.chimera.GmsIntentOperationService$PersistentTrustedReceiver
04-20 20:22:35.447  1749  1781 W BroadcastQueue: Background execution not allowed: receiving Intent { act=android.intent.action.PACKAGE_ADDED dat=package:com.google.location.nearby.apps.connectedcrossroad flg=0x4000010 (has extras) } to com.google.android.googlequicksearchbox/com.google.android.apps.gsa.googlequicksearchbox.GelStubAppWatcher
04-20 20:22:35.450  1749  1749 E LoadedApk: Unable to instantiate appComponentFactory
04-20 20:22:35.450  1749  1749 E LoadedApk: java.lang.ClassNotFoundException: Didn't find class "androidx.core.app.CoreComponentFactory" on path: DexPathList[[],nativeLibraryDirectories=[/system/app/YTMusic/lib/arm, /system/app/YTMusic/YTMusic.apk!/lib/armeabi-v7a, /system/lib, /product/lib, /system/lib, /product/lib]]
04-20 20:22:35.450  1749  1749 E LoadedApk: 	at dalvik.system.BaseDexClassLoader.findClass(BaseDexClassLoader.java:196)
04-20 20:22:35.450  1749  1749 E LoadedApk: 	at java.lang.ClassLoader.loadClass(ClassLoader.java:379)
04-20 20:22:35.450  1749  1749 E LoadedApk: 	at java.lang.ClassLoader.loadClass(ClassLoader.java:312)
04-20 20:22:35.450  1749  1749 E LoadedApk: 	at android.app.LoadedApk.createAppFactory(LoadedApk.java:256)
04-20 20:22:35.450  1749  1749 E LoadedApk: 	at android.app.LoadedApk.updateApplicationInfo(LoadedApk.java:370)
04-20 20:22:35.450  1749  1749 E LoadedApk: 	at android.app.ActivityThread.handleDispatchPackageBroadcast(ActivityThread.java:6186)
04-20 20:22:35.450  1749  1749 E LoadedApk: 	at android.app.ActivityThread$H.handleMessage(ActivityThread.java:2108)
04-20 20:22:35.450  1749  1749 E LoadedApk: 	at android.os.Handler.dispatchMessage(Handler.java:107)
04-20 20:22:35.450  1749  1749 E LoadedApk: 	at android.os.Looper.loop(Looper.java:241)
04-20 20:22:35.450  1749  1749 E LoadedApk: 	at com.android.server.SystemServer.run(SystemServer.java:585)
04-20 20:22:35.450  1749  1749 E LoadedApk: 	at com.android.server.SystemServer.main(SystemServer.java:381)
04-20 20:22:35.450  1749  1749 E LoadedApk: 	at java.lang.reflect.Method.invoke(Native Method)
04-20 20:22:35.450  1749  1749 E LoadedApk: 	at com.android.internal.os.RuntimeInit$MethodAndArgsCaller.run(RuntimeInit.java:492)
04-20 20:22:35.450  1749  1749 E LoadedApk: 	at com.android.internal.os.ZygoteInit.main(ZygoteInit.java:919)
04-20 20:22:35.452  1749  1781 W BroadcastQueue: Background execution not allowed: receiving Intent { act=android.intent.action.PACKAGE_ADDED dat=package:com.google.location.nearby.apps.connectedcrossroad flg=0x4000010 (has extras) } to com.google.android.ims/.receivers.RcsAutoStartReceiver
04-20 20:22:35.454  1749  1782 I ActivityManager: Start proc 5578:com.android.keychain/1000 for service {com.android.keychain/com.android.keychain.KeyChainService}
04-20 20:22:35.488  1749  1782 I ActivityManager: Start proc 5587:com.motorola.invisiblenet/u0a156 for broadcast {com.motorola.invisiblenet/com.motorola.invisiblenet.PackageAddedReceiver}
04-20 20:22:35.583  1749  2039 W BroadcastQueue: Background execution not allowed: receiving Intent { act=android.intent.action.PACKAGE_ADDED dat=package:com.google.location.nearby.apps.connectedcrossroad flg=0x4000010 (has extras) } to com.verizon.loginengine.unbranded/com.verizon.vzwavs.AVSSystemReceiver
04-20 20:22:35.631  1749  1749 W Looper  : Slow dispatch took 156ms main h=android.app.ActivityThread$H c=android.app.-$$Lambda$LoadedApk$ReceiverDispatcher$Args$_BumDX2UKsnxLVrE6UJsJZkotuA@9762154 m=0
04-20 20:22:35.631  1749  1749 W Looper  : Slow delivery took 229ms main h=android.app.ActivityThread$H c=android.app.-$$Lambda$LoadedApk$ReceiverDispatcher$Args$_BumDX2UKsnxLVrE6UJsJZkotuA@6bf8fd m=0
04-20 20:22:35.641  1749  5123 W BroadcastQueue: Background execution not allowed: receiving Intent { act=android.intent.action.PACKAGE_REPLACED dat=package:com.google.location.nearby.apps.connectedcrossroad flg=0x4000010 (has extras) } to com.facebook.appmanager/com.facebook.oxygen.common.packages.event.manifest.ManifestPackageEventReceiver
04-20 20:22:35.643  1749  1781 W BroadcastQueue: Background execution not allowed: receiving Intent { act=android.intent.action.PACKAGE_REPLACED dat=package:com.google.location.nearby.apps.connectedcrossroad flg=0x4000010 (has extras) } to com.google.android.apps.photos/.account.full.FetchAccountPropertiesAppUpgradeBroadcastReceiver
04-20 20:22:35.643  1749  1781 W BroadcastQueue: Background execution not allowed: receiving Intent { act=android.intent.action.PACKAGE_REPLACED dat=package:com.google.location.nearby.apps.connectedcrossroad flg=0x4000010 (has extras) } to com.google.android.apps.photos/.account.full.SyncAccountsForLoginBroadcastReceiver
04-20 20:22:35.643  1749  1781 W BroadcastQueue: Background execution not allowed: receiving Intent { act=android.intent.action.PACKAGE_REPLACED dat=package:com.google.location.nearby.apps.connectedcrossroad flg=0x4000010 (has extras) } to com.google.android.apps.photos/.notificationchannels.AppUpdateBroadcastReceiver
04-20 20:22:35.646  1749  1781 W BroadcastQueue: Background execution not allowed: receiving Intent { act=android.intent.action.PACKAGE_REPLACED dat=package:com.google.location.nearby.apps.connectedcrossroad flg=0x4000010 (has extras) } to com.google.android.gms/.gass.chimera.PackageChangeBroadcastReceiver
04-20 20:22:35.647  1749  1781 W BroadcastQueue: Background execution not allowed: receiving Intent { act=android.intent.action.PACKAGE_REPLACED dat=package:com.google.location.nearby.apps.connectedcrossroad flg=0x4000010 (has extras) } to com.google.android.gms/.chimera.GmsIntentOperationService$PersistentTrustedReceiver
04-20 20:22:35.647  1749  1781 W BroadcastQueue: Background execution not allowed: receiving Intent { act=android.intent.action.PACKAGE_REPLACED dat=package:com.google.location.nearby.apps.connectedcrossroad flg=0x4000010 (has extras) } to com.google.android.googlequicksearchbox/com.google.android.apps.gsa.googlequicksearchbox.GelStubAppWatcher
04-20 20:22:35.647  1749  1781 W BroadcastQueue: Background execution not allowed: receiving Intent { act=android.intent.action.PACKAGE_REPLACED dat=package:com.google.location.nearby.apps.connectedcrossroad flg=0x4000010 (has extras) } to com.google.android.ims/.receivers.RcsAutoStartReceiver
04-20 20:22:35.652  1749  1781 W BroadcastQueue: Background execution not allowed: receiving Intent { act=android.intent.action.PACKAGE_REPLACED dat=package:com.google.location.nearby.apps.connectedcrossroad flg=0x4000010 (has extras) } to com.motorola.ccc.notification/.gcm.GCMAdminReceiver
04-20 20:22:35.652  1749  1781 W BroadcastQueue: Background execution not allowed: receiving Intent { act=android.intent.action.PACKAGE_REPLACED dat=package:com.google.location.nearby.apps.connectedcrossroad flg=0x4000010 (has extras) } to com.verizon.loginengine.unbranded/com.verizon.vzwavs.AVSSystemReceiver
04-20 20:22:35.652  1749  1769 W Looper  : Slow delivery took 221ms android.fg h=android.os.Handler c=<recycled PooledLambda@27f254a> m=0
04-20 20:22:35.743  1749  1749 W Looper  : Slow dispatch took 106ms main h=android.app.ActivityThread$H c=android.app.-$$Lambda$LoadedApk$ReceiverDispatcher$Args$_BumDX2UKsnxLVrE6UJsJZkotuA@a303475 m=0
04-20 20:22:35.744  1749  1749 I TelecomService: DefaultDialerCache: Refreshing default dialer for user 0: now com.google.android.dialer: DDC.oR@Agg
04-20 20:22:35.755  1749  1749 V BackupManagerConstants: getFullBackupIntervalMilliseconds(...) returns 86400000
04-20 20:22:35.755  1749  1749 V BackupManagerConstants: getFullBackupRequiredNetworkType(...) returns 2
04-20 20:22:35.755  1749  1749 V BackupManagerConstants: getFullBackupRequireCharging(...) returns true
04-20 20:22:35.769  1749  1749 E LoadedApk: Unable to instantiate appComponentFactory
04-20 20:22:35.769  1749  1749 E LoadedApk: java.lang.ClassNotFoundException: Didn't find class "androidx.core.app.CoreComponentFactory" on path: DexPathList[[],nativeLibraryDirectories=[/system/app/YTMusic/lib/arm, /system/app/YTMusic/YTMusic.apk!/lib/armeabi-v7a, /system/lib, /product/lib, /system/lib, /product/lib]]
04-20 20:22:35.769  1749  1749 E LoadedApk: 	at dalvik.system.BaseDexClassLoader.findClass(BaseDexClassLoader.java:196)
04-20 20:22:35.769  1749  1749 E LoadedApk: 	at java.lang.ClassLoader.loadClass(ClassLoader.java:379)
04-20 20:22:35.769  1749  1749 E LoadedApk: 	at java.lang.ClassLoader.loadClass(ClassLoader.java:312)
04-20 20:22:35.769  1749  1749 E LoadedApk: 	at android.app.LoadedApk.createAppFactory(LoadedApk.java:256)
04-20 20:22:35.769  1749  1749 E LoadedApk: 	at android.app.LoadedApk.updateApplicationInfo(LoadedApk.java:370)
04-20 20:22:35.769  1749  1749 E LoadedApk: 	at android.app.ActivityThread.handleDispatchPackageBroadcast(ActivityThread.java:6186)
04-20 20:22:35.769  1749  1749 E LoadedApk: 	at android.app.ActivityThread$H.handleMessage(ActivityThread.java:2108)
04-20 20:22:35.769  1749  1749 E LoadedApk: 	at android.os.Handler.dispatchMessage(Handler.java:107)
04-20 20:22:35.769  1749  1749 E LoadedApk: 	at android.os.Looper.loop(Looper.java:241)
04-20 20:22:35.769  1749  1749 E LoadedApk: 	at com.android.server.SystemServer.run(SystemServer.java:585)
04-20 20:22:35.769  1749  1749 E LoadedApk: 	at com.android.server.SystemServer.main(SystemServer.java:381)
04-20 20:22:35.769  1749  1749 E LoadedApk: 	at java.lang.reflect.Method.invoke(Native Method)
04-20 20:22:35.769  1749  1749 E LoadedApk: 	at com.android.internal.os.RuntimeInit$MethodAndArgsCaller.run(RuntimeInit.java:492)
04-20 20:22:35.769  1749  1749 E LoadedApk: 	at com.android.internal.os.ZygoteInit.main(ZygoteInit.java:919)
04-20 20:22:35.779  1749  1769 W Looper  : Drained
04-20 20:22:35.780  1749  1749 W Looper  : Drained
04-20 20:22:36.523  1749 11475 I ActivityManager: Killing 32217:com.google.android.apps.nbu.files/u0a124 (adj 985): empty #17
04-20 20:22:36.559  1749 11475 I ActivityTaskManager: START u0 {act=android.intent.action.MAIN cat=[android.intent.category.LAUNCHER] flg=0x10000000 cmp=com.google.location.nearby.apps.connectedcrossroad/nx.aodv.eval.MainActivity} from uid 2000
04-20 20:22:36.560  1749 11475 D ActivityTaskManager: getPreferredLaunchDisplay usersetdisplayid -1 current displayId 0 paramspreferid 0
04-20 20:22:36.560  1749 11475 D ActivityTaskManager: getPreferredLaunchDisplay usersetdisplayid -1 current displayId 0 paramspreferid 0
04-20 20:22:36.564  1749 11475 D ActivityTaskManager: getPreferredLaunchDisplay usersetdisplayid 0 current displayId 0 paramspreferid 0
04-20 20:22:36.582  1749  1749 V SettingsProvider: Notifying for 0: content://settings/secure/reminder_exp_learning_time_elapsed
04-20 20:22:36.593  1749  7481 D ActivityManager: makeInactive, ProcessRecord{5d1b78 32217:com.google.android.apps.nbu.files/u0a124}, clear holder.state
04-20 20:22:36.598  1749  1773 V WindowManager: Changing focus from Window{733e816 u0 com.motorola.launcher3/com.android.launcher3.CustomizationPanelLauncher} to null displayId=0
04-20 20:22:36.609  1749  1782 I ActivityManager: Start proc 5666:com.google.location.nearby.apps.connectedcrossroad/u0a216 for activity {com.google.location.nearby.apps.connectedcrossroad/nx.aodv.eval.MainActivity}
04-20 20:22:36.654  1749  5077 W ActivityTaskManager: Request to remove task ignored for non-existent task 19
04-20 20:22:36.663  1749  1773 I WindowManager:   SURFACE show Surface(name=Splash Screen com.google.location.nearby.apps.connectedcrossroad)/@0xf340fcf on display:0: Splash Screen com.google.location.nearby.apps.connectedcrossroad
04-20 20:22:36.982  1749  1768 I WindowManager: Window drawn AppWindowToken{7a5d47e token=Token{e022639 ActivityRecord{9980e00 u0 com.motorola.launcher3/com.android.launcher3.CustomizationPanelLauncher t3}}}
