04-20 19:20:45.169 17704 17704 W ActivityThread: serviceStart starts in 10030 ms, ServiceArgsData = ServiceArgsData{token=android.os.BinderProxy@2b0dd7d startId=11 args=Intent { act=com.google.android.location.internal.GMS_NLP pkg=com.google.android.gms (has extras) }}
04-20 19:20:45.174 17704 17704 W ActivityThread: serviceStart starts in 10035 ms, ServiceArgsData = ServiceArgsData{token=android.os.BinderProxy@2b0dd7d startId=12 args=Intent { act=com.google.android.location.internal.GMS_NLP pkg=com.google.android.gms (has extras) }}
04-20 19:20:45.175 17704 17704 W ActivityThread: serviceStart starts in 10034 ms, ServiceArgsData = ServiceArgsData{token=android.os.BinderProxy@2b0dd7d startId=13 args=Intent { act=com.google.android.location.internal.GMS_NLP pkg=com.google.android.gms (has extras) }}
04-20 19:20:45.178 17704 17704 W ActivityThread: serviceStart starts in 10028 ms, ServiceArgsData = ServiceArgsData{token=android.os.BinderProxy@2b0dd7d startId=14 args=Intent { act=com.google.android.location.internal.GMS_NLP pkg=com.google.android.gms (has extras) }}
04-20 19:20:45.182 17704 17704 W ActivityThread: serviceStart starts in 10031 ms, ServiceArgsData = ServiceArgsData{token=android.os.BinderProxy@2b0dd7d startId=15 args=Intent { act=com.google.android.location.internal.GMS_NLP pkg=com.google.android.gms (has extras) }}
04-20 19:20:45.184 17704 17704 W ActivityThread: serviceStart starts in 10027 ms, ServiceArgsData = ServiceArgsData{token=android.os.BinderProxy@2b0dd7d startId=16 args=Intent { act=com.google.android.location.internal.GMS_NLP pkg=com.google.android.gms (has extras) }}
04-20 19:20:45.184 17704 17704 W ActivityThread: serviceStart starts in 10010 ms, ServiceArgsData = ServiceArgsData{token=android.os.BinderProxy@2b0dd7d startId=17 args=Intent { act=com.google.android.location.internal.GMS_NLP pkg=com.google.android.gms (has extras) }}
04-20 19:20:45.188 17704 17704 W ActivityThread: serviceStart starts in 10012 ms, ServiceArgsData = ServiceArgsData{token=android.os.BinderProxy@2b0dd7d startId=18 args=Intent { act=com.google.android.location.internal.GMS_NLP pkg=com.google.android.gms (has extras) }}
04-20 19:20:45.189 17704 17704 W ActivityThread: serviceStart starts in 10012 ms, ServiceArgsData = ServiceArgsData{token=android.os.BinderProxy@2b0dd7d startId=19 args=Intent { act=com.google.android.location.internal.GMS_NLP pkg=com.google.android.gms (has extras) }}
04-20 19:20:45.190 17704 17704 W ActivityThread: serviceStart starts in 10003 ms, ServiceArgsData = ServiceArgsData{token=android.os.BinderProxy@4e60010 startId=2 args=Intent { act=android.intent.action.MY_PACKAGE_REPLACED flg=0x4000010 pkg=com.google.android.gms cmp=com.google.android.gms/.chimera.PersistentIntentOperationService (has extras) }}
04-20 19:20:45.195 17704 17704 W ActivityThread: serviceStart starts in 9990 ms, ServiceArgsData = ServiceArgsData{token=android.os.BinderProxy@4e60010 startId=3 args=Intent { act=com.google.android.gms.common.broadcast.DELIVER_BROADCAST cat=[targeted_intent_op_prefix:.common.broadcast.BackgroundBroadcastReceiverSupport$PersistentReceiverIntentOperation] cmp=com.google.android.gms/.chimera.PersistentIntentOperationService (has extras) }}
04-20 19:20:45.213  1746  9916 I chatty  : uid=1000(system) Binder:1746_1E expire 3 lines
04-20 19:20:45.221  1746  1765 I chatty  : uid=1000(system) Binder:1746_2 expire 1 line
04-20 19:20:45.650  1746  2828 I chatty  : uid=1000(system) Binder:1746_C expire 1 line
04-20 19:20:45.653  1746  2827 I chatty  : uid=1000(system) Binder:1746_B expire 1 line
04-20 19:20:45.787 17686 17905 W PackageParser: Unknown element under <manifest>: queries at /data/user_de/0/com.google.android.gms/app_chimera/m/0000000a/AdsDynamite.apk Binary XML file line #5
04-20 19:20:45.789  1746  2387 I chatty  : uid=1000(system) Binder:1746_5 expire 1 line
04-20 19:20:46.063 17686 17905 D SystemConfig: Removed unavailable feature android.hardware.sensor.gyroscope
04-20 19:20:46.071 17686 17905 W SystemConfig: No directory /oem/etc/sysconfig, skipping
04-20 19:20:46.071 17686 17905 W SystemConfig: No directory /oem/etc/permissions, skipping
04-20 19:20:46.183 17686 17905 W SystemConfig: No directory /system/etc/motorola/bgintents, skipping
04-20 19:20:46.183 17686 17905 W SystemConfig: No directory /oem/etc/motorola/bgintents, skipping
04-20 19:20:46.186 17686 17905 W SystemConfig: No directory /product_services/etc/sysconfig, skipping
04-20 19:20:46.186 17686 17905 W SystemConfig: No directory /product_services/etc/permissions, skipping
04-20 19:20:46.186 17686 17905 W SystemConfig: No directory /system/etc/motorola/sysconfig, skipping
04-20 19:20:46.186 17686 17905 W SystemConfig: No directory /oem/etc/motorola/sysconfig, skipping
04-20 19:20:46.187 17686 17905 W SystemConfig: No directory /product/etc/motorola/sysconfig, skipping
04-20 19:20:46.326 17686 17905 W PackageParser: Unknown element under <manifest>: queries at /data/user_de/0/com.google.android.gms/app_chimera/m/0000000a/AdsDynamite.apk Binary XML file line #5
04-20 19:20:47.796 17686 17907 W PackageParser: Unknown element under <manifest>: queries at /data/user_de/0/com.google.android.gms/app_chimera/m/0000000a/AdsDynamite.apk Binary XML file line #5
04-20 19:20:47.942 17704 17906 E ActivityThread: Failed to find provider info for instantapp-dev-manager
04-20 19:20:48.137 17686 17908 W PackageParser: Unknown element under <manifest>: queries at /data/user_de/0/com.google.android.gms/app_chimera/m/0000000a/AdsDynamite.apk Binary XML file line #5
04-20 19:20:48.214  1746  1765 I chatty  : uid=1000(system) Binder:1746_2 expire 4 lines
04-20 19:20:48.219  1746  1776 I chatty  : uid=1000(system) ActivityManager expire 7 lines
04-20 19:20:48.242  1746  1777 I chatty  : uid=1000(system) ActivityManager expire 6 lines
04-20 19:20:48.710  1746  1746 I chatty  : uid=1000 system_server expire 23 lines
04-20 19:20:48.753  1746  2662 I chatty  : uid=1000(system) android.fg expire 8 lines
04-20 19:20:48.767 17686 17953 W PackageParser: Unknown element under <manifest>: queries at /data/user_de/0/com.google.android.gms/app_chimera/m/0000000a/AdsDynamite.apk Binary XML file line #5
04-20 19:20:48.849 17686 17953 W PackageParser: Unknown element under <manifest>: queries at /data/user_de/0/com.google.android.gms/app_chimera/m/0000000a/AdsDynamite.apk Binary XML file line #5
04-20 19:20:48.929  1746  1784 I chatty  : uid=1000(system) PowerManagerSer expire 12 lines
04-20 19:20:48.966  1746  1769 I chatty  : uid=1000(system) android.display expire 4 lines
04-20 19:20:48.970  1746  1766 I chatty  : uid=1000(system) android.fg expire 20 lines
04-20 19:20:49.279  1746  1775 I chatty  : uid=1000(system) android.bg expire 4 lines
04-20 19:20:50.395  1746  2251 I chatty  : uid=1000(system) ConnectivitySer expire 18 lines
04-20 19:20:51.005  1746  2827 I chatty  : uid=1000(system) Binder:1746_B expire 3 lines
04-20 19:20:53.355 17686 17907 W PackageParser: Unknown element under <manifest>: queries at /data/user_de/0/com.google.android.gms/app_chimera/m/0000000a/AdsDynamite.apk Binary XML file line #5
04-20 19:20:53.464 17686 17953 W PackageParser: Unknown element under <manifest>: queries at /data/user_de/0/com.google.android.gms/app_chimera/m/0000000a/AdsDynamite.apk Binary XML file line #5
04-20 19:20:53.510  1746  2235 I chatty  : uid=1000(system) Binder:1746_4 expire 1 line
04-20 19:20:53.511  1746  1767 I chatty  : uid=1000(system) android.ui expire 2 lines
04-20 19:20:53.740  1746  2740 I chatty  : uid=1000(system) Binder:1746_A expire 2 lines
04-20 19:20:53.947 17686 17908 W PackageParser: Unknown element under <manifest>: queries at /data/user_de/0/com.google.android.gms/app_chimera/m/0000000a/AdsDynamite.apk Binary XML file line #5
04-20 19:20:54.266  1746  2444 I chatty  : uid=1000(system) Binder:1746_7 expire 3 lines
04-20 19:20:54.434  1746  2064 I chatty  : uid=1000(system) UEventObserver expire 3 lines
04-20 19:20:55.005  1746  3447 I chatty  : uid=1000(system) Binder:1746_E expire 2 lines
04-20 19:20:55.084  1746  2395 I chatty  : uid=1000(system) HwBinder:1746_4 expire 1 line
04-20 19:20:55.139  1746  1768 I chatty  : uid=1000(system) android.io expire 1 line
04-20 19:20:55.197  1746  2396 I chatty  : uid=1000(system) Binder:1746_6 expire 1 line
04-20 19:20:55.327  1746  2828 I chatty  : uid=1000(system) Binder:1746_C expire 1 line
04-20 19:20:55.386  1746  1770 I chatty  : uid=1000(system) android.anim expire 8 lines
04-20 19:20:55.430  1746 16268 I chatty  : uid=1000(system) AdbDebuggingMan expire 1 line
04-20 19:20:55.447  1746  9368 I chatty  : uid=1000(system) Binder:1746_1B expire 2 lines
04-20 19:20:57.101  1746  3666 I chatty  : uid=1000(system) Binder:1746_F expire 5 lines
04-20 19:20:58.043  1746  1746 I chatty  : uid=1000 system_server expire 16 lines
04-20 19:20:58.107  1746  1766 I chatty  : uid=1000(system) android.fg expire 10 lines
04-20 19:20:58.185  1746  2444 I chatty  : uid=1000(system) Binder:1746_7 expire 2 lines
04-20 19:20:58.240  1746  7304 I chatty  : uid=1000(system) Binder:1746_1A expire 1 line
04-20 19:20:58.379  1746  1777 I chatty  : uid=1000(system) ActivityManager expire 15 lines
04-20 19:20:58.730  1746  1775 I chatty  : uid=1000(system) android.bg expire 4 lines
04-20 19:20:59.045  1746  2828 I chatty  : uid=1000(system) Binder:1746_C expire 4 lines
04-20 19:20:59.276  1746  1770 I chatty  : uid=1000(system) android.anim expire 1 line
04-20 19:21:00.316  1746  2387 I chatty  : uid=1000(system) Binder:1746_5 expire 3 lines
04-20 19:21:00.815  1746  2557 I chatty  : uid=1000(system) Binder:1746_8 expire 3 lines
04-20 19:21:01.065  1746  2396 I chatty  : uid=1000(system) Binder:1746_6 expire 3 lines
04-20 19:21:01.266  1746  1765 I chatty  : uid=1000(system) Binder:1746_2 expire 5 lines
04-20 19:21:01.353  1746  2662 I chatty  : uid=1000(system) android.fg expire 7 lines
04-20 19:21:01.833  1746  3407 I chatty  : uid=1000(system) Binder:1746_D expire 4 lines
04-20 19:21:02.702  1746  2251 I chatty  : uid=1000(system) ConnectivitySer expire 1 line
04-20 19:21:03.282  1746  9916 I chatty  : uid=1000(system) Binder:1746_1E expire 3 lines
04-20 19:21:03.284  1746  1776 I chatty  : uid=1000(system) ActivityManager expire 2 lines
04-20 19:21:05.562  1746  7096 I chatty  : uid=1000(system) Binder:1746_19 expire 2 lines
04-20 19:21:05.860  1746  5335 I chatty  : uid=1000(system) Binder:1746_15 expire 1 line
04-20 19:21:09.711  1746  2827 I chatty  : uid=1000(system) Binder:1746_B expire 4 lines
04-20 19:21:10.300  1746 10308 I chatty  : uid=1000(system) Binder:1746_1F expire 1 line
04-20 19:21:10.301  1746  1769 I chatty  : uid=1000(system) android.display expire 1 line
04-20 19:21:10.872  1746  3667 I chatty  : uid=1000(system) Binder:1746_10 expire 1 line
04-20 19:21:10.949  1746  6032 I chatty  : uid=1000(system) Binder:1746_17 expire 3 lines
04-20 19:21:11.415  1746  3668 I chatty  : uid=1000(system) Binder:1746_11 expire 1 line
04-20 19:21:11.777  1746  5873 I chatty  : uid=1000(system) Binder:1746_16 expire 5 lines
04-20 19:21:13.962 17686 17788 W Binder  : reply too large data on java level: InterfaceDescriptor = null, code = 46
04-20 19:21:13.985  1746  1746 I chatty  : uid=1000 system_server expire 12 lines
04-20 19:21:14.108  1746  1777 I chatty  : uid=1000(system) ActivityManager expire 6 lines
04-20 19:21:15.242  1746 16268 I chatty  : uid=1000(system) AdbDebuggingMan expire 3 lines
04-20 19:21:15.368  1746  6609 I chatty  : uid=1000(system) Binder:1746_18 expire 2 lines
04-20 19:21:15.959 19654 19654 D ActivityThread: Loading provider contacts;com.android.contacts: com.android.providers.contacts.ContactsProvider2
04-20 19:21:16.063 17686 17953 D ActivityThread: Loading provider com.google.android.gms.nearby.sharing: com.google.android.gms.nearby.sharing.SharingSliceProvider
04-20 19:21:16.386  1746  1791 I chatty  : uid=1000(system) PackageManager expire 2 lines
04-20 19:21:16.424 19654 19680 E ActivityThread: Failed to find provider info for com.google.contacts.gal.provider
04-20 19:21:16.440 19654 19681 E ActivityThread: Failed to find provider info for com.google.contacts.gal.provider
04-20 19:21:16.773 17686 19628 W PackageParser: Unknown element under <manifest>: queries at /data/user_de/0/com.google.android.gms/app_chimera/m/0000000a/AdsDynamite.apk Binary XML file line #5
04-20 19:21:16.878  1746  1766 I chatty  : uid=1000(system) android.fg expire 22 lines
04-20 19:21:16.934 17686 19628 W PackageParser: Unknown element under <manifest>: queries at /data/user_de/0/com.google.android.gms/app_chimera/m/0000000a/AdsDynamite.apk Binary XML file line #5
04-20 19:21:17.295  1746  1746 I chatty  : uid=1000 system_server expire 11 lines
04-20 19:21:17.301  1746  3666 I chatty  : uid=1000(system) Binder:1746_F expire 1 line
04-20 19:21:17.316  1746  1775 I chatty  : uid=1000(system) android.bg expire 3 lines
04-20 19:21:17.318  1746  3407 I chatty  : uid=1000(system) Binder:1746_D expire 4 lines
04-20 19:21:17.379  1746  4804 I chatty  : uid=1000(system) Binder:1746_12 expire 3 lines
04-20 19:21:17.395  1746  1770 I chatty  : uid=1000(system) android.anim expire 12 lines
04-20 19:21:17.575  1746  2662 I chatty  : uid=1000(system) android.fg expire 2 lines
04-20 19:21:18.161  1746 16268 I chatty  : uid=1000(system) AdbDebuggingMan expire 10 lines
04-20 19:21:18.814  1746  1777 I chatty  : uid=1000(system) ActivityManager expire 4 lines
04-20 19:21:19.013 17686 18456 W Binder  : reply too large data on java level: InterfaceDescriptor = null, code = 46
04-20 19:21:19.674  1746  1765 I chatty  : uid=1000(system) Binder:1746_2 expire 8 lines
04-20 19:21:24.076 17686 18456 W Binder  : reply too large data on java level: InterfaceDescriptor = null, code = 46
04-20 19:21:24.328  1746  2041 I chatty  : uid=1000(system) Binder:1746_3 expire 2 lines
04-20 19:21:24.385  1746  2387 I chatty  : uid=1000(system) Binder:1746_5 expire 5 lines
04-20 19:21:24.939  1746  7096 I chatty  : uid=1000(system) Binder:1746_19 expire 3 lines
04-20 19:21:26.399  1746  1776 I chatty  : uid=1000(system) ActivityManager expire 8 lines
04-20 19:21:29.097 17686 17735 W Binder  : reply too large data on java level: InterfaceDescriptor = null, code = 46
04-20 19:21:30.427  1746  3667 I chatty  : uid=1000(system) Binder:1746_10 expire 4 lines
04-20 19:21:30.427  1746  1766 I chatty  : uid=1000(system) android.fg expire 9 lines
04-20 19:21:34.167 17686 18142 W Binder  : reply too large data on java level: InterfaceDescriptor = null, code = 46
04-20 19:21:39.208 17686 18142 W Binder  : reply too large data on java level: InterfaceDescriptor = null, code = 46
04-20 19:21:44.264 17686 18142 W Binder  : reply too large data on java level: InterfaceDescriptor = null, code = 46
04-20 19:21:44.968  1746 16268 I chatty  : uid=1000(system) AdbDebuggingMan expire 2 lines
04-20 19:21:49.319 17686 18142 W Binder  : reply too large data on java level: InterfaceDescriptor = null, code = 46
04-20 19:21:53.139  1746  2064 I chatty  : uid=1000(system) UEventObserver expire 3 lines
04-20 19:21:53.153  1746  2395 I chatty  : uid=1000(system) HwBinder:1746_4 expire 2 lines
04-20 19:21:53.181  1746  1784 I chatty  : uid=1000(system) PowerManagerSer expire 1 line
04-20 19:21:53.276  1746  1780 I chatty  : uid=1000(system) batterystats-wo expire 1 line
04-20 19:21:54.242  1746  1764 I chatty  : uid=1000(system) Binder:1746_1 expire 1 line
04-20 19:21:54.376 17686 18142 W Binder  : reply too large data on java level: InterfaceDescriptor = null, code = 46
04-20 19:21:59.463 17686 18142 W Binder  : reply too large data on java level: InterfaceDescriptor = null, code = 46
04-20 19:22:04.546 17686 18142 W Binder  : reply too large data on java level: InterfaceDescriptor = null, code = 46
04-20 19:22:07.106  1746  2740 I chatty  : uid=1000(system) Binder:1746_A expire 2 lines
04-20 19:22:09.584 17686 19193 W Binder  : reply too large data on java level: InterfaceDescriptor = null, code = 46
04-20 19:22:13.131  1746  3447 I chatty  : uid=1000(system) Binder:1746_E expire 2 lines
04-20 19:22:13.213  1746  5335 I chatty  : uid=1000(system) Binder:1746_15 expire 1 line
04-20 19:22:13.213  1746  2396 I chatty  : uid=1000(system) Binder:1746_6 expire 1 line
04-20 19:22:13.214  1746 10308 I chatty  : uid=1000(system) Binder:1746_1F expire 1 line
04-20 19:22:13.214  1746  2251 I chatty  : uid=1000(system) ConnectivitySer expire 2 lines
04-20 19:22:13.219  1746  9916 I chatty  : uid=1000(system) Binder:1746_1E expire 1 line
04-20 19:22:14.665 17686 19193 W Binder  : reply too large data on java level: InterfaceDescriptor = null, code = 46
04-20 19:22:19.711 17686 19193 I chatty  : uid=10157(com.google.android.gms) identical 1 line
04-20 19:22:24.778 17686 19193 W Binder  : reply too large data on java level: InterfaceDescriptor = null, code = 46
04-20 19:22:27.343 17686 18006 W PackageParser: Unknown element under <manifest>: queries at /data/user_de/0/com.google.android.gms/app_chimera/m/0000000a/AdsDynamite.apk Binary XML file line #5
04-20 19:22:29.819 17686 19193 W Binder  : reply too large data on java level: InterfaceDescriptor = null, code = 46
04-20 19:22:29.899 17686 20341 W PackageParser: Unknown element under <manifest>: queries at /data/user_de/0/com.google.android.gms/app_chimera/m/0000000a/AdsDynamite.apk Binary XML file line #5
04-20 19:22:30.095 17686 20341 W PackageParser: Unknown element under <manifest>: queries at /data/user_de/0/com.google.android.gms/app_chimera/m/0000000a/AdsDynamite.apk Binary XML file line #5
04-20 19:22:31.195 17686 18008 W PackageParser: Unknown element under <manifest>: queries at /data/user_de/0/com.google.android.gms/app_chimera/m/0000000a/AdsDynamite.apk Binary XML file line #5
04-20 19:22:31.385 17686 18008 W PackageParser: Unknown element under <manifest>: queries at /data/user_de/0/com.google.android.gms/app_chimera/m/0000000a/AdsDynamite.apk Binary XML file line #5
04-20 19:22:32.364  1746 11668 I chatty  : uid=1000(system) Binder:1746_20 expire 1 line
04-20 19:22:32.605 17686 19797 W PackageParser: Unknown element under <manifest>: queries at /data/user_de/0/com.google.android.gms/app_chimera/m/0000000a/AdsDynamite.apk Binary XML file line #5
04-20 19:22:32.729 17686 19797 W PackageParser: Unknown element under <manifest>: queries at /data/user_de/0/com.google.android.gms/app_chimera/m/0000000a/AdsDynamite.apk Binary XML file line #5
04-20 19:22:32.907  1746  1776 I chatty  : uid=1000(system) ActivityManager expire 4 lines
04-20 19:22:33.223  1746  1746 I chatty  : uid=1000 system_server expire 12 lines
04-20 19:22:33.285  1746  2662 I chatty  : uid=1000(system) android.fg expire 5 lines
04-20 19:22:33.488  1746  1766 I chatty  : uid=1000(system) android.fg expire 9 lines
04-20 19:22:33.824  1746  1775 I chatty  : uid=1000(system) android.bg expire 4 lines
04-20 19:22:33.851 17686 18008 W PackageParser: Unknown element under <manifest>: queries at /data/user_de/0/com.google.android.gms/app_chimera/m/0000000a/AdsDynamite.apk Binary XML file line #5
04-20 19:22:34.069 17686 18008 W PackageParser: Unknown element under <manifest>: queries at /data/user_de/0/com.google.android.gms/app_chimera/m/0000000a/AdsDynamite.apk Binary XML file line #5
04-20 19:22:34.375  1746  9916 I chatty  : uid=1000(system) Binder:1746_1E expire 8 lines
04-20 19:22:34.381  1746  2235 I chatty  : uid=1000(system) Binder:1746_4 expire 1 line
04-20 19:22:34.381  1746  9754 I chatty  : uid=1000(system) Binder:1746_1D expire 1 line
04-20 19:22:34.382  1746  2251 I chatty  : uid=1000(system) ConnectivitySer expire 2 lines
04-20 19:22:34.878  1746  1777 I chatty  : uid=1000(system) ActivityManager expire 7 lines
04-20 19:22:35.309 20429 20446 W Binder  : reply too large data on java level: InterfaceDescriptor = null, code = 46
04-20 19:22:35.732   724 20383 W SocketClient: write error (Broken pipe)
04-20 19:22:40.363 20429 20445 W Binder  : reply too large data on java level: InterfaceDescriptor = null, code = 46
04-20 19:22:45.447 20429 20504 W Binder  : reply too large data on java level: InterfaceDescriptor = null, code = 46
04-20 19:22:46.946  1746  2041 I chatty  : uid=1000(system) Binder:1746_3 expire 1 line
04-20 19:22:50.527 20429 20495 W Binder  : reply too large data on java level: InterfaceDescriptor = null, code = 46
04-20 19:22:51.302  1746  1770 I chatty  : uid=1000(system) android.anim expire 2 lines
04-20 19:22:53.028  1746  1746 I chatty  : uid=1000 system_server expire 9 lines
04-20 19:22:54.869  1746  2064 I chatty  : uid=1000(system) UEventObserver expire 1 line
04-20 19:22:55.590 20429 20495 W Binder  : reply too large data on java level: InterfaceDescriptor = null, code = 46
04-20 19:22:56.625  1746  2387 I chatty  : uid=1000(system) Binder:1746_5 expire 3 lines
04-20 19:22:56.687  1746  1765 I chatty  : uid=1000(system) Binder:1746_2 expire 1 line
04-20 19:22:57.832  1746  4978 I chatty  : uid=1000(system) Binder:1746_14 expire 14 lines
04-20 19:23:00.683 20429 20575 W Binder  : reply too large data on java level: InterfaceDescriptor = null, code = 46
04-20 19:23:03.986  1746  2444 I chatty  : uid=1000(system) Binder:1746_7 expire 1 line
04-20 19:23:05.856 20429 20575 W Binder  : reply too large data on java level: InterfaceDescriptor = null, code = 46
04-20 19:23:10.934 20429 20495 W Binder  : reply too large data on java level: InterfaceDescriptor = null, code = 46
04-20 19:23:13.861  1746  3666 I chatty  : uid=1000(system) Binder:1746_F expire 1 line
04-20 19:23:28.686  1746 10308 I chatty  : uid=1000(system) Binder:1746_1F expire 7 lines
04-20 19:23:29.723  1746  7096 I chatty  : uid=1000(system) Binder:1746_19 expire 2 lines
04-20 19:23:29.730  1746  2828 I chatty  : uid=1000(system) Binder:1746_C expire 1 line
04-20 19:23:36.678  1746  9425 I chatty  : uid=1000(system) Binder:1746_1C expire 4 lines
04-20 19:23:45.963  1746  1784 I chatty  : uid=1000(system) PowerManagerSer expire 9 lines
04-20 19:23:53.556  1746 21010 I chatty  : uid=1000 system_server expire 1 line
04-20 19:23:53.568  1746  1769 I chatty  : uid=1000(system) android.display expire 1 line
04-20 19:23:54.012  1746  1767 I chatty  : uid=1000(system) android.ui expire 1 line
04-20 19:23:54.089  1746  2740 I chatty  : uid=1000(system) Binder:1746_A expire 8 lines
04-20 19:23:56.341  1746  2064 I chatty  : uid=1000(system) UEventObserver expire 3 lines
04-20 19:23:58.002  1746  1769 I chatty  : uid=1000(system) android.display expire 4 lines
04-20 19:24:33.333  1746  1775 I chatty  : uid=1000(system) android.bg expire 4 lines
04-20 19:24:55.638  1746  1776 I chatty  : uid=1000(system) ActivityManager expire 5 lines
04-20 19:24:55.685  1746  1777 I chatty  : uid=1000(system) ActivityManager expire 8 lines
04-20 19:24:55.725  1746  2396 I chatty  : uid=1000(system) Binder:1746_6 expire 5 lines
04-20 19:25:01.397  1746  1765 I chatty  : uid=1000(system) Binder:1746_2 expire 2 lines
04-20 19:25:10.607  7136 13348 E ActivityThread: Failed to find provider info for com.motorola.ccc.cce.datausage
04-20 19:25:12.406  1746  2557 I chatty  : uid=1000(system) Binder:1746_8 expire 4 lines
04-20 19:25:12.453  1746 10308 I chatty  : uid=1000(system) Binder:1746_1F expire 4 lines
04-20 19:25:12.464  1746  2828 I chatty  : uid=1000(system) Binder:1746_C expire 1 line
04-20 19:25:26.361  1746  1780 I chatty  : uid=1000(system) batterystats-wo expire 2 lines
04-20 19:26:36.225  1746  4804 I chatty  : uid=1000(system) Binder:1746_12 expire 2 lines
04-20 19:27:06.455 14771 21801 D SystemConfig: Removed unavailable feature android.hardware.sensor.gyroscope
04-20 19:27:06.465 14771 21801 W SystemConfig: No directory /oem/etc/sysconfig, skipping
04-20 19:27:06.465 14771 21801 W SystemConfig: No directory /oem/etc/permissions, skipping
04-20 19:27:09.311 14771 21801 W SystemConfig: No directory /system/etc/motorola/bgintents, skipping
04-20 19:27:09.311 14771 21801 W SystemConfig: No directory /oem/etc/motorola/bgintents, skipping
04-20 19:27:09.322 14771 21801 W SystemConfig: No directory /product_services/etc/sysconfig, skipping
04-20 19:27:09.323 14771 21801 W SystemConfig: No directory /product_services/etc/permissions, skipping
04-20 19:27:09.323 14771 21801 W SystemConfig: No directory /system/etc/motorola/sysconfig, skipping
04-20 19:27:09.323 14771 21801 W SystemConfig: No directory /oem/etc/motorola/sysconfig, skipping
04-20 19:27:09.324 14771 21801 W SystemConfig: No directory /product/etc/motorola/sysconfig, skipping
04-20 19:27:19.492  1746  1784 I chatty  : uid=1000(system) PowerManagerSer expire 7 lines
04-20 19:27:19.494  1746  1767 I chatty  : uid=1000(system) android.ui expire 3 lines
04-20 19:27:19.626  1746  2163 I chatty  : uid=1000(system) InputReader expire 1 line
04-20 19:27:19.629  1746  1746 I chatty  : uid=1000 system_server expire 6 lines
04-20 19:27:19.679  2315  2315 V FingerprintManager: showFodIndicator show:true by (com.android.systemui)
04-20 19:27:19.684  1746  5873 I chatty  : uid=1000(system) Binder:1746_16 expire 2 lines
04-20 19:27:19.707  1746 11668 I chatty  : uid=1000(system) Binder:1746_20 expire 2 lines
04-20 19:27:19.786  1746  1766 I chatty  : uid=1000(system) android.fg expire 3 lines
04-20 19:27:19.853  1746  1770 I chatty  : uid=1000(system) android.anim expire 4 lines
04-20 19:27:20.266  1746  9368 I chatty  : uid=1000(system) Binder:1746_1B expire 1 line
04-20 19:27:23.335  1746  1791 I chatty  : uid=1000(system) PackageManager expire 32 lines
04-20 19:27:23.354  1746  1791 I PackageManager: Un-granting permission android.permission.MANAGE_DEVICE_ADMINS from package com.google.android.gms (protectionLevel=2 flags=0xa0cabec5)
04-20 19:27:23.354  1746  1791 I PackageManager: Un-granting permission android.permission.MANAGE_ACTIVITY_STACKS from package com.google.android.gms (protectionLevel=2 flags=0xa0cabec5)
04-20 19:27:23.354  1746  1791 I PackageManager: Un-granting permission android.permission.CAPTURE_SECURE_VIDEO_OUTPUT from package com.google.android.gms (protectionLevel=2 flags=0xa0cabec5)
04-20 19:27:23.355  1746  1791 I PackageManager: Un-granting permission android.permission.MANAGE_ROLLBACKS from package com.google.android.gms (protectionLevel=514 flags=0xa0cabec5)
04-20 19:27:23.357  1746  1791 I PackageManager: Un-granting permission com.google.android.googleapps.permission.GOOGLE_AUTH from package com.google.android.videos (protectionLevel=2 flags=0x30dbbe45)
04-20 19:27:23.357  1746  1791 I PackageManager: Un-granting permission android.permission.WRITE_MEDIA_STORAGE from package com.google.android.apps.photos (protectionLevel=18 flags=0x38d9be45)
04-20 19:27:23.360  1746  1791 I PackageManager: Un-granting permission android.permission.CONNECTIVITY_INTERNAL from package com.google.android.wfcactivation (protectionLevel=18 flags=0x3888be45)
04-20 19:27:23.360  1746  1791 I PackageManager: Un-granting permission android.permission.READ_LOGS from package com.google.android.wfcactivation (protectionLevel=50 flags=0x3888be45)
04-20 19:27:23.360  1746  1791 I PackageManager: Un-granting permission android.permission.WRITE_APN_SETTINGS from package com.google.android.wfcactivation (protectionLevel=18 flags=0x3888be45)
04-20 19:27:23.360  1746  1791 I PackageManager: Un-granting permission android.permission.WRITE_SECURE_SETTINGS from package com.LogiaGroup.LogiaDeck (protectionLevel=50 flags=0x38483e45)
04-20 19:27:23.362  1746  1791 I PackageManager: Un-granting permission android.permission.READ_WALLPAPER_INTERNAL from package com.google.android.apps.wallpaper (protectionLevel=18 flags=0x20cbbe45)
04-20 19:27:23.477  1746  1791 V BackupManagerService: restoreAtInstall pkg=com.google.location.nearby.apps.connectedcrossroad token=d restoreSet=0
04-20 19:27:23.477  1746  1791 V BackupManagerService: Finishing install immediately
04-20 19:27:23.489  1746  2082 W AccountManagerService: User 10216 does not exist. It might be removed already.
04-20 19:27:23.510  1746  1746 I RoleManagerService: Granting default permissions...
04-20 19:27:23.547  1746  2662 W LocationProviderProxy: Odd, no component found for service com.android.location.service.v3.NetworkLocationProvider
04-20 19:27:23.554  1746  1746 I TelecomService: DefaultDialerCache: Refreshing default dialer for user 0: now com.google.android.dialer: DDC.oR@AcA
04-20 19:27:23.564  1746 10308 W BroadcastQueue: Background execution not allowed: receiving Intent { act=android.intent.action.PACKAGE_ADDED dat=package:com.google.location.nearby.apps.connectedcrossroad flg=0x4000010 (has extras) } to com.google.android.packageinstaller/com.android.packageinstaller.PackageInstalledReceiver
04-20 19:27:23.566  1746  1746 V BackupManagerConstants: getFullBackupIntervalMilliseconds(...) returns 86400000
04-20 19:27:23.566  1746  1746 V BackupManagerConstants: getFullBackupRequiredNetworkType(...) returns 2
04-20 19:27:23.566  1746  1746 V BackupManagerConstants: getFullBackupRequireCharging(...) returns true
04-20 19:27:23.570  1746  1776 W BroadcastQueue: Background execution not allowed: receiving Intent { act=android.intent.action.PACKAGE_ADDED dat=package:com.google.location.nearby.apps.connectedcrossroad flg=0x4000010 (has extras) } to com.android.vending/com.google.android.finsky.packagemanager.impl.PackageMonitorReceiverImpl$RegisteredReceiver
04-20 19:27:23.570  1746  1776 W BroadcastQueue: Background execution not allowed: receiving Intent { act=android.intent.action.PACKAGE_ADDED dat=package:com.google.location.nearby.apps.connectedcrossroad flg=0x4000010 (has extras) } to com.facebook.appmanager/com.facebook.oxygen.common.packages.event.manifest.ManifestPackageEventReceiver
04-20 19:27:23.570  1746  1776 W BroadcastQueue: Background execution not allowed: receiving Intent { act=android.intent.action.PACKAGE_ADDED dat=package:com.google.location.nearby.apps.connectedcrossroad flg=0x4000010 (has extras) } to com.google.android.gms/.games.chimera.GamesSystemBroadcastReceiverProxy
04-20 19:27:23.573  1746  1776 W BroadcastQueue: Background execution not allowed: receiving Intent { act=android.intent.action.PACKAGE_ADDED dat=package:com.google.location.nearby.apps.connectedcrossroad flg=0x4000010 (has extras) } to com.google.android.gms/.gass.chimera.PackageChangeBroadcastReceiver
04-20 19:27:23.574  1746  1776 W BroadcastQueue: Background execution not allowed: receiving Intent { act=android.intent.action.PACKAGE_ADDED dat=package:com.google.location.nearby.apps.connectedcrossroad flg=0x4000010 (has extras) } to com.google.android.gms/.chimera.GmsIntentOperationService$PersistentTrustedReceiver
04-20 19:27:23.574  1746  1776 W BroadcastQueue: Background execution not allowed: receiving Intent { act=android.intent.action.PACKAGE_ADDED dat=package:com.google.location.nearby.apps.connectedcrossroad flg=0x4000010 (has extras) } to com.google.android.googlequicksearchbox/com.google.android.apps.gsa.googlequicksearchbox.GelStubAppWatcher
04-20 19:27:23.574  1746  1776 W BroadcastQueue: Background execution not allowed: receiving Intent { act=android.intent.action.PACKAGE_ADDED dat=package:com.google.location.nearby.apps.connectedcrossroad flg=0x4000010 (has extras) } to com.google.android.ims/.receivers.RcsAutoStartReceiver
04-20 19:27:23.598  1746  1777 I ActivityManager: Start proc 21884:com.motorola.invisiblenet/u0a156 for broadcast {com.motorola.invisiblenet/com.motorola.invisiblenet.PackageAddedReceiver}
04-20 19:27:23.714  1746  9754 W BroadcastQueue: Background execution not allowed: receiving Intent { act=android.intent.action.PACKAGE_ADDED dat=package:com.google.location.nearby.apps.connectedcrossroad flg=0x4000010 (has extras) } to com.verizon.loginengine.unbranded/com.verizon.vzwavs.AVSSystemReceiver
04-20 19:27:23.760  1746  1777 I ActivityManager: Start proc 21910:com.google.android.packageinstaller/u0a73 for broadcast {com.google.android.packageinstaller/com.android.packageinstaller.PackageInstalledReceiver}
04-20 19:27:23.815  1746  1766 W Looper  : Slow delivery took 203ms android.fg h=android.os.Handler c=<recycled PooledLambda@1d2b504> m=0
04-20 19:27:23.816  1746  2739 I ActivityTaskManager: START u0 {act=android.intent.action.MAIN cat=[android.intent.category.LAUNCHER] flg=0x10000000 cmp=com.google.location.nearby.apps.connectedcrossroad/nx.aodv.eval.MainActivity} from uid 2000
04-20 19:27:23.828  1746  2739 D ActivityTaskManager: getPreferredLaunchDisplay usersetdisplayid -1 current displayId -1 paramspreferid -1
04-20 19:27:23.829  1746  2739 D ActivityTaskManager: getPreferredLaunchDisplay usersetdisplayid -1 current displayId -1 paramspreferid -1
04-20 19:27:23.832  1746  2739 D ActivityTaskManager: getPreferredLaunchDisplay usersetdisplayid 0 current displayId 0 paramspreferid -1
04-20 19:27:23.880  1746  1746 V SettingsProvider: Notifying for 0: content://settings/secure/reminder_exp_learning_time_elapsed
04-20 19:27:23.925  1746  1777 I ActivityManager: Start proc 21943:com.google.location.nearby.apps.connectedcrossroad/u0a216 for activity {com.google.location.nearby.apps.connectedcrossroad/nx.aodv.eval.MainActivity}
04-20 19:27:23.984  1746  1766 W Looper  : Drained
04-20 19:27:24.017  1746  9754 V WindowManager: Changing focus from Window{c8b1959 u0 com.android.settings/com.android.settings.SubSettings} to null displayId=0
04-20 19:27:24.018  1746  9754 W ActivityTaskManager: Request to remove task ignored for non-existent task 9
04-20 19:27:24.036  1746  1770 I WindowManager:   SURFACE show Surface(name=com.android.systemui.ImageWallpaper)/@0xa055929 on display:0: com.android.systemui.ImageWallpaper
04-20 19:27:24.036  1746  1770 I WindowManager:   SURFACE show Surface(name=Splash Screen com.google.location.nearby.apps.connectedcrossroad)/@0xcf88192 on display:0: Splash Screen com.google.location.nearby.apps.connectedcrossroad
04-20 19:27:24.196  1746  1775 I RoleUserState: Wrote roles.xml successfully
04-20 19:27:24.628  1746  9754 I ActivityTaskManager: START u0 {act=android.content.pm.action.REQUEST_PERMISSIONS pkg=com.google.android.permissioncontroller cmp=com.google.android.permissioncontroller/com.android.packageinstaller.permission.ui.GrantPermissionsActivity (has extras)} from uid 10216
04-20 19:27:24.635  1746  9754 D ActivityTaskManager: getPreferredLaunchDisplay usersetdisplayid 0 current displayId 0 paramspreferid -1
04-20 19:27:24.635  1746  9754 D ActivityTaskManager: getPreferredLaunchDisplay usersetdisplayid 0 current displayId 0 paramspreferid -1
04-20 19:27:24.644  1746 11668 I WindowManager: Window drawn AppWindowToken{c2c5a1a token=Token{97710c5 ActivityRecord{9331b3c u0 com.android.settings/.SubSettings t6}}}
04-20 19:27:24.779  1746 11668 V WindowManager: Changing focus from null to Window{791b497 u0 com.google.android.permissioncontroller/com.android.packageinstaller.permission.ui.GrantPermissionsActivity} displayId=0
04-20 19:27:24.796  1746  1770 I LaunchCheckinHandler: Displayed com.google.android.permissioncontroller/com.android.packageinstaller.permission.ui.GrantPermissionsActivity,wp,ca,123
04-20 19:27:24.797  1746  1770 I WindowManager: Window drawn AppWindowToken{bc261a8 token=Token{23565cb ActivityRecord{9ad289a u0 com.google.android.permissioncontroller/com.android.packageinstaller.permission.ui.GrantPermissionsActivity t10}}}
04-20 19:27:24.800  1746  1770 I WindowManager:   SURFACE show Surface(name=com.google.android.permissioncontroller/com.android.packageinstaller.permission.ui.GrantPermissionsActivity)/@0x1da1684 on display:0: com.google.android.permissioncontroller/com.android.packageinstaller.permission.ui.GrantPermissionsActivity
04-20 19:27:24.824  1746  2828 I WindowManager:   SURFACE SIZE set 795x1533 on display:0: com.google.android.permissioncontroller/com.android.packageinstaller.permission.ui.GrantPermissionsActivity
04-20 19:27:24.988  1746  1770 I WindowManager: Window drawn AppWindowToken{46ab2d2 token=Token{278f95d ActivityRecord{d4f6734 u0 com.google.location.nearby.apps.connectedcrossroad/nx.aodv.eval.MainActivity t10}}}
04-20 19:27:24.989  1746  1770 I WindowManager:   SURFACE show Surface(name=com.google.location.nearby.apps.connectedcrossroad/nx.aodv.eval.MainActivity)/@0x4efd408 on display:0: com.google.location.nearby.apps.connectedcrossroad/nx.aodv.eval.MainActivity
04-20 19:27:28.050  1746  2739 W ProcessStats: Tracking association SourceState{bc57c35 com.google.android.gms.persistent/10157 ImpFg #47459} whose proc state 2 is better than process ProcessState{6967adf com.google.android.gms/10157 pkg=com.google.android.gms (sub)} proc state 3 (76 skipped)
04-20 19:27:31.664  1746 10308 V WindowManager: Changing focus from Window{791b497 u0 com.google.android.permissioncontroller/com.android.packageinstaller.permission.ui.GrantPermissionsActivity} to Window{5c030f2 u0 com.google.location.nearby.apps.connectedcrossroad/nx.aodv.eval.MainActivity} displayId=0
04-20 19:27:31.720  1746  2828 I WindowManager: Window drawn AppWindowToken{46ab2d2 token=Token{278f95d ActivityRecord{d4f6734 u0 com.google.location.nearby.apps.connectedcrossroad/nx.aodv.eval.MainActivity t10}}}
04-20 19:27:31.720  1746  2828 V WindowManager: Changing focus from Window{5c030f2 u0 com.google.location.nearby.apps.connectedcrossroad/nx.aodv.eval.MainActivity} to null displayId=0
04-20 19:27:31.950  1746  3668 I WindowManager: Window drawn AppWindowToken{bc261a8 token=Token{23565cb ActivityRecord{9ad289a u0 com.google.android.permissioncontroller/com.android.packageinstaller.permission.ui.GrantPermissionsActivity t10}}}
04-20 19:27:31.958  1746  2739 V WindowManager: Changing focus from null to Window{48fd229 u0 com.google.location.nearby.apps.connectedcrossroad/nx.aodv.eval.MainActivity} displayId=0
04-20 19:27:32.017  1746  1770 I WindowManager: Window drawn AppWindowToken{46ab2d2 token=Token{278f95d ActivityRecord{d4f6734 u0 com.google.location.nearby.apps.connectedcrossroad/nx.aodv.eval.MainActivity t10}}}
04-20 19:27:32.017  1746  1770 I WindowManager:   SURFACE show Surface(name=com.google.location.nearby.apps.connectedcrossroad/nx.aodv.eval.MainActivity)/@0xd0edadc on display:0: com.google.location.nearby.apps.connectedcrossroad/nx.aodv.eval.MainActivity
04-20 19:27:32.801  1746  2064 D BatteryService: uevent={POWER_SUPPLY_DP_DM=0, POWER_SUPPLY_VOLTAGE_NOW=4292329, POWER_SUPPLY_SW_JEITA_ENABLED=0, POWER_SUPPLY_CHARGE_CONTROL_LIMIT_MAX=8, POWER_SUPPLY_RECHARGE_SOC=99, POWER_SUPPLY_HEALTH=Good, POWER_SUPPLY_TECHNOLOGY=Li-ion, POWER_SUPPLY_FCC_STEPPER_ENABLE=0, SEQNUM=10668, POWER_SUPPLY_INPUT_CURRENT_LIMITED=0, POWER_SUPPLY_CHARGE_CONTROL_LIMIT=0, POWER_SUPPLY_BATTERY_CHARGING_ENABLED=1, POWER_SUPPLY_STATUS=Discharging, POWER_SUPPLY_CYCLE_COUNT=1, POWER_SUPPLY_CURRENT_MAX=2000000, POWER_SUPPLY_CHARGE_TERM_CURRENT=-101, POWER_SUPPLY_CAPACITY=97, DEVPATH=/devices/platform/soc/200f000.qcom,spmi/spmi-0/spmi0-02/200f000.qcom,spmi:qcom,pmi632@2:qcom,qpnp-smb5/power_supply/battery, POWER_SUPPLY_CHARGE_DONE=0, POWER_SUPPLY_CHARGE_TYPE=N/A, POWER_SUPPLY_CHARGE_RATE=None, POWER_SUPPLY_CURRENT_NOW=-270233, POWER_SUPPLY_SYSTEM_TEMP_LEVEL=0, POWER_SUPPLY_PRESENT=1, POWER_SUPPLY_PARALLEL_DISABLE=0, POWER_SUPPLY_CHARGE_FULL=3615000, SUBSYSTEM=power_supply, POWER_SUPPLY_SET_SHIP_MODE=0, POWER_SUPPLY_TEMP=245, ACTION=change, POWER_SUPPLY_RERUN_AICL=0, POWER_SUPPLY_AGE=100, POWER_SUPPLY_NAME=battery, POWER_SUPPLY_VOLTAGE_MAX=-22, POWER_SUPPLY_CONSTANT_CHARGE_CURRENT_MAX=2000000, POWER_SUPPLY_CHARGE_COUNTER=3470400, POWER_SUPPLY_STEP_CHARGING_ENABLED=0, POWER_SUPPLY_NUM_SYSTEM_TEMP_LEVELS=8, POWER_SUPPLY_DIE_HEALTH=Hot, POWER_SUPPLY_INPUT_SUSPEND=0}
04-20 19:27:36.059  1746  1770 I WindowManager:   SURFACE show Surface(name=InputMethod)/@0x3febe6a on display:0: InputMethod
04-20 19:27:38.993  1746  9754 I ActivityManager: Killing 19629:android.process.media/u0a56 (adj 985): empty #17
04-20 19:27:39.066  1746  9754 D ActivityManager: makeInactive, ProcessRecord{3fd01a5 19629:android.process.media/u0a56}, clear holder.state
04-20 19:27:41.535  1746  2253 D NsdService: mdnssd [start-service]
04-20 19:27:41.802  1746  2253 D NsdService: New client listening to asynchronous messages
04-20 19:27:41.812  1746  2253 D NsdService: New client, channel: com.android.internal.util.AsyncChannel@1756e7 messenger: android.os.Messenger@4149294
04-20 19:27:42.044  1746  1746 D BluetoothManagerService: Bluetooth Adapter name changed to IklSMlVbye0AAAAAAAAAATQ
04-20 19:27:42.044  1746  1746 D BluetoothManagerService: Stored Bluetooth name: IklSMlVbye0AAAAAAAAAATQ
04-20 19:27:42.045  1746  1746 V SettingsProvider: Notifying for 0: content://settings/secure/bluetooth_name
04-20 19:27:42.494  1746  2253 D NsdService: Register service
04-20 19:27:42.512  1746  2253 D NsdService: registerService: 2 name: IklSMlVbye0AAA, type: _5BC9ED5E6C75._tcp, host: null, port: 38895, txtRecord: n=NAIPv4=192.168.1.67
04-20 19:27:42.513  1746  2253 D NsdService: mdnssd [register, 2, IklSMlVbye0AAA, _5BC9ED5E6C75._tcp, 38895, BG49TkERSVB2ND0xOTIuMTY4LjEuNjc=]
04-20 19:27:42.516  1746  2253 D NsdService: Register 2 2
04-20 19:27:43.210  1746  2253 D NsdService: Native daemon message SERVICE_REGISTERED: 606 2 "IklSMlVbye0AAA"
04-20 19:27:50.886  1746  1776 W BroadcastQueue: Background execution not allowed: receiving Intent { act=android.bluetooth.device.action.BOND_STATE_CHANGED flg=0x10 (has extras) } to com.google.android.gms/.chimera.GmsIntentOperationService$PersistentTrustedReceiver
04-20 19:27:50.886  1746  1776 W BroadcastQueue: Background execution not allowed: receiving Intent { act=android.bluetooth.device.action.BOND_STATE_CHANGED flg=0x10 (has extras) } to com.google.android.googlequicksearchbox/com.google.android.apps.gsa.broadcastreceiver.external.ExternalCommonBroadcastReceiver
04-20 19:27:51.206  1746  1776 W BroadcastQueue: Background execution not allowed: receiving Intent { act=android.bluetooth.device.action.BOND_STATE_CHANGED flg=0x10 (has extras) } to com.google.android.gms/.chimera.GmsIntentOperationService$PersistentTrustedReceiver
04-20 19:27:51.207  1746  1776 W BroadcastQueue: Background execution not allowed: receiving Intent { act=android.bluetooth.device.action.BOND_STATE_CHANGED flg=0x10 (has extras) } to com.google.android.googlequicksearchbox/com.google.android.apps.gsa.broadcastreceiver.external.ExternalCommonBroadcastReceiver
04-20 19:27:53.452  1746  1776 W BroadcastQueue: Background execution not allowed: receiving Intent { act=android.bluetooth.device.action.BOND_STATE_CHANGED flg=0x10 (has extras) } to com.google.android.gms/.chimera.GmsIntentOperationService$PersistentTrustedReceiver
04-20 19:27:53.453  1746  1776 W BroadcastQueue: Background execution not allowed: receiving Intent { act=android.bluetooth.device.action.BOND_STATE_CHANGED flg=0x10 (has extras) } to com.google.android.googlequicksearchbox/com.google.android.apps.gsa.broadcastreceiver.external.ExternalCommonBroadcastReceiver
04-20 19:27:54.079  1746  1776 W BroadcastQueue: Background execution not allowed: receiving Intent { act=android.bluetooth.device.action.BOND_STATE_CHANGED flg=0x10 (has extras) } to com.google.android.gms/.chimera.GmsIntentOperationService$PersistentTrustedReceiver
04-20 19:27:54.080  1746  1776 W BroadcastQueue: Background execution not allowed: receiving Intent { act=android.bluetooth.device.action.BOND_STATE_CHANGED flg=0x10 (has extras) } to com.google.android.googlequicksearchbox/com.google.android.apps.gsa.broadcastreceiver.external.ExternalCommonBroadcastReceiver
04-20 19:28:06.885  1746  1776 W BroadcastQueue: Background execution not allowed: receiving Intent { act=android.bluetooth.device.action.BOND_STATE_CHANGED flg=0x10 (has extras) } to com.google.android.gms/.chimera.GmsIntentOperationService$PersistentTrustedReceiver
04-20 19:28:06.886  1746  1776 W BroadcastQueue: Background execution not allowed: receiving Intent { act=android.bluetooth.device.action.BOND_STATE_CHANGED flg=0x10 (has extras) } to com.google.android.googlequicksearchbox/com.google.android.apps.gsa.broadcastreceiver.external.ExternalCommonBroadcastReceiver
04-20 19:28:07.114  1746  1776 W BroadcastQueue: Background execution not allowed: receiving Intent { act=android.bluetooth.device.action.BOND_STATE_CHANGED flg=0x10 (has extras) } to com.google.android.gms/.chimera.GmsIntentOperationService$PersistentTrustedReceiver
04-20 19:28:07.114  1746  1776 W BroadcastQueue: Background execution not allowed: receiving Intent { act=android.bluetooth.device.action.BOND_STATE_CHANGED flg=0x10 (has extras) } to com.google.android.googlequicksearchbox/com.google.android.apps.gsa.broadcastreceiver.external.ExternalCommonBroadcastReceiver
04-20 19:28:17.618  1746  1776 W BroadcastQueue: Background execution not allowed: receiving Intent { act=android.bluetooth.device.action.BOND_STATE_CHANGED flg=0x10 (has extras) } to com.google.android.gms/.chimera.GmsIntentOperationService$PersistentTrustedReceiver
04-20 19:28:17.619  1746  1776 W BroadcastQueue: Background execution not allowed: receiving Intent { act=android.bluetooth.device.action.BOND_STATE_CHANGED flg=0x10 (has extras) } to com.google.android.googlequicksearchbox/com.google.android.apps.gsa.broadcastreceiver.external.ExternalCommonBroadcastReceiver
04-20 19:28:17.792  1746  1776 W BroadcastQueue: Background execution not allowed: receiving Intent { act=android.bluetooth.device.action.BOND_STATE_CHANGED flg=0x10 (has extras) } to com.google.android.gms/.chimera.GmsIntentOperationService$PersistentTrustedReceiver
04-20 19:28:17.792  1746  1776 W BroadcastQueue: Background execution not allowed: receiving Intent { act=android.bluetooth.device.action.BOND_STATE_CHANGED flg=0x10 (has extras) } to com.google.android.googlequicksearchbox/com.google.android.apps.gsa.broadcastreceiver.external.ExternalCommonBroadcastReceiver
04-20 19:28:34.234  1746  2064 D BatteryService: uevent={POWER_SUPPLY_DP_DM=0, POWER_SUPPLY_VOLTAGE_NOW=4289799, POWER_SUPPLY_SW_JEITA_ENABLED=0, POWER_SUPPLY_CHARGE_CONTROL_LIMIT_MAX=8, POWER_SUPPLY_RECHARGE_SOC=99, POWER_SUPPLY_HEALTH=Good, POWER_SUPPLY_TECHNOLOGY=Li-ion, POWER_SUPPLY_FCC_STEPPER_ENABLE=0, SEQNUM=10790, POWER_SUPPLY_INPUT_CURRENT_LIMITED=0, POWER_SUPPLY_CHARGE_CONTROL_LIMIT=0, POWER_SUPPLY_BATTERY_CHARGING_ENABLED=1, POWER_SUPPLY_STATUS=Discharging, POWER_SUPPLY_CYCLE_COUNT=1, POWER_SUPPLY_CURRENT_MAX=2000000, POWER_SUPPLY_CHARGE_TERM_CURRENT=-101, POWER_SUPPLY_CAPACITY=97, DEVPATH=/devices/platform/soc/200f000.qcom,spmi/spmi-0/spmi0-02/200f000.qcom,spmi:qcom,pmi632@2:qcom,qpnp-smb5/power_supply/battery, POWER_SUPPLY_CHARGE_DONE=0, POWER_SUPPLY_CHARGE_TYPE=N/A, POWER_SUPPLY_CHARGE_RATE=None, POWER_SUPPLY_CURRENT_NOW=-226440, POWER_SUPPLY_SYSTEM_TEMP_LEVEL=0, POWER_SUPPLY_PRESENT=1, POWER_SUPPLY_PARALLEL_DISABLE=0, POWER_SUPPLY_CHARGE_FULL=3615000, SUBSYSTEM=power_supply, POWER_SUPPLY_SET_SHIP_MODE=0, POWER_SUPPLY_TEMP=245, ACTION=change, POWER_SUPPLY_RERUN_AICL=0, POWER_SUPPLY_AGE=100, POWER_SUPPLY_NAME=battery, POWER_SUPPLY_VOLTAGE_MAX=-22, POWER_SUPPLY_CONSTANT_CHARGE_CURRENT_MAX=2000000, POWER_SUPPLY_CHARGE_COUNTER=3470400, POWER_SUPPLY_STEP_CHARGING_ENABLED=0, POWER_SUPPLY_NUM_SYSTEM_TEMP_LEVELS=8, POWER_SUPPLY_DIE_HEALTH=Hot, POWER_SUPPLY_INPUT_SUSPEND=0}
04-20 19:28:34.477  1746  1784 V DisplayPowerController: Brightness [1] reason changing to: 'automatic [ dim ]', previous reason: 'automatic'.
04-20 19:28:36.222  1746  1784 V DisplayPowerController: Brightness [61] reason changing to: 'automatic', previous reason: 'automatic [ dim ]'.
04-20 19:28:36.447  1746  1770 I WindowManager:   SURFACE show Surface(name=InputMethod)/@0xb217807 on display:0: InputMethod
04-20 19:28:58.521  1746  9916 I ActivityManager: Killing 20127:com.google.android.apps.turbo/u0a142 (adj 985): empty #17
04-20 19:28:58.578  1746  9425 D ActivityManager: makeInactive, ProcessRecord{a3bf5da 20127:com.google.android.apps.turbo/u0a142}, clear holder.state
04-20 19:29:02.386  1746  9425 I WindowManager:   SURFACE show Surface(name=com.android.systemui.ImageWallpaper)/@0xa055929 on display:0: com.android.systemui.ImageWallpaper
04-20 19:29:02.443  1746  9425 I WindowManager: Window drawn AppWindowToken{67332e3 token=Token{7ac1b12 ActivityRecord{c39da9d u0 com.motorola.launcher3/com.android.launcher3.CustomizationPanelLauncher t4}}}
04-20 19:29:02.483  1746  1770 I WindowManager:   SURFACE show Surface(name=com.motorola.launcher3/com.android.launcher3.CustomizationPanelLauncher)/@0x8df8f5c on display:0: com.motorola.launcher3/com.android.launcher3.CustomizationPanelLauncher
04-20 19:29:02.483  1746  1770 I WindowManager:   SURFACE show Surface(name=com.motorola.launcher3/com.android.launcher3.CustomizationPanelLauncher)/@0x2064265 on display:0: com.motorola.launcher3/com.android.launcher3.CustomizationPanelLauncher
04-20 19:29:03.733  1746  3447 I WindowManager: Window drawn AppWindowToken{67332e3 token=Token{7ac1b12 ActivityRecord{c39da9d u0 com.motorola.launcher3/com.android.launcher3.CustomizationPanelLauncher t4}}}
