04-20 20:19:50.115  1741  9573 D WindowManager: mKeyguardDelegate.ShowListener.onDrawn.
04-20 20:19:50.115  1741  1764 W WindowManager: Setting mKeyguardDrawComplete
04-20 20:19:50.118  2492  2492 D QtiCarrierConfigHelper: WARNING, no carrier configs on phone Id: 0
04-20 20:19:50.134  1741  1781 V DisplayPowerController: Brightness [38] reason changing to: 'doze', previous reason: 'screen_off'.
04-20 20:19:50.136  1741  1766 I DisplayManagerService: Display device changed state: "Built-in Screen", ON
04-20 20:19:50.139   872   872 D SurfaceFlinger: Setting power mode 2 on display 0
04-20 20:19:50.139  2309 18557 I MotoDisplayManager: MotoDisplayCallback setScreenBrightness<brightness>30
04-20 20:19:50.147   816  1206 I SDM     : DisplayBase::SetDisplayState: Set state = 1, display 0
04-20 20:19:50.151   803  1646 W qti_sensors_hal: reportSingleEvent: NearBy 0, pData 1427,  highThd 65535
04-20 20:19:50.153  2622  2690 I QcrilOemhookMsgTunnel: [0]processOemHookResponse serial no: -1 error: 0length=1
04-20 20:19:50.153  2622  2690 E QcrilOemhookMsgTunnel: [0]Unexpected serial number in solicited response!serial: -1 error: 0
04-20 20:19:50.162   803  1032 W qti_sensors_hal: processReportInd: lux: 103, ch0: 222, ch1: 409
04-20 20:19:50.165 28123 28123 I MotoDisplay: Time elapsed since sensor trigger Type: GLANCE_GESTURE GlanceType: GLANCE_GESTURE_MOVEMENT is 148 ms
04-20 20:19:50.170  2309  2332 I MotoDisplayManager: MotoDisplayCallback setScreenBrightness<brightness>63
04-20 20:19:50.183  1741  1766 I WindowManager: All windows ready for display!
04-20 20:19:50.183  1741  1764 W WindowManager: Setting mWindowManagerDrawComplete
04-20 20:19:50.183  1741  1781 I DisplayPowerController: Unblocked screen on after 69 ms
04-20 20:19:50.190 28123 28123 I MotoDisplay: Animations disabled: false
04-20 20:19:50.413   872  1784 E IPCThreadState: binder thread pool (4 threads) starved for 111 ms
04-20 20:19:50.413   872   872 D SurfaceFlinger: Finished setting power mode 2 on display 0
04-20 20:19:50.413  1741  2285 D SurfaceControl: Excessive delay in setPowerMode()
04-20 20:19:52.900  2309  2332 I MotoDisplayManager: MotoDisplayCallback setScreenBrightness<brightness>0
04-20 20:19:53.270     0     0 W swapper/0: type=1400 audit(0.0:639): avc: denied { kill } for uid=0 capability=5 scontext=u:r:kernel:s0 tcontext=u:r:kernel:s0 tclass=capability permissive=0
04-20 20:19:54.100 28123 28123 I MotoDisplay: Request System UI to turn display OFF.
04-20 20:19:54.101  2309  2332 I MotoDisplayManager: MotoDisplayCallback requestScreenOff
04-20 20:19:54.102 28123 28123 I MotoDisplay: Acquiring partial wakelock MotoDisplayWakeLock for 500ms.
04-20 20:19:54.105 28123 28123 I MotoDisplay: Releasing wakelock: MotoDisplayWakeLock
04-20 20:19:54.111  1741  1781 I DisplayPowerController: Blocking screen off
04-20 20:19:54.112  1741  1781 I DisplayPowerController: Unblocked screen off after 1 ms
04-20 20:19:54.139  1741  1781 I WindowManager: Screen turned off...
04-20 20:19:54.177  1741  1781 V DisplayPowerController: Brightness [0] reason changing to: 'screen_off', previous reason: 'doze'.
04-20 20:19:54.178  1741  1766 I DisplayManagerService: Display device changed state: "Built-in Screen", OFF
04-20 20:19:54.179  2291  2574 I chatty  : uid=1002(bluetooth) BluetoothScanMa expire 10 lines
04-20 20:19:54.183   872   872 D SurfaceFlinger: Setting power mode 0 on display 0
04-20 20:19:54.184   816   816 I SDM     : DisplayBase::SetDisplayState: Set state = 0, display 0
04-20 20:19:54.188  2309  2309 D StatusBar: disable<e i a s b H R c s > disable2<q i n >
04-20 20:19:54.188  2309  2309 D StatusBar: disable<e i a s b H R c s > disable2<q i n >
04-20 20:19:54.194   803  1646 W qti_sensors_hal: reportSingleEvent: NearBy 0, pData 1018,  highThd 5001
04-20 20:19:54.198  2622  2690 I QcrilOemhookMsgTunnel: [0]processOemHookResponse serial no: -1 error: 0length=1
04-20 20:19:54.198  2622  2690 E QcrilOemhookMsgTunnel: [0]Unexpected serial number in solicited response!serial: -1 error: 0
04-20 20:19:54.207  2309  2309 D StatusBar: disable<e i a s b H R c s > disable2<q i n >
04-20 20:19:54.207  2309  2309 D StatusBar: disable<e i a s b H R c s > disable2<q i n >
04-20 20:19:54.588   872   872 D SurfaceFlinger: Finished setting power mode 0 on display 0
04-20 20:19:54.588  1741  2285 D SurfaceControl: Excessive delay in setPowerMode()
04-20 20:19:55.639  1741  6926 I BatteryStatsService: In wakeup_callback: resumed from suspend
04-20 20:19:56.881  1741  6926 I BatteryStatsService: In wakeup_callback: resumed from suspend
04-20 20:19:57.154  1741  6926 I BatteryStatsService: In wakeup_callback: suspend aborted
04-20 20:19:57.486  1741  6926 I BatteryStatsService: In wakeup_callback: suspend aborted
04-20 20:19:58.713  1741  6926 I BatteryStatsService: In wakeup_callback: resumed from suspend
04-20 20:20:01.171  1741  6926 I BatteryStatsService: In wakeup_callback: resumed from suspend
04-20 20:20:01.620  1741  6926 I BatteryStatsService: In wakeup_callback: suspend aborted
04-20 20:20:03.012  1741  6926 I BatteryStatsService: In wakeup_callback: resumed from suspend
04-20 20:20:04.305  1741  1772 W ProcessCpuTracker: Failed to stat(/proc/30605): android.system.ErrnoException: stat failed: ENOENT (No such file or directory)
04-20 20:20:04.305  1741  1772 W ProcessCpuTracker: Skipping unknown process pid 30605
04-20 20:20:04.236  1741  6926 I BatteryStatsService: In wakeup_callback: resumed from suspend
04-20 20:20:04.768  1741  6926 I BatteryStatsService: In wakeup_callback: suspend aborted
04-20 20:20:05.069  1741  6926 I BatteryStatsService: In wakeup_callback: suspend aborted
04-20 20:20:05.761  2309  2309 W View    : requestLayout() improperly called by com.android.systemui.statusbar.HeadsUpStatusBarView{7a4e36e I.E...... ......ID 0,0-248,56 #7f0a01f7 app:id/heads_up_status_bar_view} during layout: running second layout pass
04-20 20:20:06.023 17448 29699 I chatty  : uid=10158 com.google.android.gms.persistent expire 4 lines
04-20 20:20:07.209  1741  3126 I BatteryStatsService: In wakeup_callback: suspend aborted
04-20 20:20:07.792 17448 30619 I chatty  : uid=10158 com.google.android.gms.persistent expire 1 line
04-20 20:20:07.929  1741  3126 W AppOps  : Noting op not finished: uid 10158 pkg com.google.android.gms code 79 time=1618964347644 duration=0
04-20 20:20:07.932  1741  3126 W AppOps  : Noting op not finished: uid 10158 pkg com.google.android.gms code 79 time=1618964407929 duration=0
04-20 20:20:07.940  1741  3126 W AppOps  : Noting op not finished: uid 10158 pkg com.google.android.gms code 79 time=1618964407932 duration=0
04-20 20:20:07.940 17448 17460 I chatty  : uid=10158(com.google.android.gms) HeapTaskDaemon expire 4 lines
04-20 20:20:07.947  1741  3126 W AppOps  : Noting op not finished: uid 10158 pkg com.google.android.gms code 79 time=1618964407940 duration=0
04-20 20:20:08.338  1741  2042 D BatteryService: uevent={POWER_SUPPLY_DP_DM=0, POWER_SUPPLY_VOLTAGE_NOW=4232381, POWER_SUPPLY_SW_JEITA_ENABLED=0, POWER_SUPPLY_CHARGE_CONTROL_LIMIT_MAX=8, POWER_SUPPLY_RECHARGE_SOC=99, POWER_SUPPLY_HEALTH=Good, POWER_SUPPLY_TECHNOLOGY=Li-ion, POWER_SUPPLY_FCC_STEPPER_ENABLE=0, SEQNUM=18859, POWER_SUPPLY_INPUT_CURRENT_LIMITED=0, POWER_SUPPLY_CHARGE_CONTROL_LIMIT=0, POWER_SUPPLY_BATTERY_CHARGING_ENABLED=1, POWER_SUPPLY_STATUS=Discharging, POWER_SUPPLY_CYCLE_COUNT=4, POWER_SUPPLY_CURRENT_MAX=2000000, POWER_SUPPLY_CHARGE_TERM_CURRENT=-101, POWER_SUPPLY_CAPACITY=90, DEVPATH=/devices/platform/soc/200f000.qcom,spmi/spmi-0/spmi0-02/200f000.qcom,spmi:qcom,pmi632@2:qcom,qpnp-smb5/power_supply/battery, POWER_SUPPLY_CHARGE_DONE=0, POWER_SUPPLY_CHARGE_TYPE=N/A, POWER_SUPPLY_CHARGE_RATE=None, POWER_SUPPLY_CURRENT_NOW=-95520, POWER_SUPPLY_SYSTEM_TEMP_LEVEL=0, POWER_SUPPLY_PRESENT=1, POWER_SUPPLY_PARALLEL_DISABLE=0, POWER_SUPPLY_CHARGE_FULL=3615000, SUBSYSTEM=power_supply, POWER_SUPPLY_SET_SHIP_MODE=0, POWER_SUPPLY_TEMP=247, ACTION=change, POWER_SUPPLY_RERUN_AICL=0, POWER_SUPPLY_AGE=100, POWER_SUPPLY_NAME=battery, POWER_SUPPLY_VOLTAGE_MAX=-22, POWER_SUPPLY_CONSTANT_CHARGE_CURRENT_MAX=2000000, POWER_SUPPLY_CHARGE_COUNTER=3253500, POWER_SUPPLY_STEP_CHARGING_ENABLED=0, POWER_SUPPLY_NUM_SYSTEM_TEMP_LEVELS=8, POWER_SUPPLY_DIE_HEALTH=Hot, POWER_SUPPLY_INPUT_SUSPEND=0}
04-20 20:20:08.348  2492  2492 D QtiCarrierConfigHelper: WARNING, no carrier configs on phone Id: 0
04-20 20:20:09.775  1741  6540 I BatteryStatsService: In wakeup_callback: resumed from suspend
04-20 20:20:10.410  1741  6540 I BatteryStatsService: In wakeup_callback: resumed from suspend
04-20 20:20:10.821  1741  6540 I BatteryStatsService: In wakeup_callback: suspend aborted
04-20 20:20:12.229  1741  6540 I BatteryStatsService: In wakeup_callback: resumed from suspend
04-20 20:20:16.533  1741  6540 I BatteryStatsService: In wakeup_callback: resumed from suspend
04-20 20:20:16.956  1741  6540 I BatteryStatsService: In wakeup_callback: suspend aborted
04-20 20:20:18.378  1741  6540 I BatteryStatsService: In wakeup_callback: resumed from suspend
04-20 20:20:20.847  1741  6540 I BatteryStatsService: In wakeup_callback: resumed from suspend
04-20 20:20:21.444  1741  4851 I BatteryStatsService: In wakeup_callback: resumed from suspend
04-20 20:20:22.664  1741  4851 I BatteryStatsService: In wakeup_callback: resumed from suspend
04-20 20:20:22.936  1741  4851 I BatteryStatsService: In wakeup_callback: suspend aborted
04-20 20:20:23.445  1741  4851 I BatteryStatsService: In wakeup_callback: suspend aborted
04-20 20:20:24.834  1741  6540 I BatteryStatsService: In wakeup_callback: resumed from suspend
04-20 20:20:26.047  1741  4851 I BatteryStatsService: In wakeup_callback: resumed from suspend
04-20 20:20:27.261   803  1091 I SLPI-MotLTV: LTV debug - state 2, fxyz -157 103 995 sfd 4
04-20 20:20:27.263   803  1646 W qti_sensors_hal: reportSingleEvent: NearBy 1, pData 4029,  highThd 5000
04-20 20:20:27.263  1741  4851 I BatteryStatsService: In wakeup_callback: resumed from suspend
04-20 20:20:27.398     0     0 W swapper/0: type=1400 audit(0.0:640): avc: denied { kill } for uid=0 capability=5 scontext=u:r:kernel:s0 tcontext=u:r:kernel:s0 tclass=capability permissive=0
04-20 20:20:28.115  1741  4851 I BatteryStatsService: In wakeup_callback: resumed from suspend
04-20 20:20:28.118   803  1646 W qti_sensors_hal: reportSingleEvent: NearBy 0, pData 1022,  highThd 1717
04-20 20:20:28.190   803  1652 D NativeSensors: CapSensor:  mPendingEvent.distance=0.000000
04-20 20:20:29.434  1741  4851 I BatteryStatsService: In wakeup_callback: resumed from suspend
04-20 20:20:29.803  1741  4851 I BatteryStatsService: In wakeup_callback: suspend aborted
04-20 20:20:29.889   803  1652 D NativeSensors: CapSensor:  mPendingEvent.distance=2.000000
04-20 20:20:31.285  1741  4851 I BatteryStatsService: In wakeup_callback: resumed from suspend
04-20 20:20:37.476  1741  1772 W ProcessCpuTracker: Failed to stat(/proc/30672): android.system.ErrnoException: stat failed: ENOENT (No such file or directory)
04-20 20:20:37.476  1741  1772 W ProcessCpuTracker: Skipping unknown process pid 30672
04-20 20:20:37.410  1741  4851 I BatteryStatsService: In wakeup_callback: resumed from suspend
04-20 20:20:37.745  1741  4851 I BatteryStatsService: In wakeup_callback: suspend aborted
04-20 20:20:39.260  1741  4851 I BatteryStatsService: In wakeup_callback: resumed from suspend
04-20 20:20:44.803  1741  4851 I BatteryStatsService: In wakeup_callback: resumed from suspend
04-20 20:20:44.980  1741  4851 I BatteryStatsService: In wakeup_callback: suspend aborted
04-20 20:20:45.261  1741  4851 I BatteryStatsService: In wakeup_callback: suspend aborted
04-20 20:20:46.641  1741  4851 I BatteryStatsService: In wakeup_callback: resumed from suspend
04-20 20:20:50.320  1741  4851 I BatteryStatsService: In wakeup_callback: resumed from suspend
04-20 20:20:51.564   468   468 W ueventd : type=1400 audit(0.0:641): avc: denied { kill } for uid=0 capability=5 scontext=u:r:ueventd:s0 tcontext=u:r:ueventd:s0 tclass=capability permissive=0
04-20 20:20:51.566  1741  4851 I BatteryStatsService: In wakeup_callback: resumed from suspend
04-20 20:20:51.779  1741  4851 I BatteryStatsService: In wakeup_callback: suspend aborted
04-20 20:20:53.397  1741  4851 I BatteryStatsService: In wakeup_callback: resumed from suspend
04-20 20:21:03.834  1741  4851 I chatty  : uid=1000(system) Binder:1741_11 identical 12 lines
04-20 20:21:04.764  1741  4851 I BatteryStatsService: In wakeup_callback: resumed from suspend
04-20 20:21:05.091  1741  4851 I BatteryStatsService: In wakeup_callback: suspend aborted
04-20 20:21:06.602  1741  4851 I BatteryStatsService: In wakeup_callback: resumed from suspend
04-20 20:21:11.522  1741  4851 I BatteryStatsService: In wakeup_callback: resumed from suspend
04-20 20:21:11.754  1741  4851 I BatteryStatsService: In wakeup_callback: suspend aborted
04-20 20:21:12.715     0     0 W swapper/0: type=1400 audit(0.0:642): avc: denied { kill } for uid=0 capability=5 scontext=u:r:kernel:s0 tcontext=u:r:kernel:s0 tclass=capability permissive=0
04-20 20:21:12.898   721  2360 I netd    : firewallReplaceUidChain("fw_dozable", "true", [1000,1001,1007,1068,2000,10053,10055,10066,10069,10072,10103,10104,10108,10109,10117,10121,10123,10126,10127,10131,10146,10148,10152,10154,10158,10159,10162,10164,10165,10166,10167,10168]) -> {"true"} <1.69ms>
04-20 20:21:12.899   721  2360 I netd    : firewallEnableChildChain(1, "true") <0.06ms>
04-20 20:21:12.902   721  2360 I netd    : socketDestroy([1000,1001,1007,1068,2000,10053,10055,10066,10069,10072,10103,10104,10108,10109,10117,10121,10123,10126,10127,10131,10146,10148,10152,10154,10158,10159,10162,10164,10165,10166,10167,10168]) <1.40ms>
04-20 20:21:12.913  2309  2309 W View    : requestLayout() improperly called by com.android.systemui.statusbar.HeadsUpStatusBarView{7a4e36e I.E...... ......ID 0,0-248,56 #7f0a01f7 app:id/heads_up_status_bar_view} during layout: running second layout pass
04-20 20:21:12.922  1741  2247 D ConnectivityService: Blocked status changed to true for 10120(100) on netId 100
04-20 20:21:12.922  1741  2247 D ConnectivityService: Blocked status changed to true for 10120(101) on netId 100
04-20 20:21:12.923  1741  2247 D ConnectivityService: Blocked status changed to true for 10120(102) on netId 100
04-20 20:21:12.927  1741  2247 D ConnectivityService: Blocked status changed to true for 10130(64) on netId 100
04-20 20:21:12.937  1741  2247 D ConnectivityService: Blocked status changed to true for 10107(22) on netId 100
04-20 20:21:12.938  1741  2247 D ConnectivityService: Blocked status changed to true for 10107(23) on netId 100
04-20 20:21:13.026  1741  4851 W AppOps  : Noting op not finished: uid 10158 pkg com.google.android.gms code 79 time=1618964407947 duration=0
04-20 20:21:13.031  1741  6926 W AppOps  : Noting op not finished: uid 10158 pkg com.google.android.gms code 79 time=1618964473026 duration=0
04-20 20:21:13.036  1741  3126 W AppOps  : Noting op not finished: uid 10158 pkg com.google.android.gms code 79 time=1618964473031 duration=0
04-20 20:21:13.039  1741  3126 W AppOps  : Noting op not finished: uid 10158 pkg com.google.android.gms code 79 time=1618964473036 duration=0
04-20 20:21:14.903  1741  6540 I BatteryStatsService: In wakeup_callback: resumed from suspend
04-20 20:21:15.829  1741  6540 I BatteryStatsService: In wakeup_callback: resumed from suspend
04-20 20:21:16.274  1741  6540 I BatteryStatsService: In wakeup_callback: suspend aborted
04-20 20:21:17.661  1741  6540 I BatteryStatsService: In wakeup_callback: resumed from suspend
04-20 20:21:18.282  1741  6540 I BatteryStatsService: In wakeup_callback: resumed from suspend
04-20 20:21:18.455  1741  6540 I BatteryStatsService: In wakeup_callback: suspend aborted
04-20 20:21:18.822  1741  6540 I BatteryStatsService: In wakeup_callback: suspend aborted
04-20 20:21:18.826 28123 28123 I MotoDisplay: Acquiring partial wakelock MotoDisplayWakeLock for 500ms.
04-20 20:21:18.829 28123 28123 I MotoDisplay: Start logging time for trigger Type: GLANCE_GESTURE GlanceType: GLANCE_GESTURE_MOVEMENT
04-20 20:21:18.829 28123 28123 I MotoDisplay: Glance Sensor Event Gesture Type: 16
04-20 20:21:18.830 28123 28123 I MotoDisplay: pulse - trigger: Type: GLANCE_GESTURE GlanceType: GLANCE_GESTURE_MOVEMENT is pulsing: false is paused: false
04-20 20:21:18.830 28123 28123 I MotoDisplay: Acquiring partial wakelock MotoDisplayWakeLock for 500ms.
04-20 20:21:18.850 28123 28123 I MotoDisplay: isPulseAllowed: true
04-20 20:21:18.870 28123 28123 I MotoDisplay: Animations disabled: false
04-20 20:21:18.871  2309  2699 I MotoDisplayManager: MotoDisplayCallback triggerVirtualSensor
04-20 20:21:18.874   803  1091 I SLPI-MotLTV: LTV debug - state 0, fxyz -5 21 976 sfd 0
04-20 20:21:18.874   803  1646 W qti_sensors_hal: reportSingleEvent: NearBy 1, pData 6287,  highThd 5000
04-20 20:21:18.877  2309  2309 I DozeTriggers: Don't abort pulse for AODSensor
04-20 20:21:18.908  1741  1781 I DisplayPowerController: Blocking screen on until initial contents have been drawn.
04-20 20:21:18.908  1741  1781 I WindowManager: Screen turning on...
04-20 20:21:18.910  2492  2492 D QtiCarrierConfigHelper: WARNING, no carrier configs on phone Id: 0
04-20 20:21:18.910  2309  2699 V KeyguardViewMediator: notifyDrawn
04-20 20:21:18.911  1741  6926 D WindowManager: mKeyguardDelegate.ShowListener.onDrawn.
04-20 20:21:18.911  1741  1764 W WindowManager: Setting mKeyguardDrawComplete
04-20 20:21:18.930  1741  1781 V DisplayPowerController: Brightness [38] reason changing to: 'doze', previous reason: 'screen_off'.
04-20 20:21:18.932  1741  1766 I DisplayManagerService: Display device changed state: "Built-in Screen", ON
04-20 20:21:18.932   872   872 D SurfaceFlinger: Setting power mode 2 on display 0
04-20 20:21:18.934   816   905 I SDM     : DisplayBase::SetDisplayState: Set state = 1, display 0
04-20 20:21:18.939  2309  2332 I MotoDisplayManager: MotoDisplayCallback setScreenBrightness<brightness>30
04-20 20:21:18.947  2622  2690 I QcrilOemhookMsgTunnel: [0]processOemHookResponse serial no: -1 error: 0length=1
04-20 20:21:18.947  2622  2690 E QcrilOemhookMsgTunnel: [0]Unexpected serial number in solicited response!serial: -1 error: 0
04-20 20:21:18.960   803  1032 W qti_sensors_hal: processReportInd: lux: 58, ch0: 125, ch1: 15
04-20 20:21:18.962   803  1646 W qti_sensors_hal: reportSingleEvent: NearBy 1, pData 6287,  highThd 5000
04-20 20:21:18.964 28123 28123 I MotoDisplay: Time elapsed since sensor trigger Type: GLANCE_GESTURE GlanceType: GLANCE_GESTURE_MOVEMENT is 134 ms
04-20 20:21:18.965  2309  2699 I MotoDisplayManager: MotoDisplayCallback setScreenBrightness<brightness>38
04-20 20:21:18.985  1741  1766 I WindowManager: All windows ready for display!
04-20 20:21:18.985  1741  1764 W WindowManager: Setting mWindowManagerDrawComplete
04-20 20:21:18.985  1741  1781 I DisplayPowerController: Unblocked screen on after 77 ms
04-20 20:21:18.989 28123 28123 I MotoDisplay: Animations disabled: false
04-20 20:21:18.997  1741  2123 I PowerManagerService: Waking up from Dozing (uid=1000, reason=WAKE_REASON_POWER_BUTTON, details=android.policy:POWER)...
04-20 20:21:18.998  1741  1741 W UsageStatsService: Event reported without a package name, eventType:15
04-20 20:21:18.999   820   820 I QTI PowerHAL: Got set_interactive hint
04-20 20:21:19.000   820   820 I QTI PowerHAL: Got set_interactive hint on= 1, count= 13
04-20 20:21:19.000   820   820 E QTI PowerHAL: Error opening /sys/kernel/hbtp/display_pwr: No such file or directory
04-20 20:21:19.000  1741  2123 W InputDispatcher: Excessive delay in interceptKeyBeforeQueueing; took 95 ms
04-20 20:21:19.001  1741  1741 I WindowManager: Started waking up... (why=ON_BECAUSE_OF_USER)
04-20 20:21:19.010  2309  2309 I MotoDisplayManager: mMotoDisplayService.hide com.android.systemui.doze.IMotoDisplay$Stub$Proxy@7d922ec
04-20 20:21:19.011  1741  1781 V DisplayPowerController: Brightness [70] reason changing to: 'manual', previous reason: 'doze'.
04-20 20:21:19.012  1741  1781 V DisplayPowerController: Brightness [70] reason changing to: 'automatic', previous reason: 'manual'.
04-20 20:21:19.012 28123 28123 I MotoDisplay: Request System UI to turn display ON.
04-20 20:21:19.013  2309  2332 I MotoDisplayManager: MotoDisplayCallback requestHide
04-20 20:21:19.019 28123 28123 I MotoDisplay: onDestroy
04-20 20:21:19.019 28123 28123 I MotoDisplay: Releasing wakelock: MotoDisplayWakeLock
04-20 20:21:19.021  2309  2309 D StatusBar: disable<e i a s b H R c s > disable2<q i n >
04-20 20:21:19.022  2309  2309 D StatusBar: disable<e i a s b H R c s > disable2<q i n >
04-20 20:21:19.023 22048 22048 E FitnessUtil: accessGoogleFit
04-20 20:21:19.023  2309  2309 D StatusBar: updateQsExpansionEnabled - QS Expand enabled: true
04-20 20:21:19.027 22048 22048 D FitnessUtil: activity not found, set pIntent = null
04-20 20:21:19.039  2309  2309 D StatusBar: updateQsExpansionEnabled - QS Expand enabled: true
04-20 20:21:19.043   806   880 D audio_hw_primary: adev_set_parameters: enter: screen_state=on
04-20 20:21:19.044   806   880 V msm8974_platform: platform_set_parameters: enter: screen_state=on
04-20 20:21:19.044   806   880 V msm8974_platform: platform_set_parameters: exit with code(0)
04-20 20:21:19.053  2309  2309 W MotoDisplayManager: can't hide: mMotoDisplayService has been null
04-20 20:21:19.053  2309  2309 I DozeMachine: Dropping pulse done because current state is already done: DOZE
04-20 20:21:19.054  1741  4851 V WindowManager: Changing focus from Window{18b38b u0 AOD} to Window{2decc30 u0 StatusBar} displayId=0
04-20 20:21:19.056 28123 28123 I MotoDisplay: finishScreen
04-20 20:21:19.056 28123 28123 I MotoDisplay: onDestroy
04-20 20:21:19.057  1741  1741 V SettingsProvider: Notifying for 0: content://settings/secure/reminder_exp_learning_time_elapsed
04-20 20:21:19.059   872  2098 E HWComposer: getDisplayedContentSamplingAttributes: getDisplayedContentSamplingAttributes failed for display 0: Unsupported (8)
04-20 20:21:19.062  2309  2309 W View    : requestLayout() improperly called by com.android.systemui.statusbar.HeadsUpStatusBarView{7a4e36e I.E...... ......ID 0,0-248,56 #7f0a01f7 app:id/heads_up_status_bar_view} during layout: running second layout pass
04-20 20:21:19.071  2443  3309 D QCNEJ/WlanStaInfoRelay: Received action: android.net.wifi.RSSI_CHANGED
04-20 20:21:19.071  2443  3309 I QCNEJ/NativeHalConnector: -> SND notifyWlanStaStatusChanged([WlanStaInfo]: wifiSwitchState = 1 rssi = -49 ssid = Jasmine bssid = b0:39:56:5a:37:40 dnsInfo = 192.168.1.1;0.0.0.0;0.0.0.0;0.0.0.0; freqBand = _2GHz countryCode = us[RatInfo]: networkType = 1 subType = 101 networkState = CONNECTED netHdl = 432902426637 ipAddrV4 = 192.168.1.68 ipAddrV6 =  ifNameV4 = wlan0 ifNameV6 =  slotIdx = 0 isAndroidValidated = true) timeStamp = 2021-04-20 20:21:19.071
04-20 20:21:19.073  1741  4851 D NotificationListeners: Disabling component com.motorola.motodisplay/.notification.DisplayNotifListenerService
04-20 20:21:19.076  2492  2932 E PhoneInterfaceManager: [PhoneIntfMgr] getCarrierPrivilegeStatus: No UICC
04-20 20:21:19.077  2758  3750 I CarrierServices: [97] car.a: FiST: Wifi connectivity status true
04-20 20:21:19.078  2758  4230 I CarrierServices: [127] awv.handleMessage: RCS is disabled, skipping config update request
04-20 20:21:19.078   721  2360 I netd    : firewallSetUidRule(1, 10167, 2) <0.03ms>
04-20 20:21:19.078  2758  4228 I CarrierServices: [125] chy.a: (PEv2-SM): DisabledState: event Connectivity event
04-20 20:21:19.079  2758  3750 I CarrierServices: [97] cay.d: Connected state: [1], networkType: [WIFI]
04-20 20:21:19.081  2492  2932 E PhoneInterfaceManager: [PhoneIntfMgr] getCarrierPrivilegeStatus: No UICC
04-20 20:21:19.081 28123 28123 I MotoDisplay: onListenerDisconnected - DisplayNotifListenerService
04-20 20:21:19.170  1741  4851 D WificondControl: Scan result ready event
04-20 20:21:19.179   803  1646 W qti_sensors_hal: reportSingleEvent: NearBy 0, pData 1033,  highThd 5001
04-20 20:21:19.204   872   872 D SurfaceFlinger: Finished setting power mode 2 on display 0
04-20 20:21:19.204  1741  2285 D SurfaceControl: Excessive delay in setPowerMode()
04-20 20:21:19.205  1741  1781 W PowerManagerService: Screen on took 301 ms
04-20 20:21:19.205  1741  1781 I DreamManagerService: Gently waking up from dream.
04-20 20:21:19.206  1741  1741 I WindowManager: Finished waking up... (why=ON_BECAUSE_OF_USER)
04-20 20:21:19.207  1741  1763 I DreamManagerService: Performing gentle wake from dream.
04-20 20:21:19.231  1741  1767 I WindowManager:   SURFACE show Surface(name=NavigationBar0)/@0x1b2c67 on display:0: NavigationBar0
04-20 20:21:19.235  2929  2929 I DeviceStatusMonitor: DeviceStatusMonitor$1.onReceive():48 onReceive() : Action = android.intent.action.SCREEN_ON
04-20 20:21:19.238  1741  9573 I DreamManagerService: Leaving dreamland.
04-20 20:21:19.239  1741  1763 I DreamManagerService: Performing gentle wake from dream.
04-20 20:21:19.239  1741  1763 I DreamController: Stopping dream: name=ComponentInfo{com.android.systemui/com.android.systemui.doze.DozeService}, isTest=false, canDoze=true, userId=0
04-20 20:21:19.243  1741  1767 I WindowManager:   SURFACE show Surface(name=com.android.systemui.ImageWallpaper)/@0x1b70dbd on display:0: com.android.systemui.ImageWallpaper
04-20 20:21:19.246  1741  1741 W AlarmManager: Unrecognized alarm listener com.android.server.job.controllers.idle.-$$Lambda$DeviceIdlenessTracker$-H1-ZwZAJ-vh10A0PeYXaZLj_R0@1f4a7ca
04-20 20:21:19.284 17448 17676 I chatty  : uid=10158(com.google.android.gms) NearbyDirectMai expire 6 lines
04-20 20:21:19.286 17448 29508 I chatty  : uid=10158 com.google.android.gms.persistent expire 24 lines
04-20 20:21:19.287  2291  2608 I chatty  : uid=1002(bluetooth) btu message loo expire 16 lines
04-20 20:21:19.306  2291  2574 I chatty  : uid=1002(bluetooth) BluetoothScanMa expire 39 lines
04-20 20:21:19.311  2291  2345 I chatty  : uid=1002(bluetooth) BT Service Call expire 39 lines
04-20 20:21:19.365  1741  1764 D WindowManager: powerPress: eventTime=4063365 interactive=true count=1 beganFromNonInteractive=true mShortPressOnPowerBehavior=1
04-20 20:21:20.098  2309  2309 I FalsingManagerPlugin: dX: -143.80028 dY: -515.6608 xV: -2.3608649 yV: -4.100498
04-20 20:21:20.098  2309  2309 I FalsingManagerPlugin: Percent of gesture in proximity: 0.0
04-20 20:21:20.099  2309  2309 I FalsingManagerPlugin: Percent of gesture in proximity: 0.0
04-20 20:21:20.378  2309  2309 D KeyguardViewMediator: keyguardGoingAway
04-20 20:21:20.380  2309  2309 D StatusBar: disable<e i a s b H R c s > disable2<q i n >
04-20 20:21:20.386  2309  2389 D KeyguardViewMediator: Call PhoneWindowManager's keyguardGoingAway
04-20 20:21:20.386  3275  3275 D SlpcSystem: ProxRecalReceiver action: com.motorola.UNLOCK_SUCCESS
04-20 20:21:20.387  1741  4636 D ActivityTaskManager: Top Process State changed to PROCESS_STATE_TOP
04-20 20:21:20.394  3275  3275 I android_os_HwBinder: HwBinder: Starting thread pool for getting: vendor.qti.hardware.sensorscalibrate@1.0::ISensorsCalibrate/default
04-20 20:21:20.397   837   837 D         : sensor calibrate begin
04-20 20:21:20.397   837   837 I ssc_calibrate: calibrate:103 calibrate!
04-20 20:21:20.402   837 30769 I ssc_calibrate: notify_data_cb:69 JNI_triggerProxRecal sensor1 responded
04-20 20:21:20.402   837   837 D         : s_result: true
04-20 20:21:20.403  7312  7569 D MCLOG   : [MC_TriggerHelper] PauseResumeTrigger
04-20 20:21:20.446  7312  7312 D MCLOG   : [MC_Service] onStartcommand()
04-20 20:21:20.463   721  2360 I netd    : firewallSetUidRule(1, 10205, 1) <0.06ms>
04-20 20:21:20.464 22048 22067 D AssistReceiver: call: lightWakeup | null | null
04-20 20:21:20.501  1741  1767 I WindowManager: Window drawn AppWindowToken{b2426a2 token=Token{8439a6d ActivityRecord{caaa284 u0 com.motorola.launcher3/com.android.launcher3.CustomizationPanelLauncher t4}}}
04-20 20:21:20.501  2309  2309 I KeyguardViewMediator: handleStartKeyguardExitAnimation startTime=4064962 fadeoutDuration=300
04-20 20:21:20.503  1741  1767 I WindowManager:   SURFACE show Surface(name=com.motorola.launcher3/com.android.launcher3.CustomizationPanelLauncher)/@0xf30db3f on display:0: com.motorola.launcher3/com.android.launcher3.CustomizationPanelLauncher
04-20 20:21:20.503  2309  2309 D StatusBar: disable<e i a s b H R c s > disable2<q i n >
04-20 20:21:20.505  2309  2309 D StatusBar: updateQsExpansionEnabled - QS Expand enabled: true
04-20 20:21:20.506  2309  2309 W MotoDisplayManager: can't hide: mMotoDisplayService has been null
04-20 20:21:20.510   865  2257 D AF::TrackHandle: OpPlayAudio: track:71 usage:13 not muted
04-20 20:21:20.512  2309  2389 I AudioTrack: createTrack_l(52): AUDIO_OUTPUT_FLAG_FAST successful; frameCount 0 -> 9065
04-20 20:21:20.513   865  2257 D APM_AudioPolicyManager: startOutput() output 13, stream 1, session 209
04-20 20:21:20.515   806 13645 V msm8974_platform: platform_get_output_snd_device: enter: output devices(0x2)
04-20 20:21:20.516   806 13645 V msm8974_platform: platform_get_output_snd_device: exit: snd_device(speaker)
04-20 20:21:20.516   806 13645 V msm8974_platform: platform_get_backend_index:napb: backend port - 0 device - 2 
04-20 20:21:20.516   806 13645 V msm8974_platform: platform_check_and_set_playback_backend_cfg: usecase->stream.out->config.format (0)
04-20 20:21:20.516   806 13645 V msm8974_platform: platform_check_and_set_playback_backend_cfg:becf: afe: bitwidth 16, samplerate 48000 channels 2, backend_idx 0 usecase = 1 device (speaker)
04-20 20:21:20.516   806 13645 V msm8974_platform: platform_check_and_set_playback_backend_cfg: new_snd_devices[0] is 2
04-20 20:21:20.516   806 13645 V msm8974_platform: platform_get_backend_index:napb: backend port - 0 device - 2 
04-20 20:21:20.516   806 13645 V msm8974_platform: platform_check_playback_backend_cfg:becf: afe: bitwidth 16, samplerate 48000 channels 2, backend_idx 0 usecase = 1 device (speaker)
04-20 20:21:20.516   806 13645 V msm8974_platform: platform_check_playback_backend_cfg:becf: afe: Codec selected backend: 0 updated bit width: 16 andsample rate: 48000
04-20 20:21:20.516   806 13645 V msm8974_platform: platform_send_audio_calibration: sending audio calibration for snd_device(2) acdb_id(14)
04-20 20:21:20.516   806 13645 D ACDB-LOADER: ACDB -> send_audio_cal, acdb_id = 14, path = 0, app id = 0x11130, sample rate = 48000, afe_sample_rate = 48000
04-20 20:21:20.516   806 13645 D ACDB-LOADER: ACDB -> send_asm_topology
04-20 20:21:20.516   806 13645 D ACDB-LOADER: ACDB -> ACDB_CMD_GET_AUDPROC_STREAM_TOPOLOGY_ID
04-20 20:21:20.516   806 13645 D ACDB-LOADER: ACDB -> send_adm_topology
04-20 20:21:20.516   806 13645 D ACDB-LOADER: ACDB -> ACDB_CMD_GET_AUDPROC_COMMON_TOPOLOGY_ID
04-20 20:21:20.516   806 13645 D ACDB-LOADER: ACDB -> send_audtable
04-20 20:21:20.516   806 13645 D ACDB-LOADER: ACDB -> ACDB_CMD_GET_AUDPROC_COMMON_TABLE_SIZE
04-20 20:21:20.516   806 13645 D ACDB-LOADER: ACDB -> ACDB_CMD_GET_AUDPROC_COMMON_TABLE
04-20 20:21:20.516   806 13645 D ACDB-LOADER: ACDB -> AUDIO_SET_AUDPROC_CAL cal_type[11] acdb_id[14] app_type[69936]
04-20 20:21:20.516   806 13645 D ACDB-LOADER: ACDB -> send_audvoltable
04-20 20:21:20.516   806 13645 D ACDB-LOADER: ACDB -> ACDB_CMD_GET_AUDPROC_GAIN_DEP_STEP_TABLE_SIZE
04-20 20:21:20.516   806 13645 D ACDB-LOADER: ACDB -> ACDB_CMD_GET_AUDPROC_GAIN_DEP_STEP_TABLE, vol index 0
04-20 20:21:20.516   806 13645 D ACDB-LOADER: ACDB -> AUDIO_SET_VOL_CAL cal type = 12
04-20 20:21:20.516   806 13645 D ACDB-LOADER: ACDB -> ACDB_CMD_GET_AUDPROC_STREAM_TABLE_SIZE
04-20 20:21:20.516   806 13645 D ACDB-LOADER: ACDB -> send_audstrmtable
04-20 20:21:20.516   806 13645 D ACDB-LOADER: ACDB -> ACDB_CMD_GET_AUDPROC_STREAM_TABLE_V2
04-20 20:21:20.516   806 13645 D ACDB-LOADER: ACDB -> audstrm_cal->cal_type.cal_data.cal_size = 16
04-20 20:21:20.516   806 13645 D ACDB-LOADER: ACDB -> send_afe_topology
04-20 20:21:20.516   806 13645 D ACDB-LOADER: ACDB -> ACDB_CMD_GET_AFE_TOPOLOGY_ID
04-20 20:21:20.516   806 13645 D ACDB-LOADER: ACDB -> GET_AFE_TOPOLOGY_ID for adcd_id 14, Topology Id 1000ff01
04-20 20:21:20.516   806 13645 D ACDB-LOADER: ACDB -> send_afe_cal
04-20 20:21:20.516   806 13645 D ACDB-LOADER: ACDB -> ACDB_CMD_GET_AFE_COMMON_TABLE_SIZE
04-20 20:21:20.516   806 13645 D ACDB-LOADER: ACDB -> ACDB_CMD_GET_AFE_COMMON_TABLE
04-20 20:21:20.516   806 13645 D ACDB-LOADER: ACDB -> AUDIO_SET_AFE_CAL cal_type[16] acdb_id[14]
04-20 20:21:20.516   806 13645 D ACDB-LOADER: ACDB -> send_hw_delay : acdb_id = 14 path = 0
04-20 20:21:20.516   806 13645 D ACDB-LOADER: ACDB -> ACDB_AVSYNC_INFO: ACDB_CMD_GET_DEVICE_PROPERTY
04-20 20:21:20.516   806 13645 V msm8974_platform: platform_send_audio_calibration: sending audio calibration for snd_device(158) acdb_id(102)
04-20 20:21:20.516   806 13645 D ACDB-LOADER: ACDB -> send_audio_cal, acdb_id = 102, path = 1, app id = 0x11130, sample rate = 48000, afe_sample_rate = 48000
04-20 20:21:20.516   806 13645 D ACDB-LOADER: ACDB -> send_asm_topology
04-20 20:21:20.516   806 13645 D ACDB-LOADER: ACDB -> ACDB_CMD_GET_AUDPROC_STREAM_TOPOLOGY_ID
04-20 20:21:20.516   806 13645 D ACDB-LOADER: ACDB -> send_adm_topology
04-20 20:21:20.516   806 13645 D ACDB-LOADER: ACDB -> ACDB_CMD_GET_AUDPROC_COMMON_TOPOLOGY_ID
04-20 20:21:20.516   806 13645 D ACDB-LOADER: ACDB -> send_audtable
04-20 20:21:20.516   806 13645 D ACDB-LOADER: ACDB -> ACDB_CMD_GET_AUDPROC_COMMON_TABLE_SIZE
04-20 20:21:20.516   806 13645 D ACDB-LOADER: ACDB -> ACDB_CMD_GET_AUDPROC_COMMON_TABLE
04-20 20:21:20.516   806 13645 D ACDB-LOADER: ACDB -> AUDIO_SET_AUDPROC_CAL cal_type[11] acdb_id[102] app_type[69936]
04-20 20:21:20.516   806 13645 D ACDB-LOADER: ACDB -> ACDB_CMD_GET_AUDPROC_STREAM_TABLE_SIZE
04-20 20:21:20.516   806 13645 D ACDB-LOADER: ACDB -> send_audstrmtable
04-20 20:21:20.516   806 13645 D ACDB-LOADER: ACDB -> ACDB_CMD_GET_AUDPROC_STREAM_TABLE_V2
04-20 20:21:20.516   806 13645 D ACDB-LOADER: ACDB -> audstrm_cal->cal_type.cal_data.cal_size = 16
04-20 20:21:20.516   806 13645 D ACDB-LOADER: ACDB -> send_afe_topology
04-20 20:21:20.516   806 13645 D ACDB-LOADER: ACDB -> ACDB_CMD_GET_AFE_TOPOLOGY_ID
04-20 20:21:20.516   806 13645 D ACDB-LOADER: ACDB -> GET_AFE_TOPOLOGY_ID for adcd_id 102, Topology Id 1000ff00
04-20 20:21:20.516   806 13645 D ACDB-LOADER: ACDB -> send_afe_cal
04-20 20:21:20.516   806 13645 D ACDB-LOADER: ACDB -> ACDB_CMD_GET_AFE_COMMON_TABLE_SIZE
04-20 20:21:20.516   806 13645 D ACDB-LOADER: ACDB -> ACDB_CMD_GET_AFE_COMMON_TABLE
04-20 20:21:20.516   806 13645 D ACDB-LOADER: ACDB -> AUDIO_SET_AFE_CAL cal_type[17] acdb_id[102]
04-20 20:21:20.516   806 13645 D ACDB-LOADER: ACDB -> send_hw_delay : acdb_id = 102 path = 1
04-20 20:21:20.516   806 13645 D ACDB-LOADER: ACDB -> ACDB_AVSYNC_INFO: ACDB_CMD_GET_DEVICE_PROPERTY
04-20 20:21:20.516   806 13645 D audio_hw_primary: enable_snd_device: snd_device(158: vi-feedback)
04-20 20:21:20.516   806 13645 D audio_route: Apply path: vi-feedback
04-20 20:21:20.516   806 13645 D audio_hw_primary: enable_audio_route: usecase(26) apply and update mixer path: spkr-vi-record
04-20 20:21:20.516   806 13645 D audio_route: Apply path: spkr-vi-record
04-20 20:21:20.520  1741  1741 V SettingsProvider: Notifying for 0: content://settings/secure/reminder_exp_learning_time_elapsed
04-20 20:21:20.523  2309  2309 D StatusBar: disable<e i a s b h!r!c s > disable2<q i n >
04-20 20:21:20.537  2309  2309 D KeyguardUpdateMonitor: onKeyguardVisibilityChanged(false)
04-20 20:21:20.540  1741  1767 I WindowManager:   SURFACE show Surface(name=com.motorola.launcher3/com.android.launcher3.CustomizationPanelLauncher)/@0xae1ec5b on display:0: com.motorola.launcher3/com.android.launcher3.CustomizationPanelLauncher
04-20 20:21:20.542  1741  1766 W UsageStatsService: Event reported without a package name, eventType:18
04-20 20:21:20.545   721  2360 I netd    : firewallEnableChildChain(1, "false") <0.03ms>
04-20 20:21:20.546  3454  3454 I GsaVoiceInteractionSrv: O received Intent { act=android.intent.action.USER_PRESENT flg=0x24200010 }
04-20 20:21:20.547  1741  1773 W BroadcastQueue: Background execution not allowed: receiving Intent { act=android.intent.action.USER_PRESENT flg=0x24200010 } to com.android.chrome/org.chromium.chrome.browser.sharing.click_to_call.ClickToCallMessageHandler$PhoneUnlockedReceiver
04-20 20:21:20.547 22048 22048 D CmdCenter: - RowBuilder2: setUseWhiteRes useOrNot = true
04-20 20:21:20.549   806 13645 D audio_hw_primary: enable_snd_device: snd_device(2: speaker)
04-20 20:21:20.550   806 13645 D audio_route: Apply path: speaker
04-20 20:21:20.550   806 13645 V msm8974_platform: platform_get_snd_device_backend_index: enter with device 2
04-20 20:21:20.550   806 13645 V msm8974_platform: platform_get_backend_index:napb: backend port - 0 device - 2 
04-20 20:21:20.550   806 13645 I audio_hw_utils: Set Audio Stream 12 App Type Cfg: app_type 69936, acdb_dev_id 14, sample_rate 48000, snd_device_be_idx 2
04-20 20:21:20.550   806 13645 D audio_hw_primary: enable_audio_route: usecase(1) apply and update mixer path: low-latency-playback speaker
04-20 20:21:20.550   806 13645 D audio_route: Apply path: low-latency-playback speaker
04-20 20:21:20.551  1741  1773 W BroadcastQueue: Background execution not allowed: receiving Intent { act=android.intent.action.USER_PRESENT flg=0x24200010 } to com.google.android.gms/.auth.setup.devicesignals.LockScreenReceiver
04-20 20:21:20.552   806  1559 D MotSpeakerHelper: Speaker ON: volume 0.500000 (step 12), usecase SAFE
04-20 20:21:20.552   803  1646 W qti_sensors_hal: reportSingleEvent: NearBy 0, pData 1002,  highThd 1716
04-20 20:21:20.554 17470 17470 W ThreadPoolDumper: Queue length for executor EventBus is now 11. Perhaps some tasks are too long, or the pool is too small.
04-20 20:21:20.559  1741  9573 V WindowManager: Changing focus from Window{2decc30 u0 StatusBar} to Window{4324562 u0 com.motorola.launcher3/com.android.launcher3.CustomizationPanelLauncher} displayId=0
04-20 20:21:20.560 22048 22048 D CmdCenter: - RowWidgetUpdater2: the Min widget of widget[2] is 213
04-20 20:21:20.561  2309  2309 W View    : requestLayout() improperly called by com.android.systemui.statusbar.HeadsUpStatusBarView{7a4e36e I.E...... ......ID 0,0-248,56 #7f0a01f7 app:id/heads_up_status_bar_view} during layout: running second layout pass
04-20 20:21:20.564 22048 22048 D CmdCenter: - RowWidgetUpdater2: 2cellWidth = 180 column is 3
04-20 20:21:20.564 22048 22048 D CmdCenter: - RowBuilder2: useWhiteRes=true -is 18-9?=true cellX= 3 grid=5
04-20 20:21:20.567  1741  2247 D ConnectivityService: Blocked status changed to false for 10120(100) on netId 100
04-20 20:21:20.568  1741  2247 D ConnectivityService: Blocked status changed to false for 10120(101) on netId 100
04-20 20:21:20.568  1741  2247 D ConnectivityService: Blocked status changed to false for 10120(102) on netId 100
04-20 20:21:20.568  1741  2247 D ConnectivityService: Blocked status changed to false for 10130(64) on netId 100
04-20 20:21:20.571  1741  1773 W BroadcastQueue: Background execution not allowed: receiving Intent { act=android.intent.action.USER_PRESENT flg=0x24200010 } to com.google.android.gms/.chimera.GmsIntentOperationService$PersistentTrustedReceiver
04-20 20:21:20.580  1741  2247 D ConnectivityService: Blocked status changed to false for 10107(22) on netId 100
04-20 20:21:20.580  1741  2247 D ConnectivityService: Blocked status changed to false for 10107(23) on netId 100
04-20 20:21:20.580   806 13645 D audio_hw_primary: out_write: retry previous failed cal level set
04-20 20:21:20.601 22048 22048 D CmdCenter: - RowWeatherInitializer: Utils.getWeatherInfo return null.
04-20 20:21:20.604 22048 22048 D CmdCenter: - RowWidgetUpdater2: ->config = {1.0 ?mcc?mnc [en_US] ldltr sw411dp w411dp h812dp 280dpi nrml long port finger -keyb/v/h -nav/h winConfig={ mBounds=Rect(0, 0 - 720, 1520) mAppBounds=Rect(0, 56 - 720, 1478) mWindowingMode=fullscreen mDisplayWindowingMode=fullscreen mActivityType=undefined mAlwaysOnTop=undefined mRotation=ROTATION_0} s.49 ?spn ?gid}
04-20 20:21:20.606 22048 22048 D CmdCenter: - RowWidgetUpdater2: ->config debug_dimens = 54
04-20 20:21:20.623  1741  1767 I WindowManager:   SURFACE show Surface(name=FloatingTutorialButton)/@0x252104 on display:0: FloatingTutorialButton
04-20 20:21:20.676  1741  2809 I WindowManager:   SURFACE SIZE set 720x56 on display:0: StatusBar
04-20 20:21:20.704  2309  2309 W View    : requestLayout() improperly called by com.android.systemui.statusbar.HeadsUpStatusBarView{7a4e36e I.E...... ......ID 0,0-248,56 #7f0a01f7 app:id/heads_up_status_bar_view} during layout: running second layout pass
04-20 20:21:20.714 17470 17527 I MicroDataManager: isInitializing-false locale not changed-true model not changed-true
04-20 20:21:20.794 17470 17540 W LocationOracle: No location history returned by ContextManager
04-20 20:21:20.801 17470 17527 I MicroDetectionState: Should stop hotword detection immediately - false
04-20 20:21:20.810 17470 17527 I MicroDetectionState: Should stop hotword detection immediately - false
04-20 20:21:20.812 17470 17527 I MicroDetectionState: Should stop hotword detection immediately - false
04-20 20:21:20.819 17470 17527 I MicroDetectionWorker: #startMicroDetector [speakerMode: 0]
04-20 20:21:20.826   865  1219 D APM_AudioPolicyManager: stopOutput() output 13, stream 1, session 209
04-20 20:21:20.835 17470 17527 I AudioController: Created new AudioSource
04-20 20:21:20.841 17470 17598 I MicroDataManager: isInitializing-false locale not changed-true model not changed-true
04-20 20:21:20.842 17470 17598 I MicroDataManager: Already initialized, obtaining the hotword data immediately.
04-20 20:21:20.853 17470 30794 I MicroRecognitionRunner: Starting detection.
04-20 20:21:20.855 17470 30794 I InputStreamUtils: Using micInputStream
04-20 20:21:20.856 17470 24625 I MicrophoneInputStream: mic_starting  SR : 16000 CC : 16 SO : 1999
04-20 20:21:20.862   806   880 V msm8974_platform: platform_check_input_mask: enter check_input_mask source 6 mask 10
04-20 20:21:20.862   806   880 V msm8974_platform: platform_check_input_mask: enter check_input_mask source 6 mask 10
04-20 20:21:20.863   865 30796 I AudioFlinger: AudioFlinger's thread 0xa5f4acc0 tid=30796 ready to run
04-20 20:21:20.869   865   865 D APM_AudioPolicyManager: startInput input:102, session:217, source 1999)
04-20 20:21:20.871   806   880 D audio_hw_primary: in_set_parameters: enter: kvpairs=bottom=;input_source=6;routing=-2147483644
04-20 20:21:20.874 17470 24625 I MicrophoneInputStream: mic_started  SR : 16000 CC : 16 SO : 1999
04-20 20:21:20.874  1741  2809 I AudioService.RecordingActivityMonitor: rec update riid:191 uid:10123 session:217 src:HOTWORD pack:com.google.android.googlequicksearchbox
04-20 20:21:20.877   806 30797 V msm8974_platform: platform_update_usecase_from_source: input source :6
04-20 20:21:20.877   806 30797 V msm8974_platform: platform_check_input_mask: enter check_input_mask source 6 mask 10
04-20 20:21:20.877   806 30797 V msm8974_platform: platform_get_input_snd_device: enter: out_device(0) in_device(0x4) channel_count (1) channel_mask (0x10)
04-20 20:21:20.877   806 30797 V msm8974_platform: platform_get_input_snd_device: exit: in_snd_device(voice-rec-mic)
04-20 20:21:20.877   806 30797 V msm8974_platform: platform_get_backend_index:napb: backend port - 6 device - 136 
04-20 20:21:20.877   806 30797 V msm8974_platform: platform_check_and_set_capture_backend_cfg:txbecf: afe: bitwidth 0, samplerate 0, channel 1, backend_idx 6 usecase = 10 device (voice-rec-mic)
04-20 20:21:20.877   806 30797 V msm8974_platform: platform_check_capture_backend_cfg:txbecf: afe: Codec selected backend: 6 current bit width: 0 and sample rate: 0, channels 1
04-20 20:21:20.877   806 30797 V msm8974_platform: platform_check_capture_backend_cfg:txbecf: afe: Codec selected backend: 6 updated bit width: 0 and sample rate: 0
04-20 20:21:20.877   806 30797 I msm8974_platform: platform_check_capture_backend_cfg:txbecf: afe: Codec backend needs to be updated. new bit width: 0 new sample rate: 0 new channel: 1
04-20 20:21:20.877   806 30797 V msm8974_platform: platform_get_backend_index:napb: backend port - 6 device - 136 
04-20 20:21:20.877   806 30797 V msm8974_platform: platform_set_backend_cfg:becf: afe: bitwidth 0, samplerate 0 channels 1, backend_idx 6 device (voice-rec-mic)
04-20 20:21:20.878   806 30797 E msm8974_platform: platform_set_backend_cfg:becf: afe: Could not get ctl for mixer command - SLIM_0_TX Format
04-20 20:21:20.878   806 30797 V msm8974_platform: platform_check_backends_match: snd_device1 = voice-rec-mic, snd_device2 = vi-feedback
04-20 20:21:20.878   806 30797 V msm8974_platform: platform_check_backends_match: be_itf1 = SLIMBUS_0_TX, be_itf2 = SLIMBUS_0_RX
04-20 20:21:20.878   806 30797 V msm8974_platform: platform_send_audio_calibration: sending audio calibration for snd_device(136) acdb_id(62)
04-20 20:21:20.878   806 30797 D ACDB-LOADER: ACDB -> send_audio_cal, acdb_id = 62, path = 1, app id = 0x11130, sample rate = 48000, afe_sample_rate = 48000
04-20 20:21:20.878   806 30797 D ACDB-LOADER: ACDB -> send_asm_topology
04-20 20:21:20.878   806 30797 D ACDB-LOADER: ACDB -> ACDB_CMD_GET_AUDPROC_STREAM_TOPOLOGY_ID
04-20 20:21:20.878   806 30797 D ACDB-LOADER: ACDB -> send_adm_topology
04-20 20:21:20.878   806 30797 D ACDB-LOADER: ACDB -> ACDB_CMD_GET_AUDPROC_COMMON_TOPOLOGY_ID
04-20 20:21:20.878   806 30797 D ACDB-LOADER: ACDB -> send_audtable
04-20 20:21:20.878   806 30797 D ACDB-LOADER: ACDB -> ACDB_CMD_GET_AUDPROC_COMMON_TABLE_SIZE
04-20 20:21:20.878   806 30797 D ACDB-LOADER: ACDB -> ACDB_CMD_GET_AUDPROC_COMMON_TABLE
04-20 20:21:20.878   806 30797 D ACDB-LOADER: ACDB -> AUDIO_SET_AUDPROC_CAL cal_type[11] acdb_id[62] app_type[69936]
04-20 20:21:20.878   806 30797 D ACDB-LOADER: ACDB -> ACDB_CMD_GET_AUDPROC_STREAM_TABLE_SIZE
04-20 20:21:20.878   806 30797 D ACDB-LOADER: ACDB -> send_audstrmtable
04-20 20:21:20.878   806 30797 D ACDB-LOADER: ACDB -> ACDB_CMD_GET_AUDPROC_STREAM_TABLE_V2
04-20 20:21:20.878   806 30797 D ACDB-LOADER: ACDB -> audstrm_cal->cal_type.cal_data.cal_size = 16
04-20 20:21:20.878   806 30797 D ACDB-LOADER: ACDB -> send_afe_topology
04-20 20:21:20.878   806 30797 D ACDB-LOADER: ACDB -> ACDB_CMD_GET_AFE_TOPOLOGY_ID
04-20 20:21:20.878   806 30797 D ACDB-LOADER: ACDB -> GET_AFE_TOPOLOGY_ID for adcd_id 62, Topology Id 112fb
04-20 20:21:20.878   806 30797 D ACDB-LOADER: ACDB -> send_afe_cal
04-20 20:21:20.878   806 30797 D ACDB-LOADER: ACDB -> ACDB_CMD_GET_AFE_COMMON_TABLE_SIZE
04-20 20:21:20.878   806 30797 D         : Failed to fetch the lookup information of the device 0000003E 
04-20 20:21:20.878   806 30797 D ACDB-LOADER: Error: ACDB_CMD_GET_AFE_COMMON_TABLE_SIZE Returned = -19
04-20 20:21:20.878   806 30797 D ACDB-LOADER: ACDB -> ACDB_CMD_GET_AFE_COMMON_TABLE
04-20 20:21:20.878   806 30797 D         : Failed to fetch the lookup information of the device 0000003E 
04-20 20:21:20.878   806 30797 D ACDB-LOADER: Error: ACDB AFE returned = -19
04-20 20:21:20.878   806 30797 D ACDB-LOADER: ACDB -> AUDIO_SET_AFE_CAL cal_type[17] acdb_id[62]
04-20 20:21:20.878   806 30797 D ACDB-LOADER: ACDB -> send_hw_delay : acdb_id = 62 path = 1
04-20 20:21:20.878   806 30797 D ACDB-LOADER: ACDB -> ACDB_AVSYNC_INFO: ACDB_CMD_GET_DEVICE_PROPERTY
04-20 20:21:20.878   806 30797 D audio_hw_primary: enable_snd_device: snd_device(136: voice-rec-mic)
04-20 20:21:20.878   806 30797 D audio_route: Apply path: voice-rec-mic
04-20 20:21:20.881   806 30797 V msm8974_platform: platform_get_snd_device_backend_index: enter with device 136
04-20 20:21:20.881   806 30797 V msm8974_platform: platform_get_backend_index:napb: backend port - 6 device - 136 
04-20 20:21:20.881   806 30797 I audio_hw_utils: Set Audio Stream Capture 0 App Type Cfg: app_type 69936, acdb_dev_id 62, sample_rate 48000, snd_device_be_idx 3
04-20 20:21:20.881   806 30797 D audio_hw_primary: enable_audio_route: usecase(10) apply and update mixer path: audio-record
04-20 20:21:20.881   806 30797 D audio_route: Apply path: audio-record
04-20 20:21:20.935 17470 30794 W SpeechLevelGenerator: Really low audio levels detected. The audio input may have issues.
04-20 20:21:20.936 17470 17527 I MicroDetectionWorker: onReady
04-20 20:21:21.261  7312  7312 D MCLOG   : [MC_Service] onStartcommand()
04-20 20:21:21.352   721  2360 I netd    : trafficSwapActiveStatsMap() <27.93ms>
04-20 20:21:21.356   721  2360 I netd    : tetherGetStats() <2.39ms>
04-20 20:21:21.412   721  2360 I netd    : trafficSwapActiveStatsMap() <30.35ms>
04-20 20:21:21.418   721  2360 I netd    : tetherGetStats() <3.34ms>
04-20 20:21:21.457  3275 30798 E MCINTLOG: [MC_BattStatsFactory] Adding uid 0
04-20 20:21:21.457  3275 30798 E MCINTLOG: [MC_BattStatsFactory] Adding uid 1000
04-20 20:21:21.457  3275 30798 E MCINTLOG: [MC_BattStatsFactory] Adding uid 1001
04-20 20:21:21.457  3275 30798 E MCINTLOG: [MC_BattStatsFactory] Adding uid 1002
04-20 20:21:21.457  3275 30798 E MCINTLOG: [MC_BattStatsFactory] Adding uid 1007
04-20 20:21:21.457  3275 30798 E MCINTLOG: [MC_BattStatsFactory] Adding uid 1010
04-20 20:21:21.457  3275 30798 E MCINTLOG: [MC_BattStatsFactory] Adding uid 1013
04-20 20:21:21.457  3275 30798 E MCINTLOG: [MC_BattStatsFactory] Adding uid 1020
04-20 20:21:21.457  3275 30798 E MCINTLOG: [MC_BattStatsFactory] Adding uid 1021
04-20 20:21:21.457  3275 30798 E MCINTLOG: [MC_BattStatsFactory] Adding uid 1036
04-20 20:21:21.457  3275 30798 E MCINTLOG: [MC_BattStatsFactory] Adding uid 1040
04-20 20:21:21.457  3275 30798 E MCINTLOG: [MC_BattStatsFactory] Adding uid 1041
04-20 20:21:21.457  3275 30798 E MCINTLOG: [MC_BattStatsFactory] Adding uid 1046
04-20 20:21:21.457  3275 30798 E MCINTLOG: [MC_BattStatsFactory] Adding uid 1047
04-20 20:21:21.457  3275 30798 E MCINTLOG: [MC_BattStatsFactory] Adding uid 1051
04-20 20:21:21.457  3275 30798 E MCINTLOG: [MC_BattStatsFactory] Adding uid 1053
04-20 20:21:21.457  3275 30798 E MCINTLOG: [MC_BattStatsFactory] Adding uid 1066
