04-20 10:20:14.729  1565  4166 I chatty  : uid=1000(system) Binder:1565_18 expire 14 lines
04-20 10:20:25.505  1565  4842 I chatty  : uid=1000(system) Binder:1565_1F expire 11 lines
04-20 10:20:58.522  1565  1676 I chatty  : uid=1000(system) batterystats-wo expire 14 lines
04-20 10:30:05.089  1565  3555 I chatty  : uid=1000(system) Binder:1565_11 expire 1 line
04-20 10:37:34.661  1565  2180 I chatty  : uid=1000(system) Binder:1565_8 expire 15 lines
04-20 10:37:35.322  1565  3557 I chatty  : uid=1000(system) Binder:1565_13 expire 8 lines
04-20 10:37:37.327  1565 21051 I chatty  : uid=1000 system_server expire 1 line
04-20 10:39:00.206  1565  4295 I chatty  : uid=1000(system) Binder:1565_1C expire 18 lines
04-20 10:39:19.126  1565  4841 I chatty  : uid=1000(system) Binder:1565_1E expire 2 lines
04-20 10:40:56.083  1565  4138 I chatty  : uid=1000(system) Binder:1565_17 expire 1 line
04-20 10:41:49.724 29255 29318 I AlwaysOnHotwordDetector: onDetected
04-20 10:42:32.409  1565  1909 I chatty  : uid=1000(system) ConnectivitySer expire 12 lines
04-20 10:44:33.145  1565  1676 I chatty  : uid=1000(system) batterystats-wo expire 4 lines
04-20 10:44:41.731  1565  3557 I chatty  : uid=1000(system) Binder:1565_13 expire 17 lines
04-20 10:44:41.842  1565  4166 I chatty  : uid=1000(system) Binder:1565_18 expire 23 lines
04-20 10:44:42.065  1565  2784 I chatty  : uid=1000(system) Binder:1565_A expire 26 lines
04-20 10:44:42.613  1565  1657 I chatty  : uid=1000(system) ActivityManager expire 11 lines
04-20 10:44:42.800  1565  1909 I chatty  : uid=1000(system) ConnectivitySer expire 22 lines
04-20 10:44:42.929  1565  4460 I chatty  : uid=1000(system) Binder:1565_1D expire 1 line
04-20 10:44:43.208  1565  1898 I chatty  : uid=1000(system) NetworkPolicy expire 7 lines
04-20 10:44:43.283  1565  2168 I chatty  : uid=1000(system) Binder:1565_7 expire 15 lines
04-20 10:44:50.790  1565  2180 I chatty  : uid=1000(system) Binder:1565_8 expire 10 lines
04-20 10:45:13.197  1565  1659 I chatty  : uid=1000(system) ActivityManager expire 2 lines
04-20 10:45:43.182  1565  4138 I chatty  : uid=1000(system) Binder:1565_17 expire 8 lines
04-20 10:45:43.297  1565  3519 I chatty  : uid=1000(system) Binder:1565_E expire 7 lines
04-20 10:45:43.740  1565  2167 I chatty  : uid=1000(system) Binder:1565_6 expire 12 lines
04-20 10:45:46.594  1565  1565 I chatty  : uid=1000 system_server expire 17 lines
04-20 10:46:14.313  1565  1587 I chatty  : uid=1000(system) Binder:1565_1 expire 3 lines
04-20 10:49:32.241 29255 29318 I AlwaysOnHotwordDetector: onDetected
04-20 10:50:35.178  1565  2167 I chatty  : uid=1000(system) Binder:1565_6 expire 1 line
04-20 10:54:36.077  1565  4166 I chatty  : uid=1000(system) Binder:1565_18 expire 2 lines
04-20 10:54:36.271  1565  1656 I chatty  : uid=1000(system) android.bg expire 2 lines
04-20 10:54:36.277  1565  2784 I chatty  : uid=1000(system) Binder:1565_A expire 2 lines
04-20 10:54:36.624  1565  4851 I chatty  : uid=1000(system) Binder:1565_20 expire 1 line
04-20 10:54:37.267  1565  1565 I chatty  : uid=1000 system_server expire 19 lines
04-20 10:54:37.438  1565  1657 I chatty  : uid=1000(system) ActivityManager expire 10 lines
04-20 10:54:37.818  1565  4166 I chatty  : uid=1000(system) Binder:1565_18 expire 1 line
04-20 10:54:39.146  1565  1659 I chatty  : uid=1000(system) ActivityManager expire 4 lines
04-20 10:54:40.399  1565  4292 I chatty  : uid=1000(system) Binder:1565_1A expire 7 lines
04-20 10:54:40.400  1565  1909 I chatty  : uid=1000(system) ConnectivitySer expire 5 lines
04-20 10:56:02.131  1565  2180 I chatty  : uid=1000(system) Binder:1565_8 expire 4 lines
04-20 10:56:13.062 29255 21910 I AlwaysOnHotwordDetector: onDetected
04-20 10:56:18.007  1565  1565 I chatty  : uid=1000 system_server expire 3 lines
04-20 10:56:18.010 29255 21910 I AlwaysOnHotwordDetector: onDetected
04-20 10:56:19.463  1565  4138 I chatty  : uid=1000(system) Binder:1565_17 expire 1 line
04-20 10:56:19.890  1565  2784 I chatty  : uid=1000(system) Binder:1565_A expire 4 lines
04-20 10:58:37.147  1565  1587 I chatty  : uid=1000(system) Binder:1565_1 expire 13 lines
04-20 11:01:12.746  1565  2167 I chatty  : uid=1000(system) Binder:1565_6 expire 5 lines
04-20 11:01:37.110  1565  1676 I chatty  : uid=1000(system) batterystats-wo expire 1 line
04-20 11:01:43.825  1565  3556 I chatty  : uid=1000(system) Binder:1565_12 expire 16 lines
04-20 11:02:14.646  1565  4136 I chatty  : uid=1000(system) Binder:1565_16 expire 12 lines
04-20 11:02:14.754  1565  3557 I chatty  : uid=1000(system) Binder:1565_13 expire 23 lines
04-20 11:02:14.977  1565  4841 I chatty  : uid=1000(system) Binder:1565_1E expire 8 lines
04-20 11:02:15.091  1565  3519 I chatty  : uid=1000(system) Binder:1565_E expire 21 lines
04-20 11:02:49.414  1565  1709 I chatty  : uid=1000(system) PowerManagerSer expire 7 lines
04-20 11:02:49.451  1565  1638 I chatty  : uid=1000(system) android.display expire 2 lines
04-20 11:02:50.403  1565  2183 I chatty  : uid=1000(system) Binder:1565_9 expire 20 lines
04-20 11:02:59.938 29255 29318 I AlwaysOnHotwordDetector: onDetected
04-20 11:03:00.024  1565  1587 I chatty  : uid=1000(system) Binder:1565_1 expire 4 lines
04-20 11:03:00.687  1565  3519 I chatty  : uid=1000(system) Binder:1565_E expire 4 lines
04-20 11:03:00.798  1565  3556 I chatty  : uid=1000(system) Binder:1565_12 expire 4 lines
04-20 11:03:02.014  1565  3519 I chatty  : uid=1000(system) Binder:1565_E expire 20 lines
04-20 11:03:02.130  1565  2183 I chatty  : uid=1000(system) Binder:1565_9 expire 12 lines
04-20 11:03:02.470  1565  3557 I chatty  : uid=1000(system) Binder:1565_13 expire 23 lines
04-20 11:03:03.371  1565  4136 I chatty  : uid=1000(system) Binder:1565_16 expire 15 lines
04-20 11:03:03.487  1565  1587 I chatty  : uid=1000(system) Binder:1565_1 expire 32 lines
04-20 11:03:15.075  1565  1565 I chatty  : uid=1000 system_server expire 22 lines
04-20 11:04:46.568  1565  3522 I chatty  : uid=1000(system) Binder:1565_F expire 14 lines
04-20 11:04:48.207  1565  1657 I chatty  : uid=1000(system) ActivityManager expire 3 lines
04-20 11:05:01.055  1565  1635 I chatty  : uid=1000(system) android.ui expire 1 line
04-20 11:09:51.110  1565  1676 I chatty  : uid=1000(system) batterystats-wo expire 7 lines
04-20 11:09:57.979  1565  4841 I chatty  : uid=1000(system) Binder:1565_1E expire 6 lines
04-20 11:10:39.330  1565  1659 I chatty  : uid=1000(system) ActivityManager expire 8 lines
04-20 11:10:40.202  1565  1909 I chatty  : uid=1000(system) ConnectivitySer expire 19 lines
04-20 11:10:43.924  1565  1634 I chatty  : uid=1000(system) android.fg expire 4 lines
04-20 11:20:05.471 29255 29318 I AlwaysOnHotwordDetector: onDetected
04-20 11:20:06.841  1565  1587 I chatty  : uid=1000(system) Binder:1565_1 expire 1 line
04-20 11:20:16.034  1565  3557 I chatty  : uid=1000(system) Binder:1565_13 expire 2 lines
04-20 11:25:06.209  1565  1898 I chatty  : uid=1000(system) NetworkPolicy expire 2 lines
04-20 11:25:07.669  1565  4293 I chatty  : uid=1000(system) Binder:1565_1B expire 3 lines
04-20 11:25:07.723  1565  4138 I chatty  : uid=1000(system) Binder:1565_17 expire 6 lines
04-20 11:25:07.723  1565  1909 I chatty  : uid=1000(system) ConnectivitySer expire 3 lines
04-20 11:25:16.215  1565  1565 I chatty  : uid=1000 system_server expire 2 lines
04-20 11:25:16.335  1565  4136 I chatty  : uid=1000(system) Binder:1565_16 expire 2 lines
04-20 11:25:16.347  1565  4166 I chatty  : uid=1000(system) Binder:1565_18 expire 1 line
04-20 11:25:16.352  1565  2183 I chatty  : uid=1000(system) Binder:1565_9 expire 1 line
04-20 11:25:17.661  1565  1588 I chatty  : uid=1000(system) Binder:1565_2 expire 2 lines
04-20 11:25:50.431 29255 21910 I AlwaysOnHotwordDetector: onDetected
04-20 11:26:39.182  1565  1565 I chatty  : uid=1000 system_server expire 19 lines
04-20 11:26:39.554  1565  1709 I chatty  : uid=1000(system) PowerManagerSer expire 12 lines
04-20 11:26:39.595  1565  1638 I chatty  : uid=1000(system) android.display expire 3 lines
04-20 11:26:39.717  1565  1909 I chatty  : uid=1000(system) ConnectivitySer expire 5 lines
04-20 11:27:22.758 29255 21910 I AlwaysOnHotwordDetector: onDetected
04-20 11:27:23.621  1565  1676 I chatty  : uid=1000(system) batterystats-wo expire 2 lines
04-20 11:27:24.283  1565  4138 I chatty  : uid=1000(system) Binder:1565_17 expire 2 lines
04-20 11:27:26.381 29255 29318 I AlwaysOnHotwordDetector: onDetected
04-20 11:31:02.167  1565  1657 I chatty  : uid=1000(system) ActivityManager expire 18 lines
04-20 11:31:02.168  1565  1659 I chatty  : uid=1000(system) ActivityManager expire 13 lines
04-20 11:31:07.973  1565  2168 I chatty  : uid=1000(system) Binder:1565_7 expire 22 lines
04-20 11:31:30.768 29255 21910 I AlwaysOnHotwordDetector: onDetected
04-20 11:31:32.023  1565  4166 I chatty  : uid=1000(system) Binder:1565_18 expire 1 line
04-20 11:31:32.024 29255 29255 W AlwaysOnHotwordDetector: startRecognition() failed with error code -2147483648
04-20 11:31:33.164 29255 27051 I AlwaysOnHotwordDetector: onError: -32
04-20 11:31:34.397  1565  1837 I chatty  : uid=1000(system) Binder:1565_3 expire 22 lines
04-20 11:32:10.877  1565  3557 I chatty  : uid=1000(system) Binder:1565_13 expire 4 lines
04-20 11:32:33.252  1565  4842 I chatty  : uid=1000(system) Binder:1565_1F expire 16 lines
04-20 11:32:33.979  1565  4286 I chatty  : uid=1000(system) Binder:1565_19 expire 10 lines
04-20 11:32:34.150  1565  3512 I chatty  : uid=1000(system) Binder:1565_B expire 4 lines
04-20 11:32:42.018  1565  1635 I chatty  : uid=1000(system) android.ui expire 1 line
04-20 11:32:47.971  1565  4851 I chatty  : uid=1000(system) Binder:1565_20 expire 8 lines
04-20 11:32:48.046  1565  3522 I chatty  : uid=1000(system) Binder:1565_F expire 10 lines
04-20 11:32:48.288  1565  2183 I chatty  : uid=1000(system) Binder:1565_9 expire 8 lines
04-20 11:32:51.402  1565  2784 I chatty  : uid=1000(system) Binder:1565_A expire 1 line
04-20 11:33:23.041  1565  1634 I chatty  : uid=1000(system) android.fg expire 3 lines
04-20 11:33:23.137  1565  3552 I chatty  : uid=1000(system) Binder:1565_10 expire 5 lines
04-20 11:33:23.152  1565  1909 I chatty  : uid=1000(system) ConnectivitySer expire 12 lines
04-20 11:33:25.977  1565  1657 I chatty  : uid=1000(system) ActivityManager expire 10 lines
04-20 11:33:32.591  1565  1709 I chatty  : uid=1000(system) PowerManagerSer expire 8 lines
04-20 11:33:35.210  1565  1638 I chatty  : uid=1000(system) android.display expire 1 line
04-20 11:33:35.408  1565  1634 I chatty  : uid=1000(system) android.fg expire 1 line
04-20 11:33:35.725  1565  4295 I chatty  : uid=1000(system) Binder:1565_1C expire 5 lines
04-20 11:33:36.106  1565  1837 I chatty  : uid=1000(system) Binder:1565_3 expire 1 line
04-20 11:33:38.387  1565  3512 I chatty  : uid=1000(system) Binder:1565_B expire 3 lines
04-20 11:34:35.816  1565  3522 I chatty  : uid=1000(system) Binder:1565_F expire 7 lines
04-20 11:35:21.151  1565  1635 I chatty  : uid=1000(system) android.ui expire 1 line
04-20 11:36:14.249  1565  1565 I chatty  : uid=1000 system_server expire 4 lines
04-20 11:36:14.250 29255 21910 I AlwaysOnHotwordDetector: onDetected
04-20 11:36:15.626  1565  4851 I chatty  : uid=1000(system) Binder:1565_20 expire 10 lines
04-20 11:36:17.494  1565  2183 I chatty  : uid=1000(system) Binder:1565_9 expire 10 lines
04-20 11:36:49.627 29255 21910 I AlwaysOnHotwordDetector: onDetected
04-20 11:36:51.011  1565  3557 I chatty  : uid=1000(system) Binder:1565_13 expire 8 lines
04-20 11:37:23.435 29255 21910 I AlwaysOnHotwordDetector: onDetected
04-20 11:37:23.506  1565  2784 I chatty  : uid=1000(system) Binder:1565_A expire 5 lines
04-20 11:37:30.548  1565  1659 I chatty  : uid=1000(system) ActivityManager expire 11 lines
04-20 11:37:30.942  1565  4057 I chatty  : uid=1000(system) Binder:1565_15 expire 2 lines
04-20 11:37:40.492  1565  2180 I chatty  : uid=1000(system) Binder:1565_8 expire 4 lines
04-20 11:38:13.794  1565  1587 I chatty  : uid=1000(system) Binder:1565_1 expire 1 line
04-20 11:38:14.246  1565  1588 I chatty  : uid=1000(system) Binder:1565_2 expire 7 lines
04-20 11:38:14.259  1221  1221 I wificond: Pno scan started for frequencies: 2412, 2417, 2422, 2427, 2437, 2452, 2462, 5180, 5200, 5220, 5240, 5260, 5280, 5300, 5500, 5540, 5660, 5680, 5720, 5745, 5765, 5785, 5805, 
04-20 11:38:14.287  1565  4460 I chatty  : uid=1000(system) Binder:1565_1D expire 2 lines
04-20 11:38:14.314  1565  1898 I chatty  : uid=1000(system) NetworkPolicy expire 13 lines
04-20 11:38:14.335  1565  1909 I chatty  : uid=1000(system) ConnectivitySer expire 28 lines
04-20 11:38:14.343   926   986 E NetlinkEvent: NetlinkEvent::FindParam(): Parameter 'INTERFACE' not found
04-20 11:38:14.343   926   986 E NetlinkEvent: NetlinkEvent::FindParam(): Parameter 'STATE' not found
04-20 11:38:14.343   926   986 E NetlinkEvent: NetlinkEvent::FindParam(): Parameter 'TIME_NS' not found
04-20 11:38:14.343   926   986 E NetlinkEvent: NetlinkEvent::FindParam(): Parameter 'UID' not found
04-20 11:38:14.370  1565  4136 I chatty  : uid=1000(system) Binder:1565_16 expire 1 line
04-20 11:38:14.370  1565  4138 I chatty  : uid=1000(system) Binder:1565_17 expire 4 lines
04-20 11:38:14.370  1565  4293 I chatty  : uid=1000(system) Binder:1565_1B expire 1 line
04-20 11:38:14.371  1565  3519 I chatty  : uid=1000(system) Binder:1565_E expire 1 line
04-20 11:38:14.373  1565  2168 I chatty  : uid=1000(system) Binder:1565_7 expire 1 line
04-20 11:38:14.628  1565  4292 I chatty  : uid=1000(system) Binder:1565_1A expire 1 line
04-20 11:38:15.080  1221  1221 I wificond: Pno scan result ready event
04-20 11:38:15.161  1221  1221 W wificond: Unexpected pno scan stopped event
04-20 11:38:15.187  1004  1004 D vendor.google.wifi_ext@1.0-service-vendor: Successfully SetMacAddress.
04-20 11:38:15.193  1221  1221 W wificond: Scan is not started. Ignore abort request
04-20 11:38:15.232  1565  1657 I chatty  : uid=1000(system) ActivityManager expire 13 lines
04-20 11:38:15.296  1565  1901 I chatty  : uid=1000(system) WifiHandlerThre expire 1 line
04-20 11:38:15.297  1221  1221 W wificond: No pno scan started
04-20 11:38:15.297  1221  1221 W wificond: Scheduled scan is not running!
04-20 11:38:15.678  1565  4166 I chatty  : uid=1000(system) Binder:1565_18 expire 1 line
04-20 11:38:16.578  1565  1926 I chatty  : uid=1000(system) ConnectivityThr expire 1 line
04-20 11:38:21.544  1565  1909 I chatty  : uid=1000(system) ConnectivitySer expire 7 lines
04-20 11:38:21.547  1565  1657 I chatty  : uid=1000(system) ActivityManager expire 16 lines
04-20 11:38:21.558  1565  2014 I chatty  : uid=1000(system) Binder:1565_5 expire 12 lines
04-20 11:38:21.567  1221  1221 I wificond: Pno scan started for frequencies: 2412, 2417, 2422, 2427, 2437, 2452, 2462, 5180, 5200, 5220, 5240, 5260, 5280, 5300, 5500, 5540, 5660, 5680, 5720, 5745, 5785, 5805, 
04-20 11:38:21.595  1565  1898 I chatty  : uid=1000(system) NetworkPolicy expire 3 lines
04-20 11:38:23.080  1565  4842 I chatty  : uid=1000(system) Binder:1565_1F expire 11 lines
04-20 11:38:30.234  1565  1588 I chatty  : uid=1000(system) Binder:1565_2 expire 10 lines
04-20 11:38:42.070  1565  4138 I chatty  : uid=1000(system) Binder:1565_17 expire 11 lines
04-20 11:39:34.083  1565  1709 I chatty  : uid=1000(system) PowerManagerSer expire 6 lines
04-20 11:39:34.132  1565  1638 I chatty  : uid=1000(system) android.display expire 6 lines
04-20 11:39:34.151  1221  1221 I wificond: Pno scan stopped
04-20 11:39:34.163  1565  3522 I chatty  : uid=1000(system) Binder:1565_F expire 10 lines
04-20 11:39:34.288  1565  1634 I chatty  : uid=1000(system) android.fg expire 3 lines
04-20 11:39:34.340  1565  3557 I chatty  : uid=1000(system) Binder:1565_13 expire 3 lines
04-20 11:39:34.489  1565  3512 I chatty  : uid=1000(system) Binder:1565_B expire 6 lines
04-20 11:39:36.411  1565  1565 I chatty  : uid=1000 system_server expire 10 lines
04-20 11:39:38.089  1565  4295 I chatty  : uid=1000(system) Binder:1565_1C expire 1 line
04-20 11:39:38.719  1565  3517 I chatty  : uid=1000(system) Binder:1565_D expire 3 lines
04-20 11:39:38.789  1565  1659 I chatty  : uid=1000(system) ActivityManager expire 10 lines
04-20 11:39:40.650  1565  4851 I chatty  : uid=1000(system) Binder:1565_20 expire 6 lines
04-20 11:39:42.650  1565  4841 I chatty  : uid=1000(system) Binder:1565_1E expire 9 lines
04-20 11:39:49.934  1565  4292 I chatty  : uid=1000(system) Binder:1565_1A expire 16 lines
04-20 11:39:51.051  1565  1838 I chatty  : uid=1000(system) Binder:1565_4 expire 1 line
04-20 11:39:54.072  1565  4136 I chatty  : uid=1000(system) Binder:1565_16 expire 7 lines
04-20 11:39:54.934  1565  1639 I chatty  : uid=1000(system) android.anim expire 4 lines
04-20 11:39:55.668  1565  2180 I chatty  : uid=1000(system) Binder:1565_8 expire 3 lines
04-20 11:39:59.830  1565  1656 I chatty  : uid=1000(system) android.bg expire 1 line
04-20 11:40:00.042  1565  4057 I chatty  : uid=1000(system) Binder:1565_15 expire 10 lines
04-20 11:40:13.425 29255 21910 I AlwaysOnHotwordDetector: onDetected
04-20 11:40:16.004  1565  4138 I chatty  : uid=1000(system) Binder:1565_17 expire 6 lines
04-20 11:40:26.228  1565  1565 I chatty  : uid=1000 system_server expire 12 lines
04-20 11:40:26.229 29255 21910 I AlwaysOnHotwordDetector: onDetected
04-20 11:40:26.773  1565  4286 I chatty  : uid=1000(system) Binder:1565_19 expire 22 lines
04-20 11:40:27.420  1565  3512 I chatty  : uid=1000(system) Binder:1565_B expire 22 lines
04-20 11:40:28.618  1565  3517 I chatty  : uid=1000(system) Binder:1565_D expire 11 lines
04-20 11:41:05.457  1565  4295 I chatty  : uid=1000(system) Binder:1565_1C expire 6 lines
04-20 11:41:07.455  1565  1909 I chatty  : uid=1000(system) ConnectivitySer expire 5 lines
04-20 11:41:20.792  1565  1657 I chatty  : uid=1000(system) ActivityManager expire 1 line
04-20 11:41:20.792  1565  1659 I chatty  : uid=1000(system) ActivityManager expire 2 lines
04-20 11:41:21.897  1565  4851 I chatty  : uid=1000(system) Binder:1565_20 expire 4 lines
04-20 11:41:21.898  1565  2014 I chatty  : uid=1000(system) Binder:1565_5 expire 2 lines
04-20 11:41:21.898  1565  4293 I chatty  : uid=1000(system) Binder:1565_1B expire 2 lines
04-20 11:41:21.898  1565  4842 I chatty  : uid=1000(system) Binder:1565_1F expire 1 line
04-20 11:41:21.898  1565  2180 I chatty  : uid=1000(system) Binder:1565_8 expire 1 line
04-20 11:41:21.900  1565  3522 I chatty  : uid=1000(system) Binder:1565_F expire 10 lines
04-20 11:41:23.377  1565  3556 I chatty  : uid=1000(system) Binder:1565_12 expire 10 lines
04-20 11:41:25.493  1565  1838 I chatty  : uid=1000(system) Binder:1565_4 expire 1 line
04-20 11:41:26.655  1565  1639 I chatty  : uid=1000(system) android.anim expire 13 lines
04-20 11:41:26.670  1565  1638 I chatty  : uid=1000(system) android.display expire 22 lines
04-20 11:41:27.536  1565  4057 I chatty  : uid=1000(system) Binder:1565_15 expire 2 lines
04-20 11:41:29.093  1565  1588 I chatty  : uid=1000(system) Binder:1565_2 expire 6 lines
04-20 11:41:41.530  1565  2183 I chatty  : uid=1000(system) Binder:1565_9 expire 6 lines
04-20 11:41:57.450  1565  2167 I chatty  : uid=1000(system) Binder:1565_6 expire 4 lines
04-20 11:42:05.615  1565  1880 I chatty  : uid=1000(system) InputReader expire 2 lines
04-20 11:42:05.637  1565  1587 I chatty  : uid=1000(system) Binder:1565_1 expire 1 line
04-20 11:42:06.103  1565  1709 I chatty  : uid=1000(system) PowerManagerSer expire 6 lines
04-20 11:42:06.359  1565  1634 I chatty  : uid=1000(system) android.fg expire 1 line
04-20 11:42:06.537  1221  1221 I wificond: Pno scan started for frequencies: 2412, 2417, 2422, 2427, 2437, 2452, 2462, 5180, 5200, 5220, 5240, 5260, 5280, 5300, 5500, 5540, 5660, 5680, 5720, 5745, 5785, 5805, 
04-20 11:42:06.557  1565  4460 I chatty  : uid=1000(system) Binder:1565_1D expire 2 lines
04-20 11:42:06.652  1565  1638 I chatty  : uid=1000(system) android.display expire 7 lines
04-20 11:42:07.006  1565  3522 I chatty  : uid=1000(system) Binder:1565_F expire 7 lines
04-20 11:42:07.085  1565  4841 I chatty  : uid=1000(system) Binder:1565_1E expire 9 lines
04-20 11:42:35.189  1221  1221 I wificond: Pno scan stopped
04-20 11:42:35.198  1221  1221 I wificond: Pno scan started for frequencies: 2412, 2417, 2422, 2427, 2437, 2452, 2462, 5180, 5200, 5220, 5240, 5260, 5280, 5300, 5500, 5540, 5660, 5680, 5720, 5745, 5785, 5805, 
04-20 11:42:51.072  1565  1656 I chatty  : uid=1000(system) android.bg expire 1 line
04-20 11:43:14.070  1565  2183 I chatty  : uid=1000(system) Binder:1565_9 expire 5 lines
04-20 11:43:39.813  1565  3522 I chatty  : uid=1000(system) Binder:1565_F expire 11 lines
04-20 11:43:43.706  1565  1909 I chatty  : uid=1000(system) ConnectivitySer expire 16 lines
04-20 11:43:43.707  1565  1837 I chatty  : uid=1000(system) Binder:1565_3 expire 7 lines
04-20 11:43:44.683  1565  4841 I chatty  : uid=1000(system) Binder:1565_1E expire 14 lines
04-20 11:43:45.874  1565  2167 I chatty  : uid=1000(system) Binder:1565_6 expire 7 lines
04-20 11:44:46.070  1565  4460 I chatty  : uid=1000(system) Binder:1565_1D expire 6 lines
04-20 11:45:14.077  1565  1659 I chatty  : uid=1000(system) ActivityManager expire 2 lines
04-20 11:45:14.235  1565  1657 I chatty  : uid=1000(system) ActivityManager expire 20 lines
04-20 11:46:19.020  1565  1676 I chatty  : uid=1000(system) batterystats-wo expire 1 line
04-20 11:46:19.264  1565  4295 I chatty  : uid=1000(system) Binder:1565_1C expire 10 lines
04-20 11:47:15.804  1565  3517 I chatty  : uid=1000(system) Binder:1565_D expire 10 lines
04-20 11:47:16.129  1565  4057 I chatty  : uid=1000(system) Binder:1565_15 expire 18 lines
04-20 11:47:16.146  1221  1221 I wificond: Pno scan result ready event
04-20 11:47:16.164  1221  1221 I wificond: Pno scan stopped
04-20 11:47:16.172  1221  1221 I wificond: Pno scan started for frequencies: 2412, 2417, 2422, 2427, 2437, 2452, 2462, 5180, 5200, 5220, 5240, 5260, 5280, 5300, 5500, 5540, 5660, 5680, 5720, 5745, 5765, 5785, 5805, 
04-20 11:47:16.238  1565  4841 I chatty  : uid=1000(system) Binder:1565_1E expire 10 lines
04-20 11:47:16.379  1565  3522 I chatty  : uid=1000(system) Binder:1565_F expire 10 lines
04-20 11:47:36.343  1221  1221 I wificond: Pno scan stopped
04-20 11:47:36.355  1221  1221 I wificond: Pno scan started for frequencies: 2412, 2417, 2422, 2427, 2437, 2452, 2462, 5180, 5200, 5220, 5240, 5260, 5280, 5300, 5500, 5540, 5660, 5680, 5720, 5745, 5765, 5785, 5805, 
04-20 11:47:37.097  1221  1221 I wificond: Pno scan result ready event
04-20 11:47:37.133  1565  4841 I chatty  : uid=1000(system) Binder:1565_1E expire 7 lines
04-20 11:47:37.222  1221  1221 W wificond: Unexpected pno scan stopped event
04-20 11:47:37.245  1565  3522 I chatty  : uid=1000(system) Binder:1565_F expire 2 lines
04-20 11:47:37.260  1004  1004 D vendor.google.wifi_ext@1.0-service-vendor: Successfully SetMacAddress.
04-20 11:47:37.266  1221  1221 W wificond: Scan is not started. Ignore abort request
04-20 11:47:37.521  1221  1221 W wificond: No pno scan started
04-20 11:47:37.522  1221  1221 W wificond: Scheduled scan is not running!
04-20 11:47:37.523  1565  1901 I chatty  : uid=1000(system) WifiHandlerThre expire 1 line
04-20 11:47:37.682  1565  1898 I chatty  : uid=1000(system) NetworkPolicy expire 7 lines
04-20 11:47:37.963  1565  1926 I chatty  : uid=1000(system) ConnectivityThr expire 1 line
04-20 11:47:38.232   926   986 E NetlinkEvent: NetlinkEvent::FindParam(): Parameter 'INTERFACE' not found
04-20 11:47:38.232   926   986 E NetlinkEvent: NetlinkEvent::FindParam(): Parameter 'STATE' not found
04-20 11:47:38.232   926   986 E NetlinkEvent: NetlinkEvent::FindParam(): Parameter 'TIME_NS' not found
04-20 11:47:38.232   926   986 E NetlinkEvent: NetlinkEvent::FindParam(): Parameter 'UID' not found
04-20 11:47:38.270  1565  1909 I chatty  : uid=1000(system) ConnectivitySer expire 6 lines
04-20 11:47:38.313  1565  4295 I chatty  : uid=1000(system) Binder:1565_1C expire 1 line
04-20 11:47:38.386  1565  3556 I chatty  : uid=1000(system) Binder:1565_12 expire 1 line
04-20 11:47:38.386  1565  3513 I chatty  : uid=1000(system) Binder:1565_C expire 1 line
04-20 11:47:38.397  1565  3557 I chatty  : uid=1000(system) Binder:1565_13 expire 1 line
04-20 11:47:38.405  1565  3555 I chatty  : uid=1000(system) Binder:1565_11 expire 4 lines
04-20 11:47:38.428  1565  4166 I chatty  : uid=1000(system) Binder:1565_18 expire 1 line
04-20 11:47:38.436  1565  1634 I chatty  : uid=1000(system) android.fg expire 1 line
04-20 11:47:38.499  1004  1004 I vendor.google.wifi_ext@1.0-service-vendor: Wifi: Reseting SAR Scenario to default
04-20 11:47:38.560  1565  2168 I chatty  : uid=1000(system) Binder:1565_7 expire 13 lines
04-20 11:47:38.665  1565  3512 I chatty  : uid=1000(system) Binder:1565_B expire 43 lines
04-20 11:47:41.959  1565  2168 I chatty  : uid=1000(system) Binder:1565_7 expire 34 lines
04-20 11:47:43.066  1565  3555 I chatty  : uid=1000(system) Binder:1565_11 expire 40 lines
04-20 11:47:49.512  1565  3522 I chatty  : uid=1000(system) Binder:1565_F expire 2 lines
04-20 11:48:09.059  1565  1909 I chatty  : uid=1000(system) ConnectivitySer expire 1 line
04-20 11:48:09.094  1565  1587 I chatty  : uid=1000(system) Binder:1565_1 expire 13 lines
04-20 11:48:41.245  1565  3519 I chatty  : uid=1000(system) Binder:1565_E expire 20 lines
04-20 11:48:50.511  1565  1565 I chatty  : uid=1000 system_server expire 3 lines
04-20 11:48:50.512 29255 27051 I AlwaysOnHotwordDetector: onDetected
04-20 11:48:51.906  1565  1837 I chatty  : uid=1000(system) Binder:1565_3 expire 12 lines
04-20 11:50:26.076  1565  1656 I chatty  : uid=1000(system) android.bg expire 24 lines
04-20 11:50:36.164  1565  1657 I chatty  : uid=1000(system) ActivityManager expire 6 lines
04-20 11:50:39.591  1565  4057 I chatty  : uid=1000(system) Binder:1565_15 expire 29 lines
04-20 11:52:23.665  1565  1635 I chatty  : uid=1000(system) android.ui expire 1 line
04-20 11:52:42.201  1565  1898 I chatty  : uid=1000(system) NetworkPolicy expire 2 lines
04-20 11:56:45.045  1565  3512 I chatty  : uid=1000(system) Binder:1565_B expire 6 lines
04-20 11:57:47.218  1565  1676 I chatty  : uid=1000(system) batterystats-wo expire 6 lines
04-20 11:58:25.102  1565  1657 I chatty  : uid=1000(system) ActivityManager expire 32 lines
04-20 12:00:49.065  1565  1837 I chatty  : uid=1000(system) Binder:1565_3 expire 11 lines
04-20 12:00:49.176  1565  3555 I chatty  : uid=1000(system) Binder:1565_11 expire 3 lines
04-20 12:00:49.192  1565  4057 I chatty  : uid=1000(system) Binder:1565_15 expire 4 lines
04-20 12:00:49.193  1565  3519 I chatty  : uid=1000(system) Binder:1565_E expire 3 lines
04-20 12:00:49.633  1565  2168 I chatty  : uid=1000(system) Binder:1565_7 expire 4 lines
04-20 12:00:49.939  1565  1565 I chatty  : uid=1000 system_server expire 55 lines
04-20 12:00:50.200  1565  1659 I chatty  : uid=1000(system) ActivityManager expire 10 lines
04-20 12:00:50.212  1565  1909 I chatty  : uid=1000(system) ConnectivitySer expire 10 lines
04-20 12:00:52.225  1565  1973 I chatty  : uid=1000(system) SyncManager expire 1 line
04-20 12:02:08.036  1565  1587 I chatty  : uid=1000(system) Binder:1565_1 expire 1 line
04-20 12:04:26.927  1565  1656 I chatty  : uid=1000(system) android.bg expire 3 lines
04-20 12:05:07.105  1565  2167 I chatty  : uid=1000(system) Binder:1565_6 expire 12 lines
04-20 12:05:07.145  1565  4295 I chatty  : uid=1000(system) Binder:1565_1C expire 1 line
04-20 12:05:07.196  1565  4292 I chatty  : uid=1000(system) Binder:1565_1A expire 7 lines
04-20 12:06:18.278  1565  2180 I chatty  : uid=1000(system) Binder:1565_8 expire 2 lines
04-20 12:06:29.900  1565  3513 I chatty  : uid=1000(system) Binder:1565_C expire 12 lines
04-20 12:09:08.494  1565  1635 I chatty  : uid=1000(system) android.ui expire 1 line
04-20 12:17:20.551  1565  4851 I chatty  : uid=1000(system) Binder:1565_20 expire 5 lines
04-20 12:23:01.169  1565  1709 I chatty  : uid=1000(system) PowerManagerSer expire 20 lines
04-20 12:23:01.234  1565  1638 I chatty  : uid=1000(system) android.display expire 6 lines
04-20 12:23:01.450  1565  1634 I chatty  : uid=1000(system) android.fg expire 7 lines
04-20 12:23:12.047  1565  4286 I chatty  : uid=1000(system) Binder:1565_19 expire 3 lines
04-20 12:23:12.585  1565  4293 I chatty  : uid=1000(system) Binder:1565_1B expire 4 lines
04-20 12:23:18.824  1565  1588 I chatty  : uid=1000(system) Binder:1565_2 expire 1 line
04-20 12:23:18.965  1565  1639 I chatty  : uid=1000(system) android.anim expire 3 lines
04-20 12:23:19.957  1565  4057 I chatty  : uid=1000(system) Binder:1565_15 expire 2 lines
04-20 12:23:19.970  1565  1838 I chatty  : uid=1000(system) Binder:1565_4 expire 3 lines
04-20 12:23:19.986  1565  4292 I chatty  : uid=1000(system) Binder:1565_1A expire 5 lines
04-20 12:23:19.987  1565  1659 I chatty  : uid=1000(system) ActivityManager expire 15 lines
04-20 12:23:20.702  1565  2167 I chatty  : uid=1000(system) Binder:1565_6 expire 4 lines
04-20 12:23:20.706  1565  1657 I chatty  : uid=1000(system) ActivityManager expire 59 lines
04-20 12:23:21.062  1565  1909 I chatty  : uid=1000(system) ConnectivitySer expire 136 lines
04-20 12:23:21.198  1565  4295 I chatty  : uid=1000(system) Binder:1565_1C expire 2 lines
04-20 12:23:21.387  1565  1898 I chatty  : uid=1000(system) NetworkPolicy expire 2 lines
04-20 12:23:22.989  1565  1635 I chatty  : uid=1000(system) android.ui expire 1 line
04-20 12:23:22.995  1565  1565 I chatty  : uid=1000 system_server expire 14 lines
04-20 12:23:23.923  1565  1638 I chatty  : uid=1000(system) android.display expire 5 lines
04-20 12:23:24.921  1565  3519 I chatty  : uid=1000(system) Binder:1565_E expire 2 lines
04-20 12:23:25.210  1565  4851 I chatty  : uid=1000(system) Binder:1565_20 expire 1 line
04-20 12:23:25.277  1565  2168 I chatty  : uid=1000(system) Binder:1565_7 expire 5 lines
04-20 12:23:46.112  1565  3512 I chatty  : uid=1000(system) Binder:1565_B expire 5 lines
04-20 12:23:46.443  1565  4138 I chatty  : uid=1000(system) Binder:1565_17 expire 2 lines
04-20 12:23:47.230  1565  4136 I chatty  : uid=1000(system) Binder:1565_16 expire 3 lines
04-20 12:23:47.406  1565  2180 I chatty  : uid=1000(system) Binder:1565_8 expire 17 lines
04-20 12:24:00.023  1565  2183 I chatty  : uid=1000(system) Binder:1565_9 expire 10 lines
04-20 12:29:47.520  1565  2180 I chatty  : uid=1000(system) Binder:1565_8 expire 1 line
04-20 12:29:47.747  1565  1909 I chatty  : uid=1000(system) ConnectivitySer expire 160 lines
04-20 12:30:00.012  1565  2168 I chatty  : uid=1000(system) Binder:1565_7 expire 1 line
04-20 12:30:10.353  1565  1657 I chatty  : uid=1000(system) ActivityManager expire 78 lines
04-20 12:30:12.087  1565  4057 I chatty  : uid=1000(system) Binder:1565_15 expire 5 lines
04-20 12:30:12.087  1565  1659 I chatty  : uid=1000(system) ActivityManager expire 8 lines
04-20 12:30:13.017  1565  1565 I chatty  : uid=1000 system_server expire 25 lines
04-20 12:32:00.013  1565  4292 I chatty  : uid=1000(system) Binder:1565_1A expire 6 lines
04-20 12:32:00.585  1565  1898 I chatty  : uid=1000(system) NetworkPolicy expire 1 line
04-20 12:32:22.372  1565  1872 I chatty  : uid=1000(system) AlarmManager expire 2 lines
04-20 12:34:00.026  1565  1588 I chatty  : uid=1000(system) Binder:1565_2 expire 1 line
04-20 12:35:10.657  1565  3557 I chatty  : uid=1000(system) Binder:1565_13 expire 2 lines
04-20 12:35:45.293  1565  3512 I chatty  : uid=1000(system) Binder:1565_B expire 4 lines
04-20 12:35:47.516  1565  4851 I chatty  : uid=1000(system) Binder:1565_20 expire 2 lines
04-20 12:35:49.566  1565  1656 I chatty  : uid=1000(system) android.bg expire 1 line
04-20 12:37:39.011  1565  1909 I chatty  : uid=1000(system) ConnectivitySer expire 73 lines
04-20 12:37:42.021  1565  1657 I chatty  : uid=1000(system) ActivityManager expire 26 lines
04-20 12:37:52.820  1565  3517 I chatty  : uid=1000(system) Binder:1565_D expire 6 lines
04-20 12:37:52.821  1565  4136 I chatty  : uid=1000(system) Binder:1565_16 expire 6 lines
04-20 12:38:00.034  1565  4057 I chatty  : uid=1000(system) Binder:1565_15 expire 7 lines
04-20 12:40:24.800  1565  2183 I chatty  : uid=1000(system) Binder:1565_9 expire 8 lines
04-20 12:40:26.102  1565  2167 I chatty  : uid=1000(system) Binder:1565_6 expire 1 line
04-20 12:40:26.127  1565  1638 I chatty  : uid=1000(system) android.display expire 14 lines
04-20 12:40:26.630  1565  1659 I chatty  : uid=1000(system) ActivityManager expire 21 lines
04-20 12:40:26.909  1565  4841 I chatty  : uid=1000(system) Binder:1565_1E expire 1 line
04-20 12:40:27.143  1565  3556 I chatty  : uid=1000(system) Binder:1565_12 expire 2 lines
04-20 12:40:27.143  1565  4460 I chatty  : uid=1000(system) Binder:1565_1D expire 6 lines
04-20 12:40:27.264  1565  3557 I chatty  : uid=1000(system) Binder:1565_13 expire 1 line
04-20 12:40:27.265  1565  3522 I chatty  : uid=1000(system) Binder:1565_F expire 2 lines
04-20 12:40:27.265  1565  1588 I chatty  : uid=1000(system) Binder:1565_2 expire 1 line
04-20 12:40:27.578  1565  1639 I chatty  : uid=1000(system) android.anim expire 2 lines
04-20 12:40:28.639  1565  2784 I chatty  : uid=1000(system) Binder:1565_A expire 4 lines
04-20 12:40:28.864  1565  3512 I chatty  : uid=1000(system) Binder:1565_B expire 7 lines
04-20 12:40:29.229  1565  4851 I chatty  : uid=1000(system) Binder:1565_20 expire 3 lines
04-20 12:40:43.882  1565  2180 I chatty  : uid=1000(system) Binder:1565_8 expire 1 line
04-20 12:40:43.909  1565  1587 I chatty  : uid=1000(system) Binder:1565_1 expire 1 line
04-20 12:40:43.910  1565  4166 I chatty  : uid=1000(system) Binder:1565_18 expire 4 lines
04-20 12:40:43.913  1565  4286 I chatty  : uid=1000(system) Binder:1565_19 expire 1 line
04-20 12:40:46.386  1565  3555 I chatty  : uid=1000(system) Binder:1565_11 expire 2 lines
04-20 12:40:46.666 28621 28621 D ActivityThread: Loading provider contacts;com.android.contacts: com.android.providers.contacts.ContactsProvider2
04-20 12:40:49.274  1565  1909 I chatty  : uid=1000(system) ConnectivitySer expire 26 lines
04-20 12:40:55.075  1565  1565 I chatty  : uid=1000 system_server expire 2 lines
04-20 12:40:55.309  1565  1657 I chatty  : uid=1000(system) ActivityManager expire 8 lines
04-20 12:41:04.117  1565  1659 I chatty  : uid=1000(system) ActivityManager expire 4 lines
04-20 12:41:05.048  1565  4295 I chatty  : uid=1000(system) Binder:1565_1C expire 2 lines
04-20 12:41:05.349  1565  4842 I chatty  : uid=1000(system) Binder:1565_1F expire 1 line
04-20 12:41:06.508  1565  2014 I chatty  : uid=1000(system) Binder:1565_5 expire 2 lines
04-20 12:41:59.117  1565  1909 I chatty  : uid=1000(system) ConnectivitySer expire 11 lines
04-20 12:42:00.066  1565  4841 I chatty  : uid=1000(system) Binder:1565_1E expire 3 lines
04-20 12:42:07.052  1565  1657 I chatty  : uid=1000(system) ActivityManager expire 19 lines
04-20 12:42:07.053  1565  1659 I chatty  : uid=1000(system) ActivityManager expire 43 lines
04-20 12:42:14.444  1565  4460 I chatty  : uid=1000(system) Binder:1565_1D expire 5 lines
04-20 12:42:14.625  1565  4136 I chatty  : uid=1000(system) Binder:1565_16 expire 12 lines
04-20 12:42:23.983 29006 29327 E ActivityThread: Failed to find provider info for com.facebook.appmanager.firstparty.crashreporter
04-20 12:42:26.385  1565  1909 I chatty  : uid=1000(system) ConnectivitySer expire 41 lines
04-20 12:42:31.158  1565  3522 I chatty  : uid=1000(system) Binder:1565_F expire 2 lines
04-20 12:42:50.035  1565  1898 I chatty  : uid=1000(system) NetworkPolicy expire 2 lines
04-20 12:42:59.240  1565  1638 I chatty  : uid=1000(system) android.display expire 8 lines
04-20 12:43:09.056  1565  2180 I chatty  : uid=1000(system) Binder:1565_8 expire 1 line
04-20 12:43:19.303  1565  1635 I chatty  : uid=1000(system) android.ui expire 1 line
04-20 12:43:19.410  1565  1639 I chatty  : uid=1000(system) android.anim expire 1 line
04-20 12:43:21.380  1565  4851 I chatty  : uid=1000(system) Binder:1565_20 expire 5 lines
04-20 12:43:22.160  1565  3519 I chatty  : uid=1000(system) Binder:1565_E expire 1 line
04-20 12:43:26.355  1565  2168 I chatty  : uid=1000(system) Binder:1565_7 expire 1 line
04-20 12:43:26.385  1565  4057 I chatty  : uid=1000(system) Binder:1565_15 expire 2 lines
04-20 12:43:26.416  1565  3512 I chatty  : uid=1000(system) Binder:1565_B expire 3 lines
04-20 12:43:26.888  1565  1587 I chatty  : uid=1000(system) Binder:1565_1 expire 10 lines
04-20 12:43:26.921  1565  2167 I chatty  : uid=1000(system) Binder:1565_6 expire 8 lines
04-20 12:43:28.737  1565  1838 I chatty  : uid=1000(system) Binder:1565_4 expire 1 line
04-20 12:43:35.590  1565  3555 I chatty  : uid=1000(system) Binder:1565_11 expire 5 lines
04-20 12:43:38.670  1565  1676 I chatty  : uid=1000(system) batterystats-wo expire 2 lines
04-20 12:43:39.361  1565  4842 I chatty  : uid=1000(system) Binder:1565_1F expire 9 lines
04-20 12:43:40.873  1565  4286 I chatty  : uid=1000(system) Binder:1565_19 expire 2 lines
04-20 12:43:47.409  1565  3517 I chatty  : uid=1000(system) Binder:1565_D expire 1 line
04-20 12:43:47.410  1565  1909 I chatty  : uid=1000(system) ConnectivitySer expire 35 lines
04-20 12:43:47.795  1565  3519 I chatty  : uid=1000(system) Binder:1565_E expire 5 lines
04-20 12:43:47.802  1565  4057 I chatty  : uid=1000(system) Binder:1565_15 expire 1 line
04-20 12:43:47.803  1565  2784 I chatty  : uid=1000(system) Binder:1565_A expire 4 lines
04-20 12:43:47.804  1565  4136 I chatty  : uid=1000(system) Binder:1565_16 expire 3 lines
04-20 12:43:47.810  1565  1587 I chatty  : uid=1000(system) Binder:1565_1 expire 8 lines
04-20 12:43:47.819  1565  1638 I chatty  : uid=1000(system) android.display expire 7 lines
04-20 12:43:49.991  1565  1898 I chatty  : uid=1000(system) NetworkPolicy expire 5 lines
04-20 12:43:52.289  1565  2180 I chatty  : uid=1000(system) Binder:1565_8 expire 2 lines
04-20 12:43:52.290  1565  1659 I chatty  : uid=1000(system) ActivityManager expire 24 lines
04-20 12:44:16.659  1565  4286 I chatty  : uid=1000(system) Binder:1565_19 expire 1 line
04-20 12:44:16.825  1565  1639 I chatty  : uid=1000(system) android.anim expire 1 line
04-20 12:44:18.728  1565  2167 I chatty  : uid=1000(system) Binder:1565_6 expire 1 line
04-20 12:44:18.728  1565  2014 I chatty  : uid=1000(system) Binder:1565_5 expire 1 line
04-20 12:44:18.998  1565  1657 I chatty  : uid=1000(system) ActivityManager expire 12 lines
04-20 12:44:19.534  1565  3552 I chatty  : uid=1000(system) Binder:1565_10 expire 2 lines
04-20 12:44:23.135  1565  3513 I chatty  : uid=1000(system) Binder:1565_C expire 10 lines
04-20 12:44:23.343  1565  4842 I chatty  : uid=1000(system) Binder:1565_1F expire 8 lines
04-20 12:44:23.377  1565  1676 I chatty  : uid=1000(system) batterystats-wo expire 12 lines
04-20 12:44:23.516  1565  3555 I chatty  : uid=1000(system) Binder:1565_11 expire 8 lines
04-20 12:44:45.773  1565  1565 I chatty  : uid=1000 system_server expire 7 lines
04-20 12:44:53.531 30849 31107 E ActivityThread: Failed to find provider info for com.facebook.appmanager.firstparty.crashreporter
04-20 12:44:53.549  1565  1659 I chatty  : uid=1000(system) ActivityManager expire 14 lines
04-20 12:44:54.532  1565  1909 I chatty  : uid=1000(system) ConnectivitySer expire 59 lines
04-20 12:46:00.045  1565  3513 I chatty  : uid=1000(system) Binder:1565_C expire 8 lines
04-20 12:47:32.050  1565  3519 I chatty  : uid=1000(system) Binder:1565_E expire 10 lines
04-20 12:47:32.505  1565  3555 I chatty  : uid=1000(system) Binder:1565_11 expire 2 lines
04-20 12:47:32.505  1565  1909 I chatty  : uid=1000(system) ConnectivitySer expire 94 lines
04-20 12:47:47.730  1565  4851 I chatty  : uid=1000(system) Binder:1565_20 expire 3 lines
04-20 12:47:47.758  1565  4842 I chatty  : uid=1000(system) Binder:1565_1F expire 2 lines
04-20 12:48:00.807  1565  1898 I chatty  : uid=1000(system) NetworkPolicy expire 2 lines
04-20 12:49:09.839  1565  1676 I chatty  : uid=1000(system) batterystats-wo expire 13 lines
04-20 12:49:09.955  1565  1565 I chatty  : uid=1000 system_server expire 15 lines
04-20 12:49:09.956  1565  1659 I chatty  : uid=1000(system) ActivityManager expire 16 lines
04-20 12:49:42.344  1565  1657 I chatty  : uid=1000(system) ActivityManager expire 11 lines
04-20 12:50:00.023  1565  1587 I chatty  : uid=1000(system) Binder:1565_1 expire 2 lines
04-20 12:52:00.013  1565  4292 I chatty  : uid=1000(system) Binder:1565_1A expire 6 lines
04-20 12:52:02.357  1565  1880 I chatty  : uid=1000(system) InputReader expire 2 lines
04-20 12:52:02.994  1565  1709 I chatty  : uid=1000(system) PowerManagerSer expire 6 lines
04-20 12:52:03.088  1565  1638 I chatty  : uid=1000(system) android.display expire 9 lines
04-20 12:52:03.273  1565  1634 I chatty  : uid=1000(system) android.fg expire 1 line
04-20 12:52:03.942  1565  3556 I chatty  : uid=1000(system) Binder:1565_12 expire 10 lines
04-20 12:52:19.839  1565  2446 I chatty  : uid=1000(system) BluetoothRouteM expire 3 lines
04-20 12:52:19.849  1565  2448 I chatty  : uid=1000(system) uteStateMachine expire 22 lines
04-20 12:52:20.532  1565  4136 I chatty  : uid=1000(system) Binder:1565_16 expire 6 lines
04-20 12:52:23.501 32699 32699 E ActivityThread: Failed to find provider info for com.samsung.android.mdx.windowslink.Tile.Provider
04-20 12:52:23.547  1565  1909 I chatty  : uid=1000(system) ConnectivitySer expire 3 lines
04-20 12:52:23.592 32699   321 E ActivityThread: Failed to find provider info for com.microsoft.yourphonecompanion.contentprovider.featureoverride
04-20 12:52:23.718 32699   321 E ActivityThread: Failed to find provider info for com.microsoft.yourphonecompanion.contentprovider.featureoverride
04-20 12:52:24.173  1565  2784 I chatty  : uid=1000(system) Binder:1565_A expire 3 lines
04-20 12:52:24.283  1565  3556 I chatty  : uid=1000(system) Binder:1565_12 expire 1 line
04-20 12:52:24.974  1565  1659 I chatty  : uid=1000(system) ActivityManager expire 2 lines
04-20 12:52:25.720  1565  1657 I chatty  : uid=1000(system) ActivityManager expire 3 lines
04-20 12:52:31.153  1565  1565 I chatty  : uid=1000 system_server expire 2 lines
04-20 12:52:31.604  1565  2168 I chatty  : uid=1000(system) Binder:1565_7 expire 2 lines
04-20 12:52:31.609  1565  2448 I chatty  : uid=1000(system) uteStateMachine expire 22 lines
04-20 12:52:31.698  1565  1565 I chatty  : uid=1000 system_server expire 13 lines
04-20 12:52:33.951  1565  2446 I chatty  : uid=1000(system) BluetoothRouteM expire 1 line
04-20 12:52:34.011  1565  4851 I chatty  : uid=1000(system) Binder:1565_20 expire 17 lines
04-20 12:52:34.151  1565  1657 I chatty  : uid=1000(system) ActivityManager expire 3 lines
04-20 12:52:37.259  1565  4292 I chatty  : uid=1000(system) Binder:1565_1A expire 17 lines
04-20 12:52:39.475  1565  3552 I chatty  : uid=1000(system) Binder:1565_10 expire 21 lines
04-20 12:52:40.473  1565  1587 I chatty  : uid=1000(system) Binder:1565_1 expire 7 lines
04-20 12:53:02.566  1565  1659 I chatty  : uid=1000(system) ActivityManager expire 17 lines
04-20 12:53:06.901  1565  1909 I chatty  : uid=1000(system) ConnectivitySer expire 5 lines
04-20 12:53:16.818  1565  1898 I chatty  : uid=1000(system) NetworkPolicy expire 1 line
04-20 12:53:27.075  1565  2784 I chatty  : uid=1000(system) Binder:1565_A expire 13 lines
04-20 12:53:56.339  1565  3519 I chatty  : uid=1000(system) Binder:1565_E expire 17 lines
04-20 12:54:52.517  1565  3555 I chatty  : uid=1000(system) Binder:1565_11 expire 22 lines
04-20 12:55:58.116  1565  1656 I chatty  : uid=1000(system) android.bg expire 1 line
04-20 12:58:04.337  1565  3519 I chatty  : uid=1000(system) Binder:1565_E expire 8 lines
04-20 12:58:11.125  1565  1565 I chatty  : uid=1000 system_server expire 15 lines
04-20 12:58:30.379  1565  2784 I chatty  : uid=1000(system) Binder:1565_A expire 9 lines
04-20 12:58:33.563  1565  3555 I chatty  : uid=1000(system) Binder:1565_11 expire 4 lines
04-20 12:59:00.762  1565  1676 I chatty  : uid=1000(system) batterystats-wo expire 1 line
04-20 12:59:01.115  1565  1657 I chatty  : uid=1000(system) ActivityManager expire 17 lines
04-20 12:59:01.748  1565  3552 I chatty  : uid=1000(system) Binder:1565_10 expire 6 lines
04-20 12:59:01.756  1565  2446 I chatty  : uid=1000(system) BluetoothRouteM expire 1 line
04-20 12:59:01.776  1565  2448 I chatty  : uid=1000(system) uteStateMachine expire 10 lines
04-20 12:59:01.832  1565  4292 I chatty  : uid=1000(system) Binder:1565_1A expire 4 lines
04-20 12:59:08.030  1565  4851 I chatty  : uid=1000(system) Binder:1565_20 expire 6 lines
04-20 12:59:14.923  1565  1709 I chatty  : uid=1000(system) PowerManagerSer expire 6 lines
04-20 12:59:14.990  1565  1638 I chatty  : uid=1000(system) android.display expire 2 lines
04-20 12:59:15.162  1565  1659 I chatty  : uid=1000(system) ActivityManager expire 6 lines
04-20 12:59:15.249  1565  1634 I chatty  : uid=1000(system) android.fg expire 3 lines
04-20 12:59:15.332  1565  1587 I chatty  : uid=1000(system) Binder:1565_1 expire 5 lines
04-20 12:59:15.332  1565  3513 I chatty  : uid=1000(system) Binder:1565_C expire 1 line
04-20 12:59:15.334  1565  1909 I chatty  : uid=1000(system) ConnectivitySer expire 14 lines
04-20 12:59:15.334  1565  2168 I chatty  : uid=1000(system) Binder:1565_7 expire 6 lines
04-20 12:59:15.395  1565  1639 I chatty  : uid=1000(system) android.anim expire 1 line
04-20 12:59:15.697  1565  1588 I chatty  : uid=1000(system) Binder:1565_2 expire 2 lines
04-20 12:59:17.784  1565  2183 I chatty  : uid=1000(system) Binder:1565_9 expire 4 lines
04-20 12:59:18.081  1565  1837 I chatty  : uid=1000(system) Binder:1565_3 expire 5 lines
04-20 12:59:19.441  1565  4295 I chatty  : uid=1000(system) Binder:1565_1C expire 3 lines
04-20 12:59:20.119  1565  3512 I chatty  : uid=1000(system) Binder:1565_B expire 1 line
04-20 12:59:20.904  1565  4136 I chatty  : uid=1000(system) Binder:1565_16 expire 13 lines
04-20 12:59:21.772  1565  3556 I chatty  : uid=1000(system) Binder:1565_12 expire 16 lines
04-20 12:59:24.577  1565  4138 I chatty  : uid=1000(system) Binder:1565_17 expire 2 lines
04-20 12:59:36.235  1565  1909 I chatty  : uid=1000(system) ConnectivitySer expire 63 lines
04-20 12:59:37.256  1565  4293 I chatty  : uid=1000(system) Binder:1565_1B expire 4 lines
04-20 12:59:38.296  1565  3556 I chatty  : uid=1000(system) Binder:1565_12 expire 2 lines
04-20 12:59:39.251  1565  1657 I chatty  : uid=1000(system) ActivityManager expire 34 lines
04-20 12:59:41.301  1565  2168 I chatty  : uid=1000(system) Binder:1565_7 expire 2 lines
04-20 12:59:41.422  1565  3557 I chatty  : uid=1000(system) Binder:1565_13 expire 3 lines
04-20 12:59:41.690  1004  1004 D vendor.google.wifi_ext@1.0-service-vendor: Successfully SetMacAddress.
04-20 12:59:41.706  1221  1221 W wificond: Scan is not started. Ignore abort request
04-20 12:59:41.841  1565  4136 I chatty  : uid=1000(system) Binder:1565_16 expire 2 lines
04-20 12:59:41.851  1565  1898 I chatty  : uid=1000(system) NetworkPolicy expire 15 lines
04-20 12:59:41.859  1565  2183 I chatty  : uid=1000(system) Binder:1565_9 expire 4 lines
04-20 12:59:41.888   926   986 E NetlinkEvent: NetlinkEvent::FindParam(): Parameter 'INTERFACE' not found
04-20 12:59:41.888   926   986 E NetlinkEvent: NetlinkEvent::FindParam(): Parameter 'STATE' not found
04-20 12:59:41.888   926   986 E NetlinkEvent: NetlinkEvent::FindParam(): Parameter 'TIME_NS' not found
04-20 12:59:41.888   926   986 E NetlinkEvent: NetlinkEvent::FindParam(): Parameter 'UID' not found
04-20 12:59:41.963  1565  1901 I chatty  : uid=1000(system) WifiHandlerThre expire 1 line
04-20 12:59:41.992  1565  3512 I chatty  : uid=1000(system) Binder:1565_B expire 2 lines
04-20 12:59:42.075  1565  1659 I chatty  : uid=1000(system) ActivityManager expire 3 lines
04-20 12:59:42.117  1565  4166 I chatty  : uid=1000(system) Binder:1565_18 expire 3 lines
04-20 12:59:42.420  1565  1565 I chatty  : uid=1000 system_server expire 4 lines
04-20 12:59:42.729   926   986 E NetlinkEvent: NetlinkEvent::FindParam(): Parameter 'INTERFACE' not found
04-20 12:59:42.729   926   986 E NetlinkEvent: NetlinkEvent::FindParam(): Parameter 'STATE' not found
04-20 12:59:42.729   926   986 E NetlinkEvent: NetlinkEvent::FindParam(): Parameter 'TIME_NS' not found
04-20 12:59:42.729   926   986 E NetlinkEvent: NetlinkEvent::FindParam(): Parameter 'UID' not found
04-20 12:59:42.758  1565  1926 I chatty  : uid=1000(system) ConnectivityThr expire 1 line
04-20 12:59:42.771  1565  4050 I chatty  : uid=1000(system) Binder:1565_14 expire 1 line
04-20 12:59:42.836  1004  1004 I vendor.google.wifi_ext@1.0-service-vendor: Wifi: Reseting SAR Scenario to default
04-20 12:59:42.900  1565  3552 I chatty  : uid=1000(system) Binder:1565_10 expire 3 lines
04-20 12:59:43.432  1565  4851 I chatty  : uid=1000(system) Binder:1565_20 expire 3 lines
04-20 12:59:44.972  1565  2014 I chatty  : uid=1000(system) Binder:1565_5 expire 1 line
04-20 12:59:46.052  1565  1587 I chatty  : uid=1000(system) Binder:1565_1 expire 4 lines
04-20 12:59:48.255  1565  3519 I chatty  : uid=1000(system) Binder:1565_E expire 3 lines
04-20 12:59:53.923   926   986 E NetlinkEvent: NetlinkEvent::FindParam(): Parameter 'INTERFACE' not found
04-20 12:59:53.923   926   986 E NetlinkEvent: NetlinkEvent::FindParam(): Parameter 'STATE' not found
04-20 12:59:53.923   926   986 E NetlinkEvent: NetlinkEvent::FindParam(): Parameter 'TIME_NS' not found
04-20 12:59:53.923   926   986 E NetlinkEvent: NetlinkEvent::FindParam(): Parameter 'UID' not found
04-20 12:59:53.945  1565  1909 I chatty  : uid=1000(system) ConnectivitySer expire 8 lines
04-20 12:59:54.163  1565  1588 I chatty  : uid=1000(system) Binder:1565_2 expire 12 lines
04-20 13:00:01.481  1565  1838 I chatty  : uid=1000(system) Binder:1565_4 expire 24 lines
04-20 13:00:02.572  1565  4166 I chatty  : uid=1000(system) Binder:1565_18 expire 6 lines
04-20 13:00:03.203  1565  1909 I chatty  : uid=1000(system) ConnectivitySer expire 12 lines
04-20 13:00:09.250  1565  1657 I chatty  : uid=1000(system) ActivityManager expire 13 lines
04-20 13:00:11.414  1565  3552 I chatty  : uid=1000(system) Binder:1565_10 expire 5 lines
