04-20 20:21:22.233   809 13713 D ACDB-LOADER: ACDB -> GET_AFE_TOPOLOGY_ID for adcd_id 14, Topology Id 1000ff01
04-20 20:21:22.233   809 13713 D ACDB-LOADER: ACDB -> send_afe_cal
04-20 20:21:22.233   809 13713 D ACDB-LOADER: ACDB -> ACDB_CMD_GET_AFE_COMMON_TABLE_SIZE
04-20 20:21:22.233   809 13713 D ACDB-LOADER: ACDB -> ACDB_CMD_GET_AFE_COMMON_TABLE
04-20 20:21:22.234   809 13713 D ACDB-LOADER: ACDB -> AUDIO_SET_AFE_CAL cal_type[16] acdb_id[14]
04-20 20:21:22.234   809 13713 D ACDB-LOADER: ACDB -> send_hw_delay : acdb_id = 14 path = 0
04-20 20:21:22.234   809 13713 D ACDB-LOADER: ACDB -> ACDB_AVSYNC_INFO: ACDB_CMD_GET_DEVICE_PROPERTY
04-20 20:21:22.234   809 13713 V msm8974_platform: platform_send_audio_calibration: sending audio calibration for snd_device(158) acdb_id(102)
04-20 20:21:22.234  1746  1746 V SettingsProvider: Notifying for 0: content://settings/secure/reminder_exp_learning_time_elapsed
04-20 20:21:22.234   809 13713 D ACDB-LOADER: ACDB -> send_audio_cal, acdb_id = 102, path = 1, app id = 0x11130, sample rate = 48000, afe_sample_rate = 48000
04-20 20:21:22.234   809 13713 D ACDB-LOADER: ACDB -> send_asm_topology
04-20 20:21:22.234   809 13713 D ACDB-LOADER: ACDB -> ACDB_CMD_GET_AUDPROC_STREAM_TOPOLOGY_ID
04-20 20:21:22.234   809 13713 D ACDB-LOADER: ACDB -> send_adm_topology
04-20 20:21:22.234   809 13713 D ACDB-LOADER: ACDB -> ACDB_CMD_GET_AUDPROC_COMMON_TOPOLOGY_ID
04-20 20:21:22.234   809 13713 D ACDB-LOADER: ACDB -> send_audtable
04-20 20:21:22.234   809 13713 D ACDB-LOADER: ACDB -> ACDB_CMD_GET_AUDPROC_COMMON_TABLE_SIZE
04-20 20:21:22.234   809 13713 D ACDB-LOADER: ACDB -> ACDB_CMD_GET_AUDPROC_COMMON_TABLE
04-20 20:21:22.234   809 13713 D ACDB-LOADER: ACDB -> AUDIO_SET_AUDPROC_CAL cal_type[11] acdb_id[102] app_type[69936]
04-20 20:21:22.234   809 13713 D ACDB-LOADER: ACDB -> ACDB_CMD_GET_AUDPROC_STREAM_TABLE_SIZE
04-20 20:21:22.234   809 13713 D ACDB-LOADER: ACDB -> send_audstrmtable
04-20 20:21:22.234   809 13713 D ACDB-LOADER: ACDB -> ACDB_CMD_GET_AUDPROC_STREAM_TABLE_V2
04-20 20:21:22.234   809 13713 D ACDB-LOADER: ACDB -> audstrm_cal->cal_type.cal_data.cal_size = 16
04-20 20:21:22.234   809 13713 D ACDB-LOADER: ACDB -> send_afe_topology
04-20 20:21:22.234   809 13713 D ACDB-LOADER: ACDB -> ACDB_CMD_GET_AFE_TOPOLOGY_ID
04-20 20:21:22.234   809 13713 D ACDB-LOADER: ACDB -> GET_AFE_TOPOLOGY_ID for adcd_id 102, Topology Id 1000ff00
04-20 20:21:22.234   809 13713 D ACDB-LOADER: ACDB -> send_afe_cal
04-20 20:21:22.234   809 13713 D ACDB-LOADER: ACDB -> ACDB_CMD_GET_AFE_COMMON_TABLE_SIZE
04-20 20:21:22.234   809 13713 D ACDB-LOADER: ACDB -> ACDB_CMD_GET_AFE_COMMON_TABLE
04-20 20:21:22.234   809 13713 D ACDB-LOADER: ACDB -> AUDIO_SET_AFE_CAL cal_type[17] acdb_id[102]
04-20 20:21:22.234   809 13713 D ACDB-LOADER: ACDB -> send_hw_delay : acdb_id = 102 path = 1
04-20 20:21:22.234   809 13713 D ACDB-LOADER: ACDB -> ACDB_AVSYNC_INFO: ACDB_CMD_GET_DEVICE_PROPERTY
04-20 20:21:22.234   809 13713 D audio_hw_primary: enable_snd_device: snd_device(158: vi-feedback)
04-20 20:21:22.234   809 13713 D audio_route: Apply path: vi-feedback
04-20 20:21:22.234   809 13713 D audio_hw_primary: enable_audio_route: usecase(26) apply and update mixer path: spkr-vi-record
04-20 20:21:22.234   809 13713 D audio_route: Apply path: spkr-vi-record
04-20 20:21:22.236  2315  2315 D StatusBar: disable<e i a s b h!r!c s > disable2<q i n >
04-20 20:21:22.248   809 13713 D audio_hw_primary: enable_snd_device: snd_device(2: speaker)
04-20 20:21:22.248   809 13713 D audio_route: Apply path: speaker
04-20 20:21:22.248   809 13713 V msm8974_platform: platform_get_snd_device_backend_index: enter with device 2
04-20 20:21:22.249   809 13713 V msm8974_platform: platform_get_backend_index:napb: backend port - 0 device - 2 
04-20 20:21:22.249   809 13713 I audio_hw_utils: Set Audio Stream 12 App Type Cfg: app_type 69936, acdb_dev_id 14, sample_rate 48000, snd_device_be_idx 2
04-20 20:21:22.249   809 13713 D audio_hw_primary: enable_audio_route: usecase(1) apply and update mixer path: low-latency-playback speaker
04-20 20:21:22.249   809 13713 D audio_route: Apply path: low-latency-playback speaker
04-20 20:21:22.250   809  1483 D MotSpeakerHelper: Speaker ON: volume 0.500000 (step 12), usecase SAFE
04-20 20:21:22.256  1746  1770 I WindowManager:   SURFACE show Surface(name=com.motorola.launcher3/com.android.launcher3.CustomizationPanelLauncher)/@0x72b9168 on display:0: com.motorola.launcher3/com.android.launcher3.CustomizationPanelLauncher
04-20 20:21:22.257  2315  2315 D KeyguardUpdateMonitor: onKeyguardVisibilityChanged(false)
04-20 20:21:22.261  1746  1769 W UsageStatsService: Event reported without a package name, eventType:18
04-20 20:21:22.265  3355  3355 I GsaVoiceInteractionSrv: O received Intent { act=android.intent.action.USER_PRESENT flg=0x24200010 }
04-20 20:21:22.265   724   724 I netd    : firewallEnableChildChain(1, "false") <0.04ms>
04-20 20:21:22.266  1746  1776 W BroadcastQueue: Background execution not allowed: receiving Intent { act=android.intent.action.USER_PRESENT flg=0x24200010 } to com.android.chrome/org.chromium.chrome.browser.sharing.click_to_call.ClickToCallMessageHandler$PhoneUnlockedReceiver
04-20 20:21:22.266  1746  1776 W BroadcastQueue: Background execution not allowed: receiving Intent { act=android.intent.action.USER_PRESENT flg=0x24200010 } to com.google.android.gms/.auth.setup.devicesignals.LockScreenReceiver
04-20 20:21:22.266  1746  1776 W BroadcastQueue: Background execution not allowed: receiving Intent { act=android.intent.action.USER_PRESENT flg=0x24200010 } to com.google.android.gms/.chimera.GmsIntentOperationService$PersistentTrustedReceiver
04-20 20:21:22.266 20210 20210 D CmdCenter: - RowBuilder2: setUseWhiteRes useOrNot = true
04-20 20:21:22.274  1746  3407 V WindowManager: Changing focus from Window{6c10f2d u0 StatusBar} to Window{d40a2d0 u0 com.motorola.launcher3/com.android.launcher3.CustomizationPanelLauncher} displayId=0
04-20 20:21:22.277  2315  2315 W View    : requestLayout() improperly called by com.android.systemui.statusbar.HeadsUpStatusBarView{aa901f7 I.E...... ......ID 0,0-248,56 #7f0a01f7 app:id/heads_up_status_bar_view} during layout: running second layout pass
04-20 20:21:22.277  1746  2251 D ConnectivityService: Blocked status changed to false for 10179(103) on netId 100
04-20 20:21:22.277  1746  2251 D ConnectivityService: Blocked status changed to false for 10179(104) on netId 100
04-20 20:21:22.278 20210 20210 D CmdCenter: - RowWidgetUpdater2: the Min widget of widget[2] is 213
04-20 20:21:22.278  1746  2251 D ConnectivityService: Blocked status changed to false for 10120(72) on netId 100
04-20 20:21:22.278   809 13713 D audio_hw_primary: out_write: retry previous failed cal level set
04-20 20:21:22.279  1746  2251 D ConnectivityService: Blocked status changed to false for 10120(73) on netId 100
04-20 20:21:22.282 20210 20210 D CmdCenter: - RowWidgetUpdater2: 2cellWidth = 180 column is 3
04-20 20:21:22.282 20210 20210 D CmdCenter: - RowBuilder2: useWhiteRes=true -is 18-9?=true cellX= 3 grid=5
04-20 20:21:22.285  1746  2251 D ConnectivityService: Blocked status changed to false for 10130(69) on netId 100
04-20 20:21:22.293  1746  2251 D ConnectivityService: Blocked status changed to false for 10107(22) on netId 100
04-20 20:21:22.294  1746  2251 D ConnectivityService: Blocked status changed to false for 10107(23) on netId 100
04-20 20:21:22.318 17717 17771 W ThreadPoolDumper: Queue length for executor EventBus is now 11. Perhaps some tasks are too long, or the pool is too small.
04-20 20:21:22.320 20210 20210 D CmdCenter: - RowWeatherInitializer: Utils.getWeatherInfo return null.
04-20 20:21:22.326 20210 20210 D CmdCenter: - RowWidgetUpdater2: ->config = {1.0 ?mcc?mnc [en_US] ldltr sw411dp w411dp h812dp 280dpi nrml long port finger -keyb/v/h -nav/h winConfig={ mBounds=Rect(0, 0 - 720, 1520) mAppBounds=Rect(0, 56 - 720, 1478) mWindowingMode=fullscreen mDisplayWindowingMode=fullscreen mActivityType=undefined mAlwaysOnTop=undefined mRotation=ROTATION_0} s.42 ?spn ?gid}
04-20 20:21:22.327  2297  2578 I chatty  : uid=1002(bluetooth) BluetoothScanMa expire 19 lines
04-20 20:21:22.330 20210 20210 D CmdCenter: - RowWidgetUpdater2: ->config debug_dimens = 54
04-20 20:21:22.356 17717 17771 W WorkController: Loading failed for worker [trainingcache]: worker not found
04-20 20:21:22.356  1746  1770 I WindowManager:   SURFACE show Surface(name=FloatingTutorialButton)/@0xad963e0 on display:0: FloatingTutorialButton
04-20 20:21:22.357 17717 17825 W ServiceWorker: TrainingCache cache DEVICE_UNLOCKED failure
04-20 20:21:22.357 17717 17825 W ServiceWorker: com.google.android.apps.gsa.search.core.service.h.a.a: No worker found for Worker ID [trainingcache].
04-20 20:21:22.357 17717 17825 W ServiceWorker: 	at com.google.android.apps.gsa.search.core.service.g.a.c.a(SourceFile:7)
04-20 20:21:22.357 17717 17825 W ServiceWorker: 	at com.google.android.libraries.gsa.l.a.n.a(SourceFile:2)
04-20 20:21:22.357 17717 17825 W ServiceWorker: 	at com.google.common.v.a.dn.b(SourceFile:7)
04-20 20:21:22.357 17717 17825 W ServiceWorker: 	at com.google.common.v.a.ch.run(SourceFile:12)
04-20 20:21:22.357 17717 17825 W ServiceWorker: 	at com.google.common.v.a.dp.run(SourceFile:10)
04-20 20:21:22.357 17717 17825 W ServiceWorker: 	at com.google.apps.tiktok.concurrent.au.run(SourceFile:2)
04-20 20:21:22.357 17717 17825 W ServiceWorker: 	at java.util.concurrent.ThreadPoolExecutor.runWorker(ThreadPoolExecutor.java:1167)
04-20 20:21:22.357 17717 17825 W ServiceWorker: 	at java.util.concurrent.ThreadPoolExecutor$Worker.run(ThreadPoolExecutor.java:641)
04-20 20:21:22.357 17717 17825 W ServiceWorker: 	at com.google.apps.tiktok.concurrent.f.run(SourceFile:4)
04-20 20:21:22.357 17717 17825 W ServiceWorker: 	at java.lang.Thread.run(Thread.java:919)
04-20 20:21:22.396  1746  1764 I WindowManager:   SURFACE SIZE set 720x56 on display:0: StatusBar
04-20 20:21:22.407 20429 20484 I chatty  : uid=10157(com.google.android.gms) highpool[1] expire 4 lines
04-20 20:21:22.412  2315  2315 W View    : requestLayout() improperly called by com.android.systemui.statusbar.HeadsUpStatusBarView{aa901f7 I.E...... ......ID 0,0-248,56 #7f0a01f7 app:id/heads_up_status_bar_view} during layout: running second layout pass
04-20 20:21:22.424 20429 20575 I chatty  : uid=10157(com.google.android.gms) Binder:20429_8 expire 1 line
04-20 20:21:22.424 20429 20575 W Binder  : reply too large data on java level: InterfaceDescriptor = null, code = 46
04-20 20:21:22.424 30702 30738 E JavaBinder: !!! FAILED BINDER TRANSACTION !!!  (parcel size = 696)
04-20 20:21:22.425 30702 30738 W GmsClient: IGmsServiceBroker.getService failed
04-20 20:21:22.425 30702 30738 W GmsClient: android.os.DeadObjectException: Transaction failed on small parcel; remote process probably died
04-20 20:21:22.425 30702 30738 W GmsClient: 	at android.os.BinderProxy.transactNative(Native Method)
04-20 20:21:22.425 30702 30738 W GmsClient: 	at android.os.BinderProxy.transact(BinderProxy.java:511)
04-20 20:21:22.425 30702 30738 W GmsClient: 	at qgo.getService(PG:10)
04-20 20:21:22.425 30702 30738 W GmsClient: 	at com.google.android.gms.common.internal.BaseGmsClient.a(PG:107)
04-20 20:21:22.425 30702 30738 W GmsClient: 	at qcy.run(PG:8)
04-20 20:21:22.425 30702 30738 W GmsClient: 	at android.os.Handler.handleCallback(Handler.java:883)
04-20 20:21:22.425 30702 30738 W GmsClient: 	at android.os.Handler.dispatchMessage(Handler.java:100)
04-20 20:21:22.425 30702 30738 W GmsClient: 	at qtd.a(PG:5)
04-20 20:21:22.425 30702 30738 W GmsClient: 	at qtd.dispatchMessage(PG:4)
04-20 20:21:22.425 30702 30738 W GmsClient: 	at android.os.Looper.loop(Looper.java:241)
04-20 20:21:22.425 30702 30738 W GmsClient: 	at android.os.HandlerThread.run(HandlerThread.java:67)
04-20 20:21:22.437 20429 20456 I chatty  : uid=10157(com.google.android.gms) lowpool[1] expire 6 lines
04-20 20:21:22.438 17717 17827 W LocationOracle: No location history returned by ContextManager
04-20 20:21:22.466 17717 17771 I MicroDetectionState: Should stop hotword detection immediately - false
04-20 20:21:22.536   869  1123 D APM_AudioPolicyManager: stopOutput() output 13, stream 1, session 169
04-20 20:21:24.464  2297  2352 I chatty  : uid=1002(bluetooth) BT Service Call expire 20 lines
04-20 20:21:24.470  2297  3435 I chatty  : uid=1002(bluetooth) Binder:2297_6 expire 12 lines
04-20 20:21:24.483  2297  2606 I chatty  : uid=1002(bluetooth) btu message loo expire 16 lines
04-20 20:21:25.555   809  1484 D audio_hw_primary: disable_audio_route: usecase(1) reset and update mixer path: low-latency-playback speaker
04-20 20:21:25.573   809  1484 D audio_hw_primary: disable_snd_device: snd_device(158: vi-feedback)
04-20 20:21:25.573   809  1484 D audio_hw_primary: disable_audio_route: usecase(26) reset and update mixer path: spkr-vi-record
04-20 20:21:25.574   809  1484 D audio_hw_primary: disable_snd_device: snd_device(2: speaker)
04-20 20:21:26.595     0     0 W swapper/0: type=1400 audit(0.0:747): avc: denied { kill } for uid=0 capability=5 scontext=u:r:kernel:s0 tcontext=u:r:kernel:s0 tclass=capability permissive=0
04-20 20:21:27.393 20210 20210 D CmdCenter: - ---->: WidgetService onStartJob jobId = 101
04-20 20:21:27.394 20210 20210 D CmdCenter: - RowBuilder2: setUseWhiteRes useOrNot = true
04-20 20:21:27.401 20210 20210 D CmdCenter: - RowWidgetUpdater2: the Min widget of widget[2] is 213
04-20 20:21:27.403 20210 20210 D CmdCenter: - RowWidgetUpdater2: 2cellWidth = 180 column is 3
04-20 20:21:27.403 20210 20210 D CmdCenter: - RowBuilder2: useWhiteRes=true -is 18-9?=true cellX= 3 grid=5
04-20 20:21:27.432 20210 20210 D CmdCenter: - RowWeatherInitializer: Utils.getWeatherInfo return null.
04-20 20:21:27.440 20210 20210 D CmdCenter: - RowWidgetUpdater2: ->config = {1.0 ?mcc?mnc [en_US] ldltr sw411dp w411dp h812dp 280dpi nrml long port finger -keyb/v/h -nav/h winConfig={ mBounds=Rect(0, 0 - 720, 1520) mAppBounds=Rect(0, 56 - 720, 1478) mWindowingMode=fullscreen mDisplayWindowingMode=fullscreen mActivityType=undefined mAlwaysOnTop=undefined mRotation=ROTATION_0} s.42 ?spn ?gid}
04-20 20:21:27.443 20210 20210 D CmdCenter: - RowWidgetUpdater2: ->config debug_dimens = 54
04-20 20:21:27.464 20429 20489 I chatty  : uid=10157(com.google.android.gms) Binder:20429_4 expire 11 lines
04-20 20:21:27.464 20429 20489 W Binder  : reply too large data on java level: InterfaceDescriptor = null, code = 46
04-20 20:21:27.464 30702 30738 E JavaBinder: !!! FAILED BINDER TRANSACTION !!!  (parcel size = 696)
04-20 20:21:27.465 30702 30738 W GmsClient: IGmsServiceBroker.getService failed
04-20 20:21:27.465 30702 30738 W GmsClient: android.os.DeadObjectException: Transaction failed on small parcel; remote process probably died
04-20 20:21:27.465 30702 30738 W GmsClient: 	at android.os.BinderProxy.transactNative(Native Method)
04-20 20:21:27.465 30702 30738 W GmsClient: 	at android.os.BinderProxy.transact(BinderProxy.java:511)
04-20 20:21:27.465 30702 30738 W GmsClient: 	at qgo.getService(PG:10)
04-20 20:21:27.465 30702 30738 W GmsClient: 	at com.google.android.gms.common.internal.BaseGmsClient.a(PG:107)
04-20 20:21:27.465 30702 30738 W GmsClient: 	at qcy.run(PG:8)
04-20 20:21:27.465 30702 30738 W GmsClient: 	at android.os.Handler.handleCallback(Handler.java:883)
04-20 20:21:27.465 30702 30738 W GmsClient: 	at android.os.Handler.dispatchMessage(Handler.java:100)
04-20 20:21:27.465 30702 30738 W GmsClient: 	at qtd.a(PG:5)
04-20 20:21:27.465 30702 30738 W GmsClient: 	at qtd.dispatchMessage(PG:4)
04-20 20:21:27.465 30702 30738 W GmsClient: 	at android.os.Looper.loop(Looper.java:241)
04-20 20:21:27.465 30702 30738 W GmsClient: 	at android.os.HandlerThread.run(HandlerThread.java:67)
04-20 20:21:27.668 20210 20210 D CmdCenter: - --->: WidgetService onDestroy
04-20 20:21:32.525 30702 30738 E JavaBinder: !!! FAILED BINDER TRANSACTION !!!  (parcel size = 696)
04-20 20:21:32.526 30702 30738 W GmsClient: IGmsServiceBroker.getService failed
04-20 20:21:32.526 30702 30738 W GmsClient: android.os.DeadObjectException: Transaction failed on small parcel; remote process probably died
04-20 20:21:32.526 30702 30738 W GmsClient: 	at android.os.BinderProxy.transactNative(Native Method)
04-20 20:21:32.526 30702 30738 W GmsClient: 	at android.os.BinderProxy.transact(BinderProxy.java:511)
04-20 20:21:32.526 30702 30738 W GmsClient: 	at qgo.getService(PG:10)
04-20 20:21:32.526 30702 30738 W GmsClient: 	at com.google.android.gms.common.internal.BaseGmsClient.a(PG:107)
04-20 20:21:32.526 30702 30738 W GmsClient: 	at qcy.run(PG:8)
04-20 20:21:32.526 30702 30738 W GmsClient: 	at android.os.Handler.handleCallback(Handler.java:883)
04-20 20:21:32.526 30702 30738 W GmsClient: 	at android.os.Handler.dispatchMessage(Handler.java:100)
04-20 20:21:32.526 30702 30738 W GmsClient: 	at qtd.a(PG:5)
04-20 20:21:32.526 30702 30738 W GmsClient: 	at qtd.dispatchMessage(PG:4)
04-20 20:21:32.526 30702 30738 W GmsClient: 	at android.os.Looper.loop(Looper.java:241)
04-20 20:21:32.526 30702 30738 W GmsClient: 	at android.os.HandlerThread.run(HandlerThread.java:67)
04-20 20:21:36.598     0     0 W swapper/2: type=1400 audit(0.0:748): avc: denied { kill } for uid=0 capability=5 scontext=u:r:kernel:s0 tcontext=u:r:kernel:s0 tclass=capability permissive=0
04-20 20:21:37.572 30702 30738 E JavaBinder: !!! FAILED BINDER TRANSACTION !!!  (parcel size = 696)
04-20 20:21:37.573 30702 30738 W GmsClient: IGmsServiceBroker.getService failed
04-20 20:21:37.573 30702 30738 W GmsClient: android.os.DeadObjectException: Transaction failed on small parcel; remote process probably died
04-20 20:21:37.573 30702 30738 W GmsClient: 	at android.os.BinderProxy.transactNative(Native Method)
04-20 20:21:37.573 30702 30738 W GmsClient: 	at android.os.BinderProxy.transact(BinderProxy.java:511)
04-20 20:21:37.573 30702 30738 W GmsClient: 	at qgo.getService(PG:10)
04-20 20:21:37.573 30702 30738 W GmsClient: 	at com.google.android.gms.common.internal.BaseGmsClient.a(PG:107)
04-20 20:21:37.573 30702 30738 W GmsClient: 	at qcy.run(PG:8)
04-20 20:21:37.573 30702 30738 W GmsClient: 	at android.os.Handler.handleCallback(Handler.java:883)
04-20 20:21:37.573 30702 30738 W GmsClient: 	at android.os.Handler.dispatchMessage(Handler.java:100)
04-20 20:21:37.573 30702 30738 W GmsClient: 	at qtd.a(PG:5)
04-20 20:21:37.573 30702 30738 W GmsClient: 	at qtd.dispatchMessage(PG:4)
04-20 20:21:37.573 30702 30738 W GmsClient: 	at android.os.Looper.loop(Looper.java:241)
04-20 20:21:37.573 30702 30738 W GmsClient: 	at android.os.HandlerThread.run(HandlerThread.java:67)
04-20 20:21:38.203 20429 30988 I chatty  : uid=10157(com.google.android.gms) expire 1 line
04-20 20:21:41.107  1746  1765 D WificondControl: Scan result ready event
04-20 20:21:42.614 30702 30738 E JavaBinder: !!! FAILED BINDER TRANSACTION !!!  (parcel size = 696)
04-20 20:21:42.615 30702 30738 W GmsClient: IGmsServiceBroker.getService failed
04-20 20:21:42.615 30702 30738 W GmsClient: android.os.DeadObjectException: Transaction failed on small parcel; remote process probably died
04-20 20:21:42.615 30702 30738 W GmsClient: 	at android.os.BinderProxy.transactNative(Native Method)
04-20 20:21:42.615 30702 30738 W GmsClient: 	at android.os.BinderProxy.transact(BinderProxy.java:511)
04-20 20:21:42.615 30702 30738 W GmsClient: 	at qgo.getService(PG:10)
04-20 20:21:42.615 30702 30738 W GmsClient: 	at com.google.android.gms.common.internal.BaseGmsClient.a(PG:107)
04-20 20:21:42.615 30702 30738 W GmsClient: 	at qcy.run(PG:8)
04-20 20:21:42.615 30702 30738 W GmsClient: 	at android.os.Handler.handleCallback(Handler.java:883)
04-20 20:21:42.615 30702 30738 W GmsClient: 	at android.os.Handler.dispatchMessage(Handler.java:100)
04-20 20:21:42.615 30702 30738 W GmsClient: 	at qtd.a(PG:5)
04-20 20:21:42.615 30702 30738 W GmsClient: 	at qtd.dispatchMessage(PG:4)
04-20 20:21:42.615 30702 30738 W GmsClient: 	at android.os.Looper.loop(Looper.java:241)
04-20 20:21:42.615 30702 30738 W GmsClient: 	at android.os.HandlerThread.run(HandlerThread.java:67)
04-20 20:21:46.602     0     0 W swapper/3: type=1400 audit(0.0:749): avc: denied { kill } for uid=0 capability=5 scontext=u:r:kernel:s0 tcontext=u:r:kernel:s0 tclass=capability permissive=0
04-20 20:21:47.690 30702 30738 E JavaBinder: !!! FAILED BINDER TRANSACTION !!!  (parcel size = 696)
04-20 20:21:47.690 30702 30738 W GmsClient: IGmsServiceBroker.getService failed
04-20 20:21:47.690 30702 30738 W GmsClient: android.os.DeadObjectException: Transaction failed on small parcel; remote process probably died
04-20 20:21:47.690 30702 30738 W GmsClient: 	at android.os.BinderProxy.transactNative(Native Method)
04-20 20:21:47.690 30702 30738 W GmsClient: 	at android.os.BinderProxy.transact(BinderProxy.java:511)
04-20 20:21:47.690 30702 30738 W GmsClient: 	at qgo.getService(PG:10)
04-20 20:21:47.690 30702 30738 W GmsClient: 	at com.google.android.gms.common.internal.BaseGmsClient.a(PG:107)
04-20 20:21:47.690 30702 30738 W GmsClient: 	at qcy.run(PG:8)
04-20 20:21:47.690 30702 30738 W GmsClient: 	at android.os.Handler.handleCallback(Handler.java:883)
04-20 20:21:47.690 30702 30738 W GmsClient: 	at android.os.Handler.dispatchMessage(Handler.java:100)
04-20 20:21:47.690 30702 30738 W GmsClient: 	at qtd.a(PG:5)
04-20 20:21:47.690 30702 30738 W GmsClient: 	at qtd.dispatchMessage(PG:4)
04-20 20:21:47.690 30702 30738 W GmsClient: 	at android.os.Looper.loop(Looper.java:241)
04-20 20:21:47.690 30702 30738 W GmsClient: 	at android.os.HandlerThread.run(HandlerThread.java:67)
04-20 20:21:52.753 30702 30738 E JavaBinder: !!! FAILED BINDER TRANSACTION !!!  (parcel size = 696)
04-20 20:21:52.753 30702 30738 W GmsClient: IGmsServiceBroker.getService failed
04-20 20:21:52.753 30702 30738 W GmsClient: android.os.DeadObjectException: Transaction failed on small parcel; remote process probably died
04-20 20:21:52.753 30702 30738 W GmsClient: 	at android.os.BinderProxy.transactNative(Native Method)
04-20 20:21:52.753 30702 30738 W GmsClient: 	at android.os.BinderProxy.transact(BinderProxy.java:511)
04-20 20:21:52.753 30702 30738 W GmsClient: 	at qgo.getService(PG:10)
04-20 20:21:52.753 30702 30738 W GmsClient: 	at com.google.android.gms.common.internal.BaseGmsClient.a(PG:107)
04-20 20:21:52.753 30702 30738 W GmsClient: 	at qcy.run(PG:8)
04-20 20:21:52.753 30702 30738 W GmsClient: 	at android.os.Handler.handleCallback(Handler.java:883)
04-20 20:21:52.753 30702 30738 W GmsClient: 	at android.os.Handler.dispatchMessage(Handler.java:100)
04-20 20:21:52.753 30702 30738 W GmsClient: 	at qtd.a(PG:5)
04-20 20:21:52.753 30702 30738 W GmsClient: 	at qtd.dispatchMessage(PG:4)
04-20 20:21:52.753 30702 30738 W GmsClient: 	at android.os.Looper.loop(Looper.java:241)
04-20 20:21:52.753 30702 30738 W GmsClient: 	at android.os.HandlerThread.run(HandlerThread.java:67)
04-20 20:21:53.203  2506  2506 D QtiCarrierConfigHelper: WARNING, no carrier configs on phone Id: 0
04-20 20:21:57.832 30702 30738 E JavaBinder: !!! FAILED BINDER TRANSACTION !!!  (parcel size = 696)
04-20 20:21:57.832 30702 30738 W GmsClient: IGmsServiceBroker.getService failed
04-20 20:21:57.832 30702 30738 W GmsClient: android.os.DeadObjectException: Transaction failed on small parcel; remote process probably died
04-20 20:21:57.832 30702 30738 W GmsClient: 	at android.os.BinderProxy.transactNative(Native Method)
04-20 20:21:57.832 30702 30738 W GmsClient: 	at android.os.BinderProxy.transact(BinderProxy.java:511)
04-20 20:21:57.832 30702 30738 W GmsClient: 	at qgo.getService(PG:10)
04-20 20:21:57.832 30702 30738 W GmsClient: 	at com.google.android.gms.common.internal.BaseGmsClient.a(PG:107)
04-20 20:21:57.832 30702 30738 W GmsClient: 	at qcy.run(PG:8)
04-20 20:21:57.832 30702 30738 W GmsClient: 	at android.os.Handler.handleCallback(Handler.java:883)
04-20 20:21:57.832 30702 30738 W GmsClient: 	at android.os.Handler.dispatchMessage(Handler.java:100)
04-20 20:21:57.832 30702 30738 W GmsClient: 	at qtd.a(PG:5)
04-20 20:21:57.832 30702 30738 W GmsClient: 	at qtd.dispatchMessage(PG:4)
04-20 20:21:57.832 30702 30738 W GmsClient: 	at android.os.Looper.loop(Looper.java:241)
04-20 20:21:57.832 30702 30738 W GmsClient: 	at android.os.HandlerThread.run(HandlerThread.java:67)
04-20 20:22:00.022  2315  2315 W View    : requestLayout() improperly called by com.android.systemui.statusbar.HeadsUpStatusBarView{aa901f7 I.E...... ......ID 0,0-248,56 #7f0a01f7 app:id/heads_up_status_bar_view} during layout: running second layout pass
04-20 20:21:52.752 20429 20489 I chatty  : uid=10157(com.google.android.gms) Binder:20429_4 identical 5 lines
04-20 20:21:57.831 20429 20489 W Binder  : reply too large data on java level: InterfaceDescriptor = null, code = 46
04-20 20:22:00.203  1746  9754 I ActivityManager: Force stopping com.google.location.nearby.apps.connectedcrossroad appid=10216 user=0: from pid 31030
04-20 20:22:00.208  2506  2506 E PhoneInterfaceManager: [PhoneIntfMgr] getCarrierPackageNamesForIntent: No UICC
04-20 20:22:00.208  2506  2506 D CarrierSvcBindHelper: No carrier app for: 0
04-20 20:22:02.900 20429 20489 W Binder  : reply too large data on java level: InterfaceDescriptor = null, code = 46
04-20 20:22:02.900 30702 30738 E JavaBinder: !!! FAILED BINDER TRANSACTION !!!  (parcel size = 696)
04-20 20:22:02.901 30702 30738 W GmsClient: IGmsServiceBroker.getService failed
04-20 20:22:02.901 30702 30738 W GmsClient: android.os.DeadObjectException: Transaction failed on small parcel; remote process probably died
04-20 20:22:02.901 30702 30738 W GmsClient: 	at android.os.BinderProxy.transactNative(Native Method)
04-20 20:22:02.901 30702 30738 W GmsClient: 	at android.os.BinderProxy.transact(BinderProxy.java:511)
04-20 20:22:02.901 30702 30738 W GmsClient: 	at qgo.getService(PG:10)
04-20 20:22:02.901 30702 30738 W GmsClient: 	at com.google.android.gms.common.internal.BaseGmsClient.a(PG:107)
04-20 20:22:02.901 30702 30738 W GmsClient: 	at qcy.run(PG:8)
04-20 20:22:02.901 30702 30738 W GmsClient: 	at android.os.Handler.handleCallback(Handler.java:883)
04-20 20:22:02.901 30702 30738 W GmsClient: 	at android.os.Handler.dispatchMessage(Handler.java:100)
04-20 20:22:02.901 30702 30738 W GmsClient: 	at qtd.a(PG:5)
04-20 20:22:02.901 30702 30738 W GmsClient: 	at qtd.dispatchMessage(PG:4)
04-20 20:22:02.901 30702 30738 W GmsClient: 	at android.os.Looper.loop(Looper.java:241)
04-20 20:22:02.901 30702 30738 W GmsClient: 	at android.os.HandlerThread.run(HandlerThread.java:67)
04-20 20:22:06.605     0     0 W swapper/3: type=1400 audit(0.0:750): avc: denied { kill } for uid=0 capability=5 scontext=u:r:kernel:s0 tcontext=u:r:kernel:s0 tclass=capability permissive=0
04-20 20:22:07.970 30702 30738 E JavaBinder: !!! FAILED BINDER TRANSACTION !!!  (parcel size = 696)
04-20 20:22:07.970 30702 30738 W GmsClient: IGmsServiceBroker.getService failed
04-20 20:22:07.970 30702 30738 W GmsClient: android.os.DeadObjectException: Transaction failed on small parcel; remote process probably died
04-20 20:22:07.970 30702 30738 W GmsClient: 	at android.os.BinderProxy.transactNative(Native Method)
04-20 20:22:07.970 30702 30738 W GmsClient: 	at android.os.BinderProxy.transact(BinderProxy.java:511)
04-20 20:22:07.970 30702 30738 W GmsClient: 	at qgo.getService(PG:10)
04-20 20:22:07.970 30702 30738 W GmsClient: 	at com.google.android.gms.common.internal.BaseGmsClient.a(PG:107)
04-20 20:22:07.970 30702 30738 W GmsClient: 	at qcy.run(PG:8)
04-20 20:22:07.970 30702 30738 W GmsClient: 	at android.os.Handler.handleCallback(Handler.java:883)
04-20 20:22:07.970 30702 30738 W GmsClient: 	at android.os.Handler.dispatchMessage(Handler.java:100)
04-20 20:22:07.970 30702 30738 W GmsClient: 	at qtd.a(PG:5)
04-20 20:22:07.970 30702 30738 W GmsClient: 	at qtd.dispatchMessage(PG:4)
04-20 20:22:07.970 30702 30738 W GmsClient: 	at android.os.Looper.loop(Looper.java:241)
04-20 20:22:07.970 30702 30738 W GmsClient: 	at android.os.HandlerThread.run(HandlerThread.java:67)
04-20 20:22:07.969 20429 20489 W Binder  : reply too large data on java level: InterfaceDescriptor = null, code = 46
04-20 20:22:08.526  1746  2064 D BatteryService: uevent={POWER_SUPPLY_DP_DM=0, POWER_SUPPLY_VOLTAGE_NOW=4242697, POWER_SUPPLY_SW_JEITA_ENABLED=0, POWER_SUPPLY_CHARGE_CONTROL_LIMIT_MAX=8, POWER_SUPPLY_RECHARGE_SOC=99, POWER_SUPPLY_HEALTH=Good, POWER_SUPPLY_TECHNOLOGY=Li-ion, POWER_SUPPLY_FCC_STEPPER_ENABLE=0, SEQNUM=21151, POWER_SUPPLY_INPUT_CURRENT_LIMITED=0, POWER_SUPPLY_CHARGE_CONTROL_LIMIT=0, POWER_SUPPLY_BATTERY_CHARGING_ENABLED=1, POWER_SUPPLY_STATUS=Discharging, POWER_SUPPLY_CYCLE_COUNT=1, POWER_SUPPLY_CURRENT_MAX=2000000, POWER_SUPPLY_CHARGE_TERM_CURRENT=-101, POWER_SUPPLY_CAPACITY=92, DEVPATH=/devices/platform/soc/200f000.qcom,spmi/spmi-0/spmi0-02/200f000.qcom,spmi:qcom,pmi632@2:qcom,qpnp-smb5/power_supply/battery, POWER_SUPPLY_CHARGE_DONE=0, POWER_SUPPLY_CHARGE_TYPE=N/A, POWER_SUPPLY_CHARGE_RATE=None, POWER_SUPPLY_CURRENT_NOW=-180359, POWER_SUPPLY_SYSTEM_TEMP_LEVEL=0, POWER_SUPPLY_PRESENT=1, POWER_SUPPLY_PARALLEL_DISABLE=0, POWER_SUPPLY_CHARGE_FULL=3615000, SUBSYSTEM=power_supply, POWER_SUPPLY_SET_SHIP_MODE=0, POWER_SUPPLY_TEMP=247, ACTION=change, POWER_SUPPLY_RERUN_AICL=0, POWER_SUPPLY_AGE=100, POWER_SUPPLY_NAME=battery, POWER_SUPPLY_VOLTAGE_MAX=-22, POWER_SUPPLY_CONSTANT_CHARGE_CURRENT_MAX=2000000, POWER_SUPPLY_CHARGE_COUNTER=3325800, POWER_SUPPLY_STEP_CHARGING_ENABLED=0, POWER_SUPPLY_NUM_SYSTEM_TEMP_LEVELS=8, POWER_SUPPLY_DIE_HEALTH=Hot, POWER_SUPPLY_INPUT_SUSPEND=0}
04-20 20:22:08.541  2506  2506 D QtiCarrierConfigHelper: WARNING, no carrier configs on phone Id: 0
04-20 20:22:10.549 17704 29562 I chatty  : uid=10157 com.google.android.gms.persistent expire 4 lines
04-20 20:22:11.164 17704 30952 I chatty  : uid=10157 com.google.android.gms.persistent expire 2 lines
04-20 20:22:13.032 20429 20489 W Binder  : reply too large data on java level: InterfaceDescriptor = null, code = 46
04-20 20:22:13.032 30702 30738 E JavaBinder: !!! FAILED BINDER TRANSACTION !!!  (parcel size = 696)
04-20 20:22:13.033 30702 30738 W GmsClient: IGmsServiceBroker.getService failed
04-20 20:22:13.033 30702 30738 W GmsClient: android.os.DeadObjectException: Transaction failed on small parcel; remote process probably died
04-20 20:22:13.033 30702 30738 W GmsClient: 	at android.os.BinderProxy.transactNative(Native Method)
04-20 20:22:13.033 30702 30738 W GmsClient: 	at android.os.BinderProxy.transact(BinderProxy.java:511)
04-20 20:22:13.033 30702 30738 W GmsClient: 	at qgo.getService(PG:10)
04-20 20:22:13.033 30702 30738 W GmsClient: 	at com.google.android.gms.common.internal.BaseGmsClient.a(PG:107)
04-20 20:22:13.033 30702 30738 W GmsClient: 	at qcy.run(PG:8)
04-20 20:22:13.033 30702 30738 W GmsClient: 	at android.os.Handler.handleCallback(Handler.java:883)
04-20 20:22:13.033 30702 30738 W GmsClient: 	at android.os.Handler.dispatchMessage(Handler.java:100)
04-20 20:22:13.033 30702 30738 W GmsClient: 	at qtd.a(PG:5)
04-20 20:22:13.033 30702 30738 W GmsClient: 	at qtd.dispatchMessage(PG:4)
04-20 20:22:13.033 30702 30738 W GmsClient: 	at android.os.Looper.loop(Looper.java:241)
04-20 20:22:13.033 30702 30738 W GmsClient: 	at android.os.HandlerThread.run(HandlerThread.java:67)
04-20 20:22:16.608     0     0 W swapper/2: type=1400 audit(0.0:751): avc: denied { kill } for uid=0 capability=5 scontext=u:r:kernel:s0 tcontext=u:r:kernel:s0 tclass=capability permissive=0
04-20 20:22:18.112 30702 30738 E JavaBinder: !!! FAILED BINDER TRANSACTION !!!  (parcel size = 696)
04-20 20:22:18.112 30702 30738 W GmsClient: IGmsServiceBroker.getService failed
04-20 20:22:18.112 30702 30738 W GmsClient: android.os.DeadObjectException: Transaction failed on small parcel; remote process probably died
04-20 20:22:18.112 30702 30738 W GmsClient: 	at android.os.BinderProxy.transactNative(Native Method)
04-20 20:22:18.112 30702 30738 W GmsClient: 	at android.os.BinderProxy.transact(BinderProxy.java:511)
04-20 20:22:18.112 30702 30738 W GmsClient: 	at qgo.getService(PG:10)
04-20 20:22:18.112 30702 30738 W GmsClient: 	at com.google.android.gms.common.internal.BaseGmsClient.a(PG:107)
04-20 20:22:18.112 30702 30738 W GmsClient: 	at qcy.run(PG:8)
04-20 20:22:18.112 30702 30738 W GmsClient: 	at android.os.Handler.handleCallback(Handler.java:883)
04-20 20:22:18.112 30702 30738 W GmsClient: 	at android.os.Handler.dispatchMessage(Handler.java:100)
04-20 20:22:18.112 30702 30738 W GmsClient: 	at qtd.a(PG:5)
04-20 20:22:18.112 30702 30738 W GmsClient: 	at qtd.dispatchMessage(PG:4)
04-20 20:22:18.112 30702 30738 W GmsClient: 	at android.os.Looper.loop(Looper.java:241)
04-20 20:22:18.112 30702 30738 W GmsClient: 	at android.os.HandlerThread.run(HandlerThread.java:67)
04-20 20:22:18.110 20429 20489 W Binder  : reply too large data on java level: InterfaceDescriptor = null, code = 46
04-20 20:22:18.342  1746  2444 W AppOps  : Noting op not finished: uid 10157 pkg com.google.android.gms code 79 time=1618964482160 duration=-1
04-20 20:22:18.343  1746  2444 W AppOps  : Noting op not finished: uid 10157 pkg com.google.android.gms code 79 time=1618964538342 duration=0
04-20 20:22:20.955  1746  9754 D WificondControl: Scan result ready event
04-20 20:22:23.162 20429 20489 I chatty  : uid=10157(com.google.android.gms) Binder:20429_4 expire 3 lines
04-20 20:22:23.162 20429 20489 W Binder  : reply too large data on java level: InterfaceDescriptor = null, code = 46
04-20 20:22:23.163 30702 30738 E JavaBinder: !!! FAILED BINDER TRANSACTION !!!  (parcel size = 696)
04-20 20:22:23.163 30702 30738 W GmsClient: IGmsServiceBroker.getService failed
04-20 20:22:23.163 30702 30738 W GmsClient: android.os.DeadObjectException: Transaction failed on small parcel; remote process probably died
04-20 20:22:23.163 30702 30738 W GmsClient: 	at android.os.BinderProxy.transactNative(Native Method)
04-20 20:22:23.163 30702 30738 W GmsClient: 	at android.os.BinderProxy.transact(BinderProxy.java:511)
04-20 20:22:23.163 30702 30738 W GmsClient: 	at qgo.getService(PG:10)
04-20 20:22:23.163 30702 30738 W GmsClient: 	at com.google.android.gms.common.internal.BaseGmsClient.a(PG:107)
04-20 20:22:23.163 30702 30738 W GmsClient: 	at qcy.run(PG:8)
04-20 20:22:23.163 30702 30738 W GmsClient: 	at android.os.Handler.handleCallback(Handler.java:883)
04-20 20:22:23.163 30702 30738 W GmsClient: 	at android.os.Handler.dispatchMessage(Handler.java:100)
04-20 20:22:23.163 30702 30738 W GmsClient: 	at qtd.a(PG:5)
04-20 20:22:23.163 30702 30738 W GmsClient: 	at qtd.dispatchMessage(PG:4)
04-20 20:22:23.163 30702 30738 W GmsClient: 	at android.os.Looper.loop(Looper.java:241)
04-20 20:22:23.163 30702 30738 W GmsClient: 	at android.os.HandlerThread.run(HandlerThread.java:67)
04-20 20:22:26.612     0     0 W swapper/0: type=1400 audit(0.0:752): avc: denied { kill } for uid=0 capability=5 scontext=u:r:kernel:s0 tcontext=u:r:kernel:s0 tclass=capability permissive=0
04-20 20:22:28.228 30702 30738 E JavaBinder: !!! FAILED BINDER TRANSACTION !!!  (parcel size = 696)
04-20 20:22:28.228 30702 30738 W GmsClient: IGmsServiceBroker.getService failed
04-20 20:22:28.228 30702 30738 W GmsClient: android.os.DeadObjectException: Transaction failed on small parcel; remote process probably died
04-20 20:22:28.228 30702 30738 W GmsClient: 	at android.os.BinderProxy.transactNative(Native Method)
04-20 20:22:28.228 30702 30738 W GmsClient: 	at android.os.BinderProxy.transact(BinderProxy.java:511)
04-20 20:22:28.228 30702 30738 W GmsClient: 	at qgo.getService(PG:10)
04-20 20:22:28.228 30702 30738 W GmsClient: 	at com.google.android.gms.common.internal.BaseGmsClient.a(PG:107)
04-20 20:22:28.228 30702 30738 W GmsClient: 	at qcy.run(PG:8)
04-20 20:22:28.228 30702 30738 W GmsClient: 	at android.os.Handler.handleCallback(Handler.java:883)
04-20 20:22:28.228 30702 30738 W GmsClient: 	at android.os.Handler.dispatchMessage(Handler.java:100)
04-20 20:22:28.228 30702 30738 W GmsClient: 	at qtd.a(PG:5)
04-20 20:22:28.228 30702 30738 W GmsClient: 	at qtd.dispatchMessage(PG:4)
04-20 20:22:28.228 30702 30738 W GmsClient: 	at android.os.Looper.loop(Looper.java:241)
04-20 20:22:28.228 30702 30738 W GmsClient: 	at android.os.HandlerThread.run(HandlerThread.java:67)
04-20 20:22:33.289 30702 30738 E JavaBinder: !!! FAILED BINDER TRANSACTION !!!  (parcel size = 696)
04-20 20:22:33.290 30702 30738 W GmsClient: IGmsServiceBroker.getService failed
04-20 20:22:33.290 30702 30738 W GmsClient: android.os.DeadObjectException: Transaction failed on small parcel; remote process probably died
04-20 20:22:33.290 30702 30738 W GmsClient: 	at android.os.BinderProxy.transactNative(Native Method)
04-20 20:22:33.290 30702 30738 W GmsClient: 	at android.os.BinderProxy.transact(BinderProxy.java:511)
04-20 20:22:33.290 30702 30738 W GmsClient: 	at qgo.getService(PG:10)
04-20 20:22:33.290 30702 30738 W GmsClient: 	at com.google.android.gms.common.internal.BaseGmsClient.a(PG:107)
04-20 20:22:33.290 30702 30738 W GmsClient: 	at qcy.run(PG:8)
04-20 20:22:33.290 30702 30738 W GmsClient: 	at android.os.Handler.handleCallback(Handler.java:883)
04-20 20:22:33.290 30702 30738 W GmsClient: 	at android.os.Handler.dispatchMessage(Handler.java:100)
04-20 20:22:33.290 30702 30738 W GmsClient: 	at qtd.a(PG:5)
04-20 20:22:33.290 30702 30738 W GmsClient: 	at qtd.dispatchMessage(PG:4)
04-20 20:22:33.290 30702 30738 W GmsClient: 	at android.os.Looper.loop(Looper.java:241)
04-20 20:22:33.290 30702 30738 W GmsClient: 	at android.os.HandlerThread.run(HandlerThread.java:67)
04-20 20:22:28.227 20429 20489 I chatty  : uid=10157(com.google.android.gms) Binder:20429_4 identical 1 line
04-20 20:22:33.289 20429 20489 W Binder  : reply too large data on java level: InterfaceDescriptor = null, code = 46
04-20 20:22:35.966  1746  9754 W ActivityManager: Background start not allowed: service Intent { cmp=com.google.android.apps.messaging/.shared.datamodel.action.execution.ActionExecutorImpl$EmptyService } to com.google.android.apps.messaging/.shared.datamodel.action.execution.ActionExecutorImpl$EmptyService from pid=30702 uid=10179 pkg=com.google.android.apps.messaging startFg?=false
04-20 20:22:35.970 30702 30702 W BugleDataModel: ActionExecutorImpl: Action started execution, but we can't guarantee it will complete, the app may be killed. Action: class com.google.android.apps.messaging.shared.datamodel.action.SelfParticipantsRefreshAction-SelfParticipantsRefreshAction:4353300007
04-20 20:22:35.970 30702 30702 W BugleDataModel: java.lang.IllegalStateException: Not allowed to start service Intent { cmp=com.google.android.apps.messaging/.shared.datamodel.action.execution.ActionExecutorImpl$EmptyService }: app is in background uid UidRecord{aecbaba u0a179 CEM  idle change:cached procs:1 seq(0,0,0)}
04-20 20:22:35.970 30702 30702 W BugleDataModel: 	at android.app.ContextImpl.startServiceCommon(ContextImpl.java:1631)
04-20 20:22:35.970 30702 30702 W BugleDataModel: 	at android.app.ContextImpl.startService(ContextImpl.java:1586)
04-20 20:22:35.970 30702 30702 W BugleDataModel: 	at android.content.ContextWrapper.startService(ContextWrapper.java:669)
04-20 20:22:35.970 30702 30702 W BugleDataModel: 	at com.google.android.apps.messaging.shared.datamodel.action.execution.ActionExecutorImpl.a(PG:94)
04-20 20:22:35.970 30702 30702 W BugleDataModel: 	at com.google.android.apps.messaging.shared.datamodel.action.execution.ActionExecutorImpl.a(PG:89)
04-20 20:22:35.970 30702 30702 W BugleDataModel: 	at fna.c(PG:112)
04-20 20:22:35.970 30702 30702 W BugleDataModel: 	at fmx.run(PG:1)
04-20 20:22:35.970 30702 30702 W BugleDataModel: 	at aajl.run(PG:3)
04-20 20:22:35.970 30702 30702 W BugleDataModel: 	at android.os.Handler.handleCallback(Handler.java:883)
04-20 20:22:35.970 30702 30702 W BugleDataModel: 	at android.os.Handler.dispatchMessage(Handler.java:100)
04-20 20:22:35.970 30702 30702 W BugleDataModel: 	at android.os.Looper.loop(Looper.java:241)
04-20 20:22:35.970 30702 30702 W BugleDataModel: 	at android.app.ActivityThread.main(ActivityThread.java:7604)
04-20 20:22:35.970 30702 30702 W BugleDataModel: 	at java.lang.reflect.Method.invoke(Native Method)
04-20 20:22:35.970 30702 30702 W BugleDataModel: 	at com.android.internal.os.RuntimeInit$MethodAndArgsCaller.run(RuntimeInit.java:492)
04-20 20:22:35.970 30702 30702 W BugleDataModel: 	at com.android.internal.os.ZygoteInit.main(ZygoteInit.java:941)
04-20 20:22:35.976 30702 30758 I BugleDataModel: ParticipantRefresh: Start participant refresh. refreshMode: SELF_ONLY
04-20 20:22:36.079 30702 30758 W Bugle   : SubscriptionMetadataUtils get: invalid subId = -1
04-20 20:22:36.080 30702 30758 W Bugle   : SubscriptionMetadataUtils get: invalid subId = -1
04-20 20:22:36.081 30702 30758 W Bugle   : MultiSimSubscriptionUtils: getSelfRawNumber: subInfo is null for subscription{id:-1}
04-20 20:22:36.158 30702 30758 I BugleDataModel: ParticipantRefresh: Number of participants refreshed: 0
04-20 20:22:36.612     0     0 W swapper/1: type=1400 audit(0.0:753): avc: denied { kill } for uid=0 capability=5 scontext=u:r:kernel:s0 tcontext=u:r:kernel:s0 tclass=capability permissive=0
04-20 20:22:41.507   724   724 I netd    : trafficSwapActiveStatsMap() <28.28ms>
04-20 20:22:41.517   724   724 I netd    : tetherGetStats() <5.32ms>
04-20 20:22:41.548   724   724 I netd    : bandwidthSetGlobalAlert(2097152) <0.78ms>
04-20 20:22:42.524 31098 31098 I studio.deploy: DeltaInstall found API level:29
04-20 20:22:42.524 31098 31098 I studio.deploy: -t
04-20 20:22:42.525 31098 31098 I studio.deploy: --user
04-20 20:22:42.525 31098 31098 I studio.deploy: current
04-20 20:22:42.525 31098 31098 I studio.deploy: --full
04-20 20:22:42.525 31098 31098 I studio.deploy: --dont-kill
04-20 20:22:42.525 31098 31098 I studio.deploy: -r
04-20 20:22:42.642 31098 31098 I studio.deploy: DeltaInstall created session: '173232586'
04-20 20:22:42.642 31098 31098 I studio.deploy: package
04-20 20:22:42.642 31098 31098 I studio.deploy: install-write
04-20 20:22:42.642 31098 31098 I studio.deploy: -S
04-20 20:22:42.642 31098 31098 I studio.deploy: 4045179
04-20 20:22:42.642 31098 31098 I studio.deploy: 173232586
04-20 20:22:42.642 31098 31098 I studio.deploy: base.apk
04-20 20:22:42.795 31098 31098 I studio.deploy: Streaming succeeded for '/data/app/com.google.location.nearby.apps.connectedcrossroad-0AGEfTscKrwk6U7ZpTgWMA==/base.apk'
04-20 20:22:42.795 31098 31098 I studio.deploy: package
04-20 20:22:42.795 31098 31098 I studio.deploy: install-commit
04-20 20:22:42.795 31098 31098 I studio.deploy: 173232586
04-20 20:22:42.966 14771 14771 I Finsky  : [2] akck.b(3): Verification requested, id = 14
04-20 20:22:43.024 14771 14771 E Finsky  : [2] VerifyPerSourceInstallationConsentInstallTask.f(2): Package name null is not an installed package
04-20 20:22:43.047 14771 31109 I Finsky  : [1438] akeg.a(7): Single user settings service is not running, bind it now
04-20 20:22:43.056 14771 14771 I Finsky  : [2] akef.onServiceConnected(1): Single user settings service is connected
04-20 20:22:43.068 14771 31109 W Settings: Setting install_non_market_apps has moved from android.provider.Settings.Global to android.provider.Settings.Secure, returning read-only value.
04-20 20:22:43.292 14771 31109 I Finsky  : [1438] oln.c(3): Task 7 requested foreground
04-20 20:22:43.294 14771 31109 I Finsky  : [1438] oln.c(8): Not entering foreground
04-20 20:22:43.650 14771 31113 I Finsky  : [1441] akkw.c(3): Verify: Verification package=com.google.location.nearby.apps.connectedcrossroad, id=14 response=0
04-20 20:22:43.720 14771 31109 I Finsky  : [1438] VerifyPerSourceInstallationConsentInstallTask.mE(2): PSIC verification started with installer uid: 2000 package name: null, originating uid: -1
04-20 20:22:43.723 14771 14771 I Finsky  : [2] VerifyInstallTask.g(3): Verifying id=14, result=1
04-20 20:22:43.746  1746  1791 I PackageManager: Update package com.google.location.nearby.apps.connectedcrossroad code path from /data/app/com.google.location.nearby.apps.connectedcrossroad-0AGEfTscKrwk6U7ZpTgWMA== to /data/app/com.google.location.nearby.apps.connectedcrossroad-rfFOnuuQ1mYO63wafMz83g==; Retain data and using new
04-20 20:22:43.746  1746  1791 I PackageManager: Update package com.google.location.nearby.apps.connectedcrossroad resource path from /data/app/com.google.location.nearby.apps.connectedcrossroad-0AGEfTscKrwk6U7ZpTgWMA== to /data/app/com.google.location.nearby.apps.connectedcrossroad-rfFOnuuQ1mYO63wafMz83g==; Retain data and using new
04-20 20:22:43.911  1746  1791 I PackageManager: Un-granting permission android.permission.MANAGE_DOCUMENTS from package com.google.android.youtube (protectionLevel=262146 flags=0x30dbbe45)
04-20 20:22:43.914  1746  1791 I PackageManager: Un-granting permission com.google.android.googleapps.permission.GOOGLE_AUTH from package com.android.providers.calendar (protectionLevel=2 flags=0x30883e45)
04-20 20:22:43.914  1746  1791 I PackageManager: Un-granting permission com.google.android.googleapps.permission.GOOGLE_AUTH.cl from package com.android.providers.calendar (protectionLevel=2 flags=0x30883e45)
04-20 20:22:43.916  1746  1791 I PackageManager: Un-granting permission com.google.android.gm.permission.READ_GMAIL from package com.google.android.apps.docs.editors.docs (protectionLevel=2 flags=0x38dbbe44)
04-20 20:22:43.916  1746  1791 I PackageManager: Un-granting permission com.google.android.googleapps.permission.GOOGLE_AUTH from package com.google.android.apps.docs.editors.docs (protectionLevel=2 flags=0x38dbbe44)
04-20 20:22:43.916  1746  1791 I PackageManager: Un-granting permission com.google.android.googleapps.permission.GOOGLE_AUTH.OTHER_SERVICES from package com.google.android.apps.docs.editors.docs (protectionLevel=2 flags=0x38dbbe44)
04-20 20:22:43.916  1746  1791 I PackageManager: Un-granting permission com.google.android.googleapps.permission.GOOGLE_AUTH.ALL_SERVICES from package com.google.android.apps.docs.editors.docs (protectionLevel=2 flags=0x38dbbe44)
04-20 20:22:43.916  1746  1791 I PackageManager: Un-granting permission com.google.android.googleapps.permission.GOOGLE_AUTH.writely from package com.google.android.apps.docs.editors.docs (protectionLevel=2 flags=0x38dbbe44)
04-20 20:22:43.916  1746  1791 I PackageManager: Un-granting permission com.google.android.googleapps.permission.GOOGLE_AUTH.wise from package com.google.android.apps.docs.editors.docs (protectionLevel=2 flags=0x38dbbe44)
04-20 20:22:43.917  1746  1791 I PackageManager: Un-granting permission android.permission.REQUEST_INSTALL_PACKAGES from package com.motorola.brapps (protectionLevel=66 flags=0x38483e45)
04-20 20:22:43.919  1746  1791 I PackageManager: Un-granting permission com.google.android.gm.permission.READ_GMAIL from package com.google.android.apps.docs.editors.sheets (protectionLevel=2 flags=0x38dbbe44)
04-20 20:22:43.919  1746  1791 I PackageManager: Un-granting permission com.google.android.googleapps.permission.GOOGLE_AUTH from package com.google.android.apps.docs.editors.sheets (protectionLevel=2 flags=0x38dbbe44)
04-20 20:22:43.919  1746  1791 I PackageManager: Un-granting permission com.google.android.googleapps.permission.GOOGLE_AUTH.OTHER_SERVICES from package com.google.android.apps.docs.editors.sheets (protectionLevel=2 flags=0x38dbbe44)
04-20 20:22:43.919  1746  1791 I PackageManager: Un-granting permission com.google.android.googleapps.permission.GOOGLE_AUTH.ALL_SERVICES from package com.google.android.apps.docs.editors.sheets (protectionLevel=2 flags=0x38dbbe44)
04-20 20:22:43.919  1746  1791 I PackageManager: Un-granting permission com.google.android.googleapps.permission.GOOGLE_AUTH.writely from package com.google.android.apps.docs.editors.sheets (protectionLevel=2 flags=0x38dbbe44)
04-20 20:22:43.919  1746  1791 I PackageManager: Un-granting permission com.google.android.googleapps.permission.GOOGLE_AUTH.wise from package com.google.android.apps.docs.editors.sheets (protectionLevel=2 flags=0x38dbbe44)
04-20 20:22:43.920  1746  1791 I PackageManager: Un-granting permission com.google.android.gm.permission.READ_GMAIL from package com.google.android.apps.docs.editors.slides (protectionLevel=2 flags=0x38dbbe44)
04-20 20:22:43.920  1746  1791 I PackageManager: Un-granting permission com.google.android.googleapps.permission.GOOGLE_AUTH from package com.google.android.apps.docs.editors.slides (protectionLevel=2 flags=0x38dbbe44)
04-20 20:22:43.920  1746  1791 I PackageManager: Un-granting permission com.google.android.googleapps.permission.GOOGLE_AUTH.OTHER_SERVICES from package com.google.android.apps.docs.editors.slides (protectionLevel=2 flags=0x38dbbe44)
04-20 20:22:43.920  1746  1791 I PackageManager: Un-granting permission com.google.android.googleapps.permission.GOOGLE_AUTH.ALL_SERVICES from package com.google.android.apps.docs.editors.slides (protectionLevel=2 flags=0x38dbbe44)
04-20 20:22:43.920  1746  1791 I PackageManager: Un-granting permission com.google.android.googleapps.permission.GOOGLE_AUTH.writely from package com.google.android.apps.docs.editors.slides (protectionLevel=2 flags=0x38dbbe44)
04-20 20:22:43.920  1746  1791 I PackageManager: Un-granting permission com.google.android.googleapps.permission.GOOGLE_AUTH.wise from package com.google.android.apps.docs.editors.slides (protectionLevel=2 flags=0x38dbbe44)
04-20 20:22:43.921  1746  1791 I PackageManager: Un-granting permission com.google.android.setupwizard.READ_DEVICE_ORIGIN from package com.google.android.apps.messaging (protectionLevel=18 flags=0x38cbbe45)
04-20 20:22:43.926  1746  1791 I PackageManager: Un-granting permission android.permission.SEND_DOWNLOAD_COMPLETED_INTENTS from package com.android.vending (protectionLevel=2 flags=0x38cabec5)
04-20 20:22:43.931  1746  1791 I PackageManager: Un-granting permission android.permission.BIND_CARRIER_SERVICES from package com.republicwireless.tel (protectionLevel=18 flags=0x30483e45)
04-20 20:22:43.932  1746  1791 I PackageManager: Un-granting permission android.permission.REQUEST_INSTALL_PACKAGES from package com.google.android.gm (protectionLevel=66 flags=0x38cbbe45)
