04-20 20:24:54.499 22073  6106 W Nearby  : 	at java.util.concurrent.ThreadPoolExecutor.runWorker(ThreadPoolExecutor.java:1152)
04-20 20:24:54.499 22073  6106 W Nearby  : 	at java.util.concurrent.ThreadPoolExecutor$Worker.run(ThreadPoolExecutor.java:641)
04-20 20:24:54.499 22073  6106 W Nearby  : 	at uri.run(:com.google.android.gms@211213033@21.12.13 (120300-367530751):0)
04-20 20:24:54.499 22073  6106 W Nearby  : 	at java.lang.Thread.run(Thread.java:919)
04-20 20:24:54.499 22073  6106 W Nearby  : Caused by: akpc
04-20 20:24:54.499 22073  6106 W Nearby  : 	at akpd.a(:com.google.android.gms@211213033@21.12.13 (120300-367530751):0)
04-20 20:24:54.499 22073  6106 W Nearby  : 	at akov.execute(:com.google.android.gms@211213033@21.12.13 (120300-367530751):0)
04-20 20:24:54.499 22073  6106 W Nearby  : 	at akvd.run(Unknown Source:4)
04-20 20:24:54.499 22073  6106 W Nearby  : 	at akoz.run(Unknown Source:3)
04-20 20:24:54.499 22073  6106 W Nearby  : 	at ull.c(:com.google.android.gms@211213033@21.12.13 (120300-367530751):6)
04-20 20:24:54.499 22073  6106 W Nearby  : 	at ull.run(:com.google.android.gms@211213033@21.12.13 (120300-367530751):7)
04-20 20:24:54.499 22073  6106 W Nearby  : 	at java.util.concurrent.ThreadPoolExecutor.runWorker(ThreadPoolExecutor.java:1167)
04-20 20:24:54.499 22073  6106 W Nearby  : 	... 3 more
04-20 20:24:54.503  2290  2603 I bt_stack: [INFO:gatt_main.cc(919)] gatt_data_process op_code = 30, msg_len = 0
04-20 20:24:54.526  2290  2603 W bt_btm  : btm_process_inq_results: BDA: cc:0d:f2:75:2d:60
04-20 20:24:54.526  2290  2603 W bt_btm  : btm_process_inq_results: Dev class: 5a-02-0c
04-20 20:24:54.526  2290  2348 D bt_btif_config: btif_get_device_type: Device [cc:0d:f2:75:2d:60] type 1
04-20 20:24:55.105  2308  2308 V StatusBar: mStatusBarWindow: com.android.systemui.statusbar.phone.StatusBarWindowView{896b295 V.E...... ........ 0,0-720,56} canPanelBeCollapsed(): false
04-20 20:24:55.105  2308  2308 V StatusBar: mStatusBarWindow: com.android.systemui.statusbar.phone.StatusBarWindowView{896b295 V.E...... ........ 0,0-720,56} collapseBySetDisable: false
04-20 20:24:55.319  2290  2344 D bt_osi_alarm: reschedule_root_alarm alarm expiration too close for posix timers, switching to guns
04-20 20:24:55.319  2290  2344 D bt_osi_alarm: reschedule_root_alarm alarm expiration too close for posix timers, switching to guns
04-20 20:24:55.335 22073  6146 I NearbyConnections: EndpointManager quit overall KeepAliveManager loop for endpoint a-xh because there's no EndpointChannel for it. [CONTEXT service_id=54 ]
04-20 20:24:55.336  2290  2603 I bt_stack: [INFO:btsnoop.cc(384)] clear_l2cap_whitelist: Clearing whitelist from l2cap channel. conn_handle=10 cid=4:4
04-20 20:24:55.337  2290  2603 W bt_stack: [WARNING:bta_gattc_act.cc(1060)] bta_gattc_conn_cback: cif=3 connected=0 conn_id=0x0203 reason=0x0016
04-20 20:24:55.337  2290  2603 W bt_stack: [WARNING:bta_gattc_act.cc(1060)] bta_gattc_conn_cback: cif=4 connected=0 conn_id=0x0204 reason=0x0016
04-20 20:24:55.337  2290  2603 W bt_stack: [WARNING:bta_gattc_act.cc(1060)] bta_gattc_conn_cback: cif=5 connected=0 conn_id=0x0205 reason=0x0016
04-20 20:24:55.337  2290  2603 W bt_stack: [WARNING:bta_gattc_act.cc(1060)] bta_gattc_conn_cback: cif=6 connected=0 conn_id=0x0206 reason=0x0016
04-20 20:24:55.337  2290  2603 W bt_stack: [WARNING:bta_gattc_act.cc(1060)] bta_gattc_conn_cback: cif=7 connected=0 conn_id=0x0207 reason=0x0016
04-20 20:24:55.337  2290  2603 I bt_btm_sec: btm_sec_disconnected clearing pending flag handle:10 reason:22
04-20 20:24:55.337  2290  2603 I bt_stack: [INFO:btm_ble_bgconn.cc(406)] Already connection initiated (or) No Pending connections(or) Resources of lcb are exhausted
04-20 20:24:55.337  2290  2603 W bt_l2cap: L2CA_SetDesireRole() new:x1, disallow_switch:0
04-20 20:24:55.338  2290  2348 D bt_btif : btif_av_move_idle: Already in IDLE
04-20 20:24:55.341  2308  2388 W BluetoothEventManager: AclStateChangedHandler: activeDevice is null
04-20 20:24:55.341  2290  2290 D BluetoothMapService: onReceive: android.bluetooth.device.action.ACL_DISCONNECTED
04-20 20:24:55.342  2290  2290 I BluetoothMapService: sRemoteDevice :null device:47:85:37:A5:05:39
04-20 20:24:55.347  7384  7384 D MCLOG   : [MC_Service] onStartcommand()
04-20 20:24:55.365 26114 26164 I BistoWorker: bluetoothConnectionStateChanged. Action: android.bluetooth.device.action.ACL_DISCONNECTED
04-20 20:24:55.369 26114 26164 I DeviceDetector: Not bonded or not refresh cache.
04-20 20:24:55.369 26114 26164 I BistoWorker: Not a bisto device: 47:85:37:A5:05:39
04-20 20:24:55.369 22073 22073 I NearbyDiscovery: onAclChange: state=DISCONNECTED, device=47:85:37:A5:05:39 [CONTEXT service_id=49 ]
04-20 20:24:55.389  2290  2603 I bt_stack: [INFO:btsnoop.cc(384)] clear_l2cap_whitelist: Clearing whitelist from l2cap channel. conn_handle=28 cid=4:4
04-20 20:24:55.389  2290  2603 W bt_stack: [WARNING:bta_gattc_act.cc(1060)] bta_gattc_conn_cback: cif=3 connected=0 conn_id=0x0103 reason=0x0016
04-20 20:24:55.389  2290  2603 W bt_stack: [WARNING:bta_gattc_act.cc(1060)] bta_gattc_conn_cback: cif=4 connected=0 conn_id=0x0104 reason=0x0016
04-20 20:24:55.389  2290  2603 W bt_stack: [WARNING:bta_gattc_act.cc(1060)] bta_gattc_conn_cback: cif=5 connected=0 conn_id=0x0105 reason=0x0016
04-20 20:24:55.389  2290  2603 W bt_stack: [WARNING:bta_gattc_act.cc(1060)] bta_gattc_conn_cback: cif=6 connected=0 conn_id=0x0106 reason=0x0016
04-20 20:24:55.389  2290  2603 W bt_stack: [WARNING:bta_gattc_act.cc(1060)] bta_gattc_conn_cback: cif=7 connected=0 conn_id=0x0107 reason=0x0016
04-20 20:24:55.390  2290  2603 I bt_btm_sec: btm_sec_disconnected clearing pending flag handle:28 reason:22
04-20 20:24:55.390  2290  2603 I bt_stack: [INFO:btm_ble_bgconn.cc(406)] Already connection initiated (or) No Pending connections(or) Resources of lcb are exhausted
04-20 20:24:55.390  2290  2603 W bt_l2cap: L2CA_SetDesireRole() new:x1, disallow_switch:0
04-20 20:24:55.390  2290  2348 D bt_btif : btif_av_move_idle: Already in IDLE
04-20 20:24:55.390  2290  2348 E BluetoothRemoteDevices: aclStateChangeCallback: device is NULL, address=44:E6:9C:F2:D8:B9, newState=1
04-20 20:24:55.414  2308  2308 D vol.VolumeDialogImpl: mDialog.dismiss()
04-20 20:24:55.693  2290  2348 D bt_btif_config: btif_get_device_type: Device [52:d0:62:a7:af:32] type 2
04-20 20:24:55.699 22073  6126 I NearbyConnections: EndpointManager quit overall KeepAliveManager loop for endpoint A9Lw because there's no EndpointChannel for it. [CONTEXT service_id=54 ]
04-20 20:24:56.358   804  1081 W qti_sensors_hal: processReportInd: lux: 28, ch0: 103, ch1: 13
04-20 20:24:56.745  1743  1766 I WindowManager:   SURFACE show Surface(name=FloatingTutorialButton)/@0xb6555bf on display:0: FloatingTutorialButton
04-20 20:24:57.303  2308  2308 V StatusBar: mStatusBarWindow: com.android.systemui.statusbar.phone.StatusBarWindowView{896b295 V.E...... ........ 0,0-720,56} canPanelBeCollapsed(): false
04-20 20:24:57.303  2308  2308 V StatusBar: mStatusBarWindow: com.android.systemui.statusbar.phone.StatusBarWindowView{896b295 V.E...... ........ 0,0-720,56} collapseBySetDisable: false
04-20 20:24:57.630  2308  2308 D vol.VolumeDialogImpl: mDialog.dismiss()
04-20 20:24:57.632 22073 22244 I NearbyMessages: CopresenceLogger:  response succeeded for com.google.android.gms#0p:discoverer#false [561ms], addresses [] [CONTEXT service_id=62 ]
04-20 20:24:57.651 22073  6124 I NearbyConnections: EndpointManager quit overall KeepAliveManager loop for endpoint 5rgh because there's no EndpointChannel for it. [CONTEXT service_id=54 ]
04-20 20:24:57.956 24895 24895 D BoundBrokerSvc: onBind: Intent { act=com.google.android.gms.measurement.START pkg=com.google.android.gms }
04-20 20:24:57.956 24895 24895 D BoundBrokerSvc: Loading bound service for intent: Intent { act=com.google.android.gms.measurement.START pkg=com.google.android.gms }
04-20 20:24:58.437  1743  1743 V SettingsProvider: Notifying for 0: content://settings/secure/reminder_exp_learning_time_elapsed
04-20 20:24:58.524  2290  2348 D bt_btif_config: btif_get_device_type: Device [47:85:37:a5:05:39] type 2
04-20 20:24:58.528  2290  2348 D bt_btif_config: btif_get_device_type: Device [46:d6:83:26:aa:91] type 2
04-20 20:24:58.560 22073  6105 I NearbyConnections: EndpointManager quit overall KeepAliveManager loop for endpoint cF5c because there's no EndpointChannel for it. [CONTEXT service_id=54 ]
04-20 20:24:58.561 22073  6107 W Nearby  : Method finished running after 55861 millis. [CONTEXT service_id=49 ]
04-20 20:24:58.561 22073  6107 W Nearby  : akpc: akpc
04-20 20:24:58.561 22073  6107 W Nearby  : 	at java.lang.Thread.isInterrupted(Native Method)
04-20 20:24:58.561 22073  6107 W Nearby  : 	at java.util.concurrent.SynchronousQueue$TransferStack.awaitFulfill(SynchronousQueue.java:442)
04-20 20:24:58.561 22073  6107 W Nearby  : 	at java.util.concurrent.SynchronousQueue$TransferStack.transfer(SynchronousQueue.java:362)
04-20 20:24:58.561 22073  6107 W Nearby  : 	at java.util.concurrent.SynchronousQueue.poll(SynchronousQueue.java:937)
04-20 20:24:58.561 22073  6107 W Nearby  : 	at java.util.concurrent.ThreadPoolExecutor.getTask(ThreadPoolExecutor.java:1091)
04-20 20:24:58.561 22073  6107 W Nearby  : 	at java.util.concurrent.ThreadPoolExecutor.runWorker(ThreadPoolExecutor.java:1152)
04-20 20:24:58.561 22073  6107 W Nearby  : 	at java.util.concurrent.ThreadPoolExecutor$Worker.run(ThreadPoolExecutor.java:641)
04-20 20:24:58.561 22073  6107 W Nearby  : 	at uri.run(:com.google.android.gms@211213033@21.12.13 (120300-367530751):0)
04-20 20:24:58.561 22073  6107 W Nearby  : 	at java.lang.Thread.run(Thread.java:919)
04-20 20:24:58.561 22073  6107 W Nearby  : Caused by: akpc
04-20 20:24:58.561 22073  6107 W Nearby  : 	at akpd.a(:com.google.android.gms@211213033@21.12.13 (120300-367530751):0)
04-20 20:24:58.561 22073  6107 W Nearby  : 	at akov.execute(:com.google.android.gms@211213033@21.12.13 (120300-367530751):0)
04-20 20:24:58.561 22073  6107 W Nearby  : 	at akvd.run(Unknown Source:6)
04-20 20:24:58.561 22073  6107 W Nearby  : 	at akoz.run(Unknown Source:3)
04-20 20:24:58.561 22073  6107 W Nearby  : 	at ull.c(:com.google.android.gms@211213033@21.12.13 (120300-367530751):6)
04-20 20:24:58.561 22073  6107 W Nearby  : 	at ull.run(:com.google.android.gms@211213033@21.12.13 (120300-367530751):7)
04-20 20:24:58.561 22073  6107 W Nearby  : 	at java.util.concurrent.ThreadPoolExecutor.runWorker(ThreadPoolExecutor.java:1167)
04-20 20:24:58.561 22073  6107 W Nearby  : 	... 3 more
04-20 20:24:58.809  1743  1765 I ActivityManager: Killing 5813:com.google.location.nearby.apps.connectedcrossroad/u0a217 (adj 905): remove task
04-20 20:24:58.846   721   721 I Zygote  : Process 5813 exited due to signal 9 (Killed)
04-20 20:24:58.851  1743  1774 I libprocessgroup: Successfully killed process cgroup uid 10217 pid 5813 in 40ms
04-20 20:24:58.866   720  6231 E ResolverController: No valid NAT64 prefix (100, <unspecified>/0)
04-20 20:24:58.977  1743  2156 W InputDispatcher: channel '8966cb com.google.location.nearby.apps.connectedcrossroad/nx.aodv.eval.MainActivity (server)' ~ Consumer closed input channel or an error occurred.  events=0x9
04-20 20:24:58.978  1743  2156 E InputDispatcher: channel '8966cb com.google.location.nearby.apps.connectedcrossroad/nx.aodv.eval.MainActivity (server)' ~ Channel is unrecoverably broken and will be disposed!
04-20 20:24:58.980  1743 11436 I WindowManager: WIN DEATH: Window{8966cb u0 com.google.location.nearby.apps.connectedcrossroad/nx.aodv.eval.MainActivity}
04-20 20:24:58.980  1743 11436 W InputDispatcher: Attempted to unregister already unregistered input channel '8966cb com.google.location.nearby.apps.connectedcrossroad/nx.aodv.eval.MainActivity (server)'
04-20 20:24:58.984  1743  4939 D ActivityManager: makeInactive, ProcessRecord{4344053 5813:com.google.location.nearby.apps.connectedcrossroad/u0a217}, clear holder.state
04-20 20:24:58.986 22073 22073 D BoundBrokerSvc: onUnbind: Intent { act=com.google.android.gms.nearby.connection.service.START pkg=com.google.android.gms }
04-20 20:24:58.987 22073 22073 I NearbyConnections: Initiating shutdown of ServiceControllerRouter akrx@4823967. [CONTEXT service_id=54 ]
04-20 20:24:58.987 22073  6127 I NearbyConnections: Initiating shutdown of OfflineServiceController. [CONTEXT service_id=54 ]
04-20 20:24:58.988 22073  6127 I NearbyConnections: Initiating shutdown of PCPManager. [CONTEXT service_id=54 ]
04-20 20:24:58.988 22073  6127 I NearbyConnections: Initiating shutdown of PCPHandler(P2P_STAR). [CONTEXT service_id=54 ]
04-20 20:24:58.988 22073  6127 I Nearby  : Successfully shutdown executor EncryptionRunner.serverExecutor. [CONTEXT service_id=49 ]
04-20 20:24:58.988 22073  6127 I Nearby  : Successfully shutdown executor EncryptionRunner.clientExecutor. [CONTEXT service_id=49 ]
04-20 20:24:58.988 22073  6127 I Nearby  : Successfully shutdown executor EncryptionRunner.alarmExecutor. [CONTEXT service_id=49 ]
04-20 20:24:58.988 22073  6105 I NearbyConnections: EndpointManager cannot unregister IncomingOfflineFrameProcessor akyh@4fb97bd because it is not registered for frame type 2. [CONTEXT service_id=54 ]
04-20 20:24:58.988 22073  6127 I Nearby  : Successfully shutdown executor BasePCPHandler.serialExecutor. [CONTEXT service_id=49 ]
04-20 20:24:58.988 22073  6127 I Nearby  : Successfully shutdown executor BasePCPHandler.alarmExecutor. [CONTEXT service_id=49 ]
04-20 20:24:58.989 22073  6127 I NearbyConnections: Initiating shutdown of PCPHandler(P2P_CLUSTER). [CONTEXT service_id=54 ]
04-20 20:24:58.989 22073  6127 I Nearby  : Successfully shutdown executor EncryptionRunner.serverExecutor. [CONTEXT service_id=49 ]
04-20 20:24:58.989 22073  6127 I Nearby  : Successfully shutdown executor EncryptionRunner.clientExecutor. [CONTEXT service_id=49 ]
04-20 20:24:58.989 22073  6127 I Nearby  : Successfully shutdown executor EncryptionRunner.alarmExecutor. [CONTEXT service_id=49 ]
04-20 20:24:58.989 22073  6127 I Nearby  : Successfully shutdown executor BasePCPHandler.serialExecutor. [CONTEXT service_id=49 ]
04-20 20:24:58.989 22073  6127 I Nearby  : Successfully shutdown executor BasePCPHandler.alarmExecutor. [CONTEXT service_id=49 ]
04-20 20:24:58.989 22073  6127 I NearbyConnections: Initiating shutdown of PCPHandler(P2P_POINT_TO_POINT). [CONTEXT service_id=54 ]
04-20 20:24:58.990 22073  6127 I Nearby  : Successfully shutdown executor EncryptionRunner.serverExecutor. [CONTEXT service_id=49 ]
04-20 20:24:58.990 22073  6127 I Nearby  : Successfully shutdown executor EncryptionRunner.clientExecutor. [CONTEXT service_id=49 ]
04-20 20:24:58.990 22073  6127 I Nearby  : Successfully shutdown executor EncryptionRunner.alarmExecutor. [CONTEXT service_id=49 ]
04-20 20:24:58.990 22073  6127 I Nearby  : Successfully shutdown executor BasePCPHandler.serialExecutor. [CONTEXT service_id=49 ]
04-20 20:24:58.990 22073  6127 I Nearby  : Successfully shutdown executor BasePCPHandler.alarmExecutor. [CONTEXT service_id=49 ]
04-20 20:24:58.990 22073  6127 I NearbyConnections: PCPManager has shut down. [CONTEXT service_id=54 ]
04-20 20:24:58.990 22073  6127 I NearbyConnections: Initiating shutdown of BandwidthUpgradeManager. [CONTEXT service_id=54 ]
04-20 20:24:58.990 22073  6127 I Nearby  : Successfully shutdown executor BandwidthUpgradeManager.alarmExecutor. [CONTEXT service_id=49 ]
04-20 20:24:58.990 22073  6127 I Nearby  : Successfully shutdown executor BandwidthUpgradeManager.serialExecutor. [CONTEXT service_id=49 ]
04-20 20:24:58.991 22073  6127 I NearbyMediums: Can't stop accepting Wifi connections because it was never started. [CONTEXT service_id=54 ]
04-20 20:24:58.991 22073  6127 I NearbyMediums: Can't stop the Wifi hotspot because it was never turned on. [CONTEXT service_id=54 ]
04-20 20:24:58.991 22073  6127 I NearbyMediums: Cannot disconnect from the Wifi hotspot when it was never connected. [CONTEXT service_id=54 ]
04-20 20:24:58.991 22073  6127 I NearbyMediums: Can't stop WiFi Direct group because a WiFi Direct isn't hosted. [CONTEXT service_id=54 ]
04-20 20:24:58.991 22073  6127 I NearbyMediums: Can't stop accepting WiFi Direct connections because we are not currently accepting WiFi Direct connections. [CONTEXT service_id=54 ]
04-20 20:24:58.991 22073  6127 I NearbyConnections: BandwidthUpgradeManager has shut down. [CONTEXT service_id=54 ]
04-20 20:24:58.991 22073  6127 I NearbyConnections: Initiating shutdown of PayloadManager. [CONTEXT service_id=54 ]
04-20 20:24:58.992 22073  6127 I Nearby  : Successfully shutdown executor PayloadManager.readStatusExecutor. [CONTEXT service_id=49 ]
04-20 20:24:58.992 22073  6127 I Nearby  : Successfully shutdown executor PayloadManager.payloadStatusUpdateExecutor. [CONTEXT service_id=49 ]
04-20 20:24:58.992 22073  6127 I NearbyConnections: Initiating shutdown of EndpointManager. [CONTEXT service_id=54 ]
04-20 20:24:58.992 22073  6127 I Nearby  : Successfully shutdown executor EndpointManager.serialExecutor. [CONTEXT service_id=49 ]
04-20 20:24:58.992 22073  6127 I Nearby  : Successfully shutdown executor EndpointManager.endpointReadersThreadPool. [CONTEXT service_id=49 ]
04-20 20:24:58.992 22073  6127 I Nearby  : Successfully shutdown executor EndpointManager.endpointKeepAliveManagerThreadPool. [CONTEXT service_id=49 ]
04-20 20:24:58.992 22073  6127 I NearbyConnections: EndpointManager has shut down. [CONTEXT service_id=54 ]
04-20 20:24:58.992 22073  6127 I NearbyConnections: Initiating shutdown of EndpointChannelManager. [CONTEXT service_id=54 ]
04-20 20:24:58.992 22073  6127 I NearbyConnections: EndpointChannelManager has shut down. [CONTEXT service_id=54 ]
04-20 20:24:58.993 22073  6127 I NearbyConnections: Initiating shutdown of MediumManager. [CONTEXT service_id=54 ]
04-20 20:24:58.993 22073  6127 I NearbyMediums: Initiating shutdown of Bluetooth. [CONTEXT service_id=54 ]
04-20 20:24:58.993 22073  6127 I Nearby  : Successfully shutdown executor BluetoothLowEnergy.onLostExecutor. [CONTEXT service_id=49 ]
04-20 20:24:58.993 22073  6127 I Nearby  : Successfully shutdown executor BluetoothLowEnergy.singleThreadOffloader. [CONTEXT service_id=49 ]
04-20 20:24:58.993 22073  6127 I NearbyMediums: Unable to stop the advertisement GATT server because it's not running. [CONTEXT service_id=54 ]
04-20 20:24:58.993 22073  6127 I NearbyMediums: Can't stop the BLE server socket because it was never started. [CONTEXT service_id=54 ]
04-20 20:24:58.993 22073  6127 I Nearby  : Successfully shutdown executor BluetoothClassic.singleThreadOffloader. [CONTEXT service_id=49 ]
04-20 20:24:58.993 22073  6127 I NearbyMediums: Can't stop stop Bluetooth Classic discovery because it never started. [CONTEXT service_id=54 ]
04-20 20:24:58.993 22073  6127 I NearbyMediums: Can't stop Bluetooth Classic advertising because it was never turned on. [CONTEXT service_id=54 ]
04-20 20:24:59.000  1743  1765 W ActivityManager: setHasOverlayUi called on unknown pid: 5813
04-20 20:24:59.002 22073  6127 I Nearby  : Successfully shutdown executor BluetoothRadio.singleThreadOffloader. [CONTEXT service_id=49 ]
04-20 20:24:59.002 22073  6127 I NearbyMediums: Bluetooth has shut down. [CONTEXT service_id=54 ]
04-20 20:24:59.003 22073  6127 I NearbyMediums: Initiating shutdown of WiFi. [CONTEXT service_id=54 ]
04-20 20:24:59.003 22073  6127 I Nearby  : Successfully shutdown executor WifiDirect.singleThreadOffloader. [CONTEXT service_id=49 ]
04-20 20:24:59.003 22073  6127 I NearbyMediums: Can't stop WiFi Direct group because a WiFi Direct isn't hosted. [CONTEXT service_id=54 ]
04-20 20:24:59.003 22073  6127 I NearbyMediums: Can't stop accepting WiFi Direct connections because we are not currently accepting WiFi Direct connections. [CONTEXT service_id=54 ]
04-20 20:24:59.003 22073  6127 I Nearby  : Successfully shutdown executor WifiAwareNetworkManager.singleThreadOffloader. [CONTEXT service_id=49 ]
04-20 20:24:59.003 22073  6127 I Nearby  : Successfully shutdown executor L2ProtocolRunner.alarmExecutor. [CONTEXT service_id=49 ]
04-20 20:24:59.003 22073  6127 I Nearby  : Successfully shutdown executor L2ProtocolRunner.requestExecutor. [CONTEXT service_id=49 ]
04-20 20:24:59.003 22073  6127 I Nearby  : Successfully shutdown executor L2ProtocolRunner.acceptExecutor. [CONTEXT service_id=49 ]
04-20 20:24:59.004 22073  6127 I Nearby  : Successfully shutdown executor WifiAwareImpl.singleThreadOffloader. [CONTEXT service_id=49 ]
04-20 20:24:59.004 22073  6127 I Nearby  : Successfully shutdown executor DiscoverySessionTracker.alarmExecutor. [CONTEXT service_id=49 ]
04-20 20:24:59.004 22073  6127 I NearbyMediums: Can't release the WiFi Aware session because none was acquired. [CONTEXT service_id=54 ]
04-20 20:24:59.004 22073  6127 I Nearby  : Successfully shutdown executor WifiAwareL2SocketManager.singleThreadOffloader. [CONTEXT service_id=49 ]
04-20 20:24:59.004 22073  6127 I Nearby  : Successfully shutdown executor WifiLan.singleThreadOffloader. [CONTEXT service_id=49 ]
04-20 20:24:59.004 22073  6127 I Nearby  : Successfully shutdown executor WifiHotspot.singleThreadOffloader. [CONTEXT service_id=49 ]
04-20 20:24:59.004 22073  6127 I NearbyMediums: Can't stop accepting Wifi connections because it was never started. [CONTEXT service_id=54 ]
04-20 20:24:59.004 22073  6127 I NearbyMediums: Can't stop the Wifi hotspot because it was never turned on. [CONTEXT service_id=54 ]
04-20 20:24:59.005 22073  6127 I NearbyMediums: Cannot disconnect from the Wifi hotspot when it was never connected. [CONTEXT service_id=54 ]
04-20 20:24:59.006 22073  6127 I Nearby  : Successfully shutdown executor WifiRadio.singleThreadOffloader. [CONTEXT service_id=49 ]
04-20 20:24:59.006 22073  6127 I NearbyMediums: WiFi has shut down. [CONTEXT service_id=54 ]
04-20 20:24:59.006 22073  6127 I NearbyMediums: Initiating shutdown of NFC. [CONTEXT service_id=54 ]
04-20 20:24:59.007 22073  6127 I Nearby  : Successfully shutdown executor NearFieldCommunication.onLostExecutor. [CONTEXT service_id=49 ]
04-20 20:24:59.007 22073  6127 I Nearby  : Successfully shutdown executor NearFieldCommunication.singleThreadOffloader. [CONTEXT service_id=49 ]
04-20 20:24:59.007 22073  6127 I NearbyMediums: NFC has shut down. [CONTEXT service_id=54 ]
04-20 20:24:59.007 22073  6127 I NearbyMediums: Initiating shutdown of WebRTC. [CONTEXT service_id=54 ]
04-20 20:24:59.007 22073  6127 I Nearby  : Successfully shutdown executor WebRtc.singleThreadedSignalingOffloader. [CONTEXT service_id=49 ]
04-20 20:24:59.007 22073  6127 I Nearby  : Successfully shutdown executor WebRtc.multiThreadedSignalingOffloader. [CONTEXT service_id=49 ]
04-20 20:24:59.007 22073  6127 I Nearby  : Successfully shutdown executor WebRtc.restartTachyonReceiveMessagesExecutor. [CONTEXT service_id=49 ]
04-20 20:24:59.007 22073  6127 I NearbyMediums: WebRTC has shut down. [CONTEXT service_id=54 ]
04-20 20:24:59.007 22073  6127 I NearbyMediums: Initiating shutdown of UWB. [CONTEXT service_id=54 ]
04-20 20:24:59.008 22073  6127 I NearbyMediums: UWB has shut down. [CONTEXT service_id=54 ]
04-20 20:24:59.008 22073  6127 I Nearby  : Successfully shutdown executor MultiMediumDependencyManager.needsRetryExecutor. [CONTEXT service_id=49 ]
04-20 20:24:59.008 22073  6127 I NearbyConnections: MediumManager has shut down. [CONTEXT service_id=54 ]
04-20 20:24:59.008 22073  6127 I NearbyConnections: OfflineServiceController has shut down. [CONTEXT service_id=54 ]
04-20 20:24:59.008 22073  6127 I NearbyConnections: Completed shutdown of ServiceControllerRouter akrx@4823967. [CONTEXT service_id=54 ]
04-20 20:24:59.008 22073 22073 I Nearby  : Successfully shutdown executor ServiceControllerRouter.offBinderSerializer. [CONTEXT service_id=49 ]
04-20 20:24:59.493  2290  2348 D bt_btif_config: btif_get_device_type: Device [cc:0d:f2:9b:b3:3e] type 1
04-20 20:24:59.498  2308  2388 D CachedBluetoothDevice: Device name: IkE5THdbye0AAAAAAAAAATU
04-20 20:25:00.015  2308  2308 W View    : requestLayout() improperly called by com.android.systemui.statusbar.HeadsUpStatusBarView{53e8307 I.E...... ......ID 0,0-248,56 #7f0a01f7 app:id/heads_up_status_bar_view} during layout: running second layout pass
04-20 20:25:00.247  1743  2059 D BatteryService: uevent={POWER_SUPPLY_DP_DM=0, POWER_SUPPLY_VOLTAGE_NOW=4196373, POWER_SUPPLY_SW_JEITA_ENABLED=0, POWER_SUPPLY_CHARGE_CONTROL_LIMIT_MAX=8, POWER_SUPPLY_RECHARGE_SOC=99, POWER_SUPPLY_HEALTH=Good, POWER_SUPPLY_TECHNOLOGY=Li-ion, POWER_SUPPLY_FCC_STEPPER_ENABLE=0, SEQNUM=24297, POWER_SUPPLY_INPUT_CURRENT_LIMITED=0, POWER_SUPPLY_CHARGE_CONTROL_LIMIT=0, POWER_SUPPLY_BATTERY_CHARGING_ENABLED=1, POWER_SUPPLY_STATUS=Discharging, POWER_SUPPLY_CYCLE_COUNT=6, POWER_SUPPLY_CURRENT_MAX=2000000, POWER_SUPPLY_CHARGE_TERM_CURRENT=-101, POWER_SUPPLY_CAPACITY=89, DEVPATH=/devices/platform/soc/200f000.qcom,spmi/spmi-0/spmi0-02/200f000.qcom,spmi:qcom,pmi632@2:qcom,qpnp-smb5/power_supply/battery, POWER_SUPPLY_CHARGE_DONE=0, POWER_SUPPLY_CHARGE_TYPE=N/A, POWER_SUPPLY_CHARGE_RATE=None, POWER_SUPPLY_CURRENT_NOW=-272979, POWER_SUPPLY_SYSTEM_TEMP_LEVEL=0, POWER_SUPPLY_PRESENT=1, POWER_SUPPLY_PARALLEL_DISABLE=0, POWER_SUPPLY_CHARGE_FULL=3505000, SUBSYSTEM=power_supply, POWER_SUPPLY_SET_SHIP_MODE=0, POWER_SUPPLY_TEMP=259, ACTION=change, POWER_SUPPLY_RERUN_AICL=0, POWER_SUPPLY_AGE=97, POWER_SUPPLY_NAME=battery, POWER_SUPPLY_VOLTAGE_MAX=-22, POWER_SUPPLY_CONSTANT_CHARGE_CURRENT_MAX=2000000, POWER_SUPPLY_CHARGE_COUNTER=3119450, POWER_SUPPLY_STEP_CHARGING_ENABLED=0, POWER_SUPPLY_NUM_SYSTEM_TEMP_LEVELS=8, POWER_SUPPLY_DIE_HEALTH=Hot, POWER_SUPPLY_INPUT_SUSPEND=0}
04-20 20:25:00.257  2498  2498 D QtiCarrierConfigHelper: WARNING, no carrier configs on phone Id: 0
04-20 20:25:00.334  2290  2603 I bt_stack: [INFO:btsnoop.cc(384)] clear_l2cap_whitelist: Clearing whitelist from l2cap channel. conn_handle=29 cid=4:4
04-20 20:25:00.335  2290  2603 W bt_stack: [WARNING:bta_gattc_act.cc(1060)] bta_gattc_conn_cback: cif=3 connected=0 conn_id=0x0303 reason=0x0022
04-20 20:25:00.335  2290  2603 W bt_stack: [WARNING:bta_gattc_act.cc(1060)] bta_gattc_conn_cback: cif=4 connected=0 conn_id=0x0304 reason=0x0022
04-20 20:25:00.335  2290  2603 W bt_stack: [WARNING:bta_gattc_act.cc(1060)] bta_gattc_conn_cback: cif=5 connected=0 conn_id=0x0305 reason=0x0022
04-20 20:25:00.335  2290  2603 W bt_stack: [WARNING:bta_gattc_act.cc(1060)] bta_gattc_conn_cback: cif=6 connected=0 conn_id=0x0306 reason=0x0022
04-20 20:25:00.335  2290  2603 W bt_stack: [WARNING:bta_gattc_act.cc(1060)] bta_gattc_conn_cback: cif=7 connected=0 conn_id=0x0307 reason=0x0022
04-20 20:25:00.335  2290  2603 I bt_btm_sec: btm_sec_disconnected clearing pending flag handle:29 reason:34
04-20 20:25:00.335  2290  2603 I bt_stack: [INFO:btm_ble_bgconn.cc(406)] Already connection initiated (or) No Pending connections(or) Resources of lcb are exhausted
04-20 20:25:00.335  2290  2603 W bt_l2cap: L2CA_SetDesireRole() new:x1, disallow_switch:0
04-20 20:25:00.335  2290  2348 D bt_btif : btif_av_move_idle: Already in IDLE
04-20 20:25:00.336  2290  2348 E BluetoothRemoteDevices: aclStateChangeCallback: device is NULL, address=4C:AF:48:08:8F:D6, newState=1
04-20 20:25:01.392  1743  1765 I ActivityManager: Killing 12264:com.android.settings/1000 (adj 905): remove task
04-20 20:25:01.448  1743  2156 W InputDispatcher: channel 'b0cd9aa com.android.settings/com.android.settings.SubSettings (server)' ~ Consumer closed input channel or an error occurred.  events=0x9
04-20 20:25:01.448  1743  2156 E InputDispatcher: channel 'b0cd9aa com.android.settings/com.android.settings.SubSettings (server)' ~ Channel is unrecoverably broken and will be disposed!
04-20 20:25:01.448  1743  2156 W InputDispatcher: channel 'd0a3198 com.android.settings/com.android.settings.Settings (server)' ~ Consumer closed input channel or an error occurred.  events=0x9
04-20 20:25:01.448  1743  2156 E InputDispatcher: channel 'd0a3198 com.android.settings/com.android.settings.Settings (server)' ~ Channel is unrecoverably broken and will be disposed!
04-20 20:25:01.459  1743 11968 I WindowManager: WIN DEATH: Window{b0cd9aa u0 com.android.settings/com.android.settings.SubSettings}
04-20 20:25:01.459  1743 11968 W InputDispatcher: Attempted to unregister already unregistered input channel 'b0cd9aa com.android.settings/com.android.settings.SubSettings (server)'
04-20 20:25:01.460   721   721 I Zygote  : Process 12264 exited due to signal 9 (Killed)
04-20 20:25:01.462  1743  7056 I WindowManager: WIN DEATH: Window{d0a3198 u0 com.android.settings/com.android.settings.Settings}
04-20 20:25:01.462  1743  7056 W InputDispatcher: Attempted to unregister already unregistered input channel 'd0a3198 com.android.settings/com.android.settings.Settings (server)'
04-20 20:25:01.466  1743  4939 D ActivityManager: makeInactive, ProcessRecord{b0ef3f3 12264:com.android.settings/1000}, clear holder.state
04-20 20:25:01.471  1743  1774 I libprocessgroup: Successfully killed process cgroup uid 1000 pid 12264 in 77ms
04-20 20:25:01.482  1743  1765 W ActivityManager: setHasOverlayUi called on unknown pid: 12264
04-20 20:25:01.508    29    29 W rcuop/2 : type=1400 audit(0.0:981): avc: denied { kill } for uid=0 capability=5 scontext=u:r:kernel:s0 tcontext=u:r:kernel:s0 tclass=capability permissive=0
04-20 20:25:02.394  1743  1766 I WindowManager:   SURFACE show Surface(name=FloatingTutorialButton)/@0x39996bb on display:0: FloatingTutorialButton
04-20 20:25:03.467  1743  4939 W AppOps  : Noting op not finished: uid 10156 pkg com.google.android.gms code 79 time=1618964692846 duration=-1
04-20 20:25:03.470  1743  4939 W AppOps  : Noting op not finished: uid 10156 pkg com.google.android.gms code 79 time=1618964703467 duration=0
04-20 20:25:04.377  3347  3347 D BluetoothA2dp: Binding service...
04-20 20:25:04.386  3347  3347 I BistoRealService: onStartCommand: 0 1 Intent { act=com.google.android.apps.gsa.broadcastreceiver.SETTINGS_CHANGED cmp=com.google.android.googlequicksearchbox/com.google.android.apps.gsa.staticplugins.bisto.BistoRealService (has extras) }
04-20 20:25:04.389  3347  3347 I BistoRealService: Intent handled internally
04-20 20:25:04.390  3347  3347 D BluetoothA2dp: Proxy object connected
04-20 20:25:07.986 24895 24895 D BoundBrokerSvc: onUnbind: Intent { act=com.google.android.gms.measurement.START pkg=com.google.android.gms }
04-20 20:25:08.750  2290  2603 E bt_btm  : Ignoring RNR as the state is not BTM_SEC_STATE_GETTING_NAME
04-20 20:25:08.761  2308  2388 D CachedBluetoothDevice: Device name: moto e
04-20 20:25:11.511     0     0 W swapper/1: type=1400 audit(0.0:982): avc: denied { kill } for uid=0 capability=5 scontext=u:r:kernel:s0 tcontext=u:r:kernel:s0 tclass=capability permissive=0
04-20 20:25:16.056 30045 30065 I Finsky  : [2169] pjq.run(3): Stats for Executor: BlockingExecutor plw@96d8bc5[Running, pool size = 0, active threads = 0, queued tasks = 0, completed tasks = 23]
04-20 20:25:16.056 30045 30065 I Finsky  : [2169] pjq.run(3): Stats for Executor: LightweightExecutor plw@398b91a[Running, pool size = 4, active threads = 0, queued tasks = 0, completed tasks = 73]
04-20 20:25:16.197 30045 30065 I Finsky  : [2169] pjq.run(3): Stats for Executor: bgExecutor plw@488ec4b[Running, pool size = 4, active threads = 0, queued tasks = 0, completed tasks = 92]
04-20 20:25:21.511     0     0 W swapper/0: type=1400 audit(0.0:983): avc: denied { kill } for uid=0 capability=5 scontext=u:r:kernel:s0 tcontext=u:r:kernel:s0 tclass=capability permissive=0
04-20 20:25:21.789   804  1081 W qti_sensors_hal: processReportInd: lux: 34, ch0: 124, ch1: 14
04-20 20:25:22.163   804  1081 W qti_sensors_hal: processReportInd: lux: 22, ch0: 82, ch1: 13
04-20 20:25:22.661   804  1081 W qti_sensors_hal: processReportInd: lux: 31, ch0: 115, ch1: 13
04-20 20:25:24.406  3347  3347 I BistoRealService: requestDestroy
04-20 20:25:24.412  3347  3347 I BistoRealService: onDestroy
04-20 20:25:24.417  3347  3347 I BistoWiredManager: close
04-20 20:25:24.420  3347  3347 D BluetoothA2dp: Unbinding service...
04-20 20:25:24.425  3347  3347 I BistoClassicManager: close
04-20 20:25:31.515     0     0 W swapper/1: type=1400 audit(0.0:984): avc: denied { kill } for uid=0 capability=5 scontext=u:r:kernel:s0 tcontext=u:r:kernel:s0 tclass=capability permissive=0
04-20 20:25:41.518     0     0 W swapper/0: type=1400 audit(0.0:985): avc: denied { kill } for uid=0 capability=5 scontext=u:r:kernel:s0 tcontext=u:r:kernel:s0 tclass=capability permissive=0
04-20 20:25:47.250 24895  6319 E memtrack: Couldn't load memtrack module
04-20 20:25:47.250 24895  6319 W android.os.Debug: failed to get memory consumption info: -1
04-20 20:25:51.521     0     0 W swapper/1: type=1400 audit(0.0:986): avc: denied { kill } for uid=0 capability=5 scontext=u:r:kernel:s0 tcontext=u:r:kernel:s0 tclass=capability permissive=0
04-20 20:25:52.267  1743 11968 I ActivityManager: Force stopping com.google.location.nearby.apps.connectedcrossroad appid=10217 user=0: from pid 6333
04-20 20:25:52.273  2498  2498 E PhoneInterfaceManager: [PhoneIntfMgr] getCarrierPackageNamesForIntent: No UICC
04-20 20:25:52.273  2498  2498 D CarrierSvcBindHelper: No carrier app for: 0
04-20 20:25:52.433   804  1081 W qti_sensors_hal: processReportInd: lux: 23, ch0: 84, ch1: 14
04-20 20:25:53.604  1743 11968 I ActivityManager: Force stopping com.google.location.nearby.apps.connectedcrossroad appid=10217 user=0: from pid 6338
04-20 20:25:53.611  2498  2498 E PhoneInterfaceManager: [PhoneIntfMgr] getCarrierPackageNamesForIntent: No UICC
04-20 20:25:53.611  2498  2498 D CarrierSvcBindHelper: No carrier app for: 0
04-20 20:25:58.585 24895 24929 E memtrack: Couldn't load memtrack module
04-20 20:25:58.585 24895 24929 W android.os.Debug: failed to get memory consumption info: -1
04-20 20:26:00.023  2308  2308 W View    : requestLayout() improperly called by com.android.systemui.statusbar.HeadsUpStatusBarView{53e8307 I.E...... ......ID 0,0-248,56 #7f0a01f7 app:id/heads_up_status_bar_view} during layout: running second layout pass
04-20 20:26:00.766  1743  2233 I ActivityManager: Force stopping com.google.location.nearby.apps.connectedcrossroad appid=10217 user=0: from pid 6355
04-20 20:26:00.773  2498  2498 E PhoneInterfaceManager: [PhoneIntfMgr] getCarrierPackageNamesForIntent: No UICC
04-20 20:26:00.773  2498  2498 D CarrierSvcBindHelper: No carrier app for: 0
04-20 20:26:01.518     0     0 W swapper/0: type=1400 audit(0.0:987): avc: denied { kill } for uid=0 capability=5 scontext=u:r:kernel:s0 tcontext=u:r:kernel:s0 tclass=capability permissive=0
04-20 20:26:01.686  1743  2059 D BatteryService: uevent={POWER_SUPPLY_DP_DM=0, POWER_SUPPLY_VOLTAGE_NOW=4200461, POWER_SUPPLY_SW_JEITA_ENABLED=0, POWER_SUPPLY_CHARGE_CONTROL_LIMIT_MAX=8, POWER_SUPPLY_RECHARGE_SOC=99, POWER_SUPPLY_HEALTH=Good, POWER_SUPPLY_TECHNOLOGY=Li-ion, POWER_SUPPLY_FCC_STEPPER_ENABLE=0, SEQNUM=24418, POWER_SUPPLY_INPUT_CURRENT_LIMITED=0, POWER_SUPPLY_CHARGE_CONTROL_LIMIT=0, POWER_SUPPLY_BATTERY_CHARGING_ENABLED=1, POWER_SUPPLY_STATUS=Discharging, POWER_SUPPLY_CYCLE_COUNT=6, POWER_SUPPLY_CURRENT_MAX=2000000, POWER_SUPPLY_CHARGE_TERM_CURRENT=-101, POWER_SUPPLY_CAPACITY=89, DEVPATH=/devices/platform/soc/200f000.qcom,spmi/spmi-0/spmi0-02/200f000.qcom,spmi:qcom,pmi632@2:qcom,qpnp-smb5/power_supply/battery, POWER_SUPPLY_CHARGE_DONE=0, POWER_SUPPLY_CHARGE_TYPE=N/A, POWER_SUPPLY_CHARGE_RATE=None, POWER_SUPPLY_CURRENT_NOW=-211792, POWER_SUPPLY_SYSTEM_TEMP_LEVEL=0, POWER_SUPPLY_PRESENT=1, POWER_SUPPLY_PARALLEL_DISABLE=0, POWER_SUPPLY_CHARGE_FULL=3505000, SUBSYSTEM=power_supply, POWER_SUPPLY_SET_SHIP_MODE=0, POWER_SUPPLY_TEMP=259, ACTION=change, POWER_SUPPLY_RERUN_AICL=0, POWER_SUPPLY_AGE=97, POWER_SUPPLY_NAME=battery, POWER_SUPPLY_VOLTAGE_MAX=-22, POWER_SUPPLY_CONSTANT_CHARGE_CURRENT_MAX=2000000, POWER_SUPPLY_CHARGE_COUNTER=3119450, POWER_SUPPLY_STEP_CHARGING_ENABLED=0, POWER_SUPPLY_NUM_SYSTEM_TEMP_LEVELS=8, POWER_SUPPLY_DIE_HEALTH=Hot, POWER_SUPPLY_INPUT_SUSPEND=0}
04-20 20:26:01.705  2498  2498 D QtiCarrierConfigHelper: WARNING, no carrier configs on phone Id: 0
04-20 20:26:03.708  1743 11968 W AppOps  : Noting op not finished: uid 10156 pkg com.google.android.gms code 79 time=1618964703471 duration=0
04-20 20:26:03.713  1743 11968 W AppOps  : Noting op not finished: uid 10156 pkg com.google.android.gms code 79 time=1618964763708 duration=0
04-20 20:26:06.131  1743  4939 D WificondControl: Scan result ready event
04-20 20:26:06.560  1743 11968 I ActivityManager: Force stopping com.google.location.nearby.apps.connectedcrossroad appid=10217 user=0: from pid 6387
04-20 20:26:06.570  2498  2498 E PhoneInterfaceManager: [PhoneIntfMgr] getCarrierPackageNamesForIntent: No UICC
04-20 20:26:06.570  2498  2498 D CarrierSvcBindHelper: No carrier app for: 0
04-20 20:26:06.661  1743  4939 I ActivityTaskManager: START u0 {act=android.intent.action.MAIN cat=[android.intent.category.LAUNCHER] flg=0x10000000 cmp=com.google.location.nearby.apps.connectedcrossroad/nx.aodv.eval.MainActivity} from uid 2000
04-20 20:26:06.662  1743  4939 D ActivityTaskManager: getPreferredLaunchDisplay usersetdisplayid -1 current displayId 0 paramspreferid 0
04-20 20:26:06.662  1743  4939 D ActivityTaskManager: getPreferredLaunchDisplay usersetdisplayid -1 current displayId 0 paramspreferid 0
04-20 20:26:06.666  1743  4939 D ActivityTaskManager: getPreferredLaunchDisplay usersetdisplayid 0 current displayId 0 paramspreferid 0
04-20 20:26:06.675  7384  7427 D MCLOG   : [MC_TriggerHelper] PauseResumeTrigger
04-20 20:26:06.681  7384  7384 D MCLOG   : [MC_Service] onStartcommand()
04-20 20:26:06.682  1743  1743 V SettingsProvider: Notifying for 0: content://settings/secure/reminder_exp_learning_time_elapsed
04-20 20:26:06.687  1743  1766 E system_server: Invalid ID 0x00000000.
04-20 20:26:06.698  1743  1766 V WindowManager: Changing focus from Window{a0fbc2a u0 com.motorola.launcher3/com.android.launcher3.CustomizationPanelLauncher} to null displayId=0
04-20 20:26:06.700   721   721 D Zygote  : Forked child process 6397
04-20 20:26:06.705  1743  1773 I ActivityManager: Start proc 6397:com.google.location.nearby.apps.connectedcrossroad/u0a217 for activity {com.google.location.nearby.apps.connectedcrossroad/nx.aodv.eval.MainActivity}
04-20 20:26:06.707  6397  6397 I nectedcrossroa: Late-enabling -Xcheck:jni
04-20 20:26:06.733  6397  6397 E nectedcrossroa: Unknown bits set in runtime_flags: 0x8000
04-20 20:26:06.762  7384  7427 D MCLOG   : [MC_TriggerHelper] PauseResumeTrigger
04-20 20:26:06.770  1743  1766 I WindowManager:   SURFACE show Surface(name=Splash Screen com.google.location.nearby.apps.connectedcrossroad)/@0x4d0affe on display:0: Splash Screen com.google.location.nearby.apps.connectedcrossroad
04-20 20:26:06.777  7384  7384 D MCLOG   : [MC_Service] onStartcommand()
04-20 20:26:07.005  1743  1756 I system_server: Background concurrent copying GC freed 123521(6867KB) AllocSpace objects, 35(9544KB) LOS objects, 42% free, 19MB/34MB, paused 142us total 175.004ms
04-20 20:26:07.073  1743  7056 I WindowManager: Window drawn AppWindowToken{815d8f1 token=Token{f647898 ActivityRecord{fa6c27b u0 com.motorola.launcher3/com.android.launcher3.CustomizationPanelLauncher t4}}}
04-20 20:26:07.172  6397  6397 W nectedcrossroa: Accessing hidden method Landroid/view/View;->computeFitSystemWindows(Landroid/graphics/Rect;Landroid/graphics/Rect;)Z (greylist, reflection, allowed)
04-20 20:26:07.173  6397  6397 W nectedcrossroa: Accessing hidden method Landroid/view/ViewGroup;->makeOptionalFitsSystemWindows()V (greylist, reflection, allowed)
04-20 20:26:07.348  6397  6397 V perf    : AODV networking started.
04-20 20:26:07.368 22073 22073 D BoundBrokerSvc: onBind: Intent { act=com.google.android.gms.nearby.connection.service.START pkg=com.google.android.gms }
04-20 20:26:07.368 22073 22073 D BoundBrokerSvc: Loading bound service for intent: Intent { act=com.google.android.gms.nearby.connection.service.START pkg=com.google.android.gms }
04-20 20:26:07.458  1743  2233 V WindowManager: Changing focus from null to Window{12e05e3 u0 com.google.location.nearby.apps.connectedcrossroad/nx.aodv.eval.MainActivity} displayId=0
04-20 20:26:07.461  6397  6431 I AdrenoGLES: QUALCOMM build                   : 961b24f, Ib57168459a
04-20 20:26:07.461  6397  6431 I AdrenoGLES: Build Date                       : 02/24/20
04-20 20:26:07.461  6397  6431 I AdrenoGLES: OpenGL ES Shader Compiler Version: EV031.27.05.06
04-20 20:26:07.461  6397  6431 I AdrenoGLES: Local Branch                     : 
04-20 20:26:07.461  6397  6431 I AdrenoGLES: Remote Branch                    : 
04-20 20:26:07.461  6397  6431 I AdrenoGLES: Remote Branch                    : 
04-20 20:26:07.461  6397  6431 I AdrenoGLES: Reconstruct Branch               : 
04-20 20:26:07.461  6397  6431 I AdrenoGLES: Build Config                     : S L 8.0.12 AArch32
04-20 20:26:07.465  6397  6431 I AdrenoGLES: PFP: 0x005ff112, ME: 0x005ff066
04-20 20:26:07.503   572   572 I hwservicemanager: getTransport: Cannot find entry android.hardware.graphics.mapper@3.0::IMapper/default in either framework or device manifest.
04-20 20:26:07.504  6397  6431 W Gralloc3: mapper 3.x is not supported
04-20 20:26:07.522  1743  1766 I LaunchCheckinHandler: Displayed com.google.location.nearby.apps.connectedcrossroad/nx.aodv.eval.MainActivity,cp,ca,839
04-20 20:26:07.522  1743  1766 I WindowManager: Window drawn AppWindowToken{ab8b613 token=Token{435ed02 ActivityRecord{8c0fe4d u0 com.google.location.nearby.apps.connectedcrossroad/nx.aodv.eval.MainActivity t20}}}
04-20 20:26:07.522  1743  1766 I WindowManager:   SURFACE show Surface(name=com.google.location.nearby.apps.connectedcrossroad/nx.aodv.eval.MainActivity)/@0xeed0e99 on display:0: com.google.location.nearby.apps.connectedcrossroad/nx.aodv.eval.MainActivity
04-20 20:26:07.524  1743  1771 I ActivityTaskManager: Displayed com.google.location.nearby.apps.connectedcrossroad/nx.aodv.eval.MainActivity: +861ms
04-20 20:26:07.539 22073 23806 I NearbyConnections: Client 106890103 with package name com.google.location.nearby.apps.connectedcrossroad and sdk version 12451000 has connected. [CONTEXT service_id=54 ]
04-20 20:26:07.570  1743  7056 I ActivityManager: Killing 26114:com.google.android.googlequicksearchbox:search/u0a122 (adj 900): remove task
04-20 20:26:07.571  1743  7056 I ActivityManager: Killing 5028:com.google.android.webview:sandboxed_process0:org.chromium.content.app.SandboxedProcessService0:0/u0a122i1 (adj 900): remove task
04-20 20:26:07.572  1743  7056 I ActivityManager: Killing 4900:com.google.process.gapps/u0a156 (adj 965): empty #17
04-20 20:26:07.572  1743  7056 I ActivityManager: Killing 413:com.google.android.apps.tachyon/u0a197 (adj 965): empty #18
04-20 20:26:07.573  1743  7056 I ActivityManager: Killing 4013:com.google.android.apps.turbo:aab/u0a142 (adj 975): empty #19
04-20 20:26:07.588  1743  7056 D ActivityManager: makeInactive, ProcessRecord{f137508 5028:com.google.android.webview:sandboxed_process0:org.chromium.content.app.SandboxedProcessService0:0/u0a122i1}, clear holder.state
04-20 20:26:07.588  1743  7056 W ActivityManager: Scheduling restart of crashed service com.google.android.googlequicksearchbox/org.chromium.content.app.SandboxedProcessService0:0 in 1000ms
04-20 20:26:07.588  4992  4992 I Zygote  : Process 5028 exited due to signal 9 (Killed)
04-20 20:26:07.628   721   721 I Zygote  : Process 413 exited due to signal 9 (Killed)
04-20 20:26:07.629   721   721 I Zygote  : Process 4013 exited due to signal 9 (Killed)
04-20 20:26:07.629   721   721 I Zygote  : Process 4900 exited due to signal 9 (Killed)
04-20 20:26:07.629  1743  7056 D ActivityManager: makeInactive, ProcessRecord{a44b11a 4900:com.google.process.gapps/u0a156}, clear holder.state
04-20 20:26:07.631  1743  2443 D ActivityManager: makeInactive, ProcessRecord{f2f6c05 413:com.google.android.apps.tachyon/u0a197}, clear holder.state
04-20 20:26:07.632  1743  3392 D ActivityManager: makeInactive, ProcessRecord{6a7f16d 4013:com.google.android.apps.turbo:aab/u0a142}, clear holder.state
04-20 20:26:07.665  1743  2156 W InputDispatcher: channel '396e097 com.motorola.launcher3/com.android.launcher3.CustomizationPanelLauncher (server)' ~ Consumer closed input channel or an error occurred.  events=0x9
04-20 20:26:07.665  1743  2156 E InputDispatcher: channel '396e097 com.motorola.launcher3/com.android.launcher3.CustomizationPanelLauncher (server)' ~ Channel is unrecoverably broken and will be disposed!
04-20 20:26:07.665  1743  2443 E AudioService.RecordingActivityMonitor: Unexpected event 3 for riid 191
04-20 20:26:07.666  1743  4798 D ConnectivityService: ConnectivityService NetworkRequestInfo binderDied(NetworkRequest [ LISTEN id=111, [ Capabilities: INTERNET&NOT_RESTRICTED&TRUSTED Uid: 10122] ], android.os.BinderProxy@151844b)
04-20 20:26:07.666  1743  4798 D ConnectivityService: ConnectivityService NetworkRequestInfo binderDied(NetworkRequest [ TRACK_DEFAULT id=110, [ Capabilities: INTERNET&NOT_RESTRICTED&TRUSTED Uid: 10122] ], android.os.BinderProxy@3065e28)
04-20 20:26:07.666  1743  2244 D ConnectivityService: releasing NetworkRequest [ TRACK_DEFAULT id=110, [ Capabilities: INTERNET&NOT_RESTRICTED&TRUSTED Uid: 10122] ] (release request)
04-20 20:26:07.667  1743  1743 W VoiceInteractionServiceManager: Voice interation session already dead
04-20 20:26:07.667  1743  3392 E AudioService.RecordingActivityMonitor: Unexpected event 3 for riid 207
04-20 20:26:07.667  1743  2389 I WindowManager: WIN DEATH: Window{396e097 u0 com.motorola.launcher3/com.android.launcher3.CustomizationPanelLauncher}
04-20 20:26:07.667  1743  2389 W InputDispatcher: Attempted to unregister already unregistered input channel '396e097 com.motorola.launcher3/com.android.launcher3.CustomizationPanelLauncher (server)'
04-20 20:26:07.670  1743  4798 D ActivityManager: makeInactive, ProcessRecord{a75af72 26114:com.google.android.googlequicksearchbox:search/u0a122}, clear holder.state
04-20 20:26:07.671  2290  2711 D Avrcp_ext: AudioManager Player: ID:23 -- type:android.media.SoundPool -- u/pid:1000/1743 -- state:idle -- attr:AudioAttributes: usage=USAGE_ASSISTANCE_SONIFICATION content=CONTENT_TYPE_SONIFICATION flags=0x800 tags= bundle=null
04-20 20:26:07.672  2290  2711 D Avrcp_ext: AudioManager Player: ID:39 -- type:android.media.MediaPlayer -- u/pid:10129/2521 -- state:idle -- attr:AudioAttributes: usage=USAGE_MEDIA content=CONTENT_TYPE_MUSIC flags=0x800 tags= bundle=null
04-20 20:26:07.672  2290  2711 D Avrcp_ext: AudioManager Player: ID:55 -- type:android.media.SoundPool -- u/pid:10132/2308 -- state:idle -- attr:AudioAttributes: usage=USAGE_ASSISTANCE_SONIFICATION content=CONTENT_TYPE_SONIFICATION flags=0x800 tags= bundle=null
04-20 20:26:07.672  2290  2711 D Avrcp_ext: AudioManager isPlaying: false
04-20 20:26:07.672   721   721 I Zygote  : Process 26114 exited due to signal 9 (Killed)
04-20 20:26:07.673  1743  4798 W ActivityManager: Scheduling restart of crashed service com.google.android.googlequicksearchbox/com.google.android.apps.gsa.assist.GsaVoiceInteractionSessionService in 1000ms
04-20 20:26:07.673  1743  4798 W ActivityManager: Scheduling restart of crashed service com.google.android.googlequicksearchbox/com.google.android.apps.gsa.nowoverlayservice.DrawerOverlayService in 11000ms
04-20 20:26:07.675  1743  1765 W ActivityManager: setHasOverlayUi called on unknown pid: 26114
04-20 20:26:07.676 24895 24895 D BoundBrokerSvc: onUnbind: Intent { act=com.google.android.gms.people.service.START pkg=com.google.android.gms }
04-20 20:26:07.680  1743  1774 I libprocessgroup: Successfully killed process cgroup uid 10122 pid 26114 in 109ms
04-20 20:26:07.681  1743  1774 W libprocessgroup: Failed to open process cgroup uid 99001 pid 5028: Permission denied
04-20 20:26:07.681  1743  1774 E libprocessgroup: Error encountered killing process cgroup uid 99001 pid 5028: Permission denied
04-20 20:26:07.682  1743  1774 I libprocessgroup: Successfully killed process cgroup uid 10156 pid 4900 in 0ms
04-20 20:26:07.682  1743  1774 I libprocessgroup: Successfully killed process cgroup uid 10197 pid 413 in 0ms
04-20 20:26:07.682  1743  1774 I libprocessgroup: Successfully killed process cgroup uid 10142 pid 4013 in 0ms
04-20 20:26:11.525     0     0 W swapper/0: type=1400 audit(0.0:988): avc: denied { kill } for uid=0 capability=5 scontext=u:r:kernel:s0 tcontext=u:r:kernel:s0 tclass=capability permissive=0
04-20 20:26:21.528     0     0 W swapper/2: type=1400 audit(0.0:989): avc: denied { kill } for uid=0 capability=5 scontext=u:r:kernel:s0 tcontext=u:r:kernel:s0 tclass=capability permissive=0
04-20 20:26:30.280   804  1081 W qti_sensors_hal: processReportInd: lux: 16, ch0: 60, ch1: 14
04-20 20:26:31.287  2946  2946 I KeyboardViewUtil: KeyboardViewUtil.getKeyboardHeightRatio():127 systemKeyboardHeightRatio:1.000000; userKeyboardHeightRatio:1.000000.
04-20 20:26:31.288  2946  2946 I AndroidIME: AbstractIme.onActivate():83 LatinIme.onActivate() : EditorInfo = Package = com.google.location.nearby.apps.connectedcrossroad : Type = Text : Learning = Enable : Suggestion = Show : AutoCorrection = Enable : Microphone = Show : NoPersonalizedLearning = Disable, IncognitoMode = false
04-20 20:26:31.288  2946  2946 I Delight5Facilitator: Delight5Facilitator.initializeForIme():574 initializeForIme() : Locale = [en_US], layout = qwerty
04-20 20:26:31.288  2946  2946 I VoiceInputManagerWrapper: VoiceInputManagerWrapper.cancelShutdown():54 cancelShutdown()
04-20 20:26:31.288  2946  2946 I VoiceInputManagerWrapper: VoiceInputManagerWrapper.syncLanguagePacks():66 syncLanguagePacks()
04-20 20:26:31.289  2946 27033 I SpeechFactory: SpeechRecognitionFactory.maybeScheduleAutoPackDownloadForFallback():155 maybeScheduleAutoPackDownloadForFallback()
04-20 20:26:31.289  2946 27033 I FallbackOnDeviceRecognitionProvider: FallbackOnDeviceRecognitionProvider.maybeScheduleAutoPackDownload():200 maybeScheduleAutoPackDownload() for language tag en-US
