04-20 20:18:35.928  1746  1784 I DisplayPowerController: Unblocked screen on after 76 ms
04-20 20:18:38.094  1746  1784 I DisplayPowerController: Blocking screen off
04-20 20:18:38.095  1746  1784 I DisplayPowerController: Unblocked screen off after 0 ms
04-20 20:18:38.135  1746  1784 I WindowManager: Screen turned off...
04-20 20:18:38.156  1746  1784 V DisplayPowerController: Brightness [0] reason changing to: 'screen_off', previous reason: 'doze'.
04-20 20:18:38.157  1746  1769 I DisplayManagerService: Display device changed state: "Built-in Screen", OFF
04-20 20:18:51.657  1746  1784 I DisplayPowerController: Blocking screen on until initial contents have been drawn.
04-20 20:18:51.657  1746  1784 I WindowManager: Screen turning on...
04-20 20:18:51.658  1746  1765 D WindowManager: mKeyguardDelegate.ShowListener.onDrawn.
04-20 20:18:51.658  1746  1767 W WindowManager: Setting mKeyguardDrawComplete
04-20 20:18:51.673  1746  1784 V DisplayPowerController: Brightness [23] reason changing to: 'doze', previous reason: 'screen_off'.
04-20 20:18:51.676  1746  1769 I DisplayManagerService: Display device changed state: "Built-in Screen", ON
04-20 20:18:51.726  1746  1769 I WindowManager: All windows ready for display!
04-20 20:18:51.726  1746  1767 W WindowManager: Setting mWindowManagerDrawComplete
04-20 20:18:51.727  1746  1784 I DisplayPowerController: Unblocked screen on after 70 ms
04-20 20:18:55.674  1746  1784 I DisplayPowerController: Blocking screen off
04-20 20:18:55.674  1746  1784 I DisplayPowerController: Unblocked screen off after 1 ms
04-20 20:18:55.700  1746  1784 I WindowManager: Screen turned off...
04-20 20:18:55.725  1746  1784 V DisplayPowerController: Brightness [0] reason changing to: 'screen_off', previous reason: 'doze'.
04-20 20:18:55.726  1746  1769 I DisplayManagerService: Display device changed state: "Built-in Screen", OFF
04-20 20:19:04.603  1746  2396 W AppOps  : Noting op not finished: uid 10157 pkg com.google.android.gms code 79 time=1618964293756 duration=-1
04-20 20:19:04.607  1746  1765 W AppOps  : Noting op not finished: uid 10157 pkg com.google.android.gms code 79 time=1618964344603 duration=0
04-20 20:19:08.094  1746  1784 I DisplayPowerController: Blocking screen on until initial contents have been drawn.
04-20 20:19:08.094  1746  1784 I WindowManager: Screen turning on...
04-20 20:19:08.096  1746  2444 D WindowManager: mKeyguardDelegate.ShowListener.onDrawn.
04-20 20:19:08.096  1746  1767 W WindowManager: Setting mKeyguardDrawComplete
04-20 20:19:08.109  1746  1784 V DisplayPowerController: Brightness [23] reason changing to: 'doze', previous reason: 'screen_off'.
04-20 20:19:08.111  1746  1769 I DisplayManagerService: Display device changed state: "Built-in Screen", ON
--------- beginning of main
04-20 20:19:08.131  1285  1461 D [gf_ca_entry]: [gf_ta_send_modified_cmd_req] whitebox is enabled.
04-20 20:19:08.136   806  1699 W qti_sensors_hal: reportSingleEvent: NearBy 0, pData 3511,  highThd 5001
04-20 20:19:08.140  2315 12263 I MotoDisplayManager: MotoDisplayCallback setScreenBrightness<brightness>30
04-20 20:19:08.144  2628  2695 I QcrilOemhookMsgTunnel: [0]processOemHookResponse serial no: -1 error: 0length=1
04-20 20:19:08.144  2628  2695 E QcrilOemhookMsgTunnel: [0]Unexpected serial number in solicited response!serial: -1 error: 0
04-20 20:19:08.155 30447 30447 I MotoDisplay: Time elapsed since sensor trigger Type: GLANCE_GESTURE GlanceType: GLANCE_GESTURE_EXIT_FLATUP is 232 ms
04-20 20:19:08.158  2315 12263 I MotoDisplayManager: MotoDisplayCallback setScreenBrightness<brightness>9
04-20 20:19:08.160  1285  1461 D [gf_ca_entry]: [gf_ca_logdump] enter
04-20 20:19:08.160  1285  1461 D [gf_ca_entry]: [gf_ca_logdump] exit
04-20 20:19:08.160  1285  1461 D [gf_sec_ion]: [gf_sec_ion_free] enter
04-20 20:19:08.160  1285  1461 D [gf_sec_ion]: [gf_sec_ion_free] gf_sec_ion_free ion_local_flag is not true
04-20 20:19:08.160  1285  1461 D [gf_sec_ion]: [gf_sec_ion_free] exit
04-20 20:19:08.160  1285  1461 D [gf_ca_entry]: [gf_ta_send_modified_cmd_req] exit
04-20 20:19:08.160  1285  1461 D [gf_ca_entry]: [gf_ca_invoke_command] gx_ta_send_modified_cmd_req success
04-20 20:19:08.160  1285  1461 D [gf_ca_entry]: [gf_ca_invoke_command] ta execution succeed
04-20 20:19:08.160  1285  1461 D [gf_ca_entry]: [gf_ca_invoke_command] exit
04-20 20:19:08.175  1746  1769 I WindowManager: All windows ready for display!
04-20 20:19:08.175  1746  1767 W WindowManager: Setting mWindowManagerDrawComplete
04-20 20:19:08.175  1746  1784 I DisplayPowerController: Unblocked screen on after 82 ms
04-20 20:19:08.179 30447 30447 I MotoDisplay: Animations disabled: false
04-20 20:19:08.400   882   882 D SurfaceFlinger: Finished setting power mode 2 on display 0
04-20 20:19:10.904  2315 12263 I MotoDisplayManager: MotoDisplayCallback setScreenBrightness<brightness>0
04-20 20:19:12.103 30447 30447 I MotoDisplay: Request System UI to turn display OFF.
04-20 20:19:12.104  2315 12263 I MotoDisplayManager: MotoDisplayCallback requestScreenOff
04-20 20:19:12.105 30447 30447 I MotoDisplay: Acquiring partial wakelock MotoDisplayWakeLock for 500ms.
04-20 20:19:12.109 30447 30447 I MotoDisplay: Releasing wakelock: MotoDisplayWakeLock
04-20 20:19:12.115  1746  1784 I DisplayPowerController: Blocking screen off
04-20 20:19:12.118  1746  1784 I DisplayPowerController: Unblocked screen off after 0 ms
04-20 20:19:12.141  1746  1784 I WindowManager: Screen turned off...
04-20 20:19:12.149  2506  2506 D QtiCarrierConfigHelper: WARNING, no carrier configs on phone Id: 0
04-20 20:19:12.162  1746  1784 V DisplayPowerController: Brightness [0] reason changing to: 'screen_off', previous reason: 'doze'.
04-20 20:19:12.163  1746  1769 I DisplayManagerService: Display device changed state: "Built-in Screen", OFF
04-20 20:19:12.163   882   882 D SurfaceFlinger: Setting power mode 0 on display 0
04-20 20:19:12.164   819  2889 I SDM     : DisplayBase::SetDisplayState: Set state = 0, display 0
04-20 20:19:12.167  2297  2578 I chatty  : uid=1002(bluetooth) BluetoothScanMa expire 29 lines
04-20 20:19:12.182  2315  2315 D StatusBar: disable<e i a s b H R c s > disable2<q i n >
04-20 20:19:12.186  2315  2315 D StatusBar: disable<e i a s b H R c s > disable2<q i n >
04-20 20:19:12.205  2628  2695 I QcrilOemhookMsgTunnel: [0]processOemHookResponse serial no: -1 error: 0length=1
04-20 20:19:12.205  2628  2695 E QcrilOemhookMsgTunnel: [0]Unexpected serial number in solicited response!serial: -1 error: 0
04-20 20:19:12.210  1285  1285 W fingerprint@2.1: type=1400 audit(0.0:738): avc: denied { read } for uid=1000 name="u:object_r:default_prop:s0" dev="tmpfs" ino=6639 scontext=u:r:hal_fingerprint_default:s0 tcontext=u:object_r:default_prop:s0 tclass=file permissive=0
04-20 20:19:12.215  1285  1461 I [GF_HAL][gf_hal]: [gf_hal_screen_off]
04-20 20:19:12.215  1285  1461 D [gf_ca_entry]: [gf_ca_invoke_command] enter
04-20 20:19:12.215  1285  1461 D [gf_ca_entry]: [gf_ta_send_modified_cmd_req] enter
04-20 20:19:12.215  1285  1461 D [gf_ca_entry]: [gf_ta_send_modified_cmd_req] begin token 48, cmd_id=1018
04-20 20:19:12.215  1285  1461 D [gf_ca_entry]: [gf_ca_get_logbuf_length] enter
04-20 20:19:12.215  1285  1461 E libc    : Access denied finding property "gf.debug.dump_talog_data"
04-20 20:19:12.215  1285  1461 D [gf_ca_entry]: [gf_ca_get_logbuf_length] exit
04-20 20:19:12.215  1285  1461 D [gf_sec_ion]: [gf_sec_ion_malloc] enter
04-20 20:19:12.215  1285  1461 D [gf_sec_ion]: [gf_sec_ion_malloc] gf_sec_ion_malloc data_size = 128
04-20 20:19:12.215  1285  1461 D [gf_sec_ion]: [gf_sec_ion_malloc] exit
04-20 20:19:12.215  1285  1461 D [gf_ca_entry]: [gf_ta_send_modified_cmd_req] whitebox is enabled.
04-20 20:19:12.234  1285  1461 D [gf_ca_entry]: [gf_ca_logdump] enter
04-20 20:19:12.234  1285  1461 D [gf_ca_entry]: [gf_ca_logdump] exit
04-20 20:19:12.234  1285  1461 D [gf_sec_ion]: [gf_sec_ion_free] enter
04-20 20:19:12.234  1285  1461 D [gf_sec_ion]: [gf_sec_ion_free] gf_sec_ion_free ion_local_flag is not true
04-20 20:19:12.234  1285  1461 D [gf_sec_ion]: [gf_sec_ion_free] exit
04-20 20:19:12.234  1285  1461 D [gf_ca_entry]: [gf_ta_send_modified_cmd_req] exit
04-20 20:19:12.234  1285  1461 D [gf_ca_entry]: [gf_ca_invoke_command] gx_ta_send_modified_cmd_req success
04-20 20:19:12.234  1285  1461 D [gf_ca_entry]: [gf_ca_invoke_command] ta execution succeed
04-20 20:19:12.234  1285  1461 D [gf_ca_entry]: [gf_ca_invoke_command] exit
04-20 20:19:12.550   882   882 D SurfaceFlinger: Finished setting power mode 0 on display 0
04-20 20:19:15.168  1746  2064 D BatteryService: uevent={POWER_SUPPLY_DP_DM=0, POWER_SUPPLY_VOLTAGE_NOW=4249314, POWER_SUPPLY_SW_JEITA_ENABLED=0, POWER_SUPPLY_CHARGE_CONTROL_LIMIT_MAX=8, POWER_SUPPLY_RECHARGE_SOC=99, POWER_SUPPLY_HEALTH=Good, POWER_SUPPLY_TECHNOLOGY=Li-ion, POWER_SUPPLY_FCC_STEPPER_ENABLE=0, SEQNUM=18452, POWER_SUPPLY_INPUT_CURRENT_LIMITED=0, POWER_SUPPLY_CHARGE_CONTROL_LIMIT=0, POWER_SUPPLY_BATTERY_CHARGING_ENABLED=1, POWER_SUPPLY_STATUS=Discharging, POWER_SUPPLY_CYCLE_COUNT=1, POWER_SUPPLY_CURRENT_MAX=2000000, POWER_SUPPLY_CHARGE_TERM_CURRENT=-101, POWER_SUPPLY_CAPACITY=92, DEVPATH=/devices/platform/soc/200f000.qcom,spmi/spmi-0/spmi0-02/200f000.qcom,spmi:qcom,pmi632@2:qcom,qpnp-smb5/power_supply/battery, POWER_SUPPLY_CHARGE_DONE=0, POWER_SUPPLY_CHARGE_TYPE=N/A, POWER_SUPPLY_CHARGE_RATE=None, POWER_SUPPLY_CURRENT_NOW=-99945, POWER_SUPPLY_SYSTEM_TEMP_LEVEL=0, POWER_SUPPLY_PRESENT=1, POWER_SUPPLY_PARALLEL_DISABLE=0, POWER_SUPPLY_CHARGE_FULL=3615000, SUBSYSTEM=power_supply, POWER_SUPPLY_SET_SHIP_MODE=0, POWER_SUPPLY_TEMP=248, ACTION=change, POWER_SUPPLY_RERUN_AICL=0, POWER_SUPPLY_AGE=100, POWER_SUPPLY_NAME=battery, POWER_SUPPLY_VOLTAGE_MAX=-22, POWER_SUPPLY_CONSTANT_CHARGE_CURRENT_MAX=2000000, POWER_SUPPLY_CHARGE_COUNTER=3325800, POWER_SUPPLY_STEP_CHARGING_ENABLED=0, POWER_SUPPLY_NUM_SYSTEM_TEMP_LEVELS=8, POWER_SUPPLY_DIE_HEALTH=Hot, POWER_SUPPLY_INPUT_SUSPEND=0}
04-20 20:19:15.190  2506  2506 D QtiCarrierConfigHelper: WARNING, no carrier configs on phone Id: 0
04-20 20:19:15.676 14771 14809 I Finsky  : [1220] nmi.run(36): Stats for Executor: BlockingExecutor non@53731ee[Running, pool size = 0, active threads = 0, queued tasks = 0, completed tasks = 853]
04-20 20:19:15.677 14771 14809 I Finsky  : [1220] nmi.run(36): Stats for Executor: LightweightExecutor non@5caf68f[Running, pool size = 4, active threads = 0, queued tasks = 0, completed tasks = 1474]
04-20 20:19:15.782 30372 30372 W kworker/0:1: type=1400 audit(0.0:739): avc: denied { kill } for uid=0 capability=5 scontext=u:r:kernel:s0 tcontext=u:r:kernel:s0 tclass=capability permissive=0
04-20 20:19:15.895 14771 14809 I Finsky  : [1220] nmi.run(36): Stats for Executor: bgExecutor non@24bd1c[Running, pool size = 4, active threads = 0, queued tasks = 0, completed tasks = 1846]
04-20 20:19:24.117 30447 30447 I MotoDisplay: Acquiring partial wakelock MotoDisplayWakeLock for 500ms.
04-20 20:19:24.122 30447 30447 I MotoDisplay: Start logging time for trigger Type: GLANCE_GESTURE GlanceType: GLANCE_GESTURE_EXIT_FLATUP
04-20 20:19:24.123 30447 30447 I MotoDisplay: Glance Sensor Event Gesture Type: 2
04-20 20:19:24.123 30447 30447 I MotoDisplay: pulse - trigger: Type: GLANCE_GESTURE GlanceType: GLANCE_GESTURE_EXIT_FLATUP is pulsing: false is paused: false
04-20 20:19:24.123 30447 30447 I MotoDisplay: Acquiring partial wakelock MotoDisplayWakeLock for 500ms.
04-20 20:19:24.152 30447 30447 I MotoDisplay: isPulseAllowed: true
04-20 20:19:24.199 30447 30447 I MotoDisplay: Animations disabled: false
04-20 20:19:24.201  2315 12263 I MotoDisplayManager: MotoDisplayCallback triggerVirtualSensor
04-20 20:19:24.223   806  1699 W qti_sensors_hal: reportSingleEvent: NearBy 0, pData 3459,  highThd 5001
04-20 20:19:24.277  2506  2506 D QtiCarrierConfigHelper: WARNING, no carrier configs on phone Id: 0
04-20 20:19:24.278  1746  1784 I DisplayPowerController: Blocking screen on until initial contents have been drawn.
04-20 20:19:24.279  1746  1784 I WindowManager: Screen turning on...
04-20 20:19:24.280  2315 18382 V KeyguardViewMediator: notifyDrawn
04-20 20:19:24.281  1746  4804 D WindowManager: mKeyguardDelegate.ShowListener.onDrawn.
04-20 20:19:24.281  1746  1767 W WindowManager: Setting mKeyguardDrawComplete
04-20 20:19:24.321  1746  1784 V DisplayPowerController: Brightness [23] reason changing to: 'doze', previous reason: 'screen_off'.
04-20 20:19:24.322  1746  1769 I DisplayManagerService: Display device changed state: "Built-in Screen", ON
04-20 20:19:24.323   882   882 D SurfaceFlinger: Setting power mode 2 on display 0
04-20 20:19:24.331  1285  1285 W fingerprint@2.1: type=1400 audit(0.0:740): avc: denied { read } for uid=1000 name="u:object_r:default_prop:s0" dev="tmpfs" ino=6639 scontext=u:r:hal_fingerprint_default:s0 tcontext=u:object_r:default_prop:s0 tclass=file permissive=0
04-20 20:19:24.335   819   915 I SDM     : DisplayBase::SetDisplayState: Set state = 1, display 0
04-20 20:19:24.335  1285  1461 I [GF_HAL][gf_hal]: [gf_hal_screen_on]
04-20 20:19:24.335  1285  1461 D [gf_ca_entry]: [gf_ca_invoke_command] enter
04-20 20:19:24.335  1285  1461 D [gf_ca_entry]: [gf_ta_send_modified_cmd_req] enter
04-20 20:19:24.335  1285  1461 D [gf_ca_entry]: [gf_ta_send_modified_cmd_req] begin token 49, cmd_id=1017
04-20 20:19:24.335  1285  1461 D [gf_ca_entry]: [gf_ca_get_logbuf_length] enter
04-20 20:19:24.336  1285  1461 E libc    : Access denied finding property "gf.debug.dump_talog_data"
04-20 20:19:24.336  1285  1461 D [gf_ca_entry]: [gf_ca_get_logbuf_length] exit
04-20 20:19:24.336  1285  1461 D [gf_sec_ion]: [gf_sec_ion_malloc] enter
04-20 20:19:24.336  1285  1461 D [gf_sec_ion]: [gf_sec_ion_malloc] gf_sec_ion_malloc data_size = 128
04-20 20:19:24.336  1285  1461 D [gf_sec_ion]: [gf_sec_ion_malloc] exit
04-20 20:19:24.336  1285  1461 D [gf_ca_entry]: [gf_ta_send_modified_cmd_req] whitebox is enabled.
04-20 20:19:24.340   806  1699 W qti_sensors_hal: reportSingleEvent: NearBy 0, pData 3459,  highThd 5001
04-20 20:19:24.349  2315 12263 I MotoDisplayManager: MotoDisplayCallback setScreenBrightness<brightness>30
04-20 20:19:24.362  2628  2695 I QcrilOemhookMsgTunnel: [0]processOemHookResponse serial no: -1 error: 0length=1
04-20 20:19:24.362  2628  2695 E QcrilOemhookMsgTunnel: [0]Unexpected serial number in solicited response!serial: -1 error: 0
04-20 20:19:24.377   806  1699 W qti_sensors_hal: reportSingleEvent: NearBy 0, pData 3459,  highThd 5001
04-20 20:19:24.385 30447 30447 I MotoDisplay: Time elapsed since sensor trigger Type: GLANCE_GESTURE GlanceType: GLANCE_GESTURE_EXIT_FLATUP is 262 ms
04-20 20:19:24.388  2315 12263 I MotoDisplayManager: MotoDisplayCallback setScreenBrightness<brightness>9
04-20 20:19:24.398  1285  1461 D [gf_ca_entry]: [gf_ca_logdump] enter
04-20 20:19:24.398  1285  1461 D [gf_ca_entry]: [gf_ca_logdump] exit
04-20 20:19:24.398  1285  1461 D [gf_sec_ion]: [gf_sec_ion_free] enter
04-20 20:19:24.398  1285  1461 D [gf_sec_ion]: [gf_sec_ion_free] gf_sec_ion_free ion_local_flag is not true
04-20 20:19:24.398  1285  1461 D [gf_sec_ion]: [gf_sec_ion_free] exit
04-20 20:19:24.398  1285  1461 D [gf_ca_entry]: [gf_ta_send_modified_cmd_req] exit
04-20 20:19:24.398  1285  1461 D [gf_ca_entry]: [gf_ca_invoke_command] gx_ta_send_modified_cmd_req success
04-20 20:19:24.398  1285  1461 D [gf_ca_entry]: [gf_ca_invoke_command] ta execution succeed
04-20 20:19:24.398  1285  1461 D [gf_ca_entry]: [gf_ca_invoke_command] exit
04-20 20:19:24.412 30447 30447 I MotoDisplay: Animations disabled: false
04-20 20:19:24.433  1746  1769 I WindowManager: All windows ready for display!
04-20 20:19:24.433  1746  1767 W WindowManager: Setting mWindowManagerDrawComplete
04-20 20:19:24.434  1746  1784 I DisplayPowerController: Unblocked screen on after 155 ms
04-20 20:19:24.635   882   882 D SurfaceFlinger: Finished setting power mode 2 on display 0
04-20 20:19:24.902   806  1699 W qti_sensors_hal: reportSingleEvent: NearBy 1, pData 3744,  highThd 5000
04-20 20:19:24.902   806  1089 I SLPI-MotLTV: LTV debug - state 1, fxyz -309 163 964 sfd 6
04-20 20:19:25.426 30447 30447 I MotoDisplay: Request System UI to turn display OFF.
04-20 20:19:25.426  2315 12263 I MotoDisplayManager: MotoDisplayCallback requestScreenOff
04-20 20:19:25.431 30447 30447 I MotoDisplay: Acquiring partial wakelock MotoDisplayWakeLock for 500ms.
04-20 20:19:25.434 30447 30447 I MotoDisplay: Releasing wakelock: MotoDisplayWakeLock
04-20 20:19:25.441  1746  1784 I DisplayPowerController: Blocking screen off
04-20 20:19:25.441  1746  1784 I DisplayPowerController: Unblocked screen off after 1 ms
04-20 20:19:25.461  1746  1784 I WindowManager: Screen turned off...
04-20 20:19:25.464  2506  2506 D QtiCarrierConfigHelper: WARNING, no carrier configs on phone Id: 0
04-20 20:19:25.472   806  1699 W qti_sensors_hal: reportSingleEvent: NearBy 0, pData 3535,  highThd 5001
04-20 20:19:25.483  1746  1784 V DisplayPowerController: Brightness [0] reason changing to: 'screen_off', previous reason: 'doze'.
04-20 20:19:25.484   882   882 D SurfaceFlinger: Setting power mode 0 on display 0
04-20 20:19:25.484   819   915 I SDM     : DisplayBase::SetDisplayState: Set state = 0, display 0
04-20 20:19:25.484  1746  1769 I DisplayManagerService: Display device changed state: "Built-in Screen", OFF
04-20 20:19:25.501  2628  2695 I QcrilOemhookMsgTunnel: [0]processOemHookResponse serial no: -1 error: 0length=1
04-20 20:19:25.501  2628  2695 E QcrilOemhookMsgTunnel: [0]Unexpected serial number in solicited response!serial: -1 error: 0
04-20 20:19:25.531  1285  1285 W fingerprint@2.1: type=1400 audit(0.0:741): avc: denied { read } for uid=1000 name="u:object_r:default_prop:s0" dev="tmpfs" ino=6639 scontext=u:r:hal_fingerprint_default:s0 tcontext=u:object_r:default_prop:s0 tclass=file permissive=0
04-20 20:19:25.535  1285  1461 I [GF_HAL][gf_hal]: [gf_hal_screen_off]
04-20 20:19:25.535  1285  1461 D [gf_ca_entry]: [gf_ca_invoke_command] enter
04-20 20:19:25.535  1285  1461 D [gf_ca_entry]: [gf_ta_send_modified_cmd_req] enter
04-20 20:19:25.535  1285  1461 D [gf_ca_entry]: [gf_ta_send_modified_cmd_req] begin token 50, cmd_id=1018
04-20 20:19:25.535  1285  1461 D [gf_ca_entry]: [gf_ca_get_logbuf_length] enter
04-20 20:19:25.535  1285  1461 E libc    : Access denied finding property "gf.debug.dump_talog_data"
04-20 20:19:25.535  1285  1461 D [gf_ca_entry]: [gf_ca_get_logbuf_length] exit
04-20 20:19:25.535  1285  1461 D [gf_sec_ion]: [gf_sec_ion_malloc] enter
04-20 20:19:25.535  1285  1461 D [gf_sec_ion]: [gf_sec_ion_malloc] gf_sec_ion_malloc data_size = 128
04-20 20:19:25.535  1285  1461 D [gf_sec_ion]: [gf_sec_ion_malloc] exit
04-20 20:19:25.535  1285  1461 D [gf_ca_entry]: [gf_ta_send_modified_cmd_req] whitebox is enabled.
04-20 20:19:25.545  1285  1461 D [gf_ca_entry]: [gf_ca_logdump] enter
04-20 20:19:25.545  1285  1461 D [gf_ca_entry]: [gf_ca_logdump] exit
04-20 20:19:25.545  1285  1461 D [gf_sec_ion]: [gf_sec_ion_free] enter
04-20 20:19:25.545  1285  1461 D [gf_sec_ion]: [gf_sec_ion_free] gf_sec_ion_free ion_local_flag is not true
04-20 20:19:25.545  1285  1461 D [gf_sec_ion]: [gf_sec_ion_free] exit
04-20 20:19:25.545  1285  1461 D [gf_ca_entry]: [gf_ta_send_modified_cmd_req] exit
04-20 20:19:25.545  1285  1461 D [gf_ca_entry]: [gf_ca_invoke_command] gx_ta_send_modified_cmd_req success
04-20 20:19:25.545  1285  1461 D [gf_ca_entry]: [gf_ca_invoke_command] ta execution succeed
04-20 20:19:25.545  1285  1461 D [gf_ca_entry]: [gf_ca_invoke_command] exit
04-20 20:19:25.872   882   882 D SurfaceFlinger: Finished setting power mode 0 on display 0
04-20 20:19:25.872   882  2292 E IPCThreadState: binder thread pool (4 threads) starved for 371 ms
04-20 20:19:25.877  2315  2315 D StatusBar: disable<e i a s b H R c s > disable2<q i n >
04-20 20:19:25.884  2315  2315 D StatusBar: disable<e i a s b H R c s > disable2<q i n >
04-20 20:19:26.081  1746  2444 I chatty  : uid=1000(system) Binder:1746_7 expire 55 lines
04-20 20:19:26.222   806  1089 I SLPI-MotLTV: LTV debug - state 1, fxyz -513 96 824 sfd 6
04-20 20:19:33.767     0     0 W swapper/0: type=1400 audit(0.0:742): avc: denied { kill } for uid=0 capability=5 scontext=u:r:kernel:s0 tcontext=u:r:kernel:s0 tclass=capability permissive=0
04-20 20:20:06.086 20429 30700 I chatty  : uid=10157(com.google.android.gms) expire 2 lines
04-20 20:20:09.267  2315  2315 W View    : requestLayout() improperly called by com.android.systemui.statusbar.HeadsUpStatusBarView{aa901f7 I.E...... ......ID 0,0-248,56 #7f0a01f7 app:id/heads_up_status_bar_view} during layout: running second layout pass
04-20 20:20:09.331   725   725 D Zygote  : Forked child process 30702
04-20 20:20:09.344  1746  1777 I ActivityManager: Start proc 30702:com.google.android.apps.messaging/u0a179 for broadcast {com.google.android.apps.messaging/com.google.android.apps.messaging.shared.analytics.recurringmetrics.AnalyticsAlarmReceiver}
04-20 20:20:09.354 30702 30702 E .apps.messagin: Not starting debugger since process cannot load the jdwp agent.
04-20 20:20:09.404 30702 30702 I .apps.messagin: The ClassLoaderContext is a special shared library.
04-20 20:20:09.430 30702 30702 I .apps.messagin: The ClassLoaderContext is a special shared library.
04-20 20:20:09.507 17704 28804 I chatty  : uid=10157 com.google.android.gms.persistent expire 2 lines
04-20 20:20:09.535 17704 17724 I chatty  : uid=10157(com.google.android.gms) HeapTaskDaemon expire 5 lines
04-20 20:20:09.544  1746  1764 W AppOps  : Noting op not finished: uid 10157 pkg com.google.android.gms code 79 time=1618964344607 duration=0
04-20 20:20:09.546  1746  1764 W AppOps  : Noting op not finished: uid 10157 pkg com.google.android.gms code 79 time=1618964409544 duration=0
04-20 20:20:09.550 30702 30702 I MultiDex: VM with version 2.1.0 has multidex support
04-20 20:20:09.551 30702 30702 I MultiDex: install
04-20 20:20:09.551 30702 30702 I MultiDex: VM has multidex support, MultiDex support library is disabled.
04-20 20:20:09.551 30702 30702 I MultiDex: install
04-20 20:20:09.551 30702 30702 I MultiDex: VM has multidex support, MultiDex support library is disabled.
04-20 20:20:09.555  1746  1764 W AppOps  : Noting op not finished: uid 10157 pkg com.google.android.gms code 79 time=1618964409546 duration=0
04-20 20:20:09.557  1746  1764 W AppOps  : Noting op not finished: uid 10157 pkg com.google.android.gms code 79 time=1618964409555 duration=0
04-20 20:20:09.609 30702 30702 I FirebaseInitProvider: FirebaseApp initialization successful
04-20 20:20:09.689 30702 30730 I Bugle   : GServicesValues:
04-20 20:20:09.689 30702 30730 I Bugle   : bugle_enable_primes_crash_metrics: true
04-20 20:20:09.689 30702 30730 I Bugle   : bugle_enable_wap_push_si: true
04-20 20:20:09.689 30702 30730 I Bugle   : bugle_max_telemetry_upload_retries: 10
04-20 20:20:09.689 30702 30730 I Bugle   : bugle_sticker_set_list_version: 3
04-20 20:20:09.714 30702 30702 I ywv     : SslGuard completed installation.
04-20 20:20:09.727 30702 30702 W PrimesInit: Primes instant initialization
04-20 20:20:09.728 30702 30735 W Primes  : background initialization
04-20 20:20:09.750 30702 30735 I BugleRcsEngine: [1742] tud.<init>: Initializing SimStateTracker with multi-sim support
04-20 20:20:09.752 30702 30735 W BugleRcsEngine: Trying to log through cs.apk when it has not been initialized yet
04-20 20:20:09.754 30702 30735 I BugleRcsEngine: [1742] tul.<init>: Initializing SimStateTracker for single-sim device
04-20 20:20:09.754 30702 30735 W BugleRcsEngine: Trying to log through cs.apk when it has not been initialized yet
04-20 20:20:09.779 30702 30702 I Bugle   : BugleApplicationBase: Bugle version: 5.4.087 (roper_rc15_xhdpi.armeabi-v7a.phone)
04-20 20:20:09.780 30702 30736 I BugleRcsEngine: [1743] szc.b: Reinitialize CSLib Flags: com.google.android.ims.library
04-20 20:20:09.792 30702 30702 I Bugle   : Initializing EmojiCompat
04-20 20:20:09.810 20429 20429 I chatty  : uid=10157(com.google.android.gms) expire 11 lines
04-20 20:20:09.814 30702 30729 I FA      : App measurement is starting up, version: 20003
04-20 20:20:09.814 30702 30729 I FA      : To enable debug logging run: adb shell setprop log.tag.FA VERBOSE
04-20 20:20:09.814 30702 30729 I FA      : To enable faster debug mode event logging run:
04-20 20:20:09.814 30702 30729 I FA      :   adb shell setprop debug.firebase.analytics.app com.google.android.apps.messaging
04-20 20:20:09.834 30702 30739 I BugleRcsEngine: [1746] tud.a: register Carrier Config Changed event
04-20 20:20:09.846 30702 30745 I BugleRcsEngine: [1750] tuh.b: do not delay first event
04-20 20:20:09.851 30702 30739 I BugleRcsEngine: [1746] szc.b: Reinitialize CSLib Flags: com.google.android.ims.library
04-20 20:20:09.868 30702 30745 I BugleRcsEngine: [1750] tud.f: Processing an intent
04-20 20:20:09.871 30702 30745 I BugleRcsEngine: [1750] tud.a: SIM state ABSENT
04-20 20:20:09.880 30702 30745 I BugleRcsEngine: [1750] tud.a: Broadcasting Intent { act=com.google.android.ims.SIM_ABSENT }
04-20 20:20:09.885  1746  1764 W ActivityManager: Background start not allowed: service Intent { cmp=com.google.android.apps.messaging/.shared.datamodel.action.execution.ActionExecutorImpl$EmptyService } to com.google.android.apps.messaging/.shared.datamodel.action.execution.ActionExecutorImpl$EmptyService from pid=30702 uid=10179 pkg=com.google.android.apps.messaging startFg?=false
04-20 20:20:09.886 30702 30702 I BugleAction: ActionSchedulerImpl: class com.google.android.apps.messaging.shared.datamodel.action.CountryCodeDetectorAction-CountryCodeDetectorAction:4353300004 deferred since it was started from unsafe context
04-20 20:20:09.895 30702 30744 D StrictMode: StrictMode policy violation: android.os.strictmode.DiskReadViolation
04-20 20:20:09.895 30702 30744 D StrictMode: 	at android.os.StrictMode$AndroidBlockGuardPolicy.onReadFromDisk(StrictMode.java:1571)
04-20 20:20:09.895 30702 30744 D StrictMode: 	at libcore.io.BlockGuardOs.access(BlockGuardOs.java:69)
04-20 20:20:09.895 30702 30744 D StrictMode: 	at libcore.io.ForwardingOs.access(ForwardingOs.java:73)
04-20 20:20:09.895 30702 30744 D StrictMode: 	at android.app.ActivityThread$AndroidOs.access(ActivityThread.java:7490)
04-20 20:20:09.895 30702 30744 D StrictMode: 	at java.io.UnixFileSystem.checkAccess(UnixFileSystem.java:281)
04-20 20:20:09.895 30702 30744 D StrictMode: 	at java.io.File.exists(File.java:815)
04-20 20:20:09.895 30702 30744 D StrictMode: 	at android.app.ContextImpl.ensurePrivateDirExists(ContextImpl.java:648)
04-20 20:20:09.895 30702 30744 D StrictMode: 	at android.app.ContextImpl.ensurePrivateDirExists(ContextImpl.java:639)
04-20 20:20:09.895 30702 30744 D StrictMode: 	at android.app.ContextImpl.getPreferencesDir(ContextImpl.java:595)
04-20 20:20:09.895 30702 30744 D StrictMode: 	at android.app.ContextImpl.getSharedPreferencesPath(ContextImpl.java:790)
04-20 20:20:09.895 30702 30744 D StrictMode: 	at android.app.ContextImpl.getSharedPreferences(ContextImpl.java:442)
04-20 20:20:09.895 30702 30744 D StrictMode: 	at android.content.ContextWrapper.getSharedPreferences(ContextWrapper.java:178)
04-20 20:20:09.895 30702 30744 D StrictMode: 	at ppe.a(PG:8)
04-20 20:20:09.895 30702 30744 D StrictMode: 	at ppd.b(PG:4)
04-20 20:20:09.895 30702 30744 D StrictMode: 	at ubb.b(PG:53)
04-20 20:20:09.895 30702 30744 D StrictMode: 	at ubb.a(PG:47)
04-20 20:20:09.895 30702 30744 D StrictMode: 	at jdr.a(PG:103)
04-20 20:20:09.895 30702 30744 D StrictMode: 	at jdr.w(PG:88)
04-20 20:20:09.895 30702 30744 D StrictMode: 	at hwz.run(PG:3)
04-20 20:20:09.895 30702 30744 D StrictMode: 	at aajl.run(PG:3)
04-20 20:20:09.895 30702 30744 D StrictMode: 	at java.util.concurrent.Executors$RunnableAdapter.call(Executors.java:462)
04-20 20:20:09.895 30702 30744 D StrictMode: 	at adks.b(PG:6)
04-20 20:20:09.895 30702 30744 D StrictMode: 	at adjs.run(PG:17)
04-20 20:20:09.895 30702 30744 D StrictMode: 	at adkt.run(PG:13)
04-20 20:20:09.895 30702 30744 D StrictMode: 	at java.util.concurrent.ThreadPoolExecutor.runWorker(ThreadPoolExecutor.java:1167)
04-20 20:20:09.895 30702 30744 D StrictMode: 	at java.util.concurrent.ThreadPoolExecutor$Worker.run(ThreadPoolExecutor.java:641)
04-20 20:20:09.895 30702 30744 D StrictMode: 	at zxg.run(PG:4)
04-20 20:20:09.895 30702 30744 D StrictMode: 	at java.lang.Thread.run(Thread.java:919)
04-20 20:20:09.900 30702 30744 D StrictMode: StrictMode policy violation: android.os.strictmode.DiskReadViolation
04-20 20:20:09.900 30702 30744 D StrictMode: 	at android.os.StrictMode$AndroidBlockGuardPolicy.onReadFromDisk(StrictMode.java:1571)
04-20 20:20:09.900 30702 30744 D StrictMode: 	at android.app.SharedPreferencesImpl.awaitLoadedLocked(SharedPreferencesImpl.java:261)
04-20 20:20:09.900 30702 30744 D StrictMode: 	at android.app.SharedPreferencesImpl.contains(SharedPreferencesImpl.java:339)
04-20 20:20:09.900 30702 30744 D StrictMode: 	at ppb.a(PG:2)
04-20 20:20:09.900 30702 30744 D StrictMode: 	at ppd.b(PG:4)
04-20 20:20:09.900 30702 30744 D StrictMode: 	at ubb.b(PG:53)
04-20 20:20:09.900 30702 30744 D StrictMode: 	at ubb.a(PG:47)
04-20 20:20:09.900 30702 30744 D StrictMode: 	at jdr.a(PG:103)
04-20 20:20:09.900 30702 30744 D StrictMode: 	at jdr.w(PG:88)
04-20 20:20:09.900 30702 30744 D StrictMode: 	at hwz.run(PG:3)
04-20 20:20:09.900 30702 30744 D StrictMode: 	at aajl.run(PG:3)
04-20 20:20:09.900 30702 30744 D StrictMode: 	at java.util.concurrent.Executors$RunnableAdapter.call(Executors.java:462)
04-20 20:20:09.900 30702 30744 D StrictMode: 	at adks.b(PG:6)
04-20 20:20:09.900 30702 30744 D StrictMode: 	at adjs.run(PG:17)
04-20 20:20:09.900 30702 30744 D StrictMode: 	at adkt.run(PG:13)
04-20 20:20:09.900 30702 30744 D StrictMode: 	at java.util.concurrent.ThreadPoolExecutor.runWorker(ThreadPoolExecutor.java:1167)
04-20 20:20:09.900 30702 30744 D StrictMode: 	at java.util.concurrent.ThreadPoolExecutor$Worker.run(ThreadPoolExecutor.java:641)
04-20 20:20:09.900 30702 30744 D StrictMode: 	at zxg.run(PG:4)
04-20 20:20:09.900 30702 30744 D StrictMode: 	at java.lang.Thread.run(Thread.java:919)
04-20 20:20:09.909 30702 30702 I BugleDataModel: ParticipantRefresh: ContactContentObserver created
04-20 20:20:09.913  2764 18320 I CarrierServices: [146] cqg.a: Received Provisioning Event: [Bugle information (100)]
04-20 20:20:09.913  2764 18320 I CarrierServices: [146] cqg.a: JibeService is running, passing event to provisioning engine.
04-20 20:20:09.913  2764 18320 I CarrierServices: [146] chp.a: Handling Provisioning Event: [Bugle information (100)]
04-20 20:20:09.914  2764 18320 I CarrierServices: [146] cjb.a: RcsAvailabilityManager: Calculating Rcs Availability
04-20 20:20:09.914 30702 30702 I Bugle   : Carrier config changed. Reloading MMS config.
04-20 20:20:09.914  2764 18320 I CarrierServices: [146] chm.b: Bugle ContentProvider is disabled by p/h flag, using ProvisioningEngineStateCacheUtil.getBugleHasRequiredPermission()
04-20 20:20:09.915  2764 18320 I CarrierServices: [146] chm.b: Bugle has minimum required RCS permissions: true
04-20 20:20:09.918 30702 30702 W BugleRcsEngine: [2] tud.b: Unexpected action: android.telephony.action.CARRIER_CONFIG_CHANGED
04-20 20:20:09.918 30702 30702 W BugleRcsEngine: [2] tud.b: Unexpected action: android.telephony.action.DEFAULT_SUBSCRIPTION_CHANGED
04-20 20:20:09.920 30702 30702 I Bugle   : SimChangeReceiver: action: com.google.android.ims.SIM_ABSENT
04-20 20:20:09.922 30702 30736 I BugleRcsEngine: [1743] slm.a: Initializing Carrier Services Library.
04-20 20:20:09.922  2764 18320 W CarrierServices: [146] clm.a: No config URL. RCS will be disabled!
04-20 20:20:09.923  2764 18320 I CarrierServices: [146] cjb.a: RcsAvailabilityManager: Rcs Availability still DISABLED_VIA_GSERVICES (RCS is disabled for this carrier by Google)
04-20 20:20:09.923 30702 30736 I BugleRcsEngine: [1743] szc.b: Reinitialize CSLib Flags: com.google.android.ims.library
04-20 20:20:09.926 30702 30730 I BugleRcsEngine: [1737] tuh.b: SIM delay is not enabled
04-20 20:20:09.930 30702 30730 W BugleRcsEngine: [1737] tud.c: process intent: android.intent.action.SIM_STATE_CHANGED
04-20 20:20:09.932  1746  2444 W ActivityManager: Background start not allowed: service Intent { cmp=com.google.android.apps.messaging/.shared.datamodel.action.execution.ActionExecutorImpl$EmptyService } to com.google.android.apps.messaging/.shared.datamodel.action.execution.ActionExecutorImpl$EmptyService from pid=30702 uid=10179 pkg=com.google.android.apps.messaging startFg?=false
04-20 20:20:09.935 30702 30735 W Bugle   : SubscriptionMetadataUtils get: invalid subId = -1
04-20 20:20:09.938  1746  1764 W ActivityManager: Background start not allowed: service Intent { cmp=com.google.android.apps.messaging/.shared.datamodel.action.execution.ActionExecutorImpl$EmptyService } to com.google.android.apps.messaging/.shared.datamodel.action.execution.ActionExecutorImpl$EmptyService from pid=30702 uid=10179 pkg=com.google.android.apps.messaging startFg?=false
04-20 20:20:09.940 30702 30735 W Bugle   : SubscriptionMetadataUtils get: invalid subId = -1
04-20 20:20:09.940 30702 30735 W Bugle   : Get mms config failed: invalid subId. subId=-1, real subId=-1, map={ }
04-20 20:20:09.954 30702 30735 I BugleBackup: Registering preference change listener for "buglesub_-1".
04-20 20:20:09.955  1746  3666 W ActivityManager: Background start not allowed: service Intent { cmp=com.google.android.apps.messaging/.shared.datamodel.action.execution.ActionExecutorImpl$EmptyService } to com.google.android.apps.messaging/.shared.datamodel.action.execution.ActionExecutorImpl$EmptyService from pid=30702 uid=10179 pkg=com.google.android.apps.messaging startFg?=false
04-20 20:20:09.956 30702 30754 I BugleAction: ActionSchedulerImpl: class com.google.android.apps.messaging.shared.datamodel.action.execution.DeferBackgroundWorkAction-DeferBackgroundWorkAction:4353300009 deferred since it was started from unsafe context
04-20 20:20:09.963 30702 30751 I BugleRcsEngine: [1755] zpi.connect: Connecting SignupService
04-20 20:20:09.966 30702 30751 I BugleRcsEngine: [1755] zpi.connect: shouldUseCarrierServicesJibeService: true, CarrierServices rcs service found: true
04-20 20:20:09.966 30702 30751 I BugleRcsEngine: [1755] zpi.connect: Binding to JibeService in CarrierServices.
04-20 20:20:09.969 30702 30758 W Bugle   : SubscriptionMetadataUtils get: invalid subId = -1
04-20 20:20:09.972  1746  1764 W ActivityManager: Background start not allowed: service Intent { cmp=com.google.android.apps.messaging/.shared.datamodel.action.execution.ActionExecutorImpl$EmptyService } to com.google.android.apps.messaging/.shared.datamodel.action.execution.ActionExecutorImpl$EmptyService from pid=30702 uid=10179 pkg=com.google.android.apps.messaging startFg?=false
04-20 20:20:09.982 30702 30702 I RcsClientLib: Service com.google.android.rcs.client.signup.SignupService connected. Will notify listeners: true
04-20 20:20:09.985  2764 15668 I CarrierServices: [143] cjb.a: RcsAvailabilityManager: Calculating Rcs Availability
04-20 20:20:09.985  2764 15668 I CarrierServices: [143] chm.b: Bugle ContentProvider is disabled by p/h flag, using ProvisioningEngineStateCacheUtil.getBugleHasRequiredPermission()
04-20 20:20:09.986  2764 15668 I CarrierServices: [143] chm.b: Bugle has minimum required RCS permissions: true
04-20 20:20:09.987  2764 15668 W CarrierServices: [143] clm.a: No config URL. RCS will be disabled!
04-20 20:20:09.989  2764 15668 I CarrierServices: [143] cjb.a: RcsAvailabilityManager: Rcs Availability still DISABLED_VIA_GSERVICES (RCS is disabled for this carrier by Google)
04-20 20:20:09.997 20429 20577 I chatty  : uid=10157(com.google.android.gms) Binder:20429_9 expire 8 lines
04-20 20:20:09.997 20429 20577 W Binder  : reply too large data on java level: InterfaceDescriptor = null, code = 46
04-20 20:20:09.998 30702 30739 I BugleRcs: RcsAvailabilityUtilForProvisioningEngineV2: updated datastore for rcs availability, simId: , availability: DISABLED_VIA_GSERVICES
04-20 20:20:09.999 30702 30738 E JavaBinder: !!! FAILED BINDER TRANSACTION !!!  (parcel size = 696)
04-20 20:20:09.999 30702 30739 I BugleRcs: RcsAvailabilityUtilForProvisioningEngineV2: Get Updated RcsAvailability, RcsAvailability: DISABLED_VIA_GSERVICES, SimId: Redacted-0
04-20 20:20:10.003 30702 30739 I BugleRcsEngine: [1746] zpi.disconnect: Disconnecting SignupService
04-20 20:20:10.005 30702 30702 I BugleRcsEngine: [2] zpi.disconnect: Disconnecting ChatSessionService
04-20 20:20:10.006 30702 30738 W GmsClient: IGmsServiceBroker.getService failed
04-20 20:20:10.006 30702 30738 W GmsClient: android.os.DeadObjectException: Transaction failed on small parcel; remote process probably died
04-20 20:20:10.006 30702 30738 W GmsClient: 	at android.os.BinderProxy.transactNative(Native Method)
04-20 20:20:10.006 30702 30738 W GmsClient: 	at android.os.BinderProxy.transact(BinderProxy.java:511)
04-20 20:20:10.006 30702 30738 W GmsClient: 	at qgo.getService(PG:10)
04-20 20:20:10.006 30702 30738 W GmsClient: 	at com.google.android.gms.common.internal.BaseGmsClient.a(PG:107)
04-20 20:20:10.006 30702 30738 W GmsClient: 	at qcy.run(PG:8)
04-20 20:20:10.006 30702 30738 W GmsClient: 	at android.os.Handler.handleCallback(Handler.java:883)
04-20 20:20:10.006 30702 30738 W GmsClient: 	at android.os.Handler.dispatchMessage(Handler.java:100)
04-20 20:20:10.006 30702 30738 W GmsClient: 	at qtd.a(PG:5)
04-20 20:20:10.006 30702 30738 W GmsClient: 	at qtd.dispatchMessage(PG:4)
04-20 20:20:10.006 30702 30738 W GmsClient: 	at android.os.Looper.loop(Looper.java:241)
04-20 20:20:10.006 30702 30738 W GmsClient: 	at android.os.HandlerThread.run(HandlerThread.java:67)
04-20 20:20:10.006 30702 30702 I BugleRcsEngine: [2] zpi.disconnect: Disconnecting ContactsService
04-20 20:20:10.006 30702 30702 I BugleRcsEngine: [2] zpi.disconnect: Disconnecting FileTransferService
04-20 20:20:10.007 30702 30702 I BugleRcsEngine: [2] zpi.disconnect: Disconnecting LocationSharingService
04-20 20:20:10.007 30702 30702 I BugleRcsEngine: [2] zpi.disconnect: Disconnecting ImsConnectionTrackerService
04-20 20:20:10.007 30702 30702 I BugleRcsEngine: [2] zpi.disconnect: Disconnecting RcsProfileService
04-20 20:20:10.008 30702 30702 I BugleRcsEngine: [2] zpi.disconnect: Disconnecting BusinessInfoService
04-20 20:20:10.011 30702 30739 I BugleRcs: RcsAvailabilityUtilForProvisioningEngineV2: success updating RCS availability asynch
04-20 20:20:10.011 30702 30758 I Bugle   : CountryCodeDetector: updateMainDeviceCountry from default subscription network country. detected country: us
04-20 20:20:10.021 30702 30745 I BugleRcsEngine: [1750] tud.f: Processing an intent
04-20 20:20:10.025 30702 30735 W Bugle   : SubscriptionMetadataUtils get: invalid subId = -1
04-20 20:20:10.025 30702 30745 I BugleRcsEngine: [1750] tud.a: Ignoring duplicate SIM state: ABSENT
04-20 20:20:10.029 30702 30735 W Bugle   : SubscriptionMetadataUtils get: invalid subId = -1
04-20 20:20:10.038 30702 30736 I BugleRcsEngine: [1743] tud.<init>: Initializing SimStateTracker with multi-sim support
04-20 20:20:10.038 30702 30736 I BugleRcsEngine: [1743] tul.<init>: Initializing SimStateTracker for single-sim device
04-20 20:20:10.039 30702 30736 I BugleRcsEngine: [1743] szc.b: Reinitialize CSLib Flags: com.google.android.ims.library
04-20 20:20:10.039 30702 30758 W InstanceID: Instance ID SDK is deprecated, com.google.android.apps.messaging should update to use Firebase Instance ID
04-20 20:20:10.043 30702 30736 I BugleBackup: Registering preference change listener for "bugle".
04-20 20:20:10.050 30702 30735 W Bugle   : SubscriptionMetadataUtils get: invalid subId = -1
04-20 20:20:10.073 30702 30735 I chatty  : uid=10179(com.google.android.apps.messaging) BG Thread #1 identical 7 lines
04-20 20:20:10.192 30702 30736 I chatty  : uid=10179(com.google.android.apps.messaging) BG Thread #2 expire 6 lines
04-20 20:20:10.210 30702 30733 I chatty  : uid=10179(com.google.android.apps.messaging) BG Thread #0 expire 1 line
04-20 20:20:10.245   724   724 I netd    : trafficSwapActiveStatsMap() <35.13ms>
04-20 20:20:10.251   724   724 I netd    : tetherGetStats() <1.72ms>
04-20 20:20:12.835  1746  3666 I chatty  : uid=1000(system) Binder:1746_F expire 6 lines
04-20 20:20:14.364  2764 18320 I CarrierServices: [146] cqg.a: Received Provisioning Event: [Bugle information (100)]
04-20 20:20:14.364  2764 18320 I CarrierServices: [146] cqg.a: JibeService is running, passing event to provisioning engine.
04-20 20:20:14.364  2764 18320 I CarrierServices: [146] chp.a: Handling Provisioning Event: [Bugle information (100)]
04-20 20:20:14.365  2764 18320 I CarrierServices: [146] cjb.a: RcsAvailabilityManager: Calculating Rcs Availability
04-20 20:20:14.365  2764 18320 I CarrierServices: [146] chm.b: Bugle ContentProvider is disabled by p/h flag, using ProvisioningEngineStateCacheUtil.getBugleHasRequiredPermission()
04-20 20:20:14.365  2764 18320 I CarrierServices: [146] chm.b: Bugle has minimum required RCS permissions: true
04-20 20:20:14.367  2764 18320 W CarrierServices: [146] clm.a: No config URL. RCS will be disabled!
04-20 20:20:14.368  2764 18320 I CarrierServices: [146] cjb.a: RcsAvailabilityManager: Rcs Availability still DISABLED_VIA_GSERVICES (RCS is disabled for this carrier by Google)
04-20 20:20:15.932  1746  2444 W ActivityManager: Background start not allowed: service Intent { cmp=com.google.android.apps.messaging/.shared.datamodel.action.execution.ActionExecutorImpl$EmptyService } to com.google.android.apps.messaging/.shared.datamodel.action.execution.ActionExecutorImpl$EmptyService from pid=30702 uid=10179 pkg=com.google.android.apps.messaging startFg?=false
04-20 20:20:19.018 30702 30721 I chatty  : uid=10179(com.google.android.apps.messaging) Profile Saver expire 2 lines
04-20 20:20:19.470 20429 21932 I chatty  : uid=10157(com.google.android.gms) Binder:20429_B expire 1 line
04-20 20:20:19.471 20429 21932 W Binder  : reply too large data on java level: InterfaceDescriptor = null, code = 46
04-20 20:20:19.484 30702 30738 I chatty  : uid=10179(com.google.android.apps.messaging) GoogleApiHandle expire 2 lines
04-20 20:20:21.579  1746  1764 W ActivityManager: Background start not allowed: service Intent { cmp=com.google.android.apps.messaging/.shared.datamodel.action.execution.ActionExecutorImpl$EmptyService } to com.google.android.apps.messaging/.shared.datamodel.action.execution.ActionExecutorImpl$EmptyService from pid=30702 uid=10179 pkg=com.google.android.apps.messaging startFg?=false
04-20 20:20:21.636 30702 30702 I chatty  : uid=10179(com.google.android.apps.messaging) expire 1 line
04-20 20:20:21.652 17717 17771 I MicroDataManager: isInitializing-false locale not changed-true model not changed-true
04-20 20:20:21.657  1746  2444 W ActivityManager: Background start not allowed: service Intent { cmp=com.google.android.apps.messaging/.shared.datamodel.action.execution.ActionExecutorImpl$EmptyService } to com.google.android.apps.messaging/.shared.datamodel.action.execution.ActionExecutorImpl$EmptyService from pid=30702 uid=10179 pkg=com.google.android.apps.messaging startFg?=false
04-20 20:20:21.664 30702 30739 I chatty  : uid=10179(com.google.android.apps.messaging) BG Thread #3 expire 1 line
04-20 20:20:21.664 30702 30739 I Bugle   : VerifiedSmsStartupTask: Not enqueuing Verified SMS periodic task, Verified SMS is disabled.
04-20 20:20:21.668 30702 30702 W BugleDataModel: ActionExecutorImpl: Action started execution, but we can't guarantee it will complete, the app may be killed. Action: class com.google.android.apps.messaging.shared.datamodel.action.ProcessPendingMessagesAction-ProcessPendingMessagesAction:4353300002
04-20 20:20:21.668 30702 30702 W BugleDataModel: java.lang.IllegalStateException: Not allowed to start service Intent { cmp=com.google.android.apps.messaging/.shared.datamodel.action.execution.ActionExecutorImpl$EmptyService }: app is in background uid UidRecord{aecbaba u0a179 CEM  idle change:cached procs:1 seq(0,0,0)}
04-20 20:20:21.668 30702 30702 W BugleDataModel: 	at android.app.ContextImpl.startServiceCommon(ContextImpl.java:1631)
04-20 20:20:21.668 30702 30702 W BugleDataModel: 	at android.app.ContextImpl.startService(ContextImpl.java:1586)
04-20 20:20:21.668 30702 30702 W BugleDataModel: 	at android.content.ContextWrapper.startService(ContextWrapper.java:669)
04-20 20:20:21.668 30702 30702 W BugleDataModel: 	at com.google.android.apps.messaging.shared.datamodel.action.execution.ActionExecutorImpl.a(PG:94)
04-20 20:20:21.668 30702 30702 W BugleDataModel: 	at com.google.android.apps.messaging.shared.datamodel.action.execution.ActionExecutorImpl.a(PG:89)
04-20 20:20:21.668 30702 30702 W BugleDataModel: 	at fna.c(PG:112)
04-20 20:20:21.668 30702 30702 W BugleDataModel: 	at fmx.run(PG:1)
04-20 20:20:21.668 30702 30702 W BugleDataModel: 	at aajl.run(PG:3)
04-20 20:20:21.668 30702 30702 W BugleDataModel: 	at android.os.Handler.handleCallback(Handler.java:883)
04-20 20:20:21.668 30702 30702 W BugleDataModel: 	at android.os.Handler.dispatchMessage(Handler.java:100)
04-20 20:20:21.668 30702 30702 W BugleDataModel: 	at android.os.Looper.loop(Looper.java:241)
04-20 20:20:21.668 30702 30702 W BugleDataModel: 	at android.app.ActivityThread.main(ActivityThread.java:7604)
04-20 20:20:21.668 30702 30702 W BugleDataModel: 	at java.lang.reflect.Method.invoke(Native Method)
04-20 20:20:21.668 30702 30702 W BugleDataModel: 	at com.android.internal.os.RuntimeInit$MethodAndArgsCaller.run(RuntimeInit.java:492)
04-20 20:20:21.668 30702 30702 W BugleDataModel: 	at com.android.internal.os.ZygoteInit.main(ZygoteInit.java:941)
04-20 20:20:21.676 30702 30754 I BugleDataModel: FixupMessageStatusOnStartupAction: sendFailedCnt: 0, downloadFailedCnt: 0, partsProcessingFailedCnt: 0
04-20 20:20:21.700 17717 17771 I MicroDetectionState: Should stop hotword detection immediately - false
04-20 20:20:21.739   724   724 I netd    : trafficSwapActiveStatsMap() <19.60ms>
04-20 20:20:21.742 30702 30754 I Bugle   : not cached readyToSendAndReceiveRcs
04-20 20:20:21.747   724   724 I netd    : tetherGetStats() <5.00ms>
04-20 20:20:21.767 30702 30754 I BugleDataModel: PendingMessagesProcessor: process from FixupMessageStatusOnStartupAction due to connectivity changed with queues:
04-20 20:20:21.768 30702 30754 I BugleDataModel: ProcessPendingMessagesTimers: cleared next retry time for channel sms_send 
04-20 20:20:21.768 30702 30754 I BugleDataModel: ProcessPendingMessagesTimers: cleared next retry time for channel mms_send 
04-20 20:20:21.768 30702 30754 I BugleDataModel: ProcessPendingMessagesTimers: cleared next retry time for channel mms_download 
04-20 20:20:21.769 30702 30754 I BugleDataModel: ProcessPendingMessagesTimers: cleared next retry time for channel rcs_send 
04-20 20:20:21.769 17717 30795 I GsaConfigFlagsSyncer: Flags already sync'ed.
04-20 20:20:21.769 30702 30754 I BugleDataModel: ProcessPendingMessagesTimers: cleared next retry time for channel rcs_ft_upload 
04-20 20:20:21.769 30702 30754 I BugleDataModel: ProcessPendingMessagesTimers: cleared next retry time for channel rcs_ft_download 
04-20 20:20:21.769 30702 30754 I BugleDataModel: ProcessPendingMessagesTimers: cleared next retry time for channel cloud_sync_send 
04-20 20:20:21.769 30702 30754 I BugleDataModel: ProcessPendingMessagesTimers: cleared next retry time for channel cloud_sync_attachment_download 
04-20 20:20:21.778   724   724 I netd    : bandwidthSetGlobalAlert(2097152) <0.45ms>
04-20 20:20:21.786 30702 30754 I Bugle   : not cached readyToSendAndReceiveRcs
04-20 20:20:21.807 30702 30754 I BugleDataModel: PendingMessagesProcessor: process from ProcessPendingMessagesAction due to scheduled processing with queues:
04-20 20:20:21.850 30702 30757 W AssistantConfig: appIntegrationDataInBase64 is null
04-20 20:20:21.851 30702 30739 I Bugle   : BugleMddTaskScheduler: Scheduling MDD job, tag: MDD.CHARGING.PERIODIC.TASK, period: 21600
04-20 20:20:21.872 30702 30733 I .apps.messagin: Waiting for a blocking GC ClassLinker
04-20 20:20:21.878 30702 30736 E Bugle   : AssistantIntegrationStartupTask: Error getting assistant availability.
04-20 20:20:21.878 30702 30736 E Bugle   : java.lang.IllegalStateException: Failed to query to AGSA.
04-20 20:20:21.878 30702 30736 E Bugle   : 	at ueu.onPostExecute(PG:23)
04-20 20:20:21.878 30702 30736 E Bugle   : 	at android.os.AsyncTask.finish(AsyncTask.java:755)
04-20 20:20:21.878 30702 30736 E Bugle   : 	at android.os.AsyncTask.access$900(AsyncTask.java:192)
04-20 20:20:21.878 30702 30736 E Bugle   : 	at android.os.AsyncTask$InternalHandler.handleMessage(AsyncTask.java:772)
04-20 20:20:21.878 30702 30736 E Bugle   : 	at android.os.Handler.dispatchMessage(Handler.java:107)
04-20 20:20:21.878 30702 30736 E Bugle   : 	at android.os.Looper.loop(Looper.java:241)
04-20 20:20:21.878 30702 30736 E Bugle   : 	at android.app.ActivityThread.main(ActivityThread.java:7604)
04-20 20:20:21.878 30702 30736 E Bugle   : 	at java.lang.reflect.Method.invoke(Native Method)
04-20 20:20:21.878 30702 30736 E Bugle   : 	at com.android.internal.os.RuntimeInit$MethodAndArgsCaller.run(RuntimeInit.java:492)
04-20 20:20:21.878 30702 30736 E Bugle   : 	at com.android.internal.os.ZygoteInit.main(ZygoteInit.java:941)
04-20 20:20:21.922 30702 30733 I .apps.messagin: WaitForGcToComplete blocked ClassLinker on ProfileSaver for 50.548ms
04-20 20:20:21.970 30702 30739 I Bugle   : BugleMddTaskScheduler: Scheduling MDD job, tag: MDD.MAINTENANCE.PERIODIC.GCM.TASK, period: 86400
04-20 20:20:21.990 30702 30739 I Bugle   : BugleMddTaskScheduler: Scheduling MDD job, tag: MDD.CELLULAR.CHARGING.PERIODIC.TASK, period: 21600
04-20 20:20:21.993 30702 30733 I DynamiteModule: Considering local module com.google.android.gms.cronet_dynamite:0 and remote module com.google.android.gms.cronet_dynamite:1411
04-20 20:20:21.993 30702 30733 I DynamiteModule: Selected remote version of com.google.android.gms.cronet_dynamite, version >= 1411
04-20 20:20:21.993 30702 30733 V DynamiteModule: Dynamite loader version >= 2, using loadModule2NoCrashUtils
