04-20 19:13:23.808  2315 13635 E LoadedApk: 	at dalvik.system.BaseDexClassLoader.findClass(BaseDexClassLoader.java:196)
04-20 19:13:23.808  2315 13635 E LoadedApk: 	at java.lang.ClassLoader.loadClass(ClassLoader.java:379)
04-20 19:13:23.808  2315 13635 E LoadedApk: 	at java.lang.ClassLoader.loadClass(ClassLoader.java:312)
04-20 19:13:23.808  2315 13635 E LoadedApk: 	at android.app.LoadedApk.createAppFactory(LoadedApk.java:256)
04-20 19:13:23.808  2315 13635 E LoadedApk: 	at android.app.LoadedApk.updateApplicationInfo(LoadedApk.java:370)
04-20 19:13:23.808  2315 13635 E LoadedApk: 	at android.app.ActivityThread.getPackageInfo(ActivityThread.java:2502)
04-20 19:13:23.808  2315 13635 E LoadedApk: 	at android.app.ActivityThread.getPackageInfo(ActivityThread.java:2459)
04-20 19:13:23.808  2315 13635 E LoadedApk: 	at android.app.ContextImpl.createApplicationContext(ContextImpl.java:2171)
04-20 19:13:23.808  2315 13635 E LoadedApk: 	at android.content.ContextWrapper.createApplicationContext(ContextWrapper.java:899)
04-20 19:13:23.808  2315 13635 E LoadedApk: 	at android.app.Notification$Builder.recoverBuilder(Notification.java:5856)
04-20 19:13:23.808  2315 13635 E LoadedApk: 	at com.android.systemui.statusbar.notification.row.NotificationContentInflater$AsyncInflationTask.doInBackground(NotificationContentInflater.java:994)
04-20 19:13:23.808  2315 13635 E LoadedApk: 	at com.android.systemui.statusbar.notification.row.NotificationContentInflater$AsyncInflationTask.doInBackground(NotificationContentInflater.java:935)
04-20 19:13:23.808  2315 13635 E LoadedApk: 	at android.os.AsyncTask$3.call(AsyncTask.java:378)
04-20 19:13:23.808  2315 13635 E LoadedApk: 	at java.util.concurrent.FutureTask.run(FutureTask.java:266)
04-20 19:13:23.808  2315 13635 E LoadedApk: 	at android.os.AsyncTask$SerialExecutor$1.run(AsyncTask.java:289)
04-20 19:13:23.808  2315 13635 E LoadedApk: 	at java.util.concurrent.ThreadPoolExecutor.runWorker(ThreadPoolExecutor.java:1167)
04-20 19:13:23.808  2315 13635 E LoadedApk: 	at java.util.concurrent.ThreadPoolExecutor$Worker.run(ThreadPoolExecutor.java:641)
04-20 19:13:23.808  2315 13635 E LoadedApk: 	at java.lang.Thread.run(Thread.java:919)
04-20 19:13:23.812  2315 13635 E LoadedApk: Unable to instantiate appComponentFactory
04-20 19:13:23.812  2315 13635 E LoadedApk: java.lang.ClassNotFoundException: Didn't find class "com.google.android.finsky.appcomponentfactory.PhoneskyAppComponentFactory" on path: DexPathList[[],nativeLibraryDirectories=[/product/priv-app/SystemUI/lib/arm, /system/lib, /product/lib, /system/lib, /product/lib]]
04-20 19:13:23.812  2315 13635 E LoadedApk: 	at dalvik.system.BaseDexClassLoader.findClass(BaseDexClassLoader.java:196)
04-20 19:13:23.812  2315 13635 E LoadedApk: 	at java.lang.ClassLoader.loadClass(ClassLoader.java:379)
04-20 19:13:23.812  2315 13635 E LoadedApk: 	at java.lang.ClassLoader.loadClass(ClassLoader.java:312)
04-20 19:13:23.812  2315 13635 E LoadedApk: 	at android.app.LoadedApk.createAppFactory(LoadedApk.java:256)
04-20 19:13:23.812  2315 13635 E LoadedApk: 	at android.app.LoadedApk.updateApplicationInfo(LoadedApk.java:370)
04-20 19:13:23.812  2315 13635 E LoadedApk: 	at android.app.ActivityThread.getPackageInfo(ActivityThread.java:2502)
04-20 19:13:23.812  2315 13635 E LoadedApk: 	at android.app.ActivityThread.getPackageInfo(ActivityThread.java:2459)
04-20 19:13:23.812  2315 13635 E LoadedApk: 	at android.app.ContextImpl.createApplicationContext(ContextImpl.java:2171)
04-20 19:13:23.812  2315 13635 E LoadedApk: 	at android.content.ContextWrapper.createApplicationContext(ContextWrapper.java:899)
04-20 19:13:23.812  2315 13635 E LoadedApk: 	at android.service.notification.StatusBarNotification.getPackageContext(StatusBarNotification.java:397)
04-20 19:13:23.812  2315 13635 E LoadedApk: 	at com.android.systemui.statusbar.notification.row.NotificationContentInflater$AsyncInflationTask.doInBackground(NotificationContentInflater.java:997)
04-20 19:13:23.812  2315 13635 E LoadedApk: 	at com.android.systemui.statusbar.notification.row.NotificationContentInflater$AsyncInflationTask.doInBackground(NotificationContentInflater.java:935)
04-20 19:13:23.812  2315 13635 E LoadedApk: 	at android.os.AsyncTask$3.call(AsyncTask.java:378)
04-20 19:13:23.812  2315 13635 E LoadedApk: 	at java.util.concurrent.FutureTask.run(FutureTask.java:266)
04-20 19:13:23.812  2315 13635 E LoadedApk: 	at android.os.AsyncTask$SerialExecutor$1.run(AsyncTask.java:289)
04-20 19:13:23.812  2315 13635 E LoadedApk: 	at java.util.concurrent.ThreadPoolExecutor.runWorker(ThreadPoolExecutor.java:1167)
04-20 19:13:23.812  2315 13635 E LoadedApk: 	at java.util.concurrent.ThreadPoolExecutor$Worker.run(ThreadPoolExecutor.java:641)
04-20 19:13:23.812  2315 13635 E LoadedApk: 	at java.lang.Thread.run(Thread.java:919)
04-20 19:13:26.424  1746  2387 I chatty  : uid=1000(system) Binder:1746_5 expire 5 lines
04-20 19:13:26.634  1746  4804 I chatty  : uid=1000(system) Binder:1746_12 expire 5 lines
04-20 19:13:26.741  1746  1770 I chatty  : uid=1000(system) android.anim expire 13 lines
04-20 19:13:34.313  1746  9425 I chatty  : uid=1000(system) Binder:1746_1C expire 6 lines
04-20 19:13:35.646  7136 13349 E ActivityThread: Failed to find provider info for com.motorola.ccc.cce.datausage
04-20 19:13:36.542  1746  2041 I chatty  : uid=1000(system) Binder:1746_3 expire 5 lines
04-20 19:13:38.730  1746  9754 I chatty  : uid=1000(system) Binder:1746_1D expire 1 line
04-20 19:13:38.779  1746  1746 I chatty  : uid=1000 system_server expire 16 lines
04-20 19:13:40.542  1746  2557 I chatty  : uid=1000(system) Binder:1746_8 expire 1 line
04-20 19:13:40.550  1746  9425 I chatty  : uid=1000(system) Binder:1746_1C expire 1 line
04-20 19:13:41.147  1746  9754 I chatty  : uid=1000(system) Binder:1746_1D expire 8 lines
04-20 19:13:41.252  1746  4965 I chatty  : uid=1000(system) Binder:1746_13 expire 4 lines
04-20 19:13:41.295  1746  1777 I chatty  : uid=1000(system) ActivityManager expire 9 lines
04-20 19:13:41.441  3513 14081 E LoadedApk: Unable to instantiate appComponentFactory
04-20 19:13:41.441  3513 14081 E LoadedApk: java.lang.ClassNotFoundException: Didn't find class "androidx.core.app.CoreComponentFactory" on path: DexPathList[[],nativeLibraryDirectories=[/product/app/TimeWeather/lib/arm, /system/lib, /product/lib, /system/lib, /product/lib]]
04-20 19:13:41.441  3513 14081 E LoadedApk: 	at dalvik.system.BaseDexClassLoader.findClass(BaseDexClassLoader.java:196)
04-20 19:13:41.441  3513 14081 E LoadedApk: 	at java.lang.ClassLoader.loadClass(ClassLoader.java:379)
04-20 19:13:41.441  3513 14081 E LoadedApk: 	at java.lang.ClassLoader.loadClass(ClassLoader.java:312)
04-20 19:13:41.441  3513 14081 E LoadedApk: 	at android.app.LoadedApk.createAppFactory(LoadedApk.java:256)
04-20 19:13:41.441  3513 14081 E LoadedApk: 	at android.app.LoadedApk.updateApplicationInfo(LoadedApk.java:370)
04-20 19:13:41.441  3513 14081 E LoadedApk: 	at android.app.ActivityThread.getPackageInfo(ActivityThread.java:2502)
04-20 19:13:41.441  3513 14081 E LoadedApk: 	at android.app.ActivityThread.getPackageInfo(ActivityThread.java:2459)
04-20 19:13:41.441  3513 14081 E LoadedApk: 	at android.app.ContextImpl.createApplicationContext(ContextImpl.java:2171)
04-20 19:13:41.441  3513 14081 E LoadedApk: 	at android.content.ContextWrapper.createApplicationContext(ContextWrapper.java:899)
04-20 19:13:41.441  3513 14081 E LoadedApk: 	at android.widget.RemoteViews.getContextForResources(RemoteViews.java:3670)
04-20 19:13:41.441  3513 14081 E LoadedApk: 	at android.widget.RemoteViews.inflateView(RemoteViews.java:3403)
04-20 19:13:41.441  3513 14081 E LoadedApk: 	at android.widget.RemoteViews.inflateView(RemoteViews.java:3394)
04-20 19:13:41.441  3513 14081 E LoadedApk: 	at android.widget.RemoteViews.access$2400(RemoteViews.java:125)
04-20 19:13:41.441  3513 14081 E LoadedApk: 	at android.widget.RemoteViews$AsyncApplyTask.doInBackground(RemoteViews.java:3506)
04-20 19:13:41.441  3513 14081 E LoadedApk: 	at android.widget.RemoteViews$AsyncApplyTask.doInBackground(RemoteViews.java:3477)
04-20 19:13:41.441  3513 14081 E LoadedApk: 	at android.os.AsyncTask$3.call(AsyncTask.java:378)
04-20 19:13:41.441  3513 14081 E LoadedApk: 	at java.util.concurrent.FutureTask.run(FutureTask.java:266)
04-20 19:13:41.441  3513 14081 E LoadedApk: 	at java.util.concurrent.ThreadPoolExecutor.runWorker(ThreadPoolExecutor.java:1167)
04-20 19:13:41.441  3513 14081 E LoadedApk: 	at java.util.concurrent.ThreadPoolExecutor$Worker.run(ThreadPoolExecutor.java:641)
04-20 19:13:41.441  3513 14081 E LoadedApk: 	at java.lang.Thread.run(Thread.java:919)
04-20 19:13:41.757  1746  2662 I chatty  : uid=1000(system) android.fg expire 2 lines
04-20 19:13:41.996  1746  1766 I chatty  : uid=1000(system) android.fg expire 5 lines
04-20 19:13:42.112  1746  3447 I chatty  : uid=1000(system) Binder:1746_E expire 1 line
04-20 19:13:42.388  1746  1775 I chatty  : uid=1000(system) android.bg expire 2 lines
04-20 19:13:43.779  1746  2041 I chatty  : uid=1000(system) Binder:1746_3 expire 11 lines
04-20 19:13:43.825  1746  2396 I chatty  : uid=1000(system) Binder:1746_6 expire 2 lines
04-20 19:13:43.866  1746  1770 I chatty  : uid=1000(system) android.anim expire 13 lines
04-20 19:13:45.818  1746  1765 I chatty  : uid=1000(system) Binder:1746_2 expire 5 lines
04-20 19:13:46.204  1746  1764 I chatty  : uid=1000(system) Binder:1746_1 expire 11 lines
04-20 19:13:49.538  1746  6609 I chatty  : uid=1000(system) Binder:1746_18 expire 8 lines
04-20 19:13:49.973  1746  1780 I chatty  : uid=1000(system) batterystats-wo expire 1 line
04-20 19:13:55.888  1746  2164 I chatty  : uid=1000(system) HwBinder:1746_2 expire 1 line
04-20 19:13:55.910  1746  2828 I chatty  : uid=1000(system) Binder:1746_C expire 2 lines
04-20 19:14:01.842  1746  1776 I chatty  : uid=1000(system) ActivityManager expire 17 lines
04-20 19:14:06.986  1746  2064 I chatty  : uid=1000(system) UEventObserver expire 1 line
04-20 19:14:10.677  7136 13348 E ActivityThread: Failed to find provider info for com.motorola.ccc.cce.datausage
04-20 19:14:10.770  1746  1769 I chatty  : uid=1000(system) android.display expire 7 lines
04-20 19:14:10.854  1746  9916 I chatty  : uid=1000(system) Binder:1746_1E expire 3 lines
04-20 19:14:11.201  1746  1770 I chatty  : uid=1000(system) android.anim expire 3 lines
04-20 19:14:11.271  1746  1764 I chatty  : uid=1000(system) Binder:1746_1 expire 2 lines
04-20 19:14:11.272  1746  2251 I chatty  : uid=1000(system) ConnectivitySer expire 1 line
04-20 19:14:14.668  1746  5873 I chatty  : uid=1000(system) Binder:1746_16 expire 1 line
04-20 19:14:16.599  1746  1791 I chatty  : uid=1000(system) PackageManager expire 27 lines
04-20 19:14:16.792  1746  1746 I chatty  : uid=1000 system_server expire 24 lines
04-20 19:14:17.024  1746  1770 I chatty  : uid=1000(system) android.anim expire 5 lines
04-20 19:14:17.249  1746  2387 I chatty  : uid=1000(system) Binder:1746_5 expire 9 lines
04-20 19:14:17.498  1746  2827 I chatty  : uid=1000(system) Binder:1746_B expire 3 lines
04-20 19:14:19.734  1746  1777 I chatty  : uid=1000(system) ActivityManager expire 17 lines
04-20 19:14:20.510  1746  1769 I chatty  : uid=1000(system) android.display expire 5 lines
04-20 19:14:21.616  1746  6609 I chatty  : uid=1000(system) Binder:1746_18 expire 4 lines
04-20 19:14:22.606  1746  7304 I chatty  : uid=1000(system) Binder:1746_1A expire 1 line
04-20 19:14:22.837 14603 14603 W ActivityThread: serviceCreate starts in 3017 ms, CreateServiceData = CreateServiceData{token=android.os.BinderProxy@50ce5b2 className=com.google.android.finsky.setup.PlaySetupServiceV2 packageName=com.android.vending intent=null}
04-20 19:14:24.271  1746  1791 I chatty  : uid=1000(system) PackageManager expire 29 lines
04-20 19:14:24.289  1746  2662 I chatty  : uid=1000(system) android.fg expire 5 lines
04-20 19:14:24.363  1746  1776 I chatty  : uid=1000(system) ActivityManager expire 23 lines
04-20 19:14:24.395  1746  2082 I chatty  : uid=1000(system) AccountManagerS expire 1 line
04-20 19:14:24.449  1746  1767 I chatty  : uid=1000(system) android.ui expire 1 line
04-20 19:14:24.449  1746  9425 I chatty  : uid=1000(system) Binder:1746_1C expire 6 lines
04-20 19:14:24.449  1746  7096 I chatty  : uid=1000(system) Binder:1746_19 expire 1 line
04-20 19:14:24.450  1746  2251 I chatty  : uid=1000(system) ConnectivitySer expire 1 line
04-20 19:14:24.615  1746  1766 I chatty  : uid=1000(system) android.fg expire 4 lines
04-20 19:14:24.718  1746  3668 I chatty  : uid=1000(system) Binder:1746_11 expire 2 lines
04-20 19:14:25.397  1746  1775 I chatty  : uid=1000(system) android.bg expire 2 lines
04-20 19:14:25.599  1746  2740 I chatty  : uid=1000(system) Binder:1746_A expire 2 lines
04-20 19:14:25.701  1746  4965 I chatty  : uid=1000(system) Binder:1746_13 expire 1 line
04-20 19:14:25.754  1746  3407 I chatty  : uid=1000(system) Binder:1746_D expire 7 lines
04-20 19:14:25.984  1746  1765 I chatty  : uid=1000(system) Binder:1746_2 expire 1 line
04-20 19:14:29.154  1746  4978 I chatty  : uid=1000(system) Binder:1746_14 expire 4 lines
04-20 19:14:32.055  1746  5335 I chatty  : uid=1000(system) Binder:1746_15 expire 2 lines
04-20 19:14:35.070  1746  3666 I chatty  : uid=1000(system) Binder:1746_F expire 5 lines
04-20 19:14:42.446  1746  1791 I chatty  : uid=1000(system) PackageManager expire 23 lines
04-20 19:14:44.889  1746  6609 I chatty  : uid=1000(system) Binder:1746_18 expire 3 lines
04-20 19:14:44.954  1746  3407 I chatty  : uid=1000(system) Binder:1746_D expire 8 lines
04-20 19:14:47.429  1746  1746 I chatty  : uid=1000 system_server expire 14 lines
04-20 19:14:47.463  1746  2662 I chatty  : uid=1000(system) android.fg expire 5 lines
04-20 19:14:47.495  1746  2082 I chatty  : uid=1000(system) AccountManagerS expire 1 line
04-20 19:14:47.549  1746  3447 I chatty  : uid=1000(system) Binder:1746_E expire 2 lines
04-20 19:14:47.683  1746  1766 I chatty  : uid=1000(system) android.fg expire 7 lines
04-20 19:14:47.737  1746  1776 I chatty  : uid=1000(system) ActivityManager expire 14 lines
04-20 19:14:47.787  1746  1777 I chatty  : uid=1000(system) ActivityManager expire 7 lines
04-20 19:14:48.332  1746  2622 I chatty  : uid=1000(system) IzatProvider expire 2 lines
04-20 19:14:48.540  1746  1775 I chatty  : uid=1000(system) android.bg expire 2 lines
04-20 19:14:49.335  1746  2557 I chatty  : uid=1000(system) Binder:1746_8 expire 6 lines
04-20 19:14:50.807  1746 10308 I chatty  : uid=1000(system) Binder:1746_1F expire 4 lines
04-20 19:15:04.038  1746  6032 I chatty  : uid=1000(system) Binder:1746_17 expire 2 lines
04-20 19:15:05.509  7136 13349 E ActivityThread: Failed to find provider info for com.motorola.ccc.cce.datausage
04-20 19:15:06.041  1746  1791 I chatty  : uid=1000(system) PackageManager expire 26 lines
04-20 19:15:06.301  1746  1746 I chatty  : uid=1000 system_server expire 3 lines
04-20 19:15:06.322  1746  1770 I chatty  : uid=1000(system) android.anim expire 6 lines
04-20 19:15:06.384  1746  2444 I chatty  : uid=1000(system) Binder:1746_7 expire 9 lines
04-20 19:15:06.500  1746  2827 I chatty  : uid=1000(system) Binder:1746_B expire 5 lines
04-20 19:15:06.947  1746  1765 I chatty  : uid=1000(system) Binder:1746_2 expire 1 line
04-20 19:15:08.387  1746  2064 I chatty  : uid=1000(system) UEventObserver expire 6 lines
04-20 19:15:14.287  1746  1770 I chatty  : uid=1000(system) android.anim expire 5 lines
04-20 19:15:14.704  1746  3407 I chatty  : uid=1000(system) Binder:1746_D expire 5 lines
04-20 19:15:14.798  1746  1791 I chatty  : uid=1000(system) PackageManager expire 34 lines
04-20 19:15:14.810   601   620 D vold    : Remounting 10209 as mode default
04-20 19:15:14.827  1746  2082 I chatty  : uid=1000(system) AccountManagerS expire 1 line
04-20 19:15:14.827  1746  1746 I chatty  : uid=1000 system_server expire 20 lines
04-20 19:15:14.836  1746  2662 I chatty  : uid=1000(system) android.fg expire 4 lines
04-20 19:15:14.858  1746  1776 I chatty  : uid=1000(system) ActivityManager expire 11 lines
04-20 19:15:14.911  1746  1777 I chatty  : uid=1000(system) ActivityManager expire 4 lines
04-20 19:15:15.089  1746  1766 I chatty  : uid=1000(system) android.fg expire 11 lines
04-20 19:15:15.161  1746  2041 I chatty  : uid=1000(system) Binder:1746_3 expire 3 lines
04-20 19:15:15.364  1746  2827 I chatty  : uid=1000(system) Binder:1746_B expire 2 lines
04-20 19:15:15.633  1746  1775 I chatty  : uid=1000(system) android.bg expire 3 lines
04-20 19:15:15.904  1746  3667 I chatty  : uid=1000(system) Binder:1746_10 expire 3 lines
04-20 19:15:25.789  1746  9368 I chatty  : uid=1000(system) Binder:1746_1B expire 1 line
04-20 19:15:27.714  1746 10308 I chatty  : uid=1000(system) Binder:1746_1F expire 2 lines
04-20 19:15:35.303  1746  6032 I chatty  : uid=1000(system) Binder:1746_17 expire 1 line
04-20 19:15:35.381  1746  2235 I chatty  : uid=1000(system) Binder:1746_4 expire 2 lines
04-20 19:15:35.806  1746  5873 I chatty  : uid=1000(system) Binder:1746_16 expire 2 lines
04-20 19:15:38.543  1746  5335 I chatty  : uid=1000(system) Binder:1746_15 expire 2 lines
04-20 19:15:54.440  1746  1784 I chatty  : uid=1000(system) PowerManagerSer expire 10 lines
04-20 19:15:54.511  1746  2164 I chatty  : uid=1000(system) HwBinder:1746_2 expire 1 line
04-20 19:15:54.511  1746  2395 I chatty  : uid=1000(system) HwBinder:1746_4 expire 1 line
04-20 19:15:54.565  1746  1780 I chatty  : uid=1000(system) batterystats-wo expire 1 line
04-20 19:15:54.719  1746  4978 I chatty  : uid=1000(system) Binder:1746_14 expire 1 line
04-20 19:15:59.656  1746  1767 I chatty  : uid=1000(system) android.ui expire 4 lines
04-20 19:16:00.193  1746 16488 I chatty  : uid=1000 system_server expire 1 line
04-20 19:16:00.199  1746  1769 I chatty  : uid=1000(system) android.display expire 5 lines
04-20 19:16:01.103  1746  3447 I chatty  : uid=1000(system) Binder:1746_E expire 3 lines
04-20 19:16:01.212   601   620 E Cryptfs : cryptfs_get_password not valid for file encryption
04-20 19:16:02.709  1746  1784 I chatty  : uid=1000(system) PowerManagerSer expire 12 lines
04-20 19:16:06.658  1746  1769 I chatty  : uid=1000(system) android.display expire 4 lines
04-20 19:16:06.825  1746  9425 I chatty  : uid=1000(system) Binder:1746_1C expire 5 lines
04-20 19:16:06.871  1746  1746 I chatty  : uid=1000 system_server expire 21 lines
04-20 19:16:09.206  1746  6609 I chatty  : uid=1000(system) Binder:1746_18 expire 2 lines
04-20 19:16:09.261  1746  3667 I chatty  : uid=1000(system) Binder:1746_10 expire 1 line
04-20 19:16:14.014  1746  1791 I chatty  : uid=1000(system) PackageManager expire 42 lines
04-20 19:16:14.060   601   620 D vold    : Remounting 10210 as mode default
04-20 19:16:18.629  1746  1775 I chatty  : uid=1000(system) android.bg expire 4 lines
04-20 19:16:18.678  1746  2082 I chatty  : uid=1000(system) AccountManagerS expire 1 line
04-20 19:16:18.688  1746  2662 I chatty  : uid=1000(system) android.fg expire 5 lines
04-20 19:16:18.719  1746  1776 I chatty  : uid=1000(system) ActivityManager expire 12 lines
04-20 19:16:18.757  1746  7304 I chatty  : uid=1000(system) Binder:1746_1A expire 3 lines
04-20 19:16:18.757  1746  1767 I chatty  : uid=1000(system) android.ui expire 3 lines
04-20 19:16:18.783  1746  1780 I chatty  : uid=1000(system) batterystats-wo expire 1 line
04-20 19:16:18.789  1746  1777 I chatty  : uid=1000(system) ActivityManager expire 3 lines
04-20 19:16:18.997  1746  1766 I chatty  : uid=1000(system) android.fg expire 9 lines
04-20 19:16:19.015  1746  1765 I chatty  : uid=1000(system) Binder:1746_2 expire 2 lines
04-20 19:16:20.316  1746  2163 I chatty  : uid=1000(system) InputReader expire 1 line
04-20 19:16:20.329  1746  5873 I chatty  : uid=1000(system) Binder:1746_16 expire 3 lines
04-20 19:16:20.460  1746  4978 I chatty  : uid=1000(system) Binder:1746_14 expire 2 lines
04-20 19:16:20.488  1746  1770 I chatty  : uid=1000(system) android.anim expire 5 lines
04-20 19:16:23.600  1746  5335 I chatty  : uid=1000(system) Binder:1746_15 expire 2 lines
04-20 19:16:23.704  1746  4965 I chatty  : uid=1000(system) Binder:1746_13 expire 2 lines
04-20 19:16:23.753  1746  3407 I chatty  : uid=1000(system) Binder:1746_D expire 1 line
04-20 19:16:26.763  1746 10308 I chatty  : uid=1000(system) Binder:1746_1F expire 1 line
04-20 19:16:35.832 16666 16666 D ActivityThread: Loading provider contacts;com.android.contacts: com.android.providers.contacts.ContactsProvider2
04-20 19:16:40.848  7136 13348 E ActivityThread: Failed to find provider info for com.motorola.ccc.cce.datausage
04-20 19:16:57.127  1746  1791 I chatty  : uid=1000(system) PackageManager expire 12 lines
04-20 19:16:58.462  1746  1764 I chatty  : uid=1000(system) Binder:1746_1 expire 4 lines
04-20 19:17:02.135  1746  2064 I chatty  : uid=1000(system) UEventObserver expire 1 line
04-20 19:17:06.596  1746  1765 I chatty  : uid=1000(system) Binder:1746_2 expire 1 line
04-20 19:17:09.746   601   620 D vold    : Remounting 10211 as mode default
04-20 19:17:09.770  1746  2082 I chatty  : uid=1000(system) AccountManagerS expire 2 lines
04-20 19:17:09.779  1746  1746 I chatty  : uid=1000 system_server expire 17 lines
04-20 19:17:09.787  1746  2662 I chatty  : uid=1000(system) android.fg expire 5 lines
04-20 19:17:09.848  1746  7304 I chatty  : uid=1000(system) Binder:1746_1A expire 1 line
04-20 19:17:09.864  1746  1776 I chatty  : uid=1000(system) ActivityManager expire 14 lines
04-20 19:17:09.920  1746  5335 I chatty  : uid=1000(system) Binder:1746_15 expire 2 lines
04-20 19:17:10.065  1746  1766 I chatty  : uid=1000(system) android.fg expire 8 lines
04-20 19:17:10.538  1746  1775 I chatty  : uid=1000(system) android.bg expire 2 lines
04-20 19:17:15.928  1746  1784 I chatty  : uid=1000(system) PowerManagerSer expire 9 lines
04-20 19:17:23.492  1746 16892 I chatty  : uid=1000 system_server expire 1 line
04-20 19:17:23.507  1746  1769 I chatty  : uid=1000(system) android.display expire 3 lines
04-20 19:17:23.981  1746  3407 I chatty  : uid=1000(system) Binder:1746_D expire 3 lines
04-20 19:17:24.054  1746  3667 I chatty  : uid=1000(system) Binder:1746_10 expire 1 line
04-20 19:17:24.161  1746  6609 I chatty  : uid=1000(system) Binder:1746_18 expire 2 lines
04-20 19:17:24.487  1746  4965 I chatty  : uid=1000(system) Binder:1746_13 expire 2 lines
04-20 19:17:24.509  1746  1770 I chatty  : uid=1000(system) android.anim expire 1 line
04-20 19:17:44.976  1746  1791 I chatty  : uid=1000(system) PackageManager expire 53 lines
04-20 19:17:56.953   601   620 D vold    : Remounting 10212 as mode default
04-20 19:17:57.050  1746  1746 I chatty  : uid=1000 system_server expire 3 lines
04-20 19:18:01.310  1746  4978 I chatty  : uid=1000(system) Binder:1746_14 expire 2 lines
04-20 19:18:01.595  1746  1746 I chatty  : uid=1000 system_server expire 16 lines
04-20 19:18:01.597  1746  1766 I chatty  : uid=1000(system) android.fg expire 11 lines
04-20 19:18:02.185  1746  1775 I chatty  : uid=1000(system) android.bg expire 4 lines
04-20 19:18:02.704  1746  2662 I chatty  : uid=1000(system) android.fg expire 6 lines
04-20 19:18:10.963  1746  1776 I chatty  : uid=1000(system) ActivityManager expire 9 lines
04-20 19:18:11.316  1746  1791 I chatty  : uid=1000(system) PackageManager expire 46 lines
04-20 19:18:25.518   601   620 D vold    : Remounting 10213 as mode default
04-20 19:18:25.604  1746  2082 I chatty  : uid=1000(system) AccountManagerS expire 2 lines
04-20 19:18:27.366  1746  1767 I chatty  : uid=1000(system) android.ui expire 2 lines
04-20 19:18:27.374  1746  2739 I chatty  : uid=1000(system) Binder:1746_9 expire 1 line
04-20 19:18:27.461  1746  3407 I chatty  : uid=1000(system) Binder:1746_D expire 1 line
04-20 19:18:27.540  1746  1777 I chatty  : uid=1000(system) ActivityManager expire 1 line
04-20 19:18:28.136  1746  4965 I chatty  : uid=1000(system) Binder:1746_13 expire 2 lines
04-20 19:18:28.152  1746  2064 I chatty  : uid=1000(system) UEventObserver expire 1 line
04-20 19:18:28.732  1746  1765 I chatty  : uid=1000(system) Binder:1746_2 expire 1 line
04-20 19:18:36.221  1746  1791 I chatty  : uid=1000(system) PackageManager expire 46 lines
04-20 19:18:39.065  1746  3667 I chatty  : uid=1000(system) Binder:1746_10 expire 1 line
04-20 19:18:59.732   601   620 D vold    : Remounting 10214 as mode default
04-20 19:18:59.809  1746  1746 I chatty  : uid=1000 system_server expire 12 lines
04-20 19:18:59.848  1746  3407 I chatty  : uid=1000(system) Binder:1746_D expire 1 line
04-20 19:18:59.861  1746  1776 I chatty  : uid=1000(system) ActivityManager expire 16 lines
04-20 19:18:59.913  1746  3667 I chatty  : uid=1000(system) Binder:1746_10 expire 1 line
04-20 19:18:59.955  1746  1777 I chatty  : uid=1000(system) ActivityManager expire 2 lines
04-20 19:19:00.093  1746  1766 I chatty  : uid=1000(system) android.fg expire 8 lines
04-20 19:19:00.262  1746  2739 I chatty  : uid=1000(system) Binder:1746_9 expire 4 lines
04-20 19:19:00.523  1746 10308 I chatty  : uid=1000(system) Binder:1746_1F expire 1 line
04-20 19:19:00.623  1746  1775 I chatty  : uid=1000(system) android.bg expire 6 lines
04-20 19:19:01.003  1746  2662 I chatty  : uid=1000(system) android.fg expire 3 lines
04-20 19:19:02.571  1746  6609 I chatty  : uid=1000(system) Binder:1746_18 expire 1 line
04-20 19:19:02.716  1746  1791 I chatty  : uid=1000(system) PackageManager expire 88 lines
04-20 19:19:05.114  1746  2082 I chatty  : uid=1000(system) AccountManagerS expire 1 line
04-20 19:19:08.242  1746  1765 I chatty  : uid=1000(system) Binder:1746_2 expire 2 lines
04-20 19:19:09.513  1746  1746 I chatty  : uid=1000 system_server expire 17 lines
04-20 19:19:09.564  1746  1791 I chatty  : uid=1000(system) PackageManager expire 81 lines
04-20 19:19:09.588  1746  2662 I chatty  : uid=1000(system) android.fg expire 7 lines
04-20 19:19:09.612  1746  2082 I chatty  : uid=1000(system) AccountManagerS expire 1 line
04-20 19:19:09.734  1746  1766 I chatty  : uid=1000(system) android.fg expire 7 lines
04-20 19:19:09.895  1746  1777 I chatty  : uid=1000(system) ActivityManager expire 2 lines
04-20 19:19:10.438  1746  2396 I chatty  : uid=1000(system) Binder:1746_6 expire 1 line
04-20 19:19:10.441  1746  1776 I chatty  : uid=1000(system) ActivityManager expire 25 lines
04-20 19:19:10.452  1746  3666 I chatty  : uid=1000(system) Binder:1746_F expire 1 line
04-20 19:19:10.518  1746  1775 I chatty  : uid=1000(system) android.bg expire 2 lines
04-20 19:19:10.809 17440 17440 D SystemConfig: Removed unavailable feature android.hardware.sensor.gyroscope
04-20 19:19:10.832 17440 17440 W SystemConfig: No directory /oem/etc/sysconfig, skipping
04-20 19:19:10.832 17440 17440 W SystemConfig: No directory /oem/etc/permissions, skipping
04-20 19:19:11.187 17440 17440 W SystemConfig: No directory /system/etc/motorola/bgintents, skipping
04-20 19:19:11.187 17440 17440 W SystemConfig: No directory /oem/etc/motorola/bgintents, skipping
04-20 19:19:11.202 17440 17440 W SystemConfig: No directory /product_services/etc/sysconfig, skipping
04-20 19:19:11.203 17440 17440 W SystemConfig: No directory /product_services/etc/permissions, skipping
04-20 19:19:11.203 17440 17440 W SystemConfig: No directory /system/etc/motorola/sysconfig, skipping
04-20 19:19:11.203 17440 17440 W SystemConfig: No directory /oem/etc/motorola/sysconfig, skipping
04-20 19:19:11.204 17440 17440 W SystemConfig: No directory /product/etc/motorola/sysconfig, skipping
04-20 19:19:20.525  1746  2387 I chatty  : uid=1000(system) Binder:1746_5 expire 1 line
04-20 19:19:20.574  1746  6609 I chatty  : uid=1000(system) Binder:1746_18 expire 1 line
04-20 19:19:23.569  1746  1791 I chatty  : uid=1000(system) PackageManager expire 82 lines
04-20 19:19:23.648  1746  1776 I chatty  : uid=1000(system) ActivityManager expire 76 lines
04-20 19:19:23.667  1746  7304 I chatty  : uid=1000(system) Binder:1746_1A expire 3 lines
04-20 19:19:23.711  1746  1791 I chatty  : uid=1000(system) PackageManager expire 44 lines
04-20 19:19:23.748  1746  2396 I chatty  : uid=1000(system) Binder:1746_6 expire 1 line
04-20 19:19:23.748  1746  4804 I chatty  : uid=1000(system) Binder:1746_12 expire 2 lines
04-20 19:19:23.749  1746  2251 I chatty  : uid=1000(system) ConnectivitySer expire 6 lines
04-20 19:19:23.782  1746  3666 I chatty  : uid=1000(system) Binder:1746_F expire 1 line
04-20 19:19:23.783  1746  9916 I chatty  : uid=1000(system) Binder:1746_1E expire 3 lines
04-20 19:19:23.807  1746  7096 I chatty  : uid=1000(system) Binder:1746_19 expire 1 line
04-20 19:19:23.824  1746  1766 I chatty  : uid=1000(system) android.fg expire 1 line
04-20 19:19:23.828  1746  1767 I chatty  : uid=1000(system) android.ui expire 1 line
04-20 19:19:23.830  1746  2622 I chatty  : uid=1000(system) IzatProvider expire 2 lines
04-20 19:19:23.831  1746  1746 I chatty  : uid=1000 system_server expire 3 lines
04-20 19:19:23.889  1746  3668 I chatty  : uid=1000(system) Binder:1746_11 expire 4 lines
04-20 19:19:23.889  1746  5873 I chatty  : uid=1000(system) Binder:1746_16 expire 1 line
04-20 19:19:23.898  1746  1769 I chatty  : uid=1000(system) android.display expire 1 line
04-20 19:19:28.714  1746  1777 I chatty  : uid=1000(system) ActivityManager expire 2 lines
04-20 19:19:33.079 17527 17527 W PackageParser: Unknown element under <manifest>: queries at /data/user_de/0/com.google.android.gms/app_chimera/m/s/AdsDynamite.apk Binary XML file line #5
04-20 19:19:33.236 17527 17527 D SystemConfig: Removed unavailable feature android.hardware.sensor.gyroscope
04-20 19:19:33.256 17527 17527 W SystemConfig: No directory /oem/etc/sysconfig, skipping
04-20 19:19:33.256 17527 17527 W SystemConfig: No directory /oem/etc/permissions, skipping
04-20 19:19:33.442 17527 17527 W SystemConfig: No directory /system/etc/motorola/bgintents, skipping
04-20 19:19:33.443 17527 17527 W SystemConfig: No directory /oem/etc/motorola/bgintents, skipping
04-20 19:19:33.459 17527 17527 W SystemConfig: No directory /product_services/etc/sysconfig, skipping
04-20 19:19:33.460 17527 17527 W SystemConfig: No directory /product_services/etc/permissions, skipping
04-20 19:19:33.460 17527 17527 W SystemConfig: No directory /system/etc/motorola/sysconfig, skipping
04-20 19:19:33.460 17527 17527 W SystemConfig: No directory /oem/etc/motorola/sysconfig, skipping
04-20 19:19:33.461 17527 17527 W SystemConfig: No directory /product/etc/motorola/sysconfig, skipping
04-20 19:19:34.418 17527 17527 W PackageParser: Unknown element under <manifest>: queries at /data/user_de/0/com.google.android.gms/app_chimera/m/0000000a/AdsDynamite.apk Binary XML file line #5
04-20 19:19:35.811  7136 13349 E ActivityThread: Failed to find provider info for com.motorola.ccc.cce.datausage
04-20 19:19:36.104  1746  1776 I chatty  : uid=1000(system) ActivityManager expire 1 line
04-20 19:19:36.677  1746 10308 I chatty  : uid=1000(system) Binder:1746_1F expire 1 line
04-20 19:19:36.677  1746  2739 I chatty  : uid=1000(system) Binder:1746_9 expire 1 line
04-20 19:19:36.679  1746  2557 I chatty  : uid=1000(system) Binder:1746_8 expire 2 lines
04-20 19:19:36.680  1746  4978 I chatty  : uid=1000(system) Binder:1746_14 expire 1 line
04-20 19:19:37.464 17527 17527 W ActivityThread: serviceCreate starts in 8707 ms, CreateServiceData = CreateServiceData{token=android.os.BinderProxy@9beafd0 className=com.google.android.gms.chimera.PersistentApiService packageName=com.google.android.gms intent=null}
04-20 19:19:37.597 17527 17527 W ActivityThread: serviceCreate starts in 8839 ms, CreateServiceData = CreateServiceData{token=android.os.BinderProxy@f83e783 className=com.google.android.gms.chimera.PersistentDirectBootAwareApiService packageName=com.google.android.gms intent=null}
04-20 19:19:37.865 17527 17527 W ActivityThread: serviceCreate starts in 8994 ms, CreateServiceData = CreateServiceData{token=android.os.BinderProxy@d0b71c7 className=com.google.android.gms.instantapps.service.InstantAppsService packageName=com.google.android.gms intent=null}
04-20 19:19:38.229 17527 17613 E ActivityThread: Failed to find provider info for instantapp-dev-manager
04-20 19:19:39.111 17557 17557 W ActivityThread: serviceCreate starts in 4911 ms, CreateServiceData = CreateServiceData{token=android.os.BinderProxy@d31c9d0 className=com.google.android.gms.chimera.GmsIntentOperationService packageName=com.google.android.gms intent=null}
04-20 19:19:39.164 17557 17557 W ActivityThread: serviceStart starts in 4963 ms, ServiceArgsData = ServiceArgsData{token=android.os.BinderProxy@d31c9d0 startId=1 args=Intent { act=com.google.android.chimera.container.MODULE_SCAN pkg=com.google.android.gms }}
04-20 19:19:39.169 17557 17557 W ActivityThread: serviceStart starts in 3045 ms, ServiceArgsData = ServiceArgsData{token=android.os.BinderProxy@d31c9d0 startId=2 args=Intent { act=com.google.android.chimera.container.IntentOperationService.MODULE_SPECIFIC pkg=com.google.android.gms (has extras) }}
04-20 19:19:39.181 17557 17557 W ActivityThread: serviceStart starts in 3054 ms, ServiceArgsData = ServiceArgsData{token=android.os.BinderProxy@d31c9d0 startId=3 args=Intent { act=com.google.android.chimera.container.IntentOperationService.MODULE_SPECIFIC cmp=com.google.android.gms/.chimera.GmsIntentOperationService (has extras) }}
04-20 19:19:39.186 17557 17557 W ActivityThread: serviceStart starts in 3056 ms, ServiceArgsData = ServiceArgsData{token=android.os.BinderProxy@d31c9d0 startId=4 args=Intent { act=com.google.android.chimera.container.IntentOperationService.MODULE_SPECIFIC cmp=com.google.android.gms/.chimera.GmsIntentOperationService (has extras) }}
04-20 19:19:39.190 17557 17557 W ActivityThread: serviceStart starts in 3058 ms, ServiceArgsData = ServiceArgsData{token=android.os.BinderProxy@d31c9d0 startId=5 args=Intent { act=com.google.android.chimera.container.IntentOperationService.MODULE_SPECIFIC cmp=com.google.android.gms/.chimera.GmsIntentOperationService (has extras) }}
04-20 19:19:39.194 17557 17557 W ActivityThread: serviceStart starts in 3060 ms, ServiceArgsData = ServiceArgsData{token=android.os.BinderProxy@d31c9d0 startId=6 args=Intent { act=com.google.android.chimera.container.IntentOperationService.MODULE_SPECIFIC cmp=com.google.android.gms/.chimera.GmsIntentOperationService (has extras) }}
04-20 19:19:39.197 17557 17557 W ActivityThread: serviceStart starts in 3059 ms, ServiceArgsData = ServiceArgsData{token=android.os.BinderProxy@d31c9d0 startId=7 args=Intent { act=com.google.android.chimera.container.IntentOperationService.MODULE_SPECIFIC cmp=com.google.android.gms/.chimera.GmsIntentOperationService (has extras) }}
04-20 19:19:39.200 17557 17557 W ActivityThread: serviceStart starts in 3059 ms, ServiceArgsData = ServiceArgsData{token=android.os.BinderProxy@d31c9d0 startId=8 args=Intent { act=com.google.android.chimera.container.IntentOperationService.MODULE_SPECIFIC cmp=com.google.android.gms/.chimera.GmsIntentOperationService (has extras) }}
04-20 19:19:39.210 17557 17557 W ActivityThread: serviceStart starts in 3066 ms, ServiceArgsData = ServiceArgsData{token=android.os.BinderProxy@d31c9d0 startId=9 args=Intent { act=com.google.android.chimera.container.IntentOperationService.MODULE_SPECIFIC cmp=com.google.android.gms/.chimera.GmsIntentOperationService (has extras) }}
04-20 19:19:39.216 17557 17557 W ActivityThread: serviceStart starts in 3070 ms, ServiceArgsData = ServiceArgsData{token=android.os.BinderProxy@d31c9d0 startId=10 args=Intent { act=com.google.android.chimera.container.IntentOperationService.MODULE_SPECIFIC cmp=com.google.android.gms/.chimera.GmsIntentOperationService (has extras) }}
04-20 19:19:39.221 17557 17557 W ActivityThread: serviceStart starts in 3072 ms, ServiceArgsData = ServiceArgsData{token=android.os.BinderProxy@d31c9d0 startId=11 args=Intent { act=com.google.android.chimera.container.IntentOperationService.MODULE_SPECIFIC cmp=com.google.android.gms/.chimera.GmsIntentOperationService (has extras) }}
04-20 19:19:39.224 17557 17557 W ActivityThread: serviceStart starts in 3071 ms, ServiceArgsData = ServiceArgsData{token=android.os.BinderProxy@d31c9d0 startId=12 args=Intent { act=com.google.android.chimera.container.IntentOperationService.MODULE_SPECIFIC cmp=com.google.android.gms/.chimera.GmsIntentOperationService (has extras) }}
04-20 19:19:39.232 17557 17557 W ActivityThread: serviceStart starts in 3078 ms, ServiceArgsData = ServiceArgsData{token=android.os.BinderProxy@d31c9d0 startId=13 args=Intent { act=com.google.android.chimera.container.IntentOperationService.MODULE_SPECIFIC cmp=com.google.android.gms/.chimera.GmsIntentOperationService (has extras) }}
04-20 19:19:39.239 17557 17557 W ActivityThread: serviceStart starts in 3082 ms, ServiceArgsData = ServiceArgsData{token=android.os.BinderProxy@d31c9d0 startId=14 args=Intent { act=com.google.android.chimera.container.IntentOperationService.MODULE_SPECIFIC cmp=com.google.android.gms/.chimera.GmsIntentOperationService (has extras) }}
04-20 19:19:39.242 17557 17557 W ActivityThread: serviceStart starts in 3080 ms, ServiceArgsData = ServiceArgsData{token=android.os.BinderProxy@d31c9d0 startId=15 args=Intent { act=com.google.android.chimera.container.IntentOperationService.MODULE_SPECIFIC cmp=com.google.android.gms/.chimera.GmsIntentOperationService (has extras) }}
04-20 19:19:39.246 17557 17557 W ActivityThread: serviceStart starts in 3081 ms, ServiceArgsData = ServiceArgsData{token=android.os.BinderProxy@d31c9d0 startId=16 args=Intent { act=com.google.android.chimera.container.IntentOperationService.MODULE_SPECIFIC cmp=com.google.android.gms/.chimera.GmsIntentOperationService (has extras) }}
04-20 19:19:39.254 17557 17557 W ActivityThread: serviceStart starts in 3086 ms, ServiceArgsData = ServiceArgsData{token=android.os.BinderProxy@d31c9d0 startId=17 args=Intent { act=com.google.android.chimera.container.IntentOperationService.MODULE_SPECIFIC cmp=com.google.android.gms/.chimera.GmsIntentOperationService (has extras) }}
04-20 19:19:39.257 17557 17557 W ActivityThread: serviceStart starts in 3087 ms, ServiceArgsData = ServiceArgsData{token=android.os.BinderProxy@d31c9d0 startId=18 args=Intent { act=com.google.android.chimera.container.IntentOperationService.MODULE_SPECIFIC cmp=com.google.android.gms/.chimera.GmsIntentOperationService (has extras) }}
04-20 19:19:39.262 17557 17557 W ActivityThread: serviceStart starts in 3090 ms, ServiceArgsData = ServiceArgsData{token=android.os.BinderProxy@d31c9d0 startId=19 args=Intent { act=com.google.android.chimera.container.IntentOperationService.MODULE_SPECIFIC cmp=com.google.android.gms/.chimera.GmsIntentOperationService (has extras) }}
04-20 19:19:39.278 17557 17557 W ActivityThread: serviceStart starts in 3103 ms, ServiceArgsData = ServiceArgsData{token=android.os.BinderProxy@d31c9d0 startId=20 args=Intent { act=com.google.android.chimera.container.IntentOperationService.MODULE_SPECIFIC cmp=com.google.android.gms/.chimera.GmsIntentOperationService (has extras) }}
04-20 19:19:39.281 17557 17557 W ActivityThread: serviceStart starts in 3103 ms, ServiceArgsData = ServiceArgsData{token=android.os.BinderProxy@d31c9d0 startId=21 args=Intent { act=com.google.android.chimera.container.IntentOperationService.MODULE_SPECIFIC cmp=com.google.android.gms/.chimera.GmsIntentOperationService (has extras) }}
04-20 19:19:39.289 17557 17557 W ActivityThread: serviceStart starts in 3108 ms, ServiceArgsData = ServiceArgsData{token=android.os.BinderProxy@d31c9d0 startId=22 args=Intent { act=com.google.android.chimera.container.IntentOperationService.MODULE_SPECIFIC cmp=com.google.android.gms/.chimera.GmsIntentOperationService (has extras) }}
04-20 19:19:39.291 17557 17557 W ActivityThread: serviceStart starts in 3105 ms, ServiceArgsData = ServiceArgsData{token=android.os.BinderProxy@d31c9d0 startId=23 args=Intent { act=com.google.android.chimera.container.IntentOperationService.MODULE_SPECIFIC cmp=com.google.android.gms/.chimera.GmsIntentOperationService (has extras) }}
04-20 19:19:39.293 17557 17557 W ActivityThread: serviceStart starts in 3106 ms, ServiceArgsData = ServiceArgsData{token=android.os.BinderProxy@d31c9d0 startId=24 args=Intent { act=com.google.android.chimera.container.IntentOperationService.MODULE_SPECIFIC cmp=com.google.android.gms/.chimera.GmsIntentOperationService (has extras) }}
04-20 19:19:39.296 17557 17557 W ActivityThread: serviceStart starts in 3105 ms, ServiceArgsData = ServiceArgsData{token=android.os.BinderProxy@d31c9d0 startId=25 args=Intent { act=com.google.android.chimera.container.IntentOperationService.MODULE_SPECIFIC cmp=com.google.android.gms/.chimera.GmsIntentOperationService (has extras) }}
04-20 19:19:39.299 17557 17557 W ActivityThread: serviceStart starts in 3105 ms, ServiceArgsData = ServiceArgsData{token=android.os.BinderProxy@d31c9d0 startId=26 args=Intent { act=com.google.android.chimera.container.IntentOperationService.MODULE_SPECIFIC cmp=com.google.android.gms/.chimera.GmsIntentOperationService (has extras) }}
04-20 19:19:39.304 17557 17557 W ActivityThread: serviceStart starts in 3107 ms, ServiceArgsData = ServiceArgsData{token=android.os.BinderProxy@d31c9d0 startId=27 args=Intent { act=com.google.android.chimera.container.IntentOperationService.MODULE_SPECIFIC cmp=com.google.android.gms/.chimera.GmsIntentOperationService (has extras) }}
04-20 19:19:39.310 17557 17557 W ActivityThread: serviceStart starts in 3111 ms, ServiceArgsData = ServiceArgsData{token=android.os.BinderProxy@d31c9d0 startId=28 args=Intent { act=com.google.android.chimera.container.IntentOperationService.MODULE_SPECIFIC cmp=com.google.android.gms/.chimera.GmsIntentOperationService (has extras) }}
04-20 19:19:39.321 17557 17557 W ActivityThread: serviceStart starts in 3118 ms, ServiceArgsData = ServiceArgsData{token=android.os.BinderProxy@d31c9d0 startId=29 args=Intent { act=com.google.android.chimera.container.IntentOperationService.MODULE_SPECIFIC cmp=com.google.android.gms/.chimera.GmsIntentOperationService (has extras) }}
04-20 19:19:39.325 17557 17557 W ActivityThread: serviceStart starts in 3121 ms, ServiceArgsData = ServiceArgsData{token=android.os.BinderProxy@d31c9d0 startId=30 args=Intent { act=com.google.android.chimera.container.IntentOperationService.MODULE_SPECIFIC cmp=com.google.android.gms/.chimera.GmsIntentOperationService (has extras) }}
04-20 19:19:39.328 17557 17557 W ActivityThread: serviceStart starts in 3122 ms, ServiceArgsData = ServiceArgsData{token=android.os.BinderProxy@d31c9d0 startId=31 args=Intent { act=com.google.android.chimera.container.IntentOperationService.MODULE_SPECIFIC cmp=com.google.android.gms/.chimera.GmsIntentOperationService (has extras) }}
04-20 19:19:39.335 17557 17557 W ActivityThread: serviceStart starts in 3125 ms, ServiceArgsData = ServiceArgsData{token=android.os.BinderProxy@d31c9d0 startId=32 args=Intent { act=com.google.android.chimera.container.IntentOperationService.MODULE_SPECIFIC cmp=com.google.android.gms/.chimera.GmsIntentOperationService (has extras) }}
04-20 19:19:39.339 17557 17557 W ActivityThread: serviceStart starts in 3126 ms, ServiceArgsData = ServiceArgsData{token=android.os.BinderProxy@d31c9d0 startId=33 args=Intent { act=com.google.android.chimera.container.IntentOperationService.MODULE_SPECIFIC cmp=com.google.android.gms/.chimera.GmsIntentOperationService (has extras) }}
04-20 19:19:39.344 17557 17557 W ActivityThread: serviceStart starts in 3128 ms, ServiceArgsData = ServiceArgsData{token=android.os.BinderProxy@d31c9d0 startId=34 args=Intent { act=com.google.android.chimera.container.IntentOperationService.MODULE_SPECIFIC cmp=com.google.android.gms/.chimera.GmsIntentOperationService (has extras) }}
04-20 19:19:39.355 17557 17557 W ActivityThread: serviceStart starts in 3137 ms, ServiceArgsData = ServiceArgsData{token=android.os.BinderProxy@d31c9d0 startId=35 args=Intent { act=com.google.android.chimera.container.IntentOperationService.MODULE_SPECIFIC cmp=com.google.android.gms/.chimera.GmsIntentOperationService (has extras) }}
04-20 19:19:39.362 17557 17557 W ActivityThread: serviceStart starts in 3141 ms, ServiceArgsData = ServiceArgsData{token=android.os.BinderProxy@d31c9d0 startId=36 args=Intent { act=com.google.android.chimera.container.IntentOperationService.MODULE_SPECIFIC cmp=com.google.android.gms/.chimera.GmsIntentOperationService (has extras) }}
04-20 19:19:39.369 17557 17557 W ActivityThread: serviceStart starts in 3144 ms, ServiceArgsData = ServiceArgsData{token=android.os.BinderProxy@d31c9d0 startId=37 args=Intent { act=com.google.android.chimera.container.IntentOperationService.MODULE_SPECIFIC cmp=com.google.android.gms/.chimera.GmsIntentOperationService (has extras) }}
04-20 19:19:39.375 17557 17557 W ActivityThread: serviceStart starts in 3148 ms, ServiceArgsData = ServiceArgsData{token=android.os.BinderProxy@d31c9d0 startId=38 args=Intent { act=com.google.android.chimera.container.IntentOperationService.MODULE_SPECIFIC cmp=com.google.android.gms/.chimera.GmsIntentOperationService (has extras) }}
04-20 19:19:39.383 17557 17557 W ActivityThread: serviceStart starts in 3154 ms, ServiceArgsData = ServiceArgsData{token=android.os.BinderProxy@d31c9d0 startId=39 args=Intent { act=com.google.android.chimera.container.IntentOperationService.MODULE_SPECIFIC cmp=com.google.android.gms/.chimera.GmsIntentOperationService (has extras) }}
04-20 19:19:39.392 17557 17557 W ActivityThread: serviceStart starts in 3160 ms, ServiceArgsData = ServiceArgsData{token=android.os.BinderProxy@d31c9d0 startId=40 args=Intent { act=com.google.android.chimera.container.IntentOperationService.MODULE_SPECIFIC cmp=com.google.android.gms/.chimera.GmsIntentOperationService (has extras) }}
04-20 19:19:39.401 17557 17557 W ActivityThread: serviceStart starts in 3165 ms, ServiceArgsData = ServiceArgsData{token=android.os.BinderProxy@d31c9d0 startId=41 args=Intent { act=com.google.android.chimera.container.IntentOperationService.MODULE_SPECIFIC cmp=com.google.android.gms/.chimera.GmsIntentOperationService (has extras) }}
04-20 19:19:39.405 17557 17557 W ActivityThread: serviceStart starts in 3166 ms, ServiceArgsData = ServiceArgsData{token=android.os.BinderProxy@d31c9d0 startId=42 args=Intent { act=com.google.android.chimera.container.IntentOperationService.MODULE_SPECIFIC cmp=com.google.android.gms/.chimera.GmsIntentOperationService (has extras) }}
04-20 19:19:39.407 17557 17557 W ActivityThread: serviceStart starts in 3166 ms, ServiceArgsData = ServiceArgsData{token=android.os.BinderProxy@d31c9d0 startId=43 args=Intent { act=com.google.android.chimera.container.IntentOperationService.MODULE_SPECIFIC cmp=com.google.android.gms/.chimera.GmsIntentOperationService (has extras) }}
04-20 19:19:39.422 17557 17557 W ActivityThread: serviceStart starts in 3178 ms, ServiceArgsData = ServiceArgsData{token=android.os.BinderProxy@d31c9d0 startId=44 args=Intent { act=com.google.android.chimera.container.IntentOperationService.MODULE_SPECIFIC cmp=com.google.android.gms/.chimera.GmsIntentOperationService (has extras) }}
04-20 19:19:39.426 17557 17557 W ActivityThread: serviceStart starts in 3178 ms, ServiceArgsData = ServiceArgsData{token=android.os.BinderProxy@d31c9d0 startId=45 args=Intent { act=com.google.android.chimera.container.IntentOperationService.MODULE_SPECIFIC cmp=com.google.android.gms/.chimera.GmsIntentOperationService (has extras) }}
04-20 19:19:39.430 17557 17557 W ActivityThread: serviceStart starts in 3179 ms, ServiceArgsData = ServiceArgsData{token=android.os.BinderProxy@d31c9d0 startId=46 args=Intent { act=com.google.android.chimera.container.IntentOperationService.MODULE_SPECIFIC cmp=com.google.android.gms/.chimera.GmsIntentOperationService (has extras) }}
04-20 19:19:39.436 17557 17557 W ActivityThread: serviceStart starts in 3184 ms, ServiceArgsData = ServiceArgsData{token=android.os.BinderProxy@d31c9d0 startId=47 args=Intent { act=com.google.android.chimera.container.IntentOperationService.MODULE_SPECIFIC cmp=com.google.android.gms/.chimera.GmsIntentOperationService (has extras) }}
04-20 19:19:39.443 17557 17557 W ActivityThread: serviceStart starts in 3187 ms, ServiceArgsData = ServiceArgsData{token=android.os.BinderProxy@d31c9d0 startId=48 args=Intent { act=com.google.android.chimera.container.IntentOperationService.MODULE_SPECIFIC cmp=com.google.android.gms/.chimera.GmsIntentOperationService (has extras) }}
04-20 19:19:39.450 17557 17557 W ActivityThread: serviceStart starts in 3192 ms, ServiceArgsData = ServiceArgsData{token=android.os.BinderProxy@d31c9d0 startId=49 args=Intent { act=com.google.android.chimera.container.IntentOperationService.MODULE_SPECIFIC cmp=com.google.android.gms/.chimera.GmsIntentOperationService (has extras) }}
04-20 19:19:39.454 17557 17557 W ActivityThread: serviceStart starts in 3193 ms, ServiceArgsData = ServiceArgsData{token=android.os.BinderProxy@d31c9d0 startId=50 args=Intent { act=com.google.android.chimera.container.IntentOperationService.MODULE_SPECIFIC cmp=com.google.android.gms/.chimera.GmsIntentOperationService (has extras) }}
04-20 19:19:39.461 17557 17557 W ActivityThread: serviceStart starts in 3197 ms, ServiceArgsData = ServiceArgsData{token=android.os.BinderProxy@d31c9d0 startId=51 args=Intent { act=com.google.android.chimera.container.IntentOperationService.MODULE_SPECIFIC cmp=com.google.android.gms/.chimera.GmsIntentOperationService (has extras) }}
04-20 19:19:39.464 17557 17557 W ActivityThread: serviceStart starts in 3198 ms, ServiceArgsData = ServiceArgsData{token=android.os.BinderProxy@d31c9d0 startId=52 args=Intent { act=com.google.android.chimera.container.IntentOperationService.MODULE_SPECIFIC cmp=com.google.android.gms/.chimera.GmsIntentOperationService (has extras) }}
04-20 19:19:39.467 17557 17557 W ActivityThread: serviceStart starts in 3199 ms, ServiceArgsData = ServiceArgsData{token=android.os.BinderProxy@d31c9d0 startId=53 args=Intent { act=com.google.android.chimera.container.IntentOperationService.MODULE_SPECIFIC cmp=com.google.android.gms/.chimera.GmsIntentOperationService (has extras) }}
