--------- beginning of crash
04-10 20:53:04.203   656   656 F libc    : crash_dump helper failed to exec
04-15 00:17:49.665  6201  6201 E AndroidRuntime: FATAL EXCEPTION: main
04-15 00:17:49.665  6201  6201 E AndroidRuntime: Process: com.infonow.bofa, PID: 6201
04-15 00:17:49.665  6201  6201 E AndroidRuntime: java.lang.RuntimeException: Unable to resume activity {com.infonow.bofa/com.bofa.ecom.redesign.MainActivity}: java.lang.NullPointerException: Attempt to invoke virtual method 'int androidx.viewpager.widget.ViewPager.getCurrentItem()' on a null object reference
04-15 00:17:49.665  6201  6201 E AndroidRuntime: 	at android.app.ActivityThread.performResumeActivity(ActivityThread.java:4438)
04-15 00:17:49.665  6201  6201 E AndroidRuntime: 	at android.app.ActivityThread.handleResumeActivity(ActivityThread.java:4470)
04-15 00:17:49.665  6201  6201 E AndroidRuntime: 	at android.app.servertransaction.ResumeActivityItem.execute(ResumeActivityItem.java:52)
04-15 00:17:49.665  6201  6201 E AndroidRuntime: 	at android.app.servertransaction.TransactionExecutor.executeLifecycleState(TransactionExecutor.java:176)
04-15 00:17:49.665  6201  6201 E AndroidRuntime: 	at android.app.servertransaction.TransactionExecutor.execute(TransactionExecutor.java:97)
04-15 00:17:49.665  6201  6201 E AndroidRuntime: 	at android.app.ActivityThread$H.handleMessage(ActivityThread.java:2066)
04-15 00:17:49.665  6201  6201 E AndroidRuntime: 	at android.os.Handler.dispatchMessage(Handler.java:106)
04-15 00:17:49.665  6201  6201 E AndroidRuntime: 	at android.os.Looper.loop(Looper.java:223)
04-15 00:17:49.665  6201  6201 E AndroidRuntime: 	at android.app.ActivityThread.main(ActivityThread.java:7660)
04-15 00:17:49.665  6201  6201 E AndroidRuntime: 	at java.lang.reflect.Method.invoke(Native Method)
04-15 00:17:49.665  6201  6201 E AndroidRuntime: 	at com.android.internal.os.RuntimeInit$MethodAndArgsCaller.run(RuntimeInit.java:592)
04-15 00:17:49.665  6201  6201 E AndroidRuntime: 	at com.android.internal.os.ZygoteInit.main(ZygoteInit.java:947)
04-15 00:17:49.665  6201  6201 E AndroidRuntime: Caused by: java.lang.NullPointerException: Attempt to invoke virtual method 'int androidx.viewpager.widget.ViewPager.getCurrentItem()' on a null object reference
04-15 00:17:49.665  6201  6201 E AndroidRuntime: 	at com.bofa.ecom.redesign.MainActivity.onResume(MainActivity.java:1086)
04-15 00:17:49.665  6201  6201 E AndroidRuntime: 	at android.app.Instrumentation.callActivityOnResume(Instrumentation.java:1456)
04-15 00:17:49.665  6201  6201 E AndroidRuntime: 	at android.app.Activity.performResume(Activity.java:8135)
04-15 00:17:49.665  6201  6201 E AndroidRuntime: 	at android.app.ActivityThread.performResumeActivity(ActivityThread.java:4428)
04-15 00:17:49.665  6201  6201 E AndroidRuntime: 	... 11 more
04-15 10:55:14.739  1006 12438 F DEBUG   : *** *** *** *** *** *** *** *** *** *** *** *** *** *** *** ***
04-15 10:55:14.740  1006 12438 F DEBUG   : Build fingerprint: 'google/bonito/bonito:11/RQ2A.210305.006/7119741:user/release-keys'
04-15 10:55:14.740  1006 12438 F DEBUG   : Revision: 'MP1.0'
04-15 10:55:14.740  1006 12438 F DEBUG   : ABI: 'arm'
04-15 10:55:14.751  1006 12438 F DEBUG   : Timestamp: 2021-04-15 10:55:14-0400
04-15 10:55:14.751  1006 12438 F DEBUG   : pid: 1006, tid: 12438, name: vendor.qti.medi  >>> /vendor/bin/hw/vendor.qti.media.c2@1.0-service <<<
04-15 10:55:14.751  1006 12438 F DEBUG   : uid: 1046
04-15 10:55:14.751  1006 12438 F DEBUG   : signal 11 (SIGSEGV), code 1 (SEGV_MAPERR), fault addr 0xb
04-15 10:55:14.752  1006 12438 F DEBUG   : Cause: null pointer dereference
04-15 10:55:14.752  1006 12438 F DEBUG   :     r0  00000001  r1  f5da4368  r2  00000000  r3  00000000
04-15 10:55:14.752  1006 12438 F DEBUG   :     r4  f64c0550  r5  f64c0640  r6  f65ae8cc  r7  00000003
04-15 10:55:14.752  1006 12438 F DEBUG   :     r8  f5d97124  r9  f227b0c0  r10 00000001  r11 f65c9a90
04-15 10:55:14.752  1006 12438 F DEBUG   :     ip  f4c37ce0  sp  f227b040  lr  f5d37663  pc  f5348fd8
04-15 10:55:14.782  1006 12438 F DEBUG   : 
04-15 10:55:14.782  1006 12438 F DEBUG   : backtrace:
04-15 10:55:14.783  1006 12438 F DEBUG   :       #00 pc 000a9fd8  /vendor/lib/libqcodec2.so (qc2::QC2V4l2Codec::handleMessage(std::__1::shared_ptr<qc2::Event>)+304) (BuildId: 8ac338afdf8c301ca16de19d2d3bab1e)
04-15 10:55:14.783  1006 12438 F DEBUG   :       #01 pc 000abd49  /vendor/lib/libqcodec2.so (qc2::QC2V4l2Codec::Handler::onEvent(std::__1::shared_ptr<qc2::Event>)+44) (BuildId: 8ac338afdf8c301ca16de19d2d3bab1e)
04-15 10:55:14.783  1006 12438 F DEBUG   :       #02 pc 0004c9c1  /vendor/lib/libqcodec2.so (qc2::EventQueue::threadLoop()+896) (BuildId: 8ac338afdf8c301ca16de19d2d3bab1e)
04-15 10:55:14.783  1006 12438 F DEBUG   :       #03 pc 0004c4ef  /vendor/lib/libqcodec2.so (qc2::EventQueue::threadWrapper(qc2::EventQueue&)+2) (BuildId: 8ac338afdf8c301ca16de19d2d3bab1e)
04-15 10:55:14.783  1006 12438 F DEBUG   :       #04 pc 0004ce43  /vendor/lib/libqcodec2.so (void* std::__1::__thread_proxy<std::__1::tuple<std::__1::unique_ptr<std::__1::__thread_struct, std::__1::default_delete<std::__1::__thread_struct> >, qc2::QC2Status (*)(qc2::EventQueue&), std::__1::reference_wrapper<qc2::EventQueue> > >(void*)+38) (BuildId: 8ac338afdf8c301ca16de19d2d3bab1e)
04-15 10:55:14.783  1006 12438 F DEBUG   :       #05 pc 00080a9f  /apex/com.android.runtime/lib/bionic/libc.so (__pthread_start(void*)+40) (BuildId: 9036f24afe515a61c5d660b744229f1f)
04-15 10:55:14.783  1006 12438 F DEBUG   :       #06 pc 00039dc5  /apex/com.android.runtime/lib/bionic/libc.so (__start_thread+30) (BuildId: 9036f24afe515a61c5d660b744229f1f)
04-16 09:59:59.806   656   656 F libc    : crash_dump helper failed to exec
04-19 13:49:37.314 29437 29518 E AndroidRuntime: FATAL EXCEPTION: UnityMain
04-19 13:49:37.314 29437 29518 E AndroidRuntime: Process: com.ninjakiwi.bloonstd6, PID: 29437
04-19 13:49:37.314 29437 29518 E AndroidRuntime: java.lang.Error: *** *** *** *** *** *** *** *** *** *** *** *** *** *** *** ***
04-19 13:49:37.314 29437 29518 E AndroidRuntime: Version '2019.4.22f1 (9fdda2fe27ad)', Build type 'Release', Scripting Backend 'il2cpp', CPU 'arm64-v8a'
04-19 13:49:37.314 29437 29518 E AndroidRuntime: Build fingerprint: 'google/bonito/bonito:11/RQ2A.210305.006/7119741:user/release-keys'
04-19 13:49:37.314 29437 29518 E AndroidRuntime: Revision: 'MP1.0'
04-19 13:49:37.314 29437 29518 E AndroidRuntime: ABI: 'arm64'
04-19 13:49:37.314 29437 29518 E AndroidRuntime: Timestamp: 2021-04-19 13:49:36-0400
04-19 13:49:37.314 29437 29518 E AndroidRuntime: pid: 29437, tid: 29518, name: UnityMain  >>> com.ninjakiwi.bloonstd6 <<<
04-19 13:49:37.314 29437 29518 E AndroidRuntime: uid: 10332
04-19 13:49:37.314 29437 29518 E AndroidRuntime: signal 11 (SIGSEGV), code 1 (SEGV_MAPERR), fault addr 0x10
04-19 13:49:37.314 29437 29518 E AndroidRuntime: Cause: null pointer dereference
04-19 13:49:37.314 29437 29518 E AndroidRuntime:     x0  00000072005c0878  x1  000000728fdd97ec  x2  00000071c07bfac8  x3  0000000000000001
04-19 13:49:37.314 29437 29518 E AndroidRuntime:     x4  000000728fdd98a0  x5  0000007291063f11  x6  000000000000004d  x7  7265696669646f4d
04-19 13:49:37.314 29437 29518 E AndroidRuntime:     x8  0000000000000000  x9  0000000000000000  x10 000000720058d370  x11 0000000000000004
04-19 13:49:37.314 29437 29518 E AndroidRuntime:     x12 0000000000000003  x13 000000002ceb0b90  x14 0000000000009802  x15 0000007200fb9538
04-19 13:49:37.314 29437 29518 E AndroidRuntime:     x16 00000072913da6f8  x17 00000075a12fb398  x18 0000007200fb9568  x19 000000728fdd98a0
04-19 13:49:37.314 29437 29518 E AndroidRuntime:     x20 00000000ffffffff  x21 00000071c07bfac8  x22 0000000000000001  x23 000000720058d368
04-19 13:49:37.314 29437 29518 E AndroidRuntime:     x24 000000728fddb000  x25 0000000000000003  x26 00000071391e3520  x27 0000000000000002
04-19 13:49:37.314 29437 29518 E AndroidRuntime:     x28 0000000000000001  x29 000000728fdd9840
04-19 13:49:37.314 29437 29518 E AndroidRuntime:     sp  000000728fdd97e0  lr  0000007290e90af0  pc  0000007290f043b4
04-19 13:49:37.314 29437 29518 E AndroidRuntime: 
04-19 13:49:37.314 29437 29518 E AndroidRuntime: backtrace:
04-19 13:49:37.314 29437 29518 E AndroidRuntime:       #00 pc 00000000011253b4  /data/app/~~uffA5DmP-twEzhkgfYACcQ==/com.ninjakiwi.bloonstd6-zvspP8d78pw9x2sXSx-E4Q==/lib/arm64/libunity.so (BuildId: c33719821e61e2b7cbbb806bf96063c65b82f3b4)
04-19 13:49:37.314 29437 29518 E AndroidRuntime: 
04-19 13:49:37.314 29437 29518 E AndroidRuntime: 	at libunity.0x11253b4(Native Method)
--------- beginning of system
04-20 03:18:22.219  1565  4841 I chatty  : uid=1000(system) Binder:1565_1E expire 12 lines
04-20 03:19:23.324  1565  4166 I chatty  : uid=1000(system) Binder:1565_18 expire 28 lines
04-20 03:19:54.430  1565  2183 I chatty  : uid=1000(system) Binder:1565_9 expire 6 lines
04-20 03:20:25.651  1565  2014 I chatty  : uid=1000(system) Binder:1565_5 expire 15 lines
04-20 03:20:25.870  1565  1587 I chatty  : uid=1000(system) Binder:1565_1 expire 25 lines
04-20 03:20:26.094  1565  4286 I chatty  : uid=1000(system) Binder:1565_19 expire 24 lines
04-20 03:20:26.207  1565  3517 I chatty  : uid=1000(system) Binder:1565_D expire 2 lines
04-20 03:20:57.111  1565  4295 I chatty  : uid=1000(system) Binder:1565_1C expire 11 lines
04-20 03:21:58.330  1565  1565 I chatty  : uid=1000 system_server expire 3 lines
04-20 03:25:36.405  1565  2014 I chatty  : uid=1000(system) Binder:1565_5 expire 37 lines
04-20 03:25:36.513  1565  1588 I chatty  : uid=1000(system) Binder:1565_2 expire 20 lines
04-20 03:26:06.434  1565  4166 I chatty  : uid=1000(system) Binder:1565_18 expire 14 lines
04-20 03:26:07.438  1565  1587 I chatty  : uid=1000(system) Binder:1565_1 expire 19 lines
04-20 03:26:37.544  1565  4286 I chatty  : uid=1000(system) Binder:1565_19 expire 34 lines
04-20 03:39:39.400  1565  1897 I chatty  : uid=1000(system) NetworkStats expire 1 line
04-20 03:39:39.414  1565  1898 I chatty  : uid=1000(system) NetworkPolicy expire 2 lines
04-20 03:39:39.589  1565  1634 I chatty  : uid=1000(system) android.fg expire 1 line
04-20 03:39:39.978  1565  3517 I chatty  : uid=1000(system) Binder:1565_D expire 11 lines
04-20 03:39:40.089  1565  4295 I chatty  : uid=1000(system) Binder:1565_1C expire 8 lines
04-20 03:39:40.407  1565  4841 I chatty  : uid=1000(system) Binder:1565_1E expire 27 lines
04-20 03:39:42.190  1565  1657 I chatty  : uid=1000(system) ActivityManager expire 19 lines
04-20 03:39:49.655  1565  2014 I chatty  : uid=1000(system) Binder:1565_5 expire 16 lines
04-20 03:39:50.006  1565  4286 I chatty  : uid=1000(system) Binder:1565_19 expire 32 lines
04-20 03:39:50.335  1565  4295 I chatty  : uid=1000(system) Binder:1565_1C expire 44 lines
04-20 03:39:51.486  1565  4841 I chatty  : uid=1000(system) Binder:1565_1E expire 31 lines
04-20 03:39:55.245  1565  1587 I chatty  : uid=1000(system) Binder:1565_1 expire 15 lines
04-20 03:40:05.824  1565  1656 I chatty  : uid=1000(system) android.bg expire 6 lines
04-20 03:54:41.499  1565  1898 I chatty  : uid=1000(system) NetworkPolicy expire 8 lines
04-20 04:03:45.481  1565  1909 I chatty  : uid=1000(system) ConnectivitySer expire 34 lines
04-20 04:08:55.510  1565  3556 I chatty  : uid=1000(system) Binder:1565_12 expire 12 lines
04-20 04:45:24.389  1565  1635 I chatty  : uid=1000(system) android.ui expire 1 line
04-20 04:49:09.651  1565  4841 I chatty  : uid=1000(system) Binder:1565_1E expire 1 line
04-20 04:50:42.722  1565  2014 I chatty  : uid=1000(system) Binder:1565_5 expire 4 lines
04-20 04:52:46.297  1565  1657 I chatty  : uid=1000(system) ActivityManager expire 7 lines
04-20 04:52:46.364  1565  1898 I chatty  : uid=1000(system) NetworkPolicy expire 1 line
04-20 04:54:50.492  1565  1656 I chatty  : uid=1000(system) android.bg expire 2 lines
04-20 04:58:26.298  1565  1587 I chatty  : uid=1000(system) Binder:1565_1 expire 23 lines
04-20 05:01:33.127  1565  1676 I chatty  : uid=1000(system) batterystats-wo expire 2 lines
04-20 05:03:05.495  1565  1588 I chatty  : uid=1000(system) Binder:1565_2 expire 25 lines
04-20 05:09:17.861  1565  4286 I chatty  : uid=1000(system) Binder:1565_19 expire 1 line
04-20 05:30:01.297  1565  1659 I chatty  : uid=1000(system) ActivityManager expire 22 lines
04-20 05:30:24.296  1565  1565 I chatty  : uid=1000 system_server expire 7 lines
04-20 05:30:24.754  1565  1709 I chatty  : uid=1000(system) PowerManagerSer expire 6 lines
04-20 05:30:24.820  1565  1638 I chatty  : uid=1000(system) android.display expire 2 lines
04-20 05:30:25.022  1565  1909 I chatty  : uid=1000(system) ConnectivitySer expire 7 lines
04-20 05:30:30.270  1565  3517 I chatty  : uid=1000(system) Binder:1565_D expire 2 lines
04-20 05:39:26.321  1565  2784 I chatty  : uid=1000(system) Binder:1565_A expire 34 lines
04-20 05:39:26.626  1565  1634 I chatty  : uid=1000(system) android.fg expire 1 line
04-20 05:39:26.787  1565  2167 I chatty  : uid=1000(system) Binder:1565_6 expire 21 lines
04-20 05:39:27.105  1565  3522 I chatty  : uid=1000(system) Binder:1565_F expire 26 lines
04-20 05:39:29.706  1565  1973 I chatty  : uid=1000(system) SyncManager expire 1 line
04-20 05:39:32.639  1565  4453 I chatty  : uid=1000 system_server expire 1 line
04-20 05:39:39.681  1565  2784 I chatty  : uid=1000(system) Binder:1565_A expire 4 lines
04-20 05:39:39.681  1565  1909 I chatty  : uid=1000(system) ConnectivitySer expire 42 lines
04-20 05:39:40.423  1565  1587 I chatty  : uid=1000(system) Binder:1565_1 expire 2 lines
04-20 05:39:50.503  1565  3522 I chatty  : uid=1000(system) Binder:1565_F expire 3 lines
04-20 05:39:57.310  1565  2167 I chatty  : uid=1000(system) Binder:1565_6 expire 1 line
04-20 05:39:57.311  1565  3517 I chatty  : uid=1000(system) Binder:1565_D expire 2 lines
04-20 05:40:00.381  1565  1837 I chatty  : uid=1000(system) Binder:1565_3 expire 18 lines
04-20 05:40:00.385  1565  1657 I chatty  : uid=1000(system) ActivityManager expire 11 lines
04-20 05:40:00.986  1565  1898 I chatty  : uid=1000(system) NetworkPolicy expire 8 lines
04-20 05:40:01.747  1565  1659 I chatty  : uid=1000(system) ActivityManager expire 11 lines
04-20 05:40:03.453  1565  4136 I chatty  : uid=1000(system) Binder:1565_16 expire 1 line
04-20 05:40:05.258  1565  3519 I chatty  : uid=1000(system) Binder:1565_E expire 10 lines
04-20 05:40:06.602  1565  1838 I chatty  : uid=1000(system) Binder:1565_4 expire 9 lines
04-20 05:40:13.300  1565  3552 I chatty  : uid=1000(system) Binder:1565_10 expire 2 lines
04-20 05:40:15.120  1565  4292 I chatty  : uid=1000(system) Binder:1565_1A expire 10 lines
04-20 05:40:15.121  1565  1656 I chatty  : uid=1000(system) android.bg expire 18 lines
04-20 05:40:15.121  1565  1565 I chatty  : uid=1000 system_server expire 14 lines
04-20 05:40:22.986  1565  1973 I chatty  : uid=1000(system) SyncManager expire 1 line
04-20 05:40:23.193  1565  1634 I chatty  : uid=1000(system) android.fg expire 1 line
04-20 05:40:23.225  1565  3512 I chatty  : uid=1000(system) Binder:1565_B expire 10 lines
04-20 05:40:43.033  1565  1676 I chatty  : uid=1000(system) batterystats-wo expire 5 lines
04-20 05:50:30.257  1565  4460 I chatty  : uid=1000(system) Binder:1565_1D expire 1 line
04-20 05:59:18.127  1565  3557 I chatty  : uid=1000(system) Binder:1565_13 expire 15 lines
04-20 06:15:23.214  1565  3555 I chatty  : uid=1000(system) Binder:1565_11 expire 35 lines
04-20 06:46:17.523  1565  1837 I chatty  : uid=1000(system) Binder:1565_3 expire 30 lines
04-20 06:46:17.747  1565  3512 I chatty  : uid=1000(system) Binder:1565_B expire 27 lines
04-20 06:46:17.857  1565  1838 I chatty  : uid=1000(system) Binder:1565_4 expire 29 lines
04-20 06:46:18.302  1565  3557 I chatty  : uid=1000(system) Binder:1565_13 expire 34 lines
04-20 06:46:23.185  1565  1565 I chatty  : uid=1000 system_server expire 6 lines
04-20 06:47:19.409  1565  4292 I chatty  : uid=1000(system) Binder:1565_1A expire 22 lines
04-20 06:48:54.262  1565  1657 I chatty  : uid=1000(system) ActivityManager expire 1 line
04-20 06:51:13.055  1565  3519 I chatty  : uid=1000(system) Binder:1565_E expire 21 lines
04-20 06:51:58.410  1565  4460 I chatty  : uid=1000(system) Binder:1565_1D expire 35 lines
04-20 06:53:31.755  1565  3557 I chatty  : uid=1000(system) Binder:1565_13 expire 17 lines
04-20 06:53:31.865  1565  3555 I chatty  : uid=1000(system) Binder:1565_11 expire 12 lines
04-20 06:53:32.095  1565  3519 I chatty  : uid=1000(system) Binder:1565_E expire 23 lines
04-20 06:54:03.182  1565  4292 I chatty  : uid=1000(system) Binder:1565_1A expire 7 lines
04-20 06:54:34.202  1565  1565 I chatty  : uid=1000 system_server expire 18 lines
04-20 06:54:35.009  1565  1838 I chatty  : uid=1000(system) Binder:1565_4 expire 11 lines
04-20 06:54:44.342  1565  1898 I chatty  : uid=1000(system) NetworkPolicy expire 10 lines
04-20 06:55:36.184  1565  3512 I chatty  : uid=1000(system) Binder:1565_B expire 7 lines
04-20 07:03:50.209  1565  1657 I chatty  : uid=1000(system) ActivityManager expire 12 lines
04-20 07:04:52.501  1565  1676 I chatty  : uid=1000(system) batterystats-wo expire 6 lines
04-20 07:07:27.435  1565  1656 I chatty  : uid=1000(system) android.bg expire 8 lines
04-20 07:20:01.226  1565  1659 I chatty  : uid=1000(system) ActivityManager expire 8 lines
04-20 07:20:02.407  1565  1638 I chatty  : uid=1000(system) android.display expire 5 lines
04-20 07:20:02.981  1565  1709 I chatty  : uid=1000(system) PowerManagerSer expire 12 lines
04-20 07:20:03.314  1565  1909 I chatty  : uid=1000(system) ConnectivitySer expire 41 lines
04-20 07:39:29.083  1565  1897 I chatty  : uid=1000(system) NetworkStats expire 1 line
04-20 07:50:49.837  1565  1837 I chatty  : uid=1000(system) Binder:1565_3 expire 1 line
04-20 08:25:23.286  1565  1635 I chatty  : uid=1000(system) android.ui expire 1 line
04-20 08:35:24.136  1565  4842 I chatty  : uid=1000(system) Binder:1565_1F expire 3 lines
04-20 08:44:57.520  1565  1634 I chatty  : uid=1000(system) android.fg expire 3 lines
04-20 08:44:57.536  1565  2183 I chatty  : uid=1000(system) Binder:1565_9 expire 1 line
04-20 08:45:05.183  1565  1709 I chatty  : uid=1000(system) PowerManagerSer expire 2 lines
04-20 08:45:06.635  1565  1909 I chatty  : uid=1000(system) ConnectivitySer expire 29 lines
04-20 08:45:06.856  1565  1565 I chatty  : uid=1000 system_server expire 46 lines
04-20 08:45:07.408  1565  4851 I chatty  : uid=1000(system) Binder:1565_20 expire 5 lines
04-20 08:45:07.416  1565  1638 I chatty  : uid=1000(system) android.display expire 1 line
04-20 08:45:07.745  1565  4293 I chatty  : uid=1000(system) Binder:1565_1B expire 3 lines
04-20 08:45:07.893  1565  4842 I chatty  : uid=1000(system) Binder:1565_1F expire 2 lines
04-20 08:45:08.173  1565  3519 I chatty  : uid=1000(system) Binder:1565_E expire 5 lines
04-20 08:45:08.275  1565  1634 I chatty  : uid=1000(system) android.fg expire 6 lines
04-20 08:45:08.395  1565  4460 I chatty  : uid=1000(system) Binder:1565_1D expire 4 lines
04-20 08:45:09.025  1565  4841 I chatty  : uid=1000(system) Binder:1565_1E expire 4 lines
04-20 08:45:09.025  1565  3512 I chatty  : uid=1000(system) Binder:1565_B expire 13 lines
04-20 08:45:09.025  1565  4286 I chatty  : uid=1000(system) Binder:1565_19 expire 14 lines
04-20 08:45:09.285  1565  1659 I chatty  : uid=1000(system) ActivityManager expire 45 lines
04-20 08:45:09.850  1565  4138 I chatty  : uid=1000(system) Binder:1565_17 expire 8 lines
04-20 08:45:10.505  1565  3555 I chatty  : uid=1000(system) Binder:1565_11 expire 6 lines
04-20 08:45:10.507  1565  1657 I chatty  : uid=1000(system) ActivityManager expire 16 lines
04-20 08:45:11.661  1565  1635 I chatty  : uid=1000(system) android.ui expire 7 lines
04-20 08:45:12.243  1565  3552 I chatty  : uid=1000(system) Binder:1565_10 expire 2 lines
04-20 08:45:12.949  1565  1588 I chatty  : uid=1000(system) Binder:1565_2 expire 3 lines
04-20 08:45:12.949  1565  3517 I chatty  : uid=1000(system) Binder:1565_D expire 5 lines
04-20 08:45:13.799  1565  4136 I chatty  : uid=1000(system) Binder:1565_16 expire 5 lines
04-20 08:45:20.857  1565  1838 I chatty  : uid=1000(system) Binder:1565_4 expire 1 line
04-20 08:45:21.181  1565  2167 I chatty  : uid=1000(system) Binder:1565_6 expire 1 line
04-20 08:45:21.438  1565  1587 I chatty  : uid=1000(system) Binder:1565_1 expire 6 lines
04-20 08:45:23.147  1565  1898 I chatty  : uid=1000(system) NetworkPolicy expire 2 lines
04-20 08:45:28.650  1565  4295 I chatty  : uid=1000(system) Binder:1565_1C expire 4 lines
04-20 08:45:33.922  1565  3513 I chatty  : uid=1000(system) Binder:1565_C expire 1 line
04-20 08:45:35.595  1565  2014 I chatty  : uid=1000(system) Binder:1565_5 expire 6 lines
04-20 08:45:44.413  1565  1837 I chatty  : uid=1000(system) Binder:1565_3 expire 4 lines
04-20 08:45:44.661  1565  2784 I chatty  : uid=1000(system) Binder:1565_A expire 1 line
04-20 08:45:50.590  1565  1973 I chatty  : uid=1000(system) SyncManager expire 1 line
04-20 08:45:51.523  1565  1565 I chatty  : uid=1000 system_server expire 30 lines
04-20 08:45:52.234  1565  1587 I chatty  : uid=1000(system) Binder:1565_1 expire 12 lines
04-20 08:45:52.288  1565  1909 I chatty  : uid=1000(system) ConnectivitySer expire 186 lines
04-20 08:45:52.343  1565  1659 I chatty  : uid=1000(system) ActivityManager expire 15 lines
04-20 08:45:52.466  1565  1898 I chatty  : uid=1000(system) NetworkPolicy expire 10 lines
04-20 08:45:52.501  1565  1913 I chatty  : uid=1000(system) ranker expire 1 line
04-20 08:45:52.646  1565  4841 I chatty  : uid=1000(system) Binder:1565_1E expire 5 lines
04-20 08:45:52.654  1565  4138 I chatty  : uid=1000(system) Binder:1565_17 expire 6 lines
04-20 08:45:52.786  8491  8491 D ActivityThread: Loading provider contacts;com.android.contacts: com.android.providers.contacts.ContactsProvider2
04-20 08:46:00.091  1565  1588 I chatty  : uid=1000(system) Binder:1565_2 expire 7 lines
04-20 08:46:55.464  1565  1656 I chatty  : uid=1000(system) android.bg expire 2 lines
04-20 08:48:00.090  1565  2784 I chatty  : uid=1000(system) Binder:1565_A expire 12 lines
04-20 08:49:13.439  1565  4166 I chatty  : uid=1000(system) Binder:1565_18 expire 15 lines
04-20 08:50:00.356  1565  1638 I chatty  : uid=1000(system) android.display expire 6 lines
04-20 08:52:17.462  1565  1709 I chatty  : uid=1000(system) PowerManagerSer expire 17 lines
04-20 08:52:25.314  1565  1634 I chatty  : uid=1000(system) android.fg expire 6 lines
04-20 08:53:03.232  1565  1676 I chatty  : uid=1000(system) batterystats-wo expire 2 lines
04-20 08:53:15.278  1565  1897 I chatty  : uid=1000(system) NetworkStats expire 1 line
04-20 08:53:16.134  1565  2014 I chatty  : uid=1000(system) Binder:1565_5 expire 4 lines
04-20 08:55:37.712  1565  1657 I chatty  : uid=1000(system) ActivityManager expire 18 lines
04-20 09:00:40.494  1565  4136 I chatty  : uid=1000(system) Binder:1565_16 expire 4 lines
04-20 09:01:10.736  1565  2014 I chatty  : uid=1000(system) Binder:1565_5 expire 1 line
04-20 09:01:11.164  1565  1657 I chatty  : uid=1000(system) ActivityManager expire 12 lines
04-20 09:01:11.169  1565  1909 I chatty  : uid=1000(system) ConnectivitySer expire 13 lines
04-20 09:01:20.052  1565  1638 I chatty  : uid=1000(system) android.display expire 10 lines
04-20 09:01:20.057  1565  4841 I chatty  : uid=1000(system) Binder:1565_1E expire 2 lines
04-20 09:01:20.081  1565  4166 I chatty  : uid=1000(system) Binder:1565_18 expire 7 lines
04-20 09:01:20.415  1565  4057 I chatty  : uid=1000(system) Binder:1565_15 expire 10 lines
04-20 09:01:21.084  1565  1659 I chatty  : uid=1000(system) ActivityManager expire 10 lines
04-20 09:01:21.178  1565  4286 I chatty  : uid=1000(system) Binder:1565_19 expire 1 line
04-20 09:01:21.179  1565  2784 I chatty  : uid=1000(system) Binder:1565_A expire 7 lines
04-20 09:01:21.180  1565  4295 I chatty  : uid=1000(system) Binder:1565_1C expire 4 lines
04-20 09:01:21.738  1565  3517 I chatty  : uid=1000(system) Binder:1565_D expire 6 lines
04-20 09:01:21.738  1565  4292 I chatty  : uid=1000(system) Binder:1565_1A expire 1 line
04-20 09:01:21.738  1565  4460 I chatty  : uid=1000(system) Binder:1565_1D expire 1 line
04-20 09:01:27.664  1565  2167 I chatty  : uid=1000(system) Binder:1565_6 expire 10 lines
04-20 09:01:27.698  1565  3555 I chatty  : uid=1000(system) Binder:1565_11 expire 3 lines
04-20 09:01:27.781  1565  2168 I chatty  : uid=1000(system) Binder:1565_7 expire 1 line
04-20 09:01:27.781  1565  3552 I chatty  : uid=1000(system) Binder:1565_10 expire 4 lines
04-20 09:01:27.892  1565  4138 I chatty  : uid=1000(system) Binder:1565_17 expire 2 lines
04-20 09:01:29.582  3165  6663 E ActivityThread: Failed to find provider info for com.facebook.appmanager.attribution
04-20 09:01:30.275  1565  1909 I chatty  : uid=1000(system) ConnectivitySer expire 14 lines
04-20 09:01:33.767  1565  1635 I chatty  : uid=1000(system) android.ui expire 1 line
04-20 09:01:40.951  1565  3522 I chatty  : uid=1000(system) Binder:1565_F expire 1 line
04-20 09:01:44.858  1565  1898 I chatty  : uid=1000(system) NetworkPolicy expire 17 lines
04-20 09:02:03.646 10000 10112 E ActivityThread: Failed to find provider info for com.facebook.appmanager.firstparty.crashreporter
04-20 09:02:03.663  1565  1659 I chatty  : uid=1000(system) ActivityManager expire 6 lines
04-20 09:02:06.485  1565  1909 I chatty  : uid=1000(system) ConnectivitySer expire 70 lines
04-20 09:02:15.254  1565  1657 I chatty  : uid=1000(system) ActivityManager expire 12 lines
04-20 09:02:46.956  1565  2180 I chatty  : uid=1000(system) Binder:1565_8 expire 12 lines
04-20 09:05:13.577  1565  1565 I chatty  : uid=1000 system_server expire 2 lines
04-20 09:05:13.580 29255 27051 I AlwaysOnHotwordDetector: onDetected
04-20 09:05:14.339  1565  1909 I chatty  : uid=1000(system) ConnectivitySer expire 72 lines
04-20 09:05:22.815  1565  1676 I chatty  : uid=1000(system) batterystats-wo expire 1 line
04-20 09:05:23.773  1565  2167 I chatty  : uid=1000(system) Binder:1565_6 expire 10 lines
04-20 09:08:31.976  1565  1909 I chatty  : uid=1000(system) ConnectivitySer expire 10 lines
04-20 09:08:36.391  1565  3517 I chatty  : uid=1000(system) Binder:1565_D expire 11 lines
04-20 09:08:36.420  1565  1565 I chatty  : uid=1000 system_server expire 28 lines
04-20 09:08:36.489  1565  4292 I chatty  : uid=1000(system) Binder:1565_1A expire 26 lines
04-20 09:08:36.676  1565 11110 I chatty  : uid=1000 system_server expire 32 lines
04-20 09:08:36.676  2262  2262 I TelecomFramework: TelephonyConnectionService: notifyCreateConnectionComplete TC@12_1: (...->CSW.hCCC)->CS.crCoC->H.CS.crCoC(cap/cast)@E-E-E-kDI
04-20 09:08:36.736  1565 11112 I chatty  : uid=1000 system_server expire 1 line
04-20 09:08:36.742  1565  1659 I chatty  : uid=1000(system) ActivityManager expire 7 lines
04-20 09:08:38.015  1565  1657 I chatty  : uid=1000(system) ActivityManager expire 9 lines
04-20 09:08:38.021  1565  2448 I chatty  : uid=1000(system) uteStateMachine expire 27 lines
04-20 09:08:38.025  1565  2449 I chatty  : uid=1000(system) CallAudioModeSt expire 12 lines
04-20 09:08:38.184  1565  1634 I chatty  : uid=1000(system) android.fg expire 4 lines
04-20 09:08:38.304  2262  2262 I TelecomFramework: TelephonyConnectionService: onAudioStateChanged TC@12_1 [AudioState isMuted: false, route: EARPIECE, supportedRouteMask: EARPIECE, SPEAKER, activeBluetoothDevice: [null], supportedBluetoothDevices: []]: (NCSSF.sC->ICFG.sF->ICFG.sF->ICFG.sF->CARSM.pM_UPDATE_SYSTEM_AUDIO_ROUTE)->CS.cASC->H.CS.cASC(cast)@E-kDY
04-20 09:08:38.422  2262  2262 I TelecomFramework: TelephonyConnectionService: onAudioStateChanged TC@12_1 [AudioState isMuted: false, route: EARPIECE, supportedRouteMask: EARPIECE, SPEAKER, activeBluetoothDevice: [null], supportedBluetoothDevices: []]: (NCSSF.sC->ICFG.sF->ICFG.sF->ICFG.sF->CAMSM.pM_2002->CARSM.pM_SWITCH_FOCUS)->CS.cASC->H.CS.cASC(cast)@E-kDY
04-20 09:08:38.448  1565  2450 I chatty  : uid=1000(system) ConnectionSvrFo expire 8 lines
04-20 09:08:38.450  2262  2262 I TelecomFramework: TelephonyConnectionService: answer TC@12_1: (ICA.aC->CSFM.rF)->CS.an->H.CS.an(cgad/cast)@E-kEg
04-20 09:08:38.474  1565  4057 I chatty  : uid=1000(system) Binder:1565_15 expire 1 line
04-20 09:08:38.499  1565  4166 I chatty  : uid=1000(system) Binder:1565_18 expire 3 lines
04-20 09:08:38.599 29255 27051 I AlwaysOnHotwordDetector: onRecognitionPaused
04-20 09:08:39.273  1565  3522 I chatty  : uid=1000(system) Binder:1565_F expire 6 lines
04-20 09:08:39.278  1004  1004 I vendor.google.wifi_ext@1.0-service-vendor: Wifi: Setting SAR Scenario to 2
04-20 09:08:39.404  1565  2180 I chatty  : uid=1000(system) Binder:1565_8 expire 14 lines
04-20 09:08:39.604  2262  2262 I TelecomFramework: TelephonyConnectionService: onAudioStateChanged TC@12_1 [AudioState isMuted: true, route: EARPIECE, supportedRouteMask: EARPIECE, SPEAKER, activeBluetoothDevice: [null], supportedBluetoothDevices: []]: (CARSM.mCR->CARSM.pM_MUTE_EXTERNALLY_CHANGED)->CS.cASC->H.CS.cASC(cast)@E-kJ4
04-20 09:08:55.307  2262  2262 I TelecomFramework: TelephonyConnectionService: onAudioStateChanged TC@12_1 [AudioState isMuted: false, route: EARPIECE, supportedRouteMask: EARPIECE, SPEAKER, activeBluetoothDevice: [null], supportedBluetoothDevices: []]: (CARSM.mCR->CARSM.pM_MUTE_EXTERNALLY_CHANGED)->CS.cASC->H.CS.cASC(cast)@E-kLQ
04-20 09:08:55.395  1565  1909 I chatty  : uid=1000(system) ConnectivitySer expire 1 line
04-20 09:08:55.403  1565  2448 I chatty  : uid=1000(system) uteStateMachine expire 6 lines
04-20 09:08:55.426  2262  2262 I TelecomFramework: TelephonyConnectionService: disconnect TC@12_1: (ICA.dC)->CS.d->H.CS.d(cgad/cast)@E-kLs
04-20 09:08:55.434  1565  2449 I chatty  : uid=1000(system) CallAudioModeSt expire 4 lines
04-20 09:08:55.592  1565  4295 I chatty  : uid=1000(system) Binder:1565_1C expire 1 line
04-20 09:08:55.633  1004  1004 I vendor.google.wifi_ext@1.0-service-vendor: Wifi: Reseting SAR Scenario to default
04-20 09:08:55.646  1565  2167 I chatty  : uid=1000(system) Binder:1565_6 expire 4 lines
04-20 09:08:55.646  1565  2446 I chatty  : uid=1000(system) BluetoothRouteM expire 1 line
04-20 09:08:55.649  1565 11475 I chatty  : uid=1000 system_server expire 1 line
04-20 09:08:55.674  1565  1565 I chatty  : uid=1000 system_server expire 29 lines
04-20 09:08:55.719  1565  2448 I chatty  : uid=1000(system) uteStateMachine expire 8 lines
04-20 09:08:55.724  1565  1657 I chatty  : uid=1000(system) ActivityManager expire 4 lines
04-20 09:08:55.725  1565  1659 I chatty  : uid=1000(system) ActivityManager expire 31 lines
04-20 09:08:56.803 29255 29318 I AlwaysOnHotwordDetector: onRecognitionResumed
04-20 09:08:56.823  1565  2449 I chatty  : uid=1000(system) CallAudioModeSt expire 3 lines
04-20 09:08:58.424  1565  1909 I chatty  : uid=1000(system) ConnectivitySer expire 187 lines
04-20 09:09:38.318  1565  4295 I chatty  : uid=1000(system) Binder:1565_1C expire 9 lines
04-20 09:09:38.937  1565  1898 I chatty  : uid=1000(system) NetworkPolicy expire 11 lines
04-20 09:10:38.863  1565  2183 I chatty  : uid=1000(system) Binder:1565_9 expire 3 lines
04-20 09:10:40.792  1565  3519 I chatty  : uid=1000(system) Binder:1565_E expire 12 lines
04-20 09:12:00.024  1565  3522 I chatty  : uid=1000(system) Binder:1565_F expire 8 lines
04-20 09:12:45.960  1565  1676 I chatty  : uid=1000(system) batterystats-wo expire 1 line
04-20 09:13:43.820  1565  1656 I chatty  : uid=1000(system) android.bg expire 2 lines
04-20 09:14:48.267  1565  1638 I chatty  : uid=1000(system) android.display expire 4 lines
04-20 09:14:49.482  1565  4057 I chatty  : uid=1000(system) Binder:1565_15 expire 7 lines
04-20 09:14:52.570  1565  2180 I chatty  : uid=1000(system) Binder:1565_8 expire 4 lines
04-20 09:14:52.598  1565  4851 I chatty  : uid=1000(system) Binder:1565_20 expire 1 line
04-20 09:14:56.691  1565  2167 I chatty  : uid=1000(system) Binder:1565_6 expire 1 line
04-20 09:14:56.700  1565  4136 I chatty  : uid=1000(system) Binder:1565_16 expire 4 lines
04-20 09:14:56.864  1565  2784 I chatty  : uid=1000(system) Binder:1565_A expire 1 line
04-20 09:14:56.887  1565  2014 I chatty  : uid=1000(system) Binder:1565_5 expire 3 lines
04-20 09:14:57.311  1565  3512 I chatty  : uid=1000(system) Binder:1565_B expire 10 lines
04-20 09:14:57.505  1565  3552 I chatty  : uid=1000(system) Binder:1565_10 expire 5 lines
04-20 09:15:29.952  1565  1837 I chatty  : uid=1000(system) Binder:1565_3 expire 2 lines
04-20 09:16:32.271  1565  1639 I chatty  : uid=1000(system) android.anim expire 1 line
04-20 09:17:03.344  1565  1898 I chatty  : uid=1000(system) NetworkPolicy expire 33 lines
04-20 09:17:05.997  1565  1909 I chatty  : uid=1000(system) ConnectivitySer expire 89 lines
04-20 09:18:00.029  1565  3512 I chatty  : uid=1000(system) Binder:1565_B expire 11 lines
04-20 09:18:06.274  1565  3552 I chatty  : uid=1000(system) Binder:1565_10 expire 9 lines
04-20 09:19:11.361  1565  1565 I chatty  : uid=1000 system_server expire 29 lines
04-20 09:19:11.361  1565  1659 I chatty  : uid=1000(system) ActivityManager expire 12 lines
04-20 09:19:12.306  1565  4057 I chatty  : uid=1000(system) Binder:1565_15 expire 6 lines
04-20 09:19:18.414  1565  1587 I chatty  : uid=1000(system) Binder:1565_1 expire 14 lines
04-20 09:19:19.176  1565  1657 I chatty  : uid=1000(system) ActivityManager expire 6 lines
04-20 09:19:20.619  1565  1656 I chatty  : uid=1000(system) android.bg expire 24 lines
04-20 09:19:32.197  1565  3519 I chatty  : uid=1000(system) Binder:1565_E expire 11 lines
04-20 09:20:00.319  1565  1638 I chatty  : uid=1000(system) android.display expire 2 lines
04-20 09:20:48.560  1565  4138 I chatty  : uid=1000(system) Binder:1565_17 expire 1 line
04-20 09:21:02.833  1565  1898 I chatty  : uid=1000(system) NetworkPolicy expire 51 lines
04-20 09:21:04.919  1565  1909 I chatty  : uid=1000(system) ConnectivitySer expire 133 lines
04-20 09:21:25.589  1565  1565 I chatty  : uid=1000 system_server expire 3 lines
04-20 09:21:25.591 29255 29320 I AlwaysOnHotwordDetector: onDetected
04-20 09:21:26.965  1565  2784 I chatty  : uid=1000(system) Binder:1565_A expire 5 lines
04-20 09:21:28.984 29255 29320 I AlwaysOnHotwordDetector: onDetected
04-20 09:21:30.241  1565  3557 I chatty  : uid=1000(system) Binder:1565_13 expire 1 line
04-20 09:22:08.717  1565  3513 I chatty  : uid=1000(system) Binder:1565_C expire 1 line
04-20 09:23:59.181  1565  1639 I chatty  : uid=1000(system) android.anim expire 3 lines
04-20 09:23:59.205  1565  1638 I chatty  : uid=1000(system) android.display expire 5 lines
04-20 09:24:00.012  1565  3555 I chatty  : uid=1000(system) Binder:1565_11 expire 4 lines
04-20 09:24:25.985  1565  1676 I chatty  : uid=1000(system) batterystats-wo expire 2 lines
04-20 09:24:41.341  1565  1657 I chatty  : uid=1000(system) ActivityManager expire 1 line
04-20 09:24:42.706  1565  3519 I chatty  : uid=1000(system) Binder:1565_E expire 3 lines
04-20 09:24:42.756  1565  1659 I chatty  : uid=1000(system) ActivityManager expire 7 lines
04-20 09:25:41.206  1565  3522 I chatty  : uid=1000(system) Binder:1565_F expire 3 lines
04-20 09:25:41.214  1565  4136 I chatty  : uid=1000(system) Binder:1565_16 expire 2 lines
04-20 09:27:13.245 29255 23025 I AlwaysOnHotwordDetector: onDetected
04-20 09:27:13.894  1565  1909 I chatty  : uid=1000(system) ConnectivitySer expire 26 lines
04-20 09:27:14.405  1565  1898 I chatty  : uid=1000(system) NetworkPolicy expire 44 lines
04-20 09:28:32.533  1565  1909 I chatty  : uid=1000(system) ConnectivitySer expire 100 lines
04-20 09:28:40.814  1565  3522 I chatty  : uid=1000(system) Binder:1565_F expire 6 lines
04-20 09:28:49.905  1565  3519 I chatty  : uid=1000(system) Binder:1565_E expire 6 lines
04-20 09:30:00.016  1565  2784 I chatty  : uid=1000(system) Binder:1565_A expire 3 lines
04-20 09:30:09.882  1565  1676 I chatty  : uid=1000(system) batterystats-wo expire 1 line
04-20 09:30:10.158  1565  1657 I chatty  : uid=1000(system) ActivityManager expire 5 lines
04-20 09:30:10.495  1565  3512 I chatty  : uid=1000(system) Binder:1565_B expire 5 lines
04-20 09:30:10.496  1565  1659 I chatty  : uid=1000(system) ActivityManager expire 10 lines
04-20 09:30:12.381  1565  1565 I chatty  : uid=1000 system_server expire 10 lines
04-20 09:31:41.255  1565  3555 I chatty  : uid=1000(system) Binder:1565_11 expire 3 lines
04-20 09:33:08.175 29255 21910 I AlwaysOnHotwordDetector: onDetected
04-20 09:33:10.047  1565  1898 I chatty  : uid=1000(system) NetworkPolicy expire 15 lines
04-20 09:33:10.858  1565  1909 I chatty  : uid=1000(system) ConnectivitySer expire 42 lines
04-20 09:33:43.881  1565  1656 I chatty  : uid=1000(system) android.bg expire 1 line
04-20 09:34:16.427  1565  1973 I chatty  : uid=1000(system) SyncManager expire 1 line
04-20 09:35:02.730  1565  1909 I chatty  : uid=1000(system) ConnectivitySer expire 97 lines
04-20 09:35:03.921  1565  1898 I chatty  : uid=1000(system) NetworkPolicy expire 41 lines
04-20 09:36:00.015  1565  3519 I chatty  : uid=1000(system) Binder:1565_E expire 5 lines
04-20 09:37:23.152  1565  4136 I chatty  : uid=1000(system) Binder:1565_16 expire 4 lines
04-20 09:37:40.873  1565  3522 I chatty  : uid=1000(system) Binder:1565_F expire 2 lines
04-20 09:37:40.878  1565  2784 I chatty  : uid=1000(system) Binder:1565_A expire 3 lines
04-20 09:39:11.651  1565  1657 I chatty  : uid=1000(system) ActivityManager expire 5 lines
04-20 09:39:11.820  1565  1588 I chatty  : uid=1000(system) Binder:1565_2 expire 6 lines
04-20 09:39:11.820  1565  3513 I chatty  : uid=1000(system) Binder:1565_C expire 2 lines
04-20 09:39:28.424  1565  4050 I chatty  : uid=1000(system) Binder:1565_14 expire 7 lines
04-20 09:39:28.997  1565  1638 I chatty  : uid=1000(system) android.display expire 8 lines
04-20 09:39:29.493  1565  4286 I chatty  : uid=1000(system) Binder:1565_19 expire 3 lines
04-20 09:39:31.650  1565  1635 I chatty  : uid=1000(system) android.ui expire 1 line
04-20 09:39:32.112  1565  4295 I chatty  : uid=1000(system) Binder:1565_1C expire 1 line
04-20 09:39:32.118  1565  3556 I chatty  : uid=1000(system) Binder:1565_12 expire 8 lines
04-20 09:39:39.532  1565  1659 I chatty  : uid=1000(system) ActivityManager expire 6 lines
04-20 09:39:39.975 15311 15311 D ActivityThread: Loading provider contacts;com.android.contacts: com.android.providers.contacts.ContactsProvider2
04-20 09:39:40.544  1565  1909 I chatty  : uid=1000(system) ConnectivitySer expire 20 lines
04-20 09:39:41.095  1565  3557 I chatty  : uid=1000(system) Binder:1565_13 expire 1 line
04-20 09:39:41.618   926  1012 E FrameworkListener: read() failed (Connection reset by peer)
04-20 09:39:41.621  1565  4057 I chatty  : uid=1000(system) Binder:1565_15 expire 1 line
04-20 09:39:41.622  1565  3555 I chatty  : uid=1000(system) Binder:1565_11 expire 1 line
04-20 09:39:42.131  1565  4293 I chatty  : uid=1000(system) Binder:1565_1B expire 1 line
04-20 09:39:42.880  1565  2183 I chatty  : uid=1000(system) Binder:1565_9 expire 1 line
04-20 09:39:42.880  1565  4841 I chatty  : uid=1000(system) Binder:1565_1E expire 1 line
04-20 09:40:00.030  1565  3517 I chatty  : uid=1000(system) Binder:1565_D expire 2 lines
04-20 09:40:11.685  1565  1565 I chatty  : uid=1000 system_server expire 6 lines
04-20 09:40:18.176  1565  3513 I chatty  : uid=1000(system) Binder:1565_C expire 17 lines
04-20 09:40:18.180  1565  3517 I chatty  : uid=1000(system) Binder:1565_D expire 24 lines
04-20 09:40:20.499  1565  1909 I chatty  : uid=1000(system) ConnectivitySer expire 15 lines
04-20 09:40:28.372  1565  1659 I chatty  : uid=1000(system) ActivityManager expire 4 lines
04-20 09:40:29.171  1565  2183 I chatty  : uid=1000(system) Binder:1565_9 expire 20 lines
04-20 09:40:48.663  1565  1880 I chatty  : uid=1000(system) InputReader expire 2 lines
04-20 09:40:48.697  1565  3555 I chatty  : uid=1000(system) Binder:1565_11 expire 33 lines
04-20 09:40:49.159  1565  1709 I chatty  : uid=1000(system) PowerManagerSer expire 6 lines
04-20 09:40:49.213  1565  1676 I chatty  : uid=1000(system) batterystats-wo expire 1 line
04-20 09:40:49.235  1565  1638 I chatty  : uid=1000(system) android.display expire 3 lines
04-20 09:40:49.414  1565  1634 I chatty  : uid=1000(system) android.fg expire 1 line
04-20 09:40:49.811  1565  2784 I chatty  : uid=1000(system) Binder:1565_A expire 8 lines
04-20 09:40:52.561  1565  1657 I chatty  : uid=1000(system) ActivityManager expire 13 lines
04-20 09:45:43.774  1565  4050 I chatty  : uid=1000(system) Binder:1565_14 expire 14 lines
04-20 09:47:28.405  1565  2180 I chatty  : uid=1000(system) Binder:1565_8 expire 3 lines
04-20 09:47:28.518  1565  3556 I chatty  : uid=1000(system) Binder:1565_12 expire 8 lines
04-20 09:48:00.158  1565  4293 I chatty  : uid=1000(system) Binder:1565_1B expire 4 lines
04-20 09:48:30.213  1565  2168 I chatty  : uid=1000(system) Binder:1565_7 expire 8 lines
04-20 09:48:30.318  1565  1587 I chatty  : uid=1000(system) Binder:1565_1 expire 3 lines
04-20 09:48:30.638  1565  1837 I chatty  : uid=1000(system) Binder:1565_3 expire 4 lines
04-20 09:49:01.105  1565  1635 I chatty  : uid=1000(system) android.ui expire 1 line
04-20 09:49:01.794  1565  1837 I chatty  : uid=1000(system) Binder:1565_3 expire 18 lines
04-20 09:49:01.906  1565  2183 I chatty  : uid=1000(system) Binder:1565_9 expire 15 lines
04-20 09:49:02.240  1565  1587 I chatty  : uid=1000(system) Binder:1565_1 expire 30 lines
04-20 09:49:32.451  1565  2168 I chatty  : uid=1000(system) Binder:1565_7 expire 10 lines
04-20 09:50:03.330  1565  3556 I chatty  : uid=1000(system) Binder:1565_12 expire 9 lines
04-20 09:51:06.004  1565  4295 I chatty  : uid=1000(system) Binder:1565_1C expire 11 lines
04-20 09:52:31.184  1565  1565 I chatty  : uid=1000 system_server expire 3 lines
04-20 09:52:31.184  1565  1659 I chatty  : uid=1000(system) ActivityManager expire 44 lines
04-20 09:52:31.247  1565  1898 I chatty  : uid=1000(system) NetworkPolicy expire 1 line
04-20 09:52:31.249  1565  1657 I chatty  : uid=1000(system) ActivityManager expire 3 lines
04-20 09:52:35.579  1565  4460 I chatty  : uid=1000(system) Binder:1565_1D expire 9 lines
04-20 09:52:35.739  1565  1909 I chatty  : uid=1000(system) ConnectivitySer expire 16 lines
04-20 09:53:42.820  1565  4851 I chatty  : uid=1000(system) Binder:1565_20 expire 1 line
04-20 09:53:43.855  1565  2167 I chatty  : uid=1000(system) Binder:1565_6 expire 4 lines
04-20 09:53:44.039  1565  4050 I chatty  : uid=1000(system) Binder:1565_14 expire 2 lines
04-20 09:53:44.333  1565  4293 I chatty  : uid=1000(system) Binder:1565_1B expire 2 lines
04-20 09:53:44.333  1565  3557 I chatty  : uid=1000(system) Binder:1565_13 expire 7 lines
04-20 09:53:44.763  1565  3519 I chatty  : uid=1000(system) Binder:1565_E expire 3 lines
04-20 09:53:45.464  1565  3552 I chatty  : uid=1000(system) Binder:1565_10 expire 2 lines
04-20 09:53:45.550  1565  3513 I chatty  : uid=1000(system) Binder:1565_C expire 2 lines
04-20 09:53:45.550  1565  1838 I chatty  : uid=1000(system) Binder:1565_4 expire 1 line
04-20 09:53:45.550  1565  4166 I chatty  : uid=1000(system) Binder:1565_18 expire 2 lines
04-20 09:53:47.539  1565  1838 I chatty  : uid=1000(system) Binder:1565_4 expire 1 line
04-20 09:53:47.540  1565  3552 I chatty  : uid=1000(system) Binder:1565_10 expire 1 line
04-20 09:53:47.540  1565  1909 I chatty  : uid=1000(system) ConnectivitySer expire 10 lines
04-20 09:53:47.540  1565  4138 I chatty  : uid=1000(system) Binder:1565_17 expire 3 lines
04-20 09:53:48.314  1565  1588 I chatty  : uid=1000(system) Binder:1565_2 expire 1 line
04-20 09:53:48.429  1565  3519 I chatty  : uid=1000(system) Binder:1565_E expire 3 lines
04-20 09:53:48.461  1565  4295 I chatty  : uid=1000(system) Binder:1565_1C expire 1 line
04-20 09:53:48.461  1565  1659 I chatty  : uid=1000(system) ActivityManager expire 24 lines
04-20 09:53:49.077  1565  4292 I chatty  : uid=1000(system) Binder:1565_1A expire 2 lines
04-20 09:53:49.464  1565  4842 I chatty  : uid=1000(system) Binder:1565_1F expire 5 lines
04-20 09:53:49.558  1565  4293 I chatty  : uid=1000(system) Binder:1565_1B expire 11 lines
04-20 09:53:49.740  1565  1634 I chatty  : uid=1000(system) android.fg expire 5 lines
04-20 09:53:50.041  1565  1565 I chatty  : uid=1000 system_server expire 18 lines
04-20 09:53:54.546  1565  3513 I chatty  : uid=1000(system) Binder:1565_C expire 3 lines
04-20 09:53:55.018  1565  4050 I chatty  : uid=1000(system) Binder:1565_14 expire 4 lines
04-20 09:53:55.019  1565  1656 I chatty  : uid=1000(system) android.bg expire 16 lines
04-20 09:54:42.192  1565  2180 I chatty  : uid=1000(system) Binder:1565_8 expire 1 line
04-20 09:55:24.183  1565  1837 I chatty  : uid=1000(system) Binder:1565_3 expire 6 lines
04-20 09:55:43.160  1565  4136 I chatty  : uid=1000(system) Binder:1565_16 expire 1 line
04-20 09:55:43.160  1565  3555 I chatty  : uid=1000(system) Binder:1565_11 expire 1 line
04-20 09:56:32.114  1565  2167 I chatty  : uid=1000(system) Binder:1565_6 expire 15 lines
04-20 09:56:32.133  1565  1657 I chatty  : uid=1000(system) ActivityManager expire 10 lines
04-20 09:56:34.179  1565  3522 I chatty  : uid=1000(system) Binder:1565_F expire 2 lines
04-20 09:57:17.266  1565  3512 I chatty  : uid=1000(system) Binder:1565_B expire 2 lines
04-20 09:57:46.460  1565  2183 I chatty  : uid=1000(system) Binder:1565_9 expire 7 lines
04-20 09:59:45.996  1565  1676 I chatty  : uid=1000(system) batterystats-wo expire 3 lines
04-20 09:59:50.985  1565  4851 I chatty  : uid=1000(system) Binder:1565_20 expire 1 line
04-20 10:01:23.906 18112 18303 E ActivityThread: Failed to find provider info for com.facebook.appmanager.firstparty.crashreporter
04-20 10:01:23.927  1565  1659 I chatty  : uid=1000(system) ActivityManager expire 10 lines
04-20 10:01:36.099  1565  1872 I chatty  : uid=1000(system) AlarmManager expire 1 line
04-20 10:02:25.959  1565  2014 I chatty  : uid=1000(system) Binder:1565_5 expire 1 line
04-20 10:04:52.247  1565  4057 I chatty  : uid=1000(system) Binder:1565_15 expire 3 lines
04-20 10:04:53.547  1565  1565 I chatty  : uid=1000 system_server expire 18 lines
04-20 10:04:54.544  1565  1913 I chatty  : uid=1000(system) ranker expire 1 line
04-20 10:04:54.843 18768 18768 D ActivityThread: Loading provider contacts;com.android.contacts: com.android.providers.contacts.ContactsProvider2
04-20 10:04:55.049  1565  1909 I chatty  : uid=1000(system) ConnectivitySer expire 3 lines
04-20 10:04:56.422  1565  1659 I chatty  : uid=1000(system) ActivityManager expire 42 lines
04-20 10:04:57.051  1565  1565 I chatty  : uid=1000 system_server expire 22 lines
04-20 10:04:57.448  1565  1909 I chatty  : uid=1000(system) ConnectivitySer expire 16 lines
04-20 10:04:57.816  1565  4851 I chatty  : uid=1000(system) Binder:1565_20 expire 20 lines
04-20 10:04:58.343  1565  3512 I chatty  : uid=1000(system) Binder:1565_B expire 1 line
04-20 10:04:59.556  1565  4166 I chatty  : uid=1000(system) Binder:1565_18 expire 3 lines
04-20 10:05:30.717  1565  1656 I chatty  : uid=1000(system) android.bg expire 12 lines
04-20 10:06:01.128  1565  1676 I chatty  : uid=1000(system) batterystats-wo expire 14 lines
04-20 10:07:03.849  1565  4295 I chatty  : uid=1000(system) Binder:1565_1C expire 5 lines
04-20 10:08:05.100  1565  4293 I chatty  : uid=1000(system) Binder:1565_1B expire 1 line
04-20 10:08:05.138  1565  4460 I chatty  : uid=1000(system) Binder:1565_1D expire 1 line
04-20 10:09:01.477  1565  1635 I chatty  : uid=1000(system) android.ui expire 1 line
04-20 10:09:03.014  1565  2167 I chatty  : uid=1000(system) Binder:1565_6 expire 1 line
04-20 10:09:03.014  1565  4057 I chatty  : uid=1000(system) Binder:1565_15 expire 1 line
04-20 10:09:06.981  1565  2014 I chatty  : uid=1000(system) Binder:1565_5 expire 4 lines
04-20 10:09:07.051  1565  2784 I chatty  : uid=1000(system) Binder:1565_A expire 4 lines
04-20 10:10:39.922  1565  1587 I chatty  : uid=1000(system) Binder:1565_1 expire 9 lines
04-20 10:12:00.119  1565  1837 I chatty  : uid=1000(system) Binder:1565_3 expire 8 lines
04-20 10:12:43.177  1565  3513 I chatty  : uid=1000(system) Binder:1565_C expire 8 lines
04-20 10:20:03.383  1565  1657 I chatty  : uid=1000(system) ActivityManager expire 11 lines
04-20 10:20:03.568  1565  2180 I chatty  : uid=1000(system) Binder:1565_8 expire 5 lines
04-20 10:20:05.752  1565  1588 I chatty  : uid=1000(system) Binder:1565_2 expire 1 line
04-20 10:20:06.337  1565  1886 I chatty  : uid=1000(system) NetworkWatchlis expire 2 lines
04-20 10:20:08.990  1565  1973 I chatty  : uid=1000(system) SyncManager expire 4 lines
04-20 10:20:09.059  1565  2784 I chatty  : uid=1000(system) Binder:1565_A expire 10 lines
04-20 10:20:09.074  1565  3513 I chatty  : uid=1000(system) Binder:1565_C expire 5 lines
04-20 10:20:09.097  1565  1565 I chatty  : uid=1000 system_server expire 32 lines
04-20 10:20:09.097  1565  1659 I chatty  : uid=1000(system) ActivityManager expire 6 lines
04-20 10:20:09.115  1565  4050 I chatty  : uid=1000(system) Binder:1565_14 expire 2 lines
04-20 10:20:09.115  1565  4460 I chatty  : uid=1000(system) Binder:1565_1D expire 10 lines
04-20 10:20:09.116  1565  1909 I chatty  : uid=1000(system) ConnectivitySer expire 17 lines
04-20 10:20:09.574 20159 20159 E ActivityThread: Failed to find provider info for com.samsung.android.mdx.windowslink.Tile.Provider
04-20 10:20:09.668 20159 20218 E ActivityThread: Failed to find provider info for com.microsoft.yourphonecompanion.contentprovider.featureoverride
04-20 10:20:09.800 20159 20218 E ActivityThread: Failed to find provider info for com.microsoft.yourphonecompanion.contentprovider.featureoverride
04-20 10:20:10.743  1565  1588 I chatty  : uid=1000(system) Binder:1565_2 expire 3 lines
04-20 10:20:10.845  1565  2183 I chatty  : uid=1000(system) Binder:1565_9 expire 6 lines
04-20 10:20:11.006  1565  1898 I chatty  : uid=1000(system) NetworkPolicy expire 2 lines
04-20 10:20:12.059  1565  2168 I chatty  : uid=1000(system) Binder:1565_7 expire 1 line
04-20 10:20:13.178  1565  1657 I chatty  : uid=1000(system) ActivityManager expire 10 lines
04-20 10:20:14.583  1565  1837 I chatty  : uid=1000(system) Binder:1565_3 expire 1 line
