04-20 20:04:47.684 17470 17597 W ServiceWorker: com.google.android.apps.gsa.search.core.service.h.a.a: No worker found for Worker ID [trainingcache].
04-20 20:04:47.684 17470 17597 W ServiceWorker: 	at com.google.android.apps.gsa.search.core.service.g.a.c.a(SourceFile:7)
04-20 20:04:47.684 17470 17597 W ServiceWorker: 	at com.google.android.libraries.gsa.l.a.n.a(SourceFile:2)
04-20 20:04:47.684 17470 17597 W ServiceWorker: 	at com.google.common.v.a.dn.b(SourceFile:7)
04-20 20:04:47.684 17470 17597 W ServiceWorker: 	at com.google.common.v.a.ch.run(SourceFile:12)
04-20 20:04:47.684 17470 17597 W ServiceWorker: 	at com.google.common.v.a.dp.run(SourceFile:10)
04-20 20:04:47.684 17470 17597 W ServiceWorker: 	at com.google.apps.tiktok.concurrent.au.run(SourceFile:2)
04-20 20:04:47.684 17470 17597 W ServiceWorker: 	at java.util.concurrent.ThreadPoolExecutor.runWorker(ThreadPoolExecutor.java:1167)
04-20 20:04:47.684 17470 17597 W ServiceWorker: 	at java.util.concurrent.ThreadPoolExecutor$Worker.run(ThreadPoolExecutor.java:641)
04-20 20:04:47.684 17470 17597 W ServiceWorker: 	at com.google.apps.tiktok.concurrent.f.run(SourceFile:4)
04-20 20:04:47.684 17470 17597 W ServiceWorker: 	at java.lang.Thread.run(Thread.java:919)
04-20 20:04:47.736 28123 28123 I MotoDisplay: getView
04-20 20:04:47.741 28123 28123 I chatty  : uid=10167(com.motorola.motodisplay) identical 1 line
04-20 20:04:47.741 28123 28123 I MotoDisplay: getView
04-20 20:04:47.742 28123 28123 I MotoDisplay: Animations disabled: false
04-20 20:04:47.742 28123 28123 I MotoDisplay: Animations disabled: false
04-20 20:04:47.955 28123 28123 E MotoDisplay: Exception getting package info. Name not found - com.android.nfc
04-20 20:04:47.959 28123 28123 E MotoDisplay: Exception getting package info. Name not found - com.android.calculator2
04-20 20:04:47.961 28123 28123 E MotoDisplay: Exception getting package info. Name not found - com.android.contacts
04-20 20:04:47.966 28123 28123 E MotoDisplay: Exception getting package info. Name not found - com.motorola.tools.batterytracer
04-20 20:04:47.978  1741  6427 D NotificationListeners: Enabling component com.motorola.motodisplay/.notification.DisplayNotifListenerService
04-20 20:04:47.979  1741  6427 V NotificationListeners: binding: Intent { act=android.service.notification.NotificationListenerService cmp=com.motorola.motodisplay/.notification.DisplayNotifListenerService (has extras) }
04-20 20:04:47.991  2309  2309 W View    : requestLayout() improperly called by com.android.systemui.statusbar.HeadsUpStatusBarView{7a4e36e I.E...... ......ID 0,0-248,56 #7f0a01f7 app:id/heads_up_status_bar_view} during layout: running second layout pass
04-20 20:04:48.038  1741  1767 I WindowManager:   SURFACE show Surface(name=AOD)/@0xfef882a on display:0: AOD
04-20 20:04:48.045 28123 28123 I MotoDisplay: Glance register result: true for sensor: {Sensor name="Moto Glance Gesture", vendor="Motorola", version=2, type=65548, maxRange=1.0, resolution=1.0, power=0.001, minDelay=0}
04-20 20:04:48.047  1741  1741 V NotificationListeners: 0 notification listener service connected: ComponentInfo{com.motorola.motodisplay/com.motorola.motodisplay.notification.DisplayNotifListenerService}
04-20 20:04:48.053 28123 28123 I MotoDisplay: onListenerConnected - DisplayNotifListenerService - retrieving notifications
04-20 20:04:48.094 28123 28123 I MotoDisplay: Acquiring partial wakelock MotoDisplayWakeLock for 500ms.
04-20 20:04:48.103 28123 28123 I MotoDisplay: Acquiring partial wakelock MotoDisplayWakeLock for 500ms.
04-20 20:04:48.760  1741  6427 I BatteryStatsService: In wakeup_callback: suspend aborted
04-20 20:04:49.398  7312  7312 D MCLOG   : [MC_Service] onStartcommand()
04-20 20:04:49.531   721  2360 I netd    : trafficSwapActiveStatsMap() <21.92ms>
04-20 20:04:49.537   721  2360 I netd    : tetherGetStats() <2.61ms>
04-20 20:04:49.625   721  2360 I netd    : trafficSwapActiveStatsMap() <24.01ms>
04-20 20:04:49.629   721  2360 I netd    : tetherGetStats() <2.30ms>
04-20 20:04:49.669  3275 28164 E MCINTLOG: [MC_BattStatsFactory] Adding uid 0
04-20 20:04:49.670  3275 28164 E MCINTLOG: [MC_BattStatsFactory] Adding uid 1000
04-20 20:04:49.670  3275 28164 E MCINTLOG: [MC_BattStatsFactory] Adding uid 1001
04-20 20:04:49.670  3275 28164 E MCINTLOG: [MC_BattStatsFactory] Adding uid 1002
04-20 20:04:49.670  3275 28164 E MCINTLOG: [MC_BattStatsFactory] Adding uid 1007
04-20 20:04:49.670  3275 28164 E MCINTLOG: [MC_BattStatsFactory] Adding uid 1010
04-20 20:04:49.670  3275 28164 E MCINTLOG: [MC_BattStatsFactory] Adding uid 1013
04-20 20:04:49.670  3275 28164 E MCINTLOG: [MC_BattStatsFactory] Adding uid 1020
04-20 20:04:49.670  3275 28164 E MCINTLOG: [MC_BattStatsFactory] Adding uid 1021
04-20 20:04:49.670  3275 28164 E MCINTLOG: [MC_BattStatsFactory] Adding uid 1036
04-20 20:04:49.670  3275 28164 E MCINTLOG: [MC_BattStatsFactory] Adding uid 1040
04-20 20:04:49.670  3275 28164 E MCINTLOG: [MC_BattStatsFactory] Adding uid 1041
04-20 20:04:49.670  3275 28164 E MCINTLOG: [MC_BattStatsFactory] Adding uid 1046
04-20 20:04:49.670  3275 28164 E MCINTLOG: [MC_BattStatsFactory] Adding uid 1047
04-20 20:04:49.671  3275 28164 E MCINTLOG: [MC_BattStatsFactory] Adding uid 1051
04-20 20:04:49.672  3275 28164 E MCINTLOG: [MC_BattStatsFactory] Adding uid 1053
04-20 20:04:49.672  3275 28164 E MCINTLOG: [MC_BattStatsFactory] Adding uid 1066
04-20 20:04:49.672  3275 28164 E MCINTLOG: [MC_BattStatsFactory] Adding uid 1068
04-20 20:04:49.672  3275 28164 E MCINTLOG: [MC_BattStatsFactory] Adding uid 1069
04-20 20:04:49.672  3275 28164 E MCINTLOG: [MC_BattStatsFactory] Adding uid 1072
04-20 20:04:49.672  3275 28164 E MCINTLOG: [MC_BattStatsFactory] Adding uid 2000
04-20 20:04:49.672  3275 28164 E MCINTLOG: [MC_BattStatsFactory] Adding uid 2903
04-20 20:04:49.672  3275 28164 E MCINTLOG: [MC_BattStatsFactory] Adding uid 2906
04-20 20:04:49.672  3275 28164 E MCINTLOG: [MC_BattStatsFactory] Adding uid 5101
04-20 20:04:49.672  3275 28164 E MCINTLOG: [MC_BattStatsFactory] Adding uid 9999
04-20 20:04:49.672  3275 28164 E MCINTLOG: [MC_BattStatsFactory] Adding uid 10051
04-20 20:04:49.672  3275 28164 E MCINTLOG: [MC_BattStatsFactory] Adding uid 10053
04-20 20:04:49.672  3275 28164 E MCINTLOG: [MC_BattStatsFactory] Adding uid 10055
04-20 20:04:49.672  3275 28164 E MCINTLOG: [MC_BattStatsFactory] Adding uid 10059
04-20 20:04:49.672  3275 28164 E MCINTLOG: [MC_BattStatsFactory] Adding uid 10066
04-20 20:04:49.672  3275 28164 E MCINTLOG: [MC_BattStatsFactory] Adding uid 10069
04-20 20:04:49.672  3275 28164 E MCINTLOG: [MC_BattStatsFactory] Adding uid 10073
04-20 20:04:49.672  3275 28164 E MCINTLOG: [MC_BattStatsFactory] Adding uid 10074
04-20 20:04:49.672  3275 28164 E MCINTLOG: [MC_BattStatsFactory] Adding uid 10095
04-20 20:04:49.672  3275 28164 E MCINTLOG: [MC_BattStatsFactory] Adding uid 10106
04-20 20:04:49.672  3275 28164 E MCINTLOG: [MC_BattStatsFactory] Adding uid 10107
04-20 20:04:49.672  3275 28164 E MCINTLOG: [MC_BattStatsFactory] Adding uid 10109
04-20 20:04:49.672  3275 28164 E MCINTLOG: [MC_BattStatsFactory] Adding uid 10112
04-20 20:04:49.672  3275 28164 E MCINTLOG: [MC_BattStatsFactory] Adding uid 10120
04-20 20:04:49.672  3275 28164 E MCINTLOG: [MC_BattStatsFactory] Adding uid 10123
04-20 20:04:49.672  3275 28164 E MCINTLOG: [MC_BattStatsFactory] Adding uid 10124
04-20 20:04:49.672  3275 28164 E MCINTLOG: [MC_BattStatsFactory] Adding uid 10130
04-20 20:04:49.672  3275 28164 E MCINTLOG: [MC_BattStatsFactory] Adding uid 10131
04-20 20:04:49.672  3275 28164 E MCINTLOG: [MC_BattStatsFactory] Adding uid 10133
04-20 20:04:49.672  3275 28164 E MCINTLOG: [MC_BattStatsFactory] Adding uid 10140
04-20 20:04:49.672  3275 28164 E MCINTLOG: [MC_BattStatsFactory] Adding uid 10143
04-20 20:04:49.672  3275 28164 E MCINTLOG: [MC_BattStatsFactory] Adding uid 10152
04-20 20:04:49.673  3275 28164 E MCINTLOG: [MC_BattStatsFactory] Adding uid 10154
04-20 20:04:49.673  3275 28164 E MCINTLOG: [MC_BattStatsFactory] Adding uid 10156
04-20 20:04:49.673  3275 28164 E MCINTLOG: [MC_BattStatsFactory] Adding uid 10158
04-20 20:04:49.673  3275 28164 E MCINTLOG: [MC_BattStatsFactory] Adding uid 10159
04-20 20:04:49.673  3275 28164 E MCINTLOG: [MC_BattStatsFactory] Adding uid 10165
04-20 20:04:49.673  3275 28164 E MCINTLOG: [MC_BattStatsFactory] Adding uid 10167
04-20 20:04:49.673  3275 28164 E MCINTLOG: [MC_BattStatsFactory] Adding uid 10168
04-20 20:04:49.673  3275 28164 E MCINTLOG: [MC_BattStatsFactory] Adding uid 10177
04-20 20:04:49.673  3275 28164 E MCINTLOG: [MC_BattStatsFactory] Adding uid 10182
04-20 20:04:49.673  3275 28164 E MCINTLOG: [MC_BattStatsFactory] Adding uid 10183
04-20 20:04:49.673  3275 28164 E MCINTLOG: [MC_BattStatsFactory] Adding uid 10192
04-20 20:04:49.673  3275 28164 E MCINTLOG: [MC_BattStatsFactory] Adding uid 10193
04-20 20:04:49.673  3275 28164 E MCINTLOG: [MC_BattStatsFactory] Adding uid 10198
04-20 20:04:49.673  3275 28164 E MCINTLOG: [MC_BattStatsFactory] Adding uid 10200
04-20 20:04:49.673  3275 28164 E MCINTLOG: [MC_BattStatsFactory] Adding uid 10205
04-20 20:04:49.673  3275 28164 E MCINTLOG: [MC_BattStatsFactory] Adding uid 10208
04-20 20:04:49.673  3275 28164 E MCINTLOG: [MC_BattStatsFactory] Adding uid 10209
04-20 20:04:49.673  3275 28164 E MCINTLOG: [MC_BattStatsFactory] Adding uid 10211
04-20 20:04:49.673  3275 28164 E MCINTLOG: [MC_BattStatsFactory] Adding uid 10213
04-20 20:04:49.673  3275 28164 E MCINTLOG: [MC_BattStatsFactory] Adding uid 10214
04-20 20:04:49.673  3275 28164 E MCINTLOG: [MC_BattStatsFactory] Adding uid 10216
04-20 20:04:49.741  3275  3289 W .process.syste: Reducing the number of considered missed Gc histogram windows from 194 to 100
04-20 20:04:50.406  2309  2309 D KeyguardViewMediator: USER_LOCKED intent sent
04-20 20:04:50.424  1741  1766 W UsageStatsService: Event reported without a package name, eventType:17
04-20 20:04:50.444  2309  2309 D StatusBar: disable<e i a s b h r c s > disable2<q i n >
04-20 20:04:50.449  2309  2309 D StatusBar: disable<e i a s b h r c s > disable2<q i n >
04-20 20:04:50.455  2309  2309 D KeyguardUpdateMonitor: onKeyguardVisibilityChanged(true)
04-20 20:04:50.489  2309  2309 D StatusBar: disable<e i a s b H!R!c s > disable2<q i n >
04-20 20:04:50.858  1741  6001 I BatteryStatsService: In wakeup_callback: suspend aborted
04-20 20:04:51.409  1741  6001 I BatteryStatsService: In wakeup_callback: suspend aborted
04-20 20:04:52.779  1741  2047 I BatteryStatsService: In wakeup_callback: resumed from suspend
04-20 20:04:56.478  1741  2047 I chatty  : uid=1000(system) Binder:1741_3 identical 5 lines
04-20 20:04:57.989  1741  2047 I BatteryStatsService: In wakeup_callback: resumed from suspend
04-20 20:04:58.277  1741  2047 I BatteryStatsService: In wakeup_callback: suspend aborted
04-20 20:04:59.445  1741  2047 I BatteryStatsService: In wakeup_callback: suspend aborted
04-20 20:05:00.763  1741  2047 I BatteryStatsService: In wakeup_callback: resumed from suspend
04-20 20:05:03.535  1741  2047 I BatteryStatsService: In wakeup_callback: resumed from suspend
04-20 20:05:03.584 17470 17527 I WorkerManager: dispose()
04-20 20:05:03.588 17470 17527 W ThreadPoolDumper: Queue length for executor EventBus is now 11. Perhaps some tasks are too long, or the pool is too small.
04-20 20:05:03.624  2309  2309 W View    : requestLayout() improperly called by com.android.systemui.statusbar.HeadsUpStatusBarView{7a4e36e I.E...... ......ID 0,0-248,56 #7f0a01f7 app:id/heads_up_status_bar_view} during layout: running second layout pass
04-20 20:05:03.664  2309  2309 W View    : requestLayout() improperly called by com.android.systemui.statusbar.HeadsUpStatusBarView{7a4e36e I.E...... ......ID 0,0-248,56 #7f0a01f7 app:id/heads_up_status_bar_view} during layout: running second layout pass
04-20 20:05:05.037  1741  8491 I BatteryStatsService: In wakeup_callback: resumed from suspend
04-20 20:05:05.635  1741  8491 I BatteryStatsService: In wakeup_callback: resumed from suspend
04-20 20:05:06.026  1741  8491 I BatteryStatsService: In wakeup_callback: suspend aborted
04-20 20:05:07.819  1741  8491 I BatteryStatsService: In wakeup_callback: resumed from suspend
04-20 20:05:08.734  1741  8491 I BatteryStatsService: In wakeup_callback: resumed from suspend
04-20 20:05:09.145  1741  8491 I BatteryStatsService: In wakeup_callback: suspend aborted
04-20 20:05:10.569  1741  8491 I BatteryStatsService: In wakeup_callback: resumed from suspend
04-20 20:05:10.990  1741  8491 I BatteryStatsService: In wakeup_callback: suspend aborted
04-20 20:05:12.420  1741  8491 I BatteryStatsService: In wakeup_callback: resumed from suspend
04-20 20:05:13.037  1741  8491 I BatteryStatsService: In wakeup_callback: resumed from suspend
04-20 20:05:13.061 17448 17448 I chatty  : uid=10158 com.google.android.gms.persistent expire 10 lines
04-20 20:05:13.262  1741  8491 I BatteryStatsService: In wakeup_callback: suspend aborted
04-20 20:05:14.890  1741  8491 I BatteryStatsService: In wakeup_callback: resumed from suspend
04-20 20:05:15.877  1741  8491 I ActivityManager: Force stopping com.google.location.nearby.apps.connectedcrossroad appid=10216 user=0: from pid 28233
04-20 20:05:15.809  1741  8491 I BatteryStatsService: In wakeup_callback: resumed from suspend
04-20 20:05:15.886  2492  2492 E PhoneInterfaceManager: [PhoneIntfMgr] getCarrierPackageNamesForIntent: No UICC
04-20 20:05:15.886  2492  2492 D CarrierSvcBindHelper: No carrier app for: 0
04-20 20:05:16.987  1741  2047 I BatteryStatsService: In wakeup_callback: resumed from suspend
04-20 20:05:17.961  1741  2047 I BatteryStatsService: In wakeup_callback: resumed from suspend
04-20 20:05:18.358  1741  2047 I BatteryStatsService: In wakeup_callback: suspend aborted
04-20 20:05:18.584  1741  2047 I ActivityManager: Force stopping com.google.location.nearby.apps.connectedcrossroad appid=10216 user=0: from pid 28251
04-20 20:05:18.590  2492  2492 E PhoneInterfaceManager: [PhoneIntfMgr] getCarrierPackageNamesForIntent: No UICC
04-20 20:05:18.590  2492  2492 D CarrierSvcBindHelper: No carrier app for: 0
04-20 20:05:18.682  1741  8491 I ActivityTaskManager: START u0 {act=android.intent.action.MAIN cat=[android.intent.category.LAUNCHER] flg=0x10000000 cmp=com.google.location.nearby.apps.connectedcrossroad/nx.aodv.eval.MainActivity} from uid 2000
04-20 20:05:18.683  1741  8491 D ActivityTaskManager: getPreferredLaunchDisplay usersetdisplayid -1 current displayId 0 paramspreferid 0
04-20 20:05:18.683  1741  8491 D ActivityTaskManager: getPreferredLaunchDisplay usersetdisplayid -1 current displayId 0 paramspreferid 0
04-20 20:05:18.687  1741  8491 D ActivityTaskManager: getPreferredLaunchDisplay usersetdisplayid 0 current displayId 0 paramspreferid 0
04-20 20:05:18.714  1741  1741 V SettingsProvider: Notifying for 0: content://settings/secure/reminder_exp_learning_time_elapsed
04-20 20:05:18.725   722   722 D Zygote  : Forked child process 28260
04-20 20:05:18.733  1741  1774 I ActivityManager: Start proc 28260:com.google.location.nearby.apps.connectedcrossroad/u0a216 for activity {com.google.location.nearby.apps.connectedcrossroad/nx.aodv.eval.MainActivity}
04-20 20:05:18.735 28260 28260 I nectedcrossroa: Late-enabling -Xcheck:jni
04-20 20:05:18.773 28260 28260 E nectedcrossroa: Unknown bits set in runtime_flags: 0x8000
04-20 20:05:18.832  2291  2574 I chatty  : uid=1002(bluetooth) BluetoothScanMa expire 32 lines
04-20 20:05:18.846  7312  7569 D MCLOG   : [MC_TriggerHelper] PauseResumeTrigger
04-20 20:05:18.860  7312  7569 D MCLOG   : [MC_TriggerHelper] PauseResumeTrigger
04-20 20:05:18.886  7312  7312 D MCLOG   : [MC_Service] onStartcommand()
04-20 20:05:19.376  1741  1766 W ActivityTaskManager: Activity top resumed state loss timeout for ActivityRecord{5011d u0 com.google.location.nearby.apps.connectedcrossroad/nx.aodv.eval.MainActivity t10}
04-20 20:05:19.376  1741  1766 W ActivityTaskManager: Activity pause timeout for ActivityRecord{5011d u0 com.google.location.nearby.apps.connectedcrossroad/nx.aodv.eval.MainActivity t10}
04-20 20:05:18.886  7312  7312 D MCLOG   : [MC_Service] onStartcommand()
04-20 20:05:19.401  1741  6001 I BatteryStatsService: In wakeup_callback: suspend aborted
04-20 20:05:19.790 28260 28260 W nectedcrossroa: Accessing hidden method Landroid/view/View;->computeFitSystemWindows(Landroid/graphics/Rect;Landroid/graphics/Rect;)Z (greylist, reflection, allowed)
04-20 20:05:19.791 28260 28260 W nectedcrossroa: Accessing hidden method Landroid/view/ViewGroup;->makeOptionalFitsSystemWindows()V (greylist, reflection, allowed)
04-20 20:05:19.841  1741  6001 I BatteryStatsService: In wakeup_callback: suspend aborted
04-20 20:05:20.137 28260 28260 V perf    : AODV networking started.
04-20 20:05:20.168  1741  6001 W ProcessStats: Tracking association SourceState{7b2041e com.google.location.nearby.apps.connectedcrossroad/10216 Top #54124} whose proc state 1 is better than process ProcessState{cb22399 com.google.android.gms.persistent/10158 pkg=com.google.android.gms (sub)} proc state 2 (94 skipped)
04-20 20:05:20.251 28260 28260 V perf    : Networking stopped
04-20 20:05:20.420 17448 23498 I chatty  : uid=10158 com.google.android.gms.persistent expire 26 lines
04-20 20:05:20.819     0     0 W swapper/0: type=1400 audit(0.0:564): avc: denied { kill } for uid=0 capability=5 scontext=u:r:kernel:s0 tcontext=u:r:kernel:s0 tclass=capability permissive=0
04-20 20:05:21.006  1741  6427 I BatteryStatsService: In wakeup_callback: suspend aborted
04-20 20:05:21.536  1741  2042 D BatteryService: uevent={POWER_SUPPLY_DP_DM=0, POWER_SUPPLY_VOLTAGE_NOW=4251650, POWER_SUPPLY_SW_JEITA_ENABLED=0, POWER_SUPPLY_CHARGE_CONTROL_LIMIT_MAX=8, POWER_SUPPLY_RECHARGE_SOC=99, POWER_SUPPLY_HEALTH=Good, POWER_SUPPLY_TECHNOLOGY=Li-ion, POWER_SUPPLY_FCC_STEPPER_ENABLE=0, SEQNUM=15666, POWER_SUPPLY_INPUT_CURRENT_LIMITED=0, POWER_SUPPLY_CHARGE_CONTROL_LIMIT=0, POWER_SUPPLY_BATTERY_CHARGING_ENABLED=1, POWER_SUPPLY_STATUS=Discharging, POWER_SUPPLY_CYCLE_COUNT=4, POWER_SUPPLY_CURRENT_MAX=2000000, POWER_SUPPLY_CHARGE_TERM_CURRENT=-101, POWER_SUPPLY_CAPACITY=92, DEVPATH=/devices/platform/soc/200f000.qcom,spmi/spmi-0/spmi0-02/200f000.qcom,spmi:qcom,pmi632@2:qcom,qpnp-smb5/power_supply/battery, POWER_SUPPLY_CHARGE_DONE=0, POWER_SUPPLY_CHARGE_TYPE=N/A, POWER_SUPPLY_CHARGE_RATE=None, POWER_SUPPLY_CURRENT_NOW=-38452, POWER_SUPPLY_SYSTEM_TEMP_LEVEL=0, POWER_SUPPLY_PRESENT=1, POWER_SUPPLY_PARALLEL_DISABLE=0, POWER_SUPPLY_CHARGE_FULL=3615000, SUBSYSTEM=power_supply, POWER_SUPPLY_SET_SHIP_MODE=0, POWER_SUPPLY_TEMP=240, ACTION=change, POWER_SUPPLY_RERUN_AICL=0, POWER_SUPPLY_AGE=100, POWER_SUPPLY_NAME=battery, POWER_SUPPLY_VOLTAGE_MAX=-22, POWER_SUPPLY_CONSTANT_CHARGE_CURRENT_MAX=2000000, POWER_SUPPLY_CHARGE_COUNTER=3289650, POWER_SUPPLY_STEP_CHARGING_ENABLED=0, POWER_SUPPLY_NUM_SYSTEM_TEMP_LEVELS=8, POWER_SUPPLY_DIE_HEALTH=Hot, POWER_SUPPLY_INPUT_SUSPEND=0}
04-20 20:05:21.553  2492  2492 D QtiCarrierConfigHelper: WARNING, no carrier configs on phone Id: 0
04-20 20:05:22.967  1741  6427 I BatteryStatsService: In wakeup_callback: suspend aborted
04-20 20:05:23.370  1741  2123 I PowerManagerService: Waking up from Dozing (uid=1000, reason=WAKE_REASON_POWER_BUTTON, details=android.policy:POWER)...
04-20 20:05:23.371  1741  1741 W UsageStatsService: Event reported without a package name, eventType:15
04-20 20:05:23.373   820   820 I QTI PowerHAL: Got set_interactive hint
04-20 20:05:23.373   820   820 I QTI PowerHAL: Got set_interactive hint on= 1, count= 11
04-20 20:05:23.373   820   820 E QTI PowerHAL: Error opening /sys/kernel/hbtp/display_pwr: No such file or directory
04-20 20:05:23.374  1741  2123 W InputDispatcher: Excessive delay in interceptKeyBeforeQueueing; took 65 ms
04-20 20:05:23.391  1741  1781 I DisplayPowerController: Blocking screen on until initial contents have been drawn.
04-20 20:05:23.391  1741  1781 I WindowManager: Screen turning on...
04-20 20:05:23.391  2309  2699 V KeyguardViewMediator: notifyDrawn
04-20 20:05:23.392  1741  6427 D WindowManager: mKeyguardDelegate.ShowListener.onDrawn.
04-20 20:05:23.402  1741  1741 I WindowManager: Started waking up... (why=ON_BECAUSE_OF_USER)
04-20 20:05:23.403  1741  1764 W WindowManager: Setting mKeyguardDrawComplete
04-20 20:05:23.404 28123 28123 I MotoDisplay: Request System UI to turn display ON.
04-20 20:05:23.405  2309  2332 I MotoDisplayManager: MotoDisplayCallback requestHide
04-20 20:05:23.409  2492  2492 D QtiCarrierConfigHelper: WARNING, no carrier configs on phone Id: 0
04-20 20:05:23.409  1741  1781 V DisplayPowerController: Brightness [73] reason changing to: 'manual', previous reason: 'screen_off'.
04-20 20:05:23.411  1741  1766 I DisplayManagerService: Display device changed state: "Built-in Screen", ON
04-20 20:05:23.413   872   872 D SurfaceFlinger: Setting power mode 2 on display 0
04-20 20:05:23.413   816   905 I SDM     : DisplayBase::SetDisplayState: Set state = 1, display 0
04-20 20:05:23.416   803  1646 W qti_sensors_hal: reportSingleEvent: NearBy 0, pData 1310,  highThd 2030
04-20 20:05:23.417  1741  1781 V DisplayPowerController: Brightness [70] reason changing to: 'automatic', previous reason: 'manual'.
04-20 20:05:23.423  2622  2690 I QcrilOemhookMsgTunnel: [0]processOemHookResponse serial no: -1 error: 0length=1
04-20 20:05:23.423  2622  2690 E QcrilOemhookMsgTunnel: [0]Unexpected serial number in solicited response!serial: -1 error: 0
04-20 20:05:23.427  7040  7040 W Settings: Setting data_roaming has moved from android.provider.Settings.Secure to android.provider.Settings.Global.
04-20 20:05:23.428  1741  1741 V SettingsProvider: Notifying for 0: content://settings/system/screen_brightness
04-20 20:05:23.429 22048 22048 E FitnessUtil: accessGoogleFit
04-20 20:05:23.429 22048 22048 D FitnessUtil: activity not found, set pIntent = null
04-20 20:05:23.429  3275  3275 W Settings: Setting data_roaming has moved from android.provider.Settings.Secure to android.provider.Settings.Global.
04-20 20:05:23.430  2309  2309 I MotoDisplayManager: mMotoDisplayService.hide com.android.systemui.doze.IMotoDisplay$Stub$Proxy@e894475
04-20 20:05:23.431  7312  7312 D MCLOG   : [MC_Service] onStartcommand()
04-20 20:05:23.441  2309  2309 D StatusBar: disable<e i a s b H R c s > disable2<q i n >
04-20 20:05:23.442  2309  2309 D StatusBar: disable<e i a s b H R c s > disable2<q i n >
04-20 20:05:23.443  2309  2309 D StatusBar: updateQsExpansionEnabled - QS Expand enabled: true
04-20 20:05:23.443  7312  7569 D Checkin : publish the event [tag = MOT_DEVICE_STATS_L1 event name = SettingLogs]
04-20 20:05:23.449 28123 28123 I MotoDisplay: onDestroy
04-20 20:05:23.449 28123 28123 I MotoDisplay: Releasing wakelock: MotoDisplayWakeLock
04-20 20:05:23.456   806   882 D audio_hw_primary: adev_set_parameters: enter: screen_state=on
04-20 20:05:23.456   806   882 V msm8974_platform: platform_set_parameters: enter: screen_state=on
04-20 20:05:23.456   806   882 V msm8974_platform: platform_set_parameters: exit with code(0)
04-20 20:05:23.456  2309  2309 D StatusBar: updateQsExpansionEnabled - QS Expand enabled: true
04-20 20:05:23.457  2309  2309 W MotoDisplayManager: can't hide: mMotoDisplayService has been null
04-20 20:05:23.459  2309  2309 V FingerprintManager: showFodIndicator show:true by (com.android.systemui)
04-20 20:05:23.462  2309  2309 V StatusBar: mStatusBarWindow: com.android.systemui.statusbar.phone.StatusBarWindowView{f5df74c V.E...... ......ID 0,0-720,1520} canPanelBeCollapsed(): true
04-20 20:05:23.462  2309  2309 V StatusBar: mStatusBarWindow: com.android.systemui.statusbar.phone.StatusBarWindowView{f5df74c V.E...... ......ID 0,0-720,1520} collapseBySetDisable: false
04-20 20:05:23.465  1741  1741 V SettingsProvider: Notifying for 0: content://settings/secure/reminder_exp_learning_time_elapsed
04-20 20:05:23.468   872  1002 E HWComposer: getDisplayedContentSamplingAttributes: getDisplayedContentSamplingAttributes failed for display 0: Unsupported (8)
04-20 20:05:23.473  2443  3309 D QCNEJ/WlanStaInfoRelay: Received action: android.net.wifi.RSSI_CHANGED
04-20 20:05:23.474  2443  3309 I QCNEJ/NativeHalConnector: -> SND notifyWlanStaStatusChanged([WlanStaInfo]: wifiSwitchState = 1 rssi = -50 ssid = Jasmine bssid = b0:39:56:5a:37:40 dnsInfo = 192.168.1.1;0.0.0.0;0.0.0.0;0.0.0.0; freqBand = _2GHz countryCode = us[RatInfo]: networkType = 1 subType = 101 networkState = CONNECTED netHdl = 432902426637 ipAddrV4 = 192.168.1.68 ipAddrV6 =  ifNameV4 = wlan0 ifNameV6 =  slotIdx = 0 isAndroidValidated = true) timeStamp = 2021-04-20 20:05:23.474
04-20 20:05:23.479  2309  2309 W View    : requestLayout() improperly called by com.android.systemui.statusbar.HeadsUpStatusBarView{7a4e36e I.E...... ......ID 0,0-248,56 #7f0a01f7 app:id/heads_up_status_bar_view} during layout: running second layout pass
04-20 20:05:23.481  1741  6540 V WindowManager: Changing focus from Window{9670317 u0 AOD} to Window{2decc30 u0 StatusBar} displayId=0
04-20 20:05:23.483 28123 28123 I MotoDisplay: finishScreen
04-20 20:05:23.483 28123 28123 I MotoDisplay: onDestroy
04-20 20:05:23.490  2492  2537 E PhoneInterfaceManager: [PhoneIntfMgr] getCarrierPrivilegeStatus: No UICC
04-20 20:05:23.492  2758  3750 I CarrierServices: [97] car.a: FiST: Wifi connectivity status true
04-20 20:05:23.493  2758  4230 I CarrierServices: [127] awv.handleMessage: RCS is disabled, skipping config update request
04-20 20:05:23.494  2758  4228 I CarrierServices: [125] chy.a: (PEv2-SM): DisabledState: event Connectivity event
04-20 20:05:23.496  2758  3750 I CarrierServices: [97] cay.d: Connected state: [1], networkType: [WIFI]
04-20 20:05:23.497  2492  2537 E PhoneInterfaceManager: [PhoneIntfMgr] getCarrierPrivilegeStatus: No UICC
04-20 20:05:23.512  1741  3388 D NotificationListeners: Disabling component com.motorola.motodisplay/.notification.DisplayNotifListenerService
04-20 20:05:23.519  1741  1767 I WindowManager:   SURFACE show Surface(name=NavigationBar0)/@0x979e84c on display:0: NavigationBar0
04-20 20:05:23.524  1741  1766 I WindowManager: All windows ready for display!
04-20 20:05:23.524  1741  1764 W WindowManager: Setting mWindowManagerDrawComplete
04-20 20:05:23.525  2929  2929 I DeviceStatusMonitor: DeviceStatusMonitor$1.onReceive():48 onReceive() : Action = android.intent.action.SCREEN_ON
04-20 20:05:23.529  1741  1781 I DisplayPowerController: Unblocked screen on after 138 ms
04-20 20:05:23.530 28123 28123 I MotoDisplay: onListenerDisconnected - DisplayNotifListenerService
04-20 20:05:23.540  1741  3388 I ActivityManager: Killing 21224:com.motorola.invisiblenet/u0a156 (adj 999): empty for 1849s
04-20 20:05:23.566  1741  3388 D ActivityManager: makeInactive, ProcessRecord{de9359b 21224:com.motorola.invisiblenet/u0a156}, clear holder.state
04-20 20:05:23.566   722   722 I Zygote  : Process 21224 exited due to signal 9 (Killed)
04-20 20:05:23.569  1741  1775 I libprocessgroup: Successfully killed process cgroup uid 10156 pid 21224 in 28ms
04-20 20:05:23.570  1741  3388 D WificondControl: Scan result ready event
04-20 20:05:23.669   872   872 D SurfaceFlinger: Finished setting power mode 2 on display 0
04-20 20:05:23.669  1741  2285 D SurfaceControl: Excessive delay in setPowerMode()
04-20 20:05:23.670  1741  1781 W PowerManagerService: Screen on took 363 ms
04-20 20:05:23.670  1741  1781 I DreamManagerService: Gently waking up from dream.
04-20 20:05:23.670  1741  1741 I WindowManager: Finished waking up... (why=ON_BECAUSE_OF_USER)
04-20 20:05:23.671  1741  1763 I DreamManagerService: Performing gentle wake from dream.
04-20 20:05:23.687  1741 11121 I DreamManagerService: Leaving dreamland.
04-20 20:05:23.687  1741  1763 I DreamManagerService: Performing gentle wake from dream.
04-20 20:05:23.688  1741  1763 I DreamController: Stopping dream: name=ComponentInfo{com.android.systemui/com.android.systemui.doze.DozeService}, isTest=false, canDoze=true, userId=0
04-20 20:05:23.690  1741  1741 W AlarmManager: Unrecognized alarm listener com.android.server.job.controllers.idle.-$$Lambda$DeviceIdlenessTracker$-H1-ZwZAJ-vh10A0PeYXaZLj_R0@1f4a7ca
04-20 20:05:23.710  3275  3275 D SlpcSystem: ProxRecalReceiver action: com.motorola.UNLOCK_SUCCESS
04-20 20:05:23.711 17448 17676 I chatty  : uid=10158(com.google.android.gms) NearbyDirectMai expire 6 lines
04-20 20:05:23.712  3275  3275 I android_os_HwBinder: HwBinder: Starting thread pool for getting: vendor.qti.hardware.sensorscalibrate@1.0::ISensorsCalibrate/default
04-20 20:05:23.713   837   837 D         : sensor calibrate begin
04-20 20:05:23.713   837   837 I ssc_calibrate: calibrate:103 calibrate!
04-20 20:05:23.719   837 28326 I ssc_calibrate: notify_data_cb:69 JNI_triggerProxRecal sensor1 responded
04-20 20:05:23.719   837   837 D         : s_result: true
04-20 20:05:23.724 17448 17664 I chatty  : uid=10158(com.google.android.gms) NearbyDiscovery expire 13 lines
04-20 20:05:23.739  1741  1767 I WindowManager:   SURFACE show Surface(name=com.android.systemui.ImageWallpaper)/@0x1b70dbd on display:0: com.android.systemui.ImageWallpaper
04-20 20:05:23.747  2291  2345 I chatty  : uid=1002(bluetooth) BT Service Call expire 34 lines
04-20 20:05:23.752  1741  1764 D WindowManager: powerPress: eventTime=3170684 interactive=true count=1 beganFromNonInteractive=true mShortPressOnPowerBehavior=1
04-20 20:05:23.995  2309  2309 D KeyguardViewMediator: keyguardGoingAway
04-20 20:05:23.995  2309  2389 D KeyguardViewMediator: Call PhoneWindowManager's keyguardGoingAway
04-20 20:05:23.996  1741 11121 D ActivityTaskManager: Top Process State changed to PROCESS_STATE_TOP
04-20 20:05:23.998  7312  7569 D MCLOG   : [MC_TriggerHelper] PauseResumeTrigger
04-20 20:05:24.015  7312  7312 D MCLOG   : [MC_Service] onStartcommand()
04-20 20:05:24.033  2309  2309 D StatusBar: disable<e i a s b H R c s > disable2<q i n >
04-20 20:05:24.080 28260 28293 I AdrenoGLES: QUALCOMM build                   : 961b24f, Ib57168459a
04-20 20:05:24.080 28260 28293 I AdrenoGLES: Build Date                       : 02/24/20
04-20 20:05:24.080 28260 28293 I AdrenoGLES: OpenGL ES Shader Compiler Version: EV031.27.05.06
04-20 20:05:24.080 28260 28293 I AdrenoGLES: Local Branch                     : 
04-20 20:05:24.080 28260 28293 I AdrenoGLES: Remote Branch                    : 
04-20 20:05:24.080 28260 28293 I AdrenoGLES: Remote Branch                    : 
04-20 20:05:24.080 28260 28293 I AdrenoGLES: Reconstruct Branch               : 
04-20 20:05:24.080 28260 28293 I AdrenoGLES: Build Config                     : S L 8.0.12 AArch32
04-20 20:05:24.084 28260 28293 I AdrenoGLES: PFP: 0x005ff112, ME: 0x005ff066
04-20 20:05:24.131   572   572 I hwservicemanager: getTransport: Cannot find entry android.hardware.graphics.mapper@3.0::IMapper/default in either framework or device manifest.
04-20 20:05:24.131 28260 28293 W Gralloc3: mapper 3.x is not supported
04-20 20:05:24.151  1741  1767 I LaunchCheckinHandler: Displayed com.google.location.nearby.apps.connectedcrossroad/nx.aodv.eval.MainActivity,cp,ca,5459
04-20 20:05:24.151  1741  1767 I WindowManager: Window drawn AppWindowToken{6eefd63 token=Token{1e67f92 ActivityRecord{5011d u0 com.google.location.nearby.apps.connectedcrossroad/nx.aodv.eval.MainActivity t10}}}
04-20 20:05:24.152  2309  2309 I KeyguardViewMediator: handleStartKeyguardExitAnimation startTime=3171529 fadeoutDuration=300
04-20 20:05:24.156  2309  2309 D StatusBar: disable<e i a s b H R c s > disable2<q i n >
04-20 20:05:24.157  1741  1767 I WindowManager:   SURFACE show Surface(name=com.google.location.nearby.apps.connectedcrossroad/nx.aodv.eval.MainActivity)/@0x8fddeb9 on display:0: com.google.location.nearby.apps.connectedcrossroad/nx.aodv.eval.MainActivity
04-20 20:05:24.158   865 22277 D APM_AudioPolicyManager: startOutput() output 13, stream 1, session 97
04-20 20:05:24.159  2309  2309 D StatusBar: updateQsExpansionEnabled - QS Expand enabled: true
04-20 20:05:24.159  2309  2309 W MotoDisplayManager: can't hide: mMotoDisplayService has been null
04-20 20:05:24.160   806 13645 V msm8974_platform: platform_get_output_snd_device: enter: output devices(0x2)
04-20 20:05:24.160   806 13645 V msm8974_platform: platform_get_output_snd_device: exit: snd_device(speaker)
04-20 20:05:24.160   806 13645 V msm8974_platform: platform_get_backend_index:napb: backend port - 0 device - 2 
04-20 20:05:24.160   806 13645 V msm8974_platform: platform_check_and_set_playback_backend_cfg: usecase->stream.out->config.format (0)
04-20 20:05:24.160   806 13645 V msm8974_platform: platform_check_and_set_playback_backend_cfg:becf: afe: bitwidth 16, samplerate 48000 channels 2, backend_idx 0 usecase = 1 device (speaker)
04-20 20:05:24.160   806 13645 V msm8974_platform: platform_check_and_set_playback_backend_cfg: new_snd_devices[0] is 2
04-20 20:05:24.160   806 13645 V msm8974_platform: platform_get_backend_index:napb: backend port - 0 device - 2 
04-20 20:05:24.160   806 13645 V msm8974_platform: platform_check_playback_backend_cfg:becf: afe: bitwidth 16, samplerate 48000 channels 2, backend_idx 0 usecase = 1 device (speaker)
04-20 20:05:24.160   806 13645 V msm8974_platform: platform_check_playback_backend_cfg:becf: afe: Codec selected backend: 0 updated bit width: 16 andsample rate: 48000
04-20 20:05:24.160   806 13645 V msm8974_platform: platform_send_audio_calibration: sending audio calibration for snd_device(2) acdb_id(14)
04-20 20:05:24.160   806 13645 D ACDB-LOADER: ACDB -> send_audio_cal, acdb_id = 14, path = 0, app id = 0x11130, sample rate = 48000, afe_sample_rate = 48000
04-20 20:05:24.160   806 13645 D ACDB-LOADER: ACDB -> send_asm_topology
04-20 20:05:24.160   806 13645 D ACDB-LOADER: ACDB -> ACDB_CMD_GET_AUDPROC_STREAM_TOPOLOGY_ID
04-20 20:05:24.160   806 13645 D ACDB-LOADER: ACDB -> send_adm_topology
04-20 20:05:24.160   806 13645 D ACDB-LOADER: ACDB -> ACDB_CMD_GET_AUDPROC_COMMON_TOPOLOGY_ID
04-20 20:05:24.160   806 13645 D ACDB-LOADER: ACDB -> send_audtable
04-20 20:05:24.160   806 13645 D ACDB-LOADER: ACDB -> ACDB_CMD_GET_AUDPROC_COMMON_TABLE_SIZE
04-20 20:05:24.160   806 13645 D ACDB-LOADER: ACDB -> ACDB_CMD_GET_AUDPROC_COMMON_TABLE
04-20 20:05:24.160   806 13645 D ACDB-LOADER: ACDB -> AUDIO_SET_AUDPROC_CAL cal_type[11] acdb_id[14] app_type[69936]
04-20 20:05:24.160   806 13645 D ACDB-LOADER: ACDB -> send_audvoltable
04-20 20:05:24.160   806 13645 D ACDB-LOADER: ACDB -> ACDB_CMD_GET_AUDPROC_GAIN_DEP_STEP_TABLE_SIZE
04-20 20:05:24.160   806 13645 D ACDB-LOADER: ACDB -> ACDB_CMD_GET_AUDPROC_GAIN_DEP_STEP_TABLE, vol index 0
04-20 20:05:24.160   806 13645 D ACDB-LOADER: ACDB -> AUDIO_SET_VOL_CAL cal type = 12
04-20 20:05:24.160   806 13645 D ACDB-LOADER: ACDB -> ACDB_CMD_GET_AUDPROC_STREAM_TABLE_SIZE
04-20 20:05:24.160   806 13645 D ACDB-LOADER: ACDB -> send_audstrmtable
04-20 20:05:24.160   806 13645 D ACDB-LOADER: ACDB -> ACDB_CMD_GET_AUDPROC_STREAM_TABLE_V2
04-20 20:05:24.160   806 13645 D ACDB-LOADER: ACDB -> audstrm_cal->cal_type.cal_data.cal_size = 16
04-20 20:05:24.160   806 13645 D ACDB-LOADER: ACDB -> send_afe_topology
04-20 20:05:24.160   806 13645 D ACDB-LOADER: ACDB -> ACDB_CMD_GET_AFE_TOPOLOGY_ID
04-20 20:05:24.160   806 13645 D ACDB-LOADER: ACDB -> GET_AFE_TOPOLOGY_ID for adcd_id 14, Topology Id 1000ff01
04-20 20:05:24.160   806 13645 D ACDB-LOADER: ACDB -> send_afe_cal
04-20 20:05:24.160   806 13645 D ACDB-LOADER: ACDB -> ACDB_CMD_GET_AFE_COMMON_TABLE_SIZE
04-20 20:05:24.160   806 13645 D ACDB-LOADER: ACDB -> ACDB_CMD_GET_AFE_COMMON_TABLE
04-20 20:05:24.160   806 13645 D ACDB-LOADER: ACDB -> AUDIO_SET_AFE_CAL cal_type[16] acdb_id[14]
04-20 20:05:24.160   806 13645 D ACDB-LOADER: ACDB -> send_hw_delay : acdb_id = 14 path = 0
04-20 20:05:24.160   806 13645 D ACDB-LOADER: ACDB -> ACDB_AVSYNC_INFO: ACDB_CMD_GET_DEVICE_PROPERTY
04-20 20:05:24.160   806 13645 V msm8974_platform: platform_send_audio_calibration: sending audio calibration for snd_device(158) acdb_id(102)
04-20 20:05:24.160   806 13645 D ACDB-LOADER: ACDB -> send_audio_cal, acdb_id = 102, path = 1, app id = 0x11130, sample rate = 48000, afe_sample_rate = 48000
04-20 20:05:24.160   806 13645 D ACDB-LOADER: ACDB -> send_asm_topology
04-20 20:05:24.160   806 13645 D ACDB-LOADER: ACDB -> ACDB_CMD_GET_AUDPROC_STREAM_TOPOLOGY_ID
04-20 20:05:24.160   806 13645 D ACDB-LOADER: ACDB -> send_adm_topology
04-20 20:05:24.160   806 13645 D ACDB-LOADER: ACDB -> ACDB_CMD_GET_AUDPROC_COMMON_TOPOLOGY_ID
04-20 20:05:24.160   806 13645 D ACDB-LOADER: ACDB -> send_audtable
04-20 20:05:24.160   806 13645 D ACDB-LOADER: ACDB -> ACDB_CMD_GET_AUDPROC_COMMON_TABLE_SIZE
04-20 20:05:24.160   806 13645 D ACDB-LOADER: ACDB -> ACDB_CMD_GET_AUDPROC_COMMON_TABLE
04-20 20:05:24.161   806 13645 D ACDB-LOADER: ACDB -> AUDIO_SET_AUDPROC_CAL cal_type[11] acdb_id[102] app_type[69936]
04-20 20:05:24.161   806 13645 D ACDB-LOADER: ACDB -> ACDB_CMD_GET_AUDPROC_STREAM_TABLE_SIZE
04-20 20:05:24.161   806 13645 D ACDB-LOADER: ACDB -> send_audstrmtable
04-20 20:05:24.161   806 13645 D ACDB-LOADER: ACDB -> ACDB_CMD_GET_AUDPROC_STREAM_TABLE_V2
04-20 20:05:24.161   806 13645 D ACDB-LOADER: ACDB -> audstrm_cal->cal_type.cal_data.cal_size = 16
04-20 20:05:24.161   806 13645 D ACDB-LOADER: ACDB -> send_afe_topology
04-20 20:05:24.161   806 13645 D ACDB-LOADER: ACDB -> ACDB_CMD_GET_AFE_TOPOLOGY_ID
04-20 20:05:24.161   806 13645 D ACDB-LOADER: ACDB -> GET_AFE_TOPOLOGY_ID for adcd_id 102, Topology Id 1000ff00
04-20 20:05:24.161   806 13645 D ACDB-LOADER: ACDB -> send_afe_cal
04-20 20:05:24.161   806 13645 D ACDB-LOADER: ACDB -> ACDB_CMD_GET_AFE_COMMON_TABLE_SIZE
04-20 20:05:24.161   806 13645 D ACDB-LOADER: ACDB -> ACDB_CMD_GET_AFE_COMMON_TABLE
04-20 20:05:24.161   806 13645 D ACDB-LOADER: ACDB -> AUDIO_SET_AFE_CAL cal_type[17] acdb_id[102]
04-20 20:05:24.161   806 13645 D ACDB-LOADER: ACDB -> send_hw_delay : acdb_id = 102 path = 1
04-20 20:05:24.161   806 13645 D ACDB-LOADER: ACDB -> ACDB_AVSYNC_INFO: ACDB_CMD_GET_DEVICE_PROPERTY
04-20 20:05:24.161   806 13645 D audio_hw_primary: enable_snd_device: snd_device(158: vi-feedback)
04-20 20:05:24.161   806 13645 D audio_route: Apply path: vi-feedback
04-20 20:05:24.161   806 13645 D audio_hw_primary: enable_audio_route: usecase(26) apply and update mixer path: spkr-vi-record
04-20 20:05:24.161   806 13645 D audio_route: Apply path: spkr-vi-record
04-20 20:05:24.167  1741  1741 V SettingsProvider: Notifying for 0: content://settings/secure/reminder_exp_learning_time_elapsed
04-20 20:05:24.169  2309  2309 D StatusBar: disable<e i a s b h!r!c s > disable2<q i n >
04-20 20:05:24.186  2309  2309 D KeyguardUpdateMonitor: onKeyguardVisibilityChanged(false)
04-20 20:05:24.190  1741  1766 W UsageStatsService: Event reported without a package name, eventType:18
04-20 20:05:24.196   806 13645 D audio_hw_primary: enable_snd_device: snd_device(2: speaker)
04-20 20:05:24.196   806 13645 D audio_route: Apply path: speaker
04-20 20:05:24.197   806 13645 V msm8974_platform: platform_get_snd_device_backend_index: enter with device 2
04-20 20:05:24.197   806 13645 V msm8974_platform: platform_get_backend_index:napb: backend port - 0 device - 2 
04-20 20:05:24.197   806 13645 I audio_hw_utils: Set Audio Stream 12 App Type Cfg: app_type 69936, acdb_dev_id 14, sample_rate 48000, snd_device_be_idx 2
04-20 20:05:24.197   806 13645 D audio_hw_primary: enable_audio_route: usecase(1) apply and update mixer path: low-latency-playback speaker
04-20 20:05:24.197   806 13645 D audio_route: Apply path: low-latency-playback speaker
04-20 20:05:24.197   806  1559 D MotSpeakerHelper: Speaker ON: volume 0.500000 (step 12), usecase SAFE
04-20 20:05:24.198   803  1646 W qti_sensors_hal: reportSingleEvent: NearBy 0, pData 1320,  highThd 2014
04-20 20:05:24.199  3454  3454 I GsaVoiceInteractionSrv: O received Intent { act=android.intent.action.USER_PRESENT flg=0x24200010 }
04-20 20:05:24.199  1741  1773 W BroadcastQueue: Background execution not allowed: receiving Intent { act=android.intent.action.USER_PRESENT flg=0x24200010 } to com.android.chrome/org.chromium.chrome.browser.sharing.click_to_call.ClickToCallMessageHandler$PhoneUnlockedReceiver
04-20 20:05:24.199  1741  1773 W BroadcastQueue: Background execution not allowed: receiving Intent { act=android.intent.action.USER_PRESENT flg=0x24200010 } to com.google.android.gms/.auth.setup.devicesignals.LockScreenReceiver
04-20 20:05:24.199  1741  1773 W BroadcastQueue: Background execution not allowed: receiving Intent { act=android.intent.action.USER_PRESENT flg=0x24200010 } to com.google.android.gms/.chimera.GmsIntentOperationService$PersistentTrustedReceiver
04-20 20:05:24.199 22048 22048 D CmdCenter: - RowBuilder2: setUseWhiteRes useOrNot = true
04-20 20:05:24.199  1741  5262 V WindowManager: Changing focus from Window{2decc30 u0 StatusBar} to Window{cfd51fd u0 com.google.location.nearby.apps.connectedcrossroad/nx.aodv.eval.MainActivity} displayId=0
04-20 20:05:24.201 22048 22048 D CmdCenter: - RowWidgetUpdater2: the Min widget of widget[2] is 213
04-20 20:05:24.202 22048 22048 D CmdCenter: - RowWidgetUpdater2: 2cellWidth = 180 column is 3
04-20 20:05:24.202 22048 22048 D CmdCenter: - RowBuilder2: useWhiteRes=true -is 18-9?=true cellX= 3 grid=5
04-20 20:05:24.202  2309  2309 W View    : requestLayout() improperly called by com.android.systemui.statusbar.HeadsUpStatusBarView{7a4e36e I.E...... ......ID 0,0-248,56 #7f0a01f7 app:id/heads_up_status_bar_view} during layout: running second layout pass
04-20 20:05:24.226   806 13645 D audio_hw_primary: out_write: retry previous failed cal level set
04-20 20:05:24.232  2291  2608 I chatty  : uid=1002(bluetooth) btu message loo expire 25 lines
04-20 20:05:24.244   722   722 D Zygote  : Forked child process 28335
04-20 20:05:24.248  1741  1774 I ActivityManager: Start proc 28335:com.android.providers.calendar/u0a59 for content provider {com.android.providers.calendar/com.android.providers.calendar.CalendarProvider2}
04-20 20:05:24.275 28335 28335 E viders.calenda: Not starting debugger since process cannot load the jdwp agent.
04-20 20:05:24.284 17470 17527 I MicroDataManager: isInitializing-false locale not changed-true model not changed-true
04-20 20:05:24.293 17470 17527 I MicroDetectionState: Should stop hotword detection immediately - false
04-20 20:05:24.327  1741  6001 I WindowManager:   SURFACE SIZE set 720x56 on display:0: StatusBar
04-20 20:05:24.346 28335 28335 I CalendarProvider2: Created com.android.providers.calendar.CalendarAlarmManager@3a5121b(com.android.providers.calendar.CalendarProvider2@4af1fb8)
04-20 20:05:24.349  2309  2309 W View    : requestLayout() improperly called by com.android.systemui.statusbar.HeadsUpStatusBarView{7a4e36e I.E...... ......ID 0,0-248,56 #7f0a01f7 app:id/heads_up_status_bar_view} during layout: running second layout pass
04-20 20:05:24.352  1741 11121 W Binder  : Outgoing transactions from this process must be FLAG_ONEWAY
04-20 20:05:24.352  1741 11121 W Binder  : java.lang.Throwable
04-20 20:05:24.352  1741 11121 W Binder  : 	at android.os.BinderProxy.transact(BinderProxy.java:481)
04-20 20:05:24.352  1741 11121 W Binder  : 	at android.content.ContentProviderProxy.getType(ContentProviderNative.java:456)
04-20 20:05:24.352  1741 11121 W Binder  : 	at com.android.server.am.ActivityManagerService.getProviderMimeType(ActivityManagerService.java:8163)
04-20 20:05:24.352  1741 11121 W Binder  : 	at android.app.IActivityManager$Stub.onTransact(IActivityManager.java:3340)
04-20 20:05:24.352  1741 11121 W Binder  : 	at com.android.server.am.ActivityManagerService.onTransact(ActivityManagerService.java:3092)
04-20 20:05:24.352  1741 11121 W Binder  : 	at android.os.Binder.execTransactInternal(Binder.java:1036)
04-20 20:05:24.352  1741 11121 W Binder  : 	at android.os.Binder.execTransact(Binder.java:1003)
04-20 20:05:24.373 22048 22048 D CmdCenter: - RowWeatherInitializer: Utils.getWeatherInfo return null.
04-20 20:05:24.377 22048 22048 D CmdCenter: - RowWidgetUpdater2: ->config = {1.0 ?mcc?mnc [en_US] ldltr sw411dp w411dp h812dp 280dpi nrml long port finger -keyb/v/h -nav/h winConfig={ mBounds=Rect(0, 0 - 720, 1520) mAppBounds=Rect(0, 56 - 720, 1478) mWindowingMode=fullscreen mDisplayWindowingMode=fullscreen mActivityType=undefined mAlwaysOnTop=undefined mRotation=ROTATION_0} s.49 ?spn ?gid}
04-20 20:05:24.377 22048 22048 D CmdCenter: - RowWidgetUpdater2: ->config debug_dimens = 54
04-20 20:05:24.472   865  1219 D APM_AudioPolicyManager: stopOutput() output 13, stream 1, session 97
04-20 20:05:25.554  7312  7312 D MCLOG   : [MC_Service] onStartcommand()
04-20 20:05:25.656   721  2360 I netd    : trafficSwapActiveStatsMap() <42.10ms>
04-20 20:05:25.661   721  2360 I netd    : tetherGetStats() <3.11ms>
04-20 20:05:25.724   721  2360 I netd    : trafficSwapActiveStatsMap() <42.24ms>
04-20 20:05:25.730   721  2360 I netd    : tetherGetStats() <3.40ms>
04-20 20:05:25.779  3275 28365 E MCINTLOG: [MC_BattStatsFactory] Adding uid 0
04-20 20:05:25.780  3275 28365 E MCINTLOG: [MC_BattStatsFactory] Adding uid 1000
04-20 20:05:25.780  3275 28365 E MCINTLOG: [MC_BattStatsFactory] Adding uid 1001
04-20 20:05:25.780  3275 28365 E MCINTLOG: [MC_BattStatsFactory] Adding uid 1002
04-20 20:05:25.780  3275 28365 E MCINTLOG: [MC_BattStatsFactory] Adding uid 1007
04-20 20:05:25.780  3275 28365 E MCINTLOG: [MC_BattStatsFactory] Adding uid 1010
04-20 20:05:25.780  3275 28365 E MCINTLOG: [MC_BattStatsFactory] Adding uid 1013
04-20 20:05:25.780  3275 28365 E MCINTLOG: [MC_BattStatsFactory] Adding uid 1020
04-20 20:05:25.780  3275 28365 E MCINTLOG: [MC_BattStatsFactory] Adding uid 1021
04-20 20:05:25.780  3275 28365 E MCINTLOG: [MC_BattStatsFactory] Adding uid 1036
04-20 20:05:25.780  3275 28365 E MCINTLOG: [MC_BattStatsFactory] Adding uid 1040
04-20 20:05:25.780  3275 28365 E MCINTLOG: [MC_BattStatsFactory] Adding uid 1041
04-20 20:05:25.780  3275 28365 E MCINTLOG: [MC_BattStatsFactory] Adding uid 1046
04-20 20:05:25.780  3275 28365 E MCINTLOG: [MC_BattStatsFactory] Adding uid 1047
04-20 20:05:25.780  3275 28365 E MCINTLOG: [MC_BattStatsFactory] Adding uid 1051
04-20 20:05:25.780  3275 28365 E MCINTLOG: [MC_BattStatsFactory] Adding uid 1053
04-20 20:05:25.780  3275 28365 E MCINTLOG: [MC_BattStatsFactory] Adding uid 1066
04-20 20:05:25.780  3275 28365 E MCINTLOG: [MC_BattStatsFactory] Adding uid 1068
04-20 20:05:25.780  3275 28365 E MCINTLOG: [MC_BattStatsFactory] Adding uid 1069
04-20 20:05:25.780  3275 28365 E MCINTLOG: [MC_BattStatsFactory] Adding uid 1072
04-20 20:05:25.781  3275 28365 E MCINTLOG: [MC_BattStatsFactory] Adding uid 2000
04-20 20:05:25.781  3275 28365 E MCINTLOG: [MC_BattStatsFactory] Adding uid 2903
04-20 20:05:25.781  3275 28365 E MCINTLOG: [MC_BattStatsFactory] Adding uid 2906
04-20 20:05:25.781  3275 28365 E MCINTLOG: [MC_BattStatsFactory] Adding uid 5101
04-20 20:05:25.781  3275 28365 E MCINTLOG: [MC_BattStatsFactory] Adding uid 9999
04-20 20:05:25.781  3275 28365 E MCINTLOG: [MC_BattStatsFactory] Adding uid 10051
04-20 20:05:25.781  3275 28365 E MCINTLOG: [MC_BattStatsFactory] Adding uid 10053
04-20 20:05:25.781  3275 28365 E MCINTLOG: [MC_BattStatsFactory] Adding uid 10055
04-20 20:05:25.781  3275 28365 E MCINTLOG: [MC_BattStatsFactory] Adding uid 10059
04-20 20:05:25.781  3275 28365 E MCINTLOG: [MC_BattStatsFactory] Adding uid 10066
04-20 20:05:25.781  3275 28365 E MCINTLOG: [MC_BattStatsFactory] Adding uid 10069
04-20 20:05:25.781  3275 28365 E MCINTLOG: [MC_BattStatsFactory] Adding uid 10073
04-20 20:05:25.781  3275 28365 E MCINTLOG: [MC_BattStatsFactory] Adding uid 10074
04-20 20:05:25.781  3275 28365 E MCINTLOG: [MC_BattStatsFactory] Adding uid 10095
04-20 20:05:25.781  3275 28365 E MCINTLOG: [MC_BattStatsFactory] Adding uid 10106
04-20 20:05:25.781  3275 28365 E MCINTLOG: [MC_BattStatsFactory] Adding uid 10107
04-20 20:05:25.781  3275 28365 E MCINTLOG: [MC_BattStatsFactory] Adding uid 10109
04-20 20:05:25.781  3275 28365 E MCINTLOG: [MC_BattStatsFactory] Adding uid 10112
04-20 20:05:25.781  3275 28365 E MCINTLOG: [MC_BattStatsFactory] Adding uid 10120
04-20 20:05:25.781  3275 28365 E MCINTLOG: [MC_BattStatsFactory] Adding uid 10123
04-20 20:05:25.781  3275 28365 E MCINTLOG: [MC_BattStatsFactory] Adding uid 10124
04-20 20:05:25.781  3275 28365 E MCINTLOG: [MC_BattStatsFactory] Adding uid 10130
04-20 20:05:25.781  3275 28365 E MCINTLOG: [MC_BattStatsFactory] Adding uid 10131
04-20 20:05:25.781  3275 28365 E MCINTLOG: [MC_BattStatsFactory] Adding uid 10133
04-20 20:05:25.781  3275 28365 E MCINTLOG: [MC_BattStatsFactory] Adding uid 10140
04-20 20:05:25.781  3275 28365 E MCINTLOG: [MC_BattStatsFactory] Adding uid 10143
04-20 20:05:25.781  3275 28365 E MCINTLOG: [MC_BattStatsFactory] Adding uid 10152
04-20 20:05:25.781  3275 28365 E MCINTLOG: [MC_BattStatsFactory] Adding uid 10154
04-20 20:05:25.782  3275 28365 E MCINTLOG: [MC_BattStatsFactory] Adding uid 10156
04-20 20:05:25.782  3275 28365 E MCINTLOG: [MC_BattStatsFactory] Adding uid 10158
04-20 20:05:25.782  3275 28365 E MCINTLOG: [MC_BattStatsFactory] Adding uid 10159
04-20 20:05:25.782  3275 28365 E MCINTLOG: [MC_BattStatsFactory] Adding uid 10165
04-20 20:05:25.783  3275 28365 E MCINTLOG: [MC_BattStatsFactory] Adding uid 10167
04-20 20:05:25.783  3275 28365 E MCINTLOG: [MC_BattStatsFactory] Adding uid 10168
04-20 20:05:25.783  3275 28365 E MCINTLOG: [MC_BattStatsFactory] Adding uid 10177
04-20 20:05:25.783  3275 28365 E MCINTLOG: [MC_BattStatsFactory] Adding uid 10182
04-20 20:05:25.783  3275 28365 E MCINTLOG: [MC_BattStatsFactory] Adding uid 10183
04-20 20:05:25.783  3275 28365 E MCINTLOG: [MC_BattStatsFactory] Adding uid 10192
04-20 20:05:25.784  3275 28365 E MCINTLOG: [MC_BattStatsFactory] Adding uid 10193
04-20 20:05:25.784  3275 28365 E MCINTLOG: [MC_BattStatsFactory] Adding uid 10198
04-20 20:05:25.784  3275 28365 E MCINTLOG: [MC_BattStatsFactory] Adding uid 10200
04-20 20:05:25.784  3275 28365 E MCINTLOG: [MC_BattStatsFactory] Adding uid 10205
04-20 20:05:25.784  3275 28365 E MCINTLOG: [MC_BattStatsFactory] Adding uid 10208
04-20 20:05:25.784  3275 28365 E MCINTLOG: [MC_BattStatsFactory] Adding uid 10209
