04-20 20:18:20.239 26114 26193 D StrictMode: 	at android.content.ContentProviderNative.onTransact(ContentProviderNative.java:113)
04-20 20:18:20.239 26114 26193 D StrictMode: 	at android.os.Binder.execTransactInternal(Binder.java:1036)
04-20 20:18:20.239 26114 26193 D StrictMode: 	at android.os.Binder.execTransact(Binder.java:1003)
04-20 20:18:20.239 26114 26193 D StrictMode: # via Binder call with stack:
04-20 20:18:20.239 26114 26193 D StrictMode: 	at android.os.StrictMode.readAndHandleBinderCallViolations(StrictMode.java:2289)
04-20 20:18:20.239 26114 26193 D StrictMode: 	at android.os.Parcel.readExceptionCode(Parcel.java:2017)
04-20 20:18:20.239 26114 26193 D StrictMode: 	at android.database.DatabaseUtils.readExceptionFromParcel(DatabaseUtils.java:137)
04-20 20:18:20.239 26114 26193 D StrictMode: 	at android.content.ContentProviderProxy.query(ContentProviderNative.java:423)
04-20 20:18:20.239 26114 26193 D StrictMode: 	at android.content.ContentResolver.query(ContentResolver.java:944)
04-20 20:18:20.239 26114 26193 D StrictMode: 	at android.content.ContentResolver.query(ContentResolver.java:880)
04-20 20:18:20.239 26114 26193 D StrictMode: 	at android.content.ContentResolver.query(ContentResolver.java:836)
04-20 20:18:20.239 26114 26193 D StrictMode: 	at com.google.android.g.c.a(SourceFile:15)
04-20 20:18:20.239 26114 26193 D StrictMode: 	at com.google.android.apps.gsa.search.core.google.bb.a(SourceFile:7)
04-20 20:18:20.239 26114 26193 D StrictMode: 	at com.google.android.apps.gsa.search.core.google.bb.d(SourceFile:3)
04-20 20:18:20.239 26114 26193 D StrictMode: 	at com.google.android.apps.gsa.search.core.google.bl.a(SourceFile:7)
04-20 20:18:20.239 26114 26193 D StrictMode: 	at com.google.android.apps.gsa.search.core.google.bl.a(SourceFile:20)
04-20 20:18:20.239 26114 26193 D StrictMode: 	at com.google.android.apps.gsa.search.core.google.bk.a(SourceFile:2)
04-20 20:18:20.239 26114 26193 D StrictMode: 	at com.google.android.apps.gsa.search.core.t.k.a.k.a(SourceFile:2)
04-20 20:18:20.239 26114 26193 D StrictMode: 	at com.google.android.apps.gsa.search.core.t.k.a.v.b(SourceFile:7)
04-20 20:18:20.239 26114 26193 D StrictMode: 	at c.d.a.h.a(SourceFile:4)
04-20 20:18:20.239 26114 26193 D StrictMode: 	at com.google.common.v.a.f.a(SourceFile:3)
04-20 20:18:20.239 26114 26193 D StrictMode: 	at com.google.common.v.a.h.run(SourceFile:22)
04-20 20:18:20.239 26114 26193 D StrictMode: 	at com.google.common.v.a.cp.run(SourceFile:2)
04-20 20:18:20.239 26114 26193 D StrictMode: 	at com.google.bv.h.a.q.run(SourceFile:4)
04-20 20:18:20.239 26114 26193 D StrictMode: 	at com.google.apps.tiktok.concurrent.au.run(SourceFile:2)
04-20 20:18:20.239 26114 26193 D StrictMode: 	at java.util.concurrent.ThreadPoolExecutor.runWorker(ThreadPoolExecutor.java:1167)
04-20 20:18:20.239 26114 26193 D StrictMode: 	at java.util.concurrent.ThreadPoolExecutor$Worker.run(ThreadPoolExecutor.java:641)
04-20 20:18:20.239 26114 26193 D StrictMode: 	at com.google.apps.tiktok.concurrent.f.run(SourceFile:4)
04-20 20:18:20.239 26114 26193 D StrictMode: 	at java.lang.Thread.run(Thread.java:919)
04-20 20:18:20.271 26114 26186 W MediaPlayer: Use of stream types is deprecated for operations other than volume control
04-20 20:18:20.271 26114 26186 W MediaPlayer: See the documentation of setAudioStreamType() for what to use instead with android.media.AudioAttributes to qualify your playback use case
04-20 20:18:20.282  2290  2711 I chatty  : uid=1002(bluetooth) BluetoothAvrcpH expire 34 lines
04-20 20:18:20.299 26114  4832 E CarrierParamsFiller: Failed to fetch carrier plan information
04-20 20:18:20.299 26114  4832 E CarrierParamsFiller: java.util.concurrent.TimeoutException
04-20 20:18:20.299 26114  4832 E CarrierParamsFiller: 	at com.google.android.apps.gsa.shared.util.c.x.run(SourceFile:2)
04-20 20:18:20.299 26114  4832 E CarrierParamsFiller: 	at com.google.android.libraries.gsa.l.a.k.run(SourceFile:2)
04-20 20:18:20.299 26114  4832 E CarrierParamsFiller: 	at com.google.android.apps.gsa.shared.util.c.a.bx.a(SourceFile:3)
04-20 20:18:20.299 26114  4832 E CarrierParamsFiller: 	at com.google.android.apps.gsa.shared.util.c.a.ca.run(SourceFile:2)
04-20 20:18:20.299 26114  4832 E CarrierParamsFiller: 	at java.util.concurrent.Executors$RunnableAdapter.call(Executors.java:462)
04-20 20:18:20.299 26114  4832 E CarrierParamsFiller: 	at java.util.concurrent.FutureTask.run(FutureTask.java:266)
04-20 20:18:20.299 26114  4832 E CarrierParamsFiller: 	at com.google.apps.tiktok.concurrent.an.run(SourceFile:1)
04-20 20:18:20.299 26114  4832 E CarrierParamsFiller: 	at java.util.concurrent.ThreadPoolExecutor.runWorker(ThreadPoolExecutor.java:1167)
04-20 20:18:20.299 26114  4832 E CarrierParamsFiller: 	at java.util.concurrent.ThreadPoolExecutor$Worker.run(ThreadPoolExecutor.java:641)
04-20 20:18:20.299 26114  4832 E CarrierParamsFiller: 	at com.google.apps.tiktok.concurrent.f.run(SourceFile:4)
04-20 20:18:20.299 26114  4832 E CarrierParamsFiller: 	at java.lang.Thread.run(Thread.java:919)
04-20 20:18:20.354  4921  4921 I TTS.Analytics: Running on TYPE_PHONE
04-20 20:18:20.399  4921  4921 W PrimesInit: Primes instant initialization
04-20 20:18:20.400  4921  4965 W Primes  : background initialization
04-20 20:18:20.433  1743  1743 W WindowManager: removeWindowToken: Attempted to remove non-existing token: android.os.Binder@ccc6f30
04-20 20:18:20.438  4921  4921 I TTS.VoiceDataDownloader: fetchVoiceInternal en-us
04-20 20:18:20.440  4921  4967 I TTS.VoiceDataDownloader: Not already initialized. Initializing Superpacks.
04-20 20:18:20.449  4921  4921 I TTS.GoogleTTSService: Creating Google TTS service, version 3.20.6.280280128
04-20 20:18:20.459  4921  4967 D NetworkSecurityConfig: No Network Security Config specified, using platform default
04-20 20:18:20.488   720  1295 D NetdFwmarkServer: Cmd 2: 100, 10122: UserP=3, fwmark=F0064
04-20 20:18:20.489   720  1295 D NetdFwmarkServer: Cmd 1: 0, 10122: UserP=3, fwmark=F0064
04-20 20:18:20.489  4921  4967 I TTS.VoiceDataDownloader: Superpack object built.
04-20 20:18:20.489   720  1295 D NetdFwmarkServer: Cmd 6: 0, 10122: UserP=3, fwmark=F0064
04-20 20:18:20.490  4921  4967 I TTS.VoiceDataDownloader: Superpack slicing strategy registered
04-20 20:18:20.493  4921  4967 I TTS.VoiceDataDownloader: Superpack quota set for all voices.
04-20 20:18:20.498  4921  4967 I TTS.VoiceDataDownloader: Got bundled voice en-us-x-sfg-r12
04-20 20:18:20.514  4921  4921 I TTS.VoiceGenerator: Get absoluteFilePath null
04-20 20:18:20.523  4921  4921 I chatty  : uid=10171(com.google.android.tts) identical 28 lines
04-20 20:18:20.524  4921  4921 I TTS.VoiceGenerator: Get absoluteFilePath null
04-20 20:18:20.526 26114  4951 I WebViewFactory: Loading com.google.android.webview version 90.0.4430.66 (code 443006630)
04-20 20:18:20.529  4921  4921 I TTS.VoiceGenerator: Get absoluteFilePath null
04-20 20:18:20.534  4921  4921 I TTS.VoiceGenerator: Get absoluteFilePath null
04-20 20:18:20.547  4921  4921 I TTS.VoiceDataDownloader: voicesToFetch en-us
04-20 20:18:20.552  4921  4921 I TTS.VoiceDataDownloader: fetchVoiceInternal en-us
04-20 20:18:20.553  4921  4921 W TTS.Dispatcher: No local or network voice found, failing dispatch
04-20 20:18:20.570 26114 26114 I TextToSpeech: Connected to ComponentInfo{com.google.android.tts/com.google.android.tts.service.GoogleTTSService}
04-20 20:18:20.571 26114 26114 I TextToSpeech: Connected to ComponentInfo{com.google.android.tts/com.google.android.tts.service.GoogleTTSService}
04-20 20:18:20.576  4921  4971 I SP      : Registering ttsvoices.205, url: null, constraints: *:*, flags: *, requested: 205, current: 205
04-20 20:18:20.603  4921  4944 I TTS.GoogleTTSServiceImp: For default lang en-us is name en-US-language (en-us-x-hol-server)
04-20 20:18:20.603 26114  4973 I TextToSpeech: Set up connection to ComponentInfo{com.google.android.tts/com.google.android.tts.service.GoogleTTSService}
04-20 20:18:20.620  4921  4944 I TTS.GoogleTTSServiceImp: For default lang en-us is name en-US-language (en-us-x-hol-server)
04-20 20:18:20.620 26114  4974 I TextToSpeech: Set up connection to ComponentInfo{com.google.android.tts/com.google.android.tts.service.GoogleTTSService}
04-20 20:18:20.632  4921  4967 I TTS.VoiceDataDownloader: Initialization success: true
04-20 20:18:20.633  4921  4967 I TTS.GoogleTTSApplicatio: VoiceDataDownloader initialized success true
04-20 20:18:20.633  4921  4967 I TTS.VoiceDataDownloader: Superpacks created and default voices checked.
04-20 20:18:20.636 26114 26114 I cr_LibraryLoader: Loaded native library version number "90.0.4430.66"
04-20 20:18:20.637 26114 26114 I cr_CachingUmaRecorder: Flushed 4 samples from 4 histograms.
04-20 20:18:20.644  4921  4967 I TTS.VoiceDataDownloader: Superpacks created and default voices checked.
04-20 20:18:20.644  4921  4967 I TTS.VoiceDataDownloader: Download of en-us started.
04-20 20:18:20.645  4921  4967 I TTS.VoiceDataManager: Delete the old data directory successfully.
04-20 20:18:20.645  4921  4967 I TTS.VoiceDataManager: start to download voice en-us
04-20 20:18:20.645  4921  4967 I TTS.VoiceDataDownloader: Download of en-us started.
04-20 20:18:20.646  4921  4967 I TTS.VoiceDataDownloader: Registered slicing strategy for en-us
04-20 20:18:20.647  4921  4967 I TTS.VoiceDataDownloader: Getting pack name en-us-x-sfg-r12
04-20 20:18:20.647  4921  4967 I TTS.VoiceDataDownloader: Adding pack en-us-x-sfg-r12 to superpack.
04-20 20:18:20.648  4921  4967 I TTS.VoiceDataDownloader: Getting pack name en-us-x-hol-r12
04-20 20:18:20.649  4921  4967 I TTS.VoiceDataDownloader: Adding pack en-us-x-hol-r12 to superpack.
04-20 20:18:20.649  4921  4967 I TTS.VoiceDataDownloader: Getting pack name en-us-x-hol-wavernn-r12
04-20 20:18:20.650  4921  4967 I TTS.VoiceDataDownloader: Adding pack en-us-x-hol-wavernn-r12 to superpack.
04-20 20:18:20.650  4921  4967 I TTS.VoiceDataDownloader: Getting pack name en-us-x-jmp-r12
04-20 20:18:20.650  4921  4967 I TTS.VoiceDataDownloader: Adding pack en-us-x-jmp-r12 to superpack.
04-20 20:18:20.650  4921  4967 I TTS.VoiceDataDownloader: Getting pack name en-us-x-jmp-wavernn-r12
04-20 20:18:20.651  4921  4967 I TTS.VoiceDataDownloader: Adding pack en-us-x-jmp-wavernn-r12 to superpack.
04-20 20:18:20.651  4921  4967 I TTS.VoiceDataDownloader: Getting pack name en-us-x-iod-r12
04-20 20:18:20.651  4921  4967 I TTS.VoiceDataDownloader: Adding pack en-us-x-iod-r12 to superpack.
04-20 20:18:20.652  4921  4967 I TTS.VoiceDataDownloader: Getting pack name en-us-x-iof-r12
04-20 20:18:20.652  4921  4967 I TTS.VoiceDataDownloader: Adding pack en-us-x-iof-r12 to superpack.
04-20 20:18:20.652  4921  4967 I TTS.VoiceDataDownloader: Getting pack name en-us-x-ioh-r12
04-20 20:18:20.652  4921  4967 I TTS.VoiceDataDownloader: Adding pack en-us-x-ioh-r12 to superpack.
04-20 20:18:20.653  4921  4967 I TTS.VoiceDataDownloader: Getting pack name en-us-x-ioj-r12
04-20 20:18:20.653  4921  4967 I TTS.VoiceDataDownloader: Adding pack en-us-x-ioj-r12 to superpack.
04-20 20:18:20.653  4921  4967 I TTS.VoiceDataDownloader: Getting pack name en-us-x-tme-r12
04-20 20:18:20.653  4921  4967 I TTS.VoiceDataDownloader: Adding pack en-us-x-tme-r12 to superpack.
04-20 20:18:20.653  4921  4967 I TTS.VoiceDataDownloader: Getting pack name en-us-x-tpd-r12
04-20 20:18:20.654  4921  4967 I TTS.VoiceDataDownloader: Adding pack en-us-x-tpd-r12 to superpack.
04-20 20:18:20.654  4921  4967 I TTS.VoiceDataDownloader: Getting pack name en-us-x-afh-r12
04-20 20:18:20.654  4921  4967 I TTS.VoiceDataDownloader: Adding pack en-us-x-afh-r12 to superpack.
04-20 20:18:20.654  4921  4967 I TTS.VoiceDataDownloader: Getting pack name en-us-x-fis-r12
04-20 20:18:20.654  4921  4967 I TTS.VoiceDataDownloader: Adding pack en-us-x-fis-r12 to superpack.
04-20 20:18:20.655  4921  4967 I TTS.VoiceDataDownloader: Registered slicing strategy for en-us
04-20 20:18:20.655  4921  4967 I TTS.VoiceDataDownloader: Getting pack name en-us-x-sfg-r12
04-20 20:18:20.656  4921  4967 I TTS.VoiceDataDownloader: Adding pack en-us-x-sfg-r12 to superpack.
04-20 20:18:20.656  4921  4967 I TTS.VoiceDataDownloader: Getting pack name en-us-x-hol-r12
04-20 20:18:20.657  4921  4967 I TTS.VoiceDataDownloader: Adding pack en-us-x-hol-r12 to superpack.
04-20 20:18:20.658  4921  4967 I TTS.VoiceDataDownloader: Getting pack name en-us-x-hol-wavernn-r12
04-20 20:18:20.659  4921  4967 I TTS.VoiceDataDownloader: Adding pack en-us-x-hol-wavernn-r12 to superpack.
04-20 20:18:20.659   721   721 D Zygote  : Forked child process 4981
04-20 20:18:20.659  4921  4967 I TTS.VoiceDataDownloader: Getting pack name en-us-x-jmp-r12
04-20 20:18:20.660  4921  4967 I TTS.VoiceDataDownloader: Adding pack en-us-x-jmp-r12 to superpack.
04-20 20:18:20.660  4921  4967 I TTS.VoiceDataDownloader: Getting pack name en-us-x-jmp-wavernn-r12
04-20 20:18:20.661  4921  4967 I TTS.VoiceDataDownloader: Adding pack en-us-x-jmp-wavernn-r12 to superpack.
04-20 20:18:20.661  4921  4967 I TTS.VoiceDataDownloader: Getting pack name en-us-x-iod-r12
04-20 20:18:20.662  4921  4967 I TTS.VoiceDataDownloader: Adding pack en-us-x-iod-r12 to superpack.
04-20 20:18:20.663  4921  4967 I TTS.VoiceDataDownloader: Getting pack name en-us-x-iof-r12
04-20 20:18:20.663  4921  4967 I TTS.VoiceDataDownloader: Adding pack en-us-x-iof-r12 to superpack.
04-20 20:18:20.664  4921  4967 I TTS.VoiceDataDownloader: Getting pack name en-us-x-ioh-r12
04-20 20:18:20.664  4921  4967 I TTS.VoiceDataDownloader: Adding pack en-us-x-ioh-r12 to superpack.
04-20 20:18:20.665  4921  4967 I TTS.VoiceDataDownloader: Getting pack name en-us-x-ioj-r12
04-20 20:18:20.665  4921  4967 I TTS.VoiceDataDownloader: Adding pack en-us-x-ioj-r12 to superpack.
04-20 20:18:20.666  4921  4967 I TTS.VoiceDataDownloader: Getting pack name en-us-x-tme-r12
04-20 20:18:20.666  1743  1773 I ActivityManager: Start proc 4981:com.google.android.webview:webview_service/u0a172 for service {com.google.android.webview/org.chromium.android_webview.services.VariationsSeedServer}
04-20 20:18:20.666  4921  4967 I TTS.VoiceDataDownloader: Adding pack en-us-x-tme-r12 to superpack.
04-20 20:18:20.667  4921  4967 I TTS.VoiceDataDownloader: Getting pack name en-us-x-tpd-r12
04-20 20:18:20.667  4921  4967 I TTS.VoiceDataDownloader: Adding pack en-us-x-tpd-r12 to superpack.
04-20 20:18:20.668  4921  4967 I TTS.VoiceDataDownloader: Getting pack name en-us-x-afh-r12
04-20 20:18:20.668  4921  4967 I TTS.VoiceDataDownloader: Adding pack en-us-x-afh-r12 to superpack.
04-20 20:18:20.668  4921  4967 I TTS.VoiceDataDownloader: Getting pack name en-us-x-fis-r12
04-20 20:18:20.670  4921  4967 I TTS.VoiceDataDownloader: Adding pack en-us-x-fis-r12 to superpack.
04-20 20:18:20.670  4921  4967 I TTS.VoiceDataDownloader: Syncing superpack en-us
04-20 20:18:20.671  4921  4967 I TTS.VoiceDataDownloader: Syncing superpack en-us
04-20 20:18:20.673  4921  4971 I SP      : Registering en-us.12, url: null, constraints: *:*, flags: *, requested: 12, current: 12
04-20 20:18:20.680  4921  4971 I SP      : Registering en-us.12, url: null, constraints: *:*, flags: *, requested: 12, current: 12
04-20 20:18:20.681   721   721 D Zygote  : Forked child process 4992
04-20 20:18:20.689  4981  4981 E webview_servic: Not starting debugger since process cannot load the jdwp agent.
04-20 20:18:20.692  1743  1773 I chatty  : uid=1000(system) ActivityManager expire 1 line
04-20 20:18:20.697  4992  4992 I WebViewZygoteInit: Starting WebViewZygoteInit
04-20 20:18:20.711  4921  4971 I SP      : Syncing en-us (12) with slices: [{en-us-x-sfg-r12, m:*}, {en-us-x-hol-r12, m:*}, {en-us-x-jmp-r12, m:*}, {en-us-x-iod-r12, m:*}, {en-us-x-iof-r12, m:*}, {en-us-x-ioh-r12, m:*}, {en-us-x-ioj-r12, m:*}, {en-us-x-tme-r12, m:*}, {en-us-x-tpd-r12, m:*}, {en-us-x-afh-r12, m:*}, {en-us-x-fis-r12, m:*}], metadata: false
04-20 20:18:20.734  4921  4971 I SP      : Syncing en-us (12) with slices: [{en-us-x-sfg-r12, m:*}, {en-us-x-hol-r12, m:*}, {en-us-x-jmp-r12, m:*}, {en-us-x-iod-r12, m:*}, {en-us-x-iof-r12, m:*}, {en-us-x-ioh-r12, m:*}, {en-us-x-ioj-r12, m:*}, {en-us-x-tme-r12, m:*}, {en-us-x-tpd-r12, m:*}, {en-us-x-afh-r12, m:*}, {en-us-x-fis-r12, m:*}], metadata: false
04-20 20:18:20.787  4992  4992 I WebViewZygoteInit: Beginning application preload for com.google.android.webview
04-20 20:18:20.790  4992  4992 W webview_zygote: type=1400 audit(0.0:947): avc: denied { getattr } for uid=1053 path="/data/data/com.google.android.webview" dev="mmcblk0p61" ino=3297 scontext=u:r:webview_zygote:s0 tcontext=u:object_r:app_data_file:s0:c172,c256,c512,c768 tclass=dir permissive=0
04-20 20:18:20.793  4992  4992 I chatty  : uid=1053(webview_zygote) identical 2 lines
04-20 20:18:20.793  4992  4992 W webview_zygote: type=1400 audit(0.0:950): avc: denied { getattr } for uid=1053 path="/data/data/com.google.android.webview" dev="mmcblk0p61" ino=3297 scontext=u:r:webview_zygote:s0 tcontext=u:object_r:app_data_file:s0:c172,c256,c512,c768 tclass=dir permissive=0
04-20 20:18:20.830  4992  4992 I WebViewZygoteInit: Application preload done
04-20 20:18:20.859  4992  4992 D Zygote  : Forked child process 5028
04-20 20:18:20.867  1743  1773 I ActivityManager: Start proc 5028:com.google.android.webview:sandboxed_process0:org.chromium.content.app.SandboxedProcessService0:0/u0i1 for  {com.google.android.googlequicksearchbox/org.chromium.content.app.SandboxedProcessService0:0}
04-20 20:18:20.869  4981  4981 W webview_servic: JIT profile information will not be recorded: profile file does not exits.
04-20 20:18:20.892  5028  5028 E ocessService0:: Not starting debugger since process cannot load the jdwp agent.
04-20 20:18:20.911 26114  4832 W l       : Beginning load of ogg_opus_encoder...
04-20 20:18:20.946  5028  5028 I cr_ChildProcessService: Creating new ChildProcessService pid=5028
04-20 20:18:20.949 26114  4832 W l       : ogg_opus_encoder (null) was loaded normally!
04-20 20:18:20.962 26114  4832 W S3RequestUpdatesSchdlr: The discourse context does not have the future for: VOICE
04-20 20:18:20.963 26114  4832 E WalletClient: Account is null.
04-20 20:18:20.963 26114  2295 I g       : Config contains 2 correctly-specified clock apps.
04-20 20:18:20.965 26114  2295 I g       : 1 clock apps match version requirements.
04-20 20:18:20.965 26114 26173 W LocationOracle: No location history returned by ContextManager
04-20 20:18:20.966 26114  2295 I g       : Number of clock apps: 1
04-20 20:18:20.998 24895 24951 I chatty  : uid=10156(com.google.android.gms) highpool[3] expire 3 lines
04-20 20:18:21.002  4921  4971 I SP      : Requesting download of URL https://redirector.gvt1.com/edgedl/android/tts/v20/en-us/en-us-x-hol-r12.zvoice to en-us-x-hol-r12.zvoice.fetched (constraints: m:b)
04-20 20:18:21.004  4921  4971 I SP      : Requesting download of URL https://redirector.gvt1.com/edgedl/android/tts/v20/en-us/en-us-x-jmp-r12.zvoice to en-us-x-jmp-r12.zvoice.fetched (constraints: m:b)
04-20 20:18:21.005  4921  5059 D bpo     : Starting download: https://redirector.gvt1.com/edgedl/android/tts/v20/en-us/en-us-x-hol-r12.zvoice
04-20 20:18:21.015 24895 24930 I chatty  : uid=10156(com.google.android.gms) lowpool[2] expire 16 lines
04-20 20:18:21.018  4921  4971 I SP      : Requesting download of URL https://redirector.gvt1.com/edgedl/android/tts/v20/en-us/en-us-x-iod-r12.zvoice to en-us-x-iod-r12.zvoice.fetched (constraints: m:b)
04-20 20:18:21.019  4921  4971 I SP      : Requesting download of URL https://redirector.gvt1.com/edgedl/android/tts/v20/en-us/en-us-x-iof-r12.zvoice to en-us-x-iof-r12.zvoice.fetched (constraints: m:b)
04-20 20:18:21.019  4921  4971 I SP      : Requesting download of URL https://redirector.gvt1.com/edgedl/android/tts/v20/en-us/en-us-x-ioh-r12.zvoice to en-us-x-ioh-r12.zvoice.fetched (constraints: m:b)
04-20 20:18:21.020  4921  4971 I SP      : Requesting download of URL https://redirector.gvt1.com/edgedl/android/tts/v20/en-us/en-us-x-ioj-r12.zvoice to en-us-x-ioj-r12.zvoice.fetched (constraints: m:b)
04-20 20:18:21.021  4921  4971 I SP      : Requesting download of URL https://redirector.gvt1.com/edgedl/android/tts/v20/en-us/en-us-x-tme-r12.zvoice to en-us-x-tme-r12.zvoice.fetched (constraints: m:b)
04-20 20:18:21.021  4921  4971 I SP      : Requesting download of URL https://redirector.gvt1.com/edgedl/android/tts/v20/en-us/en-us-x-tpd-r12.zvoice to en-us-x-tpd-r12.zvoice.fetched (constraints: m:b)
04-20 20:18:21.022  4921  4971 I SP      : Requesting download of URL https://redirector.gvt1.com/edgedl/android/tts/v20/en-us/en-us-x-afh-r12.zvoice to en-us-x-afh-r12.zvoice.fetched (constraints: m:b)
04-20 20:18:21.023  4921  4971 I SP      : Requesting download of URL https://redirector.gvt1.com/edgedl/android/tts/v20/en-us/en-us-x-fis-r12.zvoice to en-us-x-fis-r12.zvoice.fetched (constraints: m:b)
04-20 20:18:21.024  4921  4971 I SP      : GC for 'en-us' (<bnf@1827166 number=10 name=POST_SYNC_GC>) with ttl of 0 ms took 1 ms (0/1/0)
04-20 20:18:21.029  4921  4967 E TTS.VoiceDataDownloader: Failed to download default voice
04-20 20:18:21.029  4921  4967 E TTS.VoiceDataDownloader: java.util.concurrent.CancellationException: Task was cancelled.
04-20 20:18:21.029  4921  4967 E TTS.VoiceDataDownloader: 	at cvx.b(PG:95)
04-20 20:18:21.029  4921  4967 E TTS.VoiceDataDownloader: 	at cvx.get(PG:77)
04-20 20:18:21.029  4921  4967 E TTS.VoiceDataDownloader: 	at cjf.b(PG:581)
04-20 20:18:21.029  4921  4967 E TTS.VoiceDataDownloader: 	at cjf.a(PG:562)
04-20 20:18:21.029  4921  4967 E TTS.VoiceDataDownloader: 	at cxo.run(PG:5)
04-20 20:18:21.029  4921  4967 E TTS.VoiceDataDownloader: 	at java.util.concurrent.ThreadPoolExecutor.runWorker(ThreadPoolExecutor.java:1167)
04-20 20:18:21.029  4921  4967 E TTS.VoiceDataDownloader: 	at java.util.concurrent.ThreadPoolExecutor$Worker.run(ThreadPoolExecutor.java:641)
04-20 20:18:21.029  4921  4967 E TTS.VoiceDataDownloader: 	at java.lang.Thread.run(Thread.java:919)
04-20 20:18:21.059  1743  3398 W AppOps  : Noting op not finished: uid 10156 pkg com.google.android.gms code 79 time=1618964300833 duration=-1
04-20 20:18:21.060   720  5062 E ResolverController: No valid NAT64 prefix (100, <unspecified>/0)
04-20 20:18:21.066   815   815 E LocSvc_APIClientBase: locAPIUpdateTrackingOptions:385] invalid session: 0.
04-20 20:18:21.066 26114 26114 W ZeroStateIntentUtil: #decodeZeroStateDeepLinkData(): base64EncodedString is null
04-20 20:18:21.067  1743 11968 W AppOps  : Noting op not finished: uid 10156 pkg com.google.android.gms code 79 time=1618964301059 duration=0
04-20 20:18:21.069  1743 11968 W AppOps  : Noting op not finished: uid 10156 pkg com.google.android.gms code 79 time=1618964301067 duration=0
04-20 20:18:21.088 26114  5057 E Search.IcingConnection: Got error status from query: Found no matching corpora for package
04-20 20:18:21.095 26114  2295 I g       : results is null for package: com.google.android.deskclock
04-20 20:18:21.095 26114  2295 I g       : Got null results from app com.google.android.deskclock
04-20 20:18:21.095 26114  2295 I ClockContextProtoHelper: starting updateWithAppIndexClockData: 1
04-20 20:18:21.100  1743  1762 I chatty  : uid=1000(system) android.fg expire 1 line
04-20 20:18:21.103 26114  2295 I ClockContextProtoHelper: found a null app indexing result.
04-20 20:18:21.104 26114  2295 I ClockContextProtoHelper: Got 0 alarm(s).
04-20 20:18:21.104 26114  2295 I ClockContextProtoHelper: Got 0 timer(s).
04-20 20:18:21.104 26114  2295 I ClockContextProtoHelper: Got 0 stopwatch(es).
04-20 20:18:21.531   804  1081 W qti_sensors_hal: processReportInd: lux: 20, ch0: 74, ch1: 14
04-20 20:18:21.664  1743  7056 I chatty  : uid=1000(system) Binder:1743_19 expire 1 line
04-20 20:18:21.767   720  1295 D NetdFwmarkServer: Cmd 2: 100, 10122: UserP=3, fwmark=F0064
04-20 20:18:21.767   720  1295 D NetdFwmarkServer: Cmd 1: 0, 10122: UserP=3, fwmark=F0064
04-20 20:18:21.767   720  1295 D NetdFwmarkServer: Cmd 6: 0, 10122: UserP=3, fwmark=F0064
04-20 20:18:21.867   720  5077 E ResolverController: No valid NAT64 prefix (100, <unspecified>/0)
04-20 20:18:22.152  4921  5059 D bpo     : Starting download: https://redirector.gvt1.com/edgedl/android/tts/v20/en-us/en-us-x-jmp-r12.zvoice
04-20 20:18:22.254   720  5079 E ResolverController: No valid NAT64 prefix (100, <unspecified>/0)
04-20 20:18:22.277   804  1081 W qti_sensors_hal: processReportInd: lux: 25, ch0: 91, ch1: 14
04-20 20:18:22.668  4921  5059 D bpo     : Starting download: https://redirector.gvt1.com/edgedl/android/tts/v20/en-us/en-us-x-iod-r12.zvoice
04-20 20:18:22.773   804  1081 W qti_sensors_hal: processReportInd: lux: 31, ch0: 114, ch1: 14
04-20 20:18:22.786  1743  1763 D WindowManager: powerPress: eventTime=4056188 interactive=true count=1 beganFromNonInteractive=false mShortPressOnPowerBehavior=1
04-20 20:18:22.787  1743  1763 I PowerManagerService: Going to sleep due to power_button (uid 1000)...
04-20 20:18:22.787  1743  1743 W UsageStatsService: Event reported without a package name, eventType:16
04-20 20:18:22.788  1743  1743 I WindowManager: Started going to sleep... (why=OFF_BECAUSE_OF_USER)
04-20 20:18:22.800   865  1260 D AF::TrackHandle: OpPlayAudio: track:67 usage:13 not muted
04-20 20:18:22.802  2308  2387 I AudioTrack: createTrack_l(9): AUDIO_OUTPUT_FLAG_FAST successful; frameCount 0 -> 10872
04-20 20:18:22.803   865  1260 D APM_AudioPolicyManager: startOutput() output 13, stream 1, session 209
04-20 20:18:22.804   807 13214 V msm8974_platform: platform_get_output_snd_device: enter: output devices(0x2)
04-20 20:18:22.804   807 13214 V msm8974_platform: platform_get_output_snd_device: exit: snd_device(speaker)
04-20 20:18:22.805   807 13214 V msm8974_platform: platform_get_backend_index:napb: backend port - 0 device - 2 
04-20 20:18:22.805   807 13214 V msm8974_platform: platform_check_and_set_playback_backend_cfg: usecase->stream.out->config.format (0)
04-20 20:18:22.805   807 13214 V msm8974_platform: platform_check_and_set_playback_backend_cfg:becf: afe: bitwidth 16, samplerate 48000 channels 2, backend_idx 0 usecase = 1 device (speaker)
04-20 20:18:22.805   807 13214 V msm8974_platform: platform_check_and_set_playback_backend_cfg: new_snd_devices[0] is 2
04-20 20:18:22.805   807 13214 V msm8974_platform: platform_get_backend_index:napb: backend port - 0 device - 2 
04-20 20:18:22.805   807 13214 V msm8974_platform: platform_check_playback_backend_cfg:becf: afe: bitwidth 16, samplerate 48000 channels 2, backend_idx 0 usecase = 1 device (speaker)
04-20 20:18:22.805   807 13214 V msm8974_platform: platform_check_playback_backend_cfg:becf: afe: Codec selected backend: 0 updated bit width: 16 andsample rate: 48000
04-20 20:18:22.805   807 13214 V msm8974_platform: platform_send_audio_calibration: sending audio calibration for snd_device(2) acdb_id(14)
04-20 20:18:22.805   807 13214 D ACDB-LOADER: ACDB -> send_audio_cal, acdb_id = 14, path = 0, app id = 0x11130, sample rate = 48000, afe_sample_rate = 48000
04-20 20:18:22.805   807 13214 D ACDB-LOADER: ACDB -> send_asm_topology
04-20 20:18:22.805   807 13214 D ACDB-LOADER: ACDB -> ACDB_CMD_GET_AUDPROC_STREAM_TOPOLOGY_ID
04-20 20:18:22.805   807 13214 D ACDB-LOADER: ACDB -> send_adm_topology
04-20 20:18:22.805   807 13214 D ACDB-LOADER: ACDB -> ACDB_CMD_GET_AUDPROC_COMMON_TOPOLOGY_ID
04-20 20:18:22.805   807 13214 D ACDB-LOADER: ACDB -> send_audtable
04-20 20:18:22.805   807 13214 D ACDB-LOADER: ACDB -> ACDB_CMD_GET_AUDPROC_COMMON_TABLE_SIZE
04-20 20:18:22.805   807 13214 D ACDB-LOADER: ACDB -> ACDB_CMD_GET_AUDPROC_COMMON_TABLE
04-20 20:18:22.805   807 13214 D ACDB-LOADER: ACDB -> AUDIO_SET_AUDPROC_CAL cal_type[11] acdb_id[14] app_type[69936]
04-20 20:18:22.805   807 13214 D ACDB-LOADER: ACDB -> send_audvoltable
04-20 20:18:22.805   807 13214 D ACDB-LOADER: ACDB -> ACDB_CMD_GET_AUDPROC_GAIN_DEP_STEP_TABLE_SIZE
04-20 20:18:22.805   807 13214 D ACDB-LOADER: ACDB -> ACDB_CMD_GET_AUDPROC_GAIN_DEP_STEP_TABLE, vol index 0
04-20 20:18:22.805   807 13214 D ACDB-LOADER: ACDB -> AUDIO_SET_VOL_CAL cal type = 12
04-20 20:18:22.805   807 13214 D ACDB-LOADER: ACDB -> ACDB_CMD_GET_AUDPROC_STREAM_TABLE_SIZE
04-20 20:18:22.805   807 13214 D ACDB-LOADER: ACDB -> send_audstrmtable
04-20 20:18:22.805   807 13214 D ACDB-LOADER: ACDB -> ACDB_CMD_GET_AUDPROC_STREAM_TABLE_V2
04-20 20:18:22.805   807 13214 D ACDB-LOADER: ACDB -> audstrm_cal->cal_type.cal_data.cal_size = 16
04-20 20:18:22.805   807 13214 D ACDB-LOADER: ACDB -> send_afe_topology
04-20 20:18:22.805   807 13214 D ACDB-LOADER: ACDB -> ACDB_CMD_GET_AFE_TOPOLOGY_ID
04-20 20:18:22.805   807 13214 D ACDB-LOADER: ACDB -> GET_AFE_TOPOLOGY_ID for adcd_id 14, Topology Id 1000ff01
04-20 20:18:22.805   807 13214 D ACDB-LOADER: ACDB -> send_afe_cal
04-20 20:18:22.805   807 13214 D ACDB-LOADER: ACDB -> ACDB_CMD_GET_AFE_COMMON_TABLE_SIZE
04-20 20:18:22.805   807 13214 D ACDB-LOADER: ACDB -> ACDB_CMD_GET_AFE_COMMON_TABLE
04-20 20:18:22.805   807 13214 D ACDB-LOADER: ACDB -> AUDIO_SET_AFE_CAL cal_type[16] acdb_id[14]
04-20 20:18:22.805   807 13214 D ACDB-LOADER: ACDB -> send_hw_delay : acdb_id = 14 path = 0
04-20 20:18:22.805   807 13214 D ACDB-LOADER: ACDB -> ACDB_AVSYNC_INFO: ACDB_CMD_GET_DEVICE_PROPERTY
04-20 20:18:22.805   807 13214 V msm8974_platform: platform_send_audio_calibration: sending audio calibration for snd_device(158) acdb_id(102)
04-20 20:18:22.805   807 13214 D ACDB-LOADER: ACDB -> send_audio_cal, acdb_id = 102, path = 1, app id = 0x11130, sample rate = 48000, afe_sample_rate = 48000
04-20 20:18:22.805   807 13214 D ACDB-LOADER: ACDB -> send_asm_topology
04-20 20:18:22.805   807 13214 D ACDB-LOADER: ACDB -> ACDB_CMD_GET_AUDPROC_STREAM_TOPOLOGY_ID
04-20 20:18:22.805   807 13214 D ACDB-LOADER: ACDB -> send_adm_topology
04-20 20:18:22.805   807 13214 D ACDB-LOADER: ACDB -> ACDB_CMD_GET_AUDPROC_COMMON_TOPOLOGY_ID
04-20 20:18:22.805   807 13214 D ACDB-LOADER: ACDB -> send_audtable
04-20 20:18:22.805   807 13214 D ACDB-LOADER: ACDB -> ACDB_CMD_GET_AUDPROC_COMMON_TABLE_SIZE
04-20 20:18:22.805   807 13214 D ACDB-LOADER: ACDB -> ACDB_CMD_GET_AUDPROC_COMMON_TABLE
04-20 20:18:22.805   807 13214 D ACDB-LOADER: ACDB -> AUDIO_SET_AUDPROC_CAL cal_type[11] acdb_id[102] app_type[69936]
04-20 20:18:22.805   807 13214 D ACDB-LOADER: ACDB -> ACDB_CMD_GET_AUDPROC_STREAM_TABLE_SIZE
04-20 20:18:22.805   807 13214 D ACDB-LOADER: ACDB -> send_audstrmtable
04-20 20:18:22.805   807 13214 D ACDB-LOADER: ACDB -> ACDB_CMD_GET_AUDPROC_STREAM_TABLE_V2
04-20 20:18:22.805   807 13214 D ACDB-LOADER: ACDB -> audstrm_cal->cal_type.cal_data.cal_size = 16
04-20 20:18:22.805   807 13214 D ACDB-LOADER: ACDB -> send_afe_topology
04-20 20:18:22.805   807 13214 D ACDB-LOADER: ACDB -> ACDB_CMD_GET_AFE_TOPOLOGY_ID
04-20 20:18:22.805   807 13214 D ACDB-LOADER: ACDB -> GET_AFE_TOPOLOGY_ID for adcd_id 102, Topology Id 1000ff00
04-20 20:18:22.805   807 13214 D ACDB-LOADER: ACDB -> send_afe_cal
04-20 20:18:22.805   807 13214 D ACDB-LOADER: ACDB -> ACDB_CMD_GET_AFE_COMMON_TABLE_SIZE
04-20 20:18:22.805   807 13214 D ACDB-LOADER: ACDB -> ACDB_CMD_GET_AFE_COMMON_TABLE
04-20 20:18:22.805   807 13214 D ACDB-LOADER: ACDB -> AUDIO_SET_AFE_CAL cal_type[17] acdb_id[102]
04-20 20:18:22.805   807 13214 D ACDB-LOADER: ACDB -> send_hw_delay : acdb_id = 102 path = 1
04-20 20:18:22.805   807 13214 D ACDB-LOADER: ACDB -> ACDB_AVSYNC_INFO: ACDB_CMD_GET_DEVICE_PROPERTY
04-20 20:18:22.805   807 13214 D audio_hw_primary: enable_snd_device: snd_device(158: vi-feedback)
04-20 20:18:22.805   807 13214 D audio_route: Apply path: vi-feedback
04-20 20:18:22.805   807 13214 D audio_hw_primary: enable_audio_route: usecase(26) apply and update mixer path: spkr-vi-record
04-20 20:18:22.805   807 13214 D audio_route: Apply path: spkr-vi-record
04-20 20:18:22.818   807 13214 D audio_hw_primary: enable_snd_device: snd_device(2: speaker)
04-20 20:18:22.818   807 13214 D audio_route: Apply path: speaker
04-20 20:18:22.818   807 13214 V msm8974_platform: platform_get_snd_device_backend_index: enter with device 2
04-20 20:18:22.818   807 13214 V msm8974_platform: platform_get_backend_index:napb: backend port - 0 device - 2 
04-20 20:18:22.818   807 13214 I audio_hw_utils: Set Audio Stream 12 App Type Cfg: app_type 69936, acdb_dev_id 14, sample_rate 48000, snd_device_be_idx 2
04-20 20:18:22.819   807 13214 D audio_hw_primary: enable_audio_route: usecase(1) apply and update mixer path: low-latency-playback speaker
04-20 20:18:22.819   807 13214 D audio_route: Apply path: low-latency-playback speaker
04-20 20:18:22.819   807  1555 D MotSpeakerHelper: Speaker ON: volume 0.500000 (step 12), usecase SAFE
04-20 20:18:22.852   807 13214 D audio_hw_primary: out_write: retry previous failed cal level set
04-20 20:18:22.886   720  5081 E ResolverController: No valid NAT64 prefix (100, <unspecified>/0)
04-20 20:18:23.107  2308  2308 D vol.VolumeDialogImpl: mDialog.dismiss()
04-20 20:18:23.139   865  1254 D APM_AudioPolicyManager: stopOutput() output 13, stream 1, session 209
04-20 20:18:23.245  1743  1782 I DisplayPowerController: Blocking screen off
04-20 20:18:23.245  1743  1782 I DisplayPowerController: Unblocked screen off after 0 ms
04-20 20:18:23.263  1743  1782 I WindowManager: Screen turned off...
04-20 20:18:23.271  2498  2498 D QtiCarrierConfigHelper: WARNING, no carrier configs on phone Id: 0
04-20 20:18:23.414 26114 26164 I HybridFallbackEventM: Signal start of embedded session, primary progress 20, secondary 3200, cutoff 3000
04-20 20:18:23.475 26114 26173 I Greco3DataManager: available language pack of en-US is version 306
04-20 20:18:23.476 26114  5063 I Greco3EngineManager: create_rm: m=VOICE_ACTIONS,l=en-US
04-20 20:18:23.867  4921  5059 D bpo     : Starting download: https://redirector.gvt1.com/edgedl/android/tts/v20/en-us/en-us-x-iof-r12.zvoice
04-20 20:18:23.931   720  5084 E ResolverController: No valid NAT64 prefix (100, <unspecified>/0)
04-20 20:18:23.947  1743  5083 D ActivityTaskManager: Top Process State changed to PROCESS_STATE_TOP_SLEEPING
04-20 20:18:23.972  7384  7427 D MCLOG   : [MC_TriggerHelper] PauseResumeTrigger
04-20 20:18:23.983  2308  2323 I ndroid.systemu: NativeAlloc concurrent copying GC freed 35774(1469KB) AllocSpace objects, 0(0B) LOS objects, 49% free, 7026KB/13MB, paused 123us total 109.611ms
04-20 20:18:23.985  1743  1782 V DisplayPowerController: Brightness [0] reason changing to: 'screen_off', previous reason: 'automatic'.
04-20 20:18:23.985  1743  1782 I chatty  : uid=1000(system) PowerManagerSer expire 1 line
04-20 20:18:23.989   871   871 D SurfaceFlinger: Setting power mode 0 on display 0
04-20 20:18:23.989   817  1190 I SDM     : DisplayBase::SetDisplayState: Set state = 0, display 0
04-20 20:18:23.989  2308  2308 I Choreographer: Skipped 42 frames!  The application may be doing too much work on its main thread.
04-20 20:18:23.994 26114 26164 I MicroDetectionState: Should stop hotword detection immediately - false
04-20 20:18:24.011 26114 26164 I AudioRouter: Route changed: ROUTE_NO_BLUETOOTH->ROUTE_NO_AUDIO,CONNECTION_TYPE_NONE->CONNECTION_TYPE_NONE
04-20 20:18:24.017 26114 26164 I MicroDetectionState: Should stop hotword detection immediately - false
04-20 20:18:24.021 26114  4881 E MicroEndpointerModule: MicroEndpointer failed for GsaIOException
04-20 20:18:24.021 26114  4881 E MicroEndpointerModule: com.google.android.apps.gsa.shared.o.d: Error code: 393236 | Interrupted waiting for buffers: 3 | null
04-20 20:18:24.021 26114  4881 E MicroEndpointerModule: 	at com.google.android.apps.gsa.speech.audio.an.read(SourceFile:12)
04-20 20:18:24.021 26114  4881 E MicroEndpointerModule: 	at com.google.android.libraries.assistant.hotword.s.a(SourceFile:17)
04-20 20:18:24.021 26114  4881 E MicroEndpointerModule: 	at com.google.android.apps.gsa.staticplugins.di.i.a.d.run(SourceFile:16)
04-20 20:18:24.021 26114  4881 E MicroEndpointerModule: 	at com.google.bv.h.a.c.run(Unknown Source:2)
04-20 20:18:24.021 26114  4881 E MicroEndpointerModule: 	at java.util.concurrent.Executors$RunnableAdapter.call(Executors.java:462)
04-20 20:18:24.021 26114  4881 E MicroEndpointerModule: 	at java.util.concurrent.FutureTask.run(FutureTask.java:266)
04-20 20:18:24.021 26114  4881 E MicroEndpointerModule: 	at com.google.bv.h.a.e.run(SourceFile:13)
04-20 20:18:24.021 26114  4881 E MicroEndpointerModule: 	at com.google.bv.h.a.m.run(SourceFile:4)
04-20 20:18:24.021 26114  4881 E MicroEndpointerModule: 	at com.google.android.apps.gsa.shared.util.c.a.e.run(SourceFile:2)
04-20 20:18:24.021 26114  4881 E MicroEndpointerModule: 	at com.google.android.apps.gsa.shared.util.c.a.ba.run(SourceFile:2)
04-20 20:18:24.021 26114  4881 E MicroEndpointerModule: 	at com.google.android.apps.gsa.shared.util.c.a.ba.run(SourceFile:2)
04-20 20:18:24.021 26114  4881 E MicroEndpointerModule: 	at java.util.concurrent.ThreadPoolExecutor.runWorker(ThreadPoolExecutor.java:1167)
04-20 20:18:24.021 26114  4881 E MicroEndpointerModule: 	at java.util.concurrent.ThreadPoolExecutor$Worker.run(ThreadPoolExecutor.java:641)
04-20 20:18:24.021 26114  4881 E MicroEndpointerModule: 	at java.lang.Thread.run(Thread.java:919)
04-20 20:18:24.021 26114  4881 E MicroEndpointerModule: 	at com.google.android.apps.gsa.shared.util.c.a.g.run(SourceFile:8)
04-20 20:18:24.021 26114  4881 E MicroEndpointerModule: Caused by: java.lang.InterruptedException
04-20 20:18:24.021 26114  4881 E MicroEndpointerModule: 	at java.lang.Object.wait(Native Method)
04-20 20:18:24.021 26114  4881 E MicroEndpointerModule: 	at java.lang.Object.wait(Object.java:442)
04-20 20:18:24.021 26114  4881 E MicroEndpointerModule: 	at java.lang.Object.wait(Object.java:568)
04-20 20:18:24.021 26114  4881 E MicroEndpointerModule: 	at com.google.android.apps.gsa.speech.audio.an.read(SourceFile:7)
04-20 20:18:24.021 26114  4881 E MicroEndpointerModule: 	... 14 more
04-20 20:18:24.021 26114  4881 W ErrorReporter: reportError [type: 211, code: 393236, bug: 0]: Error code: 393236 | Interrupted waiting for buffers: 3 | null
04-20 20:18:24.027  1743  3657 I chatty  : uid=1000(system) Binder:1743_F expire 1 line
04-20 20:18:24.030 26114 26189 I AudioRouter: Audio focus abandoned
04-20 20:18:24.034  4921  5059 D bpo     : Starting download: https://redirector.gvt1.com/edgedl/android/tts/v20/en-us/en-us-x-ioh-r12.zvoice
04-20 20:18:24.034  2308  2308 W View    : requestLayout() improperly called by com.android.systemui.statusbar.HeadsUpStatusBarView{53e8307 I.E...... ......ID 0,0-248,56 #7f0a01f7 app:id/heads_up_status_bar_view} during layout: running second layout pass
04-20 20:18:24.077  1743 10153 D ConnectivityService: requestNetwork for uid/pid:10122/26114 NetworkRequest [ REQUEST id=120, [ Transports: CELLULAR Capabilities: INTERNET&NOT_RESTRICTED&TRUSTED&NOT_VPN Uid: 10122] ]
04-20 20:18:24.082  1743  2244 D ConnectivityService: reportNetworkConnectivity(100, false) by 10122
04-20 20:18:24.083  1743  2279 I chatty  : uid=1000(system) EthernetService expire 1 line
04-20 20:18:24.086  1743  7333 I chatty  : uid=1000(system) NetworkMonitor/ expire 1 line
04-20 20:18:24.087  2498  2498 D PhoneSwitcherNetworkRequstListener: got request NetworkRequest [ REQUEST id=120, [ Transports: CELLULAR Capabilities: INTERNET&NOT_RESTRICTED&TRUSTED&NOT_VPN Uid: 10122] ] with score 0 and serial 0
04-20 20:18:24.097  4921  5059 D bpo     : Starting download: https://redirector.gvt1.com/edgedl/android/tts/v20/en-us/en-us-x-ioj-r12.zvoice
04-20 20:18:24.100   720  1295 D NetdFwmarkServer: Cmd 2: 100, 1000: UserP=3, fwmark=F0064
04-20 20:18:24.101   720  1295 D NetdFwmarkServer: Cmd 2: 100, 1000: UserP=3, fwmark=F0064
04-20 20:18:24.101   720  1295 D NetdFwmarkServer: Cmd 1: 0, 1000: UserP=3, fwmark=F0064
04-20 20:18:24.102   720  1295 D NetdFwmarkServer: Cmd 6: 0, 1000: UserP=3, fwmark=F0064
04-20 20:18:24.103   720  1295 D NetdFwmarkServer: Cmd 1: 0, 1000: UserP=3, fwmark=F0064
04-20 20:18:24.103   720  1295 D NetdFwmarkServer: Cmd 6: 0, 1000: UserP=3, fwmark=F0064
04-20 20:18:24.104   720  1295 D NetdFwmarkServer: Cmd 2: 100, 1000: UserP=3, fwmark=F0064
04-20 20:18:24.105   720  1295 D NetdFwmarkServer: Cmd 2: 100, 1000: UserP=3, fwmark=F0064
04-20 20:18:24.105   720  1295 D NetdFwmarkServer: Cmd 1: 0, 1000: UserP=3, fwmark=F0064
04-20 20:18:24.105   720  1295 D NetdFwmarkServer: Cmd 1: 0, 1000: UserP=3, fwmark=F0064
04-20 20:18:24.105   720  1295 D NetdFwmarkServer: Cmd 6: 0, 1000: UserP=3, fwmark=F0064
04-20 20:18:24.106   720  1295 D NetdFwmarkServer: Cmd 6: 0, 1000: UserP=3, fwmark=F0064
04-20 20:18:24.106   720  1295 D NetdFwmarkServer: Cmd 1: 0, 1000: UserP=3, fwmark=F0064
04-20 20:18:24.106   720  1295 D NetdFwmarkServer: Cmd 1: 0, 1000: UserP=3, fwmark=F0064
04-20 20:18:24.107   720  1295 D NetdFwmarkServer: Cmd 6: 0, 1000: UserP=3, fwmark=F0064
04-20 20:18:24.107   720  1295 D NetdFwmarkServer: Cmd 6: 0, 1000: UserP=3, fwmark=F0064
04-20 20:18:24.138 26114  5063 I Greco3EngineManager: Brought up new g3rm instance: /data/user/0/com.google.android.googlequicksearchbox/app_g3_models/en-US/voice_actions.config for: en-US in: 661 ms
04-20 20:18:24.139   720  1295 D NetdFwmarkServer: Cmd 2: 100, 1000: UserP=3, fwmark=F0064
04-20 20:18:24.139   720  1295 D NetdFwmarkServer: Cmd 1: 0, 1000: UserP=3, fwmark=F0064
04-20 20:18:24.139 26114  5063 E Greco3Recognizer: Error reading g3 config file: /data/user/0/com.google.android.googlequicksearchbox/app_g3_models/en-US/voice_actions.config
04-20 20:18:24.139   720  1295 D NetdFwmarkServer: Cmd 6: 0, 1000: UserP=3, fwmark=F0064
04-20 20:18:24.140   720  1295 D NetdFwmarkServer: Cmd 1: 0, 1000: UserP=3, fwmark=F0064
04-20 20:18:24.140 26114  5063 I VoiceActionsRec: Recognizer failed to initialize!
04-20 20:18:24.140 26114 26178 I RecognitionAudioControl: #shutdownAudio [requestId: -8370439354137936855, keepAudioOpen: false, forced: true]
04-20 20:18:24.140   720  1295 D NetdFwmarkServer: Cmd 6: 0, 1000: UserP=3, fwmark=F0064
04-20 20:18:24.141 26114 26178 I RecognitionAudioControl: #internalShutdownAudio [requestId: -8370439354137936855]
04-20 20:18:24.141 26114 26178 I RecognitionAudioControl: #internalShutdownAudio [keepAudioOpen: false, forced: true]
04-20 20:18:24.141 26114 26178 I RecognitionAudioControl: #actualShutdownAudio
04-20 20:18:24.141 26114 26178 I AudioController: #shutdown [requestId=-8370439354137936855]
04-20 20:18:24.141 26114 26164 E Velvet.S3FetchTask: com.google.android.apps.gsa.shared.o.d: Error code: 65556 | Cancelled.
04-20 20:18:24.141 26114 26196 I AudioController: internalShutdown
04-20 20:18:24.142 26114 26164 W ErrorReporter: reportError [type: 211, code: 65556, bug: 0]: Error code: 65556 | Cancelled.
04-20 20:18:24.142  1743  5087 I chatty  : uid=1000 system_server expire 2 lines
04-20 20:18:24.142 26114 26164 E Velvet.S3FetchTask: com.google.android.apps.gsa.shared.o.d: Error code: 65556 | Cancelled.
04-20 20:18:24.143   720  1295 D NetdFwmarkServer: Cmd 2: 100, 1000: UserP=3, fwmark=F0064
04-20 20:18:24.145   720  1295 D NetdFwmarkServer: Cmd 1: 0, 1000: UserP=3, fwmark=F0064
04-20 20:18:24.146   720  1295 D NetdFwmarkServer: Cmd 6: 0, 1000: UserP=3, fwmark=F0064
04-20 20:18:24.146   720  5091 E ResolverController: No valid NAT64 prefix (100, <unspecified>/0)
04-20 20:18:24.146   720  1295 D NetdFwmarkServer: Cmd 1: 0, 1000: UserP=3, fwmark=F0064
04-20 20:18:24.146   720  1295 D NetdFwmarkServer: Cmd 6: 0, 1000: UserP=3, fwmark=F0064
04-20 20:18:24.147  1743  5086 I chatty  : uid=1000 system_server expire 2 lines
04-20 20:18:24.150   720  1295 D NetdFwmarkServer: Cmd 2: 100, 1000: UserP=3, fwmark=F0064
04-20 20:18:24.150   720  1295 D NetdFwmarkServer: Cmd 1: 0, 1000: UserP=3, fwmark=F0064
04-20 20:18:24.151   720  1295 D NetdFwmarkServer: Cmd 6: 0, 1000: UserP=3, fwmark=F0064
04-20 20:18:24.152   720  5093 E ResolverController: No valid NAT64 prefix (100, <unspecified>/0)
04-20 20:18:24.155   720  1295 D NetdFwmarkServer: Cmd 2: 100, 1000: UserP=3, fwmark=F0064
04-20 20:18:24.155   720  1295 D NetdFwmarkServer: Cmd 1: 0, 1000: UserP=3, fwmark=F0064
04-20 20:18:24.156   720  1295 D NetdFwmarkServer: Cmd 6: 0, 1000: UserP=3, fwmark=F0064
04-20 20:18:24.161   720  5090 E ResolverController: No valid NAT64 prefix (100, <unspecified>/0)
04-20 20:18:24.188   807   884 D audio_hw_primary: disable_audio_route: usecase(10) reset and update mixer path: audio-record
04-20 20:18:24.190   807   884 D audio_hw_primary: disable_snd_device: snd_device(136: voice-rec-mic)
04-20 20:18:24.194   807   883 D audio_hw_primary: in_set_parameters: enter: kvpairs=routing=0
04-20 20:18:24.207 26114 26196 I MicrophoneInputStream: mic_close  SR : 16000 CC : 16 SO : 6
04-20 20:18:24.207 26114 26196 E AudioSource: Stop listening is called on already closed AudioSource
04-20 20:18:24.221   871   871 D SurfaceFlinger: Finished setting power mode 0 on display 0
04-20 20:18:24.221  1743  2281 I chatty  : uid=1000(system) PhotonicModulat expire 10 lines
04-20 20:18:24.224   822   822 I QTI PowerHAL: Got set_interactive hint
04-20 20:18:24.224   822   822 I QTI PowerHAL: Got set_interactive hint on= 0, count= 16
04-20 20:18:24.225   822   822 E QTI PowerHAL: Error opening /sys/kernel/hbtp/display_pwr: No such file or directory
04-20 20:18:24.227  1743  1782 I DreamManagerService: Entering dreamland.
04-20 20:18:24.228  1743  1782 I PowerManagerService: Dozing...
04-20 20:18:24.238  1743  1765 I DisplayManagerService: Display device changed state: "Built-in Screen", OFF
04-20 20:18:24.240 26114  4962 W PairHttpConnection: onNext() called after cancellation.
04-20 20:18:24.262   804  1081 W qti_sensors_hal: processReportInd: lux: 25, ch0: 91, ch1: 13
04-20 20:18:24.272  4921  5059 D bpo     : Starting download: https://redirector.gvt1.com/edgedl/android/tts/v20/en-us/en-us-x-tme-r12.zvoice
04-20 20:18:24.284  1743  1762 I DreamController: Starting dream: name=ComponentInfo{com.android.systemui/com.android.systemui.doze.DozeService}, isTest=false, canDoze=true, userId=0
04-20 20:18:24.287  2308  2308 V StatusBar: mStatusBarWindow: com.android.systemui.statusbar.phone.StatusBarWindowView{896b295 V.E...... ........ 0,0-720,56} canPanelBeCollapsed(): false
04-20 20:18:24.287  2308  2308 V StatusBar: mStatusBarWindow: com.android.systemui.statusbar.phone.StatusBarWindowView{896b295 V.E...... ........ 0,0-720,56} collapseBySetDisable: false
04-20 20:18:24.293  1743  5085 I chatty  : uid=1000 system_server expire 1 line
04-20 20:18:24.297  1743  2244 D ConnectivityService: NetworkAgentInfo [WIFI () - 100] validation passed
04-20 20:18:24.299 26114  4962 W PairHttpConnection: onNext() called after cancellation.
04-20 20:18:24.324 26114  4962 W PairHttpConnection: onNext() called after cancellation.
04-20 20:18:24.328  7384  7384 D MCLOG   : [MC_Service] onStartcommand()
04-20 20:18:24.331  1743  4961 W BroadcastQueue: Background execution not allowed: receiving Intent { act=android.net.conn.NETWORK_CONDITIONS_MEASURED flg=0x10 (has extras) } to com.google.android.gms/.chimera.GmsIntentOperationService$PersistentTrustedReceiver
04-20 20:18:24.340  2619  2690 I QcrilOemhookMsgTunnel: [0]processOemHookResponse serial no: -1 error: 0length=1
04-20 20:18:24.340  2619  2690 E QcrilOemhookMsgTunnel: [0]Unexpected serial number in solicited response!serial: -1 error: 0
04-20 20:18:24.354  2308  2308 D StatusBar: updateQsExpansionEnabled - QS Expand enabled: false
04-20 20:18:24.359 26114  4962 W PairHttpConnection: onNext() called after cancellation.
04-20 20:18:24.362  1743  7056 V WindowManager: Changing focus from Window{4dcfbc3 u0 com.google.android.googlequicksearchbox/com.google.android.apps.gsa.staticplugins.opa.OpaActivity} to null displayId=0
04-20 20:18:24.365  2308  2308 D StatusBar: updateQsExpansionEnabled - QS Expand enabled: false
04-20 20:18:24.366 26114 26164 E AudioSource: Stop listening is called on already closed AudioSource
04-20 20:18:24.370 26114  4898 I PBSessionCacheImpl: Deleted sessionId[114852205552215709] from persistence.
04-20 20:18:24.375  2308  2308 D StatusBar: updateQsExpansionEnabled - QS Expand enabled: false
04-20 20:18:24.378 26114  4962 W PairHttpConnection: onNext() called after cancellation.
04-20 20:18:24.385  1743  3398 I WindowManager: Window drawn AppWindowToken{b9efa0d token=Token{b1f3ca4 ActivityRecord{6f91f37 u0 com.google.android.googlequicksearchbox/com.google.android.apps.gsa.staticplugins.opa.OpaActivity t18}}}
04-20 20:18:24.389  1743  1743 V SettingsProvider: Notifying for 0: content://settings/secure/reminder_exp_learning_time_elapsed
04-20 20:18:24.392 26114  4962 W PairHttpConnection: onNext() called after cancellation.
04-20 20:18:24.395 26114 26164 W SearchServiceCore: Abort, client detached.
04-20 20:18:24.400  2308  2308 D StatusBar: disable<e i a s b h r c s > disable2<q i n >
04-20 20:18:24.415 26114  4962 W PairHttpConnection: onNext() called after cancellation.
04-20 20:18:24.421 26114  4962 W PairHttpConnection: onNext() called after cancellation.
04-20 20:18:24.421  2308  2308 D StatusBar: disable<e i a s b h r c s > disable2<q i n >
04-20 20:18:24.422 26114  4962 W PairHttpConnection: onNext() called after cancellation.
04-20 20:18:24.400  1743  1743 V SettingsProvider: Notifying for 0: content://settings/secure/reminder_exp_learning_time_elapsed
04-20 20:18:24.430  1743  1743 I WindowManager: Finished going to sleep... (why=OFF_BECAUSE_OF_USER)
04-20 20:18:24.435  1743  3392 I WindowManager:   SURFACE SIZE set 720x1520 on display:0: StatusBar
04-20 20:18:24.430 26114  4962 I chatty  : uid=10122(com.google.android.googlequicksearchbox) identical 3 lines
04-20 20:18:24.432 26114  4962 W PairHttpConnection: onNext() called after cancellation.
04-20 20:18:24.437  2308  2736 D KeyguardViewMediator: USER_LOCKED intent sent
04-20 20:18:24.447 26114  4962 W PairHttpConnection: onNext() called after cancellation.
04-20 20:18:24.452  2308  2308 D StatusBar: disable<e i a s b h r c s > disable2<q i n >
04-20 20:18:24.453 26114  4962 W PairHttpConnection: onNext() called after cancellation.
