04-20 19:26:47.424 15035 21188 W SystemConfig: No directory /oem/etc/motorola/bgintents, skipping
04-20 19:26:47.432 15035 21188 W SystemConfig: No directory /product_services/etc/sysconfig, skipping
04-20 19:26:47.432 15035 21188 W SystemConfig: No directory /product_services/etc/permissions, skipping
04-20 19:26:47.432 15035 21188 W SystemConfig: No directory /system/etc/motorola/sysconfig, skipping
04-20 19:26:47.432 15035 21188 W SystemConfig: No directory /oem/etc/motorola/sysconfig, skipping
04-20 19:26:47.433 15035 21188 W SystemConfig: No directory /product/etc/motorola/sysconfig, skipping
04-20 19:26:48.860  1741  1787 I PackageManager: Un-granting permission android.permission.MANAGE_DOCUMENTS from package com.google.android.youtube (protectionLevel=262146 flags=0x30dbbe45)
04-20 19:26:48.863  1741  1787 I PackageManager: Un-granting permission com.google.android.googleapps.permission.GOOGLE_AUTH from package com.android.providers.calendar (protectionLevel=2 flags=0x30883e45)
04-20 19:26:48.863  1741  1787 I PackageManager: Un-granting permission com.google.android.googleapps.permission.GOOGLE_AUTH.cl from package com.android.providers.calendar (protectionLevel=2 flags=0x30883e45)
04-20 19:26:48.864  1741  1787 I PackageManager: Un-granting permission com.google.android.gm.permission.READ_GMAIL from package com.google.android.apps.docs.editors.docs (protectionLevel=2 flags=0x38dbbe44)
04-20 19:26:48.864  1741  1787 I PackageManager: Un-granting permission com.google.android.googleapps.permission.GOOGLE_AUTH from package com.google.android.apps.docs.editors.docs (protectionLevel=2 flags=0x38dbbe44)
04-20 19:26:48.864  1741  1787 I PackageManager: Un-granting permission com.google.android.googleapps.permission.GOOGLE_AUTH.OTHER_SERVICES from package com.google.android.apps.docs.editors.docs (protectionLevel=2 flags=0x38dbbe44)
04-20 19:26:48.864  1741  1787 I PackageManager: Un-granting permission com.google.android.googleapps.permission.GOOGLE_AUTH.ALL_SERVICES from package com.google.android.apps.docs.editors.docs (protectionLevel=2 flags=0x38dbbe44)
04-20 19:26:48.864  1741  1787 I PackageManager: Un-granting permission com.google.android.googleapps.permission.GOOGLE_AUTH.writely from package com.google.android.apps.docs.editors.docs (protectionLevel=2 flags=0x38dbbe44)
04-20 19:26:48.864  1741  1787 I PackageManager: Un-granting permission com.google.android.googleapps.permission.GOOGLE_AUTH.wise from package com.google.android.apps.docs.editors.docs (protectionLevel=2 flags=0x38dbbe44)
04-20 19:26:48.864  1741  1787 I PackageManager: Un-granting permission android.permission.REQUEST_INSTALL_PACKAGES from package com.motorola.brapps (protectionLevel=66 flags=0x38483e45)
04-20 19:26:48.867  1741  1787 I PackageManager: Un-granting permission com.google.android.gm.permission.READ_GMAIL from package com.google.android.apps.docs.editors.sheets (protectionLevel=2 flags=0x38dbbe44)
04-20 19:26:48.867  1741  1787 I PackageManager: Un-granting permission com.google.android.googleapps.permission.GOOGLE_AUTH from package com.google.android.apps.docs.editors.sheets (protectionLevel=2 flags=0x38dbbe44)
04-20 19:26:48.867  1741  1787 I PackageManager: Un-granting permission com.google.android.googleapps.permission.GOOGLE_AUTH.OTHER_SERVICES from package com.google.android.apps.docs.editors.sheets (protectionLevel=2 flags=0x38dbbe44)
04-20 19:26:48.867  1741  1787 I PackageManager: Un-granting permission com.google.android.googleapps.permission.GOOGLE_AUTH.ALL_SERVICES from package com.google.android.apps.docs.editors.sheets (protectionLevel=2 flags=0x38dbbe44)
04-20 19:26:48.867  1741  1787 I PackageManager: Un-granting permission com.google.android.googleapps.permission.GOOGLE_AUTH.writely from package com.google.android.apps.docs.editors.sheets (protectionLevel=2 flags=0x38dbbe44)
04-20 19:26:48.867  1741  1787 I PackageManager: Un-granting permission com.google.android.googleapps.permission.GOOGLE_AUTH.wise from package com.google.android.apps.docs.editors.sheets (protectionLevel=2 flags=0x38dbbe44)
04-20 19:26:48.867  1741  1787 I PackageManager: Un-granting permission com.google.android.gm.permission.READ_GMAIL from package com.google.android.apps.docs.editors.slides (protectionLevel=2 flags=0x38dbbe44)
04-20 19:26:48.867  1741  1787 I PackageManager: Un-granting permission com.google.android.googleapps.permission.GOOGLE_AUTH from package com.google.android.apps.docs.editors.slides (protectionLevel=2 flags=0x38dbbe44)
04-20 19:26:48.867  1741  1787 I PackageManager: Un-granting permission com.google.android.googleapps.permission.GOOGLE_AUTH.OTHER_SERVICES from package com.google.android.apps.docs.editors.slides (protectionLevel=2 flags=0x38dbbe44)
04-20 19:26:48.867  1741  1787 I PackageManager: Un-granting permission com.google.android.googleapps.permission.GOOGLE_AUTH.ALL_SERVICES from package com.google.android.apps.docs.editors.slides (protectionLevel=2 flags=0x38dbbe44)
04-20 19:26:48.867  1741  1787 I PackageManager: Un-granting permission com.google.android.googleapps.permission.GOOGLE_AUTH.writely from package com.google.android.apps.docs.editors.slides (protectionLevel=2 flags=0x38dbbe44)
04-20 19:26:48.867  1741  1787 I PackageManager: Un-granting permission com.google.android.googleapps.permission.GOOGLE_AUTH.wise from package com.google.android.apps.docs.editors.slides (protectionLevel=2 flags=0x38dbbe44)
04-20 19:26:48.868  1741  1787 I PackageManager: Un-granting permission com.google.android.setupwizard.READ_DEVICE_ORIGIN from package com.google.android.apps.messaging (protectionLevel=18 flags=0x38cbbe45)
04-20 19:26:48.872  1741  1787 I PackageManager: Un-granting permission android.permission.SEND_DOWNLOAD_COMPLETED_INTENTS from package com.android.vending (protectionLevel=2 flags=0x38cabec5)
04-20 19:26:48.875  1741  1787 I PackageManager: Un-granting permission android.permission.BIND_CARRIER_SERVICES from package com.republicwireless.tel (protectionLevel=18 flags=0x30483e45)
04-20 19:26:48.876  1741  1787 I PackageManager: Un-granting permission android.permission.REQUEST_INSTALL_PACKAGES from package com.google.android.gm (protectionLevel=66 flags=0x38cbbe45)
04-20 19:26:48.879  1741  1787 I PackageManager: Un-granting permission android.permission.MANAGE_ROLE_HOLDERS from package com.google.android.apps.wellbeing (protectionLevel=258 flags=0x20cbbe45)
04-20 19:26:48.879  1741  1787 I PackageManager: Un-granting permission android.permission.REQUEST_INSTALL_PACKAGES from package com.google.android.apps.nbu.files (protectionLevel=66 flags=0x30c83e45)
04-20 19:26:48.880  1741  1787 I PackageManager: Un-granting permission android.permission.REQUEST_INSTALL_PACKAGES from package com.google.android.apps.docs (protectionLevel=66 flags=0x38cbbe45)
04-20 19:26:48.881  1741  1787 I PackageManager: Un-granting permission android.permission.INTERACT_ACROSS_USERS from package com.google.android.syncadapters.contacts (protectionLevel=50 flags=0x20883e45)
04-20 19:26:48.882  1741  1787 I PackageManager: Un-granting permission android.permission.REQUEST_INSTALL_PACKAGES from package com.android.chrome (protectionLevel=66 flags=0xa0cbbe45)
04-20 19:26:48.882  1741  1787 I PackageManager: Un-granting permission android.permission.CAPTURE_VIDEO_OUTPUT from package com.google.android.gms (protectionLevel=2 flags=0xa0cabec5)
04-20 19:26:48.883  1741  1787 I PackageManager: Un-granting permission android.permission.MANAGE_DEVICE_ADMINS from package com.google.android.gms (protectionLevel=2 flags=0xa0cabec5)
04-20 19:26:48.884  1741  1787 I PackageManager: Un-granting permission android.permission.MANAGE_ACTIVITY_STACKS from package com.google.android.gms (protectionLevel=2 flags=0xa0cabec5)
04-20 19:26:48.884  1741  1787 I PackageManager: Un-granting permission android.permission.CAPTURE_SECURE_VIDEO_OUTPUT from package com.google.android.gms (protectionLevel=2 flags=0xa0cabec5)
04-20 19:26:48.884  1741  1787 I PackageManager: Un-granting permission android.permission.MANAGE_ROLLBACKS from package com.google.android.gms (protectionLevel=514 flags=0xa0cabec5)
04-20 19:26:48.888  1741  1787 I PackageManager: Un-granting permission com.google.android.googleapps.permission.GOOGLE_AUTH from package com.google.android.videos (protectionLevel=2 flags=0x30dbbe45)
04-20 19:26:48.889  1741  1787 I PackageManager: Un-granting permission android.permission.WRITE_MEDIA_STORAGE from package com.google.android.apps.photos (protectionLevel=18 flags=0x38d9be45)
04-20 19:26:48.892  1741  1787 I PackageManager: Un-granting permission android.permission.CONNECTIVITY_INTERNAL from package com.google.android.wfcactivation (protectionLevel=18 flags=0x3888be45)
04-20 19:26:48.892  1741  1787 I PackageManager: Un-granting permission android.permission.READ_LOGS from package com.google.android.wfcactivation (protectionLevel=50 flags=0x3888be45)
04-20 19:26:48.892  1741  1787 I PackageManager: Un-granting permission android.permission.WRITE_APN_SETTINGS from package com.google.android.wfcactivation (protectionLevel=18 flags=0x3888be45)
04-20 19:26:48.892  1741  1787 I PackageManager: Un-granting permission android.permission.WRITE_SECURE_SETTINGS from package com.LogiaGroup.LogiaDeck (protectionLevel=50 flags=0x38483e45)
04-20 19:26:48.894  1741  1787 I PackageManager: Un-granting permission android.permission.READ_WALLPAPER_INTERNAL from package com.google.android.apps.wallpaper (protectionLevel=18 flags=0x20cbbe45)
04-20 19:26:49.623  1741  1763 W Looper  : Slow dispatch took 395ms android.fg h=android.os.Handler c=<recycled PooledLambda@fef8daa> m=0
04-20 19:26:49.633  1741  1787 V BackupManagerService: restoreAtInstall pkg=com.google.location.nearby.apps.connectedcrossroad token=d restoreSet=0
04-20 19:26:49.633  1741  1787 V BackupManagerService: Finishing install immediately
04-20 19:26:49.679  1741  1741 I RoleManagerService: Granting default permissions...
04-20 19:26:49.683  1741  2054 W AccountManagerService: User 10216 does not exist. It might be removed already.
04-20 19:26:49.699  1741  2656 W LocationProviderProxy: Odd, no component found for service com.android.location.service.v3.NetworkLocationProvider
04-20 19:26:49.714  1741  2042 D BatteryService: uevent={POWER_SUPPLY_DP_DM=0, POWER_SUPPLY_VOLTAGE_NOW=4276564, POWER_SUPPLY_SW_JEITA_ENABLED=0, POWER_SUPPLY_CHARGE_CONTROL_LIMIT_MAX=8, POWER_SUPPLY_RECHARGE_SOC=99, POWER_SUPPLY_HEALTH=Good, POWER_SUPPLY_TECHNOLOGY=Li-ion, POWER_SUPPLY_FCC_STEPPER_ENABLE=0, SEQNUM=8817, POWER_SUPPLY_INPUT_CURRENT_LIMITED=0, POWER_SUPPLY_CHARGE_CONTROL_LIMIT=0, POWER_SUPPLY_BATTERY_CHARGING_ENABLED=1, POWER_SUPPLY_STATUS=Discharging, POWER_SUPPLY_CYCLE_COUNT=4, POWER_SUPPLY_CURRENT_MAX=2000000, POWER_SUPPLY_CHARGE_TERM_CURRENT=-101, POWER_SUPPLY_CAPACITY=96, DEVPATH=/devices/platform/soc/200f000.qcom,spmi/spmi-0/spmi0-02/200f000.qcom,spmi:qcom,pmi632@2:qcom,qpnp-smb5/power_supply/battery, POWER_SUPPLY_CHARGE_DONE=0, POWER_SUPPLY_CHARGE_TYPE=N/A, POWER_SUPPLY_CHARGE_RATE=None, POWER_SUPPLY_CURRENT_NOW=-399017, POWER_SUPPLY_SYSTEM_TEMP_LEVEL=0, POWER_SUPPLY_PRESENT=1, POWER_SUPPLY_PARALLEL_DISABLE=0, POWER_SUPPLY_CHARGE_FULL=3615000, SUBSYSTEM=power_supply, POWER_SUPPLY_SET_SHIP_MODE=0, POWER_SUPPLY_TEMP=243, ACTION=change, POWER_SUPPLY_RERUN_AICL=0, POWER_SUPPLY_AGE=100, POWER_SUPPLY_NAME=battery, POWER_SUPPLY_VOLTAGE_MAX=-22, POWER_SUPPLY_CONSTANT_CHARGE_CURRENT_MAX=2000000, POWER_SUPPLY_CHARGE_COUNTER=3434250, POWER_SUPPLY_STEP_CHARGING_ENABLED=0, POWER_SUPPLY_NUM_SYSTEM_TEMP_LEVELS=8, POWER_SUPPLY_DIE_HEALTH=Hot, POWER_SUPPLY_INPUT_SUSPEND=0}
04-20 19:26:49.742  1741  1759 W BroadcastQueue: Background execution not allowed: receiving Intent { act=android.intent.action.PACKAGE_ADDED dat=package:com.google.location.nearby.apps.connectedcrossroad flg=0x4000010 (has extras) } to com.google.android.packageinstaller/com.android.packageinstaller.PackageInstalledReceiver
04-20 19:26:49.753  1741  1773 W BroadcastQueue: Background execution not allowed: receiving Intent { act=android.intent.action.PACKAGE_ADDED dat=package:com.google.location.nearby.apps.connectedcrossroad flg=0x4000010 (has extras) } to com.android.vending/com.google.android.finsky.packagemanager.impl.PackageMonitorReceiverImpl$RegisteredReceiver
04-20 19:26:49.760  1741  1773 W BroadcastQueue: Background execution not allowed: receiving Intent { act=android.intent.action.PACKAGE_ADDED dat=package:com.google.location.nearby.apps.connectedcrossroad flg=0x4000010 (has extras) } to com.facebook.appmanager/com.facebook.oxygen.common.packages.event.manifest.ManifestPackageEventReceiver
04-20 19:26:49.761  1741  1773 W BroadcastQueue: Background execution not allowed: receiving Intent { act=android.intent.action.PACKAGE_ADDED dat=package:com.google.location.nearby.apps.connectedcrossroad flg=0x4000010 (has extras) } to com.google.android.gms/.games.chimera.GamesSystemBroadcastReceiverProxy
04-20 19:26:49.763  1741  1773 W BroadcastQueue: Background execution not allowed: receiving Intent { act=android.intent.action.PACKAGE_ADDED dat=package:com.google.location.nearby.apps.connectedcrossroad flg=0x4000010 (has extras) } to com.google.android.gms/.gass.chimera.PackageChangeBroadcastReceiver
04-20 19:26:49.763  1741  1773 W BroadcastQueue: Background execution not allowed: receiving Intent { act=android.intent.action.PACKAGE_ADDED dat=package:com.google.location.nearby.apps.connectedcrossroad flg=0x4000010 (has extras) } to com.google.android.gms/.chimera.GmsIntentOperationService$PersistentTrustedReceiver
04-20 19:26:49.764  1741  1773 W BroadcastQueue: Background execution not allowed: receiving Intent { act=android.intent.action.PACKAGE_ADDED dat=package:com.google.location.nearby.apps.connectedcrossroad flg=0x4000010 (has extras) } to com.google.android.googlequicksearchbox/com.google.android.apps.gsa.googlequicksearchbox.GelStubAppWatcher
04-20 19:26:49.765  1741  1773 W BroadcastQueue: Background execution not allowed: receiving Intent { act=android.intent.action.PACKAGE_ADDED dat=package:com.google.location.nearby.apps.connectedcrossroad flg=0x4000010 (has extras) } to com.google.android.ims/.receivers.RcsAutoStartReceiver
04-20 19:26:49.786  1741  1774 I ActivityManager: Start proc 21224:com.motorola.invisiblenet/u0a156 for broadcast {com.motorola.invisiblenet/com.motorola.invisiblenet.PackageAddedReceiver}
04-20 19:26:49.792  1741  5744 I ActivityTaskManager: START u0 {act=android.intent.action.MAIN cat=[android.intent.category.LAUNCHER] flg=0x10000000 cmp=com.google.location.nearby.apps.connectedcrossroad/nx.aodv.eval.MainActivity} from uid 2000
04-20 19:26:49.905  1741  5744 D ActivityTaskManager: getPreferredLaunchDisplay usersetdisplayid -1 current displayId -1 paramspreferid -1
04-20 19:26:49.906  1741  5744 D ActivityTaskManager: getPreferredLaunchDisplay usersetdisplayid -1 current displayId -1 paramspreferid -1
04-20 19:26:49.909  1741  5744 D ActivityTaskManager: getPreferredLaunchDisplay usersetdisplayid 0 current displayId 0 paramspreferid -1
04-20 19:26:49.920  1741  2434 W ActivityManager: Slow operation: 102ms so far, now at attachApplicationLocked: immediately before bindApplication
04-20 19:26:49.923  1741  2434 W ActivityManager: Slow operation: 105ms so far, now at attachApplicationLocked: immediately after bindApplication
04-20 19:26:49.923  1741  2434 W ActivityManager: Slow operation: 106ms so far, now at attachApplicationLocked: after updateLruProcessLocked
04-20 19:26:49.924  1741  2434 W ActivityManager: Slow operation: 106ms so far, now at attachApplicationLocked: after mServices.attachApplicationLocked
04-20 19:26:49.926  1741  2434 W ActivityManager: Slow operation: 109ms so far, now at attachApplicationLocked: after sendPendingBroadcastsLocked
04-20 19:26:49.956  1741  1741 W Looper  : Slow dispatch took 276ms main h=android.app.ActivityThread$H c=android.app.-$$Lambda$LoadedApk$ReceiverDispatcher$Args$_BumDX2UKsnxLVrE6UJsJZkotuA@ce66d6c m=0
04-20 19:26:49.956  1741  1774 I ActivityManager: Start proc 21256:com.google.location.nearby.apps.connectedcrossroad/u0a216 for activity {com.google.location.nearby.apps.connectedcrossroad/nx.aodv.eval.MainActivity}
04-20 19:26:49.956  1741  1741 W Looper  : Slow delivery took 278ms main h=android.app.ActivityThread$H c=android.app.-$$Lambda$LoadedApk$ReceiverDispatcher$Args$_BumDX2UKsnxLVrE6UJsJZkotuA@fbaf35 m=0
04-20 19:26:50.012  1741  2441 W BroadcastQueue: Background execution not allowed: receiving Intent { act=android.intent.action.PACKAGE_ADDED dat=package:com.google.location.nearby.apps.connectedcrossroad flg=0x4000010 (has extras) } to com.verizon.loginengine.unbranded/com.verizon.vzwavs.AVSSystemReceiver
04-20 19:26:50.035  1741  1774 I ActivityManager: Start proc 21283:com.google.android.packageinstaller/u0a73 for broadcast {com.google.android.packageinstaller/com.android.packageinstaller.PackageInstalledReceiver}
04-20 19:26:50.041  1741  1741 I TelecomService: DefaultDialerCache: Refreshing default dialer for user 0: now com.google.android.dialer: DDC.oR@Acg
04-20 19:26:50.049  1741  1741 V BackupManagerConstants: getFullBackupIntervalMilliseconds(...) returns 86400000
04-20 19:26:50.049  1741  1741 V BackupManagerConstants: getFullBackupRequiredNetworkType(...) returns 2
04-20 19:26:50.050  1741  1741 V BackupManagerConstants: getFullBackupRequireCharging(...) returns true
04-20 19:26:50.050  1741  2434 W ActivityTaskManager: Request to remove task ignored for non-existent task 6
04-20 19:26:50.079  1741  1741 V SettingsProvider: Notifying for 0: content://settings/secure/reminder_exp_learning_time_elapsed
04-20 19:26:50.080  1741  1741 W Looper  : Drained
04-20 19:26:50.314  1741  1772 I RoleUserState: Wrote roles.xml successfully
04-20 19:26:50.553  1741  1766 W ActivityTaskManager: Activity top resumed state loss timeout for ActivityRecord{9c6f36b u0 com.google.location.nearby.apps.connectedcrossroad/nx.aodv.eval.MainActivity t7}
04-20 19:26:50.557  1741  1766 W ActivityTaskManager: Activity pause timeout for ActivityRecord{9c6f36b u0 com.google.location.nearby.apps.connectedcrossroad/nx.aodv.eval.MainActivity t7}
04-20 19:26:50.832 17501 21252 W PackageParser: Unknown element under <manifest>: queries at /data/user_de/0/com.google.android.gms/app_chimera/m/0000000a/AdsDynamite.apk Binary XML file line #5
04-20 19:26:51.203  1741  1759 I ActivityTaskManager: START u0 {act=android.content.pm.action.REQUEST_PERMISSIONS pkg=com.google.android.permissioncontroller cmp=com.google.android.permissioncontroller/com.android.packageinstaller.permission.ui.GrantPermissionsActivity (has extras)} from uid 10216
04-20 19:26:51.227  1741  1759 D ActivityTaskManager: getPreferredLaunchDisplay usersetdisplayid 0 current displayId 0 paramspreferid -1
04-20 19:26:51.227  1741  1759 D ActivityTaskManager: getPreferredLaunchDisplay usersetdisplayid 0 current displayId 0 paramspreferid -1
04-20 19:26:53.264 17501 17835 W PackageParser: Unknown element under <manifest>: queries at /data/user_de/0/com.google.android.gms/app_chimera/m/0000000a/AdsDynamite.apk Binary XML file line #5
04-20 19:26:53.490 17501 17835 W PackageParser: Unknown element under <manifest>: queries at /data/user_de/0/com.google.android.gms/app_chimera/m/0000000a/AdsDynamite.apk Binary XML file line #5
04-20 19:26:53.710  1741  1773 W BroadcastQueue: Background execution not allowed: receiving Intent { act=com.google.android.chimera.MODULE_CONFIGURATION_CHANGED flg=0x10 (has extras) } to com.google.android.gms/.chimera.GmsIntentOperationService$PersistentInternalReceiver
04-20 19:26:53.834  1741 11121 D ConnectivityService: ConnectivityService NetworkRequestInfo binderDied(NetworkRequest [ LISTEN id=95, [ Capabilities: INTERNET&NOT_RESTRICTED&TRUSTED Uid: 10158] ], android.os.BinderProxy@6e37dda)
04-20 19:26:53.834  1741  5262 D ConnectivityService: ConnectivityService NetworkRequestInfo binderDied(NetworkRequest [ TRACK_DEFAULT id=94, [ Capabilities: INTERNET&NOT_RESTRICTED&TRUSTED Uid: 10158] ], android.os.BinderProxy@7496b85)
04-20 19:26:53.834  1741  2247 D ConnectivityService: releasing NetworkRequest [ TRACK_DEFAULT id=94, [ Capabilities: INTERNET&NOT_RESTRICTED&TRUSTED Uid: 10158] ] (release request)
04-20 19:26:53.838  1741  8491 I ActivityManager: Process com.google.android.gms (pid 17501) has died: fore BFGS
04-20 19:26:53.839  1741  8491 D ActivityManager: makeInactive, ProcessRecord{94e4cf 17501:com.google.android.gms/u0a158}, clear holder.state
04-20 19:26:53.883  1741  8491 W ActivityManager: Scheduling restart of crashed service com.google.android.gms/.chimera.GmsIntentOperationService in 1000ms
04-20 19:26:53.885  1741  8491 W ActivityManager: Scheduling restart of crashed service com.google.android.gms/.icing.service.IndexService in 10998ms
04-20 19:26:53.886  1741  8491 W ActivityManager: Scheduling restart of crashed service com.google.android.gms/.chimera.container.FileApkIntentOperation$ExternalFileApkService in 20997ms
04-20 19:26:53.886  1741  8491 W ActivityManager: Scheduling restart of crashed service com.google.android.gms/.chimera.GmsBoundBrokerService in 30997ms
04-20 19:26:53.886  1741  8491 W ActivityManager: Scheduling restart of crashed service com.google.android.gms/.icing.service.AppIndexingService in 40997ms
04-20 19:26:53.886  1741  8491 W ActivityManager: Scheduling restart of crashed service com.google.android.gms/.analytics.service.AnalyticsService in 50997ms
04-20 19:26:54.921  1741  1774 I ActivityManager: Start proc 21351:com.google.android.gms/u0a158 for service {com.google.android.gms/com.google.android.gms.chimera.GmsIntentOperationService}
04-20 19:26:56.943  1741  1741 I RoleManagerService: Granting default permissions...
04-20 19:26:56.988  1741  2656 W LocationProviderProxy: Odd, no component found for service com.android.location.service.v3.NetworkLocationProvider
04-20 19:26:57.033  1741  1741 I TelecomService: DefaultDialerCache: Refreshing default dialer for user 0: now com.google.android.dialer: DDC.oR@Acw
04-20 19:26:57.211  1741  1763 W Looper  : Slow delivery took 203ms android.fg h=android.os.Handler c=<recycled PooledLambda@9838673> m=0
04-20 19:26:57.438  1741  1763 W Looper  : Drained
04-20 19:26:57.659  1741  1772 I RoleUserState: Wrote roles.xml successfully
04-20 19:26:59.262  1741  9573 W ProcessStats: Tracking association SourceState{92f0524 com.google.android.gms.persistent/10158 ImpFg #50597} whose proc state 2 is better than process ProcessState{79e4eb8 com.google.android.gms/10158 pkg=com.google.android.gms (sub)} proc state 3 (61 skipped)
04-20 19:27:02.825  1741  1741 I RoleManagerService: Granting default permissions...
04-20 19:27:02.906  1741  2656 W LocationProviderProxy: Odd, no component found for service com.android.location.service.v3.NetworkLocationProvider
04-20 19:27:02.910  1741  2656 W LocationProviderProxy: Odd, no component found for service com.android.location.service.v3.NetworkLocationProvider
04-20 19:27:02.950  1741  1741 W Looper  : Slow dispatch took 121ms main h=android.app.ActivityThread$H c=android.app.-$$Lambda$LoadedApk$ReceiverDispatcher$Args$_BumDX2UKsnxLVrE6UJsJZkotuA@df91f9d m=0
04-20 19:27:03.070  1741  1741 I TelecomService: DefaultDialerCache: Refreshing default dialer for user 0: now com.google.android.dialer: DDC.oR@AdM
04-20 19:27:03.071  1741  1741 W Looper  : Slow delivery took 259ms main h=android.app.ActivityThread$H c=android.app.-$$Lambda$LoadedApk$ReceiverDispatcher$Args$_BumDX2UKsnxLVrE6UJsJZkotuA@a532f15 m=0
04-20 19:27:03.080  1741  1741 I RoleManagerService: Granting default permissions...
04-20 19:27:03.101  1741  1741 I TelecomService: DefaultDialerCache: Refreshing default dialer for user 0: now com.google.android.dialer: DDC.oR@AdQ
04-20 19:27:03.114  1741  1763 W Looper  : Slow delivery took 201ms android.fg h=android.os.Handler c=<recycled PooledLambda@dd2552c> m=0
04-20 19:27:03.208  1741  1763 W Looper  : Drained
04-20 19:27:03.213  1741  1741 W Looper  : Drained
04-20 19:27:03.503  1741  1772 I RoleUserState: Wrote roles.xml successfully
04-20 19:27:07.304  1741  5744 W AppOps  : Noting op not finished: uid 10158 pkg com.google.android.gms code 79 time=1618961161801 duration=0
04-20 19:27:07.307  1741 11669 W AppOps  : Noting op not finished: uid 10158 pkg com.google.android.gms code 79 time=1618961227304 duration=0
04-20 19:27:10.033  1741  2249 D NsdService: mdnssd [start-service]
04-20 19:27:10.283  1741  2249 D NsdService: New client listening to asynchronous messages
04-20 19:27:10.284  1741  2249 D NsdService: New client, channel: com.android.internal.util.AsyncChannel@a5d5753 messenger: android.os.Messenger@78ba890
04-20 19:27:20.677  1741  1781 I DisplayPowerController: Blocking screen on until initial contents have been drawn.
04-20 19:27:20.677  1741  1781 I WindowManager: Screen turning on...
04-20 19:27:20.680  1741  6427 D WindowManager: mKeyguardDelegate.ShowListener.onDrawn.
04-20 19:27:20.680  1741  1764 W WindowManager: Setting mKeyguardDrawComplete
04-20 19:27:20.682  1741  1781 V DisplayPowerController: Brightness [0] reason changing to: 'doze', previous reason: 'screen_off'.
04-20 19:27:20.684  1741  1766 I DisplayManagerService: Display device changed state: "Built-in Screen", ON
04-20 19:27:20.785  1741  1766 I WindowManager: All windows ready for display!
04-20 19:27:20.785  1741  1764 W WindowManager: Setting mWindowManagerDrawComplete
04-20 19:27:20.785  1741  1781 I DisplayPowerController: Unblocked screen on after 108 ms
04-20 19:27:22.902  1741  2123 I PowerManagerService: Waking up from Dozing (uid=1000, reason=WAKE_REASON_POWER_BUTTON, details=android.policy:POWER)...
04-20 19:27:22.905  1741  1741 W UsageStatsService: Event reported without a package name, eventType:15
04-20 19:27:22.913  1741  1781 V DisplayPowerController: Brightness [69] reason changing to: 'manual', previous reason: 'doze'.
04-20 19:27:22.914  1741  1781 V DisplayPowerController: Brightness [73] reason changing to: 'automatic', previous reason: 'manual'.
04-20 19:27:22.914  1741  1781 I DreamManagerService: Gently waking up from dream.
04-20 19:27:22.915  1741  1763 I DreamManagerService: Performing gentle wake from dream.
04-20 19:27:22.915  1741  1741 I WindowManager: Started waking up... (why=ON_BECAUSE_OF_USER)
04-20 19:27:22.915  1741  5744 I DreamManagerService: Leaving dreamland.
04-20 19:27:22.916  1741  1763 I DreamManagerService: Performing gentle wake from dream.
04-20 19:27:22.916  1741  1763 I DreamController: Stopping dream: name=ComponentInfo{com.android.systemui/com.android.systemui.doze.DozeService}, isTest=false, canDoze=true, userId=0
04-20 19:27:22.921  1741 11669 I PowerManagerService: Waking up from Awake (uid=10131, reason=WAKE_REASON_GESTURE, details=com.android.systemui:NODOZE)...
04-20 19:27:22.923  1741  1741 I WindowManager: Finished waking up... (why=ON_BECAUSE_OF_USER)
04-20 19:27:22.924  1741  1741 V SettingsProvider: Notifying for 0: content://settings/system/screen_brightness
04-20 19:27:22.943  2309  2309 V FingerprintManager: showFodIndicator show:true by (com.android.systemui)
04-20 19:27:22.960  1741  1741 V SettingsProvider: Notifying for 0: content://settings/secure/reminder_exp_learning_time_elapsed
04-20 19:27:22.972  1741  5744 V WindowManager: Changing focus from Window{bdbdb77 u0 AOD} to Window{2decc30 u0 StatusBar} displayId=0
04-20 19:27:23.007  1741  1767 I WindowManager:   SURFACE show Surface(name=NavigationBar0)/@0x18c4d8b on display:0: NavigationBar0
04-20 19:27:23.018  1741  2501 I WindowManager:   SURFACE show Surface(name=com.android.systemui.ImageWallpaper)/@0x1b70dbd on display:0: com.android.systemui.ImageWallpaper
04-20 19:27:23.032  1741  5777 D NotificationListeners: Disabling component com.motorola.motodisplay/.notification.DisplayNotifListenerService
04-20 19:27:23.063  1741  2501 I ActivityManager: Killing 20416:com.google.android.configupdater/u0a112 (adj 985): empty #17
04-20 19:27:23.132  1741  2501 D BluetoothManagerService: Unregistered for death of com.google.android.gms
04-20 19:27:23.132  1741  2501 D BluetoothManagerService: 0 registered Ble Apps
04-20 19:27:23.134  1741  2392 D ActivityManager: makeInactive, ProcessRecord{4b10df1 20416:com.google.android.configupdater/u0a112}, clear holder.state
04-20 19:27:23.328  1741  1764 D WindowManager: powerPress: eventTime=923201 interactive=true count=1 beganFromNonInteractive=true mShortPressOnPowerBehavior=1
04-20 19:27:23.389  1741  3580 D ActivityTaskManager: Top Process State changed to PROCESS_STATE_TOP
04-20 19:27:23.457  1741  1767 I LaunchCheckinHandler: Displayed com.google.android.permissioncontroller/com.android.packageinstaller.permission.ui.GrantPermissionsActivity,wp,ca,26622
04-20 19:27:23.457  1741  1767 I WindowManager: Window drawn AppWindowToken{9c6c40a token=Token{5122c75 ActivityRecord{1ff97ac u0 com.google.android.permissioncontroller/com.android.packageinstaller.permission.ui.GrantPermissionsActivity t7}}}
04-20 19:27:23.730  1741  1767 I WindowManager: Window drawn AppWindowToken{49a4b61 token=Token{7a26ec8 ActivityRecord{9c6f36b u0 com.google.location.nearby.apps.connectedcrossroad/nx.aodv.eval.MainActivity t7}}}
04-20 19:27:23.735  1741  1767 I WindowManager:   SURFACE show Surface(name=com.google.location.nearby.apps.connectedcrossroad/nx.aodv.eval.MainActivity)/@0x7cdc63f on display:0: com.google.location.nearby.apps.connectedcrossroad/nx.aodv.eval.MainActivity
04-20 19:27:23.737  1741  1767 I WindowManager:   SURFACE show Surface(name=com.google.android.permissioncontroller/com.android.packageinstaller.permission.ui.GrantPermissionsActivity)/@0x8becb0c on display:0: com.google.android.permissioncontroller/com.android.packageinstaller.permission.ui.GrantPermissionsActivity
04-20 19:27:23.744  1741  1741 V SettingsProvider: Notifying for 0: content://settings/secure/reminder_exp_learning_time_elapsed
04-20 19:27:23.764  1741  1766 W UsageStatsService: Event reported without a package name, eventType:18
04-20 19:27:23.769  1741  1773 W BroadcastQueue: Background execution not allowed: receiving Intent { act=android.intent.action.USER_PRESENT flg=0x24200010 } to com.android.chrome/org.chromium.chrome.browser.sharing.click_to_call.ClickToCallMessageHandler$PhoneUnlockedReceiver
04-20 19:27:23.769  1741  1773 W BroadcastQueue: Background execution not allowed: receiving Intent { act=android.intent.action.USER_PRESENT flg=0x24200010 } to com.google.android.gms/.auth.setup.devicesignals.LockScreenReceiver
04-20 19:27:23.769  1741  1773 W BroadcastQueue: Background execution not allowed: receiving Intent { act=android.intent.action.USER_PRESENT flg=0x24200010 } to com.google.android.gms/.chimera.GmsIntentOperationService$PersistentTrustedReceiver
04-20 19:27:23.778  1741  2501 V WindowManager: Changing focus from Window{2decc30 u0 StatusBar} to Window{aa043ba u0 com.google.android.permissioncontroller/com.android.packageinstaller.permission.ui.GrantPermissionsActivity} displayId=0
04-20 19:27:23.890  1741  2392 I WindowManager:   SURFACE SIZE set 720x56 on display:0: StatusBar
04-20 19:27:31.567  1741  2501 V WindowManager: Changing focus from Window{aa043ba u0 com.google.android.permissioncontroller/com.android.packageinstaller.permission.ui.GrantPermissionsActivity} to Window{1741d57 u0 com.google.location.nearby.apps.connectedcrossroad/nx.aodv.eval.MainActivity} displayId=0
04-20 19:27:31.607  1741 11669 I WindowManager: Window drawn AppWindowToken{49a4b61 token=Token{7a26ec8 ActivityRecord{9c6f36b u0 com.google.location.nearby.apps.connectedcrossroad/nx.aodv.eval.MainActivity t7}}}
04-20 19:27:31.607  1741 11669 V WindowManager: Changing focus from Window{1741d57 u0 com.google.location.nearby.apps.connectedcrossroad/nx.aodv.eval.MainActivity} to null displayId=0
04-20 19:27:31.854  1741  2392 I WindowManager: Window drawn AppWindowToken{9c6c40a token=Token{5122c75 ActivityRecord{1ff97ac u0 com.google.android.permissioncontroller/com.android.packageinstaller.permission.ui.GrantPermissionsActivity t7}}}
04-20 19:27:31.864  1741  2392 V WindowManager: Changing focus from null to Window{ee96168 u0 com.google.location.nearby.apps.connectedcrossroad/nx.aodv.eval.MainActivity} displayId=0
04-20 19:27:31.918  1741  1767 I WindowManager: Window drawn AppWindowToken{49a4b61 token=Token{7a26ec8 ActivityRecord{9c6f36b u0 com.google.location.nearby.apps.connectedcrossroad/nx.aodv.eval.MainActivity t7}}}
04-20 19:27:31.919  1741  1767 I WindowManager:   SURFACE show Surface(name=com.google.location.nearby.apps.connectedcrossroad/nx.aodv.eval.MainActivity)/@0x9fd9a26 on display:0: com.google.location.nearby.apps.connectedcrossroad/nx.aodv.eval.MainActivity
04-20 19:27:31.950  1741  1766 I ActivityManager: Killing 19634:com.google.android.apps.messaging/u0a182 (adj 985): empty #17
04-20 19:27:32.024  1741 11669 D ConnectivityService: ConnectivityService NetworkRequestInfo binderDied(NetworkRequest [ LISTEN id=93, [ Capabilities: INTERNET&NOT_RESTRICTED&TRUSTED Uid: 10182] ], android.os.BinderProxy@e53e9ac)
04-20 19:27:32.024  1741  6540 D ConnectivityService: ConnectivityService NetworkRequestInfo binderDied(NetworkRequest [ TRACK_DEFAULT id=92, [ Capabilities: INTERNET&NOT_RESTRICTED&TRUSTED Uid: 10182] ], android.os.BinderProxy@5fbb5f)
04-20 19:27:32.025  1741  2247 D ConnectivityService: releasing NetworkRequest [ TRACK_DEFAULT id=92, [ Capabilities: INTERNET&NOT_RESTRICTED&TRUSTED Uid: 10182] ] (release request)
04-20 19:27:32.025  1741  9573 D ActivityManager: makeInactive, ProcessRecord{ac15394 19634:com.google.android.apps.messaging/u0a182}, clear holder.state
04-20 19:27:44.006  1741  1767 I WindowManager:   SURFACE show Surface(name=InputMethod)/@0xf47380d on display:0: InputMethod
04-20 19:27:47.633  1741  1741 D BluetoothManagerService: Bluetooth Adapter name changed to Ikpjb1Rbye0AAAAAAAAAATU
04-20 19:27:47.634  1741  1741 D BluetoothManagerService: Stored Bluetooth name: Ikpjb1Rbye0AAAAAAAAAATU
04-20 19:27:47.636  1741  1741 V SettingsProvider: Notifying for 0: content://settings/secure/bluetooth_name
04-20 19:27:48.084  1741  2249 D NsdService: Register service
04-20 19:27:48.085  1741  2249 D NsdService: registerService: 2 name: Ikpjb1Rbye0AAA, type: _5BC9ED5E6C75._tcp, host: null, port: 38111, txtRecord: n=NQIPv4=192.168.1.68
04-20 19:27:48.085  1741  2249 D NsdService: mdnssd [register, 2, Ikpjb1Rbye0AAA, _5BC9ED5E6C75._tcp, 38111, BG49TlERSVB2ND0xOTIuMTY4LjEuNjg=]
04-20 19:27:48.089  1741  2249 D NsdService: Register 2 2
04-20 19:27:48.811  1741  2249 D NsdService: Native daemon message SERVICE_REGISTERED: 606 2 "Ikpjb1Rbye0AAA"
04-20 19:27:53.450  1741  1773 W BroadcastQueue: Background execution not allowed: receiving Intent { act=android.bluetooth.device.action.BOND_STATE_CHANGED flg=0x10 (has extras) } to com.google.android.gms/.chimera.GmsIntentOperationService$PersistentTrustedReceiver
04-20 19:27:53.450  1741  1773 W BroadcastQueue: Background execution not allowed: receiving Intent { act=android.bluetooth.device.action.BOND_STATE_CHANGED flg=0x10 (has extras) } to com.google.android.googlequicksearchbox/com.google.android.apps.gsa.broadcastreceiver.external.ExternalCommonBroadcastReceiver
04-20 19:27:54.148  1741  1773 W BroadcastQueue: Background execution not allowed: receiving Intent { act=android.bluetooth.device.action.BOND_STATE_CHANGED flg=0x10 (has extras) } to com.google.android.gms/.chimera.GmsIntentOperationService$PersistentTrustedReceiver
04-20 19:27:54.150  1741  1773 W BroadcastQueue: Background execution not allowed: receiving Intent { act=android.bluetooth.device.action.BOND_STATE_CHANGED flg=0x10 (has extras) } to com.google.android.googlequicksearchbox/com.google.android.apps.gsa.broadcastreceiver.external.ExternalCommonBroadcastReceiver
04-20 19:27:56.760  1741  2042 D BatteryService: uevent={POWER_SUPPLY_DP_DM=0, POWER_SUPPLY_VOLTAGE_NOW=4279678, POWER_SUPPLY_SW_JEITA_ENABLED=0, POWER_SUPPLY_CHARGE_CONTROL_LIMIT_MAX=8, POWER_SUPPLY_RECHARGE_SOC=99, POWER_SUPPLY_HEALTH=Good, POWER_SUPPLY_TECHNOLOGY=Li-ion, POWER_SUPPLY_FCC_STEPPER_ENABLE=0, SEQNUM=9478, POWER_SUPPLY_INPUT_CURRENT_LIMITED=0, POWER_SUPPLY_CHARGE_CONTROL_LIMIT=0, POWER_SUPPLY_BATTERY_CHARGING_ENABLED=1, POWER_SUPPLY_STATUS=Discharging, POWER_SUPPLY_CYCLE_COUNT=4, POWER_SUPPLY_CURRENT_MAX=2000000, POWER_SUPPLY_CHARGE_TERM_CURRENT=-101, POWER_SUPPLY_CAPACITY=96, DEVPATH=/devices/platform/soc/200f000.qcom,spmi/spmi-0/spmi0-02/200f000.qcom,spmi:qcom,pmi632@2:qcom,qpnp-smb5/power_supply/battery, POWER_SUPPLY_CHARGE_DONE=0, POWER_SUPPLY_CHARGE_TYPE=N/A, POWER_SUPPLY_CHARGE_RATE=None, POWER_SUPPLY_CURRENT_NOW=-213623, POWER_SUPPLY_SYSTEM_TEMP_LEVEL=0, POWER_SUPPLY_PRESENT=1, POWER_SUPPLY_PARALLEL_DISABLE=0, POWER_SUPPLY_CHARGE_FULL=3615000, SUBSYSTEM=power_supply, POWER_SUPPLY_SET_SHIP_MODE=0, POWER_SUPPLY_TEMP=242, ACTION=change, POWER_SUPPLY_RERUN_AICL=0, POWER_SUPPLY_AGE=100, POWER_SUPPLY_NAME=battery, POWER_SUPPLY_VOLTAGE_MAX=-22, POWER_SUPPLY_CONSTANT_CHARGE_CURRENT_MAX=2000000, POWER_SUPPLY_CHARGE_COUNTER=3434250, POWER_SUPPLY_STEP_CHARGING_ENABLED=0, POWER_SUPPLY_NUM_SYSTEM_TEMP_LEVELS=8, POWER_SUPPLY_DIE_HEALTH=Hot, POWER_SUPPLY_INPUT_SUSPEND=0}
04-20 19:28:12.302  1741  1773 W BroadcastQueue: Background execution not allowed: receiving Intent { act=android.bluetooth.device.action.BOND_STATE_CHANGED flg=0x10 (has extras) } to com.google.android.gms/.chimera.GmsIntentOperationService$PersistentTrustedReceiver
04-20 19:28:12.303  1741  1773 W BroadcastQueue: Background execution not allowed: receiving Intent { act=android.bluetooth.device.action.BOND_STATE_CHANGED flg=0x10 (has extras) } to com.google.android.googlequicksearchbox/com.google.android.apps.gsa.broadcastreceiver.external.ExternalCommonBroadcastReceiver
04-20 19:28:12.629  1741  1773 W BroadcastQueue: Background execution not allowed: receiving Intent { act=android.bluetooth.device.action.BOND_STATE_CHANGED flg=0x10 (has extras) } to com.google.android.gms/.chimera.GmsIntentOperationService$PersistentTrustedReceiver
04-20 19:28:12.629  1741  1773 W BroadcastQueue: Background execution not allowed: receiving Intent { act=android.bluetooth.device.action.BOND_STATE_CHANGED flg=0x10 (has extras) } to com.google.android.googlequicksearchbox/com.google.android.apps.gsa.broadcastreceiver.external.ExternalCommonBroadcastReceiver
04-20 19:28:40.339  1741  1781 V DisplayPowerController: Brightness [1] reason changing to: 'automatic [ dim ]', previous reason: 'automatic'.
04-20 19:28:41.808  1741  1781 V DisplayPowerController: Brightness [73] reason changing to: 'automatic', previous reason: 'automatic [ dim ]'.
04-20 19:28:54.438  1741  1773 W BroadcastQueue: Background execution not allowed: receiving Intent { act=android.bluetooth.device.action.BOND_STATE_CHANGED flg=0x10 (has extras) } to com.google.android.gms/.chimera.GmsIntentOperationService$PersistentTrustedReceiver
04-20 19:28:54.439  1741  1773 W BroadcastQueue: Background execution not allowed: receiving Intent { act=android.bluetooth.device.action.BOND_STATE_CHANGED flg=0x10 (has extras) } to com.google.android.googlequicksearchbox/com.google.android.apps.gsa.broadcastreceiver.external.ExternalCommonBroadcastReceiver
04-20 19:28:54.706  1741  1773 W BroadcastQueue: Background execution not allowed: receiving Intent { act=android.bluetooth.device.action.BOND_STATE_CHANGED flg=0x10 (has extras) } to com.google.android.gms/.chimera.GmsIntentOperationService$PersistentTrustedReceiver
04-20 19:28:54.706  1741  1773 W BroadcastQueue: Background execution not allowed: receiving Intent { act=android.bluetooth.device.action.BOND_STATE_CHANGED flg=0x10 (has extras) } to com.google.android.googlequicksearchbox/com.google.android.apps.gsa.broadcastreceiver.external.ExternalCommonBroadcastReceiver
04-20 19:28:58.203  1741  2042 D BatteryService: uevent={POWER_SUPPLY_DP_DM=0, POWER_SUPPLY_VOLTAGE_NOW=4277926, POWER_SUPPLY_SW_JEITA_ENABLED=0, POWER_SUPPLY_CHARGE_CONTROL_LIMIT_MAX=8, POWER_SUPPLY_RECHARGE_SOC=99, POWER_SUPPLY_HEALTH=Good, POWER_SUPPLY_TECHNOLOGY=Li-ion, POWER_SUPPLY_FCC_STEPPER_ENABLE=0, SEQNUM=9601, POWER_SUPPLY_INPUT_CURRENT_LIMITED=0, POWER_SUPPLY_CHARGE_CONTROL_LIMIT=0, POWER_SUPPLY_BATTERY_CHARGING_ENABLED=1, POWER_SUPPLY_STATUS=Discharging, POWER_SUPPLY_CYCLE_COUNT=4, POWER_SUPPLY_CURRENT_MAX=2000000, POWER_SUPPLY_CHARGE_TERM_CURRENT=-101, POWER_SUPPLY_CAPACITY=96, DEVPATH=/devices/platform/soc/200f000.qcom,spmi/spmi-0/spmi0-02/200f000.qcom,spmi:qcom,pmi632@2:qcom,qpnp-smb5/power_supply/battery, POWER_SUPPLY_CHARGE_DONE=0, POWER_SUPPLY_CHARGE_TYPE=N/A, POWER_SUPPLY_CHARGE_RATE=None, POWER_SUPPLY_CURRENT_NOW=-220031, POWER_SUPPLY_SYSTEM_TEMP_LEVEL=0, POWER_SUPPLY_PRESENT=1, POWER_SUPPLY_PARALLEL_DISABLE=0, POWER_SUPPLY_CHARGE_FULL=3615000, SUBSYSTEM=power_supply, POWER_SUPPLY_SET_SHIP_MODE=0, POWER_SUPPLY_TEMP=240, ACTION=change, POWER_SUPPLY_RERUN_AICL=0, POWER_SUPPLY_AGE=100, POWER_SUPPLY_NAME=battery, POWER_SUPPLY_VOLTAGE_MAX=-22, POWER_SUPPLY_CONSTANT_CHARGE_CURRENT_MAX=2000000, POWER_SUPPLY_CHARGE_COUNTER=3434250, POWER_SUPPLY_STEP_CHARGING_ENABLED=0, POWER_SUPPLY_NUM_SYSTEM_TEMP_LEVELS=8, POWER_SUPPLY_DIE_HEALTH=Hot, POWER_SUPPLY_INPUT_SUSPEND=0}
04-20 19:29:05.026  1741  2042 D BatteryService: uevent={POWER_SUPPLY_DP_DM=0, POWER_SUPPLY_VOLTAGE_NOW=4275785, POWER_SUPPLY_SW_JEITA_ENABLED=0, POWER_SUPPLY_CHARGE_CONTROL_LIMIT_MAX=8, POWER_SUPPLY_RECHARGE_SOC=99, POWER_SUPPLY_HEALTH=Good, POWER_SUPPLY_TECHNOLOGY=Li-ion, POWER_SUPPLY_FCC_STEPPER_ENABLE=0, SEQNUM=9617, POWER_SUPPLY_INPUT_CURRENT_LIMITED=0, POWER_SUPPLY_CHARGE_CONTROL_LIMIT=0, POWER_SUPPLY_BATTERY_CHARGING_ENABLED=1, POWER_SUPPLY_STATUS=Discharging, POWER_SUPPLY_CYCLE_COUNT=4, POWER_SUPPLY_CURRENT_MAX=2000000, POWER_SUPPLY_CHARGE_TERM_CURRENT=-101, POWER_SUPPLY_CAPACITY=95, DEVPATH=/devices/platform/soc/200f000.qcom,spmi/spmi-0/spmi0-02/200f000.qcom,spmi:qcom,pmi632@2:qcom,qpnp-smb5/power_supply/battery, POWER_SUPPLY_CHARGE_DONE=0, POWER_SUPPLY_CHARGE_TYPE=N/A, POWER_SUPPLY_CHARGE_RATE=None, POWER_SUPPLY_CURRENT_NOW=-223083, POWER_SUPPLY_SYSTEM_TEMP_LEVEL=0, POWER_SUPPLY_PRESENT=1, POWER_SUPPLY_PARALLEL_DISABLE=0, POWER_SUPPLY_CHARGE_FULL=3615000, SUBSYSTEM=power_supply, POWER_SUPPLY_SET_SHIP_MODE=0, POWER_SUPPLY_TEMP=240, ACTION=change, POWER_SUPPLY_RERUN_AICL=0, POWER_SUPPLY_AGE=100, POWER_SUPPLY_NAME=battery, POWER_SUPPLY_VOLTAGE_MAX=-22, POWER_SUPPLY_CONSTANT_CHARGE_CURRENT_MAX=2000000, POWER_SUPPLY_CHARGE_COUNTER=3434250, POWER_SUPPLY_STEP_CHARGING_ENABLED=0, POWER_SUPPLY_NUM_SYSTEM_TEMP_LEVELS=8, POWER_SUPPLY_DIE_HEALTH=Hot, POWER_SUPPLY_INPUT_SUSPEND=0}
04-20 19:29:36.366  1741  9573 I ActivityManager: Force stopping com.google.location.nearby.apps.connectedcrossroad appid=10216 user=0: from pid 22044
04-20 19:29:36.367  1741  9573 I ActivityManager: Killing 21256:com.google.location.nearby.apps.connectedcrossroad/u0a216 (adj 0): stop com.google.location.nearby.apps.connectedcrossroad
04-20 19:29:36.368  1741  9573 D ActivityManager: makeInactive, ProcessRecord{e81c380 21256:com.google.location.nearby.apps.connectedcrossroad/u0a216}, clear holder.state
04-20 19:29:36.370  1741  9573 W ActivityTaskManager: Force removing ActivityRecord{9c6f36b u0 com.google.location.nearby.apps.connectedcrossroad/nx.aodv.eval.MainActivity t7 f}: app died, no saved state
04-20 19:29:36.371  1741  9573 V WindowManager: Changing focus from Window{ee96168 u0 com.google.location.nearby.apps.connectedcrossroad/nx.aodv.eval.MainActivity} to null displayId=0
04-20 19:29:36.384  1741  9573 I WindowManager: Window drawn AppWindowToken{49a4b61 token=Token{7a26ec8 ActivityRecord{9c6f36b u0 com.google.location.nearby.apps.connectedcrossroad/nx.aodv.eval.MainActivity t7}}}
04-20 19:29:36.390  1741  9573 I ActivityTaskManager: moveHomeStack, setupComplete:true
04-20 19:29:36.461  1741  1766 W ActivityManager: setHasOverlayUi called on unknown pid: 21256
04-20 19:29:36.545  1741  3613 V WindowManager: Changing focus from null to Window{4324562 u0 com.motorola.launcher3/com.android.launcher3.CustomizationPanelLauncher} displayId=0
04-20 19:29:36.565  1741  1774 I ActivityManager: Start proc 22048:com.motorola.timeweatherwidget/u0a205 for content provider {com.motorola.timeweatherwidget/com.motorola.commandcenter.weather.AssistReceiver}
04-20 19:29:36.583  1741  1767 I WindowManager:   SURFACE show Surface(name=com.android.systemui.ImageWallpaper)/@0x1b70dbd on display:0: com.android.systemui.ImageWallpaper
04-20 19:29:36.588  1741  1767 I WindowManager: Window drawn AppWindowToken{b2426a2 token=Token{8439a6d ActivityRecord{caaa284 u0 com.motorola.launcher3/com.android.launcher3.CustomizationPanelLauncher t4}}}
04-20 19:29:36.592  1741  1767 I WindowManager:   SURFACE show Surface(name=com.motorola.launcher3/com.android.launcher3.CustomizationPanelLauncher)/@0x3098a92 on display:0: com.motorola.launcher3/com.android.launcher3.CustomizationPanelLauncher
04-20 19:29:36.646  1741  1767 I WindowManager:   SURFACE show Surface(name=FloatingTutorialButton)/@0xe789724 on display:0: FloatingTutorialButton
04-20 19:29:36.660  1741  1774 I ActivityManager: Start proc 22068:com.android.vending:instant_app_installer/u0a120 for service {com.android.vending/com.google.android.finsky.instantapps.metrics.LogFlushJob}
04-20 19:29:36.758  1741  6555 V WindowManager: Changing focus from Window{4324562 u0 com.motorola.launcher3/com.android.launcher3.CustomizationPanelLauncher} to Window{242954a u0 com.motorola.launcher3/com.android.launcher3.CustomizationPanelLauncher} displayId=0
04-20 19:29:36.791  1741  6427 V WindowManager: Changing focus from Window{242954a u0 com.motorola.launcher3/com.android.launcher3.CustomizationPanelLauncher} to Window{4324562 u0 com.motorola.launcher3/com.android.launcher3.CustomizationPanelLauncher} displayId=0
04-20 19:29:36.831  1741  1774 I ActivityManager: Start proc 22109:com.android.providers.calendar/u0a59 for content provider {com.android.providers.calendar/com.android.providers.calendar.CalendarProvider2}
04-20 19:29:36.833  1741  1767 I WindowManager:   SURFACE show Surface(name=com.motorola.launcher3/com.android.launcher3.CustomizationPanelLauncher)/@0x81ef423 on display:0: com.motorola.launcher3/com.android.launcher3.CustomizationPanelLauncher
04-20 19:29:37.194  1741  2249 D NsdService: unregister service
04-20 19:29:37.195  1741  2249 D NsdService: mdnssd [stop-register, 2]
04-20 19:29:37.216  1741  1741 D BluetoothManagerService: Bluetooth Adapter name changed to moto e
04-20 19:29:37.216  1741  1741 D BluetoothManagerService: Stored Bluetooth name: moto e
04-20 19:29:37.217  1741  1741 V SettingsProvider: Notifying for 0: content://settings/secure/bluetooth_name
04-20 19:29:40.337  1741  1766 E SensorNotificationService: Invalid local geomagnetic field, ignore.
04-20 19:29:40.441  1741  1763 W Looper  : Slow dispatch took 124ms android.fg h=android.location.LocationManager$ListenerTransport$2 c=null m=1
04-20 19:29:41.226  1741  1763 W Looper  : Slow dispatch took 784ms android.fg h=android.os.Handler c=java.util.concurrent.FutureTask@38329c4 m=0
04-20 19:29:50.803  1741  1781 V DisplayPowerController: Brightness [1] reason changing to: 'automatic [ dim ]', previous reason: 'automatic'.
04-20 19:29:51.310  1741  2316 I ActivityManager: Force stopping com.google.location.nearby.apps.connectedcrossroad appid=10216 user=0: from pid 22210
04-20 19:29:52.896  1741  1781 V DisplayPowerController: Brightness [73] reason changing to: 'automatic', previous reason: 'automatic [ dim ]'.
04-20 19:29:54.544  1741  6427 I ActivityManager: Force stopping com.google.location.nearby.apps.connectedcrossroad appid=10216 user=0: from pid 22245
04-20 19:29:54.644  1741  2316 I ActivityTaskManager: START u0 {act=android.intent.action.MAIN cat=[android.intent.category.LAUNCHER] flg=0x10000000 cmp=com.google.location.nearby.apps.connectedcrossroad/nx.aodv.eval.MainActivity} from uid 2000
04-20 19:29:54.645  1741  2316 D ActivityTaskManager: getPreferredLaunchDisplay usersetdisplayid -1 current displayId 0 paramspreferid 0
04-20 19:29:54.645  1741  2316 D ActivityTaskManager: getPreferredLaunchDisplay usersetdisplayid -1 current displayId 0 paramspreferid 0
04-20 19:29:54.650  1741  2316 D ActivityTaskManager: getPreferredLaunchDisplay usersetdisplayid 0 current displayId 0 paramspreferid 0
04-20 19:29:54.670  1741  1741 V SettingsProvider: Notifying for 0: content://settings/secure/reminder_exp_learning_time_elapsed
04-20 19:29:54.688  1741  1767 V WindowManager: Changing focus from Window{4324562 u0 com.motorola.launcher3/com.android.launcher3.CustomizationPanelLauncher} to null displayId=0
04-20 19:29:54.701  1741  1774 I ActivityManager: Start proc 22255:com.google.location.nearby.apps.connectedcrossroad/u0a216 for activity {com.google.location.nearby.apps.connectedcrossroad/nx.aodv.eval.MainActivity}
04-20 19:29:54.752  1741  1767 I WindowManager:   SURFACE show Surface(name=Splash Screen com.google.location.nearby.apps.connectedcrossroad)/@0x4c56225 on display:0: Splash Screen com.google.location.nearby.apps.connectedcrossroad
04-20 19:29:55.062  1741  2316 I WindowManager: Window drawn AppWindowToken{b2426a2 token=Token{8439a6d ActivityRecord{caaa284 u0 com.motorola.launcher3/com.android.launcher3.CustomizationPanelLauncher t4}}}
04-20 19:29:55.382  1741  6555 V WindowManager: Changing focus from null to Window{45127c u0 com.google.location.nearby.apps.connectedcrossroad/nx.aodv.eval.MainActivity} displayId=0
04-20 19:29:55.442  1741  1767 I LaunchCheckinHandler: Displayed com.google.location.nearby.apps.connectedcrossroad/nx.aodv.eval.MainActivity,cp,ca,770
04-20 19:29:55.442  1741  1767 I WindowManager: Window drawn AppWindowToken{1f26e3e token=Token{b1e0ef9 ActivityRecord{70321c0 u0 com.google.location.nearby.apps.connectedcrossroad/nx.aodv.eval.MainActivity t8}}}
