04-20 20:25:56.422  2774  3670 I CarrierServices: [98] car.a: FiST: Wifi connectivity status true
04-20 20:25:56.423  2774  4179 I CarrierServices: [128] awv.handleMessage: RCS is disabled, skipping config update request
04-20 20:25:56.424  2774  4177 I CarrierServices: [126] chy.a: (PEv2-SM): DisabledState: event Connectivity event
04-20 20:25:56.424  2774  3670 I CarrierServices: [98] cay.d: Connected state: [1], networkType: [WIFI]
04-20 20:25:56.427  2508 22360 E PhoneInterfaceManager: [PhoneIntfMgr] getCarrierPrivilegeStatus: No UICC
04-20 20:26:00.030  2313  2313 W View    : requestLayout() improperly called by com.android.systemui.statusbar.HeadsUpStatusBarView{e5b882e I.E...... ......ID 0,0-248,56 #7f0a01f7 app:id/heads_up_status_bar_view} during layout: running second layout pass
04-20 20:26:00.118  1749  7754 I ActivityManager: Force stopping com.google.location.nearby.apps.connectedcrossroad appid=10216 user=0: from pid 7059
04-20 20:26:00.122  2508  2508 E PhoneInterfaceManager: [PhoneIntfMgr] getCarrierPackageNamesForIntent: No UICC
04-20 20:26:00.122  2508  2508 D CarrierSvcBindHelper: No carrier app for: 0
04-20 20:26:02.513  2448  3640 D QCNEJ/WlanStaInfoRelay: Received action: android.net.wifi.RSSI_CHANGED
04-20 20:26:02.514  2448  3640 I QCNEJ/NativeHalConnector: -> SND notifyWlanStaStatusChanged([WlanStaInfo]: wifiSwitchState = 1 rssi = -54 ssid = Jasmine bssid = b0:39:56:5a:37:40 dnsInfo = 192.168.1.1;0.0.0.0;0.0.0.0;0.0.0.0; freqBand = _2GHz countryCode = us[RatInfo]: networkType = 1 subType = 101 networkState = CONNECTED netHdl = 432902426637 ipAddrV4 = 192.168.1.65 ipAddrV6 =  ifNameV4 = wlan0 ifNameV6 =  slotIdx = 0 isAndroidValidated = true) timeStamp = 2021-04-20 20:26:02.514
04-20 20:26:02.527  2508  2708 E PhoneInterfaceManager: [PhoneIntfMgr] getCarrierPrivilegeStatus: No UICC
04-20 20:26:02.530  2774  3670 I CarrierServices: [98] car.a: FiST: Wifi connectivity status true
04-20 20:26:02.532  2774  4179 I CarrierServices: [128] awv.handleMessage: RCS is disabled, skipping config update request
04-20 20:26:02.532  2774  3670 I CarrierServices: [98] cay.d: Connected state: [1], networkType: [WIFI]
04-20 20:26:02.532  2774  4177 I CarrierServices: [126] chy.a: (PEv2-SM): DisabledState: event Connectivity event
04-20 20:26:02.536  2508  2708 E PhoneInterfaceManager: [PhoneIntfMgr] getCarrierPrivilegeStatus: No UICC
04-20 20:26:03.331  1749  7754 I ActivityManager: Force stopping com.google.location.nearby.apps.connectedcrossroad appid=10216 user=0: from pid 7088
04-20 20:26:03.338  2508  2508 E PhoneInterfaceManager: [PhoneIntfMgr] getCarrierPackageNamesForIntent: No UICC
04-20 20:26:03.338  2508  2508 D CarrierSvcBindHelper: No carrier app for: 0
04-20 20:26:03.467  1749  7754 I ActivityTaskManager: START u0 {act=android.intent.action.MAIN cat=[android.intent.category.LAUNCHER] flg=0x10000000 cmp=com.google.location.nearby.apps.connectedcrossroad/nx.aodv.eval.MainActivity} from uid 2000
04-20 20:26:03.468  1749  7754 D ActivityTaskManager: getPreferredLaunchDisplay usersetdisplayid -1 current displayId 0 paramspreferid 0
04-20 20:26:03.468  1749  7754 D ActivityTaskManager: getPreferredLaunchDisplay usersetdisplayid -1 current displayId 0 paramspreferid 0
04-20 20:26:03.472  1749  7754 D ActivityTaskManager: getPreferredLaunchDisplay usersetdisplayid 0 current displayId 0 paramspreferid 0
04-20 20:26:03.482  8057  8312 D MCLOG   : [MC_TriggerHelper] PauseResumeTrigger
04-20 20:26:03.490  1749  1749 V SettingsProvider: Notifying for 0: content://settings/secure/reminder_exp_learning_time_elapsed
04-20 20:26:03.491  8057  8057 D MCLOG   : [MC_Service] onStartcommand()
04-20 20:26:03.496  1749  1773 E system_server: Invalid ID 0x00000000.
04-20 20:26:03.509   729   729 D Zygote  : Forked child process 7098
04-20 20:26:03.512  1749  1782 I ActivityManager: Start proc 7098:com.google.location.nearby.apps.connectedcrossroad/u0a216 for activity {com.google.location.nearby.apps.connectedcrossroad/nx.aodv.eval.MainActivity}
04-20 20:26:03.515  1749  1773 V WindowManager: Changing focus from Window{733e816 u0 com.motorola.launcher3/com.android.launcher3.CustomizationPanelLauncher} to null displayId=0
04-20 20:26:03.516  7098  7098 I chatty  : uid=10216(com.google.location.nearby.apps.connectedcrossroad) expire 9 lines
04-20 20:26:03.565  8057  8312 D MCLOG   : [MC_TriggerHelper] PauseResumeTrigger
04-20 20:26:03.574  1749  1773 I WindowManager:   SURFACE show Surface(name=Splash Screen com.google.location.nearby.apps.connectedcrossroad)/@0x29fd009 on display:0: Splash Screen com.google.location.nearby.apps.connectedcrossroad
04-20 20:26:03.583  8057  8057 D MCLOG   : [MC_Service] onStartcommand()
04-20 20:26:03.598 21153 21380 I MicroDetectionState: Should stop hotword detection immediately - false
04-20 20:26:03.599 21153 21380 I MicroDetector: Keeping mic open: false
04-20 20:26:03.599 21153 21380 I RecognitionAudioControl: #shutdownAudio [requestId: -2232276504563188386, keepAudioOpen: false, forced: true]
04-20 20:26:03.599 21153  6503 E DeviceStateChecker: DeviceStateChecker cancelled
04-20 20:26:03.600 21153 21380 I RecognitionAudioControl: #internalShutdownAudio [requestId: -2232276504563188386]
04-20 20:26:03.600 21153 21380 I RecognitionAudioControl: #internalShutdownAudio [keepAudioOpen: false, forced: true]
04-20 20:26:03.600 21153 21380 I RecognitionAudioControl: #actualShutdownAudio
04-20 20:26:03.600 21153 21380 I AudioController: #shutdown [requestId=-2232276504563188386]
04-20 20:26:03.600 21153 21406 I AudioController: internalShutdown
04-20 20:26:03.600 21153 21405 I MicroRecognitionRunner: Stopping hotword detection.
04-20 20:26:03.669   815  1715 D audio_hw_primary: disable_audio_route: usecase(10) reset and update mixer path: audio-record
04-20 20:26:03.669   815  1715 D audio_hw_primary: disable_snd_device: snd_device(136: voice-rec-mic)
04-20 20:26:03.671   815   961 D audio_hw_primary: in_set_parameters: enter: kvpairs=routing=0
04-20 20:26:03.675 21153 21406 I MicrophoneInputStream: mic_close  SR : 16000 CC : 16 SO : 1999
04-20 20:26:03.675 21153 21406 E AudioSource: Stop listening is called on already closed AudioSource
04-20 20:26:03.676 21153  6497 I MicroRecognitionRunner: Detection finished
04-20 20:26:03.874  1749  7754 I WindowManager: Window drawn AppWindowToken{7a5d47e token=Token{e022639 ActivityRecord{9980e00 u0 com.motorola.launcher3/com.android.launcher3.CustomizationPanelLauncher t3}}}
04-20 20:26:04.148 21460 21460 D BoundBrokerSvc: onBind: Intent { act=com.google.android.gms.nearby.connection.service.START pkg=com.google.android.gms }
04-20 20:26:04.148 21460 21460 D BoundBrokerSvc: Loading bound service for intent: Intent { act=com.google.android.gms.nearby.connection.service.START pkg=com.google.android.gms }
04-20 20:26:04.234  1749  3487 V WindowManager: Changing focus from null to Window{1cd4370 u0 com.google.location.nearby.apps.connectedcrossroad/nx.aodv.eval.MainActivity} displayId=0
04-20 20:26:04.237  7098  7127 I chatty  : uid=10216(com.google.location.nearby.apps.connectedcrossroad) RenderThread expire 4 lines
04-20 20:26:04.280   579   579 I hwservicemanager: getTransport: Cannot find entry android.hardware.graphics.mapper@3.0::IMapper/default in either framework or device manifest.
04-20 20:26:04.299  1749  1773 I LaunchCheckinHandler: Displayed com.google.location.nearby.apps.connectedcrossroad/nx.aodv.eval.MainActivity,cp,ca,807
04-20 20:26:04.300  1749  1773 I WindowManager: Window drawn AppWindowToken{a9c05e3 token=Token{785a12 ActivityRecord{9a3b59d u0 com.google.location.nearby.apps.connectedcrossroad/nx.aodv.eval.MainActivity t23}}}
04-20 20:26:04.300  1749  1773 I WindowManager:   SURFACE show Surface(name=com.google.location.nearby.apps.connectedcrossroad/nx.aodv.eval.MainActivity)/@0x79206e9 on display:0: com.google.location.nearby.apps.connectedcrossroad/nx.aodv.eval.MainActivity
04-20 20:26:04.302  1749  1780 I ActivityTaskManager: Displayed com.google.location.nearby.apps.connectedcrossroad/nx.aodv.eval.MainActivity: +832ms
04-20 20:26:04.316 21460 22366 I NearbyConnections: Client 110181165 with package name com.google.location.nearby.apps.connectedcrossroad and sdk version 12451000 has connected. [CONTEXT service_id=54 ]
04-20 20:26:04.353  1749  8013 I ActivityManager: Killing 1859:com.motorola.lifetimedata/u0a105 (adj 975): empty #17
04-20 20:26:04.367 21153  5372 I PBSessionCacheImpl: Deleted sessionId[93033496809964524] from persistence.
04-20 20:26:04.407  1749  3487 D ActivityManager: makeInactive, ProcessRecord{533a0ff 1859:com.motorola.lifetimedata/u0a105}, clear holder.state
04-20 20:26:04.407   729   729 I Zygote  : Process 1859 exited due to signal 9 (Killed)
04-20 20:26:04.408  1749  1783 I libprocessgroup: Successfully killed process cgroup uid 10105 pid 1859 in 55ms
04-20 20:26:04.667 21153 21380 W SearchServiceCore: Abort, client detached.
04-20 20:26:04.813 31470  6926 V StudioProfiler: Subscribe to statsd atoms for pid 7098 (uid: 10216)
04-20 20:26:04.813 31470  6926 D StudioTransport: Forking Command: /system/bin/cmd
04-20 20:26:04.816  7145  7145 D StudioTransport: NonBlockingCommandRunner executes '/system/bin/cmd' '/system/bin/cmd' 'stats' 'data-subscribe'
04-20 20:26:04.825  7149  7149 W run-as  : type=1400 audit(0.0:762): avc: denied { read } for uid=2000 path="/proc/31470/net/udp6" dev="proc" ino=4026532643 scontext=u:r:runas:s0 tcontext=u:object_r:proc_net_tcp_udp:s0 tclass=file permissive=0
04-20 20:26:04.876   728  2355 I netd    : trafficSwapActiveStatsMap() <39.44ms>
04-20 20:26:04.878   728  2355 I netd    : tetherGetStats() <1.24ms>
04-20 20:26:04.988  7161  7161 I chatty  : uid=10216(com.google.location.nearby.apps.connectedcrossroad) sh expire 1 line
04-20 20:26:04.988  7162  7162 I chatty  : uid=10216(com.google.location.nearby.apps.connectedcrossroad) ./code_cache/transport expire 2 lines
04-20 20:26:05.886   728  2355 I netd    : trafficSwapActiveStatsMap() <5.56ms>
04-20 20:26:05.887   728  2355 I netd    : tetherGetStats() <0.87ms>
04-20 20:26:06.198 31470  6926 D StudioTransport: Running 'cmd activity attach-agent com.google.location.nearby.apps.connectedcrossroad /data/data/com.google.location.nearby.apps.connectedcrossroad/code_cache/libjvmtiagent_arm.so=/data/local/tmp/perfd/agent.config'
04-20 20:26:06.238     0     0 W swapper/1: type=1400 audit(0.0:767): avc: denied { kill } for uid=0 capability=5 scontext=u:r:kernel:s0 tcontext=u:r:kernel:s0 tclass=capability permissive=0
04-20 20:26:06.242  7181  7181 I chatty  : uid=10216(com.google.location.nearby.apps.connectedcrossroad) ./code_cache/transport expire 2 lines
04-20 20:26:06.259  7098  7185 I chatty  : uid=10216(com.google.location.nearby.apps.connectedcrossroad) Studio:Socket expire 1 line
04-20 20:26:06.262  7098  7184 I chatty  : uid=10216(com.google.location.nearby.apps.connectedcrossroad) Thread-9 expire 3 lines
04-20 20:26:06.357  1749  8013 W AppOps  : Noting op not finished: uid 10158 pkg com.google.android.gms code 79 time=1618964764146 duration=-1618959980922
04-20 20:26:06.360  1749  3487 W AppOps  : Noting op not finished: uid 10158 pkg com.google.android.gms code 79 time=1618964766357 duration=0
04-20 20:26:06.728  7098  7189 I chatty  : uid=10216(com.google.location.nearby.apps.connectedcrossroad) Thread-8 expire 1079 lines
04-20 20:26:06.900   728  2355 I netd    : trafficSwapActiveStatsMap() <9.59ms>
04-20 20:26:06.906   728  2355 I netd    : tetherGetStats() <3.61ms>
04-20 20:26:07.767   812  1044 W qti_sensors_hal: processReportInd: lux: 42, ch0: 104, ch1: 15
04-20 20:26:07.916   728  2355 I netd    : trafficSwapActiveStatsMap() <5.73ms>
04-20 20:26:07.922   728  2355 I netd    : tetherGetStats() <3.36ms>
04-20 20:26:08.697   579   579 E SELinux : avc:  denied  { find } for interface=android.hardware.memtrack::IMemtrack sid=u:r:priv_app:s0:c512,c768 pid=5345 scontext=u:r:priv_app:s0:c512,c768 tcontext=u:object_r:hal_memtrack_hwservice:s0 tclass=hwservice_manager permissive=0
04-20 20:26:08.697  5345  5382 E memtrack: Couldn't load memtrack module
04-20 20:26:08.697  5345  5382 W android.os.Debug: failed to get memory consumption info: -1
04-20 20:26:08.794  5345  5382 E memtrack: Couldn't load memtrack module
04-20 20:26:08.794  5345  5382 W android.os.Debug: failed to get memory consumption info: -1
04-20 20:26:08.940   728  2355 I netd    : trafficSwapActiveStatsMap() <13.40ms>
04-20 20:26:08.946   728  2355 I netd    : tetherGetStats() <3.64ms>
04-20 20:26:09.983   728  2355 I netd    : trafficSwapActiveStatsMap() <32.31ms>
04-20 20:26:09.986   728  2355 I netd    : tetherGetStats() <1.10ms>
04-20 20:26:11.006   728  2355 I netd    : trafficSwapActiveStatsMap() <17.75ms>
04-20 20:26:11.009   728  2355 I netd    : tetherGetStats() <1.09ms>
04-20 20:26:11.021  7098  7189 W nectedcrossroa: Accessing hidden method Landroid/app/ActivityThread;->checkAndBlockForNetworkAccess()V (greylist-max-o, linking, denied)
04-20 20:26:11.021  7098  7189 W nectedcrossroa: Accessing hidden method Landroid/util/SuperNotCalledException;-><init>(Ljava/lang/String;)V (greylist-max-o, linking, denied)
04-20 20:26:11.021  7098  7189 W nectedcrossroa: Accessing hidden method Landroid/app/ActivityThread;->handleStartActivity(Landroid/app/ActivityThread$ActivityClientRecord;Landroid/app/servertransaction/PendingTransactionActions;)V (greylist-max-o, linking, denied)
04-20 20:26:11.021  7098  7189 W nectedcrossroa: Accessing hidden method Landroid/app/Activity;->performStart(Ljava/lang/String;)V (greylist-max-o, linking, denied)
04-20 20:26:11.021  7098  7189 W nectedcrossroa: Accessing hidden method Landroid/app/ActivityThread;->handleStopActivity(Landroid/os/IBinder;ZILandroid/app/servertransaction/PendingTransactionActions;ZLjava/lang/String;)V (greylist-max-o, linking, denied)
04-20 20:26:11.022  7098  7189 W nectedcrossroa: Accessing hidden field Landroid/app/Activity;->mConfigChangeFlags:I (greylist, linking, allowed)
04-20 20:26:11.022  7098  7189 W nectedcrossroa: Accessing hidden method Landroid/app/servertransaction/PendingTransactionActions$StopInfo;-><init>()V (greylist-max-o, linking, denied)
04-20 20:26:11.022  7098  7189 W nectedcrossroa: Accessing hidden method Landroid/app/ActivityThread;->handleSystemApplicationInfoChanged(Landroid/content/pm/ApplicationInfo;)V (blacklist, linking, denied)
04-20 20:26:11.022  7098  7189 W nectedcrossroa: Accessing hidden field Landroid/app/ActivityThread;->mSystemThread:Z (greylist-max-o, linking, denied)
04-20 20:26:11.022  7098  7189 W nectedcrossroa: Accessing hidden method Lcom/android/internal/util/Preconditions;->checkState(ZLjava/lang/String;)V (greylist, linking, allowed)
04-20 20:26:11.022  7098  7189 W nectedcrossroa: Accessing hidden method Landroid/app/ActivityThread;->handleApplicationInfoChanged(Landroid/content/pm/ApplicationInfo;)V (greylist-max-o, linking, denied)
04-20 20:26:11.022  7098  7189 W nectedcrossroa: Accessing hidden method Landroid/app/ActivityThread;->handleTopResumedActivityChanged(Landroid/os/IBinder;ZLjava/lang/String;)V (blacklist, linking, denied)
04-20 20:26:11.022  7098  7189 W nectedcrossroa: Accessing hidden field Landroid/app/ActivityThread$ActivityClientRecord;->isTopResumedActivity:Z (blacklist, linking, denied)
04-20 20:26:11.022  7098  7189 W nectedcrossroa: Accessing hidden field Landroid/app/ActivityThread$ActivityClientRecord;->isTopResumedActivity:Z (blacklist, linking, denied)
04-20 20:26:11.022  7098  7189 W nectedcrossroa: Accessing hidden method Landroid/app/ActivityThread;->handleTranslucentConversionComplete(Landroid/os/IBinder;Z)V (greylist-max-o, linking, denied)
04-20 20:26:11.022  7098  7189 W nectedcrossroa: Accessing hidden method Landroid/app/Activity;->onTranslucentConversionComplete(Z)V (greylist-max-o, linking, denied)
04-20 20:26:11.022  7098  7189 W nectedcrossroa: Accessing hidden method Landroid/app/ActivityThread;->handleUnstableProviderDied(Landroid/os/IBinder;Z)V (greylist, linking, allowed)
04-20 20:26:11.022  7098  7189 W nectedcrossroa: Accessing hidden method Landroid/app/ActivityThread;->handleUnstableProviderDiedLocked(Landroid/os/IBinder;Z)V (greylist-max-o, linking, denied)
04-20 20:26:11.022  7098  7189 W nectedcrossroa: Accessing hidden method Landroid/app/ActivityThread;->handleUnstableProviderDiedLocked(Landroid/os/IBinder;Z)V (greylist-max-o, linking, denied)
04-20 20:26:11.023  7098  7189 W nectedcrossroa: Accessing hidden field Landroid/app/ActivityThread$ProviderRefCount;->holder:Landroid/app/ContentProviderHolder; (greylist-max-o, linking, denied)
04-20 20:26:11.023  7098  7189 W nectedcrossroa: Accessing hidden field Landroid/app/ContentProviderHolder;->connection:Landroid/os/IBinder; (greylist-max-o, linking, denied)
04-20 20:26:11.023  7098  7189 W nectedcrossroa: Accessing hidden method Landroid/app/IActivityManager;->unstableProviderDied(Landroid/os/IBinder;)V (greylist, linking, allowed)
04-20 20:26:11.023  7098  7189 W nectedcrossroa: Accessing hidden method Landroid/app/ActivityThread;->handleWindowVisibility(Landroid/os/IBinder;Z)V (greylist-max-o, linking, denied)
04-20 20:26:11.023  7098  7189 W nectedcrossroa: Accessing hidden method Landroid/app/ActivityThread;->performStopActivityInner(Landroid/app/ActivityThread$ActivityClientRecord;Landroid/app/servertransaction/PendingTransactionActions$StopInfo;ZZZLjava/lang/String;)V (greylist-max-o, linking, denied)
04-20 20:26:11.023  7098  7189 W nectedcrossroa: Accessing hidden method Landroid/app/ActivityThread$ActivityClientRecord;->getLifecycleState()I (greylist-max-o, linking, denied)
04-20 20:26:11.023  7098  7189 W nectedcrossroa: Accessing hidden field Landroid/app/Activity;->mDecor:Landroid/view/View; (greylist-max-o, linking, denied)
04-20 20:26:11.023  7098  7189 W nectedcrossroa: Accessing hidden method Landroid/app/ActivityThread;->updateVisibility(Landroid/app/ActivityThread$ActivityClientRecord;Z)V (greylist-max-o, linking, denied)
04-20 20:26:11.023  7098  7189 W nectedcrossroa: Accessing hidden field Landroid/app/ActivityThread;->mSomeActivitiesChanged:Z (greylist-max-o, linking, denied)
04-20 20:26:11.023  7098  7189 W nectedcrossroa: Accessing hidden method Landroid/app/ActivityThread;->installSystemApplicationInfo(Landroid/content/pm/ApplicationInfo;Ljava/lang/ClassLoader;)V (greylist-max-o, linking, denied)
04-20 20:26:11.023  7098  7189 W nectedcrossroa: Accessing hidden method Landroid/app/ContextImpl;->installSystemApplicationInfo(Landroid/content/pm/ApplicationInfo;Ljava/lang/ClassLoader;)V (greylist-max-o, linking, denied)
04-20 20:26:11.023  7098  7189 W nectedcrossroa: Accessing hidden method Landroid/app/ActivityThread;->installSystemProviders(Ljava/util/List;)V (greylist, linking, allowed)
04-20 20:26:11.023  7098  7189 W nectedcrossroa: Accessing hidden method Landroid/app/ActivityThread;->isProfiling()Z (greylist-max-o, linking, denied)
04-20 20:26:11.023  7098  7189 W nectedcrossroa: Accessing hidden field Landroid/app/ActivityThread;->mProfiler:Landroid/app/ActivityThread$Profiler; (greylist-max-o, linking, denied)
04-20 20:26:11.023  7098  7189 W nectedcrossroa: Accessing hidden field Landroid/app/ActivityThread$Profiler;->profileFile:Ljava/lang/String; (greylist-max-o, linking, denied)
04-20 20:26:11.024  7098  7189 W nectedcrossroa: Accessing hidden field Landroid/app/ActivityThread;->mProfiler:Landroid/app/ActivityThread$Profiler; (greylist-max-o, linking, denied)
04-20 20:26:11.024  7098  7189 W nectedcrossroa: Accessing hidden field Landroid/app/ActivityThread$Profiler;->profileFd:Landroid/os/ParcelFileDescriptor; (greylist-max-o, linking, denied)
04-20 20:26:11.024  7098  7189 W nectedcrossroa: Accessing hidden method Landroid/app/ActivityThread;->lambda$attach$1$ActivityThread(Landroid/content/res/Configuration;)V (blacklist, linking, denied)
04-20 20:26:11.024  7098  7189 W nectedcrossroa: Accessing hidden method Landroid/app/ResourcesManager;->applyConfigurationToResourcesLocked(Landroid/content/res/Configuration;Landroid/content/res/CompatibilityInfo;)Z (greylist-max-o, linking, denied)
04-20 20:26:11.024  7098  7189 W nectedcrossroa: Accessing hidden method Landroid/app/ActivityThread;->onNewActivityOptions(Landroid/os/IBinder;Landroid/app/ActivityOptions;)V (greylist-max-o, linking, denied)
04-20 20:26:11.024  7098  7189 W nectedcrossroa: Accessing hidden method Landroid/app/Activity;->onNewActivityOptions(Landroid/app/ActivityOptions;)V (greylist-max-o, linking, denied)
04-20 20:26:11.024  7098  7189 W nectedcrossroa: Accessing hidden method Landroid/app/ActivityThread;->performDestroyActivity(Landroid/os/IBinder;ZIZLjava/lang/String;)Landroid/app/ActivityThread$ActivityClientRecord; (greylist-max-o, linking, denied)
04-20 20:26:11.024  7098  7189 W nectedcrossroa: Accessing hidden method Landroid/app/ActivityThread;->performPauseActivityIfNeeded(Landroid/app/ActivityThread$ActivityClientRecord;Ljava/lang/String;)V (greylist-max-o, linking, denied)
04-20 20:26:11.024  7098  7189 W nectedcrossroa: Accessing hidden method Landroid/app/ActivityThread;->schedulePurgeIdler()V (blacklist, linking, denied)
04-20 20:26:11.024  7098  7189 W nectedcrossroa: Accessing hidden method Landroid/app/ActivityThread;->performPauseActivity(Landroid/os/IBinder;ZLjava/lang/String;Landroid/app/servertransaction/PendingTransactionActions;)Landroid/os/Bundle; (greylist-max-o, linking, denied)
04-20 20:26:11.024  7098  7189 W nectedcrossroa: Accessing hidden method Landroid/app/ActivityThread;->performPauseActivity(Landroid/app/ActivityThread$ActivityClientRecord;ZLjava/lang/String;Landroid/app/servertransaction/PendingTransactionActions;)Landroid/os/Bundle; (greylist-max-o, linking, denied)
04-20 20:26:11.024  7098  7189 W nectedcrossroa: Accessing hidden method Landroid/app/ActivityThread;->performRestartActivity(Landroid/os/IBinder;Z)V (greylist-max-o, linking, denied)
04-20 20:26:11.024  7098  7189 W nectedcrossroa: Accessing hidden method Landroid/app/Activity;->performRestart(ZLjava/lang/String;)V (greylist-max-o, linking, denied)
04-20 20:26:11.025  7098  7189 W nectedcrossroa: Accessing hidden method Landroid/app/ActivityThread;->performResumeActivity(Landroid/os/IBinder;ZLjava/lang/String;)Landroid/app/ActivityThread$ActivityClientRecord; (greylist-max-o, linking, denied)
04-20 20:26:11.025  7098  7189 W nectedcrossroa: Accessing hidden method Landroid/app/ActivityThread$ActivityClientRecord;->getLifecycleState()I (greylist-max-o, linking, denied)
04-20 20:26:11.025  7098  7189 W nectedcrossroa: Accessing hidden method Landroid/app/ActivityThread;->performStopActivity(Landroid/os/IBinder;ZLjava/lang/String;)V (greylist, linking, allowed)
04-20 20:26:11.025  7098  7189 W nectedcrossroa: Accessing hidden method Landroid/app/ActivityThread;->performStopActivityInner(Landroid/app/ActivityThread$ActivityClientRecord;Landroid/app/servertransaction/PendingTransactionActions$StopInfo;ZZZLjava/lang/String;)V (greylist-max-o, linking, denied)
04-20 20:26:11.025  7098  7189 W nectedcrossroa: Accessing hidden method Landroid/app/ActivityThread;->performUserLeavingActivity(Landroid/app/ActivityThread$ActivityClientRecord;)V (greylist-max-o, linking, denied)
04-20 20:26:11.025  7098  7189 W nectedcrossroa: Accessing hidden method Landroid/app/ActivityThread;->prepareRelaunchActivity(Landroid/os/IBinder;Ljava/util/List;Ljava/util/List;ILandroid/util/MergedConfiguration;Z)Landroid/app/ActivityThread$ActivityClientRecord; (greylist-max-o, linking, denied)
04-20 20:26:11.025  7098  7189 W nectedcrossroa: Accessing hidden field Landroid/app/ActivityThread;->mRelaunchingActivities:Ljava/util/ArrayList; (greylist-max-o, linking, denied)
04-20 20:26:11.025  7098  7189 W nectedcrossroa: Accessing hidden field Landroid/app/ActivityThread;->mRelaunchingActivities:Ljava/util/ArrayList; (greylist-max-o, linking, denied)
04-20 20:26:11.025  7098  7189 W nectedcrossroa: Accessing hidden field Landroid/app/ActivityThread$ActivityClientRecord;->pendingResults:Ljava/util/List; (greylist-max-o, linking, denied)
04-20 20:26:11.025  7098  7189 W nectedcrossroa: Accessing hidden field Landroid/app/ActivityThread$ActivityClientRecord;->pendingResults:Ljava/util/List; (greylist-max-o, linking, denied)
04-20 20:26:11.025  7098  7189 W nectedcrossroa: Accessing hidden field Landroid/app/ActivityThread$ActivityClientRecord;->pendingIntents:Ljava/util/List; (greylist-max-o, linking, denied)
04-20 20:26:11.025  7098  7189 W nectedcrossroa: Accessing hidden field Landroid/app/ActivityThread$ActivityClientRecord;->pendingIntents:Ljava/util/List; (greylist-max-o, linking, denied)
04-20 20:26:11.025  7098  7189 W nectedcrossroa: Accessing hidden method Landroid/app/ActivityThread$ActivityClientRecord;-><init>()V (greylist-max-p, linking, allowed)
04-20 20:26:11.025  7098  7189 W nectedcrossroa: Accessing hidden field Landroid/app/ActivityThread$ActivityClientRecord;->pendingResults:Ljava/util/List; (greylist-max-o, linking, denied)
04-20 20:26:11.026  7098  7189 W nectedcrossroa: Accessing hidden method Landroid/util/MergedConfiguration;->getGlobalConfiguration()Landroid/content/res/Configuration; (greylist-max-o, linking, denied)
04-20 20:26:11.026  7098  7189 W nectedcrossroa: Accessing hidden field Landroid/app/ActivityThread$ActivityClientRecord;->pendingResults:Ljava/util/List; (greylist-max-o, linking, denied)
04-20 20:26:11.026  7098  7189 W nectedcrossroa: Accessing hidden field Landroid/app/ActivityThread$ActivityClientRecord;->pendingIntents:Ljava/util/List; (greylist-max-o, linking, denied)
04-20 20:26:11.026  7098  7189 W nectedcrossroa: Accessing hidden field Landroid/app/ActivityThread;->mRelaunchingActivities:Ljava/util/ArrayList; (greylist-max-o, linking, denied)
04-20 20:26:11.026  7098  7189 W nectedcrossroa: Accessing hidden field Landroid/app/ActivityThread;->mRelaunchingActivities:Ljava/util/ArrayList; (greylist-max-o, linking, denied)
04-20 20:26:11.026  7098  7189 W nectedcrossroa: Accessing hidden field Landroid/app/ActivityThread$ActivityClientRecord;->pendingResults:Ljava/util/List; (greylist-max-o, linking, denied)
04-20 20:26:11.026  7098  7189 W nectedcrossroa: Accessing hidden field Landroid/app/ActivityThread$ActivityClientRecord;->pendingResults:Ljava/util/List; (greylist-max-o, linking, denied)
04-20 20:26:11.026  7098  7189 W nectedcrossroa: Accessing hidden field Landroid/app/ActivityThread$ActivityClientRecord;->pendingIntents:Ljava/util/List; (greylist-max-o, linking, denied)
04-20 20:26:11.026  7098  7189 W nectedcrossroa: Accessing hidden field Landroid/app/ActivityThread$ActivityClientRecord;->pendingIntents:Ljava/util/List; (greylist-max-o, linking, denied)
04-20 20:26:11.026  7098  7189 W nectedcrossroa: Accessing hidden method Landroid/util/MergedConfiguration;->getGlobalConfiguration()Landroid/content/res/Configuration; (greylist-max-o, linking, denied)
04-20 20:26:11.026  7098  7189 W nectedcrossroa: Accessing hidden field Landroid/app/ActivityThread$ActivityClientRecord;->pendingResults:Ljava/util/List; (greylist-max-o, linking, denied)
04-20 20:26:11.026  7098  7189 W nectedcrossroa: Accessing hidden field Landroid/app/ActivityThread$ActivityClientRecord;->pendingIntents:Ljava/util/List; (greylist-max-o, linking, denied)
04-20 20:26:11.026  7098  7189 W nectedcrossroa: Accessing hidden method Landroid/app/ActivityThread;->registerOnActivityPausedListener(Landroid/app/Activity;Landroid/app/OnActivityPausedListener;)V (greylist, linking, allowed)
04-20 20:26:11.026  7098  7189 W nectedcrossroa: Accessing hidden field Landroid/app/ActivityThread;->mOnPauseListeners:Landroid/util/ArrayMap; (greylist-max-o, linking, denied)
04-20 20:26:11.027  7098  7189 I chatty  : uid=10216(com.google.location.nearby.apps.connectedcrossroad) Thread-8 identical 1 line
04-20 20:26:11.027  7098  7189 W nectedcrossroa: Accessing hidden field Landroid/app/ActivityThread;->mOnPauseListeners:Landroid/util/ArrayMap; (greylist-max-o, linking, denied)
04-20 20:26:11.027  7098  7189 W nectedcrossroa: Accessing hidden method Landroid/app/ActivityThread;->releaseProvider(Landroid/content/IContentProvider;Z)Z (greylist, linking, allowed)
04-20 20:26:11.027  7098  7189 W nectedcrossroa: Accessing hidden field Landroid/app/ActivityThread$ProviderRefCount;->stableCount:I (greylist-max-o, linking, denied)
04-20 20:26:11.027  7098  7189 I chatty  : uid=10216(com.google.location.nearby.apps.connectedcrossroad) Thread-8 identical 1 line
04-20 20:26:11.027  7098  7189 W nectedcrossroa: Accessing hidden field Landroid/app/ActivityThread$ProviderRefCount;->stableCount:I (greylist-max-o, linking, denied)
04-20 20:26:11.027  7098  7189 W nectedcrossroa: Accessing hidden field Landroid/app/ActivityThread$ProviderRefCount;->unstableCount:I (greylist-max-o, linking, denied)
04-20 20:26:11.027  7098  7189 I chatty  : uid=10216(com.google.location.nearby.apps.connectedcrossroad) Thread-8 identical 1 line
04-20 20:26:11.027  7098  7189 W nectedcrossroa: Accessing hidden field Landroid/app/ActivityThread$ProviderRefCount;->unstableCount:I (greylist-max-o, linking, denied)
04-20 20:26:11.027  7098  7189 W nectedcrossroa: Accessing hidden method Landroid/app/ActivityThread;->reportRelaunch(Landroid/os/IBinder;Landroid/app/servertransaction/PendingTransactionActions;)V (greylist-max-o, linking, denied)
04-20 20:26:11.027  7098  7189 W nectedcrossroa: Accessing hidden method Landroid/app/ActivityTaskManager;->getService()Landroid/app/IActivityTaskManager; (blacklist, linking, denied)
04-20 20:26:11.027  7098  7189 W nectedcrossroa: Accessing hidden method Landroid/app/ActivityThread;->reportStop(Landroid/app/servertransaction/PendingTransactionActions;)V (greylist-max-o, linking, denied)
04-20 20:26:11.027  7098  7189 W nectedcrossroa: Accessing hidden method Landroid/app/servertransaction/PendingTransactionActions;->getStopInfo()Landroid/app/servertransaction/PendingTransactionActions$StopInfo; (greylist-max-o, linking, denied)
04-20 20:26:11.027  7098  7189 W nectedcrossroa: Accessing hidden method Landroid/app/ActivityThread;->resolveActivityInfo(Landroid/content/Intent;)Landroid/content/pm/ActivityInfo; (greylist-max-o, linking, denied)
04-20 20:26:11.028  7098  7189 W nectedcrossroa: Accessing hidden method Landroid/app/Instrumentation;->checkStartActivityResult(ILjava/lang/Object;)V (greylist-max-p, linking, allowed)
04-20 20:26:11.028  7098  7189 W nectedcrossroa: Accessing hidden method Landroid/app/ActivityThread;->scheduleContextCleanup(Landroid/app/ContextImpl;Ljava/lang/String;Ljava/lang/String;)V (greylist-max-o, linking, denied)
04-20 20:26:11.028  7098  7189 W nectedcrossroa: Accessing hidden method Landroid/app/ActivityThread$ContextCleanupInfo;-><init>()V (greylist-max-o, linking, denied)
04-20 20:26:11.028  7098  7189 W nectedcrossroa: Accessing hidden method Landroid/app/ActivityThread;->scheduleGcIdler()V (greylist, linking, allowed)
04-20 20:26:11.028  7098  7189 W nectedcrossroa: Accessing hidden field Landroid/app/ActivityThread;->mGcIdlerScheduled:Z (greylist-max-o, linking, denied)
04-20 20:26:11.028  7098  7189 W nectedcrossroa: Accessing hidden field Landroid/app/ActivityThread;->mGcIdlerScheduled:Z (greylist-max-o, linking, denied)
04-20 20:26:11.028  7098  7189 W nectedcrossroa: Accessing hidden field Landroid/app/ActivityThread;->mGcIdler:Landroid/app/ActivityThread$GcIdler; (greylist-max-o, linking, denied)
04-20 20:26:11.028  7098  7189 W nectedcrossroa: Accessing hidden method Landroid/app/ActivityThread;->schedulePurgeIdler()V (blacklist, linking, denied)
04-20 20:26:11.028  7098  7189 W nectedcrossroa: Accessing hidden field Landroid/app/ActivityThread;->mPurgeIdlerScheduled:Z (blacklist, linking, denied)
04-20 20:26:11.028  7098  7189 W nectedcrossroa: Accessing hidden field Landroid/app/ActivityThread;->mPurgeIdlerScheduled:Z (blacklist, linking, denied)
04-20 20:26:11.028  7098  7189 W nectedcrossroa: Accessing hidden field Landroid/app/ActivityThread;->mPurgeIdler:Landroid/app/ActivityThread$PurgeIdler; (blacklist, linking, denied)
04-20 20:26:11.028  7098  7189 W nectedcrossroa: Accessing hidden method Landroid/app/ActivityThread;->scheduleRelaunchActivity(Landroid/os/IBinder;)V (greylist-max-o, linking, denied)
04-20 20:26:11.028  7098  7189 W nectedcrossroa: Accessing hidden method Landroid/app/ActivityThread;->sendMessage(ILjava/lang/Object;)V (greylist-max-o, linking, denied)
04-20 20:26:11.028  7098  7189 W nectedcrossroa: Accessing hidden method Landroid/app/ActivityThread;->sendActivityResult(Landroid/os/IBinder;Ljava/lang/String;IILandroid/content/Intent;)V (greylist, linking, allowed)
04-20 20:26:11.028  7098  7189 W nectedcrossroa: Accessing hidden method Landroid/app/ResultInfo;-><init>(Ljava/lang/String;IILandroid/content/Intent;)V (greylist, linking, allowed)
04-20 20:26:11.029  7098  7189 W nectedcrossroa: Accessing hidden method Landroid/app/servertransaction/ClientTransaction;->obtain(Landroid/app/IApplicationThread;Landroid/os/IBinder;)Landroid/app/servertransaction/ClientTransaction; (greylist-max-o, linking, denied)
04-20 20:26:11.029  7098  7189 W nectedcrossroa: Accessing hidden method Landroid/app/ActivityThread;->sendMessage(ILjava/lang/Object;)V (greylist-max-o, linking, denied)
04-20 20:26:11.029  7098  7189 W nectedcrossroa: Accessing hidden method Landroid/app/ActivityThread;->sendMessage(ILjava/lang/Object;IIZ)V (greylist-max-o, linking, denied)
04-20 20:26:11.029  7098  7189 W nectedcrossroa: Accessing hidden method Landroid/app/ActivityThread;->startActivityNow(Landroid/app/Activity;Ljava/lang/String;Landroid/content/Intent;Landroid/content/pm/ActivityInfo;Landroid/os/IBinder;Landroid/os/Bundle;Landroid/app/Activity$NonConfigurationInstances;Landroid/os/IBinder;)Landroid/app/Activity; (greylist-max-p, linking, allowed)
04-20 20:26:11.029  7098  7189 W nectedcrossroa: Accessing hidden field Landroid/app/ActivityThread$ActivityClientRecord;->assistToken:Landroid/os/IBinder; (blacklist, linking, denied)
04-20 20:26:11.029  7098  7189 W nectedcrossroa: Accessing hidden method Landroid/app/ActivityThread;->stopProfiling()V (greylist-max-o, linking, denied)
04-20 20:26:11.029  7098  7189 W nectedcrossroa: Accessing hidden field Landroid/app/ActivityThread;->mProfiler:Landroid/app/ActivityThread$Profiler; (greylist-max-o, linking, denied)
04-20 20:26:11.029  7098  7189 W nectedcrossroa: Accessing hidden method Landroid/app/ActivityThread$Profiler;->stopProfiling()V (greylist-max-o, linking, denied)
04-20 20:26:11.029  7098  7189 W nectedcrossroa: Accessing hidden method Landroid/app/ActivityThread;->unregisterOnActivityPausedListener(Landroid/app/Activity;Landroid/app/OnActivityPausedListener;)V (greylist, linking, allowed)
04-20 20:26:11.029  7098  7189 W nectedcrossroa: Accessing hidden field Landroid/app/ActivityThread;->mOnPauseListeners:Landroid/util/ArrayMap; (greylist-max-o, linking, denied)
04-20 20:26:11.029  7098  7189 W nectedcrossroa: Accessing hidden field Landroid/app/ActivityThread;->mOnPauseListeners:Landroid/util/ArrayMap; (greylist-max-o, linking, denied)
04-20 20:26:11.029  7098  7189 W nectedcrossroa: Accessing hidden method Landroid/app/ActivityThread;->unscheduleGcIdler()V (greylist-max-o, linking, denied)
04-20 20:26:11.029  7098  7189 W nectedcrossroa: Accessing hidden field Landroid/app/ActivityThread;->mGcIdlerScheduled:Z (greylist-max-o, linking, denied)
04-20 20:26:11.029  7098  7189 W nectedcrossroa: Accessing hidden field Landroid/app/ActivityThread;->mGcIdlerScheduled:Z (greylist-max-o, linking, denied)
04-20 20:26:11.030  7098  7189 W nectedcrossroa: Accessing hidden field Landroid/app/ActivityThread;->mGcIdler:Landroid/app/ActivityThread$GcIdler; (greylist-max-o, linking, denied)
04-20 20:26:11.030  7098  7189 W nectedcrossroa: Accessing hidden method Landroid/app/ActivityThread;->unschedulePurgeIdler()V (blacklist, linking, denied)
04-20 20:26:11.030  7098  7189 W nectedcrossroa: Accessing hidden field Landroid/app/ActivityThread;->mPurgeIdlerScheduled:Z (blacklist, linking, denied)
04-20 20:26:11.030  7098  7189 W nectedcrossroa: Accessing hidden field Landroid/app/ActivityThread;->mPurgeIdlerScheduled:Z (blacklist, linking, denied)
04-20 20:26:11.030  7098  7189 W nectedcrossroa: Accessing hidden field Landroid/app/ActivityThread;->mPurgeIdler:Landroid/app/ActivityThread$PurgeIdler; (blacklist, linking, denied)
04-20 20:26:11.030  7098  7189 W nectedcrossroa: Accessing hidden method Landroid/app/ActivityThread;->updatePendingActivityConfiguration(Landroid/os/IBinder;Landroid/content/res/Configuration;)V (blacklist, linking, denied)
04-20 20:26:11.030  7098  7189 W nectedcrossroa: Accessing hidden method Landroid/app/ActivityThread$ActivityClientRecord;->access$4602(Landroid/app/ActivityThread$ActivityClientRecord;Landroid/content/res/Configuration;)Landroid/content/res/Configuration; (blacklist, linking, denied)
04-20 20:26:11.030  7098  7189 W nectedcrossroa: Accessing hidden method Landroid/app/ActivityThread;->updatePendingConfiguration(Landroid/content/res/Configuration;)V (greylist-max-o, linking, denied)
04-20 20:26:11.030  7098  7189 W nectedcrossroa: Accessing hidden field Landroid/app/ActivityThread;->mPendingConfiguration:Landroid/content/res/Configuration; (greylist, linking, allowed)
04-20 20:26:11.030  7098  7189 W nectedcrossroa: Accessing hidden method Landroid/content/res/Configuration;->isOtherSeqNewer(Landroid/content/res/Configuration;)Z (greylist-max-o, linking, denied)
04-20 20:26:11.030  7098  7189 W nectedcrossroa: Accessing hidden method Landroid/app/ActivityThread;->updateProcessState(IZ)V (greylist-max-o, linking, denied)
04-20 20:26:11.030  7098  7189 W nectedcrossroa: Accessing hidden field Landroid/app/ActivityThread;->mLastProcessState:I (blacklist, linking, denied)
04-20 20:26:11.030  7098  7189 W nectedcrossroa: Accessing hidden field Landroid/app/ActivityThread;->mLastProcessState:I (blacklist, linking, denied)
04-20 20:26:11.030  7098  7189 W nectedcrossroa: Accessing hidden field Landroid/app/ActivityThread;->mNumLaunchingActivities:Ljava/util/concurrent/atomic/AtomicInteger; (blacklist, linking, denied)
04-20 20:26:11.031  7098  7189 W nectedcrossroa: Accessing hidden field Landroid/app/ActivityThread;->mPendingProcessState:I (blacklist, linking, denied)
04-20 20:26:11.031  7098  7189 W nectedcrossroa: Accessing hidden method Landroid/app/-$$Lambda$ActivityThread$A4ykhsPb8qV3ffTqpQDklHSMDJ0;-><init>(Landroid/app/ActivityThread;)V (blacklist, linking, denied)
04-20 20:26:11.031  7098  7189 W nectedcrossroa: Accessing hidden field Landroid/app/ActivityThread;->mPendingProcessState:I (blacklist, linking, denied)
04-20 20:26:11.031  7098  7189 W nectedcrossroa: Accessing hidden method Landroid/app/ActivityThread;->updateVmProcessState(I)V (blacklist, linking, denied)
04-20 20:26:11.031  7098  7189 W nectedcrossroa: Accessing hidden field Landroid/app/Instrumentation;->mSync:Ljava/lang/Object; (greylist-max-o, linking, denied)
04-20 20:26:11.031  7098  7189 W nectedcrossroa: Accessing hidden field Landroid/app/Instrumentation;->mThread:Landroid/app/ActivityThread; (greylist-max-o, linking, denied)
04-20 20:26:11.031  7098  7189 W nectedcrossroa: Accessing hidden field Landroid/app/Instrumentation;->mMessageQueue:Landroid/os/MessageQueue; (greylist-max-o, linking, denied)
04-20 20:26:11.031  7098  7189 W nectedcrossroa: Accessing hidden field Landroid/app/Instrumentation;->mAutomaticPerformanceSnapshots:Z (greylist-max-o, linking, denied)
04-20 20:26:11.031  7098  7189 W nectedcrossroa: Accessing hidden field Landroid/app/Instrumentation;->mPerfMetrics:Landroid/os/Bundle; (greylist-max-o, linking, denied)
04-20 20:26:11.031  7098  7189 W nectedcrossroa: Accessing hidden field Landroid/app/Instrumentation;->mAnimationCompleteLock:Ljava/lang/Object; (blacklist, linking, denied)
04-20 20:26:11.031  7098  7189 W nectedcrossroa: Accessing hidden method Landroid/app/Instrumentation;->access$100(Landroid/app/Instrumentation;)Z (blacklist, linking, denied)
04-20 20:26:11.031  7098  7189 W nectedcrossroa: Accessing hidden field Landroid/app/Instrumentation;->mAutomaticPerformanceSnapshots:Z (greylist-max-o, linking, denied)
04-20 20:26:11.031  7098  7189 W nectedcrossroa: Accessing hidden method Landroid/app/Instrumentation;->access$200(Landroid/app/Instrumentation;)Ljava/lang/Object; (blacklist, linking, denied)
04-20 20:26:11.031  7098  7189 W nectedcrossroa: Accessing hidden field Landroid/app/Instrumentation;->mSync:Ljava/lang/Object; (greylist-max-o, linking, denied)
04-20 20:26:11.031  7098  7189 W nectedcrossroa: Accessing hidden method Landroid/app/Instrumentation;->access$300(Landroid/app/Instrumentation;)Ljava/util/List; (blacklist, linking, denied)
04-20 20:26:11.032  7098  7189 W nectedcrossroa: Accessing hidden field Landroid/app/Instrumentation;->mWaitingActivities:Ljava/util/List; (greylist-max-o, linking, denied)
04-20 20:26:11.032  7098  7189 W nectedcrossroa: Accessing hidden method Landroid/app/Instrumentation;->addValue(Ljava/lang/String;ILandroid/os/Bundle;)V (greylist-max-o, linking, denied)
04-20 20:26:11.032  7098  7189 W nectedcrossroa: Accessing hidden method Landroid/app/Instrumentation;->checkInstrumenting(Ljava/lang/String;)V (greylist-max-o, linking, denied)
04-20 20:26:11.032  7098  7189 W nectedcrossroa: Accessing hidden field Landroid/app/Instrumentation;->mInstrContext:Landroid/content/Context; (greylist-max-o, linking, denied)
04-20 20:26:11.032  7098  7189 W nectedcrossroa: Accessing hidden method Landroid/app/ActivityManager;->isStartResultFatalError(I)Z (greylist-max-o, linking, denied)
04-20 20:26:11.032  7098  7189 W nectedcrossroa: Accessing hidden method Landroid/app/Instrumentation;->getFactory(Ljava/lang/String;)Landroid/app/AppComponentFactory; (greylist-max-o, linking, denied)
04-20 20:26:11.032  7098  7189 W nectedcrossroa: Accessing hidden field Landroid/app/AppComponentFactory;->DEFAULT:Landroid/app/AppComponentFactory; (greylist-max-o, linking, denied)
04-20 20:26:11.032  7098  7189 W nectedcrossroa: Accessing hidden field Landroid/app/Instrumentation;->mThread:Landroid/app/ActivityThread; (greylist-max-o, linking, denied)
04-20 20:26:11.032  7098  7189 W nectedcrossroa: Accessing hidden field Landroid/app/AppComponentFactory;->DEFAULT:Landroid/app/AppComponentFactory; (greylist-max-o, linking, denied)
04-20 20:26:11.032  7098  7189 W nectedcrossroa: Accessing hidden field Landroid/app/Instrumentation;->mThread:Landroid/app/ActivityThread; (greylist-max-o, linking, denied)
04-20 20:26:11.032  7098  7189 W nectedcrossroa: Accessing hidden method Landroid/app/LoadedApk;->getAppFactory()Landroid/app/AppComponentFactory; (greylist-max-o, linking, denied)
04-20 20:26:11.032  7098  7189 W nectedcrossroa: Accessing hidden method Landroid/app/Application;->attach(Landroid/content/Context;)V (greylist, linking, allowed)
04-20 20:26:11.033  7098  7189 W nectedcrossroa: Accessing hidden method Landroid/app/Instrumentation;->postPerformCreate(Landroid/app/Activity;)V (greylist-max-o, linking, denied)
04-20 20:26:11.033  7098  7189 W nectedcrossroa: Accessing hidden field Landroid/app/Instrumentation;->mActivityMonitors:Ljava/util/List; (greylist-max-o, linking, denied)
04-20 20:26:11.033  7098  7189 W nectedcrossroa: Accessing hidden field Landroid/app/Instrumentation;->mSync:Ljava/lang/Object; (greylist-max-o, linking, denied)
04-20 20:26:11.033  7098  7189 W nectedcrossroa: Accessing hidden field Landroid/app/Instrumentation;->mActivityMonitors:Ljava/util/List; (greylist-max-o, linking, denied)
04-20 20:26:11.033  7098  7189 W nectedcrossroa: Accessing hidden field Landroid/app/Instrumentation;->mActivityMonitors:Ljava/util/List; (greylist-max-o, linking, denied)
04-20 20:26:11.033  7098  7189 W nectedcrossroa: Accessing hidden method Landroid/app/Instrumentation$ActivityMonitor;->match(Landroid/content/Context;Landroid/app/Activity;Landroid/content/Intent;)Z (greylist-max-o, linking, denied)
04-20 20:26:11.033  7098  7189 W nectedcrossroa: Accessing hidden method Landroid/app/Instrumentation;->prePerformCreate(Landroid/app/Activity;)V (greylist-max-o, linking, denied)
04-20 20:26:11.033  7098  7189 W nectedcrossroa: Accessing hidden field Landroid/app/Instrumentation;->mWaitingActivities:Ljava/util/List; (greylist-max-o, linking, denied)
04-20 20:26:11.033  7098  7189 W nectedcrossroa: Accessing hidden field Landroid/app/Instrumentation;->mSync:Ljava/lang/Object; (greylist-max-o, linking, denied)
04-20 20:26:11.033  7098  7189 W nectedcrossroa: Accessing hidden field Landroid/app/Instrumentation;->mWaitingActivities:Ljava/util/List; (greylist-max-o, linking, denied)
04-20 20:26:11.033  7098  7189 W nectedcrossroa: Accessing hidden field Landroid/app/Instrumentation;->mWaitingActivities:Ljava/util/List; (greylist-max-o, linking, denied)
04-20 20:26:11.034  7098  7189 W nectedcrossroa: Accessing hidden field Landroid/app/Instrumentation$ActivityWaiter;->intent:Landroid/content/Intent; (greylist-max-o, linking, denied)
04-20 20:26:11.034  7098  7189 W nectedcrossroa: Accessing hidden field Landroid/app/Instrumentation$ActivityWaiter;->activity:Landroid/app/Activity; (greylist-max-o, linking, denied)
04-20 20:26:11.034  7098  7189 W nectedcrossroa: Accessing hidden field Landroid/app/Instrumentation;->mWaitingActivities:Ljava/util/List; (greylist-max-o, linking, denied)
04-20 20:26:11.034  7098  7189 W nectedcrossroa: Accessing hidden field Landroid/app/Instrumentation$ActivityWaiter;->intent:Landroid/content/Intent; (greylist-max-o, linking, denied)
04-20 20:26:11.034  7098  7189 W nectedcrossroa: Accessing hidden field Landroid/app/Instrumentation$ActivityWaiter;->activity:Landroid/app/Activity; (greylist-max-o, linking, denied)
04-20 20:26:11.034  7098  7189 W nectedcrossroa: Accessing hidden method Landroid/app/Instrumentation;->validateNotAppThread()V (greylist-max-o, linking, denied)
04-20 20:26:11.034  7098  7189 W nectedcrossroa: Accessing hidden method Landroid/app/Instrumentation;->waitForEnterAnimationComplete(Landroid/app/Activity;)V (blacklist, linking, denied)
04-20 20:26:11.034  7098  7189 W nectedcrossroa: Accessing hidden field Landroid/app/Instrumentation;->mAnimationCompleteLock:Ljava/lang/Object; (blacklist, linking, denied)
04-20 20:26:11.034  7098  7189 W nectedcrossroa: Accessing hidden field Landroid/app/Activity;->mEnterAnimationComplete:Z (blacklist, linking, denied)
04-20 20:26:11.034  7098  7189 W nectedcrossroa: Accessing hidden field Landroid/app/Instrumentation;->mAnimationCompleteLock:Ljava/lang/Object; (blacklist, linking, denied)
04-20 20:26:11.034  7098  7189 W nectedcrossroa: Accessing hidden field Landroid/app/Activity;->mEnterAnimationComplete:Z (blacklist, linking, denied)
04-20 20:26:11.035  7098  7189 W nectedcrossroa: Accessing hidden field Landroid/app/Instrumentation;->mAnimationCompleteLock:Ljava/lang/Object; (blacklist, linking, denied)
04-20 20:26:11.035  7098  7189 W nectedcrossroa: Accessing hidden method Landroid/app/Instrumentation;->checkInstrumenting(Ljava/lang/String;)V (greylist-max-o, linking, denied)
04-20 20:26:11.035  7098  7189 W nectedcrossroa: Accessing hidden field Landroid/app/Instrumentation;->mSync:Ljava/lang/Object; (greylist-max-o, linking, denied)
04-20 20:26:11.035  7098  7189 W nectedcrossroa: Accessing hidden field Landroid/app/Instrumentation;->mActivityMonitors:Ljava/util/List; (greylist-max-o, linking, denied)
04-20 20:26:11.035  7098  7189 I chatty  : uid=10216(com.google.location.nearby.apps.connectedcrossroad) Thread-8 identical 1 line
04-20 20:26:11.035  7098  7189 W nectedcrossroa: Accessing hidden field Landroid/app/Instrumentation;->mActivityMonitors:Ljava/util/List; (greylist-max-o, linking, denied)
04-20 20:26:11.035  7098  7189 W nectedcrossroa: Accessing hidden field Landroid/app/Instrumentation;->mThread:Landroid/app/ActivityThread; (greylist-max-o, linking, denied)
04-20 20:26:11.035  7098  7189 W nectedcrossroa: Accessing hidden method Landroid/app/IActivityManager;->addInstrumentationResults(Landroid/app/IApplicationThread;Landroid/os/Bundle;)V (greylist-max-o, linking, denied)
04-20 20:26:11.035  7098  7189 W nectedcrossroa: Accessing hidden method Landroid/app/Instrumentation;->basicInit(Landroid/app/ActivityThread;)V (greylist-max-o, linking, denied)
04-20 20:26:11.035  7098  7189 W nectedcrossroa: Accessing hidden field Landroid/app/Instrumentation;->mThread:Landroid/app/ActivityThread; (greylist-max-o, linking, denied)
04-20 20:26:11.035  7098  7189 W nectedcrossroa: Accessing hidden method Landroid/app/Instrumentation;->prePerformCreate(Landroid/app/Activity;)V (greylist-max-o, linking, denied)
04-20 20:26:11.036  7098  7189 W nectedcrossroa: Accessing hidden method Landroid/app/Instrumentation;->prePerformCreate(Landroid/app/Activity;)V (greylist-max-o, linking, denied)
04-20 20:26:11.036  7098  7189 W nectedcrossroa: Accessing hidden method Landroid/app/Activity;->performDestroy()V (greylist-max-o, linking, denied)
04-20 20:26:11.036  7098  7189 W nectedcrossroa: Accessing hidden method Landroid/app/Activity;->performNewIntent(Landroid/content/Intent;)V (greylist-max-o, linking, denied)
04-20 20:26:11.036  7098  7189 W nectedcrossroa: Accessing hidden method Landroid/app/Instrumentation;->callActivityOnNewIntent(Landroid/app/Activity;Lcom/android/internal/content/ReferrerIntent;)V (greylist, linking, allowed)
04-20 20:26:11.036  7098  7189 W nectedcrossroa: Accessing hidden field Landroid/app/Activity;->mReferrer:Ljava/lang/String; (greylist, linking, allowed)
04-20 20:26:11.036  7098  7189 W nectedcrossroa: Accessing hidden field Lcom/android/internal/content/ReferrerIntent;->mReferrer:Ljava/lang/String; (greylist, linking, allowed)
04-20 20:26:11.036  7098  7189 W nectedcrossroa: Accessing hidden method Landroid/app/Activity;->performPause()V (greylist-max-o, linking, denied)
