04-20 20:00:43.781  1746  2064 D BatteryService: uevent={POWER_SUPPLY_DP_DM=0, POWER_SUPPLY_VOLTAGE_NOW=4255348, POWER_SUPPLY_SW_JEITA_ENABLED=0, POWER_SUPPLY_CHARGE_CONTROL_LIMIT_MAX=8, POWER_SUPPLY_RECHARGE_SOC=99, POWER_SUPPLY_HEALTH=Good, POWER_SUPPLY_TECHNOLOGY=Li-ion, POWER_SUPPLY_FCC_STEPPER_ENABLE=0, SEQNUM=15332, POWER_SUPPLY_INPUT_CURRENT_LIMITED=0, POWER_SUPPLY_CHARGE_CONTROL_LIMIT=0, POWER_SUPPLY_BATTERY_CHARGING_ENABLED=1, POWER_SUPPLY_STATUS=Discharging, POWER_SUPPLY_CYCLE_COUNT=1, POWER_SUPPLY_CURRENT_MAX=2000000, POWER_SUPPLY_CHARGE_TERM_CURRENT=-101, POWER_SUPPLY_CAPACITY=93, DEVPATH=/devices/platform/soc/200f000.qcom,spmi/spmi-0/spmi0-02/200f000.qcom,spmi:qcom,pmi632@2:qcom,qpnp-smb5/power_supply/battery, POWER_SUPPLY_CHARGE_DONE=0, POWER_SUPPLY_CHARGE_TYPE=N/A, POWER_SUPPLY_CHARGE_RATE=None, POWER_SUPPLY_CURRENT_NOW=-189666, POWER_SUPPLY_SYSTEM_TEMP_LEVEL=0, POWER_SUPPLY_PRESENT=1, POWER_SUPPLY_PARALLEL_DISABLE=0, POWER_SUPPLY_CHARGE_FULL=3615000, SUBSYSTEM=power_supply, POWER_SUPPLY_SET_SHIP_MODE=0, POWER_SUPPLY_TEMP=235, ACTION=change, POWER_SUPPLY_RERUN_AICL=0, POWER_SUPPLY_AGE=100, POWER_SUPPLY_NAME=battery, POWER_SUPPLY_VOLTAGE_MAX=-22, POWER_SUPPLY_CONSTANT_CHARGE_CURRENT_MAX=2000000, POWER_SUPPLY_CHARGE_COUNTER=3361950, POWER_SUPPLY_STEP_CHARGING_ENABLED=0, POWER_SUPPLY_NUM_SYSTEM_TEMP_LEVELS=8, POWER_SUPPLY_DIE_HEALTH=Hot, POWER_SUPPLY_INPUT_SUSPEND=0}
04-20 20:00:43.802  2506  2506 D QtiCarrierConfigHelper: WARNING, no carrier configs on phone Id: 0
04-20 20:00:43.805 20210 20210 D CmdCenter: - RowBuilder2: setUseWhiteRes useOrNot = true
04-20 20:00:43.809 20210 20210 D CmdCenter: - RowWidgetUpdater2: the Min widget of widget[2] is 213
04-20 20:00:43.809 20210 20210 D CmdCenter: - RowWidgetUpdater2: 2cellWidth = 180 column is 3
04-20 20:00:43.809 20210 20210 D CmdCenter: - RowBuilder2: useWhiteRes=true -is 18-9?=true cellX= 3 grid=5
04-20 20:00:43.809  1746  1776 I ActivityManager: Killing 22621:com.android.vending:instant_app_installer/u0a120 (adj 975): empty for 1846s
04-20 20:00:43.813   824   824 D ThermalHAL-TARGET: Entering get_temperatures
04-20 20:00:43.814   824   824 D ThermalHAL-TARGET: Entering get_temperatures
04-20 20:00:43.814   824   824 D ThermalHAL-UTIL: Entering get_temperature_for_all
04-20 20:00:43.814   824   824 D ThermalHAL-UTIL: Entering read_temperature
04-20 20:00:43.816   824   824 I chatty  : uid=1000(system) thermal@1.0-ser identical 9 lines
04-20 20:00:43.822   824   824 D ThermalHAL-UTIL: Entering read_temperature
04-20 20:00:43.865  7386  7386 D MCLOG   : [MC_Service] onStartcommand()
04-20 20:00:43.873 20210 20210 D CmdCenter: - RowWeatherInitializer: Utils.getWeatherInfo return null.
04-20 20:00:43.877 20210 20210 D CmdCenter: - RowWidgetUpdater2: ->config = {1.0 ?mcc?mnc [en_US] ldltr sw411dp w411dp h812dp 280dpi nrml long port finger -keyb/v/h -nav/h winConfig={ mBounds=Rect(0, 0 - 720, 1520) mAppBounds=Rect(0, 56 - 720, 1478) mWindowingMode=fullscreen mDisplayWindowingMode=fullscreen mActivityType=undefined mAlwaysOnTop=undefined mRotation=ROTATION_0} s.42 ?spn ?gid}
04-20 20:00:43.878 20210 20210 D CmdCenter: - RowWidgetUpdater2: ->config debug_dimens = 54
04-20 20:00:43.880  1746  2041 D ActivityManager: makeInactive, ProcessRecord{2208197 22621:com.android.vending:instant_app_installer/u0a120}, clear holder.state
04-20 20:00:43.881   725   725 I Zygote  : Process 22621 exited due to signal 9 (Killed)
04-20 20:00:43.888  1746  1778 I libprocessgroup: Successfully killed process cgroup uid 10120 pid 22621 in 75ms
04-20 20:00:49.946     0     0 W swapper/0: type=1400 audit(0.0:625): avc: denied { kill } for uid=0 capability=5 scontext=u:r:kernel:s0 tcontext=u:r:kernel:s0 tclass=capability permissive=0
04-20 20:00:59.946     0     0 W swapper/1: type=1400 audit(0.0:626): avc: denied { kill } for uid=0 capability=5 scontext=u:r:kernel:s0 tcontext=u:r:kernel:s0 tclass=capability permissive=0
04-20 20:01:00.041  2315  2315 W View    : requestLayout() improperly called by com.android.systemui.statusbar.HeadsUpStatusBarView{aa901f7 I.E...... ......ID 0,0-248,56 #7f0a01f7 app:id/heads_up_status_bar_view} during layout: running second layout pass
04-20 20:01:09.950     0     0 W swapper/0: type=1400 audit(0.0:627): avc: denied { kill } for uid=0 capability=5 scontext=u:r:kernel:s0 tcontext=u:r:kernel:s0 tclass=capability permissive=0
04-20 20:01:35.304  1746  2064 D BatteryService: uevent={POWER_SUPPLY_DP_DM=0, POWER_SUPPLY_VOLTAGE_NOW=4259630, POWER_SUPPLY_SW_JEITA_ENABLED=0, POWER_SUPPLY_CHARGE_CONTROL_LIMIT_MAX=8, POWER_SUPPLY_RECHARGE_SOC=99, POWER_SUPPLY_HEALTH=Good, POWER_SUPPLY_TECHNOLOGY=Li-ion, POWER_SUPPLY_FCC_STEPPER_ENABLE=0, SEQNUM=15433, POWER_SUPPLY_INPUT_CURRENT_LIMITED=0, POWER_SUPPLY_CHARGE_CONTROL_LIMIT=0, POWER_SUPPLY_BATTERY_CHARGING_ENABLED=1, POWER_SUPPLY_STATUS=Discharging, POWER_SUPPLY_CYCLE_COUNT=1, POWER_SUPPLY_CURRENT_MAX=2000000, POWER_SUPPLY_CHARGE_TERM_CURRENT=-101, POWER_SUPPLY_CAPACITY=93, DEVPATH=/devices/platform/soc/200f000.qcom,spmi/spmi-0/spmi0-02/200f000.qcom,spmi:qcom,pmi632@2:qcom,qpnp-smb5/power_supply/battery, POWER_SUPPLY_CHARGE_DONE=0, POWER_SUPPLY_CHARGE_TYPE=N/A, POWER_SUPPLY_CHARGE_RATE=None, POWER_SUPPLY_CURRENT_NOW=-155487, POWER_SUPPLY_SYSTEM_TEMP_LEVEL=0, POWER_SUPPLY_PRESENT=1, POWER_SUPPLY_PARALLEL_DISABLE=0, POWER_SUPPLY_CHARGE_FULL=3615000, SUBSYSTEM=power_supply, POWER_SUPPLY_SET_SHIP_MODE=0, POWER_SUPPLY_TEMP=236, ACTION=change, POWER_SUPPLY_RERUN_AICL=0, POWER_SUPPLY_AGE=100, POWER_SUPPLY_NAME=battery, POWER_SUPPLY_VOLTAGE_MAX=-22, POWER_SUPPLY_CONSTANT_CHARGE_CURRENT_MAX=2000000, POWER_SUPPLY_CHARGE_COUNTER=3361950, POWER_SUPPLY_STEP_CHARGING_ENABLED=0, POWER_SUPPLY_NUM_SYSTEM_TEMP_LEVELS=8, POWER_SUPPLY_DIE_HEALTH=Hot, POWER_SUPPLY_INPUT_SUSPEND=0}
04-20 20:01:29.953     0     0 W swapper/0: type=1400 audit(0.0:629): avc: denied { kill } for uid=0 capability=5 scontext=u:r:kernel:s0 tcontext=u:r:kernel:s0 tclass=capability permissive=0
04-20 20:01:35.316  2506  2506 D QtiCarrierConfigHelper: WARNING, no carrier configs on phone Id: 0
04-20 20:01:39.960     0     0 W swapper/1: type=1400 audit(0.0:630): avc: denied { kill } for uid=0 capability=5 scontext=u:r:kernel:s0 tcontext=u:r:kernel:s0 tclass=capability permissive=0
04-20 20:01:49.960     0     0 W swapper/2: type=1400 audit(0.0:631): avc: denied { kill } for uid=0 capability=5 scontext=u:r:kernel:s0 tcontext=u:r:kernel:s0 tclass=capability permissive=0
04-20 20:01:53.188  2506  2506 D QtiCarrierConfigHelper: WARNING, no carrier configs on phone Id: 0
04-20 20:01:59.813  1746  2396 D WificondControl: Scan result ready event
04-20 20:01:59.963     0     0 W swapper/0: type=1400 audit(0.0:632): avc: denied { kill } for uid=0 capability=5 scontext=u:r:kernel:s0 tcontext=u:r:kernel:s0 tclass=capability permissive=0
04-20 20:02:00.025  2315  2315 W View    : requestLayout() improperly called by com.android.systemui.statusbar.HeadsUpStatusBarView{aa901f7 I.E...... ......ID 0,0-248,56 #7f0a01f7 app:id/heads_up_status_bar_view} during layout: running second layout pass
04-20 20:02:09.966     0     0 W swapper/1: type=1400 audit(0.0:633): avc: denied { kill } for uid=0 capability=5 scontext=u:r:kernel:s0 tcontext=u:r:kernel:s0 tclass=capability permissive=0
04-20 20:02:29.970     0     0 W swapper/1: type=1400 audit(0.0:635): avc: denied { kill } for uid=0 capability=5 scontext=u:r:kernel:s0 tcontext=u:r:kernel:s0 tclass=capability permissive=0
04-20 20:02:34.515 17704 28057 I chatty  : uid=10157 com.google.android.gms.persistent expire 2 lines
04-20 20:02:36.741  1746  2064 D BatteryService: uevent={POWER_SUPPLY_DP_DM=0, POWER_SUPPLY_VOLTAGE_NOW=4252818, POWER_SUPPLY_SW_JEITA_ENABLED=0, POWER_SUPPLY_CHARGE_CONTROL_LIMIT_MAX=8, POWER_SUPPLY_RECHARGE_SOC=99, POWER_SUPPLY_HEALTH=Good, POWER_SUPPLY_TECHNOLOGY=Li-ion, POWER_SUPPLY_FCC_STEPPER_ENABLE=0, SEQNUM=15554, POWER_SUPPLY_INPUT_CURRENT_LIMITED=0, POWER_SUPPLY_CHARGE_CONTROL_LIMIT=0, POWER_SUPPLY_BATTERY_CHARGING_ENABLED=1, POWER_SUPPLY_STATUS=Discharging, POWER_SUPPLY_CYCLE_COUNT=1, POWER_SUPPLY_CURRENT_MAX=2000000, POWER_SUPPLY_CHARGE_TERM_CURRENT=-101, POWER_SUPPLY_CAPACITY=93, DEVPATH=/devices/platform/soc/200f000.qcom,spmi/spmi-0/spmi0-02/200f000.qcom,spmi:qcom,pmi632@2:qcom,qpnp-smb5/power_supply/battery, POWER_SUPPLY_CHARGE_DONE=0, POWER_SUPPLY_CHARGE_TYPE=N/A, POWER_SUPPLY_CHARGE_RATE=None, POWER_SUPPLY_CURRENT_NOW=-193481, POWER_SUPPLY_SYSTEM_TEMP_LEVEL=0, POWER_SUPPLY_PRESENT=1, POWER_SUPPLY_PARALLEL_DISABLE=0, POWER_SUPPLY_CHARGE_FULL=3615000, SUBSYSTEM=power_supply, POWER_SUPPLY_SET_SHIP_MODE=0, POWER_SUPPLY_TEMP=236, ACTION=change, POWER_SUPPLY_RERUN_AICL=0, POWER_SUPPLY_AGE=100, POWER_SUPPLY_NAME=battery, POWER_SUPPLY_VOLTAGE_MAX=-22, POWER_SUPPLY_CONSTANT_CHARGE_CURRENT_MAX=2000000, POWER_SUPPLY_CHARGE_COUNTER=3361950, POWER_SUPPLY_STEP_CHARGING_ENABLED=0, POWER_SUPPLY_NUM_SYSTEM_TEMP_LEVELS=8, POWER_SUPPLY_DIE_HEALTH=Hot, POWER_SUPPLY_INPUT_SUSPEND=0}
04-20 20:02:36.760  2506  2506 D QtiCarrierConfigHelper: WARNING, no carrier configs on phone Id: 0
04-20 20:02:39.970     0     0 W swapper/0: type=1400 audit(0.0:636): avc: denied { kill } for uid=0 capability=5 scontext=u:r:kernel:s0 tcontext=u:r:kernel:s0 tclass=capability permissive=0
04-20 20:02:49.973     0     0 I chatty  : uid=1036(auditd) logd identical 2 lines
04-20 20:02:59.976     0     0 W swapper/0: type=1400 audit(0.0:638): avc: denied { kill } for uid=0 capability=5 scontext=u:r:kernel:s0 tcontext=u:r:kernel:s0 tclass=capability permissive=0
04-20 20:03:00.023  2315  2315 W View    : requestLayout() improperly called by com.android.systemui.statusbar.HeadsUpStatusBarView{aa901f7 I.E...... ......ID 0,0-248,56 #7f0a01f7 app:id/heads_up_status_bar_view} during layout: running second layout pass
04-20 20:03:01.227   724   724 I netd    : trafficSwapActiveStatsMap() <7.48ms>
04-20 20:03:01.236   724   724 I netd    : tetherGetStats() <4.64ms>
04-20 20:03:01.263   724   724 I netd    : bandwidthSetGlobalAlert(2097152) <0.96ms>
04-20 20:03:07.917   724   724 I netd    : trafficSwapActiveStatsMap() <8.13ms>
04-20 20:03:07.925   724   724 I netd    : tetherGetStats() <4.42ms>
04-20 20:03:07.956   724   724 I netd    : bandwidthSetGlobalAlert(2097152) <0.52ms>
04-20 20:03:09.980     0     0 W swapper/1: type=1400 audit(0.0:639): avc: denied { kill } for uid=0 capability=5 scontext=u:r:kernel:s0 tcontext=u:r:kernel:s0 tclass=capability permissive=0
04-20 20:03:11.128 14771 14783 W android.vendin: Reducing the number of considered missed Gc histogram windows from 171 to 100
04-20 20:03:15.029   724   724 I netd    : trafficSwapActiveStatsMap() <7.14ms>
04-20 20:03:15.037   724   724 I netd    : tetherGetStats() <4.23ms>
04-20 20:03:15.118   724   724 I netd    : bandwidthSetGlobalAlert(2097152) <0.36ms>
04-20 20:03:19.814  1746  2041 D WificondControl: Scan result ready event
04-20 20:03:19.980     0     0 W swapper/0: type=1400 audit(0.0:640): avc: denied { kill } for uid=0 capability=5 scontext=u:r:kernel:s0 tcontext=u:r:kernel:s0 tclass=capability permissive=0
04-20 20:03:21.750   724   724 I netd    : trafficSwapActiveStatsMap() <8.49ms>
04-20 20:03:21.759   724   724 I netd    : tetherGetStats() <4.78ms>
04-20 20:03:21.788   724   724 I netd    : bandwidthSetGlobalAlert(2097152) <0.47ms>
04-20 20:03:26.116 28241 28241 W atrace  : type=1400 audit(0.0:641): avc: denied { write } for uid=2000 name="enable" dev="tracefs" ino=7707 scontext=u:r:shell:s0 tcontext=u:object_r:debugfs_tracing_debug:s0 tclass=file permissive=0
04-20 20:03:26.116 28241 28241 W atrace  : type=1400 audit(0.0:642): avc: denied { write } for uid=2000 name="enable" dev="tracefs" ino=7593 scontext=u:r:shell:s0 tcontext=u:object_r:debugfs_tracing_debug:s0 tclass=file permissive=0
04-20 20:03:26.116 28241 28241 W atrace  : type=1400 audit(0.0:643): avc: denied { write } for uid=2000 name="enable" dev="tracefs" ino=12016 scontext=u:r:shell:s0 tcontext=u:object_r:debugfs_tracing_debug:s0 tclass=file permissive=0
04-20 20:03:26.130 28239 28239 V StudioTransport: Server listening on unix:@AndroidStudioTransport port:1
04-20 20:03:29.983     0     0 W swapper/1: type=1400 audit(0.0:644): avc: denied { kill } for uid=0 capability=5 scontext=u:r:kernel:s0 tcontext=u:r:kernel:s0 tclass=capability permissive=0
04-20 20:03:38.172  1746  2064 D BatteryService: uevent={POWER_SUPPLY_DP_DM=0, POWER_SUPPLY_VOLTAGE_NOW=4250872, POWER_SUPPLY_SW_JEITA_ENABLED=0, POWER_SUPPLY_CHARGE_CONTROL_LIMIT_MAX=8, POWER_SUPPLY_RECHARGE_SOC=99, POWER_SUPPLY_HEALTH=Good, POWER_SUPPLY_TECHNOLOGY=Li-ion, POWER_SUPPLY_FCC_STEPPER_ENABLE=0, SEQNUM=15681, POWER_SUPPLY_INPUT_CURRENT_LIMITED=0, POWER_SUPPLY_CHARGE_CONTROL_LIMIT=0, POWER_SUPPLY_BATTERY_CHARGING_ENABLED=1, POWER_SUPPLY_STATUS=Discharging, POWER_SUPPLY_CYCLE_COUNT=1, POWER_SUPPLY_CURRENT_MAX=2000000, POWER_SUPPLY_CHARGE_TERM_CURRENT=-101, POWER_SUPPLY_CAPACITY=93, DEVPATH=/devices/platform/soc/200f000.qcom,spmi/spmi-0/spmi0-02/200f000.qcom,spmi:qcom,pmi632@2:qcom,qpnp-smb5/power_supply/battery, POWER_SUPPLY_CHARGE_DONE=0, POWER_SUPPLY_CHARGE_TYPE=N/A, POWER_SUPPLY_CHARGE_RATE=None, POWER_SUPPLY_CURRENT_NOW=-193328, POWER_SUPPLY_SYSTEM_TEMP_LEVEL=0, POWER_SUPPLY_PRESENT=1, POWER_SUPPLY_PARALLEL_DISABLE=0, POWER_SUPPLY_CHARGE_FULL=3615000, SUBSYSTEM=power_supply, POWER_SUPPLY_SET_SHIP_MODE=0, POWER_SUPPLY_TEMP=237, ACTION=change, POWER_SUPPLY_RERUN_AICL=0, POWER_SUPPLY_AGE=100, POWER_SUPPLY_NAME=battery, POWER_SUPPLY_VOLTAGE_MAX=-22, POWER_SUPPLY_CONSTANT_CHARGE_CURRENT_MAX=2000000, POWER_SUPPLY_CHARGE_COUNTER=3361950, POWER_SUPPLY_STEP_CHARGING_ENABLED=0, POWER_SUPPLY_NUM_SYSTEM_TEMP_LEVELS=8, POWER_SUPPLY_DIE_HEALTH=Hot, POWER_SUPPLY_INPUT_SUSPEND=0}
04-20 20:03:38.192  2506  2506 D QtiCarrierConfigHelper: WARNING, no carrier configs on phone Id: 0
04-20 20:03:39.983     0     0 W swapper/2: type=1400 audit(0.0:645): avc: denied { kill } for uid=0 capability=5 scontext=u:r:kernel:s0 tcontext=u:r:kernel:s0 tclass=capability permissive=0
04-20 20:03:59.990     0     0 W swapper/0: type=1400 audit(0.0:647): avc: denied { kill } for uid=0 capability=5 scontext=u:r:kernel:s0 tcontext=u:r:kernel:s0 tclass=capability permissive=0
04-20 20:04:00.029  2315  2315 W View    : requestLayout() improperly called by com.android.systemui.statusbar.HeadsUpStatusBarView{aa901f7 I.E...... ......ID 0,0-248,56 #7f0a01f7 app:id/heads_up_status_bar_view} during layout: running second layout pass
04-20 20:04:09.993     0     0 W swapper/2: type=1400 audit(0.0:648): avc: denied { kill } for uid=0 capability=5 scontext=u:r:kernel:s0 tcontext=u:r:kernel:s0 tclass=capability permissive=0
04-20 20:04:19.996     0     0 W swapper/0: type=1400 audit(0.0:649): avc: denied { kill } for uid=0 capability=5 scontext=u:r:kernel:s0 tcontext=u:r:kernel:s0 tclass=capability permissive=0
04-20 20:04:26.392 20429 28411 I chatty  : uid=10157(com.google.android.gms) expire 2 lines
04-20 20:04:30.000     0     0 W swapper/2: type=1400 audit(0.0:650): avc: denied { kill } for uid=0 capability=5 scontext=u:r:kernel:s0 tcontext=u:r:kernel:s0 tclass=capability permissive=0
04-20 20:04:39.618  1746  2064 D BatteryService: uevent={POWER_SUPPLY_DP_DM=0, POWER_SUPPLY_VOLTAGE_NOW=4255738, POWER_SUPPLY_SW_JEITA_ENABLED=0, POWER_SUPPLY_CHARGE_CONTROL_LIMIT_MAX=8, POWER_SUPPLY_RECHARGE_SOC=99, POWER_SUPPLY_HEALTH=Good, POWER_SUPPLY_TECHNOLOGY=Li-ion, POWER_SUPPLY_FCC_STEPPER_ENABLE=0, SEQNUM=15802, POWER_SUPPLY_INPUT_CURRENT_LIMITED=0, POWER_SUPPLY_CHARGE_CONTROL_LIMIT=0, POWER_SUPPLY_BATTERY_CHARGING_ENABLED=1, POWER_SUPPLY_STATUS=Discharging, POWER_SUPPLY_CYCLE_COUNT=1, POWER_SUPPLY_CURRENT_MAX=2000000, POWER_SUPPLY_CHARGE_TERM_CURRENT=-101, POWER_SUPPLY_CAPACITY=93, DEVPATH=/devices/platform/soc/200f000.qcom,spmi/spmi-0/spmi0-02/200f000.qcom,spmi:qcom,pmi632@2:qcom,qpnp-smb5/power_supply/battery, POWER_SUPPLY_CHARGE_DONE=0, POWER_SUPPLY_CHARGE_TYPE=N/A, POWER_SUPPLY_CHARGE_RATE=None, POWER_SUPPLY_CURRENT_NOW=-141296, POWER_SUPPLY_SYSTEM_TEMP_LEVEL=0, POWER_SUPPLY_PRESENT=1, POWER_SUPPLY_PARALLEL_DISABLE=0, POWER_SUPPLY_CHARGE_FULL=3615000, SUBSYSTEM=power_supply, POWER_SUPPLY_SET_SHIP_MODE=0, POWER_SUPPLY_TEMP=237, ACTION=change, POWER_SUPPLY_RERUN_AICL=0, POWER_SUPPLY_AGE=100, POWER_SUPPLY_NAME=battery, POWER_SUPPLY_VOLTAGE_MAX=-22, POWER_SUPPLY_CONSTANT_CHARGE_CURRENT_MAX=2000000, POWER_SUPPLY_CHARGE_COUNTER=3361950, POWER_SUPPLY_STEP_CHARGING_ENABLED=0, POWER_SUPPLY_NUM_SYSTEM_TEMP_LEVELS=8, POWER_SUPPLY_DIE_HEALTH=Hot, POWER_SUPPLY_INPUT_SUSPEND=0}
04-20 20:04:39.640  2506  2506 D QtiCarrierConfigHelper: WARNING, no carrier configs on phone Id: 0
04-20 20:04:39.806  1746  2041 D WificondControl: Scan result ready event
04-20 20:04:40.003     0     0 W swapper/0: type=1400 audit(0.0:651): avc: denied { kill } for uid=0 capability=5 scontext=u:r:kernel:s0 tcontext=u:r:kernel:s0 tclass=capability permissive=0
04-20 20:04:49.677  1746  2041 I ActivityManager: Killing 9928:com.google.android.permissioncontroller/u0a74 (adj 955): empty for 1914s
04-20 20:04:49.680  1746  2041 I ActivityManager: Killing 23373:com.motorola.moto:mya_ce/u0a110 (adj 965): empty for 1926s
04-20 20:04:49.683  1746  2041 I ActivityManager: Killing 23326:com.android.providers.calendar/u0a59 (adj 965): empty for 1928s
04-20 20:04:49.684  1746  2041 I ActivityManager: Killing 21016:com.motorola.motodisplay/u0a167 (adj 975): empty for 1930s
04-20 20:04:49.757  1746  5335 D ActivityManager: makeInactive, ProcessRecord{ddef1f7 23326:com.android.providers.calendar/u0a59}, clear holder.state
04-20 20:04:49.757   725 27039 I Zygote  : Process 23326 exited due to signal 9 (Killed)
04-20 20:04:49.757   725   725 I Zygote  : Process 23373 exited due to signal 9 (Killed)
04-20 20:04:49.759  1746  9425 D ActivityManager: makeInactive, ProcessRecord{1b07864 23373:com.motorola.moto:mya_ce/u0a110}, clear holder.state
04-20 20:04:49.787  1746  9368 D ActivityManager: makeInactive, ProcessRecord{3b5de54 21016:com.motorola.motodisplay/u0a167}, clear holder.state
04-20 20:04:49.790  1746  1769 W ActivityManager: setHasOverlayUi called on unknown pid: 21016
04-20 20:04:49.790   725   725 I Zygote  : Process 21016 exited due to signal 9 (Killed)
04-20 20:04:49.795  1746  7096 D ActivityManager: makeInactive, ProcessRecord{d2f3161 9928:com.google.android.permissioncontroller/u0a74}, clear holder.state
04-20 20:04:49.796   725   725 I Zygote  : Process 9928 exited due to signal 9 (Killed)
04-20 20:04:49.798  1746  1769 W ActivityManager: setHasOverlayUi called on unknown pid: 9928
04-20 20:04:49.799  1746  1778 I libprocessgroup: Successfully killed process cgroup uid 10074 pid 9928 in 117ms
04-20 20:04:49.799  1746  1778 I libprocessgroup: Successfully killed process cgroup uid 10110 pid 23373 in 0ms
04-20 20:04:49.800  1746  1778 I libprocessgroup: Successfully killed process cgroup uid 10059 pid 23326 in 0ms
04-20 20:04:49.800  1746  1778 I libprocessgroup: Successfully killed process cgroup uid 10167 pid 21016 in 0ms
04-20 20:04:50.003     0     0 W swapper/1: type=1400 audit(0.0:652): avc: denied { kill } for uid=0 capability=5 scontext=u:r:kernel:s0 tcontext=u:r:kernel:s0 tclass=capability permissive=0
04-20 20:05:00.029  2315  2315 W View    : requestLayout() improperly called by com.android.systemui.statusbar.HeadsUpStatusBarView{aa901f7 I.E...... ......ID 0,0-248,56 #7f0a01f7 app:id/heads_up_status_bar_view} during layout: running second layout pass
04-20 20:05:10.016     0     0 W swapper/0: type=1400 audit(0.0:653): avc: denied { kill } for uid=0 capability=5 scontext=u:r:kernel:s0 tcontext=u:r:kernel:s0 tclass=capability permissive=0
04-20 20:05:16.246  1746  7096 I ActivityManager: Force stopping com.google.location.nearby.apps.connectedcrossroad appid=10216 user=0: from pid 28551
04-20 20:05:16.252  2506  2506 E PhoneInterfaceManager: [PhoneIntfMgr] getCarrierPackageNamesForIntent: No UICC
04-20 20:05:16.252  2506  2506 D CarrierSvcBindHelper: No carrier app for: 0
04-20 20:05:20.016     0     0 W swapper/1: type=1400 audit(0.0:654): avc: denied { kill } for uid=0 capability=5 scontext=u:r:kernel:s0 tcontext=u:r:kernel:s0 tclass=capability permissive=0
04-20 20:05:20.489  1746  7096 I ActivityManager: Force stopping com.google.location.nearby.apps.connectedcrossroad appid=10216 user=0: from pid 28585
04-20 20:05:20.495  2506  2506 E PhoneInterfaceManager: [PhoneIntfMgr] getCarrierPackageNamesForIntent: No UICC
04-20 20:05:20.496  2506  2506 D CarrierSvcBindHelper: No carrier app for: 0
04-20 20:05:20.571  1746  7096 I ActivityTaskManager: START u0 {act=android.intent.action.MAIN cat=[android.intent.category.LAUNCHER] flg=0x10000000 cmp=com.google.location.nearby.apps.connectedcrossroad/nx.aodv.eval.MainActivity} from uid 2000
04-20 20:05:20.571  1746  7096 D ActivityTaskManager: getPreferredLaunchDisplay usersetdisplayid -1 current displayId 0 paramspreferid 0
04-20 20:05:20.572  1746  7096 D ActivityTaskManager: getPreferredLaunchDisplay usersetdisplayid -1 current displayId 0 paramspreferid 0
04-20 20:05:20.576  1746  7096 D ActivityTaskManager: getPreferredLaunchDisplay usersetdisplayid 0 current displayId 0 paramspreferid 0
04-20 20:05:20.583  7386  7625 D MCLOG   : [MC_TriggerHelper] PauseResumeTrigger
04-20 20:05:20.591  7386  7386 D MCLOG   : [MC_Service] onStartcommand()
04-20 20:05:20.593  1746  1746 V SettingsProvider: Notifying for 0: content://settings/secure/reminder_exp_learning_time_elapsed
04-20 20:05:20.600  1746  1770 E system_server: Invalid ID 0x00000000.
04-20 20:05:20.616  1746  1770 V WindowManager: Changing focus from Window{d40a2d0 u0 com.motorola.launcher3/com.android.launcher3.CustomizationPanelLauncher} to null displayId=0
04-20 20:05:20.620   725   725 D Zygote  : Forked child process 28595
04-20 20:05:20.627  1746  1777 I ActivityManager: Start proc 28595:com.google.location.nearby.apps.connectedcrossroad/u0a216 for activity {com.google.location.nearby.apps.connectedcrossroad/nx.aodv.eval.MainActivity}
04-20 20:05:20.636 28595 28595 I nectedcrossroa: Late-enabling -Xcheck:jni
04-20 20:05:20.660 28595 28595 E nectedcrossroa: Unknown bits set in runtime_flags: 0x8000
04-20 20:05:20.681  7386  7625 D MCLOG   : [MC_TriggerHelper] PauseResumeTrigger
04-20 20:05:20.690  1746  1770 I WindowManager:   SURFACE show Surface(name=Splash Screen com.google.location.nearby.apps.connectedcrossroad)/@0x87bfda9 on display:0: Splash Screen com.google.location.nearby.apps.connectedcrossroad
04-20 20:05:20.699  7386  7386 D MCLOG   : [MC_Service] onStartcommand()
04-20 20:05:20.986  1746 11668 I WindowManager: Window drawn AppWindowToken{67332e3 token=Token{7ac1b12 ActivityRecord{c39da9d u0 com.motorola.launcher3/com.android.launcher3.CustomizationPanelLauncher t4}}}
04-20 20:05:21.053 28595 28595 W nectedcrossroa: Accessing hidden method Landroid/view/View;->computeFitSystemWindows(Landroid/graphics/Rect;Landroid/graphics/Rect;)Z (greylist, reflection, allowed)
04-20 20:05:21.053 28595 28595 W nectedcrossroa: Accessing hidden method Landroid/view/ViewGroup;->makeOptionalFitsSystemWindows()V (greylist, reflection, allowed)
04-20 20:05:21.206 28595 28595 V perf    : AODV networking started.
04-20 20:05:21.318  1746  3407 V WindowManager: Changing focus from null to Window{b5fb390 u0 com.google.location.nearby.apps.connectedcrossroad/nx.aodv.eval.MainActivity} displayId=0
04-20 20:05:21.321 28595 28634 I AdrenoGLES: QUALCOMM build                   : 961b24f, Ib57168459a
04-20 20:05:21.321 28595 28634 I AdrenoGLES: Build Date                       : 02/24/20
04-20 20:05:21.321 28595 28634 I AdrenoGLES: OpenGL ES Shader Compiler Version: EV031.27.05.06
04-20 20:05:21.321 28595 28634 I AdrenoGLES: Local Branch                     : 
04-20 20:05:21.321 28595 28634 I AdrenoGLES: Remote Branch                    : 
04-20 20:05:21.321 28595 28634 I AdrenoGLES: Remote Branch                    : 
04-20 20:05:21.321 28595 28634 I AdrenoGLES: Reconstruct Branch               : 
04-20 20:05:21.321 28595 28634 I AdrenoGLES: Build Config                     : S L 8.0.12 AArch32
04-20 20:05:21.326 28595 28634 I AdrenoGLES: PFP: 0x005ff112, ME: 0x005ff066
04-20 20:05:21.362   577   577 I hwservicemanager: getTransport: Cannot find entry android.hardware.graphics.mapper@3.0::IMapper/default in either framework or device manifest.
04-20 20:05:21.362 28595 28634 W Gralloc3: mapper 3.x is not supported
04-20 20:05:21.378  1746  1770 I LaunchCheckinHandler: Displayed com.google.location.nearby.apps.connectedcrossroad/nx.aodv.eval.MainActivity,cp,ca,786
04-20 20:05:21.378  1746  1770 I WindowManager: Window drawn AppWindowToken{e54ed32 token=Token{ed8213d ActivityRecord{954c294 u0 com.google.location.nearby.apps.connectedcrossroad/nx.aodv.eval.MainActivity t13}}}
04-20 20:05:21.378  1746  1770 I WindowManager:   SURFACE show Surface(name=com.google.location.nearby.apps.connectedcrossroad/nx.aodv.eval.MainActivity)/@0xb88e045 on display:0: com.google.location.nearby.apps.connectedcrossroad/nx.aodv.eval.MainActivity
04-20 20:05:21.381  1746  1775 I ActivityTaskManager: Displayed com.google.location.nearby.apps.connectedcrossroad/nx.aodv.eval.MainActivity: +807ms
04-20 20:05:21.419  1746  3407 I ActivityManager: Killing 23401:com.android.settings.intelligence/u0a140 (adj 999): empty for 1901s
04-20 20:05:21.486  1746 11668 D ActivityManager: makeInactive, ProcessRecord{ca7ab81 23401:com.android.settings.intelligence/u0a140}, clear holder.state
04-20 20:05:21.486   725   725 I Zygote  : Process 23401 exited due to signal 9 (Killed)
04-20 20:05:21.488  1746  1778 I libprocessgroup: Successfully killed process cgroup uid 10140 pid 23401 in 68ms
04-20 20:05:21.643 17717 28647 I PBSessionCacheImpl: Deleted sessionId[77921808998064645] from persistence.
04-20 20:05:21.740 17717 17771 W SearchServiceCore: Abort, client detached.
04-20 20:05:21.754 17717 17771 I MicroDetectionState: Should stop hotword detection immediately - false
04-20 20:05:26.571 17717 17737 W earchbox:searc: Reducing the number of considered missed Gc histogram windows from 180 to 100
04-20 20:05:26.599 20429 20441 I chatty  : uid=10157(com.google.android.gms) HeapTaskDaemon expire 1 line
04-20 20:05:30.020     0     0 W swapper/0: type=1400 audit(0.0:655): avc: denied { kill } for uid=0 capability=5 scontext=u:r:kernel:s0 tcontext=u:r:kernel:s0 tclass=capability permissive=0
04-20 20:05:31.456 17717 17771 I WorkerManager: dispose()
04-20 20:05:31.460 17717 17771 W ThreadPoolDumper: Queue length for executor EventBus is now 11. Perhaps some tasks are too long, or the pool is too small.
04-20 20:05:40.023     0     0 W swapper/1: type=1400 audit(0.0:656): avc: denied { kill } for uid=0 capability=5 scontext=u:r:kernel:s0 tcontext=u:r:kernel:s0 tclass=capability permissive=0
04-20 20:05:41.054  1746  2064 D BatteryService: uevent={POWER_SUPPLY_DP_DM=0, POWER_SUPPLY_VOLTAGE_NOW=4253791, POWER_SUPPLY_SW_JEITA_ENABLED=0, POWER_SUPPLY_CHARGE_CONTROL_LIMIT_MAX=8, POWER_SUPPLY_RECHARGE_SOC=99, POWER_SUPPLY_HEALTH=Good, POWER_SUPPLY_TECHNOLOGY=Li-ion, POWER_SUPPLY_FCC_STEPPER_ENABLE=0, SEQNUM=15925, POWER_SUPPLY_INPUT_CURRENT_LIMITED=0, POWER_SUPPLY_CHARGE_CONTROL_LIMIT=0, POWER_SUPPLY_BATTERY_CHARGING_ENABLED=1, POWER_SUPPLY_STATUS=Discharging, POWER_SUPPLY_CYCLE_COUNT=1, POWER_SUPPLY_CURRENT_MAX=2000000, POWER_SUPPLY_CHARGE_TERM_CURRENT=-101, POWER_SUPPLY_CAPACITY=93, DEVPATH=/devices/platform/soc/200f000.qcom,spmi/spmi-0/spmi0-02/200f000.qcom,spmi:qcom,pmi632@2:qcom,qpnp-smb5/power_supply/battery, POWER_SUPPLY_CHARGE_DONE=0, POWER_SUPPLY_CHARGE_TYPE=N/A, POWER_SUPPLY_CHARGE_RATE=None, POWER_SUPPLY_CURRENT_NOW=-166168, POWER_SUPPLY_SYSTEM_TEMP_LEVEL=0, POWER_SUPPLY_PRESENT=1, POWER_SUPPLY_PARALLEL_DISABLE=0, POWER_SUPPLY_CHARGE_FULL=3615000, SUBSYSTEM=power_supply, POWER_SUPPLY_SET_SHIP_MODE=0, POWER_SUPPLY_TEMP=237, ACTION=change, POWER_SUPPLY_RERUN_AICL=0, POWER_SUPPLY_AGE=100, POWER_SUPPLY_NAME=battery, POWER_SUPPLY_VOLTAGE_MAX=-22, POWER_SUPPLY_CONSTANT_CHARGE_CURRENT_MAX=2000000, POWER_SUPPLY_CHARGE_COUNTER=3361950, POWER_SUPPLY_STEP_CHARGING_ENABLED=0, POWER_SUPPLY_NUM_SYSTEM_TEMP_LEVELS=8, POWER_SUPPLY_DIE_HEALTH=Hot, POWER_SUPPLY_INPUT_SUSPEND=0}
04-20 20:05:41.071  2506  2506 D QtiCarrierConfigHelper: WARNING, no carrier configs on phone Id: 0
04-20 20:05:42.339  2449  3312 D QCNEJ/WlanStaInfoRelay: Received action: android.net.wifi.RSSI_CHANGED
04-20 20:05:42.340  2449  3312 I QCNEJ/NativeHalConnector: -> SND notifyWlanStaStatusChanged([WlanStaInfo]: wifiSwitchState = 1 rssi = -57 ssid = Jasmine bssid = b0:39:56:5a:37:40 dnsInfo = 192.168.1.1;0.0.0.0;0.0.0.0;0.0.0.0; freqBand = _2GHz countryCode = us[RatInfo]: networkType = 1 subType = 101 networkState = CONNECTED netHdl = 432902426637 ipAddrV4 = 192.168.1.67 ipAddrV6 =  ifNameV4 = wlan0 ifNameV6 =  slotIdx = 0 isAndroidValidated = true) timeStamp = 2021-04-20 20:05:42.34
04-20 20:05:42.358  2506  2917 E PhoneInterfaceManager: [PhoneIntfMgr] getCarrierPrivilegeStatus: No UICC
04-20 20:05:42.360  2764  3687 I CarrierServices: [99] car.a: FiST: Wifi connectivity status true
04-20 20:05:42.362  2764  4153 I CarrierServices: [127] awv.handleMessage: RCS is disabled, skipping config update request
04-20 20:05:42.363  2764  4146 I CarrierServices: [125] chy.a: (PEv2-SM): DisabledState: event Connectivity event
04-20 20:05:42.363  2764  3687 I CarrierServices: [99] cay.d: Connected state: [1], networkType: [WIFI]
04-20 20:05:42.368  2506  2917 E PhoneInterfaceManager: [PhoneIntfMgr] getCarrierPrivilegeStatus: No UICC
04-20 20:05:45.421  2449  3312 D QCNEJ/WlanStaInfoRelay: Received action: android.net.wifi.RSSI_CHANGED
04-20 20:05:45.421  2449  3312 I QCNEJ/NativeHalConnector: -> SND notifyWlanStaStatusChanged([WlanStaInfo]: wifiSwitchState = 1 rssi = -51 ssid = Jasmine bssid = b0:39:56:5a:37:40 dnsInfo = 192.168.1.1;0.0.0.0;0.0.0.0;0.0.0.0; freqBand = _2GHz countryCode = us[RatInfo]: networkType = 1 subType = 101 networkState = CONNECTED netHdl = 432902426637 ipAddrV4 = 192.168.1.67 ipAddrV6 =  ifNameV4 = wlan0 ifNameV6 =  slotIdx = 0 isAndroidValidated = true) timeStamp = 2021-04-20 20:05:45.421
04-20 20:05:45.433  2506  2917 E PhoneInterfaceManager: [PhoneIntfMgr] getCarrierPrivilegeStatus: No UICC
04-20 20:05:45.435  2764  3687 I CarrierServices: [99] car.a: FiST: Wifi connectivity status true
04-20 20:05:45.438  2764  3687 I CarrierServices: [99] cay.d: Connected state: [1], networkType: [WIFI]
04-20 20:05:45.439  2764  4153 I CarrierServices: [127] awv.handleMessage: RCS is disabled, skipping config update request
04-20 20:05:45.439  2764  4146 I CarrierServices: [125] chy.a: (PEv2-SM): DisabledState: event Connectivity event
04-20 20:05:45.445  2506  2917 E PhoneInterfaceManager: [PhoneIntfMgr] getCarrierPrivilegeStatus: No UICC
04-20 20:05:46.383  2973  2973 I KeyboardViewUtil: KeyboardViewUtil.getKeyboardHeightRatio():127 systemKeyboardHeightRatio:1.000000; userKeyboardHeightRatio:1.000000.
04-20 20:05:46.383  2973  2973 I AndroidIME: AbstractIme.onActivate():83 LatinIme.onActivate() : EditorInfo = Package = com.google.location.nearby.apps.connectedcrossroad : Type = Text : Learning = Enable : Suggestion = Show : AutoCorrection = Enable : Microphone = Show : NoPersonalizedLearning = Disable, IncognitoMode = false
04-20 20:05:46.383  2973  2973 I Delight5Facilitator: Delight5Facilitator.initializeForIme():574 initializeForIme() : Locale = [en_US], layout = qwerty
04-20 20:05:46.383  2973  2973 I VoiceInputManagerWrapper: VoiceInputManagerWrapper.cancelShutdown():54 cancelShutdown()
04-20 20:05:46.384  2973  2973 I VoiceInputManagerWrapper: VoiceInputManagerWrapper.syncLanguagePacks():66 syncLanguagePacks()
04-20 20:05:46.384  2973 22046 I SpeechFactory: SpeechRecognitionFactory.maybeScheduleAutoPackDownloadForFallback():155 maybeScheduleAutoPackDownloadForFallback()
04-20 20:05:46.385  2973 22046 I FallbackOnDeviceRecognitionProvider: FallbackOnDeviceRecognitionProvider.maybeScheduleAutoPackDownload():200 maybeScheduleAutoPackDownload() for language tag en-US
04-20 20:05:46.387  2973  2973 I KeyboardWrapper: KeyboardWrapper.consumeEvent():264 Skip consuming an event as current keyboard is deactivated (state=0, keyboard existence=true)
04-20 20:05:46.412  2973  2973 W KeyboardModeManager: KeyboardModeManager.setInputView():359 setInputView() : inputView = com.google.android.apps.inputmethod.libs.framework.core.InputView{e4043dc V.E...... ......ID 0,0-720,1380}
04-20 20:05:46.414  2973  2973 I ConversationToQueryExtension: ConversationToQueryExtension.isEnabledForHostApp():254 Conv2Query not enabled due to current app [com.google.location.nearby.apps.connectedcrossroad] not in whitelist
04-20 20:05:46.414  2973  2973 I ConversationToQueryExtension: ConversationToQueryExtension.onActivate():165 onActivate() : Disabled by unsupported host app
04-20 20:05:46.454  1746  1770 I WindowManager:   SURFACE show Surface(name=InputMethod)/@0xb8bae23 on display:0: InputMethod
04-20 20:05:48.260  2973  2973 I ShortcutsDataManager: ShortcutsDataManager.onContentChanged():89 onContentChanged()
04-20 20:05:50.026     0     0 W swapper/0: type=1400 audit(0.0:657): avc: denied { kill } for uid=0 capability=5 scontext=u:r:kernel:s0 tcontext=u:r:kernel:s0 tclass=capability permissive=0
04-20 20:05:50.219  2973  2973 I KeyboardWrapper: KeyboardWrapper.consumeEvent():264 Skip consuming an event as current keyboard is deactivated (state=0, keyboard existence=true)
04-20 20:05:50.219  2973  2973 I VoiceInputManagerWrapper: VoiceInputManagerWrapper.shutdown():76 shutdown()
04-20 20:05:50.221  2973  2973 I AndroidIME: AbstractIme.onDeactivate():145 LatinIme.onDeactivate()
04-20 20:05:50.257 17704 24164 I chatty  : uid=10157 com.google.android.gms.persistent expire 33 lines
04-20 20:05:50.306  2297  2352 I chatty  : uid=1002(bluetooth) BT Service Call expire 26 lines
04-20 20:05:50.306  1746  1746 D BluetoothManagerService: Bluetooth Adapter name changed to InV1YXhbye0AAAAAAAAAATQ
04-20 20:05:50.306  1746  1746 D BluetoothManagerService: Stored Bluetooth name: InV1YXhbye0AAAAAAAAAATQ
04-20 20:05:50.307  1746  1746 V SettingsProvider: Notifying for 0: content://settings/secure/bluetooth_name
04-20 20:05:50.316 17704 17744 I chatty  : uid=10157(com.google.android.gms) Binder:17704_3 expire 10 lines
04-20 20:05:50.461  2297  2606 I chatty  : uid=1002(bluetooth) btu message loo expire 35 lines
04-20 20:05:50.665  1746  2253 D NsdService: Register service
04-20 20:05:50.666  1746  2253 D NsdService: registerService: 4 name: InV1YXhbye0AAA, type: _5BC9ED5E6C75._tcp, host: null, port: 37039, txtRecord: n=NAIPv4=192.168.1.67
04-20 20:05:50.666  1746  2253 D NsdService: mdnssd [register, 4, InV1YXhbye0AAA, _5BC9ED5E6C75._tcp, 37039, BG49TkERSVB2ND0xOTIuMTY4LjEuNjc=]
04-20 20:05:50.667   724  1279 D MDnsDS  : serviceRegister(4, (null), InV1YXhbye0AAA, _5BC9ED5E6C75._tcp, (null), (null), 37039, 23, <binary>)
04-20 20:05:50.668   724  1279 D MDnsDS  : startMonitoring 4
04-20 20:05:50.668   724  1279 D MDnsDS  : triggering rescan
04-20 20:05:50.668   724  1279 D MDnsDS  : serviceRegister successful
04-20 20:05:50.668   724  1278 D MDnsDS  : Monitor poll got data pollCount = 1, 1
04-20 20:05:50.668   724  1278 D MDnsDS  : controlSocket shows revent= 1
04-20 20:05:50.668   724  1278 D MDnsDS  : MDnsSdListener::Monitor got 1
04-20 20:05:50.668   724  1278 D MDnsDS  : MDnsSdListener::Monitor poll rescanning - size=10, live=1
04-20 20:05:50.668   724  1278 D MDnsDS  : Going to poll with pollCount 2
04-20 20:05:50.669  1746  2253 D NsdService: Register 4 4
04-20 20:05:51.302   724  1278 D MDnsDS  : Monitor poll got data pollCount = 2, 1
04-20 20:05:51.302   724  1278 D MDnsDS  : Monitor found [1].revents = 1 - calling ProcessResults
04-20 20:05:51.303   724  1278 D MDnsDS  : register succeeded for 4 as InV1YXhbye0AAA
04-20 20:05:51.303   724  1278 D MDnsDS  : controlSocket shows revent= 0
04-20 20:05:51.303   724  1278 D MDnsDS  : Going to poll with pollCount 2
04-20 20:05:51.305  1746  2253 D NsdService: Native daemon message SERVICE_REGISTERED: 606 4 "InV1YXhbye0AAA"
04-20 20:05:51.407  1746 11668 W ProcessStats: Tracking association SourceState{fdd1e95 com.google.android.gms.persistent/10157 ImpFg #50671} whose proc state 2 is better than process ProcessState{6967adf com.google.android.gms/10157 pkg=com.google.android.gms (sub)} proc state 3 (5 skipped)
04-20 20:05:51.471  1746 11668 I WifiService: acquireMulticastLock uid=10157
04-20 20:05:52.134  2315  2392 D CachedBluetoothDevice: Device name: Ilk1N3pbye0AAAAAAAAAATM
04-20 20:05:52.151 28595 28595 D connectedcrossroad: onEndpointFound: Connecting to Y57z
04-20 20:05:52.174 17704 28752 I chatty  : uid=10157 com.google.android.gms.persistent expire 12 lines
04-20 20:05:52.180  2297  2578 I chatty  : uid=1002(bluetooth) BluetoothScanMa expire 12 lines
04-20 20:05:52.899 17704 28754 I chatty  : uid=10157(com.google.android.gms) highpool[50] expire 27 lines
04-20 20:05:55.403  2973  2990 W putmethod.lati: Reducing the number of considered missed Gc histogram windows from 176 to 100
04-20 20:05:56.806 17717 28665 W GmsLocationProvider: Error removing location updates: 16
04-20 20:05:58.591  7386  7386 D MCLOG   : [MC_Service] onStartcommand()
04-20 20:05:58.612 17704 24073 I chatty  : uid=10157 com.google.android.gms.persistent expire 6 lines
04-20 20:05:58.653 17717 17771 I MicroDataManager: isInitializing-false locale not changed-true model not changed-true
04-20 20:05:58.662 17717 17771 I BistoWorker: bluetoothConnectionStateChanged. Action: android.bluetooth.device.action.ACL_CONNECTED
04-20 20:05:58.663 17717 17771 I BistoWorker: Ignoring non-bonded action android.bluetooth.device.action.ACL_CONNECTED for device CC:0D:F2:5A:3B:E4
04-20 20:05:58.664 17717 17771 I MicroDetectionState: Should stop hotword detection immediately - false
04-20 20:05:59.965  1746  5335 D WificondControl: Scan result ready event
04-20 20:06:00.026     0     0 W swapper/1: type=1400 audit(0.0:658): avc: denied { kill } for uid=0 capability=5 scontext=u:r:kernel:s0 tcontext=u:r:kernel:s0 tclass=capability permissive=0
04-20 20:06:00.042  2315  2315 W View    : requestLayout() improperly called by com.android.systemui.statusbar.HeadsUpStatusBarView{aa901f7 I.E...... ......ID 0,0-248,56 #7f0a01f7 app:id/heads_up_status_bar_view} during layout: running second layout pass
04-20 20:06:00.603  2297  2361 I chatty  : uid=1002(bluetooth) BondStateMachin expire 18 lines
04-20 20:06:00.605  2297  2297 I chatty  : uid=1002(bluetooth) com.android.bluetooth expire 14 lines
04-20 20:06:00.607  3355  3355 I GsaVoiceInteractionSrv: O received Intent { act=android.bluetooth.device.action.BOND_STATE_CHANGED flg=0x10 (has extras) }
04-20 20:06:00.616  1746  1776 W BroadcastQueue: Background execution not allowed: receiving Intent { act=android.bluetooth.device.action.BOND_STATE_CHANGED flg=0x10 (has extras) } to com.google.android.gms/.chimera.GmsIntentOperationService$PersistentTrustedReceiver
04-20 20:06:00.617  1746  1776 W BroadcastQueue: Background execution not allowed: receiving Intent { act=android.bluetooth.device.action.BOND_STATE_CHANGED flg=0x10 (has extras) } to com.google.android.googlequicksearchbox/com.google.android.apps.gsa.broadcastreceiver.external.ExternalCommonBroadcastReceiver
04-20 20:06:00.652 17717 17771 I BistoWorker: bluetoothConnectionStateChanged. Action: android.bluetooth.device.action.BOND_STATE_CHANGED
04-20 20:06:00.655 17717 17771 I DeviceDetector: Not bonded or not refresh cache.
04-20 20:06:00.656 17717 17771 I BistoWorker: Not a bisto device: CC:0D:F2:5A:3B:E4
04-20 20:06:01.072  2297  2352 I chatty  : uid=1002(bluetooth) BT Service Call expire 32 lines
04-20 20:06:01.085  1746  1776 W BroadcastQueue: Background execution not allowed: receiving Intent { act=android.bluetooth.device.action.BOND_STATE_CHANGED flg=0x10 (has extras) } to com.google.android.gms/.chimera.GmsIntentOperationService$PersistentTrustedReceiver
04-20 20:06:01.086  1746  1776 W BroadcastQueue: Background execution not allowed: receiving Intent { act=android.bluetooth.device.action.BOND_STATE_CHANGED flg=0x10 (has extras) } to com.google.android.googlequicksearchbox/com.google.android.apps.gsa.broadcastreceiver.external.ExternalCommonBroadcastReceiver
04-20 20:06:01.088  2297 28778 I chatty  : uid=1002(bluetooth) com.android.bluetooth expire 2 lines
04-20 20:06:01.089  3355  3355 I GsaVoiceInteractionSrv: O received Intent { act=android.bluetooth.device.action.BOND_STATE_CHANGED flg=0x10 (has extras) }
04-20 20:06:01.115  7386  7386 D MCLOG   : [MC_Service] onStartcommand()
04-20 20:06:01.118 17717 17771 I BistoWorker: bluetoothConnectionStateChanged. Action: android.bluetooth.device.action.BOND_STATE_CHANGED
04-20 20:06:01.119  2315  2392 W BluetoothEventManager: showUnbondMessage: Not displaying any message for reason: 9
04-20 20:06:01.121 17717 17771 I DeviceDetector: Not bonded or not refresh cache.
04-20 20:06:01.542  1746  3407 W ProcessStats: Tracking association SourceState{fdd1e95 com.google.android.gms.persistent/10157 ImpFg #50723} whose proc state 2 is better than process ProcessState{6967adf com.google.android.gms/10157 pkg=com.google.android.gms (sub)} proc state 3 (12 skipped)
04-20 20:06:01.697   724  1280 D NetdFwmarkServer: Cmd 0: 0, 10157: UserP=3, fwmark=1F0064
04-20 20:06:01.705  1746  3407 I WifiService: enableTdls uid=10157 enable=true
04-20 20:06:01.710  1746 11877 I WifiService: enableTdlsWithMacAddress uid=1000 enable=true
04-20 20:06:01.712  5396  5396 I wpa_supplicant: TDLS: Failed to send message (action_code=10)
04-20 20:06:01.712  5396  5396 I wpa_supplicant: StaIface: TDLS discover failed: -1
04-20 20:06:01.761  2297  2606 I chatty  : uid=1002(bluetooth) btu message loo expire 51 lines
04-20 20:06:02.921 17704 24011 I chatty  : uid=10157 com.google.android.gms.persistent expire 94 lines
04-20 20:06:02.928  2297  2316 I chatty  : uid=1002(bluetooth) Binder:2297_3 expire 10 lines
04-20 20:06:02.932 17704 18323 I chatty  : uid=10157(com.google.android.gms) Binder:17704_E expire 18 lines
04-20 20:06:03.004 28595 28595 D connectedcrossroad: onEndpointFound: Connecting to Uze6
04-20 20:06:03.026 28595 28595 D connectedcrossroad: onEndpointFound: Connecting to KUOR
04-20 20:06:03.319 17704 28754 I chatty  : uid=10157(com.google.android.gms) highpool[50] expire 16 lines
04-20 20:06:03.330 28595 28595 D connectedcrossroad: onConnectionInitiated: Accepting connection
04-20 20:06:03.410 17704 28752 I chatty  : uid=10157 com.google.android.gms.persistent expire 21 lines
04-20 20:06:03.431 28595 28595 D connectedcrossroad: onConnectionInitiated: Accepting connection
04-20 20:06:03.432 17704 24164 I chatty  : uid=10157 com.google.android.gms.persistent expire 14 lines
04-20 20:06:03.434 28595 28595 D connectedcrossroad: onEndpointFound: Connection request failure 8003: STATUS_ALREADY_CONNECTED_TO_ENDPOINT
04-20 20:06:03.442  1746  3407 I WifiService: enableTdls uid=10157 enable=true
04-20 20:06:03.444  1746 11877 I WifiService: enableTdlsWithMacAddress uid=1000 enable=true
04-20 20:06:03.446  5396  5396 I wpa_supplicant: TDLS: Failed to send message (action_code=10)
04-20 20:06:03.446  5396  5396 I wpa_supplicant: StaIface: TDLS discover failed: -1
04-20 20:06:04.884 17704 28790 I chatty  : uid=10157 com.google.android.gms.persistent expire 26 lines
04-20 20:06:04.900 28595 28595 D connectedcrossroad: onEndpointFound: Connecting to Jw_l
04-20 20:06:05.620  5396  5396 I wpa_supplicant: TDLS: Failed to send message (action_code=14)
04-20 20:06:05.774 17704 28792 I chatty  : uid=10157 com.google.android.gms.persistent expire 20 lines
04-20 20:06:05.782  2297  2318 I chatty  : uid=1002(bluetooth) Binder:2297_4 expire 3 lines
04-20 20:06:05.787  2297  2578 I chatty  : uid=1002(bluetooth) BluetoothScanMa expire 16 lines
04-20 20:06:06.362 28595 28595 D connectedcrossroad: onConnectionInitiated: Accepting connection
04-20 20:06:06.369 28595 28595 I connectedcrossroad: onConnectionResult: Connection successful
04-20 20:06:06.369 28595 28595 D connectedcrossroad: onConnectionResult: Neighbor added: Uze6
04-20 20:06:08.145 17704 28797 I chatty  : uid=10157 com.google.android.gms.persistent expire 2 lines
04-20 20:06:08.173 28595 28731 V perf    : Discovered neighbor: 2 (Uze6)
04-20 20:06:08.174 28595 28731 V perf    : Bytes sent: 0, received: 612
04-20 20:06:08.174 28595 28731 V data    : Payload RX: 0
04-20 20:06:08.174 28595 28731 V data    : Payload TX: 0
04-20 20:06:08.174 28595 28731 V data    : Total RX: 612
04-20 20:06:08.174 28595 28731 V data    : Total TX: 0
04-20 20:06:08.438 17704 28784 I chatty  : uid=10157 com.google.android.gms.persistent expire 10 lines
04-20 20:06:09.984 17704 28800 I chatty  : uid=10157 com.google.android.gms.persistent expire 10 lines
04-20 20:06:09.993 28595 28731 V data    : Payload RX: 0
04-20 20:06:09.993 28595 28731 V data    : Payload TX: 0
04-20 20:06:09.993 28595 28731 V data    : Total RX: 1224
04-20 20:06:09.993 28595 28731 V data    : Total TX: 612
04-20 20:06:10.030     0     0 W swapper/0: type=1400 audit(0.0:659): avc: denied { kill } for uid=0 capability=5 scontext=u:r:kernel:s0 tcontext=u:r:kernel:s0 tclass=capability permissive=0
04-20 20:06:10.233  2973  3029 I VoiceInputManagerWrapper: VoiceInputManagerWrapper.shutdownVoiceInternal():94 shutdownVoiceInternal()
04-20 20:06:11.342  1746  3407 I WifiService: enableTdls uid=10157 enable=true
04-20 20:06:11.344  1746 11877 I WifiService: enableTdlsWithMacAddress uid=1000 enable=true
04-20 20:06:11.345  5396  5396 I wpa_supplicant: TDLS: Failed to send message (action_code=10)
04-20 20:06:11.345  5396  5396 I wpa_supplicant: StaIface: TDLS discover failed: -1
04-20 20:06:11.581 17704 28794 I chatty  : uid=10157 com.google.android.gms.persistent expire 10 lines
04-20 20:06:11.842 28595 28595 D connectedcrossroad: onEndpointFound: Connecting to Ebd4
04-20 20:06:11.850  2315  2392 D CachedBluetoothDevice: Device name: IlV6ZTZbye0AAAAAAAAAATI
04-20 20:06:12.195 28595 28595 D connectedcrossroad: onEndpointFound: Connecting to ikq1
04-20 20:06:12.208 28595 28731 V data    : Payload RX: 0
04-20 20:06:12.208 28595 28731 V data    : Payload TX: 0
04-20 20:06:12.208 28595 28731 V data    : Total RX: 1836
04-20 20:06:12.208 28595 28731 V data    : Total TX: 1224
04-20 20:06:12.476  2315  2392 D CachedBluetoothDevice: Device name: Ikp3X2xbye0AAAAAAAAAATU
04-20 20:06:12.483 28595 28595 D connectedcrossroad: onEndpointLost: Ebd4
04-20 20:06:12.755  2297  2606 I chatty  : uid=1002(bluetooth) btu message loo expire 165 lines
04-20 20:06:12.864  2297  2352 I chatty  : uid=1002(bluetooth) BT Service Call expire 54 lines
04-20 20:06:12.891  7386  7386 D MCLOG   : [MC_Service] onStartcommand()
04-20 20:06:12.908 17717 17771 I BistoWorker: bluetoothConnectionStateChanged. Action: android.bluetooth.device.action.ACL_CONNECTED
04-20 20:06:12.909 17717 17771 I BistoWorker: Ignoring non-bonded action android.bluetooth.device.action.ACL_CONNECTED for device CC:0D:F2:75:2D:BA
04-20 20:06:13.644  1746  1776 I ActivityManager: Waited long enough for: ServiceRecord{12db5e3 u0 com.google.android.googlequicksearchbox/com.google.android.apps.gsa.shared.util.keepalive.StandaloneKeepAlive$KeepAliveService}
04-20 20:06:17.107  2297  2361 I chatty  : uid=1002(bluetooth) BondStateMachin expire 18 lines
04-20 20:06:17.111  3355  3355 I GsaVoiceInteractionSrv: O received Intent { act=android.bluetooth.device.action.BOND_STATE_CHANGED flg=0x10 (has extras) }
04-20 20:06:17.113  1746  1776 W BroadcastQueue: Background execution not allowed: receiving Intent { act=android.bluetooth.device.action.BOND_STATE_CHANGED flg=0x10 (has extras) } to com.google.android.gms/.chimera.GmsIntentOperationService$PersistentTrustedReceiver
04-20 20:06:17.126  1746  1776 W BroadcastQueue: Background execution not allowed: receiving Intent { act=android.bluetooth.device.action.BOND_STATE_CHANGED flg=0x10 (has extras) } to com.google.android.googlequicksearchbox/com.google.android.apps.gsa.broadcastreceiver.external.ExternalCommonBroadcastReceiver
04-20 20:06:17.140 17717 17771 I BistoWorker: bluetoothConnectionStateChanged. Action: android.bluetooth.device.action.BOND_STATE_CHANGED
04-20 20:06:17.145 17717 17771 I DeviceDetector: Not bonded or not refresh cache.
04-20 20:06:17.145 17717 17771 I BistoWorker: Not a bisto device: CC:0D:F2:75:2D:BA
04-20 20:06:17.814  2297 28829 I chatty  : uid=1002(bluetooth) com.android.bluetooth expire 2 lines
04-20 20:06:18.034  3355  3355 I GsaVoiceInteractionSrv: O received Intent { act=android.bluetooth.device.action.BOND_STATE_CHANGED flg=0x10 (has extras) }
04-20 20:06:18.035  2297 28830 I chatty  : uid=1002(bluetooth) com.android.bluetooth expire 2 lines
04-20 20:06:18.037  1746  1776 W BroadcastQueue: Background execution not allowed: receiving Intent { act=android.bluetooth.device.action.BOND_STATE_CHANGED flg=0x10 (has extras) } to com.google.android.gms/.chimera.GmsIntentOperationService$PersistentTrustedReceiver
04-20 20:06:18.037  1746  1776 W BroadcastQueue: Background execution not allowed: receiving Intent { act=android.bluetooth.device.action.BOND_STATE_CHANGED flg=0x10 (has extras) } to com.google.android.googlequicksearchbox/com.google.android.apps.gsa.broadcastreceiver.external.ExternalCommonBroadcastReceiver
04-20 20:06:18.038  2297  2297 I chatty  : uid=1002(bluetooth) com.android.bluetooth expire 8 lines
04-20 20:06:18.056   827  5413 E WifiHAL : Received fatal event, sending alert
04-20 20:06:18.056  1746  2393 W WifiVendorHal: onDebugErrorAlert 4104
04-20 20:06:18.058  7386  7386 D MCLOG   : [MC_Service] onStartcommand()
04-20 20:06:18.059 17717 17771 I BistoWorker: bluetoothConnectionStateChanged. Action: android.bluetooth.device.action.BOND_STATE_CHANGED
04-20 20:06:18.061 17717 17771 I DeviceDetector: Not bonded or not refresh cache.
04-20 20:06:18.064  2315  2392 W BluetoothEventManager: showUnbondMessage: Not displaying any message for reason: 9
04-20 20:06:18.080 17704 17704 I chatty  : uid=10157 com.google.android.gms.persistent expire 5 lines
