04-20 20:08:50.170  1565  1657 W BroadcastQueue: Background execution not allowed: receiving Intent { act=android.intent.action.PACKAGE_REMOVED dat=package:com.google.location.nearby.apps.connectedcrossroad flg=0x4000010 (has extras) } to com.jaga.ibraceletplus.smartwristband3/com.yc.pedometer.keepalive.KeepAliveReceiver
04-20 20:08:50.172  1565  1657 W BroadcastQueue: Background execution not allowed: receiving Intent { act=android.intent.action.PACKAGE_REMOVED dat=package:com.google.location.nearby.apps.connectedcrossroad flg=0x4000010 (has extras) } to com.microsoft.appmanager/.receiver.InstallUninstallReceiver
04-20 20:08:50.174  1565  1657 W BroadcastQueue: Background execution not allowed: receiving Intent { act=android.intent.action.PACKAGE_REMOVED dat=package:com.google.location.nearby.apps.connectedcrossroad flg=0x4000010 (has extras) } to com.microsoft.appmanager/com.microsoft.mmx.continuity.receiver.InstallUninstallReceiver
04-20 20:08:50.175  1565  1657 W BroadcastQueue: Background execution not allowed: receiving Intent { act=android.intent.action.PACKAGE_REMOVED dat=package:com.google.location.nearby.apps.connectedcrossroad flg=0x4000010 (has extras) } to com.microsoft.emmx/com.microsoft.mmx.continuity.receiver.InstallUninstallReceiver
04-20 20:08:50.176  1565  1657 W BroadcastQueue: Background execution not allowed: receiving Intent { act=android.intent.action.PACKAGE_ADDED dat=package:com.google.location.nearby.apps.connectedcrossroad flg=0x4000010 (has extras) } to com.google.android.packageinstaller/com.android.packageinstaller.PackageInstalledReceiver
04-20 20:08:50.188  1565  4295 I ActivityTaskManager: START u0 {act=android.intent.action.MAIN cat=[android.intent.category.LAUNCHER] flg=0x10000000 cmp=com.google.location.nearby.apps.connectedcrossroad/nx.aodv.eval.MainActivity} from uid 2000
04-20 20:08:50.270  1565  1657 W BroadcastQueue: Background execution not allowed: receiving Intent { act=android.intent.action.PACKAGE_ADDED dat=package:com.google.location.nearby.apps.connectedcrossroad flg=0x4000010 (has extras) } to com.android.vending/com.google.android.finsky.packagemanager.impl.PackageMonitorReceiverImpl$RegisteredReceiver
04-20 20:08:50.299  1565  1657 W BroadcastQueue: Background execution not allowed: receiving Intent { act=android.intent.action.PACKAGE_ADDED dat=package:com.google.location.nearby.apps.connectedcrossroad flg=0x4000010 (has extras) } to com.google.android.gms/.games.chimera.GamesSystemBroadcastReceiverProxy
04-20 20:08:50.300  1565  1657 W BroadcastQueue: Background execution not allowed: receiving Intent { act=android.intent.action.PACKAGE_ADDED dat=package:com.google.location.nearby.apps.connectedcrossroad flg=0x4000010 (has extras) } to com.google.android.gms/.gass.chimera.PackageChangeBroadcastReceiver
04-20 20:08:50.301  1565  1657 W BroadcastQueue: Background execution not allowed: receiving Intent { act=android.intent.action.PACKAGE_ADDED dat=package:com.google.location.nearby.apps.connectedcrossroad flg=0x4000010 (has extras) } to com.google.android.gms/.chimera.GmsIntentOperationService$PersistentTrustedReceiver
04-20 20:08:50.301  1565  1657 W BroadcastQueue: Background execution not allowed: receiving Intent { act=android.intent.action.PACKAGE_ADDED dat=package:com.google.location.nearby.apps.connectedcrossroad flg=0x4000010 (has extras) } to com.google.android.googlequicksearchbox/com.google.android.apps.gsa.googlequicksearchbox.GelStubAppWatcher
04-20 20:08:50.301  1565  1657 W BroadcastQueue: Background execution not allowed: receiving Intent { act=android.intent.action.PACKAGE_ADDED dat=package:com.google.location.nearby.apps.connectedcrossroad flg=0x4000010 (has extras) } to com.facebook.katana/com.facebook.feed.platformads.AppInstallReceiver
04-20 20:08:50.301  1565  1657 W BroadcastQueue: Background execution not allowed: receiving Intent { act=android.intent.action.PACKAGE_ADDED dat=package:com.google.location.nearby.apps.connectedcrossroad flg=0x4000010 (has extras) } to com.jaga.ibraceletplus.smartwristband3/com.yc.pedometer.keepalive.KeepAliveReceiver
04-20 20:08:50.301  1565  1657 W BroadcastQueue: Background execution not allowed: receiving Intent { act=android.intent.action.PACKAGE_ADDED dat=package:com.google.location.nearby.apps.connectedcrossroad flg=0x4000010 (has extras) } to com.microsoft.appmanager/.receiver.InstallUninstallReceiver
04-20 20:08:50.301  1565  1657 W BroadcastQueue: Background execution not allowed: receiving Intent { act=android.intent.action.PACKAGE_ADDED dat=package:com.google.location.nearby.apps.connectedcrossroad flg=0x4000010 (has extras) } to com.microsoft.appmanager/com.microsoft.mmx.continuity.receiver.InstallUninstallReceiver
04-20 20:08:50.301  1565  1657 W BroadcastQueue: Background execution not allowed: receiving Intent { act=android.intent.action.PACKAGE_ADDED dat=package:com.google.location.nearby.apps.connectedcrossroad flg=0x4000010 (has extras) } to com.microsoft.emmx/com.microsoft.mmx.continuity.receiver.InstallUninstallReceiver
04-20 20:08:50.336  1565  1638 D CompatibilityChangeReporter: Compat change id reported: 135634846; UID 10333; state: DISABLED
04-20 20:08:50.337  1565  1659 D CompatibilityChangeReporter: Compat change id reported: 143937733; UID 10333; state: DISABLED
04-20 20:08:50.372  1565  1659 I ActivityManager: Start proc 1741:com.google.location.nearby.apps.connectedcrossroad/u0a333 for pre-top-activity {com.google.location.nearby.apps.connectedcrossroad/nx.aodv.eval.MainActivity}
04-20 20:08:50.411  1565  1634 W Looper  : Slow delivery took 219ms android.fg h=android.os.Handler c=<recycled PooledLambda@1035bc3> m=0
04-20 20:08:50.614  1565  3512 W BroadcastQueue: Background execution not allowed: receiving Intent { act=android.intent.action.PACKAGE_REPLACED dat=package:com.google.location.nearby.apps.connectedcrossroad flg=0x4000010 (has extras) } to com.google.android.gms/.gass.chimera.PackageChangeBroadcastReceiver
04-20 20:08:50.618  1565  1565 W Looper  : Slow dispatch took 540ms main h=android.app.ActivityThread$H c=android.app.-$$Lambda$LoadedApk$ReceiverDispatcher$Args$_BumDX2UKsnxLVrE6UJsJZkotuA@8680523 m=0
04-20 20:08:50.618  1565  1565 W Looper  : Slow delivery took 522ms main h=android.app.ActivityThread$H c=android.app.-$$Lambda$LoadedApk$ReceiverDispatcher$Args$_BumDX2UKsnxLVrE6UJsJZkotuA@1ed0a20 m=0
04-20 20:08:50.620  1565  1657 W BroadcastQueue: Background execution not allowed: receiving Intent { act=android.intent.action.PACKAGE_REPLACED dat=package:com.google.location.nearby.apps.connectedcrossroad flg=0x4000010 (has extras) } to com.google.android.gms/.chimera.GmsIntentOperationService$PersistentTrustedReceiver
04-20 20:08:50.622  1565  1657 W BroadcastQueue: Background execution not allowed: receiving Intent { act=android.intent.action.PACKAGE_REPLACED dat=package:com.google.location.nearby.apps.connectedcrossroad flg=0x4000010 (has extras) } to com.google.android.googlequicksearchbox/com.google.android.apps.gsa.googlequicksearchbox.GelStubAppWatcher
04-20 20:08:50.624  1565  1657 W BroadcastQueue: Background execution not allowed: receiving Intent { act=android.intent.action.PACKAGE_REPLACED dat=package:com.google.location.nearby.apps.connectedcrossroad flg=0x4000010 (has extras) } to com.infonow.bofa/com.bofa.ecom.marvel.application.BofaPackageUpdateReceiver
04-20 20:08:50.624  1565  1657 W BroadcastQueue: Background execution not allowed: receiving Intent { act=android.intent.action.PACKAGE_REPLACED dat=package:com.google.location.nearby.apps.connectedcrossroad flg=0x4000010 (has extras) } to com.microsoft.appmanager/com.microsoft.mmx.continuity.receiver.InstallUninstallReceiver
04-20 20:08:50.625  1565  1657 W BroadcastQueue: Background execution not allowed: receiving Intent { act=android.intent.action.PACKAGE_REPLACED dat=package:com.google.location.nearby.apps.connectedcrossroad flg=0x4000010 (has extras) } to com.microsoft.emmx/com.microsoft.mmx.continuity.receiver.InstallUninstallReceiver
04-20 20:08:50.625  1565  1657 W BroadcastQueue: Background execution not allowed: receiving Intent { act=android.intent.action.PACKAGE_REPLACED dat=package:com.google.location.nearby.apps.connectedcrossroad flg=0x4000010 (has extras) } to steptracker.healthandfitness.walkingtracker.pedometer/com.drojian.stepcounter.receiver.PedometerReceiver
04-20 20:08:50.625  1565  1657 W BroadcastQueue: Background execution not allowed: receiving Intent { act=android.intent.action.PACKAGE_REPLACED dat=package:com.google.location.nearby.apps.connectedcrossroad flg=0x4000010 (has extras) } to steptracker.healthandfitness.walkingtracker.pedometer/com.drojian.servicekeeper.receiver.BootReceiver
04-20 20:08:50.861  1565  1634 W Looper  : Slow dispatch took 102ms android.fg h=android.os.Handler c=<recycled PooledLambda@695a488> m=0
04-20 20:08:51.437  1565  1565 W Looper  : Slow dispatch took 814ms main h=android.app.ActivityThread$H c=android.app.-$$Lambda$LoadedApk$ReceiverDispatcher$Args$_BumDX2UKsnxLVrE6UJsJZkotuA@1bcfb29 m=0
04-20 20:08:51.438  1565  1565 I Telecom : DefaultDialerCache: Refreshing default dialer for user 0: now com.google.android.dialer: DDC.oR@k48
04-20 20:08:51.483  1565  1565 V BackupManagerConstants: getFullBackupIntervalMilliseconds(...) returns 86400000
04-20 20:08:51.483  1565  1565 V BackupManagerConstants: getFullBackupRequiredNetworkType(...) returns 2
04-20 20:08:51.483  1565  1565 V BackupManagerConstants: getFullBackupRequireCharging(...) returns true
04-20 20:08:51.531  1565  1634 W Looper  : Slow dispatch took 126ms android.fg h=android.os.Handler c=<recycled PooledLambda@22a71ff> m=0
04-20 20:08:51.742  1565  1565 W Looper  : Drained
04-20 20:08:51.742  1565  1634 W Looper  : Drained
04-20 20:08:51.754  1565  1898 W NetworkPolicy: shared quota unsupported; generating rule for each iface
04-20 20:08:51.996  1565  1565 W Looper  : Slow dispatch took 254ms main h=com.android.server.job.JobSchedulerService$JobHandler c=null m=6
04-20 20:08:51.996  1565  1634 W Looper  : Slow dispatch took 254ms android.fg h=com.android.server.AppStateTracker$MyHandler c=null m=0
04-20 20:08:51.997  1565  1565 W Looper  : Slow delivery took 256ms main h=com.android.server.job.JobSchedulerService$JobHandler c=null m=4
04-20 20:08:51.997  1565  1634 W Looper  : Slow delivery took 256ms android.fg h=com.android.server.AppStateTracker$MyHandler c=null m=1
04-20 20:08:51.999  1565  1634 W Looper  : Drained
04-20 20:08:52.003  1565  1565 W Looper  : Drained
04-20 20:08:52.176  1565  4286 D CompatibilityChangeReporter: Compat change id reported: 136274596; UID 10333; state: DISABLED
04-20 20:08:52.276  1565  1909 D ConnectivityService: NetReassign [no changes]
04-20 20:08:52.534  1565  3522 I ActivityManager: Process com.discord (pid 27374) has died: cch+90 CAC 
04-20 20:08:52.534  1565  3512 D ConnectivityService: ConnectivityService NetworkRequestInfo binderDied(NetworkRequest [ TRACK_DEFAULT id=5899, [ Capabilities: INTERNET&NOT_RESTRICTED&TRUSTED Uid: 10230 AdministratorUids: [] RequestorUid: 10230 RequestorPackageName: com.discord] ], android.os.BinderProxy@d0e5d3c)
04-20 20:08:52.534  1565  2784 I WindowManager: WIN DEATH: Window{6d0fd6a u0 com.discord/com.discord.app.AppActivity$Main}
04-20 20:08:52.534  1565  4295 D AutofillSession: handling death of Token{d627afa ActivityRecord{bc2b8ab u0 com.discord/.app.AppActivity$Main t7978}} when saving=false
04-20 20:08:52.535  1565  1909 D ConnectivityService: releasing NetworkRequest [ TRACK_DEFAULT id=5899, [ Capabilities: INTERNET&NOT_RESTRICTED&TRUSTED Uid: 10230 AdministratorUids: [] RequestorUid: 10230 RequestorPackageName: com.discord] ] (release request)
04-20 20:08:52.578  1565  1638 W ActivityManager: setHasOverlayUi called on unknown pid: 27374
04-20 20:08:52.796  1565  1898 W NetworkPolicy: shared quota unsupported; generating rule for each iface
04-20 20:08:54.313  1565  1898 I chatty  : uid=1000(system) NetworkPolicy identical 3 lines
04-20 20:08:54.771  1565  1898 W NetworkPolicy: shared quota unsupported; generating rule for each iface
04-20 20:08:54.943  1565  4166 E SystemServiceRegistry: Manager wrapper not available: face
04-20 20:08:54.945  1565  1657 I DropBoxManagerService: add tag=system_server_wtf isTagEnabled=true flags=0x2
04-20 20:08:55.075  1565  4166 W SettingsStatsUtil: Can not parse value to float: gps,network
04-20 20:08:55.291  1565  1909 D ConnectivityService: NetReassign [no changes]
04-20 20:08:55.445  1565  3522 I ActivityManager: Process com.google.android.apps.authenticator2 (pid 31920) has died: cch+95 CEM 
04-20 20:08:55.563  1565  3522 I ActivityManager: Process com.infonow.bofa (pid 5257) has died: cch+90 CRE 
04-20 20:08:55.563  1565  3519 E BiometricService: Binder died, sysUiSessionId: 1044175293
04-20 20:08:55.564  1565  3512 D ConnectivityService: ConnectivityService NetworkRequestInfo binderDied(NetworkRequest [ LISTEN id=5943, [ Capabilities: INTERNET&NOT_RESTRICTED&TRUSTED Uid: 10225 AdministratorUids: [] RequestorUid: 10225 RequestorPackageName: com.infonow.bofa] ], android.os.BinderProxy@67b864c)
04-20 20:08:55.564  1565  1565 E BiometricService: Auth session null
04-20 20:08:55.564  1565  4286 D ConnectivityService: ConnectivityService NetworkRequestInfo binderDied(NetworkRequest [ TRACK_DEFAULT id=5942, [ Capabilities: INTERNET&NOT_RESTRICTED&TRUSTED Uid: 10225 AdministratorUids: [] RequestorUid: 10225 RequestorPackageName: com.infonow.bofa] ], android.os.BinderProxy@4b8695)
04-20 20:08:55.564  1565  1909 D ConnectivityService: releasing NetworkRequest [ TRACK_DEFAULT id=5942, [ Capabilities: INTERNET&NOT_RESTRICTED&TRUSTED Uid: 10225 AdministratorUids: [] RequestorUid: 10225 RequestorPackageName: com.infonow.bofa] ] (release request)
04-20 20:08:55.567  1565  3522 I ActivityManager: Killing 5342:com.google.android.webview:sandboxed_process0:org.chromium.content.app.SandboxedProcessService0:0/u0a225i185 (adj 0): isolated not needed
04-20 20:08:55.569  1565  1638 W ActivityManager: setHasOverlayUi called on unknown pid: 5257
04-20 20:08:56.961  1565  1657 W BroadcastQueue: Permission Denial: receiving Intent { act=android.intent.action.DROPBOX_ENTRY_ADDED flg=0x10 (has extras) } to ProcessRecord{d321896 11842:com.imgur.mobile/u0a254} (pid=11842, uid=10254) requires android.permission.READ_LOGS due to sender android (uid 1000)
04-20 20:08:56.961  1565  1657 W BroadcastQueue: Background execution not allowed: receiving Intent { act=android.intent.action.DROPBOX_ENTRY_ADDED flg=0x10 (has extras) } to com.google.android.gms/.stats.service.DropBoxEntryAddedReceiver
04-20 20:08:56.961  1565  1657 W BroadcastQueue: Background execution not allowed: receiving Intent { act=android.intent.action.DROPBOX_ENTRY_ADDED flg=0x10 (has extras) } to com.google.android.gms/.chimera.GmsIntentOperationService$PersistentTrustedReceiver
04-20 20:08:58.307  1565  1909 D ConnectivityService: NetReassign [no changes]
04-20 20:08:59.719  1995  1995 V DeadZone: consuming errant click: (69.0,0.0)
04-20 20:08:59.720  1995  1995 V DeadZone: consuming errant click: (69.0,0.0)
04-20 20:09:01.321  1565  1909 D ConnectivityService: NetReassign [no changes]
04-20 20:09:07.392  1565  1909 I chatty  : uid=1000(system) ConnectivitySer identical 2 lines
04-20 20:09:10.420  1565  1909 D ConnectivityService: NetReassign [no changes]
04-20 20:09:13.280  1565  1565 D BluetoothManagerService: Bluetooth Adapter name changed to IkhMcWhbye0AAAAAAAAAATE
04-20 20:09:13.281  1565  1657 W BroadcastQueue: Permission Denial: receiving Intent { act=android.bluetooth.adapter.action.LOCAL_NAME_CHANGED flg=0x4000010 (has extras) } to ProcessRecord{d321896 11842:com.imgur.mobile/u0a254} (pid=11842, uid=10254) requires android.permission.BLUETOOTH due to sender com.android.bluetooth (uid 1002)
04-20 20:09:13.282  1565  1565 D BluetoothManagerService: Stored Bluetooth name: IkhMcWhbye0AAAAAAAAAATE
04-20 20:09:13.283  1565  1657 W BroadcastQueue: Permission Denial: receiving Intent { act=android.bluetooth.adapter.action.SCAN_MODE_CHANGED flg=0x4000010 (has extras) } to ProcessRecord{d321896 11842:com.imgur.mobile/u0a254} (pid=11842, uid=10254) requires android.permission.BLUETOOTH due to sender com.android.bluetooth (uid 1002)
04-20 20:09:13.428  1565  1909 D ConnectivityService: NetReassign [no changes]
04-20 20:09:13.661  1565  1911 D NsdService: Register service
04-20 20:09:13.661  1565  1911 D NsdService: registerService: 6 name: IkhMcWhbye0AAA, type: _5BC9ED5E6C75._tcp, host: null, port: 39697, txtRecord: n=MQIPv4=192.168.1.17
04-20 20:09:13.661  1565  1911 D NsdService: mdnssd [register, 6, IkhMcWhbye0AAA, _5BC9ED5E6C75._tcp, 39697, BG49TVERSVB2ND0xOTIuMTY4LjEuMTc=]
04-20 20:09:13.671  1565  1911 D NsdService: Register 6 6
04-20 20:09:14.318  1565  1911 D NsdService: Native daemon message SERVICE_REGISTERED: 606 6 "IkhMcWhbye0AAA"
04-20 20:09:14.348  1565  3512 E AppOps  : attributionTag com.google.android.gms.nearby not declared in manifest of com.google.location.nearby.apps.connectedcrossroad
04-20 20:09:14.384  1565  1657 W BroadcastQueue: Permission Denial: receiving Intent { act=android.bluetooth.adapter.action.DISCOVERY_STARTED flg=0x10 } to ProcessRecord{d321896 11842:com.imgur.mobile/u0a254} (pid=11842, uid=10254) requires android.permission.BLUETOOTH due to sender com.android.bluetooth (uid 1002)
04-20 20:09:16.344  1565  3522 W ActivityManager: Foreground service started from background can not have location/camera/microphone access: service steptracker.healthandfitness.walkingtracker.pedometer/com.drojian.stepcounter.service.CounterService
04-20 20:09:16.390  1565  4851 W ActivityManager: Foreground service started from background can not have location/camera/microphone access: service steptracker.healthandfitness.walkingtracker.pedometer/com.drojian.stepcounter.service.CounterService
04-20 20:09:16.396  1565  3557 W ActivityManager: Foreground service started from background can not have location/camera/microphone access: service steptracker.healthandfitness.walkingtracker.pedometer/com.drojian.stepcounter.service.CounterService
04-20 20:09:16.442  1565  1909 D ConnectivityService: NetReassign [no changes]
04-20 20:09:22.495  1565  1909 I chatty  : uid=1000(system) ConnectivitySer identical 2 lines
04-20 20:09:25.533  1565  1909 D ConnectivityService: NetReassign [no changes]
04-20 20:09:27.504  1565  1657 W BroadcastQueue: Permission Denial: receiving Intent { act=android.bluetooth.adapter.action.DISCOVERY_FINISHED flg=0x10 } to ProcessRecord{d321896 11842:com.imgur.mobile/u0a254} (pid=11842, uid=10254) requires android.permission.BLUETOOTH due to sender com.android.bluetooth (uid 1002)
04-20 20:09:27.546  1565  1657 W BroadcastQueue: Permission Denial: receiving Intent { act=android.bluetooth.adapter.action.DISCOVERY_STARTED flg=0x10 } to ProcessRecord{d321896 11842:com.imgur.mobile/u0a254} (pid=11842, uid=10254) requires android.permission.BLUETOOTH due to sender com.android.bluetooth (uid 1002)
04-20 20:09:28.561  1565  1909 D ConnectivityService: NetReassign [no changes]
04-20 20:09:31.412  1565  1657 W BroadcastQueue: Permission Denial: receiving Intent { act=android.bluetooth.adapter.action.DISCOVERY_FINISHED flg=0x10 } to ProcessRecord{d321896 11842:com.imgur.mobile/u0a254} (pid=11842, uid=10254) requires android.permission.BLUETOOTH due to sender com.android.bluetooth (uid 1002)
04-20 20:09:31.590  1565  1909 D ConnectivityService: NetReassign [no changes]
04-20 20:09:31.802  1565  1657 W BroadcastQueue: Permission Denial: receiving Intent { act=android.bluetooth.device.action.ACL_CONNECTED flg=0x5000010 (has extras) } to ProcessRecord{d321896 11842:com.imgur.mobile/u0a254} (pid=11842, uid=10254) requires android.permission.BLUETOOTH due to sender com.android.bluetooth (uid 1002)
04-20 20:09:31.922  1565  1657 W BroadcastQueue: Permission Denial: broadcasting Intent { act=com.google.android.apps.gmm.NAVIGATION_STATE flg=0x10 pkg=com.google.android.googlequicksearchbox (has extras) } from null (pid=-1, uid=-1) requires com.google.android.googlequicksearchbox.permission.LAUNCH_FROM_GMM due to registered receiver BroadcastFilter{8d3a039 10125/u0 ReceiverList{33b3000 8656 com.google.android.googlequicksearchbox:search/10125/u0 remote:7e19683}}
04-20 20:09:31.922  1565  1657 W BroadcastQueue: Permission Denial: broadcasting Intent { act=com.google.android.apps.gmm.NAVIGATION_STATE flg=0x10 pkg=com.google.android.gms (has extras) } from null (pid=-1, uid=-1) requires com.google.android.googlequicksearchbox.permission.LAUNCH_FROM_GMM due to registered receiver BroadcastFilter{8d3a039 10125/u0 ReceiverList{33b3000 8656 com.google.android.googlequicksearchbox:search/10125/u0 remote:7e19683}}
04-20 20:09:33.115  1565  1657 W BroadcastQueue: Permission Denial: receiving Intent { act=android.bluetooth.adapter.action.DISCOVERY_STARTED flg=0x10 } to ProcessRecord{d321896 11842:com.imgur.mobile/u0a254} (pid=11842, uid=10254) requires android.permission.BLUETOOTH due to sender com.android.bluetooth (uid 1002)
04-20 20:09:33.664  1565  1657 W BroadcastQueue: Permission Denial: receiving Intent { act=android.bluetooth.device.action.NAME_CHANGED flg=0x4000010 (has extras) } to ProcessRecord{d321896 11842:com.imgur.mobile/u0a254} (pid=11842, uid=10254) requires android.permission.BLUETOOTH due to sender com.android.bluetooth (uid 1002)
04-20 20:09:34.620  1565  1909 D ConnectivityService: NetReassign [no changes]
04-20 20:09:36.320  1565  1657 W BroadcastQueue: Permission Denial: receiving Intent { act=android.bluetooth.adapter.action.DISCOVERY_FINISHED flg=0x10 } to ProcessRecord{d321896 11842:com.imgur.mobile/u0a254} (pid=11842, uid=10254) requires android.permission.BLUETOOTH due to sender com.android.bluetooth (uid 1002)
04-20 20:09:37.648  1565  1909 D ConnectivityService: NetReassign [no changes]
04-20 20:09:40.679  1565  1909 D ConnectivityService: NetReassign [no changes]
04-20 20:09:40.718  1565  1657 W BroadcastQueue: Permission Denial: receiving Intent { act=android.bluetooth.device.action.ACL_CONNECTED flg=0x5000010 (has extras) } to ProcessRecord{d321896 11842:com.imgur.mobile/u0a254} (pid=11842, uid=10254) requires android.permission.BLUETOOTH due to sender com.android.bluetooth (uid 1002)
04-20 20:09:41.673  1565  1909 D ConnectivityService: NetReassign [no changes]
04-20 20:09:43.719  1565  1909 D ConnectivityService: NetReassign [no changes]
04-20 20:09:46.453  1565  1657 W BroadcastQueue: Permission Denial: receiving Intent { act=android.bluetooth.device.action.NAME_CHANGED flg=0x4000010 (has extras) } to ProcessRecord{d321896 11842:com.imgur.mobile/u0a254} (pid=11842, uid=10254) requires android.permission.BLUETOOTH due to sender com.android.bluetooth (uid 1002)
04-20 20:09:46.473  1565  1657 W BroadcastQueue: Background execution not allowed: receiving Intent { act=android.bluetooth.device.action.BOND_STATE_CHANGED flg=0x10 (has extras) } to com.google.android.gms/.chimera.GmsIntentOperationService$PersistentTrustedReceiver
04-20 20:09:46.476  1565  1657 W BroadcastQueue: Background execution not allowed: receiving Intent { act=android.bluetooth.device.action.BOND_STATE_CHANGED flg=0x10 (has extras) } to com.google.android.googlequicksearchbox/com.google.android.apps.gsa.broadcastreceiver.external.ExternalCommonBroadcastReceiver
04-20 20:09:46.753  1565  1909 D ConnectivityService: NetReassign [no changes]
04-20 20:09:46.931  1565  1657 I ActivityManager: Waited long enough for: ServiceRecord{84506f5 u0 com.google.android.googlequicksearchbox/com.google.android.apps.gsa.shared.util.keepalive.StandaloneKeepAlive$KeepAliveService}
04-20 20:09:47.553  1565  1657 W BroadcastQueue: Background execution not allowed: receiving Intent { act=android.bluetooth.device.action.BOND_STATE_CHANGED flg=0x10 (has extras) } to com.google.android.gms/.chimera.GmsIntentOperationService$PersistentTrustedReceiver
04-20 20:09:47.553  1565  1657 W BroadcastQueue: Background execution not allowed: receiving Intent { act=android.bluetooth.device.action.BOND_STATE_CHANGED flg=0x10 (has extras) } to com.google.android.googlequicksearchbox/com.google.android.apps.gsa.broadcastreceiver.external.ExternalCommonBroadcastReceiver
04-20 20:09:49.790  1565  1909 D ConnectivityService: NetReassign [no changes]
04-20 20:09:55.831  1565  1909 I chatty  : uid=1000(system) ConnectivitySer identical 2 lines
04-20 20:09:58.854  1565  1909 D ConnectivityService: NetReassign [no changes]
04-20 20:10:00.023  1565  3557 W ActivityManager: Binding with unknown activity: Token{1381fbf null}
04-20 20:10:00.185  1565  1657 W BroadcastQueue: Permission Denial: receiving Intent { act=android.bluetooth.adapter.action.DISCOVERY_STARTED flg=0x10 } to ProcessRecord{d321896 11842:com.imgur.mobile/u0a254} (pid=11842, uid=10254) requires android.permission.BLUETOOTH due to sender com.android.bluetooth (uid 1002)
04-20 20:10:00.400  1565  1657 W BroadcastQueue: Permission Denial: receiving Intent { act=android.bluetooth.adapter.action.DISCOVERY_FINISHED flg=0x10 } to ProcessRecord{d321896 11842:com.imgur.mobile/u0a254} (pid=11842, uid=10254) requires android.permission.BLUETOOTH due to sender com.android.bluetooth (uid 1002)
04-20 20:10:01.893  1565  1909 D ConnectivityService: NetReassign [no changes]
04-20 20:10:04.923  1565  1909 D ConnectivityService: NetReassign [no changes]
04-20 20:10:05.450  1565  1657 W BroadcastQueue: Permission Denial: receiving Intent { act=android.bluetooth.adapter.action.DISCOVERY_STARTED flg=0x10 } to ProcessRecord{d321896 11842:com.imgur.mobile/u0a254} (pid=11842, uid=10254) requires android.permission.BLUETOOTH due to sender com.android.bluetooth (uid 1002)
04-20 20:10:05.549  1565  1657 W BroadcastQueue: Permission Denial: receiving Intent { act=android.bluetooth.adapter.action.DISCOVERY_FINISHED flg=0x10 } to ProcessRecord{d321896 11842:com.imgur.mobile/u0a254} (pid=11842, uid=10254) requires android.permission.BLUETOOTH due to sender com.android.bluetooth (uid 1002)
04-20 20:10:06.459  1565  1657 W BroadcastQueue: Permission Denial: receiving Intent { act=android.bluetooth.device.action.ACL_CONNECTED flg=0x5000010 (has extras) } to ProcessRecord{d321896 11842:com.imgur.mobile/u0a254} (pid=11842, uid=10254) requires android.permission.BLUETOOTH due to sender com.android.bluetooth (uid 1002)
04-20 20:10:07.955  1565  1909 D ConnectivityService: NetReassign [no changes]
04-20 20:10:07.965  1565  1657 D CompatibilityChangeReporter: Compat change id reported: 135634846; UID 10317; state: DISABLED
04-20 20:10:07.966  1565  1659 D CompatibilityChangeReporter: Compat change id reported: 143937733; UID 10317; state: DISABLED
04-20 20:10:08.008  1565  1659 I ActivityManager: Start proc 2439:com.instagram.android/u0a317 for broadcast {com.instagram.android/com.instagram.analytics.uploadscheduler.AnalyticsUploadAlarmReceiver}
04-20 20:10:10.087  1565  3512 W ActivityManager: Background start not allowed: service Intent { act=Orca.START cmp=com.instagram.android/com.facebook.rti.push.service.FbnsService (has extras) } to com.instagram.android/com.facebook.rti.push.service.FbnsService from pid=2439 uid=10317 pkg=com.instagram.android startFg?=false
04-20 20:10:10.222  1565  3512 W ActivityManager: Background start not allowed: service Intent { act=Orca.START cmp=com.instagram.android/com.facebook.rti.push.service.FbnsService (has extras) } to com.instagram.android/com.facebook.rti.push.service.FbnsService from pid=2439 uid=10317 pkg=com.instagram.android startFg?=false
04-20 20:10:10.941  1565  1657 W BroadcastQueue: Permission Denial: receiving Intent { act=android.bluetooth.adapter.action.DISCOVERY_STARTED flg=0x10 } to ProcessRecord{d321896 11842:com.imgur.mobile/u0a254} (pid=11842, uid=10254) requires android.permission.BLUETOOTH due to sender com.android.bluetooth (uid 1002)
04-20 20:10:10.973  1565  1909 D ConnectivityService: NetReassign [no changes]
04-20 20:10:11.349  1565  1657 W BroadcastQueue: Permission Denial: receiving Intent { act=android.bluetooth.adapter.action.DISCOVERY_FINISHED flg=0x10 } to ProcessRecord{d321896 11842:com.imgur.mobile/u0a254} (pid=11842, uid=10254) requires android.permission.BLUETOOTH due to sender com.android.bluetooth (uid 1002)
04-20 20:10:12.942  1565  1657 W BroadcastQueue: Permission Denial: receiving Intent { act=android.bluetooth.device.action.ACL_CONNECTED flg=0x5000010 (has extras) } to ProcessRecord{d321896 11842:com.imgur.mobile/u0a254} (pid=11842, uid=10254) requires android.permission.BLUETOOTH due to sender com.android.bluetooth (uid 1002)
04-20 20:10:14.002  1565  1909 D ConnectivityService: NetReassign [no changes]
04-20 20:10:15.107  1565  1657 W BroadcastQueue: Permission Denial: receiving Intent { act=android.bluetooth.adapter.action.DISCOVERY_STARTED flg=0x10 } to ProcessRecord{d321896 11842:com.imgur.mobile/u0a254} (pid=11842, uid=10254) requires android.permission.BLUETOOTH due to sender com.android.bluetooth (uid 1002)
04-20 20:10:15.405  1565  1657 W BroadcastQueue: Permission Denial: receiving Intent { act=android.bluetooth.adapter.action.DISCOVERY_FINISHED flg=0x10 } to ProcessRecord{d321896 11842:com.imgur.mobile/u0a254} (pid=11842, uid=10254) requires android.permission.BLUETOOTH due to sender com.android.bluetooth (uid 1002)
04-20 20:10:15.722  1565  1657 W BroadcastQueue: Permission Denial: receiving Intent { act=android.bluetooth.device.action.ACL_CONNECTED flg=0x5000010 (has extras) } to ProcessRecord{d321896 11842:com.imgur.mobile/u0a254} (pid=11842, uid=10254) requires android.permission.BLUETOOTH due to sender com.android.bluetooth (uid 1002)
04-20 20:10:17.029  1565  1909 D ConnectivityService: NetReassign [no changes]
04-20 20:10:19.356  1565  1657 W BroadcastQueue: Permission Denial: receiving Intent { act=android.bluetooth.adapter.action.DISCOVERY_STARTED flg=0x10 } to ProcessRecord{d321896 11842:com.imgur.mobile/u0a254} (pid=11842, uid=10254) requires android.permission.BLUETOOTH due to sender com.android.bluetooth (uid 1002)
04-20 20:10:20.058  1565  1909 D ConnectivityService: NetReassign [no changes]
04-20 20:10:21.439  1565  1657 W BroadcastQueue: Permission Denial: receiving Intent { act=android.bluetooth.device.action.NAME_CHANGED flg=0x4000010 (has extras) } to ProcessRecord{d321896 11842:com.imgur.mobile/u0a254} (pid=11842, uid=10254) requires android.permission.BLUETOOTH due to sender com.android.bluetooth (uid 1002)
04-20 20:10:22.509  1565  1657 W BroadcastQueue: Permission Denial: receiving Intent { act=android.bluetooth.device.action.NAME_CHANGED flg=0x4000010 (has extras) } to ProcessRecord{d321896 11842:com.imgur.mobile/u0a254} (pid=11842, uid=10254) requires android.permission.BLUETOOTH due to sender com.android.bluetooth (uid 1002)
04-20 20:10:23.087  1565  1909 D ConnectivityService: NetReassign [no changes]
04-20 20:10:26.116  1565  1909 I chatty  : uid=1000(system) ConnectivitySer identical 1 line
04-20 20:10:29.147  1565  1909 D ConnectivityService: NetReassign [no changes]
04-20 20:10:31.480  1565  1898 W NetworkPolicy: shared quota unsupported; generating rule for each iface
04-20 20:10:32.209  1565  1909 D ConnectivityService: NetReassign [no changes]
04-20 20:10:32.676  1565  1657 W BroadcastQueue: Permission Denial: receiving Intent { act=android.bluetooth.adapter.action.DISCOVERY_FINISHED flg=0x10 } to ProcessRecord{d321896 11842:com.imgur.mobile/u0a254} (pid=11842, uid=10254) requires android.permission.BLUETOOTH due to sender com.android.bluetooth (uid 1002)
04-20 20:10:32.708  1565  1657 W BroadcastQueue: Permission Denial: receiving Intent { act=android.bluetooth.adapter.action.DISCOVERY_STARTED flg=0x10 } to ProcessRecord{d321896 11842:com.imgur.mobile/u0a254} (pid=11842, uid=10254) requires android.permission.BLUETOOTH due to sender com.android.bluetooth (uid 1002)
04-20 20:10:35.232  1565  1909 D ConnectivityService: NetReassign [no changes]
04-20 20:10:47.335  1565  1909 I chatty  : uid=1000(system) ConnectivitySer identical 4 lines
04-20 20:10:50.354  1565  1909 D ConnectivityService: NetReassign [no changes]
04-20 20:10:52.841  1565  1657 W BroadcastQueue: Permission Denial: receiving Intent { act=android.bluetooth.device.action.ACL_DISCONNECTED flg=0x5000010 (has extras) } to ProcessRecord{d321896 11842:com.imgur.mobile/u0a254} (pid=11842, uid=10254) requires android.permission.BLUETOOTH due to sender com.android.bluetooth (uid 1002)
04-20 20:10:53.383  1565  1909 D ConnectivityService: NetReassign [no changes]
04-20 20:10:54.098  1565  1657 W BroadcastQueue: Permission Denial: receiving Intent { act=android.bluetooth.adapter.action.DISCOVERY_FINISHED flg=0x10 } to ProcessRecord{d321896 11842:com.imgur.mobile/u0a254} (pid=11842, uid=10254) requires android.permission.BLUETOOTH due to sender com.android.bluetooth (uid 1002)
04-20 20:10:54.130  1565  1657 W BroadcastQueue: Permission Denial: receiving Intent { act=android.bluetooth.adapter.action.DISCOVERY_STARTED flg=0x10 } to ProcessRecord{d321896 11842:com.imgur.mobile/u0a254} (pid=11842, uid=10254) requires android.permission.BLUETOOTH due to sender com.android.bluetooth (uid 1002)
04-20 20:10:56.405  1565  1909 D ConnectivityService: NetReassign [no changes]
04-20 20:11:05.477  1565  1909 I chatty  : uid=1000(system) ConnectivitySer identical 3 lines
04-20 20:11:08.505  1565  1909 D ConnectivityService: NetReassign [no changes]
04-20 20:11:11.057  1565  1657 W BroadcastQueue: Permission Denial: receiving Intent { act=android.bluetooth.device.action.ACL_DISCONNECTED flg=0x5000010 (has extras) } to ProcessRecord{d321896 11842:com.imgur.mobile/u0a254} (pid=11842, uid=10254) requires android.permission.BLUETOOTH due to sender com.android.bluetooth (uid 1002)
04-20 20:11:11.530  1565  1909 D ConnectivityService: NetReassign [no changes]
04-20 20:11:13.008  1565  1657 W BroadcastQueue: Permission Denial: receiving Intent { act=android.bluetooth.adapter.action.DISCOVERY_FINISHED flg=0x10 } to ProcessRecord{d321896 11842:com.imgur.mobile/u0a254} (pid=11842, uid=10254) requires android.permission.BLUETOOTH due to sender com.android.bluetooth (uid 1002)
04-20 20:11:13.045  1565  1657 W BroadcastQueue: Permission Denial: receiving Intent { act=android.bluetooth.adapter.action.DISCOVERY_STARTED flg=0x10 } to ProcessRecord{d321896 11842:com.imgur.mobile/u0a254} (pid=11842, uid=10254) requires android.permission.BLUETOOTH due to sender com.android.bluetooth (uid 1002)
04-20 20:11:14.559  1565  1909 D ConnectivityService: NetReassign [no changes]
04-20 20:11:20.615  1565  1909 I chatty  : uid=1000(system) ConnectivitySer identical 2 lines
04-20 20:11:23.644  1565  1909 D ConnectivityService: NetReassign [no changes]
04-20 20:11:26.259  1565  1657 W BroadcastQueue: Permission Denial: receiving Intent { act=android.bluetooth.adapter.action.DISCOVERY_FINISHED flg=0x10 } to ProcessRecord{d321896 11842:com.imgur.mobile/u0a254} (pid=11842, uid=10254) requires android.permission.BLUETOOTH due to sender com.android.bluetooth (uid 1002)
04-20 20:11:26.297  1565  1657 W BroadcastQueue: Permission Denial: receiving Intent { act=android.bluetooth.adapter.action.DISCOVERY_STARTED flg=0x10 } to ProcessRecord{d321896 11842:com.imgur.mobile/u0a254} (pid=11842, uid=10254) requires android.permission.BLUETOOTH due to sender com.android.bluetooth (uid 1002)
04-20 20:11:26.668  1565  1909 D ConnectivityService: NetReassign [no changes]
04-20 20:11:35.762  1565  1909 I chatty  : uid=1000(system) ConnectivitySer identical 3 lines
04-20 20:11:38.791  1565  1909 D ConnectivityService: NetReassign [no changes]
04-20 20:11:41.047  1565  1657 W BroadcastQueue: Permission Denial: receiving Intent { act=android.bluetooth.adapter.action.DISCOVERY_FINISHED flg=0x10 } to ProcessRecord{d321896 11842:com.imgur.mobile/u0a254} (pid=11842, uid=10254) requires android.permission.BLUETOOTH due to sender com.android.bluetooth (uid 1002)
04-20 20:11:41.082  1565  1657 W BroadcastQueue: Permission Denial: receiving Intent { act=android.bluetooth.adapter.action.DISCOVERY_STARTED flg=0x10 } to ProcessRecord{d321896 11842:com.imgur.mobile/u0a254} (pid=11842, uid=10254) requires android.permission.BLUETOOTH due to sender com.android.bluetooth (uid 1002)
04-20 20:11:41.818  1565  1909 D ConnectivityService: NetReassign [no changes]
04-20 20:11:50.895  1565  1909 I chatty  : uid=1000(system) ConnectivitySer identical 3 lines
04-20 20:11:53.923  1565  1909 D ConnectivityService: NetReassign [no changes]
04-20 20:11:54.297  1565  1657 W BroadcastQueue: Permission Denial: receiving Intent { act=android.bluetooth.adapter.action.DISCOVERY_FINISHED flg=0x10 } to ProcessRecord{d321896 11842:com.imgur.mobile/u0a254} (pid=11842, uid=10254) requires android.permission.BLUETOOTH due to sender com.android.bluetooth (uid 1002)
04-20 20:11:54.332  1565  1657 W BroadcastQueue: Permission Denial: receiving Intent { act=android.bluetooth.adapter.action.DISCOVERY_STARTED flg=0x10 } to ProcessRecord{d321896 11842:com.imgur.mobile/u0a254} (pid=11842, uid=10254) requires android.permission.BLUETOOTH due to sender com.android.bluetooth (uid 1002)
04-20 20:11:56.952  1565  1909 D ConnectivityService: NetReassign [no changes]
04-20 20:11:59.989  1565  1909 D ConnectivityService: NetReassign [no changes]
04-20 20:12:00.021  1565  3522 W ActivityManager: Binding with unknown activity: Token{1381fbf null}
04-20 20:12:03.019  1565  1909 D ConnectivityService: NetReassign [no changes]
04-20 20:12:06.066  1565  1909 I chatty  : uid=1000(system) ConnectivitySer identical 1 line
04-20 20:12:09.096  1565  1909 D ConnectivityService: NetReassign [no changes]
04-20 20:12:10.810  1565  4851 W ActivityManager: Foreground service started from background can not have location/camera/microphone access: service steptracker.healthandfitness.walkingtracker.pedometer/com.drojian.stepcounter.service.CounterService
04-20 20:12:12.119  1565  1909 D ConnectivityService: NetReassign [no changes]
04-20 20:12:13.106  1565  1657 W BroadcastQueue: Permission Denial: receiving Intent { act=android.bluetooth.adapter.action.DISCOVERY_FINISHED flg=0x10 } to ProcessRecord{d321896 11842:com.imgur.mobile/u0a254} (pid=11842, uid=10254) requires android.permission.BLUETOOTH due to sender com.android.bluetooth (uid 1002)
04-20 20:12:13.145  1565  1657 W BroadcastQueue: Permission Denial: receiving Intent { act=android.bluetooth.adapter.action.DISCOVERY_STARTED flg=0x10 } to ProcessRecord{d321896 11842:com.imgur.mobile/u0a254} (pid=11842, uid=10254) requires android.permission.BLUETOOTH due to sender com.android.bluetooth (uid 1002)
04-20 20:12:15.154  1565  1909 D ConnectivityService: NetReassign [no changes]
04-20 20:12:18.181  1565  1909 D ConnectivityService: NetReassign [no changes]
04-20 20:12:19.289  1565  1565 D CompatibilityChangeReporter: Compat change id reported: 135634846; UID 10191; state: DISABLED
04-20 20:12:19.289  1565  1659 D CompatibilityChangeReporter: Compat change id reported: 143937733; UID 10191; state: ENABLED
04-20 20:12:19.316  1565  1659 I ActivityManager: Start proc 2872:com.google.android.youtube/u0a191 for service {com.google.android.youtube/androidx.work.impl.background.systemjob.SystemJobService}
04-20 20:12:19.821  1565  3522 D ConnectivityService: Returning UNBLOCKED NetworkInfo to uid=10191
04-20 20:12:19.824  1565  3512 D ConnectivityService: requestNetwork for uid/pid:10191/2872 NetworkRequest [ TRACK_DEFAULT id=6076, [ Capabilities: INTERNET&NOT_RESTRICTED&TRUSTED Uid: 10191 AdministratorUids: [] RequestorUid: 10191 RequestorPackageName: com.google.android.youtube] ]
04-20 20:12:19.824  1565  1909 D ConnectivityService: NetReassign [6076 : null  1698]
04-20 20:12:19.869  1565  3512 D ConnectivityService: requestNetwork for uid/pid:10191/2872 NetworkRequest [ TRACK_DEFAULT id=6077, [ Capabilities: INTERNET&NOT_RESTRICTED&TRUSTED Uid: 10191 AdministratorUids: [] RequestorUid: 10191 RequestorPackageName: com.google.android.youtube] ]
04-20 20:12:19.870  1565  1909 D ConnectivityService: NetReassign [6077 : null  1698]
04-20 20:12:19.874  1565  1909 D ConnectivityService: NetReassign [no changes]
04-20 20:12:33.339  1565  1909 I chatty  : uid=1000(system) ConnectivitySer identical 5 lines
04-20 20:12:36.368  1565  1909 D ConnectivityService: NetReassign [no changes]
04-20 20:12:36.518  1565  1657 W BroadcastQueue: Permission Denial: receiving Intent { act=android.bluetooth.adapter.action.DISCOVERY_FINISHED flg=0x10 } to ProcessRecord{d321896 11842:com.imgur.mobile/u0a254} (pid=11842, uid=10254) requires android.permission.BLUETOOTH due to sender com.android.bluetooth (uid 1002)
04-20 20:12:36.551  1565  1657 W BroadcastQueue: Permission Denial: receiving Intent { act=android.bluetooth.adapter.action.DISCOVERY_STARTED flg=0x10 } to ProcessRecord{d321896 11842:com.imgur.mobile/u0a254} (pid=11842, uid=10254) requires android.permission.BLUETOOTH due to sender com.android.bluetooth (uid 1002)
04-20 20:12:39.400  1565  1909 D ConnectivityService: NetReassign [no changes]
04-20 20:12:42.431  1565  1909 D ConnectivityService: NetReassign [no changes]
04-20 20:12:44.607  1565  1898 W NetworkPolicy: shared quota unsupported; generating rule for each iface
04-20 20:12:45.462  1565  1909 D ConnectivityService: NetReassign [no changes]
04-20 20:12:48.490  1565  1909 I chatty  : uid=1000(system) ConnectivitySer identical 1 line
04-20 20:12:51.522  1565  1909 D ConnectivityService: NetReassign [no changes]
04-20 20:12:52.345  1565  1657 W BroadcastQueue: Permission Denial: receiving Intent { act=android.bluetooth.adapter.action.DISCOVERY_FINISHED flg=0x10 } to ProcessRecord{d321896 11842:com.imgur.mobile/u0a254} (pid=11842, uid=10254) requires android.permission.BLUETOOTH due to sender com.android.bluetooth (uid 1002)
04-20 20:12:52.385  1565  1657 W BroadcastQueue: Permission Denial: receiving Intent { act=android.bluetooth.adapter.action.DISCOVERY_STARTED flg=0x10 } to ProcessRecord{d321896 11842:com.imgur.mobile/u0a254} (pid=11842, uid=10254) requires android.permission.BLUETOOTH due to sender com.android.bluetooth (uid 1002)
04-20 20:12:54.551  1565  1909 D ConnectivityService: NetReassign [no changes]
04-20 20:12:57.574  1565  1909 D ConnectivityService: NetReassign [no changes]
04-20 20:12:58.924  1565  3557 W ActivityManager: Foreground service started from background can not have location/camera/microphone access: service steptracker.healthandfitness.walkingtracker.pedometer/com.drojian.stepcounter.service.CounterService
04-20 20:13:00.090  1565  3557 W ActivityManager: Foreground service started from background can not have location/camera/microphone access: service steptracker.healthandfitness.walkingtracker.pedometer/com.drojian.stepcounter.service.CounterService
04-20 20:13:00.605  1565  1909 D ConnectivityService: NetReassign [no changes]
04-20 20:13:06.672  1565  1909 I chatty  : uid=1000(system) ConnectivitySer identical 2 lines
04-20 20:13:09.700  1565  1909 D ConnectivityService: NetReassign [no changes]
04-20 20:13:11.081  1565  1657 W BroadcastQueue: Permission Denial: receiving Intent { act=android.bluetooth.adapter.action.DISCOVERY_FINISHED flg=0x10 } to ProcessRecord{d321896 11842:com.imgur.mobile/u0a254} (pid=11842, uid=10254) requires android.permission.BLUETOOTH due to sender com.android.bluetooth (uid 1002)
04-20 20:13:11.116  1565  1657 W BroadcastQueue: Permission Denial: receiving Intent { act=android.bluetooth.adapter.action.DISCOVERY_STARTED flg=0x10 } to ProcessRecord{d321896 11842:com.imgur.mobile/u0a254} (pid=11842, uid=10254) requires android.permission.BLUETOOTH due to sender com.android.bluetooth (uid 1002)
04-20 20:13:12.734  1565  1909 D ConnectivityService: NetReassign [no changes]
04-20 20:13:13.914  1565  4851 W ActivityManager: Binding with unknown activity: Token{1381fbf null}
04-20 20:13:15.757  1565  1909 D ConnectivityService: NetReassign [no changes]
04-20 20:13:18.787  1565  1909 D ConnectivityService: NetReassign [no changes]
04-20 20:13:21.276  1565  4851 D ConnectivityService: requestNetwork for uid/pid:10191/2872 NetworkRequest [ TRACK_DEFAULT id=6079, [ Capabilities: INTERNET&NOT_RESTRICTED&TRUSTED Uid: 10191 AdministratorUids: [] RequestorUid: 10191 RequestorPackageName: com.google.android.youtube] ]
04-20 20:13:21.276  1565  1909 D ConnectivityService: NetReassign [6079 : null  1698]
04-20 20:13:21.322  1565  1909 D ConnectivityService: releasing NetworkRequest [ TRACK_DEFAULT id=6079, [ Capabilities: INTERNET&NOT_RESTRICTED&TRUSTED Uid: 10191 AdministratorUids: [] RequestorUid: 10191 RequestorPackageName: com.google.android.youtube] ] (release request)
04-20 20:13:21.821  1565  1909 D ConnectivityService: NetReassign [no changes]
04-20 20:13:24.208  1565  1657 W BroadcastQueue: Permission Denial: receiving Intent { act=android.bluetooth.adapter.action.DISCOVERY_FINISHED flg=0x10 } to ProcessRecord{d321896 11842:com.imgur.mobile/u0a254} (pid=11842, uid=10254) requires android.permission.BLUETOOTH due to sender com.android.bluetooth (uid 1002)
04-20 20:13:24.248  1565  1657 W BroadcastQueue: Permission Denial: receiving Intent { act=android.bluetooth.adapter.action.DISCOVERY_STARTED flg=0x10 } to ProcessRecord{d321896 11842:com.imgur.mobile/u0a254} (pid=11842, uid=10254) requires android.permission.BLUETOOTH due to sender com.android.bluetooth (uid 1002)
04-20 20:13:24.851  1565  1909 D ConnectivityService: NetReassign [no changes]
04-20 20:13:36.967  1565  1909 I chatty  : uid=1000(system) ConnectivitySer identical 4 lines
04-20 20:13:39.998  1565  1909 D ConnectivityService: NetReassign [no changes]
04-20 20:13:41.564  1565  1657 W BroadcastQueue: Permission Denial: receiving Intent { act=android.bluetooth.adapter.action.DISCOVERY_FINISHED flg=0x10 } to ProcessRecord{d321896 11842:com.imgur.mobile/u0a254} (pid=11842, uid=10254) requires android.permission.BLUETOOTH due to sender com.android.bluetooth (uid 1002)
04-20 20:13:41.601  1565  1657 W BroadcastQueue: Permission Denial: receiving Intent { act=android.bluetooth.adapter.action.DISCOVERY_STARTED flg=0x10 } to ProcessRecord{d321896 11842:com.imgur.mobile/u0a254} (pid=11842, uid=10254) requires android.permission.BLUETOOTH due to sender com.android.bluetooth (uid 1002)
04-20 20:13:43.021  1565  1909 D ConnectivityService: NetReassign [no changes]
04-20 20:13:46.037  1565  1909 D ConnectivityService: NetReassign [no changes]
04-20 20:13:46.070  1565  4851 I ActivityManager: Force stopping com.google.location.nearby.apps.connectedcrossroad appid=10333 user=0: from pid 3284
04-20 20:13:46.071  1565  4851 I ActivityManager: Killing 1741:com.google.location.nearby.apps.connectedcrossroad/u0a333 (adj 0): stop com.google.location.nearby.apps.connectedcrossroad due to from pid 3284
04-20 20:13:46.074  1565  4851 W ActivityTaskManager: Force removing ActivityRecord{140312f u0 com.google.location.nearby.apps.connectedcrossroad/nx.aodv.eval.MainActivity t8001 f}}: app died, no saved state
04-20 20:13:46.115  1565  3519 D AutofillSession: handling death of Token{4e3d9bd ActivityRecord{140312f u0 com.google.location.nearby.apps.connectedcrossroad/nx.aodv.eval.MainActivity t-1 f}}} when saving=false
04-20 20:13:46.121  1565  1657 W BroadcastQueue: Background execution not allowed: receiving Intent { act=android.intent.action.PACKAGE_RESTARTED dat=package:com.google.location.nearby.apps.connectedcrossroad flg=0x10 (has extras) } to steptracker.healthandfitness.walkingtracker.pedometer/com.drojian.stepcounter.receiver.PedometerReceiver
04-20 20:13:46.121  1565  1657 W BroadcastQueue: Background execution not allowed: receiving Intent { act=android.intent.action.PACKAGE_RESTARTED dat=package:com.google.location.nearby.apps.connectedcrossroad flg=0x10 (has extras) } to steptracker.healthandfitness.walkingtracker.pedometer/com.drojian.servicekeeper.receiver.BootReceiver
04-20 20:13:46.135  1565  1638 W ActivityManager: setHasOverlayUi called on unknown pid: 1741
04-20 20:13:47.158  1565  4286 I ActivityManager: Process android.process.media (pid 32375) has died: cch+95 CEM 
04-20 20:13:47.172  1565  1565 D CompatibilityChangeReporter: Compat change id reported: 135634846; UID 10214; state: DISABLED
04-20 20:13:47.173  1565  1659 D CompatibilityChangeReporter: Compat change id reported: 143937733; UID 10214; state: DISABLED
04-20 20:13:47.195  1565  1659 I ActivityManager: Start proc 3309:com.linkedin.android/u0a214 for service {com.linkedin.android/androidx.work.impl.background.systemjob.SystemJobService}
04-20 20:13:47.368  1565  4293 I ActivityManager: Process com.google.android.apps.wellbeing (pid 32161) has died: cch+85 CEM 
04-20 20:13:47.767  1565  4293 D ConnectivityService: requestNetwork for uid/pid:10214/3309 NetworkRequest [ TRACK_DEFAULT id=6080, [ Capabilities: INTERNET&NOT_RESTRICTED&TRUSTED Uid: 10214 AdministratorUids: [] RequestorUid: 10214 RequestorPackageName: com.linkedin.android] ]
04-20 20:13:47.768  1565  1909 D ConnectivityService: NetReassign [6080 : null  1698]
04-20 20:13:47.909  1565  4293 D ConnectivityService: requestNetwork for uid/pid:10214/3309 NetworkRequest [ TRACK_DEFAULT id=6081, [ Capabilities: INTERNET&NOT_RESTRICTED&TRUSTED Uid: 10214 AdministratorUids: [] RequestorUid: 10214 RequestorPackageName: com.linkedin.android] ]
04-20 20:13:47.910  1565  1909 D ConnectivityService: NetReassign [6081 : null  1698]
04-20 20:13:47.916  1565  1909 D ConnectivityService: NetReassign [no changes]
04-20 20:13:48.209  1565  1657 W BroadcastQueue: Permission Denial: receiving Intent { act=android.bluetooth.device.action.ACL_DISCONNECTED flg=0x5000010 (has extras) } to ProcessRecord{d321896 11842:com.imgur.mobile/u0a254} (pid=11842, uid=10254) requires android.permission.BLUETOOTH due to sender com.android.bluetooth (uid 1002)
04-20 20:13:48.493  1565  1657 W BroadcastQueue: Permission Denial: receiving Intent { act=android.bluetooth.adapter.action.DISCOVERY_FINISHED flg=0x10 } to ProcessRecord{d321896 11842:com.imgur.mobile/u0a254} (pid=11842, uid=10254) requires android.permission.BLUETOOTH due to sender com.android.bluetooth (uid 1002)
