04-20 20:13:45.250  1741  1767 I WindowManager:   SURFACE show Surface(name=FloatingTutorialButton)/@0xf2d342 on display:0: FloatingTutorialButton
04-20 20:13:45.328  1741  1767 I WindowManager:   SURFACE show Surface(name=com.motorola.launcher3/com.android.launcher3.CustomizationPanelLauncher)/@0x5737daf on display:0: com.motorola.launcher3/com.android.launcher3.CustomizationPanelLauncher
04-20 20:13:47.273  1741  2249 D NsdService: unregister service
04-20 20:13:47.273  1741  2249 D NsdService: mdnssd [stop-register, 6]
04-20 20:13:47.320  1741  1741 D BluetoothManagerService: Bluetooth Adapter name changed to moto e
04-20 20:13:47.321  1741  1741 D BluetoothManagerService: Stored Bluetooth name: moto e
04-20 20:13:47.321  1741  1741 V SettingsProvider: Notifying for 0: content://settings/secure/bluetooth_name
04-20 20:13:54.844  1741  3580 I ActivityManager: Force stopping com.google.location.nearby.apps.connectedcrossroad appid=10216 user=0: from pid 29790
04-20 20:13:57.397  1741  4851 I ActivityManager: Force stopping com.google.location.nearby.apps.connectedcrossroad appid=10216 user=0: from pid 29808
04-20 20:13:57.493  1741  4851 I ActivityTaskManager: START u0 {act=android.intent.action.MAIN cat=[android.intent.category.LAUNCHER] flg=0x10000000 cmp=com.google.location.nearby.apps.connectedcrossroad/nx.aodv.eval.MainActivity} from uid 2000
04-20 20:13:57.494  1741  4851 D ActivityTaskManager: getPreferredLaunchDisplay usersetdisplayid -1 current displayId 0 paramspreferid 0
04-20 20:13:57.494  1741  4851 D ActivityTaskManager: getPreferredLaunchDisplay usersetdisplayid -1 current displayId 0 paramspreferid 0
04-20 20:13:57.498  1741  4851 D ActivityTaskManager: getPreferredLaunchDisplay usersetdisplayid 0 current displayId 0 paramspreferid 0
04-20 20:13:57.523  1741  1741 V SettingsProvider: Notifying for 0: content://settings/secure/reminder_exp_learning_time_elapsed
04-20 20:13:57.535  1741  1774 I ActivityManager: Start proc 29818:com.google.location.nearby.apps.connectedcrossroad/u0a216 for activity {com.google.location.nearby.apps.connectedcrossroad/nx.aodv.eval.MainActivity}
04-20 20:13:57.539  1741  1767 V WindowManager: Changing focus from Window{4324562 u0 com.motorola.launcher3/com.android.launcher3.CustomizationPanelLauncher} to null displayId=0
04-20 20:13:57.590  1741  1767 I WindowManager:   SURFACE show Surface(name=Splash Screen com.google.location.nearby.apps.connectedcrossroad)/@0x17553f8 on display:0: Splash Screen com.google.location.nearby.apps.connectedcrossroad
04-20 20:13:57.904  1741  9573 I WindowManager: Window drawn AppWindowToken{b2426a2 token=Token{8439a6d ActivityRecord{caaa284 u0 com.motorola.launcher3/com.android.launcher3.CustomizationPanelLauncher t4}}}
04-20 20:13:58.201  1741  9573 V WindowManager: Changing focus from null to Window{14c19ca u0 com.google.location.nearby.apps.connectedcrossroad/nx.aodv.eval.MainActivity} displayId=0
04-20 20:13:58.260  1741  1767 I LaunchCheckinHandler: Displayed com.google.location.nearby.apps.connectedcrossroad/nx.aodv.eval.MainActivity,cp,ca,746
04-20 20:13:58.260  1741  1767 I WindowManager: Window drawn AppWindowToken{db647e5 token=Token{3de3adc ActivityRecord{428d34f u0 com.google.location.nearby.apps.connectedcrossroad/nx.aodv.eval.MainActivity t12}}}
04-20 20:13:58.261  1741  1767 I WindowManager:   SURFACE show Surface(name=com.google.location.nearby.apps.connectedcrossroad/nx.aodv.eval.MainActivity)/@0x65861ed on display:0: com.google.location.nearby.apps.connectedcrossroad/nx.aodv.eval.MainActivity
04-20 20:14:34.497  1741  2042 D BatteryService: uevent={POWER_SUPPLY_DP_DM=0, POWER_SUPPLY_VOLTAGE_NOW=4222844, POWER_SUPPLY_SW_JEITA_ENABLED=0, POWER_SUPPLY_CHARGE_CONTROL_LIMIT_MAX=8, POWER_SUPPLY_RECHARGE_SOC=99, POWER_SUPPLY_HEALTH=Good, POWER_SUPPLY_TECHNOLOGY=Li-ion, POWER_SUPPLY_FCC_STEPPER_ENABLE=0, SEQNUM=16792, POWER_SUPPLY_INPUT_CURRENT_LIMITED=0, POWER_SUPPLY_CHARGE_CONTROL_LIMIT=0, POWER_SUPPLY_BATTERY_CHARGING_ENABLED=1, POWER_SUPPLY_STATUS=Discharging, POWER_SUPPLY_CYCLE_COUNT=4, POWER_SUPPLY_CURRENT_MAX=2000000, POWER_SUPPLY_CHARGE_TERM_CURRENT=-101, POWER_SUPPLY_CAPACITY=91, DEVPATH=/devices/platform/soc/200f000.qcom,spmi/spmi-0/spmi0-02/200f000.qcom,spmi:qcom,pmi632@2:qcom,qpnp-smb5/power_supply/battery, POWER_SUPPLY_CHARGE_DONE=0, POWER_SUPPLY_CHARGE_TYPE=N/A, POWER_SUPPLY_CHARGE_RATE=None, POWER_SUPPLY_CURRENT_NOW=-160369, POWER_SUPPLY_SYSTEM_TEMP_LEVEL=0, POWER_SUPPLY_PRESENT=1, POWER_SUPPLY_PARALLEL_DISABLE=0, POWER_SUPPLY_CHARGE_FULL=3615000, SUBSYSTEM=power_supply, POWER_SUPPLY_SET_SHIP_MODE=0, POWER_SUPPLY_TEMP=242, ACTION=change, POWER_SUPPLY_RERUN_AICL=0, POWER_SUPPLY_AGE=100, POWER_SUPPLY_NAME=battery, POWER_SUPPLY_VOLTAGE_MAX=-22, POWER_SUPPLY_CONSTANT_CHARGE_CURRENT_MAX=2000000, POWER_SUPPLY_CHARGE_COUNTER=3289650, POWER_SUPPLY_STEP_CHARGING_ENABLED=0, POWER_SUPPLY_NUM_SYSTEM_TEMP_LEVELS=8, POWER_SUPPLY_DIE_HEALTH=Hot, POWER_SUPPLY_INPUT_SUSPEND=0}
04-20 20:14:55.199  1741  2042 D BatteryService: uevent={POWER_SUPPLY_DP_DM=0, POWER_SUPPLY_VOLTAGE_NOW=4226737, POWER_SUPPLY_SW_JEITA_ENABLED=0, POWER_SUPPLY_CHARGE_CONTROL_LIMIT_MAX=8, POWER_SUPPLY_RECHARGE_SOC=99, POWER_SUPPLY_HEALTH=Good, POWER_SUPPLY_TECHNOLOGY=Li-ion, POWER_SUPPLY_FCC_STEPPER_ENABLE=0, SEQNUM=16835, POWER_SUPPLY_INPUT_CURRENT_LIMITED=0, POWER_SUPPLY_CHARGE_CONTROL_LIMIT=0, POWER_SUPPLY_BATTERY_CHARGING_ENABLED=1, POWER_SUPPLY_STATUS=Discharging, POWER_SUPPLY_CYCLE_COUNT=4, POWER_SUPPLY_CURRENT_MAX=2000000, POWER_SUPPLY_CHARGE_TERM_CURRENT=-101, POWER_SUPPLY_CAPACITY=90, DEVPATH=/devices/platform/soc/200f000.qcom,spmi/spmi-0/spmi0-02/200f000.qcom,spmi:qcom,pmi632@2:qcom,qpnp-smb5/power_supply/battery, POWER_SUPPLY_CHARGE_DONE=0, POWER_SUPPLY_CHARGE_TYPE=N/A, POWER_SUPPLY_CHARGE_RATE=None, POWER_SUPPLY_CURRENT_NOW=-149688, POWER_SUPPLY_SYSTEM_TEMP_LEVEL=0, POWER_SUPPLY_PRESENT=1, POWER_SUPPLY_PARALLEL_DISABLE=0, POWER_SUPPLY_CHARGE_FULL=3615000, SUBSYSTEM=power_supply, POWER_SUPPLY_SET_SHIP_MODE=0, POWER_SUPPLY_TEMP=242, ACTION=change, POWER_SUPPLY_RERUN_AICL=0, POWER_SUPPLY_AGE=100, POWER_SUPPLY_NAME=battery, POWER_SUPPLY_VOLTAGE_MAX=-22, POWER_SUPPLY_CONSTANT_CHARGE_CURRENT_MAX=2000000, POWER_SUPPLY_CHARGE_COUNTER=3253500, POWER_SUPPLY_STEP_CHARGING_ENABLED=0, POWER_SUPPLY_NUM_SYSTEM_TEMP_LEVELS=8, POWER_SUPPLY_DIE_HEALTH=Hot, POWER_SUPPLY_INPUT_SUSPEND=0}
04-20 20:15:35.939  1741  2042 D BatteryService: uevent={POWER_SUPPLY_DP_DM=0, POWER_SUPPLY_VOLTAGE_NOW=4221092, POWER_SUPPLY_SW_JEITA_ENABLED=0, POWER_SUPPLY_CHARGE_CONTROL_LIMIT_MAX=8, POWER_SUPPLY_RECHARGE_SOC=99, POWER_SUPPLY_HEALTH=Good, POWER_SUPPLY_TECHNOLOGY=Li-ion, POWER_SUPPLY_FCC_STEPPER_ENABLE=0, SEQNUM=16917, POWER_SUPPLY_INPUT_CURRENT_LIMITED=0, POWER_SUPPLY_CHARGE_CONTROL_LIMIT=0, POWER_SUPPLY_BATTERY_CHARGING_ENABLED=1, POWER_SUPPLY_STATUS=Discharging, POWER_SUPPLY_CYCLE_COUNT=4, POWER_SUPPLY_CURRENT_MAX=2000000, POWER_SUPPLY_CHARGE_TERM_CURRENT=-101, POWER_SUPPLY_CAPACITY=90, DEVPATH=/devices/platform/soc/200f000.qcom,spmi/spmi-0/spmi0-02/200f000.qcom,spmi:qcom,pmi632@2:qcom,qpnp-smb5/power_supply/battery, POWER_SUPPLY_CHARGE_DONE=0, POWER_SUPPLY_CHARGE_TYPE=N/A, POWER_SUPPLY_CHARGE_RATE=None, POWER_SUPPLY_CURRENT_NOW=-201568, POWER_SUPPLY_SYSTEM_TEMP_LEVEL=0, POWER_SUPPLY_PRESENT=1, POWER_SUPPLY_PARALLEL_DISABLE=0, POWER_SUPPLY_CHARGE_FULL=3615000, SUBSYSTEM=power_supply, POWER_SUPPLY_SET_SHIP_MODE=0, POWER_SUPPLY_TEMP=242, ACTION=change, POWER_SUPPLY_RERUN_AICL=0, POWER_SUPPLY_AGE=100, POWER_SUPPLY_NAME=battery, POWER_SUPPLY_VOLTAGE_MAX=-22, POWER_SUPPLY_CONSTANT_CHARGE_CURRENT_MAX=2000000, POWER_SUPPLY_CHARGE_COUNTER=3253500, POWER_SUPPLY_STEP_CHARGING_ENABLED=0, POWER_SUPPLY_NUM_SYSTEM_TEMP_LEVELS=8, POWER_SUPPLY_DIE_HEALTH=Hot, POWER_SUPPLY_INPUT_SUSPEND=0}
04-20 20:16:26.908  1741  1772 I UsageStatsService: User[0] Flushing usage stats to disk
04-20 20:16:27.017  1741  1772 E AppIdleHistory: Error writing app idle file for user 0
04-20 20:16:37.377  1741  2042 D BatteryService: uevent={POWER_SUPPLY_DP_DM=0, POWER_SUPPLY_VOLTAGE_NOW=4227515, POWER_SUPPLY_SW_JEITA_ENABLED=0, POWER_SUPPLY_CHARGE_CONTROL_LIMIT_MAX=8, POWER_SUPPLY_RECHARGE_SOC=99, POWER_SUPPLY_HEALTH=Good, POWER_SUPPLY_TECHNOLOGY=Li-ion, POWER_SUPPLY_FCC_STEPPER_ENABLE=0, SEQNUM=17038, POWER_SUPPLY_INPUT_CURRENT_LIMITED=0, POWER_SUPPLY_CHARGE_CONTROL_LIMIT=0, POWER_SUPPLY_BATTERY_CHARGING_ENABLED=1, POWER_SUPPLY_STATUS=Discharging, POWER_SUPPLY_CYCLE_COUNT=4, POWER_SUPPLY_CURRENT_MAX=2000000, POWER_SUPPLY_CHARGE_TERM_CURRENT=-101, POWER_SUPPLY_CAPACITY=90, DEVPATH=/devices/platform/soc/200f000.qcom,spmi/spmi-0/spmi0-02/200f000.qcom,spmi:qcom,pmi632@2:qcom,qpnp-smb5/power_supply/battery, POWER_SUPPLY_CHARGE_DONE=0, POWER_SUPPLY_CHARGE_TYPE=N/A, POWER_SUPPLY_CHARGE_RATE=None, POWER_SUPPLY_CURRENT_NOW=-141754, POWER_SUPPLY_SYSTEM_TEMP_LEVEL=0, POWER_SUPPLY_PRESENT=1, POWER_SUPPLY_PARALLEL_DISABLE=0, POWER_SUPPLY_CHARGE_FULL=3615000, SUBSYSTEM=power_supply, POWER_SUPPLY_SET_SHIP_MODE=0, POWER_SUPPLY_TEMP=243, ACTION=change, POWER_SUPPLY_RERUN_AICL=0, POWER_SUPPLY_AGE=100, POWER_SUPPLY_NAME=battery, POWER_SUPPLY_VOLTAGE_MAX=-22, POWER_SUPPLY_CONSTANT_CHARGE_CURRENT_MAX=2000000, POWER_SUPPLY_CHARGE_COUNTER=3253500, POWER_SUPPLY_STEP_CHARGING_ENABLED=0, POWER_SUPPLY_NUM_SYSTEM_TEMP_LEVELS=8, POWER_SUPPLY_DIE_HEALTH=Hot, POWER_SUPPLY_INPUT_SUSPEND=0}
04-20 20:17:38.816  1741  2042 D BatteryService: uevent={POWER_SUPPLY_DP_DM=0, POWER_SUPPLY_VOLTAGE_NOW=4219146, POWER_SUPPLY_SW_JEITA_ENABLED=0, POWER_SUPPLY_CHARGE_CONTROL_LIMIT_MAX=8, POWER_SUPPLY_RECHARGE_SOC=99, POWER_SUPPLY_HEALTH=Good, POWER_SUPPLY_TECHNOLOGY=Li-ion, POWER_SUPPLY_FCC_STEPPER_ENABLE=0, SEQNUM=17161, POWER_SUPPLY_INPUT_CURRENT_LIMITED=0, POWER_SUPPLY_CHARGE_CONTROL_LIMIT=0, POWER_SUPPLY_BATTERY_CHARGING_ENABLED=1, POWER_SUPPLY_STATUS=Discharging, POWER_SUPPLY_CYCLE_COUNT=4, POWER_SUPPLY_CURRENT_MAX=2000000, POWER_SUPPLY_CHARGE_TERM_CURRENT=-101, POWER_SUPPLY_CAPACITY=90, DEVPATH=/devices/platform/soc/200f000.qcom,spmi/spmi-0/spmi0-02/200f000.qcom,spmi:qcom,pmi632@2:qcom,qpnp-smb5/power_supply/battery, POWER_SUPPLY_CHARGE_DONE=0, POWER_SUPPLY_CHARGE_TYPE=N/A, POWER_SUPPLY_CHARGE_RATE=None, POWER_SUPPLY_CURRENT_NOW=-198364, POWER_SUPPLY_SYSTEM_TEMP_LEVEL=0, POWER_SUPPLY_PRESENT=1, POWER_SUPPLY_PARALLEL_DISABLE=0, POWER_SUPPLY_CHARGE_FULL=3615000, SUBSYSTEM=power_supply, POWER_SUPPLY_SET_SHIP_MODE=0, POWER_SUPPLY_TEMP=243, ACTION=change, POWER_SUPPLY_RERUN_AICL=0, POWER_SUPPLY_AGE=100, POWER_SUPPLY_NAME=battery, POWER_SUPPLY_VOLTAGE_MAX=-22, POWER_SUPPLY_CONSTANT_CHARGE_CURRENT_MAX=2000000, POWER_SUPPLY_CHARGE_COUNTER=3253500, POWER_SUPPLY_STEP_CHARGING_ENABLED=0, POWER_SUPPLY_NUM_SYSTEM_TEMP_LEVELS=8, POWER_SUPPLY_DIE_HEALTH=Hot, POWER_SUPPLY_INPUT_SUSPEND=0}
04-20 20:18:03.281  1741  1767 I WindowManager:   SURFACE show Surface(name=InputMethod)/@0xab04af4 on display:0: InputMethod
--------- beginning of main
04-20 20:18:06.087   803  1646 W qti_sensors_hal: reportSingleEvent: NearBy 1, pData 2231,  highThd 5000
04-20 20:18:06.306   803  1032 W qti_sensors_hal: processReportInd: lux: 13, ch0: 28, ch1: 16
04-20 20:18:06.558   803  1032 W qti_sensors_hal: processReportInd: lux: 8, ch0: 19, ch1: 16
04-20 20:18:06.708   803  1646 W qti_sensors_hal: reportSingleEvent: NearBy 0, pData 3375,  highThd 65535
04-20 20:18:06.829   803  1646 W qti_sensors_hal: reportSingleEvent: NearBy 1, pData 5204,  highThd 5000
04-20 20:18:07.147  2309  2309 D StatusBar: disable<e i a s b h r c s > disable2<q i n >
04-20 20:18:07.156  1741  9573 I WindowManager:   SURFACE SIZE set 720x1520 on display:0: StatusBar
04-20 20:18:07.160   803  1032 W qti_sensors_hal: processReportInd: lux: 3, ch0: 15, ch1: 15
04-20 20:18:07.174  2309  2309 W View    : requestLayout() improperly called by com.android.systemui.statusbar.HeadsUpStatusBarView{7a4e36e I.E...... ......ID 0,0-248,56 #7f0a01f7 app:id/heads_up_status_bar_view} during layout: running second layout pass
04-20 20:18:07.204  2309  2309 D StatusBar: disable<e i a s b h r c s > disable2<q i n >
04-20 20:18:07.211  1741  4636 V WindowManager: Changing focus from Window{14c19ca u0 com.google.location.nearby.apps.connectedcrossroad/nx.aodv.eval.MainActivity} to Window{2decc30 u0 StatusBar} displayId=0
04-20 20:18:07.207  2309  2309 D StatusBar: disable<e i a s b h r c s > disable2<q i n >
04-20 20:18:07.409   722   722 D Zygote  : Forked child process 30270
04-20 20:18:07.410  1741  1774 I ActivityManager: Start proc 30270:com.motorola.help/u0a65 for service {com.motorola.help/com.motorola.feedback.quicksettings.FeedBackTileService}
04-20 20:18:07.427 30270 30270 E m.motorola.hel: Not starting debugger since process cannot load the jdwp agent.
04-20 20:18:07.454 30270 30270 D ApplicationLoaders: Returning zygote-cached class loader: /system/framework/android.hidl.base-V1.0-java.jar
04-20 20:18:07.454 30270 30270 D ApplicationLoaders: Returning zygote-cached class loader: /system/framework/android.hidl.manager-V1.0-java.jar
04-20 20:18:07.454 30270 30270 D ApplicationLoaders: Returning zygote-cached class loader: /system/framework/android.hidl.base-V1.0-java.jar
04-20 20:18:07.456 30270 30270 I m.motorola.hel: The ClassLoaderContext is a special shared library.
04-20 20:18:07.521  2443  3309 D QCNEJ/WlanStaInfoRelay: Received action: android.net.wifi.RSSI_CHANGED
04-20 20:18:07.522  2443  3309 I QCNEJ/NativeHalConnector: -> SND notifyWlanStaStatusChanged([WlanStaInfo]: wifiSwitchState = 1 rssi = -56 ssid = Jasmine bssid = b0:39:56:5a:37:40 dnsInfo = 192.168.1.1;0.0.0.0;0.0.0.0;0.0.0.0; freqBand = _2GHz countryCode = us[RatInfo]: networkType = 1 subType = 101 networkState = CONNECTED netHdl = 432902426637 ipAddrV4 = 192.168.1.68 ipAddrV6 =  ifNameV4 = wlan0 ifNameV6 =  slotIdx = 0 isAndroidValidated = true) timeStamp = 2021-04-20 20:18:07.521
04-20 20:18:07.529  2492  2932 E PhoneInterfaceManager: [PhoneIntfMgr] getCarrierPrivilegeStatus: No UICC
04-20 20:18:07.530  2758  3750 I CarrierServices: [97] car.a: FiST: Wifi connectivity status true
04-20 20:18:07.531  2758  4228 I CarrierServices: [125] chy.a: (PEv2-SM): DisabledState: event Connectivity event
04-20 20:18:07.531  2758  4230 I CarrierServices: [127] awv.handleMessage: RCS is disabled, skipping config update request
04-20 20:18:07.531  2758  3750 I CarrierServices: [97] cay.d: Connected state: [1], networkType: [WIFI]
04-20 20:18:07.533  2492  2932 E PhoneInterfaceManager: [PhoneIntfMgr] getCarrierPrivilegeStatus: No UICC
04-20 20:18:07.542 30270 30292 W DynamiteModule: Local module descriptor class for com.google.firebase.auth not found.
04-20 20:18:07.546 30270 30270 D FirebaseApp: com.google.firebase.iid.FirebaseInstanceId is not linked. Skipping initialization.
04-20 20:18:07.546 30270 30270 D FirebaseApp: com.google.firebase.crash.FirebaseCrash is not linked. Skipping initialization.
04-20 20:18:07.547 30270 30270 D FirebaseApp: com.google.android.gms.measurement.AppMeasurement is not linked. Skipping initialization.
04-20 20:18:07.547 30270 30270 I FirebaseInitProvider: FirebaseApp initialization successful
04-20 20:18:07.552 30270 30294 W DynamiteModule: Local module descriptor class for com.google.firebase.auth not found.
04-20 20:18:07.559 30270 30294 I FirebaseAuth: [FirebaseAuth:] Loading module via FirebaseOptions.
04-20 20:18:07.559 30270 30294 I FirebaseAuth: [FirebaseAuth:] Preparing to create service connection to gms implementation
04-20 20:18:07.588 30270 30270 E BlurMotherFrameworkDeps: failed to register tag for checkin logging
04-20 20:18:07.598 30270 30270 I CCEUtils: device type: MOTO
04-20 20:18:07.761 30270 30270 E BlurMotherFrameworkDeps: failed to register tag for checkin logging
04-20 20:18:07.764 30270 30270 E BSUtils : Error with auto-generating build_number in blur version string.So setting build_number to zero
04-20 20:18:08.088   803  1652 D NativeSensors: CapSensor:  mPendingEvent.distance=0.000000
04-20 20:18:08.489   803  1032 W qti_sensors_hal: processReportInd: lux: 8, ch0: 18, ch1: 15
04-20 20:18:08.562   803  1646 W qti_sensors_hal: reportSingleEvent: NearBy 0, pData 3839,  highThd 65535
04-20 20:18:08.857   803  1652 D NativeSensors: CapSensor:  mPendingEvent.distance=2.000000
04-20 20:18:08.907   803  1032 W qti_sensors_hal: processReportInd: lux: 33, ch0: 71, ch1: 15
04-20 20:18:09.109   803  1032 W qti_sensors_hal: processReportInd: lux: 22, ch0: 56, ch1: 15
04-20 20:18:09.313   803  1032 W qti_sensors_hal: processReportInd: lux: 51, ch0: 110, ch1: 16
04-20 20:18:09.756  1741  2123 I chatty  : uid=1000(system) InputReader expire 1 line
04-20 20:18:09.802  2309  2396 I vol.Events: writeEvent active_stream_changed STREAM_MUSIC
04-20 20:18:09.805  2309  2396 I vol.Events: writeEvent key STREAM_MUSIC 5
04-20 20:18:09.886  2309  2309 I vol.Events: writeEvent show_dialog volume_changed keyguard=false
04-20 20:18:09.937  1741  1767 I WindowManager:   SURFACE show Surface(name=VolumeDialogImpl)/@0xda88bc2 on display:0: VolumeDialogImpl
04-20 20:18:09.945  1741  3580 I WindowManager:   SURFACE SIZE set 161x595 on display:0: VolumeDialogImpl
04-20 20:18:10.145   803  1032 W qti_sensors_hal: processReportInd: lux: 39, ch0: 84, ch1: 14
04-20 20:18:10.189  1741  9573 I ActivityManager: Force stopping com.google.location.nearby.apps.connectedcrossroad appid=10216 user=0: from pid 30324
04-20 20:18:10.190  1741  9573 I ActivityManager: Killing 29818:com.google.location.nearby.apps.connectedcrossroad/u0a216 (adj 0): stop com.google.location.nearby.apps.connectedcrossroad
04-20 20:18:10.191  1741  9573 D ActivityManager: makeInactive, ProcessRecord{9292e72 29818:com.google.location.nearby.apps.connectedcrossroad/u0a216}, clear holder.state
04-20 20:18:10.194  1741  9573 W ActivityTaskManager: Force removing ActivityRecord{428d34f u0 com.google.location.nearby.apps.connectedcrossroad/nx.aodv.eval.MainActivity t12 f}: app died, no saved state
04-20 20:18:10.205  1741  9573 I WindowManager: Window drawn AppWindowToken{db647e5 token=Token{3de3adc ActivityRecord{428d34f u0 com.google.location.nearby.apps.connectedcrossroad/nx.aodv.eval.MainActivity t12}}}
04-20 20:18:10.209  1741  9573 I ActivityTaskManager: moveHomeStack, setupComplete:true
04-20 20:18:10.216  7312  7569 D MCLOG   : [MC_TriggerHelper] PauseResumeTrigger
04-20 20:18:10.253  1741  1775 I libprocessgroup: Successfully killed process cgroup uid 10216 pid 29818 in 61ms
04-20 20:18:10.253   722   722 I Zygote  : Process 29818 exited due to signal 9 (Killed)
04-20 20:18:10.264  2492  2492 E PhoneInterfaceManager: [PhoneIntfMgr] getCarrierPackageNamesForIntent: No UICC
04-20 20:18:10.265  2492  2492 D CarrierSvcBindHelper: No carrier app for: 0
04-20 20:18:10.276  1741  1766 W ActivityManager: setHasOverlayUi called on unknown pid: 29818
04-20 20:18:10.281  7312  7312 D MCLOG   : [MC_Service] onStartcommand()
04-20 20:18:10.300 22048 22067 D AssistReceiver: call: lightWakeup | null | null
04-20 20:18:10.304 17448 29608 I chatty  : uid=10158 com.google.android.gms.persistent expire 10 lines
04-20 20:18:10.310  1741  1767 I WindowManager:   SURFACE show Surface(name=com.android.systemui.ImageWallpaper)/@0x1b70dbd on display:0: com.android.systemui.ImageWallpaper
04-20 20:18:10.314  1741  1767 I WindowManager: Window drawn AppWindowToken{b2426a2 token=Token{8439a6d ActivityRecord{caaa284 u0 com.motorola.launcher3/com.android.launcher3.CustomizationPanelLauncher t4}}}
04-20 20:18:10.315 17448 29508 I chatty  : uid=10158 com.google.android.gms.persistent expire 51 lines
04-20 20:18:10.318  1741  1767 I WindowManager:   SURFACE show Surface(name=com.motorola.launcher3/com.android.launcher3.CustomizationPanelLauncher)/@0x894b63b on display:0: com.motorola.launcher3/com.android.launcher3.CustomizationPanelLauncher
04-20 20:18:10.390  1741  1767 I WindowManager:   SURFACE show Surface(name=com.motorola.launcher3/com.android.launcher3.CustomizationPanelLauncher)/@0xfa13f6e on display:0: com.motorola.launcher3/com.android.launcher3.CustomizationPanelLauncher
04-20 20:18:10.397 17470 17470 W ThreadPoolDumper: Queue length for executor EventBus is now 11. Perhaps some tasks are too long, or the pool is too small.
04-20 20:18:10.447 17470 17527 I MicroDataManager: isInitializing-false locale not changed-true model not changed-true
04-20 20:18:10.517   803  1032 W qti_sensors_hal: processReportInd: lux: 30, ch0: 65, ch1: 17
04-20 20:18:10.535 17470 17540 W LocationOracle: No location history returned by ContextManager
04-20 20:18:10.544 17470 17527 I MicroDetectionState: Should stop hotword detection immediately - false
04-20 20:18:10.551 17470 17527 I MicroDetectionState: Should stop hotword detection immediately - false
04-20 20:18:10.554 17470 17527 I MicroDetectionState: Should stop hotword detection immediately - false
04-20 20:18:10.566 17470 17527 I MicroDetectionWorker: #startMicroDetector [speakerMode: 0]
04-20 20:18:10.566  2443  3309 D QCNEJ/WlanStaInfoRelay: Received action: android.net.wifi.RSSI_CHANGED
04-20 20:18:10.567  2443  3309 I QCNEJ/NativeHalConnector: -> SND notifyWlanStaStatusChanged([WlanStaInfo]: wifiSwitchState = 1 rssi = -53 ssid = Jasmine bssid = b0:39:56:5a:37:40 dnsInfo = 192.168.1.1;0.0.0.0;0.0.0.0;0.0.0.0; freqBand = _2GHz countryCode = us[RatInfo]: networkType = 1 subType = 101 networkState = CONNECTED netHdl = 432902426637 ipAddrV4 = 192.168.1.68 ipAddrV6 =  ifNameV4 = wlan0 ifNameV6 =  slotIdx = 0 isAndroidValidated = true) timeStamp = 2021-04-20 20:18:10.567
04-20 20:18:10.568  2492  2537 E PhoneInterfaceManager: [PhoneIntfMgr] getCarrierPrivilegeStatus: No UICC
04-20 20:18:10.569  2758  3750 I CarrierServices: [97] car.a: FiST: Wifi connectivity status true
04-20 20:18:10.571  2758  4230 I CarrierServices: [127] awv.handleMessage: RCS is disabled, skipping config update request
04-20 20:18:10.572  2758  4228 I CarrierServices: [125] chy.a: (PEv2-SM): DisabledState: event Connectivity event
04-20 20:18:10.572  2758  3750 I CarrierServices: [97] cay.d: Connected state: [1], networkType: [WIFI]
04-20 20:18:10.576  2492  2537 E PhoneInterfaceManager: [PhoneIntfMgr] getCarrierPrivilegeStatus: No UICC
04-20 20:18:10.579 17470 17527 I AudioController: Created new AudioSource
04-20 20:18:10.582 17470 17550 I MicroDataManager: isInitializing-false locale not changed-true model not changed-true
04-20 20:18:10.582 17470 17550 I MicroDataManager: Already initialized, obtaining the hotword data immediately.
04-20 20:18:10.598 17470 30337 I MicroRecognitionRunner: Starting detection.
04-20 20:18:10.602 17470 30337 I InputStreamUtils: Using micInputStream
04-20 20:18:10.603 17470 28116 I MicrophoneInputStream: mic_starting  SR : 16000 CC : 16 SO : 1999
04-20 20:18:10.611   806   882 V msm8974_platform: platform_check_input_mask: enter check_input_mask source 6 mask 10
04-20 20:18:10.611   806   882 V msm8974_platform: platform_check_input_mask: enter check_input_mask source 6 mask 10
04-20 20:18:10.612   865 30343 I AudioFlinger: AudioFlinger's thread 0xa5f4a8c0 tid=30343 ready to run
04-20 20:18:10.618   865   865 D APM_AudioPolicyManager: startInput input:94, session:193, source 1999)
04-20 20:18:10.619   806   882 D audio_hw_primary: in_set_parameters: enter: kvpairs=bottom=;input_source=6;routing=-2147483644
04-20 20:18:10.622  1741  3580 I AudioService.RecordingActivityMonitor: rec update riid:183 uid:10123 session:193 src:HOTWORD pack:com.google.android.googlequicksearchbox
04-20 20:18:10.623 17470 28116 I MicrophoneInputStream: mic_started  SR : 16000 CC : 16 SO : 1999
04-20 20:18:10.624   806 30344 V msm8974_platform: platform_update_usecase_from_source: input source :6
04-20 20:18:10.624   806 30344 V msm8974_platform: platform_check_input_mask: enter check_input_mask source 6 mask 10
04-20 20:18:10.624   806 30344 V msm8974_platform: platform_get_input_snd_device: enter: out_device(0) in_device(0x4) channel_count (1) channel_mask (0x10)
04-20 20:18:10.624   806 30344 V msm8974_platform: platform_get_input_snd_device: exit: in_snd_device(voice-rec-mic)
04-20 20:18:10.624   806 30344 V msm8974_platform: platform_get_backend_index:napb: backend port - 6 device - 136 
04-20 20:18:10.624   806 30344 V msm8974_platform: platform_check_and_set_capture_backend_cfg:txbecf: afe: bitwidth 0, samplerate 0, channel 1, backend_idx 6 usecase = 10 device (voice-rec-mic)
04-20 20:18:10.624   806 30344 V msm8974_platform: platform_check_capture_backend_cfg:txbecf: afe: Codec selected backend: 6 current bit width: 0 and sample rate: 0, channels 1
04-20 20:18:10.624   806 30344 V msm8974_platform: platform_check_capture_backend_cfg:txbecf: afe: Codec selected backend: 6 updated bit width: 0 and sample rate: 0
04-20 20:18:10.624   806 30344 I msm8974_platform: platform_check_capture_backend_cfg:txbecf: afe: Codec backend needs to be updated. new bit width: 0 new sample rate: 0 new channel: 1
04-20 20:18:10.624   806 30344 V msm8974_platform: platform_get_backend_index:napb: backend port - 6 device - 136 
04-20 20:18:10.624   806 30344 V msm8974_platform: platform_set_backend_cfg:becf: afe: bitwidth 0, samplerate 0 channels 1, backend_idx 6 device (voice-rec-mic)
04-20 20:18:10.624   806 30344 E msm8974_platform: platform_set_backend_cfg:becf: afe: Could not get ctl for mixer command - SLIM_0_TX Format
04-20 20:18:10.624   806 30344 V msm8974_platform: platform_send_audio_calibration: sending audio calibration for snd_device(136) acdb_id(62)
04-20 20:18:10.624   806 30344 D ACDB-LOADER: ACDB -> send_audio_cal, acdb_id = 62, path = 1, app id = 0x11130, sample rate = 48000, afe_sample_rate = 48000
04-20 20:18:10.624   806 30344 D ACDB-LOADER: ACDB -> send_asm_topology
04-20 20:18:10.624   806 30344 D ACDB-LOADER: ACDB -> ACDB_CMD_GET_AUDPROC_STREAM_TOPOLOGY_ID
04-20 20:18:10.624   806 30344 D ACDB-LOADER: ACDB -> send_adm_topology
04-20 20:18:10.624   806 30344 D ACDB-LOADER: ACDB -> ACDB_CMD_GET_AUDPROC_COMMON_TOPOLOGY_ID
04-20 20:18:10.624   806 30344 D ACDB-LOADER: ACDB -> send_audtable
04-20 20:18:10.624   806 30344 D ACDB-LOADER: ACDB -> ACDB_CMD_GET_AUDPROC_COMMON_TABLE_SIZE
04-20 20:18:10.624   806 30344 D ACDB-LOADER: ACDB -> ACDB_CMD_GET_AUDPROC_COMMON_TABLE
04-20 20:18:10.624   806 30344 D ACDB-LOADER: ACDB -> AUDIO_SET_AUDPROC_CAL cal_type[11] acdb_id[62] app_type[69936]
04-20 20:18:10.624   806 30344 D ACDB-LOADER: ACDB -> ACDB_CMD_GET_AUDPROC_STREAM_TABLE_SIZE
04-20 20:18:10.624   806 30344 D ACDB-LOADER: ACDB -> send_audstrmtable
04-20 20:18:10.624   806 30344 D ACDB-LOADER: ACDB -> ACDB_CMD_GET_AUDPROC_STREAM_TABLE_V2
04-20 20:18:10.624   806 30344 D ACDB-LOADER: ACDB -> audstrm_cal->cal_type.cal_data.cal_size = 16
04-20 20:18:10.624   806 30344 D ACDB-LOADER: ACDB -> send_afe_topology
04-20 20:18:10.625   806 30344 D ACDB-LOADER: ACDB -> ACDB_CMD_GET_AFE_TOPOLOGY_ID
04-20 20:18:10.625   806 30344 D ACDB-LOADER: ACDB -> GET_AFE_TOPOLOGY_ID for adcd_id 62, Topology Id 112fb
04-20 20:18:10.625   806 30344 D ACDB-LOADER: ACDB -> send_afe_cal
04-20 20:18:10.625   806 30344 D ACDB-LOADER: ACDB -> ACDB_CMD_GET_AFE_COMMON_TABLE_SIZE
04-20 20:18:10.625   806 30344 D         : Failed to fetch the lookup information of the device 0000003E 
04-20 20:18:10.625   806 30344 D ACDB-LOADER: Error: ACDB_CMD_GET_AFE_COMMON_TABLE_SIZE Returned = -19
04-20 20:18:10.625   806 30344 D ACDB-LOADER: ACDB -> ACDB_CMD_GET_AFE_COMMON_TABLE
04-20 20:18:10.625   806 30344 D         : Failed to fetch the lookup information of the device 0000003E 
04-20 20:18:10.625   806 30344 D ACDB-LOADER: Error: ACDB AFE returned = -19
04-20 20:18:10.625   806 30344 D ACDB-LOADER: ACDB -> AUDIO_SET_AFE_CAL cal_type[17] acdb_id[62]
04-20 20:18:10.625   806 30344 D ACDB-LOADER: ACDB -> send_hw_delay : acdb_id = 62 path = 1
04-20 20:18:10.625   806 30344 D ACDB-LOADER: ACDB -> ACDB_AVSYNC_INFO: ACDB_CMD_GET_DEVICE_PROPERTY
04-20 20:18:10.625   806 30344 D audio_hw_primary: enable_snd_device: snd_device(136: voice-rec-mic)
04-20 20:18:10.625   806 30344 D audio_route: Apply path: voice-rec-mic
04-20 20:18:10.627   806 30344 V msm8974_platform: platform_get_snd_device_backend_index: enter with device 136
04-20 20:18:10.627   806 30344 V msm8974_platform: platform_get_backend_index:napb: backend port - 6 device - 136 
04-20 20:18:10.627   806 30344 I audio_hw_utils: Set Audio Stream Capture 0 App Type Cfg: app_type 69936, acdb_dev_id 62, sample_rate 48000, snd_device_be_idx 3
04-20 20:18:10.628   806 30344 D audio_hw_primary: enable_audio_route: usecase(10) apply and update mixer path: audio-record
04-20 20:18:10.628   806 30344 D audio_route: Apply path: audio-record
04-20 20:18:10.687 17470 30337 W SpeechLevelGenerator: Really low audio levels detected. The audio input may have issues.
04-20 20:18:10.688 17470 17527 I MicroDetectionWorker: onReady
04-20 20:18:10.840  1741  1764 D WindowManager: powerPress: eventTime=3937717 interactive=true count=1 beganFromNonInteractive=false mShortPressOnPowerBehavior=1
04-20 20:18:10.840  1741  1764 I PowerManagerService: Going to sleep due to power_button (uid 1000)...
04-20 20:18:10.840  1741  1741 W UsageStatsService: Event reported without a package name, eventType:16
04-20 20:18:10.843  1741  1741 I WindowManager: Started going to sleep... (why=OFF_BECAUSE_OF_USER)
04-20 20:18:10.851   865  2257 D AF::TrackHandle: OpPlayAudio: track:70 usage:13 not muted
04-20 20:18:10.854  2309  2389 I AudioTrack: createTrack_l(0): AUDIO_OUTPUT_FLAG_FAST successful; frameCount 0 -> 10872
04-20 20:18:10.854   865  2257 D APM_AudioPolicyManager: startOutput() output 13, stream 1, session 201
04-20 20:18:10.856   806 13645 V msm8974_platform: platform_get_output_snd_device: enter: output devices(0x2)
04-20 20:18:10.856   806 13645 V msm8974_platform: platform_get_output_snd_device: exit: snd_device(speaker)
04-20 20:18:10.856   806 13645 V msm8974_platform: platform_get_backend_index:napb: backend port - 0 device - 2 
04-20 20:18:10.856   806 13645 V msm8974_platform: platform_check_and_set_playback_backend_cfg: usecase->stream.out->config.format (0)
04-20 20:18:10.856   806 13645 V msm8974_platform: platform_check_and_set_playback_backend_cfg:becf: afe: bitwidth 16, samplerate 48000 channels 2, backend_idx 0 usecase = 1 device (speaker)
04-20 20:18:10.856   806 13645 V msm8974_platform: platform_check_and_set_playback_backend_cfg: new_snd_devices[0] is 2
04-20 20:18:10.856   806 13645 V msm8974_platform: platform_get_backend_index:napb: backend port - 0 device - 2 
04-20 20:18:10.856   806 13645 V msm8974_platform: platform_check_playback_backend_cfg:becf: afe: bitwidth 16, samplerate 48000 channels 2, backend_idx 0 usecase = 1 device (speaker)
04-20 20:18:10.856   806 13645 V msm8974_platform: platform_check_playback_backend_cfg:becf: afe: Codec selected backend: 0 updated bit width: 16 andsample rate: 48000
04-20 20:18:10.856   806 13645 V msm8974_platform: platform_send_audio_calibration: sending audio calibration for snd_device(2) acdb_id(14)
04-20 20:18:10.856   806 13645 D ACDB-LOADER: ACDB -> send_audio_cal, acdb_id = 14, path = 0, app id = 0x11130, sample rate = 48000, afe_sample_rate = 48000
04-20 20:18:10.856   806 13645 D ACDB-LOADER: ACDB -> send_asm_topology
04-20 20:18:10.856   806 13645 D ACDB-LOADER: ACDB -> ACDB_CMD_GET_AUDPROC_STREAM_TOPOLOGY_ID
04-20 20:18:10.856   806 13645 D ACDB-LOADER: ACDB -> send_adm_topology
04-20 20:18:10.856   806 13645 D ACDB-LOADER: ACDB -> ACDB_CMD_GET_AUDPROC_COMMON_TOPOLOGY_ID
04-20 20:18:10.856   806 13645 D ACDB-LOADER: ACDB -> send_audtable
04-20 20:18:10.856   806 13645 D ACDB-LOADER: ACDB -> ACDB_CMD_GET_AUDPROC_COMMON_TABLE_SIZE
04-20 20:18:10.856   806 13645 D ACDB-LOADER: ACDB -> ACDB_CMD_GET_AUDPROC_COMMON_TABLE
04-20 20:18:10.856   806 13645 D ACDB-LOADER: ACDB -> AUDIO_SET_AUDPROC_CAL cal_type[11] acdb_id[14] app_type[69936]
04-20 20:18:10.856   806 13645 D ACDB-LOADER: ACDB -> send_audvoltable
04-20 20:18:10.856   806 13645 D ACDB-LOADER: ACDB -> ACDB_CMD_GET_AUDPROC_GAIN_DEP_STEP_TABLE_SIZE
04-20 20:18:10.856   806 13645 D ACDB-LOADER: ACDB -> ACDB_CMD_GET_AUDPROC_GAIN_DEP_STEP_TABLE, vol index 0
04-20 20:18:10.856   806 13645 D ACDB-LOADER: ACDB -> AUDIO_SET_VOL_CAL cal type = 12
04-20 20:18:10.856   806 13645 D ACDB-LOADER: ACDB -> ACDB_CMD_GET_AUDPROC_STREAM_TABLE_SIZE
04-20 20:18:10.856   806 13645 D ACDB-LOADER: ACDB -> send_audstrmtable
04-20 20:18:10.856  2309  2309 I vol.Events: writeEvent dismiss_dialog volume_controller
04-20 20:18:10.856   806 13645 D ACDB-LOADER: ACDB -> ACDB_CMD_GET_AUDPROC_STREAM_TABLE_V2
04-20 20:18:10.856   806 13645 D ACDB-LOADER: ACDB -> audstrm_cal->cal_type.cal_data.cal_size = 16
04-20 20:18:10.856   806 13645 D ACDB-LOADER: ACDB -> send_afe_topology
04-20 20:18:10.856   806 13645 D ACDB-LOADER: ACDB -> ACDB_CMD_GET_AFE_TOPOLOGY_ID
04-20 20:18:10.856   806 13645 D ACDB-LOADER: ACDB -> GET_AFE_TOPOLOGY_ID for adcd_id 14, Topology Id 1000ff01
04-20 20:18:10.856   806 13645 D ACDB-LOADER: ACDB -> send_afe_cal
04-20 20:18:10.856   806 13645 D ACDB-LOADER: ACDB -> ACDB_CMD_GET_AFE_COMMON_TABLE_SIZE
04-20 20:18:10.856   806 13645 D ACDB-LOADER: ACDB -> ACDB_CMD_GET_AFE_COMMON_TABLE
04-20 20:18:10.856   806 13645 D ACDB-LOADER: ACDB -> AUDIO_SET_AFE_CAL cal_type[16] acdb_id[14]
04-20 20:18:10.856   806 13645 D ACDB-LOADER: ACDB -> send_hw_delay : acdb_id = 14 path = 0
04-20 20:18:10.856   806 13645 D ACDB-LOADER: ACDB -> ACDB_AVSYNC_INFO: ACDB_CMD_GET_DEVICE_PROPERTY
04-20 20:18:10.856   806 13645 V msm8974_platform: platform_send_audio_calibration: sending audio calibration for snd_device(158) acdb_id(102)
04-20 20:18:10.856   806 13645 D ACDB-LOADER: ACDB -> send_audio_cal, acdb_id = 102, path = 1, app id = 0x11130, sample rate = 48000, afe_sample_rate = 48000
04-20 20:18:10.856   806 13645 D ACDB-LOADER: ACDB -> send_asm_topology
04-20 20:18:10.856   806 13645 D ACDB-LOADER: ACDB -> ACDB_CMD_GET_AUDPROC_STREAM_TOPOLOGY_ID
04-20 20:18:10.856   806 13645 D ACDB-LOADER: ACDB -> send_adm_topology
04-20 20:18:10.856   806 13645 D ACDB-LOADER: ACDB -> ACDB_CMD_GET_AUDPROC_COMMON_TOPOLOGY_ID
04-20 20:18:10.857   806 13645 D ACDB-LOADER: ACDB -> send_audtable
04-20 20:18:10.857   806 13645 D ACDB-LOADER: ACDB -> ACDB_CMD_GET_AUDPROC_COMMON_TABLE_SIZE
04-20 20:18:10.857   806 13645 D ACDB-LOADER: ACDB -> ACDB_CMD_GET_AUDPROC_COMMON_TABLE
04-20 20:18:10.857   806 13645 D ACDB-LOADER: ACDB -> AUDIO_SET_AUDPROC_CAL cal_type[11] acdb_id[102] app_type[69936]
04-20 20:18:10.857   806 13645 D ACDB-LOADER: ACDB -> ACDB_CMD_GET_AUDPROC_STREAM_TABLE_SIZE
04-20 20:18:10.857   806 13645 D ACDB-LOADER: ACDB -> send_audstrmtable
04-20 20:18:10.857   806 13645 D ACDB-LOADER: ACDB -> ACDB_CMD_GET_AUDPROC_STREAM_TABLE_V2
04-20 20:18:10.857   806 13645 D ACDB-LOADER: ACDB -> audstrm_cal->cal_type.cal_data.cal_size = 16
04-20 20:18:10.857   806 13645 D ACDB-LOADER: ACDB -> send_afe_topology
04-20 20:18:10.857   806 13645 D ACDB-LOADER: ACDB -> ACDB_CMD_GET_AFE_TOPOLOGY_ID
04-20 20:18:10.857   806 13645 D ACDB-LOADER: ACDB -> GET_AFE_TOPOLOGY_ID for adcd_id 102, Topology Id 1000ff00
04-20 20:18:10.857   806 13645 D ACDB-LOADER: ACDB -> send_afe_cal
04-20 20:18:10.857   806 13645 D ACDB-LOADER: ACDB -> ACDB_CMD_GET_AFE_COMMON_TABLE_SIZE
04-20 20:18:10.857   806 13645 D ACDB-LOADER: ACDB -> ACDB_CMD_GET_AFE_COMMON_TABLE
04-20 20:18:10.857   806 13645 D ACDB-LOADER: ACDB -> AUDIO_SET_AFE_CAL cal_type[17] acdb_id[102]
04-20 20:18:10.857   806 13645 D ACDB-LOADER: ACDB -> send_hw_delay : acdb_id = 102 path = 1
04-20 20:18:10.857   806 13645 D ACDB-LOADER: ACDB -> ACDB_AVSYNC_INFO: ACDB_CMD_GET_DEVICE_PROPERTY
04-20 20:18:10.857   806 13645 D audio_hw_primary: enable_snd_device: snd_device(158: vi-feedback)
04-20 20:18:10.857   806 13645 D audio_route: Apply path: vi-feedback
04-20 20:18:10.857   806 13645 D audio_hw_primary: enable_audio_route: usecase(26) apply and update mixer path: spkr-vi-record
04-20 20:18:10.857   806 13645 D audio_route: Apply path: spkr-vi-record
04-20 20:18:10.860  2309  2396 I vol.Events: writeEvent active_stream_changed UNKNOWN_STREAM_-1
04-20 20:18:10.871   806 13645 D audio_hw_primary: enable_snd_device: snd_device(2: speaker)
04-20 20:18:10.872   806 13645 D audio_route: Apply path: speaker
04-20 20:18:10.872   806 13645 V msm8974_platform: platform_get_snd_device_backend_index: enter with device 2
04-20 20:18:10.873   806 13645 V msm8974_platform: platform_get_backend_index:napb: backend port - 0 device - 2 
04-20 20:18:10.873   806 13645 I audio_hw_utils: Set Audio Stream 12 App Type Cfg: app_type 69936, acdb_dev_id 14, sample_rate 48000, snd_device_be_idx 2
04-20 20:18:10.873   806 13645 D audio_hw_primary: enable_audio_route: usecase(1) apply and update mixer path: low-latency-playback speaker
04-20 20:18:10.873   806 13645 D audio_route: Apply path: low-latency-playback speaker
04-20 20:18:10.874   806  1559 D MotSpeakerHelper: Speaker ON: volume 0.500000 (step 12), usecase SAFE
04-20 20:18:10.906   806 13645 D audio_hw_primary: out_write: retry previous failed cal level set
04-20 20:18:11.114   803  1652 D NativeSensors: CapSensor:  mPendingEvent.distance=0.000000
04-20 20:18:11.135   803  1032 W qti_sensors_hal: processReportInd: lux: 40, ch0: 87, ch1: 16
04-20 20:18:11.135 19664 19664 W adbd    : timeout expired while flushing socket, closing
04-20 20:18:11.132     0     0 W swapper/1: type=1400 audit(0.0:634): avc: denied { kill } for uid=0 capability=5 scontext=u:r:kernel:s0 tcontext=u:r:kernel:s0 tclass=capability permissive=0
04-20 20:18:11.170   865  1219 D APM_AudioPolicyManager: stopOutput() output 13, stream 1, session 201
04-20 20:18:11.259   803  1652 D NativeSensors: CapSensor:  mPendingEvent.distance=0.000000
04-20 20:18:11.305  1741  1781 I DisplayPowerController: Blocking screen off
04-20 20:18:11.305  1741  1781 I DisplayPowerController: Unblocked screen off after 0 ms
04-20 20:18:11.314  1741  1781 I WindowManager: Screen turned off...
04-20 20:18:11.316  2492  2492 D QtiCarrierConfigHelper: WARNING, no carrier configs on phone Id: 0
04-20 20:18:11.328  1741 30348 D ActivityTaskManager: Top Process State changed to PROCESS_STATE_TOP_SLEEPING
04-20 20:18:11.330  1741  1781 V DisplayPowerController: Brightness [0] reason changing to: 'screen_off', previous reason: 'automatic'.
04-20 20:18:11.330  7312  7569 D MCLOG   : [MC_TriggerHelper] PauseResumeTrigger
04-20 20:18:11.335   872   872 D SurfaceFlinger: Setting power mode 0 on display 0
04-20 20:18:11.335   816   905 I SDM     : DisplayBase::SetDisplayState: Set state = 0, display 0
04-20 20:18:11.336   803  1032 W qti_sensors_hal: processReportInd: lux: 54, ch0: 117, ch1: 16
04-20 20:18:11.445  2309  2309 D StatusBar: disable<e i a s b h r c s > disable2<q i n >
04-20 20:18:11.501   803  1652 D NativeSensors: CapSensor:  mPendingEvent.distance=2.000000
04-20 20:18:11.646   803  1652 D NativeSensors: CapSensor:  mPendingEvent.distance=2.000000
04-20 20:18:11.725   872   872 D SurfaceFlinger: Finished setting power mode 0 on display 0
04-20 20:18:11.726  1741  2285 D SurfaceControl: Excessive delay in setPowerMode()
04-20 20:18:11.731   820   820 I QTI PowerHAL: Got set_interactive hint
04-20 20:18:11.732   820   820 I QTI PowerHAL: Got set_interactive hint on= 0, count= 12
04-20 20:18:11.732   820   820 E QTI PowerHAL: Error opening /sys/kernel/hbtp/display_pwr: No such file or directory
04-20 20:18:11.746  7312  7312 D MCLOG   : [MC_Service] onStartcommand()
04-20 20:18:11.759  1741  1766 I DisplayManagerService: Display device changed state: "Built-in Screen", OFF
04-20 20:18:11.760 17470 17527 I MicroDetectionState: Should stop hotword detection immediately - false
04-20 20:18:11.761 17470 17527 I MicroDetector: Keeping mic open: false
04-20 20:18:11.761 17470 17527 I RecognitionAudioControl: #shutdownAudio [requestId: -5644171684190382338, keepAudioOpen: false, forced: true]
04-20 20:18:11.762 17470 30341 E DeviceStateChecker: DeviceStateChecker cancelled
04-20 20:18:11.770  1741  1781 I DreamManagerService: Entering dreamland.
04-20 20:18:11.770  1741  1781 I PowerManagerService: Dozing...
04-20 20:18:11.771 17470 17527 I RecognitionAudioControl: #internalShutdownAudio [requestId: -5644171684190382338]
04-20 20:18:11.771 17470 17527 I RecognitionAudioControl: #internalShutdownAudio [keepAudioOpen: false, forced: true]
04-20 20:18:11.771 17470 17527 I RecognitionAudioControl: #actualShutdownAudio
04-20 20:18:11.771 17470 17527 I AudioController: #shutdown [requestId=-5644171684190382338]
04-20 20:18:11.772 17470 17596 I AudioController: internalShutdown
04-20 20:18:11.772 17470 17551 I MicroRecognitionRunner: Stopping hotword detection.
04-20 20:18:11.781  1741  1763 I DreamController: Starting dream: name=ComponentInfo{com.android.systemui/com.android.systemui.doze.DozeService}, isTest=false, canDoze=true, userId=0
04-20 20:18:11.789  2622  2690 I QcrilOemhookMsgTunnel: [0]processOemHookResponse serial no: -1 error: 0length=1
04-20 20:18:11.790  2622  2690 E QcrilOemhookMsgTunnel: [0]Unexpected serial number in solicited response!serial: -1 error: 0
04-20 20:18:11.803 17470 30338 I PBSessionCacheImpl: Deleted sessionId[76835491509704306] from persistence.
04-20 20:18:11.815  2291  2574 I chatty  : uid=1002(bluetooth) BluetoothScanMa expire 16 lines
04-20 20:18:11.834   806   882 D audio_hw_primary: disable_audio_route: usecase(10) reset and update mixer path: audio-record
04-20 20:18:11.834 17470 17527 W SearchServiceCore: Abort, client detached.
04-20 20:18:11.836   806   882 D audio_hw_primary: disable_snd_device: snd_device(136: voice-rec-mic)
04-20 20:18:11.840 17470 17527 I MicroDetectionState: Should stop hotword detection immediately - false
04-20 20:18:12.442   806   880 D audio_hw_primary: in_set_parameters: enter: kvpairs=routing=0
04-20 20:18:12.450 17470 17596 I MicrophoneInputStream: mic_close  SR : 16000 CC : 16 SO : 1999
04-20 20:18:12.450 17470 17596 E AudioSource: Stop listening is called on already closed AudioSource
04-20 20:18:12.452 17470 30337 I MicroRecognitionRunner: Detection finished
04-20 20:18:12.521  1741  4851 V WindowManager: Changing focus from Window{2decc30 u0 StatusBar} to Window{4324562 u0 com.motorola.launcher3/com.android.launcher3.CustomizationPanelLauncher} displayId=0
04-20 20:18:12.527  2309  2309 W View    : requestLayout() improperly called by com.android.systemui.statusbar.HeadsUpStatusBarView{7a4e36e I.E...... ......ID 0,0-248,56 #7f0a01f7 app:id/heads_up_status_bar_view} during layout: running second layout pass
04-20 20:18:12.534  1741  1767 I Choreographer: Skipped 42 frames!  The application may be doing too much work on its main thread.
04-20 20:18:12.552  2309  2491 I OpenGLRenderer: Davey! duration=1189ms; Flags=1, IntendedVsync=3938740376378, Vsync=3939190376360, OldestInputEvent=9223372036854775807, NewestInputEvent=0, HandleInputStart=3939199758664, AnimationStart=3939199822934, PerformTraversalsStart=3939211644081, DrawStart=3939913258839, SyncQueued=3939920058423, SyncStart=3939920755662, IssueDrawCommandsStart=3939925882590, SwapBuffers=3939929015767, FrameCompleted=3939930270924, DequeueBufferDuration=430000, QueueBufferDuration=292000, 
04-20 20:18:12.563  2309  2491 I OpenGLRenderer: Davey! duration=1199ms; Flags=1, IntendedVsync=3938740376378, Vsync=3939190376360, OldestInputEvent=9223372036854775807, NewestInputEvent=0, HandleInputStart=3939199758664, AnimationStart=3939199822934, PerformTraversalsStart=3939211644081, DrawStart=3939935248268, SyncQueued=3939935681029, SyncStart=3939935939726, IssueDrawCommandsStart=3939939288581, SwapBuffers=3939939933998, FrameCompleted=3939940597592, DequeueBufferDuration=185000, QueueBufferDuration=230000, 
04-20 20:18:12.568  2929  2929 I KeyboardWrapper: KeyboardWrapper.consumeEvent():264 Skip consuming an event as current keyboard is deactivated (state=0, keyboard existence=true)
04-20 20:18:12.568  2309  2309 D vol.VolumeDialogImpl: mDialog.dismiss()
04-20 20:18:12.569  2929  2929 I VoiceInputManagerWrapper: VoiceInputManagerWrapper.shutdown():76 shutdown()
04-20 20:18:12.570  2929  2929 I AndroidIME: AbstractIme.onDeactivate():145 LatinIme.onDeactivate()
04-20 20:18:12.576  2309  2491 D OpenGLRenderer: endAllActiveAnimators on 0x89309f00 (RippleDrawable) with handle 0x8932acf0
04-20 20:18:12.591  2309  2309 D StatusBar: disable<e i a s b h r c s > disable2<q i n >
04-20 20:18:12.600  2309  2309 V StatusBar: mStatusBarWindow: com.android.systemui.statusbar.phone.StatusBarWindowView{f5df74c V.E...... ......ID 0,0-720,1520} canPanelBeCollapsed(): false
04-20 20:18:12.600  2309  2309 V StatusBar: mStatusBarWindow: com.android.systemui.statusbar.phone.StatusBarWindowView{f5df74c V.E...... ......ID 0,0-720,1520} collapseBySetDisable: false
04-20 20:18:12.617  2309  2309 I Choreographer: Skipped 46 frames!  The application may be doing too much work on its main thread.
04-20 20:18:12.620  1741  2809 I WindowManager:   SURFACE SIZE set 720x56 on display:0: StatusBar
04-20 20:18:12.643  2309  2309 W View    : requestLayout() improperly called by com.android.systemui.statusbar.HeadsUpStatusBarView{7a4e36e I.E...... ......ID 0,0-248,56 #7f0a01f7 app:id/heads_up_status_bar_view} during layout: running second layout pass
04-20 20:18:12.659  2309  2491 I OpenGLRenderer: Davey! duration=817ms; Flags=1, IntendedVsync=3939217048249, Vsync=3939983714885, OldestInputEvent=9223372036854775807, NewestInputEvent=0, HandleInputStart=3939994768899, AnimationStart=3939994790253, PerformTraversalsStart=3939994974159, DrawStart=3940021814943, SyncQueued=3940021954943, SyncStart=3940024166871, IssueDrawCommandsStart=3940024388954, SwapBuffers=3940027803017, FrameCompleted=3940036777966, DequeueBufferDuration=881000, QueueBufferDuration=8148000, 
04-20 20:18:12.751  2309  2309 D StatusBar: updateQsExpansionEnabled - QS Expand enabled: false
04-20 20:18:12.765  1741  9573 V WindowManager: Changing focus from Window{4324562 u0 com.motorola.launcher3/com.android.launcher3.CustomizationPanelLauncher} to null displayId=0
04-20 20:18:12.778  1741  1741 V SettingsProvider: Notifying for 0: content://settings/secure/reminder_exp_learning_time_elapsed
04-20 20:18:12.781  2309  2309 D StatusBar: updateQsExpansionEnabled - QS Expand enabled: false
04-20 20:18:12.785  1741  1754 I system_server: Background concurrent copying GC freed 188184(8620KB) AllocSpace objects, 49(7152KB) LOS objects, 42% free, 19MB/34MB, paused 406us total 489.309ms
04-20 20:18:12.798  2309  2309 D StatusBar: disable<e i a s b h r c s > disable2<q i n >
04-20 20:18:12.796  1741  1741 V SettingsProvider: Notifying for 0: content://settings/secure/reminder_exp_learning_time_elapsed
04-20 20:18:12.816  1741  9573 I WindowManager: Window drawn AppWindowToken{b2426a2 token=Token{8439a6d ActivityRecord{caaa284 u0 com.motorola.launcher3/com.android.launcher3.CustomizationPanelLauncher t4}}}
04-20 20:18:12.825  1741  1741 I WindowManager: Finished going to sleep... (why=OFF_BECAUSE_OF_USER)
04-20 20:18:12.807  2309  2309 D StatusBar: disable<e i a s b h r c s > disable2<q i n >
04-20 20:18:12.833  2309 18557 D KeyguardViewMediator: USER_LOCKED intent sent
04-20 20:18:12.836  1741  4636 I WindowManager:   SURFACE SIZE set 720x1520 on display:0: StatusBar
04-20 20:18:12.853  2309  2309 D StatusBar: disable<e i a s b h r c s > disable2<q i n >
04-20 20:18:12.857  2309  2309 W View    : requestLayout() improperly called by com.android.systemui.statusbar.HeadsUpStatusBarView{7a4e36e I.E...... ......ID 0,0-248,56 #7f0a01f7 app:id/heads_up_status_bar_view} during layout: running second layout pass
04-20 20:18:12.857  2309  2309 W View    : requestLayout() improperly called by com.android.systemui.statusbar.notification.stack.NotificationStackScrollLayout{beeb006 V.ED..... ......ID 0,0-720,1411 #7f0a0326 app:id/notification_stack_scroller} during layout: running second layout pass
04-20 20:18:12.862  2309  2309 D StatusBar: disable<e i a s b h r c s > disable2<q i n >
04-20 20:18:12.873   806   880 D audio_hw_primary: adev_set_parameters: enter: screen_state=off
04-20 20:18:12.873   806   880 V msm8974_platform: platform_set_parameters: enter: screen_state=off
04-20 20:18:12.873   806   880 V msm8974_platform: platform_set_parameters: exit with code(0)
04-20 20:18:12.918  1741  1766 W UsageStatsService: Event reported without a package name, eventType:17
04-20 20:18:12.921 28123 28123 I MotoDisplay: onCreate
04-20 20:18:12.931  2309  2309 D StatusBar: disable<e i a s b h r c s > disable2<q i n >
04-20 20:18:12.934  2309  2309 D StatusBar: disable<e i a s b h r c s > disable2<q i n >
04-20 20:18:12.944  2309  2309 D KeyguardUpdateMonitor: onKeyguardVisibilityChanged(true)
04-20 20:18:12.970  1741  4636 V WindowManager: Changing focus from null to Window{2decc30 u0 StatusBar} displayId=0
04-20 20:18:12.982  1741  1767 I WindowManager:   SURFACE show Surface(name=FloatingTutorialButton)/@0xe4f0877 on display:0: FloatingTutorialButton
04-20 20:18:12.999  2309  2309 D StatusBar: disable<e i a s b H!R!c s > disable2<q i n >
04-20 20:18:13.002  2309  2309 D StatusBar: disable<e i a s b H R c s > disable2<q i n >
04-20 20:18:13.008  2309  2309 D StatusBar: disable<e i a s b H R c s > disable2<q i n >
04-20 20:18:13.011  2309  2309 W View    : requestLayout() improperly called by com.android.systemui.statusbar.HeadsUpStatusBarView{7a4e36e I.E...... ......ID 0,0-248,56 #7f0a01f7 app:id/heads_up_status_bar_view} during second layout pass: posting in next frame
04-20 20:18:13.015  2309  2309 D MotoDisplayManager: ServiceConnection - Connected MotoDisplayService com.android.systemui.doze.IMotoDisplay$Stub$Proxy@7d922ec
04-20 20:18:13.033  2309  2309 I MotoDisplayManager: mMotoDisplayService.show com.android.systemui.doze.IMotoDisplay$Stub$Proxy@7d922ec
04-20 20:18:13.033  2309  2309 I MotoDisplayManager: new MotoDisplayCallback id:6
04-20 20:18:13.037  2929  2929 I DeviceStatusMonitor: DeviceStatusMonitor$1.onReceive():48 onReceive() : Action = android.intent.action.SCREEN_OFF
04-20 20:18:13.085  1741  4636 V WindowManager: Changing focus from Window{2decc30 u0 StatusBar} to Window{18b38b u0 AOD} displayId=0
