04-20 19:46:46.754  2449  3312 D QCNEJ/WlanStaInfoRelay: Received action: android.net.wifi.RSSI_CHANGED
04-20 19:46:46.754  2449  3312 I QCNEJ/NativeHalConnector: -> SND notifyWlanStaStatusChanged([WlanStaInfo]: wifiSwitchState = 1 rssi = -57 ssid = Jasmine bssid = b0:39:56:5a:37:40 dnsInfo = 192.168.1.1;0.0.0.0;0.0.0.0;0.0.0.0; freqBand = _2GHz countryCode = us[RatInfo]: networkType = 1 subType = 101 networkState = CONNECTED netHdl = 432902426637 ipAddrV4 = 192.168.1.67 ipAddrV6 =  ifNameV4 = wlan0 ifNameV6 =  slotIdx = 0 isAndroidValidated = true) timeStamp = 2021-04-20 19:46:46.754
04-20 19:46:46.771  2506  2711 E PhoneInterfaceManager: [PhoneIntfMgr] getCarrierPrivilegeStatus: No UICC
04-20 19:46:46.772  2764  3687 I CarrierServices: [99] car.a: FiST: Wifi connectivity status true
04-20 19:46:46.774  2764  4153 I CarrierServices: [127] awv.handleMessage: RCS is disabled, skipping config update request
04-20 19:46:46.774  2764  4146 I CarrierServices: [125] chy.a: (PEv2-SM): DisabledState: event Connectivity event
04-20 19:46:46.774  2764  3687 I CarrierServices: [99] cay.d: Connected state: [1], networkType: [WIFI]
04-20 19:46:46.777  2506  2711 E PhoneInterfaceManager: [PhoneIntfMgr] getCarrierPrivilegeStatus: No UICC
04-20 19:46:49.743     0     0 W swapper/0: type=1400 audit(0.0:542): avc: denied { kill } for uid=0 capability=5 scontext=u:r:kernel:s0 tcontext=u:r:kernel:s0 tclass=capability permissive=0
04-20 19:46:49.835  2449  3312 D QCNEJ/WlanStaInfoRelay: Received action: android.net.wifi.RSSI_CHANGED
04-20 19:46:49.835  2449  3312 I QCNEJ/NativeHalConnector: -> SND notifyWlanStaStatusChanged([WlanStaInfo]: wifiSwitchState = 1 rssi = -55 ssid = Jasmine bssid = b0:39:56:5a:37:40 dnsInfo = 192.168.1.1;0.0.0.0;0.0.0.0;0.0.0.0; freqBand = _2GHz countryCode = us[RatInfo]: networkType = 1 subType = 101 networkState = CONNECTED netHdl = 432902426637 ipAddrV4 = 192.168.1.67 ipAddrV6 =  ifNameV4 = wlan0 ifNameV6 =  slotIdx = 0 isAndroidValidated = true) timeStamp = 2021-04-20 19:46:49.835
04-20 19:46:49.850  2506  2711 E PhoneInterfaceManager: [PhoneIntfMgr] getCarrierPrivilegeStatus: No UICC
04-20 19:46:49.852  2764  3687 I CarrierServices: [99] car.a: FiST: Wifi connectivity status true
04-20 19:46:49.853  2764  4153 I CarrierServices: [127] awv.handleMessage: RCS is disabled, skipping config update request
04-20 19:46:49.853  2764  4146 I CarrierServices: [125] chy.a: (PEv2-SM): DisabledState: event Connectivity event
04-20 19:46:49.854  2764  3687 I CarrierServices: [99] cay.d: Connected state: [1], networkType: [WIFI]
04-20 19:46:49.860  2506  2711 E PhoneInterfaceManager: [PhoneIntfMgr] getCarrierPrivilegeStatus: No UICC
04-20 19:46:59.009  2449  3312 D QCNEJ/WlanStaInfoRelay: Received action: android.net.wifi.RSSI_CHANGED
04-20 19:46:59.010  2449  3312 I QCNEJ/NativeHalConnector: -> SND notifyWlanStaStatusChanged([WlanStaInfo]: wifiSwitchState = 1 rssi = -57 ssid = Jasmine bssid = b0:39:56:5a:37:40 dnsInfo = 192.168.1.1;0.0.0.0;0.0.0.0;0.0.0.0; freqBand = _2GHz countryCode = us[RatInfo]: networkType = 1 subType = 101 networkState = CONNECTED netHdl = 432902426637 ipAddrV4 = 192.168.1.67 ipAddrV6 =  ifNameV4 = wlan0 ifNameV6 =  slotIdx = 0 isAndroidValidated = true) timeStamp = 2021-04-20 19:46:59.009
04-20 19:46:59.020  2506  2711 E PhoneInterfaceManager: [PhoneIntfMgr] getCarrierPrivilegeStatus: No UICC
04-20 19:46:59.023  2764  3687 I CarrierServices: [99] car.a: FiST: Wifi connectivity status true
04-20 19:46:59.026  2764  4153 I CarrierServices: [127] awv.handleMessage: RCS is disabled, skipping config update request
04-20 19:46:59.026  2764  3687 I CarrierServices: [99] cay.d: Connected state: [1], networkType: [WIFI]
04-20 19:46:59.027  2764  4146 I CarrierServices: [125] chy.a: (PEv2-SM): DisabledState: event Connectivity event
04-20 19:46:59.030  2506  2711 E PhoneInterfaceManager: [PhoneIntfMgr] getCarrierPrivilegeStatus: No UICC
04-20 19:46:59.746     0     0 W swapper/1: type=1400 audit(0.0:543): avc: denied { kill } for uid=0 capability=5 scontext=u:r:kernel:s0 tcontext=u:r:kernel:s0 tclass=capability permissive=0
04-20 19:47:00.025  2315  2315 W View    : requestLayout() improperly called by com.android.systemui.statusbar.HeadsUpStatusBarView{aa901f7 I.E...... ......ID 0,0-248,56 #7f0a01f7 app:id/heads_up_status_bar_view} during layout: running second layout pass
04-20 19:47:08.182  2449  3312 D QCNEJ/WlanStaInfoRelay: Received action: android.net.wifi.RSSI_CHANGED
04-20 19:47:08.183  2449  3312 I QCNEJ/NativeHalConnector: -> SND notifyWlanStaStatusChanged([WlanStaInfo]: wifiSwitchState = 1 rssi = -55 ssid = Jasmine bssid = b0:39:56:5a:37:40 dnsInfo = 192.168.1.1;0.0.0.0;0.0.0.0;0.0.0.0; freqBand = _2GHz countryCode = us[RatInfo]: networkType = 1 subType = 101 networkState = CONNECTED netHdl = 432902426637 ipAddrV4 = 192.168.1.67 ipAddrV6 =  ifNameV4 = wlan0 ifNameV6 =  slotIdx = 0 isAndroidValidated = true) timeStamp = 2021-04-20 19:47:08.182
04-20 19:47:08.199  2506  2711 E PhoneInterfaceManager: [PhoneIntfMgr] getCarrierPrivilegeStatus: No UICC
04-20 19:47:08.201  2764  3687 I CarrierServices: [99] car.a: FiST: Wifi connectivity status true
04-20 19:47:08.205  2764  4153 I CarrierServices: [127] awv.handleMessage: RCS is disabled, skipping config update request
04-20 19:47:08.206  2764  4146 I CarrierServices: [125] chy.a: (PEv2-SM): DisabledState: event Connectivity event
04-20 19:47:08.212  2506  2711 E PhoneInterfaceManager: [PhoneIntfMgr] getCarrierPrivilegeStatus: No UICC
04-20 19:47:08.213  2764  3687 I CarrierServices: [99] cay.d: Connected state: [1], networkType: [WIFI]
04-20 19:47:09.750     0     0 W swapper/0: type=1400 audit(0.0:544): avc: denied { kill } for uid=0 capability=5 scontext=u:r:kernel:s0 tcontext=u:r:kernel:s0 tclass=capability permissive=0
04-20 19:47:11.240  2449  3312 D QCNEJ/WlanStaInfoRelay: Received action: android.net.wifi.RSSI_CHANGED
04-20 19:47:11.240  2449  3312 I QCNEJ/NativeHalConnector: -> SND notifyWlanStaStatusChanged([WlanStaInfo]: wifiSwitchState = 1 rssi = -58 ssid = Jasmine bssid = b0:39:56:5a:37:40 dnsInfo = 192.168.1.1;0.0.0.0;0.0.0.0;0.0.0.0; freqBand = _2GHz countryCode = us[RatInfo]: networkType = 1 subType = 101 networkState = CONNECTED netHdl = 432902426637 ipAddrV4 = 192.168.1.67 ipAddrV6 =  ifNameV4 = wlan0 ifNameV6 =  slotIdx = 0 isAndroidValidated = true) timeStamp = 2021-04-20 19:47:11.24
04-20 19:47:11.261  2506  2711 E PhoneInterfaceManager: [PhoneIntfMgr] getCarrierPrivilegeStatus: No UICC
04-20 19:47:11.265  2764  3687 I CarrierServices: [99] car.a: FiST: Wifi connectivity status true
04-20 19:47:11.267  2764  4146 I CarrierServices: [125] chy.a: (PEv2-SM): DisabledState: event Connectivity event
04-20 19:47:11.267  2764  4153 I CarrierServices: [127] awv.handleMessage: RCS is disabled, skipping config update request
04-20 19:47:11.268  2764  3687 I CarrierServices: [99] cay.d: Connected state: [1], networkType: [WIFI]
04-20 19:47:11.271  2506  2711 E PhoneInterfaceManager: [PhoneIntfMgr] getCarrierPrivilegeStatus: No UICC
04-20 19:47:15.135  1746  2064 D BatteryService: uevent={POWER_SUPPLY_DP_DM=0, POWER_SUPPLY_VOLTAGE_NOW=4274033, POWER_SUPPLY_SW_JEITA_ENABLED=0, POWER_SUPPLY_CHARGE_CONTROL_LIMIT_MAX=8, POWER_SUPPLY_RECHARGE_SOC=99, POWER_SUPPLY_HEALTH=Good, POWER_SUPPLY_TECHNOLOGY=Li-ion, POWER_SUPPLY_FCC_STEPPER_ENABLE=0, SEQNUM=13719, POWER_SUPPLY_INPUT_CURRENT_LIMITED=0, POWER_SUPPLY_CHARGE_CONTROL_LIMIT=0, POWER_SUPPLY_BATTERY_CHARGING_ENABLED=1, POWER_SUPPLY_STATUS=Discharging, POWER_SUPPLY_CYCLE_COUNT=1, POWER_SUPPLY_CURRENT_MAX=2000000, POWER_SUPPLY_CHARGE_TERM_CURRENT=-101, POWER_SUPPLY_CAPACITY=95, DEVPATH=/devices/platform/soc/200f000.qcom,spmi/spmi-0/spmi0-02/200f000.qcom,spmi:qcom,pmi632@2:qcom,qpnp-smb5/power_supply/battery, POWER_SUPPLY_CHARGE_DONE=0, POWER_SUPPLY_CHARGE_TYPE=N/A, POWER_SUPPLY_CHARGE_RATE=None, POWER_SUPPLY_CURRENT_NOW=-161438, POWER_SUPPLY_SYSTEM_TEMP_LEVEL=0, POWER_SUPPLY_PRESENT=1, POWER_SUPPLY_PARALLEL_DISABLE=0, POWER_SUPPLY_CHARGE_FULL=3615000, SUBSYSTEM=power_supply, POWER_SUPPLY_SET_SHIP_MODE=0, POWER_SUPPLY_TEMP=232, ACTION=change, POWER_SUPPLY_RERUN_AICL=0, POWER_SUPPLY_AGE=100, POWER_SUPPLY_NAME=battery, POWER_SUPPLY_VOLTAGE_MAX=-22, POWER_SUPPLY_CONSTANT_CHARGE_CURRENT_MAX=2000000, POWER_SUPPLY_CHARGE_COUNTER=3434250, POWER_SUPPLY_STEP_CHARGING_ENABLED=0, POWER_SUPPLY_NUM_SYSTEM_TEMP_LEVELS=8, POWER_SUPPLY_DIE_HEALTH=Hot, POWER_SUPPLY_INPUT_SUSPEND=0}
04-20 19:47:15.152  2506  2506 D QtiCarrierConfigHelper: WARNING, no carrier configs on phone Id: 0
04-20 19:47:19.750     0     0 W swapper/1: type=1400 audit(0.0:545): avc: denied { kill } for uid=0 capability=5 scontext=u:r:kernel:s0 tcontext=u:r:kernel:s0 tclass=capability permissive=0
04-20 19:47:20.452  2449  3312 D QCNEJ/WlanStaInfoRelay: Received action: android.net.wifi.RSSI_CHANGED
04-20 19:47:20.453  2449  3312 I QCNEJ/NativeHalConnector: -> SND notifyWlanStaStatusChanged([WlanStaInfo]: wifiSwitchState = 1 rssi = -55 ssid = Jasmine bssid = b0:39:56:5a:37:40 dnsInfo = 192.168.1.1;0.0.0.0;0.0.0.0;0.0.0.0; freqBand = _2GHz countryCode = us[RatInfo]: networkType = 1 subType = 101 networkState = CONNECTED netHdl = 432902426637 ipAddrV4 = 192.168.1.67 ipAddrV6 =  ifNameV4 = wlan0 ifNameV6 =  slotIdx = 0 isAndroidValidated = true) timeStamp = 2021-04-20 19:47:20.453
04-20 19:47:20.468  2506  2711 E PhoneInterfaceManager: [PhoneIntfMgr] getCarrierPrivilegeStatus: No UICC
04-20 19:47:20.472  2764  3687 I CarrierServices: [99] car.a: FiST: Wifi connectivity status true
04-20 19:47:20.474  2764  4153 I CarrierServices: [127] awv.handleMessage: RCS is disabled, skipping config update request
04-20 19:47:20.475  2764  4146 I CarrierServices: [125] chy.a: (PEv2-SM): DisabledState: event Connectivity event
04-20 19:47:20.476  2764  3687 I CarrierServices: [99] cay.d: Connected state: [1], networkType: [WIFI]
04-20 19:47:20.480  2506  2711 E PhoneInterfaceManager: [PhoneIntfMgr] getCarrierPrivilegeStatus: No UICC
04-20 19:47:23.527  2449  3312 D QCNEJ/WlanStaInfoRelay: Received action: android.net.wifi.RSSI_CHANGED
04-20 19:47:23.528  2449  3312 I QCNEJ/NativeHalConnector: -> SND notifyWlanStaStatusChanged([WlanStaInfo]: wifiSwitchState = 1 rssi = -56 ssid = Jasmine bssid = b0:39:56:5a:37:40 dnsInfo = 192.168.1.1;0.0.0.0;0.0.0.0;0.0.0.0; freqBand = _2GHz countryCode = us[RatInfo]: networkType = 1 subType = 101 networkState = CONNECTED netHdl = 432902426637 ipAddrV4 = 192.168.1.67 ipAddrV6 =  ifNameV4 = wlan0 ifNameV6 =  slotIdx = 0 isAndroidValidated = true) timeStamp = 2021-04-20 19:47:23.527
04-20 19:47:23.539  2506  2711 E PhoneInterfaceManager: [PhoneIntfMgr] getCarrierPrivilegeStatus: No UICC
04-20 19:47:23.543  2764  3687 I CarrierServices: [99] car.a: FiST: Wifi connectivity status true
04-20 19:47:23.546  2764  4153 I CarrierServices: [127] awv.handleMessage: RCS is disabled, skipping config update request
04-20 19:47:23.547  2764  4146 I CarrierServices: [125] chy.a: (PEv2-SM): DisabledState: event Connectivity event
04-20 19:47:23.548  2764  3687 I CarrierServices: [99] cay.d: Connected state: [1], networkType: [WIFI]
04-20 19:47:23.551  2506  2711 E PhoneInterfaceManager: [PhoneIntfMgr] getCarrierPrivilegeStatus: No UICC
04-20 19:47:26.905  1746  5335 D WificondControl: Scan result ready event
04-20 19:47:29.756     0     0 W swapper/2: type=1400 audit(0.0:546): avc: denied { kill } for uid=0 capability=5 scontext=u:r:kernel:s0 tcontext=u:r:kernel:s0 tclass=capability permissive=0
04-20 19:47:34.278 17704 25698 I chatty  : uid=10157 com.google.android.gms.persistent expire 2 lines
04-20 19:47:35.805  2449  3312 D QCNEJ/WlanStaInfoRelay: Received action: android.net.wifi.RSSI_CHANGED
04-20 19:47:35.806  2449  3312 I QCNEJ/NativeHalConnector: -> SND notifyWlanStaStatusChanged([WlanStaInfo]: wifiSwitchState = 1 rssi = -53 ssid = Jasmine bssid = b0:39:56:5a:37:40 dnsInfo = 192.168.1.1;0.0.0.0;0.0.0.0;0.0.0.0; freqBand = _2GHz countryCode = us[RatInfo]: networkType = 1 subType = 101 networkState = CONNECTED netHdl = 432902426637 ipAddrV4 = 192.168.1.67 ipAddrV6 =  ifNameV4 = wlan0 ifNameV6 =  slotIdx = 0 isAndroidValidated = true) timeStamp = 2021-04-20 19:47:35.805
04-20 19:47:35.818  2506  2711 E PhoneInterfaceManager: [PhoneIntfMgr] getCarrierPrivilegeStatus: No UICC
04-20 19:47:35.822  2764  3687 I CarrierServices: [99] car.a: FiST: Wifi connectivity status true
04-20 19:47:35.826  2764  4153 I CarrierServices: [127] awv.handleMessage: RCS is disabled, skipping config update request
04-20 19:47:35.826  2764  3687 I CarrierServices: [99] cay.d: Connected state: [1], networkType: [WIFI]
04-20 19:47:35.826  2764  4146 I CarrierServices: [125] chy.a: (PEv2-SM): DisabledState: event Connectivity event
04-20 19:47:35.832  2506  2711 E PhoneInterfaceManager: [PhoneIntfMgr] getCarrierPrivilegeStatus: No UICC
04-20 19:47:38.881  2449  3312 D QCNEJ/WlanStaInfoRelay: Received action: android.net.wifi.RSSI_CHANGED
04-20 19:47:38.882  2449  3312 I QCNEJ/NativeHalConnector: -> SND notifyWlanStaStatusChanged([WlanStaInfo]: wifiSwitchState = 1 rssi = -56 ssid = Jasmine bssid = b0:39:56:5a:37:40 dnsInfo = 192.168.1.1;0.0.0.0;0.0.0.0;0.0.0.0; freqBand = _2GHz countryCode = us[RatInfo]: networkType = 1 subType = 101 networkState = CONNECTED netHdl = 432902426637 ipAddrV4 = 192.168.1.67 ipAddrV6 =  ifNameV4 = wlan0 ifNameV6 =  slotIdx = 0 isAndroidValidated = true) timeStamp = 2021-04-20 19:47:38.881
04-20 19:47:38.890  2506  2711 E PhoneInterfaceManager: [PhoneIntfMgr] getCarrierPrivilegeStatus: No UICC
04-20 19:47:38.893  2764  3687 I CarrierServices: [99] car.a: FiST: Wifi connectivity status true
04-20 19:47:38.896  2764  4153 I CarrierServices: [127] awv.handleMessage: RCS is disabled, skipping config update request
04-20 19:47:38.897  2764  4146 I CarrierServices: [125] chy.a: (PEv2-SM): DisabledState: event Connectivity event
04-20 19:47:38.898  2764  3687 I CarrierServices: [99] cay.d: Connected state: [1], networkType: [WIFI]
04-20 19:47:38.907  2506  2711 E PhoneInterfaceManager: [PhoneIntfMgr] getCarrierPrivilegeStatus: No UICC
04-20 19:47:39.760     0     0 W swapper/0: type=1400 audit(0.0:547): avc: denied { kill } for uid=0 capability=5 scontext=u:r:kernel:s0 tcontext=u:r:kernel:s0 tclass=capability permissive=0
04-20 19:47:41.966  2449  3312 D QCNEJ/WlanStaInfoRelay: Received action: android.net.wifi.RSSI_CHANGED
04-20 19:47:41.967  2449  3312 I QCNEJ/NativeHalConnector: -> SND notifyWlanStaStatusChanged([WlanStaInfo]: wifiSwitchState = 1 rssi = -55 ssid = Jasmine bssid = b0:39:56:5a:37:40 dnsInfo = 192.168.1.1;0.0.0.0;0.0.0.0;0.0.0.0; freqBand = _2GHz countryCode = us[RatInfo]: networkType = 1 subType = 101 networkState = CONNECTED netHdl = 432902426637 ipAddrV4 = 192.168.1.67 ipAddrV6 =  ifNameV4 = wlan0 ifNameV6 =  slotIdx = 0 isAndroidValidated = true) timeStamp = 2021-04-20 19:47:41.966
04-20 19:47:41.971  2506  2711 E PhoneInterfaceManager: [PhoneIntfMgr] getCarrierPrivilegeStatus: No UICC
04-20 19:47:41.974  2764  3687 I CarrierServices: [99] car.a: FiST: Wifi connectivity status true
04-20 19:47:41.976  2764  4146 I CarrierServices: [125] chy.a: (PEv2-SM): DisabledState: event Connectivity event
04-20 19:47:41.978  2764  4153 I CarrierServices: [127] awv.handleMessage: RCS is disabled, skipping config update request
04-20 19:47:41.979  2764  3687 I CarrierServices: [99] cay.d: Connected state: [1], networkType: [WIFI]
04-20 19:47:41.987  2506  2711 E PhoneInterfaceManager: [PhoneIntfMgr] getCarrierPrivilegeStatus: No UICC
04-20 19:47:49.763     0     0 W swapper/1: type=1400 audit(0.0:548): avc: denied { kill } for uid=0 capability=5 scontext=u:r:kernel:s0 tcontext=u:r:kernel:s0 tclass=capability permissive=0
04-20 19:47:54.223  2449  3312 D QCNEJ/WlanStaInfoRelay: Received action: android.net.wifi.RSSI_CHANGED
04-20 19:47:54.224  2449  3312 I QCNEJ/NativeHalConnector: -> SND notifyWlanStaStatusChanged([WlanStaInfo]: wifiSwitchState = 1 rssi = -59 ssid = Jasmine bssid = b0:39:56:5a:37:40 dnsInfo = 192.168.1.1;0.0.0.0;0.0.0.0;0.0.0.0; freqBand = _2GHz countryCode = us[RatInfo]: networkType = 1 subType = 101 networkState = CONNECTED netHdl = 432902426637 ipAddrV4 = 192.168.1.67 ipAddrV6 =  ifNameV4 = wlan0 ifNameV6 =  slotIdx = 0 isAndroidValidated = true) timeStamp = 2021-04-20 19:47:54.223
04-20 19:47:54.235  2506  2711 E PhoneInterfaceManager: [PhoneIntfMgr] getCarrierPrivilegeStatus: No UICC
04-20 19:47:54.243  2764  3687 I CarrierServices: [99] car.a: FiST: Wifi connectivity status true
04-20 19:47:54.246  2764  3687 I CarrierServices: [99] cay.d: Connected state: [1], networkType: [WIFI]
04-20 19:47:54.247  2764  4153 I CarrierServices: [127] awv.handleMessage: RCS is disabled, skipping config update request
04-20 19:47:54.248  2764  4146 I CarrierServices: [125] chy.a: (PEv2-SM): DisabledState: event Connectivity event
04-20 19:47:54.250  2506  2711 E PhoneInterfaceManager: [PhoneIntfMgr] getCarrierPrivilegeStatus: No UICC
04-20 19:47:57.290  2449  3312 D QCNEJ/WlanStaInfoRelay: Received action: android.net.wifi.RSSI_CHANGED
04-20 19:47:57.291  2449  3312 I QCNEJ/NativeHalConnector: -> SND notifyWlanStaStatusChanged([WlanStaInfo]: wifiSwitchState = 1 rssi = -53 ssid = Jasmine bssid = b0:39:56:5a:37:40 dnsInfo = 192.168.1.1;0.0.0.0;0.0.0.0;0.0.0.0; freqBand = _2GHz countryCode = us[RatInfo]: networkType = 1 subType = 101 networkState = CONNECTED netHdl = 432902426637 ipAddrV4 = 192.168.1.67 ipAddrV6 =  ifNameV4 = wlan0 ifNameV6 =  slotIdx = 0 isAndroidValidated = true) timeStamp = 2021-04-20 19:47:57.29
04-20 19:47:57.295  2506  2711 E PhoneInterfaceManager: [PhoneIntfMgr] getCarrierPrivilegeStatus: No UICC
04-20 19:47:57.298  2764  3687 I CarrierServices: [99] car.a: FiST: Wifi connectivity status true
04-20 19:47:57.300  2764  4153 I CarrierServices: [127] awv.handleMessage: RCS is disabled, skipping config update request
04-20 19:47:57.301  2764  4146 I CarrierServices: [125] chy.a: (PEv2-SM): DisabledState: event Connectivity event
04-20 19:47:57.301  2764  3687 I CarrierServices: [99] cay.d: Connected state: [1], networkType: [WIFI]
04-20 19:47:57.307  2506  2711 E PhoneInterfaceManager: [PhoneIntfMgr] getCarrierPrivilegeStatus: No UICC
04-20 19:47:59.763     0     0 W swapper/0: type=1400 audit(0.0:549): avc: denied { kill } for uid=0 capability=5 scontext=u:r:kernel:s0 tcontext=u:r:kernel:s0 tclass=capability permissive=0
04-20 19:48:00.031  2315  2315 W View    : requestLayout() improperly called by com.android.systemui.statusbar.HeadsUpStatusBarView{aa901f7 I.E...... ......ID 0,0-248,56 #7f0a01f7 app:id/heads_up_status_bar_view} during layout: running second layout pass
04-20 19:48:09.763  1711  1711 W kworker/u16:9: type=1400 audit(0.0:550): avc: denied { kill } for uid=0 capability=5 scontext=u:r:kernel:s0 tcontext=u:r:kernel:s0 tclass=capability permissive=0
04-20 19:48:15.699  2449  3312 D QCNEJ/WlanStaInfoRelay: Received action: android.net.wifi.RSSI_CHANGED
04-20 19:48:15.700  2449  3312 I QCNEJ/NativeHalConnector: -> SND notifyWlanStaStatusChanged([WlanStaInfo]: wifiSwitchState = 1 rssi = -58 ssid = Jasmine bssid = b0:39:56:5a:37:40 dnsInfo = 192.168.1.1;0.0.0.0;0.0.0.0;0.0.0.0; freqBand = _2GHz countryCode = us[RatInfo]: networkType = 1 subType = 101 networkState = CONNECTED netHdl = 432902426637 ipAddrV4 = 192.168.1.67 ipAddrV6 =  ifNameV4 = wlan0 ifNameV6 =  slotIdx = 0 isAndroidValidated = true) timeStamp = 2021-04-20 19:48:15.699
04-20 19:48:15.703  2506  2711 E PhoneInterfaceManager: [PhoneIntfMgr] getCarrierPrivilegeStatus: No UICC
04-20 19:48:15.707  2764  3687 I CarrierServices: [99] car.a: FiST: Wifi connectivity status true
04-20 19:48:15.711  2764  4153 I CarrierServices: [127] awv.handleMessage: RCS is disabled, skipping config update request
04-20 19:48:15.712  2764  4146 I CarrierServices: [125] chy.a: (PEv2-SM): DisabledState: event Connectivity event
04-20 19:48:15.713  2764  3687 I CarrierServices: [99] cay.d: Connected state: [1], networkType: [WIFI]
04-20 19:48:15.717  2506  2711 E PhoneInterfaceManager: [PhoneIntfMgr] getCarrierPrivilegeStatus: No UICC
04-20 19:48:16.578  1746  2064 D BatteryService: uevent={POWER_SUPPLY_DP_DM=0, POWER_SUPPLY_VOLTAGE_NOW=4267221, POWER_SUPPLY_SW_JEITA_ENABLED=0, POWER_SUPPLY_CHARGE_CONTROL_LIMIT_MAX=8, POWER_SUPPLY_RECHARGE_SOC=99, POWER_SUPPLY_HEALTH=Good, POWER_SUPPLY_TECHNOLOGY=Li-ion, POWER_SUPPLY_FCC_STEPPER_ENABLE=0, SEQNUM=13840, POWER_SUPPLY_INPUT_CURRENT_LIMITED=0, POWER_SUPPLY_CHARGE_CONTROL_LIMIT=0, POWER_SUPPLY_BATTERY_CHARGING_ENABLED=1, POWER_SUPPLY_STATUS=Discharging, POWER_SUPPLY_CYCLE_COUNT=1, POWER_SUPPLY_CURRENT_MAX=2000000, POWER_SUPPLY_CHARGE_TERM_CURRENT=-101, POWER_SUPPLY_CAPACITY=95, DEVPATH=/devices/platform/soc/200f000.qcom,spmi/spmi-0/spmi0-02/200f000.qcom,spmi:qcom,pmi632@2:qcom,qpnp-smb5/power_supply/battery, POWER_SUPPLY_CHARGE_DONE=0, POWER_SUPPLY_CHARGE_TYPE=N/A, POWER_SUPPLY_CHARGE_RATE=None, POWER_SUPPLY_CURRENT_NOW=-198211, POWER_SUPPLY_SYSTEM_TEMP_LEVEL=0, POWER_SUPPLY_PRESENT=1, POWER_SUPPLY_PARALLEL_DISABLE=0, POWER_SUPPLY_CHARGE_FULL=3615000, SUBSYSTEM=power_supply, POWER_SUPPLY_SET_SHIP_MODE=0, POWER_SUPPLY_TEMP=232, ACTION=change, POWER_SUPPLY_RERUN_AICL=0, POWER_SUPPLY_AGE=100, POWER_SUPPLY_NAME=battery, POWER_SUPPLY_VOLTAGE_MAX=-22, POWER_SUPPLY_CONSTANT_CHARGE_CURRENT_MAX=2000000, POWER_SUPPLY_CHARGE_COUNTER=3398100, POWER_SUPPLY_STEP_CHARGING_ENABLED=0, POWER_SUPPLY_NUM_SYSTEM_TEMP_LEVELS=8, POWER_SUPPLY_DIE_HEALTH=Hot, POWER_SUPPLY_INPUT_SUSPEND=0}
04-20 19:48:16.591  2506  2506 D QtiCarrierConfigHelper: WARNING, no carrier configs on phone Id: 0
04-20 19:48:19.766     0     0 W swapper/1: type=1400 audit(0.0:551): avc: denied { kill } for uid=0 capability=5 scontext=u:r:kernel:s0 tcontext=u:r:kernel:s0 tclass=capability permissive=0
04-20 19:48:27.929  2449  3312 D QCNEJ/WlanStaInfoRelay: Received action: android.net.wifi.RSSI_CHANGED
04-20 19:48:27.929  2449  3312 I QCNEJ/NativeHalConnector: -> SND notifyWlanStaStatusChanged([WlanStaInfo]: wifiSwitchState = 1 rssi = -55 ssid = Jasmine bssid = b0:39:56:5a:37:40 dnsInfo = 192.168.1.1;0.0.0.0;0.0.0.0;0.0.0.0; freqBand = _2GHz countryCode = us[RatInfo]: networkType = 1 subType = 101 networkState = CONNECTED netHdl = 432902426637 ipAddrV4 = 192.168.1.67 ipAddrV6 =  ifNameV4 = wlan0 ifNameV6 =  slotIdx = 0 isAndroidValidated = true) timeStamp = 2021-04-20 19:48:27.929
04-20 19:48:27.940  2506  2711 E PhoneInterfaceManager: [PhoneIntfMgr] getCarrierPrivilegeStatus: No UICC
04-20 19:48:27.943  2764  3687 I CarrierServices: [99] car.a: FiST: Wifi connectivity status true
04-20 19:48:27.946  2764  4153 I CarrierServices: [127] awv.handleMessage: RCS is disabled, skipping config update request
04-20 19:48:27.947  2764  3687 I CarrierServices: [99] cay.d: Connected state: [1], networkType: [WIFI]
04-20 19:48:27.947  2764  4146 I CarrierServices: [125] chy.a: (PEv2-SM): DisabledState: event Connectivity event
04-20 19:48:27.950  2506  2711 E PhoneInterfaceManager: [PhoneIntfMgr] getCarrierPrivilegeStatus: No UICC
04-20 19:48:29.770     0     0 W swapper/0: type=1400 audit(0.0:552): avc: denied { kill } for uid=0 capability=5 scontext=u:r:kernel:s0 tcontext=u:r:kernel:s0 tclass=capability permissive=0
04-20 19:48:30.993  2449  3312 D QCNEJ/WlanStaInfoRelay: Received action: android.net.wifi.RSSI_CHANGED
04-20 19:48:30.994  2449  3312 I QCNEJ/NativeHalConnector: -> SND notifyWlanStaStatusChanged([WlanStaInfo]: wifiSwitchState = 1 rssi = -56 ssid = Jasmine bssid = b0:39:56:5a:37:40 dnsInfo = 192.168.1.1;0.0.0.0;0.0.0.0;0.0.0.0; freqBand = _2GHz countryCode = us[RatInfo]: networkType = 1 subType = 101 networkState = CONNECTED netHdl = 432902426637 ipAddrV4 = 192.168.1.67 ipAddrV6 =  ifNameV4 = wlan0 ifNameV6 =  slotIdx = 0 isAndroidValidated = true) timeStamp = 2021-04-20 19:48:30.994
04-20 19:48:31.006  2506  2711 E PhoneInterfaceManager: [PhoneIntfMgr] getCarrierPrivilegeStatus: No UICC
04-20 19:48:31.010  2764  3687 I CarrierServices: [99] car.a: FiST: Wifi connectivity status true
04-20 19:48:31.011  2764  4153 I CarrierServices: [127] awv.handleMessage: RCS is disabled, skipping config update request
04-20 19:48:31.012  2764  4146 I CarrierServices: [125] chy.a: (PEv2-SM): DisabledState: event Connectivity event
04-20 19:48:31.012  2764  3687 I CarrierServices: [99] cay.d: Connected state: [1], networkType: [WIFI]
04-20 19:48:31.016  2506  2711 E PhoneInterfaceManager: [PhoneIntfMgr] getCarrierPrivilegeStatus: No UICC
04-20 19:48:39.773     0     0 W swapper/1: type=1400 audit(0.0:553): avc: denied { kill } for uid=0 capability=5 scontext=u:r:kernel:s0 tcontext=u:r:kernel:s0 tclass=capability permissive=0
04-20 19:48:40.190  2449  3312 D QCNEJ/WlanStaInfoRelay: Received action: android.net.wifi.RSSI_CHANGED
04-20 19:48:40.191  2449  3312 I QCNEJ/NativeHalConnector: -> SND notifyWlanStaStatusChanged([WlanStaInfo]: wifiSwitchState = 1 rssi = -54 ssid = Jasmine bssid = b0:39:56:5a:37:40 dnsInfo = 192.168.1.1;0.0.0.0;0.0.0.0;0.0.0.0; freqBand = _2GHz countryCode = us[RatInfo]: networkType = 1 subType = 101 networkState = CONNECTED netHdl = 432902426637 ipAddrV4 = 192.168.1.67 ipAddrV6 =  ifNameV4 = wlan0 ifNameV6 =  slotIdx = 0 isAndroidValidated = true) timeStamp = 2021-04-20 19:48:40.19
04-20 19:48:40.198  2506  2711 E PhoneInterfaceManager: [PhoneIntfMgr] getCarrierPrivilegeStatus: No UICC
04-20 19:48:40.200  2764  3687 I CarrierServices: [99] car.a: FiST: Wifi connectivity status true
04-20 19:48:40.202  2764  4153 I CarrierServices: [127] awv.handleMessage: RCS is disabled, skipping config update request
04-20 19:48:40.202  2764  4146 I CarrierServices: [125] chy.a: (PEv2-SM): DisabledState: event Connectivity event
04-20 19:48:40.203  2764  3687 I CarrierServices: [99] cay.d: Connected state: [1], networkType: [WIFI]
04-20 19:48:40.210  2506  2711 E PhoneInterfaceManager: [PhoneIntfMgr] getCarrierPrivilegeStatus: No UICC
04-20 19:48:46.852  1746  7304 D WificondControl: Scan result ready event
04-20 19:48:49.398  2449  3312 D QCNEJ/WlanStaInfoRelay: Received action: android.net.wifi.RSSI_CHANGED
04-20 19:48:49.399  2449  3312 I QCNEJ/NativeHalConnector: -> SND notifyWlanStaStatusChanged([WlanStaInfo]: wifiSwitchState = 1 rssi = -56 ssid = Jasmine bssid = b0:39:56:5a:37:40 dnsInfo = 192.168.1.1;0.0.0.0;0.0.0.0;0.0.0.0; freqBand = _2GHz countryCode = us[RatInfo]: networkType = 1 subType = 101 networkState = CONNECTED netHdl = 432902426637 ipAddrV4 = 192.168.1.67 ipAddrV6 =  ifNameV4 = wlan0 ifNameV6 =  slotIdx = 0 isAndroidValidated = true) timeStamp = 2021-04-20 19:48:49.399
04-20 19:48:49.411  2506  2711 E PhoneInterfaceManager: [PhoneIntfMgr] getCarrierPrivilegeStatus: No UICC
04-20 19:48:49.414  2764  3687 I CarrierServices: [99] car.a: FiST: Wifi connectivity status true
04-20 19:48:49.416  2764  4153 I CarrierServices: [127] awv.handleMessage: RCS is disabled, skipping config update request
04-20 19:48:49.417  2764  4146 I CarrierServices: [125] chy.a: (PEv2-SM): DisabledState: event Connectivity event
04-20 19:48:49.417  2764  3687 I CarrierServices: [99] cay.d: Connected state: [1], networkType: [WIFI]
04-20 19:48:49.423  2506  2711 E PhoneInterfaceManager: [PhoneIntfMgr] getCarrierPrivilegeStatus: No UICC
04-20 19:48:49.776     0     0 W swapper/0: type=1400 audit(0.0:554): avc: denied { kill } for uid=0 capability=5 scontext=u:r:kernel:s0 tcontext=u:r:kernel:s0 tclass=capability permissive=0
04-20 19:48:52.483  2449  3312 D QCNEJ/WlanStaInfoRelay: Received action: android.net.wifi.RSSI_CHANGED
04-20 19:48:52.483  2449  3312 I QCNEJ/NativeHalConnector: -> SND notifyWlanStaStatusChanged([WlanStaInfo]: wifiSwitchState = 1 rssi = -55 ssid = Jasmine bssid = b0:39:56:5a:37:40 dnsInfo = 192.168.1.1;0.0.0.0;0.0.0.0;0.0.0.0; freqBand = _2GHz countryCode = us[RatInfo]: networkType = 1 subType = 101 networkState = CONNECTED netHdl = 432902426637 ipAddrV4 = 192.168.1.67 ipAddrV6 =  ifNameV4 = wlan0 ifNameV6 =  slotIdx = 0 isAndroidValidated = true) timeStamp = 2021-04-20 19:48:52.483
04-20 19:48:52.503  2506  2711 E PhoneInterfaceManager: [PhoneIntfMgr] getCarrierPrivilegeStatus: No UICC
04-20 19:48:52.506  2764  3687 I CarrierServices: [99] car.a: FiST: Wifi connectivity status true
04-20 19:48:52.507  2764  4153 I CarrierServices: [127] awv.handleMessage: RCS is disabled, skipping config update request
04-20 19:48:52.508  2764  4146 I CarrierServices: [125] chy.a: (PEv2-SM): DisabledState: event Connectivity event
04-20 19:48:52.508  2764  3687 I CarrierServices: [99] cay.d: Connected state: [1], networkType: [WIFI]
04-20 19:48:52.512  2506  2711 E PhoneInterfaceManager: [PhoneIntfMgr] getCarrierPrivilegeStatus: No UICC
04-20 19:48:58.621  2449  3312 D QCNEJ/WlanStaInfoRelay: Received action: android.net.wifi.RSSI_CHANGED
04-20 19:48:58.622  2449  3312 I QCNEJ/NativeHalConnector: -> SND notifyWlanStaStatusChanged([WlanStaInfo]: wifiSwitchState = 1 rssi = -57 ssid = Jasmine bssid = b0:39:56:5a:37:40 dnsInfo = 192.168.1.1;0.0.0.0;0.0.0.0;0.0.0.0; freqBand = _2GHz countryCode = us[RatInfo]: networkType = 1 subType = 101 networkState = CONNECTED netHdl = 432902426637 ipAddrV4 = 192.168.1.67 ipAddrV6 =  ifNameV4 = wlan0 ifNameV6 =  slotIdx = 0 isAndroidValidated = true) timeStamp = 2021-04-20 19:48:58.621
04-20 19:48:58.633  2506  2711 E PhoneInterfaceManager: [PhoneIntfMgr] getCarrierPrivilegeStatus: No UICC
04-20 19:48:58.635  2764  3687 I CarrierServices: [99] car.a: FiST: Wifi connectivity status true
04-20 19:48:58.638  2764  4153 I CarrierServices: [127] awv.handleMessage: RCS is disabled, skipping config update request
04-20 19:48:58.639  2764  4146 I CarrierServices: [125] chy.a: (PEv2-SM): DisabledState: event Connectivity event
04-20 19:48:58.639  2764  3687 I CarrierServices: [99] cay.d: Connected state: [1], networkType: [WIFI]
04-20 19:48:58.643  2506  2711 E PhoneInterfaceManager: [PhoneIntfMgr] getCarrierPrivilegeStatus: No UICC
04-20 19:48:59.780     0     0 W swapper/1: type=1400 audit(0.0:555): avc: denied { kill } for uid=0 capability=5 scontext=u:r:kernel:s0 tcontext=u:r:kernel:s0 tclass=capability permissive=0
04-20 19:49:00.029  2315  2315 W View    : requestLayout() improperly called by com.android.systemui.statusbar.HeadsUpStatusBarView{aa901f7 I.E...... ......ID 0,0-248,56 #7f0a01f7 app:id/heads_up_status_bar_view} during layout: running second layout pass
04-20 19:49:00.145 14771 14809 I Finsky  : [1220] nmi.run(36): Stats for Executor: BlockingExecutor non@53731ee[Running, pool size = 0, active threads = 0, queued tasks = 0, completed tasks = 853]
04-20 19:49:00.147 14771 14809 I Finsky  : [1220] nmi.run(36): Stats for Executor: LightweightExecutor non@5caf68f[Running, pool size = 4, active threads = 0, queued tasks = 0, completed tasks = 1474]
04-20 19:49:00.310 14771 14809 I Finsky  : [1220] nmi.run(36): Stats for Executor: bgExecutor non@24bd1c[Running, pool size = 4, active threads = 0, queued tasks = 0, completed tasks = 1846]
04-20 19:49:09.783     0     0 W swapper/0: type=1400 audit(0.0:556): avc: denied { kill } for uid=0 capability=5 scontext=u:r:kernel:s0 tcontext=u:r:kernel:s0 tclass=capability permissive=0
04-20 19:49:10.841  2449  3312 D QCNEJ/WlanStaInfoRelay: Received action: android.net.wifi.RSSI_CHANGED
04-20 19:49:10.841  2449  3312 I QCNEJ/NativeHalConnector: -> SND notifyWlanStaStatusChanged([WlanStaInfo]: wifiSwitchState = 1 rssi = -55 ssid = Jasmine bssid = b0:39:56:5a:37:40 dnsInfo = 192.168.1.1;0.0.0.0;0.0.0.0;0.0.0.0; freqBand = _2GHz countryCode = us[RatInfo]: networkType = 1 subType = 101 networkState = CONNECTED netHdl = 432902426637 ipAddrV4 = 192.168.1.67 ipAddrV6 =  ifNameV4 = wlan0 ifNameV6 =  slotIdx = 0 isAndroidValidated = true) timeStamp = 2021-04-20 19:49:10.841
04-20 19:49:10.847  2506  2711 E PhoneInterfaceManager: [PhoneIntfMgr] getCarrierPrivilegeStatus: No UICC
04-20 19:49:10.851  2764  3687 I CarrierServices: [99] car.a: FiST: Wifi connectivity status true
04-20 19:49:10.853  2764  4153 I CarrierServices: [127] awv.handleMessage: RCS is disabled, skipping config update request
04-20 19:49:10.854  2764  4146 I CarrierServices: [125] chy.a: (PEv2-SM): DisabledState: event Connectivity event
04-20 19:49:10.854  2764  3687 I CarrierServices: [99] cay.d: Connected state: [1], networkType: [WIFI]
04-20 19:49:10.861  2506  2711 E PhoneInterfaceManager: [PhoneIntfMgr] getCarrierPrivilegeStatus: No UICC
04-20 19:49:16.990  2449  3312 D QCNEJ/WlanStaInfoRelay: Received action: android.net.wifi.RSSI_CHANGED
04-20 19:49:16.991  2449  3312 I QCNEJ/NativeHalConnector: -> SND notifyWlanStaStatusChanged([WlanStaInfo]: wifiSwitchState = 1 rssi = -56 ssid = Jasmine bssid = b0:39:56:5a:37:40 dnsInfo = 192.168.1.1;0.0.0.0;0.0.0.0;0.0.0.0; freqBand = _2GHz countryCode = us[RatInfo]: networkType = 1 subType = 101 networkState = CONNECTED netHdl = 432902426637 ipAddrV4 = 192.168.1.67 ipAddrV6 =  ifNameV4 = wlan0 ifNameV6 =  slotIdx = 0 isAndroidValidated = true) timeStamp = 2021-04-20 19:49:16.991
04-20 19:49:17.003  2506  2711 E PhoneInterfaceManager: [PhoneIntfMgr] getCarrierPrivilegeStatus: No UICC
04-20 19:49:17.005  2764  3687 I CarrierServices: [99] car.a: FiST: Wifi connectivity status true
04-20 19:49:17.007  2764  4146 I CarrierServices: [125] chy.a: (PEv2-SM): DisabledState: event Connectivity event
04-20 19:49:17.007  2764  4153 I CarrierServices: [127] awv.handleMessage: RCS is disabled, skipping config update request
04-20 19:49:17.011  2506  2711 E PhoneInterfaceManager: [PhoneIntfMgr] getCarrierPrivilegeStatus: No UICC
04-20 19:49:17.012  2764  3687 I CarrierServices: [99] cay.d: Connected state: [1], networkType: [WIFI]
04-20 19:49:18.016  1746  2064 D BatteryService: uevent={POWER_SUPPLY_DP_DM=0, POWER_SUPPLY_VOLTAGE_NOW=4266443, POWER_SUPPLY_SW_JEITA_ENABLED=0, POWER_SUPPLY_CHARGE_CONTROL_LIMIT_MAX=8, POWER_SUPPLY_RECHARGE_SOC=99, POWER_SUPPLY_HEALTH=Good, POWER_SUPPLY_TECHNOLOGY=Li-ion, POWER_SUPPLY_FCC_STEPPER_ENABLE=0, SEQNUM=13963, POWER_SUPPLY_INPUT_CURRENT_LIMITED=0, POWER_SUPPLY_CHARGE_CONTROL_LIMIT=0, POWER_SUPPLY_BATTERY_CHARGING_ENABLED=1, POWER_SUPPLY_STATUS=Discharging, POWER_SUPPLY_CYCLE_COUNT=1, POWER_SUPPLY_CURRENT_MAX=2000000, POWER_SUPPLY_CHARGE_TERM_CURRENT=-101, POWER_SUPPLY_CAPACITY=95, DEVPATH=/devices/platform/soc/200f000.qcom,spmi/spmi-0/spmi0-02/200f000.qcom,spmi:qcom,pmi632@2:qcom,qpnp-smb5/power_supply/battery, POWER_SUPPLY_CHARGE_DONE=0, POWER_SUPPLY_CHARGE_TYPE=N/A, POWER_SUPPLY_CHARGE_RATE=None, POWER_SUPPLY_CURRENT_NOW=-187988, POWER_SUPPLY_SYSTEM_TEMP_LEVEL=0, POWER_SUPPLY_PRESENT=1, POWER_SUPPLY_PARALLEL_DISABLE=0, POWER_SUPPLY_CHARGE_FULL=3615000, SUBSYSTEM=power_supply, POWER_SUPPLY_SET_SHIP_MODE=0, POWER_SUPPLY_TEMP=232, ACTION=change, POWER_SUPPLY_RERUN_AICL=0, POWER_SUPPLY_AGE=100, POWER_SUPPLY_NAME=battery, POWER_SUPPLY_VOLTAGE_MAX=-22, POWER_SUPPLY_CONSTANT_CHARGE_CURRENT_MAX=2000000, POWER_SUPPLY_CHARGE_COUNTER=3398100, POWER_SUPPLY_STEP_CHARGING_ENABLED=0, POWER_SUPPLY_NUM_SYSTEM_TEMP_LEVELS=8, POWER_SUPPLY_DIE_HEALTH=Hot, POWER_SUPPLY_INPUT_SUSPEND=0}
04-20 19:49:18.035  2506  2506 D QtiCarrierConfigHelper: WARNING, no carrier configs on phone Id: 0
04-20 19:49:19.783     0     0 W swapper/1: type=1400 audit(0.0:557): avc: denied { kill } for uid=0 capability=5 scontext=u:r:kernel:s0 tcontext=u:r:kernel:s0 tclass=capability permissive=0
04-20 19:49:20.081  2449  3312 D QCNEJ/WlanStaInfoRelay: Received action: android.net.wifi.RSSI_CHANGED
04-20 19:49:20.082  2449  3312 I QCNEJ/NativeHalConnector: -> SND notifyWlanStaStatusChanged([WlanStaInfo]: wifiSwitchState = 1 rssi = -54 ssid = Jasmine bssid = b0:39:56:5a:37:40 dnsInfo = 192.168.1.1;0.0.0.0;0.0.0.0;0.0.0.0; freqBand = _2GHz countryCode = us[RatInfo]: networkType = 1 subType = 101 networkState = CONNECTED netHdl = 432902426637 ipAddrV4 = 192.168.1.67 ipAddrV6 =  ifNameV4 = wlan0 ifNameV6 =  slotIdx = 0 isAndroidValidated = true) timeStamp = 2021-04-20 19:49:20.081
04-20 19:49:20.091  2506  2917 E PhoneInterfaceManager: [PhoneIntfMgr] getCarrierPrivilegeStatus: No UICC
04-20 19:49:20.094  2764  3687 I CarrierServices: [99] car.a: FiST: Wifi connectivity status true
04-20 19:49:20.096  2764  4153 I CarrierServices: [127] awv.handleMessage: RCS is disabled, skipping config update request
04-20 19:49:20.096  2764  4146 I CarrierServices: [125] chy.a: (PEv2-SM): DisabledState: event Connectivity event
04-20 19:49:20.098  2764  3687 I CarrierServices: [99] cay.d: Connected state: [1], networkType: [WIFI]
04-20 19:49:20.104  2506  2917 E PhoneInterfaceManager: [PhoneIntfMgr] getCarrierPrivilegeStatus: No UICC
04-20 19:49:23.162  2449  3312 D QCNEJ/WlanStaInfoRelay: Received action: android.net.wifi.RSSI_CHANGED
04-20 19:49:23.163  2449  3312 I QCNEJ/NativeHalConnector: -> SND notifyWlanStaStatusChanged([WlanStaInfo]: wifiSwitchState = 1 rssi = -57 ssid = Jasmine bssid = b0:39:56:5a:37:40 dnsInfo = 192.168.1.1;0.0.0.0;0.0.0.0;0.0.0.0; freqBand = _2GHz countryCode = us[RatInfo]: networkType = 1 subType = 101 networkState = CONNECTED netHdl = 432902426637 ipAddrV4 = 192.168.1.67 ipAddrV6 =  ifNameV4 = wlan0 ifNameV6 =  slotIdx = 0 isAndroidValidated = true) timeStamp = 2021-04-20 19:49:23.162
04-20 19:49:23.169  2506  2917 E PhoneInterfaceManager: [PhoneIntfMgr] getCarrierPrivilegeStatus: No UICC
04-20 19:49:23.171  2764  3687 I CarrierServices: [99] car.a: FiST: Wifi connectivity status true
04-20 19:49:23.173  2764  4153 I CarrierServices: [127] awv.handleMessage: RCS is disabled, skipping config update request
04-20 19:49:23.174  2764  3687 I CarrierServices: [99] cay.d: Connected state: [1], networkType: [WIFI]
04-20 19:49:23.174  2764  4146 I CarrierServices: [125] chy.a: (PEv2-SM): DisabledState: event Connectivity event
04-20 19:49:23.182  2506  2917 E PhoneInterfaceManager: [PhoneIntfMgr] getCarrierPrivilegeStatus: No UICC
04-20 19:49:26.151 20429 25988 I chatty  : uid=10157(com.google.android.gms) expire 2 lines
04-20 19:49:26.236  2449  3312 D QCNEJ/WlanStaInfoRelay: Received action: android.net.wifi.RSSI_CHANGED
04-20 19:49:26.237  2449  3312 I QCNEJ/NativeHalConnector: -> SND notifyWlanStaStatusChanged([WlanStaInfo]: wifiSwitchState = 1 rssi = -54 ssid = Jasmine bssid = b0:39:56:5a:37:40 dnsInfo = 192.168.1.1;0.0.0.0;0.0.0.0;0.0.0.0; freqBand = _2GHz countryCode = us[RatInfo]: networkType = 1 subType = 101 networkState = CONNECTED netHdl = 432902426637 ipAddrV4 = 192.168.1.67 ipAddrV6 =  ifNameV4 = wlan0 ifNameV6 =  slotIdx = 0 isAndroidValidated = true) timeStamp = 2021-04-20 19:49:26.237
04-20 19:49:26.247  2506  2917 E PhoneInterfaceManager: [PhoneIntfMgr] getCarrierPrivilegeStatus: No UICC
04-20 19:49:26.249  2764  3687 I CarrierServices: [99] car.a: FiST: Wifi connectivity status true
04-20 19:49:26.251  2764  4153 I CarrierServices: [127] awv.handleMessage: RCS is disabled, skipping config update request
04-20 19:49:26.252  2764  3687 I CarrierServices: [99] cay.d: Connected state: [1], networkType: [WIFI]
04-20 19:49:26.253  2764  4146 I CarrierServices: [125] chy.a: (PEv2-SM): DisabledState: event Connectivity event
04-20 19:49:26.256  2506  2917 E PhoneInterfaceManager: [PhoneIntfMgr] getCarrierPrivilegeStatus: No UICC
04-20 19:49:29.783     0     0 W swapper/0: type=1400 audit(0.0:558): avc: denied { kill } for uid=0 capability=5 scontext=u:r:kernel:s0 tcontext=u:r:kernel:s0 tclass=capability permissive=0
04-20 19:49:32.354  2449  3312 D QCNEJ/WlanStaInfoRelay: Received action: android.net.wifi.RSSI_CHANGED
04-20 19:49:32.354  2449  3312 I QCNEJ/NativeHalConnector: -> SND notifyWlanStaStatusChanged([WlanStaInfo]: wifiSwitchState = 1 rssi = -56 ssid = Jasmine bssid = b0:39:56:5a:37:40 dnsInfo = 192.168.1.1;0.0.0.0;0.0.0.0;0.0.0.0; freqBand = _2GHz countryCode = us[RatInfo]: networkType = 1 subType = 101 networkState = CONNECTED netHdl = 432902426637 ipAddrV4 = 192.168.1.67 ipAddrV6 =  ifNameV4 = wlan0 ifNameV6 =  slotIdx = 0 isAndroidValidated = true) timeStamp = 2021-04-20 19:49:32.354
04-20 19:49:32.363  2506  2917 E PhoneInterfaceManager: [PhoneIntfMgr] getCarrierPrivilegeStatus: No UICC
04-20 19:49:32.366  2764  3687 I CarrierServices: [99] car.a: FiST: Wifi connectivity status true
04-20 19:49:32.367  2764  4146 I CarrierServices: [125] chy.a: (PEv2-SM): DisabledState: event Connectivity event
04-20 19:49:32.368  2764  3687 I CarrierServices: [99] cay.d: Connected state: [1], networkType: [WIFI]
04-20 19:49:32.368  2764  4153 I CarrierServices: [127] awv.handleMessage: RCS is disabled, skipping config update request
04-20 19:49:32.373  2506  2917 E PhoneInterfaceManager: [PhoneIntfMgr] getCarrierPrivilegeStatus: No UICC
04-20 19:49:39.790     0     0 W swapper/1: type=1400 audit(0.0:559): avc: denied { kill } for uid=0 capability=5 scontext=u:r:kernel:s0 tcontext=u:r:kernel:s0 tclass=capability permissive=0
04-20 19:49:47.672  2449  3312 D QCNEJ/WlanStaInfoRelay: Received action: android.net.wifi.RSSI_CHANGED
04-20 19:49:47.673  2449  3312 I QCNEJ/NativeHalConnector: -> SND notifyWlanStaStatusChanged([WlanStaInfo]: wifiSwitchState = 1 rssi = -55 ssid = Jasmine bssid = b0:39:56:5a:37:40 dnsInfo = 192.168.1.1;0.0.0.0;0.0.0.0;0.0.0.0; freqBand = _2GHz countryCode = us[RatInfo]: networkType = 1 subType = 101 networkState = CONNECTED netHdl = 432902426637 ipAddrV4 = 192.168.1.67 ipAddrV6 =  ifNameV4 = wlan0 ifNameV6 =  slotIdx = 0 isAndroidValidated = true) timeStamp = 2021-04-20 19:49:47.672
04-20 19:49:47.685  2506  2917 E PhoneInterfaceManager: [PhoneIntfMgr] getCarrierPrivilegeStatus: No UICC
04-20 19:49:47.701  2764  3687 I CarrierServices: [99] car.a: FiST: Wifi connectivity status true
04-20 19:49:47.704  2764  4146 I CarrierServices: [125] chy.a: (PEv2-SM): DisabledState: event Connectivity event
04-20 19:49:47.704  2764  4153 I CarrierServices: [127] awv.handleMessage: RCS is disabled, skipping config update request
04-20 19:49:47.704  2764  3687 I CarrierServices: [99] cay.d: Connected state: [1], networkType: [WIFI]
04-20 19:49:47.714  2506  2917 E PhoneInterfaceManager: [PhoneIntfMgr] getCarrierPrivilegeStatus: No UICC
04-20 19:49:49.793     0     0 W swapper/0: type=1400 audit(0.0:560): avc: denied { kill } for uid=0 capability=5 scontext=u:r:kernel:s0 tcontext=u:r:kernel:s0 tclass=capability permissive=0
04-20 19:49:59.796     0     0 W swapper/1: type=1400 audit(0.0:561): avc: denied { kill } for uid=0 capability=5 scontext=u:r:kernel:s0 tcontext=u:r:kernel:s0 tclass=capability permissive=0
04-20 19:50:00.028  2315  2315 W View    : requestLayout() improperly called by com.android.systemui.statusbar.HeadsUpStatusBarView{aa901f7 I.E...... ......ID 0,0-248,56 #7f0a01f7 app:id/heads_up_status_bar_view} during layout: running second layout pass
04-20 19:50:06.501  1746  2064 D BatteryService: uevent={POWER_SUPPLY_DP_DM=0, POWER_SUPPLY_VOLTAGE_NOW=4272087, POWER_SUPPLY_SW_JEITA_ENABLED=0, POWER_SUPPLY_CHARGE_CONTROL_LIMIT_MAX=8, POWER_SUPPLY_RECHARGE_SOC=99, POWER_SUPPLY_HEALTH=Good, POWER_SUPPLY_TECHNOLOGY=Li-ion, POWER_SUPPLY_FCC_STEPPER_ENABLE=0, SEQNUM=14061, POWER_SUPPLY_INPUT_CURRENT_LIMITED=0, POWER_SUPPLY_CHARGE_CONTROL_LIMIT=0, POWER_SUPPLY_BATTERY_CHARGING_ENABLED=1, POWER_SUPPLY_STATUS=Discharging, POWER_SUPPLY_CYCLE_COUNT=1, POWER_SUPPLY_CURRENT_MAX=2000000, POWER_SUPPLY_CHARGE_TERM_CURRENT=-101, POWER_SUPPLY_CAPACITY=94, DEVPATH=/devices/platform/soc/200f000.qcom,spmi/spmi-0/spmi0-02/200f000.qcom,spmi:qcom,pmi632@2:qcom,qpnp-smb5/power_supply/battery, POWER_SUPPLY_CHARGE_DONE=0, POWER_SUPPLY_CHARGE_TYPE=N/A, POWER_SUPPLY_CHARGE_RATE=None, POWER_SUPPLY_CURRENT_NOW=-147094, POWER_SUPPLY_SYSTEM_TEMP_LEVEL=0, POWER_SUPPLY_PRESENT=1, POWER_SUPPLY_PARALLEL_DISABLE=0, POWER_SUPPLY_CHARGE_FULL=3615000, SUBSYSTEM=power_supply, POWER_SUPPLY_SET_SHIP_MODE=0, POWER_SUPPLY_TEMP=232, ACTION=change, POWER_SUPPLY_RERUN_AICL=0, POWER_SUPPLY_AGE=100, POWER_SUPPLY_NAME=battery, POWER_SUPPLY_VOLTAGE_MAX=-22, POWER_SUPPLY_CONSTANT_CHARGE_CURRENT_MAX=2000000, POWER_SUPPLY_CHARGE_COUNTER=3398100, POWER_SUPPLY_STEP_CHARGING_ENABLED=0, POWER_SUPPLY_NUM_SYSTEM_TEMP_LEVELS=8, POWER_SUPPLY_DIE_HEALTH=Hot, POWER_SUPPLY_INPUT_SUSPEND=0}
04-20 19:50:06.521  2506  2506 D QtiCarrierConfigHelper: WARNING, no carrier configs on phone Id: 0
04-20 19:50:06.523 20210 20210 D CmdCenter: - RowBuilder2: setUseWhiteRes useOrNot = true
04-20 19:50:06.528 20210 20210 D CmdCenter: - RowWidgetUpdater2: the Min widget of widget[2] is 213
04-20 19:50:06.528 20210 20210 D CmdCenter: - RowWidgetUpdater2: 2cellWidth = 180 column is 3
04-20 19:50:06.528 20210 20210 D CmdCenter: - RowBuilder2: useWhiteRes=true -is 18-9?=true cellX= 3 grid=5
04-20 19:50:06.531   824   824 D ThermalHAL-TARGET: Entering get_temperatures
04-20 19:50:06.531   824   824 D ThermalHAL-TARGET: Entering get_temperatures
04-20 19:50:06.531   824   824 D ThermalHAL-UTIL: Entering get_temperature_for_all
04-20 19:50:06.531   824   824 D ThermalHAL-UTIL: Entering read_temperature
04-20 19:50:06.538   824   824 D ThermalHAL-UTIL: Entering read_temperature
04-20 19:50:06.564  7386  7386 D MCLOG   : [MC_Service] onStartcommand()
04-20 19:50:06.578 20210 20210 D CmdCenter: - RowWeatherInitializer: Utils.getWeatherInfo return null.
04-20 19:50:06.581 20210 20210 D CmdCenter: - RowWidgetUpdater2: ->config = {1.0 ?mcc?mnc [en_US] ldltr sw411dp w411dp h812dp 280dpi nrml long port finger -keyb/v/h -nav/h winConfig={ mBounds=Rect(0, 0 - 720, 1520) mAppBounds=Rect(0, 56 - 720, 1478) mWindowingMode=fullscreen mDisplayWindowingMode=fullscreen mActivityType=undefined mAlwaysOnTop=undefined mRotation=ROTATION_0} s.42 ?spn ?gid}
04-20 19:50:06.581 20210 20210 D CmdCenter: - RowWidgetUpdater2: ->config debug_dimens = 54
04-20 19:50:09.800     0     0 W swapper/0: type=1400 audit(0.0:562): avc: denied { kill } for uid=0 capability=5 scontext=u:r:kernel:s0 tcontext=u:r:kernel:s0 tclass=capability permissive=0
04-20 19:50:18.330  2449  3312 D QCNEJ/WlanStaInfoRelay: Received action: android.net.wifi.RSSI_CHANGED
04-20 19:50:18.331  2449  3312 I QCNEJ/NativeHalConnector: -> SND notifyWlanStaStatusChanged([WlanStaInfo]: wifiSwitchState = 1 rssi = -60 ssid = Jasmine bssid = b0:39:56:5a:37:40 dnsInfo = 192.168.1.1;0.0.0.0;0.0.0.0;0.0.0.0; freqBand = _2GHz countryCode = us[RatInfo]: networkType = 1 subType = 101 networkState = CONNECTED netHdl = 432902426637 ipAddrV4 = 192.168.1.67 ipAddrV6 =  ifNameV4 = wlan0 ifNameV6 =  slotIdx = 0 isAndroidValidated = true) timeStamp = 2021-04-20 19:50:18.331
04-20 19:50:18.337  2506  2917 E PhoneInterfaceManager: [PhoneIntfMgr] getCarrierPrivilegeStatus: No UICC
04-20 19:50:18.340  2764  3687 I CarrierServices: [99] car.a: FiST: Wifi connectivity status true
04-20 19:50:18.343  2764  3687 I CarrierServices: [99] cay.d: Connected state: [1], networkType: [WIFI]
04-20 19:50:18.344  2764  4153 I CarrierServices: [127] awv.handleMessage: RCS is disabled, skipping config update request
04-20 19:50:18.345  2764  4146 I CarrierServices: [125] chy.a: (PEv2-SM): DisabledState: event Connectivity event
04-20 19:50:18.349  2506  2917 E PhoneInterfaceManager: [PhoneIntfMgr] getCarrierPrivilegeStatus: No UICC
04-20 19:50:19.451  1746  2064 D BatteryService: uevent={POWER_SUPPLY_DP_DM=0, POWER_SUPPLY_VOLTAGE_NOW=4263912, POWER_SUPPLY_SW_JEITA_ENABLED=0, POWER_SUPPLY_CHARGE_CONTROL_LIMIT_MAX=8, POWER_SUPPLY_RECHARGE_SOC=99, POWER_SUPPLY_HEALTH=Good, POWER_SUPPLY_TECHNOLOGY=Li-ion, POWER_SUPPLY_FCC_STEPPER_ENABLE=0, SEQNUM=14087, POWER_SUPPLY_INPUT_CURRENT_LIMITED=0, POWER_SUPPLY_CHARGE_CONTROL_LIMIT=0, POWER_SUPPLY_BATTERY_CHARGING_ENABLED=1, POWER_SUPPLY_STATUS=Discharging, POWER_SUPPLY_CYCLE_COUNT=1, POWER_SUPPLY_CURRENT_MAX=2000000, POWER_SUPPLY_CHARGE_TERM_CURRENT=-101, POWER_SUPPLY_CAPACITY=94, DEVPATH=/devices/platform/soc/200f000.qcom,spmi/spmi-0/spmi0-02/200f000.qcom,spmi:qcom,pmi632@2:qcom,qpnp-smb5/power_supply/battery, POWER_SUPPLY_CHARGE_DONE=0, POWER_SUPPLY_CHARGE_TYPE=N/A, POWER_SUPPLY_CHARGE_RATE=None, POWER_SUPPLY_CURRENT_NOW=-211944, POWER_SUPPLY_SYSTEM_TEMP_LEVEL=0, POWER_SUPPLY_PRESENT=1, POWER_SUPPLY_PARALLEL_DISABLE=0, POWER_SUPPLY_CHARGE_FULL=3615000, SUBSYSTEM=power_supply, POWER_SUPPLY_SET_SHIP_MODE=0, POWER_SUPPLY_TEMP=232, ACTION=change, POWER_SUPPLY_RERUN_AICL=0, POWER_SUPPLY_AGE=100, POWER_SUPPLY_NAME=battery, POWER_SUPPLY_VOLTAGE_MAX=-22, POWER_SUPPLY_CONSTANT_CHARGE_CURRENT_MAX=2000000, POWER_SUPPLY_CHARGE_COUNTER=3398100, POWER_SUPPLY_STEP_CHARGING_ENABLED=0, POWER_SUPPLY_NUM_SYSTEM_TEMP_LEVELS=8, POWER_SUPPLY_DIE_HEALTH=Hot, POWER_SUPPLY_INPUT_SUSPEND=0}
04-20 19:50:19.457  2506  2506 D QtiCarrierConfigHelper: WARNING, no carrier configs on phone Id: 0
04-20 19:50:19.800     0     0 W swapper/1: type=1400 audit(0.0:563): avc: denied { kill } for uid=0 capability=5 scontext=u:r:kernel:s0 tcontext=u:r:kernel:s0 tclass=capability permissive=0
04-20 19:50:29.803     0     0 W swapper/0: type=1400 audit(0.0:564): avc: denied { kill } for uid=0 capability=5 scontext=u:r:kernel:s0 tcontext=u:r:kernel:s0 tclass=capability permissive=0
04-20 19:50:30.573  2449  3312 D QCNEJ/WlanStaInfoRelay: Received action: android.net.wifi.RSSI_CHANGED
04-20 19:50:30.574  2449  3312 I QCNEJ/NativeHalConnector: -> SND notifyWlanStaStatusChanged([WlanStaInfo]: wifiSwitchState = 1 rssi = -55 ssid = Jasmine bssid = b0:39:56:5a:37:40 dnsInfo = 192.168.1.1;0.0.0.0;0.0.0.0;0.0.0.0; freqBand = _2GHz countryCode = us[RatInfo]: networkType = 1 subType = 101 networkState = CONNECTED netHdl = 432902426637 ipAddrV4 = 192.168.1.67 ipAddrV6 =  ifNameV4 = wlan0 ifNameV6 =  slotIdx = 0 isAndroidValidated = true) timeStamp = 2021-04-20 19:50:30.574
04-20 19:50:30.579  2506  2917 E PhoneInterfaceManager: [PhoneIntfMgr] getCarrierPrivilegeStatus: No UICC
04-20 19:50:30.582  2764  3687 I CarrierServices: [99] car.a: FiST: Wifi connectivity status true
04-20 19:50:30.584  2764  4153 I CarrierServices: [127] awv.handleMessage: RCS is disabled, skipping config update request
04-20 19:50:30.585  2764  3687 I CarrierServices: [99] cay.d: Connected state: [1], networkType: [WIFI]
04-20 19:50:30.586  2764  4146 I CarrierServices: [125] chy.a: (PEv2-SM): DisabledState: event Connectivity event
