04-20 20:05:50.004  1749  1781 W BroadcastQueue: Background execution not allowed: receiving Intent { act=android.bluetooth.device.action.BOND_STATE_CHANGED flg=0x10 (has extras) } to com.google.android.googlequicksearchbox/com.google.android.apps.gsa.broadcastreceiver.external.ExternalCommonBroadcastReceiver
04-20 20:05:55.786  1749  1782 I ActivityManager: Start proc 32217:com.google.android.apps.nbu.files/u0a124 for service {com.google.android.apps.nbu.files/com.google.android.apps.nbu.files.mediastore.MediaStoreContentChangeListenerService}
04-20 20:05:57.382  1749  3486 W ProcessStats: Tracking association SourceState{c1ca9b4 com.google.android.gms/10158 ImpFg #56392} whose proc state 2 is better than process ProcessState{92149dd com.google.process.gservices/10158 pkg=com.google.android.gsf} proc state 3 (42 skipped)
04-20 20:05:58.041  1749  1781 W BroadcastQueue: Background execution not allowed: receiving Intent { act=android.bluetooth.device.action.BOND_STATE_CHANGED flg=0x10 (has extras) } to com.google.android.gms/.chimera.GmsIntentOperationService$PersistentTrustedReceiver
04-20 20:05:58.042  1749  1781 W BroadcastQueue: Background execution not allowed: receiving Intent { act=android.bluetooth.device.action.BOND_STATE_CHANGED flg=0x10 (has extras) } to com.google.android.googlequicksearchbox/com.google.android.apps.gsa.broadcastreceiver.external.ExternalCommonBroadcastReceiver
04-20 20:05:58.299  1749  1781 W BroadcastQueue: Background execution not allowed: receiving Intent { act=android.bluetooth.device.action.BOND_STATE_CHANGED flg=0x10 (has extras) } to com.google.android.gms/.chimera.GmsIntentOperationService$PersistentTrustedReceiver
04-20 20:05:58.300  1749  1781 W BroadcastQueue: Background execution not allowed: receiving Intent { act=android.bluetooth.device.action.BOND_STATE_CHANGED flg=0x10 (has extras) } to com.google.android.googlequicksearchbox/com.google.android.apps.gsa.broadcastreceiver.external.ExternalCommonBroadcastReceiver
04-20 20:05:59.770  1749  1781 I ActivityManager: Waited long enough for: ServiceRecord{dcd6c58 u0 com.google.android.googlequicksearchbox/com.google.android.apps.gsa.shared.util.keepalive.StandaloneKeepAlive$KeepAliveService}
04-20 20:06:00.903  1749  2054 D BatteryService: uevent={POWER_SUPPLY_DP_DM=0, POWER_SUPPLY_VOLTAGE_NOW=3954050, POWER_SUPPLY_SW_JEITA_ENABLED=0, POWER_SUPPLY_CHARGE_CONTROL_LIMIT_MAX=8, POWER_SUPPLY_RECHARGE_SOC=99, POWER_SUPPLY_HEALTH=Good, POWER_SUPPLY_TECHNOLOGY=Li-ion, POWER_SUPPLY_FCC_STEPPER_ENABLE=0, SEQNUM=16006, POWER_SUPPLY_INPUT_CURRENT_LIMITED=0, POWER_SUPPLY_CHARGE_CONTROL_LIMIT=0, POWER_SUPPLY_BATTERY_CHARGING_ENABLED=1, POWER_SUPPLY_STATUS=Discharging, POWER_SUPPLY_CYCLE_COUNT=1, POWER_SUPPLY_CURRENT_MAX=2000000, POWER_SUPPLY_CHARGE_TERM_CURRENT=-101, POWER_SUPPLY_CAPACITY=68, DEVPATH=/devices/platform/soc/200f000.qcom,spmi/spmi-0/spmi0-02/200f000.qcom,spmi:qcom,pmi632@2:qcom,qpnp-smb5/power_supply/battery, POWER_SUPPLY_CHARGE_DONE=0, POWER_SUPPLY_CHARGE_TYPE=N/A, POWER_SUPPLY_CHARGE_RATE=None, POWER_SUPPLY_CURRENT_NOW=-223999, POWER_SUPPLY_SYSTEM_TEMP_LEVEL=0, POWER_SUPPLY_PRESENT=1, POWER_SUPPLY_PARALLEL_DISABLE=0, POWER_SUPPLY_CHARGE_FULL=3615000, SUBSYSTEM=power_supply, POWER_SUPPLY_SET_SHIP_MODE=0, POWER_SUPPLY_TEMP=260, ACTION=change, POWER_SUPPLY_RERUN_AICL=0, POWER_SUPPLY_AGE=100, POWER_SUPPLY_NAME=battery, POWER_SUPPLY_VOLTAGE_MAX=-22, POWER_SUPPLY_CONSTANT_CHARGE_CURRENT_MAX=2000000, POWER_SUPPLY_CHARGE_COUNTER=2458200, POWER_SUPPLY_STEP_CHARGING_ENABLED=0, POWER_SUPPLY_NUM_SYSTEM_TEMP_LEVELS=8, POWER_SUPPLY_DIE_HEALTH=Hot, POWER_SUPPLY_INPUT_SUSPEND=0}
04-20 20:06:17.065  1749  1781 W BroadcastQueue: Background execution not allowed: receiving Intent { act=android.bluetooth.device.action.BOND_STATE_CHANGED flg=0x10 (has extras) } to com.google.android.gms/.chimera.GmsIntentOperationService$PersistentTrustedReceiver
04-20 20:06:17.065  1749  1781 W BroadcastQueue: Background execution not allowed: receiving Intent { act=android.bluetooth.device.action.BOND_STATE_CHANGED flg=0x10 (has extras) } to com.google.android.googlequicksearchbox/com.google.android.apps.gsa.broadcastreceiver.external.ExternalCommonBroadcastReceiver
04-20 20:06:17.899  1749  1781 W BroadcastQueue: Background execution not allowed: receiving Intent { act=android.bluetooth.device.action.BOND_STATE_CHANGED flg=0x10 (has extras) } to com.google.android.gms/.chimera.GmsIntentOperationService$PersistentTrustedReceiver
04-20 20:06:17.899  1749  1781 W BroadcastQueue: Background execution not allowed: receiving Intent { act=android.bluetooth.device.action.BOND_STATE_CHANGED flg=0x10 (has extras) } to com.google.android.googlequicksearchbox/com.google.android.apps.gsa.broadcastreceiver.external.ExternalCommonBroadcastReceiver
04-20 20:06:17.904  1749  1781 I ActivityManager: Killing 26941:com.motorola.invisiblenet/u0a156 (adj 995): empty for 1913s
04-20 20:06:17.952  1749  1768 D ActivityManager: makeInactive, ProcessRecord{67a2c7d 26941:com.motorola.invisiblenet/u0a156}, clear holder.state
04-20 20:06:36.907  1749  9826 W ProcessStats: Tracking association SourceState{5bb78d com.google.android.gms.persistent/10158 ImpFg #56590} whose proc state 2 is better than process ProcessState{d084d42 com.google.android.gms/10158 pkg=com.google.android.gms (sub)} proc state 3 (17 skipped)
04-20 20:06:45.800  1749  1773 I WindowManager:   SURFACE show Surface(name=InputMethod)/@0x33dab63 on display:0: InputMethod
04-20 20:07:02.347  1749  2054 D BatteryService: uevent={POWER_SUPPLY_DP_DM=0, POWER_SUPPLY_VOLTAGE_NOW=3962809, POWER_SUPPLY_SW_JEITA_ENABLED=0, POWER_SUPPLY_CHARGE_CONTROL_LIMIT_MAX=8, POWER_SUPPLY_RECHARGE_SOC=99, POWER_SUPPLY_HEALTH=Good, POWER_SUPPLY_TECHNOLOGY=Li-ion, POWER_SUPPLY_FCC_STEPPER_ENABLE=0, SEQNUM=16129, POWER_SUPPLY_INPUT_CURRENT_LIMITED=0, POWER_SUPPLY_CHARGE_CONTROL_LIMIT=0, POWER_SUPPLY_BATTERY_CHARGING_ENABLED=1, POWER_SUPPLY_STATUS=Discharging, POWER_SUPPLY_CYCLE_COUNT=1, POWER_SUPPLY_CURRENT_MAX=2000000, POWER_SUPPLY_CHARGE_TERM_CURRENT=-101, POWER_SUPPLY_CAPACITY=68, DEVPATH=/devices/platform/soc/200f000.qcom,spmi/spmi-0/spmi0-02/200f000.qcom,spmi:qcom,pmi632@2:qcom,qpnp-smb5/power_supply/battery, POWER_SUPPLY_CHARGE_DONE=0, POWER_SUPPLY_CHARGE_TYPE=N/A, POWER_SUPPLY_CHARGE_RATE=None, POWER_SUPPLY_CURRENT_NOW=-211639, POWER_SUPPLY_SYSTEM_TEMP_LEVEL=0, POWER_SUPPLY_PRESENT=1, POWER_SUPPLY_PARALLEL_DISABLE=0, POWER_SUPPLY_CHARGE_FULL=3615000, SUBSYSTEM=power_supply, POWER_SUPPLY_SET_SHIP_MODE=0, POWER_SUPPLY_TEMP=260, ACTION=change, POWER_SUPPLY_RERUN_AICL=0, POWER_SUPPLY_AGE=100, POWER_SUPPLY_NAME=battery, POWER_SUPPLY_VOLTAGE_MAX=-22, POWER_SUPPLY_CONSTANT_CHARGE_CURRENT_MAX=2000000, POWER_SUPPLY_CHARGE_COUNTER=2422050, POWER_SUPPLY_STEP_CHARGING_ENABLED=0, POWER_SUPPLY_NUM_SYSTEM_TEMP_LEVELS=8, POWER_SUPPLY_DIE_HEALTH=Hot, POWER_SUPPLY_INPUT_SUSPEND=0}
04-20 20:07:18.965  1749 11475 W ProcessStats: Tracking association SourceState{5bb78d com.google.android.gms.persistent/10158 ImpFg #56681} whose proc state 2 is better than process ProcessState{d084d42 com.google.android.gms/10158 pkg=com.google.android.gms (sub)} proc state 3 (5 skipped)
04-20 20:07:36.908  1749  5874 W ProcessStats: Tracking association SourceState{5bb78d com.google.android.gms.persistent/10158 ImpFg #56686} whose proc state 2 is better than process ProcessState{d084d42 com.google.android.gms/10158 pkg=com.google.android.gms (sub)} proc state 3 (0 skipped)
04-20 20:07:42.816  1749  2054 D BatteryService: uevent={POWER_SUPPLY_DP_DM=0, POWER_SUPPLY_VOLTAGE_NOW=3963587, POWER_SUPPLY_SW_JEITA_ENABLED=0, POWER_SUPPLY_CHARGE_CONTROL_LIMIT_MAX=8, POWER_SUPPLY_RECHARGE_SOC=99, POWER_SUPPLY_HEALTH=Good, POWER_SUPPLY_TECHNOLOGY=Li-ion, POWER_SUPPLY_FCC_STEPPER_ENABLE=0, SEQNUM=16212, POWER_SUPPLY_INPUT_CURRENT_LIMITED=0, POWER_SUPPLY_CHARGE_CONTROL_LIMIT=0, POWER_SUPPLY_BATTERY_CHARGING_ENABLED=1, POWER_SUPPLY_STATUS=Discharging, POWER_SUPPLY_CYCLE_COUNT=1, POWER_SUPPLY_CURRENT_MAX=2000000, POWER_SUPPLY_CHARGE_TERM_CURRENT=-101, POWER_SUPPLY_CAPACITY=67, DEVPATH=/devices/platform/soc/200f000.qcom,spmi/spmi-0/spmi0-02/200f000.qcom,spmi:qcom,pmi632@2:qcom,qpnp-smb5/power_supply/battery, POWER_SUPPLY_CHARGE_DONE=0, POWER_SUPPLY_CHARGE_TYPE=N/A, POWER_SUPPLY_CHARGE_RATE=None, POWER_SUPPLY_CURRENT_NOW=-215454, POWER_SUPPLY_SYSTEM_TEMP_LEVEL=0, POWER_SUPPLY_PRESENT=1, POWER_SUPPLY_PARALLEL_DISABLE=0, POWER_SUPPLY_CHARGE_FULL=3615000, SUBSYSTEM=power_supply, POWER_SUPPLY_SET_SHIP_MODE=0, POWER_SUPPLY_TEMP=260, ACTION=change, POWER_SUPPLY_RERUN_AICL=0, POWER_SUPPLY_AGE=100, POWER_SUPPLY_NAME=battery, POWER_SUPPLY_VOLTAGE_MAX=-22, POWER_SUPPLY_CONSTANT_CHARGE_CURRENT_MAX=2000000, POWER_SUPPLY_CHARGE_COUNTER=2422050, POWER_SUPPLY_STEP_CHARGING_ENABLED=0, POWER_SUPPLY_NUM_SYSTEM_TEMP_LEVELS=8, POWER_SUPPLY_DIE_HEALTH=Hot, POWER_SUPPLY_INPUT_SUSPEND=0}
04-20 20:07:42.915  1749  1782 I ActivityManager: Start proc 32737:com.android.providers.calendar/u0a59 for content provider {com.android.providers.calendar/com.android.providers.calendar.CalendarProvider2}
04-20 20:07:42.989  1749  7787 I ActivityManager: Killing 23699:com.android.vending/u0a120 (adj 995): empty for 1982s
04-20 20:07:43.072  1749  7787 D ConnectivityService: ConnectivityService NetworkRequestInfo binderDied(NetworkRequest [ TRACK_DEFAULT id=124, [ Capabilities: INTERNET&NOT_RESTRICTED&TRUSTED Uid: 10120] ], android.os.BinderProxy@3b4b9a0)
04-20 20:07:43.073  1749  5874 D ConnectivityService: ConnectivityService NetworkRequestInfo binderDied(NetworkRequest [ LISTEN id=125, [ Capabilities: INTERNET&NOT_RESTRICTED&TRUSTED Uid: 10120] ], android.os.BinderProxy@641f959)
04-20 20:07:43.073  1749  2255 D ConnectivityService: releasing NetworkRequest [ TRACK_DEFAULT id=124, [ Capabilities: INTERNET&NOT_RESTRICTED&TRUSTED Uid: 10120] ] (release request)
04-20 20:07:43.074  1749  7754 D ActivityManager: makeInactive, ProcessRecord{197e667 23699:com.android.vending/u0a120}, clear holder.state
04-20 20:07:47.555  1749  1781 W ProcessStats: Tracking association SourceState{5bb78d com.google.android.gms.persistent/10158 ImpFg #56703} whose proc state 2 is better than process ProcessState{d084d42 com.google.android.gms/10158 pkg=com.google.android.gms (sub)} proc state 3 (11 skipped)
04-20 20:07:48.745  1749  5605 I WindowManager:   SURFACE show Surface(name=com.android.systemui.ImageWallpaper)/@0xcbdab7b on display:0: com.android.systemui.ImageWallpaper
04-20 20:07:48.818  1749  1773 I WindowManager: Window drawn AppWindowToken{7a5d47e token=Token{e022639 ActivityRecord{9980e00 u0 com.motorola.launcher3/com.android.launcher3.CustomizationPanelLauncher t3}}}
04-20 20:07:48.818  1749  1773 I WindowManager:   SURFACE show Surface(name=com.motorola.launcher3/com.android.launcher3.CustomizationPanelLauncher)/@0x4799382 on display:0: com.motorola.launcher3/com.android.launcher3.CustomizationPanelLauncher
04-20 20:07:48.976  1749  1773 I WindowManager:   SURFACE show Surface(name=com.motorola.launcher3/com.android.launcher3.CustomizationPanelLauncher)/@0x8d0653d on display:0: com.motorola.launcher3/com.android.launcher3.CustomizationPanelLauncher
04-20 20:07:49.826  1749 11470 V WindowManager: Changing focus from Window{9e0906 u0 com.google.location.nearby.apps.connectedcrossroad/nx.aodv.eval.MainActivity} to Window{733e816 u0 com.motorola.launcher3/com.android.launcher3.CustomizationPanelLauncher} displayId=0
04-20 20:07:49.852  1749  1749 V SettingsProvider: Notifying for 0: content://settings/secure/reminder_exp_learning_time_elapsed
04-20 20:07:49.938  1749  1773 I WindowManager:   SURFACE show Surface(name=FloatingTutorialButton)/@0x133043a on display:0: FloatingTutorialButton
04-20 20:07:49.945  1749  1767 I WindowManager: Window drawn AppWindowToken{ab7661b token=Token{510b82a ActivityRecord{778dd15 u0 com.google.location.nearby.apps.connectedcrossroad/nx.aodv.eval.MainActivity t16}}}
04-20 20:07:50.087  1749  2257 D NsdService: unregister service
04-20 20:07:50.087  1749  2257 D NsdService: mdnssd [stop-register, 5]
04-20 20:07:50.107  1749  1749 D BluetoothManagerService: Bluetooth Adapter name changed to moto e
04-20 20:07:50.108  1749  1749 D BluetoothManagerService: Stored Bluetooth name: moto e
04-20 20:07:50.108  1749  1749 V SettingsProvider: Notifying for 0: content://settings/secure/bluetooth_name
04-20 20:07:50.819  1749  1749 V SettingsProvider: Notifying for 0: content://settings/secure/reminder_exp_learning_time_elapsed
04-20 20:07:51.514  1749  1772 I ActivityManager: Killing 31807:com.google.location.nearby.apps.connectedcrossroad/u0a216 (adj 905): remove task
04-20 20:07:51.940  1749  5123 I WindowManager: WIN DEATH: Window{9e0906 u0 com.google.location.nearby.apps.connectedcrossroad/nx.aodv.eval.MainActivity}
04-20 20:07:51.947  1749  7481 D ActivityManager: makeInactive, ProcessRecord{7ad1830 31807:com.google.location.nearby.apps.connectedcrossroad/u0a216}, clear holder.state
04-20 20:07:51.960  1749  1772 W ActivityManager: setHasOverlayUi called on unknown pid: 31807
04-20 20:07:52.647  1749  1773 I WindowManager:   SURFACE show Surface(name=EdgeBackGestureHandler0)/@0xfe1229b on display:0: EdgeBackGestureHandler0
04-20 20:07:52.990  1749  1773 I WindowManager:   SURFACE show Surface(name=FloatingTutorialButton)/@0xe254d77 on display:0: FloatingTutorialButton
04-20 20:08:03.781  1749  2054 D BatteryService: uevent={POWER_SUPPLY_DP_DM=0, POWER_SUPPLY_VOLTAGE_NOW=3957748, POWER_SUPPLY_SW_JEITA_ENABLED=0, POWER_SUPPLY_CHARGE_CONTROL_LIMIT_MAX=8, POWER_SUPPLY_RECHARGE_SOC=99, POWER_SUPPLY_HEALTH=Good, POWER_SUPPLY_TECHNOLOGY=Li-ion, POWER_SUPPLY_FCC_STEPPER_ENABLE=0, SEQNUM=16254, POWER_SUPPLY_INPUT_CURRENT_LIMITED=0, POWER_SUPPLY_CHARGE_CONTROL_LIMIT=0, POWER_SUPPLY_BATTERY_CHARGING_ENABLED=1, POWER_SUPPLY_STATUS=Discharging, POWER_SUPPLY_CYCLE_COUNT=1, POWER_SUPPLY_CURRENT_MAX=2000000, POWER_SUPPLY_CHARGE_TERM_CURRENT=-101, POWER_SUPPLY_CAPACITY=67, DEVPATH=/devices/platform/soc/200f000.qcom,spmi/spmi-0/spmi0-02/200f000.qcom,spmi:qcom,pmi632@2:qcom,qpnp-smb5/power_supply/battery, POWER_SUPPLY_CHARGE_DONE=0, POWER_SUPPLY_CHARGE_TYPE=N/A, POWER_SUPPLY_CHARGE_RATE=None, POWER_SUPPLY_CURRENT_NOW=-222931, POWER_SUPPLY_SYSTEM_TEMP_LEVEL=0, POWER_SUPPLY_PRESENT=1, POWER_SUPPLY_PARALLEL_DISABLE=0, POWER_SUPPLY_CHARGE_FULL=3615000, SUBSYSTEM=power_supply, POWER_SUPPLY_SET_SHIP_MODE=0, POWER_SUPPLY_TEMP=260, ACTION=change, POWER_SUPPLY_RERUN_AICL=0, POWER_SUPPLY_AGE=100, POWER_SUPPLY_NAME=battery, POWER_SUPPLY_VOLTAGE_MAX=-22, POWER_SUPPLY_CONSTANT_CHARGE_CURRENT_MAX=2000000, POWER_SUPPLY_CHARGE_COUNTER=2422050, POWER_SUPPLY_STEP_CHARGING_ENABLED=0, POWER_SUPPLY_NUM_SYSTEM_TEMP_LEVELS=8, POWER_SUPPLY_DIE_HEALTH=Hot, POWER_SUPPLY_INPUT_SUSPEND=0}
04-20 20:08:47.793  1749  3453 I ActivityManager: Force stopping com.google.location.nearby.apps.connectedcrossroad appid=10216 user=0: from pid 670
04-20 20:08:50.933  1749  1782 I ActivityManager: Start proc 697:com.google.android.partnersetup/u0a115 for service {com.google.android.partnersetup/com.google.android.partnersetup.InstalledAppJobService}
04-20 20:08:50.957  1749  1782 I ActivityManager: Start proc 714:com.google.android.videos/u0a173 for service {com.google.android.videos/androidx.work.impl.background.systemjob.SystemJobService}
04-20 20:08:51.529  1749  1782 I ActivityManager: Start proc 785:com.android.vending/u0a120 for service {com.android.vending/com.google.android.finsky.contentfilterui.ContentFiltersService}
04-20 20:08:51.674  1749  7787 I ActivityManager: Force stopping com.google.location.nearby.apps.connectedcrossroad appid=10216 user=0: from pid 891
04-20 20:08:51.801  1749  2039 I ActivityTaskManager: START u0 {act=android.intent.action.MAIN cat=[android.intent.category.LAUNCHER] flg=0x10000000 cmp=com.google.location.nearby.apps.connectedcrossroad/nx.aodv.eval.MainActivity} from uid 2000
04-20 20:08:51.802  1749  2039 D ActivityTaskManager: getPreferredLaunchDisplay usersetdisplayid -1 current displayId 0 paramspreferid 0
04-20 20:08:51.802  1749  2039 D ActivityTaskManager: getPreferredLaunchDisplay usersetdisplayid -1 current displayId 0 paramspreferid 0
04-20 20:08:51.806  1749  2039 D ActivityTaskManager: getPreferredLaunchDisplay usersetdisplayid 0 current displayId 0 paramspreferid 0
04-20 20:08:51.826  1749  1749 V SettingsProvider: Notifying for 0: content://settings/secure/reminder_exp_learning_time_elapsed
04-20 20:08:51.839  1749  1782 I ActivityManager: Start proc 951:com.google.location.nearby.apps.connectedcrossroad/u0a216 for activity {com.google.location.nearby.apps.connectedcrossroad/nx.aodv.eval.MainActivity}
04-20 20:08:51.844  1749  1773 V WindowManager: Changing focus from Window{733e816 u0 com.motorola.launcher3/com.android.launcher3.CustomizationPanelLauncher} to null displayId=0
04-20 20:08:51.924  1749  1773 I WindowManager:   SURFACE show Surface(name=Splash Screen com.google.location.nearby.apps.connectedcrossroad)/@0xacce430 on display:0: Splash Screen com.google.location.nearby.apps.connectedcrossroad
04-20 20:08:52.046  1749  3453 D ConnectivityService: requestNetwork for uid/pid:10120/785 NetworkRequest [ TRACK_DEFAULT id=134, [ Capabilities: INTERNET&NOT_RESTRICTED&TRUSTED Uid: 10120] ]
04-20 20:08:52.225  1749  7787 I WindowManager: Window drawn AppWindowToken{7a5d47e token=Token{e022639 ActivityRecord{9980e00 u0 com.motorola.launcher3/com.android.launcher3.CustomizationPanelLauncher t3}}}
04-20 20:08:52.607  1749  1782 I ActivityManager: Start proc 1209:com.android.vending:download_service/u0a120 for service {com.android.vending/com.google.android.finsky.ipcservers.downloadservice.DownloadServiceGrpcServerAndroidService}
04-20 20:08:52.663  1749  7787 V WindowManager: Changing focus from null to Window{4092a52 u0 com.google.location.nearby.apps.connectedcrossroad/nx.aodv.eval.MainActivity} displayId=0
04-20 20:08:52.724  1749  1773 I LaunchCheckinHandler: Displayed com.google.location.nearby.apps.connectedcrossroad/nx.aodv.eval.MainActivity,cp,ca,905
04-20 20:08:52.724  1749  1773 I WindowManager: Window drawn AppWindowToken{a2dac3d token=Token{bad9994 ActivityRecord{7e419e7 u0 com.google.location.nearby.apps.connectedcrossroad/nx.aodv.eval.MainActivity t17}}}
04-20 20:08:52.725  1749  1773 I WindowManager:   SURFACE show Surface(name=com.google.location.nearby.apps.connectedcrossroad/nx.aodv.eval.MainActivity)/@0x5b33e76 on display:0: com.google.location.nearby.apps.connectedcrossroad/nx.aodv.eval.MainActivity
04-20 20:08:52.757  1749  5123 D ConnectivityService: requestNetwork for uid/pid:10120/1209 NetworkRequest [ TRACK_DEFAULT id=136, [ Capabilities: INTERNET&NOT_RESTRICTED&TRUSTED Uid: 10120] ]
--------- beginning of main
04-20 20:08:56.616   785   879 I android.vendin: Waiting for a blocking GC ProfileSaver
04-20 20:08:56.659   785   879 I android.vendin: WaitForGcToComplete blocked ProfileSaver on AddRemoveAppImageSpace for 43.219ms
04-20 20:08:56.865   951  1341 I chatty  : uid=10216(com.google.location.nearby.apps.connectedcrossroad) Thread-8 expire 1269 lines
04-20 20:08:56.928   728  2384 I netd    : trafficSwapActiveStatsMap() <8.31ms>
04-20 20:08:56.931   728  2384 I netd    : tetherGetStats() <1.04ms>
04-20 20:08:57.658  1209  1260 I ownload_servic: Waiting for a blocking GC ProfileSaver
04-20 20:08:57.665  1209  1260 I ownload_servic: WaitForGcToComplete blocked ProfileSaver on AddRemoveAppImageSpace for 7.375ms
04-20 20:08:57.951   728  2384 I netd    : trafficSwapActiveStatsMap() <17.50ms>
04-20 20:08:57.954   728  2384 I netd    : tetherGetStats() <1.92ms>
04-20 20:08:58.971   728  2384 I netd    : trafficSwapActiveStatsMap() <13.89ms>
04-20 20:08:58.973   728  2384 I netd    : tetherGetStats() <1.07ms>
04-20 20:08:58.991   951  1341 W nectedcrossroa: Accessing hidden field Landroid/app/Activity;->mDecor:Landroid/view/View; (greylist-max-o, linking, denied)
04-20 20:08:58.991   951  1341 W nectedcrossroa: Accessing hidden field Landroid/app/ActivityThread$ActivityClientRecord;->hideForNow:Z (greylist-max-o, linking, denied)
04-20 20:08:58.992   951  1341 W nectedcrossroa: Accessing hidden method Landroid/app/ActivityThread;->updateVisibility(Landroid/app/ActivityThread$ActivityClientRecord;Z)V (greylist-max-o, linking, denied)
04-20 20:08:58.992   951  1341 W nectedcrossroa: Accessing hidden field Landroid/app/Activity;->mCalled:Z (greylist, linking, allowed)
04-20 20:08:58.992   951  1341 W nectedcrossroa: Accessing hidden method Landroid/app/ActivityThread;->checkAndBlockForNetworkAccess()V (greylist-max-o, linking, denied)
04-20 20:08:58.992   951  1341 W nectedcrossroa: Accessing hidden method Landroid/util/SuperNotCalledException;-><init>(Ljava/lang/String;)V (greylist-max-o, linking, denied)
04-20 20:08:58.992   951  1341 W nectedcrossroa: Accessing hidden method Landroid/app/ActivityThread;->handleStartActivity(Landroid/app/ActivityThread$ActivityClientRecord;Landroid/app/servertransaction/PendingTransactionActions;)V (greylist-max-o, linking, denied)
04-20 20:08:58.992   951  1341 W nectedcrossroa: Accessing hidden method Landroid/app/Activity;->performStart(Ljava/lang/String;)V (greylist-max-o, linking, denied)
04-20 20:08:58.992   951  1341 W nectedcrossroa: Accessing hidden method Landroid/app/ActivityThread;->handleStopActivity(Landroid/os/IBinder;ZILandroid/app/servertransaction/PendingTransactionActions;ZLjava/lang/String;)V (greylist-max-o, linking, denied)
04-20 20:08:58.992   951  1341 W nectedcrossroa: Accessing hidden field Landroid/app/Activity;->mConfigChangeFlags:I (greylist, linking, allowed)
04-20 20:08:58.992   951  1341 W nectedcrossroa: Accessing hidden method Landroid/app/servertransaction/PendingTransactionActions$StopInfo;-><init>()V (greylist-max-o, linking, denied)
04-20 20:08:58.992   951  1341 W nectedcrossroa: Accessing hidden method Landroid/app/ActivityThread;->handleSystemApplicationInfoChanged(Landroid/content/pm/ApplicationInfo;)V (blacklist, linking, denied)
04-20 20:08:58.992   951  1341 W nectedcrossroa: Accessing hidden field Landroid/app/ActivityThread;->mSystemThread:Z (greylist-max-o, linking, denied)
04-20 20:08:58.992   951  1341 W nectedcrossroa: Accessing hidden method Lcom/android/internal/util/Preconditions;->checkState(ZLjava/lang/String;)V (greylist, linking, allowed)
04-20 20:08:58.992   951  1341 W nectedcrossroa: Accessing hidden method Landroid/app/ActivityThread;->handleApplicationInfoChanged(Landroid/content/pm/ApplicationInfo;)V (greylist-max-o, linking, denied)
04-20 20:08:58.992   951  1341 W nectedcrossroa: Accessing hidden method Landroid/app/ActivityThread;->handleTopResumedActivityChanged(Landroid/os/IBinder;ZLjava/lang/String;)V (blacklist, linking, denied)
04-20 20:08:58.993   951  1341 W nectedcrossroa: Accessing hidden field Landroid/app/ActivityThread$ActivityClientRecord;->isTopResumedActivity:Z (blacklist, linking, denied)
04-20 20:08:58.993   951  1341 W nectedcrossroa: Accessing hidden field Landroid/app/ActivityThread$ActivityClientRecord;->isTopResumedActivity:Z (blacklist, linking, denied)
04-20 20:08:58.993   951  1341 W nectedcrossroa: Accessing hidden method Landroid/app/ActivityThread;->handleTranslucentConversionComplete(Landroid/os/IBinder;Z)V (greylist-max-o, linking, denied)
04-20 20:08:58.993   951  1341 W nectedcrossroa: Accessing hidden method Landroid/app/Activity;->onTranslucentConversionComplete(Z)V (greylist-max-o, linking, denied)
04-20 20:08:58.993   951  1341 W nectedcrossroa: Accessing hidden method Landroid/app/ActivityThread;->handleUnstableProviderDied(Landroid/os/IBinder;Z)V (greylist, linking, allowed)
04-20 20:08:58.993   951  1341 W nectedcrossroa: Accessing hidden method Landroid/app/ActivityThread;->handleUnstableProviderDiedLocked(Landroid/os/IBinder;Z)V (greylist-max-o, linking, denied)
04-20 20:08:58.993   951  1341 W nectedcrossroa: Accessing hidden method Landroid/app/ActivityThread;->handleUnstableProviderDiedLocked(Landroid/os/IBinder;Z)V (greylist-max-o, linking, denied)
04-20 20:08:58.993   951  1341 W nectedcrossroa: Accessing hidden field Landroid/app/ActivityThread$ProviderRefCount;->holder:Landroid/app/ContentProviderHolder; (greylist-max-o, linking, denied)
04-20 20:08:58.993   951  1341 W nectedcrossroa: Accessing hidden field Landroid/app/ContentProviderHolder;->connection:Landroid/os/IBinder; (greylist-max-o, linking, denied)
04-20 20:08:58.993   951  1341 W nectedcrossroa: Accessing hidden method Landroid/app/IActivityManager;->unstableProviderDied(Landroid/os/IBinder;)V (greylist, linking, allowed)
04-20 20:08:58.993   951  1341 W nectedcrossroa: Accessing hidden method Landroid/app/ActivityThread;->handleWindowVisibility(Landroid/os/IBinder;Z)V (greylist-max-o, linking, denied)
04-20 20:08:58.993   951  1341 W nectedcrossroa: Accessing hidden method Landroid/app/ActivityThread;->performStopActivityInner(Landroid/app/ActivityThread$ActivityClientRecord;Landroid/app/servertransaction/PendingTransactionActions$StopInfo;ZZZLjava/lang/String;)V (greylist-max-o, linking, denied)
04-20 20:08:58.994   951  1341 W nectedcrossroa: Accessing hidden method Landroid/app/ActivityThread$ActivityClientRecord;->getLifecycleState()I (greylist-max-o, linking, denied)
04-20 20:08:58.994   951  1341 W nectedcrossroa: Accessing hidden field Landroid/app/Activity;->mDecor:Landroid/view/View; (greylist-max-o, linking, denied)
04-20 20:08:58.994   951  1341 W nectedcrossroa: Accessing hidden method Landroid/app/ActivityThread;->updateVisibility(Landroid/app/ActivityThread$ActivityClientRecord;Z)V (greylist-max-o, linking, denied)
04-20 20:08:58.994   951  1341 W nectedcrossroa: Accessing hidden field Landroid/app/ActivityThread;->mSomeActivitiesChanged:Z (greylist-max-o, linking, denied)
04-20 20:08:58.994   951  1341 W nectedcrossroa: Accessing hidden method Landroid/app/ActivityThread;->installSystemApplicationInfo(Landroid/content/pm/ApplicationInfo;Ljava/lang/ClassLoader;)V (greylist-max-o, linking, denied)
04-20 20:08:58.994   951  1341 W nectedcrossroa: Accessing hidden method Landroid/app/ContextImpl;->installSystemApplicationInfo(Landroid/content/pm/ApplicationInfo;Ljava/lang/ClassLoader;)V (greylist-max-o, linking, denied)
04-20 20:08:58.994   951  1341 W nectedcrossroa: Accessing hidden method Landroid/app/ActivityThread;->installSystemProviders(Ljava/util/List;)V (greylist, linking, allowed)
04-20 20:08:58.994   951  1341 W nectedcrossroa: Accessing hidden method Landroid/app/ActivityThread;->isProfiling()Z (greylist-max-o, linking, denied)
04-20 20:08:58.994   951  1341 W nectedcrossroa: Accessing hidden field Landroid/app/ActivityThread;->mProfiler:Landroid/app/ActivityThread$Profiler; (greylist-max-o, linking, denied)
04-20 20:08:58.994   951  1341 W nectedcrossroa: Accessing hidden field Landroid/app/ActivityThread$Profiler;->profileFile:Ljava/lang/String; (greylist-max-o, linking, denied)
04-20 20:08:58.994   951  1341 W nectedcrossroa: Accessing hidden field Landroid/app/ActivityThread;->mProfiler:Landroid/app/ActivityThread$Profiler; (greylist-max-o, linking, denied)
04-20 20:08:58.994   951  1341 W nectedcrossroa: Accessing hidden field Landroid/app/ActivityThread$Profiler;->profileFd:Landroid/os/ParcelFileDescriptor; (greylist-max-o, linking, denied)
04-20 20:08:58.994   951  1341 W nectedcrossroa: Accessing hidden method Landroid/app/ActivityThread;->lambda$attach$1$ActivityThread(Landroid/content/res/Configuration;)V (blacklist, linking, denied)
04-20 20:08:58.995   951  1341 W nectedcrossroa: Accessing hidden method Landroid/app/ResourcesManager;->applyConfigurationToResourcesLocked(Landroid/content/res/Configuration;Landroid/content/res/CompatibilityInfo;)Z (greylist-max-o, linking, denied)
04-20 20:08:58.995   951  1341 W nectedcrossroa: Accessing hidden method Landroid/app/ActivityThread;->onNewActivityOptions(Landroid/os/IBinder;Landroid/app/ActivityOptions;)V (greylist-max-o, linking, denied)
04-20 20:08:58.995   951  1341 W nectedcrossroa: Accessing hidden method Landroid/app/Activity;->onNewActivityOptions(Landroid/app/ActivityOptions;)V (greylist-max-o, linking, denied)
04-20 20:08:58.995   951  1341 W nectedcrossroa: Accessing hidden method Landroid/app/ActivityThread;->performDestroyActivity(Landroid/os/IBinder;ZIZLjava/lang/String;)Landroid/app/ActivityThread$ActivityClientRecord; (greylist-max-o, linking, denied)
04-20 20:08:58.995   951  1341 W nectedcrossroa: Accessing hidden method Landroid/app/ActivityThread;->performPauseActivityIfNeeded(Landroid/app/ActivityThread$ActivityClientRecord;Ljava/lang/String;)V (greylist-max-o, linking, denied)
04-20 20:08:58.995   951  1341 W nectedcrossroa: Accessing hidden method Landroid/app/ActivityThread;->schedulePurgeIdler()V (blacklist, linking, denied)
04-20 20:08:58.995   951  1341 W nectedcrossroa: Accessing hidden method Landroid/app/ActivityThread;->performPauseActivity(Landroid/os/IBinder;ZLjava/lang/String;Landroid/app/servertransaction/PendingTransactionActions;)Landroid/os/Bundle; (greylist-max-o, linking, denied)
04-20 20:08:58.995   951  1341 W nectedcrossroa: Accessing hidden method Landroid/app/ActivityThread;->performPauseActivity(Landroid/app/ActivityThread$ActivityClientRecord;ZLjava/lang/String;Landroid/app/servertransaction/PendingTransactionActions;)Landroid/os/Bundle; (greylist-max-o, linking, denied)
04-20 20:08:58.995   951  1341 W nectedcrossroa: Accessing hidden method Landroid/app/ActivityThread;->performRestartActivity(Landroid/os/IBinder;Z)V (greylist-max-o, linking, denied)
04-20 20:08:58.995   951  1341 W nectedcrossroa: Accessing hidden method Landroid/app/Activity;->performRestart(ZLjava/lang/String;)V (greylist-max-o, linking, denied)
04-20 20:08:58.995   951  1341 W nectedcrossroa: Accessing hidden method Landroid/app/ActivityThread;->performResumeActivity(Landroid/os/IBinder;ZLjava/lang/String;)Landroid/app/ActivityThread$ActivityClientRecord; (greylist-max-o, linking, denied)
04-20 20:08:58.995   951  1341 W nectedcrossroa: Accessing hidden method Landroid/app/ActivityThread$ActivityClientRecord;->getLifecycleState()I (greylist-max-o, linking, denied)
04-20 20:08:58.996   951  1341 W nectedcrossroa: Accessing hidden method Landroid/app/ActivityThread;->performStopActivity(Landroid/os/IBinder;ZLjava/lang/String;)V (greylist, linking, allowed)
04-20 20:08:58.996   951  1341 W nectedcrossroa: Accessing hidden method Landroid/app/ActivityThread;->performStopActivityInner(Landroid/app/ActivityThread$ActivityClientRecord;Landroid/app/servertransaction/PendingTransactionActions$StopInfo;ZZZLjava/lang/String;)V (greylist-max-o, linking, denied)
04-20 20:08:58.996   951  1341 W nectedcrossroa: Accessing hidden method Landroid/app/ActivityThread;->performUserLeavingActivity(Landroid/app/ActivityThread$ActivityClientRecord;)V (greylist-max-o, linking, denied)
04-20 20:08:58.996   951  1341 W nectedcrossroa: Accessing hidden method Landroid/app/ActivityThread;->prepareRelaunchActivity(Landroid/os/IBinder;Ljava/util/List;Ljava/util/List;ILandroid/util/MergedConfiguration;Z)Landroid/app/ActivityThread$ActivityClientRecord; (greylist-max-o, linking, denied)
04-20 20:08:58.996   951  1341 W nectedcrossroa: Accessing hidden field Landroid/app/ActivityThread;->mRelaunchingActivities:Ljava/util/ArrayList; (greylist-max-o, linking, denied)
04-20 20:08:58.996   951  1341 W nectedcrossroa: Accessing hidden field Landroid/app/ActivityThread;->mRelaunchingActivities:Ljava/util/ArrayList; (greylist-max-o, linking, denied)
04-20 20:08:58.996   951  1341 W nectedcrossroa: Accessing hidden field Landroid/app/ActivityThread$ActivityClientRecord;->pendingResults:Ljava/util/List; (greylist-max-o, linking, denied)
04-20 20:08:58.996   951  1341 W nectedcrossroa: Accessing hidden field Landroid/app/ActivityThread$ActivityClientRecord;->pendingResults:Ljava/util/List; (greylist-max-o, linking, denied)
04-20 20:08:58.996   951  1341 W nectedcrossroa: Accessing hidden field Landroid/app/ActivityThread$ActivityClientRecord;->pendingIntents:Ljava/util/List; (greylist-max-o, linking, denied)
04-20 20:08:58.996   951  1341 W nectedcrossroa: Accessing hidden field Landroid/app/ActivityThread$ActivityClientRecord;->pendingIntents:Ljava/util/List; (greylist-max-o, linking, denied)
04-20 20:08:58.996   951  1341 W nectedcrossroa: Accessing hidden method Landroid/app/ActivityThread$ActivityClientRecord;-><init>()V (greylist-max-p, linking, allowed)
04-20 20:08:58.996   951  1341 W nectedcrossroa: Accessing hidden field Landroid/app/ActivityThread$ActivityClientRecord;->pendingResults:Ljava/util/List; (greylist-max-o, linking, denied)
04-20 20:08:58.996   951  1341 W nectedcrossroa: Accessing hidden method Landroid/util/MergedConfiguration;->getGlobalConfiguration()Landroid/content/res/Configuration; (greylist-max-o, linking, denied)
04-20 20:08:58.997   951  1341 W nectedcrossroa: Accessing hidden field Landroid/app/ActivityThread$ActivityClientRecord;->pendingResults:Ljava/util/List; (greylist-max-o, linking, denied)
04-20 20:08:58.997   951  1341 W nectedcrossroa: Accessing hidden field Landroid/app/ActivityThread$ActivityClientRecord;->pendingIntents:Ljava/util/List; (greylist-max-o, linking, denied)
04-20 20:08:58.997   951  1341 W nectedcrossroa: Accessing hidden field Landroid/app/ActivityThread;->mRelaunchingActivities:Ljava/util/ArrayList; (greylist-max-o, linking, denied)
04-20 20:08:58.997   951  1341 W nectedcrossroa: Accessing hidden field Landroid/app/ActivityThread;->mRelaunchingActivities:Ljava/util/ArrayList; (greylist-max-o, linking, denied)
04-20 20:08:58.997   951  1341 W nectedcrossroa: Accessing hidden field Landroid/app/ActivityThread$ActivityClientRecord;->pendingResults:Ljava/util/List; (greylist-max-o, linking, denied)
04-20 20:08:58.997   951  1341 W nectedcrossroa: Accessing hidden field Landroid/app/ActivityThread$ActivityClientRecord;->pendingResults:Ljava/util/List; (greylist-max-o, linking, denied)
04-20 20:08:58.997   951  1341 W nectedcrossroa: Accessing hidden field Landroid/app/ActivityThread$ActivityClientRecord;->pendingIntents:Ljava/util/List; (greylist-max-o, linking, denied)
04-20 20:08:58.997   951  1341 W nectedcrossroa: Accessing hidden field Landroid/app/ActivityThread$ActivityClientRecord;->pendingIntents:Ljava/util/List; (greylist-max-o, linking, denied)
04-20 20:08:58.997   951  1341 W nectedcrossroa: Accessing hidden method Landroid/util/MergedConfiguration;->getGlobalConfiguration()Landroid/content/res/Configuration; (greylist-max-o, linking, denied)
04-20 20:08:58.997   951  1341 W nectedcrossroa: Accessing hidden field Landroid/app/ActivityThread$ActivityClientRecord;->pendingResults:Ljava/util/List; (greylist-max-o, linking, denied)
04-20 20:08:58.997   951  1341 W nectedcrossroa: Accessing hidden field Landroid/app/ActivityThread$ActivityClientRecord;->pendingIntents:Ljava/util/List; (greylist-max-o, linking, denied)
04-20 20:08:58.997   951  1341 W nectedcrossroa: Accessing hidden method Landroid/app/ActivityThread;->registerOnActivityPausedListener(Landroid/app/Activity;Landroid/app/OnActivityPausedListener;)V (greylist, linking, allowed)
04-20 20:08:58.997   951  1341 W nectedcrossroa: Accessing hidden field Landroid/app/ActivityThread;->mOnPauseListeners:Landroid/util/ArrayMap; (greylist-max-o, linking, denied)
04-20 20:08:58.998   951  1341 W nectedcrossroa: Accessing hidden field Landroid/app/ActivityThread;->mOnPauseListeners:Landroid/util/ArrayMap; (greylist-max-o, linking, denied)
04-20 20:08:58.998   951  1341 W nectedcrossroa: Accessing hidden method Landroid/app/ActivityThread;->releaseProvider(Landroid/content/IContentProvider;Z)Z (greylist, linking, allowed)
04-20 20:08:58.998   951  1341 W nectedcrossroa: Accessing hidden field Landroid/app/ActivityThread$ProviderRefCount;->stableCount:I (greylist-max-o, linking, denied)
04-20 20:08:58.998   951  1341 W nectedcrossroa: Accessing hidden field Landroid/app/ActivityThread$ProviderRefCount;->stableCount:I (greylist-max-o, linking, denied)
04-20 20:08:58.998   951  1341 W nectedcrossroa: Accessing hidden field Landroid/app/ActivityThread$ProviderRefCount;->unstableCount:I (greylist-max-o, linking, denied)
04-20 20:08:58.998   951  1341 W nectedcrossroa: Accessing hidden field Landroid/app/ActivityThread$ProviderRefCount;->unstableCount:I (greylist-max-o, linking, denied)
04-20 20:08:58.998   951  1341 W nectedcrossroa: Accessing hidden method Landroid/app/ActivityThread;->reportRelaunch(Landroid/os/IBinder;Landroid/app/servertransaction/PendingTransactionActions;)V (greylist-max-o, linking, denied)
04-20 20:08:58.998   951  1341 W nectedcrossroa: Accessing hidden method Landroid/app/ActivityTaskManager;->getService()Landroid/app/IActivityTaskManager; (blacklist, linking, denied)
04-20 20:08:58.998   951  1341 W nectedcrossroa: Accessing hidden method Landroid/app/ActivityThread;->reportStop(Landroid/app/servertransaction/PendingTransactionActions;)V (greylist-max-o, linking, denied)
04-20 20:08:58.998   951  1341 W nectedcrossroa: Accessing hidden method Landroid/app/servertransaction/PendingTransactionActions;->getStopInfo()Landroid/app/servertransaction/PendingTransactionActions$StopInfo; (greylist-max-o, linking, denied)
04-20 20:08:58.999   951  1341 W nectedcrossroa: Accessing hidden method Landroid/app/ActivityThread;->resolveActivityInfo(Landroid/content/Intent;)Landroid/content/pm/ActivityInfo; (greylist-max-o, linking, denied)
04-20 20:08:58.999   951  1341 W nectedcrossroa: Accessing hidden method Landroid/app/Instrumentation;->checkStartActivityResult(ILjava/lang/Object;)V (greylist-max-p, linking, allowed)
04-20 20:08:58.999   951  1341 W nectedcrossroa: Accessing hidden method Landroid/app/ActivityThread;->scheduleContextCleanup(Landroid/app/ContextImpl;Ljava/lang/String;Ljava/lang/String;)V (greylist-max-o, linking, denied)
04-20 20:08:58.999   951  1341 W nectedcrossroa: Accessing hidden method Landroid/app/ActivityThread$ContextCleanupInfo;-><init>()V (greylist-max-o, linking, denied)
04-20 20:08:58.999   951  1341 W nectedcrossroa: Accessing hidden method Landroid/app/ActivityThread;->scheduleGcIdler()V (greylist, linking, allowed)
04-20 20:08:58.999   951  1341 W nectedcrossroa: Accessing hidden field Landroid/app/ActivityThread;->mGcIdlerScheduled:Z (greylist-max-o, linking, denied)
04-20 20:08:58.999   951  1341 W nectedcrossroa: Accessing hidden field Landroid/app/ActivityThread;->mGcIdlerScheduled:Z (greylist-max-o, linking, denied)
04-20 20:08:58.999   951  1341 W nectedcrossroa: Accessing hidden field Landroid/app/ActivityThread;->mGcIdler:Landroid/app/ActivityThread$GcIdler; (greylist-max-o, linking, denied)
04-20 20:08:58.999   951  1341 W nectedcrossroa: Accessing hidden method Landroid/app/ActivityThread;->schedulePurgeIdler()V (blacklist, linking, denied)
04-20 20:08:58.999   951  1341 W nectedcrossroa: Accessing hidden field Landroid/app/ActivityThread;->mPurgeIdlerScheduled:Z (blacklist, linking, denied)
04-20 20:08:58.999   951  1341 W nectedcrossroa: Accessing hidden field Landroid/app/ActivityThread;->mPurgeIdlerScheduled:Z (blacklist, linking, denied)
04-20 20:08:58.999   951  1341 W nectedcrossroa: Accessing hidden field Landroid/app/ActivityThread;->mPurgeIdler:Landroid/app/ActivityThread$PurgeIdler; (blacklist, linking, denied)
04-20 20:08:58.999   951  1341 W nectedcrossroa: Accessing hidden method Landroid/app/ActivityThread;->scheduleRelaunchActivity(Landroid/os/IBinder;)V (greylist-max-o, linking, denied)
04-20 20:08:58.999   951  1341 W nectedcrossroa: Accessing hidden method Landroid/app/ActivityThread;->sendMessage(ILjava/lang/Object;)V (greylist-max-o, linking, denied)
04-20 20:08:59.000   951  1341 W nectedcrossroa: Accessing hidden method Landroid/app/ActivityThread;->sendActivityResult(Landroid/os/IBinder;Ljava/lang/String;IILandroid/content/Intent;)V (greylist, linking, allowed)
04-20 20:08:59.000   951  1341 W nectedcrossroa: Accessing hidden method Landroid/app/ResultInfo;-><init>(Ljava/lang/String;IILandroid/content/Intent;)V (greylist, linking, allowed)
04-20 20:08:59.000   951  1341 W nectedcrossroa: Accessing hidden method Landroid/app/servertransaction/ClientTransaction;->obtain(Landroid/app/IApplicationThread;Landroid/os/IBinder;)Landroid/app/servertransaction/ClientTransaction; (greylist-max-o, linking, denied)
04-20 20:08:59.000   951  1341 W nectedcrossroa: Accessing hidden method Landroid/app/ActivityThread;->sendMessage(ILjava/lang/Object;)V (greylist-max-o, linking, denied)
04-20 20:08:59.000   951  1341 W nectedcrossroa: Accessing hidden method Landroid/app/ActivityThread;->sendMessage(ILjava/lang/Object;IIZ)V (greylist-max-o, linking, denied)
04-20 20:08:59.000   951  1341 W nectedcrossroa: Accessing hidden method Landroid/app/ActivityThread;->startActivityNow(Landroid/app/Activity;Ljava/lang/String;Landroid/content/Intent;Landroid/content/pm/ActivityInfo;Landroid/os/IBinder;Landroid/os/Bundle;Landroid/app/Activity$NonConfigurationInstances;Landroid/os/IBinder;)Landroid/app/Activity; (greylist-max-p, linking, allowed)
04-20 20:08:59.000   951  1341 W nectedcrossroa: Accessing hidden field Landroid/app/ActivityThread$ActivityClientRecord;->assistToken:Landroid/os/IBinder; (blacklist, linking, denied)
04-20 20:08:59.000   951  1341 W nectedcrossroa: Accessing hidden method Landroid/app/ActivityThread;->stopProfiling()V (greylist-max-o, linking, denied)
04-20 20:08:59.000   951  1341 W nectedcrossroa: Accessing hidden field Landroid/app/ActivityThread;->mProfiler:Landroid/app/ActivityThread$Profiler; (greylist-max-o, linking, denied)
04-20 20:08:59.000   951  1341 W nectedcrossroa: Accessing hidden method Landroid/app/ActivityThread$Profiler;->stopProfiling()V (greylist-max-o, linking, denied)
04-20 20:08:59.000   951  1341 W nectedcrossroa: Accessing hidden method Landroid/app/ActivityThread;->unregisterOnActivityPausedListener(Landroid/app/Activity;Landroid/app/OnActivityPausedListener;)V (greylist, linking, allowed)
04-20 20:08:59.000   951  1341 W nectedcrossroa: Accessing hidden field Landroid/app/ActivityThread;->mOnPauseListeners:Landroid/util/ArrayMap; (greylist-max-o, linking, denied)
04-20 20:08:59.000   951  1341 W nectedcrossroa: Accessing hidden field Landroid/app/ActivityThread;->mOnPauseListeners:Landroid/util/ArrayMap; (greylist-max-o, linking, denied)
04-20 20:08:59.000   951  1341 W nectedcrossroa: Accessing hidden method Landroid/app/ActivityThread;->unscheduleGcIdler()V (greylist-max-o, linking, denied)
04-20 20:08:59.000   951  1341 W nectedcrossroa: Accessing hidden field Landroid/app/ActivityThread;->mGcIdlerScheduled:Z (greylist-max-o, linking, denied)
04-20 20:08:59.001   951  1341 W nectedcrossroa: Accessing hidden field Landroid/app/ActivityThread;->mGcIdlerScheduled:Z (greylist-max-o, linking, denied)
04-20 20:08:59.001   951  1341 W nectedcrossroa: Accessing hidden field Landroid/app/ActivityThread;->mGcIdler:Landroid/app/ActivityThread$GcIdler; (greylist-max-o, linking, denied)
04-20 20:08:59.001   951  1341 W nectedcrossroa: Accessing hidden method Landroid/app/ActivityThread;->unschedulePurgeIdler()V (blacklist, linking, denied)
04-20 20:08:59.001   951  1341 W nectedcrossroa: Accessing hidden field Landroid/app/ActivityThread;->mPurgeIdlerScheduled:Z (blacklist, linking, denied)
04-20 20:08:59.001   951  1341 W nectedcrossroa: Accessing hidden field Landroid/app/ActivityThread;->mPurgeIdlerScheduled:Z (blacklist, linking, denied)
04-20 20:08:59.001   951  1341 W nectedcrossroa: Accessing hidden field Landroid/app/ActivityThread;->mPurgeIdler:Landroid/app/ActivityThread$PurgeIdler; (blacklist, linking, denied)
04-20 20:08:59.001   951  1341 W nectedcrossroa: Accessing hidden method Landroid/app/ActivityThread;->updatePendingActivityConfiguration(Landroid/os/IBinder;Landroid/content/res/Configuration;)V (blacklist, linking, denied)
04-20 20:08:59.001   951  1341 W nectedcrossroa: Accessing hidden method Landroid/app/ActivityThread$ActivityClientRecord;->access$4602(Landroid/app/ActivityThread$ActivityClientRecord;Landroid/content/res/Configuration;)Landroid/content/res/Configuration; (blacklist, linking, denied)
04-20 20:08:59.001   951  1341 W nectedcrossroa: Accessing hidden method Landroid/app/ActivityThread;->updatePendingConfiguration(Landroid/content/res/Configuration;)V (greylist-max-o, linking, denied)
04-20 20:08:59.001   951  1341 W nectedcrossroa: Accessing hidden field Landroid/app/ActivityThread;->mPendingConfiguration:Landroid/content/res/Configuration; (greylist, linking, allowed)
04-20 20:08:59.001   951  1341 W nectedcrossroa: Accessing hidden method Landroid/content/res/Configuration;->isOtherSeqNewer(Landroid/content/res/Configuration;)Z (greylist-max-o, linking, denied)
04-20 20:08:59.001   951  1341 W nectedcrossroa: Accessing hidden method Landroid/app/ActivityThread;->updateProcessState(IZ)V (greylist-max-o, linking, denied)
04-20 20:08:59.001   951  1341 W nectedcrossroa: Accessing hidden field Landroid/app/ActivityThread;->mLastProcessState:I (blacklist, linking, denied)
04-20 20:08:59.001   951  1341 W nectedcrossroa: Accessing hidden field Landroid/app/ActivityThread;->mLastProcessState:I (blacklist, linking, denied)
04-20 20:08:59.002   951  1341 W nectedcrossroa: Accessing hidden field Landroid/app/ActivityThread;->mNumLaunchingActivities:Ljava/util/concurrent/atomic/AtomicInteger; (blacklist, linking, denied)
04-20 20:08:59.002   951  1341 W nectedcrossroa: Accessing hidden field Landroid/app/ActivityThread;->mPendingProcessState:I (blacklist, linking, denied)
04-20 20:08:59.002   951  1341 W nectedcrossroa: Accessing hidden method Landroid/app/-$$Lambda$ActivityThread$A4ykhsPb8qV3ffTqpQDklHSMDJ0;-><init>(Landroid/app/ActivityThread;)V (blacklist, linking, denied)
04-20 20:08:59.002   951  1341 W nectedcrossroa: Accessing hidden field Landroid/app/ActivityThread;->mPendingProcessState:I (blacklist, linking, denied)
04-20 20:08:59.002   951  1341 W nectedcrossroa: Accessing hidden method Landroid/app/ActivityThread;->updateVmProcessState(I)V (blacklist, linking, denied)
04-20 20:08:59.002   951  1341 W nectedcrossroa: Accessing hidden field Landroid/app/Instrumentation;->mSync:Ljava/lang/Object; (greylist-max-o, linking, denied)
04-20 20:08:59.002   951  1341 W nectedcrossroa: Accessing hidden field Landroid/app/Instrumentation;->mThread:Landroid/app/ActivityThread; (greylist-max-o, linking, denied)
04-20 20:08:59.002   951  1341 W nectedcrossroa: Accessing hidden field Landroid/app/Instrumentation;->mMessageQueue:Landroid/os/MessageQueue; (greylist-max-o, linking, denied)
04-20 20:08:59.002   951  1341 W nectedcrossroa: Accessing hidden field Landroid/app/Instrumentation;->mAutomaticPerformanceSnapshots:Z (greylist-max-o, linking, denied)
04-20 20:08:59.002   951  1341 W nectedcrossroa: Accessing hidden field Landroid/app/Instrumentation;->mPerfMetrics:Landroid/os/Bundle; (greylist-max-o, linking, denied)
04-20 20:08:59.002   951  1341 W nectedcrossroa: Accessing hidden field Landroid/app/Instrumentation;->mAnimationCompleteLock:Ljava/lang/Object; (blacklist, linking, denied)
04-20 20:08:59.002   951  1341 W nectedcrossroa: Accessing hidden method Landroid/app/Instrumentation;->access$100(Landroid/app/Instrumentation;)Z (blacklist, linking, denied)
04-20 20:08:59.002   951  1341 W nectedcrossroa: Accessing hidden field Landroid/app/Instrumentation;->mAutomaticPerformanceSnapshots:Z (greylist-max-o, linking, denied)
04-20 20:08:59.002   951  1341 W nectedcrossroa: Accessing hidden method Landroid/app/Instrumentation;->access$200(Landroid/app/Instrumentation;)Ljava/lang/Object; (blacklist, linking, denied)
04-20 20:08:59.003   951  1341 W nectedcrossroa: Accessing hidden field Landroid/app/Instrumentation;->mSync:Ljava/lang/Object; (greylist-max-o, linking, denied)
04-20 20:08:59.003   951  1341 W nectedcrossroa: Accessing hidden method Landroid/app/Instrumentation;->access$300(Landroid/app/Instrumentation;)Ljava/util/List; (blacklist, linking, denied)
04-20 20:08:59.003   951  1341 W nectedcrossroa: Accessing hidden field Landroid/app/Instrumentation;->mWaitingActivities:Ljava/util/List; (greylist-max-o, linking, denied)
04-20 20:08:59.003   951  1341 W nectedcrossroa: Accessing hidden method Landroid/app/Instrumentation;->addValue(Ljava/lang/String;ILandroid/os/Bundle;)V (greylist-max-o, linking, denied)
04-20 20:08:59.003   951  1341 W nectedcrossroa: Accessing hidden method Landroid/app/Instrumentation;->checkInstrumenting(Ljava/lang/String;)V (greylist-max-o, linking, denied)
04-20 20:08:59.003   951  1341 W nectedcrossroa: Accessing hidden field Landroid/app/Instrumentation;->mInstrContext:Landroid/content/Context; (greylist-max-o, linking, denied)
04-20 20:08:59.003   951  1341 W nectedcrossroa: Accessing hidden method Landroid/app/ActivityManager;->isStartResultFatalError(I)Z (greylist-max-o, linking, denied)
04-20 20:08:59.003   951  1341 W nectedcrossroa: Accessing hidden method Landroid/app/Instrumentation;->getFactory(Ljava/lang/String;)Landroid/app/AppComponentFactory; (greylist-max-o, linking, denied)
04-20 20:08:59.003   951  1341 W nectedcrossroa: Accessing hidden field Landroid/app/AppComponentFactory;->DEFAULT:Landroid/app/AppComponentFactory; (greylist-max-o, linking, denied)
04-20 20:08:59.003   951  1341 W nectedcrossroa: Accessing hidden field Landroid/app/Instrumentation;->mThread:Landroid/app/ActivityThread; (greylist-max-o, linking, denied)
04-20 20:08:59.003   951  1341 W nectedcrossroa: Accessing hidden field Landroid/app/AppComponentFactory;->DEFAULT:Landroid/app/AppComponentFactory; (greylist-max-o, linking, denied)
04-20 20:08:59.003   951  1341 W nectedcrossroa: Accessing hidden field Landroid/app/Instrumentation;->mThread:Landroid/app/ActivityThread; (greylist-max-o, linking, denied)
04-20 20:08:59.004   951  1341 W nectedcrossroa: Accessing hidden method Landroid/app/LoadedApk;->getAppFactory()Landroid/app/AppComponentFactory; (greylist-max-o, linking, denied)
