04-20 13:00:12.297  1565  1635 I chatty  : uid=1000(system) android.ui expire 5 lines
04-20 13:00:13.652  1565  4841 I chatty  : uid=1000(system) Binder:1565_1E expire 2 lines
04-20 13:00:14.338  1565  4292 I chatty  : uid=1000(system) Binder:1565_1A expire 6 lines
04-20 13:00:14.421  1565  3517 I chatty  : uid=1000(system) Binder:1565_D expire 12 lines
04-20 13:00:14.514  1565  3513 I chatty  : uid=1000(system) Binder:1565_C expire 19 lines
04-20 13:00:15.419  1565  1565 I chatty  : uid=1000 system_server expire 22 lines
04-20 13:00:15.419  1565  1659 I chatty  : uid=1000(system) ActivityManager expire 8 lines
04-20 13:00:15.724  1565  1837 I chatty  : uid=1000(system) Binder:1565_3 expire 1 line
04-20 13:00:15.724  1565  4293 I chatty  : uid=1000(system) Binder:1565_1B expire 17 lines
04-20 13:00:20.404  1565  1913 I chatty  : uid=1000(system) ranker expire 1 line
04-20 13:00:20.590  3920  3920 D ActivityThread: Loading provider contacts;com.android.contacts: com.android.providers.contacts.ContactsProvider2
04-20 13:00:20.751  1565  1909 I chatty  : uid=1000(system) ConnectivitySer expire 11 lines
04-20 13:00:21.009  1565  4050 I chatty  : uid=1000(system) Binder:1565_14 expire 2 lines
04-20 13:00:21.659  1565  1656 I chatty  : uid=1000(system) android.bg expire 3 lines
04-20 13:00:24.417  1221  1221 W wificond: Scan aborted
04-20 13:00:24.443  1565  1898 I chatty  : uid=1000(system) NetworkPolicy expire 2 lines
04-20 13:00:30.340  1565  2183 I chatty  : uid=1000(system) Binder:1565_9 expire 12 lines
04-20 13:01:29.457  1565  3513 I chatty  : uid=1000(system) Binder:1565_C expire 5 lines
04-20 13:01:30.578  1565  1838 I chatty  : uid=1000(system) Binder:1565_4 expire 13 lines
04-20 13:01:31.654  1565  4293 I chatty  : uid=1000(system) Binder:1565_1B expire 13 lines
04-20 13:01:38.020  1565  1657 I chatty  : uid=1000(system) ActivityManager expire 21 lines
04-20 13:01:38.021  1565  1659 I chatty  : uid=1000(system) ActivityManager expire 2 lines
04-20 13:01:40.829  1004  1004 D vendor.google.wifi_ext@1.0-service-vendor: Successfully SetMacAddress.
04-20 13:01:40.838  1221  1221 W wificond: Scan is not started. Ignore abort request
04-20 13:01:42.271  1221  1285 I wificond: convertCertToPem:84 Certificate already in PEM format, returning
04-20 13:01:42.545  1565  1901 I chatty  : uid=1000(system) WifiHandlerThre expire 1 line
04-20 13:01:42.564  1565  1909 I chatty  : uid=1000(system) ConnectivitySer expire 33 lines
04-20 13:01:42.704  1565  1898 I chatty  : uid=1000(system) NetworkPolicy expire 10 lines
04-20 13:01:43.148  1565  4166 I chatty  : uid=1000(system) Binder:1565_18 expire 2 lines
04-20 13:01:45.614  1565  3556 I chatty  : uid=1000(system) Binder:1565_12 expire 3 lines
04-20 13:01:45.636  1565  1926 I chatty  : uid=1000(system) ConnectivityThr expire 1 line
04-20 13:01:45.753   926   986 E NetlinkEvent: NetlinkEvent::FindParam(): Parameter 'INTERFACE' not found
04-20 13:01:45.753   926   986 E NetlinkEvent: NetlinkEvent::FindParam(): Parameter 'STATE' not found
04-20 13:01:45.753   926   986 E NetlinkEvent: NetlinkEvent::FindParam(): Parameter 'TIME_NS' not found
04-20 13:01:45.753   926   986 E NetlinkEvent: NetlinkEvent::FindParam(): Parameter 'UID' not found
04-20 13:01:45.872  1004  1004 I vendor.google.wifi_ext@1.0-service-vendor: Wifi: Reseting SAR Scenario to default
04-20 13:01:45.933  1565  1838 I chatty  : uid=1000(system) Binder:1565_4 expire 1 line
04-20 13:01:45.937  1565  4841 I chatty  : uid=1000(system) Binder:1565_1E expire 2 lines
04-20 13:01:45.978  1565  1634 I chatty  : uid=1000(system) android.fg expire 1 line
04-20 13:01:47.610  1565  2183 I chatty  : uid=1000(system) Binder:1565_9 expire 10 lines
04-20 13:01:50.734  1565  4292 I chatty  : uid=1000(system) Binder:1565_1A expire 7 lines
04-20 13:01:54.937  1565  4050 I chatty  : uid=1000(system) Binder:1565_14 expire 4 lines
04-20 13:02:04.537  1565  1837 I chatty  : uid=1000(system) Binder:1565_3 expire 3 lines
04-20 13:02:18.884   926   986 E NetlinkEvent: NetlinkEvent::FindParam(): Parameter 'INTERFACE' not found
04-20 13:02:18.884   926   986 E NetlinkEvent: NetlinkEvent::FindParam(): Parameter 'STATE' not found
04-20 13:02:18.884   926   986 E NetlinkEvent: NetlinkEvent::FindParam(): Parameter 'TIME_NS' not found
04-20 13:02:18.884   926   986 E NetlinkEvent: NetlinkEvent::FindParam(): Parameter 'UID' not found
04-20 13:02:18.925  1565  1909 I chatty  : uid=1000(system) ConnectivitySer expire 18 lines
04-20 13:02:18.995  1565  1898 I chatty  : uid=1000(system) NetworkPolicy expire 9 lines
04-20 13:02:19.183  1565  1587 I chatty  : uid=1000(system) Binder:1565_1 expire 1 line
04-20 13:02:19.717  1565  1657 I chatty  : uid=1000(system) ActivityManager expire 7 lines
04-20 13:02:20.493  1565  3517 I chatty  : uid=1000(system) Binder:1565_D expire 4 lines
04-20 13:02:27.858  1565  4460 I chatty  : uid=1000(system) Binder:1565_1D expire 1 line
04-20 13:02:27.963   926   986 E NetlinkEvent: NetlinkEvent::FindParam(): Parameter 'INTERFACE' not found
04-20 13:02:27.963   926   986 E NetlinkEvent: NetlinkEvent::FindParam(): Parameter 'STATE' not found
04-20 13:02:27.963   926   986 E NetlinkEvent: NetlinkEvent::FindParam(): Parameter 'TIME_NS' not found
04-20 13:02:27.963   926   986 E NetlinkEvent: NetlinkEvent::FindParam(): Parameter 'UID' not found
04-20 13:02:28.053  1565  3519 I chatty  : uid=1000(system) Binder:1565_E expire 2 lines
04-20 13:02:28.121  1004  1004 I vendor.google.wifi_ext@1.0-service-vendor: Wifi: Reseting SAR Scenario to default
04-20 13:02:28.895  1565  2183 I chatty  : uid=1000(system) Binder:1565_9 expire 1 line
04-20 13:02:29.611   926   986 E NetlinkEvent: NetlinkEvent::FindParam(): Parameter 'INTERFACE' not found
04-20 13:02:29.611   926   986 E NetlinkEvent: NetlinkEvent::FindParam(): Parameter 'STATE' not found
04-20 13:02:29.611   926   986 E NetlinkEvent: NetlinkEvent::FindParam(): Parameter 'TIME_NS' not found
04-20 13:02:29.611   926   986 E NetlinkEvent: NetlinkEvent::FindParam(): Parameter 'UID' not found
04-20 13:02:29.618  1565  1909 I chatty  : uid=1000(system) ConnectivitySer expire 3 lines
04-20 13:02:29.817  1565  1565 I chatty  : uid=1000 system_server expire 5 lines
04-20 13:02:29.849  1565  1909 I chatty  : uid=1000(system) ConnectivitySer expire 36 lines
04-20 13:02:29.851  1565  4292 I chatty  : uid=1000(system) Binder:1565_1A expire 1 line
04-20 13:02:29.912  1565  1898 I chatty  : uid=1000(system) NetworkPolicy expire 13 lines
04-20 13:02:29.972  1565  4286 I chatty  : uid=1000(system) Binder:1565_19 expire 1 line
04-20 13:02:30.129  1565  1657 I chatty  : uid=1000(system) ActivityManager expire 25 lines
04-20 13:02:30.977  1565  2784 I chatty  : uid=1000(system) Binder:1565_A expire 6 lines
04-20 13:02:32.056  1565  4842 I chatty  : uid=1000(system) Binder:1565_1F expire 3 lines
04-20 13:02:32.301  1221  1221 W wificond: Scan is not started. Ignore abort request
04-20 13:02:32.473  1565  1901 I chatty  : uid=1000(system) WifiHandlerThre expire 2 lines
04-20 13:02:37.668  1565  1926 I chatty  : uid=1000(system) ConnectivityThr expire 2 lines
04-20 13:02:37.910   926   986 E NetlinkEvent: NetlinkEvent::FindParam(): Parameter 'INTERFACE' not found
04-20 13:02:37.910   926   986 E NetlinkEvent: NetlinkEvent::FindParam(): Parameter 'STATE' not found
04-20 13:02:37.910   926   986 E NetlinkEvent: NetlinkEvent::FindParam(): Parameter 'TIME_NS' not found
04-20 13:02:37.910   926   986 E NetlinkEvent: NetlinkEvent::FindParam(): Parameter 'UID' not found
04-20 13:02:38.021  1565  3557 I chatty  : uid=1000(system) Binder:1565_13 expire 2 lines
04-20 13:02:38.080  1004  1004 I vendor.google.wifi_ext@1.0-service-vendor: Wifi: Reseting SAR Scenario to default
04-20 13:02:38.332  1565  1659 I chatty  : uid=1000(system) ActivityManager expire 7 lines
04-20 13:02:38.491  1565  4460 I chatty  : uid=1000(system) Binder:1565_1D expire 1 line
04-20 13:02:39.613  1565  2180 I chatty  : uid=1000(system) Binder:1565_8 expire 8 lines
04-20 13:02:40.226  1565  4851 I chatty  : uid=1000(system) Binder:1565_20 expire 1 line
04-20 13:02:41.733  1565  3552 I chatty  : uid=1000(system) Binder:1565_10 expire 7 lines
04-20 13:02:43.854  1565  3556 I chatty  : uid=1000(system) Binder:1565_12 expire 2 lines
04-20 13:02:52.959   926   986 E NetlinkEvent: NetlinkEvent::FindParam(): Parameter 'INTERFACE' not found
04-20 13:02:52.959   926   986 E NetlinkEvent: NetlinkEvent::FindParam(): Parameter 'STATE' not found
04-20 13:02:52.959   926   986 E NetlinkEvent: NetlinkEvent::FindParam(): Parameter 'TIME_NS' not found
04-20 13:02:52.959   926   986 E NetlinkEvent: NetlinkEvent::FindParam(): Parameter 'UID' not found
04-20 13:02:52.971  1565  1909 I chatty  : uid=1000(system) ConnectivitySer expire 21 lines
04-20 13:02:53.047  1565  1898 I chatty  : uid=1000(system) NetworkPolicy expire 8 lines
04-20 13:02:53.228  1565  1838 I chatty  : uid=1000(system) Binder:1565_4 expire 1 line
04-20 13:02:53.245  1565  4841 I chatty  : uid=1000(system) Binder:1565_1E expire 1 line
04-20 13:02:53.772  1565  3519 I chatty  : uid=1000(system) Binder:1565_E expire 2 lines
04-20 13:02:55.692  1221  1221 W wificond: Scan is not started. Ignore abort request
04-20 13:02:55.692  1565  3512 I chatty  : uid=1000(system) Binder:1565_B expire 2 lines
04-20 13:02:55.717  1565  1657 I chatty  : uid=1000(system) ActivityManager expire 15 lines
04-20 13:02:56.772  1565  4295 I chatty  : uid=1000(system) Binder:1565_1C expire 8 lines
04-20 13:03:10.772  1565  2167 I chatty  : uid=1000(system) Binder:1565_6 expire 1 line
04-20 13:03:10.772   926   986 E NetlinkEvent: NetlinkEvent::FindParam(): Parameter 'INTERFACE' not found
04-20 13:03:10.772   926   986 E NetlinkEvent: NetlinkEvent::FindParam(): Parameter 'STATE' not found
04-20 13:03:10.772   926   986 E NetlinkEvent: NetlinkEvent::FindParam(): Parameter 'TIME_NS' not found
04-20 13:03:10.772   926   986 E NetlinkEvent: NetlinkEvent::FindParam(): Parameter 'UID' not found
04-20 13:03:10.792  1565  1909 I chatty  : uid=1000(system) ConnectivitySer expire 11 lines
04-20 13:03:10.898  1565  1838 I chatty  : uid=1000(system) Binder:1565_4 expire 18 lines
04-20 13:03:10.904  1004  1004 I vendor.google.wifi_ext@1.0-service-vendor: Wifi: Reseting SAR Scenario to default
04-20 13:03:10.966  1565  4851 I chatty  : uid=1000(system) Binder:1565_20 expire 25 lines
04-20 13:03:11.299  1565  1657 I chatty  : uid=1000(system) ActivityManager expire 15 lines
04-20 13:03:11.303  1565  1898 I chatty  : uid=1000(system) NetworkPolicy expire 9 lines
04-20 13:03:12.974  1565  3512 I chatty  : uid=1000(system) Binder:1565_B expire 3 lines
04-20 13:03:15.013  1565  4841 I chatty  : uid=1000(system) Binder:1565_1E expire 22 lines
04-20 13:03:20.578  1565  3556 I chatty  : uid=1000(system) Binder:1565_12 expire 1 line
04-20 13:03:29.458   926   986 E NetlinkEvent: NetlinkEvent::FindParam(): Parameter 'INTERFACE' not found
04-20 13:03:29.458   926   986 E NetlinkEvent: NetlinkEvent::FindParam(): Parameter 'STATE' not found
04-20 13:03:29.458   926   986 E NetlinkEvent: NetlinkEvent::FindParam(): Parameter 'TIME_NS' not found
04-20 13:03:29.458   926   986 E NetlinkEvent: NetlinkEvent::FindParam(): Parameter 'UID' not found
04-20 13:03:29.478  1565  1909 I chatty  : uid=1000(system) ConnectivitySer expire 17 lines
04-20 13:03:29.561  1565  1587 I chatty  : uid=1000(system) Binder:1565_1 expire 2 lines
04-20 13:03:29.757  1565  1565 I chatty  : uid=1000 system_server expire 2 lines
04-20 13:03:29.759  1565  1659 I chatty  : uid=1000(system) ActivityManager expire 4 lines
04-20 13:03:30.372  1565  1837 I chatty  : uid=1000(system) Binder:1565_3 expire 9 lines
04-20 13:03:31.172  1565  4295 I chatty  : uid=1000(system) Binder:1565_1C expire 3 lines
04-20 13:03:31.419  1565  4292 I chatty  : uid=1000(system) Binder:1565_1A expire 14 lines
04-20 13:03:43.294  1565  4842 I chatty  : uid=1000(system) Binder:1565_1F expire 17 lines
04-20 13:03:44.414  1565  4293 I chatty  : uid=1000(system) Binder:1565_1B expire 11 lines
04-20 13:04:37.463  1565  1635 I chatty  : uid=1000(system) android.ui expire 1 line
04-20 13:04:53.222  1565  4057 I chatty  : uid=1000(system) Binder:1565_15 expire 4 lines
04-20 13:04:59.066  1221  1221 W wificond: Scan is not started. Ignore abort request
04-20 13:04:59.477  1565  1901 I chatty  : uid=1000(system) WifiHandlerThre expire 1 line
04-20 13:04:59.493  1565  1909 I chatty  : uid=1000(system) ConnectivitySer expire 30 lines
04-20 13:04:59.635  1565  1898 I chatty  : uid=1000(system) NetworkPolicy expire 8 lines
04-20 13:05:00.093  1565  4057 I chatty  : uid=1000(system) Binder:1565_15 expire 11 lines
04-20 13:05:00.613  1565  1837 I chatty  : uid=1000(system) Binder:1565_3 expire 2 lines
04-20 13:05:00.665  1565  1657 I chatty  : uid=1000(system) ActivityManager expire 17 lines
04-20 13:05:00.756  1565  1635 I chatty  : uid=1000(system) android.ui expire 1 line
04-20 13:05:00.849  1565  1926 I chatty  : uid=1000(system) ConnectivityThr expire 1 line
04-20 13:05:01.026   926   986 E NetlinkEvent: NetlinkEvent::FindParam(): Parameter 'INTERFACE' not found
04-20 13:05:01.026   926   986 E NetlinkEvent: NetlinkEvent::FindParam(): Parameter 'STATE' not found
04-20 13:05:01.026   926   986 E NetlinkEvent: NetlinkEvent::FindParam(): Parameter 'TIME_NS' not found
04-20 13:05:01.026   926   986 E NetlinkEvent: NetlinkEvent::FindParam(): Parameter 'UID' not found
04-20 13:05:01.289  1004  1004 I vendor.google.wifi_ext@1.0-service-vendor: Wifi: Reseting SAR Scenario to default
04-20 13:05:01.292  1565  2014 I chatty  : uid=1000(system) Binder:1565_5 expire 17 lines
04-20 13:05:01.308  1565  1634 I chatty  : uid=1000(system) android.fg expire 3 lines
04-20 13:05:01.719  1565  2180 I chatty  : uid=1000(system) Binder:1565_8 expire 6 lines
04-20 13:05:01.737  1565  4138 I chatty  : uid=1000(system) Binder:1565_17 expire 12 lines
04-20 13:05:05.748  1565  4460 I chatty  : uid=1000(system) Binder:1565_1D expire 5 lines
04-20 13:05:09.542  1565  3557 I chatty  : uid=1000(system) Binder:1565_13 expire 1 line
04-20 13:05:15.695  1565  4295 I chatty  : uid=1000(system) Binder:1565_1C expire 4 lines
04-20 13:05:16.816  1565  4050 I chatty  : uid=1000(system) Binder:1565_14 expire 6 lines
04-20 13:05:19.575  1565  4842 I chatty  : uid=1000(system) Binder:1565_1F expire 10 lines
04-20 13:05:26.679  1221  1221 W wificond: Scan aborted
04-20 13:05:26.723  1565  1657 I chatty  : uid=1000(system) ActivityManager expire 7 lines
04-20 13:05:26.788  1565  1909 I chatty  : uid=1000(system) ConnectivitySer expire 20 lines
04-20 13:05:29.212  1565  4138 I chatty  : uid=1000(system) Binder:1565_17 expire 3 lines
04-20 13:05:30.259  1565  4057 I chatty  : uid=1000(system) Binder:1565_15 expire 3 lines
04-20 13:05:31.851  1565  3552 I chatty  : uid=1000(system) Binder:1565_10 expire 3 lines
04-20 13:05:32.398  1565  1838 I chatty  : uid=1000(system) Binder:1565_4 expire 10 lines
04-20 13:05:32.399  1565  1659 I chatty  : uid=1000(system) ActivityManager expire 14 lines
04-20 13:05:41.452  1565  1587 I chatty  : uid=1000(system) Binder:1565_1 expire 9 lines
04-20 13:05:44.983  1565  1898 I chatty  : uid=1000(system) NetworkPolicy expire 11 lines
04-20 13:05:45.076  1565  1909 I chatty  : uid=1000(system) ConnectivitySer expire 15 lines
04-20 13:05:45.292  1565  1838 I chatty  : uid=1000(system) Binder:1565_4 expire 12 lines
04-20 13:05:45.971  1565  1837 I chatty  : uid=1000(system) Binder:1565_3 expire 10 lines
04-20 13:05:47.612  1565  2014 I chatty  : uid=1000(system) Binder:1565_5 expire 2 lines
04-20 13:05:52.262  1565  1565 I chatty  : uid=1000 system_server expire 4 lines
04-20 13:05:52.409  1565  1638 I chatty  : uid=1000(system) android.display expire 1 line
04-20 13:05:55.045  1565  4136 I chatty  : uid=1000(system) Binder:1565_16 expire 8 lines
04-20 13:05:55.045  1565  4293 I chatty  : uid=1000(system) Binder:1565_1B expire 7 lines
04-20 13:05:55.046  1565  4057 I chatty  : uid=1000(system) Binder:1565_15 expire 3 lines
04-20 13:05:55.297  1565  4460 I chatty  : uid=1000(system) Binder:1565_1D expire 9 lines
04-20 13:05:57.280   926   986 E NetlinkEvent: NetlinkEvent::FindParam(): Parameter 'INTERFACE' not found
04-20 13:05:57.281   926   986 E NetlinkEvent: NetlinkEvent::FindParam(): Parameter 'STATE' not found
04-20 13:05:57.281   926   986 E NetlinkEvent: NetlinkEvent::FindParam(): Parameter 'TIME_NS' not found
04-20 13:05:57.281   926   986 E NetlinkEvent: NetlinkEvent::FindParam(): Parameter 'UID' not found
04-20 13:05:58.226  1565  1657 I chatty  : uid=1000(system) ActivityManager expire 26 lines
04-20 13:05:58.414  1565  1838 I chatty  : uid=1000(system) Binder:1565_4 expire 4 lines
04-20 13:06:01.215  1565  1588 I chatty  : uid=1000(system) Binder:1565_2 expire 2 lines
04-20 13:06:03.318   926   986 E NetlinkEvent: NetlinkEvent::FindParam(): Parameter 'INTERFACE' not found
04-20 13:06:03.318   926   986 E NetlinkEvent: NetlinkEvent::FindParam(): Parameter 'STATE' not found
04-20 13:06:03.318   926   986 E NetlinkEvent: NetlinkEvent::FindParam(): Parameter 'TIME_NS' not found
04-20 13:06:03.318   926   986 E NetlinkEvent: NetlinkEvent::FindParam(): Parameter 'UID' not found
04-20 13:06:03.335  1565  1909 I chatty  : uid=1000(system) ConnectivitySer expire 13 lines
04-20 13:06:03.400  1565  3517 I chatty  : uid=1000(system) Binder:1565_D expire 5 lines
04-20 13:06:03.527  1004  1004 I vendor.google.wifi_ext@1.0-service-vendor: Wifi: Reseting SAR Scenario to default
04-20 13:06:03.856  1565  3512 I chatty  : uid=1000(system) Binder:1565_B expire 4 lines
04-20 13:06:06.977  1565  3552 I chatty  : uid=1000(system) Binder:1565_10 expire 2 lines
04-20 13:06:10.294  1565  3557 I chatty  : uid=1000(system) Binder:1565_13 expire 3 lines
04-20 13:06:10.854  1565  4286 I chatty  : uid=1000(system) Binder:1565_19 expire 3 lines
04-20 13:06:11.338  1565  3513 I chatty  : uid=1000(system) Binder:1565_C expire 3 lines
04-20 13:06:11.837  1565  2168 I chatty  : uid=1000(system) Binder:1565_7 expire 3 lines
04-20 13:06:11.837  1565  1659 I chatty  : uid=1000(system) ActivityManager expire 12 lines
04-20 13:06:15.375  1565  1837 I chatty  : uid=1000(system) Binder:1565_3 expire 3 lines
04-20 13:06:15.419  1221  1221 E wificond: Failed to get NL80211_STA_INFO_TX_PACKETS
04-20 13:06:17.089   926   986 E NetlinkEvent: NetlinkEvent::FindParam(): Parameter 'INTERFACE' not found
04-20 13:06:17.089   926   986 E NetlinkEvent: NetlinkEvent::FindParam(): Parameter 'STATE' not found
04-20 13:06:17.089   926   986 E NetlinkEvent: NetlinkEvent::FindParam(): Parameter 'TIME_NS' not found
04-20 13:06:17.089   926   986 E NetlinkEvent: NetlinkEvent::FindParam(): Parameter 'UID' not found
04-20 13:06:17.101  1565  1909 I chatty  : uid=1000(system) ConnectivitySer expire 8 lines
04-20 13:06:17.188  1565  1634 I chatty  : uid=1000(system) android.fg expire 1 line
04-20 13:06:17.215  1565  1898 I chatty  : uid=1000(system) NetworkPolicy expire 5 lines
04-20 13:06:17.626  1565  1657 I chatty  : uid=1000(system) ActivityManager expire 1 line
04-20 13:06:19.040  1565  3556 I chatty  : uid=1000(system) Binder:1565_12 expire 2 lines
04-20 13:06:19.655  1565  2183 I chatty  : uid=1000(system) Binder:1565_9 expire 3 lines
04-20 13:06:20.246  1565  1707 I chatty  : uid=1000(system) CpuTracker expire 2 lines
04-20 13:06:20.766  1565  1659 I chatty  : uid=1000(system) ActivityManager expire 12 lines
04-20 13:06:21.390  1565  3556 I chatty  : uid=1000(system) Binder:1565_12 expire 3 lines
04-20 13:06:21.466  1565  1909 I chatty  : uid=1000(system) ConnectivitySer expire 10 lines
04-20 13:06:21.537  1565  4460 I chatty  : uid=1000(system) Binder:1565_1D expire 4 lines
04-20 13:06:21.652  1565  2014 I chatty  : uid=1000(system) Binder:1565_5 expire 13 lines
04-20 13:06:21.853  1565  3517 I chatty  : uid=1000(system) Binder:1565_D expire 4 lines
04-20 13:06:22.819  1565  1657 I chatty  : uid=1000(system) ActivityManager expire 12 lines
04-20 13:06:23.012  1565  3519 I chatty  : uid=1000(system) Binder:1565_E expire 11 lines
04-20 13:06:23.744  1565  4851 I chatty  : uid=1000(system) Binder:1565_20 expire 4 lines
04-20 13:06:24.412  1565  1837 I chatty  : uid=1000(system) Binder:1565_3 expire 1 line
04-20 13:06:24.861  1565  1635 I chatty  : uid=1000(system) android.ui expire 2 lines
04-20 13:06:25.371  1565  1638 I chatty  : uid=1000(system) android.display expire 2 lines
04-20 13:06:25.415  1565  3513 I chatty  : uid=1000(system) Binder:1565_C expire 16 lines
04-20 13:06:26.233  1565  4166 I chatty  : uid=1000(system) Binder:1565_18 expire 32 lines
04-20 13:06:33.133  1565  4295 I chatty  : uid=1000(system) Binder:1565_1C expire 8 lines
04-20 13:06:37.701  1995  1995 V DeadZone: consuming errant click: (1031.0,8.0)
04-20 13:06:37.701  1995  1995 V DeadZone: consuming errant click: (1031.0,8.0)
04-20 13:06:39.251  1565  3522 I chatty  : uid=1000(system) Binder:1565_F expire 7 lines
04-20 13:06:41.937  1565  2168 I chatty  : uid=1000(system) Binder:1565_7 expire 12 lines
04-20 13:06:49.219  1565  3519 I chatty  : uid=1000(system) Binder:1565_E expire 8 lines
04-20 13:06:51.657  1565  1898 I chatty  : uid=1000(system) NetworkPolicy expire 14 lines
04-20 13:07:01.712  1565  1913 I chatty  : uid=1000(system) ranker expire 1 line
04-20 13:07:01.908  6796  6796 D ActivityThread: Loading provider contacts;com.android.contacts: com.android.providers.contacts.ContactsProvider2
04-20 13:07:05.611  1565  2014 I chatty  : uid=1000(system) Binder:1565_5 expire 4 lines
04-20 13:07:07.212  1565  2168 I chatty  : uid=1000(system) Binder:1565_7 expire 6 lines
04-20 13:07:20.538  1565  3513 I chatty  : uid=1000(system) Binder:1565_C expire 3 lines
04-20 13:07:24.378  1565  1731 I chatty  : uid=1000(system) PackageManager expire 4 lines
04-20 13:07:24.598  1565  1634 I chatty  : uid=1000(system) android.fg expire 5 lines
04-20 13:07:26.548  1565  1565 I chatty  : uid=1000 system_server expire 7 lines
04-20 13:07:29.746  1565  1888 I chatty  : uid=1000(system) StorageManagerS expire 1 line
04-20 13:07:29.796  1565  1657 I chatty  : uid=1000(system) ActivityManager expire 19 lines
04-20 13:07:29.803  1565  1866 I chatty  : uid=1000(system) RollbackManager expire 1 line
04-20 13:07:29.804  1565  1659 I chatty  : uid=1000(system) ActivityManager expire 30 lines
04-20 13:07:29.863  1565  2167 I chatty  : uid=1000(system) Binder:1565_6 expire 6 lines
04-20 13:07:30.024  1565  1634 I chatty  : uid=1000(system) android.fg expire 14 lines
04-20 13:07:30.308  1565  3556 I chatty  : uid=1000(system) Binder:1565_12 expire 3 lines
04-20 13:07:30.326  1565  1898 I chatty  : uid=1000(system) NetworkPolicy expire 7 lines
04-20 13:07:30.852  1565  1909 I chatty  : uid=1000(system) ConnectivitySer expire 11 lines
04-20 13:07:31.514  1565  1565 I chatty  : uid=1000 system_server expire 19 lines
04-20 13:07:31.728  1565  3522 I chatty  : uid=1000(system) Binder:1565_F expire 8 lines
04-20 13:07:32.219  1565  1638 I chatty  : uid=1000(system) android.display expire 3 lines
04-20 13:07:32.573  1565  4286 I chatty  : uid=1000(system) Binder:1565_19 expire 1 line
04-20 13:07:32.981  1565  2183 I chatty  : uid=1000(system) Binder:1565_9 expire 3 lines
04-20 13:07:33.838  1565  4295 I chatty  : uid=1000(system) Binder:1565_1C expire 2 lines
04-20 13:07:34.013  1565  3519 I chatty  : uid=1000(system) Binder:1565_E expire 2 lines
04-20 13:07:34.965  1565  4166 I chatty  : uid=1000(system) Binder:1565_18 expire 2 lines
04-20 13:07:35.141  1565  4292 I chatty  : uid=1000(system) Binder:1565_1A expire 1 line
04-20 13:07:35.604  1565  2014 I chatty  : uid=1000(system) Binder:1565_5 expire 5 lines
04-20 13:07:36.216  1565  3517 I chatty  : uid=1000(system) Binder:1565_D expire 1 line
04-20 13:07:37.192  1565  4842 I chatty  : uid=1000(system) Binder:1565_1F expire 9 lines
04-20 13:07:37.335  1565  3512 I chatty  : uid=1000(system) Binder:1565_B expire 1 line
04-20 13:07:38.078  1565  2168 I chatty  : uid=1000(system) Binder:1565_7 expire 5 lines
04-20 13:07:38.374  1565  3557 I chatty  : uid=1000(system) Binder:1565_13 expire 1 line
04-20 13:07:41.030  1565  4460 I chatty  : uid=1000(system) Binder:1565_1D expire 5 lines
04-20 13:07:42.594  7734  7734 E ActivityThread: Failed to find provider info for com.samsung.android.mdx.windowslink.Tile.Provider
04-20 13:07:42.672  1565  4136 I chatty  : uid=1000(system) Binder:1565_16 expire 3 lines
04-20 13:07:42.676  1565  4851 I chatty  : uid=1000(system) Binder:1565_20 expire 6 lines
04-20 13:07:42.833  7734  7897 E ActivityThread: Failed to find provider info for com.microsoft.yourphonecompanion.contentprovider.featureoverride
04-20 13:07:42.927  1565  1565 I chatty  : uid=1000 system_server expire 3 lines
04-20 13:07:42.977  1565  1634 I chatty  : uid=1000(system) android.fg expire 3 lines
04-20 13:07:43.140  7734  7939 E ActivityThread: Failed to find provider info for com.microsoft.yourphonecompanion.contentprovider.featureoverride
04-20 13:07:43.696  1565  1659 I chatty  : uid=1000(system) ActivityManager expire 6 lines
04-20 13:07:45.029  1565  1838 I chatty  : uid=1000(system) Binder:1565_4 expire 6 lines
04-20 13:07:46.270  1565  4138 I chatty  : uid=1000(system) Binder:1565_17 expire 3 lines
04-20 13:07:47.255  1565  2180 I chatty  : uid=1000(system) Binder:1565_8 expire 10 lines
04-20 13:07:53.082  1565  4050 I chatty  : uid=1000(system) Binder:1565_14 expire 11 lines
04-20 13:07:53.115  1565  1838 I chatty  : uid=1000(system) Binder:1565_4 expire 17 lines
04-20 13:07:53.222  1565  4138 I chatty  : uid=1000(system) Binder:1565_17 expire 2 lines
04-20 13:07:53.847  1565  3522 I chatty  : uid=1000(system) Binder:1565_F expire 8 lines
04-20 13:07:56.356  1565  1898 I chatty  : uid=1000(system) NetworkPolicy expire 2 lines
04-20 13:07:58.454  1565  2014 I chatty  : uid=1000(system) Binder:1565_5 expire 11 lines
04-20 13:08:05.202  1565  1565 I chatty  : uid=1000 system_server expire 19 lines
04-20 13:08:11.698  1565  4136 I chatty  : uid=1000(system) Binder:1565_16 expire 16 lines
04-20 13:08:14.230  1565  1659 I chatty  : uid=1000(system) ActivityManager expire 19 lines
04-20 13:08:14.619  1565  1909 I chatty  : uid=1000(system) ConnectivitySer expire 6 lines
04-20 13:08:14.957  1565  3556 I chatty  : uid=1000(system) Binder:1565_12 expire 14 lines
04-20 13:08:15.092  1565  4166 I chatty  : uid=1000(system) Binder:1565_18 expire 15 lines
04-20 13:08:16.221  1565  3519 I chatty  : uid=1000(system) Binder:1565_E expire 1 line
04-20 13:08:18.051  1565  1837 I chatty  : uid=1000(system) Binder:1565_3 expire 18 lines
04-20 13:08:18.614  1565  1657 I chatty  : uid=1000(system) ActivityManager expire 4 lines
04-20 13:08:35.010  1565  4460 I chatty  : uid=1000(system) Binder:1565_1D expire 1 line
04-20 13:08:35.031  1565  1634 I chatty  : uid=1000(system) android.fg expire 8 lines
04-20 13:08:36.095  1565  3557 I chatty  : uid=1000(system) Binder:1565_13 expire 1 line
04-20 13:08:37.255  1565  2784 I chatty  : uid=1000(system) Binder:1565_A expire 3 lines
04-20 13:08:41.535  1565  4292 I chatty  : uid=1000(system) Binder:1565_1A expire 6 lines
04-20 13:08:54.656  1565  4286 I chatty  : uid=1000(system) Binder:1565_19 expire 10 lines
04-20 13:09:08.404  1565  2014 I chatty  : uid=1000(system) Binder:1565_5 expire 21 lines
04-20 13:09:09.372  1565  1838 I chatty  : uid=1000(system) Binder:1565_4 expire 10 lines
04-20 13:09:10.468  1565  4292 I chatty  : uid=1000(system) Binder:1565_1A expire 17 lines
04-20 13:09:12.652  1565  3522 I chatty  : uid=1000(system) Binder:1565_F expire 27 lines
04-20 13:09:50.087  1565  4136 I chatty  : uid=1000(system) Binder:1565_16 expire 4 lines
04-20 13:09:50.104  1565  4842 I chatty  : uid=1000(system) Binder:1565_1F expire 16 lines
04-20 13:10:20.709  1565  1880 I chatty  : uid=1000(system) InputReader expire 2 lines
04-20 13:10:20.743  1565  1565 I chatty  : uid=1000 system_server expire 16 lines
04-20 13:10:21.212  1565  1709 I chatty  : uid=1000(system) PowerManagerSer expire 12 lines
04-20 13:10:21.330  1565  1657 I chatty  : uid=1000(system) ActivityManager expire 18 lines
04-20 13:10:21.331  1565  1659 I chatty  : uid=1000(system) ActivityManager expire 12 lines
04-20 13:10:21.339  1565  1638 I chatty  : uid=1000(system) android.display expire 5 lines
04-20 13:10:21.548  1565  1634 I chatty  : uid=1000(system) android.fg expire 4 lines
04-20 13:10:22.234  1565  2784 I chatty  : uid=1000(system) Binder:1565_A expire 5 lines
04-20 13:10:22.727  1565  1898 I chatty  : uid=1000(system) NetworkPolicy expire 1 line
04-20 13:10:26.466  1565  1909 I chatty  : uid=1000(system) ConnectivitySer expire 5 lines
04-20 13:11:27.383  1565  2446 I chatty  : uid=1000(system) BluetoothRouteM expire 1 line
04-20 13:11:27.383  1565  2448 I chatty  : uid=1000(system) uteStateMachine expire 12 lines
04-20 13:11:28.788  1565  4293 I chatty  : uid=1000(system) Binder:1565_1B expire 2 lines
04-20 13:11:32.289  1565  1676 I chatty  : uid=1000(system) batterystats-wo expire 2 lines
04-20 13:11:52.990  1565  3557 I chatty  : uid=1000(system) Binder:1565_13 expire 1 line
04-20 13:11:53.501  1565  2183 I chatty  : uid=1000(system) Binder:1565_9 expire 3 lines
04-20 13:11:55.180  1565  4057 I chatty  : uid=1000(system) Binder:1565_15 expire 1 line
04-20 13:11:55.244  1565  3556 I chatty  : uid=1000(system) Binder:1565_12 expire 2 lines
04-20 13:11:57.429  1565  2168 I chatty  : uid=1000(system) Binder:1565_7 expire 28 lines
04-20 13:11:59.185  1565  1657 I chatty  : uid=1000(system) ActivityManager expire 4 lines
04-20 13:12:12.409  1565  4292 I chatty  : uid=1000(system) Binder:1565_1A expire 15 lines
04-20 13:12:12.608  1565  3556 I chatty  : uid=1000(system) Binder:1565_12 expire 7 lines
04-20 13:12:13.032  1565  1565 I chatty  : uid=1000 system_server expire 15 lines
04-20 13:12:17.784  1565  3552 I chatty  : uid=1000(system) Binder:1565_10 expire 10 lines
04-20 13:12:20.270  1565  4851 I chatty  : uid=1000(system) Binder:1565_20 expire 10 lines
04-20 13:12:20.371  1565  2014 I chatty  : uid=1000(system) Binder:1565_5 expire 6 lines
04-20 13:12:47.507  1565  1659 I chatty  : uid=1000(system) ActivityManager expire 10 lines
04-20 13:12:48.774  1565  1909 I chatty  : uid=1000(system) ConnectivitySer expire 11 lines
04-20 13:13:19.032  1565  1635 I chatty  : uid=1000(system) android.ui expire 1 line
04-20 13:13:20.113  1565  1638 I chatty  : uid=1000(system) android.display expire 2 lines
04-20 13:13:22.445  1565  3555 I chatty  : uid=1000(system) Binder:1565_11 expire 7 lines
04-20 13:13:23.174  1565  1898 I chatty  : uid=1000(system) NetworkPolicy expire 4 lines
04-20 13:13:24.343  1565  4842 I chatty  : uid=1000(system) Binder:1565_1F expire 15 lines
04-20 13:13:25.703  1565  3519 I chatty  : uid=1000(system) Binder:1565_E expire 1 line
04-20 13:13:25.876  1565  1587 I chatty  : uid=1000(system) Binder:1565_1 expire 2 lines
04-20 13:13:27.464  1565  2167 I chatty  : uid=1000(system) Binder:1565_6 expire 12 lines
04-20 13:13:30.023  1565  4286 I chatty  : uid=1000(system) Binder:1565_19 expire 2 lines
04-20 13:13:31.705  1565  4057 I chatty  : uid=1000(system) Binder:1565_15 expire 2 lines
04-20 13:13:36.510  1565  1838 I chatty  : uid=1000(system) Binder:1565_4 expire 6 lines
04-20 13:13:46.064  2750  2750 W ViewRootImpl[ConversationActivity]: Cancelling event due to no window focus: KeyEvent { action=ACTION_UP, keyCode=KEYCODE_BACK, scanCode=0, metaState=0, flags=0x68, repeatCount=0, eventTime=473853403, downTime=473853265, deviceId=-1, source=0x101, displayId=0 }
04-20 13:13:46.067  2750  2750 I chatty  : uid=10180(com.google.android.apps.messaging) identical 4 lines
04-20 13:13:46.067  2750  2750 W ViewRootImpl[ConversationActivity]: Cancelling event due to no window focus: KeyEvent { action=ACTION_UP, keyCode=KEYCODE_BACK, scanCode=0, metaState=0, flags=0x68, repeatCount=0, eventTime=473853403, downTime=473853265, deviceId=-1, source=0x101, displayId=0 }
04-20 13:13:46.149  1565  2168 I chatty  : uid=1000(system) Binder:1565_7 expire 2 lines
04-20 13:13:46.166  1565  4851 I chatty  : uid=1000(system) Binder:1565_20 expire 2 lines
04-20 13:13:47.711  1565  3557 I chatty  : uid=1000(system) Binder:1565_13 expire 5 lines
04-20 13:13:47.711  1565  4292 I chatty  : uid=1000(system) Binder:1565_1A expire 14 lines
04-20 13:13:58.312  1565  1634 I chatty  : uid=1000(system) android.fg expire 2 lines
04-20 13:14:02.905  1565  1588 I chatty  : uid=1000(system) Binder:1565_2 expire 2 lines
04-20 13:14:08.058  1565  1880 I chatty  : uid=1000(system) InputReader expire 2 lines
04-20 13:14:08.081  1565  1565 I chatty  : uid=1000 system_server expire 38 lines
04-20 13:14:08.523  1565  1709 I chatty  : uid=1000(system) PowerManagerSer expire 12 lines
04-20 13:14:08.586  1565  1676 I chatty  : uid=1000(system) batterystats-wo expire 2 lines
04-20 13:14:08.693  1565  1638 I chatty  : uid=1000(system) android.display expire 6 lines
04-20 13:14:08.839  1565  1634 I chatty  : uid=1000(system) android.fg expire 12 lines
04-20 13:14:09.009  1565  4057 I chatty  : uid=1000(system) Binder:1565_15 expire 2 lines
04-20 13:14:09.169  1565  4286 I chatty  : uid=1000(system) Binder:1565_19 expire 5 lines
04-20 13:14:09.583  1565  1588 I chatty  : uid=1000(system) Binder:1565_2 expire 11 lines
04-20 13:14:14.182  1565  1587 I chatty  : uid=1000(system) Binder:1565_1 expire 23 lines
04-20 13:14:22.330  1565  3552 I chatty  : uid=1000(system) Binder:1565_10 expire 1 line
04-20 13:14:22.682  1565  2167 I chatty  : uid=1000(system) Binder:1565_6 expire 3 lines
04-20 13:14:24.047  1565  1657 I chatty  : uid=1000(system) ActivityManager expire 24 lines
04-20 13:14:28.982  1565  4292 I chatty  : uid=1000(system) Binder:1565_1A expire 9 lines
04-20 13:14:39.178  1565  3557 I chatty  : uid=1000(system) Binder:1565_13 expire 9 lines
04-20 13:14:39.782  1565  4842 I chatty  : uid=1000(system) Binder:1565_1F expire 7 lines
04-20 13:15:09.268  1565  1659 I chatty  : uid=1000(system) ActivityManager expire 12 lines
04-20 13:17:08.023  1565  1909 I chatty  : uid=1000(system) ConnectivitySer expire 8 lines
04-20 13:17:17.060  1565  1656 I chatty  : uid=1000(system) android.bg expire 1 line
04-20 13:17:33.775  1565  1898 I chatty  : uid=1000(system) NetworkPolicy expire 1 line
04-20 13:17:51.804  1565  2183 I chatty  : uid=1000(system) Binder:1565_9 expire 3 lines
04-20 13:19:15.583  1565  2014 I chatty  : uid=1000(system) Binder:1565_5 expire 1 line
04-20 13:19:29.953 29255 21910 I AlwaysOnHotwordDetector: onDetected
04-20 13:19:44.293  1565  1565 I chatty  : uid=1000 system_server expire 2 lines
04-20 13:19:44.296 29255 21910 I AlwaysOnHotwordDetector: onDetected
04-20 13:20:02.927  1565  4851 I chatty  : uid=1000(system) Binder:1565_20 expire 2 lines
04-20 13:20:05.231  1565  1657 I chatty  : uid=1000(system) ActivityManager expire 1 line
04-20 13:20:53.661  1565  1659 I chatty  : uid=1000(system) ActivityManager expire 19 lines
04-20 13:20:55.338  1565  1637 I chatty  : uid=1000(system) android.io expire 20 lines
04-20 13:20:55.679  1565  1657 I chatty  : uid=1000(system) ActivityManager expire 18 lines
04-20 13:20:55.765  1565  1565 I chatty  : uid=1000 system_server expire 14 lines
04-20 13:20:56.380  1565  4286 I chatty  : uid=1000(system) Binder:1565_19 expire 7 lines
04-20 13:21:56.819  1565  4851 I chatty  : uid=1000(system) Binder:1565_20 expire 2 lines
04-20 13:22:06.307  1565  1909 I chatty  : uid=1000(system) ConnectivitySer expire 12 lines
04-20 13:22:14.244  1565  3556 I chatty  : uid=1000(system) Binder:1565_12 expire 8 lines
04-20 13:23:11.929  1565  1898 I chatty  : uid=1000(system) NetworkPolicy expire 1 line
04-20 13:24:59.325 29255 21910 I AlwaysOnHotwordDetector: onDetected
04-20 13:25:15.649  1565  1588 I chatty  : uid=1000(system) Binder:1565_2 expire 7 lines
04-20 13:25:53.190  1565  1709 I chatty  : uid=1000(system) PowerManagerSer expire 27 lines
04-20 13:25:57.856  1565  2014 I chatty  : uid=1000(system) Binder:1565_5 expire 10 lines
04-20 13:26:00.852  1565  1638 I chatty  : uid=1000(system) android.display expire 10 lines
04-20 13:26:01.022  1565  1634 I chatty  : uid=1000(system) android.fg expire 1 line
04-20 13:26:29.970 29255 10737 I AlwaysOnHotwordDetector: onDetected
04-20 13:26:31.443  1565  4292 I chatty  : uid=1000(system) Binder:1565_1A expire 1 line
04-20 13:27:21.916  1565  1909 I chatty  : uid=1000(system) ConnectivitySer expire 10 lines
04-20 13:30:03.140  1565  4293 I chatty  : uid=1000(system) Binder:1565_1B expire 3 lines
04-20 13:30:43.453 29255 21910 I AlwaysOnHotwordDetector: onDetected
04-20 13:34:03.391  1565  1587 I chatty  : uid=1000(system) Binder:1565_1 expire 5 lines
04-20 13:35:42.421  1565  1657 I chatty  : uid=1000(system) ActivityManager expire 13 lines
04-20 13:37:16.201  1565  1676 I chatty  : uid=1000(system) batterystats-wo expire 1 line
04-20 13:38:00.159  1565  1565 I chatty  : uid=1000 system_server expire 12 lines
04-20 13:38:00.161 29255 21910 I AlwaysOnHotwordDetector: onDetected
04-20 13:38:01.526  1565  2014 I chatty  : uid=1000(system) Binder:1565_5 expire 6 lines
04-20 13:39:35.462 29255 21910 I AlwaysOnHotwordDetector: onDetected
04-20 13:47:43.543  1565  1657 I chatty  : uid=1000(system) ActivityManager expire 2 lines
04-20 13:51:10.983  1565  1709 I chatty  : uid=1000(system) PowerManagerSer expire 4 lines
04-20 13:51:11.027  1565  1638 I chatty  : uid=1000(system) android.display expire 5 lines
04-20 13:51:16.429  1565  1709 I chatty  : uid=1000(system) PowerManagerSer expire 16 lines
04-20 13:52:23.440  1565  1909 I chatty  : uid=1000(system) ConnectivitySer expire 3 lines
04-20 13:52:33.084  1565  1898 I chatty  : uid=1000(system) NetworkPolicy expire 3 lines
04-20 13:54:49.432  1565  1635 I chatty  : uid=1000(system) android.ui expire 1 line
04-20 13:56:06.967  1565  4050 I chatty  : uid=1000(system) Binder:1565_14 expire 4 lines
04-20 13:56:10.152  1565  1565 I chatty  : uid=1000 system_server expire 1 line
04-20 13:56:10.190  1565  1587 I chatty  : uid=1000(system) Binder:1565_1 expire 1 line
04-20 13:56:10.205  1565  3517 I chatty  : uid=1000(system) Binder:1565_D expire 15 lines
04-20 13:56:10.424  1565  1880 I chatty  : uid=1000(system) InputReader expire 2 lines
04-20 13:56:10.673  1565  4057 I chatty  : uid=1000(system) Binder:1565_15 expire 36 lines
04-20 13:56:10.674  1565  1634 I chatty  : uid=1000(system) android.fg expire 4 lines
04-20 13:56:10.722  1565  4293 I chatty  : uid=1000(system) Binder:1565_1B expire 1 line
04-20 13:56:10.724  1565  2168 I chatty  : uid=1000(system) Binder:1565_7 expire 18 lines
04-20 13:56:10.724  1565  3556 I chatty  : uid=1000(system) Binder:1565_12 expire 9 lines
04-20 13:56:10.992  1565  3555 I chatty  : uid=1000(system) Binder:1565_11 expire 52 lines
04-20 13:56:14.691  1565  1837 I chatty  : uid=1000(system) Binder:1565_3 expire 6 lines
04-20 13:56:17.731  1565  1657 I chatty  : uid=1000(system) ActivityManager expire 2 lines
04-20 13:56:21.032  1565  4286 I chatty  : uid=1000(system) Binder:1565_19 expire 17 lines
04-20 13:56:27.940  1565  1657 I chatty  : uid=1000(system) ActivityManager expire 16 lines
04-20 13:56:28.052  1565  2168 I chatty  : uid=1000(system) Binder:1565_7 expire 37 lines
04-20 13:56:28.173  1565  3555 I chatty  : uid=1000(system) Binder:1565_11 expire 22 lines
04-20 13:56:28.574  1565  3517 I chatty  : uid=1000(system) Binder:1565_D expire 19 lines
04-20 13:56:29.961  1565  4057 I chatty  : uid=1000(system) Binder:1565_15 expire 15 lines
04-20 13:57:01.544  1565  1709 I chatty  : uid=1000(system) PowerManagerSer expire 6 lines
04-20 13:57:01.604  1565  1638 I chatty  : uid=1000(system) android.display expire 3 lines
04-20 13:57:01.647  1565  1587 I chatty  : uid=1000(system) Binder:1565_1 expire 3 lines
04-20 13:57:01.749  1565  4050 I chatty  : uid=1000(system) Binder:1565_14 expire 15 lines
04-20 13:57:01.762  1565  1634 I chatty  : uid=1000(system) android.fg expire 3 lines
04-20 13:57:03.425  1565  1565 I chatty  : uid=1000 system_server expire 9 lines
04-20 13:57:04.013  1565  3556 I chatty  : uid=1000(system) Binder:1565_12 expire 3 lines
04-20 13:57:04.544  1565  1909 I chatty  : uid=1000(system) ConnectivitySer expire 1 line
04-20 13:57:04.561  1565  1898 I chatty  : uid=1000(system) NetworkPolicy expire 2 lines
04-20 13:57:05.076  1565  3519 I chatty  : uid=1000(system) Binder:1565_E expire 2 lines
04-20 13:57:05.267  1565  4842 I chatty  : uid=1000(system) Binder:1565_1F expire 7 lines
04-20 13:57:05.276  1565  4841 I chatty  : uid=1000(system) Binder:1565_1E expire 4 lines
04-20 13:57:05.372  1565  1837 I chatty  : uid=1000(system) Binder:1565_3 expire 1 line
04-20 13:57:05.379  1565  1635 I chatty  : uid=1000(system) android.ui expire 1 line
04-20 13:57:05.646  1565  3557 I chatty  : uid=1000(system) Binder:1565_13 expire 2 lines
04-20 13:57:06.250  1565  1659 I chatty  : uid=1000(system) ActivityManager expire 2 lines
04-20 13:57:06.359  1565  1639 I chatty  : uid=1000(system) android.anim expire 1 line
04-20 13:57:06.716  1565  4138 I chatty  : uid=1000(system) Binder:1565_17 expire 10 lines
04-20 13:57:06.748  1565  4841 I chatty  : uid=1000(system) Binder:1565_1E expire 6 lines
04-20 13:57:06.797  1565  3555 I chatty  : uid=1000(system) Binder:1565_11 expire 8 lines
04-20 13:57:07.004  1565  1638 I chatty  : uid=1000(system) android.display expire 6 lines
04-20 13:57:07.007  1565  3556 I chatty  : uid=1000(system) Binder:1565_12 expire 9 lines
04-20 13:57:07.111  1565  3522 I chatty  : uid=1000(system) Binder:1565_F expire 23 lines
04-20 13:57:07.397  1565  1657 I chatty  : uid=1000(system) ActivityManager expire 15 lines
04-20 13:57:07.628  1565  1587 I chatty  : uid=1000(system) Binder:1565_1 expire 1 line
04-20 13:57:08.426  1565  2784 I chatty  : uid=1000(system) Binder:1565_A expire 2 lines
04-20 13:57:10.950 11516 13305 E ActivityThread: Failed to find provider info for com.facebook.appmanager.attribution
04-20 13:57:11.318  1565  1837 I chatty  : uid=1000(system) Binder:1565_3 expire 29 lines
04-20 13:57:13.076  1565  4136 I chatty  : uid=1000(system) Binder:1565_16 expire 9 lines
04-20 13:57:14.079  1565  1659 I chatty  : uid=1000(system) ActivityManager expire 4 lines
04-20 13:57:18.397  1565  3512 I chatty  : uid=1000(system) Binder:1565_B expire 22 lines
04-20 13:57:24.166  1565  4293 I chatty  : uid=1000(system) Binder:1565_1B expire 11 lines
04-20 13:57:32.356  1565  1909 I chatty  : uid=1000(system) ConnectivitySer expire 2 lines
04-20 13:58:20.308  1565  1565 I chatty  : uid=1000 system_server expire 12 lines
04-20 13:58:32.427  1565  1880 I chatty  : uid=1000(system) InputReader expire 2 lines
04-20 13:58:32.976  1565  1709 I chatty  : uid=1000(system) PowerManagerSer expire 12 lines
04-20 13:58:33.262  1565  1634 I chatty  : uid=1000(system) android.fg expire 8 lines
04-20 13:58:42.249  1565  1565 I chatty  : uid=1000 system_server expire 29 lines
04-20 13:58:42.847  1565  1588 I chatty  : uid=1000(system) Binder:1565_2 expire 7 lines
04-20 13:58:42.960  1565  1657 I chatty  : uid=1000(system) ActivityManager expire 25 lines
04-20 13:58:44.290  1565  1880 I chatty  : uid=1000(system) InputReader expire 2 lines
04-20 13:58:44.305  1565  3512 I chatty  : uid=1000(system) Binder:1565_B expire 3 lines
04-20 13:58:44.768  1565  1709 I chatty  : uid=1000(system) PowerManagerSer expire 12 lines
04-20 13:58:44.838  1565  1638 I chatty  : uid=1000(system) android.display expire 4 lines
04-20 13:58:45.281  1565  3522 I chatty  : uid=1000(system) Binder:1565_F expire 36 lines
04-20 13:59:00.509  1565  1909 I chatty  : uid=1000(system) ConnectivitySer expire 2 lines
04-20 13:59:48.641  1565  3517 I chatty  : uid=1000(system) Binder:1565_D expire 6 lines
04-20 14:00:14.033  1565  4136 I chatty  : uid=1000(system) Binder:1565_16 expire 20 lines
04-20 14:00:26.062  1565  4851 I chatty  : uid=1000(system) Binder:1565_20 expire 7 lines
04-20 14:01:11.361  1565  1837 I chatty  : uid=1000(system) Binder:1565_3 expire 8 lines
04-20 14:01:11.532  1565  1659 I chatty  : uid=1000(system) ActivityManager expire 2 lines
04-20 14:01:31.961  1565  4293 I chatty  : uid=1000(system) Binder:1565_1B expire 3 lines
04-20 14:01:38.032  1565  1872 I chatty  : uid=1000(system) AlarmManager expire 1 line
04-20 14:01:40.073  1565  1657 I chatty  : uid=1000(system) ActivityManager expire 37 lines
04-20 14:01:40.847  1565  3522 I chatty  : uid=1000(system) Binder:1565_F expire 19 lines
04-20 14:01:41.957  1565  4136 I chatty  : uid=1000(system) Binder:1565_16 expire 14 lines
04-20 14:01:43.082  1565  1837 I chatty  : uid=1000(system) Binder:1565_3 expire 13 lines
04-20 14:01:45.277  1565  3513 I chatty  : uid=1000(system) Binder:1565_C expire 8 lines
04-20 14:01:50.333  1565  1635 I chatty  : uid=1000(system) android.ui expire 1 line
04-20 14:01:50.917  1565  3517 I chatty  : uid=1000(system) Binder:1565_D expire 19 lines
04-20 14:01:50.994  1565  4293 I chatty  : uid=1000(system) Binder:1565_1B expire 3 lines
04-20 14:01:51.753  1565  1909 I chatty  : uid=1000(system) ConnectivitySer expire 1 line
04-20 14:02:01.041  1565  1565 I chatty  : uid=1000 system_server expire 17 lines
04-20 14:02:15.439  1565  3555 I chatty  : uid=1000(system) Binder:1565_11 expire 2 lines
04-20 14:02:23.170  1565  3556 I chatty  : uid=1000(system) Binder:1565_12 expire 5 lines
04-20 14:02:46.278  1565  1637 I chatty  : uid=1000(system) android.io expire 20 lines
04-20 14:02:46.311  1565  1659 I chatty  : uid=1000(system) ActivityManager expire 28 lines
04-20 14:02:48.948  1565  1657 I chatty  : uid=1000(system) ActivityManager expire 9 lines
04-20 14:02:48.966  1565  1565 I chatty  : uid=1000 system_server expire 31 lines
04-20 14:02:48.978  1565  1637 I chatty  : uid=1000(system) android.io expire 1 line
04-20 14:02:49.082  1565  4851 I chatty  : uid=1000(system) Binder:1565_20 expire 1 line
04-20 14:02:49.358  1565  2784 I chatty  : uid=1000(system) Binder:1565_A expire 3 lines
04-20 14:02:49.383  1565  4057 I chatty  : uid=1000(system) Binder:1565_15 expire 7 lines
04-20 14:02:49.384  1565  1588 I chatty  : uid=1000(system) Binder:1565_2 expire 6 lines
04-20 14:02:49.384  1565  1909 I chatty  : uid=1000(system) ConnectivitySer expire 15 lines
04-20 14:02:49.385  1565  4136 I chatty  : uid=1000(system) Binder:1565_16 expire 9 lines
04-20 14:02:49.387  1565  3556 I chatty  : uid=1000(system) Binder:1565_12 expire 4 lines
04-20 14:02:50.167  1565  4138 I chatty  : uid=1000(system) Binder:1565_17 expire 6 lines
04-20 14:02:50.466  1565  2180 I chatty  : uid=1000(system) Binder:1565_8 expire 3 lines
04-20 14:02:54.289  1565  4841 I chatty  : uid=1000(system) Binder:1565_1E expire 6 lines
04-20 14:02:57.597  1565  2168 I chatty  : uid=1000(system) Binder:1565_7 expire 4 lines
04-20 14:03:07.628  1565  1638 I chatty  : uid=1000(system) android.display expire 12 lines
04-20 14:03:11.993  1565  1898 I chatty  : uid=1000(system) NetworkPolicy expire 1 line
04-20 14:03:12.580 16860 16860 W ViewRootImpl[MainActivity]: Cancelling event due to no window focus: KeyEvent { action=ACTION_UP, keyCode=KEYCODE_BACK, scanCode=0, metaState=0, flags=0x68, repeatCount=0, eventTime=475023565, downTime=475023504, deviceId=-1, source=0x101, displayId=0 }
04-20 14:03:12.580 16860 16860 I chatty  : uid=10245(tv.twitch.android.app) identical 4 lines
04-20 14:03:12.580 16860 16860 W ViewRootImpl[MainActivity]: Cancelling event due to no window focus: KeyEvent { action=ACTION_UP, keyCode=KEYCODE_BACK, scanCode=0, metaState=0, flags=0x68, repeatCount=0, eventTime=475023565, downTime=475023504, deviceId=-1, source=0x101, displayId=0 }
04-20 14:03:12.827  1565  1909 I chatty  : uid=1000(system) ConnectivitySer expire 6 lines
04-20 14:03:15.140  1565  4460 I chatty  : uid=1000(system) Binder:1565_1D expire 3 lines
04-20 14:03:15.141  1565  1659 I chatty  : uid=1000(system) ActivityManager expire 4 lines
04-20 14:03:16.474  1565  4050 I chatty  : uid=1000(system) Binder:1565_14 expire 1 line
04-20 14:03:17.619  1565  1879 I chatty  : uid=1000(system) InputDispatcher expire 2 lines
04-20 14:03:17.768  1565 17378 I chatty  : uid=1000 system_server expire 24 lines
04-20 14:03:18.402  1565  2167 I chatty  : uid=1000(system) Binder:1565_6 expire 3 lines
04-20 14:03:18.832  1565  3555 I chatty  : uid=1000(system) Binder:1565_11 expire 2 lines
04-20 14:03:19.722  1565  3517 I chatty  : uid=1000(system) Binder:1565_D expire 1 line
04-20 14:03:19.807  1565  3513 I chatty  : uid=1000(system) Binder:1565_C expire 1 line
04-20 14:03:20.063  1565  1838 I chatty  : uid=1000(system) Binder:1565_4 expire 1 line
04-20 14:03:20.063  1565  1837 I chatty  : uid=1000(system) Binder:1565_3 expire 2 lines
04-20 14:03:20.230  1565  4842 I chatty  : uid=1000(system) Binder:1565_1F expire 1 line
04-20 14:03:20.549  1565  2014 I chatty  : uid=1000(system) Binder:1565_5 expire 3 lines
04-20 14:03:21.306  1565  1837 I chatty  : uid=1000(system) Binder:1565_3 expire 3 lines
04-20 14:03:21.654  1565  1638 I chatty  : uid=1000(system) android.display expire 8 lines
04-20 14:03:21.796  1565  4057 I chatty  : uid=1000(system) Binder:1565_15 expire 6 lines
04-20 14:03:21.799  1565  1838 I chatty  : uid=1000(system) Binder:1565_4 expire 4 lines
04-20 14:03:21.799  1565  2180 I chatty  : uid=1000(system) Binder:1565_8 expire 1 line
04-20 14:03:21.799  1565  4293 I chatty  : uid=1000(system) Binder:1565_1B expire 6 lines
04-20 14:03:21.799  1565  4851 I chatty  : uid=1000(system) Binder:1565_20 expire 5 lines
04-20 14:03:21.799  1565  2167 I chatty  : uid=1000(system) Binder:1565_6 expire 1 line
04-20 14:03:21.800  1565  1909 I chatty  : uid=1000(system) ConnectivitySer expire 11 lines
04-20 14:03:21.800  1565  1587 I chatty  : uid=1000(system) Binder:1565_1 expire 1 line
04-20 14:03:21.808  1565  4136 I chatty  : uid=1000(system) Binder:1565_16 expire 12 lines
04-20 14:03:21.827  1565  1657 I chatty  : uid=1000(system) ActivityManager expire 15 lines
04-20 14:03:22.901 17408 17408 I ActivityThread: handleStopService: token=android.os.BinderProxy@1399f26 not found.
