04-20 19:15:57.629  1741  1777 I chatty  : uid=1000(system) batterystats-wo expire 1 line
04-20 19:15:57.783  1741  6555 I chatty  : uid=1000(system) Binder:1741_1A expire 1 line
04-20 19:15:58.657   603   617 D vold    : Remounting 10210 as mode default
04-20 19:15:58.696  1741  2054 I chatty  : uid=1000(system) AccountManagerS expire 1 line
04-20 19:15:58.698  1741  1741 I chatty  : uid=1000 system_server expire 2 lines
04-20 19:15:58.975  1741  1763 I chatty  : uid=1000(system) android.fg expire 2 lines
04-20 19:15:59.310  1741  1764 I chatty  : uid=1000(system) android.ui expire 5 lines
04-20 19:15:59.318  1741  1741 I chatty  : uid=1000 system_server expire 21 lines
04-20 19:15:59.480  1741  1772 I chatty  : uid=1000(system) android.bg expire 2 lines
04-20 19:15:59.532  1741  1767 I chatty  : uid=1000(system) android.anim expire 7 lines
04-20 19:15:59.813  1741  1781 I chatty  : uid=1000(system) PowerManagerSer expire 13 lines
04-20 19:15:59.876  1741 16353 I chatty  : uid=1000 system_server expire 1 line
04-20 19:15:59.883  1741  1766 I chatty  : uid=1000(system) android.display expire 6 lines
04-20 19:16:00.304  1741  2656 I chatty  : uid=1000(system) android.fg expire 4 lines
04-20 19:16:00.544  1741  1763 I chatty  : uid=1000(system) android.fg expire 7 lines
04-20 19:16:01.583  1741  2316 I chatty  : uid=1000(system) Binder:1741_4 expire 2 lines
04-20 19:16:01.631  1741  6427 I chatty  : uid=1000(system) Binder:1741_18 expire 3 lines
04-20 19:16:01.636  1741  3620 I chatty  : uid=1000(system) Binder:1741_F expire 7 lines
04-20 19:16:01.703   603   617 E Cryptfs : cryptfs_get_password not valid for file encryption
04-20 19:16:01.875  1741  2501 I chatty  : uid=1000(system) Binder:1741_8 expire 2 lines
04-20 19:16:07.430  1741  3580 I chatty  : uid=1000(system) Binder:1741_D expire 4 lines
04-20 19:16:07.435  1741  5744 I chatty  : uid=1000(system) Binder:1741_13 expire 3 lines
04-20 19:16:18.297  1741  1787 I chatty  : uid=1000(system) PackageManager expire 45 lines
04-20 19:16:19.426  1741  2123 I chatty  : uid=1000(system) InputReader expire 1 line
04-20 19:16:19.450  1741  5262 I chatty  : uid=1000(system) Binder:1741_12 expire 6 lines
04-20 19:16:19.472  1741  3126 I chatty  : uid=1000(system) Binder:1741_B expire 2 lines
04-20 19:16:23.377  1741  1773 I chatty  : uid=1000(system) ActivityManager expire 11 lines
04-20 19:16:31.531   603   617 D vold    : Remounting 10211 as mode default
04-20 19:16:31.568  1741  2054 I chatty  : uid=1000(system) AccountManagerS expire 1 line
04-20 19:16:31.588  1741  1741 I chatty  : uid=1000 system_server expire 23 lines
04-20 19:16:31.875  1741  1763 I chatty  : uid=1000(system) android.fg expire 12 lines
04-20 19:16:32.425  1741  1772 I chatty  : uid=1000(system) android.bg expire 4 lines
04-20 19:16:32.867  1741  2656 I chatty  : uid=1000(system) android.fg expire 5 lines
04-20 19:16:33.259  1741  5262 I chatty  : uid=1000(system) Binder:1741_12 expire 1 line
04-20 19:16:33.328  1741  3620 I chatty  : uid=1000(system) Binder:1741_F expire 3 lines
04-20 19:16:33.367  1741  1774 I chatty  : uid=1000(system) ActivityManager expire 2 lines
04-20 19:16:33.558 16542 16542 D ActivityThread: Loading provider contacts;com.android.contacts: com.android.providers.contacts.ContactsProvider2
04-20 19:16:44.157  1741  1759 I chatty  : uid=1000(system) Binder:1741_1 expire 4 lines
04-20 19:16:46.560  1741  1773 I chatty  : uid=1000(system) ActivityManager expire 8 lines
04-20 19:16:58.423  1741  2042 I chatty  : uid=1000(system) UEventObserver expire 1 line
04-20 19:17:03.413  1741  1787 I chatty  : uid=1000(system) PackageManager expire 52 lines
04-20 19:17:12.843  1741  2501 I chatty  : uid=1000(system) Binder:1741_8 expire 1 line
04-20 19:17:12.908  1741  2047 I chatty  : uid=1000(system) Binder:1741_3 expire 3 lines
04-20 19:17:12.915  1741  4636 I chatty  : uid=1000(system) Binder:1741_10 expire 1 line
04-20 19:17:14.656   603   617 D vold    : Remounting 10212 as mode default
04-20 19:17:14.720  1741  2054 I chatty  : uid=1000(system) AccountManagerS expire 1 line
04-20 19:17:14.799  1741  2434 I chatty  : uid=1000(system) Binder:1741_6 expire 2 lines
04-20 19:17:15.896  1741  1781 I chatty  : uid=1000(system) PowerManagerSer expire 9 lines
04-20 19:17:23.424  1741  1777 I chatty  : uid=1000(system) batterystats-wo expire 1 line
04-20 19:17:23.437  1741 16761 I chatty  : uid=1000 system_server expire 1 line
04-20 19:17:23.444  1741  1766 I chatty  : uid=1000(system) android.display expire 2 lines
04-20 19:17:24.186  1741  3580 I chatty  : uid=1000(system) Binder:1741_D expire 1 line
04-20 19:17:24.425  1741  6427 I chatty  : uid=1000(system) Binder:1741_18 expire 2 lines
04-20 19:17:24.455  1741  1767 I chatty  : uid=1000(system) android.anim expire 1 line
04-20 19:17:26.215  1741  1787 I chatty  : uid=1000(system) PackageManager expire 92 lines
04-20 19:17:26.396  1741  1763 I chatty  : uid=1000(system) android.fg expire 8 lines
04-20 19:17:26.941  1741  6427 I chatty  : uid=1000(system) Binder:1741_18 expire 4 lines
04-20 19:17:27.928  1741  1766 I chatty  : uid=1000(system) android.display expire 1 line
04-20 19:17:28.922  1741  1741 I chatty  : uid=1000 system_server expire 15 lines
04-20 19:17:29.685  1741  1773 I chatty  : uid=1000(system) ActivityManager expire 15 lines
04-20 19:17:33.776  1741  2047 I chatty  : uid=1000(system) Binder:1741_3 expire 1 line
04-20 19:17:34.474   603   617 D vold    : Remounting 10213 as mode default
04-20 19:17:34.595  1741  2656 I chatty  : uid=1000(system) android.fg expire 7 lines
04-20 19:17:34.600  1741  2054 I chatty  : uid=1000(system) AccountManagerS expire 2 lines
04-20 19:17:34.648  1741  4636 I chatty  : uid=1000(system) Binder:1741_10 expire 1 line
04-20 19:17:34.707  1741  3620 I chatty  : uid=1000(system) Binder:1741_F expire 1 line
04-20 19:17:34.750  1741  1774 I chatty  : uid=1000(system) ActivityManager expire 5 lines
04-20 19:17:35.453  1741  2441 I chatty  : uid=1000(system) Binder:1741_7 expire 1 line
04-20 19:17:35.463  1741  1772 I chatty  : uid=1000(system) android.bg expire 3 lines
04-20 19:17:51.000  1741  1764 I chatty  : uid=1000(system) android.ui expire 1 line
04-20 19:17:51.005   603   617 D vold    : Remounting 10214 as mode default
04-20 19:17:51.042  1741  1741 I chatty  : uid=1000 system_server expire 1 line
04-20 19:17:51.118  1741  3613 I chatty  : uid=1000(system) Binder:1741_E expire 1 line
04-20 19:17:51.154  1741  6555 I chatty  : uid=1000(system) Binder:1741_1A expire 1 line
04-20 19:17:51.210  1741  1774 I chatty  : uid=1000(system) ActivityManager expire 2 lines
04-20 19:17:51.283  1741  1741 I chatty  : uid=1000 system_server expire 21 lines
04-20 19:17:51.327  1741  1763 I chatty  : uid=1000(system) android.fg expire 9 lines
04-20 19:17:51.512  1741  2047 I chatty  : uid=1000(system) Binder:1741_3 expire 2 lines
04-20 19:17:51.527  1741  3613 I chatty  : uid=1000(system) Binder:1741_E expire 1 line
04-20 19:17:51.759  1741  2501 I chatty  : uid=1000(system) Binder:1741_8 expire 1 line
04-20 19:17:51.830  1741  1772 I chatty  : uid=1000(system) android.bg expire 4 lines
04-20 19:17:52.284  1741  2656 I chatty  : uid=1000(system) android.fg expire 6 lines
04-20 19:17:54.290  1741  1773 I chatty  : uid=1000(system) ActivityManager expire 15 lines
04-20 19:17:54.332  1741  1787 I chatty  : uid=1000(system) PackageManager expire 89 lines
04-20 19:17:56.755  1741  2054 I chatty  : uid=1000(system) AccountManagerS expire 2 lines
04-20 19:17:56.866  1741  5262 I chatty  : uid=1000(system) Binder:1741_12 expire 1 line
04-20 19:17:59.367  1741  1773 I chatty  : uid=1000(system) ActivityManager expire 18 lines
04-20 19:17:59.471  1741  6555 I chatty  : uid=1000(system) Binder:1741_1A expire 1 line
04-20 19:17:59.491  1741  1763 I chatty  : uid=1000(system) android.fg expire 5 lines
04-20 19:17:59.542  1741  1741 I chatty  : uid=1000 system_server expire 13 lines
04-20 19:17:59.573  1741  3580 I chatty  : uid=1000(system) Binder:1741_D expire 2 lines
04-20 19:17:59.641  1741  1774 I chatty  : uid=1000(system) ActivityManager expire 2 lines
04-20 19:17:59.851  1741  2042 I chatty  : uid=1000(system) UEventObserver expire 1 line
04-20 19:18:00.013 17178 17178 D SystemConfig: Removed unavailable feature android.hardware.sensor.gyroscope
04-20 19:18:00.036 17178 17178 W SystemConfig: No directory /oem/etc/sysconfig, skipping
04-20 19:18:00.036 17178 17178 W SystemConfig: No directory /oem/etc/permissions, skipping
04-20 19:18:00.138  1741  1772 I chatty  : uid=1000(system) android.bg expire 3 lines
04-20 19:18:00.346 17178 17178 W SystemConfig: No directory /system/etc/motorola/bgintents, skipping
04-20 19:18:00.346 17178 17178 W SystemConfig: No directory /oem/etc/motorola/bgintents, skipping
04-20 19:18:00.361 17178 17178 W SystemConfig: No directory /product_services/etc/sysconfig, skipping
04-20 19:18:00.361 17178 17178 W SystemConfig: No directory /product_services/etc/permissions, skipping
04-20 19:18:00.361 17178 17178 W SystemConfig: No directory /system/etc/motorola/sysconfig, skipping
04-20 19:18:00.362 17178 17178 W SystemConfig: No directory /oem/etc/motorola/sysconfig, skipping
04-20 19:18:00.362 17178 17178 W SystemConfig: No directory /product/etc/motorola/sysconfig, skipping
04-20 19:18:00.541  1741  2656 I chatty  : uid=1000(system) android.fg expire 3 lines
04-20 19:18:13.167  1741  4636 I chatty  : uid=1000(system) Binder:1741_10 expire 2 lines
04-20 19:18:14.098  1741 11669 I chatty  : uid=1000(system) Binder:1741_1F expire 2 lines
04-20 19:18:14.308  1741  2434 I chatty  : uid=1000(system) Binder:1741_6 expire 2 lines
04-20 19:18:15.261  1741  9573 I chatty  : uid=1000(system) Binder:1741_1D expire 1 line
04-20 19:18:15.261  1741  2247 I chatty  : uid=1000(system) ConnectivitySer expire 1 line
04-20 19:18:18.175  1741  1787 I chatty  : uid=1000(system) PackageManager expire 175 lines
04-20 19:18:18.223  1741  1773 I chatty  : uid=1000(system) ActivityManager expire 62 lines
04-20 19:18:18.252  1741 11669 I chatty  : uid=1000(system) Binder:1741_1F expire 1 line
04-20 19:18:18.310  1741  1787 I chatty  : uid=1000(system) PackageManager expire 31 lines
04-20 19:18:18.333  1741  5744 I chatty  : uid=1000(system) Binder:1741_13 expire 2 lines
04-20 19:18:18.333  1741  8491 I chatty  : uid=1000(system) Binder:1741_1C expire 4 lines
04-20 19:18:18.333  1741  2247 I chatty  : uid=1000(system) ConnectivitySer expire 5 lines
04-20 19:18:18.387  1741  5262 I chatty  : uid=1000(system) Binder:1741_12 expire 1 line
04-20 19:18:18.410  1741  3580 I chatty  : uid=1000(system) Binder:1741_D expire 1 line
04-20 19:18:18.411  1741  2441 I chatty  : uid=1000(system) Binder:1741_7 expire 3 lines
04-20 19:18:18.456  1741  1773 I chatty  : uid=1000(system) ActivityManager expire 10 lines
04-20 19:18:18.457  1741  1763 I chatty  : uid=1000(system) android.fg expire 1 line
04-20 19:18:18.473  1741  1766 I chatty  : uid=1000(system) android.display expire 1 line
04-20 19:18:18.474  1741  1741 I chatty  : uid=1000 system_server expire 3 lines
04-20 19:18:18.475  1741  2633 I chatty  : uid=1000(system) IzatProvider expire 2 lines
04-20 19:18:23.365  1741  1774 I chatty  : uid=1000(system) ActivityManager expire 3 lines
04-20 19:18:27.798 17292 17292 W PackageParser: Unknown element under <manifest>: queries at /data/user_de/0/com.google.android.gms/app_chimera/m/s/AdsDynamite.apk Binary XML file line #5
04-20 19:18:27.969 17292 17292 D SystemConfig: Removed unavailable feature android.hardware.sensor.gyroscope
04-20 19:18:27.993 17292 17292 W SystemConfig: No directory /oem/etc/sysconfig, skipping
04-20 19:18:27.993 17292 17292 W SystemConfig: No directory /oem/etc/permissions, skipping
04-20 19:18:28.189 17292 17292 W SystemConfig: No directory /system/etc/motorola/bgintents, skipping
04-20 19:18:28.190 17292 17292 W SystemConfig: No directory /oem/etc/motorola/bgintents, skipping
04-20 19:18:28.209 17292 17292 W SystemConfig: No directory /product_services/etc/sysconfig, skipping
04-20 19:18:28.210 17292 17292 W SystemConfig: No directory /product_services/etc/permissions, skipping
04-20 19:18:28.210 17292 17292 W SystemConfig: No directory /system/etc/motorola/sysconfig, skipping
04-20 19:18:28.210 17292 17292 W SystemConfig: No directory /oem/etc/motorola/sysconfig, skipping
04-20 19:18:28.211 17292 17292 W SystemConfig: No directory /product/etc/motorola/sysconfig, skipping
04-20 19:18:29.114 17292 17292 W PackageParser: Unknown element under <manifest>: queries at /data/user_de/0/com.google.android.gms/app_chimera/m/0000000a/AdsDynamite.apk Binary XML file line #5
04-20 19:18:31.334  1741  1760 I chatty  : uid=1000(system) Binder:1741_2 expire 1 line
04-20 19:18:31.334  1741  4636 I chatty  : uid=1000(system) Binder:1741_10 expire 2 lines
04-20 19:18:31.334  1741  2809 I chatty  : uid=1000(system) Binder:1741_A expire 2 lines
04-20 19:18:31.344  1741  4851 I chatty  : uid=1000(system) Binder:1741_11 expire 3 lines
04-20 19:18:31.970 17292 17292 W ActivityThread: serviceCreate starts in 8565 ms, CreateServiceData = CreateServiceData{token=android.os.BinderProxy@baa33b0 className=com.google.android.gms.chimera.PersistentDirectBootAwareApiService packageName=com.google.android.gms intent=null}
04-20 19:18:32.337 17292 17292 W ActivityThread: serviceCreate starts in 8821 ms, CreateServiceData = CreateServiceData{token=android.os.BinderProxy@6dff3f8 className=com.google.android.gms.instantapps.service.InstantAppsService packageName=com.google.android.gms intent=null}
04-20 19:18:32.777 17292 17351 E ActivityThread: Failed to find provider info for instantapp-dev-manager
04-20 19:18:33.908 17322 17322 W ActivityThread: serviceCreate starts in 5018 ms, CreateServiceData = CreateServiceData{token=android.os.BinderProxy@2557257 className=com.google.android.gms.chimera.GmsIntentOperationService packageName=com.google.android.gms intent=null}
04-20 19:18:33.974 17322 17322 W ActivityThread: serviceStart starts in 5073 ms, ServiceArgsData = ServiceArgsData{token=android.os.BinderProxy@2557257 startId=1 args=Intent { act=com.google.android.chimera.container.MODULE_SCAN pkg=com.google.android.gms }}
04-20 19:18:33.978 17322 17322 W ActivityThread: serviceStart starts in 3133 ms, ServiceArgsData = ServiceArgsData{token=android.os.BinderProxy@2557257 startId=2 args=Intent { act=com.google.android.chimera.container.IntentOperationService.MODULE_SPECIFIC pkg=com.google.android.gms (has extras) }}
04-20 19:18:33.989 17322 17322 W ActivityThread: serviceStart starts in 3142 ms, ServiceArgsData = ServiceArgsData{token=android.os.BinderProxy@2557257 startId=3 args=Intent { act=com.google.android.chimera.container.IntentOperationService.MODULE_SPECIFIC cmp=com.google.android.gms/.chimera.GmsIntentOperationService (has extras) }}
04-20 19:18:33.994 17322 17322 W ActivityThread: serviceStart starts in 3145 ms, ServiceArgsData = ServiceArgsData{token=android.os.BinderProxy@2557257 startId=4 args=Intent { act=com.google.android.chimera.container.IntentOperationService.MODULE_SPECIFIC cmp=com.google.android.gms/.chimera.GmsIntentOperationService (has extras) }}
04-20 19:18:33.996 17322 17322 W ActivityThread: serviceStart starts in 3144 ms, ServiceArgsData = ServiceArgsData{token=android.os.BinderProxy@2557257 startId=5 args=Intent { act=com.google.android.chimera.container.IntentOperationService.MODULE_SPECIFIC cmp=com.google.android.gms/.chimera.GmsIntentOperationService (has extras) }}
04-20 19:18:34.001 17322 17322 W ActivityThread: serviceStart starts in 3147 ms, ServiceArgsData = ServiceArgsData{token=android.os.BinderProxy@2557257 startId=6 args=Intent { act=com.google.android.chimera.container.IntentOperationService.MODULE_SPECIFIC cmp=com.google.android.gms/.chimera.GmsIntentOperationService (has extras) }}
04-20 19:18:34.004 17322 17322 W ActivityThread: serviceStart starts in 3147 ms, ServiceArgsData = ServiceArgsData{token=android.os.BinderProxy@2557257 startId=7 args=Intent { act=com.google.android.chimera.container.IntentOperationService.MODULE_SPECIFIC cmp=com.google.android.gms/.chimera.GmsIntentOperationService (has extras) }}
04-20 19:18:34.008 17322 17322 W ActivityThread: serviceStart starts in 3148 ms, ServiceArgsData = ServiceArgsData{token=android.os.BinderProxy@2557257 startId=8 args=Intent { act=com.google.android.chimera.container.IntentOperationService.MODULE_SPECIFIC cmp=com.google.android.gms/.chimera.GmsIntentOperationService (has extras) }}
04-20 19:18:34.012 17322 17322 W ActivityThread: serviceStart starts in 3150 ms, ServiceArgsData = ServiceArgsData{token=android.os.BinderProxy@2557257 startId=9 args=Intent { act=com.google.android.chimera.container.IntentOperationService.MODULE_SPECIFIC cmp=com.google.android.gms/.chimera.GmsIntentOperationService (has extras) }}
04-20 19:18:34.021 17322 17322 W ActivityThread: serviceStart starts in 3156 ms, ServiceArgsData = ServiceArgsData{token=android.os.BinderProxy@2557257 startId=10 args=Intent { act=com.google.android.chimera.container.IntentOperationService.MODULE_SPECIFIC cmp=com.google.android.gms/.chimera.GmsIntentOperationService (has extras) }}
04-20 19:18:34.027 17322 17322 W ActivityThread: serviceStart starts in 3155 ms, ServiceArgsData = ServiceArgsData{token=android.os.BinderProxy@2557257 startId=11 args=Intent { act=com.google.android.chimera.container.IntentOperationService.MODULE_SPECIFIC cmp=com.google.android.gms/.chimera.GmsIntentOperationService (has extras) }}
04-20 19:18:34.029 17322 17322 W ActivityThread: serviceStart starts in 3154 ms, ServiceArgsData = ServiceArgsData{token=android.os.BinderProxy@2557257 startId=12 args=Intent { act=com.google.android.chimera.container.IntentOperationService.MODULE_SPECIFIC cmp=com.google.android.gms/.chimera.GmsIntentOperationService (has extras) }}
04-20 19:18:34.034 17322 17322 W ActivityThread: serviceStart starts in 3155 ms, ServiceArgsData = ServiceArgsData{token=android.os.BinderProxy@2557257 startId=13 args=Intent { act=com.google.android.chimera.container.IntentOperationService.MODULE_SPECIFIC cmp=com.google.android.gms/.chimera.GmsIntentOperationService (has extras) }}
04-20 19:18:34.040 17322 17322 W ActivityThread: serviceStart starts in 3160 ms, ServiceArgsData = ServiceArgsData{token=android.os.BinderProxy@2557257 startId=14 args=Intent { act=com.google.android.chimera.container.IntentOperationService.MODULE_SPECIFIC cmp=com.google.android.gms/.chimera.GmsIntentOperationService (has extras) }}
04-20 19:18:34.046 17322 17322 W ActivityThread: serviceStart starts in 3163 ms, ServiceArgsData = ServiceArgsData{token=android.os.BinderProxy@2557257 startId=15 args=Intent { act=com.google.android.chimera.container.IntentOperationService.MODULE_SPECIFIC cmp=com.google.android.gms/.chimera.GmsIntentOperationService (has extras) }}
04-20 19:18:34.053 17322 17322 W ActivityThread: serviceStart starts in 3167 ms, ServiceArgsData = ServiceArgsData{token=android.os.BinderProxy@2557257 startId=16 args=Intent { act=com.google.android.chimera.container.IntentOperationService.MODULE_SPECIFIC cmp=com.google.android.gms/.chimera.GmsIntentOperationService (has extras) }}
04-20 19:18:34.059 17322 17322 W ActivityThread: serviceStart starts in 3170 ms, ServiceArgsData = ServiceArgsData{token=android.os.BinderProxy@2557257 startId=17 args=Intent { act=com.google.android.chimera.container.IntentOperationService.MODULE_SPECIFIC cmp=com.google.android.gms/.chimera.GmsIntentOperationService (has extras) }}
04-20 19:18:34.073 17322 17322 W ActivityThread: serviceStart starts in 3183 ms, ServiceArgsData = ServiceArgsData{token=android.os.BinderProxy@2557257 startId=18 args=Intent { act=com.google.android.chimera.container.IntentOperationService.MODULE_SPECIFIC cmp=com.google.android.gms/.chimera.GmsIntentOperationService (has extras) }}
04-20 19:18:34.081 17322 17322 W ActivityThread: serviceStart starts in 3189 ms, ServiceArgsData = ServiceArgsData{token=android.os.BinderProxy@2557257 startId=19 args=Intent { act=com.google.android.chimera.container.IntentOperationService.MODULE_SPECIFIC cmp=com.google.android.gms/.chimera.GmsIntentOperationService (has extras) }}
04-20 19:18:34.084 17322 17322 W ActivityThread: serviceStart starts in 3191 ms, ServiceArgsData = ServiceArgsData{token=android.os.BinderProxy@2557257 startId=20 args=Intent { act=com.google.android.chimera.container.IntentOperationService.MODULE_SPECIFIC cmp=com.google.android.gms/.chimera.GmsIntentOperationService (has extras) }}
04-20 19:18:34.086 17322 17322 W ActivityThread: serviceStart starts in 3192 ms, ServiceArgsData = ServiceArgsData{token=android.os.BinderProxy@2557257 startId=21 args=Intent { act=com.google.android.chimera.container.IntentOperationService.MODULE_SPECIFIC cmp=com.google.android.gms/.chimera.GmsIntentOperationService (has extras) }}
04-20 19:18:34.090 17322 17322 W ActivityThread: serviceStart starts in 3194 ms, ServiceArgsData = ServiceArgsData{token=android.os.BinderProxy@2557257 startId=22 args=Intent { act=com.google.android.chimera.container.IntentOperationService.MODULE_SPECIFIC cmp=com.google.android.gms/.chimera.GmsIntentOperationService (has extras) }}
04-20 19:18:34.094 17322 17322 W ActivityThread: serviceStart starts in 3197 ms, ServiceArgsData = ServiceArgsData{token=android.os.BinderProxy@2557257 startId=23 args=Intent { act=com.google.android.chimera.container.IntentOperationService.MODULE_SPECIFIC cmp=com.google.android.gms/.chimera.GmsIntentOperationService (has extras) }}
04-20 19:18:34.101 17322 17322 W ActivityThread: serviceStart starts in 3203 ms, ServiceArgsData = ServiceArgsData{token=android.os.BinderProxy@2557257 startId=24 args=Intent { act=com.google.android.chimera.container.IntentOperationService.MODULE_SPECIFIC cmp=com.google.android.gms/.chimera.GmsIntentOperationService (has extras) }}
04-20 19:18:34.108 17322 17322 W ActivityThread: serviceStart starts in 3208 ms, ServiceArgsData = ServiceArgsData{token=android.os.BinderProxy@2557257 startId=25 args=Intent { act=com.google.android.chimera.container.IntentOperationService.MODULE_SPECIFIC cmp=com.google.android.gms/.chimera.GmsIntentOperationService (has extras) }}
04-20 19:18:34.115 17322 17322 W ActivityThread: serviceStart starts in 3214 ms, ServiceArgsData = ServiceArgsData{token=android.os.BinderProxy@2557257 startId=26 args=Intent { act=com.google.android.chimera.container.IntentOperationService.MODULE_SPECIFIC cmp=com.google.android.gms/.chimera.GmsIntentOperationService (has extras) }}
04-20 19:18:34.119 17322 17322 W ActivityThread: serviceStart starts in 3217 ms, ServiceArgsData = ServiceArgsData{token=android.os.BinderProxy@2557257 startId=27 args=Intent { act=com.google.android.chimera.container.IntentOperationService.MODULE_SPECIFIC cmp=com.google.android.gms/.chimera.GmsIntentOperationService (has extras) }}
04-20 19:18:34.121 17322 17322 W ActivityThread: serviceStart starts in 3217 ms, ServiceArgsData = ServiceArgsData{token=android.os.BinderProxy@2557257 startId=28 args=Intent { act=com.google.android.chimera.container.IntentOperationService.MODULE_SPECIFIC cmp=com.google.android.gms/.chimera.GmsIntentOperationService (has extras) }}
04-20 19:18:34.124 17322 17322 W ActivityThread: serviceStart starts in 3219 ms, ServiceArgsData = ServiceArgsData{token=android.os.BinderProxy@2557257 startId=29 args=Intent { act=com.google.android.chimera.container.IntentOperationService.MODULE_SPECIFIC cmp=com.google.android.gms/.chimera.GmsIntentOperationService (has extras) }}
04-20 19:18:34.135 17322 17322 W ActivityThread: serviceStart starts in 3229 ms, ServiceArgsData = ServiceArgsData{token=android.os.BinderProxy@2557257 startId=30 args=Intent { act=com.google.android.chimera.container.IntentOperationService.MODULE_SPECIFIC cmp=com.google.android.gms/.chimera.GmsIntentOperationService (has extras) }}
04-20 19:18:34.144 17322 17322 W ActivityThread: serviceStart starts in 3237 ms, ServiceArgsData = ServiceArgsData{token=android.os.BinderProxy@2557257 startId=31 args=Intent { act=com.google.android.chimera.container.IntentOperationService.MODULE_SPECIFIC cmp=com.google.android.gms/.chimera.GmsIntentOperationService (has extras) }}
04-20 19:18:34.148 17322 17322 W ActivityThread: serviceStart starts in 3239 ms, ServiceArgsData = ServiceArgsData{token=android.os.BinderProxy@2557257 startId=32 args=Intent { act=com.google.android.chimera.container.IntentOperationService.MODULE_SPECIFIC cmp=com.google.android.gms/.chimera.GmsIntentOperationService (has extras) }}
04-20 19:18:34.153 17322 17322 W ActivityThread: serviceStart starts in 3242 ms, ServiceArgsData = ServiceArgsData{token=android.os.BinderProxy@2557257 startId=33 args=Intent { act=com.google.android.chimera.container.IntentOperationService.MODULE_SPECIFIC cmp=com.google.android.gms/.chimera.GmsIntentOperationService (has extras) }}
04-20 19:18:34.178 17322 17322 W ActivityThread: serviceStart starts in 3262 ms, ServiceArgsData = ServiceArgsData{token=android.os.BinderProxy@2557257 startId=34 args=Intent { act=com.google.android.chimera.container.IntentOperationService.MODULE_SPECIFIC cmp=com.google.android.gms/.chimera.GmsIntentOperationService (has extras) }}
04-20 19:18:34.184 17322 17322 W ActivityThread: serviceStart starts in 3267 ms, ServiceArgsData = ServiceArgsData{token=android.os.BinderProxy@2557257 startId=35 args=Intent { act=com.google.android.chimera.container.IntentOperationService.MODULE_SPECIFIC cmp=com.google.android.gms/.chimera.GmsIntentOperationService (has extras) }}
04-20 19:18:34.191 17322 17322 W ActivityThread: serviceStart starts in 3274 ms, ServiceArgsData = ServiceArgsData{token=android.os.BinderProxy@2557257 startId=36 args=Intent { act=com.google.android.chimera.container.IntentOperationService.MODULE_SPECIFIC cmp=com.google.android.gms/.chimera.GmsIntentOperationService (has extras) }}
04-20 19:18:34.206 17322 17322 W ActivityThread: serviceStart starts in 3289 ms, ServiceArgsData = ServiceArgsData{token=android.os.BinderProxy@2557257 startId=37 args=Intent { act=com.google.android.chimera.container.IntentOperationService.MODULE_SPECIFIC cmp=com.google.android.gms/.chimera.GmsIntentOperationService (has extras) }}
04-20 19:18:34.210 17322 17322 W ActivityThread: serviceStart starts in 3293 ms, ServiceArgsData = ServiceArgsData{token=android.os.BinderProxy@2557257 startId=38 args=Intent { act=com.google.android.chimera.container.IntentOperationService.MODULE_SPECIFIC cmp=com.google.android.gms/.chimera.GmsIntentOperationService (has extras) }}
04-20 19:18:34.212 17322 17322 W ActivityThread: serviceStart starts in 3295 ms, ServiceArgsData = ServiceArgsData{token=android.os.BinderProxy@2557257 startId=39 args=Intent { act=com.google.android.chimera.container.IntentOperationService.MODULE_SPECIFIC cmp=com.google.android.gms/.chimera.GmsIntentOperationService (has extras) }}
04-20 19:18:34.214 17322 17322 W ActivityThread: serviceStart starts in 3295 ms, ServiceArgsData = ServiceArgsData{token=android.os.BinderProxy@2557257 startId=40 args=Intent { act=com.google.android.chimera.container.IntentOperationService.MODULE_SPECIFIC cmp=com.google.android.gms/.chimera.GmsIntentOperationService (has extras) }}
04-20 19:18:34.217 17322 17322 W ActivityThread: serviceStart starts in 3297 ms, ServiceArgsData = ServiceArgsData{token=android.os.BinderProxy@2557257 startId=41 args=Intent { act=com.google.android.chimera.container.IntentOperationService.MODULE_SPECIFIC cmp=com.google.android.gms/.chimera.GmsIntentOperationService (has extras) }}
04-20 19:18:34.225 17322 17322 W ActivityThread: serviceStart starts in 3304 ms, ServiceArgsData = ServiceArgsData{token=android.os.BinderProxy@2557257 startId=42 args=Intent { act=com.google.android.chimera.container.IntentOperationService.MODULE_SPECIFIC cmp=com.google.android.gms/.chimera.GmsIntentOperationService (has extras) }}
04-20 19:18:34.227 17322 17322 W ActivityThread: serviceStart starts in 3305 ms, ServiceArgsData = ServiceArgsData{token=android.os.BinderProxy@2557257 startId=43 args=Intent { act=com.google.android.chimera.container.IntentOperationService.MODULE_SPECIFIC cmp=com.google.android.gms/.chimera.GmsIntentOperationService (has extras) }}
04-20 19:18:34.239 17322 17322 W ActivityThread: serviceStart starts in 3315 ms, ServiceArgsData = ServiceArgsData{token=android.os.BinderProxy@2557257 startId=44 args=Intent { act=com.google.android.chimera.container.IntentOperationService.MODULE_SPECIFIC cmp=com.google.android.gms/.chimera.GmsIntentOperationService (has extras) }}
04-20 19:18:34.248 17322 17322 W ActivityThread: serviceStart starts in 3325 ms, ServiceArgsData = ServiceArgsData{token=android.os.BinderProxy@2557257 startId=45 args=Intent { act=com.google.android.chimera.container.IntentOperationService.MODULE_SPECIFIC cmp=com.google.android.gms/.chimera.GmsIntentOperationService (has extras) }}
04-20 19:18:34.251 17322 17322 W ActivityThread: serviceStart starts in 3326 ms, ServiceArgsData = ServiceArgsData{token=android.os.BinderProxy@2557257 startId=46 args=Intent { act=com.google.android.chimera.container.IntentOperationService.MODULE_SPECIFIC cmp=com.google.android.gms/.chimera.GmsIntentOperationService (has extras) }}
04-20 19:18:34.260 17322 17322 W ActivityThread: serviceStart starts in 3334 ms, ServiceArgsData = ServiceArgsData{token=android.os.BinderProxy@2557257 startId=47 args=Intent { act=com.google.android.chimera.container.IntentOperationService.MODULE_SPECIFIC cmp=com.google.android.gms/.chimera.GmsIntentOperationService (has extras) }}
04-20 19:18:34.263 17322 17322 W ActivityThread: serviceStart starts in 3336 ms, ServiceArgsData = ServiceArgsData{token=android.os.BinderProxy@2557257 startId=48 args=Intent { act=com.google.android.chimera.container.IntentOperationService.MODULE_SPECIFIC cmp=com.google.android.gms/.chimera.GmsIntentOperationService (has extras) }}
04-20 19:18:34.274 17322 17322 W ActivityThread: serviceStart starts in 3342 ms, ServiceArgsData = ServiceArgsData{token=android.os.BinderProxy@2557257 startId=49 args=Intent { act=com.google.android.chimera.container.IntentOperationService.MODULE_SPECIFIC cmp=com.google.android.gms/.chimera.GmsIntentOperationService (has extras) }}
04-20 19:18:34.286 17322 17322 W ActivityThread: serviceStart starts in 3349 ms, ServiceArgsData = ServiceArgsData{token=android.os.BinderProxy@2557257 startId=50 args=Intent { act=com.google.android.chimera.container.IntentOperationService.MODULE_SPECIFIC cmp=com.google.android.gms/.chimera.GmsIntentOperationService (has extras) }}
04-20 19:18:34.290 17322 17322 W ActivityThread: serviceStart starts in 3359 ms, ServiceArgsData = ServiceArgsData{token=android.os.BinderProxy@2557257 startId=51 args=Intent { act=com.google.android.chimera.container.IntentOperationService.MODULE_SPECIFIC cmp=com.google.android.gms/.chimera.GmsIntentOperationService (has extras) }}
04-20 19:18:34.295 17322 17322 W ActivityThread: serviceStart starts in 3363 ms, ServiceArgsData = ServiceArgsData{token=android.os.BinderProxy@2557257 startId=52 args=Intent { act=com.google.android.chimera.container.IntentOperationService.MODULE_SPECIFIC cmp=com.google.android.gms/.chimera.GmsIntentOperationService (has extras) }}
04-20 19:18:34.305 17322 17322 W ActivityThread: serviceStart starts in 3372 ms, ServiceArgsData = ServiceArgsData{token=android.os.BinderProxy@2557257 startId=53 args=Intent { act=com.google.android.chimera.container.IntentOperationService.MODULE_SPECIFIC cmp=com.google.android.gms/.chimera.GmsIntentOperationService (has extras) }}
04-20 19:18:34.308 17322 17322 W ActivityThread: serviceStart starts in 3374 ms, ServiceArgsData = ServiceArgsData{token=android.os.BinderProxy@2557257 startId=54 args=Intent { act=com.google.android.chimera.container.IntentOperationService.MODULE_SPECIFIC cmp=com.google.android.gms/.chimera.GmsIntentOperationService (has extras) }}
04-20 19:18:34.310 17322 17322 W ActivityThread: serviceStart starts in 3375 ms, ServiceArgsData = ServiceArgsData{token=android.os.BinderProxy@2557257 startId=55 args=Intent { act=com.google.android.chimera.container.IntentOperationService.MODULE_SPECIFIC cmp=com.google.android.gms/.chimera.GmsIntentOperationService (has extras) }}
04-20 19:18:34.316 17322 17322 W ActivityThread: serviceStart starts in 3380 ms, ServiceArgsData = ServiceArgsData{token=android.os.BinderProxy@2557257 startId=56 args=Intent { act=com.google.android.chimera.container.IntentOperationService.MODULE_SPECIFIC cmp=com.google.android.gms/.chimera.GmsIntentOperationService (has extras) }}
04-20 19:18:34.330 17322 17322 W ActivityThread: serviceStart starts in 3393 ms, ServiceArgsData = ServiceArgsData{token=android.os.BinderProxy@2557257 startId=57 args=Intent { act=com.google.android.chimera.container.IntentOperationService.MODULE_SPECIFIC cmp=com.google.android.gms/.chimera.GmsIntentOperationService (has extras) }}
04-20 19:18:34.333 17322 17322 W ActivityThread: serviceStart starts in 3395 ms, ServiceArgsData = ServiceArgsData{token=android.os.BinderProxy@2557257 startId=58 args=Intent { act=com.google.android.chimera.container.IntentOperationService.MODULE_SPECIFIC cmp=com.google.android.gms/.chimera.GmsIntentOperationService (has extras) }}
04-20 19:18:34.336 17322 17322 W ActivityThread: serviceStart starts in 3396 ms, ServiceArgsData = ServiceArgsData{token=android.os.BinderProxy@2557257 startId=59 args=Intent { act=com.google.android.chimera.container.IntentOperationService.MODULE_SPECIFIC cmp=com.google.android.gms/.chimera.GmsIntentOperationService (has extras) }}
04-20 19:18:34.339 17322 17322 W ActivityThread: serviceStart starts in 3398 ms, ServiceArgsData = ServiceArgsData{token=android.os.BinderProxy@2557257 startId=60 args=Intent { act=com.google.android.chimera.container.IntentOperationService.MODULE_SPECIFIC cmp=com.google.android.gms/.chimera.GmsIntentOperationService (has extras) }}
04-20 19:18:34.342 17322 17322 W ActivityThread: serviceStart starts in 3400 ms, ServiceArgsData = ServiceArgsData{token=android.os.BinderProxy@2557257 startId=61 args=Intent { act=com.google.android.chimera.container.IntentOperationService.MODULE_SPECIFIC cmp=com.google.android.gms/.chimera.GmsIntentOperationService (has extras) }}
04-20 19:18:34.345 17322 17322 W ActivityThread: serviceStart starts in 3402 ms, ServiceArgsData = ServiceArgsData{token=android.os.BinderProxy@2557257 startId=62 args=Intent { act=com.google.android.chimera.container.IntentOperationService.MODULE_SPECIFIC cmp=com.google.android.gms/.chimera.GmsIntentOperationService (has extras) }}
04-20 19:18:34.348 17322 17322 W ActivityThread: serviceStart starts in 3404 ms, ServiceArgsData = ServiceArgsData{token=android.os.BinderProxy@2557257 startId=63 args=Intent { act=com.google.android.chimera.container.IntentOperationService.MODULE_SPECIFIC cmp=com.google.android.gms/.chimera.GmsIntentOperationService (has extras) }}
04-20 19:18:34.350 17322 17322 W ActivityThread: serviceStart starts in 3406 ms, ServiceArgsData = ServiceArgsData{token=android.os.BinderProxy@2557257 startId=64 args=Intent { act=com.google.android.chimera.container.IntentOperationService.MODULE_SPECIFIC cmp=com.google.android.gms/.chimera.GmsIntentOperationService (has extras) }}
04-20 19:18:34.355 17322 17322 W ActivityThread: serviceStart starts in 3409 ms, ServiceArgsData = ServiceArgsData{token=android.os.BinderProxy@2557257 startId=65 args=Intent { act=com.google.android.chimera.container.IntentOperationService.MODULE_SPECIFIC cmp=com.google.android.gms/.chimera.GmsIntentOperationService (has extras) }}
04-20 19:18:34.359 17322 17322 W ActivityThread: serviceStart starts in 3412 ms, ServiceArgsData = ServiceArgsData{token=android.os.BinderProxy@2557257 startId=66 args=Intent { act=com.google.android.chimera.container.IntentOperationService.MODULE_SPECIFIC cmp=com.google.android.gms/.chimera.GmsIntentOperationService (has extras) }}
04-20 19:18:34.364 17322 17322 W ActivityThread: serviceStart starts in 3416 ms, ServiceArgsData = ServiceArgsData{token=android.os.BinderProxy@2557257 startId=67 args=Intent { act=com.google.android.chimera.container.IntentOperationService.MODULE_SPECIFIC cmp=com.google.android.gms/.chimera.GmsIntentOperationService (has extras) }}
04-20 19:18:34.369 17322 17322 W ActivityThread: serviceStart starts in 3420 ms, ServiceArgsData = ServiceArgsData{token=android.os.BinderProxy@2557257 startId=68 args=Intent { act=com.google.android.chimera.container.IntentOperationService.MODULE_SPECIFIC cmp=com.google.android.gms/.chimera.GmsIntentOperationService (has extras) }}
04-20 19:18:34.374 17322 17322 W ActivityThread: serviceStart starts in 3424 ms, ServiceArgsData = ServiceArgsData{token=android.os.BinderProxy@2557257 startId=69 args=Intent { act=com.google.android.chimera.container.IntentOperationService.MODULE_SPECIFIC cmp=com.google.android.gms/.chimera.GmsIntentOperationService (has extras) }}
04-20 19:18:34.379 17322 17322 W ActivityThread: serviceStart starts in 3428 ms, ServiceArgsData = ServiceArgsData{token=android.os.BinderProxy@2557257 startId=70 args=Intent { act=com.google.android.chimera.container.IntentOperationService.MODULE_SPECIFIC cmp=com.google.android.gms/.chimera.GmsIntentOperationService (has extras) }}
04-20 19:18:34.400 17322 17322 W ActivityThread: serviceStart starts in 3448 ms, ServiceArgsData = ServiceArgsData{token=android.os.BinderProxy@2557257 startId=71 args=Intent { act=com.google.android.chimera.container.IntentOperationService.MODULE_SPECIFIC cmp=com.google.android.gms/.chimera.GmsIntentOperationService (has extras) }}
04-20 19:18:34.405 17322 17322 W ActivityThread: serviceStart starts in 3452 ms, ServiceArgsData = ServiceArgsData{token=android.os.BinderProxy@2557257 startId=72 args=Intent { act=com.google.android.chimera.container.IntentOperationService.MODULE_SPECIFIC cmp=com.google.android.gms/.chimera.GmsIntentOperationService (has extras) }}
04-20 19:18:34.409 17322 17322 W ActivityThread: serviceStart starts in 3455 ms, ServiceArgsData = ServiceArgsData{token=android.os.BinderProxy@2557257 startId=73 args=Intent { act=com.google.android.chimera.container.IntentOperationService.MODULE_SPECIFIC cmp=com.google.android.gms/.chimera.GmsIntentOperationService (has extras) }}
04-20 19:18:34.412 17322 17322 W ActivityThread: serviceStart starts in 3458 ms, ServiceArgsData = ServiceArgsData{token=android.os.BinderProxy@2557257 startId=74 args=Intent { act=com.google.android.chimera.container.IntentOperationService.MODULE_SPECIFIC cmp=com.google.android.gms/.chimera.GmsIntentOperationService (has extras) }}
04-20 19:18:34.416 17322 17322 W ActivityThread: serviceStart starts in 3460 ms, ServiceArgsData = ServiceArgsData{token=android.os.BinderProxy@2557257 startId=75 args=Intent { act=com.google.android.chimera.container.IntentOperationService.MODULE_SPECIFIC cmp=com.google.android.gms/.chimera.GmsIntentOperationService (has extras) }}
04-20 19:18:34.420 17322 17322 W ActivityThread: serviceStart starts in 3463 ms, ServiceArgsData = ServiceArgsData{token=android.os.BinderProxy@2557257 startId=76 args=Intent { act=com.google.android.chimera.container.IntentOperationService.MODULE_SPECIFIC cmp=com.google.android.gms/.chimera.GmsIntentOperationService (has extras) }}
04-20 19:18:34.424 17322 17322 W ActivityThread: serviceStart starts in 3466 ms, ServiceArgsData = ServiceArgsData{token=android.os.BinderProxy@2557257 startId=77 args=Intent { act=com.google.android.chimera.container.IntentOperationService.MODULE_SPECIFIC cmp=com.google.android.gms/.chimera.GmsIntentOperationService (has extras) }}
04-20 19:18:34.429 17322 17322 W ActivityThread: serviceStart starts in 3470 ms, ServiceArgsData = ServiceArgsData{token=android.os.BinderProxy@2557257 startId=78 args=Intent { act=com.google.android.chimera.container.IntentOperationService.MODULE_SPECIFIC cmp=com.google.android.gms/.chimera.GmsIntentOperationService (has extras) }}
04-20 19:18:34.435 17322 17322 W ActivityThread: serviceStart starts in 3475 ms, ServiceArgsData = ServiceArgsData{token=android.os.BinderProxy@2557257 startId=79 args=Intent { act=com.google.android.chimera.container.IntentOperationService.MODULE_SPECIFIC cmp=com.google.android.gms/.chimera.GmsIntentOperationService (has extras) }}
04-20 19:18:34.438 17322 17322 W ActivityThread: serviceStart starts in 3477 ms, ServiceArgsData = ServiceArgsData{token=android.os.BinderProxy@2557257 startId=80 args=Intent { act=com.google.android.chimera.container.IntentOperationService.MODULE_SPECIFIC cmp=com.google.android.gms/.chimera.GmsIntentOperationService (has extras) }}
04-20 19:18:34.445 17322 17322 W ActivityThread: serviceStart starts in 3484 ms, ServiceArgsData = ServiceArgsData{token=android.os.BinderProxy@2557257 startId=81 args=Intent { act=com.google.android.chimera.container.IntentOperationService.MODULE_SPECIFIC cmp=com.google.android.gms/.chimera.GmsIntentOperationService (has extras) }}
04-20 19:18:34.452 17322 17322 W ActivityThread: serviceStart starts in 3490 ms, ServiceArgsData = ServiceArgsData{token=android.os.BinderProxy@2557257 startId=82 args=Intent { act=com.google.android.chimera.container.IntentOperationService.MODULE_SPECIFIC cmp=com.google.android.gms/.chimera.GmsIntentOperationService (has extras) }}
04-20 19:18:34.460 17322 17322 W ActivityThread: serviceStart starts in 3496 ms, ServiceArgsData = ServiceArgsData{token=android.os.BinderProxy@2557257 startId=83 args=Intent { act=com.google.android.chimera.container.IntentOperationService.MODULE_SPECIFIC cmp=com.google.android.gms/.chimera.GmsIntentOperationService (has extras) }}
04-20 19:18:34.465 17322 17322 W ActivityThread: serviceStart starts in 3498 ms, ServiceArgsData = ServiceArgsData{token=android.os.BinderProxy@2557257 startId=84 args=Intent { act=com.google.android.chimera.container.IntentOperationService.MODULE_SPECIFIC cmp=com.google.android.gms/.chimera.GmsIntentOperationService (has extras) }}
04-20 19:18:34.473 17322 17322 W ActivityThread: serviceStart starts in 3508 ms, ServiceArgsData = ServiceArgsData{token=android.os.BinderProxy@2557257 startId=85 args=Intent { act=com.google.android.chimera.container.IntentOperationService.MODULE_SPECIFIC cmp=com.google.android.gms/.chimera.GmsIntentOperationService (has extras) }}
04-20 19:18:34.478 17322 17322 W ActivityThread: serviceStart starts in 3511 ms, ServiceArgsData = ServiceArgsData{token=android.os.BinderProxy@2557257 startId=86 args=Intent { act=com.google.android.chimera.container.IntentOperationService.MODULE_SPECIFIC cmp=com.google.android.gms/.chimera.GmsIntentOperationService (has extras) }}
04-20 19:18:34.481 17322 17322 W ActivityThread: serviceStart starts in 3513 ms, ServiceArgsData = ServiceArgsData{token=android.os.BinderProxy@2557257 startId=87 args=Intent { act=com.google.android.chimera.container.IntentOperationService.MODULE_SPECIFIC cmp=com.google.android.gms/.chimera.GmsIntentOperationService (has extras) }}
04-20 19:18:34.485 17322 17322 W ActivityThread: serviceStart starts in 3516 ms, ServiceArgsData = ServiceArgsData{token=android.os.BinderProxy@2557257 startId=88 args=Intent { act=com.google.android.chimera.container.IntentOperationService.MODULE_SPECIFIC cmp=com.google.android.gms/.chimera.GmsIntentOperationService (has extras) }}
04-20 19:18:34.487 17322 17389 W PackageParser: Unknown element under <manifest>: queries at /data/user_de/0/com.google.android.gms/app_chimera/m/0000000a/AdsDynamite.apk Binary XML file line #5
04-20 19:18:34.496 17322 17322 W ActivityThread: serviceStart starts in 3526 ms, ServiceArgsData = ServiceArgsData{token=android.os.BinderProxy@2557257 startId=89 args=Intent { act=com.google.android.chimera.container.IntentOperationService.MODULE_SPECIFIC cmp=com.google.android.gms/.chimera.GmsIntentOperationService (has extras) }}
04-20 19:18:34.505 17322 17322 W ActivityThread: serviceStart starts in 3534 ms, ServiceArgsData = ServiceArgsData{token=android.os.BinderProxy@2557257 startId=90 args=Intent { act=com.google.android.chimera.container.IntentOperationService.MODULE_SPECIFIC cmp=com.google.android.gms/.chimera.GmsIntentOperationService (has extras) }}
04-20 19:18:34.508 17322 17322 W ActivityThread: serviceStart starts in 3536 ms, ServiceArgsData = ServiceArgsData{token=android.os.BinderProxy@2557257 startId=91 args=Intent { act=com.google.android.chimera.container.IntentOperationService.MODULE_SPECIFIC cmp=com.google.android.gms/.chimera.GmsIntentOperationService (has extras) }}
04-20 19:18:34.511 17322 17322 W ActivityThread: serviceStart starts in 3538 ms, ServiceArgsData = ServiceArgsData{token=android.os.BinderProxy@2557257 startId=92 args=Intent { act=com.google.android.chimera.container.IntentOperationService.MODULE_SPECIFIC cmp=com.google.android.gms/.chimera.GmsIntentOperationService (has extras) }}
04-20 19:18:34.515 17322 17322 W ActivityThread: serviceStart starts in 3540 ms, ServiceArgsData = ServiceArgsData{token=android.os.BinderProxy@2557257 startId=93 args=Intent { act=com.google.android.chimera.container.IntentOperationService.MODULE_SPECIFIC cmp=com.google.android.gms/.chimera.GmsIntentOperationService (has extras) }}
04-20 19:18:34.527 17322 17322 W ActivityThread: serviceStart starts in 3549 ms, ServiceArgsData = ServiceArgsData{token=android.os.BinderProxy@2557257 startId=94 args=Intent { act=com.google.android.chimera.container.IntentOperationService.MODULE_SPECIFIC cmp=com.google.android.gms/.chimera.GmsIntentOperationService (has extras) }}
04-20 19:18:34.538 17322 17322 W ActivityThread: serviceStart starts in 3561 ms, ServiceArgsData = ServiceArgsData{token=android.os.BinderProxy@2557257 startId=95 args=Intent { act=com.google.android.chimera.container.IntentOperationService.MODULE_SPECIFIC cmp=com.google.android.gms/.chimera.GmsIntentOperationService (has extras) }}
04-20 19:18:34.547 17322 17322 W ActivityThread: serviceStart starts in 3569 ms, ServiceArgsData = ServiceArgsData{token=android.os.BinderProxy@2557257 startId=96 args=Intent { act=com.google.android.chimera.container.IntentOperationService.MODULE_SPECIFIC cmp=com.google.android.gms/.chimera.GmsIntentOperationService (has extras) }}
04-20 19:18:34.552 17322 17322 W ActivityThread: serviceStart starts in 3573 ms, ServiceArgsData = ServiceArgsData{token=android.os.BinderProxy@2557257 startId=97 args=Intent { act=com.google.android.chimera.container.IntentOperationService.MODULE_SPECIFIC cmp=com.google.android.gms/.chimera.GmsIntentOperationService (has extras) }}
04-20 19:18:34.560 17322 17322 W ActivityThread: serviceStart starts in 3580 ms, ServiceArgsData = ServiceArgsData{token=android.os.BinderProxy@2557257 startId=98 args=Intent { act=com.google.android.chimera.container.IntentOperationService.MODULE_SPECIFIC cmp=com.google.android.gms/.chimera.GmsIntentOperationService (has extras) }}
04-20 19:18:34.567 17322 17322 W ActivityThread: serviceStart starts in 3586 ms, ServiceArgsData = ServiceArgsData{token=android.os.BinderProxy@2557257 startId=99 args=Intent { act=com.google.android.chimera.container.IntentOperationService.MODULE_SPECIFIC cmp=com.google.android.gms/.chimera.GmsIntentOperationService (has extras) }}
04-20 19:18:34.578 17322 17322 W ActivityThread: serviceStart starts in 3596 ms, ServiceArgsData = ServiceArgsData{token=android.os.BinderProxy@2557257 startId=100 args=Intent { act=com.google.android.chimera.container.IntentOperationService.MODULE_SPECIFIC cmp=com.google.android.gms/.chimera.GmsIntentOperationService (has extras) }}
04-20 19:18:34.583 17322 17322 W ActivityThread: serviceStart starts in 3599 ms, ServiceArgsData = ServiceArgsData{token=android.os.BinderProxy@2557257 startId=101 args=Intent { act=com.google.android.chimera.container.IntentOperationService.MODULE_SPECIFIC cmp=com.google.android.gms/.chimera.GmsIntentOperationService (has extras) }}
04-20 19:18:34.586 17322 17322 W ActivityThread: serviceStart starts in 3602 ms, ServiceArgsData = ServiceArgsData{token=android.os.BinderProxy@2557257 startId=102 args=Intent { act=com.google.android.chimera.container.IntentOperationService.MODULE_SPECIFIC cmp=com.google.android.gms/.chimera.GmsIntentOperationService (has extras) }}
04-20 19:18:34.596 17322 17322 W ActivityThread: serviceStart starts in 3610 ms, ServiceArgsData = ServiceArgsData{token=android.os.BinderProxy@2557257 startId=103 args=Intent { act=com.google.android.chimera.container.IntentOperationService.MODULE_SPECIFIC cmp=com.google.android.gms/.chimera.GmsIntentOperationService (has extras) }}
04-20 19:18:34.599 17322 17322 W ActivityThread: serviceStart starts in 3613 ms, ServiceArgsData = ServiceArgsData{token=android.os.BinderProxy@2557257 startId=104 args=Intent { act=com.google.android.chimera.container.IntentOperationService.MODULE_SPECIFIC cmp=com.google.android.gms/.chimera.GmsIntentOperationService (has extras) }}
04-20 19:18:34.603 17322 17322 W ActivityThread: serviceStart starts in 3616 ms, ServiceArgsData = ServiceArgsData{token=android.os.BinderProxy@2557257 startId=105 args=Intent { act=com.google.android.chimera.container.IntentOperationService.MODULE_SPECIFIC cmp=com.google.android.gms/.chimera.GmsIntentOperationService (has extras) }}
04-20 19:18:34.607 17322 17322 W ActivityThread: serviceStart starts in 3619 ms, ServiceArgsData = ServiceArgsData{token=android.os.BinderProxy@2557257 startId=106 args=Intent { act=com.google.android.chimera.container.IntentOperationService.MODULE_SPECIFIC cmp=com.google.android.gms/.chimera.GmsIntentOperationService (has extras) }}
04-20 19:18:34.611 17322 17322 W ActivityThread: serviceStart starts in 3622 ms, ServiceArgsData = ServiceArgsData{token=android.os.BinderProxy@2557257 startId=107 args=Intent { act=com.google.android.chimera.container.IntentOperationService.MODULE_SPECIFIC cmp=com.google.android.gms/.chimera.GmsIntentOperationService (has extras) }}
