04-20 19:13:46.245  1565  1872 I chatty  : uid=1000(system) AlarmManager expire 2 lines
04-20 19:13:48.061  1565  1909 I chatty  : uid=1000(system) ConnectivitySer expire 13 lines
04-20 19:13:48.265  1565  1657 I chatty  : uid=1000(system) ActivityManager expire 14 lines
04-20 19:13:49.937  1565  1656 I chatty  : uid=1000(system) android.bg expire 2 lines
04-20 19:14:00.096  1565  4136 I chatty  : uid=1000(system) Binder:1565_16 expire 2 lines
04-20 19:14:26.418  1565  1565 I chatty  : uid=1000 system_server expire 5 lines
04-20 19:14:26.419 29255 14154 I AlwaysOnHotwordDetector: onDetected
04-20 19:14:27.455  1565  1909 I chatty  : uid=1000(system) ConnectivitySer expire 88 lines
04-20 19:14:27.933  1565  4292 I chatty  : uid=1000(system) Binder:1565_1A expire 3 lines
04-20 19:14:57.726  1565  1657 I chatty  : uid=1000(system) ActivityManager expire 44 lines
04-20 19:15:45.401  1565  1898 I chatty  : uid=1000(system) NetworkPolicy expire 1 line
04-20 19:15:47.202  1565  4851 I chatty  : uid=1000(system) Binder:1565_20 expire 5 lines
04-20 19:15:52.332  1565  4286 I chatty  : uid=1000(system) Binder:1565_19 expire 3 lines
04-20 19:17:54.737  1565  1838 I chatty  : uid=1000(system) Binder:1565_4 expire 2 lines
04-20 19:18:04.231  1565  2183 I chatty  : uid=1000(system) Binder:1565_9 expire 1 line
04-20 19:18:29.609  1565  1709 I chatty  : uid=1000(system) PowerManagerSer expire 9 lines
04-20 19:18:36.619  1565  3555 I chatty  : uid=1000(system) Binder:1565_11 expire 6 lines
04-20 19:18:37.284  1565  1676 I chatty  : uid=1000(system) batterystats-wo expire 4 lines
04-20 19:18:37.321  1565  1638 I chatty  : uid=1000(system) android.display expire 5 lines
04-20 19:18:37.494  1565  1634 I chatty  : uid=1000(system) android.fg expire 1 line
04-20 19:18:38.621  1565  1659 I chatty  : uid=1000(system) ActivityManager expire 9 lines
04-20 19:18:40.376  1565  4842 I chatty  : uid=1000(system) Binder:1565_1F expire 15 lines
04-20 19:18:54.875  1565  1659 I chatty  : uid=1000(system) ActivityManager expire 12 lines
04-20 19:18:57.707  1565  4851 I chatty  : uid=1000(system) Binder:1565_20 expire 1 line
04-20 19:18:58.396  1565  1913 I chatty  : uid=1000(system) ranker expire 1 line
04-20 19:19:00.725 22258 22258 D ActivityThread: Loading provider contacts;com.android.contacts: com.android.providers.contacts.ContactsProvider2
04-20 19:19:05.300  1565  4292 I chatty  : uid=1000(system) Binder:1565_1A expire 7 lines
04-20 19:19:05.301  1565  1909 I chatty  : uid=1000(system) ConnectivitySer expire 13 lines
04-20 19:19:06.647  1565  1656 I chatty  : uid=1000(system) android.bg expire 2 lines
04-20 19:20:22.821  1565  1657 I chatty  : uid=1000(system) ActivityManager expire 11 lines
04-20 19:20:24.502  1565  1587 I chatty  : uid=1000(system) Binder:1565_1 expire 10 lines
04-20 19:21:10.181  1565  1676 I chatty  : uid=1000(system) batterystats-wo expire 2 lines
04-20 19:21:46.446  1565  1565 I chatty  : uid=1000 system_server expire 16 lines
04-20 19:22:19.946  1565  1897 I chatty  : uid=1000(system) NetworkStats expire 1 line
04-20 19:22:19.955  1565  1898 I chatty  : uid=1000(system) NetworkPolicy expire 4 lines
04-20 19:22:20.067  1565  4286 I chatty  : uid=1000(system) Binder:1565_19 expire 5 lines
04-20 19:24:15.465  1565  1709 I chatty  : uid=1000(system) PowerManagerSer expire 16 lines
04-20 19:24:15.544  1565  1638 I chatty  : uid=1000(system) android.display expire 3 lines
04-20 19:24:15.828  1565  1634 I chatty  : uid=1000(system) android.fg expire 7 lines
04-20 19:24:16.069  1565  4166 I chatty  : uid=1000(system) Binder:1565_18 expire 10 lines
04-20 19:24:18.326  1565  4136 I chatty  : uid=1000(system) Binder:1565_16 expire 4 lines
04-20 19:24:40.879  1565  3555 I chatty  : uid=1000(system) Binder:1565_11 expire 3 lines
04-20 19:24:40.962  1565  1637 I chatty  : uid=1000(system) android.io expire 1 line
04-20 19:24:40.996  1995  9409 D PowerUI : can't show warning due to - plugged: true status unknown: false
04-20 19:24:41.042  1565  1709 I chatty  : uid=1000(system) PowerManagerSer expire 4 lines
04-20 19:24:41.096  1565  4842 I chatty  : uid=1000(system) Binder:1565_1F expire 2 lines
04-20 19:24:41.102  1565  1587 I chatty  : uid=1000(system) Binder:1565_1 expire 1 line
04-20 19:24:41.282  1565  1657 I chatty  : uid=1000(system) ActivityManager expire 15 lines
04-20 19:24:41.551  1565  3557 I chatty  : uid=1000(system) Binder:1565_13 expire 1 line
04-20 19:24:42.015  1565  2014 I chatty  : uid=1000(system) Binder:1565_5 expire 2 lines
04-20 19:24:42.121  1565  4295 I chatty  : uid=1000(system) Binder:1565_1C expire 4 lines
04-20 19:24:43.999  1565  4138 I chatty  : uid=1000(system) Binder:1565_17 expire 1 line
04-20 19:24:44.588  1565  1588 I chatty  : uid=1000(system) Binder:1565_2 expire 1 line
04-20 19:24:44.655  1565  2180 I chatty  : uid=1000(system) Binder:1565_8 expire 1 line
04-20 19:24:44.656  1565  2183 I chatty  : uid=1000(system) Binder:1565_9 expire 1 line
04-20 19:24:44.656  1565  2168 I chatty  : uid=1000(system) Binder:1565_7 expire 6 lines
04-20 19:24:44.657  1565  4138 I chatty  : uid=1000(system) Binder:1565_17 expire 11 lines
04-20 19:24:44.657  1565  1909 I chatty  : uid=1000(system) ConnectivitySer expire 10 lines
04-20 19:24:44.663  1565  2183 I chatty  : uid=1000(system) Binder:1565_9 expire 1 line
04-20 19:24:44.681  1565  3556 I chatty  : uid=1000(system) Binder:1565_12 expire 5 lines
04-20 19:24:44.815  1565  1565 I chatty  : uid=1000 system_server expire 17 lines
04-20 19:24:44.825  1565  1659 I chatty  : uid=1000(system) ActivityManager expire 10 lines
04-20 19:24:50.419  1995 15159 D PowerUI : can't show warning due to - plugged: true status unknown: false
04-20 19:24:52.338  1565  1635 I chatty  : uid=1000(system) android.ui expire 2 lines
04-20 19:24:53.073  1995 15564 D PowerUI : can't show warning due to - plugged: true status unknown: false
04-20 19:24:53.286  1565  2178 I chatty  : uid=1000(system) HwBinder:1565_4 expire 3 lines
04-20 19:24:53.482  1565  1634 I chatty  : uid=1000(system) android.fg expire 13 lines
04-20 19:24:53.491  1565  1657 I chatty  : uid=1000(system) ActivityManager expire 33 lines
04-20 19:24:53.987  1995 15683 D PowerUI : can't show warning due to - plugged: true status unknown: false
04-20 19:24:54.254  1565  4851 I chatty  : uid=1000(system) Binder:1565_20 expire 6 lines
04-20 19:24:54.259  1565  2180 I chatty  : uid=1000(system) Binder:1565_8 expire 1 line
04-20 19:24:54.259  1565  2014 I chatty  : uid=1000(system) Binder:1565_5 expire 8 lines
04-20 19:24:54.259  1565  4295 I chatty  : uid=1000(system) Binder:1565_1C expire 2 lines
04-20 19:24:54.333  1565  2786 I chatty  : uid=1000(system) AdbDebuggingMan expire 5 lines
04-20 19:24:55.248  1995 15949 D PowerUI : can't show warning due to - plugged: true status unknown: false
04-20 19:24:55.535 23001 23001 E ActivityThread: Failed to find provider info for com.samsung.android.mdx.windowslink.Tile.Provider
04-20 19:24:55.622 23001 23073 E ActivityThread: Failed to find provider info for com.microsoft.yourphonecompanion.contentprovider.featureoverride
04-20 19:24:55.695 23001 23135 E ActivityThread: Failed to find provider info for com.microsoft.yourphonecompanion.contentprovider.featureoverride
04-20 19:24:56.092  1565  1909 I chatty  : uid=1000(system) ConnectivitySer expire 35 lines
04-20 19:24:56.105  1565  1659 I chatty  : uid=1000(system) ActivityManager expire 10 lines
04-20 19:24:56.231  1565  1898 I chatty  : uid=1000(system) NetworkPolicy expire 8 lines
04-20 19:25:06.567  1995  2592 D PowerUI : can't show warning due to - plugged: true status unknown: false
04-20 19:25:11.773  1995  3305 D PowerUI : can't show warning due to - plugged: true status unknown: false
04-20 19:26:16.508  1565  3555 I chatty  : uid=1000(system) Binder:1565_11 expire 1 line
04-20 19:26:18.886  1565  1731 I chatty  : uid=1000(system) PackageManager expire 3 lines
04-20 19:26:20.411  1565  4286 I chatty  : uid=1000(system) Binder:1565_19 expire 1 line
04-20 19:26:20.515  1565  1639 I chatty  : uid=1000(system) android.anim expire 1 line
04-20 19:26:20.556  1565  1638 I chatty  : uid=1000(system) android.display expire 2 lines
04-20 19:26:20.559  1565  1587 I chatty  : uid=1000(system) Binder:1565_1 expire 1 line
04-20 19:26:20.560  1565  3557 I chatty  : uid=1000(system) Binder:1565_13 expire 2 lines
04-20 19:26:27.109  1565  2168 I chatty  : uid=1000(system) Binder:1565_7 expire 4 lines
04-20 19:26:27.111  1565  1657 I chatty  : uid=1000(system) ActivityManager expire 85 lines
04-20 19:26:27.276  1565  4138 I chatty  : uid=1000(system) Binder:1565_17 expire 5 lines
04-20 19:26:27.276  1565  1659 I chatty  : uid=1000(system) ActivityManager expire 10 lines
04-20 19:26:27.349  1565  1898 I chatty  : uid=1000(system) NetworkPolicy expire 8 lines
04-20 19:26:27.418  1565  2014 I chatty  : uid=1000(system) Binder:1565_5 expire 1 line
04-20 19:26:27.592  1565  4166 I chatty  : uid=1000(system) Binder:1565_18 expire 5 lines
04-20 19:26:27.652  1565  1909 I chatty  : uid=1000(system) ConnectivitySer expire 31 lines
04-20 19:26:39.102  1565  1731 I chatty  : uid=1000(system) PackageManager expire 4 lines
04-20 19:26:39.495  1565  2784 I chatty  : uid=1000(system) Binder:1565_A expire 1 line
04-20 19:26:39.557  1565  1638 I chatty  : uid=1000(system) android.display expire 2 lines
04-20 19:26:39.557  1565  1635 I chatty  : uid=1000(system) android.ui expire 1 line
04-20 19:26:39.660  1565  1634 I chatty  : uid=1000(system) android.fg expire 6 lines
04-20 19:26:39.715  1565  1565 I chatty  : uid=1000 system_server expire 12 lines
04-20 19:26:40.668  1565  3555 I chatty  : uid=1000(system) Binder:1565_11 expire 2 lines
04-20 19:26:43.502  1565  1588 I chatty  : uid=1000(system) Binder:1565_2 expire 4 lines
04-20 19:27:13.538  1565  1911 I chatty  : uid=1000(system) NsdService expire 9 lines
04-20 19:27:43.233  1565  2180 I chatty  : uid=1000(system) Binder:1565_8 expire 1 line
04-20 19:28:01.430  1565  1909 D ConnectivityService: NetReassign [no changes]
04-20 19:28:04.463  1565  1909 D ConnectivityService: NetReassign [no changes]
04-20 19:28:06.978  1565  1657 W BroadcastQueue: Permission Denial: receiving Intent { act=android.bluetooth.device.action.NAME_CHANGED flg=0x4000010 (has extras) } to ProcessRecord{d321896 11842:com.imgur.mobile/u0a254} (pid=11842, uid=10254) requires android.permission.BLUETOOTH due to sender com.android.bluetooth (uid 1002)
04-20 19:28:07.490  1565  1909 D ConnectivityService: NetReassign [no changes]
04-20 19:28:10.520  1565  1909 D ConnectivityService: NetReassign [no changes]
04-20 19:28:12.458  1565  1657 W BroadcastQueue: Permission Denial: receiving Intent { act=android.bluetooth.adapter.action.DISCOVERY_FINISHED flg=0x10 } to ProcessRecord{d321896 11842:com.imgur.mobile/u0a254} (pid=11842, uid=10254) requires android.permission.BLUETOOTH due to sender com.android.bluetooth (uid 1002)
04-20 19:28:12.497  1565  1657 W BroadcastQueue: Permission Denial: receiving Intent { act=android.bluetooth.adapter.action.DISCOVERY_STARTED flg=0x10 } to ProcessRecord{d321896 11842:com.imgur.mobile/u0a254} (pid=11842, uid=10254) requires android.permission.BLUETOOTH due to sender com.android.bluetooth (uid 1002)
04-20 19:28:13.538  1565  1909 D ConnectivityService: NetReassign [no changes]
04-20 19:28:15.056  1565  1898 W NetworkPolicy: shared quota unsupported; generating rule for each iface
04-20 19:28:16.588  1565  1909 D ConnectivityService: NetReassign [no changes]
04-20 19:28:25.657  1565  1909 I chatty  : uid=1000(system) ConnectivitySer identical 3 lines
04-20 19:28:28.686  1565  1909 D ConnectivityService: NetReassign [no changes]
04-20 19:28:29.671  1565  1657 W BroadcastQueue: Permission Denial: receiving Intent { act=android.bluetooth.adapter.action.DISCOVERY_FINISHED flg=0x10 } to ProcessRecord{d321896 11842:com.imgur.mobile/u0a254} (pid=11842, uid=10254) requires android.permission.BLUETOOTH due to sender com.android.bluetooth (uid 1002)
04-20 19:28:29.714  1565  1657 W BroadcastQueue: Permission Denial: receiving Intent { act=android.bluetooth.adapter.action.DISCOVERY_STARTED flg=0x10 } to ProcessRecord{d321896 11842:com.imgur.mobile/u0a254} (pid=11842, uid=10254) requires android.permission.BLUETOOTH due to sender com.android.bluetooth (uid 1002)
04-20 19:28:31.716  1565  1909 D ConnectivityService: NetReassign [no changes]
04-20 19:28:34.734  1565  1909 D ConnectivityService: NetReassign [no changes]
04-20 19:28:35.277  1565  1657 W BroadcastQueue: Permission Denial: receiving Intent { act=android.bluetooth.device.action.ACL_DISCONNECTED flg=0x5000010 (has extras) } to ProcessRecord{d321896 11842:com.imgur.mobile/u0a254} (pid=11842, uid=10254) requires android.permission.BLUETOOTH due to sender com.android.bluetooth (uid 1002)
04-20 19:28:35.324  1565  2180 D CompatibilityChangeReporter: Compat change id reported: 135634846; UID 10262; state: DISABLED
04-20 19:28:35.324  1565  1659 D CompatibilityChangeReporter: Compat change id reported: 143937733; UID 10262; state: DISABLED
04-20 19:28:35.346  1565  1659 I ActivityManager: Start proc 24787:com.amazon.mp3/u0a262 for broadcast {com.amazon.mp3/com.amazon.podcast.media.playback.BluetoothActionsReceiver}
04-20 19:28:36.862  1565  1588 E PackageDexUsage: Unsupported context?
04-20 19:28:37.761  1565  1909 D ConnectivityService: NetReassign [no changes]
04-20 19:28:40.791  1565  1909 D ConnectivityService: NetReassign [no changes]
04-20 19:28:41.167  1565  4138 W AppOps  : Noting op not finished: uid 10145 pkg com.google.android.gms code 79 startTime of in progress event=1618956303110
04-20 19:28:41.174  1565  1588 W AppOps  : Noting op not finished: uid 10145 pkg com.google.android.gms code 79 startTime of in progress event=1618956303110
04-20 19:28:41.712  1565  1657 W BroadcastQueue: Permission Denial: receiving Intent { act=android.bluetooth.device.action.NAME_CHANGED flg=0x4000010 (has extras) } to ProcessRecord{d321896 11842:com.imgur.mobile/u0a254} (pid=11842, uid=10254) requires android.permission.BLUETOOTH due to sender com.android.bluetooth (uid 1002)
04-20 19:28:41.715  1565  1657 W BroadcastQueue: Permission Denial: receiving Intent { act=android.bluetooth.device.action.CLASS_CHANGED flg=0x4000010 (has extras) } to ProcessRecord{d321896 11842:com.imgur.mobile/u0a254} (pid=11842, uid=10254) requires android.permission.BLUETOOTH due to sender com.android.bluetooth (uid 1002)
04-20 19:28:41.756  1565  1657 W BroadcastQueue: Permission Denial: receiving Intent { act=android.bluetooth.adapter.action.DISCOVERY_FINISHED flg=0x10 } to ProcessRecord{d321896 11842:com.imgur.mobile/u0a254} (pid=11842, uid=10254) requires android.permission.BLUETOOTH due to sender com.android.bluetooth (uid 1002)
04-20 19:28:41.758  1565  1657 W BroadcastQueue: Permission Denial: receiving Intent { act=android.bluetooth.adapter.action.DISCOVERY_FINISHED flg=0x10 } to ProcessRecord{d321896 11842:com.imgur.mobile/u0a254} (pid=11842, uid=10254) requires android.permission.BLUETOOTH due to sender com.android.bluetooth (uid 1002)
04-20 19:28:43.823  1565  1909 D ConnectivityService: NetReassign [no changes]
04-20 19:29:05.008  1565  1909 I chatty  : uid=1000(system) ConnectivitySer identical 7 lines
04-20 19:29:08.036  1565  1909 D ConnectivityService: NetReassign [no changes]
04-20 19:29:08.253  1565  1657 W BroadcastQueue: Permission Denial: receiving Intent { act=android.bluetooth.adapter.action.DISCOVERY_STARTED flg=0x10 } to ProcessRecord{d321896 11842:com.imgur.mobile/u0a254} (pid=11842, uid=10254) requires android.permission.BLUETOOTH due to sender com.android.bluetooth (uid 1002)
04-20 19:29:08.553  1565  1657 W BroadcastQueue: Permission Denial: receiving Intent { act=android.bluetooth.adapter.action.DISCOVERY_FINISHED flg=0x10 } to ProcessRecord{d321896 11842:com.imgur.mobile/u0a254} (pid=11842, uid=10254) requires android.permission.BLUETOOTH due to sender com.android.bluetooth (uid 1002)
04-20 19:29:08.593 24174 24174 E AndroidRuntime: FATAL EXCEPTION: main
04-20 19:29:08.593 24174 24174 E AndroidRuntime: Process: com.google.location.nearby.apps.connectedcrossroad, PID: 24174
04-20 19:29:08.593 24174 24174 E AndroidRuntime: java.lang.NumberFormatException: For input string: ""
04-20 19:29:08.593 24174 24174 E AndroidRuntime: 	at java.lang.Integer.parseInt(Integer.java:627)
04-20 19:29:08.593 24174 24174 E AndroidRuntime: 	at java.lang.Integer.parseInt(Integer.java:650)
04-20 19:29:08.593 24174 24174 E AndroidRuntime: 	at nx.aodv.eval.MainActivity$1.onClick(MainActivity.java:123)
04-20 19:29:08.593 24174 24174 E AndroidRuntime: 	at android.view.View.performClick(View.java:7448)
04-20 19:29:08.593 24174 24174 E AndroidRuntime: 	at android.view.View.performClickInternal(View.java:7425)
04-20 19:29:08.593 24174 24174 E AndroidRuntime: 	at android.view.View.access$3600(View.java:810)
04-20 19:29:08.593 24174 24174 E AndroidRuntime: 	at android.view.View$PerformClick.run(View.java:28305)
04-20 19:29:08.593 24174 24174 E AndroidRuntime: 	at android.os.Handler.handleCallback(Handler.java:938)
04-20 19:29:08.593 24174 24174 E AndroidRuntime: 	at android.os.Handler.dispatchMessage(Handler.java:99)
04-20 19:29:08.593 24174 24174 E AndroidRuntime: 	at android.os.Looper.loop(Looper.java:223)
04-20 19:29:08.593 24174 24174 E AndroidRuntime: 	at android.app.ActivityThread.main(ActivityThread.java:7660)
04-20 19:29:08.593 24174 24174 E AndroidRuntime: 	at java.lang.reflect.Method.invoke(Native Method)
04-20 19:29:08.593 24174 24174 E AndroidRuntime: 	at com.android.internal.os.RuntimeInit$MethodAndArgsCaller.run(RuntimeInit.java:592)
04-20 19:29:08.593 24174 24174 E AndroidRuntime: 	at com.android.internal.os.ZygoteInit.main(ZygoteInit.java:947)
04-20 19:29:08.596  1565 25016 I DropBoxManagerService: add tag=data_app_crash isTagEnabled=true flags=0x2
04-20 19:29:08.597  1565  4166 W ActivityTaskManager:   Force finishing activity com.google.location.nearby.apps.connectedcrossroad/nx.aodv.eval.MainActivity
04-20 19:29:08.624  1565  1657 W BroadcastQueue: Permission Denial: receiving Intent { act=android.intent.action.DROPBOX_ENTRY_ADDED flg=0x10 (has extras) } to ProcessRecord{d321896 11842:com.imgur.mobile/u0a254} (pid=11842, uid=10254) requires android.permission.READ_LOGS due to sender android (uid 1000)
04-20 19:29:08.625  1565  1657 W BroadcastQueue: Background execution not allowed: receiving Intent { act=android.intent.action.DROPBOX_ENTRY_ADDED flg=0x10 (has extras) } to com.google.android.gms/.stats.service.DropBoxEntryAddedReceiver
04-20 19:29:08.625  1565  1657 W BroadcastQueue: Background execution not allowed: receiving Intent { act=android.intent.action.DROPBOX_ENTRY_ADDED flg=0x10 (has extras) } to com.google.android.gms/.chimera.GmsIntentOperationService$PersistentTrustedReceiver
04-20 19:29:08.681  1565  2180 D AutofillSession: handling death of Token{53680b4 ActivityRecord{df76faa u0 com.google.location.nearby.apps.connectedcrossroad/nx.aodv.eval.MainActivity t7996 f}}} when saving=false
04-20 19:29:08.682  1565  4138 I WindowManager: WIN DEATH: Window{5e76aa7 u0 com.google.location.nearby.apps.connectedcrossroad/nx.aodv.eval.MainActivity}
04-20 19:29:08.682  1565  1588 I ActivityManager: Process com.google.location.nearby.apps.connectedcrossroad (pid 24174) has died: prcp TOP 
04-20 19:29:08.716  1565  1638 W ActivityManager: setHasOverlayUi called on unknown pid: 24174
04-20 19:29:09.099  1565  1638 W ActivityTaskManager: Activity top resumed state loss timeout for ActivityRecord{df76faa u0 com.google.location.nearby.apps.connectedcrossroad/nx.aodv.eval.MainActivity t-1 f}}
04-20 19:29:09.582  1565  1565 D CompatibilityChangeReporter: Compat change id reported: 135634846; UID 10272; state: DISABLED
04-20 19:29:09.583  1565  1659 D CompatibilityChangeReporter: Compat change id reported: 143937733; UID 10272; state: DISABLED
04-20 19:29:09.612  1565  1659 I ActivityManager: Start proc 25037:com.microsoft.office.outlook/u0a272 for service {com.microsoft.office.outlook/com.evernote.android.job.v21.PlatformJobService}
04-20 19:29:10.361  1565  1909 D ConnectivityService: NetReassign [no changes]
04-20 19:29:10.483  1565  1588 D ConnectivityService: requestNetwork for uid/pid:10272/25037 NetworkRequest [ TRACK_DEFAULT id=6061, [ Capabilities: INTERNET&NOT_RESTRICTED&TRUSTED Uid: 10272 AdministratorUids: [] RequestorUid: 10272 RequestorPackageName: com.microsoft.office.outlook] ]
04-20 19:29:10.483  1565  1909 D ConnectivityService: NetReassign [6061 : null  1698]
04-20 19:29:10.524  1565  1657 W BroadcastQueue: Permission Denial: receiving Intent { act=android.bluetooth.device.action.ACL_CONNECTED flg=0x5000010 (has extras) } to ProcessRecord{d321896 11842:com.imgur.mobile/u0a254} (pid=11842, uid=10254) requires android.permission.BLUETOOTH due to sender com.android.bluetooth (uid 1002)
04-20 19:29:11.052  1565  1909 D ConnectivityService: NetReassign [no changes]
04-20 19:29:11.873  1565  1657 W BroadcastQueue: Permission Denial: receiving Intent { act=android.bluetooth.adapter.action.DISCOVERY_STARTED flg=0x10 } to ProcessRecord{d321896 11842:com.imgur.mobile/u0a254} (pid=11842, uid=10254) requires android.permission.BLUETOOTH due to sender com.android.bluetooth (uid 1002)
04-20 19:29:12.020  1565  1657 W BroadcastQueue: Permission Denial: receiving Intent { act=android.bluetooth.adapter.action.SCAN_MODE_CHANGED flg=0x4000010 (has extras) } to ProcessRecord{d321896 11842:com.imgur.mobile/u0a254} (pid=11842, uid=10254) requires android.permission.BLUETOOTH due to sender com.android.bluetooth (uid 1002)
04-20 19:29:12.027  1565  1911 D NsdService: unregister service
04-20 19:29:12.028  1565  1911 D NsdService: mdnssd [stop-register, 2]
04-20 19:29:12.054  1565  1657 W BroadcastQueue: Permission Denial: receiving Intent { act=android.bluetooth.adapter.action.LOCAL_NAME_CHANGED flg=0x4000010 (has extras) } to ProcessRecord{d321896 11842:com.imgur.mobile/u0a254} (pid=11842, uid=10254) requires android.permission.BLUETOOTH due to sender com.android.bluetooth (uid 1002)
04-20 19:29:12.055  1565  1565 D BluetoothManagerService: Bluetooth Adapter name changed to Pixel 3a XL
04-20 19:29:12.056  1565  1657 W BroadcastQueue: Permission Denial: receiving Intent { act=android.bluetooth.adapter.action.DISCOVERY_FINISHED flg=0x10 } to ProcessRecord{d321896 11842:com.imgur.mobile/u0a254} (pid=11842, uid=10254) requires android.permission.BLUETOOTH due to sender com.android.bluetooth (uid 1002)
04-20 19:29:12.058  1565  1565 D BluetoothManagerService: Stored Bluetooth name: Pixel 3a XL
04-20 19:29:13.361  1565  1657 W BroadcastQueue: Permission Denial: receiving Intent { act=android.bluetooth.device.action.ACL_DISCONNECTED flg=0x5000010 (has extras) } to ProcessRecord{d321896 11842:com.imgur.mobile/u0a254} (pid=11842, uid=10254) requires android.permission.BLUETOOTH due to sender com.android.bluetooth (uid 1002)
04-20 19:29:13.369  1565  1657 W BroadcastQueue: Permission Denial: receiving Intent { act=android.bluetooth.device.action.ACL_DISCONNECTED flg=0x5000010 (has extras) } to ProcessRecord{d321896 11842:com.imgur.mobile/u0a254} (pid=11842, uid=10254) requires android.permission.BLUETOOTH due to sender com.android.bluetooth (uid 1002)
04-20 19:29:14.074  1565  1909 D ConnectivityService: NetReassign [no changes]
04-20 19:29:14.665  1565  1657 W BroadcastQueue: Permission Denial: receiving Intent { act=android.bluetooth.device.action.ACL_DISCONNECTED flg=0x5000010 (has extras) } to ProcessRecord{d321896 11842:com.imgur.mobile/u0a254} (pid=11842, uid=10254) requires android.permission.BLUETOOTH due to sender com.android.bluetooth (uid 1002)
04-20 19:29:17.095  1565  1909 D ConnectivityService: NetReassign [no changes]
04-20 19:29:23.161  1565  1909 I chatty  : uid=1000(system) ConnectivitySer identical 2 lines
04-20 19:29:26.181  1565  1909 D ConnectivityService: NetReassign [no changes]
04-20 19:29:26.724  1565  2168 D ConnectivityService: requestNetwork for uid/pid:10272/25037 NetworkRequest [ TRACK_DEFAULT id=6062, [ Capabilities: INTERNET&NOT_RESTRICTED&TRUSTED Uid: 10272 AdministratorUids: [] RequestorUid: 10272 RequestorPackageName: com.microsoft.office.outlook] ]
04-20 19:29:26.725  1565  1909 D ConnectivityService: NetReassign [6062 : null  1698]
04-20 19:29:29.199  1565  1909 D ConnectivityService: NetReassign [no changes]
04-20 19:29:47.365  1565  1909 I chatty  : uid=1000(system) ConnectivitySer identical 6 lines
04-20 19:29:50.402  1565  1909 D ConnectivityService: NetReassign [no changes]
04-20 19:29:51.047  1565  3556 I ActivityManager: Force stopping com.google.location.nearby.apps.connectedcrossroad appid=10333 user=0: from pid 25301
04-20 19:29:51.057  1565  1657 W BroadcastQueue: Background execution not allowed: receiving Intent { act=android.intent.action.PACKAGE_RESTARTED dat=package:com.google.location.nearby.apps.connectedcrossroad flg=0x10 (has extras) } to steptracker.healthandfitness.walkingtracker.pedometer/com.drojian.stepcounter.receiver.PedometerReceiver
04-20 19:29:51.057  1565  1657 W BroadcastQueue: Background execution not allowed: receiving Intent { act=android.intent.action.PACKAGE_RESTARTED dat=package:com.google.location.nearby.apps.connectedcrossroad flg=0x10 (has extras) } to steptracker.healthandfitness.walkingtracker.pedometer/com.drojian.servicekeeper.receiver.BootReceiver
04-20 19:29:52.985  1565  1731 I PackageManager: Integrity check passed for file:///data/app/vmdl521237587.tmp
04-20 19:29:53.015  1565  1731 I PackageManager: Update package com.google.location.nearby.apps.connectedcrossroad code path from /data/app/~~urPgX0qhUvv2GPIFB3X1wg==/com.google.location.nearby.apps.connectedcrossroad-vYBqElBrvb7CVW2SAzMFRg== to /data/app/~~vqf3riDDVgr6Mh2oXv4wDg==/com.google.location.nearby.apps.connectedcrossroad-tiU_IeysN7WM5qIuzolD5g==; Retain data and using new
04-20 19:29:53.015  1565  1731 I PackageManager: Update package com.google.location.nearby.apps.connectedcrossroad resource path from /data/app/~~urPgX0qhUvv2GPIFB3X1wg==/com.google.location.nearby.apps.connectedcrossroad-vYBqElBrvb7CVW2SAzMFRg== to /data/app/~~vqf3riDDVgr6Mh2oXv4wDg==/com.google.location.nearby.apps.connectedcrossroad-tiU_IeysN7WM5qIuzolD5g==; Retain data and using new
04-20 19:29:53.030  1565  1731 D CompatibilityChangeReporter: Compat change id reported: 135549675; UID 10333; state: DISABLED
04-20 19:29:53.195  1565  1657 W BroadcastQueue: Background execution not allowed: receiving Intent { act=android.intent.action.PACKAGE_REMOVED dat=package:com.google.location.nearby.apps.connectedcrossroad flg=0x4000010 (has extras) } to com.android.vending/com.google.android.finsky.packagemanager.impl.PackageMonitorReceiverImpl$RegisteredReceiver
04-20 19:29:53.196  1565  1657 W BroadcastQueue: Background execution not allowed: receiving Intent { act=android.intent.action.PACKAGE_REMOVED dat=package:com.google.location.nearby.apps.connectedcrossroad flg=0x4000010 (has extras) } to com.android.vending/com.google.android.finsky.instantapps.appmanagement.InstantAppRemoveMonitor
04-20 19:29:53.196  1565  1657 W BroadcastQueue: Background execution not allowed: receiving Intent { act=android.intent.action.PACKAGE_REMOVED dat=package:com.google.location.nearby.apps.connectedcrossroad flg=0x4000010 (has extras) } to com.google.android.gms/.games.chimera.GamesSystemBroadcastReceiverProxy
04-20 19:29:53.196  1565  1657 W BroadcastQueue: Background execution not allowed: receiving Intent { act=android.intent.action.PACKAGE_REMOVED dat=package:com.google.location.nearby.apps.connectedcrossroad flg=0x4000010 (has extras) } to com.google.android.gms/.chimera.GmsIntentOperationService$PersistentTrustedReceiver
04-20 19:29:53.196  1565  1657 W BroadcastQueue: Background execution not allowed: receiving Intent { act=android.intent.action.PACKAGE_REMOVED dat=package:com.google.location.nearby.apps.connectedcrossroad flg=0x4000010 (has extras) } to com.google.android.googlequicksearchbox/com.google.android.apps.gsa.googlequicksearchbox.GelStubAppWatcher
04-20 19:29:53.196  1565  1657 W BroadcastQueue: Background execution not allowed: receiving Intent { act=android.intent.action.PACKAGE_REMOVED dat=package:com.google.location.nearby.apps.connectedcrossroad flg=0x4000010 (has extras) } to com.facebook.katana/com.facebook.feed.platformads.AppInstallReceiver
04-20 19:29:53.196  1565  1657 W BroadcastQueue: Background execution not allowed: receiving Intent { act=android.intent.action.PACKAGE_REMOVED dat=package:com.google.location.nearby.apps.connectedcrossroad flg=0x4000010 (has extras) } to com.jaga.ibraceletplus.smartwristband3/com.yc.pedometer.keepalive.KeepAliveReceiver
04-20 19:29:53.196  1565  1657 W BroadcastQueue: Background execution not allowed: receiving Intent { act=android.intent.action.PACKAGE_REMOVED dat=package:com.google.location.nearby.apps.connectedcrossroad flg=0x4000010 (has extras) } to com.microsoft.appmanager/.receiver.InstallUninstallReceiver
04-20 19:29:53.196  1565  1657 W BroadcastQueue: Background execution not allowed: receiving Intent { act=android.intent.action.PACKAGE_REMOVED dat=package:com.google.location.nearby.apps.connectedcrossroad flg=0x4000010 (has extras) } to com.microsoft.appmanager/com.microsoft.mmx.continuity.receiver.InstallUninstallReceiver
04-20 19:29:53.196  1565  1657 W BroadcastQueue: Background execution not allowed: receiving Intent { act=android.intent.action.PACKAGE_REMOVED dat=package:com.google.location.nearby.apps.connectedcrossroad flg=0x4000010 (has extras) } to com.microsoft.emmx/com.microsoft.mmx.continuity.receiver.InstallUninstallReceiver
04-20 19:29:53.315  1565  1657 W BroadcastQueue: Background execution not allowed: receiving Intent { act=android.intent.action.PACKAGE_ADDED dat=package:com.google.location.nearby.apps.connectedcrossroad flg=0x4000010 (has extras) } to com.google.android.packageinstaller/com.android.packageinstaller.PackageInstalledReceiver
04-20 19:29:53.318  1565  1657 W BroadcastQueue: Background execution not allowed: receiving Intent { act=android.intent.action.PACKAGE_ADDED dat=package:com.google.location.nearby.apps.connectedcrossroad flg=0x4000010 (has extras) } to com.android.vending/com.google.android.finsky.packagemanager.impl.PackageMonitorReceiverImpl$RegisteredReceiver
04-20 19:29:53.318  1565  1657 W BroadcastQueue: Background execution not allowed: receiving Intent { act=android.intent.action.PACKAGE_ADDED dat=package:com.google.location.nearby.apps.connectedcrossroad flg=0x4000010 (has extras) } to com.google.android.gms/.games.chimera.GamesSystemBroadcastReceiverProxy
04-20 19:29:53.333  1565  1657 W BroadcastQueue: Background execution not allowed: receiving Intent { act=android.intent.action.PACKAGE_ADDED dat=package:com.google.location.nearby.apps.connectedcrossroad flg=0x4000010 (has extras) } to com.google.android.gms/.gass.chimera.PackageChangeBroadcastReceiver
04-20 19:29:53.334  1565  1657 W BroadcastQueue: Background execution not allowed: receiving Intent { act=android.intent.action.PACKAGE_ADDED dat=package:com.google.location.nearby.apps.connectedcrossroad flg=0x4000010 (has extras) } to com.google.android.gms/.chimera.GmsIntentOperationService$PersistentTrustedReceiver
04-20 19:29:53.334  1565  1657 W BroadcastQueue: Background execution not allowed: receiving Intent { act=android.intent.action.PACKAGE_ADDED dat=package:com.google.location.nearby.apps.connectedcrossroad flg=0x4000010 (has extras) } to com.google.android.googlequicksearchbox/com.google.android.apps.gsa.googlequicksearchbox.GelStubAppWatcher
04-20 19:29:53.334  1565  1657 W BroadcastQueue: Background execution not allowed: receiving Intent { act=android.intent.action.PACKAGE_ADDED dat=package:com.google.location.nearby.apps.connectedcrossroad flg=0x4000010 (has extras) } to com.facebook.katana/com.facebook.feed.platformads.AppInstallReceiver
04-20 19:29:53.336  1565  1657 W BroadcastQueue: Background execution not allowed: receiving Intent { act=android.intent.action.PACKAGE_ADDED dat=package:com.google.location.nearby.apps.connectedcrossroad flg=0x4000010 (has extras) } to com.jaga.ibraceletplus.smartwristband3/com.yc.pedometer.keepalive.KeepAliveReceiver
04-20 19:29:53.336  1565  1657 W BroadcastQueue: Background execution not allowed: receiving Intent { act=android.intent.action.PACKAGE_ADDED dat=package:com.google.location.nearby.apps.connectedcrossroad flg=0x4000010 (has extras) } to com.microsoft.appmanager/.receiver.InstallUninstallReceiver
04-20 19:29:53.336  1565  1657 W BroadcastQueue: Background execution not allowed: receiving Intent { act=android.intent.action.PACKAGE_ADDED dat=package:com.google.location.nearby.apps.connectedcrossroad flg=0x4000010 (has extras) } to com.microsoft.appmanager/com.microsoft.mmx.continuity.receiver.InstallUninstallReceiver
04-20 19:29:53.336  1565  1657 W BroadcastQueue: Background execution not allowed: receiving Intent { act=android.intent.action.PACKAGE_ADDED dat=package:com.google.location.nearby.apps.connectedcrossroad flg=0x4000010 (has extras) } to com.microsoft.emmx/com.microsoft.mmx.continuity.receiver.InstallUninstallReceiver
04-20 19:29:53.351  1565  3556 I ActivityTaskManager: START u0 {act=android.intent.action.MAIN cat=[android.intent.category.LAUNCHER] flg=0x10000000 cmp=com.google.location.nearby.apps.connectedcrossroad/nx.aodv.eval.MainActivity} from uid 2000
04-20 19:29:53.420  1565  1909 D ConnectivityService: NetReassign [no changes]
04-20 19:29:53.428  1565  1838 D ConnectivityService: ConnectivityService NetworkRequestInfo binderDied(NetworkRequest [ TRACK_DEFAULT id=6058, [ Capabilities: INTERNET&NOT_RESTRICTED&TRUSTED Uid: 10215 AdministratorUids: [] RequestorUid: 10215 RequestorPackageName: com.microsoft.emmx] ], android.os.BinderProxy@dd8d6a5)
04-20 19:29:53.428  1565  4286 D ConnectivityService: ConnectivityService NetworkRequestInfo binderDied(NetworkRequest [ LISTEN id=6059, [ Capabilities: INTERNET&NOT_RESTRICTED&TRUSTED&FOREGROUND Uid: 10215 AdministratorUids: [] RequestorUid: 10215 RequestorPackageName: com.microsoft.emmx] ], android.os.BinderProxy@f57da7a)
04-20 19:29:53.433  1565  1909 D ConnectivityService: releasing NetworkRequest [ TRACK_DEFAULT id=6058, [ Capabilities: INTERNET&NOT_RESTRICTED&TRUSTED Uid: 10215 AdministratorUids: [] RequestorUid: 10215 RequestorPackageName: com.microsoft.emmx] ] (release request)
04-20 19:29:53.443  1565  1657 W BroadcastQueue: Can't deliver broadcast to com.microsoft.emmx (pid 23243). Crashing it.
04-20 19:29:53.443  1565  1657 I ActivityManager: Killing 23243:com.microsoft.emmx/u0a215 (adj 999): scheduleCrash for 'can't deliver broadcast' failed
04-20 19:29:53.444  1565  1657 W BroadcastQueue: Failure sending broadcast Intent { act=android.intent.action.PACKAGE_REPLACED dat=package:com.google.location.nearby.apps.connectedcrossroad flg=0x4000010 (has extras) }
04-20 19:29:53.444  1565  1657 W BroadcastQueue: android.os.DeadObjectException
04-20 19:29:53.444  1565  1657 W BroadcastQueue: 	at android.os.BinderProxy.transactNative(Native Method)
04-20 19:29:53.444  1565  1657 W BroadcastQueue: 	at android.os.BinderProxy.transact(BinderProxy.java:550)
04-20 19:29:53.444  1565  1657 W BroadcastQueue: 	at android.app.IApplicationThread$Stub$Proxy.scheduleRegisteredReceiver(IApplicationThread.java:1706)
04-20 19:29:53.444  1565  1657 W BroadcastQueue: 	at com.android.server.am.BroadcastQueue.performReceiveLocked(BroadcastQueue.java:580)
04-20 19:29:53.444  1565  1657 W BroadcastQueue: 	at com.android.server.am.BroadcastQueue.deliverToRegisteredReceiverLocked(BroadcastQueue.java:810)
04-20 19:29:53.444  1565  1657 W BroadcastQueue: 	at com.android.server.am.BroadcastQueue.processNextBroadcastLocked(BroadcastQueue.java:991)
04-20 19:29:53.444  1565  1657 W BroadcastQueue: 	at com.android.server.am.BroadcastQueue.processNextBroadcast(BroadcastQueue.java:950)
04-20 19:29:53.444  1565  1657 W BroadcastQueue: 	at com.android.server.am.BroadcastQueue$BroadcastHandler.handleMessage(BroadcastQueue.java:190)
04-20 19:29:53.444  1565  1657 W BroadcastQueue: 	at android.os.Handler.dispatchMessage(Handler.java:106)
04-20 19:29:53.444  1565  1657 W BroadcastQueue: 	at android.os.Looper.loop(Looper.java:223)
04-20 19:29:53.444  1565  1657 W BroadcastQueue: 	at android.os.HandlerThread.run(HandlerThread.java:67)
04-20 19:29:53.444  1565  1657 W BroadcastQueue: 	at com.android.server.ServiceThread.run(ServiceThread.java:44)
04-20 19:29:53.459  1565  1638 D CompatibilityChangeReporter: Compat change id reported: 135634846; UID 10333; state: DISABLED
04-20 19:29:53.459  1565  1659 D CompatibilityChangeReporter: Compat change id reported: 143937733; UID 10333; state: DISABLED
04-20 19:29:53.499  1565  1659 I ActivityManager: Start proc 25349:com.google.location.nearby.apps.connectedcrossroad/u0a333 for pre-top-activity {com.google.location.nearby.apps.connectedcrossroad/nx.aodv.eval.MainActivity}
04-20 19:29:53.571  1565  1634 W Looper  : Slow dispatch took 120ms android.fg h=android.os.Handler c=<recycled PooledLambda@36799ba> m=0
04-20 19:29:53.602  1565  2180 I ActivityManager: Process com.google.android.apps.messaging (pid 17872) has died: cch+95 CEM 
04-20 19:29:53.638  1565  1634 W Looper  : Slow delivery took 235ms android.fg h=android.os.Handler c=<recycled PooledLambda@157ee20> m=0
04-20 19:29:53.930  1565  1565 W Looper  : Slow dispatch took 689ms main h=android.app.ActivityThread$H c=android.app.-$$Lambda$LoadedApk$ReceiverDispatcher$Args$_BumDX2UKsnxLVrE6UJsJZkotuA@e1bdbe6 m=0
04-20 19:29:53.930  1565  1565 W Looper  : Slow delivery took 686ms main h=android.app.ActivityThread$H c=android.app.-$$Lambda$LoadedApk$ReceiverDispatcher$Args$_BumDX2UKsnxLVrE6UJsJZkotuA@8c0e527 m=0
04-20 19:29:54.013  1565  1634 W Looper  : Slow dispatch took 100ms android.fg h=android.os.Handler c=<recycled PooledLambda@c5bb306> m=0
04-20 19:29:54.160  1565  1634 W Looper  : Slow dispatch took 101ms android.fg h=android.os.Handler c=<recycled PooledLambda@5b277e1> m=0
04-20 19:29:54.766  1565  1565 W Looper  : Slow dispatch took 797ms main h=android.app.ActivityThread$H c=android.app.-$$Lambda$LoadedApk$ReceiverDispatcher$Args$_BumDX2UKsnxLVrE6UJsJZkotuA@838429f m=0
04-20 19:29:54.769  1565  1565 I Telecom : DefaultDialerCache: Refreshing default dialer for user 0: now com.google.android.dialer: DDC.oR@k2M
04-20 19:29:54.803  1565  1565 V BackupManagerConstants: getFullBackupIntervalMilliseconds(...) returns 86400000
04-20 19:29:54.803  1565  1565 V BackupManagerConstants: getFullBackupRequiredNetworkType(...) returns 2
04-20 19:29:54.803  1565  1565 V BackupManagerConstants: getFullBackupRequireCharging(...) returns true
04-20 19:29:54.911  1565  1634 W Looper  : Drained
04-20 19:29:55.861  1565  1565 W Looper  : Slow dispatch took 1092ms main h=android.app.ActivityThread$H c=android.app.-$$Lambda$LoadedApk$ReceiverDispatcher$Args$_BumDX2UKsnxLVrE6UJsJZkotuA@a248c02 m=0
04-20 19:29:56.075  1565  1898 W NetworkPolicy: shared quota unsupported; generating rule for each iface
04-20 19:29:56.434  1565  1909 D ConnectivityService: NetReassign [no changes]
04-20 19:29:56.464  1565  1565 W Looper  : Drained
04-20 19:29:57.258  1565  1565 W Looper  : Slow dispatch took 105ms main h=com.android.server.accessibility.AccessibilityManagerService$MainHandler c=<recycled PooledLambda@b6fc3a5> m=0
04-20 19:29:57.574  1565  3552 D CompatibilityChangeReporter: Compat change id reported: 136274596; UID 10333; state: DISABLED
04-20 19:29:58.086  1565  4292 W BroadcastQueue: Background execution not allowed: receiving Intent { act=android.intent.action.PACKAGE_REPLACED dat=package:com.google.location.nearby.apps.connectedcrossroad flg=0x4000010 (has extras) } to com.google.android.gms/.gass.chimera.PackageChangeBroadcastReceiver
04-20 19:29:58.088  1565  1657 W BroadcastQueue: Background execution not allowed: receiving Intent { act=android.intent.action.PACKAGE_REPLACED dat=package:com.google.location.nearby.apps.connectedcrossroad flg=0x4000010 (has extras) } to com.google.android.gms/.chimera.GmsIntentOperationService$PersistentTrustedReceiver
04-20 19:29:58.088  1565  1657 W BroadcastQueue: Background execution not allowed: receiving Intent { act=android.intent.action.PACKAGE_REPLACED dat=package:com.google.location.nearby.apps.connectedcrossroad flg=0x4000010 (has extras) } to com.google.android.googlequicksearchbox/com.google.android.apps.gsa.googlequicksearchbox.GelStubAppWatcher
04-20 19:29:58.088  1565  1657 W BroadcastQueue: Background execution not allowed: receiving Intent { act=android.intent.action.PACKAGE_REPLACED dat=package:com.google.location.nearby.apps.connectedcrossroad flg=0x4000010 (has extras) } to com.infonow.bofa/com.bofa.ecom.marvel.application.BofaPackageUpdateReceiver
04-20 19:29:58.088  1565  1657 W BroadcastQueue: Background execution not allowed: receiving Intent { act=android.intent.action.PACKAGE_REPLACED dat=package:com.google.location.nearby.apps.connectedcrossroad flg=0x4000010 (has extras) } to com.microsoft.appmanager/com.microsoft.mmx.continuity.receiver.InstallUninstallReceiver
04-20 19:29:58.088  1565  1657 W BroadcastQueue: Background execution not allowed: receiving Intent { act=android.intent.action.PACKAGE_REPLACED dat=package:com.google.location.nearby.apps.connectedcrossroad flg=0x4000010 (has extras) } to com.microsoft.emmx/com.microsoft.mmx.continuity.receiver.InstallUninstallReceiver
04-20 19:29:58.088  1565  1657 W BroadcastQueue: Background execution not allowed: receiving Intent { act=android.intent.action.PACKAGE_REPLACED dat=package:com.google.location.nearby.apps.connectedcrossroad flg=0x4000010 (has extras) } to steptracker.healthandfitness.walkingtracker.pedometer/com.drojian.stepcounter.receiver.PedometerReceiver
04-20 19:29:58.089  1565  1657 W BroadcastQueue: Background execution not allowed: receiving Intent { act=android.intent.action.PACKAGE_REPLACED dat=package:com.google.location.nearby.apps.connectedcrossroad flg=0x4000010 (has extras) } to steptracker.healthandfitness.walkingtracker.pedometer/com.drojian.servicekeeper.receiver.BootReceiver
04-20 19:29:58.089  1565  1657 W BroadcastQueue: Background execution not allowed: receiving Intent { act=com.microsoft.mmx.intent.action.UPDATE_POLICY flg=0x30 } to com.microsoft.appmanager/com.microsoft.mmx.continuity.receiver.PolicyReceiver
04-20 19:29:58.089  1565  1657 W BroadcastQueue: Background execution not allowed: receiving Intent { act=com.microsoft.mmx.intent.action.UPDATE_POLICY flg=0x30 } to com.microsoft.emmx/com.microsoft.mmx.continuity.receiver.PolicyReceiver
04-20 19:29:58.089  1565  1657 W BroadcastQueue: Background execution not allowed: receiving Intent { act=com.microsoft.mmx.intent.action.UPDATE_POLICY flg=0x30 } to com.microsoft.appmanager/com.microsoft.mmx.continuity.receiver.PolicyReceiver
04-20 19:29:58.089  1565  1657 W BroadcastQueue: Background execution not allowed: receiving Intent { act=com.microsoft.mmx.intent.action.UPDATE_POLICY flg=0x30 } to com.microsoft.emmx/com.microsoft.mmx.continuity.receiver.PolicyReceiver
04-20 19:29:58.089  1565  1657 W BroadcastQueue: Background execution not allowed: receiving Intent { act=com.microsoft.mmx.intent.action.UPDATE_POLICY flg=0x30 } to com.microsoft.appmanager/com.microsoft.mmx.continuity.receiver.PolicyReceiver
04-20 19:29:58.089  1565  1657 W BroadcastQueue: Background execution not allowed: receiving Intent { act=com.microsoft.mmx.intent.action.UPDATE_POLICY flg=0x30 } to com.microsoft.emmx/com.microsoft.mmx.continuity.receiver.PolicyReceiver
04-20 19:29:58.218  1565  1898 W NetworkPolicy: shared quota unsupported; generating rule for each iface
04-20 19:29:58.231  1565  4460 I ActivityManager: Process android.process.media (pid 22919) has died: cch+85 CEM 
04-20 19:29:58.267  1565  3556 D ConnectivityService: ConnectivityService NetworkRequestInfo binderDied(NetworkRequest [ LISTEN id=6056, [ Capabilities: INTERNET&NOT_RESTRICTED&TRUSTED&NOT_VPN&FOREGROUND Uid: 10273 AdministratorUids: [] RequestorUid: 10273 RequestorPackageName: com.microsoft.appmanager] ], android.os.BinderProxy@e385f9b)
04-20 19:29:58.267  1565  4460 I ActivityManager: Process com.microsoft.appmanager (pid 23001) has died: cch+85 CEM 
04-20 19:29:58.951  1565  1898 W NetworkPolicy: shared quota unsupported; generating rule for each iface
04-20 19:29:59.477  1565  1909 D ConnectivityService: NetReassign [no changes]
04-20 19:29:59.523  1565  1898 W NetworkPolicy: shared quota unsupported; generating rule for each iface
04-20 19:29:59.711  1565  3513 E SystemServiceRegistry: Manager wrapper not available: face
04-20 19:29:59.714  1565  1657 I DropBoxManagerService: add tag=system_server_wtf isTagEnabled=true flags=0x2
04-20 19:29:59.842  1565  3513 W SettingsStatsUtil: Can not parse value to float: gps,network
04-20 19:29:59.987  1565  1898 W NetworkPolicy: shared quota unsupported; generating rule for each iface
04-20 19:30:00.227  1565  4136 W ActivityManager: Binding with unknown activity: Token{1381fbf null}
04-20 19:30:00.234  1565  2180 W ActivityManager: Binding with unknown activity: Token{1381fbf null}
04-20 19:30:00.304  1565  1898 W NetworkPolicy: shared quota unsupported; generating rule for each iface
04-20 19:30:01.725  1565  1657 W BroadcastQueue: Permission Denial: receiving Intent { act=android.intent.action.DROPBOX_ENTRY_ADDED flg=0x10 (has extras) } to ProcessRecord{d321896 11842:com.imgur.mobile/u0a254} (pid=11842, uid=10254) requires android.permission.READ_LOGS due to sender android (uid 1000)
04-20 19:30:01.725  1565  1657 W BroadcastQueue: Background execution not allowed: receiving Intent { act=android.intent.action.DROPBOX_ENTRY_ADDED flg=0x10 (has extras) } to com.google.android.gms/.stats.service.DropBoxEntryAddedReceiver
04-20 19:30:01.725  1565  1657 W BroadcastQueue: Background execution not allowed: receiving Intent { act=android.intent.action.DROPBOX_ENTRY_ADDED flg=0x10 (has extras) } to com.google.android.gms/.chimera.GmsIntentOperationService$PersistentTrustedReceiver
04-20 19:30:02.494  1565  1909 D ConnectivityService: NetReassign [no changes]
04-20 19:30:05.518  1565  1909 I chatty  : uid=1000(system) ConnectivitySer identical 1 line
04-20 19:30:08.531  1565  1909 D ConnectivityService: NetReassign [no changes]
04-20 19:30:08.553  1565  1565 D BluetoothManagerService: Bluetooth Adapter name changed to Ii1DaEFbye0AAAAAAAAAATE
04-20 19:30:08.554  1565  1657 W BroadcastQueue: Permission Denial: receiving Intent { act=android.bluetooth.adapter.action.LOCAL_NAME_CHANGED flg=0x4000010 (has extras) } to ProcessRecord{d321896 11842:com.imgur.mobile/u0a254} (pid=11842, uid=10254) requires android.permission.BLUETOOTH due to sender com.android.bluetooth (uid 1002)
04-20 19:30:08.554  1565  1657 W BroadcastQueue: Permission Denial: receiving Intent { act=android.bluetooth.adapter.action.SCAN_MODE_CHANGED flg=0x4000010 (has extras) } to ProcessRecord{d321896 11842:com.imgur.mobile/u0a254} (pid=11842, uid=10254) requires android.permission.BLUETOOTH due to sender com.android.bluetooth (uid 1002)
04-20 19:30:08.556  1565  1565 D BluetoothManagerService: Stored Bluetooth name: Ii1DaEFbye0AAAAAAAAAATE
04-20 19:30:08.966  1565  1911 D NsdService: Register service
04-20 19:30:08.967  1565  1911 D NsdService: registerService: 3 name: Ii1DaEFbye0AAA, type: _5BC9ED5E6C75._tcp, host: null, port: 41363, txtRecord: n=MQIPv4=192.168.1.17
04-20 19:30:08.967  1565  1911 D NsdService: mdnssd [register, 3, Ii1DaEFbye0AAA, _5BC9ED5E6C75._tcp, 41363, BG49TVERSVB2ND0xOTIuMTY4LjEuMTc=]
04-20 19:30:08.975  1565  1911 D NsdService: Register 3 3
04-20 19:30:09.675  1565  1911 D NsdService: Native daemon message SERVICE_REGISTERED: 606 3 "Ii1DaEFbye0AAA"
04-20 19:30:09.702  1565  4136 E AppOps  : attributionTag com.google.android.gms.nearby not declared in manifest of com.google.location.nearby.apps.connectedcrossroad
04-20 19:30:09.736  1565  1657 W BroadcastQueue: Permission Denial: receiving Intent { act=android.bluetooth.adapter.action.DISCOVERY_STARTED flg=0x10 } to ProcessRecord{d321896 11842:com.imgur.mobile/u0a254} (pid=11842, uid=10254) requires android.permission.BLUETOOTH due to sender com.android.bluetooth (uid 1002)
04-20 19:30:09.842  1565  1657 W BroadcastQueue: Permission Denial: receiving Intent { act=android.bluetooth.adapter.action.DISCOVERY_FINISHED flg=0x10 } to ProcessRecord{d321896 11842:com.imgur.mobile/u0a254} (pid=11842, uid=10254) requires android.permission.BLUETOOTH due to sender com.android.bluetooth (uid 1002)
04-20 19:30:10.160  1565  1657 W BroadcastQueue: Permission Denial: receiving Intent { act=android.bluetooth.device.action.ACL_CONNECTED flg=0x5000010 (has extras) } to ProcessRecord{d321896 11842:com.imgur.mobile/u0a254} (pid=11842, uid=10254) requires android.permission.BLUETOOTH due to sender com.android.bluetooth (uid 1002)
04-20 19:30:10.293  1565  1657 W BroadcastQueue: Permission Denial: broadcasting Intent { act=com.google.android.apps.gmm.NAVIGATION_STATE flg=0x10 pkg=com.google.android.googlequicksearchbox (has extras) } from null (pid=-1, uid=-1) requires com.google.android.googlequicksearchbox.permission.LAUNCH_FROM_GMM due to registered receiver BroadcastFilter{72d3990 10125/u0 ReceiverList{e368c53 8656 com.google.android.googlequicksearchbox:search/10125/u0 remote:cc83442}}
04-20 19:30:10.293  1565  1657 W BroadcastQueue: Permission Denial: broadcasting Intent { act=com.google.android.apps.gmm.NAVIGATION_STATE flg=0x10 pkg=com.google.android.gms (has extras) } from null (pid=-1, uid=-1) requires com.google.android.googlequicksearchbox.permission.LAUNCH_FROM_GMM due to registered receiver BroadcastFilter{72d3990 10125/u0 ReceiverList{e368c53 8656 com.google.android.googlequicksearchbox:search/10125/u0 remote:cc83442}}
04-20 19:30:11.561  1565  1909 D ConnectivityService: NetReassign [no changes]
