--------- beginning of system
04-20 19:10:08.248 11673 11673 W ActivityThread: serviceStart starts in 2020 ms, ServiceArgsData = ServiceArgsData{token=android.os.BinderProxy@b5cbd22 startId=7384 args=Intent { act=com.google.android.chimera.container.IntentOperationService.NEW_START_INTENT cmp=com.google.android.gms/.chimera.PersistentIntentOperationService (has extras) }}
04-20 19:10:08.248 11673 11673 W ActivityThread: serviceCreate starts in 2019 ms, CreateServiceData = CreateServiceData{token=android.os.BinderProxy@57380f className=com.google.android.gms.gcm.GcmService packageName=com.google.android.gms intent=null}
04-20 19:10:08.383 11673 11673 W ActivityThread: serviceStart starts in 2154 ms, ServiceArgsData = ServiceArgsData{token=android.os.BinderProxy@57380f startId=11 args=null}
04-20 19:10:08.626  1741 11669 I chatty  : uid=1000(system) Binder:1741_1F expire 6 lines
04-20 19:10:08.696  1741  3580 I chatty  : uid=1000(system) Binder:1741_D expire 10 lines
04-20 19:10:08.702  1741  1760 I chatty  : uid=1000(system) Binder:1741_2 expire 2 lines
04-20 19:10:08.805  1741  2047 I chatty  : uid=1000(system) Binder:1741_3 expire 4 lines
04-20 19:10:08.979  1741  4636 I chatty  : uid=1000(system) Binder:1741_10 expire 8 lines
04-20 19:10:09.245  1741  3126 I chatty  : uid=1000(system) Binder:1741_B expire 15 lines
04-20 19:10:09.266  1741  1773 I chatty  : uid=1000(system) ActivityManager expire 5 lines
04-20 19:10:09.548  1741  1774 I chatty  : uid=1000(system) ActivityManager expire 8 lines
04-20 19:10:09.799 11928 11928 D ActivityThread: Loading provider contacts;com.android.contacts: com.android.providers.contacts.ContactsProvider2
04-20 19:10:11.452  1741  2042 I chatty  : uid=1000(system) UEventObserver expire 7 lines
04-20 19:10:12.745  1741  8491 I chatty  : uid=1000(system) Binder:1741_1C expire 13 lines
04-20 19:10:12.949  1741  1767 I chatty  : uid=1000(system) android.anim expire 11 lines
04-20 19:10:13.184  1741  1741 I chatty  : uid=1000 system_server expire 6 lines
04-20 19:10:13.938  1741  3620 I chatty  : uid=1000(system) Binder:1741_F expire 1 line
04-20 19:10:14.567  1741  6174 I chatty  : uid=1000(system) Binder:1741_17 expire 3 lines
04-20 19:10:15.220  1741  2434 I chatty  : uid=1000(system) Binder:1741_6 expire 1 line
04-20 19:10:15.759  1741  6427 I chatty  : uid=1000(system) Binder:1741_18 expire 2 lines
04-20 19:10:15.833  1741  6555 I chatty  : uid=1000(system) Binder:1741_1A expire 2 lines
04-20 19:10:16.561  1741  3328 I chatty  : uid=1000(system) LazyTaskWriterT expire 1 line
04-20 19:10:21.375  1741  5777 I chatty  : uid=1000(system) Binder:1741_14 expire 2 lines
04-20 19:10:21.516  1741 11121 I chatty  : uid=1000(system) Binder:1741_1E expire 7 lines
04-20 19:10:23.456  1741  5913 I chatty  : uid=1000(system) Binder:1741_15 expire 3 lines
04-20 19:10:23.535  1741  9573 I chatty  : uid=1000(system) Binder:1741_1D expire 2 lines
04-20 19:10:24.818  1741  5262 I chatty  : uid=1000(system) Binder:1741_12 expire 1 line
04-20 19:10:33.216  1741  5744 I chatty  : uid=1000(system) Binder:1741_13 expire 3 lines
04-20 19:10:41.935  7040  7902 E ActivityThread: Failed to find provider info for com.motorola.ccc.cce.datausage
04-20 19:11:13.909  1741  2809 I chatty  : uid=1000(system) Binder:1741_A expire 3 lines
04-20 19:11:13.919  1741  2441 I chatty  : uid=1000(system) Binder:1741_7 expire 2 lines
04-20 19:11:13.945  1741  1759 I chatty  : uid=1000(system) Binder:1741_1 expire 13 lines
04-20 19:11:13.972  1741  2734 I chatty  : uid=1000(system) Binder:1741_9 expire 7 lines
04-20 19:11:14.124  1741  8491 I chatty  : uid=1000(system) Binder:1741_1C expire 4 lines
04-20 19:11:15.718  1741  1767 I chatty  : uid=1000(system) android.anim expire 21 lines
04-20 19:11:16.032  1741  1759 I chatty  : uid=1000(system) Binder:1741_1 expire 8 lines
04-20 19:11:16.156  1741  2441 I chatty  : uid=1000(system) Binder:1741_7 expire 3 lines
04-20 19:11:16.279  1741  2734 I chatty  : uid=1000(system) Binder:1741_9 expire 7 lines
04-20 19:11:16.588  1741  5744 I chatty  : uid=1000(system) Binder:1741_13 expire 14 lines
04-20 19:11:18.006  1741  3328 I chatty  : uid=1000(system) LazyTaskWriterT expire 2 lines
04-20 19:11:19.248  1741  1741 I chatty  : uid=1000 system_server expire 14 lines
04-20 19:11:20.955  1741  1774 I chatty  : uid=1000(system) ActivityManager expire 4 lines
04-20 19:11:21.442  1741  2042 I chatty  : uid=1000(system) UEventObserver expire 3 lines
04-20 19:11:22.017  1741  2656 I chatty  : uid=1000(system) android.fg expire 2 lines
04-20 19:11:22.232  1741  1763 I chatty  : uid=1000(system) android.fg expire 4 lines
04-20 19:11:24.550  1741  6001 I chatty  : uid=1000(system) Binder:1741_16 expire 1 line
04-20 19:11:26.738  1741  6174 I chatty  : uid=1000(system) Binder:1741_17 expire 1 line
04-20 19:11:47.415  1741  3126 I chatty  : uid=1000(system) Binder:1741_B expire 4 lines
04-20 19:11:47.456  1741  1773 I chatty  : uid=1000(system) ActivityManager expire 15 lines
04-20 19:11:47.502  1741  4851 I chatty  : uid=1000(system) Binder:1741_11 expire 2 lines
04-20 19:11:47.526  1741  9573 I chatty  : uid=1000(system) Binder:1741_1D expire 3 lines
04-20 19:11:47.579  1741  2392 I chatty  : uid=1000(system) Binder:1741_5 expire 7 lines
04-20 19:11:47.609  1741 11121 I chatty  : uid=1000(system) Binder:1741_1E expire 14 lines
04-20 19:11:48.168  1741  1766 I chatty  : uid=1000(system) android.display expire 3 lines
04-20 19:11:48.229  1741  2247 I chatty  : uid=1000(system) ConnectivitySer expire 1 line
04-20 19:11:48.267  1741  4636 I chatty  : uid=1000(system) Binder:1741_10 expire 8 lines
04-20 19:11:49.128  1741  5913 I chatty  : uid=1000(system) Binder:1741_15 expire 6 lines
04-20 19:12:02.442  1741  2633 I chatty  : uid=1000(system) IzatProvider expire 2 lines
04-20 19:12:02.517  1741  2809 I chatty  : uid=1000(system) Binder:1741_A expire 5 lines
04-20 19:12:02.779  1741  1773 I chatty  : uid=1000(system) ActivityManager expire 26 lines
04-20 19:12:02.942  1741  5913 I chatty  : uid=1000(system) Binder:1741_15 expire 11 lines
04-20 19:12:03.142 12824 12864 W ContextImpl: Calling a method in the system process without a qualified user: android.app.ContextImpl.bindService:1664 android.content.ContextWrapper.bindService:705 com.google.android.setupcompat.internal.SetupCompatServiceProvider.requestServiceBind:140 com.google.android.setupcompat.internal.SetupCompatServiceProvider.getInstance:319 com.google.android.setupcompat.internal.SetupCompatServiceProvider.get:55 
04-20 19:12:03.220  1741  1767 I chatty  : uid=1000(system) android.anim expire 18 lines
04-20 19:12:03.286  1741  8491 I chatty  : uid=1000(system) Binder:1741_1C expire 7 lines
04-20 19:12:03.367  1741  4636 I chatty  : uid=1000(system) Binder:1741_10 expire 11 lines
04-20 19:12:03.471  1741  5744 I chatty  : uid=1000(system) Binder:1741_13 expire 3 lines
04-20 19:12:04.353  1741  1741 I chatty  : uid=1000 system_server expire 9 lines
04-20 19:12:04.357  1741  2656 I chatty  : uid=1000(system) android.fg expire 2 lines
04-20 19:12:04.402  1741  1774 I chatty  : uid=1000(system) ActivityManager expire 4 lines
04-20 19:12:04.614 12890 12913 D SystemConfig: Removed unavailable feature android.hardware.sensor.gyroscope
04-20 19:12:04.616 12890 12913 W SystemConfig: No directory /oem/etc/sysconfig, skipping
04-20 19:12:04.616 12890 12913 W SystemConfig: No directory /oem/etc/permissions, skipping
04-20 19:12:04.668 12890 12913 W SystemConfig: No directory /system/etc/motorola/bgintents, skipping
04-20 19:12:04.668 12890 12913 W SystemConfig: No directory /oem/etc/motorola/bgintents, skipping
04-20 19:12:04.670 12890 12913 W SystemConfig: No directory /product_services/etc/sysconfig, skipping
04-20 19:12:04.670 12890 12913 W SystemConfig: No directory /product_services/etc/permissions, skipping
04-20 19:12:04.670 12890 12913 W SystemConfig: No directory /system/etc/motorola/sysconfig, skipping
04-20 19:12:04.670 12890 12913 W SystemConfig: No directory /oem/etc/motorola/sysconfig, skipping
04-20 19:12:04.671 12890 12913 W SystemConfig: No directory /product/etc/motorola/sysconfig, skipping
04-20 19:12:04.982  1741  1772 I chatty  : uid=1000(system) android.bg expire 1 line
04-20 19:12:05.644  1741  3328 I chatty  : uid=1000(system) LazyTaskWriterT expire 2 lines
04-20 19:12:23.892  1741  2441 I chatty  : uid=1000(system) Binder:1741_7 expire 5 lines
04-20 19:12:23.957  1741 11121 I chatty  : uid=1000(system) Binder:1741_1E expire 2 lines
04-20 19:12:25.806  1741  2734 I chatty  : uid=1000(system) Binder:1741_9 expire 9 lines
04-20 19:12:26.760  1741  1766 I chatty  : uid=1000(system) android.display expire 2 lines
04-20 19:12:26.837  1741  1759 I chatty  : uid=1000(system) Binder:1741_1 expire 6 lines
04-20 19:12:28.154  1741  3126 I chatty  : uid=1000(system) Binder:1741_B expire 2 lines
04-20 19:12:28.718  1741  2434 I chatty  : uid=1000(system) Binder:1741_6 expire 1 line
04-20 19:12:30.232  1741  1787 I chatty  : uid=1000(system) PackageManager expire 27 lines
04-20 19:12:30.748  1741  2054 I chatty  : uid=1000(system) AccountManagerS expire 1 line
04-20 19:12:30.979  1741  5777 I chatty  : uid=1000(system) Binder:1741_14 expire 1 line
04-20 19:12:30.988  1741  1763 I chatty  : uid=1000(system) android.fg expire 1 line
04-20 19:12:31.001  1741  2047 I chatty  : uid=1000(system) Binder:1741_3 expire 1 line
04-20 19:12:31.026  1741  2501 I chatty  : uid=1000(system) Binder:1741_8 expire 4 lines
04-20 19:12:31.032  1741  9573 I chatty  : uid=1000(system) Binder:1741_1D expire 6 lines
04-20 19:12:31.182  1741  1763 I chatty  : uid=1000(system) android.fg expire 3 lines
04-20 19:12:31.228  1741  1767 I chatty  : uid=1000(system) android.anim expire 11 lines
04-20 19:12:31.239  1741  2501 I chatty  : uid=1000(system) Binder:1741_8 expire 2 lines
04-20 19:12:31.266  1741  1774 I chatty  : uid=1000(system) ActivityManager expire 5 lines
04-20 19:12:31.507  1741  4636 I chatty  : uid=1000(system) Binder:1741_10 expire 8 lines
04-20 19:12:31.550  1741  1772 I chatty  : uid=1000(system) android.bg expire 3 lines
04-20 19:12:31.625  1741  8491 I chatty  : uid=1000(system) Binder:1741_1C expire 6 lines
04-20 19:12:31.810  1741  1765 I chatty  : uid=1000(system) android.io expire 9 lines
04-20 19:12:31.971  1741  1741 I chatty  : uid=1000 system_server expire 16 lines
04-20 19:12:31.976  1741  2656 I chatty  : uid=1000(system) android.fg expire 6 lines
04-20 19:12:34.916  1741  5913 I chatty  : uid=1000(system) Binder:1741_15 expire 9 lines
04-20 19:12:34.965  1741  1759 I chatty  : uid=1000(system) Binder:1741_1 expire 8 lines
04-20 19:12:35.001  1741  1773 I chatty  : uid=1000(system) ActivityManager expire 7 lines
04-20 19:12:35.450  1741  5777 I chatty  : uid=1000(system) Binder:1741_14 expire 6 lines
04-20 19:12:37.368  7040 13173 E ActivityThread: Failed to find provider info for com.motorola.ccc.cce.datausage
04-20 19:12:38.820  7040 13192 E ActivityThread: Failed to find provider info for com.motorola.ccc.cce.datausage
04-20 19:12:39.885  1741  2441 I chatty  : uid=1000(system) Binder:1741_7 expire 6 lines
04-20 19:12:41.371  7040  7902 E ActivityThread: Failed to find provider info for com.motorola.ccc.cce.datausage
04-20 19:12:41.757  7040  7902 E ActivityThread: Failed to find provider info for com.motorola.ccc.cce.datausage
04-20 19:12:42.022  1741  2316 I chatty  : uid=1000(system) Binder:1741_4 expire 15 lines
04-20 19:12:42.754  7040 13283 E ActivityThread: Failed to find provider info for com.motorola.ccc.cce.datausage
04-20 19:12:42.961  7040 13192 E ActivityThread: Failed to find provider info for com.motorola.ccc.cce.datausage
04-20 19:12:43.083  7040 13173 E ActivityThread: Failed to find provider info for com.motorola.ccc.cce.datausage
04-20 19:12:43.084  7040 13284 E ActivityThread: Failed to find provider info for com.motorola.ccc.cce.datausage
04-20 19:12:43.086  1741  2392 I chatty  : uid=1000(system) Binder:1741_5 expire 1 line
04-20 19:12:43.462  7040 13192 E ActivityThread: Failed to find provider info for com.motorola.ccc.cce.datausage
04-20 19:12:43.588  7040 13283 E ActivityThread: Failed to find provider info for com.motorola.ccc.cce.datausage
04-20 19:12:44.495  7040 13173 E ActivityThread: Failed to find provider info for com.motorola.ccc.cce.datausage
04-20 19:12:45.533  7040 13284 E ActivityThread: Failed to find provider info for com.motorola.ccc.cce.datausage
04-20 19:12:49.203  1741  1767 I chatty  : uid=1000(system) android.anim expire 11 lines
04-20 19:13:00.703  1741  1766 I chatty  : uid=1000(system) android.display expire 3 lines
04-20 19:13:00.737  1741 11121 I chatty  : uid=1000(system) Binder:1741_1E expire 3 lines
04-20 19:13:00.755  1741 11669 I chatty  : uid=1000(system) Binder:1741_1F expire 3 lines
04-20 19:13:00.786  1741  3620 I chatty  : uid=1000(system) Binder:1741_F expire 7 lines
04-20 19:13:01.097  1741  5744 I chatty  : uid=1000(system) Binder:1741_13 expire 1 line
04-20 19:13:01.351  1741  3126 I chatty  : uid=1000(system) Binder:1741_B expire 2 lines
04-20 19:13:02.917  1741  2042 I chatty  : uid=1000(system) UEventObserver expire 1 line
04-20 19:13:03.721  1741  3328 I chatty  : uid=1000(system) LazyTaskWriterT expire 1 line
04-20 19:13:14.299  1741  1741 I chatty  : uid=1000 system_server expire 32 lines
04-20 19:13:14.384  1741  1773 I chatty  : uid=1000(system) ActivityManager expire 11 lines
04-20 19:13:14.454  1741  2047 I chatty  : uid=1000(system) Binder:1741_3 expire 6 lines
04-20 19:13:14.545  1741  1766 I chatty  : uid=1000(system) android.display expire 4 lines
04-20 19:13:14.557  1741  1772 I chatty  : uid=1000(system) android.bg expire 9 lines
04-20 19:13:14.602  2562  2562 E ExtAssistant: Error occurred processing removal of StatusBarNotification(pkg=com.google.android.setupwizard user=UserHandle{0} id=8 tag=null key=0|com.google.android.setupwizard|8|null|10130: Notification(channel=initial pri=0 contentView=null vibrate=null sound=null defaults=0x0 flags=0x862 color=0xff1a73e8 vis=PUBLIC))
04-20 19:13:14.602  2562  2562 E ExtAssistant: java.lang.NullPointerException: Attempt to invoke virtual method 'android.app.NotificationChannel android.ext.services.notification.NotificationEntry.getChannel()' on a null object reference
04-20 19:13:14.602  2562  2562 E ExtAssistant: 	at android.ext.services.notification.Assistant.onNotificationRemoved(Assistant.java:323)
04-20 19:13:14.602  2562  2562 E ExtAssistant: 	at android.service.notification.NotificationListenerService$MyHandler.handleMessage(NotificationListenerService.java:2043)
04-20 19:13:14.602  2562  2562 E ExtAssistant: 	at android.os.Handler.dispatchMessage(Handler.java:107)
04-20 19:13:14.602  2562  2562 E ExtAssistant: 	at android.os.Looper.loop(Looper.java:241)
04-20 19:13:14.602  2562  2562 E ExtAssistant: 	at android.app.ActivityThread.main(ActivityThread.java:7604)
04-20 19:13:14.602  2562  2562 E ExtAssistant: 	at java.lang.reflect.Method.invoke(Native Method)
04-20 19:13:14.602  2562  2562 E ExtAssistant: 	at com.android.internal.os.RuntimeInit$MethodAndArgsCaller.run(RuntimeInit.java:492)
04-20 19:13:14.602  2562  2562 E ExtAssistant: 	at com.android.internal.os.ZygoteInit.main(ZygoteInit.java:941)
04-20 19:13:14.742  1741  1763 I chatty  : uid=1000(system) android.fg expire 9 lines
04-20 19:13:14.749 11723 11723 E LoadedApk: Unable to instantiate appComponentFactory
04-20 19:13:14.749 11723 11723 E LoadedApk: java.lang.ClassNotFoundException: Didn't find class "com.google.android.gms.chimera.GmsAppComponentFactory" on path: DexPathList[[],nativeLibraryDirectories=[/product/priv-app/GmsCore/lib/arm, /product/priv-app/GmsCore/GmsCore.apk!/lib/armeabi-v7a, /system/lib, /product/lib, /system/lib, /product/lib]]
04-20 19:13:14.749 11723 11723 E LoadedApk: 	at dalvik.system.BaseDexClassLoader.findClass(BaseDexClassLoader.java:196)
04-20 19:13:14.749 11723 11723 E LoadedApk: 	at java.lang.ClassLoader.loadClass(ClassLoader.java:379)
04-20 19:13:14.749 11723 11723 E LoadedApk: 	at java.lang.ClassLoader.loadClass(ClassLoader.java:312)
04-20 19:13:14.749 11723 11723 E LoadedApk: 	at android.app.LoadedApk.createAppFactory(LoadedApk.java:256)
04-20 19:13:14.749 11723 11723 E LoadedApk: 	at android.app.LoadedApk.updateApplicationInfo(LoadedApk.java:370)
04-20 19:13:14.749 11723 11723 E LoadedApk: 	at android.app.ActivityThread.handleApplicationInfoChanged(ActivityThread.java:5917)
04-20 19:13:14.749 11723 11723 E LoadedApk: 	at android.app.ActivityThread$H.handleMessage(ActivityThread.java:2172)
04-20 19:13:14.749 11723 11723 E LoadedApk: 	at android.os.Handler.dispatchMessage(Handler.java:107)
04-20 19:13:14.749 11723 11723 E LoadedApk: 	at android.os.Looper.loop(Looper.java:241)
04-20 19:13:14.749 11723 11723 E LoadedApk: 	at android.app.ActivityThread.main(ActivityThread.java:7604)
04-20 19:13:14.749 11723 11723 E LoadedApk: 	at java.lang.reflect.Method.invoke(Native Method)
04-20 19:13:14.749 11723 11723 E LoadedApk: 	at com.android.internal.os.RuntimeInit$MethodAndArgsCaller.run(RuntimeInit.java:492)
04-20 19:13:14.749 11723 11723 E LoadedApk: 	at com.android.internal.os.ZygoteInit.main(ZygoteInit.java:941)
04-20 19:13:14.755  1741  2392 I chatty  : uid=1000(system) Binder:1741_5 expire 1 line
04-20 19:13:14.855 12890 12890 E LoadedApk: Unable to instantiate appComponentFactory
04-20 19:13:14.855 12890 12890 E LoadedApk: java.lang.ClassNotFoundException: Didn't find class "androidx.core.app.CoreComponentFactory" on path: DexPathList[[],nativeLibraryDirectories=[/system/priv-app/GooglePermissionControllerPrebuilt/lib/arm, /system/lib, /product/lib, /system/lib, /product/lib]]
04-20 19:13:14.855 12890 12890 E LoadedApk: 	at dalvik.system.BaseDexClassLoader.findClass(BaseDexClassLoader.java:196)
04-20 19:13:14.855 12890 12890 E LoadedApk: 	at java.lang.ClassLoader.loadClass(ClassLoader.java:379)
04-20 19:13:14.855 12890 12890 E LoadedApk: 	at java.lang.ClassLoader.loadClass(ClassLoader.java:312)
04-20 19:13:14.855 12890 12890 E LoadedApk: 	at android.app.LoadedApk.createAppFactory(LoadedApk.java:256)
04-20 19:13:14.855 12890 12890 E LoadedApk: 	at android.app.LoadedApk.updateApplicationInfo(LoadedApk.java:370)
04-20 19:13:14.855 12890 12890 E LoadedApk: 	at android.app.ActivityThread.handleApplicationInfoChanged(ActivityThread.java:5917)
04-20 19:13:14.855 12890 12890 E LoadedApk: 	at android.app.ActivityThread$H.handleMessage(ActivityThread.java:2172)
04-20 19:13:14.855 12890 12890 E LoadedApk: 	at android.os.Handler.dispatchMessage(Handler.java:107)
04-20 19:13:14.855 12890 12890 E LoadedApk: 	at android.os.Looper.loop(Looper.java:241)
04-20 19:13:14.855 12890 12890 E LoadedApk: 	at android.app.ActivityThread.main(ActivityThread.java:7604)
04-20 19:13:14.855 12890 12890 E LoadedApk: 	at java.lang.reflect.Method.invoke(Native Method)
04-20 19:13:14.855 12890 12890 E LoadedApk: 	at com.android.internal.os.RuntimeInit$MethodAndArgsCaller.run(RuntimeInit.java:492)
04-20 19:13:14.855 12890 12890 E LoadedApk: 	at com.android.internal.os.ZygoteInit.main(ZygoteInit.java:941)
04-20 19:13:14.865  2309  2309 E LoadedApk: Unable to instantiate appComponentFactory
04-20 19:13:14.865  2309  2309 E LoadedApk: java.lang.ClassNotFoundException: Didn't find class "androidx.core.app.CoreComponentFactory" on path: DexPathList[[],nativeLibraryDirectories=[/product/priv-app/SystemUI/lib/arm, /system/lib, /product/lib, /system/lib, /product/lib]]
04-20 19:13:14.865  2309  2309 E LoadedApk: 	at dalvik.system.BaseDexClassLoader.findClass(BaseDexClassLoader.java:196)
04-20 19:13:14.865  2309  2309 E LoadedApk: 	at java.lang.ClassLoader.loadClass(ClassLoader.java:379)
04-20 19:13:14.865  2309  2309 E LoadedApk: 	at java.lang.ClassLoader.loadClass(ClassLoader.java:312)
04-20 19:13:14.865  2309  2309 E LoadedApk: 	at android.app.LoadedApk.createAppFactory(LoadedApk.java:256)
04-20 19:13:14.865  2309  2309 E LoadedApk: 	at android.app.LoadedApk.updateApplicationInfo(LoadedApk.java:370)
04-20 19:13:14.865  2309  2309 E LoadedApk: 	at android.app.ActivityThread.handleApplicationInfoChanged(ActivityThread.java:5917)
04-20 19:13:14.865  2309  2309 E LoadedApk: 	at android.app.ActivityThread$H.handleMessage(ActivityThread.java:2172)
04-20 19:13:14.865  2309  2309 E LoadedApk: 	at android.os.Handler.dispatchMessage(Handler.java:107)
04-20 19:13:14.865  2309  2309 E LoadedApk: 	at android.os.Looper.loop(Looper.java:241)
04-20 19:13:14.865  2309  2309 E LoadedApk: 	at android.app.ActivityThread.main(ActivityThread.java:7604)
04-20 19:13:14.865  2309  2309 E LoadedApk: 	at java.lang.reflect.Method.invoke(Native Method)
04-20 19:13:14.865  2309  2309 E LoadedApk: 	at com.android.internal.os.RuntimeInit$MethodAndArgsCaller.run(RuntimeInit.java:492)
04-20 19:13:14.865  2309  2309 E LoadedApk: 	at com.android.internal.os.ZygoteInit.main(ZygoteInit.java:941)
04-20 19:13:14.877  1741  1767 I chatty  : uid=1000(system) android.anim expire 22 lines
04-20 19:13:15.032  2562  2562 E LoadedApk: Unable to instantiate appComponentFactory
04-20 19:13:15.032  2562  2562 E LoadedApk: java.lang.ClassNotFoundException: Didn't find class "com.google.android.finsky.appcomponentfactory.PhoneskyAppComponentFactory" on path: DexPathList[[],nativeLibraryDirectories=[/product/priv-app/Phonesky/lib/arm, /product/priv-app/Phonesky/Phonesky.apk!/lib/armeabi-v7a, /system/lib, /product/lib, /system/lib, /product/lib]]
04-20 19:13:15.032  2562  2562 E LoadedApk: 	at dalvik.system.BaseDexClassLoader.findClass(BaseDexClassLoader.java:196)
04-20 19:13:15.032  2562  2562 E LoadedApk: 	at java.lang.ClassLoader.loadClass(ClassLoader.java:379)
04-20 19:13:15.032  2562  2562 E LoadedApk: 	at java.lang.ClassLoader.loadClass(ClassLoader.java:312)
04-20 19:13:15.032  2562  2562 E LoadedApk: 	at android.app.LoadedApk.createAppFactory(LoadedApk.java:256)
04-20 19:13:15.032  2562  2562 E LoadedApk: 	at android.app.LoadedApk.updateApplicationInfo(LoadedApk.java:370)
04-20 19:13:15.032  2562  2562 E LoadedApk: 	at android.app.ActivityThread.getPackageInfo(ActivityThread.java:2502)
04-20 19:13:15.032  2562  2562 E LoadedApk: 	at android.app.ActivityThread.getPackageInfo(ActivityThread.java:2459)
04-20 19:13:15.032  2562  2562 E LoadedApk: 	at android.app.ContextImpl.createApplicationContext(ContextImpl.java:2171)
04-20 19:13:15.032  2562  2562 E LoadedApk: 	at android.content.ContextWrapper.createApplicationContext(ContextWrapper.java:899)
04-20 19:13:15.032  2562  2562 E LoadedApk: 	at android.app.Notification$Builder.recoverBuilder(Notification.java:5856)
04-20 19:13:15.032  2562  2562 E LoadedApk: 	at android.ext.services.notification.NotificationEntry.cloneNotificationLight(NotificationEntry.java:121)
04-20 19:13:15.032  2562  2562 E LoadedApk: 	at android.ext.services.notification.NotificationEntry.cloneStatusBarNotificationLight(NotificationEntry.java:139)
04-20 19:13:15.032  2562  2562 E LoadedApk: 	at android.ext.services.notification.NotificationEntry.<init>(NotificationEntry.java:75)
04-20 19:13:15.032  2562  2562 E LoadedApk: 	at android.ext.services.notification.Assistant.onNotificationPosted(Assistant.java:293)
04-20 19:13:15.032  2562  2562 E LoadedApk: 	at android.service.notification.NotificationListenerService$MyHandler.handleMessage(NotificationListenerService.java:2033)
04-20 19:13:15.032  2562  2562 E LoadedApk: 	at android.os.Handler.dispatchMessage(Handler.java:107)
04-20 19:13:15.032  2562  2562 E LoadedApk: 	at android.os.Looper.loop(Looper.java:241)
04-20 19:13:15.032  2562  2562 E LoadedApk: 	at android.app.ActivityThread.main(ActivityThread.java:7604)
04-20 19:13:15.032  2562  2562 E LoadedApk: 	at java.lang.reflect.Method.invoke(Native Method)
04-20 19:13:15.032  2562  2562 E LoadedApk: 	at com.android.internal.os.RuntimeInit$MethodAndArgsCaller.run(RuntimeInit.java:492)
04-20 19:13:15.032  2562  2562 E LoadedApk: 	at com.android.internal.os.ZygoteInit.main(ZygoteInit.java:941)
04-20 19:13:15.300  2309 12996 E LoadedApk: Unable to instantiate appComponentFactory
04-20 19:13:15.300  2309 12996 E LoadedApk: java.lang.ClassNotFoundException: Didn't find class "com.google.android.finsky.appcomponentfactory.PhoneskyAppComponentFactory" on path: DexPathList[[],nativeLibraryDirectories=[/product/priv-app/SystemUI/lib/arm, /system/lib, /product/lib, /system/lib, /product/lib]]
04-20 19:13:15.300  2309 12996 E LoadedApk: 	at dalvik.system.BaseDexClassLoader.findClass(BaseDexClassLoader.java:196)
04-20 19:13:15.300  2309 12996 E LoadedApk: 	at java.lang.ClassLoader.loadClass(ClassLoader.java:379)
04-20 19:13:15.300  2309 12996 E LoadedApk: 	at java.lang.ClassLoader.loadClass(ClassLoader.java:312)
04-20 19:13:15.300  2309 12996 E LoadedApk: 	at android.app.LoadedApk.createAppFactory(LoadedApk.java:256)
04-20 19:13:15.300  2309 12996 E LoadedApk: 	at android.app.LoadedApk.updateApplicationInfo(LoadedApk.java:370)
04-20 19:13:15.300  2309 12996 E LoadedApk: 	at android.app.ActivityThread.getPackageInfo(ActivityThread.java:2502)
04-20 19:13:15.300  2309 12996 E LoadedApk: 	at android.app.ActivityThread.getPackageInfo(ActivityThread.java:2459)
04-20 19:13:15.300  2309 12996 E LoadedApk: 	at android.app.ContextImpl.createApplicationContext(ContextImpl.java:2171)
04-20 19:13:15.300  2309 12996 E LoadedApk: 	at android.content.ContextWrapper.createApplicationContext(ContextWrapper.java:899)
04-20 19:13:15.300  2309 12996 E LoadedApk: 	at android.service.notification.StatusBarNotification.getPackageContext(StatusBarNotification.java:397)
04-20 19:13:15.300  2309 12996 E LoadedApk: 	at com.android.systemui.statusbar.notification.row.NotificationContentInflater$AsyncInflationTask.doInBackground(NotificationContentInflater.java:997)
04-20 19:13:15.300  2309 12996 E LoadedApk: 	at com.android.systemui.statusbar.notification.row.NotificationContentInflater$AsyncInflationTask.doInBackground(NotificationContentInflater.java:935)
04-20 19:13:15.300  2309 12996 E LoadedApk: 	at android.os.AsyncTask$3.call(AsyncTask.java:378)
04-20 19:13:15.300  2309 12996 E LoadedApk: 	at java.util.concurrent.FutureTask.run(FutureTask.java:266)
04-20 19:13:15.300  2309 12996 E LoadedApk: 	at android.os.AsyncTask$SerialExecutor$1.run(AsyncTask.java:289)
04-20 19:13:15.300  2309 12996 E LoadedApk: 	at java.util.concurrent.ThreadPoolExecutor.runWorker(ThreadPoolExecutor.java:1167)
04-20 19:13:15.300  2309 12996 E LoadedApk: 	at java.util.concurrent.ThreadPoolExecutor$Worker.run(ThreadPoolExecutor.java:641)
04-20 19:13:15.300  2309 12996 E LoadedApk: 	at java.lang.Thread.run(Thread.java:919)
04-20 19:13:15.322  2309 13585 E LoadedApk: Unable to instantiate appComponentFactory
04-20 19:13:15.322  2309 13585 E LoadedApk: java.lang.ClassNotFoundException: Didn't find class "androidx.core.app.CoreComponentFactory" on path: DexPathList[[],nativeLibraryDirectories=[/product/priv-app/SystemUI/lib/arm, /system/lib, /product/lib, /system/lib, /product/lib]]
04-20 19:13:15.322  2309 13585 E LoadedApk: 	at dalvik.system.BaseDexClassLoader.findClass(BaseDexClassLoader.java:196)
04-20 19:13:15.322  2309 13585 E LoadedApk: 	at java.lang.ClassLoader.loadClass(ClassLoader.java:379)
04-20 19:13:15.322  2309 13585 E LoadedApk: 	at java.lang.ClassLoader.loadClass(ClassLoader.java:312)
04-20 19:13:15.322  2309 13585 E LoadedApk: 	at android.app.LoadedApk.createAppFactory(LoadedApk.java:256)
04-20 19:13:15.322  2309 13585 E LoadedApk: 	at android.app.LoadedApk.updateApplicationInfo(LoadedApk.java:370)
04-20 19:13:15.322  2309 13585 E LoadedApk: 	at android.app.ActivityThread.getPackageInfo(ActivityThread.java:2502)
04-20 19:13:15.322  2309 13585 E LoadedApk: 	at android.app.ActivityThread.getPackageInfo(ActivityThread.java:2459)
04-20 19:13:15.322  2309 13585 E LoadedApk: 	at android.app.ContextImpl.createApplicationContext(ContextImpl.java:2171)
04-20 19:13:15.322  2309 13585 E LoadedApk: 	at android.content.ContextWrapper.createApplicationContext(ContextWrapper.java:899)
04-20 19:13:15.322  2309 13585 E LoadedApk: 	at android.service.notification.StatusBarNotification.getPackageContext(StatusBarNotification.java:397)
04-20 19:13:15.322  2309 13585 E LoadedApk: 	at com.android.systemui.statusbar.notification.row.NotificationContentInflater$AsyncInflationTask.doInBackground(NotificationContentInflater.java:997)
04-20 19:13:15.322  2309 13585 E LoadedApk: 	at com.android.systemui.statusbar.notification.row.NotificationContentInflater$AsyncInflationTask.doInBackground(NotificationContentInflater.java:935)
04-20 19:13:15.322  2309 13585 E LoadedApk: 	at android.os.AsyncTask$3.call(AsyncTask.java:378)
04-20 19:13:15.322  2309 13585 E LoadedApk: 	at java.util.concurrent.FutureTask.run(FutureTask.java:266)
04-20 19:13:15.322  2309 13585 E LoadedApk: 	at android.os.AsyncTask$SerialExecutor$1.run(AsyncTask.java:289)
04-20 19:13:15.322  2309 13585 E LoadedApk: 	at java.util.concurrent.ThreadPoolExecutor.runWorker(ThreadPoolExecutor.java:1167)
04-20 19:13:15.322  2309 13585 E LoadedApk: 	at java.util.concurrent.ThreadPoolExecutor$Worker.run(ThreadPoolExecutor.java:641)
04-20 19:13:15.322  2309 13585 E LoadedApk: 	at java.lang.Thread.run(Thread.java:919)
04-20 19:13:15.337  2309 12996 E LoadedApk: Unable to instantiate appComponentFactory
04-20 19:13:15.337  2309 12996 E LoadedApk: java.lang.ClassNotFoundException: Didn't find class "androidx.core.app.CoreComponentFactory" on path: DexPathList[[],nativeLibraryDirectories=[/product/priv-app/SystemUI/lib/arm, /system/lib, /product/lib, /system/lib, /product/lib]]
04-20 19:13:15.337  2309 12996 E LoadedApk: 	at dalvik.system.BaseDexClassLoader.findClass(BaseDexClassLoader.java:196)
04-20 19:13:15.337  2309 12996 E LoadedApk: 	at java.lang.ClassLoader.loadClass(ClassLoader.java:379)
04-20 19:13:15.337  2309 12996 E LoadedApk: 	at java.lang.ClassLoader.loadClass(ClassLoader.java:312)
04-20 19:13:15.337  2309 12996 E LoadedApk: 	at android.app.LoadedApk.createAppFactory(LoadedApk.java:256)
04-20 19:13:15.337  2309 12996 E LoadedApk: 	at android.app.LoadedApk.updateApplicationInfo(LoadedApk.java:370)
04-20 19:13:15.337  2309 12996 E LoadedApk: 	at android.app.ActivityThread.getPackageInfo(ActivityThread.java:2502)
04-20 19:13:15.337  2309 12996 E LoadedApk: 	at android.app.ActivityThread.getPackageInfo(ActivityThread.java:2459)
04-20 19:13:15.337  2309 12996 E LoadedApk: 	at android.app.ContextImpl.createApplicationContext(ContextImpl.java:2171)
04-20 19:13:15.337  2309 12996 E LoadedApk: 	at android.content.ContextWrapper.createApplicationContext(ContextWrapper.java:899)
04-20 19:13:15.337  2309 12996 E LoadedApk: 	at android.service.notification.StatusBarNotification.getPackageContext(StatusBarNotification.java:397)
04-20 19:13:15.337  2309 12996 E LoadedApk: 	at com.android.systemui.statusbar.notification.row.NotificationContentInflater$AsyncInflationTask.doInBackground(NotificationContentInflater.java:997)
04-20 19:13:15.337  2309 12996 E LoadedApk: 	at com.android.systemui.statusbar.notification.row.NotificationContentInflater$AsyncInflationTask.doInBackground(NotificationContentInflater.java:935)
04-20 19:13:15.337  2309 12996 E LoadedApk: 	at android.os.AsyncTask$3.call(AsyncTask.java:378)
04-20 19:13:15.337  2309 12996 E LoadedApk: 	at java.util.concurrent.FutureTask.run(FutureTask.java:266)
04-20 19:13:15.337  2309 12996 E LoadedApk: 	at android.os.AsyncTask$SerialExecutor$1.run(AsyncTask.java:289)
04-20 19:13:15.337  2309 12996 E LoadedApk: 	at java.util.concurrent.ThreadPoolExecutor.runWorker(ThreadPoolExecutor.java:1167)
04-20 19:13:15.337  2309 12996 E LoadedApk: 	at java.util.concurrent.ThreadPoolExecutor$Worker.run(ThreadPoolExecutor.java:641)
04-20 19:13:15.337  2309 12996 E LoadedApk: 	at java.lang.Thread.run(Thread.java:919)
04-20 19:13:15.402  2309  2309 E LoadedApk: Unable to instantiate appComponentFactory
04-20 19:13:15.402  2309  2309 E LoadedApk: java.lang.ClassNotFoundException: Didn't find class "androidx.core.app.CoreComponentFactory" on path: DexPathList[[],nativeLibraryDirectories=[/product/priv-app/SystemUI/lib/arm, /system/lib, /product/lib, /system/lib, /product/lib]]
04-20 19:13:15.402  2309  2309 E LoadedApk: 	at dalvik.system.BaseDexClassLoader.findClass(BaseDexClassLoader.java:196)
04-20 19:13:15.402  2309  2309 E LoadedApk: 	at java.lang.ClassLoader.loadClass(ClassLoader.java:379)
04-20 19:13:15.402  2309  2309 E LoadedApk: 	at java.lang.ClassLoader.loadClass(ClassLoader.java:312)
04-20 19:13:15.402  2309  2309 E LoadedApk: 	at android.app.LoadedApk.createAppFactory(LoadedApk.java:256)
04-20 19:13:15.402  2309  2309 E LoadedApk: 	at android.app.LoadedApk.updateApplicationInfo(LoadedApk.java:370)
04-20 19:13:15.402  2309  2309 E LoadedApk: 	at android.app.ActivityThread.getPackageInfo(ActivityThread.java:2414)
04-20 19:13:15.402  2309  2309 E LoadedApk: 	at android.app.ContextImpl.createPackageContextAsUser(ContextImpl.java:2206)
04-20 19:13:15.402  2309  2309 E LoadedApk: 	at android.app.ContextImpl.createPackageContext(ContextImpl.java:2193)
04-20 19:13:15.402  2309  2309 E LoadedApk: 	at android.content.ContextWrapper.createPackageContext(ContextWrapper.java:884)
04-20 19:13:15.402  2309  2309 E LoadedApk: 	at com.android.systemui.statusbar.policy.PreviewInflater.inflateWidgetView(PreviewInflater.java:96)
04-20 19:13:15.402  2309  2309 E LoadedApk: 	at com.android.systemui.statusbar.policy.PreviewInflater.inflatePreview(PreviewInflater.java:84)
04-20 19:13:15.402  2309  2309 E LoadedApk: 	at com.android.systemui.statusbar.policy.PreviewInflater.inflatePreview(PreviewInflater.java:72)
04-20 19:13:15.402  2309  2309 E LoadedApk: 	at com.android.systemui.statusbar.phone.KeyguardBottomAreaView.inflateCameraPreview(KeyguardBottomAreaView.java:845)
04-20 19:13:15.402  2309  2309 E LoadedApk: 	at com.android.systemui.statusbar.phone.KeyguardBottomAreaView.onFinishInflate(KeyguardBottomAreaView.java:297)
04-20 19:13:15.402  2309  2309 E LoadedApk: 	at android.view.LayoutInflater.rInflate(LayoutInflater.java:1136)
04-20 19:13:15.402  2309  2309 E LoadedApk: 	at android.view.LayoutInflater.rInflateChildren(LayoutInflater.java:1084)
04-20 19:13:15.402  2309  2309 E LoadedApk: 	at android.view.LayoutInflater.inflate(LayoutInflater.java:682)
04-20 19:13:15.402  2309  2309 E LoadedApk: 	at android.view.LayoutInflater.inflate(LayoutInflater.java:534)
04-20 19:13:15.402  2309  2309 E LoadedApk: 	at com.android.systemui.statusbar.phone.NotificationPanelView.reInflateViews(NotificationPanelView.java:603)
04-20 19:13:15.402  2309  2309 E LoadedApk: 	at com.android.systemui.statusbar.phone.NotificationPanelView.onOverlayChanged(NotificationPanelView.java:577)
04-20 19:13:15.402  2309  2309 E LoadedApk: 	at com.android.systemui.statusbar.phone.ConfigurationControllerImpl.onConfigurationChanged(ConfigurationControllerImpl.kt:99)
04-20 19:13:15.402  2309  2309 E LoadedApk: 	at com.android.systemui.Dependency.lambda$onConfigurationChanged$3(Dependency.java:561)
04-20 19:13:15.402  2309  2309 E LoadedApk: 	at com.android.systemui.-$$Lambda$Dependency$F_ZbJwaRJMSMhagdfjMoQK4xWCw.run(Unknown Source:4)
04-20 19:13:15.402  2309  2309 E LoadedApk: 	at android.os.Handler.handleCallback(Handler.java:883)
04-20 19:13:15.402  2309  2309 E LoadedApk: 	at android.os.Handler.dispatchMessage(Handler.java:100)
04-20 19:13:15.402  2309  2309 E LoadedApk: 	at android.os.Looper.loop(Looper.java:241)
04-20 19:13:15.402  2309  2309 E LoadedApk: 	at android.app.ActivityThread.main(ActivityThread.java:7604)
04-20 19:13:15.402  2309  2309 E LoadedApk: 	at java.lang.reflect.Method.invoke(Native Method)
04-20 19:13:15.402  2309  2309 E LoadedApk: 	at com.android.internal.os.RuntimeInit$MethodAndArgsCaller.run(RuntimeInit.java:492)
04-20 19:13:15.402  2309  2309 E LoadedApk: 	at com.android.internal.os.ZygoteInit.main(ZygoteInit.java:941)
04-20 19:13:15.427  1741  2656 I chatty  : uid=1000(system) android.fg expire 5 lines
04-20 19:13:15.507  1741  6555 I chatty  : uid=1000(system) Binder:1741_1A expire 1 line
04-20 19:13:15.566  1741  2734 I chatty  : uid=1000(system) Binder:1741_9 expire 5 lines
04-20 19:13:15.763 13592 13592 D ActivityThread: Loading provider contacts;com.android.contacts: com.android.providers.contacts.ContactsProvider2
04-20 19:13:16.335  1741  2042 I chatty  : uid=1000(system) UEventObserver expire 4 lines
04-20 19:13:16.867  1741  3613 I chatty  : uid=1000(system) Binder:1741_E expire 2 lines
04-20 19:13:17.333  1741  3328 I chatty  : uid=1000(system) LazyTaskWriterT expire 1 line
04-20 19:13:23.379  1741  6001 I chatty  : uid=1000(system) Binder:1741_16 expire 4 lines
04-20 19:13:24.645  1741  1774 I chatty  : uid=1000(system) ActivityManager expire 7 lines
04-20 19:13:25.533  1741  5262 I chatty  : uid=1000(system) Binder:1741_12 expire 8 lines
04-20 19:13:27.742  1741  3388 I chatty  : uid=1000(system) Binder:1741_C expire 3 lines
04-20 19:13:28.003  1741  2809 I chatty  : uid=1000(system) Binder:1741_A expire 5 lines
04-20 19:13:36.361  1741  9573 I chatty  : uid=1000(system) Binder:1741_1D expire 1 line
04-20 19:13:36.361  1741  2316 I chatty  : uid=1000(system) Binder:1741_4 expire 3 lines
04-20 19:13:36.361  1741  2247 I chatty  : uid=1000(system) ConnectivitySer expire 1 line
04-20 19:13:37.408  1741  1760 I chatty  : uid=1000(system) Binder:1741_2 expire 1 line
04-20 19:13:37.505  1741  3580 I chatty  : uid=1000(system) Binder:1741_D expire 1 line
04-20 19:13:37.945  3553 13996 E LoadedApk: Unable to instantiate appComponentFactory
04-20 19:13:37.945  3553 13996 E LoadedApk: java.lang.ClassNotFoundException: Didn't find class "androidx.core.app.CoreComponentFactory" on path: DexPathList[[],nativeLibraryDirectories=[/product/priv-app/Velvet/lib/arm, /product/priv-app/Velvet/Velvet.apk!/lib/armeabi-v7a, /system/lib, /product/lib, /system/lib, /product/lib]]
04-20 19:13:37.945  3553 13996 E LoadedApk: 	at dalvik.system.BaseDexClassLoader.findClass(BaseDexClassLoader.java:196)
04-20 19:13:37.945  3553 13996 E LoadedApk: 	at java.lang.ClassLoader.loadClass(ClassLoader.java:379)
04-20 19:13:37.945  3553 13996 E LoadedApk: 	at java.lang.ClassLoader.loadClass(ClassLoader.java:312)
04-20 19:13:37.945  3553 13996 E LoadedApk: 	at android.app.LoadedApk.createAppFactory(LoadedApk.java:256)
04-20 19:13:37.945  3553 13996 E LoadedApk: 	at android.app.LoadedApk.updateApplicationInfo(LoadedApk.java:370)
04-20 19:13:37.945  3553 13996 E LoadedApk: 	at android.app.ActivityThread.getPackageInfo(ActivityThread.java:2502)
04-20 19:13:37.945  3553 13996 E LoadedApk: 	at android.app.ActivityThread.getPackageInfo(ActivityThread.java:2459)
04-20 19:13:37.945  3553 13996 E LoadedApk: 	at android.app.ContextImpl.createApplicationContext(ContextImpl.java:2171)
04-20 19:13:37.945  3553 13996 E LoadedApk: 	at android.content.ContextWrapper.createApplicationContext(ContextWrapper.java:899)
04-20 19:13:37.945  3553 13996 E LoadedApk: 	at android.widget.RemoteViews.getContextForResources(RemoteViews.java:3670)
04-20 19:13:37.945  3553 13996 E LoadedApk: 	at android.widget.RemoteViews.inflateView(RemoteViews.java:3403)
04-20 19:13:37.945  3553 13996 E LoadedApk: 	at android.widget.RemoteViews.inflateView(RemoteViews.java:3394)
04-20 19:13:37.945  3553 13996 E LoadedApk: 	at android.widget.RemoteViews.access$2400(RemoteViews.java:125)
04-20 19:13:37.945  3553 13996 E LoadedApk: 	at android.widget.RemoteViews$AsyncApplyTask.doInBackground(RemoteViews.java:3506)
04-20 19:13:37.945  3553 13996 E LoadedApk: 	at android.widget.RemoteViews$AsyncApplyTask.doInBackground(RemoteViews.java:3477)
04-20 19:13:37.945  3553 13996 E LoadedApk: 	at android.os.AsyncTask$3.call(AsyncTask.java:378)
04-20 19:13:37.945  3553 13996 E LoadedApk: 	at java.util.concurrent.FutureTask.run(FutureTask.java:266)
04-20 19:13:37.945  3553 13996 E LoadedApk: 	at java.util.concurrent.ThreadPoolExecutor.runWorker(ThreadPoolExecutor.java:1167)
04-20 19:13:37.945  3553 13996 E LoadedApk: 	at java.util.concurrent.ThreadPoolExecutor$Worker.run(ThreadPoolExecutor.java:641)
04-20 19:13:37.945  3553 13996 E LoadedApk: 	at java.lang.Thread.run(Thread.java:919)
04-20 19:13:38.192  1741  1741 I chatty  : uid=1000 system_server expire 7 lines
04-20 19:13:38.219  1741  1767 I chatty  : uid=1000(system) android.anim expire 1 line
04-20 19:13:38.511  1741  5744 I chatty  : uid=1000(system) Binder:1741_13 expire 6 lines
04-20 19:13:38.721  1741  5777 I chatty  : uid=1000(system) Binder:1741_14 expire 1 line
04-20 19:13:39.709  1741 11121 I chatty  : uid=1000(system) Binder:1741_1E expire 2 lines
04-20 19:13:51.426  1741  8491 I chatty  : uid=1000(system) Binder:1741_1C expire 2 lines
04-20 19:13:51.468  1741  1767 I chatty  : uid=1000(system) android.anim expire 18 lines
04-20 19:13:51.656  1741  6001 I chatty  : uid=1000(system) Binder:1741_16 expire 5 lines
04-20 19:13:51.688  1741  1774 I chatty  : uid=1000(system) ActivityManager expire 6 lines
04-20 19:13:51.699  1741  3613 I chatty  : uid=1000(system) Binder:1741_E expire 7 lines
04-20 19:13:51.819  1741  1777 I chatty  : uid=1000(system) batterystats-wo expire 1 line
04-20 19:13:51.911  1741  3620 I chatty  : uid=1000(system) Binder:1741_F expire 5 lines
04-20 19:13:55.557  1741  6926 I chatty  : uid=1000(system) Binder:1741_1B expire 11 lines
04-20 19:13:55.668  1741  1759 I chatty  : uid=1000(system) Binder:1741_1 expire 2 lines
04-20 19:13:56.211  1741  2042 I chatty  : uid=1000(system) UEventObserver expire 2 lines
04-20 19:13:56.426  1741  1766 I chatty  : uid=1000(system) android.display expire 3 lines
04-20 19:13:56.687  1741  5262 I chatty  : uid=1000(system) Binder:1741_12 expire 1 line
04-20 19:13:57.673  1741  2128 I chatty  : uid=1000(system) HwBinder:1741_3 expire 1 line
04-20 19:13:57.677  1741  2392 I chatty  : uid=1000(system) Binder:1741_5 expire 4 lines
04-20 19:14:08.153  1741  2809 I chatty  : uid=1000(system) Binder:1741_A expire 1 line
04-20 19:14:08.154  1741  2247 I chatty  : uid=1000(system) ConnectivitySer expire 1 line
04-20 19:14:08.154  1741  6555 I chatty  : uid=1000(system) Binder:1741_1A expire 1 line
04-20 19:14:08.155  1741  3126 I chatty  : uid=1000(system) Binder:1741_B expire 1 line
04-20 19:14:12.131  1741  1773 I chatty  : uid=1000(system) ActivityManager expire 20 lines
04-20 19:14:16.440  1741  1787 I chatty  : uid=1000(system) PackageManager expire 29 lines
04-20 19:14:16.599  1741  9573 I chatty  : uid=1000(system) Binder:1741_1D expire 8 lines
04-20 19:14:19.347  1741  2054 I chatty  : uid=1000(system) AccountManagerS expire 1 line
04-20 19:14:19.360  1741  1741 I chatty  : uid=1000 system_server expire 9 lines
04-20 19:14:19.362  1741  2656 I chatty  : uid=1000(system) android.fg expire 4 lines
04-20 19:14:19.627  1741  1763 I chatty  : uid=1000(system) android.fg expire 6 lines
04-20 19:14:20.117  1741  1772 I chatty  : uid=1000(system) android.bg expire 4 lines
04-20 19:14:20.496  1741  5913 I chatty  : uid=1000(system) Binder:1741_15 expire 6 lines
04-20 19:14:20.615  1741 11669 I chatty  : uid=1000(system) Binder:1741_1F expire 1 line
04-20 19:14:21.392  1741 11671 I chatty  : uid=1000(system) Binder:1741_20 expire 3 lines
04-20 19:14:23.707  1741  1787 I chatty  : uid=1000(system) PackageManager expire 55 lines
04-20 19:14:23.738  1741  1766 I chatty  : uid=1000(system) android.display expire 6 lines
04-20 19:14:23.858  1741  1763 I chatty  : uid=1000(system) android.fg expire 5 lines
04-20 19:14:23.864  1741  1741 I chatty  : uid=1000 system_server expire 16 lines
04-20 19:14:24.935  1741  5913 I chatty  : uid=1000(system) Binder:1741_15 expire 2 lines
04-20 19:14:26.728  1741  1774 I chatty  : uid=1000(system) ActivityManager expire 18 lines
04-20 19:14:26.989  1741  2042 I chatty  : uid=1000(system) UEventObserver expire 2 lines
04-20 19:14:29.174  1741  3126 I chatty  : uid=1000(system) Binder:1741_B expire 2 lines
04-20 19:14:29.974 14506 14506 W ActivityThread: serviceCreate starts in 3216 ms, CreateServiceData = CreateServiceData{token=android.os.BinderProxy@804c48 className=com.google.android.finsky.setup.PlaySetupServiceV2 packageName=com.android.vending intent=null}
04-20 19:14:31.128  1741  3388 I chatty  : uid=1000(system) Binder:1741_C expire 1 line
04-20 19:14:31.222  1741  3580 I chatty  : uid=1000(system) Binder:1741_D expire 2 lines
04-20 19:14:31.569  1741  1764 I chatty  : uid=1000(system) android.ui expire 1 line
04-20 19:14:31.618  1741  2656 I chatty  : uid=1000(system) android.fg expire 3 lines
04-20 19:14:31.696  1741  2054 I chatty  : uid=1000(system) AccountManagerS expire 1 line
04-20 19:14:31.787  1741  8491 I chatty  : uid=1000(system) Binder:1741_1C expire 1 line
04-20 19:14:31.804  1741  2434 I chatty  : uid=1000(system) Binder:1741_6 expire 2 lines
04-20 19:14:31.804  1741  6540 I chatty  : uid=1000(system) Binder:1741_19 expire 1 line
04-20 19:14:31.804  1741  2247 I chatty  : uid=1000(system) ConnectivitySer expire 1 line
04-20 19:14:32.024  1741  2316 I chatty  : uid=1000(system) Binder:1741_4 expire 1 line
04-20 19:14:32.230  1741  6555 I chatty  : uid=1000(system) Binder:1741_1A expire 1 line
04-20 19:14:32.314  1741  2809 I chatty  : uid=1000(system) Binder:1741_A expire 1 line
04-20 19:14:32.553  1741  1772 I chatty  : uid=1000(system) android.bg expire 1 line
04-20 19:14:33.114  1741  5744 I chatty  : uid=1000(system) Binder:1741_13 expire 2 lines
04-20 19:14:33.161  1741  1760 I chatty  : uid=1000(system) Binder:1741_2 expire 1 line
04-20 19:14:33.188  1741  6427 I chatty  : uid=1000(system) Binder:1741_18 expire 2 lines
04-20 19:14:33.400 14919 14919 D ActivityThread: Loading provider contacts;com.android.contacts: com.android.providers.contacts.ContactsProvider2
04-20 19:14:33.485  1741  2734 I chatty  : uid=1000(system) Binder:1741_9 expire 1 line
04-20 19:14:35.130  1741  2047 I chatty  : uid=1000(system) Binder:1741_3 expire 7 lines
04-20 19:14:35.600  1741  5262 I chatty  : uid=1000(system) Binder:1741_12 expire 1 line
04-20 19:14:36.918  1741  1773 I chatty  : uid=1000(system) ActivityManager expire 21 lines
04-20 19:14:36.972  1741  5777 I chatty  : uid=1000(system) Binder:1741_14 expire 1 line
04-20 19:14:38.038  1741  4851 I chatty  : uid=1000(system) Binder:1741_11 expire 2 lines
04-20 19:14:38.038  1741  1763 I chatty  : uid=1000(system) android.fg expire 11 lines
04-20 19:14:38.268  1741  1772 I chatty  : uid=1000(system) android.bg expire 4 lines
04-20 19:14:38.427  1741  6174 I chatty  : uid=1000(system) Binder:1741_17 expire 5 lines
04-20 19:14:38.442  1741  1774 I chatty  : uid=1000(system) ActivityManager expire 7 lines
04-20 19:14:38.514  1741 11669 I chatty  : uid=1000(system) Binder:1741_1F expire 5 lines
04-20 19:14:38.672  1741  3613 I chatty  : uid=1000(system) Binder:1741_E expire 1 line
04-20 19:14:39.149  1741  3580 I chatty  : uid=1000(system) Binder:1741_D expire 7 lines
04-20 19:14:40.272  1741  2656 I chatty  : uid=1000(system) android.fg expire 9 lines
04-20 19:14:40.356  1741  1741 I chatty  : uid=1000 system_server expire 19 lines
04-20 19:14:40.511  1741  1773 I chatty  : uid=1000(system) ActivityManager expire 15 lines
04-20 19:14:40.538  1741  2633 I chatty  : uid=1000(system) IzatProvider expire 2 lines
04-20 19:14:47.865  1741  2042 I chatty  : uid=1000(system) UEventObserver expire 3 lines
04-20 19:14:49.567  1741  2047 I chatty  : uid=1000(system) Binder:1741_3 expire 3 lines
04-20 19:14:50.382  1741  5262 I chatty  : uid=1000(system) Binder:1741_12 expire 1 line
04-20 19:14:52.368  1741  1787 I chatty  : uid=1000(system) PackageManager expire 29 lines
04-20 19:14:54.731  1741  3620 I chatty  : uid=1000(system) Binder:1741_F expire 3 lines
04-20 19:14:58.572  1741  1759 I chatty  : uid=1000(system) Binder:1741_1 expire 1 line
04-20 19:14:59.994  1741  8491 I chatty  : uid=1000(system) Binder:1741_1C expire 5 lines
04-20 19:15:01.276   603   617 D vold    : Remounting 10209 as mode default
04-20 19:15:01.306  1741  1741 I chatty  : uid=1000 system_server expire 11 lines
04-20 19:15:01.331  1741  2054 I chatty  : uid=1000(system) AccountManagerS expire 1 line
04-20 19:15:01.653  1741  1763 I chatty  : uid=1000(system) android.fg expire 2 lines
04-20 19:15:01.772  1741 11671 I chatty  : uid=1000(system) Binder:1741_20 expire 1 line
04-20 19:15:02.046  1741  6555 I chatty  : uid=1000(system) Binder:1741_1A expire 1 line
04-20 19:15:06.516  1741  3126 I chatty  : uid=1000(system) Binder:1741_B expire 1 line
04-20 19:15:06.563  1741  1767 I chatty  : uid=1000(system) android.anim expire 14 lines
04-20 19:15:08.351  1741  1774 I chatty  : uid=1000(system) ActivityManager expire 5 lines
04-20 19:15:08.403  1741  1741 I chatty  : uid=1000 system_server expire 14 lines
04-20 19:15:11.236  1741  2656 I chatty  : uid=1000(system) android.fg expire 4 lines
04-20 19:15:11.418  1741  1763 I chatty  : uid=1000(system) android.fg expire 10 lines
04-20 19:15:11.947  1741  1772 I chatty  : uid=1000(system) android.bg expire 1 line
04-20 19:15:15.854  1741  1760 I chatty  : uid=1000(system) Binder:1741_2 expire 1 line
04-20 19:15:15.944  1741  8491 I chatty  : uid=1000(system) Binder:1741_1C expire 8 lines
04-20 19:15:24.314  1741  5777 I chatty  : uid=1000(system) Binder:1741_14 expire 3 lines
04-20 19:15:24.954  1741 11671 I chatty  : uid=1000(system) Binder:1741_20 expire 10 lines
04-20 19:15:26.400  1741  3620 I chatty  : uid=1000(system) Binder:1741_F expire 5 lines
04-20 19:15:26.414  1741  2047 I chatty  : uid=1000(system) Binder:1741_3 expire 4 lines
04-20 19:15:36.305  1741  2434 I chatty  : uid=1000(system) Binder:1741_6 expire 1 line
04-20 19:15:46.455  1741  1787 I chatty  : uid=1000(system) PackageManager expire 39 lines
04-20 19:15:52.760  1741  1773 I chatty  : uid=1000(system) ActivityManager expire 11 lines
04-20 19:15:56.114  1741  3580 I chatty  : uid=1000(system) Binder:1741_D expire 4 lines
04-20 19:15:57.377  1741  2042 I chatty  : uid=1000(system) UEventObserver expire 5 lines
04-20 19:15:57.481  1741  1781 I chatty  : uid=1000(system) PowerManagerSer expire 1 line
04-20 19:15:57.610  1741  2128 I chatty  : uid=1000(system) HwBinder:1741_3 expire 2 lines
