04-20 19:41:24.042  1565  1909 D ConnectivityService: NetReassign [no changes]
04-20 19:41:25.851  1565  1898 W NetworkPolicy: shared quota unsupported; generating rule for each iface
04-20 19:41:27.077  1565  1909 D ConnectivityService: NetReassign [no changes]
04-20 19:41:42.188  1565  1909 I chatty  : uid=1000(system) ConnectivitySer identical 5 lines
04-20 19:41:45.219  1565  1909 D ConnectivityService: NetReassign [no changes]
04-20 19:41:45.998  1565  1657 W BroadcastQueue: Permission Denial: receiving Intent { act=android.bluetooth.adapter.action.DISCOVERY_FINISHED flg=0x10 } to ProcessRecord{d321896 11842:com.imgur.mobile/u0a254} (pid=11842, uid=10254) requires android.permission.BLUETOOTH due to sender com.android.bluetooth (uid 1002)
04-20 19:41:46.032  1565  1657 W BroadcastQueue: Permission Denial: receiving Intent { act=android.bluetooth.adapter.action.DISCOVERY_STARTED flg=0x10 } to ProcessRecord{d321896 11842:com.imgur.mobile/u0a254} (pid=11842, uid=10254) requires android.permission.BLUETOOTH due to sender com.android.bluetooth (uid 1002)
04-20 19:41:48.248  1565  1909 D ConnectivityService: NetReassign [no changes]
04-20 19:41:51.275  1565  1909 I chatty  : uid=1000(system) ConnectivitySer identical 1 line
04-20 19:41:54.301  1565  1909 D ConnectivityService: NetReassign [no changes]
04-20 19:41:56.224  1565  1565 I SoundTriggerHelper: Recognition success
04-20 19:41:56.226 29255 31966 I AlwaysOnHotwordDetector: onDetected
04-20 19:41:57.327  1565  1909 D ConnectivityService: NetReassign [no changes]
04-20 19:41:57.641  1565  4841 I SoundTriggerHelper: startRecognition successful.
04-20 19:42:00.061  1565  4841 W ActivityManager: Binding with unknown activity: Token{1381fbf null}
04-20 19:42:00.252  1565  1657 W BroadcastQueue: Permission Denial: receiving Intent { act=android.bluetooth.adapter.action.DISCOVERY_FINISHED flg=0x10 } to ProcessRecord{d321896 11842:com.imgur.mobile/u0a254} (pid=11842, uid=10254) requires android.permission.BLUETOOTH due to sender com.android.bluetooth (uid 1002)
04-20 19:42:00.290  1565  1657 W BroadcastQueue: Permission Denial: receiving Intent { act=android.bluetooth.adapter.action.DISCOVERY_STARTED flg=0x10 } to ProcessRecord{d321896 11842:com.imgur.mobile/u0a254} (pid=11842, uid=10254) requires android.permission.BLUETOOTH due to sender com.android.bluetooth (uid 1002)
04-20 19:42:00.353  1565  1909 D ConnectivityService: NetReassign [no changes]
04-20 19:42:06.403  1565  1909 I chatty  : uid=1000(system) ConnectivitySer identical 2 lines
04-20 19:42:09.434  1565  1909 D ConnectivityService: NetReassign [no changes]
04-20 19:42:10.291  1565  1657 W BroadcastQueue: Permission Denial: broadcasting Intent { act=com.google.android.apps.gmm.NAVIGATION_STATE flg=0x10 pkg=com.google.android.googlequicksearchbox (has extras) } from null (pid=-1, uid=-1) requires com.google.android.googlequicksearchbox.permission.LAUNCH_FROM_GMM due to registered receiver BroadcastFilter{b8f8656 10125/u0 ReceiverList{48e9871 8656 com.google.android.googlequicksearchbox:search/10125/u0 remote:6528618}}
04-20 19:42:10.292  1565  1657 W BroadcastQueue: Permission Denial: broadcasting Intent { act=com.google.android.apps.gmm.NAVIGATION_STATE flg=0x10 pkg=com.google.android.gms (has extras) } from null (pid=-1, uid=-1) requires com.google.android.googlequicksearchbox.permission.LAUNCH_FROM_GMM due to registered receiver BroadcastFilter{b8f8656 10125/u0 ReceiverList{48e9871 8656 com.google.android.googlequicksearchbox:search/10125/u0 remote:6528618}}
04-20 19:42:10.538  1565  4166 D CompatibilityChangeReporter: Compat change id reported: 135634846; UID 10145; state: DISABLED
04-20 19:42:10.538  1565  1659 D CompatibilityChangeReporter: Compat change id reported: 143937733; UID 10145; state: ENABLED
04-20 19:42:10.577  1565  1659 I ActivityManager: Start proc 27381:com.google.process.gapps/u0a145 for content provider {com.google.android.gsf/com.google.android.gsf.settings.GoogleSettingsProvider}
04-20 19:42:11.931  1565  1565 W NotificationHistory: Attempted to add notif for locked/gone/disabled user 0
04-20 19:42:12.034  1565  4292 D CompatibilityChangeReporter: Compat change id reported: 135634846; UID 10072; state: DISABLED
04-20 19:42:12.034  1565  1659 D CompatibilityChangeReporter: Compat change id reported: 143937733; UID 10072; state: ENABLED
04-20 19:42:12.056  1565  1659 I ActivityManager: Start proc 27449:com.android.providers.calendar/u0a72 for content provider {com.android.providers.calendar/com.android.providers.calendar.CalendarProvider2}
04-20 19:42:12.471  1565  1909 D ConnectivityService: NetReassign [no changes]
04-20 19:42:13.456  1565  1657 W BroadcastQueue: Permission Denial: receiving Intent { act=android.bluetooth.adapter.action.DISCOVERY_FINISHED flg=0x10 } to ProcessRecord{d321896 11842:com.imgur.mobile/u0a254} (pid=11842, uid=10254) requires android.permission.BLUETOOTH due to sender com.android.bluetooth (uid 1002)
04-20 19:42:13.498  1565  1657 W BroadcastQueue: Permission Denial: receiving Intent { act=android.bluetooth.adapter.action.DISCOVERY_STARTED flg=0x10 } to ProcessRecord{d321896 11842:com.imgur.mobile/u0a254} (pid=11842, uid=10254) requires android.permission.BLUETOOTH due to sender com.android.bluetooth (uid 1002)
04-20 19:42:15.499  1565  1909 D ConnectivityService: NetReassign [no changes]
04-20 19:42:18.520  1565  1909 I chatty  : uid=1000(system) ConnectivitySer identical 1 line
04-20 19:42:21.547  1565  1909 D ConnectivityService: NetReassign [no changes]
04-20 19:42:22.109  1565  4166 W ActivityManager: Foreground service started from background can not have location/camera/microphone access: service steptracker.healthandfitness.walkingtracker.pedometer/com.drojian.stepcounter.service.CounterService
04-20 19:42:22.156  1565  4460 W ActivityManager: Foreground service started from background can not have location/camera/microphone access: service steptracker.healthandfitness.walkingtracker.pedometer/com.drojian.stepcounter.service.CounterService
04-20 19:42:22.162  1565  4166 W ActivityManager: Foreground service started from background can not have location/camera/microphone access: service steptracker.healthandfitness.walkingtracker.pedometer/com.drojian.stepcounter.service.CounterService
04-20 19:42:24.589  1565  1909 D ConnectivityService: NetReassign [no changes]
04-20 19:42:25.299  1565  1657 I ActivityManager: Waited long enough for: ServiceRecord{895b1e2 u0 com.google.android.googlequicksearchbox/com.google.android.apps.gsa.shared.util.keepalive.StandaloneKeepAlive$KeepAliveService}
04-20 19:42:27.618  1565  1909 D ConnectivityService: NetReassign [no changes]
04-20 19:42:30.642  1565  1909 I chatty  : uid=1000(system) ConnectivitySer identical 1 line
04-20 19:42:33.671  1565  1909 D ConnectivityService: NetReassign [no changes]
04-20 19:42:35.279  1565  1657 W BroadcastQueue: Permission Denial: receiving Intent { act=android.bluetooth.adapter.action.DISCOVERY_FINISHED flg=0x10 } to ProcessRecord{d321896 11842:com.imgur.mobile/u0a254} (pid=11842, uid=10254) requires android.permission.BLUETOOTH due to sender com.android.bluetooth (uid 1002)
04-20 19:42:35.327  1565  1657 W BroadcastQueue: Permission Denial: receiving Intent { act=android.bluetooth.adapter.action.DISCOVERY_STARTED flg=0x10 } to ProcessRecord{d321896 11842:com.imgur.mobile/u0a254} (pid=11842, uid=10254) requires android.permission.BLUETOOTH due to sender com.android.bluetooth (uid 1002)
04-20 19:42:36.719  1565  1909 D ConnectivityService: NetReassign [no changes]
04-20 19:42:42.775  1565  1909 I chatty  : uid=1000(system) ConnectivitySer identical 2 lines
04-20 19:42:45.805  1565  1909 D ConnectivityService: NetReassign [no changes]
04-20 19:42:48.403  1565  1657 W BroadcastQueue: Permission Denial: receiving Intent { act=android.bluetooth.adapter.action.DISCOVERY_FINISHED flg=0x10 } to ProcessRecord{d321896 11842:com.imgur.mobile/u0a254} (pid=11842, uid=10254) requires android.permission.BLUETOOTH due to sender com.android.bluetooth (uid 1002)
04-20 19:42:48.435  1565  1657 W BroadcastQueue: Permission Denial: receiving Intent { act=android.bluetooth.adapter.action.DISCOVERY_STARTED flg=0x10 } to ProcessRecord{d321896 11842:com.imgur.mobile/u0a254} (pid=11842, uid=10254) requires android.permission.BLUETOOTH due to sender com.android.bluetooth (uid 1002)
04-20 19:42:48.832  1565  1909 D ConnectivityService: NetReassign [no changes]
04-20 19:43:00.960  1565  1909 I chatty  : uid=1000(system) ConnectivitySer identical 4 lines
04-20 19:43:03.989  1565  1909 D ConnectivityService: NetReassign [no changes]
04-20 19:43:04.267  1565  1657 W BroadcastQueue: Permission Denial: receiving Intent { act=android.bluetooth.adapter.action.DISCOVERY_FINISHED flg=0x10 } to ProcessRecord{d321896 11842:com.imgur.mobile/u0a254} (pid=11842, uid=10254) requires android.permission.BLUETOOTH due to sender com.android.bluetooth (uid 1002)
04-20 19:43:04.299  1565  1657 W BroadcastQueue: Permission Denial: receiving Intent { act=android.bluetooth.adapter.action.DISCOVERY_STARTED flg=0x10 } to ProcessRecord{d321896 11842:com.imgur.mobile/u0a254} (pid=11842, uid=10254) requires android.permission.BLUETOOTH due to sender com.android.bluetooth (uid 1002)
04-20 19:43:07.015  1565  1909 D ConnectivityService: NetReassign [no changes]
04-20 19:43:19.117  1565  1909 I chatty  : uid=1000(system) ConnectivitySer identical 4 lines
04-20 19:43:22.147  1565  1909 D ConnectivityService: NetReassign [no changes]
04-20 19:43:22.898  1565  1657 W BroadcastQueue: Permission Denial: receiving Intent { act=android.bluetooth.adapter.action.DISCOVERY_FINISHED flg=0x10 } to ProcessRecord{d321896 11842:com.imgur.mobile/u0a254} (pid=11842, uid=10254) requires android.permission.BLUETOOTH due to sender com.android.bluetooth (uid 1002)
04-20 19:43:22.936  1565  1657 W BroadcastQueue: Permission Denial: receiving Intent { act=android.bluetooth.adapter.action.DISCOVERY_STARTED flg=0x10 } to ProcessRecord{d321896 11842:com.imgur.mobile/u0a254} (pid=11842, uid=10254) requires android.permission.BLUETOOTH due to sender com.android.bluetooth (uid 1002)
04-20 19:43:25.174  1565  1909 D ConnectivityService: NetReassign [no changes]
04-20 19:43:31.225  1565  1909 I chatty  : uid=1000(system) ConnectivitySer identical 2 lines
04-20 19:43:34.247  1565  1909 D ConnectivityService: NetReassign [no changes]
04-20 19:43:34.364  1565  1657 W BroadcastQueue: Permission Denial: receiving Intent { act=android.bluetooth.device.action.ACL_DISCONNECTED flg=0x5000010 (has extras) } to ProcessRecord{d321896 11842:com.imgur.mobile/u0a254} (pid=11842, uid=10254) requires android.permission.BLUETOOTH due to sender com.android.bluetooth (uid 1002)
04-20 19:43:34.532  1565  4841 I ActivityManager: Force stopping com.google.location.nearby.apps.connectedcrossroad appid=10333 user=0: from pid 27580
04-20 19:43:34.533  1565  4841 I ActivityManager: Killing 26178:com.google.location.nearby.apps.connectedcrossroad/u0a333 (adj 0): stop com.google.location.nearby.apps.connectedcrossroad due to from pid 27580
04-20 19:43:34.536  1565  4841 W ActivityTaskManager: Force removing ActivityRecord{daa5913 u0 com.google.location.nearby.apps.connectedcrossroad/nx.aodv.eval.MainActivity t7998 f}}: app died, no saved state
04-20 19:43:34.584  1565  2168 D AutofillSession: handling death of Token{b39329f ActivityRecord{daa5913 u0 com.google.location.nearby.apps.connectedcrossroad/nx.aodv.eval.MainActivity t-1 f}}} when saving=false
04-20 19:43:34.621  1565  1638 W ActivityManager: setHasOverlayUi called on unknown pid: 26178
04-20 19:43:35.035  1565  1657 W BroadcastQueue: Permission Denial: receiving Intent { act=android.bluetooth.device.action.ACL_DISCONNECTED flg=0x5000010 (has extras) } to ProcessRecord{d321896 11842:com.imgur.mobile/u0a254} (pid=11842, uid=10254) requires android.permission.BLUETOOTH due to sender com.android.bluetooth (uid 1002)
04-20 19:43:35.909  1565  4138 W BroadcastQueue: Background execution not allowed: receiving Intent { act=android.intent.action.PACKAGE_RESTARTED dat=package:com.google.location.nearby.apps.connectedcrossroad flg=0x10 (has extras) } to steptracker.healthandfitness.walkingtracker.pedometer/com.drojian.stepcounter.receiver.PedometerReceiver
04-20 19:43:35.914  1565  1657 W BroadcastQueue: Background execution not allowed: receiving Intent { act=android.intent.action.PACKAGE_RESTARTED dat=package:com.google.location.nearby.apps.connectedcrossroad flg=0x10 (has extras) } to steptracker.healthandfitness.walkingtracker.pedometer/com.drojian.servicekeeper.receiver.BootReceiver
04-20 19:43:36.090  1565  1657 W BroadcastQueue: Permission Denial: receiving Intent { act=android.bluetooth.adapter.action.DISCOVERY_FINISHED flg=0x10 } to ProcessRecord{d321896 11842:com.imgur.mobile/u0a254} (pid=11842, uid=10254) requires android.permission.BLUETOOTH due to sender com.android.bluetooth (uid 1002)
04-20 19:43:36.135  1565  1657 W BroadcastQueue: Permission Denial: receiving Intent { act=android.bluetooth.adapter.action.DISCOVERY_STARTED flg=0x10 } to ProcessRecord{d321896 11842:com.imgur.mobile/u0a254} (pid=11842, uid=10254) requires android.permission.BLUETOOTH due to sender com.android.bluetooth (uid 1002)
04-20 19:43:36.377  1565  1898 W NetworkPolicy: shared quota unsupported; generating rule for each iface
04-20 19:43:36.512  1565  1657 W BroadcastQueue: Permission Denial: receiving Intent { act=android.bluetooth.adapter.action.DISCOVERY_FINISHED flg=0x10 } to ProcessRecord{d321896 11842:com.imgur.mobile/u0a254} (pid=11842, uid=10254) requires android.permission.BLUETOOTH due to sender com.android.bluetooth (uid 1002)
04-20 19:43:36.525  1565  1657 W BroadcastQueue: Permission Denial: receiving Intent { act=android.bluetooth.adapter.action.SCAN_MODE_CHANGED flg=0x4000010 (has extras) } to ProcessRecord{d321896 11842:com.imgur.mobile/u0a254} (pid=11842, uid=10254) requires android.permission.BLUETOOTH due to sender com.android.bluetooth (uid 1002)
04-20 19:43:36.546  1565  1565 D BluetoothManagerService: Bluetooth Adapter name changed to Pixel 3a XL
04-20 19:43:36.546  1565  1657 W BroadcastQueue: Permission Denial: receiving Intent { act=android.bluetooth.adapter.action.LOCAL_NAME_CHANGED flg=0x4000010 (has extras) } to ProcessRecord{d321896 11842:com.imgur.mobile/u0a254} (pid=11842, uid=10254) requires android.permission.BLUETOOTH due to sender com.android.bluetooth (uid 1002)
04-20 19:43:36.547  1565  1565 D BluetoothManagerService: Stored Bluetooth name: Pixel 3a XL
04-20 19:43:36.547  1565  1911 D NsdService: unregister service
04-20 19:43:36.547  1565  1911 D NsdService: mdnssd [stop-register, 4]
04-20 19:43:37.277  1565  1909 D ConnectivityService: NetReassign [no changes]
04-20 19:43:55.538  1565  1909 I chatty  : uid=1000(system) ConnectivitySer identical 6 lines
04-20 19:43:58.568  1565  1909 D ConnectivityService: NetReassign [no changes]
04-20 19:44:00.041  1565  2167 W ActivityManager: Binding with unknown activity: Token{1381fbf null}
04-20 19:44:01.602  1565  1909 D ConnectivityService: NetReassign [no changes]
04-20 19:45:11.501  1565  1909 I chatty  : uid=1000(system) ConnectivitySer identical 23 lines
04-20 19:45:14.544  1565  1909 D ConnectivityService: NetReassign [no changes]
04-20 19:45:16.839  1565  2167 W ActivityManager: Foreground service started from background can not have location/camera/microphone access: service steptracker.healthandfitness.walkingtracker.pedometer/com.drojian.stepcounter.service.CounterService
04-20 19:45:17.577  1565  1909 D ConnectivityService: NetReassign [no changes]
04-20 19:45:18.915  1565  4841 W AppOps  : Noting op not finished: uid 10145 pkg com.google.android.gms code 79 startTime of in progress event=1618956303110
04-20 19:45:18.924  1565  2167 W AppOps  : Noting op not finished: uid 10145 pkg com.google.android.gms code 79 startTime of in progress event=1618956303110
04-20 19:45:20.643  1565  1909 D ConnectivityService: NetReassign [no changes]
04-20 19:45:20.949  1565  4292 W ActivityManager: Slow operation: 57ms so far, now at getContentProviderImpl: after updateOomAdj
04-20 19:45:20.949  1565  4292 W ActivityManager: Slow operation: 57ms so far, now at getContentProviderImpl: done!
04-20 19:45:23.671  1565  1909 D ConnectivityService: NetReassign [no changes]
04-20 19:45:35.800  1565  1909 I chatty  : uid=1000(system) ConnectivitySer identical 4 lines
04-20 19:45:38.848  1565  1909 D ConnectivityService: NetReassign [no changes]
04-20 19:45:40.099  1565  2784 W ActivityTaskManager: Duplicate finish request for r=ActivityRecord{8c2101d u0 com.facebook.katana/.activity.ImmersiveActivity t7992 f}}
04-20 19:45:41.879  1565  1909 D ConnectivityService: NetReassign [no changes]
04-20 19:45:54.022  1565  1909 I chatty  : uid=1000(system) ConnectivitySer identical 4 lines
04-20 19:45:57.058  1565  1909 D ConnectivityService: NetReassign [no changes]
04-20 19:46:00.023  1565  4138 W ActivityManager: Binding with unknown activity: Token{1381fbf null}
04-20 19:46:00.071  1565  1909 D ConnectivityService: NetReassign [no changes]
04-20 19:46:24.308  1565  1909 I chatty  : uid=1000(system) ConnectivitySer identical 8 lines
04-20 19:46:27.331  1565  1909 D ConnectivityService: NetReassign [no changes]
04-20 19:46:29.454  1565  1709 V DisplayPowerController: Brightness [0.05] reason changing to: 'automatic [ dim ]', previous reason: 'automatic'.
04-20 19:46:30.361  1565  1909 D ConnectivityService: NetReassign [no changes]
04-20 19:46:33.401  1565  1909 I chatty  : uid=1000(system) ConnectivitySer identical 1 line
04-20 19:46:36.431  1565  1909 D ConnectivityService: NetReassign [no changes]
04-20 19:46:36.440  1565  1709 I PowerManagerService: Going to sleep due to timeout (uid 1000)...
04-20 19:46:36.459  1565  2167 D BiometricUtils: isEncrypted: false isLockdown: false
04-20 19:46:36.468  1565  1565 V FingerprintService: startAuthentication(com.android.systemui)
04-20 19:46:36.468  1565  1565 V FingerprintService: starting client AuthenticationClientImpl(com.android.systemui) targetUserId: 0 currentUserId: 0 cookie: 0/0
04-20 19:46:36.489  1565  1565 W FingerprintService: client com.android.systemui is authenticating...
04-20 19:46:36.573  1565  1709 V DisplayPowerController: Brightness [0.12227158] reason changing to: 'automatic', previous reason: 'automatic [ dim ]'.
04-20 19:46:36.997  1565  1709 I DisplayPowerController: Blocking screen off
04-20 19:46:36.998  1565  1709 I DisplayPowerController: Unblocked screen off after 0 ms
04-20 19:46:37.038  1565  1709 D ActivityTaskManager: Top Process State changed to PROCESS_STATE_TOP_SLEEPING
04-20 19:46:37.078  1565  1709 V DisplayPowerController: Brightness [-1.0] reason changing to: 'screen_off', previous reason: 'automatic'.
04-20 19:46:37.092  1565  1638 I DisplayManagerService: Display device changed state: "Built-in Screen", OFF
04-20 19:46:37.243  1565  1709 I DreamManagerService: Entering dreamland.
04-20 19:46:37.245  1565  1709 I PowerManagerService: Dozing...
04-20 19:46:37.246  1565  1634 I DreamController: Starting dream: name=ComponentInfo{com.android.systemui/com.android.systemui.doze.DozeService}, isTest=false, canDoze=true, userId=0
04-20 19:46:37.442  1565  1638 V WindowManager: Orientation start waiting for draw, mDrawState=DRAW_PENDING in Window{c0ec752 u0 NotificationShade}, surfaceController Surface(name=NotificationShade)/@0xda7b84a
04-20 19:46:38.013  1565  1838 I ActivityTaskManager: START u0 {flg=0x10000000 cmp=steptracker.healthandfitness.walkingtracker.pedometer/com.drojian.servicekeeper.service.OneActivity} from uid 10208
04-20 19:46:38.015  1565  1838 W ActivityTaskManager: Background activity start [callingPackage: steptracker.healthandfitness.walkingtracker.pedometer; callingUid: 10208; isCallingUidForeground: false; callingUidHasAnyVisibleWindow: false; callingUidProcState: FOREGROUND_SERVICE; isCallingUidPersistentSystemProcess: false; realCallingUid: 10208; isRealCallingUidForeground: false; realCallingUidHasAnyVisibleWindow: false; realCallingUidProcState: FOREGROUND_SERVICE; isRealCallingUidPersistentSystemProcess: false; originatingPendingIntent: null; isBgStartWhitelisted: false; intent: Intent { flg=0x10000000 cmp=steptracker.healthandfitness.walkingtracker.pedometer/com.drojian.servicekeeper.service.OneActivity }; callerApp: ProcessRecord{4526452 32463:steptracker.healthandfitness.walkingtracker.pedometer/u0a208}]
04-20 19:46:38.018  1565  1838 E ActivityTaskManager: Abort background activity starts from 10208
04-20 19:46:38.223  1565  4292 W ActivityManager: Foreground service started from background can not have location/camera/microphone access: service steptracker.healthandfitness.walkingtracker.pedometer/com.drojian.stepcounter.service.CounterService
04-20 19:46:42.040  1565  1638 W ActivityTaskManager: Sleep timeout!  Sleeping now.
04-20 19:47:30.534  1565  1565 I SoundTriggerHelper: Recognition success
04-20 19:47:30.536 29255 10737 I AlwaysOnHotwordDetector: onDetected
04-20 19:47:31.989  1565  2784 I SoundTriggerHelper: startRecognition successful.
04-20 19:48:37.587  1565  2784 W ActivityManager: Binding with unknown activity: Token{1381fbf null}
04-20 19:48:51.236  1565  1656 W ProcessCpuTracker: Failed to stat(/proc/28265): android.system.ErrnoException: stat failed: ENOENT (No such file or directory)
04-20 19:48:51.236  1565  1656 W ProcessCpuTracker: Skipping unknown process pid 28265
04-20 19:48:55.360  1565  1565 W Looper  : Slow dispatch took 153ms main h=android.app.ActivityThread$H c=android.app.LoadedApk$ServiceDispatcher$RunConnection@d7f621a m=0
04-20 19:48:55.428  1565  1657 W BroadcastQueue: Permission Denial: broadcasting Intent { act=com.google.android.apps.gmm.NAVIGATION_STATE flg=0x10 pkg=com.google.android.googlequicksearchbox (has extras) } from null (pid=-1, uid=-1) requires com.google.android.googlequicksearchbox.permission.LAUNCH_FROM_GMM due to registered receiver BroadcastFilter{4d19c41 10125/u0 ReceiverList{692f728 8656 com.google.android.googlequicksearchbox:search/10125/u0 remote:93ce14b}}
04-20 19:48:55.428  1565  1657 W BroadcastQueue: Permission Denial: broadcasting Intent { act=com.google.android.apps.gmm.NAVIGATION_STATE flg=0x10 pkg=com.google.android.gms (has extras) } from null (pid=-1, uid=-1) requires com.google.android.googlequicksearchbox.permission.LAUNCH_FROM_GMM due to registered receiver BroadcastFilter{4d19c41 10125/u0 ReceiverList{692f728 8656 com.google.android.googlequicksearchbox:search/10125/u0 remote:93ce14b}}
04-20 19:48:55.586  1565  1838 D CompatibilityChangeReporter: Compat change id reported: 135634846; UID 10063; state: DISABLED
04-20 19:48:55.589  1565  1659 D CompatibilityChangeReporter: Compat change id reported: 143937733; UID 10063; state: ENABLED
04-20 19:48:55.632  1565  1659 I ActivityManager: Start proc 28274:android.process.acore/u0a63 for content provider {com.android.providers.contacts/com.android.providers.contacts.ContactsProvider2}
04-20 19:48:56.596 28274 28274 D ActivityThread: Loading provider contacts;com.android.contacts: com.android.providers.contacts.ContactsProvider2
04-20 19:49:19.026  1565  1838 W AppOps  : Noting op not finished: uid 10145 pkg com.google.android.gms code 79 startTime of in progress event=1618956303110
04-20 19:49:19.038  1565  1838 W AppOps  : Noting op not finished: uid 10145 pkg com.google.android.gms code 79 startTime of in progress event=1618956303110
04-20 19:49:38.842  1565  1635 W Looper  : Slow dispatch took 118ms android.ui h=com.android.server.am.ActivityManagerService$UiHandler c=null m=53
04-20 19:50:15.005  1565  4292 W ActivityManager: Binding with unknown activity: Token{1381fbf null}
04-20 19:50:40.928  1565  4292 D ConnectivityService: Returning BLOCKED NetworkInfo to uid=10243
04-20 19:50:41.242  1565  4292 D ConnectivityService: Returning BLOCKED NetworkInfo to uid=10248
04-20 19:50:41.613  1565  3519 W ActivityManager: Foreground service started from background can not have location/camera/microphone access: service steptracker.healthandfitness.walkingtracker.pedometer/com.drojian.stepcounter.service.CounterService
04-20 19:50:41.642  1565  2167 W ActivityManager: Foreground service started from background can not have location/camera/microphone access: service steptracker.healthandfitness.walkingtracker.pedometer/com.drojian.stepcounter.service.CounterService
04-20 19:50:41.671  1565  2167 W ActivityManager: Foreground service started from background can not have location/camera/microphone access: service steptracker.healthandfitness.walkingtracker.pedometer/com.drojian.stepcounter.service.CounterService
04-20 19:50:41.681  1565  4292 W ActivityManager: Foreground service started from background can not have location/camera/microphone access: service steptracker.healthandfitness.walkingtracker.pedometer/com.drojian.stepcounter.service.CounterService
04-20 19:50:42.946  1565  1565 W Looper  : Slow dispatch took 143ms main h=com.android.server.notification.NotificationManagerService$WorkerHandler c=com.android.server.notification.-$$Lambda$NotificationManagerService$NotificationListeners$uPHnykAZVsO0A9ThsM2s_Hx5qr0@e7dec45 m=0
04-20 19:50:46.821  1565  2167 W ActivityManager: Foreground service started from background can not have location/camera/microphone access: service steptracker.healthandfitness.walkingtracker.pedometer/com.drojian.stepcounter.service.CounterService
04-20 19:51:15.811  1565  1898 W NetworkPolicy: shared quota unsupported; generating rule for each iface
04-20 19:51:30.253  1565  1676 D BatteryStatsImpl: Reading cpu stats took 169ms
04-20 19:52:29.952  1565  1676 D BatteryStatsImpl: Reading cpu stats took 171ms
04-20 19:52:35.093  1565  4292 W ActivityManager: Binding with unknown activity: Token{1381fbf null}
04-20 19:53:19.163  1565  1898 W NetworkPolicy: shared quota unsupported; generating rule for each iface
04-20 19:53:19.206  1565  4292 W AppOps  : Noting op not finished: uid 10145 pkg com.google.android.gms code 79 startTime of in progress event=1618956303110
04-20 19:53:19.211  1565  3519 W AppOps  : Noting op not finished: uid 10145 pkg com.google.android.gms code 79 startTime of in progress event=1618956303110
04-20 19:53:25.071  1565  1565 I SoundTriggerHelper: Recognition success
04-20 19:53:25.073 29255  6180 I AlwaysOnHotwordDetector: onDetected
04-20 19:53:26.501  1565  3519 I SoundTriggerHelper: startRecognition successful.
04-20 19:53:33.206  1565  1565 I SoundTriggerHelper: Recognition success
04-20 19:53:33.208 29255  6180 I AlwaysOnHotwordDetector: onDetected
04-20 19:53:34.575  1565  3519 I SoundTriggerHelper: startRecognition successful.
04-20 19:54:43.843  1565  4292 W ActivityManager: Binding with unknown activity: Token{1381fbf null}
04-20 19:57:19.340  1565  2167 W AppOps  : Noting op not finished: uid 10145 pkg com.google.android.gms code 79 startTime of in progress event=1618956303110
04-20 19:57:19.351  1565  4841 W AppOps  : Noting op not finished: uid 10145 pkg com.google.android.gms code 79 startTime of in progress event=1618956303110
04-20 19:57:22.287  1565  1565 D CompatibilityChangeReporter: Compat change id reported: 135634846; UID 10112; state: DISABLED
04-20 19:57:22.288  1565  1659 D CompatibilityChangeReporter: Compat change id reported: 143937733; UID 10112; state: DISABLED
04-20 19:57:22.319  1565  1659 I ActivityManager: Start proc 29294:com.google.android.configupdater/u0a112 for service {com.google.android.configupdater/com.google.android.configupdater.MainJobService}
04-20 19:57:24.717  1565 29441 I ConfigUpdateInstallReceiver: Found new update, installing...
04-20 19:57:24.776  1565 29441 I ConfigUpdateInstallReceiver: Installation successful
04-20 19:57:25.124  1565  1898 W NetworkPolicy: shared quota unsupported; generating rule for each iface
04-20 20:00:06.527  1565  1657 W ProcessCpuTracker: Failed to stat(/proc/29783): android.system.ErrnoException: stat failed: ENOENT (No such file or directory)
04-20 20:00:06.527  1565  1657 W ProcessCpuTracker: Skipping unknown process pid 29783
04-20 20:01:42.145  1565  1898 W NetworkPolicy: shared quota unsupported; generating rule for each iface
04-20 20:01:46.204  1565  1656 W ProcessCpuTracker: Failed to stat(/proc/30004): android.system.ErrnoException: stat failed: ENOENT (No such file or directory)
04-20 20:01:46.204  1565  1656 W ProcessCpuTracker: Skipping unknown process pid 30004
04-20 20:01:55.357  1565  2167 D ConnectivityService: Returning UNBLOCKED NetworkInfo to uid=10243
04-20 20:01:55.914  1565  1657 W BroadcastQueue: Permission Denial: broadcasting Intent { act=android.intent.action.HEADSET_PLUG flg=0x40000010 (has extras) } from null (pid=-1, uid=-1) requires com.facebook.permission.prod.FB_APP_COMMUNICATION due to registered receiver BroadcastFilter{148fd21 10243/u0 ReceiverList{979cf88 30167 com.facebook.orca/10243/u0 remote:4505f2b}}
04-20 20:01:56.649  1565  4841 W ActivityManager: Foreground service started from background can not have location/camera/microphone access: service com.facebook.orca/com.facebook.rtc.incallservice.InCallForegroundService
04-20 20:01:56.664  1565  4841 W ActivityManager: Foreground service started from background can not have location/camera/microphone access: service com.facebook.orca/com.facebook.rtc.incallservice.InCallForegroundService
04-20 20:01:56.680  1565  2180 W ActivityManager: Foreground service started from background can not have location/camera/microphone access: service com.facebook.orca/com.facebook.rtc.incallservice.InCallForegroundService
04-20 20:01:56.924  1565  1565 W NotificationHistory: Attempted to add notif for locked/gone/disabled user 0
04-20 20:01:57.050  1565  4460 I ActivityTaskManager: START u0 {act=com.facebook.rtc.fbwebrtc.intent.action.HOSTED_FRAGMENT_INCOMING_CALL flg=0x10010000 pkg=com.facebook.orca cmp=com.facebook.orca/com.facebook.rtc.activities.InCallActivity} from uid 10243
04-20 20:01:57.054  1565  4841 I DreamManagerService: Gently waking up from dream.
04-20 20:01:57.054  1565  1634 I DreamManagerService: Performing gentle wake from dream.
04-20 20:01:57.071  1565  4460 W ActivityTaskManager: Tried to set launchTime (0) < mLastActivityLaunchTime (480281945)
04-20 20:01:57.092  1565  4460 I DreamManagerService: Leaving dreamland.
04-20 20:01:57.101  1565  1709 I PowerManagerService: Sleeping (uid 1000)...
04-20 20:01:57.101  1565  1634 I DreamManagerService: Performing gentle wake from dream.
04-20 20:01:57.101  1565  1634 I DreamController: Stopping dream: name=ComponentInfo{com.android.systemui/com.android.systemui.doze.DozeService}, isTest=false, canDoze=true, userId=0, reason='finished self'(from 'request awaken')
04-20 20:01:57.125  1565  4136 I ActivityTaskManager: START u0 {act=com.facebook.rtc.fbwebrtc.intent.action.HOSTED_FRAGMENT_INCOMING_CALL flg=0x10010000 pkg=com.facebook.orca cmp=com.facebook.orca/com.facebook.rtc.activities.InCallActivity} from uid 10243
04-20 20:01:57.142  1565  4136 I ActivityTaskManager: START u0 {act=com.facebook.rtc.fbwebrtc.intent.action.HOSTED_FRAGMENT_INCOMING_CALL flg=0x10010000 pkg=com.facebook.orca cmp=com.facebook.orca/com.facebook.rtc.activities.InCallActivity} from uid 10243
04-20 20:01:57.470  1565  3552 I PowerManagerService: Waking up from Asleep (uid=10243, reason=WAKE_REASON_APPLICATION, details=IncallWakeLocks:SCREEN_ON:InCallSensorManager)...
04-20 20:01:57.500  1565  1709 I DisplayPowerController: Blocking screen on until initial contents have been drawn.
04-20 20:01:57.500  1565  1709 D ActivityTaskManager: Top Process State changed to PROCESS_STATE_TOP
04-20 20:01:57.500  1565  1709 D ActivityTaskManager: awakeFromSleepingLocked: previously pausing activity didn't pause
04-20 20:01:57.591  1565  1638 W ActivityTaskManager: Activity top resumed state loss timeout for ActivityRecord{2578b71 u0 com.facebook.orca/com.facebook.rtc.activities.InCallActivity t7999}
04-20 20:01:57.609  1565  1709 V DisplayPowerController: Brightness [0.12227158] reason changing to: 'manual', previous reason: 'screen_off'.
04-20 20:01:57.610  1565  1638 I DisplayManagerService: Display device changed state: "Built-in Screen", ON
04-20 20:01:57.717  1565  4286 I ActivityManager: Process com.qualcomm.telephony (pid 18769) has died: cch+99 SVC 
04-20 20:01:57.717  1565  4286 W ActivityManager: Scheduling restart of crashed service com.qualcomm.atfwd/.AtFwdService in 1000ms for start-requested
04-20 20:01:57.742  1565  1709 V DisplayPowerController: Brightness [0.116408] reason changing to: 'automatic', previous reason: 'manual'.
04-20 20:01:57.760  1565  3519 I ActivityManager: Process com.instagram.android:mqtt (pid 24014) has died: cch+95 CEM 
04-20 20:01:57.762  1565  1709 I DisplayPowerController: Unblocked screen on after 262 ms
04-20 20:01:57.847  1565  1709 W PowerManagerService: Screen on took 377 ms
04-20 20:01:57.895  1565  2167 V WindowManager: Orientation start waiting for draw, mDrawState=DRAW_PENDING in Window{78a0e8e u0 com.facebook.orca/com.facebook.rtc.activities.InCallActivity}, surfaceController Surface(name=com.facebook.orca/com.facebook.rtc.activities.InCallActivity)/@0x95f1d97
04-20 20:01:57.984  1565  4136 V FingerprintService: cancelAuthentication(com.android.systemui)
04-20 20:01:57.985  1565  1565 V FingerprintService: Stopping client com.android.systemui, fromClient: true
04-20 20:01:58.061  1565  1909 D Nat464Xlat: clatd running, updating NAI for v4-rmnet_data1
04-20 20:01:58.069  1565  1565 W FingerprintService: client com.android.systemui is no longer authenticating
04-20 20:01:58.080  1565  1565 V FingerprintService: handleError(client=com.android.systemui, error = 5)
04-20 20:01:58.080  1565  1565 V BiometricStats: Error latency: -1
04-20 20:01:58.080  1565  1565 W BiometricStats: found a negative latency : -1
04-20 20:01:58.083  1565  1565 V FingerprintService: Done with client: com.android.systemui
04-20 20:01:58.141  1565  1657 W BroadcastQueue: Permission Denial: receiving Intent { act=android.net.wifi.RSSI_CHANGED flg=0x4000010 (has extras) } to ProcessRecord{d321896 11842:com.imgur.mobile/u0a254} (pid=11842, uid=10254) requires android.permission.ACCESS_WIFI_STATE due to sender android (uid 1000)
04-20 20:01:58.141  1565  1657 W BroadcastQueue: Background execution not allowed: receiving Intent { act=android.net.wifi.RSSI_CHANGED flg=0x4000010 (has extras) } to com.jaga.ibraceletplus.smartwristband3/com.yc.pedometer.remind.GloryFitBootReceiver
04-20 20:01:58.161  1565  4136 I ActivityManager: Process com.google.android.apps.wellbeing (pid 22816) has died: cch+95 CEM 
04-20 20:01:58.179  1565  1909 D Nat464Xlat: clatd running, updating NAI for v4-rmnet_data1
04-20 20:01:58.221  1565  4136 D CompatibilityChangeReporter: Compat change id reported: 135634846; UID 10180; state: DISABLED
04-20 20:01:58.221  1565  1659 D CompatibilityChangeReporter: Compat change id reported: 143937733; UID 10180; state: ENABLED
04-20 20:01:58.266  1565  1659 I ActivityManager: Start proc 30111:com.google.android.apps.messaging/u0a180 for content provider {com.google.android.apps.messaging/com.google.android.apps.messaging.shared.datamodel.provider.sharedstorage.SharedStorageProvider}
04-20 20:01:58.701  1565  4286 I SoundTriggerService: deleteSoundModel(): id = 9f6ad62a-1f0b-11e7-87c5-40a8f03d3f15
04-20 20:01:58.701  1565  4286 W SoundTriggerHelper: Unload error: Attempting unload invalid generic model with id:9f6ad62a-1f0b-11e7-87c5-40a8f03d3f15
04-20 20:01:58.701  1565  4286 E SoundTriggerService: error onStop(): Model 9f6ad62a-1f0b-11e7-87c5-40a8f03d3f15 has no stats available
04-20 20:01:58.731  1565  1657 D CompatibilityChangeReporter: Compat change id reported: 135634846; UID 10086; state: DISABLED
04-20 20:01:58.732  1565  1659 D CompatibilityChangeReporter: Compat change id reported: 143937733; UID 10086; state: ENABLED
04-20 20:01:58.751  1565  1659 I ActivityManager: Start proc 30141:com.qualcomm.telephony/u0a86 for service {com.qualcomm.atfwd/com.qualcomm.atfwd.AtFwdService}
04-20 20:01:59.614  1565  2784 W ActivityManager: Background start not allowed: service Intent { act=Orca.PERSISTENT_KICK_SKIP_PING cmp=com.facebook.katana/com.facebook.mqttlite.MqttService (has extras) } to com.facebook.katana/com.facebook.mqttlite.MqttService from pid=14468 uid=10248 pkg=com.facebook.katana startFg?=false
04-20 20:02:00.073  1565  4136 W ActivityManager: Binding with unknown activity: Token{1381fbf null}
04-20 20:02:00.079  1565  4136 W ActivityManager: Binding with unknown activity: Token{1381fbf null}
04-20 20:02:00.682  1565  1709 I DisplayPowerController: No longer ignoring proximity [0]
04-20 20:02:01.158  1565  4292 D ConnectivityService: Returning BLOCKED NetworkInfo to uid=10188
04-20 20:02:01.161  1565  2448 I Telecom : CallAudioRouteStateMachine: Message received: SPEAKER_ON=1006, arg1=0: CARSM.mSPCR->CARSM.pM_SPEAKER_ON@k38
04-20 20:02:01.183  1565  1909 D ConnectivityService: NetReassign [no changes]
04-20 20:02:01.186  1565  2448 I Telecom : QuiescentEarpieceRoute: Processing message SPEAKER_ON: CARSM.mSPCR->CARSM.pM_SPEAKER_ON@k38
04-20 20:02:01.798  1565  1909 D ConnectivityService: NetReassign [no changes]
04-20 20:02:02.019  1565  2167 I ActivityManager: Process com.google.android.googlequicksearchbox (pid 26615) has died: cch+99 CEM 
04-20 20:02:02.193  1565  4292 I ActivityManager: Process com.google.android.permissioncontroller (pid 23805) has died: cch+99 CEM 
04-20 20:02:02.229  1565  4138 I ActivityManager: Process steptracker.healthandfitness.walkingtracker.pedometer:KeeperService (pid 19162) has died: cch+99 SVC 
04-20 20:02:02.230  1565  4138 W ActivityManager: Scheduling restart of crashed service steptracker.healthandfitness.walkingtracker.pedometer/com.drojian.servicekeeper.service.PeriodService in 1000ms for start-requested
04-20 20:02:02.230  1565  4138 W ActivityManager: Scheduling restart of crashed service steptracker.healthandfitness.walkingtracker.pedometer/com.drojian.servicekeeper.service.EmptyService in 11000ms for start-requested
04-20 20:02:02.255  1565  2167 I ActivityManager: Process com.google.android.gms.ui (pid 26689) has died: cch+99 CEM 
04-20 20:02:02.278  1565  2784 I ActivityManager: Process com.google.android.apps.wearables.maestro.companion (pid 24512) has died: cch+99 CEM 
04-20 20:02:02.293  1565  4295 I ActivityManager: Process com.android.providers.calendar (pid 27449) has died: cch+99 CEM 
04-20 20:02:02.320  1565  4295 I ActivityManager: Process com.google.android.projection.gearhead:car (pid 23027) has died: cch+95 CEM 
04-20 20:02:02.787  1565  4138 D ConnectivityService: ConnectivityService NetworkRequestInfo binderDied(NetworkRequest [ LISTEN id=6057, [ Capabilities: INTERNET&NOT_RESTRICTED&TRUSTED&NOT_VPN Uid: 10141 AdministratorUids: [] RequestorUid: 10141 RequestorPackageName: com.google.android.projection.gearhead] ], android.os.BinderProxy@add74ad)
04-20 20:02:02.788  1565  4295 I ActivityManager: Process com.google.android.projection.gearhead:shared (pid 22961) has died: cch+95 CEM 
04-20 20:02:02.834  1565  4057 I ActivityManager: Process com.spotify.music (pid 24575) has died: cch+85 CEM 
04-20 20:02:02.878  1565  2180 I ActivityManager: Process com.amazon.mp3 (pid 24787) has died: cch+85 CEM 
04-20 20:02:02.897  1565  2180 I ActivityManager: Process com.google.process.gapps (pid 27381) has died: cch+75 CEM 
04-20 20:02:02.922  1565  4057 I ActivityManager: Process com.google.android.euicc (pid 23607) has died: cch+99 CEM 
04-20 20:02:03.014  1565  4057 I ActivityManager: Process com.google.android.dialer (pid 25913) has died: cch+99 CEM 
04-20 20:02:03.091  1565  3552 D ConnectivityService: ConnectivityService NetworkRequestInfo binderDied(NetworkRequest [ TRACK_DEFAULT id=6064, [ Capabilities: INTERNET&NOT_RESTRICTED&TRUSTED Uid: 10214 AdministratorUids: [] RequestorUid: 10214 RequestorPackageName: com.linkedin.android] ], android.os.BinderProxy@8216deb)
04-20 20:02:03.091  1565  1909 D ConnectivityService: releasing NetworkRequest [ TRACK_DEFAULT id=6064, [ Capabilities: INTERNET&NOT_RESTRICTED&TRUSTED Uid: 10214 AdministratorUids: [] RequestorUid: 10214 RequestorPackageName: com.linkedin.android] ] (release request)
04-20 20:02:03.091  1565  3522 D ConnectivityService: ConnectivityService NetworkRequestInfo binderDied(NetworkRequest [ LISTEN id=6066, [ Capabilities: INTERNET&NOT_RESTRICTED&TRUSTED&FOREGROUND Uid: 10214 AdministratorUids: [] RequestorUid: 10214 RequestorPackageName: com.linkedin.android] ], android.os.BinderProxy@47b9748)
04-20 20:02:03.092  1565  1588 D ConnectivityService: ConnectivityService NetworkRequestInfo binderDied(NetworkRequest [ TRACK_DEFAULT id=6065, [ Capabilities: INTERNET&NOT_RESTRICTED&TRUSTED Uid: 10214 AdministratorUids: [] RequestorUid: 10214 RequestorPackageName: com.linkedin.android] ], android.os.BinderProxy@e56dff4)
04-20 20:02:03.094  1565  1909 D ConnectivityService: releasing NetworkRequest [ TRACK_DEFAULT id=6065, [ Capabilities: INTERNET&NOT_RESTRICTED&TRUSTED Uid: 10214 AdministratorUids: [] RequestorUid: 10214 RequestorPackageName: com.linkedin.android] ] (release request)
04-20 20:02:03.108  1565  4057 I ActivityManager: Process com.linkedin.android (pid 26883) has died: cch+99 CEM 
04-20 20:02:03.131  1565  4460 I ActivityManager: Process com.instagram.android (pid 26297) has died: cch+99 CEM 
04-20 20:02:03.158  1565  4460 I ActivityManager: Process android.process.acore (pid 28274) has died: cch+99 CEM 
04-20 20:02:03.232  1565  1657 D CompatibilityChangeReporter: Compat change id reported: 135634846; UID 10208; state: DISABLED
04-20 20:02:03.232  1565  1659 D CompatibilityChangeReporter: Compat change id reported: 143937733; UID 10208; state: DISABLED
04-20 20:02:03.254  1565  1659 I ActivityManager: Start proc 30378:steptracker.healthandfitness.walkingtracker.pedometer:KeeperService/u0a208 for service {steptracker.healthandfitness.walkingtracker.pedometer/com.drojian.servicekeeper.service.PeriodService}
04-20 20:02:03.354  1565  3556 I ActivityManager: Process android.process.media (pid 26659) has died: cch+95 CEM 
04-20 20:02:04.236  1565  1909 D ConnectivityService: NetReassign [no changes]
04-20 20:02:06.889  1565  3555 V WindowManager: nav_input_consumer created.
04-20 20:02:06.892  1565  4138 V WindowManager: nav_input_consumer dismissed.
04-20 20:02:07.230  1565  1909 D ConnectivityService: NetReassign [no changes]
04-20 20:02:10.249  1565  1909 D ConnectivityService: NetReassign [no changes]
04-20 20:02:13.232  1565  1898 W NetworkPolicy: shared quota unsupported; generating rule for each iface
04-20 20:02:13.263  1565  1909 D ConnectivityService: NetReassign [no changes]
04-20 20:02:16.281  1565  1909 D ConnectivityService: NetReassign [no changes]
04-20 20:02:19.225  1565  1657 I ActivityManager: Waited long enough for: ServiceRecord{f0333fd u0 com.google.android.gms/.cast.service.CastSocketMultiplexerLifeCycleService}
04-20 20:02:19.295  1565  1909 D ConnectivityService: NetReassign [no changes]
04-20 20:02:22.312  1565  1909 D ConnectivityService: NetReassign [no changes]
04-20 20:02:24.108  1565  2448 I Telecom : CallAudioRouteStateMachine: Message received: SPEAKER_OFF=1007, arg1=0: CARSM.mSPCR->CARSM.pM_SPEAKER_OFF@k4A
04-20 20:02:24.115  1565  2448 I Telecom : QuiescentEarpieceRoute: Processing message SPEAKER_OFF: CARSM.mSPCR->CARSM.pM_SPEAKER_OFF@k4A
04-20 20:02:25.329  1565  1909 D ConnectivityService: NetReassign [no changes]
04-20 20:02:34.429  1565  1909 I chatty  : uid=1000(system) ConnectivitySer identical 3 lines
04-20 20:02:37.463  1565  1909 D ConnectivityService: NetReassign [no changes]
04-20 20:02:39.571  1565  1565 I SoundTriggerHelper: Recognition success
04-20 20:02:39.573 29255  6180 I AlwaysOnHotwordDetector: onDetected
04-20 20:02:40.506  1565  1909 D ConnectivityService: NetReassign [no changes]
04-20 20:02:40.966  1565  3555 I SoundTriggerHelper: startRecognition successful.
04-20 20:02:43.550  1565  1909 D ConnectivityService: NetReassign [no changes]
04-20 20:02:52.660  1565  1909 I chatty  : uid=1000(system) ConnectivitySer identical 3 lines
04-20 20:02:55.699  1565  1909 D ConnectivityService: NetReassign [no changes]
04-20 20:02:57.749  1565  4138 W ActivityManager: Foreground service started from background can not have location/camera/microphone access: service steptracker.healthandfitness.walkingtracker.pedometer/com.drojian.stepcounter.service.CounterService
04-20 20:02:57.764  1565  3512 W ActivityManager: Foreground service started from background can not have location/camera/microphone access: service steptracker.healthandfitness.walkingtracker.pedometer/com.drojian.stepcounter.service.CounterService
04-20 20:02:57.781  1565  3512 W ActivityManager: Foreground service started from background can not have location/camera/microphone access: service steptracker.healthandfitness.walkingtracker.pedometer/com.drojian.stepcounter.service.CounterService
04-20 20:02:57.794  1565  4138 W ActivityManager: Foreground service started from background can not have location/camera/microphone access: service steptracker.healthandfitness.walkingtracker.pedometer/com.drojian.stepcounter.service.CounterService
04-20 20:02:58.720  1565  1909 D ConnectivityService: NetReassign [no changes]
04-20 20:02:58.949  1565  4460 W ActivityManager: Foreground service started from background can not have location/camera/microphone access: service steptracker.healthandfitness.walkingtracker.pedometer/com.drojian.stepcounter.service.CounterService
04-20 20:02:59.597  1565  1898 W NetworkPolicy: shared quota unsupported; generating rule for each iface
04-20 20:03:01.743  1565  1909 D ConnectivityService: NetReassign [no changes]
04-20 20:03:02.693  1565  1898 W NetworkPolicy: shared quota unsupported; generating rule for each iface
04-20 20:03:03.228  1565  3512 W ActivityManager: Foreground service started from background can not have location/camera/microphone access: service steptracker.healthandfitness.walkingtracker.pedometer/com.drojian.stepcounter.service.CounterService
04-20 20:03:03.235  1565  3552 W ActivityManager: Foreground service started from background can not have location/camera/microphone access: service steptracker.healthandfitness.walkingtracker.pedometer/com.drojian.stepcounter.service.CounterService
04-20 20:03:04.771  1565  1909 D ConnectivityService: NetReassign [no changes]
04-20 20:03:06.340  1565  1898 W NetworkPolicy: shared quota unsupported; generating rule for each iface
04-20 20:03:07.803  1565  1909 D ConnectivityService: NetReassign [no changes]
04-20 20:03:09.188  1565  1898 W NetworkPolicy: shared quota unsupported; generating rule for each iface
04-20 20:03:10.820  1565  1909 D ConnectivityService: NetReassign [no changes]
04-20 20:03:11.815  1565  1898 W NetworkPolicy: shared quota unsupported; generating rule for each iface
04-20 20:03:13.850  1565  1909 D ConnectivityService: NetReassign [no changes]
04-20 20:03:15.052  1565  1898 W NetworkPolicy: shared quota unsupported; generating rule for each iface
04-20 20:03:16.881  1565  1909 D ConnectivityService: NetReassign [no changes]
04-20 20:03:18.207  1565  1898 W NetworkPolicy: shared quota unsupported; generating rule for each iface
04-20 20:03:19.903  1565  1909 D ConnectivityService: NetReassign [no changes]
04-20 20:03:22.924  1565  1909 D ConnectivityService: NetReassign [no changes]
04-20 20:03:24.852  1565  3552 D ActivityTaskManager: Top Process State changed to PROCESS_STATE_TOP_SLEEPING
04-20 20:03:24.913  1565  3512 D BiometricUtils: isEncrypted: false isLockdown: false
04-20 20:03:24.919  1565  1565 V FingerprintService: startAuthentication(com.android.systemui)
04-20 20:03:24.919  1565  1565 V FingerprintService: starting client AuthenticationClientImpl(com.android.systemui) targetUserId: 0 currentUserId: 0 cookie: 0/0
04-20 20:03:24.944  1565  1565 W FingerprintService: client com.android.systemui is authenticating...
04-20 20:03:24.952  1565  1638 I PowerManagerService: Going to sleep due to timeout (uid 1000)...
04-20 20:03:25.075  1565  3556 W WindowManager: Failed looking up window session=Session{7622bf9 30167:u0a10243} callers=com.android.server.wm.WindowManagerService.windowForClientLocked:5435 com.android.server.wm.Session.insetsModified:502 android.view.IWindowSession$Stub.onTransact:1367 
04-20 20:03:25.081  1565  3556 W WindowManager: Failed looking up window session=Session{7622bf9 30167:u0a10243} callers=com.android.server.wm.WindowManagerService.windowForClientLocked:5435 com.android.server.wm.Session.insetsModified:502 android.view.IWindowSession$Stub.onTransact:1367 
04-20 20:03:25.083  1565  3512 W WindowManager: Failed looking up window session=Session{7622bf9 30167:u0a10243} callers=com.android.server.wm.WindowManagerService.windowForClientLocked:5435 com.android.server.wm.Session.insetsModified:502 android.view.IWindowSession$Stub.onTransact:1367 
04-20 20:03:25.462  1565  1709 I DisplayPowerController: Blocking screen off
04-20 20:03:25.462  1565  1709 I DisplayPowerController: Unblocked screen off after 0 ms
04-20 20:03:25.533  1565  1709 V DisplayPowerController: Brightness [-1.0] reason changing to: 'screen_off', previous reason: 'automatic'.
04-20 20:03:25.534  1565  1638 I DisplayManagerService: Display device changed state: "Built-in Screen", OFF
04-20 20:03:25.707  1565  1709 I DreamManagerService: Entering dreamland.
04-20 20:03:25.708  1565  1709 I PowerManagerService: Dozing...
04-20 20:03:25.710  1565  1634 I DreamController: Starting dream: name=ComponentInfo{com.android.systemui/com.android.systemui.doze.DozeService}, isTest=false, canDoze=true, userId=0
04-20 20:03:25.750  1565  1638 V WindowManager: Orientation start waiting for draw, mDrawState=DRAW_PENDING in Window{c0ec752 u0 NotificationShade}, surfaceController Surface(name=NotificationShade)/@0x934ec2f
