--------- beginning of system
04-20 19:08:18.843  3243  7038 D ActivityThread: Loading provider com.google.android.gms.download: com.google.android.gms.common.download.provider.DownloadsProvider
04-20 19:08:19.203  1749  5077 I chatty  : uid=1000(system) Binder:1749_14 expire 7 lines
04-20 19:08:20.565  1749  2054 I chatty  : uid=1000(system) UEventObserver expire 1 line
04-20 19:08:20.595  1749  5605 I chatty  : uid=1000(system) Binder:1749_16 expire 2 lines
04-20 19:08:20.670  1749  5874 I chatty  : uid=1000(system) Binder:1749_17 expire 1 line
04-20 19:08:20.670  1749  2749 I chatty  : uid=1000(system) Binder:1749_9 expire 7 lines
04-20 19:08:20.671  1749  2039 I chatty  : uid=1000(system) Binder:1749_3 expire 1 line
04-20 19:08:20.671  1749  2255 I chatty  : uid=1000(system) ConnectivitySer expire 4 lines
04-20 19:08:20.820  1749  1782 I chatty  : uid=1000(system) ActivityManager expire 30 lines
04-20 19:08:21.018  1749  3486 I chatty  : uid=1000(system) Binder:1749_12 expire 3 lines
04-20 19:08:21.103  1749  2464 I chatty  : uid=1000(system) Binder:1749_7 expire 3 lines
04-20 19:08:21.419  3243  3789 D ActivityThread: Loading provider com.google.android.gms.icing.indexapi: com.google.android.gms.icing.indexapi.IndexApiContentProvider
04-20 19:08:21.454  1749  5123 I chatty  : uid=1000(system) Binder:1749_15 expire 5 lines
04-20 19:08:21.563  3243  6627 D ActivityThread: Loading provider com.google.android.gms.reminders: com.google.android.gms.reminders.provider.RemindersProvider
04-20 19:08:21.630  1749  3482 I chatty  : uid=1000(system) Binder:1749_F expire 10 lines
04-20 19:08:23.155  3334  3334 W ContextImpl: Calling a method in the system process without a qualified user: android.app.ContextImpl.startService:1585 android.content.ContextWrapper.startService:669 android.content.ContextWrapper.startService:669 com.motorola.ccc.plm.launchmanager.LaunchManagerReceiver.onReceive:18 android.app.ActivityThread.handleReceiver:4003 
04-20 19:08:23.462  1749  3451 I chatty  : uid=1000(system) Binder:1749_B expire 4 lines
04-20 19:08:23.533  1749  1773 I chatty  : uid=1000(system) android.anim expire 4 lines
04-20 19:08:23.541  1749  2240 I chatty  : uid=1000(system) Binder:1749_4 expire 7 lines
04-20 19:08:23.632  1749  1767 I chatty  : uid=1000(system) Binder:1749_1 expire 2 lines
04-20 19:08:23.671  1749  3484 I chatty  : uid=1000(system) Binder:1749_10 expire 4 lines
04-20 19:08:23.682  1749  7754 I chatty  : uid=1000(system) Binder:1749_19 expire 2 lines
04-20 19:08:23.686  1749  3453 I chatty  : uid=1000(system) Binder:1749_C expire 1 line
04-20 19:08:24.619  1749  3475 I chatty  : uid=1000(system) Binder:1749_E expire 2 lines
04-20 19:08:24.780  1749  2917 I chatty  : uid=1000(system) Binder:1749_A expire 1 line
04-20 19:08:24.781  1749  2387 I chatty  : uid=1000(system) Binder:1749_5 expire 1 line
04-20 19:08:25.051  1749  8013 I chatty  : uid=1000(system) Binder:1749_1B expire 1 line
04-20 19:08:25.108  1749  7481 I chatty  : uid=1000(system) Binder:1749_18 expire 2 lines
04-20 19:08:25.292  1749  1768 I chatty  : uid=1000(system) Binder:1749_2 expire 2 lines
04-20 19:08:25.305  1749  1749 I chatty  : uid=1000 system_server expire 21 lines
04-20 19:08:25.671  1749  3454 I chatty  : uid=1000(system) Binder:1749_D expire 4 lines
04-20 19:08:25.827  1749  2646 I chatty  : uid=1000(system) android.fg expire 6 lines
04-20 19:08:25.989   728  6947 W SocketClient: write error (Broken pipe)
04-20 19:08:26.041  1749  1749 I chatty  : uid=1000 system_server expire 130 lines
04-20 19:08:26.061  1749  3485 I chatty  : uid=1000(system) Binder:1749_11 expire 2 lines
04-20 19:08:26.117  1749  1769 I chatty  : uid=1000(system) android.fg expire 2 lines
04-20 19:08:26.165  1749  5123 I chatty  : uid=1000(system) Binder:1749_15 expire 1 line
04-20 19:08:26.179  1749  1782 I chatty  : uid=1000(system) ActivityManager expire 6 lines
04-20 19:08:26.233  1749  3454 I chatty  : uid=1000(system) Binder:1749_D expire 1 line
04-20 19:08:26.282  1749  2240 I chatty  : uid=1000(system) Binder:1749_4 expire 1 line
04-20 19:08:26.352  1749  2444 I chatty  : uid=1000(system) Binder:1749_6 expire 1 line
04-20 19:08:26.441  1749  8013 I chatty  : uid=1000(system) Binder:1749_1B expire 1 line
04-20 19:08:26.634  1749  2464 I chatty  : uid=1000(system) Binder:1749_7 expire 2 lines
04-20 19:08:26.637  1749  1781 I chatty  : uid=1000(system) ActivityManager expire 19 lines
04-20 19:08:26.701  1749  3482 I chatty  : uid=1000(system) Binder:1749_F expire 1 line
04-20 19:08:26.824  8168  8214 D SystemConfig: Removed unavailable feature android.hardware.sensor.gyroscope
04-20 19:08:26.831  8168  8214 W SystemConfig: No directory /oem/etc/sysconfig, skipping
04-20 19:08:26.831  8168  8214 W SystemConfig: No directory /oem/etc/permissions, skipping
04-20 19:08:26.896  8168  8214 W SystemConfig: No directory /system/etc/motorola/bgintents, skipping
04-20 19:08:26.897  8168  8214 W SystemConfig: No directory /oem/etc/motorola/bgintents, skipping
04-20 19:08:26.899  8168  8214 W SystemConfig: No directory /product_services/etc/sysconfig, skipping
04-20 19:08:26.899  8168  8214 W SystemConfig: No directory /product_services/etc/permissions, skipping
04-20 19:08:26.899  8168  8214 W SystemConfig: No directory /system/etc/motorola/sysconfig, skipping
04-20 19:08:26.899  8168  8214 W SystemConfig: No directory /oem/etc/motorola/sysconfig, skipping
04-20 19:08:26.900  8168  8214 W SystemConfig: No directory /product/etc/motorola/sysconfig, skipping
04-20 19:08:27.270  1749  1780 I chatty  : uid=1000(system) android.bg expire 1 line
04-20 19:08:27.617  1749  3322 I chatty  : uid=1000(system) LazyTaskWriterT expire 1 line
04-20 19:08:27.949  1749  3453 I chatty  : uid=1000(system) Binder:1749_C expire 1 line
04-20 19:08:29.349  1749  2917 I chatty  : uid=1000(system) Binder:1749_A expire 2 lines
04-20 19:08:29.448  1749  2236 I chatty  : uid=1000(system) NetworkStats expire 1 line
04-20 19:08:29.860  1749  1749 I chatty  : uid=1000 system_server expire 65 lines
04-20 19:08:30.092  1749  8013 I chatty  : uid=1000(system) Binder:1749_1B expire 3 lines
04-20 19:08:30.221  1749  2917 I chatty  : uid=1000(system) Binder:1749_A expire 6 lines
04-20 19:08:30.247  1749  3453 I chatty  : uid=1000(system) Binder:1749_C expire 6 lines
04-20 19:08:30.371  1749  5077 I chatty  : uid=1000(system) Binder:1749_14 expire 4 lines
04-20 19:08:30.466  1749  1782 I chatty  : uid=1000(system) ActivityManager expire 17 lines
04-20 19:08:30.763  1749  2054 I chatty  : uid=1000(system) UEventObserver expire 1 line
04-20 19:08:30.768  1749  2240 I chatty  : uid=1000(system) Binder:1749_4 expire 1 line
04-20 19:08:30.828  1749  3482 I chatty  : uid=1000(system) Binder:1749_F expire 1 line
04-20 19:08:30.838  1749  3485 I chatty  : uid=1000(system) Binder:1749_11 expire 7 lines
04-20 19:08:31.110  1749  7787 I chatty  : uid=1000(system) Binder:1749_1A expire 5 lines
04-20 19:08:31.188  1749  1781 I chatty  : uid=1000(system) ActivityManager expire 3 lines
04-20 19:08:31.305  1749  3451 I chatty  : uid=1000(system) Binder:1749_B expire 24 lines
04-20 19:08:31.374  1749  3454 I chatty  : uid=1000(system) Binder:1749_D expire 1 line
04-20 19:08:31.433  1749  3487 I chatty  : uid=1000(system) Binder:1749_13 expire 8 lines
04-20 19:08:31.782  1749  2255 I chatty  : uid=1000(system) ConnectivitySer expire 3 lines
04-20 19:08:35.802   728  6945 W SocketClient: write error (Broken pipe)
04-20 19:08:35.993  1749  1772 I chatty  : uid=1000(system) android.display expire 1 line
04-20 19:08:37.230  1749  5874 I chatty  : uid=1000(system) Binder:1749_17 expire 1 line
04-20 19:08:37.448  1749  2646 I chatty  : uid=1000(system) android.fg expire 1 line
04-20 19:08:37.540  1749  2749 I chatty  : uid=1000(system) Binder:1749_9 expire 5 lines
04-20 19:08:37.670  1749  1769 I chatty  : uid=1000(system) android.fg expire 2 lines
04-20 19:08:37.980  1749  1780 I chatty  : uid=1000(system) android.bg expire 1 line
04-20 19:08:38.139  1749  2444 I chatty  : uid=1000(system) Binder:1749_6 expire 1 line
04-20 19:08:38.926  1749  1768 I chatty  : uid=1000(system) Binder:1749_2 expire 5 lines
04-20 19:08:41.648  1749  2749 I chatty  : uid=1000(system) Binder:1749_9 expire 6 lines
04-20 19:08:41.689  1749  1782 I chatty  : uid=1000(system) ActivityManager expire 13 lines
04-20 19:08:41.950  1749  3484 I chatty  : uid=1000(system) Binder:1749_10 expire 5 lines
04-20 19:08:42.316  1749  3482 I chatty  : uid=1000(system) Binder:1749_F expire 3 lines
04-20 19:08:42.420  1749  2464 I chatty  : uid=1000(system) Binder:1749_7 expire 8 lines
04-20 19:08:44.297  1749  1749 I chatty  : uid=1000 system_server expire 12 lines
04-20 19:08:44.339  1749  2646 I chatty  : uid=1000(system) android.fg expire 3 lines
04-20 19:08:44.473  1749  7754 I chatty  : uid=1000(system) Binder:1749_19 expire 5 lines
04-20 19:08:44.540  1749  5123 I chatty  : uid=1000(system) Binder:1749_15 expire 13 lines
04-20 19:08:44.544  1749  1769 I chatty  : uid=1000(system) android.fg expire 6 lines
04-20 19:08:44.817  1749  1780 I chatty  : uid=1000(system) android.bg expire 3 lines
04-20 19:08:44.848  1749  3485 I chatty  : uid=1000(system) Binder:1749_11 expire 1 line
04-20 19:08:44.960  1749  8013 I chatty  : uid=1000(system) Binder:1749_1B expire 18 lines
04-20 19:08:45.044  1749  2444 I chatty  : uid=1000(system) Binder:1749_6 expire 5 lines
04-20 19:08:45.044  1749  2255 I chatty  : uid=1000(system) ConnectivitySer expire 6 lines
04-20 19:08:46.564  1749  1772 I chatty  : uid=1000(system) android.display expire 1 line
04-20 19:08:46.636  1749  5077 I chatty  : uid=1000(system) Binder:1749_14 expire 3 lines
04-20 19:08:48.011  1749  3453 I chatty  : uid=1000(system) Binder:1749_C expire 4 lines
04-20 19:08:49.813  1749  7787 I chatty  : uid=1000(system) Binder:1749_1A expire 2 lines
04-20 19:08:49.905  1749  3486 I chatty  : uid=1000(system) Binder:1749_12 expire 3 lines
04-20 19:08:50.235  1749  1781 I chatty  : uid=1000(system) ActivityManager expire 5 lines
04-20 19:08:50.257  1749  1767 I chatty  : uid=1000(system) Binder:1749_1 expire 3 lines
04-20 19:08:50.535  1749 10173 I chatty  : uid=1000(system) Binder:1749_1D expire 2 lines
04-20 19:08:51.282  1749  3475 I chatty  : uid=1000(system) Binder:1749_E expire 1 line
04-20 19:08:52.415  1749  2387 I chatty  : uid=1000(system) Binder:1749_5 expire 2 lines
04-20 19:08:54.233  3334  3334 W ContextImpl: Calling a method in the system process without a qualified user: android.app.ContextImpl.startService:1585 android.content.ContextWrapper.startService:669 android.content.ContextWrapper.startService:669 com.motorola.ccc.main.StartUpReceiver.onReceive:21 android.app.ActivityThread.handleReceiver:4003 
04-20 19:08:54.459  1749  1782 I chatty  : uid=1000(system) ActivityManager expire 12 lines
04-20 19:08:56.383  1749  5605 I chatty  : uid=1000(system) Binder:1749_16 expire 4 lines
04-20 19:08:56.412 10465 10465 D ActivityThread: Loading provider contacts;com.android.contacts: com.android.providers.contacts.ContactsProvider2
04-20 19:08:59.223  1749  8013 I chatty  : uid=1000(system) Binder:1749_1B expire 2 lines
04-20 19:09:00.880  1749  5874 I chatty  : uid=1000(system) Binder:1749_17 expire 3 lines
04-20 19:09:06.761  3398  3398 W KeyphraseEnrollmentInfo: No enrollment application supports the given keyphrase/locale: 'X Google'/en_US
04-20 19:09:06.776  3398  3398 I chatty  : uid=10122 com.google.android.googlequicksearchbox:interactor identical 2 lines
04-20 19:09:06.776  3398  3398 W KeyphraseEnrollmentInfo: No enrollment application supports the given keyphrase/locale: 'X Google'/en_US
04-20 19:09:06.930  1749  1782 I chatty  : uid=1000(system) ActivityManager expire 2 lines
04-20 19:09:07.080  1749  2039 I chatty  : uid=1000(system) Binder:1749_3 expire 2 lines
04-20 19:09:07.684  1749  5123 I chatty  : uid=1000(system) Binder:1749_15 expire 2 lines
04-20 19:09:08.915  1749  9826 I chatty  : uid=1000(system) Binder:1749_1C expire 1 line
04-20 19:09:09.243  1749  7481 I chatty  : uid=1000(system) Binder:1749_18 expire 1 line
04-20 19:09:10.034  1749 11122 I chatty  : uid=1000(system) Binder:1749_1E expire 1 line
04-20 19:09:10.036  1749  1781 I chatty  : uid=1000(system) ActivityManager expire 2 lines
04-20 19:09:10.253  1749  1749 I chatty  : uid=1000 system_server expire 14 lines
04-20 19:09:10.266  1749  2646 I chatty  : uid=1000(system) android.fg expire 4 lines
04-20 19:09:10.321  1749  1782 I chatty  : uid=1000(system) ActivityManager expire 10 lines
04-20 19:09:10.515  1749  1769 I chatty  : uid=1000(system) android.fg expire 5 lines
04-20 19:09:10.858  1749  3454 I chatty  : uid=1000(system) Binder:1749_D expire 2 lines
04-20 19:09:10.897  1749  1780 I chatty  : uid=1000(system) android.bg expire 3 lines
04-20 19:09:11.056  1749  3485 I chatty  : uid=1000(system) Binder:1749_11 expire 1 line
04-20 19:09:11.530  1749  7787 I chatty  : uid=1000(system) Binder:1749_1A expire 4 lines
04-20 19:09:12.103  1749  9826 I chatty  : uid=1000(system) Binder:1749_1C expire 1 line
04-20 19:09:12.107  3243 11203 D ActivityThread: Loading provider com.google.android.gms.thunderbird.settings: com.google.android.gms.thunderbird.settings.ThunderbirdSettingsContentProvider
04-20 19:09:12.655  3243 11427 D ActivityThread: Loading provider com.google.android.gms.lighter.data: com.google.android.gms.matchstick.data.LighterContentProvider
04-20 19:09:12.660  3243 11426 D ActivityThread: Loading provider com.google.android.gms.lighter.data: com.google.android.gms.matchstick.data.LighterContentProvider
04-20 19:09:12.730  1749  3451 I chatty  : uid=1000(system) Binder:1749_B expire 3 lines
04-20 19:09:12.884  1749  3486 I chatty  : uid=1000(system) Binder:1749_12 expire 2 lines
04-20 19:09:12.890  1749  8013 I chatty  : uid=1000(system) Binder:1749_1B expire 4 lines
04-20 19:09:13.001  1749  3453 I chatty  : uid=1000(system) Binder:1749_C expire 2 lines
04-20 19:09:13.019  1749  2464 I chatty  : uid=1000(system) Binder:1749_7 expire 1 line
04-20 19:09:14.520  1749 11454 I chatty  : uid=1000 system_server expire 5 lines
04-20 19:09:14.546  1749 11455 I chatty  : uid=1000 system_server expire 4 lines
04-20 19:09:14.712  1749 11457 I chatty  : uid=1000 system_server expire 4 lines
04-20 19:09:15.802  1749 11465 I chatty  : uid=1000 system_server expire 4 lines
04-20 19:09:16.902  1749 11468 I chatty  : uid=1000 system_server expire 4 lines
04-20 19:09:18.009  9658  9658 I ActivityThread: Removing dead content provider:android.content.ContentProviderProxy@eca2a1f
04-20 19:09:18.009  9658  9658 I ActivityThread: Removing dead content provider:android.content.ContentProviderProxy@eca2a1f
04-20 19:09:18.009 10985 10985 I ActivityThread: Removing dead content provider:android.content.ContentProviderProxy@aef97fa
04-20 19:09:18.010 10985 10985 I ActivityThread: Removing dead content provider:android.content.ContentProviderProxy@aef97fa
04-20 19:09:18.010  1749  5874 I chatty  : uid=1000(system) Binder:1749_17 expire 30 lines
04-20 19:09:18.011 11274 11274 I ActivityThread: Removing dead content provider:android.content.ContentProviderProxy@afe7ce2
04-20 19:09:18.011 11274 11274 I ActivityThread: Removing dead content provider:android.content.ContentProviderProxy@afe7ce2
04-20 19:09:18.013 10327 10327 I ActivityThread: Removing dead content provider:android.content.ContentProviderProxy@91845ad
04-20 19:09:18.013 10327 10327 I ActivityThread: Removing dead content provider:android.content.ContentProviderProxy@91845ad
04-20 19:09:18.016  8282  8282 I ActivityThread: Removing dead content provider:android.content.ContentProviderProxy@2b0ef2b
04-20 19:09:18.016  8282  8282 I ActivityThread: Removing dead content provider:android.content.ContentProviderProxy@2b0ef2b
04-20 19:09:18.043  1749  2255 I chatty  : uid=1000(system) ConnectivitySer expire 1 line
04-20 19:09:18.043  1749  3484 I chatty  : uid=1000(system) Binder:1749_10 expire 4 lines
04-20 19:09:18.109  1749  3482 I chatty  : uid=1000(system) Binder:1749_F expire 10 lines
04-20 19:09:18.728  1749  2917 I chatty  : uid=1000(system) Binder:1749_A expire 9 lines
04-20 19:09:18.782 11477 11555 E ActivityThread: Failed to find provider info for instantapp-dev-manager
04-20 19:09:19.768 11504 11603 D SystemConfig: Removed unavailable feature android.hardware.sensor.gyroscope
04-20 19:09:19.775 11504 11603 W SystemConfig: No directory /oem/etc/sysconfig, skipping
04-20 19:09:19.775 11504 11603 W SystemConfig: No directory /oem/etc/permissions, skipping
04-20 19:09:19.809  1749  2114 I chatty  : uid=1000(system) AlarmManager expire 1 line
04-20 19:09:19.838 11504 11603 W SystemConfig: No directory /system/etc/motorola/bgintents, skipping
04-20 19:09:19.838 11504 11603 W SystemConfig: No directory /oem/etc/motorola/bgintents, skipping
04-20 19:09:19.841 11504 11603 W SystemConfig: No directory /product_services/etc/sysconfig, skipping
04-20 19:09:19.841 11504 11603 W SystemConfig: No directory /product_services/etc/permissions, skipping
04-20 19:09:19.841 11504 11603 W SystemConfig: No directory /system/etc/motorola/sysconfig, skipping
04-20 19:09:19.841 11504 11603 W SystemConfig: No directory /oem/etc/motorola/sysconfig, skipping
04-20 19:09:19.844 11504 11603 W SystemConfig: No directory /product/etc/motorola/sysconfig, skipping
04-20 19:09:20.210  1749 11470 I chatty  : uid=1000(system) Binder:1749_1F expire 14 lines
04-20 19:09:20.284  1749 10173 I chatty  : uid=1000(system) Binder:1749_1D expire 10 lines
04-20 19:09:20.454  1749 11475 I chatty  : uid=1000(system) Binder:1749_20 expire 5 lines
04-20 19:09:22.014  1749  2054 I chatty  : uid=1000(system) UEventObserver expire 1 line
04-20 19:09:23.703  1749  1773 I chatty  : uid=1000(system) android.anim expire 15 lines
04-20 19:09:23.826  1749 10173 I chatty  : uid=1000(system) Binder:1749_1D expire 8 lines
04-20 19:09:23.863  1749  8013 I chatty  : uid=1000(system) Binder:1749_1B expire 6 lines
04-20 19:09:23.912  1749 11475 I chatty  : uid=1000(system) Binder:1749_20 expire 8 lines
04-20 19:09:23.976  1749  1782 I chatty  : uid=1000(system) ActivityManager expire 14 lines
04-20 19:09:24.342  1749  1749 I chatty  : uid=1000 system_server expire 54 lines
04-20 19:09:24.723  1749 11470 I chatty  : uid=1000(system) Binder:1749_1F expire 1 line
04-20 19:09:24.943  1749  5605 I chatty  : uid=1000(system) Binder:1749_16 expire 15 lines
04-20 19:09:26.542  1749  2054 I chatty  : uid=1000(system) UEventObserver expire 1 line
04-20 19:09:26.880  1749  2917 I chatty  : uid=1000(system) Binder:1749_A expire 1 line
04-20 19:09:27.307  1749  3322 I chatty  : uid=1000(system) LazyTaskWriterT expire 1 line
04-20 19:09:29.147  1749  3475 I chatty  : uid=1000(system) Binder:1749_E expire 2 lines
04-20 19:09:30.163  1749  3454 I chatty  : uid=1000(system) Binder:1749_D expire 7 lines
04-20 19:09:30.286  1749  7754 I chatty  : uid=1000(system) Binder:1749_19 expire 5 lines
04-20 19:09:30.532  1749  7787 I chatty  : uid=1000(system) Binder:1749_1A expire 1 line
04-20 19:09:30.930  1749  3485 I chatty  : uid=1000(system) Binder:1749_11 expire 2 lines
04-20 19:09:31.012  1749  1772 I chatty  : uid=1000(system) android.display expire 1 line
04-20 19:09:31.079  1749 11122 I chatty  : uid=1000(system) Binder:1749_1E expire 6 lines
04-20 19:09:31.496  1749  2749 I chatty  : uid=1000(system) Binder:1749_9 expire 1 line
04-20 19:09:31.496  1749  2255 I chatty  : uid=1000(system) ConnectivitySer expire 2 lines
04-20 19:09:31.991  1749  3482 I chatty  : uid=1000(system) Binder:1749_F expire 3 lines
04-20 19:09:32.047  1749  9826 I chatty  : uid=1000(system) Binder:1749_1C expire 2 lines
04-20 19:09:32.473  1749  1781 I chatty  : uid=1000(system) ActivityManager expire 1 line
04-20 19:09:32.580  1749  2039 I chatty  : uid=1000(system) Binder:1749_3 expire 1 line
04-20 19:09:32.580  1749  2603 I chatty  : uid=1000(system) Binder:1749_8 expire 4 lines
04-20 19:09:32.815  1749  3484 I chatty  : uid=1000(system) Binder:1749_10 expire 1 line
04-20 19:09:33.059  1749  2464 I chatty  : uid=1000(system) Binder:1749_7 expire 6 lines
04-20 19:09:33.474  1749  8013 I chatty  : uid=1000(system) Binder:1749_1B expire 9 lines
04-20 19:09:33.519  1749  1773 I chatty  : uid=1000(system) android.anim expire 17 lines
04-20 19:09:33.536  1749  3454 I chatty  : uid=1000(system) Binder:1749_D expire 2 lines
04-20 19:09:33.566  1749  9826 I chatty  : uid=1000(system) Binder:1749_1C expire 9 lines
04-20 19:09:34.365  1749  3322 I chatty  : uid=1000(system) LazyTaskWriterT expire 2 lines
04-20 19:09:36.874  1749  2646 I chatty  : uid=1000(system) android.fg expire 5 lines
04-20 19:09:37.014  1749  1749 I chatty  : uid=1000 system_server expire 16 lines
04-20 19:09:37.081  1749  1769 I chatty  : uid=1000(system) android.fg expire 8 lines
04-20 19:09:37.681  1749  1767 I chatty  : uid=1000(system) Binder:1749_1 expire 4 lines
04-20 19:09:37.722  1749  3484 I chatty  : uid=1000(system) Binder:1749_10 expire 4 lines
04-20 19:09:38.024  1749  1782 I chatty  : uid=1000(system) ActivityManager expire 4 lines
04-20 19:09:38.602  1749  3487 I chatty  : uid=1000(system) Binder:1749_13 expire 1 line
04-20 19:09:38.616  1749  3486 I chatty  : uid=1000(system) Binder:1749_12 expire 1 line
04-20 19:09:38.624  1749 10173 I chatty  : uid=1000(system) Binder:1749_1D expire 1 line
04-20 19:09:39.232  1749 11475 I chatty  : uid=1000(system) Binder:1749_20 expire 1 line
04-20 19:09:45.604  1749  2749 I chatty  : uid=1000(system) Binder:1749_9 expire 7 lines
04-20 19:09:48.392  1749  1781 I chatty  : uid=1000(system) ActivityManager expire 15 lines
04-20 19:09:48.450  1749  3485 I chatty  : uid=1000(system) Binder:1749_11 expire 8 lines
04-20 19:09:48.483  1749  2387 I chatty  : uid=1000(system) Binder:1749_5 expire 13 lines
04-20 19:09:49.202  1749  2255 I chatty  : uid=1000(system) ConnectivitySer expire 1 line
04-20 19:09:49.276  1749  5123 I chatty  : uid=1000(system) Binder:1749_15 expire 2 lines
04-20 19:09:50.029  1749  5605 I chatty  : uid=1000(system) Binder:1749_16 expire 8 lines
04-20 19:09:50.050  1749  7754 I chatty  : uid=1000(system) Binder:1749_19 expire 6 lines
04-20 19:09:55.087  1749  1772 I chatty  : uid=1000(system) android.display expire 1 line
04-20 19:09:59.307  1749  2626 I chatty  : uid=1000(system) IzatProvider expire 2 lines
04-20 19:09:59.380  1749  3482 I chatty  : uid=1000(system) Binder:1749_F expire 5 lines
04-20 19:09:59.403  1749  7481 I chatty  : uid=1000(system) Binder:1749_18 expire 3 lines
04-20 19:09:59.451  1749  3451 I chatty  : uid=1000(system) Binder:1749_B expire 6 lines
04-20 19:09:59.976  1749  2039 I chatty  : uid=1000(system) Binder:1749_3 expire 1 line
04-20 19:10:00.477 12615 12658 W ContextImpl: Calling a method in the system process without a qualified user: android.app.ContextImpl.bindService:1664 android.content.ContextWrapper.bindService:705 com.google.android.setupcompat.internal.SetupCompatServiceProvider.requestServiceBind:140 com.google.android.setupcompat.internal.SetupCompatServiceProvider.getInstance:319 com.google.android.setupcompat.internal.SetupCompatServiceProvider.get:55 
04-20 19:10:00.562  1749  1773 I chatty  : uid=1000(system) android.anim expire 18 lines
04-20 19:10:00.631  1749  2039 I chatty  : uid=1000(system) Binder:1749_3 expire 12 lines
04-20 19:10:00.708  1749  2387 I chatty  : uid=1000(system) Binder:1749_5 expire 3 lines
04-20 19:10:00.848  1749  3482 I chatty  : uid=1000(system) Binder:1749_F expire 2 lines
04-20 19:10:00.874  1749  9826 I chatty  : uid=1000(system) Binder:1749_1C expire 1 line
04-20 19:10:01.161  1749  1772 I chatty  : uid=1000(system) android.display expire 2 lines
04-20 19:10:01.691  1749  1749 I chatty  : uid=1000 system_server expire 7 lines
04-20 19:10:01.704  1749  2646 I chatty  : uid=1000(system) android.fg expire 2 lines
04-20 19:10:01.734  1749  1782 I chatty  : uid=1000(system) ActivityManager expire 13 lines
04-20 19:10:01.944 12680 12705 D SystemConfig: Removed unavailable feature android.hardware.sensor.gyroscope
04-20 19:10:01.947 12680 12705 W SystemConfig: No directory /oem/etc/sysconfig, skipping
04-20 19:10:01.947 12680 12705 W SystemConfig: No directory /oem/etc/permissions, skipping
04-20 19:10:01.992 12680 12705 W SystemConfig: No directory /system/etc/motorola/bgintents, skipping
04-20 19:10:01.992 12680 12705 W SystemConfig: No directory /oem/etc/motorola/bgintents, skipping
04-20 19:10:01.995 12680 12705 W SystemConfig: No directory /product_services/etc/sysconfig, skipping
04-20 19:10:01.995 12680 12705 W SystemConfig: No directory /product_services/etc/permissions, skipping
04-20 19:10:01.995 12680 12705 W SystemConfig: No directory /system/etc/motorola/sysconfig, skipping
04-20 19:10:01.995 12680 12705 W SystemConfig: No directory /oem/etc/motorola/sysconfig, skipping
04-20 19:10:01.995 12680 12705 W SystemConfig: No directory /product/etc/motorola/sysconfig, skipping
04-20 19:10:02.301  1749  1780 I chatty  : uid=1000(system) android.bg expire 1 line
04-20 19:10:02.498  1749  3322 I chatty  : uid=1000(system) LazyTaskWriterT expire 3 lines
04-20 19:10:04.856  1749  3453 I chatty  : uid=1000(system) Binder:1749_C expire 1 line
04-20 19:10:05.474  1749  5077 I chatty  : uid=1000(system) Binder:1749_14 expire 11 lines
04-20 19:10:05.523  1749  3485 I chatty  : uid=1000(system) Binder:1749_11 expire 7 lines
04-20 19:10:06.205  1749  7481 I chatty  : uid=1000(system) Binder:1749_18 expire 4 lines
04-20 19:10:06.257  1749  1781 I chatty  : uid=1000(system) ActivityManager expire 25 lines
04-20 19:10:06.728  1749  5605 I chatty  : uid=1000(system) Binder:1749_16 expire 5 lines
04-20 19:10:09.763  1749  3484 I chatty  : uid=1000(system) Binder:1749_10 expire 1 line
04-20 19:10:09.886  1749  5874 I chatty  : uid=1000(system) Binder:1749_17 expire 1 line
04-20 19:10:12.668  1749  1771 I chatty  : uid=1000(system) android.io expire 9 lines
04-20 19:10:12.889  1749  1794 I chatty  : uid=1000(system) PackageManager expire 27 lines
04-20 19:10:13.786  1749  2067 I chatty  : uid=1000(system) AccountManagerS expire 1 line
04-20 19:10:13.987  1749  2603 I chatty  : uid=1000(system) Binder:1749_8 expire 1 line
04-20 19:10:14.009  1749  1769 I chatty  : uid=1000(system) android.fg expire 1 line
04-20 19:10:14.015  1749 11470 I chatty  : uid=1000(system) Binder:1749_1F expire 2 lines
04-20 19:10:14.107  1749  3487 I chatty  : uid=1000(system) Binder:1749_13 expire 1 line
04-20 19:10:14.120  1749  2444 I chatty  : uid=1000(system) Binder:1749_6 expire 3 lines
04-20 19:10:14.127  1749  3454 I chatty  : uid=1000(system) Binder:1749_D expire 3 lines
04-20 19:10:14.137  1749  3482 I chatty  : uid=1000(system) Binder:1749_F expire 7 lines
04-20 19:10:14.147  1749  1749 I chatty  : uid=1000 system_server expire 15 lines
04-20 19:10:14.200  1749  5874 I chatty  : uid=1000(system) Binder:1749_17 expire 13 lines
04-20 19:10:14.218  1749  2444 I chatty  : uid=1000(system) Binder:1749_6 expire 2 lines
04-20 19:10:14.287  1749  1773 I chatty  : uid=1000(system) android.anim expire 11 lines
04-20 19:10:14.295  1749  2464 I chatty  : uid=1000(system) Binder:1749_7 expire 7 lines
04-20 19:10:14.315  1749  1769 I chatty  : uid=1000(system) android.fg expire 3 lines
04-20 19:10:14.332  1749  1782 I chatty  : uid=1000(system) ActivityManager expire 6 lines
04-20 19:10:14.596  1749  1780 I chatty  : uid=1000(system) android.bg expire 3 lines
04-20 19:10:15.088  1749  2646 I chatty  : uid=1000(system) android.fg expire 6 lines
04-20 19:10:20.496  1749  2240 I chatty  : uid=1000(system) Binder:1749_4 expire 3 lines
04-20 19:10:20.552  1749  3475 I chatty  : uid=1000(system) Binder:1749_E expire 8 lines
04-20 19:10:23.451  1749  2054 I chatty  : uid=1000(system) UEventObserver expire 3 lines
04-20 19:10:30.341  1749  3484 I chatty  : uid=1000(system) Binder:1749_10 expire 4 lines
04-20 19:10:37.204  1749  3453 I chatty  : uid=1000(system) Binder:1749_C expire 7 lines
04-20 19:10:42.026  1749  1781 I chatty  : uid=1000(system) ActivityManager expire 10 lines
04-20 19:10:46.579  1749  2603 I chatty  : uid=1000(system) Binder:1749_8 expire 7 lines
04-20 19:10:46.604  1749  3487 I chatty  : uid=1000(system) Binder:1749_13 expire 13 lines
04-20 19:10:46.965  7655 13072 E ActivityThread: Failed to find provider info for com.motorola.ccc.cce.datausage
04-20 19:10:50.346  1749  1773 I chatty  : uid=1000(system) android.anim expire 11 lines
04-20 19:10:50.998  7655 13134 E ActivityThread: Failed to find provider info for com.motorola.ccc.cce.datausage
04-20 19:10:52.509  7655 10325 E ActivityThread: Failed to find provider info for com.motorola.ccc.cce.datausage
04-20 19:10:53.393  1749  1768 I chatty  : uid=1000(system) Binder:1749_2 expire 11 lines
04-20 19:10:53.504  7655 13193 E ActivityThread: Failed to find provider info for com.motorola.ccc.cce.datausage
04-20 19:10:53.513  1749  1749 I chatty  : uid=1000 system_server expire 7 lines
04-20 19:10:53.754  7655 13072 E ActivityThread: Failed to find provider info for com.motorola.ccc.cce.datausage
04-20 19:10:53.876  7655 13188 E ActivityThread: Failed to find provider info for com.motorola.ccc.cce.datausage
04-20 19:10:54.104  7655 13193 E ActivityThread: Failed to find provider info for com.motorola.ccc.cce.datausage
04-20 19:10:54.220  1749  5874 I chatty  : uid=1000(system) Binder:1749_17 expire 5 lines
04-20 19:10:54.710  7655 13134 E ActivityThread: Failed to find provider info for com.motorola.ccc.cce.datausage
04-20 19:10:54.927  7655 13072 E ActivityThread: Failed to find provider info for com.motorola.ccc.cce.datausage
04-20 19:10:54.931  7655 10325 E ActivityThread: Failed to find provider info for com.motorola.ccc.cce.datausage
04-20 19:10:55.180 13318 13318 D ActivityThread: Loading provider contacts;com.android.contacts: com.android.providers.contacts.ContactsProvider2
04-20 19:10:55.282  1749  1772 I chatty  : uid=1000(system) android.display expire 1 line
04-20 19:10:55.336  1749  2039 I chatty  : uid=1000(system) Binder:1749_3 expire 6 lines
04-20 19:10:55.750  7655 13134 E ActivityThread: Failed to find provider info for com.motorola.ccc.cce.datausage
04-20 19:10:56.570  7655 13188 E ActivityThread: Failed to find provider info for com.motorola.ccc.cce.datausage
04-20 19:10:57.154  1749  3322 I chatty  : uid=1000(system) LazyTaskWriterT expire 2 lines
04-20 19:10:59.734  1749  1781 I chatty  : uid=1000(system) ActivityManager expire 8 lines
04-20 19:10:59.736  1749  1749 I chatty  : uid=1000 system_server expire 30 lines
04-20 19:10:59.800  1749  1768 I chatty  : uid=1000(system) Binder:1749_2 expire 6 lines
04-20 19:10:59.934  1749  1772 I chatty  : uid=1000(system) android.display expire 3 lines
04-20 19:10:59.946  1749  1780 I chatty  : uid=1000(system) android.bg expire 8 lines
04-20 19:10:59.972  2570  2570 E ExtAssistant: Error occurred processing removal of StatusBarNotification(pkg=com.google.android.setupwizard user=UserHandle{0} id=8 tag=null key=0|com.google.android.setupwizard|8|null|10128: Notification(channel=initial pri=0 contentView=null vibrate=null sound=null defaults=0x0 flags=0x862 color=0xff1a73e8 vis=PUBLIC))
04-20 19:10:59.972  2570  2570 E ExtAssistant: java.lang.NullPointerException: Attempt to invoke virtual method 'android.app.NotificationChannel android.ext.services.notification.NotificationEntry.getChannel()' on a null object reference
04-20 19:10:59.972  2570  2570 E ExtAssistant: 	at android.ext.services.notification.Assistant.onNotificationRemoved(Assistant.java:323)
04-20 19:10:59.972  2570  2570 E ExtAssistant: 	at android.service.notification.NotificationListenerService$MyHandler.handleMessage(NotificationListenerService.java:2043)
04-20 19:10:59.972  2570  2570 E ExtAssistant: 	at android.os.Handler.dispatchMessage(Handler.java:107)
04-20 19:10:59.972  2570  2570 E ExtAssistant: 	at android.os.Looper.loop(Looper.java:241)
04-20 19:10:59.972  2570  2570 E ExtAssistant: 	at android.app.ActivityThread.main(ActivityThread.java:7604)
04-20 19:10:59.972  2570  2570 E ExtAssistant: 	at java.lang.reflect.Method.invoke(Native Method)
04-20 19:10:59.972  2570  2570 E ExtAssistant: 	at com.android.internal.os.RuntimeInit$MethodAndArgsCaller.run(RuntimeInit.java:492)
04-20 19:10:59.972  2570  2570 E ExtAssistant: 	at com.android.internal.os.ZygoteInit.main(ZygoteInit.java:941)
04-20 19:10:59.996  1749  2464 I chatty  : uid=1000(system) Binder:1749_7 expire 3 lines
04-20 19:11:00.070 11504 11504 E LoadedApk: Unable to instantiate appComponentFactory
04-20 19:11:00.070 11504 11504 E LoadedApk: java.lang.ClassNotFoundException: Didn't find class "com.google.android.gms.chimera.GmsAppComponentFactory" on path: DexPathList[[],nativeLibraryDirectories=[/product/priv-app/GmsCore/lib/arm, /product/priv-app/GmsCore/GmsCore.apk!/lib/armeabi-v7a, /system/lib, /product/lib, /system/lib, /product/lib]]
04-20 19:11:00.070 11504 11504 E LoadedApk: 	at dalvik.system.BaseDexClassLoader.findClass(BaseDexClassLoader.java:196)
04-20 19:11:00.070 11504 11504 E LoadedApk: 	at java.lang.ClassLoader.loadClass(ClassLoader.java:379)
04-20 19:11:00.070 11504 11504 E LoadedApk: 	at java.lang.ClassLoader.loadClass(ClassLoader.java:312)
04-20 19:11:00.070 11504 11504 E LoadedApk: 	at android.app.LoadedApk.createAppFactory(LoadedApk.java:256)
04-20 19:11:00.070 11504 11504 E LoadedApk: 	at android.app.LoadedApk.updateApplicationInfo(LoadedApk.java:370)
04-20 19:11:00.070 11504 11504 E LoadedApk: 	at android.app.ActivityThread.handleApplicationInfoChanged(ActivityThread.java:5917)
04-20 19:11:00.070 11504 11504 E LoadedApk: 	at android.app.ActivityThread$H.handleMessage(ActivityThread.java:2172)
04-20 19:11:00.070 11504 11504 E LoadedApk: 	at android.os.Handler.dispatchMessage(Handler.java:107)
04-20 19:11:00.070 11504 11504 E LoadedApk: 	at android.os.Looper.loop(Looper.java:241)
04-20 19:11:00.070 11504 11504 E LoadedApk: 	at android.app.ActivityThread.main(ActivityThread.java:7604)
04-20 19:11:00.070 11504 11504 E LoadedApk: 	at java.lang.reflect.Method.invoke(Native Method)
04-20 19:11:00.070 11504 11504 E LoadedApk: 	at com.android.internal.os.RuntimeInit$MethodAndArgsCaller.run(RuntimeInit.java:492)
04-20 19:11:00.070 11504 11504 E LoadedApk: 	at com.android.internal.os.ZygoteInit.main(ZygoteInit.java:941)
04-20 19:11:00.091  1749  1773 I chatty  : uid=1000(system) android.anim expire 20 lines
04-20 19:11:00.096 12680 12680 E LoadedApk: Unable to instantiate appComponentFactory
04-20 19:11:00.096 12680 12680 E LoadedApk: java.lang.ClassNotFoundException: Didn't find class "androidx.core.app.CoreComponentFactory" on path: DexPathList[[],nativeLibraryDirectories=[/system/priv-app/GooglePermissionControllerPrebuilt/lib/arm, /system/lib, /product/lib, /system/lib, /product/lib]]
04-20 19:11:00.096 12680 12680 E LoadedApk: 	at dalvik.system.BaseDexClassLoader.findClass(BaseDexClassLoader.java:196)
04-20 19:11:00.096 12680 12680 E LoadedApk: 	at java.lang.ClassLoader.loadClass(ClassLoader.java:379)
04-20 19:11:00.096 12680 12680 E LoadedApk: 	at java.lang.ClassLoader.loadClass(ClassLoader.java:312)
04-20 19:11:00.096 12680 12680 E LoadedApk: 	at android.app.LoadedApk.createAppFactory(LoadedApk.java:256)
04-20 19:11:00.096 12680 12680 E LoadedApk: 	at android.app.LoadedApk.updateApplicationInfo(LoadedApk.java:370)
04-20 19:11:00.096 12680 12680 E LoadedApk: 	at android.app.ActivityThread.handleApplicationInfoChanged(ActivityThread.java:5917)
04-20 19:11:00.096 12680 12680 E LoadedApk: 	at android.app.ActivityThread$H.handleMessage(ActivityThread.java:2172)
04-20 19:11:00.096 12680 12680 E LoadedApk: 	at android.os.Handler.dispatchMessage(Handler.java:107)
04-20 19:11:00.096 12680 12680 E LoadedApk: 	at android.os.Looper.loop(Looper.java:241)
04-20 19:11:00.096 12680 12680 E LoadedApk: 	at android.app.ActivityThread.main(ActivityThread.java:7604)
04-20 19:11:00.096 12680 12680 E LoadedApk: 	at java.lang.reflect.Method.invoke(Native Method)
04-20 19:11:00.096 12680 12680 E LoadedApk: 	at com.android.internal.os.RuntimeInit$MethodAndArgsCaller.run(RuntimeInit.java:492)
04-20 19:11:00.096 12680 12680 E LoadedApk: 	at com.android.internal.os.ZygoteInit.main(ZygoteInit.java:941)
04-20 19:11:00.136  1749  1769 I chatty  : uid=1000(system) android.fg expire 7 lines
04-20 19:11:00.260  2313  2904 E LoadedApk: Unable to instantiate appComponentFactory
04-20 19:11:00.260  2313  2904 E LoadedApk: java.lang.ClassNotFoundException: Didn't find class "androidx.core.app.CoreComponentFactory" on path: DexPathList[[],nativeLibraryDirectories=[/product/priv-app/SystemUI/lib/arm, /system/lib, /product/lib, /system/lib, /product/lib]]
04-20 19:11:00.260  2313  2904 E LoadedApk: 	at dalvik.system.BaseDexClassLoader.findClass(BaseDexClassLoader.java:196)
04-20 19:11:00.260  2313  2904 E LoadedApk: 	at java.lang.ClassLoader.loadClass(ClassLoader.java:379)
04-20 19:11:00.260  2313  2904 E LoadedApk: 	at java.lang.ClassLoader.loadClass(ClassLoader.java:312)
04-20 19:11:00.260  2313  2904 E LoadedApk: 	at android.app.LoadedApk.createAppFactory(LoadedApk.java:256)
04-20 19:11:00.260  2313  2904 E LoadedApk: 	at android.app.LoadedApk.updateApplicationInfo(LoadedApk.java:370)
04-20 19:11:00.260  2313  2904 E LoadedApk: 	at android.app.ActivityThread.getPackageInfo(ActivityThread.java:2414)
04-20 19:11:00.260  2313  2904 E LoadedApk: 	at android.app.ContextImpl.createPackageContextAsUser(ContextImpl.java:2206)
04-20 19:11:00.260  2313  2904 E LoadedApk: 	at android.content.ContextWrapper.createPackageContextAsUser(ContextWrapper.java:891)
04-20 19:11:00.260  2313  2904 E LoadedApk: 	at com.android.systemui.media.RingtonePlayer.getContextForUser(RingtonePlayer.java:233)
04-20 19:11:00.260  2313  2904 E LoadedApk: 	at com.android.systemui.media.RingtonePlayer.access$000(RingtonePlayer.java:51)
04-20 19:11:00.260  2313  2904 E LoadedApk: 	at com.android.systemui.media.RingtonePlayer$1.playAsync(RingtonePlayer.java:183)
04-20 19:11:00.260  2313  2904 E LoadedApk: 	at android.media.IRingtonePlayer$Stub.onTransact(IRingtonePlayer.java:256)
04-20 19:11:00.260  2313  2904 E LoadedApk: 	at android.os.Binder.execTransactInternal(Binder.java:1036)
04-20 19:11:00.260  2313  2904 E LoadedApk: 	at android.os.Binder.execTransact(Binder.java:1003)
04-20 19:11:00.374  2313  2313 E LoadedApk: Unable to instantiate appComponentFactory
04-20 19:11:00.374  2313  2313 E LoadedApk: java.lang.ClassNotFoundException: Didn't find class "androidx.core.app.CoreComponentFactory" on path: DexPathList[[],nativeLibraryDirectories=[/product/priv-app/SystemUI/lib/arm, /system/lib, /product/lib, /system/lib, /product/lib]]
04-20 19:11:00.374  2313  2313 E LoadedApk: 	at dalvik.system.BaseDexClassLoader.findClass(BaseDexClassLoader.java:196)
04-20 19:11:00.374  2313  2313 E LoadedApk: 	at java.lang.ClassLoader.loadClass(ClassLoader.java:379)
04-20 19:11:00.374  2313  2313 E LoadedApk: 	at java.lang.ClassLoader.loadClass(ClassLoader.java:312)
04-20 19:11:00.374  2313  2313 E LoadedApk: 	at android.app.LoadedApk.createAppFactory(LoadedApk.java:256)
04-20 19:11:00.374  2313  2313 E LoadedApk: 	at android.app.LoadedApk.updateApplicationInfo(LoadedApk.java:370)
04-20 19:11:00.374  2313  2313 E LoadedApk: 	at android.app.ActivityThread.handleApplicationInfoChanged(ActivityThread.java:5917)
04-20 19:11:00.374  2313  2313 E LoadedApk: 	at android.app.ActivityThread$H.handleMessage(ActivityThread.java:2172)
04-20 19:11:00.374  2313  2313 E LoadedApk: 	at android.os.Handler.dispatchMessage(Handler.java:107)
04-20 19:11:00.374  2313  2313 E LoadedApk: 	at android.os.Looper.loop(Looper.java:241)
04-20 19:11:00.374  2313  2313 E LoadedApk: 	at android.app.ActivityThread.main(ActivityThread.java:7604)
04-20 19:11:00.374  2313  2313 E LoadedApk: 	at java.lang.reflect.Method.invoke(Native Method)
04-20 19:11:00.374  2313  2313 E LoadedApk: 	at com.android.internal.os.RuntimeInit$MethodAndArgsCaller.run(RuntimeInit.java:492)
04-20 19:11:00.374  2313  2313 E LoadedApk: 	at com.android.internal.os.ZygoteInit.main(ZygoteInit.java:941)
04-20 19:11:00.704  2313 12004 E LoadedApk: Unable to instantiate appComponentFactory
04-20 19:11:00.704  2313 12004 E LoadedApk: java.lang.ClassNotFoundException: Didn't find class "com.google.android.finsky.appcomponentfactory.PhoneskyAppComponentFactory" on path: DexPathList[[],nativeLibraryDirectories=[/product/priv-app/SystemUI/lib/arm, /system/lib, /product/lib, /system/lib, /product/lib]]
04-20 19:11:00.704  2313 12004 E LoadedApk: 	at dalvik.system.BaseDexClassLoader.findClass(BaseDexClassLoader.java:196)
04-20 19:11:00.704  2313 12004 E LoadedApk: 	at java.lang.ClassLoader.loadClass(ClassLoader.java:379)
04-20 19:11:00.704  2313 12004 E LoadedApk: 	at java.lang.ClassLoader.loadClass(ClassLoader.java:312)
04-20 19:11:00.704  2313 12004 E LoadedApk: 	at android.app.LoadedApk.createAppFactory(LoadedApk.java:256)
04-20 19:11:00.704  2313 12004 E LoadedApk: 	at android.app.LoadedApk.updateApplicationInfo(LoadedApk.java:370)
04-20 19:11:00.704  2313 12004 E LoadedApk: 	at android.app.ActivityThread.getPackageInfo(ActivityThread.java:2502)
04-20 19:11:00.704  2313 12004 E LoadedApk: 	at android.app.ActivityThread.getPackageInfo(ActivityThread.java:2459)
04-20 19:11:00.704  2313 12004 E LoadedApk: 	at android.app.ContextImpl.createApplicationContext(ContextImpl.java:2171)
04-20 19:11:00.704  2313 12004 E LoadedApk: 	at android.content.ContextWrapper.createApplicationContext(ContextWrapper.java:899)
04-20 19:11:00.704  2313 12004 E LoadedApk: 	at android.service.notification.StatusBarNotification.getPackageContext(StatusBarNotification.java:397)
04-20 19:11:00.704  2313 12004 E LoadedApk: 	at com.android.systemui.statusbar.notification.row.NotificationContentInflater$AsyncInflationTask.doInBackground(NotificationContentInflater.java:997)
04-20 19:11:00.704  2313 12004 E LoadedApk: 	at com.android.systemui.statusbar.notification.row.NotificationContentInflater$AsyncInflationTask.doInBackground(NotificationContentInflater.java:935)
04-20 19:11:00.704  2313 12004 E LoadedApk: 	at android.os.AsyncTask$3.call(AsyncTask.java:378)
04-20 19:11:00.704  2313 12004 E LoadedApk: 	at java.util.concurrent.FutureTask.run(FutureTask.java:266)
04-20 19:11:00.704  2313 12004 E LoadedApk: 	at android.os.AsyncTask$SerialExecutor$1.run(AsyncTask.java:289)
04-20 19:11:00.704  2313 12004 E LoadedApk: 	at java.util.concurrent.ThreadPoolExecutor.runWorker(ThreadPoolExecutor.java:1167)
04-20 19:11:00.704  2313 12004 E LoadedApk: 	at java.util.concurrent.ThreadPoolExecutor$Worker.run(ThreadPoolExecutor.java:641)
04-20 19:11:00.704  2313 12004 E LoadedApk: 	at java.lang.Thread.run(Thread.java:919)
04-20 19:11:00.713  1749  3453 I chatty  : uid=1000(system) Binder:1749_C expire 1 line
04-20 19:11:00.726  2313 13419 E LoadedApk: Unable to instantiate appComponentFactory
04-20 19:11:00.726  2313 13419 E LoadedApk: java.lang.ClassNotFoundException: Didn't find class "androidx.core.app.CoreComponentFactory" on path: DexPathList[[],nativeLibraryDirectories=[/product/priv-app/SystemUI/lib/arm, /system/lib, /product/lib, /system/lib, /product/lib]]
04-20 19:11:00.726  2313 13419 E LoadedApk: 	at dalvik.system.BaseDexClassLoader.findClass(BaseDexClassLoader.java:196)
04-20 19:11:00.726  2313 13419 E LoadedApk: 	at java.lang.ClassLoader.loadClass(ClassLoader.java:379)
04-20 19:11:00.726  2313 13419 E LoadedApk: 	at java.lang.ClassLoader.loadClass(ClassLoader.java:312)
04-20 19:11:00.726  2313 13419 E LoadedApk: 	at android.app.LoadedApk.createAppFactory(LoadedApk.java:256)
04-20 19:11:00.726  2313 13419 E LoadedApk: 	at android.app.LoadedApk.updateApplicationInfo(LoadedApk.java:370)
04-20 19:11:00.726  2313 13419 E LoadedApk: 	at android.app.ActivityThread.getPackageInfo(ActivityThread.java:2502)
04-20 19:11:00.726  2313 13419 E LoadedApk: 	at android.app.ActivityThread.getPackageInfo(ActivityThread.java:2459)
04-20 19:11:00.726  2313 13419 E LoadedApk: 	at android.app.ContextImpl.createApplicationContext(ContextImpl.java:2171)
04-20 19:11:00.726  2313 13419 E LoadedApk: 	at android.content.ContextWrapper.createApplicationContext(ContextWrapper.java:899)
04-20 19:11:00.726  2313 13419 E LoadedApk: 	at android.service.notification.StatusBarNotification.getPackageContext(StatusBarNotification.java:397)
04-20 19:11:00.726  2313 13419 E LoadedApk: 	at com.android.systemui.statusbar.notification.row.NotificationContentInflater$AsyncInflationTask.doInBackground(NotificationContentInflater.java:997)
04-20 19:11:00.726  2313 13419 E LoadedApk: 	at com.android.systemui.statusbar.notification.row.NotificationContentInflater$AsyncInflationTask.doInBackground(NotificationContentInflater.java:935)
04-20 19:11:00.726  2313 13419 E LoadedApk: 	at android.os.AsyncTask$3.call(AsyncTask.java:378)
04-20 19:11:00.726  2313 13419 E LoadedApk: 	at java.util.concurrent.FutureTask.run(FutureTask.java:266)
04-20 19:11:00.726  2313 13419 E LoadedApk: 	at android.os.AsyncTask$SerialExecutor$1.run(AsyncTask.java:289)
04-20 19:11:00.726  2313 13419 E LoadedApk: 	at java.util.concurrent.ThreadPoolExecutor.runWorker(ThreadPoolExecutor.java:1167)
04-20 19:11:00.726  2313 13419 E LoadedApk: 	at java.util.concurrent.ThreadPoolExecutor$Worker.run(ThreadPoolExecutor.java:641)
04-20 19:11:00.726  2313 13419 E LoadedApk: 	at java.lang.Thread.run(Thread.java:919)
04-20 19:11:00.734  2313 12004 E LoadedApk: Unable to instantiate appComponentFactory
04-20 19:11:00.734  2313 12004 E LoadedApk: java.lang.ClassNotFoundException: Didn't find class "androidx.core.app.CoreComponentFactory" on path: DexPathList[[],nativeLibraryDirectories=[/product/priv-app/SystemUI/lib/arm, /system/lib, /product/lib, /system/lib, /product/lib]]
04-20 19:11:00.734  2313 12004 E LoadedApk: 	at dalvik.system.BaseDexClassLoader.findClass(BaseDexClassLoader.java:196)
04-20 19:11:00.734  2313 12004 E LoadedApk: 	at java.lang.ClassLoader.loadClass(ClassLoader.java:379)
04-20 19:11:00.734  2313 12004 E LoadedApk: 	at java.lang.ClassLoader.loadClass(ClassLoader.java:312)
04-20 19:11:00.734  2313 12004 E LoadedApk: 	at android.app.LoadedApk.createAppFactory(LoadedApk.java:256)
04-20 19:11:00.734  2313 12004 E LoadedApk: 	at android.app.LoadedApk.updateApplicationInfo(LoadedApk.java:370)
04-20 19:11:00.734  2313 12004 E LoadedApk: 	at android.app.ActivityThread.getPackageInfo(ActivityThread.java:2502)
04-20 19:11:00.734  2313 12004 E LoadedApk: 	at android.app.ActivityThread.getPackageInfo(ActivityThread.java:2459)
04-20 19:11:00.734  2313 12004 E LoadedApk: 	at android.app.ContextImpl.createApplicationContext(ContextImpl.java:2171)
04-20 19:11:00.734  2313 12004 E LoadedApk: 	at android.content.ContextWrapper.createApplicationContext(ContextWrapper.java:899)
04-20 19:11:00.734  2313 12004 E LoadedApk: 	at android.service.notification.StatusBarNotification.getPackageContext(StatusBarNotification.java:397)
04-20 19:11:00.734  2313 12004 E LoadedApk: 	at com.android.systemui.statusbar.notification.row.NotificationContentInflater$AsyncInflationTask.doInBackground(NotificationContentInflater.java:997)
04-20 19:11:00.734  2313 12004 E LoadedApk: 	at com.android.systemui.statusbar.notification.row.NotificationContentInflater$AsyncInflationTask.doInBackground(NotificationContentInflater.java:935)
04-20 19:11:00.734  2313 12004 E LoadedApk: 	at android.os.AsyncTask$3.call(AsyncTask.java:378)
04-20 19:11:00.734  2313 12004 E LoadedApk: 	at java.util.concurrent.FutureTask.run(FutureTask.java:266)
04-20 19:11:00.734  2313 12004 E LoadedApk: 	at android.os.AsyncTask$SerialExecutor$1.run(AsyncTask.java:289)
04-20 19:11:00.734  2313 12004 E LoadedApk: 	at java.util.concurrent.ThreadPoolExecutor.runWorker(ThreadPoolExecutor.java:1167)
04-20 19:11:00.734  2313 12004 E LoadedApk: 	at java.util.concurrent.ThreadPoolExecutor$Worker.run(ThreadPoolExecutor.java:641)
04-20 19:11:00.734  2313 12004 E LoadedApk: 	at java.lang.Thread.run(Thread.java:919)
04-20 19:11:00.775  1749  2646 I chatty  : uid=1000(system) android.fg expire 4 lines
04-20 19:11:00.837  2313  2313 E LoadedApk: Unable to instantiate appComponentFactory
04-20 19:11:00.837  2313  2313 E LoadedApk: java.lang.ClassNotFoundException: Didn't find class "androidx.core.app.CoreComponentFactory" on path: DexPathList[[],nativeLibraryDirectories=[/product/priv-app/SystemUI/lib/arm, /system/lib, /product/lib, /system/lib, /product/lib]]
04-20 19:11:00.837  2313  2313 E LoadedApk: 	at dalvik.system.BaseDexClassLoader.findClass(BaseDexClassLoader.java:196)
04-20 19:11:00.837  2313  2313 E LoadedApk: 	at java.lang.ClassLoader.loadClass(ClassLoader.java:379)
04-20 19:11:00.837  2313  2313 E LoadedApk: 	at java.lang.ClassLoader.loadClass(ClassLoader.java:312)
04-20 19:11:00.837  2313  2313 E LoadedApk: 	at android.app.LoadedApk.createAppFactory(LoadedApk.java:256)
04-20 19:11:00.837  2313  2313 E LoadedApk: 	at android.app.LoadedApk.updateApplicationInfo(LoadedApk.java:370)
04-20 19:11:00.837  2313  2313 E LoadedApk: 	at android.app.ActivityThread.getPackageInfo(ActivityThread.java:2414)
04-20 19:11:00.837  2313  2313 E LoadedApk: 	at android.app.ContextImpl.createPackageContextAsUser(ContextImpl.java:2206)
04-20 19:11:00.837  2313  2313 E LoadedApk: 	at android.app.ContextImpl.createPackageContext(ContextImpl.java:2193)
04-20 19:11:00.837  2313  2313 E LoadedApk: 	at android.content.ContextWrapper.createPackageContext(ContextWrapper.java:884)
04-20 19:11:00.837  2313  2313 E LoadedApk: 	at com.android.systemui.statusbar.policy.PreviewInflater.inflateWidgetView(PreviewInflater.java:96)
04-20 19:11:00.837  2313  2313 E LoadedApk: 	at com.android.systemui.statusbar.policy.PreviewInflater.inflatePreview(PreviewInflater.java:84)
04-20 19:11:00.837  2313  2313 E LoadedApk: 	at com.android.systemui.statusbar.policy.PreviewInflater.inflatePreview(PreviewInflater.java:72)
04-20 19:11:00.837  2313  2313 E LoadedApk: 	at com.android.systemui.statusbar.phone.KeyguardBottomAreaView.inflateCameraPreview(KeyguardBottomAreaView.java:845)
