04-20 20:23:30.649  2946  3532 I ShortcutsDataManager: AbstractContentDataManager.importContentData():262 importContentData() : Ending import process
04-20 20:23:30.669  5948  5973 D ContactsDatabaseHelper: WAL enabled for contacts2.db: true
04-20 20:23:30.669  2946  3532 I PersonalLanguageModelUpdater: PersonalLanguageModelUpdater$UpdateOperation.performInternal():160 run() : Added 0 words and 0 shortcuts
04-20 20:23:30.669  2946  3532 I DynamicLanguageModelOperation: DynamicLanguageModelOperation.perform():37 perform() : 4 : chw : Completed
04-20 20:23:30.670  2946  3780 I Delight5Decoder: Delight5DecoderWrapper.loadLanguageModel():551 loadLanguageModel() : 4, version [n/a]
04-20 20:23:30.670  2946  2946 I ShortcutsDataManager: AbstractContentDataManager$ImportContentTask.onPostExecute():233 onPostExecute() : Result = [2,0]
04-20 20:23:30.670  2946  2946 I ShortcutsDataManager: ShortcutsDataManager.onImportFinished():99 onImportFinished() : Result = 2 : Count = 0
04-20 20:23:30.671  2946  3780 I Delight5Decoder: Delight5DecoderWrapper.loadLanguageModel():589 Loaded dynamic LM 4.en
04-20 20:23:30.840  5948  5973 I ContactLocale: AddressBook Labels [[en_US]]: [, A, B, C, D, E, F, G, H, I, J, K, L, M, N, O, P, Q, R, S, T, U, V, W, X, Y, Z, , , , , , , , , , , , , , , , , , , , , , , , , , , , , , , , , , , , , , , , , , , , , , , , , , , , , , , , , , , , , , , , , , , , , , , , , , , , , , , , , , , , , , , , , , , , , , , , , , , , , , , , , , , , , , , , , , , , , , , , , , , , , , , , , , , , , , , , , , , , , , , , , , , , , , , , , , , , , , , , , , , , , , , , , , , , , , , , , , , , , , , , , , , #, ]
04-20 20:23:30.878  5948  5974 D ContactsDatabaseHelper: WAL enabled for profile.db: false
04-20 20:23:31.039 22073  5941 I chatty  : uid=10156 com.google.android.gms.persistent expire 4 lines
04-20 20:23:31.096 22073  5786 I chatty  : uid=10156 com.google.android.gms.persistent expire 1 line
04-20 20:23:31.495     0     0 W swapper/2: type=1400 audit(0.0:973): avc: denied { kill } for uid=0 capability=5 scontext=u:r:kernel:s0 tcontext=u:r:kernel:s0 tclass=capability permissive=0
04-20 20:23:31.798  7384  7384 D MCLOG   : [MC_Service] onStartcommand()
04-20 20:23:31.818 22073 22073 I chatty  : uid=10156 com.google.android.gms.persistent expire 3 lines
04-20 20:23:31.866 26114 26164 I MicroDataManager: isInitializing-false locale not changed-true model not changed-true
04-20 20:23:31.875 26114 26164 I BistoWorker: bluetoothConnectionStateChanged. Action: android.bluetooth.device.action.ACL_CONNECTED
04-20 20:23:31.877 26114 26164 I BistoWorker: Ignoring non-bonded action android.bluetooth.device.action.ACL_CONNECTED for device CC:0D:F2:75:2D:60
04-20 20:23:31.885 26114 26164 I MicroDetectionState: Should stop hotword detection immediately - false
04-20 20:23:32.004 22073  5975 I chatty  : uid=10156 com.google.android.gms.persistent expire 5 lines
04-20 20:23:32.410  2946  2946 I KeyboardWrapper: KeyboardWrapper.consumeEvent():264 Skip consuming an event as current keyboard is deactivated (state=0, keyboard existence=true)
04-20 20:23:32.410  2946  2946 I VoiceInputManagerWrapper: VoiceInputManagerWrapper.shutdown():76 shutdown()
04-20 20:23:32.410  2946  2946 I AndroidIME: AbstractIme.onDeactivate():145 LatinIme.onDeactivate()
04-20 20:23:32.468  2946  2946 I KeyboardViewUtil: KeyboardViewUtil.getKeyboardHeightRatio():127 systemKeyboardHeightRatio:1.000000; userKeyboardHeightRatio:1.000000.
04-20 20:23:32.468  2946  2946 I AndroidIME: AbstractIme.onActivate():83 LatinIme.onActivate() : EditorInfo = Package = com.google.location.nearby.apps.connectedcrossroad : Type = Text : Learning = Enable : Suggestion = Show : AutoCorrection = Enable : Microphone = Show : NoPersonalizedLearning = Disable, IncognitoMode = false
04-20 20:23:32.469  2946  2946 I Delight5Facilitator: Delight5Facilitator.initializeForIme():574 initializeForIme() : Locale = [en_US], layout = qwerty
04-20 20:23:32.469  2946  2946 I VoiceInputManagerWrapper: VoiceInputManagerWrapper.cancelShutdown():54 cancelShutdown()
04-20 20:23:32.469  2946  2946 I VoiceInputManagerWrapper: VoiceInputManagerWrapper.syncLanguagePacks():66 syncLanguagePacks()
04-20 20:23:32.469  2946 27033 I SpeechFactory: SpeechRecognitionFactory.maybeScheduleAutoPackDownloadForFallback():155 maybeScheduleAutoPackDownloadForFallback()
04-20 20:23:32.470  2946 27033 I FallbackOnDeviceRecognitionProvider: FallbackOnDeviceRecognitionProvider.maybeScheduleAutoPackDownload():200 maybeScheduleAutoPackDownload() for language tag en-US
04-20 20:23:32.472  2946  2946 I KeyboardWrapper: KeyboardWrapper.consumeEvent():264 Skip consuming an event as current keyboard is deactivated (state=0, keyboard existence=true)
04-20 20:23:32.474  2946  2946 E KeyboardViewController: KeyboardViewController.clearSubViewControllerInternal():373 Clears keyboard sub view controller for keyboardType: null, viewType: HEADER, viewId: 2131432509(softkey_holder_fixed_candidates),which has not been set.
04-20 20:23:32.474  2946  2946 E KeyboardViewController: jjy
04-20 20:23:32.474  2946  2946 E KeyboardViewController: 	at djm.b(PG:17)
04-20 20:23:32.474  2946  2946 E KeyboardViewController: 	at djm.a(PG:12)
04-20 20:23:32.474  2946  2946 E KeyboardViewController: 	at bna.c(PG:99)
04-20 20:23:32.474  2946  2946 E KeyboardViewController: 	at com.google.android.apps.inputmethod.latin.keyboard.LatinSymbolsKeyboard.b(PG:19)
04-20 20:23:32.474  2946  2946 E KeyboardViewController: 	at dkc.a(PG:38)
04-20 20:23:32.474  2946  2946 E KeyboardViewController: 	at dia.a(PG:44)
04-20 20:23:32.474  2946  2946 E KeyboardViewController: 	at dkc.a(PG:52)
04-20 20:23:32.474  2946  2946 E KeyboardViewController: 	at dfq.a(PG:29)
04-20 20:23:32.474  2946  2946 E KeyboardViewController: 	at dfq.C(PG:22)
04-20 20:23:32.474  2946  2946 E KeyboardViewController: 	at dfu.d(PG:11)
04-20 20:23:32.474  2946  2946 E KeyboardViewController: 	at dfu.b(PG:109)
04-20 20:23:32.474  2946  2946 E KeyboardViewController: 	at com.android.inputmethod.latin.LatinIME.b(PG:333)
04-20 20:23:32.474  2946  2946 E KeyboardViewController: 	at dew.onStartInputView(PG:755)
04-20 20:23:32.474  2946  2946 E KeyboardViewController: 	at android.inputmethodservice.InputMethodService.doStartInput(InputMethodService.java:2153)
04-20 20:23:32.474  2946  2946 E KeyboardViewController: 	at android.inputmethodservice.InputMethodService$InputMethodImpl.startInput(InputMethodService.java:566)
04-20 20:23:32.474  2946  2946 E KeyboardViewController: 	at android.inputmethodservice.InputMethodService$InputMethodImpl.dispatchStartInputWithToken(InputMethodService.java:595)
04-20 20:23:32.474  2946  2946 E KeyboardViewController: 	at android.inputmethodservice.IInputMethodWrapper.executeMessage(IInputMethodWrapper.java:194)
04-20 20:23:32.474  2946  2946 E KeyboardViewController: 	at com.android.internal.os.HandlerCaller$MyHandler.handleMessage(HandlerCaller.java:44)
04-20 20:23:32.474  2946  2946 E KeyboardViewController: 	at android.os.Handler.dispatchMessage(Handler.java:107)
04-20 20:23:32.474  2946  2946 E KeyboardViewController: 	at android.os.Looper.loop(Looper.java:241)
04-20 20:23:32.474  2946  2946 E KeyboardViewController: 	at android.app.ActivityThread.main(ActivityThread.java:7604)
04-20 20:23:32.474  2946  2946 E KeyboardViewController: 	at java.lang.reflect.Method.invoke(Native Method)
04-20 20:23:32.474  2946  2946 E KeyboardViewController: 	at com.android.internal.os.RuntimeInit$MethodAndArgsCaller.run(RuntimeInit.java:492)
04-20 20:23:32.474  2946  2946 E KeyboardViewController: 	at com.android.internal.os.ZygoteInit.main(ZygoteInit.java:941)
04-20 20:23:32.516  2946  2946 W KeyboardModeManager: KeyboardModeManager.setInputView():359 setInputView() : inputView = com.google.android.apps.inputmethod.libs.framework.core.InputView{1d9772e V.E...... ......ID 0,0-720,1380}
04-20 20:23:32.519  2946  2946 I ConversationToQueryExtension: ConversationToQueryExtension.isEnabledForHostApp():254 Conv2Query not enabled due to current app [com.google.location.nearby.apps.connectedcrossroad] not in whitelist
04-20 20:23:32.520  2946  2946 I ConversationToQueryExtension: ConversationToQueryExtension.onActivate():165 onActivate() : Disabled by unsupported host app
04-20 20:23:36.408  2946  2946 I KeyboardWrapper: KeyboardWrapper.consumeEvent():264 Skip consuming an event as current keyboard is deactivated (state=0, keyboard existence=true)
04-20 20:23:36.408  2946  2946 I VoiceInputManagerWrapper: VoiceInputManagerWrapper.shutdown():76 shutdown()
04-20 20:23:36.409  2946  2946 I AndroidIME: AbstractIme.onDeactivate():145 LatinIme.onDeactivate()
04-20 20:23:36.903  2290  6019 I chatty  : uid=1002(bluetooth) com.android.bluetooth expire 2 lines
04-20 20:23:36.903  2290  2737 I chatty  : uid=1002(bluetooth) Binder:2290_5 expire 10 lines
04-20 20:23:37.124   827  5608 E WifiHAL : Received fatal event, sending alert
04-20 20:23:37.125  1743  2414 W WifiVendorHal: onDebugErrorAlert 4104
04-20 20:23:37.482 22073 22095 I chatty  : uid=10156(com.google.android.gms) Binder:22073_1 expire 12 lines
04-20 20:23:37.482 22073 24199 I chatty  : uid=10156(com.google.android.gms) Binder:22073_10 expire 10 lines
04-20 20:23:38.568   804  1081 W qti_sensors_hal: processReportInd: lux: 31, ch0: 114, ch1: 14
04-20 20:23:40.983   721   721 D Zygote  : Forked child process 6029
04-20 20:23:40.987  1743  1773 I ActivityManager: Start proc 6029:com.google.android.contacts/u0a178 for service {com.google.android.contacts/com.google.android.apps.contacts.shortcut.ShortcutJobService}
04-20 20:23:41.009  6029  6029 E ndroid.contact: Not starting debugger since process cannot load the jdwp agent.
04-20 20:23:41.066  6029  6029 I ndroid.contact: The ClassLoaderContext is a special shared library.
04-20 20:23:41.073  6029  6029 I ndroid.contact: The ClassLoaderContext is a special shared library.
04-20 20:23:41.193  2308  2308 W View    : requestLayout() improperly called by com.android.systemui.statusbar.HeadsUpStatusBarView{53e8307 I.E...... ......ID 0,0-248,56 #7f0a01f7 app:id/heads_up_status_bar_view} during layout: running second layout pass
04-20 20:23:41.324 24895 24911 I chatty  : uid=10156(com.google.android.gms) Binder:24895_1 expire 1 line
04-20 20:23:41.495     0     0 W swapper/0: type=1400 audit(0.0:974): avc: denied { kill } for uid=0 capability=5 scontext=u:r:kernel:s0 tcontext=u:r:kernel:s0 tclass=capability permissive=0
04-20 20:23:42.938  2290  2649 I chatty  : uid=1002(bluetooth) btif_sock_poll expire 4 lines
04-20 20:23:42.950  2290  2290 I chatty  : uid=1002(bluetooth) com.android.bluetooth expire 2 lines
04-20 20:23:42.975  7384  7384 D MCLOG   : [MC_Service] onStartcommand()
04-20 20:23:43.044 26114 26164 I BistoWorker: bluetoothConnectionStateChanged. Action: android.bluetooth.device.action.ACL_DISCONNECTED
04-20 20:23:43.052 26114 26164 I DeviceDetector: Not bonded or not refresh cache.
04-20 20:23:43.052 26114 26164 I BistoWorker: Not a bisto device: CC:0D:F2:75:2D:60
04-20 20:23:43.719 26114 26179 I BistoDBWrapper: Close DB
04-20 20:23:46.854  1743  1772 I ActivityManager: Waited long enough for: ServiceRecord{56fcf94 u0 com.google.android.googlequicksearchbox/com.google.android.apps.gsa.shared.util.keepalive.StandaloneKeepAlive$KeepAliveService}
04-20 20:23:51.250  2308  2308 W View    : requestLayout() improperly called by com.android.systemui.statusbar.HeadsUpStatusBarView{53e8307 I.E...... ......ID 0,0-248,56 #7f0a01f7 app:id/heads_up_status_bar_view} during layout: running second layout pass
04-20 20:23:51.495     0     0 W swapper/1: type=1400 audit(0.0:975): avc: denied { kill } for uid=0 capability=5 scontext=u:r:kernel:s0 tcontext=u:r:kernel:s0 tclass=capability permissive=0
04-20 20:23:52.094 26114 26186 I BistoDBWrapper: Create DB
04-20 20:23:52.097  3347  3347 I BistoDBWrapper: Create DB
04-20 20:23:52.102  3347  3347 D BluetoothA2dp: Binding service...
04-20 20:23:52.120  3347  3347 I BistoRealService: onStartCommand: 0 1 Intent { act=com.google.android.apps.gsa.broadcastreceiver.SETTINGS_CHANGED cmp=com.google.android.googlequicksearchbox/com.google.android.apps.gsa.staticplugins.bisto.BistoRealService (has extras) }
04-20 20:23:52.125  3347  3347 I BistoRealService: Intent handled internally
04-20 20:23:52.126  3347  3347 D BluetoothA2dp: Proxy object connected
04-20 20:23:53.194   827  5608 E WifiHAL : Received LOG message with insufficent length: 24
04-20 20:23:53.194   827  5608 E WifiHAL : Received fatal event, sending alert
04-20 20:23:53.195  1743  2414 W WifiVendorHal: onDebugErrorAlert 4104
04-20 20:23:54.223  2290  2603 I chatty  : uid=1002(bluetooth) btu message loo expire 114 lines
04-20 20:23:54.629  2290  2348 I chatty  : uid=1002(bluetooth) BT Service Call expire 69 lines
04-20 20:23:55.356 22073  5945 I chatty  : uid=10156 com.google.android.gms.persistent expire 15 lines
04-20 20:23:56.416  2946  3020 I VoiceInputManagerWrapper: VoiceInputManagerWrapper.shutdownVoiceInternal():94 shutdownVoiceInternal()
04-20 20:23:58.807  1743  2059 D BatteryService: uevent={POWER_SUPPLY_DP_DM=0, POWER_SUPPLY_VOLTAGE_NOW=4206494, POWER_SUPPLY_SW_JEITA_ENABLED=0, POWER_SUPPLY_CHARGE_CONTROL_LIMIT_MAX=8, POWER_SUPPLY_RECHARGE_SOC=99, POWER_SUPPLY_HEALTH=Good, POWER_SUPPLY_TECHNOLOGY=Li-ion, POWER_SUPPLY_FCC_STEPPER_ENABLE=0, SEQNUM=24172, POWER_SUPPLY_INPUT_CURRENT_LIMITED=0, POWER_SUPPLY_CHARGE_CONTROL_LIMIT=0, POWER_SUPPLY_BATTERY_CHARGING_ENABLED=1, POWER_SUPPLY_STATUS=Discharging, POWER_SUPPLY_CYCLE_COUNT=6, POWER_SUPPLY_CURRENT_MAX=2000000, POWER_SUPPLY_CHARGE_TERM_CURRENT=-101, POWER_SUPPLY_CAPACITY=90, DEVPATH=/devices/platform/soc/200f000.qcom,spmi/spmi-0/spmi0-02/200f000.qcom,spmi:qcom,pmi632@2:qcom,qpnp-smb5/power_supply/battery, POWER_SUPPLY_CHARGE_DONE=0, POWER_SUPPLY_CHARGE_TYPE=N/A, POWER_SUPPLY_CHARGE_RATE=None, POWER_SUPPLY_CURRENT_NOW=-183715, POWER_SUPPLY_SYSTEM_TEMP_LEVEL=0, POWER_SUPPLY_PRESENT=1, POWER_SUPPLY_PARALLEL_DISABLE=0, POWER_SUPPLY_CHARGE_FULL=3505000, SUBSYSTEM=power_supply, POWER_SUPPLY_SET_SHIP_MODE=0, POWER_SUPPLY_TEMP=259, ACTION=change, POWER_SUPPLY_RERUN_AICL=0, POWER_SUPPLY_AGE=97, POWER_SUPPLY_NAME=battery, POWER_SUPPLY_VOLTAGE_MAX=-22, POWER_SUPPLY_CONSTANT_CHARGE_CURRENT_MAX=2000000, POWER_SUPPLY_CHARGE_COUNTER=3119450, POWER_SUPPLY_STEP_CHARGING_ENABLED=0, POWER_SUPPLY_NUM_SYSTEM_TEMP_LEVELS=8, POWER_SUPPLY_DIE_HEALTH=Hot, POWER_SUPPLY_INPUT_SUSPEND=0}
04-20 20:23:58.832  2498  2498 D QtiCarrierConfigHelper: WARNING, no carrier configs on phone Id: 0
04-20 20:24:00.019  2308  2308 W View    : requestLayout() improperly called by com.android.systemui.statusbar.HeadsUpStatusBarView{53e8307 I.E...... ......ID 0,0-248,56 #7f0a01f7 app:id/heads_up_status_bar_view} during layout: running second layout pass
04-20 20:24:00.187 22073  3974 I chatty  : uid=10156 com.google.android.gms.persistent expire 2 lines
04-20 20:24:00.194 22073  5781 I chatty  : uid=10156 com.google.android.gms.persistent expire 2 lines
04-20 20:24:01.498     0     0 W swapper/0: type=1400 audit(0.0:976): avc: denied { kill } for uid=0 capability=5 scontext=u:r:kernel:s0 tcontext=u:r:kernel:s0 tclass=capability permissive=0
04-20 20:24:02.415 22073  4084 I chatty  : uid=10156 com.google.android.gms.persistent expire 64 lines
04-20 20:24:02.427  2290  2306 I chatty  : uid=1002(bluetooth) Binder:2290_1 expire 4 lines
04-20 20:24:02.474  5813  5813 D connectedcrossroad: onEndpointFound: Connection request failure 8007: STATUS_BLUETOOTH_ERROR
04-20 20:24:02.489  5813  5813 D connectedcrossroad: onEndpointFound: Connecting to 5rgh
04-20 20:24:02.495  2290  2575 I chatty  : uid=1002(bluetooth) BluetoothScanMa expire 32 lines
04-20 20:24:02.499  5813  5813 D connectedcrossroad: onEndpointFound: Connecting to cF5c
04-20 20:24:02.502 22073  3997 I chatty  : uid=10156 com.google.android.gms.persistent expire 5 lines
04-20 20:24:02.505  5813  5813 D connectedcrossroad: onEndpointFound: Connecting to A9Lw
04-20 20:24:02.537  1743 11436 I WifiService: enableTdls uid=10156 enable=true
04-20 20:24:02.539  1743 10461 I WifiService: enableTdlsWithMacAddress uid=1000 enable=true
04-20 20:24:02.540  5577  5577 I wpa_supplicant: TDLS: Failed to send message (action_code=10)
04-20 20:24:02.540  5577  5577 I wpa_supplicant: StaIface: TDLS discover failed: -1
04-20 20:24:02.696 22073  6091 I chatty  : uid=10156 com.google.android.gms.persistent expire 42 lines
04-20 20:24:02.701  5813  5813 D connectedcrossroad: onConnectionInitiated: Accepting connection
04-20 20:24:03.306 26114 26114 I BgTaskExecutorImpl: Starting NONEXCLUSIVE background task SPEECH_GRAMMAR_COMPILER.
04-20 20:24:03.318 22073  6109 I chatty  : uid=10156 com.google.android.gms.persistent expire 1 line
04-20 20:24:03.324 22073  6110 I chatty  : uid=10156 com.google.android.gms.persistent expire 4 lines
04-20 20:24:03.348  1743 10153 W AppOps  : Noting op not finished: uid 10156 pkg com.google.android.gms code 79 time=1618964572874 duration=-1
04-20 20:24:03.351  1743  9612 D WificondControl: Scan result ready event
04-20 20:24:03.354  1743  9612 W AppOps  : Noting op not finished: uid 10156 pkg com.google.android.gms code 79 time=1618964643348 duration=0
04-20 20:24:03.360 26114  5873 E GrammarCompilationTask: Both locale and grammarType are null, nothing to compile.
04-20 20:24:03.374 22073  6092 I chatty  : uid=10156 com.google.android.gms.persistent expire 1 line
04-20 20:24:03.422 22073 22095 I chatty  : uid=10156(com.google.android.gms) Binder:22073_1 expire 15 lines
04-20 20:24:03.425   827  5608 E WifiHAL : Received fatal event, sending alert
04-20 20:24:03.426  1743  2414 W WifiVendorHal: onDebugErrorAlert 4104
04-20 20:24:04.375 22073  6114 I chatty  : uid=10156 com.google.android.gms.persistent expire 2 lines
04-20 20:24:05.324   720  6115 E ResolverController: No valid NAT64 prefix (100, <unspecified>/0)
04-20 20:24:05.891 22073 22497 I chatty  : uid=10156(com.google.android.gms) Thread-18 expire 6 lines
04-20 20:24:06.241  2290  2348 I chatty  : uid=1002(bluetooth) BT Service Call expire 85 lines
04-20 20:24:06.242 22073 24199 I chatty  : uid=10156(com.google.android.gms) Binder:22073_10 expire 8 lines
04-20 20:24:06.244  2290  2737 I chatty  : uid=1002(bluetooth) Binder:2290_5 expire 6 lines
04-20 20:24:06.253  2308  2388 W BluetoothEventManager: AclStateChangedHandler: activeDevice is null
04-20 20:24:06.259  2290  2603 I chatty  : uid=1002(bluetooth) btu message loo expire 96 lines
04-20 20:24:06.278  7384  7384 D MCLOG   : [MC_Service] onStartcommand()
04-20 20:24:06.293 26114 26164 I BistoWorker: bluetoothConnectionStateChanged. Action: android.bluetooth.device.action.ACL_CONNECTED
04-20 20:24:06.294 26114 26164 I BistoWorker: Ignoring non-bonded action android.bluetooth.device.action.ACL_CONNECTED for device 47:85:37:A5:05:39
04-20 20:24:06.297 22073  6081 I chatty  : uid=10156 com.google.android.gms.persistent expire 1 line
04-20 20:24:07.410 22073 22154 I chatty  : uid=10156(com.google.android.gms) Binder:22073_4 expire 6 lines
04-20 20:24:07.599 22073  5945 I chatty  : uid=10156 com.google.android.gms.persistent expire 8 lines
04-20 20:24:07.617  5813  5813 D connectedcrossroad: onConnectionInitiated: Accepting connection
04-20 20:24:07.619  5813  5813 D connectedcrossroad: onEndpointFound: Connection request failure 8003: STATUS_ALREADY_CONNECTED_TO_ENDPOINT
04-20 20:24:07.691 22073 22244 I chatty  : uid=10156(com.google.android.gms) NearbyMessages expire 1 line
04-20 20:24:09.032  2290  6125 I chatty  : uid=1002(bluetooth) com.android.bluetooth expire 2 lines
04-20 20:24:09.092  1743 11433 I WifiService: enableTdls uid=10156 enable=true
04-20 20:24:09.096  1743 10461 I WifiService: enableTdlsWithMacAddress uid=1000 enable=true
04-20 20:24:09.098  5577  5577 I wpa_supplicant: TDLS: Failed to send message (action_code=10)
04-20 20:24:09.098  5577  5577 I wpa_supplicant: StaIface: TDLS discover failed: -1
04-20 20:24:09.200  5813  5813 D connectedcrossroad: onEndpointFound: Connecting to L-ak
04-20 20:24:10.676  5813  5813 D connectedcrossroad: onConnectionInitiated: Accepting connection
04-20 20:24:10.786  5813  5813 I connectedcrossroad: onConnectionResult: Connection successful
04-20 20:24:10.787  5813  5813 D connectedcrossroad: onConnectionResult: Neighbor added: cF5c
04-20 20:24:10.819  2290  2315 I chatty  : uid=1002(bluetooth) Binder:2290_4 expire 5 lines
04-20 20:24:10.841 22073  6128 I chatty  : uid=10156 com.google.android.gms.persistent expire 5 lines
04-20 20:24:10.869  5813  5813 I connectedcrossroad: onConnectionResult: Connection successful
04-20 20:24:10.869  5813  5813 D connectedcrossroad: onConnectionResult: Neighbor added: 5rgh
04-20 20:24:11.040  5577  5577 I wpa_supplicant: TDLS: Failed to send message (action_code=14)
04-20 20:24:11.481   720  1295 D NetdFwmarkServer: Cmd 0: 0, 10156: UserP=3, fwmark=1F0064
04-20 20:24:11.485  1743  2233 I WifiService: enableTdls uid=10156 enable=true
04-20 20:24:11.488  1743 10461 I WifiService: enableTdlsWithMacAddress uid=1000 enable=true
04-20 20:24:11.489  5577  5577 I wpa_supplicant: TDLS: Failed to send message (action_code=10)
04-20 20:24:11.489  5577  5577 I wpa_supplicant: StaIface: TDLS discover failed: -1
04-20 20:24:11.501     0     0 W swapper/1: type=1400 audit(0.0:977): avc: denied { kill } for uid=0 capability=5 scontext=u:r:kernel:s0 tcontext=u:r:kernel:s0 tclass=capability permissive=0
04-20 20:24:12.128  3347  3347 I BistoRealService: requestDestroy
04-20 20:24:12.136  3347  3347 I BistoRealService: onDestroy
04-20 20:24:12.141  3347  3347 I BistoWiredManager: close
04-20 20:24:12.142  3347  3347 D BluetoothA2dp: Unbinding service...
04-20 20:24:12.147  3347  3347 I BistoClassicManager: close
04-20 20:24:13.463 22073  6117 I chatty  : uid=10156 com.google.android.gms.persistent expire 1 line
04-20 20:24:14.586  2290  6130 I chatty  : uid=1002(bluetooth) com.android.bluetooth expire 2 lines
04-20 20:24:14.729   827  5608 E WifiHAL : Received fatal event, sending alert
04-20 20:24:14.730  1743  2160 W WifiVendorHal: onDebugErrorAlert 4104
04-20 20:24:15.010  1743  1756 I system_server: Background concurrent copying GC freed 93368(6314KB) AllocSpace objects, 22(15MB) LOS objects, 42% free, 20MB/36MB, paused 145us total 175.136ms
04-20 20:24:15.018 22073 23806 I chatty  : uid=10156(com.google.android.gms) Binder:22073_F expire 1 line
04-20 20:24:15.946  2290  2603 I chatty  : uid=1002(bluetooth) btu message loo expire 2 lines
04-20 20:24:15.952  2290  2348 I chatty  : uid=1002(bluetooth) BT Service Call expire 4 lines
04-20 20:24:16.236  2290  2603 I chatty  : uid=1002(bluetooth) btu message loo expire 5 lines
04-20 20:24:16.536  2290  2348 I chatty  : uid=1002(bluetooth) BT Service Call expire 1 line
04-20 20:24:17.011 30045 30094 I PlayCommon: [2191] bbeo.h(22): Preparing logs for uploading
04-20 20:24:17.048 30045 30094 I PlayCommon: [2191] bbeo.h(133): Connecting to server for timestamp: https://play.googleapis.com/play/log/timestamp
04-20 20:24:17.052   720  6133 E ResolverController: No valid NAT64 prefix (100, <unspecified>/0)
04-20 20:24:18.370 22073  6117 I chatty  : uid=10156 com.google.android.gms.persistent expire 1 line
04-20 20:24:19.849 30045 30094 W PlayCommon: [2191] bbeo.m(1): No account for auth token provided
04-20 20:24:19.850 30045 30094 I PlayCommon: [2191] bbeo.h(167): Connecting to server: https://play.googleapis.com/play/log?format=raw&proto_v2=true
04-20 20:24:20.446 30045 30094 I PlayCommon: [2191] bbeo.h(199): Successfully uploaded logs.
04-20 20:24:22.920  2290  2603 I chatty  : uid=1002(bluetooth) btu message loo expire 3 lines
04-20 20:24:22.921  2290  2649 I chatty  : uid=1002(bluetooth) btif_sock_poll expire 1 line
04-20 20:24:22.927 22073  6128 I chatty  : uid=10156 com.google.android.gms.persistent expire 4 lines
04-20 20:24:22.935 22073  6091 I chatty  : uid=10156 com.google.android.gms.persistent expire 1 line
04-20 20:24:24.086 22073  6117 I chatty  : uid=10156 com.google.android.gms.persistent expire 1 line
04-20 20:24:24.882  1743  2059 D BatteryService: uevent={POWER_SUPPLY_DP_DM=0, POWER_SUPPLY_VOLTAGE_NOW=4208246, POWER_SUPPLY_SW_JEITA_ENABLED=0, POWER_SUPPLY_CHARGE_CONTROL_LIMIT_MAX=8, POWER_SUPPLY_RECHARGE_SOC=99, POWER_SUPPLY_HEALTH=Good, POWER_SUPPLY_TECHNOLOGY=Li-ion, POWER_SUPPLY_FCC_STEPPER_ENABLE=0, SEQNUM=24226, POWER_SUPPLY_INPUT_CURRENT_LIMITED=0, POWER_SUPPLY_CHARGE_CONTROL_LIMIT=0, POWER_SUPPLY_BATTERY_CHARGING_ENABLED=1, POWER_SUPPLY_STATUS=Discharging, POWER_SUPPLY_CYCLE_COUNT=6, POWER_SUPPLY_CURRENT_MAX=2000000, POWER_SUPPLY_CHARGE_TERM_CURRENT=-101, POWER_SUPPLY_CAPACITY=89, DEVPATH=/devices/platform/soc/200f000.qcom,spmi/spmi-0/spmi0-02/200f000.qcom,spmi:qcom,pmi632@2:qcom,qpnp-smb5/power_supply/battery, POWER_SUPPLY_CHARGE_DONE=0, POWER_SUPPLY_CHARGE_TYPE=N/A, POWER_SUPPLY_CHARGE_RATE=None, POWER_SUPPLY_CURRENT_NOW=-186157, POWER_SUPPLY_SYSTEM_TEMP_LEVEL=0, POWER_SUPPLY_PRESENT=1, POWER_SUPPLY_PARALLEL_DISABLE=0, POWER_SUPPLY_CHARGE_FULL=3505000, SUBSYSTEM=power_supply, POWER_SUPPLY_SET_SHIP_MODE=0, POWER_SUPPLY_TEMP=259, ACTION=change, POWER_SUPPLY_RERUN_AICL=0, POWER_SUPPLY_AGE=97, POWER_SUPPLY_NAME=battery, POWER_SUPPLY_VOLTAGE_MAX=-22, POWER_SUPPLY_CONSTANT_CHARGE_CURRENT_MAX=2000000, POWER_SUPPLY_CHARGE_COUNTER=3119450, POWER_SUPPLY_STEP_CHARGING_ENABLED=0, POWER_SUPPLY_NUM_SYSTEM_TEMP_LEVELS=8, POWER_SUPPLY_DIE_HEALTH=Hot, POWER_SUPPLY_INPUT_SUSPEND=0}
04-20 20:24:24.900  2290  2290 I chatty  : uid=1002(bluetooth) com.android.bluetooth expire 1 line
04-20 20:24:24.901  2498  2498 D QtiCarrierConfigHelper: WARNING, no carrier configs on phone Id: 0
04-20 20:24:24.906 26333 26333 D CmdCenter: - RowBuilder2: setUseWhiteRes useOrNot = true
04-20 20:24:24.988   823   823 D ThermalHAL-TARGET: Entering get_temperatures
04-20 20:24:24.988   823   823 D ThermalHAL-TARGET: Entering get_temperatures
04-20 20:24:24.988   823   823 D ThermalHAL-UTIL: Entering get_temperature_for_all
04-20 20:24:24.988   823   823 D ThermalHAL-UTIL: Entering read_temperature
04-20 20:24:24.989   823   823 I chatty  : uid=1000(system) thermal@1.0-ser identical 9 lines
04-20 20:24:24.990   823   823 D ThermalHAL-UTIL: Entering read_temperature
04-20 20:24:24.996  7384  7384 D MCLOG   : [MC_Service] onStartcommand()
04-20 20:24:25.012 26333 26333 D CmdCenter: - RowWidgetUpdater2: the Min widget of widget[2] is 213
04-20 20:24:25.019 26333 26333 D CmdCenter: - RowWidgetUpdater2: 2cellWidth = 180 column is 3
04-20 20:24:25.019 26333 26333 D CmdCenter: - RowBuilder2: useWhiteRes=true -is 18-9?=true cellX= 3 grid=5
04-20 20:24:25.046 26333 26333 D CmdCenter: - RowWeatherInitializer: Utils.getWeatherInfo return null.
04-20 20:24:25.053 26333 26333 D CmdCenter: - RowWidgetUpdater2: ->config = {1.0 ?mcc?mnc [en_US] ldltr sw411dp w411dp h812dp 280dpi nrml long port finger -keyb/v/h -nav/h winConfig={ mBounds=Rect(0, 0 - 720, 1520) mAppBounds=Rect(0, 56 - 720, 1478) mWindowingMode=fullscreen mDisplayWindowingMode=fullscreen mActivityType=undefined mAlwaysOnTop=undefined mRotation=ROTATION_0} s.42 ?spn ?gid}
04-20 20:24:25.055 26333 26333 D CmdCenter: - RowWidgetUpdater2: ->config debug_dimens = 54
04-20 20:24:26.723  2290  2603 I chatty  : uid=1002(bluetooth) btu message loo expire 17 lines
04-20 20:24:26.778   827  5608 E WifiHAL : Received LOG message with insufficent length: 24
04-20 20:24:26.778   827  5608 E WifiHAL : Received fatal event, sending alert
04-20 20:24:26.779  1743  1783 W WifiVendorHal: onDebugErrorAlert 4104
04-20 20:24:27.067  2290  2348 I chatty  : uid=1002(bluetooth) BT Service Call expire 2 lines
04-20 20:24:27.068 22073 24199 I chatty  : uid=10156(com.google.android.gms) Binder:22073_10 expire 1 line
04-20 20:24:27.069 22073 23806 I chatty  : uid=10156(com.google.android.gms) Binder:22073_F expire 2 lines
04-20 20:24:27.506  2290  2603 I chatty  : uid=1002(bluetooth) btu message loo expire 13 lines
04-20 20:24:27.855  2290  2348 I chatty  : uid=1002(bluetooth) BT Service Call expire 5 lines
04-20 20:24:27.856 22073 24199 I chatty  : uid=10156(com.google.android.gms) Binder:22073_10 expire 2 lines
04-20 20:24:27.940 22073 23806 I chatty  : uid=10156(com.google.android.gms) Binder:22073_F expire 1 line
04-20 20:24:27.965  2290  2603 I chatty  : uid=1002(bluetooth) btu message loo expire 3 lines
04-20 20:24:27.970  2290  2348 I chatty  : uid=1002(bluetooth) BT Service Call expire 3 lines
04-20 20:24:28.309  2290  2603 I chatty  : uid=1002(bluetooth) btu message loo expire 6 lines
04-20 20:24:28.509 22073  6117 I chatty  : uid=10156 com.google.android.gms.persistent expire 2 lines
04-20 20:24:28.539  2290  2348 I chatty  : uid=1002(bluetooth) BT Service Call expire 1 line
04-20 20:24:31.505     0     0 W swapper/1: type=1400 audit(0.0:978): avc: denied { kill } for uid=0 capability=5 scontext=u:r:kernel:s0 tcontext=u:r:kernel:s0 tclass=capability permissive=0
04-20 20:24:32.710 22073  6107 I chatty  : uid=10156 com.google.android.gms.persistent expire 1 line
04-20 20:24:32.728 22073  6106 I chatty  : uid=10156 com.google.android.gms.persistent expire 1 line
04-20 20:24:34.765  2290  2603 I chatty  : uid=1002(bluetooth) btu message loo expire 2 lines
04-20 20:24:34.766  2290  2649 I chatty  : uid=1002(bluetooth) btif_sock_poll expire 1 line
04-20 20:24:34.773 22073  6128 I chatty  : uid=10156 com.google.android.gms.persistent expire 3 lines
04-20 20:24:34.778 22073  6091 I chatty  : uid=10156 com.google.android.gms.persistent expire 18 lines
04-20 20:24:34.784  2290  2315 I chatty  : uid=1002(bluetooth) Binder:2290_4 expire 1 line
04-20 20:24:34.786  2290  2575 I chatty  : uid=1002(bluetooth) BluetoothScanMa expire 1 line
04-20 20:24:34.787  2290  2737 I chatty  : uid=1002(bluetooth) Binder:2290_5 expire 3 lines
04-20 20:24:34.793  2290  2603 I chatty  : uid=1002(bluetooth) btu message loo expire 1 line
04-20 20:24:34.793  2290  2348 I chatty  : uid=1002(bluetooth) BT Service Call expire 1 line
04-20 20:24:34.794 22073 24199 I chatty  : uid=10156(com.google.android.gms) Binder:22073_10 expire 1 line
04-20 20:24:34.799  2290  2575 I chatty  : uid=1002(bluetooth) BluetoothScanMa expire 4 lines
04-20 20:24:34.803  2290  2737 I chatty  : uid=1002(bluetooth) Binder:2290_5 expire 1 line
04-20 20:24:34.805  2290  2348 I chatty  : uid=1002(bluetooth) BT Service Call expire 4 lines
04-20 20:24:34.807  2290  2603 I chatty  : uid=1002(bluetooth) btu message loo expire 2 lines
04-20 20:24:34.808  2290  2575 I chatty  : uid=1002(bluetooth) BluetoothScanMa expire 1 line
04-20 20:24:34.812 22073  3997 I chatty  : uid=10156 com.google.android.gms.persistent expire 15 lines
04-20 20:24:34.813  5813  5813 D connectedcrossroad: onEndpointFound: Connection request failure 8007: STATUS_BLUETOOTH_ERROR
04-20 20:24:34.815 22073  5945 I chatty  : uid=10156 com.google.android.gms.persistent expire 4 lines
04-20 20:24:34.819  5813  5813 I connectedcrossroad: onConnectionResult: Connection successful
04-20 20:24:34.819  5813  5813 D connectedcrossroad: onConnectionResult: Neighbor added: A9Lw
04-20 20:24:34.827  2290  2348 I chatty  : uid=1002(bluetooth) BT Service Call expire 3 lines
04-20 20:24:34.828  2290  2603 I chatty  : uid=1002(bluetooth) btu message loo expire 1 line
04-20 20:24:34.831  2290  2348 I chatty  : uid=1002(bluetooth) BT Service Call expire 3 lines
04-20 20:24:34.832  2290  2575 I chatty  : uid=1002(bluetooth) BluetoothScanMa expire 2 lines
04-20 20:24:34.832 22073  6091 I chatty  : uid=10156 com.google.android.gms.persistent expire 2 lines
04-20 20:24:34.832 22073  3997 I chatty  : uid=10156 com.google.android.gms.persistent expire 1 line
04-20 20:24:34.835 22073  6141 I chatty  : uid=10156 com.google.android.gms.persistent expire 1 line
04-20 20:24:34.835  2290  2603 I chatty  : uid=1002(bluetooth) btu message loo expire 1 line
04-20 20:24:34.840  2290  2348 I chatty  : uid=1002(bluetooth) BT Service Call expire 5 lines
04-20 20:24:34.843 22073  3997 I chatty  : uid=10156 com.google.android.gms.persistent expire 9 lines
04-20 20:24:34.845  2290  2603 I chatty  : uid=1002(bluetooth) btu message loo expire 1 line
04-20 20:24:34.845  2290  2348 I chatty  : uid=1002(bluetooth) BT Service Call expire 4 lines
04-20 20:24:34.845  2290  2575 I chatty  : uid=1002(bluetooth) BluetoothScanMa expire 2 lines
04-20 20:24:34.849 22073  4084 I chatty  : uid=10156 com.google.android.gms.persistent expire 2 lines
04-20 20:24:34.850  2290  2348 I chatty  : uid=1002(bluetooth) BT Service Call expire 3 lines
04-20 20:24:34.853  2290  2575 I chatty  : uid=1002(bluetooth) BluetoothScanMa expire 3 lines
04-20 20:24:34.854  2290  2348 I chatty  : uid=1002(bluetooth) BT Service Call expire 2 lines
04-20 20:24:34.939  2290  2603 I chatty  : uid=1002(bluetooth) btu message loo expire 6 lines
04-20 20:24:35.021 22073  3997 I chatty  : uid=10156 com.google.android.gms.persistent expire 9 lines
04-20 20:24:35.024 22073  6128 I chatty  : uid=10156 com.google.android.gms.persistent expire 6 lines
04-20 20:24:35.042  5813  5813 D connectedcrossroad: onConnectionInitiated: Accepting connection
04-20 20:24:35.125  2290  2348 I chatty  : uid=1002(bluetooth) BT Service Call expire 1 line
04-20 20:24:35.136  5813  5813 I connectedcrossroad: onConnectionResult: Connection successful
04-20 20:24:35.137  5813  5813 D connectedcrossroad: onConnectionResult: Too many neighbors: a-xh
04-20 20:24:35.189  2290  2603 I chatty  : uid=1002(bluetooth) btu message loo expire 5 lines
04-20 20:24:35.197  2290  2348 I chatty  : uid=1002(bluetooth) BT Service Call expire 2 lines
04-20 20:24:35.245 22073  4084 I chatty  : uid=10156 com.google.android.gms.persistent expire 1 line
04-20 20:24:35.271 22073  5975 I chatty  : uid=10156 com.google.android.gms.persistent expire 4 lines
04-20 20:24:35.280 22073  6088 I chatty  : uid=10156 com.google.android.gms.persistent expire 1 line
04-20 20:24:35.282  2290  2315 I chatty  : uid=1002(bluetooth) Binder:2290_4 expire 2 lines
04-20 20:24:35.283  2290  2348 I chatty  : uid=1002(bluetooth) BT Service Call expire 2 lines
04-20 20:24:35.283  2290  2603 I chatty  : uid=1002(bluetooth) btu message loo expire 2 lines
04-20 20:24:35.285 22073  5975 I chatty  : uid=10156 com.google.android.gms.persistent expire 2 lines
04-20 20:24:35.286 22073 24199 I chatty  : uid=10156(com.google.android.gms) Binder:22073_10 expire 2 lines
04-20 20:24:35.287  2290  6147 I chatty  : uid=1002(bluetooth) com.android.bluetooth expire 2 lines
04-20 20:24:35.290  2290  2603 I chatty  : uid=1002(bluetooth) btu message loo expire 7 lines
04-20 20:24:35.290  2290  2348 I chatty  : uid=1002(bluetooth) BT Service Call expire 4 lines
04-20 20:24:35.334 22073  4084 I chatty  : uid=10156 com.google.android.gms.persistent expire 6 lines
04-20 20:24:35.338 22073  6091 I chatty  : uid=10156 com.google.android.gms.persistent expire 7 lines
04-20 20:24:35.353  2290  2603 I chatty  : uid=1002(bluetooth) btu message loo expire 6 lines
04-20 20:24:35.358 22073 24199 I chatty  : uid=10156(com.google.android.gms) Binder:22073_10 expire 1 line
04-20 20:24:35.362 22073  6091 I chatty  : uid=10156 com.google.android.gms.persistent expire 41 lines
04-20 20:24:35.369 22073  4084 I chatty  : uid=10156 com.google.android.gms.persistent expire 17 lines
04-20 20:24:35.378  2290  2348 I chatty  : uid=1002(bluetooth) BT Service Call expire 2 lines
04-20 20:24:35.385 22073  6128 I chatty  : uid=10156 com.google.android.gms.persistent expire 9 lines
04-20 20:24:35.509  2290  2603 I chatty  : uid=1002(bluetooth) btu message loo expire 1 line
04-20 20:24:35.523 22073  6091 I chatty  : uid=10156 com.google.android.gms.persistent expire 4 lines
04-20 20:24:35.571 22073  4084 I chatty  : uid=10156 com.google.android.gms.persistent expire 7 lines
04-20 20:24:35.905 22073  5975 I chatty  : uid=10156 com.google.android.gms.persistent expire 1 line
04-20 20:24:35.905 22073  5945 I chatty  : uid=10156 com.google.android.gms.persistent expire 1 line
04-20 20:24:36.224  2290  2315 I chatty  : uid=1002(bluetooth) Binder:2290_4 expire 1 line
04-20 20:24:36.227  2290  2575 I chatty  : uid=1002(bluetooth) BluetoothScanMa expire 4 lines
04-20 20:24:36.228  2290  2737 I chatty  : uid=1002(bluetooth) Binder:2290_5 expire 1 line
04-20 20:24:36.232  2290  2348 I chatty  : uid=1002(bluetooth) BT Service Call expire 12 lines
04-20 20:24:36.236  2290  2314 I chatty  : uid=1002(bluetooth) Binder:2290_3 expire 2 lines
04-20 20:24:36.238  2290  2603 I chatty  : uid=1002(bluetooth) btu message loo expire 4 lines
04-20 20:24:36.240 22073 23806 I chatty  : uid=10156(com.google.android.gms) Binder:22073_F expire 1 line
04-20 20:24:36.248  2290  2575 I chatty  : uid=1002(bluetooth) BluetoothScanMa expire 3 lines
04-20 20:24:36.255  2290  2737 I chatty  : uid=1002(bluetooth) Binder:2290_5 expire 3 lines
04-20 20:24:36.258 22073  6128 I chatty  : uid=10156 com.google.android.gms.persistent expire 3 lines
04-20 20:24:36.261  2290  2603 I chatty  : uid=1002(bluetooth) btu message loo expire 2 lines
04-20 20:24:36.261  2290  2348 I chatty  : uid=1002(bluetooth) BT Service Call expire 3 lines
04-20 20:24:36.262 22073 24199 I chatty  : uid=10156(com.google.android.gms) Binder:22073_10 expire 1 line
04-20 20:24:36.265  2290  2603 I chatty  : uid=1002(bluetooth) btu message loo expire 4 lines
04-20 20:24:36.826   827  5608 E WifiHAL : Received LOG message with insufficent length: 24
04-20 20:24:36.826   827  5608 E WifiHAL : Received fatal event, sending alert
04-20 20:24:36.827  1743  2410 W WifiVendorHal: onDebugErrorAlert 4104
04-20 20:24:37.086 22073 22244 I chatty  : uid=10156(com.google.android.gms) NearbyMessages expire 1 line
04-20 20:24:37.262  5577  5577 I wpa_supplicant: TDLS: Failed to send message (action_code=14)
04-20 20:24:37.570 22073  6091 I chatty  : uid=10156 com.google.android.gms.persistent expire 2 lines
04-20 20:24:37.581 22073  6150 I chatty  : uid=10156 com.google.android.gms.persistent expire 10 lines
04-20 20:24:37.586 22073  3997 I chatty  : uid=10156 com.google.android.gms.persistent expire 12 lines
04-20 20:24:38.161 22073  6117 I chatty  : uid=10156 com.google.android.gms.persistent expire 1 line
04-20 20:24:40.093  2290  2348 I chatty  : uid=1002(bluetooth) BT Service Call expire 1 line
04-20 20:24:40.103 22073  6141 I chatty  : uid=10156 com.google.android.gms.persistent expire 1 line
04-20 20:24:40.927 22073  5975 I chatty  : uid=10156 com.google.android.gms.persistent expire 1 line
04-20 20:24:41.074 22073  5945 I chatty  : uid=10156 com.google.android.gms.persistent expire 1 line
04-20 20:24:41.262 22073  6128 I chatty  : uid=10156 com.google.android.gms.persistent expire 3 lines
04-20 20:24:41.267  2290  2737 I chatty  : uid=1002(bluetooth) Binder:2290_5 expire 1 line
04-20 20:24:41.269 22073  4084 I chatty  : uid=10156 com.google.android.gms.persistent expire 3 lines
04-20 20:24:41.272  2290  2603 I chatty  : uid=1002(bluetooth) btu message loo expire 10 lines
04-20 20:24:41.273  2290  2314 I chatty  : uid=1002(bluetooth) Binder:2290_3 expire 1 line
04-20 20:24:41.273  2290  2603 I chatty  : uid=1002(bluetooth) btu message loo expire 1 line
04-20 20:24:41.275  2290  2348 I chatty  : uid=1002(bluetooth) BT Service Call expire 2 lines
04-20 20:24:41.276 22073 23806 I chatty  : uid=10156(com.google.android.gms) Binder:22073_F expire 1 line
04-20 20:24:41.276 22073 24199 I chatty  : uid=10156(com.google.android.gms) Binder:22073_10 expire 2 lines
04-20 20:24:41.277  2290  2314 I chatty  : uid=1002(bluetooth) Binder:2290_3 expire 1 line
04-20 20:24:41.278  2290  2603 I chatty  : uid=1002(bluetooth) btu message loo expire 1 line
04-20 20:24:41.280 22073  6128 I chatty  : uid=10156 com.google.android.gms.persistent expire 2 lines
04-20 20:24:41.282  2290  2575 I chatty  : uid=1002(bluetooth) BluetoothScanMa expire 1 line
04-20 20:24:41.283  2290  2737 I chatty  : uid=1002(bluetooth) Binder:2290_5 expire 1 line
04-20 20:24:41.284 22073  4084 I chatty  : uid=10156 com.google.android.gms.persistent expire 2 lines
04-20 20:24:41.291  2290  2314 I chatty  : uid=1002(bluetooth) Binder:2290_3 expire 1 line
04-20 20:24:41.291  2290  2603 I chatty  : uid=1002(bluetooth) btu message loo expire 2 lines
04-20 20:24:41.292  2290  2348 I chatty  : uid=1002(bluetooth) BT Service Call expire 1 line
04-20 20:24:41.292 22073 24199 I chatty  : uid=10156(com.google.android.gms) Binder:22073_10 expire 1 line
04-20 20:24:41.293  2290  2314 I chatty  : uid=1002(bluetooth) Binder:2290_3 expire 1 line
04-20 20:24:41.298  2290  2575 I chatty  : uid=1002(bluetooth) BluetoothScanMa expire 4 lines
04-20 20:24:41.303  2290  2737 I chatty  : uid=1002(bluetooth) Binder:2290_5 expire 1 line
04-20 20:24:41.306  2290  2348 I chatty  : uid=1002(bluetooth) BT Service Call expire 3 lines
04-20 20:24:41.307  2290  2603 I chatty  : uid=1002(bluetooth) btu message loo expire 2 lines
04-20 20:24:41.307  2290  2348 I chatty  : uid=1002(bluetooth) BT Service Call expire 2 lines
04-20 20:24:41.308  2290  2575 I chatty  : uid=1002(bluetooth) BluetoothScanMa expire 1 line
04-20 20:24:41.327  2290  2348 I chatty  : uid=1002(bluetooth) BT Service Call expire 3 lines
04-20 20:24:41.328  2290  2603 I chatty  : uid=1002(bluetooth) btu message loo expire 1 line
04-20 20:24:41.329  2290  2575 I chatty  : uid=1002(bluetooth) BluetoothScanMa expire 1 line
04-20 20:24:41.332  2290  2348 I chatty  : uid=1002(bluetooth) BT Service Call expire 4 lines
04-20 20:24:41.333  2290  2603 I chatty  : uid=1002(bluetooth) btu message loo expire 1 line
04-20 20:24:41.334  2290  2575 I chatty  : uid=1002(bluetooth) BluetoothScanMa expire 1 line
04-20 20:24:41.338  2290  2348 I chatty  : uid=1002(bluetooth) BT Service Call expire 2 lines
04-20 20:24:41.339  2290  2603 I chatty  : uid=1002(bluetooth) btu message loo expire 1 line
04-20 20:24:41.339  2290  2348 I chatty  : uid=1002(bluetooth) BT Service Call expire 2 lines
04-20 20:24:41.340  2290  2575 I chatty  : uid=1002(bluetooth) BluetoothScanMa expire 1 line
04-20 20:24:41.344  2290  2348 I chatty  : uid=1002(bluetooth) BT Service Call expire 6 lines
04-20 20:24:41.345  2290  2575 I chatty  : uid=1002(bluetooth) BluetoothScanMa expire 4 lines
04-20 20:24:41.351  2290  2348 I chatty  : uid=1002(bluetooth) BT Service Call expire 2 lines
04-20 20:24:41.505     0     0 W swapper/0: type=1400 audit(0.0:979): avc: denied { kill } for uid=0 capability=5 scontext=u:r:kernel:s0 tcontext=u:r:kernel:s0 tclass=capability permissive=0
04-20 20:24:41.554  2290  2603 I chatty  : uid=1002(bluetooth) btu message loo expire 4 lines
04-20 20:24:41.572 22073  6128 I chatty  : uid=10156 com.google.android.gms.persistent expire 12 lines
04-20 20:24:41.598 22073  3997 I chatty  : uid=10156 com.google.android.gms.persistent expire 8 lines
04-20 20:24:41.602 22073  4084 I chatty  : uid=10156 com.google.android.gms.persistent expire 16 lines
04-20 20:24:42.332  2290  2348 I chatty  : uid=1002(bluetooth) BT Service Call expire 5 lines
04-20 20:24:43.303 22073  6117 I chatty  : uid=10156 com.google.android.gms.persistent expire 1 line
04-20 20:24:44.179  2290  2737 I chatty  : uid=1002(bluetooth) Binder:2290_5 expire 1 line
04-20 20:24:44.182  2290  2575 I chatty  : uid=1002(bluetooth) BluetoothScanMa expire 1 line
04-20 20:24:44.184  2290  2314 I chatty  : uid=1002(bluetooth) Binder:2290_3 expire 1 line
04-20 20:24:44.189  2290  2348 I chatty  : uid=1002(bluetooth) BT Service Call expire 3 lines
04-20 20:24:44.190  2290  2737 I chatty  : uid=1002(bluetooth) Binder:2290_5 expire 1 line
04-20 20:24:44.191  2290  2603 I chatty  : uid=1002(bluetooth) btu message loo expire 2 lines
04-20 20:24:44.192  2290  2348 D BtGatt.GattService: onScanFilterParamsConfigured() - clientIf=5, status=0, action=1, availableSpace=12
04-20 20:24:44.192  2290  2348 D BtGatt.ScanManager: callback done for scannerId - 5 status - 0
04-20 20:24:44.192 22073 24199 I chatty  : uid=10156(com.google.android.gms) Binder:22073_10 expire 2 lines
04-20 20:24:44.195  2290  2348 D BtGatt.GattService: onScanFilterParamsConfigured() - clientIf=5, status=0, action=1, availableSpace=13
04-20 20:24:44.195  2290  2348 D BtGatt.ScanManager: callback done for scannerId - 5 status - 0
04-20 20:24:44.196  2290  2737 D BtGatt.GattService: start scan with filters. callingPackage: com.google.android.gms
04-20 20:24:44.197  2290  2348 D BtGatt.GattService: onScanFilterParamsConfigured() - clientIf=5, status=0, action=1, availableSpace=14
04-20 20:24:44.197  2290  2348 D BtGatt.ScanManager: callback done for scannerId - 5 status - 0
04-20 20:24:44.198  2290  2575 D BtGatt.ScanManager: configureRegularScanParams() - queue=2
04-20 20:24:44.198  2290  2575 D BtGatt.ScanManager: configureRegularScanParams() - ScanSetting LE 1M Scan mode=1ScanSetting LE Coded Scan mode=1 mLastConfiguredScanSettingLE1M=2 mLastConfiguredScanSettingLECoded=2scanPhy=255
04-20 20:24:44.198  2290  2575 D BtGatt.ScanManager: configureRegularScanParams - scanInterval LE 1M = 4096configureRegularScanParams - scanWindow LE 1M= 818configureRegularScanParams - scanInterval LE Coded= 4096configureRegularScanParams - scanWindow LE Coded= 818
04-20 20:24:44.198  2290  2348 D BtGatt.GattService: onScanParamSetupCompleted : 0
04-20 20:24:44.201  2290  2575 I BtGatt.ScanManager: msg.what = 0
04-20 20:24:44.202  2290  2575 D BtGatt.ScanManager: handling starting scan
04-20 20:24:44.203  2290  2575 D BtGatt.ScanManager: isAptXLowLatencyModeEnabled: false
04-20 20:24:44.203  2290  2737 D BluetoothAdapterService: cancelDiscovery
04-20 20:24:44.207  2290  2603 E bt_btm  : BTM_BleObserve Observe Already Active
04-20 20:24:44.207  2290  2603 W bt_btif :  bta_dm_ble_observe BTM_BleObserve  failed. status 6
04-20 20:24:44.208  2290  2737 D BtGatt.GattService: registerClient() - UUID=6d662f8b-0efd-40a0-80fb-6acf5895cc63
04-20 20:24:44.208  2290  2603 I bt_stack: [INFO:gatt_api.cc(950)] GATT_Register 17d0ee0f-cb6e-41a2-112f-d58f15eddf0f
04-20 20:24:44.209  2290  2603 I bt_stack: [INFO:gatt_api.cc(970)] allocated gatt_if=10
04-20 20:24:44.209  2290  2348 D BtGatt.GattService: onClientRegistered() - UUID=6d662f8b-0efd-40a0-80fb-6acf5895cc63, clientIf=10
04-20 20:24:44.211  2290  2737 D BtGatt.GattService: clientConnect() - address=52:D0:62:A7:AF:32, isDirect=true, opportunistic=false, phy=1
04-20 20:24:44.211  2290  2348 D bt_btif_config: btif_get_address_type: Device [52:d0:62:a7:af:32] address type 1
04-20 20:24:44.211  2290  2348 D bt_btif_config: btif_get_device_type: Device [52:d0:62:a7:af:32] type 2
04-20 20:24:44.211  2290  2603 I bt_stack: [INFO:gatt_api.cc(1122)] GATT_Connect gatt_if=10, address=52:d0:62:a7:af:32 is_direct 1
04-20 20:24:44.212  2290  2603 I bt_stack: [INFO:btm_ble_bgconn.cc(248)] btm_add_dev_to_controller addig RPA into white list
04-20 20:24:44.501 22073 22244 I chatty  : uid=10156(com.google.android.gms) NearbyMessages expire 1 line
04-20 20:24:45.173  2290  2603 I bt_stack: [INFO:gatt_main.cc(919)] gatt_data_process op_code = 18, msg_len = 94
04-20 20:24:45.178  2290  2348 D BtGatt.GattService: onResponseSendCompleted() handle=45
04-20 20:24:45.186  2290  2603 I bt_stack: [INFO:gatt_main.cc(919)] gatt_data_process op_code = 30, msg_len = 0
04-20 20:24:45.187 22073  6141 I chatty  : uid=10156 com.google.android.gms.persistent expire 1 line
04-20 20:24:45.625 22073  6091 I chatty  : uid=10156 com.google.android.gms.persistent expire 10 lines
04-20 20:24:45.627 22073  6150 I chatty  : uid=10156 com.google.android.gms.persistent expire 12 lines
04-20 20:24:45.756 22073  5945 I chatty  : uid=10156 com.google.android.gms.persistent expire 1 line
04-20 20:24:45.899 22073  5975 I chatty  : uid=10156 com.google.android.gms.persistent expire 1 line
04-20 20:24:47.113 22073 22091 I chatty  : uid=10156(com.google.android.gms) HeapTaskDaemon expire 1 line
04-20 20:24:47.125 22073 22093 I chatty  : uid=10156(com.google.android.gms) FinalizerDaemon expire 6 lines
04-20 20:24:47.631 22073  6091 I chatty  : uid=10156 com.google.android.gms.persistent expire 2 lines
04-20 20:24:47.644 22073  6150 I chatty  : uid=10156 com.google.android.gms.persistent expire 2 lines
04-20 20:24:47.644 22073  4084 I chatty  : uid=10156 com.google.android.gms.persistent expire 1 line
04-20 20:24:47.645 22073  6091 I chatty  : uid=10156 com.google.android.gms.persistent expire 1 line
04-20 20:24:47.650 22073  6150 I chatty  : uid=10156 com.google.android.gms.persistent expire 2 lines
04-20 20:24:47.650 22073  6091 I chatty  : uid=10156 com.google.android.gms.persistent expire 1 line
04-20 20:24:47.656 22073  6150 I chatty  : uid=10156 com.google.android.gms.persistent expire 2 lines
04-20 20:24:47.656 22073  6091 I chatty  : uid=10156 com.google.android.gms.persistent expire 1 line
04-20 20:24:47.854  5577  5577 I wpa_supplicant: TDLS: Failed to send message (action_code=14)
04-20 20:24:48.165 22073  6117 I chatty  : uid=10156 com.google.android.gms.persistent expire 1 line
04-20 20:24:49.209 22073  3997 I chatty  : uid=10156 com.google.android.gms.persistent expire 3 lines
04-20 20:24:49.210   827  5608 E WifiHAL : Received LOG message with insufficent length: 24
04-20 20:24:49.210   827  5608 E WifiHAL : Received fatal event, sending alert
04-20 20:24:49.212 22073  6128 I chatty  : uid=10156 com.google.android.gms.persistent expire 3 lines
04-20 20:24:49.212  1743  2410 W WifiVendorHal: onDebugErrorAlert 4104
04-20 20:24:49.215  2290  2737 D BtGatt.GattService: clientDisconnect() - address=52:D0:62:A7:AF:32, connId=null
04-20 20:24:49.217  2290  2603 I bt_stack: [INFO:gatt_api.cc(1182)] GATT_CancelConnect: gatt_if:10, address: 52:d0:62:a7:af:32, direct:1
04-20 20:24:49.217  2290  2603 W bt_stack: [WARNING:bta_gattc_act.cc(1060)] bta_gattc_conn_cback: cif=3 connected=0 conn_id=0x0403 reason=0x0016
04-20 20:24:49.217  2290  2315 D BtGatt.GattService: stopScan() - queue size =3
04-20 20:24:49.217  2290  2603 W bt_stack: [WARNING:bta_gattc_act.cc(1060)] bta_gattc_conn_cback: cif=4 connected=0 conn_id=0x0404 reason=0x0016
