04-20 19:30:54.134  1749  1781 W BroadcastQueue: Background execution not allowed: receiving Intent { act=android.bluetooth.device.action.BOND_STATE_CHANGED flg=0x10 (has extras) } to com.google.android.googlequicksearchbox/com.google.android.apps.gsa.broadcastreceiver.external.ExternalCommonBroadcastReceiver
04-20 19:30:54.460  1749  2054 D BatteryService: uevent={POWER_SUPPLY_DP_DM=0, POWER_SUPPLY_VOLTAGE_NOW=4006602, POWER_SUPPLY_SW_JEITA_ENABLED=0, POWER_SUPPLY_CHARGE_CONTROL_LIMIT_MAX=8, POWER_SUPPLY_RECHARGE_SOC=99, POWER_SUPPLY_HEALTH=Good, POWER_SUPPLY_TECHNOLOGY=Li-ion, POWER_SUPPLY_FCC_STEPPER_ENABLE=0, SEQNUM=10621, POWER_SUPPLY_INPUT_CURRENT_LIMITED=0, POWER_SUPPLY_CHARGE_CONTROL_LIMIT=0, POWER_SUPPLY_BATTERY_CHARGING_ENABLED=1, POWER_SUPPLY_STATUS=Discharging, POWER_SUPPLY_CYCLE_COUNT=1, POWER_SUPPLY_CURRENT_MAX=2000000, POWER_SUPPLY_CHARGE_TERM_CURRENT=-101, POWER_SUPPLY_CAPACITY=71, DEVPATH=/devices/platform/soc/200f000.qcom,spmi/spmi-0/spmi0-02/200f000.qcom,spmi:qcom,pmi632@2:qcom,qpnp-smb5/power_supply/battery, POWER_SUPPLY_CHARGE_DONE=0, POWER_SUPPLY_CHARGE_TYPE=N/A, POWER_SUPPLY_CHARGE_RATE=None, POWER_SUPPLY_CURRENT_NOW=-204620, POWER_SUPPLY_SYSTEM_TEMP_LEVEL=0, POWER_SUPPLY_PRESENT=1, POWER_SUPPLY_PARALLEL_DISABLE=0, POWER_SUPPLY_CHARGE_FULL=3615000, SUBSYSTEM=power_supply, POWER_SUPPLY_SET_SHIP_MODE=0, POWER_SUPPLY_TEMP=250, ACTION=change, POWER_SUPPLY_RERUN_AICL=0, POWER_SUPPLY_AGE=100, POWER_SUPPLY_NAME=battery, POWER_SUPPLY_VOLTAGE_MAX=-22, POWER_SUPPLY_CONSTANT_CHARGE_CURRENT_MAX=2000000, POWER_SUPPLY_CHARGE_COUNTER=2566650, POWER_SUPPLY_STEP_CHARGING_ENABLED=0, POWER_SUPPLY_NUM_SYSTEM_TEMP_LEVELS=8, POWER_SUPPLY_DIE_HEALTH=Hot, POWER_SUPPLY_INPUT_SUSPEND=0}
04-20 19:30:56.714  1749  1773 I WindowManager:   SURFACE show Surface(name=InputMethod)/@0xb20341e on display:0: InputMethod
--------- beginning of crash
04-20 19:31:07.131 25813 25813 E AndroidRuntime: FATAL EXCEPTION: main
04-20 19:31:07.131 25813 25813 E AndroidRuntime: Process: com.google.location.nearby.apps.connectedcrossroad, PID: 25813
04-20 19:31:07.131 25813 25813 E AndroidRuntime: java.lang.NumberFormatException: For input string: ""
04-20 19:31:07.131 25813 25813 E AndroidRuntime: 	at java.lang.Integer.parseInt(Integer.java:627)
04-20 19:31:07.131 25813 25813 E AndroidRuntime: 	at java.lang.Integer.parseInt(Integer.java:650)
04-20 19:31:07.131 25813 25813 E AndroidRuntime: 	at nx.aodv.eval.MainActivity$1.onClick(MainActivity.java:123)
04-20 19:31:07.131 25813 25813 E AndroidRuntime: 	at android.view.View.performClick(View.java:7161)
04-20 19:31:07.131 25813 25813 E AndroidRuntime: 	at android.view.View.performClickInternal(View.java:7133)
04-20 19:31:07.131 25813 25813 E AndroidRuntime: 	at android.view.View.access$3500(View.java:804)
04-20 19:31:07.131 25813 25813 E AndroidRuntime: 	at android.view.View$PerformClick.run(View.java:27416)
04-20 19:31:07.131 25813 25813 E AndroidRuntime: 	at android.os.Handler.handleCallback(Handler.java:883)
04-20 19:31:07.131 25813 25813 E AndroidRuntime: 	at android.os.Handler.dispatchMessage(Handler.java:100)
04-20 19:31:07.131 25813 25813 E AndroidRuntime: 	at android.os.Looper.loop(Looper.java:241)
04-20 19:31:07.131 25813 25813 E AndroidRuntime: 	at android.app.ActivityThread.main(ActivityThread.java:7604)
04-20 19:31:07.131 25813 25813 E AndroidRuntime: 	at java.lang.reflect.Method.invoke(Native Method)
04-20 19:31:07.131 25813 25813 E AndroidRuntime: 	at com.android.internal.os.RuntimeInit$MethodAndArgsCaller.run(RuntimeInit.java:492)
04-20 19:31:07.131 25813 25813 E AndroidRuntime: 	at com.android.internal.os.ZygoteInit.main(ZygoteInit.java:941)
04-20 19:31:07.144  1749 26187 I DropBoxManagerService: add tag=data_app_crash isTagEnabled=true flags=0x2
04-20 19:31:07.145  1749  9826 W ActivityTaskManager:   Force finishing activity com.google.location.nearby.apps.connectedcrossroad/nx.aodv.eval.MainActivity
04-20 19:31:07.147  1749  9826 V WindowManager: Changing focus from Window{c9eade6 u0 com.google.location.nearby.apps.connectedcrossroad/nx.aodv.eval.MainActivity} to null displayId=0
04-20 19:31:07.155  1749  1781 W BroadcastQueue: Background execution not allowed: receiving Intent { act=android.intent.action.DROPBOX_ENTRY_ADDED flg=0x10 (has extras) } to com.google.android.gms/.stats.service.DropBoxEntryAddedReceiver
04-20 19:31:07.155  1749  1781 W BroadcastQueue: Background execution not allowed: receiving Intent { act=android.intent.action.DROPBOX_ENTRY_ADDED flg=0x10 (has extras) } to com.google.android.gms/.chimera.GmsIntentOperationService$PersistentTrustedReceiver
04-20 19:31:07.229  1749 11470 I WindowManager: WIN DEATH: Window{c9eade6 u0 com.google.location.nearby.apps.connectedcrossroad/nx.aodv.eval.MainActivity}
04-20 19:31:07.236  1749  3475 I ActivityManager: Process com.google.location.nearby.apps.connectedcrossroad (pid 25813) has died: vis+99 TOP 
04-20 19:31:07.237  1749  3475 D ActivityManager: makeInactive, ProcessRecord{3085e10 25813:com.google.location.nearby.apps.connectedcrossroad/u0a216}, clear holder.state
04-20 19:31:07.245  1749  3475 I WindowManager: Window drawn AppWindowToken{b0a7d74 token=Token{998a147 ActivityRecord{a7486 u0 com.google.location.nearby.apps.connectedcrossroad/nx.aodv.eval.MainActivity t14}}}
04-20 19:31:07.264  1749  3475 W ProcessStats: Tracking association SourceState{5bb78d com.google.android.gms.persistent/10158 ImpFg #53748} whose proc state 2 is better than process ProcessState{d084d42 com.google.android.gms/10158 pkg=com.google.android.gms (sub)} proc state 3 (88 skipped)
04-20 19:31:07.268  1749  1772 W ActivityManager: setHasOverlayUi called on unknown pid: 25813
04-20 19:31:07.302  1749  3453 V WindowManager: Changing focus from null to Window{733e816 u0 com.motorola.launcher3/com.android.launcher3.CustomizationPanelLauncher} displayId=0
04-20 19:31:07.324  1749  1773 I WindowManager:   SURFACE show Surface(name=com.android.systemui.ImageWallpaper)/@0xcbdab7b on display:0: com.android.systemui.ImageWallpaper
04-20 19:31:07.343  1749  1773 I WindowManager: Window drawn AppWindowToken{7a5d47e token=Token{e022639 ActivityRecord{9980e00 u0 com.motorola.launcher3/com.android.launcher3.CustomizationPanelLauncher t3}}}
04-20 19:31:07.345  1749  1773 I WindowManager:   SURFACE show Surface(name=com.motorola.launcher3/com.android.launcher3.CustomizationPanelLauncher)/@0x3082478 on display:0: com.motorola.launcher3/com.android.launcher3.CustomizationPanelLauncher
04-20 19:31:07.345  1749  1773 I WindowManager:   SURFACE show Surface(name=com.motorola.launcher3/com.android.launcher3.CustomizationPanelLauncher)/@0x2644751 on display:0: com.motorola.launcher3/com.android.launcher3.CustomizationPanelLauncher
04-20 19:31:07.381  1749  1773 I WindowManager:   SURFACE show Surface(name=FloatingTutorialButton)/@0xc870a90 on display:0: FloatingTutorialButton
04-20 19:31:07.648  1749  1772 W ActivityTaskManager: Activity top resumed state loss timeout for ActivityRecord{a7486 u0 com.google.location.nearby.apps.connectedcrossroad/nx.aodv.eval.MainActivity t-1 f}
04-20 19:31:15.397  1749  2257 D NsdService: unregister service
04-20 19:31:15.398  1749  2257 D NsdService: mdnssd [stop-register, 3]
04-20 19:31:15.417  1749  1749 D BluetoothManagerService: Bluetooth Adapter name changed to moto e
04-20 19:31:15.418  1749  1749 D BluetoothManagerService: Stored Bluetooth name: moto e
04-20 19:31:15.419  1749  1749 V SettingsProvider: Notifying for 0: content://settings/secure/bluetooth_name
04-20 19:31:55.903  1749  2054 D BatteryService: uevent={POWER_SUPPLY_DP_DM=0, POWER_SUPPLY_VOLTAGE_NOW=4012247, POWER_SUPPLY_SW_JEITA_ENABLED=0, POWER_SUPPLY_CHARGE_CONTROL_LIMIT_MAX=8, POWER_SUPPLY_RECHARGE_SOC=99, POWER_SUPPLY_HEALTH=Good, POWER_SUPPLY_TECHNOLOGY=Li-ion, POWER_SUPPLY_FCC_STEPPER_ENABLE=0, SEQNUM=10744, POWER_SUPPLY_INPUT_CURRENT_LIMITED=0, POWER_SUPPLY_CHARGE_CONTROL_LIMIT=0, POWER_SUPPLY_BATTERY_CHARGING_ENABLED=1, POWER_SUPPLY_STATUS=Discharging, POWER_SUPPLY_CYCLE_COUNT=1, POWER_SUPPLY_CURRENT_MAX=2000000, POWER_SUPPLY_CHARGE_TERM_CURRENT=-101, POWER_SUPPLY_CAPACITY=71, DEVPATH=/devices/platform/soc/200f000.qcom,spmi/spmi-0/spmi0-02/200f000.qcom,spmi:qcom,pmi632@2:qcom,qpnp-smb5/power_supply/battery, POWER_SUPPLY_CHARGE_DONE=0, POWER_SUPPLY_CHARGE_TYPE=N/A, POWER_SUPPLY_CHARGE_RATE=None, POWER_SUPPLY_CURRENT_NOW=-153350, POWER_SUPPLY_SYSTEM_TEMP_LEVEL=0, POWER_SUPPLY_PRESENT=1, POWER_SUPPLY_PARALLEL_DISABLE=0, POWER_SUPPLY_CHARGE_FULL=3615000, SUBSYSTEM=power_supply, POWER_SUPPLY_SET_SHIP_MODE=0, POWER_SUPPLY_TEMP=252, ACTION=change, POWER_SUPPLY_RERUN_AICL=0, POWER_SUPPLY_AGE=100, POWER_SUPPLY_NAME=battery, POWER_SUPPLY_VOLTAGE_MAX=-22, POWER_SUPPLY_CONSTANT_CHARGE_CURRENT_MAX=2000000, POWER_SUPPLY_CHARGE_COUNTER=2566650, POWER_SUPPLY_STEP_CHARGING_ENABLED=0, POWER_SUPPLY_NUM_SYSTEM_TEMP_LEVELS=8, POWER_SUPPLY_DIE_HEALTH=Hot, POWER_SUPPLY_INPUT_SUSPEND=0}
04-20 19:32:00.045  1749  1789 V DisplayPowerController: Brightness [1] reason changing to: 'automatic [ dim ]', previous reason: 'automatic'.
04-20 19:32:07.047  1749  1789 I PowerManagerService: Going to sleep due to timeout (uid 1000)...
04-20 19:32:07.048  1749  1749 W UsageStatsService: Event reported without a package name, eventType:16
04-20 19:32:07.052  1749  1749 I WindowManager: Started going to sleep... (why=OFF_BECAUSE_OF_TIMEOUT)
04-20 19:32:07.111  1749  1789 V DisplayPowerController: Brightness [63] reason changing to: 'automatic', previous reason: 'automatic [ dim ]'.
04-20 19:32:07.526  1749  1789 I DisplayPowerController: Blocking screen off
04-20 19:32:07.527  1749  1789 I DisplayPowerController: Unblocked screen off after 0 ms
04-20 19:32:07.554  1749  1789 I WindowManager: Screen turned off...
04-20 19:32:07.586  1749 26372 D ActivityTaskManager: Top Process State changed to PROCESS_STATE_TOP_SLEEPING
04-20 19:32:07.592  1749  1789 V DisplayPowerController: Brightness [0] reason changing to: 'screen_off', previous reason: 'automatic'.
04-20 19:32:07.594  1749  1772 I DisplayManagerService: Display device changed state: "Built-in Screen", OFF
04-20 19:32:07.990  1749  1789 I DreamManagerService: Entering dreamland.
04-20 19:32:07.990  1749  1789 I PowerManagerService: Dozing...
04-20 19:32:07.992  1749  1769 I DreamController: Starting dream: name=ComponentInfo{com.android.systemui/com.android.systemui.doze.DozeService}, isTest=false, canDoze=true, userId=0
04-20 19:32:08.047  1749 11470 V WindowManager: Changing focus from Window{733e816 u0 com.motorola.launcher3/com.android.launcher3.CustomizationPanelLauncher} to null displayId=0
04-20 19:32:08.057  1749  1749 V SettingsProvider: Notifying for 0: content://settings/secure/reminder_exp_learning_time_elapsed
04-20 19:32:08.067  1749  1749 V SettingsProvider: Notifying for 0: content://settings/secure/reminder_exp_learning_time_elapsed
04-20 19:32:08.096  1749  1749 I WindowManager: Finished going to sleep... (why=OFF_BECAUSE_OF_TIMEOUT)
04-20 19:32:08.098  1749  7787 I WindowManager:   SURFACE SIZE set 720x1520 on display:0: StatusBar
04-20 19:32:08.181  1749  7787 V WindowManager: Changing focus from null to Window{743b1cb u0 StatusBar} displayId=0
04-20 19:32:08.244  1749  5874 V WindowManager: Changing focus from Window{743b1cb u0 StatusBar} to Window{1a70db1 u0 AOD} displayId=0
04-20 19:32:08.411  1749  5874 I WindowManager: Window drawn AppWindowToken{7a5d47e token=Token{e022639 ActivityRecord{9980e00 u0 com.motorola.launcher3/com.android.launcher3.CustomizationPanelLauncher t3}}}
04-20 19:32:08.485  1749  5874 D NotificationListeners: Enabling component com.motorola.motodisplay/.notification.DisplayNotifListenerService
04-20 19:32:08.485  1749  5874 V NotificationListeners: binding: Intent { act=android.service.notification.NotificationListenerService cmp=com.motorola.motodisplay/.notification.DisplayNotifListenerService (has extras) }
04-20 19:32:08.512  1749  1773 I WindowManager:   SURFACE show Surface(name=AOD)/@0x3a8efa0 on display:0: AOD
04-20 19:32:08.520  1749  1749 V NotificationListeners: 0 notification listener service connected: ComponentInfo{com.motorola.motodisplay/com.motorola.motodisplay.notification.DisplayNotifListenerService}
04-20 19:32:12.095  1749  1772 W UsageStatsService: Event reported without a package name, eventType:17
04-20 19:32:16.659  1749  1780 W ProcessCpuTracker: Failed to stat(/proc/26398): android.system.ErrnoException: stat failed: ENOENT (No such file or directory)
04-20 19:32:16.660  1749  1780 W ProcessCpuTracker: Skipping unknown process pid 26398
04-20 19:32:46.671  1749  1780 W ProcessCpuTracker: Failed to stat(/proc/26465): android.system.ErrnoException: stat failed: ENOENT (No such file or directory)
04-20 19:32:46.671  1749  1780 W ProcessCpuTracker: Skipping unknown process pid 26465
04-20 19:32:56.747  1749  2137 I PowerManagerService: Waking up from Dozing (uid=1000, reason=WAKE_REASON_POWER_BUTTON, details=android.policy:POWER)...
04-20 19:32:56.749  1749  1749 W UsageStatsService: Event reported without a package name, eventType:15
04-20 19:32:56.757  1749  1749 I WindowManager: Started waking up... (why=ON_BECAUSE_OF_USER)
04-20 19:32:56.762  1749  5123 I PowerManagerService: Waking up from Awake (uid=10132, reason=WAKE_REASON_GESTURE, details=com.android.systemui:NODOZE)...
04-20 19:32:56.768  1749  1789 I DisplayPowerController: Blocking screen on until initial contents have been drawn.
04-20 19:32:56.769  1749  1789 I WindowManager: Screen turning on...
04-20 19:32:56.770  1749 11470 D WindowManager: mKeyguardDelegate.ShowListener.onDrawn.
04-20 19:32:56.770  1749  1770 W WindowManager: Setting mKeyguardDrawComplete
04-20 19:32:56.788  1749  1789 V DisplayPowerController: Brightness [63] reason changing to: 'manual', previous reason: 'screen_off'.
04-20 19:32:56.789  1749  1772 I DisplayManagerService: Display device changed state: "Built-in Screen", ON
04-20 19:32:56.793  1749  1789 V DisplayPowerController: Brightness [64] reason changing to: 'automatic', previous reason: 'manual'.
04-20 19:32:56.795  1749  1749 V SettingsProvider: Notifying for 0: content://settings/system/screen_brightness
04-20 19:32:56.814  1749  1749 V SettingsProvider: Notifying for 0: content://settings/secure/reminder_exp_learning_time_elapsed
04-20 19:32:56.831  1749  7787 V WindowManager: Changing focus from Window{1a70db1 u0 AOD} to Window{743b1cb u0 StatusBar} displayId=0
04-20 19:32:56.859  1749  5123 D NotificationListeners: Disabling component com.motorola.motodisplay/.notification.DisplayNotifListenerService
04-20 19:32:56.870  1749  1773 I WindowManager:   SURFACE show Surface(name=NavigationBar0)/@0xaa15324 on display:0: NavigationBar0
04-20 19:32:56.877  1749  1772 I WindowManager: All windows ready for display!
04-20 19:32:56.877  1749  1770 W WindowManager: Setting mWindowManagerDrawComplete
04-20 19:32:56.882  1749  1789 I DisplayPowerController: Unblocked screen on after 114 ms
04-20 19:32:57.045  1749  1789 W PowerManagerService: Screen on took 283 ms
04-20 19:32:57.045  1749  1789 I DreamManagerService: Gently waking up from dream.
04-20 19:32:57.045  1749  1769 I DreamManagerService: Performing gentle wake from dream.
04-20 19:32:57.046  1749  1749 I WindowManager: Finished waking up... (why=ON_BECAUSE_OF_USER)
04-20 19:32:57.080  1749  1773 I WindowManager:   SURFACE show Surface(name=com.android.systemui.ImageWallpaper)/@0xcbdab7b on display:0: com.android.systemui.ImageWallpaper
04-20 19:32:57.096  1749 11122 I DreamManagerService: Leaving dreamland.
04-20 19:32:57.096  1749  1769 I DreamManagerService: Performing gentle wake from dream.
04-20 19:32:57.096  1749  1769 I DreamController: Stopping dream: name=ComponentInfo{com.android.systemui/com.android.systemui.doze.DozeService}, isTest=false, canDoze=true, userId=0
04-20 19:32:57.123  1749  1770 D WindowManager: powerPress: eventTime=1124956 interactive=true count=1 beganFromNonInteractive=true mShortPressOnPowerBehavior=1
04-20 19:32:58.459  1749 11122 D ActivityTaskManager: Top Process State changed to PROCESS_STATE_TOP
04-20 19:32:58.546  1749  1773 I WindowManager: Window drawn AppWindowToken{7a5d47e token=Token{e022639 ActivityRecord{9980e00 u0 com.motorola.launcher3/com.android.launcher3.CustomizationPanelLauncher t3}}}
04-20 19:32:58.548  1749  1773 I WindowManager:   SURFACE show Surface(name=com.motorola.launcher3/com.android.launcher3.CustomizationPanelLauncher)/@0x47bf5dd on display:0: com.motorola.launcher3/com.android.launcher3.CustomizationPanelLauncher
04-20 19:32:58.548  1749  1773 I WindowManager:   SURFACE show Surface(name=com.motorola.launcher3/com.android.launcher3.CustomizationPanelLauncher)/@0x39f3552 on display:0: com.motorola.launcher3/com.android.launcher3.CustomizationPanelLauncher
04-20 19:32:58.558  1749  1749 V SettingsProvider: Notifying for 0: content://settings/secure/reminder_exp_learning_time_elapsed
04-20 19:32:58.579  1749  1772 W UsageStatsService: Event reported without a package name, eventType:18
04-20 19:32:58.584  1749  1781 W BroadcastQueue: Background execution not allowed: receiving Intent { act=android.intent.action.USER_PRESENT flg=0x24200010 } to com.android.chrome/org.chromium.chrome.browser.sharing.click_to_call.ClickToCallMessageHandler$PhoneUnlockedReceiver
04-20 19:32:58.584  1749  1781 W BroadcastQueue: Background execution not allowed: receiving Intent { act=android.intent.action.USER_PRESENT flg=0x24200010 } to com.google.android.gms/.auth.setup.devicesignals.LockScreenReceiver
04-20 19:32:58.584  1749  1781 W BroadcastQueue: Background execution not allowed: receiving Intent { act=android.intent.action.USER_PRESENT flg=0x24200010 } to com.google.android.gms/.chimera.GmsIntentOperationService$PersistentTrustedReceiver
04-20 19:32:58.638  1749  7787 V WindowManager: Changing focus from Window{743b1cb u0 StatusBar} to Window{733e816 u0 com.motorola.launcher3/com.android.launcher3.CustomizationPanelLauncher} displayId=0
04-20 19:32:58.835  1749  1773 I WindowManager:   SURFACE show Surface(name=FloatingTutorialButton)/@0x8e6291f on display:0: FloatingTutorialButton
04-20 19:32:58.883  1749  7787 I WindowManager:   SURFACE SIZE set 720x56 on display:0: StatusBar
04-20 19:33:00.638  1749  7787 I ActivityTaskManager: START u0 {act=android.intent.action.MAIN cat=[android.intent.category.LAUNCHER] flg=0x10200000 cmp=com.android.settings/.Settings bnds=[25,994][159,1225]} from uid 10159
04-20 19:33:00.710  1749  7787 D ActivityTaskManager: getPreferredLaunchDisplay usersetdisplayid 0 current displayId 0 paramspreferid -1
04-20 19:33:00.710  1749  7787 D ActivityTaskManager: getPreferredLaunchDisplay usersetdisplayid 0 current displayId 0 paramspreferid -1
04-20 19:33:00.751  1749  7787 V WindowManager: Changing focus from Window{733e816 u0 com.motorola.launcher3/com.android.launcher3.CustomizationPanelLauncher} to null displayId=0
04-20 19:33:00.765  1749  1749 V SettingsProvider: Notifying for 0: content://settings/secure/reminder_exp_learning_time_elapsed
04-20 19:33:00.792  1749  1782 I ActivityManager: Start proc 26530:com.motorola.moto:mya_ce/u0a109 for broadcast {com.motorola.moto/com.motorola.mya.semantic.datacollection.appusage.receiver.LaunchReceiver}
04-20 19:33:00.822  1749  1773 I WindowManager:   SURFACE show Surface(name=Splash Screen com.android.settings)/@0xe0e2f85 on display:0: Splash Screen com.android.settings
04-20 19:33:00.867  1749  1782 I ActivityManager: Start proc 26559:com.android.settings.intelligence/u0a140 for service {com.android.settings.intelligence/com.android.settings.intelligence.suggestions.SuggestionService}
04-20 19:33:00.918  1749  3475 V WindowManager: Changing focus from null to Window{88a3c50 u0 com.android.settings/com.android.settings.Settings} displayId=0
04-20 19:33:00.943  1749  1773 I LaunchCheckinHandler: Displayed com.android.settings/.Settings,wp,wa,305
04-20 19:33:00.943  1749  1773 I WindowManager: Window drawn AppWindowToken{ed6d932 token=Token{1be3d3d ActivityRecord{5d1ce94 u0 com.android.settings/.Settings t6}}}
04-20 19:33:00.944  1749  1773 I WindowManager:   SURFACE show Surface(name=com.android.settings/com.android.settings.Settings)/@0xcc6cc4a on display:0: com.android.settings/com.android.settings.Settings
04-20 19:33:01.292  1749  5123 I WindowManager: Window drawn AppWindowToken{7a5d47e token=Token{e022639 ActivityRecord{9980e00 u0 com.motorola.launcher3/com.android.launcher3.CustomizationPanelLauncher t3}}}
04-20 19:33:01.299  1749  7481 W ProcessStats: Tracking association SourceState{c2fbd9 com.google.android.gms.persistent/10158 ImpFg #54347} whose proc state 2 is better than process ProcessState{d084d42 com.google.android.gms/10158 pkg=com.google.android.gms (sub)} proc state 3 (0 skipped)
04-20 19:33:03.830  1749 11475 I DropBoxManagerService: add tag=event_data isTagEnabled=true flags=0x2
04-20 19:33:03.833  1749  1781 W BroadcastQueue: Background execution not allowed: receiving Intent { act=android.intent.action.DROPBOX_ENTRY_ADDED flg=0x10 (has extras) } to com.google.android.gms/.stats.service.DropBoxEntryAddedReceiver
04-20 19:33:03.833  1749  1781 W BroadcastQueue: Background execution not allowed: receiving Intent { act=android.intent.action.DROPBOX_ENTRY_ADDED flg=0x10 (has extras) } to com.google.android.gms/.chimera.GmsIntentOperationService$PersistentTrustedReceiver
04-20 19:33:11.971  1749  9826 W ProcessStats: Tracking association SourceState{c2fbd9 com.google.android.gms.persistent/10158 ImpFg #54418} whose proc state 2 is better than process ProcessState{d084d42 com.google.android.gms/10158 pkg=com.google.android.gms (sub)} proc state 3 (44 skipped)
04-20 19:33:14.820  1749  2054 D BatteryService: uevent={POWER_SUPPLY_DP_DM=0, POWER_SUPPLY_VOLTAGE_NOW=4006018, POWER_SUPPLY_SW_JEITA_ENABLED=0, POWER_SUPPLY_CHARGE_CONTROL_LIMIT_MAX=8, POWER_SUPPLY_RECHARGE_SOC=99, POWER_SUPPLY_HEALTH=Good, POWER_SUPPLY_TECHNOLOGY=Li-ion, POWER_SUPPLY_FCC_STEPPER_ENABLE=0, SEQNUM=12067, POWER_SUPPLY_INPUT_CURRENT_LIMITED=0, POWER_SUPPLY_CHARGE_CONTROL_LIMIT=0, POWER_SUPPLY_BATTERY_CHARGING_ENABLED=1, POWER_SUPPLY_STATUS=Discharging, POWER_SUPPLY_CYCLE_COUNT=1, POWER_SUPPLY_CURRENT_MAX=2000000, POWER_SUPPLY_CHARGE_TERM_CURRENT=-101, POWER_SUPPLY_CAPACITY=71, DEVPATH=/devices/platform/soc/200f000.qcom,spmi/spmi-0/spmi0-02/200f000.qcom,spmi:qcom,pmi632@2:qcom,qpnp-smb5/power_supply/battery, POWER_SUPPLY_CHARGE_DONE=0, POWER_SUPPLY_CHARGE_TYPE=N/A, POWER_SUPPLY_CHARGE_RATE=None, POWER_SUPPLY_CURRENT_NOW=-207672, POWER_SUPPLY_SYSTEM_TEMP_LEVEL=0, POWER_SUPPLY_PRESENT=1, POWER_SUPPLY_PARALLEL_DISABLE=0, POWER_SUPPLY_CHARGE_FULL=3615000, SUBSYSTEM=power_supply, POWER_SUPPLY_SET_SHIP_MODE=0, POWER_SUPPLY_TEMP=251, ACTION=change, POWER_SUPPLY_RERUN_AICL=0, POWER_SUPPLY_AGE=100, POWER_SUPPLY_NAME=battery, POWER_SUPPLY_VOLTAGE_MAX=-22, POWER_SUPPLY_CONSTANT_CHARGE_CURRENT_MAX=2000000, POWER_SUPPLY_CHARGE_COUNTER=2566650, POWER_SUPPLY_STEP_CHARGING_ENABLED=0, POWER_SUPPLY_NUM_SYSTEM_TEMP_LEVELS=8, POWER_SUPPLY_DIE_HEALTH=Hot, POWER_SUPPLY_INPUT_SUSPEND=0}
04-20 19:33:41.483  1749 11122 I ActivityManager: Killing 24755:com.motorola.invisiblenet/u0a156 (adj 985): empty #17
04-20 19:33:41.529  1749 11475 D ActivityManager: makeInactive, ProcessRecord{4dfd61 24755:com.motorola.invisiblenet/u0a156}, clear holder.state
04-20 19:33:53.579  1749  1789 V DisplayPowerController: Brightness [1] reason changing to: 'automatic [ dim ]', previous reason: 'automatic'.
04-20 19:34:00.524  1749  1770 D WindowManager: powerPress: eventTime=1188331 interactive=true count=1 beganFromNonInteractive=false mShortPressOnPowerBehavior=1
04-20 19:34:00.524  1749  1770 I PowerManagerService: Going to sleep due to power_button (uid 1000)...
04-20 19:34:00.525  1749  1749 W UsageStatsService: Event reported without a package name, eventType:16
04-20 19:34:00.526  1749  1749 I WindowManager: Started going to sleep... (why=OFF_BECAUSE_OF_USER)
04-20 19:34:00.554  1749  1789 V DisplayPowerController: Brightness [64] reason changing to: 'automatic', previous reason: 'automatic [ dim ]'.
04-20 19:34:00.984  1749  1789 I DisplayPowerController: Blocking screen off
04-20 19:34:00.984  1749  1789 I DisplayPowerController: Unblocked screen off after 0 ms
04-20 19:34:00.993  1749  1789 I WindowManager: Screen turned off...
04-20 19:34:01.011  1749 26744 D ActivityTaskManager: Top Process State changed to PROCESS_STATE_TOP_SLEEPING
04-20 19:34:01.016  1749  1789 V DisplayPowerController: Brightness [0] reason changing to: 'screen_off', previous reason: 'automatic'.
04-20 19:34:01.020  1749  1772 I DisplayManagerService: Display device changed state: "Built-in Screen", OFF
04-20 19:34:01.421  1749  1789 I DreamManagerService: Entering dreamland.
04-20 19:34:01.422  1749  1789 I PowerManagerService: Dozing...
04-20 19:34:01.423  1749  1769 I DreamController: Starting dream: name=ComponentInfo{com.android.systemui/com.android.systemui.doze.DozeService}, isTest=false, canDoze=true, userId=0
04-20 19:34:01.475  1749  7481 I ActivityManager: Killing 24813:com.google.android.packageinstaller/u0a73 (adj 985): empty #17
04-20 19:34:01.495  1749  7787 V WindowManager: Changing focus from Window{88a3c50 u0 com.android.settings/com.android.settings.Settings} to null displayId=0
04-20 19:34:01.512  1749  1749 V SettingsProvider: Notifying for 0: content://settings/secure/reminder_exp_learning_time_elapsed
04-20 19:34:01.516  1749  1772 W DisplayManagerService: Failed to notify process 24813 that displays changed, assuming it died.
04-20 19:34:01.516  1749  1772 W DisplayManagerService: android.os.DeadObjectException
04-20 19:34:01.516  1749  1772 W DisplayManagerService: 	at android.os.BinderProxy.transactNative(Native Method)
04-20 19:34:01.516  1749  1772 W DisplayManagerService: 	at android.os.BinderProxy.transact(BinderProxy.java:511)
04-20 19:34:01.516  1749  1772 W DisplayManagerService: 	at android.hardware.display.IDisplayManagerCallback$Stub$Proxy.onDisplayEvent(IDisplayManagerCallback.java:115)
04-20 19:34:01.516  1749  1772 W DisplayManagerService: 	at com.android.server.display.DisplayManagerService$CallbackRecord.notifyDisplayEventAsync(DisplayManagerService.java:1820)
04-20 19:34:01.516  1749  1772 W DisplayManagerService: 	at com.android.server.display.DisplayManagerService.deliverDisplayEvent(DisplayManagerService.java:1577)
04-20 19:34:01.516  1749  1772 W DisplayManagerService: 	at com.android.server.display.DisplayManagerService.access$500(DisplayManagerService.java:163)
04-20 19:34:01.516  1749  1772 W DisplayManagerService: 	at com.android.server.display.DisplayManagerService$DisplayManagerHandler.handleMessage(DisplayManagerService.java:1730)
04-20 19:34:01.516  1749  1772 W DisplayManagerService: 	at android.os.Handler.dispatchMessage(Handler.java:107)
04-20 19:34:01.516  1749  1772 W DisplayManagerService: 	at android.os.Looper.loop(Looper.java:241)
04-20 19:34:01.516  1749  1772 W DisplayManagerService: 	at android.os.HandlerThread.run(HandlerThread.java:67)
04-20 19:34:01.516  1749  1772 W DisplayManagerService: 	at com.android.server.ServiceThread.run(ServiceThread.java:44)
04-20 19:34:01.525  1749  1749 V SettingsProvider: Notifying for 0: content://settings/secure/reminder_exp_learning_time_elapsed
04-20 19:34:01.529  1749  3485 I WindowManager: Window drawn AppWindowToken{ed6d932 token=Token{1be3d3d ActivityRecord{5d1ce94 u0 com.android.settings/.Settings t6}}}
04-20 19:34:01.540  1749 11122 D ActivityManager: makeInactive, ProcessRecord{988373b 24813:com.google.android.packageinstaller/u0a73}, clear holder.state
04-20 19:34:01.746  1749  2137 I PowerManagerService: Waking up from Dozing (uid=1000, reason=WAKE_REASON_POWER_BUTTON, details=android.policy:POWER)...
04-20 19:34:01.746  1749  1749 W UsageStatsService: Event reported without a package name, eventType:15
04-20 19:34:01.752  1749  1749 I WindowManager: Finished going to sleep... (why=OFF_BECAUSE_OF_USER)
04-20 19:34:01.753  1749  1749 I WindowManager: Started waking up... (why=ON_BECAUSE_OF_USER)
04-20 19:34:01.761  1749  1789 I DisplayPowerController: Blocking screen on until initial contents have been drawn.
04-20 19:34:01.761  1749  1789 I WindowManager: Screen turning on...
04-20 19:34:01.768  1749  1789 V DisplayPowerController: Brightness [64] reason changing to: 'manual', previous reason: 'screen_off'.
04-20 19:34:01.768  1749  1789 V DisplayPowerController: Brightness [64] reason changing to: 'automatic', previous reason: 'manual'.
04-20 19:34:01.769  1749  1772 I DisplayManagerService: Display device changed state: "Built-in Screen", ON
04-20 19:34:01.815  1749  7481 D WindowManager: mKeyguardDelegate.ShowListener.onDrawn.
04-20 19:34:01.815  1749  1770 W WindowManager: Setting mKeyguardDrawComplete
04-20 19:34:01.845  1749  7481 I WindowManager:   SURFACE SIZE set 720x1520 on display:0: StatusBar
04-20 19:34:02.295  1749  1770 I WindowManager: Suppressed redundant power key press while already in the process of turning the screen on.
04-20 19:34:02.362  1749  1772 I WindowManager: All windows ready for display!
04-20 19:34:02.363  1749  1770 W WindowManager: Setting mWindowManagerDrawComplete
04-20 19:34:02.391  1749  1789 I DisplayPowerController: Unblocked screen on after 630 ms
04-20 19:34:02.412  1749  1789 W PowerManagerService: Screen on took 670 ms
04-20 19:34:02.412  1749  1789 I DreamManagerService: Gently waking up from dream.
04-20 19:34:02.412  1749  1769 I DreamManagerService: Performing gentle wake from dream.
04-20 19:34:02.418  1749  1772 W UsageStatsService: Event reported without a package name, eventType:17
04-20 19:34:02.425  1749  1749 I WindowManager: Finished waking up... (why=ON_BECAUSE_OF_USER)
04-20 19:34:02.484  1749  1749 V SettingsProvider: Notifying for 0: content://settings/secure/reminder_exp_learning_time_elapsed
04-20 19:34:02.523  1749 11475 V WindowManager: Changing focus from null to Window{743b1cb u0 StatusBar} displayId=0
04-20 19:34:02.572  1749  5123 D WindowManager: relayoutVisibleWindow: Window{c2c62a u0 NavigationBar0 EXITING} mAnimatingExit=true, mRemoveOnExit=false, mDestroying=false
04-20 19:34:02.585  1749  1773 I WindowManager:   SURFACE show Surface(name=NavigationBar0)/@0x7f0d50b on display:0: NavigationBar0
04-20 19:34:02.592  1749 11470 I DreamManagerService: Leaving dreamland.
04-20 19:34:02.592  1749  1769 I DreamManagerService: Performing gentle wake from dream.
04-20 19:34:02.592  1749  1769 I DreamController: Stopping dream: name=ComponentInfo{com.android.systemui/com.android.systemui.doze.DozeService}, isTest=false, canDoze=true, userId=0
04-20 19:34:02.610  1749  1773 I WindowManager:   SURFACE show Surface(name=com.android.systemui.ImageWallpaper)/@0xcbdab7b on display:0: com.android.systemui.ImageWallpaper
04-20 19:34:03.970  1749  9826 D ActivityTaskManager: Top Process State changed to PROCESS_STATE_TOP
04-20 19:34:04.007  1749  7787 I WindowManager:   SURFACE show Surface(name=SnapshotStartingWindow for taskId=6)/@0x463674a on display:0: SnapshotStartingWindow for taskId=6
04-20 19:34:04.016  1749  1749 V SettingsProvider: Notifying for 0: content://settings/secure/reminder_exp_learning_time_elapsed
04-20 19:34:04.043  1749  1772 W UsageStatsService: Event reported without a package name, eventType:18
04-20 19:34:04.049  1749  1781 W BroadcastQueue: Background execution not allowed: receiving Intent { act=android.intent.action.USER_PRESENT flg=0x24200010 } to com.android.chrome/org.chromium.chrome.browser.sharing.click_to_call.ClickToCallMessageHandler$PhoneUnlockedReceiver
04-20 19:34:04.049  1749  1781 W BroadcastQueue: Background execution not allowed: receiving Intent { act=android.intent.action.USER_PRESENT flg=0x24200010 } to com.google.android.gms/.auth.setup.devicesignals.LockScreenReceiver
04-20 19:34:04.049  1749  1781 W BroadcastQueue: Background execution not allowed: receiving Intent { act=android.intent.action.USER_PRESENT flg=0x24200010 } to com.google.android.gms/.chimera.GmsIntentOperationService$PersistentTrustedReceiver
04-20 19:34:04.057  1749  7787 V WindowManager: Changing focus from Window{743b1cb u0 StatusBar} to null displayId=0
04-20 19:34:04.073  1749  5123 V WindowManager: Changing focus from null to Window{88a3c50 u0 com.android.settings/com.android.settings.Settings} displayId=0
04-20 19:34:04.096  1749  1773 I WindowManager: Window drawn AppWindowToken{ed6d932 token=Token{1be3d3d ActivityRecord{5d1ce94 u0 com.android.settings/.Settings t6}}}
04-20 19:34:04.096  1749  1773 I WindowManager:   SURFACE show Surface(name=com.android.settings/com.android.settings.Settings)/@0x2463ab2 on display:0: com.android.settings/com.android.settings.Settings
04-20 19:34:04.193  1749  2444 I WindowManager:   SURFACE SIZE set 720x56 on display:0: StatusBar
04-20 19:34:08.029  1749 11475 I ActivityTaskManager: START u0 {act=android.intent.action.MAIN cmp=com.android.settings/.SubSettings (has extras)} from uid 1000
04-20 19:34:08.030  1749 11475 D ActivityTaskManager: getPreferredLaunchDisplay usersetdisplayid 0 current displayId 0 paramspreferid -1
04-20 19:34:08.030  1749 11475 D ActivityTaskManager: getPreferredLaunchDisplay usersetdisplayid 0 current displayId 0 paramspreferid -1
04-20 19:34:08.047  1749  7787 V WindowManager: Changing focus from Window{88a3c50 u0 com.android.settings/com.android.settings.Settings} to null displayId=0
04-20 19:34:08.123  1749 11475 E UserRestrictionsUtils: Unknown restriction queried by uid 1000 (com.qti.service.colorservice et al): null
04-20 19:34:08.126  1749 11475 E UserRestrictionsUtils: Unknown restriction queried by uid 1000 (com.qti.service.colorservice et al): null
04-20 19:34:08.266  1749  3475 V WindowManager: Changing focus from null to Window{50c8cce u0 com.android.settings/com.android.settings.SubSettings} displayId=0
04-20 19:34:08.299  1749  1773 I LaunchCheckinHandler: Displayed com.android.settings/.SubSettings,wp,ca,255
04-20 19:34:08.299  1749  1773 I WindowManager: Window drawn AppWindowToken{b3e48a5 token=Token{df6c69c ActivityRecord{5e1360f u0 com.android.settings/.SubSettings t6}}}
04-20 19:34:08.302  1749  1773 I WindowManager:   SURFACE show Surface(name=com.android.settings/com.android.settings.SubSettings)/@0x23967a6 on display:0: com.android.settings/com.android.settings.SubSettings
04-20 19:34:08.714  1749 11475 I WindowManager: Window drawn AppWindowToken{ed6d932 token=Token{1be3d3d ActivityRecord{5d1ce94 u0 com.android.settings/.Settings t6}}}
04-20 19:34:10.411  1749 11475 V WindowManager: Changing focus from Window{50c8cce u0 com.android.settings/com.android.settings.SubSettings} to Window{2abb8a u0 com.android.settings/com.android.settings.SubSettings} displayId=0
04-20 19:34:10.467  1749  1773 I WindowManager:   SURFACE show Surface(name=com.android.settings/com.android.settings.SubSettings)/@0xc6216d7 on display:0: com.android.settings/com.android.settings.SubSettings
04-20 19:34:10.685  1749 11475 I ActivityManager: Force stopping com.google.location.nearby.apps.connectedcrossroad appid=10216 user=0: from pid 26836
04-20 19:34:11.607  1749  2444 V WindowManager: Changing focus from Window{2abb8a u0 com.android.settings/com.android.settings.SubSettings EXITING} to Window{50c8cce u0 com.android.settings/com.android.settings.SubSettings} displayId=0
04-20 19:34:11.616  1749  1749 V SettingsProvider: Notifying for 0: content://settings/system/screen_off_timeout
04-20 19:34:12.161  1749  2444 I WindowManager:   SURFACE SIZE set 720x1520 on display:0: StatusBar
04-20 19:34:16.255  1749  2054 D BatteryService: uevent={POWER_SUPPLY_DP_DM=0, POWER_SUPPLY_VOLTAGE_NOW=4007186, POWER_SUPPLY_SW_JEITA_ENABLED=0, POWER_SUPPLY_CHARGE_CONTROL_LIMIT_MAX=8, POWER_SUPPLY_RECHARGE_SOC=99, POWER_SUPPLY_HEALTH=Good, POWER_SUPPLY_TECHNOLOGY=Li-ion, POWER_SUPPLY_FCC_STEPPER_ENABLE=0, SEQNUM=12190, POWER_SUPPLY_INPUT_CURRENT_LIMITED=0, POWER_SUPPLY_CHARGE_CONTROL_LIMIT=0, POWER_SUPPLY_BATTERY_CHARGING_ENABLED=1, POWER_SUPPLY_STATUS=Discharging, POWER_SUPPLY_CYCLE_COUNT=1, POWER_SUPPLY_CURRENT_MAX=2000000, POWER_SUPPLY_CHARGE_TERM_CURRENT=-101, POWER_SUPPLY_CAPACITY=71, DEVPATH=/devices/platform/soc/200f000.qcom,spmi/spmi-0/spmi0-02/200f000.qcom,spmi:qcom,pmi632@2:qcom,qpnp-smb5/power_supply/battery, POWER_SUPPLY_CHARGE_DONE=0, POWER_SUPPLY_CHARGE_TYPE=N/A, POWER_SUPPLY_CHARGE_RATE=None, POWER_SUPPLY_CURRENT_NOW=-216522, POWER_SUPPLY_SYSTEM_TEMP_LEVEL=0, POWER_SUPPLY_PRESENT=1, POWER_SUPPLY_PARALLEL_DISABLE=0, POWER_SUPPLY_CHARGE_FULL=3615000, SUBSYSTEM=power_supply, POWER_SUPPLY_SET_SHIP_MODE=0, POWER_SUPPLY_TEMP=251, ACTION=change, POWER_SUPPLY_RERUN_AICL=0, POWER_SUPPLY_AGE=100, POWER_SUPPLY_NAME=battery, POWER_SUPPLY_VOLTAGE_MAX=-22, POWER_SUPPLY_CONSTANT_CHARGE_CURRENT_MAX=2000000, POWER_SUPPLY_CHARGE_COUNTER=2566650, POWER_SUPPLY_STEP_CHARGING_ENABLED=0, POWER_SUPPLY_NUM_SYSTEM_TEMP_LEVELS=8, POWER_SUPPLY_DIE_HEALTH=Hot, POWER_SUPPLY_INPUT_SUSPEND=0}
04-20 19:34:18.315  1749 11475 I WindowManager:   SURFACE SIZE set 720x56 on display:0: StatusBar
04-20 19:34:23.942  1749  1794 I PackageManager: Update package com.google.location.nearby.apps.connectedcrossroad code path from /data/app/com.google.location.nearby.apps.connectedcrossroad-FpwzeLq38XOJ3hNovOO8_g== to /data/app/com.google.location.nearby.apps.connectedcrossroad-l6KsBcrcxRgZHyYqbKxt2g==; Retain data and using new
04-20 19:34:23.942  1749  1794 I PackageManager: Update package com.google.location.nearby.apps.connectedcrossroad resource path from /data/app/com.google.location.nearby.apps.connectedcrossroad-FpwzeLq38XOJ3hNovOO8_g== to /data/app/com.google.location.nearby.apps.connectedcrossroad-l6KsBcrcxRgZHyYqbKxt2g==; Retain data and using new
04-20 19:34:24.075  1749  1794 I PackageManager: Un-granting permission android.permission.MANAGE_DOCUMENTS from package com.google.android.youtube (protectionLevel=262146 flags=0x30dbbe45)
04-20 19:34:24.079  1749  1794 I PackageManager: Un-granting permission com.google.android.googleapps.permission.GOOGLE_AUTH from package com.android.providers.calendar (protectionLevel=2 flags=0x30883e45)
04-20 19:34:24.079  1749  1794 I PackageManager: Un-granting permission com.google.android.googleapps.permission.GOOGLE_AUTH.cl from package com.android.providers.calendar (protectionLevel=2 flags=0x30883e45)
04-20 19:34:24.080  1749  1794 I PackageManager: Un-granting permission com.google.android.gm.permission.READ_GMAIL from package com.google.android.apps.docs.editors.docs (protectionLevel=2 flags=0x38dbbe44)
04-20 19:34:24.080  1749  1794 I PackageManager: Un-granting permission com.google.android.googleapps.permission.GOOGLE_AUTH from package com.google.android.apps.docs.editors.docs (protectionLevel=2 flags=0x38dbbe44)
04-20 19:34:24.080  1749  1794 I PackageManager: Un-granting permission com.google.android.googleapps.permission.GOOGLE_AUTH.OTHER_SERVICES from package com.google.android.apps.docs.editors.docs (protectionLevel=2 flags=0x38dbbe44)
04-20 19:34:24.080  1749  1794 I PackageManager: Un-granting permission com.google.android.googleapps.permission.GOOGLE_AUTH.ALL_SERVICES from package com.google.android.apps.docs.editors.docs (protectionLevel=2 flags=0x38dbbe44)
04-20 19:34:24.080  1749  1794 I PackageManager: Un-granting permission com.google.android.googleapps.permission.GOOGLE_AUTH.writely from package com.google.android.apps.docs.editors.docs (protectionLevel=2 flags=0x38dbbe44)
04-20 19:34:24.080  1749  1794 I PackageManager: Un-granting permission com.google.android.googleapps.permission.GOOGLE_AUTH.wise from package com.google.android.apps.docs.editors.docs (protectionLevel=2 flags=0x38dbbe44)
04-20 19:34:24.080  1749  1794 I PackageManager: Un-granting permission android.permission.REQUEST_INSTALL_PACKAGES from package com.motorola.brapps (protectionLevel=66 flags=0x38483e45)
04-20 19:34:24.083  1749  1794 I PackageManager: Un-granting permission com.google.android.gm.permission.READ_GMAIL from package com.google.android.apps.docs.editors.sheets (protectionLevel=2 flags=0x38dbbe44)
04-20 19:34:24.083  1749  1794 I PackageManager: Un-granting permission com.google.android.googleapps.permission.GOOGLE_AUTH from package com.google.android.apps.docs.editors.sheets (protectionLevel=2 flags=0x38dbbe44)
04-20 19:34:24.083  1749  1794 I PackageManager: Un-granting permission com.google.android.googleapps.permission.GOOGLE_AUTH.OTHER_SERVICES from package com.google.android.apps.docs.editors.sheets (protectionLevel=2 flags=0x38dbbe44)
04-20 19:34:24.083  1749  1794 I PackageManager: Un-granting permission com.google.android.googleapps.permission.GOOGLE_AUTH.ALL_SERVICES from package com.google.android.apps.docs.editors.sheets (protectionLevel=2 flags=0x38dbbe44)
04-20 19:34:24.083  1749  1794 I PackageManager: Un-granting permission com.google.android.googleapps.permission.GOOGLE_AUTH.writely from package com.google.android.apps.docs.editors.sheets (protectionLevel=2 flags=0x38dbbe44)
04-20 19:34:24.083  1749  1794 I PackageManager: Un-granting permission com.google.android.googleapps.permission.GOOGLE_AUTH.wise from package com.google.android.apps.docs.editors.sheets (protectionLevel=2 flags=0x38dbbe44)
04-20 19:34:24.083  1749  1794 I PackageManager: Un-granting permission com.google.android.gm.permission.READ_GMAIL from package com.google.android.apps.docs.editors.slides (protectionLevel=2 flags=0x38dbbe44)
04-20 19:34:24.083  1749  1794 I PackageManager: Un-granting permission com.google.android.googleapps.permission.GOOGLE_AUTH from package com.google.android.apps.docs.editors.slides (protectionLevel=2 flags=0x38dbbe44)
04-20 19:34:24.083  1749  1794 I PackageManager: Un-granting permission com.google.android.googleapps.permission.GOOGLE_AUTH.OTHER_SERVICES from package com.google.android.apps.docs.editors.slides (protectionLevel=2 flags=0x38dbbe44)
04-20 19:34:24.084  1749  1794 I PackageManager: Un-granting permission com.google.android.googleapps.permission.GOOGLE_AUTH.ALL_SERVICES from package com.google.android.apps.docs.editors.slides (protectionLevel=2 flags=0x38dbbe44)
04-20 19:34:24.084  1749  1794 I PackageManager: Un-granting permission com.google.android.googleapps.permission.GOOGLE_AUTH.writely from package com.google.android.apps.docs.editors.slides (protectionLevel=2 flags=0x38dbbe44)
04-20 19:34:24.084  1749  1794 I PackageManager: Un-granting permission com.google.android.googleapps.permission.GOOGLE_AUTH.wise from package com.google.android.apps.docs.editors.slides (protectionLevel=2 flags=0x38dbbe44)
04-20 19:34:24.085  1749  1794 I PackageManager: Un-granting permission com.google.android.setupwizard.READ_DEVICE_ORIGIN from package com.google.android.apps.messaging (protectionLevel=18 flags=0x38cbbe45)
04-20 19:34:24.089  1749  1794 I PackageManager: Un-granting permission android.permission.SEND_DOWNLOAD_COMPLETED_INTENTS from package com.android.vending (protectionLevel=2 flags=0x38cabec5)
04-20 19:34:24.096  1749  1794 I PackageManager: Un-granting permission android.permission.BIND_CARRIER_SERVICES from package com.republicwireless.tel (protectionLevel=18 flags=0x30483e45)
04-20 19:34:24.096  1749  1794 I PackageManager: Un-granting permission android.permission.REQUEST_INSTALL_PACKAGES from package com.google.android.gm (protectionLevel=66 flags=0x38cbbe45)
04-20 19:34:24.099  1749  1794 I PackageManager: Un-granting permission android.permission.MANAGE_ROLE_HOLDERS from package com.google.android.apps.wellbeing (protectionLevel=258 flags=0x20cbbe45)
04-20 19:34:24.100  1749  1794 I PackageManager: Un-granting permission android.permission.REQUEST_INSTALL_PACKAGES from package com.google.android.apps.nbu.files (protectionLevel=66 flags=0x30c83e45)
04-20 19:34:24.100  1749  1794 I PackageManager: Un-granting permission android.permission.REQUEST_INSTALL_PACKAGES from package com.google.android.apps.docs (protectionLevel=66 flags=0x38cbbe45)
04-20 19:34:24.102  1749  1794 I PackageManager: Un-granting permission android.permission.INTERACT_ACROSS_USERS from package com.google.android.syncadapters.contacts (protectionLevel=50 flags=0x20883e45)
04-20 19:34:24.102  1749  1794 I PackageManager: Un-granting permission android.permission.REQUEST_INSTALL_PACKAGES from package com.android.chrome (protectionLevel=66 flags=0xa0cbbe45)
04-20 19:34:24.103  1749  1794 I PackageManager: Un-granting permission android.permission.CAPTURE_VIDEO_OUTPUT from package com.google.android.gms (protectionLevel=2 flags=0xa0cabec5)
04-20 19:34:24.103  1749  1794 I PackageManager: Un-granting permission android.permission.MANAGE_DEVICE_ADMINS from package com.google.android.gms (protectionLevel=2 flags=0xa0cabec5)
04-20 19:34:24.104  1749  1794 I PackageManager: Un-granting permission android.permission.MANAGE_ACTIVITY_STACKS from package com.google.android.gms (protectionLevel=2 flags=0xa0cabec5)
04-20 19:34:24.104  1749  1794 I PackageManager: Un-granting permission android.permission.CAPTURE_SECURE_VIDEO_OUTPUT from package com.google.android.gms (protectionLevel=2 flags=0xa0cabec5)
04-20 19:34:24.104  1749  1794 I PackageManager: Un-granting permission android.permission.MANAGE_ROLLBACKS from package com.google.android.gms (protectionLevel=514 flags=0xa0cabec5)
04-20 19:34:24.106  1749  1794 I PackageManager: Un-granting permission com.google.android.googleapps.permission.GOOGLE_AUTH from package com.google.android.videos (protectionLevel=2 flags=0x30dbbe45)
04-20 19:34:24.107  1749  1794 I PackageManager: Un-granting permission android.permission.WRITE_MEDIA_STORAGE from package com.google.android.apps.photos (protectionLevel=18 flags=0x38d9be45)
04-20 19:34:24.111  1749  1794 I PackageManager: Un-granting permission android.permission.CONNECTIVITY_INTERNAL from package com.google.android.wfcactivation (protectionLevel=18 flags=0x3888be45)
04-20 19:34:24.111  1749  1794 I PackageManager: Un-granting permission android.permission.READ_LOGS from package com.google.android.wfcactivation (protectionLevel=50 flags=0x3888be45)
04-20 19:34:24.111  1749  1794 I PackageManager: Un-granting permission android.permission.WRITE_APN_SETTINGS from package com.google.android.wfcactivation (protectionLevel=18 flags=0x3888be45)
04-20 19:34:24.111  1749  1794 I PackageManager: Un-granting permission android.permission.WRITE_SECURE_SETTINGS from package com.LogiaGroup.LogiaDeck (protectionLevel=50 flags=0x38483e45)
04-20 19:34:24.113  1749  1794 I PackageManager: Un-granting permission android.permission.READ_WALLPAPER_INTERNAL from package com.google.android.apps.wallpaper (protectionLevel=18 flags=0x20cbbe45)
04-20 19:34:24.297  1749  2067 W AccountManagerService: User 10216 does not exist. It might be removed already.
04-20 19:34:24.308  1749  2646 W LocationProviderProxy: Odd, no component found for service com.android.location.service.v3.NetworkLocationProvider
04-20 19:34:24.313  1749  1781 W BroadcastQueue: Background execution not allowed: receiving Intent { act=android.intent.action.PACKAGE_REMOVED dat=package:com.google.location.nearby.apps.connectedcrossroad flg=0x4000010 (has extras) } to com.android.vending/com.google.android.finsky.packagemanager.impl.PackageMonitorReceiverImpl$RegisteredReceiver
04-20 19:34:24.313  1749  1781 W BroadcastQueue: Background execution not allowed: receiving Intent { act=android.intent.action.PACKAGE_REMOVED dat=package:com.google.location.nearby.apps.connectedcrossroad flg=0x4000010 (has extras) } to com.android.vending/com.google.android.finsky.instantapps.appmanagement.InstantAppRemoveMonitor
04-20 19:34:24.314  1749  1781 W BroadcastQueue: Background execution not allowed: receiving Intent { act=android.intent.action.PACKAGE_REMOVED dat=package:com.google.location.nearby.apps.connectedcrossroad flg=0x4000010 (has extras) } to com.google.android.gms/.games.chimera.GamesSystemBroadcastReceiverProxy
04-20 19:34:24.314  1749  1781 W BroadcastQueue: Background execution not allowed: receiving Intent { act=android.intent.action.PACKAGE_REMOVED dat=package:com.google.location.nearby.apps.connectedcrossroad flg=0x4000010 (has extras) } to com.google.android.gms/.chimera.GmsIntentOperationService$PersistentTrustedReceiver
04-20 19:34:24.314  1749  1781 W BroadcastQueue: Background execution not allowed: receiving Intent { act=android.intent.action.PACKAGE_REMOVED dat=package:com.google.location.nearby.apps.connectedcrossroad flg=0x4000010 (has extras) } to com.google.android.googlequicksearchbox/com.google.android.apps.gsa.googlequicksearchbox.GelStubAppWatcher
04-20 19:34:24.314  1749  1781 W BroadcastQueue: Background execution not allowed: receiving Intent { act=android.intent.action.PACKAGE_REMOVED dat=package:com.google.location.nearby.apps.connectedcrossroad flg=0x4000010 (has extras) } to com.verizon.loginengine.unbranded/com.verizon.vzwavs.AVSSystemReceiver
04-20 19:34:24.328  1749  1781 W BroadcastQueue: Background execution not allowed: receiving Intent { act=android.intent.action.PACKAGE_REMOVED dat=package:com.google.location.nearby.apps.connectedcrossroad flg=0x4000010 (has extras) } to com.google.android.apps.magazines/com.google.android.libraries.social.peoplekit.thirdparty.viewcontrollers.ThirdPartyReceiver
04-20 19:34:24.375  1749  1781 W BroadcastQueue: Background execution not allowed: receiving Intent { act=android.intent.action.PACKAGE_ADDED dat=package:com.google.location.nearby.apps.connectedcrossroad flg=0x4000010 (has extras) } to com.google.android.packageinstaller/com.android.packageinstaller.PackageInstalledReceiver
04-20 19:34:24.375  1749  1781 W BroadcastQueue: Background execution not allowed: receiving Intent { act=android.intent.action.PACKAGE_ADDED dat=package:com.google.location.nearby.apps.connectedcrossroad flg=0x4000010 (has extras) } to com.android.vending/com.google.android.finsky.packagemanager.impl.PackageMonitorReceiverImpl$RegisteredReceiver
