04-20 20:10:13.511  2290  2348 D BtGatt.GattService: onServerConnUpdate() - connId=521, status=0
04-20 20:10:13.512 22073 22330 D BluetoothGattServer: onConnectionUpdated() - Device=5F:B3:A6:32:7B:A2 interval=6 latency=0 timeout=500 status=0
04-20 20:10:13.512 22073 22327 D BluetoothGattServer: onConnectionUpdated() - Device=5F:B3:A6:32:7B:A2 interval=6 latency=0 timeout=500 status=0
04-20 20:10:13.580  2290  2603 I bt_stack: [INFO:gatt_main.cc(919)] gatt_data_process op_code = 8, msg_len = 6
04-20 20:10:13.668  2290  2603 I chatty  : uid=1002(bluetooth) btu message loo identical 1 line
04-20 20:10:13.697  2290  2603 I bt_stack: [INFO:gatt_main.cc(919)] gatt_data_process op_code = 8, msg_len = 6
04-20 20:10:13.744 22073 28044 I NearbyConnections: EndpointManager discarded incoming OfflineFrame of type KEEP_ALIVE because it doesn't have a processor registered. [CONTEXT service_id=54 ]
04-20 20:10:13.775  2290  2603 I bt_stack: [INFO:gatt_main.cc(919)] gatt_data_process op_code = 8, msg_len = 6
04-20 20:10:13.865  2290  2603 I chatty  : uid=1002(bluetooth) btu message loo identical 4 lines
04-20 20:10:13.940  2290  2603 I bt_stack: [INFO:gatt_main.cc(919)] gatt_data_process op_code = 8, msg_len = 6
04-20 20:10:13.970  2290  2603 I bt_stack: [INFO:gatt_main.cc(919)] gatt_data_process op_code = 4, msg_len = 4
04-20 20:10:13.993  2290  2603 I bt_stack: [INFO:gatt_main.cc(919)] gatt_data_process op_code = 8, msg_len = 6
04-20 20:10:14.268  2290  2603 I chatty  : uid=1002(bluetooth) btu message loo identical 5 lines
04-20 20:10:14.345  2290  2603 I bt_stack: [INFO:gatt_main.cc(919)] gatt_data_process op_code = 8, msg_len = 6
04-20 20:10:14.358  2290  2603 I bt_stack: [INFO:gatt_main.cc(919)] gatt_data_process op_code = 4, msg_len = 4
04-20 20:10:14.387  2290  2603 I bt_stack: [INFO:gatt_main.cc(919)] gatt_data_process op_code = 10, msg_len = 2
04-20 20:10:14.390  2290  2348 D BtGatt.GattService: onResponseSendCompleted() handle=54
04-20 20:10:14.391  2290  2603 W bt_stack: [WARNING:att_protocol.cc(307)] attribute value too long, to be truncated to 22
04-20 20:10:14.441  2290  2603 I bt_stack: [INFO:gatt_main.cc(919)] gatt_data_process op_code = 12, msg_len = 4
04-20 20:10:14.445  2290  2348 D BtGatt.GattService: onResponseSendCompleted() handle=54
04-20 20:10:14.465  2290  2348 D BtGatt.GattService: onServerConnUpdate() - connId=520, status=0
04-20 20:10:14.466 22073 22327 D BluetoothGattServer: onConnectionUpdated() - Device=5F:B3:A6:32:7B:A2 interval=39 latency=0 timeout=500 status=0
04-20 20:10:14.467  2290  2348 D BtGatt.GattService: onServerConnUpdate() - connId=521, status=0
04-20 20:10:14.467 22073 22327 D BluetoothGattServer: onConnectionUpdated() - Device=5F:B3:A6:32:7B:A2 interval=39 latency=0 timeout=500 status=0
04-20 20:10:14.485  2290  2603 I bt_stack: [INFO:gatt_main.cc(919)] gatt_data_process op_code = 10, msg_len = 2
04-20 20:10:14.490  2290  2348 D BtGatt.GattService: onResponseSendCompleted() handle=48
04-20 20:10:14.632  2290  2603 I bt_stack: [INFO:gatt_main.cc(919)] gatt_data_process op_code = 10, msg_len = 2
04-20 20:10:14.636  2290  2348 D BtGatt.GattService: onResponseSendCompleted() handle=50
04-20 20:10:14.875  2290  2603 I bt_stack: [INFO:gatt_main.cc(919)] gatt_data_process op_code = 10, msg_len = 2
04-20 20:10:14.880  2290  2348 D BtGatt.GattService: onResponseSendCompleted() handle=56
04-20 20:10:15.021  2290  2603 I bt_stack: [INFO:gatt_main.cc(919)] gatt_data_process op_code = 10, msg_len = 2
04-20 20:10:15.025  2290  2348 D BtGatt.GattService: onResponseSendCompleted() handle=52
04-20 20:10:15.605  2290  2603 W bt_rfcomm: port_rfc_closed: RFCOMM connection closed, index=27, state=2 reason=Closed[19], UUID=0040, bd_addr=58:cb:52:5b:bf:2c, is_server=1
04-20 20:10:15.606  2290  2603 E bt_rfcomm: RFCOMM_RemoveConnection handle:27, port state 0
04-20 20:10:15.606  2290  2649 E bt_btif_sock_rfcomm: find_rfc_slot_by_id unable to find RFCOMM slot id: 29
04-20 20:10:15.910     0     0 W swapper/0: type=1400 audit(0.0:902): avc: denied { kill } for uid=0 capability=5 scontext=u:r:kernel:s0 tcontext=u:r:kernel:s0 tclass=capability permissive=0
04-20 20:10:16.274   721   721 D Zygote  : Forked child process 4013
04-20 20:10:16.277  1743  1773 I ActivityManager: Start proc 4013:com.google.android.apps.turbo:aab/u0a142 for service {com.google.android.apps.turbo/com.google.android.libraries.smartbattery.appusage.library.InferAppBucketsJob}
04-20 20:10:16.286   721  4014 W zygote  : Reducing the number of considered missed Gc histogram windows from 281 to 100
04-20 20:10:16.294  4013  4013 E .apps.turbo:aa: Not starting debugger since process cannot load the jdwp agent.
04-20 20:10:16.335  4013  4013 D ApplicationLoaders: Returning zygote-cached class loader: /system/framework/android.hidl.base-V1.0-java.jar
04-20 20:10:16.335  4013  4013 D ApplicationLoaders: Returning zygote-cached class loader: /system/framework/android.hidl.manager-V1.0-java.jar
04-20 20:10:16.335  4013  4013 D ApplicationLoaders: Returning zygote-cached class loader: /system/framework/android.hidl.base-V1.0-java.jar
04-20 20:10:16.339  4013  4013 I .apps.turbo:aa: The ClassLoaderContext is a special shared library.
04-20 20:10:16.345  4013  4013 I .apps.turbo:aa: The ClassLoaderContext is a special shared library.
04-20 20:10:16.365  4013  4013 W PrimesInit: Primes instant initialization
04-20 20:10:16.367  4013  4036 W Primes  : background initialization
04-20 20:10:16.397  4013  4036 I PrimesTesting: GserviceFlagsSupplier.get()
04-20 20:10:16.452  4013  4041 W DynamiteModule: Local module descriptor class for com.google.android.gms.crash not found.
04-20 20:10:16.480  1743  9612 D WificondControl: Scan result ready event
04-20 20:10:16.510 22073 22238 I NearbyDiscovery: Show notifications: 0 total, no changes since last shown, no-op. [CONTEXT service_id=49 ]
04-20 20:10:16.517 22073 22073 D BoundBrokerSvc: onBind: Intent { act=com.google.android.gms.usagereporting.service.START pkg=com.google.android.gms }
04-20 20:10:16.517 22073 22073 D BoundBrokerSvc: Loading bound service for intent: Intent { act=com.google.android.gms.usagereporting.service.START pkg=com.google.android.gms }
04-20 20:10:16.548  4013  4049 W Zebedee-inferBucketsJob: Models given by config: 1
04-20 20:10:16.559  4013  4041 I FirebaseCrashApiImpl: FirebaseCrashApiImpl created by ClassLoader dalvik.system.DelegateLastClassLoader[DexPathList[[zip file "/data/user_de/0/com.google.android.gms/app_chimera/m/0000000e/DynamiteModulesC.apk"],nativeLibraryDirectories=[/data/user_de/0/com.google.android.gms/app_chimera/m/0000000e/DynamiteModulesC.apk!/lib/armeabi-v7a, /data/user_de/0/com.google.android.gms/app_chimera/m/0000000e/DynamiteModulesC.apk!/lib/armeabi, /system/lib, /product/lib]]]
04-20 20:10:16.578  4013  4042 I DynamiteModule: Considering local module com.google.android.gms.flags:3 and remote module com.google.android.gms.flags:3
04-20 20:10:16.578  4013  4042 I DynamiteModule: Selected local version of com.google.android.gms.flags
04-20 20:10:16.588  4013  4042 W DynamiteModule: Local module descriptor class for com.google.android.gms.crash not found.
04-20 20:10:16.614  4013  4042 I FirebaseCrashApiImpl: FirebaseCrash reporting API initialized
04-20 20:10:16.615  4013  4042 W FirebaseCrashAnalytics: Unable to log event, missing Google Analytics for Firebase library
04-20 20:10:16.659  4013  4049 I tflite  : Initialized TensorFlow Lite runtime.
04-20 20:10:16.678  4013  4049 W Zebedee-appStandbyManager: Successfully pushed app buckets to the platform using model 9
04-20 20:10:17.209 22073  3877 I NearbyConnections: EndpointManager discarded incoming OfflineFrame of type KEEP_ALIVE because it doesn't have a processor registered. [CONTEXT service_id=54 ]
04-20 20:10:17.675 22073  3869 I NearbyMediums: Wifi LAN discovered service IkcwbzZbye0AAA, but that's us. Ignoring. [CONTEXT service_id=54 ]
04-20 20:10:19.092 22073  3869 I chatty  : uid=10156(com.google.android.gms) highpool[81] identical 2 lines
04-20 20:10:19.093 22073  3869 I NearbyMediums: Wifi LAN discovered service IkcwbzZbye0AAA, but that's us. Ignoring. [CONTEXT service_id=54 ]
04-20 20:10:21.361  4013  4035 I .apps.turbo:aa: Waiting for a blocking GC ProfileSaver
04-20 20:10:21.377  4013  4035 I .apps.turbo:aa: WaitForGcToComplete blocked ProfileSaver on HeapTrim for 16.489ms
04-20 20:10:21.670 22073  3869 I NearbyMediums: Wifi LAN discovered service at 192.168.1.67 [CONTEXT service_id=54 ]
04-20 20:10:21.670 22073  3869 I NearbyMediums: Found service IllCMnNbye0AAA on Wifi LAN. [CONTEXT service_id=54 ]
04-20 20:10:22.732  2290  2603 W bt_l2cap: L2CAP - LCID: 0x004f  st: CLOSED  evt: LOWER_LAYER_CONNECT_CFM_NEG
04-20 20:10:22.732  2290  2603 I bt_stack: [INFO:btsnoop.cc(384)] clear_l2cap_whitelist: Clearing whitelist from l2cap channel. conn_handle=27 cid=79:80
04-20 20:10:22.733  2290  2603 W bt_sdp  : SDP - Rcvd conn cnf with error: 0x4  CID 0x4f
04-20 20:10:22.733  2290  2649 E bt_btif_sock_rfcomm: find_rfc_slot_by_id unable to find RFCOMM slot id: 33
04-20 20:10:22.738 22073  3975 E NearbyMediums: MEDIUM_ERROR [SYSTEM][BLUETOOTH][CONNECT][ESTABLISH_CONNECTION_FAILED][UNKNOWN], Service ID : connectedcrossroad [CONTEXT service_id=54 ]
04-20 20:10:22.738 22073  3975 E NearbyMediums: Extra Sensitive/PII message : BluetoothSocketName : {IllCMnNbye0AAAAAAAAAATQ:connectedcrossroad}, Exception : read failed, socket might closed or timeout, read ret: -1 [CONTEXT service_id=54 ]
04-20 20:10:22.740 22073  3975 D BluetoothSocket: close() this: android.bluetooth.BluetoothSocket@ec876a9, channel: -1, mSocketIS: android.net.LocalSocketImpl$SocketInputStream@f38342e, mSocketOS: android.net.LocalSocketImpl$SocketOutputStream@4686bcfmSocket: android.net.LocalSocket@269295c impl:android.net.LocalSocketImpl@a88d465 fd:java.io.FileDescriptor@817653a, mSocketState: INIT
04-20 20:10:22.743 22073  3971 E NearbyMediums: MEDIUM_ERROR [SYSTEM][BLUETOOTH][CONNECT][ESTABLISH_CONNECTION_FAILED][EXECUTION_EXCEPTION], Service ID : connectedcrossroad [CONTEXT service_id=54 ]
04-20 20:10:23.393  2290  2603 W bt_btm  : btm_acl_role_changed: peer cc:0d:f2:75:2d:ba hci_status:0x21 new_role:1
04-20 20:10:23.393  2290  2603 E bt_btm  : tBTM_SEC_DEV:0x82503080 rs_disc_pending=1
04-20 20:10:23.394  2290  2603 W bt_btif : bta_dm_check_av:0
04-20 20:10:23.394  2290  2603 W bt_btm  : BTM: Local device role : 0x01
04-20 20:10:23.394  2290  2603 W bt_btm  : BTM: RemBdAddr: cc:0d:f2:75:2d:ba
04-20 20:10:23.395  2290  2348 W bt_btif : btif_dm_cback : unhandled event (14)
04-20 20:10:23.415 22073  3877 I NearbyConnections: EndpointManager discarded incoming OfflineFrame of type KEEP_ALIVE because it doesn't have a processor registered. [CONTEXT service_id=54 ]
04-20 20:10:24.064 22073  3975 W BluetoothAdapter: getBluetoothService() called with no BluetoothManagerCallback
04-20 20:10:24.070  2290  2603 W bt_btm  : Requested New Role: 0
04-20 20:10:24.070   827  5608 E WifiHAL : Received LOG message with insufficent length: 24
04-20 20:10:24.070   827  5608 E WifiHAL : Received fatal event, sending alert
04-20 20:10:24.072  1743  1783 W WifiVendorHal: onDebugErrorAlert 4104
04-20 20:10:24.820  4013  4060 I FirebaseCrash: Sending crashes
04-20 20:10:25.913     0     0 W swapper/1: type=1400 audit(0.0:903): avc: denied { kill } for uid=0 capability=5 scontext=u:r:kernel:s0 tcontext=u:r:kernel:s0 tclass=capability permissive=0
04-20 20:10:26.461 22073  3877 I NearbyConnections: EndpointManager discarded incoming OfflineFrame of type KEEP_ALIVE because it doesn't have a processor registered. [CONTEXT service_id=54 ]
04-20 20:10:27.289  2290  2603 W bt_btm  : btm_acl_role_changed: peer cc:0d:f2:75:2d:ba hci_status:0x21 new_role:1
04-20 20:10:27.289  2290  2603 E bt_btm  : tBTM_SEC_DEV:0x82503080 rs_disc_pending=1
04-20 20:10:27.289  2290  2603 W bt_btif : bta_dm_check_av:0
04-20 20:10:27.289  2290  2603 W bt_btm  : BTM: Local device role : 0x01
04-20 20:10:27.289  2290  2603 W bt_btm  : BTM: RemBdAddr: cc:0d:f2:75:2d:ba
04-20 20:10:27.291  2290  2348 W bt_btif : btif_dm_cback : unhandled event (14)
04-20 20:10:28.723 22073  3972 W Nearby  : Method is still running after 30012 millis. [CONTEXT service_id=49 ]
04-20 20:10:28.723 22073  3972 W Nearby  : akpc: akpc
04-20 20:10:28.723 22073  3972 W Nearby  : 	at sun.misc.Unsafe.park(Native Method)
04-20 20:10:28.723 22073  3972 W Nearby  : 	at java.util.concurrent.locks.LockSupport.park(LockSupport.java:190)
04-20 20:10:28.723 22073  3972 W Nearby  : 	at java.util.concurrent.locks.AbstractQueuedSynchronizer.parkAndCheckInterrupt(AbstractQueuedSynchronizer.java:868)
04-20 20:10:28.723 22073  3972 W Nearby  : 	at java.util.concurrent.locks.AbstractQueuedSynchronizer.doAcquireSharedInterruptibly(AbstractQueuedSynchronizer.java:1023)
04-20 20:10:28.723 22073  3972 W Nearby  : 	at java.util.concurrent.locks.AbstractQueuedSynchronizer.acquireSharedInterruptibly(AbstractQueuedSynchronizer.java:1334)
04-20 20:10:28.723 22073  3972 W Nearby  : 	at java.util.concurrent.CountDownLatch.await(CountDownLatch.java:232)
04-20 20:10:28.723 22073  3972 W Nearby  : 	at akos.g(:com.google.android.gms@211213033@21.12.13 (120300-367530751):1)
04-20 20:10:28.723 22073  3972 W Nearby  : 	at akuj.f(:com.google.android.gms@211213033@21.12.13 (120300-367530751):5)
04-20 20:10:28.723 22073  3972 W Nearby  : 	at akvj.a(:com.google.android.gms@211213033@21.12.13 (120300-367530751):13)
04-20 20:10:28.723 22073  3972 W Nearby  : 	at akvg.run(:com.google.android.gms@211213033@21.12.13 (120300-367530751):4)
04-20 20:10:28.723 22073  3972 W Nearby  : 	at akoz.run(Unknown Source:3)
04-20 20:10:28.723 22073  3972 W Nearby  : 	at ull.c(:com.google.android.gms@211213033@21.12.13 (120300-367530751):6)
04-20 20:10:28.723 22073  3972 W Nearby  : 	at ull.run(:com.google.android.gms@211213033@21.12.13 (120300-367530751):7)
04-20 20:10:28.723 22073  3972 W Nearby  : 	at java.util.concurrent.ThreadPoolExecutor.runWorker(ThreadPoolExecutor.java:1167)
04-20 20:10:28.723 22073  3972 W Nearby  : 	at java.util.concurrent.ThreadPoolExecutor$Worker.run(ThreadPoolExecutor.java:641)
04-20 20:10:28.723 22073  3972 W Nearby  : 	at uri.run(:com.google.android.gms@211213033@21.12.13 (120300-367530751):0)
04-20 20:10:28.723 22073  3972 W Nearby  : 	at java.lang.Thread.run(Thread.java:919)
04-20 20:10:28.723 22073  3972 W Nearby  : Caused by: akpc
04-20 20:10:28.723 22073  3972 W Nearby  : 	at akpd.a(:com.google.android.gms@211213033@21.12.13 (120300-367530751):0)
04-20 20:10:28.723 22073  3972 W Nearby  : 	at akov.execute(:com.google.android.gms@211213033@21.12.13 (120300-367530751):0)
04-20 20:10:28.723 22073  3972 W Nearby  : 	at akvd.run(Unknown Source:4)
04-20 20:10:28.723 22073  3972 W Nearby  : 	... 7 more
04-20 20:10:28.726 22073  3974 W Nearby  : Method is still running after 30011 millis. [CONTEXT service_id=49 ]
04-20 20:10:28.726 22073  3974 W Nearby  : akpc: akpc
04-20 20:10:28.726 22073  3974 W Nearby  : 	at java.lang.Thread.sleep(Native Method)
04-20 20:10:28.726 22073  3974 W Nearby  : 	at java.lang.Thread.sleep(Thread.java:440)
04-20 20:10:28.726 22073  3974 W Nearby  : 	at java.lang.Thread.sleep(Thread.java:356)
04-20 20:10:28.726 22073  3974 W Nearby  : 	at akvi.a(:com.google.android.gms@211213033@21.12.13 (120300-367530751):7)
04-20 20:10:28.726 22073  3974 W Nearby  : 	at akvg.run(:com.google.android.gms@211213033@21.12.13 (120300-367530751):4)
04-20 20:10:28.726 22073  3974 W Nearby  : 	at akvi.run(:com.google.android.gms@211213033@21.12.13 (120300-367530751):3)
04-20 20:10:28.726 22073  3974 W Nearby  : 	at akoz.run(Unknown Source:3)
04-20 20:10:28.726 22073  3974 W Nearby  : 	at ull.c(:com.google.android.gms@211213033@21.12.13 (120300-367530751):6)
04-20 20:10:28.726 22073  3974 W Nearby  : 	at ull.run(:com.google.android.gms@211213033@21.12.13 (120300-367530751):7)
04-20 20:10:28.726 22073  3974 W Nearby  : 	at java.util.concurrent.ThreadPoolExecutor.runWorker(ThreadPoolExecutor.java:1167)
04-20 20:10:28.726 22073  3974 W Nearby  : 	at java.util.concurrent.ThreadPoolExecutor$Worker.run(ThreadPoolExecutor.java:641)
04-20 20:10:28.726 22073  3974 W Nearby  : 	at uri.run(:com.google.android.gms@211213033@21.12.13 (120300-367530751):0)
04-20 20:10:28.726 22073  3974 W Nearby  : 	at java.lang.Thread.run(Thread.java:919)
04-20 20:10:28.726 22073  3974 W Nearby  : Caused by: akpc
04-20 20:10:28.726 22073  3974 W Nearby  : 	at akpd.a(:com.google.android.gms@211213033@21.12.13 (120300-367530751):0)
04-20 20:10:28.726 22073  3974 W Nearby  : 	at akov.execute(:com.google.android.gms@211213033@21.12.13 (120300-367530751):0)
04-20 20:10:28.726 22073  3974 W Nearby  : 	at akvd.run(Unknown Source:6)
04-20 20:10:28.726 22073  3974 W Nearby  : 	... 7 more
04-20 20:10:29.709   804  1081 W qti_sensors_hal: processReportInd: lux: 14, ch0: 51, ch1: 13
04-20 20:10:29.831   804  1081 W qti_sensors_hal: processReportInd: lux: 7, ch0: 28, ch1: 14
04-20 20:10:30.560 22073  3167 W Nearby  : Method is still running after 30013 millis. [CONTEXT service_id=49 ]
04-20 20:10:30.560 22073  3167 W Nearby  : akpc: akpc
04-20 20:10:30.560 22073  3167 W Nearby  : 	at sun.misc.Unsafe.park(Native Method)
04-20 20:10:30.560 22073  3167 W Nearby  : 	at java.util.concurrent.locks.LockSupport.park(LockSupport.java:190)
04-20 20:10:30.560 22073  3167 W Nearby  : 	at byxv.get(:com.google.android.gms@211213033@21.12.13 (120300-367530751):5)
04-20 20:10:30.560 22073  3167 W Nearby  : 	at akos.a(:com.google.android.gms@211213033@21.12.13 (120300-367530751):1)
04-20 20:10:30.560 22073  3167 W Nearby  : 	at akuj.B(:com.google.android.gms@211213033@21.12.13 (120300-367530751):3)
04-20 20:10:30.560 22073  3167 W Nearby  : 	at akrs.call(Unknown Source:8)
04-20 20:10:30.560 22073  3167 W Nearby  : 	at akrm.run(Unknown Source:2)
04-20 20:10:30.560 22073  3167 W Nearby  : 	at akoz.run(Unknown Source:3)
04-20 20:10:30.560 22073  3167 W Nearby  : 	at ull.c(:com.google.android.gms@211213033@21.12.13 (120300-367530751):6)
04-20 20:10:30.560 22073  3167 W Nearby  : 	at ull.run(:com.google.android.gms@211213033@21.12.13 (120300-367530751):8)
04-20 20:10:30.560 22073  3167 W Nearby  : 	at java.util.concurrent.ThreadPoolExecutor.runWorker(ThreadPoolExecutor.java:1167)
04-20 20:10:30.560 22073  3167 W Nearby  : 	at java.util.concurrent.ThreadPoolExecutor$Worker.run(ThreadPoolExecutor.java:641)
04-20 20:10:30.560 22073  3167 W Nearby  : 	at uri.run(:com.google.android.gms@211213033@21.12.13 (120300-367530751):0)
04-20 20:10:30.560 22073  3167 W Nearby  : 	at java.lang.Thread.run(Thread.java:919)
04-20 20:10:30.560 22073  3167 W Nearby  : Caused by: akpc
04-20 20:10:30.560 22073  3167 W Nearby  : 	at akpd.a(:com.google.android.gms@211213033@21.12.13 (120300-367530751):0)
04-20 20:10:30.560 22073  3167 W Nearby  : 	at akov.execute(:com.google.android.gms@211213033@21.12.13 (120300-367530751):0)
04-20 20:10:30.560 22073  3167 W Nearby  : 	at akrx.e(:com.google.android.gms@211213033@21.12.13 (120300-367530751):0)
04-20 20:10:30.560 22073  3167 W Nearby  : 	at amtb.i(:com.google.android.gms@211213033@21.12.13 (120300-367530751):23)
04-20 20:10:30.560 22073  3167 W Nearby  : 	at amtb.dY(:com.google.android.gms@211213033@21.12.13 (120300-367530751):19)
04-20 20:10:30.560 22073  3167 W Nearby  : 	at cyy.onTransact(:com.google.android.gms@211213033@21.12.13 (120300-367530751):5)
04-20 20:10:30.560 22073  3167 W Nearby  : 	at android.os.Binder.transact(Binder.java:923)
04-20 20:10:30.560 22073  3167 W Nearby  : 	at acly.onTransact(:com.google.android.gms@211213033@21.12.13 (120300-367530751):17)
04-20 20:10:30.560 22073  3167 W Nearby  : 	at android.os.Binder.execTransactInternal(Binder.java:1036)
04-20 20:10:30.560 22073  3167 W Nearby  : 	at android.os.Binder.execTransact(Binder.java:1003)
04-20 20:10:30.560 22073  3976 W Nearby  : Method is still running after 30013 millis. [CONTEXT service_id=49 ]
04-20 20:10:30.560 22073  3976 W Nearby  : akpc: akpc
04-20 20:10:30.560 22073  3976 W Nearby  : 	at sun.misc.Unsafe.park(Native Method)
04-20 20:10:30.560 22073  3976 W Nearby  : 	at java.util.concurrent.locks.LockSupport.parkNanos(LockSupport.java:230)
04-20 20:10:30.560 22073  3976 W Nearby  : 	at byxv.get(:com.google.android.gms@211213033@21.12.13 (120300-367530751):17)
04-20 20:10:30.560 22073  3976 W Nearby  : 	at amvd.d(:com.google.android.gms@211213033@21.12.13 (120300-367530751):5)
04-20 20:10:30.560 22073  3976 W Nearby  : 	at amvb.call(Unknown Source:4)
04-20 20:10:30.560 22073  3976 W Nearby  : 	at cegh.b(:com.google.android.gms@211213033@21.12.13 (120300-367530751):2)
04-20 20:10:30.560 22073  3976 W Nearby  : 	at amvd.a(:com.google.android.gms@211213033@21.12.13 (120300-367530751):2)
04-20 20:10:30.560 22073  3976 W Nearby  : 	at anfb.r(:com.google.android.gms@211213033@21.12.13 (120300-367530751):5)
04-20 20:10:30.560 22073  3976 W Nearby  : 	at anff.j(:com.google.android.gms@211213033@21.12.13 (120300-367530751):3)
04-20 20:10:30.560 22073  3976 W Nearby  : 	at anff.b(:com.google.android.gms@211213033@21.12.13 (120300-367530751):29)
04-20 20:10:30.560 22073  3976 W Nearby  : 	at amvg.j(:com.google.android.gms@211213033@21.12.13 (120300-367530751):3)
04-20 20:10:30.560 22073  3976 W Nearby  : 	at akws.f(:com.google.android.gms@211213033@21.12.13 (120300-367530751):3)
04-20 20:10:30.560 22073  3976 W Nearby  : 	at akxz.j(:com.google.android.gms@211213033@21.12.13 (120300-367530751):5)
04-20 20:10:30.560 22073  3976 W Nearby  : 	at aktv.run(Unknown Source:38)
04-20 20:10:30.560 22073  3976 W Nearby  : 	at akoz.run(Unknown Source:3)
04-20 20:10:30.560 22073  3976 W Nearby  : 	at ull.c(:com.google.android.gms@211213033@21.12.13 (120300-367530751):6)
04-20 20:10:30.560 22073  3976 W Nearby  : 	at ull.run(:com.google.android.gms@211213033@21.12.13 (120300-367530751):7)
04-20 20:10:30.560 22073  3976 W Nearby  : 	at java.util.concurrent.ThreadPoolExecutor.runWorker(ThreadPoolExecutor.java:1167)
04-20 20:10:30.560 22073  3976 W Nearby  : 	at java.util.concurrent.ThreadPoolExecutor$Worker.run(ThreadPoolExecutor.java:641)
04-20 20:10:30.560 22073  3976 W Nearby  : 	at uri.run(:com.google.android.gms@211213033@21.12.13 (120300-367530751):0)
04-20 20:10:30.560 22073  3976 W Nearby  : 	at java.lang.Thread.run(Thread.java:919)
04-20 20:10:30.560 22073  3976 W Nearby  : Caused by: akpc
04-20 20:10:30.560 22073  3976 W Nearby  : 	at akpd.a(:com.google.android.gms@211213033@21.12.13 (120300-367530751):0)
04-20 20:10:30.560 22073  3976 W Nearby  : 	at akov.execute(:com.google.android.gms@211213033@21.12.13 (120300-367530751):0)
04-20 20:10:30.560 22073  3976 W Nearby  : 	at akuj.L(:com.google.android.gms@211213033@21.12.13 (120300-367530751):0)
04-20 20:10:30.560 22073  3976 W Nearby  : 	at akuj.B(:com.google.android.gms@211213033@21.12.13 (120300-367530751):2)
04-20 20:10:30.560 22073  3976 W Nearby  : 	at akrs.call(Unknown Source:8)
04-20 20:10:30.560 22073  3976 W Nearby  : 	at akrm.run(Unknown Source:2)
04-20 20:10:30.560 22073  3976 W Nearby  : 	at akoz.run(Unknown Source:3)
04-20 20:10:30.560 22073  3976 W Nearby  : 	at ull.c(:com.google.android.gms@211213033@21.12.13 (120300-367530751):6)
04-20 20:10:30.560 22073  3976 W Nearby  : 	at ull.run(:com.google.android.gms@211213033@21.12.13 (120300-367530751):8)
04-20 20:10:30.560 22073  3976 W Nearby  : 	... 4 more
04-20 20:10:31.780 22073 22073 D BoundBrokerSvc: onUnbind: Intent { act=com.google.android.gms.usagereporting.service.START pkg=com.google.android.gms }
04-20 20:10:31.816   804  1081 W qti_sensors_hal: processReportInd: lux: 13, ch0: 49, ch1: 13
04-20 20:10:31.944   804  1081 W qti_sensors_hal: processReportInd: lux: 20, ch0: 74, ch1: 13
04-20 20:10:32.065   804  1081 W qti_sensors_hal: processReportInd: lux: 26, ch0: 97, ch1: 14
04-20 20:10:33.324  2290  2603 I bt_stack: [INFO:btsnoop.cc(384)] clear_l2cap_whitelist: Clearing whitelist from l2cap channel. conn_handle=21 cid=76:68
04-20 20:10:33.324  2290  2603 W bt_rfcomm: port_rfc_closed: RFCOMM connection closed, index=25, state=2 reason=Peer connection failed[16], UUID=0040, bd_addr=cc:0d:f2:75:2d:ba, is_server=1
04-20 20:10:33.324  2290  2649 E bt_btif_sock_rfcomm: find_rfc_slot_by_id unable to find RFCOMM slot id: 27
04-20 20:10:33.325  2290  2603 I bt_btm_sec: btm_sec_disconnected clearing pending flag handle:21 reason:8
04-20 20:10:33.325  2290  2603 I bt_stack: [INFO:btm_ble_bgconn.cc(406)] Already connection initiated (or) No Pending connections(or) Resources of lcb are exhausted
04-20 20:10:33.325  2290  2603 E bt_rfcomm: RFCOMM_RemoveConnection handle:25, port state 0
04-20 20:10:33.325  2290  2603 W bt_l2cap: L2CA_SetDesireRole() new:x1, disallow_switch:0
04-20 20:10:33.325  2290  2603 W bt_l2cap: L2CA_SetDesireRole() new:x1, disallow_switch:0
04-20 20:10:33.325  2290  2348 D bt_btif : btif_av_move_idle: Already in IDLE
04-20 20:10:33.335  2290  2290 D BluetoothMapService: onReceive: android.bluetooth.device.action.ACL_DISCONNECTED
04-20 20:10:33.336  2290  2290 I BluetoothMapService: sRemoteDevice :null device:CC:0D:F2:75:2D:BA
04-20 20:10:33.357  7384  7384 D MCLOG   : [MC_Service] onStartcommand()
04-20 20:10:33.374 26114 26164 I BistoWorker: bluetoothConnectionStateChanged. Action: android.bluetooth.device.action.ACL_DISCONNECTED
04-20 20:10:33.379 26114 26164 I DeviceDetector: Not bonded or not refresh cache.
04-20 20:10:33.379 26114 26164 I BistoWorker: Not a bisto device: CC:0D:F2:75:2D:BA
04-20 20:10:33.382 22073 22073 I NearbyDiscovery: onAclChange: state=DISCONNECTED, device=CC:0D:F2:75:2D:BA [CONTEXT service_id=49 ]
04-20 20:10:33.781 22073  3973 I NearbyConnections: EndpointManager failed the next KeepAliveManager read/write for endpoint L-ak over its BLUETOOTH EndpointChannel. [CONTEXT service_id=54 ]
04-20 20:10:33.781 22073  3973 I NearbyConnections: java.io.IOException: Broken pipe
04-20 20:10:33.781 22073  3973 I NearbyConnections: 	at android.net.LocalSocketImpl.writeba_native(Native Method)
04-20 20:10:33.781 22073  3973 I NearbyConnections: 	at android.net.LocalSocketImpl.access$500(LocalSocketImpl.java:37)
04-20 20:10:33.781 22073  3973 I NearbyConnections: 	at android.net.LocalSocketImpl$SocketOutputStream.write(LocalSocketImpl.java:147)
04-20 20:10:33.781 22073  3973 I NearbyConnections: 	at android.bluetooth.BluetoothSocket.write(BluetoothSocket.java:599)
04-20 20:10:33.781 22073  3973 I NearbyConnections: 	at android.bluetooth.BluetoothOutputStream.write(BluetoothOutputStream.java:76)
04-20 20:10:33.781 22073  3973 I NearbyConnections: 	at java.io.BufferedOutputStream.flushBuffer(BufferedOutputStream.java:82)
04-20 20:10:33.781 22073  3973 I NearbyConnections: 	at java.io.BufferedOutputStream.flush(BufferedOutputStream.java:140)
04-20 20:10:33.781 22073  3973 I NearbyConnections: 	at java.io.DataOutputStream.flush(DataOutputStream.java:123)
04-20 20:10:33.781 22073  3973 I NearbyConnections: 	at akti.j(:com.google.android.gms@211213033@21.12.13 (120300-367530751):8)
04-20 20:10:33.781 22073  3973 I NearbyConnections: 	at akti.i(:com.google.android.gms@211213033@21.12.13 (120300-367530751):2)
04-20 20:10:33.781 22073  3973 I NearbyConnections: 	at akvi.a(:com.google.android.gms@211213033@21.12.13 (120300-367530751):6)
04-20 20:10:33.781 22073  3973 I NearbyConnections: 	at akvg.run(:com.google.android.gms@211213033@21.12.13 (120300-367530751):4)
04-20 20:10:33.781 22073  3973 I NearbyConnections: 	at akvi.run(:com.google.android.gms@211213033@21.12.13 (120300-367530751):3)
04-20 20:10:33.781 22073  3973 I NearbyConnections: 	at akoz.run(Unknown Source:3)
04-20 20:10:33.781 22073  3973 I NearbyConnections: 	at ull.c(:com.google.android.gms@211213033@21.12.13 (120300-367530751):6)
04-20 20:10:33.781 22073  3973 I NearbyConnections: 	at ull.run(:com.google.android.gms@211213033@21.12.13 (120300-367530751):7)
04-20 20:10:33.781 22073  3973 I NearbyConnections: 	at java.util.concurrent.ThreadPoolExecutor.runWorker(ThreadPoolExecutor.java:1167)
04-20 20:10:33.781 22073  3973 I NearbyConnections: 	at java.util.concurrent.ThreadPoolExecutor$Worker.run(ThreadPoolExecutor.java:641)
04-20 20:10:33.781 22073  3973 I NearbyConnections: 	at uri.run(:com.google.android.gms@211213033@21.12.13 (120300-367530751):0)
04-20 20:10:33.781 22073  3973 I NearbyConnections: 	at java.lang.Thread.run(Thread.java:919)
04-20 20:10:33.781 22073  3973 I NearbyConnections: EndpointManager quit overall KeepAliveManager loop for endpoint L-ak because the currently registered BLUETOOTH EndpointChannel is in a failed state. [CONTEXT service_id=54 ]
04-20 20:10:33.784 22073  3974 W Nearby  : Method finished running after 35068 millis. [CONTEXT service_id=49 ]
04-20 20:10:33.784 22073  3974 W Nearby  : akpc: akpc
04-20 20:10:33.784 22073  3974 W Nearby  : 	at sun.misc.Unsafe.park(Native Method)
04-20 20:10:33.784 22073  3974 W Nearby  : 	at java.util.concurrent.locks.LockSupport.parkNanos(LockSupport.java:230)
04-20 20:10:33.784 22073  3974 W Nearby  : 	at java.util.concurrent.SynchronousQueue$TransferStack.awaitFulfill(SynchronousQueue.java:461)
04-20 20:10:33.784 22073  3974 W Nearby  : 	at java.util.concurrent.SynchronousQueue$TransferStack.transfer(SynchronousQueue.java:362)
04-20 20:10:33.784 22073  3974 W Nearby  : 	at java.util.concurrent.SynchronousQueue.poll(SynchronousQueue.java:937)
04-20 20:10:33.784 22073  3974 W Nearby  : 	at java.util.concurrent.ThreadPoolExecutor.getTask(ThreadPoolExecutor.java:1091)
04-20 20:10:33.784 22073  3974 W Nearby  : 	at java.util.concurrent.ThreadPoolExecutor.runWorker(ThreadPoolExecutor.java:1152)
04-20 20:10:33.784 22073  3974 W Nearby  : 	at java.util.concurrent.ThreadPoolExecutor$Worker.run(ThreadPoolExecutor.java:641)
04-20 20:10:33.784 22073  3974 W Nearby  : 	at uri.run(:com.google.android.gms@211213033@21.12.13 (120300-367530751):0)
04-20 20:10:33.784 22073  3974 W Nearby  : 	at java.lang.Thread.run(Thread.java:919)
04-20 20:10:33.784 22073  3974 W Nearby  : Caused by: akpc
04-20 20:10:33.784 22073  3974 W Nearby  : 	at akpd.a(:com.google.android.gms@211213033@21.12.13 (120300-367530751):0)
04-20 20:10:33.784 22073  3974 W Nearby  : 	at akov.execute(:com.google.android.gms@211213033@21.12.13 (120300-367530751):0)
04-20 20:10:33.784 22073  3974 W Nearby  : 	at akvd.run(Unknown Source:6)
04-20 20:10:33.784 22073  3974 W Nearby  : 	at akoz.run(Unknown Source:3)
04-20 20:10:33.784 22073  3974 W Nearby  : 	at ull.c(:com.google.android.gms@211213033@21.12.13 (120300-367530751):6)
04-20 20:10:33.784 22073  3974 W Nearby  : 	at ull.run(:com.google.android.gms@211213033@21.12.13 (120300-367530751):7)
04-20 20:10:33.784 22073  3974 W Nearby  : 	at java.util.concurrent.ThreadPoolExecutor.runWorker(ThreadPoolExecutor.java:1167)
04-20 20:10:33.784 22073  3974 W Nearby  : 	... 3 more
04-20 20:10:34.088 22073  3869 D BluetoothSocket: close() this: android.bluetooth.BluetoothSocket@7c0f090, channel: 4, mSocketIS: android.net.LocalSocketImpl$SocketInputStream@5d27d89, mSocketOS: android.net.LocalSocketImpl$SocketOutputStream@dd5618emSocket: android.net.LocalSocket@967fdaf impl:android.net.LocalSocketImpl@4ec85bc fd:java.io.FileDescriptor@4dc6945, mSocketState: CONNECTED
04-20 20:10:34.090 22073  3869 D BluetoothSocket: close() this: android.bluetooth.BluetoothSocket@7c0f090, channel: 4, mSocketIS: android.net.LocalSocketImpl$SocketInputStream@5d27d89, mSocketOS: android.net.LocalSocketImpl$SocketOutputStream@dd5618emSocket: null, mSocketState: CLOSED
04-20 20:10:34.090 22073  3869 I NearbyConnections: Failed to close write stream of BLUETOOTH EndpointChannel BluetoothClassicSocket:CC:0D:F2:75:2D:BA: socket closed [CONTEXT service_id=54 ]
04-20 20:10:34.091 22073  3869 D BluetoothSocket: close() this: android.bluetooth.BluetoothSocket@7c0f090, channel: 4, mSocketIS: android.net.LocalSocketImpl$SocketInputStream@5d27d89, mSocketOS: android.net.LocalSocketImpl$SocketOutputStream@dd5618emSocket: null, mSocketState: CLOSED
04-20 20:10:34.094 22073  3869 I NearbyConnections: EndpointChannelManager unregistered endpoint L-ak [CONTEXT service_id=54 ]
04-20 20:10:34.103 22073  4084 I NearbyConnections: BandwidthUpgradeManager has processed endpoint disconnection for L-ak because there is no current BandwidthUpgradeMedium. [CONTEXT service_id=54 ]
04-20 20:10:34.604  2290  2603 W bt_btm  : btm_acl_created hci_handle=27 link_role=1  transport=1
04-20 20:10:34.604  2290  2603 W bt_btm  : btm_acl_created hci_handle=27 link_role=0  transport=1
04-20 20:10:34.605  2290  2603 W bt_l2cap: L2CAP - LCID: 0x0054  st: CLOSED  evt: LOWER_LAYER_CONNECT_CFM
04-20 20:10:34.605  2290  2603 E bt_btif : bta_dm_acl_change new acl connetion:count = 5
04-20 20:10:34.605  2290  2603 W bt_btif : bta_dm_acl_change info: 0x10
04-20 20:10:34.605  2290  2603 W bt_l2cap: L2CA_SetDesireRole() new:x1, disallow_switch:0
04-20 20:10:34.605  2290  2348 D bt_btif_dm: remote version info [cc:0d:f2:75:2d:60]: 0, 0, 0
04-20 20:10:34.634  7384  7384 D MCLOG   : [MC_Service] onStartcommand()
04-20 20:10:34.640 26114 26164 I BistoWorker: bluetoothConnectionStateChanged. Action: android.bluetooth.device.action.ACL_CONNECTED
04-20 20:10:34.641 26114 26164 I BistoWorker: Ignoring non-bonded action android.bluetooth.device.action.ACL_CONNECTED for device CC:0D:F2:75:2D:60
04-20 20:10:34.648 22073 22073 I NearbyDiscovery: onAclChange: state=CONNECTED, device=CC:0D:F2:75:2D:60 [CONTEXT service_id=49 ]
04-20 20:10:34.649 22073  4086 I NearbyDiscovery: FastPairBattery: No associated accountKey is found when query battery info, address:CC:0D:F2:75:2D:60 [CONTEXT service_id=49 ]
04-20 20:10:35.105  2290  2603 W bt_l2cap: L2CA_SetDesireRole() new:x1, disallow_switch:0
04-20 20:10:35.214  2290  2603 W bt_btm  : btm_read_remote_version_complete lmp_version 9 manufacturer 29 lmp_subversion 2003
04-20 20:10:35.228  2290  2603 W bt_l2cap: L2CAP - L2CAP_CMD_INFO_RSP p= 0x824f3638 , p_next_cmd: 0x824f363c
04-20 20:10:35.368  2290  2603 W bt_l2cap: L2CAP - LCID: 0x0054  st: W4_L2CAP_CON_RSP  evt: L2CEVT_L2CAP_INFO_RSP
04-20 20:10:35.497  2290  2603 W bt_l2cap: L2CAP - LCID: 0x0054  st: W4_L2CAP_CON_RSP  evt: PEER_CONNECT_RSP
04-20 20:10:35.497  2290  2603 W bt_l2cap: L2CAP - LCID: 0x0054  st: CONFIG  evt: UPPER_LAYER_CONFIG_REQ
04-20 20:10:35.497  2290  2603 I bt_stack: [INFO:btsnoop.cc(336)] whitelist_l2c_channel: Whitelisting l2cap channel. conn_handle=27 cid=84:89
04-20 20:10:35.504  2290  2603 W bt_l2cap: L2CAP - LCID: 0x0054  st: CONFIG  evt: PEER_CONFIG_REQ
04-20 20:10:35.504  2290  2603 W bt_l2cap: L2CAP - LCID: 0x0054  st: CONFIG  evt: UPPER_LAYER_CONFIG_RSP
04-20 20:10:35.504  2290  2603 W bt_l2cap: L2CAP-Upper layer Config_Rsp,Local CID: 0x0054,Remote CID: 0x0059,PSM: 1,our MTU present:1,our MTU:672
04-20 20:10:35.537  3708  3708 V data    : Payload RX: 0
04-20 20:10:35.537  3708  3708 V data    : Payload TX: 0
04-20 20:10:35.537  3708  3708 V data    : Total RX: 0
04-20 20:10:35.537  3708  3708 V data    : Total TX: 0
04-20 20:10:35.537  3708  3708 D connectedcrossroad: sendMessage: Sent message
04-20 20:10:35.545  2290  2603 W bt_l2cap: L2CAP - LCID: 0x0054  st: CONFIG  evt: PEER_CONFIG_RSP
04-20 20:10:35.546  2290  2603 W bt_l2cap: L2CAP-peer_Config_Rsp,Local CID: 0x0054,Remote CID: 0x0059,PSM: 1,peer MTU present: 0,peer MTU: 672
04-20 20:10:35.562  2290  2603 W bt_sdp  : process_service_search_attr_rsp
04-20 20:10:35.562  2290  2603 W bt_sdp  : sdp_copy_raw_data: list_len:81 cpy_len:81 p:0x82563002 p_ccb:0x83ab0d30 p_db:0x83a800f0 raw_size:1800 raw_used:0 raw_data:0x83a7f9e8
04-20 20:10:35.562  2290  2603 W bt_l2cap: L2CA_DisconnectReq()  CID: 0x0054
04-20 20:10:35.621  2290  2603 W bt_l2cap: L2CAP - LCID: 0x0054  st: W4_L2CAP_DISC_RSP  evt: PEER_DISCONNECT_RSP
04-20 20:10:35.621  2290  2603 I bt_stack: [INFO:btsnoop.cc(384)] clear_l2cap_whitelist: Clearing whitelist from l2cap channel. conn_handle=27 cid=84:89
04-20 20:10:35.622  2290  2603 I bt_stack: [INFO:port_api.cc(123)] RFCOMM_CreateConnection BDA: cc:0d:f2:75:2d:60
04-20 20:10:35.622  2290  2603 W bt_l2cap: L2CAP - LCID: 0x0057  st: CLOSED  evt: UPPER_LAYER_CONNECT_REQ
04-20 20:10:35.627  2290  2603 I bt_btm_sec: btm_sec_link_key_request: btsnd_hcic_link_key_neg_reply: p_dev_rec->sec_flags : 168
04-20 20:10:35.855  3708  3844 D connectedcrossroad: dataTxThread: Pulled AODV data from queue
04-20 20:10:35.917     0     0 W swapper/0: type=1400 audit(0.0:904): avc: denied { kill } for uid=0 capability=5 scontext=u:r:kernel:s0 tcontext=u:r:kernel:s0 tclass=capability permissive=0
04-20 20:10:36.340  2290  2348 D bt_btif_config: btif_get_device_type: Device [cc:0d:f2:75:2d:60] type 1
04-20 20:10:36.341  2290  2348 D bt_btif_config: btif_get_device_type: Device [cc:0d:f2:75:2d:60] type 1
04-20 20:10:36.341  2290  2348 I bt_btif_dm: get_cod remote_cod = 0x005a020c
04-20 20:10:36.342  2290  2348 I BluetoothBondStateMachine: bondStateChangeCallback: Status: 0 Address: CC:0D:F2:75:2D:60 newState: 1
04-20 20:10:36.342  2290  2348 I bt_btif_dm: get_cod remote_cod = 0x005a020c
04-20 20:10:36.353  2290  2355 I BluetoothBondStateMachine: Bond State Change Intent:CC:0D:F2:75:2D:60 BOND_NONE => BOND_BONDING
04-20 20:10:36.353  2290  2355 I BluetoothBondStateMachine: Entering PendingCommandState State
04-20 20:10:36.355  2290  2290 V BluetoothDatabase: createMetadata CC:0D:F2:75:2D:60
04-20 20:10:36.355  2290  2290 D BluetoothDatabase: updateDatabase CC:0D:F2:75:2D:60
04-20 20:10:36.357  3708  3844 D connectedcrossroad: dataTxThread: Pulled AODV data from queue
04-20 20:10:36.358  2290  2290 D HeadsetService: Bond state changed for device: CC:0D:F2:75:2D:60 state: 11
04-20 20:10:36.358  2290  2290 D A2dpService: Bond state changed for device: CC:0D:F2:75:2D:60 state: 11
04-20 20:10:36.358  2290  2290 D BluetoothPbapService: action: android.bluetooth.device.action.BOND_STATE_CHANGED
04-20 20:10:36.358  3347  3347 I GsaVoiceInteractionSrv: O received Intent { act=android.bluetooth.device.action.BOND_STATE_CHANGED flg=0x10 (has extras) }
04-20 20:10:36.366  1743  1772 W BroadcastQueue: Background execution not allowed: receiving Intent { act=android.bluetooth.device.action.BOND_STATE_CHANGED flg=0x10 (has extras) } to com.google.android.gms/.chimera.GmsIntentOperationService$PersistentTrustedReceiver
04-20 20:10:36.367  1743  1772 W BroadcastQueue: Background execution not allowed: receiving Intent { act=android.bluetooth.device.action.BOND_STATE_CHANGED flg=0x10 (has extras) } to com.google.android.googlequicksearchbox/com.google.android.apps.gsa.broadcastreceiver.external.ExternalCommonBroadcastReceiver
04-20 20:10:36.391 26114 26164 I BistoWorker: bluetoothConnectionStateChanged. Action: android.bluetooth.device.action.BOND_STATE_CHANGED
04-20 20:10:36.399 26114 26164 I DeviceDetector: Not bonded or not refresh cache.
04-20 20:10:36.399 26114 26164 I BistoWorker: Not a bisto device: CC:0D:F2:75:2D:60
04-20 20:10:36.405 22073 22073 I NearbyDiscovery: FastPair: onBondStateChange: prevState=10, state=11, device=CC:0D:F2:75:2D:60, isFastPairing=false [CONTEXT service_id=49 ]
04-20 20:10:36.407 22073 22238 I NearbyDiscovery: FastPair: Received BONDING state, temporarily disabling notifications. [CONTEXT service_id=49 ]
04-20 20:10:36.411 22073 22238 I NearbyDiscovery: Show notifications: 0 total, no changes since last shown, no-op. [CONTEXT service_id=49 ]
04-20 20:10:36.542  3708  3708 V data    : Payload RX: 0
04-20 20:10:36.542  3708  3708 V data    : Payload TX: 0
04-20 20:10:36.542  3708  3708 V data    : Total RX: 0
04-20 20:10:36.543  3708  3708 V data    : Total TX: 0
04-20 20:10:36.543  3708  3708 D connectedcrossroad: sendMessage: Sent message
04-20 20:10:36.737   720  1295 D NetdFwmarkServer: Cmd 0: 0, 10156: UserP=3, fwmark=1F0064
04-20 20:10:36.744  1743 11436 I WifiService: enableTdls uid=10156 enable=true
04-20 20:10:36.749  1743 10461 I WifiService: enableTdlsWithMacAddress uid=1000 enable=true
04-20 20:10:36.753  5577  5577 I wpa_supplicant: TDLS: Failed to send message (action_code=10)
04-20 20:10:36.753  5577  5577 I wpa_supplicant: StaIface: TDLS discover failed: -1
04-20 20:10:36.860  3708  3844 D connectedcrossroad: dataTxThread: Pulled AODV data from queue
04-20 20:10:36.861  3708  3844 D connectedcrossroad: dataTxThread: Pulled AODV data from queue
04-20 20:10:36.943  2290  2348 I BluetoothBondStateMachine: bondStateChangeCallback: Status: 0 Address: CC:0D:F2:75:2D:60 newState: 0
04-20 20:10:36.944  2290  2348 E bt_btif : update_pce_entry_after_cancelling_bonding unable to open PBAP PCE Conf file for read: error: (No such file or directory)
04-20 20:10:36.944  2290  2348 E bt_btif : update_mce_entry_after_cancelling_bonding unable to open MAP MCE Conf file for read: Reason: (No such file or directory)
04-20 20:10:36.951  2290  2355 D AdapterProperties: Failed to remove device: CC:0D:F2:75:2D:60
04-20 20:10:36.956  2290  2355 I BluetoothBondStateMachine: Bond State Change Intent:CC:0D:F2:75:2D:60 BOND_BONDING => BOND_NONE
04-20 20:10:36.959  2290  2290 D BluetoothDatabase: deleteDatabase: CC:0D:F2:75:2D:60
04-20 20:10:36.962  2290  2290 D HeadsetService: Bond state changed for device: CC:0D:F2:75:2D:60 state: 10
04-20 20:10:36.962  2290  2290 D A2dpService: Bond state changed for device: CC:0D:F2:75:2D:60 state: 10
04-20 20:10:36.964  3347  3347 I GsaVoiceInteractionSrv: O received Intent { act=android.bluetooth.device.action.BOND_STATE_CHANGED flg=0x10 (has extras) }
04-20 20:10:36.964  1743  1772 W BroadcastQueue: Background execution not allowed: receiving Intent { act=android.bluetooth.device.action.BOND_STATE_CHANGED flg=0x10 (has extras) } to com.google.android.gms/.chimera.GmsIntentOperationService$PersistentTrustedReceiver
04-20 20:10:36.966  2290  2290 D BluetoothPbapService: action: android.bluetooth.device.action.BOND_STATE_CHANGED
04-20 20:10:36.967  1743  1772 W BroadcastQueue: Background execution not allowed: receiving Intent { act=android.bluetooth.device.action.BOND_STATE_CHANGED flg=0x10 (has extras) } to com.google.android.googlequicksearchbox/com.google.android.apps.gsa.broadcastreceiver.external.ExternalCommonBroadcastReceiver
04-20 20:10:36.967  2290  4090 D BluetoothMetrics: btclass5a020c
04-20 20:10:36.968  2290  2355 D HeadsetService: getHeadsetService(): returning com.android.bluetooth.hfp.HeadsetService@b6887a9
04-20 20:10:36.968  2290  2355 W HeadsetClientService: getHeadsetClientService(): service is null
04-20 20:10:36.968  2290  2355 W PbapClientService: getPbapClientService(): service is null
04-20 20:10:36.970  2290  2355 D BluetoothHidHostService: setPriority: CC:0D:F2:75:2D:60
04-20 20:10:36.970  2290  2355 D BluetoothHidHostService: Saved priority CC:0D:F2:75:2D:60 = -1
04-20 20:10:36.970  2290  2355 D BluetoothAdapterService: getAdapterService() - returning com.android.bluetooth.btservice.AdapterService@a155bf6
04-20 20:10:36.970  2290  2355 V BluetoothDatabase: setProfilePriority: CC:0D:F2:75:2D:60, profile=4, priority = -1
04-20 20:10:36.973  2290  2355 D A2dpService: Saved priority CC:0D:F2:75:2D:60 = -1
04-20 20:10:36.973  2290  2355 V BluetoothDatabase: setProfilePriority: CC:0D:F2:75:2D:60, profile=2, priority = -1
04-20 20:10:36.974  2290  2355 I HeadsetService: setPriority: device=CC:0D:F2:75:2D:60, priority=-1, uid/pid=1002/2290
04-20 20:10:36.974  2290  2355 D BluetoothAdapterService: getAdapterService() - returning com.android.bluetooth.btservice.AdapterService@a155bf6
04-20 20:10:36.974  2290  2355 V BluetoothDatabase: setProfilePriority: CC:0D:F2:75:2D:60, profile=1, priority = -1
04-20 20:10:36.974  2290  2355 V Avrcp_ext: resetBlackList : device is not added in blacklist
04-20 20:10:36.974  2290  2355 I BluetoothBondStateMachine: StableState(): Entering Off State
04-20 20:10:36.975  2290  4090 D Checkin : publish the event [tag = MOT_BT event name = PAIRING]
04-20 20:10:36.989  7384  7384 D MCLOG   : [MC_Service] onStartcommand()
04-20 20:10:36.991 26114 26164 I BistoWorker: bluetoothConnectionStateChanged. Action: android.bluetooth.device.action.BOND_STATE_CHANGED
04-20 20:10:36.992  2308  2388 W BluetoothEventManager: showUnbondMessage: Not displaying any message for reason: 9
04-20 20:10:36.994 26114 26164 I DeviceDetector: Not bonded or not refresh cache.
04-20 20:10:37.010 22073 22073 I NearbyDiscovery: FastPair: onBondStateChange: prevState=11, state=10, device=CC:0D:F2:75:2D:60, isFastPairing=false [CONTEXT service_id=49 ]
04-20 20:10:37.011 22073 22238 I NearbyDiscovery: FastPair: RemoveBond: Not Fast Pair 2.0 device (CC:0D:F2:75:2D:60) [CONTEXT service_id=49 ]
04-20 20:10:37.011 22073 22238 I NearbyDiscovery: FastPair: remove ble address from retroactive manager for CC:0D:F2:75:2D:60 [CONTEXT service_id=49 ]
04-20 20:10:37.011 22073 22238 I NearbyDiscovery: FastPairEventStream: Destroy event stream for CC:0D:F2:75:2D:60 (NONE) [CONTEXT service_id=49 ]
04-20 20:10:37.011 22073 22238 I NearbyDiscovery: FastPairEventStream: event stream connection (CC:0D:F2:75:2D:60) is disconnected, skip [CONTEXT service_id=49 ]
04-20 20:10:37.011 22073  4008 I NearbyDiscovery: SdpManager: Remove all records for CC:0D:F2:75:2D:60 [CONTEXT service_id=49 ]
04-20 20:10:37.077  2290  2603 W bt_l2cap: L2CAP - LCID: 0x0057  st: W4_L2CAP_CON_RSP  evt: PEER_CONNECT_RSP
04-20 20:10:37.077  2290  2603 W bt_l2cap: L2CAP - LCID: 0x0057  st: CONFIG  evt: UPPER_LAYER_CONFIG_REQ
04-20 20:10:37.077  2290  2603 I bt_stack: [INFO:btsnoop.cc(368)] add_rfc_l2c_channel: rfcomm data going over l2cap channel. conn_handle=27 cid=87:92
04-20 20:10:37.079  2290  2603 W bt_l2cap: L2CAP - LCID: 0x0057  st: CONFIG  evt: PEER_CONFIG_REQ
04-20 20:10:37.079  2290  2603 W bt_l2cap: L2CAP - LCID: 0x0057  st: CONFIG  evt: UPPER_LAYER_CONFIG_RSP
04-20 20:10:37.079  2290  2603 W bt_l2cap: L2CAP-Upper layer Config_Rsp,Local CID: 0x0057,Remote CID: 0x005c,PSM: 3,our MTU present:1,our MTU:1691
04-20 20:10:37.089  2290  2603 W bt_l2cap: L2CAP - LCID: 0x0057  st: CONFIG  evt: PEER_CONFIG_RSP
04-20 20:10:37.090  2290  2603 W bt_l2cap: L2CAP-peer_Config_Rsp,Local CID: 0x0057,Remote CID: 0x005c,PSM: 3,peer MTU present: 0,peer MTU: 1691
04-20 20:10:37.212  2290  2603 D bt_btif_sock_rfcomm: on_cli_rfc_connect  mtu = 990 
04-20 20:10:37.213  2290  2603 W bt_l2cap: L2CA_SetDesireRole() new:x1, disallow_switch:0
04-20 20:10:37.213  2290  2603 W bt_btif : new conn_srvc id:26, app_id:1
04-20 20:10:37.213  2290  2603 W bt_btif : bta_dm_pm_cback: new conn_srvc id:26, app_id:1 count:3
04-20 20:10:37.213  2290  2603 W bt_btif : bta_dm_pm_ssr conn_srvc id:26, app_id:1
04-20 20:10:37.213  2290  2603 W bt_btif : bta_dm_pm_ssr ssr:2, lat:1200
04-20 20:10:37.218 22073  3971 D BluetoothAdapter: isLeEnabled(): ON
04-20 20:10:37.220  2290  2315 D BtGatt.GattService: stopScan() - queue size =3
04-20 20:10:37.225  2290  2575 I BtGatt.ScanManager: msg.what = 1
04-20 20:10:37.227  2290  2306 D BtGatt.GattService: unregisterScanner() - scannerId=5
04-20 20:10:37.228 22073  3971 I Nearby  : M hardware scan: 5 filters, scanMode= 2, callback type= 1, workSource = WorkSource{10217 com.google.location.nearby.apps.connectedcrossroad} [CONTEXT service_id=49 ]
04-20 20:10:37.231 22073  3971 D BluetoothAdapter: isLeEnabled(): ON
04-20 20:10:37.235  2290  2306 D BtGatt.GattService: registerScanner() - UUID=98ef6442-4366-4d30-bdb2-41790a171498
04-20 20:10:37.238  2290  2603 I bt_stack: [INFO:gatt_api.cc(950)] GATT_Register 24ed6c05-c485-7526-2826-e5574638538f
04-20 20:10:37.238  2290  2603 I bt_stack: [INFO:gatt_api.cc(970)] allocated gatt_if=5
04-20 20:10:37.238  2290  2348 D BtGatt.GattService: onScannerRegistered() - UUID=98ef6442-4366-4d30-bdb2-41790a171498, scannerId=5, status=0
04-20 20:10:37.239 22073 22328 D BluetoothLeScanner: onScannerRegistered() - status=0 scannerId=5 mScannerId=0
04-20 20:10:37.240  2290  2306 D BtGatt.GattService: start scan with filters. callingPackage: com.google.android.gms
04-20 20:10:37.249  2290  2575 I BtGatt.ScanManager: msg.what = 0
04-20 20:10:37.252  2290  2575 D BtGatt.ScanManager: handling starting scan
04-20 20:10:37.255  2290  2575 D BtGatt.ScanManager: isAptXLowLatencyModeEnabled: false
04-20 20:10:37.259  2290  2306 D BluetoothAdapterService: startDiscovery
04-20 20:10:37.262  2290  2348 D BtGatt.GattService: onScanFilterEnableDisabled() - clientIf=5, status=0, action=1
04-20 20:10:37.263  2290  2348 D BtGatt.ScanManager: callback done for scannerId - 5 status - 0
04-20 20:10:37.263  2290  2575 D BtGatt.ScanManager: Available Filter size: 12
04-20 20:10:37.265  2290  2348 D BtGatt.GattService: onScanFilterConfig() - clientIf=5, action = 0 status = 0, filterType=0, availableSpace=0
04-20 20:10:37.265  2290  2348 D BtGatt.ScanManager: callback done for scannerId - 5 status - 0
04-20 20:10:37.268  2290  2603 W bt_btif : bta_dm_check_av:0
04-20 20:10:37.268  2290  2575 D BtGatt.ScanManager: configureFilterParamter 500 10000 1 0, deliveryMode=0
04-20 20:10:37.269 22073  3971 I NearbyConnections: In requestConnection(), successfully created a BLUETOOTH EndpointChannel to endpoint YB2s [CONTEXT service_id=54 ]
04-20 20:10:37.269  2290  2603 E bt_btif : bte_scan_filt_param_cfg_evt, 23
04-20 20:10:37.287  2290  2348 D BtGatt.GattService: onScanFilterParamsConfigured() - clientIf=5, status=0, action=0, availableSpace=13
04-20 20:10:37.287  2290  2348 D BtGatt.ScanManager: callback done for scannerId - 5 status - 0
04-20 20:10:37.288  2290  2603 I bt_stack: [INFO:btm_ble_adv_filter.cc(693)] BTM_LE_PF_set UUID MASK is empty 
04-20 20:10:37.288  2290  2348 D BtGatt.GattService: onScanFilterConfig() - clientIf=5, action = 0 status = 0, filterType=0, availableSpace=0
04-20 20:10:37.288  2290  2348 D BtGatt.ScanManager: callback done for scannerId - 5 status - 0
04-20 20:10:37.288  2290  2575 D BtGatt.ScanManager: configureFilterParamter 500 10000 1 0, deliveryMode=0
04-20 20:10:37.291  2290  2348 D BtGatt.GattService: onScanFilterParamsConfigured() - clientIf=5, status=0, action=0, availableSpace=12
04-20 20:10:37.291  2290  2348 D BtGatt.ScanManager: callback done for scannerId - 5 status - 0
