04-20 20:22:02.550  1565  1731 I PackageManager: Update package com.google.location.nearby.apps.connectedcrossroad code path from /data/app/~~lqjzKyvz3dN3MQOgw9gnVQ==/com.google.location.nearby.apps.connectedcrossroad--eq_P-rG8PgpMCFMsRn_hA== to /data/app/~~jB5ntwBFYZkwomEU89qp3Q==/com.google.location.nearby.apps.connectedcrossroad-EAtqMrQQhcdmLLfY_M7BKw==; Retain data and using new
04-20 20:22:02.550  1565  1731 I PackageManager: Update package com.google.location.nearby.apps.connectedcrossroad resource path from /data/app/~~lqjzKyvz3dN3MQOgw9gnVQ==/com.google.location.nearby.apps.connectedcrossroad--eq_P-rG8PgpMCFMsRn_hA== to /data/app/~~jB5ntwBFYZkwomEU89qp3Q==/com.google.location.nearby.apps.connectedcrossroad-EAtqMrQQhcdmLLfY_M7BKw==; Retain data and using new
04-20 20:22:02.555  1565  1731 D CompatibilityChangeReporter: Compat change id reported: 135549675; UID 10333; state: DISABLED
04-20 20:22:03.784  1565  1657 W BroadcastQueue: Background execution not allowed: receiving Intent { act=android.intent.action.PACKAGE_REMOVED dat=package:com.google.location.nearby.apps.connectedcrossroad flg=0x4000010 (has extras) } to com.android.vending/com.google.android.finsky.packagemanager.impl.PackageMonitorReceiverImpl$RegisteredReceiver
04-20 20:22:03.798  1565  1657 W BroadcastQueue: Background execution not allowed: receiving Intent { act=android.intent.action.PACKAGE_REMOVED dat=package:com.google.location.nearby.apps.connectedcrossroad flg=0x4000010 (has extras) } to com.android.vending/com.google.android.finsky.instantapps.appmanagement.InstantAppRemoveMonitor
04-20 20:22:03.799  1565  1657 W BroadcastQueue: Background execution not allowed: receiving Intent { act=android.intent.action.PACKAGE_REMOVED dat=package:com.google.location.nearby.apps.connectedcrossroad flg=0x4000010 (has extras) } to com.google.android.gms/.games.chimera.GamesSystemBroadcastReceiverProxy
04-20 20:22:03.800  1565  1657 W BroadcastQueue: Background execution not allowed: receiving Intent { act=android.intent.action.PACKAGE_REMOVED dat=package:com.google.location.nearby.apps.connectedcrossroad flg=0x4000010 (has extras) } to com.google.android.gms/.chimera.GmsIntentOperationService$PersistentTrustedReceiver
04-20 20:22:03.800  1565  1657 W BroadcastQueue: Background execution not allowed: receiving Intent { act=android.intent.action.PACKAGE_REMOVED dat=package:com.google.location.nearby.apps.connectedcrossroad flg=0x4000010 (has extras) } to com.google.android.googlequicksearchbox/com.google.android.apps.gsa.googlequicksearchbox.GelStubAppWatcher
04-20 20:22:03.801  1565  1657 W BroadcastQueue: Background execution not allowed: receiving Intent { act=android.intent.action.PACKAGE_REMOVED dat=package:com.google.location.nearby.apps.connectedcrossroad flg=0x4000010 (has extras) } to com.facebook.katana/com.facebook.feed.platformads.AppInstallReceiver
04-20 20:22:03.802  1565  1657 W BroadcastQueue: Background execution not allowed: receiving Intent { act=android.intent.action.PACKAGE_REMOVED dat=package:com.google.location.nearby.apps.connectedcrossroad flg=0x4000010 (has extras) } to com.jaga.ibraceletplus.smartwristband3/com.yc.pedometer.keepalive.KeepAliveReceiver
04-20 20:22:03.802  1565  1657 W BroadcastQueue: Background execution not allowed: receiving Intent { act=android.intent.action.PACKAGE_REMOVED dat=package:com.google.location.nearby.apps.connectedcrossroad flg=0x4000010 (has extras) } to com.microsoft.appmanager/.receiver.InstallUninstallReceiver
04-20 20:22:03.802  1565  1657 W BroadcastQueue: Background execution not allowed: receiving Intent { act=android.intent.action.PACKAGE_REMOVED dat=package:com.google.location.nearby.apps.connectedcrossroad flg=0x4000010 (has extras) } to com.microsoft.appmanager/com.microsoft.mmx.continuity.receiver.InstallUninstallReceiver
04-20 20:22:03.802  1565  1657 W BroadcastQueue: Background execution not allowed: receiving Intent { act=android.intent.action.PACKAGE_REMOVED dat=package:com.google.location.nearby.apps.connectedcrossroad flg=0x4000010 (has extras) } to com.microsoft.emmx/com.microsoft.mmx.continuity.receiver.InstallUninstallReceiver
04-20 20:22:03.802  1565  1657 W BroadcastQueue: Background execution not allowed: receiving Intent { act=android.intent.action.PACKAGE_ADDED dat=package:com.google.location.nearby.apps.connectedcrossroad flg=0x4000010 (has extras) } to com.google.android.packageinstaller/com.android.packageinstaller.PackageInstalledReceiver
04-20 20:22:03.802  1565  1657 W BroadcastQueue: Background execution not allowed: receiving Intent { act=android.intent.action.PACKAGE_ADDED dat=package:com.google.location.nearby.apps.connectedcrossroad flg=0x4000010 (has extras) } to com.android.vending/com.google.android.finsky.packagemanager.impl.PackageMonitorReceiverImpl$RegisteredReceiver
04-20 20:22:03.802  1565  1657 W BroadcastQueue: Background execution not allowed: receiving Intent { act=android.intent.action.PACKAGE_ADDED dat=package:com.google.location.nearby.apps.connectedcrossroad flg=0x4000010 (has extras) } to com.google.android.gms/.games.chimera.GamesSystemBroadcastReceiverProxy
04-20 20:22:03.802  1565  1657 W BroadcastQueue: Background execution not allowed: receiving Intent { act=android.intent.action.PACKAGE_ADDED dat=package:com.google.location.nearby.apps.connectedcrossroad flg=0x4000010 (has extras) } to com.google.android.gms/.gass.chimera.PackageChangeBroadcastReceiver
04-20 20:22:03.803  1565  1657 W BroadcastQueue: Background execution not allowed: receiving Intent { act=android.intent.action.PACKAGE_ADDED dat=package:com.google.location.nearby.apps.connectedcrossroad flg=0x4000010 (has extras) } to com.google.android.gms/.chimera.GmsIntentOperationService$PersistentTrustedReceiver
04-20 20:22:03.803  1565  1657 W BroadcastQueue: Background execution not allowed: receiving Intent { act=android.intent.action.PACKAGE_ADDED dat=package:com.google.location.nearby.apps.connectedcrossroad flg=0x4000010 (has extras) } to com.google.android.googlequicksearchbox/com.google.android.apps.gsa.googlequicksearchbox.GelStubAppWatcher
04-20 20:22:03.806  1565  1657 W BroadcastQueue: Background execution not allowed: receiving Intent { act=android.intent.action.PACKAGE_ADDED dat=package:com.google.location.nearby.apps.connectedcrossroad flg=0x4000010 (has extras) } to com.facebook.katana/com.facebook.feed.platformads.AppInstallReceiver
04-20 20:22:03.806  1565  1657 W BroadcastQueue: Background execution not allowed: receiving Intent { act=android.intent.action.PACKAGE_ADDED dat=package:com.google.location.nearby.apps.connectedcrossroad flg=0x4000010 (has extras) } to com.jaga.ibraceletplus.smartwristband3/com.yc.pedometer.keepalive.KeepAliveReceiver
04-20 20:22:03.806  1565  1657 W BroadcastQueue: Background execution not allowed: receiving Intent { act=android.intent.action.PACKAGE_ADDED dat=package:com.google.location.nearby.apps.connectedcrossroad flg=0x4000010 (has extras) } to com.microsoft.appmanager/.receiver.InstallUninstallReceiver
04-20 20:22:03.806  1565  1657 W BroadcastQueue: Background execution not allowed: receiving Intent { act=android.intent.action.PACKAGE_ADDED dat=package:com.google.location.nearby.apps.connectedcrossroad flg=0x4000010 (has extras) } to com.microsoft.appmanager/com.microsoft.mmx.continuity.receiver.InstallUninstallReceiver
04-20 20:22:03.806  1565  1657 W BroadcastQueue: Background execution not allowed: receiving Intent { act=android.intent.action.PACKAGE_ADDED dat=package:com.google.location.nearby.apps.connectedcrossroad flg=0x4000010 (has extras) } to com.microsoft.emmx/com.microsoft.mmx.continuity.receiver.InstallUninstallReceiver
04-20 20:22:03.944  1565  4166 I ActivityTaskManager: START u0 {act=android.intent.action.MAIN cat=[android.intent.category.LAUNCHER] flg=0x10000000 cmp=com.google.location.nearby.apps.connectedcrossroad/nx.aodv.eval.MainActivity} from uid 2000
04-20 20:22:03.978  1565  1638 D CompatibilityChangeReporter: Compat change id reported: 135634846; UID 10333; state: DISABLED
04-20 20:22:03.979  1565  1659 D CompatibilityChangeReporter: Compat change id reported: 143937733; UID 10333; state: DISABLED
04-20 20:22:04.009  1565  1659 I ActivityManager: Start proc 4910:com.google.location.nearby.apps.connectedcrossroad/u0a333 for top-activity {com.google.location.nearby.apps.connectedcrossroad/nx.aodv.eval.MainActivity}
04-20 20:22:04.111  1565  1565 W Looper  : Slow dispatch took 177ms main h=android.app.ActivityThread$H c=android.app.-$$Lambda$LoadedApk$ReceiverDispatcher$Args$_BumDX2UKsnxLVrE6UJsJZkotuA@127f2fa m=0
04-20 20:22:04.111  1565  1565 W Looper  : Slow delivery took 320ms main h=android.app.ActivityThread$H c=android.app.-$$Lambda$LoadedApk$ReceiverDispatcher$Args$_BumDX2UKsnxLVrE6UJsJZkotuA@97244c6 m=0
04-20 20:22:04.115  1565  1565 I Telecom : DefaultDialerCache: Refreshing default dialer for user 0: now com.google.android.dialer: DDC.oR@k6A
04-20 20:22:04.152  1565  1565 V BackupManagerConstants: getFullBackupIntervalMilliseconds(...) returns 86400000
04-20 20:22:04.152  1565  1565 V BackupManagerConstants: getFullBackupRequiredNetworkType(...) returns 2
04-20 20:22:04.152  1565  1565 V BackupManagerConstants: getFullBackupRequireCharging(...) returns true
04-20 20:22:04.168  1565  1634 W Looper  : Slow dispatch took 135ms android.fg h=android.os.Handler c=<recycled PooledLambda@f130471> m=0
04-20 20:22:04.183  1565  1634 W Looper  : Slow delivery took 245ms android.fg h=android.os.Handler c=<recycled PooledLambda@b1b0a31> m=0
04-20 20:22:04.203  1565  3522 W BroadcastQueue: Background execution not allowed: receiving Intent { act=android.intent.action.PACKAGE_REPLACED dat=package:com.google.location.nearby.apps.connectedcrossroad flg=0x4000010 (has extras) } to com.google.android.gms/.gass.chimera.PackageChangeBroadcastReceiver
04-20 20:22:04.206  1565  1657 W BroadcastQueue: Background execution not allowed: receiving Intent { act=android.intent.action.PACKAGE_REPLACED dat=package:com.google.location.nearby.apps.connectedcrossroad flg=0x4000010 (has extras) } to com.google.android.gms/.chimera.GmsIntentOperationService$PersistentTrustedReceiver
04-20 20:22:04.208  1565  1657 W BroadcastQueue: Background execution not allowed: receiving Intent { act=android.intent.action.PACKAGE_REPLACED dat=package:com.google.location.nearby.apps.connectedcrossroad flg=0x4000010 (has extras) } to com.google.android.googlequicksearchbox/com.google.android.apps.gsa.googlequicksearchbox.GelStubAppWatcher
04-20 20:22:04.208  1565  1657 W BroadcastQueue: Background execution not allowed: receiving Intent { act=android.intent.action.PACKAGE_REPLACED dat=package:com.google.location.nearby.apps.connectedcrossroad flg=0x4000010 (has extras) } to com.infonow.bofa/com.bofa.ecom.marvel.application.BofaPackageUpdateReceiver
04-20 20:22:04.209  1565  1657 W BroadcastQueue: Background execution not allowed: receiving Intent { act=android.intent.action.PACKAGE_REPLACED dat=package:com.google.location.nearby.apps.connectedcrossroad flg=0x4000010 (has extras) } to com.microsoft.appmanager/com.microsoft.mmx.continuity.receiver.InstallUninstallReceiver
04-20 20:22:04.209  1565  1657 W BroadcastQueue: Background execution not allowed: receiving Intent { act=android.intent.action.PACKAGE_REPLACED dat=package:com.google.location.nearby.apps.connectedcrossroad flg=0x4000010 (has extras) } to com.microsoft.emmx/com.microsoft.mmx.continuity.receiver.InstallUninstallReceiver
04-20 20:22:04.211  1565  1657 W BroadcastQueue: Background execution not allowed: receiving Intent { act=android.intent.action.PACKAGE_REPLACED dat=package:com.google.location.nearby.apps.connectedcrossroad flg=0x4000010 (has extras) } to steptracker.healthandfitness.walkingtracker.pedometer/com.drojian.stepcounter.receiver.PedometerReceiver
04-20 20:22:04.211  1565  1657 W BroadcastQueue: Background execution not allowed: receiving Intent { act=android.intent.action.PACKAGE_REPLACED dat=package:com.google.location.nearby.apps.connectedcrossroad flg=0x4000010 (has extras) } to steptracker.healthandfitness.walkingtracker.pedometer/com.drojian.servicekeeper.receiver.BootReceiver
04-20 20:22:04.294  1565  1565 W Looper  : Slow dispatch took 179ms main h=android.app.ActivityThread$H c=android.app.-$$Lambda$LoadedApk$ReceiverDispatcher$Args$_BumDX2UKsnxLVrE6UJsJZkotuA@9c4a7c9 m=0
04-20 20:22:04.331  1565  1565 W Looper  : Drained
04-20 20:22:04.565  1565  1898 W NetworkPolicy: shared quota unsupported; generating rule for each iface
04-20 20:22:04.654  1565  1638 W ActivityTaskManager: Activity top resumed state loss timeout for ActivityRecord{953f40a u0 com.google.location.nearby.apps.connectedcrossroad/nx.aodv.eval.MainActivity t8004}
04-20 20:22:04.654  1565  1638 W ActivityTaskManager: Activity pause timeout for ActivityRecord{953f40a u0 com.google.location.nearby.apps.connectedcrossroad/nx.aodv.eval.MainActivity t8004}
04-20 20:22:04.771  1565  1634 W Looper  : Slow dispatch took 127ms android.fg h=android.os.Handler c=<recycled PooledLambda@964c1e9> m=0
04-20 20:22:06.239  1565  1634 W Looper  : Slow dispatch took 117ms android.fg h=android.os.Handler c=<recycled PooledLambda@76a5700> m=0
04-20 20:22:06.355  1565  1634 W Looper  : Drained
04-20 20:22:06.541  1565  1898 W NetworkPolicy: shared quota unsupported; generating rule for each iface
04-20 20:22:06.818  1565  1898 I chatty  : uid=1000(system) NetworkPolicy identical 2 lines
04-20 20:22:08.360  1565  1898 W NetworkPolicy: shared quota unsupported; generating rule for each iface
04-20 20:22:08.374  1565  4460 W ProcessStats: Tracking association SourceState{3a8b508 com.google.location.nearby.apps.connectedcrossroad/10333 Top #2058058} whose proc state 1 is better than process ProcessState{a13b8a8 com.google.android.gms.persistent/10145 pkg=com.google.android.gms} proc state 2 (112 skipped)
04-20 20:22:08.488  1565  4460 E SystemServiceRegistry: Manager wrapper not available: face
04-20 20:22:08.489  1565  4460 I StatsPullAtomService: No runtime appop access message collected
04-20 20:22:08.491  1565  1657 I DropBoxManagerService: add tag=system_server_wtf isTagEnabled=true flags=0x2
04-20 20:22:08.591  1565  4460 W SettingsStatsUtil: Can not parse value to float: gps,network
04-20 20:22:13.040  1565  1657 W BroadcastQueue: Permission Denial: receiving Intent { act=android.intent.action.DROPBOX_ENTRY_ADDED flg=0x10 (has extras) } to ProcessRecord{d321896 11842:com.imgur.mobile/u0a254} (pid=11842, uid=10254) requires android.permission.READ_LOGS due to sender android (uid 1000)
04-20 20:22:13.040  1565  1657 W BroadcastQueue: Background execution not allowed: receiving Intent { act=android.intent.action.DROPBOX_ENTRY_ADDED flg=0x10 (has extras) } to com.google.android.gms/.stats.service.DropBoxEntryAddedReceiver
04-20 20:22:13.040  1565  1657 W BroadcastQueue: Background execution not allowed: receiving Intent { act=android.intent.action.DROPBOX_ENTRY_ADDED flg=0x10 (has extras) } to com.google.android.gms/.chimera.GmsIntentOperationService$PersistentTrustedReceiver
04-20 20:22:14.104  1565  3555 I PowerManagerService: Waking up from Dozing (uid=10158, reason=WAKE_REASON_GESTURE, details=com.android.systemui:NODOZE)...
04-20 20:22:14.147  1565  1709 I DisplayPowerController: Blocking screen on until initial contents have been drawn.
04-20 20:22:14.206  1565  1709 V DisplayPowerController: Brightness [0.12900747] reason changing to: 'manual', previous reason: 'screen_off'.
04-20 20:22:14.207  1565  1638 I DisplayManagerService: Display device changed state: "Built-in Screen", ON
04-20 20:22:14.273  1565  3555 W ActivityManager: Background start not allowed: service Intent { act=Orca.PERSISTENT_KICK_SKIP_PING cmp=com.facebook.orca/com.facebook.mqttlite.MqttService (has extras) } to com.facebook.orca/com.facebook.mqttlite.MqttService from pid=30167 uid=10243 pkg=com.facebook.orca startFg?=false
04-20 20:22:14.276  1565  1709 I DisplayPowerController: Unblocked screen on after 129 ms
04-20 20:22:14.280  1565  2180 W ActivityManager: Binding with unknown activity: Token{1381fbf null}
04-20 20:22:14.290  1565  3555 W ActivityManager: Binding with unknown activity: Token{1381fbf null}
04-20 20:22:14.316  1565  1657 W BroadcastQueue: Permission Denial: receiving Intent { act=android.net.wifi.RSSI_CHANGED flg=0x4000010 (has extras) } to ProcessRecord{d321896 11842:com.imgur.mobile/u0a254} (pid=11842, uid=10254) requires android.permission.ACCESS_WIFI_STATE due to sender android (uid 1000)
04-20 20:22:14.317  1565  1657 W BroadcastQueue: Background execution not allowed: receiving Intent { act=android.net.wifi.RSSI_CHANGED flg=0x4000010 (has extras) } to com.jaga.ibraceletplus.smartwristband3/com.yc.pedometer.remind.GloryFitBootReceiver
04-20 20:22:14.365  1565  1709 V DisplayPowerController: Brightness [0.069677144] reason changing to: 'automatic', previous reason: 'manual'.
04-20 20:22:14.395  1565  1709 W PowerManagerService: Screen on took 291 ms
04-20 20:22:14.395  1565  1709 I DreamManagerService: Gently waking up from dream.
04-20 20:22:14.395  1565  1634 I DreamManagerService: Performing gentle wake from dream.
04-20 20:22:14.451  1565  2180 D CompatibilityChangeReporter: Compat change id reported: 135634846; UID 10180; state: DISABLED
04-20 20:22:14.451  1565  1659 D CompatibilityChangeReporter: Compat change id reported: 143937733; UID 10180; state: ENABLED
04-20 20:22:14.453  1565  4057 I DreamManagerService: Leaving dreamland.
04-20 20:22:14.454  1565  1634 I DreamManagerService: Performing gentle wake from dream.
04-20 20:22:14.454  1565  1634 I DreamController: Stopping dream: name=ComponentInfo{com.android.systemui/com.android.systemui.doze.DozeService}, isTest=false, canDoze=true, userId=0, reason='finished self'(from 'requested stopDream')
04-20 20:22:14.474  1565  1837 W ActivityManager: Background start not allowed: service Intent { act=Orca.PERSISTENT_KICK_SKIP_PING cmp=com.facebook.katana/com.facebook.mqttlite.MqttService (has extras) } to com.facebook.katana/com.facebook.mqttlite.MqttService from pid=14468 uid=10248 pkg=com.facebook.katana startFg?=false
04-20 20:22:14.478  1565  1659 I ActivityManager: Start proc 5002:com.google.android.apps.messaging/u0a180 for content provider {com.google.android.apps.messaging/com.google.android.apps.messaging.shared.datamodel.provider.sharedstorage.SharedStorageProvider}
04-20 20:22:14.537  1565  1909 D Nat464Xlat: clatd running, updating NAI for v4-rmnet_data1
04-20 20:22:14.552  1565  1587 I SoundTriggerService: deleteSoundModel(): id = 9f6ad62a-1f0b-11e7-87c5-40a8f03d3f15
04-20 20:22:14.553  1565  1587 W SoundTriggerHelper: Unload error: Attempting unload invalid generic model with id:9f6ad62a-1f0b-11e7-87c5-40a8f03d3f15
04-20 20:22:14.553  1565  1587 E SoundTriggerService: error onStop(): Model 9f6ad62a-1f0b-11e7-87c5-40a8f03d3f15 has no stats available
04-20 20:22:14.584  1565  1909 D Nat464Xlat: clatd running, updating NAI for v4-rmnet_data1
04-20 20:22:14.850  1565  1909 D ConnectivityService: NetReassign [no changes]
04-20 20:22:16.759  1565  1565 V FingerprintService: Acquired: 7 0
04-20 20:22:16.983  1565  1565 V FingerprintService: Acquired: 0 0
04-20 20:22:16.988  1565  1565 V BiometricStats: Authentication latency: 229
04-20 20:22:16.988  1565  1565 V FingerprintService: onAuthenticated(true), ID:636910442, Owner: com.android.systemui, isBP: false, listener: com.android.server.biometrics.fingerprint.FingerprintService$ServiceListenerImpl@8026838, requireConfirmation: false, user: 0
04-20 20:22:17.004  1565  1565 V FingerprintService: Done with client: com.android.systemui
04-20 20:22:17.289  1565  3555 D ActivityTaskManager: Top Process State changed to PROCESS_STATE_TOP
04-20 20:22:17.299  1565  1638 D CompatibilityChangeReporter: Compat change id reported: 136274596; UID 10333; state: DISABLED
04-20 20:22:17.335  1565  1909 D ConnectivityService: NetReassign [no changes]
04-20 20:22:17.432  1565  1657 W BroadcastQueue: Background execution not allowed: receiving Intent { act=android.intent.action.USER_PRESENT flg=0x24200010 } to steptracker.healthandfitness.walkingtracker.pedometer/com.drojian.servicekeeper.service.WatcherPeriodReceiver
04-20 20:22:17.433  1565  1657 W BroadcastQueue: Background execution not allowed: receiving Intent { act=android.intent.action.USER_PRESENT flg=0x24200010 } to steptracker.healthandfitness.walkingtracker.pedometer/com.drojian.servicekeeper.receiver.BootReceiver
04-20 20:22:17.433  1565  1657 W BroadcastQueue: Background execution not allowed: receiving Intent { act=android.intent.action.USER_PRESENT flg=0x24200010 } to com.android.chrome/org.chromium.chrome.browser.sharing.click_to_call.ClickToCallMessageHandler$PhoneUnlockedReceiver
04-20 20:22:17.433  1565  1657 W BroadcastQueue: Background execution not allowed: receiving Intent { act=android.intent.action.USER_PRESENT flg=0x24200010 } to com.google.android.gms/.auth.setup.devicesignals.LockScreenReceiver
04-20 20:22:17.433  1565  1657 W BroadcastQueue: Background execution not allowed: receiving Intent { act=android.intent.action.USER_PRESENT flg=0x24200010 } to com.google.android.gms/.chimera.GmsIntentOperationService$PersistentTrustedReceiver
04-20 20:22:17.433  1565  1657 W BroadcastQueue: Background execution not allowed: receiving Intent { act=android.intent.action.USER_PRESENT flg=0x24200010 } to com.instagram.android/com.instagram.push.FbnsInitBroadcastReceiver
04-20 20:22:17.433  1565  1657 W BroadcastQueue: Permission Denial: broadcasting Intent { act=android.intent.action.USER_PRESENT flg=0x24200010 } from com.android.systemui (pid=1995, uid=10158) is not exported from uid 10324 due to receiver com.jaga.ibraceletplus.smartwristband3/com.yc.pedometer.remind.GloryFitBootReceiver
04-20 20:22:17.433  1565  1657 W BroadcastQueue: Background execution not allowed: receiving Intent { act=android.intent.action.USER_PRESENT flg=0x24200010 } to com.weather.Weather/com.weather.dal2.system.UniversalBroadcastReceiver
04-20 20:22:17.433  1565  1657 W BroadcastQueue: Background execution not allowed: receiving Intent { act=android.intent.action.USER_PRESENT flg=0x24200010 } to io.voodoo.dune/io.presage.core.receiver.UserPresentReceiver
04-20 20:22:17.433  1565  1657 W BroadcastQueue: Background execution not allowed: receiving Intent { act=android.intent.action.USER_PRESENT flg=0x24200010 } to steptracker.healthandfitness.walkingtracker.pedometer/com.drojian.stepcounter.receiver.PedometerReceiver
04-20 20:22:17.433  1565  1657 W BroadcastQueue: Background execution not allowed: receiving Intent { act=android.intent.action.USER_PRESENT flg=0x24200010 } to steptracker.healthandfitness.walkingtracker.pedometer/com.drojian.servicekeeper.service.WatcherService$MathReceiver
04-20 20:22:17.574  1565  3555 W ActivityManager: Background start not allowed: service Intent { act=Orca.START cmp=com.instagram.android/com.facebook.rti.push.service.FbnsService (has extras) } to com.instagram.android/com.facebook.rti.push.service.FbnsService from pid=2439 uid=10317 pkg=com.instagram.android startFg?=false
04-20 20:22:17.739  1565  1838 D ConnectivityService: ConnectivityService NetworkRequestInfo binderDied(NetworkRequest [ TRACK_DEFAULT id=6077, [ Capabilities: INTERNET&NOT_RESTRICTED&TRUSTED Uid: 10191 AdministratorUids: [] RequestorUid: 10191 RequestorPackageName: com.google.android.youtube] ], android.os.BinderProxy@7858be9)
04-20 20:22:17.739  1565  3555 D ConnectivityService: ConnectivityService NetworkRequestInfo binderDied(NetworkRequest [ LISTEN id=6078, [ Capabilities: INTERNET&NOT_RESTRICTED&TRUSTED&FOREGROUND Uid: 10191 AdministratorUids: [] RequestorUid: 10191 RequestorPackageName: com.google.android.youtube] ], android.os.BinderProxy@b3ea30f)
04-20 20:22:17.740  1565  1909 D ConnectivityService: releasing NetworkRequest [ TRACK_DEFAULT id=6077, [ Capabilities: INTERNET&NOT_RESTRICTED&TRUSTED Uid: 10191 AdministratorUids: [] RequestorUid: 10191 RequestorPackageName: com.google.android.youtube] ] (release request)
04-20 20:22:17.740  1565  4050 I ActivityManager: Process com.google.android.youtube (pid 2872) has died: cch+75 CEM 
04-20 20:22:17.741  1565  4286 D ConnectivityService: ConnectivityService NetworkRequestInfo binderDied(NetworkRequest [ TRACK_DEFAULT id=6076, [ Capabilities: INTERNET&NOT_RESTRICTED&TRUSTED Uid: 10191 AdministratorUids: [] RequestorUid: 10191 RequestorPackageName: com.google.android.youtube] ], android.os.BinderProxy@3b3c06e)
04-20 20:22:17.741  1565  1909 D ConnectivityService: releasing NetworkRequest [ TRACK_DEFAULT id=6076, [ Capabilities: INTERNET&NOT_RESTRICTED&TRUSTED Uid: 10191 AdministratorUids: [] RequestorUid: 10191 RequestorPackageName: com.google.android.youtube] ] (release request)
04-20 20:22:17.857  1565  1565 W Looper  : Slow dispatch took 441ms main h=android.app.ActivityThread$H c=android.app.-$$Lambda$LoadedApk$ReceiverDispatcher$Args$_BumDX2UKsnxLVrE6UJsJZkotuA@ae2a988 m=0
04-20 20:22:17.857  1565  1565 W Looper  : Slow delivery took 443ms main h=android.app.ActivityThread$H c=android.app.-$$Lambda$LoadedApk$ReceiverDispatcher$Args$_BumDX2UKsnxLVrE6UJsJZkotuA@959cf21 m=0
04-20 20:22:17.877  1565  1565 W Looper  : Drained
04-20 20:22:20.356  1565  1909 D ConnectivityService: NetReassign [no changes]
04-20 20:22:20.913  1565  3522 D ConnectivityService: Returning UNBLOCKED NetworkInfo to uid=10123
04-20 20:22:22.255  1565  4841 D ConnectivityService: Returning UNBLOCKED NetworkInfo to uid=10243
04-20 20:22:22.367  1565  1898 W NetworkPolicy: shared quota unsupported; generating rule for each iface
04-20 20:22:22.682  1565  1838 I DropBoxManagerService: add tag=platform_stats_bookmark isTagEnabled=true flags=0x2
04-20 20:22:22.687  1565  1657 W BroadcastQueue: Permission Denial: receiving Intent { act=android.intent.action.DROPBOX_ENTRY_ADDED flg=0x10 (has extras) } to ProcessRecord{d321896 11842:com.imgur.mobile/u0a254} (pid=11842, uid=10254) requires android.permission.READ_LOGS due to sender android (uid 1000)
04-20 20:22:22.687  1565  1657 W BroadcastQueue: Background execution not allowed: receiving Intent { act=android.intent.action.DROPBOX_ENTRY_ADDED flg=0x10 (has extras) } to com.google.android.gms/.stats.service.DropBoxEntryAddedReceiver
04-20 20:22:22.687  1565  1657 W BroadcastQueue: Background execution not allowed: receiving Intent { act=android.intent.action.DROPBOX_ENTRY_ADDED flg=0x10 (has extras) } to com.google.android.gms/.chimera.GmsIntentOperationService$PersistentTrustedReceiver
04-20 20:22:23.374  1565  1909 D ConnectivityService: NetReassign [no changes]
04-20 20:22:26.413  1565  1909 I chatty  : uid=1000(system) ConnectivitySer identical 1 line
04-20 20:22:29.441  1565  1909 D ConnectivityService: NetReassign [no changes]
04-20 20:22:30.399  1565  1657 W BroadcastQueue: Permission Denial: broadcasting Intent { act=com.google.android.apps.gmm.NAVIGATION_STATE flg=0x10 pkg=com.google.android.googlequicksearchbox (has extras) } from null (pid=-1, uid=-1) requires com.google.android.googlequicksearchbox.permission.LAUNCH_FROM_GMM due to registered receiver BroadcastFilter{2f4f341 10125/u0 ReceiverList{a614a28 8656 com.google.android.googlequicksearchbox:search/10125/u0 remote:ad4a04b}}
04-20 20:22:30.399  1565  1657 W BroadcastQueue: Permission Denial: broadcasting Intent { act=com.google.android.apps.gmm.NAVIGATION_STATE flg=0x10 pkg=com.google.android.gms (has extras) } from null (pid=-1, uid=-1) requires com.google.android.googlequicksearchbox.permission.LAUNCH_FROM_GMM due to registered receiver BroadcastFilter{2f4f341 10125/u0 ReceiverList{a614a28 8656 com.google.android.googlequicksearchbox:search/10125/u0 remote:ad4a04b}}
04-20 20:22:32.470  1565  1909 D ConnectivityService: NetReassign [no changes]
04-20 20:22:35.131  1565  3522 D ConnectivityService: Returning UNBLOCKED NetworkInfo to uid=10248
04-20 20:22:35.483  1565  1909 D ConnectivityService: NetReassign [no changes]
04-20 20:22:41.541  1565  1909 I chatty  : uid=1000(system) ConnectivitySer identical 2 lines
04-20 20:22:44.572  1565  1909 D ConnectivityService: NetReassign [no changes]
04-20 20:22:45.412  1565  1657 I ActivityManager: Waited long enough for: ServiceRecord{edc827d u0 com.google.android.googlequicksearchbox/com.google.android.apps.gsa.shared.util.keepalive.StandaloneKeepAlive$KeepAliveService}
04-20 20:22:47.596  1565  1909 D ConnectivityService: NetReassign [no changes]
04-20 20:22:53.672  1565  1909 I chatty  : uid=1000(system) ConnectivitySer identical 2 lines
04-20 20:22:56.697  1565  1909 D ConnectivityService: NetReassign [no changes]
04-20 20:22:58.299  1565  1565 I SoundTriggerHelper: Recognition success
04-20 20:22:58.300 29255 14154 I AlwaysOnHotwordDetector: onDetected
04-20 20:22:58.455  1565  1657 W BroadcastQueue: Permission Denial: receiving Intent { act=android.bluetooth.adapter.action.LOCAL_NAME_CHANGED flg=0x4000010 (has extras) } to ProcessRecord{d321896 11842:com.imgur.mobile/u0a254} (pid=11842, uid=10254) requires android.permission.BLUETOOTH due to sender com.android.bluetooth (uid 1002)
04-20 20:22:58.456  1565  1565 D BluetoothManagerService: Bluetooth Adapter name changed to ImNGNWNbye0AAAAAAAAAATE
04-20 20:22:58.456  1565  1565 D BluetoothManagerService: Stored Bluetooth name: ImNGNWNbye0AAAAAAAAAATE
04-20 20:22:58.460  1565  1657 W BroadcastQueue: Permission Denial: receiving Intent { act=android.bluetooth.adapter.action.SCAN_MODE_CHANGED flg=0x4000010 (has extras) } to ProcessRecord{d321896 11842:com.imgur.mobile/u0a254} (pid=11842, uid=10254) requires android.permission.BLUETOOTH due to sender com.android.bluetooth (uid 1002)
04-20 20:22:58.864  1565  1911 D NsdService: Register service
04-20 20:22:58.865  1565  1911 D NsdService: registerService: 7 name: ImNGNWNbye0AAA, type: _5BC9ED5E6C75._tcp, host: null, port: 37611, txtRecord: n=MQIPv4=192.168.1.17
04-20 20:22:58.865  1565  1911 D NsdService: mdnssd [register, 7, ImNGNWNbye0AAA, _5BC9ED5E6C75._tcp, 37611, BG49TVERSVB2ND0xOTIuMTY4LjEuMTc=]
04-20 20:22:58.874  1565  1911 D NsdService: Register 7 7
04-20 20:22:59.622  1565  1911 D NsdService: Native daemon message SERVICE_REGISTERED: 606 7 "ImNGNWNbye0AAA"
04-20 20:22:59.636  1565  4841 E AppOps  : attributionTag com.google.android.gms.nearby not declared in manifest of com.google.location.nearby.apps.connectedcrossroad
04-20 20:22:59.661  1565  3522 W SoundTriggerHelper: startRecognition failed with -2147483648
04-20 20:22:59.661 29255 29255 W AlwaysOnHotwordDetector: startRecognition() failed with error code -2147483648
04-20 20:22:59.662  1565  1657 I DropBoxManagerService: add tag=system_server_wtf isTagEnabled=true flags=0x2
04-20 20:22:59.669  1565  1657 W BroadcastQueue: Permission Denial: receiving Intent { act=android.bluetooth.adapter.action.DISCOVERY_STARTED flg=0x10 } to ProcessRecord{d321896 11842:com.imgur.mobile/u0a254} (pid=11842, uid=10254) requires android.permission.BLUETOOTH due to sender com.android.bluetooth (uid 1002)
04-20 20:22:59.709  1565  1909 D ConnectivityService: NetReassign [no changes]
04-20 20:23:00.506  1565  1565 E SoundTriggerHelper: onServiceDied!!
04-20 20:23:00.507 29255  6180 I AlwaysOnHotwordDetector: onError: -32
04-20 20:23:00.546  1565  1657 W BroadcastQueue: Permission Denial: receiving Intent { act=android.bluetooth.adapter.action.DISCOVERY_FINISHED flg=0x10 } to ProcessRecord{d321896 11842:com.imgur.mobile/u0a254} (pid=11842, uid=10254) requires android.permission.BLUETOOTH due to sender com.android.bluetooth (uid 1002)
04-20 20:23:01.253  1565  1657 W BroadcastQueue: Permission Denial: receiving Intent { act=android.bluetooth.device.action.ACL_CONNECTED flg=0x5000010 (has extras) } to ProcessRecord{d321896 11842:com.imgur.mobile/u0a254} (pid=11842, uid=10254) requires android.permission.BLUETOOTH due to sender com.android.bluetooth (uid 1002)
04-20 20:23:01.673  1565  1657 W BroadcastQueue: Permission Denial: receiving Intent { act=android.intent.action.DROPBOX_ENTRY_ADDED flg=0x10 (has extras) } to ProcessRecord{d321896 11842:com.imgur.mobile/u0a254} (pid=11842, uid=10254) requires android.permission.READ_LOGS due to sender android (uid 1000)
04-20 20:23:01.674  1565  1657 W BroadcastQueue: Background execution not allowed: receiving Intent { act=android.intent.action.DROPBOX_ENTRY_ADDED flg=0x10 (has extras) } to com.google.android.gms/.stats.service.DropBoxEntryAddedReceiver
04-20 20:23:01.674  1565  1657 W BroadcastQueue: Background execution not allowed: receiving Intent { act=android.intent.action.DROPBOX_ENTRY_ADDED flg=0x10 (has extras) } to com.google.android.gms/.chimera.GmsIntentOperationService$PersistentTrustedReceiver
04-20 20:23:01.949  1565  4460 I SoundTriggerHelper: startRecognition successful.
04-20 20:23:01.953  1565  1565 W Looper  : Slow dispatch took 259ms main h=android.hardware.soundtrigger.SoundTriggerModule$EventHandlerDelegate$1 c=null m=3
04-20 20:23:01.954  1565  1565 W Looper  : Slow delivery took 247ms main h=com.android.server.power.Notifier$NotifierHandler c=null m=1
04-20 20:23:01.958  1565  1565 W Looper  : Drained
04-20 20:23:02.721  1565  1909 D ConnectivityService: NetReassign [no changes]
04-20 20:23:02.804  1565  1657 W BroadcastQueue: Permission Denial: receiving Intent { act=android.bluetooth.adapter.action.DISCOVERY_STARTED flg=0x10 } to ProcessRecord{d321896 11842:com.imgur.mobile/u0a254} (pid=11842, uid=10254) requires android.permission.BLUETOOTH due to sender com.android.bluetooth (uid 1002)
04-20 20:23:05.553  1565  1657 W BroadcastQueue: Permission Denial: receiving Intent { act=android.bluetooth.device.action.NAME_CHANGED flg=0x4000010 (has extras) } to ProcessRecord{d321896 11842:com.imgur.mobile/u0a254} (pid=11842, uid=10254) requires android.permission.BLUETOOTH due to sender com.android.bluetooth (uid 1002)
04-20 20:23:05.573  1565  1657 W BroadcastQueue: Permission Denial: receiving Intent { act=android.bluetooth.adapter.action.DISCOVERY_FINISHED flg=0x10 } to ProcessRecord{d321896 11842:com.imgur.mobile/u0a254} (pid=11842, uid=10254) requires android.permission.BLUETOOTH due to sender com.android.bluetooth (uid 1002)
04-20 20:23:05.749  1565  1909 D ConnectivityService: NetReassign [no changes]
04-20 20:23:05.798  1565  3517 I SoundTriggerHelper: startRecognition successful.
04-20 20:23:08.768  1565  1909 D ConnectivityService: NetReassign [no changes]
04-20 20:23:11.787  1565  1909 I chatty  : uid=1000(system) ConnectivitySer identical 1 line
04-20 20:23:14.817  1565  1909 D ConnectivityService: NetReassign [no changes]
04-20 20:23:17.263  1565  1657 W BroadcastQueue: Permission Denial: receiving Intent { act=android.bluetooth.device.action.ACL_CONNECTED flg=0x5000010 (has extras) } to ProcessRecord{d321896 11842:com.imgur.mobile/u0a254} (pid=11842, uid=10254) requires android.permission.BLUETOOTH due to sender com.android.bluetooth (uid 1002)
04-20 20:23:17.844  1565  1909 D ConnectivityService: NetReassign [no changes]
04-20 20:23:20.870  1565  1909 D ConnectivityService: NetReassign [no changes]
04-20 20:23:22.366  1565  4057 W BroadcastQueue: Background execution not allowed: receiving Intent { act=android.bluetooth.device.action.BOND_STATE_CHANGED flg=0x10 (has extras) } to com.google.android.gms/.chimera.GmsIntentOperationService$PersistentTrustedReceiver
04-20 20:23:22.371  1565  1657 W BroadcastQueue: Background execution not allowed: receiving Intent { act=android.bluetooth.device.action.BOND_STATE_CHANGED flg=0x10 (has extras) } to com.google.android.googlequicksearchbox/com.google.android.apps.gsa.broadcastreceiver.external.ExternalCommonBroadcastReceiver
04-20 20:23:22.372  1565  1657 W BroadcastQueue: Background execution not allowed: receiving Intent { act=android.bluetooth.device.action.BOND_STATE_CHANGED flg=0x10 (has extras) } to com.google.android.gms/.chimera.GmsIntentOperationService$PersistentTrustedReceiver
04-20 20:23:22.373  1565  1657 W BroadcastQueue: Background execution not allowed: receiving Intent { act=android.bluetooth.device.action.BOND_STATE_CHANGED flg=0x10 (has extras) } to com.google.android.googlequicksearchbox/com.google.android.apps.gsa.broadcastreceiver.external.ExternalCommonBroadcastReceiver
04-20 20:23:23.899  1565  1909 D ConnectivityService: NetReassign [no changes]
04-20 20:23:25.617  1565  1565 W NotificationHistory: Attempted to add notif for locked/gone/disabled user 0
04-20 20:23:26.304  1565  1657 W BroadcastQueue: Permission Denial: receiving Intent { act=android.bluetooth.adapter.action.DISCOVERY_STARTED flg=0x10 } to ProcessRecord{d321896 11842:com.imgur.mobile/u0a254} (pid=11842, uid=10254) requires android.permission.BLUETOOTH due to sender com.android.bluetooth (uid 1002)
04-20 20:23:26.584  1565  1657 W BroadcastQueue: Permission Denial: receiving Intent { act=android.bluetooth.adapter.action.DISCOVERY_FINISHED flg=0x10 } to ProcessRecord{d321896 11842:com.imgur.mobile/u0a254} (pid=11842, uid=10254) requires android.permission.BLUETOOTH due to sender com.android.bluetooth (uid 1002)
04-20 20:23:26.930  1565  1909 D ConnectivityService: NetReassign [no changes]
04-20 20:23:28.056  1565  1657 W BroadcastQueue: Permission Denial: receiving Intent { act=android.bluetooth.device.action.ACL_CONNECTED flg=0x5000010 (has extras) } to ProcessRecord{d321896 11842:com.imgur.mobile/u0a254} (pid=11842, uid=10254) requires android.permission.BLUETOOTH due to sender com.android.bluetooth (uid 1002)
04-20 20:23:29.340  1565  1657 W BroadcastQueue: Permission Denial: receiving Intent { act=android.bluetooth.adapter.action.DISCOVERY_STARTED flg=0x10 } to ProcessRecord{d321896 11842:com.imgur.mobile/u0a254} (pid=11842, uid=10254) requires android.permission.BLUETOOTH due to sender com.android.bluetooth (uid 1002)
04-20 20:23:29.474  1565  1657 W BroadcastQueue: Permission Denial: receiving Intent { act=android.bluetooth.adapter.action.DISCOVERY_FINISHED flg=0x10 } to ProcessRecord{d321896 11842:com.imgur.mobile/u0a254} (pid=11842, uid=10254) requires android.permission.BLUETOOTH due to sender com.android.bluetooth (uid 1002)
04-20 20:23:29.955  1565  1909 D ConnectivityService: NetReassign [no changes]
04-20 20:23:30.388  1565  1657 W BroadcastQueue: Permission Denial: receiving Intent { act=android.bluetooth.device.action.ACL_CONNECTED flg=0x5000010 (has extras) } to ProcessRecord{d321896 11842:com.imgur.mobile/u0a254} (pid=11842, uid=10254) requires android.permission.BLUETOOTH due to sender com.android.bluetooth (uid 1002)
04-20 20:23:30.913  1565  1657 W BroadcastQueue: Permission Denial: receiving Intent { act=android.bluetooth.device.action.ACL_DISCONNECTED flg=0x5000010 (has extras) } to ProcessRecord{d321896 11842:com.imgur.mobile/u0a254} (pid=11842, uid=10254) requires android.permission.BLUETOOTH due to sender com.android.bluetooth (uid 1002)
04-20 20:23:31.883  1565  1657 W BroadcastQueue: Permission Denial: receiving Intent { act=android.bluetooth.adapter.action.DISCOVERY_STARTED flg=0x10 } to ProcessRecord{d321896 11842:com.imgur.mobile/u0a254} (pid=11842, uid=10254) requires android.permission.BLUETOOTH due to sender com.android.bluetooth (uid 1002)
04-20 20:23:32.986  1565  1909 D ConnectivityService: NetReassign [no changes]
04-20 20:23:36.013  1565  1909 D ConnectivityService: NetReassign [no changes]
04-20 20:23:36.513  1565  1657 W BroadcastQueue: Permission Denial: receiving Intent { act=android.bluetooth.adapter.action.DISCOVERY_FINISHED flg=0x10 } to ProcessRecord{d321896 11842:com.imgur.mobile/u0a254} (pid=11842, uid=10254) requires android.permission.BLUETOOTH due to sender com.android.bluetooth (uid 1002)
04-20 20:23:36.868  1565  1657 W BroadcastQueue: Permission Denial: receiving Intent { act=android.bluetooth.device.action.ACL_CONNECTED flg=0x5000010 (has extras) } to ProcessRecord{d321896 11842:com.imgur.mobile/u0a254} (pid=11842, uid=10254) requires android.permission.BLUETOOTH due to sender com.android.bluetooth (uid 1002)
04-20 20:23:38.660  1565  1657 W BroadcastQueue: Permission Denial: receiving Intent { act=android.bluetooth.adapter.action.DISCOVERY_STARTED flg=0x10 } to ProcessRecord{d321896 11842:com.imgur.mobile/u0a254} (pid=11842, uid=10254) requires android.permission.BLUETOOTH due to sender com.android.bluetooth (uid 1002)
04-20 20:23:38.676  1565  1657 W BroadcastQueue: Permission Denial: receiving Intent { act=android.bluetooth.adapter.action.DISCOVERY_FINISHED flg=0x10 } to ProcessRecord{d321896 11842:com.imgur.mobile/u0a254} (pid=11842, uid=10254) requires android.permission.BLUETOOTH due to sender com.android.bluetooth (uid 1002)
04-20 20:23:39.043  1565  1909 D ConnectivityService: NetReassign [no changes]
04-20 20:23:48.139  1565  1909 I chatty  : uid=1000(system) ConnectivitySer identical 3 lines
04-20 20:23:51.166  1565  1909 D ConnectivityService: NetReassign [no changes]
04-20 20:23:54.021  1565  1657 W BroadcastQueue: Permission Denial: receiving Intent { act=android.bluetooth.adapter.action.DISCOVERY_STARTED flg=0x10 } to ProcessRecord{d321896 11842:com.imgur.mobile/u0a254} (pid=11842, uid=10254) requires android.permission.BLUETOOTH due to sender com.android.bluetooth (uid 1002)
04-20 20:23:54.030  1565  1657 W BroadcastQueue: Permission Denial: receiving Intent { act=android.bluetooth.adapter.action.DISCOVERY_FINISHED flg=0x10 } to ProcessRecord{d321896 11842:com.imgur.mobile/u0a254} (pid=11842, uid=10254) requires android.permission.BLUETOOTH due to sender com.android.bluetooth (uid 1002)
04-20 20:23:54.199  1565  1909 D ConnectivityService: NetReassign [no changes]
04-20 20:23:55.119  1565  1657 W BroadcastQueue: Permission Denial: receiving Intent { act=android.bluetooth.adapter.action.DISCOVERY_STARTED flg=0x10 } to ProcessRecord{d321896 11842:com.imgur.mobile/u0a254} (pid=11842, uid=10254) requires android.permission.BLUETOOTH due to sender com.android.bluetooth (uid 1002)
04-20 20:23:57.233  1565  1909 D ConnectivityService: NetReassign [no changes]
04-20 20:24:00.027  1565  4295 W ActivityManager: Binding with unknown activity: Token{1381fbf null}
04-20 20:24:00.263  1565  1909 D ConnectivityService: NetReassign [no changes]
04-20 20:24:02.721  1565  1657 W BroadcastQueue: Permission Denial: receiving Intent { act=android.bluetooth.device.action.NAME_CHANGED flg=0x4000010 (has extras) } to ProcessRecord{d321896 11842:com.imgur.mobile/u0a254} (pid=11842, uid=10254) requires android.permission.BLUETOOTH due to sender com.android.bluetooth (uid 1002)
04-20 20:24:03.286  1565  1909 D ConnectivityService: NetReassign [no changes]
04-20 20:24:06.321  1565  1909 I chatty  : uid=1000(system) ConnectivitySer identical 1 line
04-20 20:24:09.350  1565  1909 D ConnectivityService: NetReassign [no changes]
04-20 20:24:10.245  1565  1657 W BroadcastQueue: Permission Denial: receiving Intent { act=android.bluetooth.device.action.NAME_CHANGED flg=0x4000010 (has extras) } to ProcessRecord{d321896 11842:com.imgur.mobile/u0a254} (pid=11842, uid=10254) requires android.permission.BLUETOOTH due to sender com.android.bluetooth (uid 1002)
04-20 20:24:12.377  1565  1909 D ConnectivityService: NetReassign [no changes]
04-20 20:24:15.413  1565  1909 D ConnectivityService: NetReassign [no changes]
04-20 20:24:15.545  1565  1657 W BroadcastQueue: Permission Denial: receiving Intent { act=android.bluetooth.adapter.action.DISCOVERY_FINISHED flg=0x10 } to ProcessRecord{d321896 11842:com.imgur.mobile/u0a254} (pid=11842, uid=10254) requires android.permission.BLUETOOTH due to sender com.android.bluetooth (uid 1002)
04-20 20:24:15.587  1565  1657 W BroadcastQueue: Permission Denial: receiving Intent { act=android.bluetooth.adapter.action.DISCOVERY_STARTED flg=0x10 } to ProcessRecord{d321896 11842:com.imgur.mobile/u0a254} (pid=11842, uid=10254) requires android.permission.BLUETOOTH due to sender com.android.bluetooth (uid 1002)
04-20 20:24:18.442  1565  1909 D ConnectivityService: NetReassign [no changes]
04-20 20:24:24.487  1565  1909 I chatty  : uid=1000(system) ConnectivitySer identical 2 lines
04-20 20:24:27.517  1565  1909 D ConnectivityService: NetReassign [no changes]
04-20 20:24:28.723  1565  1657 W BroadcastQueue: Permission Denial: receiving Intent { act=android.bluetooth.adapter.action.DISCOVERY_FINISHED flg=0x10 } to ProcessRecord{d321896 11842:com.imgur.mobile/u0a254} (pid=11842, uid=10254) requires android.permission.BLUETOOTH due to sender com.android.bluetooth (uid 1002)
04-20 20:24:28.757  1565  1657 W BroadcastQueue: Permission Denial: receiving Intent { act=android.bluetooth.adapter.action.DISCOVERY_STARTED flg=0x10 } to ProcessRecord{d321896 11842:com.imgur.mobile/u0a254} (pid=11842, uid=10254) requires android.permission.BLUETOOTH due to sender com.android.bluetooth (uid 1002)
04-20 20:24:30.543  1565  1909 D ConnectivityService: NetReassign [no changes]
04-20 20:24:30.603  1565  3552 W ActivityManager: Background start not allowed: service Intent { cmp=com.google.android.apps.messaging/.shared.datamodel.action.execution.ActionExecutorImpl$EmptyService (has extras) } to com.google.android.apps.messaging/.shared.datamodel.action.execution.ActionExecutorImpl$EmptyService from pid=5002 uid=10180 pkg=com.google.android.apps.messaging startFg?=false
04-20 20:24:30.644  1565  3552 W ActivityManager: Background start not allowed: service Intent { cmp=com.google.android.apps.messaging/.shared.datamodel.action.execution.ActionExecutorImpl$EmptyService (has extras) } to com.google.android.apps.messaging/.shared.datamodel.action.execution.ActionExecutorImpl$EmptyService from pid=5002 uid=10180 pkg=com.google.android.apps.messaging startFg?=false
04-20 20:24:33.572  1565  1909 D ConnectivityService: NetReassign [no changes]
04-20 20:24:36.591  1565  1909 I chatty  : uid=1000(system) ConnectivitySer identical 1 line
04-20 20:24:39.616  1565  1909 D ConnectivityService: NetReassign [no changes]
04-20 20:24:42.219  1565  4460 D ConnectivityService: requestNetwork for uid/pid:10180/5002 NetworkRequest [ TRACK_DEFAULT id=6084, [ Capabilities: INTERNET&NOT_RESTRICTED&TRUSTED Uid: 10180 AdministratorUids: [] RequestorUid: 10180 RequestorPackageName: com.google.android.apps.messaging] ]
04-20 20:24:42.220  1565  1909 D ConnectivityService: NetReassign [6084 : null  1698]
04-20 20:24:42.565  1565  1909 D ConnectivityService: releasing NetworkRequest [ TRACK_DEFAULT id=6084, [ Capabilities: INTERNET&NOT_RESTRICTED&TRUSTED Uid: 10180 AdministratorUids: [] RequestorUid: 10180 RequestorPackageName: com.google.android.apps.messaging] ] (release request)
04-20 20:24:42.630  1565  1909 D ConnectivityService: NetReassign [no changes]
04-20 20:24:43.677  1565  4460 W ActivityManager: Background start not allowed: service Intent { cmp=com.google.android.apps.messaging/.shared.datamodel.action.execution.ActionExecutorImpl$EmptyService (has extras) } to com.google.android.apps.messaging/.shared.datamodel.action.execution.ActionExecutorImpl$EmptyService from pid=5002 uid=10180 pkg=com.google.android.apps.messaging startFg?=false
04-20 20:24:43.779  1565  1898 W NetworkPolicy: shared quota unsupported; generating rule for each iface
04-20 20:24:45.662  1565  1909 D ConnectivityService: NetReassign [no changes]
04-20 20:24:47.947  1565  1657 W BroadcastQueue: Permission Denial: receiving Intent { act=android.bluetooth.adapter.action.DISCOVERY_FINISHED flg=0x10 } to ProcessRecord{d321896 11842:com.imgur.mobile/u0a254} (pid=11842, uid=10254) requires android.permission.BLUETOOTH due to sender com.android.bluetooth (uid 1002)
04-20 20:24:47.983  1565  1657 W BroadcastQueue: Permission Denial: receiving Intent { act=android.bluetooth.adapter.action.DISCOVERY_STARTED flg=0x10 } to ProcessRecord{d321896 11842:com.imgur.mobile/u0a254} (pid=11842, uid=10254) requires android.permission.BLUETOOTH due to sender com.android.bluetooth (uid 1002)
04-20 20:24:48.684  1565  1909 D ConnectivityService: NetReassign [no changes]
04-20 20:24:51.722  1565  1909 D ConnectivityService: NetReassign [no changes]
04-20 20:24:52.941  1565  1657 W BroadcastQueue: Permission Denial: receiving Intent { act=android.bluetooth.adapter.action.DISCOVERY_FINISHED flg=0x10 } to ProcessRecord{d321896 11842:com.imgur.mobile/u0a254} (pid=11842, uid=10254) requires android.permission.BLUETOOTH due to sender com.android.bluetooth (uid 1002)
04-20 20:24:53.088  1565  1657 W BroadcastQueue: Permission Denial: receiving Intent { act=android.bluetooth.adapter.action.SCAN_MODE_CHANGED flg=0x4000010 (has extras) } to ProcessRecord{d321896 11842:com.imgur.mobile/u0a254} (pid=11842, uid=10254) requires android.permission.BLUETOOTH due to sender com.android.bluetooth (uid 1002)
04-20 20:24:53.093  1565  1911 D NsdService: unregister service
04-20 20:24:53.093  1565  1911 D NsdService: mdnssd [stop-register, 7]
04-20 20:24:53.108  1565  1565 D BluetoothManagerService: Bluetooth Adapter name changed to Pixel 3a XL
04-20 20:24:53.109  1565  1657 W BroadcastQueue: Permission Denial: receiving Intent { act=android.bluetooth.adapter.action.LOCAL_NAME_CHANGED flg=0x4000010 (has extras) } to ProcessRecord{d321896 11842:com.imgur.mobile/u0a254} (pid=11842, uid=10254) requires android.permission.BLUETOOTH due to sender com.android.bluetooth (uid 1002)
04-20 20:24:53.109  1565  1565 D BluetoothManagerService: Stored Bluetooth name: Pixel 3a XL
04-20 20:24:53.439  1565  1638 I ActivityManager: Killing 4910:com.google.location.nearby.apps.connectedcrossroad/u0a333 (adj 905): remove task
04-20 20:24:53.473  1565  2168 I WindowManager: WIN DEATH: Window{8d06652 u0 com.google.location.nearby.apps.connectedcrossroad/nx.aodv.eval.MainActivity}
04-20 20:24:53.489  1565  1638 W ActivityManager: setHasOverlayUi called on unknown pid: 4910
--------- beginning of main
04-20 20:24:54.012 15889 15948 W bt_btif : btif_av_get_peer_sep: No active peer found
04-20 20:24:54.012 15889 15948 I bt_btif_a2dp_source: btif_a2dp_source_on_idle: state=STATE_OFF
04-20 20:24:54.012 15889 15948 I btif_av : DeleteIdlePeers: Deleting idle peer: 52:d0:62:a7:af:32 bta_handle=0x41
