04-20 20:06:48.760 22073 22073 I chatty  : uid=10156 com.google.android.gms.persistent expire 1 line
04-20 20:06:48.956  2290  2603 I chatty  : uid=1002(bluetooth) btu message loo expire 9 lines
04-20 20:06:49.352 22073 29067 I chatty  : uid=10156 com.google.android.gms.persistent expire 1 line
04-20 20:06:49.889 22073  2930 I chatty  : uid=10156 com.google.android.gms.persistent expire 1 line
04-20 20:06:51.355 22073  2862 I chatty  : uid=10156 com.google.android.gms.persistent expire 1 line
04-20 20:06:52.698  2290  2348 I chatty  : uid=1002(bluetooth) BT Service Call expire 12 lines
04-20 20:06:52.699 22073 22330 I chatty  : uid=10156(com.google.android.gms) Binder:22073_9 expire 1 line
04-20 20:06:52.699 22073 22327 I chatty  : uid=10156(com.google.android.gms) Binder:22073_7 expire 3 lines
04-20 20:06:52.699 22073 22328 I chatty  : uid=10156(com.google.android.gms) Binder:22073_8 expire 4 lines
04-20 20:06:52.700  2290  2737 I chatty  : uid=1002(bluetooth) Binder:2290_5 expire 1 line
04-20 20:06:52.701  2290  2306 I chatty  : uid=1002(bluetooth) Binder:2290_1 expire 1 line
04-20 20:06:52.702  2290  2603 I chatty  : uid=1002(bluetooth) btu message loo expire 14 lines
04-20 20:06:52.723  2308  2388 W BluetoothEventManager: AclStateChangedHandler: activeDevice is null
04-20 20:06:52.723  2290  2290 I chatty  : uid=1002(bluetooth) com.android.bluetooth expire 2 lines
04-20 20:06:52.740  7384  7384 D MCLOG   : [MC_Service] onStartcommand()
04-20 20:06:52.741 26114 26164 I BistoWorker: bluetoothConnectionStateChanged. Action: android.bluetooth.device.action.ACL_DISCONNECTED
04-20 20:06:52.742 22073 22073 I chatty  : uid=10156 com.google.android.gms.persistent expire 2 lines
04-20 20:06:52.747 26114 26164 I DeviceDetector: Not bonded or not refresh cache.
04-20 20:06:52.747 26114 26164 I BistoWorker: Not a bisto device: 50:27:D6:98:81:E3
04-20 20:06:52.968 22073  3013 I chatty  : uid=10156 com.google.android.gms.persistent expire 31 lines
04-20 20:06:53.273 22073  2963 I chatty  : uid=10156 com.google.android.gms.persistent expire 5 lines
04-20 20:06:53.278 22073  3015 I chatty  : uid=10156 com.google.android.gms.persistent expire 2 lines
04-20 20:06:55.291 22073  2930 I chatty  : uid=10156 com.google.android.gms.persistent expire 3 lines
04-20 20:06:55.863     0     0 W swapper/0: type=1400 audit(0.0:883): avc: denied { kill } for uid=0 capability=5 scontext=u:r:kernel:s0 tcontext=u:r:kernel:s0 tclass=capability permissive=0
04-20 20:06:56.576 22073  2862 I chatty  : uid=10156 com.google.android.gms.persistent expire 3 lines
04-20 20:06:56.939  2290  2603 I chatty  : uid=1002(bluetooth) btu message loo expire 1 line
04-20 20:06:57.421  2946  2946 I ShortcutsDataManager: AbstractContentDataManager.startImportContentTask():208 startImportContentTask()
04-20 20:06:57.446  2946  2946 I KeyboardViewUtil: KeyboardViewUtil.getKeyboardHeightRatio():127 systemKeyboardHeightRatio:1.000000; userKeyboardHeightRatio:1.000000.
04-20 20:06:57.447  2946  2946 I AndroidIME: AbstractIme.onActivate():83 LatinIme.onActivate() : EditorInfo = Package = com.google.location.nearby.apps.connectedcrossroad : Type = Text : Learning = Enable : Suggestion = Show : AutoCorrection = Enable : Microphone = Show : NoPersonalizedLearning = Disable, IncognitoMode = false
04-20 20:06:57.448  2946  2946 I Delight5Facilitator: Delight5Facilitator.initializeForIme():574 initializeForIme() : Locale = [en_US], layout = qwerty
04-20 20:06:57.448  2946  2946 I VoiceInputManagerWrapper: VoiceInputManagerWrapper.cancelShutdown():54 cancelShutdown()
04-20 20:06:57.448  2946  2946 I VoiceInputManagerWrapper: VoiceInputManagerWrapper.syncLanguagePacks():66 syncLanguagePacks()
04-20 20:06:57.449  2946 27033 I SpeechFactory: SpeechRecognitionFactory.maybeScheduleAutoPackDownloadForFallback():155 maybeScheduleAutoPackDownloadForFallback()
04-20 20:06:57.449  2946 27033 I FallbackOnDeviceRecognitionProvider: FallbackOnDeviceRecognitionProvider.maybeScheduleAutoPackDownload():200 maybeScheduleAutoPackDownload() for language tag en-US
04-20 20:06:57.452  2946  2946 I KeyboardWrapper: KeyboardWrapper.consumeEvent():264 Skip consuming an event as current keyboard is deactivated (state=0, keyboard existence=true)
04-20 20:06:57.453  2946  2946 E KeyboardViewController: KeyboardViewController.clearSubViewControllerInternal():373 Clears keyboard sub view controller for keyboardType: null, viewType: HEADER, viewId: 2131432509(softkey_holder_fixed_candidates),which has not been set.
04-20 20:06:57.453  2946  2946 E KeyboardViewController: jjy
04-20 20:06:57.453  2946  2946 E KeyboardViewController: 	at djm.b(PG:17)
04-20 20:06:57.453  2946  2946 E KeyboardViewController: 	at djm.a(PG:12)
04-20 20:06:57.453  2946  2946 E KeyboardViewController: 	at bna.c(PG:99)
04-20 20:06:57.453  2946  2946 E KeyboardViewController: 	at com.google.android.apps.inputmethod.latin.keyboard.LatinSymbolsKeyboard.b(PG:19)
04-20 20:06:57.453  2946  2946 E KeyboardViewController: 	at dkc.a(PG:38)
04-20 20:06:57.453  2946  2946 E KeyboardViewController: 	at dia.a(PG:44)
04-20 20:06:57.453  2946  2946 E KeyboardViewController: 	at dkc.a(PG:52)
04-20 20:06:57.453  2946  2946 E KeyboardViewController: 	at dfq.a(PG:29)
04-20 20:06:57.453  2946  2946 E KeyboardViewController: 	at dfq.C(PG:22)
04-20 20:06:57.453  2946  2946 E KeyboardViewController: 	at dfu.d(PG:11)
04-20 20:06:57.453  2946  2946 E KeyboardViewController: 	at dfu.b(PG:109)
04-20 20:06:57.453  2946  2946 E KeyboardViewController: 	at com.android.inputmethod.latin.LatinIME.b(PG:333)
04-20 20:06:57.453  2946  2946 E KeyboardViewController: 	at dew.onStartInputView(PG:755)
04-20 20:06:57.453  2946  2946 E KeyboardViewController: 	at android.inputmethodservice.InputMethodService.startViews(InputMethodService.java:2001)
04-20 20:06:57.453  2946  2946 E KeyboardViewController: 	at android.inputmethodservice.InputMethodService.showWindow(InputMethodService.java:1930)
04-20 20:06:57.453  2946  2946 E KeyboardViewController: 	at android.inputmethodservice.InputMethodService$InputMethodImpl.showSoftInput(InputMethodService.java:648)
04-20 20:06:57.453  2946  2946 E KeyboardViewController: 	at android.inputmethodservice.IInputMethodWrapper.executeMessage(IInputMethodWrapper.java:220)
04-20 20:06:57.453  2946  2946 E KeyboardViewController: 	at com.android.internal.os.HandlerCaller$MyHandler.handleMessage(HandlerCaller.java:44)
04-20 20:06:57.453  2946  2946 E KeyboardViewController: 	at android.os.Handler.dispatchMessage(Handler.java:107)
04-20 20:06:57.453  2946  2946 E KeyboardViewController: 	at android.os.Looper.loop(Looper.java:241)
04-20 20:06:57.453  2946  2946 E KeyboardViewController: 	at android.app.ActivityThread.main(ActivityThread.java:7604)
04-20 20:06:57.453  2946  2946 E KeyboardViewController: 	at java.lang.reflect.Method.invoke(Native Method)
04-20 20:06:57.453  2946  2946 E KeyboardViewController: 	at com.android.internal.os.RuntimeInit$MethodAndArgsCaller.run(RuntimeInit.java:492)
04-20 20:06:57.453  2946  2946 E KeyboardViewController: 	at com.android.internal.os.ZygoteInit.main(ZygoteInit.java:941)
04-20 20:06:57.482  2946  2946 W KeyboardModeManager: KeyboardModeManager.setInputView():359 setInputView() : inputView = com.google.android.apps.inputmethod.libs.framework.core.InputView{1d9772e V.E...... ......ID 0,0-720,1380}
04-20 20:06:57.485  2946  2946 I ConversationToQueryExtension: ConversationToQueryExtension.isEnabledForHostApp():254 Conv2Query not enabled due to current app [com.google.location.nearby.apps.connectedcrossroad] not in whitelist
04-20 20:06:57.485  2946  2946 I ConversationToQueryExtension: ConversationToQueryExtension.onActivate():165 onActivate() : Disabled by unsupported host app
04-20 20:06:57.489  2946  3532 I ShortcutsDataManager: AbstractContentDataManager$ImportContentTask.doInBackground():222 doInBackground()
04-20 20:06:57.490  2946  3532 I PersonalDictionaryDataHandler: PersonalDictionaryDataHandler.beginProcess():111 LanguageTags = [en-US]
04-20 20:06:57.530  1743  1766 I WindowManager:   SURFACE show Surface(name=InputMethod)/@0xb24fbbc on display:0: InputMethod
04-20 20:06:57.547 24895 24895 I chatty  : uid=10156(com.google.android.gms) expire 12 lines
04-20 20:06:57.596  2946  3532 I ShortcutsDataManager: AbstractContentDataManager.importRecords():312 importRecords() : Success : Count = 0
04-20 20:06:57.599  2946  3532 I ShortcutsDataManager: AbstractContentDataManager.importContentData():262 importContentData() : Ending import process
04-20 20:06:57.610  2946  3532 I PersonalLanguageModelUpdater: PersonalLanguageModelUpdater$UpdateOperation.performInternal():160 run() : Added 0 words and 0 shortcuts
04-20 20:06:57.610  2946  3532 I DynamicLanguageModelOperation: DynamicLanguageModelOperation.perform():37 perform() : 4 : chw : Completed
04-20 20:06:57.610  2946  3780 I Delight5Decoder: Delight5DecoderWrapper.loadLanguageModel():551 loadLanguageModel() : 4, version [n/a]
04-20 20:06:57.610  2946  2946 I ShortcutsDataManager: AbstractContentDataManager$ImportContentTask.onPostExecute():233 onPostExecute() : Result = [2,0]
04-20 20:06:57.610  2946  2946 I ShortcutsDataManager: ShortcutsDataManager.onImportFinished():99 onImportFinished() : Result = 2 : Count = 0
04-20 20:06:57.611  2946  3780 I Delight5Decoder: Delight5DecoderWrapper.loadLanguageModel():589 Loaded dynamic LM 4.en
04-20 20:06:57.728 22073  2949 I chatty  : uid=10156 com.google.android.gms.persistent expire 15 lines
04-20 20:06:57.750  2290  2315 I chatty  : uid=1002(bluetooth) Binder:2290_4 expire 1 line
04-20 20:06:57.752  2290  2575 I chatty  : uid=1002(bluetooth) BluetoothScanMa expire 1 line
04-20 20:06:57.753  2290  2314 I chatty  : uid=1002(bluetooth) Binder:2290_3 expire 2 lines
04-20 20:06:57.760  2290  2603 I chatty  : uid=1002(bluetooth) btu message loo expire 2 lines
04-20 20:06:57.760  2290  2348 I chatty  : uid=1002(bluetooth) BT Service Call expire 1 line
04-20 20:06:57.760 22073 22327 I chatty  : uid=10156(com.google.android.gms) Binder:22073_7 expire 2 lines
04-20 20:06:57.761  2290  2315 I chatty  : uid=1002(bluetooth) Binder:2290_4 expire 2 lines
04-20 20:06:57.765  2290  2575 I chatty  : uid=1002(bluetooth) BluetoothScanMa expire 3 lines
04-20 20:06:57.770  3347  3347 D BluetoothA2dp: Binding service...
04-20 20:06:57.772  2290  2603 I chatty  : uid=1002(bluetooth) btu message loo expire 1 line
04-20 20:06:57.773  2290  2348 I chatty  : uid=1002(bluetooth) BT Service Call expire 4 lines
04-20 20:06:57.773  2290  2575 I chatty  : uid=1002(bluetooth) BluetoothScanMa expire 1 line
04-20 20:06:57.776  2290  2603 I chatty  : uid=1002(bluetooth) btu message loo expire 1 line
04-20 20:06:57.777  2290  2575 I chatty  : uid=1002(bluetooth) BluetoothScanMa expire 1 line
04-20 20:06:57.779 22073 29087 I chatty  : uid=10156 com.google.android.gms.persistent expire 7 lines
04-20 20:06:57.780 22073  3072 I chatty  : uid=10156 com.google.android.gms.persistent expire 27 lines
04-20 20:06:57.785  3347  3347 I BistoRealService: onStartCommand: 0 1 Intent { act=com.google.android.apps.gsa.broadcastreceiver.SETTINGS_CHANGED cmp=com.google.android.googlequicksearchbox/com.google.android.apps.gsa.staticplugins.bisto.BistoRealService (has extras) }
04-20 20:06:57.786  2290  2314 I chatty  : uid=1002(bluetooth) Binder:2290_3 expire 1 line
04-20 20:06:57.790  2290  2348 I chatty  : uid=1002(bluetooth) BT Service Call expire 4 lines
04-20 20:06:57.791  2290  2603 I chatty  : uid=1002(bluetooth) btu message loo expire 1 line
04-20 20:06:57.793  2290  2575 I chatty  : uid=1002(bluetooth) BluetoothScanMa expire 1 line
04-20 20:06:57.794  2290  2315 I chatty  : uid=1002(bluetooth) Binder:2290_4 expire 1 line
04-20 20:06:57.794  3347  3347 I BistoRealService: Intent handled internally
04-20 20:06:57.794  3347  3347 D BluetoothA2dp: Proxy object connected
04-20 20:06:57.795  2290  2348 I chatty  : uid=1002(bluetooth) BT Service Call expire 6 lines
04-20 20:06:57.795  2290  2603 I chatty  : uid=1002(bluetooth) btu message loo expire 2 lines
04-20 20:06:57.796  2290  2575 I chatty  : uid=1002(bluetooth) BluetoothScanMa expire 1 line
04-20 20:06:57.798  2290  2314 I chatty  : uid=1002(bluetooth) Binder:2290_3 expire 1 line
04-20 20:06:57.799  2290  2603 I chatty  : uid=1002(bluetooth) btu message loo expire 2 lines
04-20 20:06:57.799  2290  2348 I chatty  : uid=1002(bluetooth) BT Service Call expire 5 lines
04-20 20:06:57.800  2290  2575 I chatty  : uid=1002(bluetooth) BluetoothScanMa expire 1 line
04-20 20:06:57.800  2290  2314 I chatty  : uid=1002(bluetooth) Binder:2290_3 expire 1 line
04-20 20:06:57.803  2290  2348 I chatty  : uid=1002(bluetooth) BT Service Call expire 2 lines
04-20 20:06:57.804  2290  2575 I chatty  : uid=1002(bluetooth) BluetoothScanMa expire 1 line
04-20 20:06:57.807  2290  2348 I chatty  : uid=1002(bluetooth) BT Service Call expire 2 lines
04-20 20:06:57.808  2290  2575 I chatty  : uid=1002(bluetooth) BluetoothScanMa expire 4 lines
04-20 20:06:57.808  2290  2348 I chatty  : uid=1002(bluetooth) BT Service Call expire 2 lines
04-20 20:06:57.808  2290  2315 I chatty  : uid=1002(bluetooth) Binder:2290_4 expire 1 line
04-20 20:06:57.811  2290  2348 I chatty  : uid=1002(bluetooth) BT Service Call expire 9 lines
04-20 20:06:57.827  2290  2575 I chatty  : uid=1002(bluetooth) BluetoothScanMa expire 6 lines
04-20 20:06:57.827  2290  2348 I chatty  : uid=1002(bluetooth) BT Service Call expire 1 line
04-20 20:06:57.830  2290  2603 I chatty  : uid=1002(bluetooth) btu message loo expire 8 lines
04-20 20:06:58.298  2290  2649 I chatty  : uid=1002(bluetooth) btif_sock_poll expire 1 line
04-20 20:06:59.458   827  5608 E WifiHAL : Received LOG message with insufficent length: 24
04-20 20:06:59.458   827  5608 E WifiHAL : Received fatal event, sending alert
04-20 20:06:59.459  1743  1783 W WifiVendorHal: onDebugErrorAlert 4104
04-20 20:07:00.027  2308  2308 W View    : requestLayout() improperly called by com.android.systemui.statusbar.HeadsUpStatusBarView{53e8307 I.E...... ......ID 0,0-248,56 #7f0a01f7 app:id/heads_up_status_bar_view} during layout: running second layout pass
04-20 20:07:01.104  2290  2348 I chatty  : uid=1002(bluetooth) BT Service Call expire 1 line
04-20 20:07:01.113  2290  2290 I chatty  : uid=1002(bluetooth) com.android.bluetooth expire 2 lines
04-20 20:07:01.150 26114 26164 I BistoWorker: bluetoothConnectionStateChanged. Action: android.bluetooth.device.action.ACL_DISCONNECTED
04-20 20:07:01.150  7384  7384 D MCLOG   : [MC_Service] onStartcommand()
04-20 20:07:01.155 26114 26164 I DeviceDetector: Not bonded or not refresh cache.
04-20 20:07:01.155 26114 26164 I BistoWorker: Not a bisto device: CC:0D:F2:9B:B3:3E
04-20 20:07:01.762  3347  3347 I BistoRealService: onStartCommand: 0 2 Intent { act=com.google.android.apps.gsa.broadcastreceiver.SETTINGS_CHANGED cmp=com.google.android.googlequicksearchbox/com.google.android.apps.gsa.staticplugins.bisto.BistoRealService (has extras) }
04-20 20:07:01.764  3347  3347 I BistoRealService: Intent handled internally
04-20 20:07:02.163  2290  2603 I chatty  : uid=1002(bluetooth) btu message loo expire 5 lines
04-20 20:07:02.164  2290  2649 I chatty  : uid=1002(bluetooth) btif_sock_poll expire 1 line
04-20 20:07:03.658 27546 27558 W d.process.acor: Reducing the number of considered missed Gc histogram windows from 216 to 100
04-20 20:07:04.652 22073  3013 I chatty  : uid=10156 com.google.android.gms.persistent expire 3 lines
04-20 20:07:05.863   935   935 W te-mgr-chg_ther: type=1400 audit(0.0:884): avc: denied { kill } for uid=0 capability=5 scontext=u:r:thermal-engine:s0 tcontext=u:r:thermal-engine:s0 tclass=capability permissive=0
04-20 20:07:06.008 22073  3018 I chatty  : uid=10156 com.google.android.gms.persistent expire 2 lines
04-20 20:07:07.156  2946  2946 I KeyboardWrapper: KeyboardWrapper.consumeEvent():264 Skip consuming an event as current keyboard is deactivated (state=0, keyboard existence=true)
04-20 20:07:07.157  2946  2946 I VoiceInputManagerWrapper: VoiceInputManagerWrapper.shutdown():76 shutdown()
04-20 20:07:07.158  2946  2946 I AndroidIME: AbstractIme.onDeactivate():145 LatinIme.onDeactivate()
04-20 20:07:07.211  2946  2946 I KeyboardViewUtil: KeyboardViewUtil.getKeyboardHeightRatio():127 systemKeyboardHeightRatio:1.000000; userKeyboardHeightRatio:1.000000.
04-20 20:07:07.212  2946  2946 I AndroidIME: AbstractIme.onActivate():83 LatinIme.onActivate() : EditorInfo = Package = com.google.location.nearby.apps.connectedcrossroad : Type = Text : Learning = Enable : Suggestion = Show : AutoCorrection = Enable : Microphone = Show : NoPersonalizedLearning = Disable, IncognitoMode = false
04-20 20:07:07.212  2946  2946 I Delight5Facilitator: Delight5Facilitator.initializeForIme():574 initializeForIme() : Locale = [en_US], layout = qwerty
04-20 20:07:07.212  2946  2946 I VoiceInputManagerWrapper: VoiceInputManagerWrapper.cancelShutdown():54 cancelShutdown()
04-20 20:07:07.213  2946  2946 I VoiceInputManagerWrapper: VoiceInputManagerWrapper.syncLanguagePacks():66 syncLanguagePacks()
04-20 20:07:07.213  2946 27033 I SpeechFactory: SpeechRecognitionFactory.maybeScheduleAutoPackDownloadForFallback():155 maybeScheduleAutoPackDownloadForFallback()
04-20 20:07:07.213  2946 27033 I FallbackOnDeviceRecognitionProvider: FallbackOnDeviceRecognitionProvider.maybeScheduleAutoPackDownload():200 maybeScheduleAutoPackDownload() for language tag en-US
04-20 20:07:07.217  2946  2946 I KeyboardWrapper: KeyboardWrapper.consumeEvent():264 Skip consuming an event as current keyboard is deactivated (state=0, keyboard existence=true)
04-20 20:07:07.219  2946  2946 E KeyboardViewController: KeyboardViewController.clearSubViewControllerInternal():373 Clears keyboard sub view controller for keyboardType: null, viewType: HEADER, viewId: 2131432509(softkey_holder_fixed_candidates),which has not been set.
04-20 20:07:07.219  2946  2946 E KeyboardViewController: jjy
04-20 20:07:07.219  2946  2946 E KeyboardViewController: 	at djm.b(PG:17)
04-20 20:07:07.219  2946  2946 E KeyboardViewController: 	at djm.a(PG:12)
04-20 20:07:07.219  2946  2946 E KeyboardViewController: 	at bna.c(PG:99)
04-20 20:07:07.219  2946  2946 E KeyboardViewController: 	at com.google.android.apps.inputmethod.latin.keyboard.LatinSymbolsKeyboard.b(PG:19)
04-20 20:07:07.219  2946  2946 E KeyboardViewController: 	at dkc.a(PG:38)
04-20 20:07:07.219  2946  2946 E KeyboardViewController: 	at dia.a(PG:44)
04-20 20:07:07.219  2946  2946 E KeyboardViewController: 	at dkc.a(PG:52)
04-20 20:07:07.219  2946  2946 E KeyboardViewController: 	at dfq.a(PG:29)
04-20 20:07:07.219  2946  2946 E KeyboardViewController: 	at dfq.C(PG:22)
04-20 20:07:07.219  2946  2946 E KeyboardViewController: 	at dfu.d(PG:11)
04-20 20:07:07.219  2946  2946 E KeyboardViewController: 	at dfu.b(PG:109)
04-20 20:07:07.219  2946  2946 E KeyboardViewController: 	at com.android.inputmethod.latin.LatinIME.b(PG:333)
04-20 20:07:07.219  2946  2946 E KeyboardViewController: 	at dew.onStartInputView(PG:755)
04-20 20:07:07.219  2946  2946 E KeyboardViewController: 	at android.inputmethodservice.InputMethodService.doStartInput(InputMethodService.java:2153)
04-20 20:07:07.219  2946  2946 E KeyboardViewController: 	at android.inputmethodservice.InputMethodService$InputMethodImpl.startInput(InputMethodService.java:566)
04-20 20:07:07.219  2946  2946 E KeyboardViewController: 	at android.inputmethodservice.InputMethodService$InputMethodImpl.dispatchStartInputWithToken(InputMethodService.java:595)
04-20 20:07:07.219  2946  2946 E KeyboardViewController: 	at android.inputmethodservice.IInputMethodWrapper.executeMessage(IInputMethodWrapper.java:194)
04-20 20:07:07.219  2946  2946 E KeyboardViewController: 	at com.android.internal.os.HandlerCaller$MyHandler.handleMessage(HandlerCaller.java:44)
04-20 20:07:07.219  2946  2946 E KeyboardViewController: 	at android.os.Handler.dispatchMessage(Handler.java:107)
04-20 20:07:07.219  2946  2946 E KeyboardViewController: 	at android.os.Looper.loop(Looper.java:241)
04-20 20:07:07.219  2946  2946 E KeyboardViewController: 	at android.app.ActivityThread.main(ActivityThread.java:7604)
04-20 20:07:07.219  2946  2946 E KeyboardViewController: 	at java.lang.reflect.Method.invoke(Native Method)
04-20 20:07:07.219  2946  2946 E KeyboardViewController: 	at com.android.internal.os.RuntimeInit$MethodAndArgsCaller.run(RuntimeInit.java:492)
04-20 20:07:07.219  2946  2946 E KeyboardViewController: 	at com.android.internal.os.ZygoteInit.main(ZygoteInit.java:941)
04-20 20:07:07.258  2946  2946 W KeyboardModeManager: KeyboardModeManager.setInputView():359 setInputView() : inputView = com.google.android.apps.inputmethod.libs.framework.core.InputView{1d9772e V.E...... ......ID 0,0-720,1380}
04-20 20:07:07.262  2946  2946 I ConversationToQueryExtension: ConversationToQueryExtension.isEnabledForHostApp():254 Conv2Query not enabled due to current app [com.google.location.nearby.apps.connectedcrossroad] not in whitelist
04-20 20:07:07.262  2946  2946 I ConversationToQueryExtension: ConversationToQueryExtension.onActivate():165 onActivate() : Disabled by unsupported host app
04-20 20:07:08.932 22073 27890 I chatty  : uid=10156 com.google.android.gms.persistent expire 1 line
04-20 20:07:08.935 22073  2854 I chatty  : uid=10156 com.google.android.gms.persistent expire 1 line
04-20 20:07:09.551   827  5608 E WifiHAL : Received LOG message with insufficent length: 24
04-20 20:07:09.551   827  5608 E WifiHAL : Received fatal event, sending alert
04-20 20:07:09.553  1743  2414 W WifiVendorHal: onDebugErrorAlert 4104
04-20 20:07:09.811  1743  1756 I system_server: Background concurrent copying GC freed 71095(5516KB) AllocSpace objects, 16(15MB) LOS objects, 42% free, 19MB/33MB, paused 138us total 165.071ms
04-20 20:07:10.104 22073  3072 I chatty  : uid=10156 com.google.android.gms.persistent expire 4 lines
04-20 20:07:10.173  3347  3347 I BistoRealService: onStartCommand: 0 3 Intent { act=com.google.android.apps.gsa.broadcastreceiver.SETTINGS_CHANGED cmp=com.google.android.googlequicksearchbox/com.google.android.apps.gsa.staticplugins.bisto.BistoRealService (has extras) }
04-20 20:07:10.174  3347  3347 I BistoRealService: Intent handled internally
04-20 20:07:10.357 22073  2930 I chatty  : uid=10156 com.google.android.gms.persistent expire 1 line
04-20 20:07:10.621  2290  2603 I chatty  : uid=1002(bluetooth) btu message loo expire 5 lines
04-20 20:07:11.565 22073  2862 I chatty  : uid=10156 com.google.android.gms.persistent expire 1 line
04-20 20:07:12.190  2290  2348 I chatty  : uid=1002(bluetooth) BT Service Call expire 4 lines
04-20 20:07:12.191 22073 22790 I chatty  : uid=10156(com.google.android.gms) Binder:22073_B expire 7 lines
04-20 20:07:12.201  2290  3152 I chatty  : uid=1002(bluetooth) com.android.bluetooth expire 2 lines
04-20 20:07:12.205  2290  2306 I chatty  : uid=1002(bluetooth) Binder:2290_1 expire 1 line
04-20 20:07:12.205  2290  2603 I chatty  : uid=1002(bluetooth) btu message loo expire 1 line
04-20 20:07:12.206  2290  2348 I chatty  : uid=1002(bluetooth) BT Service Call expire 2 lines
04-20 20:07:12.647  2290  2603 I chatty  : uid=1002(bluetooth) btu message loo expire 3 lines
04-20 20:07:12.649  2290  2649 I chatty  : uid=1002(bluetooth) btif_sock_poll expire 1 line
04-20 20:07:12.654 22073  3013 I chatty  : uid=10156 com.google.android.gms.persistent expire 3 lines
04-20 20:07:12.659 22073 29087 I chatty  : uid=10156 com.google.android.gms.persistent expire 8 lines
04-20 20:07:12.675  2290  2306 I chatty  : uid=1002(bluetooth) Binder:2290_1 expire 2 lines
04-20 20:07:12.680  2290  2575 I chatty  : uid=1002(bluetooth) BluetoothScanMa expire 1 line
04-20 20:07:12.681  2290  2315 I chatty  : uid=1002(bluetooth) Binder:2290_4 expire 1 line
04-20 20:07:12.692  2290  2603 I chatty  : uid=1002(bluetooth) btu message loo expire 2 lines
04-20 20:07:12.692  2290  2348 I chatty  : uid=1002(bluetooth) BT Service Call expire 1 line
04-20 20:07:12.693 22073 22790 I chatty  : uid=10156(com.google.android.gms) Binder:22073_B expire 1 line
04-20 20:07:12.694  2290  2306 I chatty  : uid=1002(bluetooth) Binder:2290_1 expire 1 line
04-20 20:07:12.699  2290  2575 I chatty  : uid=1002(bluetooth) BluetoothScanMa expire 3 lines
04-20 20:07:12.704  2290  2315 I chatty  : uid=1002(bluetooth) Binder:2290_4 expire 1 line
04-20 20:07:12.707  2290  2348 I chatty  : uid=1002(bluetooth) BT Service Call expire 4 lines
04-20 20:07:12.707  2290  2575 I chatty  : uid=1002(bluetooth) BluetoothScanMa expire 2 lines
04-20 20:07:12.707  2290  2603 I chatty  : uid=1002(bluetooth) btu message loo expire 3 lines
04-20 20:07:12.713  2290  2315 I chatty  : uid=1002(bluetooth) Binder:2290_4 expire 1 line
04-20 20:07:12.715  2290  2306 I chatty  : uid=1002(bluetooth) Binder:2290_1 expire 3 lines
04-20 20:07:12.716 22073 29087 I chatty  : uid=10156 com.google.android.gms.persistent expire 5 lines
04-20 20:07:12.720  2290  2603 I chatty  : uid=1002(bluetooth) btu message loo expire 1 line
04-20 20:07:12.720  2290  2348 I chatty  : uid=1002(bluetooth) BT Service Call expire 3 lines
04-20 20:07:12.721 22073 22790 I chatty  : uid=10156(com.google.android.gms) Binder:22073_B expire 3 lines
04-20 20:07:12.728  2290  2306 I chatty  : uid=1002(bluetooth) Binder:2290_1 expire 1 line
04-20 20:07:12.729  2290  2603 I chatty  : uid=1002(bluetooth) btu message loo expire 1 line
04-20 20:07:12.730  2290  2348 I chatty  : uid=1002(bluetooth) BT Service Call expire 2 lines
04-20 20:07:12.731  2290  2575 I chatty  : uid=1002(bluetooth) BluetoothScanMa expire 1 line
04-20 20:07:12.731  2290  2306 I chatty  : uid=1002(bluetooth) Binder:2290_1 expire 1 line
04-20 20:07:12.732  2290  2603 I chatty  : uid=1002(bluetooth) btu message loo expire 2 lines
04-20 20:07:12.733  2290  2348 I chatty  : uid=1002(bluetooth) BT Service Call expire 3 lines
04-20 20:07:12.734  2290  2306 I chatty  : uid=1002(bluetooth) Binder:2290_1 expire 1 line
04-20 20:07:12.735  2290  2603 I chatty  : uid=1002(bluetooth) btu message loo expire 2 lines
04-20 20:07:12.743  2290  2348 I chatty  : uid=1002(bluetooth) BT Service Call expire 4 lines
04-20 20:07:12.743  2290  2603 I chatty  : uid=1002(bluetooth) btu message loo expire 1 line
04-20 20:07:12.744  2290  2575 I chatty  : uid=1002(bluetooth) BluetoothScanMa expire 1 line
04-20 20:07:12.752  2290  2348 I chatty  : uid=1002(bluetooth) BT Service Call expire 3 lines
04-20 20:07:12.752  2290  2603 I chatty  : uid=1002(bluetooth) btu message loo expire 1 line
04-20 20:07:12.753  2290  2348 I chatty  : uid=1002(bluetooth) BT Service Call expire 4 lines
04-20 20:07:12.754  2290  2575 I chatty  : uid=1002(bluetooth) BluetoothScanMa expire 3 lines
04-20 20:07:12.758  2290  2348 I chatty  : uid=1002(bluetooth) BT Service Call expire 3 lines
04-20 20:07:12.758 22073 29087 I chatty  : uid=10156 com.google.android.gms.persistent expire 1 line
04-20 20:07:12.762  2290  2575 I chatty  : uid=1002(bluetooth) BluetoothScanMa expire 3 lines
04-20 20:07:12.762  2290  2348 I chatty  : uid=1002(bluetooth) BT Service Call expire 4 lines
04-20 20:07:12.767  2290  2306 I chatty  : uid=1002(bluetooth) Binder:2290_1 expire 1 line
04-20 20:07:12.773  2290  2348 I chatty  : uid=1002(bluetooth) BT Service Call expire 7 lines
04-20 20:07:12.781  2290  2575 I chatty  : uid=1002(bluetooth) BluetoothScanMa expire 6 lines
04-20 20:07:12.782  2290  2348 I chatty  : uid=1002(bluetooth) BT Service Call expire 1 line
04-20 20:07:12.787  2290  2603 I chatty  : uid=1002(bluetooth) btu message loo expire 10 lines
04-20 20:07:13.123  2290  2348 I chatty  : uid=1002(bluetooth) BT Service Call expire 2 lines
04-20 20:07:13.123  2290  2603 I chatty  : uid=1002(bluetooth) btu message loo expire 6 lines
04-20 20:07:13.124  2290  2348 I chatty  : uid=1002(bluetooth) BT Service Call expire 1 line
04-20 20:07:13.125 22073 22328 I chatty  : uid=10156(com.google.android.gms) Binder:22073_8 expire 5 lines
04-20 20:07:13.128  2290  2306 I chatty  : uid=1002(bluetooth) Binder:2290_1 expire 1 line
04-20 20:07:13.132  2290  2348 I chatty  : uid=1002(bluetooth) BT Service Call expire 4 lines
04-20 20:07:13.134  2290  2603 I chatty  : uid=1002(bluetooth) btu message loo expire 4 lines
04-20 20:07:13.137  2308  2388 W BluetoothEventManager: AclStateChangedHandler: activeDevice is null
04-20 20:07:13.139  2290  2306 I chatty  : uid=1002(bluetooth) Binder:2290_1 expire 1 line
04-20 20:07:13.158  7384  7384 D MCLOG   : [MC_Service] onStartcommand()
04-20 20:07:13.169 26114 26164 I BistoWorker: bluetoothConnectionStateChanged. Action: android.bluetooth.device.action.ACL_CONNECTED
04-20 20:07:13.171 26114 26164 I BistoWorker: Ignoring non-bonded action android.bluetooth.device.action.ACL_CONNECTED for device 7B:E6:71:D2:CE:03
04-20 20:07:13.178 22073 22073 I chatty  : uid=10156 com.google.android.gms.persistent expire 1 line
04-20 20:07:13.179 22073 29859 I chatty  : uid=10156 com.google.android.gms.persistent expire 1 line
04-20 20:07:13.317  2290  2603 I chatty  : uid=1002(bluetooth) btu message loo expire 2 lines
04-20 20:07:13.360  2290  2348 I chatty  : uid=1002(bluetooth) BT Service Call expire 3 lines
04-20 20:07:13.361 22073 22328 I chatty  : uid=10156(com.google.android.gms) Binder:22073_8 expire 9 lines
04-20 20:07:13.361 22073 22790 I chatty  : uid=10156(com.google.android.gms) Binder:22073_B expire 3 lines
04-20 20:07:13.429  2290  2603 I chatty  : uid=1002(bluetooth) btu message loo expire 21 lines
04-20 20:07:13.756  2290  2348 I chatty  : uid=1002(bluetooth) BT Service Call expire 4 lines
04-20 20:07:13.757 22073 22327 I chatty  : uid=10156(com.google.android.gms) Binder:22073_7 expire 3 lines
04-20 20:07:13.831  2290  2603 I chatty  : uid=1002(bluetooth) btu message loo expire 8 lines
04-20 20:07:13.921  2290  2348 I chatty  : uid=1002(bluetooth) BT Service Call expire 5 lines
04-20 20:07:13.979  2290  2603 I chatty  : uid=1002(bluetooth) btu message loo expire 17 lines
04-20 20:07:14.337  2290  2348 I chatty  : uid=1002(bluetooth) BT Service Call expire 1 line
04-20 20:07:14.397  2290  2603 I chatty  : uid=1002(bluetooth) btu message loo expire 6 lines
04-20 20:07:14.611  2290  2348 I chatty  : uid=1002(bluetooth) BT Service Call expire 3 lines
04-20 20:07:14.670  2290  2603 I chatty  : uid=1002(bluetooth) btu message loo expire 2 lines
04-20 20:07:14.675  2290  2306 I chatty  : uid=1002(bluetooth) Binder:2290_1 expire 1 line
04-20 20:07:14.676  2290  2603 I chatty  : uid=1002(bluetooth) btu message loo expire 1 line
04-20 20:07:14.678  2290  2348 I chatty  : uid=1002(bluetooth) BT Service Call expire 18 lines
04-20 20:07:14.687  2290  2306 I chatty  : uid=1002(bluetooth) Binder:2290_1 expire 1 line
04-20 20:07:14.689  2290  2348 I chatty  : uid=1002(bluetooth) BT Service Call expire 2 lines
04-20 20:07:14.741  2290  2603 I chatty  : uid=1002(bluetooth) btu message loo expire 4 lines
04-20 20:07:14.787  2290  2348 I chatty  : uid=1002(bluetooth) BT Service Call expire 4 lines
04-20 20:07:14.791 22073 29087 I chatty  : uid=10156 com.google.android.gms.persistent expire 59 lines
04-20 20:07:14.792  2290  2306 I chatty  : uid=1002(bluetooth) Binder:2290_1 expire 3 lines
04-20 20:07:14.796  2290  2575 I chatty  : uid=1002(bluetooth) BluetoothScanMa expire 4 lines
04-20 20:07:14.797  2290  2315 I chatty  : uid=1002(bluetooth) Binder:2290_4 expire 1 line
04-20 20:07:14.805  2290  2603 I chatty  : uid=1002(bluetooth) btu message loo expire 54 lines
04-20 20:07:14.817  2290  2306 I chatty  : uid=1002(bluetooth) Binder:2290_1 expire 5 lines
04-20 20:07:14.820  2290  2348 I chatty  : uid=1002(bluetooth) BT Service Call expire 51 lines
04-20 20:07:14.820  2290  2575 I chatty  : uid=1002(bluetooth) BluetoothScanMa expire 16 lines
04-20 20:07:15.013 22073 27890 I chatty  : uid=10156 com.google.android.gms.persistent expire 1 line
04-20 20:07:15.197 22073 22238 I chatty  : uid=10156(com.google.android.gms) NearbyDiscovery expire 1 line
04-20 20:07:15.543 22073  3072 I chatty  : uid=10156 com.google.android.gms.persistent expire 45 lines
04-20 20:07:15.568  2570  2570 D connectedcrossroad: onConnectionInitiated: Accepting connection
04-20 20:07:15.575 22073 29066 I chatty  : uid=10156 com.google.android.gms.persistent expire 91 lines
04-20 20:07:15.590  2570  2570 D connectedcrossroad: onEndpointFound: Connection request failure 8011: STATUS_ENDPOINT_UNKNOWN
04-20 20:07:15.594 22073  2854 I chatty  : uid=10156 com.google.android.gms.persistent expire 1 line
04-20 20:07:15.597 22073  3164 I chatty  : uid=10156 com.google.android.gms.persistent expire 15 lines
04-20 20:07:15.621 22073 29087 I chatty  : uid=10156 com.google.android.gms.persistent expire 95 lines
04-20 20:07:15.622 22073  2930 I chatty  : uid=10156 com.google.android.gms.persistent expire 2 lines
04-20 20:07:15.671 22073  3168 I chatty  : uid=10156 com.google.android.gms.persistent expire 23 lines
04-20 20:07:15.676  2570  2570 I connectedcrossroad: onConnectionResult: Connection successful
04-20 20:07:15.676  2570  2570 D connectedcrossroad: onConnectionResult: Neighbor added: uuax
04-20 20:07:15.752  1743 10153 I WifiService: enableTdls uid=10156 enable=true
04-20 20:07:15.756  1743 10461 I WifiService: enableTdlsWithMacAddress uid=1000 enable=true
04-20 20:07:15.757  5577  5577 I wpa_supplicant: TDLS: Failed to send message (action_code=10)
04-20 20:07:15.757  5577  5577 I wpa_supplicant: StaIface: TDLS discover failed: -1
04-20 20:07:15.813 22073 22091 I chatty  : uid=10156(com.google.android.gms) HeapTaskDaemon expire 1 line
04-20 20:07:15.832 22073 22093 I chatty  : uid=10156(com.google.android.gms) FinalizerDaemon expire 6 lines
04-20 20:07:15.867     0     0 W swapper/2: type=1400 audit(0.0:885): avc: denied { kill } for uid=0 capability=5 scontext=u:r:kernel:s0 tcontext=u:r:kernel:s0 tclass=capability permissive=0
04-20 20:07:16.882 22073  2933 I chatty  : uid=10156 com.google.android.gms.persistent expire 1 line
04-20 20:07:17.251 22073  2862 I chatty  : uid=10156 com.google.android.gms.persistent expire 1 line
04-20 20:07:17.742  5577  5577 I wpa_supplicant: TDLS: Failed to send message (action_code=14)
04-20 20:07:17.786  3347  3347 I BistoRealService: requestDestroy
04-20 20:07:17.790  3347  3347 I BistoRealService: onDestroy
04-20 20:07:17.794  3347  3347 I BistoWiredManager: close
04-20 20:07:17.796  3347  3347 D BluetoothA2dp: Unbinding service...
04-20 20:07:17.799  3347  3347 I BistoClassicManager: close
04-20 20:07:18.383 22073  3162 I chatty  : uid=10156 com.google.android.gms.persistent expire 3 lines
04-20 20:07:18.384  2290  2315 I chatty  : uid=1002(bluetooth) Binder:2290_4 expire 5 lines
04-20 20:07:18.388 22073  3013 I chatty  : uid=10156 com.google.android.gms.persistent expire 7 lines
04-20 20:07:18.391 22073 22328 I chatty  : uid=10156(com.google.android.gms) Binder:22073_8 expire 1 line
04-20 20:07:18.391  2290  3176 I chatty  : uid=1002(bluetooth) com.android.bluetooth expire 2 lines
04-20 20:07:19.354 22073 29067 I chatty  : uid=10156 com.google.android.gms.persistent expire 1 line
04-20 20:07:19.786   827  5608 E WifiHAL : Received fatal event, sending alert
04-20 20:07:19.787  1743  2414 W WifiVendorHal: onDebugErrorAlert 4104
04-20 20:07:20.557 22073 22790 I chatty  : uid=10156(com.google.android.gms) Binder:22073_B expire 9 lines
04-20 20:07:21.320  2290  2603 I chatty  : uid=1002(bluetooth) btu message loo expire 12 lines
04-20 20:07:21.377 22073  2862 I chatty  : uid=10156 com.google.android.gms.persistent expire 2 lines
04-20 20:07:21.559  2290  2348 I chatty  : uid=1002(bluetooth) BT Service Call expire 13 lines
04-20 20:07:21.568  2290  3182 I chatty  : uid=1002(bluetooth) com.android.bluetooth expire 2 lines
04-20 20:07:21.569  2290  2306 I chatty  : uid=1002(bluetooth) Binder:2290_1 expire 2 lines
04-20 20:07:21.573  2308  2388 W BluetoothEventManager: AclStateChangedHandler: activeDevice is null
04-20 20:07:21.574 22073 29066 I chatty  : uid=10156 com.google.android.gms.persistent expire 5 lines
04-20 20:07:21.591  7384  7384 D MCLOG   : [MC_Service] onStartcommand()
04-20 20:07:21.603 26114 26164 I BistoWorker: bluetoothConnectionStateChanged. Action: android.bluetooth.device.action.ACL_CONNECTED
04-20 20:07:21.604 26114 26164 I BistoWorker: Ignoring non-bonded action android.bluetooth.device.action.ACL_CONNECTED for device 50:27:D6:98:81:E3
04-20 20:07:21.611 22073 22073 I chatty  : uid=10156 com.google.android.gms.persistent expire 1 line
04-20 20:07:21.614 22073  3018 I chatty  : uid=10156 com.google.android.gms.persistent expire 1 line
04-20 20:07:21.838 22073  3168 I chatty  : uid=10156 com.google.android.gms.persistent expire 34 lines
04-20 20:07:21.848 22073 22328 I chatty  : uid=10156(com.google.android.gms) Binder:22073_8 expire 3 lines
04-20 20:07:21.849 22073  3072 I chatty  : uid=10156 com.google.android.gms.persistent expire 34 lines
04-20 20:07:21.849 22073  3164 I chatty  : uid=10156 com.google.android.gms.persistent expire 28 lines
04-20 20:07:22.386 22073 22327 I chatty  : uid=10156(com.google.android.gms) Binder:22073_7 expire 5 lines
04-20 20:07:23.634 22073 22238 I chatty  : uid=10156(com.google.android.gms) NearbyDiscovery expire 1 line
04-20 20:07:25.269 22073  2930 I chatty  : uid=10156 com.google.android.gms.persistent expire 3 lines
04-20 20:07:25.867 22073  3013 I chatty  : uid=10156 com.google.android.gms.persistent expire 3 lines
04-20 20:07:25.870     0     0 W swapper/2: type=1400 audit(0.0:886): avc: denied { kill } for uid=0 capability=5 scontext=u:r:kernel:s0 tcontext=u:r:kernel:s0 tclass=capability permissive=0
04-20 20:07:31.257   827  5608 E WifiHAL : Received LOG message with insufficent length: 24
04-20 20:07:31.257   827  5608 E WifiHAL : Received fatal event, sending alert
04-20 20:07:31.258  1743  2414 W WifiVendorHal: onDebugErrorAlert 4104
04-20 20:07:31.305  2290  2603 I chatty  : uid=1002(bluetooth) btu message loo expire 16 lines
04-20 20:07:31.306  2290  2348 I chatty  : uid=1002(bluetooth) BT Service Call expire 6 lines
04-20 20:07:31.309  2290  2737 I chatty  : uid=1002(bluetooth) Binder:2290_5 expire 2 lines
04-20 20:07:31.309  2290  3220 I chatty  : uid=1002(bluetooth) com.android.bluetooth expire 2 lines
04-20 20:07:32.172 22073  2862 I chatty  : uid=10156 com.google.android.gms.persistent expire 2 lines
04-20 20:07:35.870   248   248 W kgsl_worker_thr: type=1400 audit(0.0:887): avc: denied { kill } for uid=0 capability=5 scontext=u:r:kernel:s0 tcontext=u:r:kernel:s0 tclass=capability permissive=0
04-20 20:07:35.909 22073  3164 I chatty  : uid=10156 com.google.android.gms.persistent expire 2 lines
04-20 20:07:35.916 22073  3072 I chatty  : uid=10156 com.google.android.gms.persistent expire 4 lines
04-20 20:07:35.918 22073  3168 I chatty  : uid=10156 com.google.android.gms.persistent expire 6 lines
04-20 20:07:36.568  2290  2603 I chatty  : uid=1002(bluetooth) btu message loo expire 14 lines
04-20 20:07:36.570  2290  2348 I chatty  : uid=1002(bluetooth) BT Service Call expire 12 lines
04-20 20:07:36.572 22073 22328 I chatty  : uid=10156(com.google.android.gms) Binder:22073_8 expire 5 lines
04-20 20:07:36.573 22073 22327 I chatty  : uid=10156(com.google.android.gms) Binder:22073_7 expire 3 lines
04-20 20:07:36.576  2290  2737 I chatty  : uid=1002(bluetooth) Binder:2290_5 expire 1 line
04-20 20:07:36.576  2290  2314 I chatty  : uid=1002(bluetooth) Binder:2290_3 expire 1 line
04-20 20:07:36.594  2290  2290 I chatty  : uid=1002(bluetooth) com.android.bluetooth expire 2 lines
04-20 20:07:36.600  2308  2388 W BluetoothEventManager: AclStateChangedHandler: activeDevice is null
04-20 20:07:36.608  7384  7384 D MCLOG   : [MC_Service] onStartcommand()
04-20 20:07:36.638 26114 26164 I BistoWorker: bluetoothConnectionStateChanged. Action: android.bluetooth.device.action.ACL_DISCONNECTED
04-20 20:07:36.639 22073 22073 I chatty  : uid=10156 com.google.android.gms.persistent expire 1 line
04-20 20:07:36.642 26114 26164 I DeviceDetector: Not bonded or not refresh cache.
04-20 20:07:36.642 26114 26164 I BistoWorker: Not a bisto device: 50:27:D6:98:81:E3
04-20 20:07:37.922 22073  3072 I chatty  : uid=10156 com.google.android.gms.persistent expire 11 lines
04-20 20:07:37.930 22073  3168 I chatty  : uid=10156 com.google.android.gms.persistent expire 14 lines
04-20 20:07:37.931 22073  3164 I chatty  : uid=10156 com.google.android.gms.persistent expire 1 line
04-20 20:07:40.055 22073  2930 I chatty  : uid=10156 com.google.android.gms.persistent expire 1 line
04-20 20:07:40.670 22073  3013 I chatty  : uid=10156 com.google.android.gms.persistent expire 1 line
04-20 20:07:41.411 22073  2862 I chatty  : uid=10156 com.google.android.gms.persistent expire 1 line
04-20 20:07:41.599 22073 29066 I chatty  : uid=10156 com.google.android.gms.persistent expire 15 lines
04-20 20:07:41.620  2290  2314 I chatty  : uid=1002(bluetooth) Binder:2290_3 expire 1 line
04-20 20:07:41.624  2290  2575 I chatty  : uid=1002(bluetooth) BluetoothScanMa expire 1 line
04-20 20:07:41.625  2290  2315 I chatty  : uid=1002(bluetooth) Binder:2290_4 expire 2 lines
04-20 20:07:41.633  2290  2603 I chatty  : uid=1002(bluetooth) btu message loo expire 2 lines
04-20 20:07:41.634  2290  2348 I chatty  : uid=1002(bluetooth) BT Service Call expire 1 line
04-20 20:07:41.634 22073 22327 I chatty  : uid=10156(com.google.android.gms) Binder:22073_7 expire 1 line
04-20 20:07:41.635  2290  2315 I chatty  : uid=1002(bluetooth) Binder:2290_4 expire 1 line
04-20 20:07:41.640  2290  2575 I chatty  : uid=1002(bluetooth) BluetoothScanMa expire 3 lines
04-20 20:07:41.644  2290  2315 I chatty  : uid=1002(bluetooth) Binder:2290_4 expire 1 line
04-20 20:07:41.648  2290  2348 I chatty  : uid=1002(bluetooth) BT Service Call expire 4 lines
04-20 20:07:41.648  2290  2575 I chatty  : uid=1002(bluetooth) BluetoothScanMa expire 1 line
04-20 20:07:41.649  2290  2603 I chatty  : uid=1002(bluetooth) btu message loo expire 46 lines
04-20 20:07:41.650  2290  2575 I chatty  : uid=1002(bluetooth) BluetoothScanMa expire 9 lines
04-20 20:07:41.672  2290  2348 I chatty  : uid=1002(bluetooth) BT Service Call expire 42 lines
04-20 20:07:41.750 22073  3168 I chatty  : uid=10156 com.google.android.gms.persistent expire 4 lines
04-20 20:07:41.953 22073 29066 I chatty  : uid=10156 com.google.android.gms.persistent expire 3 lines
04-20 20:07:41.953 22073  3168 I chatty  : uid=10156 com.google.android.gms.persistent expire 1 line
04-20 20:07:41.954 22073  3072 I chatty  : uid=10156 com.google.android.gms.persistent expire 2 lines
04-20 20:07:41.961 22073 29066 I chatty  : uid=10156 com.google.android.gms.persistent expire 3 lines
04-20 20:07:41.971 22073  3168 I chatty  : uid=10156 com.google.android.gms.persistent expire 1 line
04-20 20:07:41.974 22073  3164 I chatty  : uid=10156 com.google.android.gms.persistent expire 3 lines
04-20 20:07:42.264 22073  3072 I chatty  : uid=10156 com.google.android.gms.persistent expire 3 lines
04-20 20:07:42.358   827  5608 E WifiHAL : Received LOG message with insufficent length: 24
04-20 20:07:42.358   827  5608 E WifiHAL : Received fatal event, sending alert
04-20 20:07:42.360  1743  2410 W WifiVendorHal: onDebugErrorAlert 4104
04-20 20:07:42.498  1743  2059 D BatteryService: uevent={POWER_SUPPLY_DP_DM=0, POWER_SUPPLY_VOLTAGE_NOW=4220897, POWER_SUPPLY_SW_JEITA_ENABLED=0, POWER_SUPPLY_CHARGE_CONTROL_LIMIT_MAX=8, POWER_SUPPLY_RECHARGE_SOC=99, POWER_SUPPLY_HEALTH=Good, POWER_SUPPLY_TECHNOLOGY=Li-ion, POWER_SUPPLY_FCC_STEPPER_ENABLE=0, SEQNUM=19677, POWER_SUPPLY_INPUT_CURRENT_LIMITED=0, POWER_SUPPLY_CHARGE_CONTROL_LIMIT=0, POWER_SUPPLY_BATTERY_CHARGING_ENABLED=1, POWER_SUPPLY_STATUS=Discharging, POWER_SUPPLY_CYCLE_COUNT=6, POWER_SUPPLY_CURRENT_MAX=2000000, POWER_SUPPLY_CHARGE_TERM_CURRENT=-101, POWER_SUPPLY_CAPACITY=91, DEVPATH=/devices/platform/soc/200f000.qcom,spmi/spmi-0/spmi0-02/200f000.qcom,spmi:qcom,pmi632@2:qcom,qpnp-smb5/power_supply/battery, POWER_SUPPLY_CHARGE_DONE=0, POWER_SUPPLY_CHARGE_TYPE=N/A, POWER_SUPPLY_CHARGE_RATE=None, POWER_SUPPLY_CURRENT_NOW=-261841, POWER_SUPPLY_SYSTEM_TEMP_LEVEL=0, POWER_SUPPLY_PRESENT=1, POWER_SUPPLY_PARALLEL_DISABLE=0, POWER_SUPPLY_CHARGE_FULL=3505000, SUBSYSTEM=power_supply, POWER_SUPPLY_SET_SHIP_MODE=0, POWER_SUPPLY_TEMP=251, ACTION=change, POWER_SUPPLY_RERUN_AICL=0, POWER_SUPPLY_AGE=97, POWER_SUPPLY_NAME=battery, POWER_SUPPLY_VOLTAGE_MAX=-22, POWER_SUPPLY_CONSTANT_CHARGE_CURRENT_MAX=2000000, POWER_SUPPLY_CHARGE_COUNTER=3154500, POWER_SUPPLY_STEP_CHARGING_ENABLED=0, POWER_SUPPLY_NUM_SYSTEM_TEMP_LEVELS=8, POWER_SUPPLY_DIE_HEALTH=Hot, POWER_SUPPLY_INPUT_SUSPEND=0}
04-20 20:07:42.507  2498  2498 D QtiCarrierConfigHelper: WARNING, no carrier configs on phone Id: 0
04-20 20:07:42.797 22073  3164 I chatty  : uid=10156 com.google.android.gms.persistent expire 1 line
04-20 20:07:43.247 22073  3072 I chatty  : uid=10156 com.google.android.gms.persistent expire 5 lines
04-20 20:07:43.965 22073  3168 I chatty  : uid=10156 com.google.android.gms.persistent expire 4 lines
04-20 20:07:43.970 22073  3072 I chatty  : uid=10156 com.google.android.gms.persistent expire 1 line
04-20 20:07:43.974 22073  3168 I chatty  : uid=10156 com.google.android.gms.persistent expire 4 lines
04-20 20:07:43.975 22073  3072 I chatty  : uid=10156 com.google.android.gms.persistent expire 1 line
04-20 20:07:45.467 22073  2930 I chatty  : uid=10156 com.google.android.gms.persistent expire 1 line
04-20 20:07:45.664  3347  3347 D BluetoothA2dp: Binding service...
04-20 20:07:45.681  3347  3347 I BistoRealService: onStartCommand: 0 1 Intent { act=com.google.android.apps.gsa.broadcastreceiver.SETTINGS_CHANGED cmp=com.google.android.googlequicksearchbox/com.google.android.apps.gsa.staticplugins.bisto.BistoRealService (has extras) }
04-20 20:07:45.686  3347  3347 I BistoRealService: Intent handled internally
04-20 20:07:45.687  3347  3347 D BluetoothA2dp: Proxy object connected
04-20 20:07:45.877     0     0 W swapper/0: type=1400 audit(0.0:888): avc: denied { kill } for uid=0 capability=5 scontext=u:r:kernel:s0 tcontext=u:r:kernel:s0 tclass=capability permissive=0
04-20 20:07:45.961 22073  3168 I chatty  : uid=10156 com.google.android.gms.persistent expire 3 lines
04-20 20:07:45.973 22073  3164 I chatty  : uid=10156 com.google.android.gms.persistent expire 2 lines
04-20 20:07:45.973 22073  3168 I chatty  : uid=10156 com.google.android.gms.persistent expire 2 lines
04-20 20:07:45.981 22073  3164 I chatty  : uid=10156 com.google.android.gms.persistent expire 4 lines
04-20 20:07:45.991 22073  3168 I chatty  : uid=10156 com.google.android.gms.persistent expire 1 line
04-20 20:07:46.229 22073  3013 I chatty  : uid=10156 com.google.android.gms.persistent expire 1 line
04-20 20:07:46.684 22073  2862 I chatty  : uid=10156 com.google.android.gms.persistent expire 1 line
04-20 20:07:46.894 22073  2933 I chatty  : uid=10156 com.google.android.gms.persistent expire 1 line
04-20 20:07:46.928 22073  3168 I chatty  : uid=10156 com.google.android.gms.persistent expire 2 lines
04-20 20:07:47.480 22073 22327 I chatty  : uid=10156(com.google.android.gms) Binder:22073_7 expire 1 line
04-20 20:07:47.480 22073 22328 I chatty  : uid=10156(com.google.android.gms) Binder:22073_8 expire 3 lines
04-20 20:07:47.482  2290  2315 I chatty  : uid=1002(bluetooth) Binder:2290_4 expire 2 lines
04-20 20:07:47.894  1743 11968 I WifiService: enableTdls uid=10156 enable=false
04-20 20:07:47.895 22073  2862 I chatty  : uid=10156 com.google.android.gms.persistent expire 7 lines
04-20 20:07:47.900  1743 10461 I WifiService: enableTdlsWithMacAddress uid=1000 enable=false
04-20 20:07:48.202 22073  3164 I chatty  : uid=10156 com.google.android.gms.persistent expire 1 line
04-20 20:07:48.211 22073  3168 I chatty  : uid=10156 com.google.android.gms.persistent expire 2 lines
04-20 20:07:48.212 22073 29066 I chatty  : uid=10156 com.google.android.gms.persistent expire 1 line
04-20 20:07:48.213  2570  2570 I connectedcrossroad: onDisconnected: disconnected from KUOR
04-20 20:07:48.213  2570  2570 V perf    : Disconnected from KUOR
04-20 20:07:48.219 22073  3168 I chatty  : uid=10156 com.google.android.gms.persistent expire 1 line
04-20 20:07:48.220 22073  3164 I chatty  : uid=10156 com.google.android.gms.persistent expire 1 line
04-20 20:07:48.223 22073  3168 I chatty  : uid=10156 com.google.android.gms.persistent expire 3 lines
04-20 20:07:49.359 22073 29067 I chatty  : uid=10156 com.google.android.gms.persistent expire 1 line
04-20 20:07:49.981 22073 29066 I NearbyConnections: Client 169253574 is sending payload -6285296231862964350 to endpoints [uuax]. [CONTEXT service_id=54 ]
04-20 20:07:49.992 22073 29066 I NearbyConnections: Client 169253574 is sending payload -5924189050675539934 to endpoints [Uze6]. [CONTEXT service_id=54 ]
04-20 20:07:49.992 22073  3168 I NearbyConnections: Sent BYTES data(691 bytes) via WIFI_LAN used 8 milliseconds, throughput is 0.08 MB/s (84.35 KB/s) [CONTEXT service_id=54 ]
04-20 20:07:49.994 22073  3168 I NearbyConnections: Sent BYTES data(691 bytes) SUCCEEDED, overall used 8 milliseconds, throughput is 0.08 MB/s (84.35 KB/s) [CONTEXT service_id=54 ]
04-20 20:07:49.995 22073  3164 I NearbyConnections: ClientProxy(169253574) reporting onPayloadTransferUpdate(uuax, -6285296231862964350, SUCCESS) [CONTEXT service_id=54 ]
04-20 20:07:49.997 22073  2930 I NearbyConnections: EndpointManager discarded incoming OfflineFrame of type KEEP_ALIVE because it doesn't have a processor registered. [CONTEXT service_id=54 ]
04-20 20:07:50.001 22073  3168 I NearbyConnections: Sent BYTES data(691 bytes) via WIFI_LAN used 6 milliseconds, throughput is 0.11 MB/s (112.47 KB/s) [CONTEXT service_id=54 ]
04-20 20:07:50.002 22073  3168 I NearbyConnections: Sent BYTES data(691 bytes) SUCCEEDED, overall used 7 milliseconds, throughput is 0.09 MB/s (96.40 KB/s) [CONTEXT service_id=54 ]
04-20 20:07:50.003 22073 29066 I NearbyConnections: ClientProxy(169253574) reporting onPayloadTransferUpdate(Uze6, -5924189050675539934, SUCCESS) [CONTEXT service_id=54 ]
04-20 20:07:50.450  1743 11968 I WifiService: enableTdls uid=10156 enable=false
