04-20 20:21:21.457  3275 30798 E MCINTLOG: [MC_BattStatsFactory] Adding uid 1068
04-20 20:21:21.458  3275 30798 E MCINTLOG: [MC_BattStatsFactory] Adding uid 1069
04-20 20:21:21.458  3275 30798 E MCINTLOG: [MC_BattStatsFactory] Adding uid 1072
04-20 20:21:21.458  3275 30798 E MCINTLOG: [MC_BattStatsFactory] Adding uid 2000
04-20 20:21:21.458  3275 30798 E MCINTLOG: [MC_BattStatsFactory] Adding uid 2903
04-20 20:21:21.458  3275 30798 E MCINTLOG: [MC_BattStatsFactory] Adding uid 2906
04-20 20:21:21.458  3275 30798 E MCINTLOG: [MC_BattStatsFactory] Adding uid 5101
04-20 20:21:21.458  3275 30798 E MCINTLOG: [MC_BattStatsFactory] Adding uid 9999
04-20 20:21:21.458  3275 30798 E MCINTLOG: [MC_BattStatsFactory] Adding uid 10051
04-20 20:21:21.458  3275 30798 E MCINTLOG: [MC_BattStatsFactory] Adding uid 10053
04-20 20:21:21.458  3275 30798 E MCINTLOG: [MC_BattStatsFactory] Adding uid 10055
04-20 20:21:21.458  3275 30798 E MCINTLOG: [MC_BattStatsFactory] Adding uid 10059
04-20 20:21:21.458  3275 30798 E MCINTLOG: [MC_BattStatsFactory] Adding uid 10065
04-20 20:21:21.458  3275 30798 E MCINTLOG: [MC_BattStatsFactory] Adding uid 10066
04-20 20:21:21.458  3275 30798 E MCINTLOG: [MC_BattStatsFactory] Adding uid 10069
04-20 20:21:21.458  3275 30798 E MCINTLOG: [MC_BattStatsFactory] Adding uid 10073
04-20 20:21:21.458  3275 30798 E MCINTLOG: [MC_BattStatsFactory] Adding uid 10074
04-20 20:21:21.458  3275 30798 E MCINTLOG: [MC_BattStatsFactory] Adding uid 10095
04-20 20:21:21.458  3275 30798 E MCINTLOG: [MC_BattStatsFactory] Adding uid 10106
04-20 20:21:21.458  3275 30798 E MCINTLOG: [MC_BattStatsFactory] Adding uid 10107
04-20 20:21:21.458  3275 30798 E MCINTLOG: [MC_BattStatsFactory] Adding uid 10109
04-20 20:21:21.458  3275 30798 E MCINTLOG: [MC_BattStatsFactory] Adding uid 10112
04-20 20:21:21.458  3275 30798 E MCINTLOG: [MC_BattStatsFactory] Adding uid 10115
04-20 20:21:21.458  3275 30798 E MCINTLOG: [MC_BattStatsFactory] Adding uid 10120
04-20 20:21:21.458  3275 30798 E MCINTLOG: [MC_BattStatsFactory] Adding uid 10123
04-20 20:21:21.458  3275 30798 E MCINTLOG: [MC_BattStatsFactory] Adding uid 10124
04-20 20:21:21.458  3275 30798 E MCINTLOG: [MC_BattStatsFactory] Adding uid 10130
04-20 20:21:21.458  3275 30798 E MCINTLOG: [MC_BattStatsFactory] Adding uid 10131
04-20 20:21:21.458  3275 30798 E MCINTLOG: [MC_BattStatsFactory] Adding uid 10133
04-20 20:21:21.459  3275 30798 E MCINTLOG: [MC_BattStatsFactory] Adding uid 10140
04-20 20:21:21.459  3275 30798 E MCINTLOG: [MC_BattStatsFactory] Adding uid 10143
04-20 20:21:21.459  3275 30798 E MCINTLOG: [MC_BattStatsFactory] Adding uid 10152
04-20 20:21:21.459  3275 30798 E MCINTLOG: [MC_BattStatsFactory] Adding uid 10154
04-20 20:21:21.459  3275 30798 E MCINTLOG: [MC_BattStatsFactory] Adding uid 10156
04-20 20:21:21.459  3275 30798 E MCINTLOG: [MC_BattStatsFactory] Adding uid 10158
04-20 20:21:21.459  3275 30798 E MCINTLOG: [MC_BattStatsFactory] Adding uid 10159
04-20 20:21:21.459  3275 30798 E MCINTLOG: [MC_BattStatsFactory] Adding uid 10165
04-20 20:21:21.459  3275 30798 E MCINTLOG: [MC_BattStatsFactory] Adding uid 10167
04-20 20:21:21.459  3275 30798 E MCINTLOG: [MC_BattStatsFactory] Adding uid 10168
04-20 20:21:21.459  3275 30798 E MCINTLOG: [MC_BattStatsFactory] Adding uid 10174
04-20 20:21:21.459  3275 30798 E MCINTLOG: [MC_BattStatsFactory] Adding uid 10177
04-20 20:21:21.459  3275 30798 E MCINTLOG: [MC_BattStatsFactory] Adding uid 10182
04-20 20:21:21.459  3275 30798 E MCINTLOG: [MC_BattStatsFactory] Adding uid 10183
04-20 20:21:21.459  3275 30798 E MCINTLOG: [MC_BattStatsFactory] Adding uid 10192
04-20 20:21:21.459  3275 30798 E MCINTLOG: [MC_BattStatsFactory] Adding uid 10193
04-20 20:21:21.459  3275 30798 E MCINTLOG: [MC_BattStatsFactory] Adding uid 10198
04-20 20:21:21.459  3275 30798 E MCINTLOG: [MC_BattStatsFactory] Adding uid 10200
04-20 20:21:21.459  3275 30798 E MCINTLOG: [MC_BattStatsFactory] Adding uid 10205
04-20 20:21:21.459  3275 30798 E MCINTLOG: [MC_BattStatsFactory] Adding uid 10208
04-20 20:21:21.459  3275 30798 E MCINTLOG: [MC_BattStatsFactory] Adding uid 10209
04-20 20:21:21.459  3275 30798 E MCINTLOG: [MC_BattStatsFactory] Adding uid 10211
04-20 20:21:21.459  3275 30798 E MCINTLOG: [MC_BattStatsFactory] Adding uid 10213
04-20 20:21:21.459  3275 30798 E MCINTLOG: [MC_BattStatsFactory] Adding uid 10214
04-20 20:21:21.459  3275 30798 E MCINTLOG: [MC_BattStatsFactory] Adding uid 10216
04-20 20:21:21.479  3275  3291 W System  : A resource failed to call close. 
04-20 20:21:23.841   806   880 D audio_hw_primary: disable_audio_route: usecase(1) reset and update mixer path: low-latency-playback speaker
04-20 20:21:23.859   806   880 D audio_hw_primary: disable_snd_device: snd_device(158: vi-feedback)
04-20 20:21:23.859   806   880 D audio_hw_primary: disable_audio_route: usecase(26) reset and update mixer path: spkr-vi-record
04-20 20:21:23.860   806   880 D audio_hw_primary: disable_snd_device: snd_device(2: speaker)
04-20 20:21:24.844     0     0 W swapper/0: type=1400 audit(0.0:643): avc: denied { kill } for uid=0 capability=5 scontext=u:r:kernel:s0 tcontext=u:r:kernel:s0 tclass=capability permissive=0
04-20 20:21:25.316  2291  3365 I chatty  : uid=1002(bluetooth) Binder:2291_6 expire 10 lines
04-20 20:21:25.319 17448 17735 I chatty  : uid=10158(com.google.android.gms) Binder:17448_7 expire 21 lines
04-20 20:21:25.687 22048 22048 D CmdCenter: - ---->: WidgetService onStartJob jobId = 101
04-20 20:21:25.688 22048 22048 D CmdCenter: - RowBuilder2: setUseWhiteRes useOrNot = true
04-20 20:21:25.694 22048 22048 D CmdCenter: - RowWidgetUpdater2: the Min widget of widget[2] is 213
04-20 20:21:25.696 22048 22048 D CmdCenter: - RowWidgetUpdater2: 2cellWidth = 180 column is 3
04-20 20:21:25.696 22048 22048 D CmdCenter: - RowBuilder2: useWhiteRes=true -is 18-9?=true cellX= 3 grid=5
04-20 20:21:25.722 22048 22048 D CmdCenter: - RowWeatherInitializer: Utils.getWeatherInfo return null.
04-20 20:21:25.728 22048 22048 D CmdCenter: - RowWidgetUpdater2: ->config = {1.0 ?mcc?mnc [en_US] ldltr sw411dp w411dp h812dp 280dpi nrml long port finger -keyb/v/h -nav/h winConfig={ mBounds=Rect(0, 0 - 720, 1520) mAppBounds=Rect(0, 56 - 720, 1478) mWindowingMode=fullscreen mDisplayWindowingMode=fullscreen mActivityType=undefined mAlwaysOnTop=undefined mRotation=ROTATION_0} s.49 ?spn ?gid}
04-20 20:21:25.730 22048 22048 D CmdCenter: - RowWidgetUpdater2: ->config debug_dimens = 54
04-20 20:21:25.942 22048 22048 D CmdCenter: - --->: WidgetService onDestroy
04-20 20:21:34.844     0     0 W swapper/1: type=1400 audit(0.0:644): avc: denied { kill } for uid=0 capability=5 scontext=u:r:kernel:s0 tcontext=u:r:kernel:s0 tclass=capability permissive=0
04-20 20:21:39.156 21351 30828 I chatty  : uid=10158(com.google.android.gms) expire 1 line
04-20 20:21:41.775  1741  4851 D WificondControl: Scan result ready event
04-20 20:21:44.847     0     0 W swapper/0: type=1400 audit(0.0:645): avc: denied { kill } for uid=0 capability=5 scontext=u:r:kernel:s0 tcontext=u:r:kernel:s0 tclass=capability permissive=0
04-20 20:21:46.055  1741  2042 D BatteryService: uevent={POWER_SUPPLY_DP_DM=0, POWER_SUPPLY_VOLTAGE_NOW=4219146, POWER_SUPPLY_SW_JEITA_ENABLED=0, POWER_SUPPLY_CHARGE_CONTROL_LIMIT_MAX=8, POWER_SUPPLY_RECHARGE_SOC=99, POWER_SUPPLY_HEALTH=Good, POWER_SUPPLY_TECHNOLOGY=Li-ion, POWER_SUPPLY_FCC_STEPPER_ENABLE=0, SEQNUM=20525, POWER_SUPPLY_INPUT_CURRENT_LIMITED=0, POWER_SUPPLY_CHARGE_CONTROL_LIMIT=0, POWER_SUPPLY_BATTERY_CHARGING_ENABLED=1, POWER_SUPPLY_STATUS=Discharging, POWER_SUPPLY_CYCLE_COUNT=4, POWER_SUPPLY_CURRENT_MAX=2000000, POWER_SUPPLY_CHARGE_TERM_CURRENT=-101, POWER_SUPPLY_CAPACITY=90, DEVPATH=/devices/platform/soc/200f000.qcom,spmi/spmi-0/spmi0-02/200f000.qcom,spmi:qcom,pmi632@2:qcom,qpnp-smb5/power_supply/battery, POWER_SUPPLY_CHARGE_DONE=0, POWER_SUPPLY_CHARGE_TYPE=N/A, POWER_SUPPLY_CHARGE_RATE=None, POWER_SUPPLY_CURRENT_NOW=-202484, POWER_SUPPLY_SYSTEM_TEMP_LEVEL=0, POWER_SUPPLY_PRESENT=1, POWER_SUPPLY_PARALLEL_DISABLE=0, POWER_SUPPLY_CHARGE_FULL=3615000, SUBSYSTEM=power_supply, POWER_SUPPLY_SET_SHIP_MODE=0, POWER_SUPPLY_TEMP=245, ACTION=change, POWER_SUPPLY_RERUN_AICL=0, POWER_SUPPLY_AGE=100, POWER_SUPPLY_NAME=battery, POWER_SUPPLY_VOLTAGE_MAX=-22, POWER_SUPPLY_CONSTANT_CHARGE_CURRENT_MAX=2000000, POWER_SUPPLY_CHARGE_COUNTER=3253500, POWER_SUPPLY_STEP_CHARGING_ENABLED=0, POWER_SUPPLY_NUM_SYSTEM_TEMP_LEVELS=8, POWER_SUPPLY_DIE_HEALTH=Hot, POWER_SUPPLY_INPUT_SUSPEND=0}
04-20 20:21:46.076  2492  2492 D QtiCarrierConfigHelper: WARNING, no carrier configs on phone Id: 0
04-20 20:21:54.850     0     0 W swapper/1: type=1400 audit(0.0:646): avc: denied { kill } for uid=0 capability=5 scontext=u:r:kernel:s0 tcontext=u:r:kernel:s0 tclass=capability permissive=0
04-20 20:21:59.800  1741  2809 I ActivityManager: Force stopping com.google.location.nearby.apps.connectedcrossroad appid=10216 user=0: from pid 30865
04-20 20:21:59.806  2492  2492 E PhoneInterfaceManager: [PhoneIntfMgr] getCarrierPackageNamesForIntent: No UICC
04-20 20:21:59.806  2492  2492 D CarrierSvcBindHelper: No carrier app for: 0
04-20 20:22:00.023  2309  2309 W View    : requestLayout() improperly called by com.android.systemui.statusbar.HeadsUpStatusBarView{7a4e36e I.E...... ......ID 0,0-248,56 #7f0a01f7 app:id/heads_up_status_bar_view} during layout: running second layout pass
04-20 20:22:06.492   721  2360 I netd    : trafficSwapActiveStatsMap() <16.56ms>
04-20 20:22:06.496   721  2360 I netd    : tetherGetStats() <1.86ms>
04-20 20:22:06.522   721  2360 I netd    : bandwidthSetGlobalAlert(2097152) <0.94ms>
04-20 20:22:14.854     0     0 W swapper/1: type=1400 audit(0.0:647): avc: denied { kill } for uid=0 capability=5 scontext=u:r:kernel:s0 tcontext=u:r:kernel:s0 tclass=capability permissive=0
04-20 20:22:15.976 30889 30889 I studio.deploy: DeltaInstall found API level:29
04-20 20:22:15.976 30889 30889 I studio.deploy: -t
04-20 20:22:15.976 30889 30889 I studio.deploy: --user
04-20 20:22:15.976 30889 30889 I studio.deploy: current
04-20 20:22:15.976 30889 30889 I studio.deploy: --full
04-20 20:22:15.977 30889 30889 I studio.deploy: --dont-kill
04-20 20:22:15.977 30889 30889 I studio.deploy: -r
04-20 20:22:16.159 30889 30889 I studio.deploy: DeltaInstall created session: '447196293'
04-20 20:22:16.159 30889 30889 I studio.deploy: package
04-20 20:22:16.159 30889 30889 I studio.deploy: install-write
04-20 20:22:16.159 30889 30889 I studio.deploy: -S
04-20 20:22:16.159 30889 30889 I studio.deploy: 4045179
04-20 20:22:16.159 30889 30889 I studio.deploy: 447196293
04-20 20:22:16.159 30889 30889 I studio.deploy: base.apk
04-20 20:22:16.284 30889 30889 I studio.deploy: Streaming succeeded for '/data/app/com.google.location.nearby.apps.connectedcrossroad-uwoFp69aceWNOcMWKrfCaw==/base.apk'
04-20 20:22:16.285 30889 30889 I studio.deploy: package
04-20 20:22:16.285 30889 30889 I studio.deploy: install-commit
04-20 20:22:16.285 30889 30889 I studio.deploy: 447196293
04-20 20:22:16.425   721  2360 I netd    : trafficSwapActiveStatsMap() <13.65ms>
04-20 20:22:16.437   721  2360 I netd    : tetherGetStats() <7.08ms>
04-20 20:22:16.480   721  2360 I netd    : bandwidthSetGlobalAlert(2097152) <0.43ms>
04-20 20:22:16.492 28836 28836 I Finsky  : [2] akck.b(3): Verification requested, id = 14
04-20 20:22:16.593 28836 28836 E Finsky  : [2] VerifyPerSourceInstallationConsentInstallTask.f(2): Package name null is not an installed package
04-20 20:22:16.613 28836 30918 I Finsky  : [1827] akeg.a(7): Single user settings service is not running, bind it now
04-20 20:22:16.626 28836 28836 I Finsky  : [2] akef.onServiceConnected(1): Single user settings service is connected
04-20 20:22:16.684 28836 30918 W Settings: Setting install_non_market_apps has moved from android.provider.Settings.Global to android.provider.Settings.Secure, returning read-only value.
04-20 20:22:16.789 28836 30918 D SystemConfig: Removed unavailable feature android.hardware.sensor.gyroscope
04-20 20:22:16.796 28836 30918 W SystemConfig: No directory /oem/etc/sysconfig, skipping
04-20 20:22:16.796 28836 30918 W SystemConfig: No directory /oem/etc/permissions, skipping
04-20 20:22:16.899 28836 30918 W SystemConfig: No directory /system/etc/motorola/bgintents, skipping
04-20 20:22:16.899 28836 30918 W SystemConfig: No directory /oem/etc/motorola/bgintents, skipping
04-20 20:22:16.902 28836 30918 W SystemConfig: No directory /product_services/etc/sysconfig, skipping
04-20 20:22:16.902 28836 30918 W SystemConfig: No directory /product_services/etc/permissions, skipping
04-20 20:22:16.903 28836 30918 W SystemConfig: No directory /system/etc/motorola/sysconfig, skipping
04-20 20:22:16.903 28836 30918 W SystemConfig: No directory /oem/etc/motorola/sysconfig, skipping
04-20 20:22:16.903 28836 30918 W SystemConfig: No directory /product/etc/motorola/sysconfig, skipping
04-20 20:22:17.195 28836 30918 I Finsky  : [1827] oln.c(3): Task 7 requested foreground
04-20 20:22:17.210 28836 30918 I Finsky  : [1827] oln.c(8): Not entering foreground
04-20 20:22:19.204  1741  2809 D WificondControl: Scan result ready event
04-20 20:22:19.208  1741  4851 W AppOps  : Noting op not finished: uid 10158 pkg com.google.android.gms code 79 time=1618964480437 duration=-1
04-20 20:22:19.212  1741  2809 W AppOps  : Noting op not finished: uid 10158 pkg com.google.android.gms code 79 time=1618964539208 duration=0
04-20 20:22:23.431 28836 28895 D Volley  : [1785] dcg.a: HTTP response for request=<[ ] https://safebrowsing.google.com/safebrowsing/clientreport/download 0xc9395b26 NORMAL 1> [lifetime=6201], [size=265], [rc=200], [retryCount=0]
04-20 20:22:23.440 28836 30925 I Finsky  : [1832] akkw.c(3): Verify: Verification package=com.google.location.nearby.apps.connectedcrossroad, id=14 response=0
04-20 20:22:23.531 28836 30918 I Finsky  : [1827] VerifyPerSourceInstallationConsentInstallTask.mE(2): PSIC verification started with installer uid: 2000 package name: null, originating uid: -1
04-20 20:22:23.536 28836 28836 I Finsky  : [2] VerifyInstallTask.g(3): Verifying id=14, result=1
04-20 20:22:23.561  1741  1787 I PackageManager: Update package com.google.location.nearby.apps.connectedcrossroad code path from /data/app/com.google.location.nearby.apps.connectedcrossroad-uwoFp69aceWNOcMWKrfCaw== to /data/app/com.google.location.nearby.apps.connectedcrossroad-pScUTXka5_XR6PSk4cCegg==; Retain data and using new
04-20 20:22:23.561  1741  1787 I PackageManager: Update package com.google.location.nearby.apps.connectedcrossroad resource path from /data/app/com.google.location.nearby.apps.connectedcrossroad-uwoFp69aceWNOcMWKrfCaw== to /data/app/com.google.location.nearby.apps.connectedcrossroad-pScUTXka5_XR6PSk4cCegg==; Retain data and using new
04-20 20:22:23.642  1741  1787 I PackageManager: Un-granting permission android.permission.MANAGE_DOCUMENTS from package com.google.android.youtube (protectionLevel=262146 flags=0x30dbbe45)
04-20 20:22:23.643  1741  1787 I PackageManager: Un-granting permission com.google.android.googleapps.permission.GOOGLE_AUTH from package com.android.providers.calendar (protectionLevel=2 flags=0x30883e45)
04-20 20:22:23.643  1741  1787 I PackageManager: Un-granting permission com.google.android.googleapps.permission.GOOGLE_AUTH.cl from package com.android.providers.calendar (protectionLevel=2 flags=0x30883e45)
04-20 20:22:23.644  1741  1787 I PackageManager: Un-granting permission com.google.android.gm.permission.READ_GMAIL from package com.google.android.apps.docs.editors.docs (protectionLevel=2 flags=0x38dbbe44)
04-20 20:22:23.644  1741  1787 I PackageManager: Un-granting permission com.google.android.googleapps.permission.GOOGLE_AUTH from package com.google.android.apps.docs.editors.docs (protectionLevel=2 flags=0x38dbbe44)
04-20 20:22:23.644  1741  1787 I PackageManager: Un-granting permission com.google.android.googleapps.permission.GOOGLE_AUTH.OTHER_SERVICES from package com.google.android.apps.docs.editors.docs (protectionLevel=2 flags=0x38dbbe44)
04-20 20:22:23.644  1741  1787 I PackageManager: Un-granting permission com.google.android.googleapps.permission.GOOGLE_AUTH.ALL_SERVICES from package com.google.android.apps.docs.editors.docs (protectionLevel=2 flags=0x38dbbe44)
04-20 20:22:23.644  1741  1787 I PackageManager: Un-granting permission com.google.android.googleapps.permission.GOOGLE_AUTH.writely from package com.google.android.apps.docs.editors.docs (protectionLevel=2 flags=0x38dbbe44)
04-20 20:22:23.644  1741  1787 I PackageManager: Un-granting permission com.google.android.googleapps.permission.GOOGLE_AUTH.wise from package com.google.android.apps.docs.editors.docs (protectionLevel=2 flags=0x38dbbe44)
04-20 20:22:23.644  1741  1787 I PackageManager: Un-granting permission android.permission.REQUEST_INSTALL_PACKAGES from package com.motorola.brapps (protectionLevel=66 flags=0x38483e45)
04-20 20:22:23.645  1741  1787 I PackageManager: Un-granting permission com.google.android.gm.permission.READ_GMAIL from package com.google.android.apps.docs.editors.sheets (protectionLevel=2 flags=0x38dbbe44)
04-20 20:22:23.645  1741  1787 I PackageManager: Un-granting permission com.google.android.googleapps.permission.GOOGLE_AUTH from package com.google.android.apps.docs.editors.sheets (protectionLevel=2 flags=0x38dbbe44)
04-20 20:22:23.645  1741  1787 I PackageManager: Un-granting permission com.google.android.googleapps.permission.GOOGLE_AUTH.OTHER_SERVICES from package com.google.android.apps.docs.editors.sheets (protectionLevel=2 flags=0x38dbbe44)
04-20 20:22:23.645  1741  1787 I PackageManager: Un-granting permission com.google.android.googleapps.permission.GOOGLE_AUTH.ALL_SERVICES from package com.google.android.apps.docs.editors.sheets (protectionLevel=2 flags=0x38dbbe44)
04-20 20:22:23.645  1741  1787 I PackageManager: Un-granting permission com.google.android.googleapps.permission.GOOGLE_AUTH.writely from package com.google.android.apps.docs.editors.sheets (protectionLevel=2 flags=0x38dbbe44)
04-20 20:22:23.645  1741  1787 I PackageManager: Un-granting permission com.google.android.googleapps.permission.GOOGLE_AUTH.wise from package com.google.android.apps.docs.editors.sheets (protectionLevel=2 flags=0x38dbbe44)
04-20 20:22:23.645  1741  1787 I PackageManager: Un-granting permission com.google.android.gm.permission.READ_GMAIL from package com.google.android.apps.docs.editors.slides (protectionLevel=2 flags=0x38dbbe44)
04-20 20:22:23.645  1741  1787 I PackageManager: Un-granting permission com.google.android.googleapps.permission.GOOGLE_AUTH from package com.google.android.apps.docs.editors.slides (protectionLevel=2 flags=0x38dbbe44)
04-20 20:22:23.645  1741  1787 I PackageManager: Un-granting permission com.google.android.googleapps.permission.GOOGLE_AUTH.OTHER_SERVICES from package com.google.android.apps.docs.editors.slides (protectionLevel=2 flags=0x38dbbe44)
04-20 20:22:23.645  1741  1787 I PackageManager: Un-granting permission com.google.android.googleapps.permission.GOOGLE_AUTH.ALL_SERVICES from package com.google.android.apps.docs.editors.slides (protectionLevel=2 flags=0x38dbbe44)
04-20 20:22:23.645  1741  1787 I PackageManager: Un-granting permission com.google.android.googleapps.permission.GOOGLE_AUTH.writely from package com.google.android.apps.docs.editors.slides (protectionLevel=2 flags=0x38dbbe44)
04-20 20:22:23.645  1741  1787 I PackageManager: Un-granting permission com.google.android.googleapps.permission.GOOGLE_AUTH.wise from package com.google.android.apps.docs.editors.slides (protectionLevel=2 flags=0x38dbbe44)
04-20 20:22:23.646  1741  1787 I PackageManager: Un-granting permission com.google.android.setupwizard.READ_DEVICE_ORIGIN from package com.google.android.apps.messaging (protectionLevel=18 flags=0x38cbbe45)
04-20 20:22:23.648  1741  1787 I PackageManager: Un-granting permission android.permission.SEND_DOWNLOAD_COMPLETED_INTENTS from package com.android.vending (protectionLevel=2 flags=0x38cabec5)
04-20 20:22:23.650  1741  1787 I PackageManager: Un-granting permission android.permission.BIND_CARRIER_SERVICES from package com.republicwireless.tel (protectionLevel=18 flags=0x30483e45)
04-20 20:22:23.651  1741  1787 I PackageManager: Un-granting permission android.permission.REQUEST_INSTALL_PACKAGES from package com.google.android.gm (protectionLevel=66 flags=0x38cbbe45)
04-20 20:22:23.652  1741  1787 I PackageManager: Un-granting permission android.permission.MANAGE_ROLE_HOLDERS from package com.google.android.apps.wellbeing (protectionLevel=258 flags=0x20cbbe45)
04-20 20:22:23.653  1741  1787 I PackageManager: Un-granting permission android.permission.REQUEST_INSTALL_PACKAGES from package com.google.android.apps.nbu.files (protectionLevel=66 flags=0x30c83e45)
04-20 20:22:23.653  1741  1787 I PackageManager: Un-granting permission android.permission.REQUEST_INSTALL_PACKAGES from package com.google.android.apps.docs (protectionLevel=66 flags=0x38cbbe45)
04-20 20:22:23.654  1741  1787 I PackageManager: Un-granting permission android.permission.INTERACT_ACROSS_USERS from package com.google.android.syncadapters.contacts (protectionLevel=50 flags=0x20883e45)
04-20 20:22:23.654  1741  1787 I PackageManager: Un-granting permission android.permission.REQUEST_INSTALL_PACKAGES from package com.android.chrome (protectionLevel=66 flags=0xa0cbbe45)
04-20 20:22:23.655  1741  1787 I PackageManager: Un-granting permission android.permission.CAPTURE_VIDEO_OUTPUT from package com.google.android.gms (protectionLevel=2 flags=0xa0cabec5)
04-20 20:22:23.655  1741  1787 I PackageManager: Un-granting permission android.permission.MANAGE_DEVICE_ADMINS from package com.google.android.gms (protectionLevel=2 flags=0xa0cabec5)
04-20 20:22:23.656  1741  1787 I PackageManager: Un-granting permission android.permission.MANAGE_ACTIVITY_STACKS from package com.google.android.gms (protectionLevel=2 flags=0xa0cabec5)
04-20 20:22:23.656  1741  1787 I PackageManager: Un-granting permission android.permission.CAPTURE_SECURE_VIDEO_OUTPUT from package com.google.android.gms (protectionLevel=2 flags=0xa0cabec5)
04-20 20:22:23.656  1741  1787 I PackageManager: Un-granting permission android.permission.MANAGE_ROLLBACKS from package com.google.android.gms (protectionLevel=514 flags=0xa0cabec5)
04-20 20:22:23.658  1741  1787 I PackageManager: Un-granting permission com.google.android.googleapps.permission.GOOGLE_AUTH from package com.google.android.videos (protectionLevel=2 flags=0x30dbbe45)
04-20 20:22:23.659  1741  1787 I PackageManager: Un-granting permission android.permission.WRITE_MEDIA_STORAGE from package com.google.android.apps.photos (protectionLevel=18 flags=0x38d9be45)
04-20 20:22:23.661  1741  1787 I PackageManager: Un-granting permission android.permission.CONNECTIVITY_INTERNAL from package com.google.android.wfcactivation (protectionLevel=18 flags=0x3888be45)
04-20 20:22:23.662  1741  1787 I PackageManager: Un-granting permission android.permission.READ_LOGS from package com.google.android.wfcactivation (protectionLevel=50 flags=0x3888be45)
04-20 20:22:23.662  1741  1787 I PackageManager: Un-granting permission android.permission.WRITE_APN_SETTINGS from package com.google.android.wfcactivation (protectionLevel=18 flags=0x3888be45)
04-20 20:22:23.662  1741  1787 I PackageManager: Un-granting permission android.permission.WRITE_SECURE_SETTINGS from package com.LogiaGroup.LogiaDeck (protectionLevel=50 flags=0x38483e45)
04-20 20:22:23.663  1741  1787 I PackageManager: Un-granting permission android.permission.READ_WALLPAPER_INTERNAL from package com.google.android.apps.wallpaper (protectionLevel=18 flags=0x20cbbe45)
04-20 20:22:23.752   721  2360 I netd    : trafficSetNetPermForUids(4, [10216]) <0.03ms>
04-20 20:22:23.781  3454  3454 I GsaVoiceInteractionSrv: O received Intent { act=android.intent.action.PACKAGE_REMOVED dat=package:com.google.location.nearby.apps.connectedcrossroad flg=0x4000010 (has extras) }
04-20 20:22:23.778  3275  3275 D MotoSystemServer: receive intent :Intent { act=android.intent.action.PACKAGE_REMOVED dat=package:com.google.location.nearby.apps.connectedcrossroad flg=0x4000010 (has extras) }
04-20 20:22:23.785  3275  3275 D MotoSystemServer:  packageName = com.google.location.nearby.apps.connectedcrossroad
04-20 20:22:23.791  1741  2054 W AccountManagerService: User 10216 does not exist. It might be removed already.
04-20 20:22:23.794  3275  3275 D MotoSystemServer: receive intent :Intent { act=android.intent.action.PACKAGE_ADDED dat=package:com.google.location.nearby.apps.connectedcrossroad flg=0x4000010 (has extras) }
04-20 20:22:23.794  3275  3275 D MotoSystemServer:  packageName = com.google.location.nearby.apps.connectedcrossroad
04-20 20:22:23.797  1741  2656 W LocationProviderProxy: com.qualcomm.location resolves service com.android.location.service.v3.NetworkLocationProvider, but has wrong signature, ignoring
04-20 20:22:23.798  1741  2656 W LocationProviderProxy: com.google.android.gms resolves service com.android.location.service.v3.NetworkLocationProvider, but has wrong signature, ignoring
04-20 20:22:23.799  1741  2656 W LocationProviderProxy: com.qualcomm.location resolves service com.android.location.service.v3.NetworkLocationProvider, but has wrong signature, ignoring
04-20 20:22:23.799  1741  2656 W LocationProviderProxy: Odd, no component found for service com.android.location.service.v3.NetworkLocationProvider
04-20 20:22:23.799  3275  3275 D MotoSystemServer: Finding service package:com.motorola.actions and service:com.motorola.actions.motoservice.MotoService
04-20 20:22:23.800  3275  3275 D MotoSystemServer: Finding service package:com.motorola.moto and service:com.motorola.mya.MayaManagerService
04-20 20:22:23.800 28836 28836 I Finsky  : [2] ycb.d(13): PackageMonitorReceiverImpl - Received: android.intent.action.PACKAGE_REMOVED, [EI7BYFojudkobVjKHwty2rDeKAujxJfCn09fgDnKdGM]
04-20 20:22:23.800  3275  3275 D MotoSystemServer: Finding service package:com.motorola.msimsettings and service:com.motorola.msimsettings.services.PersistentService
04-20 20:22:23.801 28836 28836 I Finsky  : [2] ydc.g(1): Invalidating cached PackageState for com.google.location.nearby.apps.connectedcrossroad
04-20 20:22:23.801  3275  3275 D MotoSystemServer: Component ComponentInfo{com.motorola.moto/com.motorola.mya.MayaManagerService} is Disabled
04-20 20:22:23.801  3275  3275 W MotoSystemServer: Moto service : com.motorola.msimsettings/com.motorola.msimsettings.services.PersistentService has been already binded
04-20 20:22:23.802  3275  3275 W MotoSystemServer: Moto service : com.motorola.actions/com.motorola.actions.motoservice.MotoService has been already binded
04-20 20:22:23.804  1741  1773 W BroadcastQueue: Background execution not allowed: receiving Intent { act=android.intent.action.PACKAGE_REMOVED dat=package:com.google.location.nearby.apps.connectedcrossroad flg=0x4000010 (has extras) } to com.android.vending/com.google.android.finsky.packagemanager.impl.PackageMonitorReceiverImpl$RegisteredReceiver
04-20 20:22:23.804  1741  1773 W BroadcastQueue: Background execution not allowed: receiving Intent { act=android.intent.action.PACKAGE_REMOVED dat=package:com.google.location.nearby.apps.connectedcrossroad flg=0x4000010 (has extras) } to com.android.vending/com.google.android.finsky.instantapps.appmanagement.InstantAppRemoveMonitor
04-20 20:22:23.820  1741  2123 I InputReader: Reconfiguring input devices.  changes=0x00000010
04-20 20:22:23.822  1741  2123 I InputReader: Reconfiguring input devices.  changes=0x00000010
04-20 20:22:23.822   722   722 D Zygote  : Forked child process 30928
04-20 20:22:23.845  3275  3275 D MotoSystemServer: receive intent :Intent { act=android.intent.action.PACKAGE_REPLACED dat=package:com.google.location.nearby.apps.connectedcrossroad flg=0x4000010 (has extras) }
04-20 20:22:23.845  3275  3275 D MotoSystemServer:  packageName = com.google.location.nearby.apps.connectedcrossroad
04-20 20:22:23.846  1741  1773 W BroadcastQueue: Background execution not allowed: receiving Intent { act=android.intent.action.PACKAGE_REMOVED dat=package:com.google.location.nearby.apps.connectedcrossroad flg=0x4000010 (has extras) } to com.google.android.gms/.games.chimera.GamesSystemBroadcastReceiverProxy
04-20 20:22:23.848  1741  1774 I ActivityManager: Start proc 30928:com.android.keychain/1000 for service {com.android.keychain/com.android.keychain.KeyChainService}
04-20 20:22:23.850 28836 30927 I Finsky  : [1833] otx.run(16): Wrote row to frosting DB: 347
04-20 20:22:23.850  1741  2123 I InputReader: Reconfiguring input devices.  changes=0x00000010
04-20 20:22:23.852 28836 28836 I Finsky  : [2] ouk.d(2): Frosting ID looked up on UI thread. Caller should move to a background thread.
04-20 20:22:23.852  3454  3454 I GsaVoiceInteractionSrv: O received Intent { act=android.intent.action.PACKAGE_ADDED dat=package:com.google.location.nearby.apps.connectedcrossroad flg=0x4000010 (has extras) }
04-20 20:22:23.853  3454  3454 I GsaVoiceInteractionSrv: O received Intent { act=android.intent.action.PACKAGE_REPLACED dat=package:com.google.location.nearby.apps.connectedcrossroad flg=0x4000010 (has extras) }
04-20 20:22:23.856 30928 30928 E ndroid.keychai: Not starting debugger since process cannot load the jdwp agent.
04-20 20:22:23.856  2492  2492 E VvmPkgInstalledRcvr: cannot create TelephonyManager from ComponentInfo{com.android.phone/com.android.services.telephony.TelephonyConnectionService}, ***, UserHandle{0}
04-20 20:22:23.864 28836 28836 I Finsky  : [2] qlq.s(2): Installer: package com.google.location.nearby.apps.connectedcrossroad was removed. replacing: true
04-20 20:22:23.865  1741  1773 W BroadcastQueue: Background execution not allowed: receiving Intent { act=android.intent.action.PACKAGE_REMOVED dat=package:com.google.location.nearby.apps.connectedcrossroad flg=0x4000010 (has extras) } to com.google.android.gms/.chimera.GmsIntentOperationService$PersistentTrustedReceiver
04-20 20:22:23.865  1741  1773 W BroadcastQueue: Background execution not allowed: receiving Intent { act=android.intent.action.PACKAGE_REMOVED dat=package:com.google.location.nearby.apps.connectedcrossroad flg=0x4000010 (has extras) } to com.google.android.googlequicksearchbox/com.google.android.apps.gsa.googlequicksearchbox.GelStubAppWatcher
04-20 20:22:23.866  1741  1773 W BroadcastQueue: Background execution not allowed: receiving Intent { act=android.intent.action.PACKAGE_REMOVED dat=package:com.google.location.nearby.apps.connectedcrossroad flg=0x4000010 (has extras) } to com.verizon.loginengine.unbranded/com.verizon.vzwavs.AVSSystemReceiver
04-20 20:22:23.866  1741  1773 W BroadcastQueue: Background execution not allowed: receiving Intent { act=android.intent.action.PACKAGE_REMOVED dat=package:com.google.location.nearby.apps.connectedcrossroad flg=0x4000010 (has extras) } to com.google.android.apps.magazines/com.google.android.libraries.social.peoplekit.thirdparty.viewcontrollers.ThirdPartyReceiver
04-20 20:22:23.873 28836 28836 I Finsky  : [2] qmo.L(12): Installer: Notifying status update. package=com.google.location.nearby.apps.connectedcrossroad, status=UNINSTALLED
04-20 20:22:23.877  1741  1773 W BroadcastQueue: Background execution not allowed: receiving Intent { act=android.intent.action.PACKAGE_ADDED dat=package:com.google.location.nearby.apps.connectedcrossroad flg=0x4000010 (has extras) } to com.google.android.packageinstaller/com.android.packageinstaller.PackageInstalledReceiver
04-20 20:22:23.881  7312  7312 D MCLOG   : [MC_Service] onStartcommand()
04-20 20:22:23.889  1741  1773 W BroadcastQueue: Background execution not allowed: receiving Intent { act=android.intent.action.PACKAGE_ADDED dat=package:com.google.location.nearby.apps.connectedcrossroad flg=0x4000010 (has extras) } to com.android.vending/com.google.android.finsky.packagemanager.impl.PackageMonitorReceiverImpl$RegisteredReceiver
04-20 20:22:23.889  1741  1773 W BroadcastQueue: Background execution not allowed: receiving Intent { act=android.intent.action.PACKAGE_ADDED dat=package:com.google.location.nearby.apps.connectedcrossroad flg=0x4000010 (has extras) } to com.facebook.appmanager/com.facebook.oxygen.common.packages.event.manifest.ManifestPackageEventReceiver
04-20 20:22:23.899  1741  1773 W BroadcastQueue: Background execution not allowed: receiving Intent { act=android.intent.action.PACKAGE_ADDED dat=package:com.google.location.nearby.apps.connectedcrossroad flg=0x4000010 (has extras) } to com.google.android.gms/.games.chimera.GamesSystemBroadcastReceiverProxy
04-20 20:22:23.899  1741  1773 W BroadcastQueue: Background execution not allowed: receiving Intent { act=android.intent.action.PACKAGE_ADDED dat=package:com.google.location.nearby.apps.connectedcrossroad flg=0x4000010 (has extras) } to com.google.android.gms/.gass.chimera.PackageChangeBroadcastReceiver
04-20 20:22:23.900  1741  1773 W BroadcastQueue: Background execution not allowed: receiving Intent { act=android.intent.action.PACKAGE_ADDED dat=package:com.google.location.nearby.apps.connectedcrossroad flg=0x4000010 (has extras) } to com.google.android.gms/.chimera.GmsIntentOperationService$PersistentTrustedReceiver
04-20 20:22:23.901  1741  1773 W BroadcastQueue: Background execution not allowed: receiving Intent { act=android.intent.action.PACKAGE_ADDED dat=package:com.google.location.nearby.apps.connectedcrossroad flg=0x4000010 (has extras) } to com.google.android.googlequicksearchbox/com.google.android.apps.gsa.googlequicksearchbox.GelStubAppWatcher
04-20 20:22:23.902  1741  1773 W BroadcastQueue: Background execution not allowed: receiving Intent { act=android.intent.action.PACKAGE_ADDED dat=package:com.google.location.nearby.apps.connectedcrossroad flg=0x4000010 (has extras) } to com.google.android.ims/.receivers.RcsAutoStartReceiver
04-20 20:22:23.904 28836 28836 I Finsky  : [2] ouk.d(2): Frosting ID looked up on UI thread. Caller should move to a background thread.
04-20 20:22:23.911 30928 30928 I ndroid.keychai: The ClassLoaderContext is a special shared library.
04-20 20:22:23.915 28836 30927 I Finsky  : [1833] otx.run(16): Wrote row to frosting DB: 348
04-20 20:22:23.917 28836 30949 I Finsky  : [1835] gvu.a(23): Cancelled 0 ongoing asset module downloads for package com.google.location.nearby.apps.connectedcrossroad due to a concurrent app update.
04-20 20:22:23.921  2492  2492 E PhoneInterfaceManager: [PhoneIntfMgr] getCarrierPackageNamesForIntent: No UICC
04-20 20:22:23.921  2492  2492 D CarrierSvcBindHelper: No carrier app for: 0
04-20 20:22:23.923  2492  2492 E PhoneInterfaceManager: [PhoneIntfMgr] getCarrierPackageNamesForIntent: No UICC
04-20 20:22:23.923  2492  2492 D CarrierSvcBindHelper: No carrier app for: 0
04-20 20:22:23.926 28836 28836 I Finsky  : [2] ycb.d(13): PackageMonitorReceiverImpl - Received: android.intent.action.PACKAGE_ADDED, [EI7BYFojudkobVjKHwty2rDeKAujxJfCn09fgDnKdGM]
04-20 20:22:23.927 28836 28836 I Finsky  : [2] ydc.g(1): Invalidating cached PackageState for com.google.location.nearby.apps.connectedcrossroad
04-20 20:22:23.933 28836 28836 I Finsky  : [2] ouk.d(2): Frosting ID looked up on UI thread. Caller should move to a background thread.
04-20 20:22:23.937   722   722 D Zygote  : Forked child process 30955
04-20 20:22:23.937  2492  2492 E VvmPkgInstalledRcvr: cannot create TelephonyManager from ComponentInfo{com.android.phone/com.android.services.telephony.TelephonyConnectionService}, ***, UserHandle{0}
04-20 20:22:23.938 28836 30927 I Finsky  : [1833] otx.run(16): Wrote row to frosting DB: 349
04-20 20:22:23.939  2492  2492 D ImsResolver: maybeAddedImsService, packageName: com.google.location.nearby.apps.connectedcrossroad
04-20 20:22:23.941  2492  2492 D CarrierConfigLoader: mHandler: 9 phoneId: 0
04-20 20:22:23.946 28836 28836 I Finsky  : [2] alxk.a(3): Do not start WearSupportService due to Wear service optimization
04-20 20:22:23.946  1741  1774 I ActivityManager: Start proc 30955:com.motorola.invisiblenet/u0a156 for broadcast {com.motorola.invisiblenet/com.motorola.invisiblenet.PackageAddedReceiver}
04-20 20:22:23.952 28836 30949 I Finsky  : [1835] gvr.a(15): Asset module broadcast after update successful for package com.google.location.nearby.apps.connectedcrossroad. 0 sessions broadcast.
04-20 20:22:23.954 17448 30958 I chatty  : uid=10158 com.google.android.gms.persistent expire 1 line
04-20 20:22:23.959 28836 28836 I Finsky  : [2] ouk.d(2): Frosting ID looked up on UI thread. Caller should move to a background thread.
04-20 20:22:23.961 30955 30955 E la.invisiblene: Not starting debugger since process cannot load the jdwp agent.
04-20 20:22:23.962 28836 30927 I Finsky  : [1833] otx.run(16): Wrote row to frosting DB: 350
04-20 20:22:23.984 28836 28836 I Finsky  : [2] ycb.d(13): PackageMonitorReceiverImpl - Received: android.intent.action.PACKAGE_ADDED, [EI7BYFojudkobVjKHwty2rDeKAujxJfCn09fgDnKdGM]
04-20 20:22:23.985 28836 28836 I Finsky  : [2] ydc.g(1): Invalidating cached PackageState for com.google.location.nearby.apps.connectedcrossroad
04-20 20:22:23.990 21351 30969 I chatty  : uid=10158(com.google.android.gms) expire 1 line
04-20 20:22:23.991 28836 28836 I Finsky  : [2] ouk.d(2): Frosting ID looked up on UI thread. Caller should move to a background thread.
04-20 20:22:23.999 28836 30927 I Finsky  : [1833] otx.run(16): Wrote row to frosting DB: 351
04-20 20:22:24.000 28836 28836 I Finsky  : [2] ycb.d(16): PackageMonitorReceiverImpl - Deduping intent android.intent.action.PACKAGE_ADDED
04-20 20:22:24.006 28836 28836 I Finsky  : [2] qmo.O(7): Installer: found apps to install. isMultiUserMode=false, apps=[]
04-20 20:22:24.007 30955 30955 I la.invisiblene: The ClassLoaderContext is a special shared library.
04-20 20:22:24.013  1741  1754 I system_server: Background concurrent copying GC freed 156685(7462KB) AllocSpace objects, 43(2716KB) LOS objects, 42% free, 20MB/36MB, paused 472us total 248.020ms
04-20 20:22:24.024 28836 28836 I Finsky  : [2] VerifyInstallTask.mC(6): Verification complete: id=14, package_name=com.google.location.nearby.apps.connectedcrossroad
04-20 20:22:24.027 28836 30988 I Finsky  : [1837] rab.C(2): IQ: Notifying installation update. package=com.google.location.nearby.apps.connectedcrossroad, status=UNINSTALLED
04-20 20:22:24.047  1741  3388 W BroadcastQueue: Background execution not allowed: receiving Intent { act=android.intent.action.PACKAGE_ADDED dat=package:com.google.location.nearby.apps.connectedcrossroad flg=0x4000010 (has extras) } to com.verizon.loginengine.unbranded/com.verizon.vzwavs.AVSSystemReceiver
04-20 20:22:24.054 17448 29508 I chatty  : uid=10158 com.google.android.gms.persistent expire 35 lines
04-20 20:22:24.057 28836 28836 I Finsky  : [2] ycb.d(13): PackageMonitorReceiverImpl - Received: android.intent.action.PACKAGE_ADDED, [EI7BYFojudkobVjKHwty2rDeKAujxJfCn09fgDnKdGM]
04-20 20:22:24.057 28836 28836 I Finsky  : [2] ydc.g(1): Invalidating cached PackageState for com.google.location.nearby.apps.connectedcrossroad
04-20 20:22:24.061  1741  1763 W Looper  : Slow delivery took 206ms android.fg h=android.os.Handler c=<recycled PooledLambda@3381483> m=0
04-20 20:22:24.063 28836 28836 I Finsky  : [2] ouk.d(2): Frosting ID looked up on UI thread. Caller should move to a background thread.
04-20 20:22:24.069 28836 28836 I Finsky  : [2] ycb.d(16): PackageMonitorReceiverImpl - Deduping intent android.intent.action.PACKAGE_ADDED
04-20 20:22:24.070 28836 30927 I Finsky  : [1833] otx.run(16): Wrote row to frosting DB: 352
04-20 20:22:24.072  1741  3613 W BroadcastQueue: Background execution not allowed: receiving Intent { act=android.intent.action.PACKAGE_REPLACED dat=package:com.google.location.nearby.apps.connectedcrossroad flg=0x4000010 (has extras) } to com.facebook.appmanager/com.facebook.oxygen.common.packages.event.manifest.ManifestPackageEventReceiver
04-20 20:22:24.073  1741  1773 W BroadcastQueue: Background execution not allowed: receiving Intent { act=android.intent.action.PACKAGE_REPLACED dat=package:com.google.location.nearby.apps.connectedcrossroad flg=0x4000010 (has extras) } to com.google.android.apps.photos/.account.full.FetchAccountPropertiesAppUpgradeBroadcastReceiver
04-20 20:22:24.073  1741  1773 W BroadcastQueue: Background execution not allowed: receiving Intent { act=android.intent.action.PACKAGE_REPLACED dat=package:com.google.location.nearby.apps.connectedcrossroad flg=0x4000010 (has extras) } to com.google.android.apps.photos/.account.full.SyncAccountsForLoginBroadcastReceiver
04-20 20:22:24.073  1741  1773 W BroadcastQueue: Background execution not allowed: receiving Intent { act=android.intent.action.PACKAGE_REPLACED dat=package:com.google.location.nearby.apps.connectedcrossroad flg=0x4000010 (has extras) } to com.google.android.apps.photos/.notificationchannels.AppUpdateBroadcastReceiver
04-20 20:22:24.073  1741  1773 W BroadcastQueue: Background execution not allowed: receiving Intent { act=android.intent.action.PACKAGE_REPLACED dat=package:com.google.location.nearby.apps.connectedcrossroad flg=0x4000010 (has extras) } to com.google.android.gms/.gass.chimera.PackageChangeBroadcastReceiver
04-20 20:22:24.074  1741  1773 W BroadcastQueue: Background execution not allowed: receiving Intent { act=android.intent.action.PACKAGE_REPLACED dat=package:com.google.location.nearby.apps.connectedcrossroad flg=0x4000010 (has extras) } to com.google.android.gms/.chimera.GmsIntentOperationService$PersistentTrustedReceiver
04-20 20:22:24.074  1741  1773 W BroadcastQueue: Background execution not allowed: receiving Intent { act=android.intent.action.PACKAGE_REPLACED dat=package:com.google.location.nearby.apps.connectedcrossroad flg=0x4000010 (has extras) } to com.google.android.googlequicksearchbox/com.google.android.apps.gsa.googlequicksearchbox.GelStubAppWatcher
04-20 20:22:24.074  1741  1773 W BroadcastQueue: Background execution not allowed: receiving Intent { act=android.intent.action.PACKAGE_REPLACED dat=package:com.google.location.nearby.apps.connectedcrossroad flg=0x4000010 (has extras) } to com.google.android.ims/.receivers.RcsAutoStartReceiver
04-20 20:22:24.074  1741  1773 W BroadcastQueue: Background execution not allowed: receiving Intent { act=android.intent.action.PACKAGE_REPLACED dat=package:com.google.location.nearby.apps.connectedcrossroad flg=0x4000010 (has extras) } to com.motorola.ccc.notification/.gcm.GCMAdminReceiver
04-20 20:22:24.075  1741  1773 W BroadcastQueue: Background execution not allowed: receiving Intent { act=android.intent.action.PACKAGE_REPLACED dat=package:com.google.location.nearby.apps.connectedcrossroad flg=0x4000010 (has extras) } to com.verizon.loginengine.unbranded/com.verizon.vzwavs.AVSSystemReceiver
04-20 20:22:24.082 17448 29608 I chatty  : uid=10158 com.google.android.gms.persistent expire 11 lines
04-20 20:22:24.087   721 30996 E ResolverController: No valid NAT64 prefix (100, <unspecified>/0)
04-20 20:22:24.088   721 31000 E ResolverController: No valid NAT64 prefix (100, <unspecified>/0)
04-20 20:22:24.103  1741  1741 W Looper  : Slow dispatch took 170ms main h=android.app.ActivityThread$H c=android.app.-$$Lambda$LoadedApk$ReceiverDispatcher$Args$_BumDX2UKsnxLVrE6UJsJZkotuA@b594cf m=0
04-20 20:22:24.103  1741  1741 W Looper  : Slow delivery took 314ms main h=android.app.ActivityThread$H c=android.app.-$$Lambda$LoadedApk$ReceiverDispatcher$Args$_BumDX2UKsnxLVrE6UJsJZkotuA@7c19e5c m=0
04-20 20:22:24.104  1741  1741 I TelecomService: DefaultDialerCache: Refreshing default dialer for user 0: now com.google.android.dialer: DDC.oR@Af0
04-20 20:22:24.105 28836 30988 I Finsky  : [1837] rab.t(33): IQ: No matching installs to run for jobs: []
04-20 20:22:24.114  1741  1741 V BackupManagerConstants: getFullBackupIntervalMilliseconds(...) returns 86400000
04-20 20:22:24.114  1741  1741 V BackupManagerConstants: getFullBackupRequiredNetworkType(...) returns 2
04-20 20:22:24.114  1741  1741 V BackupManagerConstants: getFullBackupRequireCharging(...) returns true
04-20 20:22:24.119  1741  1741 E LoadedApk: Unable to instantiate appComponentFactory
04-20 20:22:24.119  1741  1741 E LoadedApk: java.lang.ClassNotFoundException: Didn't find class "androidx.core.app.CoreComponentFactory" on path: DexPathList[[],nativeLibraryDirectories=[/system/app/YTMusic/lib/arm, /system/app/YTMusic/YTMusic.apk!/lib/armeabi-v7a, /system/lib, /product/lib, /system/lib, /product/lib]]
04-20 20:22:24.119  1741  1741 E LoadedApk: 	at dalvik.system.BaseDexClassLoader.findClass(BaseDexClassLoader.java:196)
04-20 20:22:24.119  1741  1741 E LoadedApk: 	at java.lang.ClassLoader.loadClass(ClassLoader.java:379)
04-20 20:22:24.119  1741  1741 E LoadedApk: 	at java.lang.ClassLoader.loadClass(ClassLoader.java:312)
04-20 20:22:24.119  1741  1741 E LoadedApk: 	at android.app.LoadedApk.createAppFactory(LoadedApk.java:256)
04-20 20:22:24.119  1741  1741 E LoadedApk: 	at android.app.LoadedApk.updateApplicationInfo(LoadedApk.java:370)
04-20 20:22:24.119  1741  1741 E LoadedApk: 	at android.app.ActivityThread.handleDispatchPackageBroadcast(ActivityThread.java:6186)
04-20 20:22:24.119  1741  1741 E LoadedApk: 	at android.app.ActivityThread$H.handleMessage(ActivityThread.java:2108)
04-20 20:22:24.119  1741  1741 E LoadedApk: 	at android.os.Handler.dispatchMessage(Handler.java:107)
04-20 20:22:24.119  1741  1741 E LoadedApk: 	at android.os.Looper.loop(Looper.java:241)
04-20 20:22:24.119  1741  1741 E LoadedApk: 	at com.android.server.SystemServer.run(SystemServer.java:585)
04-20 20:22:24.119  1741  1741 E LoadedApk: 	at com.android.server.SystemServer.main(SystemServer.java:381)
04-20 20:22:24.119  1741  1741 E LoadedApk: 	at java.lang.reflect.Method.invoke(Native Method)
04-20 20:22:24.119  1741  1741 E LoadedApk: 	at com.android.internal.os.RuntimeInit$MethodAndArgsCaller.run(RuntimeInit.java:492)
04-20 20:22:24.119  1741  1741 E LoadedApk: 	at com.android.internal.os.ZygoteInit.main(ZygoteInit.java:919)
04-20 20:22:24.121 21351 30997 I chatty  : uid=10158(com.google.android.gms) lowpool[6] expire 10 lines
04-20 20:22:24.143 17448 17448 I chatty  : uid=10158 com.google.android.gms.persistent expire 10 lines
04-20 20:22:24.202 28836 28836 I Finsky  : [2] qhf.a(52): previousAllInstallsDone is Optional.empty, allInstallationsDone is Optional[true]
04-20 20:22:24.202 28836 28836 I Finsky  : [2] qhf.a(78): Updating installations status false cross profiles
04-20 20:22:24.203 28836 28836 I Finsky  : [2] jqj.b(1): Binding for 11456648
04-20 20:22:24.208 28836 28836 I Finsky  : [2] ProfileStateService.onCreate(5): creating profileStateService
04-20 20:22:24.215 28836 28836 I Finsky  : [2] jpr.a(3): Registering listener 103380999 for user UserHandle{0}.
04-20 20:22:24.218 28836 28836 I Finsky  : [2] jpr.g(8): User UserHandle{0} finished enterprise setup, removing profile.
04-20 20:22:24.218 28836 28836 I Finsky  : [2] jpr.e(5): User UserHandle{0} is not in installation anymore, removing profile.
04-20 20:22:24.219 28836 28836 I Finsky  : [2] jpr.e(13): Notifying user UserHandle{0} that all installs are finished
04-20 20:22:24.219 28836 28836 I Finsky  : [2] jqj.d(1): unbinding for 11456648
04-20 20:22:24.223 28836 28909 I Finsky  : [1798] jpr.b(5): Removing listener for user UserHandle{0} and listener 103380999
04-20 20:22:24.234 28836 28836 I Finsky  : [2] abwt.b(5): SCH: Jobs in database: 1-1337 2-48879 3-21 12-1 26-1414141414 
04-20 20:22:24.240 28836 30948 I Finsky  : [1834] jmd.a(15): [ContentSync] finished, scheduled=true
04-20 20:22:24.243 28836 30948 I Finsky  : [1834] jmd.a(15): [ContentSync] finished, scheduled=true
04-20 20:22:24.246 28836 28836 I Finsky  : [2] abvf.d(37): SCH: ConstraintMapping: 1-1337, 12-1,  -> L: 14707ms, D: 79365988ms, C: false, I: false, N: 1
04-20 20:22:24.247 28836 28836 I Finsky  : [2] abvf.d(37): SCH: ConstraintMapping: 2-48879, 3-21,  -> L: 0ms, D: 82335596ms, C: true, I: true, N: 2
04-20 20:22:24.248 28836 28836 I Finsky  : [2] abvf.d(37): SCH: ConstraintMapping: 26-1414141414,  -> L: 40045544ms, D: 40945544ms, C: false, I: false, N: 0
04-20 20:22:24.259 28836 28836 I Finsky  : [2] abvf.f(7): SCH: Cancelling existing jobscheduler jobs: 9005 9004 9000 
04-20 20:22:24.260 28836 28836 I Finsky  : [2] abvf.e(23): SCH: Scheduling job Id: 9001, L: 14707, D: 79365988, C: false, I: false, N: 1
04-20 20:22:24.266   966  1808 E         : Couldn't opendir /data/app/vmdl447196293.tmp: No such file or directory
04-20 20:22:24.266   966  1808 E installd: Failed to delete /data/app/vmdl447196293.tmp: No such file or directory
04-20 20:22:24.266 28836 28836 I Finsky  : [2] abvf.e(23): SCH: Scheduling job Id: 9002, L: 0, D: 82335596, C: true, I: true, N: 2
04-20 20:22:24.268 28836 28836 I Finsky  : [2] abvf.e(23): SCH: Scheduling job Id: 9003, L: 40045544, D: 40945544, C: false, I: false, N: 0
04-20 20:22:24.270 28836 28836 I Finsky  : [2] abwt.b(5): SCH: Jobs in database: 1-1337 2-48879 3-21 12-1 26-1414141414 
04-20 20:22:24.279 28836 28836 I Finsky  : [2] abvf.d(37): SCH: ConstraintMapping: 1-1337, 12-1,  -> L: 14670ms, D: 79365952ms, C: false, I: false, N: 1
04-20 20:22:24.280 28836 28836 I Finsky  : [2] abvf.d(37): SCH: ConstraintMapping: 2-48879, 3-21,  -> L: 0ms, D: 82335560ms, C: true, I: true, N: 2
04-20 20:22:24.280 28836 28836 I Finsky  : [2] abvf.d(37): SCH: ConstraintMapping: 26-1414141414,  -> L: 40045507ms, D: 40945507ms, C: false, I: false, N: 0
04-20 20:22:24.292 28836 28836 I Finsky  : [2] abvf.f(7): SCH: Cancelling existing jobscheduler jobs: 9001 9002 9003 
04-20 20:22:24.292 28836 28836 I Finsky  : [2] abvf.e(23): SCH: Scheduling job Id: 9000, L: 14670, D: 79365952, C: false, I: false, N: 1
04-20 20:22:24.299 28836 28836 I Finsky  : [2] abvf.e(23): SCH: Scheduling job Id: 9004, L: 0, D: 82335560, C: true, I: true, N: 2
04-20 20:22:24.301 28836 28836 I Finsky  : [2] abvf.e(23): SCH: Scheduling job Id: 9005, L: 40045507, D: 40945507, C: false, I: false, N: 0
04-20 20:22:24.124  1741  1741 E LoadedApk: Unable to instantiate appComponentFactory
