04-20 20:07:50.453 22073  2930 I NearbyConnections: EndpointManager received a DISCONNECTION frame from endpoint Uze6 on channel ENCRYPTED_WIFI_LAN, disconnecting. [CONTEXT service_id=54 ]
04-20 20:07:50.454  1743 10461 I WifiService: enableTdlsWithMacAddress uid=1000 enable=false
04-20 20:07:50.460 22073  2930 I NearbyConnections: EndpointManager failed the next Read read/write for endpoint Uze6 over its ENCRYPTED_WIFI_LAN EndpointChannel. [CONTEXT service_id=54 ]
04-20 20:07:50.460 22073  2930 I NearbyConnections: java.io.IOException: Stream closed
04-20 20:07:50.460 22073  2930 I NearbyConnections: 	at java.io.BufferedInputStream.getBufIfOpen(BufferedInputStream.java:172)
04-20 20:07:50.460 22073  2930 I NearbyConnections: 	at java.io.BufferedInputStream.read(BufferedInputStream.java:338)
04-20 20:07:50.460 22073  2930 I NearbyConnections: 	at java.io.DataInputStream.readFully(DataInputStream.java:198)
04-20 20:07:50.460 22073  2930 I NearbyConnections: 	at java.io.DataInputStream.readInt(DataInputStream.java:389)
04-20 20:07:50.460 22073  2930 I NearbyConnections: 	at akti.h(:com.google.android.gms@211213033@21.12.13 (120300-367530751):1)
04-20 20:07:50.460 22073  2930 I NearbyConnections: 	at akti.g(:com.google.android.gms@211213033@21.12.13 (120300-367530751):2)
04-20 20:07:50.460 22073  2930 I NearbyConnections: 	at akvj.a(:com.google.android.gms@211213033@21.12.13 (120300-367530751):1)
04-20 20:07:50.460 22073  2930 I NearbyConnections: 	at akvg.run(:com.google.android.gms@211213033@21.12.13 (120300-367530751):4)
04-20 20:07:50.460 22073  2930 I NearbyConnections: 	at akoz.run(Unknown Source:3)
04-20 20:07:50.460 22073  2930 I NearbyConnections: 	at ull.c(:com.google.android.gms@211213033@21.12.13 (120300-367530751):6)
04-20 20:07:50.460 22073  2930 I NearbyConnections: 	at ull.run(:com.google.android.gms@211213033@21.12.13 (120300-367530751):7)
04-20 20:07:50.460 22073  2930 I NearbyConnections: 	at java.util.concurrent.ThreadPoolExecutor.runWorker(ThreadPoolExecutor.java:1167)
04-20 20:07:50.460 22073  2930 I NearbyConnections: 	at java.util.concurrent.ThreadPoolExecutor$Worker.run(ThreadPoolExecutor.java:641)
04-20 20:07:50.460 22073  2930 I NearbyConnections: 	at uri.run(:com.google.android.gms@211213033@21.12.13 (120300-367530751):0)
04-20 20:07:50.460 22073  2930 I NearbyConnections: 	at java.lang.Thread.run(Thread.java:919)
04-20 20:07:50.461 22073  2930 I NearbyConnections: EndpointManager quit overall Read loop for endpoint Uze6 because the currently registered ENCRYPTED_WIFI_LAN EndpointChannel is in a failed state. [CONTEXT service_id=54 ]
04-20 20:07:50.465 22073  2933 W Nearby  : Method finished running after 93596 millis. [CONTEXT service_id=49 ]
04-20 20:07:50.465 22073  2933 W Nearby  : akpc: akpc
04-20 20:07:50.465 22073  2933 W Nearby  : 	at chxc.z(:com.google.android.gms@211213033@21.12.13 (120300-367530751):1)
04-20 20:07:50.465 22073  2933 W Nearby  : 	at chxc.y(:com.google.android.gms@211213033@21.12.13 (120300-367530751):1)
04-20 20:07:50.465 22073  2933 W Nearby  : 	at chxc.k(:com.google.android.gms@211213033@21.12.13 (120300-367530751):0)
04-20 20:07:50.465 22073  2933 W Nearby  : 	at chxi.f(:com.google.android.gms@211213033@21.12.13 (120300-367530751):0)
04-20 20:07:50.465 22073  2933 W Nearby  : 	at ciad.Y(:com.google.android.gms@211213033@21.12.13 (120300-367530751):99)
04-20 20:07:50.465 22073  2933 W Nearby  : 	at ciad.m(:com.google.android.gms@211213033@21.12.13 (120300-367530751):146)
04-20 20:07:50.465 22073  2933 W Nearby  : 	at chyh.dX(:com.google.android.gms@211213033@21.12.13 (120300-367530751):4)
04-20 20:07:50.465 22073  2933 W Nearby  : 	at chvz.l(:com.google.android.gms@211213033@21.12.13 (120300-367530751):1)
04-20 20:07:50.465 22073  2933 W Nearby  : 	at akwv.f(:com.google.android.gms@211213033@21.12.13 (120300-367530751):2)
04-20 20:07:50.465 22073  2933 W Nearby  : 	at akuw.run(Unknown Source:5)
04-20 20:07:50.465 22073  2933 W Nearby  : 	at java.lang.Thread.run(Thread.java:919)
04-20 20:07:50.465 22073  2933 W Nearby  : 	at ulj.run(Unknown Source:5)
04-20 20:07:50.465 22073  2933 W Nearby  : 	at java.util.concurrent.ThreadPoolExecutor.runWorker(ThreadPoolExecutor.java:1167)
04-20 20:07:50.465 22073  2933 W Nearby  : 	at java.util.concurrent.ThreadPoolExecutor$Worker.run(ThreadPoolExecutor.java:641)
04-20 20:07:50.465 22073  2933 W Nearby  : 	at uri.run(:com.google.android.gms@211213033@21.12.13 (120300-367530751):0)
04-20 20:07:50.465 22073  2933 W Nearby  : 	at java.lang.Thread.run(Thread.java:919)
04-20 20:07:50.465 22073  2933 W Nearby  : Caused by: akpc
04-20 20:07:50.465 22073  2933 W Nearby  : 	at akpd.a(:com.google.android.gms@211213033@21.12.13 (120300-367530751):0)
04-20 20:07:50.465 22073  2933 W Nearby  : 	at akov.execute(:com.google.android.gms@211213033@21.12.13 (120300-367530751):0)
04-20 20:07:50.465 22073  2933 W Nearby  : 	at akvd.run(Unknown Source:4)
04-20 20:07:50.465 22073  2933 W Nearby  : 	at akoz.run(Unknown Source:3)
04-20 20:07:50.465 22073  2933 W Nearby  : 	at ull.c(:com.google.android.gms@211213033@21.12.13 (120300-367530751):6)
04-20 20:07:50.465 22073  2933 W Nearby  : 	at ull.run(:com.google.android.gms@211213033@21.12.13 (120300-367530751):7)
04-20 20:07:50.465 22073  2933 W Nearby  : 	... 4 more
04-20 20:07:50.765 22073  3164 I NearbyConnections: EndpointChannelManager unregistered endpoint Uze6 [CONTEXT service_id=54 ]
04-20 20:07:50.768 22073  2930 I NearbyConnections: ClientProxy(169253574) ignoring onConnectionResult(Uze6, ERROR) because this client has no pending connections to the endpoint [CONTEXT service_id=54 ]
04-20 20:07:50.774  2570  2570 I connectedcrossroad: onDisconnected: disconnected from Uze6
04-20 20:07:50.774  2570  2570 V perf    : Disconnected from Uze6
04-20 20:07:50.991 22073  2954 I NearbyConnections: EndpointManager quit overall KeepAliveManager loop for endpoint KUOR because there's no EndpointChannel for it. [CONTEXT service_id=54 ]
04-20 20:07:51.050 22073 22328 D BluetoothGattServer: onServerConnectionState() - status=0 serverIf=8 device=48:EF:FC:02:0D:0D
04-20 20:07:51.051 22073 22328 D BluetoothGattServer: onServerConnectionState() - status=0 serverIf=9 device=48:EF:FC:02:0D:0D
04-20 20:07:51.052 22073 22328 D BluetoothGattServer: cancelConnection() - device: 48:EF:FC:02:0D:0D
04-20 20:07:51.053  2290  2314 I chatty  : uid=1002(bluetooth) Binder:2290_3 expire 1 line
04-20 20:07:51.054 22073 22328 E bewp    : Receive completion for unexpected operation: CLOSE_CONNECTION.
04-20 20:07:51.063  2308  2388 W BluetoothEventManager: AclStateChangedHandler: activeDevice is null
04-20 20:07:51.064  2290  2290 I chatty  : uid=1002(bluetooth) com.android.bluetooth expire 2 lines
04-20 20:07:51.077  7384  7384 D MCLOG   : [MC_Service] onStartcommand()
04-20 20:07:51.100 26114 26164 I BistoWorker: bluetoothConnectionStateChanged. Action: android.bluetooth.device.action.ACL_DISCONNECTED
04-20 20:07:51.106 26114 26164 I DeviceDetector: Not bonded or not refresh cache.
04-20 20:07:51.106 26114 26164 I BistoWorker: Not a bisto device: 48:EF:FC:02:0D:0D
04-20 20:07:51.107 22073 22073 I NearbyDiscovery: onAclChange: state=DISCONNECTED, device=48:EF:FC:02:0D:0D [CONTEXT service_id=49 ]
04-20 20:07:51.212 22073  3013 I NearbyConnections: EndpointManager discarded incoming OfflineFrame of type KEEP_ALIVE because it doesn't have a processor registered. [CONTEXT service_id=54 ]
04-20 20:07:51.990 22073  2954 I NearbyConnections: Client 169253574 is sending payload -7516651130754357767 to endpoints [uuax]. [CONTEXT service_id=54 ]
04-20 20:07:51.999 22073 29066 I NearbyConnections: Sent BYTES data(691 bytes) via WIFI_LAN used 5 milliseconds, throughput is 0.13 MB/s (134.96 KB/s) [CONTEXT service_id=54 ]
04-20 20:07:52.000 22073 29066 I NearbyConnections: Sent BYTES data(691 bytes) SUCCEEDED, overall used 6 milliseconds, throughput is 0.11 MB/s (112.47 KB/s) [CONTEXT service_id=54 ]
04-20 20:07:52.000 22073  3164 I NearbyConnections: ClientProxy(169253574) reporting onPayloadTransferUpdate(uuax, -7516651130754357767, SUCCESS) [CONTEXT service_id=54 ]
04-20 20:07:52.165 22073  3164 I NearbyMediums: Wifi LAN discovered service Ilk1N3pbye0AAA, but that's us. Ignoring. [CONTEXT service_id=54 ]
04-20 20:07:52.166 22073  3164 I chatty  : uid=10156 com.google.android.gms.persistent identical 1 line
04-20 20:07:52.167 22073  3164 I NearbyMediums: Wifi LAN discovered service Ilk1N3pbye0AAA, but that's us. Ignoring. [CONTEXT service_id=54 ]
04-20 20:07:52.264 22073  3164 I NearbyMediums: Lost service IlV6ZTZbye0AAA on Wifi LAN. [CONTEXT service_id=54 ]
04-20 20:07:52.267 22073 29066 I NearbyConnections: Lost WifiLanServiceInfo IlV6ZTZbye0AAA (with EndpointId Uze6 and EndpointInfo [ 0x32 ]) [CONTEXT service_id=54 ]
04-20 20:07:52.270 22073 29066 I NearbyConnections: ClientProxy(169253574) ignoring onEndpointDistanceChanged(Uze6, UNKNOWN), because this distance has already been reported [CONTEXT service_id=54 ]
04-20 20:07:53.595  3523  3523 E PagedView: validateNewPage: failed to find a page > mMinScrollX
04-20 20:07:53.605  1743  6519 I WindowManager:   SURFACE show Surface(name=com.android.systemui.ImageWallpaper)/@0x9fa98f on display:0: com.android.systemui.ImageWallpaper
04-20 20:07:53.664  2308  2308 V StatusBar: mStatusBarWindow: com.android.systemui.statusbar.phone.StatusBarWindowView{896b295 V.E...... ........ 0,0-720,56} canPanelBeCollapsed(): false
04-20 20:07:53.664  2308  2308 V StatusBar: mStatusBarWindow: com.android.systemui.statusbar.phone.StatusBarWindowView{896b295 V.E...... ........ 0,0-720,56} collapseBySetDisable: false
04-20 20:07:53.670  2946  2946 I KeyboardWrapper: KeyboardWrapper.consumeEvent():264 Skip consuming an event as current keyboard is deactivated (state=0, keyboard existence=true)
04-20 20:07:53.671  2946  2946 I VoiceInputManagerWrapper: VoiceInputManagerWrapper.shutdown():76 shutdown()
04-20 20:07:53.672  2946  2946 I AndroidIME: AbstractIme.onDeactivate():145 LatinIme.onDeactivate()
04-20 20:07:53.704  1743  1766 I WindowManager: Window drawn AppWindowToken{815d8f1 token=Token{f647898 ActivityRecord{fa6c27b u0 com.motorola.launcher3/com.android.launcher3.CustomizationPanelLauncher t4}}}
04-20 20:07:53.704  1743  1766 I WindowManager:   SURFACE show Surface(name=com.motorola.launcher3/com.android.launcher3.CustomizationPanelLauncher)/@0x5060f3d on display:0: com.motorola.launcher3/com.android.launcher3.CustomizationPanelLauncher
04-20 20:07:53.779  1743  1766 I WindowManager:   SURFACE show Surface(name=com.motorola.launcher3/com.android.launcher3.CustomizationPanelLauncher)/@0x4d4e8f5 on display:0: com.motorola.launcher3/com.android.launcher3.CustomizationPanelLauncher
04-20 20:07:53.972  2308  2308 D vol.VolumeDialogImpl: mDialog.dismiss()
04-20 20:07:53.994 22073  3164 I NearbyConnections: Client 169253574 is sending payload -7916680497975593759 to endpoints [uuax]. [CONTEXT service_id=54 ]
04-20 20:07:53.997 22073 29066 I NearbyConnections: Sent BYTES data(691 bytes) via WIFI_LAN used 2 milliseconds, throughput is 0.33 MB/s (337.40 KB/s) [CONTEXT service_id=54 ]
04-20 20:07:53.997 22073  3164 I NearbyConnections: ClientProxy(169253574) reporting onPayloadTransferUpdate(uuax, -7916680497975593759, SUCCESS) [CONTEXT service_id=54 ]
04-20 20:07:53.997 22073 29066 I NearbyConnections: Sent BYTES data(691 bytes) SUCCEEDED, overall used 2 milliseconds, throughput is 0.33 MB/s (337.40 KB/s) [CONTEXT service_id=54 ]
04-20 20:07:54.153 22073  2954 I NearbyMediums: Wifi LAN discovered service Ilk1N3pbye0AAA, but that's us. Ignoring. [CONTEXT service_id=54 ]
04-20 20:07:54.153 22073  2954 I NearbyMediums: Wifi LAN discovered service Ilk1N3pbye0AAA, but that's us. Ignoring. [CONTEXT service_id=54 ]
04-20 20:07:54.304 22073 29066 I NearbyMediums: Wifi LAN lost IlV6ZTZbye0AAA but it was never reported as found. [CONTEXT service_id=54 ]
04-20 20:07:54.461  1743  4961 V WindowManager: Changing focus from Window{d3a9af5 u0 com.google.location.nearby.apps.connectedcrossroad/nx.aodv.eval.MainActivity} to Window{a0fbc2a u0 com.motorola.launcher3/com.android.launcher3.CustomizationPanelLauncher} displayId=0
04-20 20:07:54.305 22073 29066 I NearbyMediums: Wifi LAN lost IlV6ZTZbye0AAA but it was never reported as found. [CONTEXT service_id=54 ]
04-20 20:07:54.463  7384  7427 D MCLOG   : [MC_TriggerHelper] PauseResumeTrigger
04-20 20:07:54.473   871   871 E Layer   : [Surface(name=Task=4)/@0xfd4ea09 - animation-leash#0] No local sync point found
04-20 20:07:54.473   871   871 E Layer   : [Surface(name=Task=15)/@0x34a95fc - animation-leash#0] No local sync point found
04-20 20:07:54.475  7384  7427 D MCLOG   : [MC_TriggerHelper] PauseResumeTrigger
04-20 20:07:54.491  7384  7384 D MCLOG   : [MC_Service] onStartcommand()
04-20 20:07:54.506  1743  1743 V SettingsProvider: Notifying for 0: content://settings/secure/reminder_exp_learning_time_elapsed
04-20 20:07:54.491  7384  7384 D MCLOG   : [MC_Service] onStartcommand()
04-20 20:07:54.508 26333 26350 D AssistReceiver: call: lightWakeup | null | null
04-20 20:07:54.515  1743  4961 I WindowManager: Window drawn AppWindowToken{725554b token=Token{b1261a ActivityRecord{51f8cc5 u0 com.google.location.nearby.apps.connectedcrossroad/nx.aodv.eval.MainActivity t15}}}
04-20 20:07:54.527  2570  2844 W System.err: java.lang.InterruptedException
04-20 20:07:54.527  2570  2570 V perf    : Networking stopped
04-20 20:07:54.528  2570  2844 W System.err: 	at java.lang.Thread.sleep(Native Method)
04-20 20:07:54.528  2570  2844 W System.err: 	at java.lang.Thread.sleep(Thread.java:440)
04-20 20:07:54.528  2570  2844 W System.err: 	at java.lang.Thread.sleep(Thread.java:356)
04-20 20:07:54.528  2570  2844 W System.err: 	at nx.aodv.eval.AODVNetwork$1.run(AODVNetwork.java:160)
04-20 20:07:54.528  2570  2844 W System.err: 	at java.lang.Thread.run(Thread.java:919)
04-20 20:07:54.528  2570  2846 W System.err: java.lang.InterruptedException
04-20 20:07:54.529  2570  2846 W System.err: 	at java.lang.Thread.sleep(Native Method)
04-20 20:07:54.529  2570  2846 W System.err: 	at java.lang.Thread.sleep(Thread.java:440)
04-20 20:07:54.529  2570  2846 W System.err: 	at java.lang.Thread.sleep(Thread.java:356)
04-20 20:07:54.529  2570  2846 W System.err: 	at nx.aodv.eval.AODVNetwork$3.run(AODVNetwork.java:232)
04-20 20:07:54.529  2570  2846 W System.err: 	at java.lang.Thread.run(Thread.java:919)
04-20 20:07:54.530  2570  2848 W System.err: java.lang.InterruptedException
04-20 20:07:54.530  2570  2848 W System.err: 	at java.util.concurrent.locks.AbstractQueuedSynchronizer$ConditionObject.reportInterruptAfterWait(AbstractQueuedSynchronizer.java:2042)
04-20 20:07:54.530  2570  2848 W System.err: 	at java.util.concurrent.locks.AbstractQueuedSynchronizer$ConditionObject.awaitNanos(AbstractQueuedSynchronizer.java:2119)
04-20 20:07:54.530  2570  2848 W System.err: 	at java.util.concurrent.LinkedBlockingQueue.poll(LinkedBlockingQueue.java:467)
04-20 20:07:54.531  2570  2848 W System.err: 	at nx.aodv.eval.AODVNetwork$5.run(AODVNetwork.java:280)
04-20 20:07:54.531  2570  2848 W System.err: 	at java.lang.Thread.run(Thread.java:919)
04-20 20:07:54.531  2570  2845 W System.err: java.lang.InterruptedException
04-20 20:07:54.531  2570  2845 W System.err: 	at java.lang.Thread.sleep(Native Method)
04-20 20:07:54.532  2570  2845 W System.err: 	at java.lang.Thread.sleep(Thread.java:440)
04-20 20:07:54.532  2570  2845 W System.err: 	at java.lang.Thread.sleep(Thread.java:356)
04-20 20:07:54.532  2570  2845 W System.err: 	at nx.aodv.eval.AODVNetwork$2.run(AODVNetwork.java:198)
04-20 20:07:54.532  2570  2845 W System.err: 	at java.lang.Thread.run(Thread.java:919)
04-20 20:07:54.533  2570  2849 W System.err: java.lang.InterruptedException
04-20 20:07:54.533  2570  2849 W System.err: 	at java.util.concurrent.locks.AbstractQueuedSynchronizer$ConditionObject.reportInterruptAfterWait(AbstractQueuedSynchronizer.java:2042)
04-20 20:07:54.533  2570  2849 W System.err: 	at java.util.concurrent.locks.AbstractQueuedSynchronizer$ConditionObject.awaitNanos(AbstractQueuedSynchronizer.java:2119)
04-20 20:07:54.533  2570  2849 W System.err: 	at java.util.concurrent.LinkedBlockingQueue.poll(LinkedBlockingQueue.java:467)
04-20 20:07:54.534  2570  2849 W System.err: 	at nx.aodv.eval.AODVNetwork$6.run(AODVNetwork.java:298)
04-20 20:07:54.534 22073 29066 I NearbyConnections: Client 169253574 requested discovery to stop. [CONTEXT service_id=54 ]
04-20 20:07:54.534  2570  2849 W System.err: 	at java.lang.Thread.run(Thread.java:919)
04-20 20:07:54.536 22073  2954 I NearbyMediums: In ScanningCancellationFlag, service connectedcrossroad is the last scanner to stop scanning. The flag has been cancelled. [CONTEXT service_id=54 ]
04-20 20:07:54.537 22073  2954 D BluetoothAdapter: isLeEnabled(): ON
04-20 20:07:54.538  2290  2737 I chatty  : uid=1002(bluetooth) Binder:2290_5 expire 1 line
04-20 20:07:54.543  2290  2348 I chatty  : uid=1002(bluetooth) BT Service Call expire 10 lines
04-20 20:07:54.546 22073  2954 I Nearby  : M hardware scan: 5 filters, scanMode= -1, callback type= 1, workSource = WorkSource{10156 com.google.android.gms} [CONTEXT service_id=49 ]
04-20 20:07:54.547 22073  2954 D BluetoothAdapter: isLeEnabled(): ON
04-20 20:07:54.556  2290  2575 I chatty  : uid=1002(bluetooth) BluetoothScanMa expire 3 lines
04-20 20:07:54.557  2290  2348 I chatty  : uid=1002(bluetooth) BT Service Call expire 1 line
04-20 20:07:54.559 26114 26194 W ThreadPoolDumper: Queue length for executor EventBus is now 11. Perhaps some tasks are too long, or the pool is too small.
04-20 20:07:54.559  2308  2323 I ndroid.systemu: NativeAlloc concurrent copying GC freed 150475(5244KB) AllocSpace objects, 0(0B) LOS objects, 49% free, 7191KB/14MB, paused 132us total 100.262ms
04-20 20:07:54.559  2308  2323 W ndroid.systemu: Reducing the number of considered missed Gc histogram windows from 200 to 100
04-20 20:07:54.575  1743  1766 I WindowManager:   SURFACE show Surface(name=FloatingTutorialButton)/@0xd1ec6e1 on display:0: FloatingTutorialButton
04-20 20:07:54.580  2290  2314 I chatty  : uid=1002(bluetooth) Binder:2290_3 expire 2 lines
04-20 20:07:54.581  2290  2603 I chatty  : uid=1002(bluetooth) btu message loo expire 2 lines
04-20 20:07:54.582  2290  2348 I chatty  : uid=1002(bluetooth) BT Service Call expire 1 line
04-20 20:07:54.582 22073 22328 D BluetoothLeScanner: onScannerRegistered() - status=0 scannerId=5 mScannerId=0
04-20 20:07:54.589  2290  2575 I chatty  : uid=1002(bluetooth) BluetoothScanMa expire 3 lines
04-20 20:07:54.593  2290  2603 I chatty  : uid=1002(bluetooth) btu message loo expire 3 lines
04-20 20:07:54.594  2290  2314 I chatty  : uid=1002(bluetooth) Binder:2290_3 expire 2 lines
04-20 20:07:54.598 22073  2954 I NearbyMediums: Stopped Wifi LAN discovery. [CONTEXT service_id=54 ]
04-20 20:07:54.599 22073  2954 I NearbyMediums: Can't stop NFC discovery because it was never started. [CONTEXT service_id=54 ]
04-20 20:07:54.600 22073  2954 I NearbyConnections: No longer listening to visibility changes for client 169253574 [CONTEXT service_id=54 ]
04-20 20:07:54.600 22073 29066 I NearbyConnections: Client 169253574 requested advertising to stop. [CONTEXT service_id=54 ]
04-20 20:07:54.604  1743  7290 I WifiService: releaseMulticastLock uid=10156
04-20 20:07:54.608 22073  2954 D BluetoothGattServer: close()
04-20 20:07:54.608 22073  2954 D BluetoothGattServer: unregisterCallback() - mServerIf=9
04-20 20:07:54.608  2290  2737 I chatty  : uid=1002(bluetooth) Binder:2290_5 expire 2 lines
04-20 20:07:54.609  2290  2603 I chatty  : uid=1002(bluetooth) btu message loo expire 2 lines
04-20 20:07:54.609  2290  2348 I chatty  : uid=1002(bluetooth) BT Service Call expire 2 lines
04-20 20:07:54.612 24895 24948 I Icing   : IndexChimeraService.getServiceInterface callingPackage=com.google.android.googlequicksearchbox componentName=null serviceId=36
04-20 20:07:54.633 24895 24929 W Icing   : No valid account for uploading user actions
04-20 20:07:54.652 24895 24951 I Icing   : IndexChimeraService.getServiceInterface callingPackage=com.google.android.gms componentName=null serviceId=30
04-20 20:07:54.661  2290  2603 I chatty  : uid=1002(bluetooth) btu message loo expire 5 lines
04-20 20:07:54.662 26114 26173 W LocationOracle: No location history returned by ContextManager
04-20 20:07:54.663 26114  2295 E sb.v.u.LiteSuggestSourc: On-device lite suggest model loading error.
04-20 20:07:54.675 24895 24929 I Icing   : Usage reports ok 1, Failed Usage reports 0, indexed 0, rejected 0
04-20 20:07:54.677 24895 24929 W Icing   : No valid account for uploading user actions
04-20 20:07:54.678 26114 26164 I MicroDetectionState: Should stop hotword detection immediately - false
04-20 20:07:54.682 24895 24929 I Icing   : Usage reports ok 0, Failed Usage reports 0, indexed 0, rejected 0
04-20 20:07:54.740  2290  2348 I chatty  : uid=1002(bluetooth) BT Service Call expire 2 lines
04-20 20:07:54.744 22073  2954 I NearbyMediums: Restored bluetooth device name to persisted original device name: moto e  [CONTEXT service_id=54 ]
04-20 20:07:54.745  1743  2246 D NsdService: unregister service
04-20 20:07:54.745  1743  2246 D NsdService: mdnssd [stop-register, 4]
04-20 20:07:54.745   720  1294 D MDnsDS  : Stopping register with ref 0xa8400de8
04-20 20:07:54.745   720  1294 D MDnsDS  : freeServiceRef 4
04-20 20:07:54.745   720  1294 D MDnsDS  : triggering rescan
04-20 20:07:54.746   720  1293 D MDnsDS  : Monitor poll got data pollCount = 2, 2
04-20 20:07:54.746   720  1293 D MDnsDS  : Monitor found [1].revents = 32 - calling ProcessResults
04-20 20:07:54.746   720  1293 W /system/bin/netd: dnssd_clientstub DNSServiceProcessResult called with NULL DNSServiceRef
04-20 20:07:54.746   720  1293 D MDnsDS  : controlSocket shows revent= 1
04-20 20:07:54.746   720  1293 D MDnsDS  : MDnsSdListener::Monitor got 1
04-20 20:07:54.746   720  1293 D MDnsDS  : MDnsSdListener::Monitor poll rescanning - size=10, live=0
04-20 20:07:54.746   720  1293 D MDnsDS  : Going to poll with pollCount 1
04-20 20:07:54.747 22073  2954 I NearbyMediums: Stopped Wifi LAN advertising. [CONTEXT service_id=54 ]
04-20 20:07:54.747 22073  2954 I NearbyMediums: Can't stop NFC advertising because it was never started. [CONTEXT service_id=54 ]
04-20 20:07:54.747 22073  2954 D BluetoothSocket: close() this: android.bluetooth.BluetoothSocket@310e2bc, channel: 4, mSocketIS: android.net.LocalSocketImpl$SocketInputStream@cae0245, mSocketOS: android.net.LocalSocketImpl$SocketOutputStream@1262d9amSocket: android.net.LocalSocket@e4286cb impl:android.net.LocalSocketImpl@3676ea8 fd:java.io.FileDescriptor@4b17dc1, mSocketState: LISTENING
04-20 20:07:54.747 22073 29778 D BluetoothSocket: close() this: android.bluetooth.BluetoothSocket@310e2bc, channel: 4, mSocketIS: android.net.LocalSocketImpl$SocketInputStream@cae0245, mSocketOS: android.net.LocalSocketImpl$SocketOutputStream@1262d9amSocket: null, mSocketState: CLOSED
04-20 20:07:54.748 22073  2954 I NearbyMediums: Stopped listening for incoming Wifi Lan connections. [CONTEXT service_id=54 ]
04-20 20:07:54.748 22073  2954 I NearbyMediums: Skipping stop accepting connections: we are not currently accepting WebRTC connections for connectedcrossroad. [CONTEXT service_id=54 ]
04-20 20:07:54.748 22073  2852 E NearbyMediums: MEDIUM_ERROR [SYSTEM][WIFI_LAN][START_LISTENING_INCOMING_CONNECTION][ACCEPT_CONNECTION_FAILED][UNKNOWN], Service ID : connectedcrossroad [CONTEXT service_id=54 ]
04-20 20:07:54.748 22073  2852 E NearbyMediums: Extra Sensitive/PII message : Socket closed [CONTEXT service_id=54 ]
04-20 20:07:54.748 22073 29066 I NearbyConnections: Client 169253574 has requested us to stop all endpoints. We will now reset the client. [CONTEXT service_id=54 ]
04-20 20:07:54.749 22073 29066 I NearbyConnections: Client 169253574 requested a disconnection from endpoint uuax. [CONTEXT service_id=54 ]
04-20 20:07:54.750 22073 29778 I NearbyConnections: EndpointChannelManager reported the disconnection to endpoint uuax. [CONTEXT service_id=54 ]
04-20 20:07:54.757  1743  1743 D BluetoothManagerService: Bluetooth Adapter name changed to moto e
04-20 20:07:54.757  1743  1743 D BluetoothManagerService: Stored Bluetooth name: moto e
04-20 20:07:54.757  1743  1743 V SettingsProvider: Notifying for 0: content://settings/secure/bluetooth_name
04-20 20:07:54.881 22073  3013 I NearbyConnections: EndpointManager failed the next Read read/write for endpoint uuax over its ENCRYPTED_WIFI_LAN EndpointChannel. [CONTEXT service_id=54 ]
04-20 20:07:54.881 22073  3013 I NearbyConnections: java.io.EOFException
04-20 20:07:54.881 22073  3013 I NearbyConnections: 	at java.io.DataInputStream.readFully(DataInputStream.java:200)
04-20 20:07:54.881 22073  3013 I NearbyConnections: 	at java.io.DataInputStream.readInt(DataInputStream.java:389)
04-20 20:07:54.881 22073  3013 I NearbyConnections: 	at akti.h(:com.google.android.gms@211213033@21.12.13 (120300-367530751):1)
04-20 20:07:54.881 22073  3013 I NearbyConnections: 	at akti.g(:com.google.android.gms@211213033@21.12.13 (120300-367530751):2)
04-20 20:07:54.881 22073  3013 I NearbyConnections: 	at akvj.a(:com.google.android.gms@211213033@21.12.13 (120300-367530751):1)
04-20 20:07:54.881 22073  3013 I NearbyConnections: 	at akvg.run(:com.google.android.gms@211213033@21.12.13 (120300-367530751):4)
04-20 20:07:54.881 22073  3013 I NearbyConnections: 	at akoz.run(Unknown Source:3)
04-20 20:07:54.881 22073  3013 I NearbyConnections: 	at ull.c(:com.google.android.gms@211213033@21.12.13 (120300-367530751):6)
04-20 20:07:54.881 22073  3013 I NearbyConnections: 	at ull.run(:com.google.android.gms@211213033@21.12.13 (120300-367530751):7)
04-20 20:07:54.881 22073  3013 I NearbyConnections: 	at java.util.concurrent.ThreadPoolExecutor.runWorker(ThreadPoolExecutor.java:1167)
04-20 20:07:54.881 22073  3013 I NearbyConnections: 	at java.util.concurrent.ThreadPoolExecutor$Worker.run(ThreadPoolExecutor.java:641)
04-20 20:07:54.881 22073  3013 I NearbyConnections: 	at uri.run(:com.google.android.gms@211213033@21.12.13 (120300-367530751):0)
04-20 20:07:54.881 22073  3013 I NearbyConnections: 	at java.lang.Thread.run(Thread.java:919)
04-20 20:07:55.050  1743  7056 I WifiService: enableTdls uid=10156 enable=false
04-20 20:07:55.051 22073  2954 I NearbyConnections: EndpointChannelManager unregistered endpoint uuax [CONTEXT service_id=54 ]
04-20 20:07:55.051 22073  3013 I NearbyConnections: EndpointManager quit overall Read loop for endpoint uuax because there's no EndpointChannel for it. [CONTEXT service_id=54 ]
04-20 20:07:55.051  1743 10461 I WifiService: enableTdlsWithMacAddress uid=1000 enable=false
04-20 20:07:55.051 22073  3164 I NearbyConnections: BandwidthUpgradeManager has processed endpoint disconnection for uuax because there is no current BandwidthUpgradeMedium. [CONTEXT service_id=54 ]
04-20 20:07:55.052 22073 29778 I NearbyConnections: ClientProxy(169253574) ignoring onConnectionResult(uuax, ERROR) because this client has no pending connections to the endpoint [CONTEXT service_id=54 ]
04-20 20:07:55.052 22073 29066 I NearbyConnections: Generating local endpoint id for client 169253574 [CONTEXT service_id=54 ]
04-20 20:07:55.109 22073  2951 I NearbyConnections: EndpointManager quit overall KeepAliveManager loop for endpoint Uze6 because there's no EndpointChannel for it. [CONTEXT service_id=54 ]
04-20 20:07:55.110 22073 29067 W Nearby  : Method finished running after 95758 millis. [CONTEXT service_id=49 ]
04-20 20:07:55.110 22073 29067 W Nearby  : akpc: akpc
04-20 20:07:55.110 22073 29067 W Nearby  : 	at sun.misc.Unsafe.park(Native Method)
04-20 20:07:55.110 22073 29067 W Nearby  : 	at java.util.concurrent.locks.LockSupport.parkNanos(LockSupport.java:230)
04-20 20:07:55.110 22073 29067 W Nearby  : 	at java.util.concurrent.SynchronousQueue$TransferStack.awaitFulfill(SynchronousQueue.java:461)
04-20 20:07:55.110 22073 29067 W Nearby  : 	at java.util.concurrent.SynchronousQueue$TransferStack.transfer(SynchronousQueue.java:362)
04-20 20:07:55.110 22073 29067 W Nearby  : 	at java.util.concurrent.SynchronousQueue.poll(SynchronousQueue.java:937)
04-20 20:07:55.110 22073 29067 W Nearby  : 	at java.util.concurrent.ThreadPoolExecutor.getTask(ThreadPoolExecutor.java:1091)
04-20 20:07:55.110 22073 29067 W Nearby  : 	at java.util.concurrent.ThreadPoolExecutor.runWorker(ThreadPoolExecutor.java:1152)
04-20 20:07:55.110 22073 29067 W Nearby  : 	at java.util.concurrent.ThreadPoolExecutor$Worker.run(ThreadPoolExecutor.java:641)
04-20 20:07:55.110 22073 29067 W Nearby  : 	at uri.run(:com.google.android.gms@211213033@21.12.13 (120300-367530751):0)
04-20 20:07:55.110 22073 29067 W Nearby  : 	at java.lang.Thread.run(Thread.java:919)
04-20 20:07:55.110 22073 29067 W Nearby  : Caused by: akpc
04-20 20:07:55.110 22073 29067 W Nearby  : 	at akpd.a(:com.google.android.gms@211213033@21.12.13 (120300-367530751):0)
04-20 20:07:55.110 22073 29067 W Nearby  : 	at akov.execute(:com.google.android.gms@211213033@21.12.13 (120300-367530751):0)
04-20 20:07:55.110 22073 29067 W Nearby  : 	at akvd.run(Unknown Source:6)
04-20 20:07:55.110 22073 29067 W Nearby  : 	at akoz.run(Unknown Source:3)
04-20 20:07:55.110 22073 29067 W Nearby  : 	at ull.c(:com.google.android.gms@211213033@21.12.13 (120300-367530751):6)
04-20 20:07:55.110 22073 29067 W Nearby  : 	at ull.run(:com.google.android.gms@211213033@21.12.13 (120300-367530751):7)
04-20 20:07:55.110 22073 29067 W Nearby  : 	at java.util.concurrent.ThreadPoolExecutor.runWorker(ThreadPoolExecutor.java:1167)
04-20 20:07:55.110 22073 29067 W Nearby  : 	... 3 more
04-20 20:07:55.422  3523  3523 E UserEventDispatcher: Unexpected viewType = 2
04-20 20:07:55.623  2290  2603 I chatty  : uid=1002(bluetooth) btu message loo expire 7 lines
04-20 20:07:55.623  2290  2348 I chatty  : uid=1002(bluetooth) BT Service Call expire 2 lines
04-20 20:07:55.624 22073 22327 D BluetoothGattServer: onServerConnectionState() - status=0 serverIf=8 device=7B:E6:71:D2:CE:03
04-20 20:07:55.628  2290  2290 I chatty  : uid=1002(bluetooth) com.android.bluetooth expire 2 lines
04-20 20:07:55.628  2308  2388 W BluetoothEventManager: AclStateChangedHandler: activeDevice is null
04-20 20:07:55.630  7384  7384 D MCLOG   : [MC_Service] onStartcommand()
04-20 20:07:55.633  2290  2603 I chatty  : uid=1002(bluetooth) btu message loo expire 9 lines
04-20 20:07:55.634  2290  2348 I chatty  : uid=1002(bluetooth) BT Service Call expire 2 lines
04-20 20:07:55.635 22073 22327 D BluetoothGattServer: onServerConnectionState() - status=0 serverIf=8 device=7F:8C:D3:B9:DB:38
04-20 20:07:55.638  2308  2388 W BluetoothEventManager: AclStateChangedHandler: activeDevice is null
04-20 20:07:55.639 22073 22073 I NearbyDiscovery: onAclChange: state=DISCONNECTED, device=7B:E6:71:D2:CE:03 [CONTEXT service_id=49 ]
04-20 20:07:55.639  2290  2290 I chatty  : uid=1002(bluetooth) com.android.bluetooth expire 2 lines
04-20 20:07:55.640 26114 26164 I BistoWorker: bluetoothConnectionStateChanged. Action: android.bluetooth.device.action.ACL_DISCONNECTED
04-20 20:07:55.644  7384  7384 D MCLOG   : [MC_Service] onStartcommand()
04-20 20:07:55.644 26114 26164 I DeviceDetector: Not bonded or not refresh cache.
04-20 20:07:55.644 26114 26164 I BistoWorker: Not a bisto device: 7B:E6:71:D2:CE:03
04-20 20:07:55.659 26114 26164 I BistoWorker: bluetoothConnectionStateChanged. Action: android.bluetooth.device.action.ACL_DISCONNECTED
04-20 20:07:55.661 26114 26164 I DeviceDetector: Not bonded or not refresh cache.
04-20 20:07:55.661 26114 26164 I BistoWorker: Not a bisto device: 7F:8C:D3:B9:DB:38
04-20 20:07:55.662 22073 22073 I NearbyDiscovery: onAclChange: state=DISCONNECTED, device=7F:8C:D3:B9:DB:38 [CONTEXT service_id=49 ]
04-20 20:07:55.741  2290  2603 I chatty  : uid=1002(bluetooth) btu message loo expire 9 lines
04-20 20:07:55.742  2290  2348 I chatty  : uid=1002(bluetooth) BT Service Call expire 3 lines
04-20 20:07:55.743 22073 22327 D BluetoothGattServer: onServerConnectionState() - status=0 serverIf=8 device=66:91:92:65:41:59
04-20 20:07:55.772 22073  3163 I NearbyConnections: EndpointManager quit overall KeepAliveManager loop for endpoint uuax because there's no EndpointChannel for it. [CONTEXT service_id=54 ]
04-20 20:07:55.880     0     0 W swapper/2: type=1400 audit(0.0:889): avc: denied { kill } for uid=0 capability=5 scontext=u:r:kernel:s0 tcontext=u:r:kernel:s0 tclass=capability permissive=0
04-20 20:07:56.584  1743  1766 I WindowManager:   SURFACE show Surface(name=FloatingTutorialButton)/@0x1ac4520 on display:0: FloatingTutorialButton
04-20 20:07:56.912  1743  1766 I WindowManager:   SURFACE show Surface(name=FloatingTutorialButton)/@0x7e0934c on display:0: FloatingTutorialButton
04-20 20:07:58.224  1743  1766 I WindowManager:   SURFACE show Surface(name=FloatingTutorialButton)/@0x1299838 on display:0: FloatingTutorialButton
04-20 20:07:59.586  1743  1766 I WindowManager:   SURFACE show Surface(name=FloatingTutorialButton)/@0xdfbffe4 on display:0: FloatingTutorialButton
04-20 20:08:00.010  2308  2308 W View    : requestLayout() improperly called by com.android.systemui.statusbar.HeadsUpStatusBarView{53e8307 I.E...... ......ID 0,0-248,56 #7f0a01f7 app:id/heads_up_status_bar_view} during layout: running second layout pass
04-20 20:08:00.109  3347  3347 I BistoRealService: onStartCommand: 0 2 Intent { act=com.google.android.apps.gsa.broadcastreceiver.SETTINGS_CHANGED cmp=com.google.android.googlequicksearchbox/com.google.android.apps.gsa.staticplugins.bisto.BistoRealService (has extras) }
04-20 20:08:00.110  3347  3347 I BistoRealService: Intent handled internally
04-20 20:08:00.551 26333 26346 W meweatherwidge: Reducing the number of considered missed Gc histogram windows from 145 to 100
04-20 20:08:04.640 22073 22327 I NearbyConnections: Client com.google.location.nearby.apps.connectedcrossroad disconnecting [CONTEXT service_id=54 ]
04-20 20:08:04.640 22073 22327 I Nearby  : Successfully shutdown executor ClientBridge.alarmExecutor. [CONTEXT service_id=49 ]
04-20 20:08:04.641 22073  2951 I NearbyConnections: Because they unbound from our service, all state for client 169253574 will now be cleaned up. [CONTEXT service_id=54 ]
04-20 20:08:04.641 22073  2951 I NearbyConnections: Generating local endpoint id for client 169253574 [CONTEXT service_id=54 ]
04-20 20:08:04.644  2570  2570 I connectedcrossroad: onDisconnected: disconnected from uuax
04-20 20:08:04.645  2570  2570 V perf    : Disconnected from uuax
04-20 20:08:04.645 22073  2951 I Nearby  : Successfully shutdown executor PayloadManager.streamPayloadExecutor. [CONTEXT service_id=49 ]
04-20 20:08:04.647 22073  2951 I Nearby  : Successfully shutdown executor PayloadManager.filePayloadExecutor. [CONTEXT service_id=49 ]
04-20 20:08:04.649 22073  2951 I Nearby  : Successfully shutdown executor PayloadManager.bytesPayloadExecutor. [CONTEXT service_id=49 ]
04-20 20:08:04.652  3347  3347 I BistoRealService: onStartCommand: 0 3 Intent { act=com.google.android.apps.gsa.broadcastreceiver.SETTINGS_CHANGED cmp=com.google.android.googlequicksearchbox/com.google.android.apps.gsa.staticplugins.bisto.BistoRealService (has extras) }
04-20 20:08:04.652  3347  3347 I BistoRealService: Intent handled internally
04-20 20:08:04.661  2570  2570 I connectedcrossroad: onConnectionResult: Connection failed, retrying: Jw_l
04-20 20:08:04.662  2570  2570 I connectedcrossroad: onConnectionResult: Connection failed, retrying: Ebd4
04-20 20:08:04.666  3347  3347 I BistoRealService: onStartCommand: 0 4 Intent { act=com.google.android.apps.gsa.broadcastreceiver.SETTINGS_CHANGED cmp=com.google.android.googlequicksearchbox/com.google.android.apps.gsa.staticplugins.bisto.BistoRealService (has extras) }
04-20 20:08:04.667  3347  3347 I BistoRealService: Intent handled internally
04-20 20:08:04.680 22073 22327 I NearbyConnections: Client 169253574 with package name com.google.location.nearby.apps.connectedcrossroad and sdk version 12451000 has connected. [CONTEXT service_id=54 ]
04-20 20:08:04.684 22073  2951 I NearbyConnections: Client 169253574 requested a connection to endpoint Jw_l. [CONTEXT service_id=54 ]
04-20 20:08:04.685 22073  2951 I NearbyConnections: Client 169253574 requested a connection to endpoint Ebd4. [CONTEXT service_id=54 ]
04-20 20:08:05.681  3347  3347 I BistoRealService: requestDestroy
04-20 20:08:05.688  3347  3347 I BistoRealService: onDestroy
04-20 20:08:05.691  3347  3347 I BistoWiredManager: close
04-20 20:08:05.693  3347  3347 D BluetoothA2dp: Unbinding service...
04-20 20:08:05.695  3347  3347 I BistoClassicManager: close
04-20 20:08:05.880     0     0 W swapper/5: type=1400 audit(0.0:890): avc: denied { kill } for uid=0 capability=5 scontext=u:r:kernel:s0 tcontext=u:r:kernel:s0 tclass=capability permissive=0
04-20 20:08:09.474 22073  3349 E memtrack: Couldn't load memtrack module
04-20 20:08:09.474 22073  3349 W android.os.Debug: failed to get memory consumption info: -1
04-20 20:08:10.676   804  1081 W qti_sensors_hal: processReportInd: lux: 18, ch0: 65, ch1: 14
04-20 20:08:13.149  1743  1766 I WindowManager:   SURFACE show Surface(name=FloatingTutorialButton)/@0x255677c on display:0: FloatingTutorialButton
04-20 20:08:13.682  2946  3020 I VoiceInputManagerWrapper: VoiceInputManagerWrapper.shutdownVoiceInternal():94 shutdownVoiceInternal()
04-20 20:08:14.247  1743  1756 I system_server: Background concurrent copying GC freed 94270(6360KB) AllocSpace objects, 13(7904KB) LOS objects, 42% free, 19MB/34MB, paused 128us total 186.169ms
04-20 20:08:14.708 22073 22328 I NearbyConnections: Client com.google.location.nearby.apps.connectedcrossroad disconnecting [CONTEXT service_id=54 ]
04-20 20:08:14.708 22073 22328 I Nearby  : Successfully shutdown executor ClientBridge.alarmExecutor. [CONTEXT service_id=49 ]
04-20 20:08:14.709 22073  2951 I NearbyConnections: Because they unbound from our service, all state for client 169253574 will now be cleaned up. [CONTEXT service_id=54 ]
04-20 20:08:14.709 22073  2951 I NearbyConnections: Generating local endpoint id for client 169253574 [CONTEXT service_id=54 ]
04-20 20:08:14.712 22073  2951 I Nearby  : Successfully shutdown executor PayloadManager.streamPayloadExecutor. [CONTEXT service_id=49 ]
04-20 20:08:14.712 22073  2951 I Nearby  : Successfully shutdown executor PayloadManager.filePayloadExecutor. [CONTEXT service_id=49 ]
04-20 20:08:14.712 22073  2951 I Nearby  : Successfully shutdown executor PayloadManager.bytesPayloadExecutor. [CONTEXT service_id=49 ]
04-20 20:08:15.880     0     0 W swapper/1: type=1400 audit(0.0:891): avc: denied { kill } for uid=0 capability=5 scontext=u:r:kernel:s0 tcontext=u:r:kernel:s0 tclass=capability permissive=0
04-20 20:08:15.899  1743  1766 I WindowManager:   SURFACE show Surface(name=FloatingTutorialButton)/@0x14f7f68 on display:0: FloatingTutorialButton
04-20 20:08:16.013   804  1081 W qti_sensors_hal: processReportInd: lux: 6, ch0: 23, ch1: 13
04-20 20:08:16.074  2308  2308 D StatusBar: disable<e i a s b h r c s > disable2<q i n >
04-20 20:08:16.091  1743  7056 I WindowManager:   SURFACE SIZE set 720x1520 on display:0: StatusBar
04-20 20:08:16.106  2308  2308 W View    : requestLayout() improperly called by com.android.systemui.statusbar.HeadsUpStatusBarView{53e8307 I.E...... ......ID 0,0-248,56 #7f0a01f7 app:id/heads_up_status_bar_view} during layout: running second layout pass
04-20 20:08:16.123  2308  2308 D StatusBar: disable<e i a s b h r c s > disable2<q i n >
04-20 20:08:16.125  2308  2308 D StatusBar: disable<e i a s b h r c s > disable2<q i n >
04-20 20:08:16.128  2308  3442 W RingtonePlayer: STOP command without a player
04-20 20:08:16.131  1743  7056 V WindowManager: Changing focus from Window{a0fbc2a u0 com.motorola.launcher3/com.android.launcher3.CustomizationPanelLauncher} to Window{5003006 u0 StatusBar} displayId=0
04-20 20:08:16.137   804  1081 W qti_sensors_hal: processReportInd: lux: 16, ch0: 59, ch1: 13
04-20 20:08:16.159  1743  5994 E InputDispatcher: Window handle Window{cf1628b u0 FloatingTutorialButton} has no registered input channel
04-20 20:08:18.858  2308  2308 D StatusBar: disable<e i a s b h r c s > disable2<q i n >
04-20 20:08:18.887  1743  5994 V WindowManager: Changing focus from Window{5003006 u0 StatusBar} to Window{a0fbc2a u0 com.motorola.launcher3/com.android.launcher3.CustomizationPanelLauncher} displayId=0
04-20 20:08:18.916  1743  7290 I WindowManager:   SURFACE SIZE set 720x56 on display:0: StatusBar
04-20 20:08:18.910  2308  2308 D StatusBar: disable<e i a s b h r c s > disable2<q i n >
04-20 20:08:18.929  2308  2308 W View    : requestLayout() improperly called by com.android.systemui.statusbar.HeadsUpStatusBarView{53e8307 I.E...... ......ID 0,0-248,56 #7f0a01f7 app:id/heads_up_status_bar_view} during layout: running second layout pass
04-20 20:08:18.956  1743  1766 I WindowManager:   SURFACE show Surface(name=FloatingTutorialButton)/@0x37b026b on display:0: FloatingTutorialButton
04-20 20:08:19.724 22073 22073 D BoundBrokerSvc: onUnbind: Intent { act=com.google.android.gms.nearby.connection.service.START pkg=com.google.android.gms }
04-20 20:08:19.725 22073 22073 I NearbyConnections: Initiating shutdown of ServiceControllerRouter akrx@1b43384. [CONTEXT service_id=54 ]
04-20 20:08:19.726 22073  2951 I NearbyConnections: Initiating shutdown of OfflineServiceController. [CONTEXT service_id=54 ]
04-20 20:08:19.726 22073  2951 I NearbyConnections: Initiating shutdown of PCPManager. [CONTEXT service_id=54 ]
04-20 20:08:19.726 22073  2951 I NearbyConnections: Initiating shutdown of PCPHandler(P2P_STAR). [CONTEXT service_id=54 ]
04-20 20:08:19.727 22073  2951 I Nearby  : Successfully shutdown executor EncryptionRunner.serverExecutor. [CONTEXT service_id=49 ]
04-20 20:08:19.727 22073  3163 I NearbyConnections: EndpointManager cannot unregister IncomingOfflineFrameProcessor akyh@f4a9fa2 because it is not registered for frame type 2. [CONTEXT service_id=54 ]
04-20 20:08:19.727 22073  2951 I Nearby  : Successfully shutdown executor EncryptionRunner.clientExecutor. [CONTEXT service_id=49 ]
04-20 20:08:19.727 22073  2951 I Nearby  : Successfully shutdown executor EncryptionRunner.alarmExecutor. [CONTEXT service_id=49 ]
04-20 20:08:19.727 22073  2951 I Nearby  : Successfully shutdown executor BasePCPHandler.serialExecutor. [CONTEXT service_id=49 ]
04-20 20:08:19.727 22073  2951 I Nearby  : Successfully shutdown executor BasePCPHandler.alarmExecutor. [CONTEXT service_id=49 ]
04-20 20:08:19.727 22073  2951 I NearbyConnections: Initiating shutdown of PCPHandler(P2P_CLUSTER). [CONTEXT service_id=54 ]
04-20 20:08:19.728 22073  2951 I Nearby  : Successfully shutdown executor EncryptionRunner.serverExecutor. [CONTEXT service_id=49 ]
04-20 20:08:19.728 22073  2951 I Nearby  : Successfully shutdown executor EncryptionRunner.clientExecutor. [CONTEXT service_id=49 ]
04-20 20:08:19.728 22073  2951 I Nearby  : Successfully shutdown executor EncryptionRunner.alarmExecutor. [CONTEXT service_id=49 ]
04-20 20:08:19.728 22073  2951 I Nearby  : Successfully shutdown executor BasePCPHandler.serialExecutor. [CONTEXT service_id=49 ]
04-20 20:08:19.728 22073  2951 I Nearby  : Successfully shutdown executor BasePCPHandler.alarmExecutor. [CONTEXT service_id=49 ]
04-20 20:08:19.728 22073  2951 I NearbyConnections: Initiating shutdown of PCPHandler(P2P_POINT_TO_POINT). [CONTEXT service_id=54 ]
04-20 20:08:19.728 22073  2951 I Nearby  : Successfully shutdown executor EncryptionRunner.serverExecutor. [CONTEXT service_id=49 ]
04-20 20:08:19.728 22073  2951 I Nearby  : Successfully shutdown executor EncryptionRunner.clientExecutor. [CONTEXT service_id=49 ]
04-20 20:08:19.728 22073  2951 I Nearby  : Successfully shutdown executor EncryptionRunner.alarmExecutor. [CONTEXT service_id=49 ]
04-20 20:08:19.728 22073  2951 I Nearby  : Successfully shutdown executor BasePCPHandler.serialExecutor. [CONTEXT service_id=49 ]
04-20 20:08:19.729 22073  2951 I Nearby  : Successfully shutdown executor BasePCPHandler.alarmExecutor. [CONTEXT service_id=49 ]
04-20 20:08:19.729 22073  2951 I NearbyConnections: PCPManager has shut down. [CONTEXT service_id=54 ]
04-20 20:08:19.729 22073  2951 I NearbyConnections: Initiating shutdown of BandwidthUpgradeManager. [CONTEXT service_id=54 ]
04-20 20:08:19.729 22073  2951 I Nearby  : Successfully shutdown executor BandwidthUpgradeManager.alarmExecutor. [CONTEXT service_id=49 ]
04-20 20:08:19.729 22073  2951 I Nearby  : Successfully shutdown executor BandwidthUpgradeManager.serialExecutor. [CONTEXT service_id=49 ]
04-20 20:08:19.729 22073  2951 I NearbyMediums: Can't stop accepting Wifi connections because it was never started. [CONTEXT service_id=54 ]
04-20 20:08:19.729 22073  2951 I NearbyMediums: Can't stop the Wifi hotspot because it was never turned on. [CONTEXT service_id=54 ]
04-20 20:08:19.730 22073  2951 I NearbyMediums: Cannot disconnect from the Wifi hotspot when it was never connected. [CONTEXT service_id=54 ]
04-20 20:08:19.730 22073  2951 I NearbyMediums: Can't stop WiFi Direct group because a WiFi Direct isn't hosted. [CONTEXT service_id=54 ]
04-20 20:08:19.730 22073  2951 I NearbyMediums: Can't stop accepting WiFi Direct connections because we are not currently accepting WiFi Direct connections. [CONTEXT service_id=54 ]
04-20 20:08:19.730 22073  2951 I NearbyConnections: BandwidthUpgradeManager has shut down. [CONTEXT service_id=54 ]
04-20 20:08:19.730 22073  2951 I NearbyConnections: Initiating shutdown of PayloadManager. [CONTEXT service_id=54 ]
04-20 20:08:19.730 22073  2951 I Nearby  : Successfully shutdown executor PayloadManager.readStatusExecutor. [CONTEXT service_id=49 ]
04-20 20:08:19.730 22073  2951 I Nearby  : Successfully shutdown executor PayloadManager.payloadStatusUpdateExecutor. [CONTEXT service_id=49 ]
04-20 20:08:19.730 22073  2951 I NearbyConnections: Initiating shutdown of EndpointManager. [CONTEXT service_id=54 ]
04-20 20:08:19.730 22073  2951 I Nearby  : Successfully shutdown executor EndpointManager.serialExecutor. [CONTEXT service_id=49 ]
04-20 20:08:19.731 22073  2951 I Nearby  : Successfully shutdown executor EndpointManager.endpointReadersThreadPool. [CONTEXT service_id=49 ]
04-20 20:08:19.731 22073  2951 I Nearby  : Successfully shutdown executor EndpointManager.endpointKeepAliveManagerThreadPool. [CONTEXT service_id=49 ]
04-20 20:08:19.731 22073  2951 I NearbyConnections: EndpointManager has shut down. [CONTEXT service_id=54 ]
04-20 20:08:19.731 22073  2951 I NearbyConnections: Initiating shutdown of EndpointChannelManager. [CONTEXT service_id=54 ]
04-20 20:08:19.731 22073  2951 I NearbyConnections: EndpointChannelManager has shut down. [CONTEXT service_id=54 ]
04-20 20:08:19.731 22073  2951 I NearbyConnections: Initiating shutdown of MediumManager. [CONTEXT service_id=54 ]
04-20 20:08:19.731 22073  2951 I NearbyMediums: Initiating shutdown of Bluetooth. [CONTEXT service_id=54 ]
04-20 20:08:19.731 22073  2951 I Nearby  : Successfully shutdown executor BluetoothLowEnergy.onLostExecutor. [CONTEXT service_id=49 ]
04-20 20:08:19.731 22073  2951 I Nearby  : Successfully shutdown executor BluetoothLowEnergy.singleThreadOffloader. [CONTEXT service_id=49 ]
04-20 20:08:19.731 22073  2951 I NearbyMediums: Unable to stop the advertisement GATT server because it's not running. [CONTEXT service_id=54 ]
04-20 20:08:19.731 22073  2951 I Nearby  : Successfully shutdown executor BleServerSocket.weaveThreadOffloader. [CONTEXT service_id=49 ]
04-20 20:08:19.731 22073  2951 D BluetoothGattServer: close()
04-20 20:08:19.731 22073  2951 D BluetoothGattServer: unregisterCallback() - mServerIf=8
04-20 20:08:19.732  2290  2306 I chatty  : uid=1002(bluetooth) Binder:2290_1 expire 2 lines
04-20 20:08:19.733  2290  2603 I chatty  : uid=1002(bluetooth) btu message loo expire 2 lines
04-20 20:08:19.733  2290  2348 I chatty  : uid=1002(bluetooth) BT Service Call expire 1 line
04-20 20:08:19.858 22073  2951 I Nearby  : Successfully shutdown executor BluetoothClassic.singleThreadOffloader. [CONTEXT service_id=49 ]
04-20 20:08:19.859 22073  2951 I NearbyMediums: Can't stop stop Bluetooth Classic discovery because it never started. [CONTEXT service_id=54 ]
04-20 20:08:19.859 22073  2951 I NearbyMediums: Can't stop Bluetooth Classic advertising because it was never turned on. [CONTEXT service_id=54 ]
04-20 20:08:19.861 22073  2951 I Nearby  : Successfully shutdown executor BluetoothRadio.singleThreadOffloader. [CONTEXT service_id=49 ]
04-20 20:08:19.861 22073  2951 I NearbyMediums: Bluetooth has shut down. [CONTEXT service_id=54 ]
04-20 20:08:19.861 22073  2951 I NearbyMediums: Initiating shutdown of WiFi. [CONTEXT service_id=54 ]
04-20 20:08:19.861 22073  2951 I Nearby  : Successfully shutdown executor WifiDirect.singleThreadOffloader. [CONTEXT service_id=49 ]
04-20 20:08:19.861 22073  2951 I NearbyMediums: Can't stop WiFi Direct group because a WiFi Direct isn't hosted. [CONTEXT service_id=54 ]
04-20 20:08:19.861 22073  2951 I NearbyMediums: Can't stop accepting WiFi Direct connections because we are not currently accepting WiFi Direct connections. [CONTEXT service_id=54 ]
04-20 20:08:19.861 22073  2951 I Nearby  : Successfully shutdown executor WifiAwareNetworkManager.singleThreadOffloader. [CONTEXT service_id=49 ]
04-20 20:08:19.861 22073  2951 I Nearby  : Successfully shutdown executor L2ProtocolRunner.alarmExecutor. [CONTEXT service_id=49 ]
04-20 20:08:19.862 22073  2951 I Nearby  : Successfully shutdown executor L2ProtocolRunner.requestExecutor. [CONTEXT service_id=49 ]
04-20 20:08:19.862 22073  2951 I Nearby  : Successfully shutdown executor L2ProtocolRunner.acceptExecutor. [CONTEXT service_id=49 ]
04-20 20:08:19.862 22073  2951 I Nearby  : Successfully shutdown executor WifiAwareImpl.singleThreadOffloader. [CONTEXT service_id=49 ]
04-20 20:08:19.862 22073  2951 I Nearby  : Successfully shutdown executor DiscoverySessionTracker.alarmExecutor. [CONTEXT service_id=49 ]
04-20 20:08:19.862 22073  2951 I NearbyMediums: Can't release the WiFi Aware session because none was acquired. [CONTEXT service_id=54 ]
