04-20 20:04:58.889  1565  3522 W ActivityManager: Background start not allowed: service Intent { act=Orca.START cmp=com.instagram.android/com.facebook.rti.push.service.FbnsService (has extras) } to com.instagram.android/com.facebook.rti.push.service.FbnsService from pid=31757 uid=10317 pkg=com.instagram.android startFg?=false
04-20 20:04:59.079  1565  1909 D ConnectivityService: NetReassign [no changes]
04-20 20:05:08.212  1565  1909 I chatty  : uid=1000(system) ConnectivitySer identical 3 lines
04-20 20:05:11.253  1565  1909 D ConnectivityService: NetReassign [no changes]
04-20 20:05:13.568  1565  1656 I UsageStatsService: User[0] Flushing usage stats to disk
04-20 20:05:14.284  1565  1909 D ConnectivityService: NetReassign [no changes]
04-20 20:05:15.559  1565  4841 I ActivityManager: Force stopping com.google.location.nearby.apps.connectedcrossroad appid=10333 user=0: from pid 32078
04-20 20:05:15.570  1565  1657 W BroadcastQueue: Background execution not allowed: receiving Intent { act=android.intent.action.PACKAGE_RESTARTED dat=package:com.google.location.nearby.apps.connectedcrossroad flg=0x10 (has extras) } to steptracker.healthandfitness.walkingtracker.pedometer/com.drojian.stepcounter.receiver.PedometerReceiver
04-20 20:05:15.570  1565  1657 W BroadcastQueue: Background execution not allowed: receiving Intent { act=android.intent.action.PACKAGE_RESTARTED dat=package:com.google.location.nearby.apps.connectedcrossroad flg=0x10 (has extras) } to steptracker.healthandfitness.walkingtracker.pedometer/com.drojian.servicekeeper.receiver.BootReceiver
04-20 20:05:15.603  1565  3522 D CompatibilityChangeReporter: Compat change id reported: 135634846; UID 10143; state: DISABLED
04-20 20:05:15.604  1565  1659 D CompatibilityChangeReporter: Compat change id reported: 143937733; UID 10143; state: DISABLED
04-20 20:05:15.652  1565  1659 I ActivityManager: Start proc 32081:com.google.android.euicc/u0a143 for service {com.google.android.euicc/com.android.euicc.service.EuiccServiceImpl}
04-20 20:05:17.133  1565  1731 I PackageManager: Integrity check passed for file:///data/app/vmdl378071704.tmp
04-20 20:05:17.159  1565  1731 I PackageManager: Update package com.google.location.nearby.apps.connectedcrossroad code path from /data/app/~~cHax_mFwX0lJotlp4s6pCQ==/com.google.location.nearby.apps.connectedcrossroad-0tKjTG83RRrZLffN3eOPIg== to /data/app/~~01JUC5fOJz_fL2OJEYP88g==/com.google.location.nearby.apps.connectedcrossroad-IjRwV2BlrlxdJDiJv90Xdg==; Retain data and using new
04-20 20:05:17.160  1565  1731 I PackageManager: Update package com.google.location.nearby.apps.connectedcrossroad resource path from /data/app/~~cHax_mFwX0lJotlp4s6pCQ==/com.google.location.nearby.apps.connectedcrossroad-0tKjTG83RRrZLffN3eOPIg== to /data/app/~~01JUC5fOJz_fL2OJEYP88g==/com.google.location.nearby.apps.connectedcrossroad-IjRwV2BlrlxdJDiJv90Xdg==; Retain data and using new
04-20 20:05:17.169  1565  1731 D CompatibilityChangeReporter: Compat change id reported: 135549675; UID 10333; state: DISABLED
04-20 20:05:17.310  1565  1909 D ConnectivityService: NetReassign [no changes]
04-20 20:05:17.380  1565  1657 W BroadcastQueue: Background execution not allowed: receiving Intent { act=android.intent.action.PACKAGE_REMOVED dat=package:com.google.location.nearby.apps.connectedcrossroad flg=0x4000010 (has extras) } to com.android.vending/com.google.android.finsky.packagemanager.impl.PackageMonitorReceiverImpl$RegisteredReceiver
04-20 20:05:17.380  1565  1657 W BroadcastQueue: Background execution not allowed: receiving Intent { act=android.intent.action.PACKAGE_REMOVED dat=package:com.google.location.nearby.apps.connectedcrossroad flg=0x4000010 (has extras) } to com.android.vending/com.google.android.finsky.instantapps.appmanagement.InstantAppRemoveMonitor
04-20 20:05:17.437  1565  1657 W BroadcastQueue: Background execution not allowed: receiving Intent { act=android.intent.action.PACKAGE_REMOVED dat=package:com.google.location.nearby.apps.connectedcrossroad flg=0x4000010 (has extras) } to com.google.android.gms/.games.chimera.GamesSystemBroadcastReceiverProxy
04-20 20:05:17.439  1565  1657 W BroadcastQueue: Background execution not allowed: receiving Intent { act=android.intent.action.PACKAGE_REMOVED dat=package:com.google.location.nearby.apps.connectedcrossroad flg=0x4000010 (has extras) } to com.google.android.gms/.chimera.GmsIntentOperationService$PersistentTrustedReceiver
04-20 20:05:17.439  1565  1657 W BroadcastQueue: Background execution not allowed: receiving Intent { act=android.intent.action.PACKAGE_REMOVED dat=package:com.google.location.nearby.apps.connectedcrossroad flg=0x4000010 (has extras) } to com.google.android.googlequicksearchbox/com.google.android.apps.gsa.googlequicksearchbox.GelStubAppWatcher
04-20 20:05:17.439  1565  1657 W BroadcastQueue: Background execution not allowed: receiving Intent { act=android.intent.action.PACKAGE_REMOVED dat=package:com.google.location.nearby.apps.connectedcrossroad flg=0x4000010 (has extras) } to com.facebook.katana/com.facebook.feed.platformads.AppInstallReceiver
04-20 20:05:17.439  1565  1657 W BroadcastQueue: Background execution not allowed: receiving Intent { act=android.intent.action.PACKAGE_REMOVED dat=package:com.google.location.nearby.apps.connectedcrossroad flg=0x4000010 (has extras) } to com.jaga.ibraceletplus.smartwristband3/com.yc.pedometer.keepalive.KeepAliveReceiver
04-20 20:05:17.439  1565  1657 W BroadcastQueue: Background execution not allowed: receiving Intent { act=android.intent.action.PACKAGE_REMOVED dat=package:com.google.location.nearby.apps.connectedcrossroad flg=0x4000010 (has extras) } to com.microsoft.appmanager/.receiver.InstallUninstallReceiver
04-20 20:05:17.439  1565  1657 W BroadcastQueue: Background execution not allowed: receiving Intent { act=android.intent.action.PACKAGE_REMOVED dat=package:com.google.location.nearby.apps.connectedcrossroad flg=0x4000010 (has extras) } to com.microsoft.appmanager/com.microsoft.mmx.continuity.receiver.InstallUninstallReceiver
04-20 20:05:17.440  1565  1657 W BroadcastQueue: Background execution not allowed: receiving Intent { act=android.intent.action.PACKAGE_REMOVED dat=package:com.google.location.nearby.apps.connectedcrossroad flg=0x4000010 (has extras) } to com.microsoft.emmx/com.microsoft.mmx.continuity.receiver.InstallUninstallReceiver
04-20 20:05:17.440  1565  1657 W BroadcastQueue: Background execution not allowed: receiving Intent { act=android.intent.action.PACKAGE_ADDED dat=package:com.google.location.nearby.apps.connectedcrossroad flg=0x4000010 (has extras) } to com.google.android.packageinstaller/com.android.packageinstaller.PackageInstalledReceiver
04-20 20:05:17.447  1565  1657 W BroadcastQueue: Background execution not allowed: receiving Intent { act=android.intent.action.PACKAGE_ADDED dat=package:com.google.location.nearby.apps.connectedcrossroad flg=0x4000010 (has extras) } to com.android.vending/com.google.android.finsky.packagemanager.impl.PackageMonitorReceiverImpl$RegisteredReceiver
04-20 20:05:17.447  1565  1657 W BroadcastQueue: Background execution not allowed: receiving Intent { act=android.intent.action.PACKAGE_ADDED dat=package:com.google.location.nearby.apps.connectedcrossroad flg=0x4000010 (has extras) } to com.google.android.gms/.games.chimera.GamesSystemBroadcastReceiverProxy
04-20 20:05:17.447  1565  1657 W BroadcastQueue: Background execution not allowed: receiving Intent { act=android.intent.action.PACKAGE_ADDED dat=package:com.google.location.nearby.apps.connectedcrossroad flg=0x4000010 (has extras) } to com.google.android.gms/.gass.chimera.PackageChangeBroadcastReceiver
04-20 20:05:17.448  1565  1657 W BroadcastQueue: Background execution not allowed: receiving Intent { act=android.intent.action.PACKAGE_ADDED dat=package:com.google.location.nearby.apps.connectedcrossroad flg=0x4000010 (has extras) } to com.google.android.gms/.chimera.GmsIntentOperationService$PersistentTrustedReceiver
04-20 20:05:17.451  1565  4841 D CompatibilityChangeReporter: Compat change id reported: 135634846; UID 10122; state: DISABLED
04-20 20:05:17.451  1565  1659 D CompatibilityChangeReporter: Compat change id reported: 143937733; UID 10122; state: ENABLED
04-20 20:05:17.453  1565  1657 W BroadcastQueue: Background execution not allowed: receiving Intent { act=android.intent.action.PACKAGE_ADDED dat=package:com.google.location.nearby.apps.connectedcrossroad flg=0x4000010 (has extras) } to com.google.android.googlequicksearchbox/com.google.android.apps.gsa.googlequicksearchbox.GelStubAppWatcher
04-20 20:05:17.454  1565  1657 W BroadcastQueue: Background execution not allowed: receiving Intent { act=android.intent.action.PACKAGE_ADDED dat=package:com.google.location.nearby.apps.connectedcrossroad flg=0x4000010 (has extras) } to com.facebook.katana/com.facebook.feed.platformads.AppInstallReceiver
04-20 20:05:17.455  1565  1657 W BroadcastQueue: Background execution not allowed: receiving Intent { act=android.intent.action.PACKAGE_ADDED dat=package:com.google.location.nearby.apps.connectedcrossroad flg=0x4000010 (has extras) } to com.jaga.ibraceletplus.smartwristband3/com.yc.pedometer.keepalive.KeepAliveReceiver
04-20 20:05:17.455  1565  1657 W BroadcastQueue: Background execution not allowed: receiving Intent { act=android.intent.action.PACKAGE_ADDED dat=package:com.google.location.nearby.apps.connectedcrossroad flg=0x4000010 (has extras) } to com.microsoft.appmanager/.receiver.InstallUninstallReceiver
04-20 20:05:17.455  1565  1657 W BroadcastQueue: Background execution not allowed: receiving Intent { act=android.intent.action.PACKAGE_ADDED dat=package:com.google.location.nearby.apps.connectedcrossroad flg=0x4000010 (has extras) } to com.microsoft.appmanager/com.microsoft.mmx.continuity.receiver.InstallUninstallReceiver
04-20 20:05:17.455  1565  1657 W BroadcastQueue: Background execution not allowed: receiving Intent { act=android.intent.action.PACKAGE_ADDED dat=package:com.google.location.nearby.apps.connectedcrossroad flg=0x4000010 (has extras) } to com.microsoft.emmx/com.microsoft.mmx.continuity.receiver.InstallUninstallReceiver
04-20 20:05:17.497  1565  1838 I ActivityTaskManager: START u0 {act=android.intent.action.MAIN cat=[android.intent.category.LAUNCHER] flg=0x10000000 cmp=com.google.location.nearby.apps.connectedcrossroad/nx.aodv.eval.MainActivity} from uid 2000
04-20 20:05:17.497  1565  1659 I ActivityManager: Start proc 32161:com.google.android.apps.wellbeing/u0a122 for content provider {com.google.android.apps.wellbeing/com.google.android.apps.wellbeing.api.impl.WellbeingSettingsProvider}
04-20 20:05:17.524  1565  1659 W ActivityManager: Slow operation: 74ms so far, now at startProcess: done updating pids map
04-20 20:05:17.598  1565  1638 D CompatibilityChangeReporter: Compat change id reported: 135634846; UID 10333; state: DISABLED
04-20 20:05:17.599  1565  1659 D CompatibilityChangeReporter: Compat change id reported: 143937733; UID 10333; state: DISABLED
04-20 20:05:17.610  1565  1634 W Looper  : Slow dispatch took 156ms android.fg h=android.os.Handler c=<recycled PooledLambda@7d10ade> m=0
04-20 20:05:17.644  1565  1659 I ActivityManager: Start proc 32185:com.google.location.nearby.apps.connectedcrossroad/u0a333 for pre-top-activity {com.google.location.nearby.apps.connectedcrossroad/nx.aodv.eval.MainActivity}
04-20 20:05:17.701  1565  1634 W Looper  : Slow delivery took 227ms android.fg h=android.os.Handler c=<recycled PooledLambda@9d7dc5b> m=0
04-20 20:05:17.778  1565  1565 W Looper  : Slow dispatch took 336ms main h=android.app.ActivityThread$H c=android.app.-$$Lambda$LoadedApk$ReceiverDispatcher$Args$_BumDX2UKsnxLVrE6UJsJZkotuA@6200688 m=0
04-20 20:05:17.778  1565  1565 W Looper  : Slow delivery took 408ms main h=android.os.Handler c=android.app.-$$Lambda$LoadedApk$ReceiverDispatcher$Args$_BumDX2UKsnxLVrE6UJsJZkotuA@2d06821 m=0
04-20 20:05:18.090  1565  4851 W BroadcastQueue: Background execution not allowed: receiving Intent { act=android.intent.action.PACKAGE_REPLACED dat=package:com.google.location.nearby.apps.connectedcrossroad flg=0x4000010 (has extras) } to com.google.android.gms/.gass.chimera.PackageChangeBroadcastReceiver
04-20 20:05:18.093  1565  1657 W BroadcastQueue: Background execution not allowed: receiving Intent { act=android.intent.action.PACKAGE_REPLACED dat=package:com.google.location.nearby.apps.connectedcrossroad flg=0x4000010 (has extras) } to com.google.android.gms/.chimera.GmsIntentOperationService$PersistentTrustedReceiver
04-20 20:05:18.093  1565  1657 W BroadcastQueue: Background execution not allowed: receiving Intent { act=android.intent.action.PACKAGE_REPLACED dat=package:com.google.location.nearby.apps.connectedcrossroad flg=0x4000010 (has extras) } to com.google.android.googlequicksearchbox/com.google.android.apps.gsa.googlequicksearchbox.GelStubAppWatcher
04-20 20:05:18.093  1565  1657 W BroadcastQueue: Background execution not allowed: receiving Intent { act=android.intent.action.PACKAGE_REPLACED dat=package:com.google.location.nearby.apps.connectedcrossroad flg=0x4000010 (has extras) } to com.infonow.bofa/com.bofa.ecom.marvel.application.BofaPackageUpdateReceiver
04-20 20:05:18.094  1565  1657 W BroadcastQueue: Background execution not allowed: receiving Intent { act=android.intent.action.PACKAGE_REPLACED dat=package:com.google.location.nearby.apps.connectedcrossroad flg=0x4000010 (has extras) } to com.microsoft.appmanager/com.microsoft.mmx.continuity.receiver.InstallUninstallReceiver
04-20 20:05:18.095  1565  1657 W BroadcastQueue: Background execution not allowed: receiving Intent { act=android.intent.action.PACKAGE_REPLACED dat=package:com.google.location.nearby.apps.connectedcrossroad flg=0x4000010 (has extras) } to com.microsoft.emmx/com.microsoft.mmx.continuity.receiver.InstallUninstallReceiver
04-20 20:05:18.095  1565  1657 W BroadcastQueue: Background execution not allowed: receiving Intent { act=android.intent.action.PACKAGE_REPLACED dat=package:com.google.location.nearby.apps.connectedcrossroad flg=0x4000010 (has extras) } to steptracker.healthandfitness.walkingtracker.pedometer/com.drojian.stepcounter.receiver.PedometerReceiver
04-20 20:05:18.095  1565  1657 W BroadcastQueue: Background execution not allowed: receiving Intent { act=android.intent.action.PACKAGE_REPLACED dat=package:com.google.location.nearby.apps.connectedcrossroad flg=0x4000010 (has extras) } to steptracker.healthandfitness.walkingtracker.pedometer/com.drojian.servicekeeper.receiver.BootReceiver
04-20 20:05:18.192  1565  2784 D ConnectivityService: ConnectivityService NetworkRequestInfo binderDied(NetworkRequest [ TRACK_DEFAULT id=6072, [ Capabilities: INTERNET&NOT_RESTRICTED&TRUSTED Uid: 10272 AdministratorUids: [] RequestorUid: 10272 RequestorPackageName: com.microsoft.office.outlook] ], android.os.BinderProxy@a50e1e8)
04-20 20:05:18.192  1565  4841 D ConnectivityService: ConnectivityService NetworkRequestInfo binderDied(NetworkRequest [ LISTEN id=6071, [ Capabilities: INTERNET&NOT_RESTRICTED&TRUSTED&NOT_VPN&FOREGROUND Uid: 10272 AdministratorUids: [] RequestorUid: 10272 RequestorPackageName: com.microsoft.office.outlook] ], android.os.BinderProxy@ab51001)
04-20 20:05:18.192  1565  3512 D ConnectivityService: ConnectivityService NetworkRequestInfo binderDied(NetworkRequest [ TRACK_DEFAULT id=6074, [ Capabilities: INTERNET&NOT_RESTRICTED&TRUSTED Uid: 10272 AdministratorUids: [] RequestorUid: 10272 RequestorPackageName: com.microsoft.office.outlook] ], android.os.BinderProxy@bbe4ea6)
04-20 20:05:18.192  1565  1909 D ConnectivityService: releasing NetworkRequest [ TRACK_DEFAULT id=6072, [ Capabilities: INTERNET&NOT_RESTRICTED&TRUSTED Uid: 10272 AdministratorUids: [] RequestorUid: 10272 RequestorPackageName: com.microsoft.office.outlook] ] (release request)
04-20 20:05:18.193  1565  4460 I ActivityManager: Process com.microsoft.office.outlook (pid 31236) has died: cch+99 CEM 
04-20 20:05:18.194  1565  1909 D ConnectivityService: releasing NetworkRequest [ TRACK_DEFAULT id=6074, [ Capabilities: INTERNET&NOT_RESTRICTED&TRUSTED Uid: 10272 AdministratorUids: [] RequestorUid: 10272 RequestorPackageName: com.microsoft.office.outlook] ] (release request)
04-20 20:05:18.284  1565  1565 W Looper  : Slow dispatch took 499ms main h=android.app.ActivityThread$H c=android.app.-$$Lambda$LoadedApk$ReceiverDispatcher$Args$_BumDX2UKsnxLVrE6UJsJZkotuA@976da29 m=0
04-20 20:05:18.290  1565  1634 D CompatibilityChangeReporter: Compat change id reported: 135634846; UID 10081; state: DISABLED
04-20 20:05:18.290  1565  1634 W Looper  : Drained
04-20 20:05:18.290  1565  1659 D CompatibilityChangeReporter: Compat change id reported: 143937733; UID 10081; state: DISABLED
04-20 20:05:18.318  1565  1659 I ActivityManager: Start proc 32226:com.google.android.permissioncontroller/u0a81 for service {com.google.android.permissioncontroller/com.android.permissioncontroller.permission.service.PermissionControllerServiceImpl}
04-20 20:05:19.861  1565  1565 W Looper  : Slow dispatch took 1575ms main h=android.app.ActivityThread$H c=android.app.-$$Lambda$LoadedApk$ReceiverDispatcher$Args$_BumDX2UKsnxLVrE6UJsJZkotuA@f3cec46 m=0
04-20 20:05:19.862  1565  1565 I Telecom : DefaultDialerCache: Refreshing default dialer for user 0: now com.google.android.dialer: DDC.oR@k4o
04-20 20:05:19.889  1565  1565 V BackupManagerConstants: getFullBackupIntervalMilliseconds(...) returns 86400000
04-20 20:05:19.889  1565  1565 V BackupManagerConstants: getFullBackupRequiredNetworkType(...) returns 2
04-20 20:05:19.889  1565  1565 V BackupManagerConstants: getFullBackupRequireCharging(...) returns true
04-20 20:05:20.321  1565  1909 D ConnectivityService: NetReassign [no changes]
04-20 20:05:20.488  1565  1565 W Looper  : Slow dispatch took 625ms main h=android.app.ActivityThread$H c=android.app.-$$Lambda$LoadedApk$ReceiverDispatcher$Args$_BumDX2UKsnxLVrE6UJsJZkotuA@89be3c9 m=0
04-20 20:05:20.514  1565  1565 W Looper  : Drained
04-20 20:05:20.718  1565  1898 W NetworkPolicy: shared quota unsupported; generating rule for each iface
04-20 20:05:22.135  1565  1565 W Looper  : Slow dispatch took 993ms main h=com.android.server.accessibility.AccessibilityManagerService$MainHandler c=<recycled PooledLambda@5a87d17> m=0
04-20 20:05:22.135  1565  1565 W Looper  : Slow delivery took 993ms main h=com.android.server.accessibility.AccessibilityManagerService$MainHandler c=<recycled PooledLambda@5a47504> m=0
04-20 20:05:22.135  1565  1565 W Looper  : Drained
04-20 20:05:22.391  1565  4851 D CompatibilityChangeReporter: Compat change id reported: 136274596; UID 10333; state: DISABLED
04-20 20:05:23.340  1565  1909 D ConnectivityService: NetReassign [no changes]
04-20 20:05:23.343  1565  1588 I DropBoxManagerService: add tag=event_data isTagEnabled=true flags=0x2
04-20 20:05:23.361  1565  1657 W BroadcastQueue: Permission Denial: receiving Intent { act=android.intent.action.DROPBOX_ENTRY_ADDED flg=0x10 (has extras) } to ProcessRecord{d321896 11842:com.imgur.mobile/u0a254} (pid=11842, uid=10254) requires android.permission.READ_LOGS due to sender android (uid 1000)
04-20 20:05:23.382  1565  1588 I DropBoxManagerService: add tag=dumpsys:account isTagEnabled=true flags=0x2
04-20 20:05:23.395  1565  1657 W BroadcastQueue: Permission Denial: receiving Intent { act=android.intent.action.DROPBOX_ENTRY_ADDED flg=0x10 (has extras) } to ProcessRecord{d321896 11842:com.imgur.mobile/u0a254} (pid=11842, uid=10254) requires android.permission.READ_LOGS due to sender android (uid 1000)
04-20 20:05:23.437  1565  1587 W BroadcastQueue: Background execution not allowed: receiving Intent { act=android.intent.action.DROPBOX_ENTRY_ADDED flg=0x10 (has extras) } to com.google.android.gms/.stats.service.DropBoxEntryAddedReceiver
04-20 20:05:23.440  1565  1657 W BroadcastQueue: Background execution not allowed: receiving Intent { act=android.intent.action.DROPBOX_ENTRY_ADDED flg=0x10 (has extras) } to com.google.android.gms/.chimera.GmsIntentOperationService$PersistentTrustedReceiver
04-20 20:05:23.441  1565  1657 W BroadcastQueue: Background execution not allowed: receiving Intent { act=android.intent.action.DROPBOX_ENTRY_ADDED flg=0x10 (has extras) } to com.google.android.gms/.stats.service.DropBoxEntryAddedReceiver
04-20 20:05:23.442  1565  1657 W BroadcastQueue: Background execution not allowed: receiving Intent { act=android.intent.action.DROPBOX_ENTRY_ADDED flg=0x10 (has extras) } to com.google.android.gms/.chimera.GmsIntentOperationService$PersistentTrustedReceiver
04-20 20:05:23.559  1565  2183 I DropBoxManagerService: add tag=platform_stats_bookmark isTagEnabled=true flags=0x2
04-20 20:05:23.566  1565  1657 W BroadcastQueue: Permission Denial: receiving Intent { act=android.intent.action.DROPBOX_ENTRY_ADDED flg=0x10 (has extras) } to ProcessRecord{d321896 11842:com.imgur.mobile/u0a254} (pid=11842, uid=10254) requires android.permission.READ_LOGS due to sender android (uid 1000)
04-20 20:05:23.566  1565  1657 W BroadcastQueue: Background execution not allowed: receiving Intent { act=android.intent.action.DROPBOX_ENTRY_ADDED flg=0x10 (has extras) } to com.google.android.gms/.stats.service.DropBoxEntryAddedReceiver
04-20 20:05:23.566  1565  1657 W BroadcastQueue: Background execution not allowed: receiving Intent { act=android.intent.action.DROPBOX_ENTRY_ADDED flg=0x10 (has extras) } to com.google.android.gms/.chimera.GmsIntentOperationService$PersistentTrustedReceiver
04-20 20:05:23.730  1565  1898 W NetworkPolicy: shared quota unsupported; generating rule for each iface
04-20 20:05:24.471  1565  1898 I chatty  : uid=1000(system) NetworkPolicy identical 2 lines
04-20 20:05:24.525  1565  1898 W NetworkPolicy: shared quota unsupported; generating rule for each iface
04-20 20:05:24.695  1565  2183 E SystemServiceRegistry: Manager wrapper not available: face
04-20 20:05:24.697  1565  1657 I DropBoxManagerService: add tag=system_server_wtf isTagEnabled=true flags=0x2
04-20 20:05:24.850  1565  1587 W SettingsStatsUtil: Can not parse value to float: gps,network
04-20 20:05:26.353  1565  1909 D ConnectivityService: NetReassign [no changes]
04-20 20:05:26.704  1565  1657 W BroadcastQueue: Permission Denial: receiving Intent { act=android.intent.action.DROPBOX_ENTRY_ADDED flg=0x10 (has extras) } to ProcessRecord{d321896 11842:com.imgur.mobile/u0a254} (pid=11842, uid=10254) requires android.permission.READ_LOGS due to sender android (uid 1000)
04-20 20:05:26.704  1565  1657 W BroadcastQueue: Background execution not allowed: receiving Intent { act=android.intent.action.DROPBOX_ENTRY_ADDED flg=0x10 (has extras) } to com.google.android.gms/.stats.service.DropBoxEntryAddedReceiver
04-20 20:05:26.704  1565  1657 W BroadcastQueue: Background execution not allowed: receiving Intent { act=android.intent.action.DROPBOX_ENTRY_ADDED flg=0x10 (has extras) } to com.google.android.gms/.chimera.GmsIntentOperationService$PersistentTrustedReceiver
04-20 20:05:27.373  1565  3512 I ActivityManager: Process com.soundcloud.android (pid 31225) has died: cch+99 CEM 
04-20 20:05:27.526  1565  4295 I ActivityManager: Process com.google.android.apps.messaging (pid 30111) has died: cch+99 CEM 
04-20 20:05:29.369  1565  1909 D ConnectivityService: NetReassign [no changes]
04-20 20:05:31.026  1565  3512 D CompatibilityChangeReporter: Compat change id reported: 135634846; UID 10066; state: DISABLED
04-20 20:05:31.026  1565  1659 D CompatibilityChangeReporter: Compat change id reported: 143937733; UID 10066; state: ENABLED
04-20 20:05:31.051  1565  1659 I ActivityManager: Start proc 32375:android.process.media/u0a66 for content provider {com.android.providers.downloads/com.android.providers.downloads.DownloadProvider}
04-20 20:05:32.386  1565  1909 D ConnectivityService: NetReassign [no changes]
04-20 20:05:33.310  1565  1657 W BroadcastQueue: Permission Denial: receiving Intent { act=android.bluetooth.adapter.action.LOCAL_NAME_CHANGED flg=0x4000010 (has extras) } to ProcessRecord{d321896 11842:com.imgur.mobile/u0a254} (pid=11842, uid=10254) requires android.permission.BLUETOOTH due to sender com.android.bluetooth (uid 1002)
04-20 20:05:33.310  1565  1565 D BluetoothManagerService: Bluetooth Adapter name changed to IktVT1Jbye0AAAAAAAAAATE
04-20 20:05:33.311  1565  1565 D BluetoothManagerService: Stored Bluetooth name: IktVT1Jbye0AAAAAAAAAATE
04-20 20:05:33.316  1565  1657 W BroadcastQueue: Permission Denial: receiving Intent { act=android.bluetooth.adapter.action.SCAN_MODE_CHANGED flg=0x4000010 (has extras) } to ProcessRecord{d321896 11842:com.imgur.mobile/u0a254} (pid=11842, uid=10254) requires android.permission.BLUETOOTH due to sender com.android.bluetooth (uid 1002)
04-20 20:05:33.705  1565  1911 D NsdService: Register service
04-20 20:05:33.706  1565  1911 D NsdService: registerService: 5 name: IktVT1Jbye0AAA, type: _5BC9ED5E6C75._tcp, host: null, port: 39785, txtRecord: n=MQIPv4=192.168.1.17
04-20 20:05:33.706  1565  1911 D NsdService: mdnssd [register, 5, IktVT1Jbye0AAA, _5BC9ED5E6C75._tcp, 39785, BG49TVERSVB2ND0xOTIuMTY4LjEuMTc=]
04-20 20:05:33.731  1565  1911 D NsdService: Register 5 5
04-20 20:05:33.746  1565  3512 W ActivityManager: stopServiceToken startId 16 is last, but have 2 remaining args
04-20 20:05:34.459  1565  1911 D NsdService: Native daemon message SERVICE_REGISTERED: 606 5 "IktVT1Jbye0AAA"
04-20 20:05:34.498  1565  3512 E AppOps  : attributionTag com.google.android.gms.nearby not declared in manifest of com.google.location.nearby.apps.connectedcrossroad
04-20 20:05:34.529  1565  1657 W BroadcastQueue: Permission Denial: receiving Intent { act=android.bluetooth.adapter.action.DISCOVERY_STARTED flg=0x10 } to ProcessRecord{d321896 11842:com.imgur.mobile/u0a254} (pid=11842, uid=10254) requires android.permission.BLUETOOTH due to sender com.android.bluetooth (uid 1002)
04-20 20:05:35.424  1565  1909 D ConnectivityService: NetReassign [no changes]
04-20 20:05:38.440  1565  1909 D ConnectivityService: NetReassign [no changes]
04-20 20:05:38.843  1565  1657 W BroadcastQueue: Permission Denial: receiving Intent { act=android.bluetooth.adapter.action.DISCOVERY_FINISHED flg=0x10 } to ProcessRecord{d321896 11842:com.imgur.mobile/u0a254} (pid=11842, uid=10254) requires android.permission.BLUETOOTH due to sender com.android.bluetooth (uid 1002)
04-20 20:05:39.597  1565  1657 W BroadcastQueue: Permission Denial: receiving Intent { act=android.bluetooth.device.action.ACL_CONNECTED flg=0x5000010 (has extras) } to ProcessRecord{d321896 11842:com.imgur.mobile/u0a254} (pid=11842, uid=10254) requires android.permission.BLUETOOTH due to sender com.android.bluetooth (uid 1002)
04-20 20:05:39.601  1565  1657 D CompatibilityChangeReporter: Compat change id reported: 135634846; UID 10141; state: DISABLED
04-20 20:05:39.602  1565  1659 D CompatibilityChangeReporter: Compat change id reported: 143937733; UID 10141; state: ENABLED
04-20 20:05:39.627  1565  1659 I ActivityManager: Start proc 32446:com.google.android.projection.gearhead:shared/u0a141 for broadcast {com.google.android.projection.gearhead/com.google.android.apps.auto.wireless.bluetooth.WifiBluetoothReceiver}
04-20 20:05:40.289  1565  3522 D CompatibilityChangeReporter: Compat change id reported: 135634846; UID 10140; state: DISABLED
04-20 20:05:40.289  1565  1659 D CompatibilityChangeReporter: Compat change id reported: 143937733; UID 10140; state: ENABLED
04-20 20:05:40.311  1565  1659 I ActivityManager: Start proc 32489:com.google.android.apps.wearables.maestro.companion/u0a140 for broadcast {com.google.android.apps.wearables.maestro.companion/com.google.android.apps.wearables.maestro.companion.connectivity.ClassicBTReceiver}
04-20 20:05:40.718  1565  1657 W BroadcastQueue: Permission Denial: broadcasting Intent { act=com.google.android.apps.gmm.NAVIGATION_STATE flg=0x10 pkg=com.google.android.googlequicksearchbox (has extras) } from null (pid=-1, uid=-1) requires com.google.android.googlequicksearchbox.permission.LAUNCH_FROM_GMM due to registered receiver BroadcastFilter{34b7b46 10125/u0 ReceiverList{cfe8b21 8656 com.google.android.googlequicksearchbox:search/10125/u0 remote:f74d588}}
04-20 20:05:40.719  1565  1657 W BroadcastQueue: Permission Denial: broadcasting Intent { act=com.google.android.apps.gmm.NAVIGATION_STATE flg=0x10 pkg=com.google.android.gms (has extras) } from null (pid=-1, uid=-1) requires com.google.android.googlequicksearchbox.permission.LAUNCH_FROM_GMM due to registered receiver BroadcastFilter{34b7b46 10125/u0 ReceiverList{cfe8b21 8656 com.google.android.googlequicksearchbox:search/10125/u0 remote:f74d588}}
04-20 20:05:40.795  1565  4460 D CompatibilityChangeReporter: Compat change id reported: 135634846; UID 10141; state: DISABLED
04-20 20:05:40.795  1565  1659 D CompatibilityChangeReporter: Compat change id reported: 143937733; UID 10141; state: ENABLED
04-20 20:05:40.817  1565  1659 I ActivityManager: Start proc 32531:com.google.android.projection.gearhead:car/u0a141 for broadcast {com.google.android.projection.gearhead/com.google.android.apps.auto.carservice.gmscorecompat.CarBluetoothReceiver}
04-20 20:05:40.949  1565  1657 W BroadcastQueue: Permission Denial: receiving Intent { act=android.bluetooth.adapter.action.DISCOVERY_STARTED flg=0x10 } to ProcessRecord{d321896 11842:com.imgur.mobile/u0a254} (pid=11842, uid=10254) requires android.permission.BLUETOOTH due to sender com.android.bluetooth (uid 1002)
04-20 20:05:41.090  1565  3522 D CompatibilityChangeReporter: Compat change id reported: 135634846; UID 10235; state: DISABLED
04-20 20:05:41.090  1565  1659 D CompatibilityChangeReporter: Compat change id reported: 143937733; UID 10235; state: DISABLED
04-20 20:05:41.111  1565  1659 I ActivityManager: Start proc 32569:com.spotify.music/u0a235 for broadcast {com.spotify.music/com.spotify.mobile.android.spotlets.appprotocol.service.BluetoothAclReceiver}
04-20 20:05:41.454  1565  1909 D ConnectivityService: NetReassign [no changes]
04-20 20:05:44.392  1565  1657 W BroadcastQueue: Permission Denial: receiving Intent { act=android.bluetooth.device.action.NAME_CHANGED flg=0x4000010 (has extras) } to ProcessRecord{d321896 11842:com.imgur.mobile/u0a254} (pid=11842, uid=10254) requires android.permission.BLUETOOTH due to sender com.android.bluetooth (uid 1002)
04-20 20:05:44.436  1565  1657 W BroadcastQueue: Permission Denial: receiving Intent { act=android.bluetooth.adapter.action.DISCOVERY_FINISHED flg=0x10 } to ProcessRecord{d321896 11842:com.imgur.mobile/u0a254} (pid=11842, uid=10254) requires android.permission.BLUETOOTH due to sender com.android.bluetooth (uid 1002)
04-20 20:05:44.470  1565  1909 D ConnectivityService: NetReassign [no changes]
04-20 20:05:50.537  1565  1909 I chatty  : uid=1000(system) ConnectivitySer identical 2 lines
04-20 20:05:53.570  1565  1909 D ConnectivityService: NetReassign [no changes]
04-20 20:05:55.725  1565  1657 I ActivityManager: Waited long enough for: ServiceRecord{4d70107 u0 com.google.android.googlequicksearchbox/com.google.android.apps.gsa.shared.util.keepalive.StandaloneKeepAlive$KeepAliveService}
04-20 20:05:56.593  1565  1909 D ConnectivityService: NetReassign [no changes]
04-20 20:05:59.619  1565  1909 D ConnectivityService: NetReassign [no changes]
04-20 20:06:00.053  1565  4460 W ActivityManager: Binding with unknown activity: Token{1381fbf null}
04-20 20:06:00.063  1565  4460 W ActivityManager: Binding with unknown activity: Token{1381fbf null}
04-20 20:06:02.649  1565  1909 D ConnectivityService: NetReassign [no changes]
04-20 20:06:05.555  1565  1657 W BroadcastQueue: Permission Denial: receiving Intent { act=android.bluetooth.adapter.action.DISCOVERY_STARTED flg=0x10 } to ProcessRecord{d321896 11842:com.imgur.mobile/u0a254} (pid=11842, uid=10254) requires android.permission.BLUETOOTH due to sender com.android.bluetooth (uid 1002)
04-20 20:06:05.668  1565  1909 D ConnectivityService: NetReassign [no changes]
04-20 20:06:05.990  1565  1657 W BroadcastQueue: Permission Denial: receiving Intent { act=android.bluetooth.adapter.action.DISCOVERY_FINISHED flg=0x10 } to ProcessRecord{d321896 11842:com.imgur.mobile/u0a254} (pid=11842, uid=10254) requires android.permission.BLUETOOTH due to sender com.android.bluetooth (uid 1002)
04-20 20:06:08.074  1565  1657 W BroadcastQueue: Permission Denial: receiving Intent { act=android.bluetooth.device.action.ACL_CONNECTED flg=0x5000010 (has extras) } to ProcessRecord{d321896 11842:com.imgur.mobile/u0a254} (pid=11842, uid=10254) requires android.permission.BLUETOOTH due to sender com.android.bluetooth (uid 1002)
04-20 20:06:08.690  1565  1909 D ConnectivityService: NetReassign [no changes]
04-20 20:06:09.557  1565  1657 W BroadcastQueue: Permission Denial: receiving Intent { act=android.bluetooth.adapter.action.DISCOVERY_STARTED flg=0x10 } to ProcessRecord{d321896 11842:com.imgur.mobile/u0a254} (pid=11842, uid=10254) requires android.permission.BLUETOOTH due to sender com.android.bluetooth (uid 1002)
04-20 20:06:09.703  1565  1657 W BroadcastQueue: Permission Denial: receiving Intent { act=android.bluetooth.adapter.action.DISCOVERY_FINISHED flg=0x10 } to ProcessRecord{d321896 11842:com.imgur.mobile/u0a254} (pid=11842, uid=10254) requires android.permission.BLUETOOTH due to sender com.android.bluetooth (uid 1002)
04-20 20:06:10.355  1565  1657 W BroadcastQueue: Permission Denial: receiving Intent { act=android.bluetooth.adapter.action.DISCOVERY_STARTED flg=0x10 } to ProcessRecord{d321896 11842:com.imgur.mobile/u0a254} (pid=11842, uid=10254) requires android.permission.BLUETOOTH due to sender com.android.bluetooth (uid 1002)
04-20 20:06:10.402  1565  1898 W NetworkPolicy: shared quota unsupported; generating rule for each iface
04-20 20:06:11.711  1565  1909 D ConnectivityService: NetReassign [no changes]
04-20 20:06:14.740  1565  1909 D ConnectivityService: NetReassign [no changes]
04-20 20:06:15.168  1565  1657 W BroadcastQueue: Permission Denial: receiving Intent { act=android.bluetooth.adapter.action.DISCOVERY_FINISHED flg=0x10 } to ProcessRecord{d321896 11842:com.imgur.mobile/u0a254} (pid=11842, uid=10254) requires android.permission.BLUETOOTH due to sender com.android.bluetooth (uid 1002)
04-20 20:06:15.657  1565  1657 W BroadcastQueue: Permission Denial: receiving Intent { act=android.bluetooth.device.action.ACL_CONNECTED flg=0x5000010 (has extras) } to ProcessRecord{d321896 11842:com.imgur.mobile/u0a254} (pid=11842, uid=10254) requires android.permission.BLUETOOTH due to sender com.android.bluetooth (uid 1002)
04-20 20:06:17.123  1565  1657 W BroadcastQueue: Permission Denial: receiving Intent { act=android.bluetooth.adapter.action.DISCOVERY_STARTED flg=0x10 } to ProcessRecord{d321896 11842:com.imgur.mobile/u0a254} (pid=11842, uid=10254) requires android.permission.BLUETOOTH due to sender com.android.bluetooth (uid 1002)
04-20 20:06:17.273  1565  1657 W BroadcastQueue: Permission Denial: receiving Intent { act=android.bluetooth.adapter.action.DISCOVERY_FINISHED flg=0x10 } to ProcessRecord{d321896 11842:com.imgur.mobile/u0a254} (pid=11842, uid=10254) requires android.permission.BLUETOOTH due to sender com.android.bluetooth (uid 1002)
04-20 20:06:17.751  1565  1657 W BroadcastQueue: Permission Denial: receiving Intent { act=android.bluetooth.device.action.ACL_CONNECTED flg=0x5000010 (has extras) } to ProcessRecord{d321896 11842:com.imgur.mobile/u0a254} (pid=11842, uid=10254) requires android.permission.BLUETOOTH due to sender com.android.bluetooth (uid 1002)
04-20 20:06:17.769  1565  1909 D ConnectivityService: NetReassign [no changes]
04-20 20:06:19.655  1565  1657 W BroadcastQueue: Permission Denial: receiving Intent { act=android.bluetooth.adapter.action.DISCOVERY_STARTED flg=0x10 } to ProcessRecord{d321896 11842:com.imgur.mobile/u0a254} (pid=11842, uid=10254) requires android.permission.BLUETOOTH due to sender com.android.bluetooth (uid 1002)
04-20 20:06:20.802  1565  1909 D ConnectivityService: NetReassign [no changes]
04-20 20:06:29.877  1565  1909 I chatty  : uid=1000(system) ConnectivitySer identical 3 lines
04-20 20:06:32.906  1565  1909 D ConnectivityService: NetReassign [no changes]
04-20 20:06:35.910  1565  1657 W BroadcastQueue: Permission Denial: receiving Intent { act=android.bluetooth.device.action.NAME_CHANGED flg=0x4000010 (has extras) } to ProcessRecord{d321896 11842:com.imgur.mobile/u0a254} (pid=11842, uid=10254) requires android.permission.BLUETOOTH due to sender com.android.bluetooth (uid 1002)
04-20 20:06:35.914  1565  1657 W BroadcastQueue: Permission Denial: receiving Intent { act=android.bluetooth.adapter.action.DISCOVERY_FINISHED flg=0x10 } to ProcessRecord{d321896 11842:com.imgur.mobile/u0a254} (pid=11842, uid=10254) requires android.permission.BLUETOOTH due to sender com.android.bluetooth (uid 1002)
04-20 20:06:35.930  1565  1909 D ConnectivityService: NetReassign [no changes]
04-20 20:06:35.947  1565  1657 W BroadcastQueue: Permission Denial: receiving Intent { act=android.bluetooth.adapter.action.DISCOVERY_STARTED flg=0x10 } to ProcessRecord{d321896 11842:com.imgur.mobile/u0a254} (pid=11842, uid=10254) requires android.permission.BLUETOOTH due to sender com.android.bluetooth (uid 1002)
04-20 20:06:38.959  1565  1909 D ConnectivityService: NetReassign [no changes]
04-20 20:06:41.990  1565  1909 I chatty  : uid=1000(system) ConnectivitySer identical 1 line
04-20 20:06:45.002  1565  1909 D ConnectivityService: NetReassign [no changes]
04-20 20:06:45.769  1565  1657 W BroadcastQueue: Permission Denial: receiving Intent { act=android.bluetooth.device.action.NAME_CHANGED flg=0x4000010 (has extras) } to ProcessRecord{d321896 11842:com.imgur.mobile/u0a254} (pid=11842, uid=10254) requires android.permission.BLUETOOTH due to sender com.android.bluetooth (uid 1002)
04-20 20:06:48.023  1565  1909 D ConnectivityService: NetReassign [no changes]
04-20 20:06:54.077  1565  1909 I chatty  : uid=1000(system) ConnectivitySer identical 2 lines
04-20 20:06:57.108  1565  1909 D ConnectivityService: NetReassign [no changes]
04-20 20:06:59.180  1565  1657 W BroadcastQueue: Permission Denial: receiving Intent { act=android.bluetooth.adapter.action.DISCOVERY_FINISHED flg=0x10 } to ProcessRecord{d321896 11842:com.imgur.mobile/u0a254} (pid=11842, uid=10254) requires android.permission.BLUETOOTH due to sender com.android.bluetooth (uid 1002)
04-20 20:06:59.217  1565  1657 W BroadcastQueue: Permission Denial: receiving Intent { act=android.bluetooth.adapter.action.DISCOVERY_STARTED flg=0x10 } to ProcessRecord{d321896 11842:com.imgur.mobile/u0a254} (pid=11842, uid=10254) requires android.permission.BLUETOOTH due to sender com.android.bluetooth (uid 1002)
04-20 20:07:00.135  1565  1909 D ConnectivityService: NetReassign [no changes]
04-20 20:07:15.272  1565  1909 I chatty  : uid=1000(system) ConnectivitySer identical 5 lines
04-20 20:07:18.298  1565  1909 D ConnectivityService: NetReassign [no changes]
04-20 20:07:18.645  1565  1657 W BroadcastQueue: Permission Denial: receiving Intent { act=android.bluetooth.adapter.action.DISCOVERY_FINISHED flg=0x10 } to ProcessRecord{d321896 11842:com.imgur.mobile/u0a254} (pid=11842, uid=10254) requires android.permission.BLUETOOTH due to sender com.android.bluetooth (uid 1002)
04-20 20:07:18.677  1565  1657 W BroadcastQueue: Permission Denial: receiving Intent { act=android.bluetooth.adapter.action.DISCOVERY_STARTED flg=0x10 } to ProcessRecord{d321896 11842:com.imgur.mobile/u0a254} (pid=11842, uid=10254) requires android.permission.BLUETOOTH due to sender com.android.bluetooth (uid 1002)
04-20 20:07:21.320  1565  1909 D ConnectivityService: NetReassign [no changes]
04-20 20:07:21.840  1565  1657 W BroadcastQueue: Permission Denial: receiving Intent { act=android.bluetooth.device.action.NAME_CHANGED flg=0x4000010 (has extras) } to ProcessRecord{d321896 11842:com.imgur.mobile/u0a254} (pid=11842, uid=10254) requires android.permission.BLUETOOTH due to sender com.android.bluetooth (uid 1002)
04-20 20:07:24.357  1565  1909 D ConnectivityService: NetReassign [no changes]
04-20 20:07:39.492  1565  1909 I chatty  : uid=1000(system) ConnectivitySer identical 5 lines
04-20 20:07:42.516  1565  1909 D ConnectivityService: NetReassign [no changes]
04-20 20:07:43.365  1565  1657 W BroadcastQueue: Permission Denial: receiving Intent { act=android.bluetooth.adapter.action.DISCOVERY_FINISHED flg=0x10 } to ProcessRecord{d321896 11842:com.imgur.mobile/u0a254} (pid=11842, uid=10254) requires android.permission.BLUETOOTH due to sender com.android.bluetooth (uid 1002)
04-20 20:07:43.396  1565  1657 W BroadcastQueue: Permission Denial: receiving Intent { act=android.bluetooth.adapter.action.DISCOVERY_STARTED flg=0x10 } to ProcessRecord{d321896 11842:com.imgur.mobile/u0a254} (pid=11842, uid=10254) requires android.permission.BLUETOOTH due to sender com.android.bluetooth (uid 1002)
04-20 20:07:45.547  1565  1909 D ConnectivityService: NetReassign [no changes]
04-20 20:07:46.361  1565  1657 W BroadcastQueue: Permission Denial: receiving Intent { act=android.bluetooth.adapter.action.DISCOVERY_FINISHED flg=0x10 } to ProcessRecord{d321896 11842:com.imgur.mobile/u0a254} (pid=11842, uid=10254) requires android.permission.BLUETOOTH due to sender com.android.bluetooth (uid 1002)
04-20 20:07:46.502  1565  1657 W BroadcastQueue: Permission Denial: receiving Intent { act=android.bluetooth.adapter.action.SCAN_MODE_CHANGED flg=0x4000010 (has extras) } to ProcessRecord{d321896 11842:com.imgur.mobile/u0a254} (pid=11842, uid=10254) requires android.permission.BLUETOOTH due to sender com.android.bluetooth (uid 1002)
04-20 20:07:46.510  1565  1911 D NsdService: unregister service
04-20 20:07:46.510  1565  1911 D NsdService: mdnssd [stop-register, 5]
04-20 20:07:46.524  1565  1565 D BluetoothManagerService: Bluetooth Adapter name changed to Pixel 3a XL
04-20 20:07:46.524  1565  1657 W BroadcastQueue: Permission Denial: receiving Intent { act=android.bluetooth.adapter.action.LOCAL_NAME_CHANGED flg=0x4000010 (has extras) } to ProcessRecord{d321896 11842:com.imgur.mobile/u0a254} (pid=11842, uid=10254) requires android.permission.BLUETOOTH due to sender com.android.bluetooth (uid 1002)
04-20 20:07:46.525  1565  1565 D BluetoothManagerService: Stored Bluetooth name: Pixel 3a XL
04-20 20:07:47.346  1565  3512 I ActivityManager: Process com.instagram.android (pid 31757) has died: cch+95 CEM 
04-20 20:07:47.407  1565  1657 W BroadcastQueue: Permission Denial: receiving Intent { act=android.bluetooth.device.action.ACL_DISCONNECTED flg=0x5000010 (has extras) } to ProcessRecord{d321896 11842:com.imgur.mobile/u0a254} (pid=11842, uid=10254) requires android.permission.BLUETOOTH due to sender com.android.bluetooth (uid 1002)
04-20 20:07:47.415  1565  1657 I chatty  : uid=1000(system) ActivityManager identical 1 line
04-20 20:07:47.439  1565  1657 W BroadcastQueue: Permission Denial: receiving Intent { act=android.bluetooth.device.action.ACL_DISCONNECTED flg=0x5000010 (has extras) } to ProcessRecord{d321896 11842:com.imgur.mobile/u0a254} (pid=11842, uid=10254) requires android.permission.BLUETOOTH due to sender com.android.bluetooth (uid 1002)
04-20 20:07:47.545  1565  1638 I ActivityManager: Killing 32185:com.google.location.nearby.apps.connectedcrossroad/u0a333 (adj 905): remove task
04-20 20:07:47.605  1565  2784 I WindowManager: WIN DEATH: Window{4dfaf91 u0 com.google.location.nearby.apps.connectedcrossroad/nx.aodv.eval.MainActivity}
04-20 20:07:47.623  1565  1638 W ActivityManager: setHasOverlayUi called on unknown pid: 32185
04-20 20:07:47.702  1565  1657 W BroadcastQueue: Permission Denial: receiving Intent { act=android.bluetooth.device.action.ACL_DISCONNECTED flg=0x5000010 (has extras) } to ProcessRecord{d321896 11842:com.imgur.mobile/u0a254} (pid=11842, uid=10254) requires android.permission.BLUETOOTH due to sender com.android.bluetooth (uid 1002)
04-20 20:07:48.199  1565  2784 D CompatibilityChangeReporter: Compat change id reported: 135634846; UID 10262; state: DISABLED
04-20 20:07:48.199  1565  1659 D CompatibilityChangeReporter: Compat change id reported: 143937733; UID 10262; state: DISABLED
04-20 20:07:48.245  1565  1659 I ActivityManager: Start proc 590:com.amazon.mp3/u0a262 for broadcast {com.amazon.mp3/com.amazon.podcast.media.playback.BluetoothActionsReceiver}
04-20 20:07:48.561  1565  1909 D ConnectivityService: NetReassign [no changes]
04-20 20:07:48.628  1565  2784 W ActivityManager: Foreground service started from background can not have location/camera/microphone access: service steptracker.healthandfitness.walkingtracker.pedometer/com.drojian.stepcounter.service.CounterService
04-20 20:07:49.812  1565  4057 E PackageDexUsage: Unsupported context?
04-20 20:07:50.860  1565  2784 W ActivityManager: Foreground service started from background can not have location/camera/microphone access: service steptracker.healthandfitness.walkingtracker.pedometer/com.drojian.stepcounter.service.CounterService
04-20 20:07:51.574  1565  1909 D ConnectivityService: NetReassign [no changes]
04-20 20:07:52.087  1565  3512 W ActivityManager: Foreground service started from background can not have location/camera/microphone access: service steptracker.healthandfitness.walkingtracker.pedometer/com.drojian.stepcounter.service.CounterService
04-20 20:07:52.719  1565  4057 W ActivityManager: Foreground service started from background can not have location/camera/microphone access: service steptracker.healthandfitness.walkingtracker.pedometer/com.drojian.stepcounter.service.CounterService
04-20 20:07:52.831  1565  3512 D ConnectivityService: Returning UNBLOCKED NetworkInfo to uid=10248
04-20 20:07:54.607  1565  1909 D ConnectivityService: NetReassign [no changes]
04-20 20:07:57.635  1565  1909 D ConnectivityService: NetReassign [no changes]
04-20 20:08:00.036  1565  3512 W ActivityManager: Binding with unknown activity: Token{1381fbf null}
04-20 20:08:00.665  1565  1909 D ConnectivityService: NetReassign [no changes]
04-20 20:08:43.212  1565  1909 I chatty  : uid=1000(system) ConnectivitySer identical 14 lines
04-20 20:08:46.252  1565  1909 D ConnectivityService: NetReassign [no changes]
04-20 20:08:47.104  1565  4295 I ActivityManager: Force stopping com.google.location.nearby.apps.connectedcrossroad appid=10333 user=0: from pid 1643
04-20 20:08:47.115  1565  1657 W BroadcastQueue: Background execution not allowed: receiving Intent { act=android.intent.action.PACKAGE_RESTARTED dat=package:com.google.location.nearby.apps.connectedcrossroad flg=0x10 (has extras) } to steptracker.healthandfitness.walkingtracker.pedometer/com.drojian.stepcounter.receiver.PedometerReceiver
04-20 20:08:47.115  1565  1657 W BroadcastQueue: Background execution not allowed: receiving Intent { act=android.intent.action.PACKAGE_RESTARTED dat=package:com.google.location.nearby.apps.connectedcrossroad flg=0x10 (has extras) } to steptracker.healthandfitness.walkingtracker.pedometer/com.drojian.servicekeeper.receiver.BootReceiver
04-20 20:08:49.265  1565  1909 D ConnectivityService: NetReassign [no changes]
04-20 20:08:49.744  1565  1731 I PackageManager: Integrity check passed for file:///data/app/vmdl1475579188.tmp
04-20 20:08:49.766  1565  1731 I PackageManager: Update package com.google.location.nearby.apps.connectedcrossroad code path from /data/app/~~01JUC5fOJz_fL2OJEYP88g==/com.google.location.nearby.apps.connectedcrossroad-IjRwV2BlrlxdJDiJv90Xdg== to /data/app/~~it2cyNaG3-YMcnv9UNs8gw==/com.google.location.nearby.apps.connectedcrossroad-WZoAQGSG-DpvExIK7nozrw==; Retain data and using new
04-20 20:08:49.766  1565  1731 I PackageManager: Update package com.google.location.nearby.apps.connectedcrossroad resource path from /data/app/~~01JUC5fOJz_fL2OJEYP88g==/com.google.location.nearby.apps.connectedcrossroad-IjRwV2BlrlxdJDiJv90Xdg== to /data/app/~~it2cyNaG3-YMcnv9UNs8gw==/com.google.location.nearby.apps.connectedcrossroad-WZoAQGSG-DpvExIK7nozrw==; Retain data and using new
04-20 20:08:49.776  1565  1731 D CompatibilityChangeReporter: Compat change id reported: 135549675; UID 10333; state: DISABLED
04-20 20:08:50.072  1565  1657 W BroadcastQueue: Background execution not allowed: receiving Intent { act=android.intent.action.PACKAGE_REMOVED dat=package:com.google.location.nearby.apps.connectedcrossroad flg=0x4000010 (has extras) } to com.android.vending/com.google.android.finsky.packagemanager.impl.PackageMonitorReceiverImpl$RegisteredReceiver
04-20 20:08:50.072  1565  1657 W BroadcastQueue: Background execution not allowed: receiving Intent { act=android.intent.action.PACKAGE_REMOVED dat=package:com.google.location.nearby.apps.connectedcrossroad flg=0x4000010 (has extras) } to com.android.vending/com.google.android.finsky.instantapps.appmanagement.InstantAppRemoveMonitor
04-20 20:08:50.072  1565  1657 W BroadcastQueue: Background execution not allowed: receiving Intent { act=android.intent.action.PACKAGE_REMOVED dat=package:com.google.location.nearby.apps.connectedcrossroad flg=0x4000010 (has extras) } to com.google.android.gms/.games.chimera.GamesSystemBroadcastReceiverProxy
04-20 20:08:50.151  1565  1657 W BroadcastQueue: Background execution not allowed: receiving Intent { act=android.intent.action.PACKAGE_REMOVED dat=package:com.google.location.nearby.apps.connectedcrossroad flg=0x4000010 (has extras) } to com.google.android.gms/.chimera.GmsIntentOperationService$PersistentTrustedReceiver
04-20 20:08:50.151  1565  1657 W BroadcastQueue: Background execution not allowed: receiving Intent { act=android.intent.action.PACKAGE_REMOVED dat=package:com.google.location.nearby.apps.connectedcrossroad flg=0x4000010 (has extras) } to com.google.android.googlequicksearchbox/com.google.android.apps.gsa.googlequicksearchbox.GelStubAppWatcher
04-20 20:08:50.152  1565  1657 W BroadcastQueue: Background execution not allowed: receiving Intent { act=android.intent.action.PACKAGE_REMOVED dat=package:com.google.location.nearby.apps.connectedcrossroad flg=0x4000010 (has extras) } to com.facebook.katana/com.facebook.feed.platformads.AppInstallReceiver
