04-20 20:09:58.627 22073  3971 I NearbyConnections: ClientProxy(76314785) ignoring onEndpointDistanceChanged(YB2s, UNKNOWN), because this distance has already been reported [CONTEXT service_id=54 ]
04-20 20:09:58.692 22073  3971 I NearbyConnections: Completed UKEY2 with endpoint L-ak and obtained authentication token AUWTO [CONTEXT service_id=54 ]
04-20 20:09:58.692 22073  3971 I NearbyConnections: Unable to verify the authentication token with endpoint L-ak using a preshared public key [CONTEXT service_id=54 ]
04-20 20:09:58.710 22073  3877 I NearbyConnections: EndpointChannelManager registered channel of type BLUETOOTH to endpoint L-ak [CONTEXT service_id=54 ]
04-20 20:09:58.714 22073  3877 I NearbyConnections: ClientProxy(76314785) reporting onConnectionInitiated(L-ak, [ 0x32 ]) [CONTEXT service_id=54 ]
04-20 20:09:58.718  3708  3708 D connectedcrossroad: onConnectionInitiated: Accepting connection
04-20 20:09:59.021 22073  3975 I NearbyMediums: Received advertisement header BleAdvertisementHeader { version=2, numSlots=5, serviceIdBloomFilter=[ 0x90 0x22 0x08 0x00 0x01 0x02 0x28 0x00 0x00 0x04 ], advertisementHash=[ 0x4f 0x1f 0x86 0x7c ], psm=132}, but we have never seen it before. Will try reading its GATT advertisement. [CONTEXT service_id=54 ]
04-20 20:09:59.027 22073  3975 D BluetoothAdapter: isLeEnabled(): ON
04-20 20:09:59.028  2290  2314 D BtGatt.GattService: stopScan() - queue size =3
04-20 20:09:59.033  2290  2575 I BtGatt.ScanManager: msg.what = 1
04-20 20:09:59.034  2290  2314 D BtGatt.GattService: unregisterScanner() - scannerId=5
04-20 20:09:59.035 22073  3975 I Nearby  : M hardware scan: 5 filters, scanMode= -1, callback type= 1, workSource = WorkSource{10156 com.google.android.gms} [CONTEXT service_id=49 ]
04-20 20:09:59.036  2290  2348 D BtGatt.GattService: onScanFilterParamsConfigured() - clientIf=5, status=0, action=1, availableSpace=10
04-20 20:09:59.036  2290  2348 D BtGatt.ScanManager: callback done for scannerId - 5 status - 0
04-20 20:09:59.037 22073  3975 D BluetoothAdapter: isLeEnabled(): ON
04-20 20:09:59.038  2290  2348 D BtGatt.GattService: onScanFilterParamsConfigured() - clientIf=5, status=0, action=1, availableSpace=11
04-20 20:09:59.038  2290  2348 D BtGatt.ScanManager: callback done for scannerId - 5 status - 0
04-20 20:09:59.040  2290  2348 D bt_btif_config: btif_get_device_type: Device [12:44:ef:bd:bc:24] type 2
04-20 20:09:59.041  2290  2306 D BtGatt.GattService: registerScanner() - UUID=40aa39b0-40a5-4cc7-a1f9-c38770c502fe
04-20 20:09:59.042  2290  2603 I bt_stack: [INFO:gatt_api.cc(950)] GATT_Register 91b3cb9b-213f-b800-efc2-328634fa0ebf
04-20 20:09:59.042  2290  2603 I bt_stack: [INFO:gatt_api.cc(970)] allocated gatt_if=5
04-20 20:09:59.045   804  1081 W qti_sensors_hal: processReportInd: lux: 11, ch0: 40, ch1: 13
04-20 20:09:59.045  2290  2348 D BtGatt.GattService: onScanFilterParamsConfigured() - clientIf=5, status=0, action=1, availableSpace=12
04-20 20:09:59.045  2290  2348 D BtGatt.ScanManager: callback done for scannerId - 5 status - 0
04-20 20:09:59.045  2290  2348 D BtGatt.GattService: onScannerRegistered() - UUID=40aa39b0-40a5-4cc7-a1f9-c38770c502fe, scannerId=5, status=0
04-20 20:09:59.047 22073 22328 D BluetoothLeScanner: onScannerRegistered() - status=0 scannerId=5 mScannerId=0
04-20 20:09:59.047  2290  2314 D BtGatt.GattService: start scan with filters. callingPackage: com.google.android.gms
04-20 20:09:59.048  2290  2348 D BtGatt.GattService: onScanFilterParamsConfigured() - clientIf=5, status=0, action=1, availableSpace=13
04-20 20:09:59.049  2290  2348 D BtGatt.ScanManager: callback done for scannerId - 5 status - 0
04-20 20:09:59.053  2290  2348 D BtGatt.GattService: onScanFilterParamsConfigured() - clientIf=5, status=0, action=1, availableSpace=14
04-20 20:09:59.053  2290  2348 D BtGatt.ScanManager: callback done for scannerId - 5 status - 0
04-20 20:09:59.053  2290  2348 D bt_btif_config: btif_get_device_type: Device [75:ce:69:8e:b2:01] type 2
04-20 20:09:59.053  2290  2575 D BtGatt.ScanManager: configureRegularScanParams() - queue=2
04-20 20:09:59.053  2290  2575 D BtGatt.ScanManager: configureRegularScanParams() - ScanSetting LE 1M Scan mode=1ScanSetting LE Coded Scan mode=1 mLastConfiguredScanSettingLE1M=2 mLastConfiguredScanSettingLECoded=2scanPhy=255
04-20 20:09:59.053  2290  2575 D BtGatt.ScanManager: configureRegularScanParams - scanInterval LE 1M = 4096configureRegularScanParams - scanWindow LE 1M= 818configureRegularScanParams - scanInterval LE Coded= 4096configureRegularScanParams - scanWindow LE Coded= 818
04-20 20:09:59.058  2290  2575 I BtGatt.ScanManager: msg.what = 0
04-20 20:09:59.059  2290  2575 D BtGatt.ScanManager: handling starting scan
04-20 20:09:59.060  2290  2575 D BtGatt.ScanManager: isAptXLowLatencyModeEnabled: false
04-20 20:09:59.063  2290  2348 D BtGatt.GattService: onScanParamSetupCompleted : 0
04-20 20:09:59.063  2290  2603 E bt_btm  : BTM_BleObserve Observe Already Active
04-20 20:09:59.063  2290  2603 W bt_btif :  bta_dm_ble_observe BTM_BleObserve  failed. status 6
04-20 20:09:59.065  2290  2314 D BluetoothAdapterService: cancelDiscovery
04-20 20:09:59.068 22073  3971 D BluetoothGatt: connect() - device: 4E:98:C8:B8:E9:AC, auto: false
04-20 20:09:59.068 22073  3971 D BluetoothGatt: registerApp()
04-20 20:09:59.068 22073  3971 D BluetoothGatt: registerApp() - UUID=0ca00dcc-6615-4e3a-8146-446d3c68eb7e
04-20 20:09:59.069  2290  2314 D BtGatt.GattService: registerClient() - UUID=0ca00dcc-6615-4e3a-8146-446d3c68eb7e
04-20 20:09:59.070  2290  2603 I bt_stack: [INFO:gatt_api.cc(950)] GATT_Register fea3d7a5-7435-bbfb-95fd-ad4c9876e732
04-20 20:09:59.070  2290  2603 I bt_stack: [INFO:gatt_api.cc(970)] allocated gatt_if=10
04-20 20:09:59.070  2290  2348 D BtGatt.GattService: onClientRegistered() - UUID=0ca00dcc-6615-4e3a-8146-446d3c68eb7e, clientIf=10
04-20 20:09:59.071 22073 22328 D BluetoothGatt: onClientRegistered() - status=0 clientIf=10
04-20 20:09:59.072  2290  2314 D BtGatt.GattService: clientConnect() - address=4E:98:C8:B8:E9:AC, isDirect=true, opportunistic=false, phy=1
04-20 20:09:59.072  2290  2348 D bt_btif_config: btif_get_address_type: Device [4e:98:c8:b8:e9:ac] address type 1
04-20 20:09:59.072  2290  2348 D bt_btif_config: btif_get_device_type: Device [4e:98:c8:b8:e9:ac] type 2
04-20 20:09:59.073  2290  2603 I bt_stack: [INFO:gatt_api.cc(1122)] GATT_Connect gatt_if=10, address=4e:98:c8:b8:e9:ac is_direct 1
04-20 20:09:59.073  2290  2603 I bt_stack: [INFO:btm_ble_bgconn.cc(248)] btm_add_dev_to_controller addig RPA into white list
04-20 20:09:59.170   804  1081 W qti_sensors_hal: processReportInd: lux: 6, ch0: 24, ch1: 14
04-20 20:09:59.420 22073 22244 I NearbyMessages: CopresenceLogger:  response succeeded for com.google.android.gms#0p:discoverer#false [377ms], addresses [] [CONTEXT service_id=62 ]
04-20 20:09:59.575   720  1295 D NetdFwmarkServer: Cmd 0: 0, 10156: UserP=3, fwmark=1F0064
04-20 20:09:59.583  1743 12220 I WifiService: enableTdls uid=10156 enable=true
04-20 20:09:59.588  1743 10461 I WifiService: enableTdlsWithMacAddress uid=1000 enable=true
04-20 20:09:59.589  5577  5577 I wpa_supplicant: TDLS: Failed to send message (action_code=10)
04-20 20:09:59.590  5577  5577 I wpa_supplicant: StaIface: TDLS discover failed: -1
04-20 20:09:59.638  2290  2603 I bt_stack: [INFO:btm_ble_connection_establishment.cc(164)] btm_ble_conn_complete: unable to match and resolve random address
04-20 20:09:59.639  2290  2603 I bt_stack: [INFO:connection_manager.cc(277)] lower the scan parameters used for connecting
04-20 20:09:59.639  2290  2603 I bt_stack: [INFO:btm_ble_bgconn.cc(261)] btm_add_dev_to_controller removing RPA from white list
04-20 20:09:59.639  2290  2603 I bt_stack: [INFO:btm_ble_bgconn.cc(406)] Already connection initiated (or) No Pending connections(or) Resources of lcb are exhausted
04-20 20:09:59.639  2290  2603 W bt_btm  : btm_acl_created hci_handle=26 link_role=0  transport=2
04-20 20:09:59.640  2290  2603 I bt_stack: [INFO:btm_ble_bgconn.cc(406)] Already connection initiated (or) No Pending connections(or) Resources of lcb are exhausted
04-20 20:09:59.937  2290  2603 W bt_btm  : btm_read_remote_version_complete lmp_version 9 manufacturer 29 lmp_subversion 702
04-20 20:09:59.938  2290  2603 E bt_btif : bta_dm_acl_change new acl connetion:count = 4
04-20 20:09:59.938  2290  2603 W bt_btif : bta_dm_acl_change info: 0x0
04-20 20:09:59.938  2290  2603 W bt_l2cap: L2CA_SetDesireRole() new:x1, disallow_switch:0
04-20 20:09:59.938  2290  2348 D BtGatt.GattService: onClientConnected() connId=264, address=4E:98:C8:B8:E9:AC, connected=true
04-20 20:09:59.938  2290  2603 E bt_stack: [ERROR:bta_gattc_cache.cc(733)] bta_gattc_cache_load: can't open GATT cache file /data/misc/bluetooth/gatt_cache_4e98c8b8e9ac for reading, error: No such file or directory
04-20 20:09:59.938  2290  2348 D BtGatt.GattService: onClientConnected() connId=265, address=4E:98:C8:B8:E9:AC, connected=true
04-20 20:09:59.938  2290  2603 I bt_stack: [INFO:hearing_aid.cc(1804)] GetDeviceCount: Not initialized yet
04-20 20:09:59.938 22073 22328 D BluetoothGattServer: onServerConnectionState() - status=0 serverIf=8 device=4E:98:C8:B8:E9:AC
04-20 20:09:59.938  2290  2603 I bt_stack: [INFO:gatt_api.cc(635)] GATTC_Discover conn_id=0x010a, disc_type=1, s_handle=0x0001, e_handle=0xffff
04-20 20:09:59.938  2290  2348 D bt_btif_dm: remote version info [4e:98:c8:b8:e9:ac]: 0, 0, 0
04-20 20:09:59.939 22073 22330 D BluetoothGattServer: onServerConnectionState() - status=0 serverIf=9 device=4E:98:C8:B8:E9:AC
04-20 20:09:59.940 22073 22330 I bevw    : Connected to device 4E:98:C8:B8:E9:AC.
04-20 20:09:59.940 22073 22330 D BluetoothGattServer: connect() - device: 4E:98:C8:B8:E9:AC, auto: false
04-20 20:09:59.940   827  5608 E WifiHAL : Received fatal event, sending alert
04-20 20:09:59.941  2290  2314 D BtGatt.GattService: serverConnect() - address=4E:98:C8:B8:E9:AC
04-20 20:09:59.941  1743  2414 W WifiVendorHal: onDebugErrorAlert 4104
04-20 20:09:59.943  2290  2348 D BtGatt.GattService: onConnected() - clientIf=10, connId=266, address=4E:98:C8:B8:E9:AC
04-20 20:09:59.943  2290  2348 D bt_btif_config: btif_get_address_type: Device [4e:98:c8:b8:e9:ac] address type 1
04-20 20:09:59.944  2290  2348 D bt_btif_config: btif_get_device_type: Device [4e:98:c8:b8:e9:ac] type 2
04-20 20:09:59.945  2290  2603 I bt_stack: [INFO:gatt_api.cc(1122)] GATT_Connect gatt_if=9, address=4e:98:c8:b8:e9:ac is_direct 1
04-20 20:09:59.945  2308  2388 W BluetoothEventManager: AclStateChangedHandler: activeDevice is null
04-20 20:09:59.945 22073 22330 D BluetoothGatt: onClientConnectionState() - status=0 clientIf=10 device=4E:98:C8:B8:E9:AC
04-20 20:09:59.945  2290  2348 D bt_btif_gatt: btapp_gatts_handle_cback: Empty event (16)!
04-20 20:09:59.947 22073  3975 I bevc    : Starting services discovery.
04-20 20:09:59.954 22073  3975 D BluetoothGatt: discoverServices() - device: 4E:98:C8:B8:E9:AC
04-20 20:09:59.959  2290  2306 D BtGatt.GattService: discoverServices() - address=4E:98:C8:B8:E9:AC, connId=266
04-20 20:09:59.968  7384  7384 D MCLOG   : [MC_Service] onStartcommand()
04-20 20:09:59.969 26114 26164 I BistoWorker: bluetoothConnectionStateChanged. Action: android.bluetooth.device.action.ACL_CONNECTED
04-20 20:09:59.970 26114 26164 I BistoWorker: Ignoring non-bonded action android.bluetooth.device.action.ACL_CONNECTED for device 4E:98:C8:B8:E9:AC
04-20 20:09:59.981 22073 22073 I NearbyDiscovery: onAclChange: state=CONNECTED, device=4E:98:C8:B8:E9:AC [CONTEXT service_id=49 ]
04-20 20:09:59.982 22073  3976 I NearbyDiscovery: FastPairBattery: No associated accountKey is found when query battery info, address:4E:98:C8:B8:E9:AC [CONTEXT service_id=49 ]
04-20 20:09:59.991  2290  2603 I bt_stack: [INFO:btsnoop.cc(336)] whitelist_l2c_channel: Whitelisting l2cap channel. conn_handle=24 cid=82:69
04-20 20:09:59.992  2290  2603 W bt_l2cap: L2CAP - LCID: 0x0052  st: CLOSED  evt: PEER_CONNECT_REQ
04-20 20:09:59.992  2290  2603 W bt_l2cap: L2CAP - LCID: 0x0052  st: TERM_W4_SEC_COMP  evt: SECURITY_COMPLETE
04-20 20:09:59.992  2290  2603 W bt_l2cap: L2CAP - LCID: 0x0052  st: W4_L2CA_CON_RSP  evt: UPPER_LAYER_CONNECT_RSP
04-20 20:09:59.992  2290  2603 W bt_l2cap: L2CAP - LCID: 0x0052  st: CONFIG  evt: UPPER_LAYER_CONFIG_REQ
04-20 20:10:00.007  2290  2603 W bt_l2cap: L2CAP - LCID: 0x0052  st: CONFIG  evt: PEER_CONFIG_REQ
04-20 20:10:00.007  2290  2603 W bt_l2cap: L2CAP - LCID: 0x0052  st: CONFIG  evt: UPPER_LAYER_CONFIG_RSP
04-20 20:10:00.007  2290  2603 W bt_l2cap: L2CAP-Upper layer Config_Rsp,Local CID: 0x0052,Remote CID: 0x0045,PSM: 1,our MTU present:1,our MTU:672
04-20 20:10:00.008  2290  2603 W bt_l2cap: L2CAP - LCID: 0x0052  st: CONFIG  evt: PEER_CONFIG_RSP
04-20 20:10:00.008  2290  2603 W bt_l2cap: L2CAP-peer_Config_Rsp,Local CID: 0x0052,Remote CID: 0x0045,PSM: 1,peer MTU present: 0,peer MTU: 1024
04-20 20:10:00.027  2308  2308 W View    : requestLayout() improperly called by com.android.systemui.statusbar.HeadsUpStatusBarView{53e8307 I.E...... ......ID 0,0-248,56 #7f0a01f7 app:id/heads_up_status_bar_view} during layout: running second layout pass
04-20 20:10:00.073  2290  2603 W bt_device_profile: profile_feature_fetch:profile 3
04-20 20:10:00.073  2290  2603 W bt_device_profile: profile_feature_fetch:MAP_0104_SUPPORT found 1
04-20 20:10:00.073  2290  2603 E bt_btif : is_map_adv_enabled feature : 1
04-20 20:10:00.073  2290  2603 W bt_device_profile: profile_feature_fetch:profile 2
04-20 20:10:00.073  2290  2603 W bt_device_profile: profile_feature_fetch:PBAP_0102_SUPPORT found 1
04-20 20:10:00.073  2290  2603 E bt_btif : is_pbap_adv_enabled feature : 1
04-20 20:10:00.074  2290  2603 E bt_btif : sdp_upgrade_mse_record 
04-20 20:10:00.074  2290  2603 E bt_btif : check_remote_pbap_version_102 unable to open PBAP PCE Conf file for read: error: (No such file or directory)
04-20 20:10:00.083  2290  2603 I bt_stack: [INFO:gatt_main.cc(919)] gatt_data_process op_code = 17, msg_len = 19
04-20 20:10:00.097  2290  2603 W bt_l2cap: L2CA_DisconnectRsp()  CID: 0x0052
04-20 20:10:00.097  2290  2603 W bt_l2cap: L2CAP - LCID: 0x0052  st: W4_L2CA_DISC_RSP  evt: UPPER_LAYER_DISCONNECT_RSP
04-20 20:10:00.097  2290  2603 I bt_stack: [INFO:btsnoop.cc(384)] clear_l2cap_whitelist: Clearing whitelist from l2cap channel. conn_handle=24 cid=82:69
04-20 20:10:00.097  2290  2603 W bt_sdp  : SDP - Rcvd L2CAP disc, process pend sdp ccb: 0x52
04-20 20:10:00.103  2290  2603 W bt_rfcomm: PORT_ParNegCnf incoming conn on dlci:9 start timer 
04-20 20:10:00.180  2290  2603 I bt_stack: [INFO:gatt_main.cc(919)] gatt_data_process op_code = 17, msg_len = 7
04-20 20:10:00.180  2290  2603 I bt_stack: [INFO:gatt_api.cc(635)] GATTC_Discover conn_id=0x010a, disc_type=3, s_handle=0x0001, e_handle=0x0003
04-20 20:10:00.182  2290  2603 I bt_stack: [INFO:port_api.cc(123)] RFCOMM_CreateConnection BDA: ff:ff:ff:ff:ff:ff
04-20 20:10:00.183  2290  2603 D bt_btif_sock_rfcomm: on_srv_rfc_connect  mtu = 990 
04-20 20:10:00.184  2290  2603 W bt_btm  : Requested New Role: 0
04-20 20:10:00.184  2290  2603 W bt_l2cap: L2CA_SetDesireRole() new:x1, disallow_switch:0
04-20 20:10:00.184  2290  2603 W bt_btif : new conn_srvc id:26, app_id:255
04-20 20:10:00.184  2290  2603 W bt_btif : bta_dm_pm_cback: new conn_srvc id:26, app_id:255 count:3
04-20 20:10:00.184  2290  2603 W bt_btif : bta_dm_pm_ssr conn_srvc id:26, app_id:1
04-20 20:10:00.184  2290  2603 W bt_btif : bta_dm_pm_ssr conn_srvc id:26, app_id:255
04-20 20:10:00.184  2290  2603 W bt_btif : bta_dm_pm_ssr ssr:2, lat:1200
04-20 20:10:00.230  2290  2348 D BtGatt.GattService: onServerConnUpdate() - connId=264, status=0
04-20 20:10:00.231  2290  2348 D BtGatt.GattService: onServerConnUpdate() - connId=265, status=0
04-20 20:10:00.231  2290  2348 D BtGatt.GattService: onClientConnUpdate() - connId=266, status=0
04-20 20:10:00.231 22073 22330 D BluetoothGattServer: onConnectionUpdated() - Device=4E:98:C8:B8:E9:AC interval=39 latency=0 timeout=500 status=0
04-20 20:10:00.232 22073 22328 D BluetoothGattServer: onConnectionUpdated() - Device=4E:98:C8:B8:E9:AC interval=39 latency=0 timeout=500 status=0
04-20 20:10:00.232 22073 22327 D BluetoothGatt: onConnectionUpdated() - Device=4E:98:C8:B8:E9:AC interval=39 latency=0 timeout=500 status=0
04-20 20:10:00.426  2290  2603 I bt_stack: [INFO:gatt_main.cc(919)] gatt_data_process op_code = 1, msg_len = 4
04-20 20:10:00.426  2290  2603 I bt_stack: [INFO:gatt_api.cc(635)] GATTC_Discover conn_id=0x010a, disc_type=4, s_handle=0x0001, e_handle=0x0003
04-20 20:10:00.433  2290  2603 W bt_btm  : btm_acl_role_changed: peer cc:0d:f2:75:2d:ba hci_status:0x21 new_role:1
04-20 20:10:00.433  2290  2603 E bt_btm  : tBTM_SEC_DEV:0x82503080 rs_disc_pending=1
04-20 20:10:00.433  2290  2603 W bt_btif : bta_dm_check_av:0
04-20 20:10:00.433  2290  2603 W bt_btm  : BTM: Local device role : 0x01
04-20 20:10:00.433  2290  2603 W bt_btm  : BTM: RemBdAddr: cc:0d:f2:75:2d:ba
04-20 20:10:00.434  2290  2348 W bt_btif : btif_dm_cback : unhandled event (14)
04-20 20:10:00.439  2290  2603 W bt_btm  : Requested New Role: 0
04-20 20:10:00.439  2290  2603 W bt_l2cap: L2CA_SetDesireRole() new:x1, disallow_switch:0
04-20 20:10:00.526 22073  3971 I NearbyConnections: Completed UKEY2 with endpoint HLqh and obtained authentication token S4CV3 [CONTEXT service_id=54 ]
04-20 20:10:00.527 22073  3971 I NearbyConnections: Unable to verify the authentication token with endpoint HLqh using a preshared public key [CONTEXT service_id=54 ]
04-20 20:10:00.528 22073  3869 I NearbyConnections: EndpointManager received request to update registration of IncomingOfflineFrameProcessor for frame type CONNECTION_RESPONSE from akxz@e540a1e to akxz@e540a1e. [CONTEXT service_id=54 ]
04-20 20:10:00.540 22073  3869 I NearbyConnections: EndpointChannelManager registered channel of type BLUETOOTH to endpoint HLqh [CONTEXT service_id=54 ]
04-20 20:10:00.543 22073  3869 I NearbyConnections: ClientProxy(76314785) reporting onConnectionInitiated(HLqh, [ 0x31 ]) [CONTEXT service_id=54 ]
04-20 20:10:00.543  3708  3708 D connectedcrossroad: onConnectionInitiated: Accepting connection
04-20 20:10:00.545 22073  2951 I NearbyConnections: Client 76314785 requested a connection to endpoint YB2s. [CONTEXT service_id=54 ]
04-20 20:10:00.546 22073  3971 I NearbyConnections: In requestConnection(), attempting to connect to endpoint YB2s over mediums [BLUETOOTH]. [CONTEXT service_id=54 ]
04-20 20:10:00.547  3708  3708 D connectedcrossroad: onEndpointFound: Connection request failure 8003: STATUS_ALREADY_CONNECTED_TO_ENDPOINT
04-20 20:10:00.570  2290  2603 I bt_stack: [INFO:gatt_main.cc(919)] gatt_data_process op_code = 9, msg_len = 8
04-20 20:10:00.867  2290  2348 D BtGatt.GattService: onServerConnUpdate() - connId=264, status=0
04-20 20:10:00.867  2290  2348 D BtGatt.GattService: onServerConnUpdate() - connId=265, status=0
04-20 20:10:00.868  2290  2348 D BtGatt.GattService: onClientConnUpdate() - connId=266, status=0
04-20 20:10:00.868 22073 22327 D BluetoothGattServer: onConnectionUpdated() - Device=4E:98:C8:B8:E9:AC interval=6 latency=0 timeout=500 status=0
04-20 20:10:00.868 22073 22328 D BluetoothGattServer: onConnectionUpdated() - Device=4E:98:C8:B8:E9:AC interval=6 latency=0 timeout=500 status=0
04-20 20:10:00.869 22073 22330 D BluetoothGatt: onConnectionUpdated() - Device=4E:98:C8:B8:E9:AC interval=6 latency=0 timeout=500 status=0
04-20 20:10:00.910   804  1081 W qti_sensors_hal: processReportInd: lux: 13, ch0: 49, ch1: 14
04-20 20:10:00.929  2290  2603 I bt_stack: [INFO:gatt_main.cc(919)] gatt_data_process op_code = 1, msg_len = 4
04-20 20:10:00.930  2290  2603 I bt_stack: [INFO:gatt_api.cc(635)] GATTC_Discover conn_id=0x010a, disc_type=3, s_handle=0x0014, e_handle=0x001a
04-20 20:10:00.949  2290  2603 I bt_stack: [INFO:gatt_main.cc(919)] gatt_data_process op_code = 1, msg_len = 4
04-20 20:10:00.950  2290  2603 I bt_stack: [INFO:gatt_api.cc(635)] GATTC_Discover conn_id=0x010a, disc_type=4, s_handle=0x0014, e_handle=0x001a
04-20 20:10:00.968  2290  2603 I bt_stack: [INFO:gatt_main.cc(919)] gatt_data_process op_code = 9, msg_len = 22
04-20 20:10:00.982  2290  2603 I bt_stack: [INFO:gatt_main.cc(919)] gatt_data_process op_code = 1, msg_len = 4
04-20 20:10:00.982  2290  2603 I bt_stack: [INFO:gatt_api.cc(635)] GATTC_Discover conn_id=0x010a, disc_type=3, s_handle=0x0028, e_handle=0x002d
04-20 20:10:00.996  2290  2603 I bt_stack: [INFO:gatt_main.cc(919)] gatt_data_process op_code = 1, msg_len = 4
04-20 20:10:00.996  2290  2603 I bt_stack: [INFO:gatt_api.cc(635)] GATTC_Discover conn_id=0x010a, disc_type=4, s_handle=0x0028, e_handle=0x002d
04-20 20:10:01.010  2290  2603 I bt_stack: [INFO:gatt_main.cc(919)] gatt_data_process op_code = 9, msg_len = 22
04-20 20:10:01.035  2290  2603 I bt_stack: [INFO:gatt_main.cc(919)] gatt_data_process op_code = 9, msg_len = 22
04-20 20:10:01.069  2290  2603 I bt_stack: [INFO:gatt_main.cc(919)] gatt_data_process op_code = 1, msg_len = 4
04-20 20:10:01.069  2290  2603 I bt_stack: [INFO:gatt_api.cc(635)] GATTC_Discover conn_id=0x010a, disc_type=5, s_handle=0x002b, e_handle=0x002b
04-20 20:10:01.098  2290  2603 I bt_stack: [INFO:gatt_main.cc(919)] gatt_data_process op_code = 5, msg_len = 5
04-20 20:10:01.098  2290  2603 I bt_stack: [INFO:gatt_api.cc(635)] GATTC_Discover conn_id=0x010a, disc_type=3, s_handle=0x002e, e_handle=0xffff
04-20 20:10:01.121  2290  2603 I bt_stack: [INFO:gatt_main.cc(919)] gatt_data_process op_code = 1, msg_len = 4
04-20 20:10:01.121  2290  2603 I bt_stack: [INFO:gatt_api.cc(635)] GATTC_Discover conn_id=0x010a, disc_type=4, s_handle=0x002e, e_handle=0xffff
04-20 20:10:01.136  2290  2603 I bt_stack: [INFO:gatt_main.cc(919)] gatt_data_process op_code = 9, msg_len = 22
04-20 20:10:01.198  2290  2603 I chatty  : uid=1002(bluetooth) btu message loo identical 3 lines
04-20 20:10:01.221  2290  2603 I bt_stack: [INFO:gatt_main.cc(919)] gatt_data_process op_code = 9, msg_len = 22
04-20 20:10:01.242  2290  2603 I bt_stack: [INFO:gatt_main.cc(919)] gatt_data_process op_code = 1, msg_len = 4
04-20 20:10:01.243  2290  2603 I bt_stack: [INFO:gatt_api.cc(635)] GATTC_Discover conn_id=0x010a, disc_type=5, s_handle=0x0039, e_handle=0xffff
04-20 20:10:01.258  2290  2603 I bt_stack: [INFO:gatt_main.cc(919)] gatt_data_process op_code = 1, msg_len = 4
04-20 20:10:01.258  2290  2603 I bt_stack: [INFO:bta_gattc_cache.cc(183)] bta_gattc_explore_srvc_finished: service discovery finished
04-20 20:10:01.260  2290  2348 D BtGatt.GattService: onSearchCompleted() - connId=266, status=0
04-20 20:10:01.261  2290  2348 E bt_btif_gattc: btif_gattc_upstreams_evt: Unhandled event (8)!
04-20 20:10:01.262  2290  2348 D bt_bta_gattc: bta_gattc_get_gatt_db
04-20 20:10:01.264  2290  2348 D BtGatt.GattService: onGetGattDb() - address=4E:98:C8:B8:E9:AC
04-20 20:10:01.265  2290  2348 D BtGatt.GattService: got service with UUID=00001801-0000-1000-8000-00805f9b34fb id: 1
04-20 20:10:01.265  2290  2348 D BtGatt.GattService: got characteristic with UUID=00002a05-0000-1000-8000-00805f9b34fb id: 3
04-20 20:10:01.265  2290  2348 D BtGatt.GattService: got service with UUID=00001800-0000-1000-8000-00805f9b34fb id: 20
04-20 20:10:01.265  2290  2348 D BtGatt.GattService: got characteristic with UUID=00002a00-0000-1000-8000-00805f9b34fb id: 22
04-20 20:10:01.265  2290  2348 D BtGatt.GattService: got characteristic with UUID=00002a01-0000-1000-8000-00805f9b34fb id: 24
04-20 20:10:01.265  2290  2348 D BtGatt.GattService: got characteristic with UUID=00002aa6-0000-1000-8000-00805f9b34fb id: 26
04-20 20:10:01.265  2290  2348 D BtGatt.GattService: got service with UUID=0000fef3-0000-1000-8000-00805f9b34fb id: 40
04-20 20:10:01.265  2290  2348 D BtGatt.GattService: got characteristic with UUID=00000100-0004-1000-8000-001a11000102 id: 42
04-20 20:10:01.265  2290  2348 D BtGatt.GattService: got descriptor with UUID=00002902-0000-1000-8000-00805f9b34fb id: 43
04-20 20:10:01.266  2290  2348 D BtGatt.GattService: got characteristic with UUID=00000100-0004-1000-8000-001a11000101 id: 45
04-20 20:10:01.266  2290  2348 D BtGatt.GattService: got service with UUID=0000fef3-0000-1000-8000-00805f9b34fb id: 46
04-20 20:10:01.266  2290  2348 D BtGatt.GattService: got characteristic with UUID=00000000-0000-3000-8000-000000000001 id: 48
04-20 20:10:01.266  2290  2348 D BtGatt.GattService: got characteristic with UUID=00000000-0000-3000-8000-000000000003 id: 50
04-20 20:10:01.266  2290  2348 D BtGatt.GattService: got characteristic with UUID=00000000-0000-3000-8000-000000000002 id: 52
04-20 20:10:01.266  2290  2348 D BtGatt.GattService: got characteristic with UUID=00000000-0000-3000-8000-000000000004 id: 54
04-20 20:10:01.266  2290  2348 D BtGatt.GattService: got characteristic with UUID=00000000-0000-3000-8000-000000000000 id: 56
04-20 20:10:01.269 22073 22330 D BluetoothGatt: onSearchComplete() = Device=4E:98:C8:B8:E9:AC Status=0
04-20 20:10:01.270 22073  3975 I bevc    : Services discovered successfully in 1316 ms.
04-20 20:10:01.341  2290  2603 I bt_stack: [INFO:gatt_main.cc(919)] gatt_data_process op_code = 11, msg_len = 22
04-20 20:10:01.343  2290  2348 D BtGatt.GattService: onServerConnUpdate() - connId=264, status=0
04-20 20:10:01.344  2290  2348 D BtGatt.GattService: onServerConnUpdate() - connId=265, status=0
04-20 20:10:01.344  2290  2348 D BtGatt.GattService: onClientConnUpdate() - connId=266, status=0
04-20 20:10:01.344 22073 22330 D BluetoothGattServer: onConnectionUpdated() - Device=4E:98:C8:B8:E9:AC interval=39 latency=0 timeout=500 status=0
04-20 20:10:01.345 22073 22328 D BluetoothGattServer: onConnectionUpdated() - Device=4E:98:C8:B8:E9:AC interval=39 latency=0 timeout=500 status=0
04-20 20:10:01.345 22073 22330 D BluetoothGatt: onConnectionUpdated() - Device=4E:98:C8:B8:E9:AC interval=39 latency=0 timeout=500 status=0
04-20 20:10:01.458  2290  2603 W bt_btm  : btm_acl_role_changed: peer cc:0d:f2:75:2d:ba hci_status:0x35 new_role:1
04-20 20:10:01.458  2290  2603 E bt_btm  : tBTM_SEC_DEV:0x82503080 rs_disc_pending=1
04-20 20:10:01.458  2290  2603 W bt_btif : bta_dm_check_av:0
04-20 20:10:01.458  2290  2603 W bt_btm  : BTM: Local device role : 0x01
04-20 20:10:01.458  2290  2603 W bt_btm  : BTM: RemBdAddr: cc:0d:f2:75:2d:ba
04-20 20:10:01.459  2290  2348 W bt_btif : btif_dm_cback : unhandled event (14)
04-20 20:10:01.594  2290  2603 I bt_stack: [INFO:gatt_main.cc(919)] gatt_data_process op_code = 13, msg_len = 6
04-20 20:10:01.693  2290  2603 I bt_stack: [INFO:gatt_main.cc(919)] gatt_data_process op_code = 11, msg_len = 0
04-20 20:10:01.890  2290  2603 I chatty  : uid=1002(bluetooth) btu message loo identical 1 line
04-20 20:10:01.987  2290  2603 I bt_stack: [INFO:gatt_main.cc(919)] gatt_data_process op_code = 11, msg_len = 0
04-20 20:10:02.000 22073 22238 I NearbyShared: FastPair: Failed to get alias name from device
04-20 20:10:02.027   804  1081 W qti_sensors_hal: processReportInd: lux: 21, ch0: 77, ch1: 13
04-20 20:10:02.082  2290  2603 I bt_stack: [INFO:gatt_main.cc(919)] gatt_data_process op_code = 11, msg_len = 0
04-20 20:10:02.085 22073  3975 D BluetoothGatt: cancelOpen() - device: 4E:98:C8:B8:E9:AC
04-20 20:10:02.089  2290  2315 D BtGatt.GattService: clientDisconnect() - address=4E:98:C8:B8:E9:AC, connId=266
04-20 20:10:02.090  2290  2603 I bt_stack: [INFO:gatt_api.cc(1237)] GATT_Disconnect conn_id=0x010a
04-20 20:10:02.091  2290  2603 E bt_stack: [ERROR:bta_gattc_utils.cc(458)] bta_gattc_mark_bg_conn unable to find the bg connection mask for bd_addr=4e:98:c8:b8:e9:ac
04-20 20:10:02.091  2290  2348 D BtGatt.GattService: onDisconnected() - clientIf=10, connId=266, address=4E:98:C8:B8:E9:AC
04-20 20:10:02.093 22073 22330 D BluetoothGatt: onClientConnectionState() - status=0 clientIf=10 device=4E:98:C8:B8:E9:AC
04-20 20:10:02.094 22073 22330 D BluetoothGatt: close()
04-20 20:10:02.095 22073 22330 D BluetoothGatt: unregisterApp() - mClientIf=10
04-20 20:10:02.096  2290  4006 D BluetoothMetrics: btclass1f00
04-20 20:10:02.096  2290  2315 D BtGatt.GattService: unregisterClient() - clientIf=10
04-20 20:10:02.098 22073  3975 D BluetoothGatt: close()
04-20 20:10:02.098 22073  3975 D BluetoothGatt: unregisterApp() - mClientIf=0
04-20 20:10:02.098  2290  4006 E BluetoothMetrics: CheckinEvent exception: java.lang.NullPointerException: Attempt to invoke interface method 'java.lang.String java.lang.CharSequence.toString()' on a null object reference
04-20 20:10:02.100 22073  3975 D BluetoothAdapter: isLeEnabled(): ON
04-20 20:10:02.102  2290  2315 D BtGatt.GattService: stopScan() - queue size =3
04-20 20:10:02.106  2290  2575 I BtGatt.ScanManager: msg.what = 1
04-20 20:10:02.108  2290  2314 D BtGatt.GattService: unregisterScanner() - scannerId=5
04-20 20:10:02.109 22073  3975 I Nearby  : M hardware scan: 5 filters, scanMode= 2, callback type= 1, workSource = WorkSource{10217 com.google.location.nearby.apps.connectedcrossroad} [CONTEXT service_id=49 ]
04-20 20:10:02.111 22073  3975 D BluetoothAdapter: isLeEnabled(): ON
04-20 20:10:02.117  2290  2315 D BtGatt.GattService: registerScanner() - UUID=d156f34f-82e2-4260-a5f9-4c30a1ae63fd
04-20 20:10:02.119  2290  2603 I bt_stack: [INFO:gatt_api.cc(950)] GATT_Register 7499a2a2-34e1-2cc2-d67d-30aebdb26409
04-20 20:10:02.119  2290  2603 I bt_stack: [INFO:gatt_api.cc(970)] allocated gatt_if=5
04-20 20:10:02.119  2290  2348 D BtGatt.GattService: onScannerRegistered() - UUID=d156f34f-82e2-4260-a5f9-4c30a1ae63fd, scannerId=5, status=0
04-20 20:10:02.120 22073 22330 D BluetoothLeScanner: onScannerRegistered() - status=0 scannerId=5 mScannerId=0
04-20 20:10:02.121  2290  2315 D BtGatt.GattService: start scan with filters. callingPackage: com.google.android.gms
04-20 20:10:02.128  2290  2575 I BtGatt.ScanManager: msg.what = 0
04-20 20:10:02.128  2290  2575 D BtGatt.ScanManager: handling starting scan
04-20 20:10:02.130  2290  2575 D BtGatt.ScanManager: isAptXLowLatencyModeEnabled: false
04-20 20:10:02.134  2290  2348 D BtGatt.GattService: onScanFilterEnableDisabled() - clientIf=5, status=0, action=1
04-20 20:10:02.134  2290  2348 D BtGatt.ScanManager: callback done for scannerId - 5 status - 0
04-20 20:10:02.134  2290  2575 D BtGatt.ScanManager: Available Filter size: 12
04-20 20:10:02.135  2290  2348 D BtGatt.GattService: onScanFilterConfig() - clientIf=5, action = 0 status = 0, filterType=0, availableSpace=0
04-20 20:10:02.135  2290  2348 D BtGatt.ScanManager: callback done for scannerId - 5 status - 0
04-20 20:10:02.136  2290  2575 D BtGatt.ScanManager: configureFilterParamter 500 10000 1 0, deliveryMode=0
04-20 20:10:02.137  2290  2314 D BluetoothAdapterService: startDiscovery
04-20 20:10:02.138  2290  2348 D BtGatt.GattService: onScanFilterParamsConfigured() - clientIf=5, status=0, action=0, availableSpace=14
04-20 20:10:02.139  2290  2348 D BtGatt.ScanManager: callback done for scannerId - 5 status - 0
04-20 20:10:02.139  2290  2603 I bt_stack: [INFO:btm_ble_adv_filter.cc(693)] BTM_LE_PF_set UUID MASK is empty 
04-20 20:10:02.140  2290  2348 D BtGatt.GattService: onScanFilterConfig() - clientIf=5, action = 0 status = 0, filterType=0, availableSpace=0
04-20 20:10:02.140  2290  2348 D BtGatt.ScanManager: callback done for scannerId - 5 status - 0
04-20 20:10:02.141  2290  2575 D BtGatt.ScanManager: configureFilterParamter 500 10000 1 0, deliveryMode=0
04-20 20:10:02.141  2290  2603 W bt_btif : bta_dm_check_av:0
04-20 20:10:02.142 22073  3975 I NearbyMediums: Unable to parse raw GATT advertisement [ ] [CONTEXT service_id=54 ]
04-20 20:10:02.143  2290  2348 D BtGatt.GattService: onScanFilterParamsConfigured() - clientIf=5, status=0, action=0, availableSpace=13
04-20 20:10:02.143  2290  2348 D BtGatt.ScanManager: callback done for scannerId - 5 status - 0
04-20 20:10:02.143 22073  3975 I NearbyMediums: Matched service ID connectedcrossroad to GATT advertisement BleAdvertisement { version=2, socketVersion=2, serviceIdHash=[ 0x5b 0xc9 0xed ], data=[ 0x22 0x5b 0xc9 0xed 0x48 0x4c 0x71 0x68 0x01 0x31 0x58 0xcb 0x52 0x5b 0xbf 0x2c 0x00 0x00 ], deviceToken=[ 0x62 0xce ] }. [CONTEXT service_id=54 ]
04-20 20:10:02.143  2290  2603 I bt_stack: [INFO:btm_ble_adv_filter.cc(693)] BTM_LE_PF_set UUID MASK is empty 
04-20 20:10:02.143  2290  2348 D BtGatt.GattService: onScanFilterConfig() - clientIf=5, action = 0 status = 0, filterType=0, availableSpace=0
04-20 20:10:02.144  2290  2348 D BtGatt.ScanManager: callback done for scannerId - 5 status - 0
04-20 20:10:02.144 22073  3971 D BluetoothAdapter: isLeEnabled(): ON
04-20 20:10:02.144  2290  2575 D BtGatt.ScanManager: configureFilterParamter 500 10000 1 0, deliveryMode=0
04-20 20:10:02.144 22073  3975 I NearbyMediums: Unable to parse raw GATT advertisement [ ] [CONTEXT service_id=54 ]
04-20 20:10:02.144 22073  3975 I chatty  : uid=10156(com.google.android.gms) highpool[85] identical 1 line
04-20 20:10:02.144 22073  3975 I NearbyMediums: Unable to parse raw GATT advertisement [ ] [CONTEXT service_id=54 ]
04-20 20:10:02.145  2290  2603 E bt_btif : bte_scan_filt_param_cfg_evt, 23
04-20 20:10:02.145  2290  2306 D BtGatt.GattService: stopScan() - queue size =3
04-20 20:10:02.147  2290  2315 D BtGatt.GattService: unregisterScanner() - scannerId=5
04-20 20:10:02.148 22073  3971 I Nearby  : M hardware scan: 5 filters, scanMode= -1, callback type= 1, workSource = WorkSource{10156 com.google.android.gms} [CONTEXT service_id=49 ]
04-20 20:10:02.149 22073  3971 D BluetoothAdapter: isLeEnabled(): ON
04-20 20:10:02.152  2290  2306 D BtGatt.GattService: registerScanner() - UUID=5daf925b-2901-4737-a232-b96714337f79
04-20 20:10:02.154  2290  2603 I bt_stack: [INFO:gatt_api.cc(950)] GATT_Register c4ae0010-4aa2-ffef-bfc0-a21e4c78f9e5
04-20 20:10:02.154  2290  2603 I bt_stack: [INFO:gatt_api.cc(970)] allocated gatt_if=5
04-20 20:10:02.154  2290  2348 D BtGatt.GattService: onScannerRegistered() - UUID=5daf925b-2901-4737-a232-b96714337f79, scannerId=5, status=0
04-20 20:10:02.154 22073 22330 D BluetoothLeScanner: onScannerRegistered() - status=0 scannerId=5 mScannerId=0
04-20 20:10:02.155  2290  2306 D BtGatt.GattService: start scan with filters. callingPackage: com.google.android.gms
04-20 20:10:02.156  2290  2348 D BtGatt.GattService: onScanFilterParamsConfigured() - clientIf=5, status=0, action=0, availableSpace=11
04-20 20:10:02.156  2290  2348 D BtGatt.ScanManager: callback done for scannerId - 5 status - 0
04-20 20:10:02.157  2290  2603 I bt_stack: [INFO:btm_ble_adv_filter.cc(693)] BTM_LE_PF_set UUID MASK is empty 
04-20 20:10:02.157  2290  2348 D BtGatt.GattService: onScanFilterConfig() - clientIf=5, action = 0 status = 0, filterType=0, availableSpace=0
04-20 20:10:02.157  2290  2348 D BtGatt.ScanManager: callback done for scannerId - 5 status - 0
04-20 20:10:02.158  2290  2575 D BtGatt.ScanManager: configureFilterParamter 500 10000 1 0, deliveryMode=0
04-20 20:10:02.160  2290  2348 D BtGatt.GattService: onScanFilterParamsConfigured() - clientIf=5, status=0, action=0, availableSpace=10
04-20 20:10:02.160  2290  2348 D BtGatt.ScanManager: callback done for scannerId - 5 status - 0
04-20 20:10:02.161  2290  2348 D bt_btif_config: btif_get_device_type: Device [4e:39:2c:39:0b:8c] type 2
04-20 20:10:02.165  2290  2348 D BtGatt.GattService: onScanFilterConfig() - clientIf=5, action = 0 status = 0, filterType=0, availableSpace=0
04-20 20:10:02.165  2290  2348 D BtGatt.ScanManager: callback done for scannerId - 5 status - 0
04-20 20:10:02.165  2290  2575 D BtGatt.ScanManager: configureFilterParamter 500 10000 1 0, deliveryMode=0
04-20 20:10:02.166  2290  2315 D BluetoothAdapterService: cancelDiscovery
04-20 20:10:02.167  2290  2348 D BtGatt.GattService: onScanFilterParamsConfigured() - clientIf=5, status=0, action=0, availableSpace=9
04-20 20:10:02.167  2290  2348 D BtGatt.ScanManager: callback done for scannerId - 5 status - 0
04-20 20:10:02.167  2290  2575 D BtGatt.ScanManager: configureRegularScanParams() - queue=3
04-20 20:10:02.167  2290  2575 D BtGatt.ScanManager: configureRegularScanParams() - ScanSetting LE 1M Scan mode=2ScanSetting LE Coded Scan mode=2 mLastConfiguredScanSettingLE1M=1 mLastConfiguredScanSettingLECoded=1scanPhy=255
04-20 20:10:02.168  2290  2575 D BtGatt.ScanManager: configureRegularScanParams - scanInterval LE 1M = 4096configureRegularScanParams - scanWindow LE 1M= 4096configureRegularScanParams - scanInterval LE Coded= 4096configureRegularScanParams - scanWindow LE Coded= 4096
04-20 20:10:02.168  2290  2575 I BtGatt.ScanManager: msg.what = 1
04-20 20:10:02.169  2290  2348 D BtGatt.GattService: onScanParamSetupCompleted : 0
04-20 20:10:02.170 22073  3975 W BluetoothAdapter: getBluetoothService() called with no BluetoothManagerCallback
04-20 20:10:02.173  2290  2603 W bt_btm  : Requested New Role: 0
04-20 20:10:02.187  2290  2348 D BtGatt.GattService: onScanFilterParamsConfigured() - clientIf=5, status=0, action=1, availableSpace=11
04-20 20:10:02.187  2290  2348 D BtGatt.ScanManager: callback done for scannerId - 5 status - 0
04-20 20:10:02.194  2290  2348 D BtGatt.GattService: onScanFilterParamsConfigured() - clientIf=5, status=0, action=1, availableSpace=12
04-20 20:10:02.195  2290  2348 D BtGatt.ScanManager: callback done for scannerId - 5 status - 0
04-20 20:10:02.197  2290  2348 D BtGatt.GattService: onScanFilterParamsConfigured() - clientIf=5, status=0, action=1, availableSpace=13
04-20 20:10:02.197  2290  2348 D BtGatt.ScanManager: callback done for scannerId - 5 status - 0
04-20 20:10:02.199  2290  2348 D BtGatt.GattService: onScanFilterParamsConfigured() - clientIf=5, status=0, action=1, availableSpace=14
04-20 20:10:02.199  2290  2348 D BtGatt.ScanManager: callback done for scannerId - 5 status - 0
04-20 20:10:02.201  2290  2348 D BtGatt.GattService: onScanFilterParamsConfigured() - clientIf=5, status=0, action=1, availableSpace=15
04-20 20:10:02.201  2290  2348 D BtGatt.ScanManager: callback done for scannerId - 5 status - 0
04-20 20:10:02.202  2290  2575 D BtGatt.ScanManager: configureRegularScanParams() - queue=2
04-20 20:10:02.202  2290  2575 D BtGatt.ScanManager: configureRegularScanParams() - ScanSetting LE 1M Scan mode=1ScanSetting LE Coded Scan mode=1 mLastConfiguredScanSettingLE1M=2 mLastConfiguredScanSettingLECoded=2scanPhy=255
04-20 20:10:02.202  2290  2575 D BtGatt.ScanManager: configureRegularScanParams - scanInterval LE 1M = 4096configureRegularScanParams - scanWindow LE 1M= 818configureRegularScanParams - scanInterval LE Coded= 4096configureRegularScanParams - scanWindow LE Coded= 818
04-20 20:10:02.202  2290  2575 I BtGatt.ScanManager: msg.what = 0
04-20 20:10:02.203  2290  2348 D BtGatt.GattService: onScanParamSetupCompleted : 0
04-20 20:10:02.203  2290  2575 D BtGatt.ScanManager: handling starting scan
04-20 20:10:02.204  2290  2575 D BtGatt.ScanManager: isAptXLowLatencyModeEnabled: false
04-20 20:10:02.207  2290  2603 E bt_btm  : BTM_BleObserve Observe Already Active
04-20 20:10:02.207  2290  2603 W bt_btif :  bta_dm_ble_observe BTM_BleObserve  failed. status 6
04-20 20:10:03.269   804  1081 W qti_sensors_hal: processReportInd: lux: 27, ch0: 98, ch1: 14
04-20 20:10:03.480 22073  3869 I NearbyMediums: Wifi LAN discovered service IkcwbzZbye0AAA, but that's us. Ignoring. [CONTEXT service_id=54 ]
04-20 20:10:03.481 22073  3869 I NearbyMediums: Wifi LAN discovered service IkcwbzZbye0AAA, but that's us. Ignoring. [CONTEXT service_id=54 ]
04-20 20:10:03.643 22073  3869 I NearbyMediums: Wifi LAN discovered service at 192.168.1.17 [CONTEXT service_id=54 ]
04-20 20:10:03.643 22073  3869 I NearbyMediums: Found service IkhMcWhbye0AAA on Wifi LAN. [CONTEXT service_id=54 ]
04-20 20:10:04.138   804  1081 W qti_sensors_hal: processReportInd: lux: 21, ch0: 78, ch1: 13
04-20 20:10:04.716  2290  2603 W bt_btif : bta_jv_idle_timeout_handler: 2
04-20 20:10:05.253   804  1081 W qti_sensors_hal: processReportInd: lux: 27, ch0: 98, ch1: 14
04-20 20:10:05.696  3347  5151 I BistoDBWrapper: Close DB
04-20 20:10:05.907     0     0 W swapper/1: type=1400 audit(0.0:901): avc: denied { kill } for uid=0 capability=5 scontext=u:r:kernel:s0 tcontext=u:r:kernel:s0 tclass=capability permissive=0
04-20 20:10:06.342 22073  3877 I NearbyConnections: EndpointManager discarded incoming OfflineFrame of type KEEP_ALIVE because it doesn't have a processor registered. [CONTEXT service_id=54 ]
04-20 20:10:06.548  2290  2603 W bt_btif : bta_jv_idle_timeout_handler: 2
04-20 20:10:07.537  2290  2603 W bt_btm  : btm_acl_role_changed: peer cc:0d:f2:75:2d:ba hci_status:0x21 new_role:1
04-20 20:10:07.537  2290  2603 E bt_btm  : tBTM_SEC_DEV:0x82503080 rs_disc_pending=1
04-20 20:10:07.538  2290  2603 W bt_l2cap: l2c_link_hci_conn_req:set link_role= 1
04-20 20:10:07.538  2290  2603 W bt_btif : bta_dm_check_av:0
04-20 20:10:07.538  2290  2603 W bt_btm  : BTM: Local device role : 0x01
04-20 20:10:07.538  2290  2603 W bt_btm  : BTM: RemBdAddr: cc:0d:f2:75:2d:ba
04-20 20:10:07.538  2290  2348 W bt_btif : btif_dm_cback : unhandled event (14)
04-20 20:10:07.544  2290  2603 W bt_l2cap: L2CAP - LCID: 0x0050  st: CLOSED  evt: LOWER_LAYER_CONNECT_CFM_NEG
04-20 20:10:07.544  2290  2603 W bt_btif : No ag scb for peer addr
04-20 20:10:07.668  2290  2603 W bt_l2cap: L2CAP - LCID: 0x0044  st: W4_L2CA_CON_RSP  evt: TIMEOUT
04-20 20:10:07.669  2290  2603 I bt_stack: [INFO:btsnoop.cc(384)] clear_l2cap_whitelist: Clearing whitelist from l2cap channel. conn_handle=24 cid=68:70
04-20 20:10:07.669  2290  2603 W bt_rfcomm: RFCOMM_DisconnectInd LCID:0x44
04-20 20:10:08.127 22073  3869 I NearbyMediums: Wifi LAN discovered service IkcwbzZbye0AAA, but that's us. Ignoring. [CONTEXT service_id=54 ]
04-20 20:10:08.129 22073  3869 I chatty  : uid=10156(com.google.android.gms) highpool[81] identical 1 line
04-20 20:10:08.134 22073  3869 I NearbyMediums: Wifi LAN discovered service IkcwbzZbye0AAA, but that's us. Ignoring. [CONTEXT service_id=54 ]
04-20 20:10:08.532  2290  2603 W bt_btm  : btm_acl_role_changed: peer cc:0d:f2:75:2d:60 hci_status:0x28 new_role:1
04-20 20:10:08.535 22073 28044 I NearbyConnections: EndpointManager discarded incoming OfflineFrame of type KEEP_ALIVE because it doesn't have a processor registered. [CONTEXT service_id=54 ]
04-20 20:10:08.562 22073  3869 I NearbyMediums: Wifi LAN discovered service at 192.168.1.68 [CONTEXT service_id=54 ]
04-20 20:10:08.562 22073  3869 I NearbyMediums: Found service ImF5cndbye0AAA on Wifi LAN. [CONTEXT service_id=54 ]
04-20 20:10:08.571 22073  3869 I NearbyMediums: Wifi LAN discovered service at 192.168.1.68 [CONTEXT service_id=54 ]
04-20 20:10:08.571 22073  3869 I NearbyMediums: Found service ImF5cndbye0AAA on Wifi LAN. [CONTEXT service_id=54 ]
04-20 20:10:08.664 22073  3869 I NearbyMediums: Wifi LAN discovered service at 192.168.1.68 [CONTEXT service_id=54 ]
04-20 20:10:08.664 22073  3869 I NearbyMediums: Found service ImF5cndbye0AAA on Wifi LAN. [CONTEXT service_id=54 ]
04-20 20:10:10.610 22073  3869 I NearbyMediums: Wifi LAN discovered service at 192.168.1.68 [CONTEXT service_id=54 ]
04-20 20:10:10.611 22073  3869 I NearbyMediums: Found service ImF5cndbye0AAA on Wifi LAN. [CONTEXT service_id=54 ]
04-20 20:10:10.776  2290  2603 W bt_l2cap: L2CAP - LCID: 0x0050  st: CLOSED  evt: LOWER_LAYER_CONNECT_CFM_NEG
04-20 20:10:10.776  2290  2603 I bt_stack: [INFO:btsnoop.cc(384)] clear_l2cap_whitelist: Clearing whitelist from l2cap channel. conn_handle=27 cid=80:4
04-20 20:10:10.777  2290  2603 W bt_sdp  : SDP - Rcvd conn cnf with error: 0xd  CID 0x50
04-20 20:10:10.778  2290  2649 E bt_btif_sock_rfcomm: find_rfc_slot_by_id unable to find RFCOMM slot id: 32
04-20 20:10:10.784 22073  3975 E NearbyMediums: MEDIUM_ERROR [SYSTEM][BLUETOOTH][CONNECT][ESTABLISH_CONNECTION_FAILED][UNKNOWN], Service ID : connectedcrossroad [CONTEXT service_id=54 ]
04-20 20:10:10.784 22073  3975 E NearbyMediums: Extra Sensitive/PII message : BluetoothSocketName : {IllCMnNbye0AAAAAAAAAATQ:connectedcrossroad}, Exception : read failed, socket might closed or timeout, read ret: -1 [CONTEXT service_id=54 ]
04-20 20:10:10.787 22073  3975 D BluetoothSocket: close() this: android.bluetooth.BluetoothSocket@ca2ca3d, channel: -1, mSocketIS: android.net.LocalSocketImpl$SocketInputStream@31ce232, mSocketOS: android.net.LocalSocketImpl$SocketOutputStream@4e3bb83mSocket: android.net.LocalSocket@26af100 impl:android.net.LocalSocketImpl@2f6cd39 fd:java.io.FileDescriptor@8b2ef7e, mSocketState: INIT
04-20 20:10:10.790 22073  3971 E NearbyMediums: MEDIUM_ERROR [SYSTEM][BLUETOOTH][CONNECT][ESTABLISH_CONNECTION_FAILED][EXECUTION_EXCEPTION], Service ID : connectedcrossroad [CONTEXT service_id=54 ]
04-20 20:10:11.059 22073 28044 I NearbyConnections: EndpointManager discarded incoming OfflineFrame of type KEEP_ALIVE because it doesn't have a processor registered. [CONTEXT service_id=54 ]
04-20 20:10:11.288 22073  3877 I NearbyConnections: EndpointManager discarded incoming OfflineFrame of type KEEP_ALIVE because it doesn't have a processor registered. [CONTEXT service_id=54 ]
04-20 20:10:12.012  2946  3020 I VoiceInputManagerWrapper: VoiceInputManagerWrapper.shutdownVoiceInternal():94 shutdownVoiceInternal()
04-20 20:10:12.112 22073  3975 W BluetoothAdapter: getBluetoothService() called with no BluetoothManagerCallback
04-20 20:10:12.117  2290  2603 W bt_btm  : Requested New Role: 0
04-20 20:10:12.558 22073  3869 I NearbyMediums: Wifi LAN discovered service at 192.168.1.65 [CONTEXT service_id=54 ]
04-20 20:10:12.558 22073  3869 I NearbyMediums: Found service IkwtYWtbye0AAA on Wifi LAN. [CONTEXT service_id=54 ]
04-20 20:10:12.604 22073  3869 I NearbyMediums: Wifi LAN discovered service IkcwbzZbye0AAA, but that's us. Ignoring. [CONTEXT service_id=54 ]
04-20 20:10:12.608 22073  3869 I NearbyMediums: Wifi LAN discovered service IkcwbzZbye0AAA, but that's us. Ignoring. [CONTEXT service_id=54 ]
04-20 20:10:12.640   827  5608 E WifiHAL : Received LOG message with insufficent length: 24
04-20 20:10:12.640   827  5608 E WifiHAL : Received fatal event, sending alert
04-20 20:10:12.643  1743  2414 W WifiVendorHal: onDebugErrorAlert 4104
04-20 20:10:12.716  2290  2603 I bt_stack: [INFO:btm_ble_connection_establishment.cc(164)] btm_ble_conn_complete: unable to match and resolve random address
04-20 20:10:12.716  2290  2603 W bt_btm  : btm_acl_created hci_handle=23 link_role=1  transport=2
04-20 20:10:12.716  2290  2603 I bt_stack: [INFO:btm_ble_bgconn.cc(406)] Already connection initiated (or) No Pending connections(or) Resources of lcb are exhausted
04-20 20:10:12.916  1743  1756 I system_server: Background concurrent copying GC freed 55262(3747KB) AllocSpace objects, 12(13MB) LOS objects, 42% free, 19MB/34MB, paused 140us total 165.640ms
04-20 20:10:12.973  2290  2603 W bt_btm  : btm_read_remote_version_complete lmp_version 9 manufacturer 29 lmp_subversion 702
04-20 20:10:12.973  2290  2603 E bt_btif : bta_dm_acl_change new acl connetion:count = 5
04-20 20:10:12.973  2290  2603 W bt_btif : bta_dm_acl_change info: 0x0
04-20 20:10:12.973  2290  2348 D BtGatt.GattService: onClientConnected() connId=520, address=5F:B3:A6:32:7B:A2, connected=true
04-20 20:10:12.973  2290  2603 W bt_l2cap: L2CA_SetDesireRole() new:x1, disallow_switch:0
04-20 20:10:12.974 22073 22327 D BluetoothGattServer: onServerConnectionState() - status=0 serverIf=8 device=5F:B3:A6:32:7B:A2
04-20 20:10:12.974  2290  2348 D BtGatt.GattService: onClientConnected() connId=521, address=5F:B3:A6:32:7B:A2, connected=true
04-20 20:10:12.975  2290  2348 D bt_btif_dm: remote version info [5f:b3:a6:32:7b:a2]: 0, 0, 0
04-20 20:10:12.975 22073 22327 D BluetoothGattServer: onServerConnectionState() - status=0 serverIf=9 device=5F:B3:A6:32:7B:A2
04-20 20:10:12.975  2290  2348 E BluetoothRemoteDevices: aclStateChangeCallback: device is NULL, address=5F:B3:A6:32:7B:A2, newState=0
04-20 20:10:12.975 22073 22327 I bevw    : Connected to device 5F:B3:A6:32:7B:A2.
04-20 20:10:12.975 22073 22327 D BluetoothGattServer: connect() - device: 5F:B3:A6:32:7B:A2, auto: false
04-20 20:10:12.976  2290  4011 D BluetoothMetrics: btclass0
04-20 20:10:12.977  2290  2315 D BtGatt.GattService: serverConnect() - address=5F:B3:A6:32:7B:A2
04-20 20:10:12.977  2290  2603 I bt_stack: [INFO:gatt_api.cc(1122)] GATT_Connect gatt_if=9, address=5f:b3:a6:32:7b:a2 is_direct 1
04-20 20:10:12.977  2290  2348 D BtGatt.GattService: onClientConnected() connId=521, address=5F:B3:A6:32:7B:A2, connected=true
04-20 20:10:12.978  2290  4011 E BluetoothMetrics: CheckinEvent exception: java.lang.NullPointerException: Attempt to invoke interface method 'java.lang.String java.lang.CharSequence.toString()' on a null object reference
04-20 20:10:12.978  2290  2348 D bt_btif_gatt: btapp_gatts_handle_cback: Empty event (16)!
04-20 20:10:12.978 22073 22327 D BluetoothGattServer: onServerConnectionState() - status=0 serverIf=9 device=5F:B3:A6:32:7B:A2
04-20 20:10:12.979 22073 22327 I bevw    : Connected to device 5F:B3:A6:32:7B:A2.
04-20 20:10:12.979 22073 22327 W bevw    : A connection is already open with device 5F:B3:A6:32:7B:A2. Keeping existing one.
04-20 20:10:13.067  2290  2603 I bt_stack: [INFO:gatt_main.cc(919)] gatt_data_process op_code = 16, msg_len = 6
04-20 20:10:13.166  2290  2603 I bt_stack: [INFO:gatt_main.cc(919)] gatt_data_process op_code = 16, msg_len = 6
04-20 20:10:13.204  2290  2603 W bt_btm  : btm_acl_role_changed: peer cc:0d:f2:75:2d:ba hci_status:0x35 new_role:1
04-20 20:10:13.204  2290  2603 E bt_btm  : tBTM_SEC_DEV:0x82503080 rs_disc_pending=1
04-20 20:10:13.204  2290  2603 W bt_btif : bta_dm_check_av:0
04-20 20:10:13.204  2290  2603 W bt_btm  : BTM: Local device role : 0x01
04-20 20:10:13.204  2290  2603 W bt_btm  : BTM: RemBdAddr: cc:0d:f2:75:2d:ba
04-20 20:10:13.205  2290  2348 W bt_btif : btif_dm_cback : unhandled event (14)
04-20 20:10:13.361  2290  2603 I bt_stack: [INFO:gatt_main.cc(919)] gatt_data_process op_code = 8, msg_len = 6
04-20 20:10:13.476  2290  2603 W bt_btm  : Requested New Role: 0
04-20 20:10:13.476  2290  2603 W bt_l2cap: L2CA_SetDesireRole() new:x1, disallow_switch:0
04-20 20:10:13.510  2290  2348 D BtGatt.GattService: onServerConnUpdate() - connId=520, status=0
