04-22 11:49:05.554  1635  2891 I chatty  : uid=1000(system) ConnectivitySer identical 9 lines
04-22 11:49:08.596  1635  2891 D ConnectivityService: NetReassign [no changes]
04-22 11:49:10.467  1635  4630 W ActivityManager: Foreground service started from background can not have location/camera/microphone access: service steptracker.healthandfitness.walkingtracker.pedometer/com.drojian.stepcounter.service.CounterService
04-22 11:49:10.489  1635  6941 W ActivityManager: Foreground service started from background can not have location/camera/microphone access: service steptracker.healthandfitness.walkingtracker.pedometer/com.drojian.stepcounter.service.CounterService
04-22 11:49:10.498  1635  3038 W ActivityManager: Foreground service started from background can not have location/camera/microphone access: service steptracker.healthandfitness.walkingtracker.pedometer/com.drojian.stepcounter.service.CounterService
04-22 11:49:11.619  1635  2891 D ConnectivityService: NetReassign [no changes]
04-22 11:49:44.950  1635  2891 I chatty  : uid=1000(system) ConnectivitySer identical 11 lines
04-22 11:49:47.985  1635  2891 D ConnectivityService: NetReassign [no changes]
04-22 11:49:49.329  1635  1755 W EntropyMixer: Failed to add HW RNG output to entropy pool
04-22 11:49:49.329  1635  1755 W EntropyMixer: java.io.FileNotFoundException: /dev/hw_random: open failed: EACCES (Permission denied)
04-22 11:49:49.329  1635  1755 W EntropyMixer: 	at libcore.io.IoBridge.open(IoBridge.java:492)
04-22 11:49:49.329  1635  1755 W EntropyMixer: 	at java.io.FileInputStream.<init>(FileInputStream.java:160)
04-22 11:49:49.329  1635  1755 W EntropyMixer: 	at java.io.FileInputStream.<init>(FileInputStream.java:115)
04-22 11:49:49.329  1635  1755 W EntropyMixer: 	at com.android.server.RandomBlock.fromFile(RandomBlock.java:45)
04-22 11:49:49.329  1635  1755 W EntropyMixer: 	at com.android.server.EntropyMixer.addHwRandomEntropy(EntropyMixer.java:205)
04-22 11:49:49.329  1635  1755 W EntropyMixer: 	at com.android.server.EntropyMixer.access$000(EntropyMixer.java:59)
04-22 11:49:49.329  1635  1755 W EntropyMixer: 	at com.android.server.EntropyMixer$1.handleMessage(EntropyMixer.java:83)
04-22 11:49:49.329  1635  1755 W EntropyMixer: 	at android.os.Handler.dispatchMessage(Handler.java:106)
04-22 11:49:49.329  1635  1755 W EntropyMixer: 	at android.os.Looper.loop(Looper.java:223)
04-22 11:49:49.329  1635  1755 W EntropyMixer: 	at android.os.HandlerThread.run(HandlerThread.java:67)
04-22 11:49:49.329  1635  1755 W EntropyMixer: 	at com.android.server.ServiceThread.run(ServiceThread.java:44)
04-22 11:49:49.329  1635  1755 W EntropyMixer: Caused by: android.system.ErrnoException: open failed: EACCES (Permission denied)
04-22 11:49:49.329  1635  1755 W EntropyMixer: 	at libcore.io.Linux.open(Native Method)
04-22 11:49:49.329  1635  1755 W EntropyMixer: 	at libcore.io.ForwardingOs.open(ForwardingOs.java:166)
04-22 11:49:49.329  1635  1755 W EntropyMixer: 	at libcore.io.BlockGuardOs.open(BlockGuardOs.java:254)
04-22 11:49:49.329  1635  1755 W EntropyMixer: 	at libcore.io.IoBridge.open(IoBridge.java:478)
04-22 11:49:49.329  1635  1755 W EntropyMixer: 	... 10 more
04-22 11:49:49.329  1635  1755 I EntropyMixer: Writing entropy...
04-22 11:49:51.026  1635  2891 D ConnectivityService: NetReassign [no changes]
04-22 11:49:51.908  1635  6941 I ActivityManager: Force stopping com.google.location.nearby.apps.connectedcrossroad appid=10333 user=0: from pid 24435
04-22 11:49:51.922  1635  1775 W BroadcastQueue: Background execution not allowed: receiving Intent { act=android.intent.action.PACKAGE_RESTARTED dat=package:com.google.location.nearby.apps.connectedcrossroad flg=0x10 (has extras) } to steptracker.healthandfitness.walkingtracker.pedometer/com.drojian.stepcounter.receiver.PedometerReceiver
04-22 11:49:51.922  1635  1775 W BroadcastQueue: Background execution not allowed: receiving Intent { act=android.intent.action.PACKAGE_RESTARTED dat=package:com.google.location.nearby.apps.connectedcrossroad flg=0x10 (has extras) } to steptracker.healthandfitness.walkingtracker.pedometer/com.drojian.servicekeeper.receiver.BootReceiver
04-22 11:49:54.061  1635  2891 D ConnectivityService: NetReassign [no changes]
04-22 11:49:54.065  1635  1771 I UsageStatsService: User[0] Flushing usage stats to disk
04-22 11:49:55.808  1635  1878 I PackageManager: Integrity check passed for file:///data/app/vmdl947008187.tmp
04-22 11:49:55.835  1635  1878 I PackageManager: Update package com.google.location.nearby.apps.connectedcrossroad code path from /data/app/~~MKM7iTWsj6Fnh0jKDW4bOQ==/com.google.location.nearby.apps.connectedcrossroad--RMNEoDTVOE8uK1FRc3jQg== to /data/app/~~U7v4FnWtG78aGUvsm0lFqA==/com.google.location.nearby.apps.connectedcrossroad-nNFvIycvct_AQ1sk-Z2nFg==; Retain data and using new
04-22 11:49:55.835  1635  1878 I PackageManager: Update package com.google.location.nearby.apps.connectedcrossroad resource path from /data/app/~~MKM7iTWsj6Fnh0jKDW4bOQ==/com.google.location.nearby.apps.connectedcrossroad--RMNEoDTVOE8uK1FRc3jQg== to /data/app/~~U7v4FnWtG78aGUvsm0lFqA==/com.google.location.nearby.apps.connectedcrossroad-nNFvIycvct_AQ1sk-Z2nFg==; Retain data and using new
04-22 11:49:55.850  1635  1878 D CompatibilityChangeReporter: Compat change id reported: 135549675; UID 10333; state: DISABLED
04-22 11:49:55.990  1635  1775 W BroadcastQueue: Background execution not allowed: receiving Intent { act=android.intent.action.PACKAGE_REMOVED dat=package:com.google.location.nearby.apps.connectedcrossroad flg=0x4000010 (has extras) } to com.android.vending/com.google.android.finsky.packagemanager.impl.PackageMonitorReceiverImpl$RegisteredReceiver
04-22 11:49:55.990  1635  1775 W BroadcastQueue: Background execution not allowed: receiving Intent { act=android.intent.action.PACKAGE_REMOVED dat=package:com.google.location.nearby.apps.connectedcrossroad flg=0x4000010 (has extras) } to com.android.vending/com.google.android.finsky.instantapps.appmanagement.InstantAppRemoveMonitor
04-22 11:49:55.990  1635  1775 W BroadcastQueue: Background execution not allowed: receiving Intent { act=android.intent.action.PACKAGE_REMOVED dat=package:com.google.location.nearby.apps.connectedcrossroad flg=0x4000010 (has extras) } to com.google.android.gms/.games.chimera.GamesSystemBroadcastReceiverProxy
04-22 11:49:56.025  1635  1775 W BroadcastQueue: Background execution not allowed: receiving Intent { act=android.intent.action.PACKAGE_REMOVED dat=package:com.google.location.nearby.apps.connectedcrossroad flg=0x4000010 (has extras) } to com.google.android.gms/.chimera.GmsIntentOperationService$PersistentTrustedReceiver
04-22 11:49:56.025  1635  1775 W BroadcastQueue: Background execution not allowed: receiving Intent { act=android.intent.action.PACKAGE_REMOVED dat=package:com.google.location.nearby.apps.connectedcrossroad flg=0x4000010 (has extras) } to com.google.android.googlequicksearchbox/com.google.android.apps.gsa.googlequicksearchbox.GelStubAppWatcher
04-22 11:49:56.026  1635  1775 W BroadcastQueue: Background execution not allowed: receiving Intent { act=android.intent.action.PACKAGE_REMOVED dat=package:com.google.location.nearby.apps.connectedcrossroad flg=0x4000010 (has extras) } to com.facebook.katana/com.facebook.feed.platformads.AppInstallReceiver
04-22 11:49:56.026  1635  1775 W BroadcastQueue: Background execution not allowed: receiving Intent { act=android.intent.action.PACKAGE_REMOVED dat=package:com.google.location.nearby.apps.connectedcrossroad flg=0x4000010 (has extras) } to com.jaga.ibraceletplus.smartwristband3/com.yc.pedometer.keepalive.KeepAliveReceiver
04-22 11:49:56.026  1635  1775 W BroadcastQueue: Background execution not allowed: receiving Intent { act=android.intent.action.PACKAGE_REMOVED dat=package:com.google.location.nearby.apps.connectedcrossroad flg=0x4000010 (has extras) } to com.microsoft.appmanager/.receiver.InstallUninstallReceiver
04-22 11:49:56.026  1635  1775 W BroadcastQueue: Background execution not allowed: receiving Intent { act=android.intent.action.PACKAGE_REMOVED dat=package:com.google.location.nearby.apps.connectedcrossroad flg=0x4000010 (has extras) } to com.microsoft.appmanager/com.microsoft.mmx.continuity.receiver.InstallUninstallReceiver
04-22 11:49:56.026  1635  1775 W BroadcastQueue: Background execution not allowed: receiving Intent { act=android.intent.action.PACKAGE_REMOVED dat=package:com.google.location.nearby.apps.connectedcrossroad flg=0x4000010 (has extras) } to com.microsoft.emmx/com.microsoft.mmx.continuity.receiver.InstallUninstallReceiver
04-22 11:49:56.027  1635  1775 W BroadcastQueue: Background execution not allowed: receiving Intent { act=android.intent.action.PACKAGE_ADDED dat=package:com.google.location.nearby.apps.connectedcrossroad flg=0x4000010 (has extras) } to com.google.android.packageinstaller/com.android.packageinstaller.PackageInstalledReceiver
04-22 11:49:56.027  1635  1775 W BroadcastQueue: Background execution not allowed: receiving Intent { act=android.intent.action.PACKAGE_ADDED dat=package:com.google.location.nearby.apps.connectedcrossroad flg=0x4000010 (has extras) } to com.android.vending/com.google.android.finsky.packagemanager.impl.PackageMonitorReceiverImpl$RegisteredReceiver
04-22 11:49:56.099  1635  1775 W BroadcastQueue: Background execution not allowed: receiving Intent { act=android.intent.action.PACKAGE_ADDED dat=package:com.google.location.nearby.apps.connectedcrossroad flg=0x4000010 (has extras) } to com.google.android.gms/.games.chimera.GamesSystemBroadcastReceiverProxy
04-22 11:49:56.108  1635  4613 I ActivityTaskManager: START u0 {act=android.intent.action.MAIN cat=[android.intent.category.LAUNCHER] flg=0x10000000 cmp=com.google.location.nearby.apps.connectedcrossroad/nx.aodv.eval.MainActivity} from uid 2000
04-22 11:49:56.132  1635  1775 W BroadcastQueue: Background execution not allowed: receiving Intent { act=android.intent.action.PACKAGE_ADDED dat=package:com.google.location.nearby.apps.connectedcrossroad flg=0x4000010 (has extras) } to com.google.android.gms/.gass.chimera.PackageChangeBroadcastReceiver
04-22 11:49:56.183  1635  1635 I Telecom : DefaultDialerCache: Refreshing default dialer for user 0: now com.google.android.dialer: DDC.oR@Bbs
04-22 11:49:56.215  1635  1775 W BroadcastQueue: Background execution not allowed: receiving Intent { act=android.intent.action.PACKAGE_ADDED dat=package:com.google.location.nearby.apps.connectedcrossroad flg=0x4000010 (has extras) } to com.google.android.gms/.chimera.GmsIntentOperationService$PersistentTrustedReceiver
04-22 11:49:56.223  1635  1635 V BackupManagerConstants: getFullBackupIntervalMilliseconds(...) returns 86400000
04-22 11:49:56.223  1635  1635 V BackupManagerConstants: getFullBackupRequiredNetworkType(...) returns 2
04-22 11:49:56.223  1635  1635 V BackupManagerConstants: getFullBackupRequireCharging(...) returns true
04-22 11:49:56.223  1635  1756 D CompatibilityChangeReporter: Compat change id reported: 135634846; UID 10333; state: DISABLED
04-22 11:49:56.224  1635  1776 D CompatibilityChangeReporter: Compat change id reported: 143937733; UID 10333; state: DISABLED
04-22 11:49:56.227  1635  1752 W Looper  : Slow dispatch took 127ms android.fg h=android.os.Handler c=<recycled PooledLambda@e2f71de> m=0
04-22 11:49:56.243  1635  1775 W BroadcastQueue: Background execution not allowed: receiving Intent { act=android.intent.action.PACKAGE_ADDED dat=package:com.google.location.nearby.apps.connectedcrossroad flg=0x4000010 (has extras) } to com.google.android.googlequicksearchbox/com.google.android.apps.gsa.googlequicksearchbox.GelStubAppWatcher
04-22 11:49:56.250  1635  1776 I ActivityManager: Start proc 24484:com.google.location.nearby.apps.connectedcrossroad/u0a333 for pre-top-activity {com.google.location.nearby.apps.connectedcrossroad/nx.aodv.eval.MainActivity}
04-22 11:49:56.253  1635  1775 W BroadcastQueue: Background execution not allowed: receiving Intent { act=android.intent.action.PACKAGE_ADDED dat=package:com.google.location.nearby.apps.connectedcrossroad flg=0x4000010 (has extras) } to com.facebook.katana/com.facebook.feed.platformads.AppInstallReceiver
04-22 11:49:56.253  1635  1775 W BroadcastQueue: Background execution not allowed: receiving Intent { act=android.intent.action.PACKAGE_ADDED dat=package:com.google.location.nearby.apps.connectedcrossroad flg=0x4000010 (has extras) } to com.jaga.ibraceletplus.smartwristband3/com.yc.pedometer.keepalive.KeepAliveReceiver
04-22 11:49:56.253  1635  1775 W BroadcastQueue: Background execution not allowed: receiving Intent { act=android.intent.action.PACKAGE_ADDED dat=package:com.google.location.nearby.apps.connectedcrossroad flg=0x4000010 (has extras) } to com.microsoft.appmanager/.receiver.InstallUninstallReceiver
04-22 11:49:56.253  1635  1775 W BroadcastQueue: Background execution not allowed: receiving Intent { act=android.intent.action.PACKAGE_ADDED dat=package:com.google.location.nearby.apps.connectedcrossroad flg=0x4000010 (has extras) } to com.microsoft.appmanager/com.microsoft.mmx.continuity.receiver.InstallUninstallReceiver
04-22 11:49:56.253  1635  1775 W BroadcastQueue: Background execution not allowed: receiving Intent { act=android.intent.action.PACKAGE_ADDED dat=package:com.google.location.nearby.apps.connectedcrossroad flg=0x4000010 (has extras) } to com.microsoft.emmx/com.microsoft.mmx.continuity.receiver.InstallUninstallReceiver
04-22 11:49:56.254  1635  1635 W Looper  : Slow delivery took 220ms main h=com.android.server.accessibility.AccessibilityManagerService$MainHandler c=<recycled PooledLambda@a55eb24> m=0
04-22 11:49:56.298  1635  1635 W Looper  : Drained
04-22 11:49:56.306  1635 11490 W BroadcastQueue: Background execution not allowed: receiving Intent { act=android.intent.action.PACKAGE_REPLACED dat=package:com.google.location.nearby.apps.connectedcrossroad flg=0x4000010 (has extras) } to com.google.android.gms/.gass.chimera.PackageChangeBroadcastReceiver
04-22 11:49:56.311  1635  1775 W BroadcastQueue: Background execution not allowed: receiving Intent { act=android.intent.action.PACKAGE_REPLACED dat=package:com.google.location.nearby.apps.connectedcrossroad flg=0x4000010 (has extras) } to com.google.android.gms/.chimera.GmsIntentOperationService$PersistentTrustedReceiver
04-22 11:49:56.311  1635  1775 W BroadcastQueue: Background execution not allowed: receiving Intent { act=android.intent.action.PACKAGE_REPLACED dat=package:com.google.location.nearby.apps.connectedcrossroad flg=0x4000010 (has extras) } to com.google.android.googlequicksearchbox/com.google.android.apps.gsa.googlequicksearchbox.GelStubAppWatcher
04-22 11:49:56.311  1635  1775 W BroadcastQueue: Background execution not allowed: receiving Intent { act=android.intent.action.PACKAGE_REPLACED dat=package:com.google.location.nearby.apps.connectedcrossroad flg=0x4000010 (has extras) } to com.infonow.bofa/com.bofa.ecom.marvel.application.BofaPackageUpdateReceiver
04-22 11:49:56.363  1635  1775 W BroadcastQueue: Background execution not allowed: receiving Intent { act=android.intent.action.PACKAGE_REPLACED dat=package:com.google.location.nearby.apps.connectedcrossroad flg=0x4000010 (has extras) } to com.microsoft.appmanager/com.microsoft.mmx.continuity.receiver.InstallUninstallReceiver
04-22 11:49:56.367  1635  1775 W BroadcastQueue: Background execution not allowed: receiving Intent { act=android.intent.action.PACKAGE_REPLACED dat=package:com.google.location.nearby.apps.connectedcrossroad flg=0x4000010 (has extras) } to com.microsoft.emmx/com.microsoft.mmx.continuity.receiver.InstallUninstallReceiver
04-22 11:49:56.370  1635  1775 W BroadcastQueue: Background execution not allowed: receiving Intent { act=android.intent.action.PACKAGE_REPLACED dat=package:com.google.location.nearby.apps.connectedcrossroad flg=0x4000010 (has extras) } to steptracker.healthandfitness.walkingtracker.pedometer/com.drojian.stepcounter.receiver.PedometerReceiver
04-22 11:49:56.372  1635  1775 W BroadcastQueue: Background execution not allowed: receiving Intent { act=android.intent.action.PACKAGE_REPLACED dat=package:com.google.location.nearby.apps.connectedcrossroad flg=0x4000010 (has extras) } to steptracker.healthandfitness.walkingtracker.pedometer/com.drojian.servicekeeper.receiver.BootReceiver
04-22 11:49:56.453  1635  1752 W Looper  : Slow delivery took 258ms android.fg h=android.os.Handler c=<recycled PooledLambda@4858791> m=0
04-22 11:49:56.559  1635  1752 W Looper  : Slow dispatch took 105ms android.fg h=android.os.Handler c=<recycled PooledLambda@64ca6d5> m=0
04-22 11:49:56.596  1635  2884 W NetworkPolicy: shared quota unsupported; generating rule for each iface
04-22 11:49:56.610  1635  1635 W Looper  : Slow dispatch took 246ms main h=com.android.server.job.JobSchedulerService$JobHandler c=null m=6
04-22 11:49:56.610  1635  1635 W Looper  : Slow delivery took 248ms main h=com.android.server.job.JobSchedulerService$JobHandler c=null m=4
04-22 11:49:56.618  1635  1635 W Looper  : Drained
04-22 11:49:56.832  1635  1752 W Looper  : Slow dispatch took 123ms android.fg h=android.os.Handler c=<recycled PooledLambda@2ebbb5d> m=0
04-22 11:49:56.935  1635  1752 W Looper  : Slow dispatch took 104ms android.fg h=android.os.Handler c=<recycled PooledLambda@cb8e5dd> m=0
04-22 11:49:56.959  1635  4630 D CompatibilityChangeReporter: Compat change id reported: 136274596; UID 10333; state: DISABLED
04-22 11:49:57.087  1635  2891 D ConnectivityService: NetReassign [no changes]
04-22 11:49:57.223  1635  2891 D Nat464Xlat: clatd running, updating NAI for v4-rmnet_data2
04-22 11:49:57.274  1635  1752 W Looper  : Slow dispatch took 106ms android.fg h=android.os.Handler c=<recycled PooledLambda@25d1fe6> m=0
04-22 11:49:57.673  1635  1752 W Looper  : Drained
04-22 11:49:58.272  1635  2884 W NetworkPolicy: shared quota unsupported; generating rule for each iface
04-22 11:49:58.841  1635  2884 I chatty  : uid=1000(system) NetworkPolicy identical 3 lines
04-22 11:49:59.242  1635  2884 W NetworkPolicy: shared quota unsupported; generating rule for each iface
04-22 11:49:59.563  1635  4613 E SystemServiceRegistry: Manager wrapper not available: face
04-22 11:49:59.566  1635  4613 I StatsPullAtomService: No runtime appop access message collected
04-22 11:49:59.566  1635  1775 I DropBoxManagerService: add tag=system_server_wtf isTagEnabled=true flags=0x2
04-22 11:49:59.673  1635  4613 W SettingsStatsUtil: Can not parse value to float: gps,network
04-22 11:50:00.089  1635  2891 D ConnectivityService: NetReassign [no changes]
04-22 11:50:01.585  1635  1775 W BroadcastQueue: Background execution not allowed: receiving Intent { act=android.intent.action.DROPBOX_ENTRY_ADDED flg=0x10 (has extras) } to com.google.android.gms/.stats.service.DropBoxEntryAddedReceiver
04-22 11:50:01.586  1635  1775 W BroadcastQueue: Background execution not allowed: receiving Intent { act=android.intent.action.DROPBOX_ENTRY_ADDED flg=0x10 (has extras) } to com.google.android.gms/.chimera.GmsIntentOperationService$PersistentTrustedReceiver
04-22 11:50:03.116  1635  2891 D ConnectivityService: NetReassign [no changes]
04-22 11:50:06.159  1635  2891 D ConnectivityService: NetReassign [no changes]
04-22 11:50:08.646  1635  8900 W ActivityManager: stopServiceToken startId 14 is last, but have 1 remaining args
04-22 11:50:09.184  1635  2891 D ConnectivityService: NetReassign [no changes]
04-22 11:50:09.339  1635  1635 I SoundTriggerHelper: Recognition success
04-22 11:50:09.341  4561  8436 I AlwaysOnHotwordDetector: onDetected
04-22 11:50:10.799  1635  3046 I SoundTriggerHelper: startRecognition successful.
04-22 11:50:12.221  1635  2891 D ConnectivityService: NetReassign [no changes]
04-22 11:50:24.327  1635  2891 I chatty  : uid=1000(system) ConnectivitySer identical 4 lines
04-22 11:50:27.337  1635  2891 D ConnectivityService: NetReassign [no changes]
04-22 11:50:28.714  1635  1635 D BluetoothManagerService: Bluetooth Adapter name changed to InUxbDJbye0AAAAAAAAAATE
04-22 11:50:28.714  1635  1635 D BluetoothManagerService: Stored Bluetooth name: InUxbDJbye0AAAAAAAAAATE
04-22 11:50:29.051  1635  2893 D NsdService: Register service
04-22 11:50:29.051  1635  2893 D NsdService: registerService: 28 name: InUxbDJbye0AAA, type: _5BC9ED5E6C75._tcp, host: null, port: 38067, txtRecord: n=MQIPv4=192.168.1.17
04-22 11:50:29.051  1635  2893 D NsdService: mdnssd [register, 28, InUxbDJbye0AAA, _5BC9ED5E6C75._tcp, 38067, BG49TVERSVB2ND0xOTIuMTY4LjEuMTc=]
04-22 11:50:29.053  1635  2893 D NsdService: Register 28 28
04-22 11:50:29.698  1635  2893 D NsdService: Native daemon message SERVICE_REGISTERED: 606 28 "InUxbDJbye0AAA"
04-22 11:50:29.705  1635  3046 E AppOps  : attributionTag com.google.android.gms.nearby not declared in manifest of com.google.location.nearby.apps.connectedcrossroad
04-22 11:50:30.348  1635  2891 D ConnectivityService: NetReassign [no changes]
04-22 11:50:42.399  1635  2891 I chatty  : uid=1000(system) ConnectivitySer identical 4 lines
04-22 11:50:45.419  1635  2891 D ConnectivityService: NetReassign [no changes]
04-22 11:50:46.397  1635  1775 I ActivityManager: Waited long enough for: ServiceRecord{5c0477d u0 com.google.android.googlequicksearchbox/com.google.android.apps.gsa.shared.util.keepalive.StandaloneKeepAlive$KeepAliveService}
04-22 11:50:48.440  1635  2891 D ConnectivityService: NetReassign [no changes]
04-22 11:50:54.503  1635  2891 I chatty  : uid=1000(system) ConnectivitySer identical 2 lines
04-22 11:50:57.522  1635  2891 D ConnectivityService: NetReassign [no changes]
04-22 11:50:58.154  1635  1775 D CompatibilityChangeReporter: Compat change id reported: 135634846; UID 10230; state: DISABLED
04-22 11:50:58.154  1635  1776 D CompatibilityChangeReporter: Compat change id reported: 143937733; UID 10230; state: DISABLED
04-22 11:50:58.176  1635  1776 I ActivityManager: Start proc 24709:com.discord/u0a230 for broadcast {com.discord/com.google.firebase.iid.FirebaseInstanceIdReceiver}
04-22 11:50:59.318  1635  1635 D NotificationService: 0|com.discord|1344243413|null|10230: granting content://settings/system/notification_sound
04-22 11:50:59.319  1635  1635 I chatty  : uid=1000 system_server identical 4 lines
04-22 11:50:59.319  1635  1635 D NotificationService: 0|com.discord|1344243413|null|10230: granting content://settings/system/notification_sound
04-22 11:50:59.320  1635  1635 W NotificationHistory: Attempted to add notif for locked/gone/disabled user 0
04-22 11:51:00.542  1635  2891 D ConnectivityService: NetReassign [no changes]
04-22 11:51:18.679  1635  2891 I chatty  : uid=1000(system) ConnectivitySer identical 6 lines
04-22 11:51:21.701  1635  2891 D ConnectivityService: NetReassign [no changes]
04-22 11:51:23.508  1635  2884 W NetworkPolicy: shared quota unsupported; generating rule for each iface
04-22 11:51:24.721  1635  2891 D ConnectivityService: NetReassign [no changes]
04-22 11:52:00.996  1635  2891 I chatty  : uid=1000(system) ConnectivitySer identical 12 lines
04-22 11:52:04.020  1635  2891 D ConnectivityService: NetReassign [no changes]
04-22 11:52:06.236  1635  8900 I ActivityManager: Force stopping com.google.location.nearby.apps.connectedcrossroad appid=10333 user=0: from pid 24909
04-22 11:52:06.237  1635  8900 I ActivityManager: Killing 24484:com.google.location.nearby.apps.connectedcrossroad/u0a333 (adj 0): stop com.google.location.nearby.apps.connectedcrossroad due to from pid 24909
04-22 11:52:06.240  1635  8900 W ActivityTaskManager: Force removing ActivityRecord{46484cd u0 com.google.location.nearby.apps.connectedcrossroad/nx.aodv.eval.MainActivity t8108 f}}: app died, no saved state
04-22 11:52:06.267  1635  4613 D AutofillSession: handling death of Token{92d7bf7 ActivityRecord{46484cd u0 com.google.location.nearby.apps.connectedcrossroad/nx.aodv.eval.MainActivity t-1 f}}} when saving=false
04-22 11:52:06.282  1635  1775 W BroadcastQueue: Background execution not allowed: receiving Intent { act=android.intent.action.PACKAGE_RESTARTED dat=package:com.google.location.nearby.apps.connectedcrossroad flg=0x10 (has extras) } to steptracker.healthandfitness.walkingtracker.pedometer/com.drojian.stepcounter.receiver.PedometerReceiver
04-22 11:52:06.289  1635  1775 W BroadcastQueue: Background execution not allowed: receiving Intent { act=android.intent.action.PACKAGE_RESTARTED dat=package:com.google.location.nearby.apps.connectedcrossroad flg=0x10 (has extras) } to steptracker.healthandfitness.walkingtracker.pedometer/com.drojian.servicekeeper.receiver.BootReceiver
04-22 11:52:06.303  1635  1756 W ActivityManager: setHasOverlayUi called on unknown pid: 24484
04-22 11:52:07.045  1635  2891 D ConnectivityService: NetReassign [no changes]
04-22 11:52:09.696  1635  2893 D NsdService: unregister service
04-22 11:52:09.696  1635  2893 D NsdService: mdnssd [stop-register, 28]
04-22 11:52:09.706  1635  1635 D BluetoothManagerService: Bluetooth Adapter name changed to Pixel 3a XL
04-22 11:52:09.707  1635  1635 D BluetoothManagerService: Stored Bluetooth name: Pixel 3a XL
04-22 11:52:10.057  1635  2891 D ConnectivityService: NetReassign [no changes]
04-22 11:52:16.104  1635  2891 I chatty  : uid=1000(system) ConnectivitySer identical 2 lines
04-22 11:52:19.127  1635  2891 D ConnectivityService: NetReassign [no changes]
04-22 11:52:20.776  1635  2884 W NetworkPolicy: shared quota unsupported; generating rule for each iface
04-22 11:52:22.174  1635  2891 D ConnectivityService: NetReassign [no changes]
04-22 11:52:25.193  1635  2891 D ConnectivityService: NetReassign [no changes]
04-22 11:52:27.999  1635  3043 I ActivityManager: Force stopping com.google.location.nearby.apps.connectedcrossroad appid=10333 user=0: from pid 24970
04-22 11:52:28.012  1635  1775 W BroadcastQueue: Background execution not allowed: receiving Intent { act=android.intent.action.PACKAGE_RESTARTED dat=package:com.google.location.nearby.apps.connectedcrossroad flg=0x10 (has extras) } to steptracker.healthandfitness.walkingtracker.pedometer/com.drojian.stepcounter.receiver.PedometerReceiver
04-22 11:52:28.013  1635  1775 W BroadcastQueue: Background execution not allowed: receiving Intent { act=android.intent.action.PACKAGE_RESTARTED dat=package:com.google.location.nearby.apps.connectedcrossroad flg=0x10 (has extras) } to steptracker.healthandfitness.walkingtracker.pedometer/com.drojian.servicekeeper.receiver.BootReceiver
04-22 11:52:28.221  1635  2891 D ConnectivityService: NetReassign [no changes]
04-22 11:52:31.249  1635  2891 D ConnectivityService: NetReassign [no changes]
04-22 11:52:32.244  1635  1878 I PackageManager: Integrity check passed for file:///data/app/vmdl1456171254.tmp
04-22 11:52:32.278  1635  1878 I PackageManager: Update package com.google.location.nearby.apps.connectedcrossroad code path from /data/app/~~U7v4FnWtG78aGUvsm0lFqA==/com.google.location.nearby.apps.connectedcrossroad-nNFvIycvct_AQ1sk-Z2nFg== to /data/app/~~C34KHnOUZZEZIBAlJ-jPjQ==/com.google.location.nearby.apps.connectedcrossroad-vrwqyrJZXs4W2OEvWcWzaQ==; Retain data and using new
04-22 11:52:32.278  1635  1878 I PackageManager: Update package com.google.location.nearby.apps.connectedcrossroad resource path from /data/app/~~U7v4FnWtG78aGUvsm0lFqA==/com.google.location.nearby.apps.connectedcrossroad-nNFvIycvct_AQ1sk-Z2nFg== to /data/app/~~C34KHnOUZZEZIBAlJ-jPjQ==/com.google.location.nearby.apps.connectedcrossroad-vrwqyrJZXs4W2OEvWcWzaQ==; Retain data and using new
04-22 11:52:32.297  1635  1878 D CompatibilityChangeReporter: Compat change id reported: 135549675; UID 10333; state: DISABLED
04-22 11:52:32.450  1635  1775 W BroadcastQueue: Background execution not allowed: receiving Intent { act=android.intent.action.PACKAGE_REMOVED dat=package:com.google.location.nearby.apps.connectedcrossroad flg=0x4000010 (has extras) } to com.android.vending/com.google.android.finsky.packagemanager.impl.PackageMonitorReceiverImpl$RegisteredReceiver
04-22 11:52:32.451  1635  1775 W BroadcastQueue: Background execution not allowed: receiving Intent { act=android.intent.action.PACKAGE_REMOVED dat=package:com.google.location.nearby.apps.connectedcrossroad flg=0x4000010 (has extras) } to com.android.vending/com.google.android.finsky.instantapps.appmanagement.InstantAppRemoveMonitor
04-22 11:52:32.454  1635  1775 W BroadcastQueue: Background execution not allowed: receiving Intent { act=android.intent.action.PACKAGE_REMOVED dat=package:com.google.location.nearby.apps.connectedcrossroad flg=0x4000010 (has extras) } to com.google.android.gms/.games.chimera.GamesSystemBroadcastReceiverProxy
04-22 11:52:32.457  1635  1775 W BroadcastQueue: Background execution not allowed: receiving Intent { act=android.intent.action.PACKAGE_REMOVED dat=package:com.google.location.nearby.apps.connectedcrossroad flg=0x4000010 (has extras) } to com.google.android.gms/.chimera.GmsIntentOperationService$PersistentTrustedReceiver
04-22 11:52:32.457  1635  1775 W BroadcastQueue: Background execution not allowed: receiving Intent { act=android.intent.action.PACKAGE_REMOVED dat=package:com.google.location.nearby.apps.connectedcrossroad flg=0x4000010 (has extras) } to com.google.android.googlequicksearchbox/com.google.android.apps.gsa.googlequicksearchbox.GelStubAppWatcher
04-22 11:52:32.458  1635  1775 W BroadcastQueue: Background execution not allowed: receiving Intent { act=android.intent.action.PACKAGE_REMOVED dat=package:com.google.location.nearby.apps.connectedcrossroad flg=0x4000010 (has extras) } to com.facebook.katana/com.facebook.feed.platformads.AppInstallReceiver
04-22 11:52:32.458  1635  1775 W BroadcastQueue: Background execution not allowed: receiving Intent { act=android.intent.action.PACKAGE_REMOVED dat=package:com.google.location.nearby.apps.connectedcrossroad flg=0x4000010 (has extras) } to com.jaga.ibraceletplus.smartwristband3/com.yc.pedometer.keepalive.KeepAliveReceiver
04-22 11:52:32.458  1635  1775 W BroadcastQueue: Background execution not allowed: receiving Intent { act=android.intent.action.PACKAGE_REMOVED dat=package:com.google.location.nearby.apps.connectedcrossroad flg=0x4000010 (has extras) } to com.microsoft.appmanager/.receiver.InstallUninstallReceiver
04-22 11:52:32.459  1635  1775 W BroadcastQueue: Background execution not allowed: receiving Intent { act=android.intent.action.PACKAGE_REMOVED dat=package:com.google.location.nearby.apps.connectedcrossroad flg=0x4000010 (has extras) } to com.microsoft.appmanager/com.microsoft.mmx.continuity.receiver.InstallUninstallReceiver
04-22 11:52:32.459  1635  1775 W BroadcastQueue: Background execution not allowed: receiving Intent { act=android.intent.action.PACKAGE_REMOVED dat=package:com.google.location.nearby.apps.connectedcrossroad flg=0x4000010 (has extras) } to com.microsoft.emmx/com.microsoft.mmx.continuity.receiver.InstallUninstallReceiver
04-22 11:52:32.515  1635  1775 W BroadcastQueue: Background execution not allowed: receiving Intent { act=android.intent.action.PACKAGE_ADDED dat=package:com.google.location.nearby.apps.connectedcrossroad flg=0x4000010 (has extras) } to com.google.android.packageinstaller/com.android.packageinstaller.PackageInstalledReceiver
04-22 11:52:32.517  1635  1775 W BroadcastQueue: Background execution not allowed: receiving Intent { act=android.intent.action.PACKAGE_ADDED dat=package:com.google.location.nearby.apps.connectedcrossroad flg=0x4000010 (has extras) } to com.android.vending/com.google.android.finsky.packagemanager.impl.PackageMonitorReceiverImpl$RegisteredReceiver
04-22 11:52:32.533  1635  6941 I ActivityTaskManager: START u0 {act=android.intent.action.MAIN cat=[android.intent.category.LAUNCHER] flg=0x10000000 cmp=com.google.location.nearby.apps.connectedcrossroad/nx.aodv.eval.MainActivity} from uid 2000
04-22 11:52:32.581  1635  1775 W BroadcastQueue: Background execution not allowed: receiving Intent { act=android.intent.action.PACKAGE_ADDED dat=package:com.google.location.nearby.apps.connectedcrossroad flg=0x4000010 (has extras) } to com.google.android.gms/.games.chimera.GamesSystemBroadcastReceiverProxy
04-22 11:52:32.612  1635  1756 D CompatibilityChangeReporter: Compat change id reported: 135634846; UID 10333; state: DISABLED
04-22 11:52:32.615  1635  1776 D CompatibilityChangeReporter: Compat change id reported: 143937733; UID 10333; state: DISABLED
04-22 11:52:32.640  1635  1775 W BroadcastQueue: Background execution not allowed: receiving Intent { act=android.intent.action.PACKAGE_ADDED dat=package:com.google.location.nearby.apps.connectedcrossroad flg=0x4000010 (has extras) } to com.google.android.gms/.gass.chimera.PackageChangeBroadcastReceiver
04-22 11:52:32.668  1635  1754 W Looper  : Slow dispatch took 101ms android.ui h=com.android.server.am.ActivityManagerService$UiHandler c=null m=53
04-22 11:52:32.669  1635  1775 W BroadcastQueue: Background execution not allowed: receiving Intent { act=android.intent.action.PACKAGE_ADDED dat=package:com.google.location.nearby.apps.connectedcrossroad flg=0x4000010 (has extras) } to com.google.android.gms/.chimera.GmsIntentOperationService$PersistentTrustedReceiver
04-22 11:52:32.670  1635  1776 W ActivityManager: Slow operation: 58ms so far, now at startProcess: done updating battery stats
04-22 11:52:32.670  1635  1776 W ActivityManager: Slow operation: 58ms so far, now at startProcess: building log message
04-22 11:52:32.670  1635  1776 I ActivityManager: Start proc 25028:com.google.location.nearby.apps.connectedcrossroad/u0a333 for pre-top-activity {com.google.location.nearby.apps.connectedcrossroad/nx.aodv.eval.MainActivity}
04-22 11:52:32.670  1635  1776 W ActivityManager: Slow operation: 58ms so far, now at startProcess: starting to update pids map
04-22 11:52:32.670  1635  1776 W ActivityManager: Slow operation: 59ms so far, now at startProcess: done updating pids map
04-22 11:52:32.680  1635  1775 W BroadcastQueue: Background execution not allowed: receiving Intent { act=android.intent.action.PACKAGE_ADDED dat=package:com.google.location.nearby.apps.connectedcrossroad flg=0x4000010 (has extras) } to com.google.android.googlequicksearchbox/com.google.android.apps.gsa.googlequicksearchbox.GelStubAppWatcher
04-22 11:52:32.680  1635  1775 W BroadcastQueue: Background execution not allowed: receiving Intent { act=android.intent.action.PACKAGE_ADDED dat=package:com.google.location.nearby.apps.connectedcrossroad flg=0x4000010 (has extras) } to com.facebook.katana/com.facebook.feed.platformads.AppInstallReceiver
04-22 11:52:32.680  1635  1775 W BroadcastQueue: Background execution not allowed: receiving Intent { act=android.intent.action.PACKAGE_ADDED dat=package:com.google.location.nearby.apps.connectedcrossroad flg=0x4000010 (has extras) } to com.jaga.ibraceletplus.smartwristband3/com.yc.pedometer.keepalive.KeepAliveReceiver
04-22 11:52:32.681  1635  1775 W BroadcastQueue: Background execution not allowed: receiving Intent { act=android.intent.action.PACKAGE_ADDED dat=package:com.google.location.nearby.apps.connectedcrossroad flg=0x4000010 (has extras) } to com.microsoft.appmanager/.receiver.InstallUninstallReceiver
04-22 11:52:32.681  1635  1775 W BroadcastQueue: Background execution not allowed: receiving Intent { act=android.intent.action.PACKAGE_ADDED dat=package:com.google.location.nearby.apps.connectedcrossroad flg=0x4000010 (has extras) } to com.microsoft.appmanager/com.microsoft.mmx.continuity.receiver.InstallUninstallReceiver
04-22 11:52:32.681  1635  1775 W BroadcastQueue: Background execution not allowed: receiving Intent { act=android.intent.action.PACKAGE_ADDED dat=package:com.google.location.nearby.apps.connectedcrossroad flg=0x4000010 (has extras) } to com.microsoft.emmx/com.microsoft.mmx.continuity.receiver.InstallUninstallReceiver
04-22 11:52:32.767  1635  1635 W Looper  : Slow dispatch took 266ms main h=android.app.ActivityThread$H c=android.app.-$$Lambda$LoadedApk$ReceiverDispatcher$Args$_BumDX2UKsnxLVrE6UJsJZkotuA@e0d5d74 m=0
04-22 11:52:32.767  1635  1635 W Looper  : Slow delivery took 263ms main h=android.app.ActivityThread$H c=android.app.-$$Lambda$LoadedApk$ReceiverDispatcher$Args$_BumDX2UKsnxLVrE6UJsJZkotuA@9e2529d m=0
04-22 11:52:32.815  1635  9190 W BroadcastQueue: Background execution not allowed: receiving Intent { act=android.intent.action.PACKAGE_REPLACED dat=package:com.google.location.nearby.apps.connectedcrossroad flg=0x4000010 (has extras) } to com.google.android.gms/.gass.chimera.PackageChangeBroadcastReceiver
04-22 11:52:32.819  1635  1775 W BroadcastQueue: Background execution not allowed: receiving Intent { act=android.intent.action.PACKAGE_REPLACED dat=package:com.google.location.nearby.apps.connectedcrossroad flg=0x4000010 (has extras) } to com.google.android.gms/.chimera.GmsIntentOperationService$PersistentTrustedReceiver
04-22 11:52:32.820  1635  1775 W BroadcastQueue: Background execution not allowed: receiving Intent { act=android.intent.action.PACKAGE_REPLACED dat=package:com.google.location.nearby.apps.connectedcrossroad flg=0x4000010 (has extras) } to com.google.android.googlequicksearchbox/com.google.android.apps.gsa.googlequicksearchbox.GelStubAppWatcher
04-22 11:52:32.820  1635  1775 W BroadcastQueue: Background execution not allowed: receiving Intent { act=android.intent.action.PACKAGE_REPLACED dat=package:com.google.location.nearby.apps.connectedcrossroad flg=0x4000010 (has extras) } to com.infonow.bofa/com.bofa.ecom.marvel.application.BofaPackageUpdateReceiver
04-22 11:52:32.821  1635  1775 W BroadcastQueue: Background execution not allowed: receiving Intent { act=android.intent.action.PACKAGE_REPLACED dat=package:com.google.location.nearby.apps.connectedcrossroad flg=0x4000010 (has extras) } to com.microsoft.appmanager/com.microsoft.mmx.continuity.receiver.InstallUninstallReceiver
04-22 11:52:32.821  1635  1775 W BroadcastQueue: Background execution not allowed: receiving Intent { act=android.intent.action.PACKAGE_REPLACED dat=package:com.google.location.nearby.apps.connectedcrossroad flg=0x4000010 (has extras) } to com.microsoft.emmx/com.microsoft.mmx.continuity.receiver.InstallUninstallReceiver
04-22 11:52:32.821  1635  1775 W BroadcastQueue: Background execution not allowed: receiving Intent { act=android.intent.action.PACKAGE_REPLACED dat=package:com.google.location.nearby.apps.connectedcrossroad flg=0x4000010 (has extras) } to steptracker.healthandfitness.walkingtracker.pedometer/com.drojian.stepcounter.receiver.PedometerReceiver
04-22 11:52:32.821  1635  1775 W BroadcastQueue: Background execution not allowed: receiving Intent { act=android.intent.action.PACKAGE_REPLACED dat=package:com.google.location.nearby.apps.connectedcrossroad flg=0x4000010 (has extras) } to steptracker.healthandfitness.walkingtracker.pedometer/com.drojian.servicekeeper.receiver.BootReceiver
04-22 11:52:32.888  1635  1752 W Looper  : Slow dispatch took 203ms android.fg h=android.os.Handler c=<recycled PooledLambda@5da6915> m=0
04-22 11:52:32.936  1635  1752 W Looper  : Slow delivery took 306ms android.fg h=android.os.Handler c=<recycled PooledLambda@17b17c0> m=0
04-22 11:52:33.226  1635  1635 W Looper  : Slow dispatch took 423ms main h=android.app.ActivityThread$H c=android.app.-$$Lambda$LoadedApk$ReceiverDispatcher$Args$_BumDX2UKsnxLVrE6UJsJZkotuA@8eb0bd m=0
04-22 11:52:33.236  1635  1635 I Telecom : DefaultDialerCache: Refreshing default dialer for user 0: now com.google.android.dialer: DDC.oR@BcE
04-22 11:52:33.282  1635  1752 W Looper  : Slow dispatch took 237ms android.fg h=android.os.Handler c=<recycled PooledLambda@661bb57> m=0
04-22 11:52:33.291  1635  1635 V BackupManagerConstants: getFullBackupIntervalMilliseconds(...) returns 86400000
04-22 11:52:33.291  1635  1635 V BackupManagerConstants: getFullBackupRequiredNetworkType(...) returns 2
04-22 11:52:33.291  1635  1635 V BackupManagerConstants: getFullBackupRequireCharging(...) returns true
04-22 11:52:33.451  1635  1752 W Looper  : Slow dispatch took 168ms android.fg h=android.os.Handler c=<recycled PooledLambda@73ca93d> m=0
04-22 11:52:33.458  1635  1635 W Looper  : Slow dispatch took 103ms main h=com.android.server.job.JobSchedulerService$JobHandler c=null m=6
04-22 11:52:33.518  1635  1635 W Looper  : Drained
04-22 11:52:33.546  1635  2884 W NetworkPolicy: shared quota unsupported; generating rule for each iface
04-22 11:52:33.713  1635  8781 D CompatibilityChangeReporter: Compat change id reported: 136274596; UID 10333; state: DISABLED
04-22 11:52:34.263  1635  2891 D ConnectivityService: NetReassign [no changes]
04-22 11:52:34.354  1635  1752 W Looper  : Drained
04-22 11:52:34.433  1635  2884 W NetworkPolicy: shared quota unsupported; generating rule for each iface
04-22 11:52:34.712  1635  2884 I chatty  : uid=1000(system) NetworkPolicy identical 2 lines
04-22 11:52:35.050  1635  2884 W NetworkPolicy: shared quota unsupported; generating rule for each iface
04-22 11:52:35.178  1635  8781 E SystemServiceRegistry: Manager wrapper not available: face
04-22 11:52:35.180  1635  8781 I StatsPullAtomService: No runtime appop access message collected
04-22 11:52:35.180  1635  1775 I DropBoxManagerService: add tag=system_server_wtf isTagEnabled=true flags=0x2
04-22 11:52:35.285  1635  9801 W SettingsStatsUtil: Can not parse value to float: gps,network
04-22 11:52:37.197  1635  1775 W BroadcastQueue: Background execution not allowed: receiving Intent { act=android.intent.action.DROPBOX_ENTRY_ADDED flg=0x10 (has extras) } to com.google.android.gms/.stats.service.DropBoxEntryAddedReceiver
04-22 11:52:37.197  1635  1775 W BroadcastQueue: Background execution not allowed: receiving Intent { act=android.intent.action.DROPBOX_ENTRY_ADDED flg=0x10 (has extras) } to com.google.android.gms/.chimera.GmsIntentOperationService$PersistentTrustedReceiver
04-22 11:52:37.273  1635  2891 D ConnectivityService: NetReassign [no changes]
04-22 11:52:55.452  1635  2891 I chatty  : uid=1000(system) ConnectivitySer identical 6 lines
04-22 11:52:58.480  1635  2891 D ConnectivityService: NetReassign [no changes]
04-22 11:52:58.749  1635  2884 W NetworkPolicy: shared quota unsupported; generating rule for each iface
04-22 11:53:01.514  1635  2891 D ConnectivityService: NetReassign [no changes]
--------- beginning of main
04-22 11:53:39.183  3258  3258 D GRIL-S  : [6942]> UPDATE_REGULATORY_DOMAIN
04-22 11:53:39.181  1057  1057 W radioext@1.0-se: type=1400 audit(0.0:10603): avc: denied { search } for name="radio" dev="dm-8" ino=174 scontext=u:r:hal_radioext_default:s0 tcontext=u:object_r:radio_vendor_data_file:s0 tclass=dir permissive=0
04-22 11:53:39.185  3258  4164 D GRIL-S  : [6942]< UPDATE_REGULATORY_DOMAIN 
04-22 11:53:39.384  1016  1020 E statsd  : Predicate 5980654721335871649 dropping data for dimension key (10)0x2010101->10145[I] (10)0x30000->CastSocketMultiplexer_WakeLock[S] 
04-22 11:53:39.394  1016  1020 I chatty  : uid=1066(statsd) Binder:1016_2 identical 12 lines
04-22 11:53:39.397  1016  1020 E statsd  : Predicate 5980654721335871649 dropping data for dimension key (10)0x2010101->10145[I] (10)0x30000->CastSocketMultiplexer_WakeLock[S] 
04-22 11:53:39.399  1016  1020 E statsd  : Predicate 5980654721335871649 dropping data for dimension key (10)0x2010101->10145[I] (10)0x30000->CastDeviceController-com.google.android.gms[S] 
04-22 11:53:39.404  1016  1020 E statsd  : Predicate 5980654721335871649 dropping data for dimension key (10)0x2010101->10145[I] (10)0x30000->CastDeviceController-com.google.android.gms[S] 
04-22 11:53:39.769  1047  1286 D VSC     : @ 109530.085: [WO] isFlat() nearest_rotation: 0, flat_angle: 65
04-22 11:53:39.769  1047  1286 D VSC     : @ 109530.085: [WO] orientation angle 1, orientation 0
04-22 11:53:40.016  1058  2949 I WifiHAL : event received NL80211_CMD_VENDOR, vendor_id = 0x1374, subcmd = 0xd
04-22 11:53:41.048  4451  4451 I chatty  : uid=10324(com.jaga.ibraceletplus.smartwristband3) expire 23 lines
04-22 11:53:41.638  2979  2979 I KeyButtonView: Back button event: ACTION_DOWN
04-22 11:53:41.693  2979  2979 I KeyButtonView: Back button event: ACTION_UP
04-22 11:53:41.694  1635  1973 D InputDispatcher: Waiting to send key to Window{cfde8de u0 com.google.location.nearby.apps.connectedcrossroad/nx.aodv.eval.MainActivity} because there are unprocessed events that may cause focus to change
04-22 11:53:41.704  4561  4561 I A       : Receiving sys ui event of type com.google.android.apps.googlequicksearchbox.nga.ON_KEYBOARD_SHOWING_CHANGED.
04-22 11:53:41.721 14602 14620 D audio_hw_primary: out_set_parameters: enter: usecase(1: low-latency-playback) kvpairs: routing=2
04-22 11:53:41.722  1635  3048 I system_server: oneway function results will be dropped but finished with status OK and parcel size 4
04-22 11:53:41.722  1635  3048 I chatty  : uid=1000(system) Binder:1635_C identical 1 line
04-22 11:53:41.726  1635  3048 I system_server: oneway function results will be dropped but finished with status OK and parcel size 4
04-22 11:53:41.726 14602 14896 D audio_hw_primary: select_devices_with_force_switch: changing use case low-latency-playback output device from(4: speaker-safe, acdb 514) to (2: speaker, acdb 513)
04-22 11:53:41.727 14602 14896 D audio_route: Apply path: speaker
04-22 11:53:41.729 14602 14896 D audio_hw_primary: enable_snd_device: snd_device(104: vi-feedback)
04-22 11:53:41.729 14602 14896 D audio_route: Apply path: vi-feedback
04-22 11:53:41.729 14602 14896 E audio_hw_utils: audio_extn_utils_send_app_type_cfg: Failed to derive app_type for uc type : 0x1
04-22 11:53:41.729 14602 14896 D ACDB-LOADER: ACDB -> send_audio_cal, acdb_id = 512, path = 1, app id = 0x11132, sample rate = 48000
04-22 11:53:41.729 14602 14896 D ACDB-LOADER: ACDB -> send_asm_topology
04-22 11:53:41.729 14602 14896 D ACDB-LOADER: ACDB -> ACDB_CMD_GET_AUDPROC_STREAM_TOPOLOGY_ID
04-22 11:53:41.729 14602 14896 D ACDB-LOADER: ACDB -> send_adm_topology
04-22 11:53:41.729 14602 14896 D ACDB-LOADER: ACDB -> ACDB_CMD_GET_AUDPROC_COMMON_TOPOLOGY_ID
04-22 11:53:41.729 14602 14896 D ACDB-LOADER: ACDB -> send_audtable
04-22 11:53:41.729 14602 14896 D ACDB-LOADER: ACDB -> ACDB_CMD_GET_AUDPROC_COMMON_TABLE_SIZE
04-22 11:53:41.729 14602 14896 D ACDB-LOADER: ACDB -> ACDB_CMD_GET_AUDPROC_COMMON_TABLE
04-22 11:53:41.729 14602 14896 D ACDB-LOADER: ACDB -> AUDIO_SET_AUDPROC_CAL
04-22 11:53:41.729 14602 14896 D ACDB-LOADER: ACDB -> send_audvoltable
04-22 11:53:41.729 14602 14896 D ACDB-LOADER: ACDB -> ACDB_CMD_GET_AUDPROC_VOL_STEP_TABLE_SIZE
04-22 11:53:41.729 14602 14896 D ACDB-LOADER: ACDB -> ACDB_CMD_GET_AUDPROC_GAIN_DEP_STEP_TABLE, vol index 0
04-22 11:53:41.729 14602 14896 D android.hardware.audio.service: Failed to fetch the lookup information of the device 00000200 
04-22 11:53:41.729 14602 14896 E ACDB-LOADER: Error: ACDB AudProc vol returned = -19
04-22 11:53:41.729 14602 14896 D ACDB-LOADER: ACDB -> AUDIO_SET_VOL_CAL cal type = 12
04-22 11:53:41.729 14602 14896 D ACDB-LOADER: ACDB -> ACDB_CMD_GET_AUDPROC_STREAM_TABLE_SIZE
04-22 11:53:41.729 14602 14896 D ACDB-LOADER: ACDB -> send_audstrmtable
04-22 11:53:41.729 14602 14896 D ACDB-LOADER: ACDB -> ACDB_CMD_GET_AUDPROC_STREAM_TABLE_V2
04-22 11:53:41.729 14602 14896 D ACDB-LOADER: ACDB -> audstrm_cal->cal_type.cal_data.cal_size = 16
04-22 11:53:41.729 14602 14896 D ACDB-LOADER: ACDB -> send_afe_topology
04-22 11:53:41.729 14602 14896 D ACDB-LOADER: ACDB -> ACDB_CMD_GET_AFE_TOPOLOGY_ID
04-22 11:53:41.729 14602 14896 D ACDB-LOADER: ACDB -> GET_AFE_TOPOLOGY_ID for adcd_id 512, Topology Id 10001ccc
04-22 11:53:41.729 14602 14896 D ACDB-LOADER: ACDB -> send_afe_cal
04-22 11:53:41.729 14602 14896 D ACDB-LOADER: ACDB -> ACDB_CMD_GET_AFE_COMMON_TABLE_SIZE
04-22 11:53:41.729 14602 14896 D ACDB-LOADER: ACDB -> ACDB_CMD_GET_AFE_COMMON_TABLE
04-22 11:53:41.729 14602 14896 D ACDB-LOADER: ACDB -> AUDIO_SET_AFE_CAL
04-22 11:53:41.729 14602 14896 D ACDB-LOADER: ACDB -> send_hw_delay : acdb_id = 512 path = 1
04-22 11:53:41.729 14602 14896 D ACDB-LOADER: ACDB -> ACDB_AVSYNC_INFO: ACDB_CMD_GET_DEVICE_PROPERTY
04-22 11:53:41.729 14602 14896 D audio_hw_primary: enable_audio_route: usecase(25) apply and update mixer path: spkr-vi-record vi-feedback
04-22 11:53:41.729 14602 14896 D audio_route: Apply path: spkr-vi-record vi-feedback
04-22 11:53:41.761  1047  1286 D VSC     : @ 109532.078: [WO] isFlat() nearest_rotation: 0, flat_angle: 65
04-22 11:53:41.761  1047  1286 D VSC     : @ 109532.078: [WO] orientation angle 8, orientation 0
04-22 11:53:41.763 14602 14896 D ACDB-LOADER: ACDB -> send_audio_cal, acdb_id = 513, path = 0, app id = 0x11130, sample rate = 48000
04-22 11:53:41.763 14602 14896 D ACDB-LOADER: ACDB -> send_asm_topology
04-22 11:53:41.763 14602 14896 D ACDB-LOADER: ACDB -> ACDB_CMD_GET_AUDPROC_STREAM_TOPOLOGY_ID
04-22 11:53:41.763 14602 14896 D ACDB-LOADER: ACDB -> send_adm_topology
04-22 11:53:41.763 14602 14896 D ACDB-LOADER: ACDB -> ACDB_CMD_GET_AUDPROC_COMMON_TOPOLOGY_ID
04-22 11:53:41.763 14602 14896 D ACDB-LOADER: ACDB -> send_audtable
04-22 11:53:41.763 14602 14896 D ACDB-LOADER: ACDB -> ACDB_CMD_GET_AUDPROC_COMMON_TABLE_SIZE
04-22 11:53:41.763 14602 14896 D ACDB-LOADER: ACDB -> ACDB_CMD_GET_AUDPROC_COMMON_TABLE
04-22 11:53:41.763 14602 14896 D ACDB-LOADER: ACDB -> AUDIO_SET_AUDPROC_CAL
04-22 11:53:41.763 14602 14896 D ACDB-LOADER: ACDB -> send_audvoltable
04-22 11:53:41.763 14602 14896 D ACDB-LOADER: ACDB -> ACDB_CMD_GET_AUDPROC_VOL_STEP_TABLE_SIZE
04-22 11:53:41.763 14602 14896 D ACDB-LOADER: ACDB -> ACDB_CMD_GET_AUDPROC_GAIN_DEP_STEP_TABLE, vol index 0
04-22 11:53:41.763 14602 14896 D android.hardware.audio.service: Failed to fetch the lookup information of the device 00000201 
04-22 11:53:41.763 14602 14896 E ACDB-LOADER: Error: ACDB AudProc vol returned = -19
04-22 11:53:41.763 14602 14896 D ACDB-LOADER: ACDB -> AUDIO_SET_VOL_CAL cal type = 12
04-22 11:53:41.763 14602 14896 D ACDB-LOADER: ACDB -> ACDB_CMD_GET_AUDPROC_STREAM_TABLE_SIZE
04-22 11:53:41.763 14602 14896 D ACDB-LOADER: ACDB -> send_audstrmtable
04-22 11:53:41.763 14602 14896 D ACDB-LOADER: ACDB -> ACDB_CMD_GET_AUDPROC_STREAM_TABLE_V2
