04-22 11:04:06.051  1635  2891 I chatty  : uid=1000(system) ConnectivitySer expire 22 lines
04-22 11:04:06.238  1635  2881 I chatty  : uid=1000(system) Binder:1635_3 expire 9 lines
04-22 11:04:22.323  1635  2893 I chatty  : uid=1000(system) NsdService expire 12 lines
04-22 11:04:34.121  1635  8772 I chatty  : uid=1000(system) Binder:1635_17 expire 4 lines
04-22 11:04:59.666  1635  3038 I chatty  : uid=1000(system) Binder:1635_4 expire 1 line
04-22 11:04:59.682  1635  1756 I chatty  : uid=1000(system) android.display expire 2 lines
04-22 11:05:00.646  1635  1712 I chatty  : uid=1000(system) Binder:1635_1 expire 2 lines
04-22 11:05:06.461  1635  1776 I chatty  : uid=1000(system) ActivityManager expire 12 lines
04-22 11:05:06.537  1635  4930 I chatty  : uid=1000(system) Binder:1635_14 expire 1 line
04-22 11:05:09.397  1635  2895 I chatty  : uid=1000(system) ranker expire 1 line
04-22 11:05:09.661 16353 16353 D ActivityThread: Loading provider contacts;com.android.contacts: com.android.providers.contacts.ContactsProvider2
04-22 11:05:12.537  1635  2891 I chatty  : uid=1000(system) ConnectivitySer expire 24 lines
04-22 11:05:23.694  1635  1775 I chatty  : uid=1000(system) ActivityManager expire 34 lines
04-22 11:05:42.724  1635  1878 I chatty  : uid=1000(system) PackageManager expire 4 lines
04-22 11:05:43.048  1635  3048 I chatty  : uid=1000(system) Binder:1635_C expire 1 line
04-22 11:05:43.108  1635  1635 I chatty  : uid=1000 system_server expire 12 lines
04-22 11:05:45.992  1635  9377 I chatty  : uid=1000(system) Binder:1635_1B expire 2 lines
04-22 11:05:46.092  1635  3044 I chatty  : uid=1000(system) Binder:1635_8 expire 1 line
04-22 11:05:57.059  1635  3045 I chatty  : uid=1000(system) Binder:1635_9 expire 3 lines
04-22 11:06:25.103  1635  2891 I chatty  : uid=1000(system) ConnectivitySer expire 142 lines
04-22 11:07:03.473  1635  2884 I chatty  : uid=1000(system) NetworkPolicy expire 9 lines
04-22 11:08:32.151  1635  1775 I chatty  : uid=1000(system) ActivityManager expire 62 lines
04-22 11:08:40.994  1635  1771 I chatty  : uid=1000(system) android.bg expire 1 line
04-22 11:08:50.587  1635  9377 I chatty  : uid=1000(system) Binder:1635_1B expire 9 lines
04-22 11:08:50.660  1635  3044 I chatty  : uid=1000(system) Binder:1635_8 expire 1 line
04-22 11:08:50.666  1635  1756 I chatty  : uid=1000(system) android.display expire 4 lines
04-22 11:08:52.722  1635  2893 I chatty  : uid=1000(system) NsdService expire 9 lines
04-22 11:08:52.724  1635  1635 I chatty  : uid=1000 system_server expire 15 lines
04-22 11:08:54.511  1635 11490 I chatty  : uid=1000(system) Binder:1635_1D expire 1 line
04-22 11:09:10.811  1635  1878 I chatty  : uid=1000(system) PackageManager expire 8 lines
04-22 11:09:11.107  1635  3040 I chatty  : uid=1000(system) Binder:1635_5 expire 1 line
04-22 11:09:11.173  1635  1776 I chatty  : uid=1000(system) ActivityManager expire 12 lines
04-22 11:09:11.396  1635  1752 I chatty  : uid=1000(system) android.fg expire 6 lines
04-22 11:09:12.547  1635  6941 I chatty  : uid=1000(system) Binder:1635_16 expire 4 lines
04-22 11:09:14.808  1635  4599 I chatty  : uid=1000(system) Binder:1635_D expire 4 lines
04-22 11:09:14.895  1635 12312 I chatty  : uid=1000(system) Binder:1635_1F expire 1 line
04-22 11:10:49.883  1635  1790 I chatty  : uid=1000(system) batterystats-wo expire 1 line
04-22 11:13:20.796  1635  3046 I chatty  : uid=1000(system) Binder:1635_A expire 1 line
04-22 11:13:32.900  1635  4612 I chatty  : uid=1000(system) Binder:1635_E expire 4 lines
04-22 11:13:33.053  1635  1775 I chatty  : uid=1000(system) ActivityManager expire 60 lines
04-22 11:13:33.237  1635  1752 I chatty  : uid=1000(system) android.fg expire 14 lines
04-22 11:13:33.448  1635  1635 I chatty  : uid=1000 system_server expire 21 lines
04-22 11:13:33.515  1635  6941 I chatty  : uid=1000(system) Binder:1635_16 expire 3 lines
04-22 11:13:33.619  1635  4930 I chatty  : uid=1000(system) Binder:1635_14 expire 1 line
04-22 11:13:33.662  1635  2884 I chatty  : uid=1000(system) NetworkPolicy expire 12 lines
04-22 11:13:34.664  1635  2891 I chatty  : uid=1000(system) ConnectivitySer expire 50 lines
04-22 11:13:35.606  1635  4613 I chatty  : uid=1000(system) Binder:1635_F expire 4 lines
04-22 11:13:35.713  1635 11678 I chatty  : uid=1000(system) Binder:1635_1E expire 4 lines
04-22 11:13:38.306  1635  2893 I chatty  : uid=1000(system) NsdService expire 12 lines
04-22 11:13:39.089  1635  3045 I chatty  : uid=1000(system) Binder:1635_9 expire 1 line
04-22 11:13:57.053  1635 12312 I chatty  : uid=1000(system) Binder:1635_1F expire 1 line
04-22 11:14:50.884  1635  1756 I chatty  : uid=1000(system) android.display expire 2 lines
04-22 11:15:19.618  1635  8781 I chatty  : uid=1000(system) Binder:1635_18 expire 1 line
04-22 11:15:24.716  1635  1878 I chatty  : uid=1000(system) PackageManager expire 4 lines
04-22 11:15:25.012  1635  2881 I chatty  : uid=1000(system) Binder:1635_3 expire 1 line
04-22 11:15:25.044  1635  1754 I chatty  : uid=1000(system) android.ui expire 2 lines
04-22 11:15:25.135  1635  1776 I chatty  : uid=1000(system) ActivityManager expire 2 lines
04-22 11:15:25.465  1635  5549 I chatty  : uid=1000(system) Binder:1635_15 expire 1 line
04-22 11:15:25.854  1635  3048 I chatty  : uid=1000(system) Binder:1635_C expire 1 line
04-22 11:15:27.244  1635 12414 I chatty  : uid=1000(system) Binder:1635_20 expire 2 lines
04-22 11:15:27.345  1635  3047 I chatty  : uid=1000(system) Binder:1635_B expire 1 line
04-22 11:15:33.045  1635  4614 I chatty  : uid=1000(system) Binder:1635_10 expire 1 line
04-22 11:15:33.045  1635  4623 I chatty  : uid=1000(system) Binder:1635_11 expire 1 line
04-22 11:15:33.045  1635  8900 I chatty  : uid=1000(system) Binder:1635_19 expire 1 line
04-22 11:15:33.045  1635  1713 I chatty  : uid=1000(system) Binder:1635_2 expire 1 line
04-22 11:15:59.813  1635  2891 I chatty  : uid=1000(system) ConnectivitySer expire 35 lines
04-22 11:16:00.123  1635  6941 I chatty  : uid=1000(system) Binder:1635_16 expire 5 lines
04-22 11:16:00.127  1635  1775 I chatty  : uid=1000(system) ActivityManager expire 45 lines
04-22 11:16:53.069  1635  2884 I chatty  : uid=1000(system) NetworkPolicy expire 8 lines
04-22 11:17:27.582  1635  1971 I chatty  : uid=1000(system) AlarmManager expire 1 line
04-22 11:17:43.396  1635  1635 I chatty  : uid=1000 system_server expire 15 lines
04-22 11:17:43.399  4561 30416 I AlwaysOnHotwordDetector: onDetected
04-22 11:17:44.869  1635 11678 I chatty  : uid=1000(system) Binder:1635_1E expire 4 lines
04-22 11:17:45.644  1635  2891 I chatty  : uid=1000(system) ConnectivitySer expire 138 lines
04-22 11:17:55.749  1635  8900 I chatty  : uid=1000(system) Binder:1635_19 expire 7 lines
04-22 11:18:16.603  1635  1776 I chatty  : uid=1000(system) ActivityManager expire 10 lines
04-22 11:18:57.163  1635  1756 I chatty  : uid=1000(system) android.display expire 3 lines
04-22 11:18:57.164  1635  4930 I chatty  : uid=1000(system) Binder:1635_14 expire 2 lines
04-22 11:18:59.547  1635  2893 I chatty  : uid=1000(system) NsdService expire 9 lines
04-22 11:19:13.612  1635  1878 I chatty  : uid=1000(system) PackageManager expire 4 lines
04-22 11:19:13.879  1635 11490 I chatty  : uid=1000(system) Binder:1635_1D expire 1 line
04-22 11:19:13.949  1635  1754 I chatty  : uid=1000(system) android.ui expire 1 line
04-22 11:19:14.015  1635  1752 I chatty  : uid=1000(system) android.fg expire 7 lines
04-22 11:19:14.185  1635  4623 I chatty  : uid=1000(system) Binder:1635_11 expire 1 line
04-22 11:19:14.643  1635  9801 I chatty  : uid=1000(system) Binder:1635_1C expire 1 line
04-22 11:19:16.132  1635  9377 I chatty  : uid=1000(system) Binder:1635_1B expire 2 lines
04-22 11:19:40.118  1635  3042 I chatty  : uid=1000(system) Binder:1635_6 expire 3 lines
04-22 11:20:57.144  1635  8781 I chatty  : uid=1000(system) Binder:1635_18 expire 3 lines
04-22 11:20:57.193  1635  3046 I chatty  : uid=1000(system) Binder:1635_A expire 1 line
04-22 11:21:33.792  1635  1771 I chatty  : uid=1000(system) android.bg expire 1 line
04-22 11:24:05.455  1635  2891 D ConnectivityService: Setting DNS servers for network 141 to [/fd00:976a::9, /fd00:976a::10]
04-22 11:24:05.455  1635  2891 D DnsManager: sendDnsConfigurationForNetwork(141, [fd00:976a::9, fd00:976a::10], [], 1800, 25, 8, 64, 0, 0, , [fd00:976a::9, fd00:976a::10])
04-22 11:24:05.460  1635  2891 D ConnectivityService: Adding iface rmnet_data2 to network 141
04-22 11:24:05.471  1635  2891 D ConnectivityService: Setting DNS servers for network 141 to [/fd00:976a::9, /fd00:976a::10]
04-22 11:24:05.471  1635  2891 D DnsManager: sendDnsConfigurationForNetwork(141, [fd00:976a::9, fd00:976a::10], [], 1800, 25, 8, 64, 0, 0, , [fd00:976a::9, fd00:976a::10])
04-22 11:24:05.493  1635  2891 D ConnectivityService: NetReassign [2 : null  141]
04-22 11:24:05.513  1635  2891 D ConnectivityService: [141 CELLULAR] EVENT_NETWORK_INFO_CHANGED, going from CONNECTED to CONNECTED
04-22 11:24:05.513  1635  2891 D ConnectivityService: [141 CELLULAR] EVENT_NETWORK_INFO_CHANGED, going from CONNECTED to CONNECTED
04-22 11:24:05.705  1635  2891 D ConnectivityService: NAT64 prefix added on netId 141: 2607:7700:0:24::/96
04-22 11:24:05.705  1635  2891 I Nat464Xlat: Starting clatd on rmnet_data2
04-22 11:24:05.818  1635  2891 I Nat464Xlat: interface v4-rmnet_data2 is up, adding stacked link v4-rmnet_data2 on top of rmnet_data2
04-22 11:24:05.818  1635  2891 D ConnectivityService: Adding iface v4-rmnet_data2 to network 141
04-22 11:24:05.829  1635  1775 W BroadcastQueue: Background execution not allowed: receiving Intent { act=android.net.conn.NETWORK_CONDITIONS_MEASURED flg=0x10 (has extras) } to com.google.android.gms/.chimera.GmsIntentOperationService$PersistentTrustedReceiver
04-22 11:24:05.903  1635  2884 W NetworkPolicy: shared quota unsupported; generating rule for each iface
04-22 11:24:05.965  1635  2891 D ConnectivityService: [141 CELLULAR] validation passed
04-22 11:24:05.966  1635  2891 D ConnectivityService: NetReassign [no changes]
04-22 11:24:05.972  1635  2891 D ConnectivityService: Setting DNS servers for network 141 to [/fd00:976a::9, /fd00:976a::10]
04-22 11:24:05.973  1635  2891 D DnsManager: sendDnsConfigurationForNetwork(141, [fd00:976a::9, fd00:976a::10], [], 1800, 25, 8, 64, 0, 0, , [fd00:976a::9, fd00:976a::10])
04-22 11:24:05.975  1635  2884 W NetworkPolicy: shared quota unsupported; generating rule for each iface
04-22 11:24:06.200  1635  2884 I chatty  : uid=1000(system) NetworkPolicy identical 2 lines
04-22 11:24:06.294  1635  2884 W NetworkPolicy: shared quota unsupported; generating rule for each iface
04-22 11:24:07.007  1635  2891 D ConnectivityService: NetReassign [no changes]
04-22 11:24:25.210  1635  2891 I chatty  : uid=1000(system) ConnectivitySer identical 6 lines
04-22 11:24:28.238  1635  2891 D ConnectivityService: NetReassign [no changes]
04-22 11:24:31.236  1635  2891 D Nat464Xlat: clatd running, updating NAI for v4-rmnet_data2
04-22 11:24:31.253  1635  2891 D ConnectivityService: NetReassign [no changes]
04-22 11:24:43.392  1635  2891 I chatty  : uid=1000(system) ConnectivitySer identical 4 lines
04-22 11:24:46.422  1635  2891 D ConnectivityService: NetReassign [no changes]
04-22 11:24:48.121  1635  2891 D Nat464Xlat: clatd running, updating NAI for v4-rmnet_data2
04-22 11:24:49.449  1635  2891 D ConnectivityService: NetReassign [no changes]
04-22 11:24:51.537  1635  6941 I ActivityManager: Force stopping com.google.location.nearby.apps.connectedcrossroad appid=10333 user=0: from pid 19470
04-22 11:24:51.556  1635  1775 W BroadcastQueue: Background execution not allowed: receiving Intent { act=android.intent.action.PACKAGE_RESTARTED dat=package:com.google.location.nearby.apps.connectedcrossroad flg=0x10 (has extras) } to steptracker.healthandfitness.walkingtracker.pedometer/com.drojian.stepcounter.receiver.PedometerReceiver
04-22 11:24:51.559  1635  1775 W BroadcastQueue: Background execution not allowed: receiving Intent { act=android.intent.action.PACKAGE_RESTARTED dat=package:com.google.location.nearby.apps.connectedcrossroad flg=0x10 (has extras) } to steptracker.healthandfitness.walkingtracker.pedometer/com.drojian.servicekeeper.receiver.BootReceiver
04-22 11:24:52.472  1635  2891 D ConnectivityService: NetReassign [no changes]
04-22 11:24:53.904  1635  1775 W ProcessCpuTracker: Failed to stat(/proc/19488): android.system.ErrnoException: stat failed: ENOENT (No such file or directory)
04-22 11:24:53.904  1635  1775 W ProcessCpuTracker: Skipping unknown process pid 19488
04-22 11:24:55.509  1635  2891 D ConnectivityService: NetReassign [no changes]
04-22 11:24:58.546  1635  2891 I chatty  : uid=1000(system) ConnectivitySer identical 1 line
04-22 11:25:01.571  1635  2891 D ConnectivityService: NetReassign [no changes]
04-22 11:25:04.266  1635  1862 V DisplayPowerController: Brightness [0.05] reason changing to: 'automatic [ dim ]', previous reason: 'automatic'.
04-22 11:25:04.585  1635  2891 D ConnectivityService: NetReassign [no changes]
04-22 11:25:05.062  1635  1878 I PackageManager: Integrity check passed for file:///data/app/vmdl662478674.tmp
04-22 11:25:05.086  1635  1878 I PackageManager: Update package com.google.location.nearby.apps.connectedcrossroad code path from /data/app/~~iYtU715hHrkzaxvzmqy12w==/com.google.location.nearby.apps.connectedcrossroad-uH9NvUYPYINyWzvPgtx0_Q== to /data/app/~~NK8oMdC_kj2pq2ky80EEvg==/com.google.location.nearby.apps.connectedcrossroad-wGHX5JFjagtoG-8v42kYAw==; Retain data and using new
04-22 11:25:05.086  1635  1878 I PackageManager: Update package com.google.location.nearby.apps.connectedcrossroad resource path from /data/app/~~iYtU715hHrkzaxvzmqy12w==/com.google.location.nearby.apps.connectedcrossroad-uH9NvUYPYINyWzvPgtx0_Q== to /data/app/~~NK8oMdC_kj2pq2ky80EEvg==/com.google.location.nearby.apps.connectedcrossroad-wGHX5JFjagtoG-8v42kYAw==; Retain data and using new
04-22 11:25:05.100  1635  1878 D CompatibilityChangeReporter: Compat change id reported: 135549675; UID 10333; state: DISABLED
04-22 11:25:05.249  1635  1775 W BroadcastQueue: Background execution not allowed: receiving Intent { act=android.intent.action.PACKAGE_REMOVED dat=package:com.google.location.nearby.apps.connectedcrossroad flg=0x4000010 (has extras) } to com.android.vending/com.google.android.finsky.packagemanager.impl.PackageMonitorReceiverImpl$RegisteredReceiver
04-22 11:25:05.249  1635  1775 W BroadcastQueue: Background execution not allowed: receiving Intent { act=android.intent.action.PACKAGE_REMOVED dat=package:com.google.location.nearby.apps.connectedcrossroad flg=0x4000010 (has extras) } to com.android.vending/com.google.android.finsky.instantapps.appmanagement.InstantAppRemoveMonitor
04-22 11:25:05.249  1635  1775 W BroadcastQueue: Background execution not allowed: receiving Intent { act=android.intent.action.PACKAGE_REMOVED dat=package:com.google.location.nearby.apps.connectedcrossroad flg=0x4000010 (has extras) } to com.google.android.gms/.games.chimera.GamesSystemBroadcastReceiverProxy
04-22 11:25:05.249  1635  1775 W BroadcastQueue: Background execution not allowed: receiving Intent { act=android.intent.action.PACKAGE_REMOVED dat=package:com.google.location.nearby.apps.connectedcrossroad flg=0x4000010 (has extras) } to com.google.android.gms/.chimera.GmsIntentOperationService$PersistentTrustedReceiver
04-22 11:25:05.249  1635  1775 W BroadcastQueue: Background execution not allowed: receiving Intent { act=android.intent.action.PACKAGE_REMOVED dat=package:com.google.location.nearby.apps.connectedcrossroad flg=0x4000010 (has extras) } to com.google.android.googlequicksearchbox/com.google.android.apps.gsa.googlequicksearchbox.GelStubAppWatcher
04-22 11:25:05.249  1635  1775 W BroadcastQueue: Background execution not allowed: receiving Intent { act=android.intent.action.PACKAGE_REMOVED dat=package:com.google.location.nearby.apps.connectedcrossroad flg=0x4000010 (has extras) } to com.facebook.katana/com.facebook.feed.platformads.AppInstallReceiver
04-22 11:25:05.254  1635  1775 W BroadcastQueue: Background execution not allowed: receiving Intent { act=android.intent.action.PACKAGE_REMOVED dat=package:com.google.location.nearby.apps.connectedcrossroad flg=0x4000010 (has extras) } to com.jaga.ibraceletplus.smartwristband3/com.yc.pedometer.keepalive.KeepAliveReceiver
04-22 11:25:05.256  1635  1775 W BroadcastQueue: Background execution not allowed: receiving Intent { act=android.intent.action.PACKAGE_REMOVED dat=package:com.google.location.nearby.apps.connectedcrossroad flg=0x4000010 (has extras) } to com.microsoft.appmanager/.receiver.InstallUninstallReceiver
04-22 11:25:05.257  1635  1775 W BroadcastQueue: Background execution not allowed: receiving Intent { act=android.intent.action.PACKAGE_REMOVED dat=package:com.google.location.nearby.apps.connectedcrossroad flg=0x4000010 (has extras) } to com.microsoft.appmanager/com.microsoft.mmx.continuity.receiver.InstallUninstallReceiver
04-22 11:25:05.258  1635  1775 W BroadcastQueue: Background execution not allowed: receiving Intent { act=android.intent.action.PACKAGE_REMOVED dat=package:com.google.location.nearby.apps.connectedcrossroad flg=0x4000010 (has extras) } to com.microsoft.emmx/com.microsoft.mmx.continuity.receiver.InstallUninstallReceiver
04-22 11:25:05.361  1635  1775 W BroadcastQueue: Background execution not allowed: receiving Intent { act=android.intent.action.PACKAGE_ADDED dat=package:com.google.location.nearby.apps.connectedcrossroad flg=0x4000010 (has extras) } to com.google.android.packageinstaller/com.android.packageinstaller.PackageInstalledReceiver
04-22 11:25:05.378  1635  6941 I ActivityTaskManager: START u0 {act=android.intent.action.MAIN cat=[android.intent.category.LAUNCHER] flg=0x10000000 cmp=com.google.location.nearby.apps.connectedcrossroad/nx.aodv.eval.MainActivity} from uid 2000
04-22 11:25:05.419  1635  1635 W Looper  : Slow dispatch took 122ms main h=android.app.ActivityThread$H c=android.app.-$$Lambda$LoadedApk$ReceiverDispatcher$Args$_BumDX2UKsnxLVrE6UJsJZkotuA@f2477ad m=0
04-22 11:25:05.440  1635  1775 W BroadcastQueue: Background execution not allowed: receiving Intent { act=android.intent.action.PACKAGE_ADDED dat=package:com.google.location.nearby.apps.connectedcrossroad flg=0x4000010 (has extras) } to com.android.vending/com.google.android.finsky.packagemanager.impl.PackageMonitorReceiverImpl$RegisteredReceiver
04-22 11:25:05.454  1635  1775 W BroadcastQueue: Background execution not allowed: receiving Intent { act=android.intent.action.PACKAGE_ADDED dat=package:com.google.location.nearby.apps.connectedcrossroad flg=0x4000010 (has extras) } to com.google.android.gms/.games.chimera.GamesSystemBroadcastReceiverProxy
04-22 11:25:05.455  1635  1775 W BroadcastQueue: Background execution not allowed: receiving Intent { act=android.intent.action.PACKAGE_ADDED dat=package:com.google.location.nearby.apps.connectedcrossroad flg=0x4000010 (has extras) } to com.google.android.gms/.gass.chimera.PackageChangeBroadcastReceiver
04-22 11:25:05.455  1635  1775 W BroadcastQueue: Background execution not allowed: receiving Intent { act=android.intent.action.PACKAGE_ADDED dat=package:com.google.location.nearby.apps.connectedcrossroad flg=0x4000010 (has extras) } to com.google.android.gms/.chimera.GmsIntentOperationService$PersistentTrustedReceiver
04-22 11:25:05.457  1635  1775 W BroadcastQueue: Background execution not allowed: receiving Intent { act=android.intent.action.PACKAGE_ADDED dat=package:com.google.location.nearby.apps.connectedcrossroad flg=0x4000010 (has extras) } to com.google.android.googlequicksearchbox/com.google.android.apps.gsa.googlequicksearchbox.GelStubAppWatcher
04-22 11:25:05.457  1635  1775 W BroadcastQueue: Background execution not allowed: receiving Intent { act=android.intent.action.PACKAGE_ADDED dat=package:com.google.location.nearby.apps.connectedcrossroad flg=0x4000010 (has extras) } to com.facebook.katana/com.facebook.feed.platformads.AppInstallReceiver
04-22 11:25:05.463  1635  1756 D CompatibilityChangeReporter: Compat change id reported: 135634846; UID 10333; state: DISABLED
04-22 11:25:05.464  1635  1776 D CompatibilityChangeReporter: Compat change id reported: 143937733; UID 10333; state: DISABLED
04-22 11:25:05.472  1635  1775 W BroadcastQueue: Background execution not allowed: receiving Intent { act=android.intent.action.PACKAGE_ADDED dat=package:com.google.location.nearby.apps.connectedcrossroad flg=0x4000010 (has extras) } to com.jaga.ibraceletplus.smartwristband3/com.yc.pedometer.keepalive.KeepAliveReceiver
04-22 11:25:05.474  1635  1775 W BroadcastQueue: Background execution not allowed: receiving Intent { act=android.intent.action.PACKAGE_ADDED dat=package:com.google.location.nearby.apps.connectedcrossroad flg=0x4000010 (has extras) } to com.microsoft.appmanager/.receiver.InstallUninstallReceiver
04-22 11:25:05.474  1635  1775 W BroadcastQueue: Background execution not allowed: receiving Intent { act=android.intent.action.PACKAGE_ADDED dat=package:com.google.location.nearby.apps.connectedcrossroad flg=0x4000010 (has extras) } to com.microsoft.appmanager/com.microsoft.mmx.continuity.receiver.InstallUninstallReceiver
04-22 11:25:05.474  1635  1775 W BroadcastQueue: Background execution not allowed: receiving Intent { act=android.intent.action.PACKAGE_ADDED dat=package:com.google.location.nearby.apps.connectedcrossroad flg=0x4000010 (has extras) } to com.microsoft.emmx/com.microsoft.mmx.continuity.receiver.InstallUninstallReceiver
04-22 11:25:05.513  1635  1776 W ActivityManager: Slow operation: 54ms so far, now at startProcess: returned from zygote!
04-22 11:25:05.516  1635  1776 W ActivityManager: Slow operation: 57ms so far, now at startProcess: done updating battery stats
04-22 11:25:05.517  1635  1776 W ActivityManager: Slow operation: 58ms so far, now at startProcess: building log message
04-22 11:25:05.517  1635  1776 I ActivityManager: Start proc 19545:com.google.location.nearby.apps.connectedcrossroad/u0a333 for pre-top-activity {com.google.location.nearby.apps.connectedcrossroad/nx.aodv.eval.MainActivity}
04-22 11:25:05.517  1635  1776 W ActivityManager: Slow operation: 58ms so far, now at startProcess: starting to update pids map
04-22 11:25:05.519  1635  1776 W ActivityManager: Slow operation: 60ms so far, now at startProcess: done updating pids map
04-22 11:25:05.567  1635  1752 W Looper  : Slow dispatch took 102ms android.fg h=android.os.Handler c=<recycled PooledLambda@b5781da> m=0
04-22 11:25:05.611  1635  1752 W Looper  : Slow delivery took 206ms android.fg h=android.os.Handler c=<recycled PooledLambda@9131896> m=0
04-22 11:25:05.662  1635  1635 W Looper  : Slow dispatch took 238ms main h=android.app.ActivityThread$H c=android.app.-$$Lambda$LoadedApk$ReceiverDispatcher$Args$_BumDX2UKsnxLVrE6UJsJZkotuA@f405e42 m=0
04-22 11:25:05.673  1635  1635 W Looper  : Slow delivery took 358ms main h=android.app.ActivityThread$H c=android.app.-$$Lambda$LoadedApk$ReceiverDispatcher$Args$_BumDX2UKsnxLVrE6UJsJZkotuA@85d0f9f m=0
04-22 11:25:05.674  1635  1635 I Telecom : DefaultDialerCache: Refreshing default dialer for user 0: now com.google.android.dialer: DDC.oR@BYw
04-22 11:25:05.725  1635  1752 W Looper  : Slow dispatch took 114ms android.fg h=android.os.Handler c=<recycled PooledLambda@891ef04> m=0
04-22 11:25:05.727  1635  1635 V BackupManagerConstants: getFullBackupIntervalMilliseconds(...) returns 86400000
04-22 11:25:05.727  1635  1635 V BackupManagerConstants: getFullBackupRequiredNetworkType(...) returns 2
04-22 11:25:05.727  1635  1635 V BackupManagerConstants: getFullBackupRequireCharging(...) returns true
04-22 11:25:05.810  1635  1635 W Looper  : Drained
04-22 11:25:05.905  1635  1752 W Looper  : Slow dispatch took 180ms android.fg h=android.os.Handler c=<recycled PooledLambda@3d02332> m=0
04-22 11:25:05.938  1635  8900 W BroadcastQueue: Background execution not allowed: receiving Intent { act=android.intent.action.PACKAGE_REPLACED dat=package:com.google.location.nearby.apps.connectedcrossroad flg=0x4000010 (has extras) } to com.google.android.gms/.gass.chimera.PackageChangeBroadcastReceiver
04-22 11:25:05.945  1635  1775 W BroadcastQueue: Background execution not allowed: receiving Intent { act=android.intent.action.PACKAGE_REPLACED dat=package:com.google.location.nearby.apps.connectedcrossroad flg=0x4000010 (has extras) } to com.google.android.gms/.chimera.GmsIntentOperationService$PersistentTrustedReceiver
04-22 11:25:05.946  1635  1775 W BroadcastQueue: Background execution not allowed: receiving Intent { act=android.intent.action.PACKAGE_REPLACED dat=package:com.google.location.nearby.apps.connectedcrossroad flg=0x4000010 (has extras) } to com.google.android.googlequicksearchbox/com.google.android.apps.gsa.googlequicksearchbox.GelStubAppWatcher
04-22 11:25:05.946  1635  1775 W BroadcastQueue: Background execution not allowed: receiving Intent { act=android.intent.action.PACKAGE_REPLACED dat=package:com.google.location.nearby.apps.connectedcrossroad flg=0x4000010 (has extras) } to com.infonow.bofa/com.bofa.ecom.marvel.application.BofaPackageUpdateReceiver
04-22 11:25:05.946  1635  1775 W BroadcastQueue: Background execution not allowed: receiving Intent { act=android.intent.action.PACKAGE_REPLACED dat=package:com.google.location.nearby.apps.connectedcrossroad flg=0x4000010 (has extras) } to com.microsoft.appmanager/com.microsoft.mmx.continuity.receiver.InstallUninstallReceiver
04-22 11:25:05.947  1635  1775 W BroadcastQueue: Background execution not allowed: receiving Intent { act=android.intent.action.PACKAGE_REPLACED dat=package:com.google.location.nearby.apps.connectedcrossroad flg=0x4000010 (has extras) } to com.microsoft.emmx/com.microsoft.mmx.continuity.receiver.InstallUninstallReceiver
04-22 11:25:05.947  1635  2884 W NetworkPolicy: shared quota unsupported; generating rule for each iface
04-22 11:25:05.948  1635  1775 W BroadcastQueue: Background execution not allowed: receiving Intent { act=android.intent.action.PACKAGE_REPLACED dat=package:com.google.location.nearby.apps.connectedcrossroad flg=0x4000010 (has extras) } to steptracker.healthandfitness.walkingtracker.pedometer/com.drojian.stepcounter.receiver.PedometerReceiver
04-22 11:25:05.948  1635  1775 W BroadcastQueue: Background execution not allowed: receiving Intent { act=android.intent.action.PACKAGE_REPLACED dat=package:com.google.location.nearby.apps.connectedcrossroad flg=0x4000010 (has extras) } to steptracker.healthandfitness.walkingtracker.pedometer/com.drojian.servicekeeper.receiver.BootReceiver
04-22 11:25:06.284  1635  1752 W Looper  : Slow dispatch took 117ms android.fg h=android.os.Handler c=<recycled PooledLambda@98fe7c9> m=0
04-22 11:25:06.479  1635  3048 D CompatibilityChangeReporter: Compat change id reported: 136274596; UID 10333; state: DISABLED
04-22 11:25:06.529  1635  1752 W Looper  : Slow dispatch took 107ms android.fg h=android.os.Handler c=<recycled PooledLambda@e2ff834> m=0
04-22 11:25:06.631  1635  2884 W NetworkPolicy: shared quota unsupported; generating rule for each iface
04-22 11:25:07.031  1635  1752 W Looper  : Drained
04-22 11:25:07.098  1635  2884 W NetworkPolicy: shared quota unsupported; generating rule for each iface
04-22 11:25:07.312  1635  2884 I chatty  : uid=1000(system) NetworkPolicy identical 1 line
04-22 11:25:07.366  1635  2884 W NetworkPolicy: shared quota unsupported; generating rule for each iface
04-22 11:25:07.595  1635  2891 D ConnectivityService: NetReassign [no changes]
04-22 11:25:07.785  1635  2884 W NetworkPolicy: shared quota unsupported; generating rule for each iface
04-22 11:25:07.900  1635  4930 E SystemServiceRegistry: Manager wrapper not available: face
04-22 11:25:07.902  1635  1775 I DropBoxManagerService: add tag=system_server_wtf isTagEnabled=true flags=0x2
04-22 11:25:07.992  1635  8900 W SettingsStatsUtil: Can not parse value to float: gps,network
04-22 11:25:09.910  1635  1775 W BroadcastQueue: Background execution not allowed: receiving Intent { act=android.intent.action.DROPBOX_ENTRY_ADDED flg=0x10 (has extras) } to com.google.android.gms/.stats.service.DropBoxEntryAddedReceiver
04-22 11:25:09.911  1635  1775 W BroadcastQueue: Background execution not allowed: receiving Intent { act=android.intent.action.DROPBOX_ENTRY_ADDED flg=0x10 (has extras) } to com.google.android.gms/.chimera.GmsIntentOperationService$PersistentTrustedReceiver
04-22 11:25:10.020  1635  4930 I DropBoxManagerService: add tag=platform_stats_bookmark isTagEnabled=true flags=0x2
04-22 11:25:10.029  1635  1775 W BroadcastQueue: Background execution not allowed: receiving Intent { act=android.intent.action.DROPBOX_ENTRY_ADDED flg=0x10 (has extras) } to com.google.android.gms/.stats.service.DropBoxEntryAddedReceiver
04-22 11:25:10.029  1635  1775 W BroadcastQueue: Background execution not allowed: receiving Intent { act=android.intent.action.DROPBOX_ENTRY_ADDED flg=0x10 (has extras) } to com.google.android.gms/.chimera.GmsIntentOperationService$PersistentTrustedReceiver
04-22 11:25:10.478  1635  1862 V DisplayPowerController: Brightness [0.15642793] reason changing to: 'automatic', previous reason: 'automatic [ dim ]'.
04-22 11:25:10.605  1635  2891 D ConnectivityService: NetReassign [no changes]
04-22 11:25:12.008  1635  1635 D BluetoothManagerService: Bluetooth Adapter name changed to IjVVTXNbye0AAAAAAAAAATE
04-22 11:25:12.009  1635  1635 D BluetoothManagerService: Stored Bluetooth name: IjVVTXNbye0AAAAAAAAAATE
04-22 11:25:12.347  1635  2893 D NsdService: Register service
04-22 11:25:12.347  1635  2893 D NsdService: registerService: 20 name: IjVVTXNbye0AAA, type: _5BC9ED5E6C75._tcp, host: null, port: 38311, txtRecord: n=MQIPv4=192.168.1.17
04-22 11:25:12.347  1635  2893 D NsdService: mdnssd [register, 20, IjVVTXNbye0AAA, _5BC9ED5E6C75._tcp, 38311, BG49TVERSVB2ND0xOTIuMTY4LjEuMTc=]
04-22 11:25:12.349  1635  2893 D NsdService: Register 20 20
04-22 11:25:13.059  1635  2893 D NsdService: Native daemon message SERVICE_REGISTERED: 606 20 "IjVVTXNbye0AAA"
04-22 11:25:13.066  1635  4930 E AppOps  : attributionTag com.google.android.gms.nearby not declared in manifest of com.google.location.nearby.apps.connectedcrossroad
04-22 11:25:13.615  1635  2891 D ConnectivityService: NetReassign [no changes]
04-22 11:25:16.633  1635  2891 D ConnectivityService: NetReassign [no changes]
04-22 11:25:17.817  1635  2884 W NetworkPolicy: shared quota unsupported; generating rule for each iface
04-22 11:25:19.651  1635  2891 D ConnectivityService: NetReassign [no changes]
04-22 11:25:20.522  1635  2891 D Nat464Xlat: clatd running, updating NAI for v4-rmnet_data2
04-22 11:25:22.669  1635  2891 D ConnectivityService: NetReassign [no changes]
04-22 11:25:49.888  1635  2891 I chatty  : uid=1000(system) ConnectivitySer identical 9 lines
04-22 11:25:52.914  1635  2891 D ConnectivityService: NetReassign [no changes]
04-22 11:25:54.599  1635  1775 I ActivityManager: Waited long enough for: ServiceRecord{b223626 u0 com.google.android.googlequicksearchbox/com.google.android.apps.gsa.shared.util.keepalive.StandaloneKeepAlive$KeepAliveService}
04-22 11:25:55.943  1635  2891 D ConnectivityService: NetReassign [no changes]
04-22 11:26:17.097  1635  2891 I chatty  : uid=1000(system) ConnectivitySer identical 7 lines
04-22 11:26:20.122  1635  2891 D ConnectivityService: NetReassign [no changes]
04-22 11:26:21.944  1635  4930 I ActivityManager: Force stopping com.google.location.nearby.apps.connectedcrossroad appid=10333 user=0: from pid 19797
04-22 11:26:21.945  1635  4930 I ActivityManager: Killing 19545:com.google.location.nearby.apps.connectedcrossroad/u0a333 (adj 0): stop com.google.location.nearby.apps.connectedcrossroad due to from pid 19797
04-22 11:26:21.949  1635  4930 W ActivityTaskManager: Force removing ActivityRecord{57c3de6 u0 com.google.location.nearby.apps.connectedcrossroad/nx.aodv.eval.MainActivity t8098 f}}: app died, no saved state
04-22 11:26:21.991  1635  1775 W BroadcastQueue: Background execution not allowed: receiving Intent { act=android.intent.action.PACKAGE_RESTARTED dat=package:com.google.location.nearby.apps.connectedcrossroad flg=0x10 (has extras) } to steptracker.healthandfitness.walkingtracker.pedometer/com.drojian.stepcounter.receiver.PedometerReceiver
04-22 11:26:21.991  1635  1775 W BroadcastQueue: Background execution not allowed: receiving Intent { act=android.intent.action.PACKAGE_RESTARTED dat=package:com.google.location.nearby.apps.connectedcrossroad flg=0x10 (has extras) } to steptracker.healthandfitness.walkingtracker.pedometer/com.drojian.servicekeeper.receiver.BootReceiver
04-22 11:26:21.995  1635  1712 D AutofillSession: handling death of Token{427c29d ActivityRecord{57c3de6 u0 com.google.location.nearby.apps.connectedcrossroad/nx.aodv.eval.MainActivity t-1 f}}} when saving=false
04-22 11:26:22.026  1635  1756 W ActivityManager: setHasOverlayUi called on unknown pid: 19545
04-22 11:26:23.145  1635  2891 D ConnectivityService: NetReassign [no changes]
04-22 11:26:24.415  1635  2893 D NsdService: unregister service
04-22 11:26:24.415  1635  2893 D NsdService: mdnssd [stop-register, 20]
04-22 11:26:24.425  1635  1635 D BluetoothManagerService: Bluetooth Adapter name changed to Pixel 3a XL
04-22 11:26:24.426  1635  1635 D BluetoothManagerService: Stored Bluetooth name: Pixel 3a XL
04-22 11:26:26.171  1635  2891 D ConnectivityService: NetReassign [no changes]
04-22 11:26:50.417  1635  2891 I chatty  : uid=1000(system) ConnectivitySer identical 8 lines
04-22 11:26:53.446  1635  2891 D ConnectivityService: NetReassign [no changes]
04-22 11:26:54.596  1635  4612 W ActivityManager: Foreground service started from background can not have location/camera/microphone access: service steptracker.healthandfitness.walkingtracker.pedometer/com.drojian.stepcounter.service.CounterService
04-22 11:26:54.825  1635  8900 I DropBoxManagerService: add tag=event_data isTagEnabled=true flags=0x2
04-22 11:26:54.832  1635  1775 W BroadcastQueue: Background execution not allowed: receiving Intent { act=android.intent.action.DROPBOX_ENTRY_ADDED flg=0x10 (has extras) } to com.google.android.gms/.stats.service.DropBoxEntryAddedReceiver
04-22 11:26:54.836  1635  1775 W BroadcastQueue: Background execution not allowed: receiving Intent { act=android.intent.action.DROPBOX_ENTRY_ADDED flg=0x10 (has extras) } to com.google.android.gms/.chimera.GmsIntentOperationService$PersistentTrustedReceiver
04-22 11:26:54.857  1635  4612 I DropBoxManagerService: add tag=dumpsys:account isTagEnabled=true flags=0x2
04-22 11:26:54.861  1635  1775 W BroadcastQueue: Background execution not allowed: receiving Intent { act=android.intent.action.DROPBOX_ENTRY_ADDED flg=0x10 (has extras) } to com.google.android.gms/.stats.service.DropBoxEntryAddedReceiver
04-22 11:26:54.865  1635  1775 W BroadcastQueue: Background execution not allowed: receiving Intent { act=android.intent.action.DROPBOX_ENTRY_ADDED flg=0x10 (has extras) } to com.google.android.gms/.chimera.GmsIntentOperationService$PersistentTrustedReceiver
04-22 11:26:56.492  1635  2891 D ConnectivityService: NetReassign [no changes]
04-22 11:26:59.521  1635  2891 D ConnectivityService: NetReassign [no changes]
04-22 11:27:01.217  1635  1878 I PackageManager: Integrity check passed for file:///data/app/vmdl106224072.tmp
04-22 11:27:01.242  1635  1878 I PackageManager: Update package com.google.location.nearby.apps.connectedcrossroad code path from /data/app/~~NK8oMdC_kj2pq2ky80EEvg==/com.google.location.nearby.apps.connectedcrossroad-wGHX5JFjagtoG-8v42kYAw== to /data/app/~~7jOg2fG_t6zjPTJvqRrxPA==/com.google.location.nearby.apps.connectedcrossroad-4Pd4zN4ghn10TKZ2qLqqzQ==; Retain data and using new
04-22 11:27:01.242  1635  1878 I PackageManager: Update package com.google.location.nearby.apps.connectedcrossroad resource path from /data/app/~~NK8oMdC_kj2pq2ky80EEvg==/com.google.location.nearby.apps.connectedcrossroad-wGHX5JFjagtoG-8v42kYAw== to /data/app/~~7jOg2fG_t6zjPTJvqRrxPA==/com.google.location.nearby.apps.connectedcrossroad-4Pd4zN4ghn10TKZ2qLqqzQ==; Retain data and using new
04-22 11:27:01.257  1635  1878 D CompatibilityChangeReporter: Compat change id reported: 135549675; UID 10333; state: DISABLED
04-22 11:27:01.413  1635  1775 W BroadcastQueue: Background execution not allowed: receiving Intent { act=android.intent.action.PACKAGE_REMOVED dat=package:com.google.location.nearby.apps.connectedcrossroad flg=0x4000010 (has extras) } to com.android.vending/com.google.android.finsky.packagemanager.impl.PackageMonitorReceiverImpl$RegisteredReceiver
04-22 11:27:01.413  1635  1775 W BroadcastQueue: Background execution not allowed: receiving Intent { act=android.intent.action.PACKAGE_REMOVED dat=package:com.google.location.nearby.apps.connectedcrossroad flg=0x4000010 (has extras) } to com.android.vending/com.google.android.finsky.instantapps.appmanagement.InstantAppRemoveMonitor
04-22 11:27:01.413  1635  1775 W BroadcastQueue: Background execution not allowed: receiving Intent { act=android.intent.action.PACKAGE_REMOVED dat=package:com.google.location.nearby.apps.connectedcrossroad flg=0x4000010 (has extras) } to com.google.android.gms/.games.chimera.GamesSystemBroadcastReceiverProxy
04-22 11:27:01.413  1635  1775 W BroadcastQueue: Background execution not allowed: receiving Intent { act=android.intent.action.PACKAGE_REMOVED dat=package:com.google.location.nearby.apps.connectedcrossroad flg=0x4000010 (has extras) } to com.google.android.gms/.chimera.GmsIntentOperationService$PersistentTrustedReceiver
04-22 11:27:01.413  1635  1775 W BroadcastQueue: Background execution not allowed: receiving Intent { act=android.intent.action.PACKAGE_REMOVED dat=package:com.google.location.nearby.apps.connectedcrossroad flg=0x4000010 (has extras) } to com.google.android.googlequicksearchbox/com.google.android.apps.gsa.googlequicksearchbox.GelStubAppWatcher
04-22 11:27:01.413  1635  1775 W BroadcastQueue: Background execution not allowed: receiving Intent { act=android.intent.action.PACKAGE_REMOVED dat=package:com.google.location.nearby.apps.connectedcrossroad flg=0x4000010 (has extras) } to com.facebook.katana/com.facebook.feed.platformads.AppInstallReceiver
04-22 11:27:01.413  1635  1775 W BroadcastQueue: Background execution not allowed: receiving Intent { act=android.intent.action.PACKAGE_REMOVED dat=package:com.google.location.nearby.apps.connectedcrossroad flg=0x4000010 (has extras) } to com.jaga.ibraceletplus.smartwristband3/com.yc.pedometer.keepalive.KeepAliveReceiver
04-22 11:27:01.413  1635  1775 W BroadcastQueue: Background execution not allowed: receiving Intent { act=android.intent.action.PACKAGE_REMOVED dat=package:com.google.location.nearby.apps.connectedcrossroad flg=0x4000010 (has extras) } to com.microsoft.appmanager/.receiver.InstallUninstallReceiver
04-22 11:27:01.413  1635  1775 W BroadcastQueue: Background execution not allowed: receiving Intent { act=android.intent.action.PACKAGE_REMOVED dat=package:com.google.location.nearby.apps.connectedcrossroad flg=0x4000010 (has extras) } to com.microsoft.appmanager/com.microsoft.mmx.continuity.receiver.InstallUninstallReceiver
04-22 11:27:01.413  1635  1775 W BroadcastQueue: Background execution not allowed: receiving Intent { act=android.intent.action.PACKAGE_REMOVED dat=package:com.google.location.nearby.apps.connectedcrossroad flg=0x4000010 (has extras) } to com.microsoft.emmx/com.microsoft.mmx.continuity.receiver.InstallUninstallReceiver
04-22 11:27:01.450  1635  1775 W BroadcastQueue: Background execution not allowed: receiving Intent { act=android.intent.action.PACKAGE_ADDED dat=package:com.google.location.nearby.apps.connectedcrossroad flg=0x4000010 (has extras) } to com.google.android.packageinstaller/com.android.packageinstaller.PackageInstalledReceiver
04-22 11:27:01.451  1635  1775 W BroadcastQueue: Background execution not allowed: receiving Intent { act=android.intent.action.PACKAGE_ADDED dat=package:com.google.location.nearby.apps.connectedcrossroad flg=0x4000010 (has extras) } to com.android.vending/com.google.android.finsky.packagemanager.impl.PackageMonitorReceiverImpl$RegisteredReceiver
04-22 11:27:01.451  1635  1775 W BroadcastQueue: Background execution not allowed: receiving Intent { act=android.intent.action.PACKAGE_ADDED dat=package:com.google.location.nearby.apps.connectedcrossroad flg=0x4000010 (has extras) } to com.google.android.gms/.games.chimera.GamesSystemBroadcastReceiverProxy
04-22 11:27:01.451  1635  1775 W BroadcastQueue: Background execution not allowed: receiving Intent { act=android.intent.action.PACKAGE_ADDED dat=package:com.google.location.nearby.apps.connectedcrossroad flg=0x4000010 (has extras) } to com.google.android.gms/.gass.chimera.PackageChangeBroadcastReceiver
04-22 11:27:01.451  1635  1775 W BroadcastQueue: Background execution not allowed: receiving Intent { act=android.intent.action.PACKAGE_ADDED dat=package:com.google.location.nearby.apps.connectedcrossroad flg=0x4000010 (has extras) } to com.google.android.gms/.chimera.GmsIntentOperationService$PersistentTrustedReceiver
04-22 11:27:01.451  1635  1775 W BroadcastQueue: Background execution not allowed: receiving Intent { act=android.intent.action.PACKAGE_ADDED dat=package:com.google.location.nearby.apps.connectedcrossroad flg=0x4000010 (has extras) } to com.google.android.googlequicksearchbox/com.google.android.apps.gsa.googlequicksearchbox.GelStubAppWatcher
04-22 11:27:01.451  1635  1775 W BroadcastQueue: Background execution not allowed: receiving Intent { act=android.intent.action.PACKAGE_ADDED dat=package:com.google.location.nearby.apps.connectedcrossroad flg=0x4000010 (has extras) } to com.facebook.katana/com.facebook.feed.platformads.AppInstallReceiver
04-22 11:27:01.451  1635  1775 W BroadcastQueue: Background execution not allowed: receiving Intent { act=android.intent.action.PACKAGE_ADDED dat=package:com.google.location.nearby.apps.connectedcrossroad flg=0x4000010 (has extras) } to com.jaga.ibraceletplus.smartwristband3/com.yc.pedometer.keepalive.KeepAliveReceiver
04-22 11:27:01.451  1635  1775 W BroadcastQueue: Background execution not allowed: receiving Intent { act=android.intent.action.PACKAGE_ADDED dat=package:com.google.location.nearby.apps.connectedcrossroad flg=0x4000010 (has extras) } to com.microsoft.appmanager/.receiver.InstallUninstallReceiver
04-22 11:27:01.451  1635  1775 W BroadcastQueue: Background execution not allowed: receiving Intent { act=android.intent.action.PACKAGE_ADDED dat=package:com.google.location.nearby.apps.connectedcrossroad flg=0x4000010 (has extras) } to com.microsoft.appmanager/com.microsoft.mmx.continuity.receiver.InstallUninstallReceiver
04-22 11:27:01.451  1635  1775 W BroadcastQueue: Background execution not allowed: receiving Intent { act=android.intent.action.PACKAGE_ADDED dat=package:com.google.location.nearby.apps.connectedcrossroad flg=0x4000010 (has extras) } to com.microsoft.emmx/com.microsoft.mmx.continuity.receiver.InstallUninstallReceiver
04-22 11:27:01.533  1635  8772 I ActivityTaskManager: START u0 {act=android.intent.action.MAIN cat=[android.intent.category.LAUNCHER] flg=0x10000000 cmp=com.google.location.nearby.apps.connectedcrossroad/nx.aodv.eval.MainActivity} from uid 2000
04-22 11:27:01.570  1635  1635 I Telecom : DefaultDialerCache: Refreshing default dialer for user 0: now com.google.android.dialer: DDC.oR@BY4
04-22 11:27:01.614  1635  1635 V BackupManagerConstants: getFullBackupIntervalMilliseconds(...) returns 86400000
04-22 11:27:01.615  1635  1635 V BackupManagerConstants: getFullBackupRequiredNetworkType(...) returns 2
04-22 11:27:01.615  1635  1635 V BackupManagerConstants: getFullBackupRequireCharging(...) returns true
04-22 11:27:01.642  1635  1756 D CompatibilityChangeReporter: Compat change id reported: 135634846; UID 10333; state: DISABLED
04-22 11:27:01.642  1635  1776 D CompatibilityChangeReporter: Compat change id reported: 143937733; UID 10333; state: DISABLED
04-22 11:27:01.691  1635  1776 I ActivityManager: Start proc 19908:com.google.location.nearby.apps.connectedcrossroad/u0a333 for pre-top-activity {com.google.location.nearby.apps.connectedcrossroad/nx.aodv.eval.MainActivity}
04-22 11:27:01.735  1635  1752 W Looper  : Slow dispatch took 123ms android.fg h=android.os.Handler c=<recycled PooledLambda@ab90847> m=0
04-22 11:27:01.849  1635  1635 W Looper  : Slow dispatch took 279ms main h=android.app.ActivityThread$H c=android.app.-$$Lambda$LoadedApk$ReceiverDispatcher$Args$_BumDX2UKsnxLVrE6UJsJZkotuA@1e13dfa m=0
04-22 11:27:01.849  1635  1635 W Looper  : Slow delivery took 358ms main h=com.android.server.AlarmManagerService$AlarmHandler c=null m=8
04-22 11:27:01.871  1635  1752 W Looper  : Slow delivery took 218ms android.fg h=android.os.Handler c=<recycled PooledLambda@a36819e> m=0
04-22 11:27:01.871  1635  1752 W Looper  : Slow dispatch took 113ms android.fg h=android.os.Handler c=<recycled PooledLambda@a36819e> m=0
04-22 11:27:01.898  1635  4612 W BroadcastQueue: Background execution not allowed: receiving Intent { act=android.intent.action.PACKAGE_REPLACED dat=package:com.google.location.nearby.apps.connectedcrossroad flg=0x4000010 (has extras) } to com.google.android.gms/.gass.chimera.PackageChangeBroadcastReceiver
04-22 11:27:01.908  1635  1775 W BroadcastQueue: Background execution not allowed: receiving Intent { act=android.intent.action.PACKAGE_REPLACED dat=package:com.google.location.nearby.apps.connectedcrossroad flg=0x4000010 (has extras) } to com.google.android.gms/.chimera.GmsIntentOperationService$PersistentTrustedReceiver
04-22 11:27:01.908  1635  1775 W BroadcastQueue: Background execution not allowed: receiving Intent { act=android.intent.action.PACKAGE_REPLACED dat=package:com.google.location.nearby.apps.connectedcrossroad flg=0x4000010 (has extras) } to com.google.android.googlequicksearchbox/com.google.android.apps.gsa.googlequicksearchbox.GelStubAppWatcher
04-22 11:27:01.908  1635  1775 W BroadcastQueue: Background execution not allowed: receiving Intent { act=android.intent.action.PACKAGE_REPLACED dat=package:com.google.location.nearby.apps.connectedcrossroad flg=0x4000010 (has extras) } to com.infonow.bofa/com.bofa.ecom.marvel.application.BofaPackageUpdateReceiver
04-22 11:27:01.908  1635  1775 W BroadcastQueue: Background execution not allowed: receiving Intent { act=android.intent.action.PACKAGE_REPLACED dat=package:com.google.location.nearby.apps.connectedcrossroad flg=0x4000010 (has extras) } to com.microsoft.appmanager/com.microsoft.mmx.continuity.receiver.InstallUninstallReceiver
04-22 11:27:01.912  1635  1775 W BroadcastQueue: Background execution not allowed: receiving Intent { act=android.intent.action.PACKAGE_REPLACED dat=package:com.google.location.nearby.apps.connectedcrossroad flg=0x4000010 (has extras) } to com.microsoft.emmx/com.microsoft.mmx.continuity.receiver.InstallUninstallReceiver
04-22 11:27:01.912  1635  1775 W BroadcastQueue: Background execution not allowed: receiving Intent { act=android.intent.action.PACKAGE_REPLACED dat=package:com.google.location.nearby.apps.connectedcrossroad flg=0x4000010 (has extras) } to steptracker.healthandfitness.walkingtracker.pedometer/com.drojian.stepcounter.receiver.PedometerReceiver
04-22 11:27:01.912  1635  1775 W BroadcastQueue: Background execution not allowed: receiving Intent { act=android.intent.action.PACKAGE_REPLACED dat=package:com.google.location.nearby.apps.connectedcrossroad flg=0x4000010 (has extras) } to steptracker.healthandfitness.walkingtracker.pedometer/com.drojian.servicekeeper.receiver.BootReceiver
04-22 11:27:01.914  1635  1635 W Looper  : Drained
04-22 11:27:01.999  1635  2884 W NetworkPolicy: shared quota unsupported; generating rule for each iface
04-22 11:27:02.139  1635  1752 W Looper  : Slow dispatch took 179ms android.fg h=android.os.Handler c=<recycled PooledLambda@9e3df08> m=0
04-22 11:27:02.210  1635  2884 W NetworkPolicy: shared quota unsupported; generating rule for each iface
04-22 11:27:02.315  1635  1713 D CompatibilityChangeReporter: Compat change id reported: 136274596; UID 10333; state: DISABLED
04-22 11:27:02.514  1635  1752 W Looper  : Slow dispatch took 100ms android.fg h=android.os.Handler c=<recycled PooledLambda@97fec> m=0
04-22 11:27:02.532  1635  2891 D ConnectivityService: NetReassign [no changes]
04-22 11:27:02.872  1635  2884 W NetworkPolicy: shared quota unsupported; generating rule for each iface
04-22 11:27:03.002  1635  1635 W Looper  : Slow dispatch took 131ms main h=com.android.providers.settings.SettingsProvider$SettingsRegistry$MyHandler c=null m=2
04-22 11:27:03.035  1635  2884 W NetworkPolicy: shared quota unsupported; generating rule for each iface
04-22 11:27:03.126  1635  2884 W NetworkPolicy: shared quota unsupported; generating rule for each iface
04-22 11:27:03.326  1635  1752 W Looper  : Drained
04-22 11:27:03.503  1635  2884 W NetworkPolicy: shared quota unsupported; generating rule for each iface
04-22 11:27:03.618  1635  1712 E SystemServiceRegistry: Manager wrapper not available: face
04-22 11:27:03.620  1635  1775 I DropBoxManagerService: add tag=system_server_wtf isTagEnabled=true flags=0x2
04-22 11:27:03.719  1635  4613 W SettingsStatsUtil: Can not parse value to float: gps,network
04-22 11:27:05.548  1635  2891 D ConnectivityService: NetReassign [no changes]
04-22 11:27:05.625  1635  1775 W BroadcastQueue: Background execution not allowed: receiving Intent { act=android.intent.action.DROPBOX_ENTRY_ADDED flg=0x10 (has extras) } to com.google.android.gms/.stats.service.DropBoxEntryAddedReceiver
04-22 11:27:05.625  1635  1775 W BroadcastQueue: Background execution not allowed: receiving Intent { act=android.intent.action.DROPBOX_ENTRY_ADDED flg=0x10 (has extras) } to com.google.android.gms/.chimera.GmsIntentOperationService$PersistentTrustedReceiver
04-22 11:27:08.585  1635  2891 D ConnectivityService: NetReassign [no changes]
04-22 11:27:10.789  2979  2979 V DeadZone: consuming errant click: (90.0,4.0)
