04-22 11:35:47.293  1635  2884 W NetworkPolicy: shared quota unsupported; generating rule for each iface
04-22 11:35:47.385  1635  2884 I chatty  : uid=1000(system) NetworkPolicy identical 1 line
04-22 11:35:47.443  1635  2884 W NetworkPolicy: shared quota unsupported; generating rule for each iface
04-22 11:35:47.727  1635  1752 W Looper  : Drained
04-22 11:35:47.747  1635  2884 W NetworkPolicy: shared quota unsupported; generating rule for each iface
04-22 11:35:47.898  1635 11490 E SystemServiceRegistry: Manager wrapper not available: face
04-22 11:35:47.900  1635  1775 I DropBoxManagerService: add tag=system_server_wtf isTagEnabled=true flags=0x2
04-22 11:35:47.998  1635  4599 W SettingsStatsUtil: Can not parse value to float: gps,network
04-22 11:35:48.768  1635  2891 D ConnectivityService: NetReassign [no changes]
04-22 11:35:49.918  1635  1775 W BroadcastQueue: Background execution not allowed: receiving Intent { act=android.intent.action.DROPBOX_ENTRY_ADDED flg=0x10 (has extras) } to com.google.android.gms/.stats.service.DropBoxEntryAddedReceiver
04-22 11:35:49.918  1635  1775 W BroadcastQueue: Background execution not allowed: receiving Intent { act=android.intent.action.DROPBOX_ENTRY_ADDED flg=0x10 (has extras) } to com.google.android.gms/.chimera.GmsIntentOperationService$PersistentTrustedReceiver
04-22 11:35:50.034  1635  4599 I DropBoxManagerService: add tag=platform_stats_bookmark isTagEnabled=true flags=0x2
04-22 11:35:50.042  1635  1775 W BroadcastQueue: Background execution not allowed: receiving Intent { act=android.intent.action.DROPBOX_ENTRY_ADDED flg=0x10 (has extras) } to com.google.android.gms/.stats.service.DropBoxEntryAddedReceiver
04-22 11:35:50.043  1635  1775 W BroadcastQueue: Background execution not allowed: receiving Intent { act=android.intent.action.DROPBOX_ENTRY_ADDED flg=0x10 (has extras) } to com.google.android.gms/.chimera.GmsIntentOperationService$PersistentTrustedReceiver
04-22 11:35:51.790  1635  2891 D ConnectivityService: NetReassign [no changes]
04-22 11:35:54.658  1635  3042 W ActivityManager: Foreground service started from background can not have location/camera/microphone access: service steptracker.healthandfitness.walkingtracker.pedometer/com.drojian.stepcounter.service.CounterService
04-22 11:35:54.672  1635  3042 W ActivityManager: Foreground service started from background can not have location/camera/microphone access: service steptracker.healthandfitness.walkingtracker.pedometer/com.drojian.stepcounter.service.CounterService
04-22 11:35:54.815  1635  2891 D ConnectivityService: NetReassign [no changes]
04-22 11:35:57.425  1635 12312 W ActivityManager: Foreground service started from background can not have location/camera/microphone access: service steptracker.healthandfitness.walkingtracker.pedometer/com.drojian.stepcounter.service.CounterService
04-22 11:35:57.447  1635  9801 W ActivityManager: Foreground service started from background can not have location/camera/microphone access: service steptracker.healthandfitness.walkingtracker.pedometer/com.drojian.stepcounter.service.CounterService
04-22 11:35:57.838  1635  2891 D ConnectivityService: NetReassign [no changes]
04-22 11:36:09.977  1635  2891 I chatty  : uid=1000(system) ConnectivitySer identical 4 lines
04-22 11:36:13.012  1635  2891 D ConnectivityService: NetReassign [no changes]
04-22 11:36:14.667  1635  1635 D BluetoothManagerService: Bluetooth Adapter name changed to ImpQdkZbye0AAAAAAAAAATE
04-22 11:36:14.668  1635  1635 D BluetoothManagerService: Stored Bluetooth name: ImpQdkZbye0AAAAAAAAAATE
04-22 11:36:14.999  1635  2893 D NsdService: Register service
04-22 11:36:15.000  1635  2893 D NsdService: registerService: 25 name: ImpQdkZbye0AAA, type: _5BC9ED5E6C75._tcp, host: null, port: 38035, txtRecord: n=MQIPv4=192.168.1.17
04-22 11:36:15.000  1635  2893 D NsdService: mdnssd [register, 25, ImpQdkZbye0AAA, _5BC9ED5E6C75._tcp, 38035, BG49TVERSVB2ND0xOTIuMTY4LjEuMTc=]
04-22 11:36:15.002  1635  2893 D NsdService: Register 25 25
04-22 11:36:15.707  1635  2893 D NsdService: Native daemon message SERVICE_REGISTERED: 606 25 "ImpQdkZbye0AAA"
04-22 11:36:15.714  1635  2881 E AppOps  : attributionTag com.google.android.gms.nearby not declared in manifest of com.google.location.nearby.apps.connectedcrossroad
04-22 11:36:16.024  1635  2891 D ConnectivityService: NetReassign [no changes]
04-22 11:36:18.802  1635  3046 I ActivityManager: Killing 16639:com.google.android.apps.authenticator2/u0a257 (adj 999): empty for 1801s
04-22 11:36:19.032  1635  2891 D ConnectivityService: NetReassign [no changes]
04-22 11:36:22.072  1635  2891 D ConnectivityService: NetReassign [no changes]
04-22 11:36:23.492  1635  1775 I ActivityManager: Killing 16672:com.google.android.apps.turbo:aab/u0a157 (adj 999): empty for 1800s
04-22 11:36:25.098  1635  2891 D ConnectivityService: NetReassign [no changes]
04-22 11:36:28.121  1635  2891 I chatty  : uid=1000(system) ConnectivitySer identical 1 line
04-22 11:36:31.141  1635  2891 D ConnectivityService: NetReassign [no changes]
04-22 11:36:31.693  1635  1775 I ActivityManager: Waited long enough for: ServiceRecord{6055319 u0 com.google.android.googlequicksearchbox/com.google.android.apps.gsa.shared.util.keepalive.StandaloneKeepAlive$KeepAliveService}
04-22 11:36:34.165  1635  2891 D ConnectivityService: NetReassign [no changes]
04-22 11:36:37.180  1635  2891 D ConnectivityService: NetReassign [no changes]
04-22 11:36:39.299  1635  1775 W BroadcastQueue: Background execution not allowed: receiving Intent { act=android.bluetooth.device.action.BOND_STATE_CHANGED flg=0x10 (has extras) } to com.google.android.gms/.chimera.GmsIntentOperationService$PersistentTrustedReceiver
04-22 11:36:39.299  1635  1775 W BroadcastQueue: Background execution not allowed: receiving Intent { act=android.bluetooth.device.action.BOND_STATE_CHANGED flg=0x10 (has extras) } to com.google.android.googlequicksearchbox/com.google.android.apps.gsa.broadcastreceiver.external.ExternalCommonBroadcastReceiver
04-22 11:36:40.068  1635  1775 W BroadcastQueue: Background execution not allowed: receiving Intent { act=android.bluetooth.device.action.BOND_STATE_CHANGED flg=0x10 (has extras) } to com.google.android.gms/.chimera.GmsIntentOperationService$PersistentTrustedReceiver
04-22 11:36:40.075  1635  1775 W BroadcastQueue: Background execution not allowed: receiving Intent { act=android.bluetooth.device.action.BOND_STATE_CHANGED flg=0x10 (has extras) } to com.google.android.googlequicksearchbox/com.google.android.apps.gsa.broadcastreceiver.external.ExternalCommonBroadcastReceiver
04-22 11:36:40.192  1635  2891 D ConnectivityService: NetReassign [no changes]
04-22 11:36:40.306  1635  2884 W NetworkPolicy: shared quota unsupported; generating rule for each iface
04-22 11:36:43.219  1635  2891 D ConnectivityService: NetReassign [no changes]
04-22 11:37:22.529  1635  2891 I chatty  : uid=1000(system) ConnectivitySer identical 13 lines
04-22 11:37:25.548  1635  2891 D ConnectivityService: NetReassign [no changes]
04-22 11:37:27.752  1635  1713 I ActivityManager: Force stopping com.google.location.nearby.apps.connectedcrossroad appid=10333 user=0: from pid 21841
04-22 11:37:27.752  1635  1713 I ActivityManager: Killing 21519:com.google.location.nearby.apps.connectedcrossroad/u0a333 (adj 0): stop com.google.location.nearby.apps.connectedcrossroad due to from pid 21841
04-22 11:37:27.755  1635  1713 W ActivityTaskManager: Force removing ActivityRecord{872d5c7 u0 com.google.location.nearby.apps.connectedcrossroad/nx.aodv.eval.MainActivity t8104 f}}: app died, no saved state
04-22 11:37:27.800  1635  1775 W BroadcastQueue: Background execution not allowed: receiving Intent { act=android.intent.action.PACKAGE_RESTARTED dat=package:com.google.location.nearby.apps.connectedcrossroad flg=0x10 (has extras) } to steptracker.healthandfitness.walkingtracker.pedometer/com.drojian.stepcounter.receiver.PedometerReceiver
04-22 11:37:27.814  1635  1775 W BroadcastQueue: Background execution not allowed: receiving Intent { act=android.intent.action.PACKAGE_RESTARTED dat=package:com.google.location.nearby.apps.connectedcrossroad flg=0x10 (has extras) } to steptracker.healthandfitness.walkingtracker.pedometer/com.drojian.servicekeeper.receiver.BootReceiver
04-22 11:37:27.831  1635  3046 D AutofillSession: handling death of Token{4c2753a ActivityRecord{872d5c7 u0 com.google.location.nearby.apps.connectedcrossroad/nx.aodv.eval.MainActivity t-1 f}}} when saving=false
04-22 11:37:27.838  1635  1756 W ActivityManager: setHasOverlayUi called on unknown pid: 21519
04-22 11:37:28.572  1635  2891 D ConnectivityService: NetReassign [no changes]
04-22 11:37:30.841  1635  2893 D NsdService: unregister service
04-22 11:37:30.841  1635  2893 D NsdService: mdnssd [stop-register, 25]
04-22 11:37:30.846  1635  1635 D BluetoothManagerService: Bluetooth Adapter name changed to Pixel 3a XL
04-22 11:37:30.847  1635  1635 D BluetoothManagerService: Stored Bluetooth name: Pixel 3a XL
04-22 11:37:31.596  1635  2891 D ConnectivityService: NetReassign [no changes]
04-22 11:37:46.733  1635  2891 I chatty  : uid=1000(system) ConnectivitySer identical 5 lines
04-22 11:37:49.761  1635  2891 D ConnectivityService: NetReassign [no changes]
04-22 11:37:51.320  1635  1878 I PackageManager: Integrity check passed for file:///data/app/vmdl1161821973.tmp
04-22 11:37:51.347  1635  1878 I PackageManager: Update package com.google.location.nearby.apps.connectedcrossroad code path from /data/app/~~vXealxUOtpB1fBLjoIKEKQ==/com.google.location.nearby.apps.connectedcrossroad-98uytZKJlE0GAx_FjKF7rQ== to /data/app/~~RuVjgvwtAT9QOcfVM7RB9w==/com.google.location.nearby.apps.connectedcrossroad-W-mbuV5Iq03XkDbNv-fWxw==; Retain data and using new
04-22 11:37:51.347  1635  1878 I PackageManager: Update package com.google.location.nearby.apps.connectedcrossroad resource path from /data/app/~~vXealxUOtpB1fBLjoIKEKQ==/com.google.location.nearby.apps.connectedcrossroad-98uytZKJlE0GAx_FjKF7rQ== to /data/app/~~RuVjgvwtAT9QOcfVM7RB9w==/com.google.location.nearby.apps.connectedcrossroad-W-mbuV5Iq03XkDbNv-fWxw==; Retain data and using new
04-22 11:37:51.362  1635  1878 D CompatibilityChangeReporter: Compat change id reported: 135549675; UID 10333; state: DISABLED
04-22 11:37:51.504  1635  1775 W BroadcastQueue: Background execution not allowed: receiving Intent { act=android.intent.action.PACKAGE_REMOVED dat=package:com.google.location.nearby.apps.connectedcrossroad flg=0x4000010 (has extras) } to com.android.vending/com.google.android.finsky.packagemanager.impl.PackageMonitorReceiverImpl$RegisteredReceiver
04-22 11:37:51.504  1635  1775 W BroadcastQueue: Background execution not allowed: receiving Intent { act=android.intent.action.PACKAGE_REMOVED dat=package:com.google.location.nearby.apps.connectedcrossroad flg=0x4000010 (has extras) } to com.android.vending/com.google.android.finsky.instantapps.appmanagement.InstantAppRemoveMonitor
04-22 11:37:51.504  1635  1775 W BroadcastQueue: Background execution not allowed: receiving Intent { act=android.intent.action.PACKAGE_REMOVED dat=package:com.google.location.nearby.apps.connectedcrossroad flg=0x4000010 (has extras) } to com.google.android.gms/.games.chimera.GamesSystemBroadcastReceiverProxy
04-22 11:37:51.504  1635  1775 W BroadcastQueue: Background execution not allowed: receiving Intent { act=android.intent.action.PACKAGE_REMOVED dat=package:com.google.location.nearby.apps.connectedcrossroad flg=0x4000010 (has extras) } to com.google.android.gms/.chimera.GmsIntentOperationService$PersistentTrustedReceiver
04-22 11:37:51.504  1635  1775 W BroadcastQueue: Background execution not allowed: receiving Intent { act=android.intent.action.PACKAGE_REMOVED dat=package:com.google.location.nearby.apps.connectedcrossroad flg=0x4000010 (has extras) } to com.google.android.googlequicksearchbox/com.google.android.apps.gsa.googlequicksearchbox.GelStubAppWatcher
04-22 11:37:51.504  1635  1775 W BroadcastQueue: Background execution not allowed: receiving Intent { act=android.intent.action.PACKAGE_REMOVED dat=package:com.google.location.nearby.apps.connectedcrossroad flg=0x4000010 (has extras) } to com.facebook.katana/com.facebook.feed.platformads.AppInstallReceiver
04-22 11:37:51.504  1635  1775 W BroadcastQueue: Background execution not allowed: receiving Intent { act=android.intent.action.PACKAGE_REMOVED dat=package:com.google.location.nearby.apps.connectedcrossroad flg=0x4000010 (has extras) } to com.jaga.ibraceletplus.smartwristband3/com.yc.pedometer.keepalive.KeepAliveReceiver
04-22 11:37:51.504  1635  1775 W BroadcastQueue: Background execution not allowed: receiving Intent { act=android.intent.action.PACKAGE_REMOVED dat=package:com.google.location.nearby.apps.connectedcrossroad flg=0x4000010 (has extras) } to com.microsoft.appmanager/.receiver.InstallUninstallReceiver
04-22 11:37:51.504  1635  1775 W BroadcastQueue: Background execution not allowed: receiving Intent { act=android.intent.action.PACKAGE_REMOVED dat=package:com.google.location.nearby.apps.connectedcrossroad flg=0x4000010 (has extras) } to com.microsoft.appmanager/com.microsoft.mmx.continuity.receiver.InstallUninstallReceiver
04-22 11:37:51.507  1635  1775 W BroadcastQueue: Background execution not allowed: receiving Intent { act=android.intent.action.PACKAGE_REMOVED dat=package:com.google.location.nearby.apps.connectedcrossroad flg=0x4000010 (has extras) } to com.microsoft.emmx/com.microsoft.mmx.continuity.receiver.InstallUninstallReceiver
04-22 11:37:51.572  1635  1775 W BroadcastQueue: Background execution not allowed: receiving Intent { act=android.intent.action.PACKAGE_ADDED dat=package:com.google.location.nearby.apps.connectedcrossroad flg=0x4000010 (has extras) } to com.google.android.packageinstaller/com.android.packageinstaller.PackageInstalledReceiver
04-22 11:37:51.572  1635  1775 W BroadcastQueue: Background execution not allowed: receiving Intent { act=android.intent.action.PACKAGE_ADDED dat=package:com.google.location.nearby.apps.connectedcrossroad flg=0x4000010 (has extras) } to com.android.vending/com.google.android.finsky.packagemanager.impl.PackageMonitorReceiverImpl$RegisteredReceiver
04-22 11:37:51.572  1635  1775 W BroadcastQueue: Background execution not allowed: receiving Intent { act=android.intent.action.PACKAGE_ADDED dat=package:com.google.location.nearby.apps.connectedcrossroad flg=0x4000010 (has extras) } to com.google.android.gms/.games.chimera.GamesSystemBroadcastReceiverProxy
04-22 11:37:51.572  1635  1775 W BroadcastQueue: Background execution not allowed: receiving Intent { act=android.intent.action.PACKAGE_ADDED dat=package:com.google.location.nearby.apps.connectedcrossroad flg=0x4000010 (has extras) } to com.google.android.gms/.gass.chimera.PackageChangeBroadcastReceiver
04-22 11:37:51.573  1635  1775 W BroadcastQueue: Background execution not allowed: receiving Intent { act=android.intent.action.PACKAGE_ADDED dat=package:com.google.location.nearby.apps.connectedcrossroad flg=0x4000010 (has extras) } to com.google.android.gms/.chimera.GmsIntentOperationService$PersistentTrustedReceiver
04-22 11:37:51.608  1635  1775 W BroadcastQueue: Background execution not allowed: receiving Intent { act=android.intent.action.PACKAGE_ADDED dat=package:com.google.location.nearby.apps.connectedcrossroad flg=0x4000010 (has extras) } to com.google.android.googlequicksearchbox/com.google.android.apps.gsa.googlequicksearchbox.GelStubAppWatcher
04-22 11:37:51.619  1635  9801 I ActivityTaskManager: START u0 {act=android.intent.action.MAIN cat=[android.intent.category.LAUNCHER] flg=0x10000000 cmp=com.google.location.nearby.apps.connectedcrossroad/nx.aodv.eval.MainActivity} from uid 2000
04-22 11:37:51.642  1635  1754 W Looper  : Slow dispatch took 119ms android.ui h=com.android.server.am.ActivityManagerService$UiHandler c=null m=31
04-22 11:37:51.656  1635  1775 W BroadcastQueue: Background execution not allowed: receiving Intent { act=android.intent.action.PACKAGE_ADDED dat=package:com.google.location.nearby.apps.connectedcrossroad flg=0x4000010 (has extras) } to com.facebook.katana/com.facebook.feed.platformads.AppInstallReceiver
04-22 11:37:51.660  1635  1756 D CompatibilityChangeReporter: Compat change id reported: 135634846; UID 10333; state: DISABLED
04-22 11:37:51.661  1635  1776 D CompatibilityChangeReporter: Compat change id reported: 143937733; UID 10333; state: DISABLED
04-22 11:37:51.671  1635  1775 W BroadcastQueue: Background execution not allowed: receiving Intent { act=android.intent.action.PACKAGE_ADDED dat=package:com.google.location.nearby.apps.connectedcrossroad flg=0x4000010 (has extras) } to com.jaga.ibraceletplus.smartwristband3/com.yc.pedometer.keepalive.KeepAliveReceiver
04-22 11:37:51.672  1635  1775 W BroadcastQueue: Background execution not allowed: receiving Intent { act=android.intent.action.PACKAGE_ADDED dat=package:com.google.location.nearby.apps.connectedcrossroad flg=0x4000010 (has extras) } to com.microsoft.appmanager/.receiver.InstallUninstallReceiver
04-22 11:37:51.672  1635  1775 W BroadcastQueue: Background execution not allowed: receiving Intent { act=android.intent.action.PACKAGE_ADDED dat=package:com.google.location.nearby.apps.connectedcrossroad flg=0x4000010 (has extras) } to com.microsoft.appmanager/com.microsoft.mmx.continuity.receiver.InstallUninstallReceiver
04-22 11:37:51.672  1635  1775 W BroadcastQueue: Background execution not allowed: receiving Intent { act=android.intent.action.PACKAGE_ADDED dat=package:com.google.location.nearby.apps.connectedcrossroad flg=0x4000010 (has extras) } to com.microsoft.emmx/com.microsoft.mmx.continuity.receiver.InstallUninstallReceiver
04-22 11:37:51.682  1635  1635 I Telecom : DefaultDialerCache: Refreshing default dialer for user 0: now com.google.android.dialer: DDC.oR@BaY
04-22 11:37:51.722  1635  1635 V BackupManagerConstants: getFullBackupIntervalMilliseconds(...) returns 86400000
04-22 11:37:51.722  1635  1635 V BackupManagerConstants: getFullBackupRequiredNetworkType(...) returns 2
04-22 11:37:51.722  1635  1635 V BackupManagerConstants: getFullBackupRequireCharging(...) returns true
04-22 11:37:51.725  1635  1776 W ActivityManager: Slow operation: 65ms so far, now at startProcess: done updating battery stats
04-22 11:37:51.725  1635  1776 W ActivityManager: Slow operation: 65ms so far, now at startProcess: building log message
04-22 11:37:51.725  1635  1776 I ActivityManager: Start proc 21954:com.google.location.nearby.apps.connectedcrossroad/u0a333 for pre-top-activity {com.google.location.nearby.apps.connectedcrossroad/nx.aodv.eval.MainActivity}
04-22 11:37:51.725  1635  1776 W ActivityManager: Slow operation: 65ms so far, now at startProcess: starting to update pids map
04-22 11:37:51.725  1635  1776 W ActivityManager: Slow operation: 65ms so far, now at startProcess: done updating pids map
04-22 11:37:51.919  1635  1752 W Looper  : Slow delivery took 226ms android.fg h=android.os.Handler c=<recycled PooledLambda@6f76782> m=0
04-22 11:37:52.029  1635  2884 W NetworkPolicy: shared quota unsupported; generating rule for each iface
04-22 11:37:52.064  1635  1752 W Looper  : Slow dispatch took 144ms android.fg h=android.os.Handler c=<recycled PooledLambda@affe2d8> m=0
04-22 11:37:52.092  1635  1635 W Looper  : Slow dispatch took 410ms main h=android.app.ActivityThread$H c=android.app.-$$Lambda$LoadedApk$ReceiverDispatcher$Args$_BumDX2UKsnxLVrE6UJsJZkotuA@83eba4e m=0
04-22 11:37:52.092  1635  1635 W Looper  : Slow delivery took 478ms main h=com.android.server.notification.NotificationManagerService$WorkerHandler c=com.android.server.notification.NotificationManagerService$CancelNotificationRunnable@5cd476f m=0
04-22 11:37:52.203  1635  1635 W Looper  : Drained
04-22 11:37:52.211  1635  1752 W Looper  : Slow dispatch took 146ms android.fg h=android.os.Handler c=<recycled PooledLambda@a553c01> m=0
04-22 11:37:52.246  1635  8772 W BroadcastQueue: Background execution not allowed: receiving Intent { act=android.intent.action.PACKAGE_REPLACED dat=package:com.google.location.nearby.apps.connectedcrossroad flg=0x4000010 (has extras) } to com.google.android.gms/.gass.chimera.PackageChangeBroadcastReceiver
04-22 11:37:52.250  1635  1775 W BroadcastQueue: Background execution not allowed: receiving Intent { act=android.intent.action.PACKAGE_REPLACED dat=package:com.google.location.nearby.apps.connectedcrossroad flg=0x4000010 (has extras) } to com.google.android.gms/.chimera.GmsIntentOperationService$PersistentTrustedReceiver
04-22 11:37:52.251  1635  1775 W BroadcastQueue: Background execution not allowed: receiving Intent { act=android.intent.action.PACKAGE_REPLACED dat=package:com.google.location.nearby.apps.connectedcrossroad flg=0x4000010 (has extras) } to com.google.android.googlequicksearchbox/com.google.android.apps.gsa.googlequicksearchbox.GelStubAppWatcher
04-22 11:37:52.253  1635  1775 W BroadcastQueue: Background execution not allowed: receiving Intent { act=android.intent.action.PACKAGE_REPLACED dat=package:com.google.location.nearby.apps.connectedcrossroad flg=0x4000010 (has extras) } to com.infonow.bofa/com.bofa.ecom.marvel.application.BofaPackageUpdateReceiver
04-22 11:37:52.260  1635  1775 W BroadcastQueue: Background execution not allowed: receiving Intent { act=android.intent.action.PACKAGE_REPLACED dat=package:com.google.location.nearby.apps.connectedcrossroad flg=0x4000010 (has extras) } to com.microsoft.appmanager/com.microsoft.mmx.continuity.receiver.InstallUninstallReceiver
04-22 11:37:52.260  1635  1775 W BroadcastQueue: Background execution not allowed: receiving Intent { act=android.intent.action.PACKAGE_REPLACED dat=package:com.google.location.nearby.apps.connectedcrossroad flg=0x4000010 (has extras) } to com.microsoft.emmx/com.microsoft.mmx.continuity.receiver.InstallUninstallReceiver
04-22 11:37:52.260  1635  1775 W BroadcastQueue: Background execution not allowed: receiving Intent { act=android.intent.action.PACKAGE_REPLACED dat=package:com.google.location.nearby.apps.connectedcrossroad flg=0x4000010 (has extras) } to steptracker.healthandfitness.walkingtracker.pedometer/com.drojian.stepcounter.receiver.PedometerReceiver
04-22 11:37:52.261  1635  1775 W BroadcastQueue: Background execution not allowed: receiving Intent { act=android.intent.action.PACKAGE_REPLACED dat=package:com.google.location.nearby.apps.connectedcrossroad flg=0x4000010 (has extras) } to steptracker.healthandfitness.walkingtracker.pedometer/com.drojian.servicekeeper.receiver.BootReceiver
04-22 11:37:52.281  1635  2884 W NetworkPolicy: shared quota unsupported; generating rule for each iface
04-22 11:37:52.418  1635  1752 W Looper  : Slow dispatch took 108ms android.fg h=android.os.Handler c=<recycled PooledLambda@95b064a> m=0
04-22 11:37:52.719  1635  9801 D CompatibilityChangeReporter: Compat change id reported: 136274596; UID 10333; state: DISABLED
04-22 11:37:52.777  1635  2891 D ConnectivityService: NetReassign [no changes]
04-22 11:37:53.314  1635  2884 W NetworkPolicy: shared quota unsupported; generating rule for each iface
04-22 11:37:53.383  1635  1752 W Looper  : Drained
04-22 11:37:53.416  1635  2884 W NetworkPolicy: shared quota unsupported; generating rule for each iface
04-22 11:37:53.466  1635  2884 I chatty  : uid=1000(system) NetworkPolicy identical 1 line
04-22 11:37:53.914  1635  2884 W NetworkPolicy: shared quota unsupported; generating rule for each iface
04-22 11:37:54.023  1635  8772 E SystemServiceRegistry: Manager wrapper not available: face
04-22 11:37:54.024  1635  1775 I DropBoxManagerService: add tag=system_server_wtf isTagEnabled=true flags=0x2
04-22 11:37:54.025  1635  8772 I StatsPullAtomService: No runtime appop access message collected
04-22 11:37:54.114  1635  9801 W SettingsStatsUtil: Can not parse value to float: gps,network
04-22 11:37:55.786  1635  2891 D ConnectivityService: NetReassign [no changes]
04-22 11:37:56.037  1635  1775 W BroadcastQueue: Background execution not allowed: receiving Intent { act=android.intent.action.DROPBOX_ENTRY_ADDED flg=0x10 (has extras) } to com.google.android.gms/.stats.service.DropBoxEntryAddedReceiver
04-22 11:37:56.037  1635  1775 W BroadcastQueue: Background execution not allowed: receiving Intent { act=android.intent.action.DROPBOX_ENTRY_ADDED flg=0x10 (has extras) } to com.google.android.gms/.chimera.GmsIntentOperationService$PersistentTrustedReceiver
04-22 11:37:58.812  1635  2891 D ConnectivityService: NetReassign [no changes]
04-22 11:38:01.824  1635  2891 I chatty  : uid=1000(system) ConnectivitySer identical 1 line
04-22 11:38:04.849  1635  2891 D ConnectivityService: NetReassign [no changes]
04-22 11:38:05.206  1635  1635 D BluetoothManagerService: Bluetooth Adapter name changed to IkUxZ2xbye0AAAAAAAAAATE
04-22 11:38:05.207  1635  1635 D BluetoothManagerService: Stored Bluetooth name: IkUxZ2xbye0AAAAAAAAAATE
04-22 11:38:05.541  1635  2893 D NsdService: Register service
04-22 11:38:05.541  1635  2893 D NsdService: registerService: 26 name: IkUxZ2xbye0AAA, type: _5BC9ED5E6C75._tcp, host: null, port: 42737, txtRecord: n=MQIPv4=192.168.1.17
04-22 11:38:05.541  1635  2893 D NsdService: mdnssd [register, 26, IkUxZ2xbye0AAA, _5BC9ED5E6C75._tcp, 42737, BG49TVERSVB2ND0xOTIuMTY4LjEuMTc=]
04-22 11:38:05.543  1635  2893 D NsdService: Register 26 26
04-22 11:38:06.280  1635  2893 D NsdService: Native daemon message SERVICE_REGISTERED: 606 26 "IkUxZ2xbye0AAA"
04-22 11:38:06.288  1635  3038 E AppOps  : attributionTag com.google.android.gms.nearby not declared in manifest of com.google.location.nearby.apps.connectedcrossroad
04-22 11:38:07.283  1635  1775 D CompatibilityChangeReporter: Compat change id reported: 135634846; UID 10151; state: DISABLED
04-22 11:38:07.285  1635  1776 D CompatibilityChangeReporter: Compat change id reported: 143937733; UID 10151; state: ENABLED
04-22 11:38:07.300  1635  1776 I ActivityManager: Start proc 22056:com.google.android.apps.wallpaper/u0a151 for broadcast {com.google.android.apps.wallpaper/com.android.wallpaper.module.DailyLoggingAlarmReceiver}
04-22 11:38:07.859  1635  2891 D ConnectivityService: NetReassign [no changes]
04-22 11:38:16.926  1635  2891 I chatty  : uid=1000(system) ConnectivitySer identical 3 lines
04-22 11:38:19.949  1635  2891 D ConnectivityService: NetReassign [no changes]
04-22 11:38:21.859  1635  1775 I ActivityManager: Waited long enough for: ServiceRecord{67159 u0 com.google.android.googlequicksearchbox/com.google.android.apps.gsa.shared.util.keepalive.StandaloneKeepAlive$KeepAliveService}
04-22 11:38:22.968  1635  2891 D ConnectivityService: NetReassign [no changes]
04-22 11:38:29.018  1635  2891 I chatty  : uid=1000(system) ConnectivitySer identical 2 lines
04-22 11:38:32.048  1635  2891 D ConnectivityService: NetReassign [no changes]
04-22 11:38:34.257  1635  1775 W BroadcastQueue: Background execution not allowed: receiving Intent { act=android.bluetooth.device.action.BOND_STATE_CHANGED flg=0x10 (has extras) } to com.google.android.gms/.chimera.GmsIntentOperationService$PersistentTrustedReceiver
04-22 11:38:34.257  1635  1775 W BroadcastQueue: Background execution not allowed: receiving Intent { act=android.bluetooth.device.action.BOND_STATE_CHANGED flg=0x10 (has extras) } to com.google.android.googlequicksearchbox/com.google.android.apps.gsa.broadcastreceiver.external.ExternalCommonBroadcastReceiver
04-22 11:38:35.076  1635  2891 D ConnectivityService: NetReassign [no changes]
04-22 11:38:35.084  1635  1775 W BroadcastQueue: Background execution not allowed: receiving Intent { act=android.bluetooth.device.action.BOND_STATE_CHANGED flg=0x10 (has extras) } to com.google.android.gms/.chimera.GmsIntentOperationService$PersistentTrustedReceiver
04-22 11:38:35.084  1635  1775 W BroadcastQueue: Background execution not allowed: receiving Intent { act=android.bluetooth.device.action.BOND_STATE_CHANGED flg=0x10 (has extras) } to com.google.android.googlequicksearchbox/com.google.android.apps.gsa.broadcastreceiver.external.ExternalCommonBroadcastReceiver
04-22 11:38:38.087  1635  2891 D ConnectivityService: NetReassign [no changes]
04-22 11:38:44.153  1635  2891 I chatty  : uid=1000(system) ConnectivitySer identical 2 lines
04-22 11:38:47.175  1635  2891 D ConnectivityService: NetReassign [no changes]
04-22 11:38:48.346  1635  3044 I ActivityManager: Force stopping com.google.location.nearby.apps.connectedcrossroad appid=10333 user=0: from pid 22158
04-22 11:38:48.347  1635  3044 I ActivityManager: Killing 21954:com.google.location.nearby.apps.connectedcrossroad/u0a333 (adj 0): stop com.google.location.nearby.apps.connectedcrossroad due to from pid 22158
04-22 11:38:48.349  1635  3044 W ActivityTaskManager: Force removing ActivityRecord{48944b9 u0 com.google.location.nearby.apps.connectedcrossroad/nx.aodv.eval.MainActivity t8105 f}}: app died, no saved state
04-22 11:38:48.399  1635  8772 D AutofillSession: handling death of Token{3988703 ActivityRecord{48944b9 u0 com.google.location.nearby.apps.connectedcrossroad/nx.aodv.eval.MainActivity t-1 f}}} when saving=false
04-22 11:38:48.417  1635  1756 W ActivityManager: setHasOverlayUi called on unknown pid: 21954
04-22 11:38:50.198  1635  2891 D ConnectivityService: NetReassign [no changes]
04-22 11:38:53.050  1635  3044 W BroadcastQueue: Background execution not allowed: receiving Intent { act=android.intent.action.PACKAGE_RESTARTED dat=package:com.google.location.nearby.apps.connectedcrossroad flg=0x10 (has extras) } to steptracker.healthandfitness.walkingtracker.pedometer/com.drojian.stepcounter.receiver.PedometerReceiver
04-22 11:38:53.057  1635  1775 W BroadcastQueue: Background execution not allowed: receiving Intent { act=android.intent.action.PACKAGE_RESTARTED dat=package:com.google.location.nearby.apps.connectedcrossroad flg=0x10 (has extras) } to steptracker.healthandfitness.walkingtracker.pedometer/com.drojian.servicekeeper.receiver.BootReceiver
04-22 11:38:53.209  1635  2891 D ConnectivityService: NetReassign [no changes]
04-22 11:38:56.236  1635  2891 D ConnectivityService: NetReassign [no changes]
04-22 11:38:56.313  1635  2893 D NsdService: unregister service
04-22 11:38:56.313  1635  2893 D NsdService: mdnssd [stop-register, 26]
04-22 11:38:56.324  1635  1635 D BluetoothManagerService: Bluetooth Adapter name changed to Pixel 3a XL
04-22 11:38:56.325  1635  1635 D BluetoothManagerService: Stored Bluetooth name: Pixel 3a XL
04-22 11:38:59.272  1635  2891 D ConnectivityService: NetReassign [no changes]
04-22 11:39:41.712  1635  2891 I chatty  : uid=1000(system) ConnectivitySer identical 14 lines
04-22 11:39:44.747  1635  2891 D ConnectivityService: NetReassign [no changes]
04-22 11:39:47.528  1635  2884 W NetworkPolicy: shared quota unsupported; generating rule for each iface
04-22 11:39:47.771  1635  2891 D ConnectivityService: NetReassign [no changes]
04-22 11:39:53.825  1635  2891 I chatty  : uid=1000(system) ConnectivitySer identical 2 lines
04-22 11:39:56.842  1635  2891 D ConnectivityService: NetReassign [no changes]
04-22 11:39:58.151  1635  1635 I SoundTriggerHelper: Recognition success
04-22 11:39:58.152  4561 30416 I AlwaysOnHotwordDetector: onDetected
04-22 11:39:59.568  1635  5549 I SoundTriggerHelper: startRecognition successful.
04-22 11:39:59.867  1635  2891 D ConnectivityService: NetReassign [no changes]
04-22 11:40:11.985  1635  2891 I chatty  : uid=1000(system) ConnectivitySer identical 4 lines
04-22 11:40:15.016  1635  2891 D ConnectivityService: NetReassign [no changes]
04-22 11:40:17.963  1635  1971 E AlarmManager: Attempt to decrement existing alarm count 0 by 1 for uid 1000
04-22 11:40:17.966  1635  1775 I DropBoxManagerService: add tag=system_server_wtf isTagEnabled=true flags=0x2
04-22 11:40:18.003  1635  1635 D CompatibilityChangeReporter: Compat change id reported: 135634846; UID 10175; state: DISABLED
04-22 11:40:18.004  1635  1776 D CompatibilityChangeReporter: Compat change id reported: 143937733; UID 10175; state: ENABLED
04-22 11:40:18.005  1635  1635 D CompatibilityChangeReporter: Compat change id reported: 135634846; UID 10109; state: DISABLED
04-22 11:40:18.024  1635  1776 I ActivityManager: Start proc 22306:com.google.android.contacts/u0a175 for service {com.google.android.contacts/com.google.android.apps.contacts.shortcut.ShortcutJobService}
04-22 11:40:18.024  1635  1776 D CompatibilityChangeReporter: Compat change id reported: 143937733; UID 10109; state: ENABLED
04-22 11:40:18.029  1635  2891 D ConnectivityService: NetReassign [no changes]
04-22 11:40:18.042  1635  1776 I ActivityManager: Start proc 22315:com.google.android.apps.gcs/u0a109 for service {com.google.android.apps.gcs/androidx.work.impl.background.systemjob.SystemJobService}
04-22 11:40:18.300  1635  5549 D ConnectivityService: Returning UNBLOCKED NetworkInfo to uid=10109
04-22 11:40:18.305  1635  8781 D ConnectivityService: requestNetwork for uid/pid:10109/22315 NetworkRequest [ TRACK_DEFAULT id=789, [ Capabilities: INTERNET&NOT_RESTRICTED&TRUSTED Uid: 10109 AdministratorUids: [] RequestorUid: 10109 RequestorPackageName: com.google.android.apps.gcs] ]
04-22 11:40:18.305  1635  2891 D ConnectivityService: NetReassign [789 : null  135]
04-22 11:40:18.738  1635  2891 D ConnectivityService: releasing NetworkRequest [ TRACK_DEFAULT id=789, [ Capabilities: INTERNET&NOT_RESTRICTED&TRUSTED Uid: 10109 AdministratorUids: [] RequestorUid: 10109 RequestorPackageName: com.google.android.apps.gcs] ] (release request)
04-22 11:40:19.981  1635  1775 W BroadcastQueue: Background execution not allowed: receiving Intent { act=android.intent.action.DROPBOX_ENTRY_ADDED flg=0x10 (has extras) } to com.google.android.gms/.stats.service.DropBoxEntryAddedReceiver
04-22 11:40:19.981  1635  1775 W BroadcastQueue: Background execution not allowed: receiving Intent { act=android.intent.action.DROPBOX_ENTRY_ADDED flg=0x10 (has extras) } to com.google.android.gms/.chimera.GmsIntentOperationService$PersistentTrustedReceiver
04-22 11:40:21.061  1635  2891 D ConnectivityService: NetReassign [no changes]
04-22 11:41:51.874  1635  2891 I chatty  : uid=1000(system) ConnectivitySer identical 30 lines
04-22 11:41:54.899  1635  2891 D ConnectivityService: NetReassign [no changes]
04-22 11:41:57.542  1635  4613 W ActivityManager: Foreground service started from background can not have location/camera/microphone access: service steptracker.healthandfitness.walkingtracker.pedometer/com.drojian.stepcounter.service.CounterService
04-22 11:41:57.561  1635  8781 W ActivityManager: Foreground service started from background can not have location/camera/microphone access: service steptracker.healthandfitness.walkingtracker.pedometer/com.drojian.stepcounter.service.CounterService
04-22 11:41:57.569  1635  3038 W ActivityManager: Foreground service started from background can not have location/camera/microphone access: service steptracker.healthandfitness.walkingtracker.pedometer/com.drojian.stepcounter.service.CounterService
04-22 11:41:57.578  1635  3038 W ActivityManager: Foreground service started from background can not have location/camera/microphone access: service steptracker.healthandfitness.walkingtracker.pedometer/com.drojian.stepcounter.service.CounterService
04-22 11:41:57.588  1635  8781 W ActivityManager: Foreground service started from background can not have location/camera/microphone access: service steptracker.healthandfitness.walkingtracker.pedometer/com.drojian.stepcounter.service.CounterService
04-22 11:41:57.604  1635  1712 W ActivityManager: Foreground service started from background can not have location/camera/microphone access: service steptracker.healthandfitness.walkingtracker.pedometer/com.drojian.stepcounter.service.CounterService
04-22 11:41:57.913  1635  2891 D ConnectivityService: NetReassign [no changes]
04-22 11:41:58.743  1635  3044 W ActivityManager: Foreground service started from background can not have location/camera/microphone access: service steptracker.healthandfitness.walkingtracker.pedometer/com.drojian.stepcounter.service.CounterService
04-22 11:42:00.956  1635  2891 D ConnectivityService: NetReassign [no changes]
04-22 11:42:03.971  1635  2891 D ConnectivityService: NetReassign [no changes]
04-22 11:42:05.078  1635  1635 I SoundTriggerHelper: Recognition success
04-22 11:42:05.079  4561 30416 I AlwaysOnHotwordDetector: onDetected
04-22 11:42:06.544  1635  8781 I SoundTriggerHelper: startRecognition successful.
04-22 11:42:06.999  1635  2891 D ConnectivityService: NetReassign [no changes]
04-22 11:43:10.648  1635  2891 I chatty  : uid=1000(system) ConnectivitySer identical 21 lines
04-22 11:43:13.674  1635  2891 D ConnectivityService: NetReassign [no changes]
04-22 11:43:15.073  1635  1862 V DisplayPowerController: Brightness [0.020375967] reason changing to: 'automatic [ dim ]', previous reason: 'automatic'.
04-22 11:43:16.712  1635  2891 D ConnectivityService: NetReassign [no changes]
04-22 11:43:19.747  1635  2891 D ConnectivityService: NetReassign [no changes]
04-22 11:43:22.070  1635  1862 I PowerManagerService: Going to sleep due to timeout (uid 1000)...
04-22 11:43:22.101  1635  3044 D BiometricUtils: isEncrypted: false isLockdown: false
04-22 11:43:22.146  1635  1635 V FingerprintService: startAuthentication(com.android.systemui)
04-22 11:43:22.146  1635  1635 V FingerprintService: starting client AuthenticationClientImpl(com.android.systemui) targetUserId: 0 currentUserId: 0 cookie: 0/0
04-22 11:43:22.172  1635  1635 W FingerprintService: client com.android.systemui is authenticating...
04-22 11:43:22.209  1635  1862 V DisplayPowerController: Brightness [0.060375966] reason changing to: 'automatic', previous reason: 'automatic [ dim ]'.
04-22 11:43:22.637  1635  1862 I DisplayPowerController: Blocking screen off
04-22 11:43:22.639  1635  1862 I DisplayPowerController: Unblocked screen off after 2 ms
04-22 11:43:22.662  1635  1862 D ActivityTaskManager: Top Process State changed to PROCESS_STATE_TOP_SLEEPING
04-22 11:43:22.689  1635  1862 V DisplayPowerController: Brightness [-1.0] reason changing to: 'screen_off', previous reason: 'automatic'.
04-22 11:43:22.699  1635  1756 I DisplayManagerService: Display device changed state: "Built-in Screen", OFF
04-22 11:43:22.766  1635  2891 D ConnectivityService: NetReassign [no changes]
04-22 11:43:22.866  1635  1862 I DreamManagerService: Entering dreamland.
04-22 11:43:22.867  1635  1862 I PowerManagerService: Dozing...
04-22 11:43:22.868  1635  1752 I DreamController: Starting dream: name=ComponentInfo{com.android.systemui/com.android.systemui.doze.DozeService}, isTest=false, canDoze=true, userId=0
04-22 11:43:23.194  1635  8781 V WindowManager: Orientation start waiting for draw, mDrawState=DRAW_PENDING in Window{b3b0d7 u0 NotificationShade}, surfaceController Surface(name=NotificationShade)/@0x878fe01
04-22 11:43:23.234  1635  5549 V WindowManager: Orientation start waiting for draw, mDrawState=DRAW_PENDING in Window{b3b0d7 u0 NotificationShade}, surfaceController Surface(name=NotificationShade)/@0x878fe01
04-22 11:43:23.243  1635  1756 V WindowManager: Orientation start waiting for draw, mDrawState=DRAW_PENDING in Window{b3b0d7 u0 NotificationShade}, surfaceController Surface(name=NotificationShade)/@0x878fe01
04-22 11:43:23.249  1635  3038 I ActivityTaskManager: START u0 {flg=0x10000000 cmp=steptracker.healthandfitness.walkingtracker.pedometer/com.drojian.servicekeeper.service.OneActivity} from uid 10208
04-22 11:43:23.250  1635  3038 W ActivityTaskManager: Background activity start [callingPackage: steptracker.healthandfitness.walkingtracker.pedometer; callingUid: 10208; isCallingUidForeground: false; callingUidHasAnyVisibleWindow: false; callingUidProcState: FOREGROUND_SERVICE; isCallingUidPersistentSystemProcess: false; realCallingUid: 10208; isRealCallingUidForeground: false; realCallingUidHasAnyVisibleWindow: false; realCallingUidProcState: FOREGROUND_SERVICE; isRealCallingUidPersistentSystemProcess: false; originatingPendingIntent: null; isBgStartWhitelisted: false; intent: Intent { flg=0x10000000 cmp=steptracker.healthandfitness.walkingtracker.pedometer/com.drojian.servicekeeper.service.OneActivity }; callerApp: ProcessRecord{7a2a5f8 15007:steptracker.healthandfitness.walkingtracker.pedometer/u0a208}]
04-22 11:43:23.252  1635  3038 E ActivityTaskManager: Abort background activity starts from 10208
04-22 11:43:23.659  1635  3038 W ActivityManager: Foreground service started from background can not have location/camera/microphone access: service steptracker.healthandfitness.walkingtracker.pedometer/com.drojian.stepcounter.service.CounterService
04-22 11:43:27.664  1635  1756 W ActivityTaskManager: Sleep timeout!  Sleeping now.
04-22 11:45:02.439  1635  3038 I ActivityManager: Force stopping com.google.location.nearby.apps.connectedcrossroad appid=10333 user=0: from pid 22961
04-22 11:45:02.449  1635  1775 W BroadcastQueue: Background execution not allowed: receiving Intent { act=android.intent.action.PACKAGE_RESTARTED dat=package:com.google.location.nearby.apps.connectedcrossroad flg=0x10 (has extras) } to steptracker.healthandfitness.walkingtracker.pedometer/com.drojian.stepcounter.receiver.PedometerReceiver
04-22 11:45:02.452  1635  1775 W BroadcastQueue: Background execution not allowed: receiving Intent { act=android.intent.action.PACKAGE_RESTARTED dat=package:com.google.location.nearby.apps.connectedcrossroad flg=0x10 (has extras) } to steptracker.healthandfitness.walkingtracker.pedometer/com.drojian.servicekeeper.receiver.BootReceiver
04-22 11:45:16.987  1635  1878 I PackageManager: Integrity check passed for file:///data/app/vmdl1590547600.tmp
04-22 11:45:17.010  1635  1878 I PackageManager: Update package com.google.location.nearby.apps.connectedcrossroad code path from /data/app/~~RuVjgvwtAT9QOcfVM7RB9w==/com.google.location.nearby.apps.connectedcrossroad-W-mbuV5Iq03XkDbNv-fWxw== to /data/app/~~8fXC3uWxOufw0ACGfonCcg==/com.google.location.nearby.apps.connectedcrossroad-IR4iRsj8akMmxYR98FxlIA==; Retain data and using new
04-22 11:45:17.010  1635  1878 I PackageManager: Update package com.google.location.nearby.apps.connectedcrossroad resource path from /data/app/~~RuVjgvwtAT9QOcfVM7RB9w==/com.google.location.nearby.apps.connectedcrossroad-W-mbuV5Iq03XkDbNv-fWxw== to /data/app/~~8fXC3uWxOufw0ACGfonCcg==/com.google.location.nearby.apps.connectedcrossroad-IR4iRsj8akMmxYR98FxlIA==; Retain data and using new
04-22 11:45:17.024  1635  1878 D CompatibilityChangeReporter: Compat change id reported: 135549675; UID 10333; state: DISABLED
04-22 11:45:17.180  1635  1775 W BroadcastQueue: Background execution not allowed: receiving Intent { act=android.intent.action.PACKAGE_REMOVED dat=package:com.google.location.nearby.apps.connectedcrossroad flg=0x4000010 (has extras) } to com.android.vending/com.google.android.finsky.packagemanager.impl.PackageMonitorReceiverImpl$RegisteredReceiver
04-22 11:45:17.181  1635  1775 W BroadcastQueue: Background execution not allowed: receiving Intent { act=android.intent.action.PACKAGE_REMOVED dat=package:com.google.location.nearby.apps.connectedcrossroad flg=0x4000010 (has extras) } to com.android.vending/com.google.android.finsky.instantapps.appmanagement.InstantAppRemoveMonitor
04-22 11:45:17.182  1635  1775 W BroadcastQueue: Background execution not allowed: receiving Intent { act=android.intent.action.PACKAGE_REMOVED dat=package:com.google.location.nearby.apps.connectedcrossroad flg=0x4000010 (has extras) } to com.google.android.gms/.games.chimera.GamesSystemBroadcastReceiverProxy
04-22 11:45:17.183  1635  1775 W BroadcastQueue: Background execution not allowed: receiving Intent { act=android.intent.action.PACKAGE_REMOVED dat=package:com.google.location.nearby.apps.connectedcrossroad flg=0x4000010 (has extras) } to com.google.android.gms/.chimera.GmsIntentOperationService$PersistentTrustedReceiver
04-22 11:45:17.183  1635  1775 W BroadcastQueue: Background execution not allowed: receiving Intent { act=android.intent.action.PACKAGE_REMOVED dat=package:com.google.location.nearby.apps.connectedcrossroad flg=0x4000010 (has extras) } to com.google.android.googlequicksearchbox/com.google.android.apps.gsa.googlequicksearchbox.GelStubAppWatcher
04-22 11:45:17.183  1635  1775 W BroadcastQueue: Background execution not allowed: receiving Intent { act=android.intent.action.PACKAGE_REMOVED dat=package:com.google.location.nearby.apps.connectedcrossroad flg=0x4000010 (has extras) } to com.facebook.katana/com.facebook.feed.platformads.AppInstallReceiver
04-22 11:45:17.195  1635  1775 W BroadcastQueue: Background execution not allowed: receiving Intent { act=android.intent.action.PACKAGE_REMOVED dat=package:com.google.location.nearby.apps.connectedcrossroad flg=0x4000010 (has extras) } to com.jaga.ibraceletplus.smartwristband3/com.yc.pedometer.keepalive.KeepAliveReceiver
04-22 11:45:17.195  1635  1775 W BroadcastQueue: Background execution not allowed: receiving Intent { act=android.intent.action.PACKAGE_REMOVED dat=package:com.google.location.nearby.apps.connectedcrossroad flg=0x4000010 (has extras) } to com.microsoft.appmanager/.receiver.InstallUninstallReceiver
04-22 11:45:17.195  1635  1775 W BroadcastQueue: Background execution not allowed: receiving Intent { act=android.intent.action.PACKAGE_REMOVED dat=package:com.google.location.nearby.apps.connectedcrossroad flg=0x4000010 (has extras) } to com.microsoft.appmanager/com.microsoft.mmx.continuity.receiver.InstallUninstallReceiver
04-22 11:45:17.195  1635  1775 W BroadcastQueue: Background execution not allowed: receiving Intent { act=android.intent.action.PACKAGE_REMOVED dat=package:com.google.location.nearby.apps.connectedcrossroad flg=0x4000010 (has extras) } to com.microsoft.emmx/com.microsoft.mmx.continuity.receiver.InstallUninstallReceiver
04-22 11:45:17.244  1635  1775 W BroadcastQueue: Background execution not allowed: receiving Intent { act=android.intent.action.PACKAGE_ADDED dat=package:com.google.location.nearby.apps.connectedcrossroad flg=0x4000010 (has extras) } to com.google.android.packageinstaller/com.android.packageinstaller.PackageInstalledReceiver
04-22 11:45:17.247  1635  1775 W BroadcastQueue: Background execution not allowed: receiving Intent { act=android.intent.action.PACKAGE_ADDED dat=package:com.google.location.nearby.apps.connectedcrossroad flg=0x4000010 (has extras) } to com.android.vending/com.google.android.finsky.packagemanager.impl.PackageMonitorReceiverImpl$RegisteredReceiver
04-22 11:45:17.247  1635  1775 W BroadcastQueue: Background execution not allowed: receiving Intent { act=android.intent.action.PACKAGE_ADDED dat=package:com.google.location.nearby.apps.connectedcrossroad flg=0x4000010 (has extras) } to com.google.android.gms/.games.chimera.GamesSystemBroadcastReceiverProxy
04-22 11:45:17.248  1635  1775 W BroadcastQueue: Background execution not allowed: receiving Intent { act=android.intent.action.PACKAGE_ADDED dat=package:com.google.location.nearby.apps.connectedcrossroad flg=0x4000010 (has extras) } to com.google.android.gms/.gass.chimera.PackageChangeBroadcastReceiver
04-22 11:45:17.248  1635  1775 W BroadcastQueue: Background execution not allowed: receiving Intent { act=android.intent.action.PACKAGE_ADDED dat=package:com.google.location.nearby.apps.connectedcrossroad flg=0x4000010 (has extras) } to com.google.android.gms/.chimera.GmsIntentOperationService$PersistentTrustedReceiver
04-22 11:45:17.248  1635  1775 W BroadcastQueue: Background execution not allowed: receiving Intent { act=android.intent.action.PACKAGE_ADDED dat=package:com.google.location.nearby.apps.connectedcrossroad flg=0x4000010 (has extras) } to com.google.android.googlequicksearchbox/com.google.android.apps.gsa.googlequicksearchbox.GelStubAppWatcher
04-22 11:45:17.249  1635  1775 W BroadcastQueue: Background execution not allowed: receiving Intent { act=android.intent.action.PACKAGE_ADDED dat=package:com.google.location.nearby.apps.connectedcrossroad flg=0x4000010 (has extras) } to com.facebook.katana/com.facebook.feed.platformads.AppInstallReceiver
04-22 11:45:17.249  1635  4599 I ActivityTaskManager: START u0 {act=android.intent.action.MAIN cat=[android.intent.category.LAUNCHER] flg=0x10000000 cmp=com.google.location.nearby.apps.connectedcrossroad/nx.aodv.eval.MainActivity} from uid 2000
04-22 11:45:17.264  1635  1635 I Telecom : DefaultDialerCache: Refreshing default dialer for user 0: now com.google.android.dialer: DDC.oR@BbE
04-22 11:45:17.291  1635  1775 W BroadcastQueue: Background execution not allowed: receiving Intent { act=android.intent.action.PACKAGE_ADDED dat=package:com.google.location.nearby.apps.connectedcrossroad flg=0x4000010 (has extras) } to com.jaga.ibraceletplus.smartwristband3/com.yc.pedometer.keepalive.KeepAliveReceiver
04-22 11:45:17.293  1635  1775 W BroadcastQueue: Background execution not allowed: receiving Intent { act=android.intent.action.PACKAGE_ADDED dat=package:com.google.location.nearby.apps.connectedcrossroad flg=0x4000010 (has extras) } to com.microsoft.appmanager/.receiver.InstallUninstallReceiver
04-22 11:45:17.293  1635  1775 W BroadcastQueue: Background execution not allowed: receiving Intent { act=android.intent.action.PACKAGE_ADDED dat=package:com.google.location.nearby.apps.connectedcrossroad flg=0x4000010 (has extras) } to com.microsoft.appmanager/com.microsoft.mmx.continuity.receiver.InstallUninstallReceiver
04-22 11:45:17.293  1635  1775 W BroadcastQueue: Background execution not allowed: receiving Intent { act=android.intent.action.PACKAGE_ADDED dat=package:com.google.location.nearby.apps.connectedcrossroad flg=0x4000010 (has extras) } to com.microsoft.emmx/com.microsoft.mmx.continuity.receiver.InstallUninstallReceiver
04-22 11:45:17.297  1635  1756 D CompatibilityChangeReporter: Compat change id reported: 135634846; UID 10333; state: DISABLED
04-22 11:45:17.297  1635  1776 D CompatibilityChangeReporter: Compat change id reported: 143937733; UID 10333; state: DISABLED
