04-22 11:56:37.690 22073  6656 E NearbyConnections: EndpointManager failed to find EndpointChannel over which to write DATA at offset 612 of Payload -9007404025457505713 to endpoint T8u1 [CONTEXT service_id=54 ]
04-22 11:56:37.690  2946  2946 I ConversationToQueryExtension: ConversationToQueryExtension.isEnabledForHostApp():254 Conv2Query not enabled due to current app [com.google.location.nearby.apps.connectedcrossroad] not in whitelist
04-22 11:56:37.690 22073  6656 E NearbyConnections: EndpointManager failed to find EndpointChannel over which to write DATA at offset 612 of Payload -9007404025457505713 to endpoint T8u1 [CONTEXT service_id=54 ]
04-22 11:56:37.690  2946  2946 I ConversationToQueryExtension: ConversationToQueryExtension.onActivate():165 onActivate() : Disabled by unsupported host app
04-22 11:56:37.691 22073  6656 E NearbyConnections: EndpointManager failed to find EndpointChannel over which to write DATA at offset 612 of Payload -9007404025457505713 to endpoint T8u1 [CONTEXT service_id=54 ]
04-22 11:56:37.691  1743  1766 I WindowManager:   SURFACE show Surface(name=PopupWindow:4999906)/@0x7da2820 on display:0: PopupWindow:4999906
04-22 11:56:37.691 22073  6656 E NearbyConnections: EndpointManager failed to find EndpointChannel over which to write DATA at offset 612 of Payload -9007404025457505713 to endpoint T8u1 [CONTEXT service_id=54 ]
04-22 11:56:37.692  2946  2946 I CurrentMicStatusHolder: CurrentMicStatusHolder.onStartInputView():85 Current Mic status = {MicIconHidden-PasswordOrNumberOrDateInputType,}
04-22 11:56:37.692 22073  6656 E NearbyConnections: EndpointManager failed to find EndpointChannel over which to write DATA at offset 612 of Payload -9007404025457505713 to endpoint T8u1 [CONTEXT service_id=54 ]
04-22 11:56:37.700 22073  6656 I chatty  : uid=10156(com.google.android.gms) highpool[332] identical 20 lines
04-22 11:56:37.701 22073  6656 E NearbyConnections: EndpointManager failed to find EndpointChannel over which to write DATA at offset 612 of Payload -9007404025457505713 to endpoint T8u1 [CONTEXT service_id=54 ]
04-22 11:56:37.701 24895 24895 D BoundBrokerSvc: onBind: Intent { act=com.google.android.gms.common.BIND_SHARED_PREFS pkg=com.google.android.gms }
04-22 11:56:37.701 24895 24895 D BoundBrokerSvc: Loading bound service for intent: Intent { act=com.google.android.gms.common.BIND_SHARED_PREFS pkg=com.google.android.gms }
04-22 11:56:37.701 22073  6656 E NearbyConnections: EndpointManager failed to find EndpointChannel over which to write DATA at offset 612 of Payload -9007404025457505713 to endpoint T8u1 [CONTEXT service_id=54 ]
04-22 11:56:37.703 22073  6656 I chatty  : uid=10156(com.google.android.gms) highpool[332] identical 4 lines
04-22 11:56:37.704 22073  6656 E NearbyConnections: EndpointManager failed to find EndpointChannel over which to write DATA at offset 612 of Payload -9007404025457505713 to endpoint T8u1 [CONTEXT service_id=54 ]
04-22 11:56:37.704  2290  2348 D bt_btif_config: btif_get_device_type: Device [61:1c:5e:43:12:38] type 2
04-22 11:56:37.704 22073  6656 E NearbyConnections: EndpointManager failed to find EndpointChannel over which to write DATA at offset 612 of Payload -9007404025457505713 to endpoint T8u1 [CONTEXT service_id=54 ]
04-22 11:56:37.706 22073  6656 I chatty  : uid=10156(com.google.android.gms) highpool[332] identical 6 lines
04-22 11:56:37.706 22073  6656 E NearbyConnections: EndpointManager failed to find EndpointChannel over which to write DATA at offset 612 of Payload -9007404025457505713 to endpoint T8u1 [CONTEXT service_id=54 ]
04-22 11:56:37.706 24895 24895 D BoundBrokerSvc: onUnbind: Intent { act=com.google.android.gms.common.BIND_SHARED_PREFS pkg=com.google.android.gms }
04-22 11:56:37.706 22073  6656 E NearbyConnections: EndpointManager failed to find EndpointChannel over which to write DATA at offset 612 of Payload -9007404025457505713 to endpoint T8u1 [CONTEXT service_id=54 ]
04-22 11:56:37.711 22073  6656 I chatty  : uid=10156(com.google.android.gms) highpool[332] identical 11 lines
04-22 11:56:37.711 22073  6656 E NearbyConnections: EndpointManager failed to find EndpointChannel over which to write DATA at offset 612 of Payload -9007404025457505713 to endpoint T8u1 [CONTEXT service_id=54 ]
04-22 11:56:37.712 24895 24895 D BoundBrokerSvc: onBind: Intent { act=com.google.android.gms.common.BIND_SHARED_PREFS pkg=com.google.android.gms }
04-22 11:56:37.712 24895 24895 D BoundBrokerSvc: Loading bound service for intent: Intent { act=com.google.android.gms.common.BIND_SHARED_PREFS pkg=com.google.android.gms }
04-22 11:56:37.712 22073  6656 E NearbyConnections: EndpointManager failed to find EndpointChannel over which to write DATA at offset 612 of Payload -9007404025457505713 to endpoint T8u1 [CONTEXT service_id=54 ]
04-22 11:56:37.712 22073  6656 I chatty  : uid=10156(com.google.android.gms) highpool[332] identical 2 lines
04-22 11:56:37.713 22073  6656 E NearbyConnections: EndpointManager failed to find EndpointChannel over which to write DATA at offset 612 of Payload -9007404025457505713 to endpoint T8u1 [CONTEXT service_id=54 ]
04-22 11:56:37.713 22073 15577 I NearbyMediums: Received advertisement header BleAdvertisementHeader { version=2, numSlots=5, serviceIdBloomFilter=[ 0x00 0x22 0x00 0x01 0x21 0x20 0x08 0x00 0x10 0x04 ], advertisementHash=[ 0x6c 0x86 0xaf 0x02 ], psm=0}. Will retry reading its GATT advertisement. [CONTEXT service_id=54 ]
04-22 11:56:37.713 22073  6656 E NearbyConnections: EndpointManager failed to find EndpointChannel over which to write DATA at offset 612 of Payload -9007404025457505713 to endpoint T8u1 [CONTEXT service_id=54 ]
04-22 11:56:37.713 22073  6656 I chatty  : uid=10156(com.google.android.gms) highpool[332] identical 1 line
04-22 11:56:37.714 22073  6656 E NearbyConnections: EndpointManager failed to find EndpointChannel over which to write DATA at offset 612 of Payload -9007404025457505713 to endpoint T8u1 [CONTEXT service_id=54 ]
04-22 11:56:37.714 22073 15577 D BluetoothAdapter: isLeEnabled(): ON
04-22 11:56:37.714 22073  6656 E NearbyConnections: EndpointManager failed to find EndpointChannel over which to write DATA at offset 612 of Payload -9007404025457505713 to endpoint T8u1 [CONTEXT service_id=54 ]
04-22 11:56:37.714 24895 24895 D BoundBrokerSvc: onUnbind: Intent { act=com.google.android.gms.common.BIND_SHARED_PREFS pkg=com.google.android.gms }
04-22 11:56:37.714  2290  2737 D BtGatt.GattService: stopScan() - queue size =3
04-22 11:56:37.715 22073  6656 E NearbyConnections: EndpointManager failed to find EndpointChannel over which to write DATA at offset 612 of Payload -9007404025457505713 to endpoint T8u1 [CONTEXT service_id=54 ]
04-22 11:56:37.715 22073  6656 E NearbyConnections: EndpointManager failed to find EndpointChannel over which to write DATA at offset 612 of Payload -9007404025457505713 to endpoint T8u1 [CONTEXT service_id=54 ]
04-22 11:56:37.715  2290  2575 I BtGatt.ScanManager: msg.what = 1
04-22 11:56:37.715 22073  6656 E NearbyConnections: EndpointManager failed to find EndpointChannel over which to write DATA at offset 612 of Payload -9007404025457505713 to endpoint T8u1 [CONTEXT service_id=54 ]
04-22 11:56:37.716  2290  2737 D BtGatt.GattService: unregisterScanner() - scannerId=5
04-22 11:56:37.716 22073  6656 E NearbyConnections: EndpointManager failed to find EndpointChannel over which to write DATA at offset 612 of Payload -9007404025457505713 to endpoint T8u1 [CONTEXT service_id=54 ]
04-22 11:56:37.716 22073  6656 E NearbyConnections: EndpointManager failed to find EndpointChannel over which to write DATA at offset 612 of Payload -9007404025457505713 to endpoint T8u1 [CONTEXT service_id=54 ]
04-22 11:56:37.716 22073 15577 I Nearby  : M hardware scan: 5 filters, scanMode= -1, callback type= 1, workSource = WorkSource{10156 com.google.android.gms} [CONTEXT service_id=49 ]
04-22 11:56:37.717 22073  6656 E NearbyConnections: EndpointManager failed to find EndpointChannel over which to write DATA at offset 612 of Payload -9007404025457505713 to endpoint T8u1 [CONTEXT service_id=54 ]
04-22 11:56:37.717 22073 15577 D BluetoothAdapter: isLeEnabled(): ON
04-22 11:56:37.717 22073  6656 E NearbyConnections: EndpointManager failed to find EndpointChannel over which to write DATA at offset 612 of Payload -9007404025457505713 to endpoint T8u1 [CONTEXT service_id=54 ]
04-22 11:56:37.718 22073  6656 I chatty  : uid=10156(com.google.android.gms) highpool[332] identical 2 lines
04-22 11:56:37.718 22073  6656 E NearbyConnections: EndpointManager failed to find EndpointChannel over which to write DATA at offset 612 of Payload -9007404025457505713 to endpoint T8u1 [CONTEXT service_id=54 ]
04-22 11:56:37.718  2290  2307 D BtGatt.GattService: registerScanner() - UUID=97ed4349-121f-4629-adc4-274ada409618
04-22 11:56:37.718 22073  6656 E NearbyConnections: EndpointManager failed to find EndpointChannel over which to write DATA at offset 612 of Payload -9007404025457505713 to endpoint T8u1 [CONTEXT service_id=54 ]
04-22 11:56:37.718 22073  6656 I chatty  : uid=10156(com.google.android.gms) highpool[332] identical 1 line
04-22 11:56:37.719 22073  6656 E NearbyConnections: EndpointManager failed to find EndpointChannel over which to write DATA at offset 612 of Payload -9007404025457505713 to endpoint T8u1 [CONTEXT service_id=54 ]
04-22 11:56:37.719  2290  2603 I bt_stack: [INFO:gatt_api.cc(950)] GATT_Register 9e382f15-6864-9dae-d11e-a7d57912237b
04-22 11:56:37.719  2290  2603 I bt_stack: [INFO:gatt_api.cc(970)] allocated gatt_if=5
04-22 11:56:37.719 22073  6656 E NearbyConnections: EndpointManager failed to find EndpointChannel over which to write DATA at offset 612 of Payload -9007404025457505713 to endpoint T8u1 [CONTEXT service_id=54 ]
04-22 11:56:37.719 22073  6656 E NearbyConnections: EndpointManager failed to find EndpointChannel over which to write DATA at offset 612 of Payload -9007404025457505713 to endpoint T8u1 [CONTEXT service_id=54 ]
04-22 11:56:37.719  2290  2348 D BtGatt.GattService: onScannerRegistered() - UUID=97ed4349-121f-4629-adc4-274ada409618, scannerId=5, status=0
04-22 11:56:37.719 22073  6656 E NearbyConnections: EndpointManager failed to find EndpointChannel over which to write DATA at offset 612 of Payload -9007404025457505713 to endpoint T8u1 [CONTEXT service_id=54 ]
04-22 11:56:37.720 22073 22101 D BluetoothLeScanner: onScannerRegistered() - status=0 scannerId=5 mScannerId=0
04-22 11:56:37.720  2290  2307 D BtGatt.GattService: start scan with filters. callingPackage: com.google.android.gms
04-22 11:56:37.720 22073  6656 E NearbyConnections: EndpointManager failed to find EndpointChannel over which to write DATA at offset 612 of Payload -9007404025457505713 to endpoint T8u1 [CONTEXT service_id=54 ]
04-22 11:56:37.720 22073  6656 E NearbyConnections: EndpointManager failed to find EndpointChannel over which to write DATA at offset 612 of Payload -9007404025457505713 to endpoint T8u1 [CONTEXT service_id=54 ]
04-22 11:56:37.720  2290  2348 D BtGatt.GattService: onScanFilterParamsConfigured() - clientIf=5, status=0, action=1, availableSpace=10
04-22 11:56:37.720  2290  2348 D BtGatt.ScanManager: callback done for scannerId - 5 status - 0
04-22 11:56:37.720 22073  6656 E NearbyConnections: EndpointManager failed to find EndpointChannel over which to write DATA at offset 612 of Payload -9007404025457505713 to endpoint T8u1 [CONTEXT service_id=54 ]
04-22 11:56:37.722 22073  6656 I chatty  : uid=10156(com.google.android.gms) highpool[332] identical 7 lines
04-22 11:56:37.723 22073  6656 E NearbyConnections: EndpointManager failed to find EndpointChannel over which to write DATA at offset 612 of Payload -9007404025457505713 to endpoint T8u1 [CONTEXT service_id=54 ]
04-22 11:56:37.723  2290  2307 D BluetoothAdapterService: cancelDiscovery
04-22 11:56:37.723 22073  6656 E NearbyConnections: EndpointManager failed to find EndpointChannel over which to write DATA at offset 612 of Payload -9007404025457505713 to endpoint T8u1 [CONTEXT service_id=54 ]
04-22 11:56:37.723 22073  6656 I chatty  : uid=10156(com.google.android.gms) highpool[332] identical 1 line
04-22 11:56:37.723 22073  6656 E NearbyConnections: EndpointManager failed to find EndpointChannel over which to write DATA at offset 612 of Payload -9007404025457505713 to endpoint T8u1 [CONTEXT service_id=54 ]
04-22 11:56:37.723  2290  2348 D BtGatt.GattService: onScanFilterParamsConfigured() - clientIf=5, status=0, action=1, availableSpace=11
04-22 11:56:37.723  2290  2348 D BtGatt.ScanManager: callback done for scannerId - 5 status - 0
04-22 11:56:37.724 22073  6656 E NearbyConnections: EndpointManager failed to find EndpointChannel over which to write DATA at offset 612 of Payload -9007404025457505713 to endpoint T8u1 [CONTEXT service_id=54 ]
04-22 11:56:37.724 22073 15639 D BluetoothGatt: connect() - device: 61:1C:5E:43:12:38, auto: false
04-22 11:56:37.724 22073 15639 D BluetoothGatt: registerApp()
04-22 11:56:37.724 22073 15639 D BluetoothGatt: registerApp() - UUID=a5279ff0-c7eb-4bf8-a74b-ff8b6753fa62
04-22 11:56:37.724 22073  6656 E NearbyConnections: EndpointManager failed to find EndpointChannel over which to write DATA at offset 612 of Payload -9007404025457505713 to endpoint T8u1 [CONTEXT service_id=54 ]
04-22 11:56:37.724  2290  2307 D BtGatt.GattService: registerClient() - UUID=a5279ff0-c7eb-4bf8-a74b-ff8b6753fa62
04-22 11:56:37.724 22073  6656 E NearbyConnections: EndpointManager failed to find EndpointChannel over which to write DATA at offset 612 of Payload -9007404025457505713 to endpoint T8u1 [CONTEXT service_id=54 ]
04-22 11:56:37.724 22073  6656 E NearbyConnections: EndpointManager failed to find EndpointChannel over which to write DATA at offset 612 of Payload -9007404025457505713 to endpoint T8u1 [CONTEXT service_id=54 ]
04-22 11:56:37.725  2290  2603 I bt_stack: [INFO:gatt_api.cc(950)] GATT_Register 9c3d73b6-e9f5-3352-6d83-9aa95851331a
04-22 11:56:37.725  2290  2603 I bt_stack: [INFO:gatt_api.cc(970)] allocated gatt_if=10
04-22 11:56:37.725 22073  6656 E NearbyConnections: EndpointManager failed to find EndpointChannel over which to write DATA at offset 612 of Payload -9007404025457505713 to endpoint T8u1 [CONTEXT service_id=54 ]
04-22 11:56:37.725  2290  2348 D BtGatt.GattService: onClientRegistered() - UUID=a5279ff0-c7eb-4bf8-a74b-ff8b6753fa62, clientIf=10
04-22 11:56:37.725 22073  6656 E NearbyConnections: EndpointManager failed to find EndpointChannel over which to write DATA at offset 612 of Payload -9007404025457505713 to endpoint T8u1 [CONTEXT service_id=54 ]
04-22 11:56:37.725 22073 22101 D BluetoothGatt: onClientRegistered() - status=0 clientIf=10
04-22 11:56:37.725 22073  6656 E NearbyConnections: EndpointManager failed to find EndpointChannel over which to write DATA at offset 612 of Payload -9007404025457505713 to endpoint T8u1 [CONTEXT service_id=54 ]
04-22 11:56:37.726  2290  2307 D BtGatt.GattService: clientConnect() - address=61:1C:5E:43:12:38, isDirect=true, opportunistic=false, phy=1
04-22 11:56:37.726 22073  6656 E NearbyConnections: EndpointManager failed to find EndpointChannel over which to write DATA at offset 612 of Payload -9007404025457505713 to endpoint T8u1 [CONTEXT service_id=54 ]
04-22 11:56:37.726  2290  2348 D bt_btif_config: btif_get_address_type: Device [61:1c:5e:43:12:38] address type 1
04-22 11:56:37.726 22073  6656 E NearbyConnections: EndpointManager failed to find EndpointChannel over which to write DATA at offset 612 of Payload -9007404025457505713 to endpoint T8u1 [CONTEXT service_id=54 ]
04-22 11:56:37.726  2290  2348 D bt_btif_config: btif_get_device_type: Device [61:1c:5e:43:12:38] type 2
04-22 11:56:37.726 22073  6656 E NearbyConnections: EndpointManager failed to find EndpointChannel over which to write DATA at offset 612 of Payload -9007404025457505713 to endpoint T8u1 [CONTEXT service_id=54 ]
04-22 11:56:37.726  2290  2603 I bt_stack: [INFO:gatt_api.cc(1122)] GATT_Connect gatt_if=10, address=61:1c:5e:43:12:38 is_direct 1
04-22 11:56:37.726 22073  6656 E NearbyConnections: EndpointManager failed to find EndpointChannel over which to write DATA at offset 612 of Payload -9007404025457505713 to endpoint T8u1 [CONTEXT service_id=54 ]
04-22 11:56:37.727  2290  2603 I bt_stack: [INFO:btm_ble_bgconn.cc(248)] btm_add_dev_to_controller addig RPA into white list
04-22 11:56:37.727 22073  6656 E NearbyConnections: EndpointManager failed to find EndpointChannel over which to write DATA at offset 612 of Payload -9007404025457505713 to endpoint T8u1 [CONTEXT service_id=54 ]
04-22 11:56:37.733 22073  6656 I chatty  : uid=10156(com.google.android.gms) highpool[332] identical 27 lines
04-22 11:56:37.734 22073  6656 E NearbyConnections: EndpointManager failed to find EndpointChannel over which to write DATA at offset 612 of Payload -9007404025457505713 to endpoint T8u1 [CONTEXT service_id=54 ]
04-22 11:56:37.734  2290  2348 D BtGatt.GattService: onScanFilterParamsConfigured() - clientIf=5, status=0, action=1, availableSpace=12
04-22 11:56:37.734  2290  2348 D BtGatt.ScanManager: callback done for scannerId - 5 status - 0
04-22 11:56:37.734 22073  6656 E NearbyConnections: EndpointManager failed to find EndpointChannel over which to write DATA at offset 612 of Payload -9007404025457505713 to endpoint T8u1 [CONTEXT service_id=54 ]
04-22 11:56:37.741 22073  6656 I chatty  : uid=10156(com.google.android.gms) highpool[332] identical 30 lines
04-22 11:56:37.742 22073  6656 E NearbyConnections: EndpointManager failed to find EndpointChannel over which to write DATA at offset 612 of Payload -9007404025457505713 to endpoint T8u1 [CONTEXT service_id=54 ]
04-22 11:56:37.742  2290  2348 D BtGatt.GattService: onScanFilterParamsConfigured() - clientIf=5, status=0, action=1, availableSpace=14
04-22 11:56:37.742  2290  2348 D BtGatt.ScanManager: callback done for scannerId - 5 status - 0
04-22 11:56:37.742 22073  6656 E NearbyConnections: EndpointManager failed to find EndpointChannel over which to write DATA at offset 612 of Payload -9007404025457505713 to endpoint T8u1 [CONTEXT service_id=54 ]
04-22 11:56:37.745 22073  6656 I chatty  : uid=10156(com.google.android.gms) highpool[332] identical 13 lines
04-22 11:56:37.745 22073  6656 E NearbyConnections: EndpointManager failed to find EndpointChannel over which to write DATA at offset 612 of Payload -9007404025457505713 to endpoint T8u1 [CONTEXT service_id=54 ]
04-22 11:56:37.745  2290  2348 D BtGatt.GattService: onScanFilterParamsConfigured() - clientIf=5, status=0, action=1, availableSpace=15
04-22 11:56:37.746  2290  2348 D BtGatt.ScanManager: callback done for scannerId - 5 status - 0
04-22 11:56:37.746 22073  6656 E NearbyConnections: EndpointManager failed to find EndpointChannel over which to write DATA at offset 612 of Payload -9007404025457505713 to endpoint T8u1 [CONTEXT service_id=54 ]
04-22 11:56:37.746  2290  2575 D BtGatt.ScanManager: configureRegularScanParams() - queue=2
04-22 11:56:37.746  2290  2575 D BtGatt.ScanManager: configureRegularScanParams() - ScanSetting LE 1M Scan mode=1ScanSetting LE Coded Scan mode=1 mLastConfiguredScanSettingLE1M=2 mLastConfiguredScanSettingLECoded=2scanPhy=255
04-22 11:56:37.746 22073  6656 E NearbyConnections: EndpointManager failed to find EndpointChannel over which to write DATA at offset 612 of Payload -9007404025457505713 to endpoint T8u1 [CONTEXT service_id=54 ]
04-22 11:56:37.746  2290  2575 D BtGatt.ScanManager: configureRegularScanParams - scanInterval LE 1M = 4096configureRegularScanParams - scanWindow LE 1M= 818configureRegularScanParams - scanInterval LE Coded= 4096configureRegularScanParams - scanWindow LE Coded= 818
04-22 11:56:37.746  2290  2575 I BtGatt.ScanManager: msg.what = 0
04-22 11:56:37.746 22073  6656 E NearbyConnections: EndpointManager failed to find EndpointChannel over which to write DATA at offset 612 of Payload -9007404025457505713 to endpoint T8u1 [CONTEXT service_id=54 ]
04-22 11:56:37.746 22073  6656 I chatty  : uid=10156(com.google.android.gms) highpool[332] identical 1 line
04-22 11:56:37.747 22073  6656 E NearbyConnections: EndpointManager failed to find EndpointChannel over which to write DATA at offset 612 of Payload -9007404025457505713 to endpoint T8u1 [CONTEXT service_id=54 ]
