04-22 11:25:05.378  1635  6941 I ActivityTaskManager: START u0 {act=android.intent.action.MAIN cat=[android.intent.category.LAUNCHER] flg=0x10000000 cmp=com.google.location.nearby.apps.connectedcrossroad/nx.aodv.eval.MainActivity} from uid 2000
04-22 11:25:05.419  1635  1635 W Looper  : Slow dispatch took 122ms main h=android.app.ActivityThread$H c=android.app.-$$Lambda$LoadedApk$ReceiverDispatcher$Args$_BumDX2UKsnxLVrE6UJsJZkotuA@f2477ad m=0
04-22 11:25:05.440  1635  1775 W BroadcastQueue: Background execution not allowed: receiving Intent { act=android.intent.action.PACKAGE_ADDED dat=package:com.google.location.nearby.apps.connectedcrossroad flg=0x4000010 (has extras) } to com.android.vending/com.google.android.finsky.packagemanager.impl.PackageMonitorReceiverImpl$RegisteredReceiver
04-22 11:25:05.454  1635  1775 W BroadcastQueue: Background execution not allowed: receiving Intent { act=android.intent.action.PACKAGE_ADDED dat=package:com.google.location.nearby.apps.connectedcrossroad flg=0x4000010 (has extras) } to com.google.android.gms/.games.chimera.GamesSystemBroadcastReceiverProxy
04-22 11:25:05.455  1635  1775 W BroadcastQueue: Background execution not allowed: receiving Intent { act=android.intent.action.PACKAGE_ADDED dat=package:com.google.location.nearby.apps.connectedcrossroad flg=0x4000010 (has extras) } to com.google.android.gms/.gass.chimera.PackageChangeBroadcastReceiver
04-22 11:25:05.455  1635  1775 W BroadcastQueue: Background execution not allowed: receiving Intent { act=android.intent.action.PACKAGE_ADDED dat=package:com.google.location.nearby.apps.connectedcrossroad flg=0x4000010 (has extras) } to com.google.android.gms/.chimera.GmsIntentOperationService$PersistentTrustedReceiver
04-22 11:25:05.457  1635  1775 W BroadcastQueue: Background execution not allowed: receiving Intent { act=android.intent.action.PACKAGE_ADDED dat=package:com.google.location.nearby.apps.connectedcrossroad flg=0x4000010 (has extras) } to com.google.android.googlequicksearchbox/com.google.android.apps.gsa.googlequicksearchbox.GelStubAppWatcher
04-22 11:25:05.457  1635  1775 W BroadcastQueue: Background execution not allowed: receiving Intent { act=android.intent.action.PACKAGE_ADDED dat=package:com.google.location.nearby.apps.connectedcrossroad flg=0x4000010 (has extras) } to com.facebook.katana/com.facebook.feed.platformads.AppInstallReceiver
04-22 11:25:05.463  1635  1756 D CompatibilityChangeReporter: Compat change id reported: 135634846; UID 10333; state: DISABLED
04-22 11:25:05.464  1635  1776 D CompatibilityChangeReporter: Compat change id reported: 143937733; UID 10333; state: DISABLED
04-22 11:25:05.472  1635  1775 W BroadcastQueue: Background execution not allowed: receiving Intent { act=android.intent.action.PACKAGE_ADDED dat=package:com.google.location.nearby.apps.connectedcrossroad flg=0x4000010 (has extras) } to com.jaga.ibraceletplus.smartwristband3/com.yc.pedometer.keepalive.KeepAliveReceiver
04-22 11:25:05.474  1635  1775 W BroadcastQueue: Background execution not allowed: receiving Intent { act=android.intent.action.PACKAGE_ADDED dat=package:com.google.location.nearby.apps.connectedcrossroad flg=0x4000010 (has extras) } to com.microsoft.appmanager/.receiver.InstallUninstallReceiver
04-22 11:25:05.474  1635  1775 W BroadcastQueue: Background execution not allowed: receiving Intent { act=android.intent.action.PACKAGE_ADDED dat=package:com.google.location.nearby.apps.connectedcrossroad flg=0x4000010 (has extras) } to com.microsoft.appmanager/com.microsoft.mmx.continuity.receiver.InstallUninstallReceiver
04-22 11:25:05.474  1635  1775 W BroadcastQueue: Background execution not allowed: receiving Intent { act=android.intent.action.PACKAGE_ADDED dat=package:com.google.location.nearby.apps.connectedcrossroad flg=0x4000010 (has extras) } to com.microsoft.emmx/com.microsoft.mmx.continuity.receiver.InstallUninstallReceiver
04-22 11:25:05.513  1635  1776 W ActivityManager: Slow operation: 54ms so far, now at startProcess: returned from zygote!
04-22 11:25:05.516  1635  1776 W ActivityManager: Slow operation: 57ms so far, now at startProcess: done updating battery stats
04-22 11:25:05.517  1635  1776 W ActivityManager: Slow operation: 58ms so far, now at startProcess: building log message
04-22 11:25:05.517  1635  1776 I ActivityManager: Start proc 19545:com.google.location.nearby.apps.connectedcrossroad/u0a333 for pre-top-activity {com.google.location.nearby.apps.connectedcrossroad/nx.aodv.eval.MainActivity}
04-22 11:25:05.517  1635  1776 W ActivityManager: Slow operation: 58ms so far, now at startProcess: starting to update pids map
04-22 11:25:05.519  1635  1776 W ActivityManager: Slow operation: 60ms so far, now at startProcess: done updating pids map
04-22 11:25:05.567  1635  1752 W Looper  : Slow dispatch took 102ms android.fg h=android.os.Handler c=<recycled PooledLambda@b5781da> m=0
04-22 11:25:05.611  1635  1752 W Looper  : Slow delivery took 206ms android.fg h=android.os.Handler c=<recycled PooledLambda@9131896> m=0
04-22 11:25:05.662  1635  1635 W Looper  : Slow dispatch took 238ms main h=android.app.ActivityThread$H c=android.app.-$$Lambda$LoadedApk$ReceiverDispatcher$Args$_BumDX2UKsnxLVrE6UJsJZkotuA@f405e42 m=0
04-22 11:25:05.673  1635  1635 W Looper  : Slow delivery took 358ms main h=android.app.ActivityThread$H c=android.app.-$$Lambda$LoadedApk$ReceiverDispatcher$Args$_BumDX2UKsnxLVrE6UJsJZkotuA@85d0f9f m=0
04-22 11:25:05.674  1635  1635 I Telecom : DefaultDialerCache: Refreshing default dialer for user 0: now com.google.android.dialer: DDC.oR@BYw
04-22 11:25:05.725  1635  1752 W Looper  : Slow dispatch took 114ms android.fg h=android.os.Handler c=<recycled PooledLambda@891ef04> m=0
04-22 11:25:05.727  1635  1635 V BackupManagerConstants: getFullBackupIntervalMilliseconds(...) returns 86400000
04-22 11:25:05.727  1635  1635 V BackupManagerConstants: getFullBackupRequiredNetworkType(...) returns 2
04-22 11:25:05.727  1635  1635 V BackupManagerConstants: getFullBackupRequireCharging(...) returns true
04-22 11:25:05.810  1635  1635 W Looper  : Drained
04-22 11:25:05.905  1635  1752 W Looper  : Slow dispatch took 180ms android.fg h=android.os.Handler c=<recycled PooledLambda@3d02332> m=0
04-22 11:25:05.938  1635  8900 W BroadcastQueue: Background execution not allowed: receiving Intent { act=android.intent.action.PACKAGE_REPLACED dat=package:com.google.location.nearby.apps.connectedcrossroad flg=0x4000010 (has extras) } to com.google.android.gms/.gass.chimera.PackageChangeBroadcastReceiver
04-22 11:25:05.945  1635  1775 W BroadcastQueue: Background execution not allowed: receiving Intent { act=android.intent.action.PACKAGE_REPLACED dat=package:com.google.location.nearby.apps.connectedcrossroad flg=0x4000010 (has extras) } to com.google.android.gms/.chimera.GmsIntentOperationService$PersistentTrustedReceiver
04-22 11:25:05.946  1635  1775 W BroadcastQueue: Background execution not allowed: receiving Intent { act=android.intent.action.PACKAGE_REPLACED dat=package:com.google.location.nearby.apps.connectedcrossroad flg=0x4000010 (has extras) } to com.google.android.googlequicksearchbox/com.google.android.apps.gsa.googlequicksearchbox.GelStubAppWatcher
04-22 11:25:05.946  1635  1775 W BroadcastQueue: Background execution not allowed: receiving Intent { act=android.intent.action.PACKAGE_REPLACED dat=package:com.google.location.nearby.apps.connectedcrossroad flg=0x4000010 (has extras) } to com.infonow.bofa/com.bofa.ecom.marvel.application.BofaPackageUpdateReceiver
04-22 11:25:05.946  1635  1775 W BroadcastQueue: Background execution not allowed: receiving Intent { act=android.intent.action.PACKAGE_REPLACED dat=package:com.google.location.nearby.apps.connectedcrossroad flg=0x4000010 (has extras) } to com.microsoft.appmanager/com.microsoft.mmx.continuity.receiver.InstallUninstallReceiver
04-22 11:25:05.947  1635  1775 W BroadcastQueue: Background execution not allowed: receiving Intent { act=android.intent.action.PACKAGE_REPLACED dat=package:com.google.location.nearby.apps.connectedcrossroad flg=0x4000010 (has extras) } to com.microsoft.emmx/com.microsoft.mmx.continuity.receiver.InstallUninstallReceiver
04-22 11:25:05.947  1635  2884 W NetworkPolicy: shared quota unsupported; generating rule for each iface
04-22 11:25:05.948  1635  1775 W BroadcastQueue: Background execution not allowed: receiving Intent { act=android.intent.action.PACKAGE_REPLACED dat=package:com.google.location.nearby.apps.connectedcrossroad flg=0x4000010 (has extras) } to steptracker.healthandfitness.walkingtracker.pedometer/com.drojian.stepcounter.receiver.PedometerReceiver
04-22 11:25:05.948  1635  1775 W BroadcastQueue: Background execution not allowed: receiving Intent { act=android.intent.action.PACKAGE_REPLACED dat=package:com.google.location.nearby.apps.connectedcrossroad flg=0x4000010 (has extras) } to steptracker.healthandfitness.walkingtracker.pedometer/com.drojian.servicekeeper.receiver.BootReceiver
04-22 11:25:06.284  1635  1752 W Looper  : Slow dispatch took 117ms android.fg h=android.os.Handler c=<recycled PooledLambda@98fe7c9> m=0
04-22 11:25:06.479  1635  3048 D CompatibilityChangeReporter: Compat change id reported: 136274596; UID 10333; state: DISABLED
04-22 11:25:06.529  1635  1752 W Looper  : Slow dispatch took 107ms android.fg h=android.os.Handler c=<recycled PooledLambda@e2ff834> m=0
04-22 11:25:06.631  1635  2884 W NetworkPolicy: shared quota unsupported; generating rule for each iface
04-22 11:25:07.031  1635  1752 W Looper  : Drained
04-22 11:25:07.098  1635  2884 W NetworkPolicy: shared quota unsupported; generating rule for each iface
04-22 11:25:07.312  1635  2884 I chatty  : uid=1000(system) NetworkPolicy identical 1 line
04-22 11:25:07.366  1635  2884 W NetworkPolicy: shared quota unsupported; generating rule for each iface
04-22 11:25:07.595  1635  2891 D ConnectivityService: NetReassign [no changes]
04-22 11:25:07.785  1635  2884 W NetworkPolicy: shared quota unsupported; generating rule for each iface
04-22 11:25:07.900  1635  4930 E SystemServiceRegistry: Manager wrapper not available: face
04-22 11:25:07.902  1635  1775 I DropBoxManagerService: add tag=system_server_wtf isTagEnabled=true flags=0x2
04-22 11:25:07.992  1635  8900 W SettingsStatsUtil: Can not parse value to float: gps,network
04-22 11:25:09.910  1635  1775 W BroadcastQueue: Background execution not allowed: receiving Intent { act=android.intent.action.DROPBOX_ENTRY_ADDED flg=0x10 (has extras) } to com.google.android.gms/.stats.service.DropBoxEntryAddedReceiver
04-22 11:25:09.911  1635  1775 W BroadcastQueue: Background execution not allowed: receiving Intent { act=android.intent.action.DROPBOX_ENTRY_ADDED flg=0x10 (has extras) } to com.google.android.gms/.chimera.GmsIntentOperationService$PersistentTrustedReceiver
04-22 11:25:10.020  1635  4930 I DropBoxManagerService: add tag=platform_stats_bookmark isTagEnabled=true flags=0x2
04-22 11:25:10.029  1635  1775 W BroadcastQueue: Background execution not allowed: receiving Intent { act=android.intent.action.DROPBOX_ENTRY_ADDED flg=0x10 (has extras) } to com.google.android.gms/.stats.service.DropBoxEntryAddedReceiver
04-22 11:25:10.029  1635  1775 W BroadcastQueue: Background execution not allowed: receiving Intent { act=android.intent.action.DROPBOX_ENTRY_ADDED flg=0x10 (has extras) } to com.google.android.gms/.chimera.GmsIntentOperationService$PersistentTrustedReceiver
04-22 11:25:10.478  1635  1862 V DisplayPowerController: Brightness [0.15642793] reason changing to: 'automatic', previous reason: 'automatic [ dim ]'.
04-22 11:25:10.605  1635  2891 D ConnectivityService: NetReassign [no changes]
04-22 11:25:12.008  1635  1635 D BluetoothManagerService: Bluetooth Adapter name changed to IjVVTXNbye0AAAAAAAAAATE
04-22 11:25:12.009  1635  1635 D BluetoothManagerService: Stored Bluetooth name: IjVVTXNbye0AAAAAAAAAATE
04-22 11:25:12.347  1635  2893 D NsdService: Register service
04-22 11:25:12.347  1635  2893 D NsdService: registerService: 20 name: IjVVTXNbye0AAA, type: _5BC9ED5E6C75._tcp, host: null, port: 38311, txtRecord: n=MQIPv4=192.168.1.17
04-22 11:25:12.347  1635  2893 D NsdService: mdnssd [register, 20, IjVVTXNbye0AAA, _5BC9ED5E6C75._tcp, 38311, BG49TVERSVB2ND0xOTIuMTY4LjEuMTc=]
04-22 11:25:12.349  1635  2893 D NsdService: Register 20 20
04-22 11:25:13.059  1635  2893 D NsdService: Native daemon message SERVICE_REGISTERED: 606 20 "IjVVTXNbye0AAA"
04-22 11:25:13.066  1635  4930 E AppOps  : attributionTag com.google.android.gms.nearby not declared in manifest of com.google.location.nearby.apps.connectedcrossroad
04-22 11:25:13.615  1635  2891 D ConnectivityService: NetReassign [no changes]
04-22 11:25:16.633  1635  2891 D ConnectivityService: NetReassign [no changes]
04-22 11:25:17.817  1635  2884 W NetworkPolicy: shared quota unsupported; generating rule for each iface
04-22 11:25:19.651  1635  2891 D ConnectivityService: NetReassign [no changes]
04-22 11:25:20.522  1635  2891 D Nat464Xlat: clatd running, updating NAI for v4-rmnet_data2
04-22 11:25:22.669  1635  2891 D ConnectivityService: NetReassign [no changes]
04-22 11:25:49.888  1635  2891 I chatty  : uid=1000(system) ConnectivitySer identical 9 lines
04-22 11:25:52.914  1635  2891 D ConnectivityService: NetReassign [no changes]
04-22 11:25:54.599  1635  1775 I ActivityManager: Waited long enough for: ServiceRecord{b223626 u0 com.google.android.googlequicksearchbox/com.google.android.apps.gsa.shared.util.keepalive.StandaloneKeepAlive$KeepAliveService}
04-22 11:25:55.943  1635  2891 D ConnectivityService: NetReassign [no changes]
04-22 11:26:17.097  1635  2891 I chatty  : uid=1000(system) ConnectivitySer identical 7 lines
04-22 11:26:20.122  1635  2891 D ConnectivityService: NetReassign [no changes]
04-22 11:26:21.944  1635  4930 I ActivityManager: Force stopping com.google.location.nearby.apps.connectedcrossroad appid=10333 user=0: from pid 19797
04-22 11:26:21.945  1635  4930 I ActivityManager: Killing 19545:com.google.location.nearby.apps.connectedcrossroad/u0a333 (adj 0): stop com.google.location.nearby.apps.connectedcrossroad due to from pid 19797
04-22 11:26:21.949  1635  4930 W ActivityTaskManager: Force removing ActivityRecord{57c3de6 u0 com.google.location.nearby.apps.connectedcrossroad/nx.aodv.eval.MainActivity t8098 f}}: app died, no saved state
04-22 11:26:21.991  1635  1775 W BroadcastQueue: Background execution not allowed: receiving Intent { act=android.intent.action.PACKAGE_RESTARTED dat=package:com.google.location.nearby.apps.connectedcrossroad flg=0x10 (has extras) } to steptracker.healthandfitness.walkingtracker.pedometer/com.drojian.stepcounter.receiver.PedometerReceiver
04-22 11:26:21.991  1635  1775 W BroadcastQueue: Background execution not allowed: receiving Intent { act=android.intent.action.PACKAGE_RESTARTED dat=package:com.google.location.nearby.apps.connectedcrossroad flg=0x10 (has extras) } to steptracker.healthandfitness.walkingtracker.pedometer/com.drojian.servicekeeper.receiver.BootReceiver
04-22 11:26:21.995  1635  1712 D AutofillSession: handling death of Token{427c29d ActivityRecord{57c3de6 u0 com.google.location.nearby.apps.connectedcrossroad/nx.aodv.eval.MainActivity t-1 f}}} when saving=false
04-22 11:26:22.026  1635  1756 W ActivityManager: setHasOverlayUi called on unknown pid: 19545
04-22 11:26:23.145  1635  2891 D ConnectivityService: NetReassign [no changes]
04-22 11:26:24.415  1635  2893 D NsdService: unregister service
04-22 11:26:24.415  1635  2893 D NsdService: mdnssd [stop-register, 20]
04-22 11:26:24.425  1635  1635 D BluetoothManagerService: Bluetooth Adapter name changed to Pixel 3a XL
04-22 11:26:24.426  1635  1635 D BluetoothManagerService: Stored Bluetooth name: Pixel 3a XL
04-22 11:26:26.171  1635  2891 D ConnectivityService: NetReassign [no changes]
04-22 11:26:50.417  1635  2891 I chatty  : uid=1000(system) ConnectivitySer identical 8 lines
04-22 11:26:53.446  1635  2891 D ConnectivityService: NetReassign [no changes]
04-22 11:26:54.596  1635  4612 W ActivityManager: Foreground service started from background can not have location/camera/microphone access: service steptracker.healthandfitness.walkingtracker.pedometer/com.drojian.stepcounter.service.CounterService
04-22 11:26:54.825  1635  8900 I DropBoxManagerService: add tag=event_data isTagEnabled=true flags=0x2
04-22 11:26:54.832  1635  1775 W BroadcastQueue: Background execution not allowed: receiving Intent { act=android.intent.action.DROPBOX_ENTRY_ADDED flg=0x10 (has extras) } to com.google.android.gms/.stats.service.DropBoxEntryAddedReceiver
04-22 11:26:54.836  1635  1775 W BroadcastQueue: Background execution not allowed: receiving Intent { act=android.intent.action.DROPBOX_ENTRY_ADDED flg=0x10 (has extras) } to com.google.android.gms/.chimera.GmsIntentOperationService$PersistentTrustedReceiver
04-22 11:26:54.857  1635  4612 I DropBoxManagerService: add tag=dumpsys:account isTagEnabled=true flags=0x2
04-22 11:26:54.861  1635  1775 W BroadcastQueue: Background execution not allowed: receiving Intent { act=android.intent.action.DROPBOX_ENTRY_ADDED flg=0x10 (has extras) } to com.google.android.gms/.stats.service.DropBoxEntryAddedReceiver
04-22 11:26:54.865  1635  1775 W BroadcastQueue: Background execution not allowed: receiving Intent { act=android.intent.action.DROPBOX_ENTRY_ADDED flg=0x10 (has extras) } to com.google.android.gms/.chimera.GmsIntentOperationService$PersistentTrustedReceiver
04-22 11:26:56.492  1635  2891 D ConnectivityService: NetReassign [no changes]
04-22 11:26:59.521  1635  2891 D ConnectivityService: NetReassign [no changes]
04-22 11:27:01.217  1635  1878 I PackageManager: Integrity check passed for file:///data/app/vmdl106224072.tmp
04-22 11:27:01.242  1635  1878 I PackageManager: Update package com.google.location.nearby.apps.connectedcrossroad code path from /data/app/~~NK8oMdC_kj2pq2ky80EEvg==/com.google.location.nearby.apps.connectedcrossroad-wGHX5JFjagtoG-8v42kYAw== to /data/app/~~7jOg2fG_t6zjPTJvqRrxPA==/com.google.location.nearby.apps.connectedcrossroad-4Pd4zN4ghn10TKZ2qLqqzQ==; Retain data and using new
04-22 11:27:01.242  1635  1878 I PackageManager: Update package com.google.location.nearby.apps.connectedcrossroad resource path from /data/app/~~NK8oMdC_kj2pq2ky80EEvg==/com.google.location.nearby.apps.connectedcrossroad-wGHX5JFjagtoG-8v42kYAw== to /data/app/~~7jOg2fG_t6zjPTJvqRrxPA==/com.google.location.nearby.apps.connectedcrossroad-4Pd4zN4ghn10TKZ2qLqqzQ==; Retain data and using new
04-22 11:27:01.257  1635  1878 D CompatibilityChangeReporter: Compat change id reported: 135549675; UID 10333; state: DISABLED
04-22 11:27:01.413  1635  1775 W BroadcastQueue: Background execution not allowed: receiving Intent { act=android.intent.action.PACKAGE_REMOVED dat=package:com.google.location.nearby.apps.connectedcrossroad flg=0x4000010 (has extras) } to com.android.vending/com.google.android.finsky.packagemanager.impl.PackageMonitorReceiverImpl$RegisteredReceiver
04-22 11:27:01.413  1635  1775 W BroadcastQueue: Background execution not allowed: receiving Intent { act=android.intent.action.PACKAGE_REMOVED dat=package:com.google.location.nearby.apps.connectedcrossroad flg=0x4000010 (has extras) } to com.android.vending/com.google.android.finsky.instantapps.appmanagement.InstantAppRemoveMonitor
04-22 11:27:01.413  1635  1775 W BroadcastQueue: Background execution not allowed: receiving Intent { act=android.intent.action.PACKAGE_REMOVED dat=package:com.google.location.nearby.apps.connectedcrossroad flg=0x4000010 (has extras) } to com.google.android.gms/.games.chimera.GamesSystemBroadcastReceiverProxy
04-22 11:27:01.413  1635  1775 W BroadcastQueue: Background execution not allowed: receiving Intent { act=android.intent.action.PACKAGE_REMOVED dat=package:com.google.location.nearby.apps.connectedcrossroad flg=0x4000010 (has extras) } to com.google.android.gms/.chimera.GmsIntentOperationService$PersistentTrustedReceiver
04-22 11:27:01.413  1635  1775 W BroadcastQueue: Background execution not allowed: receiving Intent { act=android.intent.action.PACKAGE_REMOVED dat=package:com.google.location.nearby.apps.connectedcrossroad flg=0x4000010 (has extras) } to com.google.android.googlequicksearchbox/com.google.android.apps.gsa.googlequicksearchbox.GelStubAppWatcher
04-22 11:27:01.413  1635  1775 W BroadcastQueue: Background execution not allowed: receiving Intent { act=android.intent.action.PACKAGE_REMOVED dat=package:com.google.location.nearby.apps.connectedcrossroad flg=0x4000010 (has extras) } to com.facebook.katana/com.facebook.feed.platformads.AppInstallReceiver
04-22 11:27:01.413  1635  1775 W BroadcastQueue: Background execution not allowed: receiving Intent { act=android.intent.action.PACKAGE_REMOVED dat=package:com.google.location.nearby.apps.connectedcrossroad flg=0x4000010 (has extras) } to com.jaga.ibraceletplus.smartwristband3/com.yc.pedometer.keepalive.KeepAliveReceiver
04-22 11:27:01.413  1635  1775 W BroadcastQueue: Background execution not allowed: receiving Intent { act=android.intent.action.PACKAGE_REMOVED dat=package:com.google.location.nearby.apps.connectedcrossroad flg=0x4000010 (has extras) } to com.microsoft.appmanager/.receiver.InstallUninstallReceiver
04-22 11:27:01.413  1635  1775 W BroadcastQueue: Background execution not allowed: receiving Intent { act=android.intent.action.PACKAGE_REMOVED dat=package:com.google.location.nearby.apps.connectedcrossroad flg=0x4000010 (has extras) } to com.microsoft.appmanager/com.microsoft.mmx.continuity.receiver.InstallUninstallReceiver
04-22 11:27:01.413  1635  1775 W BroadcastQueue: Background execution not allowed: receiving Intent { act=android.intent.action.PACKAGE_REMOVED dat=package:com.google.location.nearby.apps.connectedcrossroad flg=0x4000010 (has extras) } to com.microsoft.emmx/com.microsoft.mmx.continuity.receiver.InstallUninstallReceiver
04-22 11:27:01.450  1635  1775 W BroadcastQueue: Background execution not allowed: receiving Intent { act=android.intent.action.PACKAGE_ADDED dat=package:com.google.location.nearby.apps.connectedcrossroad flg=0x4000010 (has extras) } to com.google.android.packageinstaller/com.android.packageinstaller.PackageInstalledReceiver
04-22 11:27:01.451  1635  1775 W BroadcastQueue: Background execution not allowed: receiving Intent { act=android.intent.action.PACKAGE_ADDED dat=package:com.google.location.nearby.apps.connectedcrossroad flg=0x4000010 (has extras) } to com.android.vending/com.google.android.finsky.packagemanager.impl.PackageMonitorReceiverImpl$RegisteredReceiver
04-22 11:27:01.451  1635  1775 W BroadcastQueue: Background execution not allowed: receiving Intent { act=android.intent.action.PACKAGE_ADDED dat=package:com.google.location.nearby.apps.connectedcrossroad flg=0x4000010 (has extras) } to com.google.android.gms/.games.chimera.GamesSystemBroadcastReceiverProxy
04-22 11:27:01.451  1635  1775 W BroadcastQueue: Background execution not allowed: receiving Intent { act=android.intent.action.PACKAGE_ADDED dat=package:com.google.location.nearby.apps.connectedcrossroad flg=0x4000010 (has extras) } to com.google.android.gms/.gass.chimera.PackageChangeBroadcastReceiver
04-22 11:27:01.451  1635  1775 W BroadcastQueue: Background execution not allowed: receiving Intent { act=android.intent.action.PACKAGE_ADDED dat=package:com.google.location.nearby.apps.connectedcrossroad flg=0x4000010 (has extras) } to com.google.android.gms/.chimera.GmsIntentOperationService$PersistentTrustedReceiver
04-22 11:27:01.451  1635  1775 W BroadcastQueue: Background execution not allowed: receiving Intent { act=android.intent.action.PACKAGE_ADDED dat=package:com.google.location.nearby.apps.connectedcrossroad flg=0x4000010 (has extras) } to com.google.android.googlequicksearchbox/com.google.android.apps.gsa.googlequicksearchbox.GelStubAppWatcher
04-22 11:27:01.451  1635  1775 W BroadcastQueue: Background execution not allowed: receiving Intent { act=android.intent.action.PACKAGE_ADDED dat=package:com.google.location.nearby.apps.connectedcrossroad flg=0x4000010 (has extras) } to com.facebook.katana/com.facebook.feed.platformads.AppInstallReceiver
04-22 11:27:01.451  1635  1775 W BroadcastQueue: Background execution not allowed: receiving Intent { act=android.intent.action.PACKAGE_ADDED dat=package:com.google.location.nearby.apps.connectedcrossroad flg=0x4000010 (has extras) } to com.jaga.ibraceletplus.smartwristband3/com.yc.pedometer.keepalive.KeepAliveReceiver
04-22 11:27:01.451  1635  1775 W BroadcastQueue: Background execution not allowed: receiving Intent { act=android.intent.action.PACKAGE_ADDED dat=package:com.google.location.nearby.apps.connectedcrossroad flg=0x4000010 (has extras) } to com.microsoft.appmanager/.receiver.InstallUninstallReceiver
04-22 11:27:01.451  1635  1775 W BroadcastQueue: Background execution not allowed: receiving Intent { act=android.intent.action.PACKAGE_ADDED dat=package:com.google.location.nearby.apps.connectedcrossroad flg=0x4000010 (has extras) } to com.microsoft.appmanager/com.microsoft.mmx.continuity.receiver.InstallUninstallReceiver
04-22 11:27:01.451  1635  1775 W BroadcastQueue: Background execution not allowed: receiving Intent { act=android.intent.action.PACKAGE_ADDED dat=package:com.google.location.nearby.apps.connectedcrossroad flg=0x4000010 (has extras) } to com.microsoft.emmx/com.microsoft.mmx.continuity.receiver.InstallUninstallReceiver
04-22 11:27:01.533  1635  8772 I ActivityTaskManager: START u0 {act=android.intent.action.MAIN cat=[android.intent.category.LAUNCHER] flg=0x10000000 cmp=com.google.location.nearby.apps.connectedcrossroad/nx.aodv.eval.MainActivity} from uid 2000
04-22 11:27:01.570  1635  1635 I Telecom : DefaultDialerCache: Refreshing default dialer for user 0: now com.google.android.dialer: DDC.oR@BY4
04-22 11:27:01.614  1635  1635 V BackupManagerConstants: getFullBackupIntervalMilliseconds(...) returns 86400000
04-22 11:27:01.615  1635  1635 V BackupManagerConstants: getFullBackupRequiredNetworkType(...) returns 2
04-22 11:27:01.615  1635  1635 V BackupManagerConstants: getFullBackupRequireCharging(...) returns true
04-22 11:27:01.642  1635  1756 D CompatibilityChangeReporter: Compat change id reported: 135634846; UID 10333; state: DISABLED
04-22 11:27:01.642  1635  1776 D CompatibilityChangeReporter: Compat change id reported: 143937733; UID 10333; state: DISABLED
04-22 11:27:01.691  1635  1776 I ActivityManager: Start proc 19908:com.google.location.nearby.apps.connectedcrossroad/u0a333 for pre-top-activity {com.google.location.nearby.apps.connectedcrossroad/nx.aodv.eval.MainActivity}
04-22 11:27:01.735  1635  1752 W Looper  : Slow dispatch took 123ms android.fg h=android.os.Handler c=<recycled PooledLambda@ab90847> m=0
04-22 11:27:01.849  1635  1635 W Looper  : Slow dispatch took 279ms main h=android.app.ActivityThread$H c=android.app.-$$Lambda$LoadedApk$ReceiverDispatcher$Args$_BumDX2UKsnxLVrE6UJsJZkotuA@1e13dfa m=0
04-22 11:27:01.849  1635  1635 W Looper  : Slow delivery took 358ms main h=com.android.server.AlarmManagerService$AlarmHandler c=null m=8
04-22 11:27:01.871  1635  1752 W Looper  : Slow delivery took 218ms android.fg h=android.os.Handler c=<recycled PooledLambda@a36819e> m=0
04-22 11:27:01.871  1635  1752 W Looper  : Slow dispatch took 113ms android.fg h=android.os.Handler c=<recycled PooledLambda@a36819e> m=0
04-22 11:27:01.898  1635  4612 W BroadcastQueue: Background execution not allowed: receiving Intent { act=android.intent.action.PACKAGE_REPLACED dat=package:com.google.location.nearby.apps.connectedcrossroad flg=0x4000010 (has extras) } to com.google.android.gms/.gass.chimera.PackageChangeBroadcastReceiver
04-22 11:27:01.908  1635  1775 W BroadcastQueue: Background execution not allowed: receiving Intent { act=android.intent.action.PACKAGE_REPLACED dat=package:com.google.location.nearby.apps.connectedcrossroad flg=0x4000010 (has extras) } to com.google.android.gms/.chimera.GmsIntentOperationService$PersistentTrustedReceiver
04-22 11:27:01.908  1635  1775 W BroadcastQueue: Background execution not allowed: receiving Intent { act=android.intent.action.PACKAGE_REPLACED dat=package:com.google.location.nearby.apps.connectedcrossroad flg=0x4000010 (has extras) } to com.google.android.googlequicksearchbox/com.google.android.apps.gsa.googlequicksearchbox.GelStubAppWatcher
04-22 11:27:01.908  1635  1775 W BroadcastQueue: Background execution not allowed: receiving Intent { act=android.intent.action.PACKAGE_REPLACED dat=package:com.google.location.nearby.apps.connectedcrossroad flg=0x4000010 (has extras) } to com.infonow.bofa/com.bofa.ecom.marvel.application.BofaPackageUpdateReceiver
04-22 11:27:01.908  1635  1775 W BroadcastQueue: Background execution not allowed: receiving Intent { act=android.intent.action.PACKAGE_REPLACED dat=package:com.google.location.nearby.apps.connectedcrossroad flg=0x4000010 (has extras) } to com.microsoft.appmanager/com.microsoft.mmx.continuity.receiver.InstallUninstallReceiver
04-22 11:27:01.912  1635  1775 W BroadcastQueue: Background execution not allowed: receiving Intent { act=android.intent.action.PACKAGE_REPLACED dat=package:com.google.location.nearby.apps.connectedcrossroad flg=0x4000010 (has extras) } to com.microsoft.emmx/com.microsoft.mmx.continuity.receiver.InstallUninstallReceiver
04-22 11:27:01.912  1635  1775 W BroadcastQueue: Background execution not allowed: receiving Intent { act=android.intent.action.PACKAGE_REPLACED dat=package:com.google.location.nearby.apps.connectedcrossroad flg=0x4000010 (has extras) } to steptracker.healthandfitness.walkingtracker.pedometer/com.drojian.stepcounter.receiver.PedometerReceiver
04-22 11:27:01.912  1635  1775 W BroadcastQueue: Background execution not allowed: receiving Intent { act=android.intent.action.PACKAGE_REPLACED dat=package:com.google.location.nearby.apps.connectedcrossroad flg=0x4000010 (has extras) } to steptracker.healthandfitness.walkingtracker.pedometer/com.drojian.servicekeeper.receiver.BootReceiver
04-22 11:27:01.914  1635  1635 W Looper  : Drained
04-22 11:27:01.999  1635  2884 W NetworkPolicy: shared quota unsupported; generating rule for each iface
04-22 11:27:02.139  1635  1752 W Looper  : Slow dispatch took 179ms android.fg h=android.os.Handler c=<recycled PooledLambda@9e3df08> m=0
04-22 11:27:02.210  1635  2884 W NetworkPolicy: shared quota unsupported; generating rule for each iface
04-22 11:27:02.315  1635  1713 D CompatibilityChangeReporter: Compat change id reported: 136274596; UID 10333; state: DISABLED
04-22 11:27:02.514  1635  1752 W Looper  : Slow dispatch took 100ms android.fg h=android.os.Handler c=<recycled PooledLambda@97fec> m=0
04-22 11:27:02.532  1635  2891 D ConnectivityService: NetReassign [no changes]
04-22 11:27:02.872  1635  2884 W NetworkPolicy: shared quota unsupported; generating rule for each iface
04-22 11:27:03.002  1635  1635 W Looper  : Slow dispatch took 131ms main h=com.android.providers.settings.SettingsProvider$SettingsRegistry$MyHandler c=null m=2
04-22 11:27:03.035  1635  2884 W NetworkPolicy: shared quota unsupported; generating rule for each iface
04-22 11:27:03.126  1635  2884 W NetworkPolicy: shared quota unsupported; generating rule for each iface
04-22 11:27:03.326  1635  1752 W Looper  : Drained
04-22 11:27:03.503  1635  2884 W NetworkPolicy: shared quota unsupported; generating rule for each iface
04-22 11:27:03.618  1635  1712 E SystemServiceRegistry: Manager wrapper not available: face
04-22 11:27:03.620  1635  1775 I DropBoxManagerService: add tag=system_server_wtf isTagEnabled=true flags=0x2
04-22 11:27:03.719  1635  4613 W SettingsStatsUtil: Can not parse value to float: gps,network
04-22 11:27:05.548  1635  2891 D ConnectivityService: NetReassign [no changes]
04-22 11:27:05.625  1635  1775 W BroadcastQueue: Background execution not allowed: receiving Intent { act=android.intent.action.DROPBOX_ENTRY_ADDED flg=0x10 (has extras) } to com.google.android.gms/.stats.service.DropBoxEntryAddedReceiver
04-22 11:27:05.625  1635  1775 W BroadcastQueue: Background execution not allowed: receiving Intent { act=android.intent.action.DROPBOX_ENTRY_ADDED flg=0x10 (has extras) } to com.google.android.gms/.chimera.GmsIntentOperationService$PersistentTrustedReceiver
04-22 11:27:08.585  1635  2891 D ConnectivityService: NetReassign [no changes]
04-22 11:27:10.789  2979  2979 V DeadZone: consuming errant click: (90.0,4.0)
04-22 11:27:10.789  2979  2979 V DeadZone: consuming errant click: (90.0,4.0)
04-22 11:27:11.607  1635  2891 D ConnectivityService: NetReassign [no changes]
04-22 11:27:12.019  1635  1635 D BluetoothManagerService: Bluetooth Adapter name changed to IkU5c2Fbye0AAAAAAAAAATE
04-22 11:27:12.020  1635  1635 D BluetoothManagerService: Stored Bluetooth name: IkU5c2Fbye0AAAAAAAAAATE
04-22 11:27:12.373  1635  2893 D NsdService: Register service
04-22 11:27:12.373  1635  2893 D NsdService: registerService: 21 name: IkU5c2Fbye0AAA, type: _5BC9ED5E6C75._tcp, host: null, port: 42747, txtRecord: n=MQIPv4=192.168.1.17
04-22 11:27:12.373  1635  2893 D NsdService: mdnssd [register, 21, IkU5c2Fbye0AAA, _5BC9ED5E6C75._tcp, 42747, BG49TVERSVB2ND0xOTIuMTY4LjEuMTc=]
04-22 11:27:12.375  1635  2893 D NsdService: Register 21 21
04-22 11:27:13.044  1635  2893 D NsdService: Native daemon message SERVICE_REGISTERED: 606 21 "IkU5c2Fbye0AAA"
04-22 11:27:13.066  1635  4624 E AppOps  : attributionTag com.google.android.gms.nearby not declared in manifest of com.google.location.nearby.apps.connectedcrossroad
04-22 11:27:14.611  1635  2891 D ConnectivityService: NetReassign [no changes]
04-22 11:28:15.076  1635  2891 I chatty  : uid=1000(system) ConnectivitySer identical 20 lines
04-22 11:28:18.099  1635  2891 D ConnectivityService: NetReassign [no changes]
04-22 11:28:18.850  1635  2884 W NetworkPolicy: shared quota unsupported; generating rule for each iface
04-22 11:28:21.145  1635  2891 D ConnectivityService: NetReassign [no changes]
04-22 11:28:36.272  1635  2891 I chatty  : uid=1000(system) ConnectivitySer identical 5 lines
04-22 11:28:39.294  1635  2891 D ConnectivityService: NetReassign [no changes]
04-22 11:28:41.113  1635  1771 I UsageStatsService: User[0] Flushing usage stats to disk
04-22 11:28:42.318  1635  2891 D ConnectivityService: NetReassign [no changes]
04-22 11:28:45.344  1635  2891 I chatty  : uid=1000(system) ConnectivitySer identical 1 line
04-22 11:28:48.366  1635  2891 D ConnectivityService: NetReassign [no changes]
04-22 11:28:49.271  1635  4623 I ActivityManager: Force stopping com.google.location.nearby.apps.connectedcrossroad appid=10333 user=0: from pid 20157
04-22 11:28:49.272  1635  4623 I ActivityManager: Killing 19908:com.google.location.nearby.apps.connectedcrossroad/u0a333 (adj 0): stop com.google.location.nearby.apps.connectedcrossroad due to from pid 20157
04-22 11:28:49.275  1635  4623 W ActivityTaskManager: Force removing ActivityRecord{ff21881 u0 com.google.location.nearby.apps.connectedcrossroad/nx.aodv.eval.MainActivity t8099 f}}: app died, no saved state
04-22 11:28:49.311  1635  1775 W BroadcastQueue: Background execution not allowed: receiving Intent { act=android.intent.action.PACKAGE_RESTARTED dat=package:com.google.location.nearby.apps.connectedcrossroad flg=0x10 (has extras) } to steptracker.healthandfitness.walkingtracker.pedometer/com.drojian.stepcounter.receiver.PedometerReceiver
04-22 11:28:49.311  1635  1775 W BroadcastQueue: Background execution not allowed: receiving Intent { act=android.intent.action.PACKAGE_RESTARTED dat=package:com.google.location.nearby.apps.connectedcrossroad flg=0x10 (has extras) } to steptracker.healthandfitness.walkingtracker.pedometer/com.drojian.servicekeeper.receiver.BootReceiver
04-22 11:28:49.347  1635  4612 D AutofillSession: handling death of Token{89dc911 ActivityRecord{ff21881 u0 com.google.location.nearby.apps.connectedcrossroad/nx.aodv.eval.MainActivity t-1 f}}} when saving=false
04-22 11:28:49.356  1635  1756 W ActivityManager: setHasOverlayUi called on unknown pid: 19908
04-22 11:28:51.387  1635  2891 D ConnectivityService: NetReassign [no changes]
04-22 11:28:52.199  1635  2893 D NsdService: unregister service
04-22 11:28:52.199  1635  2893 D NsdService: mdnssd [stop-register, 21]
04-22 11:28:52.207  1635  1635 D BluetoothManagerService: Bluetooth Adapter name changed to Pixel 3a XL
04-22 11:28:52.208  1635  1635 D BluetoothManagerService: Stored Bluetooth name: Pixel 3a XL
04-22 11:28:54.413  1635  2891 D ConnectivityService: NetReassign [no changes]
04-22 11:29:06.545  1635  2891 I chatty  : uid=1000(system) ConnectivitySer identical 4 lines
04-22 11:29:09.571  1635  2891 D ConnectivityService: NetReassign [no changes]
04-22 11:29:09.911  1635  1878 I PackageManager: Integrity check passed for file:///data/app/vmdl316975792.tmp
04-22 11:29:09.936  1635  1878 I PackageManager: Update package com.google.location.nearby.apps.connectedcrossroad code path from /data/app/~~7jOg2fG_t6zjPTJvqRrxPA==/com.google.location.nearby.apps.connectedcrossroad-4Pd4zN4ghn10TKZ2qLqqzQ== to /data/app/~~jVGEL7wghcWtau7w4i_5sA==/com.google.location.nearby.apps.connectedcrossroad-XFxV-onZNv4Ff7i7jbFGlQ==; Retain data and using new
04-22 11:29:09.936  1635  1878 I PackageManager: Update package com.google.location.nearby.apps.connectedcrossroad resource path from /data/app/~~7jOg2fG_t6zjPTJvqRrxPA==/com.google.location.nearby.apps.connectedcrossroad-4Pd4zN4ghn10TKZ2qLqqzQ== to /data/app/~~jVGEL7wghcWtau7w4i_5sA==/com.google.location.nearby.apps.connectedcrossroad-XFxV-onZNv4Ff7i7jbFGlQ==; Retain data and using new
04-22 11:29:09.950  1635  1878 D CompatibilityChangeReporter: Compat change id reported: 135549675; UID 10333; state: DISABLED
04-22 11:29:10.081  1635  1775 W BroadcastQueue: Background execution not allowed: receiving Intent { act=android.intent.action.PACKAGE_REMOVED dat=package:com.google.location.nearby.apps.connectedcrossroad flg=0x4000010 (has extras) } to com.android.vending/com.google.android.finsky.packagemanager.impl.PackageMonitorReceiverImpl$RegisteredReceiver
04-22 11:29:10.089  1635  1775 W BroadcastQueue: Background execution not allowed: receiving Intent { act=android.intent.action.PACKAGE_REMOVED dat=package:com.google.location.nearby.apps.connectedcrossroad flg=0x4000010 (has extras) } to com.android.vending/com.google.android.finsky.instantapps.appmanagement.InstantAppRemoveMonitor
04-22 11:29:10.089  1635  1775 W BroadcastQueue: Background execution not allowed: receiving Intent { act=android.intent.action.PACKAGE_REMOVED dat=package:com.google.location.nearby.apps.connectedcrossroad flg=0x4000010 (has extras) } to com.google.android.gms/.games.chimera.GamesSystemBroadcastReceiverProxy
04-22 11:29:10.090  1635  1775 W BroadcastQueue: Background execution not allowed: receiving Intent { act=android.intent.action.PACKAGE_REMOVED dat=package:com.google.location.nearby.apps.connectedcrossroad flg=0x4000010 (has extras) } to com.google.android.gms/.chimera.GmsIntentOperationService$PersistentTrustedReceiver
04-22 11:29:10.162  1635  4624 I ActivityTaskManager: START u0 {act=android.intent.action.MAIN cat=[android.intent.category.LAUNCHER] flg=0x10000000 cmp=com.google.location.nearby.apps.connectedcrossroad/nx.aodv.eval.MainActivity} from uid 2000
04-22 11:29:10.175  1635  1775 W BroadcastQueue: Background execution not allowed: receiving Intent { act=android.intent.action.PACKAGE_REMOVED dat=package:com.google.location.nearby.apps.connectedcrossroad flg=0x4000010 (has extras) } to com.google.android.googlequicksearchbox/com.google.android.apps.gsa.googlequicksearchbox.GelStubAppWatcher
04-22 11:29:10.177  1635  1775 W BroadcastQueue: Background execution not allowed: receiving Intent { act=android.intent.action.PACKAGE_REMOVED dat=package:com.google.location.nearby.apps.connectedcrossroad flg=0x4000010 (has extras) } to com.facebook.katana/com.facebook.feed.platformads.AppInstallReceiver
04-22 11:29:10.177  1635  1775 W BroadcastQueue: Background execution not allowed: receiving Intent { act=android.intent.action.PACKAGE_REMOVED dat=package:com.google.location.nearby.apps.connectedcrossroad flg=0x4000010 (has extras) } to com.jaga.ibraceletplus.smartwristband3/com.yc.pedometer.keepalive.KeepAliveReceiver
04-22 11:29:10.191  1635  1775 W BroadcastQueue: Background execution not allowed: receiving Intent { act=android.intent.action.PACKAGE_REMOVED dat=package:com.google.location.nearby.apps.connectedcrossroad flg=0x4000010 (has extras) } to com.microsoft.appmanager/.receiver.InstallUninstallReceiver
04-22 11:29:10.232  1635  1754 W Looper  : Slow dispatch took 107ms android.ui h=com.android.server.am.ActivityManagerService$UiHandler c=null m=53
04-22 11:29:10.234  1635  1756 D CompatibilityChangeReporter: Compat change id reported: 135634846; UID 10333; state: DISABLED
04-22 11:29:10.237  1635  1776 D CompatibilityChangeReporter: Compat change id reported: 143937733; UID 10333; state: DISABLED
04-22 11:29:10.251  1635  1775 W BroadcastQueue: Background execution not allowed: receiving Intent { act=android.intent.action.PACKAGE_REMOVED dat=package:com.google.location.nearby.apps.connectedcrossroad flg=0x4000010 (has extras) } to com.microsoft.appmanager/com.microsoft.mmx.continuity.receiver.InstallUninstallReceiver
04-22 11:29:10.252  1635  1775 W BroadcastQueue: Background execution not allowed: receiving Intent { act=android.intent.action.PACKAGE_REMOVED dat=package:com.google.location.nearby.apps.connectedcrossroad flg=0x4000010 (has extras) } to com.microsoft.emmx/com.microsoft.mmx.continuity.receiver.InstallUninstallReceiver
04-22 11:29:10.252  1635  1775 W BroadcastQueue: Background execution not allowed: receiving Intent { act=android.intent.action.PACKAGE_ADDED dat=package:com.google.location.nearby.apps.connectedcrossroad flg=0x4000010 (has extras) } to com.google.android.packageinstaller/com.android.packageinstaller.PackageInstalledReceiver
04-22 11:29:10.252  1635  1775 W BroadcastQueue: Background execution not allowed: receiving Intent { act=android.intent.action.PACKAGE_ADDED dat=package:com.google.location.nearby.apps.connectedcrossroad flg=0x4000010 (has extras) } to com.android.vending/com.google.android.finsky.packagemanager.impl.PackageMonitorReceiverImpl$RegisteredReceiver
04-22 11:29:10.252  1635  1775 W BroadcastQueue: Background execution not allowed: receiving Intent { act=android.intent.action.PACKAGE_ADDED dat=package:com.google.location.nearby.apps.connectedcrossroad flg=0x4000010 (has extras) } to com.google.android.gms/.games.chimera.GamesSystemBroadcastReceiverProxy
04-22 11:29:10.252  1635  1775 W BroadcastQueue: Background execution not allowed: receiving Intent { act=android.intent.action.PACKAGE_ADDED dat=package:com.google.location.nearby.apps.connectedcrossroad flg=0x4000010 (has extras) } to com.google.android.gms/.gass.chimera.PackageChangeBroadcastReceiver
04-22 11:29:10.252  1635  1775 W BroadcastQueue: Background execution not allowed: receiving Intent { act=android.intent.action.PACKAGE_ADDED dat=package:com.google.location.nearby.apps.connectedcrossroad flg=0x4000010 (has extras) } to com.google.android.gms/.chimera.GmsIntentOperationService$PersistentTrustedReceiver
04-22 11:29:10.252  1635  1775 W BroadcastQueue: Background execution not allowed: receiving Intent { act=android.intent.action.PACKAGE_ADDED dat=package:com.google.location.nearby.apps.connectedcrossroad flg=0x4000010 (has extras) } to com.google.android.googlequicksearchbox/com.google.android.apps.gsa.googlequicksearchbox.GelStubAppWatcher
04-22 11:29:10.252  1635  1775 W BroadcastQueue: Background execution not allowed: receiving Intent { act=android.intent.action.PACKAGE_ADDED dat=package:com.google.location.nearby.apps.connectedcrossroad flg=0x4000010 (has extras) } to com.facebook.katana/com.facebook.feed.platformads.AppInstallReceiver
04-22 11:29:10.252  1635  1775 W BroadcastQueue: Background execution not allowed: receiving Intent { act=android.intent.action.PACKAGE_ADDED dat=package:com.google.location.nearby.apps.connectedcrossroad flg=0x4000010 (has extras) } to com.jaga.ibraceletplus.smartwristband3/com.yc.pedometer.keepalive.KeepAliveReceiver
04-22 11:29:10.252  1635  1775 W BroadcastQueue: Background execution not allowed: receiving Intent { act=android.intent.action.PACKAGE_ADDED dat=package:com.google.location.nearby.apps.connectedcrossroad flg=0x4000010 (has extras) } to com.microsoft.appmanager/.receiver.InstallUninstallReceiver
04-22 11:29:10.253  1635  1775 W BroadcastQueue: Background execution not allowed: receiving Intent { act=android.intent.action.PACKAGE_ADDED dat=package:com.google.location.nearby.apps.connectedcrossroad flg=0x4000010 (has extras) } to com.microsoft.appmanager/com.microsoft.mmx.continuity.receiver.InstallUninstallReceiver
04-22 11:29:10.253  1635  1775 W BroadcastQueue: Background execution not allowed: receiving Intent { act=android.intent.action.PACKAGE_ADDED dat=package:com.google.location.nearby.apps.connectedcrossroad flg=0x4000010 (has extras) } to com.microsoft.emmx/com.microsoft.mmx.continuity.receiver.InstallUninstallReceiver
04-22 11:29:10.281  1635  1776 I ActivityManager: Start proc 20242:com.google.location.nearby.apps.connectedcrossroad/u0a333 for pre-top-activity {com.google.location.nearby.apps.connectedcrossroad/nx.aodv.eval.MainActivity}
04-22 11:29:10.330  1635  1635 W Looper  : Slow dispatch took 102ms main h=android.app.ActivityThread$H c=android.app.-$$Lambda$LoadedApk$ReceiverDispatcher$Args$_BumDX2UKsnxLVrE6UJsJZkotuA@add07ee m=0
04-22 11:29:10.331  1635  1635 I Telecom : DefaultDialerCache: Refreshing default dialer for user 0: now com.google.android.dialer: DDC.oR@BZI
04-22 11:29:10.377  1635  1752 W Looper  : Slow dispatch took 200ms android.fg h=android.os.Handler c=<recycled PooledLambda@3e1e952> m=0
04-22 11:29:10.380  1635  1635 V BackupManagerConstants: getFullBackupIntervalMilliseconds(...) returns 86400000
04-22 11:29:10.380  1635  1635 V BackupManagerConstants: getFullBackupRequiredNetworkType(...) returns 2
04-22 11:29:10.380  1635  1635 V BackupManagerConstants: getFullBackupRequireCharging(...) returns true
04-22 11:29:10.429  1635  1635 W Looper  : Slow delivery took 207ms main h=com.android.server.notification.NotificationManagerService$WorkerHandler c=com.android.server.notification.NotificationManagerService$15@8ffac28 m=0
04-22 11:29:10.440  1635  1635 W Looper  : Drained
04-22 11:29:10.445  1635  1752 W Looper  : Slow delivery took 202ms android.fg h=android.os.Handler c=<recycled PooledLambda@edc386c> m=0
04-22 11:29:10.464  1635  4614 W BroadcastQueue: Background execution not allowed: receiving Intent { act=android.intent.action.PACKAGE_REPLACED dat=package:com.google.location.nearby.apps.connectedcrossroad flg=0x4000010 (has extras) } to com.google.android.gms/.gass.chimera.PackageChangeBroadcastReceiver
04-22 11:29:10.478  1635  1775 W BroadcastQueue: Background execution not allowed: receiving Intent { act=android.intent.action.PACKAGE_REPLACED dat=package:com.google.location.nearby.apps.connectedcrossroad flg=0x4000010 (has extras) } to com.google.android.gms/.chimera.GmsIntentOperationService$PersistentTrustedReceiver
04-22 11:29:10.479  1635  1775 W BroadcastQueue: Background execution not allowed: receiving Intent { act=android.intent.action.PACKAGE_REPLACED dat=package:com.google.location.nearby.apps.connectedcrossroad flg=0x4000010 (has extras) } to com.google.android.googlequicksearchbox/com.google.android.apps.gsa.googlequicksearchbox.GelStubAppWatcher
04-22 11:29:10.479  1635  1775 W BroadcastQueue: Background execution not allowed: receiving Intent { act=android.intent.action.PACKAGE_REPLACED dat=package:com.google.location.nearby.apps.connectedcrossroad flg=0x4000010 (has extras) } to com.infonow.bofa/com.bofa.ecom.marvel.application.BofaPackageUpdateReceiver
04-22 11:29:10.479  1635  1775 W BroadcastQueue: Background execution not allowed: receiving Intent { act=android.intent.action.PACKAGE_REPLACED dat=package:com.google.location.nearby.apps.connectedcrossroad flg=0x4000010 (has extras) } to com.microsoft.appmanager/com.microsoft.mmx.continuity.receiver.InstallUninstallReceiver
04-22 11:29:10.480  1635  1775 W BroadcastQueue: Background execution not allowed: receiving Intent { act=android.intent.action.PACKAGE_REPLACED dat=package:com.google.location.nearby.apps.connectedcrossroad flg=0x4000010 (has extras) } to com.microsoft.emmx/com.microsoft.mmx.continuity.receiver.InstallUninstallReceiver
04-22 11:29:10.482  1635  1775 W BroadcastQueue: Background execution not allowed: receiving Intent { act=android.intent.action.PACKAGE_REPLACED dat=package:com.google.location.nearby.apps.connectedcrossroad flg=0x4000010 (has extras) } to steptracker.healthandfitness.walkingtracker.pedometer/com.drojian.stepcounter.receiver.PedometerReceiver
04-22 11:29:10.482  1635  1775 W BroadcastQueue: Background execution not allowed: receiving Intent { act=android.intent.action.PACKAGE_REPLACED dat=package:com.google.location.nearby.apps.connectedcrossroad flg=0x4000010 (has extras) } to steptracker.healthandfitness.walkingtracker.pedometer/com.drojian.servicekeeper.receiver.BootReceiver
04-22 11:29:10.615  1635  1752 W Looper  : Slow dispatch took 166ms android.fg h=android.os.Handler c=<recycled PooledLambda@21c720d> m=0
04-22 11:29:10.689  1635  2884 W NetworkPolicy: shared quota unsupported; generating rule for each iface
04-22 11:29:10.847  1635  1752 W Looper  : Slow dispatch took 157ms android.fg h=android.os.Handler c=<recycled PooledLambda@79dc011> m=0
04-22 11:29:11.137  1635  4614 D CompatibilityChangeReporter: Compat change id reported: 136274596; UID 10333; state: DISABLED
04-22 11:29:11.194  1635  1752 W Looper  : Slow dispatch took 124ms android.fg h=android.os.Handler c=<recycled PooledLambda@3bc9dc4> m=0
04-22 11:29:11.520  1635  2884 W NetworkPolicy: shared quota unsupported; generating rule for each iface
04-22 11:29:11.690  1635  2884 I chatty  : uid=1000(system) NetworkPolicy identical 1 line
