04-22 11:32:27.279 14602 14896 D ACDB-LOADER: ACDB -> GET_AFE_TOPOLOGY_ID for adcd_id 512, Topology Id 10001ccc
04-22 11:32:27.279 14602 14896 D ACDB-LOADER: ACDB -> send_afe_cal
04-22 11:32:27.279 14602 14896 D ACDB-LOADER: ACDB -> ACDB_CMD_GET_AFE_COMMON_TABLE_SIZE
04-22 11:32:27.279 14602 14896 D ACDB-LOADER: ACDB -> ACDB_CMD_GET_AFE_COMMON_TABLE
04-22 11:32:27.279 14602 14896 D ACDB-LOADER: ACDB -> AUDIO_SET_AFE_CAL
04-22 11:32:27.279 14602 14896 D ACDB-LOADER: ACDB -> send_hw_delay : acdb_id = 512 path = 1
04-22 11:32:27.279 14602 14896 D ACDB-LOADER: ACDB -> ACDB_AVSYNC_INFO: ACDB_CMD_GET_DEVICE_PROPERTY
04-22 11:32:27.279 14602 14896 D audio_hw_primary: enable_audio_route: usecase(25) apply and update mixer path: spkr-vi-record vi-feedback
04-22 11:32:27.279 14602 14896 D audio_route: Apply path: spkr-vi-record vi-feedback
04-22 11:32:27.279  1635  2881 I system_server: oneway function results will be dropped but finished with status OK and parcel size 4
04-22 11:32:27.284  4561  4561 I A       : Receiving sys ui event of type com.google.android.apps.googlequicksearchbox.nga.ON_KEYBOARD_SHOWING_CHANGED.
04-22 11:32:27.305  3529 20661 I chatty  : uid=10145(com.google.android.gms) highpool[394] expire 56 lines
04-22 11:32:27.307 19609 20950 I chatty  : uid=10200(com.google.android.inputmethod.latin) ExUtils-F-P11-1 expire 1 line
04-22 11:32:27.312 14602 14896 D ACDB-LOADER: ACDB -> send_audio_cal, acdb_id = 513, path = 0, app id = 0x11130, sample rate = 48000
04-22 11:32:27.312 14602 14896 D ACDB-LOADER: ACDB -> send_asm_topology
04-22 11:32:27.312 14602 14896 D ACDB-LOADER: ACDB -> ACDB_CMD_GET_AUDPROC_STREAM_TOPOLOGY_ID
04-22 11:32:27.312 14602 14896 D ACDB-LOADER: ACDB -> send_adm_topology
04-22 11:32:27.312 14602 14896 D ACDB-LOADER: ACDB -> ACDB_CMD_GET_AUDPROC_COMMON_TOPOLOGY_ID
04-22 11:32:27.312 14602 14896 D ACDB-LOADER: ACDB -> send_audtable
04-22 11:32:27.312 14602 14896 D ACDB-LOADER: ACDB -> ACDB_CMD_GET_AUDPROC_COMMON_TABLE_SIZE
04-22 11:32:27.312 14602 14896 D ACDB-LOADER: ACDB -> ACDB_CMD_GET_AUDPROC_COMMON_TABLE
04-22 11:32:27.312 14602 14896 D ACDB-LOADER: ACDB -> AUDIO_SET_AUDPROC_CAL
04-22 11:32:27.312 14602 14896 D ACDB-LOADER: ACDB -> send_audvoltable
04-22 11:32:27.312 14602 14896 D ACDB-LOADER: ACDB -> ACDB_CMD_GET_AUDPROC_VOL_STEP_TABLE_SIZE
04-22 11:32:27.312 14602 14896 D ACDB-LOADER: ACDB -> ACDB_CMD_GET_AUDPROC_GAIN_DEP_STEP_TABLE, vol index 0
04-22 11:32:27.313 14602 14896 D android.hardware.audio.service: Failed to fetch the lookup information of the device 00000201 
04-22 11:32:27.313 14602 14896 E ACDB-LOADER: Error: ACDB AudProc vol returned = -19
04-22 11:32:27.313 14602 14896 D ACDB-LOADER: ACDB -> AUDIO_SET_VOL_CAL cal type = 12
04-22 11:32:27.313 14602 14896 D ACDB-LOADER: ACDB -> ACDB_CMD_GET_AUDPROC_STREAM_TABLE_SIZE
04-22 11:32:27.313 14602 14896 D ACDB-LOADER: ACDB -> send_audstrmtable
04-22 11:32:27.313 14602 14896 D ACDB-LOADER: ACDB -> ACDB_CMD_GET_AUDPROC_STREAM_TABLE_V2
04-22 11:32:27.313 14602 14896 D ACDB-LOADER: ACDB -> audstrm_cal->cal_type.cal_data.cal_size = 488
04-22 11:32:27.313 14602 14896 D ACDB-LOADER: ACDB -> send_afe_topology
04-22 11:32:27.313 14602 14896 D ACDB-LOADER: ACDB -> ACDB_CMD_GET_AFE_TOPOLOGY_ID
04-22 11:32:27.313 14602 14896 D ACDB-LOADER: ACDB -> GET_AFE_TOPOLOGY_ID for adcd_id 513, Topology Id 10000ccc
04-22 11:32:27.313 14602 14896 D ACDB-LOADER: ACDB -> send_afe_cal
04-22 11:32:27.313 14602 14896 D ACDB-LOADER: ACDB -> ACDB_CMD_GET_AFE_COMMON_TABLE_SIZE
04-22 11:32:27.313 14602 14896 D ACDB-LOADER: ACDB -> ACDB_CMD_GET_AFE_COMMON_TABLE
04-22 11:32:27.313 14602 14896 D ACDB-LOADER: ACDB -> AUDIO_SET_AFE_CAL
04-22 11:32:27.313 14602 14896 D ACDB-LOADER: ACDB -> send_hw_delay : acdb_id = 513 path = 0
04-22 11:32:27.313 14602 14896 D ACDB-LOADER: ACDB -> ACDB_AVSYNC_INFO: ACDB_CMD_GET_DEVICE_PROPERTY
04-22 11:32:27.313 14602 14896 D audio_hw_primary: enable_audio_route: usecase(1) apply and update mixer path: low-latency-playback speaker
04-22 11:32:27.313 14602 14896 D audio_route: Apply path: low-latency-playback speaker
04-22 11:32:27.342  2959  3615 I chatty  : uid=1002(bluetooth) bt_main_thread expire 122 lines
04-22 11:32:27.359  2959  3071 I chatty  : uid=1002(bluetooth) BT Service Call expire 37 lines
04-22 11:32:26.075  1635  2891 D ConnectivityService: NetReassign [no changes]
04-22 11:32:27.359  1635  1635 D BluetoothManagerService: Bluetooth Adapter name changed to IlVWWUNbye0AAAAAAAAAATE
04-22 11:32:27.360  1635  1635 D BluetoothManagerService: Stored Bluetooth name: IlVWWUNbye0AAAAAAAAAATE
04-22 11:32:27.368 14602 14896 D audio_hw_primary: out_write: retry previous failed cal level set
04-22 11:32:27.372  3529 20622 I chatty  : uid=10145(com.google.android.gms) highpool[388] expire 64 lines
04-22 11:32:27.501  2959  2975 I chatty  : uid=1002(bluetooth) Binder:2959_1 expire 8 lines
04-22 11:32:27.520 14601 14613 W APM::AudioPolicyEngine: getDevicesForStrategy() unknown strategy: -1
04-22 11:32:27.520  1635  1713 I system_server: oneway function results will be dropped but finished with status OK and parcel size 4
04-22 11:32:27.594  1058  2949 I WifiHAL : event received NL80211_CMD_VENDOR, vendor_id = 0x1374, subcmd = 0xd
04-22 11:32:27.696  1635  2893 D NsdService: Register service
04-22 11:32:27.696  1635  2893 D NsdService: registerService: 23 name: IlVWWUNbye0AAA, type: _5BC9ED5E6C75._tcp, host: null, port: 38969, txtRecord: n=MQIPv4=192.168.1.17
04-22 11:32:27.697  1635  2893 D NsdService: mdnssd [register, 23, IlVWWUNbye0AAA, _5BC9ED5E6C75._tcp, 38969, BG49TVERSVB2ND0xOTIuMTY4LjEuMTc=]
04-22 11:32:27.699  1635  2893 D NsdService: Register 23 23
04-22 11:32:27.918  4536  4536 D AugmentedAutofillService: mCallback is updated.
04-22 11:32:27.929 19609 19641 I chatty  : uid=10200(com.google.android.inputmethod.latin) ExUtils-F-P10-3 expire 1 line
04-22 11:32:27.952 19609 20327 I chatty  : uid=10200(com.google.android.inputmethod.latin) ExUtils-F-P10-3 expire 1 line
04-22 11:32:27.955 12074 12074 I chatty  : uid=10145(com.google.android.gms) expire 12 lines
04-22 11:32:27.989  1047  1286 D VSC     : @ 108258.306: [WO] isFlat() nearest_rotation: 0, flat_angle: 65
04-22 11:32:27.989  1047  1286 D VSC     : @ 108258.306: [WO] orientation angle 6, orientation 0
04-22 11:32:28.037  4561  4561 I A       : Receiving sys ui event of type com.google.android.apps.googlequicksearchbox.nga.ON_KEYBOARD_SHOWING_CHANGED.
04-22 11:32:28.078  2979  2979 V DeadZone: consuming errant click: (59.0,0.0)
04-22 11:32:28.082  3371  3371 D RecentsOrientedState: current RecentsOrientedState: [this=RecentsOrientedState@8fd66ea mOrientationHandler=PortraitPagedViewHandler@5fbdb51 mDisplayRotation=0 mTouchRotation=0 mRecentsActivityRotation=0 isRecentsActivityRotationAllowed=false mSystemRotation=false mFlags=3]
04-22 11:32:28.082  3371  3371 I chatty  : uid=10153(com.google.android.apps.nexuslauncher) identical 8 lines
04-22 11:32:28.082  3371  3371 D RecentsOrientedState: current RecentsOrientedState: [this=RecentsOrientedState@8fd66ea mOrientationHandler=PortraitPagedViewHandler@5fbdb51 mDisplayRotation=0 mTouchRotation=0 mRecentsActivityRotation=0 isRecentsActivityRotationAllowed=false mSystemRotation=false mFlags=3]
04-22 11:32:28.084  3371  3371 D RecentsOrientedState: current RecentsOrientedState: [this=RecentsOrientedState@6b18878 mOrientationHandler=PortraitPagedViewHandler@5fbdb51 mDisplayRotation=0 mTouchRotation=0 mRecentsActivityRotation=0 isRecentsActivityRotationAllowed=false mSystemRotation=false mFlags=3]
04-22 11:32:28.084  3371  3371 D RecentsOrientedState: current RecentsOrientedState: [this=RecentsOrientedState@6b18878 mOrientationHandler=PortraitPagedViewHandler@5fbdb51 mDisplayRotation=0 mTouchRotation=0 mRecentsActivityRotation=0 isRecentsActivityRotationAllowed=false mSystemRotation=false mFlags=3]
04-22 11:32:28.119  3371  3371 D RecentsOrientedState: current RecentsOrientedState: [this=RecentsOrientedState@8fd66ea mOrientationHandler=PortraitPagedViewHandler@5fbdb51 mDisplayRotation=0 mTouchRotation=0 mRecentsActivityRotation=0 isRecentsActivityRotationAllowed=false mSystemRotation=false mFlags=3]
04-22 11:32:28.119  3371  3371 D RecentsOrientedState: current RecentsOrientedState: [this=RecentsOrientedState@8fd66ea mOrientationHandler=PortraitPagedViewHandler@5fbdb51 mDisplayRotation=0 mTouchRotation=0 mRecentsActivityRotation=0 isRecentsActivityRotationAllowed=false mSystemRotation=false mFlags=3]
04-22 11:32:28.119  3371  3371 D RecentsOrientedState: current RecentsOrientedState: [this=RecentsOrientedState@6b18878 mOrientationHandler=PortraitPagedViewHandler@5fbdb51 mDisplayRotation=0 mTouchRotation=0 mRecentsActivityRotation=0 isRecentsActivityRotationAllowed=false mSystemRotation=false mFlags=3]
04-22 11:32:28.119  3371  3371 D RecentsOrientedState: current RecentsOrientedState: [this=RecentsOrientedState@6b18878 mOrientationHandler=PortraitPagedViewHandler@5fbdb51 mDisplayRotation=0 mTouchRotation=0 mRecentsActivityRotation=0 isRecentsActivityRotationAllowed=false mSystemRotation=false mFlags=3]
04-22 11:32:28.163  3371  3371 D RecentsOrientedState: current RecentsOrientedState: [this=RecentsOrientedState@6b18878 mOrientationHandler=PortraitPagedViewHandler@5fbdb51 mDisplayRotation=0 mTouchRotation=0 mRecentsActivityRotation=0 isRecentsActivityRotationAllowed=false mSystemRotation=false mFlags=323]
04-22 11:32:28.163  3371  3371 D RecentsOrientedState: current RecentsOrientedState: [this=RecentsOrientedState@6b18878 mOrientationHandler=PortraitPagedViewHandler@5fbdb51 mDisplayRotation=0 mTouchRotation=0 mRecentsActivityRotation=0 isRecentsActivityRotationAllowed=false mSystemRotation=false mFlags=323]
04-22 11:32:28.296  3371  3371 D RecentsOrientedState: current RecentsOrientedState: [this=RecentsOrientedState@6b18878 mOrientationHandler=PortraitPagedViewHandler@5fbdb51 mDisplayRotation=0 mTouchRotation=0 mRecentsActivityRotation=0 isRecentsActivityRotationAllowed=false mSystemRotation=false mFlags=259]
04-22 11:32:28.078  2979  2979 V DeadZone: consuming errant click: (59.0,0.0)
04-22 11:32:28.366  1635  2893 D NsdService: Native daemon message SERVICE_REGISTERED: 606 23 "IlVWWUNbye0AAA"
04-22 11:32:28.296  3371  3371 D RecentsOrientedState: current RecentsOrientedState: [this=RecentsOrientedState@6b18878 mOrientationHandler=PortraitPagedViewHandler@5fbdb51 mDisplayRotation=0 mTouchRotation=0 mRecentsActivityRotation=0 isRecentsActivityRotationAllowed=false mSystemRotation=false mFlags=259]
04-22 11:32:28.373  1635  4612 E AppOps  : attributionTag com.google.android.gms.nearby not declared in manifest of com.google.location.nearby.apps.connectedcrossroad
04-22 11:32:28.388  3529 20954 I chatty  : uid=10145 com.google.android.gms.persistent expire 27 lines
04-22 11:32:28.394  3529  6029 I chatty  : uid=10145(com.google.android.gms) Binder:3529_C expire 14 lines
04-22 11:32:28.433  3529  3545 I chatty  : uid=10145(com.google.android.gms) Binder:3529_1 expire 17 lines
04-22 11:32:28.776  3529 20955 I chatty  : uid=10145 com.google.android.gms.persistent expire 16 lines
04-22 11:32:28.780 20794 20816 I nectedcrossroa: oneway function results will be dropped but finished with status UNKNOWN_TRANSACTION and parcel size 0
04-22 11:32:28.781 20794 20794 D connectedcrossroad: onEndpointFound: Connecting to 4FwD
04-22 11:32:28.874  3529  5449 I chatty  : uid=10145(com.google.android.gms) Binder:3529_7 expire 28 lines
04-22 11:32:28.885  2979  3035 W BluetoothEventManager: AclStateChangedHandler: activeDevice is null
04-22 11:32:28.886  2959  2959 I chatty  : uid=1002(bluetooth) com.android.bluetooth expire 14 lines
04-22 11:32:28.898  1661  1661 I GH.WifiBluetoothRcvr: Connection action: android.bluetooth.device.action.ACL_CONNECTED, device 4A:E2:B7:11:DF:9E
04-22 11:32:28.901  1661  1661 I GH.WifiBluetoothRcvr: Wireless projection is available on this phone.
04-22 11:32:28.929  3529  3529 I chatty  : uid=10145 com.google.android.gms.persistent expire 6 lines
04-22 11:32:28.931  3529 20963 I chatty  : uid=10145(com.google.android.gms) lowpool[665] expire 2 lines
04-22 11:32:28.977 14012 14111 I A       : isInitializing-false locale not changed-true model not changed-true
04-22 11:32:28.993 14012 14150 I BistoSettingsListener: listener created
04-22 11:32:28.997 14012 14111 I MicroDetectionState: Should stop hotword detection immediately - false
04-22 11:32:28.999 14012 14111 I BistoWorker: bluetoothConnectionStateChanged. Action: android.bluetooth.device.action.ACL_CONNECTED
04-22 11:32:29.005 14012 14111 I DeviceDetector: Not bonded or not refresh cache.
04-22 11:32:29.086  1635  2891 D ConnectivityService: NetReassign [no changes]
04-22 11:32:29.409 19609 19637 I chatty  : uid=10200(com.google.android.inputmethod.latin) ExUtils-P11-1 expire 4 lines
04-22 11:32:29.412 19609 20964 I chatty  : uid=10200(com.google.android.inputmethod.latin) ExUtils-F-P11-1 expire 1 line
04-22 11:32:29.417 19609 21197 I chatty  : uid=10200(com.google.android.inputmethod.latin) voice-control-1 expire 3 lines
04-22 11:32:29.418 19609 20326 I chatty  : uid=10200(com.google.android.inputmethod.latin) ExUtils-F-P10-3 expire 3 lines
04-22 11:32:29.439 19609 19613 I chatty  : uid=10200(com.google.android.inputmethod.latin) ExUtils-F-P10-3 expire 1 line
04-22 11:32:29.465 19609 19612 I chatty  : uid=10200(com.google.android.inputmethod.latin) ExUtils-F-P10-3 expire 1 line
04-22 11:32:29.476 19609 19624 I chatty  : uid=10200(com.google.android.inputmethod.latin) FinalizerDaemon expire 3 lines
04-22 11:32:29.530  1016  1020 E statsd  : Predicate 5980654721335871649 dropping data for dimension key (10)0x2010101->10145[I] (10)0x30000->CastSocketMultiplexer_WakeLock[S] 
04-22 11:32:29.555  1016  1020 E statsd  : Predicate 5980654721335871649 dropping data for dimension key (10)0x2010101->10145[I] (10)0x30000->CastSocketMultiplexer_WakeLock[S] 
04-22 11:32:29.555  1016  1020 E statsd  : Predicate 5980654721335871649 dropping data for dimension key (10)0x2010101->10145[I] (10)0x30000->CastDeviceController-com.google.android.gms[S] 
04-22 11:32:29.557  1016  1020 E statsd  : Predicate 5980654721335871649 dropping data for dimension key (10)0x2010101->10145[I] (10)0x30000->CastDeviceController-com.google.android.gms[S] 
04-22 11:32:29.598  1058  2949 I WifiHAL : event received NL80211_CMD_VENDOR, vendor_id = 0x1374, subcmd = 0xd
04-22 11:32:30.069  1047  1286 D VSC     : @ 108260.386: [WO] isFlat() nearest_rotation: 0, flat_angle: 65
04-22 11:32:30.069  1047  1286 D VSC     : @ 108260.386: [WO] orientation angle 1, orientation 0
04-22 11:32:30.069  1047  1286 D VSC     : @ 108260.386: [WO] Gyro angle integrated: 21.720376
04-22 11:32:30.069  1047  1286 D VSC     : @ 108260.386: [WO] Rejected by flat_time and gyro finds no rotation
04-22 11:32:30.294  1635  1713 I WifiService: enableTdls uid=10145 enable=true
04-22 11:32:30.296  1635  3107 I WifiService: enableTdlsWithMacAddress uid=1000 enable=true
04-22 11:32:30.452  3529 20956 I chatty  : uid=10145 com.google.android.gms.persistent expire 31 lines
04-22 11:32:30.482 20794 20794 D connectedcrossroad: onEndpointFound: Connecting to 8Ya8
04-22 11:32:30.483 20794 20816 I nectedcrossroa: oneway function results will be dropped but finished with status UNKNOWN_TRANSACTION and parcel size 0
04-22 11:32:30.494 20794 20794 D connectedcrossroad: onEndpointFound: Connecting to f4UG
04-22 11:32:30.494 20794 20816 I nectedcrossroa: oneway function results will be dropped but finished with status UNKNOWN_TRANSACTION and parcel size 0
04-22 11:32:30.552 14602 14606 D audio_hw_primary: disable_audio_route: usecase(1) reset and update mixer path: low-latency-playback speaker
04-22 11:32:30.553 14602 14606 I audio_hw_cirrus_playback: audio_extn_spkr_prot_stop_processing: pcm_tx_close
04-22 11:32:30.562 14602 14606 D audio_hw_primary: disable_audio_route: usecase(25) reset and update mixer path: spkr-vi-record vi-feedback
04-22 11:32:30.562 14602 14606 D audio_hw_primary: disable_snd_device: snd_device(104: vi-feedback)
04-22 11:32:30.564  1635  2881 I system_server: oneway function results will be dropped but finished with status OK and parcel size 4
04-22 11:32:30.575  4451  4451 D GetFunctionList: isSupport4 =true,functionType =4194304,function =6055139
04-22 11:32:30.578  4451  4451 D MySQLOperate:  getExciseDataByDate calendar=20210422,exist=true
04-22 11:32:30.579  4451  4451 D MySQLOperate: exerciseData 0 =ExerciseData{, startDate='20210215135705', endDate=20210215143738calendar=20210215, sportsType=0, account=null, step=2488, distance=2250.0, calories=151.0, heart=111, count=0, duration=2433, pace=0.0, realSpeed=0.0, verSpeed=0.0, maxSpeed=0.0, minSpeed=0.0, mapType=1, sportsDataFrom=1, sportsDataIsFromBand=1}
04-22 11:32:30.581  4451  4451 D MySQLOperate: exerciseData 1 =ExerciseData{, startDate='20210225144948', endDate=20210225150021calendar=20210225, sportsType=0, account=null, step=1655, distance=1620.0, calories=119.0, heart=152, count=0, duration=633, pace=7.75, realSpeed=0.0, verSpeed=0.0, maxSpeed=0.0, minSpeed=0.0, mapType=1, sportsDataFrom=1, sportsDataIsFromBand=1}
04-22 11:32:30.582  4451  4451 D MySQLOperate: exerciseData 2 =ExerciseData{, startDate='20210227175451', endDate=20210227182020calendar=20210227, sportsType=0, account=null, step=2627, distance=2090.0, calories=115.0, heart=114, count=0, duration=1529, pace=0.0, realSpeed=0.0, verSpeed=0.0, maxSpeed=0.0, minSpeed=0.0, mapType=1, sportsDataFrom=1, sportsDataIsFromBand=1}
04-22 11:32:30.727 20794 20794 E SpannableStringBuilder: SPAN_EXCLUSIVE_EXCLUSIVE spans cannot have a zero length
04-22 11:32:30.727 20794 20794 E SpannableStringBuilder: SPAN_EXCLUSIVE_EXCLUSIVE spans cannot have a zero length
04-22 11:32:30.779  3529  6401 I chatty  : uid=10145(com.google.android.gms) Binder:3529_10 expire 16 lines
04-22 11:32:30.882  3258  3258 D GRIL-S  : [6696]> UPDATE_REGULATORY_DOMAIN
04-22 11:32:30.883  3258  4164 D GRIL-S  : [6696]< UPDATE_REGULATORY_DOMAIN 
04-22 11:32:30.877  1057  1057 W radioext@1.0-se: type=1400 audit(0.0:10303): avc: denied { search } for name="radio" dev="dm-8" ino=174 scontext=u:r:hal_radioext_default:s0 tcontext=u:object_r:radio_vendor_data_file:s0 tclass=dir permissive=0
04-22 11:32:30.946  3529  6321 I chatty  : uid=10145(com.google.android.gms) NearbyDiscovery expire 4 lines
04-22 11:32:31.505  1016  1020 E statsd  : Predicate 5980654721335871649 dropping data for dimension key (10)0x2010101->10145[I] (10)0x30000->CastSocketMultiplexer_WakeLock[S] 
04-22 11:32:31.507  1016  1020 E statsd  : Predicate 5980654721335871649 dropping data for dimension key (10)0x2010101->10145[I] (10)0x30000->CastSocketMultiplexer_WakeLock[S] 
04-22 11:32:31.508  1016  1020 E statsd  : Predicate 5980654721335871649 dropping data for dimension key (10)0x2010101->10145[I] (10)0x30000->CastDeviceController-com.google.android.gms[S] 
04-22 11:32:31.510  1016  1020 E statsd  : Predicate 5980654721335871649 dropping data for dimension key (10)0x2010101->10145[I] (10)0x30000->CastDeviceController-com.google.android.gms[S] 
04-22 11:32:31.603  1058  2949 I WifiHAL : event received NL80211_CMD_VENDOR, vendor_id = 0x1374, subcmd = 0xd
04-22 11:32:31.621  3529 20967 I chatty  : uid=10145 com.google.android.gms.persistent expire 17 lines
04-22 11:32:32.066  1047  1286 D VSC     : @ 108262.382: [WO] isFlat() nearest_rotation: 0, flat_angle: 65
04-22 11:32:32.066  1047  1286 D VSC     : @ 108262.382: [WO] orientation angle 2, orientation 0
04-22 11:32:32.566 20794 20794 D connectedcrossroad: onEndpointFound: Connecting to MOk7
04-22 11:32:32.566 20794 20816 I nectedcrossroa: oneway function results will be dropped but finished with status UNKNOWN_TRANSACTION and parcel size 0
04-22 11:32:32.109  1635  2891 D ConnectivityService: NetReassign [no changes]
04-22 11:32:33.426  2979  2979 V DeadZone: consuming errant click: (1009.0,24.0)
04-22 11:32:33.430  3371  3371 D RecentsOrientedState: current RecentsOrientedState: [this=RecentsOrientedState@3f2a24a mOrientationHandler=PortraitPagedViewHandler@5fbdb51 mDisplayRotation=0 mTouchRotation=0 mRecentsActivityRotation=0 isRecentsActivityRotationAllowed=false mSystemRotation=false mFlags=3]
04-22 11:32:33.431  3371  3371 D RecentsOrientedState: current RecentsOrientedState: [this=RecentsOrientedState@3f2a24a mOrientationHandler=PortraitPagedViewHandler@5fbdb51 mDisplayRotation=0 mTouchRotation=0 mRecentsActivityRotation=0 isRecentsActivityRotationAllowed=false mSystemRotation=false mFlags=3]
04-22 11:32:33.432  3371  3371 D RecentsOrientedState: current RecentsOrientedState: [this=RecentsOrientedState@6b18878 mOrientationHandler=PortraitPagedViewHandler@5fbdb51 mDisplayRotation=0 mTouchRotation=0 mRecentsActivityRotation=0 isRecentsActivityRotationAllowed=false mSystemRotation=false mFlags=3]
04-22 11:32:33.432  3371  3371 D RecentsOrientedState: current RecentsOrientedState: [this=RecentsOrientedState@6b18878 mOrientationHandler=PortraitPagedViewHandler@5fbdb51 mDisplayRotation=0 mTouchRotation=0 mRecentsActivityRotation=0 isRecentsActivityRotationAllowed=false mSystemRotation=false mFlags=3]
04-22 11:32:33.458  3371  3371 D RecentsOrientedState: current RecentsOrientedState: [this=RecentsOrientedState@3f2a24a mOrientationHandler=PortraitPagedViewHandler@5fbdb51 mDisplayRotation=0 mTouchRotation=0 mRecentsActivityRotation=0 isRecentsActivityRotationAllowed=false mSystemRotation=false mFlags=3]
04-22 11:32:33.458  3371  3371 D RecentsOrientedState: current RecentsOrientedState: [this=RecentsOrientedState@3f2a24a mOrientationHandler=PortraitPagedViewHandler@5fbdb51 mDisplayRotation=0 mTouchRotation=0 mRecentsActivityRotation=0 isRecentsActivityRotationAllowed=false mSystemRotation=false mFlags=3]
04-22 11:32:33.458  3371  3371 D RecentsOrientedState: current RecentsOrientedState: [this=RecentsOrientedState@6b18878 mOrientationHandler=PortraitPagedViewHandler@5fbdb51 mDisplayRotation=0 mTouchRotation=0 mRecentsActivityRotation=0 isRecentsActivityRotationAllowed=false mSystemRotation=false mFlags=3]
04-22 11:32:33.458  3371  3371 D RecentsOrientedState: current RecentsOrientedState: [this=RecentsOrientedState@6b18878 mOrientationHandler=PortraitPagedViewHandler@5fbdb51 mDisplayRotation=0 mTouchRotation=0 mRecentsActivityRotation=0 isRecentsActivityRotationAllowed=false mSystemRotation=false mFlags=3]
04-22 11:32:33.492  3371  3371 D RecentsOrientedState: current RecentsOrientedState: [this=RecentsOrientedState@6b18878 mOrientationHandler=PortraitPagedViewHandler@5fbdb51 mDisplayRotation=0 mTouchRotation=0 mRecentsActivityRotation=0 isRecentsActivityRotationAllowed=false mSystemRotation=false mFlags=323]
04-22 11:32:33.492  3371  3371 D RecentsOrientedState: current RecentsOrientedState: [this=RecentsOrientedState@6b18878 mOrientationHandler=PortraitPagedViewHandler@5fbdb51 mDisplayRotation=0 mTouchRotation=0 mRecentsActivityRotation=0 isRecentsActivityRotationAllowed=false mSystemRotation=false mFlags=323]
04-22 11:32:33.607  1058  2949 I WifiHAL : event received NL80211_CMD_VENDOR, vendor_id = 0x1374, subcmd = 0xd
04-22 11:32:33.621 20794 20794 D connectedcrossroad: onConnectionInitiated: Accepting connection
04-22 11:32:33.626  3371  3371 D RecentsOrientedState: current RecentsOrientedState: [this=RecentsOrientedState@6b18878 mOrientationHandler=PortraitPagedViewHandler@5fbdb51 mDisplayRotation=0 mTouchRotation=0 mRecentsActivityRotation=0 isRecentsActivityRotationAllowed=false mSystemRotation=false mFlags=259]
04-22 11:32:33.626  3371  3371 D RecentsOrientedState: current RecentsOrientedState: [this=RecentsOrientedState@6b18878 mOrientationHandler=PortraitPagedViewHandler@5fbdb51 mDisplayRotation=0 mTouchRotation=0 mRecentsActivityRotation=0 isRecentsActivityRotationAllowed=false mSystemRotation=false mFlags=259]
04-22 11:32:34.058  1047  1286 D VSC     : @ 108264.374: [WO] isFlat() nearest_rotation: 4, flat_angle: 65
04-22 11:32:34.058  1047  1286 D VSC     : @ 108264.374: [WO] orientation angle 343, orientation 4
04-22 11:32:34.058  1047  1286 D VSC     : @ 108264.374: [WO] rejected by isOrientationAngleAcceptable
04-22 11:32:34.218  1635  1713 I WifiService: enableTdls uid=10145 enable=true
04-22 11:32:34.219  1635  3107 I WifiService: enableTdlsWithMacAddress uid=1000 enable=true
04-22 11:32:34.282  4561  4561 I A       : Receiving sys ui event of type com.google.android.apps.googlequicksearchbox.nga.ON_KEYBOARD_SHOWING_CHANGED.
04-22 11:32:34.288 19609 20971 I chatty  : uid=10200(com.google.android.inputmethod.latin) ExUtils-F-P11-1 expire 1 line
04-22 11:32:33.427  2979  2979 V DeadZone: consuming errant click: (1009.0,24.0)
04-22 11:32:35.137  1635  2891 D ConnectivityService: NetReassign [no changes]
04-22 11:32:35.585  4451  4451 D GetFunctionList: isSupport4 =true,functionType =4194304,function =6055139
04-22 11:32:35.588  4451  4451 D MySQLOperate:  getExciseDataByDate calendar=20210422,exist=true
04-22 11:32:35.590  4451  4451 D MySQLOperate: exerciseData 0 =ExerciseData{, startDate='20210215135705', endDate=20210215143738calendar=20210215, sportsType=0, account=null, step=2488, distance=2250.0, calories=151.0, heart=111, count=0, duration=2433, pace=0.0, realSpeed=0.0, verSpeed=0.0, maxSpeed=0.0, minSpeed=0.0, mapType=1, sportsDataFrom=1, sportsDataIsFromBand=1}
04-22 11:32:35.592  4451  4451 D MySQLOperate: exerciseData 1 =ExerciseData{, startDate='20210225144948', endDate=20210225150021calendar=20210225, sportsType=0, account=null, step=1655, distance=1620.0, calories=119.0, heart=152, count=0, duration=633, pace=7.75, realSpeed=0.0, verSpeed=0.0, maxSpeed=0.0, minSpeed=0.0, mapType=1, sportsDataFrom=1, sportsDataIsFromBand=1}
04-22 11:32:35.593  4451  4451 D MySQLOperate: exerciseData 2 =ExerciseData{, startDate='20210227175451', endDate=20210227182020calendar=20210227, sportsType=0, account=null, step=2627, distance=2090.0, calories=115.0, heart=114, count=0, duration=1529, pace=0.0, realSpeed=0.0, verSpeed=0.0, maxSpeed=0.0, minSpeed=0.0, mapType=1, sportsDataFrom=1, sportsDataIsFromBand=1}
04-22 11:32:35.610  1058  2949 I WifiHAL : event received NL80211_CMD_VENDOR, vendor_id = 0x1374, subcmd = 0xd
04-22 11:32:35.774  3529 20976 I chatty  : uid=10145 com.google.android.gms.persistent expire 28 lines
04-22 11:32:35.808  1635  1713 I WifiService: enableTdls uid=10145 enable=true
04-22 11:32:35.810  1635  3107 I WifiService: enableTdlsWithMacAddress uid=1000 enable=true
04-22 11:32:35.899  3258  3258 D GRIL-S  : [6697]> UPDATE_REGULATORY_DOMAIN
04-22 11:32:35.897  1057  1057 W radioext@1.0-se: type=1400 audit(0.0:10304): avc: denied { search } for name="radio" dev="dm-8" ino=174 scontext=u:r:hal_radioext_default:s0 tcontext=u:object_r:radio_vendor_data_file:s0 tclass=dir permissive=0
04-22 11:32:35.902  3258  4164 D GRIL-S  : [6697]< UPDATE_REGULATORY_DOMAIN 
04-22 11:32:35.947  2959 26759 I chatty  : uid=1002(bluetooth) Binder:2959_7 expire 1 line
04-22 11:32:35.975  1635  4612 I WifiService: enableTdls uid=10145 enable=false
04-22 11:32:35.976  1635  3107 I WifiService: enableTdlsWithMacAddress uid=1000 enable=false
04-22 11:32:35.977 20794 20794 D connectedcrossroad: onEndpointFound: Connection request failure 8012: STATUS_ENDPOINT_IO_ERROR
04-22 11:32:35.977 20794 20794 D connectedcrossroad: onEndpointFound: Sending another connection request.
04-22 11:32:35.977  4451  4451 E MediaPlayerNative: start called in state 0, mPlayer(0x78a87aef00)
04-22 11:32:35.977  4451  4451 E MediaPlayerNative: error (-38, 0)
04-22 11:32:35.978  4451  4451 D cactus  : music is playing
04-22 11:32:35.978  4451  4451 E MediaPlayerNative: start called in state 0, mPlayer(0x78a87aef00)
04-22 11:32:35.978  4451  4451 E MediaPlayerNative: error (-38, 0)
04-22 11:32:35.978  4451  4451 D cactus  : music is playing
04-22 11:32:35.978  4451  4451 E MediaPlayer: Error (-38,0)
04-22 11:32:35.978  4451  4451 E MediaPlayer: Error (-38,0)
04-22 11:32:36.541  1016  1020 E statsd  : Predicate 5980654721335871649 dropping data for dimension key (10)0x2010101->10145[I] (10)0x30000->CastSocketMultiplexer_WakeLock[S] 
04-22 11:32:36.545  2979  3035 W BluetoothEventManager: AclStateChangedHandler: activeDevice is null
04-22 11:32:36.547  1661  1661 I GH.WifiBluetoothRcvr: Connection action: android.bluetooth.device.action.ACL_CONNECTED, device 56:9C:8A:55:20:2C
04-22 11:32:36.548  1661  1661 I GH.WifiBluetoothRcvr: Wireless projection is available on this phone.
04-22 11:32:36.559  1016  1020 E statsd  : Predicate 5980654721335871649 dropping data for dimension key (10)0x2010101->10145[I] (10)0x30000->CastSocketMultiplexer_WakeLock[S] 
04-22 11:32:36.568  1016  1020 E statsd  : Predicate 5980654721335871649 dropping data for dimension key (10)0x2010101->10145[I] (10)0x30000->CastSocketMultiplexer_WakeLock[S] 
04-22 11:32:36.571 14012 14111 I BistoWorker: bluetoothConnectionStateChanged. Action: android.bluetooth.device.action.ACL_CONNECTED
04-22 11:32:36.572  1016  1020 E statsd  : Predicate 5980654721335871649 dropping data for dimension key (10)0x2010101->10145[I] (10)0x30000->CastDeviceController-com.google.android.gms[S] 
04-22 11:32:36.574  1016  1020 E statsd  : Predicate 5980654721335871649 dropping data for dimension key (10)0x2010101->10145[I] (10)0x30000->CastSocketMultiplexer_WakeLock[S] 
04-22 11:32:36.574  1016  1020 E statsd  : Predicate 5980654721335871649 dropping data for dimension key (10)0x2010101->10145[I] (10)0x30000->CastDeviceController-com.google.android.gms[S] 
04-22 11:32:36.574 14012 14111 I DeviceDetector: Not bonded or not refresh cache.
04-22 11:32:36.580  3529 20969 I chatty  : uid=10145 com.google.android.gms.persistent expire 2 lines
04-22 11:32:37.623  1058  2949 I WifiHAL : event received NL80211_CMD_VENDOR, vendor_id = 0x1374, subcmd = 0xd
04-22 11:32:37.779  2959  2977 I chatty  : uid=1002(bluetooth) Binder:2959_3 expire 2 lines
04-22 11:32:37.794  1635  4612 I WifiService: enableTdls uid=10145 enable=true
04-22 11:32:37.796  1635  3107 I WifiService: enableTdlsWithMacAddress uid=1000 enable=true
04-22 11:32:38.414 20794 20794 D connectedcrossroad: onConnectionInitiated: Accepting connection
04-22 11:32:39.510  2979  3035 W BluetoothEventManager: AclStateChangedHandler: activeDevice is null
04-22 11:32:39.515  2959  2959 D BluetoothDatabase: updateDatabase 53:72:F5:72:88:25
04-22 11:32:39.515  1661  1661 I GH.WifiBluetoothRcvr: Connection action: android.bluetooth.device.action.ACL_CONNECTED, device 53:72:F5:72:88:25
04-22 11:32:39.517  2959  3071 D bt_btif_config: btif_get_address_type: Device [53:72:f5:72:88:25] address type 1
04-22 11:32:39.517  2959  3071 D bt_btif_config: btif_get_device_type: Device [53:72:f5:72:88:25] type 2
04-22 11:32:39.517  2959  3615 I bt_stack: [INFO:gatt_api.cc(1105)] GATT_Connectgatt_if=11, address=53:72:f5:72:88:25
04-22 11:32:39.518  1661  1661 I GH.WifiBluetoothRcvr: Wireless projection is available on this phone.
04-22 11:32:39.518  2959  3071 D bt_btif_gatt: btapp_gatts_handle_cback: Empty event (16)!
04-22 11:32:39.531 14012 14111 I BistoWorker: bluetoothConnectionStateChanged. Action: android.bluetooth.device.action.ACL_CONNECTED
04-22 11:32:39.534 14012 14111 I DeviceDetector: Not bonded or not refresh cache.
04-22 11:32:39.536  3529 20965 I chatty  : uid=10145 com.google.android.gms.persistent expire 1 line
04-22 11:32:39.619  1058  2949 I WifiHAL : event received NL80211_CMD_VENDOR, vendor_id = 0x1374, subcmd = 0xd
04-22 11:32:39.747  2959  3615 I bt_stack: [INFO:gatt_api.cc(632)] GATTC_Discover conn_id=0x050c, disc_type=3, s_handle=0x0001, e_handle=0x0003
04-22 11:32:39.844  2959  3615 I bt_stack: [INFO:gatt_api.cc(632)] GATTC_Discover conn_id=0x050c, disc_type=4, s_handle=0x0001, e_handle=0x0003
04-22 11:32:40.039  2959  3615 I bt_stack: [INFO:gatt_api.cc(632)] GATTC_Discover conn_id=0x050c, disc_type=3, s_handle=0x0014, e_handle=0x001a
04-22 11:32:40.090  3529  6029 I chatty  : uid=10145(com.google.android.gms) Binder:3529_C expire 10 lines
04-22 11:32:40.111  2959  3615 I bt_stack: [INFO:gatt_api.cc(632)] GATTC_Discover conn_id=0x050c, disc_type=4, s_handle=0x0014, e_handle=0x001a
04-22 11:32:40.148  2959  3615 I bt_stack: [INFO:gatt_api.cc(632)] GATTC_Discover conn_id=0x050c, disc_type=3, s_handle=0x0028, e_handle=0x002d
04-22 11:32:40.171  2959  3615 I bt_stack: [INFO:gatt_api.cc(632)] GATTC_Discover conn_id=0x050c, disc_type=4, s_handle=0x0028, e_handle=0x002d
04-22 11:32:40.216  2959  3615 I bt_stack: [INFO:gatt_api.cc(632)] GATTC_Discover conn_id=0x050c, disc_type=5, s_handle=0x002b, e_handle=0x002b
04-22 11:32:40.246  2959  3615 I bt_stack: [INFO:gatt_api.cc(632)] GATTC_Discover conn_id=0x050c, disc_type=3, s_handle=0x002e, e_handle=0xffff
04-22 11:32:40.283  2959  3615 I bt_stack: [INFO:gatt_api.cc(632)] GATTC_Discover conn_id=0x050c, disc_type=4, s_handle=0x002e, e_handle=0xffff
04-22 11:32:40.426  2959  3615 I bt_stack: [INFO:gatt_api.cc(632)] GATTC_Discover conn_id=0x050c, disc_type=5, s_handle=0x0039, e_handle=0xffff
04-22 11:32:40.441  2959  3615 I bt_stack: [INFO:bta_gattc_cache.cc(178)] bta_gattc_explore_srvc_finished: service discovery finished
04-22 11:32:40.443  2959  3071 E bt_btif_gattc: btif_gattc_upstreams_evt: Unhandled event (8)!
04-22 11:32:40.447  2959  3071 D bt_bta_gattc: bta_gattc_get_gatt_db
04-22 11:32:40.596  4451  4451 D GetFunctionList: isSupport4 =true,functionType =4194304,function =6055139
04-22 11:32:40.598  4451  4451 D MySQLOperate:  getExciseDataByDate calendar=20210422,exist=true
04-22 11:32:40.599  4451  4451 D MySQLOperate: exerciseData 0 =ExerciseData{, startDate='20210215135705', endDate=20210215143738calendar=20210215, sportsType=0, account=null, step=2488, distance=2250.0, calories=151.0, heart=111, count=0, duration=2433, pace=0.0, realSpeed=0.0, verSpeed=0.0, maxSpeed=0.0, minSpeed=0.0, mapType=1, sportsDataFrom=1, sportsDataIsFromBand=1}
04-22 11:32:40.600  4451  4451 D MySQLOperate: exerciseData 1 =ExerciseData{, startDate='20210225144948', endDate=20210225150021calendar=20210225, sportsType=0, account=null, step=1655, distance=1620.0, calories=119.0, heart=152, count=0, duration=633, pace=7.75, realSpeed=0.0, verSpeed=0.0, maxSpeed=0.0, minSpeed=0.0, mapType=1, sportsDataFrom=1, sportsDataIsFromBand=1}
04-22 11:32:40.600  4451  4451 D MySQLOperate: exerciseData 2 =ExerciseData{, startDate='20210227175451', endDate=20210227182020calendar=20210227, sportsType=0, account=null, step=2627, distance=2090.0, calories=115.0, heart=114, count=0, duration=1529, pace=0.0, realSpeed=0.0, verSpeed=0.0, maxSpeed=0.0, minSpeed=0.0, mapType=1, sportsDataFrom=1, sportsDataIsFromBand=1}
04-22 11:32:40.953  3258  3258 D GRIL-S  : [6698]> UPDATE_REGULATORY_DOMAIN
04-22 11:32:40.950  1057  1057 W radioext@1.0-se: type=1400 audit(0.0:10305): avc: denied { search } for name="radio" dev="dm-8" ino=174 scontext=u:r:hal_radioext_default:s0 tcontext=u:object_r:radio_vendor_data_file:s0 tclass=dir permissive=0
04-22 11:32:40.956  3258  4164 D GRIL-S  : [6698]< UPDATE_REGULATORY_DOMAIN 
04-22 11:32:40.968  3529 20956 I chatty  : uid=10145 com.google.android.gms.persistent expire 31 lines
04-22 11:32:40.970  2959  3615 I bt_stack: [INFO:gatt_api.cc(1219)] GATT_Disconnect conn_id=0x050c
04-22 11:32:40.970  2959  3615 E bt_stack: [ERROR:bta_gattc_utils.cc(433)] bta_gattc_mark_bg_conn unable to find the bg connection mask for bd_addr=53:72:f5:72:88:25
04-22 11:32:40.978  2959  3615 I bt_stack: [INFO:gatt_api.cc(947)] GATT_Register c66b5bd7-f242-aa5a-3c00-827b6f8daf56
04-22 11:32:40.978  2959  3615 I bt_stack: [INFO:gatt_api.cc(967)] allocated gatt_if=12
04-22 11:32:40.992  2959 26759 D BluetoothAdapterService: startDiscovery
04-22 11:32:40.994  2959  3615 W bt_btif : bta_dm_check_av:2
04-22 11:32:40.994  2959  3615 W bt_btif : [0]: state:1, info:x0, avoid_rs 1
04-22 11:32:40.994  2959  3615 W bt_btif : [1]: state:1, info:x0, avoid_rs 1
04-22 11:32:40.994  2959  3615 W bt_btif : [2]: state:1, info:x0, avoid_rs 1
04-22 11:32:40.994  2959  3615 W bt_btif : [3]: state:1, info:x0, avoid_rs 1
04-22 11:32:40.994  2959  3615 W bt_btif : [4]: state:1, info:x0, avoid_rs 1
04-22 11:32:40.994  2959  3615 W bt_btif : [5]: state:1, info:x0, avoid_rs 1
04-22 11:32:40.996  2959  3615 E bt_btif : bte_scan_filt_param_cfg_evt, 23
04-22 11:32:41.009  2959  2975 D BluetoothAdapterService: cancelDiscovery
04-22 11:32:41.025  2959  3071 E BtGatt.ContextMap: Context not found for ID 12
04-22 11:32:41.025  2959  3615 I bt_stack: [INFO:gatt_api.cc(947)] GATT_Register 3aa80526-0b3e-a26b-ae92-0a4023c891b0
04-22 11:32:41.025  2959  3071 E BtGatt.GattService: Advertise app or callback is null
04-22 11:32:41.025  2959  3615 I bt_stack: [INFO:gatt_api.cc(967)] allocated gatt_if=12
04-22 11:32:41.036  2959  3071 D bt_btif_config: btif_get_address_type: Device [67:87:eb:f3:0c:f2] address type 1
04-22 11:32:41.036  2959  3071 D bt_btif_config: btif_get_device_type: Device [67:87:eb:f3:0c:f2] type 2
04-22 11:32:41.037  2959  3615 I bt_stack: [INFO:gatt_api.cc(1105)] GATT_Connectgatt_if=12, address=67:87:eb:f3:0c:f2
04-22 11:32:41.037  2959  3615 I bt_stack: [INFO:btm_ble_bgconn.cc(215)] btm_add_dev_to_controller addig RPA into white list
04-22 11:32:41.092  4262  4262 D CounterService: onReceive steptracker.healthandfitness.walkingtracker.pedometer.BROADCAST_NOTIFY_STATUS
04-22 11:32:41.292  3529 20987 I chatty  : uid=10145 com.google.android.gms.persistent expire 10 lines
04-22 11:32:41.627  1058  2949 I WifiHAL : event received NL80211_CMD_VENDOR, vendor_id = 0x1374, subcmd = 0xd
04-22 11:32:42.401  3529 20622 I chatty  : uid=10145(com.google.android.gms) highpool[388] expire 20 lines
04-22 11:32:42.407  3529 20661 I chatty  : uid=10145(com.google.android.gms) highpool[394] expire 21 lines
04-22 11:32:42.543  1016  1020 E statsd  : Predicate 5980654721335871649 dropping data for dimension key (10)0x2010101->10145[I] (10)0x30000->CastSocketMultiplexer_WakeLock[S] 
04-22 11:32:42.558  1016  1020 E statsd  : Predicate 5980654721335871649 dropping data for dimension key (10)0x2010101->10145[I] (10)0x30000->CastSocketMultiplexer_WakeLock[S] 
04-22 11:32:42.562  1016  1020 E statsd  : Predicate 5980654721335871649 dropping data for dimension key (10)0x2010101->10145[I] (10)0x30000->CastDeviceController-com.google.android.gms[S] 
04-22 11:32:42.565  1016  1020 E statsd  : Predicate 5980654721335871649 dropping data for dimension key (10)0x2010101->10145[I] (10)0x30000->CastSocketMultiplexer_WakeLock[S] 
04-22 11:32:42.567  1016  1020 E statsd  : Predicate 5980654721335871649 dropping data for dimension key (10)0x2010101->10145[I] (10)0x30000->CastDeviceController-com.google.android.gms[S] 
04-22 11:32:43.627  1058  2949 I WifiHAL : event received NL80211_CMD_VENDOR, vendor_id = 0x1374, subcmd = 0xd
04-22 11:32:38.156  1635  2891 I chatty  : uid=1000(system) ConnectivitySer identical 1 line
04-22 11:32:41.178  1635  2891 D ConnectivityService: NetReassign [no changes]
04-22 11:32:43.964  1635  1775 I ActivityManager: Waited long enough for: ServiceRecord{ddaed5f u0 com.google.android.googlequicksearchbox/com.google.android.apps.gsa.shared.util.keepalive.StandaloneKeepAlive$KeepAliveService}
04-22 11:32:44.202  1635  2891 D ConnectivityService: NetReassign [no changes]
04-22 11:32:44.503 20794 20794 D connectedcrossroad: data collect: burst start
04-22 11:32:44.503 20794 20794 V data    : Payload RX: 0
04-22 11:32:44.503 20794 20794 V data    : Payload TX: 0
04-22 11:32:44.503 20794 20794 V data    : Total RX: 0
04-22 11:32:44.503 20794 20794 V data    : Total TX: 0
04-22 11:32:44.503 20794 20794 D connectedcrossroad: sendMessage: Sent message
04-22 11:32:44.508  1635  3044 I system_server: oneway function results will be dropped but finished with status OK and parcel size 4
04-22 11:32:44.508 14602 14896 D audio_route: Apply path: speaker
04-22 11:32:44.508 14602 14896 D audio_hw_primary: enable_snd_device: snd_device(104: vi-feedback)
04-22 11:32:44.508 14602 14896 D audio_route: Apply path: vi-feedback
04-22 11:32:44.508 14602 14896 E audio_hw_utils: audio_extn_utils_send_app_type_cfg: Failed to derive app_type for uc type : 0x1
04-22 11:32:44.508 14602 14896 D ACDB-LOADER: ACDB -> send_audio_cal, acdb_id = 512, path = 1, app id = 0x11132, sample rate = 48000
04-22 11:32:44.508 14602 14896 D ACDB-LOADER: ACDB -> send_asm_topology
04-22 11:32:44.508 14602 14896 D ACDB-LOADER: ACDB -> ACDB_CMD_GET_AUDPROC_STREAM_TOPOLOGY_ID
04-22 11:32:44.508 14602 14896 D ACDB-LOADER: ACDB -> send_adm_topology
04-22 11:32:44.508 14602 14896 D ACDB-LOADER: ACDB -> ACDB_CMD_GET_AUDPROC_COMMON_TOPOLOGY_ID
04-22 11:32:44.508 14602 14896 D ACDB-LOADER: ACDB -> send_audtable
04-22 11:32:44.508 14602 14896 D ACDB-LOADER: ACDB -> ACDB_CMD_GET_AUDPROC_COMMON_TABLE_SIZE
04-22 11:32:44.508 14602 14896 D ACDB-LOADER: ACDB -> ACDB_CMD_GET_AUDPROC_COMMON_TABLE
04-22 11:32:44.508 14602 14896 D ACDB-LOADER: ACDB -> AUDIO_SET_AUDPROC_CAL
04-22 11:32:44.508 14602 14896 D ACDB-LOADER: ACDB -> send_audvoltable
04-22 11:32:44.508 14602 14896 D ACDB-LOADER: ACDB -> ACDB_CMD_GET_AUDPROC_VOL_STEP_TABLE_SIZE
04-22 11:32:44.508 14602 14896 D ACDB-LOADER: ACDB -> ACDB_CMD_GET_AUDPROC_GAIN_DEP_STEP_TABLE, vol index 0
04-22 11:32:44.508 14602 14896 D android.hardware.audio.service: Failed to fetch the lookup information of the device 00000200 
04-22 11:32:44.508 14602 14896 E ACDB-LOADER: Error: ACDB AudProc vol returned = -19
04-22 11:32:44.508 14602 14896 D ACDB-LOADER: ACDB -> AUDIO_SET_VOL_CAL cal type = 12
04-22 11:32:44.508 14602 14896 D ACDB-LOADER: ACDB -> ACDB_CMD_GET_AUDPROC_STREAM_TABLE_SIZE
04-22 11:32:44.508 14602 14896 D ACDB-LOADER: ACDB -> send_audstrmtable
04-22 11:32:44.508 14602 14896 D ACDB-LOADER: ACDB -> ACDB_CMD_GET_AUDPROC_STREAM_TABLE_V2
04-22 11:32:44.508 14602 14896 D ACDB-LOADER: ACDB -> audstrm_cal->cal_type.cal_data.cal_size = 16
04-22 11:32:44.508  1635  3044 I system_server: oneway function results will be dropped but finished with status OK and parcel size 4
04-22 11:32:44.508 14602 14896 D ACDB-LOADER: ACDB -> send_afe_topology
04-22 11:32:44.508 14602 14896 D ACDB-LOADER: ACDB -> ACDB_CMD_GET_AFE_TOPOLOGY_ID
04-22 11:32:44.508 14602 14896 D ACDB-LOADER: ACDB -> GET_AFE_TOPOLOGY_ID for adcd_id 512, Topology Id 10001ccc
04-22 11:32:44.508 14602 14896 D ACDB-LOADER: ACDB -> send_afe_cal
04-22 11:32:44.508 14602 14896 D ACDB-LOADER: ACDB -> ACDB_CMD_GET_AFE_COMMON_TABLE_SIZE
04-22 11:32:44.508 14602 14896 D ACDB-LOADER: ACDB -> ACDB_CMD_GET_AFE_COMMON_TABLE
04-22 11:32:44.508 14602 14896 D ACDB-LOADER: ACDB -> AUDIO_SET_AFE_CAL
04-22 11:32:44.508 14602 14896 D ACDB-LOADER: ACDB -> send_hw_delay : acdb_id = 512 path = 1
04-22 11:32:44.508 14602 14896 D ACDB-LOADER: ACDB -> ACDB_AVSYNC_INFO: ACDB_CMD_GET_DEVICE_PROPERTY
04-22 11:32:44.508 14602 14896 D audio_hw_primary: enable_audio_route: usecase(25) apply and update mixer path: spkr-vi-record vi-feedback
04-22 11:32:44.508 14602 14896 D audio_route: Apply path: spkr-vi-record vi-feedback
04-22 11:32:44.544 14602 14896 D ACDB-LOADER: ACDB -> send_audio_cal, acdb_id = 513, path = 0, app id = 0x11130, sample rate = 48000
04-22 11:32:44.545 14602 14896 D ACDB-LOADER: ACDB -> send_asm_topology
04-22 11:32:44.545 14602 14896 D ACDB-LOADER: ACDB -> ACDB_CMD_GET_AUDPROC_STREAM_TOPOLOGY_ID
04-22 11:32:44.545 14602 14896 D ACDB-LOADER: ACDB -> send_adm_topology
04-22 11:32:44.545 14602 14896 D ACDB-LOADER: ACDB -> ACDB_CMD_GET_AUDPROC_COMMON_TOPOLOGY_ID
04-22 11:32:44.545 14602 14896 D ACDB-LOADER: ACDB -> send_audtable
04-22 11:32:44.545 14602 14896 D ACDB-LOADER: ACDB -> ACDB_CMD_GET_AUDPROC_COMMON_TABLE_SIZE
04-22 11:32:44.545 14602 14896 D ACDB-LOADER: ACDB -> ACDB_CMD_GET_AUDPROC_COMMON_TABLE
04-22 11:32:44.545 14602 14896 D ACDB-LOADER: ACDB -> AUDIO_SET_AUDPROC_CAL
04-22 11:32:44.545 14602 14896 D ACDB-LOADER: ACDB -> send_audvoltable
04-22 11:32:44.545 14602 14896 D ACDB-LOADER: ACDB -> ACDB_CMD_GET_AUDPROC_VOL_STEP_TABLE_SIZE
04-22 11:32:44.545 14602 14896 D ACDB-LOADER: ACDB -> ACDB_CMD_GET_AUDPROC_GAIN_DEP_STEP_TABLE, vol index 0
04-22 11:32:44.545 14602 14896 D android.hardware.audio.service: Failed to fetch the lookup information of the device 00000201 
04-22 11:32:44.545 14602 14896 E ACDB-LOADER: Error: ACDB AudProc vol returned = -19
04-22 11:32:44.545 14602 14896 D ACDB-LOADER: ACDB -> AUDIO_SET_VOL_CAL cal type = 12
04-22 11:32:44.545 14602 14896 D ACDB-LOADER: ACDB -> ACDB_CMD_GET_AUDPROC_STREAM_TABLE_SIZE
04-22 11:32:44.545 14602 14896 D ACDB-LOADER: ACDB -> send_audstrmtable
04-22 11:32:44.545 14602 14896 D ACDB-LOADER: ACDB -> ACDB_CMD_GET_AUDPROC_STREAM_TABLE_V2
04-22 11:32:44.545 14602 14896 D ACDB-LOADER: ACDB -> audstrm_cal->cal_type.cal_data.cal_size = 488
04-22 11:32:44.545 14602 14896 D ACDB-LOADER: ACDB -> send_afe_topology
04-22 11:32:44.545 14602 14896 D ACDB-LOADER: ACDB -> ACDB_CMD_GET_AFE_TOPOLOGY_ID
04-22 11:32:44.545 14602 14896 D ACDB-LOADER: ACDB -> GET_AFE_TOPOLOGY_ID for adcd_id 513, Topology Id 10000ccc
04-22 11:32:44.545 14602 14896 D ACDB-LOADER: ACDB -> send_afe_cal
04-22 11:32:44.545 14602 14896 D ACDB-LOADER: ACDB -> ACDB_CMD_GET_AFE_COMMON_TABLE_SIZE
04-22 11:32:44.545 14602 14896 D ACDB-LOADER: ACDB -> ACDB_CMD_GET_AFE_COMMON_TABLE
04-22 11:32:44.545 14602 14896 D ACDB-LOADER: ACDB -> AUDIO_SET_AFE_CAL
04-22 11:32:44.545 14602 14896 D ACDB-LOADER: ACDB -> send_hw_delay : acdb_id = 513 path = 0
04-22 11:32:44.545 14602 14896 D ACDB-LOADER: ACDB -> ACDB_AVSYNC_INFO: ACDB_CMD_GET_DEVICE_PROPERTY
04-22 11:32:44.545 14602 14896 D audio_hw_primary: enable_audio_route: usecase(1) apply and update mixer path: low-latency-playback speaker
04-22 11:32:44.545 14602 14896 D audio_route: Apply path: low-latency-playback speaker
04-22 11:32:44.600 14602 14896 D audio_hw_primary: out_write: retry previous failed cal level set
04-22 11:32:44.752 14601 14613 W APM::AudioPolicyEngine: getDevicesForStrategy() unknown strategy: -1
04-22 11:32:44.753  1635  1713 I system_server: oneway function results will be dropped but finished with status OK and parcel size 4
04-22 11:32:44.841 20794 20945 D connectedcrossroad: dataTxThread: Pulled AODV data from queue
04-22 11:32:45.342 20794 20945 D connectedcrossroad: dataTxThread: Pulled AODV data from queue
04-22 11:32:45.507 20794 20794 V data    : Payload RX: 0
04-22 11:32:45.507 20794 20794 V data    : Payload TX: 0
04-22 11:32:45.507 20794 20794 V data    : Total RX: 0
04-22 11:32:45.507 20794 20794 V data    : Total TX: 0
04-22 11:32:45.507 20794 20794 D connectedcrossroad: sendMessage: Sent message
04-22 11:32:45.604  4451  4451 D GetFunctionList: isSupport4 =true,functionType =4194304,function =6055139
04-22 11:32:45.607  4451  4451 D MySQLOperate:  getExciseDataByDate calendar=20210422,exist=true
04-22 11:32:45.609  4451  4451 D MySQLOperate: exerciseData 0 =ExerciseData{, startDate='20210215135705', endDate=20210215143738calendar=20210215, sportsType=0, account=null, step=2488, distance=2250.0, calories=151.0, heart=111, count=0, duration=2433, pace=0.0, realSpeed=0.0, verSpeed=0.0, maxSpeed=0.0, minSpeed=0.0, mapType=1, sportsDataFrom=1, sportsDataIsFromBand=1}
04-22 11:32:45.610  4451  4451 D MySQLOperate: exerciseData 1 =ExerciseData{, startDate='20210225144948', endDate=20210225150021calendar=20210225, sportsType=0, account=null, step=1655, distance=1620.0, calories=119.0, heart=152, count=0, duration=633, pace=7.75, realSpeed=0.0, verSpeed=0.0, maxSpeed=0.0, minSpeed=0.0, mapType=1, sportsDataFrom=1, sportsDataIsFromBand=1}
04-22 11:32:45.611  4451  4451 D MySQLOperate: exerciseData 2 =ExerciseData{, startDate='20210227175451', endDate=20210227182020calendar=20210227, sportsType=0, account=null, step=2627, distance=2090.0, calories=115.0, heart=114, count=0, duration=1529, pace=0.0, realSpeed=0.0, verSpeed=0.0, maxSpeed=0.0, minSpeed=0.0, mapType=1, sportsDataFrom=1, sportsDataIsFromBand=1}
04-22 11:32:45.629  1058  2949 I WifiHAL : event received NL80211_CMD_VENDOR, vendor_id = 0x1374, subcmd = 0xd
04-22 11:32:45.844 20794 20945 D connectedcrossroad: dataTxThread: Pulled AODV data from queue
04-22 11:32:45.844 20794 20945 D connectedcrossroad: dataTxThread: Pulled AODV data from queue
04-22 11:32:45.958  3258  3258 D GRIL-S  : [6699]> UPDATE_REGULATORY_DOMAIN
04-22 11:32:45.960  3258  4164 D GRIL-S  : [6699]< UPDATE_REGULATORY_DOMAIN 
04-22 11:32:45.953  1057  1057 W radioext@1.0-se: type=1400 audit(0.0:10306): avc: denied { search } for name="radio" dev="dm-8" ino=174 scontext=u:r:hal_radioext_default:s0 tcontext=u:object_r:radio_vendor_data_file:s0 tclass=dir permissive=0
04-22 11:32:45.979  4451  4451 E MediaPlayerNative: start called in state 0, mPlayer(0x78a87aef00)
04-22 11:32:45.979  4451  4451 E MediaPlayerNative: error (-38, 0)
04-22 11:32:45.979  4451  4451 D cactus  : music is playing
04-22 11:32:45.980  4451  4451 E MediaPlayerNative: start called in state 0, mPlayer(0x78a87aef00)
04-22 11:32:45.980  4451  4451 E MediaPlayerNative: error (-38, 0)
04-22 11:32:45.980  4451  4451 D cactus  : music is playing
04-22 11:32:45.980  4451  4451 E MediaPlayer: Error (-38,0)
04-22 11:32:45.980  4451  4451 E MediaPlayer: Error (-38,0)
04-22 11:32:46.016  2959  3615 I bt_stack: [INFO:gatt_api.cc(1164)] GATT_CancelConnect: gatt_if:12, address: 67:87:eb:f3:0c:f2, direct:1
04-22 11:32:46.017  2959  3615 W bt_stack: [WARNING:bta_gattc_act.cc(1044)] bta_gattc_conn_cback: cif=3 connected=0 conn_id=0x0603 reason=0x0016
04-22 11:32:46.017  2959  3615 W bt_stack: [WARNING:bta_gattc_act.cc(1044)] bta_gattc_conn_cback: cif=4 connected=0 conn_id=0x0604 reason=0x0016
04-22 11:32:46.017  2959  3615 W bt_stack: [WARNING:bta_gattc_act.cc(1044)] bta_gattc_conn_cback: cif=5 connected=0 conn_id=0x0605 reason=0x0016
04-22 11:32:46.017  2959  3615 W bt_stack: [WARNING:bta_gattc_act.cc(1044)] bta_gattc_conn_cback: cif=6 connected=0 conn_id=0x0606 reason=0x0016
04-22 11:32:46.017  2959  3615 W bt_stack: [WARNING:bta_gattc_act.cc(1044)] bta_gattc_conn_cback: cif=7 connected=0 conn_id=0x0607 reason=0x0016
