04-22 11:09:09.760  1749  1794 I chatty  : uid=1000(system) PackageManager expire 45 lines
04-22 11:09:10.038  1749  2067 I chatty  : uid=1000(system) AccountManagerS expire 1 line
04-22 11:09:10.045  1749  2646 I chatty  : uid=1000(system) android.fg expire 1 line
04-22 11:09:10.119  1749  1768 I chatty  : uid=1000(system) Binder:1749_2 expire 1 line
04-22 11:09:10.274  1749  1749 I chatty  : uid=1000 system_server expire 11 lines
04-22 11:09:10.307  1749  1769 I chatty  : uid=1000(system) android.fg expire 2 lines
04-22 11:09:10.318  1749  2240 I chatty  : uid=1000(system) Binder:1749_4 expire 5 lines
04-22 11:09:10.321  1749  1781 I chatty  : uid=1000(system) ActivityManager expire 16 lines
04-22 11:09:10.651  1749 11122 I chatty  : uid=1000(system) Binder:1749_1E expire 4 lines
04-22 11:09:10.690  1749  1782 I chatty  : uid=1000(system) ActivityManager expire 4 lines
04-22 11:09:10.697  1749  1773 I chatty  : uid=1000(system) android.anim expire 11 lines
04-22 11:09:11.058  1749 11470 I chatty  : uid=1000(system) Binder:1749_1F expire 4 lines
04-22 11:09:11.363  1749  3486 I chatty  : uid=1000(system) Binder:1749_12 expire 1 line
04-22 11:09:17.233  1749  2054 I chatty  : uid=1000(system) UEventObserver expire 7 lines
04-22 11:09:32.350  1749  2749 I chatty  : uid=1000(system) Binder:1749_9 expire 1 line
04-22 11:09:34.941  1749  2257 I chatty  : uid=1000(system) NsdService expire 7 lines
04-22 11:13:12.617  1749 11475 I chatty  : uid=1000(system) Binder:1749_20 expire 7 lines
04-22 11:13:12.700  1749  1772 I chatty  : uid=1000(system) android.display expire 1 line
04-22 11:13:12.706  1749  7481 I chatty  : uid=1000(system) Binder:1749_18 expire 1 line
04-22 11:13:31.672  1749  1794 I chatty  : uid=1000(system) PackageManager expire 45 lines
04-22 11:13:31.934  1749  2067 I chatty  : uid=1000(system) AccountManagerS expire 1 line
04-22 11:13:31.942  1749  2646 I chatty  : uid=1000(system) android.fg expire 1 line
04-22 11:13:31.948  1749  1781 I chatty  : uid=1000(system) ActivityManager expire 22 lines
04-22 11:13:31.974  1749  1749 I chatty  : uid=1000 system_server expire 14 lines
04-22 11:13:32.012  1749  3484 I chatty  : uid=1000(system) Binder:1749_10 expire 1 line
04-22 11:13:32.164  1749  2749 I chatty  : uid=1000(system) Binder:1749_9 expire 1 line
04-22 11:13:32.172  1749  1769 I chatty  : uid=1000(system) android.fg expire 2 lines
04-22 11:13:32.499  1749 11470 I chatty  : uid=1000(system) Binder:1749_1F expire 6 lines
04-22 11:13:32.542  1749  1782 I chatty  : uid=1000(system) ActivityManager expire 2 lines
04-22 11:13:32.547  1749  1773 I chatty  : uid=1000(system) android.anim expire 18 lines
04-22 11:13:48.285  1749  2257 I chatty  : uid=1000(system) NsdService expire 12 lines
04-22 11:13:48.867  2313  2313 V DeadZone: consuming errant click: (31.955618,0.05529785)
04-22 11:13:48.868  2313  2313 V DeadZone: consuming errant click: (31.955618,0.05529785)
04-22 11:13:52.730  1749  2603 I chatty  : uid=1000(system) Binder:1749_8 expire 1 line
04-22 11:13:55.506  1749  1781 I chatty  : uid=1000(system) ActivityManager expire 13 lines
04-22 11:14:24.432  1749  2054 I chatty  : uid=1000(system) UEventObserver expire 2 lines
04-22 11:14:49.164  1749  3451 I chatty  : uid=1000(system) Binder:1749_B expire 1 line
04-22 11:14:51.231  1749  7787 I chatty  : uid=1000(system) Binder:1749_1A expire 7 lines
04-22 11:14:51.300  1749 10173 I chatty  : uid=1000(system) Binder:1749_1D expire 1 line
04-22 11:14:51.331  1749  1772 I chatty  : uid=1000(system) android.display expire 1 line
04-22 11:14:54.399  1749  1749 I chatty  : uid=1000 system_server expire 7 lines
04-22 11:15:18.578  1749  1780 I chatty  : uid=1000(system) android.bg expire 2 lines
04-22 11:15:20.113  1749  9826 I chatty  : uid=1000(system) Binder:1749_1C expire 5 lines
04-22 11:15:24.492  1749  8013 I chatty  : uid=1000(system) Binder:1749_1B expire 5 lines
04-22 11:15:25.514  1749  7481 I chatty  : uid=1000(system) Binder:1749_18 expire 1 line
04-22 11:15:25.515  1749  3453 I chatty  : uid=1000(system) Binder:1749_C expire 1 line
04-22 11:15:48.785  1749 11475 I chatty  : uid=1000(system) Binder:1749_20 expire 2 lines
04-22 11:16:26.706  1749  1781 I chatty  : uid=1000(system) ActivityManager expire 26 lines
04-22 11:16:27.313  1749  2054 I chatty  : uid=1000(system) UEventObserver expire 3 lines
04-22 11:16:45.888  1749  7481 I chatty  : uid=1000(system) Binder:1749_18 expire 1 line
04-22 11:17:45.889  1749  1767 I chatty  : uid=1000(system) Binder:1749_1 expire 1 line
04-22 11:18:57.331  1749  8013 I chatty  : uid=1000(system) Binder:1749_1B expire 11 lines
04-22 11:18:57.410  1749  1772 I chatty  : uid=1000(system) android.display expire 1 line
04-22 11:18:57.419  1749  1773 I chatty  : uid=1000(system) android.anim expire 9 lines
04-22 11:19:00.094  1749  2257 I chatty  : uid=1000(system) NsdService expire 2 lines
04-22 11:19:00.118  1749  1749 I chatty  : uid=1000 system_server expire 12 lines
04-22 11:19:12.584  1749  1794 I chatty  : uid=1000(system) PackageManager expire 45 lines
04-22 11:19:12.798  1749  2067 I chatty  : uid=1000(system) AccountManagerS expire 1 line
04-22 11:19:12.800  1749  2646 I chatty  : uid=1000(system) android.fg expire 1 line
04-22 11:19:12.887  1749  5874 I chatty  : uid=1000(system) Binder:1749_17 expire 1 line
04-22 11:19:13.061  1749  1769 I chatty  : uid=1000(system) android.fg expire 2 lines
04-22 11:19:13.089  1749  3484 I chatty  : uid=1000(system) Binder:1749_10 expire 1 line
04-22 11:19:13.370  1749 10173 I chatty  : uid=1000(system) Binder:1749_1D expire 4 lines
04-22 11:19:13.407  1749  1782 I chatty  : uid=1000(system) ActivityManager expire 9 lines
04-22 11:19:28.684  1749  1773 I chatty  : uid=1000(system) android.anim expire 9 lines
04-22 11:19:31.266  1749  1749 I chatty  : uid=1000 system_server expire 10 lines
04-22 11:19:31.622  1749  2257 I chatty  : uid=1000(system) NsdService expire 7 lines
04-22 11:19:31.627  1749  2054 I chatty  : uid=1000(system) UEventObserver expire 8 lines
04-22 11:19:36.099  1749 10173 I chatty  : uid=1000(system) Binder:1749_1D expire 3 lines
04-22 11:19:37.020  1749  1781 I chatty  : uid=1000(system) ActivityManager expire 11 lines
04-22 11:19:46.717  1749  3451 I chatty  : uid=1000(system) Binder:1749_B expire 2 lines
04-22 11:19:47.096  1749  2255 I chatty  : uid=1000(system) ConnectivitySer expire 20 lines
04-22 11:19:47.155  1749 18096 I chatty  : uid=1000(system) AdbDebuggingMan expire 2 lines
04-22 11:19:47.155  1749  1769 I chatty  : uid=1000(system) android.fg expire 4 lines
04-22 11:21:22.593  1749  9826 I chatty  : uid=1000(system) Binder:1749_1C expire 2 lines
04-22 11:22:10.105   984   984 W wificond: Scan is not started. Ignore abort request
04-22 11:23:14.634  1749  5874 I chatty  : uid=1000(system) Binder:1749_17 expire 3 lines
04-22 11:23:15.173  1749  7787 I chatty  : uid=1000(system) Binder:1749_1A expire 1 line
04-22 11:23:17.650  1749 27554 I chatty  : uid=1000(system) HwBinder:1749_4 expire 1 line
04-22 11:23:17.701  1749  1771 I chatty  : uid=1000(system) android.io expire 1 line
04-22 11:23:17.737  1749  1789 I chatty  : uid=1000(system) PowerManagerSer expire 1 line
04-22 11:23:19.062  1749  5605 I chatty  : uid=1000(system) Binder:1749_16 expire 3 lines
04-22 11:23:19.221  1749  8013 I chatty  : uid=1000(system) Binder:1749_1B expire 6 lines
04-22 11:23:19.349  1749 11122 I chatty  : uid=1000(system) Binder:1749_1E expire 1 line
04-22 11:23:19.594  1749  3454 I chatty  : uid=1000(system) Binder:1749_D expire 9 lines
04-22 11:23:35.005  1749  2464 I chatty  : uid=1000(system) Binder:1749_7 expire 2 lines
04-22 11:23:36.690   984   984 W wificond: No pno scan started
04-22 11:23:36.690   984   984 W wificond: Scheduled scan is not running!
04-22 11:23:36.699   833   833 W android.hardware.wifi@1.0-service: No active wlan interfaces in use! Using default
04-22 11:23:36.931   984   984 I wificond: Unsubscribe scan result for interface with index: 26
04-22 11:23:36.979   833  2705 I android.hardware.wifi@1.0-service: Legacy HAL stop complete callback received
04-22 11:23:37.847   833   833 I android.hardware.wifi@1.0-service: Wifi HAL stopped
04-22 11:23:37.914   833   833 E android.hardware.wifi@1.0-service:  User build,dont Start logging service.
04-22 11:23:38.765   833   833 I android.hardware.wifi@1.0-service: Wifi HAL started
04-22 11:23:38.794   833   833 I android.hardware.wifi@1.0-service: Adding interface handle for wlan0
04-22 11:23:38.794   833   833 I android.hardware.wifi@1.0-service: Adding interface handle for p2p0
04-22 11:23:38.794   833   833 W android.hardware.wifi@1.0-service: No active wlan interfaces in use! Using default
04-22 11:23:38.794   833   833 W android.hardware.wifi@1.0-service: No active wlan interfaces in use! Using default
04-22 11:23:38.798   833   833 I android.hardware.wifi@1.0-service: Configured chip in mode 0
04-22 11:23:38.798   833   833 W android.hardware.wifi@1.0-service: No active wlan interfaces in use! Using default
04-22 11:23:38.817   984   984 I wificond: create scanner for interface with index: 28
04-22 11:23:38.817   984   984 I wificond: subscribe scan result for interface with index: 28
04-22 11:23:38.822   984   984 E wificond: No Offload Service available
04-22 11:23:38.822   984   984 I wificond: Offload HAL not supported 
04-22 11:23:38.853  1749  2250 I chatty  : uid=1000(system) ClientModeImpl expire 5 lines
04-22 11:23:38.857   833   833 W android.hardware.wifi@1.0-service: No active wlan interfaces in use! Using default
04-22 11:23:38.861   984   984 I wificond: Unsubscribe scan result for interface with index: 28
04-22 11:23:38.875   833 12336 I android.hardware.wifi@1.0-service: Legacy HAL stop complete callback received
04-22 11:23:39.701   833   833 I android.hardware.wifi@1.0-service: Wifi HAL stopped
04-22 11:23:39.723   833   833 E android.hardware.wifi@1.0-service:  User build,dont Start logging service.
04-22 11:23:40.470   833   833 I android.hardware.wifi@1.0-service: Wifi HAL started
04-22 11:23:40.807   833   833 I android.hardware.wifi@1.0-service: Adding interface handle for wlan0
04-22 11:23:40.807   833   833 I android.hardware.wifi@1.0-service: Adding interface handle for p2p0
04-22 11:23:40.807   833   833 W android.hardware.wifi@1.0-service: No active wlan interfaces in use! Using default
04-22 11:23:40.808   833   833 W android.hardware.wifi@1.0-service: No active wlan interfaces in use! Using default
04-22 11:23:40.814   833   833 I android.hardware.wifi@1.0-service: Configured chip in mode 0
04-22 11:23:40.814   833   833 W android.hardware.wifi@1.0-service: No active wlan interfaces in use! Using default
04-22 11:23:40.838   984   984 I wificond: create scanner for interface with index: 30
04-22 11:23:40.838   984   984 I wificond: subscribe scan result for interface with index: 30
04-22 11:23:40.841   984   984 E wificond: No Offload Service available
04-22 11:23:40.841   984   984 I wificond: Offload HAL not supported 
04-22 11:23:41.039  1749  1785 I chatty  : uid=1000(system) batterystats-wo expire 1 line
04-22 11:23:41.863   984   984 W wificond: Scan is not started. Ignore abort request
04-22 11:23:42.209  1749  3487 I chatty  : uid=1000(system) Binder:1749_13 expire 1 line
04-22 11:23:42.299  1749  2749 I chatty  : uid=1000(system) Binder:1749_9 expire 2 lines
04-22 11:23:43.120  1749  2444 I chatty  : uid=1000(system) Binder:1749_6 expire 1 line
04-22 11:23:43.204   728  1284 E NetlinkEvent: NetlinkEvent::FindParam(): Parameter 'INTERFACE' not found
04-22 11:23:43.204   728  1284 E NetlinkEvent: NetlinkEvent::FindParam(): Parameter 'STATE' not found
04-22 11:23:43.204   728  1284 E NetlinkEvent: NetlinkEvent::FindParam(): Parameter 'TIME_NS' not found
04-22 11:23:43.204   728  1284 E NetlinkEvent: NetlinkEvent::FindParam(): Parameter 'UID' not found
04-22 11:23:43.208  1749  2255 I chatty  : uid=1000(system) ConnectivitySer expire 7 lines
04-22 11:23:43.366  1749  8013 I chatty  : uid=1000(system) Binder:1749_1B expire 5 lines
04-22 11:23:43.367  1749  3453 I chatty  : uid=1000(system) Binder:1749_C expire 4 lines
04-22 11:23:43.640  1749  2917 I chatty  : uid=1000(system) Binder:1749_A expire 2 lines
04-22 11:23:43.678 24881 26622 W Binder  : reply too large data on java level: InterfaceDescriptor = null, code = 46
04-22 11:23:44.535  1749  1781 I chatty  : uid=1000(system) ActivityManager expire 5 lines
04-22 11:23:44.571  1749  1782 I chatty  : uid=1000(system) ActivityManager expire 4 lines
04-22 11:23:44.946  1749  3487 I chatty  : uid=1000(system) Binder:1749_13 expire 1 line
04-22 11:23:48.750 24881 25758 W Binder  : reply too large data on java level: InterfaceDescriptor = null, code = 46
04-22 11:23:49.311  1749  2464 I chatty  : uid=1000(system) Binder:1749_7 expire 1 line
04-22 11:23:49.747  1749 18096 I chatty  : uid=1000(system) AdbDebuggingMan expire 6 lines
04-22 11:23:49.748  1749  1769 I chatty  : uid=1000(system) android.fg expire 7 lines
04-22 11:23:53.793 24881 25758 W Binder  : reply too large data on java level: InterfaceDescriptor = null, code = 46
04-22 11:23:55.413  1749  2749 I chatty  : uid=1000(system) Binder:1749_9 expire 2 lines
04-22 11:23:58.870 24881  9794 W Binder  : reply too large data on java level: InterfaceDescriptor = null, code = 46
04-22 11:24:02.818  1749  3454 I chatty  : uid=1000(system) Binder:1749_D expire 1 line
04-22 11:24:02.818  1749  2039 I chatty  : uid=1000(system) Binder:1749_3 expire 1 line
04-22 11:24:02.818  1749  2444 I chatty  : uid=1000(system) Binder:1749_6 expire 9 lines
04-22 11:24:03.960 24881 10830 W Binder  : reply too large data on java level: InterfaceDescriptor = null, code = 46
04-22 11:24:07.840  1749  2240 I chatty  : uid=1000(system) Binder:1749_4 expire 2 lines
04-22 11:24:08.996 24881  9794 W Binder  : reply too large data on java level: InterfaceDescriptor = null, code = 46
04-22 11:24:14.057 24881  9794 W Binder  : reply too large data on java level: InterfaceDescriptor = null, code = 46
04-22 11:24:18.382  1749  2054 I chatty  : uid=1000(system) UEventObserver expire 6 lines
04-22 11:24:19.129 24881  9794 W Binder  : reply too large data on java level: InterfaceDescriptor = null, code = 46
04-22 11:24:24.217 24881  9794 W Binder  : reply too large data on java level: InterfaceDescriptor = null, code = 46
04-22 11:24:27.232  1749 18151 I chatty  : uid=1000(system) HwBinder:1749_5 expire 2 lines
04-22 11:24:27.284  1749  1789 I chatty  : uid=1000(system) PowerManagerSer expire 1 line
04-22 11:24:29.297 24881  9794 W Binder  : reply too large data on java level: InterfaceDescriptor = null, code = 46
04-22 11:24:34.363 24881  9794 I chatty  : uid=10158(com.google.android.gms) Binder:24881_C identical 4 lines
04-22 11:24:39.439 24881  9794 W Binder  : reply too large data on java level: InterfaceDescriptor = null, code = 46
04-22 11:24:43.480  1749  1773 I chatty  : uid=1000(system) android.anim expire 10 lines
04-22 11:24:44.173  1749  7787 I chatty  : uid=1000(system) Binder:1749_1A expire 5 lines
04-22 11:24:44.182  1749  1749 I chatty  : uid=1000 system_server expire 9 lines
04-22 11:24:44.466 24881 10830 W Binder  : reply too large data on java level: InterfaceDescriptor = null, code = 46
04-22 11:24:49.527 24881 10830 W Binder  : reply too large data on java level: InterfaceDescriptor = null, code = 46
04-22 11:24:51.433  1749  1772 I chatty  : uid=1000(system) android.display expire 2 lines
04-22 11:24:54.567 24881 10830 W Binder  : reply too large data on java level: InterfaceDescriptor = null, code = 46
04-22 11:24:59.642 24881  9794 W Binder  : reply too large data on java level: InterfaceDescriptor = null, code = 46
04-22 11:25:04.501  1749  2257 I chatty  : uid=1000(system) NsdService expire 7 lines
04-22 11:25:04.698 24881  9794 W Binder  : reply too large data on java level: InterfaceDescriptor = null, code = 46
04-22 11:25:09.783 24881  9794 W Binder  : reply too large data on java level: InterfaceDescriptor = null, code = 46
04-22 11:25:24.978 24881  9794 W Binder  : reply too large data on java level: InterfaceDescriptor = null, code = 46
04-22 11:25:30.060 24881  9794 W Binder  : reply too large data on java level: InterfaceDescriptor = null, code = 46
04-22 11:25:40.220 24881  9794 W Binder  : reply too large data on java level: InterfaceDescriptor = null, code = 46
04-22 11:25:43.648  1749 11122 I chatty  : uid=1000(system) Binder:1749_1E expire 1 line
04-22 11:25:59.735  1749   552 I chatty  : uid=1000(system) AsyncTask #13 expire 1 line
04-22 11:26:20.630  1749 11475 I chatty  : uid=1000(system) Binder:1749_20 expire 7 lines
04-22 11:26:20.703  1749  5605 I chatty  : uid=1000(system) Binder:1749_16 expire 1 line
04-22 11:26:20.722  1749  1773 I chatty  : uid=1000(system) android.anim expire 4 lines
04-22 11:26:49.379  1749  1794 I chatty  : uid=1000(system) PackageManager expire 18 lines
04-22 11:26:49.546  1749  1794 I PackageManager: Un-granting permission com.google.android.gm.permission.READ_GMAIL from package com.google.android.apps.docs.editors.slides (protectionLevel=2 flags=0x38dbbe44)
04-22 11:26:49.546  1749  1794 I PackageManager: Un-granting permission com.google.android.googleapps.permission.GOOGLE_AUTH from package com.google.android.apps.docs.editors.slides (protectionLevel=2 flags=0x38dbbe44)
04-22 11:26:49.546  1749  1794 I PackageManager: Un-granting permission com.google.android.googleapps.permission.GOOGLE_AUTH.OTHER_SERVICES from package com.google.android.apps.docs.editors.slides (protectionLevel=2 flags=0x38dbbe44)
04-22 11:26:49.546  1749  1794 I PackageManager: Un-granting permission com.google.android.googleapps.permission.GOOGLE_AUTH.ALL_SERVICES from package com.google.android.apps.docs.editors.slides (protectionLevel=2 flags=0x38dbbe44)
04-22 11:26:49.546  1749  1794 I PackageManager: Un-granting permission com.google.android.googleapps.permission.GOOGLE_AUTH.writely from package com.google.android.apps.docs.editors.slides (protectionLevel=2 flags=0x38dbbe44)
04-22 11:26:49.546  1749  1794 I PackageManager: Un-granting permission com.google.android.googleapps.permission.GOOGLE_AUTH.wise from package com.google.android.apps.docs.editors.slides (protectionLevel=2 flags=0x38dbbe44)
04-22 11:26:49.547  1749  1794 I PackageManager: Un-granting permission com.google.android.setupwizard.READ_DEVICE_ORIGIN from package com.google.android.apps.messaging (protectionLevel=18 flags=0x38cbbe45)
04-22 11:26:49.552  1749  1794 I PackageManager: Un-granting permission android.permission.SEND_DOWNLOAD_COMPLETED_INTENTS from package com.android.vending (protectionLevel=2 flags=0x28cabec5)
04-22 11:26:49.558  1749  1794 I PackageManager: Un-granting permission android.permission.BIND_CARRIER_SERVICES from package com.republicwireless.tel (protectionLevel=18 flags=0x30483e45)
04-22 11:26:49.559  1749  1794 I PackageManager: Un-granting permission android.permission.REQUEST_INSTALL_PACKAGES from package com.google.android.gm (protectionLevel=66 flags=0x38cbbe45)
04-22 11:26:49.563  1749  1794 I PackageManager: Un-granting permission android.permission.MANAGE_ROLE_HOLDERS from package com.google.android.apps.wellbeing (protectionLevel=258 flags=0x20cbbe45)
04-22 11:26:49.564  1749  1794 I PackageManager: Un-granting permission android.permission.REQUEST_INSTALL_PACKAGES from package com.google.android.apps.nbu.files (protectionLevel=66 flags=0x30c83e45)
04-22 11:26:49.565  1749  1794 I PackageManager: Un-granting permission android.permission.REQUEST_INSTALL_PACKAGES from package com.google.android.apps.docs (protectionLevel=66 flags=0x38cbbe45)
04-22 11:26:49.567  1749  1794 I PackageManager: Un-granting permission android.permission.INTERACT_ACROSS_USERS from package com.google.android.syncadapters.contacts (protectionLevel=50 flags=0x20883e45)
04-22 11:26:49.568  1749  1794 I PackageManager: Un-granting permission android.permission.REQUEST_INSTALL_PACKAGES from package com.android.chrome (protectionLevel=66 flags=0xa0cbbe45)
04-22 11:26:49.569  1749  1794 I PackageManager: Un-granting permission android.permission.CAPTURE_VIDEO_OUTPUT from package com.google.android.gms (protectionLevel=2 flags=0xa0cabec5)
04-22 11:26:49.570  1749  1794 I PackageManager: Un-granting permission android.permission.MANAGE_DEVICE_ADMINS from package com.google.android.gms (protectionLevel=2 flags=0xa0cabec5)
04-22 11:26:49.570  1749  1794 I PackageManager: Un-granting permission android.permission.MANAGE_ACTIVITY_STACKS from package com.google.android.gms (protectionLevel=2 flags=0xa0cabec5)
04-22 11:26:49.570  1749  1794 I PackageManager: Un-granting permission android.permission.CAPTURE_SECURE_VIDEO_OUTPUT from package com.google.android.gms (protectionLevel=2 flags=0xa0cabec5)
04-22 11:26:49.571  1749  1794 I PackageManager: Un-granting permission android.permission.MANAGE_ROLLBACKS from package com.google.android.gms (protectionLevel=514 flags=0xa0cabec5)
04-22 11:26:49.573  1749  1794 I PackageManager: Un-granting permission com.google.android.googleapps.permission.GOOGLE_AUTH from package com.google.android.videos (protectionLevel=2 flags=0x30dbbe45)
04-22 11:26:49.573  1749  1794 I PackageManager: Un-granting permission android.permission.WRITE_MEDIA_STORAGE from package com.google.android.apps.photos (protectionLevel=18 flags=0x38d9be45)
04-22 11:26:49.577  1749  1794 I PackageManager: Un-granting permission android.permission.CONNECTIVITY_INTERNAL from package com.google.android.wfcactivation (protectionLevel=18 flags=0x3888be45)
04-22 11:26:49.577  1749  1794 I PackageManager: Un-granting permission android.permission.READ_LOGS from package com.google.android.wfcactivation (protectionLevel=50 flags=0x3888be45)
04-22 11:26:49.577  1749  1794 I PackageManager: Un-granting permission android.permission.WRITE_APN_SETTINGS from package com.google.android.wfcactivation (protectionLevel=18 flags=0x3888be45)
04-22 11:26:49.577  1749  1794 I PackageManager: Un-granting permission android.permission.WRITE_SECURE_SETTINGS from package com.LogiaGroup.LogiaDeck (protectionLevel=50 flags=0x38483e45)
04-22 11:26:49.579  1749  1794 I PackageManager: Un-granting permission android.permission.READ_WALLPAPER_INTERNAL from package com.google.android.apps.wallpaper (protectionLevel=18 flags=0x20cbbe45)
04-22 11:26:49.704  1749  1749 E LoadedApk: Unable to instantiate appComponentFactory
04-22 11:26:49.704  1749  1749 E LoadedApk: java.lang.ClassNotFoundException: Didn't find class "androidx.core.app.CoreComponentFactory" on path: DexPathList[[],nativeLibraryDirectories=[/system/app/YTMusic/lib/arm, /system/app/YTMusic/YTMusic.apk!/lib/armeabi-v7a, /system/lib, /product/lib, /system/lib, /product/lib]]
04-22 11:26:49.704  1749  1749 E LoadedApk: 	at dalvik.system.BaseDexClassLoader.findClass(BaseDexClassLoader.java:196)
04-22 11:26:49.704  1749  1749 E LoadedApk: 	at java.lang.ClassLoader.loadClass(ClassLoader.java:379)
04-22 11:26:49.704  1749  1749 E LoadedApk: 	at java.lang.ClassLoader.loadClass(ClassLoader.java:312)
04-22 11:26:49.704  1749  1749 E LoadedApk: 	at android.app.LoadedApk.createAppFactory(LoadedApk.java:256)
04-22 11:26:49.704  1749  1749 E LoadedApk: 	at android.app.LoadedApk.updateApplicationInfo(LoadedApk.java:370)
04-22 11:26:49.704  1749  1749 E LoadedApk: 	at android.app.ActivityThread.handleDispatchPackageBroadcast(ActivityThread.java:6186)
04-22 11:26:49.704  1749  1749 E LoadedApk: 	at android.app.ActivityThread$H.handleMessage(ActivityThread.java:2108)
04-22 11:26:49.704  1749  1749 E LoadedApk: 	at android.os.Handler.dispatchMessage(Handler.java:107)
04-22 11:26:49.704  1749  1749 E LoadedApk: 	at android.os.Looper.loop(Looper.java:241)
04-22 11:26:49.704  1749  1749 E LoadedApk: 	at com.android.server.SystemServer.run(SystemServer.java:585)
04-22 11:26:49.704  1749  1749 E LoadedApk: 	at com.android.server.SystemServer.main(SystemServer.java:381)
04-22 11:26:49.704  1749  1749 E LoadedApk: 	at java.lang.reflect.Method.invoke(Native Method)
04-22 11:26:49.704  1749  1749 E LoadedApk: 	at com.android.internal.os.RuntimeInit$MethodAndArgsCaller.run(RuntimeInit.java:492)
04-22 11:26:49.704  1749  1749 E LoadedApk: 	at com.android.internal.os.ZygoteInit.main(ZygoteInit.java:919)
04-22 11:26:49.724  1749  2067 W AccountManagerService: User 10216 does not exist. It might be removed already.
04-22 11:26:49.735  1749  2646 W LocationProviderProxy: Odd, no component found for service com.android.location.service.v3.NetworkLocationProvider
04-22 11:26:49.745  1749  1781 W BroadcastQueue: Background execution not allowed: receiving Intent { act=android.intent.action.PACKAGE_REMOVED dat=package:com.google.location.nearby.apps.connectedcrossroad flg=0x4000010 (has extras) } to com.android.vending/com.google.android.finsky.packagemanager.impl.PackageMonitorReceiverImpl$RegisteredReceiver
04-22 11:26:49.758  1749  1781 W BroadcastQueue: Background execution not allowed: receiving Intent { act=android.intent.action.PACKAGE_REMOVED dat=package:com.google.location.nearby.apps.connectedcrossroad flg=0x4000010 (has extras) } to com.android.vending/com.google.android.finsky.instantapps.appmanagement.InstantAppRemoveMonitor
04-22 11:26:49.762  1749  1781 W BroadcastQueue: Background execution not allowed: receiving Intent { act=android.intent.action.PACKAGE_REMOVED dat=package:com.google.location.nearby.apps.connectedcrossroad flg=0x4000010 (has extras) } to com.google.android.gms/.games.chimera.GamesSystemBroadcastReceiverProxy
04-22 11:26:49.762  1749  1781 W BroadcastQueue: Background execution not allowed: receiving Intent { act=android.intent.action.PACKAGE_REMOVED dat=package:com.google.location.nearby.apps.connectedcrossroad flg=0x4000010 (has extras) } to com.google.android.gms/.chimera.GmsIntentOperationService$PersistentTrustedReceiver
04-22 11:26:49.767  1749  1781 W BroadcastQueue: Background execution not allowed: receiving Intent { act=android.intent.action.PACKAGE_REMOVED dat=package:com.google.location.nearby.apps.connectedcrossroad flg=0x4000010 (has extras) } to com.google.android.googlequicksearchbox/com.google.android.apps.gsa.googlequicksearchbox.GelStubAppWatcher
04-22 11:26:49.767  1749  1781 W BroadcastQueue: Background execution not allowed: receiving Intent { act=android.intent.action.PACKAGE_REMOVED dat=package:com.google.location.nearby.apps.connectedcrossroad flg=0x4000010 (has extras) } to com.verizon.loginengine.unbranded/com.verizon.vzwavs.AVSSystemReceiver
04-22 11:26:49.772  1749  1781 W BroadcastQueue: Background execution not allowed: receiving Intent { act=android.intent.action.PACKAGE_REMOVED dat=package:com.google.location.nearby.apps.connectedcrossroad flg=0x4000010 (has extras) } to com.google.android.apps.magazines/com.google.android.libraries.social.peoplekit.thirdparty.viewcontrollers.ThirdPartyReceiver
04-22 11:26:49.772  1749  1781 W BroadcastQueue: Background execution not allowed: receiving Intent { act=android.intent.action.PACKAGE_ADDED dat=package:com.google.location.nearby.apps.connectedcrossroad flg=0x4000010 (has extras) } to com.google.android.packageinstaller/com.android.packageinstaller.PackageInstalledReceiver
04-22 11:26:49.782  1749  1781 W BroadcastQueue: Background execution not allowed: receiving Intent { act=android.intent.action.PACKAGE_ADDED dat=package:com.google.location.nearby.apps.connectedcrossroad flg=0x4000010 (has extras) } to com.android.vending/com.google.android.finsky.packagemanager.impl.PackageMonitorReceiverImpl$RegisteredReceiver
04-22 11:26:49.782  1749  1781 W BroadcastQueue: Background execution not allowed: receiving Intent { act=android.intent.action.PACKAGE_ADDED dat=package:com.google.location.nearby.apps.connectedcrossroad flg=0x4000010 (has extras) } to com.facebook.appmanager/com.facebook.oxygen.common.packages.event.manifest.ManifestPackageEventReceiver
04-22 11:26:49.783  1749  1781 W BroadcastQueue: Background execution not allowed: receiving Intent { act=android.intent.action.PACKAGE_ADDED dat=package:com.google.location.nearby.apps.connectedcrossroad flg=0x4000010 (has extras) } to com.google.android.gms/.games.chimera.GamesSystemBroadcastReceiverProxy
04-22 11:26:49.785  1749  1781 W BroadcastQueue: Background execution not allowed: receiving Intent { act=android.intent.action.PACKAGE_ADDED dat=package:com.google.location.nearby.apps.connectedcrossroad flg=0x4000010 (has extras) } to com.google.android.gms/.gass.chimera.PackageChangeBroadcastReceiver
04-22 11:26:49.785  1749  1781 W BroadcastQueue: Background execution not allowed: receiving Intent { act=android.intent.action.PACKAGE_ADDED dat=package:com.google.location.nearby.apps.connectedcrossroad flg=0x4000010 (has extras) } to com.google.android.gms/.chimera.GmsIntentOperationService$PersistentTrustedReceiver
04-22 11:26:49.785  1749  1781 W BroadcastQueue: Background execution not allowed: receiving Intent { act=android.intent.action.PACKAGE_ADDED dat=package:com.google.location.nearby.apps.connectedcrossroad flg=0x4000010 (has extras) } to com.google.android.googlequicksearchbox/com.google.android.apps.gsa.googlequicksearchbox.GelStubAppWatcher
04-22 11:26:49.785  1749  1781 W BroadcastQueue: Background execution not allowed: receiving Intent { act=android.intent.action.PACKAGE_ADDED dat=package:com.google.location.nearby.apps.connectedcrossroad flg=0x4000010 (has extras) } to com.google.android.ims/.receivers.RcsAutoStartReceiver
04-22 11:26:49.809  1749  9826 W BroadcastQueue: Background execution not allowed: receiving Intent { act=android.intent.action.PACKAGE_ADDED dat=package:com.google.location.nearby.apps.connectedcrossroad flg=0x4000010 (has extras) } to com.verizon.loginengine.unbranded/com.verizon.vzwavs.AVSSystemReceiver
04-22 11:26:49.950  1749  1749 W Looper  : Slow dispatch took 110ms main h=android.app.ActivityThread$H c=android.app.-$$Lambda$LoadedApk$ReceiverDispatcher$Args$_BumDX2UKsnxLVrE6UJsJZkotuA@2226a50 m=0
04-22 11:26:49.950  1749  1749 W Looper  : Slow delivery took 227ms main h=android.app.ActivityThread$H c=android.app.-$$Lambda$LoadedApk$ReceiverDispatcher$Args$_BumDX2UKsnxLVrE6UJsJZkotuA@eebd449 m=0
04-22 11:26:49.951  1749  1749 I TelecomService: DefaultDialerCache: Refreshing default dialer for user 0: now com.google.android.dialer: DDC.oR@As8
04-22 11:26:49.962  1749  1749 V BackupManagerConstants: getFullBackupIntervalMilliseconds(...) returns 86400000
04-22 11:26:49.962  1749  1749 V BackupManagerConstants: getFullBackupRequiredNetworkType(...) returns 2
04-22 11:26:49.962  1749  1749 V BackupManagerConstants: getFullBackupRequireCharging(...) returns true
04-22 11:26:49.967  1749  1769 W Looper  : Slow delivery took 203ms android.fg h=android.os.Handler c=<recycled PooledLambda@5393368> m=0
04-22 11:26:49.977  1749  1749 E LoadedApk: Unable to instantiate appComponentFactory
04-22 11:26:49.977  1749  1749 E LoadedApk: java.lang.ClassNotFoundException: Didn't find class "androidx.core.app.CoreComponentFactory" on path: DexPathList[[],nativeLibraryDirectories=[/system/app/YTMusic/lib/arm, /system/app/YTMusic/YTMusic.apk!/lib/armeabi-v7a, /system/lib, /product/lib, /system/lib, /product/lib]]
04-22 11:26:49.977  1749  1749 E LoadedApk: 	at dalvik.system.BaseDexClassLoader.findClass(BaseDexClassLoader.java:196)
04-22 11:26:49.977  1749  1749 E LoadedApk: 	at java.lang.ClassLoader.loadClass(ClassLoader.java:379)
04-22 11:26:49.977  1749  1749 E LoadedApk: 	at java.lang.ClassLoader.loadClass(ClassLoader.java:312)
04-22 11:26:49.977  1749  1749 E LoadedApk: 	at android.app.LoadedApk.createAppFactory(LoadedApk.java:256)
04-22 11:26:49.977  1749  1749 E LoadedApk: 	at android.app.LoadedApk.updateApplicationInfo(LoadedApk.java:370)
04-22 11:26:49.977  1749  1749 E LoadedApk: 	at android.app.ActivityThread.handleDispatchPackageBroadcast(ActivityThread.java:6186)
04-22 11:26:49.977  1749  1749 E LoadedApk: 	at android.app.ActivityThread$H.handleMessage(ActivityThread.java:2108)
04-22 11:26:49.977  1749  1749 E LoadedApk: 	at android.os.Handler.dispatchMessage(Handler.java:107)
04-22 11:26:49.977  1749  1749 E LoadedApk: 	at android.os.Looper.loop(Looper.java:241)
04-22 11:26:49.977  1749  1749 E LoadedApk: 	at com.android.server.SystemServer.run(SystemServer.java:585)
04-22 11:26:49.977  1749  1749 E LoadedApk: 	at com.android.server.SystemServer.main(SystemServer.java:381)
04-22 11:26:49.977  1749  1749 E LoadedApk: 	at java.lang.reflect.Method.invoke(Native Method)
04-22 11:26:49.977  1749  1749 E LoadedApk: 	at com.android.internal.os.RuntimeInit$MethodAndArgsCaller.run(RuntimeInit.java:492)
04-22 11:26:49.977  1749  1749 E LoadedApk: 	at com.android.internal.os.ZygoteInit.main(ZygoteInit.java:919)
04-22 11:26:50.008  1749  3451 W BroadcastQueue: Background execution not allowed: receiving Intent { act=android.intent.action.PACKAGE_REPLACED dat=package:com.google.location.nearby.apps.connectedcrossroad flg=0x4000010 (has extras) } to com.facebook.appmanager/com.facebook.oxygen.common.packages.event.manifest.ManifestPackageEventReceiver
04-22 11:26:50.016  1749  1781 W BroadcastQueue: Background execution not allowed: receiving Intent { act=android.intent.action.PACKAGE_REPLACED dat=package:com.google.location.nearby.apps.connectedcrossroad flg=0x4000010 (has extras) } to com.google.android.apps.photos/.account.full.FetchAccountPropertiesAppUpgradeBroadcastReceiver
04-22 11:26:50.020  1749  1781 W BroadcastQueue: Background execution not allowed: receiving Intent { act=android.intent.action.PACKAGE_REPLACED dat=package:com.google.location.nearby.apps.connectedcrossroad flg=0x4000010 (has extras) } to com.google.android.apps.photos/.account.full.SyncAccountsForLoginBroadcastReceiver
04-22 11:26:50.021  1749  1781 W BroadcastQueue: Background execution not allowed: receiving Intent { act=android.intent.action.PACKAGE_REPLACED dat=package:com.google.location.nearby.apps.connectedcrossroad flg=0x4000010 (has extras) } to com.google.android.apps.photos/.notificationchannels.AppUpdateBroadcastReceiver
04-22 11:26:50.024  1749  1781 W BroadcastQueue: Background execution not allowed: receiving Intent { act=android.intent.action.PACKAGE_REPLACED dat=package:com.google.location.nearby.apps.connectedcrossroad flg=0x4000010 (has extras) } to com.google.android.gms/.gass.chimera.PackageChangeBroadcastReceiver
04-22 11:26:50.025  1749  1781 W BroadcastQueue: Background execution not allowed: receiving Intent { act=android.intent.action.PACKAGE_REPLACED dat=package:com.google.location.nearby.apps.connectedcrossroad flg=0x4000010 (has extras) } to com.google.android.gms/.chimera.GmsIntentOperationService$PersistentTrustedReceiver
04-22 11:26:50.025  1749  1781 W BroadcastQueue: Background execution not allowed: receiving Intent { act=android.intent.action.PACKAGE_REPLACED dat=package:com.google.location.nearby.apps.connectedcrossroad flg=0x4000010 (has extras) } to com.google.android.googlequicksearchbox/com.google.android.apps.gsa.googlequicksearchbox.GelStubAppWatcher
04-22 11:26:50.031  1749  1749 W Looper  : Drained
04-22 11:26:50.032  1749  1781 W BroadcastQueue: Background execution not allowed: receiving Intent { act=android.intent.action.PACKAGE_REPLACED dat=package:com.google.location.nearby.apps.connectedcrossroad flg=0x4000010 (has extras) } to com.google.android.ims/.receivers.RcsAutoStartReceiver
04-22 11:26:50.036  1749  1781 W BroadcastQueue: Background execution not allowed: receiving Intent { act=android.intent.action.PACKAGE_REPLACED dat=package:com.google.location.nearby.apps.connectedcrossroad flg=0x4000010 (has extras) } to com.motorola.ccc.notification/.gcm.GCMAdminReceiver
04-22 11:26:50.037  1749  1781 W BroadcastQueue: Background execution not allowed: receiving Intent { act=android.intent.action.PACKAGE_REPLACED dat=package:com.google.location.nearby.apps.connectedcrossroad flg=0x4000010 (has extras) } to com.verizon.loginengine.unbranded/com.verizon.vzwavs.AVSSystemReceiver
04-22 11:26:50.326  1749  2917 I ActivityTaskManager: START u0 {act=android.intent.action.MAIN cat=[android.intent.category.LAUNCHER] flg=0x10000000 cmp=com.google.location.nearby.apps.connectedcrossroad/nx.aodv.eval.MainActivity} from uid 2000
04-22 11:26:50.327  1749  2917 D ActivityTaskManager: getPreferredLaunchDisplay usersetdisplayid -1 current displayId 0 paramspreferid 0
04-22 11:26:50.327  1749  2917 D ActivityTaskManager: getPreferredLaunchDisplay usersetdisplayid -1 current displayId 0 paramspreferid 0
04-22 11:26:50.331  1749  2917 D ActivityTaskManager: getPreferredLaunchDisplay usersetdisplayid 0 current displayId 0 paramspreferid 0
04-22 11:26:50.357  1749  1749 V SettingsProvider: Notifying for 0: content://settings/secure/reminder_exp_learning_time_elapsed
04-22 11:26:50.358  1749  1769 W Looper  : Drained
04-22 11:26:50.365  1749  1773 V WindowManager: Changing focus from Window{733e816 u0 com.motorola.launcher3/com.android.launcher3.CustomizationPanelLauncher} to null displayId=0
04-22 11:26:50.370  1749  1782 I ActivityManager: Start proc 13385:com.google.location.nearby.apps.connectedcrossroad/u0a216 for activity {com.google.location.nearby.apps.connectedcrossroad/nx.aodv.eval.MainActivity}
04-22 11:26:50.428  1749  1773 I WindowManager:   SURFACE show Surface(name=Splash Screen com.google.location.nearby.apps.connectedcrossroad)/@0x8d42090 on display:0: Splash Screen com.google.location.nearby.apps.connectedcrossroad
04-22 11:26:50.722  1749  1767 I WindowManager: Window drawn AppWindowToken{7a5d47e token=Token{e022639 ActivityRecord{9980e00 u0 com.motorola.launcher3/com.android.launcher3.CustomizationPanelLauncher t3}}}
04-22 11:26:51.052  1749  2749 V WindowManager: Changing focus from null to Window{a7f4aa2 u0 com.google.location.nearby.apps.connectedcrossroad/nx.aodv.eval.MainActivity} displayId=0
04-22 11:26:51.196  1749  1773 I LaunchCheckinHandler: Displayed com.google.location.nearby.apps.connectedcrossroad/nx.aodv.eval.MainActivity,cp,ca,847
04-22 11:26:51.196  1749  1773 I WindowManager: Window drawn AppWindowToken{3ee9b1d token=Token{ff377f4 ActivityRecord{df6f5c7 u0 com.google.location.nearby.apps.connectedcrossroad/nx.aodv.eval.MainActivity t46}}}
04-22 11:26:51.197  1749  1773 I WindowManager:   SURFACE show Surface(name=com.google.location.nearby.apps.connectedcrossroad/nx.aodv.eval.MainActivity)/@0xaab6eee on display:0: com.google.location.nearby.apps.connectedcrossroad/nx.aodv.eval.MainActivity
04-22 11:26:52.102  1749  7787 I ActivityManager: Killing 12094:com.google.android.videos/u0a173 (adj 985): empty #17
04-22 11:26:52.151  1749  5123 D ActivityManager: makeInactive, ProcessRecord{254755d 12094:com.google.android.videos/u0a173}, clear holder.state
04-22 11:26:53.940  1749  1773 I WindowManager:   SURFACE show Surface(name=InputMethod)/@0x7308f5a on display:0: InputMethod
04-22 11:26:54.884  1749  5123 W ProcessStats: Tracking association SourceState{53fc1f0 com.google.android.gms.persistent/10158 ImpFg #91656} whose proc state 2 is better than process ProcessState{d084d42 com.google.android.gms/10158 pkg=com.google.android.gms} proc state 3 (1 skipped)
04-22 11:26:54.991  1749  1749 D BluetoothManagerService: Bluetooth Adapter name changed to Ii12TUJbye0AAAAAAAAAATI
04-22 11:26:54.992  1749  1749 D BluetoothManagerService: Stored Bluetooth name: Ii12TUJbye0AAAAAAAAAATI
04-22 11:26:54.993  1749  1749 V SettingsProvider: Notifying for 0: content://settings/secure/bluetooth_name
04-22 11:26:55.343  1749  2257 D NsdService: Register service
04-22 11:26:55.343  1749  2257 D NsdService: registerService: 26 name: Ii12TUJbye0AAA, type: _5BC9ED5E6C75._tcp, host: null, port: 40957, txtRecord: n=MgIPv4=192.168.1.65
04-22 11:26:55.344  1749  2257 D NsdService: mdnssd [register, 26, Ii12TUJbye0AAA, _5BC9ED5E6C75._tcp, 40957, BG49TWcRSVB2ND0xOTIuMTY4LjEuNjU=]
04-22 11:26:55.346  1749  2257 D NsdService: Register 26 26
04-22 11:26:55.980  1749  1773 I WindowManager:   SURFACE show Surface(name=InputMethod)/@0xdf14e6a on display:0: InputMethod
04-22 11:26:56.070  1749  2257 D NsdService: Native daemon message SERVICE_REGISTERED: 606 26 "Ii12TUJbye0AAA"
04-22 11:27:04.932  1749  1749 W ProcessStats: Tracking association SourceState{53fc1f0 com.google.android.gms.persistent/10158 ImpFg #91708} whose proc state 2 is better than process ProcessState{d084d42 com.google.android.gms/10158 pkg=com.google.android.gms} proc state 3 (7 skipped)
04-22 11:27:20.724  1749  1781 I ActivityManager: Waited long enough for: ServiceRecord{64e5bcc u0 com.google.android.googlequicksearchbox/com.google.android.apps.gsa.shared.util.keepalive.StandaloneKeepAlive$KeepAliveService}
04-22 11:27:31.205  1749  2054 D BatteryService: uevent={POWER_SUPPLY_DP_DM=0, POWER_SUPPLY_VOLTAGE_NOW=3745205, POWER_SUPPLY_SW_JEITA_ENABLED=0, POWER_SUPPLY_CHARGE_CONTROL_LIMIT_MAX=8, POWER_SUPPLY_RECHARGE_SOC=99, POWER_SUPPLY_HEALTH=Good, POWER_SUPPLY_TECHNOLOGY=Li-ion, POWER_SUPPLY_FCC_STEPPER_ENABLE=0, SEQNUM=624744, POWER_SUPPLY_INPUT_CURRENT_LIMITED=0, POWER_SUPPLY_CHARGE_CONTROL_LIMIT=0, POWER_SUPPLY_BATTERY_CHARGING_ENABLED=1, POWER_SUPPLY_STATUS=Discharging, POWER_SUPPLY_CYCLE_COUNT=1, POWER_SUPPLY_CURRENT_MAX=2000000, POWER_SUPPLY_CHARGE_TERM_CURRENT=-101, POWER_SUPPLY_CAPACITY=32, DEVPATH=/devices/platform/soc/200f000.qcom,spmi/spmi-0/spmi0-02/200f000.qcom,spmi:qcom,pmi632@2:qcom,qpnp-smb5/power_supply/battery, POWER_SUPPLY_CHARGE_DONE=0, POWER_SUPPLY_CHARGE_TYPE=N/A, POWER_SUPPLY_CHARGE_RATE=None, POWER_SUPPLY_CURRENT_NOW=-229492, POWER_SUPPLY_SYSTEM_TEMP_LEVEL=0, POWER_SUPPLY_PRESENT=1, POWER_SUPPLY_PARALLEL_DISABLE=0, POWER_SUPPLY_CHARGE_FULL=3615000, SUBSYSTEM=power_supply, POWER_SUPPLY_SET_SHIP_MODE=0, POWER_SUPPLY_TEMP=254, ACTION=change, POWER_SUPPLY_RERUN_AICL=0, POWER_SUPPLY_AGE=100, POWER_SUPPLY_NAME=battery, POWER_SUPPLY_VOLTAGE_MAX=-22, POWER_SUPPLY_CONSTANT_CHARGE_CURRENT_MAX=2000000, POWER_SUPPLY_CHARGE_COUNTER=1156800, POWER_SUPPLY_STEP_CHARGING_ENABLED=0, POWER_SUPPLY_NUM_SYSTEM_TEMP_LEVELS=8, POWER_SUPPLY_DIE_HEALTH=Hot, POWER_SUPPLY_INPUT_SUSPEND=0}
04-22 11:27:51.002  1749  1782 I ActivityManager: Start proc 13599:com.google.android.setupwizard/u0a128 for service {com.google.android.setupwizard/com.google.android.setupwizard.deferred.DeferredSetupScheduler}
04-22 11:27:51.452  1749 11470 I ActivityManager: Killing 12207:com.google.process.gapps/u0a158 (adj 975): empty #17
04-22 11:27:51.507  1749 11470 D ActivityManager: makeInactive, ProcessRecord{5861e9b 12207:com.google.process.gapps/u0a158}, clear holder.state
04-22 11:27:56.171  1749  3487 W ProcessStats: Tracking association SourceState{da5217c com.google.android.gms.persistent/10158 ImpFg #91945} whose proc state 2 is better than process ProcessState{d084d42 com.google.android.gms/10158 pkg=com.google.android.gms} proc state 3 (80 skipped)
04-22 11:28:06.293  1749  7754 W ProcessStats: Tracking association SourceState{ecff641 com.google.android.gms.persistent/10158 ImpFg #91952} whose proc state 2 is better than process ProcessState{d084d42 com.google.android.gms/10158 pkg=com.google.android.gms} proc state 3 (2 skipped)
04-22 11:28:32.649  1749  2054 D BatteryService: uevent={POWER_SUPPLY_DP_DM=0, POWER_SUPPLY_VOLTAGE_NOW=3744815, POWER_SUPPLY_SW_JEITA_ENABLED=0, POWER_SUPPLY_CHARGE_CONTROL_LIMIT_MAX=8, POWER_SUPPLY_RECHARGE_SOC=99, POWER_SUPPLY_HEALTH=Good, POWER_SUPPLY_TECHNOLOGY=Li-ion, POWER_SUPPLY_FCC_STEPPER_ENABLE=0, SEQNUM=624866, POWER_SUPPLY_INPUT_CURRENT_LIMITED=0, POWER_SUPPLY_CHARGE_CONTROL_LIMIT=0, POWER_SUPPLY_BATTERY_CHARGING_ENABLED=1, POWER_SUPPLY_STATUS=Discharging, POWER_SUPPLY_CYCLE_COUNT=1, POWER_SUPPLY_CURRENT_MAX=2000000, POWER_SUPPLY_CHARGE_TERM_CURRENT=-101, POWER_SUPPLY_CAPACITY=32, DEVPATH=/devices/platform/soc/200f000.qcom,spmi/spmi-0/spmi0-02/200f000.qcom,spmi:qcom,pmi632@2:qcom,qpnp-smb5/power_supply/battery, POWER_SUPPLY_CHARGE_DONE=0, POWER_SUPPLY_CHARGE_TYPE=N/A, POWER_SUPPLY_CHARGE_RATE=None, POWER_SUPPLY_CURRENT_NOW=-232544, POWER_SUPPLY_SYSTEM_TEMP_LEVEL=0, POWER_SUPPLY_PRESENT=1, POWER_SUPPLY_PARALLEL_DISABLE=0, POWER_SUPPLY_CHARGE_FULL=3615000, SUBSYSTEM=power_supply, POWER_SUPPLY_SET_SHIP_MODE=0, POWER_SUPPLY_TEMP=254, ACTION=change, POWER_SUPPLY_RERUN_AICL=0, POWER_SUPPLY_AGE=100, POWER_SUPPLY_NAME=battery, POWER_SUPPLY_VOLTAGE_MAX=-22, POWER_SUPPLY_CONSTANT_CHARGE_CURRENT_MAX=2000000, POWER_SUPPLY_CHARGE_COUNTER=1156800, POWER_SUPPLY_STEP_CHARGING_ENABLED=0, POWER_SUPPLY_NUM_SYSTEM_TEMP_LEVELS=8, POWER_SUPPLY_DIE_HEALTH=Hot, POWER_SUPPLY_INPUT_SUSPEND=0}
04-22 11:28:47.346  1749 11122 I ActivityManager: Force stopping com.google.location.nearby.apps.connectedcrossroad appid=10216 user=0: from pid 13718
04-22 11:28:47.347  1749 11122 I ActivityManager: Killing 13385:com.google.location.nearby.apps.connectedcrossroad/u0a216 (adj 0): stop com.google.location.nearby.apps.connectedcrossroad
04-22 11:28:47.348  1749 11122 D ActivityManager: makeInactive, ProcessRecord{cb7c4a 13385:com.google.location.nearby.apps.connectedcrossroad/u0a216}, clear holder.state
04-22 11:28:47.349  1749 11122 W ActivityTaskManager: Force removing ActivityRecord{df6f5c7 u0 com.google.location.nearby.apps.connectedcrossroad/nx.aodv.eval.MainActivity t46 f}: app died, no saved state
04-22 11:28:47.350  1749 11122 V WindowManager: Changing focus from Window{a7f4aa2 u0 com.google.location.nearby.apps.connectedcrossroad/nx.aodv.eval.MainActivity} to null displayId=0
04-22 11:28:47.365  1749 11122 I WindowManager: Window drawn AppWindowToken{3ee9b1d token=Token{ff377f4 ActivityRecord{df6f5c7 u0 com.google.location.nearby.apps.connectedcrossroad/nx.aodv.eval.MainActivity t46}}}
04-22 11:28:47.371  1749 11122 I ActivityTaskManager: moveHomeStack, setupComplete:true
04-22 11:28:47.434  1749  1772 W ActivityManager: setHasOverlayUi called on unknown pid: 13385
04-22 11:28:47.440  1749  1767 V WindowManager: Changing focus from null to Window{733e816 u0 com.motorola.launcher3/com.android.launcher3.CustomizationPanelLauncher} displayId=0
04-22 11:28:47.461  1749  1773 I WindowManager:   SURFACE show Surface(name=com.android.systemui.ImageWallpaper)/@0xcbdab7b on display:0: com.android.systemui.ImageWallpaper
04-22 11:28:47.465  1749  1773 I WindowManager: Window drawn AppWindowToken{7a5d47e token=Token{e022639 ActivityRecord{9980e00 u0 com.motorola.launcher3/com.android.launcher3.CustomizationPanelLauncher t3}}}
04-22 11:28:47.470  1749  1773 I WindowManager:   SURFACE show Surface(name=com.motorola.launcher3/com.android.launcher3.CustomizationPanelLauncher)/@0xfb3abe0 on display:0: com.motorola.launcher3/com.android.launcher3.CustomizationPanelLauncher
04-22 11:28:47.501  1749  1773 I WindowManager:   SURFACE show Surface(name=com.motorola.launcher3/com.android.launcher3.CustomizationPanelLauncher)/@0xfa52d3f on display:0: com.motorola.launcher3/com.android.launcher3.CustomizationPanelLauncher
04-22 11:28:50.449  1749  2257 D NsdService: unregister service
04-22 11:28:50.449  1749  2257 D NsdService: mdnssd [stop-register, 26]
04-22 11:28:50.497  1749  1749 D BluetoothManagerService: Bluetooth Adapter name changed to moto e
04-22 11:28:50.497  1749  1749 D BluetoothManagerService: Stored Bluetooth name: moto e
04-22 11:28:50.497  1749  1749 V SettingsProvider: Notifying for 0: content://settings/secure/bluetooth_name
04-22 11:28:54.301  1749  1794 I PackageManager: Update package com.google.location.nearby.apps.connectedcrossroad code path from /data/app/com.google.location.nearby.apps.connectedcrossroad-H6_Konch-kiQhIMcATJ18A== to /data/app/com.google.location.nearby.apps.connectedcrossroad-oZYYEyO_tZATpPrI_88wnQ==; Retain data and using new
04-22 11:28:54.301  1749  1794 I PackageManager: Update package com.google.location.nearby.apps.connectedcrossroad resource path from /data/app/com.google.location.nearby.apps.connectedcrossroad-H6_Konch-kiQhIMcATJ18A== to /data/app/com.google.location.nearby.apps.connectedcrossroad-oZYYEyO_tZATpPrI_88wnQ==; Retain data and using new
04-22 11:28:54.384  1749  1794 I PackageManager: Un-granting permission android.permission.MANAGE_DOCUMENTS from package com.google.android.youtube (protectionLevel=262146 flags=0x30dbbe45)
04-22 11:28:54.385  1749  1794 I PackageManager: Un-granting permission com.google.android.googleapps.permission.GOOGLE_AUTH from package com.android.providers.calendar (protectionLevel=2 flags=0x30883e45)
04-22 11:28:54.385  1749  1794 I PackageManager: Un-granting permission com.google.android.googleapps.permission.GOOGLE_AUTH.cl from package com.android.providers.calendar (protectionLevel=2 flags=0x30883e45)
04-22 11:28:54.386  1749  1794 I PackageManager: Un-granting permission com.google.android.gm.permission.READ_GMAIL from package com.google.android.apps.docs.editors.docs (protectionLevel=2 flags=0x38dbbe44)
04-22 11:28:54.386  1749  1794 I PackageManager: Un-granting permission com.google.android.googleapps.permission.GOOGLE_AUTH from package com.google.android.apps.docs.editors.docs (protectionLevel=2 flags=0x38dbbe44)
04-22 11:28:54.386  1749  1794 I PackageManager: Un-granting permission com.google.android.googleapps.permission.GOOGLE_AUTH.OTHER_SERVICES from package com.google.android.apps.docs.editors.docs (protectionLevel=2 flags=0x38dbbe44)
04-22 11:28:54.386  1749  1794 I PackageManager: Un-granting permission com.google.android.googleapps.permission.GOOGLE_AUTH.ALL_SERVICES from package com.google.android.apps.docs.editors.docs (protectionLevel=2 flags=0x38dbbe44)
04-22 11:28:54.386  1749  1794 I PackageManager: Un-granting permission com.google.android.googleapps.permission.GOOGLE_AUTH.writely from package com.google.android.apps.docs.editors.docs (protectionLevel=2 flags=0x38dbbe44)
04-22 11:28:54.386  1749  1794 I PackageManager: Un-granting permission com.google.android.googleapps.permission.GOOGLE_AUTH.wise from package com.google.android.apps.docs.editors.docs (protectionLevel=2 flags=0x38dbbe44)
