04-22 11:32:11.661  1749  1773 I WindowManager:   SURFACE show Surface(name=InputMethod)/@0xa117863 on display:0: InputMethod
04-22 11:32:13.003  1749  1749 D BluetoothManagerService: Bluetooth Adapter name changed to IjhZYThbye0AAAAAAAAAATI
04-22 11:32:13.004  1749  1749 D BluetoothManagerService: Stored Bluetooth name: IjhZYThbye0AAAAAAAAAATI
04-22 11:32:13.004  1749  1749 V SettingsProvider: Notifying for 0: content://settings/secure/bluetooth_name
04-22 11:32:13.334  1749  2257 D NsdService: Register service
04-22 11:32:13.334  1749  2257 D NsdService: registerService: 29 name: IjhZYThbye0AAA, type: _5BC9ED5E6C75._tcp, host: null, port: 39899, txtRecord: n=MgIPv4=192.168.1.65
04-22 11:32:13.334  1749  2257 D NsdService: mdnssd [register, 29, IjhZYThbye0AAA, _5BC9ED5E6C75._tcp, 39899, BG49TWcRSVB2ND0xOTIuMTY4LjEuNjU=]
04-22 11:32:13.337  1749  2257 D NsdService: Register 29 29
04-22 11:32:13.705  1749  1773 I WindowManager:   SURFACE show Surface(name=InputMethod)/@0x396dd69 on display:0: InputMethod
04-22 11:32:14.024  1749  2257 D NsdService: Native daemon message SERVICE_REGISTERED: 606 29 "IjhZYThbye0AAA"
04-22 11:32:15.966  1749  2603 W ProcessStats: Tracking association SourceState{ecff641 com.google.android.gms.persistent/10158 ImpFg #93362} whose proc state 2 is better than process ProcessState{d084d42 com.google.android.gms/10158 pkg=com.google.android.gms} proc state 3 (57 skipped)
--------- beginning of main
04-22 11:32:25.804  2313  2395 W BluetoothEventManager: AclStateChangedHandler: activeDevice is null
04-22 11:32:25.806  2294 25292 I chatty  : uid=1002(bluetooth) Binder:2294_6 expire 9 lines
04-22 11:32:25.806  1749  2379 W WifiVendorHal: onDebugErrorAlert 4104
04-22 11:32:25.838  8057  8057 D MCLOG   : [MC_Service] onStartcommand()
04-22 11:32:25.841 21153 21380 I BistoWorker: bluetoothConnectionStateChanged. Action: android.bluetooth.device.action.ACL_CONNECTED
04-22 11:32:25.843 21153 21380 I BistoWorker: Ignoring non-bonded action android.bluetooth.device.action.ACL_CONNECTED for device 67:87:EB:F3:0C:F2
04-22 11:32:25.858 21460 14281 I chatty  : uid=10158 com.google.android.gms.persistent expire 2 lines
04-22 11:32:25.932  2294  2614 I chatty  : uid=1002(bluetooth) btu message loo expire 154 lines
04-22 11:32:26.228  2294  2358 I chatty  : uid=1002(bluetooth) BT Service Call expire 136 lines
04-22 11:32:26.230 21460  7915 I chatty  : uid=10158(com.google.android.gms) Binder:21460_E expire 12 lines
04-22 11:32:26.641   812  1668 D NativeSensors: CapSensor:  mPendingEvent.distance=1.000000
04-22 11:32:26.739   812  1668 D NativeSensors: CapSensor:  mPendingEvent.distance=2.000000
04-22 11:32:27.086   812  1668 D NativeSensors: CapSensor:  mPendingEvent.distance=1.000000
04-22 11:32:27.151  1749  1768 W ProcessStats: Tracking association SourceState{ecff641 com.google.android.gms.persistent/10158 ImpFg #93400} whose proc state 2 is better than process ProcessState{d084d42 com.google.android.gms/10158 pkg=com.google.android.gms} proc state 3 (33 skipped)
04-22 11:32:27.159  2294 10674 I chatty  : uid=1002(bluetooth) Binder:2294_8 expire 9 lines
04-22 11:32:27.165  2294 14756 I chatty  : uid=1002(bluetooth) com.android.bluetooth expire 2 lines
04-22 11:32:27.174  2294  2588 I chatty  : uid=1002(bluetooth) BluetoothScanMa expire 33 lines
04-22 11:32:27.175  2294  2675 I chatty  : uid=1002(bluetooth) Binder:2294_5 expire 11 lines
04-22 11:32:27.187 21460 22366 I chatty  : uid=10158(com.google.android.gms) Binder:21460_B expire 8 lines
04-22 11:32:28.124   812  1668 D NativeSensors: CapSensor:  mPendingEvent.distance=0.000000
04-22 11:32:28.463 21460 14714 I chatty  : uid=10158 com.google.android.gms.persistent expire 84 lines
04-22 11:32:29.293 21460 14279 I chatty  : uid=10158 com.google.android.gms.persistent expire 11 lines
04-22 11:32:29.293 21460 14739 I chatty  : uid=10158 com.google.android.gms.persistent expire 11 lines
04-22 11:32:29.298 14555 14555 D connectedcrossroad: onEndpointFound: Connecting to UVYC
04-22 11:32:29.402 21460 21485 I chatty  : uid=10158(com.google.android.gms) Binder:21460_3 expire 10 lines
04-22 11:32:29.411  2313  2395 W BluetoothEventManager: AclStateChangedHandler: activeDevice is null
04-22 11:32:29.413  2294 14763 I chatty  : uid=1002(bluetooth) com.android.bluetooth expire 2 lines
04-22 11:32:29.414 21460 14425 I chatty  : uid=10158(com.google.android.gms) highpool[497] expire 26 lines
04-22 11:32:29.433  8057  8057 D MCLOG   : [MC_Service] onStartcommand()
04-22 11:32:29.439 21153 21380 I BistoWorker: bluetoothConnectionStateChanged. Action: android.bluetooth.device.action.ACL_CONNECTED
04-22 11:32:29.440 21153 21380 I BistoWorker: Ignoring non-bonded action android.bluetooth.device.action.ACL_CONNECTED for device 55:CE:1B:E3:09:CD
04-22 11:32:29.442 21460 21460 I chatty  : uid=10158 com.google.android.gms.persistent expire 5 lines
04-22 11:32:29.444 21460 14737 I chatty  : uid=10158 com.google.android.gms.persistent expire 61 lines
04-22 11:32:29.612 21460 14735 I chatty  : uid=10158 com.google.android.gms.persistent expire 11 lines
04-22 11:32:29.629 14555 14555 D connectedcrossroad: onConnectionInitiated: Accepting connection
04-22 11:32:29.632 21460 14716 I chatty  : uid=10158 com.google.android.gms.persistent expire 17 lines
04-22 11:32:29.640 14555 14555 I connectedcrossroad: onConnectionResult: Connection successful
04-22 11:32:29.640 14555 14555 D connectedcrossroad: onConnectionResult: Neighbor added: MOk7
04-22 11:32:30.958 14555 14663 D connectedcrossroad: Data collect: SEND
04-22 11:32:31.011  2294 14765 I chatty  : uid=1002(bluetooth) com.android.bluetooth expire 2 lines
04-22 11:32:31.041  1749  9826 I WifiService: enableTdls uid=10158 enable=true
04-22 11:32:31.044  1749   552 I WifiService: enableTdlsWithMacAddress uid=1000 enable=true
04-22 11:32:31.045 12349 12349 I wpa_supplicant: TDLS: Failed to send message (action_code=10)
04-22 11:32:31.045 12349 12349 I wpa_supplicant: StaIface: TDLS discover failed: -1
04-22 11:32:31.102  1749  1781 I ActivityManager: Waited long enough for: ServiceRecord{f55d9fe u0 com.google.android.googlequicksearchbox/com.google.android.apps.gsa.shared.util.keepalive.StandaloneKeepAlive$KeepAliveService}
04-22 11:32:31.484 21460 21645 I chatty  : uid=10158(com.google.android.gms) NearbyDiscovery expire 2 lines
04-22 11:32:32.647 21460  3743 I chatty  : uid=10158(com.google.android.gms) lowpool[206] expire 2 lines
04-22 11:32:33.002 14555 14663 D connectedcrossroad: Data collect: SEND
04-22 11:32:33.798     0     0 W swapper/1: type=1400 audit(0.0:2629): avc: denied { kill } for uid=0 capability=5 scontext=u:r:kernel:s0 tcontext=u:r:kernel:s0 tclass=capability permissive=0
04-22 11:32:38.415  1749  2054 D BatteryService: uevent={POWER_SUPPLY_DP_DM=0, POWER_SUPPLY_VOLTAGE_NOW=3741507, POWER_SUPPLY_SW_JEITA_ENABLED=0, POWER_SUPPLY_CHARGE_CONTROL_LIMIT_MAX=8, POWER_SUPPLY_RECHARGE_SOC=99, POWER_SUPPLY_HEALTH=Good, POWER_SUPPLY_TECHNOLOGY=Li-ion, POWER_SUPPLY_FCC_STEPPER_ENABLE=0, SEQNUM=625366, POWER_SUPPLY_INPUT_CURRENT_LIMITED=0, POWER_SUPPLY_CHARGE_CONTROL_LIMIT=0, POWER_SUPPLY_BATTERY_CHARGING_ENABLED=1, POWER_SUPPLY_STATUS=Discharging, POWER_SUPPLY_CYCLE_COUNT=1, POWER_SUPPLY_CURRENT_MAX=2000000, POWER_SUPPLY_CHARGE_TERM_CURRENT=-101, POWER_SUPPLY_CAPACITY=31, DEVPATH=/devices/platform/soc/200f000.qcom,spmi/spmi-0/spmi0-02/200f000.qcom,spmi:qcom,pmi632@2:qcom,qpnp-smb5/power_supply/battery, POWER_SUPPLY_CHARGE_DONE=0, POWER_SUPPLY_CHARGE_TYPE=N/A, POWER_SUPPLY_CHARGE_RATE=None, POWER_SUPPLY_CURRENT_NOW=-224914, POWER_SUPPLY_SYSTEM_TEMP_LEVEL=0, POWER_SUPPLY_PRESENT=1, POWER_SUPPLY_PARALLEL_DISABLE=0, POWER_SUPPLY_CHARGE_FULL=3615000, SUBSYSTEM=power_supply, POWER_SUPPLY_SET_SHIP_MODE=0, POWER_SUPPLY_TEMP=256, ACTION=change, POWER_SUPPLY_RERUN_AICL=0, POWER_SUPPLY_AGE=100, POWER_SUPPLY_NAME=battery, POWER_SUPPLY_VOLTAGE_MAX=-22, POWER_SUPPLY_CONSTANT_CHARGE_CURRENT_MAX=2000000, POWER_SUPPLY_CHARGE_COUNTER=1156800, POWER_SUPPLY_STEP_CHARGING_ENABLED=0, POWER_SUPPLY_NUM_SYSTEM_TEMP_LEVELS=8, POWER_SUPPLY_DIE_HEALTH=Hot, POWER_SUPPLY_INPUT_SUSPEND=0}
04-22 11:32:48.217 21460 14348 I chatty  : uid=10158 com.google.android.gms.persistent expire 1 line
04-22 11:32:48.318  2294  2358 D bt_btif_config: btif_get_device_type: Device [56:9c:8a:55:20:2c] type 2
04-22 11:32:48.552 14555 14664 D connectedcrossroad: dataTxThread: Pulled AODV data from queue
04-22 11:32:48.553 14555 14664 D connectedcrossroad: dataTxThread: Pulled AODV data from queue
04-22 11:32:48.700 14555 14555 D connectedcrossroad: Data collect: SEND
04-22 11:32:48.704 14555 14555 D connectedcrossroad: Data collect: SEND
04-22 11:32:48.710 14555 14555 V data    : Payload RX: 0
04-22 11:32:48.710 14555 14555 V data    : Payload TX: 0
04-22 11:32:48.710 14555 14555 V data    : Total RX: 612
04-22 11:32:48.710 14555 14555 V data    : Total TX: 14076
04-22 11:32:48.710 14555 14555 D connectedcrossroad: sendMessage: Sent message
04-22 11:32:49.056 14555 14664 D connectedcrossroad: dataTxThread: Pulled AODV data from queue
04-22 11:32:49.057 14555 14664 D connectedcrossroad: dataTxThread: Pulled AODV data from queue
04-22 11:32:49.063 14555 14663 D connectedcrossroad: Data collect: SEND
04-22 11:32:49.066 14555 14663 D connectedcrossroad: Data collect: SEND
04-22 11:32:49.174  2294  2614 W bt_btm  : btm_process_inq_results: BDA: cc:0d:f2:75:2d:60
04-22 11:32:49.174  2294  2614 W bt_btm  : btm_process_inq_results: Dev class: 5a-02-0c
04-22 11:32:49.175  2294  2358 D bt_btif_config: btif_get_device_type: Device [cc:0d:f2:75:2d:60] type 1
04-22 11:32:49.559 14555 14664 D connectedcrossroad: dataTxThread: Pulled AODV data from queue
04-22 11:32:49.560 14555 14664 D connectedcrossroad: dataTxThread: Pulled AODV data from queue
04-22 11:32:49.713 14555 14555 D connectedcrossroad: Data collect: SEND
04-22 11:32:49.717 14555 14555 D connectedcrossroad: Data collect: SEND
04-22 11:32:49.721 14555 14555 V data    : Payload RX: 0
04-22 11:32:49.722 14555 14555 V data    : Payload TX: 0
04-22 11:32:49.722 14555 14555 V data    : Total RX: 612
04-22 11:32:49.722 14555 14555 V data    : Total TX: 16524
04-22 11:32:49.722 14555 14555 D connectedcrossroad: sendMessage: Sent message
04-22 11:32:50.000 21460 14739 I chatty  : uid=10158 com.google.android.gms.persistent expire 5 lines
04-22 11:32:50.063 14555 14664 D connectedcrossroad: dataTxThread: Pulled AODV data from queue
04-22 11:32:50.064 14555 14664 D connectedcrossroad: dataTxThread: Pulled AODV data from queue
04-22 11:32:50.566 14555 14664 D connectedcrossroad: dataTxThread: Pulled AODV data from queue
04-22 11:32:50.567 14555 14664 D connectedcrossroad: dataTxThread: Pulled AODV data from queue
04-22 11:32:50.730 14555 14555 D connectedcrossroad: Data collect: SEND
04-22 11:32:50.733 14555 14555 D connectedcrossroad: Data collect: SEND
04-22 11:32:50.737 14555 14555 V data    : Payload RX: 0
04-22 11:32:50.737 14555 14555 V data    : Payload TX: 0
04-22 11:32:50.737 14555 14555 V data    : Total RX: 612
04-22 11:32:50.738 14555 14555 V data    : Total TX: 17748
04-22 11:32:50.738 14555 14555 D connectedcrossroad: sendMessage: Sent message
04-22 11:32:51.070 14555 14663 D connectedcrossroad: Data collect: SEND
04-22 11:32:51.070 14555 14664 D connectedcrossroad: dataTxThread: Pulled AODV data from queue
04-22 11:32:51.074 14555 14663 D connectedcrossroad: Data collect: SEND
04-22 11:32:51.078 14555 14664 D connectedcrossroad: dataTxThread: Pulled AODV data from queue
04-22 11:32:51.080 14555 14664 D connectedcrossroad: dataTxThread: Pulled AODV data from queue
04-22 11:32:51.552  2294  2614 W bt_btm  : btm_process_inq_results: BDA: 58:cb:52:5b:bf:2c
04-22 11:32:51.552  2294  2614 W bt_btm  : btm_process_inq_results: Dev class: 5a-02-0c
04-22 11:32:51.552  2294  2358 D bt_btif_config: btif_get_device_type: Device [58:cb:52:5b:bf:2c] type 1
04-22 11:32:51.582 14555 14664 D connectedcrossroad: dataTxThread: Pulled AODV data from queue
04-22 11:32:51.583 14555 14664 D connectedcrossroad: dataTxThread: Pulled AODV data from queue
04-22 11:32:51.742 14555 14555 D connectedcrossroad: Data collect: SEND
04-22 11:32:51.747 14555 14555 D connectedcrossroad: Data collect: SEND
04-22 11:32:51.751 14555 14555 V data    : Payload RX: 0
04-22 11:32:51.751 14555 14555 V data    : Payload TX: 0
04-22 11:32:51.751 14555 14555 V data    : Total RX: 612
04-22 11:32:51.751 14555 14555 V data    : Total TX: 20196
04-22 11:32:51.751 14555 14555 D connectedcrossroad: sendMessage: Sent message
04-22 11:32:52.086 14555 14664 D connectedcrossroad: dataTxThread: Pulled AODV data from queue
04-22 11:32:52.590 14555 14664 D connectedcrossroad: dataTxThread: Pulled AODV data from queue
04-22 11:32:52.590   833 12353 E WifiHAL : Received LOG message with insufficent length: 24
04-22 11:32:52.590   833 12353 E WifiHAL : Received fatal event, sending alert
04-22 11:32:52.590 14555 14664 D connectedcrossroad: dataTxThread: Pulled AODV data from queue
04-22 11:32:52.591 14555 14664 D connectedcrossroad: dataTxThread: Pulled AODV data from queue
04-22 11:32:52.591  1749 27554 W WifiVendorHal: onDebugErrorAlert 4104
04-22 11:32:52.661  2294  2358 D bt_btif_config: btif_get_device_type: Device [48:f3:39:b5:87:50] type 2
04-22 11:32:52.754 14555 14555 D connectedcrossroad: Data collect: SEND
04-22 11:32:52.757 14555 14555 D connectedcrossroad: Data collect: SEND
04-22 11:32:52.761 14555 14555 V data    : Payload RX: 0
04-22 11:32:52.761 14555 14555 V data    : Payload TX: 0
04-22 11:32:52.761 14555 14555 V data    : Total RX: 612
04-22 11:32:52.761 14555 14555 V data    : Total TX: 21420
04-22 11:32:52.761 14555 14555 D connectedcrossroad: sendMessage: Sent message
04-22 11:32:53.079 14555 14663 D connectedcrossroad: Data collect: SEND
04-22 11:32:53.083 14555 14663 D connectedcrossroad: Data collect: SEND
04-22 11:32:53.093 14555 14664 D connectedcrossroad: dataTxThread: Pulled AODV data from queue
04-22 11:32:53.093 14555 14664 D connectedcrossroad: dataTxThread: Pulled AODV data from queue
04-22 11:32:53.094 14555 14664 D connectedcrossroad: dataTxThread: Pulled AODV data from queue
04-22 11:32:53.115  2294  2358 D bt_btif_config: btif_get_device_type: Device [cc:0d:f2:75:2d:60] type 1
04-22 11:32:53.222  2294  2358 D bt_btif_config: btif_get_device_type: Device [cc:0d:f2:5a:3b:e4] type 1
04-22 11:32:53.598 14555 14664 D connectedcrossroad: dataTxThread: Pulled AODV data from queue
04-22 11:32:53.599 14555 14664 D connectedcrossroad: dataTxThread: Pulled AODV data from queue
04-22 11:32:53.765 14555 14555 D connectedcrossroad: Data collect: SEND
04-22 11:32:53.769 14555 14555 D connectedcrossroad: Data collect: SEND
04-22 11:32:53.774 14555 14555 V data    : Payload RX: 0
04-22 11:32:53.774 14555 14555 V data    : Payload TX: 0
04-22 11:32:53.774 14555 14555 V data    : Total RX: 612
04-22 11:32:53.774 14555 14555 V data    : Total TX: 23868
04-22 11:32:53.774 14555 14555 D connectedcrossroad: sendMessage: Sent message
04-22 11:32:53.801     0     0 W swapper/1: type=1400 audit(0.0:2631): avc: denied { kill } for uid=0 capability=5 scontext=u:r:kernel:s0 tcontext=u:r:kernel:s0 tclass=capability permissive=0
04-22 11:32:54.026  2294  2358 D bt_btif_config: btif_get_device_type: Device [55:ce:1b:e3:09:cd] type 2
04-22 11:32:54.100 14555 14664 D connectedcrossroad: dataTxThread: Pulled AODV data from queue
04-22 11:32:54.102 14555 14664 D connectedcrossroad: dataTxThread: Pulled AODV data from queue
04-22 11:32:54.142 24881 14805 I chatty  : uid=10158(com.google.android.gms) expire 2 lines
04-22 11:32:54.605 14555 14664 D connectedcrossroad: dataTxThread: Pulled AODV data from queue
04-22 11:32:54.607 14555 14664 D connectedcrossroad: dataTxThread: Pulled AODV data from queue
04-22 11:32:54.779 14555 14555 D connectedcrossroad: data collect: burst end
04-22 11:32:54.788 14555 14555 I Choreographer: Skipped 546 frames!  The application may be doing too much work on its main thread.
04-22 11:32:54.788  2294  2358 D bt_btif_config: btif_get_device_type: Device [4a:e2:b7:11:df:9e] type 2
04-22 11:32:54.805 14555 14578 I OpenGLRenderer: Davey! duration=9127ms; Flags=0, IntendedVsync=25100024051724, Vsync=25109124051360, OldestInputEvent=9223372036854775807, NewestInputEvent=0, HandleInputStart=25109136992173, AnimationStart=25109137138059, PerformTraversalsStart=25109138739621, DrawStart=25109140008632, SyncQueued=25109143755611, SyncStart=25109145448007, IssueDrawCommandsStart=25109145788997, SwapBuffers=25109151466081, FrameCompleted=25109153668217, DequeueBufferDuration=361000, QueueBufferDuration=694000, 
04-22 11:32:54.814 14555 14668 V connectedcrossroad: Data collect: RREQ
04-22 11:32:54.814 14555 14668 V data    : Payload RX: 0
04-22 11:32:54.814 14555 14668 V data    : Payload TX: 0
04-22 11:32:54.814 14555 14668 V data    : Total RX: 1848
04-22 11:32:54.814 14555 14668 V data    : Total TX: 23868
04-22 11:32:54.820 14555 14668 V connectedcrossroad: Data collect: RREQ
04-22 11:32:54.820 14555 14668 V data    : Payload RX: 0
04-22 11:32:54.820 14555 14668 V data    : Payload TX: 0
04-22 11:32:54.820 14555 14668 V data    : Total RX: 2466
04-22 11:32:54.820 14555 14668 V data    : Total TX: 23868
04-22 11:32:54.824 14555 14668 V connectedcrossroad: Data collect: RREQ
04-22 11:32:54.824 14555 14668 V data    : Payload RX: 0
04-22 11:32:54.825 14555 14668 V data    : Payload TX: 0
04-22 11:32:54.825 14555 14668 V data    : Total RX: 3084
04-22 11:32:54.825 14555 14668 V data    : Total TX: 23868
04-22 11:32:54.829 14555 14668 V connectedcrossroad: Data collect: RREQ
04-22 11:32:54.829 14555 14668 V data    : Payload RX: 0
04-22 11:32:54.829 14555 14668 V data    : Payload TX: 0
04-22 11:32:54.829 14555 14668 V data    : Total RX: 3702
04-22 11:32:54.830 14555 14668 V data    : Total TX: 23868
04-22 11:32:54.834 14555 14668 V connectedcrossroad: Data collect: RREQ
04-22 11:32:54.834 14555 14668 V data    : Payload RX: 0
04-22 11:32:54.834 14555 14668 V data    : Payload TX: 0
04-22 11:32:54.834 14555 14668 V data    : Total RX: 4320
04-22 11:32:54.834 14555 14668 V data    : Total TX: 23868
04-22 11:32:54.838 14555 14668 V connectedcrossroad: Data collect: RREQ
04-22 11:32:54.838 14555 14668 V data    : Payload RX: 0
04-22 11:32:54.839 14555 14668 V data    : Payload TX: 0
04-22 11:32:54.839 14555 14668 V data    : Total RX: 4938
04-22 11:32:54.839 14555 14668 V data    : Total TX: 23868
04-22 11:32:54.843 14555 14668 V connectedcrossroad: Data collect: RREQ
04-22 11:32:54.843 14555 14668 V data    : Payload RX: 0
04-22 11:32:54.843 14555 14668 V data    : Payload TX: 0
04-22 11:32:54.843 14555 14668 V data    : Total RX: 4938
04-22 11:32:54.843 14555 14668 V data    : Total TX: 23868
04-22 11:32:55.088 14555 14663 D connectedcrossroad: Data collect: SEND
04-22 11:32:55.091 14555 14663 D connectedcrossroad: Data collect: SEND
04-22 11:32:55.108 14555 14664 D connectedcrossroad: dataTxThread: Pulled AODV data from queue
04-22 11:32:55.109 14555 14664 D connectedcrossroad: dataTxThread: Pulled AODV data from queue
04-22 11:32:55.275 14555 14668 V connectedcrossroad: Data collect: RREQ
04-22 11:32:55.275 14555 14668 V data    : Payload RX: 0
04-22 11:32:55.275 14555 14668 V data    : Payload TX: 0
04-22 11:32:55.276 14555 14668 V data    : Total RX: 5556
04-22 11:32:55.276 14555 14668 V data    : Total TX: 25092
04-22 11:32:55.290 14555 14668 V connectedcrossroad: Data collect: HELO
04-22 11:32:55.290 14555 14668 V perf    : Discovered neighbor: 4 (f4UG)
04-22 11:32:55.290 14555 14668 V perf    : Bytes sent: 25092, received: 6168
04-22 11:32:55.290 14555 14668 V data    : Payload RX: 0
04-22 11:32:55.290 14555 14668 V data    : Payload TX: 0
04-22 11:32:55.290 14555 14668 V data    : Total RX: 6168
04-22 11:32:55.291 14555 14668 V data    : Total TX: 25092
04-22 11:32:55.613 14555 14664 D connectedcrossroad: dataTxThread: Pulled AODV data from queue
04-22 11:32:56.118 14555 14664 D connectedcrossroad: dataTxThread: Pulled AODV data from queue
04-22 11:32:56.152 21460 14425 I chatty  : uid=10158(com.google.android.gms) highpool[497] expire 67 lines
04-22 11:32:56.159 14555 14555 I connectedcrossroad: onConnectionResult: Connection successful
04-22 11:32:56.160 14555 14555 D connectedcrossroad: onConnectionResult: Neighbor added: 4FwD
04-22 11:32:56.595 14555 14668 V connectedcrossroad: Data collect: HELO
04-22 11:32:56.596 14555 14668 V data    : Payload RX: 0
04-22 11:32:56.596 14555 14668 V data    : Payload TX: 0
04-22 11:32:56.596 14555 14668 V data    : Total RX: 6780
04-22 11:32:56.596 14555 14668 V data    : Total TX: 25092
04-22 11:32:56.621 14555 14664 D connectedcrossroad: dataTxThread: Pulled AODV data from queue
04-22 11:32:56.623 14555 14664 D connectedcrossroad: dataTxThread: Pulled AODV data from queue
04-22 11:32:56.827 21460 14770 I chatty  : uid=10158 com.google.android.gms.persistent expire 60 lines
04-22 11:32:57.096 14555 14663 D connectedcrossroad: Data collect: SEND
04-22 11:32:57.100 14555 14663 I chatty  : uid=10216(com.google.location.nearby.apps.connectedcrossroad) identical 8 lines
04-22 11:32:57.103 14555 14663 D connectedcrossroad: Data collect: SEND
04-22 11:32:57.124 14555 14664 D connectedcrossroad: dataTxThread: Pulled AODV data from queue
04-22 11:32:57.125 14555 14664 D connectedcrossroad: dataTxThread: Pulled AODV data from queue
04-22 11:32:57.486 14555 14668 V connectedcrossroad: Data collect: HELO
04-22 11:32:57.487 14555 14668 V perf    : Discovered neighbor: 3 (4FwD)
04-22 11:32:57.487 14555 14668 V perf    : Bytes sent: 26928, received: 7392
04-22 11:32:57.487 14555 14668 V data    : Payload RX: 0
04-22 11:32:57.487 14555 14668 V data    : Payload TX: 0
04-22 11:32:57.487 14555 14668 V data    : Total RX: 7392
04-22 11:32:57.487 14555 14668 V data    : Total TX: 26928
04-22 11:32:57.628 14555 14664 D connectedcrossroad: dataTxThread: Pulled AODV data from queue
04-22 11:32:57.628 14555 14664 D connectedcrossroad: Data collect: SEND
04-22 11:32:57.632 14555 14664 D connectedcrossroad: dataTxThread: Pulled AODV data from queue
04-22 11:32:57.632 14555 14664 D connectedcrossroad: Data collect: SEND
04-22 11:32:57.636 14555 14664 D connectedcrossroad: dataTxThread: Pulled AODV data from queue
04-22 11:32:57.636 14555 14664 D connectedcrossroad: Data collect: SEND
04-22 11:32:57.642 14555 14664 D connectedcrossroad: dataTxThread: Pulled AODV data from queue
04-22 11:32:57.643 14555 14664 D connectedcrossroad: Data collect: SEND
04-22 11:32:57.644 21460 14716 I chatty  : uid=10158 com.google.android.gms.persistent expire 32 lines
04-22 11:32:58.350 14555 14668 V connectedcrossroad: Data collect: HELO
04-22 11:32:58.350 14555 14668 V data    : Payload RX: 0
04-22 11:32:58.350 14555 14668 V data    : Payload TX: 48
04-22 11:32:58.350 14555 14668 V data    : Total RX: 8004
04-22 11:32:58.350 14555 14668 V data    : Total TX: 29408
04-22 11:32:59.110 14555 14663 D connectedcrossroad: Data collect: SEND
04-22 11:32:59.115 14555 14663 D connectedcrossroad: Data collect: SEND
04-22 11:33:00.040  2313  2313 W View    : requestLayout() improperly called by com.android.systemui.statusbar.HeadsUpStatusBarView{e5b882e I.E...... ......ID 0,0-248,56 #7f0a01f7 app:id/heads_up_status_bar_view} during layout: running second layout pass
04-22 11:33:00.542 14555 14668 V connectedcrossroad: Data collect: HELO
04-22 11:33:00.543 14555 14668 V data    : Payload RX: 0
04-22 11:33:00.543 14555 14668 V data    : Payload TX: 48
04-22 11:33:00.543 14555 14668 V data    : Total RX: 8616
04-22 11:33:00.543 14555 14668 V data    : Total TX: 31244
04-22 11:33:01.121 14555 14663 D connectedcrossroad: Data collect: SEND
04-22 11:33:01.128 14555 14663 D connectedcrossroad: Data collect: SEND
04-22 11:33:02.425 14555 14668 V connectedcrossroad: Data collect: HELO
04-22 11:33:02.425 14555 14668 V data    : Payload RX: 0
04-22 11:33:02.426 14555 14668 V data    : Payload TX: 48
04-22 11:33:02.426 14555 14668 V data    : Total RX: 9228
04-22 11:33:02.426 14555 14668 V data    : Total TX: 33080
04-22 11:33:02.620 21460 21473 I chatty  : uid=10158(com.google.android.gms) HeapTaskDaemon expire 1 line
04-22 11:33:02.637 21460 21475 I chatty  : uid=10158(com.google.android.gms) FinalizerDaemon expire 4 lines
04-22 11:33:03.135 14555 14663 D connectedcrossroad: Data collect: SEND
04-22 11:33:03.140 14555 14663 D connectedcrossroad: Data collect: SEND
04-22 11:33:03.178 14555 14668 V connectedcrossroad: Data collect: RREQ
04-22 11:33:03.178 14555 14668 V data    : Payload RX: 0
04-22 11:33:03.178 14555 14668 V data    : Payload TX: 48
04-22 11:33:03.178 14555 14668 V data    : Total RX: 9846
04-22 11:33:03.178 14555 14668 V data    : Total TX: 34916
04-22 11:33:03.519   833 12353 E WifiHAL : Received LOG message with insufficent length: 24
04-22 11:33:03.520   833 12353 E WifiHAL : Received fatal event, sending alert
04-22 11:33:03.521  1749  1790 W WifiVendorHal: onDebugErrorAlert 4104
04-22 11:33:03.801     0     0 W swapper/0: type=1400 audit(0.0:2632): avc: denied { kill } for uid=0 capability=5 scontext=u:r:kernel:s0 tcontext=u:r:kernel:s0 tclass=capability permissive=0
04-22 11:33:03.807  1749  1763 I system_server: Background concurrent copying GC freed 52020(4187KB) AllocSpace objects, 14(15MB) LOS objects, 42% free, 21MB/38MB, paused 136us total 166.720ms
04-22 11:33:04.042 21460 14769 I chatty  : uid=10158 com.google.android.gms.persistent expire 2 lines
04-22 11:33:04.183 14555 14668 V connectedcrossroad: Data collect: HELO
04-22 11:33:04.183 14555 14668 V data    : Payload RX: 0
04-22 11:33:04.183 14555 14668 V data    : Payload TX: 48
04-22 11:33:04.183 14555 14668 V data    : Total RX: 10458
04-22 11:33:04.183 14555 14668 V data    : Total TX: 34916
04-22 11:33:04.920 14555 14555 I connectedcrossroad: onConnectionResult: Connection successful
04-22 11:33:04.920 14555 14555 D connectedcrossroad: onConnectionResult: Too many neighbors: UVYC
04-22 11:33:05.145 14555 14663 D connectedcrossroad: Data collect: SEND
04-22 11:33:05.151 14555 14663 D connectedcrossroad: Data collect: SEND
04-22 11:33:06.247 14555 14668 V connectedcrossroad: Data collect: HELO
04-22 11:33:06.247 14555 14668 V data    : Payload RX: 0
04-22 11:33:06.247 14555 14668 V data    : Payload TX: 48
04-22 11:33:06.247 14555 14668 V data    : Total RX: 11682
04-22 11:33:06.247 14555 14668 V data    : Total TX: 36752
04-22 11:33:06.252 14555 14668 V connectedcrossroad: Data collect: HELO
04-22 11:33:06.253 14555 14668 V data    : Payload RX: 0
04-22 11:33:06.253 14555 14668 V data    : Payload TX: 48
04-22 11:33:06.253 14555 14668 V data    : Total RX: 11682
04-22 11:33:06.253 14555 14668 V data    : Total TX: 36752
04-22 11:33:07.156 14555 14663 D connectedcrossroad: Data collect: SEND
04-22 11:33:07.162 14555 14663 D connectedcrossroad: Data collect: SEND
04-22 11:33:07.996 14555 14668 V connectedcrossroad: Data collect: HELO
04-22 11:33:07.996 14555 14668 V data    : Payload RX: 0
04-22 11:33:07.996 14555 14668 V data    : Payload TX: 48
04-22 11:33:07.996 14555 14668 V data    : Total RX: 12294
04-22 11:33:07.996 14555 14668 V data    : Total TX: 38588
04-22 11:33:08.135  2294  2614 E bt_btm  : Ignoring RNR as the state is not BTM_SEC_STATE_GETTING_NAME
04-22 11:33:08.143  2294 25292 D BluetoothAdapterService: startDiscovery
04-22 11:33:08.150  2294  2614 W bt_btif : bta_dm_check_av:0
04-22 11:33:08.153  2294  2614 E bt_btif : bte_scan_filt_param_cfg_evt, 23
04-22 11:33:08.357 14555 14668 V connectedcrossroad: Data collect: HELO
04-22 11:33:08.357 14555 14668 V data    : Payload RX: 0
04-22 11:33:08.358 14555 14668 V data    : Payload TX: 48
04-22 11:33:08.358 14555 14668 V data    : Total RX: 12906
04-22 11:33:08.358 14555 14668 V data    : Total TX: 38588
04-22 11:33:08.897  2294  2614 W bt_btm  : btm_process_inq_results: BDA: cc:0d:f2:5a:3b:e4
04-22 11:33:08.897  2294  2614 W bt_btm  : btm_process_inq_results: Dev class: 5a-02-0c
04-22 11:33:08.898  2294  2358 D bt_btif_config: btif_get_device_type: Device [cc:0d:f2:5a:3b:e4] type 1
04-22 11:33:09.165 14555 14663 D connectedcrossroad: Data collect: SEND
04-22 11:33:09.168 14555 14663 D connectedcrossroad: Data collect: SEND
04-22 11:33:09.551  2294  2358 D bt_btif_config: btif_get_device_type: Device [56:9c:8a:55:20:2c] type 2
04-22 11:33:09.675  2294  2614 W bt_btm  : btm_process_inq_results: BDA: 58:cb:52:5b:bf:2c
04-22 11:33:09.675  2294  2614 W bt_btm  : btm_process_inq_results: Dev class: 5a-02-0c
04-22 11:33:09.676  2294  2358 D bt_btif_config: btif_get_device_type: Device [58:cb:52:5b:bf:2c] type 1
04-22 11:33:10.142 14555 14668 V connectedcrossroad: Data collect: HELO
04-22 11:33:10.142 14555 14668 V data    : Payload RX: 0
04-22 11:33:10.142 14555 14668 V data    : Payload TX: 48
04-22 11:33:10.142 14555 14668 V data    : Total RX: 13518
04-22 11:33:10.142 14555 14668 V data    : Total TX: 40424
04-22 11:33:10.577 21460 14770 I chatty  : uid=10158 com.google.android.gms.persistent expire 18 lines
04-22 11:33:10.578 14555 14668 V connectedcrossroad: Data collect: HELO
04-22 11:33:10.578 14555 14668 V data    : Payload RX: 0
04-22 11:33:10.578 14555 14668 V data    : Payload TX: 48
04-22 11:33:10.578 14555 14668 V data    : Total RX: 14130
04-22 11:33:10.578 14555 14668 V data    : Total TX: 40424
04-22 11:33:10.590 21460 14425 I chatty  : uid=10158(com.google.android.gms) highpool[497] expire 49 lines
04-22 11:33:10.591 14555 14668 V connectedcrossroad: Data collect: HELO
04-22 11:33:10.591 14555 14668 V data    : Payload RX: 0
04-22 11:33:10.591 14555 14668 V data    : Payload TX: 48
04-22 11:33:10.591 14555 14668 V data    : Total RX: 14742
04-22 11:33:10.591 14555 14668 V data    : Total TX: 40424
04-22 11:33:10.598 14555 14668 V connectedcrossroad: Data collect: HELO
04-22 11:33:10.598 14555 14668 V data    : Payload RX: 0
04-22 11:33:10.598 14555 14668 V data    : Payload TX: 48
04-22 11:33:10.598 14555 14668 V data    : Total RX: 15354
04-22 11:33:10.598 14555 14668 V data    : Total TX: 40424
04-22 11:33:10.602 14555 14668 V connectedcrossroad: Data collect: HELO
04-22 11:33:10.602 14555 14668 V data    : Payload RX: 0
04-22 11:33:10.602 14555 14668 V data    : Payload TX: 48
04-22 11:33:10.602 14555 14668 V data    : Total RX: 15966
04-22 11:33:10.603 14555 14668 V data    : Total TX: 40424
04-22 11:33:11.019 14555 14668 V connectedcrossroad: Data collect: HELO
04-22 11:33:11.020 14555 14668 V data    : Payload RX: 0
04-22 11:33:11.020 14555 14668 V data    : Payload TX: 48
04-22 11:33:11.020 14555 14668 V data    : Total RX: 16578
04-22 11:33:11.020 14555 14668 V data    : Total TX: 40424
04-22 11:33:11.171 14555 14663 D connectedcrossroad: Data collect: SEND
04-22 11:33:11.178 14555 14663 D connectedcrossroad: Data collect: SEND
04-22 11:33:11.185 21460 14716 I chatty  : uid=10158 com.google.android.gms.persistent expire 2 lines
04-22 11:33:11.244  1749  2387 D WificondControl: Scan result ready event
04-22 11:33:11.406  2294  2614 W bt_btm  : btm_process_inq_results: BDA: cc:0d:f2:75:2d:60
04-22 11:33:11.406  2294  2614 W bt_btm  : btm_process_inq_results: Dev class: 5a-02-0c
04-22 11:33:11.406  2294  2358 D bt_btif_config: btif_get_device_type: Device [cc:0d:f2:75:2d:60] type 1
04-22 11:33:11.415  2294  2614 W bt_btm  : btm_process_inq_results: BDA: cc:0d:f2:9b:b3:3e
04-22 11:33:11.415  2294  2614 W bt_btm  : btm_process_inq_results: Dev class: 5a-02-0c
04-22 11:33:11.416  2294  2358 D bt_btif_config: btif_get_device_type: Device [cc:0d:f2:9b:b3:3e] type 1
04-22 11:33:11.744 10059 14814 I chatty  : uid=10158 com.google.android.gms.unstable expire 2 lines
04-22 11:33:12.194 14555 14668 V connectedcrossroad: Data collect: HELO
04-22 11:33:12.194 14555 14668 V data    : Payload RX: 0
04-22 11:33:12.194 14555 14668 V data    : Payload TX: 48
04-22 11:33:12.194 14555 14668 V data    : Total RX: 17802
04-22 11:33:12.194 14555 14668 V data    : Total TX: 42260
04-22 11:33:12.200 14555 14668 V connectedcrossroad: Data collect: HELO
04-22 11:33:12.200 14555 14668 V data    : Payload RX: 0
04-22 11:33:12.200 14555 14668 V data    : Payload TX: 48
04-22 11:33:12.200 14555 14668 V data    : Total RX: 17802
04-22 11:33:12.200 14555 14668 V data    : Total TX: 42260
04-22 11:33:12.443  2294  2358 D bt_btif_config: btif_get_device_type: Device [19:ae:16:99:b2:f2] type 2
04-22 11:33:13.076 14555 14668 V connectedcrossroad: Data collect: HELO
04-22 11:33:13.076 14555 14668 V data    : Payload RX: 0
04-22 11:33:13.076 14555 14668 V data    : Payload TX: 48
04-22 11:33:13.077 14555 14668 V data    : Total RX: 18414
04-22 11:33:13.077 14555 14668 V data    : Total TX: 42260
04-22 11:33:13.133  1749  9826 I ActivityManager: Force stopping com.google.location.nearby.apps.connectedcrossroad appid=10216 user=0: from pid 14824
04-22 11:33:13.133  1749  9826 I ActivityManager: Killing 14555:com.google.location.nearby.apps.connectedcrossroad/u0a216 (adj 0): stop com.google.location.nearby.apps.connectedcrossroad
04-22 11:33:13.134  1749  9826 D ActivityManager: makeInactive, ProcessRecord{dd4c72b 14555:com.google.location.nearby.apps.connectedcrossroad/u0a216}, clear holder.state
04-22 11:33:13.134  1749  9826 W ActivityTaskManager: Force removing ActivityRecord{1662837 u0 com.google.location.nearby.apps.connectedcrossroad/nx.aodv.eval.MainActivity t49 f}: app died, no saved state
04-22 11:33:13.136  1749  9826 V WindowManager: Changing focus from Window{428f0a3 u0 com.google.location.nearby.apps.connectedcrossroad/nx.aodv.eval.MainActivity} to null displayId=0
04-22 11:33:13.155  1749  9826 I WindowManager: Window drawn AppWindowToken{bc1ab0d token=Token{a4a11a4 ActivityRecord{1662837 u0 com.google.location.nearby.apps.connectedcrossroad/nx.aodv.eval.MainActivity t49}}}
04-22 11:33:13.162  1749  9826 I ActivityTaskManager: moveHomeStack, setupComplete:true
04-22 11:33:13.174  8057  8312 D MCLOG   : [MC_TriggerHelper] PauseResumeTrigger
04-22 11:33:13.205  2508  2508 E PhoneInterfaceManager: [PhoneIntfMgr] getCarrierPackageNamesForIntent: No UICC
04-22 11:33:13.206  2508  2508 D CarrierSvcBindHelper: No carrier app for: 0
04-22 11:33:13.215  8057  8057 D MCLOG   : [MC_Service] onStartcommand()
04-22 11:33:13.223 21460 21569 I chatty  : uid=10158(com.google.android.gms) Binder:21460_4 expire 2 lines
04-22 11:33:13.223 21460 21976 I chatty  : uid=10158(com.google.android.gms) Binder:21460_A expire 4 lines
04-22 11:33:13.224 21460  7915 I chatty  : uid=10158(com.google.android.gms) Binder:21460_E expire 2 lines
04-22 11:33:13.224 21460 21477 I chatty  : uid=10158(com.google.android.gms) Binder:21460_1 expire 2 lines
04-22 11:33:13.227   729   729 I Zygote  : Process 14555 exited due to signal 9 (Killed)
04-22 11:33:13.228  1749  1783 I libprocessgroup: Successfully killed process cgroup uid 10216 pid 14555 in 92ms
04-22 11:33:13.228  1749 11122 V WindowManager: Changing focus from null to Window{733e816 u0 com.motorola.launcher3/com.android.launcher3.CustomizationPanelLauncher} displayId=0
04-22 11:33:13.242  1749  1772 W ActivityManager: setHasOverlayUi called on unknown pid: 14555
04-22 11:33:13.243  1749  1773 I WindowManager:   SURFACE show Surface(name=com.android.systemui.ImageWallpaper)/@0xcbdab7b on display:0: com.android.systemui.ImageWallpaper
04-22 11:33:13.244 29576 29785 D AssistReceiver: call: lightWakeup | null | null
04-22 11:33:13.247  1749  1773 I WindowManager: Window drawn AppWindowToken{7a5d47e token=Token{e022639 ActivityRecord{9980e00 u0 com.motorola.launcher3/com.android.launcher3.CustomizationPanelLauncher t3}}}
04-22 11:33:13.250  1749  1773 I WindowManager:   SURFACE show Surface(name=com.motorola.launcher3/com.android.launcher3.CustomizationPanelLauncher)/@0xa37091f on display:0: com.motorola.launcher3/com.android.launcher3.CustomizationPanelLauncher
04-22 11:33:13.262 21460 14714 I chatty  : uid=10158 com.google.android.gms.persistent expire 31 lines
04-22 11:33:13.299  1749  1773 I WindowManager:   SURFACE show Surface(name=com.motorola.launcher3/com.android.launcher3.CustomizationPanelLauncher)/@0x6f4f504 on display:0: com.motorola.launcher3/com.android.launcher3.CustomizationPanelLauncher
04-22 11:33:13.301 21153 21153 W ThreadPoolDumper: Queue length for executor EventBus is now 11. Perhaps some tasks are too long, or the pool is too small.
04-22 11:33:13.353 24881 24933 I chatty  : uid=10158(com.google.android.gms) highpool[1] expire 2 lines
04-22 11:33:13.392 21153 21333 W LocationOracle: No location history returned by ContextManager
04-22 11:33:13.405 21153 21380 I MicroDetectionState: Should stop hotword detection immediately - false
04-22 11:33:13.407 21153 21380 I MicroDetectionState: Should stop hotword detection immediately - false
04-22 11:33:13.416 21153 21380 I MicroDetectionWorker: #startMicroDetector [speakerMode: 0]
04-22 11:33:13.420 21153 21380 I AudioController: Created new AudioSource
04-22 11:33:13.422 21153 21405 I MicroDataManager: isInitializing-false locale not changed-true model not changed-true
04-22 11:33:13.423 21153 21405 I MicroDataManager: Already initialized, obtaining the hotword data immediately.
04-22 11:33:13.434 21153 14833 I MicroRecognitionRunner: Starting detection.
04-22 11:33:13.436 21153 14833 I InputStreamUtils: Using micInputStream
04-22 11:33:13.436 21153 11221 I MicrophoneInputStream: mic_starting  SR : 16000 CC : 16 SO : 1999
04-22 11:33:13.441   815  1715 V msm8974_platform: platform_check_input_mask: enter check_input_mask source 6 mask 10
04-22 11:33:13.441   815  1715 V msm8974_platform: platform_check_input_mask: enter check_input_mask source 6 mask 10
04-22 11:33:13.443   867 14835 I AudioFlinger: AudioFlinger's thread 0xa53342c0 tid=14835 ready to run
04-22 11:33:13.452   867  2283 D APM_AudioPolicyManager: startInput input:334, session:521, source 1999)
04-22 11:33:13.454   815  1715 D audio_hw_primary: in_set_parameters: enter: kvpairs=bottom=;input_source=6;routing=-2147483644
04-22 11:33:13.457  1749  7787 I AudioService.RecordingActivityMonitor: rec update riid:455 uid:10122 session:521 src:HOTWORD pack:com.google.android.googlequicksearchbox
04-22 11:33:13.458 21153 11221 I MicrophoneInputStream: mic_started  SR : 16000 CC : 16 SO : 1999
04-22 11:33:13.459   815 14836 V msm8974_platform: platform_update_usecase_from_source: input source :6
04-22 11:33:13.459   815 14836 V msm8974_platform: platform_check_input_mask: enter check_input_mask source 6 mask 10
04-22 11:33:13.460   815 14836 V msm8974_platform: platform_get_input_snd_device: enter: out_device(0) in_device(0x4) channel_count (1) channel_mask (0x10)
04-22 11:33:13.460   815 14836 V msm8974_platform: platform_get_input_snd_device: exit: in_snd_device(voice-rec-mic)
04-22 11:33:13.460   815 14836 V msm8974_platform: platform_get_backend_index:napb: backend port - 6 device - 136 
04-22 11:33:13.460   815 14836 V msm8974_platform: platform_check_and_set_capture_backend_cfg:txbecf: afe: bitwidth 0, samplerate 0, channel 1, backend_idx 6 usecase = 10 device (voice-rec-mic)
04-22 11:33:13.460   815 14836 V msm8974_platform: platform_check_capture_backend_cfg:txbecf: afe: Codec selected backend: 6 current bit width: 0 and sample rate: 0, channels 1
04-22 11:33:13.460   815 14836 V msm8974_platform: platform_check_capture_backend_cfg:txbecf: afe: Codec selected backend: 6 updated bit width: 0 and sample rate: 0
04-22 11:33:13.460   815 14836 I msm8974_platform: platform_check_capture_backend_cfg:txbecf: afe: Codec backend needs to be updated. new bit width: 0 new sample rate: 0 new channel: 1
04-22 11:33:13.460   815 14836 V msm8974_platform: platform_get_backend_index:napb: backend port - 6 device - 136 
04-22 11:33:13.460   815 14836 V msm8974_platform: platform_set_backend_cfg:becf: afe: bitwidth 0, samplerate 0 channels 1, backend_idx 6 device (voice-rec-mic)
04-22 11:33:13.461   815 14836 E msm8974_platform: platform_set_backend_cfg:becf: afe: Could not get ctl for mixer command - SLIM_0_TX Format
04-22 11:33:13.461   815 14836 V msm8974_platform: platform_send_audio_calibration: sending audio calibration for snd_device(136) acdb_id(62)
04-22 11:33:13.461   815 14836 D ACDB-LOADER: ACDB -> send_audio_cal, acdb_id = 62, path = 1, app id = 0x11130, sample rate = 48000, afe_sample_rate = 48000
04-22 11:33:13.461   815 14836 D ACDB-LOADER: ACDB -> send_asm_topology
04-22 11:33:13.461   815 14836 D ACDB-LOADER: ACDB -> ACDB_CMD_GET_AUDPROC_STREAM_TOPOLOGY_ID
04-22 11:33:13.461   815 14836 D ACDB-LOADER: ACDB -> send_adm_topology
04-22 11:33:13.461   815 14836 D ACDB-LOADER: ACDB -> ACDB_CMD_GET_AUDPROC_COMMON_TOPOLOGY_ID
04-22 11:33:13.461   815 14836 D ACDB-LOADER: ACDB -> send_audtable
04-22 11:33:13.461   815 14836 D ACDB-LOADER: ACDB -> ACDB_CMD_GET_AUDPROC_COMMON_TABLE_SIZE
04-22 11:33:13.461   815 14836 D ACDB-LOADER: ACDB -> ACDB_CMD_GET_AUDPROC_COMMON_TABLE
04-22 11:33:13.461   815 14836 D ACDB-LOADER: ACDB -> AUDIO_SET_AUDPROC_CAL cal_type[11] acdb_id[62] app_type[69936]
04-22 11:33:13.461   815 14836 D ACDB-LOADER: ACDB -> ACDB_CMD_GET_AUDPROC_STREAM_TABLE_SIZE
04-22 11:33:13.461   815 14836 D ACDB-LOADER: ACDB -> send_audstrmtable
04-22 11:33:13.461   815 14836 D ACDB-LOADER: ACDB -> ACDB_CMD_GET_AUDPROC_STREAM_TABLE_V2
04-22 11:33:13.461   815 14836 D ACDB-LOADER: ACDB -> audstrm_cal->cal_type.cal_data.cal_size = 16
04-22 11:33:13.461   815 14836 D ACDB-LOADER: ACDB -> send_afe_topology
04-22 11:33:13.461   815 14836 D ACDB-LOADER: ACDB -> ACDB_CMD_GET_AFE_TOPOLOGY_ID
04-22 11:33:13.461   815 14836 D ACDB-LOADER: ACDB -> GET_AFE_TOPOLOGY_ID for adcd_id 62, Topology Id 112fb
04-22 11:33:13.461   815 14836 D ACDB-LOADER: ACDB -> send_afe_cal
04-22 11:33:13.461   815 14836 D ACDB-LOADER: ACDB -> ACDB_CMD_GET_AFE_COMMON_TABLE_SIZE
04-22 11:33:13.461   815 14836 D         : Failed to fetch the lookup information of the device 0000003E 
04-22 11:33:13.461   815 14836 D ACDB-LOADER: Error: ACDB_CMD_GET_AFE_COMMON_TABLE_SIZE Returned = -19
04-22 11:33:13.461   815 14836 D ACDB-LOADER: ACDB -> ACDB_CMD_GET_AFE_COMMON_TABLE
04-22 11:33:13.461   815 14836 D         : Failed to fetch the lookup information of the device 0000003E 
04-22 11:33:13.461   815 14836 D ACDB-LOADER: Error: ACDB AFE returned = -19
04-22 11:33:13.461   815 14836 D ACDB-LOADER: ACDB -> AUDIO_SET_AFE_CAL cal_type[17] acdb_id[62]
04-22 11:33:13.461   815 14836 D ACDB-LOADER: ACDB -> send_hw_delay : acdb_id = 62 path = 1
04-22 11:33:13.461   815 14836 D ACDB-LOADER: ACDB -> ACDB_AVSYNC_INFO: ACDB_CMD_GET_DEVICE_PROPERTY
04-22 11:33:13.461   815 14836 D audio_hw_primary: enable_snd_device: snd_device(136: voice-rec-mic)
04-22 11:33:13.461   815 14836 D audio_route: Apply path: voice-rec-mic
04-22 11:33:13.464   815 14836 V msm8974_platform: platform_get_snd_device_backend_index: enter with device 136
04-22 11:33:13.464   815 14836 V msm8974_platform: platform_get_backend_index:napb: backend port - 6 device - 136 
04-22 11:33:13.464   815 14836 I audio_hw_utils: Set Audio Stream Capture 0 App Type Cfg: app_type 69936, acdb_dev_id 62, sample_rate 48000, snd_device_be_idx 3
04-22 11:33:13.465   815 14836 D audio_hw_primary: enable_audio_route: usecase(10) apply and update mixer path: audio-record
04-22 11:33:13.465   815 14836 D audio_route: Apply path: audio-record
04-22 11:33:13.493 21460 14735 I chatty  : uid=10158 com.google.android.gms.persistent expire 32 lines
04-22 11:33:13.526 21153 14833 W SpeechLevelGenerator: Really low audio levels detected. The audio input may have issues.
04-22 11:33:13.526 21153 21380 I MicroDetectionWorker: onReady
04-22 11:33:13.658 24881 29231 I chatty  : uid=10158(com.google.android.gms) lowpool[28] expire 5 lines
04-22 11:33:13.804     0     0 W swapper/1: type=1400 audit(0.0:2633): avc: denied { kill } for uid=0 capability=5 scontext=u:r:kernel:s0 tcontext=u:r:kernel:s0 tclass=capability permissive=0
04-22 11:33:13.833  2294  2358 D bt_btif_config: btif_get_device_type: Device [55:ce:1b:e3:09:cd] type 2
04-22 11:33:13.846  2294  2358 D bt_btif_config: btif_get_device_type: Device [4a:e2:b7:11:df:9e] type 2
04-22 11:33:14.156 21460 14425 I Nearby  : Failed to shutdown executor EndpointManager.endpointKeepAliveManagerThreadPool. [CONTEXT service_id=49 ]
04-22 11:33:14.157 21460 14425 I NearbyConnections: EndpointManager has shut down. [CONTEXT service_id=54 ]
04-22 11:33:14.157 21460 14425 I NearbyConnections: Initiating shutdown of EndpointChannelManager. [CONTEXT service_id=54 ]
04-22 11:33:14.157 21460 14425 I NearbyConnections: EndpointChannelManager found an unexpected lingering entry for endpoint 4FwD while shutting down. [CONTEXT service_id=54 ]
04-22 11:33:14.164 21460 14716 I NearbyConnections: EndpointChannelManager reported the disconnection to endpoint 4FwD. [CONTEXT service_id=54 ]
04-22 11:33:14.222 21460 14769 W Nearby  : Failed getOfflineFrameProcessor while waiting for the result. [CONTEXT service_id=49 ]
04-22 11:33:14.222 21460 14769 W Nearby  : java.util.concurrent.ExecutionException: java.util.concurrent.RejectedExecutionException: Task ulq@8d2e809 rejected from PooledThreadPoolExecutor[getTaskCount() = 106, getCompletedTaskCount() = 106, getActiveCount() = 0, getLargestPoolSize() = 1, getMaximumPoolSize() = 1 isShutDown(), isTerminated()]
04-22 11:33:14.222 21460 14769 W Nearby  : 	at byxv.s(:com.google.android.gms@211213033@21.12.13 (120300-367530751):3)
04-22 11:33:14.222 21460 14769 W Nearby  : 	at byxv.get(:com.google.android.gms@211213033@21.12.13 (120300-367530751):2)
04-22 11:33:14.222 21460 14769 W Nearby  : 	at akos.d(:com.google.android.gms@211213033@21.12.13 (120300-367530751):1)
04-22 11:33:14.222 21460 14769 W Nearby  : 	at akvj.a(:com.google.android.gms@211213033@21.12.13 (120300-367530751):9)
04-22 11:33:14.222 21460 14769 W Nearby  : 	at akvg.run(:com.google.android.gms@211213033@21.12.13 (120300-367530751):4)
04-22 11:33:14.222 21460 14769 W Nearby  : 	at akoz.run(Unknown Source:3)
04-22 11:33:14.222 21460 14769 W Nearby  : 	at ull.c(:com.google.android.gms@211213033@21.12.13 (120300-367530751):6)
04-22 11:33:14.222 21460 14769 W Nearby  : 	at ull.run(:com.google.android.gms@211213033@21.12.13 (120300-367530751):7)
04-22 11:33:14.222 21460 14769 W Nearby  : 	at java.util.concurrent.ThreadPoolExecutor.runWorker(ThreadPoolExecutor.java:1167)
04-22 11:33:14.222 21460 14769 W Nearby  : 	at java.util.concurrent.ThreadPoolExecutor$Worker.run(ThreadPoolExecutor.java:641)
04-22 11:33:14.222 21460 14769 W Nearby  : 	at uri.run(:com.google.android.gms@211213033@21.12.13 (120300-367530751):0)
04-22 11:33:14.222 21460 14769 W Nearby  : 	at java.lang.Thread.run(Thread.java:919)
04-22 11:33:14.222 21460 14769 W Nearby  : Caused by: java.util.concurrent.RejectedExecutionException: Task ulq@8d2e809 rejected from PooledThreadPoolExecutor[getTaskCount() = 106, getCompletedTaskCount() = 106, getActiveCount() = 0, getLargestPoolSize() = 1, getMaximumPoolSize() = 1 isShutDown(), isTerminated()]
04-22 11:33:14.222 21460 14769 W Nearby  : 	at java.util.concurrent.ThreadPoolExecutor$AbortPolicy.rejectedExecution(ThreadPoolExecutor.java:2086)
04-22 11:33:14.222 21460 14769 W Nearby  : 	at ulm.i(:com.google.android.gms@211213033@21.12.13 (120300-367530751):0)
04-22 11:33:14.222 21460 14769 W Nearby  : 	at ulm.e(:com.google.android.gms@211213033@21.12.13 (120300-367530751):2)
04-22 11:33:14.222 21460 14769 W Nearby  : 	at ulm.execute(:com.google.android.gms@211213033@21.12.13 (120300-367530751):2)
04-22 11:33:14.222 21460 14769 W Nearby  : 	at java.util.concurrent.AbstractExecutorService.submit(AbstractExecutorService.java:140)
04-22 11:33:14.222 21460 14769 W Nearby  : 	at ulm.h(:com.google.android.gms@211213033@21.12.13 (120300-367530751):0)
04-22 11:33:14.222 21460 14769 W Nearby  : 	at akov.h(:com.google.android.gms@211213033@21.12.13 (120300-367530751):1)
04-22 11:33:14.222 21460 14769 W Nearby  : 	at akvj.a(:com.google.android.gms@211213033@21.12.13 (120300-367530751):8)
04-22 11:33:14.222 21460 14769 W Nearby  : 	... 8 more
04-22 11:33:14.223 21460 14769 I NearbyConnections: EndpointManager discarded incoming OfflineFrame of type PAYLOAD_TRANSFER because it doesn't have a processor registered. [CONTEXT service_id=54 ]
04-22 11:33:14.371 21460 14735 I NearbyConnections: EndpointManager failed the next Read read/write for endpoint 4FwD over its ENCRYPTED_WIFI_LAN EndpointChannel. [CONTEXT service_id=54 ]
04-22 11:33:14.371 21460 14735 I NearbyConnections: java.io.EOFException
04-22 11:33:14.371 21460 14735 I NearbyConnections: 	at java.io.DataInputStream.readFully(DataInputStream.java:200)
04-22 11:33:14.371 21460 14735 I NearbyConnections: 	at java.io.DataInputStream.readInt(DataInputStream.java:389)
04-22 11:33:14.371 21460 14735 I NearbyConnections: 	at akti.h(:com.google.android.gms@211213033@21.12.13 (120300-367530751):1)
04-22 11:33:14.371 21460 14735 I NearbyConnections: 	at akti.g(:com.google.android.gms@211213033@21.12.13 (120300-367530751):2)
04-22 11:33:14.371 21460 14735 I NearbyConnections: 	at akvj.a(:com.google.android.gms@211213033@21.12.13 (120300-367530751):1)
04-22 11:33:14.371 21460 14735 I NearbyConnections: 	at akvg.run(:com.google.android.gms@211213033@21.12.13 (120300-367530751):4)
04-22 11:33:14.371 21460 14735 I NearbyConnections: 	at akoz.run(Unknown Source:3)
04-22 11:33:14.371 21460 14735 I NearbyConnections: 	at ull.c(:com.google.android.gms@211213033@21.12.13 (120300-367530751):6)
04-22 11:33:14.371 21460 14735 I NearbyConnections: 	at ull.run(:com.google.android.gms@211213033@21.12.13 (120300-367530751):7)
04-22 11:33:14.371 21460 14735 I NearbyConnections: 	at java.util.concurrent.ThreadPoolExecutor.runWorker(ThreadPoolExecutor.java:1167)
04-22 11:33:14.371 21460 14735 I NearbyConnections: 	at java.util.concurrent.ThreadPoolExecutor$Worker.run(ThreadPoolExecutor.java:641)
04-22 11:33:14.371 21460 14735 I NearbyConnections: 	at uri.run(:com.google.android.gms@211213033@21.12.13 (120300-367530751):0)
04-22 11:33:14.371 21460 14735 I NearbyConnections: 	at java.lang.Thread.run(Thread.java:919)
