04-20 19:11:00.837  2313  2313 E LoadedApk: 	at com.android.systemui.statusbar.phone.KeyguardBottomAreaView.onFinishInflate(KeyguardBottomAreaView.java:297)
04-20 19:11:00.837  2313  2313 E LoadedApk: 	at android.view.LayoutInflater.rInflate(LayoutInflater.java:1136)
04-20 19:11:00.837  2313  2313 E LoadedApk: 	at android.view.LayoutInflater.rInflateChildren(LayoutInflater.java:1084)
04-20 19:11:00.837  2313  2313 E LoadedApk: 	at android.view.LayoutInflater.inflate(LayoutInflater.java:682)
04-20 19:11:00.837  2313  2313 E LoadedApk: 	at android.view.LayoutInflater.inflate(LayoutInflater.java:534)
04-20 19:11:00.837  2313  2313 E LoadedApk: 	at com.android.systemui.statusbar.phone.NotificationPanelView.reInflateViews(NotificationPanelView.java:603)
04-20 19:11:00.837  2313  2313 E LoadedApk: 	at com.android.systemui.statusbar.phone.NotificationPanelView.onOverlayChanged(NotificationPanelView.java:577)
04-20 19:11:00.837  2313  2313 E LoadedApk: 	at com.android.systemui.statusbar.phone.ConfigurationControllerImpl.onConfigurationChanged(ConfigurationControllerImpl.kt:99)
04-20 19:11:00.837  2313  2313 E LoadedApk: 	at com.android.systemui.Dependency.lambda$onConfigurationChanged$3(Dependency.java:561)
04-20 19:11:00.837  2313  2313 E LoadedApk: 	at com.android.systemui.-$$Lambda$Dependency$F_ZbJwaRJMSMhagdfjMoQK4xWCw.run(Unknown Source:4)
04-20 19:11:00.837  2313  2313 E LoadedApk: 	at android.os.Handler.handleCallback(Handler.java:883)
04-20 19:11:00.837  2313  2313 E LoadedApk: 	at android.os.Handler.dispatchMessage(Handler.java:100)
04-20 19:11:00.837  2313  2313 E LoadedApk: 	at android.os.Looper.loop(Looper.java:241)
04-20 19:11:00.837  2313  2313 E LoadedApk: 	at android.app.ActivityThread.main(ActivityThread.java:7604)
04-20 19:11:00.837  2313  2313 E LoadedApk: 	at java.lang.reflect.Method.invoke(Native Method)
04-20 19:11:00.837  2313  2313 E LoadedApk: 	at com.android.internal.os.RuntimeInit$MethodAndArgsCaller.run(RuntimeInit.java:492)
04-20 19:11:00.837  2313  2313 E LoadedApk: 	at com.android.internal.os.ZygoteInit.main(ZygoteInit.java:941)
04-20 19:11:00.981  1749  1782 I chatty  : uid=1000(system) ActivityManager expire 15 lines
04-20 19:11:01.048  2313 13455 E LoadedApk: Unable to instantiate appComponentFactory
04-20 19:11:01.048  2313 13455 E LoadedApk: java.lang.ClassNotFoundException: Didn't find class "com.google.android.finsky.appcomponentfactory.PhoneskyAppComponentFactory" on path: DexPathList[[],nativeLibraryDirectories=[/product/priv-app/SystemUI/lib/arm, /system/lib, /product/lib, /system/lib, /product/lib]]
04-20 19:11:01.048  2313 13455 E LoadedApk: 	at dalvik.system.BaseDexClassLoader.findClass(BaseDexClassLoader.java:196)
04-20 19:11:01.048  2313 13455 E LoadedApk: 	at java.lang.ClassLoader.loadClass(ClassLoader.java:379)
04-20 19:11:01.048  2313 13455 E LoadedApk: 	at java.lang.ClassLoader.loadClass(ClassLoader.java:312)
04-20 19:11:01.048  2313 13455 E LoadedApk: 	at android.app.LoadedApk.createAppFactory(LoadedApk.java:256)
04-20 19:11:01.048  2313 13455 E LoadedApk: 	at android.app.LoadedApk.updateApplicationInfo(LoadedApk.java:370)
04-20 19:11:01.048  2313 13455 E LoadedApk: 	at android.app.ActivityThread.getPackageInfo(ActivityThread.java:2502)
04-20 19:11:01.048  2313 13455 E LoadedApk: 	at android.app.ActivityThread.getPackageInfo(ActivityThread.java:2459)
04-20 19:11:01.048  2313 13455 E LoadedApk: 	at android.app.ContextImpl.createApplicationContext(ContextImpl.java:2171)
04-20 19:11:01.048  2313 13455 E LoadedApk: 	at android.content.ContextWrapper.createApplicationContext(ContextWrapper.java:899)
04-20 19:11:01.048  2313 13455 E LoadedApk: 	at android.app.Notification$Builder.recoverBuilder(Notification.java:5856)
04-20 19:11:01.048  2313 13455 E LoadedApk: 	at com.android.systemui.statusbar.notification.row.NotificationContentInflater$AsyncInflationTask.doInBackground(NotificationContentInflater.java:994)
04-20 19:11:01.048  2313 13455 E LoadedApk: 	at com.android.systemui.statusbar.notification.row.NotificationContentInflater$AsyncInflationTask.doInBackground(NotificationContentInflater.java:935)
04-20 19:11:01.048  2313 13455 E LoadedApk: 	at android.os.AsyncTask$3.call(AsyncTask.java:378)
04-20 19:11:01.048  2313 13455 E LoadedApk: 	at java.util.concurrent.FutureTask.run(FutureTask.java:266)
04-20 19:11:01.048  2313 13455 E LoadedApk: 	at android.os.AsyncTask$SerialExecutor$1.run(AsyncTask.java:289)
04-20 19:11:01.048  2313 13455 E LoadedApk: 	at java.util.concurrent.ThreadPoolExecutor.runWorker(ThreadPoolExecutor.java:1167)
04-20 19:11:01.048  2313 13455 E LoadedApk: 	at java.util.concurrent.ThreadPoolExecutor$Worker.run(ThreadPoolExecutor.java:641)
04-20 19:11:01.048  2313 13455 E LoadedApk: 	at java.lang.Thread.run(Thread.java:919)
04-20 19:11:01.052  2313 13455 E LoadedApk: Unable to instantiate appComponentFactory
04-20 19:11:01.052  2313 13455 E LoadedApk: java.lang.ClassNotFoundException: Didn't find class "com.google.android.finsky.appcomponentfactory.PhoneskyAppComponentFactory" on path: DexPathList[[],nativeLibraryDirectories=[/product/priv-app/SystemUI/lib/arm, /system/lib, /product/lib, /system/lib, /product/lib]]
04-20 19:11:01.052  2313 13455 E LoadedApk: 	at dalvik.system.BaseDexClassLoader.findClass(BaseDexClassLoader.java:196)
04-20 19:11:01.052  2313 13455 E LoadedApk: 	at java.lang.ClassLoader.loadClass(ClassLoader.java:379)
04-20 19:11:01.052  2313 13455 E LoadedApk: 	at java.lang.ClassLoader.loadClass(ClassLoader.java:312)
04-20 19:11:01.052  2313 13455 E LoadedApk: 	at android.app.LoadedApk.createAppFactory(LoadedApk.java:256)
04-20 19:11:01.052  2313 13455 E LoadedApk: 	at android.app.LoadedApk.updateApplicationInfo(LoadedApk.java:370)
04-20 19:11:01.052  2313 13455 E LoadedApk: 	at android.app.ActivityThread.getPackageInfo(ActivityThread.java:2502)
04-20 19:11:01.052  2313 13455 E LoadedApk: 	at android.app.ActivityThread.getPackageInfo(ActivityThread.java:2459)
04-20 19:11:01.052  2313 13455 E LoadedApk: 	at android.app.ContextImpl.createApplicationContext(ContextImpl.java:2171)
04-20 19:11:01.052  2313 13455 E LoadedApk: 	at android.content.ContextWrapper.createApplicationContext(ContextWrapper.java:899)
04-20 19:11:01.052  2313 13455 E LoadedApk: 	at android.service.notification.StatusBarNotification.getPackageContext(StatusBarNotification.java:397)
04-20 19:11:01.052  2313 13455 E LoadedApk: 	at com.android.systemui.statusbar.notification.row.NotificationContentInflater$AsyncInflationTask.doInBackground(NotificationContentInflater.java:997)
04-20 19:11:01.052  2313 13455 E LoadedApk: 	at com.android.systemui.statusbar.notification.row.NotificationContentInflater$AsyncInflationTask.doInBackground(NotificationContentInflater.java:935)
04-20 19:11:01.052  2313 13455 E LoadedApk: 	at android.os.AsyncTask$3.call(AsyncTask.java:378)
04-20 19:11:01.052  2313 13455 E LoadedApk: 	at java.util.concurrent.FutureTask.run(FutureTask.java:266)
04-20 19:11:01.052  2313 13455 E LoadedApk: 	at android.os.AsyncTask$SerialExecutor$1.run(AsyncTask.java:289)
04-20 19:11:01.052  2313 13455 E LoadedApk: 	at java.util.concurrent.ThreadPoolExecutor.runWorker(ThreadPoolExecutor.java:1167)
04-20 19:11:01.052  2313 13455 E LoadedApk: 	at java.util.concurrent.ThreadPoolExecutor$Worker.run(ThreadPoolExecutor.java:641)
04-20 19:11:01.052  2313 13455 E LoadedApk: 	at java.lang.Thread.run(Thread.java:919)
04-20 19:11:02.568  1749  3487 I chatty  : uid=1000(system) Binder:1749_13 expire 1 line
04-20 19:11:06.709  1749  3454 I chatty  : uid=1000(system) Binder:1749_D expire 1 line
04-20 19:11:06.839  1749  2039 I chatty  : uid=1000(system) Binder:1749_3 expire 1 line
04-20 19:11:06.839  1749  5874 I chatty  : uid=1000(system) Binder:1749_17 expire 1 line
04-20 19:11:06.840  1749  2255 I chatty  : uid=1000(system) ConnectivitySer expire 1 line
04-20 19:11:06.840  1749  2240 I chatty  : uid=1000(system) Binder:1749_4 expire 6 lines
04-20 19:11:07.313  1749  7754 I chatty  : uid=1000(system) Binder:1749_19 expire 8 lines
04-20 19:11:07.528  1749  1770 I chatty  : uid=1000(system) android.ui expire 2 lines
04-20 19:11:08.151  1749  2749 I chatty  : uid=1000(system) Binder:1749_9 expire 4 lines
04-20 19:11:08.189  1749  5077 I chatty  : uid=1000(system) Binder:1749_14 expire 1 line
04-20 19:11:08.838  1749  7481 I chatty  : uid=1000(system) Binder:1749_18 expire 2 lines
04-20 19:11:09.084  1749  9826 I chatty  : uid=1000(system) Binder:1749_1C expire 3 lines
04-20 19:11:09.436  1749  5605 I chatty  : uid=1000(system) Binder:1749_16 expire 1 line
04-20 19:11:09.612  1749  5123 I chatty  : uid=1000(system) Binder:1749_15 expire 3 lines
04-20 19:11:09.677  1749  3475 I chatty  : uid=1000(system) Binder:1749_E expire 2 lines
04-20 19:11:10.137  1749  3482 I chatty  : uid=1000(system) Binder:1749_F expire 2 lines
04-20 19:11:20.865  1749 10173 I chatty  : uid=1000(system) Binder:1749_1D expire 1 line
04-20 19:11:29.115  1749  1794 I chatty  : uid=1000(system) PackageManager expire 40 lines
04-20 19:11:29.417  1749  1782 I chatty  : uid=1000(system) ActivityManager expire 20 lines
04-20 19:11:29.484  1749  1773 I chatty  : uid=1000(system) android.anim expire 14 lines
04-20 19:11:29.641  1749 11475 I chatty  : uid=1000(system) Binder:1749_20 expire 5 lines
04-20 19:11:29.703  1749  2749 I chatty  : uid=1000(system) Binder:1749_9 expire 8 lines
04-20 19:11:29.970  1749  3454 I chatty  : uid=1000(system) Binder:1749_D expire 4 lines
04-20 19:11:30.519  1749  2917 I chatty  : uid=1000(system) Binder:1749_A expire 2 lines
04-20 19:11:31.182  1749  1749 I chatty  : uid=1000 system_server expire 16 lines
04-20 19:11:32.826  1749  1772 I chatty  : uid=1000(system) android.display expire 10 lines
04-20 19:11:33.011  1749  2464 I chatty  : uid=1000(system) Binder:1749_7 expire 2 lines
04-20 19:11:33.104  1749  3475 I chatty  : uid=1000(system) Binder:1749_E expire 2 lines
04-20 19:11:33.116  1749  5874 I chatty  : uid=1000(system) Binder:1749_17 expire 9 lines
04-20 19:11:34.541  1749  2067 I chatty  : uid=1000(system) AccountManagerS expire 1 line
04-20 19:11:34.561  1749  2646 I chatty  : uid=1000(system) android.fg expire 4 lines
04-20 19:11:34.566  1749  1781 I chatty  : uid=1000(system) ActivityManager expire 15 lines
04-20 19:11:34.704  1749  2054 I chatty  : uid=1000(system) UEventObserver expire 2 lines
04-20 19:11:34.769  1749  5605 I chatty  : uid=1000(system) Binder:1749_16 expire 1 line
04-20 19:11:34.814  1749  1769 I chatty  : uid=1000(system) android.fg expire 6 lines
04-20 19:11:34.853  2570  4570 E LoadedApk: Unable to instantiate appComponentFactory
04-20 19:11:34.853  2570  4570 E LoadedApk: java.lang.ClassNotFoundException: Didn't find class "com.google.android.finsky.appcomponentfactory.PhoneskyAppComponentFactory" on path: DexPathList[[],nativeLibraryDirectories=[/system/priv-app/DownloadProvider/lib/arm, /system/lib, /product/lib, /system/lib, /product/lib]]
04-20 19:11:34.853  2570  4570 E LoadedApk: 	at dalvik.system.BaseDexClassLoader.findClass(BaseDexClassLoader.java:196)
04-20 19:11:34.853  2570  4570 E LoadedApk: 	at java.lang.ClassLoader.loadClass(ClassLoader.java:379)
04-20 19:11:34.853  2570  4570 E LoadedApk: 	at java.lang.ClassLoader.loadClass(ClassLoader.java:312)
04-20 19:11:34.853  2570  4570 E LoadedApk: 	at android.app.LoadedApk.createAppFactory(LoadedApk.java:256)
04-20 19:11:34.853  2570  4570 E LoadedApk: 	at android.app.LoadedApk.updateApplicationInfo(LoadedApk.java:370)
04-20 19:11:34.853  2570  4570 E LoadedApk: 	at android.app.ActivityThread.getPackageInfo(ActivityThread.java:2502)
04-20 19:11:34.853  2570  4570 E LoadedApk: 	at android.app.ActivityThread.getPackageInfo(ActivityThread.java:2459)
04-20 19:11:34.853  2570  4570 E LoadedApk: 	at android.app.ContextImpl.createApplicationContext(ContextImpl.java:2171)
04-20 19:11:34.853  2570  4570 E LoadedApk: 	at android.content.ContextWrapper.createApplicationContext(ContextWrapper.java:899)
04-20 19:11:34.853  2570  4570 E LoadedApk: 	at android.app.Notification$Builder.recoverBuilder(Notification.java:5856)
04-20 19:11:34.853  2570  4570 E LoadedApk: 	at android.ext.services.notification.NotificationEntry.cloneNotificationLight(NotificationEntry.java:121)
04-20 19:11:34.853  2570  4570 E LoadedApk: 	at android.ext.services.notification.NotificationEntry.cloneStatusBarNotificationLight(NotificationEntry.java:139)
04-20 19:11:34.853  2570  4570 E LoadedApk: 	at android.ext.services.notification.NotificationEntry.<init>(NotificationEntry.java:75)
04-20 19:11:34.853  2570  4570 E LoadedApk: 	at android.ext.services.notification.Assistant.lambda$onNotificationEnqueued$2$Assistant(Assistant.java:235)
04-20 19:11:34.853  2570  4570 E LoadedApk: 	at android.ext.services.notification.-$$Lambda$Assistant$t0zNC8RyiBx-o2b8tjxzhoQ02Mo.run(Unknown Source:6)
04-20 19:11:34.853  2570  4570 E LoadedApk: 	at java.util.concurrent.Executors$RunnableAdapter.call(Executors.java:462)
04-20 19:11:34.853  2570  4570 E LoadedApk: 	at java.util.concurrent.FutureTask.run(FutureTask.java:266)
04-20 19:11:34.853  2570  4570 E LoadedApk: 	at java.util.concurrent.ThreadPoolExecutor.runWorker(ThreadPoolExecutor.java:1167)
04-20 19:11:34.853  2570  4570 E LoadedApk: 	at java.util.concurrent.ThreadPoolExecutor$Worker.run(ThreadPoolExecutor.java:641)
04-20 19:11:34.853  2570  4570 E LoadedApk: 	at java.lang.Thread.run(Thread.java:919)
04-20 19:11:35.344  1749  1780 I chatty  : uid=1000(system) android.bg expire 3 lines
04-20 19:11:40.472  1749  1768 I chatty  : uid=1000(system) Binder:1749_2 expire 6 lines
04-20 19:11:40.534  1749  3484 I chatty  : uid=1000(system) Binder:1749_10 expire 1 line
04-20 19:11:40.819  1749  5123 I chatty  : uid=1000(system) Binder:1749_15 expire 5 lines
04-20 19:11:43.537  1749  2240 I chatty  : uid=1000(system) Binder:1749_4 expire 5 lines
04-20 19:11:43.641  1749  2255 I chatty  : uid=1000(system) ConnectivitySer expire 1 line
04-20 19:11:43.641  1749 11470 I chatty  : uid=1000(system) Binder:1749_1F expire 1 line
04-20 19:11:44.267  1749  2444 I chatty  : uid=1000(system) Binder:1749_6 expire 1 line
04-20 19:11:46.742  1749  2379 I chatty  : uid=1000(system) HwBinder:1749_3 expire 1 line
04-20 19:11:47.865  1749  7481 I chatty  : uid=1000(system) Binder:1749_18 expire 1 line
04-20 19:11:49.027  1749  2626 I chatty  : uid=1000(system) IzatProvider expire 2 lines
04-20 19:11:52.053  1749  8013 I chatty  : uid=1000(system) Binder:1749_1B expire 2 lines
04-20 19:11:52.459  1749  3453 I chatty  : uid=1000(system) Binder:1749_C expire 1 line
04-20 19:11:53.280  1749  5077 I chatty  : uid=1000(system) Binder:1749_14 expire 1 line
04-20 19:11:53.401  1749  1767 I chatty  : uid=1000(system) Binder:1749_1 expire 2 lines
04-20 19:11:53.451  1749  1794 I chatty  : uid=1000(system) PackageManager expire 49 lines
04-20 19:11:53.554  1749  1773 I chatty  : uid=1000(system) android.anim expire 18 lines
04-20 19:11:53.967  1749  5077 I chatty  : uid=1000(system) Binder:1749_14 expire 3 lines
04-20 19:11:56.809  1749  7754 I chatty  : uid=1000(system) Binder:1749_19 expire 1 line
04-20 19:12:02.079   613   626 D vold    : Remounting 10209 as mode default
04-20 19:12:02.107  1749  2067 I chatty  : uid=1000(system) AccountManagerS expire 1 line
04-20 19:12:02.110  1749  1749 I chatty  : uid=1000 system_server expire 13 lines
04-20 19:12:02.115  1749  2646 I chatty  : uid=1000(system) android.fg expire 5 lines
04-20 19:12:02.161  1749  3453 I chatty  : uid=1000(system) Binder:1749_C expire 8 lines
04-20 19:12:02.204  1749  1781 I chatty  : uid=1000(system) ActivityManager expire 12 lines
04-20 19:12:02.310  1749  1782 I chatty  : uid=1000(system) ActivityManager expire 8 lines
04-20 19:12:02.420  1749  1769 I chatty  : uid=1000(system) android.fg expire 10 lines
04-20 19:12:02.850  1749  1780 I chatty  : uid=1000(system) android.bg expire 4 lines
04-20 19:12:03.106  1749  2240 I chatty  : uid=1000(system) Binder:1749_4 expire 5 lines
04-20 19:12:03.843  1749  5123 I chatty  : uid=1000(system) Binder:1749_15 expire 6 lines
04-20 19:12:04.099  1749  8013 I chatty  : uid=1000(system) Binder:1749_1B expire 4 lines
04-20 19:12:04.299  1749  2255 I chatty  : uid=1000(system) ConnectivitySer expire 1 line
04-20 19:12:04.316  1749  3482 I chatty  : uid=1000(system) Binder:1749_F expire 5 lines
04-20 19:12:14.962  1749  2039 I chatty  : uid=1000(system) Binder:1749_3 expire 2 lines
04-20 19:12:15.009  1749  2464 I chatty  : uid=1000(system) Binder:1749_7 expire 4 lines
04-20 19:12:38.337  1749  3475 I chatty  : uid=1000(system) Binder:1749_E expire 4 lines
04-20 19:12:44.095  1749  1785 I chatty  : uid=1000(system) batterystats-wo expire 1 line
04-20 19:12:44.230  1749  1794 I chatty  : uid=1000(system) PackageManager expire 59 lines
04-20 19:12:44.244   613   626 D vold    : Remounting 10210 as mode default
04-20 19:12:44.277  1749  1749 I chatty  : uid=1000 system_server expire 14 lines
04-20 19:12:44.280  1749  2067 I chatty  : uid=1000(system) AccountManagerS expire 1 line
04-20 19:12:44.290  1749  2646 I chatty  : uid=1000(system) android.fg expire 4 lines
04-20 19:12:44.343  1749  5077 I chatty  : uid=1000(system) Binder:1749_14 expire 8 lines
04-20 19:12:44.367  1749  1781 I chatty  : uid=1000(system) ActivityManager expire 19 lines
04-20 19:12:44.467  1749  1782 I chatty  : uid=1000(system) ActivityManager expire 3 lines
04-20 19:12:44.586  1749  2603 I chatty  : uid=1000(system) Binder:1749_8 expire 1 line
04-20 19:12:44.589  1749  1769 I chatty  : uid=1000(system) android.fg expire 3 lines
04-20 19:12:44.600  1749  1770 I chatty  : uid=1000(system) android.ui expire 3 lines
04-20 19:12:44.612  1749  3451 I chatty  : uid=1000(system) Binder:1749_B expire 13 lines
04-20 19:12:44.626  1749  1772 I chatty  : uid=1000(system) android.display expire 2 lines
04-20 19:12:44.763  1749  7787 I chatty  : uid=1000(system) Binder:1749_1A expire 2 lines
04-20 19:12:45.341  1749  1780 I chatty  : uid=1000(system) android.bg expire 1 line
04-20 19:12:46.811  1749  2054 I chatty  : uid=1000(system) UEventObserver expire 1 line
04-20 19:12:48.743  1749  5605 I chatty  : uid=1000(system) Binder:1749_16 expire 12 lines
04-20 19:12:49.039  1749  3475 I chatty  : uid=1000(system) Binder:1749_E expire 8 lines
04-20 19:12:49.176  1749  1773 I chatty  : uid=1000(system) android.anim expire 5 lines
04-20 19:12:49.425  1749 11475 I chatty  : uid=1000(system) Binder:1749_20 expire 4 lines
04-20 19:12:49.474  1749  2240 I chatty  : uid=1000(system) Binder:1749_4 expire 5 lines
04-20 19:12:49.925  1749  2749 I chatty  : uid=1000(system) Binder:1749_9 expire 1 line
04-20 19:12:50.026  1749  8013 I chatty  : uid=1000(system) Binder:1749_1B expire 2 lines
04-20 19:12:51.757 15454 15454 W ActivityThread: serviceCreate starts in 4038 ms, CreateServiceData = CreateServiceData{token=android.os.BinderProxy@164a5a7 className=com.google.android.finsky.setup.PlaySetupServiceV2 packageName=com.android.vending intent=null}
04-20 19:12:52.710  1749  1794 I chatty  : uid=1000(system) PackageManager expire 8 lines
04-20 19:12:52.753  1749  1781 I chatty  : uid=1000(system) ActivityManager expire 23 lines
04-20 19:12:52.783  1749  2067 I chatty  : uid=1000(system) AccountManagerS expire 1 line
04-20 19:12:52.796  1749  2646 I chatty  : uid=1000(system) android.fg expire 11 lines
04-20 19:12:52.816  1749  5123 I chatty  : uid=1000(system) Binder:1749_15 expire 1 line
04-20 19:12:52.816  1749  5077 I chatty  : uid=1000(system) Binder:1749_14 expire 1 line
04-20 19:12:52.817  1749  2255 I chatty  : uid=1000(system) ConnectivitySer expire 1 line
04-20 19:12:52.903  1749  1769 I chatty  : uid=1000(system) android.fg expire 14 lines
04-20 19:12:52.933  1749  2039 I chatty  : uid=1000(system) Binder:1749_3 expire 1 line
04-20 19:12:52.987  1749  1782 I chatty  : uid=1000(system) ActivityManager expire 19 lines
04-20 19:12:53.010  1749  1749 I chatty  : uid=1000 system_server expire 37 lines
04-20 19:12:53.633  1749  2917 I chatty  : uid=1000(system) Binder:1749_A expire 2 lines
04-20 19:12:53.788  1749  1780 I chatty  : uid=1000(system) android.bg expire 6 lines
04-20 19:12:53.820  1749 11470 I chatty  : uid=1000(system) Binder:1749_1F expire 5 lines
04-20 19:12:53.877  1749  3485 I chatty  : uid=1000(system) Binder:1749_11 expire 6 lines
04-20 19:12:54.332  1749  7481 I chatty  : uid=1000(system) Binder:1749_18 expire 8 lines
04-20 19:12:54.388  1749  2240 I chatty  : uid=1000(system) Binder:1749_4 expire 3 lines
04-20 19:12:54.584  1749  1773 I chatty  : uid=1000(system) android.anim expire 5 lines
04-20 19:12:56.410  1749  3453 I chatty  : uid=1000(system) Binder:1749_C expire 1 line
04-20 19:12:56.547  1749  2603 I chatty  : uid=1000(system) Binder:1749_8 expire 2 lines
04-20 19:12:57.452  1749  2749 I chatty  : uid=1000(system) Binder:1749_9 expire 2 lines
04-20 19:12:58.955  1749  1767 I chatty  : uid=1000(system) Binder:1749_1 expire 1 line
04-20 19:12:59.240  1749  3482 I chatty  : uid=1000(system) Binder:1749_F expire 1 line
04-20 19:13:14.870  1749  7787 I chatty  : uid=1000(system) Binder:1749_1A expire 4 lines
04-20 19:13:26.776  1749  3454 I chatty  : uid=1000(system) Binder:1749_D expire 5 lines
04-20 19:13:26.920  1749  1794 I chatty  : uid=1000(system) PackageManager expire 44 lines
04-20 19:13:27.063  1749  1769 I chatty  : uid=1000(system) android.fg expire 6 lines
04-20 19:13:28.771  1749  1782 I chatty  : uid=1000(system) ActivityManager expire 13 lines
04-20 19:13:32.560  1749  2249 I chatty  : uid=1000(system) WifiService expire 1 line
04-20 19:13:32.561  1749  2444 I chatty  : uid=1000(system) Binder:1749_6 expire 1 line
04-20 19:13:32.563  1749  1772 I chatty  : uid=1000(system) android.display expire 1 line
04-20 19:13:36.389  1749  7754 I chatty  : uid=1000(system) Binder:1749_19 expire 3 lines
04-20 19:13:36.447  1749 10173 I chatty  : uid=1000(system) Binder:1749_1D expire 2 lines
04-20 19:13:39.719  1749  1773 I chatty  : uid=1000(system) android.anim expire 13 lines
04-20 19:13:39.734  1749  3451 I chatty  : uid=1000(system) Binder:1749_B expire 8 lines
04-20 19:13:39.867   613   626 D vold    : Remounting 10211 as mode default
04-20 19:13:39.891  1749  2067 I chatty  : uid=1000(system) AccountManagerS expire 1 line
04-20 19:13:39.893  1749  1749 I chatty  : uid=1000 system_server expire 16 lines
04-20 19:13:39.907  1749  2646 I chatty  : uid=1000(system) android.fg expire 3 lines
04-20 19:13:39.928  1749  7481 I chatty  : uid=1000(system) Binder:1749_18 expire 1 line
04-20 19:13:39.936  1749  1781 I chatty  : uid=1000(system) ActivityManager expire 7 lines
04-20 19:13:40.150  1749  3486 I chatty  : uid=1000(system) Binder:1749_12 expire 3 lines
04-20 19:13:40.164  1749  3484 I chatty  : uid=1000(system) Binder:1749_10 expire 1 line
04-20 19:13:40.189  1749  2387 I chatty  : uid=1000(system) Binder:1749_5 expire 1 line
04-20 19:13:40.351  1749  3453 I chatty  : uid=1000(system) Binder:1749_C expire 1 line
04-20 19:13:40.453  1749  2039 I chatty  : uid=1000(system) Binder:1749_3 expire 4 lines
04-20 19:13:40.865  1749  1780 I chatty  : uid=1000(system) android.bg expire 2 lines
04-20 19:13:41.169  1749  5605 I chatty  : uid=1000(system) Binder:1749_16 expire 1 line
04-20 19:13:41.467  1749  2917 I chatty  : uid=1000(system) Binder:1749_A expire 1 line
04-20 19:13:45.599  1749 11475 I chatty  : uid=1000(system) Binder:1749_20 expire 2 lines
04-20 19:13:45.661  1749  2240 I chatty  : uid=1000(system) Binder:1749_4 expire 4 lines
04-20 19:13:45.666  1749 11122 I chatty  : uid=1000(system) Binder:1749_1E expire 1 line
04-20 19:13:45.667  1749  2255 I chatty  : uid=1000(system) ConnectivitySer expire 1 line
04-20 19:13:45.682  1749  8013 I chatty  : uid=1000(system) Binder:1749_1B expire 6 lines
04-20 19:13:45.759 16575 16575 D ActivityThread: Loading provider contacts;com.android.contacts: com.android.providers.contacts.ContactsProvider2
04-20 19:13:46.125  1749  5077 I chatty  : uid=1000(system) Binder:1749_14 expire 1 line
04-20 19:13:46.194  1749  3485 I chatty  : uid=1000(system) Binder:1749_11 expire 3 lines
04-20 19:13:46.355  1749  3475 I chatty  : uid=1000(system) Binder:1749_E expire 6 lines
04-20 19:13:47.418  1749 11475 I chatty  : uid=1000(system) Binder:1749_20 expire 4 lines
04-20 19:13:47.653  1749  3454 I chatty  : uid=1000(system) Binder:1749_D expire 2 lines
04-20 19:13:47.921  1749  1782 I chatty  : uid=1000(system) ActivityManager expire 19 lines
04-20 19:13:48.260  1749  2054 I chatty  : uid=1000(system) UEventObserver expire 1 line
04-20 19:13:48.431  1749  1749 I chatty  : uid=1000 system_server expire 14 lines
04-20 19:13:48.438  1749  2646 I chatty  : uid=1000(system) android.fg expire 6 lines
04-20 19:13:48.456  1749  1768 I chatty  : uid=1000(system) Binder:1749_2 expire 8 lines
04-20 19:13:48.672  1749  1769 I chatty  : uid=1000(system) android.fg expire 8 lines
04-20 19:13:48.911  1749  1780 I chatty  : uid=1000(system) android.bg expire 1 line
04-20 19:13:49.044  1749  7754 I chatty  : uid=1000(system) Binder:1749_19 expire 2 lines
04-20 19:13:49.125  1749  5077 I chatty  : uid=1000(system) Binder:1749_14 expire 2 lines
04-20 19:13:49.980  1749  5874 I chatty  : uid=1000(system) Binder:1749_17 expire 2 lines
04-20 19:13:50.476  1749  5123 I chatty  : uid=1000(system) Binder:1749_15 expire 4 lines
04-20 19:13:51.271  1749  2917 I chatty  : uid=1000(system) Binder:1749_A expire 15 lines
04-20 19:13:52.658  1749  1773 I chatty  : uid=1000(system) android.anim expire 21 lines
04-20 19:13:53.631  1749  2240 I chatty  : uid=1000(system) Binder:1749_4 expire 2 lines
04-20 19:13:53.930  1749  2444 I chatty  : uid=1000(system) Binder:1749_6 expire 7 lines
04-20 19:13:54.055  1749  2039 I chatty  : uid=1000(system) Binder:1749_3 expire 2 lines
04-20 19:13:56.977  1749  7481 I chatty  : uid=1000(system) Binder:1749_18 expire 2 lines
04-20 19:13:57.419  1749  1772 I chatty  : uid=1000(system) android.display expire 2 lines
04-20 19:13:57.533  1749  3486 I chatty  : uid=1000(system) Binder:1749_12 expire 1 line
04-20 19:13:58.060  1749  8013 I chatty  : uid=1000(system) Binder:1749_1B expire 1 line
04-20 19:13:58.501  1749  3485 I chatty  : uid=1000(system) Binder:1749_11 expire 7 lines
04-20 19:14:02.534  1749  2255 I chatty  : uid=1000(system) ConnectivitySer expire 1 line
04-20 19:14:02.683  1749 11122 I chatty  : uid=1000(system) Binder:1749_1E expire 6 lines
04-20 19:14:03.808  1749  1781 I chatty  : uid=1000(system) ActivityManager expire 4 lines
04-20 19:14:07.637  1749  2464 I chatty  : uid=1000(system) Binder:1749_7 expire 3 lines
04-20 19:14:07.820  1749  1769 I chatty  : uid=1000(system) android.fg expire 7 lines
04-20 19:14:08.209  1749  1780 I chatty  : uid=1000(system) android.bg expire 3 lines
04-20 19:14:08.271  1749  1794 I chatty  : uid=1000(system) PackageManager expire 52 lines
04-20 19:14:10.325  1749  1772 I chatty  : uid=1000(system) android.display expire 4 lines
04-20 19:14:11.190  1749  3485 I chatty  : uid=1000(system) Binder:1749_11 expire 2 lines
04-20 19:14:17.215  1749  1782 I chatty  : uid=1000(system) ActivityManager expire 5 lines
04-20 19:14:17.878  1749  2917 I chatty  : uid=1000(system) Binder:1749_A expire 2 lines
04-20 19:14:17.981  1749  1749 I chatty  : uid=1000 system_server expire 26 lines
04-20 19:14:19.939  1749  1773 I chatty  : uid=1000(system) android.anim expire 9 lines
04-20 19:14:20.061  1749 11122 I chatty  : uid=1000(system) Binder:1749_1E expire 6 lines
04-20 19:14:20.101  1749  1785 I chatty  : uid=1000(system) batterystats-wo expire 1 line
04-20 19:14:20.480   613   626 D vold    : Remounting 10212 as mode default
04-20 19:14:20.537  1749  2646 I chatty  : uid=1000(system) android.fg expire 5 lines
04-20 19:14:20.567  1749  2067 I chatty  : uid=1000(system) AccountManagerS expire 1 line
04-20 19:14:20.647  1749  1768 I chatty  : uid=1000(system) Binder:1749_2 expire 5 lines
04-20 19:14:20.662  1749  1781 I chatty  : uid=1000(system) ActivityManager expire 7 lines
04-20 19:14:20.666  1749  3454 I chatty  : uid=1000(system) Binder:1749_D expire 2 lines
04-20 19:14:21.797  1749  3475 I chatty  : uid=1000(system) Binder:1749_E expire 1 line
04-20 19:14:24.436  1749  5077 I chatty  : uid=1000(system) Binder:1749_14 expire 4 lines
04-20 19:14:24.447  1749  2039 I chatty  : uid=1000(system) Binder:1749_3 expire 1 line
04-20 19:14:24.521  1749  2240 I chatty  : uid=1000(system) Binder:1749_4 expire 4 lines
04-20 19:14:25.405  1749  8013 I chatty  : uid=1000(system) Binder:1749_1B expire 3 lines
04-20 19:14:25.640  1749  1767 I chatty  : uid=1000(system) Binder:1749_1 expire 6 lines
04-20 19:14:26.083  1749  2917 I chatty  : uid=1000(system) Binder:1749_A expire 6 lines
04-20 19:14:26.396  1749  1782 I chatty  : uid=1000(system) ActivityManager expire 10 lines
04-20 19:14:26.432  1749  1749 I chatty  : uid=1000 system_server expire 11 lines
04-20 19:14:26.436  1749  2646 I chatty  : uid=1000(system) android.fg expire 7 lines
04-20 19:14:26.671  1749  1769 I chatty  : uid=1000(system) android.fg expire 11 lines
04-20 19:14:26.848  1749  3486 I chatty  : uid=1000(system) Binder:1749_12 expire 2 lines
04-20 19:14:26.988  1749  1780 I chatty  : uid=1000(system) android.bg expire 3 lines
04-20 19:14:27.000  1749  2464 I chatty  : uid=1000(system) Binder:1749_7 expire 2 lines
04-20 19:14:27.209  1749  2444 I chatty  : uid=1000(system) Binder:1749_6 expire 3 lines
04-20 19:14:27.276  1749  2240 I chatty  : uid=1000(system) Binder:1749_4 expire 6 lines
04-20 19:14:27.276  1749  2255 I chatty  : uid=1000(system) ConnectivitySer expire 1 line
04-20 19:14:27.282  1749  1772 I chatty  : uid=1000(system) android.display expire 1 line
04-20 19:14:27.972  1749  5077 I chatty  : uid=1000(system) Binder:1749_14 expire 4 lines
04-20 19:14:29.991  1749  3482 I chatty  : uid=1000(system) Binder:1749_F expire 3 lines
04-20 19:14:30.044  1749  1773 I chatty  : uid=1000(system) android.anim expire 1 line
04-20 19:14:31.015  1749 11470 I chatty  : uid=1000(system) Binder:1749_1F expire 2 lines
04-20 19:14:34.059  1749  1794 I chatty  : uid=1000(system) PackageManager expire 46 lines
04-20 19:14:35.893  1749  1768 I chatty  : uid=1000(system) Binder:1749_2 expire 1 line
04-20 19:14:41.683  1749  3475 I chatty  : uid=1000(system) Binder:1749_E expire 4 lines
04-20 19:14:41.743  1749  5123 I chatty  : uid=1000(system) Binder:1749_15 expire 1 line
04-20 19:14:42.063   613   626 D vold    : Remounting 10213 as mode default
04-20 19:14:42.080  1749  2067 I chatty  : uid=1000(system) AccountManagerS expire 1 line
04-20 19:14:42.087  1749  1749 I chatty  : uid=1000 system_server expire 7 lines
04-20 19:14:42.132  1749  1781 I chatty  : uid=1000(system) ActivityManager expire 8 lines
04-20 19:14:42.347  1749  1769 I chatty  : uid=1000(system) android.fg expire 4 lines
04-20 19:14:47.030  1749  2054 I chatty  : uid=1000(system) UEventObserver expire 2 lines
04-20 19:14:48.461  1749  5123 I chatty  : uid=1000(system) Binder:1749_15 expire 5 lines
04-20 19:14:49.154  1749  1768 I chatty  : uid=1000(system) Binder:1749_2 expire 1 line
04-20 19:14:49.168  1749  1782 I chatty  : uid=1000(system) ActivityManager expire 12 lines
04-20 19:14:49.253  1749  3482 I chatty  : uid=1000(system) Binder:1749_F expire 9 lines
04-20 19:14:49.487  1749  7754 I chatty  : uid=1000(system) Binder:1749_19 expire 10 lines
04-20 19:14:49.519  1749  3454 I chatty  : uid=1000(system) Binder:1749_D expire 3 lines
04-20 19:14:49.885  1749  2039 I chatty  : uid=1000(system) Binder:1749_3 expire 1 line
04-20 19:14:49.886  1749  2255 I chatty  : uid=1000(system) ConnectivitySer expire 1 line
04-20 19:14:49.886  1749  7481 I chatty  : uid=1000(system) Binder:1749_18 expire 5 lines
04-20 19:14:50.169  1749  1749 I chatty  : uid=1000 system_server expire 11 lines
04-20 19:14:50.694  1749  3484 I chatty  : uid=1000(system) Binder:1749_10 expire 2 lines
04-20 19:14:50.782  1749  1767 I chatty  : uid=1000(system) Binder:1749_1 expire 2 lines
04-20 19:14:51.309 18852 18852 D ActivityThread: Loading provider contacts;com.android.contacts: com.android.providers.contacts.ContactsProvider2
04-20 19:14:51.373  1749 10173 I chatty  : uid=1000(system) Binder:1749_1D expire 3 lines
04-20 19:14:51.446  1749  5077 I chatty  : uid=1000(system) Binder:1749_14 expire 1 line
04-20 19:14:53.298  1749  2749 I chatty  : uid=1000(system) Binder:1749_9 expire 1 line
04-20 19:14:53.647  1749  2646 I chatty  : uid=1000(system) android.fg expire 4 lines
04-20 19:14:53.847  1749  1769 I chatty  : uid=1000(system) android.fg expire 7 lines
04-20 19:14:58.624  1749 11475 I chatty  : uid=1000(system) Binder:1749_20 expire 5 lines
04-20 19:14:59.443  1749  1794 I chatty  : uid=1000(system) PackageManager expire 60 lines
04-20 19:15:08.000   613   626 D vold    : Remounting 10214 as mode default
04-20 19:15:08.023  1749  2067 I chatty  : uid=1000(system) AccountManagerS expire 1 line
04-20 19:15:08.085  1749  1781 I chatty  : uid=1000(system) ActivityManager expire 7 lines
04-20 19:15:08.357  1749  3475 I chatty  : uid=1000(system) Binder:1749_E expire 1 line
04-20 19:15:08.615  1749  7754 I chatty  : uid=1000(system) Binder:1749_19 expire 2 lines
04-20 19:15:08.789  1749  1780 I chatty  : uid=1000(system) android.bg expire 4 lines
04-20 19:15:12.749  1749  1794 I chatty  : uid=1000(system) PackageManager expire 75 lines
04-20 19:15:12.979  1749 11475 I chatty  : uid=1000(system) Binder:1749_20 expire 1 line
04-20 19:15:12.999  1749  1782 I chatty  : uid=1000(system) ActivityManager expire 14 lines
04-20 19:15:13.091  1749  5123 I chatty  : uid=1000(system) Binder:1749_15 expire 1 line
04-20 19:15:13.557  1749  3486 I chatty  : uid=1000(system) Binder:1749_12 expire 1 line
04-20 19:15:13.616  1749  5605 I chatty  : uid=1000(system) Binder:1749_16 expire 1 line
04-20 19:15:14.121  1749  3487 I chatty  : uid=1000(system) Binder:1749_13 expire 4 lines
04-20 19:15:14.478  1749 11122 I chatty  : uid=1000(system) Binder:1749_1E expire 1 line
04-20 19:15:14.534  1749  7481 I chatty  : uid=1000(system) Binder:1749_18 expire 1 line
04-20 19:15:14.697  1749  2749 I chatty  : uid=1000(system) Binder:1749_9 expire 1 line
04-20 19:15:14.760  1749  2387 I chatty  : uid=1000(system) Binder:1749_5 expire 2 lines
04-20 19:15:15.062  1749  2067 I chatty  : uid=1000(system) AccountManagerS expire 2 lines
04-20 19:15:15.072  1749  1749 I chatty  : uid=1000 system_server expire 11 lines
04-20 19:15:15.086  1749  2646 I chatty  : uid=1000(system) android.fg expire 4 lines
04-20 19:15:15.342  1749  1768 I chatty  : uid=1000(system) Binder:1749_2 expire 2 lines
04-20 19:15:15.345  1749  1769 I chatty  : uid=1000(system) android.fg expire 4 lines
04-20 19:15:15.431  1749  5874 I chatty  : uid=1000(system) Binder:1749_17 expire 2 lines
04-20 19:15:15.452  1749 10173 I chatty  : uid=1000(system) Binder:1749_1D expire 2 lines
04-20 19:15:15.486  1749  5077 I chatty  : uid=1000(system) Binder:1749_14 expire 2 lines
04-20 19:15:15.487  1749  3484 I chatty  : uid=1000(system) Binder:1749_10 expire 4 lines
04-20 19:15:15.661  1749  3453 I chatty  : uid=1000(system) Binder:1749_C expire 2 lines
04-20 19:15:16.364  1749  2917 I chatty  : uid=1000(system) Binder:1749_A expire 2 lines
04-20 19:15:19.016  1749  1781 I chatty  : uid=1000(system) ActivityManager expire 12 lines
04-20 19:15:19.302  1749  2240 I chatty  : uid=1000(system) Binder:1749_4 expire 6 lines
04-20 19:15:20.546  1749  1781 I chatty  : uid=1000(system) ActivityManager expire 24 lines
04-20 19:15:20.566  1749  1770 I chatty  : uid=1000(system) android.ui expire 1 line
04-20 19:15:20.592  1749  1769 I chatty  : uid=1000(system) android.fg expire 5 lines
04-20 19:15:20.611  1749  7787 I chatty  : uid=1000(system) Binder:1749_1A expire 3 lines
04-20 19:15:20.667  1749  5605 I chatty  : uid=1000(system) Binder:1749_16 expire 10 lines
04-20 19:15:20.695  1749  3454 I chatty  : uid=1000(system) Binder:1749_D expire 3 lines
04-20 19:15:20.722  1749  1782 I chatty  : uid=1000(system) ActivityManager expire 19 lines
04-20 19:15:20.909  1749 10173 I chatty  : uid=1000(system) Binder:1749_1D expire 10 lines
04-20 19:15:20.973  1749 11122 I chatty  : uid=1000(system) Binder:1749_1E expire 1 line
04-20 19:15:21.106 19817 19817 D SystemConfig: Removed unavailable feature android.hardware.sensor.gyroscope
04-20 19:15:21.127 19817 19817 W SystemConfig: No directory /oem/etc/sysconfig, skipping
04-20 19:15:21.127 19817 19817 W SystemConfig: No directory /oem/etc/permissions, skipping
04-20 19:15:21.200  1749  1780 I chatty  : uid=1000(system) android.bg expire 4 lines
04-20 19:15:21.490 19817 19817 W SystemConfig: No directory /system/etc/motorola/bgintents, skipping
04-20 19:15:21.490 19817 19817 W SystemConfig: No directory /oem/etc/motorola/bgintents, skipping
04-20 19:15:21.506 19817 19817 W SystemConfig: No directory /product_services/etc/sysconfig, skipping
04-20 19:15:21.507 19817 19817 W SystemConfig: No directory /product_services/etc/permissions, skipping
04-20 19:15:21.507 19817 19817 W SystemConfig: No directory /system/etc/motorola/sysconfig, skipping
04-20 19:15:21.507 19817 19817 W SystemConfig: No directory /oem/etc/motorola/sysconfig, skipping
04-20 19:15:21.507 19817 19817 W SystemConfig: No directory /product/etc/motorola/sysconfig, skipping
04-20 19:15:21.618  1749  1749 I chatty  : uid=1000 system_server expire 4 lines
04-20 19:15:21.641  1749  2646 I chatty  : uid=1000(system) android.fg expire 3 lines
04-20 19:15:21.751  1749  3484 I chatty  : uid=1000(system) Binder:1749_10 expire 5 lines
04-20 19:15:21.827  1749  2444 I chatty  : uid=1000(system) Binder:1749_6 expire 1 line
04-20 19:15:24.110  1749  5874 I chatty  : uid=1000(system) Binder:1749_17 expire 1 line
04-20 19:15:24.700  1749  2255 I chatty  : uid=1000(system) ConnectivitySer expire 5 lines
04-20 19:15:24.919  1749  2039 I chatty  : uid=1000(system) Binder:1749_3 expire 1 line
04-20 19:15:25.146  1749  7754 I chatty  : uid=1000(system) Binder:1749_19 expire 1 line
04-20 19:15:25.789  1749  3451 I chatty  : uid=1000(system) Binder:1749_B expire 4 lines
04-20 19:15:25.791  1749  2603 I chatty  : uid=1000(system) Binder:1749_8 expire 2 lines
04-20 19:15:25.797  1749  1768 I chatty  : uid=1000(system) Binder:1749_2 expire 6 lines
04-20 19:15:26.039  1749  3486 I chatty  : uid=1000(system) Binder:1749_12 expire 1 line
04-20 19:15:26.128  1749  8013 I chatty  : uid=1000(system) Binder:1749_1B expire 7 lines
04-20 19:15:26.128  1749  2917 I chatty  : uid=1000(system) Binder:1749_A expire 7 lines
04-20 19:15:28.390  1749  2464 I chatty  : uid=1000(system) Binder:1749_7 expire 6 lines
04-20 19:15:28.516  1749  3475 I chatty  : uid=1000(system) Binder:1749_E expire 1 line
04-20 19:15:30.202  1749  5077 I chatty  : uid=1000(system) Binder:1749_14 expire 2 lines
04-20 19:15:36.898  1749  1767 I chatty  : uid=1000(system) Binder:1749_1 expire 1 line
04-20 19:15:45.568  1749  1789 I chatty  : uid=1000(system) PowerManagerSer expire 3 lines
04-20 19:15:49.824  1749  2054 I chatty  : uid=1000(system) UEventObserver expire 3 lines
04-20 19:15:49.921  1749  2379 I chatty  : uid=1000(system) HwBinder:1749_3 expire 2 lines
04-20 19:15:49.944  1749  1785 I chatty  : uid=1000(system) batterystats-wo expire 1 line
04-20 19:15:58.989  1749  3454 I chatty  : uid=1000(system) Binder:1749_D expire 1 line
04-20 19:15:59.054  1749  5123 I chatty  : uid=1000(system) Binder:1749_15 expire 1 line
04-20 19:16:00.852  1749  1794 I chatty  : uid=1000(system) PackageManager expire 206 lines
04-20 19:16:00.919  1749  1781 I chatty  : uid=1000(system) ActivityManager expire 74 lines
04-20 19:16:00.946 14232 14232 I ActivityThread: Removing dead content provider:android.content.ContentProviderProxy@c640d8b
04-20 19:16:00.946 20778 20778 I ActivityThread: Removing dead content provider:android.content.ContentProviderProxy@a77f46c
04-20 19:16:01.008  1749  2240 I chatty  : uid=1000(system) Binder:1749_4 expire 1 line
04-20 19:16:01.008  1749  1768 I chatty  : uid=1000(system) Binder:1749_2 expire 1 line
04-20 19:16:01.008  1749  2255 I chatty  : uid=1000(system) ConnectivitySer expire 3 lines
04-20 19:16:01.037  1749  2603 I chatty  : uid=1000(system) Binder:1749_8 expire 1 line
04-20 19:16:01.039  1749  5123 I chatty  : uid=1000(system) Binder:1749_15 expire 3 lines
04-20 19:16:01.059  1749  3482 I chatty  : uid=1000(system) Binder:1749_F expire 2 lines
04-20 19:16:01.059  1749  3453 I chatty  : uid=1000(system) Binder:1749_C expire 1 line
04-20 19:16:01.060  1749  2464 I chatty  : uid=1000(system) Binder:1749_7 expire 1 line
04-20 19:16:01.116  1749  1769 I chatty  : uid=1000(system) android.fg expire 1 line
04-20 19:16:01.116  1749  1772 I chatty  : uid=1000(system) android.display expire 1 line
04-20 19:16:01.141  1749  3486 I chatty  : uid=1000(system) Binder:1749_12 expire 1 line
04-20 19:16:01.147  1749  1770 I chatty  : uid=1000(system) android.ui expire 3 lines
04-20 19:16:01.148  1749  1749 I chatty  : uid=1000 system_server expire 3 lines
04-20 19:16:01.150  1749  2626 I chatty  : uid=1000(system) IzatProvider expire 2 lines
04-20 19:16:01.685  1749  1773 I chatty  : uid=1000(system) android.anim expire 1 line
04-20 19:16:02.092  1749  1782 I chatty  : uid=1000(system) ActivityManager expire 13 lines
04-20 19:16:05.023 20956 20956 W PackageParser: Unknown element under <manifest>: queries at /data/user_de/0/com.google.android.gms/app_chimera/m/s/AdsDynamite.apk Binary XML file line #5
04-20 19:16:05.109 20956 20956 D SystemConfig: Removed unavailable feature android.hardware.sensor.gyroscope
04-20 19:16:05.116 20956 20956 W SystemConfig: No directory /oem/etc/sysconfig, skipping
04-20 19:16:05.117 20956 20956 W SystemConfig: No directory /oem/etc/permissions, skipping
04-20 19:16:05.220 20956 20956 W SystemConfig: No directory /system/etc/motorola/bgintents, skipping
04-20 19:16:05.220 20956 20956 W SystemConfig: No directory /oem/etc/motorola/bgintents, skipping
04-20 19:16:05.232 20956 20956 W SystemConfig: No directory /product_services/etc/sysconfig, skipping
04-20 19:16:05.232 20956 20956 W SystemConfig: No directory /product_services/etc/permissions, skipping
04-20 19:16:05.233 20956 20956 W SystemConfig: No directory /system/etc/motorola/sysconfig, skipping
04-20 19:16:05.233 20956 20956 W SystemConfig: No directory /oem/etc/motorola/sysconfig, skipping
04-20 19:16:05.233 20956 20956 W SystemConfig: No directory /product/etc/motorola/sysconfig, skipping
04-20 19:16:05.722 20956 20956 W PackageParser: Unknown element under <manifest>: queries at /data/user_de/0/com.google.android.gms/app_chimera/m/0000000a/AdsDynamite.apk Binary XML file line #5
04-20 19:16:07.365  1749  1768 I chatty  : uid=1000(system) Binder:1749_2 expire 6 lines
04-20 19:16:07.365  1749  3484 I chatty  : uid=1000(system) Binder:1749_10 expire 1 line
04-20 19:16:07.366  1749  2255 I chatty  : uid=1000(system) ConnectivitySer expire 3 lines
04-20 19:16:07.366  1749  3486 I chatty  : uid=1000(system) Binder:1749_12 expire 2 lines
04-20 19:16:07.366  1749  9826 I chatty  : uid=1000(system) Binder:1749_1C expire 2 lines
04-20 19:16:07.366  1749  2749 I chatty  : uid=1000(system) Binder:1749_9 expire 1 line
04-20 19:16:07.373  1749  2917 I chatty  : uid=1000(system) Binder:1749_A expire 3 lines
04-20 19:16:08.051 20956 20956 W ActivityThread: serviceCreate starts in 4824 ms, CreateServiceData = CreateServiceData{token=android.os.BinderProxy@6cd043c className=com.google.android.gms.chimera.PersistentApiService packageName=com.google.android.gms intent=null}
04-20 19:16:08.168 20956 20956 W ActivityThread: serviceCreate starts in 4890 ms, CreateServiceData = CreateServiceData{token=android.os.BinderProxy@ab2a4be className=com.google.android.gms.chimera.PersistentDirectBootAwareApiService packageName=com.google.android.gms intent=null}
04-20 19:16:09.298 21042 21042 W ActivityThread: serviceCreate starts in 3675 ms, CreateServiceData = CreateServiceData{token=android.os.BinderProxy@d0fd40d className=com.google.android.gms.chimera.GmsIntentOperationService packageName=com.google.android.gms intent=null}
04-20 19:16:09.367 21042 21042 W ActivityThread: serviceStart starts in 3742 ms, ServiceArgsData = ServiceArgsData{token=android.os.BinderProxy@d0fd40d startId=1 args=Intent { act=com.google.android.chimera.container.MODULE_SCAN pkg=com.google.android.gms }}
04-20 19:16:09.370 21042 21042 W ActivityThread: serviceCreate starts in 3400 ms, CreateServiceData = CreateServiceData{token=android.os.BinderProxy@81877c5 className=com.google.android.gms.analytics.service.AnalyticsService packageName=com.google.android.gms intent=null}
04-20 19:16:09.532 21042 21042 W ActivityThread: serviceStart starts in 2719 ms, ServiceArgsData = ServiceArgsData{token=android.os.BinderProxy@d0fd40d startId=2 args=Intent { act=com.google.android.chimera.container.IntentOperationService.MODULE_SPECIFIC pkg=com.google.android.gms (has extras) }}
04-20 19:16:09.536 21042 21042 W ActivityThread: serviceStart starts in 2722 ms, ServiceArgsData = ServiceArgsData{token=android.os.BinderProxy@d0fd40d startId=3 args=Intent { act=com.google.android.chimera.container.IntentOperationService.MODULE_SPECIFIC cmp=com.google.android.gms/.chimera.GmsIntentOperationService (has extras) }}
04-20 19:16:09.539 21042 21042 W ActivityThread: serviceStart starts in 2723 ms, ServiceArgsData = ServiceArgsData{token=android.os.BinderProxy@d0fd40d startId=4 args=Intent { act=com.google.android.chimera.container.IntentOperationService.MODULE_SPECIFIC cmp=com.google.android.gms/.chimera.GmsIntentOperationService (has extras) }}
04-20 19:16:09.544 21042 21042 W ActivityThread: serviceStart starts in 2726 ms, ServiceArgsData = ServiceArgsData{token=android.os.BinderProxy@d0fd40d startId=5 args=Intent { act=com.google.android.chimera.container.IntentOperationService.MODULE_SPECIFIC cmp=com.google.android.gms/.chimera.GmsIntentOperationService (has extras) }}
04-20 19:16:09.552 21042 21042 W ActivityThread: serviceStart starts in 2732 ms, ServiceArgsData = ServiceArgsData{token=android.os.BinderProxy@d0fd40d startId=6 args=Intent { act=com.google.android.chimera.container.IntentOperationService.MODULE_SPECIFIC cmp=com.google.android.gms/.chimera.GmsIntentOperationService (has extras) }}
04-20 19:16:09.566 21042 21042 W ActivityThread: serviceStart starts in 2746 ms, ServiceArgsData = ServiceArgsData{token=android.os.BinderProxy@d0fd40d startId=7 args=Intent { act=com.google.android.chimera.container.IntentOperationService.MODULE_SPECIFIC cmp=com.google.android.gms/.chimera.GmsIntentOperationService (has extras) }}
04-20 19:16:09.570 21042 21042 W ActivityThread: serviceStart starts in 2747 ms, ServiceArgsData = ServiceArgsData{token=android.os.BinderProxy@d0fd40d startId=8 args=Intent { act=com.google.android.chimera.container.IntentOperationService.MODULE_SPECIFIC cmp=com.google.android.gms/.chimera.GmsIntentOperationService (has extras) }}
04-20 19:16:09.575 21042 21042 W ActivityThread: serviceStart starts in 2751 ms, ServiceArgsData = ServiceArgsData{token=android.os.BinderProxy@d0fd40d startId=9 args=Intent { act=com.google.android.chimera.container.IntentOperationService.MODULE_SPECIFIC cmp=com.google.android.gms/.chimera.GmsIntentOperationService (has extras) }}
04-20 19:16:09.583 21042 21042 W ActivityThread: serviceStart starts in 2754 ms, ServiceArgsData = ServiceArgsData{token=android.os.BinderProxy@d0fd40d startId=10 args=Intent { act=com.google.android.chimera.container.IntentOperationService.MODULE_SPECIFIC cmp=com.google.android.gms/.chimera.GmsIntentOperationService (has extras) }}
04-20 19:16:09.592 21042 21042 W ActivityThread: serviceStart starts in 2760 ms, ServiceArgsData = ServiceArgsData{token=android.os.BinderProxy@d0fd40d startId=11 args=Intent { act=com.google.android.chimera.container.IntentOperationService.MODULE_SPECIFIC cmp=com.google.android.gms/.chimera.GmsIntentOperationService (has extras) }}
04-20 19:16:09.601 21042 21042 W ActivityThread: serviceStart starts in 2767 ms, ServiceArgsData = ServiceArgsData{token=android.os.BinderProxy@d0fd40d startId=12 args=Intent { act=com.google.android.chimera.container.IntentOperationService.MODULE_SPECIFIC cmp=com.google.android.gms/.chimera.GmsIntentOperationService (has extras) }}
04-20 19:16:09.605 21042 21042 W ActivityThread: serviceStart starts in 2767 ms, ServiceArgsData = ServiceArgsData{token=android.os.BinderProxy@d0fd40d startId=13 args=Intent { act=com.google.android.chimera.container.IntentOperationService.MODULE_SPECIFIC cmp=com.google.android.gms/.chimera.GmsIntentOperationService (has extras) }}
04-20 19:16:09.609 21042 21042 W ActivityThread: serviceStart starts in 2769 ms, ServiceArgsData = ServiceArgsData{token=android.os.BinderProxy@d0fd40d startId=14 args=Intent { act=com.google.android.chimera.container.IntentOperationService.MODULE_SPECIFIC cmp=com.google.android.gms/.chimera.GmsIntentOperationService (has extras) }}
04-20 19:16:09.620 21042 21042 W ActivityThread: serviceStart starts in 2778 ms, ServiceArgsData = ServiceArgsData{token=android.os.BinderProxy@d0fd40d startId=15 args=Intent { act=com.google.android.chimera.container.IntentOperationService.MODULE_SPECIFIC cmp=com.google.android.gms/.chimera.GmsIntentOperationService (has extras) }}
04-20 19:16:09.623 21042 21042 W ActivityThread: serviceStart starts in 2778 ms, ServiceArgsData = ServiceArgsData{token=android.os.BinderProxy@d0fd40d startId=16 args=Intent { act=com.google.android.chimera.container.IntentOperationService.MODULE_SPECIFIC cmp=com.google.android.gms/.chimera.GmsIntentOperationService (has extras) }}
04-20 19:16:09.653 21042 21042 W ActivityThread: serviceStart starts in 2807 ms, ServiceArgsData = ServiceArgsData{token=android.os.BinderProxy@d0fd40d startId=17 args=Intent { act=com.google.android.chimera.container.IntentOperationService.MODULE_SPECIFIC cmp=com.google.android.gms/.chimera.GmsIntentOperationService (has extras) }}
