04-22 11:33:33.349  1743  1788 I PackageManager: Un-granting permission android.permission.WRITE_SECURE_SETTINGS from package com.LogiaGroup.LogiaDeck (protectionLevel=50 flags=0x38483e45)
04-22 11:33:33.351  1743  1788 I PackageManager: Un-granting permission android.permission.READ_WALLPAPER_INTERNAL from package com.google.android.apps.wallpaper (protectionLevel=18 flags=0x20cbbe45)
04-22 11:33:33.465  1743  2078 W AccountManagerService: User 10217 does not exist. It might be removed already.
04-22 11:33:33.477  1743  2660 W LocationProviderProxy: Odd, no component found for service com.android.location.service.v3.NetworkLocationProvider
04-22 11:33:33.490  1743  1772 W BroadcastQueue: Background execution not allowed: receiving Intent { act=android.intent.action.PACKAGE_REMOVED dat=package:com.google.location.nearby.apps.connectedcrossroad flg=0x4000010 (has extras) } to com.android.vending/com.google.android.finsky.packagemanager.impl.PackageMonitorReceiverImpl$RegisteredReceiver
04-22 11:33:33.510  1743  1772 W BroadcastQueue: Background execution not allowed: receiving Intent { act=android.intent.action.PACKAGE_REMOVED dat=package:com.google.location.nearby.apps.connectedcrossroad flg=0x4000010 (has extras) } to com.android.vending/com.google.android.finsky.instantapps.appmanagement.InstantAppRemoveMonitor
04-22 11:33:33.526  1743  1772 W BroadcastQueue: Background execution not allowed: receiving Intent { act=android.intent.action.PACKAGE_REMOVED dat=package:com.google.location.nearby.apps.connectedcrossroad flg=0x4000010 (has extras) } to com.google.android.gms/.games.chimera.GamesSystemBroadcastReceiverProxy
04-22 11:33:33.526  1743  1772 W BroadcastQueue: Background execution not allowed: receiving Intent { act=android.intent.action.PACKAGE_REMOVED dat=package:com.google.location.nearby.apps.connectedcrossroad flg=0x4000010 (has extras) } to com.google.android.gms/.chimera.GmsIntentOperationService$PersistentTrustedReceiver
04-22 11:33:33.526  1743  1772 W BroadcastQueue: Background execution not allowed: receiving Intent { act=android.intent.action.PACKAGE_REMOVED dat=package:com.google.location.nearby.apps.connectedcrossroad flg=0x4000010 (has extras) } to com.google.android.googlequicksearchbox/com.google.android.apps.gsa.googlequicksearchbox.GelStubAppWatcher
04-22 11:33:33.526  1743  1772 W BroadcastQueue: Background execution not allowed: receiving Intent { act=android.intent.action.PACKAGE_REMOVED dat=package:com.google.location.nearby.apps.connectedcrossroad flg=0x4000010 (has extras) } to com.verizon.loginengine.unbranded/com.verizon.vzwavs.AVSSystemReceiver
04-22 11:33:33.527  1743  1772 W BroadcastQueue: Background execution not allowed: receiving Intent { act=android.intent.action.PACKAGE_REMOVED dat=package:com.google.location.nearby.apps.connectedcrossroad flg=0x4000010 (has extras) } to com.google.android.apps.magazines/com.google.android.libraries.social.peoplekit.thirdparty.viewcontrollers.ThirdPartyReceiver
04-22 11:33:33.527  1743  1772 W BroadcastQueue: Background execution not allowed: receiving Intent { act=android.intent.action.PACKAGE_ADDED dat=package:com.google.location.nearby.apps.connectedcrossroad flg=0x4000010 (has extras) } to com.google.android.packageinstaller/com.android.packageinstaller.PackageInstalledReceiver
04-22 11:33:33.527  1743  1772 W BroadcastQueue: Background execution not allowed: receiving Intent { act=android.intent.action.PACKAGE_ADDED dat=package:com.google.location.nearby.apps.connectedcrossroad flg=0x4000010 (has extras) } to com.android.vending/com.google.android.finsky.packagemanager.impl.PackageMonitorReceiverImpl$RegisteredReceiver
04-22 11:33:33.528  1743  1772 W BroadcastQueue: Background execution not allowed: receiving Intent { act=android.intent.action.PACKAGE_ADDED dat=package:com.google.location.nearby.apps.connectedcrossroad flg=0x4000010 (has extras) } to com.facebook.appmanager/com.facebook.oxygen.common.packages.event.manifest.ManifestPackageEventReceiver
04-22 11:33:33.528  1743  1772 W BroadcastQueue: Background execution not allowed: receiving Intent { act=android.intent.action.PACKAGE_ADDED dat=package:com.google.location.nearby.apps.connectedcrossroad flg=0x4000010 (has extras) } to com.google.android.gms/.games.chimera.GamesSystemBroadcastReceiverProxy
04-22 11:33:33.532  1743  1772 W BroadcastQueue: Background execution not allowed: receiving Intent { act=android.intent.action.PACKAGE_ADDED dat=package:com.google.location.nearby.apps.connectedcrossroad flg=0x4000010 (has extras) } to com.google.android.gms/.gass.chimera.PackageChangeBroadcastReceiver
04-22 11:33:33.532  1743  1772 W BroadcastQueue: Background execution not allowed: receiving Intent { act=android.intent.action.PACKAGE_ADDED dat=package:com.google.location.nearby.apps.connectedcrossroad flg=0x4000010 (has extras) } to com.google.android.gms/.chimera.GmsIntentOperationService$PersistentTrustedReceiver
04-22 11:33:33.535  1743  1772 W BroadcastQueue: Background execution not allowed: receiving Intent { act=android.intent.action.PACKAGE_ADDED dat=package:com.google.location.nearby.apps.connectedcrossroad flg=0x4000010 (has extras) } to com.google.android.googlequicksearchbox/com.google.android.apps.gsa.googlequicksearchbox.GelStubAppWatcher
04-22 11:33:33.543  1743  1772 W BroadcastQueue: Background execution not allowed: receiving Intent { act=android.intent.action.PACKAGE_ADDED dat=package:com.google.location.nearby.apps.connectedcrossroad flg=0x4000010 (has extras) } to com.google.android.ims/.receivers.RcsAutoStartReceiver
04-22 11:33:33.566  1743  4961 W BroadcastQueue: Background execution not allowed: receiving Intent { act=android.intent.action.PACKAGE_ADDED dat=package:com.google.location.nearby.apps.connectedcrossroad flg=0x4000010 (has extras) } to com.verizon.loginengine.unbranded/com.verizon.vzwavs.AVSSystemReceiver
04-22 11:33:33.665  1743  1743 W Looper  : Slow dispatch took 133ms main h=android.app.ActivityThread$H c=android.app.-$$Lambda$LoadedApk$ReceiverDispatcher$Args$_BumDX2UKsnxLVrE6UJsJZkotuA@408256f m=0
04-22 11:33:33.665  1743  1743 W Looper  : Slow delivery took 200ms main h=android.app.ActivityThread$H c=android.app.-$$Lambda$LoadedApk$ReceiverDispatcher$Args$_BumDX2UKsnxLVrE6UJsJZkotuA@5b9f27c m=0
04-22 11:33:33.728  1743  4961 W BroadcastQueue: Background execution not allowed: receiving Intent { act=android.intent.action.PACKAGE_REPLACED dat=package:com.google.location.nearby.apps.connectedcrossroad flg=0x4000010 (has extras) } to com.facebook.appmanager/com.facebook.oxygen.common.packages.event.manifest.ManifestPackageEventReceiver
04-22 11:33:33.741  1743  1772 W BroadcastQueue: Background execution not allowed: receiving Intent { act=android.intent.action.PACKAGE_REPLACED dat=package:com.google.location.nearby.apps.connectedcrossroad flg=0x4000010 (has extras) } to com.google.android.apps.photos/.account.full.FetchAccountPropertiesAppUpgradeBroadcastReceiver
04-22 11:33:33.746  1743  1772 W BroadcastQueue: Background execution not allowed: receiving Intent { act=android.intent.action.PACKAGE_REPLACED dat=package:com.google.location.nearby.apps.connectedcrossroad flg=0x4000010 (has extras) } to com.google.android.apps.photos/.account.full.SyncAccountsForLoginBroadcastReceiver
04-22 11:33:33.747  1743  1772 W BroadcastQueue: Background execution not allowed: receiving Intent { act=android.intent.action.PACKAGE_REPLACED dat=package:com.google.location.nearby.apps.connectedcrossroad flg=0x4000010 (has extras) } to com.google.android.apps.photos/.notificationchannels.AppUpdateBroadcastReceiver
04-22 11:33:33.747  1743  1772 W BroadcastQueue: Background execution not allowed: receiving Intent { act=android.intent.action.PACKAGE_REPLACED dat=package:com.google.location.nearby.apps.connectedcrossroad flg=0x4000010 (has extras) } to com.google.android.gms/.gass.chimera.PackageChangeBroadcastReceiver
04-22 11:33:33.748  1743  1772 W BroadcastQueue: Background execution not allowed: receiving Intent { act=android.intent.action.PACKAGE_REPLACED dat=package:com.google.location.nearby.apps.connectedcrossroad flg=0x4000010 (has extras) } to com.google.android.gms/.chimera.GmsIntentOperationService$PersistentTrustedReceiver
04-22 11:33:33.749  1743  1772 W BroadcastQueue: Background execution not allowed: receiving Intent { act=android.intent.action.PACKAGE_REPLACED dat=package:com.google.location.nearby.apps.connectedcrossroad flg=0x4000010 (has extras) } to com.google.android.googlequicksearchbox/com.google.android.apps.gsa.googlequicksearchbox.GelStubAppWatcher
04-22 11:33:33.750  1743  1772 W BroadcastQueue: Background execution not allowed: receiving Intent { act=android.intent.action.PACKAGE_REPLACED dat=package:com.google.location.nearby.apps.connectedcrossroad flg=0x4000010 (has extras) } to com.google.android.ims/.receivers.RcsAutoStartReceiver
04-22 11:33:33.750  1743  1772 W BroadcastQueue: Background execution not allowed: receiving Intent { act=android.intent.action.PACKAGE_REPLACED dat=package:com.google.location.nearby.apps.connectedcrossroad flg=0x4000010 (has extras) } to com.motorola.ccc.notification/.gcm.GCMAdminReceiver
04-22 11:33:33.750  1743  1772 W BroadcastQueue: Background execution not allowed: receiving Intent { act=android.intent.action.PACKAGE_REPLACED dat=package:com.google.location.nearby.apps.connectedcrossroad flg=0x4000010 (has extras) } to com.verizon.loginengine.unbranded/com.verizon.vzwavs.AVSSystemReceiver
04-22 11:33:33.754  1743  1762 W Looper  : Slow delivery took 223ms android.fg h=android.os.Handler c=<recycled PooledLambda@afc623f> m=0
04-22 11:33:33.774  1743  1743 W Looper  : Slow dispatch took 107ms main h=android.app.ActivityThread$H c=android.app.-$$Lambda$LoadedApk$ReceiverDispatcher$Args$_BumDX2UKsnxLVrE6UJsJZkotuA@a735ba4 m=0
04-22 11:33:33.774  1743  1743 I TelecomService: DefaultDialerCache: Refreshing default dialer for user 0: now com.google.android.dialer: DDC.oR@A0M
04-22 11:33:33.797  1743  1743 V BackupManagerConstants: getFullBackupIntervalMilliseconds(...) returns 86400000
04-22 11:33:33.797  1743  1743 V BackupManagerConstants: getFullBackupRequiredNetworkType(...) returns 2
04-22 11:33:33.797  1743  1743 V BackupManagerConstants: getFullBackupRequireCharging(...) returns true
04-22 11:33:33.806  1743  1743 E LoadedApk: Unable to instantiate appComponentFactory
04-22 11:33:33.806  1743  1743 E LoadedApk: java.lang.ClassNotFoundException: Didn't find class "androidx.core.app.CoreComponentFactory" on path: DexPathList[[],nativeLibraryDirectories=[/system/app/YTMusic/lib/arm, /system/app/YTMusic/YTMusic.apk!/lib/armeabi-v7a, /system/lib, /product/lib, /system/lib, /product/lib]]
04-22 11:33:33.806  1743  1743 E LoadedApk: 	at dalvik.system.BaseDexClassLoader.findClass(BaseDexClassLoader.java:196)
04-22 11:33:33.806  1743  1743 E LoadedApk: 	at java.lang.ClassLoader.loadClass(ClassLoader.java:379)
04-22 11:33:33.806  1743  1743 E LoadedApk: 	at java.lang.ClassLoader.loadClass(ClassLoader.java:312)
04-22 11:33:33.806  1743  1743 E LoadedApk: 	at android.app.LoadedApk.createAppFactory(LoadedApk.java:256)
04-22 11:33:33.806  1743  1743 E LoadedApk: 	at android.app.LoadedApk.updateApplicationInfo(LoadedApk.java:370)
04-22 11:33:33.806  1743  1743 E LoadedApk: 	at android.app.ActivityThread.handleDispatchPackageBroadcast(ActivityThread.java:6186)
04-22 11:33:33.806  1743  1743 E LoadedApk: 	at android.app.ActivityThread$H.handleMessage(ActivityThread.java:2108)
04-22 11:33:33.806  1743  1743 E LoadedApk: 	at android.os.Handler.dispatchMessage(Handler.java:107)
04-22 11:33:33.806  1743  1743 E LoadedApk: 	at android.os.Looper.loop(Looper.java:241)
04-22 11:33:33.806  1743  1743 E LoadedApk: 	at com.android.server.SystemServer.run(SystemServer.java:585)
04-22 11:33:33.806  1743  1743 E LoadedApk: 	at com.android.server.SystemServer.main(SystemServer.java:381)
04-22 11:33:33.806  1743  1743 E LoadedApk: 	at java.lang.reflect.Method.invoke(Native Method)
04-22 11:33:33.806  1743  1743 E LoadedApk: 	at com.android.internal.os.RuntimeInit$MethodAndArgsCaller.run(RuntimeInit.java:492)
04-22 11:33:33.806  1743  1743 E LoadedApk: 	at com.android.internal.os.ZygoteInit.main(ZygoteInit.java:919)
04-22 11:33:33.822  1743  1743 E LoadedApk: Unable to instantiate appComponentFactory
04-22 11:33:33.822  1743  1743 E LoadedApk: java.lang.ClassNotFoundException: Didn't find class "androidx.core.app.CoreComponentFactory" on path: DexPathList[[],nativeLibraryDirectories=[/system/app/YTMusic/lib/arm, /system/app/YTMusic/YTMusic.apk!/lib/armeabi-v7a, /system/lib, /product/lib, /system/lib, /product/lib]]
04-22 11:33:33.822  1743  1743 E LoadedApk: 	at dalvik.system.BaseDexClassLoader.findClass(BaseDexClassLoader.java:196)
04-22 11:33:33.822  1743  1743 E LoadedApk: 	at java.lang.ClassLoader.loadClass(ClassLoader.java:379)
04-22 11:33:33.822  1743  1743 E LoadedApk: 	at java.lang.ClassLoader.loadClass(ClassLoader.java:312)
04-22 11:33:33.822  1743  1743 E LoadedApk: 	at android.app.LoadedApk.createAppFactory(LoadedApk.java:256)
04-22 11:33:33.822  1743  1743 E LoadedApk: 	at android.app.LoadedApk.updateApplicationInfo(LoadedApk.java:370)
04-22 11:33:33.822  1743  1743 E LoadedApk: 	at android.app.ActivityThread.handleDispatchPackageBroadcast(ActivityThread.java:6186)
04-22 11:33:33.822  1743  1743 E LoadedApk: 	at android.app.ActivityThread$H.handleMessage(ActivityThread.java:2108)
04-22 11:33:33.822  1743  1743 E LoadedApk: 	at android.os.Handler.dispatchMessage(Handler.java:107)
04-22 11:33:33.822  1743  1743 E LoadedApk: 	at android.os.Looper.loop(Looper.java:241)
04-22 11:33:33.822  1743  1743 E LoadedApk: 	at com.android.server.SystemServer.run(SystemServer.java:585)
04-22 11:33:33.822  1743  1743 E LoadedApk: 	at com.android.server.SystemServer.main(SystemServer.java:381)
04-22 11:33:33.822  1743  1743 E LoadedApk: 	at java.lang.reflect.Method.invoke(Native Method)
04-22 11:33:33.822  1743  1743 E LoadedApk: 	at com.android.internal.os.RuntimeInit$MethodAndArgsCaller.run(RuntimeInit.java:492)
04-22 11:33:33.822  1743  1743 E LoadedApk: 	at com.android.internal.os.ZygoteInit.main(ZygoteInit.java:919)
04-22 11:33:34.134  1743  2836 I ActivityTaskManager: START u0 {act=android.intent.action.MAIN cat=[android.intent.category.LAUNCHER] flg=0x10000000 cmp=com.google.location.nearby.apps.connectedcrossroad/nx.aodv.eval.MainActivity} from uid 2000
04-22 11:33:34.134  1743  2836 D ActivityTaskManager: getPreferredLaunchDisplay usersetdisplayid -1 current displayId 0 paramspreferid 0
04-22 11:33:34.134  1743  2836 D ActivityTaskManager: getPreferredLaunchDisplay usersetdisplayid -1 current displayId 0 paramspreferid 0
04-22 11:33:34.136  1743  2836 D ActivityTaskManager: getPreferredLaunchDisplay usersetdisplayid 0 current displayId 0 paramspreferid 0
04-22 11:33:34.146  1743  1743 V SettingsProvider: Notifying for 0: content://settings/secure/reminder_exp_learning_time_elapsed
04-22 11:33:34.146  1743  1743 W Looper  : Drained
04-22 11:33:34.155  1743  1762 W Looper  : Drained
04-22 11:33:34.168  1743  1773 I ActivityManager: Start proc 11984:com.google.location.nearby.apps.connectedcrossroad/u0a217 for activity {com.google.location.nearby.apps.connectedcrossroad/nx.aodv.eval.MainActivity}
04-22 11:33:34.170  1743  1766 V WindowManager: Changing focus from Window{a0fbc2a u0 com.motorola.launcher3/com.android.launcher3.CustomizationPanelLauncher} to null displayId=0
04-22 11:33:34.221  1743  1766 I WindowManager:   SURFACE show Surface(name=Splash Screen com.google.location.nearby.apps.connectedcrossroad)/@0xdc0aabb on display:0: Splash Screen com.google.location.nearby.apps.connectedcrossroad
04-22 11:33:34.529  1743  4961 I WindowManager: Window drawn AppWindowToken{815d8f1 token=Token{f647898 ActivityRecord{fa6c27b u0 com.motorola.launcher3/com.android.launcher3.CustomizationPanelLauncher t4}}}
04-22 11:33:34.904  1743 11433 V WindowManager: Changing focus from null to Window{8392595 u0 com.google.location.nearby.apps.connectedcrossroad/nx.aodv.eval.MainActivity} displayId=0
04-22 11:33:35.060  1743  1766 I LaunchCheckinHandler: Displayed com.google.location.nearby.apps.connectedcrossroad/nx.aodv.eval.MainActivity,cp,ca,913
04-22 11:33:35.060  1743  1766 I WindowManager: Window drawn AppWindowToken{1bdccbc token=Token{32600af ActivityRecord{d8d908e u0 com.google.location.nearby.apps.connectedcrossroad/nx.aodv.eval.MainActivity t46}}}
04-22 11:33:35.060  1743  1766 I WindowManager:   SURFACE show Surface(name=com.google.location.nearby.apps.connectedcrossroad/nx.aodv.eval.MainActivity)/@0x696aa on display:0: com.google.location.nearby.apps.connectedcrossroad/nx.aodv.eval.MainActivity
04-22 11:33:43.110  1743  1766 I WindowManager:   SURFACE show Surface(name=InputMethod)/@0x9c960f1 on display:0: InputMethod
04-22 11:33:45.048  1743  1743 D BluetoothManagerService: Bluetooth Adapter name changed to IlZTRi1bye0AAAAAAAAAATM
04-22 11:33:45.048  1743  1743 D BluetoothManagerService: Stored Bluetooth name: IlZTRi1bye0AAAAAAAAAATM
04-22 11:33:45.049  1743  1743 V SettingsProvider: Notifying for 0: content://settings/secure/bluetooth_name
04-22 11:33:45.404  1743  2246 D NsdService: Register service
04-22 11:33:45.404  1743  2246 D NsdService: registerService: 28 name: IlZTRi1bye0AAA, type: _5BC9ED5E6C75._tcp, host: null, port: 37975, txtRecord: n=MwIPv4=192.168.1.66
04-22 11:33:45.404  1743  2246 D NsdService: mdnssd [register, 28, IlZTRi1bye0AAA, _5BC9ED5E6C75._tcp, 37975, BG49TXcRSVB2ND0xOTIuMTY4LjEuNjY=]
04-22 11:33:45.408  1743  2246 D NsdService: Register 28 28
04-22 11:33:45.710  1743  2836 I WindowManager:   SURFACE show Surface(name=InputMethod)/@0xef4e8e6 on display:0: InputMethod
04-22 11:33:46.080  1743  2246 D NsdService: Native daemon message SERVICE_REGISTERED: 606 28 "IlZTRi1bye0AAA"
04-22 11:33:50.735 11984 11984 D TextClassifierService: No configured system TextClassifierService
04-22 11:33:50.743 11984 11984 D TextClassifierService: No configured system TextClassifierService
04-22 11:33:50.747 11984 12028 D TextClassifierService: No configured system TextClassifierService
04-22 11:33:51.004 11984 12028 D TextClassifierService: No configured system TextClassifierService
04-22 11:33:51.279  1743  1766 I WindowManager:   SURFACE show Surface(name=PopupWindow:c1ac81e)/@0x8caff8a on display:0: PopupWindow:c1ac81e
04-22 11:33:51.279  1743  1766 I WindowManager:   SURFACE show Surface(name=PopupWindow:78fad15)/@0x70709fb on display:0: PopupWindow:78fad15
04-22 11:33:51.364  1743  1766 I WindowManager:   SURFACE show Surface(name=PopupWindow:24b0591)/@0x5018fc4 on display:0: PopupWindow:24b0591
04-22 11:33:52.331  1743  1772 W BroadcastQueue: Background execution not allowed: receiving Intent { act=android.bluetooth.device.action.BOND_STATE_CHANGED flg=0x10 (has extras) } to com.google.android.gms/.chimera.GmsIntentOperationService$PersistentTrustedReceiver
04-22 11:33:52.332  1743  1772 W BroadcastQueue: Background execution not allowed: receiving Intent { act=android.bluetooth.device.action.BOND_STATE_CHANGED flg=0x10 (has extras) } to com.google.android.googlequicksearchbox/com.google.android.apps.gsa.broadcastreceiver.external.ExternalCommonBroadcastReceiver
04-22 11:33:52.594  1743  1772 W BroadcastQueue: Background execution not allowed: receiving Intent { act=android.bluetooth.device.action.BOND_STATE_CHANGED flg=0x10 (has extras) } to com.google.android.gms/.chimera.GmsIntentOperationService$PersistentTrustedReceiver
04-22 11:33:52.594  1743  1772 W BroadcastQueue: Background execution not allowed: receiving Intent { act=android.bluetooth.device.action.BOND_STATE_CHANGED flg=0x10 (has extras) } to com.google.android.googlequicksearchbox/com.google.android.apps.gsa.broadcastreceiver.external.ExternalCommonBroadcastReceiver
--------- beginning of main
04-22 11:33:58.884 22073  6656 I chatty  : uid=10156(com.google.android.gms) highpool[332] expire 167 lines
04-22 11:33:58.885 22073  6656 E NearbyConnections: EndpointManager failed to find EndpointChannel over which to write DATA at offset 612 of Payload -9007404025457505713 to endpoint T8u1 [CONTEXT service_id=54 ]
04-22 11:33:58.885  2290  2603 W bt_l2cap: l2c_link_hci_conn_req:set link_role= 0
04-22 11:33:58.885 22073  6656 E NearbyConnections: EndpointManager failed to find EndpointChannel over which to write DATA at offset 612 of Payload -9007404025457505713 to endpoint T8u1 [CONTEXT service_id=54 ]
04-22 11:33:58.891 22073  6656 I chatty  : uid=10156(com.google.android.gms) highpool[332] identical 24 lines
04-22 11:33:58.891 22073  6656 E NearbyConnections: EndpointManager failed to find EndpointChannel over which to write DATA at offset 612 of Payload -9007404025457505713 to endpoint T8u1 [CONTEXT service_id=54 ]
04-22 11:33:58.892  2290  2603 W bt_btm  : btm_acl_role_changed: peer cc:0d:f2:75:2d:60 hci_status:0x21 new_role:1
04-22 11:33:58.892 22073  6656 E NearbyConnections: EndpointManager failed to find EndpointChannel over which to write DATA at offset 612 of Payload -9007404025457505713 to endpoint T8u1 [CONTEXT service_id=54 ]
04-22 11:33:58.934 22073  6656 I chatty  : uid=10156(com.google.android.gms) highpool[332] identical 169 lines
04-22 11:33:58.934 22073  6656 E NearbyConnections: EndpointManager failed to find EndpointChannel over which to write DATA at offset 612 of Payload -9007404025457505713 to endpoint T8u1 [CONTEXT service_id=54 ]
04-22 11:33:58.934  2290  2603 I bt_stack: [INFO:gatt_main.cc(919)] gatt_data_process op_code = 1, msg_len = 4
04-22 11:33:58.934 22073  6656 E NearbyConnections: EndpointManager failed to find EndpointChannel over which to write DATA at offset 612 of Payload -9007404025457505713 to endpoint T8u1 [CONTEXT service_id=54 ]
04-22 11:33:58.934  2290  2603 I bt_stack: [INFO:gatt_api.cc(635)] GATTC_Discover conn_id=0x010a, disc_type=4, s_handle=0x0001, e_handle=0x0003
04-22 11:33:58.934 22073  6656 E NearbyConnections: EndpointManager failed to find EndpointChannel over which to write DATA at offset 612 of Payload -9007404025457505713 to endpoint T8u1 [CONTEXT service_id=54 ]
04-22 11:33:58.993 22073  6656 I chatty  : uid=10156(com.google.android.gms) highpool[332] identical 237 lines
04-22 11:33:58.994 22073  6656 E NearbyConnections: EndpointManager failed to find EndpointChannel over which to write DATA at offset 612 of Payload -9007404025457505713 to endpoint T8u1 [CONTEXT service_id=54 ]
04-22 11:33:58.994  2290  2603 I bt_stack: [INFO:gatt_main.cc(919)] gatt_data_process op_code = 9, msg_len = 8
04-22 11:33:58.994 22073  6656 E NearbyConnections: EndpointManager failed to find EndpointChannel over which to write DATA at offset 612 of Payload -9007404025457505713 to endpoint T8u1 [CONTEXT service_id=54 ]
04-22 11:33:59.002 22073  6656 I chatty  : uid=10156(com.google.android.gms) highpool[332] identical 34 lines
04-22 11:33:59.002 22073  6656 E NearbyConnections: EndpointManager failed to find EndpointChannel over which to write DATA at offset 612 of Payload -9007404025457505713 to endpoint T8u1 [CONTEXT service_id=54 ]
04-22 11:33:59.003 22073  6656 I .gms.persisten: Starting a blocking GC Alloc
04-22 11:33:59.003 22073  6656 I .gms.persisten: Starting a blocking GC Alloc
04-22 11:33:59.009  2290  2603 I bt_stack: [INFO:gatt_main.cc(919)] gatt_data_process op_code = 1, msg_len = 4
04-22 11:33:59.009  2290  2603 I bt_stack: [INFO:gatt_api.cc(635)] GATTC_Discover conn_id=0x010a, disc_type=3, s_handle=0x0014, e_handle=0x001a
04-22 11:33:59.032  2290  2603 I bt_stack: [INFO:gatt_main.cc(919)] gatt_data_process op_code = 1, msg_len = 4
04-22 11:33:59.033  2290  2603 I bt_stack: [INFO:gatt_api.cc(635)] GATTC_Discover conn_id=0x010a, disc_type=4, s_handle=0x0014, e_handle=0x001a
04-22 11:33:59.045 22073  6656 I .gms.persisten: Alloc young concurrent copying GC freed 101967(8633KB) AllocSpace objects, 0(0B) LOS objects, 48% free, 12MB/24MB, paused 108us total 42.607ms
04-22 11:33:59.046 22073  6656 E NearbyConnections: EndpointManager failed to find EndpointChannel over which to write DATA at offset 612 of Payload -9007404025457505713 to endpoint T8u1 [CONTEXT service_id=54 ]
04-22 11:33:59.054 22073  6656 I chatty  : uid=10156(com.google.android.gms) highpool[332] identical 31 lines
04-22 11:33:59.054 22073  6656 E NearbyConnections: EndpointManager failed to find EndpointChannel over which to write DATA at offset 612 of Payload -9007404025457505713 to endpoint T8u1 [CONTEXT service_id=54 ]
04-22 11:33:59.054  2290  2603 I bt_stack: [INFO:gatt_main.cc(919)] gatt_data_process op_code = 9, msg_len = 22
04-22 11:33:59.054 22073  6656 E NearbyConnections: EndpointManager failed to find EndpointChannel over which to write DATA at offset 612 of Payload -9007404025457505713 to endpoint T8u1 [CONTEXT service_id=54 ]
04-22 11:33:59.081 22073  6656 I chatty  : uid=10156(com.google.android.gms) highpool[332] identical 107 lines
04-22 11:33:59.081 22073  6656 E NearbyConnections: EndpointManager failed to find EndpointChannel over which to write DATA at offset 612 of Payload -9007404025457505713 to endpoint T8u1 [CONTEXT service_id=54 ]
04-22 11:33:59.081  2290  2603 I bt_stack: [INFO:gatt_main.cc(919)] gatt_data_process op_code = 16, msg_len = 6
04-22 11:33:59.081 22073  6656 E NearbyConnections: EndpointManager failed to find EndpointChannel over which to write DATA at offset 612 of Payload -9007404025457505713 to endpoint T8u1 [CONTEXT service_id=54 ]
04-22 11:33:59.091 22073  6656 I chatty  : uid=10156(com.google.android.gms) highpool[332] identical 41 lines
04-22 11:33:59.092 22073  6656 E NearbyConnections: EndpointManager failed to find EndpointChannel over which to write DATA at offset 612 of Payload -9007404025457505713 to endpoint T8u1 [CONTEXT service_id=54 ]
04-22 11:33:59.092  2290  2603 I bt_stack: [INFO:gatt_main.cc(919)] gatt_data_process op_code = 1, msg_len = 4
04-22 11:33:59.092 22073  6656 E NearbyConnections: EndpointManager failed to find EndpointChannel over which to write DATA at offset 612 of Payload -9007404025457505713 to endpoint T8u1 [CONTEXT service_id=54 ]
04-22 11:33:59.092  2290  2603 I bt_stack: [INFO:gatt_api.cc(635)] GATTC_Discover conn_id=0x010a, disc_type=3, s_handle=0x0028, e_handle=0x002d
04-22 11:33:59.092 22073  6656 E NearbyConnections: EndpointManager failed to find EndpointChannel over which to write DATA at offset 612 of Payload -9007404025457505713 to endpoint T8u1 [CONTEXT service_id=54 ]
04-22 11:33:59.106 22073  6656 I chatty  : uid=10156(com.google.android.gms) highpool[332] identical 55 lines
04-22 11:33:59.106 22073  6656 E NearbyConnections: EndpointManager failed to find EndpointChannel over which to write DATA at offset 612 of Payload -9007404025457505713 to endpoint T8u1 [CONTEXT service_id=54 ]
04-22 11:33:59.106  2290  2603 I bt_stack: [INFO:gatt_main.cc(919)] gatt_data_process op_code = 1, msg_len = 4
04-22 11:33:59.106 22073  6656 E NearbyConnections: EndpointManager failed to find EndpointChannel over which to write DATA at offset 612 of Payload -9007404025457505713 to endpoint T8u1 [CONTEXT service_id=54 ]
04-22 11:33:59.106  2290  2603 I bt_stack: [INFO:gatt_api.cc(635)] GATTC_Discover conn_id=0x010a, disc_type=4, s_handle=0x0028, e_handle=0x002d
04-22 11:33:59.106 22073  6656 E NearbyConnections: EndpointManager failed to find EndpointChannel over which to write DATA at offset 612 of Payload -9007404025457505713 to endpoint T8u1 [CONTEXT service_id=54 ]
04-22 11:33:59.121 22073  6656 I chatty  : uid=10156(com.google.android.gms) highpool[332] identical 60 lines
04-22 11:33:59.121 22073  6656 E NearbyConnections: EndpointManager failed to find EndpointChannel over which to write DATA at offset 612 of Payload -9007404025457505713 to endpoint T8u1 [CONTEXT service_id=54 ]
04-22 11:33:59.122  2290  2603 I bt_stack: [INFO:gatt_main.cc(919)] gatt_data_process op_code = 9, msg_len = 22
04-22 11:33:59.122 22073  6656 E NearbyConnections: EndpointManager failed to find EndpointChannel over which to write DATA at offset 612 of Payload -9007404025457505713 to endpoint T8u1 [CONTEXT service_id=54 ]
04-22 11:33:59.143 22073  6656 I chatty  : uid=10156(com.google.android.gms) highpool[332] identical 87 lines
04-22 11:33:59.144 22073  6656 E NearbyConnections: EndpointManager failed to find EndpointChannel over which to write DATA at offset 612 of Payload -9007404025457505713 to endpoint T8u1 [CONTEXT service_id=54 ]
04-22 11:33:59.144  2290  2603 I bt_stack: [INFO:gatt_main.cc(919)] gatt_data_process op_code = 9, msg_len = 22
04-22 11:33:59.144 22073  6656 E NearbyConnections: EndpointManager failed to find EndpointChannel over which to write DATA at offset 612 of Payload -9007404025457505713 to endpoint T8u1 [CONTEXT service_id=54 ]
04-22 11:33:59.158 22073  6656 I chatty  : uid=10156(com.google.android.gms) highpool[332] identical 60 lines
04-22 11:33:59.159 22073  6656 E NearbyConnections: EndpointManager failed to find EndpointChannel over which to write DATA at offset 612 of Payload -9007404025457505713 to endpoint T8u1 [CONTEXT service_id=54 ]
04-22 11:33:59.159  2290  2603 I bt_stack: [INFO:gatt_main.cc(919)] gatt_data_process op_code = 1, msg_len = 4
04-22 11:33:59.159 22073  6656 E NearbyConnections: EndpointManager failed to find EndpointChannel over which to write DATA at offset 612 of Payload -9007404025457505713 to endpoint T8u1 [CONTEXT service_id=54 ]
04-22 11:33:59.159  2290  2603 I bt_stack: [INFO:gatt_api.cc(635)] GATTC_Discover conn_id=0x010a, disc_type=5, s_handle=0x002b, e_handle=0x002b
04-22 11:33:59.159 22073  6656 E NearbyConnections: EndpointManager failed to find EndpointChannel over which to write DATA at offset 612 of Payload -9007404025457505713 to endpoint T8u1 [CONTEXT service_id=54 ]
04-22 11:33:59.179 22073  6656 I chatty  : uid=10156(com.google.android.gms) highpool[332] identical 79 lines
04-22 11:33:59.179 22073  6656 E NearbyConnections: EndpointManager failed to find EndpointChannel over which to write DATA at offset 612 of Payload -9007404025457505713 to endpoint T8u1 [CONTEXT service_id=54 ]
04-22 11:33:59.179  2290  2603 I bt_stack: [INFO:gatt_main.cc(919)] gatt_data_process op_code = 16, msg_len = 6
04-22 11:33:59.179 22073  6656 E NearbyConnections: EndpointManager failed to find EndpointChannel over which to write DATA at offset 612 of Payload -9007404025457505713 to endpoint T8u1 [CONTEXT service_id=54 ]
04-22 11:33:59.181 22073  6656 I chatty  : uid=10156(com.google.android.gms) highpool[332] identical 8 lines
04-22 11:33:59.181 22073  6656 E NearbyConnections: EndpointManager failed to find EndpointChannel over which to write DATA at offset 612 of Payload -9007404025457505713 to endpoint T8u1 [CONTEXT service_id=54 ]
04-22 11:33:59.182  2290  2603 I bt_stack: [INFO:gatt_main.cc(919)] gatt_data_process op_code = 5, msg_len = 5
04-22 11:33:59.182 22073  6656 E NearbyConnections: EndpointManager failed to find EndpointChannel over which to write DATA at offset 612 of Payload -9007404025457505713 to endpoint T8u1 [CONTEXT service_id=54 ]
04-22 11:33:59.182  2290  2603 I bt_stack: [INFO:gatt_api.cc(635)] GATTC_Discover conn_id=0x010a, disc_type=3, s_handle=0x002e, e_handle=0xffff
04-22 11:33:59.182 22073  6656 E NearbyConnections: EndpointManager failed to find EndpointChannel over which to write DATA at offset 612 of Payload -9007404025457505713 to endpoint T8u1 [CONTEXT service_id=54 ]
04-22 11:33:59.204 22073  6656 I chatty  : uid=10156(com.google.android.gms) highpool[332] identical 88 lines
04-22 11:33:59.204 22073  6656 E NearbyConnections: EndpointManager failed to find EndpointChannel over which to write DATA at offset 612 of Payload -9007404025457505713 to endpoint T8u1 [CONTEXT service_id=54 ]
04-22 11:33:59.204  2290  2603 I bt_stack: [INFO:gatt_main.cc(919)] gatt_data_process op_code = 1, msg_len = 4
04-22 11:33:59.204 22073  6656 E NearbyConnections: EndpointManager failed to find EndpointChannel over which to write DATA at offset 612 of Payload -9007404025457505713 to endpoint T8u1 [CONTEXT service_id=54 ]
04-22 11:33:59.204  2290  2603 I bt_stack: [INFO:gatt_api.cc(635)] GATTC_Discover conn_id=0x010a, disc_type=4, s_handle=0x002e, e_handle=0xffff
04-22 11:33:59.204 22073  6656 E NearbyConnections: EndpointManager failed to find EndpointChannel over which to write DATA at offset 612 of Payload -9007404025457505713 to endpoint T8u1 [CONTEXT service_id=54 ]
04-22 11:33:59.234 22073  6656 I chatty  : uid=10156(com.google.android.gms) highpool[332] identical 118 lines
04-22 11:33:59.234 22073  6656 E NearbyConnections: EndpointManager failed to find EndpointChannel over which to write DATA at offset 612 of Payload -9007404025457505713 to endpoint T8u1 [CONTEXT service_id=54 ]
04-22 11:33:59.234  2290  2603 I bt_stack: [INFO:gatt_main.cc(919)] gatt_data_process op_code = 9, msg_len = 22
04-22 11:33:59.234 22073  6656 E NearbyConnections: EndpointManager failed to find EndpointChannel over which to write DATA at offset 612 of Payload -9007404025457505713 to endpoint T8u1 [CONTEXT service_id=54 ]
04-22 11:33:59.248 22073  6656 I chatty  : uid=10156(com.google.android.gms) highpool[332] identical 58 lines
04-22 11:33:59.249 22073  6656 E NearbyConnections: EndpointManager failed to find EndpointChannel over which to write DATA at offset 612 of Payload -9007404025457505713 to endpoint T8u1 [CONTEXT service_id=54 ]
04-22 11:33:59.249  2290  2603 I bt_stack: [INFO:gatt_main.cc(919)] gatt_data_process op_code = 9, msg_len = 22
04-22 11:33:59.249 22073  6656 E NearbyConnections: EndpointManager failed to find EndpointChannel over which to write DATA at offset 612 of Payload -9007404025457505713 to endpoint T8u1 [CONTEXT service_id=54 ]
04-22 11:33:59.264 22073  6656 I chatty  : uid=10156(com.google.android.gms) highpool[332] identical 61 lines
04-22 11:33:59.264 22073  6656 E NearbyConnections: EndpointManager failed to find EndpointChannel over which to write DATA at offset 612 of Payload -9007404025457505713 to endpoint T8u1 [CONTEXT service_id=54 ]
04-22 11:33:59.264  2290  2603 I bt_stack: [INFO:gatt_main.cc(919)] gatt_data_process op_code = 9, msg_len = 22
04-22 11:33:59.264 22073  6656 E NearbyConnections: EndpointManager failed to find EndpointChannel over which to write DATA at offset 612 of Payload -9007404025457505713 to endpoint T8u1 [CONTEXT service_id=54 ]
04-22 11:33:59.275 22073  6656 I chatty  : uid=10156(com.google.android.gms) highpool[332] identical 44 lines
04-22 11:33:59.276 22073  6656 E NearbyConnections: EndpointManager failed to find EndpointChannel over which to write DATA at offset 612 of Payload -9007404025457505713 to endpoint T8u1 [CONTEXT service_id=54 ]
04-22 11:33:59.276  2290  2603 I bt_stack: [INFO:gatt_main.cc(919)] gatt_data_process op_code = 8, msg_len = 6
04-22 11:33:59.276 22073  6656 E NearbyConnections: EndpointManager failed to find EndpointChannel over which to write DATA at offset 612 of Payload -9007404025457505713 to endpoint T8u1 [CONTEXT service_id=54 ]
04-22 11:33:59.286 22073  6656 I chatty  : uid=10156(com.google.android.gms) highpool[332] identical 42 lines
04-22 11:33:59.286 22073  6656 E NearbyConnections: EndpointManager failed to find EndpointChannel over which to write DATA at offset 612 of Payload -9007404025457505713 to endpoint T8u1 [CONTEXT service_id=54 ]
04-22 11:33:59.287  2290  2603 I bt_stack: [INFO:gatt_main.cc(919)] gatt_data_process op_code = 9, msg_len = 22
04-22 11:33:59.287 22073  6656 E NearbyConnections: EndpointManager failed to find EndpointChannel over which to write DATA at offset 612 of Payload -9007404025457505713 to endpoint T8u1 [CONTEXT service_id=54 ]
04-22 11:33:59.301 22073  6656 I chatty  : uid=10156(com.google.android.gms) highpool[332] identical 60 lines
04-22 11:33:59.302 22073  6656 E NearbyConnections: EndpointManager failed to find EndpointChannel over which to write DATA at offset 612 of Payload -9007404025457505713 to endpoint T8u1 [CONTEXT service_id=54 ]
04-22 11:33:59.302  2290  2603 I bt_stack: [INFO:gatt_main.cc(919)] gatt_data_process op_code = 9, msg_len = 22
04-22 11:33:59.302 22073  6656 E NearbyConnections: EndpointManager failed to find EndpointChannel over which to write DATA at offset 612 of Payload -9007404025457505713 to endpoint T8u1 [CONTEXT service_id=54 ]
04-22 11:33:59.316 22073  6656 I chatty  : uid=10156(com.google.android.gms) highpool[332] identical 44 lines
04-22 11:33:59.316 22073  6656 E NearbyConnections: EndpointManager failed to find EndpointChannel over which to write DATA at offset 612 of Payload -9007404025457505713 to endpoint T8u1 [CONTEXT service_id=54 ]
04-22 11:33:59.316  2290  2603 I bt_stack: [INFO:gatt_main.cc(919)] gatt_data_process op_code = 1, msg_len = 4
04-22 11:33:59.316 22073  6656 E NearbyConnections: EndpointManager failed to find EndpointChannel over which to write DATA at offset 612 of Payload -9007404025457505713 to endpoint T8u1 [CONTEXT service_id=54 ]
04-22 11:33:59.317  2290  2603 I bt_stack: [INFO:gatt_api.cc(635)] GATTC_Discover conn_id=0x010a, disc_type=5, s_handle=0x0039, e_handle=0xffff
04-22 11:33:59.317 22073  6656 E NearbyConnections: EndpointManager failed to find EndpointChannel over which to write DATA at offset 612 of Payload -9007404025457505713 to endpoint T8u1 [CONTEXT service_id=54 ]
04-22 11:33:59.339 22073  6656 I chatty  : uid=10156(com.google.android.gms) highpool[332] identical 88 lines
04-22 11:33:59.339 22073  6656 E NearbyConnections: EndpointManager failed to find EndpointChannel over which to write DATA at offset 612 of Payload -9007404025457505713 to endpoint T8u1 [CONTEXT service_id=54 ]
04-22 11:33:59.339  2290  2603 I bt_stack: [INFO:gatt_main.cc(919)] gatt_data_process op_code = 1, msg_len = 4
04-22 11:33:59.339  2290  2603 I bt_stack: [INFO:bta_gattc_cache.cc(183)] bta_gattc_explore_srvc_finished: service discovery finished
04-22 11:33:59.339 22073  6656 E NearbyConnections: EndpointManager failed to find EndpointChannel over which to write DATA at offset 612 of Payload -9007404025457505713 to endpoint T8u1 [CONTEXT service_id=54 ]
04-22 11:33:59.340 22073  6656 I chatty  : uid=10156(com.google.android.gms) highpool[332] identical 3 lines
04-22 11:33:59.340 22073  6656 E NearbyConnections: EndpointManager failed to find EndpointChannel over which to write DATA at offset 612 of Payload -9007404025457505713 to endpoint T8u1 [CONTEXT service_id=54 ]
04-22 11:33:59.340  2290  2348 D BtGatt.GattService: onSearchCompleted() - connId=266, status=0
04-22 11:33:59.340 22073  6656 E NearbyConnections: EndpointManager failed to find EndpointChannel over which to write DATA at offset 612 of Payload -9007404025457505713 to endpoint T8u1 [CONTEXT service_id=54 ]
04-22 11:33:59.341  2290  2348 E bt_btif_gattc: btif_gattc_upstreams_evt: Unhandled event (8)!
04-22 11:33:59.341 22073  6656 E NearbyConnections: EndpointManager failed to find EndpointChannel over which to write DATA at offset 612 of Payload -9007404025457505713 to endpoint T8u1 [CONTEXT service_id=54 ]
04-22 11:33:59.341 22073  6656 E NearbyConnections: EndpointManager failed to find EndpointChannel over which to write DATA at offset 612 of Payload -9007404025457505713 to endpoint T8u1 [CONTEXT service_id=54 ]
04-22 11:33:59.341  2290  2348 D bt_bta_gattc: bta_gattc_get_gatt_db
04-22 11:33:59.341 22073  6656 E NearbyConnections: EndpointManager failed to find EndpointChannel over which to write DATA at offset 612 of Payload -9007404025457505713 to endpoint T8u1 [CONTEXT service_id=54 ]
04-22 11:33:59.341 22073  6656 I chatty  : uid=10156(com.google.android.gms) highpool[332] identical 1 line
04-22 11:33:59.342 22073  6656 E NearbyConnections: EndpointManager failed to find EndpointChannel over which to write DATA at offset 612 of Payload -9007404025457505713 to endpoint T8u1 [CONTEXT service_id=54 ]
04-22 11:33:59.342  2290  2348 D BtGatt.GattService: onGetGattDb() - address=5F:BE:E5:C8:49:5D
04-22 11:33:59.342 22073  6656 E NearbyConnections: EndpointManager failed to find EndpointChannel over which to write DATA at offset 612 of Payload -9007404025457505713 to endpoint T8u1 [CONTEXT service_id=54 ]
04-22 11:33:59.342  2290  2348 D BtGatt.GattService: got service with UUID=00001801-0000-1000-8000-00805f9b34fb id: 1
04-22 11:33:59.342  2290  2348 D BtGatt.GattService: got characteristic with UUID=00002a05-0000-1000-8000-00805f9b34fb id: 3
04-22 11:33:59.342  2290  2348 D BtGatt.GattService: got service with UUID=00001800-0000-1000-8000-00805f9b34fb id: 20
04-22 11:33:59.342 22073  6656 E NearbyConnections: EndpointManager failed to find EndpointChannel over which to write DATA at offset 612 of Payload -9007404025457505713 to endpoint T8u1 [CONTEXT service_id=54 ]
04-22 11:33:59.342  2290  2348 D BtGatt.GattService: got characteristic with UUID=00002a00-0000-1000-8000-00805f9b34fb id: 22
04-22 11:33:59.342  2290  2348 D BtGatt.GattService: got characteristic with UUID=00002a01-0000-1000-8000-00805f9b34fb id: 24
04-22 11:33:59.342 22073  6656 E NearbyConnections: EndpointManager failed to find EndpointChannel over which to write DATA at offset 612 of Payload -9007404025457505713 to endpoint T8u1 [CONTEXT service_id=54 ]
04-22 11:33:59.342  2290  2348 D BtGatt.GattService: got characteristic with UUID=00002aa6-0000-1000-8000-00805f9b34fb id: 26
04-22 11:33:59.343  2290  2348 D BtGatt.GattService: got service with UUID=0000fef3-0000-1000-8000-00805f9b34fb id: 40
04-22 11:33:59.343  2290  2348 D BtGatt.GattService: got characteristic with UUID=00000100-0004-1000-8000-001a11000102 id: 42
04-22 11:33:59.343  2290  2348 D BtGatt.GattService: got descriptor with UUID=00002902-0000-1000-8000-00805f9b34fb id: 43
04-22 11:33:59.343 22073  6656 E NearbyConnections: EndpointManager failed to find EndpointChannel over which to write DATA at offset 612 of Payload -9007404025457505713 to endpoint T8u1 [CONTEXT service_id=54 ]
04-22 11:33:59.343  2290  2348 D BtGatt.GattService: got characteristic with UUID=00000100-0004-1000-8000-001a11000101 id: 45
04-22 11:33:59.343  2290  2348 D BtGatt.GattService: got service with UUID=0000fef3-0000-1000-8000-00805f9b34fb id: 46
04-22 11:33:59.343  2290  2348 D BtGatt.GattService: got characteristic with UUID=00000000-0000-3000-8000-000000000002 id: 48
04-22 11:33:59.343 22073  6656 E NearbyConnections: EndpointManager failed to find EndpointChannel over which to write DATA at offset 612 of Payload -9007404025457505713 to endpoint T8u1 [CONTEXT service_id=54 ]
04-22 11:33:59.343  2290  2348 D BtGatt.GattService: got characteristic with UUID=00000000-0000-3000-8000-000000000004 id: 50
04-22 11:33:59.343  2290  2348 D BtGatt.GattService: got characteristic with UUID=00000000-0000-3000-8000-000000000000 id: 52
04-22 11:33:59.343  2290  2348 D BtGatt.GattService: got characteristic with UUID=00000000-0000-3000-8000-000000000003 id: 54
04-22 11:33:59.343  2290  2348 D BtGatt.GattService: got characteristic with UUID=00000000-0000-3000-8000-000000000001 id: 56
04-22 11:33:59.343 22073  6656 E NearbyConnections: EndpointManager failed to find EndpointChannel over which to write DATA at offset 612 of Payload -9007404025457505713 to endpoint T8u1 [CONTEXT service_id=54 ]
04-22 11:33:59.344 22073  6656 I chatty  : uid=10156(com.google.android.gms) highpool[332] identical 4 lines
04-22 11:33:59.344 22073  6656 E NearbyConnections: EndpointManager failed to find EndpointChannel over which to write DATA at offset 612 of Payload -9007404025457505713 to endpoint T8u1 [CONTEXT service_id=54 ]
04-22 11:33:59.344 22073 22328 D BluetoothGatt: onSearchComplete() = Device=5F:BE:E5:C8:49:5D Status=0
04-22 11:33:59.345 22073  6656 E NearbyConnections: EndpointManager failed to find EndpointChannel over which to write DATA at offset 612 of Payload -9007404025457505713 to endpoint T8u1 [CONTEXT service_id=54 ]
04-22 11:33:59.345 22073  6656 E NearbyConnections: EndpointManager failed to find EndpointChannel over which to write DATA at offset 612 of Payload -9007404025457505713 to endpoint T8u1 [CONTEXT service_id=54 ]
04-22 11:33:59.345 22073 12115 I .gms.persisten: Starting a blocking GC Alloc
04-22 11:33:59.345 22073 12115 I .gms.persisten: Starting a blocking GC Alloc
04-22 11:33:59.345 22073  6656 E NearbyConnections: EndpointManager failed to find EndpointChannel over which to write DATA at offset 612 of Payload -9007404025457505713 to endpoint T8u1 [CONTEXT service_id=54 ]
04-22 11:33:59.345 22073  6656 E NearbyConnections: EndpointManager failed to find EndpointChannel over which to write DATA at offset 612 of Payload -9007404025457505713 to endpoint T8u1 [CONTEXT service_id=54 ]
04-22 11:33:59.345 22073  6656 I .gms.persisten: Waiting for a blocking GC Alloc
04-22 11:33:59.375  2290  2603 I bt_stack: [INFO:gatt_main.cc(919)] gatt_data_process op_code = 8, msg_len = 6
04-22 11:33:59.423  2290  2348 D BtGatt.GattService: onServerConnUpdate() - connId=520, status=0
04-22 11:33:59.424  2290  2348 D BtGatt.GattService: onServerConnUpdate() - connId=521, status=0
04-22 11:33:59.424  2290  2348 D BtGatt.GattService: onClientConnUpdate() - connId=522, status=0
04-22 11:33:59.424 22073 22328 I .gms.persisten: Waiting for a blocking GC Alloc
04-22 11:33:59.424 22073 22197 I .gms.persisten: Waiting for a blocking GC Alloc
04-22 11:33:59.453 22073 12115 I .gms.persisten: Alloc young concurrent copying GC freed 116422(9804KB) AllocSpace objects, 0(0B) LOS objects, 48% free, 12MB/24MB, paused 324us total 108.063ms
04-22 11:33:59.454 22073 12115 I bevc    : Services discovered successfully in 1138 ms.
04-22 11:33:59.454 22073  6656 I .gms.persisten: WaitForGcToComplete blocked Alloc on HeapTrim for 108.246ms
04-22 11:33:59.454 22073  6656 I .gms.persisten: Starting a blocking GC Alloc
04-22 11:33:59.454 22073 22328 I .gms.persisten: WaitForGcToComplete blocked Alloc on HeapTrim for 30.044ms
04-22 11:33:59.454 22073 22328 I .gms.persisten: Starting a blocking GC Alloc
04-22 11:33:59.454 22073  6656 E NearbyConnections: EndpointManager failed to find EndpointChannel over which to write DATA at offset 612 of Payload -9007404025457505713 to endpoint T8u1 [CONTEXT service_id=54 ]
04-22 11:33:59.454 22073 22328 D BluetoothGattServer: onConnectionUpdated() - Device=5D:D3:D6:E0:CE:1D interval=6 latency=0 timeout=500 status=0
04-22 11:33:59.454 22073  6656 E NearbyConnections: EndpointManager failed to find EndpointChannel over which to write DATA at offset 612 of Payload -9007404025457505713 to endpoint T8u1 [CONTEXT service_id=54 ]
04-22 11:33:59.454 22073 22197 I .gms.persisten: WaitForGcToComplete blocked Alloc on HeapTrim for 30.400ms
04-22 11:33:59.455 22073 22197 I .gms.persisten: Starting a blocking GC Alloc
04-22 11:33:59.455 22073 22197 D BluetoothGattServer: onConnectionUpdated() - Device=5D:D3:D6:E0:CE:1D interval=6 latency=0 timeout=500 status=0
04-22 11:33:59.455 22073  6656 E NearbyConnections: EndpointManager failed to find EndpointChannel over which to write DATA at offset 612 of Payload -9007404025457505713 to endpoint T8u1 [CONTEXT service_id=54 ]
04-22 11:33:59.473 22073  6656 I chatty  : uid=10156(com.google.android.gms) highpool[332] identical 74 lines
04-22 11:33:59.474 22073  6656 E NearbyConnections: EndpointManager failed to find EndpointChannel over which to write DATA at offset 612 of Payload -9007404025457505713 to endpoint T8u1 [CONTEXT service_id=54 ]
04-22 11:33:59.474  2290  2603 I bt_stack: [INFO:gatt_main.cc(919)] gatt_data_process op_code = 11, msg_len = 22
04-22 11:33:59.474 22073  6656 E NearbyConnections: EndpointManager failed to find EndpointChannel over which to write DATA at offset 612 of Payload -9007404025457505713 to endpoint T8u1 [CONTEXT service_id=54 ]
04-22 11:33:59.485 22073  6656 I chatty  : uid=10156(com.google.android.gms) highpool[332] identical 47 lines
04-22 11:33:59.486 22073  6656 E NearbyConnections: EndpointManager failed to find EndpointChannel over which to write DATA at offset 612 of Payload -9007404025457505713 to endpoint T8u1 [CONTEXT service_id=54 ]
04-22 11:33:59.486  2290  2603 I bt_stack: [INFO:gatt_main.cc(919)] gatt_data_process op_code = 8, msg_len = 6
04-22 11:33:59.486 22073  6656 E NearbyConnections: EndpointManager failed to find EndpointChannel over which to write DATA at offset 612 of Payload -9007404025457505713 to endpoint T8u1 [CONTEXT service_id=54 ]
04-22 11:33:59.496 22073  6656 I chatty  : uid=10156(com.google.android.gms) highpool[332] identical 42 lines
04-22 11:33:59.497 22073  6656 E NearbyConnections: EndpointManager failed to find EndpointChannel over which to write DATA at offset 612 of Payload -9007404025457505713 to endpoint T8u1 [CONTEXT service_id=54 ]
04-22 11:33:59.497  2290  2348 D BtGatt.GattService: onServerConnUpdate() - connId=264, status=0
04-22 11:33:59.497 22073  6656 E NearbyConnections: EndpointManager failed to find EndpointChannel over which to write DATA at offset 612 of Payload -9007404025457505713 to endpoint T8u1 [CONTEXT service_id=54 ]
04-22 11:33:59.497  2290  2348 D BtGatt.GattService: onServerConnUpdate() - connId=265, status=0
04-22 11:33:59.497 22073  6656 E NearbyConnections: EndpointManager failed to find EndpointChannel over which to write DATA at offset 612 of Payload -9007404025457505713 to endpoint T8u1 [CONTEXT service_id=54 ]
04-22 11:33:59.497  2290  2348 D BtGatt.GattService: onClientConnUpdate() - connId=266, status=0
04-22 11:33:59.497 22073  6656 E NearbyConnections: EndpointManager failed to find EndpointChannel over which to write DATA at offset 612 of Payload -9007404025457505713 to endpoint T8u1 [CONTEXT service_id=54 ]
04-22 11:33:59.497 22073 22328 D BluetoothGattServer: onConnectionUpdated() - Device=5F:BE:E5:C8:49:5D interval=39 latency=0 timeout=500 status=0
04-22 11:33:59.498 22073  6656 E NearbyConnections: EndpointManager failed to find EndpointChannel over which to write DATA at offset 612 of Payload -9007404025457505713 to endpoint T8u1 [CONTEXT service_id=54 ]
