04-22 11:33:59.498 22073 22197 D BluetoothGattServer: onConnectionUpdated() - Device=5F:BE:E5:C8:49:5D interval=39 latency=0 timeout=500 status=0
04-22 11:33:59.498 22073 22326 D BluetoothGatt: onConnectionUpdated() - Device=5F:BE:E5:C8:49:5D interval=39 latency=0 timeout=500 status=0
04-22 11:33:59.498 22073  6656 E NearbyConnections: EndpointManager failed to find EndpointChannel over which to write DATA at offset 612 of Payload -9007404025457505713 to endpoint T8u1 [CONTEXT service_id=54 ]
04-22 11:33:59.524 22073  6656 I chatty  : uid=10156(com.google.android.gms) highpool[332] identical 104 lines
04-22 11:33:59.524 22073  6656 E NearbyConnections: EndpointManager failed to find EndpointChannel over which to write DATA at offset 612 of Payload -9007404025457505713 to endpoint T8u1 [CONTEXT service_id=54 ]
04-22 11:33:59.524  2290  2603 I bt_stack: [INFO:gatt_main.cc(919)] gatt_data_process op_code = 8, msg_len = 6
04-22 11:33:59.524 22073  6656 E NearbyConnections: EndpointManager failed to find EndpointChannel over which to write DATA at offset 612 of Payload -9007404025457505713 to endpoint T8u1 [CONTEXT service_id=54 ]
04-22 11:33:59.539 22073  6656 I chatty  : uid=10156(com.google.android.gms) highpool[332] identical 60 lines
04-22 11:33:59.539 22073  6656 E NearbyConnections: EndpointManager failed to find EndpointChannel over which to write DATA at offset 612 of Payload -9007404025457505713 to endpoint T8u1 [CONTEXT service_id=54 ]
04-22 11:33:59.539  2290  2603 I bt_stack: [INFO:gatt_main.cc(919)] gatt_data_process op_code = 8, msg_len = 6
04-22 11:33:59.539 22073  6656 E NearbyConnections: EndpointManager failed to find EndpointChannel over which to write DATA at offset 612 of Payload -9007404025457505713 to endpoint T8u1 [CONTEXT service_id=54 ]
04-22 11:33:59.554 22073  6656 I chatty  : uid=10156(com.google.android.gms) highpool[332] identical 57 lines
04-22 11:33:59.554 22073  6656 E NearbyConnections: EndpointManager failed to find EndpointChannel over which to write DATA at offset 612 of Payload -9007404025457505713 to endpoint T8u1 [CONTEXT service_id=54 ]
04-22 11:33:59.554  2290  2603 I bt_stack: [INFO:gatt_main.cc(919)] gatt_data_process op_code = 8, msg_len = 6
04-22 11:33:59.554 22073  6656 E NearbyConnections: EndpointManager failed to find EndpointChannel over which to write DATA at offset 612 of Payload -9007404025457505713 to endpoint T8u1 [CONTEXT service_id=54 ]
04-22 11:33:59.583 22073  6656 I chatty  : uid=10156(com.google.android.gms) highpool[332] identical 118 lines
04-22 11:33:59.584 22073  6656 E NearbyConnections: EndpointManager failed to find EndpointChannel over which to write DATA at offset 612 of Payload -9007404025457505713 to endpoint T8u1 [CONTEXT service_id=54 ]
04-22 11:33:59.584  2290  2603 I bt_stack: [INFO:gatt_main.cc(919)] gatt_data_process op_code = 8, msg_len = 6
04-22 11:33:59.584 22073  6656 E NearbyConnections: EndpointManager failed to find EndpointChannel over which to write DATA at offset 612 of Payload -9007404025457505713 to endpoint T8u1 [CONTEXT service_id=54 ]
04-22 11:33:59.606 22073  6656 I chatty  : uid=10156(com.google.android.gms) highpool[332] identical 90 lines
04-22 11:33:59.607 22073  6656 E NearbyConnections: EndpointManager failed to find EndpointChannel over which to write DATA at offset 612 of Payload -9007404025457505713 to endpoint T8u1 [CONTEXT service_id=54 ]
04-22 11:33:59.607  2290  2603 I bt_stack: [INFO:gatt_main.cc(919)] gatt_data_process op_code = 8, msg_len = 6
04-22 11:33:59.607 22073  6656 E NearbyConnections: EndpointManager failed to find EndpointChannel over which to write DATA at offset 612 of Payload -9007404025457505713 to endpoint T8u1 [CONTEXT service_id=54 ]
04-22 11:33:59.616 22073  6656 I chatty  : uid=10156(com.google.android.gms) highpool[332] identical 39 lines
04-22 11:33:59.617 22073  6656 E NearbyConnections: EndpointManager failed to find EndpointChannel over which to write DATA at offset 612 of Payload -9007404025457505713 to endpoint T8u1 [CONTEXT service_id=54 ]
04-22 11:33:59.617  2290  2603 I bt_stack: [INFO:gatt_main.cc(919)] gatt_data_process op_code = 13, msg_len = 6
04-22 11:33:59.617 22073  6656 E NearbyConnections: EndpointManager failed to find EndpointChannel over which to write DATA at offset 612 of Payload -9007404025457505713 to endpoint T8u1 [CONTEXT service_id=54 ]
04-22 11:33:59.628 22073  6656 I chatty  : uid=10156(com.google.android.gms) highpool[332] identical 47 lines
04-22 11:33:59.629 22073  6656 E NearbyConnections: EndpointManager failed to find EndpointChannel over which to write DATA at offset 612 of Payload -9007404025457505713 to endpoint T8u1 [CONTEXT service_id=54 ]
04-22 11:33:59.629  2290  2603 I bt_stack: [INFO:gatt_main.cc(919)] gatt_data_process op_code = 8, msg_len = 6
04-22 11:33:59.629 22073  6656 E NearbyConnections: EndpointManager failed to find EndpointChannel over which to write DATA at offset 612 of Payload -9007404025457505713 to endpoint T8u1 [CONTEXT service_id=54 ]
04-22 11:33:59.635 22073  6656 I chatty  : uid=10156(com.google.android.gms) highpool[332] identical 25 lines
04-22 11:33:59.635 22073  6656 E NearbyConnections: EndpointManager failed to find EndpointChannel over which to write DATA at offset 612 of Payload -9007404025457505713 to endpoint T8u1 [CONTEXT service_id=54 ]
04-22 11:33:59.635 22073 11813 I NearbyMediums: Wifi LAN discovered service at 192.168.1.17 [CONTEXT service_id=54 ]
04-22 11:33:59.636 22073  6656 E NearbyConnections: EndpointManager failed to find EndpointChannel over which to write DATA at offset 612 of Payload -9007404025457505713 to endpoint T8u1 [CONTEXT service_id=54 ]
04-22 11:33:59.636 22073 11813 I NearbyMediums: Found service IlFiSy1bye0AAA on Wifi LAN. [CONTEXT service_id=54 ]
04-22 11:33:59.636 22073  6656 E NearbyConnections: EndpointManager failed to find EndpointChannel over which to write DATA at offset 612 of Payload -9007404025457505713 to endpoint T8u1 [CONTEXT service_id=54 ]
04-22 11:33:59.639 22073  6656 I chatty  : uid=10156(com.google.android.gms) highpool[332] identical 12 lines
04-22 11:33:59.639 22073  6656 E NearbyConnections: EndpointManager failed to find EndpointChannel over which to write DATA at offset 612 of Payload -9007404025457505713 to endpoint T8u1 [CONTEXT service_id=54 ]
04-22 11:33:59.639 22073 12092 I NearbyConnections: Found WifiLanServiceInfo IlFiSy1bye0AAA (with EndpointId QbK- and EndpointInfo [ 0x31 ]) [CONTEXT service_id=54 ]
04-22 11:33:59.640 22073  6656 E NearbyConnections: EndpointManager failed to find EndpointChannel over which to write DATA at offset 612 of Payload -9007404025457505713 to endpoint T8u1 [CONTEXT service_id=54 ]
04-22 11:33:59.641 22073  6656 I chatty  : uid=10156(com.google.android.gms) highpool[332] identical 8 lines
04-22 11:33:59.642 22073  6656 E NearbyConnections: EndpointManager failed to find EndpointChannel over which to write DATA at offset 612 of Payload -9007404025457505713 to endpoint T8u1 [CONTEXT service_id=54 ]
04-22 11:33:59.642 22073 12092 I NearbyConnections: ClientProxy(244116452) reporting onEndpointFound(QbK-) [CONTEXT service_id=54 ]
04-22 11:33:59.642 22073  6656 E NearbyConnections: EndpointManager failed to find EndpointChannel over which to write DATA at offset 612 of Payload -9007404025457505713 to endpoint T8u1 [CONTEXT service_id=54 ]
04-22 11:33:59.642 22073  6656 I chatty  : uid=10156(com.google.android.gms) highpool[332] identical 1 line
04-22 11:33:59.642 22073  6656 E NearbyConnections: EndpointManager failed to find EndpointChannel over which to write DATA at offset 612 of Payload -9007404025457505713 to endpoint T8u1 [CONTEXT service_id=54 ]
04-22 11:33:59.643 11984 11984 D connectedcrossroad: onEndpointFound: Connecting to QbK-
04-22 11:33:59.643 22073  6656 E NearbyConnections: EndpointManager failed to find EndpointChannel over which to write DATA at offset 612 of Payload -9007404025457505713 to endpoint T8u1 [CONTEXT service_id=54 ]
04-22 11:33:59.643 22073  6656 I chatty  : uid=10156(com.google.android.gms) highpool[332] identical 1 line
04-22 11:33:59.643 22073  6656 E NearbyConnections: EndpointManager failed to find EndpointChannel over which to write DATA at offset 612 of Payload -9007404025457505713 to endpoint T8u1 [CONTEXT service_id=54 ]
04-22 11:33:59.643 22073 12092 I NearbyConnections: ClientProxy(244116452) reporting onEndpointDistanceChanged(QbK-, UNKNOWN) [CONTEXT service_id=54 ]
04-22 11:33:59.643 22073  6656 E NearbyConnections: EndpointManager failed to find EndpointChannel over which to write DATA at offset 612 of Payload -9007404025457505713 to endpoint T8u1 [CONTEXT service_id=54 ]
04-22 11:33:59.674 22073  6656 I chatty  : uid=10156(com.google.android.gms) highpool[332] identical 125 lines
04-22 11:33:59.674 22073  6656 E NearbyConnections: EndpointManager failed to find EndpointChannel over which to write DATA at offset 612 of Payload -9007404025457505713 to endpoint T8u1 [CONTEXT service_id=54 ]
04-22 11:33:59.674  2290  2603 I bt_stack: [INFO:gatt_main.cc(919)] gatt_data_process op_code = 8, msg_len = 6
04-22 11:33:59.674 22073  6656 E NearbyConnections: EndpointManager failed to find EndpointChannel over which to write DATA at offset 612 of Payload -9007404025457505713 to endpoint T8u1 [CONTEXT service_id=54 ]
04-22 11:33:59.689 22073  6656 I chatty  : uid=10156(com.google.android.gms) highpool[332] identical 58 lines
04-22 11:33:59.689 22073  6656 E NearbyConnections: EndpointManager failed to find EndpointChannel over which to write DATA at offset 612 of Payload -9007404025457505713 to endpoint T8u1 [CONTEXT service_id=54 ]
04-22 11:33:59.689  2290  2603 I bt_stack: [INFO:gatt_main.cc(919)] gatt_data_process op_code = 4, msg_len = 4
04-22 11:33:59.689 22073  6656 E NearbyConnections: EndpointManager failed to find EndpointChannel over which to write DATA at offset 612 of Payload -9007404025457505713 to endpoint T8u1 [CONTEXT service_id=54 ]
04-22 11:33:59.704 22073  6656 I chatty  : uid=10156(com.google.android.gms) highpool[332] identical 58 lines
04-22 11:33:59.704 22073  6656 E NearbyConnections: EndpointManager failed to find EndpointChannel over which to write DATA at offset 612 of Payload -9007404025457505713 to endpoint T8u1 [CONTEXT service_id=54 ]
04-22 11:33:59.704  2290  2603 I bt_stack: [INFO:gatt_main.cc(919)] gatt_data_process op_code = 8, msg_len = 6
04-22 11:33:59.704 22073  6656 E NearbyConnections: EndpointManager failed to find EndpointChannel over which to write DATA at offset 612 of Payload -9007404025457505713 to endpoint T8u1 [CONTEXT service_id=54 ]
04-22 11:33:59.704 22073  6656 I .gms.persisten: Starting a blocking GC Alloc
04-22 11:33:59.704 22073  6656 I .gms.persisten: Starting a blocking GC Alloc
04-22 11:33:59.734  2290  2603 I bt_stack: [INFO:gatt_main.cc(919)] gatt_data_process op_code = 8, msg_len = 6
04-22 11:33:59.738 22073 22184 I .gms.persisten: Waiting for a blocking GC Alloc
04-22 11:33:59.757  2290  2603 I bt_stack: [INFO:gatt_main.cc(919)] gatt_data_process op_code = 8, msg_len = 6
04-22 11:33:59.763  2290  2603 I bt_stack: [INFO:gatt_main.cc(919)] gatt_data_process op_code = 11, msg_len = 0
04-22 11:33:59.767 22073 12115 I .gms.persisten: Waiting for a blocking GC Alloc
04-22 11:33:59.802  2290  2603 I bt_stack: [INFO:gatt_main.cc(919)] gatt_data_process op_code = 8, msg_len = 6
04-22 11:33:59.825  2290  2603 I bt_stack: [INFO:gatt_main.cc(919)] gatt_data_process op_code = 8, msg_len = 6
04-22 11:33:59.838 22073  6656 I .gms.persisten: Alloc concurrent copying GC freed 132394(9850KB) AllocSpace objects, 0(0B) LOS objects, 49% free, 10MB/21MB, paused 118us total 133.273ms
04-22 11:33:59.838 22073 22184 I .gms.persisten: WaitForGcToComplete blocked Alloc on HeapTrim for 100.017ms
04-22 11:33:59.838 22073 22184 I .gms.persisten: Starting a blocking GC Alloc
04-22 11:33:59.838 22073  6656 E NearbyConnections: EndpointManager failed to find EndpointChannel over which to write DATA at offset 612 of Payload -9007404025457505713 to endpoint T8u1 [CONTEXT service_id=54 ]
04-22 11:33:59.839 22073  6656 I chatty  : uid=10156(com.google.android.gms) highpool[332] identical 2 lines
04-22 11:33:59.839 22073  6656 E NearbyConnections: EndpointManager failed to find EndpointChannel over which to write DATA at offset 612 of Payload -9007404025457505713 to endpoint T8u1 [CONTEXT service_id=54 ]
04-22 11:33:59.839  2290  2603 I bt_stack: [INFO:gatt_main.cc(919)] gatt_data_process op_code = 8, msg_len = 6
04-22 11:33:59.839 22073  6656 E NearbyConnections: EndpointManager failed to find EndpointChannel over which to write DATA at offset 612 of Payload -9007404025457505713 to endpoint T8u1 [CONTEXT service_id=54 ]
04-22 11:33:59.840 22073  6656 I chatty  : uid=10156(com.google.android.gms) highpool[332] identical 2 lines
04-22 11:33:59.840 22073  6656 E NearbyConnections: EndpointManager failed to find EndpointChannel over which to write DATA at offset 612 of Payload -9007404025457505713 to endpoint T8u1 [CONTEXT service_id=54 ]
04-22 11:33:59.840 22073 12115 I .gms.persisten: WaitForGcToComplete blocked Alloc on HeapTrim for 73.368ms
04-22 11:33:59.840 22073 12115 I .gms.persisten: Starting a blocking GC Alloc
04-22 11:33:59.840 22073  6656 E NearbyConnections: EndpointManager failed to find EndpointChannel over which to write DATA at offset 612 of Payload -9007404025457505713 to endpoint T8u1 [CONTEXT service_id=54 ]
04-22 11:33:59.843 22073  6656 I chatty  : uid=10156(com.google.android.gms) highpool[332] identical 10 lines
04-22 11:33:59.843 22073  6656 E NearbyConnections: EndpointManager failed to find EndpointChannel over which to write DATA at offset 612 of Payload -9007404025457505713 to endpoint T8u1 [CONTEXT service_id=54 ]
04-22 11:33:59.843 22073 22093 D BluetoothSocket: close() this: android.bluetooth.BluetoothSocket@5579529, channel: 4, mSocketIS: android.net.LocalSocketImpl$SocketInputStream@c7330ae, mSocketOS: android.net.LocalSocketImpl$SocketOutputStream@a74ee4fmSocket: null, mSocketState: CLOSED
04-22 11:33:59.843 22073 22093 D BluetoothSocket: close() this: android.bluetooth.BluetoothSocket@507f7ee, channel: -1, mSocketIS: android.net.LocalSocketImpl$SocketInputStream@203448f, mSocketOS: android.net.LocalSocketImpl$SocketOutputStream@fe1f31cmSocket: null, mSocketState: CLOSED
04-22 11:33:59.843 22073  6656 E NearbyConnections: EndpointManager failed to find EndpointChannel over which to write DATA at offset 612 of Payload -9007404025457505713 to endpoint T8u1 [CONTEXT service_id=54 ]
04-22 11:33:59.843 22073 22093 D BluetoothSocket: close() this: android.bluetooth.BluetoothSocket@11e75f5, channel: -1, mSocketIS: android.net.LocalSocketImpl$SocketInputStream@2670f8a, mSocketOS: android.net.LocalSocketImpl$SocketOutputStream@b59d9fbmSocket: null, mSocketState: CLOSED
04-22 11:33:59.844 22073 22093 D BluetoothSocket: close() this: android.bluetooth.BluetoothSocket@bf5fda8, channel: -1, mSocketIS: android.net.LocalSocketImpl$SocketInputStream@2f660c1, mSocketOS: android.net.LocalSocketImpl$SocketOutputStream@aa83066mSocket: null, mSocketState: CLOSED
04-22 11:33:59.844 22073  6656 E NearbyConnections: EndpointManager failed to find EndpointChannel over which to write DATA at offset 612 of Payload -9007404025457505713 to endpoint T8u1 [CONTEXT service_id=54 ]
04-22 11:33:59.844 22073 22093 D BluetoothSocket: close() this: android.bluetooth.BluetoothSocket@6be4756, channel: -1, mSocketIS: android.net.LocalSocketImpl$SocketInputStream@b44c3d7, mSocketOS: android.net.LocalSocketImpl$SocketOutputStream@cedbfadmSocket: null, mSocketState: CLOSED
04-22 11:33:59.844 22073  6656 E NearbyConnections: EndpointManager failed to find EndpointChannel over which to write DATA at offset 612 of Payload -9007404025457505713 to endpoint T8u1 [CONTEXT service_id=54 ]
04-22 11:33:59.844 22073 22093 D BluetoothSocket: close() this: android.bluetooth.BluetoothSocket@5376631, channel: -1, mSocketIS: android.net.LocalSocketImpl$SocketInputStream@8107a97, mSocketOS: android.net.LocalSocketImpl$SocketOutputStream@c286484mSocket: null, mSocketState: CLOSED
04-22 11:33:59.844 22073  6656 E NearbyConnections: EndpointManager failed to find EndpointChannel over which to write DATA at offset 612 of Payload -9007404025457505713 to endpoint T8u1 [CONTEXT service_id=54 ]
04-22 11:33:59.844 22073 22093 D BluetoothSocket: close() this: android.bluetooth.BluetoothSocket@caa43f1, channel: -1, mSocketIS: android.net.LocalSocketImpl$SocketInputStream@2988bd6, mSocketOS: android.net.LocalSocketImpl$SocketOutputStream@1f82d44mSocket: null, mSocketState: CLOSED
04-22 11:33:59.844 22073 22093 D BluetoothSocket: close() this: android.bluetooth.BluetoothSocket@e1b3cc, channel: -1, mSocketIS: android.net.LocalSocketImpl$SocketInputStream@a9e615, mSocketOS: android.net.LocalSocketImpl$SocketOutputStream@5af8d2amSocket: null, mSocketState: CLOSED
04-22 11:33:59.844 22073  6656 E NearbyConnections: EndpointManager failed to find EndpointChannel over which to write DATA at offset 612 of Payload -9007404025457505713 to endpoint T8u1 [CONTEXT service_id=54 ]
04-22 11:33:59.844 22073 22093 D BluetoothSocket: close() this: android.bluetooth.BluetoothSocket@eab224b, channel: -1, mSocketIS: android.net.LocalSocketImpl$SocketInputStream@452a428, mSocketOS: android.net.LocalSocketImpl$SocketOutputStream@4244541mSocket: null, mSocketState: CLOSED
04-22 11:33:59.844 22073 22093 D BluetoothSocket: close() this: android.bluetooth.BluetoothSocket@25d83f5, channel: -1, mSocketIS: android.net.LocalSocketImpl$SocketInputStream@484058a, mSocketOS: android.net.LocalSocketImpl$SocketOutputStream@8a297fbmSocket: null, mSocketState: CLOSED
04-22 11:33:59.845 22073  6656 E NearbyConnections: EndpointManager failed to find EndpointChannel over which to write DATA at offset 612 of Payload -9007404025457505713 to endpoint T8u1 [CONTEXT service_id=54 ]
04-22 11:33:59.891 22073  6656 I chatty  : uid=10156(com.google.android.gms) highpool[332] identical 186 lines
04-22 11:33:59.891 22073  6656 E NearbyConnections: EndpointManager failed to find EndpointChannel over which to write DATA at offset 612 of Payload -9007404025457505713 to endpoint T8u1 [CONTEXT service_id=54 ]
04-22 11:33:59.891  2290  2603 I bt_stack: [INFO:gatt_main.cc(919)] gatt_data_process op_code = 8, msg_len = 6
04-22 11:33:59.891 22073  6656 E NearbyConnections: EndpointManager failed to find EndpointChannel over which to write DATA at offset 612 of Payload -9007404025457505713 to endpoint T8u1 [CONTEXT service_id=54 ]
04-22 11:33:59.908 22073  6656 I chatty  : uid=10156(com.google.android.gms) highpool[332] identical 70 lines
04-22 11:33:59.909 22073  6656 E NearbyConnections: EndpointManager failed to find EndpointChannel over which to write DATA at offset 612 of Payload -9007404025457505713 to endpoint T8u1 [CONTEXT service_id=54 ]
04-22 11:33:59.909  2290  2603 I bt_stack: [INFO:gatt_main.cc(919)] gatt_data_process op_code = 11, msg_len = 0
04-22 11:33:59.909 22073  6656 E NearbyConnections: EndpointManager failed to find EndpointChannel over which to write DATA at offset 612 of Payload -9007404025457505713 to endpoint T8u1 [CONTEXT service_id=54 ]
04-22 11:33:59.913 22073  6656 I chatty  : uid=10156(com.google.android.gms) highpool[332] identical 18 lines
04-22 11:33:59.914 22073  6656 E NearbyConnections: EndpointManager failed to find EndpointChannel over which to write DATA at offset 612 of Payload -9007404025457505713 to endpoint T8u1 [CONTEXT service_id=54 ]
04-22 11:33:59.914  2290  2603 I bt_stack: [INFO:gatt_main.cc(919)] gatt_data_process op_code = 4, msg_len = 4
04-22 11:33:59.914 22073  6656 E NearbyConnections: EndpointManager failed to find EndpointChannel over which to write DATA at offset 612 of Payload -9007404025457505713 to endpoint T8u1 [CONTEXT service_id=54 ]
04-22 11:33:59.951 22073  6656 I chatty  : uid=10156(com.google.android.gms) highpool[332] identical 149 lines
04-22 11:33:59.951 22073  6656 E NearbyConnections: EndpointManager failed to find EndpointChannel over which to write DATA at offset 612 of Payload -9007404025457505713 to endpoint T8u1 [CONTEXT service_id=54 ]
04-22 11:33:59.951  2290  2603 I bt_stack: [INFO:gatt_main.cc(919)] gatt_data_process op_code = 10, msg_len = 2
04-22 11:33:59.951 22073  6656 E NearbyConnections: EndpointManager failed to find EndpointChannel over which to write DATA at offset 612 of Payload -9007404025457505713 to endpoint T8u1 [CONTEXT service_id=54 ]
04-22 11:33:59.957 22073  6656 I chatty  : uid=10156(com.google.android.gms) highpool[332] identical 23 lines
04-22 11:33:59.957 22073  6656 E NearbyConnections: EndpointManager failed to find EndpointChannel over which to write DATA at offset 612 of Payload -9007404025457505713 to endpoint T8u1 [CONTEXT service_id=54 ]
04-22 11:33:59.957  2290  2348 D BtGatt.GattService: onResponseSendCompleted() handle=50
04-22 11:33:59.957 22073  6656 E NearbyConnections: EndpointManager failed to find EndpointChannel over which to write DATA at offset 612 of Payload -9007404025457505713 to endpoint T8u1 [CONTEXT service_id=54 ]
04-22 11:33:59.958  2290  2603 W bt_stack: [WARNING:att_protocol.cc(307)] attribute value too long, to be truncated to 22
04-22 11:33:59.958 22073  6656 E NearbyConnections: EndpointManager failed to find EndpointChannel over which to write DATA at offset 612 of Payload -9007404025457505713 to endpoint T8u1 [CONTEXT service_id=54 ]
04-22 11:33:59.981 22073  6656 I chatty  : uid=10156(com.google.android.gms) highpool[332] identical 90 lines
04-22 11:33:59.982 22073  6656 E NearbyConnections: EndpointManager failed to find EndpointChannel over which to write DATA at offset 612 of Payload -9007404025457505713 to endpoint T8u1 [CONTEXT service_id=54 ]
04-22 11:33:59.982  2290  2603 I bt_stack: [INFO:gatt_main.cc(919)] gatt_data_process op_code = 12, msg_len = 4
04-22 11:33:59.982 22073  6656 E NearbyConnections: EndpointManager failed to find EndpointChannel over which to write DATA at offset 612 of Payload -9007404025457505713 to endpoint T8u1 [CONTEXT service_id=54 ]
04-22 11:33:59.984 22073  6656 I chatty  : uid=10156(com.google.android.gms) highpool[332] identical 7 lines
04-22 11:33:59.984 22073  6656 E NearbyConnections: EndpointManager failed to find EndpointChannel over which to write DATA at offset 612 of Payload -9007404025457505713 to endpoint T8u1 [CONTEXT service_id=54 ]
04-22 11:33:59.984  2290  2348 D BtGatt.GattService: onResponseSendCompleted() handle=50
04-22 11:33:59.984 22073  6656 E NearbyConnections: EndpointManager failed to find EndpointChannel over which to write DATA at offset 612 of Payload -9007404025457505713 to endpoint T8u1 [CONTEXT service_id=54 ]
04-22 11:34:00.003 22073  6656 I chatty  : uid=10156(com.google.android.gms) highpool[332] identical 79 lines
04-22 11:34:00.004 22073  6656 E NearbyConnections: EndpointManager failed to find EndpointChannel over which to write DATA at offset 612 of Payload -9007404025457505713 to endpoint T8u1 [CONTEXT service_id=54 ]
04-22 11:34:00.004  2290  2603 I bt_stack: [INFO:gatt_main.cc(919)] gatt_data_process op_code = 10, msg_len = 2
04-22 11:34:00.004 22073  6656 E NearbyConnections: EndpointManager failed to find EndpointChannel over which to write DATA at offset 612 of Payload -9007404025457505713 to endpoint T8u1 [CONTEXT service_id=54 ]
04-22 11:34:00.007 22073  6656 I chatty  : uid=10156(com.google.android.gms) highpool[332] identical 11 lines
04-22 11:34:00.007 22073  6656 E NearbyConnections: EndpointManager failed to find EndpointChannel over which to write DATA at offset 612 of Payload -9007404025457505713 to endpoint T8u1 [CONTEXT service_id=54 ]
04-22 11:34:00.007  2290  2348 D BtGatt.GattService: onResponseSendCompleted() handle=54
04-22 11:34:00.007 22073  6656 E NearbyConnections: EndpointManager failed to find EndpointChannel over which to write DATA at offset 612 of Payload -9007404025457505713 to endpoint T8u1 [CONTEXT service_id=54 ]
04-22 11:34:00.011 22073  6656 I chatty  : uid=10156(com.google.android.gms) highpool[332] identical 17 lines
04-22 11:34:00.012 22073  6656 E NearbyConnections: EndpointManager failed to find EndpointChannel over which to write DATA at offset 612 of Payload -9007404025457505713 to endpoint T8u1 [CONTEXT service_id=54 ]
04-22 11:34:00.012  2290  2348 D BtGatt.GattService: onServerConnUpdate() - connId=520, status=0
04-22 11:34:00.012 22073  6656 E NearbyConnections: EndpointManager failed to find EndpointChannel over which to write DATA at offset 612 of Payload -9007404025457505713 to endpoint T8u1 [CONTEXT service_id=54 ]
04-22 11:34:00.012 22073  6656 E NearbyConnections: EndpointManager failed to find EndpointChannel over which to write DATA at offset 612 of Payload -9007404025457505713 to endpoint T8u1 [CONTEXT service_id=54 ]
04-22 11:34:00.012  2290  2348 D BtGatt.GattService: onServerConnUpdate() - connId=521, status=0
04-22 11:34:00.012 22073  6656 E NearbyConnections: EndpointManager failed to find EndpointChannel over which to write DATA at offset 612 of Payload -9007404025457505713 to endpoint T8u1 [CONTEXT service_id=54 ]
04-22 11:34:00.013  2290  2348 D BtGatt.GattService: onClientConnUpdate() - connId=522, status=0
04-22 11:34:00.013 22073  6656 E NearbyConnections: EndpointManager failed to find EndpointChannel over which to write DATA at offset 612 of Payload -9007404025457505713 to endpoint T8u1 [CONTEXT service_id=54 ]
04-22 11:34:00.013 22073 22326 D BluetoothGattServer: onConnectionUpdated() - Device=5D:D3:D6:E0:CE:1D interval=39 latency=0 timeout=500 status=0
04-22 11:34:00.013 22073 22197 D BluetoothGattServer: onConnectionUpdated() - Device=5D:D3:D6:E0:CE:1D interval=39 latency=0 timeout=500 status=0
04-22 11:34:00.013 22073  6656 E NearbyConnections: EndpointManager failed to find EndpointChannel over which to write DATA at offset 612 of Payload -9007404025457505713 to endpoint T8u1 [CONTEXT service_id=54 ]
04-22 11:34:00.022 22073  6656 I chatty  : uid=10156(com.google.android.gms) highpool[332] identical 35 lines
04-22 11:34:00.022 22073  6656 E NearbyConnections: EndpointManager failed to find EndpointChannel over which to write DATA at offset 612 of Payload -9007404025457505713 to endpoint T8u1 [CONTEXT service_id=54 ]
04-22 11:34:00.022  2308  2308 W View    : requestLayout() improperly called by com.android.systemui.statusbar.HeadsUpStatusBarView{53e8307 I.E...... ......ID 0,0-248,56 #7f0a01f7 app:id/heads_up_status_bar_view} during layout: running second layout pass
04-22 11:34:00.022 22073  6656 E NearbyConnections: EndpointManager failed to find EndpointChannel over which to write DATA at offset 612 of Payload -9007404025457505713 to endpoint T8u1 [CONTEXT service_id=54 ]
04-22 11:34:00.153 22073  6656 I chatty  : uid=10156(com.google.android.gms) highpool[332] identical 523 lines
04-22 11:34:00.153 22073  6656 E NearbyConnections: EndpointManager failed to find EndpointChannel over which to write DATA at offset 612 of Payload -9007404025457505713 to endpoint T8u1 [CONTEXT service_id=54 ]
04-22 11:34:00.153  2290  2603 I bt_stack: [INFO:gatt_main.cc(919)] gatt_data_process op_code = 11, msg_len = 0
04-22 11:34:00.153 22073  6656 E NearbyConnections: EndpointManager failed to find EndpointChannel over which to write DATA at offset 612 of Payload -9007404025457505713 to endpoint T8u1 [CONTEXT service_id=54 ]
04-22 11:34:00.245 22073  6656 I chatty  : uid=10156(com.google.android.gms) highpool[332] identical 301 lines
04-22 11:34:00.246 22073  6656 E NearbyConnections: EndpointManager failed to find EndpointChannel over which to write DATA at offset 612 of Payload -9007404025457505713 to endpoint T8u1 [CONTEXT service_id=54 ]
04-22 11:34:00.246 22073 12092 I NearbyMediums: Wifi LAN discovered service at 192.168.1.67 [CONTEXT service_id=54 ]
04-22 11:34:00.246 22073 12092 I NearbyMediums: Found service Ii1hSUpbye0AAA on Wifi LAN. [CONTEXT service_id=54 ]
04-22 11:34:00.246 22073  6656 E NearbyConnections: EndpointManager failed to find EndpointChannel over which to write DATA at offset 612 of Payload -9007404025457505713 to endpoint T8u1 [CONTEXT service_id=54 ]
04-22 11:34:00.247 22073  6656 I chatty  : uid=10156(com.google.android.gms) highpool[332] identical 5 lines
04-22 11:34:00.248 22073  6656 E NearbyConnections: EndpointManager failed to find EndpointChannel over which to write DATA at offset 612 of Payload -9007404025457505713 to endpoint T8u1 [CONTEXT service_id=54 ]
04-22 11:34:00.248 22073 11813 I NearbyConnections: Found WifiLanServiceInfo Ii1hSUpbye0AAA (with EndpointId -aIJ and EndpointInfo [ 0x34 ]) [CONTEXT service_id=54 ]
04-22 11:34:00.248 22073  6656 E NearbyConnections: EndpointManager failed to find EndpointChannel over which to write DATA at offset 612 of Payload -9007404025457505713 to endpoint T8u1 [CONTEXT service_id=54 ]
04-22 11:34:00.249 22073  6656 I chatty  : uid=10156(com.google.android.gms) highpool[332] identical 4 lines
04-22 11:34:00.250 22073  6656 E NearbyConnections: EndpointManager failed to find EndpointChannel over which to write DATA at offset 612 of Payload -9007404025457505713 to endpoint T8u1 [CONTEXT service_id=54 ]
04-22 11:34:00.250 22073 12092 I NearbyMediums: Wifi LAN discovered service at 192.168.1.67 [CONTEXT service_id=54 ]
04-22 11:34:00.250 22073 11813 I NearbyConnections: ClientProxy(244116452) ignoring onEndpointDistanceChanged(-aIJ, UNKNOWN), because this distance has already been reported [CONTEXT service_id=54 ]
04-22 11:34:00.250 22073  6656 E NearbyConnections: EndpointManager failed to find EndpointChannel over which to write DATA at offset 612 of Payload -9007404025457505713 to endpoint T8u1 [CONTEXT service_id=54 ]
04-22 11:34:00.250 22073 12092 I NearbyMediums: Found service Ii1hSUpbye0AAA on Wifi LAN. [CONTEXT service_id=54 ]
04-22 11:34:00.250 22073  6656 E NearbyConnections: EndpointManager failed to find EndpointChannel over which to write DATA at offset 612 of Payload -9007404025457505713 to endpoint T8u1 [CONTEXT service_id=54 ]
04-22 11:34:00.254 22073  6656 I chatty  : uid=10156(com.google.android.gms) highpool[332] identical 11 lines
04-22 11:34:00.254 22073  6656 E NearbyConnections: EndpointManager failed to find EndpointChannel over which to write DATA at offset 612 of Payload -9007404025457505713 to endpoint T8u1 [CONTEXT service_id=54 ]
04-22 11:34:00.254 22073 11813 I NearbyConnections: Found WifiLanServiceInfo Ii1hSUpbye0AAA (with EndpointId -aIJ and EndpointInfo [ 0x34 ]) [CONTEXT service_id=54 ]
04-22 11:34:00.255 22073  6656 E NearbyConnections: EndpointManager failed to find EndpointChannel over which to write DATA at offset 612 of Payload -9007404025457505713 to endpoint T8u1 [CONTEXT service_id=54 ]
04-22 11:34:00.256 22073  6656 I chatty  : uid=10156(com.google.android.gms) highpool[332] identical 3 lines
04-22 11:34:00.256 22073  6656 E NearbyConnections: EndpointManager failed to find EndpointChannel over which to write DATA at offset 612 of Payload -9007404025457505713 to endpoint T8u1 [CONTEXT service_id=54 ]
04-22 11:34:00.256 22073 11813 I NearbyConnections: ClientProxy(244116452) ignoring onEndpointDistanceChanged(-aIJ, UNKNOWN), because this distance has already been reported [CONTEXT service_id=54 ]
04-22 11:34:00.256 22073  6656 E NearbyConnections: EndpointManager failed to find EndpointChannel over which to write DATA at offset 612 of Payload -9007404025457505713 to endpoint T8u1 [CONTEXT service_id=54 ]
04-22 11:34:00.299 22073  6656 I chatty  : uid=10156(com.google.android.gms) highpool[332] identical 136 lines
04-22 11:34:00.299 22073  6656 E NearbyConnections: EndpointManager failed to find EndpointChannel over which to write DATA at offset 612 of Payload -9007404025457505713 to endpoint T8u1 [CONTEXT service_id=54 ]
04-22 11:34:00.299  2290  2603 I bt_stack: [INFO:gatt_main.cc(919)] gatt_data_process op_code = 11, msg_len = 0
04-22 11:34:00.299 22073  6656 E NearbyConnections: EndpointManager failed to find EndpointChannel over which to write DATA at offset 612 of Payload -9007404025457505713 to endpoint T8u1 [CONTEXT service_id=54 ]
04-22 11:34:00.300 22073  6656 I chatty  : uid=10156(com.google.android.gms) highpool[332] identical 4 lines
04-22 11:34:00.301 22073  6656 E NearbyConnections: EndpointManager failed to find EndpointChannel over which to write DATA at offset 612 of Payload -9007404025457505713 to endpoint T8u1 [CONTEXT service_id=54 ]
04-22 11:34:00.301 22073 12115 D BluetoothGatt: cancelOpen() - device: 5F:BE:E5:C8:49:5D
04-22 11:34:00.301 22073  6656 E NearbyConnections: EndpointManager failed to find EndpointChannel over which to write DATA at offset 612 of Payload -9007404025457505713 to endpoint T8u1 [CONTEXT service_id=54 ]
04-22 11:34:00.301 22073  6656 I chatty  : uid=10156(com.google.android.gms) highpool[332] identical 2 lines
04-22 11:34:00.302 22073  6656 E NearbyConnections: EndpointManager failed to find EndpointChannel over which to write DATA at offset 612 of Payload -9007404025457505713 to endpoint T8u1 [CONTEXT service_id=54 ]
04-22 11:34:00.302  2290  2307 D BtGatt.GattService: clientDisconnect() - address=5F:BE:E5:C8:49:5D, connId=266
04-22 11:34:00.302 22073  6656 E NearbyConnections: EndpointManager failed to find EndpointChannel over which to write DATA at offset 612 of Payload -9007404025457505713 to endpoint T8u1 [CONTEXT service_id=54 ]
04-22 11:34:00.302 22073  6656 I chatty  : uid=10156(com.google.android.gms) highpool[332] identical 1 line
04-22 11:34:00.302 22073  6656 E NearbyConnections: EndpointManager failed to find EndpointChannel over which to write DATA at offset 612 of Payload -9007404025457505713 to endpoint T8u1 [CONTEXT service_id=54 ]
04-22 11:34:00.302  2290  2603 I bt_stack: [INFO:gatt_api.cc(1237)] GATT_Disconnect conn_id=0x010a
04-22 11:34:00.303 22073  6656 E NearbyConnections: EndpointManager failed to find EndpointChannel over which to write DATA at offset 612 of Payload -9007404025457505713 to endpoint T8u1 [CONTEXT service_id=54 ]
04-22 11:34:00.303  2290  2603 E bt_stack: [ERROR:bta_gattc_utils.cc(458)] bta_gattc_mark_bg_conn unable to find the bg connection mask for bd_addr=5f:be:e5:c8:49:5d
04-22 11:34:00.303 22073  6656 E NearbyConnections: EndpointManager failed to find EndpointChannel over which to write DATA at offset 612 of Payload -9007404025457505713 to endpoint T8u1 [CONTEXT service_id=54 ]
04-22 11:34:00.303  2290  2348 D BtGatt.GattService: onDisconnected() - clientIf=10, connId=266, address=5F:BE:E5:C8:49:5D
04-22 11:34:00.303 22073  6656 E NearbyConnections: EndpointManager failed to find EndpointChannel over which to write DATA at offset 612 of Payload -9007404025457505713 to endpoint T8u1 [CONTEXT service_id=54 ]
04-22 11:34:00.303 22073  6656 I chatty  : uid=10156(com.google.android.gms) highpool[332] identical 2 lines
04-22 11:34:00.304 22073  6656 E NearbyConnections: EndpointManager failed to find EndpointChannel over which to write DATA at offset 612 of Payload -9007404025457505713 to endpoint T8u1 [CONTEXT service_id=54 ]
04-22 11:34:00.304 22073 22197 D BluetoothGatt: onClientConnectionState() - status=0 clientIf=10 device=5F:BE:E5:C8:49:5D
04-22 11:34:00.304 22073  6656 E NearbyConnections: EndpointManager failed to find EndpointChannel over which to write DATA at offset 612 of Payload -9007404025457505713 to endpoint T8u1 [CONTEXT service_id=54 ]
04-22 11:34:00.304 22073 22197 D BluetoothGatt: close()
04-22 11:34:00.304 22073 22197 D BluetoothGatt: unregisterApp() - mClientIf=10
04-22 11:34:00.304 22073  6656 E NearbyConnections: EndpointManager failed to find EndpointChannel over which to write DATA at offset 612 of Payload -9007404025457505713 to endpoint T8u1 [CONTEXT service_id=54 ]
04-22 11:34:00.305 22073  6656 I chatty  : uid=10156(com.google.android.gms) highpool[332] identical 2 lines
04-22 11:34:00.305 22073  6656 E NearbyConnections: EndpointManager failed to find EndpointChannel over which to write DATA at offset 612 of Payload -9007404025457505713 to endpoint T8u1 [CONTEXT service_id=54 ]
04-22 11:34:00.305  2290  2307 D BtGatt.GattService: unregisterClient() - clientIf=10
04-22 11:34:00.305 22073  6656 E NearbyConnections: EndpointManager failed to find EndpointChannel over which to write DATA at offset 612 of Payload -9007404025457505713 to endpoint T8u1 [CONTEXT service_id=54 ]
04-22 11:34:00.305  2290 12161 D BluetoothMetrics: btclass1f00
04-22 11:34:00.305 22073  6656 E NearbyConnections: EndpointManager failed to find EndpointChannel over which to write DATA at offset 612 of Payload -9007404025457505713 to endpoint T8u1 [CONTEXT service_id=54 ]
04-22 11:34:00.306 22073  6656 I chatty  : uid=10156(com.google.android.gms) highpool[332] identical 1 line
04-22 11:34:00.306 22073  6656 E NearbyConnections: EndpointManager failed to find EndpointChannel over which to write DATA at offset 612 of Payload -9007404025457505713 to endpoint T8u1 [CONTEXT service_id=54 ]
04-22 11:34:00.306 22073 12115 D BluetoothGatt: close()
04-22 11:34:00.306 22073  6656 E NearbyConnections: EndpointManager failed to find EndpointChannel over which to write DATA at offset 612 of Payload -9007404025457505713 to endpoint T8u1 [CONTEXT service_id=54 ]
04-22 11:34:00.306 22073 12115 D BluetoothGatt: unregisterApp() - mClientIf=0
04-22 11:34:00.306 22073  6656 E NearbyConnections: EndpointManager failed to find EndpointChannel over which to write DATA at offset 612 of Payload -9007404025457505713 to endpoint T8u1 [CONTEXT service_id=54 ]
04-22 11:34:00.307 22073  6656 E NearbyConnections: EndpointManager failed to find EndpointChannel over which to write DATA at offset 612 of Payload -9007404025457505713 to endpoint T8u1 [CONTEXT service_id=54 ]
04-22 11:34:00.307  2290 12161 E BluetoothMetrics: CheckinEvent exception: java.lang.NullPointerException: Attempt to invoke interface method 'java.lang.String java.lang.CharSequence.toString()' on a null object reference
04-22 11:34:00.307 22073  6656 E NearbyConnections: EndpointManager failed to find EndpointChannel over which to write DATA at offset 612 of Payload -9007404025457505713 to endpoint T8u1 [CONTEXT service_id=54 ]
04-22 11:34:00.307 22073  6656 I chatty  : uid=10156(com.google.android.gms) highpool[332] identical 2 lines
04-22 11:34:00.308 22073  6656 E NearbyConnections: EndpointManager failed to find EndpointChannel over which to write DATA at offset 612 of Payload -9007404025457505713 to endpoint T8u1 [CONTEXT service_id=54 ]
04-22 11:34:00.308 22073 12115 D BluetoothAdapter: isLeEnabled(): ON
04-22 11:34:00.308 22073  6656 E NearbyConnections: EndpointManager failed to find EndpointChannel over which to write DATA at offset 612 of Payload -9007404025457505713 to endpoint T8u1 [CONTEXT service_id=54 ]
04-22 11:34:00.308 22073  6656 I chatty  : uid=10156(com.google.android.gms) highpool[332] identical 2 lines
04-22 11:34:00.309 22073  6656 E NearbyConnections: EndpointManager failed to find EndpointChannel over which to write DATA at offset 612 of Payload -9007404025457505713 to endpoint T8u1 [CONTEXT service_id=54 ]
04-22 11:34:00.309  2290  2315 D BtGatt.GattService: stopScan() - queue size =3
04-22 11:34:00.309 22073  6656 E NearbyConnections: EndpointManager failed to find EndpointChannel over which to write DATA at offset 612 of Payload -9007404025457505713 to endpoint T8u1 [CONTEXT service_id=54 ]
04-22 11:34:00.311 22073  6656 I chatty  : uid=10156(com.google.android.gms) highpool[332] identical 7 lines
04-22 11:34:00.311 22073  6656 E NearbyConnections: EndpointManager failed to find EndpointChannel over which to write DATA at offset 612 of Payload -9007404025457505713 to endpoint T8u1 [CONTEXT service_id=54 ]
04-22 11:34:00.311  2290  2575 I BtGatt.ScanManager: msg.what = 1
04-22 11:34:00.311 22073  6656 E NearbyConnections: EndpointManager failed to find EndpointChannel over which to write DATA at offset 612 of Payload -9007404025457505713 to endpoint T8u1 [CONTEXT service_id=54 ]
04-22 11:34:00.311 22073  6656 I chatty  : uid=10156(com.google.android.gms) highpool[332] identical 2 lines
04-22 11:34:00.312 22073  6656 E NearbyConnections: EndpointManager failed to find EndpointChannel over which to write DATA at offset 612 of Payload -9007404025457505713 to endpoint T8u1 [CONTEXT service_id=54 ]
04-22 11:34:00.312  2290  2307 D BtGatt.GattService: unregisterScanner() - scannerId=5
04-22 11:34:00.312 22073  6656 E NearbyConnections: EndpointManager failed to find EndpointChannel over which to write DATA at offset 612 of Payload -9007404025457505713 to endpoint T8u1 [CONTEXT service_id=54 ]
04-22 11:34:00.312 22073  6656 I chatty  : uid=10156(com.google.android.gms) highpool[332] identical 1 line
04-22 11:34:00.312 22073  6656 E NearbyConnections: EndpointManager failed to find EndpointChannel over which to write DATA at offset 612 of Payload -9007404025457505713 to endpoint T8u1 [CONTEXT service_id=54 ]
04-22 11:34:00.313 22073 12115 I Nearby  : M hardware scan: 5 filters, scanMode= 2, callback type= 1, workSource = WorkSource{10217 com.google.location.nearby.apps.connectedcrossroad} [CONTEXT service_id=49 ]
04-22 11:34:00.313 22073  6656 E NearbyConnections: EndpointManager failed to find EndpointChannel over which to write DATA at offset 612 of Payload -9007404025457505713 to endpoint T8u1 [CONTEXT service_id=54 ]
04-22 11:34:00.313 22073  6656 I chatty  : uid=10156(com.google.android.gms) highpool[332] identical 3 lines
04-22 11:34:00.314 22073  6656 E NearbyConnections: EndpointManager failed to find EndpointChannel over which to write DATA at offset 612 of Payload -9007404025457505713 to endpoint T8u1 [CONTEXT service_id=54 ]
04-22 11:34:00.314 22073 12115 D BluetoothAdapter: isLeEnabled(): ON
04-22 11:34:00.314 22073  6656 E NearbyConnections: EndpointManager failed to find EndpointChannel over which to write DATA at offset 612 of Payload -9007404025457505713 to endpoint T8u1 [CONTEXT service_id=54 ]
04-22 11:34:00.316 22073  6656 I chatty  : uid=10156(com.google.android.gms) highpool[332] identical 10 lines
04-22 11:34:00.317 22073  6656 E NearbyConnections: EndpointManager failed to find EndpointChannel over which to write DATA at offset 612 of Payload -9007404025457505713 to endpoint T8u1 [CONTEXT service_id=54 ]
04-22 11:34:00.317  2290  2315 D BtGatt.GattService: registerScanner() - UUID=2975b5e3-9b00-4efc-a105-72b33bbfbcc7
04-22 11:34:00.318 22073  6656 E NearbyConnections: EndpointManager failed to find EndpointChannel over which to write DATA at offset 612 of Payload -9007404025457505713 to endpoint T8u1 [CONTEXT service_id=54 ]
04-22 11:34:00.319 22073  6656 E NearbyConnections: EndpointManager failed to find EndpointChannel over which to write DATA at offset 612 of Payload -9007404025457505713 to endpoint T8u1 [CONTEXT service_id=54 ]
04-22 11:34:00.319  2290  2603 I bt_stack: [INFO:gatt_api.cc(950)] GATT_Register 4e06e4c9-76b6-2f1c-370d-ef50fe98cdb5
04-22 11:34:00.319  2290  2603 I bt_stack: [INFO:gatt_api.cc(970)] allocated gatt_if=5
04-22 11:34:00.319 22073  6656 E NearbyConnections: EndpointManager failed to find EndpointChannel over which to write DATA at offset 612 of Payload -9007404025457505713 to endpoint T8u1 [CONTEXT service_id=54 ]
04-22 11:34:00.319  2290  2348 D BtGatt.GattService: onScannerRegistered() - UUID=2975b5e3-9b00-4efc-a105-72b33bbfbcc7, scannerId=5, status=0
04-22 11:34:00.320 22073  6656 E NearbyConnections: EndpointManager failed to find EndpointChannel over which to write DATA at offset 612 of Payload -9007404025457505713 to endpoint T8u1 [CONTEXT service_id=54 ]
04-22 11:34:00.320 22073  6656 E NearbyConnections: EndpointManager failed to find EndpointChannel over which to write DATA at offset 612 of Payload -9007404025457505713 to endpoint T8u1 [CONTEXT service_id=54 ]
04-22 11:34:00.320 22073 22197 D BluetoothLeScanner: onScannerRegistered() - status=0 scannerId=5 mScannerId=0
04-22 11:34:00.320 22073  6656 E NearbyConnections: EndpointManager failed to find EndpointChannel over which to write DATA at offset 612 of Payload -9007404025457505713 to endpoint T8u1 [CONTEXT service_id=54 ]
04-22 11:34:00.320 22073  6656 E NearbyConnections: EndpointManager failed to find EndpointChannel over which to write DATA at offset 612 of Payload -9007404025457505713 to endpoint T8u1 [CONTEXT service_id=54 ]
04-22 11:34:00.321  2290  2315 D BtGatt.GattService: start scan with filters. callingPackage: com.google.android.gms
04-22 11:34:00.321 22073  6656 E NearbyConnections: EndpointManager failed to find EndpointChannel over which to write DATA at offset 612 of Payload -9007404025457505713 to endpoint T8u1 [CONTEXT service_id=54 ]
04-22 11:34:00.327 22073  6656 I chatty  : uid=10156(com.google.android.gms) highpool[332] identical 27 lines
04-22 11:34:00.327 22073  6656 E NearbyConnections: EndpointManager failed to find EndpointChannel over which to write DATA at offset 612 of Payload -9007404025457505713 to endpoint T8u1 [CONTEXT service_id=54 ]
04-22 11:34:00.328  2290  2575 I BtGatt.ScanManager: msg.what = 0
04-22 11:34:00.328 22073  6656 E NearbyConnections: EndpointManager failed to find EndpointChannel over which to write DATA at offset 612 of Payload -9007404025457505713 to endpoint T8u1 [CONTEXT service_id=54 ]
04-22 11:34:00.328 22073  6656 I chatty  : uid=10156(com.google.android.gms) highpool[332] identical 1 line
04-22 11:34:00.328 22073  6656 E NearbyConnections: EndpointManager failed to find EndpointChannel over which to write DATA at offset 612 of Payload -9007404025457505713 to endpoint T8u1 [CONTEXT service_id=54 ]
04-22 11:34:00.328  2290  2575 D BtGatt.ScanManager: handling starting scan
04-22 11:34:00.328 22073  6656 E NearbyConnections: EndpointManager failed to find EndpointChannel over which to write DATA at offset 612 of Payload -9007404025457505713 to endpoint T8u1 [CONTEXT service_id=54 ]
04-22 11:34:00.330 22073  6656 I chatty  : uid=10156(com.google.android.gms) highpool[332] identical 7 lines
04-22 11:34:00.330 22073  6656 E NearbyConnections: EndpointManager failed to find EndpointChannel over which to write DATA at offset 612 of Payload -9007404025457505713 to endpoint T8u1 [CONTEXT service_id=54 ]
04-22 11:34:00.331  2290  2575 D BtGatt.ScanManager: isAptXLowLatencyModeEnabled: false
04-22 11:34:00.331 22073  6656 E NearbyConnections: EndpointManager failed to find EndpointChannel over which to write DATA at offset 612 of Payload -9007404025457505713 to endpoint T8u1 [CONTEXT service_id=54 ]
04-22 11:34:00.334 22073  6656 I chatty  : uid=10156(com.google.android.gms) highpool[332] identical 13 lines
04-22 11:34:00.334 22073  6656 E NearbyConnections: EndpointManager failed to find EndpointChannel over which to write DATA at offset 612 of Payload -9007404025457505713 to endpoint T8u1 [CONTEXT service_id=54 ]
04-22 11:34:00.334  2290  2348 D BtGatt.GattService: onScanFilterEnableDisabled() - clientIf=5, status=0, action=1
04-22 11:34:00.334  2290  2348 D BtGatt.ScanManager: callback done for scannerId - 5 status - 0
04-22 11:34:00.334 22073  6656 E NearbyConnections: EndpointManager failed to find EndpointChannel over which to write DATA at offset 612 of Payload -9007404025457505713 to endpoint T8u1 [CONTEXT service_id=54 ]
04-22 11:34:00.334  2290  2575 D BtGatt.ScanManager: Available Filter size: 12
04-22 11:34:00.334  2290  2307 D BluetoothAdapterService: startDiscovery
04-22 11:34:00.335 22073  6656 E NearbyConnections: EndpointManager failed to find EndpointChannel over which to write DATA at offset 612 of Payload -9007404025457505713 to endpoint T8u1 [CONTEXT service_id=54 ]
04-22 11:34:00.335 22073  6656 I chatty  : uid=10156(com.google.android.gms) highpool[332] identical 3 lines
04-22 11:34:00.335 22073  6656 E NearbyConnections: EndpointManager failed to find EndpointChannel over which to write DATA at offset 612 of Payload -9007404025457505713 to endpoint T8u1 [CONTEXT service_id=54 ]
04-22 11:34:00.335  2290  2348 D BtGatt.GattService: onScanFilterConfig() - clientIf=5, action = 0 status = 0, filterType=0, availableSpace=0
04-22 11:34:00.336  2290  2348 D BtGatt.ScanManager: callback done for scannerId - 5 status - 0
04-22 11:34:00.336 22073  6656 E NearbyConnections: EndpointManager failed to find EndpointChannel over which to write DATA at offset 612 of Payload -9007404025457505713 to endpoint T8u1 [CONTEXT service_id=54 ]
04-22 11:34:00.336  2290  2575 D BtGatt.ScanManager: configureFilterParamter 500 10000 1 0, deliveryMode=0
04-22 11:34:00.336 22073  6656 E NearbyConnections: EndpointManager failed to find EndpointChannel over which to write DATA at offset 612 of Payload -9007404025457505713 to endpoint T8u1 [CONTEXT service_id=54 ]
04-22 11:34:00.338 22073  6656 I chatty  : uid=10156(com.google.android.gms) highpool[332] identical 7 lines
04-22 11:34:00.338 22073  6656 E NearbyConnections: EndpointManager failed to find EndpointChannel over which to write DATA at offset 612 of Payload -9007404025457505713 to endpoint T8u1 [CONTEXT service_id=54 ]
04-22 11:34:00.338  2290  2348 D BtGatt.GattService: onScanFilterParamsConfigured() - clientIf=5, status=0, action=0, availableSpace=14
04-22 11:34:00.338  2290  2348 D BtGatt.ScanManager: callback done for scannerId - 5 status - 0
04-22 11:34:00.338 22073  6656 E NearbyConnections: EndpointManager failed to find EndpointChannel over which to write DATA at offset 612 of Payload -9007404025457505713 to endpoint T8u1 [CONTEXT service_id=54 ]
04-22 11:34:00.338 22073  6656 I chatty  : uid=10156(com.google.android.gms) highpool[332] identical 1 line
04-22 11:34:00.339 22073  6656 E NearbyConnections: EndpointManager failed to find EndpointChannel over which to write DATA at offset 612 of Payload -9007404025457505713 to endpoint T8u1 [CONTEXT service_id=54 ]
04-22 11:34:00.339  2290  2603 I bt_stack: [INFO:btm_ble_adv_filter.cc(693)] BTM_LE_PF_set UUID MASK is empty 
