04-22 11:34:00.339 22073  6656 E NearbyConnections: EndpointManager failed to find EndpointChannel over which to write DATA at offset 612 of Payload -9007404025457505713 to endpoint T8u1 [CONTEXT service_id=54 ]
04-22 11:34:00.339 22073  6656 E NearbyConnections: EndpointManager failed to find EndpointChannel over which to write DATA at offset 612 of Payload -9007404025457505713 to endpoint T8u1 [CONTEXT service_id=54 ]
04-22 11:34:00.339  2290  2348 D BtGatt.GattService: onScanFilterConfig() - clientIf=5, action = 0 status = 0, filterType=0, availableSpace=0
04-22 11:34:00.339 22073  6656 E NearbyConnections: EndpointManager failed to find EndpointChannel over which to write DATA at offset 612 of Payload -9007404025457505713 to endpoint T8u1 [CONTEXT service_id=54 ]
04-22 11:34:00.339  2290  2348 D BtGatt.ScanManager: callback done for scannerId - 5 status - 0
04-22 11:34:00.340  2290  2575 D BtGatt.ScanManager: configureFilterParamter 500 10000 1 0, deliveryMode=0
04-22 11:34:00.340 22073  6656 E NearbyConnections: EndpointManager failed to find EndpointChannel over which to write DATA at offset 612 of Payload -9007404025457505713 to endpoint T8u1 [CONTEXT service_id=54 ]
04-22 11:34:00.340 22073  6656 I chatty  : uid=10156(com.google.android.gms) highpool[332] identical 2 lines
04-22 11:34:00.340 22073  6656 E NearbyConnections: EndpointManager failed to find EndpointChannel over which to write DATA at offset 612 of Payload -9007404025457505713 to endpoint T8u1 [CONTEXT service_id=54 ]
04-22 11:34:00.340 22073 12115 I NearbyMediums: Unable to parse raw GATT advertisement [ ] [CONTEXT service_id=54 ]
04-22 11:34:00.341 22073  6656 E NearbyConnections: EndpointManager failed to find EndpointChannel over which to write DATA at offset 612 of Payload -9007404025457505713 to endpoint T8u1 [CONTEXT service_id=54 ]
04-22 11:34:00.341 22073 12115 I NearbyMediums: Unable to parse raw GATT advertisement [ ] [CONTEXT service_id=54 ]
04-22 11:34:00.341 22073 12115 I NearbyMediums: Unable to parse raw GATT advertisement [ ] [CONTEXT service_id=54 ]
04-22 11:34:00.341  2290  2603 W bt_btif : bta_dm_check_av:0
04-22 11:34:00.341 22073  6656 E NearbyConnections: EndpointManager failed to find EndpointChannel over which to write DATA at offset 612 of Payload -9007404025457505713 to endpoint T8u1 [CONTEXT service_id=54 ]
04-22 11:34:00.341 22073 12115 I NearbyMediums: Unable to parse raw GATT advertisement [ ] [CONTEXT service_id=54 ]
04-22 11:34:00.341 22073  6656 E NearbyConnections: EndpointManager failed to find EndpointChannel over which to write DATA at offset 612 of Payload -9007404025457505713 to endpoint T8u1 [CONTEXT service_id=54 ]
04-22 11:34:00.342 22073  6656 I chatty  : uid=10156(com.google.android.gms) highpool[332] identical 4 lines
04-22 11:34:00.342 22073  6656 E NearbyConnections: EndpointManager failed to find EndpointChannel over which to write DATA at offset 612 of Payload -9007404025457505713 to endpoint T8u1 [CONTEXT service_id=54 ]
04-22 11:34:00.342 22073 12115 I NearbyMediums: Matched service ID connectedcrossroad to GATT advertisement BleAdvertisement { version=2, socketVersion=2, serviceIdHash=[ 0x5b 0xc9 0xed ], data=[ 0x22 0x5b 0xc9 0xed 0x2d 0x47 0x67 0x69 0x01 0x35 0xcc 0x0d 0xf2 0x9b 0xb3 0x3e 0x00 0x00 ], deviceToken=[ 0x32 0x50 ] }. [CONTEXT service_id=54 ]
04-22 11:34:00.343 22073  6656 E NearbyConnections: EndpointManager failed to find EndpointChannel over which to write DATA at offset 612 of Payload -9007404025457505713 to endpoint T8u1 [CONTEXT service_id=54 ]
04-22 11:34:00.343 22073  6656 E NearbyConnections: EndpointManager failed to find EndpointChannel over which to write DATA at offset 612 of Payload -9007404025457505713 to endpoint T8u1 [CONTEXT service_id=54 ]
04-22 11:34:00.343  2290  2348 D BtGatt.GattService: onScanFilterParamsConfigured() - clientIf=5, status=0, action=0, availableSpace=13
04-22 11:34:00.343  2290  2348 D BtGatt.ScanManager: callback done for scannerId - 5 status - 0
04-22 11:34:00.343 22073  6656 E NearbyConnections: EndpointManager failed to find EndpointChannel over which to write DATA at offset 612 of Payload -9007404025457505713 to endpoint T8u1 [CONTEXT service_id=54 ]
04-22 11:34:00.343 22073  6656 E NearbyConnections: EndpointManager failed to find EndpointChannel over which to write DATA at offset 612 of Payload -9007404025457505713 to endpoint T8u1 [CONTEXT service_id=54 ]
04-22 11:34:00.343  2290  2603 I bt_stack: [INFO:btm_ble_adv_filter.cc(693)] BTM_LE_PF_set UUID MASK is empty 
04-22 11:34:00.343 22073  6656 E NearbyConnections: EndpointManager failed to find EndpointChannel over which to write DATA at offset 612 of Payload -9007404025457505713 to endpoint T8u1 [CONTEXT service_id=54 ]
04-22 11:34:00.344 22073  6656 I chatty  : uid=10156(com.google.android.gms) highpool[332] identical 1 line
04-22 11:34:00.344 22073  6656 E NearbyConnections: EndpointManager failed to find EndpointChannel over which to write DATA at offset 612 of Payload -9007404025457505713 to endpoint T8u1 [CONTEXT service_id=54 ]
04-22 11:34:00.344 22073 11813 I NearbyConnections: Found BleAdvertisement [ 0x22 0x5b 0xc9 0xed 0x2d 0x47 0x67 0x69 0x01 0x35 0xcc 0x0d 0xf2 0x9b 0xb3 0x3e 0x00 0x00 ] (with EndpointId -Ggi and EndpointInfo [ 0x35 ]) [CONTEXT service_id=54 ]
04-22 11:34:00.344 22073  6656 E NearbyConnections: EndpointManager failed to find EndpointChannel over which to write DATA at offset 612 of Payload -9007404025457505713 to endpoint T8u1 [CONTEXT service_id=54 ]
04-22 11:34:00.344  2290  2603 E bt_btif : bte_scan_filt_param_cfg_evt, 23
04-22 11:34:00.344 22073  6656 E NearbyConnections: EndpointManager failed to find EndpointChannel over which to write DATA at offset 612 of Payload -9007404025457505713 to endpoint T8u1 [CONTEXT service_id=54 ]
04-22 11:34:00.345 22073  6656 E NearbyConnections: EndpointManager failed to find EndpointChannel over which to write DATA at offset 612 of Payload -9007404025457505713 to endpoint T8u1 [CONTEXT service_id=54 ]
04-22 11:34:00.345  2290  2348 D BtGatt.GattService: onScanFilterConfig() - clientIf=5, action = 0 status = 0, filterType=0, availableSpace=0
04-22 11:34:00.345  2290  2348 D BtGatt.ScanManager: callback done for scannerId - 5 status - 0
04-22 11:34:00.345 22073  6656 E NearbyConnections: EndpointManager failed to find EndpointChannel over which to write DATA at offset 612 of Payload -9007404025457505713 to endpoint T8u1 [CONTEXT service_id=54 ]
04-22 11:34:00.345  2290  2575 D BtGatt.ScanManager: configureFilterParamter 500 10000 1 0, deliveryMode=0
04-22 11:34:00.345 22073  6656 E NearbyConnections: EndpointManager failed to find EndpointChannel over which to write DATA at offset 612 of Payload -9007404025457505713 to endpoint T8u1 [CONTEXT service_id=54 ]
04-22 11:34:00.345 22073  6656 E NearbyConnections: EndpointManager failed to find EndpointChannel over which to write DATA at offset 612 of Payload -9007404025457505713 to endpoint T8u1 [CONTEXT service_id=54 ]
04-22 11:34:00.346 22073 11813 I NearbyConnections: ClientProxy(244116452) ignoring onEndpointDistanceChanged(-Ggi, UNKNOWN), because this distance has already been reported [CONTEXT service_id=54 ]
04-22 11:34:00.346 22073  6656 E NearbyConnections: EndpointManager failed to find EndpointChannel over which to write DATA at offset 612 of Payload -9007404025457505713 to endpoint T8u1 [CONTEXT service_id=54 ]
04-22 11:34:00.359 22073  6656 I chatty  : uid=10156(com.google.android.gms) highpool[332] identical 56 lines
04-22 11:34:00.360 22073  6656 E NearbyConnections: EndpointManager failed to find EndpointChannel over which to write DATA at offset 612 of Payload -9007404025457505713 to endpoint T8u1 [CONTEXT service_id=54 ]
04-22 11:34:00.359  2290  2348 D BtGatt.GattService: onScanFilterParamsConfigured() - clientIf=5, status=0, action=0, availableSpace=11
04-22 11:34:00.360  2290  2348 D BtGatt.ScanManager: callback done for scannerId - 5 status - 0
04-22 11:34:00.360 22073  6656 E NearbyConnections: EndpointManager failed to find EndpointChannel over which to write DATA at offset 612 of Payload -9007404025457505713 to endpoint T8u1 [CONTEXT service_id=54 ]
04-22 11:34:00.360 22073  6656 E NearbyConnections: EndpointManager failed to find EndpointChannel over which to write DATA at offset 612 of Payload -9007404025457505713 to endpoint T8u1 [CONTEXT service_id=54 ]
04-22 11:34:00.360  2290  2603 I bt_stack: [INFO:btm_ble_adv_filter.cc(693)] BTM_LE_PF_set UUID MASK is empty 
04-22 11:34:00.360 22073  6656 E NearbyConnections: EndpointManager failed to find EndpointChannel over which to write DATA at offset 612 of Payload -9007404025457505713 to endpoint T8u1 [CONTEXT service_id=54 ]
04-22 11:34:00.360  2290  2348 D BtGatt.GattService: onScanFilterConfig() - clientIf=5, action = 0 status = 0, filterType=0, availableSpace=0
04-22 11:34:00.360  2290  2348 D BtGatt.ScanManager: callback done for scannerId - 5 status - 0
04-22 11:34:00.360 22073  6656 E NearbyConnections: EndpointManager failed to find EndpointChannel over which to write DATA at offset 612 of Payload -9007404025457505713 to endpoint T8u1 [CONTEXT service_id=54 ]
04-22 11:34:00.360  2290  2575 D BtGatt.ScanManager: configureFilterParamter 500 10000 1 0, deliveryMode=0
04-22 11:34:00.361 22073  6656 E NearbyConnections: EndpointManager failed to find EndpointChannel over which to write DATA at offset 612 of Payload -9007404025457505713 to endpoint T8u1 [CONTEXT service_id=54 ]
04-22 11:34:00.366 22073  6656 I chatty  : uid=10156(com.google.android.gms) highpool[332] identical 23 lines
04-22 11:34:00.366 22073  6656 E NearbyConnections: EndpointManager failed to find EndpointChannel over which to write DATA at offset 612 of Payload -9007404025457505713 to endpoint T8u1 [CONTEXT service_id=54 ]
04-22 11:34:00.367  2290  2348 D BtGatt.GattService: onScanFilterParamsConfigured() - clientIf=5, status=0, action=0, availableSpace=10
04-22 11:34:00.367  2290  2348 D BtGatt.ScanManager: callback done for scannerId - 5 status - 0
04-22 11:34:00.367 22073  6656 E NearbyConnections: EndpointManager failed to find EndpointChannel over which to write DATA at offset 612 of Payload -9007404025457505713 to endpoint T8u1 [CONTEXT service_id=54 ]
04-22 11:34:00.367 22073  6656 I chatty  : uid=10156(com.google.android.gms) highpool[332] identical 2 lines
04-22 11:34:00.367 22073  6656 E NearbyConnections: EndpointManager failed to find EndpointChannel over which to write DATA at offset 612 of Payload -9007404025457505713 to endpoint T8u1 [CONTEXT service_id=54 ]
04-22 11:34:00.368  2290  2348 D BtGatt.GattService: onScanFilterConfig() - clientIf=5, action = 0 status = 0, filterType=0, availableSpace=0
04-22 11:34:00.368  2290  2348 D BtGatt.ScanManager: callback done for scannerId - 5 status - 0
04-22 11:34:00.368 22073  6656 E NearbyConnections: EndpointManager failed to find EndpointChannel over which to write DATA at offset 612 of Payload -9007404025457505713 to endpoint T8u1 [CONTEXT service_id=54 ]
04-22 11:34:00.368 22073  6656 E NearbyConnections: EndpointManager failed to find EndpointChannel over which to write DATA at offset 612 of Payload -9007404025457505713 to endpoint T8u1 [CONTEXT service_id=54 ]
04-22 11:34:00.368  2290  2575 D BtGatt.ScanManager: configureFilterParamter 500 10000 1 0, deliveryMode=0
04-22 11:34:00.368 22073  6656 E NearbyConnections: EndpointManager failed to find EndpointChannel over which to write DATA at offset 612 of Payload -9007404025457505713 to endpoint T8u1 [CONTEXT service_id=54 ]
04-22 11:34:00.371 22073  6656 I chatty  : uid=10156(com.google.android.gms) highpool[332] identical 10 lines
04-22 11:34:00.371 22073  6656 E NearbyConnections: EndpointManager failed to find EndpointChannel over which to write DATA at offset 612 of Payload -9007404025457505713 to endpoint T8u1 [CONTEXT service_id=54 ]
04-22 11:34:00.371  2290  2348 D BtGatt.GattService: onScanFilterParamsConfigured() - clientIf=5, status=0, action=0, availableSpace=9
04-22 11:34:00.371  2290  2348 D BtGatt.ScanManager: callback done for scannerId - 5 status - 0
04-22 11:34:00.371 22073  6656 E NearbyConnections: EndpointManager failed to find EndpointChannel over which to write DATA at offset 612 of Payload -9007404025457505713 to endpoint T8u1 [CONTEXT service_id=54 ]
04-22 11:34:00.371  2290  2575 D BtGatt.ScanManager: configureRegularScanParams() - queue=3
04-22 11:34:00.371  2290  2575 D BtGatt.ScanManager: configureRegularScanParams() - ScanSetting LE 1M Scan mode=2ScanSetting LE Coded Scan mode=2 mLastConfiguredScanSettingLE1M=1 mLastConfiguredScanSettingLECoded=1scanPhy=255
04-22 11:34:00.371 22073  6656 E NearbyConnections: EndpointManager failed to find EndpointChannel over which to write DATA at offset 612 of Payload -9007404025457505713 to endpoint T8u1 [CONTEXT service_id=54 ]
04-22 11:34:00.371  2290  2575 D BtGatt.ScanManager: configureRegularScanParams - scanInterval LE 1M = 4096configureRegularScanParams - scanWindow LE 1M= 4096configureRegularScanParams - scanInterval LE Coded= 4096configureRegularScanParams - scanWindow LE Coded= 4096
04-22 11:34:00.372 22073  6656 E NearbyConnections: EndpointManager failed to find EndpointChannel over which to write DATA at offset 612 of Payload -9007404025457505713 to endpoint T8u1 [CONTEXT service_id=54 ]
04-22 11:34:00.372  2290  2348 D BtGatt.GattService: onScanParamSetupCompleted : 0
04-22 11:34:00.372 22073  6656 E NearbyConnections: EndpointManager failed to find EndpointChannel over which to write DATA at offset 612 of Payload -9007404025457505713 to endpoint T8u1 [CONTEXT service_id=54 ]
04-22 11:34:00.420 22073  6656 I chatty  : uid=10156(com.google.android.gms) highpool[332] identical 198 lines
04-22 11:34:00.420 22073  6656 E NearbyConnections: EndpointManager failed to find EndpointChannel over which to write DATA at offset 612 of Payload -9007404025457505713 to endpoint T8u1 [CONTEXT service_id=54 ]
04-22 11:34:00.420 22073 22238 I NearbyShared: FastPair: Failed to get alias name from device
04-22 11:34:00.420 22073  6656 E NearbyConnections: EndpointManager failed to find EndpointChannel over which to write DATA at offset 612 of Payload -9007404025457505713 to endpoint T8u1 [CONTEXT service_id=54 ]
04-22 11:34:00.555 22073  6656 I chatty  : uid=10156(com.google.android.gms) highpool[332] identical 530 lines
04-22 11:34:00.556 22073  6656 E NearbyConnections: EndpointManager failed to find EndpointChannel over which to write DATA at offset 612 of Payload -9007404025457505713 to endpoint T8u1 [CONTEXT service_id=54 ]
04-22 11:34:00.556 22073 11813 I NearbyMediums: Wifi LAN discovered service IlZTRi1bye0AAA, but that's us. Ignoring. [CONTEXT service_id=54 ]
04-22 11:34:00.556 22073  6656 E NearbyConnections: EndpointManager failed to find EndpointChannel over which to write DATA at offset 612 of Payload -9007404025457505713 to endpoint T8u1 [CONTEXT service_id=54 ]
04-22 11:34:00.557 22073  6656 I chatty  : uid=10156(com.google.android.gms) highpool[332] identical 3 lines
04-22 11:34:00.557 22073  6656 E NearbyConnections: EndpointManager failed to find EndpointChannel over which to write DATA at offset 612 of Payload -9007404025457505713 to endpoint T8u1 [CONTEXT service_id=54 ]
04-22 11:34:00.557 22073 11813 I NearbyMediums: Wifi LAN discovered service IlZTRi1bye0AAA, but that's us. Ignoring. [CONTEXT service_id=54 ]
04-22 11:34:00.557 22073  6656 E NearbyConnections: EndpointManager failed to find EndpointChannel over which to write DATA at offset 612 of Payload -9007404025457505713 to endpoint T8u1 [CONTEXT service_id=54 ]
04-22 11:34:00.690 22073  6656 I chatty  : uid=10156(com.google.android.gms) highpool[332] identical 474 lines
04-22 11:34:00.691 22073  6656 E NearbyConnections: EndpointManager failed to find EndpointChannel over which to write DATA at offset 612 of Payload -9007404025457505713 to endpoint T8u1 [CONTEXT service_id=54 ]
04-22 11:34:00.691  2290  2603 I bt_stack: [INFO:gatt_main.cc(919)] gatt_data_process op_code = 10, msg_len = 2
04-22 11:34:00.691 22073  6656 E NearbyConnections: EndpointManager failed to find EndpointChannel over which to write DATA at offset 612 of Payload -9007404025457505713 to endpoint T8u1 [CONTEXT service_id=54 ]
04-22 11:34:00.695 22073  6656 I chatty  : uid=10156(com.google.android.gms) highpool[332] identical 3 lines
04-22 11:34:00.695 22073  6656 E NearbyConnections: EndpointManager failed to find EndpointChannel over which to write DATA at offset 612 of Payload -9007404025457505713 to endpoint T8u1 [CONTEXT service_id=54 ]
04-22 11:34:00.695  2290  2348 D BtGatt.GattService: onResponseSendCompleted() handle=56
04-22 11:34:00.696 22073  6656 E NearbyConnections: EndpointManager failed to find EndpointChannel over which to write DATA at offset 612 of Payload -9007404025457505713 to endpoint T8u1 [CONTEXT service_id=54 ]
04-22 11:34:00.700 22073  6656 I chatty  : uid=10156(com.google.android.gms) highpool[332] identical 17 lines
04-22 11:34:00.705 22073  6656 E NearbyConnections: EndpointManager failed to find EndpointChannel over which to write DATA at offset 612 of Payload -9007404025457505713 to endpoint T8u1 [CONTEXT service_id=54 ]
04-22 11:34:00.706 22073 22091 I .gms.persisten: Background concurrent copying GC freed 170884(13MB) AllocSpace objects, 0(0B) LOS objects, 49% free, 12MB/24MB, paused 190us total 178.210ms
04-22 11:34:00.706 22073  6656 E NearbyConnections: EndpointManager failed to find EndpointChannel over which to write DATA at offset 612 of Payload -9007404025457505713 to endpoint T8u1 [CONTEXT service_id=54 ]
04-22 11:34:00.975 22073  6656 I chatty  : uid=10156(com.google.android.gms) highpool[332] identical 1083 lines
04-22 11:34:00.976 22073  6656 E NearbyConnections: EndpointManager failed to find EndpointChannel over which to write DATA at offset 612 of Payload -9007404025457505713 to endpoint T8u1 [CONTEXT service_id=54 ]
04-22 11:34:00.976  2290  2603 W bt_btm  : btm_process_inq_results: BDA: cc:0d:f2:75:2d:60
04-22 11:34:00.976  2290  2603 W bt_btm  : btm_process_inq_results: Dev class: 5a-02-0c
04-22 11:34:00.976 22073  6656 E NearbyConnections: EndpointManager failed to find EndpointChannel over which to write DATA at offset 612 of Payload -9007404025457505713 to endpoint T8u1 [CONTEXT service_id=54 ]
04-22 11:34:00.976  2290  2348 D bt_btif_config: btif_get_device_type: Device [cc:0d:f2:75:2d:60] type 1
04-22 11:34:00.976 22073  6656 E NearbyConnections: EndpointManager failed to find EndpointChannel over which to write DATA at offset 612 of Payload -9007404025457505713 to endpoint T8u1 [CONTEXT service_id=54 ]
04-22 11:34:00.987 22073  6656 I chatty  : uid=10156(com.google.android.gms) highpool[332] identical 44 lines
04-22 11:34:00.988 22073  6656 E NearbyConnections: EndpointManager failed to find EndpointChannel over which to write DATA at offset 612 of Payload -9007404025457505713 to endpoint T8u1 [CONTEXT service_id=54 ]
04-22 11:34:00.988 22073 12115 I NearbyConnections: Found BluetoothDeviceName Ii1hSUpbye0AAAAAAAAAATQ (with EndpointId -aIJ and EndpointInfo [ 0x34 ]) [CONTEXT service_id=54 ]
04-22 11:34:00.988 22073  6656 E NearbyConnections: EndpointManager failed to find EndpointChannel over which to write DATA at offset 612 of Payload -9007404025457505713 to endpoint T8u1 [CONTEXT service_id=54 ]
04-22 11:34:00.989 22073  6656 I chatty  : uid=10156(com.google.android.gms) highpool[332] identical 4 lines
04-22 11:34:00.989 22073  6656 E NearbyConnections: EndpointManager failed to find EndpointChannel over which to write DATA at offset 612 of Payload -9007404025457505713 to endpoint T8u1 [CONTEXT service_id=54 ]
04-22 11:34:00.989 22073 12115 I NearbyConnections: ClientProxy(244116452) ignoring onEndpointDistanceChanged(-aIJ, UNKNOWN), because this distance has already been reported [CONTEXT service_id=54 ]
04-22 11:34:00.990 22073  6656 E NearbyConnections: EndpointManager failed to find EndpointChannel over which to write DATA at offset 612 of Payload -9007404025457505713 to endpoint T8u1 [CONTEXT service_id=54 ]
04-22 11:34:01.406 22073  6656 I chatty  : uid=10156(com.google.android.gms) highpool[332] identical 1598 lines
04-22 11:34:01.406 22073  6656 E NearbyConnections: EndpointManager failed to find EndpointChannel over which to write DATA at offset 612 of Payload -9007404025457505713 to endpoint T8u1 [CONTEXT service_id=54 ]
04-22 11:34:01.406 22073 12115 I NearbyMediums: Wifi LAN discovered service IlZTRi1bye0AAA, but that's us. Ignoring. [CONTEXT service_id=54 ]
04-22 11:34:01.407 22073  6656 E NearbyConnections: EndpointManager failed to find EndpointChannel over which to write DATA at offset 612 of Payload -9007404025457505713 to endpoint T8u1 [CONTEXT service_id=54 ]
04-22 11:34:01.409 22073  6656 I chatty  : uid=10156(com.google.android.gms) highpool[332] identical 8 lines
04-22 11:34:01.409 22073  6656 E NearbyConnections: EndpointManager failed to find EndpointChannel over which to write DATA at offset 612 of Payload -9007404025457505713 to endpoint T8u1 [CONTEXT service_id=54 ]
04-22 11:34:01.409 22073 12115 I NearbyMediums: Wifi LAN discovered service IlZTRi1bye0AAA, but that's us. Ignoring. [CONTEXT service_id=54 ]
04-22 11:34:01.409 22073  6656 E NearbyConnections: EndpointManager failed to find EndpointChannel over which to write DATA at offset 612 of Payload -9007404025457505713 to endpoint T8u1 [CONTEXT service_id=54 ]
04-22 11:34:01.409 22073  6656 E NearbyConnections: EndpointManager failed to find EndpointChannel over which to write DATA at offset 612 of Payload -9007404025457505713 to endpoint T8u1 [CONTEXT service_id=54 ]
04-22 11:34:01.409 22073 12115 I NearbyMediums: Wifi LAN discovered service IlZTRi1bye0AAA, but that's us. Ignoring. [CONTEXT service_id=54 ]
04-22 11:34:01.410 22073  6656 E NearbyConnections: EndpointManager failed to find EndpointChannel over which to write DATA at offset 612 of Payload -9007404025457505713 to endpoint T8u1 [CONTEXT service_id=54 ]
04-22 11:34:01.478 22073  6656 I chatty  : uid=10156(com.google.android.gms) highpool[332] identical 263 lines
04-22 11:34:01.479 22073  6656 E NearbyConnections: EndpointManager failed to find EndpointChannel over which to write DATA at offset 612 of Payload -9007404025457505713 to endpoint T8u1 [CONTEXT service_id=54 ]
04-22 11:34:01.479  2290  2603 W bt_btm  : btm_process_inq_results: BDA: cc:0d:f2:9b:b3:3e
04-22 11:34:01.479  2290  2603 W bt_btm  : btm_process_inq_results: Dev class: 5a-02-0c
04-22 11:34:01.479 22073  6656 E NearbyConnections: EndpointManager failed to find EndpointChannel over which to write DATA at offset 612 of Payload -9007404025457505713 to endpoint T8u1 [CONTEXT service_id=54 ]
04-22 11:34:01.479  2290  2348 D bt_btif_config: btif_get_device_type: Device [cc:0d:f2:9b:b3:3e] type 1
04-22 11:34:01.479 22073  6656 E NearbyConnections: EndpointManager failed to find EndpointChannel over which to write DATA at offset 612 of Payload -9007404025457505713 to endpoint T8u1 [CONTEXT service_id=54 ]
04-22 11:34:01.489 22073  6656 I chatty  : uid=10156(com.google.android.gms) highpool[332] identical 42 lines
04-22 11:34:01.490 22073  6656 E NearbyConnections: EndpointManager failed to find EndpointChannel over which to write DATA at offset 612 of Payload -9007404025457505713 to endpoint T8u1 [CONTEXT service_id=54 ]
04-22 11:34:01.490 22073 11813 I NearbyConnections: Found BluetoothDeviceName Ii1HZ2lbye0AAAAAAAAAATU (with EndpointId -Ggi and EndpointInfo [ 0x35 ]) [CONTEXT service_id=54 ]
04-22 11:34:01.490 22073  6656 E NearbyConnections: EndpointManager failed to find EndpointChannel over which to write DATA at offset 612 of Payload -9007404025457505713 to endpoint T8u1 [CONTEXT service_id=54 ]
04-22 11:34:01.491 22073  6656 I chatty  : uid=10156(com.google.android.gms) highpool[332] identical 5 lines
04-22 11:34:01.491 22073  6656 E NearbyConnections: EndpointManager failed to find EndpointChannel over which to write DATA at offset 612 of Payload -9007404025457505713 to endpoint T8u1 [CONTEXT service_id=54 ]
04-22 11:34:01.492 22073 11813 I NearbyConnections: ClientProxy(244116452) ignoring onEndpointDistanceChanged(-Ggi, UNKNOWN), because this distance has already been reported [CONTEXT service_id=54 ]
04-22 11:34:01.492 22073  6656 E NearbyConnections: EndpointManager failed to find EndpointChannel over which to write DATA at offset 612 of Payload -9007404025457505713 to endpoint T8u1 [CONTEXT service_id=54 ]
04-22 11:34:01.630 22073  6656 I chatty  : uid=10156(com.google.android.gms) highpool[332] identical 503 lines
04-22 11:34:01.630 22073  6656 E NearbyConnections: EndpointManager failed to find EndpointChannel over which to write DATA at offset 612 of Payload -9007404025457505713 to endpoint T8u1 [CONTEXT service_id=54 ]
04-22 11:34:01.628     0     0 W swapper/1: type=1400 audit(0.0:2715): avc: denied { kill } for uid=0 capability=5 scontext=u:r:kernel:s0 tcontext=u:r:kernel:s0 tclass=capability permissive=0
04-22 11:34:01.630 22073  6656 E NearbyConnections: EndpointManager failed to find EndpointChannel over which to write DATA at offset 612 of Payload -9007404025457505713 to endpoint T8u1 [CONTEXT service_id=54 ]
04-22 11:34:01.695 22073  6656 I chatty  : uid=10156(com.google.android.gms) highpool[332] identical 261 lines
04-22 11:34:01.696 22073  6656 E NearbyConnections: EndpointManager failed to find EndpointChannel over which to write DATA at offset 612 of Payload -9007404025457505713 to endpoint T8u1 [CONTEXT service_id=54 ]
04-22 11:34:01.696 22073 12092 I NearbyMediums: Received advertisement header BleAdvertisementHeader { version=2, numSlots=5, serviceIdBloomFilter=[ 0x00 0x2a 0x02 0x40 0x11 0x00 0x88 0x00 0x00 0x04 ], advertisementHash=[ 0x5e 0x8f 0x37 0x79 ], psm=151}, but we have never seen it before. Will try reading its GATT advertisement. [CONTEXT service_id=54 ]
04-22 11:34:01.696 22073  6656 E NearbyConnections: EndpointManager failed to find EndpointChannel over which to write DATA at offset 612 of Payload -9007404025457505713 to endpoint T8u1 [CONTEXT service_id=54 ]
04-22 11:34:01.698 22073  6656 I chatty  : uid=10156(com.google.android.gms) highpool[332] identical 7 lines
04-22 11:34:01.698 22073  6656 E NearbyConnections: EndpointManager failed to find EndpointChannel over which to write DATA at offset 612 of Payload -9007404025457505713 to endpoint T8u1 [CONTEXT service_id=54 ]
04-22 11:34:01.698 22073 12092 D BluetoothAdapter: isLeEnabled(): ON
04-22 11:34:01.698 22073  6656 E NearbyConnections: EndpointManager failed to find EndpointChannel over which to write DATA at offset 612 of Payload -9007404025457505713 to endpoint T8u1 [CONTEXT service_id=54 ]
04-22 11:34:01.698 22073  6656 I chatty  : uid=10156(com.google.android.gms) highpool[332] identical 1 line
04-22 11:34:01.699 22073  6656 E NearbyConnections: EndpointManager failed to find EndpointChannel over which to write DATA at offset 612 of Payload -9007404025457505713 to endpoint T8u1 [CONTEXT service_id=54 ]
04-22 11:34:01.699  2290  2315 D BtGatt.GattService: stopScan() - queue size =3
04-22 11:34:01.699 22073  6656 E NearbyConnections: EndpointManager failed to find EndpointChannel over which to write DATA at offset 612 of Payload -9007404025457505713 to endpoint T8u1 [CONTEXT service_id=54 ]
04-22 11:34:01.701 22073  6656 I chatty  : uid=10156(com.google.android.gms) highpool[332] identical 7 lines
04-22 11:34:01.701 22073  6656 E NearbyConnections: EndpointManager failed to find EndpointChannel over which to write DATA at offset 612 of Payload -9007404025457505713 to endpoint T8u1 [CONTEXT service_id=54 ]
04-22 11:34:01.701  2290  2575 I BtGatt.ScanManager: msg.what = 1
04-22 11:34:01.701 22073  6656 E NearbyConnections: EndpointManager failed to find EndpointChannel over which to write DATA at offset 612 of Payload -9007404025457505713 to endpoint T8u1 [CONTEXT service_id=54 ]
04-22 11:34:01.701 22073  6656 E NearbyConnections: EndpointManager failed to find EndpointChannel over which to write DATA at offset 612 of Payload -9007404025457505713 to endpoint T8u1 [CONTEXT service_id=54 ]
04-22 11:34:01.701  2290  2307 D BtGatt.GattService: unregisterScanner() - scannerId=5
04-22 11:34:01.702 22073  6656 E NearbyConnections: EndpointManager failed to find EndpointChannel over which to write DATA at offset 612 of Payload -9007404025457505713 to endpoint T8u1 [CONTEXT service_id=54 ]
04-22 11:34:01.702 22073  6656 E NearbyConnections: EndpointManager failed to find EndpointChannel over which to write DATA at offset 612 of Payload -9007404025457505713 to endpoint T8u1 [CONTEXT service_id=54 ]
04-22 11:34:01.702 22073 12092 I Nearby  : M hardware scan: 5 filters, scanMode= -1, callback type= 1, workSource = WorkSource{10156 com.google.android.gms} [CONTEXT service_id=49 ]
04-22 11:34:01.702 22073  6656 E NearbyConnections: EndpointManager failed to find EndpointChannel over which to write DATA at offset 612 of Payload -9007404025457505713 to endpoint T8u1 [CONTEXT service_id=54 ]
04-22 11:34:01.702 22073  6656 I chatty  : uid=10156(com.google.android.gms) highpool[332] identical 1 line
04-22 11:34:01.703 22073  6656 E NearbyConnections: EndpointManager failed to find EndpointChannel over which to write DATA at offset 612 of Payload -9007404025457505713 to endpoint T8u1 [CONTEXT service_id=54 ]
04-22 11:34:01.703 22073 12092 D BluetoothAdapter: isLeEnabled(): ON
04-22 11:34:01.703 22073  6656 E NearbyConnections: EndpointManager failed to find EndpointChannel over which to write DATA at offset 612 of Payload -9007404025457505713 to endpoint T8u1 [CONTEXT service_id=54 ]
04-22 11:34:01.703 22073  6656 I chatty  : uid=10156(com.google.android.gms) highpool[332] identical 1 line
04-22 11:34:01.703 22073  6656 E NearbyConnections: EndpointManager failed to find EndpointChannel over which to write DATA at offset 612 of Payload -9007404025457505713 to endpoint T8u1 [CONTEXT service_id=54 ]
04-22 11:34:01.703  2290  2348 D BtGatt.GattService: onScanFilterParamsConfigured() - clientIf=5, status=0, action=1, availableSpace=10
04-22 11:34:01.703  2290  2348 D BtGatt.ScanManager: callback done for scannerId - 5 status - 0
04-22 11:34:01.704 22073  6656 E NearbyConnections: EndpointManager failed to find EndpointChannel over which to write DATA at offset 612 of Payload -9007404025457505713 to endpoint T8u1 [CONTEXT service_id=54 ]
04-22 11:34:01.705 22073  6656 I chatty  : uid=10156(com.google.android.gms) highpool[332] identical 5 lines
04-22 11:34:01.705 22073  6656 E NearbyConnections: EndpointManager failed to find EndpointChannel over which to write DATA at offset 612 of Payload -9007404025457505713 to endpoint T8u1 [CONTEXT service_id=54 ]
04-22 11:34:01.705  2290  2348 D BtGatt.GattService: onScanFilterParamsConfigured() - clientIf=5, status=0, action=1, availableSpace=11
04-22 11:34:01.705  2290  2348 D BtGatt.ScanManager: callback done for scannerId - 5 status - 0
04-22 11:34:01.705 22073  6656 E NearbyConnections: EndpointManager failed to find EndpointChannel over which to write DATA at offset 612 of Payload -9007404025457505713 to endpoint T8u1 [CONTEXT service_id=54 ]
04-22 11:34:01.706 22073  6656 I chatty  : uid=10156(com.google.android.gms) highpool[332] identical 4 lines
04-22 11:34:01.707 22073  6656 E NearbyConnections: EndpointManager failed to find EndpointChannel over which to write DATA at offset 612 of Payload -9007404025457505713 to endpoint T8u1 [CONTEXT service_id=54 ]
04-22 11:34:01.707  2290  2348 D BtGatt.GattService: onScanFilterParamsConfigured() - clientIf=5, status=0, action=1, availableSpace=12
04-22 11:34:01.707  2290  2348 D BtGatt.ScanManager: callback done for scannerId - 5 status - 0
04-22 11:34:01.707 22073  6656 E NearbyConnections: EndpointManager failed to find EndpointChannel over which to write DATA at offset 612 of Payload -9007404025457505713 to endpoint T8u1 [CONTEXT service_id=54 ]
04-22 11:34:01.708 22073  6656 I chatty  : uid=10156(com.google.android.gms) highpool[332] identical 6 lines
04-22 11:34:01.708 22073  6656 E NearbyConnections: EndpointManager failed to find EndpointChannel over which to write DATA at offset 612 of Payload -9007404025457505713 to endpoint T8u1 [CONTEXT service_id=54 ]
04-22 11:34:01.708  2290  2307 D BtGatt.GattService: registerScanner() - UUID=58d104a7-cd40-4928-85d4-2740dbbea754
04-22 11:34:01.709 22073  6656 E NearbyConnections: EndpointManager failed to find EndpointChannel over which to write DATA at offset 612 of Payload -9007404025457505713 to endpoint T8u1 [CONTEXT service_id=54 ]
04-22 11:34:01.710 22073  6656 I chatty  : uid=10156(com.google.android.gms) highpool[332] identical 4 lines
04-22 11:34:01.710 22073  6656 E NearbyConnections: EndpointManager failed to find EndpointChannel over which to write DATA at offset 612 of Payload -9007404025457505713 to endpoint T8u1 [CONTEXT service_id=54 ]
04-22 11:34:01.710  2290  2348 D BtGatt.GattService: onScanFilterParamsConfigured() - clientIf=5, status=0, action=1, availableSpace=13
04-22 11:34:01.710  2290  2348 D BtGatt.ScanManager: callback done for scannerId - 5 status - 0
04-22 11:34:01.710 22073  6656 E NearbyConnections: EndpointManager failed to find EndpointChannel over which to write DATA at offset 612 of Payload -9007404025457505713 to endpoint T8u1 [CONTEXT service_id=54 ]
04-22 11:34:01.710  2290  2603 I bt_stack: [INFO:gatt_api.cc(950)] GATT_Register 883f367d-d8ab-0818-658f-7d30c387cff5
04-22 11:34:01.710  2290  2603 I bt_stack: [INFO:gatt_api.cc(970)] allocated gatt_if=5
04-22 11:34:01.710 22073  6656 E NearbyConnections: EndpointManager failed to find EndpointChannel over which to write DATA at offset 612 of Payload -9007404025457505713 to endpoint T8u1 [CONTEXT service_id=54 ]
04-22 11:34:01.711 22073  6656 E NearbyConnections: EndpointManager failed to find EndpointChannel over which to write DATA at offset 612 of Payload -9007404025457505713 to endpoint T8u1 [CONTEXT service_id=54 ]
04-22 11:34:01.711  2290  2348 D BtGatt.GattService: onScannerRegistered() - UUID=58d104a7-cd40-4928-85d4-2740dbbea754, scannerId=5, status=0
04-22 11:34:01.711 22073  6656 E NearbyConnections: EndpointManager failed to find EndpointChannel over which to write DATA at offset 612 of Payload -9007404025457505713 to endpoint T8u1 [CONTEXT service_id=54 ]
04-22 11:34:01.711 22073  6656 I chatty  : uid=10156(com.google.android.gms) highpool[332] identical 1 line
04-22 11:34:01.711 22073  6656 E NearbyConnections: EndpointManager failed to find EndpointChannel over which to write DATA at offset 612 of Payload -9007404025457505713 to endpoint T8u1 [CONTEXT service_id=54 ]
04-22 11:34:01.711 22073 22326 D BluetoothLeScanner: onScannerRegistered() - status=0 scannerId=5 mScannerId=0
04-22 11:34:01.712 22073  6656 E NearbyConnections: EndpointManager failed to find EndpointChannel over which to write DATA at offset 612 of Payload -9007404025457505713 to endpoint T8u1 [CONTEXT service_id=54 ]
04-22 11:34:01.712 22073  6656 I chatty  : uid=10156(com.google.android.gms) highpool[332] identical 2 lines
04-22 11:34:01.712 22073  6656 E NearbyConnections: EndpointManager failed to find EndpointChannel over which to write DATA at offset 612 of Payload -9007404025457505713 to endpoint T8u1 [CONTEXT service_id=54 ]
04-22 11:34:01.712  2290  2307 D BtGatt.GattService: start scan with filters. callingPackage: com.google.android.gms
04-22 11:34:01.713  2290  2348 D BtGatt.GattService: onScanFilterParamsConfigured() - clientIf=5, status=0, action=1, availableSpace=14
04-22 11:34:01.713  2290  2348 D BtGatt.ScanManager: callback done for scannerId - 5 status - 0
04-22 11:34:01.713 22073  6656 E NearbyConnections: EndpointManager failed to find EndpointChannel over which to write DATA at offset 612 of Payload -9007404025457505713 to endpoint T8u1 [CONTEXT service_id=54 ]
04-22 11:34:01.713  2290  2575 D BtGatt.ScanManager: configureRegularScanParams() - queue=2
04-22 11:34:01.713  2290  2575 D BtGatt.ScanManager: configureRegularScanParams() - ScanSetting LE 1M Scan mode=1ScanSetting LE Coded Scan mode=1 mLastConfiguredScanSettingLE1M=2 mLastConfiguredScanSettingLECoded=2scanPhy=255
04-22 11:34:01.713  2290  2575 D BtGatt.ScanManager: configureRegularScanParams - scanInterval LE 1M = 4096configureRegularScanParams - scanWindow LE 1M= 818configureRegularScanParams - scanInterval LE Coded= 4096configureRegularScanParams - scanWindow LE Coded= 818
04-22 11:34:01.713 22073  6656 E NearbyConnections: EndpointManager failed to find EndpointChannel over which to write DATA at offset 612 of Payload -9007404025457505713 to endpoint T8u1 [CONTEXT service_id=54 ]
04-22 11:34:01.713  2290  2348 D BtGatt.GattService: onScanParamSetupCompleted : 0
04-22 11:34:01.713 22073  6656 E NearbyConnections: EndpointManager failed to find EndpointChannel over which to write DATA at offset 612 of Payload -9007404025457505713 to endpoint T8u1 [CONTEXT service_id=54 ]
04-22 11:34:01.717 22073  6656 I chatty  : uid=10156(com.google.android.gms) highpool[332] identical 14 lines
04-22 11:34:01.717 22073  6656 E NearbyConnections: EndpointManager failed to find EndpointChannel over which to write DATA at offset 612 of Payload -9007404025457505713 to endpoint T8u1 [CONTEXT service_id=54 ]
04-22 11:34:01.717  2290  2575 I BtGatt.ScanManager: msg.what = 0
04-22 11:34:01.717 22073  6656 E NearbyConnections: EndpointManager failed to find EndpointChannel over which to write DATA at offset 612 of Payload -9007404025457505713 to endpoint T8u1 [CONTEXT service_id=54 ]
04-22 11:34:01.717 22073  6656 E NearbyConnections: EndpointManager failed to find EndpointChannel over which to write DATA at offset 612 of Payload -9007404025457505713 to endpoint T8u1 [CONTEXT service_id=54 ]
04-22 11:34:01.717  2290  2575 D BtGatt.ScanManager: handling starting scan
04-22 11:34:01.718 22073  6656 E NearbyConnections: EndpointManager failed to find EndpointChannel over which to write DATA at offset 612 of Payload -9007404025457505713 to endpoint T8u1 [CONTEXT service_id=54 ]
04-22 11:34:01.718 22073  6656 I chatty  : uid=10156(com.google.android.gms) highpool[332] identical 2 lines
04-22 11:34:01.718 22073  6656 E NearbyConnections: EndpointManager failed to find EndpointChannel over which to write DATA at offset 612 of Payload -9007404025457505713 to endpoint T8u1 [CONTEXT service_id=54 ]
04-22 11:34:01.718  2290  2575 D BtGatt.ScanManager: isAptXLowLatencyModeEnabled: false
04-22 11:34:01.718 22073  6656 E NearbyConnections: EndpointManager failed to find EndpointChannel over which to write DATA at offset 612 of Payload -9007404025457505713 to endpoint T8u1 [CONTEXT service_id=54 ]
04-22 11:34:01.719 22073  6656 E NearbyConnections: EndpointManager failed to find EndpointChannel over which to write DATA at offset 612 of Payload -9007404025457505713 to endpoint T8u1 [CONTEXT service_id=54 ]
04-22 11:34:01.719  2290  2307 D BluetoothAdapterService: cancelDiscovery
04-22 11:34:01.719 22073  6656 E NearbyConnections: EndpointManager failed to find EndpointChannel over which to write DATA at offset 612 of Payload -9007404025457505713 to endpoint T8u1 [CONTEXT service_id=54 ]
04-22 11:34:01.720 22073  6656 I chatty  : uid=10156(com.google.android.gms) highpool[332] identical 4 lines
04-22 11:34:01.720 22073  6656 E NearbyConnections: EndpointManager failed to find EndpointChannel over which to write DATA at offset 612 of Payload -9007404025457505713 to endpoint T8u1 [CONTEXT service_id=54 ]
04-22 11:34:01.720 22073 11813 D BluetoothGatt: connect() - device: 4A:BE:3C:C0:95:58, auto: false
04-22 11:34:01.720 22073 11813 D BluetoothGatt: registerApp()
04-22 11:34:01.720 22073  6656 E NearbyConnections: EndpointManager failed to find EndpointChannel over which to write DATA at offset 612 of Payload -9007404025457505713 to endpoint T8u1 [CONTEXT service_id=54 ]
04-22 11:34:01.720 22073 11813 D BluetoothGatt: registerApp() - UUID=db88cb99-b9a1-4efe-98fc-4860827070e4
04-22 11:34:01.721  2290  2603 E bt_btm  : BTM_BleObserve Observe Already Active
04-22 11:34:01.721  2290  2603 W bt_btif :  bta_dm_ble_observe BTM_BleObserve  failed. status 6
04-22 11:34:01.721 22073  6656 E NearbyConnections: EndpointManager failed to find EndpointChannel over which to write DATA at offset 612 of Payload -9007404025457505713 to endpoint T8u1 [CONTEXT service_id=54 ]
04-22 11:34:01.721 22073  6656 I chatty  : uid=10156(com.google.android.gms) highpool[332] identical 1 line
04-22 11:34:01.721 22073  6656 E NearbyConnections: EndpointManager failed to find EndpointChannel over which to write DATA at offset 612 of Payload -9007404025457505713 to endpoint T8u1 [CONTEXT service_id=54 ]
04-22 11:34:01.721  2290  2307 D BtGatt.GattService: registerClient() - UUID=db88cb99-b9a1-4efe-98fc-4860827070e4
04-22 11:34:01.721 22073  6656 E NearbyConnections: EndpointManager failed to find EndpointChannel over which to write DATA at offset 612 of Payload -9007404025457505713 to endpoint T8u1 [CONTEXT service_id=54 ]
04-22 11:34:01.722 22073  6656 E NearbyConnections: EndpointManager failed to find EndpointChannel over which to write DATA at offset 612 of Payload -9007404025457505713 to endpoint T8u1 [CONTEXT service_id=54 ]
04-22 11:34:01.722  2290  2603 I bt_stack: [INFO:gatt_api.cc(950)] GATT_Register 0a2e35a6-75f0-173d-98e8-a384facfa393
04-22 11:34:01.722 22073  6656 E NearbyConnections: EndpointManager failed to find EndpointChannel over which to write DATA at offset 612 of Payload -9007404025457505713 to endpoint T8u1 [CONTEXT service_id=54 ]
04-22 11:34:01.722  2290  2603 I bt_stack: [INFO:gatt_api.cc(970)] allocated gatt_if=10
04-22 11:34:01.722  2290  2348 D BtGatt.GattService: onClientRegistered() - UUID=db88cb99-b9a1-4efe-98fc-4860827070e4, clientIf=10
04-22 11:34:01.722 22073  6656 E NearbyConnections: EndpointManager failed to find EndpointChannel over which to write DATA at offset 612 of Payload -9007404025457505713 to endpoint T8u1 [CONTEXT service_id=54 ]
04-22 11:34:01.722 22073 22326 D BluetoothGatt: onClientRegistered() - status=0 clientIf=10
04-22 11:34:01.722 22073  6656 E NearbyConnections: EndpointManager failed to find EndpointChannel over which to write DATA at offset 612 of Payload -9007404025457505713 to endpoint T8u1 [CONTEXT service_id=54 ]
04-22 11:34:01.723 22073  6656 I chatty  : uid=10156(com.google.android.gms) highpool[332] identical 1 line
04-22 11:34:01.723 22073  6656 E NearbyConnections: EndpointManager failed to find EndpointChannel over which to write DATA at offset 612 of Payload -9007404025457505713 to endpoint T8u1 [CONTEXT service_id=54 ]
04-22 11:34:01.723  2290  2307 D BtGatt.GattService: clientConnect() - address=4A:BE:3C:C0:95:58, isDirect=true, opportunistic=false, phy=1
04-22 11:34:01.723 22073  6656 E NearbyConnections: EndpointManager failed to find EndpointChannel over which to write DATA at offset 612 of Payload -9007404025457505713 to endpoint T8u1 [CONTEXT service_id=54 ]
04-22 11:34:01.723  2290  2348 D bt_btif_config: btif_get_address_type: Device [4a:be:3c:c0:95:58] address type 1
04-22 11:34:01.723 22073  6656 E NearbyConnections: EndpointManager failed to find EndpointChannel over which to write DATA at offset 612 of Payload -9007404025457505713 to endpoint T8u1 [CONTEXT service_id=54 ]
04-22 11:34:01.723  2290  2348 D bt_btif_config: btif_get_device_type: Device [4a:be:3c:c0:95:58] type 2
04-22 11:34:01.724 22073  6656 E NearbyConnections: EndpointManager failed to find EndpointChannel over which to write DATA at offset 612 of Payload -9007404025457505713 to endpoint T8u1 [CONTEXT service_id=54 ]
04-22 11:34:01.724  2290  2603 I bt_stack: [INFO:gatt_api.cc(1122)] GATT_Connect gatt_if=10, address=4a:be:3c:c0:95:58 is_direct 1
04-22 11:34:01.724 22073  6656 E NearbyConnections: EndpointManager failed to find EndpointChannel over which to write DATA at offset 612 of Payload -9007404025457505713 to endpoint T8u1 [CONTEXT service_id=54 ]
04-22 11:34:01.724  2290  2603 I bt_stack: [INFO:btm_ble_bgconn.cc(248)] btm_add_dev_to_controller addig RPA into white list
04-22 11:34:01.724 22073  6656 E NearbyConnections: EndpointManager failed to find EndpointChannel over which to write DATA at offset 612 of Payload -9007404025457505713 to endpoint T8u1 [CONTEXT service_id=54 ]
04-22 11:34:01.778 22073  6656 I chatty  : uid=10156(com.google.android.gms) highpool[332] identical 219 lines
04-22 11:34:01.778 22073  6656 E NearbyConnections: EndpointManager failed to find EndpointChannel over which to write DATA at offset 612 of Payload -9007404025457505713 to endpoint T8u1 [CONTEXT service_id=54 ]
04-22 11:34:01.779 22073 12115 I NearbyConnections: Timing out encryption for client 244116452 to endpoint -aIJ after 15000 ms [CONTEXT service_id=54 ]
04-22 11:34:01.779 22073  6656 E NearbyConnections: EndpointManager failed to find EndpointChannel over which to write DATA at offset 612 of Payload -9007404025457505713 to endpoint T8u1 [CONTEXT service_id=54 ]
04-22 11:34:01.782 22073  6656 I chatty  : uid=10156(com.google.android.gms) highpool[332] identical 10 lines
04-22 11:34:01.783 22073  6656 E NearbyConnections: EndpointManager failed to find EndpointChannel over which to write DATA at offset 612 of Payload -9007404025457505713 to endpoint T8u1 [CONTEXT service_id=54 ]
04-22 11:34:01.783 22073 11831 E NearbyConnections: In startClient(), UKEY2 failed with endpoint -aIJ [CONTEXT service_id=54 ]
04-22 11:34:01.783 22073 11831 E NearbyConnections: java.net.SocketException: Socket closed
04-22 11:34:01.783 22073 11831 E NearbyConnections: 	at java.net.SocketInputStream.socketRead0(Native Method)
04-22 11:34:01.783 22073 11831 E NearbyConnections: 	at java.net.SocketInputStream.socketRead(SocketInputStream.java:119)
04-22 11:34:01.783 22073 11831 E NearbyConnections: 	at java.net.SocketInputStream.read(SocketInputStream.java:176)
04-22 11:34:01.783 22073 11831 E NearbyConnections: 	at java.net.SocketInputStream.read(SocketInputStream.java:144)
04-22 11:34:01.783 22073 11831 E NearbyConnections: 	at java.io.BufferedInputStream.fill(BufferedInputStream.java:248)
04-22 11:34:01.783 22073 11831 E NearbyConnections: 	at java.io.BufferedInputStream.read1(BufferedInputStream.java:288)
04-22 11:34:01.783 22073 11831 E NearbyConnections: 	at java.io.BufferedInputStream.read(BufferedInputStream.java:347)
04-22 11:34:01.783 22073 11831 E NearbyConnections: 	at java.io.DataInputStream.readFully(DataInputStream.java:198)
04-22 11:34:01.783 22073 11831 E NearbyConnections: 	at java.io.DataInputStream.readInt(DataInputStream.java:389)
04-22 11:34:01.783 22073 11831 E NearbyConnections: 	at akti.h(:com.google.android.gms@211213033@21.12.13 (120300-367530751):1)
04-22 11:34:01.783 22073 11831 E NearbyConnections: 	at akti.g(:com.google.android.gms@211213033@21.12.13 (120300-367530751):2)
04-22 11:34:01.783 22073 11831 E NearbyConnections: 	at akuq.run(Unknown Source:7)
04-22 11:34:01.783 22073 11831 E NearbyConnections: 	at akoz.run(Unknown Source:3)
04-22 11:34:01.783 22073 11831 E NearbyConnections: 	at ull.c(:com.google.android.gms@211213033@21.12.13 (120300-367530751):6)
04-22 11:34:01.783 22073 11831 E NearbyConnections: 	at ull.run(:com.google.android.gms@211213033@21.12.13 (120300-367530751):7)
04-22 11:34:01.783 22073 11831 E NearbyConnections: 	at java.util.concurrent.ThreadPoolExecutor.runWorker(ThreadPoolExecutor.java:1167)
04-22 11:34:01.783 22073 11831 E NearbyConnections: 	at java.util.concurrent.ThreadPoolExecutor$Worker.run(ThreadPoolExecutor.java:641)
04-22 11:34:01.783 22073 11831 E NearbyConnections: 	at uri.run(:com.google.android.gms@211213033@21.12.13 (120300-367530751):0)
04-22 11:34:01.783 22073 11831 E NearbyConnections: 	at java.lang.Thread.run(Thread.java:919)
04-22 11:34:01.783 22073  6656 E NearbyConnections: EndpointManager failed to find EndpointChannel over which to write DATA at offset 612 of Payload -9007404025457505713 to endpoint T8u1 [CONTEXT service_id=54 ]
04-22 11:34:01.783 22073  6656 E NearbyConnections: EndpointManager failed to find EndpointChannel over which to write DATA at offset 612 of Payload -9007404025457505713 to endpoint T8u1 [CONTEXT service_id=54 ]
04-22 11:34:01.784  1743  2836 I WifiService: enableTdls uid=10156 enable=false
04-22 11:34:01.784 22073  6656 E NearbyConnections: EndpointManager failed to find EndpointChannel over which to write DATA at offset 612 of Payload -9007404025457505713 to endpoint T8u1 [CONTEXT service_id=54 ]
04-22 11:34:01.786 22073  6656 I chatty  : uid=10156(com.google.android.gms) highpool[332] identical 5 lines
04-22 11:34:01.786 22073  6656 E NearbyConnections: EndpointManager failed to find EndpointChannel over which to write DATA at offset 612 of Payload -9007404025457505713 to endpoint T8u1 [CONTEXT service_id=54 ]
04-22 11:34:01.787  1743 11502 I WifiService: enableTdlsWithMacAddress uid=1000 enable=false
04-22 11:34:01.787 22073  6656 E NearbyConnections: EndpointManager failed to find EndpointChannel over which to write DATA at offset 612 of Payload -9007404025457505713 to endpoint T8u1 [CONTEXT service_id=54 ]
04-22 11:34:01.787 22073  6656 I chatty  : uid=10156(com.google.android.gms) highpool[332] identical 3 lines
04-22 11:34:01.788 22073  6656 E NearbyConnections: EndpointManager failed to find EndpointChannel over which to write DATA at offset 612 of Payload -9007404025457505713 to endpoint T8u1 [CONTEXT service_id=54 ]
04-22 11:34:01.788 22073 12089 I NearbyConnections: Client 244116452 requested a connection to endpoint -Ggi. [CONTEXT service_id=54 ]
04-22 11:34:01.788 22073  6656 E NearbyConnections: EndpointManager failed to find EndpointChannel over which to write DATA at offset 612 of Payload -9007404025457505713 to endpoint T8u1 [CONTEXT service_id=54 ]
04-22 11:34:01.789 22073  6656 I chatty  : uid=10156(com.google.android.gms) highpool[332] identical 5 lines
