04-22 12:15:17.743  1743  1788 I PackageManager: Update package com.google.location.nearby.apps.connectedcrossroad code path from /data/app/com.google.location.nearby.apps.connectedcrossroad-TDaQn-I1-lBMecF6gHIYiQ== to /data/app/com.google.location.nearby.apps.connectedcrossroad-WcZpjMaFQ0VqZ3_qhXHRCQ==; Retain data and using new
04-22 12:15:17.743  1743  1788 I PackageManager: Update package com.google.location.nearby.apps.connectedcrossroad resource path from /data/app/com.google.location.nearby.apps.connectedcrossroad-TDaQn-I1-lBMecF6gHIYiQ== to /data/app/com.google.location.nearby.apps.connectedcrossroad-WcZpjMaFQ0VqZ3_qhXHRCQ==; Retain data and using new
04-22 12:15:17.793  1743 11968 D ActivityManager: makeInactive, ProcessRecord{c7b8c82 27547:com.android.keychain/1000}, clear holder.state
04-22 12:15:17.824  1743  1788 I PackageManager: Un-granting permission android.permission.MANAGE_DOCUMENTS from package com.google.android.youtube (protectionLevel=262146 flags=0x30dbbe45)
04-22 12:15:17.826  1743  1788 I PackageManager: Un-granting permission com.google.android.googleapps.permission.GOOGLE_AUTH from package com.android.providers.calendar (protectionLevel=2 flags=0x30883e45)
04-22 12:15:17.826  1743  1788 I PackageManager: Un-granting permission com.google.android.googleapps.permission.GOOGLE_AUTH.cl from package com.android.providers.calendar (protectionLevel=2 flags=0x30883e45)
04-22 12:15:17.826  1743  1788 I PackageManager: Un-granting permission com.google.android.gm.permission.READ_GMAIL from package com.google.android.apps.docs.editors.docs (protectionLevel=2 flags=0x38dbbe44)
04-22 12:15:17.827  1743  1788 I PackageManager: Un-granting permission com.google.android.googleapps.permission.GOOGLE_AUTH from package com.google.android.apps.docs.editors.docs (protectionLevel=2 flags=0x38dbbe44)
04-22 12:15:17.827  1743  1788 I PackageManager: Un-granting permission com.google.android.googleapps.permission.GOOGLE_AUTH.OTHER_SERVICES from package com.google.android.apps.docs.editors.docs (protectionLevel=2 flags=0x38dbbe44)
04-22 12:15:17.827  1743  1788 I PackageManager: Un-granting permission com.google.android.googleapps.permission.GOOGLE_AUTH.ALL_SERVICES from package com.google.android.apps.docs.editors.docs (protectionLevel=2 flags=0x38dbbe44)
04-22 12:15:17.827  1743  1788 I PackageManager: Un-granting permission com.google.android.googleapps.permission.GOOGLE_AUTH.writely from package com.google.android.apps.docs.editors.docs (protectionLevel=2 flags=0x38dbbe44)
04-22 12:15:17.827  1743  1788 I PackageManager: Un-granting permission com.google.android.googleapps.permission.GOOGLE_AUTH.wise from package com.google.android.apps.docs.editors.docs (protectionLevel=2 flags=0x38dbbe44)
04-22 12:15:17.827  1743  1788 I PackageManager: Un-granting permission android.permission.REQUEST_INSTALL_PACKAGES from package com.motorola.brapps (protectionLevel=66 flags=0x38483e45)
04-22 12:15:17.828  1743  1788 I PackageManager: Un-granting permission com.google.android.gm.permission.READ_GMAIL from package com.google.android.apps.docs.editors.sheets (protectionLevel=2 flags=0x38dbbe44)
04-22 12:15:17.828  1743  1788 I PackageManager: Un-granting permission com.google.android.googleapps.permission.GOOGLE_AUTH from package com.google.android.apps.docs.editors.sheets (protectionLevel=2 flags=0x38dbbe44)
04-22 12:15:17.828  1743  1788 I PackageManager: Un-granting permission com.google.android.googleapps.permission.GOOGLE_AUTH.OTHER_SERVICES from package com.google.android.apps.docs.editors.sheets (protectionLevel=2 flags=0x38dbbe44)
04-22 12:15:17.828  1743  1788 I PackageManager: Un-granting permission com.google.android.googleapps.permission.GOOGLE_AUTH.ALL_SERVICES from package com.google.android.apps.docs.editors.sheets (protectionLevel=2 flags=0x38dbbe44)
04-22 12:15:17.828  1743  1788 I PackageManager: Un-granting permission com.google.android.googleapps.permission.GOOGLE_AUTH.writely from package com.google.android.apps.docs.editors.sheets (protectionLevel=2 flags=0x38dbbe44)
04-22 12:15:17.828  1743  1788 I PackageManager: Un-granting permission com.google.android.googleapps.permission.GOOGLE_AUTH.wise from package com.google.android.apps.docs.editors.sheets (protectionLevel=2 flags=0x38dbbe44)
04-22 12:15:17.829  1743  1788 I PackageManager: Un-granting permission com.google.android.gm.permission.READ_GMAIL from package com.google.android.apps.docs.editors.slides (protectionLevel=2 flags=0x38dbbe44)
04-22 12:15:17.829  1743  1788 I PackageManager: Un-granting permission com.google.android.googleapps.permission.GOOGLE_AUTH from package com.google.android.apps.docs.editors.slides (protectionLevel=2 flags=0x38dbbe44)
04-22 12:15:17.829  1743  1788 I PackageManager: Un-granting permission com.google.android.googleapps.permission.GOOGLE_AUTH.OTHER_SERVICES from package com.google.android.apps.docs.editors.slides (protectionLevel=2 flags=0x38dbbe44)
04-22 12:15:17.829  1743  1788 I PackageManager: Un-granting permission com.google.android.googleapps.permission.GOOGLE_AUTH.ALL_SERVICES from package com.google.android.apps.docs.editors.slides (protectionLevel=2 flags=0x38dbbe44)
04-22 12:15:17.829  1743  1788 I PackageManager: Un-granting permission com.google.android.googleapps.permission.GOOGLE_AUTH.writely from package com.google.android.apps.docs.editors.slides (protectionLevel=2 flags=0x38dbbe44)
04-22 12:15:17.829  1743  1788 I PackageManager: Un-granting permission com.google.android.googleapps.permission.GOOGLE_AUTH.wise from package com.google.android.apps.docs.editors.slides (protectionLevel=2 flags=0x38dbbe44)
04-22 12:15:17.829  1743  1788 I PackageManager: Un-granting permission com.google.android.setupwizard.READ_DEVICE_ORIGIN from package com.google.android.apps.messaging (protectionLevel=18 flags=0x38cbbe45)
04-22 12:15:17.832  1743  1788 I PackageManager: Un-granting permission android.permission.SEND_DOWNLOAD_COMPLETED_INTENTS from package com.android.vending (protectionLevel=2 flags=0x28cabec5)
04-22 12:15:17.835  1743  1788 I PackageManager: Un-granting permission android.permission.BIND_CARRIER_SERVICES from package com.republicwireless.tel (protectionLevel=18 flags=0x30483e45)
04-22 12:15:17.835  1743  1788 I PackageManager: Un-granting permission android.permission.REQUEST_INSTALL_PACKAGES from package com.google.android.gm (protectionLevel=66 flags=0x38cbbe45)
04-22 12:15:17.838  1743  1788 I PackageManager: Un-granting permission android.permission.MANAGE_ROLE_HOLDERS from package com.google.android.apps.wellbeing (protectionLevel=258 flags=0x20cbbe45)
04-22 12:15:17.838  1743  1788 I PackageManager: Un-granting permission android.permission.REQUEST_INSTALL_PACKAGES from package com.google.android.apps.nbu.files (protectionLevel=66 flags=0x30c83e45)
04-22 12:15:17.839  1743  1788 I PackageManager: Un-granting permission android.permission.REQUEST_INSTALL_PACKAGES from package com.google.android.apps.docs (protectionLevel=66 flags=0x38cbbe45)
04-22 12:15:17.840  1743  1788 I PackageManager: Un-granting permission android.permission.INTERACT_ACROSS_USERS from package com.google.android.syncadapters.contacts (protectionLevel=50 flags=0x20883e45)
04-22 12:15:17.840  1743  1788 I PackageManager: Un-granting permission android.permission.REQUEST_INSTALL_PACKAGES from package com.android.chrome (protectionLevel=66 flags=0xa0cbbec5)
04-22 12:15:17.841  1743  1788 I PackageManager: Un-granting permission android.permission.CAPTURE_VIDEO_OUTPUT from package com.google.android.gms (protectionLevel=2 flags=0xa0cabec5)
04-22 12:15:17.841  1743  1788 I PackageManager: Un-granting permission android.permission.MANAGE_DEVICE_ADMINS from package com.google.android.gms (protectionLevel=2 flags=0xa0cabec5)
04-22 12:15:17.842  1743  1788 I PackageManager: Un-granting permission android.permission.MANAGE_ACTIVITY_STACKS from package com.google.android.gms (protectionLevel=2 flags=0xa0cabec5)
04-22 12:15:17.842  1743  1788 I PackageManager: Un-granting permission android.permission.CAPTURE_SECURE_VIDEO_OUTPUT from package com.google.android.gms (protectionLevel=2 flags=0xa0cabec5)
04-22 12:15:17.842  1743  1788 I PackageManager: Un-granting permission android.permission.MANAGE_ROLLBACKS from package com.google.android.gms (protectionLevel=514 flags=0xa0cabec5)
04-22 12:15:17.844  1743  1788 I PackageManager: Un-granting permission com.google.android.googleapps.permission.GOOGLE_AUTH from package com.google.android.videos (protectionLevel=2 flags=0x30dbbe45)
04-22 12:15:17.845  1743  1788 I PackageManager: Un-granting permission android.permission.WRITE_MEDIA_STORAGE from package com.google.android.apps.photos (protectionLevel=18 flags=0x38d9be45)
04-22 12:15:17.848  1743  1788 I PackageManager: Un-granting permission android.permission.CONNECTIVITY_INTERNAL from package com.google.android.wfcactivation (protectionLevel=18 flags=0x3888be45)
04-22 12:15:17.848  1743  1788 I PackageManager: Un-granting permission android.permission.READ_LOGS from package com.google.android.wfcactivation (protectionLevel=50 flags=0x3888be45)
04-22 12:15:17.848  1743  1788 I PackageManager: Un-granting permission android.permission.WRITE_APN_SETTINGS from package com.google.android.wfcactivation (protectionLevel=18 flags=0x3888be45)
04-22 12:15:17.848  1743  1788 I PackageManager: Un-granting permission android.permission.WRITE_SECURE_SETTINGS from package com.LogiaGroup.LogiaDeck (protectionLevel=50 flags=0x38483e45)
04-22 12:15:17.850  1743  1788 I PackageManager: Un-granting permission android.permission.READ_WALLPAPER_INTERNAL from package com.google.android.apps.wallpaper (protectionLevel=18 flags=0x20cbbe45)
04-22 12:15:17.949  1743  1772 W BroadcastQueue: Background execution not allowed: receiving Intent { act=android.intent.action.PACKAGE_REMOVED dat=package:com.google.location.nearby.apps.connectedcrossroad flg=0x4000010 (has extras) } to com.android.vending/com.google.android.finsky.packagemanager.impl.PackageMonitorReceiverImpl$RegisteredReceiver
04-22 12:15:17.950  1743  1772 W BroadcastQueue: Background execution not allowed: receiving Intent { act=android.intent.action.PACKAGE_REMOVED dat=package:com.google.location.nearby.apps.connectedcrossroad flg=0x4000010 (has extras) } to com.android.vending/com.google.android.finsky.instantapps.appmanagement.InstantAppRemoveMonitor
04-22 12:15:17.950  1743  1772 W BroadcastQueue: Background execution not allowed: receiving Intent { act=android.intent.action.PACKAGE_REMOVED dat=package:com.google.location.nearby.apps.connectedcrossroad flg=0x4000010 (has extras) } to com.google.android.gms/.games.chimera.GamesSystemBroadcastReceiverProxy
04-22 12:15:17.950  1743  1772 W BroadcastQueue: Background execution not allowed: receiving Intent { act=android.intent.action.PACKAGE_REMOVED dat=package:com.google.location.nearby.apps.connectedcrossroad flg=0x4000010 (has extras) } to com.google.android.gms/.chimera.GmsIntentOperationService$PersistentTrustedReceiver
04-22 12:15:17.950  1743  1772 W BroadcastQueue: Background execution not allowed: receiving Intent { act=android.intent.action.PACKAGE_REMOVED dat=package:com.google.location.nearby.apps.connectedcrossroad flg=0x4000010 (has extras) } to com.google.android.googlequicksearchbox/com.google.android.apps.gsa.googlequicksearchbox.GelStubAppWatcher
04-22 12:15:17.951  1743  1772 W BroadcastQueue: Background execution not allowed: receiving Intent { act=android.intent.action.PACKAGE_REMOVED dat=package:com.google.location.nearby.apps.connectedcrossroad flg=0x4000010 (has extras) } to com.verizon.loginengine.unbranded/com.verizon.vzwavs.AVSSystemReceiver
04-22 12:15:17.951  1743  1772 W BroadcastQueue: Background execution not allowed: receiving Intent { act=android.intent.action.PACKAGE_REMOVED dat=package:com.google.location.nearby.apps.connectedcrossroad flg=0x4000010 (has extras) } to com.google.android.apps.magazines/com.google.android.libraries.social.peoplekit.thirdparty.viewcontrollers.ThirdPartyReceiver
04-22 12:15:17.954  1743  2078 W AccountManagerService: User 10217 does not exist. It might be removed already.
04-22 12:15:17.968  1743  2660 W LocationProviderProxy: Odd, no component found for service com.android.location.service.v3.NetworkLocationProvider
04-22 12:15:17.971  1743  1772 W BroadcastQueue: Background execution not allowed: receiving Intent { act=android.intent.action.PACKAGE_ADDED dat=package:com.google.location.nearby.apps.connectedcrossroad flg=0x4000010 (has extras) } to com.google.android.packageinstaller/com.android.packageinstaller.PackageInstalledReceiver
04-22 12:15:17.973  1743  1772 W BroadcastQueue: Background execution not allowed: receiving Intent { act=android.intent.action.PACKAGE_ADDED dat=package:com.google.location.nearby.apps.connectedcrossroad flg=0x4000010 (has extras) } to com.android.vending/com.google.android.finsky.packagemanager.impl.PackageMonitorReceiverImpl$RegisteredReceiver
04-22 12:15:17.973  1743  1772 W BroadcastQueue: Background execution not allowed: receiving Intent { act=android.intent.action.PACKAGE_ADDED dat=package:com.google.location.nearby.apps.connectedcrossroad flg=0x4000010 (has extras) } to com.facebook.appmanager/com.facebook.oxygen.common.packages.event.manifest.ManifestPackageEventReceiver
04-22 12:15:17.986  1743  1772 W BroadcastQueue: Background execution not allowed: receiving Intent { act=android.intent.action.PACKAGE_ADDED dat=package:com.google.location.nearby.apps.connectedcrossroad flg=0x4000010 (has extras) } to com.google.android.gms/.games.chimera.GamesSystemBroadcastReceiverProxy
04-22 12:15:17.988  1743  1772 W BroadcastQueue: Background execution not allowed: receiving Intent { act=android.intent.action.PACKAGE_ADDED dat=package:com.google.location.nearby.apps.connectedcrossroad flg=0x4000010 (has extras) } to com.google.android.gms/.gass.chimera.PackageChangeBroadcastReceiver
04-22 12:15:17.989  1743  1772 W BroadcastQueue: Background execution not allowed: receiving Intent { act=android.intent.action.PACKAGE_ADDED dat=package:com.google.location.nearby.apps.connectedcrossroad flg=0x4000010 (has extras) } to com.google.android.gms/.chimera.GmsIntentOperationService$PersistentTrustedReceiver
04-22 12:15:17.989  1743  1772 W BroadcastQueue: Background execution not allowed: receiving Intent { act=android.intent.action.PACKAGE_ADDED dat=package:com.google.location.nearby.apps.connectedcrossroad flg=0x4000010 (has extras) } to com.google.android.googlequicksearchbox/com.google.android.apps.gsa.googlequicksearchbox.GelStubAppWatcher
04-22 12:15:17.996  1743  1772 W BroadcastQueue: Background execution not allowed: receiving Intent { act=android.intent.action.PACKAGE_ADDED dat=package:com.google.location.nearby.apps.connectedcrossroad flg=0x4000010 (has extras) } to com.google.android.ims/.receivers.RcsAutoStartReceiver
04-22 12:15:18.052  1743  1773 I ActivityManager: Start proc 17450:com.android.keychain/1000 for service {com.android.keychain/com.android.keychain.KeyChainService}
04-22 12:15:18.056  1743  5895 W BroadcastQueue: Background execution not allowed: receiving Intent { act=android.intent.action.PACKAGE_ADDED dat=package:com.google.location.nearby.apps.connectedcrossroad flg=0x4000010 (has extras) } to com.verizon.loginengine.unbranded/com.verizon.vzwavs.AVSSystemReceiver
04-22 12:15:18.187  1743  1743 W Looper  : Slow dispatch took 135ms main h=android.app.ActivityThread$H c=android.app.-$$Lambda$LoadedApk$ReceiverDispatcher$Args$_BumDX2UKsnxLVrE6UJsJZkotuA@8f804e4 m=0
04-22 12:15:18.187  1743  1743 W Looper  : Slow delivery took 229ms main h=android.app.ActivityThread$H c=android.app.-$$Lambda$LoadedApk$ReceiverDispatcher$Args$_BumDX2UKsnxLVrE6UJsJZkotuA@f6fbd4d m=0
04-22 12:15:18.188  1743  1743 I TelecomService: DefaultDialerCache: Refreshing default dialer for user 0: now com.google.android.dialer: DDC.oR@A2M
04-22 12:15:18.241  1743  1743 V BackupManagerConstants: getFullBackupIntervalMilliseconds(...) returns 86400000
04-22 12:15:18.241  1743  1743 V BackupManagerConstants: getFullBackupRequiredNetworkType(...) returns 2
04-22 12:15:18.241  1743  1743 V BackupManagerConstants: getFullBackupRequireCharging(...) returns true
04-22 12:15:18.247  1743  1762 W Looper  : Slow delivery took 214ms android.fg h=android.os.Handler c=<recycled PooledLambda@1be6526> m=0
04-22 12:15:18.248  1743  1743 E LoadedApk: Unable to instantiate appComponentFactory
04-22 12:15:18.248  1743  1743 E LoadedApk: java.lang.ClassNotFoundException: Didn't find class "androidx.core.app.CoreComponentFactory" on path: DexPathList[[],nativeLibraryDirectories=[/system/app/YTMusic/lib/arm, /system/app/YTMusic/YTMusic.apk!/lib/armeabi-v7a, /system/lib, /product/lib, /system/lib, /product/lib]]
04-22 12:15:18.248  1743  1743 E LoadedApk: 	at dalvik.system.BaseDexClassLoader.findClass(BaseDexClassLoader.java:196)
04-22 12:15:18.248  1743  1743 E LoadedApk: 	at java.lang.ClassLoader.loadClass(ClassLoader.java:379)
04-22 12:15:18.248  1743  1743 E LoadedApk: 	at java.lang.ClassLoader.loadClass(ClassLoader.java:312)
04-22 12:15:18.248  1743  1743 E LoadedApk: 	at android.app.LoadedApk.createAppFactory(LoadedApk.java:256)
04-22 12:15:18.248  1743  1743 E LoadedApk: 	at android.app.LoadedApk.updateApplicationInfo(LoadedApk.java:370)
04-22 12:15:18.248  1743  1743 E LoadedApk: 	at android.app.ActivityThread.handleDispatchPackageBroadcast(ActivityThread.java:6186)
04-22 12:15:18.248  1743  1743 E LoadedApk: 	at android.app.ActivityThread$H.handleMessage(ActivityThread.java:2108)
04-22 12:15:18.248  1743  1743 E LoadedApk: 	at android.os.Handler.dispatchMessage(Handler.java:107)
04-22 12:15:18.248  1743  1743 E LoadedApk: 	at android.os.Looper.loop(Looper.java:241)
04-22 12:15:18.248  1743  1743 E LoadedApk: 	at com.android.server.SystemServer.run(SystemServer.java:585)
04-22 12:15:18.248  1743  1743 E LoadedApk: 	at com.android.server.SystemServer.main(SystemServer.java:381)
04-22 12:15:18.248  1743  1743 E LoadedApk: 	at java.lang.reflect.Method.invoke(Native Method)
04-22 12:15:18.248  1743  1743 E LoadedApk: 	at com.android.internal.os.RuntimeInit$MethodAndArgsCaller.run(RuntimeInit.java:492)
04-22 12:15:18.248  1743  1743 E LoadedApk: 	at com.android.internal.os.ZygoteInit.main(ZygoteInit.java:919)
04-22 12:15:18.264  1743  1743 E LoadedApk: Unable to instantiate appComponentFactory
04-22 12:15:18.264  1743  1743 E LoadedApk: java.lang.ClassNotFoundException: Didn't find class "androidx.core.app.CoreComponentFactory" on path: DexPathList[[],nativeLibraryDirectories=[/system/app/YTMusic/lib/arm, /system/app/YTMusic/YTMusic.apk!/lib/armeabi-v7a, /system/lib, /product/lib, /system/lib, /product/lib]]
04-22 12:15:18.264  1743  1743 E LoadedApk: 	at dalvik.system.BaseDexClassLoader.findClass(BaseDexClassLoader.java:196)
04-22 12:15:18.264  1743  1743 E LoadedApk: 	at java.lang.ClassLoader.loadClass(ClassLoader.java:379)
04-22 12:15:18.264  1743  1743 E LoadedApk: 	at java.lang.ClassLoader.loadClass(ClassLoader.java:312)
04-22 12:15:18.264  1743  1743 E LoadedApk: 	at android.app.LoadedApk.createAppFactory(LoadedApk.java:256)
04-22 12:15:18.264  1743  1743 E LoadedApk: 	at android.app.LoadedApk.updateApplicationInfo(LoadedApk.java:370)
04-22 12:15:18.264  1743  1743 E LoadedApk: 	at android.app.ActivityThread.handleDispatchPackageBroadcast(ActivityThread.java:6186)
04-22 12:15:18.264  1743  1743 E LoadedApk: 	at android.app.ActivityThread$H.handleMessage(ActivityThread.java:2108)
04-22 12:15:18.264  1743  1743 E LoadedApk: 	at android.os.Handler.dispatchMessage(Handler.java:107)
04-22 12:15:18.264  1743  1743 E LoadedApk: 	at android.os.Looper.loop(Looper.java:241)
04-22 12:15:18.264  1743  1743 E LoadedApk: 	at com.android.server.SystemServer.run(SystemServer.java:585)
04-22 12:15:18.264  1743  1743 E LoadedApk: 	at com.android.server.SystemServer.main(SystemServer.java:381)
04-22 12:15:18.264  1743  1743 E LoadedApk: 	at java.lang.reflect.Method.invoke(Native Method)
04-22 12:15:18.264  1743  1743 E LoadedApk: 	at com.android.internal.os.RuntimeInit$MethodAndArgsCaller.run(RuntimeInit.java:492)
04-22 12:15:18.264  1743  1743 E LoadedApk: 	at com.android.internal.os.ZygoteInit.main(ZygoteInit.java:919)
04-22 12:15:18.266  1743  1743 W Looper  : Drained
04-22 12:15:18.329  1743  2383 W BroadcastQueue: Background execution not allowed: receiving Intent { act=android.intent.action.PACKAGE_REPLACED dat=package:com.google.location.nearby.apps.connectedcrossroad flg=0x4000010 (has extras) } to com.facebook.appmanager/com.facebook.oxygen.common.packages.event.manifest.ManifestPackageEventReceiver
04-22 12:15:18.334  1743  1772 W BroadcastQueue: Background execution not allowed: receiving Intent { act=android.intent.action.PACKAGE_REPLACED dat=package:com.google.location.nearby.apps.connectedcrossroad flg=0x4000010 (has extras) } to com.google.android.apps.photos/.account.full.FetchAccountPropertiesAppUpgradeBroadcastReceiver
04-22 12:15:18.335  1743  1772 W BroadcastQueue: Background execution not allowed: receiving Intent { act=android.intent.action.PACKAGE_REPLACED dat=package:com.google.location.nearby.apps.connectedcrossroad flg=0x4000010 (has extras) } to com.google.android.apps.photos/.account.full.SyncAccountsForLoginBroadcastReceiver
04-22 12:15:18.336  1743  1772 W BroadcastQueue: Background execution not allowed: receiving Intent { act=android.intent.action.PACKAGE_REPLACED dat=package:com.google.location.nearby.apps.connectedcrossroad flg=0x4000010 (has extras) } to com.google.android.apps.photos/.notificationchannels.AppUpdateBroadcastReceiver
04-22 12:15:18.336  1743  1772 W BroadcastQueue: Background execution not allowed: receiving Intent { act=android.intent.action.PACKAGE_REPLACED dat=package:com.google.location.nearby.apps.connectedcrossroad flg=0x4000010 (has extras) } to com.google.android.gms/.gass.chimera.PackageChangeBroadcastReceiver
04-22 12:15:18.336  1743  1772 W BroadcastQueue: Background execution not allowed: receiving Intent { act=android.intent.action.PACKAGE_REPLACED dat=package:com.google.location.nearby.apps.connectedcrossroad flg=0x4000010 (has extras) } to com.google.android.gms/.chimera.GmsIntentOperationService$PersistentTrustedReceiver
04-22 12:15:18.336  1743  1772 W BroadcastQueue: Background execution not allowed: receiving Intent { act=android.intent.action.PACKAGE_REPLACED dat=package:com.google.location.nearby.apps.connectedcrossroad flg=0x4000010 (has extras) } to com.google.android.googlequicksearchbox/com.google.android.apps.gsa.googlequicksearchbox.GelStubAppWatcher
04-22 12:15:18.336  1743  1772 W BroadcastQueue: Background execution not allowed: receiving Intent { act=android.intent.action.PACKAGE_REPLACED dat=package:com.google.location.nearby.apps.connectedcrossroad flg=0x4000010 (has extras) } to com.google.android.ims/.receivers.RcsAutoStartReceiver
04-22 12:15:18.336  1743  1772 W BroadcastQueue: Background execution not allowed: receiving Intent { act=android.intent.action.PACKAGE_REPLACED dat=package:com.google.location.nearby.apps.connectedcrossroad flg=0x4000010 (has extras) } to com.motorola.ccc.notification/.gcm.GCMAdminReceiver
04-22 12:15:18.337  1743  1772 W BroadcastQueue: Background execution not allowed: receiving Intent { act=android.intent.action.PACKAGE_REPLACED dat=package:com.google.location.nearby.apps.connectedcrossroad flg=0x4000010 (has extras) } to com.verizon.loginengine.unbranded/com.verizon.vzwavs.AVSSystemReceiver
04-22 12:15:18.554  1743  3657 I ActivityTaskManager: START u0 {act=android.intent.action.MAIN cat=[android.intent.category.LAUNCHER] flg=0x10000000 cmp=com.google.location.nearby.apps.connectedcrossroad/nx.aodv.eval.MainActivity} from uid 2000
04-22 12:15:18.555  1743  3657 D ActivityTaskManager: getPreferredLaunchDisplay usersetdisplayid -1 current displayId 0 paramspreferid 0
04-22 12:15:18.555  1743  3657 D ActivityTaskManager: getPreferredLaunchDisplay usersetdisplayid -1 current displayId 0 paramspreferid 0
04-22 12:15:18.557  1743  3657 D ActivityTaskManager: getPreferredLaunchDisplay usersetdisplayid 0 current displayId 0 paramspreferid 0
04-22 12:15:18.570  1743  1743 V SettingsProvider: Notifying for 0: content://settings/secure/reminder_exp_learning_time_elapsed
04-22 12:15:18.587  1743  1762 W Looper  : Drained
04-22 12:15:18.589  1743  1766 V WindowManager: Changing focus from Window{a0fbc2a u0 com.motorola.launcher3/com.android.launcher3.CustomizationPanelLauncher} to null displayId=0
04-22 12:15:18.604  1743  1773 I ActivityManager: Start proc 17511:com.google.location.nearby.apps.connectedcrossroad/u0a217 for activity {com.google.location.nearby.apps.connectedcrossroad/nx.aodv.eval.MainActivity}
04-22 12:15:18.668  1743  1766 I WindowManager:   SURFACE show Surface(name=Splash Screen com.google.location.nearby.apps.connectedcrossroad)/@0x9487048 on display:0: Splash Screen com.google.location.nearby.apps.connectedcrossroad
04-22 12:15:18.984  1743  3659 I WindowManager: Window drawn AppWindowToken{815d8f1 token=Token{f647898 ActivityRecord{fa6c27b u0 com.motorola.launcher3/com.android.launcher3.CustomizationPanelLauncher t4}}}
04-22 12:15:19.357  1743  3659 V WindowManager: Changing focus from null to Window{1ddd19a u0 com.google.location.nearby.apps.connectedcrossroad/nx.aodv.eval.MainActivity} displayId=0
04-22 12:15:19.510  1743  1766 I LaunchCheckinHandler: Displayed com.google.location.nearby.apps.connectedcrossroad/nx.aodv.eval.MainActivity,cp,ca,935
04-22 12:15:19.510  1743  1766 I WindowManager: Window drawn AppWindowToken{30b687e token=Token{ff18a39 ActivityRecord{1d68200 u0 com.google.location.nearby.apps.connectedcrossroad/nx.aodv.eval.MainActivity t53}}}
04-22 12:15:19.510  1743  1766 I WindowManager:   SURFACE show Surface(name=com.google.location.nearby.apps.connectedcrossroad/nx.aodv.eval.MainActivity)/@0x86b5acb on display:0: com.google.location.nearby.apps.connectedcrossroad/nx.aodv.eval.MainActivity
04-22 12:15:21.465  1743  2059 D BatteryService: uevent={POWER_SUPPLY_DP_DM=0, POWER_SUPPLY_VOLTAGE_NOW=3792891, POWER_SUPPLY_SW_JEITA_ENABLED=0, POWER_SUPPLY_CHARGE_CONTROL_LIMIT_MAX=8, POWER_SUPPLY_RECHARGE_SOC=99, POWER_SUPPLY_HEALTH=Good, POWER_SUPPLY_TECHNOLOGY=Li-ion, POWER_SUPPLY_FCC_STEPPER_ENABLE=0, SEQNUM=632252, POWER_SUPPLY_INPUT_CURRENT_LIMITED=0, POWER_SUPPLY_CHARGE_CONTROL_LIMIT=0, POWER_SUPPLY_BATTERY_CHARGING_ENABLED=1, POWER_SUPPLY_STATUS=Discharging, POWER_SUPPLY_CYCLE_COUNT=6, POWER_SUPPLY_CURRENT_MAX=2000000, POWER_SUPPLY_CHARGE_TERM_CURRENT=-101, POWER_SUPPLY_CAPACITY=47, DEVPATH=/devices/platform/soc/200f000.qcom,spmi/spmi-0/spmi0-02/200f000.qcom,spmi:qcom,pmi632@2:qcom,qpnp-smb5/power_supply/battery, POWER_SUPPLY_CHARGE_DONE=0, POWER_SUPPLY_CHARGE_TYPE=N/A, POWER_SUPPLY_CHARGE_RATE=None, POWER_SUPPLY_CURRENT_NOW=-362854, POWER_SUPPLY_SYSTEM_TEMP_LEVEL=0, POWER_SUPPLY_PRESENT=1, POWER_SUPPLY_PARALLEL_DISABLE=0, POWER_SUPPLY_CHARGE_FULL=3505000, SUBSYSTEM=power_supply, POWER_SUPPLY_SET_SHIP_MODE=0, POWER_SUPPLY_TEMP=286, ACTION=change, POWER_SUPPLY_RERUN_AICL=0, POWER_SUPPLY_AGE=97, POWER_SUPPLY_NAME=battery, POWER_SUPPLY_VOLTAGE_MAX=-22, POWER_SUPPLY_CONSTANT_CHARGE_CURRENT_MAX=2000000, POWER_SUPPLY_CHARGE_COUNTER=1682400, POWER_SUPPLY_STEP_CHARGING_ENABLED=0, POWER_SUPPLY_NUM_SYSTEM_TEMP_LEVELS=8, POWER_SUPPLY_DIE_HEALTH=Hot, POWER_SUPPLY_INPUT_SUSPEND=0}
04-22 12:15:37.919  1743  1766 I WindowManager:   SURFACE show Surface(name=InputMethod)/@0x33b3d76 on display:0: InputMethod
04-22 12:15:39.683  1743  1743 D BluetoothManagerService: Bluetooth Adapter name changed to IkkyY0xbye0AAAAAAAAAATM
04-22 12:15:39.683  1743  1743 D BluetoothManagerService: Stored Bluetooth name: IkkyY0xbye0AAAAAAAAAATM
04-22 12:15:39.684  1743  1743 V SettingsProvider: Notifying for 0: content://settings/secure/bluetooth_name
04-22 12:15:40.027  1743  2246 D NsdService: Register service
04-22 12:15:40.027  1743  2246 D NsdService: registerService: 34 name: IkkyY0xbye0AAA, type: _5BC9ED5E6C75._tcp, host: null, port: 37249, txtRecord: n=MwIPv4=192.168.1.66
04-22 12:15:40.028  1743  2246 D NsdService: mdnssd [register, 34, IkkyY0xbye0AAA, _5BC9ED5E6C75._tcp, 37249, BG49TXcRSVB2ND0xOTIuMTY4LjEuNjY=]
04-22 12:15:40.030  1743  2246 D NsdService: Register 34 34
04-22 12:15:40.700  1743  2246 D NsdService: Native daemon message SERVICE_REGISTERED: 606 34 "IkkyY0xbye0AAA"
04-22 12:15:40.794  1743  1766 I WindowManager:   SURFACE show Surface(name=InputMethod)/@0x9a88155 on display:0: InputMethod
04-22 12:15:45.575  1743  1772 W BroadcastQueue: Background execution not allowed: receiving Intent { act=android.bluetooth.device.action.BOND_STATE_CHANGED flg=0x10 (has extras) } to com.google.android.gms/.chimera.GmsIntentOperationService$PersistentTrustedReceiver
04-22 12:15:45.577  1743  1772 W BroadcastQueue: Background execution not allowed: receiving Intent { act=android.bluetooth.device.action.BOND_STATE_CHANGED flg=0x10 (has extras) } to com.google.android.googlequicksearchbox/com.google.android.apps.gsa.broadcastreceiver.external.ExternalCommonBroadcastReceiver
04-22 12:15:46.335  1743  1772 W BroadcastQueue: Background execution not allowed: receiving Intent { act=android.bluetooth.device.action.BOND_STATE_CHANGED flg=0x10 (has extras) } to com.google.android.gms/.chimera.GmsIntentOperationService$PersistentTrustedReceiver
04-22 12:15:46.335  1743  1772 W BroadcastQueue: Background execution not allowed: receiving Intent { act=android.bluetooth.device.action.BOND_STATE_CHANGED flg=0x10 (has extras) } to com.google.android.googlequicksearchbox/com.google.android.apps.gsa.broadcastreceiver.external.ExternalCommonBroadcastReceiver
04-22 12:15:46.502  1743  1766 I WindowManager:   SURFACE show Surface(name=InputMethod)/@0xd446e1e on display:0: InputMethod
04-22 12:15:53.717  1743  1766 I WindowManager:   SURFACE show Surface(name=PopupWindow:29b8004)/@0x4a28b63 on display:0: PopupWindow:29b8004
04-22 12:15:57.947  1743  1772 I ActivityManager: Waited long enough for: ServiceRecord{754e35 u0 com.google.android.googlequicksearchbox/com.google.android.apps.gsa.shared.util.keepalive.StandaloneKeepAlive$KeepAliveService}
04-22 12:16:22.906  1743  2059 D BatteryService: uevent={POWER_SUPPLY_DP_DM=0, POWER_SUPPLY_VOLTAGE_NOW=3792891, POWER_SUPPLY_SW_JEITA_ENABLED=0, POWER_SUPPLY_CHARGE_CONTROL_LIMIT_MAX=8, POWER_SUPPLY_RECHARGE_SOC=99, POWER_SUPPLY_HEALTH=Good, POWER_SUPPLY_TECHNOLOGY=Li-ion, POWER_SUPPLY_FCC_STEPPER_ENABLE=0, SEQNUM=632376, POWER_SUPPLY_INPUT_CURRENT_LIMITED=0, POWER_SUPPLY_CHARGE_CONTROL_LIMIT=0, POWER_SUPPLY_BATTERY_CHARGING_ENABLED=1, POWER_SUPPLY_STATUS=Discharging, POWER_SUPPLY_CYCLE_COUNT=6, POWER_SUPPLY_CURRENT_MAX=2000000, POWER_SUPPLY_CHARGE_TERM_CURRENT=-101, POWER_SUPPLY_CAPACITY=47, DEVPATH=/devices/platform/soc/200f000.qcom,spmi/spmi-0/spmi0-02/200f000.qcom,spmi:qcom,pmi632@2:qcom,qpnp-smb5/power_supply/battery, POWER_SUPPLY_CHARGE_DONE=0, POWER_SUPPLY_CHARGE_TYPE=N/A, POWER_SUPPLY_CHARGE_RATE=None, POWER_SUPPLY_CURRENT_NOW=-378723, POWER_SUPPLY_SYSTEM_TEMP_LEVEL=0, POWER_SUPPLY_PRESENT=1, POWER_SUPPLY_PARALLEL_DISABLE=0, POWER_SUPPLY_CHARGE_FULL=3505000, SUBSYSTEM=power_supply, POWER_SUPPLY_SET_SHIP_MODE=0, POWER_SUPPLY_TEMP=288, ACTION=change, POWER_SUPPLY_RERUN_AICL=0, POWER_SUPPLY_AGE=97, POWER_SUPPLY_NAME=battery, POWER_SUPPLY_VOLTAGE_MAX=-22, POWER_SUPPLY_CONSTANT_CHARGE_CURRENT_MAX=2000000, POWER_SUPPLY_CHARGE_COUNTER=1682400, POWER_SUPPLY_STEP_CHARGING_ENABLED=0, POWER_SUPPLY_NUM_SYSTEM_TEMP_LEVELS=8, POWER_SUPPLY_DIE_HEALTH=Hot, POWER_SUPPLY_INPUT_SUSPEND=0}
04-22 12:16:24.623  1743  1766 I WindowManager:   SURFACE show Surface(name=PopupWindow:29b8004)/@0x5e7b04e on display:0: PopupWindow:29b8004
04-22 12:16:24.666  1743  1766 I WindowManager:   SURFACE show Surface(name=InputMethod)/@0x7e57b26 on display:0: InputMethod
04-22 12:16:26.835  1743  1766 I WindowManager:   SURFACE show Surface(name=PopupWindow:f150cab)/@0x317429d on display:0: PopupWindow:f150cab
04-22 12:16:27.133  1743  1766 I WindowManager:   SURFACE show Surface(name=PopupWindow:29b8004)/@0xff30d0d on display:0: PopupWindow:29b8004
04-22 12:17:24.354  1743  2059 D BatteryService: uevent={POWER_SUPPLY_DP_DM=0, POWER_SUPPLY_VOLTAGE_NOW=3793669, POWER_SUPPLY_SW_JEITA_ENABLED=0, POWER_SUPPLY_CHARGE_CONTROL_LIMIT_MAX=8, POWER_SUPPLY_RECHARGE_SOC=99, POWER_SUPPLY_HEALTH=Good, POWER_SUPPLY_TECHNOLOGY=Li-ion, POWER_SUPPLY_FCC_STEPPER_ENABLE=0, SEQNUM=632497, POWER_SUPPLY_INPUT_CURRENT_LIMITED=0, POWER_SUPPLY_CHARGE_CONTROL_LIMIT=0, POWER_SUPPLY_BATTERY_CHARGING_ENABLED=1, POWER_SUPPLY_STATUS=Discharging, POWER_SUPPLY_CYCLE_COUNT=6, POWER_SUPPLY_CURRENT_MAX=2000000, POWER_SUPPLY_CHARGE_TERM_CURRENT=-101, POWER_SUPPLY_CAPACITY=47, DEVPATH=/devices/platform/soc/200f000.qcom,spmi/spmi-0/spmi0-02/200f000.qcom,spmi:qcom,pmi632@2:qcom,qpnp-smb5/power_supply/battery, POWER_SUPPLY_CHARGE_DONE=0, POWER_SUPPLY_CHARGE_TYPE=N/A, POWER_SUPPLY_CHARGE_RATE=None, POWER_SUPPLY_CURRENT_NOW=-359344, POWER_SUPPLY_SYSTEM_TEMP_LEVEL=0, POWER_SUPPLY_PRESENT=1, POWER_SUPPLY_PARALLEL_DISABLE=0, POWER_SUPPLY_CHARGE_FULL=3505000, SUBSYSTEM=power_supply, POWER_SUPPLY_SET_SHIP_MODE=0, POWER_SUPPLY_TEMP=289, ACTION=change, POWER_SUPPLY_RERUN_AICL=0, POWER_SUPPLY_AGE=97, POWER_SUPPLY_NAME=battery, POWER_SUPPLY_VOLTAGE_MAX=-22, POWER_SUPPLY_CONSTANT_CHARGE_CURRENT_MAX=2000000, POWER_SUPPLY_CHARGE_COUNTER=1682400, POWER_SUPPLY_STEP_CHARGING_ENABLED=0, POWER_SUPPLY_NUM_SYSTEM_TEMP_LEVELS=8, POWER_SUPPLY_DIE_HEALTH=Hot, POWER_SUPPLY_INPUT_SUSPEND=0}
04-22 12:18:25.787  1743  2059 D BatteryService: uevent={POWER_SUPPLY_DP_DM=0, POWER_SUPPLY_VOLTAGE_NOW=3792891, POWER_SUPPLY_SW_JEITA_ENABLED=0, POWER_SUPPLY_CHARGE_CONTROL_LIMIT_MAX=8, POWER_SUPPLY_RECHARGE_SOC=99, POWER_SUPPLY_HEALTH=Good, POWER_SUPPLY_TECHNOLOGY=Li-ion, POWER_SUPPLY_FCC_STEPPER_ENABLE=0, SEQNUM=632621, POWER_SUPPLY_INPUT_CURRENT_LIMITED=0, POWER_SUPPLY_CHARGE_CONTROL_LIMIT=0, POWER_SUPPLY_BATTERY_CHARGING_ENABLED=1, POWER_SUPPLY_STATUS=Discharging, POWER_SUPPLY_CYCLE_COUNT=6, POWER_SUPPLY_CURRENT_MAX=2000000, POWER_SUPPLY_CHARGE_TERM_CURRENT=-101, POWER_SUPPLY_CAPACITY=47, DEVPATH=/devices/platform/soc/200f000.qcom,spmi/spmi-0/spmi0-02/200f000.qcom,spmi:qcom,pmi632@2:qcom,qpnp-smb5/power_supply/battery, POWER_SUPPLY_CHARGE_DONE=0, POWER_SUPPLY_CHARGE_TYPE=N/A, POWER_SUPPLY_CHARGE_RATE=None, POWER_SUPPLY_CURRENT_NOW=-337066, POWER_SUPPLY_SYSTEM_TEMP_LEVEL=0, POWER_SUPPLY_PRESENT=1, POWER_SUPPLY_PARALLEL_DISABLE=0, POWER_SUPPLY_CHARGE_FULL=3505000, SUBSYSTEM=power_supply, POWER_SUPPLY_SET_SHIP_MODE=0, POWER_SUPPLY_TEMP=289, ACTION=change, POWER_SUPPLY_RERUN_AICL=0, POWER_SUPPLY_AGE=97, POWER_SUPPLY_NAME=battery, POWER_SUPPLY_VOLTAGE_MAX=-22, POWER_SUPPLY_CONSTANT_CHARGE_CURRENT_MAX=2000000, POWER_SUPPLY_CHARGE_COUNTER=1682400, POWER_SUPPLY_STEP_CHARGING_ENABLED=0, POWER_SUPPLY_NUM_SYSTEM_TEMP_LEVELS=8, POWER_SUPPLY_DIE_HEALTH=Hot, POWER_SUPPLY_INPUT_SUSPEND=0}
04-22 12:19:27.233  1743  2059 D BatteryService: uevent={POWER_SUPPLY_DP_DM=0, POWER_SUPPLY_VOLTAGE_NOW=3790944, POWER_SUPPLY_SW_JEITA_ENABLED=0, POWER_SUPPLY_CHARGE_CONTROL_LIMIT_MAX=8, POWER_SUPPLY_RECHARGE_SOC=99, POWER_SUPPLY_HEALTH=Good, POWER_SUPPLY_TECHNOLOGY=Li-ion, POWER_SUPPLY_FCC_STEPPER_ENABLE=0, SEQNUM=632745, POWER_SUPPLY_INPUT_CURRENT_LIMITED=0, POWER_SUPPLY_CHARGE_CONTROL_LIMIT=0, POWER_SUPPLY_BATTERY_CHARGING_ENABLED=1, POWER_SUPPLY_STATUS=Discharging, POWER_SUPPLY_CYCLE_COUNT=6, POWER_SUPPLY_CURRENT_MAX=2000000, POWER_SUPPLY_CHARGE_TERM_CURRENT=-101, POWER_SUPPLY_CAPACITY=47, DEVPATH=/devices/platform/soc/200f000.qcom,spmi/spmi-0/spmi0-02/200f000.qcom,spmi:qcom,pmi632@2:qcom,qpnp-smb5/power_supply/battery, POWER_SUPPLY_CHARGE_DONE=0, POWER_SUPPLY_CHARGE_TYPE=N/A, POWER_SUPPLY_CHARGE_RATE=None, POWER_SUPPLY_CURRENT_NOW=-486450, POWER_SUPPLY_SYSTEM_TEMP_LEVEL=0, POWER_SUPPLY_PRESENT=1, POWER_SUPPLY_PARALLEL_DISABLE=0, POWER_SUPPLY_CHARGE_FULL=3505000, SUBSYSTEM=power_supply, POWER_SUPPLY_SET_SHIP_MODE=0, POWER_SUPPLY_TEMP=290, ACTION=change, POWER_SUPPLY_RERUN_AICL=0, POWER_SUPPLY_AGE=97, POWER_SUPPLY_NAME=battery, POWER_SUPPLY_VOLTAGE_MAX=-22, POWER_SUPPLY_CONSTANT_CHARGE_CURRENT_MAX=2000000, POWER_SUPPLY_CHARGE_COUNTER=1647350, POWER_SUPPLY_STEP_CHARGING_ENABLED=0, POWER_SUPPLY_NUM_SYSTEM_TEMP_LEVELS=8, POWER_SUPPLY_DIE_HEALTH=Hot, POWER_SUPPLY_INPUT_SUSPEND=0}
04-22 12:19:58.993  1743  2059 D BatteryService: uevent={POWER_SUPPLY_DP_DM=0, POWER_SUPPLY_VOLTAGE_NOW=3788219, POWER_SUPPLY_SW_JEITA_ENABLED=0, POWER_SUPPLY_CHARGE_CONTROL_LIMIT_MAX=8, POWER_SUPPLY_RECHARGE_SOC=99, POWER_SUPPLY_HEALTH=Good, POWER_SUPPLY_TECHNOLOGY=Li-ion, POWER_SUPPLY_FCC_STEPPER_ENABLE=0, SEQNUM=632811, POWER_SUPPLY_INPUT_CURRENT_LIMITED=0, POWER_SUPPLY_CHARGE_CONTROL_LIMIT=0, POWER_SUPPLY_BATTERY_CHARGING_ENABLED=1, POWER_SUPPLY_STATUS=Discharging, POWER_SUPPLY_CYCLE_COUNT=6, POWER_SUPPLY_CURRENT_MAX=2000000, POWER_SUPPLY_CHARGE_TERM_CURRENT=-101, POWER_SUPPLY_CAPACITY=46, DEVPATH=/devices/platform/soc/200f000.qcom,spmi/spmi-0/spmi0-02/200f000.qcom,spmi:qcom,pmi632@2:qcom,qpnp-smb5/power_supply/battery, POWER_SUPPLY_CHARGE_DONE=0, POWER_SUPPLY_CHARGE_TYPE=N/A, POWER_SUPPLY_CHARGE_RATE=None, POWER_SUPPLY_CURRENT_NOW=-383453, POWER_SUPPLY_SYSTEM_TEMP_LEVEL=0, POWER_SUPPLY_PRESENT=1, POWER_SUPPLY_PARALLEL_DISABLE=0, POWER_SUPPLY_CHARGE_FULL=3505000, SUBSYSTEM=power_supply, POWER_SUPPLY_SET_SHIP_MODE=0, POWER_SUPPLY_TEMP=290, ACTION=change, POWER_SUPPLY_RERUN_AICL=0, POWER_SUPPLY_AGE=97, POWER_SUPPLY_NAME=battery, POWER_SUPPLY_VOLTAGE_MAX=-22, POWER_SUPPLY_CONSTANT_CHARGE_CURRENT_MAX=2000000, POWER_SUPPLY_CHARGE_COUNTER=1647350, POWER_SUPPLY_STEP_CHARGING_ENABLED=0, POWER_SUPPLY_NUM_SYSTEM_TEMP_LEVELS=8, POWER_SUPPLY_DIE_HEALTH=Hot, POWER_SUPPLY_INPUT_SUSPEND=0}
04-22 12:20:28.666  1743  2059 D BatteryService: uevent={POWER_SUPPLY_DP_DM=0, POWER_SUPPLY_VOLTAGE_NOW=3791723, POWER_SUPPLY_SW_JEITA_ENABLED=0, POWER_SUPPLY_CHARGE_CONTROL_LIMIT_MAX=8, POWER_SUPPLY_RECHARGE_SOC=99, POWER_SUPPLY_HEALTH=Good, POWER_SUPPLY_TECHNOLOGY=Li-ion, POWER_SUPPLY_FCC_STEPPER_ENABLE=0, SEQNUM=632870, POWER_SUPPLY_INPUT_CURRENT_LIMITED=0, POWER_SUPPLY_CHARGE_CONTROL_LIMIT=0, POWER_SUPPLY_BATTERY_CHARGING_ENABLED=1, POWER_SUPPLY_STATUS=Discharging, POWER_SUPPLY_CYCLE_COUNT=6, POWER_SUPPLY_CURRENT_MAX=2000000, POWER_SUPPLY_CHARGE_TERM_CURRENT=-101, POWER_SUPPLY_CAPACITY=46, DEVPATH=/devices/platform/soc/200f000.qcom,spmi/spmi-0/spmi0-02/200f000.qcom,spmi:qcom,pmi632@2:qcom,qpnp-smb5/power_supply/battery, POWER_SUPPLY_CHARGE_DONE=0, POWER_SUPPLY_CHARGE_TYPE=N/A, POWER_SUPPLY_CHARGE_RATE=None, POWER_SUPPLY_CURRENT_NOW=-337524, POWER_SUPPLY_SYSTEM_TEMP_LEVEL=0, POWER_SUPPLY_PRESENT=1, POWER_SUPPLY_PARALLEL_DISABLE=0, POWER_SUPPLY_CHARGE_FULL=3505000, SUBSYSTEM=power_supply, POWER_SUPPLY_SET_SHIP_MODE=0, POWER_SUPPLY_TEMP=290, ACTION=change, POWER_SUPPLY_RERUN_AICL=0, POWER_SUPPLY_AGE=97, POWER_SUPPLY_NAME=battery, POWER_SUPPLY_VOLTAGE_MAX=-22, POWER_SUPPLY_CONSTANT_CHARGE_CURRENT_MAX=2000000, POWER_SUPPLY_CHARGE_COUNTER=1647350, POWER_SUPPLY_STEP_CHARGING_ENABLED=0, POWER_SUPPLY_NUM_SYSTEM_TEMP_LEVELS=8, POWER_SUPPLY_DIE_HEALTH=Hot, POWER_SUPPLY_INPUT_SUSPEND=0}
--------- beginning of main
04-22 12:20:35.481 22073  6656 E NearbyConnections: EndpointManager failed to find EndpointChannel over which to write DATA at offset 612 of Payload -9007404025457505713 to endpoint T8u1 [CONTEXT service_id=54 ]
04-22 12:20:35.481 22073  6656 E NearbyConnections: EndpointManager failed to find EndpointChannel over which to write DATA at offset 612 of Payload -9007404025457505713 to endpoint T8u1 [CONTEXT service_id=54 ]
04-22 12:20:35.482 22073 18096 I NearbyConnections: Client 244116452 is sending payload -8918385455857774324 to endpoints [Z7VH]. [CONTEXT service_id=54 ]
04-22 12:20:35.482 22073  6656 E NearbyConnections: EndpointManager failed to find EndpointChannel over which to write DATA at offset 612 of Payload -9007404025457505713 to endpoint T8u1 [CONTEXT service_id=54 ]
04-22 12:20:35.482 17511 17613 D connectedcrossroad: Data collect: SEND
04-22 12:20:35.482 22073  6656 E NearbyConnections: EndpointManager failed to find EndpointChannel over which to write DATA at offset 612 of Payload -9007404025457505713 to endpoint T8u1 [CONTEXT service_id=54 ]
04-22 12:20:35.482 22073  6656 E NearbyConnections: EndpointManager failed to find EndpointChannel over which to write DATA at offset 612 of Payload -9007404025457505713 to endpoint T8u1 [CONTEXT service_id=54 ]
04-22 12:20:35.482 22073 18096 I NearbyConnections: Client 244116452 is sending payload -7832052131834914757 to endpoints [OPQz]. [CONTEXT service_id=54 ]
04-22 12:20:35.483 22073  6656 E NearbyConnections: EndpointManager failed to find EndpointChannel over which to write DATA at offset 612 of Payload -9007404025457505713 to endpoint T8u1 [CONTEXT service_id=54 ]
04-22 12:20:35.483 22073  6656 E NearbyConnections: EndpointManager failed to find EndpointChannel over which to write DATA at offset 612 of Payload -9007404025457505713 to endpoint T8u1 [CONTEXT service_id=54 ]
04-22 12:20:35.483 17511 17613 V data    : Payload RX: 0
04-22 12:20:35.483 17511 17613 V data    : Payload TX: 240
04-22 12:20:35.483 17511 17613 V data    : Total RX: 108936
04-22 12:20:35.483 17511 17613 V data    : Total TX: 313522
04-22 12:20:35.483 22073  6656 E NearbyConnections: EndpointManager failed to find EndpointChannel over which to write DATA at offset 612 of Payload -9007404025457505713 to endpoint T8u1 [CONTEXT service_id=54 ]
04-22 12:20:35.483 17511 17613 V connectedcrossroad: Data collect: HELO
04-22 12:20:35.483 17511 17613 V data    : Payload RX: 0
04-22 12:20:35.484 17511 17613 V data    : Payload TX: 240
04-22 12:20:35.484 17511 17613 V data    : Total RX: 108936
04-22 12:20:35.484 17511 17613 V data    : Total TX: 313522
04-22 12:20:35.484 22073  6656 E NearbyConnections: EndpointManager failed to find EndpointChannel over which to write DATA at offset 612 of Payload -9007404025457505713 to endpoint T8u1 [CONTEXT service_id=54 ]
04-22 12:20:35.484 17511 17613 V connectedcrossroad: Data collect: HELO
04-22 12:20:35.484 17511 17613 V data    : Payload RX: 0
04-22 12:20:35.484 17511 17613 V data    : Payload TX: 240
04-22 12:20:35.484 17511 17613 V data    : Total RX: 108936
04-22 12:20:35.484 22073  6656 E NearbyConnections: EndpointManager failed to find EndpointChannel over which to write DATA at offset 612 of Payload -9007404025457505713 to endpoint T8u1 [CONTEXT service_id=54 ]
04-22 12:20:35.484 17511 17613 V data    : Total TX: 313522
04-22 12:20:35.484 17511 17613 V connectedcrossroad: Data collect: RREQ
04-22 12:20:35.484 17511 17545 I nectedcrossroa: Waiting for a blocking GC ProfileSaver
04-22 12:20:35.484 17511 17613 D connectedcrossroad: handleRREQ: rebroadcasting RREQ for: 2
04-22 12:20:35.484 22073  6656 E NearbyConnections: EndpointManager failed to find EndpointChannel over which to write DATA at offset 612 of Payload -9007404025457505713 to endpoint T8u1 [CONTEXT service_id=54 ]
04-22 12:20:35.484 17511 17613 D connectedcrossroad: Data collect: SEND
04-22 12:20:35.485 22073  6656 E NearbyConnections: EndpointManager failed to find EndpointChannel over which to write DATA at offset 612 of Payload -9007404025457505713 to endpoint T8u1 [CONTEXT service_id=54 ]
04-22 12:20:35.485 17511 17613 D connectedcrossroad: Data collect: SEND
04-22 12:20:35.485 22073 18096 I NearbyConnections: Client 244116452 is sending payload -7756884160283682258 to endpoints [Z7VH]. [CONTEXT service_id=54 ]
04-22 12:20:35.486 17511 17613 V data    : Payload RX: 0
04-22 12:20:35.486 17511 17613 V data    : Payload TX: 240
04-22 12:20:35.486 17511 17613 V data    : Total RX: 108936
04-22 12:20:35.486 17511 17613 V data    : Total TX: 314758
04-22 12:20:35.486 17511 17613 V connectedcrossroad: Data collect: HELO
04-22 12:20:35.486 22073  6656 E NearbyConnections: EndpointManager failed to find EndpointChannel over which to write DATA at offset 612 of Payload -9007404025457505713 to endpoint T8u1 [CONTEXT service_id=54 ]
04-22 12:20:35.486 17511 17613 V data    : Payload RX: 0
04-22 12:20:35.486 17511 17613 V data    : Payload TX: 240
04-22 12:20:35.486 17511 17613 V data    : Total RX: 108936
04-22 12:20:35.486 17511 17613 V data    : Total TX: 314758
04-22 12:20:35.487 17511 17613 V connectedcrossroad: Data collect: RREQ
04-22 12:20:35.487 17511 17613 D connectedcrossroad: handleRREQ: rebroadcasting RREQ for: 2
04-22 12:20:35.487 17511 17613 D connectedcrossroad: Data collect: SEND
04-22 12:20:35.487 22073  6656 E NearbyConnections: EndpointManager failed to find EndpointChannel over which to write DATA at offset 612 of Payload -9007404025457505713 to endpoint T8u1 [CONTEXT service_id=54 ]
04-22 12:20:35.487 22073  6656 E NearbyConnections: EndpointManager failed to find EndpointChannel over which to write DATA at offset 612 of Payload -9007404025457505713 to endpoint T8u1 [CONTEXT service_id=54 ]
04-22 12:20:35.488 17511 17613 D connectedcrossroad: Data collect: SEND
04-22 12:20:35.488 22073 18073 I NearbyConnections: Sent BYTES data(697 bytes) via WIFI_LAN used 3 milliseconds, throughput is 0.22 MB/s (226.89 KB/s) [CONTEXT service_id=54 ]
04-22 12:20:35.488 22073  6656 E NearbyConnections: EndpointManager failed to find EndpointChannel over which to write DATA at offset 612 of Payload -9007404025457505713 to endpoint T8u1 [CONTEXT service_id=54 ]
04-22 12:20:35.488 22073 18033 I NearbyConnections: ClientProxy(244116452) reporting onPayloadTransferUpdate(Z7VH, -8918385455857774324, SUCCESS) [CONTEXT service_id=54 ]
04-22 12:20:35.488 22073 18073 I NearbyConnections: Sent BYTES data(697 bytes) SUCCEEDED, overall used 5 milliseconds, throughput is 0.13 MB/s (136.13 KB/s) [CONTEXT service_id=54 ]
04-22 12:20:35.488 17511 17613 V data    : Payload RX: 0
04-22 12:20:35.488 17511 17613 V data    : Payload TX: 240
04-22 12:20:35.488 17511 17613 V data    : Total RX: 108936
04-22 12:20:35.488 17511 17613 V data    : Total TX: 315994
04-22 12:20:35.488 17511 17613 V connectedcrossroad: Data collect: HELO
04-22 12:20:35.489 17511 17613 V data    : Payload RX: 0
04-22 12:20:35.489 17511 17613 V data    : Payload TX: 240
04-22 12:20:35.489 17511 17613 V data    : Total RX: 108936
04-22 12:20:35.489 17511 17613 V data    : Total TX: 315994
04-22 12:20:35.489 22073  6656 E NearbyConnections: EndpointManager failed to find EndpointChannel over which to write DATA at offset 612 of Payload -9007404025457505713 to endpoint T8u1 [CONTEXT service_id=54 ]
04-22 12:20:35.489 17511 17613 V connectedcrossroad: Data collect: RREQ
04-22 12:20:35.489 17511 17613 D connectedcrossroad: handleRREQ: rebroadcasting RREQ for: 2
04-22 12:20:35.489 22073  6656 E NearbyConnections: EndpointManager failed to find EndpointChannel over which to write DATA at offset 612 of Payload -9007404025457505713 to endpoint T8u1 [CONTEXT service_id=54 ]
04-22 12:20:35.489 22073 18096 I NearbyConnections: Client 244116452 is sending payload -7046463361345538068 to endpoints [OPQz]. [CONTEXT service_id=54 ]
04-22 12:20:35.490 17511 17613 D connectedcrossroad: Data collect: SEND
04-22 12:20:35.490 22073  6656 E NearbyConnections: EndpointManager failed to find EndpointChannel over which to write DATA at offset 612 of Payload -9007404025457505713 to endpoint T8u1 [CONTEXT service_id=54 ]
04-22 12:20:35.490 22073  6656 E NearbyConnections: EndpointManager failed to find EndpointChannel over which to write DATA at offset 612 of Payload -9007404025457505713 to endpoint T8u1 [CONTEXT service_id=54 ]
04-22 12:20:35.490 22073 18096 I NearbyConnections: Client 244116452 is sending payload -6656772270808933446 to endpoints [Z7VH]. [CONTEXT service_id=54 ]
04-22 12:20:35.491 22073  6656 E NearbyConnections: EndpointManager failed to find EndpointChannel over which to write DATA at offset 612 of Payload -9007404025457505713 to endpoint T8u1 [CONTEXT service_id=54 ]
04-22 12:20:35.491 22073 18096 I NearbyConnections: Client 244116452 is sending payload -7405811505858735443 to endpoints [OPQz]. [CONTEXT service_id=54 ]
04-22 12:20:35.491 17511 17613 D connectedcrossroad: Data collect: SEND
04-22 12:20:35.491 22073  6656 E NearbyConnections: EndpointManager failed to find EndpointChannel over which to write DATA at offset 612 of Payload -9007404025457505713 to endpoint T8u1 [CONTEXT service_id=54 ]
04-22 12:20:35.491 22073 18096 I NearbyConnections: Client 244116452 is sending payload -8923883668306844848 to endpoints [Z7VH]. [CONTEXT service_id=54 ]
04-22 12:20:35.491 22073  6656 E NearbyConnections: EndpointManager failed to find EndpointChannel over which to write DATA at offset 612 of Payload -9007404025457505713 to endpoint T8u1 [CONTEXT service_id=54 ]
04-22 12:20:35.491 17511 17613 V data    : Payload RX: 0
04-22 12:20:35.492 17511 17613 V data    : Payload TX: 240
04-22 12:20:35.492 17511 17613 V data    : Total RX: 108936
04-22 12:20:35.492 17511 17613 V data    : Total TX: 317230
04-22 12:20:35.492 17511 17613 V connectedcrossroad: Data collect: HELO
04-22 12:20:35.492 17511 17613 V data    : Payload RX: 0
04-22 12:20:35.492 17511 17613 V data    : Payload TX: 240
04-22 12:20:35.492 17511 17613 V data    : Total RX: 108936
04-22 12:20:35.492 22073  6656 E NearbyConnections: EndpointManager failed to find EndpointChannel over which to write DATA at offset 612 of Payload -9007404025457505713 to endpoint T8u1 [CONTEXT service_id=54 ]
04-22 12:20:35.492 17511 17613 V data    : Total TX: 317230
04-22 12:20:35.492 22073 18073 I NearbyConnections: Sent BYTES data(697 bytes) via WIFI_LAN used 3 milliseconds, throughput is 0.22 MB/s (226.89 KB/s) [CONTEXT service_id=54 ]
04-22 12:20:35.492 22073 18073 I NearbyConnections: Sent BYTES data(697 bytes) SUCCEEDED, overall used 4 milliseconds, throughput is 0.17 MB/s (170.17 KB/s) [CONTEXT service_id=54 ]
04-22 12:20:35.492 22073 18096 I NearbyConnections: ClientProxy(244116452) reporting onPayloadTransferUpdate(OPQz, -7832052131834914757, SUCCESS) [CONTEXT service_id=54 ]
