04-22 12:20:35.492 22073  6656 E NearbyConnections: EndpointManager failed to find EndpointChannel over which to write DATA at offset 612 of Payload -9007404025457505713 to endpoint T8u1 [CONTEXT service_id=54 ]
04-22 12:20:35.493 22073  6656 E NearbyConnections: EndpointManager failed to find EndpointChannel over which to write DATA at offset 612 of Payload -9007404025457505713 to endpoint T8u1 [CONTEXT service_id=54 ]
04-22 12:20:35.493 22073 18033 I NearbyConnections: Client 244116452 is sending payload -8081808997145262888 to endpoints [OPQz]. [CONTEXT service_id=54 ]
04-22 12:20:35.493 22073  6656 E NearbyConnections: EndpointManager failed to find EndpointChannel over which to write DATA at offset 612 of Payload -9007404025457505713 to endpoint T8u1 [CONTEXT service_id=54 ]
04-22 12:20:35.494 22073  6656 I chatty  : uid=10156(com.google.android.gms) highpool[332] identical 2 lines
04-22 12:20:35.494 22073  6656 E NearbyConnections: EndpointManager failed to find EndpointChannel over which to write DATA at offset 612 of Payload -9007404025457505713 to endpoint T8u1 [CONTEXT service_id=54 ]
04-22 12:20:35.494 22073 18073 I NearbyConnections: Sent BYTES data(697 bytes) via WIFI_LAN used 1 milliseconds, throughput is 0.66 MB/s (680.66 KB/s) [CONTEXT service_id=54 ]
04-22 12:20:35.494 22073 18073 I NearbyConnections: Sent BYTES data(697 bytes) SUCCEEDED, overall used 1 milliseconds, throughput is 0.66 MB/s (680.66 KB/s) [CONTEXT service_id=54 ]
04-22 12:20:35.494 22073 18033 I NearbyConnections: ClientProxy(244116452) reporting onPayloadTransferUpdate(Z7VH, -7756884160283682258, SUCCESS) [CONTEXT service_id=54 ]
04-22 12:20:35.494 22073  6656 E NearbyConnections: EndpointManager failed to find EndpointChannel over which to write DATA at offset 612 of Payload -9007404025457505713 to endpoint T8u1 [CONTEXT service_id=54 ]
04-22 12:20:35.495 22073  6656 I chatty  : uid=10156(com.google.android.gms) highpool[332] identical 1 line
04-22 12:20:35.495 22073  6656 E NearbyConnections: EndpointManager failed to find EndpointChannel over which to write DATA at offset 612 of Payload -9007404025457505713 to endpoint T8u1 [CONTEXT service_id=54 ]
04-22 12:20:35.495 22073 18033 I NearbyConnections: Client 244116452 is sending payload -8156856056842071140 to endpoints [Z7VH]. [CONTEXT service_id=54 ]
04-22 12:20:35.496 22073  6656 E NearbyConnections: EndpointManager failed to find EndpointChannel over which to write DATA at offset 612 of Payload -9007404025457505713 to endpoint T8u1 [CONTEXT service_id=54 ]
04-22 12:20:35.496 17511 17545 I nectedcrossroa: WaitForGcToComplete blocked ProfileSaver on ProfileSaver for 11.725ms
04-22 12:20:35.496 22073  6656 E NearbyConnections: EndpointManager failed to find EndpointChannel over which to write DATA at offset 612 of Payload -9007404025457505713 to endpoint T8u1 [CONTEXT service_id=54 ]
04-22 12:20:35.497 22073  6656 E NearbyConnections: EndpointManager failed to find EndpointChannel over which to write DATA at offset 612 of Payload -9007404025457505713 to endpoint T8u1 [CONTEXT service_id=54 ]
04-22 12:20:35.497 22073 18096 I NearbyConnections: Client 244116452 is sending payload -8587446959123738388 to endpoints [OPQz]. [CONTEXT service_id=54 ]
04-22 12:20:35.497 22073  6656 E NearbyConnections: EndpointManager failed to find EndpointChannel over which to write DATA at offset 612 of Payload -9007404025457505713 to endpoint T8u1 [CONTEXT service_id=54 ]
04-22 12:20:35.497 22073  6656 I chatty  : uid=10156(com.google.android.gms) highpool[332] identical 1 line
04-22 12:20:35.498 22073  6656 E NearbyConnections: EndpointManager failed to find EndpointChannel over which to write DATA at offset 612 of Payload -9007404025457505713 to endpoint T8u1 [CONTEXT service_id=54 ]
04-22 12:20:35.498 22073 18073 I NearbyConnections: Sent BYTES data(697 bytes) via WIFI_LAN used 3 milliseconds, throughput is 0.22 MB/s (226.89 KB/s) [CONTEXT service_id=54 ]
04-22 12:20:35.498 22073  6656 E NearbyConnections: EndpointManager failed to find EndpointChannel over which to write DATA at offset 612 of Payload -9007404025457505713 to endpoint T8u1 [CONTEXT service_id=54 ]
04-22 12:20:35.498 22073 18073 I NearbyConnections: Sent BYTES data(697 bytes) SUCCEEDED, overall used 4 milliseconds, throughput is 0.17 MB/s (170.17 KB/s) [CONTEXT service_id=54 ]
04-22 12:20:35.498 22073 18033 I NearbyConnections: ClientProxy(244116452) reporting onPayloadTransferUpdate(OPQz, -7046463361345538068, SUCCESS) [CONTEXT service_id=54 ]
04-22 12:20:35.498 22073  6656 E NearbyConnections: EndpointManager failed to find EndpointChannel over which to write DATA at offset 612 of Payload -9007404025457505713 to endpoint T8u1 [CONTEXT service_id=54 ]
04-22 12:20:35.498 22073 18096 I NearbyConnections: Client 244116452 is sending payload -6897846873825289463 to endpoints [Z7VH]. [CONTEXT service_id=54 ]
04-22 12:20:35.499 22073  6656 E NearbyConnections: EndpointManager failed to find EndpointChannel over which to write DATA at offset 612 of Payload -9007404025457505713 to endpoint T8u1 [CONTEXT service_id=54 ]
04-22 12:20:35.499 22073  6656 E NearbyConnections: EndpointManager failed to find EndpointChannel over which to write DATA at offset 612 of Payload -9007404025457505713 to endpoint T8u1 [CONTEXT service_id=54 ]
04-22 12:20:35.499 22073 18096 I NearbyConnections: Client 244116452 is sending payload -8836732004371510605 to endpoints [OPQz]. [CONTEXT service_id=54 ]
04-22 12:20:35.499 22073  6656 E NearbyConnections: EndpointManager failed to find EndpointChannel over which to write DATA at offset 612 of Payload -9007404025457505713 to endpoint T8u1 [CONTEXT service_id=54 ]
04-22 12:20:35.500 22073 18073 I NearbyConnections: Sent BYTES data(697 bytes) via WIFI_LAN used 2 milliseconds, throughput is 0.33 MB/s (340.33 KB/s) [CONTEXT service_id=54 ]
04-22 12:20:35.500 22073  6656 E NearbyConnections: EndpointManager failed to find EndpointChannel over which to write DATA at offset 612 of Payload -9007404025457505713 to endpoint T8u1 [CONTEXT service_id=54 ]
04-22 12:20:35.500 22073 18073 I NearbyConnections: Sent BYTES data(697 bytes) SUCCEEDED, overall used 2 milliseconds, throughput is 0.33 MB/s (340.33 KB/s) [CONTEXT service_id=54 ]
04-22 12:20:35.500 22073  6656 E NearbyConnections: EndpointManager failed to find EndpointChannel over which to write DATA at offset 612 of Payload -9007404025457505713 to endpoint T8u1 [CONTEXT service_id=54 ]
04-22 12:20:35.500 22073  6656 E NearbyConnections: EndpointManager failed to find EndpointChannel over which to write DATA at offset 612 of Payload -9007404025457505713 to endpoint T8u1 [CONTEXT service_id=54 ]
04-22 12:20:35.500 22073 18033 I NearbyConnections: ClientProxy(244116452) reporting onPayloadTransferUpdate(Z7VH, -6656772270808933446, SUCCESS) [CONTEXT service_id=54 ]
04-22 12:20:35.501 22073  6656 E NearbyConnections: EndpointManager failed to find EndpointChannel over which to write DATA at offset 612 of Payload -9007404025457505713 to endpoint T8u1 [CONTEXT service_id=54 ]
04-22 12:20:35.501 22073 18096 I NearbyConnections: Client 244116452 is sending payload -7700847318462929953 to endpoints [Z7VH]. [CONTEXT service_id=54 ]
04-22 12:20:35.501 22073  6656 E NearbyConnections: EndpointManager failed to find EndpointChannel over which to write DATA at offset 612 of Payload -9007404025457505713 to endpoint T8u1 [CONTEXT service_id=54 ]
04-22 12:20:35.502 22073 18073 I NearbyConnections: Sent BYTES data(697 bytes) via WIFI_LAN used 1 milliseconds, throughput is 0.66 MB/s (680.66 KB/s) [CONTEXT service_id=54 ]
04-22 12:20:35.502 22073  6656 E NearbyConnections: EndpointManager failed to find EndpointChannel over which to write DATA at offset 612 of Payload -9007404025457505713 to endpoint T8u1 [CONTEXT service_id=54 ]
04-22 12:20:35.502 22073 18096 I NearbyConnections: Client 244116452 is sending payload -8086035248245588726 to endpoints [OPQz]. [CONTEXT service_id=54 ]
04-22 12:20:35.502 22073 18033 I NearbyConnections: ClientProxy(244116452) reporting onPayloadTransferUpdate(OPQz, -7405811505858735443, SUCCESS) [CONTEXT service_id=54 ]
04-22 12:20:35.502 22073 18073 I NearbyConnections: Sent BYTES data(697 bytes) SUCCEEDED, overall used 2 milliseconds, throughput is 0.33 MB/s (340.33 KB/s) [CONTEXT service_id=54 ]
04-22 12:20:35.502 22073  6656 E NearbyConnections: EndpointManager failed to find EndpointChannel over which to write DATA at offset 612 of Payload -9007404025457505713 to endpoint T8u1 [CONTEXT service_id=54 ]
04-22 12:20:35.503 22073  6656 I chatty  : uid=10156(com.google.android.gms) highpool[332] identical 2 lines
04-22 12:20:35.503 22073  6656 E NearbyConnections: EndpointManager failed to find EndpointChannel over which to write DATA at offset 612 of Payload -9007404025457505713 to endpoint T8u1 [CONTEXT service_id=54 ]
04-22 12:20:35.504 22073 18073 I NearbyConnections: Sent BYTES data(697 bytes) via WIFI_LAN used 1 milliseconds, throughput is 0.66 MB/s (680.66 KB/s) [CONTEXT service_id=54 ]
04-22 12:20:35.504 22073 18096 I NearbyConnections: ClientProxy(244116452) reporting onPayloadTransferUpdate(Z7VH, -8923883668306844848, SUCCESS) [CONTEXT service_id=54 ]
04-22 12:20:35.504 22073  6656 E NearbyConnections: EndpointManager failed to find EndpointChannel over which to write DATA at offset 612 of Payload -9007404025457505713 to endpoint T8u1 [CONTEXT service_id=54 ]
04-22 12:20:35.504 22073 18073 I NearbyConnections: Sent BYTES data(697 bytes) SUCCEEDED, overall used 1 milliseconds, throughput is 0.66 MB/s (680.66 KB/s) [CONTEXT service_id=54 ]
04-22 12:20:35.504 22073  6656 E NearbyConnections: EndpointManager failed to find EndpointChannel over which to write DATA at offset 612 of Payload -9007404025457505713 to endpoint T8u1 [CONTEXT service_id=54 ]
04-22 12:20:35.505 22073  6656 I chatty  : uid=10156(com.google.android.gms) highpool[332] identical 3 lines
04-22 12:20:35.505 22073  6656 E NearbyConnections: EndpointManager failed to find EndpointChannel over which to write DATA at offset 612 of Payload -9007404025457505713 to endpoint T8u1 [CONTEXT service_id=54 ]
04-22 12:20:35.505 22073 18073 I NearbyConnections: Sent BYTES data(697 bytes) via WIFI_LAN used 1 milliseconds, throughput is 0.66 MB/s (680.66 KB/s) [CONTEXT service_id=54 ]
04-22 12:20:35.505 22073 18073 I NearbyConnections: Sent BYTES data(697 bytes) SUCCEEDED, overall used 1 milliseconds, throughput is 0.66 MB/s (680.66 KB/s) [CONTEXT service_id=54 ]
04-22 12:20:35.505 22073 18096 I NearbyConnections: ClientProxy(244116452) reporting onPayloadTransferUpdate(OPQz, -8081808997145262888, SUCCESS) [CONTEXT service_id=54 ]
04-22 12:20:35.506 22073  6656 E NearbyConnections: EndpointManager failed to find EndpointChannel over which to write DATA at offset 612 of Payload -9007404025457505713 to endpoint T8u1 [CONTEXT service_id=54 ]
04-22 12:20:35.506 22073  6656 I chatty  : uid=10156(com.google.android.gms) highpool[332] identical 3 lines
04-22 12:20:35.507 22073  6656 E NearbyConnections: EndpointManager failed to find EndpointChannel over which to write DATA at offset 612 of Payload -9007404025457505713 to endpoint T8u1 [CONTEXT service_id=54 ]
04-22 12:20:35.507 22073 18073 I NearbyConnections: Sent BYTES data(697 bytes) via WIFI_LAN used 1 milliseconds, throughput is 0.66 MB/s (680.66 KB/s) [CONTEXT service_id=54 ]
04-22 12:20:35.507 22073 18096 I NearbyConnections: ClientProxy(244116452) reporting onPayloadTransferUpdate(Z7VH, -8156856056842071140, SUCCESS) [CONTEXT service_id=54 ]
04-22 12:20:35.507 22073 18073 I NearbyConnections: Sent BYTES data(697 bytes) SUCCEEDED, overall used 1 milliseconds, throughput is 0.66 MB/s (680.66 KB/s) [CONTEXT service_id=54 ]
04-22 12:20:35.507 22073  6656 E NearbyConnections: EndpointManager failed to find EndpointChannel over which to write DATA at offset 612 of Payload -9007404025457505713 to endpoint T8u1 [CONTEXT service_id=54 ]
04-22 12:20:35.507 22073  6656 I chatty  : uid=10156(com.google.android.gms) highpool[332] identical 2 lines
04-22 12:20:35.508 22073  6656 E NearbyConnections: EndpointManager failed to find EndpointChannel over which to write DATA at offset 612 of Payload -9007404025457505713 to endpoint T8u1 [CONTEXT service_id=54 ]
04-22 12:20:35.508 22073 18073 I NearbyConnections: Sent BYTES data(697 bytes) via WIFI_LAN used 1 milliseconds, throughput is 0.66 MB/s (680.66 KB/s) [CONTEXT service_id=54 ]
04-22 12:20:35.508 22073  6656 E NearbyConnections: EndpointManager failed to find EndpointChannel over which to write DATA at offset 612 of Payload -9007404025457505713 to endpoint T8u1 [CONTEXT service_id=54 ]
04-22 12:20:35.508 22073 18073 I NearbyConnections: Sent BYTES data(697 bytes) SUCCEEDED, overall used 1 milliseconds, throughput is 0.66 MB/s (680.66 KB/s) [CONTEXT service_id=54 ]
04-22 12:20:35.508 22073 18096 I NearbyConnections: ClientProxy(244116452) reporting onPayloadTransferUpdate(OPQz, -8587446959123738388, SUCCESS) [CONTEXT service_id=54 ]
04-22 12:20:35.508 22073  6656 E NearbyConnections: EndpointManager failed to find EndpointChannel over which to write DATA at offset 612 of Payload -9007404025457505713 to endpoint T8u1 [CONTEXT service_id=54 ]
04-22 12:20:35.509 22073  6656 I chatty  : uid=10156(com.google.android.gms) highpool[332] identical 2 lines
04-22 12:20:35.509 22073  6656 E NearbyConnections: EndpointManager failed to find EndpointChannel over which to write DATA at offset 612 of Payload -9007404025457505713 to endpoint T8u1 [CONTEXT service_id=54 ]
04-22 12:20:35.510 22073 18073 I NearbyConnections: Sent BYTES data(697 bytes) via WIFI_LAN used 1 milliseconds, throughput is 0.66 MB/s (680.66 KB/s) [CONTEXT service_id=54 ]
04-22 12:20:35.510 22073  6656 E NearbyConnections: EndpointManager failed to find EndpointChannel over which to write DATA at offset 612 of Payload -9007404025457505713 to endpoint T8u1 [CONTEXT service_id=54 ]
04-22 12:20:35.510 22073 18096 I NearbyConnections: ClientProxy(244116452) reporting onPayloadTransferUpdate(Z7VH, -6897846873825289463, SUCCESS) [CONTEXT service_id=54 ]
04-22 12:20:35.510 22073 18073 I NearbyConnections: Sent BYTES data(697 bytes) SUCCEEDED, overall used 1 milliseconds, throughput is 0.66 MB/s (680.66 KB/s) [CONTEXT service_id=54 ]
04-22 12:20:35.510 22073  6656 E NearbyConnections: EndpointManager failed to find EndpointChannel over which to write DATA at offset 612 of Payload -9007404025457505713 to endpoint T8u1 [CONTEXT service_id=54 ]
04-22 12:20:35.511 22073  6656 I chatty  : uid=10156(com.google.android.gms) highpool[332] identical 3 lines
04-22 12:20:35.511 22073  6656 E NearbyConnections: EndpointManager failed to find EndpointChannel over which to write DATA at offset 612 of Payload -9007404025457505713 to endpoint T8u1 [CONTEXT service_id=54 ]
04-22 12:20:35.511 22073 18073 I NearbyConnections: Sent BYTES data(697 bytes) via WIFI_LAN used 1 milliseconds, throughput is 0.66 MB/s (680.66 KB/s) [CONTEXT service_id=54 ]
04-22 12:20:35.511 22073 18073 I NearbyConnections: Sent BYTES data(697 bytes) SUCCEEDED, overall used 1 milliseconds, throughput is 0.66 MB/s (680.66 KB/s) [CONTEXT service_id=54 ]
04-22 12:20:35.511 22073 18096 I NearbyConnections: ClientProxy(244116452) reporting onPayloadTransferUpdate(OPQz, -8836732004371510605, SUCCESS) [CONTEXT service_id=54 ]
04-22 12:20:35.511 22073  6656 E NearbyConnections: EndpointManager failed to find EndpointChannel over which to write DATA at offset 612 of Payload -9007404025457505713 to endpoint T8u1 [CONTEXT service_id=54 ]
04-22 12:20:35.512 22073  6656 I chatty  : uid=10156(com.google.android.gms) highpool[332] identical 3 lines
04-22 12:20:35.512 22073  6656 E NearbyConnections: EndpointManager failed to find EndpointChannel over which to write DATA at offset 612 of Payload -9007404025457505713 to endpoint T8u1 [CONTEXT service_id=54 ]
04-22 12:20:35.513 22073 18073 I NearbyConnections: Sent BYTES data(697 bytes) via WIFI_LAN used 1 milliseconds, throughput is 0.66 MB/s (680.66 KB/s) [CONTEXT service_id=54 ]
04-22 12:20:35.513 22073  6656 E NearbyConnections: EndpointManager failed to find EndpointChannel over which to write DATA at offset 612 of Payload -9007404025457505713 to endpoint T8u1 [CONTEXT service_id=54 ]
04-22 12:20:35.513 22073 18073 I NearbyConnections: Sent BYTES data(697 bytes) SUCCEEDED, overall used 2 milliseconds, throughput is 0.33 MB/s (340.33 KB/s) [CONTEXT service_id=54 ]
04-22 12:20:35.513 22073 18033 I NearbyConnections: ClientProxy(244116452) reporting onPayloadTransferUpdate(Z7VH, -7700847318462929953, SUCCESS) [CONTEXT service_id=54 ]
04-22 12:20:35.513 22073  6656 E NearbyConnections: EndpointManager failed to find EndpointChannel over which to write DATA at offset 612 of Payload -9007404025457505713 to endpoint T8u1 [CONTEXT service_id=54 ]
04-22 12:20:35.514 22073  6656 I chatty  : uid=10156(com.google.android.gms) highpool[332] identical 3 lines
04-22 12:20:35.514 22073  6656 E NearbyConnections: EndpointManager failed to find EndpointChannel over which to write DATA at offset 612 of Payload -9007404025457505713 to endpoint T8u1 [CONTEXT service_id=54 ]
04-22 12:20:35.514 22073 18073 I NearbyConnections: Sent BYTES data(697 bytes) via WIFI_LAN used 1 milliseconds, throughput is 0.66 MB/s (680.66 KB/s) [CONTEXT service_id=54 ]
04-22 12:20:35.514 22073 18033 I NearbyConnections: ClientProxy(244116452) reporting onPayloadTransferUpdate(OPQz, -8086035248245588726, SUCCESS) [CONTEXT service_id=54 ]
04-22 12:20:35.514 22073 18073 I NearbyConnections: Sent BYTES data(697 bytes) SUCCEEDED, overall used 1 milliseconds, throughput is 0.66 MB/s (680.66 KB/s) [CONTEXT service_id=54 ]
04-22 12:20:35.514 22073  6656 E NearbyConnections: EndpointManager failed to find EndpointChannel over which to write DATA at offset 612 of Payload -9007404025457505713 to endpoint T8u1 [CONTEXT service_id=54 ]
04-22 12:20:35.556 22073  6656 I chatty  : uid=10156(com.google.android.gms) highpool[332] identical 162 lines
04-22 12:20:35.556 22073  6656 E NearbyConnections: EndpointManager failed to find EndpointChannel over which to write DATA at offset 612 of Payload -9007404025457505713 to endpoint T8u1 [CONTEXT service_id=54 ]
04-22 12:20:35.556 17511 17609 D connectedcrossroad: dataTxThread: Pulled AODV data from queue
04-22 12:20:35.556 22073  6656 E NearbyConnections: EndpointManager failed to find EndpointChannel over which to write DATA at offset 612 of Payload -9007404025457505713 to endpoint T8u1 [CONTEXT service_id=54 ]
04-22 12:20:35.556 17511 17609 D connectedcrossroad: dataTxThread: Pulled AODV data from queue
04-22 12:20:35.556 17511 17609 D connectedcrossroad: dataTxThread: Pulled AODV data from queue
04-22 12:20:35.556 22073  6656 E NearbyConnections: EndpointManager failed to find EndpointChannel over which to write DATA at offset 612 of Payload -9007404025457505713 to endpoint T8u1 [CONTEXT service_id=54 ]
04-22 12:20:35.710 22073  6656 I chatty  : uid=10156(com.google.android.gms) highpool[332] identical 608 lines
04-22 12:20:35.711 22073  6656 E NearbyConnections: EndpointManager failed to find EndpointChannel over which to write DATA at offset 612 of Payload -9007404025457505713 to endpoint T8u1 [CONTEXT service_id=54 ]
04-22 12:20:35.711  2290  2348 D bt_btif_config: btif_get_device_type: Device [61:6f:37:94:3d:4a] type 2
04-22 12:20:35.711 22073  6656 E NearbyConnections: EndpointManager failed to find EndpointChannel over which to write DATA at offset 612 of Payload -9007404025457505713 to endpoint T8u1 [CONTEXT service_id=54 ]
04-22 12:20:36.057 22073  6656 I chatty  : uid=10156(com.google.android.gms) highpool[332] identical 1331 lines
04-22 12:20:36.057 22073  6656 E NearbyConnections: EndpointManager failed to find EndpointChannel over which to write DATA at offset 612 of Payload -9007404025457505713 to endpoint T8u1 [CONTEXT service_id=54 ]
04-22 12:20:36.057 17511 17609 D connectedcrossroad: dataTxThread: Pulled AODV data from queue
04-22 12:20:36.057 22073  6656 E NearbyConnections: EndpointManager failed to find EndpointChannel over which to write DATA at offset 612 of Payload -9007404025457505713 to endpoint T8u1 [CONTEXT service_id=54 ]
04-22 12:20:36.057 17511 17609 D connectedcrossroad: dataTxThread: Pulled AODV data from queue
04-22 12:20:36.057 22073  6656 E NearbyConnections: EndpointManager failed to find EndpointChannel over which to write DATA at offset 612 of Payload -9007404025457505713 to endpoint T8u1 [CONTEXT service_id=54 ]
04-22 12:20:36.057 17511 17609 D connectedcrossroad: dataTxThread: Pulled AODV data from queue
04-22 12:20:36.058 22073  6656 E NearbyConnections: EndpointManager failed to find EndpointChannel over which to write DATA at offset 612 of Payload -9007404025457505713 to endpoint T8u1 [CONTEXT service_id=54 ]
04-22 12:20:36.143 22073  6656 I chatty  : uid=10156(com.google.android.gms) highpool[332] identical 335 lines
04-22 12:20:36.143 22073  6656 E NearbyConnections: EndpointManager failed to find EndpointChannel over which to write DATA at offset 612 of Payload -9007404025457505713 to endpoint T8u1 [CONTEXT service_id=54 ]
04-22 12:20:36.143 22073 18073 I NearbyConnections: ClientProxy(244116452) reporting onPayloadReceived(TqyE, -8253831354782287935) [CONTEXT service_id=54 ]
04-22 12:20:36.143 22073  6656 E NearbyConnections: EndpointManager failed to find EndpointChannel over which to write DATA at offset 612 of Payload -9007404025457505713 to endpoint T8u1 [CONTEXT service_id=54 ]
04-22 12:20:36.145 22073  6656 I chatty  : uid=10156(com.google.android.gms) highpool[332] identical 9 lines
04-22 12:20:36.146 22073  6656 E NearbyConnections: EndpointManager failed to find EndpointChannel over which to write DATA at offset 612 of Payload -9007404025457505713 to endpoint T8u1 [CONTEXT service_id=54 ]
04-22 12:20:36.146 22073 18073 I NearbyConnections: ClientProxy(244116452) reporting onPayloadTransferUpdate(TqyE, -8253831354782287935, SUCCESS) [CONTEXT service_id=54 ]
04-22 12:20:36.146 22073  6656 E NearbyConnections: EndpointManager failed to find EndpointChannel over which to write DATA at offset 612 of Payload -9007404025457505713 to endpoint T8u1 [CONTEXT service_id=54 ]
04-22 12:20:36.146 22073  6656 E NearbyConnections: EndpointManager failed to find EndpointChannel over which to write DATA at offset 612 of Payload -9007404025457505713 to endpoint T8u1 [CONTEXT service_id=54 ]
04-22 12:20:36.146 17511 17613 V connectedcrossroad: Data collect: RREQ
04-22 12:20:36.146 22073  6656 E NearbyConnections: EndpointManager failed to find EndpointChannel over which to write DATA at offset 612 of Payload -9007404025457505713 to endpoint T8u1 [CONTEXT service_id=54 ]
04-22 12:20:36.146 17511 17613 D connectedcrossroad: handleRREQ: rebroadcasting RREQ for: 2
04-22 12:20:36.147 22073  6656 E NearbyConnections: EndpointManager failed to find EndpointChannel over which to write DATA at offset 612 of Payload -9007404025457505713 to endpoint T8u1 [CONTEXT service_id=54 ]
04-22 12:20:36.147 17511 17613 D connectedcrossroad: Data collect: SEND
04-22 12:20:36.147 22073  6656 E NearbyConnections: EndpointManager failed to find EndpointChannel over which to write DATA at offset 612 of Payload -9007404025457505713 to endpoint T8u1 [CONTEXT service_id=54 ]
04-22 12:20:36.148 22073  6656 I chatty  : uid=10156(com.google.android.gms) highpool[332] identical 3 lines
04-22 12:20:36.148 22073  6656 E NearbyConnections: EndpointManager failed to find EndpointChannel over which to write DATA at offset 612 of Payload -9007404025457505713 to endpoint T8u1 [CONTEXT service_id=54 ]
04-22 12:20:36.148 17511 17613 D connectedcrossroad: Data collect: SEND
04-22 12:20:36.148 22073  6656 E NearbyConnections: EndpointManager failed to find EndpointChannel over which to write DATA at offset 612 of Payload -9007404025457505713 to endpoint T8u1 [CONTEXT service_id=54 ]
04-22 12:20:36.148 22073  6656 I chatty  : uid=10156(com.google.android.gms) highpool[332] identical 1 line
04-22 12:20:36.149 22073  6656 E NearbyConnections: EndpointManager failed to find EndpointChannel over which to write DATA at offset 612 of Payload -9007404025457505713 to endpoint T8u1 [CONTEXT service_id=54 ]
04-22 12:20:36.149 22073 18033 I NearbyConnections: ClientProxy(244116452) reporting onPayloadReceived(TqyE, -8098487181387444435) [CONTEXT service_id=54 ]
04-22 12:20:36.149 17511 17613 V data    : Payload RX: 0
04-22 12:20:36.149 17511 17613 V data    : Payload TX: 240
04-22 12:20:36.149 22073  6656 E NearbyConnections: EndpointManager failed to find EndpointChannel over which to write DATA at offset 612 of Payload -9007404025457505713 to endpoint T8u1 [CONTEXT service_id=54 ]
04-22 12:20:36.149 17511 17613 V data    : Total RX: 109548
04-22 12:20:36.149 17511 17613 V data    : Total TX: 318466
04-22 12:20:36.149 22073  6656 E NearbyConnections: EndpointManager failed to find EndpointChannel over which to write DATA at offset 612 of Payload -9007404025457505713 to endpoint T8u1 [CONTEXT service_id=54 ]
04-22 12:20:36.151 22073  6656 I chatty  : uid=10156(com.google.android.gms) highpool[332] identical 5 lines
04-22 12:20:36.151 22073  6656 E NearbyConnections: EndpointManager failed to find EndpointChannel over which to write DATA at offset 612 of Payload -9007404025457505713 to endpoint T8u1 [CONTEXT service_id=54 ]
04-22 12:20:36.152 17511 17613 V connectedcrossroad: Data collect: HELO
04-22 12:20:36.152 22073 18033 I NearbyConnections: Client 244116452 is sending payload -8799187601638872966 to endpoints [Z7VH]. [CONTEXT service_id=54 ]
04-22 12:20:36.152 17511 17613 V data    : Payload RX: 0
04-22 12:20:36.153 17511 17613 V data    : Payload TX: 240
04-22 12:20:36.153 22073  6656 E NearbyConnections: EndpointManager failed to find EndpointChannel over which to write DATA at offset 612 of Payload -9007404025457505713 to endpoint T8u1 [CONTEXT service_id=54 ]
04-22 12:20:36.153 17511 17613 V data    : Total RX: 110160
04-22 12:20:36.153 17511 17613 V data    : Total TX: 318466
04-22 12:20:36.153 22073  6656 E NearbyConnections: EndpointManager failed to find EndpointChannel over which to write DATA at offset 612 of Payload -9007404025457505713 to endpoint T8u1 [CONTEXT service_id=54 ]
04-22 12:20:36.153 22073  6656 E NearbyConnections: EndpointManager failed to find EndpointChannel over which to write DATA at offset 612 of Payload -9007404025457505713 to endpoint T8u1 [CONTEXT service_id=54 ]
04-22 12:20:36.154 22073 18033 I NearbyConnections: Client 244116452 is sending payload -8393923031534913059 to endpoints [OPQz]. [CONTEXT service_id=54 ]
04-22 12:20:36.154 22073  6656 E NearbyConnections: EndpointManager failed to find EndpointChannel over which to write DATA at offset 612 of Payload -9007404025457505713 to endpoint T8u1 [CONTEXT service_id=54 ]
04-22 12:20:36.158 22073  6656 I chatty  : uid=10156(com.google.android.gms) highpool[332] identical 15 lines
04-22 12:20:36.158 22073  6656 E NearbyConnections: EndpointManager failed to find EndpointChannel over which to write DATA at offset 612 of Payload -9007404025457505713 to endpoint T8u1 [CONTEXT service_id=54 ]
04-22 12:20:36.158 22073 18073 I NearbyConnections: Sent BYTES data(697 bytes) via WIFI_LAN used 4 milliseconds, throughput is 0.17 MB/s (170.17 KB/s) [CONTEXT service_id=54 ]
04-22 12:20:36.158 22073  6656 E NearbyConnections: EndpointManager failed to find EndpointChannel over which to write DATA at offset 612 of Payload -9007404025457505713 to endpoint T8u1 [CONTEXT service_id=54 ]
04-22 12:20:36.158 22073 18033 I NearbyConnections: ClientProxy(244116452) reporting onPayloadTransferUpdate(Z7VH, -8799187601638872966, SUCCESS) [CONTEXT service_id=54 ]
04-22 12:20:36.158 22073 18073 I NearbyConnections: Sent BYTES data(697 bytes) SUCCEEDED, overall used 5 milliseconds, throughput is 0.13 MB/s (136.13 KB/s) [CONTEXT service_id=54 ]
04-22 12:20:36.158 22073  6656 E NearbyConnections: EndpointManager failed to find EndpointChannel over which to write DATA at offset 612 of Payload -9007404025457505713 to endpoint T8u1 [CONTEXT service_id=54 ]
04-22 12:20:36.163 22073  6656 I chatty  : uid=10156(com.google.android.gms) highpool[332] identical 16 lines
04-22 12:20:36.163 22073  6656 E NearbyConnections: EndpointManager failed to find EndpointChannel over which to write DATA at offset 612 of Payload -9007404025457505713 to endpoint T8u1 [CONTEXT service_id=54 ]
04-22 12:20:36.163 22073 18073 I NearbyConnections: Sent BYTES data(697 bytes) via WIFI_LAN used 4 milliseconds, throughput is 0.17 MB/s (170.17 KB/s) [CONTEXT service_id=54 ]
04-22 12:20:36.163 22073  6656 E NearbyConnections: EndpointManager failed to find EndpointChannel over which to write DATA at offset 612 of Payload -9007404025457505713 to endpoint T8u1 [CONTEXT service_id=54 ]
04-22 12:20:36.163 22073  6656 E NearbyConnections: EndpointManager failed to find EndpointChannel over which to write DATA at offset 612 of Payload -9007404025457505713 to endpoint T8u1 [CONTEXT service_id=54 ]
04-22 12:20:36.164 22073 18073 I NearbyConnections: Sent BYTES data(697 bytes) SUCCEEDED, overall used 4 milliseconds, throughput is 0.17 MB/s (170.17 KB/s) [CONTEXT service_id=54 ]
04-22 12:20:36.164 22073  6656 E NearbyConnections: EndpointManager failed to find EndpointChannel over which to write DATA at offset 612 of Payload -9007404025457505713 to endpoint T8u1 [CONTEXT service_id=54 ]
04-22 12:20:36.164 22073 18033 I NearbyConnections: ClientProxy(244116452) reporting onPayloadTransferUpdate(OPQz, -8393923031534913059, SUCCESS) [CONTEXT service_id=54 ]
04-22 12:20:36.164 22073  6656 E NearbyConnections: EndpointManager failed to find EndpointChannel over which to write DATA at offset 612 of Payload -9007404025457505713 to endpoint T8u1 [CONTEXT service_id=54 ]
04-22 12:20:36.276 22073  6656 I chatty  : uid=10156(com.google.android.gms) highpool[332] identical 445 lines
04-22 12:20:36.276 22073  6656 E NearbyConnections: EndpointManager failed to find EndpointChannel over which to write DATA at offset 612 of Payload -9007404025457505713 to endpoint T8u1 [CONTEXT service_id=54 ]
04-22 12:20:36.276 17511 17608 D connectedcrossroad: Data collect: SEND
04-22 12:20:36.276 22073  6656 E NearbyConnections: EndpointManager failed to find EndpointChannel over which to write DATA at offset 612 of Payload -9007404025457505713 to endpoint T8u1 [CONTEXT service_id=54 ]
04-22 12:20:36.277 22073  6656 I chatty  : uid=10156(com.google.android.gms) highpool[332] identical 2 lines
04-22 12:20:36.277 22073  6656 E NearbyConnections: EndpointManager failed to find EndpointChannel over which to write DATA at offset 612 of Payload -9007404025457505713 to endpoint T8u1 [CONTEXT service_id=54 ]
04-22 12:20:36.277 17511 17608 D connectedcrossroad: Data collect: SEND
04-22 12:20:36.277 22073  6656 E NearbyConnections: EndpointManager failed to find EndpointChannel over which to write DATA at offset 612 of Payload -9007404025457505713 to endpoint T8u1 [CONTEXT service_id=54 ]
04-22 12:20:36.280 22073  6656 I chatty  : uid=10156(com.google.android.gms) highpool[332] identical 10 lines
04-22 12:20:36.280 22073  6656 E NearbyConnections: EndpointManager failed to find EndpointChannel over which to write DATA at offset 612 of Payload -9007404025457505713 to endpoint T8u1 [CONTEXT service_id=54 ]
04-22 12:20:36.280 22073 18033 I NearbyConnections: Client 244116452 is sending payload -7629458483234380854 to endpoints [Z7VH]. [CONTEXT service_id=54 ]
04-22 12:20:36.280 22073  6656 E NearbyConnections: EndpointManager failed to find EndpointChannel over which to write DATA at offset 612 of Payload -9007404025457505713 to endpoint T8u1 [CONTEXT service_id=54 ]
04-22 12:20:36.283 22073  6656 I chatty  : uid=10156(com.google.android.gms) highpool[332] identical 10 lines
04-22 12:20:36.283 22073  6656 E NearbyConnections: EndpointManager failed to find EndpointChannel over which to write DATA at offset 612 of Payload -9007404025457505713 to endpoint T8u1 [CONTEXT service_id=54 ]
04-22 12:20:36.283 22073 18033 I NearbyConnections: Client 244116452 is sending payload -8697173264915349963 to endpoints [OPQz]. [CONTEXT service_id=54 ]
04-22 12:20:36.283 22073  6656 E NearbyConnections: EndpointManager failed to find EndpointChannel over which to write DATA at offset 612 of Payload -9007404025457505713 to endpoint T8u1 [CONTEXT service_id=54 ]
04-22 12:20:36.286 22073  6656 I chatty  : uid=10156(com.google.android.gms) highpool[332] identical 9 lines
04-22 12:20:36.286 22073  6656 E NearbyConnections: EndpointManager failed to find EndpointChannel over which to write DATA at offset 612 of Payload -9007404025457505713 to endpoint T8u1 [CONTEXT service_id=54 ]
04-22 12:20:36.286 22073 18073 I NearbyConnections: Sent BYTES data(691 bytes) via WIFI_LAN used 5 milliseconds, throughput is 0.13 MB/s (134.96 KB/s) [CONTEXT service_id=54 ]
04-22 12:20:36.286 22073  6656 E NearbyConnections: EndpointManager failed to find EndpointChannel over which to write DATA at offset 612 of Payload -9007404025457505713 to endpoint T8u1 [CONTEXT service_id=54 ]
04-22 12:20:36.286 22073 18096 I NearbyConnections: ClientProxy(244116452) reporting onPayloadTransferUpdate(Z7VH, -7629458483234380854, SUCCESS) [CONTEXT service_id=54 ]
04-22 12:20:36.286 22073 18073 I NearbyConnections: Sent BYTES data(691 bytes) SUCCEEDED, overall used 5 milliseconds, throughput is 0.13 MB/s (134.96 KB/s) [CONTEXT service_id=54 ]
04-22 12:20:36.286 22073  6656 E NearbyConnections: EndpointManager failed to find EndpointChannel over which to write DATA at offset 612 of Payload -9007404025457505713 to endpoint T8u1 [CONTEXT service_id=54 ]
04-22 12:20:36.291 22073  6656 I chatty  : uid=10156(com.google.android.gms) highpool[332] identical 19 lines
04-22 12:20:36.292 22073  6656 E NearbyConnections: EndpointManager failed to find EndpointChannel over which to write DATA at offset 612 of Payload -9007404025457505713 to endpoint T8u1 [CONTEXT service_id=54 ]
04-22 12:20:36.291 22073 18073 I NearbyConnections: Sent BYTES data(691 bytes) via WIFI_LAN used 4 milliseconds, throughput is 0.16 MB/s (168.70 KB/s) [CONTEXT service_id=54 ]
04-22 12:20:36.292 22073  6656 E NearbyConnections: EndpointManager failed to find EndpointChannel over which to write DATA at offset 612 of Payload -9007404025457505713 to endpoint T8u1 [CONTEXT service_id=54 ]
04-22 12:20:36.292 22073 18096 I NearbyConnections: ClientProxy(244116452) reporting onPayloadTransferUpdate(OPQz, -8697173264915349963, SUCCESS) [CONTEXT service_id=54 ]
04-22 12:20:36.292 22073  6656 E NearbyConnections: EndpointManager failed to find EndpointChannel over which to write DATA at offset 612 of Payload -9007404025457505713 to endpoint T8u1 [CONTEXT service_id=54 ]
04-22 12:20:36.292 22073 18073 I NearbyConnections: Sent BYTES data(691 bytes) SUCCEEDED, overall used 4 milliseconds, throughput is 0.16 MB/s (168.70 KB/s) [CONTEXT service_id=54 ]
04-22 12:20:36.292 22073  6656 E NearbyConnections: EndpointManager failed to find EndpointChannel over which to write DATA at offset 612 of Payload -9007404025457505713 to endpoint T8u1 [CONTEXT service_id=54 ]
04-22 12:20:36.558 22073  6656 I chatty  : uid=10156(com.google.android.gms) highpool[332] identical 1014 lines
04-22 12:20:36.558 22073  6656 E NearbyConnections: EndpointManager failed to find EndpointChannel over which to write DATA at offset 612 of Payload -9007404025457505713 to endpoint T8u1 [CONTEXT service_id=54 ]
04-22 12:20:36.558 17511 17609 D connectedcrossroad: dataTxThread: Pulled AODV data from queue
04-22 12:20:36.558 22073  6656 E NearbyConnections: EndpointManager failed to find EndpointChannel over which to write DATA at offset 612 of Payload -9007404025457505713 to endpoint T8u1 [CONTEXT service_id=54 ]
04-22 12:20:36.559 17511 17609 D connectedcrossroad: dataTxThread: Pulled AODV data from queue
04-22 12:20:36.559 22073  6656 E NearbyConnections: EndpointManager failed to find EndpointChannel over which to write DATA at offset 612 of Payload -9007404025457505713 to endpoint T8u1 [CONTEXT service_id=54 ]
04-22 12:20:37.059 22073  6656 I chatty  : uid=10156(com.google.android.gms) highpool[332] identical 1957 lines
04-22 12:20:37.059 22073  6656 E NearbyConnections: EndpointManager failed to find EndpointChannel over which to write DATA at offset 612 of Payload -9007404025457505713 to endpoint T8u1 [CONTEXT service_id=54 ]
04-22 12:20:37.059 17511 17609 D connectedcrossroad: dataTxThread: Pulled AODV data from queue
04-22 12:20:37.060 17511 17609 D connectedcrossroad: dataTxThread: Pulled AODV data from queue
04-22 12:20:37.060 22073  6656 E NearbyConnections: EndpointManager failed to find EndpointChannel over which to write DATA at offset 612 of Payload -9007404025457505713 to endpoint T8u1 [CONTEXT service_id=54 ]
04-22 12:20:37.560 22073  6656 I chatty  : uid=10156(com.google.android.gms) highpool[332] identical 1924 lines
04-22 12:20:37.560 22073  6656 E NearbyConnections: EndpointManager failed to find EndpointChannel over which to write DATA at offset 612 of Payload -9007404025457505713 to endpoint T8u1 [CONTEXT service_id=54 ]
04-22 12:20:37.561 17511 17609 D connectedcrossroad: dataTxThread: Pulled AODV data from queue
04-22 12:20:37.561 22073  6656 E NearbyConnections: EndpointManager failed to find EndpointChannel over which to write DATA at offset 612 of Payload -9007404025457505713 to endpoint T8u1 [CONTEXT service_id=54 ]
04-22 12:20:37.561 17511 17609 D connectedcrossroad: dataTxThread: Pulled AODV data from queue
04-22 12:20:37.561 22073  6656 E NearbyConnections: EndpointManager failed to find EndpointChannel over which to write DATA at offset 612 of Payload -9007404025457505713 to endpoint T8u1 [CONTEXT service_id=54 ]
04-22 12:20:38.061 22073  6656 I chatty  : uid=10156(com.google.android.gms) highpool[332] identical 1940 lines
04-22 12:20:38.062 22073  6656 E NearbyConnections: EndpointManager failed to find EndpointChannel over which to write DATA at offset 612 of Payload -9007404025457505713 to endpoint T8u1 [CONTEXT service_id=54 ]
04-22 12:20:38.062 17511 17609 D connectedcrossroad: dataTxThread: Pulled AODV data from queue
04-22 12:20:38.062 17511 17609 D connectedcrossroad: dataTxThread: Pulled AODV data from queue
04-22 12:20:38.062 22073  6656 E NearbyConnections: EndpointManager failed to find EndpointChannel over which to write DATA at offset 612 of Payload -9007404025457505713 to endpoint T8u1 [CONTEXT service_id=54 ]
04-22 12:20:38.278 22073  6656 I chatty  : uid=10156(com.google.android.gms) highpool[332] identical 802 lines
04-22 12:20:38.278 22073  6656 E NearbyConnections: EndpointManager failed to find EndpointChannel over which to write DATA at offset 612 of Payload -9007404025457505713 to endpoint T8u1 [CONTEXT service_id=54 ]
04-22 12:20:38.279 17511 17608 D connectedcrossroad: Data collect: SEND
04-22 12:20:38.279 22073  6656 E NearbyConnections: EndpointManager failed to find EndpointChannel over which to write DATA at offset 612 of Payload -9007404025457505713 to endpoint T8u1 [CONTEXT service_id=54 ]
04-22 12:20:38.279 22073  6656 I chatty  : uid=10156(com.google.android.gms) highpool[332] identical 1 line
04-22 12:20:38.279 22073  6656 E NearbyConnections: EndpointManager failed to find EndpointChannel over which to write DATA at offset 612 of Payload -9007404025457505713 to endpoint T8u1 [CONTEXT service_id=54 ]
04-22 12:20:38.279 17511 17608 D connectedcrossroad: Data collect: SEND
04-22 12:20:38.279 22073  6656 E NearbyConnections: EndpointManager failed to find EndpointChannel over which to write DATA at offset 612 of Payload -9007404025457505713 to endpoint T8u1 [CONTEXT service_id=54 ]
04-22 12:20:38.281 22073  6656 I chatty  : uid=10156(com.google.android.gms) highpool[332] identical 8 lines
04-22 12:20:38.281 22073  6656 E NearbyConnections: EndpointManager failed to find EndpointChannel over which to write DATA at offset 612 of Payload -9007404025457505713 to endpoint T8u1 [CONTEXT service_id=54 ]
04-22 12:20:38.282 22073 18096 I NearbyConnections: Client 244116452 is sending payload -7189752078078716455 to endpoints [Z7VH]. [CONTEXT service_id=54 ]
04-22 12:20:38.282 22073  6656 E NearbyConnections: EndpointManager failed to find EndpointChannel over which to write DATA at offset 612 of Payload -9007404025457505713 to endpoint T8u1 [CONTEXT service_id=54 ]
04-22 12:20:38.283 22073  6656 I chatty  : uid=10156(com.google.android.gms) highpool[332] identical 5 lines
04-22 12:20:38.283 22073  6656 E NearbyConnections: EndpointManager failed to find EndpointChannel over which to write DATA at offset 612 of Payload -9007404025457505713 to endpoint T8u1 [CONTEXT service_id=54 ]
04-22 12:20:38.284 22073 18096 I NearbyConnections: Client 244116452 is sending payload -8728635620978320734 to endpoints [OPQz]. [CONTEXT service_id=54 ]
04-22 12:20:38.284 22073  6656 E NearbyConnections: EndpointManager failed to find EndpointChannel over which to write DATA at offset 612 of Payload -9007404025457505713 to endpoint T8u1 [CONTEXT service_id=54 ]
04-22 12:20:38.286 22073  6656 I chatty  : uid=10156(com.google.android.gms) highpool[332] identical 9 lines
04-22 12:20:38.286 22073  6656 E NearbyConnections: EndpointManager failed to find EndpointChannel over which to write DATA at offset 612 of Payload -9007404025457505713 to endpoint T8u1 [CONTEXT service_id=54 ]
04-22 12:20:38.286 22073 18073 I NearbyConnections: Sent BYTES data(691 bytes) via WIFI_LAN used 3 milliseconds, throughput is 0.22 MB/s (224.93 KB/s) [CONTEXT service_id=54 ]
04-22 12:20:38.286 22073  6656 E NearbyConnections: EndpointManager failed to find EndpointChannel over which to write DATA at offset 612 of Payload -9007404025457505713 to endpoint T8u1 [CONTEXT service_id=54 ]
04-22 12:20:38.286 22073 18073 I NearbyConnections: Sent BYTES data(691 bytes) SUCCEEDED, overall used 4 milliseconds, throughput is 0.16 MB/s (168.70 KB/s) [CONTEXT service_id=54 ]
04-22 12:20:38.287 22073 18096 I NearbyConnections: ClientProxy(244116452) reporting onPayloadTransferUpdate(Z7VH, -7189752078078716455, SUCCESS) [CONTEXT service_id=54 ]
04-22 12:20:38.287 22073  6656 E NearbyConnections: EndpointManager failed to find EndpointChannel over which to write DATA at offset 612 of Payload -9007404025457505713 to endpoint T8u1 [CONTEXT service_id=54 ]
04-22 12:20:38.290 22073  6656 I chatty  : uid=10156(com.google.android.gms) highpool[332] identical 12 lines
04-22 12:20:38.290 22073  6656 E NearbyConnections: EndpointManager failed to find EndpointChannel over which to write DATA at offset 612 of Payload -9007404025457505713 to endpoint T8u1 [CONTEXT service_id=54 ]
04-22 12:20:38.290 22073 18073 I NearbyConnections: Sent BYTES data(691 bytes) via WIFI_LAN used 3 milliseconds, throughput is 0.22 MB/s (224.93 KB/s) [CONTEXT service_id=54 ]
04-22 12:20:38.290 22073  6656 E NearbyConnections: EndpointManager failed to find EndpointChannel over which to write DATA at offset 612 of Payload -9007404025457505713 to endpoint T8u1 [CONTEXT service_id=54 ]
04-22 12:20:38.290 22073 18073 I NearbyConnections: Sent BYTES data(691 bytes) SUCCEEDED, overall used 3 milliseconds, throughput is 0.22 MB/s (224.93 KB/s) [CONTEXT service_id=54 ]
04-22 12:20:38.290 22073  6656 E NearbyConnections: EndpointManager failed to find EndpointChannel over which to write DATA at offset 612 of Payload -9007404025457505713 to endpoint T8u1 [CONTEXT service_id=54 ]
04-22 12:20:38.290 22073 18096 I NearbyConnections: ClientProxy(244116452) reporting onPayloadTransferUpdate(OPQz, -8728635620978320734, SUCCESS) [CONTEXT service_id=54 ]
04-22 12:20:38.291 22073  6656 E NearbyConnections: EndpointManager failed to find EndpointChannel over which to write DATA at offset 612 of Payload -9007404025457505713 to endpoint T8u1 [CONTEXT service_id=54 ]
04-22 12:20:38.562 22073  6656 I chatty  : uid=10156(com.google.android.gms) highpool[332] identical 833 lines
04-22 12:20:38.563 22073  6656 E NearbyConnections: EndpointManager failed to find EndpointChannel over which to write DATA at offset 612 of Payload -9007404025457505713 to endpoint T8u1 [CONTEXT service_id=54 ]
04-22 12:20:38.563 17511 17609 D connectedcrossroad: dataTxThread: Pulled AODV data from queue
04-22 12:20:38.563 22073  6656 E NearbyConnections: EndpointManager failed to find EndpointChannel over which to write DATA at offset 612 of Payload -9007404025457505713 to endpoint T8u1 [CONTEXT service_id=54 ]
04-22 12:20:39.063 22073  6656 I chatty  : uid=10156(com.google.android.gms) highpool[332] identical 1951 lines
04-22 12:20:39.063 22073  6656 E NearbyConnections: EndpointManager failed to find EndpointChannel over which to write DATA at offset 612 of Payload -9007404025457505713 to endpoint T8u1 [CONTEXT service_id=54 ]
04-22 12:20:39.064 17511 17609 D connectedcrossroad: dataTxThread: Pulled AODV data from queue
04-22 12:20:39.064 22073  6656 E NearbyConnections: EndpointManager failed to find EndpointChannel over which to write DATA at offset 612 of Payload -9007404025457505713 to endpoint T8u1 [CONTEXT service_id=54 ]
04-22 12:20:39.564 22073  6656 I chatty  : uid=10156(com.google.android.gms) highpool[332] identical 1890 lines
04-22 12:20:39.565 22073  6656 E NearbyConnections: EndpointManager failed to find EndpointChannel over which to write DATA at offset 612 of Payload -9007404025457505713 to endpoint T8u1 [CONTEXT service_id=54 ]
04-22 12:20:39.565 17511 17609 D connectedcrossroad: dataTxThread: Pulled AODV data from queue
04-22 12:20:39.565 22073  6656 E NearbyConnections: EndpointManager failed to find EndpointChannel over which to write DATA at offset 612 of Payload -9007404025457505713 to endpoint T8u1 [CONTEXT service_id=54 ]
04-22 12:20:39.662 22073  6656 I chatty  : uid=10156(com.google.android.gms) highpool[332] identical 343 lines
04-22 12:20:39.662 22073  6656 E NearbyConnections: EndpointManager failed to find EndpointChannel over which to write DATA at offset 612 of Payload -9007404025457505713 to endpoint T8u1 [CONTEXT service_id=54 ]
04-22 12:20:39.662 17511 17610 V perf    : Route to 1 (null) expired.
04-22 12:20:39.662 22073  6656 E NearbyConnections: EndpointManager failed to find EndpointChannel over which to write DATA at offset 612 of Payload -9007404025457505713 to endpoint T8u1 [CONTEXT service_id=54 ]
04-22 12:20:39.824 22073  6656 I chatty  : uid=10156(com.google.android.gms) highpool[332] identical 638 lines
04-22 12:20:39.824 22073  6656 E NearbyConnections: EndpointManager failed to find EndpointChannel over which to write DATA at offset 612 of Payload -9007404025457505713 to endpoint T8u1 [CONTEXT service_id=54 ]
04-22 12:20:39.824 22073 15464 I NearbyConnections: EndpointManager discarded incoming OfflineFrame of type KEEP_ALIVE because it doesn't have a processor registered. [CONTEXT service_id=54 ]
04-22 12:20:39.824 22073  6656 E NearbyConnections: EndpointManager failed to find EndpointChannel over which to write DATA at offset 612 of Payload -9007404025457505713 to endpoint T8u1 [CONTEXT service_id=54 ]
04-22 12:20:40.065 22073  6656 I chatty  : uid=10156(com.google.android.gms) highpool[332] identical 963 lines
04-22 12:20:40.065 22073  6656 E NearbyConnections: EndpointManager failed to find EndpointChannel over which to write DATA at offset 612 of Payload -9007404025457505713 to endpoint T8u1 [CONTEXT service_id=54 ]
04-22 12:20:40.065 17511 17609 D connectedcrossroad: dataTxThread: Pulled AODV data from queue
04-22 12:20:40.066 22073  6656 E NearbyConnections: EndpointManager failed to find EndpointChannel over which to write DATA at offset 612 of Payload -9007404025457505713 to endpoint T8u1 [CONTEXT service_id=54 ]
04-22 12:20:40.280 22073  6656 I chatty  : uid=10156(com.google.android.gms) highpool[332] identical 728 lines
04-22 12:20:40.280 22073  6656 E NearbyConnections: EndpointManager failed to find EndpointChannel over which to write DATA at offset 612 of Payload -9007404025457505713 to endpoint T8u1 [CONTEXT service_id=54 ]
04-22 12:20:40.280 17511 17608 D connectedcrossroad: Data collect: SEND
04-22 12:20:40.281 22073  6656 E NearbyConnections: EndpointManager failed to find EndpointChannel over which to write DATA at offset 612 of Payload -9007404025457505713 to endpoint T8u1 [CONTEXT service_id=54 ]
04-22 12:20:40.281 22073  6656 I chatty  : uid=10156(com.google.android.gms) highpool[332] identical 1 line
04-22 12:20:40.281 22073  6656 E NearbyConnections: EndpointManager failed to find EndpointChannel over which to write DATA at offset 612 of Payload -9007404025457505713 to endpoint T8u1 [CONTEXT service_id=54 ]
04-22 12:20:40.281 17511 17608 D connectedcrossroad: Data collect: SEND
04-22 12:20:40.281 22073  6656 E NearbyConnections: EndpointManager failed to find EndpointChannel over which to write DATA at offset 612 of Payload -9007404025457505713 to endpoint T8u1 [CONTEXT service_id=54 ]
04-22 12:20:40.284 22073  6656 I chatty  : uid=10156(com.google.android.gms) highpool[332] identical 9 lines
04-22 12:20:40.284 22073  6656 E NearbyConnections: EndpointManager failed to find EndpointChannel over which to write DATA at offset 612 of Payload -9007404025457505713 to endpoint T8u1 [CONTEXT service_id=54 ]
04-22 12:20:40.284 22073 18096 I NearbyConnections: Client 244116452 is sending payload -5517137498878128663 to endpoints [Z7VH]. [CONTEXT service_id=54 ]
04-22 12:20:40.284 22073  6656 E NearbyConnections: EndpointManager failed to find EndpointChannel over which to write DATA at offset 612 of Payload -9007404025457505713 to endpoint T8u1 [CONTEXT service_id=54 ]
04-22 12:20:40.286 22073  6656 I chatty  : uid=10156(com.google.android.gms) highpool[332] identical 9 lines
04-22 12:20:40.287 22073  6656 E NearbyConnections: EndpointManager failed to find EndpointChannel over which to write DATA at offset 612 of Payload -9007404025457505713 to endpoint T8u1 [CONTEXT service_id=54 ]
