04-22 10:43:31.945  1743  2078 I chatty  : uid=1000(system) AccountManagerS expire 1 line
04-22 10:43:31.952  1743  2660 I chatty  : uid=1000(system) android.fg expire 1 line
04-22 10:43:32.048  1743  2443 I chatty  : uid=1000(system) Binder:1743_8 expire 7 lines
04-22 10:43:32.167  1743  1743 I chatty  : uid=1000 system_server expire 12 lines
04-22 10:43:32.167  1743  1772 I chatty  : uid=1000(system) ActivityManager expire 17 lines
04-22 10:43:32.188  1743  1762 I chatty  : uid=1000(system) android.fg expire 2 lines
04-22 10:43:32.607  1743 11436 I chatty  : uid=1000(system) Binder:1743_1E expire 5 lines
04-22 10:43:32.642  1743  1773 I chatty  : uid=1000(system) ActivityManager expire 6 lines
04-22 10:43:32.652  1743  1766 I chatty  : uid=1000(system) android.anim expire 17 lines
04-22 10:43:33.309  1743  3398 I chatty  : uid=1000(system) Binder:1743_D expire 1 line
04-22 10:43:48.024  1743  2246 I chatty  : uid=1000(system) NsdService expire 12 lines
04-22 10:43:51.914  2308  2308 V DeadZone: consuming errant click: (50.929268,11.047974)
04-22 10:43:51.914  2308  2308 V DeadZone: consuming errant click: (50.929268,11.047974)
04-22 10:44:13.309  1743  2059 I chatty  : uid=1000(system) UEventObserver expire 19 lines
04-22 10:46:42.651  1743  2233 I chatty  : uid=1000(system) Binder:1743_5 expire 7 lines
04-22 10:46:42.736  1743  2383 I chatty  : uid=1000(system) Binder:1743_6 expire 1 line
04-22 10:46:42.746  1743  1765 I chatty  : uid=1000(system) android.display expire 2 lines
04-22 10:49:07.918  1743  9612 I chatty  : uid=1000(system) Binder:1743_1B expire 1 line
04-22 10:49:07.948  1743 10153 I chatty  : uid=1000(system) Binder:1743_1C expire 2 lines
04-22 10:54:08.752  1743  1771 I chatty  : uid=1000(system) android.bg expire 2 lines
04-22 11:00:55.344  1743  5895 I chatty  : uid=1000(system) Binder:1743_16 expire 2 lines
04-22 11:01:30.894  1743  7290 I chatty  : uid=1000(system) Binder:1743_1A expire 20 lines
04-22 11:01:30.987  1743  1765 I chatty  : uid=1000(system) android.display expire 2 lines
04-22 11:01:30.995  1743 11433 I chatty  : uid=1000(system) Binder:1743_1D expire 1 line
04-22 11:01:31.008  1743  1766 I chatty  : uid=1000(system) android.anim expire 15 lines
04-22 11:01:35.272  1743  3384 I chatty  : uid=1000(system) Binder:1743_B expire 1 line
04-22 11:01:37.500  1743  2246 I chatty  : uid=1000(system) NsdService expire 2 lines
04-22 11:01:37.539  1743  1743 I chatty  : uid=1000 system_server expire 14 lines
04-22 11:01:37.786  1743  2059 I chatty  : uid=1000(system) UEventObserver expire 3 lines
04-22 11:01:38.569  1743  1773 I chatty  : uid=1000(system) ActivityManager expire 1 line
04-22 11:01:38.927  1743 12220 I chatty  : uid=1000(system) Binder:1743_20 expire 2 lines
04-22 11:01:47.852  1743  1772 I chatty  : uid=1000(system) ActivityManager expire 24 lines
04-22 11:03:50.810  1743 11436 I chatty  : uid=1000(system) Binder:1743_1E expire 1 line
04-22 11:03:59.412  1743  1788 I chatty  : uid=1000(system) PackageManager expire 45 lines
04-22 11:03:59.672  1743  2078 I chatty  : uid=1000(system) AccountManagerS expire 1 line
04-22 11:03:59.688  1743  2660 I chatty  : uid=1000(system) android.fg expire 1 line
04-22 11:03:59.798  1743  2232 I chatty  : uid=1000(system) Binder:1743_4 expire 1 line
04-22 11:03:59.890  1743  3657 I chatty  : uid=1000(system) Binder:1743_F expire 1 line
04-22 11:03:59.891  1743  1743 I chatty  : uid=1000 system_server expire 15 lines
04-22 11:03:59.902  1743  1772 I chatty  : uid=1000(system) ActivityManager expire 29 lines
04-22 11:03:59.916  1743  1762 I chatty  : uid=1000(system) android.fg expire 2 lines
04-22 11:04:00.249  1743  5895 I chatty  : uid=1000(system) Binder:1743_16 expire 4 lines
04-22 11:04:00.289  1743  1766 I chatty  : uid=1000(system) android.anim expire 12 lines
04-22 11:04:00.290  1743  1773 I chatty  : uid=1000(system) ActivityManager expire 1 line
04-22 11:04:00.645  1743  2232 I chatty  : uid=1000(system) Binder:1743_4 expire 1 line
04-22 11:04:00.967  1743  3659 I chatty  : uid=1000(system) Binder:1743_10 expire 1 line
04-22 11:04:03.415  1743  2246 I chatty  : uid=1000(system) NsdService expire 7 lines
04-22 11:04:30.270  1743  1761 I chatty  : uid=1000(system) Binder:1743_2 expire 1 line
04-22 11:04:30.313  1743  2838 I chatty  : uid=1000(system) Binder:1743_A expire 1 line
04-22 11:04:42.113  1743  2059 I chatty  : uid=1000(system) UEventObserver expire 1 line
04-22 11:04:59.447  1743  7056 I chatty  : uid=1000(system) Binder:1743_19 expire 7 lines
04-22 11:04:59.537  1743  1765 I chatty  : uid=1000(system) android.display expire 1 line
04-22 11:04:59.544  1743  5994 I chatty  : uid=1000(system) Binder:1743_17 expire 1 line
04-22 11:05:23.771  1743  2836 I chatty  : uid=1000(system) Binder:1743_9 expire 1 line
04-22 11:05:33.957  1743  1788 I chatty  : uid=1000(system) PackageManager expire 45 lines
04-22 11:05:34.194  1743  2078 I chatty  : uid=1000(system) AccountManagerS expire 1 line
04-22 11:05:34.205  1743  2660 I chatty  : uid=1000(system) android.fg expire 1 line
04-22 11:05:34.214  1743  1772 I chatty  : uid=1000(system) ActivityManager expire 33 lines
04-22 11:05:34.297  1743  3657 I chatty  : uid=1000(system) Binder:1743_F expire 1 line
04-22 11:05:34.410  1743  1743 I chatty  : uid=1000 system_server expire 15 lines
04-22 11:05:34.449  1743  7056 I chatty  : uid=1000(system) Binder:1743_19 expire 2 lines
04-22 11:05:34.496  1743  1762 I chatty  : uid=1000(system) android.fg expire 2 lines
04-22 11:05:34.833  1743  3392 I chatty  : uid=1000(system) Binder:1743_C expire 5 lines
04-22 11:05:34.862  1743  1773 I chatty  : uid=1000(system) ActivityManager expire 4 lines
04-22 11:05:34.869  1743  1766 I chatty  : uid=1000(system) android.anim expire 11 lines
04-22 11:05:38.196  1743  2246 I chatty  : uid=1000(system) NsdService expire 7 lines
04-22 11:05:43.559  1743  2059 I chatty  : uid=1000(system) UEventObserver expire 8 lines
04-22 11:08:22.289  1743  9612 I chatty  : uid=1000(system) Binder:1743_1B expire 2 lines
04-22 11:08:48.905  1743  2232 I chatty  : uid=1000(system) Binder:1743_4 expire 7 lines
04-22 11:08:48.970  1743  4798 I chatty  : uid=1000(system) Binder:1743_12 expire 1 line
04-22 11:08:49.008  1743  1765 I chatty  : uid=1000(system) android.display expire 1 line
04-22 11:09:07.410  1743  1788 I chatty  : uid=1000(system) PackageManager expire 56 lines
04-22 11:09:07.608  1743  2078 I chatty  : uid=1000(system) AccountManagerS expire 1 line
04-22 11:09:07.611  1743  2660 I chatty  : uid=1000(system) android.fg expire 1 line
04-22 11:09:07.619  1743  1772 I chatty  : uid=1000(system) ActivityManager expire 36 lines
04-22 11:09:07.725  1743  2039 I chatty  : uid=1000(system) Binder:1743_3 expire 8 lines
04-22 11:09:07.890  1743  1761 I chatty  : uid=1000(system) Binder:1743_2 expire 1 line
04-22 11:09:07.891  1743  1762 I chatty  : uid=1000(system) android.fg expire 2 lines
04-22 11:09:07.949  1743  1743 I chatty  : uid=1000 system_server expire 16 lines
04-22 11:09:08.206  1743  7056 I chatty  : uid=1000(system) Binder:1743_19 expire 4 lines
04-22 11:09:08.253  1743  1766 I chatty  : uid=1000(system) android.anim expire 11 lines
04-22 11:09:08.263  1743  1773 I chatty  : uid=1000(system) ActivityManager expire 3 lines
04-22 11:09:08.613  1743  9612 I chatty  : uid=1000(system) Binder:1743_1B expire 1 line
04-22 11:09:09.002  1743  5994 I chatty  : uid=1000(system) Binder:1743_17 expire 1 line
04-22 11:09:15.355  1743  2246 I chatty  : uid=1000(system) NsdService expire 7 lines
04-22 11:09:36.564  1743  3384 I chatty  : uid=1000(system) Binder:1743_B expire 1 line
04-22 11:09:49.321  1743  2059 I chatty  : uid=1000(system) UEventObserver expire 5 lines
04-22 11:13:12.348  1743  7290 I chatty  : uid=1000(system) Binder:1743_1A expire 1 line
04-22 11:13:12.379  1743  1765 I chatty  : uid=1000(system) android.display expire 1 line
04-22 11:13:13.274  1743  3398 I chatty  : uid=1000(system) Binder:1743_D expire 1 line
04-22 11:13:21.165  1743 11968 I chatty  : uid=1000(system) Binder:1743_1F expire 1 line
04-22 11:13:29.286  1743  1788 I chatty  : uid=1000(system) PackageManager expire 34 lines
04-22 11:13:29.463  1743  2078 I chatty  : uid=1000(system) AccountManagerS expire 1 line
04-22 11:13:29.476  1743  2660 I chatty  : uid=1000(system) android.fg expire 1 line
04-22 11:13:29.493  1743  1772 I chatty  : uid=1000(system) ActivityManager expire 24 lines
04-22 11:13:29.607  1743  3656 I chatty  : uid=1000(system) Binder:1743_E expire 1 line
04-22 11:13:29.640  1743  1743 I chatty  : uid=1000 system_server expire 17 lines
04-22 11:13:29.721  1743  4666 I chatty  : uid=1000(system) Binder:1743_11 expire 2 lines
04-22 11:13:29.741  1743  1762 I chatty  : uid=1000(system) android.fg expire 2 lines
04-22 11:13:30.037  1743  2836 I chatty  : uid=1000(system) Binder:1743_9 expire 6 lines
04-22 11:13:30.078  1743  1773 I chatty  : uid=1000(system) ActivityManager expire 2 lines
04-22 11:13:30.086  1743  1766 I chatty  : uid=1000(system) android.anim expire 13 lines
04-22 11:13:30.847  1743  5994 I chatty  : uid=1000(system) Binder:1743_17 expire 1 line
04-22 11:13:42.674  1743 10153 I chatty  : uid=1000(system) Binder:1743_1C expire 1 line
04-22 11:13:44.835  1743  2838 I chatty  : uid=1000(system) Binder:1743_A expire 2 lines
04-22 11:13:44.874  1743  3384 I chatty  : uid=1000(system) Binder:1743_B expire 1 line
04-22 11:13:55.067  1743  2059 I chatty  : uid=1000(system) UEventObserver expire 2 lines
04-22 11:13:57.398  1743  2246 I chatty  : uid=1000(system) NsdService expire 7 lines
04-22 11:14:50.929  1743 11433 I chatty  : uid=1000(system) Binder:1743_1D expire 9 lines
04-22 11:14:50.987  1743 12220 I chatty  : uid=1000(system) Binder:1743_20 expire 1 line
04-22 11:14:51.023  1743  1765 I chatty  : uid=1000(system) android.display expire 1 line
04-22 11:15:23.779  1743  2232 I chatty  : uid=1000(system) Binder:1743_4 expire 6 lines
04-22 11:15:24.630  1743  1766 I chatty  : uid=1000(system) android.anim expire 9 lines
04-22 11:15:52.857  1743  2059 I chatty  : uid=1000(system) UEventObserver expire 5 lines
04-22 11:15:52.902  1743  1773 I chatty  : uid=1000(system) ActivityManager expire 1 line
04-22 11:15:54.246  1743  1743 I chatty  : uid=1000 system_server expire 14 lines
04-22 11:15:54.579  1743  2246 I chatty  : uid=1000(system) NsdService expire 7 lines
04-22 11:16:00.834  1743  1772 I chatty  : uid=1000(system) ActivityManager expire 29 lines
04-22 11:17:41.770  1743  1771 I chatty  : uid=1000(system) android.bg expire 2 lines
04-22 11:18:57.010  1743 11436 I chatty  : uid=1000(system) Binder:1743_1E expire 8 lines
04-22 11:18:57.087  1743  1765 I chatty  : uid=1000(system) android.display expire 1 line
04-22 11:19:09.416  1743  1788 I chatty  : uid=1000(system) PackageManager expire 45 lines
04-22 11:19:09.659  1743  2078 I chatty  : uid=1000(system) AccountManagerS expire 1 line
04-22 11:19:09.666  1743  2660 I chatty  : uid=1000(system) android.fg expire 1 line
04-22 11:19:09.752  1743  2383 I chatty  : uid=1000(system) Binder:1743_6 expire 1 line
04-22 11:19:09.945  1743  1762 I chatty  : uid=1000(system) android.fg expire 2 lines
04-22 11:19:09.985  1743  5994 I chatty  : uid=1000(system) Binder:1743_17 expire 1 line
04-22 11:19:10.714  1743  5895 I chatty  : uid=1000(system) Binder:1743_16 expire 12 lines
04-22 11:19:10.738  1743  1743 I chatty  : uid=1000 system_server expire 14 lines
04-22 11:19:10.753  1743  1766 I chatty  : uid=1000(system) android.anim expire 22 lines
04-22 11:19:10.758  1743  1773 I chatty  : uid=1000(system) ActivityManager expire 2 lines
04-22 11:19:11.112  1743  3656 I chatty  : uid=1000(system) Binder:1743_E expire 1 line
04-22 11:19:11.512  1743  5994 I chatty  : uid=1000(system) Binder:1743_17 expire 1 line
04-22 11:19:23.254  1743  2246 I chatty  : uid=1000(system) NsdService expire 14 lines
04-22 11:19:39.282  1743  1772 I chatty  : uid=1000(system) ActivityManager expire 6 lines
04-22 11:20:03.707  1743  2059 I chatty  : uid=1000(system) UEventObserver expire 9 lines
04-22 11:20:57.235  1743  7290 I chatty  : uid=1000(system) Binder:1743_1A expire 7 lines
04-22 11:20:57.329  1743  1765 I chatty  : uid=1000(system) android.display expire 2 lines
04-22 11:21:07.490  1743 11433 I chatty  : uid=1000(system) Binder:1743_1D expire 2 lines
04-22 11:23:45.965  1743  2039 I chatty  : uid=1000(system) Binder:1743_3 expire 8 lines
04-22 11:25:05.241  1743  4868 I chatty  : uid=1000(system) Binder:1743_13 expire 4 lines
04-22 11:25:05.660  1743  6519 I chatty  : uid=1000(system) Binder:1743_18 expire 1 line
04-22 11:26:22.424  1743  4798 I chatty  : uid=1000(system) Binder:1743_12 expire 1 line
04-22 11:27:00.233  1743  1788 I chatty  : uid=1000(system) PackageManager expire 73 lines
04-22 11:27:00.562  1743  1743 I chatty  : uid=1000 system_server expire 15 lines
04-22 11:27:00.568  1743  2078 I chatty  : uid=1000(system) AccountManagerS expire 1 line
04-22 11:27:00.572  1743  2660 I chatty  : uid=1000(system) android.fg expire 1 line
04-22 11:27:00.588  1743  1772 I chatty  : uid=1000(system) ActivityManager expire 28 lines
04-22 11:27:00.671  1743  4798 I chatty  : uid=1000(system) Binder:1743_12 expire 1 line
04-22 11:27:00.855  1743  4666 I chatty  : uid=1000(system) Binder:1743_11 expire 1 line
04-22 11:27:00.893  1743  1762 I chatty  : uid=1000(system) android.fg expire 2 lines
04-22 11:27:01.146  1743 11433 I chatty  : uid=1000(system) Binder:1743_1D expire 4 lines
04-22 11:27:01.187  1743  1766 I chatty  : uid=1000(system) android.anim expire 12 lines
04-22 11:27:01.190  1743  1773 I chatty  : uid=1000(system) ActivityManager expire 2 lines
04-22 11:27:01.551  1743  5994 I chatty  : uid=1000(system) Binder:1743_17 expire 2 lines
04-22 11:27:05.582  1743  2246 I chatty  : uid=1000(system) NsdService expire 7 lines
04-22 11:27:13.788  1743  2059 I chatty  : uid=1000(system) UEventObserver expire 2 lines
04-22 11:28:49.841  1743 12220 I chatty  : uid=1000(system) Binder:1743_20 expire 7 lines
04-22 11:28:49.917  1743  3384 I chatty  : uid=1000(system) Binder:1743_B expire 1 line
04-22 11:28:49.948  1743  1765 I chatty  : uid=1000(system) android.display expire 2 lines
04-22 11:29:08.453  1743  1788 I chatty  : uid=1000(system) PackageManager expire 40 lines
04-22 11:29:08.600  1743  2078 I chatty  : uid=1000(system) AccountManagerS expire 1 line
04-22 11:29:08.608  1743  2660 I chatty  : uid=1000(system) android.fg expire 1 line
04-22 11:29:08.617  1743  1772 I chatty  : uid=1000(system) ActivityManager expire 33 lines
04-22 11:29:08.739  1743  3656 I chatty  : uid=1000(system) Binder:1743_E expire 1 line
04-22 11:29:08.831  1743  9612 I chatty  : uid=1000(system) Binder:1743_1B expire 3 lines
04-22 11:29:08.832  1743  1762 I chatty  : uid=1000(system) android.fg expire 2 lines
04-22 11:29:08.843  1743  1743 I chatty  : uid=1000 system_server expire 16 lines
04-22 11:29:09.577  1743  1761 I chatty  : uid=1000(system) Binder:1743_2 expire 5 lines
04-22 11:29:09.614  1743  1773 I chatty  : uid=1000(system) ActivityManager expire 1 line
04-22 11:29:09.619  1743  1766 I chatty  : uid=1000(system) android.anim expire 13 lines
04-22 11:29:12.587  1743  2246 I chatty  : uid=1000(system) NsdService expire 7 lines
04-22 11:29:16.666  1743  2059 I chatty  : uid=1000(system) UEventObserver expire 1 line
04-22 11:30:03.063  1743  4961 I chatty  : uid=1000(system) Binder:1743_15 expire 7 lines
04-22 11:30:17.213  1743  1788 I chatty  : uid=1000(system) PackageManager expire 36 lines
04-22 11:30:17.347  1743  1743 I chatty  : uid=1000 system_server expire 16 lines
04-22 11:30:17.359  1743  2078 I chatty  : uid=1000(system) AccountManagerS expire 1 line
04-22 11:30:17.375  1743  2660 I chatty  : uid=1000(system) android.fg expire 1 line
04-22 11:30:17.380  1743  1772 I chatty  : uid=1000(system) ActivityManager expire 29 lines
04-22 11:30:17.457  1743  2836 I chatty  : uid=1000(system) Binder:1743_9 expire 1 line
04-22 11:30:17.587  1743  6519 I chatty  : uid=1000(system) Binder:1743_18 expire 1 line
04-22 11:30:17.640  1743  1762 I chatty  : uid=1000(system) android.fg expire 2 lines
04-22 11:30:17.998  1743  3398 I chatty  : uid=1000(system) Binder:1743_D expire 5 lines
04-22 11:30:18.032  1743  1773 I chatty  : uid=1000(system) ActivityManager expire 1 line
04-22 11:30:18.036  1743  1766 I chatty  : uid=1000(system) android.anim expire 11 lines
04-22 11:30:18.105  1743  2059 I chatty  : uid=1000(system) UEventObserver expire 2 lines
04-22 11:30:18.395  1743  2383 I chatty  : uid=1000(system) Binder:1743_6 expire 1 line
04-22 11:30:28.827  1743  2246 I chatty  : uid=1000(system) NsdService expire 7 lines
04-22 11:31:19.773  1743 11968 I chatty  : uid=1000(system) Binder:1743_1F expire 7 lines
04-22 11:31:19.846  1743  3656 I chatty  : uid=1000(system) Binder:1743_E expire 1 line
04-22 11:31:19.879  1743  1765 I chatty  : uid=1000(system) android.display expire 2 lines
04-22 11:31:36.487  1743  1788 I chatty  : uid=1000(system) PackageManager expire 39 lines
04-22 11:31:36.626  1743  1772 I chatty  : uid=1000(system) ActivityManager expire 24 lines
04-22 11:31:36.638  1743  2078 I chatty  : uid=1000(system) AccountManagerS expire 1 line
04-22 11:31:36.642  1743  2660 I chatty  : uid=1000(system) android.fg expire 1 line
04-22 11:31:36.743  1743  1760 I chatty  : uid=1000(system) Binder:1743_1 expire 1 line
04-22 11:31:36.772  1743  1743 I chatty  : uid=1000 system_server expire 13 lines
04-22 11:31:36.876  1743 11968 I chatty  : uid=1000(system) Binder:1743_1F expire 1 line
04-22 11:31:36.916  1743  1762 I chatty  : uid=1000(system) android.fg expire 2 lines
04-22 11:31:37.257  1743  5895 I chatty  : uid=1000(system) Binder:1743_16 expire 4 lines
04-22 11:31:37.288  1743  1766 I chatty  : uid=1000(system) android.anim expire 11 lines
04-22 11:31:37.290  1743  1773 I chatty  : uid=1000(system) ActivityManager expire 1 line
04-22 11:31:37.646  1743  2838 I chatty  : uid=1000(system) Binder:1743_A expire 2 lines
04-22 11:31:52.273  1743  2233 I chatty  : uid=1000(system) Binder:1743_5 expire 2 lines
04-22 11:31:54.734  1743  2059 I chatty  : uid=1000(system) UEventObserver expire 3 lines
04-22 11:32:19.488  1743  2246 I chatty  : uid=1000(system) NsdService expire 7 lines
04-22 11:33:18.470  1743 11433 I chatty  : uid=1000(system) Binder:1743_1D expire 7 lines
04-22 11:33:18.539  1743  5994 I chatty  : uid=1000(system) Binder:1743_17 expire 1 line
04-22 11:33:33.328  1743  1788 I PackageManager: Un-granting permission com.google.android.googleapps.permission.GOOGLE_AUTH.ALL_SERVICES from package com.google.android.apps.docs.editors.docs (protectionLevel=2 flags=0x38dbbe44)
04-22 11:33:33.328  1743  1788 I PackageManager: Un-granting permission com.google.android.googleapps.permission.GOOGLE_AUTH.writely from package com.google.android.apps.docs.editors.docs (protectionLevel=2 flags=0x38dbbe44)
04-22 11:33:33.328  1743  1788 I PackageManager: Un-granting permission com.google.android.googleapps.permission.GOOGLE_AUTH.wise from package com.google.android.apps.docs.editors.docs (protectionLevel=2 flags=0x38dbbe44)
04-22 11:33:33.328  1743  1788 I PackageManager: Un-granting permission android.permission.REQUEST_INSTALL_PACKAGES from package com.motorola.brapps (protectionLevel=66 flags=0x38483e45)
04-22 11:33:33.329  1743  1788 I PackageManager: Un-granting permission com.google.android.gm.permission.READ_GMAIL from package com.google.android.apps.docs.editors.sheets (protectionLevel=2 flags=0x38dbbe44)
04-22 11:33:33.329  1743  1788 I PackageManager: Un-granting permission com.google.android.googleapps.permission.GOOGLE_AUTH from package com.google.android.apps.docs.editors.sheets (protectionLevel=2 flags=0x38dbbe44)
04-22 11:33:33.329  1743  1788 I PackageManager: Un-granting permission com.google.android.googleapps.permission.GOOGLE_AUTH.OTHER_SERVICES from package com.google.android.apps.docs.editors.sheets (protectionLevel=2 flags=0x38dbbe44)
04-22 11:33:33.329  1743  1788 I PackageManager: Un-granting permission com.google.android.googleapps.permission.GOOGLE_AUTH.ALL_SERVICES from package com.google.android.apps.docs.editors.sheets (protectionLevel=2 flags=0x38dbbe44)
04-22 11:33:33.329  1743  1788 I PackageManager: Un-granting permission com.google.android.googleapps.permission.GOOGLE_AUTH.writely from package com.google.android.apps.docs.editors.sheets (protectionLevel=2 flags=0x38dbbe44)
04-22 11:33:33.329  1743  1788 I PackageManager: Un-granting permission com.google.android.googleapps.permission.GOOGLE_AUTH.wise from package com.google.android.apps.docs.editors.sheets (protectionLevel=2 flags=0x38dbbe44)
04-22 11:33:33.330  1743  1788 I PackageManager: Un-granting permission com.google.android.gm.permission.READ_GMAIL from package com.google.android.apps.docs.editors.slides (protectionLevel=2 flags=0x38dbbe44)
04-22 11:33:33.330  1743  1788 I PackageManager: Un-granting permission com.google.android.googleapps.permission.GOOGLE_AUTH from package com.google.android.apps.docs.editors.slides (protectionLevel=2 flags=0x38dbbe44)
04-22 11:33:33.330  1743  1788 I PackageManager: Un-granting permission com.google.android.googleapps.permission.GOOGLE_AUTH.OTHER_SERVICES from package com.google.android.apps.docs.editors.slides (protectionLevel=2 flags=0x38dbbe44)
04-22 11:33:33.330  1743  1788 I PackageManager: Un-granting permission com.google.android.googleapps.permission.GOOGLE_AUTH.ALL_SERVICES from package com.google.android.apps.docs.editors.slides (protectionLevel=2 flags=0x38dbbe44)
04-22 11:33:33.330  1743  1788 I PackageManager: Un-granting permission com.google.android.googleapps.permission.GOOGLE_AUTH.writely from package com.google.android.apps.docs.editors.slides (protectionLevel=2 flags=0x38dbbe44)
04-22 11:33:33.330  1743  1788 I PackageManager: Un-granting permission com.google.android.googleapps.permission.GOOGLE_AUTH.wise from package com.google.android.apps.docs.editors.slides (protectionLevel=2 flags=0x38dbbe44)
04-22 11:33:33.330  1743  1788 I PackageManager: Un-granting permission com.google.android.setupwizard.READ_DEVICE_ORIGIN from package com.google.android.apps.messaging (protectionLevel=18 flags=0x38cbbe45)
04-22 11:33:33.333  1743  1788 I PackageManager: Un-granting permission android.permission.SEND_DOWNLOAD_COMPLETED_INTENTS from package com.android.vending (protectionLevel=2 flags=0x28cabec5)
04-22 11:33:33.336  1743  1788 I PackageManager: Un-granting permission android.permission.BIND_CARRIER_SERVICES from package com.republicwireless.tel (protectionLevel=18 flags=0x30483e45)
04-22 11:33:33.336  1743  1788 I PackageManager: Un-granting permission android.permission.REQUEST_INSTALL_PACKAGES from package com.google.android.gm (protectionLevel=66 flags=0x38cbbe45)
04-22 11:33:33.339  1743  1788 I PackageManager: Un-granting permission android.permission.MANAGE_ROLE_HOLDERS from package com.google.android.apps.wellbeing (protectionLevel=258 flags=0x20cbbe45)
04-22 11:33:33.339  1743  1788 I PackageManager: Un-granting permission android.permission.REQUEST_INSTALL_PACKAGES from package com.google.android.apps.nbu.files (protectionLevel=66 flags=0x30c83e45)
04-22 11:33:33.340  1743  1788 I PackageManager: Un-granting permission android.permission.REQUEST_INSTALL_PACKAGES from package com.google.android.apps.docs (protectionLevel=66 flags=0x38cbbe45)
04-22 11:33:33.341  1743  1788 I PackageManager: Un-granting permission android.permission.INTERACT_ACROSS_USERS from package com.google.android.syncadapters.contacts (protectionLevel=50 flags=0x20883e45)
04-22 11:33:33.341  1743  1788 I PackageManager: Un-granting permission android.permission.REQUEST_INSTALL_PACKAGES from package com.android.chrome (protectionLevel=66 flags=0xa0cbbec5)
04-22 11:33:33.342  1743  1788 I PackageManager: Un-granting permission android.permission.CAPTURE_VIDEO_OUTPUT from package com.google.android.gms (protectionLevel=2 flags=0xa0cabec5)
04-22 11:33:33.342  1743  1788 I PackageManager: Un-granting permission android.permission.MANAGE_DEVICE_ADMINS from package com.google.android.gms (protectionLevel=2 flags=0xa0cabec5)
04-22 11:33:33.343  1743  1788 I PackageManager: Un-granting permission android.permission.MANAGE_ACTIVITY_STACKS from package com.google.android.gms (protectionLevel=2 flags=0xa0cabec5)
04-22 11:33:33.343  1743  1788 I PackageManager: Un-granting permission android.permission.CAPTURE_SECURE_VIDEO_OUTPUT from package com.google.android.gms (protectionLevel=2 flags=0xa0cabec5)
04-22 11:33:33.343  1743  1788 I PackageManager: Un-granting permission android.permission.MANAGE_ROLLBACKS from package com.google.android.gms (protectionLevel=514 flags=0xa0cabec5)
04-22 11:33:33.345  1743  1788 I PackageManager: Un-granting permission com.google.android.googleapps.permission.GOOGLE_AUTH from package com.google.android.videos (protectionLevel=2 flags=0x30dbbe45)
04-22 11:33:33.346  1743  1788 I PackageManager: Un-granting permission android.permission.WRITE_MEDIA_STORAGE from package com.google.android.apps.photos (protectionLevel=18 flags=0x38d9be45)
04-22 11:33:33.349  1743  1788 I PackageManager: Un-granting permission android.permission.CONNECTIVITY_INTERNAL from package com.google.android.wfcactivation (protectionLevel=18 flags=0x3888be45)
04-22 11:33:33.349  1743  1788 I PackageManager: Un-granting permission android.permission.READ_LOGS from package com.google.android.wfcactivation (protectionLevel=50 flags=0x3888be45)
04-22 11:33:33.349  1743  1788 I PackageManager: Un-granting permission android.permission.WRITE_APN_SETTINGS from package com.google.android.wfcactivation (protectionLevel=18 flags=0x3888be45)
04-22 11:33:33.349  1743  1788 I PackageManager: Un-granting permission android.permission.WRITE_SECURE_SETTINGS from package com.LogiaGroup.LogiaDeck (protectionLevel=50 flags=0x38483e45)
04-22 11:33:33.351  1743  1788 I PackageManager: Un-granting permission android.permission.READ_WALLPAPER_INTERNAL from package com.google.android.apps.wallpaper (protectionLevel=18 flags=0x20cbbe45)
04-22 11:33:33.465  1743  2078 W AccountManagerService: User 10217 does not exist. It might be removed already.
04-22 11:33:33.477  1743  2660 W LocationProviderProxy: Odd, no component found for service com.android.location.service.v3.NetworkLocationProvider
04-22 11:33:33.490  1743  1772 W BroadcastQueue: Background execution not allowed: receiving Intent { act=android.intent.action.PACKAGE_REMOVED dat=package:com.google.location.nearby.apps.connectedcrossroad flg=0x4000010 (has extras) } to com.android.vending/com.google.android.finsky.packagemanager.impl.PackageMonitorReceiverImpl$RegisteredReceiver
04-22 11:33:33.510  1743  1772 W BroadcastQueue: Background execution not allowed: receiving Intent { act=android.intent.action.PACKAGE_REMOVED dat=package:com.google.location.nearby.apps.connectedcrossroad flg=0x4000010 (has extras) } to com.android.vending/com.google.android.finsky.instantapps.appmanagement.InstantAppRemoveMonitor
04-22 11:33:33.526  1743  1772 W BroadcastQueue: Background execution not allowed: receiving Intent { act=android.intent.action.PACKAGE_REMOVED dat=package:com.google.location.nearby.apps.connectedcrossroad flg=0x4000010 (has extras) } to com.google.android.gms/.games.chimera.GamesSystemBroadcastReceiverProxy
04-22 11:33:33.526  1743  1772 W BroadcastQueue: Background execution not allowed: receiving Intent { act=android.intent.action.PACKAGE_REMOVED dat=package:com.google.location.nearby.apps.connectedcrossroad flg=0x4000010 (has extras) } to com.google.android.gms/.chimera.GmsIntentOperationService$PersistentTrustedReceiver
04-22 11:33:33.526  1743  1772 W BroadcastQueue: Background execution not allowed: receiving Intent { act=android.intent.action.PACKAGE_REMOVED dat=package:com.google.location.nearby.apps.connectedcrossroad flg=0x4000010 (has extras) } to com.google.android.googlequicksearchbox/com.google.android.apps.gsa.googlequicksearchbox.GelStubAppWatcher
04-22 11:33:33.526  1743  1772 W BroadcastQueue: Background execution not allowed: receiving Intent { act=android.intent.action.PACKAGE_REMOVED dat=package:com.google.location.nearby.apps.connectedcrossroad flg=0x4000010 (has extras) } to com.verizon.loginengine.unbranded/com.verizon.vzwavs.AVSSystemReceiver
04-22 11:33:33.527  1743  1772 W BroadcastQueue: Background execution not allowed: receiving Intent { act=android.intent.action.PACKAGE_REMOVED dat=package:com.google.location.nearby.apps.connectedcrossroad flg=0x4000010 (has extras) } to com.google.android.apps.magazines/com.google.android.libraries.social.peoplekit.thirdparty.viewcontrollers.ThirdPartyReceiver
04-22 11:33:33.527  1743  1772 W BroadcastQueue: Background execution not allowed: receiving Intent { act=android.intent.action.PACKAGE_ADDED dat=package:com.google.location.nearby.apps.connectedcrossroad flg=0x4000010 (has extras) } to com.google.android.packageinstaller/com.android.packageinstaller.PackageInstalledReceiver
04-22 11:33:33.527  1743  1772 W BroadcastQueue: Background execution not allowed: receiving Intent { act=android.intent.action.PACKAGE_ADDED dat=package:com.google.location.nearby.apps.connectedcrossroad flg=0x4000010 (has extras) } to com.android.vending/com.google.android.finsky.packagemanager.impl.PackageMonitorReceiverImpl$RegisteredReceiver
04-22 11:33:33.528  1743  1772 W BroadcastQueue: Background execution not allowed: receiving Intent { act=android.intent.action.PACKAGE_ADDED dat=package:com.google.location.nearby.apps.connectedcrossroad flg=0x4000010 (has extras) } to com.facebook.appmanager/com.facebook.oxygen.common.packages.event.manifest.ManifestPackageEventReceiver
04-22 11:33:33.528  1743  1772 W BroadcastQueue: Background execution not allowed: receiving Intent { act=android.intent.action.PACKAGE_ADDED dat=package:com.google.location.nearby.apps.connectedcrossroad flg=0x4000010 (has extras) } to com.google.android.gms/.games.chimera.GamesSystemBroadcastReceiverProxy
04-22 11:33:33.532  1743  1772 W BroadcastQueue: Background execution not allowed: receiving Intent { act=android.intent.action.PACKAGE_ADDED dat=package:com.google.location.nearby.apps.connectedcrossroad flg=0x4000010 (has extras) } to com.google.android.gms/.gass.chimera.PackageChangeBroadcastReceiver
04-22 11:33:33.532  1743  1772 W BroadcastQueue: Background execution not allowed: receiving Intent { act=android.intent.action.PACKAGE_ADDED dat=package:com.google.location.nearby.apps.connectedcrossroad flg=0x4000010 (has extras) } to com.google.android.gms/.chimera.GmsIntentOperationService$PersistentTrustedReceiver
04-22 11:33:33.535  1743  1772 W BroadcastQueue: Background execution not allowed: receiving Intent { act=android.intent.action.PACKAGE_ADDED dat=package:com.google.location.nearby.apps.connectedcrossroad flg=0x4000010 (has extras) } to com.google.android.googlequicksearchbox/com.google.android.apps.gsa.googlequicksearchbox.GelStubAppWatcher
04-22 11:33:33.543  1743  1772 W BroadcastQueue: Background execution not allowed: receiving Intent { act=android.intent.action.PACKAGE_ADDED dat=package:com.google.location.nearby.apps.connectedcrossroad flg=0x4000010 (has extras) } to com.google.android.ims/.receivers.RcsAutoStartReceiver
04-22 11:33:33.566  1743  4961 W BroadcastQueue: Background execution not allowed: receiving Intent { act=android.intent.action.PACKAGE_ADDED dat=package:com.google.location.nearby.apps.connectedcrossroad flg=0x4000010 (has extras) } to com.verizon.loginengine.unbranded/com.verizon.vzwavs.AVSSystemReceiver
04-22 11:33:33.665  1743  1743 W Looper  : Slow dispatch took 133ms main h=android.app.ActivityThread$H c=android.app.-$$Lambda$LoadedApk$ReceiverDispatcher$Args$_BumDX2UKsnxLVrE6UJsJZkotuA@408256f m=0
04-22 11:33:33.665  1743  1743 W Looper  : Slow delivery took 200ms main h=android.app.ActivityThread$H c=android.app.-$$Lambda$LoadedApk$ReceiverDispatcher$Args$_BumDX2UKsnxLVrE6UJsJZkotuA@5b9f27c m=0
04-22 11:33:33.728  1743  4961 W BroadcastQueue: Background execution not allowed: receiving Intent { act=android.intent.action.PACKAGE_REPLACED dat=package:com.google.location.nearby.apps.connectedcrossroad flg=0x4000010 (has extras) } to com.facebook.appmanager/com.facebook.oxygen.common.packages.event.manifest.ManifestPackageEventReceiver
04-22 11:33:33.741  1743  1772 W BroadcastQueue: Background execution not allowed: receiving Intent { act=android.intent.action.PACKAGE_REPLACED dat=package:com.google.location.nearby.apps.connectedcrossroad flg=0x4000010 (has extras) } to com.google.android.apps.photos/.account.full.FetchAccountPropertiesAppUpgradeBroadcastReceiver
04-22 11:33:33.746  1743  1772 W BroadcastQueue: Background execution not allowed: receiving Intent { act=android.intent.action.PACKAGE_REPLACED dat=package:com.google.location.nearby.apps.connectedcrossroad flg=0x4000010 (has extras) } to com.google.android.apps.photos/.account.full.SyncAccountsForLoginBroadcastReceiver
04-22 11:33:33.747  1743  1772 W BroadcastQueue: Background execution not allowed: receiving Intent { act=android.intent.action.PACKAGE_REPLACED dat=package:com.google.location.nearby.apps.connectedcrossroad flg=0x4000010 (has extras) } to com.google.android.apps.photos/.notificationchannels.AppUpdateBroadcastReceiver
04-22 11:33:33.747  1743  1772 W BroadcastQueue: Background execution not allowed: receiving Intent { act=android.intent.action.PACKAGE_REPLACED dat=package:com.google.location.nearby.apps.connectedcrossroad flg=0x4000010 (has extras) } to com.google.android.gms/.gass.chimera.PackageChangeBroadcastReceiver
04-22 11:33:33.748  1743  1772 W BroadcastQueue: Background execution not allowed: receiving Intent { act=android.intent.action.PACKAGE_REPLACED dat=package:com.google.location.nearby.apps.connectedcrossroad flg=0x4000010 (has extras) } to com.google.android.gms/.chimera.GmsIntentOperationService$PersistentTrustedReceiver
04-22 11:33:33.749  1743  1772 W BroadcastQueue: Background execution not allowed: receiving Intent { act=android.intent.action.PACKAGE_REPLACED dat=package:com.google.location.nearby.apps.connectedcrossroad flg=0x4000010 (has extras) } to com.google.android.googlequicksearchbox/com.google.android.apps.gsa.googlequicksearchbox.GelStubAppWatcher
04-22 11:33:33.750  1743  1772 W BroadcastQueue: Background execution not allowed: receiving Intent { act=android.intent.action.PACKAGE_REPLACED dat=package:com.google.location.nearby.apps.connectedcrossroad flg=0x4000010 (has extras) } to com.google.android.ims/.receivers.RcsAutoStartReceiver
04-22 11:33:33.750  1743  1772 W BroadcastQueue: Background execution not allowed: receiving Intent { act=android.intent.action.PACKAGE_REPLACED dat=package:com.google.location.nearby.apps.connectedcrossroad flg=0x4000010 (has extras) } to com.motorola.ccc.notification/.gcm.GCMAdminReceiver
04-22 11:33:33.750  1743  1772 W BroadcastQueue: Background execution not allowed: receiving Intent { act=android.intent.action.PACKAGE_REPLACED dat=package:com.google.location.nearby.apps.connectedcrossroad flg=0x4000010 (has extras) } to com.verizon.loginengine.unbranded/com.verizon.vzwavs.AVSSystemReceiver
04-22 11:33:33.754  1743  1762 W Looper  : Slow delivery took 223ms android.fg h=android.os.Handler c=<recycled PooledLambda@afc623f> m=0
04-22 11:33:33.774  1743  1743 W Looper  : Slow dispatch took 107ms main h=android.app.ActivityThread$H c=android.app.-$$Lambda$LoadedApk$ReceiverDispatcher$Args$_BumDX2UKsnxLVrE6UJsJZkotuA@a735ba4 m=0
04-22 11:33:33.774  1743  1743 I TelecomService: DefaultDialerCache: Refreshing default dialer for user 0: now com.google.android.dialer: DDC.oR@A0M
04-22 11:33:33.797  1743  1743 V BackupManagerConstants: getFullBackupIntervalMilliseconds(...) returns 86400000
04-22 11:33:33.797  1743  1743 V BackupManagerConstants: getFullBackupRequiredNetworkType(...) returns 2
04-22 11:33:33.797  1743  1743 V BackupManagerConstants: getFullBackupRequireCharging(...) returns true
04-22 11:33:33.806  1743  1743 E LoadedApk: Unable to instantiate appComponentFactory
04-22 11:33:33.806  1743  1743 E LoadedApk: java.lang.ClassNotFoundException: Didn't find class "androidx.core.app.CoreComponentFactory" on path: DexPathList[[],nativeLibraryDirectories=[/system/app/YTMusic/lib/arm, /system/app/YTMusic/YTMusic.apk!/lib/armeabi-v7a, /system/lib, /product/lib, /system/lib, /product/lib]]
04-22 11:33:33.806  1743  1743 E LoadedApk: 	at dalvik.system.BaseDexClassLoader.findClass(BaseDexClassLoader.java:196)
04-22 11:33:33.806  1743  1743 E LoadedApk: 	at java.lang.ClassLoader.loadClass(ClassLoader.java:379)
04-22 11:33:33.806  1743  1743 E LoadedApk: 	at java.lang.ClassLoader.loadClass(ClassLoader.java:312)
04-22 11:33:33.806  1743  1743 E LoadedApk: 	at android.app.LoadedApk.createAppFactory(LoadedApk.java:256)
04-22 11:33:33.806  1743  1743 E LoadedApk: 	at android.app.LoadedApk.updateApplicationInfo(LoadedApk.java:370)
04-22 11:33:33.806  1743  1743 E LoadedApk: 	at android.app.ActivityThread.handleDispatchPackageBroadcast(ActivityThread.java:6186)
04-22 11:33:33.806  1743  1743 E LoadedApk: 	at android.app.ActivityThread$H.handleMessage(ActivityThread.java:2108)
04-22 11:33:33.806  1743  1743 E LoadedApk: 	at android.os.Handler.dispatchMessage(Handler.java:107)
04-22 11:33:33.806  1743  1743 E LoadedApk: 	at android.os.Looper.loop(Looper.java:241)
04-22 11:33:33.806  1743  1743 E LoadedApk: 	at com.android.server.SystemServer.run(SystemServer.java:585)
04-22 11:33:33.806  1743  1743 E LoadedApk: 	at com.android.server.SystemServer.main(SystemServer.java:381)
04-22 11:33:33.806  1743  1743 E LoadedApk: 	at java.lang.reflect.Method.invoke(Native Method)
04-22 11:33:33.806  1743  1743 E LoadedApk: 	at com.android.internal.os.RuntimeInit$MethodAndArgsCaller.run(RuntimeInit.java:492)
04-22 11:33:33.806  1743  1743 E LoadedApk: 	at com.android.internal.os.ZygoteInit.main(ZygoteInit.java:919)
04-22 11:33:33.822  1743  1743 E LoadedApk: Unable to instantiate appComponentFactory
04-22 11:33:33.822  1743  1743 E LoadedApk: java.lang.ClassNotFoundException: Didn't find class "androidx.core.app.CoreComponentFactory" on path: DexPathList[[],nativeLibraryDirectories=[/system/app/YTMusic/lib/arm, /system/app/YTMusic/YTMusic.apk!/lib/armeabi-v7a, /system/lib, /product/lib, /system/lib, /product/lib]]
04-22 11:33:33.822  1743  1743 E LoadedApk: 	at dalvik.system.BaseDexClassLoader.findClass(BaseDexClassLoader.java:196)
04-22 11:33:33.822  1743  1743 E LoadedApk: 	at java.lang.ClassLoader.loadClass(ClassLoader.java:379)
04-22 11:33:33.822  1743  1743 E LoadedApk: 	at java.lang.ClassLoader.loadClass(ClassLoader.java:312)
04-22 11:33:33.822  1743  1743 E LoadedApk: 	at android.app.LoadedApk.createAppFactory(LoadedApk.java:256)
04-22 11:33:33.822  1743  1743 E LoadedApk: 	at android.app.LoadedApk.updateApplicationInfo(LoadedApk.java:370)
04-22 11:33:33.822  1743  1743 E LoadedApk: 	at android.app.ActivityThread.handleDispatchPackageBroadcast(ActivityThread.java:6186)
04-22 11:33:33.822  1743  1743 E LoadedApk: 	at android.app.ActivityThread$H.handleMessage(ActivityThread.java:2108)
04-22 11:33:33.822  1743  1743 E LoadedApk: 	at android.os.Handler.dispatchMessage(Handler.java:107)
04-22 11:33:33.822  1743  1743 E LoadedApk: 	at android.os.Looper.loop(Looper.java:241)
04-22 11:33:33.822  1743  1743 E LoadedApk: 	at com.android.server.SystemServer.run(SystemServer.java:585)
04-22 11:33:33.822  1743  1743 E LoadedApk: 	at com.android.server.SystemServer.main(SystemServer.java:381)
04-22 11:33:33.822  1743  1743 E LoadedApk: 	at java.lang.reflect.Method.invoke(Native Method)
04-22 11:33:33.822  1743  1743 E LoadedApk: 	at com.android.internal.os.RuntimeInit$MethodAndArgsCaller.run(RuntimeInit.java:492)
04-22 11:33:33.822  1743  1743 E LoadedApk: 	at com.android.internal.os.ZygoteInit.main(ZygoteInit.java:919)
04-22 11:33:34.134  1743  2836 I ActivityTaskManager: START u0 {act=android.intent.action.MAIN cat=[android.intent.category.LAUNCHER] flg=0x10000000 cmp=com.google.location.nearby.apps.connectedcrossroad/nx.aodv.eval.MainActivity} from uid 2000
04-22 11:33:34.134  1743  2836 D ActivityTaskManager: getPreferredLaunchDisplay usersetdisplayid -1 current displayId 0 paramspreferid 0
04-22 11:33:34.134  1743  2836 D ActivityTaskManager: getPreferredLaunchDisplay usersetdisplayid -1 current displayId 0 paramspreferid 0
04-22 11:33:34.136  1743  2836 D ActivityTaskManager: getPreferredLaunchDisplay usersetdisplayid 0 current displayId 0 paramspreferid 0
04-22 11:33:34.146  1743  1743 V SettingsProvider: Notifying for 0: content://settings/secure/reminder_exp_learning_time_elapsed
04-22 11:33:34.146  1743  1743 W Looper  : Drained
04-22 11:33:34.155  1743  1762 W Looper  : Drained
04-22 11:33:34.168  1743  1773 I ActivityManager: Start proc 11984:com.google.location.nearby.apps.connectedcrossroad/u0a217 for activity {com.google.location.nearby.apps.connectedcrossroad/nx.aodv.eval.MainActivity}
04-22 11:33:34.170  1743  1766 V WindowManager: Changing focus from Window{a0fbc2a u0 com.motorola.launcher3/com.android.launcher3.CustomizationPanelLauncher} to null displayId=0
04-22 11:33:34.221  1743  1766 I WindowManager:   SURFACE show Surface(name=Splash Screen com.google.location.nearby.apps.connectedcrossroad)/@0xdc0aabb on display:0: Splash Screen com.google.location.nearby.apps.connectedcrossroad
04-22 11:33:34.529  1743  4961 I WindowManager: Window drawn AppWindowToken{815d8f1 token=Token{f647898 ActivityRecord{fa6c27b u0 com.motorola.launcher3/com.android.launcher3.CustomizationPanelLauncher t4}}}
04-22 11:33:34.904  1743 11433 V WindowManager: Changing focus from null to Window{8392595 u0 com.google.location.nearby.apps.connectedcrossroad/nx.aodv.eval.MainActivity} displayId=0
04-22 11:33:35.060  1743  1766 I LaunchCheckinHandler: Displayed com.google.location.nearby.apps.connectedcrossroad/nx.aodv.eval.MainActivity,cp,ca,913
04-22 11:33:35.060  1743  1766 I WindowManager: Window drawn AppWindowToken{1bdccbc token=Token{32600af ActivityRecord{d8d908e u0 com.google.location.nearby.apps.connectedcrossroad/nx.aodv.eval.MainActivity t46}}}
04-22 11:33:35.060  1743  1766 I WindowManager:   SURFACE show Surface(name=com.google.location.nearby.apps.connectedcrossroad/nx.aodv.eval.MainActivity)/@0x696aa on display:0: com.google.location.nearby.apps.connectedcrossroad/nx.aodv.eval.MainActivity
04-22 11:33:43.110  1743  1766 I WindowManager:   SURFACE show Surface(name=InputMethod)/@0x9c960f1 on display:0: InputMethod
04-22 11:33:45.048  1743  1743 D BluetoothManagerService: Bluetooth Adapter name changed to IlZTRi1bye0AAAAAAAAAATM
04-22 11:33:45.048  1743  1743 D BluetoothManagerService: Stored Bluetooth name: IlZTRi1bye0AAAAAAAAAATM
04-22 11:33:45.049  1743  1743 V SettingsProvider: Notifying for 0: content://settings/secure/bluetooth_name
04-22 11:33:45.404  1743  2246 D NsdService: Register service
04-22 11:33:45.404  1743  2246 D NsdService: registerService: 28 name: IlZTRi1bye0AAA, type: _5BC9ED5E6C75._tcp, host: null, port: 37975, txtRecord: n=MwIPv4=192.168.1.66
04-22 11:33:45.404  1743  2246 D NsdService: mdnssd [register, 28, IlZTRi1bye0AAA, _5BC9ED5E6C75._tcp, 37975, BG49TXcRSVB2ND0xOTIuMTY4LjEuNjY=]
04-22 11:33:45.408  1743  2246 D NsdService: Register 28 28
04-22 11:33:45.710  1743  2836 I WindowManager:   SURFACE show Surface(name=InputMethod)/@0xef4e8e6 on display:0: InputMethod
04-22 11:33:46.080  1743  2246 D NsdService: Native daemon message SERVICE_REGISTERED: 606 28 "IlZTRi1bye0AAA"
04-22 11:33:50.735 11984 11984 D TextClassifierService: No configured system TextClassifierService
04-22 11:33:50.743 11984 11984 D TextClassifierService: No configured system TextClassifierService
04-22 11:33:50.747 11984 12028 D TextClassifierService: No configured system TextClassifierService
04-22 11:33:51.004 11984 12028 D TextClassifierService: No configured system TextClassifierService
04-22 11:33:51.279  1743  1766 I WindowManager:   SURFACE show Surface(name=PopupWindow:c1ac81e)/@0x8caff8a on display:0: PopupWindow:c1ac81e
04-22 11:33:51.279  1743  1766 I WindowManager:   SURFACE show Surface(name=PopupWindow:78fad15)/@0x70709fb on display:0: PopupWindow:78fad15
04-22 11:33:51.364  1743  1766 I WindowManager:   SURFACE show Surface(name=PopupWindow:24b0591)/@0x5018fc4 on display:0: PopupWindow:24b0591
04-22 11:33:52.331  1743  1772 W BroadcastQueue: Background execution not allowed: receiving Intent { act=android.bluetooth.device.action.BOND_STATE_CHANGED flg=0x10 (has extras) } to com.google.android.gms/.chimera.GmsIntentOperationService$PersistentTrustedReceiver
04-22 11:33:52.332  1743  1772 W BroadcastQueue: Background execution not allowed: receiving Intent { act=android.bluetooth.device.action.BOND_STATE_CHANGED flg=0x10 (has extras) } to com.google.android.googlequicksearchbox/com.google.android.apps.gsa.broadcastreceiver.external.ExternalCommonBroadcastReceiver
04-22 11:33:52.594  1743  1772 W BroadcastQueue: Background execution not allowed: receiving Intent { act=android.bluetooth.device.action.BOND_STATE_CHANGED flg=0x10 (has extras) } to com.google.android.gms/.chimera.GmsIntentOperationService$PersistentTrustedReceiver
04-22 11:33:52.594  1743  1772 W BroadcastQueue: Background execution not allowed: receiving Intent { act=android.bluetooth.device.action.BOND_STATE_CHANGED flg=0x10 (has extras) } to com.google.android.googlequicksearchbox/com.google.android.apps.gsa.broadcastreceiver.external.ExternalCommonBroadcastReceiver
04-22 11:34:04.100  1743  2389 I DropBoxManagerService: add tag=event_data isTagEnabled=true flags=0x2
04-22 11:34:04.103  1743  1772 W BroadcastQueue: Background execution not allowed: receiving Intent { act=android.intent.action.DROPBOX_ENTRY_ADDED flg=0x10 (has extras) } to com.google.android.gms/.stats.service.DropBoxEntryAddedReceiver
04-22 11:34:04.108  1743  1772 W BroadcastQueue: Background execution not allowed: receiving Intent { act=android.intent.action.DROPBOX_ENTRY_ADDED flg=0x10 (has extras) } to com.google.android.gms/.chimera.GmsIntentOperationService$PersistentTrustedReceiver
04-22 11:34:04.171  1743  2383 I DropBoxManagerService: add tag=platform_stats_bookmark isTagEnabled=true flags=0x2
04-22 11:34:04.175  1743  1772 W BroadcastQueue: Background execution not allowed: receiving Intent { act=android.intent.action.DROPBOX_ENTRY_ADDED flg=0x10 (has extras) } to com.google.android.gms/.stats.service.DropBoxEntryAddedReceiver
04-22 11:34:04.175  1743  1772 W BroadcastQueue: Background execution not allowed: receiving Intent { act=android.intent.action.DROPBOX_ENTRY_ADDED flg=0x10 (has extras) } to com.google.android.gms/.chimera.GmsIntentOperationService$PersistentTrustedReceiver
04-22 11:34:05.581  1743  1772 I ActivityManager: Waited long enough for: ServiceRecord{26b3dd0 u0 com.google.android.googlequicksearchbox/com.google.android.apps.gsa.shared.util.keepalive.StandaloneKeepAlive$KeepAliveService}
04-22 11:34:23.868  1743  2059 D BatteryService: uevent={POWER_SUPPLY_DP_DM=0, POWER_SUPPLY_VOLTAGE_NOW=3831234, POWER_SUPPLY_SW_JEITA_ENABLED=0, POWER_SUPPLY_CHARGE_CONTROL_LIMIT_MAX=8, POWER_SUPPLY_RECHARGE_SOC=99, POWER_SUPPLY_HEALTH=Good, POWER_SUPPLY_TECHNOLOGY=Li-ion, POWER_SUPPLY_FCC_STEPPER_ENABLE=0, SEQNUM=627322, POWER_SUPPLY_INPUT_CURRENT_LIMITED=0, POWER_SUPPLY_CHARGE_CONTROL_LIMIT=0, POWER_SUPPLY_BATTERY_CHARGING_ENABLED=1, POWER_SUPPLY_STATUS=Discharging, POWER_SUPPLY_CYCLE_COUNT=6, POWER_SUPPLY_CURRENT_MAX=2000000, POWER_SUPPLY_CHARGE_TERM_CURRENT=-101, POWER_SUPPLY_CAPACITY=54, DEVPATH=/devices/platform/soc/200f000.qcom,spmi/spmi-0/spmi0-02/200f000.qcom,spmi:qcom,pmi632@2:qcom,qpnp-smb5/power_supply/battery, POWER_SUPPLY_CHARGE_DONE=0, POWER_SUPPLY_CHARGE_TYPE=N/A, POWER_SUPPLY_CHARGE_RATE=None, POWER_SUPPLY_CURRENT_NOW=-422821, POWER_SUPPLY_SYSTEM_TEMP_LEVEL=0, POWER_SUPPLY_PRESENT=1, POWER_SUPPLY_PARALLEL_DISABLE=0, POWER_SUPPLY_CHARGE_FULL=3505000, SUBSYSTEM=power_supply, POWER_SUPPLY_SET_SHIP_MODE=0, POWER_SUPPLY_TEMP=280, ACTION=change, POWER_SUPPLY_RERUN_AICL=0, POWER_SUPPLY_AGE=97, POWER_SUPPLY_NAME=battery, POWER_SUPPLY_VOLTAGE_MAX=-22, POWER_SUPPLY_CONSTANT_CHARGE_CURRENT_MAX=2000000, POWER_SUPPLY_CHARGE_COUNTER=1927750, POWER_SUPPLY_STEP_CHARGING_ENABLED=0, POWER_SUPPLY_NUM_SYSTEM_TEMP_LEVELS=8, POWER_SUPPLY_DIE_HEALTH=Hot, POWER_SUPPLY_INPUT_SUSPEND=0}
04-22 11:34:47.808  1743 11433 I ActivityManager: Force stopping com.google.location.nearby.apps.connectedcrossroad appid=10217 user=0: from pid 12258
04-22 11:34:47.809  1743 11433 I ActivityManager: Killing 11984:com.google.location.nearby.apps.connectedcrossroad/u0a217 (adj 0): stop com.google.location.nearby.apps.connectedcrossroad
04-22 11:34:47.810  1743 11433 D ActivityManager: makeInactive, ProcessRecord{d8dd7dd 11984:com.google.location.nearby.apps.connectedcrossroad/u0a217}, clear holder.state
04-22 11:34:47.813  1743 11433 W ActivityTaskManager: Force removing ActivityRecord{d8d908e u0 com.google.location.nearby.apps.connectedcrossroad/nx.aodv.eval.MainActivity t46 f}: app died, no saved state
04-22 11:34:47.814  1743 11433 V WindowManager: Changing focus from Window{8392595 u0 com.google.location.nearby.apps.connectedcrossroad/nx.aodv.eval.MainActivity} to null displayId=0
04-22 11:34:47.823  1743 11433 I WindowManager: Window drawn AppWindowToken{1bdccbc token=Token{32600af ActivityRecord{d8d908e u0 com.google.location.nearby.apps.connectedcrossroad/nx.aodv.eval.MainActivity t46}}}
04-22 11:34:47.827  1743 11433 I ActivityTaskManager: moveHomeStack, setupComplete:true
04-22 11:34:47.874  1743 11433 V WindowManager: Changing focus from null to Window{a0fbc2a u0 com.motorola.launcher3/com.android.launcher3.CustomizationPanelLauncher} displayId=0
04-22 11:34:47.878  1743  1765 W ActivityManager: setHasOverlayUi called on unknown pid: 11984
04-22 11:34:47.888  1743  1766 I WindowManager:   SURFACE show Surface(name=com.android.systemui.ImageWallpaper)/@0x9fa98f on display:0: com.android.systemui.ImageWallpaper
