04-22 12:15:20.346  1635  1635 W Looper  : Slow dispatch took 469ms main h=android.app.ActivityThread$H c=android.app.-$$Lambda$LoadedApk$ReceiverDispatcher$Args$_BumDX2UKsnxLVrE6UJsJZkotuA@53cd2f8 m=0
04-22 12:15:20.346  1635  1635 W Looper  : Slow delivery took 469ms main h=android.app.ActivityThread$H c=android.app.-$$Lambda$LoadedApk$ReceiverDispatcher$Args$_BumDX2UKsnxLVrE6UJsJZkotuA@6fd93d1 m=0
04-22 12:15:20.494  1635  1752 W Looper  : Slow dispatch took 103ms android.fg h=android.os.Handler c=<recycled PooledLambda@d5d9317> m=0
04-22 12:15:20.663  1635  2891 D ConnectivityService: NetReassign [no changes]
04-22 12:15:20.666  1635  3042 W BroadcastQueue: Background execution not allowed: receiving Intent { act=android.intent.action.PACKAGE_REPLACED dat=package:com.google.location.nearby.apps.connectedcrossroad flg=0x4000010 (has extras) } to com.google.android.gms/.gass.chimera.PackageChangeBroadcastReceiver
04-22 12:15:20.670  1635  1775 W BroadcastQueue: Background execution not allowed: receiving Intent { act=android.intent.action.PACKAGE_REPLACED dat=package:com.google.location.nearby.apps.connectedcrossroad flg=0x4000010 (has extras) } to com.google.android.gms/.chimera.GmsIntentOperationService$PersistentTrustedReceiver
04-22 12:15:20.670  1635  1775 W BroadcastQueue: Background execution not allowed: receiving Intent { act=android.intent.action.PACKAGE_REPLACED dat=package:com.google.location.nearby.apps.connectedcrossroad flg=0x4000010 (has extras) } to com.google.android.googlequicksearchbox/com.google.android.apps.gsa.googlequicksearchbox.GelStubAppWatcher
04-22 12:15:20.670  1635  1775 W BroadcastQueue: Background execution not allowed: receiving Intent { act=android.intent.action.PACKAGE_REPLACED dat=package:com.google.location.nearby.apps.connectedcrossroad flg=0x4000010 (has extras) } to com.infonow.bofa/com.bofa.ecom.marvel.application.BofaPackageUpdateReceiver
04-22 12:15:20.671  1635  1775 W BroadcastQueue: Background execution not allowed: receiving Intent { act=android.intent.action.PACKAGE_REPLACED dat=package:com.google.location.nearby.apps.connectedcrossroad flg=0x4000010 (has extras) } to com.microsoft.appmanager/com.microsoft.mmx.continuity.receiver.InstallUninstallReceiver
04-22 12:15:20.671  1635  1775 W BroadcastQueue: Background execution not allowed: receiving Intent { act=android.intent.action.PACKAGE_REPLACED dat=package:com.google.location.nearby.apps.connectedcrossroad flg=0x4000010 (has extras) } to com.microsoft.emmx/com.microsoft.mmx.continuity.receiver.InstallUninstallReceiver
04-22 12:15:20.671  1635  1775 W BroadcastQueue: Background execution not allowed: receiving Intent { act=android.intent.action.PACKAGE_REPLACED dat=package:com.google.location.nearby.apps.connectedcrossroad flg=0x4000010 (has extras) } to steptracker.healthandfitness.walkingtracker.pedometer/com.drojian.stepcounter.receiver.PedometerReceiver
04-22 12:15:20.674  1635  1775 W BroadcastQueue: Background execution not allowed: receiving Intent { act=android.intent.action.PACKAGE_REPLACED dat=package:com.google.location.nearby.apps.connectedcrossroad flg=0x4000010 (has extras) } to steptracker.healthandfitness.walkingtracker.pedometer/com.drojian.servicekeeper.receiver.BootReceiver
04-22 12:15:20.757  1635  1752 W Looper  : Slow dispatch took 101ms android.fg h=android.os.Handler c=<recycled PooledLambda@445f718> m=0
04-22 12:15:20.799  1635  4623 D CompatibilityChangeReporter: Compat change id reported: 136274596; UID 10333; state: DISABLED
04-22 12:15:21.052  1635  1752 W Looper  : Slow dispatch took 124ms android.fg h=android.os.Handler c=<recycled PooledLambda@561d6c2> m=0
04-22 12:15:21.062  1635  1635 W Looper  : Slow dispatch took 702ms main h=android.app.ActivityThread$H c=android.app.-$$Lambda$LoadedApk$ReceiverDispatcher$Args$_BumDX2UKsnxLVrE6UJsJZkotuA@e617ac5 m=0
04-22 12:15:21.068  1635  1635 I Telecom : DefaultDialerCache: Refreshing default dialer for user 0: now com.google.android.dialer: DDC.oR@BeE
04-22 12:15:21.107  1635  1635 V BackupManagerConstants: getFullBackupIntervalMilliseconds(...) returns 86400000
04-22 12:15:21.107  1635  1635 V BackupManagerConstants: getFullBackupRequiredNetworkType(...) returns 2
04-22 12:15:21.107  1635  1635 V BackupManagerConstants: getFullBackupRequireCharging(...) returns true
04-22 12:15:21.180  1635  1752 W Looper  : Slow dispatch took 127ms android.fg h=android.os.Handler c=<recycled PooledLambda@56ea946> m=0
04-22 12:15:21.195  1635  2884 W NetworkPolicy: shared quota unsupported; generating rule for each iface
04-22 12:15:21.232  1635  1635 W Looper  : Drained
04-22 12:15:21.693  1635  1752 W Looper  : Drained
04-22 12:15:22.471  1635  2884 W NetworkPolicy: shared quota unsupported; generating rule for each iface
04-22 12:15:22.847  1635  2884 I chatty  : uid=1000(system) NetworkPolicy identical 2 lines
04-22 12:15:23.189  1635  2884 W NetworkPolicy: shared quota unsupported; generating rule for each iface
04-22 12:15:23.343  1635  3038 E SystemServiceRegistry: Manager wrapper not available: face
04-22 12:15:23.346  1635  1775 I DropBoxManagerService: add tag=system_server_wtf isTagEnabled=true flags=0x2
04-22 12:15:23.346  1635  3038 I StatsPullAtomService: No runtime appop access message collected
04-22 12:15:23.456  1635  3038 W SettingsStatsUtil: Can not parse value to float: gps,network
04-22 12:15:23.658  1635  2884 W NetworkPolicy: shared quota unsupported; generating rule for each iface
04-22 12:15:23.669  1635  2891 D ConnectivityService: NetReassign [no changes]
04-22 12:15:24.531  1635  1635 D NotificationService: 0|com.google.android.gm|688708475|gig:-785750156:^sq_ig_i_personal|10184: granting content://settings/system/notification_sound
04-22 12:15:24.533  1635  1635 I chatty  : uid=1000 system_server identical 4 lines
04-22 12:15:24.534  1635  1635 D NotificationService: 0|com.google.android.gm|688708475|gig:-785750156:^sq_ig_i_personal|10184: granting content://settings/system/notification_sound
04-22 12:15:24.535  1635  1635 W NotificationHistory: Attempted to add notif for locked/gone/disabled user 0
04-22 12:15:24.687  1635  2884 W NetworkPolicy: shared quota unsupported; generating rule for each iface
04-22 12:15:24.740  1635  2884 W NetworkPolicy: shared quota unsupported; generating rule for each iface
04-22 12:15:25.364  1635  1775 W BroadcastQueue: Background execution not allowed: receiving Intent { act=android.intent.action.DROPBOX_ENTRY_ADDED flg=0x10 (has extras) } to com.google.android.gms/.stats.service.DropBoxEntryAddedReceiver
04-22 12:15:25.365  1635  1775 W BroadcastQueue: Background execution not allowed: receiving Intent { act=android.intent.action.DROPBOX_ENTRY_ADDED flg=0x10 (has extras) } to com.google.android.gms/.chimera.GmsIntentOperationService$PersistentTrustedReceiver
04-22 12:15:25.763  1635  2884 W NetworkPolicy: shared quota unsupported; generating rule for each iface
04-22 12:15:25.851  1635  2884 W NetworkPolicy: shared quota unsupported; generating rule for each iface
04-22 12:15:26.679  1635  2891 D ConnectivityService: NetReassign [no changes]
04-22 12:15:26.856  1635  2884 W NetworkPolicy: shared quota unsupported; generating rule for each iface
04-22 12:15:26.962  1635  2884 W NetworkPolicy: shared quota unsupported; generating rule for each iface
04-22 12:15:27.720  1635  1775 D CompatibilityChangeReporter: Compat change id reported: 135634846; UID 10272; state: DISABLED
04-22 12:15:27.720  1635  1776 D CompatibilityChangeReporter: Compat change id reported: 143937733; UID 10272; state: DISABLED
04-22 12:15:27.737  1635  1776 I ActivityManager: Start proc 29233:com.microsoft.office.outlook/u0a272 for broadcast {com.microsoft.office.outlook/com.google.firebase.iid.FirebaseInstanceIdReceiver}
04-22 12:15:27.925  1635  2884 W NetworkPolicy: shared quota unsupported; generating rule for each iface
04-22 12:15:28.001  1635  2884 W NetworkPolicy: shared quota unsupported; generating rule for each iface
04-22 12:15:28.179  1635  4930 D CompatibilityChangeReporter: Compat change id reported: 135634846; UID 10248; state: DISABLED
04-22 12:15:28.180  1635  1776 D CompatibilityChangeReporter: Compat change id reported: 143937733; UID 10248; state: DISABLED
04-22 12:15:28.198  1635  1776 I ActivityManager: Start proc 29323:com.facebook.katana/u0a248 for content provider {com.facebook.katana/com.facebook.platform.common.provider.PlatformProviderBase}
04-22 12:15:28.225  1635  2891 D ConnectivityService: NetReassign [no changes]
04-22 12:15:28.345  1635  3048 D ConnectivityService: requestNetwork for uid/pid:10272/29233 NetworkRequest [ TRACK_DEFAULT id=818, [ Capabilities: INTERNET&NOT_RESTRICTED&TRUSTED Uid: 10272 AdministratorUids: [] RequestorUid: 10272 RequestorPackageName: com.microsoft.office.outlook] ]
04-22 12:15:28.346  1635  2891 D ConnectivityService: NetReassign [818 : null  135]
04-22 12:15:28.984  1635  2884 W NetworkPolicy: shared quota unsupported; generating rule for each iface
04-22 12:15:29.074  1635  2884 W NetworkPolicy: shared quota unsupported; generating rule for each iface
04-22 12:15:29.690  1635  2891 D ConnectivityService: NetReassign [no changes]
04-22 12:15:30.042  1635  2884 W NetworkPolicy: shared quota unsupported; generating rule for each iface
04-22 12:15:32.230  1635  2884 I chatty  : uid=1000(system) NetworkPolicy identical 4 lines
04-22 12:15:32.339  1635  2884 W NetworkPolicy: shared quota unsupported; generating rule for each iface
04-22 12:15:32.701  1635  2891 D ConnectivityService: NetReassign [no changes]
04-22 12:15:33.229  1635  2884 W NetworkPolicy: shared quota unsupported; generating rule for each iface
04-22 12:15:35.522  1635  2884 I chatty  : uid=1000(system) NetworkPolicy identical 6 lines
04-22 12:15:35.652  1635  2884 W NetworkPolicy: shared quota unsupported; generating rule for each iface
04-22 12:15:35.712  1635  2891 D ConnectivityService: NetReassign [no changes]
04-22 12:15:36.050  1635  3042 W ActivityManager: Background start not allowed: service Intent { act=Orca.START cmp=com.facebook.katana/com.facebook.mqttlite.MqttService (has extras) } to com.facebook.katana/com.facebook.mqttlite.MqttService from pid=29323 uid=10248 pkg=com.facebook.katana startFg?=false
04-22 12:15:36.622  1635  2884 W NetworkPolicy: shared quota unsupported; generating rule for each iface
04-22 12:15:36.711  1635  2884 W NetworkPolicy: shared quota unsupported; generating rule for each iface
04-22 12:15:37.009  1635  1775 W BroadcastQueue: Permission Denial: broadcasting Intent { act=android.net.wifi.WIFI_STATE_CHANGED flg=0x44000010 (has extras) } from null (pid=-1, uid=-1) requires com.facebook.permission.prod.FB_APP_COMMUNICATION due to registered receiver BroadcastFilter{d1ee662 10248/u0 ReceiverList{ff6812d 29323 com.facebook.katana/10248/u0 remote:d1ec44}}
04-22 12:15:37.189  1635  1775 W BroadcastQueue: Permission Denial: broadcasting Intent { act=android.net.conn.CONNECTIVITY_CHANGE flg=0x4200010 (has extras) } from null (pid=-1, uid=-1) requires com.facebook.permission.prod.FB_APP_COMMUNICATION due to registered receiver BroadcastFilter{962dfba 10248/u0 ReceiverList{d43a8e5 29323 com.facebook.katana/10248/u0 remote:7b07fdc}}
04-22 12:15:37.189  1635  1775 W BroadcastQueue: Permission Denial: broadcasting Intent { act=android.net.conn.INET_CONDITION_ACTION flg=0x4000010 (has extras) } from null (pid=-1, uid=-1) requires com.facebook.permission.prod.FB_APP_COMMUNICATION due to registered receiver BroadcastFilter{962dfba 10248/u0 ReceiverList{d43a8e5 29323 com.facebook.katana/10248/u0 remote:7b07fdc}}
04-22 12:15:37.226  1635  1775 W BroadcastQueue: Permission Denial: broadcasting Intent { act=android.net.conn.CONNECTIVITY_CHANGE flg=0x4200010 (has extras) } from null (pid=-1, uid=-1) requires com.facebook.permission.prod.FB_APP_COMMUNICATION due to registered receiver BroadcastFilter{d4f3d86 10248/u0 ReceiverList{40aee61 29323 com.facebook.katana/10248/u0 remote:fb3bdc8}}
04-22 12:15:37.500 29323 29619 E ActivityThread: Failed to find provider info for com.facebook.appmanager.firstparty.crashreporter
04-22 12:15:37.757  1635  2884 W NetworkPolicy: shared quota unsupported; generating rule for each iface
04-22 12:15:37.859  1635  2884 W NetworkPolicy: shared quota unsupported; generating rule for each iface
04-22 12:15:38.731  1635  2891 D ConnectivityService: NetReassign [no changes]
04-22 12:15:38.880  1635  2884 W NetworkPolicy: shared quota unsupported; generating rule for each iface
04-22 12:15:41.121  1635  2884 I chatty  : uid=1000(system) NetworkPolicy identical 4 lines
04-22 12:15:41.232  1635  2884 W NetworkPolicy: shared quota unsupported; generating rule for each iface
04-22 12:15:41.754  1635  2891 D ConnectivityService: NetReassign [no changes]
04-22 12:15:42.227  1635  2884 W NetworkPolicy: shared quota unsupported; generating rule for each iface
04-22 12:15:44.443  1635  2884 I chatty  : uid=1000(system) NetworkPolicy identical 4 lines
04-22 12:15:44.574  1635  2884 W NetworkPolicy: shared quota unsupported; generating rule for each iface
04-22 12:15:44.599  1635  3048 D ConnectivityService: requestNetwork for uid/pid:10272/29233 NetworkRequest [ TRACK_DEFAULT id=819, [ Capabilities: INTERNET&NOT_RESTRICTED&TRUSTED Uid: 10272 AdministratorUids: [] RequestorUid: 10272 RequestorPackageName: com.microsoft.office.outlook] ]
04-22 12:15:44.599  1635  2891 D ConnectivityService: NetReassign [819 : null  135]
04-22 12:15:44.768  1635  2891 D ConnectivityService: NetReassign [no changes]
04-22 12:15:45.551  1635  2884 W NetworkPolicy: shared quota unsupported; generating rule for each iface
04-22 12:15:46.769  1635  2884 I chatty  : uid=1000(system) NetworkPolicy identical 3 lines
04-22 12:15:47.764  1635  2884 W NetworkPolicy: shared quota unsupported; generating rule for each iface
04-22 12:15:47.780  1635  2891 D ConnectivityService: NetReassign [no changes]
04-22 12:15:47.866  1635  2884 W NetworkPolicy: shared quota unsupported; generating rule for each iface
04-22 12:15:49.986  1635  2884 I chatty  : uid=1000(system) NetworkPolicy identical 3 lines
04-22 12:15:50.104  1635  2884 W NetworkPolicy: shared quota unsupported; generating rule for each iface
04-22 12:15:50.793  1635  2891 D ConnectivityService: NetReassign [no changes]
04-22 12:15:51.085  1635  2884 W NetworkPolicy: shared quota unsupported; generating rule for each iface
04-22 12:15:53.307  1635  2884 I chatty  : uid=1000(system) NetworkPolicy identical 4 lines
04-22 12:15:53.435  1635  2884 W NetworkPolicy: shared quota unsupported; generating rule for each iface
04-22 12:15:53.822  1635  2891 D ConnectivityService: NetReassign [no changes]
04-22 12:15:54.429  1635  2884 W NetworkPolicy: shared quota unsupported; generating rule for each iface
04-22 12:15:56.648  1635  2884 I chatty  : uid=1000(system) NetworkPolicy identical 4 lines
04-22 12:15:56.763  1635  2884 W NetworkPolicy: shared quota unsupported; generating rule for each iface
04-22 12:15:56.852  1635  2891 D ConnectivityService: NetReassign [no changes]
04-22 12:15:57.751  1635  2884 W NetworkPolicy: shared quota unsupported; generating rule for each iface
04-22 12:15:57.781  1635  1862 V DisplayPowerController: Brightness [0.05] reason changing to: 'automatic [ dim ]', previous reason: 'automatic'.
04-22 12:15:57.869  1635  2884 W NetworkPolicy: shared quota unsupported; generating rule for each iface
04-22 12:15:58.779  1635  1862 V DisplayPowerController: Brightness [0.1563987] reason changing to: 'automatic', previous reason: 'automatic [ dim ]'.
04-22 12:15:58.827  1635  2884 W NetworkPolicy: shared quota unsupported; generating rule for each iface
04-22 12:15:58.920  1635  2884 W NetworkPolicy: shared quota unsupported; generating rule for each iface
04-22 12:15:59.305  2979  2979 V DeadZone: consuming errant click: (39.0,14.0)
04-22 12:15:59.305  2979  2979 V DeadZone: consuming errant click: (39.0,14.0)
04-22 12:15:59.490  1635  4614 I ActivityManager: Process com.google.android.apps.tachyon (pid 26119) has died: cch+99 CEM 
04-22 12:15:59.574  1635  1712 I ActivityManager: Process com.google.android.contacts (pid 22306) has died: cch+95 CEM 
04-22 12:15:59.858  1635  2891 D ConnectivityService: NetReassign [no changes]
04-22 12:15:59.906  1635  2884 W NetworkPolicy: shared quota unsupported; generating rule for each iface
04-22 12:16:00.023  1635  2884 W NetworkPolicy: shared quota unsupported; generating rule for each iface
04-22 12:16:00.125  1635  1713 D ConnectivityService: ConnectivityService NetworkRequestInfo binderDied(NetworkRequest [ LISTEN id=815, [ Capabilities: NOT_RESTRICTED&TRUSTED&NOT_VPN&FOREGROUND Uid: 10221 AdministratorUids: [] RequestorUid: 10221 RequestorPackageName: com.google.android.apps.docs.editors.docs] ], android.os.BinderProxy@83ba7e8)
04-22 12:16:00.126  1635  1712 I ActivityManager: Process com.google.android.apps.docs.editors.docs (pid 26099) has died: cch+95 CEM 
04-22 12:16:00.986  1635  2884 W NetworkPolicy: shared quota unsupported; generating rule for each iface
04-22 12:16:01.091  1635  2884 W NetworkPolicy: shared quota unsupported; generating rule for each iface
04-22 12:16:02.015  2979  2979 V DeadZone: consuming errant click: (52.0,19.0)
04-22 12:16:02.015  2979  2979 V DeadZone: consuming errant click: (52.0,19.0)
04-22 12:16:02.057  1635  2884 W NetworkPolicy: shared quota unsupported; generating rule for each iface
04-22 12:16:02.141  1635  2884 W NetworkPolicy: shared quota unsupported; generating rule for each iface
04-22 12:16:02.872  1635  2891 D ConnectivityService: NetReassign [no changes]
04-22 12:16:03.151  1635  2884 W NetworkPolicy: shared quota unsupported; generating rule for each iface
04-22 12:16:03.268  1635  2884 W NetworkPolicy: shared quota unsupported; generating rule for each iface
04-22 12:16:03.530  1635  1635 D BluetoothManagerService: Bluetooth Adapter name changed to IlRxeUVbye0AAAAAAAAAATE
04-22 12:16:03.531  1635  1635 D BluetoothManagerService: Stored Bluetooth name: IlRxeUVbye0AAAAAAAAAATE
04-22 12:16:03.916  1635  2893 D NsdService: Register service
04-22 12:16:03.917  1635  2893 D NsdService: registerService: 30 name: IlRxeUVbye0AAA, type: _5BC9ED5E6C75._tcp, host: null, port: 41969, txtRecord: n=MQIPv4=192.168.1.17
04-22 12:16:03.917  1635  2893 D NsdService: mdnssd [register, 30, IlRxeUVbye0AAA, _5BC9ED5E6C75._tcp, 41969, BG49TVERSVB2ND0xOTIuMTY4LjEuMTc=]
04-22 12:16:03.927  1635  2893 D NsdService: Register 30 30
04-22 12:16:04.248  1635  2884 W NetworkPolicy: shared quota unsupported; generating rule for each iface
04-22 12:16:04.335  1635  2884 W NetworkPolicy: shared quota unsupported; generating rule for each iface
04-22 12:16:04.529  2979  2979 V DeadZone: consuming errant click: (49.0,49.0)
04-22 12:16:04.529  2979  2979 V DeadZone: consuming errant click: (49.0,49.0)
04-22 12:16:04.648  1635  2893 D NsdService: Native daemon message SERVICE_REGISTERED: 606 30 "IlRxeUVbye0AAA"
04-22 12:16:04.664  1635  3044 E AppOps  : attributionTag com.google.android.gms.nearby not declared in manifest of com.google.location.nearby.apps.connectedcrossroad
04-22 12:16:05.302  1635  2884 W NetworkPolicy: shared quota unsupported; generating rule for each iface
04-22 12:16:05.398  1635  2884 W NetworkPolicy: shared quota unsupported; generating rule for each iface
04-22 12:16:05.708  1635  1775 D CompatibilityChangeReporter: Compat change id reported: 135634846; UID 10141; state: DISABLED
04-22 12:16:05.708  1635  1776 D CompatibilityChangeReporter: Compat change id reported: 143937733; UID 10141; state: ENABLED
04-22 12:16:05.730  1635  1776 I ActivityManager: Start proc 30032:com.google.android.projection.gearhead:shared/u0a141 for broadcast {com.google.android.projection.gearhead/com.google.android.apps.auto.wireless.bluetooth.WifiBluetoothReceiver}
04-22 12:16:05.881  1635  2891 D ConnectivityService: NetReassign [no changes]
04-22 12:16:06.299  1635  3048 D CompatibilityChangeReporter: Compat change id reported: 135634846; UID 10140; state: DISABLED
04-22 12:16:06.300  1635  1776 D CompatibilityChangeReporter: Compat change id reported: 143937733; UID 10140; state: ENABLED
04-22 12:16:06.320  1635  1776 I ActivityManager: Start proc 30063:com.google.android.apps.wearables.maestro.companion/u0a140 for broadcast {com.google.android.apps.wearables.maestro.companion/com.google.android.apps.wearables.maestro.companion.connectivity.ClassicBTReceiver}
04-22 12:16:06.372  1635  2884 W NetworkPolicy: shared quota unsupported; generating rule for each iface
04-22 12:16:06.461  1635  2884 W NetworkPolicy: shared quota unsupported; generating rule for each iface
04-22 12:16:06.827  1635  3038 D CompatibilityChangeReporter: Compat change id reported: 135634846; UID 10141; state: DISABLED
04-22 12:16:06.828  1635  1776 D CompatibilityChangeReporter: Compat change id reported: 143937733; UID 10141; state: ENABLED
04-22 12:16:06.839  1635  1776 I ActivityManager: Start proc 30097:com.google.android.projection.gearhead:car/u0a141 for broadcast {com.google.android.projection.gearhead/com.google.android.apps.auto.carservice.gmscorecompat.CarBluetoothReceiver}
04-22 12:16:07.065  1635  3048 D CompatibilityChangeReporter: Compat change id reported: 135634846; UID 10235; state: DISABLED
04-22 12:16:07.065  1635  1776 D CompatibilityChangeReporter: Compat change id reported: 143937733; UID 10235; state: DISABLED
04-22 12:16:07.082  1635  1776 I ActivityManager: Start proc 30120:com.spotify.music/u0a235 for broadcast {com.spotify.music/com.spotify.mobile.android.spotlets.appprotocol.service.BluetoothAclReceiver}
04-22 12:16:07.449  1635  2884 W NetworkPolicy: shared quota unsupported; generating rule for each iface
04-22 12:16:08.511  1635  2884 I chatty  : uid=1000(system) NetworkPolicy identical 2 lines
04-22 12:16:08.607  1635  2884 W NetworkPolicy: shared quota unsupported; generating rule for each iface
04-22 12:16:08.893  1635  2891 D ConnectivityService: NetReassign [no changes]
04-22 12:16:09.617  1635  2884 W NetworkPolicy: shared quota unsupported; generating rule for each iface
04-22 12:16:11.779  1635  2884 I chatty  : uid=1000(system) NetworkPolicy identical 4 lines
04-22 12:16:11.866  1635  2884 W NetworkPolicy: shared quota unsupported; generating rule for each iface
04-22 12:16:11.905  1635  2891 D ConnectivityService: NetReassign [no changes]
04-22 12:16:12.862  1635  2884 W NetworkPolicy: shared quota unsupported; generating rule for each iface
04-22 12:16:13.935  1635  2884 I chatty  : uid=1000(system) NetworkPolicy identical 2 lines
04-22 12:16:14.037  1635  2884 W NetworkPolicy: shared quota unsupported; generating rule for each iface
04-22 12:16:14.914  1635  2891 D ConnectivityService: NetReassign [no changes]
04-22 12:16:15.013  1635  2884 W NetworkPolicy: shared quota unsupported; generating rule for each iface
04-22 12:16:17.207  1635  2884 I chatty  : uid=1000(system) NetworkPolicy identical 4 lines
04-22 12:16:17.305  1635  2884 W NetworkPolicy: shared quota unsupported; generating rule for each iface
04-22 12:16:17.934  1635  2891 D ConnectivityService: NetReassign [no changes]
04-22 12:16:18.314  1635  2884 W NetworkPolicy: shared quota unsupported; generating rule for each iface
04-22 12:16:20.540  1635  2884 I chatty  : uid=1000(system) NetworkPolicy identical 4 lines
04-22 12:16:20.666  1635  2884 W NetworkPolicy: shared quota unsupported; generating rule for each iface
04-22 12:16:20.959  1635  2891 D ConnectivityService: NetReassign [no changes]
04-22 12:16:21.659  1635  2884 W NetworkPolicy: shared quota unsupported; generating rule for each iface
04-22 12:16:21.777  1635  2884 W NetworkPolicy: shared quota unsupported; generating rule for each iface
04-22 12:16:21.782  1635  1775 I ActivityManager: Waited long enough for: ServiceRecord{8f141d0 u0 com.google.android.googlequicksearchbox/com.google.android.apps.gsa.shared.util.keepalive.StandaloneKeepAlive$KeepAliveService}
04-22 12:16:22.760  1635  2884 W NetworkPolicy: shared quota unsupported; generating rule for each iface
04-22 12:16:22.862  1635  2884 I chatty  : uid=1000(system) NetworkPolicy identical 1 line
04-22 12:16:23.862  1635  2884 W NetworkPolicy: shared quota unsupported; generating rule for each iface
04-22 12:16:23.973  1635  2891 D ConnectivityService: NetReassign [no changes]
04-22 12:16:23.986  1635  2884 W NetworkPolicy: shared quota unsupported; generating rule for each iface
04-22 12:16:26.095  1635  2884 I chatty  : uid=1000(system) NetworkPolicy identical 4 lines
04-22 12:16:26.202  1635  2884 W NetworkPolicy: shared quota unsupported; generating rule for each iface
04-22 12:16:26.992  1635  2891 D ConnectivityService: NetReassign [no changes]
04-22 12:16:27.206  1635  2884 W NetworkPolicy: shared quota unsupported; generating rule for each iface
04-22 12:16:29.422  1635  2884 I chatty  : uid=1000(system) NetworkPolicy identical 4 lines
04-22 12:16:29.554  1635  2884 W NetworkPolicy: shared quota unsupported; generating rule for each iface
04-22 12:16:30.017  1635  2891 D ConnectivityService: NetReassign [no changes]
04-22 12:16:30.553  1635  2884 W NetworkPolicy: shared quota unsupported; generating rule for each iface
04-22 12:16:31.801  1635  2884 I chatty  : uid=1000(system) NetworkPolicy identical 3 lines
04-22 12:16:32.772  1635  2884 W NetworkPolicy: shared quota unsupported; generating rule for each iface
04-22 12:16:33.035  1635  2891 D ConnectivityService: NetReassign [no changes]
04-22 12:16:33.071  1635  2884 W NetworkPolicy: shared quota unsupported; generating rule for each iface
04-22 12:16:35.186  1635  2884 I chatty  : uid=1000(system) NetworkPolicy identical 3 lines
04-22 12:16:35.295  1635  2884 W NetworkPolicy: shared quota unsupported; generating rule for each iface
04-22 12:16:36.056  1635  2891 D ConnectivityService: NetReassign [no changes]
04-22 12:16:36.283  1635  2884 W NetworkPolicy: shared quota unsupported; generating rule for each iface
04-22 12:16:38.533  1635  2884 I chatty  : uid=1000(system) NetworkPolicy identical 4 lines
04-22 12:16:38.661  1635  2884 W NetworkPolicy: shared quota unsupported; generating rule for each iface
04-22 12:16:39.082  1635  2891 D ConnectivityService: NetReassign [no changes]
04-22 12:16:39.638  1635  2884 W NetworkPolicy: shared quota unsupported; generating rule for each iface
04-22 12:16:41.045  1635  2884 I chatty  : uid=1000(system) NetworkPolicy identical 3 lines
04-22 12:16:42.037  1635  2884 W NetworkPolicy: shared quota unsupported; generating rule for each iface
04-22 12:16:42.098  1635  2891 D ConnectivityService: NetReassign [no changes]
04-22 12:16:42.176  1635  2884 W NetworkPolicy: shared quota unsupported; generating rule for each iface
--------- beginning of main
04-22 12:16:43.349  2959  3071 E BluetoothRemoteDevices: aclStateChangeCallback: device is NULL, address=78:02:B7:8C:37:01, newState=1
04-22 12:16:43.349  2959  3615 I btif_av : DeleteIdlePeers: Deleting idle peer: 78:02:b7:8c:37:01 bta_handle=0x41
04-22 12:16:43.357  4451  4451 I chatty  : uid=10324(com.jaga.ibraceletplus.smartwristband3) expire 22 lines
04-22 12:16:43.361  2959  3615 I bt_stack: [INFO:gatt_api.cc(947)] GATT_Register d361d08b-c983-663c-e853-575f92bf9357
04-22 12:16:43.361  2959  3615 I bt_stack: [INFO:gatt_api.cc(967)] allocated gatt_if=9
04-22 12:16:43.362  2959  3615 I bt_stack: [INFO:gatt_api.cc(1105)] GATT_Connectgatt_if=9, address=78:02:b7:8c:37:01
04-22 12:16:43.504 29001 30010 D connectedcrossroad: Data collect: SEND
04-22 12:16:43.510 29001 30010 D connectedcrossroad: Data collect: SEND
04-22 12:16:43.558 29001 29196 V StudioTransport: Handling agent command 405 for pid: 29001.
04-22 12:16:43.558 29001 29196 V StudioProfiler: New JNI table set
04-22 12:16:44.020  3529 30259 I chatty  : uid=10145(com.google.android.gms) lowpool[745] expire 3 lines
04-22 12:16:44.055  3529 30027 I chatty  : uid=10145(com.google.android.gms) lowpool[743] expire 3 lines
04-22 12:16:44.139  2959  3071 D bt_btif_config: btif_get_device_type: Device [cc:0d:f2:75:2d:60] type 1
04-22 12:16:44.356  1058  2949 I WifiHAL : event received NL80211_CMD_VENDOR, vendor_id = 0x1374, subcmd = 0xd
04-22 12:16:44.355  1057  1057 W radioext@1.0-se: type=1400 audit(0.0:11018): avc: denied { search } for name="radio" dev="dm-8" ino=174 scontext=u:r:hal_radioext_default:s0 tcontext=u:object_r:radio_vendor_data_file:s0 tclass=dir permissive=0
04-22 12:16:44.358  3258  3258 D GRIL-S  : [7246]> UPDATE_REGULATORY_DOMAIN
04-22 12:16:44.360  3258  4164 D GRIL-S  : [7246]< UPDATE_REGULATORY_DOMAIN 
04-22 12:16:44.400  2959  3071 D bt_btif_config: btif_get_device_type: Device [cc:0d:f2:75:2d:ba] type 1
04-22 12:16:44.292  1635  2884 I chatty  : uid=1000(system) NetworkPolicy identical 3 lines
04-22 12:16:44.407  1635  2884 W NetworkPolicy: shared quota unsupported; generating rule for each iface
04-22 12:16:45.125  1635  2891 D ConnectivityService: NetReassign [no changes]
04-22 12:16:45.410  1635  2884 W NetworkPolicy: shared quota unsupported; generating rule for each iface
04-22 12:16:45.477  1016 29121 I statsd  : statsd received SIGPIPE. Ignoring signal.
04-22 12:16:45.478  1016 29121 I chatty  : uid=1066(statsd) Binder:1016_2 identical 22 lines
04-22 12:16:45.478  1016 29121 I statsd  : statsd received SIGPIPE. Ignoring signal.
04-22 12:16:45.514 29001 30010 D connectedcrossroad: Data collect: SEND
04-22 12:16:45.516 29001 30010 D connectedcrossroad: Data collect: SEND
04-22 12:16:45.645  1635  1654 I system_server: Background young concurrent copying GC freed 190372(32MB) AllocSpace objects, 807(15MB) LOS objects, 46% free, 53MB/99MB, paused 1.355ms total 105.081ms
04-22 12:16:46.361  1058  2949 I WifiHAL : event received NL80211_CMD_VENDOR, vendor_id = 0x1374, subcmd = 0xd
04-22 12:16:47.138 29001 29001 I connectedcrossroad: onConnectionResult: Connection successful
04-22 12:16:47.139 29001 29001 D connectedcrossroad: onConnectionResult: Neighbor added: Z7VH
04-22 12:16:47.520 29001 30010 D connectedcrossroad: Data collect: SEND
04-22 12:16:47.522 29001 30010 I chatty  : uid=10333(com.google.location.nearby.apps.connectedcrossroad) Thread-2 identical 10 lines
04-22 12:16:47.524 29001 30010 D connectedcrossroad: Data collect: SEND
04-22 12:16:47.535  3529 30395 I chatty  : uid=10145 com.google.android.gms.persistent expire 86 lines
04-22 12:16:45.527  1635  2884 W NetworkPolicy: shared quota unsupported; generating rule for each iface
04-22 12:16:48.149  1635  2891 D ConnectivityService: NetReassign [no changes]
04-22 12:16:48.365  1058  2949 I WifiHAL : event received NL80211_CMD_VENDOR, vendor_id = 0x1374, subcmd = 0xd
04-22 12:16:48.730  1016  1020 E statsd  : Predicate 5980654721335871649 dropping data for dimension key (10)0x2010101->10145[I] (10)0x30000->CastSocketMultiplexer_WakeLock[S] 
04-22 12:16:48.755  1016  1020 E statsd  : Predicate 5980654721335871649 dropping data for dimension key (10)0x2010101->10145[I] (10)0x30000->CastSocketMultiplexer_WakeLock[S] 
04-22 12:16:48.756  1016  1020 E statsd  : Predicate 5980654721335871649 dropping data for dimension key (10)0x2010101->10145[I] (10)0x30000->CastDeviceController-com.google.android.gms[S] 
04-22 12:16:48.759  1016  1020 E statsd  : Predicate 5980654721335871649 dropping data for dimension key (10)0x2010101->10145[I] (10)0x30000->CastDeviceController-com.google.android.gms[S] 
04-22 12:16:48.830  1047  1286 I CHRE    : @ 110919.146: [AR] still: 95.686271
04-22 12:16:49.373  3258  3258 D GRIL-S  : [7247]> UPDATE_REGULATORY_DOMAIN
04-22 12:16:49.372  1057  1057 W radioext@1.0-se: type=1400 audit(0.0:11019): avc: denied { search } for name="radio" dev="dm-8" ino=174 scontext=u:r:hal_radioext_default:s0 tcontext=u:object_r:radio_vendor_data_file:s0 tclass=dir permissive=0
04-22 12:16:49.375  3258  4164 D GRIL-S  : [7247]< UPDATE_REGULATORY_DOMAIN 
04-22 12:16:49.527 29001 30010 D connectedcrossroad: Data collect: SEND
04-22 12:16:49.532 29001 30010 D connectedcrossroad: Data collect: SEND
04-22 12:16:50.375  1058  2949 I WifiHAL : event received NL80211_CMD_VENDOR, vendor_id = 0x1374, subcmd = 0xd
04-22 12:16:50.856  2959  3071 D bt_btif_config: btif_get_device_type: Device [61:6f:37:94:3d:4a] type 2
04-22 12:16:51.090  3529 30394 I chatty  : uid=10145 com.google.android.gms.persistent expire 74 lines
04-22 12:16:51.536 29001 30010 D connectedcrossroad: Data collect: SEND
04-22 12:16:51.540 29001 30010 D connectedcrossroad: Data collect: SEND
04-22 12:16:52.019  2959  3071 D bt_btif_config: btif_get_device_type: Device [cc:0d:f2:75:2d:ba] type 1
04-22 12:16:52.374  1058  2949 I WifiHAL : event received NL80211_CMD_VENDOR, vendor_id = 0x1374, subcmd = 0xd
04-22 12:16:53.544 29001 30010 D connectedcrossroad: Data collect: SEND
04-22 12:16:53.548 29001 30010 D connectedcrossroad: Data collect: SEND
04-22 12:16:53.562  3529 25253 I chatty  : uid=10145 com.google.android.gms.persistent expire 18 lines
04-22 12:16:54.375  3258  3258 D GRIL-S  : [7248]> UPDATE_REGULATORY_DOMAIN
04-22 12:16:54.375  1057  1057 W radioext@1.0-se: type=1400 audit(0.0:11020): avc: denied { search } for name="radio" dev="dm-8" ino=174 scontext=u:r:hal_radioext_default:s0 tcontext=u:object_r:radio_vendor_data_file:s0 tclass=dir permissive=0
04-22 12:16:54.378  3258  4164 D GRIL-S  : [7248]< UPDATE_REGULATORY_DOMAIN 
04-22 12:16:54.379  1058  2949 I WifiHAL : event received NL80211_CMD_VENDOR, vendor_id = 0x1374, subcmd = 0xd
04-22 12:16:54.615  4451  4451 I chatty  : uid=10324(com.jaga.ibraceletplus.smartwristband3) expire 29 lines
04-22 12:16:54.732  1016  1020 E statsd  : Predicate 5980654721335871649 dropping data for dimension key (10)0x2010101->10145[I] (10)0x30000->CastSocketMultiplexer_WakeLock[S] 
04-22 12:16:54.735  1016  1020 E statsd  : Predicate 5980654721335871649 dropping data for dimension key (10)0x2010101->10145[I] (10)0x30000->CastSocketMultiplexer_WakeLock[S] 
04-22 12:16:54.817  1016  1020 E statsd  : Predicate 5980654721335871649 dropping data for dimension key (10)0x2010101->10145[I] (10)0x30000->CastSocketMultiplexer_WakeLock[S] 
04-22 12:16:54.821  1016  1020 E statsd  : Predicate 5980654721335871649 dropping data for dimension key (10)0x2010101->10145[I] (10)0x30000->CastSocketMultiplexer_WakeLock[S] 
04-22 12:16:54.822  1016  1020 E statsd  : Predicate 5980654721335871649 dropping data for dimension key (10)0x2010101->10145[I] (10)0x30000->CastDeviceController-com.google.android.gms[S] 
04-22 12:16:54.826  1016  1020 E statsd  : Predicate 5980654721335871649 dropping data for dimension key (10)0x2010101->10145[I] (10)0x30000->CastDeviceController-com.google.android.gms[S] 
04-22 12:16:55.551 29001 30010 D connectedcrossroad: Data collect: SEND
04-22 12:16:55.555 29001 30010 D connectedcrossroad: Data collect: SEND
04-22 12:16:55.583  3529 30437 I chatty  : uid=10145(com.google.android.gms) highpool[525] expire 98 lines
04-22 12:16:55.846  4262  4262 D CounterService: onReceive steptracker.healthandfitness.walkingtracker.pedometer.BROADCAST_NOTIFY_STATUS
04-22 12:16:56.386  1058  2949 I WifiHAL : event received NL80211_CMD_VENDOR, vendor_id = 0x1374, subcmd = 0xd
04-22 12:16:56.611  3529 25800 I chatty  : uid=10145(com.google.android.gms) highpool[509] expire 10 lines
04-22 12:16:57.559 29001 30010 D connectedcrossroad: Data collect: SEND
04-22 12:16:57.563 29001 30010 D connectedcrossroad: Data collect: SEND
04-22 12:16:58.388  1058  2949 I WifiHAL : event received NL80211_CMD_VENDOR, vendor_id = 0x1374, subcmd = 0xd
04-22 12:16:59.417  3258  3258 D GRIL-S  : [7249]> UPDATE_REGULATORY_DOMAIN
04-22 12:16:59.415  1057  1057 W radioext@1.0-se: type=1400 audit(0.0:11021): avc: denied { search } for name="radio" dev="dm-8" ino=174 scontext=u:r:hal_radioext_default:s0 tcontext=u:object_r:radio_vendor_data_file:s0 tclass=dir permissive=0
04-22 12:16:59.420  3258  4164 D GRIL-S  : [7249]< UPDATE_REGULATORY_DOMAIN 
04-22 12:16:59.566 29001 30010 D connectedcrossroad: Data collect: SEND
04-22 12:16:59.570 29001 30010 D connectedcrossroad: Data collect: SEND
04-22 12:17:00.392  1058  2949 I WifiHAL : event received NL80211_CMD_VENDOR, vendor_id = 0x1374, subcmd = 0xd
04-22 12:17:00.733  1016  1020 E statsd  : Predicate 5980654721335871649 dropping data for dimension key (10)0x2010101->10145[I] (10)0x30000->CastSocketMultiplexer_WakeLock[S] 
04-22 12:17:00.737  1016  1020 E statsd  : Predicate 5980654721335871649 dropping data for dimension key (10)0x2010101->10145[I] (10)0x30000->CastSocketMultiplexer_WakeLock[S] 
04-22 12:17:00.786 29001 29001 D connectedcrossroad: data collect: burst start
04-22 12:17:00.787 29001 29001 D connectedcrossroad: Data collect: SEND
04-22 12:17:00.789 29001 29001 I chatty  : uid=10333(com.google.location.nearby.apps.connectedcrossroad) identical 10 lines
04-22 12:17:00.790 29001 29001 D connectedcrossroad: Data collect: SEND
04-22 12:17:00.792 29001 29001 V data    : Payload RX: 0
04-22 12:17:00.792 29001 29001 V data    : Payload TX: 0
04-22 12:17:00.792 29001 29001 V data    : Total RX: 0
04-22 12:17:00.792 29001 29001 V data    : Total TX: 23256
04-22 12:17:00.792 29001 29001 D connectedcrossroad: sendMessage: Sent message
04-22 12:17:00.815 14602 14606 D audio_hw_primary: out_set_parameters: enter: usecase(1: low-latency-playback) kvpairs: routing=2
04-22 12:17:00.816  1635 11678 I system_server: oneway function results will be dropped but finished with status OK and parcel size 4
04-22 12:17:00.816  1635 11678 I system_server: oneway function results will be dropped but finished with status OK and parcel size 4
04-22 12:17:00.820  1635  4613 I system_server: oneway function results will be dropped but finished with status OK and parcel size 4
04-22 12:17:00.820 14602 14896 D audio_route: Apply path: speaker
04-22 12:17:00.821 14602 14896 D audio_hw_primary: enable_snd_device: snd_device(104: vi-feedback)
04-22 12:17:00.821 14602 14896 D audio_route: Apply path: vi-feedback
04-22 12:17:00.821 14602 14896 E audio_hw_utils: audio_extn_utils_send_app_type_cfg: Failed to derive app_type for uc type : 0x1
04-22 12:17:00.821 14602 14896 D ACDB-LOADER: ACDB -> send_audio_cal, acdb_id = 512, path = 1, app id = 0x11132, sample rate = 48000
04-22 12:17:00.821 14602 14896 D ACDB-LOADER: ACDB -> send_asm_topology
04-22 12:17:00.821 14602 14896 D ACDB-LOADER: ACDB -> ACDB_CMD_GET_AUDPROC_STREAM_TOPOLOGY_ID
04-22 12:17:00.821 14602 14896 D ACDB-LOADER: ACDB -> send_adm_topology
04-22 12:17:00.821 14602 14896 D ACDB-LOADER: ACDB -> ACDB_CMD_GET_AUDPROC_COMMON_TOPOLOGY_ID
04-22 12:17:00.821 14602 14896 D ACDB-LOADER: ACDB -> send_audtable
04-22 12:17:00.821 14602 14896 D ACDB-LOADER: ACDB -> ACDB_CMD_GET_AUDPROC_COMMON_TABLE_SIZE
04-22 12:17:00.821 14602 14896 D ACDB-LOADER: ACDB -> ACDB_CMD_GET_AUDPROC_COMMON_TABLE
04-22 12:17:00.821 14602 14896 D ACDB-LOADER: ACDB -> AUDIO_SET_AUDPROC_CAL
04-22 12:17:00.821 14602 14896 D ACDB-LOADER: ACDB -> send_audvoltable
04-22 12:17:00.821 14602 14896 D ACDB-LOADER: ACDB -> ACDB_CMD_GET_AUDPROC_VOL_STEP_TABLE_SIZE
04-22 12:17:00.821 14602 14896 D ACDB-LOADER: ACDB -> ACDB_CMD_GET_AUDPROC_GAIN_DEP_STEP_TABLE, vol index 0
04-22 12:17:00.821 14602 14896 D android.hardware.audio.service: Failed to fetch the lookup information of the device 00000200 
04-22 12:17:00.821 14602 14896 E ACDB-LOADER: Error: ACDB AudProc vol returned = -19
04-22 12:17:00.821 14602 14896 D ACDB-LOADER: ACDB -> AUDIO_SET_VOL_CAL cal type = 12
04-22 12:17:00.821 14602 14896 D ACDB-LOADER: ACDB -> ACDB_CMD_GET_AUDPROC_STREAM_TABLE_SIZE
04-22 12:17:00.821 14602 14896 D ACDB-LOADER: ACDB -> send_audstrmtable
04-22 12:17:00.821 14602 14896 D ACDB-LOADER: ACDB -> ACDB_CMD_GET_AUDPROC_STREAM_TABLE_V2
04-22 12:17:00.821 14602 14896 D ACDB-LOADER: ACDB -> audstrm_cal->cal_type.cal_data.cal_size = 16
04-22 12:17:00.821 14602 14896 D ACDB-LOADER: ACDB -> send_afe_topology
04-22 12:17:00.821 14602 14896 D ACDB-LOADER: ACDB -> ACDB_CMD_GET_AFE_TOPOLOGY_ID
04-22 12:17:00.821 14602 14896 D ACDB-LOADER: ACDB -> GET_AFE_TOPOLOGY_ID for adcd_id 512, Topology Id 10001ccc
04-22 12:17:00.821 14602 14896 D ACDB-LOADER: ACDB -> send_afe_cal
04-22 12:17:00.821 14602 14896 D ACDB-LOADER: ACDB -> ACDB_CMD_GET_AFE_COMMON_TABLE_SIZE
04-22 12:17:00.821 14602 14896 D ACDB-LOADER: ACDB -> ACDB_CMD_GET_AFE_COMMON_TABLE
04-22 12:17:00.821 14602 14896 D ACDB-LOADER: ACDB -> AUDIO_SET_AFE_CAL
04-22 12:17:00.821 14602 14896 D ACDB-LOADER: ACDB -> send_hw_delay : acdb_id = 512 path = 1
04-22 12:17:00.821 14602 14896 D ACDB-LOADER: ACDB -> ACDB_AVSYNC_INFO: ACDB_CMD_GET_DEVICE_PROPERTY
04-22 12:17:00.821 14602 14896 D audio_hw_primary: enable_audio_route: usecase(25) apply and update mixer path: spkr-vi-record vi-feedback
04-22 12:17:00.821 14602 14896 D audio_route: Apply path: spkr-vi-record vi-feedback
04-22 12:17:00.857 14602 14896 D msm8974_platform: Setting audio calibration for snd_device(2) acdb_id(513)
04-22 12:17:00.857 14602 14896 E ACDB-LOADER: [acdb_loader_adsp_set_audio_cal] active device/stream not found (result=-100) for topology 0x1000dffb and apptype 0x11130
04-22 12:17:00.857 14602 14896 E ACDB-LOADER: [acdb_loader_adsp_set_audio_cal] set parameters failed with status -100
04-22 12:17:00.857 14602 14896 D msm8974_platform: Setting audio calibration for snd_device(2) acdb_id(513)
04-22 12:17:00.863 14602 14896 D audio_hw_waves: print_state_log: send volume table -(0,0.000000,F),(1,0.000000,F),(2,0.036728,T),(3,0.000000,F),(4,0.000000,F),(5,0.000000,F)
04-22 12:17:00.863 14602 14896 D ACDB-LOADER: ACDB -> send_audio_cal, acdb_id = 513, path = 0, app id = 0x11130, sample rate = 48000
04-22 12:17:00.863 14602 14896 D ACDB-LOADER: ACDB -> send_asm_topology
04-22 12:17:00.863 14602 14896 D ACDB-LOADER: ACDB -> ACDB_CMD_GET_AUDPROC_STREAM_TOPOLOGY_ID
04-22 12:17:00.863 14602 14896 D ACDB-LOADER: ACDB -> send_adm_topology
04-22 12:17:00.863 14602 14896 D ACDB-LOADER: ACDB -> ACDB_CMD_GET_AUDPROC_COMMON_TOPOLOGY_ID
04-22 12:17:00.863 14602 14896 D ACDB-LOADER: ACDB -> send_audtable
04-22 12:17:00.863 14602 14896 D ACDB-LOADER: ACDB -> ACDB_CMD_GET_AUDPROC_COMMON_TABLE_SIZE
04-22 12:17:00.863 14602 14896 D ACDB-LOADER: ACDB -> ACDB_CMD_GET_AUDPROC_COMMON_TABLE
04-22 12:17:00.864 14602 14896 D ACDB-LOADER: ACDB -> AUDIO_SET_AUDPROC_CAL
04-22 12:17:00.864 14602 14896 D ACDB-LOADER: ACDB -> send_audvoltable
04-22 12:17:00.864 14602 14896 D ACDB-LOADER: ACDB -> ACDB_CMD_GET_AUDPROC_VOL_STEP_TABLE_SIZE
04-22 12:17:00.864 14602 14896 D ACDB-LOADER: ACDB -> ACDB_CMD_GET_AUDPROC_GAIN_DEP_STEP_TABLE, vol index 0
04-22 12:17:00.864 14602 14896 D android.hardware.audio.service: Failed to fetch the lookup information of the device 00000201 
04-22 12:17:00.864 14602 14896 E ACDB-LOADER: Error: ACDB AudProc vol returned = -19
04-22 12:17:00.864 14602 14896 D ACDB-LOADER: ACDB -> AUDIO_SET_VOL_CAL cal type = 12
04-22 12:17:00.864 14602 14896 D ACDB-LOADER: ACDB -> ACDB_CMD_GET_AUDPROC_STREAM_TABLE_SIZE
04-22 12:17:00.864 14602 14896 D ACDB-LOADER: ACDB -> send_audstrmtable
04-22 12:17:00.864 14602 14896 D ACDB-LOADER: ACDB -> ACDB_CMD_GET_AUDPROC_STREAM_TABLE_V2
04-22 12:17:00.864 14602 14896 D ACDB-LOADER: ACDB -> audstrm_cal->cal_type.cal_data.cal_size = 488
04-22 12:17:00.864 14602 14896 D ACDB-LOADER: ACDB -> send_afe_topology
04-22 12:17:00.864 14602 14896 D ACDB-LOADER: ACDB -> ACDB_CMD_GET_AFE_TOPOLOGY_ID
04-22 12:17:00.864 14602 14896 D ACDB-LOADER: ACDB -> GET_AFE_TOPOLOGY_ID for adcd_id 513, Topology Id 10000ccc
04-22 12:17:00.864 14602 14896 D ACDB-LOADER: ACDB -> send_afe_cal
04-22 12:17:00.864 14602 14896 D ACDB-LOADER: ACDB -> ACDB_CMD_GET_AFE_COMMON_TABLE_SIZE
04-22 12:17:00.864 14602 14896 D ACDB-LOADER: ACDB -> ACDB_CMD_GET_AFE_COMMON_TABLE
04-22 12:17:00.864 14602 14896 D ACDB-LOADER: ACDB -> AUDIO_SET_AFE_CAL
04-22 12:17:00.864 14602 14896 D ACDB-LOADER: ACDB -> send_hw_delay : acdb_id = 513 path = 0
04-22 12:17:00.864 14602 14896 D ACDB-LOADER: ACDB -> ACDB_AVSYNC_INFO: ACDB_CMD_GET_DEVICE_PROPERTY
04-22 12:17:00.864 14602 14896 D audio_hw_primary: enable_audio_route: usecase(1) apply and update mixer path: low-latency-playback speaker
04-22 12:17:00.864 14602 14896 D audio_route: Apply path: low-latency-playback speaker
04-22 12:17:00.921 14602 14896 D audio_hw_primary: out_write: retry previous failed cal level set
04-22 12:17:00.921 14602 14896 W msm8974_platform: platform_send_gain_dep_cal: Usecase list is empty
04-22 12:17:01.018  1016  1020 E statsd  : Predicate 5980654721335871649 dropping data for dimension key (10)0x2010101->10145[I] (10)0x30000->CastSocketMultiplexer_WakeLock[S] 
04-22 12:17:01.021  1016  1020 E statsd  : Predicate 5980654721335871649 dropping data for dimension key (10)0x2010101->10145[I] (10)0x30000->CastSocketMultiplexer_WakeLock[S] 
04-22 12:17:01.021  1016  1020 E statsd  : Predicate 5980654721335871649 dropping data for dimension key (10)0x2010101->10145[I] (10)0x30000->CastDeviceController-com.google.android.gms[S] 
04-22 12:17:01.023  1016  1020 E statsd  : Predicate 5980654721335871649 dropping data for dimension key (10)0x2010101->10145[I] (10)0x30000->CastDeviceController-com.google.android.gms[S] 
04-22 12:17:01.045 29001 29001 D connectedcrossroad: Data collect: SEND
04-22 12:17:01.048 29001 29001 D connectedcrossroad: Data collect: SEND
04-22 12:17:01.051 29001 29001 V data    : Payload RX: 0
04-22 12:17:01.051 29001 29001 V data    : Payload TX: 0
04-22 12:17:01.051 29001 29001 V data    : Total RX: 0
04-22 12:17:01.051 29001 29001 V data    : Total TX: 25092
04-22 12:17:01.051 29001 29001 D connectedcrossroad: sendMessage: Sent message
04-22 12:17:01.052 29001 30011 D connectedcrossroad: dataTxThread: Pulled AODV data from queue
04-22 12:17:01.052 29001 30011 D connectedcrossroad: dataTxThread: Pulled AODV data from queue
04-22 12:17:01.070  1635  2881 I system_server: oneway function results will be dropped but finished with status OK and parcel size 4
04-22 12:17:01.070 14601 14613 W APM::AudioPolicyEngine: getDevicesForStrategy() unknown strategy: -1
04-22 12:17:01.304 29001 29001 D connectedcrossroad: Data collect: SEND
04-22 12:17:01.308 29001 29001 D connectedcrossroad: Data collect: SEND
04-22 12:17:01.311 29001 29001 V data    : Payload RX: 0
04-22 12:17:01.311 29001 29001 V data    : Payload TX: 0
04-22 12:17:01.311 29001 29001 V data    : Total RX: 0
04-22 12:17:01.311 29001 29001 V data    : Total TX: 26928
04-22 12:17:01.311 29001 29001 D connectedcrossroad: sendMessage: Sent message
04-22 12:17:01.554 29001 30011 D connectedcrossroad: dataTxThread: Pulled AODV data from queue
04-22 12:17:01.554 29001 30011 I chatty  : uid=10333(com.google.location.nearby.apps.connectedcrossroad) Thread-3 identical 108 lines
04-22 12:17:01.554 29001 30011 D connectedcrossroad: dataTxThread: Pulled AODV data from queue
04-22 12:17:01.564 29001 29001 D connectedcrossroad: Data collect: SEND
04-22 12:17:01.569 29001 29001 D connectedcrossroad: Data collect: SEND
04-22 12:17:01.571 29001 29001 V data    : Payload RX: 0
04-22 12:17:01.571 29001 29001 V data    : Payload TX: 0
04-22 12:17:01.571 29001 29001 V data    : Total RX: 0
04-22 12:17:01.571 29001 29001 V data    : Total TX: 28764
04-22 12:17:01.571 29001 29001 D connectedcrossroad: sendMessage: Sent message
04-22 12:17:01.574 29001 30010 D connectedcrossroad: Data collect: SEND
04-22 12:17:01.578 29001 30010 D connectedcrossroad: Data collect: SEND
04-22 12:17:01.582 29001 30010 D connectedcrossroad: Data collect: SEND
04-22 12:17:01.824 29001 29001 D connectedcrossroad: Data collect: SEND
04-22 12:17:01.828 29001 29001 D connectedcrossroad: Data collect: SEND
04-22 12:17:01.830 29001 29001 V data    : Payload RX: 0
04-22 12:17:01.830 29001 29001 V data    : Payload TX: 0
04-22 12:17:01.831 29001 29001 V data    : Total RX: 0
04-22 12:17:01.831 29001 29001 V data    : Total TX: 32436
04-22 12:17:01.831 29001 29001 D connectedcrossroad: sendMessage: Sent message
04-22 12:17:01.849  3529 30395 I chatty  : uid=10145 com.google.android.gms.persistent expire 53 lines
04-22 12:17:02.056 29001 30011 D connectedcrossroad: dataTxThread: Pulled AODV data from queue
04-22 12:16:57.218  1635  2891 I chatty  : uid=1000(system) ConnectivitySer identical 3 lines
04-22 12:17:00.243  1635  2891 D ConnectivityService: NetReassign [no changes]
04-22 12:17:02.072  1635  2884 W NetworkPolicy: shared quota unsupported; generating rule for each iface
04-22 12:17:02.056 29001 30011 D connectedcrossroad: dataTxThread: Pulled AODV data from queue
04-22 12:17:02.084 29001 29001 D connectedcrossroad: Data collect: SEND
04-22 12:17:02.087 29001 29001 D connectedcrossroad: Data collect: SEND
04-22 12:17:02.089 29001 29001 V data    : Payload RX: 0
04-22 12:17:02.089 29001 29001 V data    : Payload TX: 0
04-22 12:17:02.089 29001 29001 V data    : Total RX: 0
04-22 12:17:02.090 29001 29001 V data    : Total TX: 34272
04-22 12:17:02.090 29001 29001 D connectedcrossroad: sendMessage: Sent message
04-22 12:17:02.091  3529 30394 I chatty  : uid=10145 com.google.android.gms.persistent expire 69 lines
04-22 12:17:02.343 29001 29001 D connectedcrossroad: Data collect: SEND
04-22 12:17:02.347 29001 29001 D connectedcrossroad: Data collect: SEND
04-22 12:17:02.348 29001 29001 V data    : Payload RX: 0
04-22 12:17:02.348 29001 29001 V data    : Payload TX: 0
04-22 12:17:02.348 29001 29001 V data    : Total RX: 0
04-22 12:17:02.349 29001 29001 V data    : Total TX: 36108
04-22 12:17:02.349 29001 29001 D connectedcrossroad: sendMessage: Sent message
04-22 12:17:02.394  1058  2949 I WifiHAL : event received NL80211_CMD_VENDOR, vendor_id = 0x1374, subcmd = 0xd
04-22 12:17:02.558 29001 30011 D connectedcrossroad: dataTxThread: Pulled AODV data from queue
04-22 12:17:02.559 29001 30011 D connectedcrossroad: dataTxThread: Pulled AODV data from queue
04-22 12:17:02.601 29001 29001 D connectedcrossroad: Data collect: SEND
04-22 12:17:02.604 29001 29001 D connectedcrossroad: Data collect: SEND
04-22 12:17:02.606 29001 29001 V data    : Payload RX: 0
04-22 12:17:02.606 29001 29001 V data    : Payload TX: 0
