04-22 11:49:05.554  1635  2891 I chatty  : uid=1000(system) ConnectivitySer identical 9 lines
04-22 11:49:08.596  1635  2891 D ConnectivityService: NetReassign [no changes]
04-22 11:49:10.467  1635  4630 W ActivityManager: Foreground service started from background can not have location/camera/microphone access: service steptracker.healthandfitness.walkingtracker.pedometer/com.drojian.stepcounter.service.CounterService
04-22 11:49:10.489  1635  6941 W ActivityManager: Foreground service started from background can not have location/camera/microphone access: service steptracker.healthandfitness.walkingtracker.pedometer/com.drojian.stepcounter.service.CounterService
04-22 11:49:10.498  1635  3038 W ActivityManager: Foreground service started from background can not have location/camera/microphone access: service steptracker.healthandfitness.walkingtracker.pedometer/com.drojian.stepcounter.service.CounterService
04-22 11:49:11.619  1635  2891 D ConnectivityService: NetReassign [no changes]
04-22 11:49:44.950  1635  2891 I chatty  : uid=1000(system) ConnectivitySer identical 11 lines
04-22 11:49:47.985  1635  2891 D ConnectivityService: NetReassign [no changes]
04-22 11:49:49.329  1635  1755 W EntropyMixer: Failed to add HW RNG output to entropy pool
04-22 11:49:49.329  1635  1755 W EntropyMixer: java.io.FileNotFoundException: /dev/hw_random: open failed: EACCES (Permission denied)
04-22 11:49:49.329  1635  1755 W EntropyMixer: 	at libcore.io.IoBridge.open(IoBridge.java:492)
04-22 11:49:49.329  1635  1755 W EntropyMixer: 	at java.io.FileInputStream.<init>(FileInputStream.java:160)
04-22 11:49:49.329  1635  1755 W EntropyMixer: 	at java.io.FileInputStream.<init>(FileInputStream.java:115)
04-22 11:49:49.329  1635  1755 W EntropyMixer: 	at com.android.server.RandomBlock.fromFile(RandomBlock.java:45)
04-22 11:49:49.329  1635  1755 W EntropyMixer: 	at com.android.server.EntropyMixer.addHwRandomEntropy(EntropyMixer.java:205)
04-22 11:49:49.329  1635  1755 W EntropyMixer: 	at com.android.server.EntropyMixer.access$000(EntropyMixer.java:59)
04-22 11:49:49.329  1635  1755 W EntropyMixer: 	at com.android.server.EntropyMixer$1.handleMessage(EntropyMixer.java:83)
04-22 11:49:49.329  1635  1755 W EntropyMixer: 	at android.os.Handler.dispatchMessage(Handler.java:106)
04-22 11:49:49.329  1635  1755 W EntropyMixer: 	at android.os.Looper.loop(Looper.java:223)
04-22 11:49:49.329  1635  1755 W EntropyMixer: 	at android.os.HandlerThread.run(HandlerThread.java:67)
04-22 11:49:49.329  1635  1755 W EntropyMixer: 	at com.android.server.ServiceThread.run(ServiceThread.java:44)
04-22 11:49:49.329  1635  1755 W EntropyMixer: Caused by: android.system.ErrnoException: open failed: EACCES (Permission denied)
04-22 11:49:49.329  1635  1755 W EntropyMixer: 	at libcore.io.Linux.open(Native Method)
04-22 11:49:49.329  1635  1755 W EntropyMixer: 	at libcore.io.ForwardingOs.open(ForwardingOs.java:166)
04-22 11:49:49.329  1635  1755 W EntropyMixer: 	at libcore.io.BlockGuardOs.open(BlockGuardOs.java:254)
04-22 11:49:49.329  1635  1755 W EntropyMixer: 	at libcore.io.IoBridge.open(IoBridge.java:478)
04-22 11:49:49.329  1635  1755 W EntropyMixer: 	... 10 more
04-22 11:49:49.329  1635  1755 I EntropyMixer: Writing entropy...
04-22 11:49:51.026  1635  2891 D ConnectivityService: NetReassign [no changes]
04-22 11:49:51.908  1635  6941 I ActivityManager: Force stopping com.google.location.nearby.apps.connectedcrossroad appid=10333 user=0: from pid 24435
04-22 11:49:51.922  1635  1775 W BroadcastQueue: Background execution not allowed: receiving Intent { act=android.intent.action.PACKAGE_RESTARTED dat=package:com.google.location.nearby.apps.connectedcrossroad flg=0x10 (has extras) } to steptracker.healthandfitness.walkingtracker.pedometer/com.drojian.stepcounter.receiver.PedometerReceiver
04-22 11:49:51.922  1635  1775 W BroadcastQueue: Background execution not allowed: receiving Intent { act=android.intent.action.PACKAGE_RESTARTED dat=package:com.google.location.nearby.apps.connectedcrossroad flg=0x10 (has extras) } to steptracker.healthandfitness.walkingtracker.pedometer/com.drojian.servicekeeper.receiver.BootReceiver
04-22 11:49:54.061  1635  2891 D ConnectivityService: NetReassign [no changes]
04-22 11:49:54.065  1635  1771 I UsageStatsService: User[0] Flushing usage stats to disk
04-22 11:49:55.808  1635  1878 I PackageManager: Integrity check passed for file:///data/app/vmdl947008187.tmp
04-22 11:49:55.835  1635  1878 I PackageManager: Update package com.google.location.nearby.apps.connectedcrossroad code path from /data/app/~~MKM7iTWsj6Fnh0jKDW4bOQ==/com.google.location.nearby.apps.connectedcrossroad--RMNEoDTVOE8uK1FRc3jQg== to /data/app/~~U7v4FnWtG78aGUvsm0lFqA==/com.google.location.nearby.apps.connectedcrossroad-nNFvIycvct_AQ1sk-Z2nFg==; Retain data and using new
04-22 11:49:55.835  1635  1878 I PackageManager: Update package com.google.location.nearby.apps.connectedcrossroad resource path from /data/app/~~MKM7iTWsj6Fnh0jKDW4bOQ==/com.google.location.nearby.apps.connectedcrossroad--RMNEoDTVOE8uK1FRc3jQg== to /data/app/~~U7v4FnWtG78aGUvsm0lFqA==/com.google.location.nearby.apps.connectedcrossroad-nNFvIycvct_AQ1sk-Z2nFg==; Retain data and using new
04-22 11:49:55.850  1635  1878 D CompatibilityChangeReporter: Compat change id reported: 135549675; UID 10333; state: DISABLED
04-22 11:49:55.990  1635  1775 W BroadcastQueue: Background execution not allowed: receiving Intent { act=android.intent.action.PACKAGE_REMOVED dat=package:com.google.location.nearby.apps.connectedcrossroad flg=0x4000010 (has extras) } to com.android.vending/com.google.android.finsky.packagemanager.impl.PackageMonitorReceiverImpl$RegisteredReceiver
04-22 11:49:55.990  1635  1775 W BroadcastQueue: Background execution not allowed: receiving Intent { act=android.intent.action.PACKAGE_REMOVED dat=package:com.google.location.nearby.apps.connectedcrossroad flg=0x4000010 (has extras) } to com.android.vending/com.google.android.finsky.instantapps.appmanagement.InstantAppRemoveMonitor
04-22 11:49:55.990  1635  1775 W BroadcastQueue: Background execution not allowed: receiving Intent { act=android.intent.action.PACKAGE_REMOVED dat=package:com.google.location.nearby.apps.connectedcrossroad flg=0x4000010 (has extras) } to com.google.android.gms/.games.chimera.GamesSystemBroadcastReceiverProxy
04-22 11:49:56.025  1635  1775 W BroadcastQueue: Background execution not allowed: receiving Intent { act=android.intent.action.PACKAGE_REMOVED dat=package:com.google.location.nearby.apps.connectedcrossroad flg=0x4000010 (has extras) } to com.google.android.gms/.chimera.GmsIntentOperationService$PersistentTrustedReceiver
04-22 11:49:56.025  1635  1775 W BroadcastQueue: Background execution not allowed: receiving Intent { act=android.intent.action.PACKAGE_REMOVED dat=package:com.google.location.nearby.apps.connectedcrossroad flg=0x4000010 (has extras) } to com.google.android.googlequicksearchbox/com.google.android.apps.gsa.googlequicksearchbox.GelStubAppWatcher
04-22 11:49:56.026  1635  1775 W BroadcastQueue: Background execution not allowed: receiving Intent { act=android.intent.action.PACKAGE_REMOVED dat=package:com.google.location.nearby.apps.connectedcrossroad flg=0x4000010 (has extras) } to com.facebook.katana/com.facebook.feed.platformads.AppInstallReceiver
04-22 11:49:56.026  1635  1775 W BroadcastQueue: Background execution not allowed: receiving Intent { act=android.intent.action.PACKAGE_REMOVED dat=package:com.google.location.nearby.apps.connectedcrossroad flg=0x4000010 (has extras) } to com.jaga.ibraceletplus.smartwristband3/com.yc.pedometer.keepalive.KeepAliveReceiver
04-22 11:49:56.026  1635  1775 W BroadcastQueue: Background execution not allowed: receiving Intent { act=android.intent.action.PACKAGE_REMOVED dat=package:com.google.location.nearby.apps.connectedcrossroad flg=0x4000010 (has extras) } to com.microsoft.appmanager/.receiver.InstallUninstallReceiver
04-22 11:49:56.026  1635  1775 W BroadcastQueue: Background execution not allowed: receiving Intent { act=android.intent.action.PACKAGE_REMOVED dat=package:com.google.location.nearby.apps.connectedcrossroad flg=0x4000010 (has extras) } to com.microsoft.appmanager/com.microsoft.mmx.continuity.receiver.InstallUninstallReceiver
04-22 11:49:56.026  1635  1775 W BroadcastQueue: Background execution not allowed: receiving Intent { act=android.intent.action.PACKAGE_REMOVED dat=package:com.google.location.nearby.apps.connectedcrossroad flg=0x4000010 (has extras) } to com.microsoft.emmx/com.microsoft.mmx.continuity.receiver.InstallUninstallReceiver
04-22 11:49:56.027  1635  1775 W BroadcastQueue: Background execution not allowed: receiving Intent { act=android.intent.action.PACKAGE_ADDED dat=package:com.google.location.nearby.apps.connectedcrossroad flg=0x4000010 (has extras) } to com.google.android.packageinstaller/com.android.packageinstaller.PackageInstalledReceiver
04-22 11:49:56.027  1635  1775 W BroadcastQueue: Background execution not allowed: receiving Intent { act=android.intent.action.PACKAGE_ADDED dat=package:com.google.location.nearby.apps.connectedcrossroad flg=0x4000010 (has extras) } to com.android.vending/com.google.android.finsky.packagemanager.impl.PackageMonitorReceiverImpl$RegisteredReceiver
04-22 11:49:56.099  1635  1775 W BroadcastQueue: Background execution not allowed: receiving Intent { act=android.intent.action.PACKAGE_ADDED dat=package:com.google.location.nearby.apps.connectedcrossroad flg=0x4000010 (has extras) } to com.google.android.gms/.games.chimera.GamesSystemBroadcastReceiverProxy
04-22 11:49:56.108  1635  4613 I ActivityTaskManager: START u0 {act=android.intent.action.MAIN cat=[android.intent.category.LAUNCHER] flg=0x10000000 cmp=com.google.location.nearby.apps.connectedcrossroad/nx.aodv.eval.MainActivity} from uid 2000
04-22 11:49:56.132  1635  1775 W BroadcastQueue: Background execution not allowed: receiving Intent { act=android.intent.action.PACKAGE_ADDED dat=package:com.google.location.nearby.apps.connectedcrossroad flg=0x4000010 (has extras) } to com.google.android.gms/.gass.chimera.PackageChangeBroadcastReceiver
04-22 11:49:56.183  1635  1635 I Telecom : DefaultDialerCache: Refreshing default dialer for user 0: now com.google.android.dialer: DDC.oR@Bbs
04-22 11:49:56.215  1635  1775 W BroadcastQueue: Background execution not allowed: receiving Intent { act=android.intent.action.PACKAGE_ADDED dat=package:com.google.location.nearby.apps.connectedcrossroad flg=0x4000010 (has extras) } to com.google.android.gms/.chimera.GmsIntentOperationService$PersistentTrustedReceiver
04-22 11:49:56.223  1635  1635 V BackupManagerConstants: getFullBackupIntervalMilliseconds(...) returns 86400000
04-22 11:49:56.223  1635  1635 V BackupManagerConstants: getFullBackupRequiredNetworkType(...) returns 2
04-22 11:49:56.223  1635  1635 V BackupManagerConstants: getFullBackupRequireCharging(...) returns true
04-22 11:49:56.223  1635  1756 D CompatibilityChangeReporter: Compat change id reported: 135634846; UID 10333; state: DISABLED
04-22 11:49:56.224  1635  1776 D CompatibilityChangeReporter: Compat change id reported: 143937733; UID 10333; state: DISABLED
04-22 11:49:56.227  1635  1752 W Looper  : Slow dispatch took 127ms android.fg h=android.os.Handler c=<recycled PooledLambda@e2f71de> m=0
04-22 11:49:56.243  1635  1775 W BroadcastQueue: Background execution not allowed: receiving Intent { act=android.intent.action.PACKAGE_ADDED dat=package:com.google.location.nearby.apps.connectedcrossroad flg=0x4000010 (has extras) } to com.google.android.googlequicksearchbox/com.google.android.apps.gsa.googlequicksearchbox.GelStubAppWatcher
04-22 11:49:56.250  1635  1776 I ActivityManager: Start proc 24484:com.google.location.nearby.apps.connectedcrossroad/u0a333 for pre-top-activity {com.google.location.nearby.apps.connectedcrossroad/nx.aodv.eval.MainActivity}
04-22 11:49:56.253  1635  1775 W BroadcastQueue: Background execution not allowed: receiving Intent { act=android.intent.action.PACKAGE_ADDED dat=package:com.google.location.nearby.apps.connectedcrossroad flg=0x4000010 (has extras) } to com.facebook.katana/com.facebook.feed.platformads.AppInstallReceiver
04-22 11:49:56.253  1635  1775 W BroadcastQueue: Background execution not allowed: receiving Intent { act=android.intent.action.PACKAGE_ADDED dat=package:com.google.location.nearby.apps.connectedcrossroad flg=0x4000010 (has extras) } to com.jaga.ibraceletplus.smartwristband3/com.yc.pedometer.keepalive.KeepAliveReceiver
04-22 11:49:56.253  1635  1775 W BroadcastQueue: Background execution not allowed: receiving Intent { act=android.intent.action.PACKAGE_ADDED dat=package:com.google.location.nearby.apps.connectedcrossroad flg=0x4000010 (has extras) } to com.microsoft.appmanager/.receiver.InstallUninstallReceiver
04-22 11:49:56.253  1635  1775 W BroadcastQueue: Background execution not allowed: receiving Intent { act=android.intent.action.PACKAGE_ADDED dat=package:com.google.location.nearby.apps.connectedcrossroad flg=0x4000010 (has extras) } to com.microsoft.appmanager/com.microsoft.mmx.continuity.receiver.InstallUninstallReceiver
04-22 11:49:56.253  1635  1775 W BroadcastQueue: Background execution not allowed: receiving Intent { act=android.intent.action.PACKAGE_ADDED dat=package:com.google.location.nearby.apps.connectedcrossroad flg=0x4000010 (has extras) } to com.microsoft.emmx/com.microsoft.mmx.continuity.receiver.InstallUninstallReceiver
04-22 11:49:56.254  1635  1635 W Looper  : Slow delivery took 220ms main h=com.android.server.accessibility.AccessibilityManagerService$MainHandler c=<recycled PooledLambda@a55eb24> m=0
04-22 11:49:56.298  1635  1635 W Looper  : Drained
04-22 11:49:56.306  1635 11490 W BroadcastQueue: Background execution not allowed: receiving Intent { act=android.intent.action.PACKAGE_REPLACED dat=package:com.google.location.nearby.apps.connectedcrossroad flg=0x4000010 (has extras) } to com.google.android.gms/.gass.chimera.PackageChangeBroadcastReceiver
04-22 11:49:56.311  1635  1775 W BroadcastQueue: Background execution not allowed: receiving Intent { act=android.intent.action.PACKAGE_REPLACED dat=package:com.google.location.nearby.apps.connectedcrossroad flg=0x4000010 (has extras) } to com.google.android.gms/.chimera.GmsIntentOperationService$PersistentTrustedReceiver
04-22 11:49:56.311  1635  1775 W BroadcastQueue: Background execution not allowed: receiving Intent { act=android.intent.action.PACKAGE_REPLACED dat=package:com.google.location.nearby.apps.connectedcrossroad flg=0x4000010 (has extras) } to com.google.android.googlequicksearchbox/com.google.android.apps.gsa.googlequicksearchbox.GelStubAppWatcher
04-22 11:49:56.311  1635  1775 W BroadcastQueue: Background execution not allowed: receiving Intent { act=android.intent.action.PACKAGE_REPLACED dat=package:com.google.location.nearby.apps.connectedcrossroad flg=0x4000010 (has extras) } to com.infonow.bofa/com.bofa.ecom.marvel.application.BofaPackageUpdateReceiver
04-22 11:49:56.363  1635  1775 W BroadcastQueue: Background execution not allowed: receiving Intent { act=android.intent.action.PACKAGE_REPLACED dat=package:com.google.location.nearby.apps.connectedcrossroad flg=0x4000010 (has extras) } to com.microsoft.appmanager/com.microsoft.mmx.continuity.receiver.InstallUninstallReceiver
04-22 11:49:56.367  1635  1775 W BroadcastQueue: Background execution not allowed: receiving Intent { act=android.intent.action.PACKAGE_REPLACED dat=package:com.google.location.nearby.apps.connectedcrossroad flg=0x4000010 (has extras) } to com.microsoft.emmx/com.microsoft.mmx.continuity.receiver.InstallUninstallReceiver
04-22 11:49:56.370  1635  1775 W BroadcastQueue: Background execution not allowed: receiving Intent { act=android.intent.action.PACKAGE_REPLACED dat=package:com.google.location.nearby.apps.connectedcrossroad flg=0x4000010 (has extras) } to steptracker.healthandfitness.walkingtracker.pedometer/com.drojian.stepcounter.receiver.PedometerReceiver
04-22 11:49:56.372  1635  1775 W BroadcastQueue: Background execution not allowed: receiving Intent { act=android.intent.action.PACKAGE_REPLACED dat=package:com.google.location.nearby.apps.connectedcrossroad flg=0x4000010 (has extras) } to steptracker.healthandfitness.walkingtracker.pedometer/com.drojian.servicekeeper.receiver.BootReceiver
04-22 11:49:56.453  1635  1752 W Looper  : Slow delivery took 258ms android.fg h=android.os.Handler c=<recycled PooledLambda@4858791> m=0
04-22 11:49:56.559  1635  1752 W Looper  : Slow dispatch took 105ms android.fg h=android.os.Handler c=<recycled PooledLambda@64ca6d5> m=0
04-22 11:49:56.596  1635  2884 W NetworkPolicy: shared quota unsupported; generating rule for each iface
04-22 11:49:56.610  1635  1635 W Looper  : Slow dispatch took 246ms main h=com.android.server.job.JobSchedulerService$JobHandler c=null m=6
04-22 11:49:56.610  1635  1635 W Looper  : Slow delivery took 248ms main h=com.android.server.job.JobSchedulerService$JobHandler c=null m=4
04-22 11:49:56.618  1635  1635 W Looper  : Drained
04-22 11:49:56.832  1635  1752 W Looper  : Slow dispatch took 123ms android.fg h=android.os.Handler c=<recycled PooledLambda@2ebbb5d> m=0
04-22 11:49:56.935  1635  1752 W Looper  : Slow dispatch took 104ms android.fg h=android.os.Handler c=<recycled PooledLambda@cb8e5dd> m=0
04-22 11:49:56.959  1635  4630 D CompatibilityChangeReporter: Compat change id reported: 136274596; UID 10333; state: DISABLED
04-22 11:49:57.087  1635  2891 D ConnectivityService: NetReassign [no changes]
04-22 11:49:57.223  1635  2891 D Nat464Xlat: clatd running, updating NAI for v4-rmnet_data2
04-22 11:49:57.274  1635  1752 W Looper  : Slow dispatch took 106ms android.fg h=android.os.Handler c=<recycled PooledLambda@25d1fe6> m=0
04-22 11:49:57.673  1635  1752 W Looper  : Drained
04-22 11:49:58.272  1635  2884 W NetworkPolicy: shared quota unsupported; generating rule for each iface
04-22 11:49:58.841  1635  2884 I chatty  : uid=1000(system) NetworkPolicy identical 3 lines
04-22 11:49:59.242  1635  2884 W NetworkPolicy: shared quota unsupported; generating rule for each iface
04-22 11:49:59.563  1635  4613 E SystemServiceRegistry: Manager wrapper not available: face
04-22 11:49:59.566  1635  4613 I StatsPullAtomService: No runtime appop access message collected
04-22 11:49:59.566  1635  1775 I DropBoxManagerService: add tag=system_server_wtf isTagEnabled=true flags=0x2
04-22 11:49:59.673  1635  4613 W SettingsStatsUtil: Can not parse value to float: gps,network
04-22 11:50:00.089  1635  2891 D ConnectivityService: NetReassign [no changes]
04-22 11:50:01.585  1635  1775 W BroadcastQueue: Background execution not allowed: receiving Intent { act=android.intent.action.DROPBOX_ENTRY_ADDED flg=0x10 (has extras) } to com.google.android.gms/.stats.service.DropBoxEntryAddedReceiver
04-22 11:50:01.586  1635  1775 W BroadcastQueue: Background execution not allowed: receiving Intent { act=android.intent.action.DROPBOX_ENTRY_ADDED flg=0x10 (has extras) } to com.google.android.gms/.chimera.GmsIntentOperationService$PersistentTrustedReceiver
04-22 11:50:03.116  1635  2891 D ConnectivityService: NetReassign [no changes]
04-22 11:50:06.159  1635  2891 D ConnectivityService: NetReassign [no changes]
04-22 11:50:08.646  1635  8900 W ActivityManager: stopServiceToken startId 14 is last, but have 1 remaining args
04-22 11:50:09.184  1635  2891 D ConnectivityService: NetReassign [no changes]
04-22 11:50:09.339  1635  1635 I SoundTriggerHelper: Recognition success
04-22 11:50:09.341  4561  8436 I AlwaysOnHotwordDetector: onDetected
04-22 11:50:10.799  1635  3046 I SoundTriggerHelper: startRecognition successful.
04-22 11:50:12.221  1635  2891 D ConnectivityService: NetReassign [no changes]
04-22 11:50:24.327  1635  2891 I chatty  : uid=1000(system) ConnectivitySer identical 4 lines
04-22 11:50:27.337  1635  2891 D ConnectivityService: NetReassign [no changes]
04-22 11:50:28.714  1635  1635 D BluetoothManagerService: Bluetooth Adapter name changed to InUxbDJbye0AAAAAAAAAATE
04-22 11:50:28.714  1635  1635 D BluetoothManagerService: Stored Bluetooth name: InUxbDJbye0AAAAAAAAAATE
04-22 11:50:29.051  1635  2893 D NsdService: Register service
04-22 11:50:29.051  1635  2893 D NsdService: registerService: 28 name: InUxbDJbye0AAA, type: _5BC9ED5E6C75._tcp, host: null, port: 38067, txtRecord: n=MQIPv4=192.168.1.17
04-22 11:50:29.051  1635  2893 D NsdService: mdnssd [register, 28, InUxbDJbye0AAA, _5BC9ED5E6C75._tcp, 38067, BG49TVERSVB2ND0xOTIuMTY4LjEuMTc=]
04-22 11:50:29.053  1635  2893 D NsdService: Register 28 28
04-22 11:50:29.698  1635  2893 D NsdService: Native daemon message SERVICE_REGISTERED: 606 28 "InUxbDJbye0AAA"
04-22 11:50:29.705  1635  3046 E AppOps  : attributionTag com.google.android.gms.nearby not declared in manifest of com.google.location.nearby.apps.connectedcrossroad
04-22 11:50:30.348  1635  2891 D ConnectivityService: NetReassign [no changes]
04-22 11:50:42.399  1635  2891 I chatty  : uid=1000(system) ConnectivitySer identical 4 lines
04-22 11:50:45.419  1635  2891 D ConnectivityService: NetReassign [no changes]
04-22 11:50:46.397  1635  1775 I ActivityManager: Waited long enough for: ServiceRecord{5c0477d u0 com.google.android.googlequicksearchbox/com.google.android.apps.gsa.shared.util.keepalive.StandaloneKeepAlive$KeepAliveService}
04-22 11:50:48.440  1635  2891 D ConnectivityService: NetReassign [no changes]
04-22 11:50:54.503  1635  2891 I chatty  : uid=1000(system) ConnectivitySer identical 2 lines
04-22 11:50:57.522  1635  2891 D ConnectivityService: NetReassign [no changes]
04-22 11:50:58.154  1635  1775 D CompatibilityChangeReporter: Compat change id reported: 135634846; UID 10230; state: DISABLED
04-22 11:50:58.154  1635  1776 D CompatibilityChangeReporter: Compat change id reported: 143937733; UID 10230; state: DISABLED
04-22 11:50:58.176  1635  1776 I ActivityManager: Start proc 24709:com.discord/u0a230 for broadcast {com.discord/com.google.firebase.iid.FirebaseInstanceIdReceiver}
04-22 11:50:59.318  1635  1635 D NotificationService: 0|com.discord|1344243413|null|10230: granting content://settings/system/notification_sound
04-22 11:50:59.319  1635  1635 I chatty  : uid=1000 system_server identical 4 lines
04-22 11:50:59.319  1635  1635 D NotificationService: 0|com.discord|1344243413|null|10230: granting content://settings/system/notification_sound
04-22 11:50:59.320  1635  1635 W NotificationHistory: Attempted to add notif for locked/gone/disabled user 0
04-22 11:51:00.542  1635  2891 D ConnectivityService: NetReassign [no changes]
--------- beginning of main
04-22 11:51:09.605  1016  1020 E statsd  : Predicate 5980654721335871649 dropping data for dimension key (10)0x2010101->10145[I] (10)0x30000->CastSocketMultiplexer_WakeLock[S] 
04-22 11:51:09.637  1016  1020 E statsd  : Predicate 5980654721335871649 dropping data for dimension key (10)0x2010101->10145[I] (10)0x30000->CastSocketMultiplexer_WakeLock[S] 
04-22 11:51:09.638  1016  1020 E statsd  : Predicate 5980654721335871649 dropping data for dimension key (10)0x2010101->10145[I] (10)0x30000->CastDeviceController-com.google.android.gms[S] 
04-22 11:51:09.641  1016  1020 E statsd  : Predicate 5980654721335871649 dropping data for dimension key (10)0x2010101->10145[I] (10)0x30000->CastDeviceController-com.google.android.gms[S] 
04-22 11:51:10.716 24484 24631 D connectedcrossroad: Data collect: SEND
04-22 11:51:10.719 24484 24631 D connectedcrossroad: Data collect: SEND
04-22 11:51:10.724 24484 24636 V connectedcrossroad: Data collect: HELO
04-22 11:51:10.725 24484 24636 V data    : Payload RX: 0
04-22 11:51:10.725 24484 24636 V data    : Payload TX: 0
04-22 11:51:10.725 24484 24636 V data    : Total RX: 14076
04-22 11:51:10.725 24484 24636 V data    : Total TX: 18360
04-22 11:51:11.232 24484 24636 V connectedcrossroad: Data collect: HELO
04-22 11:51:11.232 24484 24636 V data    : Payload RX: 0
04-22 11:51:11.232 24484 24636 V data    : Payload TX: 0
04-22 11:51:11.232 24484 24636 V data    : Total RX: 14688
04-22 11:51:11.232 24484 24636 V data    : Total TX: 18360
04-22 11:51:11.584  1058  2949 I WifiHAL : event received NL80211_CMD_VENDOR, vendor_id = 0x1374, subcmd = 0xd
04-22 11:51:12.593 24484 24636 V connectedcrossroad: Data collect: HELO
04-22 11:51:12.593 24484 24636 V data    : Payload RX: 0
04-22 11:51:12.593 24484 24636 V data    : Payload TX: 0
04-22 11:51:12.593 24484 24636 V data    : Total RX: 15300
04-22 11:51:12.593 24484 24636 V data    : Total TX: 18360
04-22 11:51:12.721 24484 24631 D connectedcrossroad: Data collect: SEND
04-22 11:51:12.724 24484 24631 D connectedcrossroad: Data collect: SEND
04-22 11:51:13.309 24484 24636 V connectedcrossroad: Data collect: HELO
04-22 11:51:13.309 24484 24636 V data    : Payload RX: 0
04-22 11:51:13.309 24484 24636 V data    : Payload TX: 0
04-22 11:51:13.309 24484 24636 V data    : Total RX: 15912
04-22 11:51:13.309 24484 24636 V data    : Total TX: 20196
04-22 11:51:13.427  2959  3071 D bt_btif_config: btif_get_device_type: Device [cc:0d:f2:75:2d:ba] type 1
04-22 11:51:13.478  1057  1057 W radioext@1.0-se: type=1400 audit(0.0:10571): avc: denied { search } for name="radio" dev="dm-8" ino=174 scontext=u:r:hal_radioext_default:s0 tcontext=u:object_r:radio_vendor_data_file:s0 tclass=dir permissive=0
04-22 11:51:13.481  3258  3258 D GRIL-S  : [6911]> UPDATE_REGULATORY_DOMAIN
04-22 11:51:13.482  3258  4164 D GRIL-S  : [6911]< UPDATE_REGULATORY_DOMAIN 
04-22 11:51:13.587  1058  2949 I WifiHAL : event received NL80211_CMD_VENDOR, vendor_id = 0x1374, subcmd = 0xd
04-22 11:51:14.437  2959  3071 D bt_btif_config: btif_get_device_type: Device [4d:a5:6d:52:f5:6b] type 2
04-22 11:51:14.587 24484 24636 V connectedcrossroad: Data collect: HELO
04-22 11:51:14.588 24484 24636 V data    : Payload RX: 0
04-22 11:51:14.588 24484 24636 V data    : Payload TX: 0
04-22 11:51:14.588 24484 24636 V data    : Total RX: 16524
04-22 11:51:14.588 24484 24636 V data    : Total TX: 20196
04-22 11:51:14.727 24484 24631 D connectedcrossroad: Data collect: SEND
04-22 11:51:14.729 24484 24631 D connectedcrossroad: Data collect: SEND
04-22 11:51:14.760  3529 24640 I chatty  : uid=10145 com.google.android.gms.persistent expire 87 lines
04-22 11:51:14.760  3529 24679 I chatty  : uid=10145 com.google.android.gms.persistent expire 81 lines
04-22 11:51:15.001 23533 23907 W System.err: java.net.UnknownHostException: Unable to resolve host "api.appodealx.com": No address associated with hostname
04-22 11:51:15.002 23533 23907 W System.err: 	at java.net.Inet6AddressImpl.lookupHostByName(Inet6AddressImpl.java:156)
04-22 11:51:15.002 23533 23907 W System.err: 	at java.net.Inet6AddressImpl.lookupAllHostAddr(Inet6AddressImpl.java:103)
04-22 11:51:15.002 23533 23907 W System.err: 	at java.net.InetAddress.getAllByName(InetAddress.java:1152)
04-22 11:51:15.002 23533 23907 W System.err: 	at com.android.okhttp.Dns$1.lookup(Dns.java:41)
04-22 11:51:15.002 23533 23907 W System.err: 	at com.android.okhttp.internal.http.RouteSelector.resetNextInetSocketAddress(RouteSelector.java:178)
04-22 11:51:15.002 23533 23907 W System.err: 	at com.android.okhttp.internal.http.RouteSelector.nextProxy(RouteSelector.java:144)
04-22 11:51:15.003 23533 23907 W System.err: 	at com.android.okhttp.internal.http.RouteSelector.next(RouteSelector.java:86)
04-22 11:51:15.003 23533 23907 W System.err: 	at com.android.okhttp.internal.http.StreamAllocation.findConnection(StreamAllocation.java:176)
04-22 11:51:15.003 23533 23907 W System.err: 	at com.android.okhttp.internal.http.StreamAllocation.findHealthyConnection(StreamAllocation.java:128)
04-22 11:51:15.003 23533 23907 W System.err: 	at com.android.okhttp.internal.http.StreamAllocation.newStream(StreamAllocation.java:97)
04-22 11:51:15.003 23533 23907 W System.err: 	at com.android.okhttp.internal.http.HttpEngine.connect(HttpEngine.java:289)
04-22 11:51:15.003 23533 23907 W System.err: 	at com.android.okhttp.internal.http.HttpEngine.sendRequest(HttpEngine.java:232)
04-22 11:51:15.003 23533 23907 W System.err: 	at com.android.okhttp.internal.huc.HttpURLConnectionImpl.execute(HttpURLConnectionImpl.java:465)
04-22 11:51:15.003 23533 23907 W System.err: 	at com.android.okhttp.internal.huc.HttpURLConnectionImpl.connect(HttpURLConnectionImpl.java:131)
04-22 11:51:15.003 23533 23907 W System.err: 	at com.android.okhttp.internal.huc.HttpURLConnectionImpl.getOutputStream(HttpURLConnectionImpl.java:262)
04-22 11:51:15.003 23533 23907 W System.err: 	at com.android.okhttp.internal.huc.DelegatingHttpsURLConnection.getOutputStream(DelegatingHttpsURLConnection.java:219)
04-22 11:51:15.003 23533 23907 W System.err: 	at com.android.okhttp.internal.huc.HttpsURLConnectionImpl.getOutputStream(HttpsURLConnectionImpl.java:30)
04-22 11:51:15.003 23533 23907 W System.err: 	at io.bidmachine.core.NetworkRequest.process(NetworkRequest.java:10)
04-22 11:51:15.003 23533 23907 W System.err: 	at io.bidmachine.core.NetworkRequest.access$100(NetworkRequest.java:1)
04-22 11:51:15.003 23533 23907 W System.err: 	at io.bidmachine.core.NetworkRequest$c.run(NetworkRequest.java:1)
04-22 11:51:15.003 23533 23907 W System.err: 	at java.util.concurrent.ThreadPoolExecutor.runWorker(ThreadPoolExecutor.java:1167)
04-22 11:51:15.003 23533 23907 W System.err: 	at java.util.concurrent.ThreadPoolExecutor$Worker.run(ThreadPoolExecutor.java:641)
04-22 11:51:15.004 23533 23907 W System.err: 	at java.lang.Thread.run(Thread.java:923)
04-22 11:51:15.005 23533 23907 W System.err: Caused by: android.system.GaiException: android_getaddrinfo failed: EAI_NODATA (No address associated with hostname)
04-22 11:51:15.005 23533 23907 W System.err: 	at libcore.io.Linux.android_getaddrinfo(Native Method)
04-22 11:51:15.005 23533 23907 W System.err: 	at libcore.io.ForwardingOs.android_getaddrinfo(ForwardingOs.java:73)
04-22 11:51:15.005 23533 23907 W System.err: 	at libcore.io.BlockGuardOs.android_getaddrinfo(BlockGuardOs.java:202)
04-22 11:51:15.005 23533 23907 W System.err: 	at libcore.io.ForwardingOs.android_getaddrinfo(ForwardingOs.java:73)
04-22 11:51:15.005 23533 23907 W System.err: 	at java.net.Inet6AddressImpl.lookupHostByName(Inet6AddressImpl.java:135)
04-22 11:51:15.005 23533 23907 W System.err: 	... 22 more
04-22 11:51:15.224 24484 24636 V connectedcrossroad: Data collect: HELO
04-22 11:51:15.224 24484 24636 V data    : Payload RX: 0
04-22 11:51:15.224 24484 24636 V data    : Payload TX: 0
04-22 11:51:15.224 24484 24636 V data    : Total RX: 17136
04-22 11:51:15.224 24484 24636 V data    : Total TX: 22032
04-22 11:51:15.589  1058  2949 I WifiHAL : event received NL80211_CMD_VENDOR, vendor_id = 0x1374, subcmd = 0xd
04-22 11:51:15.611  1016  1020 E statsd  : Predicate 5980654721335871649 dropping data for dimension key (10)0x2010101->10145[I] (10)0x30000->CastSocketMultiplexer_WakeLock[S] 
04-22 11:51:15.697  1016  1020 E statsd  : Predicate 5980654721335871649 dropping data for dimension key (10)0x2010101->10145[I] (10)0x30000->CastSocketMultiplexer_WakeLock[S] 
04-22 11:51:15.698  1016  1020 E statsd  : Predicate 5980654721335871649 dropping data for dimension key (10)0x2010101->10145[I] (10)0x30000->CastDeviceController-com.google.android.gms[S] 
04-22 11:51:15.700  1016  1020 E statsd  : Predicate 5980654721335871649 dropping data for dimension key (10)0x2010101->10145[I] (10)0x30000->CastDeviceController-com.google.android.gms[S] 
04-22 11:51:15.710  4451  4451 I chatty  : uid=10324(com.jaga.ibraceletplus.smartwristband3) expire 23 lines
04-22 11:51:16.597 24484 24636 V connectedcrossroad: Data collect: HELO
04-22 11:51:16.598 24484 24636 V data    : Payload RX: 0
04-22 11:51:16.598 24484 24636 V data    : Payload TX: 0
04-22 11:51:16.598 24484 24636 V data    : Total RX: 17748
04-22 11:51:16.598 24484 24636 V data    : Total TX: 22032
04-22 11:51:16.732 24484 24631 D connectedcrossroad: Data collect: SEND
04-22 11:51:16.734 24484 24631 D connectedcrossroad: Data collect: SEND
04-22 11:51:17.204 24484 24636 V connectedcrossroad: Data collect: HELO
04-22 11:51:17.204 24484 24636 V data    : Payload RX: 0
04-22 11:51:17.205 24484 24636 V data    : Payload TX: 0
04-22 11:51:17.205 24484 24636 V data    : Total RX: 18360
04-22 11:51:17.205 24484 24636 V data    : Total TX: 23868
04-22 11:51:17.483  2959  2976 D BluetoothAdapterService: startDiscovery
04-22 11:51:17.485  2959  3615 W bt_btif : bta_dm_check_av:2
04-22 11:51:17.486  2959  3615 W bt_btif : [0]: state:1, info:x0, avoid_rs 1
04-22 11:51:17.486  2959  3615 W bt_btif : [1]: state:1, info:x0, avoid_rs 1
04-22 11:51:17.486  2959  3615 W bt_btif : [2]: state:1, info:x0, avoid_rs 1
04-22 11:51:17.486  2959  3615 W bt_btif : [3]: state:1, info:x0, avoid_rs 1
04-22 11:51:17.486  2959  3615 W bt_btif : [4]: state:1, info:x0, avoid_rs 1
04-22 11:51:17.486  2959  3615 W bt_btif : [5]: state:1, info:x0, avoid_rs 1
04-22 11:51:17.488  2959  3615 E bt_btif : bte_scan_filt_param_cfg_evt, 23
04-22 11:51:17.569  2959  3071 D bt_btif_config: btif_get_device_type: Device [6a:b4:7d:c6:02:d7] type 2
04-22 11:51:17.592  1058  2949 I WifiHAL : event received NL80211_CMD_VENDOR, vendor_id = 0x1374, subcmd = 0xd
04-22 11:51:17.606  2959  3071 D bt_btif_config: btif_get_device_type: Device [52:71:a8:0c:9a:1c] type 2
04-22 11:51:17.637  2959  3071 D bt_btif_config: btif_get_device_type: Device [47:60:d3:3d:f7:eb] type 2
04-22 11:51:17.657  2959  3071 D bt_btif_config: btif_get_device_type: Device [45:72:9b:dc:4c:99] type 2
04-22 11:51:17.734  2959  3071 D bt_btif_config: btif_get_device_type: Device [76:e5:44:27:f8:5f] type 2
04-22 11:51:18.504  1057  1057 W radioext@1.0-se: type=1400 audit(0.0:10572): avc: denied { search } for name="radio" dev="dm-8" ino=174 scontext=u:r:hal_radioext_default:s0 tcontext=u:object_r:radio_vendor_data_file:s0 tclass=dir permissive=0
04-22 11:51:18.506  3258  3258 D GRIL-S  : [6912]> UPDATE_REGULATORY_DOMAIN
04-22 11:51:18.509  3258  4164 D GRIL-S  : [6912]< UPDATE_REGULATORY_DOMAIN 
04-22 11:51:18.559  2959  3071 D bt_btif_config: btif_get_device_type: Device [cc:0d:f2:75:2d:ba] type 1
04-22 11:51:18.737 24484 24631 D connectedcrossroad: Data collect: SEND
04-22 11:51:18.739 24484 24631 D connectedcrossroad: Data collect: SEND
04-22 11:51:19.052  4561  4561 I GsaVoiceInteractionSrv: #checkDspStatus
04-22 11:51:19.053  4561  4561 I GsaVoiceInteractionSrv: DSP available
04-22 11:51:19.159 24484 24636 V connectedcrossroad: Data collect: HELO
04-22 11:51:19.159 24484 24636 V data    : Payload RX: 0
04-22 11:51:19.159 24484 24636 V data    : Payload TX: 0
04-22 11:51:19.159 24484 24636 V data    : Total RX: 18972
04-22 11:51:19.159 24484 24636 V data    : Total TX: 25704
04-22 11:51:19.598  1058  2949 I WifiHAL : event received NL80211_CMD_VENDOR, vendor_id = 0x1374, subcmd = 0xd
04-22 11:51:19.694  2959  3071 D bt_btif_config: btif_get_device_type: Device [35:39:98:f0:53:91] type 2
04-22 11:51:19.950  2959  3071 D bt_btif_config: btif_get_device_type: Device [4d:a5:6d:52:f5:6b] type 2
04-22 11:51:19.972 24484 24636 V connectedcrossroad: Data collect: HELO
04-22 11:51:19.972 24484 24636 V data    : Payload RX: 0
04-22 11:51:19.973 24484 24636 V data    : Payload TX: 0
04-22 11:51:19.973 24484 24636 V data    : Total RX: 19584
04-22 11:51:19.973 24484 24636 V data    : Total TX: 25704
04-22 11:51:20.738 24484 24636 V connectedcrossroad: Data collect: HELO
04-22 11:51:20.738 24484 24636 V data    : Payload RX: 0
04-22 11:51:20.738 24484 24636 V data    : Payload TX: 0
04-22 11:51:20.739 24484 24636 V data    : Total RX: 20196
04-22 11:51:20.739 24484 24636 V data    : Total TX: 25704
04-22 11:51:20.741 24484 24631 D connectedcrossroad: Data collect: SEND
04-22 11:51:20.743 24484 24631 D connectedcrossroad: Data collect: SEND
04-22 11:51:21.311 24484 24636 V connectedcrossroad: Data collect: HELO
04-22 11:51:21.312 24484 24636 V data    : Payload RX: 0
04-22 11:51:21.312 24484 24636 V data    : Payload TX: 0
04-22 11:51:21.312 24484 24636 V data    : Total RX: 20808
04-22 11:51:21.312 24484 24636 V data    : Total TX: 27540
04-22 11:51:21.604  1058  2949 I WifiHAL : event received NL80211_CMD_VENDOR, vendor_id = 0x1374, subcmd = 0xd
04-22 11:51:21.617  1016  1020 E statsd  : Predicate 5980654721335871649 dropping data for dimension key (10)0x2010101->10145[I] (10)0x30000->CastSocketMultiplexer_WakeLock[S] 
04-22 11:51:21.624  1016  1020 E statsd  : Predicate 5980654721335871649 dropping data for dimension key (10)0x2010101->10145[I] (10)0x30000->CastSocketMultiplexer_WakeLock[S] 
04-22 11:51:21.628  1016  1020 E statsd  : Predicate 5980654721335871649 dropping data for dimension key (10)0x2010101->10145[I] (10)0x30000->CastDeviceController-com.google.android.gms[S] 
04-22 11:51:21.631  1016  1020 E statsd  : Predicate 5980654721335871649 dropping data for dimension key (10)0x2010101->10145[I] (10)0x30000->CastSocketMultiplexer_WakeLock[S] 
04-22 11:51:21.631  1016  1020 E statsd  : Predicate 5980654721335871649 dropping data for dimension key (10)0x2010101->10145[I] (10)0x30000->CastDeviceController-com.google.android.gms[S] 
04-22 11:51:22.482 24484 24636 V connectedcrossroad: Data collect: HELO
04-22 11:51:22.483 24484 24636 V data    : Payload RX: 0
04-22 11:51:22.483 24484 24636 V data    : Payload TX: 0
04-22 11:51:22.483 24484 24636 V data    : Total RX: 21420
04-22 11:51:22.483 24484 24636 V data    : Total TX: 27540
04-22 11:51:22.574 24484 24636 V connectedcrossroad: Data collect: HELO
04-22 11:51:22.574 24484 24636 V data    : Payload RX: 0
04-22 11:51:22.574 24484 24636 V data    : Payload TX: 0
04-22 11:51:22.574 24484 24636 V data    : Total RX: 22032
04-22 11:51:22.575 24484 24636 V data    : Total TX: 27540
04-22 11:51:22.622 24484 24636 V connectedcrossroad: Data collect: HELO
04-22 11:51:22.622 24484 24636 V data    : Payload RX: 0
04-22 11:51:22.622 24484 24636 V data    : Payload TX: 0
04-22 11:51:22.622 24484 24636 V data    : Total RX: 22644
04-22 11:51:22.622 24484 24636 V data    : Total TX: 27540
04-22 11:51:22.628 24484 24636 V connectedcrossroad: Data collect: HELO
04-22 11:51:22.628 24484 24636 V data    : Payload RX: 0
04-22 11:51:22.628 24484 24636 V data    : Payload TX: 0
04-22 11:51:22.629 24484 24636 V data    : Total RX: 23868
04-22 11:51:22.629 24484 24636 V data    : Total TX: 27540
04-22 11:51:22.629  2959  3071 D bt_btif_config: btif_get_device_type: Device [cc:0d:f2:75:2d:60] type 1
04-22 11:51:22.631 24484 24636 V connectedcrossroad: Data collect: HELO
04-22 11:51:22.632 24484 24636 V data    : Payload RX: 0
04-22 11:51:22.632 24484 24636 V data    : Payload TX: 0
04-22 11:51:22.632 24484 24636 V data    : Total RX: 24480
04-22 11:51:22.632 24484 24636 V data    : Total TX: 27540
04-22 11:51:22.634 24484 24636 V connectedcrossroad: Data collect: HELO
04-22 11:51:22.634 24484 24636 V data    : Payload RX: 0
04-22 11:51:22.635 24484 24636 V data    : Payload TX: 0
04-22 11:51:22.635 24484 24636 V data    : Total RX: 25092
04-22 11:51:22.635 24484 24636 V data    : Total TX: 27540
04-22 11:51:22.637 24484 24636 V connectedcrossroad: Data collect: HELO
04-22 11:51:22.637 24484 24636 V data    : Payload RX: 0
04-22 11:51:22.637 24484 24636 V data    : Payload TX: 0
04-22 11:51:22.637 24484 24636 V data    : Total RX: 25092
04-22 11:51:22.638 24484 24636 V data    : Total TX: 27540
04-22 11:51:22.642 24484 24636 V connectedcrossroad: Data collect: HELO
04-22 11:51:22.642 24484 24636 V data    : Payload RX: 0
04-22 11:51:22.642 24484 24636 V data    : Payload TX: 0
04-22 11:51:22.642 24484 24636 V data    : Total RX: 25704
04-22 11:51:22.642 24484 24636 V data    : Total TX: 27540
04-22 11:51:22.745 24484 24631 D connectedcrossroad: Data collect: SEND
04-22 11:51:22.748 24484 24631 D connectedcrossroad: Data collect: SEND
04-22 11:51:23.413 24484 24636 V connectedcrossroad: Data collect: HELO
04-22 11:51:23.413 24484 24636 V data    : Payload RX: 0
04-22 11:51:23.413 24484 24636 V data    : Payload TX: 0
04-22 11:51:23.413 24484 24636 V data    : Total RX: 26316
04-22 11:51:23.413 24484 24636 V data    : Total TX: 29376
04-22 11:51:18.679  1635  2891 I chatty  : uid=1000(system) ConnectivitySer identical 6 lines
04-22 11:51:21.701  1635  2891 D ConnectivityService: NetReassign [no changes]
04-22 11:51:23.508  1635  2884 W NetworkPolicy: shared quota unsupported; generating rule for each iface
04-22 11:51:23.509  3258  3258 D GRIL-S  : [6913]> UPDATE_REGULATORY_DOMAIN
04-22 11:51:23.508  1057  1057 W radioext@1.0-se: type=1400 audit(0.0:10573): avc: denied { search } for name="radio" dev="dm-8" ino=174 scontext=u:r:hal_radioext_default:s0 tcontext=u:object_r:radio_vendor_data_file:s0 tclass=dir permissive=0
04-22 11:51:23.510  3258  4164 D GRIL-S  : [6913]< UPDATE_REGULATORY_DOMAIN 
04-22 11:51:23.604  1058  2949 I WifiHAL : event received NL80211_CMD_VENDOR, vendor_id = 0x1374, subcmd = 0xd
04-22 11:51:23.627  2959  3071 D bt_btif_config: btif_get_device_type: Device [cc:0d:f2:5a:3b:e4] type 1
04-22 11:51:24.008 24484 24636 V connectedcrossroad: Data collect: HELO
04-22 11:51:24.009 24484 24636 V data    : Payload RX: 0
04-22 11:51:24.009 24484 24636 V data    : Payload TX: 0
04-22 11:51:24.009 24484 24636 V data    : Total RX: 26928
04-22 11:51:24.009 24484 24636 V data    : Total TX: 29376
04-22 11:51:24.492  1047  1286 I CHRE    : @ 109394.805: [ImuCal] [NanoSensorCal:GYRO_RPS] Offset | Temperature [C]: -0.000739, -0.000273, 0.000031 | 30.43
04-22 11:51:24.492  1047  1286 I CHRE    : @ 109394.806: [ImuCal] [NanoSensorCal:GYRO_RPS] Temp Sensitivity: -0.000003, 0.000010, -0.000026
04-22 11:51:24.492  1047  1286 I CHRE    : @ 109394.806: [ImuCal] [NanoSensorCal:GYRO_RPS] Temp Intercept: -0.000583, -0.000586, 0.000935
04-22 11:51:24.721  1635  2891 D ConnectivityService: NetReassign [no changes]
04-22 11:51:24.726 24484 24636 V connectedcrossroad: Data collect: HELO
04-22 11:51:24.727 24484 24636 V data    : Payload RX: 0
04-22 11:51:24.727 24484 24636 V data    : Payload TX: 0
04-22 11:51:24.727 24484 24636 V data    : Total RX: 27540
04-22 11:51:24.727 24484 24636 V data    : Total TX: 29376
04-22 11:51:24.750 24484 24631 D connectedcrossroad: Data collect: SEND
04-22 11:51:24.751 24484 24631 I chatty  : uid=10333(com.google.location.nearby.apps.connectedcrossroad) identical 11 lines
04-22 11:51:24.752 24484 24631 D connectedcrossroad: Data collect: SEND
04-22 11:51:24.758  3529 23984 I chatty  : uid=10145(com.google.android.gms) highpool[452] expire 54 lines
04-22 11:51:25.266 24484 24636 V connectedcrossroad: Data collect: HELO
04-22 11:51:25.266 24484 24636 V data    : Payload RX: 0
04-22 11:51:25.266 24484 24636 V data    : Payload TX: 0
04-22 11:51:25.266 24484 24636 V data    : Total RX: 28152
04-22 11:51:25.266 24484 24636 V data    : Total TX: 31212
04-22 11:51:25.610  1058  2949 I WifiHAL : event received NL80211_CMD_VENDOR, vendor_id = 0x1374, subcmd = 0xd
04-22 11:51:25.997 24484 24636 V connectedcrossroad: Data collect: HELO
04-22 11:51:25.998 24484 24636 V data    : Payload RX: 0
04-22 11:51:25.998 24484 24636 V data    : Payload TX: 0
04-22 11:51:25.998 24484 24636 V data    : Total RX: 28764
04-22 11:51:25.998 24484 24636 V data    : Total TX: 31212
04-22 11:51:26.572  2959  3071 D bt_btif_config: btif_get_device_type: Device [cc:0d:f2:9b:b3:3e] type 1
04-22 11:51:26.717 24484 24636 V connectedcrossroad: Data collect: HELO
04-22 11:51:26.718 24484 24636 V data    : Payload RX: 0
04-22 11:51:26.718 24484 24636 V data    : Payload TX: 0
04-22 11:51:26.718 24484 24636 V data    : Total RX: 29376
04-22 11:51:26.718 24484 24636 V data    : Total TX: 31212
04-22 11:51:26.754 24484 24631 D connectedcrossroad: Data collect: SEND
04-22 11:51:26.756 24484 24631 D connectedcrossroad: Data collect: SEND
04-22 11:51:27.209 24484 24636 V connectedcrossroad: Data collect: HELO
04-22 11:51:27.209 24484 24636 V data    : Payload RX: 0
04-22 11:51:27.209 24484 24636 V data    : Payload TX: 0
04-22 11:51:27.209 24484 24636 V data    : Total RX: 29988
04-22 11:51:27.209 24484 24636 V data    : Total TX: 33048
04-22 11:51:27.615  1058  2949 I WifiHAL : event received NL80211_CMD_VENDOR, vendor_id = 0x1374, subcmd = 0xd
04-22 11:51:27.622  1016  1020 E statsd  : Predicate 5980654721335871649 dropping data for dimension key (10)0x2010101->10145[I] (10)0x30000->CastSocketMultiplexer_WakeLock[S] 
04-22 11:51:27.646  1016  1020 E statsd  : Predicate 5980654721335871649 dropping data for dimension key (10)0x2010101->10145[I] (10)0x30000->CastSocketMultiplexer_WakeLock[S] 
04-22 11:51:27.647  1016  1020 E statsd  : Predicate 5980654721335871649 dropping data for dimension key (10)0x2010101->10145[I] (10)0x30000->CastDeviceController-com.google.android.gms[S] 
04-22 11:51:27.650  1016  1020 E statsd  : Predicate 5980654721335871649 dropping data for dimension key (10)0x2010101->10145[I] (10)0x30000->CastDeviceController-com.google.android.gms[S] 
04-22 11:51:28.078 24484 24636 V connectedcrossroad: Data collect: HELO
04-22 11:51:28.078 24484 24636 V data    : Payload RX: 0
04-22 11:51:28.078 24484 24636 V data    : Payload TX: 0
04-22 11:51:28.078 24484 24636 V data    : Total RX: 30600
04-22 11:51:28.078 24484 24636 V data    : Total TX: 33048
04-22 11:51:28.550  3258  3258 D GRIL-S  : [6914]> UPDATE_REGULATORY_DOMAIN
04-22 11:51:28.548  1057  1057 W radioext@1.0-se: type=1400 audit(0.0:10574): avc: denied { search } for name="radio" dev="dm-8" ino=174 scontext=u:r:hal_radioext_default:s0 tcontext=u:object_r:radio_vendor_data_file:s0 tclass=dir permissive=0
04-22 11:51:28.554  3258  4164 D GRIL-S  : [6914]< UPDATE_REGULATORY_DOMAIN 
04-22 11:51:28.695 24484 24636 V connectedcrossroad: Data collect: HELO
04-22 11:51:28.695 24484 24636 V data    : Payload RX: 0
04-22 11:51:28.696 24484 24636 V data    : Payload TX: 0
04-22 11:51:28.696 24484 24636 V data    : Total RX: 31212
04-22 11:51:28.696 24484 24636 V data    : Total TX: 33048
04-22 11:51:28.758 24484 24631 D connectedcrossroad: Data collect: SEND
04-22 11:51:28.762 24484 24631 D connectedcrossroad: Data collect: SEND
04-22 11:51:29.388  4451  4451 I chatty  : uid=10324(com.jaga.ibraceletplus.smartwristband3) expire 26 lines
04-22 11:51:29.622  1058  2949 I WifiHAL : event received NL80211_CMD_VENDOR, vendor_id = 0x1374, subcmd = 0xd
04-22 11:51:30.047 24484 24636 V connectedcrossroad: Data collect: HELO
04-22 11:51:30.047 24484 24636 V data    : Payload RX: 0
04-22 11:51:30.047 24484 24636 V data    : Payload TX: 0
04-22 11:51:30.047 24484 24636 V data    : Total RX: 31824
04-22 11:51:30.047 24484 24636 V data    : Total TX: 34884
04-22 11:51:30.437  2959  3071 D bt_btif_config: btif_get_device_type: Device [cc:0d:f2:9b:b3:3e] type 1
04-22 11:51:30.449  2979  3035 D CachedBluetoothDevice: Device name: IlF2V1Nbye0AAAAAAAAAATU
04-22 11:51:30.764 24484 24631 D connectedcrossroad: Data collect: SEND
04-22 11:51:30.766 24484 24631 D connectedcrossroad: Data collect: SEND
04-22 11:51:30.840 24484 24636 V connectedcrossroad: Data collect: HELO
04-22 11:51:30.840 24484 24636 V data    : Payload RX: 0
04-22 11:51:30.840 24484 24636 V data    : Payload TX: 0
04-22 11:51:30.840 24484 24636 V data    : Total RX: 32436
04-22 11:51:30.840 24484 24636 V data    : Total TX: 36720
04-22 11:51:31.623  1058  2949 I WifiHAL : event received NL80211_CMD_VENDOR, vendor_id = 0x1374, subcmd = 0xd
04-22 11:51:32.769 24484 24631 D connectedcrossroad: Data collect: SEND
04-22 11:51:32.771 24484 24631 D connectedcrossroad: Data collect: SEND
04-22 11:51:32.797  3529 24640 I chatty  : uid=10145 com.google.android.gms.persistent expire 60 lines
04-22 11:51:33.176 24484 24636 V connectedcrossroad: Data collect: HELO
04-22 11:51:33.176 24484 24636 V data    : Payload RX: 0
04-22 11:51:33.176 24484 24636 V data    : Payload TX: 0
04-22 11:51:33.176 24484 24636 V data    : Total RX: 33048
04-22 11:51:33.176 24484 24636 V data    : Total TX: 38556
04-22 11:51:33.592  3258  3258 D GRIL-S  : [6915]> UPDATE_REGULATORY_DOMAIN
04-22 11:51:33.591  1057  1057 W radioext@1.0-se: type=1400 audit(0.0:10575): avc: denied { search } for name="radio" dev="dm-8" ino=174 scontext=u:r:hal_radioext_default:s0 tcontext=u:object_r:radio_vendor_data_file:s0 tclass=dir permissive=0
04-22 11:51:33.594  3258  4164 D GRIL-S  : [6915]< UPDATE_REGULATORY_DOMAIN 
04-22 11:51:33.629  1058  2949 I WifiHAL : event received NL80211_CMD_VENDOR, vendor_id = 0x1374, subcmd = 0xd
04-22 11:51:33.637  1016  1020 E statsd  : Predicate 5980654721335871649 dropping data for dimension key (10)0x2010101->10145[I] (10)0x30000->CastSocketMultiplexer_WakeLock[S] 
04-22 11:51:33.999  1016  1020 E statsd  : Predicate 5980654721335871649 dropping data for dimension key (10)0x2010101->10145[I] (10)0x30000->CastSocketMultiplexer_WakeLock[S] 
04-22 11:51:34.003  1016  1020 E statsd  : Predicate 5980654721335871649 dropping data for dimension key (10)0x2010101->10145[I] (10)0x30000->CastDeviceController-com.google.android.gms[S] 
04-22 11:51:34.008  1016  1020 E statsd  : Predicate 5980654721335871649 dropping data for dimension key (10)0x2010101->10145[I] (10)0x30000->CastSocketMultiplexer_WakeLock[S] 
04-22 11:51:34.009  1016  1020 E statsd  : Predicate 5980654721335871649 dropping data for dimension key (10)0x2010101->10145[I] (10)0x30000->CastDeviceController-com.google.android.gms[S] 
04-22 11:51:34.773 24484 24631 D connectedcrossroad: Data collect: SEND
04-22 11:51:34.775 24484 24631 D connectedcrossroad: Data collect: SEND
04-22 11:51:34.779  3529 23984 I chatty  : uid=10145(com.google.android.gms) highpool[452] expire 49 lines
04-22 11:51:34.783  3529 24679 I chatty  : uid=10145 com.google.android.gms.persistent expire 45 lines
04-22 11:51:35.350 24484 24636 V connectedcrossroad: Data collect: HELO
04-22 11:51:35.351 24484 24636 V data    : Payload RX: 0
04-22 11:51:35.351 24484 24636 V data    : Payload TX: 0
04-22 11:51:35.351 24484 24636 V data    : Total RX: 33660
04-22 11:51:35.351 24484 24636 V data    : Total TX: 40392
04-22 11:51:35.639  1058  2949 I WifiHAL : event received NL80211_CMD_VENDOR, vendor_id = 0x1374, subcmd = 0xd
