04-22 11:52:33.118 15172 15205 I AdrenoGLES: Remote Branch                    : 
04-22 11:52:33.118 15172 15205 I AdrenoGLES: Reconstruct Branch               : 
04-22 11:52:33.118 22073  6656 E NearbyConnections: EndpointManager failed to find EndpointChannel over which to write DATA at offset 612 of Payload -9007404025457505713 to endpoint T8u1 [CONTEXT service_id=54 ]
04-22 11:52:33.118 15172 15205 I AdrenoGLES: Build Config                     : S L 8.0.12 AArch32
04-22 11:52:33.119 22073  6656 E NearbyConnections: EndpointManager failed to find EndpointChannel over which to write DATA at offset 612 of Payload -9007404025457505713 to endpoint T8u1 [CONTEXT service_id=54 ]
04-22 11:52:33.122 22073  6656 I chatty  : uid=10156(com.google.android.gms) highpool[332] identical 9 lines
04-22 11:52:33.122 22073  6656 E NearbyConnections: EndpointManager failed to find EndpointChannel over which to write DATA at offset 612 of Payload -9007404025457505713 to endpoint T8u1 [CONTEXT service_id=54 ]
04-22 11:52:33.122 15172 15205 I AdrenoGLES: PFP: 0x005ff112, ME: 0x005ff066
04-22 11:52:33.122 22073  6656 E NearbyConnections: EndpointManager failed to find EndpointChannel over which to write DATA at offset 612 of Payload -9007404025457505713 to endpoint T8u1 [CONTEXT service_id=54 ]
04-22 11:52:33.165 22073  6656 I chatty  : uid=10156(com.google.android.gms) highpool[332] identical 147 lines
04-22 11:52:33.165 22073  6656 E NearbyConnections: EndpointManager failed to find EndpointChannel over which to write DATA at offset 612 of Payload -9007404025457505713 to endpoint T8u1 [CONTEXT service_id=54 ]
04-22 11:52:33.166   572   572 I hwservicemanager: getTransport: Cannot find entry android.hardware.graphics.mapper@3.0::IMapper/default in either framework or device manifest.
04-22 11:52:33.166 22073  6656 E NearbyConnections: EndpointManager failed to find EndpointChannel over which to write DATA at offset 612 of Payload -9007404025457505713 to endpoint T8u1 [CONTEXT service_id=54 ]
04-22 11:52:33.166 15172 15205 W Gralloc3: mapper 3.x is not supported
04-22 11:52:33.166 22073  6656 E NearbyConnections: EndpointManager failed to find EndpointChannel over which to write DATA at offset 612 of Payload -9007404025457505713 to endpoint T8u1 [CONTEXT service_id=54 ]
04-22 11:52:33.189  1743  1766 I LaunchCheckinHandler: Displayed com.google.location.nearby.apps.connectedcrossroad/nx.aodv.eval.MainActivity,cp,ca,845
04-22 11:52:33.189  1743  1766 I WindowManager: Window drawn AppWindowToken{cfbf57b token=Token{61a690a ActivityRecord{7894575 u0 com.google.location.nearby.apps.connectedcrossroad/nx.aodv.eval.MainActivity t52}}}
04-22 11:52:33.189  1743  1766 I WindowManager:   SURFACE show Surface(name=com.google.location.nearby.apps.connectedcrossroad/nx.aodv.eval.MainActivity)/@0xe9537d4 on display:0: com.google.location.nearby.apps.connectedcrossroad/nx.aodv.eval.MainActivity
04-22 11:52:33.190 22073  6656 I chatty  : uid=10156(com.google.android.gms) highpool[332] identical 48 lines
04-22 11:52:33.190 22073  6656 E NearbyConnections: EndpointManager failed to find EndpointChannel over which to write DATA at offset 612 of Payload -9007404025457505713 to endpoint T8u1 [CONTEXT service_id=54 ]
04-22 11:52:33.191  1743  1771 I ActivityTaskManager: Displayed com.google.location.nearby.apps.connectedcrossroad/nx.aodv.eval.MainActivity: +869ms
04-22 11:52:33.191 22073  6656 E NearbyConnections: EndpointManager failed to find EndpointChannel over which to write DATA at offset 612 of Payload -9007404025457505713 to endpoint T8u1 [CONTEXT service_id=54 ]
04-22 11:52:33.211 22073  6656 I chatty  : uid=10156(com.google.android.gms) highpool[332] identical 31 lines
04-22 11:52:33.211 22073  6656 E NearbyConnections: EndpointManager failed to find EndpointChannel over which to write DATA at offset 612 of Payload -9007404025457505713 to endpoint T8u1 [CONTEXT service_id=54 ]
04-22 11:52:33.212 22073 22095 I NearbyConnections: Client 244116452 with package name com.google.location.nearby.apps.connectedcrossroad and sdk version 12451000 has connected. [CONTEXT service_id=54 ]
04-22 11:52:33.212 22073  6656 E NearbyConnections: EndpointManager failed to find EndpointChannel over which to write DATA at offset 612 of Payload -9007404025457505713 to endpoint T8u1 [CONTEXT service_id=54 ]
04-22 11:52:33.257 22073  6656 I chatty  : uid=10156(com.google.android.gms) highpool[332] identical 132 lines
04-22 11:52:33.258 22073  6656 E NearbyConnections: EndpointManager failed to find EndpointChannel over which to write DATA at offset 612 of Payload -9007404025457505713 to endpoint T8u1 [CONTEXT service_id=54 ]
04-22 11:52:33.258  6583  8707 I PBSessionCacheImpl: Deleted sessionId[28953959147428637] from persistence.
04-22 11:52:33.258 22073  6656 E NearbyConnections: EndpointManager failed to find EndpointChannel over which to write DATA at offset 612 of Payload -9007404025457505713 to endpoint T8u1 [CONTEXT service_id=54 ]
04-22 11:52:33.281 22073  6656 I chatty  : uid=10156(com.google.android.gms) highpool[332] identical 77 lines
04-22 11:52:33.281 22073  6656 E NearbyConnections: EndpointManager failed to find EndpointChannel over which to write DATA at offset 612 of Payload -9007404025457505713 to endpoint T8u1 [CONTEXT service_id=54 ]
04-22 11:52:33.281  6583  6606 W SearchServiceCore: Abort, client detached.
04-22 11:52:33.281 22073  6656 E NearbyConnections: EndpointManager failed to find EndpointChannel over which to write DATA at offset 612 of Payload -9007404025457505713 to endpoint T8u1 [CONTEXT service_id=54 ]
04-22 11:52:33.285 22073  6656 I chatty  : uid=10156(com.google.android.gms) highpool[332] identical 10 lines
04-22 11:52:33.285 22073  6656 E NearbyConnections: EndpointManager failed to find EndpointChannel over which to write DATA at offset 612 of Payload -9007404025457505713 to endpoint T8u1 [CONTEXT service_id=54 ]
04-22 11:52:33.285  6583  6606 I MicroDetectionState: Should stop hotword detection immediately - false
04-22 11:52:33.285 22073  6656 E NearbyConnections: EndpointManager failed to find EndpointChannel over which to write DATA at offset 612 of Payload -9007404025457505713 to endpoint T8u1 [CONTEXT service_id=54 ]
04-22 11:52:37.278 22073  6656 I chatty  : uid=10156(com.google.android.gms) highpool[332] identical 15517 lines
04-22 11:52:37.278 22073  6656 E NearbyConnections: EndpointManager failed to find EndpointChannel over which to write DATA at offset 612 of Payload -9007404025457505713 to endpoint T8u1 [CONTEXT service_id=54 ]
04-22 11:52:37.278  3347  3347 I BistoRealService: requestDestroy
04-22 11:52:37.278 22073  6656 E NearbyConnections: EndpointManager failed to find EndpointChannel over which to write DATA at offset 612 of Payload -9007404025457505713 to endpoint T8u1 [CONTEXT service_id=54 ]
04-22 11:52:37.281 22073  6656 I chatty  : uid=10156(com.google.android.gms) highpool[332] identical 11 lines
04-22 11:52:37.281 22073  6656 E NearbyConnections: EndpointManager failed to find EndpointChannel over which to write DATA at offset 612 of Payload -9007404025457505713 to endpoint T8u1 [CONTEXT service_id=54 ]
04-22 11:52:37.281  3347  3347 I BistoRealService: onDestroy
04-22 11:52:37.281 22073  6656 E NearbyConnections: EndpointManager failed to find EndpointChannel over which to write DATA at offset 612 of Payload -9007404025457505713 to endpoint T8u1 [CONTEXT service_id=54 ]
04-22 11:52:37.283 22073  6656 I chatty  : uid=10156(com.google.android.gms) highpool[332] identical 8 lines
04-22 11:52:37.283 22073  6656 E NearbyConnections: EndpointManager failed to find EndpointChannel over which to write DATA at offset 612 of Payload -9007404025457505713 to endpoint T8u1 [CONTEXT service_id=54 ]
04-22 11:52:37.283  3347  3347 I BistoWiredManager: close
04-22 11:52:37.284 22073  6656 E NearbyConnections: EndpointManager failed to find EndpointChannel over which to write DATA at offset 612 of Payload -9007404025457505713 to endpoint T8u1 [CONTEXT service_id=54 ]
04-22 11:52:37.285 22073  6656 I chatty  : uid=10156(com.google.android.gms) highpool[332] identical 4 lines
04-22 11:52:37.285 22073  6656 E NearbyConnections: EndpointManager failed to find EndpointChannel over which to write DATA at offset 612 of Payload -9007404025457505713 to endpoint T8u1 [CONTEXT service_id=54 ]
04-22 11:52:37.285  3347  3347 D BluetoothA2dp: Unbinding service...
04-22 11:52:37.285 22073  6656 E NearbyConnections: EndpointManager failed to find EndpointChannel over which to write DATA at offset 612 of Payload -9007404025457505713 to endpoint T8u1 [CONTEXT service_id=54 ]
04-22 11:52:37.287 22073  6656 I chatty  : uid=10156(com.google.android.gms) highpool[332] identical 9 lines
04-22 11:52:37.288 22073  6656 E NearbyConnections: EndpointManager failed to find EndpointChannel over which to write DATA at offset 612 of Payload -9007404025457505713 to endpoint T8u1 [CONTEXT service_id=54 ]
04-22 11:52:37.289  3347  3347 I BistoClassicManager: close
04-22 11:52:37.289 22073  6656 E NearbyConnections: EndpointManager failed to find EndpointChannel over which to write DATA at offset 612 of Payload -9007404025457505713 to endpoint T8u1 [CONTEXT service_id=54 ]
04-22 11:52:41.724 22073  6656 I chatty  : uid=10156(com.google.android.gms) highpool[332] identical 17085 lines
04-22 11:52:41.724 22073  6656 E NearbyConnections: EndpointManager failed to find EndpointChannel over which to write DATA at offset 612 of Payload -9007404025457505713 to endpoint T8u1 [CONTEXT service_id=54 ]
04-22 11:52:41.722     0     0 W swapper/1: type=1400 audit(0.0:2803): avc: denied { kill } for uid=0 capability=5 scontext=u:r:kernel:s0 tcontext=u:r:kernel:s0 tclass=capability permissive=0
04-22 11:52:41.724 22073  6656 E NearbyConnections: EndpointManager failed to find EndpointChannel over which to write DATA at offset 612 of Payload -9007404025457505713 to endpoint T8u1 [CONTEXT service_id=54 ]
04-22 11:52:43.497 22073  6656 I chatty  : uid=10156(com.google.android.gms) highpool[332] identical 6773 lines
04-22 11:52:43.497 22073  6656 E NearbyConnections: EndpointManager failed to find EndpointChannel over which to write DATA at offset 612 of Payload -9007404025457505713 to endpoint T8u1 [CONTEXT service_id=54 ]
04-22 11:52:43.497  6583  6606 I WorkerManager: dispose()
04-22 11:52:43.497 22073  6656 E NearbyConnections: EndpointManager failed to find EndpointChannel over which to write DATA at offset 612 of Payload -9007404025457505713 to endpoint T8u1 [CONTEXT service_id=54 ]
04-22 11:52:43.500 22073  6656 I chatty  : uid=10156(com.google.android.gms) highpool[332] identical 13 lines
04-22 11:52:43.501 22073  6656 E NearbyConnections: EndpointManager failed to find EndpointChannel over which to write DATA at offset 612 of Payload -9007404025457505713 to endpoint T8u1 [CONTEXT service_id=54 ]
04-22 11:52:43.501  6583  6606 W ThreadPoolDumper: Queue length for executor EventBus is now 11. Perhaps some tasks are too long, or the pool is too small.
04-22 11:52:43.501 22073  6656 E NearbyConnections: EndpointManager failed to find EndpointChannel over which to write DATA at offset 612 of Payload -9007404025457505713 to endpoint T8u1 [CONTEXT service_id=54 ]
04-22 11:52:49.786  1743  2059 D BatteryService: uevent={POWER_SUPPLY_DP_DM=0, POWER_SUPPLY_VOLTAGE_NOW=3816442, POWER_SUPPLY_SW_JEITA_ENABLED=0, POWER_SUPPLY_CHARGE_CONTROL_LIMIT_MAX=8, POWER_SUPPLY_RECHARGE_SOC=99, POWER_SUPPLY_HEALTH=Good, POWER_SUPPLY_TECHNOLOGY=Li-ion, POWER_SUPPLY_FCC_STEPPER_ENABLE=0, SEQNUM=629540, POWER_SUPPLY_INPUT_CURRENT_LIMITED=0, POWER_SUPPLY_CHARGE_CONTROL_LIMIT=0, POWER_SUPPLY_BATTERY_CHARGING_ENABLED=1, POWER_SUPPLY_STATUS=Discharging, POWER_SUPPLY_CYCLE_COUNT=6, POWER_SUPPLY_CURRENT_MAX=2000000, POWER_SUPPLY_CHARGE_TERM_CURRENT=-101, POWER_SUPPLY_CAPACITY=51, DEVPATH=/devices/platform/soc/200f000.qcom,spmi/spmi-0/spmi0-02/200f000.qcom,spmi:qcom,pmi632@2:qcom,qpnp-smb5/power_supply/battery, POWER_SUPPLY_CHARGE_DONE=0, POWER_SUPPLY_CHARGE_TYPE=N/A, POWER_SUPPLY_CHARGE_RATE=None, POWER_SUPPLY_CURRENT_NOW=-315857, POWER_SUPPLY_SYSTEM_TEMP_LEVEL=0, POWER_SUPPLY_PRESENT=1, POWER_SUPPLY_PARALLEL_DISABLE=0, POWER_SUPPLY_CHARGE_FULL=3505000, SUBSYSTEM=power_supply, POWER_SUPPLY_SET_SHIP_MODE=0, POWER_SUPPLY_TEMP=280, ACTION=change, POWER_SUPPLY_RERUN_AICL=0, POWER_SUPPLY_AGE=97, POWER_SUPPLY_NAME=battery, POWER_SUPPLY_VOLTAGE_MAX=-22, POWER_SUPPLY_CONSTANT_CHARGE_CURRENT_MAX=2000000, POWER_SUPPLY_CHARGE_COUNTER=1822600, POWER_SUPPLY_STEP_CHARGING_ENABLED=0, POWER_SUPPLY_NUM_SYSTEM_TEMP_LEVELS=8, POWER_SUPPLY_DIE_HEALTH=Hot, POWER_SUPPLY_INPUT_SUSPEND=0}
04-22 11:52:49.810 22073  6656 I chatty  : uid=10156(com.google.android.gms) highpool[332] identical 24306 lines
04-22 11:52:49.810 22073  6656 E NearbyConnections: EndpointManager failed to find EndpointChannel over which to write DATA at offset 612 of Payload -9007404025457505713 to endpoint T8u1 [CONTEXT service_id=54 ]
04-22 11:52:49.810  2498  2498 D QtiCarrierConfigHelper: WARNING, no carrier configs on phone Id: 0
04-22 11:52:49.810 22073  6656 E NearbyConnections: EndpointManager failed to find EndpointChannel over which to write DATA at offset 612 of Payload -9007404025457505713 to endpoint T8u1 [CONTEXT service_id=54 ]
04-22 11:52:50.554 22073  6656 I chatty  : uid=10156(com.google.android.gms) highpool[332] identical 2870 lines
04-22 11:52:50.555 22073  6656 E NearbyConnections: EndpointManager failed to find EndpointChannel over which to write DATA at offset 612 of Payload -9007404025457505713 to endpoint T8u1 [CONTEXT service_id=54 ]
04-22 11:52:50.555 22073  6200 W Nearby  : Method is still running after 2880978 millis. [CONTEXT service_id=49 ]
04-22 11:52:50.555 22073  6200 W Nearby  : akpc: akpc
04-22 11:52:50.555 22073  6200 W Nearby  : 	at akpd.a(:com.google.android.gms@211213033@21.12.13 (120300-367530751):0)
04-22 11:52:50.555 22073  6200 W Nearby  : 	at akov.execute(:com.google.android.gms@211213033@21.12.13 (120300-367530751):0)
04-22 11:52:50.555 22073  6200 W Nearby  : 	at akza.i(:com.google.android.gms@211213033@21.12.13 (120300-367530751):0)
04-22 11:52:50.555 22073  6200 W Nearby  : 	at akza.b(:com.google.android.gms@211213033@21.12.13 (120300-367530751):2)
04-22 11:52:50.555 22073  6200 W Nearby  : 	at akyu.a(:com.google.android.gms@211213033@21.12.13 (120300-367530751):56)
04-22 11:52:50.555 22073  6200 W Nearby  : 	at akyv.run(:com.google.android.gms@211213033@21.12.13 (120300-367530751):27)
04-22 11:52:50.555 22073  6200 W Nearby  : 	at akoz.run(Unknown Source:3)
04-22 11:52:50.555 22073  6200 W Nearby  : 	at ull.c(:com.google.android.gms@211213033@21.12.13 (120300-367530751):6)
04-22 11:52:50.555 22073  6200 W Nearby  : 	at ull.run(:com.google.android.gms@211213033@21.12.13 (120300-367530751):8)
04-22 11:52:50.555 22073  6200 W Nearby  : 	at java.util.concurrent.ThreadPoolExecutor.runWorker(ThreadPoolExecutor.java:1167)
04-22 11:52:50.555 22073  6200 W Nearby  : 	at java.util.concurrent.ThreadPoolExecutor$Worker.run(ThreadPoolExecutor.java:641)
04-22 11:52:50.555 22073  6200 W Nearby  : 	at uri.run(:com.google.android.gms@211213033@21.12.13 (120300-367530751):0)
04-22 11:52:50.555 22073  6200 W Nearby  : 	at java.lang.Thread.run(Thread.java:919)
04-22 11:52:50.555 22073  6200 W Nearby  : Caused by: akpc
04-22 11:52:50.555 22073  6200 W Nearby  : 	at akpd.a(:com.google.android.gms@211213033@21.12.13 (120300-367530751):0)
04-22 11:52:50.555 22073  6200 W Nearby  : 	at akov.execute(:com.google.android.gms@211213033@21.12.13 (120300-367530751):0)
04-22 11:52:50.555 22073  6200 W Nearby  : 	at akrw.call(Unknown Source:8)
04-22 11:52:50.555 22073  6200 W Nearby  : 	at akrm.run(Unknown Source:2)
04-22 11:52:50.555 22073  6200 W Nearby  : 	... 7 more
04-22 11:52:50.555 22073  6656 E NearbyConnections: EndpointManager failed to find EndpointChannel over which to write DATA at offset 612 of Payload -9007404025457505713 to endpoint T8u1 [CONTEXT service_id=54 ]
04-22 11:52:51.724 22073  6656 I chatty  : uid=10156(com.google.android.gms) highpool[332] identical 4498 lines
04-22 11:52:51.724 22073  6656 E NearbyConnections: EndpointManager failed to find EndpointChannel over which to write DATA at offset 612 of Payload -9007404025457505713 to endpoint T8u1 [CONTEXT service_id=54 ]
04-22 11:52:51.722     0     0 W swapper/1: type=1400 audit(0.0:2804): avc: denied { kill } for uid=0 capability=5 scontext=u:r:kernel:s0 tcontext=u:r:kernel:s0 tclass=capability permissive=0
04-22 11:52:51.724 22073  6656 E NearbyConnections: EndpointManager failed to find EndpointChannel over which to write DATA at offset 612 of Payload -9007404025457505713 to endpoint T8u1 [CONTEXT service_id=54 ]
04-22 11:52:54.275 22073  6656 I chatty  : uid=10156(com.google.android.gms) highpool[332] identical 9813 lines
04-22 11:52:54.276 22073  6656 E NearbyConnections: EndpointManager failed to find EndpointChannel over which to write DATA at offset 612 of Payload -9007404025457505713 to endpoint T8u1 [CONTEXT service_id=54 ]
04-22 11:52:54.276   804  1081 W qti_sensors_hal: processReportInd: lux: 12, ch0: 46, ch1: 15
04-22 11:52:54.276 22073  6656 E NearbyConnections: EndpointManager failed to find EndpointChannel over which to write DATA at offset 612 of Payload -9007404025457505713 to endpoint T8u1 [CONTEXT service_id=54 ]
04-22 11:52:55.469 22073  6656 I chatty  : uid=10156(com.google.android.gms) highpool[332] identical 4623 lines
04-22 11:52:55.469 22073  6656 E NearbyConnections: EndpointManager failed to find EndpointChannel over which to write DATA at offset 612 of Payload -9007404025457505713 to endpoint T8u1 [CONTEXT service_id=54 ]
04-22 11:52:55.469   804  1081 W qti_sensors_hal: processReportInd: lux: 18, ch0: 68, ch1: 15
04-22 11:52:55.469 22073  6656 E NearbyConnections: EndpointManager failed to find EndpointChannel over which to write DATA at offset 612 of Payload -9007404025457505713 to endpoint T8u1 [CONTEXT service_id=54 ]
04-22 11:53:00.019 22073  6656 I chatty  : uid=10156(com.google.android.gms) highpool[332] identical 17550 lines
04-22 11:53:00.019 22073  6656 E NearbyConnections: EndpointManager failed to find EndpointChannel over which to write DATA at offset 612 of Payload -9007404025457505713 to endpoint T8u1 [CONTEXT service_id=54 ]
04-22 11:53:00.020  2308  2308 W View    : requestLayout() improperly called by com.android.systemui.statusbar.HeadsUpStatusBarView{53e8307 I.E...... ......ID 0,0-248,56 #7f0a01f7 app:id/heads_up_status_bar_view} during layout: running second layout pass
04-22 11:53:00.020 22073  6656 E NearbyConnections: EndpointManager failed to find EndpointChannel over which to write DATA at offset 612 of Payload -9007404025457505713 to endpoint T8u1 [CONTEXT service_id=54 ]
04-22 11:53:01.725 22073  6656 I chatty  : uid=10156(com.google.android.gms) highpool[332] identical 6534 lines
04-22 11:53:01.725 22073  6656 E NearbyConnections: EndpointManager failed to find EndpointChannel over which to write DATA at offset 612 of Payload -9007404025457505713 to endpoint T8u1 [CONTEXT service_id=54 ]
04-22 11:53:01.722     0     0 W swapper/3: type=1400 audit(0.0:2805): avc: denied { kill } for uid=0 capability=5 scontext=u:r:kernel:s0 tcontext=u:r:kernel:s0 tclass=capability permissive=0
04-22 11:53:01.725 22073  6656 E NearbyConnections: EndpointManager failed to find EndpointChannel over which to write DATA at offset 612 of Payload -9007404025457505713 to endpoint T8u1 [CONTEXT service_id=54 ]
04-22 11:53:08.388 22073  6656 I chatty  : uid=10156(com.google.android.gms) highpool[332] identical 25689 lines
04-22 11:53:08.389 22073  6656 E NearbyConnections: EndpointManager failed to find EndpointChannel over which to write DATA at offset 612 of Payload -9007404025457505713 to endpoint T8u1 [CONTEXT service_id=54 ]
04-22 11:53:08.389  6583 15079 W GmsLocationProvider: Error removing location updates: 16
04-22 11:53:08.389 22073  6656 E NearbyConnections: EndpointManager failed to find EndpointChannel over which to write DATA at offset 612 of Payload -9007404025457505713 to endpoint T8u1 [CONTEXT service_id=54 ]
04-22 11:53:11.487 22073  6656 I chatty  : uid=10156(com.google.android.gms) highpool[332] identical 12011 lines
04-22 11:53:11.487 22073  6656 E NearbyConnections: EndpointManager failed to find EndpointChannel over which to write DATA at offset 612 of Payload -9007404025457505713 to endpoint T8u1 [CONTEXT service_id=54 ]
04-22 11:53:11.487   804  1081 W qti_sensors_hal: processReportInd: lux: 24, ch0: 100, ch1: 17
04-22 11:53:11.487 22073  6656 E NearbyConnections: EndpointManager failed to find EndpointChannel over which to write DATA at offset 612 of Payload -9007404025457505713 to endpoint T8u1 [CONTEXT service_id=54 ]
04-22 11:53:11.725 22073  6656 I chatty  : uid=10156(com.google.android.gms) highpool[332] identical 893 lines
04-22 11:53:11.725 22073  6656 E NearbyConnections: EndpointManager failed to find EndpointChannel over which to write DATA at offset 612 of Payload -9007404025457505713 to endpoint T8u1 [CONTEXT service_id=54 ]
04-22 11:53:11.725     0     0 W swapper/0: type=1400 audit(0.0:2806): avc: denied { kill } for uid=0 capability=5 scontext=u:r:kernel:s0 tcontext=u:r:kernel:s0 tclass=capability permissive=0
04-22 11:53:11.726 22073  6656 E NearbyConnections: EndpointManager failed to find EndpointChannel over which to write DATA at offset 612 of Payload -9007404025457505713 to endpoint T8u1 [CONTEXT service_id=54 ]
04-22 11:53:20.566 22073  6656 I chatty  : uid=10156(com.google.android.gms) highpool[332] identical 34229 lines
04-22 11:53:20.567 22073  6656 E NearbyConnections: EndpointManager failed to find EndpointChannel over which to write DATA at offset 612 of Payload -9007404025457505713 to endpoint T8u1 [CONTEXT service_id=54 ]
04-22 11:53:20.567 22073  6200 W Nearby  : Method is still running after 2910989 millis. [CONTEXT service_id=49 ]
04-22 11:53:20.567 22073  6200 W Nearby  : akpc: akpc
04-22 11:53:20.567 22073  6200 W Nearby  : 	at java.lang.StringBuilder.append(StringBuilder.java:137)
04-22 11:53:20.567 22073  6200 W Nearby  : 	at java.util.concurrent.ThreadPoolExecutor$AbortPolicy.rejectedExecution(ThreadPoolExecutor.java:2084)
04-22 11:53:20.567 22073  6200 W Nearby  : 	at ulm.i(:com.google.android.gms@211213033@21.12.13 (120300-367530751):0)
04-22 11:53:20.567 22073  6200 W Nearby  : 	at ulm.e(:com.google.android.gms@211213033@21.12.13 (120300-367530751):2)
04-22 11:53:20.567 22073  6200 W Nearby  : 	at ulm.execute(:com.google.android.gms@211213033@21.12.13 (120300-367530751):2)
04-22 11:53:20.567 22073  6200 W Nearby  : 	at akov.execute(:com.google.android.gms@211213033@21.12.13 (120300-367530751):0)
04-22 11:53:20.567 22073  6200 W Nearby  : 	at akza.i(:com.google.android.gms@211213033@21.12.13 (120300-367530751):0)
04-22 11:53:20.567 22073  6200 W Nearby  : 	at akza.b(:com.google.android.gms@211213033@21.12.13 (120300-367530751):2)
04-22 11:53:20.567 22073  6200 W Nearby  : 	at akyu.a(:com.google.android.gms@211213033@21.12.13 (120300-367530751):56)
04-22 11:53:20.567 22073  6200 W Nearby  : 	at akyv.run(:com.google.android.gms@211213033@21.12.13 (120300-367530751):27)
04-22 11:53:20.567 22073  6200 W Nearby  : 	at akoz.run(Unknown Source:3)
04-22 11:53:20.567 22073  6200 W Nearby  : 	at ull.c(:com.google.android.gms@211213033@21.12.13 (120300-367530751):6)
04-22 11:53:20.567 22073  6200 W Nearby  : 	at ull.run(:com.google.android.gms@211213033@21.12.13 (120300-367530751):8)
04-22 11:53:20.567 22073  6200 W Nearby  : 	at java.util.concurrent.ThreadPoolExecutor.runWorker(ThreadPoolExecutor.java:1167)
04-22 11:53:20.567 22073  6200 W Nearby  : 	at java.util.concurrent.ThreadPoolExecutor$Worker.run(ThreadPoolExecutor.java:641)
04-22 11:53:20.567 22073  6200 W Nearby  : 	at uri.run(:com.google.android.gms@211213033@21.12.13 (120300-367530751):0)
04-22 11:53:20.567 22073  6200 W Nearby  : 	at java.lang.Thread.run(Thread.java:919)
04-22 11:53:20.567 22073  6200 W Nearby  : Caused by: akpc
04-22 11:53:20.567 22073  6200 W Nearby  : 	at akpd.a(:com.google.android.gms@211213033@21.12.13 (120300-367530751):0)
04-22 11:53:20.567 22073  6200 W Nearby  : 	at akov.execute(:com.google.android.gms@211213033@21.12.13 (120300-367530751):0)
04-22 11:53:20.567 22073  6200 W Nearby  : 	at akrw.call(Unknown Source:8)
04-22 11:53:20.567 22073  6200 W Nearby  : 	at akrm.run(Unknown Source:2)
04-22 11:53:20.567 22073  6200 W Nearby  : 	... 7 more
04-22 11:53:20.567 22073  6656 E NearbyConnections: EndpointManager failed to find EndpointChannel over which to write DATA at offset 612 of Payload -9007404025457505713 to endpoint T8u1 [CONTEXT service_id=54 ]
04-22 11:53:21.726 22073  6656 I chatty  : uid=10156(com.google.android.gms) highpool[332] identical 4410 lines
04-22 11:53:21.727 22073  6656 E NearbyConnections: EndpointManager failed to find EndpointChannel over which to write DATA at offset 612 of Payload -9007404025457505713 to endpoint T8u1 [CONTEXT service_id=54 ]
04-22 11:53:21.725     0     0 W swapper/1: type=1400 audit(0.0:2807): avc: denied { kill } for uid=0 capability=5 scontext=u:r:kernel:s0 tcontext=u:r:kernel:s0 tclass=capability permissive=0
04-22 11:53:21.727 22073  6656 E NearbyConnections: EndpointManager failed to find EndpointChannel over which to write DATA at offset 612 of Payload -9007404025457505713 to endpoint T8u1 [CONTEXT service_id=54 ]
04-22 11:53:28.038 22073  6656 I chatty  : uid=10156(com.google.android.gms) highpool[332] identical 24163 lines
04-22 11:53:28.039 22073  6656 E NearbyConnections: EndpointManager failed to find EndpointChannel over which to write DATA at offset 612 of Payload -9007404025457505713 to endpoint T8u1 [CONTEXT service_id=54 ]
04-22 11:53:28.039  2946  2946 I KeyboardViewUtil: KeyboardViewUtil.getKeyboardHeightRatio():127 systemKeyboardHeightRatio:1.000000; userKeyboardHeightRatio:1.000000.
04-22 11:53:28.039 22073  6656 E NearbyConnections: EndpointManager failed to find EndpointChannel over which to write DATA at offset 612 of Payload -9007404025457505713 to endpoint T8u1 [CONTEXT service_id=54 ]
04-22 11:53:28.040  2946  2946 I AndroidIME: AbstractIme.onActivate():83 DummyIme.onActivate() : EditorInfo = Package = com.google.location.nearby.apps.connectedcrossroad : Type = Number : Learning = Disable : Suggestion = Hide : AutoCorrection = Disable : Microphone = Hide : NoPersonalizedLearning = Disable, IncognitoMode = false
04-22 11:53:28.040 22073  6656 E NearbyConnections: EndpointManager failed to find EndpointChannel over which to write DATA at offset 612 of Payload -9007404025457505713 to endpoint T8u1 [CONTEXT service_id=54 ]
04-22 11:53:28.041 22073  6656 I chatty  : uid=10156(com.google.android.gms) highpool[332] identical 5 lines
04-22 11:53:28.041 22073  6656 E NearbyConnections: EndpointManager failed to find EndpointChannel over which to write DATA at offset 612 of Payload -9007404025457505713 to endpoint T8u1 [CONTEXT service_id=54 ]
04-22 11:53:28.041  2946  2946 W KeyboardModeManager: KeyboardModeManager.setInputView():359 setInputView() : inputView = com.google.android.apps.inputmethod.libs.framework.core.InputView{1d9772e V.E...... .......D 0,0-720,1380}
04-22 11:53:28.042 22073  6656 E NearbyConnections: EndpointManager failed to find EndpointChannel over which to write DATA at offset 612 of Payload -9007404025457505713 to endpoint T8u1 [CONTEXT service_id=54 ]
04-22 11:53:28.042  2946  2946 I ConversationToQueryExtension: ConversationToQueryExtension.isEnabledForHostApp():254 Conv2Query not enabled due to current app [com.google.location.nearby.apps.connectedcrossroad] not in whitelist
04-22 11:53:28.042  2946  2946 I ConversationToQueryExtension: ConversationToQueryExtension.onActivate():165 onActivate() : Disabled by unsupported host app
04-22 11:53:28.042 22073  6656 E NearbyConnections: EndpointManager failed to find EndpointChannel over which to write DATA at offset 612 of Payload -9007404025457505713 to endpoint T8u1 [CONTEXT service_id=54 ]
04-22 11:53:28.042 22073  6656 E NearbyConnections: EndpointManager failed to find EndpointChannel over which to write DATA at offset 612 of Payload -9007404025457505713 to endpoint T8u1 [CONTEXT service_id=54 ]
04-22 11:53:28.043  2946  2946 I CurrentMicStatusHolder: CurrentMicStatusHolder.onStartInputView():85 Current Mic status = {MicIconHidden-PasswordOrNumberOrDateInputType,}
04-22 11:53:28.043 22073  6656 E NearbyConnections: EndpointManager failed to find EndpointChannel over which to write DATA at offset 612 of Payload -9007404025457505713 to endpoint T8u1 [CONTEXT service_id=54 ]
04-22 11:53:28.075  1743  1766 I WindowManager:   SURFACE show Surface(name=InputMethod)/@0xb56ca3 on display:0: InputMethod
04-22 11:53:28.155 22073  6656 I chatty  : uid=10156(com.google.android.gms) highpool[332] identical 366 lines
04-22 11:53:28.155 22073  6656 E NearbyConnections: EndpointManager failed to find EndpointChannel over which to write DATA at offset 612 of Payload -9007404025457505713 to endpoint T8u1 [CONTEXT service_id=54 ]
04-22 11:53:28.155 24895 24895 D BoundBrokerSvc: onBind: Intent { act=com.google.android.gms.common.BIND_SHARED_PREFS pkg=com.google.android.gms }
04-22 11:53:28.155 24895 24895 D BoundBrokerSvc: Loading bound service for intent: Intent { act=com.google.android.gms.common.BIND_SHARED_PREFS pkg=com.google.android.gms }
04-22 11:53:28.155 22073  6656 E NearbyConnections: EndpointManager failed to find EndpointChannel over which to write DATA at offset 612 of Payload -9007404025457505713 to endpoint T8u1 [CONTEXT service_id=54 ]
04-22 11:53:28.159 22073  6656 I chatty  : uid=10156(com.google.android.gms) highpool[332] identical 15 lines
04-22 11:53:28.160 22073  6656 E NearbyConnections: EndpointManager failed to find EndpointChannel over which to write DATA at offset 612 of Payload -9007404025457505713 to endpoint T8u1 [CONTEXT service_id=54 ]
04-22 11:53:28.160 24895 24895 D BoundBrokerSvc: onUnbind: Intent { act=com.google.android.gms.common.BIND_SHARED_PREFS pkg=com.google.android.gms }
04-22 11:53:28.160 22073  6656 E NearbyConnections: EndpointManager failed to find EndpointChannel over which to write DATA at offset 612 of Payload -9007404025457505713 to endpoint T8u1 [CONTEXT service_id=54 ]
04-22 11:53:28.164 22073  6656 I chatty  : uid=10156(com.google.android.gms) highpool[332] identical 13 lines
04-22 11:53:28.164 22073  6656 E NearbyConnections: EndpointManager failed to find EndpointChannel over which to write DATA at offset 612 of Payload -9007404025457505713 to endpoint T8u1 [CONTEXT service_id=54 ]
04-22 11:53:28.164 24895 24895 D BoundBrokerSvc: onBind: Intent { act=com.google.android.gms.common.BIND_SHARED_PREFS pkg=com.google.android.gms }
04-22 11:53:28.164 24895 24895 D BoundBrokerSvc: Loading bound service for intent: Intent { act=com.google.android.gms.common.BIND_SHARED_PREFS pkg=com.google.android.gms }
04-22 11:53:28.164 22073  6656 E NearbyConnections: EndpointManager failed to find EndpointChannel over which to write DATA at offset 612 of Payload -9007404025457505713 to endpoint T8u1 [CONTEXT service_id=54 ]
04-22 11:53:28.166 22073  6656 I chatty  : uid=10156(com.google.android.gms) highpool[332] identical 5 lines
04-22 11:53:28.166 22073  6656 E NearbyConnections: EndpointManager failed to find EndpointChannel over which to write DATA at offset 612 of Payload -9007404025457505713 to endpoint T8u1 [CONTEXT service_id=54 ]
04-22 11:53:28.166 24895 24895 D BoundBrokerSvc: onUnbind: Intent { act=com.google.android.gms.common.BIND_SHARED_PREFS pkg=com.google.android.gms }
04-22 11:53:28.166 22073  6656 E NearbyConnections: EndpointManager failed to find EndpointChannel over which to write DATA at offset 612 of Payload -9007404025457505713 to endpoint T8u1 [CONTEXT service_id=54 ]
04-22 11:53:29.725  2308  2308 V DeadZone: consuming errant click: (101.858536,41.02832)
04-22 11:53:29.726  2308  2308 V DeadZone: consuming errant click: (101.858536,41.02832)
04-22 11:53:30.149  2308  2308 V DeadZone: consuming errant click: (73.89737,12.047363)
04-22 11:53:30.149  2308  2308 V DeadZone: consuming errant click: (73.89737,12.047363)
04-22 11:53:30.766  2308  2308 V DeadZone: consuming errant click: (101.858536,12.047363)
04-22 11:53:31.318 22073  6656 I chatty  : uid=10156(com.google.android.gms) highpool[332] identical 11844 lines
04-22 11:53:31.318 22073  6656 E NearbyConnections: EndpointManager failed to find EndpointChannel over which to write DATA at offset 612 of Payload -9007404025457505713 to endpoint T8u1 [CONTEXT service_id=54 ]
04-22 11:53:31.318  2308  2308 I KeyButtonView: Back button event: ACTION_DOWN
04-22 11:53:31.318 22073  6656 E NearbyConnections: EndpointManager failed to find EndpointChannel over which to write DATA at offset 612 of Payload -9007404025457505713 to endpoint T8u1 [CONTEXT service_id=54 ]
04-22 11:53:31.320 22073  6656 I chatty  : uid=10156(com.google.android.gms) highpool[332] identical 7 lines
04-22 11:53:31.320 22073  6656 E NearbyConnections: EndpointManager failed to find EndpointChannel over which to write DATA at offset 612 of Payload -9007404025457505713 to endpoint T8u1 [CONTEXT service_id=54 ]
04-22 11:53:31.321  1743  2156 V InputDispatcher: Asynchronous input event injection succeeded.
04-22 11:53:31.321 22073  6656 E NearbyConnections: EndpointManager failed to find EndpointChannel over which to write DATA at offset 612 of Payload -9007404025457505713 to endpoint T8u1 [CONTEXT service_id=54 ]
04-22 11:53:31.384 22073  6656 I chatty  : uid=10156(com.google.android.gms) highpool[332] identical 243 lines
04-22 11:53:31.384 22073  6656 E NearbyConnections: EndpointManager failed to find EndpointChannel over which to write DATA at offset 612 of Payload -9007404025457505713 to endpoint T8u1 [CONTEXT service_id=54 ]
04-22 11:53:31.384  2308  2308 I KeyButtonView: Back button event: ACTION_UP
04-22 11:53:31.385 22073  6656 E NearbyConnections: EndpointManager failed to find EndpointChannel over which to write DATA at offset 612 of Payload -9007404025457505713 to endpoint T8u1 [CONTEXT service_id=54 ]
04-22 11:53:31.385 22073  6656 I chatty  : uid=10156(com.google.android.gms) highpool[332] identical 1 line
04-22 11:53:31.386 22073  6656 E NearbyConnections: EndpointManager failed to find EndpointChannel over which to write DATA at offset 612 of Payload -9007404025457505713 to endpoint T8u1 [CONTEXT service_id=54 ]
04-22 11:53:31.386  1743  2156 V InputDispatcher: Asynchronous input event injection succeeded.
04-22 11:53:31.386 22073  6656 E NearbyConnections: EndpointManager failed to find EndpointChannel over which to write DATA at offset 612 of Payload -9007404025457505713 to endpoint T8u1 [CONTEXT service_id=54 ]
04-22 11:53:31.391 22073  6656 I chatty  : uid=10156(com.google.android.gms) highpool[332] identical 13 lines
04-22 11:53:31.392 22073  6656 E NearbyConnections: EndpointManager failed to find EndpointChannel over which to write DATA at offset 612 of Payload -9007404025457505713 to endpoint T8u1 [CONTEXT service_id=54 ]
04-22 11:53:31.392  2946  2946 I AndroidIME: AbstractIme.onDeactivate():145 DummyIme.onDeactivate()
04-22 11:53:31.392 22073  6656 E NearbyConnections: EndpointManager failed to find EndpointChannel over which to write DATA at offset 612 of Payload -9007404025457505713 to endpoint T8u1 [CONTEXT service_id=54 ]
04-22 11:53:31.727 22073  6656 I chatty  : uid=10156(com.google.android.gms) highpool[332] identical 1160 lines
04-22 11:53:31.727 22073  6656 E NearbyConnections: EndpointManager failed to find EndpointChannel over which to write DATA at offset 612 of Payload -9007404025457505713 to endpoint T8u1 [CONTEXT service_id=54 ]
04-22 11:53:31.725     0     0 W swapper/0: type=1400 audit(0.0:2808): avc: denied { kill } for uid=0 capability=5 scontext=u:r:kernel:s0 tcontext=u:r:kernel:s0 tclass=capability permissive=0
04-22 11:53:31.727 22073  6656 E NearbyConnections: EndpointManager failed to find EndpointChannel over which to write DATA at offset 612 of Payload -9007404025457505713 to endpoint T8u1 [CONTEXT service_id=54 ]
04-22 11:53:32.486 22073  6656 I chatty  : uid=10156(com.google.android.gms) highpool[332] identical 2905 lines
04-22 11:53:32.487 22073  6656 E NearbyConnections: EndpointManager failed to find EndpointChannel over which to write DATA at offset 612 of Payload -9007404025457505713 to endpoint T8u1 [CONTEXT service_id=54 ]
04-22 11:53:32.487  2946  2946 I KeyboardViewUtil: KeyboardViewUtil.getKeyboardHeightRatio():127 systemKeyboardHeightRatio:1.000000; userKeyboardHeightRatio:1.000000.
04-22 11:53:32.487  2946  2946 I AndroidIME: AbstractIme.onActivate():83 LatinIme.onActivate() : EditorInfo = Package = com.google.location.nearby.apps.connectedcrossroad : Type = Text : Learning = Enable : Suggestion = Show : AutoCorrection = Enable : Microphone = Show : NoPersonalizedLearning = Disable, IncognitoMode = false
04-22 11:53:32.487  2946  2946 I Delight5Facilitator: Delight5Facilitator.initializeForIme():574 initializeForIme() : Locale = [en_US], layout = qwerty
04-22 11:53:32.487 22073  6656 E NearbyConnections: EndpointManager failed to find EndpointChannel over which to write DATA at offset 612 of Payload -9007404025457505713 to endpoint T8u1 [CONTEXT service_id=54 ]
04-22 11:53:32.487  2946  2946 I VoiceInputManagerWrapper: VoiceInputManagerWrapper.cancelShutdown():54 cancelShutdown()
04-22 11:53:32.487  2946  2946 I VoiceInputManagerWrapper: VoiceInputManagerWrapper.syncLanguagePacks():66 syncLanguagePacks()
04-22 11:53:32.487 22073  6656 E NearbyConnections: EndpointManager failed to find EndpointChannel over which to write DATA at offset 612 of Payload -9007404025457505713 to endpoint T8u1 [CONTEXT service_id=54 ]
04-22 11:53:32.487 22073  6656 I chatty  : uid=10156(com.google.android.gms) highpool[332] identical 1 line
04-22 11:53:32.488 22073  6656 E NearbyConnections: EndpointManager failed to find EndpointChannel over which to write DATA at offset 612 of Payload -9007404025457505713 to endpoint T8u1 [CONTEXT service_id=54 ]
04-22 11:53:32.488  2946 27033 I SpeechFactory: SpeechRecognitionFactory.maybeScheduleAutoPackDownloadForFallback():155 maybeScheduleAutoPackDownloadForFallback()
04-22 11:53:32.488  2946 27033 I FallbackOnDeviceRecognitionProvider: FallbackOnDeviceRecognitionProvider.maybeScheduleAutoPackDownload():200 maybeScheduleAutoPackDownload() for language tag en-US
04-22 11:53:32.488 22073  6656 E NearbyConnections: EndpointManager failed to find EndpointChannel over which to write DATA at offset 612 of Payload -9007404025457505713 to endpoint T8u1 [CONTEXT service_id=54 ]
04-22 11:53:32.488 22073  6656 I chatty  : uid=10156(com.google.android.gms) highpool[332] identical 2 lines
04-22 11:53:32.489 22073  6656 E NearbyConnections: EndpointManager failed to find EndpointChannel over which to write DATA at offset 612 of Payload -9007404025457505713 to endpoint T8u1 [CONTEXT service_id=54 ]
04-22 11:53:32.489  2946  2946 I KeyboardWrapper: KeyboardWrapper.consumeEvent():264 Skip consuming an event as current keyboard is deactivated (state=0, keyboard existence=true)
04-22 11:53:32.489 22073  6656 E NearbyConnections: EndpointManager failed to find EndpointChannel over which to write DATA at offset 612 of Payload -9007404025457505713 to endpoint T8u1 [CONTEXT service_id=54 ]
04-22 11:53:32.490 22073  6656 I chatty  : uid=10156(com.google.android.gms) highpool[332] identical 1 line
04-22 11:53:32.491 22073  6656 E NearbyConnections: EndpointManager failed to find EndpointChannel over which to write DATA at offset 612 of Payload -9007404025457505713 to endpoint T8u1 [CONTEXT service_id=54 ]
04-22 11:53:32.491  2946  2946 E KeyboardViewController: KeyboardViewController.clearSubViewControllerInternal():373 Clears keyboard sub view controller for keyboardType: null, viewType: HEADER, viewId: 2131432509(softkey_holder_fixed_candidates),which has not been set.
04-22 11:53:32.491  2946  2946 E KeyboardViewController: jjy
04-22 11:53:32.491  2946  2946 E KeyboardViewController: 	at djm.b(PG:17)
04-22 11:53:32.491  2946  2946 E KeyboardViewController: 	at djm.a(PG:12)
04-22 11:53:32.491  2946  2946 E KeyboardViewController: 	at bna.c(PG:99)
04-22 11:53:32.491  2946  2946 E KeyboardViewController: 	at com.google.android.apps.inputmethod.latin.keyboard.LatinSymbolsKeyboard.b(PG:19)
04-22 11:53:32.491  2946  2946 E KeyboardViewController: 	at dkc.a(PG:38)
04-22 11:53:32.491  2946  2946 E KeyboardViewController: 	at dia.a(PG:44)
04-22 11:53:32.491  2946  2946 E KeyboardViewController: 	at dkc.a(PG:52)
04-22 11:53:32.491  2946  2946 E KeyboardViewController: 	at dfq.a(PG:29)
04-22 11:53:32.491  2946  2946 E KeyboardViewController: 	at dfq.C(PG:22)
04-22 11:53:32.491  2946  2946 E KeyboardViewController: 	at dfu.d(PG:11)
04-22 11:53:32.491  2946  2946 E KeyboardViewController: 	at dfu.b(PG:109)
04-22 11:53:32.491  2946  2946 E KeyboardViewController: 	at com.android.inputmethod.latin.LatinIME.b(PG:333)
04-22 11:53:32.491  2946  2946 E KeyboardViewController: 	at dew.onStartInputView(PG:755)
04-22 11:53:32.491  2946  2946 E KeyboardViewController: 	at android.inputmethodservice.InputMethodService.startViews(InputMethodService.java:2001)
04-22 11:53:32.491  2946  2946 E KeyboardViewController: 	at android.inputmethodservice.InputMethodService.showWindow(InputMethodService.java:1930)
04-22 11:53:32.491  2946  2946 E KeyboardViewController: 	at android.inputmethodservice.InputMethodService$InputMethodImpl.showSoftInput(InputMethodService.java:648)
04-22 11:53:32.491  2946  2946 E KeyboardViewController: 	at android.inputmethodservice.IInputMethodWrapper.executeMessage(IInputMethodWrapper.java:220)
04-22 11:53:32.491  2946  2946 E KeyboardViewController: 	at com.android.internal.os.HandlerCaller$MyHandler.handleMessage(HandlerCaller.java:44)
04-22 11:53:32.491  2946  2946 E KeyboardViewController: 	at android.os.Handler.dispatchMessage(Handler.java:107)
04-22 11:53:32.491  2946  2946 E KeyboardViewController: 	at android.os.Looper.loop(Looper.java:241)
04-22 11:53:32.491  2946  2946 E KeyboardViewController: 	at android.app.ActivityThread.main(ActivityThread.java:7604)
04-22 11:53:32.491  2946  2946 E KeyboardViewController: 	at java.lang.reflect.Method.invoke(Native Method)
04-22 11:53:32.491  2946  2946 E KeyboardViewController: 	at com.android.internal.os.RuntimeInit$MethodAndArgsCaller.run(RuntimeInit.java:492)
04-22 11:53:32.491  2946  2946 E KeyboardViewController: 	at com.android.internal.os.ZygoteInit.main(ZygoteInit.java:941)
04-22 11:53:32.491 22073  6656 E NearbyConnections: EndpointManager failed to find EndpointChannel over which to write DATA at offset 612 of Payload -9007404025457505713 to endpoint T8u1 [CONTEXT service_id=54 ]
04-22 11:53:32.491  2946  2946 I KeyboardViewController: KeyboardViewController.hide():736 Requesting to hide sub view with id 2131432509 softkey_holder_fixed_candidates which doesn't exist in current keyboard view
04-22 11:53:32.491  2946  2946 I KeyboardViewController: KeyboardViewController.hide():736 Requesting to hide sub view with id 2131429524 scrollable_suggestion_strip_overlay which doesn't exist in current keyboard view
04-22 11:53:32.491 22073  6656 E NearbyConnections: EndpointManager failed to find EndpointChannel over which to write DATA at offset 612 of Payload -9007404025457505713 to endpoint T8u1 [CONTEXT service_id=54 ]
04-22 11:53:32.511 22073  6656 I chatty  : uid=10156(com.google.android.gms) highpool[332] identical 75 lines
04-22 11:53:32.511 22073  6656 E NearbyConnections: EndpointManager failed to find EndpointChannel over which to write DATA at offset 612 of Payload -9007404025457505713 to endpoint T8u1 [CONTEXT service_id=54 ]
04-22 11:53:32.511  2946  2946 W KeyboardModeManager: KeyboardModeManager.setInputView():359 setInputView() : inputView = com.google.android.apps.inputmethod.libs.framework.core.InputView{1d9772e V.E...... ......ID 0,0-720,1380}
04-22 11:53:32.511 22073  6656 E NearbyConnections: EndpointManager failed to find EndpointChannel over which to write DATA at offset 612 of Payload -9007404025457505713 to endpoint T8u1 [CONTEXT service_id=54 ]
04-22 11:53:32.513 22073  6656 I chatty  : uid=10156(com.google.android.gms) highpool[332] identical 6 lines
04-22 11:53:32.514 22073  6656 E NearbyConnections: EndpointManager failed to find EndpointChannel over which to write DATA at offset 612 of Payload -9007404025457505713 to endpoint T8u1 [CONTEXT service_id=54 ]
04-22 11:53:32.514  2946  2946 I ConversationToQueryExtension: ConversationToQueryExtension.isEnabledForHostApp():254 Conv2Query not enabled due to current app [com.google.location.nearby.apps.connectedcrossroad] not in whitelist
04-22 11:53:32.514  2946  2946 I ConversationToQueryExtension: ConversationToQueryExtension.onActivate():165 onActivate() : Disabled by unsupported host app
04-22 11:53:32.514 22073  6656 E NearbyConnections: EndpointManager failed to find EndpointChannel over which to write DATA at offset 612 of Payload -9007404025457505713 to endpoint T8u1 [CONTEXT service_id=54 ]
04-22 11:53:32.558 22073  6656 I chatty  : uid=10156(com.google.android.gms) highpool[332] identical 158 lines
04-22 11:53:32.558 22073  6656 E NearbyConnections: EndpointManager failed to find EndpointChannel over which to write DATA at offset 612 of Payload -9007404025457505713 to endpoint T8u1 [CONTEXT service_id=54 ]
04-22 11:53:32.558 24895 24895 D BoundBrokerSvc: onBind: Intent { act=com.google.android.gms.common.BIND_SHARED_PREFS pkg=com.google.android.gms }
04-22 11:53:32.558 24895 24895 D BoundBrokerSvc: Loading bound service for intent: Intent { act=com.google.android.gms.common.BIND_SHARED_PREFS pkg=com.google.android.gms }
04-22 11:53:32.558 22073  6656 E NearbyConnections: EndpointManager failed to find EndpointChannel over which to write DATA at offset 612 of Payload -9007404025457505713 to endpoint T8u1 [CONTEXT service_id=54 ]
04-22 11:53:32.561 22073  6656 I chatty  : uid=10156(com.google.android.gms) highpool[332] identical 9 lines
04-22 11:53:32.561 22073  6656 E NearbyConnections: EndpointManager failed to find EndpointChannel over which to write DATA at offset 612 of Payload -9007404025457505713 to endpoint T8u1 [CONTEXT service_id=54 ]
04-22 11:53:32.561 24895 24895 D BoundBrokerSvc: onUnbind: Intent { act=com.google.android.gms.common.BIND_SHARED_PREFS pkg=com.google.android.gms }
04-22 11:53:32.561 22073  6656 E NearbyConnections: EndpointManager failed to find EndpointChannel over which to write DATA at offset 612 of Payload -9007404025457505713 to endpoint T8u1 [CONTEXT service_id=54 ]
04-22 11:53:32.569 22073  6656 I chatty  : uid=10156(com.google.android.gms) highpool[332] identical 26 lines
04-22 11:53:32.570 22073  6656 E NearbyConnections: EndpointManager failed to find EndpointChannel over which to write DATA at offset 612 of Payload -9007404025457505713 to endpoint T8u1 [CONTEXT service_id=54 ]
04-22 11:53:32.570 24895 24895 D BoundBrokerSvc: onBind: Intent { act=com.google.android.gms.common.BIND_SHARED_PREFS pkg=com.google.android.gms }
04-22 11:53:32.570 24895 24895 D BoundBrokerSvc: Loading bound service for intent: Intent { act=com.google.android.gms.common.BIND_SHARED_PREFS pkg=com.google.android.gms }
04-22 11:53:32.570 22073  6656 E NearbyConnections: EndpointManager failed to find EndpointChannel over which to write DATA at offset 612 of Payload -9007404025457505713 to endpoint T8u1 [CONTEXT service_id=54 ]
04-22 11:53:30.766  2308  2308 V DeadZone: consuming errant click: (101.858536,12.047363)
04-22 11:53:32.572  1743  1766 I WindowManager:   SURFACE show Surface(name=InputMethod)/@0xc9df918 on display:0: InputMethod
04-22 11:53:32.579 22073  6656 I chatty  : uid=10156(com.google.android.gms) highpool[332] identical 19 lines
04-22 11:53:32.579 22073  6656 E NearbyConnections: EndpointManager failed to find EndpointChannel over which to write DATA at offset 612 of Payload -9007404025457505713 to endpoint T8u1 [CONTEXT service_id=54 ]
04-22 11:53:32.580 24895 24895 D BoundBrokerSvc: onUnbind: Intent { act=com.google.android.gms.common.BIND_SHARED_PREFS pkg=com.google.android.gms }
04-22 11:53:32.580 22073  6656 E NearbyConnections: EndpointManager failed to find EndpointChannel over which to write DATA at offset 612 of Payload -9007404025457505713 to endpoint T8u1 [CONTEXT service_id=54 ]
04-22 11:53:33.632 22073  6656 I chatty  : uid=10156(com.google.android.gms) highpool[332] identical 3789 lines
04-22 11:53:33.632 22073  6656 E NearbyConnections: EndpointManager failed to find EndpointChannel over which to write DATA at offset 612 of Payload -9007404025457505713 to endpoint T8u1 [CONTEXT service_id=54 ]
04-22 11:53:33.632  2946  8717 I TiresiasImpl: TiresiasImpl.resetSession():1228 resetSession(): Reset failed, no active session.
04-22 11:53:33.633 22073  6656 E NearbyConnections: EndpointManager failed to find EndpointChannel over which to write DATA at offset 612 of Payload -9007404025457505713 to endpoint T8u1 [CONTEXT service_id=54 ]
04-22 11:53:33.645 22073  6656 I chatty  : uid=10156(com.google.android.gms) highpool[332] identical 24 lines
04-22 11:53:33.646 22073  6656 E NearbyConnections: EndpointManager failed to find EndpointChannel over which to write DATA at offset 612 of Payload -9007404025457505713 to endpoint T8u1 [CONTEXT service_id=54 ]
04-22 11:53:33.646  2946  2946 I ShortcutsDataManager: ShortcutsDataManager.onContentChanged():89 onContentChanged()
04-22 11:53:33.647 22073  6656 E NearbyConnections: EndpointManager failed to find EndpointChannel over which to write DATA at offset 612 of Payload -9007404025457505713 to endpoint T8u1 [CONTEXT service_id=54 ]
04-22 11:53:33.883 22073  6656 I chatty  : uid=10156(com.google.android.gms) highpool[332] identical 861 lines
