04-22 10:43:31.945  1743  2078 I chatty  : uid=1000(system) AccountManagerS expire 1 line
04-22 10:43:31.952  1743  2660 I chatty  : uid=1000(system) android.fg expire 1 line
04-22 10:43:32.048  1743  2443 I chatty  : uid=1000(system) Binder:1743_8 expire 7 lines
04-22 10:43:32.167  1743  1743 I chatty  : uid=1000 system_server expire 12 lines
04-22 10:43:32.167  1743  1772 I chatty  : uid=1000(system) ActivityManager expire 17 lines
04-22 10:43:32.188  1743  1762 I chatty  : uid=1000(system) android.fg expire 2 lines
04-22 10:43:32.607  1743 11436 I chatty  : uid=1000(system) Binder:1743_1E expire 5 lines
04-22 10:43:32.642  1743  1773 I chatty  : uid=1000(system) ActivityManager expire 6 lines
04-22 10:43:32.652  1743  1766 I chatty  : uid=1000(system) android.anim expire 17 lines
04-22 10:43:33.309  1743  3398 I chatty  : uid=1000(system) Binder:1743_D expire 1 line
04-22 10:43:48.024  1743  2246 I chatty  : uid=1000(system) NsdService expire 12 lines
04-22 10:43:51.914  2308  2308 V DeadZone: consuming errant click: (50.929268,11.047974)
04-22 10:43:51.914  2308  2308 V DeadZone: consuming errant click: (50.929268,11.047974)
04-22 10:44:13.309  1743  2059 I chatty  : uid=1000(system) UEventObserver expire 19 lines
04-22 10:46:42.651  1743  2233 I chatty  : uid=1000(system) Binder:1743_5 expire 7 lines
04-22 10:46:42.736  1743  2383 I chatty  : uid=1000(system) Binder:1743_6 expire 1 line
04-22 10:46:42.746  1743  1765 I chatty  : uid=1000(system) android.display expire 2 lines
04-22 10:49:07.918  1743  9612 I chatty  : uid=1000(system) Binder:1743_1B expire 1 line
04-22 10:49:07.948  1743 10153 I chatty  : uid=1000(system) Binder:1743_1C expire 2 lines
04-22 10:54:08.752  1743  1771 I chatty  : uid=1000(system) android.bg expire 2 lines
04-22 11:00:55.344  1743  5895 I chatty  : uid=1000(system) Binder:1743_16 expire 2 lines
04-22 11:01:30.894  1743  7290 I chatty  : uid=1000(system) Binder:1743_1A expire 20 lines
04-22 11:01:30.987  1743  1765 I chatty  : uid=1000(system) android.display expire 2 lines
04-22 11:01:30.995  1743 11433 I chatty  : uid=1000(system) Binder:1743_1D expire 1 line
04-22 11:01:31.008  1743  1766 I chatty  : uid=1000(system) android.anim expire 15 lines
04-22 11:01:35.272  1743  3384 I chatty  : uid=1000(system) Binder:1743_B expire 1 line
04-22 11:01:37.500  1743  2246 I chatty  : uid=1000(system) NsdService expire 2 lines
04-22 11:01:37.539  1743  1743 I chatty  : uid=1000 system_server expire 14 lines
04-22 11:01:37.786  1743  2059 I chatty  : uid=1000(system) UEventObserver expire 3 lines
04-22 11:01:38.569  1743  1773 I chatty  : uid=1000(system) ActivityManager expire 1 line
04-22 11:01:38.927  1743 12220 I chatty  : uid=1000(system) Binder:1743_20 expire 2 lines
04-22 11:01:47.852  1743  1772 I chatty  : uid=1000(system) ActivityManager expire 24 lines
04-22 11:03:50.810  1743 11436 I chatty  : uid=1000(system) Binder:1743_1E expire 1 line
04-22 11:03:59.412  1743  1788 I chatty  : uid=1000(system) PackageManager expire 45 lines
04-22 11:03:59.672  1743  2078 I chatty  : uid=1000(system) AccountManagerS expire 1 line
04-22 11:03:59.688  1743  2660 I chatty  : uid=1000(system) android.fg expire 1 line
04-22 11:03:59.798  1743  2232 I chatty  : uid=1000(system) Binder:1743_4 expire 1 line
04-22 11:03:59.890  1743  3657 I chatty  : uid=1000(system) Binder:1743_F expire 1 line
04-22 11:03:59.891  1743  1743 I chatty  : uid=1000 system_server expire 15 lines
04-22 11:03:59.902  1743  1772 I chatty  : uid=1000(system) ActivityManager expire 29 lines
04-22 11:03:59.916  1743  1762 I chatty  : uid=1000(system) android.fg expire 2 lines
04-22 11:04:00.249  1743  5895 I chatty  : uid=1000(system) Binder:1743_16 expire 4 lines
04-22 11:04:00.289  1743  1766 I chatty  : uid=1000(system) android.anim expire 12 lines
04-22 11:04:00.290  1743  1773 I chatty  : uid=1000(system) ActivityManager expire 1 line
04-22 11:04:00.645  1743  2232 I chatty  : uid=1000(system) Binder:1743_4 expire 1 line
04-22 11:04:00.967  1743  3659 I chatty  : uid=1000(system) Binder:1743_10 expire 1 line
04-22 11:04:03.415  1743  2246 I chatty  : uid=1000(system) NsdService expire 7 lines
04-22 11:04:30.270  1743  1761 I chatty  : uid=1000(system) Binder:1743_2 expire 1 line
04-22 11:04:30.313  1743  2838 I chatty  : uid=1000(system) Binder:1743_A expire 1 line
04-22 11:04:42.113  1743  2059 I chatty  : uid=1000(system) UEventObserver expire 1 line
04-22 11:04:59.447  1743  7056 I chatty  : uid=1000(system) Binder:1743_19 expire 7 lines
04-22 11:04:59.537  1743  1765 I chatty  : uid=1000(system) android.display expire 1 line
04-22 11:04:59.544  1743  5994 I chatty  : uid=1000(system) Binder:1743_17 expire 1 line
04-22 11:05:23.771  1743  2836 I chatty  : uid=1000(system) Binder:1743_9 expire 1 line
04-22 11:05:33.957  1743  1788 I chatty  : uid=1000(system) PackageManager expire 45 lines
04-22 11:05:34.194  1743  2078 I chatty  : uid=1000(system) AccountManagerS expire 1 line
04-22 11:05:34.205  1743  2660 I chatty  : uid=1000(system) android.fg expire 1 line
04-22 11:05:34.214  1743  1772 I chatty  : uid=1000(system) ActivityManager expire 33 lines
04-22 11:05:34.297  1743  3657 I chatty  : uid=1000(system) Binder:1743_F expire 1 line
04-22 11:05:34.410  1743  1743 I chatty  : uid=1000 system_server expire 15 lines
04-22 11:05:34.449  1743  7056 I chatty  : uid=1000(system) Binder:1743_19 expire 2 lines
04-22 11:05:34.496  1743  1762 I chatty  : uid=1000(system) android.fg expire 2 lines
04-22 11:05:34.833  1743  3392 I chatty  : uid=1000(system) Binder:1743_C expire 5 lines
04-22 11:05:34.862  1743  1773 I chatty  : uid=1000(system) ActivityManager expire 4 lines
04-22 11:05:34.869  1743  1766 I chatty  : uid=1000(system) android.anim expire 11 lines
04-22 11:05:38.196  1743  2246 I chatty  : uid=1000(system) NsdService expire 7 lines
04-22 11:05:43.559  1743  2059 I chatty  : uid=1000(system) UEventObserver expire 8 lines
04-22 11:08:22.289  1743  9612 I chatty  : uid=1000(system) Binder:1743_1B expire 2 lines
04-22 11:08:48.905  1743  2232 I chatty  : uid=1000(system) Binder:1743_4 expire 7 lines
04-22 11:08:48.970  1743  4798 I chatty  : uid=1000(system) Binder:1743_12 expire 1 line
04-22 11:08:49.008  1743  1765 I chatty  : uid=1000(system) android.display expire 1 line
04-22 11:09:07.410  1743  1788 I chatty  : uid=1000(system) PackageManager expire 56 lines
04-22 11:09:07.608  1743  2078 I chatty  : uid=1000(system) AccountManagerS expire 1 line
04-22 11:09:07.611  1743  2660 I chatty  : uid=1000(system) android.fg expire 1 line
04-22 11:09:07.619  1743  1772 I chatty  : uid=1000(system) ActivityManager expire 36 lines
04-22 11:09:07.725  1743  2039 I chatty  : uid=1000(system) Binder:1743_3 expire 8 lines
04-22 11:09:07.890  1743  1761 I chatty  : uid=1000(system) Binder:1743_2 expire 1 line
04-22 11:09:07.891  1743  1762 I chatty  : uid=1000(system) android.fg expire 2 lines
04-22 11:09:07.949  1743  1743 I chatty  : uid=1000 system_server expire 16 lines
04-22 11:09:08.206  1743  7056 I chatty  : uid=1000(system) Binder:1743_19 expire 4 lines
04-22 11:09:08.253  1743  1766 I chatty  : uid=1000(system) android.anim expire 11 lines
04-22 11:09:08.263  1743  1773 I chatty  : uid=1000(system) ActivityManager expire 3 lines
04-22 11:09:08.613  1743  9612 I chatty  : uid=1000(system) Binder:1743_1B expire 1 line
04-22 11:09:09.002  1743  5994 I chatty  : uid=1000(system) Binder:1743_17 expire 1 line
04-22 11:09:15.355  1743  2246 I chatty  : uid=1000(system) NsdService expire 7 lines
04-22 11:09:36.564  1743  3384 I chatty  : uid=1000(system) Binder:1743_B expire 1 line
04-22 11:09:49.321  1743  2059 I chatty  : uid=1000(system) UEventObserver expire 5 lines
04-22 11:13:12.348  1743  7290 I chatty  : uid=1000(system) Binder:1743_1A expire 1 line
04-22 11:13:12.379  1743  1765 I chatty  : uid=1000(system) android.display expire 1 line
04-22 11:13:13.274  1743  3398 I chatty  : uid=1000(system) Binder:1743_D expire 1 line
04-22 11:13:21.165  1743 11968 I chatty  : uid=1000(system) Binder:1743_1F expire 1 line
04-22 11:13:29.286  1743  1788 I chatty  : uid=1000(system) PackageManager expire 34 lines
04-22 11:13:29.463  1743  2078 I chatty  : uid=1000(system) AccountManagerS expire 1 line
04-22 11:13:29.476  1743  2660 I chatty  : uid=1000(system) android.fg expire 1 line
04-22 11:13:29.493  1743  1772 I chatty  : uid=1000(system) ActivityManager expire 24 lines
04-22 11:13:29.607  1743  3656 I chatty  : uid=1000(system) Binder:1743_E expire 1 line
04-22 11:13:29.640  1743  1743 I chatty  : uid=1000 system_server expire 17 lines
04-22 11:13:29.721  1743  4666 I chatty  : uid=1000(system) Binder:1743_11 expire 2 lines
04-22 11:13:29.741  1743  1762 I chatty  : uid=1000(system) android.fg expire 2 lines
04-22 11:13:30.037  1743  2836 I chatty  : uid=1000(system) Binder:1743_9 expire 6 lines
04-22 11:13:30.078  1743  1773 I chatty  : uid=1000(system) ActivityManager expire 2 lines
04-22 11:13:30.086  1743  1766 I chatty  : uid=1000(system) android.anim expire 13 lines
04-22 11:13:30.847  1743  5994 I chatty  : uid=1000(system) Binder:1743_17 expire 1 line
04-22 11:13:42.674  1743 10153 I chatty  : uid=1000(system) Binder:1743_1C expire 1 line
04-22 11:13:44.835  1743  2838 I chatty  : uid=1000(system) Binder:1743_A expire 2 lines
04-22 11:13:44.874  1743  3384 I chatty  : uid=1000(system) Binder:1743_B expire 1 line
04-22 11:13:55.067  1743  2059 I chatty  : uid=1000(system) UEventObserver expire 2 lines
04-22 11:13:57.398  1743  2246 I chatty  : uid=1000(system) NsdService expire 7 lines
04-22 11:14:50.929  1743 11433 I chatty  : uid=1000(system) Binder:1743_1D expire 9 lines
04-22 11:14:50.987  1743 12220 I chatty  : uid=1000(system) Binder:1743_20 expire 1 line
04-22 11:14:51.023  1743  1765 I chatty  : uid=1000(system) android.display expire 1 line
04-22 11:15:23.779  1743  2232 I chatty  : uid=1000(system) Binder:1743_4 expire 6 lines
04-22 11:15:24.630  1743  1766 I chatty  : uid=1000(system) android.anim expire 9 lines
04-22 11:15:52.857  1743  2059 I chatty  : uid=1000(system) UEventObserver expire 5 lines
04-22 11:15:52.902  1743  1773 I chatty  : uid=1000(system) ActivityManager expire 1 line
04-22 11:15:54.246  1743  1743 I chatty  : uid=1000 system_server expire 14 lines
04-22 11:15:54.579  1743  2246 I chatty  : uid=1000(system) NsdService expire 7 lines
04-22 11:16:00.834  1743  1772 I chatty  : uid=1000(system) ActivityManager expire 29 lines
04-22 11:17:41.770  1743  1771 I chatty  : uid=1000(system) android.bg expire 2 lines
04-22 11:18:57.010  1743 11436 I chatty  : uid=1000(system) Binder:1743_1E expire 8 lines
04-22 11:18:57.087  1743  1765 I chatty  : uid=1000(system) android.display expire 1 line
04-22 11:19:09.416  1743  1788 I chatty  : uid=1000(system) PackageManager expire 45 lines
04-22 11:19:09.659  1743  2078 I chatty  : uid=1000(system) AccountManagerS expire 1 line
04-22 11:19:09.666  1743  2660 I chatty  : uid=1000(system) android.fg expire 1 line
04-22 11:19:09.752  1743  2383 I chatty  : uid=1000(system) Binder:1743_6 expire 1 line
04-22 11:19:09.945  1743  1762 I chatty  : uid=1000(system) android.fg expire 2 lines
04-22 11:19:09.985  1743  5994 I chatty  : uid=1000(system) Binder:1743_17 expire 1 line
04-22 11:19:10.714  1743  5895 I chatty  : uid=1000(system) Binder:1743_16 expire 12 lines
04-22 11:19:10.738  1743  1743 I chatty  : uid=1000 system_server expire 14 lines
04-22 11:19:10.753  1743  1766 I chatty  : uid=1000(system) android.anim expire 22 lines
04-22 11:19:10.758  1743  1773 I chatty  : uid=1000(system) ActivityManager expire 2 lines
04-22 11:19:11.112  1743  3656 I chatty  : uid=1000(system) Binder:1743_E expire 1 line
04-22 11:19:11.512  1743  5994 I chatty  : uid=1000(system) Binder:1743_17 expire 1 line
04-22 11:19:23.254  1743  2246 I chatty  : uid=1000(system) NsdService expire 14 lines
04-22 11:19:39.282  1743  1772 I chatty  : uid=1000(system) ActivityManager expire 6 lines
04-22 11:20:03.707  1743  2059 I chatty  : uid=1000(system) UEventObserver expire 9 lines
04-22 11:20:57.235  1743  7290 I chatty  : uid=1000(system) Binder:1743_1A expire 7 lines
04-22 11:20:57.329  1743  1765 I chatty  : uid=1000(system) android.display expire 2 lines
04-22 11:21:07.490  1743 11433 I chatty  : uid=1000(system) Binder:1743_1D expire 2 lines
04-22 11:23:45.965  1743  2039 I chatty  : uid=1000(system) Binder:1743_3 expire 8 lines
04-22 11:25:05.241  1743  4868 I chatty  : uid=1000(system) Binder:1743_13 expire 4 lines
04-22 11:25:05.660  1743  6519 I chatty  : uid=1000(system) Binder:1743_18 expire 1 line
04-22 11:26:22.424  1743  4798 I chatty  : uid=1000(system) Binder:1743_12 expire 1 line
04-22 11:27:00.233  1743  1788 I chatty  : uid=1000(system) PackageManager expire 73 lines
04-22 11:27:00.562  1743  1743 I chatty  : uid=1000 system_server expire 15 lines
04-22 11:27:00.568  1743  2078 I chatty  : uid=1000(system) AccountManagerS expire 1 line
04-22 11:27:00.572  1743  2660 I chatty  : uid=1000(system) android.fg expire 1 line
04-22 11:27:00.588  1743  1772 I chatty  : uid=1000(system) ActivityManager expire 28 lines
04-22 11:27:00.671  1743  4798 I chatty  : uid=1000(system) Binder:1743_12 expire 1 line
04-22 11:27:00.855  1743  4666 I chatty  : uid=1000(system) Binder:1743_11 expire 1 line
04-22 11:27:00.893  1743  1762 I chatty  : uid=1000(system) android.fg expire 2 lines
04-22 11:27:01.146  1743 11433 I chatty  : uid=1000(system) Binder:1743_1D expire 4 lines
04-22 11:27:01.187  1743  1766 I chatty  : uid=1000(system) android.anim expire 12 lines
04-22 11:27:01.190  1743  1773 I chatty  : uid=1000(system) ActivityManager expire 2 lines
04-22 11:27:01.551  1743  5994 I chatty  : uid=1000(system) Binder:1743_17 expire 2 lines
04-22 11:27:05.582  1743  2246 I chatty  : uid=1000(system) NsdService expire 7 lines
04-22 11:27:13.788  1743  2059 I chatty  : uid=1000(system) UEventObserver expire 2 lines
04-22 11:28:49.841  1743 12220 I chatty  : uid=1000(system) Binder:1743_20 expire 7 lines
04-22 11:28:49.917  1743  3384 I chatty  : uid=1000(system) Binder:1743_B expire 1 line
04-22 11:28:49.948  1743  1765 I chatty  : uid=1000(system) android.display expire 1 line
04-22 11:29:08.453  1743  1788 I PackageManager: Un-granting permission android.permission.MANAGE_ROLE_HOLDERS from package com.google.android.apps.wellbeing (protectionLevel=258 flags=0x20cbbe45)
04-22 11:29:08.453  1743  1788 I PackageManager: Un-granting permission android.permission.REQUEST_INSTALL_PACKAGES from package com.google.android.apps.nbu.files (protectionLevel=66 flags=0x30c83e45)
04-22 11:29:08.454  1743  1788 I PackageManager: Un-granting permission android.permission.REQUEST_INSTALL_PACKAGES from package com.google.android.apps.docs (protectionLevel=66 flags=0x38cbbe45)
04-22 11:29:08.455  1743  1788 I PackageManager: Un-granting permission android.permission.INTERACT_ACROSS_USERS from package com.google.android.syncadapters.contacts (protectionLevel=50 flags=0x20883e45)
04-22 11:29:08.456  1743  1788 I PackageManager: Un-granting permission android.permission.REQUEST_INSTALL_PACKAGES from package com.android.chrome (protectionLevel=66 flags=0xa0cbbec5)
04-22 11:29:08.456  1743  1788 I PackageManager: Un-granting permission android.permission.CAPTURE_VIDEO_OUTPUT from package com.google.android.gms (protectionLevel=2 flags=0xa0cabec5)
04-22 11:29:08.457  1743  1788 I PackageManager: Un-granting permission android.permission.MANAGE_DEVICE_ADMINS from package com.google.android.gms (protectionLevel=2 flags=0xa0cabec5)
04-22 11:29:08.457  1743  1788 I PackageManager: Un-granting permission android.permission.MANAGE_ACTIVITY_STACKS from package com.google.android.gms (protectionLevel=2 flags=0xa0cabec5)
04-22 11:29:08.457  1743  1788 I PackageManager: Un-granting permission android.permission.CAPTURE_SECURE_VIDEO_OUTPUT from package com.google.android.gms (protectionLevel=2 flags=0xa0cabec5)
04-22 11:29:08.457  1743  1788 I PackageManager: Un-granting permission android.permission.MANAGE_ROLLBACKS from package com.google.android.gms (protectionLevel=514 flags=0xa0cabec5)
04-22 11:29:08.460  1743  1788 I PackageManager: Un-granting permission com.google.android.googleapps.permission.GOOGLE_AUTH from package com.google.android.videos (protectionLevel=2 flags=0x30dbbe45)
04-22 11:29:08.460  1743  1788 I PackageManager: Un-granting permission android.permission.WRITE_MEDIA_STORAGE from package com.google.android.apps.photos (protectionLevel=18 flags=0x38d9be45)
04-22 11:29:08.464  1743  1788 I PackageManager: Un-granting permission android.permission.CONNECTIVITY_INTERNAL from package com.google.android.wfcactivation (protectionLevel=18 flags=0x3888be45)
04-22 11:29:08.464  1743  1788 I PackageManager: Un-granting permission android.permission.READ_LOGS from package com.google.android.wfcactivation (protectionLevel=50 flags=0x3888be45)
04-22 11:29:08.464  1743  1788 I PackageManager: Un-granting permission android.permission.WRITE_APN_SETTINGS from package com.google.android.wfcactivation (protectionLevel=18 flags=0x3888be45)
04-22 11:29:08.464  1743  1788 I PackageManager: Un-granting permission android.permission.WRITE_SECURE_SETTINGS from package com.LogiaGroup.LogiaDeck (protectionLevel=50 flags=0x38483e45)
04-22 11:29:08.466  1743  1788 I PackageManager: Un-granting permission android.permission.READ_WALLPAPER_INTERNAL from package com.google.android.apps.wallpaper (protectionLevel=18 flags=0x20cbbe45)
04-22 11:29:08.600  1743  2078 W AccountManagerService: User 10217 does not exist. It might be removed already.
04-22 11:29:08.608  1743  2660 W LocationProviderProxy: Odd, no component found for service com.android.location.service.v3.NetworkLocationProvider
04-22 11:29:08.617  1743  1772 W BroadcastQueue: Background execution not allowed: receiving Intent { act=android.intent.action.PACKAGE_REMOVED dat=package:com.google.location.nearby.apps.connectedcrossroad flg=0x4000010 (has extras) } to com.android.vending/com.google.android.finsky.packagemanager.impl.PackageMonitorReceiverImpl$RegisteredReceiver
04-22 11:29:08.620  1743  1772 W BroadcastQueue: Background execution not allowed: receiving Intent { act=android.intent.action.PACKAGE_REMOVED dat=package:com.google.location.nearby.apps.connectedcrossroad flg=0x4000010 (has extras) } to com.android.vending/com.google.android.finsky.instantapps.appmanagement.InstantAppRemoveMonitor
04-22 11:29:08.629  1743  1772 W BroadcastQueue: Background execution not allowed: receiving Intent { act=android.intent.action.PACKAGE_REMOVED dat=package:com.google.location.nearby.apps.connectedcrossroad flg=0x4000010 (has extras) } to com.google.android.gms/.games.chimera.GamesSystemBroadcastReceiverProxy
04-22 11:29:08.629  1743  1772 W BroadcastQueue: Background execution not allowed: receiving Intent { act=android.intent.action.PACKAGE_REMOVED dat=package:com.google.location.nearby.apps.connectedcrossroad flg=0x4000010 (has extras) } to com.google.android.gms/.chimera.GmsIntentOperationService$PersistentTrustedReceiver
04-22 11:29:08.673  1743  1772 W BroadcastQueue: Background execution not allowed: receiving Intent { act=android.intent.action.PACKAGE_REMOVED dat=package:com.google.location.nearby.apps.connectedcrossroad flg=0x4000010 (has extras) } to com.google.android.googlequicksearchbox/com.google.android.apps.gsa.googlequicksearchbox.GelStubAppWatcher
04-22 11:29:08.699  1743  1772 W BroadcastQueue: Background execution not allowed: receiving Intent { act=android.intent.action.PACKAGE_REMOVED dat=package:com.google.location.nearby.apps.connectedcrossroad flg=0x4000010 (has extras) } to com.verizon.loginengine.unbranded/com.verizon.vzwavs.AVSSystemReceiver
04-22 11:29:08.708  1743  1772 W BroadcastQueue: Background execution not allowed: receiving Intent { act=android.intent.action.PACKAGE_REMOVED dat=package:com.google.location.nearby.apps.connectedcrossroad flg=0x4000010 (has extras) } to com.google.android.apps.magazines/com.google.android.libraries.social.peoplekit.thirdparty.viewcontrollers.ThirdPartyReceiver
04-22 11:29:08.713  1743  1772 W BroadcastQueue: Background execution not allowed: receiving Intent { act=android.intent.action.PACKAGE_ADDED dat=package:com.google.location.nearby.apps.connectedcrossroad flg=0x4000010 (has extras) } to com.google.android.packageinstaller/com.android.packageinstaller.PackageInstalledReceiver
04-22 11:29:08.713  1743  1772 W BroadcastQueue: Background execution not allowed: receiving Intent { act=android.intent.action.PACKAGE_ADDED dat=package:com.google.location.nearby.apps.connectedcrossroad flg=0x4000010 (has extras) } to com.android.vending/com.google.android.finsky.packagemanager.impl.PackageMonitorReceiverImpl$RegisteredReceiver
04-22 11:29:08.714  1743  1772 W BroadcastQueue: Background execution not allowed: receiving Intent { act=android.intent.action.PACKAGE_ADDED dat=package:com.google.location.nearby.apps.connectedcrossroad flg=0x4000010 (has extras) } to com.facebook.appmanager/com.facebook.oxygen.common.packages.event.manifest.ManifestPackageEventReceiver
04-22 11:29:08.714  1743  1772 W BroadcastQueue: Background execution not allowed: receiving Intent { act=android.intent.action.PACKAGE_ADDED dat=package:com.google.location.nearby.apps.connectedcrossroad flg=0x4000010 (has extras) } to com.google.android.gms/.games.chimera.GamesSystemBroadcastReceiverProxy
04-22 11:29:08.715  1743  1772 W BroadcastQueue: Background execution not allowed: receiving Intent { act=android.intent.action.PACKAGE_ADDED dat=package:com.google.location.nearby.apps.connectedcrossroad flg=0x4000010 (has extras) } to com.google.android.gms/.gass.chimera.PackageChangeBroadcastReceiver
04-22 11:29:08.715  1743  1772 W BroadcastQueue: Background execution not allowed: receiving Intent { act=android.intent.action.PACKAGE_ADDED dat=package:com.google.location.nearby.apps.connectedcrossroad flg=0x4000010 (has extras) } to com.google.android.gms/.chimera.GmsIntentOperationService$PersistentTrustedReceiver
04-22 11:29:08.720  1743  1772 W BroadcastQueue: Background execution not allowed: receiving Intent { act=android.intent.action.PACKAGE_ADDED dat=package:com.google.location.nearby.apps.connectedcrossroad flg=0x4000010 (has extras) } to com.google.android.googlequicksearchbox/com.google.android.apps.gsa.googlequicksearchbox.GelStubAppWatcher
04-22 11:29:08.725  1743  1772 W BroadcastQueue: Background execution not allowed: receiving Intent { act=android.intent.action.PACKAGE_ADDED dat=package:com.google.location.nearby.apps.connectedcrossroad flg=0x4000010 (has extras) } to com.google.android.ims/.receivers.RcsAutoStartReceiver
04-22 11:29:08.739  1743  3656 W BroadcastQueue: Background execution not allowed: receiving Intent { act=android.intent.action.PACKAGE_ADDED dat=package:com.google.location.nearby.apps.connectedcrossroad flg=0x4000010 (has extras) } to com.verizon.loginengine.unbranded/com.verizon.vzwavs.AVSSystemReceiver
04-22 11:29:08.831  1743  9612 W BroadcastQueue: Background execution not allowed: receiving Intent { act=android.intent.action.PACKAGE_REPLACED dat=package:com.google.location.nearby.apps.connectedcrossroad flg=0x4000010 (has extras) } to com.facebook.appmanager/com.facebook.oxygen.common.packages.event.manifest.ManifestPackageEventReceiver
04-22 11:29:08.832  1743  1762 W Looper  : Slow delivery took 203ms android.fg h=android.os.Handler c=<recycled PooledLambda@ebb68ee> m=0
04-22 11:29:08.835  1743  1772 W BroadcastQueue: Background execution not allowed: receiving Intent { act=android.intent.action.PACKAGE_REPLACED dat=package:com.google.location.nearby.apps.connectedcrossroad flg=0x4000010 (has extras) } to com.google.android.apps.photos/.account.full.FetchAccountPropertiesAppUpgradeBroadcastReceiver
04-22 11:29:08.835  1743  1772 W BroadcastQueue: Background execution not allowed: receiving Intent { act=android.intent.action.PACKAGE_REPLACED dat=package:com.google.location.nearby.apps.connectedcrossroad flg=0x4000010 (has extras) } to com.google.android.apps.photos/.account.full.SyncAccountsForLoginBroadcastReceiver
04-22 11:29:08.836  1743  1772 W BroadcastQueue: Background execution not allowed: receiving Intent { act=android.intent.action.PACKAGE_REPLACED dat=package:com.google.location.nearby.apps.connectedcrossroad flg=0x4000010 (has extras) } to com.google.android.apps.photos/.notificationchannels.AppUpdateBroadcastReceiver
04-22 11:29:08.836  1743  1772 W BroadcastQueue: Background execution not allowed: receiving Intent { act=android.intent.action.PACKAGE_REPLACED dat=package:com.google.location.nearby.apps.connectedcrossroad flg=0x4000010 (has extras) } to com.google.android.gms/.gass.chimera.PackageChangeBroadcastReceiver
04-22 11:29:08.836  1743  1772 W BroadcastQueue: Background execution not allowed: receiving Intent { act=android.intent.action.PACKAGE_REPLACED dat=package:com.google.location.nearby.apps.connectedcrossroad flg=0x4000010 (has extras) } to com.google.android.gms/.chimera.GmsIntentOperationService$PersistentTrustedReceiver
04-22 11:29:08.836  1743  1772 W BroadcastQueue: Background execution not allowed: receiving Intent { act=android.intent.action.PACKAGE_REPLACED dat=package:com.google.location.nearby.apps.connectedcrossroad flg=0x4000010 (has extras) } to com.google.android.googlequicksearchbox/com.google.android.apps.gsa.googlequicksearchbox.GelStubAppWatcher
04-22 11:29:08.836  1743  1772 W BroadcastQueue: Background execution not allowed: receiving Intent { act=android.intent.action.PACKAGE_REPLACED dat=package:com.google.location.nearby.apps.connectedcrossroad flg=0x4000010 (has extras) } to com.google.android.ims/.receivers.RcsAutoStartReceiver
04-22 11:29:08.836  1743  1772 W BroadcastQueue: Background execution not allowed: receiving Intent { act=android.intent.action.PACKAGE_REPLACED dat=package:com.google.location.nearby.apps.connectedcrossroad flg=0x4000010 (has extras) } to com.motorola.ccc.notification/.gcm.GCMAdminReceiver
04-22 11:29:08.836  1743  1772 W BroadcastQueue: Background execution not allowed: receiving Intent { act=android.intent.action.PACKAGE_REPLACED dat=package:com.google.location.nearby.apps.connectedcrossroad flg=0x4000010 (has extras) } to com.verizon.loginengine.unbranded/com.verizon.vzwavs.AVSSystemReceiver
04-22 11:29:08.843  1743  1743 W Looper  : Slow dispatch took 108ms main h=android.app.ActivityThread$H c=android.app.-$$Lambda$LoadedApk$ReceiverDispatcher$Args$_BumDX2UKsnxLVrE6UJsJZkotuA@eca2025 m=0
04-22 11:29:08.843  1743  1743 W Looper  : Slow delivery took 241ms main h=android.app.ActivityThread$H c=android.app.-$$Lambda$LoadedApk$ReceiverDispatcher$Args$_BumDX2UKsnxLVrE6UJsJZkotuA@37925fa m=0
04-22 11:29:08.843  1743  1743 I TelecomService: DefaultDialerCache: Refreshing default dialer for user 0: now com.google.android.dialer: DDC.oR@Ays
04-22 11:29:08.864  1743  1743 V BackupManagerConstants: getFullBackupIntervalMilliseconds(...) returns 86400000
04-22 11:29:08.864  1743  1743 V BackupManagerConstants: getFullBackupRequiredNetworkType(...) returns 2
04-22 11:29:08.864  1743  1743 V BackupManagerConstants: getFullBackupRequireCharging(...) returns true
04-22 11:29:08.892  1743  1743 E LoadedApk: Unable to instantiate appComponentFactory
04-22 11:29:08.892  1743  1743 E LoadedApk: java.lang.ClassNotFoundException: Didn't find class "androidx.core.app.CoreComponentFactory" on path: DexPathList[[],nativeLibraryDirectories=[/system/app/YTMusic/lib/arm, /system/app/YTMusic/YTMusic.apk!/lib/armeabi-v7a, /system/lib, /product/lib, /system/lib, /product/lib]]
04-22 11:29:08.892  1743  1743 E LoadedApk: 	at dalvik.system.BaseDexClassLoader.findClass(BaseDexClassLoader.java:196)
04-22 11:29:08.892  1743  1743 E LoadedApk: 	at java.lang.ClassLoader.loadClass(ClassLoader.java:379)
04-22 11:29:08.892  1743  1743 E LoadedApk: 	at java.lang.ClassLoader.loadClass(ClassLoader.java:312)
04-22 11:29:08.892  1743  1743 E LoadedApk: 	at android.app.LoadedApk.createAppFactory(LoadedApk.java:256)
04-22 11:29:08.892  1743  1743 E LoadedApk: 	at android.app.LoadedApk.updateApplicationInfo(LoadedApk.java:370)
04-22 11:29:08.892  1743  1743 E LoadedApk: 	at android.app.ActivityThread.handleDispatchPackageBroadcast(ActivityThread.java:6186)
04-22 11:29:08.892  1743  1743 E LoadedApk: 	at android.app.ActivityThread$H.handleMessage(ActivityThread.java:2108)
04-22 11:29:08.892  1743  1743 E LoadedApk: 	at android.os.Handler.dispatchMessage(Handler.java:107)
04-22 11:29:08.892  1743  1743 E LoadedApk: 	at android.os.Looper.loop(Looper.java:241)
04-22 11:29:08.892  1743  1743 E LoadedApk: 	at com.android.server.SystemServer.run(SystemServer.java:585)
04-22 11:29:08.892  1743  1743 E LoadedApk: 	at com.android.server.SystemServer.main(SystemServer.java:381)
04-22 11:29:08.892  1743  1743 E LoadedApk: 	at java.lang.reflect.Method.invoke(Native Method)
04-22 11:29:08.892  1743  1743 E LoadedApk: 	at com.android.internal.os.RuntimeInit$MethodAndArgsCaller.run(RuntimeInit.java:492)
04-22 11:29:08.892  1743  1743 E LoadedApk: 	at com.android.internal.os.ZygoteInit.main(ZygoteInit.java:919)
04-22 11:29:08.898  1743  1743 E LoadedApk: Unable to instantiate appComponentFactory
04-22 11:29:08.898  1743  1743 E LoadedApk: java.lang.ClassNotFoundException: Didn't find class "androidx.core.app.CoreComponentFactory" on path: DexPathList[[],nativeLibraryDirectories=[/system/app/YTMusic/lib/arm, /system/app/YTMusic/YTMusic.apk!/lib/armeabi-v7a, /system/lib, /product/lib, /system/lib, /product/lib]]
04-22 11:29:08.898  1743  1743 E LoadedApk: 	at dalvik.system.BaseDexClassLoader.findClass(BaseDexClassLoader.java:196)
04-22 11:29:08.898  1743  1743 E LoadedApk: 	at java.lang.ClassLoader.loadClass(ClassLoader.java:379)
04-22 11:29:08.898  1743  1743 E LoadedApk: 	at java.lang.ClassLoader.loadClass(ClassLoader.java:312)
04-22 11:29:08.898  1743  1743 E LoadedApk: 	at android.app.LoadedApk.createAppFactory(LoadedApk.java:256)
04-22 11:29:08.898  1743  1743 E LoadedApk: 	at android.app.LoadedApk.updateApplicationInfo(LoadedApk.java:370)
04-22 11:29:08.898  1743  1743 E LoadedApk: 	at android.app.ActivityThread.handleDispatchPackageBroadcast(ActivityThread.java:6186)
04-22 11:29:08.898  1743  1743 E LoadedApk: 	at android.app.ActivityThread$H.handleMessage(ActivityThread.java:2108)
04-22 11:29:08.898  1743  1743 E LoadedApk: 	at android.os.Handler.dispatchMessage(Handler.java:107)
04-22 11:29:08.898  1743  1743 E LoadedApk: 	at android.os.Looper.loop(Looper.java:241)
04-22 11:29:08.898  1743  1743 E LoadedApk: 	at com.android.server.SystemServer.run(SystemServer.java:585)
04-22 11:29:08.898  1743  1743 E LoadedApk: 	at com.android.server.SystemServer.main(SystemServer.java:381)
04-22 11:29:08.898  1743  1743 E LoadedApk: 	at java.lang.reflect.Method.invoke(Native Method)
04-22 11:29:08.898  1743  1743 E LoadedApk: 	at com.android.internal.os.RuntimeInit$MethodAndArgsCaller.run(RuntimeInit.java:492)
04-22 11:29:08.898  1743  1743 E LoadedApk: 	at com.android.internal.os.ZygoteInit.main(ZygoteInit.java:919)
04-22 11:29:09.515  1743  1762 W Looper  : Drained
04-22 11:29:09.515  1743  1743 W Looper  : Drained
04-22 11:29:09.577  1743  1761 I ActivityTaskManager: START u0 {act=android.intent.action.MAIN cat=[android.intent.category.LAUNCHER] flg=0x10000000 cmp=com.google.location.nearby.apps.connectedcrossroad/nx.aodv.eval.MainActivity} from uid 2000
04-22 11:29:09.578  1743  1761 D ActivityTaskManager: getPreferredLaunchDisplay usersetdisplayid -1 current displayId 0 paramspreferid 0
04-22 11:29:09.578  1743  1761 D ActivityTaskManager: getPreferredLaunchDisplay usersetdisplayid -1 current displayId 0 paramspreferid 0
04-22 11:29:09.582  1743  1761 D ActivityTaskManager: getPreferredLaunchDisplay usersetdisplayid 0 current displayId 0 paramspreferid 0
04-22 11:29:09.593  1743  1743 V SettingsProvider: Notifying for 0: content://settings/secure/reminder_exp_learning_time_elapsed
04-22 11:29:09.614  1743  1773 I ActivityManager: Start proc 10906:com.google.location.nearby.apps.connectedcrossroad/u0a217 for activity {com.google.location.nearby.apps.connectedcrossroad/nx.aodv.eval.MainActivity}
04-22 11:29:09.619  1743  1766 V WindowManager: Changing focus from Window{a0fbc2a u0 com.motorola.launcher3/com.android.launcher3.CustomizationPanelLauncher} to null displayId=0
04-22 11:29:09.671  1743  1766 I WindowManager:   SURFACE show Surface(name=Splash Screen com.google.location.nearby.apps.connectedcrossroad)/@0x9f94d18 on display:0: Splash Screen com.google.location.nearby.apps.connectedcrossroad
04-22 11:29:09.980  1743  1761 I WindowManager: Window drawn AppWindowToken{815d8f1 token=Token{f647898 ActivityRecord{fa6c27b u0 com.motorola.launcher3/com.android.launcher3.CustomizationPanelLauncher t4}}}
04-22 11:29:10.357  1743  9612 V WindowManager: Changing focus from null to Window{4ef9863 u0 com.google.location.nearby.apps.connectedcrossroad/nx.aodv.eval.MainActivity} displayId=0
04-22 11:29:10.509  1743  1766 I LaunchCheckinHandler: Displayed com.google.location.nearby.apps.connectedcrossroad/nx.aodv.eval.MainActivity,cp,ca,913
04-22 11:29:10.509  1743  1766 I WindowManager: Window drawn AppWindowToken{507c885 token=Token{bb8d9fc ActivityRecord{b9bfaef u0 com.google.location.nearby.apps.connectedcrossroad/nx.aodv.eval.MainActivity t43}}}
04-22 11:29:10.510  1743  1766 I WindowManager:   SURFACE show Surface(name=com.google.location.nearby.apps.connectedcrossroad/nx.aodv.eval.MainActivity)/@0x34275ea on display:0: com.google.location.nearby.apps.connectedcrossroad/nx.aodv.eval.MainActivity
04-22 11:29:11.236  1743  1766 I WindowManager:   SURFACE show Surface(name=InputMethod)/@0x7eb314a on display:0: InputMethod
04-22 11:29:12.291  1743  1743 D BluetoothManagerService: Bluetooth Adapter name changed to InZza0Vbye0AAAAAAAAAATM
04-22 11:29:12.292  1743  1743 D BluetoothManagerService: Stored Bluetooth name: InZza0Vbye0AAAAAAAAAATM
04-22 11:29:12.292  1743  1743 V SettingsProvider: Notifying for 0: content://settings/secure/bluetooth_name
04-22 11:29:12.587  1743  2246 D NsdService: Register service
04-22 11:29:12.587  1743  2246 D NsdService: registerService: 25 name: InZza0Vbye0AAA, type: _5BC9ED5E6C75._tcp, host: null, port: 38361, txtRecord: n=MwIPv4=192.168.1.66
04-22 11:29:12.588  1743  2246 D NsdService: mdnssd [register, 25, InZza0Vbye0AAA, _5BC9ED5E6C75._tcp, 38361, BG49TXcRSVB2ND0xOTIuMTY4LjEuNjY=]
04-22 11:29:12.589  1743  2246 D NsdService: Register 25 25
04-22 11:29:12.979  1743  1766 I WindowManager:   SURFACE show Surface(name=InputMethod)/@0x8a60368 on display:0: InputMethod
04-22 11:29:13.247  1743  2246 D NsdService: Native daemon message SERVICE_REGISTERED: 606 25 "InZza0Vbye0AAA"
04-22 11:29:16.666  1743  2059 D BatteryService: uevent={POWER_SUPPLY_DP_DM=0, POWER_SUPPLY_VOLTAGE_NOW=3824422, POWER_SUPPLY_SW_JEITA_ENABLED=0, POWER_SUPPLY_CHARGE_CONTROL_LIMIT_MAX=8, POWER_SUPPLY_RECHARGE_SOC=99, POWER_SUPPLY_HEALTH=Good, POWER_SUPPLY_TECHNOLOGY=Li-ion, POWER_SUPPLY_FCC_STEPPER_ENABLE=0, SEQNUM=626700, POWER_SUPPLY_INPUT_CURRENT_LIMITED=0, POWER_SUPPLY_CHARGE_CONTROL_LIMIT=0, POWER_SUPPLY_BATTERY_CHARGING_ENABLED=1, POWER_SUPPLY_STATUS=Discharging, POWER_SUPPLY_CYCLE_COUNT=6, POWER_SUPPLY_CURRENT_MAX=2000000, POWER_SUPPLY_CHARGE_TERM_CURRENT=-101, POWER_SUPPLY_CAPACITY=55, DEVPATH=/devices/platform/soc/200f000.qcom,spmi/spmi-0/spmi0-02/200f000.qcom,spmi:qcom,pmi632@2:qcom,qpnp-smb5/power_supply/battery, POWER_SUPPLY_CHARGE_DONE=0, POWER_SUPPLY_CHARGE_TYPE=N/A, POWER_SUPPLY_CHARGE_RATE=None, POWER_SUPPLY_CURRENT_NOW=-489197, POWER_SUPPLY_SYSTEM_TEMP_LEVEL=0, POWER_SUPPLY_PRESENT=1, POWER_SUPPLY_PARALLEL_DISABLE=0, POWER_SUPPLY_CHARGE_FULL=3505000, SUBSYSTEM=power_supply, POWER_SUPPLY_SET_SHIP_MODE=0, POWER_SUPPLY_TEMP=276, ACTION=change, POWER_SUPPLY_RERUN_AICL=0, POWER_SUPPLY_AGE=97, POWER_SUPPLY_NAME=battery, POWER_SUPPLY_VOLTAGE_MAX=-22, POWER_SUPPLY_CONSTANT_CHARGE_CURRENT_MAX=2000000, POWER_SUPPLY_CHARGE_COUNTER=1962800, POWER_SUPPLY_STEP_CHARGING_ENABLED=0, POWER_SUPPLY_NUM_SYSTEM_TEMP_LEVELS=8, POWER_SUPPLY_DIE_HEALTH=Hot, POWER_SUPPLY_INPUT_SUSPEND=0}
04-22 11:29:17.062  1743  1772 W BroadcastQueue: Background execution not allowed: receiving Intent { act=android.bluetooth.device.action.BOND_STATE_CHANGED flg=0x10 (has extras) } to com.google.android.gms/.chimera.GmsIntentOperationService$PersistentTrustedReceiver
04-22 11:29:17.063  1743  1772 W BroadcastQueue: Background execution not allowed: receiving Intent { act=android.bluetooth.device.action.BOND_STATE_CHANGED flg=0x10 (has extras) } to com.google.android.googlequicksearchbox/com.google.android.apps.gsa.broadcastreceiver.external.ExternalCommonBroadcastReceiver
04-22 11:29:17.505  1743  1772 W BroadcastQueue: Background execution not allowed: receiving Intent { act=android.bluetooth.device.action.BOND_STATE_CHANGED flg=0x10 (has extras) } to com.google.android.gms/.chimera.GmsIntentOperationService$PersistentTrustedReceiver
04-22 11:29:17.509  1743  1772 W BroadcastQueue: Background execution not allowed: receiving Intent { act=android.bluetooth.device.action.BOND_STATE_CHANGED flg=0x10 (has extras) } to com.google.android.googlequicksearchbox/com.google.android.apps.gsa.broadcastreceiver.external.ExternalCommonBroadcastReceiver
04-22 11:29:18.960  1743  1766 I WindowManager:   SURFACE show Surface(name=PopupWindow:4f08561)/@0xaee562f on display:0: PopupWindow:4f08561
04-22 11:29:19.018  1743  1766 I WindowManager:   SURFACE show Surface(name=InputMethod)/@0xf67ced4 on display:0: InputMethod
04-22 11:29:26.691  1743  1772 W BroadcastQueue: Background execution not allowed: receiving Intent { act=android.bluetooth.device.action.BOND_STATE_CHANGED flg=0x10 (has extras) } to com.google.android.gms/.chimera.GmsIntentOperationService$PersistentTrustedReceiver
04-22 11:29:26.691  1743  1772 W BroadcastQueue: Background execution not allowed: receiving Intent { act=android.bluetooth.device.action.BOND_STATE_CHANGED flg=0x10 (has extras) } to com.google.android.googlequicksearchbox/com.google.android.apps.gsa.broadcastreceiver.external.ExternalCommonBroadcastReceiver
04-22 11:29:26.855  1743  1772 W BroadcastQueue: Background execution not allowed: receiving Intent { act=android.bluetooth.device.action.BOND_STATE_CHANGED flg=0x10 (has extras) } to com.google.android.gms/.chimera.GmsIntentOperationService$PersistentTrustedReceiver
04-22 11:29:26.867  1743  1772 W BroadcastQueue: Background execution not allowed: receiving Intent { act=android.bluetooth.device.action.BOND_STATE_CHANGED flg=0x10 (has extras) } to com.google.android.googlequicksearchbox/com.google.android.apps.gsa.broadcastreceiver.external.ExternalCommonBroadcastReceiver
04-22 11:29:56.268  1743  1772 I ActivityManager: Waited long enough for: ServiceRecord{1e517fb u0 com.google.android.googlequicksearchbox/com.google.android.apps.gsa.shared.util.keepalive.StandaloneKeepAlive$KeepAliveService}
04-22 11:30:03.063  1743  4961 I ActivityManager: Force stopping com.google.location.nearby.apps.connectedcrossroad appid=10217 user=0: from pid 11135
04-22 11:30:03.063  1743  4961 I ActivityManager: Killing 10906:com.google.location.nearby.apps.connectedcrossroad/u0a217 (adj 0): stop com.google.location.nearby.apps.connectedcrossroad
04-22 11:30:03.064  1743  4961 D ActivityManager: makeInactive, ProcessRecord{7536eb 10906:com.google.location.nearby.apps.connectedcrossroad/u0a217}, clear holder.state
04-22 11:30:03.067  1743  4961 W ActivityTaskManager: Force removing ActivityRecord{b9bfaef u0 com.google.location.nearby.apps.connectedcrossroad/nx.aodv.eval.MainActivity t43 f}: app died, no saved state
04-22 11:30:03.068  1743  4961 V WindowManager: Changing focus from Window{4ef9863 u0 com.google.location.nearby.apps.connectedcrossroad/nx.aodv.eval.MainActivity} to null displayId=0
04-22 11:30:03.077  1743  4961 I WindowManager: Window drawn AppWindowToken{507c885 token=Token{bb8d9fc ActivityRecord{b9bfaef u0 com.google.location.nearby.apps.connectedcrossroad/nx.aodv.eval.MainActivity t43}}}
04-22 11:30:03.081  1743  4961 I ActivityTaskManager: moveHomeStack, setupComplete:true
04-22 11:30:03.131  1743  9612 V WindowManager: Changing focus from null to Window{a0fbc2a u0 com.motorola.launcher3/com.android.launcher3.CustomizationPanelLauncher} displayId=0
04-22 11:30:03.142  1743  1766 I WindowManager:   SURFACE show Surface(name=com.android.systemui.ImageWallpaper)/@0x9fa98f on display:0: com.android.systemui.ImageWallpaper
04-22 11:30:03.146  1743  1766 I WindowManager: Window drawn AppWindowToken{815d8f1 token=Token{f647898 ActivityRecord{fa6c27b u0 com.motorola.launcher3/com.android.launcher3.CustomizationPanelLauncher t4}}}
04-22 11:30:03.147  1743  1766 I WindowManager:   SURFACE show Surface(name=com.motorola.launcher3/com.android.launcher3.CustomizationPanelLauncher)/@0x83285bc on display:0: com.motorola.launcher3/com.android.launcher3.CustomizationPanelLauncher
04-22 11:30:03.155  1743  1765 W ActivityManager: setHasOverlayUi called on unknown pid: 10906
04-22 11:30:03.194  1743  1766 I WindowManager:   SURFACE show Surface(name=com.motorola.launcher3/com.android.launcher3.CustomizationPanelLauncher)/@0x8461466 on display:0: com.motorola.launcher3/com.android.launcher3.CustomizationPanelLauncher
04-22 11:30:05.797  1743  2246 D NsdService: unregister service
04-22 11:30:05.797  1743  2246 D NsdService: mdnssd [stop-register, 25]
04-22 11:30:05.817  1743  1743 D BluetoothManagerService: Bluetooth Adapter name changed to moto e
04-22 11:30:05.818  1743  1743 D BluetoothManagerService: Stored Bluetooth name: moto e
04-22 11:30:05.818  1743  1743 V SettingsProvider: Notifying for 0: content://settings/secure/bluetooth_name
04-22 11:30:17.073  1743  1788 I PackageManager: Update package com.google.location.nearby.apps.connectedcrossroad code path from /data/app/com.google.location.nearby.apps.connectedcrossroad-RaXtXncq2RY82-FyVvnUuw== to /data/app/com.google.location.nearby.apps.connectedcrossroad-m6Y9sSRq8CGn2xzFRdmeDg==; Retain data and using new
04-22 11:30:17.073  1743  1788 I PackageManager: Update package com.google.location.nearby.apps.connectedcrossroad resource path from /data/app/com.google.location.nearby.apps.connectedcrossroad-RaXtXncq2RY82-FyVvnUuw== to /data/app/com.google.location.nearby.apps.connectedcrossroad-m6Y9sSRq8CGn2xzFRdmeDg==; Retain data and using new
04-22 11:30:17.205  1743  1788 I PackageManager: Un-granting permission android.permission.MANAGE_DOCUMENTS from package com.google.android.youtube (protectionLevel=262146 flags=0x30dbbe45)
04-22 11:30:17.208  1743  1788 I PackageManager: Un-granting permission com.google.android.googleapps.permission.GOOGLE_AUTH from package com.android.providers.calendar (protectionLevel=2 flags=0x30883e45)
04-22 11:30:17.208  1743  1788 I PackageManager: Un-granting permission com.google.android.googleapps.permission.GOOGLE_AUTH.cl from package com.android.providers.calendar (protectionLevel=2 flags=0x30883e45)
04-22 11:30:17.209  1743  1788 I PackageManager: Un-granting permission com.google.android.gm.permission.READ_GMAIL from package com.google.android.apps.docs.editors.docs (protectionLevel=2 flags=0x38dbbe44)
04-22 11:30:17.209  1743  1788 I PackageManager: Un-granting permission com.google.android.googleapps.permission.GOOGLE_AUTH from package com.google.android.apps.docs.editors.docs (protectionLevel=2 flags=0x38dbbe44)
04-22 11:30:17.209  1743  1788 I PackageManager: Un-granting permission com.google.android.googleapps.permission.GOOGLE_AUTH.OTHER_SERVICES from package com.google.android.apps.docs.editors.docs (protectionLevel=2 flags=0x38dbbe44)
04-22 11:30:17.209  1743  1788 I PackageManager: Un-granting permission com.google.android.googleapps.permission.GOOGLE_AUTH.ALL_SERVICES from package com.google.android.apps.docs.editors.docs (protectionLevel=2 flags=0x38dbbe44)
04-22 11:30:17.209  1743  1788 I PackageManager: Un-granting permission com.google.android.googleapps.permission.GOOGLE_AUTH.writely from package com.google.android.apps.docs.editors.docs (protectionLevel=2 flags=0x38dbbe44)
04-22 11:30:17.209  1743  1788 I PackageManager: Un-granting permission com.google.android.googleapps.permission.GOOGLE_AUTH.wise from package com.google.android.apps.docs.editors.docs (protectionLevel=2 flags=0x38dbbe44)
04-22 11:30:17.210  1743  1788 I PackageManager: Un-granting permission android.permission.REQUEST_INSTALL_PACKAGES from package com.motorola.brapps (protectionLevel=66 flags=0x38483e45)
04-22 11:30:17.212  1743  1788 I PackageManager: Un-granting permission com.google.android.gm.permission.READ_GMAIL from package com.google.android.apps.docs.editors.sheets (protectionLevel=2 flags=0x38dbbe44)
04-22 11:30:17.212  1743  1788 I PackageManager: Un-granting permission com.google.android.googleapps.permission.GOOGLE_AUTH from package com.google.android.apps.docs.editors.sheets (protectionLevel=2 flags=0x38dbbe44)
04-22 11:30:17.212  1743  1788 I PackageManager: Un-granting permission com.google.android.googleapps.permission.GOOGLE_AUTH.OTHER_SERVICES from package com.google.android.apps.docs.editors.sheets (protectionLevel=2 flags=0x38dbbe44)
04-22 11:30:17.212  1743  1788 I PackageManager: Un-granting permission com.google.android.googleapps.permission.GOOGLE_AUTH.ALL_SERVICES from package com.google.android.apps.docs.editors.sheets (protectionLevel=2 flags=0x38dbbe44)
04-22 11:30:17.213  1743  1788 I PackageManager: Un-granting permission com.google.android.googleapps.permission.GOOGLE_AUTH.writely from package com.google.android.apps.docs.editors.sheets (protectionLevel=2 flags=0x38dbbe44)
04-22 11:30:17.213  1743  1788 I PackageManager: Un-granting permission com.google.android.googleapps.permission.GOOGLE_AUTH.wise from package com.google.android.apps.docs.editors.sheets (protectionLevel=2 flags=0x38dbbe44)
04-22 11:30:17.213  1743  1788 I PackageManager: Un-granting permission com.google.android.gm.permission.READ_GMAIL from package com.google.android.apps.docs.editors.slides (protectionLevel=2 flags=0x38dbbe44)
04-22 11:30:17.213  1743  1788 I PackageManager: Un-granting permission com.google.android.googleapps.permission.GOOGLE_AUTH from package com.google.android.apps.docs.editors.slides (protectionLevel=2 flags=0x38dbbe44)
04-22 11:30:17.213  1743  1788 I PackageManager: Un-granting permission com.google.android.googleapps.permission.GOOGLE_AUTH.OTHER_SERVICES from package com.google.android.apps.docs.editors.slides (protectionLevel=2 flags=0x38dbbe44)
04-22 11:30:17.213  1743  1788 I PackageManager: Un-granting permission com.google.android.googleapps.permission.GOOGLE_AUTH.ALL_SERVICES from package com.google.android.apps.docs.editors.slides (protectionLevel=2 flags=0x38dbbe44)
04-22 11:30:17.213  1743  1788 I PackageManager: Un-granting permission com.google.android.googleapps.permission.GOOGLE_AUTH.writely from package com.google.android.apps.docs.editors.slides (protectionLevel=2 flags=0x38dbbe44)
04-22 11:30:17.213  1743  1788 I PackageManager: Un-granting permission com.google.android.googleapps.permission.GOOGLE_AUTH.wise from package com.google.android.apps.docs.editors.slides (protectionLevel=2 flags=0x38dbbe44)
04-22 11:30:17.214  1743  1788 I PackageManager: Un-granting permission com.google.android.setupwizard.READ_DEVICE_ORIGIN from package com.google.android.apps.messaging (protectionLevel=18 flags=0x38cbbe45)
04-22 11:30:17.219  1743  1788 I PackageManager: Un-granting permission android.permission.SEND_DOWNLOAD_COMPLETED_INTENTS from package com.android.vending (protectionLevel=2 flags=0x28cabec5)
04-22 11:30:17.225  1743  1788 I PackageManager: Un-granting permission android.permission.BIND_CARRIER_SERVICES from package com.republicwireless.tel (protectionLevel=18 flags=0x30483e45)
04-22 11:30:17.225  1743  1788 I PackageManager: Un-granting permission android.permission.REQUEST_INSTALL_PACKAGES from package com.google.android.gm (protectionLevel=66 flags=0x38cbbe45)
04-22 11:30:17.230  1743  1788 I PackageManager: Un-granting permission android.permission.MANAGE_ROLE_HOLDERS from package com.google.android.apps.wellbeing (protectionLevel=258 flags=0x20cbbe45)
04-22 11:30:17.230  1743  1788 I PackageManager: Un-granting permission android.permission.REQUEST_INSTALL_PACKAGES from package com.google.android.apps.nbu.files (protectionLevel=66 flags=0x30c83e45)
04-22 11:30:17.231  1743  1788 I PackageManager: Un-granting permission android.permission.REQUEST_INSTALL_PACKAGES from package com.google.android.apps.docs (protectionLevel=66 flags=0x38cbbe45)
04-22 11:30:17.232  1743  1788 I PackageManager: Un-granting permission android.permission.INTERACT_ACROSS_USERS from package com.google.android.syncadapters.contacts (protectionLevel=50 flags=0x20883e45)
04-22 11:30:17.232  1743  1788 I PackageManager: Un-granting permission android.permission.REQUEST_INSTALL_PACKAGES from package com.android.chrome (protectionLevel=66 flags=0xa0cbbec5)
04-22 11:30:17.233  1743  1788 I PackageManager: Un-granting permission android.permission.CAPTURE_VIDEO_OUTPUT from package com.google.android.gms (protectionLevel=2 flags=0xa0cabec5)
04-22 11:30:17.233  1743  1788 I PackageManager: Un-granting permission android.permission.MANAGE_DEVICE_ADMINS from package com.google.android.gms (protectionLevel=2 flags=0xa0cabec5)
04-22 11:30:17.234  1743  1788 I PackageManager: Un-granting permission android.permission.MANAGE_ACTIVITY_STACKS from package com.google.android.gms (protectionLevel=2 flags=0xa0cabec5)
04-22 11:30:17.234  1743  1788 I PackageManager: Un-granting permission android.permission.CAPTURE_SECURE_VIDEO_OUTPUT from package com.google.android.gms (protectionLevel=2 flags=0xa0cabec5)
04-22 11:30:17.234  1743  1788 I PackageManager: Un-granting permission android.permission.MANAGE_ROLLBACKS from package com.google.android.gms (protectionLevel=514 flags=0xa0cabec5)
