04-22 11:52:10.506 22073  6656 I chatty  : uid=10156(com.google.android.gms) highpool[332] identical 244 lines
04-22 11:52:10.506 22073  6656 E NearbyConnections: EndpointManager failed to find EndpointChannel over which to write DATA at offset 612 of Payload -9007404025457505713 to endpoint T8u1 [CONTEXT service_id=54 ]
04-22 11:52:10.506  2290  2603 I bt_stack: [INFO:btsnoop.cc(384)] clear_l2cap_whitelist: Clearing whitelist from l2cap channel. conn_handle=3 cid=4:4
04-22 11:52:10.506 22073  6656 E NearbyConnections: EndpointManager failed to find EndpointChannel over which to write DATA at offset 612 of Payload -9007404025457505713 to endpoint T8u1 [CONTEXT service_id=54 ]
04-22 11:52:10.506  2290  2603 W bt_stack: [WARNING:bta_gattc_act.cc(1060)] bta_gattc_conn_cback: cif=3 connected=0 conn_id=0x0103 reason=0x0016
04-22 11:52:10.506 22073  6656 E NearbyConnections: EndpointManager failed to find EndpointChannel over which to write DATA at offset 612 of Payload -9007404025457505713 to endpoint T8u1 [CONTEXT service_id=54 ]
04-22 11:52:10.506  2290  2603 W bt_stack: [WARNING:bta_gattc_act.cc(1060)] bta_gattc_conn_cback: cif=4 connected=0 conn_id=0x0104 reason=0x0016
04-22 11:52:10.506  2290  2603 W bt_stack: [WARNING:bta_gattc_act.cc(1060)] bta_gattc_conn_cback: cif=5 connected=0 conn_id=0x0105 reason=0x0016
04-22 11:52:10.507  2290  2603 W bt_stack: [WARNING:bta_gattc_act.cc(1060)] bta_gattc_conn_cback: cif=6 connected=0 conn_id=0x0106 reason=0x0016
04-22 11:52:10.507 22073  6656 E NearbyConnections: EndpointManager failed to find EndpointChannel over which to write DATA at offset 612 of Payload -9007404025457505713 to endpoint T8u1 [CONTEXT service_id=54 ]
04-22 11:52:10.507  2290  2603 W bt_stack: [WARNING:bta_gattc_act.cc(1060)] bta_gattc_conn_cback: cif=7 connected=0 conn_id=0x0107 reason=0x0016
04-22 11:52:10.507  2290  2603 I bt_btm_sec: btm_sec_disconnected clearing pending flag handle:3 reason:22
04-22 11:52:10.507  2290  2603 I bt_stack: [INFO:btm_ble_bgconn.cc(406)] Already connection initiated (or) No Pending connections(or) Resources of lcb are exhausted
04-22 11:52:10.507 22073  6656 E NearbyConnections: EndpointManager failed to find EndpointChannel over which to write DATA at offset 612 of Payload -9007404025457505713 to endpoint T8u1 [CONTEXT service_id=54 ]
04-22 11:52:10.507  2290  2603 W bt_l2cap: L2CA_SetDesireRole() new:x1, disallow_switch:0
04-22 11:52:10.507 22073  6656 E NearbyConnections: EndpointManager failed to find EndpointChannel over which to write DATA at offset 612 of Payload -9007404025457505713 to endpoint T8u1 [CONTEXT service_id=54 ]
04-22 11:52:10.507  2290  2348 D bt_btif : btif_av_move_idle: Already in IDLE
04-22 11:52:10.507 22073  6656 E NearbyConnections: EndpointManager failed to find EndpointChannel over which to write DATA at offset 612 of Payload -9007404025457505713 to endpoint T8u1 [CONTEXT service_id=54 ]
04-22 11:52:10.513 22073  6656 I chatty  : uid=10156(com.google.android.gms) highpool[332] identical 23 lines
04-22 11:52:10.513 22073  6656 E NearbyConnections: EndpointManager failed to find EndpointChannel over which to write DATA at offset 612 of Payload -9007404025457505713 to endpoint T8u1 [CONTEXT service_id=54 ]
04-22 11:52:10.513  2290  2290 D BluetoothMapService: onReceive: android.bluetooth.device.action.ACL_DISCONNECTED
04-22 11:52:10.513 22073  6656 E NearbyConnections: EndpointManager failed to find EndpointChannel over which to write DATA at offset 612 of Payload -9007404025457505713 to endpoint T8u1 [CONTEXT service_id=54 ]
04-22 11:52:10.513  2290  2290 I BluetoothMapService: sRemoteDevice :null device:52:71:A8:0C:9A:1C
04-22 11:52:10.513  2308  2388 W BluetoothEventManager: AclStateChangedHandler: activeDevice is null
04-22 11:52:10.514 22073  6656 E NearbyConnections: EndpointManager failed to find EndpointChannel over which to write DATA at offset 612 of Payload -9007404025457505713 to endpoint T8u1 [CONTEXT service_id=54 ]
04-22 11:52:10.521 22073  6656 I chatty  : uid=10156(com.google.android.gms) highpool[332] identical 28 lines
04-22 11:52:10.521 22073  6656 E NearbyConnections: EndpointManager failed to find EndpointChannel over which to write DATA at offset 612 of Payload -9007404025457505713 to endpoint T8u1 [CONTEXT service_id=54 ]
04-22 11:52:10.521  7384  7384 D MCLOG   : [MC_Service] onStartcommand()
04-22 11:52:10.522 22073  6656 E NearbyConnections: EndpointManager failed to find EndpointChannel over which to write DATA at offset 612 of Payload -9007404025457505713 to endpoint T8u1 [CONTEXT service_id=54 ]
04-22 11:52:10.535 22073  6656 I chatty  : uid=10156(com.google.android.gms) highpool[332] identical 51 lines
04-22 11:52:10.535 22073  6656 E NearbyConnections: EndpointManager failed to find EndpointChannel over which to write DATA at offset 612 of Payload -9007404025457505713 to endpoint T8u1 [CONTEXT service_id=54 ]
04-22 11:52:10.535  6583  6606 I BistoWorker: bluetoothConnectionStateChanged. Action: android.bluetooth.device.action.ACL_DISCONNECTED
04-22 11:52:10.535 22073  6656 E NearbyConnections: EndpointManager failed to find EndpointChannel over which to write DATA at offset 612 of Payload -9007404025457505713 to endpoint T8u1 [CONTEXT service_id=54 ]
04-22 11:52:10.540 22073  6656 I chatty  : uid=10156(com.google.android.gms) highpool[332] identical 17 lines
04-22 11:52:10.540 22073  6656 E NearbyConnections: EndpointManager failed to find EndpointChannel over which to write DATA at offset 612 of Payload -9007404025457505713 to endpoint T8u1 [CONTEXT service_id=54 ]
04-22 11:52:10.540  6583  6606 I DeviceDetector: Not bonded or not refresh cache.
04-22 11:52:10.540  6583  6606 I BistoWorker: Not a bisto device: 52:71:A8:0C:9A:1C
04-22 11:52:10.540 22073  6656 E NearbyConnections: EndpointManager failed to find EndpointChannel over which to write DATA at offset 612 of Payload -9007404025457505713 to endpoint T8u1 [CONTEXT service_id=54 ]
04-22 11:52:11.304 22073  6656 I chatty  : uid=10156(com.google.android.gms) highpool[332] identical 2502 lines
04-22 11:52:11.304 22073  6656 E NearbyConnections: EndpointManager failed to find EndpointChannel over which to write DATA at offset 612 of Payload -9007404025457505713 to endpoint T8u1 [CONTEXT service_id=54 ]
04-22 11:52:11.305  2290  2603 I bt_stack: [INFO:btsnoop.cc(384)] clear_l2cap_whitelist: Clearing whitelist from l2cap channel. conn_handle=2 cid=4:4
04-22 11:52:11.305 22073  6656 E NearbyConnections: EndpointManager failed to find EndpointChannel over which to write DATA at offset 612 of Payload -9007404025457505713 to endpoint T8u1 [CONTEXT service_id=54 ]
04-22 11:52:11.305  2290  2603 W bt_stack: [WARNING:bta_gattc_act.cc(1060)] bta_gattc_conn_cback: cif=3 connected=0 conn_id=0x0203 reason=0x0013
04-22 11:52:11.305 22073  6656 E NearbyConnections: EndpointManager failed to find EndpointChannel over which to write DATA at offset 612 of Payload -9007404025457505713 to endpoint T8u1 [CONTEXT service_id=54 ]
04-22 11:52:11.305  2290  2603 W bt_stack: [WARNING:bta_gattc_act.cc(1060)] bta_gattc_conn_cback: cif=4 connected=0 conn_id=0x0204 reason=0x0013
04-22 11:52:11.305  2290  2603 W bt_stack: [WARNING:bta_gattc_act.cc(1060)] bta_gattc_conn_cback: cif=5 connected=0 conn_id=0x0205 reason=0x0013
04-22 11:52:11.305  2290  2603 W bt_stack: [WARNING:bta_gattc_act.cc(1060)] bta_gattc_conn_cback: cif=6 connected=0 conn_id=0x0206 reason=0x0013
04-22 11:52:11.305 22073  6656 E NearbyConnections: EndpointManager failed to find EndpointChannel over which to write DATA at offset 612 of Payload -9007404025457505713 to endpoint T8u1 [CONTEXT service_id=54 ]
04-22 11:52:11.305  2290  2603 W bt_stack: [WARNING:bta_gattc_act.cc(1060)] bta_gattc_conn_cback: cif=7 connected=0 conn_id=0x0207 reason=0x0013
04-22 11:52:11.305  2290  2603 I bt_btm_sec: btm_sec_disconnected clearing pending flag handle:2 reason:19
04-22 11:52:11.305  2290  2603 I bt_stack: [INFO:btm_ble_bgconn.cc(406)] Already connection initiated (or) No Pending connections(or) Resources of lcb are exhausted
04-22 11:52:11.305 22073  6656 E NearbyConnections: EndpointManager failed to find EndpointChannel over which to write DATA at offset 612 of Payload -9007404025457505713 to endpoint T8u1 [CONTEXT service_id=54 ]
04-22 11:52:11.306  2290  2603 W bt_l2cap: L2CA_SetDesireRole() new:x1, disallow_switch:0
04-22 11:52:11.306 22073  6656 E NearbyConnections: EndpointManager failed to find EndpointChannel over which to write DATA at offset 612 of Payload -9007404025457505713 to endpoint T8u1 [CONTEXT service_id=54 ]
04-22 11:52:11.306  2290  2348 D bt_btif : btif_av_move_idle: Already in IDLE
04-22 11:52:11.306 22073  6656 E NearbyConnections: EndpointManager failed to find EndpointChannel over which to write DATA at offset 612 of Payload -9007404025457505713 to endpoint T8u1 [CONTEXT service_id=54 ]
04-22 11:52:11.306  2290  2348 E BluetoothRemoteDevices: aclStateChangeCallback: device is NULL, address=6C:17:D7:16:BF:41, newState=1
04-22 11:52:11.306 22073  6656 E NearbyConnections: EndpointManager failed to find EndpointChannel over which to write DATA at offset 612 of Payload -9007404025457505713 to endpoint T8u1 [CONTEXT service_id=54 ]
04-22 11:52:11.441 22073  6656 I chatty  : uid=10156(com.google.android.gms) highpool[332] identical 417 lines
04-22 11:52:11.441 22073  6656 E NearbyConnections: EndpointManager failed to find EndpointChannel over which to write DATA at offset 612 of Payload -9007404025457505713 to endpoint T8u1 [CONTEXT service_id=54 ]
04-22 11:52:11.441  2290  2603 I bt_stack: [INFO:btsnoop.cc(384)] clear_l2cap_whitelist: Clearing whitelist from l2cap channel. conn_handle=10 cid=4:4
04-22 11:52:11.441 22073  6656 E NearbyConnections: EndpointManager failed to find EndpointChannel over which to write DATA at offset 612 of Payload -9007404025457505713 to endpoint T8u1 [CONTEXT service_id=54 ]
04-22 11:52:11.441 22073  6656 I chatty  : uid=10156(com.google.android.gms) highpool[332] identical 1 line
04-22 11:52:11.442 22073  6656 E NearbyConnections: EndpointManager failed to find EndpointChannel over which to write DATA at offset 612 of Payload -9007404025457505713 to endpoint T8u1 [CONTEXT service_id=54 ]
04-22 11:52:11.442  2290  2603 W bt_stack: [WARNING:bta_gattc_act.cc(1060)] bta_gattc_conn_cback: cif=3 connected=0 conn_id=0x0403 reason=0x0016
04-22 11:52:11.442  2290  2603 W bt_stack: [WARNING:bta_gattc_act.cc(1060)] bta_gattc_conn_cback: cif=4 connected=0 conn_id=0x0404 reason=0x0016
04-22 11:52:11.442 22073  6656 E NearbyConnections: EndpointManager failed to find EndpointChannel over which to write DATA at offset 612 of Payload -9007404025457505713 to endpoint T8u1 [CONTEXT service_id=54 ]
04-22 11:52:11.442  2290  2603 W bt_stack: [WARNING:bta_gattc_act.cc(1060)] bta_gattc_conn_cback: cif=5 connected=0 conn_id=0x0405 reason=0x0016
04-22 11:52:11.442  2290  2603 W bt_stack: [WARNING:bta_gattc_act.cc(1060)] bta_gattc_conn_cback: cif=6 connected=0 conn_id=0x0406 reason=0x0016
04-22 11:52:11.442 22073  6656 E NearbyConnections: EndpointManager failed to find EndpointChannel over which to write DATA at offset 612 of Payload -9007404025457505713 to endpoint T8u1 [CONTEXT service_id=54 ]
04-22 11:52:11.442  2290  2603 W bt_stack: [WARNING:bta_gattc_act.cc(1060)] bta_gattc_conn_cback: cif=7 connected=0 conn_id=0x0407 reason=0x0016
04-22 11:52:11.442  2290  2603 I bt_btm_sec: btm_sec_disconnected clearing pending flag handle:10 reason:22
04-22 11:52:11.442 22073  6656 E NearbyConnections: EndpointManager failed to find EndpointChannel over which to write DATA at offset 612 of Payload -9007404025457505713 to endpoint T8u1 [CONTEXT service_id=54 ]
04-22 11:52:11.442  2290  2603 I bt_stack: [INFO:btm_ble_bgconn.cc(406)] Already connection initiated (or) No Pending connections(or) Resources of lcb are exhausted
04-22 11:52:11.443 22073  6656 E NearbyConnections: EndpointManager failed to find EndpointChannel over which to write DATA at offset 612 of Payload -9007404025457505713 to endpoint T8u1 [CONTEXT service_id=54 ]
04-22 11:52:11.443  2290  2603 W bt_l2cap: L2CA_SetDesireRole() new:x1, disallow_switch:0
04-22 11:52:11.443 22073  6656 E NearbyConnections: EndpointManager failed to find EndpointChannel over which to write DATA at offset 612 of Payload -9007404025457505713 to endpoint T8u1 [CONTEXT service_id=54 ]
04-22 11:52:11.443  2290  2348 D bt_btif : btif_av_move_idle: Already in IDLE
04-22 11:52:11.443 22073  6656 E NearbyConnections: EndpointManager failed to find EndpointChannel over which to write DATA at offset 612 of Payload -9007404025457505713 to endpoint T8u1 [CONTEXT service_id=54 ]
04-22 11:52:11.448 22073  6656 I chatty  : uid=10156(com.google.android.gms) highpool[332] identical 21 lines
04-22 11:52:11.449 22073  6656 E NearbyConnections: EndpointManager failed to find EndpointChannel over which to write DATA at offset 612 of Payload -9007404025457505713 to endpoint T8u1 [CONTEXT service_id=54 ]
04-22 11:52:11.449  2308  2388 W BluetoothEventManager: AclStateChangedHandler: activeDevice is null
04-22 11:52:11.449 22073  6656 E NearbyConnections: EndpointManager failed to find EndpointChannel over which to write DATA at offset 612 of Payload -9007404025457505713 to endpoint T8u1 [CONTEXT service_id=54 ]
04-22 11:52:11.449 22073  6656 E NearbyConnections: EndpointManager failed to find EndpointChannel over which to write DATA at offset 612 of Payload -9007404025457505713 to endpoint T8u1 [CONTEXT service_id=54 ]
04-22 11:52:11.449  2290  2290 D BluetoothMapService: onReceive: android.bluetooth.device.action.ACL_DISCONNECTED
04-22 11:52:11.449 22073  6656 E NearbyConnections: EndpointManager failed to find EndpointChannel over which to write DATA at offset 612 of Payload -9007404025457505713 to endpoint T8u1 [CONTEXT service_id=54 ]
04-22 11:52:11.449  2290  2290 I BluetoothMapService: sRemoteDevice :null device:52:3A:EC:D0:DF:9A
04-22 11:52:11.450 22073  6656 E NearbyConnections: EndpointManager failed to find EndpointChannel over which to write DATA at offset 612 of Payload -9007404025457505713 to endpoint T8u1 [CONTEXT service_id=54 ]
04-22 11:52:11.459 22073  6656 I chatty  : uid=10156(com.google.android.gms) highpool[332] identical 36 lines
04-22 11:52:11.459 22073  6656 E NearbyConnections: EndpointManager failed to find EndpointChannel over which to write DATA at offset 612 of Payload -9007404025457505713 to endpoint T8u1 [CONTEXT service_id=54 ]
04-22 11:52:11.459  7384  7384 D MCLOG   : [MC_Service] onStartcommand()
04-22 11:52:11.459 22073  6656 E NearbyConnections: EndpointManager failed to find EndpointChannel over which to write DATA at offset 612 of Payload -9007404025457505713 to endpoint T8u1 [CONTEXT service_id=54 ]
04-22 11:52:11.472 22073  6656 I chatty  : uid=10156(com.google.android.gms) highpool[332] identical 49 lines
04-22 11:52:11.472 22073  6656 E NearbyConnections: EndpointManager failed to find EndpointChannel over which to write DATA at offset 612 of Payload -9007404025457505713 to endpoint T8u1 [CONTEXT service_id=54 ]
04-22 11:52:11.472  6583  6606 I BistoWorker: bluetoothConnectionStateChanged. Action: android.bluetooth.device.action.ACL_DISCONNECTED
04-22 11:52:11.472 22073  6656 E NearbyConnections: EndpointManager failed to find EndpointChannel over which to write DATA at offset 612 of Payload -9007404025457505713 to endpoint T8u1 [CONTEXT service_id=54 ]
04-22 11:52:11.475 22073  6656 I chatty  : uid=10156(com.google.android.gms) highpool[332] identical 10 lines
04-22 11:52:11.475 22073  6656 E NearbyConnections: EndpointManager failed to find EndpointChannel over which to write DATA at offset 612 of Payload -9007404025457505713 to endpoint T8u1 [CONTEXT service_id=54 ]
04-22 11:52:11.475 22073 22073 I NearbyDiscovery: onAclChange: state=DISCONNECTED, device=52:3A:EC:D0:DF:9A [CONTEXT service_id=49 ]
04-22 11:52:11.475 22073  6656 E NearbyConnections: EndpointManager failed to find EndpointChannel over which to write DATA at offset 612 of Payload -9007404025457505713 to endpoint T8u1 [CONTEXT service_id=54 ]
04-22 11:52:11.475 22073  6656 I chatty  : uid=10156(com.google.android.gms) highpool[332] identical 1 line
04-22 11:52:11.476 22073  6656 E NearbyConnections: EndpointManager failed to find EndpointChannel over which to write DATA at offset 612 of Payload -9007404025457505713 to endpoint T8u1 [CONTEXT service_id=54 ]
04-22 11:52:11.476  6583  6606 I DeviceDetector: Not bonded or not refresh cache.
04-22 11:52:11.476  6583  6606 I BistoWorker: Not a bisto device: 52:3A:EC:D0:DF:9A
04-22 11:52:11.476 22073  6656 E NearbyConnections: EndpointManager failed to find EndpointChannel over which to write DATA at offset 612 of Payload -9007404025457505713 to endpoint T8u1 [CONTEXT service_id=54 ]
04-22 11:52:11.717 22073  6656 I chatty  : uid=10156(com.google.android.gms) highpool[332] identical 913 lines
04-22 11:52:11.718 22073  6656 E NearbyConnections: EndpointManager failed to find EndpointChannel over which to write DATA at offset 612 of Payload -9007404025457505713 to endpoint T8u1 [CONTEXT service_id=54 ]
04-22 11:52:11.718     0     0 W swapper/1: type=1400 audit(0.0:2800): avc: denied { kill } for uid=0 capability=5 scontext=u:r:kernel:s0 tcontext=u:r:kernel:s0 tclass=capability permissive=0
04-22 11:52:11.718 22073  6656 E NearbyConnections: EndpointManager failed to find EndpointChannel over which to write DATA at offset 612 of Payload -9007404025457505713 to endpoint T8u1 [CONTEXT service_id=54 ]
04-22 11:52:16.080 22073  6656 I chatty  : uid=10156(com.google.android.gms) highpool[332] identical 16116 lines
04-22 11:52:16.088 22073  6656 E NearbyConnections: EndpointManager failed to find EndpointChannel over which to write DATA at offset 612 of Payload -9007404025457505713 to endpoint T8u1 [CONTEXT service_id=54 ]
04-22 11:52:16.088 22073 22091 I .gms.persisten: Background concurrent copying GC freed 169174(13MB) AllocSpace objects, 0(0B) LOS objects, 49% free, 12MB/25MB, paused 211us total 139.102ms
04-22 11:52:16.089 22073  6656 E NearbyConnections: EndpointManager failed to find EndpointChannel over which to write DATA at offset 612 of Payload -9007404025457505713 to endpoint T8u1 [CONTEXT service_id=54 ]
04-22 11:52:16.089 22073  6656 I chatty  : uid=10156(com.google.android.gms) highpool[332] identical 2 lines
04-22 11:52:16.089 22073  6656 E NearbyConnections: EndpointManager failed to find EndpointChannel over which to write DATA at offset 612 of Payload -9007404025457505713 to endpoint T8u1 [CONTEXT service_id=54 ]
04-22 11:52:16.090 22073 22093 D BluetoothSocket: close() this: android.bluetooth.BluetoothSocket@2bdb5fb, channel: 4, mSocketIS: android.net.LocalSocketImpl$SocketInputStream@35b2618, mSocketOS: android.net.LocalSocketImpl$SocketOutputStream@1fab871mSocket: null, mSocketState: CLOSED
04-22 11:52:16.090 22073  6656 E NearbyConnections: EndpointManager failed to find EndpointChannel over which to write DATA at offset 612 of Payload -9007404025457505713 to endpoint T8u1 [CONTEXT service_id=54 ]
04-22 11:52:17.245 22073  6656 I chatty  : uid=10156(com.google.android.gms) highpool[332] identical 4491 lines
04-22 11:52:17.246 22073  6656 E NearbyConnections: EndpointManager failed to find EndpointChannel over which to write DATA at offset 612 of Payload -9007404025457505713 to endpoint T8u1 [CONTEXT service_id=54 ]
04-22 11:52:17.246  3347  3347 D BluetoothA2dp: Binding service...
04-22 11:52:17.246 22073  6656 E NearbyConnections: EndpointManager failed to find EndpointChannel over which to write DATA at offset 612 of Payload -9007404025457505713 to endpoint T8u1 [CONTEXT service_id=54 ]
04-22 11:52:17.262 22073  6656 I chatty  : uid=10156(com.google.android.gms) highpool[332] identical 63 lines
04-22 11:52:17.262 22073  6656 E NearbyConnections: EndpointManager failed to find EndpointChannel over which to write DATA at offset 612 of Payload -9007404025457505713 to endpoint T8u1 [CONTEXT service_id=54 ]
04-22 11:52:17.262  3347  3347 I BistoRealService: onStartCommand: 0 1 Intent { act=com.google.android.apps.gsa.broadcastreceiver.SETTINGS_CHANGED cmp=com.google.android.googlequicksearchbox/com.google.android.apps.gsa.staticplugins.bisto.BistoRealService (has extras) }
04-22 11:52:17.262 22073  6656 E NearbyConnections: EndpointManager failed to find EndpointChannel over which to write DATA at offset 612 of Payload -9007404025457505713 to endpoint T8u1 [CONTEXT service_id=54 ]
04-22 11:52:17.266 22073  6656 I chatty  : uid=10156(com.google.android.gms) highpool[332] identical 15 lines
04-22 11:52:17.266 22073  6656 E NearbyConnections: EndpointManager failed to find EndpointChannel over which to write DATA at offset 612 of Payload -9007404025457505713 to endpoint T8u1 [CONTEXT service_id=54 ]
04-22 11:52:17.266  3347  3347 I BistoRealService: Intent handled internally
04-22 11:52:17.266 22073  6656 E NearbyConnections: EndpointManager failed to find EndpointChannel over which to write DATA at offset 612 of Payload -9007404025457505713 to endpoint T8u1 [CONTEXT service_id=54 ]
04-22 11:52:17.266 22073  6656 I chatty  : uid=10156(com.google.android.gms) highpool[332] identical 1 line
04-22 11:52:17.267 22073  6656 E NearbyConnections: EndpointManager failed to find EndpointChannel over which to write DATA at offset 612 of Payload -9007404025457505713 to endpoint T8u1 [CONTEXT service_id=54 ]
04-22 11:52:17.267  3347  3347 D BluetoothA2dp: Proxy object connected
04-22 11:52:17.267 22073  6656 E NearbyConnections: EndpointManager failed to find EndpointChannel over which to write DATA at offset 612 of Payload -9007404025457505713 to endpoint T8u1 [CONTEXT service_id=54 ]
04-22 11:52:18.221 22073  6656 I chatty  : uid=10156(com.google.android.gms) highpool[332] identical 3703 lines
04-22 11:52:18.221 22073  6656 E NearbyConnections: EndpointManager failed to find EndpointChannel over which to write DATA at offset 612 of Payload -9007404025457505713 to endpoint T8u1 [CONTEXT service_id=54 ]
04-22 11:52:18.222  3347  3347 I BistoRealService: onStartCommand: 0 2 Intent { act=com.google.android.apps.gsa.broadcastreceiver.SETTINGS_CHANGED cmp=com.google.android.googlequicksearchbox/com.google.android.apps.gsa.staticplugins.bisto.BistoRealService (has extras) }
04-22 11:52:18.222 22073  6656 E NearbyConnections: EndpointManager failed to find EndpointChannel over which to write DATA at offset 612 of Payload -9007404025457505713 to endpoint T8u1 [CONTEXT service_id=54 ]
04-22 11:52:18.222 22073  6656 E NearbyConnections: EndpointManager failed to find EndpointChannel over which to write DATA at offset 612 of Payload -9007404025457505713 to endpoint T8u1 [CONTEXT service_id=54 ]
04-22 11:52:18.222  3347  3347 I BistoRealService: Intent handled internally
04-22 11:52:18.222 22073  6656 E NearbyConnections: EndpointManager failed to find EndpointChannel over which to write DATA at offset 612 of Payload -9007404025457505713 to endpoint T8u1 [CONTEXT service_id=54 ]
04-22 11:52:19.546 22073  6656 I chatty  : uid=10156(com.google.android.gms) highpool[332] identical 4982 lines
04-22 11:52:19.546 22073  6656 E NearbyConnections: EndpointManager failed to find EndpointChannel over which to write DATA at offset 612 of Payload -9007404025457505713 to endpoint T8u1 [CONTEXT service_id=54 ]
04-22 11:52:19.546  3347  3347 I BistoRealService: onStartCommand: 0 3 Intent { act=com.google.android.apps.gsa.broadcastreceiver.SETTINGS_CHANGED cmp=com.google.android.googlequicksearchbox/com.google.android.apps.gsa.staticplugins.bisto.BistoRealService (has extras) }
04-22 11:52:19.546 22073  6656 E NearbyConnections: EndpointManager failed to find EndpointChannel over which to write DATA at offset 612 of Payload -9007404025457505713 to endpoint T8u1 [CONTEXT service_id=54 ]
04-22 11:52:19.547 22073  6656 E NearbyConnections: EndpointManager failed to find EndpointChannel over which to write DATA at offset 612 of Payload -9007404025457505713 to endpoint T8u1 [CONTEXT service_id=54 ]
04-22 11:52:19.547  3347  3347 I BistoRealService: Intent handled internally
04-22 11:52:19.547 22073  6656 E NearbyConnections: EndpointManager failed to find EndpointChannel over which to write DATA at offset 612 of Payload -9007404025457505713 to endpoint T8u1 [CONTEXT service_id=54 ]
04-22 11:52:20.481 22073  6656 I chatty  : uid=10156(com.google.android.gms) highpool[332] identical 3619 lines
04-22 11:52:20.481 22073  6656 E NearbyConnections: EndpointManager failed to find EndpointChannel over which to write DATA at offset 612 of Payload -9007404025457505713 to endpoint T8u1 [CONTEXT service_id=54 ]
04-22 11:52:20.481  3347  3347 I BistoRealService: onStartCommand: 0 4 Intent { act=com.google.android.apps.gsa.broadcastreceiver.SETTINGS_CHANGED cmp=com.google.android.googlequicksearchbox/com.google.android.apps.gsa.staticplugins.bisto.BistoRealService (has extras) }
04-22 11:52:20.481 22073  6656 E NearbyConnections: EndpointManager failed to find EndpointChannel over which to write DATA at offset 612 of Payload -9007404025457505713 to endpoint T8u1 [CONTEXT service_id=54 ]
04-22 11:52:20.481 22073  6656 I chatty  : uid=10156(com.google.android.gms) highpool[332] identical 1 line
04-22 11:52:20.482 22073  6656 E NearbyConnections: EndpointManager failed to find EndpointChannel over which to write DATA at offset 612 of Payload -9007404025457505713 to endpoint T8u1 [CONTEXT service_id=54 ]
04-22 11:52:20.482  3347  3347 I BistoRealService: Intent handled internally
04-22 11:52:20.482 22073  6656 E NearbyConnections: EndpointManager failed to find EndpointChannel over which to write DATA at offset 612 of Payload -9007404025457505713 to endpoint T8u1 [CONTEXT service_id=54 ]
04-22 11:52:20.543 22073  6656 I chatty  : uid=10156(com.google.android.gms) highpool[332] identical 242 lines
04-22 11:52:20.543 22073  6656 E NearbyConnections: EndpointManager failed to find EndpointChannel over which to write DATA at offset 612 of Payload -9007404025457505713 to endpoint T8u1 [CONTEXT service_id=54 ]
04-22 11:52:20.544 22073  6200 W Nearby  : Method is still running after 2850966 millis. [CONTEXT service_id=49 ]
04-22 11:52:20.544 22073  6200 W Nearby  : akpc: akpc
04-22 11:52:20.544 22073  6200 W Nearby  : 	at java.lang.Long.getChars(Long.java:446)
04-22 11:52:20.544 22073  6200 W Nearby  : 	at java.lang.Long.toString(Long.java:401)
04-22 11:52:20.544 22073  6200 W Nearby  : 	at java.lang.Long.toString(Long.java:1037)
04-22 11:52:20.544 22073  6200 W Nearby  : 	at java.lang.String.valueOf(String.java:2924)
04-22 11:52:20.544 22073  6200 W Nearby  : 	at java.lang.StringBuilder.append(StringBuilder.java:132)
04-22 11:52:20.544 22073  6200 W Nearby  : 	at bwhb.a(:com.google.android.gms@211213033@21.12.13 (120300-367530751):18)
04-22 11:52:20.544 22073  6200 W Nearby  : 	at bwgy.a(:com.google.android.gms@211213033@21.12.13 (120300-367530751):0)
04-22 11:52:20.544 22073  6200 W Nearby  : 	at bwhb.e(:com.google.android.gms@211213033@21.12.13 (120300-367530751):29)
04-22 11:52:20.544 22073  6200 W Nearby  : 	at bwga.e(:com.google.android.gms@211213033@21.12.13 (120300-367530751):5)
04-22 11:52:20.544 22073  6200 W Nearby  : 	at bwga.b(:com.google.android.gms@211213033@21.12.13 (120300-367530751):0)
04-22 11:52:20.544 22073  6200 W Nearby  : 	at cavu.b(:com.google.android.gms@211213033@21.12.13 (120300-367530751):0)
04-22 11:52:20.544 22073  6200 W Nearby  : 	at toe.b(:com.google.android.gms@211213033@21.12.13 (120300-367530751):5)
04-22 11:52:20.544 22073  6200 W Nearby  : 	at bwde.ab(:com.google.android.gms@211213033@21.12.13 (120300-367530751):3)
04-22 11:52:20.544 22073  6200 W Nearby  : 	at bwde.z(:com.google.android.gms@211213033@21.12.13 (120300-367530751):0)
04-22 11:52:20.544 22073  6200 W Nearby  : 	at akvk.e(:com.google.android.gms@211213033@21.12.13 (120300-367530751):2)
04-22 11:52:20.544 22073  6200 W Nearby  : 	at akyu.a(:com.google.android.gms@211213033@21.12.13 (120300-367530751):54)
04-22 11:52:20.544 22073  6200 W Nearby  : 	at akyv.run(:com.google.android.gms@211213033@21.12.13 (120300-367530751):27)
04-22 11:52:20.544 22073  6200 W Nearby  : 	at akoz.run(Unknown Source:3)
04-22 11:52:20.544 22073  6200 W Nearby  : 	at ull.c(:com.google.android.gms@211213033@21.12.13 (120300-367530751):6)
04-22 11:52:20.544 22073  6200 W Nearby  : 	at ull.run(:com.google.android.gms@211213033@21.12.13 (120300-367530751):8)
04-22 11:52:20.544 22073  6200 W Nearby  : 	at java.util.concurrent.ThreadPoolExecutor.runWorker(ThreadPoolExecutor.java:1167)
04-22 11:52:20.544 22073  6200 W Nearby  : 	at java.util.concurrent.ThreadPoolExecutor$Worker.run(ThreadPoolExecutor.java:641)
04-22 11:52:20.544 22073  6200 W Nearby  : 	at uri.run(:com.google.android.gms@211213033@21.12.13 (120300-367530751):0)
04-22 11:52:20.544 22073  6200 W Nearby  : 	at java.lang.Thread.run(Thread.java:919)
04-22 11:52:20.544 22073  6200 W Nearby  : Caused by: akpc
04-22 11:52:20.544 22073  6200 W Nearby  : 	at akpd.a(:com.google.android.gms@211213033@21.12.13 (120300-367530751):0)
04-22 11:52:20.544 22073  6200 W Nearby  : 	at akov.execute(:com.google.android.gms@211213033@21.12.13 (120300-367530751):0)
04-22 11:52:20.544 22073  6200 W Nearby  : 	at akrw.call(Unknown Source:8)
04-22 11:52:20.544 22073  6200 W Nearby  : 	at akrm.run(Unknown Source:2)
04-22 11:52:20.544 22073  6200 W Nearby  : 	... 7 more
04-22 11:52:20.544 22073  6656 E NearbyConnections: EndpointManager failed to find EndpointChannel over which to write DATA at offset 612 of Payload -9007404025457505713 to endpoint T8u1 [CONTEXT service_id=54 ]
04-22 11:52:21.722 22073  6656 I chatty  : uid=10156(com.google.android.gms) highpool[332] identical 4513 lines
04-22 11:52:21.722 22073  6656 E NearbyConnections: EndpointManager failed to find EndpointChannel over which to write DATA at offset 612 of Payload -9007404025457505713 to endpoint T8u1 [CONTEXT service_id=54 ]
04-22 11:52:21.718     0     0 W swapper/0: type=1400 audit(0.0:2801): avc: denied { kill } for uid=0 capability=5 scontext=u:r:kernel:s0 tcontext=u:r:kernel:s0 tclass=capability permissive=0
04-22 11:52:21.722 22073  6656 E NearbyConnections: EndpointManager failed to find EndpointChannel over which to write DATA at offset 612 of Payload -9007404025457505713 to endpoint T8u1 [CONTEXT service_id=54 ]
04-22 11:52:24.897 22073  6656 I chatty  : uid=10156(com.google.android.gms) highpool[332] identical 12246 lines
04-22 11:52:24.897 22073  6656 E NearbyConnections: EndpointManager failed to find EndpointChannel over which to write DATA at offset 612 of Payload -9007404025457505713 to endpoint T8u1 [CONTEXT service_id=54 ]
04-22 11:52:24.897  9072  9352 E memtrack: Couldn't load memtrack module
04-22 11:52:24.898  9072  9352 W android.os.Debug: failed to get memory consumption info: -1
04-22 11:52:24.898 22073  6656 E NearbyConnections: EndpointManager failed to find EndpointChannel over which to write DATA at offset 612 of Payload -9007404025457505713 to endpoint T8u1 [CONTEXT service_id=54 ]
04-22 11:52:26.955 22073  6656 I chatty  : uid=10156(com.google.android.gms) highpool[332] identical 7943 lines
04-22 11:52:26.955 22073  6656 E NearbyConnections: EndpointManager failed to find EndpointChannel over which to write DATA at offset 612 of Payload -9007404025457505713 to endpoint T8u1 [CONTEXT service_id=54 ]
04-22 11:52:26.955  1743  9612 D WificondControl: Scan result ready event
04-22 11:52:26.956 22073  6656 E NearbyConnections: EndpointManager failed to find EndpointChannel over which to write DATA at offset 612 of Payload -9007404025457505713 to endpoint T8u1 [CONTEXT service_id=54 ]
04-22 11:52:28.608  1743  9612 I ActivityManager: Force stopping com.google.location.nearby.apps.connectedcrossroad appid=10217 user=0: from pid 15132
04-22 11:52:28.618 22073  6656 I chatty  : uid=10156(com.google.android.gms) highpool[332] identical 6393 lines
04-22 11:52:28.619 22073  6656 E NearbyConnections: EndpointManager failed to find EndpointChannel over which to write DATA at offset 612 of Payload -9007404025457505713 to endpoint T8u1 [CONTEXT service_id=54 ]
04-22 11:52:28.618  2498  2498 E PhoneInterfaceManager: [PhoneIntfMgr] getCarrierPackageNamesForIntent: No UICC
04-22 11:52:28.619  2498  2498 D CarrierSvcBindHelper: No carrier app for: 0
04-22 11:52:28.619 22073  6656 E NearbyConnections: EndpointManager failed to find EndpointChannel over which to write DATA at offset 612 of Payload -9007404025457505713 to endpoint T8u1 [CONTEXT service_id=54 ]
04-22 11:52:31.723 22073  6656 I chatty  : uid=10156(com.google.android.gms) highpool[332] identical 11882 lines
04-22 11:52:31.723 22073  6656 E NearbyConnections: EndpointManager failed to find EndpointChannel over which to write DATA at offset 612 of Payload -9007404025457505713 to endpoint T8u1 [CONTEXT service_id=54 ]
04-22 11:52:31.722     0     0 W swapper/3: type=1400 audit(0.0:2802): avc: denied { kill } for uid=0 capability=5 scontext=u:r:kernel:s0 tcontext=u:r:kernel:s0 tclass=capability permissive=0
04-22 11:52:31.723 22073  6656 E NearbyConnections: EndpointManager failed to find EndpointChannel over which to write DATA at offset 612 of Payload -9007404025457505713 to endpoint T8u1 [CONTEXT service_id=54 ]
04-22 11:52:32.211  1743  9612 I ActivityManager: Force stopping com.google.location.nearby.apps.connectedcrossroad appid=10217 user=0: from pid 15162
04-22 11:52:32.217 22073  6656 I chatty  : uid=10156(com.google.android.gms) highpool[332] identical 1847 lines
04-22 11:52:32.218 22073  6656 E NearbyConnections: EndpointManager failed to find EndpointChannel over which to write DATA at offset 612 of Payload -9007404025457505713 to endpoint T8u1 [CONTEXT service_id=54 ]
04-22 11:52:32.218  2498  2498 E PhoneInterfaceManager: [PhoneIntfMgr] getCarrierPackageNamesForIntent: No UICC
04-22 11:52:32.218  2498  2498 D CarrierSvcBindHelper: No carrier app for: 0
04-22 11:52:32.218 22073  6656 E NearbyConnections: EndpointManager failed to find EndpointChannel over which to write DATA at offset 612 of Payload -9007404025457505713 to endpoint T8u1 [CONTEXT service_id=54 ]
04-22 11:52:32.320  1743 11968 I ActivityTaskManager: START u0 {act=android.intent.action.MAIN cat=[android.intent.category.LAUNCHER] flg=0x10000000 cmp=com.google.location.nearby.apps.connectedcrossroad/nx.aodv.eval.MainActivity} from uid 2000
04-22 11:52:32.321  1743 11968 D ActivityTaskManager: getPreferredLaunchDisplay usersetdisplayid -1 current displayId 0 paramspreferid 0
04-22 11:52:32.321  1743 11968 D ActivityTaskManager: getPreferredLaunchDisplay usersetdisplayid -1 current displayId 0 paramspreferid 0
04-22 11:52:32.325  1743 11968 D ActivityTaskManager: getPreferredLaunchDisplay usersetdisplayid 0 current displayId 0 paramspreferid 0
04-22 11:52:32.334 22073  6656 I chatty  : uid=10156(com.google.android.gms) highpool[332] identical 463 lines
04-22 11:52:32.334 22073  6656 E NearbyConnections: EndpointManager failed to find EndpointChannel over which to write DATA at offset 612 of Payload -9007404025457505713 to endpoint T8u1 [CONTEXT service_id=54 ]
04-22 11:52:32.334  7384  7427 D MCLOG   : [MC_TriggerHelper] PauseResumeTrigger
04-22 11:52:32.335 22073  6656 E NearbyConnections: EndpointManager failed to find EndpointChannel over which to write DATA at offset 612 of Payload -9007404025457505713 to endpoint T8u1 [CONTEXT service_id=54 ]
04-22 11:52:32.340 22073  6656 I chatty  : uid=10156(com.google.android.gms) highpool[332] identical 22 lines
04-22 11:52:32.340 22073  6656 E NearbyConnections: EndpointManager failed to find EndpointChannel over which to write DATA at offset 612 of Payload -9007404025457505713 to endpoint T8u1 [CONTEXT service_id=54 ]
04-22 11:52:32.340  7384  7384 D MCLOG   : [MC_Service] onStartcommand()
04-22 11:52:32.340 22073  6656 E NearbyConnections: EndpointManager failed to find EndpointChannel over which to write DATA at offset 612 of Payload -9007404025457505713 to endpoint T8u1 [CONTEXT service_id=54 ]
04-22 11:52:32.342  1743  1743 V SettingsProvider: Notifying for 0: content://settings/secure/reminder_exp_learning_time_elapsed
04-22 11:52:32.349 22073  6656 I chatty  : uid=10156(com.google.android.gms) highpool[332] identical 34 lines
04-22 11:52:32.349 22073  6656 E NearbyConnections: EndpointManager failed to find EndpointChannel over which to write DATA at offset 612 of Payload -9007404025457505713 to endpoint T8u1 [CONTEXT service_id=54 ]
04-22 11:52:32.349  1743  1766 E system_server: Invalid ID 0x00000000.
04-22 11:52:32.349 22073  6656 E NearbyConnections: EndpointManager failed to find EndpointChannel over which to write DATA at offset 612 of Payload -9007404025457505713 to endpoint T8u1 [CONTEXT service_id=54 ]
04-22 11:52:32.366 22073  6656 I chatty  : uid=10156(com.google.android.gms) highpool[332] identical 67 lines
04-22 11:52:32.366 22073  6656 E NearbyConnections: EndpointManager failed to find EndpointChannel over which to write DATA at offset 612 of Payload -9007404025457505713 to endpoint T8u1 [CONTEXT service_id=54 ]
04-22 11:52:32.366   721   721 D Zygote  : Forked child process 15172
04-22 11:52:32.366 22073  6656 E NearbyConnections: EndpointManager failed to find EndpointChannel over which to write DATA at offset 612 of Payload -9007404025457505713 to endpoint T8u1 [CONTEXT service_id=54 ]
04-22 11:52:32.371  1743  1766 V WindowManager: Changing focus from Window{a0fbc2a u0 com.motorola.launcher3/com.android.launcher3.CustomizationPanelLauncher} to null displayId=0
04-22 11:52:32.376  1743  1773 I ActivityManager: Start proc 15172:com.google.location.nearby.apps.connectedcrossroad/u0a217 for activity {com.google.location.nearby.apps.connectedcrossroad/nx.aodv.eval.MainActivity}
04-22 11:52:32.384 22073  6656 I chatty  : uid=10156(com.google.android.gms) highpool[332] identical 70 lines
04-22 11:52:32.384 22073  6656 E NearbyConnections: EndpointManager failed to find EndpointChannel over which to write DATA at offset 612 of Payload -9007404025457505713 to endpoint T8u1 [CONTEXT service_id=54 ]
04-22 11:52:32.384 15172 15172 I nectedcrossroa: Late-enabling -Xcheck:jni
04-22 11:52:32.384 22073  6656 E NearbyConnections: EndpointManager failed to find EndpointChannel over which to write DATA at offset 612 of Payload -9007404025457505713 to endpoint T8u1 [CONTEXT service_id=54 ]
04-22 11:52:32.408 22073  6656 I chatty  : uid=10156(com.google.android.gms) highpool[332] identical 88 lines
04-22 11:52:32.408 22073  6656 E NearbyConnections: EndpointManager failed to find EndpointChannel over which to write DATA at offset 612 of Payload -9007404025457505713 to endpoint T8u1 [CONTEXT service_id=54 ]
04-22 11:52:32.408 15172 15172 E nectedcrossroa: Unknown bits set in runtime_flags: 0x8000
04-22 11:52:32.409 22073  6656 E NearbyConnections: EndpointManager failed to find EndpointChannel over which to write DATA at offset 612 of Payload -9007404025457505713 to endpoint T8u1 [CONTEXT service_id=54 ]
04-22 11:52:32.427 22073  6656 I chatty  : uid=10156(com.google.android.gms) highpool[332] identical 61 lines
04-22 11:52:32.427 22073  6656 E NearbyConnections: EndpointManager failed to find EndpointChannel over which to write DATA at offset 612 of Payload -9007404025457505713 to endpoint T8u1 [CONTEXT service_id=54 ]
04-22 11:52:32.427  7384  7427 D MCLOG   : [MC_TriggerHelper] PauseResumeTrigger
04-22 11:52:32.428 22073  6656 E NearbyConnections: EndpointManager failed to find EndpointChannel over which to write DATA at offset 612 of Payload -9007404025457505713 to endpoint T8u1 [CONTEXT service_id=54 ]
04-22 11:52:32.437  1743  1766 I WindowManager:   SURFACE show Surface(name=Splash Screen com.google.location.nearby.apps.connectedcrossroad)/@0x80f1686 on display:0: Splash Screen com.google.location.nearby.apps.connectedcrossroad
04-22 11:52:32.441 22073  6656 I chatty  : uid=10156(com.google.android.gms) highpool[332] identical 33 lines
04-22 11:52:32.441 22073  6656 E NearbyConnections: EndpointManager failed to find EndpointChannel over which to write DATA at offset 612 of Payload -9007404025457505713 to endpoint T8u1 [CONTEXT service_id=54 ]
04-22 11:52:32.441  7384  7384 D MCLOG   : [MC_Service] onStartcommand()
04-22 11:52:32.442 22073  6656 E NearbyConnections: EndpointManager failed to find EndpointChannel over which to write DATA at offset 612 of Payload -9007404025457505713 to endpoint T8u1 [CONTEXT service_id=54 ]
04-22 11:52:32.453 22073  6656 I chatty  : uid=10156(com.google.android.gms) highpool[332] identical 26 lines
04-22 11:52:32.454 22073  6656 E NearbyConnections: EndpointManager failed to find EndpointChannel over which to write DATA at offset 612 of Payload -9007404025457505713 to endpoint T8u1 [CONTEXT service_id=54 ]
04-22 11:52:32.454  6583  6606 I MicroDetectionState: Should stop hotword detection immediately - false
04-22 11:52:32.454 22073  6656 E NearbyConnections: EndpointManager failed to find EndpointChannel over which to write DATA at offset 612 of Payload -9007404025457505713 to endpoint T8u1 [CONTEXT service_id=54 ]
04-22 11:52:32.455  6583  6606 I MicroDetector: Keeping mic open: false
04-22 11:52:32.455  6583  6606 I RecognitionAudioControl: #shutdownAudio [requestId: -8355368531886876316, keepAudioOpen: false, forced: true]
04-22 11:52:32.455 22073  6656 E NearbyConnections: EndpointManager failed to find EndpointChannel over which to write DATA at offset 612 of Payload -9007404025457505713 to endpoint T8u1 [CONTEXT service_id=54 ]
04-22 11:52:32.455  6583  6606 I RecognitionAudioControl: #internalShutdownAudio [requestId: -8355368531886876316]
04-22 11:52:32.455  6583  6606 I RecognitionAudioControl: #internalShutdownAudio [keepAudioOpen: false, forced: true]
04-22 11:52:32.455  6583  6606 I RecognitionAudioControl: #actualShutdownAudio
04-22 11:52:32.455  6583  6606 I AudioController: #shutdown [requestId=-8355368531886876316]
04-22 11:52:32.455 22073  6656 E NearbyConnections: EndpointManager failed to find EndpointChannel over which to write DATA at offset 612 of Payload -9007404025457505713 to endpoint T8u1 [CONTEXT service_id=54 ]
04-22 11:52:32.455  6583  6637 I AudioController: internalShutdown
04-22 11:52:32.455 22073  6656 E NearbyConnections: EndpointManager failed to find EndpointChannel over which to write DATA at offset 612 of Payload -9007404025457505713 to endpoint T8u1 [CONTEXT service_id=54 ]
04-22 11:52:32.456  6583  6636 I MicroRecognitionRunner: Stopping hotword detection.
04-22 11:52:32.456  6583 15082 E DeviceStateChecker: DeviceStateChecker cancelled
04-22 11:52:32.456 22073  6656 E NearbyConnections: EndpointManager failed to find EndpointChannel over which to write DATA at offset 612 of Payload -9007404025457505713 to endpoint T8u1 [CONTEXT service_id=54 ]
04-22 11:52:32.511 22073  6656 I chatty  : uid=10156(com.google.android.gms) highpool[332] identical 165 lines
04-22 11:52:32.511 22073  6656 E NearbyConnections: EndpointManager failed to find EndpointChannel over which to write DATA at offset 612 of Payload -9007404025457505713 to endpoint T8u1 [CONTEXT service_id=54 ]
04-22 11:52:32.512   807   884 D audio_hw_primary: disable_audio_route: usecase(10) reset and update mixer path: audio-record
04-22 11:52:32.512 22073  6656 E NearbyConnections: EndpointManager failed to find EndpointChannel over which to write DATA at offset 612 of Payload -9007404025457505713 to endpoint T8u1 [CONTEXT service_id=54 ]
04-22 11:52:32.512 22073  6656 I chatty  : uid=10156(com.google.android.gms) highpool[332] identical 1 line
04-22 11:52:32.513 22073  6656 E NearbyConnections: EndpointManager failed to find EndpointChannel over which to write DATA at offset 612 of Payload -9007404025457505713 to endpoint T8u1 [CONTEXT service_id=54 ]
04-22 11:52:32.513   807   884 D audio_hw_primary: disable_snd_device: snd_device(136: voice-rec-mic)
04-22 11:52:32.513 22073  6656 E NearbyConnections: EndpointManager failed to find EndpointChannel over which to write DATA at offset 612 of Payload -9007404025457505713 to endpoint T8u1 [CONTEXT service_id=54 ]
04-22 11:52:32.517 22073  6656 I chatty  : uid=10156(com.google.android.gms) highpool[332] identical 8 lines
04-22 11:52:32.517 22073  6656 E NearbyConnections: EndpointManager failed to find EndpointChannel over which to write DATA at offset 612 of Payload -9007404025457505713 to endpoint T8u1 [CONTEXT service_id=54 ]
04-22 11:52:32.518   807  1556 D audio_hw_primary: in_set_parameters: enter: kvpairs=routing=0
04-22 11:52:32.518 22073  6656 E NearbyConnections: EndpointManager failed to find EndpointChannel over which to write DATA at offset 612 of Payload -9007404025457505713 to endpoint T8u1 [CONTEXT service_id=54 ]
04-22 11:52:32.528 22073  6656 I chatty  : uid=10156(com.google.android.gms) highpool[332] identical 19 lines
04-22 11:52:32.529 22073  6656 E NearbyConnections: EndpointManager failed to find EndpointChannel over which to write DATA at offset 612 of Payload -9007404025457505713 to endpoint T8u1 [CONTEXT service_id=54 ]
04-22 11:52:32.529  6583  6637 I MicrophoneInputStream: mic_close  SR : 16000 CC : 16 SO : 1999
04-22 11:52:32.530  6583  6637 E AudioSource: Stop listening is called on already closed AudioSource
04-22 11:52:32.530 22073  6656 E NearbyConnections: EndpointManager failed to find EndpointChannel over which to write DATA at offset 612 of Payload -9007404025457505713 to endpoint T8u1 [CONTEXT service_id=54 ]
04-22 11:52:32.531 22073  6656 E NearbyConnections: EndpointManager failed to find EndpointChannel over which to write DATA at offset 612 of Payload -9007404025457505713 to endpoint T8u1 [CONTEXT service_id=54 ]
04-22 11:52:32.531  6583 15079 I MicroRecognitionRunner: Detection finished
04-22 11:52:32.531 22073  6656 E NearbyConnections: EndpointManager failed to find EndpointChannel over which to write DATA at offset 612 of Payload -9007404025457505713 to endpoint T8u1 [CONTEXT service_id=54 ]
04-22 11:52:32.745  1743  6519 I WindowManager: Window drawn AppWindowToken{815d8f1 token=Token{f647898 ActivityRecord{fa6c27b u0 com.motorola.launcher3/com.android.launcher3.CustomizationPanelLauncher t4}}}
04-22 11:52:32.816 22073  6656 I chatty  : uid=10156(com.google.android.gms) highpool[332] identical 934 lines
04-22 11:52:32.817 22073  6656 E NearbyConnections: EndpointManager failed to find EndpointChannel over which to write DATA at offset 612 of Payload -9007404025457505713 to endpoint T8u1 [CONTEXT service_id=54 ]
04-22 11:52:32.817 15172 15172 W nectedcrossroa: Accessing hidden method Landroid/view/View;->computeFitSystemWindows(Landroid/graphics/Rect;Landroid/graphics/Rect;)Z (greylist, reflection, allowed)
04-22 11:52:32.817 22073  6656 E NearbyConnections: EndpointManager failed to find EndpointChannel over which to write DATA at offset 612 of Payload -9007404025457505713 to endpoint T8u1 [CONTEXT service_id=54 ]
04-22 11:52:32.817 22073  6656 I chatty  : uid=10156(com.google.android.gms) highpool[332] identical 2 lines
04-22 11:52:32.818 22073  6656 E NearbyConnections: EndpointManager failed to find EndpointChannel over which to write DATA at offset 612 of Payload -9007404025457505713 to endpoint T8u1 [CONTEXT service_id=54 ]
04-22 11:52:32.818 15172 15172 W nectedcrossroa: Accessing hidden method Landroid/view/ViewGroup;->makeOptionalFitsSystemWindows()V (greylist, reflection, allowed)
04-22 11:52:32.818 22073  6656 E NearbyConnections: EndpointManager failed to find EndpointChannel over which to write DATA at offset 612 of Payload -9007404025457505713 to endpoint T8u1 [CONTEXT service_id=54 ]
04-22 11:52:33.004 22073  6656 I chatty  : uid=10156(com.google.android.gms) highpool[332] identical 702 lines
04-22 11:52:33.004 22073  6656 E NearbyConnections: EndpointManager failed to find EndpointChannel over which to write DATA at offset 612 of Payload -9007404025457505713 to endpoint T8u1 [CONTEXT service_id=54 ]
04-22 11:52:33.004 15172 15172 V perf    : AODV networking started.
04-22 11:52:33.004 22073  6656 E NearbyConnections: EndpointManager failed to find EndpointChannel over which to write DATA at offset 612 of Payload -9007404025457505713 to endpoint T8u1 [CONTEXT service_id=54 ]
04-22 11:52:33.024 22073  6656 I chatty  : uid=10156(com.google.android.gms) highpool[332] identical 59 lines
04-22 11:52:33.025 22073  6656 E NearbyConnections: EndpointManager failed to find EndpointChannel over which to write DATA at offset 612 of Payload -9007404025457505713 to endpoint T8u1 [CONTEXT service_id=54 ]
04-22 11:52:33.025 22073 22073 D BoundBrokerSvc: onBind: Intent { act=com.google.android.gms.nearby.connection.service.START pkg=com.google.android.gms }
04-22 11:52:33.025 22073 22073 D BoundBrokerSvc: Loading bound service for intent: Intent { act=com.google.android.gms.nearby.connection.service.START pkg=com.google.android.gms }
04-22 11:52:33.025 22073  6656 E NearbyConnections: EndpointManager failed to find EndpointChannel over which to write DATA at offset 612 of Payload -9007404025457505713 to endpoint T8u1 [CONTEXT service_id=54 ]
04-22 11:52:33.115  1743 11968 V WindowManager: Changing focus from null to Window{3b14e41 u0 com.google.location.nearby.apps.connectedcrossroad/nx.aodv.eval.MainActivity} displayId=0
04-22 11:52:33.118 22073  6656 I chatty  : uid=10156(com.google.android.gms) highpool[332] identical 325 lines
04-22 11:52:33.118 22073  6656 E NearbyConnections: EndpointManager failed to find EndpointChannel over which to write DATA at offset 612 of Payload -9007404025457505713 to endpoint T8u1 [CONTEXT service_id=54 ]
04-22 11:52:33.118 15172 15205 I AdrenoGLES: QUALCOMM build                   : 961b24f, Ib57168459a
04-22 11:52:33.118 15172 15205 I AdrenoGLES: Build Date                       : 02/24/20
04-22 11:52:33.118 15172 15205 I AdrenoGLES: OpenGL ES Shader Compiler Version: EV031.27.05.06
04-22 11:52:33.118 15172 15205 I AdrenoGLES: Local Branch                     : 
04-22 11:52:33.118 15172 15205 I AdrenoGLES: Remote Branch                    : 
