04-22 11:33:34.295  1635  1775 W BroadcastQueue: Background execution not allowed: receiving Intent { act=android.intent.action.PACKAGE_REMOVED dat=package:com.google.location.nearby.apps.connectedcrossroad flg=0x4000010 (has extras) } to com.facebook.katana/com.facebook.feed.platformads.AppInstallReceiver
04-22 11:33:34.295  1635  1775 W BroadcastQueue: Background execution not allowed: receiving Intent { act=android.intent.action.PACKAGE_REMOVED dat=package:com.google.location.nearby.apps.connectedcrossroad flg=0x4000010 (has extras) } to com.jaga.ibraceletplus.smartwristband3/com.yc.pedometer.keepalive.KeepAliveReceiver
04-22 11:33:34.295  1635  1775 W BroadcastQueue: Background execution not allowed: receiving Intent { act=android.intent.action.PACKAGE_REMOVED dat=package:com.google.location.nearby.apps.connectedcrossroad flg=0x4000010 (has extras) } to com.microsoft.appmanager/.receiver.InstallUninstallReceiver
04-22 11:33:34.296  1635  1775 W BroadcastQueue: Background execution not allowed: receiving Intent { act=android.intent.action.PACKAGE_REMOVED dat=package:com.google.location.nearby.apps.connectedcrossroad flg=0x4000010 (has extras) } to com.microsoft.appmanager/com.microsoft.mmx.continuity.receiver.InstallUninstallReceiver
04-22 11:33:34.296  1635  1775 W BroadcastQueue: Background execution not allowed: receiving Intent { act=android.intent.action.PACKAGE_REMOVED dat=package:com.google.location.nearby.apps.connectedcrossroad flg=0x4000010 (has extras) } to com.microsoft.emmx/com.microsoft.mmx.continuity.receiver.InstallUninstallReceiver
04-22 11:33:34.296  1635  1775 W BroadcastQueue: Background execution not allowed: receiving Intent { act=android.intent.action.PACKAGE_ADDED dat=package:com.google.location.nearby.apps.connectedcrossroad flg=0x4000010 (has extras) } to com.google.android.packageinstaller/com.android.packageinstaller.PackageInstalledReceiver
04-22 11:33:34.296  1635  1775 W BroadcastQueue: Background execution not allowed: receiving Intent { act=android.intent.action.PACKAGE_ADDED dat=package:com.google.location.nearby.apps.connectedcrossroad flg=0x4000010 (has extras) } to com.android.vending/com.google.android.finsky.packagemanager.impl.PackageMonitorReceiverImpl$RegisteredReceiver
04-22 11:33:34.296  1635  1775 W BroadcastQueue: Background execution not allowed: receiving Intent { act=android.intent.action.PACKAGE_ADDED dat=package:com.google.location.nearby.apps.connectedcrossroad flg=0x4000010 (has extras) } to com.google.android.gms/.games.chimera.GamesSystemBroadcastReceiverProxy
04-22 11:33:34.296  1635  1775 W BroadcastQueue: Background execution not allowed: receiving Intent { act=android.intent.action.PACKAGE_ADDED dat=package:com.google.location.nearby.apps.connectedcrossroad flg=0x4000010 (has extras) } to com.google.android.gms/.gass.chimera.PackageChangeBroadcastReceiver
04-22 11:33:34.296  1635  1775 W BroadcastQueue: Background execution not allowed: receiving Intent { act=android.intent.action.PACKAGE_ADDED dat=package:com.google.location.nearby.apps.connectedcrossroad flg=0x4000010 (has extras) } to com.google.android.gms/.chimera.GmsIntentOperationService$PersistentTrustedReceiver
04-22 11:33:34.297  1635  1775 W BroadcastQueue: Background execution not allowed: receiving Intent { act=android.intent.action.PACKAGE_ADDED dat=package:com.google.location.nearby.apps.connectedcrossroad flg=0x4000010 (has extras) } to com.google.android.googlequicksearchbox/com.google.android.apps.gsa.googlequicksearchbox.GelStubAppWatcher
04-22 11:33:34.297  1635  1775 W BroadcastQueue: Background execution not allowed: receiving Intent { act=android.intent.action.PACKAGE_ADDED dat=package:com.google.location.nearby.apps.connectedcrossroad flg=0x4000010 (has extras) } to com.facebook.katana/com.facebook.feed.platformads.AppInstallReceiver
04-22 11:33:34.297  1635  1775 W BroadcastQueue: Background execution not allowed: receiving Intent { act=android.intent.action.PACKAGE_ADDED dat=package:com.google.location.nearby.apps.connectedcrossroad flg=0x4000010 (has extras) } to com.jaga.ibraceletplus.smartwristband3/com.yc.pedometer.keepalive.KeepAliveReceiver
04-22 11:33:34.297  1635  1775 W BroadcastQueue: Background execution not allowed: receiving Intent { act=android.intent.action.PACKAGE_ADDED dat=package:com.google.location.nearby.apps.connectedcrossroad flg=0x4000010 (has extras) } to com.microsoft.appmanager/.receiver.InstallUninstallReceiver
04-22 11:33:34.297  1635  1775 W BroadcastQueue: Background execution not allowed: receiving Intent { act=android.intent.action.PACKAGE_ADDED dat=package:com.google.location.nearby.apps.connectedcrossroad flg=0x4000010 (has extras) } to com.microsoft.appmanager/com.microsoft.mmx.continuity.receiver.InstallUninstallReceiver
04-22 11:33:34.297  1635  1775 W BroadcastQueue: Background execution not allowed: receiving Intent { act=android.intent.action.PACKAGE_ADDED dat=package:com.google.location.nearby.apps.connectedcrossroad flg=0x4000010 (has extras) } to com.microsoft.emmx/com.microsoft.mmx.continuity.receiver.InstallUninstallReceiver
04-22 11:33:34.378  1635 11678 I ActivityTaskManager: START u0 {act=android.intent.action.MAIN cat=[android.intent.category.LAUNCHER] flg=0x10000000 cmp=com.google.location.nearby.apps.connectedcrossroad/nx.aodv.eval.MainActivity} from uid 2000
04-22 11:33:34.418  1635  1635 W Looper  : Slow dispatch took 106ms main h=android.app.ActivityThread$H c=android.app.-$$Lambda$LoadedApk$ReceiverDispatcher$Args$_BumDX2UKsnxLVrE6UJsJZkotuA@bcb653c m=0
04-22 11:33:34.422  1635  1756 D CompatibilityChangeReporter: Compat change id reported: 135634846; UID 10333; state: DISABLED
04-22 11:33:34.422  1635  1776 D CompatibilityChangeReporter: Compat change id reported: 143937733; UID 10333; state: DISABLED
04-22 11:33:34.463  1635  1776 I ActivityManager: Start proc 21144:com.google.location.nearby.apps.connectedcrossroad/u0a333 for pre-top-activity {com.google.location.nearby.apps.connectedcrossroad/nx.aodv.eval.MainActivity}
04-22 11:33:34.611  1635  3040 W BroadcastQueue: Background execution not allowed: receiving Intent { act=android.intent.action.PACKAGE_REPLACED dat=package:com.google.location.nearby.apps.connectedcrossroad flg=0x4000010 (has extras) } to com.google.android.gms/.gass.chimera.PackageChangeBroadcastReceiver
04-22 11:33:34.617  1635  1775 W BroadcastQueue: Background execution not allowed: receiving Intent { act=android.intent.action.PACKAGE_REPLACED dat=package:com.google.location.nearby.apps.connectedcrossroad flg=0x4000010 (has extras) } to com.google.android.gms/.chimera.GmsIntentOperationService$PersistentTrustedReceiver
04-22 11:33:34.618  1635  1775 W BroadcastQueue: Background execution not allowed: receiving Intent { act=android.intent.action.PACKAGE_REPLACED dat=package:com.google.location.nearby.apps.connectedcrossroad flg=0x4000010 (has extras) } to com.google.android.googlequicksearchbox/com.google.android.apps.gsa.googlequicksearchbox.GelStubAppWatcher
04-22 11:33:34.619  1635  1635 W Looper  : Slow dispatch took 197ms main h=android.app.ActivityThread$H c=android.app.-$$Lambda$LoadedApk$ReceiverDispatcher$Args$_BumDX2UKsnxLVrE6UJsJZkotuA@cee16d9 m=0
04-22 11:33:34.620  1635  1775 W BroadcastQueue: Background execution not allowed: receiving Intent { act=android.intent.action.PACKAGE_REPLACED dat=package:com.google.location.nearby.apps.connectedcrossroad flg=0x4000010 (has extras) } to com.infonow.bofa/com.bofa.ecom.marvel.application.BofaPackageUpdateReceiver
04-22 11:33:34.620  1635  1775 W BroadcastQueue: Background execution not allowed: receiving Intent { act=android.intent.action.PACKAGE_REPLACED dat=package:com.google.location.nearby.apps.connectedcrossroad flg=0x4000010 (has extras) } to com.microsoft.appmanager/com.microsoft.mmx.continuity.receiver.InstallUninstallReceiver
04-22 11:33:34.620  1635  1775 W BroadcastQueue: Background execution not allowed: receiving Intent { act=android.intent.action.PACKAGE_REPLACED dat=package:com.google.location.nearby.apps.connectedcrossroad flg=0x4000010 (has extras) } to com.microsoft.emmx/com.microsoft.mmx.continuity.receiver.InstallUninstallReceiver
04-22 11:33:34.620  1635  1775 W BroadcastQueue: Background execution not allowed: receiving Intent { act=android.intent.action.PACKAGE_REPLACED dat=package:com.google.location.nearby.apps.connectedcrossroad flg=0x4000010 (has extras) } to steptracker.healthandfitness.walkingtracker.pedometer/com.drojian.stepcounter.receiver.PedometerReceiver
04-22 11:33:34.620  1635  1775 W BroadcastQueue: Background execution not allowed: receiving Intent { act=android.intent.action.PACKAGE_REPLACED dat=package:com.google.location.nearby.apps.connectedcrossroad flg=0x4000010 (has extras) } to steptracker.healthandfitness.walkingtracker.pedometer/com.drojian.servicekeeper.receiver.BootReceiver
04-22 11:33:34.625  1635  1635 W Looper  : Slow delivery took 350ms main h=android.app.ActivityThread$H c=android.app.-$$Lambda$LoadedApk$ReceiverDispatcher$Args$_BumDX2UKsnxLVrE6UJsJZkotuA@f645f77 m=0
04-22 11:33:34.626  1635  1635 I Telecom : DefaultDialerCache: Refreshing default dialer for user 0: now com.google.android.dialer: DDC.oR@BZ4
04-22 11:33:34.665  1635  1635 V BackupManagerConstants: getFullBackupIntervalMilliseconds(...) returns 86400000
04-22 11:33:34.665  1635  1635 V BackupManagerConstants: getFullBackupRequiredNetworkType(...) returns 2
04-22 11:33:34.665  1635  1635 V BackupManagerConstants: getFullBackupRequireCharging(...) returns true
04-22 11:33:34.715  1635  1752 W Looper  : Slow dispatch took 273ms android.fg h=android.os.Handler c=<recycled PooledLambda@42d0bd8> m=0
04-22 11:33:34.786  1635  1752 W Looper  : Slow delivery took 336ms android.fg h=android.os.Handler c=<recycled PooledLambda@d53837> m=0
04-22 11:33:34.940  1635  2884 W NetworkPolicy: shared quota unsupported; generating rule for each iface
04-22 11:33:35.006  1635  1635 W Looper  : Slow dispatch took 380ms main h=android.app.ActivityThread$H c=android.app.-$$Lambda$LoadedApk$ReceiverDispatcher$Args$_BumDX2UKsnxLVrE6UJsJZkotuA@5902970 m=0
04-22 11:33:35.104  1635  1635 W Looper  : Drained
04-22 11:33:35.130  1635  1752 W Looper  : Slow dispatch took 133ms android.fg h=android.os.Handler c=<recycled PooledLambda@73af7b4> m=0
04-22 11:33:35.138  1635  2884 W NetworkPolicy: shared quota unsupported; generating rule for each iface
04-22 11:33:35.175  1635  8781 D CompatibilityChangeReporter: Compat change id reported: 136274596; UID 10333; state: DISABLED
04-22 11:33:35.525  1635  1752 W Looper  : Slow dispatch took 109ms android.fg h=android.os.Handler c=<recycled PooledLambda@6f55723> m=0
04-22 11:33:35.620  1635  2891 D ConnectivityService: NetReassign [no changes]
04-22 11:33:35.646  1635  1752 W Looper  : Slow dispatch took 120ms android.fg h=android.os.Handler c=<recycled PooledLambda@9631fb6> m=0
04-22 11:33:35.916  1635  2884 W NetworkPolicy: shared quota unsupported; generating rule for each iface
04-22 11:33:35.991  1635  2884 I chatty  : uid=1000(system) NetworkPolicy identical 1 line
04-22 11:33:36.078  1635  2884 W NetworkPolicy: shared quota unsupported; generating rule for each iface
04-22 11:33:36.146  1635  1752 W Looper  : Drained
04-22 11:33:36.358  1635  2884 W NetworkPolicy: shared quota unsupported; generating rule for each iface
04-22 11:33:36.518  1635  3040 E SystemServiceRegistry: Manager wrapper not available: face
04-22 11:33:36.520  1635  1775 I DropBoxManagerService: add tag=system_server_wtf isTagEnabled=true flags=0x2
04-22 11:33:36.627  1635  3040 W SettingsStatsUtil: Can not parse value to float: gps,network
04-22 11:33:38.526  1635  1775 W BroadcastQueue: Background execution not allowed: receiving Intent { act=android.intent.action.DROPBOX_ENTRY_ADDED flg=0x10 (has extras) } to com.google.android.gms/.stats.service.DropBoxEntryAddedReceiver
04-22 11:33:38.526  1635  1775 W BroadcastQueue: Background execution not allowed: receiving Intent { act=android.intent.action.DROPBOX_ENTRY_ADDED flg=0x10 (has extras) } to com.google.android.gms/.chimera.GmsIntentOperationService$PersistentTrustedReceiver
04-22 11:33:38.630  1635  2891 D ConnectivityService: NetReassign [no changes]
04-22 11:33:53.806  1635  2891 I chatty  : uid=1000(system) ConnectivitySer identical 5 lines
04-22 11:33:56.816  1635  2891 D ConnectivityService: NetReassign [no changes]
04-22 11:33:57.588  1635  1635 D BluetoothManagerService: Bluetooth Adapter name changed to IlFiSy1bye0AAAAAAAAAATE
04-22 11:33:57.588  1635  1635 D BluetoothManagerService: Stored Bluetooth name: IlFiSy1bye0AAAAAAAAAATE
04-22 11:33:57.918  1635  2893 D NsdService: Register service
04-22 11:33:57.919  1635  2893 D NsdService: registerService: 24 name: IlFiSy1bye0AAA, type: _5BC9ED5E6C75._tcp, host: null, port: 39097, txtRecord: n=MQIPv4=192.168.1.17
04-22 11:33:57.919  1635  2893 D NsdService: mdnssd [register, 24, IlFiSy1bye0AAA, _5BC9ED5E6C75._tcp, 39097, BG49TVERSVB2ND0xOTIuMTY4LjEuMTc=]
04-22 11:33:57.921  1635  2893 D NsdService: Register 24 24
04-22 11:33:58.618  1635  2893 D NsdService: Native daemon message SERVICE_REGISTERED: 606 24 "IlFiSy1bye0AAA"
04-22 11:33:58.626  1635  8900 E AppOps  : attributionTag com.google.android.gms.nearby not declared in manifest of com.google.location.nearby.apps.connectedcrossroad
04-22 11:33:59.830  1635  2891 D ConnectivityService: NetReassign [no changes]
04-22 11:34:02.845  1635  2891 D ConnectivityService: NetReassign [no changes]
04-22 11:34:04.514  1635  8900 E ClipboardService: Denying clipboard access to com.google.android.gm, application is not in focus nor is it a system service for user 0
04-22 11:34:05.891  1635  2891 D ConnectivityService: NetReassign [no changes]
--------- beginning of main
04-22 11:34:12.844  1016  1020 E statsd  : Predicate 5980654721335871649 dropping data for dimension key (10)0x2010101->10145[I] (10)0x30000->CastSocketMultiplexer_WakeLock[S] 
04-22 11:34:12.886  1016  1020 E statsd  : Predicate 5980654721335871649 dropping data for dimension key (10)0x2010101->10145[I] (10)0x30000->CastSocketMultiplexer_WakeLock[S] 
04-22 11:34:12.888  1016  1020 E statsd  : Predicate 5980654721335871649 dropping data for dimension key (10)0x2010101->10145[I] (10)0x30000->CastDeviceController-com.google.android.gms[S] 
04-22 11:34:12.892  1016  1020 E statsd  : Predicate 5980654721335871649 dropping data for dimension key (10)0x2010101->10145[I] (10)0x30000->CastDeviceController-com.google.android.gms[S] 
04-22 11:34:13.853  1058  2949 I WifiHAL : event received NL80211_CMD_VENDOR, vendor_id = 0x1374, subcmd = 0xd
04-22 11:34:11.938  1635  2891 I chatty  : uid=1000(system) ConnectivitySer identical 2 lines
04-22 11:34:14.951  1635  2891 D ConnectivityService: NetReassign [no changes]
04-22 11:34:15.654  1635  1775 I ActivityManager: Waited long enough for: ServiceRecord{7bec7f0 u0 com.google.android.googlequicksearchbox/com.google.android.apps.gsa.shared.util.keepalive.StandaloneKeepAlive$KeepAliveService}
04-22 11:34:15.730 19609 19609 I chatty  : uid=10200(com.google.android.inputmethod.latin) expire 47 lines
04-22 11:34:15.732  4561  4561 I A       : Receiving sys ui event of type com.google.android.apps.googlequicksearchbox.nga.ON_KEYBOARD_SHOWING_CHANGED.
04-22 11:34:15.739 19609 21322 I chatty  : uid=10200(com.google.android.inputmethod.latin) expire 1 line
04-22 11:34:15.742 19609 21323 I chatty  : uid=10200(com.google.android.inputmethod.latin) expire 1 line
04-22 11:34:15.789  4451  4451 I chatty  : uid=10324(com.jaga.ibraceletplus.smartwristband3) expire 4 lines
04-22 11:34:15.856  1058  2949 I WifiHAL : event received NL80211_CMD_VENDOR, vendor_id = 0x1374, subcmd = 0xd
04-22 11:34:15.999  4451  4451 E MediaPlayerNative: start called in state 0, mPlayer(0x78a87aef00)
04-22 11:34:15.999  4451  4451 E MediaPlayerNative: error (-38, 0)
04-22 11:34:15.999  4451  4451 D cactus  : music is playing
04-22 11:34:15.999  4451  4451 E MediaPlayerNative: start called in state 0, mPlayer(0x78a87aef00)
04-22 11:34:15.999  4451  4451 E MediaPlayerNative: error (-38, 0)
04-22 11:34:15.999  4451  4451 D cactus  : music is playing
04-22 11:34:15.999  4451  4451 E MediaPlayer: Error (-38,0)
04-22 11:34:15.999  4451  4451 E MediaPlayer: Error (-38,0)
04-22 11:34:16.331  3258  3258 D GRIL-S  : [6719]> UPDATE_REGULATORY_DOMAIN
04-22 11:34:16.327  1057  1057 W radioext@1.0-se: type=1400 audit(0.0:10327): avc: denied { search } for name="radio" dev="dm-8" ino=174 scontext=u:r:hal_radioext_default:s0 tcontext=u:object_r:radio_vendor_data_file:s0 tclass=dir permissive=0
04-22 11:34:16.334  3258  4164 D GRIL-S  : [6719]< UPDATE_REGULATORY_DOMAIN 
04-22 11:34:17.398 21144 21144 D connectedcrossroad: data collect: burst start
04-22 11:34:17.399 21144 21144 V data    : Payload RX: 0
04-22 11:34:17.399 21144 21144 V data    : Payload TX: 0
04-22 11:34:17.399 21144 21144 V data    : Total RX: 0
04-22 11:34:17.399 21144 21144 V data    : Total TX: 0
04-22 11:34:17.399 21144 21144 D connectedcrossroad: sendMessage: Sent message
04-22 11:34:17.403 14602 14896 D audio_route: Apply path: speaker
04-22 11:34:17.403  1635  8900 I system_server: oneway function results will be dropped but finished with status OK and parcel size 4
04-22 11:34:17.403 14602 14896 D audio_hw_primary: enable_snd_device: snd_device(104: vi-feedback)
04-22 11:34:17.403 14602 14896 D audio_route: Apply path: vi-feedback
04-22 11:34:17.403 14602 14896 E audio_hw_utils: audio_extn_utils_send_app_type_cfg: Failed to derive app_type for uc type : 0x1
04-22 11:34:17.403 14602 14896 D ACDB-LOADER: ACDB -> send_audio_cal, acdb_id = 512, path = 1, app id = 0x11132, sample rate = 48000
04-22 11:34:17.403 14602 14896 D ACDB-LOADER: ACDB -> send_asm_topology
04-22 11:34:17.403 14602 14896 D ACDB-LOADER: ACDB -> ACDB_CMD_GET_AUDPROC_STREAM_TOPOLOGY_ID
04-22 11:34:17.403 14602 14896 D ACDB-LOADER: ACDB -> send_adm_topology
04-22 11:34:17.403 14602 14896 D ACDB-LOADER: ACDB -> ACDB_CMD_GET_AUDPROC_COMMON_TOPOLOGY_ID
04-22 11:34:17.403 14602 14896 D ACDB-LOADER: ACDB -> send_audtable
04-22 11:34:17.403 14602 14896 D ACDB-LOADER: ACDB -> ACDB_CMD_GET_AUDPROC_COMMON_TABLE_SIZE
04-22 11:34:17.404 14602 14896 D ACDB-LOADER: ACDB -> ACDB_CMD_GET_AUDPROC_COMMON_TABLE
04-22 11:34:17.404 14602 14896 D ACDB-LOADER: ACDB -> AUDIO_SET_AUDPROC_CAL
04-22 11:34:17.404 14602 14896 D ACDB-LOADER: ACDB -> send_audvoltable
04-22 11:34:17.404 14602 14896 D ACDB-LOADER: ACDB -> ACDB_CMD_GET_AUDPROC_VOL_STEP_TABLE_SIZE
04-22 11:34:17.404 14602 14896 D ACDB-LOADER: ACDB -> ACDB_CMD_GET_AUDPROC_GAIN_DEP_STEP_TABLE, vol index 0
04-22 11:34:17.404 14602 14896 D android.hardware.audio.service: Failed to fetch the lookup information of the device 00000200 
04-22 11:34:17.404 14602 14896 E ACDB-LOADER: Error: ACDB AudProc vol returned = -19
04-22 11:34:17.404 14602 14896 D ACDB-LOADER: ACDB -> AUDIO_SET_VOL_CAL cal type = 12
04-22 11:34:17.404 14602 14896 D ACDB-LOADER: ACDB -> ACDB_CMD_GET_AUDPROC_STREAM_TABLE_SIZE
04-22 11:34:17.404 14602 14896 D ACDB-LOADER: ACDB -> send_audstrmtable
04-22 11:34:17.404 14602 14896 D ACDB-LOADER: ACDB -> ACDB_CMD_GET_AUDPROC_STREAM_TABLE_V2
04-22 11:34:17.404 14602 14896 D ACDB-LOADER: ACDB -> audstrm_cal->cal_type.cal_data.cal_size = 16
04-22 11:34:17.404 14602 14896 D ACDB-LOADER: ACDB -> send_afe_topology
04-22 11:34:17.404 14602 14896 D ACDB-LOADER: ACDB -> ACDB_CMD_GET_AFE_TOPOLOGY_ID
04-22 11:34:17.404 14602 14896 D ACDB-LOADER: ACDB -> GET_AFE_TOPOLOGY_ID for adcd_id 512, Topology Id 10001ccc
04-22 11:34:17.404 14602 14896 D ACDB-LOADER: ACDB -> send_afe_cal
04-22 11:34:17.404 14602 14896 D ACDB-LOADER: ACDB -> ACDB_CMD_GET_AFE_COMMON_TABLE_SIZE
04-22 11:34:17.404 14602 14896 D ACDB-LOADER: ACDB -> ACDB_CMD_GET_AFE_COMMON_TABLE
04-22 11:34:17.404 14602 14896 D ACDB-LOADER: ACDB -> AUDIO_SET_AFE_CAL
04-22 11:34:17.404 14602 14896 D ACDB-LOADER: ACDB -> send_hw_delay : acdb_id = 512 path = 1
04-22 11:34:17.404 14602 14896 D ACDB-LOADER: ACDB -> ACDB_AVSYNC_INFO: ACDB_CMD_GET_DEVICE_PROPERTY
04-22 11:34:17.404 14602 14896 D audio_hw_primary: enable_audio_route: usecase(25) apply and update mixer path: spkr-vi-record vi-feedback
04-22 11:34:17.404 14602 14896 D audio_route: Apply path: spkr-vi-record vi-feedback
04-22 11:34:17.404  1635  8900 I system_server: oneway function results will be dropped but finished with status OK and parcel size 4
04-22 11:34:17.440 14602 14896 D ACDB-LOADER: ACDB -> send_audio_cal, acdb_id = 513, path = 0, app id = 0x11130, sample rate = 48000
04-22 11:34:17.441 14602 14896 D ACDB-LOADER: ACDB -> send_asm_topology
04-22 11:34:17.441 14602 14896 D ACDB-LOADER: ACDB -> ACDB_CMD_GET_AUDPROC_STREAM_TOPOLOGY_ID
04-22 11:34:17.441 14602 14896 D ACDB-LOADER: ACDB -> send_adm_topology
04-22 11:34:17.441 14602 14896 D ACDB-LOADER: ACDB -> ACDB_CMD_GET_AUDPROC_COMMON_TOPOLOGY_ID
04-22 11:34:17.441 14602 14896 D ACDB-LOADER: ACDB -> send_audtable
04-22 11:34:17.441 14602 14896 D ACDB-LOADER: ACDB -> ACDB_CMD_GET_AUDPROC_COMMON_TABLE_SIZE
04-22 11:34:17.441 14602 14896 D ACDB-LOADER: ACDB -> ACDB_CMD_GET_AUDPROC_COMMON_TABLE
04-22 11:34:17.441 14602 14896 D ACDB-LOADER: ACDB -> AUDIO_SET_AUDPROC_CAL
04-22 11:34:17.441 14602 14896 D ACDB-LOADER: ACDB -> send_audvoltable
04-22 11:34:17.441 14602 14896 D ACDB-LOADER: ACDB -> ACDB_CMD_GET_AUDPROC_VOL_STEP_TABLE_SIZE
04-22 11:34:17.441 14602 14896 D ACDB-LOADER: ACDB -> ACDB_CMD_GET_AUDPROC_GAIN_DEP_STEP_TABLE, vol index 0
04-22 11:34:17.441 14602 14896 D android.hardware.audio.service: Failed to fetch the lookup information of the device 00000201 
04-22 11:34:17.441 14602 14896 E ACDB-LOADER: Error: ACDB AudProc vol returned = -19
04-22 11:34:17.441 14602 14896 D ACDB-LOADER: ACDB -> AUDIO_SET_VOL_CAL cal type = 12
04-22 11:34:17.441 14602 14896 D ACDB-LOADER: ACDB -> ACDB_CMD_GET_AUDPROC_STREAM_TABLE_SIZE
04-22 11:34:17.441 14602 14896 D ACDB-LOADER: ACDB -> send_audstrmtable
04-22 11:34:17.441 14602 14896 D ACDB-LOADER: ACDB -> ACDB_CMD_GET_AUDPROC_STREAM_TABLE_V2
04-22 11:34:17.441 14602 14896 D ACDB-LOADER: ACDB -> audstrm_cal->cal_type.cal_data.cal_size = 488
04-22 11:34:17.441 14602 14896 D ACDB-LOADER: ACDB -> send_afe_topology
04-22 11:34:17.441 14602 14896 D ACDB-LOADER: ACDB -> ACDB_CMD_GET_AFE_TOPOLOGY_ID
04-22 11:34:17.441 14602 14896 D ACDB-LOADER: ACDB -> GET_AFE_TOPOLOGY_ID for adcd_id 513, Topology Id 10000ccc
04-22 11:34:17.441 14602 14896 D ACDB-LOADER: ACDB -> send_afe_cal
04-22 11:34:17.441 14602 14896 D ACDB-LOADER: ACDB -> ACDB_CMD_GET_AFE_COMMON_TABLE_SIZE
04-22 11:34:17.441 14602 14896 D ACDB-LOADER: ACDB -> ACDB_CMD_GET_AFE_COMMON_TABLE
04-22 11:34:17.441 14602 14896 D ACDB-LOADER: ACDB -> AUDIO_SET_AFE_CAL
04-22 11:34:17.441 14602 14896 D ACDB-LOADER: ACDB -> send_hw_delay : acdb_id = 513 path = 0
04-22 11:34:17.441 14602 14896 D ACDB-LOADER: ACDB -> ACDB_AVSYNC_INFO: ACDB_CMD_GET_DEVICE_PROPERTY
04-22 11:34:17.441 14602 14896 D audio_hw_primary: enable_audio_route: usecase(1) apply and update mixer path: low-latency-playback speaker
04-22 11:34:17.441 14602 14896 D audio_route: Apply path: low-latency-playback speaker
04-22 11:34:17.490  2959  3615 I bt_stack: [INFO:gatt_api.cc(947)] GATT_Register d38d8081-e59b-993f-cb15-23f9bf2b4eba
04-22 11:34:17.490  2959  3615 I bt_stack: [INFO:gatt_api.cc(967)] allocated gatt_if=12
04-22 11:34:17.490  3529  6401 I chatty  : uid=10145(com.google.android.gms) Binder:3529_10 expire 12 lines
04-22 11:34:17.497  2959  2977 D BluetoothAdapterService: startDiscovery
04-22 11:34:17.498 14602 14896 D audio_hw_primary: out_write: retry previous failed cal level set
04-22 11:34:17.498  2959  3615 W bt_btif : bta_dm_check_av:2
04-22 11:34:17.498  2959  3615 W bt_btif : [0]: state:1, info:x0, avoid_rs 1
04-22 11:34:17.498  2959  3615 W bt_btif : [1]: state:1, info:x0, avoid_rs 1
04-22 11:34:17.498  2959  3615 W bt_btif : [2]: state:1, info:x0, avoid_rs 1
04-22 11:34:17.498  2959  3615 W bt_btif : [3]: state:1, info:x0, avoid_rs 1
04-22 11:34:17.498  2959  3615 W bt_btif : [4]: state:1, info:x0, avoid_rs 1
04-22 11:34:17.499  2959  3615 E bt_btif : bte_scan_filt_param_cfg_evt, 23
04-22 11:34:17.503  1635  9190 I WifiService: enableTdls uid=10145 enable=true
04-22 11:34:17.505  1635  3107 I WifiService: enableTdlsWithMacAddress uid=1000 enable=true
04-22 11:34:17.568 21144 21253 D connectedcrossroad: dataTxThread: Pulled AODV data from queue
04-22 11:34:17.579  2959  3071 D bt_btif_config: btif_get_device_type: Device [69:f7:37:b4:4d:6a] type 2
04-22 11:34:17.586  3529 21326 I chatty  : uid=10145 com.google.android.gms.persistent expire 27 lines
04-22 11:34:17.617  2959  3071 D bt_btif_config: btif_get_device_type: Device [19:ae:16:99:b2:f2] type 2
04-22 11:34:17.651  1635  9190 I system_server: oneway function results will be dropped but finished with status OK and parcel size 4
04-22 11:34:17.651 14601 14613 W APM::AudioPolicyEngine: getDevicesForStrategy() unknown strategy: -1
04-22 11:34:17.717  3529 20661 I chatty  : uid=10145 com.google.android.gms.persistent expire 45 lines
04-22 11:34:17.726  2959  3071 D bt_btif_config: btif_get_device_type: Device [5f:be:e5:c8:49:5d] type 2
04-22 11:34:17.861  1058  2949 I WifiHAL : event received NL80211_CMD_VENDOR, vendor_id = 0x1374, subcmd = 0xd
04-22 11:34:17.895  2959  3071 D bt_btif_config: btif_get_device_type: Device [63:e6:1c:a9:3d:cf] type 2
04-22 11:34:17.922  3529 21300 I chatty  : uid=10145 com.google.android.gms.persistent expire 65 lines
04-22 11:34:17.923  3529 21264 I chatty  : uid=10145 com.google.android.gms.persistent expire 87 lines
04-22 11:34:17.937  2959 26759 D BluetoothAdapterService: cancelDiscovery
04-22 11:34:17.945  2959  3615 I bt_stack: [INFO:gatt_api.cc(947)] GATT_Register 84c4fde3-777a-d795-639c-be1a293a7e0a
04-22 11:34:17.945  2959  3615 I bt_stack: [INFO:gatt_api.cc(967)] allocated gatt_if=12
04-22 11:34:17.947  2959  3071 D bt_btif_config: btif_get_address_type: Device [71:07:3a:e8:4d:0c] address type 1
04-22 11:34:17.947  2959  3071 D bt_btif_config: btif_get_device_type: Device [71:07:3a:e8:4d:0c] type 2
04-22 11:34:17.948  2959  3615 I bt_stack: [INFO:gatt_api.cc(1105)] GATT_Connectgatt_if=12, address=71:07:3a:e8:4d:0c
04-22 11:34:17.948  2959  3615 I bt_stack: [INFO:btm_ble_bgconn.cc(215)] btm_add_dev_to_controller addig RPA into white list
04-22 11:34:17.967  1635  8781 I WifiService: enableTdls uid=10145 enable=false
04-22 11:34:17.967  1635  2891 D ConnectivityService: NetReassign [no changes]
04-22 11:34:17.969  1635  3107 I WifiService: enableTdlsWithMacAddress uid=1000 enable=false
04-22 11:34:17.975 21144 21165 I nectedcrossroa: oneway function results will be dropped but finished with status UNKNOWN_TRANSACTION and parcel size 0
04-22 11:34:18.009 32084 32084 I EuiccGoogle: [2] EuiccServiceImpl.onDestroy: onDestroy: EuiccService on destroy.
04-22 11:34:18.011 32084 32084 I EuiccGoogle: [2] EuiccServiceImpl.disposeEuiccCard: disposeEuiccCard.
04-22 11:34:18.070 21144 21253 D connectedcrossroad: dataTxThread: Pulled AODV data from queue
04-22 11:34:18.402 21144 21144 V data    : Payload RX: 0
04-22 11:34:18.402 21144 21144 V data    : Payload TX: 0
04-22 11:34:18.403 21144 21144 V data    : Total RX: 0
04-22 11:34:18.403 21144 21144 V data    : Total TX: 0
04-22 11:34:18.403 21144 21144 D connectedcrossroad: sendMessage: Sent message
04-22 11:34:18.475  2959  3615 I bt_stack: [INFO:btm_ble_connection_establishment.cc(167)] btm_ble_conn_complete: unable to match and resolve random address
04-22 11:34:18.475  2959  3615 I bt_stack: [INFO:btm_ble_bgconn.cc(228)] btm_add_dev_to_controller removing RPA from white list
04-22 11:34:18.572 21144 21253 D connectedcrossroad: dataTxThread: Pulled AODV data from queue
04-22 11:34:18.572 21144 21253 D connectedcrossroad: dataTxThread: Pulled AODV data from queue
04-22 11:34:18.666  2959  3615 W bt_btif : bta_dm_acl_change info: 0x0
04-22 11:34:18.667  2959  3071 D bt_btif_dm: remote version info [71:07:3a:e8:4d:0c]: 0, 0, 0
04-22 11:34:18.667  2959  3615 E bt_stack: [ERROR:bta_gattc_cache.cc(717)] bta_gattc_cache_load: can't open GATT cache file /data/misc/bluetooth/gatt_cache_71073ae84d0c for reading, error: No such file or directory
04-22 11:34:18.667  2959  3615 I bt_stack: [INFO:gatt_api.cc(632)] GATTC_Discover conn_id=0x050c, disc_type=1, s_handle=0x0001, e_handle=0xffff
04-22 11:34:18.675  2959  3071 D bt_btif_config: btif_get_address_type: Device [71:07:3a:e8:4d:0c] address type 1
04-22 11:34:18.675  2959  3071 D bt_btif_config: btif_get_device_type: Device [71:07:3a:e8:4d:0c] type 2
04-22 11:34:18.675  2979  3035 W BluetoothEventManager: AclStateChangedHandler: activeDevice is null
04-22 11:34:18.675  2959  3615 I bt_stack: [INFO:gatt_api.cc(1105)] GATT_Connectgatt_if=11, address=71:07:3a:e8:4d:0c
04-22 11:34:18.679  2959  2959 E BluetoothPhonePolicy: Received unexpected intent, action=android.bluetooth.device.action.ACL_CONNECTED
04-22 11:34:18.680  2959  2959 I BluetoothPhonePolicy: processDeviceConnected, device=71:07:3A:E8:4D:0C
04-22 11:34:18.680  2959  2959 D BluetoothDatabase: setConnection: device=71:07:3A:E8:4D:0C and isA2dpDevice=false
04-22 11:34:18.680  2959  2959 D BluetoothDatabase: setConnection: Creating new metadata entry for device: 71:07:3A:E8:4D:0C
04-22 11:34:18.680  2959  2959 D BluetoothDatabase: updateDatabase 71:07:3A:E8:4D:0C
04-22 11:34:18.681  2959  3071 D bt_btif_gatt: btapp_gatts_handle_cback: Empty event (16)!
04-22 11:34:18.684  1661  1661 I GH.WifiBluetoothRcvr: Connection action: android.bluetooth.device.action.ACL_CONNECTED, device 71:07:3A:E8:4D:0C
04-22 11:34:18.687  1661  1661 I GH.WifiBluetoothRcvr: Wireless projection is available on this phone.
04-22 11:34:18.705 14012 14111 I BistoWorker: bluetoothConnectionStateChanged. Action: android.bluetooth.device.action.ACL_CONNECTED
04-22 11:34:18.710 14012 14111 I DeviceDetector: Not bonded or not refresh cache.
04-22 11:34:18.713  3529 21039 I chatty  : uid=10145 com.google.android.gms.persistent expire 1 line
04-22 11:34:18.847  1016  1020 E statsd  : Predicate 5980654721335871649 dropping data for dimension key (10)0x2010101->10145[I] (10)0x30000->CastSocketMultiplexer_WakeLock[S] 
04-22 11:34:18.899  1016  1020 E statsd  : Predicate 5980654721335871649 dropping data for dimension key (10)0x2010101->10145[I] (10)0x30000->CastSocketMultiplexer_WakeLock[S] 
04-22 11:34:18.900  1016  1020 E statsd  : Predicate 5980654721335871649 dropping data for dimension key (10)0x2010101->10145[I] (10)0x30000->CastDeviceController-com.google.android.gms[S] 
04-22 11:34:18.902  1016  1020 E statsd  : Predicate 5980654721335871649 dropping data for dimension key (10)0x2010101->10145[I] (10)0x30000->CastDeviceController-com.google.android.gms[S] 
04-22 11:34:18.956  2959  3615 I bt_stack: [INFO:gatt_api.cc(632)] GATTC_Discover conn_id=0x050c, disc_type=3, s_handle=0x0001, e_handle=0x0003
04-22 11:34:19.074 21144 21253 D connectedcrossroad: dataTxThread: Pulled AODV data from queue
04-22 11:34:19.074 21144 21253 D connectedcrossroad: dataTxThread: Pulled AODV data from queue
04-22 11:34:19.081  3529 21267 I chatty  : uid=10145 com.google.android.gms.persistent expire 13 lines
04-22 11:34:19.103  2959  3615 I bt_stack: [INFO:gatt_api.cc(632)] GATTC_Discover conn_id=0x050c, disc_type=4, s_handle=0x0001, e_handle=0x0003
04-22 11:34:19.142  3529 20970 I chatty  : uid=10145 com.google.android.gms.persistent expire 83 lines
04-22 11:34:19.319  2959  3615 I bt_stack: [INFO:gatt_api.cc(632)] GATTC_Discover conn_id=0x050c, disc_type=3, s_handle=0x0014, e_handle=0x001a
04-22 11:34:19.334  2959  3615 I bt_stack: [INFO:gatt_api.cc(632)] GATTC_Discover conn_id=0x050c, disc_type=4, s_handle=0x0014, e_handle=0x001a
04-22 11:34:19.379  2959  3615 I bt_stack: [INFO:gatt_api.cc(632)] GATTC_Discover conn_id=0x050c, disc_type=3, s_handle=0x0028, e_handle=0x002d
04-22 11:34:19.394  2959  3615 I bt_stack: [INFO:gatt_api.cc(632)] GATTC_Discover conn_id=0x050c, disc_type=4, s_handle=0x0028, e_handle=0x002d
04-22 11:34:19.406 21144 21144 V data    : Payload RX: 0
04-22 11:34:19.406 21144 21144 V data    : Payload TX: 0
04-22 11:34:19.406 21144 21144 V data    : Total RX: 0
04-22 11:34:19.406 21144 21144 V data    : Total TX: 0
04-22 11:34:19.406 21144 21144 D connectedcrossroad: sendMessage: Sent message
04-22 11:34:19.439  2959  3615 I bt_stack: [INFO:gatt_api.cc(632)] GATTC_Discover conn_id=0x050c, disc_type=5, s_handle=0x002b, e_handle=0x002b
04-22 11:34:19.461  2959  3615 I bt_stack: [INFO:gatt_api.cc(632)] GATTC_Discover conn_id=0x050c, disc_type=3, s_handle=0x002e, e_handle=0xffff
04-22 11:34:19.476  2959  3615 I bt_stack: [INFO:gatt_api.cc(632)] GATTC_Discover conn_id=0x050c, disc_type=4, s_handle=0x002e, e_handle=0xffff
04-22 11:34:19.575 21144 21253 D connectedcrossroad: dataTxThread: Pulled AODV data from queue
04-22 11:34:19.576 21144 21253 I chatty  : uid=10333(com.google.location.nearby.apps.connectedcrossroad) identical 101 lines
04-22 11:34:19.576 21144 21253 D connectedcrossroad: dataTxThread: Pulled AODV data from queue
04-22 11:34:19.596  2959  3615 I bt_stack: [INFO:gatt_api.cc(632)] GATTC_Discover conn_id=0x050c, disc_type=5, s_handle=0x0039, e_handle=0xffff
04-22 11:34:19.611  2959  3615 I bt_stack: [INFO:bta_gattc_cache.cc(178)] bta_gattc_explore_srvc_finished: service discovery finished
04-22 11:34:19.612  2959  3071 E bt_btif_gattc: btif_gattc_upstreams_evt: Unhandled event (8)!
04-22 11:34:19.617  2959  3071 D bt_bta_gattc: bta_gattc_get_gatt_db
04-22 11:34:19.789  2959  3615 I bt_stack: [INFO:gatt_api.cc(1219)] GATT_Disconnect conn_id=0x050c
04-22 11:34:19.790  2959  3615 E bt_stack: [ERROR:bta_gattc_utils.cc(433)] bta_gattc_mark_bg_conn unable to find the bg connection mask for bd_addr=71:07:3a:e8:4d:0c
04-22 11:34:19.797  2959  3615 I bt_stack: [INFO:gatt_api.cc(947)] GATT_Register 3d0840b7-686d-330b-e0a4-88c012d08b2a
04-22 11:34:19.798  2959  3615 I bt_stack: [INFO:gatt_api.cc(967)] allocated gatt_if=12
04-22 11:34:19.813  2959 15232 D BluetoothAdapterService: startDiscovery
04-22 11:34:19.815  2959  3615 W bt_btif : bta_dm_check_av:2
04-22 11:34:19.815  2959  3615 W bt_btif : [0]: state:1, info:x0, avoid_rs 1
04-22 11:34:19.815  2959  3615 W bt_btif : [1]: state:1, info:x0, avoid_rs 1
04-22 11:34:19.815  2959  3615 W bt_btif : [2]: state:1, info:x0, avoid_rs 1
04-22 11:34:19.815  2959  3615 W bt_btif : [3]: state:1, info:x0, avoid_rs 1
04-22 11:34:19.815  2959  3615 W bt_btif : [4]: state:1, info:x0, avoid_rs 1
04-22 11:34:19.815  2959  3615 W bt_btif : [5]: state:1, info:x0, avoid_rs 1
04-22 11:34:19.818  2959  3615 E bt_btif : bte_scan_filt_param_cfg_evt, 23
04-22 11:34:19.863  1058  2949 I WifiHAL : event received NL80211_CMD_VENDOR, vendor_id = 0x1374, subcmd = 0xd
04-22 11:34:19.937  2959  3071 D bt_btif_config: btif_get_device_type: Device [63:e6:1c:a9:3d:cf] type 2
04-22 11:34:19.995  2959  3071 D bt_btif_config: btif_get_device_type: Device [6d:2f:f6:df:de:dd] type 2
04-22 11:34:20.022  2959  3071 D bt_btif_config: btif_get_device_type: Device [69:f7:37:b4:4d:6a] type 2
04-22 11:34:20.043  2959  3071 D bt_btif_config: btif_get_device_type: Device [5f:be:e5:c8:49:5d] type 2
04-22 11:34:20.045  2959  2976 D BluetoothAdapterService: cancelDiscovery
04-22 11:34:20.055  2959  3615 I bt_stack: [INFO:gatt_api.cc(947)] GATT_Register 4ff115c0-721c-b0ff-5365-7234cdc70804
04-22 11:34:20.055  2959  3615 I bt_stack: [INFO:gatt_api.cc(967)] allocated gatt_if=12
04-22 11:34:20.057  2959  3071 D bt_btif_config: btif_get_address_type: Device [69:f7:37:b4:4d:6a] address type 1
04-22 11:34:20.057  2959  3071 D bt_btif_config: btif_get_device_type: Device [69:f7:37:b4:4d:6a] type 2
04-22 11:34:20.057  2959  3615 I bt_stack: [INFO:gatt_api.cc(1105)] GATT_Connectgatt_if=12, address=69:f7:37:b4:4d:6a
04-22 11:34:20.057  2959  3615 I bt_stack: [INFO:btm_ble_bgconn.cc(215)] btm_add_dev_to_controller addig RPA into white list
04-22 11:34:20.077 21144 21253 D connectedcrossroad: dataTxThread: Pulled AODV data from queue
04-22 11:34:20.078 21144 21253 D connectedcrossroad: dataTxThread: Pulled AODV data from queue
04-22 11:34:20.291  2959  3615 I bt_stack: [INFO:btm_ble_connection_establishment.cc(167)] btm_ble_conn_complete: unable to match and resolve random address
04-22 11:34:20.291  2959  3615 I bt_stack: [INFO:btm_ble_bgconn.cc(228)] btm_add_dev_to_controller removing RPA from white list
04-22 11:34:20.409 21144 21144 V data    : Payload RX: 0
04-22 11:34:20.409 21144 21144 V data    : Payload TX: 0
04-22 11:34:20.409 21144 21144 V data    : Total RX: 0
04-22 11:34:20.409 21144 21144 V data    : Total TX: 0
04-22 11:34:20.409 21144 21144 D connectedcrossroad: sendMessage: Sent message
04-22 11:34:20.472  2959  3615 W bt_btif : bta_dm_acl_change info: 0x0
04-22 11:34:20.473  2959  3615 E bt_stack: [ERROR:bta_gattc_cache.cc(717)] bta_gattc_cache_load: can't open GATT cache file /data/misc/bluetooth/gatt_cache_69f737b44d6a for reading, error: No such file or directory
04-22 11:34:20.473  2959  3071 D bt_btif_dm: remote version info [69:f7:37:b4:4d:6a]: 0, 0, 0
04-22 11:34:20.473  2959  3615 I bt_stack: [INFO:gatt_api.cc(632)] GATTC_Discover conn_id=0x060c, disc_type=1, s_handle=0x0001, e_handle=0xffff
04-22 11:34:20.482  2959  2959 E BluetoothPhonePolicy: Received unexpected intent, action=android.bluetooth.device.action.ACL_CONNECTED
04-22 11:34:20.482  2959  2959 I BluetoothPhonePolicy: processDeviceConnected, device=69:F7:37:B4:4D:6A
04-22 11:34:20.482  2959  2959 D BluetoothDatabase: setConnection: device=69:F7:37:B4:4D:6A and isA2dpDevice=false
04-22 11:34:20.482  2959  2959 D BluetoothDatabase: Updating last connected time for device: 69:F7:37:B4:4D:6A to 142
04-22 11:34:20.482  2959  2959 D BluetoothDatabase: updateDatabase 69:F7:37:B4:4D:6A
04-22 11:34:20.482  2979  3035 W BluetoothEventManager: AclStateChangedHandler: activeDevice is null
04-22 11:34:20.484  2959  3071 D bt_btif_config: btif_get_address_type: Device [69:f7:37:b4:4d:6a] address type 1
04-22 11:34:20.484  2959  3071 D bt_btif_config: btif_get_device_type: Device [69:f7:37:b4:4d:6a] type 2
04-22 11:34:20.484  2959  3615 I bt_stack: [INFO:gatt_api.cc(1105)] GATT_Connectgatt_if=11, address=69:f7:37:b4:4d:6a
04-22 11:34:20.488  2959  3071 D bt_btif_gatt: btapp_gatts_handle_cback: Empty event (16)!
04-22 11:34:20.497  1661  1661 I GH.WifiBluetoothRcvr: Connection action: android.bluetooth.device.action.ACL_CONNECTED, device 69:F7:37:B4:4D:6A
04-22 11:34:20.500  1661  1661 I GH.WifiBluetoothRcvr: Wireless projection is available on this phone.
04-22 11:34:20.523 14012 14111 I BistoWorker: bluetoothConnectionStateChanged. Action: android.bluetooth.device.action.ACL_CONNECTED
04-22 11:34:20.527 14012 14111 I DeviceDetector: Not bonded or not refresh cache.
04-22 11:34:20.527  3529 21301 I chatty  : uid=10145 com.google.android.gms.persistent expire 1 line
04-22 11:34:20.579 21144 21253 D connectedcrossroad: dataTxThread: Pulled AODV data from queue
04-22 11:34:20.579 21144 21253 D connectedcrossroad: dataTxThread: Pulled AODV data from queue
04-22 11:34:20.679 14602 14606 D audio_hw_primary: disable_audio_route: usecase(1) reset and update mixer path: low-latency-playback speaker
04-22 11:34:20.682 14602 14606 I audio_hw_cirrus_playback: audio_extn_spkr_prot_stop_processing: pcm_tx_close
04-22 11:34:20.693 14602 14606 D audio_hw_primary: disable_audio_route: usecase(25) reset and update mixer path: spkr-vi-record vi-feedback
04-22 11:34:20.693 14602 14606 D audio_hw_primary: disable_snd_device: snd_device(104: vi-feedback)
04-22 11:34:20.697  1635  8781 I system_server: oneway function results will be dropped but finished with status OK and parcel size 4
04-22 11:34:20.716  2959  3615 I bt_stack: [INFO:gatt_api.cc(632)] GATTC_Discover conn_id=0x060c, disc_type=3, s_handle=0x0001, e_handle=0x0003
04-22 11:34:20.792  4451  4451 D GetFunctionList: isSupport4 =true,functionType =4194304,function =6055139
04-22 11:34:20.795  4451  4451 D MySQLOperate:  getExciseDataByDate calendar=20210422,exist=true
04-22 11:34:20.795  4451  4451 D MySQLOperate: exerciseData 0 =ExerciseData{, startDate='20210215135705', endDate=20210215143738calendar=20210215, sportsType=0, account=null, step=2488, distance=2250.0, calories=151.0, heart=111, count=0, duration=2433, pace=0.0, realSpeed=0.0, verSpeed=0.0, maxSpeed=0.0, minSpeed=0.0, mapType=1, sportsDataFrom=1, sportsDataIsFromBand=1}
04-22 11:34:20.796  4451  4451 D MySQLOperate: exerciseData 1 =ExerciseData{, startDate='20210225144948', endDate=20210225150021calendar=20210225, sportsType=0, account=null, step=1655, distance=1620.0, calories=119.0, heart=152, count=0, duration=633, pace=7.75, realSpeed=0.0, verSpeed=0.0, maxSpeed=0.0, minSpeed=0.0, mapType=1, sportsDataFrom=1, sportsDataIsFromBand=1}
04-22 11:34:20.796  4451  4451 D MySQLOperate: exerciseData 2 =ExerciseData{, startDate='20210227175451', endDate=20210227182020calendar=20210227, sportsType=0, account=null, step=2627, distance=2090.0, calories=115.0, heart=114, count=0, duration=1529, pace=0.0, realSpeed=0.0, verSpeed=0.0, maxSpeed=0.0, minSpeed=0.0, mapType=1, sportsDataFrom=1, sportsDataIsFromBand=1}
04-22 11:34:20.812  2959  3615 I bt_stack: [INFO:gatt_api.cc(632)] GATTC_Discover conn_id=0x060c, disc_type=4, s_handle=0x0001, e_handle=0x0003
04-22 11:34:20.825  1047  1286 D VSC     : @ 108371.142: [Significant Motion] Request motion_detect, interval 18446744027136.0 ms, latency 0.0 ms
04-22 11:34:20.826  1047  1286 D VSC     : @ 108371.142: [Significant Motion] Stop accel
04-22 11:34:20.841  1047  1286 D ASH     : @ 108371.158: SensorType 195 resampler quality 2
04-22 11:34:21.008  2959  3615 I bt_stack: [INFO:gatt_api.cc(632)] GATTC_Discover conn_id=0x060c, disc_type=3, s_handle=0x0014, e_handle=0x001a
04-22 11:34:21.067  2959  3615 I bt_stack: [INFO:gatt_api.cc(632)] GATTC_Discover conn_id=0x060c, disc_type=4, s_handle=0x0014, e_handle=0x001a
04-22 11:34:21.080 21144 21253 D connectedcrossroad: dataTxThread: Pulled AODV data from queue
04-22 11:34:21.081 21144 21253 D connectedcrossroad: dataTxThread: Pulled AODV data from queue
04-22 11:34:21.122  2959  3615 I bt_stack: [INFO:gatt_api.cc(632)] GATTC_Discover conn_id=0x060c, disc_type=3, s_handle=0x0028, e_handle=0x002d
04-22 11:34:21.159  2959  3615 I bt_stack: [INFO:gatt_api.cc(632)] GATTC_Discover conn_id=0x060c, disc_type=4, s_handle=0x0028, e_handle=0x002d
04-22 11:34:21.231  2959  3615 I bt_stack: [INFO:gatt_api.cc(632)] GATTC_Discover conn_id=0x060c, disc_type=5, s_handle=0x002b, e_handle=0x002b
04-22 11:34:21.254  2959  3615 I bt_stack: [INFO:gatt_api.cc(632)] GATTC_Discover conn_id=0x060c, disc_type=3, s_handle=0x002e, e_handle=0xffff
04-22 11:34:21.280  2959  3615 I bt_stack: [INFO:gatt_api.cc(632)] GATTC_Discover conn_id=0x060c, disc_type=4, s_handle=0x002e, e_handle=0xffff
04-22 11:34:21.372  3258  3258 D GRIL-S  : [6720]> UPDATE_REGULATORY_DOMAIN
04-22 11:34:21.367  1057  1057 W radioext@1.0-se: type=1400 audit(0.0:10328): avc: denied { search } for name="radio" dev="dm-8" ino=174 scontext=u:r:hal_radioext_default:s0 tcontext=u:object_r:radio_vendor_data_file:s0 tclass=dir permissive=0
04-22 11:34:21.375  3258  4164 D GRIL-S  : [6720]< UPDATE_REGULATORY_DOMAIN 
04-22 11:34:21.411 21144 21144 V data    : Payload RX: 0
04-22 11:34:21.412 21144 21144 V data    : Payload TX: 0
04-22 11:34:21.412 21144 21144 V data    : Total RX: 0
04-22 11:34:21.412 21144 21144 V data    : Total TX: 0
04-22 11:34:21.412 21144 21144 D connectedcrossroad: sendMessage: Sent message
04-22 11:34:21.466  2959  3615 I bt_stack: [INFO:gatt_api.cc(632)] GATTC_Discover conn_id=0x060c, disc_type=5, s_handle=0x0039, e_handle=0xffff
04-22 11:34:21.486  2959  3615 I bt_stack: [INFO:bta_gattc_cache.cc(178)] bta_gattc_explore_srvc_finished: service discovery finished
04-22 11:34:21.489  2959  3071 E bt_btif_gattc: btif_gattc_upstreams_evt: Unhandled event (8)!
04-22 11:34:21.494  2959  3071 D bt_bta_gattc: bta_gattc_get_gatt_db
04-22 11:34:21.582 21144 21253 D connectedcrossroad: dataTxThread: Pulled AODV data from queue
04-22 11:34:21.583 21144 21253 D connectedcrossroad: dataTxThread: Pulled AODV data from queue
04-22 11:34:21.804  2959  3615 I bt_stack: [INFO:gatt_api.cc(1219)] GATT_Disconnect conn_id=0x060c
04-22 11:34:21.804  2959  3615 E bt_stack: [ERROR:bta_gattc_utils.cc(433)] bta_gattc_mark_bg_conn unable to find the bg connection mask for bd_addr=69:f7:37:b4:4d:6a
04-22 11:34:21.813  2959  3615 I bt_stack: [INFO:gatt_api.cc(947)] GATT_Register 0c5675bf-9183-0d14-5d39-36ca4a082dd2
04-22 11:34:21.813  2959  3615 I bt_stack: [INFO:gatt_api.cc(967)] allocated gatt_if=12
04-22 11:34:21.827  2959 26759 D BluetoothAdapterService: startDiscovery
04-22 11:34:21.829  2959  3615 W bt_btif : bta_dm_check_av:2
04-22 11:34:21.829  2959  3615 W bt_btif : [0]: state:1, info:x0, avoid_rs 1
04-22 11:34:21.829  2959  3615 W bt_btif : [1]: state:1, info:x0, avoid_rs 1
04-22 11:34:21.829  2959  3615 W bt_btif : [2]: state:1, info:x0, avoid_rs 1
04-22 11:34:21.829  2959  3615 W bt_btif : [3]: state:1, info:x0, avoid_rs 1
04-22 11:34:21.829  2959  3615 W bt_btif : [4]: state:1, info:x0, avoid_rs 1
04-22 11:34:21.829  2959  3615 W bt_btif : [5]: state:1, info:x0, avoid_rs 1
04-22 11:34:21.829  2959  3615 W bt_btif : [6]: state:1, info:x0, avoid_rs 1
04-22 11:34:21.832  2959  3615 E bt_btif : bte_scan_filt_param_cfg_evt, 23
04-22 11:34:21.867  1058  2949 I WifiHAL : event received NL80211_CMD_VENDOR, vendor_id = 0x1374, subcmd = 0xd
04-22 11:34:21.956  2959  3071 D bt_btif_config: btif_get_device_type: Device [4d:a5:6d:52:f5:6b] type 2
04-22 11:34:21.963  2959  3071 D bt_btif_config: btif_get_device_type: Device [48:f3:39:b5:87:50] type 2
04-22 11:34:22.038  2959  3071 D bt_btif_config: btif_get_device_type: Device [69:f7:37:b4:4d:6a] type 2
04-22 11:34:22.084 21144 21253 D connectedcrossroad: dataTxThread: Pulled AODV data from queue
04-22 11:34:22.085 21144 21253 D connectedcrossroad: dataTxThread: Pulled AODV data from queue
04-22 11:34:22.125  2959  3071 D bt_btif_config: btif_get_device_type: Device [63:e6:1c:a9:3d:cf] type 2
04-22 11:34:22.207  2959  3071 D bt_btif_config: btif_get_device_type: Device [71:07:3a:e8:4d:0c] type 2
04-22 11:34:22.222  2959  3071 D bt_btif_config: btif_get_device_type: Device [5f:be:e5:c8:49:5d] type 2
04-22 11:34:22.415 21144 21144 V data    : Payload RX: 0
04-22 11:34:22.415 21144 21144 V data    : Payload TX: 0
04-22 11:34:22.415 21144 21144 V data    : Total RX: 0
04-22 11:34:22.415 21144 21144 V data    : Total TX: 0
04-22 11:34:22.415 21144 21144 D connectedcrossroad: sendMessage: Sent message
04-22 11:34:22.589 21144 21253 D connectedcrossroad: dataTxThread: Pulled AODV data from queue
04-22 11:34:23.095 21144 21253 D connectedcrossroad: dataTxThread: Pulled AODV data from queue
04-22 11:34:23.418 21144 21144 V data    : Payload RX: 0
04-22 11:34:23.418 21144 21144 V data    : Payload TX: 0
0