04-22 11:04:03.758  1635  1775 W BroadcastQueue: Background execution not allowed: receiving Intent { act=android.intent.action.PACKAGE_REPLACED dat=package:com.google.location.nearby.apps.connectedcrossroad flg=0x4000010 (has extras) } to com.microsoft.emmx/com.microsoft.mmx.continuity.receiver.InstallUninstallReceiver
04-22 11:04:03.758  1635  1775 W BroadcastQueue: Background execution not allowed: receiving Intent { act=android.intent.action.PACKAGE_REPLACED dat=package:com.google.location.nearby.apps.connectedcrossroad flg=0x4000010 (has extras) } to steptracker.healthandfitness.walkingtracker.pedometer/com.drojian.stepcounter.receiver.PedometerReceiver
04-22 11:04:03.758  1635  1775 W BroadcastQueue: Background execution not allowed: receiving Intent { act=android.intent.action.PACKAGE_REPLACED dat=package:com.google.location.nearby.apps.connectedcrossroad flg=0x4000010 (has extras) } to steptracker.healthandfitness.walkingtracker.pedometer/com.drojian.servicekeeper.receiver.BootReceiver
04-22 11:04:03.875  1635  1635 W Looper  : Slow dispatch took 361ms main h=android.app.ActivityThread$H c=android.app.-$$Lambda$LoadedApk$ReceiverDispatcher$Args$_BumDX2UKsnxLVrE6UJsJZkotuA@9846241 m=0
04-22 11:04:03.925  1635  1752 W Looper  : Slow dispatch took 177ms android.fg h=android.os.Handler c=<recycled PooledLambda@bcf660b> m=0
04-22 11:04:03.936  1635  1635 W Looper  : Slow delivery took 503ms main h=android.app.ActivityThread$H c=android.app.-$$Lambda$LoadedApk$ReceiverDispatcher$Args$_BumDX2UKsnxLVrE6UJsJZkotuA@f22a4c1 m=0
04-22 11:04:03.942  1635  1635 I Telecom : DefaultDialerCache: Refreshing default dialer for user 0: now com.google.android.dialer: DDC.oR@BW4
04-22 11:04:03.998  1635  1635 V BackupManagerConstants: getFullBackupIntervalMilliseconds(...) returns 86400000
04-22 11:04:03.998  1635  1635 V BackupManagerConstants: getFullBackupRequiredNetworkType(...) returns 2
04-22 11:04:03.998  1635  1635 V BackupManagerConstants: getFullBackupRequireCharging(...) returns true
04-22 11:04:04.071  1635  1752 W Looper  : Slow dispatch took 146ms android.fg h=android.os.Handler c=<recycled PooledLambda@545cbb5> m=0
04-22 11:04:04.072  1635  2884 W NetworkPolicy: shared quota unsupported; generating rule for each iface
04-22 11:04:04.161  1635  1635 W Looper  : Slow dispatch took 220ms main h=android.app.ActivityThread$H c=android.app.-$$Lambda$LoadedApk$ReceiverDispatcher$Args$_BumDX2UKsnxLVrE6UJsJZkotuA@e9c2e96 m=0
04-22 11:04:04.273  1635  1635 W Looper  : Slow dispatch took 112ms main h=com.android.server.job.JobSchedulerService$JobHandler c=null m=6
04-22 11:04:04.353  1635  1752 W Looper  : Slow dispatch took 155ms android.fg h=android.os.Handler c=<recycled PooledLambda@a3882f2> m=0
04-22 11:04:04.386  1635  2884 W NetworkPolicy: shared quota unsupported; generating rule for each iface
04-22 11:04:04.395  1635  1635 W Looper  : Drained
04-22 11:04:04.570  1635 12312 D CompatibilityChangeReporter: Compat change id reported: 136274596; UID 10333; state: DISABLED
04-22 11:04:04.611  1635  1752 W Looper  : Slow dispatch took 123ms android.fg h=android.os.Handler c=<recycled PooledLambda@67bab46> m=0
04-22 11:04:05.247  1635  1752 W Looper  : Drained
04-22 11:04:05.543  1635  2884 W NetworkPolicy: shared quota unsupported; generating rule for each iface
04-22 11:04:05.624  1635  2884 I chatty  : uid=1000(system) NetworkPolicy identical 1 line
04-22 11:04:05.662  1635  2884 W NetworkPolicy: shared quota unsupported; generating rule for each iface
04-22 11:04:06.051  1635  2891 D ConnectivityService: NetReassign [no changes]
04-22 11:04:06.105  1635  2884 W NetworkPolicy: shared quota unsupported; generating rule for each iface
04-22 11:04:06.238  1635  2881 E SystemServiceRegistry: Manager wrapper not available: face
04-22 11:04:06.240  1635  1775 I DropBoxManagerService: add tag=system_server_wtf isTagEnabled=true flags=0x2
04-22 11:04:06.332  1635  2881 W SettingsStatsUtil: Can not parse value to float: gps,network
04-22 11:04:08.254  1635  1775 W BroadcastQueue: Background execution not allowed: receiving Intent { act=android.intent.action.DROPBOX_ENTRY_ADDED flg=0x10 (has extras) } to com.google.android.gms/.stats.service.DropBoxEntryAddedReceiver
04-22 11:04:08.254  1635  1775 W BroadcastQueue: Background execution not allowed: receiving Intent { act=android.intent.action.DROPBOX_ENTRY_ADDED flg=0x10 (has extras) } to com.google.android.gms/.chimera.GmsIntentOperationService$PersistentTrustedReceiver
04-22 11:04:09.075  1635  2891 D ConnectivityService: NetReassign [no changes]
04-22 11:04:18.149  1635  2891 I chatty  : uid=1000(system) ConnectivitySer identical 3 lines
04-22 11:04:21.174  1635  2891 D ConnectivityService: NetReassign [no changes]
04-22 11:04:21.987  1635  1635 D BluetoothManagerService: Bluetooth Adapter name changed to IkU0bWVbye0AAAAAAAAAATE
04-22 11:04:21.988  1635  1635 D BluetoothManagerService: Stored Bluetooth name: IkU0bWVbye0AAAAAAAAAATE
04-22 11:04:22.323  1635  2893 D NsdService: Register service
04-22 11:04:22.323  1635  2893 D NsdService: registerService: 14 name: IkU0bWVbye0AAA, type: _5BC9ED5E6C75._tcp, host: null, port: 37775, txtRecord: n=MQIPv4=192.168.1.17
04-22 11:04:22.324  1635  2893 D NsdService: mdnssd [register, 14, IkU0bWVbye0AAA, _5BC9ED5E6C75._tcp, 37775, BG49TVERSVB2ND0xOTIuMTY4LjEuMTc=]
04-22 11:04:22.325  1635  2893 D NsdService: Register 14 14
04-22 11:04:23.064  1635  2893 D NsdService: Native daemon message SERVICE_REGISTERED: 606 14 "IkU0bWVbye0AAA"
04-22 11:04:23.075  1635  3042 E AppOps  : attributionTag com.google.android.gms.nearby not declared in manifest of com.google.location.nearby.apps.connectedcrossroad
04-22 11:04:24.183  1635  2891 D ConnectivityService: NetReassign [no changes]
04-22 11:04:30.228  1635  2891 I chatty  : uid=1000(system) ConnectivitySer identical 2 lines
04-22 11:04:33.258  1635  2891 D ConnectivityService: NetReassign [no changes]
04-22 11:04:34.121  1635  8772 W BroadcastQueue: Background execution not allowed: receiving Intent { act=android.bluetooth.device.action.BOND_STATE_CHANGED flg=0x10 (has extras) } to com.google.android.gms/.chimera.GmsIntentOperationService$PersistentTrustedReceiver
04-22 11:04:34.123  1635  1775 W BroadcastQueue: Background execution not allowed: receiving Intent { act=android.bluetooth.device.action.BOND_STATE_CHANGED flg=0x10 (has extras) } to com.google.android.googlequicksearchbox/com.google.android.apps.gsa.broadcastreceiver.external.ExternalCommonBroadcastReceiver
04-22 11:04:34.503  1635  1775 W BroadcastQueue: Background execution not allowed: receiving Intent { act=android.bluetooth.device.action.BOND_STATE_CHANGED flg=0x10 (has extras) } to com.google.android.gms/.chimera.GmsIntentOperationService$PersistentTrustedReceiver
04-22 11:04:34.507  1635  1775 W BroadcastQueue: Background execution not allowed: receiving Intent { act=android.bluetooth.device.action.BOND_STATE_CHANGED flg=0x10 (has extras) } to com.google.android.googlequicksearchbox/com.google.android.apps.gsa.broadcastreceiver.external.ExternalCommonBroadcastReceiver
04-22 11:04:36.273  1635  2891 D ConnectivityService: NetReassign [no changes]
04-22 11:04:39.051  1635  1775 I ActivityManager: Waited long enough for: ServiceRecord{6ee7834 u0 com.google.android.googlequicksearchbox/com.google.android.apps.gsa.shared.util.keepalive.StandaloneKeepAlive$KeepAliveService}
04-22 11:04:39.295  1635  2891 D ConnectivityService: NetReassign [no changes]
04-22 11:04:54.418  1635  2891 I chatty  : uid=1000(system) ConnectivitySer identical 5 lines
04-22 11:04:57.439  1635  2891 D ConnectivityService: NetReassign [no changes]
04-22 11:04:59.605  1635  2881 I ActivityManager: Force stopping com.google.location.nearby.apps.connectedcrossroad appid=10333 user=0: from pid 16250
04-22 11:04:59.606  1635  2881 I ActivityManager: Killing 16055:com.google.location.nearby.apps.connectedcrossroad/u0a333 (adj 0): stop com.google.location.nearby.apps.connectedcrossroad due to from pid 16250
04-22 11:04:59.610  1635  2881 W ActivityTaskManager: Force removing ActivityRecord{7df64a3 u0 com.google.location.nearby.apps.connectedcrossroad/nx.aodv.eval.MainActivity t8092 f}}: app died, no saved state
04-22 11:04:59.666  1635  3038 D AutofillSession: handling death of Token{780c544 ActivityRecord{7df64a3 u0 com.google.location.nearby.apps.connectedcrossroad/nx.aodv.eval.MainActivity t-1 f}}} when saving=false
04-22 11:04:59.682  1635  1756 W ActivityManager: setHasOverlayUi called on unknown pid: 16055
04-22 11:05:00.455  1635  2891 D ConnectivityService: NetReassign [no changes]
04-22 11:05:00.646  1635  1712 W BroadcastQueue: Background execution not allowed: receiving Intent { act=android.intent.action.PACKAGE_RESTARTED dat=package:com.google.location.nearby.apps.connectedcrossroad flg=0x10 (has extras) } to steptracker.healthandfitness.walkingtracker.pedometer/com.drojian.stepcounter.receiver.PedometerReceiver
04-22 11:05:00.649  1635  1775 W BroadcastQueue: Background execution not allowed: receiving Intent { act=android.intent.action.PACKAGE_RESTARTED dat=package:com.google.location.nearby.apps.connectedcrossroad flg=0x10 (has extras) } to steptracker.healthandfitness.walkingtracker.pedometer/com.drojian.servicekeeper.receiver.BootReceiver
04-22 11:05:01.562  1635  2884 W NetworkPolicy: shared quota unsupported; generating rule for each iface
04-22 11:05:02.969  1635  2893 D NsdService: unregister service
04-22 11:05:02.970  1635  2893 D NsdService: mdnssd [stop-register, 14]
04-22 11:05:02.977  1635  1635 D BluetoothManagerService: Bluetooth Adapter name changed to Pixel 3a XL
04-22 11:05:02.978  1635  1635 D BluetoothManagerService: Stored Bluetooth name: Pixel 3a XL
04-22 11:05:03.478  1635  2891 D ConnectivityService: NetReassign [no changes]
04-22 11:05:06.460  1635  1712 D CompatibilityChangeReporter: Compat change id reported: 135634846; UID 10145; state: DISABLED
04-22 11:05:06.461  1635  1776 D CompatibilityChangeReporter: Compat change id reported: 143937733; UID 10145; state: ENABLED
04-22 11:05:06.480  1635  1776 I ActivityManager: Start proc 16283:com.google.process.gapps/u0a145 for content provider {com.google.android.gsf/com.google.android.gsf.settings.GoogleSettingsProvider}
04-22 11:05:06.488  1635  2891 D ConnectivityService: NetReassign [no changes]
04-22 11:05:06.537  1635  4930 D CompatibilityChangeReporter: Compat change id reported: 135634846; UID 10072; state: DISABLED
04-22 11:05:06.538  1635  1776 D CompatibilityChangeReporter: Compat change id reported: 143937733; UID 10072; state: ENABLED
04-22 11:05:06.556  1635  1776 I ActivityManager: Start proc 16302:com.android.providers.calendar/u0a72 for content provider {com.android.providers.calendar/com.android.providers.calendar.CalendarProvider2}
04-22 11:05:08.377  1635  1635 D NotificationService: 0|com.google.android.gm|0|gig:934853793:^sq_ig_i_personal|10184: granting content://settings/system/notification_sound
04-22 11:05:08.379  1635  1635 I chatty  : uid=1000 system_server identical 4 lines
04-22 11:05:08.380  1635  1635 D NotificationService: 0|com.google.android.gm|0|gig:934853793:^sq_ig_i_personal|10184: granting content://settings/system/notification_sound
04-22 11:05:08.439  1635  1635 D NotificationService: 0|com.google.android.gm|688459140|gig:934853793:^sq_ig_i_personal|10184: granting content://settings/system/notification_sound
04-22 11:05:08.441  1635  1635 I chatty  : uid=1000 system_server identical 4 lines
04-22 11:05:08.441  1635  1635 D NotificationService: 0|com.google.android.gm|688459140|gig:934853793:^sq_ig_i_personal|10184: granting content://settings/system/notification_sound
04-22 11:05:08.443  1635  1635 W NotificationHistory: Attempted to add notif for locked/gone/disabled user 0
04-22 11:05:09.397  1635  2895 D CompatibilityChangeReporter: Compat change id reported: 135634846; UID 10063; state: DISABLED
04-22 11:05:09.398  1635  1776 D CompatibilityChangeReporter: Compat change id reported: 143937733; UID 10063; state: ENABLED
04-22 11:05:09.442  1635  1776 I ActivityManager: Start proc 16353:android.process.acore/u0a63 for content provider {com.android.providers.contacts/com.android.providers.contacts.ContactsProvider2}
04-22 11:05:09.509  1635  2891 D ConnectivityService: NetReassign [no changes]
04-22 11:05:09.661 16353 16353 D ActivityThread: Loading provider contacts;com.android.contacts: com.android.providers.contacts.ContactsProvider2
04-22 11:05:12.537  1635  2891 D ConnectivityService: NetReassign [no changes]
04-22 11:05:18.590  1635  2891 I chatty  : uid=1000(system) ConnectivitySer identical 2 lines
04-22 11:05:21.617  1635  2891 D ConnectivityService: NetReassign [no changes]
04-22 11:05:23.678  1635  8772 I ActivityManager: Force stopping com.google.location.nearby.apps.connectedcrossroad appid=10333 user=0: from pid 16410
04-22 11:05:23.694  1635  1775 W BroadcastQueue: Background execution not allowed: receiving Intent { act=android.intent.action.PACKAGE_RESTARTED dat=package:com.google.location.nearby.apps.connectedcrossroad flg=0x10 (has extras) } to steptracker.healthandfitness.walkingtracker.pedometer/com.drojian.stepcounter.receiver.PedometerReceiver
04-22 11:05:23.697  1635  1775 W BroadcastQueue: Background execution not allowed: receiving Intent { act=android.intent.action.PACKAGE_RESTARTED dat=package:com.google.location.nearby.apps.connectedcrossroad flg=0x10 (has extras) } to steptracker.healthandfitness.walkingtracker.pedometer/com.drojian.servicekeeper.receiver.BootReceiver
04-22 11:05:24.659  1635  2891 D ConnectivityService: NetReassign [no changes]
04-22 11:05:36.789  1635  2891 I chatty  : uid=1000(system) ConnectivitySer identical 4 lines
04-22 11:05:39.829  1635  2891 D ConnectivityService: NetReassign [no changes]
04-22 11:05:42.724  1635  1878 I PackageManager: Integrity check passed for file:///data/app/vmdl407574208.tmp
04-22 11:05:42.763  1635  1878 I PackageManager: Update package com.google.location.nearby.apps.connectedcrossroad code path from /data/app/~~4IA4LeUKwHlnvZ8xqMCVkw==/com.google.location.nearby.apps.connectedcrossroad-23ll-fS82aJOMFjsgV7psQ== to /data/app/~~mvGJhcbpmYAzk-O1Vj2Zjg==/com.google.location.nearby.apps.connectedcrossroad-3eHPTCFkfX50dugU9Shx4A==; Retain data and using new
04-22 11:05:42.763  1635  1878 I PackageManager: Update package com.google.location.nearby.apps.connectedcrossroad resource path from /data/app/~~4IA4LeUKwHlnvZ8xqMCVkw==/com.google.location.nearby.apps.connectedcrossroad-23ll-fS82aJOMFjsgV7psQ== to /data/app/~~mvGJhcbpmYAzk-O1Vj2Zjg==/com.google.location.nearby.apps.connectedcrossroad-3eHPTCFkfX50dugU9Shx4A==; Retain data and using new
04-22 11:05:42.780  1635  1878 D CompatibilityChangeReporter: Compat change id reported: 135549675; UID 10333; state: DISABLED
04-22 11:05:42.894  1635  2891 D ConnectivityService: NetReassign [no changes]
04-22 11:05:42.957  1635  1775 W BroadcastQueue: Background execution not allowed: receiving Intent { act=android.intent.action.PACKAGE_REMOVED dat=package:com.google.location.nearby.apps.connectedcrossroad flg=0x4000010 (has extras) } to com.android.vending/com.google.android.finsky.packagemanager.impl.PackageMonitorReceiverImpl$RegisteredReceiver
04-22 11:05:42.957  1635  1775 W BroadcastQueue: Background execution not allowed: receiving Intent { act=android.intent.action.PACKAGE_REMOVED dat=package:com.google.location.nearby.apps.connectedcrossroad flg=0x4000010 (has extras) } to com.android.vending/com.google.android.finsky.instantapps.appmanagement.InstantAppRemoveMonitor
04-22 11:05:42.958  1635  1775 W BroadcastQueue: Background execution not allowed: receiving Intent { act=android.intent.action.PACKAGE_REMOVED dat=package:com.google.location.nearby.apps.connectedcrossroad flg=0x4000010 (has extras) } to com.google.android.gms/.games.chimera.GamesSystemBroadcastReceiverProxy
04-22 11:05:42.965  1635  1775 W BroadcastQueue: Background execution not allowed: receiving Intent { act=android.intent.action.PACKAGE_REMOVED dat=package:com.google.location.nearby.apps.connectedcrossroad flg=0x4000010 (has extras) } to com.google.android.gms/.chimera.GmsIntentOperationService$PersistentTrustedReceiver
04-22 11:05:42.969  1635  1775 W BroadcastQueue: Background execution not allowed: receiving Intent { act=android.intent.action.PACKAGE_REMOVED dat=package:com.google.location.nearby.apps.connectedcrossroad flg=0x4000010 (has extras) } to com.google.android.googlequicksearchbox/com.google.android.apps.gsa.googlequicksearchbox.GelStubAppWatcher
04-22 11:05:42.969  1635  1775 W BroadcastQueue: Background execution not allowed: receiving Intent { act=android.intent.action.PACKAGE_REMOVED dat=package:com.google.location.nearby.apps.connectedcrossroad flg=0x4000010 (has extras) } to com.facebook.katana/com.facebook.feed.platformads.AppInstallReceiver
04-22 11:05:42.969  1635  1775 W BroadcastQueue: Background execution not allowed: receiving Intent { act=android.intent.action.PACKAGE_REMOVED dat=package:com.google.location.nearby.apps.connectedcrossroad flg=0x4000010 (has extras) } to com.jaga.ibraceletplus.smartwristband3/com.yc.pedometer.keepalive.KeepAliveReceiver
04-22 11:05:42.969  1635  1775 W BroadcastQueue: Background execution not allowed: receiving Intent { act=android.intent.action.PACKAGE_REMOVED dat=package:com.google.location.nearby.apps.connectedcrossroad flg=0x4000010 (has extras) } to com.microsoft.appmanager/.receiver.InstallUninstallReceiver
04-22 11:05:42.970  1635  1775 W BroadcastQueue: Background execution not allowed: receiving Intent { act=android.intent.action.PACKAGE_REMOVED dat=package:com.google.location.nearby.apps.connectedcrossroad flg=0x4000010 (has extras) } to com.microsoft.appmanager/com.microsoft.mmx.continuity.receiver.InstallUninstallReceiver
04-22 11:05:42.970  1635  1775 W BroadcastQueue: Background execution not allowed: receiving Intent { act=android.intent.action.PACKAGE_REMOVED dat=package:com.google.location.nearby.apps.connectedcrossroad flg=0x4000010 (has extras) } to com.microsoft.emmx/com.microsoft.mmx.continuity.receiver.InstallUninstallReceiver
04-22 11:05:42.971  1635  1775 W BroadcastQueue: Background execution not allowed: receiving Intent { act=android.intent.action.PACKAGE_ADDED dat=package:com.google.location.nearby.apps.connectedcrossroad flg=0x4000010 (has extras) } to com.google.android.packageinstaller/com.android.packageinstaller.PackageInstalledReceiver
04-22 11:05:42.971  1635  1775 W BroadcastQueue: Background execution not allowed: receiving Intent { act=android.intent.action.PACKAGE_ADDED dat=package:com.google.location.nearby.apps.connectedcrossroad flg=0x4000010 (has extras) } to com.android.vending/com.google.android.finsky.packagemanager.impl.PackageMonitorReceiverImpl$RegisteredReceiver
04-22 11:05:42.978  1635  1775 W BroadcastQueue: Background execution not allowed: receiving Intent { act=android.intent.action.PACKAGE_ADDED dat=package:com.google.location.nearby.apps.connectedcrossroad flg=0x4000010 (has extras) } to com.google.android.gms/.games.chimera.GamesSystemBroadcastReceiverProxy
04-22 11:05:42.978  1635  1775 W BroadcastQueue: Background execution not allowed: receiving Intent { act=android.intent.action.PACKAGE_ADDED dat=package:com.google.location.nearby.apps.connectedcrossroad flg=0x4000010 (has extras) } to com.google.android.gms/.gass.chimera.PackageChangeBroadcastReceiver
04-22 11:05:42.995  1635  1775 W BroadcastQueue: Background execution not allowed: receiving Intent { act=android.intent.action.PACKAGE_ADDED dat=package:com.google.location.nearby.apps.connectedcrossroad flg=0x4000010 (has extras) } to com.google.android.gms/.chimera.GmsIntentOperationService$PersistentTrustedReceiver
04-22 11:05:42.996  1635  1775 W BroadcastQueue: Background execution not allowed: receiving Intent { act=android.intent.action.PACKAGE_ADDED dat=package:com.google.location.nearby.apps.connectedcrossroad flg=0x4000010 (has extras) } to com.google.android.googlequicksearchbox/com.google.android.apps.gsa.googlequicksearchbox.GelStubAppWatcher
04-22 11:05:42.996  1635  1775 W BroadcastQueue: Background execution not allowed: receiving Intent { act=android.intent.action.PACKAGE_ADDED dat=package:com.google.location.nearby.apps.connectedcrossroad flg=0x4000010 (has extras) } to com.facebook.katana/com.facebook.feed.platformads.AppInstallReceiver
04-22 11:05:42.997  1635  1775 W BroadcastQueue: Background execution not allowed: receiving Intent { act=android.intent.action.PACKAGE_ADDED dat=package:com.google.location.nearby.apps.connectedcrossroad flg=0x4000010 (has extras) } to com.jaga.ibraceletplus.smartwristband3/com.yc.pedometer.keepalive.KeepAliveReceiver
04-22 11:05:42.997  1635  1775 W BroadcastQueue: Background execution not allowed: receiving Intent { act=android.intent.action.PACKAGE_ADDED dat=package:com.google.location.nearby.apps.connectedcrossroad flg=0x4000010 (has extras) } to com.microsoft.appmanager/.receiver.InstallUninstallReceiver
04-22 11:05:43.004  1635  1775 W BroadcastQueue: Background execution not allowed: receiving Intent { act=android.intent.action.PACKAGE_ADDED dat=package:com.google.location.nearby.apps.connectedcrossroad flg=0x4000010 (has extras) } to com.microsoft.appmanager/com.microsoft.mmx.continuity.receiver.InstallUninstallReceiver
04-22 11:05:43.026  1635  1775 W BroadcastQueue: Background execution not allowed: receiving Intent { act=android.intent.action.PACKAGE_ADDED dat=package:com.google.location.nearby.apps.connectedcrossroad flg=0x4000010 (has extras) } to com.microsoft.emmx/com.microsoft.mmx.continuity.receiver.InstallUninstallReceiver
04-22 11:05:43.048  1635  3048 I ActivityTaskManager: START u0 {act=android.intent.action.MAIN cat=[android.intent.category.LAUNCHER] flg=0x10000000 cmp=com.google.location.nearby.apps.connectedcrossroad/nx.aodv.eval.MainActivity} from uid 2000
04-22 11:05:43.108  1635  1635 W Looper  : Slow dispatch took 130ms main h=android.app.ActivityThread$H c=android.app.-$$Lambda$LoadedApk$ReceiverDispatcher$Args$_BumDX2UKsnxLVrE6UJsJZkotuA@2f6c73 m=0
04-22 11:05:43.125  1635  1756 D CompatibilityChangeReporter: Compat change id reported: 135634846; UID 10333; state: DISABLED
04-22 11:05:43.126  1635  1776 D CompatibilityChangeReporter: Compat change id reported: 143937733; UID 10333; state: DISABLED
04-22 11:05:43.132  1635  1752 W Looper  : Slow dispatch took 131ms android.fg h=android.os.Handler c=<recycled PooledLambda@9ff16c7> m=0
04-22 11:05:43.168  1635  1776 I ActivityManager: Start proc 16485:com.google.location.nearby.apps.connectedcrossroad/u0a333 for pre-top-activity {com.google.location.nearby.apps.connectedcrossroad/nx.aodv.eval.MainActivity}
04-22 11:05:43.235  1635  2881 W BroadcastQueue: Background execution not allowed: receiving Intent { act=android.intent.action.PACKAGE_REPLACED dat=package:com.google.location.nearby.apps.connectedcrossroad flg=0x4000010 (has extras) } to com.google.android.gms/.gass.chimera.PackageChangeBroadcastReceiver
04-22 11:05:43.238  1635  1775 W BroadcastQueue: Background execution not allowed: receiving Intent { act=android.intent.action.PACKAGE_REPLACED dat=package:com.google.location.nearby.apps.connectedcrossroad flg=0x4000010 (has extras) } to com.google.android.gms/.chimera.GmsIntentOperationService$PersistentTrustedReceiver
04-22 11:05:43.240  1635  1775 W BroadcastQueue: Background execution not allowed: receiving Intent { act=android.intent.action.PACKAGE_REPLACED dat=package:com.google.location.nearby.apps.connectedcrossroad flg=0x4000010 (has extras) } to com.google.android.googlequicksearchbox/com.google.android.apps.gsa.googlequicksearchbox.GelStubAppWatcher
04-22 11:05:43.241  1635  1775 W BroadcastQueue: Background execution not allowed: receiving Intent { act=android.intent.action.PACKAGE_REPLACED dat=package:com.google.location.nearby.apps.connectedcrossroad flg=0x4000010 (has extras) } to com.infonow.bofa/com.bofa.ecom.marvel.application.BofaPackageUpdateReceiver
04-22 11:05:43.244  1635  1775 W BroadcastQueue: Background execution not allowed: receiving Intent { act=android.intent.action.PACKAGE_REPLACED dat=package:com.google.location.nearby.apps.connectedcrossroad flg=0x4000010 (has extras) } to com.microsoft.appmanager/com.microsoft.mmx.continuity.receiver.InstallUninstallReceiver
04-22 11:05:43.245  1635  1775 W BroadcastQueue: Background execution not allowed: receiving Intent { act=android.intent.action.PACKAGE_REPLACED dat=package:com.google.location.nearby.apps.connectedcrossroad flg=0x4000010 (has extras) } to com.microsoft.emmx/com.microsoft.mmx.continuity.receiver.InstallUninstallReceiver
04-22 11:05:43.245  1635  1775 W BroadcastQueue: Background execution not allowed: receiving Intent { act=android.intent.action.PACKAGE_REPLACED dat=package:com.google.location.nearby.apps.connectedcrossroad flg=0x4000010 (has extras) } to steptracker.healthandfitness.walkingtracker.pedometer/com.drojian.stepcounter.receiver.PedometerReceiver
04-22 11:05:43.247  1635  1775 W BroadcastQueue: Background execution not allowed: receiving Intent { act=android.intent.action.PACKAGE_REPLACED dat=package:com.google.location.nearby.apps.connectedcrossroad flg=0x4000010 (has extras) } to steptracker.healthandfitness.walkingtracker.pedometer/com.drojian.servicekeeper.receiver.BootReceiver
04-22 11:05:43.340  1635  1752 W Looper  : Slow delivery took 215ms android.fg h=android.os.Handler c=<recycled PooledLambda@1da301b> m=0
04-22 11:05:43.340  1635  1752 W Looper  : Slow dispatch took 128ms android.fg h=android.os.Handler c=<recycled PooledLambda@1da301b> m=0
04-22 11:05:43.663  1635  1635 W Looper  : Slow dispatch took 550ms main h=android.app.ActivityThread$H c=android.app.-$$Lambda$LoadedApk$ReceiverDispatcher$Args$_BumDX2UKsnxLVrE6UJsJZkotuA@fc4c2c0 m=0
04-22 11:05:43.663  1635  1635 W Looper  : Slow delivery took 719ms main h=android.app.ActivityThread$H c=android.app.-$$Lambda$LoadedApk$ReceiverDispatcher$Args$_BumDX2UKsnxLVrE6UJsJZkotuA@3afc94a m=0
04-22 11:05:43.665  1635  1635 I Telecom : DefaultDialerCache: Refreshing default dialer for user 0: now com.google.android.dialer: DDC.oR@BXY
04-22 11:05:43.707  1635  1752 W Looper  : Slow dispatch took 271ms android.fg h=android.os.Handler c=<recycled PooledLambda@4563818> m=0
04-22 11:05:43.717  1635  1635 V BackupManagerConstants: getFullBackupIntervalMilliseconds(...) returns 86400000
04-22 11:05:43.717  1635  1635 V BackupManagerConstants: getFullBackupRequiredNetworkType(...) returns 2
04-22 11:05:43.717  1635  1635 V BackupManagerConstants: getFullBackupRequireCharging(...) returns true
04-22 11:05:43.854  1635  1752 W Looper  : Slow dispatch took 147ms android.fg h=android.os.Handler c=<recycled PooledLambda@7824417> m=0
04-22 11:05:43.856  1635  2884 W NetworkPolicy: shared quota unsupported; generating rule for each iface
04-22 11:05:43.869  1635  1635 W Looper  : Slow dispatch took 122ms main h=com.android.server.job.JobSchedulerService$JobHandler c=null m=6
04-22 11:05:43.951  1635  1635 W Looper  : Drained
04-22 11:05:44.042  1635  8772 D CompatibilityChangeReporter: Compat change id reported: 136274596; UID 10333; state: DISABLED
04-22 11:05:44.304  1635  1752 W Looper  : Slow dispatch took 108ms android.fg h=android.os.Handler c=<recycled PooledLambda@204886c> m=0
04-22 11:05:44.694  1635  1752 W Looper  : Drained
04-22 11:05:44.970  1635  2884 W NetworkPolicy: shared quota unsupported; generating rule for each iface
04-22 11:05:45.445  1635  2884 I chatty  : uid=1000(system) NetworkPolicy identical 2 lines
04-22 11:05:45.803  1635  2884 W NetworkPolicy: shared quota unsupported; generating rule for each iface
04-22 11:05:45.870  1635  2891 D ConnectivityService: NetReassign [no changes]
04-22 11:05:45.992  1635  9377 E SystemServiceRegistry: Manager wrapper not available: face
04-22 11:05:45.998  1635  1775 I DropBoxManagerService: add tag=system_server_wtf isTagEnabled=true flags=0x2
04-22 11:05:46.092  1635  3044 W SettingsStatsUtil: Can not parse value to float: gps,network
04-22 11:05:48.013  1635  1775 W BroadcastQueue: Background execution not allowed: receiving Intent { act=android.intent.action.DROPBOX_ENTRY_ADDED flg=0x10 (has extras) } to com.google.android.gms/.stats.service.DropBoxEntryAddedReceiver
04-22 11:05:48.014  1635  1775 W BroadcastQueue: Background execution not allowed: receiving Intent { act=android.intent.action.DROPBOX_ENTRY_ADDED flg=0x10 (has extras) } to com.google.android.gms/.chimera.GmsIntentOperationService$PersistentTrustedReceiver
04-22 11:05:48.884  1635  2891 D ConnectivityService: NetReassign [no changes]
04-22 11:05:51.896  1635  2891 D ConnectivityService: NetReassign [no changes]
04-22 11:05:52.724  1635  1635 D BluetoothManagerService: Bluetooth Adapter name changed to ImRyMlJbye0AAAAAAAAAATE
04-22 11:05:52.724  1635  1635 D BluetoothManagerService: Stored Bluetooth name: ImRyMlJbye0AAAAAAAAAATE
04-22 11:05:53.064  1635  2893 D NsdService: Register service
04-22 11:05:53.064  1635  2893 D NsdService: registerService: 15 name: ImRyMlJbye0AAA, type: _5BC9ED5E6C75._tcp, host: null, port: 43423, txtRecord: n=MQIPv4=192.168.1.17
04-22 11:05:53.065  1635  2893 D NsdService: mdnssd [register, 15, ImRyMlJbye0AAA, _5BC9ED5E6C75._tcp, 43423, BG49TVERSVB2ND0xOTIuMTY4LjEuMTc=]
04-22 11:05:53.067  1635  2893 D NsdService: Register 15 15
04-22 11:05:53.783  1635  2893 D NsdService: Native daemon message SERVICE_REGISTERED: 606 15 "ImRyMlJbye0AAA"
04-22 11:05:53.795  1635  8772 E AppOps  : attributionTag com.google.android.gms.nearby not declared in manifest of com.google.location.nearby.apps.connectedcrossroad
04-22 11:05:54.909  1635  2891 D ConnectivityService: NetReassign [no changes]
04-22 11:05:57.032  1635  2881 W ActivityManager: Foreground service started from background can not have location/camera/microphone access: service steptracker.healthandfitness.walkingtracker.pedometer/com.drojian.stepcounter.service.CounterService
04-22 11:05:57.046  1635  2881 W ActivityManager: Foreground service started from background can not have location/camera/microphone access: service steptracker.healthandfitness.walkingtracker.pedometer/com.drojian.stepcounter.service.CounterService
04-22 11:05:57.054  1635  9377 W ActivityManager: Foreground service started from background can not have location/camera/microphone access: service steptracker.healthandfitness.walkingtracker.pedometer/com.drojian.stepcounter.service.CounterService
04-22 11:05:57.059  1635  3045 W ActivityManager: Foreground service started from background can not have location/camera/microphone access: service steptracker.healthandfitness.walkingtracker.pedometer/com.drojian.stepcounter.service.CounterService
04-22 11:05:57.921  1635  2891 D ConnectivityService: NetReassign [no changes]
04-22 11:05:58.200  1635  2881 W ActivityManager: Foreground service started from background can not have location/camera/microphone access: service steptracker.healthandfitness.walkingtracker.pedometer/com.drojian.stepcounter.service.CounterService
04-22 11:06:00.939  1635  2891 D ConnectivityService: NetReassign [no changes]
04-22 11:06:03.956  1635  2891 D ConnectivityService: NetReassign [no changes]
04-22 11:06:06.133  1635  3045 W ActivityManager: stopServiceToken startId 17 is last, but have 1 remaining args
04-22 11:06:06.978  1635  2891 D ConnectivityService: NetReassign [no changes]
04-22 11:06:10.001  1635  2891 D ConnectivityService: NetReassign [no changes]
04-22 11:06:10.371  1635  2884 W NetworkPolicy: shared quota unsupported; generating rule for each iface
04-22 11:06:13.023  1635  2891 D ConnectivityService: NetReassign [no changes]
04-22 11:06:16.048  1635  2891 D ConnectivityService: NetReassign [no changes]
04-22 11:06:17.454  1635  1775 D CompatibilityChangeReporter: Compat change id reported: 135634846; UID 10257; state: DISABLED
04-22 11:06:17.456  1635  1776 D CompatibilityChangeReporter: Compat change id reported: 143937733; UID 10257; state: DISABLED
04-22 11:06:17.495  1635  1776 I ActivityManager: Start proc 16639:com.google.android.apps.authenticator2/u0a257 for broadcast {com.google.android.apps.authenticator2/com.google.android.apps.authenticator.auditlog.AuditLogTimerReceiver}
04-22 11:06:19.063  1635  2891 D ConnectivityService: NetReassign [no changes]
04-22 11:06:22.087  1635  2891 D ConnectivityService: NetReassign [no changes]
04-22 11:06:22.651  1635  1635 D CompatibilityChangeReporter: Compat change id reported: 135634846; UID 10157; state: DISABLED
04-22 11:06:22.651  1635  1776 D CompatibilityChangeReporter: Compat change id reported: 143937733; UID 10157; state: DISABLED
04-22 11:06:22.673  1635  1776 I ActivityManager: Start proc 16672:com.google.android.apps.turbo:aab/u0a157 for service {com.google.android.apps.turbo/com.google.android.libraries.smartbattery.appusage.library.InferAppBucketsJob}
04-22 11:06:25.103  1635  2891 D ConnectivityService: NetReassign [no changes]
04-22 11:06:58.365  1635  2891 I chatty  : uid=1000(system) ConnectivitySer identical 11 lines
04-22 11:07:01.384  1635  2891 D ConnectivityService: NetReassign [no changes]
04-22 11:07:03.473  1635  2884 W NetworkPolicy: shared quota unsupported; generating rule for each iface
04-22 11:07:04.409  1635  2891 D ConnectivityService: NetReassign [no changes]
04-22 11:08:26.101  1635  2891 I chatty  : uid=1000(system) ConnectivitySer identical 27 lines
04-22 11:08:29.124  1635  2891 D ConnectivityService: NetReassign [no changes]
04-22 11:08:32.151  1635  1775 W BroadcastQueue: Background execution not allowed: receiving Intent { act=android.net.wifi.RSSI_CHANGED flg=0x4000010 (has extras) } to com.jaga.ibraceletplus.smartwristband3/com.yc.pedometer.remind.GloryFitBootReceiver
04-22 11:08:32.167  1635  2891 D ConnectivityService: NetReassign [no changes]
04-22 11:08:35.179  1635  1775 W BroadcastQueue: Background execution not allowed: receiving Intent { act=android.net.wifi.RSSI_CHANGED flg=0x4000010 (has extras) } to com.jaga.ibraceletplus.smartwristband3/com.yc.pedometer.remind.GloryFitBootReceiver
04-22 11:08:35.199  1635  2891 D ConnectivityService: NetReassign [no changes]
04-22 11:08:38.207  1635  2891 D ConnectivityService: NetReassign [no changes]
04-22 11:08:40.994  1635  1771 I UsageStatsService: User[0] Flushing usage stats to disk
04-22 11:08:41.232  1635  2891 D ConnectivityService: NetReassign [no changes]
04-22 11:08:47.289  1635  2891 I chatty  : uid=1000(system) ConnectivitySer identical 2 lines
04-22 11:08:50.310  1635  2891 D ConnectivityService: NetReassign [no changes]
04-22 11:08:50.587  1635  9377 I ActivityManager: Force stopping com.google.location.nearby.apps.connectedcrossroad appid=10333 user=0: from pid 16888
04-22 11:08:50.588  1635  9377 I ActivityManager: Killing 16485:com.google.location.nearby.apps.connectedcrossroad/u0a333 (adj 0): stop com.google.location.nearby.apps.connectedcrossroad due to from pid 16888
04-22 11:08:50.591  1635  9377 W ActivityTaskManager: Force removing ActivityRecord{7d318e7 u0 com.google.location.nearby.apps.connectedcrossroad/nx.aodv.eval.MainActivity t8093 f}}: app died, no saved state
04-22 11:08:50.626  1635  1775 W BroadcastQueue: Background execution not allowed: receiving Intent { act=android.intent.action.PACKAGE_RESTARTED dat=package:com.google.location.nearby.apps.connectedcrossroad flg=0x10 (has extras) } to steptracker.healthandfitness.walkingtracker.pedometer/com.drojian.stepcounter.receiver.PedometerReceiver
04-22 11:08:50.626  1635  1775 W BroadcastQueue: Background execution not allowed: receiving Intent { act=android.intent.action.PACKAGE_RESTARTED dat=package:com.google.location.nearby.apps.connectedcrossroad flg=0x10 (has extras) } to steptracker.healthandfitness.walkingtracker.pedometer/com.drojian.servicekeeper.receiver.BootReceiver
04-22 11:08:50.660  1635  3044 D AutofillSession: handling death of Token{b8b86a6 ActivityRecord{7d318e7 u0 com.google.location.nearby.apps.connectedcrossroad/nx.aodv.eval.MainActivity t-1 f}}} when saving=false
04-22 11:08:50.666  1635  1756 W ActivityManager: setHasOverlayUi called on unknown pid: 16485
04-22 11:08:52.722  1635  2893 D NsdService: unregister service
04-22 11:08:52.723  1635  2893 D NsdService: mdnssd [stop-register, 15]
04-22 11:08:52.724  1635  1635 D BluetoothManagerService: Bluetooth Adapter name changed to Pixel 3a XL
04-22 11:08:52.725  1635  1635 D BluetoothManagerService: Stored Bluetooth name: Pixel 3a XL
04-22 11:08:53.337  1635  2891 D ConnectivityService: NetReassign [no changes]
04-22 11:08:53.652  1635  2884 W NetworkPolicy: shared quota unsupported; generating rule for each iface
04-22 11:08:54.511  1635 11490 W ActivityManager: Foreground service started from background can not have location/camera/microphone access: service steptracker.healthandfitness.walkingtracker.pedometer/com.drojian.stepcounter.service.CounterService
04-22 11:08:56.372  1635  2891 D ConnectivityService: NetReassign [no changes]
04-22 11:08:57.482  1635  9377 I ActivityManager: Force stopping com.google.location.nearby.apps.connectedcrossroad appid=10333 user=0: from pid 16932
04-22 11:08:57.497  1635  1775 W BroadcastQueue: Background execution not allowed: receiving Intent { act=android.intent.action.PACKAGE_RESTARTED dat=package:com.google.location.nearby.apps.connectedcrossroad flg=0x10 (has extras) } to steptracker.healthandfitness.walkingtracker.pedometer/com.drojian.stepcounter.receiver.PedometerReceiver
04-22 11:08:57.499  1635  1775 W BroadcastQueue: Background execution not allowed: receiving Intent { act=android.intent.action.PACKAGE_RESTARTED dat=package:com.google.location.nearby.apps.connectedcrossroad flg=0x10 (has extras) } to steptracker.healthandfitness.walkingtracker.pedometer/com.drojian.servicekeeper.receiver.BootReceiver
04-22 11:08:59.428  1635  2891 D ConnectivityService: NetReassign [no changes]
04-22 11:09:05.487  1635  2891 I chatty  : uid=1000(system) ConnectivitySer identical 2 lines
04-22 11:09:08.538  1635  2891 D ConnectivityService: NetReassign [no changes]
04-22 11:09:10.811  1635  1878 I PackageManager: Integrity check passed for file:///data/app/vmdl997934191.tmp
04-22 11:09:10.840  1635  1878 I PackageManager: Update package com.google.location.nearby.apps.connectedcrossroad code path from /data/app/~~mvGJhcbpmYAzk-O1Vj2Zjg==/com.google.location.nearby.apps.connectedcrossroad-3eHPTCFkfX50dugU9Shx4A== to /data/app/~~5FRSm4jzzh0cfDifC_HWWg==/com.google.location.nearby.apps.connectedcrossroad-hrxfageU6FvJBMo6LvFBhg==; Retain data and using new
04-22 11:09:10.841  1635  1878 I PackageManager: Update package com.google.location.nearby.apps.connectedcrossroad resource path from /data/app/~~mvGJhcbpmYAzk-O1Vj2Zjg==/com.google.location.nearby.apps.connectedcrossroad-3eHPTCFkfX50dugU9Shx4A== to /data/app/~~5FRSm4jzzh0cfDifC_HWWg==/com.google.location.nearby.apps.connectedcrossroad-hrxfageU6FvJBMo6LvFBhg==; Retain data and using new
04-22 11:09:10.856  1635  1878 D CompatibilityChangeReporter: Compat change id reported: 135549675; UID 10333; state: DISABLED
04-22 11:09:10.988  1635  1775 W BroadcastQueue: Background execution not allowed: receiving Intent { act=android.intent.action.PACKAGE_REMOVED dat=package:com.google.location.nearby.apps.connectedcrossroad flg=0x4000010 (has extras) } to com.android.vending/com.google.android.finsky.packagemanager.impl.PackageMonitorReceiverImpl$RegisteredReceiver
04-22 11:09:10.988  1635  1775 W BroadcastQueue: Background execution not allowed: receiving Intent { act=android.intent.action.PACKAGE_REMOVED dat=package:com.google.location.nearby.apps.connectedcrossroad flg=0x4000010 (has extras) } to com.android.vending/com.google.android.finsky.instantapps.appmanagement.InstantAppRemoveMonitor
04-22 11:09:10.988  1635  1775 W BroadcastQueue: Background execution not allowed: receiving Intent { act=android.intent.action.PACKAGE_REMOVED dat=package:com.google.location.nearby.apps.connectedcrossroad flg=0x4000010 (has extras) } to com.google.android.gms/.games.chimera.GamesSystemBroadcastReceiverProxy
04-22 11:09:10.988  1635  1775 W BroadcastQueue: Background execution not allowed: receiving Intent { act=android.intent.action.PACKAGE_REMOVED dat=package:com.google.location.nearby.apps.connectedcrossroad flg=0x4000010 (has extras) } to com.google.android.gms/.chimera.GmsIntentOperationService$PersistentTrustedReceiver
04-22 11:09:10.988  1635  1775 W BroadcastQueue: Background execution not allowed: receiving Intent { act=android.intent.action.PACKAGE_REMOVED dat=package:com.google.location.nearby.apps.connectedcrossroad flg=0x4000010 (has extras) } to com.google.android.googlequicksearchbox/com.google.android.apps.gsa.googlequicksearchbox.GelStubAppWatcher
04-22 11:09:10.988  1635  1775 W BroadcastQueue: Background execution not allowed: receiving Intent { act=android.intent.action.PACKAGE_REMOVED dat=package:com.google.location.nearby.apps.connectedcrossroad flg=0x4000010 (has extras) } to com.facebook.katana/com.facebook.feed.platformads.AppInstallReceiver
04-22 11:09:10.988  1635  1775 W BroadcastQueue: Background execution not allowed: receiving Intent { act=android.intent.action.PACKAGE_REMOVED dat=package:com.google.location.nearby.apps.connectedcrossroad flg=0x4000010 (has extras) } to com.jaga.ibraceletplus.smartwristband3/com.yc.pedometer.keepalive.KeepAliveReceiver
04-22 11:09:10.988  1635  1775 W BroadcastQueue: Background execution not allowed: receiving Intent { act=android.intent.action.PACKAGE_REMOVED dat=package:com.google.location.nearby.apps.connectedcrossroad flg=0x4000010 (has extras) } to com.microsoft.appmanager/.receiver.InstallUninstallReceiver
04-22 11:09:10.988  1635  1775 W BroadcastQueue: Background execution not allowed: receiving Intent { act=android.intent.action.PACKAGE_REMOVED dat=package:com.google.location.nearby.apps.connectedcrossroad flg=0x4000010 (has extras) } to com.microsoft.appmanager/com.microsoft.mmx.continuity.receiver.InstallUninstallReceiver
04-22 11:09:10.989  1635  1775 W BroadcastQueue: Background execution not allowed: receiving Intent { act=android.intent.action.PACKAGE_REMOVED dat=package:com.google.location.nearby.apps.connectedcrossroad flg=0x4000010 (has extras) } to com.microsoft.emmx/com.microsoft.mmx.continuity.receiver.InstallUninstallReceiver
04-22 11:09:11.106  1635  1775 W BroadcastQueue: Background execution not allowed: receiving Intent { act=android.intent.action.PACKAGE_ADDED dat=package:com.google.location.nearby.apps.connectedcrossroad flg=0x4000010 (has extras) } to com.google.android.packageinstaller/com.android.packageinstaller.PackageInstalledReceiver
04-22 11:09:11.107  1635  3040 I ActivityTaskManager: START u0 {act=android.intent.action.MAIN cat=[android.intent.category.LAUNCHER] flg=0x10000000 cmp=com.google.location.nearby.apps.connectedcrossroad/nx.aodv.eval.MainActivity} from uid 2000
04-22 11:09:11.110  1635  1775 W BroadcastQueue: Background execution not allowed: receiving Intent { act=android.intent.action.PACKAGE_ADDED dat=package:com.google.location.nearby.apps.connectedcrossroad flg=0x4000010 (has extras) } to com.android.vending/com.google.android.finsky.packagemanager.impl.PackageMonitorReceiverImpl$RegisteredReceiver
04-22 11:09:11.164  1635  1775 W BroadcastQueue: Background execution not allowed: receiving Intent { act=android.intent.action.PACKAGE_ADDED dat=package:com.google.location.nearby.apps.connectedcrossroad flg=0x4000010 (has extras) } to com.google.android.gms/.games.chimera.GamesSystemBroadcastReceiverProxy
04-22 11:09:11.171  1635  1756 D CompatibilityChangeReporter: Compat change id reported: 135634846; UID 10333; state: DISABLED
04-22 11:09:11.173  1635  1776 D CompatibilityChangeReporter: Compat change id reported: 143937733; UID 10333; state: DISABLED
04-22 11:09:11.266  1635  1775 W BroadcastQueue: Background execution not allowed: receiving Intent { act=android.intent.action.PACKAGE_ADDED dat=package:com.google.location.nearby.apps.connectedcrossroad flg=0x4000010 (has extras) } to com.google.android.gms/.gass.chimera.PackageChangeBroadcastReceiver
04-22 11:09:11.268  1635  1775 W BroadcastQueue: Background execution not allowed: receiving Intent { act=android.intent.action.PACKAGE_ADDED dat=package:com.google.location.nearby.apps.connectedcrossroad flg=0x4000010 (has extras) } to com.google.android.gms/.chimera.GmsIntentOperationService$PersistentTrustedReceiver
04-22 11:09:11.269  1635  1775 W BroadcastQueue: Background execution not allowed: receiving Intent { act=android.intent.action.PACKAGE_ADDED dat=package:com.google.location.nearby.apps.connectedcrossroad flg=0x4000010 (has extras) } to com.google.android.googlequicksearchbox/com.google.android.apps.gsa.googlequicksearchbox.GelStubAppWatcher
04-22 11:09:11.269  1635  1776 W ActivityManager: Slow operation: 98ms so far, now at startProcess: done updating battery stats
04-22 11:09:11.269  1635  1776 W ActivityManager: Slow operation: 98ms so far, now at startProcess: building log message
04-22 11:09:11.269  1635  1776 I ActivityManager: Start proc 16984:com.google.location.nearby.apps.connectedcrossroad/u0a333 for pre-top-activity {com.google.location.nearby.apps.connectedcrossroad/nx.aodv.eval.MainActivity}
04-22 11:09:11.269  1635  1776 W ActivityManager: Slow operation: 98ms so far, now at startProcess: starting to update pids map
04-22 11:09:11.269  1635  1776 W ActivityManager: Slow operation: 99ms so far, now at startProcess: done updating pids map
04-22 11:09:11.282  1635  1775 W BroadcastQueue: Background execution not allowed: receiving Intent { act=android.intent.action.PACKAGE_ADDED dat=package:com.google.location.nearby.apps.connectedcrossroad flg=0x4000010 (has extras) } to com.facebook.katana/com.facebook.feed.platformads.AppInstallReceiver
04-22 11:09:11.282  1635  1775 W BroadcastQueue: Background execution not allowed: receiving Intent { act=android.intent.action.PACKAGE_ADDED dat=package:com.google.location.nearby.apps.connectedcrossroad flg=0x4000010 (has extras) } to com.jaga.ibraceletplus.smartwristband3/com.yc.pedometer.keepalive.KeepAliveReceiver
04-22 11:09:11.282  1635  1775 W BroadcastQueue: Background execution not allowed: receiving Intent { act=android.intent.action.PACKAGE_ADDED dat=package:com.google.location.nearby.apps.connectedcrossroad flg=0x4000010 (has extras) } to com.microsoft.appmanager/.receiver.InstallUninstallReceiver
04-22 11:09:11.282  1635  1775 W BroadcastQueue: Background execution not allowed: receiving Intent { act=android.intent.action.PACKAGE_ADDED dat=package:com.google.location.nearby.apps.connectedcrossroad flg=0x4000010 (has extras) } to com.microsoft.appmanager/com.microsoft.mmx.continuity.receiver.InstallUninstallReceiver
04-22 11:09:11.282  1635  1775 W BroadcastQueue: Background execution not allowed: receiving Intent { act=android.intent.action.PACKAGE_ADDED dat=package:com.google.location.nearby.apps.connectedcrossroad flg=0x4000010 (has extras) } to com.microsoft.emmx/com.microsoft.mmx.continuity.receiver.InstallUninstallReceiver
04-22 11:09:11.291  1635  1635 W Looper  : Slow dispatch took 256ms main h=android.app.ActivityThread$H c=android.app.-$$Lambda$LoadedApk$ReceiverDispatcher$Args$_BumDX2UKsnxLVrE6UJsJZkotuA@a43c653 m=0
04-22 11:09:11.291  1635  1635 W Looper  : Slow delivery took 275ms main h=android.app.ActivityThread$H c=android.app.-$$Lambda$LoadedApk$ReceiverDispatcher$Args$_BumDX2UKsnxLVrE6UJsJZkotuA@c7aeb90 m=0
04-22 11:09:11.396  1635  1752 W Looper  : Slow delivery took 204ms android.fg h=android.os.Handler c=<recycled PooledLambda@7824417> m=0
04-22 11:09:11.548  1635  2891 D ConnectivityService: NetReassign [no changes]
04-22 11:09:11.748  1635  1752 W Looper  : Slow dispatch took 187ms android.fg h=android.os.Handler c=<recycled PooledLambda@8acaf69> m=0
04-22 11:09:11.919  1635  1635 W Looper  : Slow dispatch took 624ms main h=android.app.ActivityThread$H c=android.app.-$$Lambda$LoadedApk$ReceiverDispatcher$Args$_BumDX2UKsnxLVrE6UJsJZkotuA@9beead6 m=0
04-22 11:09:11.940  1635  1635 I Telecom : DefaultDialerCache: Refreshing default dialer for user 0: now com.google.android.dialer: DDC.oR@BXs
04-22 11:09:11.999  1635  3045 W BroadcastQueue: Background execution not allowed: receiving Intent { act=android.intent.action.PACKAGE_REPLACED dat=package:com.google.location.nearby.apps.connectedcrossroad flg=0x4000010 (has extras) } to com.google.android.gms/.gass.chimera.PackageChangeBroadcastReceiver
04-22 11:09:12.000  1635  1635 V BackupManagerConstants: getFullBackupIntervalMilliseconds(...) returns 86400000
04-22 11:09:12.000  1635  1635 V BackupManagerConstants: getFullBackupRequiredNetworkType(...) returns 2
04-22 11:09:12.000  1635  1635 V BackupManagerConstants: getFullBackupRequireCharging(...) returns true
04-22 11:09:12.002  1635  1775 W BroadcastQueue: Background execution not allowed: receiving Intent { act=android.intent.action.PACKAGE_REPLACED dat=package:com.google.location.nearby.apps.connectedcrossroad flg=0x4000010 (has extras) } to com.google.android.gms/.chimera.GmsIntentOperationService$PersistentTrustedReceiver
04-22 11:09:12.005  1635  1775 W BroadcastQueue: Background execution not allowed: receiving Intent { act=android.intent.action.PACKAGE_REPLACED dat=package:com.google.location.nearby.apps.connectedcrossroad flg=0x4000010 (has extras) } to com.google.android.googlequicksearchbox/com.google.android.apps.gsa.googlequicksearchbox.GelStubAppWatcher
04-22 11:09:12.014  1635  1775 W BroadcastQueue: Background execution not allowed: receiving Intent { act=android.intent.action.PACKAGE_REPLACED dat=package:com.google.location.nearby.apps.connectedcrossroad flg=0x4000010 (has extras) } to com.infonow.bofa/com.bofa.ecom.marvel.application.BofaPackageUpdateReceiver
