04-22 11:29:11.729  1635  2884 W NetworkPolicy: shared quota unsupported; generating rule for each iface
04-22 11:29:11.956  1635  1752 W Looper  : Drained
04-22 11:29:12.197  1635  2884 W NetworkPolicy: shared quota unsupported; generating rule for each iface
04-22 11:29:12.324  1635  3043 E SystemServiceRegistry: Manager wrapper not available: face
04-22 11:29:12.325  1635  1775 I DropBoxManagerService: add tag=system_server_wtf isTagEnabled=true flags=0x2
04-22 11:29:12.416  1635  4599 W SettingsStatsUtil: Can not parse value to float: gps,network
04-22 11:29:12.580  1635  2891 D ConnectivityService: NetReassign [no changes]
04-22 11:29:12.740  1635  2884 W NetworkPolicy: shared quota unsupported; generating rule for each iface
04-22 11:29:14.333  1635  1775 W BroadcastQueue: Background execution not allowed: receiving Intent { act=android.intent.action.DROPBOX_ENTRY_ADDED flg=0x10 (has extras) } to com.google.android.gms/.stats.service.DropBoxEntryAddedReceiver
04-22 11:29:14.333  1635  1775 W BroadcastQueue: Background execution not allowed: receiving Intent { act=android.intent.action.DROPBOX_ENTRY_ADDED flg=0x10 (has extras) } to com.google.android.gms/.chimera.GmsIntentOperationService$PersistentTrustedReceiver
04-22 11:29:15.595  1635  2891 D ConnectivityService: NetReassign [no changes]
04-22 11:29:18.612  1635  2891 D ConnectivityService: NetReassign [no changes]
04-22 11:29:21.379  1635  9190 W ActivityManager: stopServiceToken startId 15 is last, but have 1 remaining args
04-22 11:29:21.622  1635  2891 D ConnectivityService: NetReassign [no changes]
04-22 11:29:22.585  1635  1635 D BluetoothManagerService: Bluetooth Adapter name changed to IjBVNjhbye0AAAAAAAAAATE
04-22 11:29:22.586  1635  1635 D BluetoothManagerService: Stored Bluetooth name: IjBVNjhbye0AAAAAAAAAATE
04-22 11:29:22.923  1635  2893 D NsdService: Register service
04-22 11:29:22.923  1635  2893 D NsdService: registerService: 22 name: IjBVNjhbye0AAA, type: _5BC9ED5E6C75._tcp, host: null, port: 39765, txtRecord: n=MQIPv4=192.168.1.17
04-22 11:29:22.923  1635  2893 D NsdService: mdnssd [register, 22, IjBVNjhbye0AAA, _5BC9ED5E6C75._tcp, 39765, BG49TVERSVB2ND0xOTIuMTY4LjEuMTc=]
04-22 11:29:22.925  1635  2893 D NsdService: Register 22 22
04-22 11:29:23.657  1635  2893 D NsdService: Native daemon message SERVICE_REGISTERED: 606 22 "IjBVNjhbye0AAA"
04-22 11:29:23.664  1635  9190 E AppOps  : attributionTag com.google.android.gms.nearby not declared in manifest of com.google.location.nearby.apps.connectedcrossroad
04-22 11:29:24.640  1635  2891 D ConnectivityService: NetReassign [no changes]
04-22 11:29:30.682  1635  2891 I chatty  : uid=1000(system) ConnectivitySer identical 2 lines
04-22 11:29:33.699  1635  2891 D ConnectivityService: NetReassign [no changes]
04-22 11:29:33.707  1635  2884 W NetworkPolicy: shared quota unsupported; generating rule for each iface
04-22 11:29:36.715  1635  2891 D ConnectivityService: NetReassign [no changes]
04-22 11:29:39.735  1635  2891 D ConnectivityService: NetReassign [no changes]
04-22 11:29:39.978  1635  1775 I ActivityManager: Waited long enough for: ServiceRecord{e1cce0 u0 com.google.android.googlequicksearchbox/com.google.android.apps.gsa.shared.util.keepalive.StandaloneKeepAlive$KeepAliveService}
04-22 11:29:42.759  1635  2891 D ConnectivityService: NetReassign [no changes]
04-22 11:29:52.503 20242 20348 E AndroidRuntime: FATAL EXCEPTION: Thread-4
04-22 11:29:52.503 20242 20348 E AndroidRuntime: Process: com.google.location.nearby.apps.connectedcrossroad, PID: 20242
04-22 11:29:52.503 20242 20348 E AndroidRuntime: java.util.ConcurrentModificationException
04-22 11:29:52.503 20242 20348 E AndroidRuntime: 	at java.util.HashMap$HashIterator.nextNode(HashMap.java:1441)
04-22 11:29:52.503 20242 20348 E AndroidRuntime: 	at java.util.HashMap$ValueIterator.next(HashMap.java:1470)
04-22 11:29:52.503 20242 20348 E AndroidRuntime: 	at nx.aodv.eval.AODVNetwork$3.run(AODVNetwork.java:218)
04-22 11:29:52.503 20242 20348 E AndroidRuntime: 	at java.lang.Thread.run(Thread.java:923)
04-22 11:29:48.817  1635  2891 I chatty  : uid=1000(system) ConnectivitySer identical 2 lines
04-22 11:29:51.838  1635  2891 D ConnectivityService: NetReassign [no changes]
04-22 11:29:52.512  1635 20401 I DropBoxManagerService: add tag=data_app_crash isTagEnabled=true flags=0x2
04-22 11:29:52.522  1635  1775 W BroadcastQueue: Background execution not allowed: receiving Intent { act=android.intent.action.DROPBOX_ENTRY_ADDED flg=0x10 (has extras) } to com.google.android.gms/.stats.service.DropBoxEntryAddedReceiver
04-22 11:29:52.522  1635  1775 W BroadcastQueue: Background execution not allowed: receiving Intent { act=android.intent.action.DROPBOX_ENTRY_ADDED flg=0x10 (has extras) } to com.google.android.gms/.chimera.GmsIntentOperationService$PersistentTrustedReceiver
04-22 11:29:52.543  1635  4614 W ActivityTaskManager:   Force finishing activity com.google.location.nearby.apps.connectedcrossroad/nx.aodv.eval.MainActivity
04-22 11:29:52.649  1635  3040 D AutofillSession: handling death of Token{c76ce2c ActivityRecord{36f60f5 u0 com.google.location.nearby.apps.connectedcrossroad/nx.aodv.eval.MainActivity t8100 f}}} when saving=false
04-22 11:29:52.650  1635  9377 I WindowManager: WIN DEATH: Window{ad036f6 u0 com.google.location.nearby.apps.connectedcrossroad/nx.aodv.eval.MainActivity}
04-22 11:29:52.664  1635  3043 I ActivityManager: Process com.google.location.nearby.apps.connectedcrossroad (pid 20242) has died: prcp CRE 
04-22 11:29:52.692  1635  1756 W ActivityManager: setHasOverlayUi called on unknown pid: 20242
04-22 11:29:54.864  1635  2891 D ConnectivityService: NetReassign [no changes]
04-22 11:29:57.322  1635  3043 W ActivityManager: Foreground service started from background can not have location/camera/microphone access: service steptracker.healthandfitness.walkingtracker.pedometer/com.drojian.stepcounter.service.CounterService
04-22 11:29:57.343  1635  3043 I chatty  : uid=1000(system) Binder:1635_7 identical 1 line
04-22 11:29:57.353  1635  3043 W ActivityManager: Foreground service started from background can not have location/camera/microphone access: service steptracker.healthandfitness.walkingtracker.pedometer/com.drojian.stepcounter.service.CounterService
04-22 11:29:57.363  1635  3045 W ActivityManager: Foreground service started from background can not have location/camera/microphone access: service steptracker.healthandfitness.walkingtracker.pedometer/com.drojian.stepcounter.service.CounterService
04-22 11:29:57.888  1635  2891 D ConnectivityService: NetReassign [no changes]
04-22 11:29:58.515  1635  4623 W ActivityManager: Foreground service started from background can not have location/camera/microphone access: service steptracker.healthandfitness.walkingtracker.pedometer/com.drojian.stepcounter.service.CounterService
04-22 11:29:58.917  1635  2893 D NsdService: unregister service
04-22 11:29:58.917  1635  2893 D NsdService: mdnssd [stop-register, 22]
04-22 11:29:58.929  1635  1635 D BluetoothManagerService: Bluetooth Adapter name changed to Pixel 3a XL
04-22 11:29:58.930  1635  1635 D BluetoothManagerService: Stored Bluetooth name: Pixel 3a XL
04-22 11:30:00.904  1635  2891 D ConnectivityService: NetReassign [no changes]
04-22 11:30:02.498  1635  4624 I ActivityManager: Force stopping com.google.location.nearby.apps.connectedcrossroad appid=10333 user=0: from pid 20425
04-22 11:30:02.509  1635  1775 W BroadcastQueue: Background execution not allowed: receiving Intent { act=android.intent.action.PACKAGE_RESTARTED dat=package:com.google.location.nearby.apps.connectedcrossroad flg=0x10 (has extras) } to steptracker.healthandfitness.walkingtracker.pedometer/com.drojian.stepcounter.receiver.PedometerReceiver
04-22 11:30:02.509  1635  1775 W BroadcastQueue: Background execution not allowed: receiving Intent { act=android.intent.action.PACKAGE_RESTARTED dat=package:com.google.location.nearby.apps.connectedcrossroad flg=0x10 (has extras) } to steptracker.healthandfitness.walkingtracker.pedometer/com.drojian.servicekeeper.receiver.BootReceiver
04-22 11:30:03.919  1635  2891 D ConnectivityService: NetReassign [no changes]
04-22 11:30:12.982  1635  2891 I chatty  : uid=1000(system) ConnectivitySer identical 3 lines
04-22 11:30:16.010  1635  2891 D ConnectivityService: NetReassign [no changes]
04-22 11:30:18.218  1635  1878 I PackageManager: Integrity check passed for file:///data/app/vmdl421096954.tmp
04-22 11:30:18.250  1635  1878 I PackageManager: Update package com.google.location.nearby.apps.connectedcrossroad code path from /data/app/~~jVGEL7wghcWtau7w4i_5sA==/com.google.location.nearby.apps.connectedcrossroad-XFxV-onZNv4Ff7i7jbFGlQ== to /data/app/~~0z3crduluxYzZoT93CzpCQ==/com.google.location.nearby.apps.connectedcrossroad-Zpmq5iUu51vqpZAoFUuaAA==; Retain data and using new
04-22 11:30:18.250  1635  1878 I PackageManager: Update package com.google.location.nearby.apps.connectedcrossroad resource path from /data/app/~~jVGEL7wghcWtau7w4i_5sA==/com.google.location.nearby.apps.connectedcrossroad-XFxV-onZNv4Ff7i7jbFGlQ== to /data/app/~~0z3crduluxYzZoT93CzpCQ==/com.google.location.nearby.apps.connectedcrossroad-Zpmq5iUu51vqpZAoFUuaAA==; Retain data and using new
04-22 11:30:18.266  1635  1878 D CompatibilityChangeReporter: Compat change id reported: 135549675; UID 10333; state: DISABLED
04-22 11:30:18.440  1635  1775 W BroadcastQueue: Background execution not allowed: receiving Intent { act=android.intent.action.PACKAGE_REMOVED dat=package:com.google.location.nearby.apps.connectedcrossroad flg=0x4000010 (has extras) } to com.android.vending/com.google.android.finsky.packagemanager.impl.PackageMonitorReceiverImpl$RegisteredReceiver
04-22 11:30:18.440  1635  1775 W BroadcastQueue: Background execution not allowed: receiving Intent { act=android.intent.action.PACKAGE_REMOVED dat=package:com.google.location.nearby.apps.connectedcrossroad flg=0x4000010 (has extras) } to com.android.vending/com.google.android.finsky.instantapps.appmanagement.InstantAppRemoveMonitor
04-22 11:30:18.440  1635  1775 W BroadcastQueue: Background execution not allowed: receiving Intent { act=android.intent.action.PACKAGE_REMOVED dat=package:com.google.location.nearby.apps.connectedcrossroad flg=0x4000010 (has extras) } to com.google.android.gms/.games.chimera.GamesSystemBroadcastReceiverProxy
04-22 11:30:18.441  1635  1775 W BroadcastQueue: Background execution not allowed: receiving Intent { act=android.intent.action.PACKAGE_REMOVED dat=package:com.google.location.nearby.apps.connectedcrossroad flg=0x4000010 (has extras) } to com.google.android.gms/.chimera.GmsIntentOperationService$PersistentTrustedReceiver
04-22 11:30:18.441  1635  1775 W BroadcastQueue: Background execution not allowed: receiving Intent { act=android.intent.action.PACKAGE_REMOVED dat=package:com.google.location.nearby.apps.connectedcrossroad flg=0x4000010 (has extras) } to com.google.android.googlequicksearchbox/com.google.android.apps.gsa.googlequicksearchbox.GelStubAppWatcher
04-22 11:30:18.441  1635  1775 W BroadcastQueue: Background execution not allowed: receiving Intent { act=android.intent.action.PACKAGE_REMOVED dat=package:com.google.location.nearby.apps.connectedcrossroad flg=0x4000010 (has extras) } to com.facebook.katana/com.facebook.feed.platformads.AppInstallReceiver
04-22 11:30:18.441  1635  1775 W BroadcastQueue: Background execution not allowed: receiving Intent { act=android.intent.action.PACKAGE_REMOVED dat=package:com.google.location.nearby.apps.connectedcrossroad flg=0x4000010 (has extras) } to com.jaga.ibraceletplus.smartwristband3/com.yc.pedometer.keepalive.KeepAliveReceiver
04-22 11:30:18.441  1635  1775 W BroadcastQueue: Background execution not allowed: receiving Intent { act=android.intent.action.PACKAGE_REMOVED dat=package:com.google.location.nearby.apps.connectedcrossroad flg=0x4000010 (has extras) } to com.microsoft.appmanager/.receiver.InstallUninstallReceiver
04-22 11:30:18.442  1635  1775 W BroadcastQueue: Background execution not allowed: receiving Intent { act=android.intent.action.PACKAGE_REMOVED dat=package:com.google.location.nearby.apps.connectedcrossroad flg=0x4000010 (has extras) } to com.microsoft.appmanager/com.microsoft.mmx.continuity.receiver.InstallUninstallReceiver
04-22 11:30:18.529  1635 12414 I ActivityTaskManager: START u0 {act=android.intent.action.MAIN cat=[android.intent.category.LAUNCHER] flg=0x10000000 cmp=com.google.location.nearby.apps.connectedcrossroad/nx.aodv.eval.MainActivity} from uid 2000
04-22 11:30:18.540  1635  1775 W BroadcastQueue: Background execution not allowed: receiving Intent { act=android.intent.action.PACKAGE_REMOVED dat=package:com.google.location.nearby.apps.connectedcrossroad flg=0x4000010 (has extras) } to com.microsoft.emmx/com.microsoft.mmx.continuity.receiver.InstallUninstallReceiver
04-22 11:30:18.541  1635  1775 W BroadcastQueue: Background execution not allowed: receiving Intent { act=android.intent.action.PACKAGE_ADDED dat=package:com.google.location.nearby.apps.connectedcrossroad flg=0x4000010 (has extras) } to com.google.android.packageinstaller/com.android.packageinstaller.PackageInstalledReceiver
04-22 11:30:18.541  1635  1775 W BroadcastQueue: Background execution not allowed: receiving Intent { act=android.intent.action.PACKAGE_ADDED dat=package:com.google.location.nearby.apps.connectedcrossroad flg=0x4000010 (has extras) } to com.android.vending/com.google.android.finsky.packagemanager.impl.PackageMonitorReceiverImpl$RegisteredReceiver
04-22 11:30:18.541  1635  1775 W BroadcastQueue: Background execution not allowed: receiving Intent { act=android.intent.action.PACKAGE_ADDED dat=package:com.google.location.nearby.apps.connectedcrossroad flg=0x4000010 (has extras) } to com.google.android.gms/.games.chimera.GamesSystemBroadcastReceiverProxy
04-22 11:30:18.541  1635  1775 W BroadcastQueue: Background execution not allowed: receiving Intent { act=android.intent.action.PACKAGE_ADDED dat=package:com.google.location.nearby.apps.connectedcrossroad flg=0x4000010 (has extras) } to com.google.android.gms/.gass.chimera.PackageChangeBroadcastReceiver
04-22 11:30:18.542  1635  1775 W BroadcastQueue: Background execution not allowed: receiving Intent { act=android.intent.action.PACKAGE_ADDED dat=package:com.google.location.nearby.apps.connectedcrossroad flg=0x4000010 (has extras) } to com.google.android.gms/.chimera.GmsIntentOperationService$PersistentTrustedReceiver
04-22 11:30:18.542  1635  1775 W BroadcastQueue: Background execution not allowed: receiving Intent { act=android.intent.action.PACKAGE_ADDED dat=package:com.google.location.nearby.apps.connectedcrossroad flg=0x4000010 (has extras) } to com.google.android.googlequicksearchbox/com.google.android.apps.gsa.googlequicksearchbox.GelStubAppWatcher
04-22 11:30:18.545  1635  1775 W BroadcastQueue: Background execution not allowed: receiving Intent { act=android.intent.action.PACKAGE_ADDED dat=package:com.google.location.nearby.apps.connectedcrossroad flg=0x4000010 (has extras) } to com.facebook.katana/com.facebook.feed.platformads.AppInstallReceiver
04-22 11:30:18.546  1635  1775 W BroadcastQueue: Background execution not allowed: receiving Intent { act=android.intent.action.PACKAGE_ADDED dat=package:com.google.location.nearby.apps.connectedcrossroad flg=0x4000010 (has extras) } to com.jaga.ibraceletplus.smartwristband3/com.yc.pedometer.keepalive.KeepAliveReceiver
04-22 11:30:18.547  1635  1775 W BroadcastQueue: Background execution not allowed: receiving Intent { act=android.intent.action.PACKAGE_ADDED dat=package:com.google.location.nearby.apps.connectedcrossroad flg=0x4000010 (has extras) } to com.microsoft.appmanager/.receiver.InstallUninstallReceiver
04-22 11:30:18.548  1635  1775 W BroadcastQueue: Background execution not allowed: receiving Intent { act=android.intent.action.PACKAGE_ADDED dat=package:com.google.location.nearby.apps.connectedcrossroad flg=0x4000010 (has extras) } to com.microsoft.appmanager/com.microsoft.mmx.continuity.receiver.InstallUninstallReceiver
04-22 11:30:18.558  1635  1775 W BroadcastQueue: Background execution not allowed: receiving Intent { act=android.intent.action.PACKAGE_ADDED dat=package:com.google.location.nearby.apps.connectedcrossroad flg=0x4000010 (has extras) } to com.microsoft.emmx/com.microsoft.mmx.continuity.receiver.InstallUninstallReceiver
04-22 11:30:18.565  1635  1754 W Looper  : Slow dispatch took 113ms android.ui h=com.android.server.am.ActivityManagerService$UiHandler c=null m=31
04-22 11:30:18.583  1635  1635 W Looper  : Slow dispatch took 116ms main h=android.app.ActivityThread$H c=android.app.-$$Lambda$LoadedApk$ReceiverDispatcher$Args$_BumDX2UKsnxLVrE6UJsJZkotuA@a13f7da m=0
04-22 11:30:18.608  1635  1756 D CompatibilityChangeReporter: Compat change id reported: 135634846; UID 10333; state: DISABLED
04-22 11:30:18.608  1635  1776 D CompatibilityChangeReporter: Compat change id reported: 143937733; UID 10333; state: DISABLED
04-22 11:30:18.676  1635  1752 W Looper  : Slow dispatch took 133ms android.fg h=android.os.Handler c=<recycled PooledLambda@73215d7> m=0
04-22 11:30:18.704  1635  1776 W ActivityManager: Slow operation: 97ms so far, now at startProcess: done updating battery stats
04-22 11:30:18.706  1635  1776 W ActivityManager: Slow operation: 99ms so far, now at startProcess: building log message
04-22 11:30:18.706  1635  1776 I ActivityManager: Start proc 20514:com.google.location.nearby.apps.connectedcrossroad/u0a333 for pre-top-activity {com.google.location.nearby.apps.connectedcrossroad/nx.aodv.eval.MainActivity}
04-22 11:30:18.706  1635  1776 W ActivityManager: Slow operation: 99ms so far, now at startProcess: starting to update pids map
04-22 11:30:18.706  1635  1776 W ActivityManager: Slow operation: 99ms so far, now at startProcess: done updating pids map
04-22 11:30:18.741  1635  1754 W Looper  : Slow dispatch took 131ms android.ui h=com.android.server.am.ActivityManagerService$UiHandler c=null m=31
04-22 11:30:18.763  1635  1635 W Looper  : Slow dispatch took 171ms main h=android.app.ActivityThread$H c=android.app.-$$Lambda$LoadedApk$ReceiverDispatcher$Args$_BumDX2UKsnxLVrE6UJsJZkotuA@9a4e989 m=0
04-22 11:30:18.769  1635  1635 W Looper  : Slow delivery took 280ms main h=android.app.ActivityThread$H c=android.app.-$$Lambda$LoadedApk$ReceiverDispatcher$Args$_BumDX2UKsnxLVrE6UJsJZkotuA@bceaa7c m=0
04-22 11:30:18.770  1635  1635 I Telecom : DefaultDialerCache: Refreshing default dialer for user 0: now com.google.android.dialer: DDC.oR@BZY
04-22 11:30:18.813  1635  1635 V BackupManagerConstants: getFullBackupIntervalMilliseconds(...) returns 86400000
04-22 11:30:18.813  1635  1635 V BackupManagerConstants: getFullBackupRequiredNetworkType(...) returns 2
04-22 11:30:18.813  1635  1635 V BackupManagerConstants: getFullBackupRequireCharging(...) returns true
04-22 11:30:18.888  1635  1635 W Looper  : Slow dispatch took 117ms main h=android.app.ActivityThread$H c=android.app.-$$Lambda$LoadedApk$ReceiverDispatcher$Args$_BumDX2UKsnxLVrE6UJsJZkotuA@3af2f50 m=0
04-22 11:30:18.888  1635  1752 W Looper  : Slow dispatch took 189ms android.fg h=android.os.Handler c=<recycled PooledLambda@9e1b549> m=0
04-22 11:30:18.932  1635  1635 W Looper  : Drained
04-22 11:30:18.986  1635  1752 W Looper  : Slow delivery took 347ms android.fg h=android.os.Handler c=<recycled PooledLambda@dc3e37f> m=0
04-22 11:30:19.019  1635  3043 W BroadcastQueue: Background execution not allowed: receiving Intent { act=android.intent.action.PACKAGE_REPLACED dat=package:com.google.location.nearby.apps.connectedcrossroad flg=0x4000010 (has extras) } to com.google.android.gms/.gass.chimera.PackageChangeBroadcastReceiver
04-22 11:30:19.024  1635  2891 D ConnectivityService: NetReassign [no changes]
04-22 11:30:19.025  1635  1775 W BroadcastQueue: Background execution not allowed: receiving Intent { act=android.intent.action.PACKAGE_REPLACED dat=package:com.google.location.nearby.apps.connectedcrossroad flg=0x4000010 (has extras) } to com.google.android.gms/.chimera.GmsIntentOperationService$PersistentTrustedReceiver
04-22 11:30:19.088  1635  1775 W BroadcastQueue: Background execution not allowed: receiving Intent { act=android.intent.action.PACKAGE_REPLACED dat=package:com.google.location.nearby.apps.connectedcrossroad flg=0x4000010 (has extras) } to com.google.android.googlequicksearchbox/com.google.android.apps.gsa.googlequicksearchbox.GelStubAppWatcher
04-22 11:30:19.089  1635  1775 W BroadcastQueue: Background execution not allowed: receiving Intent { act=android.intent.action.PACKAGE_REPLACED dat=package:com.google.location.nearby.apps.connectedcrossroad flg=0x4000010 (has extras) } to com.infonow.bofa/com.bofa.ecom.marvel.application.BofaPackageUpdateReceiver
04-22 11:30:19.092  1635  1775 W BroadcastQueue: Background execution not allowed: receiving Intent { act=android.intent.action.PACKAGE_REPLACED dat=package:com.google.location.nearby.apps.connectedcrossroad flg=0x4000010 (has extras) } to com.microsoft.appmanager/com.microsoft.mmx.continuity.receiver.InstallUninstallReceiver
04-22 11:30:19.093  1635  1775 W BroadcastQueue: Background execution not allowed: receiving Intent { act=android.intent.action.PACKAGE_REPLACED dat=package:com.google.location.nearby.apps.connectedcrossroad flg=0x4000010 (has extras) } to com.microsoft.emmx/com.microsoft.mmx.continuity.receiver.InstallUninstallReceiver
04-22 11:30:19.095  1635  1775 W BroadcastQueue: Background execution not allowed: receiving Intent { act=android.intent.action.PACKAGE_REPLACED dat=package:com.google.location.nearby.apps.connectedcrossroad flg=0x4000010 (has extras) } to steptracker.healthandfitness.walkingtracker.pedometer/com.drojian.stepcounter.receiver.PedometerReceiver
04-22 11:30:19.095  1635  1775 W BroadcastQueue: Background execution not allowed: receiving Intent { act=android.intent.action.PACKAGE_REPLACED dat=package:com.google.location.nearby.apps.connectedcrossroad flg=0x4000010 (has extras) } to steptracker.healthandfitness.walkingtracker.pedometer/com.drojian.servicekeeper.receiver.BootReceiver
04-22 11:30:19.107  1635  1752 W Looper  : Slow dispatch took 120ms android.fg h=android.os.Handler c=<recycled PooledLambda@ae863e2> m=0
04-22 11:30:19.132  1635  2884 W NetworkPolicy: shared quota unsupported; generating rule for each iface
04-22 11:30:19.275  1635  3043 D CompatibilityChangeReporter: Compat change id reported: 136274596; UID 10333; state: DISABLED
04-22 11:30:19.644  1635  1752 W Looper  : Slow dispatch took 104ms android.fg h=android.os.Handler c=<recycled PooledLambda@d21a6c1> m=0
04-22 11:30:19.900  1635  2884 W NetworkPolicy: shared quota unsupported; generating rule for each iface
04-22 11:30:20.132  1635  2884 I chatty  : uid=1000(system) NetworkPolicy identical 1 line
04-22 11:30:20.192  1635  2884 W NetworkPolicy: shared quota unsupported; generating rule for each iface
04-22 11:30:20.245  1635  1752 W Looper  : Drained
04-22 11:30:20.635  1635  2884 W NetworkPolicy: shared quota unsupported; generating rule for each iface
04-22 11:30:20.882  1635  5549 E SystemServiceRegistry: Manager wrapper not available: face
04-22 11:30:20.883  1635  1775 I DropBoxManagerService: add tag=system_server_wtf isTagEnabled=true flags=0x2
04-22 11:30:20.974  1635  3045 W SettingsStatsUtil: Can not parse value to float: gps,network
04-22 11:30:22.031  1635  2891 D ConnectivityService: NetReassign [no changes]
04-22 11:30:22.895  1635  1775 W BroadcastQueue: Background execution not allowed: receiving Intent { act=android.intent.action.DROPBOX_ENTRY_ADDED flg=0x10 (has extras) } to com.google.android.gms/.stats.service.DropBoxEntryAddedReceiver
04-22 11:30:22.896  1635  1775 W BroadcastQueue: Background execution not allowed: receiving Intent { act=android.intent.action.DROPBOX_ENTRY_ADDED flg=0x10 (has extras) } to com.google.android.gms/.chimera.GmsIntentOperationService$PersistentTrustedReceiver
04-22 11:30:25.057  1635  2891 D ConnectivityService: NetReassign [no changes]
04-22 11:30:34.109  1635  2891 I chatty  : uid=1000(system) ConnectivitySer identical 3 lines
04-22 11:30:37.124  1635  2891 D ConnectivityService: NetReassign [no changes]
04-22 11:30:37.601  1635  1635 D BluetoothManagerService: Bluetooth Adapter name changed to IkdsdHFbye0AAAAAAAAAATE
04-22 11:30:37.602  1635  1635 D BluetoothManagerService: Stored Bluetooth name: IkdsdHFbye0AAAAAAAAAATE
04-22 11:30:37.930  1635  4623 E AppOps  : attributionTag com.google.android.gms.nearby not declared in manifest of com.google.location.nearby.apps.connectedcrossroad
04-22 11:30:40.132  1635  2891 D ConnectivityService: NetReassign [no changes]
04-22 11:30:42.408  1635  2884 W NetworkPolicy: shared quota unsupported; generating rule for each iface
04-22 11:30:43.150  1635  2891 D ConnectivityService: NetReassign [no changes]
04-22 11:30:52.209  1635  2891 I chatty  : uid=1000(system) ConnectivitySer identical 3 lines
04-22 11:30:55.235  1635  2891 D ConnectivityService: NetReassign [no changes]
04-22 11:30:56.144  1635  1775 I ActivityManager: Waited long enough for: ServiceRecord{39b48a5 u0 com.google.android.googlequicksearchbox/com.google.android.apps.gsa.shared.util.keepalive.StandaloneKeepAlive$KeepAliveService}
04-22 11:30:58.252  1635  2891 D ConnectivityService: NetReassign [no changes]
04-22 11:31:13.391  1635  2891 I chatty  : uid=1000(system) ConnectivitySer identical 5 lines
04-22 11:31:16.424  1635  2891 D ConnectivityService: NetReassign [no changes]
04-22 11:31:19.163  1635 12312 I ActivityManager: Force stopping com.google.location.nearby.apps.connectedcrossroad appid=10333 user=0: from pid 20711
04-22 11:31:19.164  1635 12312 I ActivityManager: Killing 20514:com.google.location.nearby.apps.connectedcrossroad/u0a333 (adj 0): stop com.google.location.nearby.apps.connectedcrossroad due to from pid 20711
04-22 11:31:19.175  1635 12312 W ActivityTaskManager: Force removing ActivityRecord{ba27a9e u0 com.google.location.nearby.apps.connectedcrossroad/nx.aodv.eval.MainActivity t8101 f}}: app died, no saved state
04-22 11:31:19.206  1635  4623 D AutofillSession: handling death of Token{227853e ActivityRecord{ba27a9e u0 com.google.location.nearby.apps.connectedcrossroad/nx.aodv.eval.MainActivity t-1 f}}} when saving=false
04-22 11:31:19.233  1635  1775 W BroadcastQueue: Background execution not allowed: receiving Intent { act=android.intent.action.PACKAGE_RESTARTED dat=package:com.google.location.nearby.apps.connectedcrossroad flg=0x10 (has extras) } to steptracker.healthandfitness.walkingtracker.pedometer/com.drojian.stepcounter.receiver.PedometerReceiver
04-22 11:31:19.234  1635  1775 W BroadcastQueue: Background execution not allowed: receiving Intent { act=android.intent.action.PACKAGE_RESTARTED dat=package:com.google.location.nearby.apps.connectedcrossroad flg=0x10 (has extras) } to steptracker.healthandfitness.walkingtracker.pedometer/com.drojian.servicekeeper.receiver.BootReceiver
04-22 11:31:19.252  1635  1756 W ActivityManager: setHasOverlayUi called on unknown pid: 20514
04-22 11:31:19.433  1635  2891 D ConnectivityService: NetReassign [no changes]
04-22 11:31:22.455  1635  2891 D ConnectivityService: NetReassign [no changes]
04-22 11:31:22.776  1635  1635 D BluetoothManagerService: Bluetooth Adapter name changed to Pixel 3a XL
04-22 11:31:22.777  1635  1635 D BluetoothManagerService: Stored Bluetooth name: Pixel 3a XL
04-22 11:31:25.481  1635  2891 D ConnectivityService: NetReassign [no changes]
04-22 11:31:31.539  1635  2891 I chatty  : uid=1000(system) ConnectivitySer identical 2 lines
04-22 11:31:34.562  1635  2891 D ConnectivityService: NetReassign [no changes]
04-22 11:31:37.353  1635  1878 I PackageManager: Integrity check passed for file:///data/app/vmdl45482043.tmp
04-22 11:31:37.382  1635  1878 I PackageManager: Update package com.google.location.nearby.apps.connectedcrossroad code path from /data/app/~~0z3crduluxYzZoT93CzpCQ==/com.google.location.nearby.apps.connectedcrossroad-Zpmq5iUu51vqpZAoFUuaAA== to /data/app/~~VEkBHSsN7UMnwx7fUtw-aA==/com.google.location.nearby.apps.connectedcrossroad-fozoWhi-BQyrhPIJQivipA==; Retain data and using new
04-22 11:31:37.382  1635  1878 I PackageManager: Update package com.google.location.nearby.apps.connectedcrossroad resource path from /data/app/~~0z3crduluxYzZoT93CzpCQ==/com.google.location.nearby.apps.connectedcrossroad-Zpmq5iUu51vqpZAoFUuaAA== to /data/app/~~VEkBHSsN7UMnwx7fUtw-aA==/com.google.location.nearby.apps.connectedcrossroad-fozoWhi-BQyrhPIJQivipA==; Retain data and using new
04-22 11:31:37.396  1635  1878 D CompatibilityChangeReporter: Compat change id reported: 135549675; UID 10333; state: DISABLED
04-22 11:31:37.563  1635  1775 W BroadcastQueue: Background execution not allowed: receiving Intent { act=android.intent.action.PACKAGE_REMOVED dat=package:com.google.location.nearby.apps.connectedcrossroad flg=0x4000010 (has extras) } to com.android.vending/com.google.android.finsky.packagemanager.impl.PackageMonitorReceiverImpl$RegisteredReceiver
04-22 11:31:37.593  1635  2891 D ConnectivityService: NetReassign [no changes]
04-22 11:31:37.630  1635  8900 I ActivityTaskManager: START u0 {act=android.intent.action.MAIN cat=[android.intent.category.LAUNCHER] flg=0x10000000 cmp=com.google.location.nearby.apps.connectedcrossroad/nx.aodv.eval.MainActivity} from uid 2000
04-22 11:31:37.651  1635  1775 W BroadcastQueue: Background execution not allowed: receiving Intent { act=android.intent.action.PACKAGE_REMOVED dat=package:com.google.location.nearby.apps.connectedcrossroad flg=0x4000010 (has extras) } to com.android.vending/com.google.android.finsky.instantapps.appmanagement.InstantAppRemoveMonitor
04-22 11:31:37.682  1635  1635 I Telecom : DefaultDialerCache: Refreshing default dialer for user 0: now com.google.android.dialer: DDC.oR@BZo
04-22 11:31:37.725  1635  1775 W BroadcastQueue: Background execution not allowed: receiving Intent { act=android.intent.action.PACKAGE_REMOVED dat=package:com.google.location.nearby.apps.connectedcrossroad flg=0x4000010 (has extras) } to com.google.android.gms/.games.chimera.GamesSystemBroadcastReceiverProxy
04-22 11:31:37.726  1635  1635 V BackupManagerConstants: getFullBackupIntervalMilliseconds(...) returns 86400000
04-22 11:31:37.726  1635  1635 V BackupManagerConstants: getFullBackupRequiredNetworkType(...) returns 2
04-22 11:31:37.726  1635  1635 V BackupManagerConstants: getFullBackupRequireCharging(...) returns true
04-22 11:31:37.727  1635  1756 D CompatibilityChangeReporter: Compat change id reported: 135634846; UID 10333; state: DISABLED
04-22 11:31:37.727  1635  1776 D CompatibilityChangeReporter: Compat change id reported: 143937733; UID 10333; state: DISABLED
04-22 11:31:37.730  1635  1775 W BroadcastQueue: Background execution not allowed: receiving Intent { act=android.intent.action.PACKAGE_REMOVED dat=package:com.google.location.nearby.apps.connectedcrossroad flg=0x4000010 (has extras) } to com.google.android.gms/.chimera.GmsIntentOperationService$PersistentTrustedReceiver
04-22 11:31:37.730  1635  1775 W BroadcastQueue: Background execution not allowed: receiving Intent { act=android.intent.action.PACKAGE_REMOVED dat=package:com.google.location.nearby.apps.connectedcrossroad flg=0x4000010 (has extras) } to com.google.android.googlequicksearchbox/com.google.android.apps.gsa.googlequicksearchbox.GelStubAppWatcher
04-22 11:31:37.730  1635  1775 W BroadcastQueue: Background execution not allowed: receiving Intent { act=android.intent.action.PACKAGE_REMOVED dat=package:com.google.location.nearby.apps.connectedcrossroad flg=0x4000010 (has extras) } to com.facebook.katana/com.facebook.feed.platformads.AppInstallReceiver
04-22 11:31:37.730  1635  1775 W BroadcastQueue: Background execution not allowed: receiving Intent { act=android.intent.action.PACKAGE_REMOVED dat=package:com.google.location.nearby.apps.connectedcrossroad flg=0x4000010 (has extras) } to com.jaga.ibraceletplus.smartwristband3/com.yc.pedometer.keepalive.KeepAliveReceiver
04-22 11:31:37.730  1635  1775 W BroadcastQueue: Background execution not allowed: receiving Intent { act=android.intent.action.PACKAGE_REMOVED dat=package:com.google.location.nearby.apps.connectedcrossroad flg=0x4000010 (has extras) } to com.microsoft.appmanager/.receiver.InstallUninstallReceiver
04-22 11:31:37.734  1635  1775 W BroadcastQueue: Background execution not allowed: receiving Intent { act=android.intent.action.PACKAGE_REMOVED dat=package:com.google.location.nearby.apps.connectedcrossroad flg=0x4000010 (has extras) } to com.microsoft.appmanager/com.microsoft.mmx.continuity.receiver.InstallUninstallReceiver
04-22 11:31:37.735  1635  1775 W BroadcastQueue: Background execution not allowed: receiving Intent { act=android.intent.action.PACKAGE_REMOVED dat=package:com.google.location.nearby.apps.connectedcrossroad flg=0x4000010 (has extras) } to com.microsoft.emmx/com.microsoft.mmx.continuity.receiver.InstallUninstallReceiver
04-22 11:31:37.735  1635  1775 W BroadcastQueue: Background execution not allowed: receiving Intent { act=android.intent.action.PACKAGE_ADDED dat=package:com.google.location.nearby.apps.connectedcrossroad flg=0x4000010 (has extras) } to com.google.android.packageinstaller/com.android.packageinstaller.PackageInstalledReceiver
04-22 11:31:37.737  1635  1775 W BroadcastQueue: Background execution not allowed: receiving Intent { act=android.intent.action.PACKAGE_ADDED dat=package:com.google.location.nearby.apps.connectedcrossroad flg=0x4000010 (has extras) } to com.android.vending/com.google.android.finsky.packagemanager.impl.PackageMonitorReceiverImpl$RegisteredReceiver
04-22 11:31:37.745  1635  1775 W BroadcastQueue: Background execution not allowed: receiving Intent { act=android.intent.action.PACKAGE_ADDED dat=package:com.google.location.nearby.apps.connectedcrossroad flg=0x4000010 (has extras) } to com.google.android.gms/.games.chimera.GamesSystemBroadcastReceiverProxy
04-22 11:31:37.745  1635  1775 W BroadcastQueue: Background execution not allowed: receiving Intent { act=android.intent.action.PACKAGE_ADDED dat=package:com.google.location.nearby.apps.connectedcrossroad flg=0x4000010 (has extras) } to com.google.android.gms/.gass.chimera.PackageChangeBroadcastReceiver
04-22 11:31:37.745  1635  1775 W BroadcastQueue: Background execution not allowed: receiving Intent { act=android.intent.action.PACKAGE_ADDED dat=package:com.google.location.nearby.apps.connectedcrossroad flg=0x4000010 (has extras) } to com.google.android.gms/.chimera.GmsIntentOperationService$PersistentTrustedReceiver
04-22 11:31:37.745  1635  1775 W BroadcastQueue: Background execution not allowed: receiving Intent { act=android.intent.action.PACKAGE_ADDED dat=package:com.google.location.nearby.apps.connectedcrossroad flg=0x4000010 (has extras) } to com.google.android.googlequicksearchbox/com.google.android.apps.gsa.googlequicksearchbox.GelStubAppWatcher
04-22 11:31:37.746  1635  1775 W BroadcastQueue: Background execution not allowed: receiving Intent { act=android.intent.action.PACKAGE_ADDED dat=package:com.google.location.nearby.apps.connectedcrossroad flg=0x4000010 (has extras) } to com.facebook.katana/com.facebook.feed.platformads.AppInstallReceiver
04-22 11:31:37.746  1635  1775 W BroadcastQueue: Background execution not allowed: receiving Intent { act=android.intent.action.PACKAGE_ADDED dat=package:com.google.location.nearby.apps.connectedcrossroad flg=0x4000010 (has extras) } to com.jaga.ibraceletplus.smartwristband3/com.yc.pedometer.keepalive.KeepAliveReceiver
04-22 11:31:37.746  1635  1775 W BroadcastQueue: Background execution not allowed: receiving Intent { act=android.intent.action.PACKAGE_ADDED dat=package:com.google.location.nearby.apps.connectedcrossroad flg=0x4000010 (has extras) } to com.microsoft.appmanager/.receiver.InstallUninstallReceiver
04-22 11:31:37.746  1635  1775 W BroadcastQueue: Background execution not allowed: receiving Intent { act=android.intent.action.PACKAGE_ADDED dat=package:com.google.location.nearby.apps.connectedcrossroad flg=0x4000010 (has extras) } to com.microsoft.appmanager/com.microsoft.mmx.continuity.receiver.InstallUninstallReceiver
04-22 11:31:37.746  1635  1775 W BroadcastQueue: Background execution not allowed: receiving Intent { act=android.intent.action.PACKAGE_ADDED dat=package:com.google.location.nearby.apps.connectedcrossroad flg=0x4000010 (has extras) } to com.microsoft.emmx/com.microsoft.mmx.continuity.receiver.InstallUninstallReceiver
04-22 11:31:37.790  1635  1776 W ActivityManager: Slow operation: 65ms so far, now at startProcess: returned from zygote!
04-22 11:31:37.794  1635  1776 W ActivityManager: Slow operation: 69ms so far, now at startProcess: done updating battery stats
04-22 11:31:37.794  1635  1776 W ActivityManager: Slow operation: 69ms so far, now at startProcess: building log message
04-22 11:31:37.794  1635  1776 I ActivityManager: Start proc 20794:com.google.location.nearby.apps.connectedcrossroad/u0a333 for pre-top-activity {com.google.location.nearby.apps.connectedcrossroad/nx.aodv.eval.MainActivity}
04-22 11:31:37.794  1635  1776 W ActivityManager: Slow operation: 69ms so far, now at startProcess: starting to update pids map
04-22 11:31:37.795  1635  1776 W ActivityManager: Slow operation: 71ms so far, now at startProcess: done updating pids map
04-22 11:31:37.931  1635  4612 W BroadcastQueue: Background execution not allowed: receiving Intent { act=android.intent.action.PACKAGE_REPLACED dat=package:com.google.location.nearby.apps.connectedcrossroad flg=0x4000010 (has extras) } to com.google.android.gms/.gass.chimera.PackageChangeBroadcastReceiver
04-22 11:31:37.933  1635  1775 W BroadcastQueue: Background execution not allowed: receiving Intent { act=android.intent.action.PACKAGE_REPLACED dat=package:com.google.location.nearby.apps.connectedcrossroad flg=0x4000010 (has extras) } to com.google.android.gms/.chimera.GmsIntentOperationService$PersistentTrustedReceiver
04-22 11:31:37.933  1635  1775 W BroadcastQueue: Background execution not allowed: receiving Intent { act=android.intent.action.PACKAGE_REPLACED dat=package:com.google.location.nearby.apps.connectedcrossroad flg=0x4000010 (has extras) } to com.google.android.googlequicksearchbox/com.google.android.apps.gsa.googlequicksearchbox.GelStubAppWatcher
04-22 11:31:37.933  1635  1775 W BroadcastQueue: Background execution not allowed: receiving Intent { act=android.intent.action.PACKAGE_REPLACED dat=package:com.google.location.nearby.apps.connectedcrossroad flg=0x4000010 (has extras) } to com.infonow.bofa/com.bofa.ecom.marvel.application.BofaPackageUpdateReceiver
04-22 11:31:37.933  1635  1775 W BroadcastQueue: Background execution not allowed: receiving Intent { act=android.intent.action.PACKAGE_REPLACED dat=package:com.google.location.nearby.apps.connectedcrossroad flg=0x4000010 (has extras) } to com.microsoft.appmanager/com.microsoft.mmx.continuity.receiver.InstallUninstallReceiver
04-22 11:31:37.933  1635  1775 W BroadcastQueue: Background execution not allowed: receiving Intent { act=android.intent.action.PACKAGE_REPLACED dat=package:com.google.location.nearby.apps.connectedcrossroad flg=0x4000010 (has extras) } to com.microsoft.emmx/com.microsoft.mmx.continuity.receiver.InstallUninstallReceiver
04-22 11:31:37.933  1635  1775 W BroadcastQueue: Background execution not allowed: receiving Intent { act=android.intent.action.PACKAGE_REPLACED dat=package:com.google.location.nearby.apps.connectedcrossroad flg=0x4000010 (has extras) } to steptracker.healthandfitness.walkingtracker.pedometer/com.drojian.stepcounter.receiver.PedometerReceiver
04-22 11:31:37.933  1635  1775 W BroadcastQueue: Background execution not allowed: receiving Intent { act=android.intent.action.PACKAGE_REPLACED dat=package:com.google.location.nearby.apps.connectedcrossroad flg=0x4000010 (has extras) } to steptracker.healthandfitness.walkingtracker.pedometer/com.drojian.servicekeeper.receiver.BootReceiver
04-22 11:31:38.014  1635  1752 W Looper  : Slow delivery took 262ms android.fg h=android.os.Handler c=<recycled PooledLambda@ef2a288> m=0
04-22 11:31:38.014  1635  1752 W Looper  : Slow dispatch took 101ms android.fg h=android.os.Handler c=<recycled PooledLambda@ef2a288> m=0
04-22 11:31:38.161  1635  1752 W Looper  : Slow dispatch took 147ms android.fg h=android.os.Handler c=<recycled PooledLambda@5374f7c> m=0
04-22 11:31:38.319  1635  2884 W NetworkPolicy: shared quota unsupported; generating rule for each iface
04-22 11:31:38.348  1635  1752 W Looper  : Slow dispatch took 115ms android.fg h=android.os.Handler c=<recycled PooledLambda@d53837> m=0
04-22 11:31:38.470  1635  3048 D CompatibilityChangeReporter: Compat change id reported: 136274596; UID 10333; state: DISABLED
04-22 11:31:38.520  1635  1752 W Looper  : Slow dispatch took 109ms android.fg h=android.os.Handler c=<recycled PooledLambda@a2b9f7e> m=0
04-22 11:31:38.630  1635  1752 W Looper  : Slow dispatch took 110ms android.fg h=android.os.Handler c=<recycled PooledLambda@d21a6c1> m=0
04-22 11:31:39.175  1635  2884 W NetworkPolicy: shared quota unsupported; generating rule for each iface
04-22 11:31:39.242  1635  1752 W Looper  : Drained
04-22 11:31:39.341  1635  2884 W NetworkPolicy: shared quota unsupported; generating rule for each iface
04-22 11:31:39.437  1635  2884 I chatty  : uid=1000(system) NetworkPolicy identical 1 line
04-22 11:31:39.811  1635  2884 W NetworkPolicy: shared quota unsupported; generating rule for each iface
04-22 11:31:39.921  1635  9801 E SystemServiceRegistry: Manager wrapper not available: face
04-22 11:31:39.922  1635  1775 I DropBoxManagerService: add tag=system_server_wtf isTagEnabled=true flags=0x2
04-22 11:31:39.922  1635  9801 I StatsPullAtomService: No runtime appop access message collected
04-22 11:31:40.018  1635  4612 W SettingsStatsUtil: Can not parse value to float: gps,network
04-22 11:31:40.595  1635  2891 D ConnectivityService: NetReassign [no changes]
04-22 11:31:41.939  1635  1775 W BroadcastQueue: Background execution not allowed: receiving Intent { act=android.intent.action.DROPBOX_ENTRY_ADDED flg=0x10 (has extras) } to com.google.android.gms/.stats.service.DropBoxEntryAddedReceiver
04-22 11:31:41.939  1635  1775 W BroadcastQueue: Background execution not allowed: receiving Intent { act=android.intent.action.DROPBOX_ENTRY_ADDED flg=0x10 (has extras) } to com.google.android.gms/.chimera.GmsIntentOperationService$PersistentTrustedReceiver
04-22 11:31:43.614  1635  2891 D ConnectivityService: NetReassign [no changes]
04-22 11:32:17.013  1635  2891 I chatty  : uid=1000(system) ConnectivitySer identical 11 lines
04-22 11:32:20.028  1635  2891 D ConnectivityService: NetReassign [no changes]
04-22 11:32:20.441  1635  2884 W NetworkPolicy: shared quota unsupported; generating rule for each iface
04-22 11:32:23.058  1635  2891 D ConnectivityService: NetReassign [no changes]
04-22 11:32:26.075  1635  2891 D ConnectivityService: NetReassign [no changes]
04-22 11:32:27.359  1635  1635 D BluetoothManagerService: Bluetooth Adapter name changed to IlVWWUNbye0AAAAAAAAAATE
04-22 11:32:27.360  1635  1635 D BluetoothManagerService: Stored Bluetooth name: IlVWWUNbye0AAAAAAAAAATE
04-22 11:32:27.696  1635  2893 D NsdService: Register service
04-22 11:32:27.696  1635  2893 D NsdService: registerService: 23 name: IlVWWUNbye0AAA, type: _5BC9ED5E6C75._tcp, host: null, port: 38969, txtRecord: n=MQIPv4=192.168.1.17
04-22 11:32:27.697  1635  2893 D NsdService: mdnssd [register, 23, IlVWWUNbye0AAA, _5BC9ED5E6C75._tcp, 38969, BG49TVERSVB2ND0xOTIuMTY4LjEuMTc=]
04-22 11:32:27.699  1635  2893 D NsdService: Register 23 23
04-22 11:32:28.078  2979  2979 V DeadZone: consuming errant click: (59.0,0.0)
04-22 11:32:28.078  2979  2979 V DeadZone: consuming errant click: (59.0,0.0)
04-22 11:32:28.366  1635  2893 D NsdService: Native daemon message SERVICE_REGISTERED: 606 23 "IlVWWUNbye0AAA"
04-22 11:32:28.373  1635  4612 E AppOps  : attributionTag com.google.android.gms.nearby not declared in manifest of com.google.location.nearby.apps.connectedcrossroad
04-22 11:32:29.086  1635  2891 D ConnectivityService: NetReassign [no changes]
04-22 11:32:32.109  1635  2891 D ConnectivityService: NetReassign [no changes]
04-22 11:32:33.426  2979  2979 V DeadZone: consuming errant click: (1009.0,24.0)
04-22 11:32:33.427  2979  2979 V DeadZone: consuming errant click: (1009.0,24.0)
04-22 11:32:35.137  1635  2891 D ConnectivityService: NetReassign [no changes]
04-22 11:32:38.156  1635  2891 I chatty  : uid=1000(system) ConnectivitySer identical 1 line
04-22 11:32:41.178  1635  2891 D ConnectivityService: NetReassign [no changes]
04-22 11:32:43.964  1635  1775 I ActivityManager: Waited long enough for: ServiceRecord{ddaed5f u0 com.google.android.googlequicksearchbox/com.google.android.apps.gsa.shared.util.keepalive.StandaloneKeepAlive$KeepAliveService}
04-22 11:32:44.202  1635  2891 D ConnectivityService: NetReassign [no changes]
04-22 11:33:14.433  1635  2891 I chatty  : uid=1000(system) ConnectivitySer identical 10 lines
04-22 11:33:17.457  1635  2891 D ConnectivityService: NetReassign [no changes]
04-22 11:33:17.906  1635  1713 I ActivityManager: Force stopping com.google.location.nearby.apps.connectedcrossroad appid=10333 user=0: from pid 21051
04-22 11:33:17.907  1635  1713 I ActivityManager: Killing 20794:com.google.location.nearby.apps.connectedcrossroad/u0a333 (adj 0): stop com.google.location.nearby.apps.connectedcrossroad due to from pid 21051
04-22 11:33:17.911  1635  1713 W ActivityTaskManager: Force removing ActivityRecord{1c8766c u0 com.google.location.nearby.apps.connectedcrossroad/nx.aodv.eval.MainActivity t8102 f}}: app died, no saved state
04-22 11:33:17.947  1635  1775 W BroadcastQueue: Background execution not allowed: receiving Intent { act=android.intent.action.PACKAGE_RESTARTED dat=package:com.google.location.nearby.apps.connectedcrossroad flg=0x10 (has extras) } to steptracker.healthandfitness.walkingtracker.pedometer/com.drojian.stepcounter.receiver.PedometerReceiver
04-22 11:33:17.952  1635  1775 W BroadcastQueue: Background execution not allowed: receiving Intent { act=android.intent.action.PACKAGE_RESTARTED dat=package:com.google.location.nearby.apps.connectedcrossroad flg=0x10 (has extras) } to steptracker.healthandfitness.walkingtracker.pedometer/com.drojian.servicekeeper.receiver.BootReceiver
04-22 11:33:17.965  1635  6941 D AutofillSession: handling death of Token{19ad6be ActivityRecord{1c8766c u0 com.google.location.nearby.apps.connectedcrossroad/nx.aodv.eval.MainActivity t-1 f}}} when saving=false
04-22 11:33:17.967  1635  1756 W ActivityManager: setHasOverlayUi called on unknown pid: 20794
04-22 11:33:20.481  1635  2891 D ConnectivityService: NetReassign [no changes]
04-22 11:33:21.280  1635  2893 D NsdService: unregister service
04-22 11:33:21.280  1635  2893 D NsdService: mdnssd [stop-register, 23]
04-22 11:33:21.287  1635  1635 D BluetoothManagerService: Bluetooth Adapter name changed to Pixel 3a XL
04-22 11:33:21.287  1635  1635 D BluetoothManagerService: Stored Bluetooth name: Pixel 3a XL
04-22 11:33:23.510  1635  2891 D ConnectivityService: NetReassign [no changes]
04-22 11:33:29.586  1635  2891 I chatty  : uid=1000(system) ConnectivitySer identical 2 lines
04-22 11:33:32.610  1635  2891 D ConnectivityService: NetReassign [no changes]
04-22 11:33:34.091  1635  1878 I PackageManager: Integrity check passed for file:///data/app/vmdl707016713.tmp
04-22 11:33:34.114  1635  1878 I PackageManager: Update package com.google.location.nearby.apps.connectedcrossroad code path from /data/app/~~VEkBHSsN7UMnwx7fUtw-aA==/com.google.location.nearby.apps.connectedcrossroad-fozoWhi-BQyrhPIJQivipA== to /data/app/~~G-vBGIzw-wV4IoiaqVC5ZA==/com.google.location.nearby.apps.connectedcrossroad-vrK4aPw9B4ZauSSe0QaAUQ==; Retain data and using new
04-22 11:33:34.114  1635  1878 I PackageManager: Update package com.google.location.nearby.apps.connectedcrossroad resource path from /data/app/~~VEkBHSsN7UMnwx7fUtw-aA==/com.google.location.nearby.apps.connectedcrossroad-fozoWhi-BQyrhPIJQivipA== to /data/app/~~G-vBGIzw-wV4IoiaqVC5ZA==/com.google.location.nearby.apps.connectedcrossroad-vrK4aPw9B4ZauSSe0QaAUQ==; Retain data and using new
04-22 11:33:34.129  1635  1878 D CompatibilityChangeReporter: Compat change id reported: 135549675; UID 10333; state: DISABLED
04-22 11:33:34.294  1635  1775 W BroadcastQueue: Background execution not allowed: receiving Intent { act=android.intent.action.PACKAGE_REMOVED dat=package:com.google.location.nearby.apps.connectedcrossroad flg=0x4000010 (has extras) } to com.android.vending/com.google.android.finsky.packagemanager.impl.PackageMonitorReceiverImpl$RegisteredReceiver
04-22 11:33:34.295  1635  1775 W BroadcastQueue: Background execution not allowed: receiving Intent { act=android.intent.action.PACKAGE_REMOVED dat=package:com.google.location.nearby.apps.connectedcrossroad flg=0x4000010 (has extras) } to com.android.vending/com.google.android.finsky.instantapps.appmanagement.InstantAppRemoveMonitor
04-22 11:33:34.295  1635  1775 W BroadcastQueue: Background execution not allowed: receiving Intent { act=android.intent.action.PACKAGE_REMOVED dat=package:com.google.location.nearby.apps.connectedcrossroad flg=0x4000010 (has extras) } to com.google.android.gms/.games.chimera.GamesSystemBroadcastReceiverProxy
04-22 11:33:34.295  1635  1775 W BroadcastQueue: Background execution not allowed: receiving Intent { act=android.intent.action.PACKAGE_REMOVED dat=package:com.google.location.nearby.apps.connectedcrossroad flg=0x4000010 (has extras) } to com.google.android.gms/.chimera.GmsIntentOperationService$PersistentTrustedReceiver
04-22 11:33:34.295  1635  1775 W BroadcastQueue: Background execution not allowed: receiving Intent { act=android.intent.action.PACKAGE_REMOVED dat=package:com.google.location.nearby.apps.connectedcrossroad flg=0x4000010 (has extras) } to com.google.android.googlequicksearchbox/com.google.android.apps.gsa.googlequicksearchbox.GelStubAppWatcher
