04-22 11:33:23.784  1749  1781 W BroadcastQueue: Background execution not allowed: receiving Intent { act=android.intent.action.PACKAGE_REMOVED dat=package:com.google.location.nearby.apps.connectedcrossroad flg=0x4000010 (has extras) } to com.google.android.googlequicksearchbox/com.google.android.apps.gsa.googlequicksearchbox.GelStubAppWatcher
04-22 11:33:23.785  1749  1781 W BroadcastQueue: Background execution not allowed: receiving Intent { act=android.intent.action.PACKAGE_REMOVED dat=package:com.google.location.nearby.apps.connectedcrossroad flg=0x4000010 (has extras) } to com.verizon.loginengine.unbranded/com.verizon.vzwavs.AVSSystemReceiver
04-22 11:33:23.785  1749  1781 W BroadcastQueue: Background execution not allowed: receiving Intent { act=android.intent.action.PACKAGE_REMOVED dat=package:com.google.location.nearby.apps.connectedcrossroad flg=0x4000010 (has extras) } to com.google.android.apps.magazines/com.google.android.libraries.social.peoplekit.thirdparty.viewcontrollers.ThirdPartyReceiver
04-22 11:33:23.785  1749  1781 W BroadcastQueue: Background execution not allowed: receiving Intent { act=android.intent.action.PACKAGE_ADDED dat=package:com.google.location.nearby.apps.connectedcrossroad flg=0x4000010 (has extras) } to com.google.android.packageinstaller/com.android.packageinstaller.PackageInstalledReceiver
04-22 11:33:23.787  1749  1781 W BroadcastQueue: Background execution not allowed: receiving Intent { act=android.intent.action.PACKAGE_ADDED dat=package:com.google.location.nearby.apps.connectedcrossroad flg=0x4000010 (has extras) } to com.android.vending/com.google.android.finsky.packagemanager.impl.PackageMonitorReceiverImpl$RegisteredReceiver
04-22 11:33:23.788  1749  1781 W BroadcastQueue: Background execution not allowed: receiving Intent { act=android.intent.action.PACKAGE_ADDED dat=package:com.google.location.nearby.apps.connectedcrossroad flg=0x4000010 (has extras) } to com.facebook.appmanager/com.facebook.oxygen.common.packages.event.manifest.ManifestPackageEventReceiver
04-22 11:33:23.788  1749  1781 W BroadcastQueue: Background execution not allowed: receiving Intent { act=android.intent.action.PACKAGE_ADDED dat=package:com.google.location.nearby.apps.connectedcrossroad flg=0x4000010 (has extras) } to com.google.android.gms/.games.chimera.GamesSystemBroadcastReceiverProxy
04-22 11:33:23.788  1749  1781 W BroadcastQueue: Background execution not allowed: receiving Intent { act=android.intent.action.PACKAGE_ADDED dat=package:com.google.location.nearby.apps.connectedcrossroad flg=0x4000010 (has extras) } to com.google.android.gms/.gass.chimera.PackageChangeBroadcastReceiver
04-22 11:33:23.788  1749  1781 W BroadcastQueue: Background execution not allowed: receiving Intent { act=android.intent.action.PACKAGE_ADDED dat=package:com.google.location.nearby.apps.connectedcrossroad flg=0x4000010 (has extras) } to com.google.android.gms/.chimera.GmsIntentOperationService$PersistentTrustedReceiver
04-22 11:33:23.788  1749  1781 W BroadcastQueue: Background execution not allowed: receiving Intent { act=android.intent.action.PACKAGE_ADDED dat=package:com.google.location.nearby.apps.connectedcrossroad flg=0x4000010 (has extras) } to com.google.android.googlequicksearchbox/com.google.android.apps.gsa.googlequicksearchbox.GelStubAppWatcher
04-22 11:33:23.788  1749  1781 W BroadcastQueue: Background execution not allowed: receiving Intent { act=android.intent.action.PACKAGE_ADDED dat=package:com.google.location.nearby.apps.connectedcrossroad flg=0x4000010 (has extras) } to com.google.android.ims/.receivers.RcsAutoStartReceiver
04-22 11:33:23.800  1749  8013 W BroadcastQueue: Background execution not allowed: receiving Intent { act=android.intent.action.PACKAGE_ADDED dat=package:com.google.location.nearby.apps.connectedcrossroad flg=0x4000010 (has extras) } to com.verizon.loginengine.unbranded/com.verizon.vzwavs.AVSSystemReceiver
04-22 11:33:23.936  1749  1749 I TelecomService: DefaultDialerCache: Refreshing default dialer for user 0: now com.google.android.dialer: DDC.oR@Auw
04-22 11:33:23.955  1749  1749 V BackupManagerConstants: getFullBackupIntervalMilliseconds(...) returns 86400000
04-22 11:33:23.955  1749  1749 V BackupManagerConstants: getFullBackupRequiredNetworkType(...) returns 2
04-22 11:33:23.955  1749  1749 V BackupManagerConstants: getFullBackupRequireCharging(...) returns true
04-22 11:33:23.965  1749  1749 W Looper  : Slow delivery took 210ms main h=android.app.ActivityThread$H c=android.app.-$$Lambda$LoadedApk$ReceiverDispatcher$Args$_BumDX2UKsnxLVrE6UJsJZkotuA@fb5499c m=0
04-22 11:33:23.998  1749  1749 W Looper  : Drained
04-22 11:33:24.032  1749  1769 W Looper  : Slow delivery took 202ms android.fg h=android.os.Handler c=<recycled PooledLambda@ae66965> m=0
04-22 11:33:24.038  1749  5874 W BroadcastQueue: Background execution not allowed: receiving Intent { act=android.intent.action.PACKAGE_REPLACED dat=package:com.google.location.nearby.apps.connectedcrossroad flg=0x4000010 (has extras) } to com.facebook.appmanager/com.facebook.oxygen.common.packages.event.manifest.ManifestPackageEventReceiver
04-22 11:33:24.039  1749  1781 W BroadcastQueue: Background execution not allowed: receiving Intent { act=android.intent.action.PACKAGE_REPLACED dat=package:com.google.location.nearby.apps.connectedcrossroad flg=0x4000010 (has extras) } to com.google.android.apps.photos/.account.full.FetchAccountPropertiesAppUpgradeBroadcastReceiver
04-22 11:33:24.041  1749  1781 W BroadcastQueue: Background execution not allowed: receiving Intent { act=android.intent.action.PACKAGE_REPLACED dat=package:com.google.location.nearby.apps.connectedcrossroad flg=0x4000010 (has extras) } to com.google.android.apps.photos/.account.full.SyncAccountsForLoginBroadcastReceiver
04-22 11:33:24.041  1749  1781 W BroadcastQueue: Background execution not allowed: receiving Intent { act=android.intent.action.PACKAGE_REPLACED dat=package:com.google.location.nearby.apps.connectedcrossroad flg=0x4000010 (has extras) } to com.google.android.apps.photos/.notificationchannels.AppUpdateBroadcastReceiver
04-22 11:33:24.041  1749  1781 W BroadcastQueue: Background execution not allowed: receiving Intent { act=android.intent.action.PACKAGE_REPLACED dat=package:com.google.location.nearby.apps.connectedcrossroad flg=0x4000010 (has extras) } to com.google.android.gms/.gass.chimera.PackageChangeBroadcastReceiver
04-22 11:33:24.041  1749  1781 W BroadcastQueue: Background execution not allowed: receiving Intent { act=android.intent.action.PACKAGE_REPLACED dat=package:com.google.location.nearby.apps.connectedcrossroad flg=0x4000010 (has extras) } to com.google.android.gms/.chimera.GmsIntentOperationService$PersistentTrustedReceiver
04-22 11:33:24.042  1749  1781 W BroadcastQueue: Background execution not allowed: receiving Intent { act=android.intent.action.PACKAGE_REPLACED dat=package:com.google.location.nearby.apps.connectedcrossroad flg=0x4000010 (has extras) } to com.google.android.googlequicksearchbox/com.google.android.apps.gsa.googlequicksearchbox.GelStubAppWatcher
04-22 11:33:24.042  1749  1781 W BroadcastQueue: Background execution not allowed: receiving Intent { act=android.intent.action.PACKAGE_REPLACED dat=package:com.google.location.nearby.apps.connectedcrossroad flg=0x4000010 (has extras) } to com.google.android.ims/.receivers.RcsAutoStartReceiver
04-22 11:33:24.042  1749  1781 W BroadcastQueue: Background execution not allowed: receiving Intent { act=android.intent.action.PACKAGE_REPLACED dat=package:com.google.location.nearby.apps.connectedcrossroad flg=0x4000010 (has extras) } to com.motorola.ccc.notification/.gcm.GCMAdminReceiver
04-22 11:33:24.044  1749  1781 W BroadcastQueue: Background execution not allowed: receiving Intent { act=android.intent.action.PACKAGE_REPLACED dat=package:com.google.location.nearby.apps.connectedcrossroad flg=0x4000010 (has extras) } to com.verizon.loginengine.unbranded/com.verizon.vzwavs.AVSSystemReceiver
04-22 11:33:24.397  1749 10173 I ActivityTaskManager: START u0 {act=android.intent.action.MAIN cat=[android.intent.category.LAUNCHER] flg=0x10000000 cmp=com.google.location.nearby.apps.connectedcrossroad/nx.aodv.eval.MainActivity} from uid 2000
04-22 11:33:24.397  1749 10173 D ActivityTaskManager: getPreferredLaunchDisplay usersetdisplayid -1 current displayId 0 paramspreferid 0
04-22 11:33:24.397  1749 10173 D ActivityTaskManager: getPreferredLaunchDisplay usersetdisplayid -1 current displayId 0 paramspreferid 0
04-22 11:33:24.400  1749 10173 D ActivityTaskManager: getPreferredLaunchDisplay usersetdisplayid 0 current displayId 0 paramspreferid 0
04-22 11:33:24.418  1749  1749 V SettingsProvider: Notifying for 0: content://settings/secure/reminder_exp_learning_time_elapsed
04-22 11:33:24.423  1749  1769 W Looper  : Drained
04-22 11:33:24.430  1749  1782 I ActivityManager: Start proc 14927:com.google.location.nearby.apps.connectedcrossroad/u0a216 for activity {com.google.location.nearby.apps.connectedcrossroad/nx.aodv.eval.MainActivity}
04-22 11:33:24.431  1749  1773 V WindowManager: Changing focus from Window{733e816 u0 com.motorola.launcher3/com.android.launcher3.CustomizationPanelLauncher} to null displayId=0
04-22 11:33:24.486  1749  1773 I WindowManager:   SURFACE show Surface(name=Splash Screen com.google.location.nearby.apps.connectedcrossroad)/@0x972f1dd on display:0: Splash Screen com.google.location.nearby.apps.connectedcrossroad
04-22 11:33:24.788  1749  5874 I WindowManager: Window drawn AppWindowToken{7a5d47e token=Token{e022639 ActivityRecord{9980e00 u0 com.motorola.launcher3/com.android.launcher3.CustomizationPanelLauncher t3}}}
04-22 11:33:25.114  1749  5874 V WindowManager: Changing focus from null to Window{6118c67 u0 com.google.location.nearby.apps.connectedcrossroad/nx.aodv.eval.MainActivity} displayId=0
04-22 11:33:25.255  1749  1773 I LaunchCheckinHandler: Displayed com.google.location.nearby.apps.connectedcrossroad/nx.aodv.eval.MainActivity,cp,ca,843
04-22 11:33:25.255  1749  1773 I WindowManager: Window drawn AppWindowToken{b27a416 token=Token{ea19531 ActivityRecord{4947dd8 u0 com.google.location.nearby.apps.connectedcrossroad/nx.aodv.eval.MainActivity t50}}}
04-22 11:33:25.255  1749  1773 I WindowManager:   SURFACE show Surface(name=com.google.location.nearby.apps.connectedcrossroad/nx.aodv.eval.MainActivity)/@0xcea5a14 on display:0: com.google.location.nearby.apps.connectedcrossroad/nx.aodv.eval.MainActivity
04-22 11:33:31.230  1749  1773 I WindowManager:   SURFACE show Surface(name=InputMethod)/@0xdd24f6a on display:0: InputMethod
04-22 11:33:35.204  1749  3482 W ProcessStats: Tracking association SourceState{53fc1f0 com.google.android.gms.persistent/10158 ImpFg #93736} whose proc state 2 is better than process ProcessState{d084d42 com.google.android.gms/10158 pkg=com.google.android.gms} proc state 3 (13 skipped)
04-22 11:33:35.328  1749  1749 D BluetoothManagerService: Bluetooth Adapter name changed to IjhrM0Vbye0AAAAAAAAAATI
04-22 11:33:35.328  1749  1749 D BluetoothManagerService: Stored Bluetooth name: IjhrM0Vbye0AAAAAAAAAATI
04-22 11:33:35.328  1749  1749 V SettingsProvider: Notifying for 0: content://settings/secure/bluetooth_name
04-22 11:33:35.680  1749  2257 D NsdService: Register service
04-22 11:33:35.681  1749  2257 D NsdService: registerService: 30 name: IjhrM0Vbye0AAA, type: _5BC9ED5E6C75._tcp, host: null, port: 38095, txtRecord: n=MgIPv4=192.168.1.65
04-22 11:33:35.681  1749  2257 D NsdService: mdnssd [register, 30, IjhrM0Vbye0AAA, _5BC9ED5E6C75._tcp, 38095, BG49TWcRSVB2ND0xOTIuMTY4LjEuNjU=]
04-22 11:33:35.683  1749  2257 D NsdService: Register 30 30
04-22 11:33:36.077  1749  1773 I WindowManager:   SURFACE show Surface(name=InputMethod)/@0xb8eea59 on display:0: InputMethod
04-22 11:33:36.368  1749  2257 D NsdService: Native daemon message SERVICE_REGISTERED: 606 30 "IjhrM0Vbye0AAA"
04-22 11:33:39.851  1749  2054 D BatteryService: uevent={POWER_SUPPLY_DP_DM=0, POWER_SUPPLY_VOLTAGE_NOW=3738782, POWER_SUPPLY_SW_JEITA_ENABLED=0, POWER_SUPPLY_CHARGE_CONTROL_LIMIT_MAX=8, POWER_SUPPLY_RECHARGE_SOC=99, POWER_SUPPLY_HEALTH=Good, POWER_SUPPLY_TECHNOLOGY=Li-ion, POWER_SUPPLY_FCC_STEPPER_ENABLE=0, SEQNUM=625489, POWER_SUPPLY_INPUT_CURRENT_LIMITED=0, POWER_SUPPLY_CHARGE_CONTROL_LIMIT=0, POWER_SUPPLY_BATTERY_CHARGING_ENABLED=1, POWER_SUPPLY_STATUS=Discharging, POWER_SUPPLY_CYCLE_COUNT=1, POWER_SUPPLY_CURRENT_MAX=2000000, POWER_SUPPLY_CHARGE_TERM_CURRENT=-101, POWER_SUPPLY_CAPACITY=31, DEVPATH=/devices/platform/soc/200f000.qcom,spmi/spmi-0/spmi0-02/200f000.qcom,spmi:qcom,pmi632@2:qcom,qpnp-smb5/power_supply/battery, POWER_SUPPLY_CHARGE_DONE=0, POWER_SUPPLY_CHARGE_TYPE=N/A, POWER_SUPPLY_CHARGE_RATE=None, POWER_SUPPLY_CURRENT_NOW=-276184, POWER_SUPPLY_SYSTEM_TEMP_LEVEL=0, POWER_SUPPLY_PRESENT=1, POWER_SUPPLY_PARALLEL_DISABLE=0, POWER_SUPPLY_CHARGE_FULL=3615000, SUBSYSTEM=power_supply, POWER_SUPPLY_SET_SHIP_MODE=0, POWER_SUPPLY_TEMP=257, ACTION=change, POWER_SUPPLY_RERUN_AICL=0, POWER_SUPPLY_AGE=100, POWER_SUPPLY_NAME=battery, POWER_SUPPLY_VOLTAGE_MAX=-22, POWER_SUPPLY_CONSTANT_CHARGE_CURRENT_MAX=2000000, POWER_SUPPLY_CHARGE_COUNTER=1120650, POWER_SUPPLY_STEP_CHARGING_ENABLED=0, POWER_SUPPLY_NUM_SYSTEM_TEMP_LEVELS=8, POWER_SUPPLY_DIE_HEALTH=Hot, POWER_SUPPLY_INPUT_SUSPEND=0}
04-22 11:33:41.223  1749  1781 W BroadcastQueue: Background execution not allowed: receiving Intent { act=android.bluetooth.device.action.BOND_STATE_CHANGED flg=0x10 (has extras) } to com.google.android.gms/.chimera.GmsIntentOperationService$PersistentTrustedReceiver
04-22 11:33:41.224  1749  1781 W BroadcastQueue: Background execution not allowed: receiving Intent { act=android.bluetooth.device.action.BOND_STATE_CHANGED flg=0x10 (has extras) } to com.google.android.googlequicksearchbox/com.google.android.apps.gsa.broadcastreceiver.external.ExternalCommonBroadcastReceiver
04-22 11:33:41.389  1749  1781 W BroadcastQueue: Background execution not allowed: receiving Intent { act=android.bluetooth.device.action.BOND_STATE_CHANGED flg=0x10 (has extras) } to com.google.android.gms/.chimera.GmsIntentOperationService$PersistentTrustedReceiver
04-22 11:33:41.390  1749  1781 W BroadcastQueue: Background execution not allowed: receiving Intent { act=android.bluetooth.device.action.BOND_STATE_CHANGED flg=0x10 (has extras) } to com.google.android.googlequicksearchbox/com.google.android.apps.gsa.broadcastreceiver.external.ExternalCommonBroadcastReceiver
04-22 11:33:46.064  1749  1781 W BroadcastQueue: Background execution not allowed: receiving Intent { act=android.bluetooth.device.action.BOND_STATE_CHANGED flg=0x10 (has extras) } to com.google.android.gms/.chimera.GmsIntentOperationService$PersistentTrustedReceiver
04-22 11:33:46.067  1749  1781 W BroadcastQueue: Background execution not allowed: receiving Intent { act=android.bluetooth.device.action.BOND_STATE_CHANGED flg=0x10 (has extras) } to com.google.android.googlequicksearchbox/com.google.android.apps.gsa.broadcastreceiver.external.ExternalCommonBroadcastReceiver
04-22 11:33:46.071  1749  1781 W ProcessStats: Tracking association SourceState{ecff641 com.google.android.gms.persistent/10158 ImpFg #93880} whose proc state 2 is better than process ProcessState{d084d42 com.google.android.gms/10158 pkg=com.google.android.gms} proc state 3 (31 skipped)
04-22 11:33:46.274  1749  1781 W BroadcastQueue: Background execution not allowed: receiving Intent { act=android.bluetooth.device.action.BOND_STATE_CHANGED flg=0x10 (has extras) } to com.google.android.gms/.chimera.GmsIntentOperationService$PersistentTrustedReceiver
04-22 11:33:46.274  1749  1781 W BroadcastQueue: Background execution not allowed: receiving Intent { act=android.bluetooth.device.action.BOND_STATE_CHANGED flg=0x10 (has extras) } to com.google.android.googlequicksearchbox/com.google.android.apps.gsa.broadcastreceiver.external.ExternalCommonBroadcastReceiver
04-22 11:33:52.481  1749  1781 W BroadcastQueue: Background execution not allowed: receiving Intent { act=android.bluetooth.device.action.BOND_STATE_CHANGED flg=0x10 (has extras) } to com.google.android.gms/.chimera.GmsIntentOperationService$PersistentTrustedReceiver
04-22 11:33:52.481  1749  1781 W BroadcastQueue: Background execution not allowed: receiving Intent { act=android.bluetooth.device.action.BOND_STATE_CHANGED flg=0x10 (has extras) } to com.google.android.googlequicksearchbox/com.google.android.apps.gsa.broadcastreceiver.external.ExternalCommonBroadcastReceiver
--------- beginning of main
04-22 11:33:52.908  3398  3398 I GsaVoiceInteractionSrv: O received Intent { act=android.bluetooth.device.action.BOND_STATE_CHANGED flg=0x10 (has extras) }
04-22 11:33:52.909  2294  2363 I chatty  : uid=1002(bluetooth) BondStateMachin expire 11 lines
04-22 11:33:52.911  1749  1781 W BroadcastQueue: Background execution not allowed: receiving Intent { act=android.bluetooth.device.action.BOND_STATE_CHANGED flg=0x10 (has extras) } to com.google.android.gms/.chimera.GmsIntentOperationService$PersistentTrustedReceiver
04-22 11:33:52.911  2294  2614 I chatty  : uid=1002(bluetooth) btu message loo expire 124 lines
04-22 11:33:52.911  1749  1781 W BroadcastQueue: Background execution not allowed: receiving Intent { act=android.bluetooth.device.action.BOND_STATE_CHANGED flg=0x10 (has extras) } to com.google.android.googlequicksearchbox/com.google.android.apps.gsa.broadcastreceiver.external.ExternalCommonBroadcastReceiver
04-22 11:33:52.913  2294  2294 I chatty  : uid=1002(bluetooth) com.android.bluetooth expire 8 lines
04-22 11:33:52.918  2294 15093 I chatty  : uid=1002(bluetooth) com.android.bluetooth expire 2 lines
04-22 11:33:52.925  8057  8057 D MCLOG   : [MC_Service] onStartcommand()
04-22 11:33:52.928 21153 21380 I BistoWorker: bluetoothConnectionStateChanged. Action: android.bluetooth.device.action.BOND_STATE_CHANGED
04-22 11:33:52.930  2313  2395 W BluetoothEventManager: showUnbondMessage: Not displaying any message for reason: 9
04-22 11:33:52.931 21153 21380 I DeviceDetector: Not bonded or not refresh cache.
04-22 11:33:52.949 21460 21460 I chatty  : uid=10158 com.google.android.gms.persistent expire 9 lines
04-22 11:33:52.951 21460 15094 I chatty  : uid=10158(com.google.android.gms) lowpool[358] expire 2 lines
04-22 11:33:53.811     0     0 W swapper/0: type=1400 audit(0.0:2636): avc: denied { kill } for uid=0 capability=5 scontext=u:r:kernel:s0 tcontext=u:r:kernel:s0 tclass=capability permissive=0
04-22 11:33:54.541   728  2384 I netd    : trafficSwapActiveStatsMap() <37.39ms>
04-22 11:33:54.551   728  2384 I netd    : tetherGetStats() <4.90ms>
04-22 11:33:54.592  1749  1781 I ActivityManager: Waited long enough for: ServiceRecord{a1987cf u0 com.google.android.googlequicksearchbox/com.google.android.apps.gsa.shared.util.keepalive.StandaloneKeepAlive$KeepAliveService}
04-22 11:33:57.226 21460 14768 I chatty  : uid=10158(com.google.android.gms) highpool[509] expire 98 lines
04-22 11:33:57.228  2294  2675 I chatty  : uid=1002(bluetooth) Binder:2294_5 expire 3 lines
04-22 11:33:57.232  2294  2588 I chatty  : uid=1002(bluetooth) BluetoothScanMa expire 47 lines
04-22 11:33:57.233  2294 10674 I chatty  : uid=1002(bluetooth) Binder:2294_8 expire 21 lines
04-22 11:33:57.244  2294  2358 I chatty  : uid=1002(bluetooth) BT Service Call expire 138 lines
04-22 11:33:57.297 21460 15110 I chatty  : uid=10158 com.google.android.gms.persistent expire 46 lines
04-22 11:33:57.301 14927 14927 D connectedcrossroad: onEndpointFound: Connecting to -aIJ
04-22 11:33:57.302  2294 25465 I chatty  : uid=1002(bluetooth) Binder:2294_7 expire 14 lines
04-22 11:33:57.305  2294  2595 I chatty  : uid=1002(bluetooth) HwBinder:2294_1 expire 1 line
04-22 11:33:57.306  2294  2594 I chatty  : uid=1002(bluetooth) hci_thread expire 1 line
04-22 11:33:57.310 14927 14927 D connectedcrossroad: onEndpointFound: Connecting to VSF-
04-22 11:33:57.482 21460 21664 I chatty  : uid=10158(com.google.android.gms) NearbyMessages expire 4 lines
04-22 11:33:57.550 21460 15048 I chatty  : uid=10158 com.google.android.gms.persistent expire 55 lines
04-22 11:33:57.554 21460 14717 I chatty  : uid=10158 com.google.android.gms.persistent expire 11 lines
04-22 11:33:57.556 14927 14927 D connectedcrossroad: onEndpointFound: Connection request failure 8012: STATUS_ENDPOINT_IO_ERROR
04-22 11:33:57.557 14927 14927 D connectedcrossroad: onEndpointFound: Sending another connection request.
04-22 11:33:57.979  2313  2395 W BluetoothEventManager: AclStateChangedHandler: activeDevice is null
04-22 11:33:57.982  2294 15112 I chatty  : uid=1002(bluetooth) com.android.bluetooth expire 2 lines
04-22 11:33:57.989  8057  8057 D MCLOG   : [MC_Service] onStartcommand()
04-22 11:33:58.000 21153 21380 I BistoWorker: bluetoothConnectionStateChanged. Action: android.bluetooth.device.action.ACL_CONNECTED
04-22 11:33:58.002 21153 21380 I BistoWorker: Ignoring non-bonded action android.bluetooth.device.action.ACL_CONNECTED for device 63:E6:1C:A9:3D:CF
04-22 11:33:58.005 21153 21175 I earchbox:searc: Waiting for a blocking GC ProfileSaver
04-22 11:33:58.009 21460 15108 I chatty  : uid=10158(com.google.android.gms) lowpool[359] expire 3 lines
04-22 11:33:58.221 21153 21175 I earchbox:searc: WaitForGcToComplete blocked ProfileSaver on HeapTrim for 216.101ms
04-22 11:33:59.291   833 12353 E WifiHAL : Received LOG message with insufficent length: 24
04-22 11:33:59.291   833 12353 E WifiHAL : Received fatal event, sending alert
04-22 11:33:59.292  1749  2379 W WifiVendorHal: onDebugErrorAlert 4104
04-22 11:33:59.929  3398  3398 I BistoRealService: onStartCommand: 0 2 Intent { act=com.google.android.apps.gsa.broadcastreceiver.SETTINGS_CHANGED cmp=com.google.android.googlequicksearchbox/com.google.android.apps.gsa.staticplugins.bisto.BistoRealService (has extras) }
04-22 11:33:59.930  3398  3398 I BistoRealService: Intent handled internally
04-22 11:34:00.035  2313  2313 W View    : requestLayout() improperly called by com.android.systemui.statusbar.HeadsUpStatusBarView{e5b882e I.E...... ......ID 0,0-248,56 #7f0a01f7 app:id/heads_up_status_bar_view} during layout: running second layout pass
04-22 11:34:00.650  2997  3080 I VoiceInputManagerWrapper: VoiceInputManagerWrapper.shutdownVoiceInternal():94 shutdownVoiceInternal()
04-22 11:34:03.144 21460 21478 I chatty  : uid=10158(com.google.android.gms) Binder:21460_2 expire 20 lines
04-22 11:34:03.147  2294 15120 I chatty  : uid=1002(bluetooth) com.android.bluetooth expire 2 lines
04-22 11:34:03.217  1749  3453 I WifiService: enableTdls uid=10158 enable=true
04-22 11:34:03.220  1749   552 I WifiService: enableTdlsWithMacAddress uid=1000 enable=true
04-22 11:34:03.223 12349 12349 I wpa_supplicant: TDLS: Failed to send message (action_code=10)
04-22 11:34:03.223 12349 12349 I wpa_supplicant: StaIface: TDLS discover failed: -1
04-22 11:34:03.575 21153 21380 I BistoWorker: bluetoothConnectionStateChanged. Action: android.bluetooth.device.action.ACL_DISCONNECTED
04-22 11:34:03.576  8057  8057 D MCLOG   : [MC_Service] onStartcommand()
04-22 11:34:03.581 21153 21380 I DeviceDetector: Not bonded or not refresh cache.
04-22 11:34:03.582 21153 21380 I BistoWorker: Not a bisto device: CC:0D:F2:9B:B3:3E
04-22 11:34:03.687  2313  2395 D CachedBluetoothDevice: Device name: IlZTRi1bye0AAAAAAAAAATM
04-22 11:34:03.750  2313  2395 D CachedBluetoothDevice: Device name: IlFiSy1bye0AAAAAAAAAATE
04-22 11:34:03.814     0     0 W swapper/1: type=1400 audit(0.0:2637): avc: denied { kill } for uid=0 capability=5 scontext=u:r:kernel:s0 tcontext=u:r:kernel:s0 tclass=capability permissive=0
04-22 11:34:04.253   728  1298 D NetdFwmarkServer: Cmd 0: 0, 10158: UserP=3, fwmark=1F0065
04-22 11:34:04.261  1749  2240 I WifiService: enableTdls uid=10158 enable=true
04-22 11:34:04.264  1749   552 I WifiService: enableTdlsWithMacAddress uid=1000 enable=true
04-22 11:34:04.265 12349 12349 I wpa_supplicant: TDLS: Failed to send message (action_code=10)
04-22 11:34:04.265 12349 12349 I wpa_supplicant: StaIface: TDLS discover failed: -1
04-22 11:34:04.606  1749  3453 I WifiService: enableTdls uid=10158 enable=false
04-22 11:34:04.608  1749   552 I WifiService: enableTdlsWithMacAddress uid=1000 enable=false
04-22 11:34:04.615 14927 14927 D connectedcrossroad: onEndpointFound: Connecting to QbK-
04-22 11:34:04.704  2294  2311 I chatty  : uid=1002(bluetooth) Binder:2294_1 expire 12 lines
04-22 11:34:04.716 21460 10770 I chatty  : uid=10158(com.google.android.gms) Binder:21460_10 expire 25 lines
04-22 11:34:04.726  2294  2614 I chatty  : uid=1002(bluetooth) btu message loo expire 139 lines
04-22 11:34:05.241 21460 15049 I chatty  : uid=10158 com.google.android.gms.persistent expire 10 lines
04-22 11:34:05.571 21460 15111 I chatty  : uid=10158 com.google.android.gms.persistent expire 11 lines
04-22 11:34:05.576 14927 14927 D connectedcrossroad: onConnectionInitiated: Accepting connection
04-22 11:34:08.071  2294 15138 I chatty  : uid=1002(bluetooth) com.android.bluetooth expire 2 lines
04-22 11:34:08.125  2294 15139 I chatty  : uid=1002(bluetooth) com.android.bluetooth expire 2 lines
04-22 11:34:09.761  2294 25292 I chatty  : uid=1002(bluetooth) Binder:2294_6 expire 12 lines
04-22 11:34:09.784  1749  3453 I WifiService: enableTdls uid=10158 enable=true
04-22 11:34:09.786  1749   552 I WifiService: enableTdlsWithMacAddress uid=1000 enable=true
04-22 11:34:09.787 12349 12349 I wpa_supplicant: TDLS: Failed to send message (action_code=10)
04-22 11:34:09.787 12349 12349 I wpa_supplicant: StaIface: TDLS discover failed: -1
04-22 11:34:09.801  2294  2358 I chatty  : uid=1002(bluetooth) BT Service Call expire 93 lines
04-22 11:34:09.802  2294  2588 I chatty  : uid=1002(bluetooth) BluetoothScanMa expire 13 lines
04-22 11:34:10.557  3398  3398 I BistoRealService: requestDestroy
04-22 11:34:10.563  3398  3398 I BistoRealService: onDestroy
04-22 11:34:10.568  3398  3398 I BistoWiredManager: close
04-22 11:34:10.570  3398  3398 D BluetoothA2dp: Unbinding service...
04-22 11:34:10.575  3398  3398 I BistoClassicManager: close
04-22 11:34:12.604  3398  3398 D BluetoothA2dp: Binding service...
04-22 11:34:12.627  3398  3398 I BistoRealService: onStartCommand: 0 1 Intent { act=com.google.android.apps.gsa.broadcastreceiver.SETTINGS_CHANGED cmp=com.google.android.googlequicksearchbox/com.google.android.apps.gsa.staticplugins.bisto.BistoRealService (has extras) }
04-22 11:34:12.633  3398  3398 I BistoRealService: Intent handled internally
04-22 11:34:12.634  3398  3398 D BluetoothA2dp: Proxy object connected
04-22 11:34:12.872  2294 15147 I chatty  : uid=1002(bluetooth) com.android.bluetooth expire 2 lines
04-22 11:34:13.021   833 12353 E WifiHAL : Received fatal event, sending alert
04-22 11:34:13.023  1749  2379 W WifiVendorHal: onDebugErrorAlert 4104
04-22 11:34:13.413 12758 15150 I chatty  : uid=10158(com.google.android.gms) lowpool[3] expire 2 lines
04-22 11:34:13.814     0     0 W swapper/0: type=1400 audit(0.0:2638): avc: denied { kill } for uid=0 capability=5 scontext=u:r:kernel:s0 tcontext=u:r:kernel:s0 tclass=capability permissive=0
04-22 11:34:14.318 21460 15152 I chatty  : uid=10158 com.google.android.gms.persistent expire 55 lines
04-22 11:34:15.342  2313  2395 W BluetoothEventManager: AclStateChangedHandler: activeDevice is null
04-22 11:34:15.342  2294 15153 I chatty  : uid=1002(bluetooth) com.android.bluetooth expire 2 lines
04-22 11:34:15.372 21153 21380 I BistoWorker: bluetoothConnectionStateChanged. Action: android.bluetooth.device.action.ACL_DISCONNECTED
04-22 11:34:15.374  8057  8057 D MCLOG   : [MC_Service] onStartcommand()
04-22 11:34:15.376 21153 21380 I DeviceDetector: Not bonded or not refresh cache.
04-22 11:34:15.376 21153 21380 I BistoWorker: Not a bisto device: 63:E6:1C:A9:3D:CF
04-22 11:34:16.300 21460 15110 I chatty  : uid=10158 com.google.android.gms.persistent expire 5 lines
04-22 11:34:16.311 21460 22969 I chatty  : uid=10158(com.google.android.gms) Binder:21460_C expire 5 lines
04-22 11:34:16.322  2294 15159 I chatty  : uid=1002(bluetooth) com.android.bluetooth expire 2 lines
04-22 11:34:16.325  2294  2614 I chatty  : uid=1002(bluetooth) btu message loo expire 113 lines
04-22 11:34:16.325  2313  2395 W BluetoothEventManager: AclStateChangedHandler: activeDevice is null
04-22 11:34:16.341  8057  8057 D MCLOG   : [MC_Service] onStartcommand()
04-22 11:34:16.347 21153 21380 I BistoWorker: bluetoothConnectionStateChanged. Action: android.bluetooth.device.action.ACL_CONNECTED
04-22 11:34:16.348 21153 21380 I BistoWorker: Ignoring non-bonded action android.bluetooth.device.action.ACL_CONNECTED for device 5F:BE:E5:C8:49:5D
04-22 11:34:16.352 21460 14906 I chatty  : uid=10158 com.google.android.gms.persistent expire 1 line
04-22 11:34:18.349   812  1668 D NativeSensors: CapSensor:  mPendingEvent.distance=1.000000
04-22 11:34:18.368 21460 21645 I chatty  : uid=10158(com.google.android.gms) NearbyDiscovery expire 2 lines
04-22 11:34:18.593 14927 14927 D connectedcrossroad: data collect: burst start
04-22 11:34:18.594 14927 14927 V data    : Payload RX: 0
04-22 11:34:18.594 14927 14927 V data    : Payload TX: 0
04-22 11:34:18.594 14927 14927 V data    : Total RX: 0
04-22 11:34:18.594 14927 14927 V data    : Total TX: 0
04-22 11:34:18.594 14927 14927 D connectedcrossroad: sendMessage: Sent message
04-22 11:34:18.794 14927 15018 D connectedcrossroad: dataTxThread: Pulled AODV data from queue
04-22 11:34:19.297 14927 15018 D connectedcrossroad: dataTxThread: Pulled AODV data from queue
04-22 11:34:19.531   812  1668 D NativeSensors: CapSensor:  mPendingEvent.distance=0.000000
04-22 11:34:19.598 14927 14927 V data    : Payload RX: 0
04-22 11:34:19.598 14927 14927 V data    : Payload TX: 0
04-22 11:34:19.599 14927 14927 V data    : Total RX: 0
04-22 11:34:19.599 14927 14927 V data    : Total TX: 0
04-22 11:34:19.599 14927 14927 D connectedcrossroad: sendMessage: Sent message
04-22 11:34:19.798 14927 15018 D connectedcrossroad: dataTxThread: Pulled AODV data from queue
04-22 11:34:19.798 14927 15018 D connectedcrossroad: dataTxThread: Pulled AODV data from queue
04-22 11:34:20.300 14927 15018 D connectedcrossroad: dataTxThread: Pulled AODV data from queue
04-22 11:34:20.300 14927 15018 D connectedcrossroad: dataTxThread: Pulled AODV data from queue
04-22 11:34:20.605 14927 14927 V data    : Payload RX: 0
04-22 11:34:20.605 14927 14927 V data    : Payload TX: 0
04-22 11:34:20.605 14927 14927 V data    : Total RX: 0
04-22 11:34:20.606 14927 14927 V data    : Total TX: 0
04-22 11:34:20.606 14927 14927 D connectedcrossroad: sendMessage: Sent message
04-22 11:34:20.798 21460 15048 I chatty  : uid=10158 com.google.android.gms.persistent expire 39 lines
04-22 11:34:20.802 14927 15018 D connectedcrossroad: dataTxThread: Pulled AODV data from queue
04-22 11:34:20.802 14927 15018 I chatty  : uid=10216(com.google.location.nearby.apps.connectedcrossroad) identical 103 lines
04-22 11:34:20.803 14927 15018 D connectedcrossroad: dataTxThread: Pulled AODV data from queue
04-22 11:34:20.937 21460 15111 I chatty  : uid=10158 com.google.android.gms.persistent expire 34 lines
04-22 11:34:21.086 21460 21478 I chatty  : uid=10158(com.google.android.gms) Binder:21460_2 expire 10 lines
04-22 11:34:21.086 21460 10770 I chatty  : uid=10158(com.google.android.gms) Binder:21460_10 expire 24 lines
04-22 11:34:21.304 14927 15018 D connectedcrossroad: dataTxThread: Pulled AODV data from queue
04-22 11:34:21.304 14927 15018 D connectedcrossroad: dataTxThread: Pulled AODV data from queue
04-22 11:34:21.612 14927 14927 V data    : Payload RX: 0
04-22 11:34:21.612 14927 14927 V data    : Payload TX: 0
04-22 11:34:21.612 14927 14927 V data    : Total RX: 0
04-22 11:34:21.612 14927 14927 V data    : Total TX: 0
04-22 11:34:21.612 14927 14927 D connectedcrossroad: sendMessage: Sent message
04-22 11:34:21.617  2294  2358 I chatty  : uid=1002(bluetooth) BT Service Call expire 101 lines
04-22 11:34:21.805 14927 15018 D connectedcrossroad: dataTxThread: Pulled AODV data from queue
04-22 11:34:21.806 14927 15018 D connectedcrossroad: dataTxThread: Pulled AODV data from queue
04-22 11:34:22.308 14927 15018 D connectedcrossroad: dataTxThread: Pulled AODV data from queue
04-22 11:34:22.309 14927 15018 D connectedcrossroad: dataTxThread: Pulled AODV data from queue
04-22 11:34:22.618 14927 14927 V data    : Payload RX: 0
04-22 11:34:22.619 14927 14927 V data    : Payload TX: 0
04-22 11:34:22.619 14927 14927 V data    : Total RX: 0
04-22 11:34:22.619 14927 14927 V data    : Total TX: 0
04-22 11:34:22.619 14927 14927 D connectedcrossroad: sendMessage: Sent message
04-22 11:34:22.641 21460 14768 I chatty  : uid=10158(com.google.android.gms) highpool[509] expire 33 lines
04-22 11:34:22.649  2294 15172 I chatty  : uid=1002(bluetooth) com.android.bluetooth expire 2 lines
04-22 11:34:22.659  2294  2588 I chatty  : uid=1002(bluetooth) BluetoothScanMa expire 40 lines
04-22 11:34:22.699  1749  8013 I WifiService: enableTdls uid=10158 enable=true
04-22 11:34:22.703  1749   552 I WifiService: enableTdlsWithMacAddress uid=1000 enable=true
04-22 11:34:22.704 12349 12349 I wpa_supplicant: TDLS: Failed to send message (action_code=10)
04-22 11:34:22.704 12349 12349 I wpa_supplicant: StaIface: TDLS discover failed: -1
04-22 11:34:22.811 14927 15018 D connectedcrossroad: dataTxThread: Pulled AODV data from queue
04-22 11:34:22.812 14927 15018 D connectedcrossroad: dataTxThread: Pulled AODV data from queue
04-22 11:34:23.314 14927 15018 D connectedcrossroad: dataTxThread: Pulled AODV data from queue
04-22 11:34:23.315 14927 15018 D connectedcrossroad: dataTxThread: Pulled AODV data from queue
04-22 11:34:23.324   833 12353 E WifiHAL : Received fatal event, sending alert
04-22 11:34:23.325  1749 27554 W WifiVendorHal: onDebugErrorAlert 4104
04-22 11:34:23.376  2294  2311 I chatty  : uid=1002(bluetooth) Binder:2294_1 expire 10 lines
04-22 11:34:23.381  2313  2395 W BluetoothEventManager: AclStateChangedHandler: activeDevice is null
04-22 11:34:23.394  8057  8057 D MCLOG   : [MC_Service] onStartcommand()
04-22 11:34:23.404 21153 21380 I BistoWorker: bluetoothConnectionStateChanged. Action: android.bluetooth.device.action.ACL_DISCONNECTED
04-22 11:34:23.408 21153 21380 I DeviceDetector: Not bonded or not refresh cache.
04-22 11:34:23.408 21153 21380 I BistoWorker: Not a bisto device: 5F:BE:E5:C8:49:5D
04-22 11:34:23.626 14927 14927 V data    : Payload RX: 0
04-22 11:34:23.627 14927 14927 V data    : Payload TX: 0
04-22 11:34:23.627 14927 14927 V data    : Total RX: 0
04-22 11:34:23.627 14927 14927 V data    : Total TX: 0
04-22 11:34:23.627 14927 14927 D connectedcrossroad: sendMessage: Sent message
04-22 11:34:23.814     0     0 W swapper/1: type=1400 audit(0.0:2639): avc: denied { kill } for uid=0 capability=5 scontext=u:r:kernel:s0 tcontext=u:r:kernel:s0 tclass=capability permissive=0
04-22 11:34:23.819 14927 15018 D connectedcrossroad: dataTxThread: Pulled AODV data from queue
04-22 11:34:23.820 14927 15018 D connectedcrossroad: dataTxThread: Pulled AODV data from queue
04-22 11:34:24.053 21460 15183 I chatty  : uid=10158 com.google.android.gms.persistent expire 14 lines
04-22 11:34:24.058  2294 25465 I chatty  : uid=1002(bluetooth) Binder:2294_7 expire 10 lines
04-22 11:34:24.322 14927 15018 D connectedcrossroad: dataTxThread: Pulled AODV data from queue
04-22 11:34:24.323 14927 15018 D connectedcrossroad: dataTxThread: Pulled AODV data from queue
04-22 11:34:24.334 21460 15152 I chatty  : uid=10158 com.google.android.gms.persistent expire 41 lines
04-22 11:34:24.392  3398  3398 I BistoRealService: onStartCommand: 0 2 Intent { act=com.google.android.apps.gsa.broadcastreceiver.SETTINGS_CHANGED cmp=com.google.android.googlequicksearchbox/com.google.android.apps.gsa.staticplugins.bisto.BistoRealService (has extras) }
04-22 11:34:24.393  3398  3398 I BistoRealService: Intent handled internally
04-22 11:34:24.631 14927 14927 V data    : Payload RX: 0
04-22 11:34:24.631 14927 14927 V data    : Payload TX: 0
04-22 11:34:24.631 14927 14927 V data    : Total RX: 0
04-22 11:34:24.631 14927 14927 V data    : Total TX: 0
04-22 11:34:24.632 14927 14927 D connectedcrossroad: sendMessage: Sent message
04-22 11:34:24.826 14927 15018 D connectedcrossroad: dataTxThread: Pulled AODV data from queue
04-22 11:34:25.332 14927 15018 D connectedcrossroad: dataTxThread: Pulled AODV data from queue
04-22 11:34:25.635 14927 14927 V data    : Payload RX: 0
04-22 11:34:25.635 14927 14927 V data    : Payload TX: 0
04-22 11:34:25.635 14927 14927 V data    : Total RX: 0
04-22 11:34:25.635 14927 14927 V data    : Total TX: 0
04-22 11:34:25.635 14927 14927 D connectedcrossroad: sendMessage: Sent message
04-22 11:34:25.644   728  2384 I netd    : trafficSwapActiveStatsMap() <10.73ms>
04-22 11:34:25.654   728  2384 I netd    : tetherGetStats() <5.98ms>
04-22 11:34:25.685   728  2384 I netd    : bandwidthSetGlobalAlert(2097152) <0.74ms>
04-22 11:34:25.836 14927 15018 D connectedcrossroad: dataTxThread: Pulled AODV data from queue
04-22 11:34:25.838 14927 15018 D connectedcrossroad: dataTxThread: Pulled AODV data from queue
04-22 11:34:26.341 14927 15018 D connectedcrossroad: dataTxThread: Pulled AODV data from queue
04-22 11:34:26.342 14927 15018 D connectedcrossroad: dataTxThread: Pulled AODV data from queue
04-22 11:34:26.577   728  2384 I netd    : trafficSwapActiveStatsMap() <16.96ms>
04-22 11:34:26.582   728  2384 I netd    : tetherGetStats() <2.55ms>
04-22 11:34:26.639 14927 14927 V data    : Payload RX: 0
04-22 11:34:26.639 14927 14927 V data    : Payload TX: 0
04-22 11:34:26.639 14927 14927 V data    : Total RX: 0
04-22 11:34:26.639 14927 14927 V data    : Total TX: 0
04-22 11:34:26.639 14927 14927 D connectedcrossroad: sendMessage: Sent message
04-22 11:34:26.844 14927 15018 D connectedcrossroad: dataTxThread: Pulled AODV data from queue
04-22 11:34:26.846 14927 15018 D connectedcrossroad: dataTxThread: Pulled AODV data from queue
04-22 11:34:27.298  2508  2508 D QtiCarrierConfigHelper: WARNING, no carrier configs on phone Id: 0
04-22 11:34:27.349 14927 15018 D connectedcrossroad: dataTxThread: Pulled AODV data from queue
04-22 11:34:27.350 14927 15018 D connectedcrossroad: dataTxThread: Pulled AODV data from queue
04-22 11:34:27.642 14927 14927 V data    : Payload RX: 0
04-22 11:34:27.643 14927 14927 V data    : Payload TX: 0
04-22 11:34:27.643 14927 14927 V data    : Total RX: 0
04-22 11:34:27.643 14927 14927 V data    : Total TX: 0
04-22 11:34:27.643 14927 14927 D connectedcrossroad: sendMessage: Sent message
04-22 11:34:27.853 14927 15018 D connectedcrossroad: dataTxThread: Pulled AODV data from queue
04-22 11:34:28.359 14927 15018 D connectedcrossroad: dataTxThread: Pulled AODV data from queue
04-22 11:34:28.648 14927 14927 V data    : Payload RX: 0
04-22 11:34:28.649 14927 14927 V data    : Payload TX: 0
04-22 11:34:28.649 14927 14927 V data    : Total RX: 0
04-22 11:34:28.649 14927 14927 V data    : Total TX: 0
04-22 11:34:28.649 14927 14927 D connectedcrossroad: sendMessage: Sent message
04-22 11:34:28.836 24881 29231 I chatty  : uid=10158(com.google.android.gms) lowpool[28] expire 7 lines
04-22 11:34:28.861 14927 15018 D connectedcrossroad: dataTxThread: Pulled AODV data from queue
04-22 11:34:28.862 14927 15018 D connectedcrossroad: dataTxThread: Pulled AODV data from queue
04-22 11:34:29.093  1749  7481 I WifiService: enableTdls uid=10158 enable=true
04-22 11:34:29.098  1749   552 I WifiService: enableTdlsWithMacAddress uid=1000 enable=true
04-22 11:34:29.108 12349 12349 I wpa_supplicant: TDLS: Failed to send message (action_code=10)
04-22 11:34:29.108 12349 12349 I wpa_supplicant: StaIface: TDLS discover failed: -1
04-22 11:34:29.109 12349 12349 I wpa_supplicant: TDLS: Failed to send message (action_code=14)
04-22 11:34:29.116   728  1298 D NetdFwmarkServer: Cmd 0: 0, 10158: UserP=3, fwmark=1F0065
04-22 11:34:29.121  1749  7481 I WifiService: enableTdls uid=10158 enable=true
04-22 11:34:29.123  1749   552 I WifiService: enableTdlsWithMacAddress uid=1000 enable=true
04-22 11:34:29.124 12349 12349 I wpa_supplicant: TDLS: Failed to send message (action_code=10)
04-22 11:34:29.124 12349 12349 I wpa_supplicant: StaIface: TDLS discover failed: -1
04-22 11:34:29.132  2294  2614 I chatty  : uid=1002(bluetooth) btu message loo expire 21 lines
04-22 11:34:29.154 12349 12349 I wpa_supplicant: TDLS: Failed to send message (action_code=14)
04-22 11:34:29.163  1749  3451 I WifiService: enableTdls uid=10158 enable=false
04-22 11:34:29.165  1749   552 I WifiService: enableTdlsWithMacAddress uid=1000 enable=false
04-22 11:34:29.366 14927 15018 D connectedcrossroad: dataTxThread: Pulled AODV data from queue
04-22 11:34:29.367 14927 15018 D connectedcrossroad: dataTxThread: Pulled AODV data from queue
04-22 11:34:29.652 14927 14927 D connectedcrossroad: data collect: burst end
04-22 11:34:29.659 14927 14927 I Choreographer: Skipped 663 frames!  The application may be doing too much work on its main thread.
04-22 11:34:29.673 14927 14927 D connectedcrossroad: onConnectionInitiated: Accepting connection
04-22 11:34:29.673 14927 14927 D connectedcrossroad: onConnectionInitiated: Accepting connection
04-22 11:34:29.674 14927 14927 D connectedcrossroad: onEndpointFound: Connection request failure 8012: STATUS_ENDPOINT_IO_ERROR
04-22 11:34:29.675 14927 14927 I connectedcrossroad: onConnectionResult: Connection successful
04-22 11:34:29.675 14927 14927 D connectedcrossroad: onConnectionResult: Neighbor added: -aIJ
04-22 11:34:29.678 14927 14956 I OpenGLRenderer: Davey! duration=11084ms; Flags=0, IntendedVsync=25192941365262, Vsync=25203991364820, OldestInputEvent=9223372036854775807, NewestInputEvent=0, HandleInputStart=25204008248343, AnimationStart=25204008607510, PerformTraversalsStart=25204010079489, DrawStart=25204011953760, SyncQueued=25204018699959, SyncStart=25204019702719, IssueDrawCommandsStart=25204019977355, SwapBuffers=25204024686626, FrameCompleted=25204026421053, DequeueBufferDuration=574000, QueueBufferDuration=693000, 
04-22 11:34:29.684 14927 14927 D connectedcrossroad: onConnectionInitiated: Accepting connection
04-22 11:34:29.730 14927 14927 I connectedcrossroad: onConnectionResult: Connection successful
04-22 11:34:29.730 14927 14927 D connectedcrossroad: onConnectionResult: Neighbor added: QbK-
04-22 11:34:29.868 14927 15018 D connectedcrossroad: dataTxThread: Pulled AODV data from queue
04-22 11:34:29.869 14927 15018 D connectedcrossroad: dataTxThread: Pulled AODV data from queue
04-22 11:34:29.963 21460 15186 I chatty  : uid=10158 com.google.android.gms.persistent expire 27 lines
04-22 11:34:30.048 14927 14927 D connectedcrossroad: onEndpointFound: Connecting to f4UG
04-22 11:34:30.049 14927 15022 V connectedcrossroad: Data collect: HELO
04-22 11:34:30.049 14927 15022 V perf    : Discovered neighbor: 4 (-aIJ)
04-22 11:34:30.049 14927 15022 V perf    : Bytes sent: 0, received: 612
04-22 11:34:30.049 14927 15022 V data    : Payload RX: 0
04-22 11:34:30.049 14927 15022 V data    : Payload TX: 0
04-22 11:34:30.049 14927 15022 V data    : Total RX: 612
04-22 11:34:30.049 14927 15022 V data    : Total TX: 0
04-22 11:34:30.372 14927 15018 D connectedcrossroad: dataTxThread: Pulled AODV data from queue
04-22 11:34:30.374 14927 15018 D connectedcrossroad: dataTxThread: Pulled AODV data from queue
04-22 11:34:30.406 21460 15188 I chatty  : uid=10158 com.google.android.gms.persistent expire 11 lines
04-22 11:34:30.419 14927 15022 V connectedcrossroad: Data collect: HELO
04-22 11:34:30.419 14927 15022 V perf    : Discovered neighbor: 1 (QbK-)
04-22 11:34:30.420 14927 15022 V perf    : Bytes sent: 0, received: 1224
04-22 11:34:30.420 14927 15022 V data    : Payload RX: 0
04-22 11:34:30.420 14927 15022 V data    : Payload TX: 0
04-22 11:34:30.420 14927 15022 V data    : Total RX: 1224
04-22 11:34:30.420 14927 15022 V data    : Total TX: 0
04-22 11:34:30.455  2294  2621 I chatty  : uid=1002(bluetooth) btif_sock_poll expire 2 lines
04-22 11:34:30.877 14927 15018 D connectedcrossroad: dataTxThread: Pulled AODV data from queue
04-22 11:34:30.878 14927 15018 D connectedcrossroad: dataTxThread: Pulled AODV data from queue
04-22 11:34:31.110  1749 11470 D WificondControl: Scan result ready event
04-22 11:34:31.258 14927 15017 D connectedcrossroad: Data collect: SEND
04-22 11:34:31.266 14927 15017 D connectedcrossroad: Data collect: SEND
04-22 11:34:31.381 14927 15018 D connectedcrossroad: dataTxThread: Pulled AODV data from queue
04-22 11:34:31.383 14927 15018 D connectedcrossroad: dataTxThread: Pulled AODV data from queue
04-22 11:34:31.886 14927 15018 D connectedcrossroad: dataTxThread: Pulled AODV data from queue
04-22 11:34:31.887 14927 15018 D connectedcrossroad: dataTxThread: Pulled AODV data from queue
04-22 11:34:31.948 14927 15022 V connectedcrossroad: Data collect: HELO
04-22 11:34:31.948 14927 15022 V data    : Payload RX: 0
04-22 11:34:31.949 14927 15022 V data    : Payload TX: 0
04-22 11:34:31.949 14927 15022 V data    : Total RX: 1836
04-22 11:34:31.949 14927 15022 V data    : Total TX: 1224
04-22 11:34:32.328 14927 15022 V connectedcrossroad: Data collect: HELO
04-22 11:34:32.329 14927 15022 V data    : Payload RX: 0
04-22 11:34:32.329 14927 15022 V data    : Payload TX: 0
04-22 11:34:32.329 14927 15022 V data    : Total RX: 2448
04-22 11:34:32.329 14927 15022 V data    : Total TX: 1224
04-22 11:34:32.390 14927 15018 D connectedcrossroad: dataTxThread: Pulled AODV data from queue
04-22 11:34:32.391 14927 15018 D connectedcrossroad: dataTxThread: Pulled AODV data from queue
04-22 11:34:32.427  3398  3398 I BistoRealService: onStartCommand: 0 3 Intent { act=com.google.android.apps.gsa.broadcastreceiver.SETTINGS_CHANGED cmp=com.google.android.googlequicksearchbox/com.google.android.apps.gsa.staticplugins.bisto.BistoRealService (has extras) }
04-22 11:34:32.428  3398  3398 I BistoRealService: Intent handled internally
04-22 11:34:32.627  3398  3398 I BistoRealService: requestDestroy
04-22 11:34:32.635  3398  3398 I BistoRealService: onDestroy
04-22 11:34:32.642  3398  3398 I BistoWiredManager: close
04-22 11:34:32.645  3398  3398 D BluetoothA2dp: Unbinding service...
04-22 11:34:32.652  3398  3398 I BistoClassicManager: close
04-22 11:34:32.696 21460  3743 I chatty  : uid=10158(com.google.android.gms) lowpool[206] expire 1 line
04-22 11:34:32.894 14927 15018 D connectedcrossroad: dataTxThread: Pulled AODV data from queue
04-22 11:34:32.895 14927 15018 D connectedcrossroad: dataTxThread: Pulled AODV data from queue
04-22 11:34:33.271 14927 15017 D connectedcrossroad: Data collect: SEND
04-22 11:34:33.275 14927 15017 D connectedcrossroad: Data collect: SEND
04-22 11:34:33.398 14927 15018 D connectedcrossroad: dataTxThread: Pulled AODV data from queue
04-22 11:34:33.399 14927 15018 D connectedcrossroad: dataTxThread: Pulled AODV data from queue
04-22 11:34:33.818     0     0 W swapper/0: type=1400 audit(0.0:2640): avc: denied { kill } for uid=0 capability=5 scontext=u:r:kernel:s0 tcontext=u:r:kernel:s0 tclass=capability permissive=0
04-22 11:34:33.894 14927 15022 V connectedcrossroad: Data collect: HELO
04-22 11:34:33.894 14927 15022 V data    : Payload RX: 0
04-22 11:34:33.894 14927 15022 V data    : Payload TX: 0
04-22 11:34:33.894 14927 15022 V data    : Total RX: 3060
04-22 11:34:33.894 14927 15022 V data    : Total TX: 2448
04-22 11:34:33.900 14927 15018 D connectedcrossroad: dataTxThread: Pulled AODV data from queue
04-22 11:34:33.900 14927 15018 D connectedcrossroad: dataTxThread: Pulled AODV data from queue
04-22 11:34:34.214 14927 15022 V connectedcrossroad: Data collect: HELO
04-22 11:34:34.214 14927 15022 V data    : Payload RX: 0
04-22 11:34:34.214 14927 15022 V data    : Payload TX: 0
04-22 11:34:34.214 14927 15022 V data    : Total RX: 3672
04-22 11:34:34.214 14927 15022 V data    : Total TX: 2448
04-22 11:34:34.403 14927 15018 D connectedcrossroad: dataTxThread: Pulled AODV data from queue
04-22 11:34:34.404 14927 15018 D connectedcrossroad: dataTxThread: Pulled AODV data from queue
04-22 11:34:34.907 14927 15018 D connectedcrossroad: dataTxThread: Pulled AODV data from queue
04-22 11:34:34.907 14927 15018 D connectedcrossroad: dataTxThread: Pulled AODV data from queue
04-22 11:34:35.280 14927 15017 D connectedcrossroad: Data collect: SEND
04-22 11:34:35.284 14927 15017 D connectedcrossroad: Data collect: SEND
04-22 11:34:35.411 14927 15018 D connectedcrossroad: dataTxThread: Pulled AODV data from queue
04-22 11:34:35.586 21460 15072 I chatty  : uid=10158 com.google.android.gms.persistent expire 2 lines
04-22 11:34:35.867 14927 15022 V connectedcrossroad: Data collect: HELO
04-22 11:34:35.867 14927 15022 V data    : Payload RX: 0
04-22 11:34:35.867 14927 15022 V data    : Payload TX: 0
04-22 11:34:35.868 14927 15022 V data    : Total RX: 4284
04-22 11:34:35.868 14927 15022 V data    : Total TX: 3672
04-22 11:34:35.914 14927 15018 D connectedcrossroad: dataTxThread: Pulled AODV data from queue
04-22 11:34:36.495  1749 11470 W ProcessStats: Tracking association SourceState{ecff641 com.google.android.gms.persistent/10158 ImpFg #94122} whose proc state 2 is better than process ProcessState{d084d42 com.google.android.gms/10158 pkg=com.google.android.gms} proc state 3 (33 skipped)
04-22 11:34:36.503 21460 15190 I chatty  : uid=10158 com.google.android.gms.persistent expire 46 lines
04-22 11:34:36.511 14927 15022 V connectedcrossroad: Data collect: HELO
04-22 11:34:36.511 14927 15022 V data    : Payload RX: 0
04-22 11:34:36.511 14927 15022 V data    : Payload TX: 0
04-22 11:34:36.511 14927 15022 V data    : Total RX: 4896
04-22 11:34:36.511 14927 15022 V data    : Total TX: 3672
04-22 11:34:37.289 14927 15017 D connectedcrossroad: Data collect: SEND
04-22 11:34:37.293 14927 15017 D connectedcrossroad: Data collect: SEND
04-22 11:34:38.025 14927 15022 V connectedcrossroad: Data collect: HELO
04-22 11:34:38.026 14927 15022 V data    : Payload RX: 0
04-22 11:34:38.026 14927 15022 V data    : Payload TX: 0
04-22 11:34:38.026 14927 15022 V data    : Total RX: 5508
04-22 11:34:38.026 14927 15022 V data    : Total TX: 4896
