04-22 11:34:38.478 14927 15022 V connectedcrossroad: Data collect: HELO
04-22 11:34:38.478 14927 15022 V data    : Payload RX: 0
04-22 11:34:38.478 14927 15022 V data    : Payload TX: 0
04-22 11:34:38.478 14927 15022 V data    : Total RX: 6120
04-22 11:34:38.478 14927 15022 V data    : Total TX: 4896
04-22 11:34:39.298 14927 15017 D connectedcrossroad: Data collect: SEND
04-22 11:34:39.301 14927 15017 D connectedcrossroad: Data collect: SEND
04-22 11:34:40.287 14927 15022 V connectedcrossroad: Data collect: HELO
04-22 11:34:40.287 14927 15022 V data    : Payload RX: 0
04-22 11:34:40.287 14927 15022 V data    : Payload TX: 0
04-22 11:34:40.287 14927 15022 V data    : Total RX: 6732
04-22 11:34:40.287 14927 15022 V data    : Total TX: 6120
04-22 11:34:40.443 14927 15022 V connectedcrossroad: Data collect: HELO
04-22 11:34:40.443 14927 15022 V data    : Payload RX: 0
04-22 11:34:40.444 14927 15022 V data    : Payload TX: 0
04-22 11:34:40.444 14927 15022 V data    : Total RX: 7344
04-22 11:34:40.444 14927 15022 V data    : Total TX: 6120
04-22 11:34:40.659 21460 15152 I chatty  : uid=10158 com.google.android.gms.persistent expire 17 lines
04-22 11:34:40.664 21460 15111 I chatty  : uid=10158 com.google.android.gms.persistent expire 39 lines
04-22 11:34:40.964  2294  2614 I chatty  : uid=1002(bluetooth) btu message loo expire 131 lines
04-22 11:34:41.123  2294  2358 I chatty  : uid=1002(bluetooth) BT Service Call expire 83 lines
04-22 11:34:41.128  2294 15204 I chatty  : uid=1002(bluetooth) com.android.bluetooth expire 2 lines
04-22 11:34:41.128  2294  2311 I chatty  : uid=1002(bluetooth) Binder:2294_1 expire 4 lines
04-22 11:34:41.272   833 12353 E WifiHAL : Received fatal event, sending alert
04-22 11:34:41.273  1749 18151 W WifiVendorHal: onDebugErrorAlert 4104
04-22 11:34:41.285  1749  2054 D BatteryService: uevent={POWER_SUPPLY_DP_DM=0, POWER_SUPPLY_VOLTAGE_NOW=3737225, POWER_SUPPLY_SW_JEITA_ENABLED=0, POWER_SUPPLY_CHARGE_CONTROL_LIMIT_MAX=8, POWER_SUPPLY_RECHARGE_SOC=99, POWER_SUPPLY_HEALTH=Good, POWER_SUPPLY_TECHNOLOGY=Li-ion, POWER_SUPPLY_FCC_STEPPER_ENABLE=0, SEQNUM=625613, POWER_SUPPLY_INPUT_CURRENT_LIMITED=0, POWER_SUPPLY_CHARGE_CONTROL_LIMIT=0, POWER_SUPPLY_BATTERY_CHARGING_ENABLED=1, POWER_SUPPLY_STATUS=Discharging, POWER_SUPPLY_CYCLE_COUNT=1, POWER_SUPPLY_CURRENT_MAX=2000000, POWER_SUPPLY_CHARGE_TERM_CURRENT=-101, POWER_SUPPLY_CAPACITY=31, DEVPATH=/devices/platform/soc/200f000.qcom,spmi/spmi-0/spmi0-02/200f000.qcom,spmi:qcom,pmi632@2:qcom,qpnp-smb5/power_supply/battery, POWER_SUPPLY_CHARGE_DONE=0, POWER_SUPPLY_CHARGE_TYPE=N/A, POWER_SUPPLY_CHARGE_RATE=None, POWER_SUPPLY_CURRENT_NOW=-266723, POWER_SUPPLY_SYSTEM_TEMP_LEVEL=0, POWER_SUPPLY_PRESENT=1, POWER_SUPPLY_PARALLEL_DISABLE=0, POWER_SUPPLY_CHARGE_FULL=3615000, SUBSYSTEM=power_supply, POWER_SUPPLY_SET_SHIP_MODE=0, POWER_SUPPLY_TEMP=257, ACTION=change, POWER_SUPPLY_RERUN_AICL=0, POWER_SUPPLY_AGE=100, POWER_SUPPLY_NAME=battery, POWER_SUPPLY_VOLTAGE_MAX=-22, POWER_SUPPLY_CONSTANT_CHARGE_CURRENT_MAX=2000000, POWER_SUPPLY_CHARGE_COUNTER=1120650, POWER_SUPPLY_STEP_CHARGING_ENABLED=0, POWER_SUPPLY_NUM_SYSTEM_TEMP_LEVELS=8, POWER_SUPPLY_DIE_HEALTH=Hot, POWER_SUPPLY_INPUT_SUSPEND=0}
04-22 11:34:41.301  2508  2508 D QtiCarrierConfigHelper: WARNING, no carrier configs on phone Id: 0
04-22 11:34:41.305 14927 15017 D connectedcrossroad: Data collect: SEND
04-22 11:34:41.307 14927 15017 D connectedcrossroad: Data collect: SEND
04-22 11:34:41.350  1749  1788 W ProcessCpuTracker: Failed to stat(/proc/15205): android.system.ErrnoException: stat failed: ENOENT (No such file or directory)
04-22 11:34:41.351  1749  1788 W ProcessCpuTracker: Skipping unknown process pid 15205
04-22 11:34:41.557 21460 21976 I chatty  : uid=10158(com.google.android.gms) Binder:21460_A expire 1 line
04-22 11:34:41.788 14927 15022 V connectedcrossroad: Data collect: HELO
04-22 11:34:41.790 14927 15022 V data    : Payload RX: 0
04-22 11:34:41.790 14927 15022 V data    : Payload TX: 0
04-22 11:34:41.790 14927 15022 V data    : Total RX: 7956
04-22 11:34:41.790 14927 15022 V data    : Total TX: 7344
04-22 11:34:42.252 21460 21478 I chatty  : uid=10158(com.google.android.gms) Binder:21460_2 expire 3 lines
04-22 11:34:42.252 21460  7915 I chatty  : uid=10158(com.google.android.gms) Binder:21460_E expire 13 lines
04-22 11:34:43.038 14927 15022 V connectedcrossroad: Data collect: HELO
04-22 11:34:43.039 14927 15022 V data    : Payload RX: 0
04-22 11:34:43.039 14927 15022 V data    : Payload TX: 0
04-22 11:34:43.039 14927 15022 V data    : Total RX: 8568
04-22 11:34:43.040 14927 15022 V data    : Total TX: 7344
04-22 11:34:43.311 14927 15017 D connectedcrossroad: Data collect: SEND
04-22 11:34:43.314 14927 15017 D connectedcrossroad: Data collect: SEND
04-22 11:34:43.821     0     0 W swapper/1: type=1400 audit(0.0:2641): avc: denied { kill } for uid=0 capability=5 scontext=u:r:kernel:s0 tcontext=u:r:kernel:s0 tclass=capability permissive=0
04-22 11:34:44.381 14927 15022 V connectedcrossroad: Data collect: HELO
04-22 11:34:44.381 14927 15022 V data    : Payload RX: 0
04-22 11:34:44.381 14927 15022 V data    : Payload TX: 0
04-22 11:34:44.382 14927 15022 V data    : Total RX: 9180
04-22 11:34:44.382 14927 15022 V data    : Total TX: 8568
04-22 11:34:44.751  1749  7754 I ActivityManager: Force stopping com.google.location.nearby.apps.connectedcrossroad appid=10216 user=0: from pid 15210
04-22 11:34:44.752  1749  7754 I ActivityManager: Killing 14927:com.google.location.nearby.apps.connectedcrossroad/u0a216 (adj 0): stop com.google.location.nearby.apps.connectedcrossroad
04-22 11:34:44.753  1749  7754 D ActivityManager: makeInactive, ProcessRecord{2f63e6f 14927:com.google.location.nearby.apps.connectedcrossroad/u0a216}, clear holder.state
04-22 11:34:44.755  1749  7754 W ActivityTaskManager: Force removing ActivityRecord{4947dd8 u0 com.google.location.nearby.apps.connectedcrossroad/nx.aodv.eval.MainActivity t50 f}: app died, no saved state
04-22 11:34:44.756  1749  7754 V WindowManager: Changing focus from Window{6118c67 u0 com.google.location.nearby.apps.connectedcrossroad/nx.aodv.eval.MainActivity} to null displayId=0
04-22 11:34:44.766  1749  7754 I WindowManager: Window drawn AppWindowToken{b27a416 token=Token{ea19531 ActivityRecord{4947dd8 u0 com.google.location.nearby.apps.connectedcrossroad/nx.aodv.eval.MainActivity t50}}}
04-22 11:34:44.771  1749  7754 I ActivityTaskManager: moveHomeStack, setupComplete:true
04-22 11:34:44.778  8057  8312 D MCLOG   : [MC_TriggerHelper] PauseResumeTrigger
04-22 11:34:44.796  2508  2508 E PhoneInterfaceManager: [PhoneIntfMgr] getCarrierPackageNamesForIntent: No UICC
04-22 11:34:44.796  2508  2508 D CarrierSvcBindHelper: No carrier app for: 0
04-22 11:34:44.804  2294  2588 I chatty  : uid=1002(bluetooth) BluetoothScanMa expire 28 lines
04-22 11:34:44.821 21460 10770 I chatty  : uid=10158(com.google.android.gms) Binder:21460_10 expire 4 lines
04-22 11:34:44.823 21460 23866 I chatty  : uid=10158(com.google.android.gms) Binder:21460_D expire 5 lines
04-22 11:34:44.827  1749  1783 I libprocessgroup: Successfully killed process cgroup uid 10216 pid 14927 in 73ms
04-22 11:34:44.831   729   729 I Zygote  : Process 14927 exited due to signal 9 (Killed)
04-22 11:34:44.835  2294 25465 I chatty  : uid=1002(bluetooth) Binder:2294_7 expire 3 lines
04-22 11:34:44.837  1749  1772 W ActivityManager: setHasOverlayUi called on unknown pid: 14927
04-22 11:34:44.838  8057  8057 D MCLOG   : [MC_Service] onStartcommand()
04-22 11:34:44.848  1749 11122 V WindowManager: Changing focus from null to Window{733e816 u0 com.motorola.launcher3/com.android.launcher3.CustomizationPanelLauncher} displayId=0
04-22 11:34:44.865  1749  1773 I WindowManager:   SURFACE show Surface(name=com.android.systemui.ImageWallpaper)/@0xcbdab7b on display:0: com.android.systemui.ImageWallpaper
04-22 11:34:44.866 21460 14768 I chatty  : uid=10158(com.google.android.gms) highpool[509] expire 75 lines
04-22 11:34:44.869  1749  1773 I WindowManager: Window drawn AppWindowToken{7a5d47e token=Token{e022639 ActivityRecord{9980e00 u0 com.motorola.launcher3/com.android.launcher3.CustomizationPanelLauncher t3}}}
04-22 11:34:44.870 29576 29649 D AssistReceiver: call: lightWakeup | null | null
04-22 11:34:44.871  1749  1773 I WindowManager:   SURFACE show Surface(name=com.motorola.launcher3/com.android.launcher3.CustomizationPanelLauncher)/@0x80f65e6 on display:0: com.motorola.launcher3/com.android.launcher3.CustomizationPanelLauncher
04-22 11:34:44.881 21460 15214 I chatty  : uid=10158 com.google.android.gms.persistent expire 5 lines
04-22 11:34:44.939  1749  1773 I WindowManager:   SURFACE show Surface(name=com.motorola.launcher3/com.android.launcher3.CustomizationPanelLauncher)/@0x5a48ec3 on display:0: com.motorola.launcher3/com.android.launcher3.CustomizationPanelLauncher
04-22 11:34:44.941 21153 21153 W ThreadPoolDumper: Queue length for executor EventBus is now 11. Perhaps some tasks are too long, or the pool is too small.
04-22 11:34:45.015 24881 29267 I chatty  : uid=10158(com.google.android.gms) highpool[4] expire 2 lines
04-22 11:34:45.085 21153 21343 W LocationOracle: No location history returned by ContextManager
04-22 11:34:45.094 21153 21380 I MicroDetectionState: Should stop hotword detection immediately - false
04-22 11:34:45.096 21153 21380 I MicroDetectionState: Should stop hotword detection immediately - false
04-22 11:34:45.105 21153 21380 I MicroDetectionWorker: #startMicroDetector [speakerMode: 0]
04-22 11:34:45.112 21153 21380 I AudioController: Created new AudioSource
04-22 11:34:45.115 21153 21405 I MicroDataManager: isInitializing-false locale not changed-true model not changed-true
04-22 11:34:45.115 21153 21405 I MicroDataManager: Already initialized, obtaining the hotword data immediately.
04-22 11:34:45.125 21153 15220 I MicroRecognitionRunner: Starting detection.
04-22 11:34:45.129 21153 15220 I InputStreamUtils: Using micInputStream
04-22 11:34:45.130 21153 11221 I MicrophoneInputStream: mic_starting  SR : 16000 CC : 16 SO : 1999
04-22 11:34:45.136   815  1715 V msm8974_platform: platform_check_input_mask: enter check_input_mask source 6 mask 10
04-22 11:34:45.137   815  1715 V msm8974_platform: platform_check_input_mask: enter check_input_mask source 6 mask 10
04-22 11:34:45.139   867 15222 I AudioFlinger: AudioFlinger's thread 0xa5334880 tid=15222 ready to run
04-22 11:34:45.150   867  3008 D APM_AudioPolicyManager: startInput input:342, session:529, source 1999)
04-22 11:34:45.154   815  1715 D audio_hw_primary: in_set_parameters: enter: kvpairs=bottom=;input_source=6;routing=-2147483644
04-22 11:34:45.156  1749  7754 I AudioService.RecordingActivityMonitor: rec update riid:463 uid:10122 session:529 src:HOTWORD pack:com.google.android.googlequicksearchbox
04-22 11:34:45.157 21153 11221 I MicrophoneInputStream: mic_started  SR : 16000 CC : 16 SO : 1999
04-22 11:34:45.158   815 15223 V msm8974_platform: platform_update_usecase_from_source: input source :6
04-22 11:34:45.158   815 15223 V msm8974_platform: platform_check_input_mask: enter check_input_mask source 6 mask 10
04-22 11:34:45.158   815 15223 V msm8974_platform: platform_get_input_snd_device: enter: out_device(0) in_device(0x4) channel_count (1) channel_mask (0x10)
04-22 11:34:45.158   815 15223 V msm8974_platform: platform_get_input_snd_device: exit: in_snd_device(voice-rec-mic)
04-22 11:34:45.158   815 15223 V msm8974_platform: platform_get_backend_index:napb: backend port - 6 device - 136 
04-22 11:34:45.158   815 15223 V msm8974_platform: platform_check_and_set_capture_backend_cfg:txbecf: afe: bitwidth 0, samplerate 0, channel 1, backend_idx 6 usecase = 10 device (voice-rec-mic)
04-22 11:34:45.158   815 15223 V msm8974_platform: platform_check_capture_backend_cfg:txbecf: afe: Codec selected backend: 6 current bit width: 0 and sample rate: 0, channels 1
04-22 11:34:45.158   815 15223 V msm8974_platform: platform_check_capture_backend_cfg:txbecf: afe: Codec selected backend: 6 updated bit width: 0 and sample rate: 0
04-22 11:34:45.158   815 15223 I msm8974_platform: platform_check_capture_backend_cfg:txbecf: afe: Codec backend needs to be updated. new bit width: 0 new sample rate: 0 new channel: 1
04-22 11:34:45.158   815 15223 V msm8974_platform: platform_get_backend_index:napb: backend port - 6 device - 136 
04-22 11:34:45.158   815 15223 V msm8974_platform: platform_set_backend_cfg:becf: afe: bitwidth 0, samplerate 0 channels 1, backend_idx 6 device (voice-rec-mic)
04-22 11:34:45.159   815 15223 E msm8974_platform: platform_set_backend_cfg:becf: afe: Could not get ctl for mixer command - SLIM_0_TX Format
04-22 11:34:45.159   815 15223 V msm8974_platform: platform_send_audio_calibration: sending audio calibration for snd_device(136) acdb_id(62)
04-22 11:34:45.159   815 15223 D ACDB-LOADER: ACDB -> send_audio_cal, acdb_id = 62, path = 1, app id = 0x11130, sample rate = 48000, afe_sample_rate = 48000
04-22 11:34:45.159   815 15223 D ACDB-LOADER: ACDB -> send_asm_topology
04-22 11:34:45.159   815 15223 D ACDB-LOADER: ACDB -> ACDB_CMD_GET_AUDPROC_STREAM_TOPOLOGY_ID
04-22 11:34:45.159   815 15223 D ACDB-LOADER: ACDB -> send_adm_topology
04-22 11:34:45.159   815 15223 D ACDB-LOADER: ACDB -> ACDB_CMD_GET_AUDPROC_COMMON_TOPOLOGY_ID
04-22 11:34:45.159   815 15223 D ACDB-LOADER: ACDB -> send_audtable
04-22 11:34:45.159   815 15223 D ACDB-LOADER: ACDB -> ACDB_CMD_GET_AUDPROC_COMMON_TABLE_SIZE
04-22 11:34:45.159   815 15223 D ACDB-LOADER: ACDB -> ACDB_CMD_GET_AUDPROC_COMMON_TABLE
04-22 11:34:45.159   815 15223 D ACDB-LOADER: ACDB -> AUDIO_SET_AUDPROC_CAL cal_type[11] acdb_id[62] app_type[69936]
04-22 11:34:45.159   815 15223 D ACDB-LOADER: ACDB -> ACDB_CMD_GET_AUDPROC_STREAM_TABLE_SIZE
04-22 11:34:45.159   815 15223 D ACDB-LOADER: ACDB -> send_audstrmtable
04-22 11:34:45.159   815 15223 D ACDB-LOADER: ACDB -> ACDB_CMD_GET_AUDPROC_STREAM_TABLE_V2
04-22 11:34:45.159   815 15223 D ACDB-LOADER: ACDB -> audstrm_cal->cal_type.cal_data.cal_size = 16
04-22 11:34:45.159   815 15223 D ACDB-LOADER: ACDB -> send_afe_topology
04-22 11:34:45.159   815 15223 D ACDB-LOADER: ACDB -> ACDB_CMD_GET_AFE_TOPOLOGY_ID
04-22 11:34:45.159   815 15223 D ACDB-LOADER: ACDB -> GET_AFE_TOPOLOGY_ID for adcd_id 62, Topology Id 112fb
04-22 11:34:45.159   815 15223 D ACDB-LOADER: ACDB -> send_afe_cal
04-22 11:34:45.159   815 15223 D ACDB-LOADER: ACDB -> ACDB_CMD_GET_AFE_COMMON_TABLE_SIZE
04-22 11:34:45.159   815 15223 D         : Failed to fetch the lookup information of the device 0000003E 
04-22 11:34:45.159   815 15223 D ACDB-LOADER: Error: ACDB_CMD_GET_AFE_COMMON_TABLE_SIZE Returned = -19
04-22 11:34:45.159   815 15223 D ACDB-LOADER: ACDB -> ACDB_CMD_GET_AFE_COMMON_TABLE
04-22 11:34:45.159   815 15223 D         : Failed to fetch the lookup information of the device 0000003E 
04-22 11:34:45.159   815 15223 D ACDB-LOADER: Error: ACDB AFE returned = -19
04-22 11:34:45.159   815 15223 D ACDB-LOADER: ACDB -> AUDIO_SET_AFE_CAL cal_type[17] acdb_id[62]
04-22 11:34:45.159   815 15223 D ACDB-LOADER: ACDB -> send_hw_delay : acdb_id = 62 path = 1
04-22 11:34:45.159   815 15223 D ACDB-LOADER: ACDB -> ACDB_AVSYNC_INFO: ACDB_CMD_GET_DEVICE_PROPERTY
04-22 11:34:45.159   815 15223 D audio_hw_primary: enable_snd_device: snd_device(136: voice-rec-mic)
04-22 11:34:45.159   815 15223 D audio_route: Apply path: voice-rec-mic
04-22 11:34:45.163   815 15223 V msm8974_platform: platform_get_snd_device_backend_index: enter with device 136
04-22 11:34:45.163   815 15223 V msm8974_platform: platform_get_backend_index:napb: backend port - 6 device - 136 
04-22 11:34:45.163   815 15223 I audio_hw_utils: Set Audio Stream Capture 0 App Type Cfg: app_type 69936, acdb_dev_id 62, sample_rate 48000, snd_device_be_idx 3
04-22 11:34:45.163   815 15223 D audio_hw_primary: enable_audio_route: usecase(10) apply and update mixer path: audio-record
04-22 11:34:45.164   815 15223 D audio_route: Apply path: audio-record
04-22 11:34:45.225 21153 15220 W SpeechLevelGenerator: Really low audio levels detected. The audio input may have issues.
04-22 11:34:45.225 21153 21380 I MicroDetectionWorker: onReady
04-22 11:34:45.236 21460 21475 I chatty  : uid=10158(com.google.android.gms) FinalizerDaemon expire 2 lines
04-22 11:34:45.903 12679 12679 W adbd    : timeout expired while flushing socket, closing
04-22 11:34:46.121  2294 10674 I chatty  : uid=1002(bluetooth) Binder:2294_8 expire 10 lines
04-22 11:34:46.133 21460 21617 I chatty  : uid=10158(com.google.android.gms) Binder:21460_5 expire 8 lines
04-22 11:34:46.199  1749  7754 I WifiService: enableTdls uid=10158 enable=false
04-22 11:34:46.202  1749   552 I WifiService: enableTdlsWithMacAddress uid=1000 enable=false
04-22 11:34:46.510  1749  7754 I WifiService: enableTdls uid=10158 enable=false
04-22 11:34:46.514  1749   552 I WifiService: enableTdlsWithMacAddress uid=1000 enable=false
04-22 11:34:46.822  1749  7754 I WifiService: enableTdls uid=10158 enable=false
04-22 11:34:46.827  1749   552 I WifiService: enableTdlsWithMacAddress uid=1000 enable=false
04-22 11:34:47.136  1749  7754 I WifiService: enableTdls uid=10158 enable=false
04-22 11:34:47.140 21460 15186 I chatty  : uid=10158 com.google.android.gms.persistent expire 1 line
04-22 11:34:47.141 21460 14717 I chatty  : uid=10158 com.google.android.gms.persistent expire 1 line
04-22 11:34:47.141  1749   552 I WifiService: enableTdlsWithMacAddress uid=1000 enable=false
04-22 11:34:47.143 21460 15049 I chatty  : uid=10158 com.google.android.gms.persistent expire 1 line
04-22 11:34:47.145 21460 15048 I chatty  : uid=10158 com.google.android.gms.persistent expire 1 line
04-22 11:34:49.255  2294 15242 I chatty  : uid=1002(bluetooth) com.android.bluetooth expire 2 lines
04-22 11:34:49.346 21460 15187 I chatty  : uid=10158 com.google.android.gms.persistent expire 1 line
04-22 11:34:49.549 21460 15183 I chatty  : uid=10158 com.google.android.gms.persistent expire 1 line
04-22 11:34:50.010  1749  2250 D WifiCountryMonitorFcc: fixCurrentCountryIso called
04-22 11:34:50.597  1749  7754 D WificondControl: Scan result ready event
04-22 11:34:50.606 21460 15137 I chatty  : uid=10158 com.google.android.gms.persistent expire 1 line
04-22 11:34:51.144 21460 15190 I chatty  : uid=10158 com.google.android.gms.persistent expire 5 lines
04-22 11:34:51.207  2294  2358 I chatty  : uid=1002(bluetooth) BT Service Call expire 4 lines
04-22 11:34:51.207  2294  2588 I chatty  : uid=1002(bluetooth) BluetoothScanMa expire 1 line
04-22 11:34:51.215  2294  2614 I chatty  : uid=1002(bluetooth) btu message loo expire 1 line
04-22 11:34:51.216  2294  2358 I chatty  : uid=1002(bluetooth) BT Service Call expire 2 lines
04-22 11:34:51.216  2294  2588 I chatty  : uid=1002(bluetooth) BluetoothScanMa expire 1 line
04-22 11:34:51.221  2294  2358 I chatty  : uid=1002(bluetooth) BT Service Call expire 2 lines
04-22 11:34:51.222  2294  2614 I chatty  : uid=1002(bluetooth) btu message loo expire 1 line
04-22 11:34:51.223  2294  2358 I chatty  : uid=1002(bluetooth) BT Service Call expire 3 lines
04-22 11:34:51.223  2294  2588 I chatty  : uid=1002(bluetooth) BluetoothScanMa expire 12 lines
04-22 11:34:51.229  2294  2358 I chatty  : uid=1002(bluetooth) BT Service Call expire 28 lines
04-22 11:34:51.353  2294  2614 I chatty  : uid=1002(bluetooth) btu message loo expire 24 lines
04-22 11:34:51.354  2294  2621 I chatty  : uid=1002(bluetooth) btif_sock_poll expire 1 line
04-22 11:34:51.356 21460 15152 I chatty  : uid=10158 com.google.android.gms.persistent expire 3 lines
04-22 11:34:51.688 21460 14768 I chatty  : uid=10158(com.google.android.gms) highpool[509] expire 13 lines
04-22 11:34:51.692  2294 25292 I chatty  : uid=1002(bluetooth) Binder:2294_6 expire 7 lines
04-22 11:34:51.959  2294  2311 I chatty  : uid=1002(bluetooth) Binder:2294_1 expire 7 lines
04-22 11:34:51.979 21460 23866 I chatty  : uid=10158(com.google.android.gms) Binder:21460_D expire 1 line
04-22 11:34:51.993 21460 14768 I chatty  : uid=10158(com.google.android.gms) highpool[509] expire 1 line
04-22 11:34:51.995 21460 14425 I chatty  : uid=10158 com.google.android.gms.persistent expire 1 line
04-22 11:34:52.011 21460 14768 I chatty  : uid=10158(com.google.android.gms) highpool[509] expire 40 lines
04-22 11:34:52.017  1749  2257 D NsdService: unregister service
04-22 11:34:52.017  1749  2257 D NsdService: mdnssd [stop-register, 30]
04-22 11:34:52.017   728  1296 D MDnsDS  : Stopping register with ref 0xa6b00dd0
04-22 11:34:52.017   728  1296 D MDnsDS  : freeServiceRef 30
04-22 11:34:52.017   728  1296 D MDnsDS  : triggering rescan
04-22 11:34:52.018   728  1295 D MDnsDS  : Monitor poll got data pollCount = 2, 2
04-22 11:34:52.018   728  1295 D MDnsDS  : Monitor found [1].revents = 32 - calling ProcessResults
04-22 11:34:52.019   728  1295 W /system/bin/netd: dnssd_clientstub DNSServiceProcessResult called with NULL DNSServiceRef
04-22 11:34:52.019   728  1295 D MDnsDS  : controlSocket shows revent= 1
04-22 11:34:52.019   728  1295 D MDnsDS  : MDnsSdListener::Monitor got 1
04-22 11:34:52.019   728  1295 D MDnsDS  : MDnsSdListener::Monitor poll rescanning - size=10, live=0
04-22 11:34:52.019   728  1295 D MDnsDS  : Going to poll with pollCount 1
04-22 11:34:52.022  1749  7754 I WifiService: releaseMulticastLock uid=10158
04-22 11:34:52.027 21460 15029 I chatty  : uid=10158 com.google.android.gms.persistent expire 2 lines
04-22 11:34:52.042 15246 15246 I studio.deploy: DeltaInstall found API level:29
04-22 11:34:52.042 15246 15246 I studio.deploy: -t
04-22 11:34:52.042 15246 15246 I studio.deploy: --user
04-22 11:34:52.042 15246 15246 I studio.deploy: current
04-22 11:34:52.043 15246 15246 I studio.deploy: --full
04-22 11:34:52.043 15246 15246 I studio.deploy: --dont-kill
04-22 11:34:52.043 15246 15246 I studio.deploy: -r
04-22 11:34:52.076  1749  1749 D BluetoothManagerService: Bluetooth Adapter name changed to moto e
04-22 11:34:52.076  1749  1749 D BluetoothManagerService: Stored Bluetooth name: moto e
04-22 11:34:52.076  1749  1749 V SettingsProvider: Notifying for 0: content://settings/secure/bluetooth_name
04-22 11:34:52.138 15246 15246 I studio.deploy: DeltaInstall created session: '904317246'
04-22 11:34:52.138 15246 15246 I studio.deploy: package
04-22 11:34:52.138 15246 15246 I studio.deploy: install-write
04-22 11:34:52.138 15246 15246 I studio.deploy: -S
04-22 11:34:52.138 15246 15246 I studio.deploy: 4147144
04-22 11:34:52.138 15246 15246 I studio.deploy: 904317246
04-22 11:34:52.138 15246 15246 I studio.deploy: base.apk
04-22 11:34:52.284 15246 15246 I studio.deploy: Streaming succeeded for '/data/app/com.google.location.nearby.apps.connectedcrossroad-ygXiU3egRNUunjBOjtnOQw==/base.apk'
04-22 11:34:52.284 15246 15246 I studio.deploy: package
04-22 11:34:52.284 15246 15246 I studio.deploy: install-commit
04-22 11:34:52.284 15246 15246 I studio.deploy: 904317246
04-22 11:34:52.419 29193 29193 I Finsky  : [2] arkg.b(3): Verification requested, id = 34
04-22 11:34:52.460 29193 29193 E Finsky  : [2] VerifyPerSourceInstallationConsentInstallTask.f(2): Package name null is not an installed package
04-22 11:34:52.477 29193 15256 I Finsky  : [3261] arme.a(7): Single user settings service is not running, bind it now
04-22 11:34:52.493 29193 29193 I Finsky  : [2] armd.onServiceConnected(1): Single user settings service is connected
04-22 11:34:52.507 29193 15256 W Settings: Setting install_non_market_apps has moved from android.provider.Settings.Global to android.provider.Settings.Secure, returning read-only value.
04-22 11:34:52.732 29193 15256 I Finsky  : [3261] qjm.c(3): Task 7 requested foreground
04-22 11:34:52.733 29193 15256 I Finsky  : [3261] qjm.c(8): Not entering foreground
04-22 11:34:52.744   728 15259 E ResolverController: No valid NAT64 prefix (101, <unspecified>/0)
04-22 11:34:52.938 29193 15261 I Finsky  : [3265] arsk.c(3): Verify: Verification package=com.google.location.nearby.apps.connectedcrossroad, id=34 response=0
04-22 11:34:52.986 29193 15256 I Finsky  : [3261] VerifyPerSourceInstallationConsentInstallTask.ng(2): PSIC verification started with installer uid: 2000 package name: null, originating uid: -1
04-22 11:34:52.989 29193 29193 I Finsky  : [2] VerifyInstallTask.g(3): Verifying id=34, result=1
04-22 11:34:53.017  1749  1794 I PackageManager: Update package com.google.location.nearby.apps.connectedcrossroad code path from /data/app/com.google.location.nearby.apps.connectedcrossroad-ygXiU3egRNUunjBOjtnOQw== to /data/app/com.google.location.nearby.apps.connectedcrossroad-dLzwj_-0KFfk2EQazpxeXA==; Retain data and using new
04-22 11:34:53.018  1749  1794 I PackageManager: Update package com.google.location.nearby.apps.connectedcrossroad resource path from /data/app/com.google.location.nearby.apps.connectedcrossroad-ygXiU3egRNUunjBOjtnOQw== to /data/app/com.google.location.nearby.apps.connectedcrossroad-dLzwj_-0KFfk2EQazpxeXA==; Retain data and using new
04-22 11:34:53.177  1749  1794 I PackageManager: Un-granting permission android.permission.MANAGE_DOCUMENTS from package com.google.android.youtube (protectionLevel=262146 flags=0x30dbbe45)
04-22 11:34:53.178  1749  1794 I PackageManager: Un-granting permission com.google.android.googleapps.permission.GOOGLE_AUTH from package com.android.providers.calendar (protectionLevel=2 flags=0x30883e45)
04-22 11:34:53.178  1749  1794 I PackageManager: Un-granting permission com.google.android.googleapps.permission.GOOGLE_AUTH.cl from package com.android.providers.calendar (protectionLevel=2 flags=0x30883e45)
04-22 11:34:53.179  1749  1794 I PackageManager: Un-granting permission com.google.android.gm.permission.READ_GMAIL from package com.google.android.apps.docs.editors.docs (protectionLevel=2 flags=0x38dbbe44)
04-22 11:34:53.179  1749  1794 I PackageManager: Un-granting permission com.google.android.googleapps.permission.GOOGLE_AUTH from package com.google.android.apps.docs.editors.docs (protectionLevel=2 flags=0x38dbbe44)
04-22 11:34:53.179  1749  1794 I PackageManager: Un-granting permission com.google.android.googleapps.permission.GOOGLE_AUTH.OTHER_SERVICES from package com.google.android.apps.docs.editors.docs (protectionLevel=2 flags=0x38dbbe44)
04-22 11:34:53.179  1749  1794 I PackageManager: Un-granting permission com.google.android.googleapps.permission.GOOGLE_AUTH.ALL_SERVICES from package com.google.android.apps.docs.editors.docs (protectionLevel=2 flags=0x38dbbe44)
04-22 11:34:53.179  1749  1794 I PackageManager: Un-granting permission com.google.android.googleapps.permission.GOOGLE_AUTH.writely from package com.google.android.apps.docs.editors.docs (protectionLevel=2 flags=0x38dbbe44)
04-22 11:34:53.179  1749  1794 I PackageManager: Un-granting permission com.google.android.googleapps.permission.GOOGLE_AUTH.wise from package com.google.android.apps.docs.editors.docs (protectionLevel=2 flags=0x38dbbe44)
04-22 11:34:53.179  1749  1794 I PackageManager: Un-granting permission android.permission.REQUEST_INSTALL_PACKAGES from package com.motorola.brapps (protectionLevel=66 flags=0x38483e45)
04-22 11:34:53.181  1749  1794 I PackageManager: Un-granting permission com.google.android.gm.permission.READ_GMAIL from package com.google.android.apps.docs.editors.sheets (protectionLevel=2 flags=0x38dbbe44)
04-22 11:34:53.181  1749  1794 I PackageManager: Un-granting permission com.google.android.googleapps.permission.GOOGLE_AUTH from package com.google.android.apps.docs.editors.sheets (protectionLevel=2 flags=0x38dbbe44)
04-22 11:34:53.181  1749  1794 I PackageManager: Un-granting permission com.google.android.googleapps.permission.GOOGLE_AUTH.OTHER_SERVICES from package com.google.android.apps.docs.editors.sheets (protectionLevel=2 flags=0x38dbbe44)
04-22 11:34:53.181  1749  1794 I PackageManager: Un-granting permission com.google.android.googleapps.permission.GOOGLE_AUTH.ALL_SERVICES from package com.google.android.apps.docs.editors.sheets (protectionLevel=2 flags=0x38dbbe44)
04-22 11:34:53.181  1749  1794 I PackageManager: Un-granting permission com.google.android.googleapps.permission.GOOGLE_AUTH.writely from package com.google.android.apps.docs.editors.sheets (protectionLevel=2 flags=0x38dbbe44)
04-22 11:34:53.181  1749  1794 I PackageManager: Un-granting permission com.google.android.googleapps.permission.GOOGLE_AUTH.wise from package com.google.android.apps.docs.editors.sheets (protectionLevel=2 flags=0x38dbbe44)
04-22 11:34:53.181  1749  1794 I PackageManager: Un-granting permission com.google.android.gm.permission.READ_GMAIL from package com.google.android.apps.docs.editors.slides (protectionLevel=2 flags=0x38dbbe44)
04-22 11:34:53.181  1749  1794 I PackageManager: Un-granting permission com.google.android.googleapps.permission.GOOGLE_AUTH from package com.google.android.apps.docs.editors.slides (protectionLevel=2 flags=0x38dbbe44)
04-22 11:34:53.181  1749  1794 I PackageManager: Un-granting permission com.google.android.googleapps.permission.GOOGLE_AUTH.OTHER_SERVICES from package com.google.android.apps.docs.editors.slides (protectionLevel=2 flags=0x38dbbe44)
04-22 11:34:53.181  1749  1794 I PackageManager: Un-granting permission com.google.android.googleapps.permission.GOOGLE_AUTH.ALL_SERVICES from package com.google.android.apps.docs.editors.slides (protectionLevel=2 flags=0x38dbbe44)
04-22 11:34:53.181  1749  1794 I PackageManager: Un-granting permission com.google.android.googleapps.permission.GOOGLE_AUTH.writely from package com.google.android.apps.docs.editors.slides (protectionLevel=2 flags=0x38dbbe44)
04-22 11:34:53.181  1749  1794 I PackageManager: Un-granting permission com.google.android.googleapps.permission.GOOGLE_AUTH.wise from package com.google.android.apps.docs.editors.slides (protectionLevel=2 flags=0x38dbbe44)
04-22 11:34:53.182  1749  1794 I PackageManager: Un-granting permission com.google.android.setupwizard.READ_DEVICE_ORIGIN from package com.google.android.apps.messaging (protectionLevel=18 flags=0x38cbbe45)
04-22 11:34:53.184  1749  1794 I PackageManager: Un-granting permission android.permission.SEND_DOWNLOAD_COMPLETED_INTENTS from package com.android.vending (protectionLevel=2 flags=0x28cabec5)
04-22 11:34:53.188  1749  1794 I PackageManager: Un-granting permission android.permission.BIND_CARRIER_SERVICES from package com.republicwireless.tel (protectionLevel=18 flags=0x30483e45)
04-22 11:34:53.188  1749  1794 I PackageManager: Un-granting permission android.permission.REQUEST_INSTALL_PACKAGES from package com.google.android.gm (protectionLevel=66 flags=0x38cbbe45)
04-22 11:34:53.190  1749  1794 I PackageManager: Un-granting permission android.permission.MANAGE_ROLE_HOLDERS from package com.google.android.apps.wellbeing (protectionLevel=258 flags=0x20cbbe45)
04-22 11:34:53.191  1749  1794 I PackageManager: Un-granting permission android.permission.REQUEST_INSTALL_PACKAGES from package com.google.android.apps.nbu.files (protectionLevel=66 flags=0x30c83e45)
04-22 11:34:53.191  1749  1794 I PackageManager: Un-granting permission android.permission.REQUEST_INSTALL_PACKAGES from package com.google.android.apps.docs (protectionLevel=66 flags=0x38cbbe45)
04-22 11:34:53.192  1749  1794 I PackageManager: Un-granting permission android.permission.INTERACT_ACROSS_USERS from package com.google.android.syncadapters.contacts (protectionLevel=50 flags=0x20883e45)
04-22 11:34:53.192  1749  1794 I PackageManager: Un-granting permission android.permission.REQUEST_INSTALL_PACKAGES from package com.android.chrome (protectionLevel=66 flags=0xa0cbbe45)
04-22 11:34:53.193  1749  1794 I PackageManager: Un-granting permission android.permission.CAPTURE_VIDEO_OUTPUT from package com.google.android.gms (protectionLevel=2 flags=0xa0cabec5)
04-22 11:34:53.193  1749  1794 I PackageManager: Un-granting permission android.permission.MANAGE_DEVICE_ADMINS from package com.google.android.gms (protectionLevel=2 flags=0xa0cabec5)
04-22 11:34:53.193  1749  1794 I PackageManager: Un-granting permission android.permission.MANAGE_ACTIVITY_STACKS from package com.google.android.gms (protectionLevel=2 flags=0xa0cabec5)
04-22 11:34:53.193  1749  1794 I PackageManager: Un-granting permission android.permission.CAPTURE_SECURE_VIDEO_OUTPUT from package com.google.android.gms (protectionLevel=2 flags=0xa0cabec5)
04-22 11:34:53.193  1749  1794 I PackageManager: Un-granting permission android.permission.MANAGE_ROLLBACKS from package com.google.android.gms (protectionLevel=514 flags=0xa0cabec5)
04-22 11:34:53.195  1749  1794 I PackageManager: Un-granting permission com.google.android.googleapps.permission.GOOGLE_AUTH from package com.google.android.videos (protectionLevel=2 flags=0x30dbbe45)
04-22 11:34:53.195  1749  1794 I PackageManager: Un-granting permission android.permission.WRITE_MEDIA_STORAGE from package com.google.android.apps.photos (protectionLevel=18 flags=0x38d9be45)
04-22 11:34:53.198  1749  1794 I PackageManager: Un-granting permission android.permission.CONNECTIVITY_INTERNAL from package com.google.android.wfcactivation (protectionLevel=18 flags=0x3888be45)
04-22 11:34:53.198  1749  1794 I PackageManager: Un-granting permission android.permission.READ_LOGS from package com.google.android.wfcactivation (protectionLevel=50 flags=0x3888be45)
04-22 11:34:53.198  1749  1794 I PackageManager: Un-granting permission android.permission.WRITE_APN_SETTINGS from package com.google.android.wfcactivation (protectionLevel=18 flags=0x3888be45)
04-22 11:34:53.198  1749  1794 I PackageManager: Un-granting permission android.permission.WRITE_SECURE_SETTINGS from package com.LogiaGroup.LogiaDeck (protectionLevel=50 flags=0x38483e45)
04-22 11:34:53.200  1749  1794 I PackageManager: Un-granting permission android.permission.READ_WALLPAPER_INTERNAL from package com.google.android.apps.wallpaper (protectionLevel=18 flags=0x20cbbe45)
04-22 11:34:53.341   728  2384 I netd    : trafficSetNetPermForUids(4, [10216]) <0.05ms>
04-22 11:34:53.360  2294  2294 I chatty  : uid=1002(bluetooth) com.android.bluetooth expire 12 lines
04-22 11:34:53.361  1749  2137 I InputReader: Reconfiguring input devices.  changes=0x00000010
04-22 11:34:53.365  3334  3334 D MotoSystemServer: receive intent :Intent { act=android.intent.action.PACKAGE_REMOVED dat=package:com.google.location.nearby.apps.connectedcrossroad flg=0x4000010 (has extras) }
04-22 11:34:53.365  3334  3334 D MotoSystemServer:  packageName = com.google.location.nearby.apps.connectedcrossroad
04-22 11:34:53.366  3398  3398 I GsaVoiceInteractionSrv: O received Intent { act=android.intent.action.PACKAGE_REMOVED dat=package:com.google.location.nearby.apps.connectedcrossroad flg=0x4000010 (has extras) }
04-22 11:34:53.372  1749  1781 W BroadcastQueue: Background execution not allowed: receiving Intent { act=android.intent.action.PACKAGE_REMOVED dat=package:com.google.location.nearby.apps.connectedcrossroad flg=0x4000010 (has extras) } to com.android.vending/com.google.android.finsky.packagemanager.impl.PackageMonitorReceiverImpl$RegisteredReceiver
04-22 11:34:53.373 29193 29193 I Finsky  : [2] acis.h(1): PackageMonitorReceiverImpl - Received: android.intent.action.PACKAGE_REMOVED, [EI7BYFojudkobVjKHwty2rDeKAujxJfCn09fgDnKdGM]
04-22 11:34:53.374  1749  1781 W BroadcastQueue: Background execution not allowed: receiving Intent { act=android.intent.action.PACKAGE_REMOVED dat=package:com.google.location.nearby.apps.connectedcrossroad flg=0x4000010 (has extras) } to com.android.vending/com.google.android.finsky.instantapps.appmanagement.InstantAppRemoveMonitor
04-22 11:34:53.374 29193 29193 I Finsky  : [2] acjt.g(8): Invalidating cached PackageState for com.google.location.nearby.apps.connectedcrossroad
04-22 11:34:53.394  1749  2067 W AccountManagerService: User 10216 does not exist. It might be removed already.
04-22 11:34:53.401  1749  2137 I InputReader: Reconfiguring input devices.  changes=0x00000010
04-22 11:34:53.402  1749  2646 W LocationProviderProxy: com.qualcomm.location resolves service com.android.location.service.v3.NetworkLocationProvider, but has wrong signature, ignoring
04-22 11:34:53.403  1749  2646 W LocationProviderProxy: com.google.android.gms resolves service com.android.location.service.v3.NetworkLocationProvider, but has wrong signature, ignoring
04-22 11:34:53.403  1749  2646 W LocationProviderProxy: com.qualcomm.location resolves service com.android.location.service.v3.NetworkLocationProvider, but has wrong signature, ignoring
04-22 11:34:53.403  1749  2646 W LocationProviderProxy: Odd, no component found for service com.android.location.service.v3.NetworkLocationProvider
04-22 11:34:53.404  2508  2508 E VvmPkgInstalledRcvr: cannot create TelephonyManager from ComponentInfo{com.android.phone/com.android.services.telephony.TelephonyConnectionService}, ***, UserHandle{0}
04-22 11:34:53.405  1749  1763 I system_server: Background concurrent copying GC freed 142580(7594KB) AllocSpace objects, 35(12MB) LOS objects, 42% free, 22MB/40MB, paused 148us total 182.629ms
04-22 11:34:53.407  1749  1781 W BroadcastQueue: Background execution not allowed: receiving Intent { act=android.intent.action.PACKAGE_REMOVED dat=package:com.google.location.nearby.apps.connectedcrossroad flg=0x4000010 (has extras) } to com.google.android.gms/.games.chimera.GamesSystemBroadcastReceiverProxy
04-22 11:34:53.407  3334  3334 D MotoSystemServer: receive intent :Intent { act=android.intent.action.PACKAGE_ADDED dat=package:com.google.location.nearby.apps.connectedcrossroad flg=0x4000010 (has extras) }
04-22 11:34:53.407  3334  3334 D MotoSystemServer:  packageName = com.google.location.nearby.apps.connectedcrossroad
04-22 11:34:53.411  3334  3334 D MotoSystemServer: Finding service package:com.motorola.actions and service:com.motorola.actions.motoservice.MotoService
04-22 11:34:53.413 29193 15265 I Finsky  : [3266] qty.run(16): Wrote row to frosting DB: 473
04-22 11:34:53.415  3334  3334 D MotoSystemServer: Finding service package:com.motorola.moto and service:com.motorola.mya.MayaManagerService
04-22 11:34:53.416  3334  3334 D MotoSystemServer: Finding service package:com.motorola.msimsettings and service:com.motorola.msimsettings.services.PersistentService
04-22 11:34:53.416  3398  3398 I GsaVoiceInteractionSrv: O received Intent { act=android.intent.action.PACKAGE_ADDED dat=package:com.google.location.nearby.apps.connectedcrossroad flg=0x4000010 (has extras) }
04-22 11:34:53.423 29193 29193 I Finsky  : [2] szq.s(2): Installer: package com.google.location.nearby.apps.connectedcrossroad was removed. replacing: true
04-22 11:34:53.425 29193 29193 I Finsky  : [2] tao.L(12): Installer: Notifying status update. package=com.google.location.nearby.apps.connectedcrossroad, status=UNINSTALLED
04-22 11:34:53.432  3334  3334 D MotoSystemServer: Component ComponentInfo{com.motorola.moto/com.motorola.mya.MayaManagerService} is Disabled
04-22 11:34:53.432  3334  3334 W MotoSystemServer: Moto service : com.motorola.msimsettings/com.motorola.msimsettings.services.PersistentService has been already binded
04-22 11:34:53.433  3334  3334 W MotoSystemServer: Moto service : com.motorola.actions/com.motorola.actions.motoservice.MotoService has been already binded
04-22 11:34:53.438  3334  3334 D MotoSystemServer: receive intent :Intent { act=android.intent.action.PACKAGE_REPLACED dat=package:com.google.location.nearby.apps.connectedcrossroad flg=0x4000010 (has extras) }
04-22 11:34:53.438  3334  3334 D MotoSystemServer:  packageName = com.google.location.nearby.apps.connectedcrossroad
04-22 11:34:53.443  1749  2137 I InputReader: Reconfiguring input devices.  changes=0x00000010
04-22 11:34:53.446 29193 15270 I Finsky  : [3268] hzi.a(3): Cancelled 0 ongoing asset module downloads for package com.google.location.nearby.apps.connectedcrossroad due to a concurrent app update.
04-22 11:34:53.447  1749  1781 W BroadcastQueue: Background execution not allowed: receiving Intent { act=android.intent.action.PACKAGE_REMOVED dat=package:com.google.location.nearby.apps.connectedcrossroad flg=0x4000010 (has extras) } to com.google.android.gms/.chimera.GmsIntentOperationService$PersistentTrustedReceiver
04-22 11:34:53.449  1749  1781 W BroadcastQueue: Background execution not allowed: receiving Intent { act=android.intent.action.PACKAGE_REMOVED dat=package:com.google.location.nearby.apps.connectedcrossroad flg=0x4000010 (has extras) } to com.google.android.googlequicksearchbox/com.google.android.apps.gsa.googlequicksearchbox.GelStubAppWatcher
04-22 11:34:53.450 24881 24893 I chatty  : uid=10158(com.google.android.gms) HeapTaskDaemon expire 1 line
04-22 11:34:53.452  3398  3398 I GsaVoiceInteractionSrv: O received Intent { act=android.intent.action.PACKAGE_REPLACED dat=package:com.google.location.nearby.apps.connectedcrossroad flg=0x4000010 (has extras) }
04-22 11:34:53.456 29193 15265 I Finsky  : [3266] qty.run(16): Wrote row to frosting DB: 474
04-22 11:34:53.459 29193 29193 I Finsky  : [2] acis.h(1): PackageMonitorReceiverImpl - Received: android.intent.action.PACKAGE_ADDED, [EI7BYFojudkobVjKHwty2rDeKAujxJfCn09fgDnKdGM]
04-22 11:34:53.460 29193 29193 I Finsky  : [2] acjt.g(8): Invalidating cached PackageState for com.google.location.nearby.apps.connectedcrossroad
04-22 11:34:53.461  1749  1781 W BroadcastQueue: Background execution not allowed: receiving Intent { act=android.intent.action.PACKAGE_REMOVED dat=package:com.google.location.nearby.apps.connectedcrossroad flg=0x4000010 (has extras) } to com.verizon.loginengine.unbranded/com.verizon.vzwavs.AVSSystemReceiver
04-22 11:34:53.463  1749  1781 W BroadcastQueue: Background execution not allowed: receiving Intent { act=android.intent.action.PACKAGE_REMOVED dat=package:com.google.location.nearby.apps.connectedcrossroad flg=0x4000010 (has extras) } to com.google.android.apps.magazines/com.google.android.libraries.social.peoplekit.thirdparty.viewcontrollers.ThirdPartyReceiver
04-22 11:34:53.463  1749  1781 W BroadcastQueue: Background execution not allowed: receiving Intent { act=android.intent.action.PACKAGE_ADDED dat=package:com.google.location.nearby.apps.connectedcrossroad flg=0x4000010 (has extras) } to com.google.android.packageinstaller/com.android.packageinstaller.PackageInstalledReceiver
04-22 11:34:53.463  1749  1781 W BroadcastQueue: Background execution not allowed: receiving Intent { act=android.intent.action.PACKAGE_ADDED dat=package:com.google.location.nearby.apps.connectedcrossroad flg=0x4000010 (has extras) } to com.android.vending/com.google.android.finsky.packagemanager.impl.PackageMonitorReceiverImpl$RegisteredReceiver
04-22 11:34:53.465  8057  8057 D MCLOG   : [MC_Service] onStartcommand()
04-22 11:34:53.478 29193 15270 I Finsky  : [3268] hzf.a(15): Asset module broadcast after update successful for package com.google.location.nearby.apps.connectedcrossroad. 0 sessions broadcast.
04-22 11:34:53.475 29193 15265 I Finsky  : [3266] qty.run(16): Wrote row to frosting DB: 475
04-22 11:34:53.481  1749  1781 W BroadcastQueue: Background execution not allowed: receiving Intent { act=android.intent.action.PACKAGE_ADDED dat=package:com.google.location.nearby.apps.connectedcrossroad flg=0x4000010 (has extras) } to com.facebook.appmanager/com.facebook.oxygen.common.packages.event.manifest.ManifestPackageEventReceiver
04-22 11:34:53.481  1749  1781 W BroadcastQueue: Background execution not allowed: receiving Intent { act=android.intent.action.PACKAGE_ADDED dat=package:com.google.location.nearby.apps.connectedcrossroad flg=0x4000010 (has extras) } to com.google.android.gms/.games.chimera.GamesSystemBroadcastReceiverProxy
04-22 11:34:53.481 29193 29193 I Finsky  : [2] athq.a(3): Do not start WearSupportService due to Wear service optimization
04-22 11:34:53.482  1749  1781 W BroadcastQueue: Background execution not allowed: receiving Intent { act=android.intent.action.PACKAGE_ADDED dat=package:com.google.location.nearby.apps.connectedcrossroad flg=0x4000010 (has extras) } to com.google.android.gms/.gass.chimera.PackageChangeBroadcastReceiver
04-22 11:34:53.483  1749  1749 I TelecomService: DefaultDialerCache: Refreshing default dialer for user 0: now com.google.android.dialer: DDC.oR@AvQ
04-22 11:34:53.488 29193 15265 I Finsky  : [3266] qty.run(16): Wrote row to frosting DB: 476
04-22 11:34:53.492  1749  1781 W BroadcastQueue: Background execution not allowed: receiving Intent { act=android.intent.action.PACKAGE_ADDED dat=package:com.google.location.nearby.apps.connectedcrossroad flg=0x4000010 (has extras) } to com.google.android.gms/.chimera.GmsIntentOperationService$PersistentTrustedReceiver
04-22 11:34:53.492  1749  1781 W BroadcastQueue: Background execution not allowed: receiving Intent { act=android.intent.action.PACKAGE_ADDED dat=package:com.google.location.nearby.apps.connectedcrossroad flg=0x4000010 (has extras) } to com.google.android.googlequicksearchbox/com.google.android.apps.gsa.googlequicksearchbox.GelStubAppWatcher
04-22 11:34:53.494  1749  1781 W BroadcastQueue: Background execution not allowed: receiving Intent { act=android.intent.action.PACKAGE_ADDED dat=package:com.google.location.nearby.apps.connectedcrossroad flg=0x4000010 (has extras) } to com.google.android.ims/.receivers.RcsAutoStartReceiver
04-22 11:34:53.497  1749  1749 V BackupManagerConstants: getFullBackupIntervalMilliseconds(...) returns 86400000
04-22 11:34:53.497  1749  1749 V BackupManagerConstants: getFullBackupRequiredNetworkType(...) returns 2
04-22 11:34:53.497  1749  1749 V BackupManagerConstants: getFullBackupRequireCharging(...) returns true
04-22 11:34:53.500  1749  1749 E LoadedApk: Unable to instantiate appComponentFactory
04-22 11:34:53.500  1749  1749 E LoadedApk: java.lang.ClassNotFoundException: Didn't find class "androidx.core.app.CoreComponentFactory" on path: DexPathList[[],nativeLibraryDirectories=[/system/app/YTMusic/lib/arm, /system/app/YTMusic/YTMusic.apk!/lib/armeabi-v7a, /system/lib, /product/lib, /system/lib, /product/lib]]
04-22 11:34:53.500  1749  1749 E LoadedApk: 	at dalvik.system.BaseDexClassLoader.findClass(BaseDexClassLoader.java:196)
04-22 11:34:53.500  1749  1749 E LoadedApk: 	at java.lang.ClassLoader.loadClass(ClassLoader.java:379)
04-22 11:34:53.500  1749  1749 E LoadedApk: 	at java.lang.ClassLoader.loadClass(ClassLoader.java:312)
04-22 11:34:53.500  1749  1749 E LoadedApk: 	at android.app.LoadedApk.createAppFactory(LoadedApk.java:256)
04-22 11:34:53.500  1749  1749 E LoadedApk: 	at android.app.LoadedApk.updateApplicationInfo(LoadedApk.java:370)
04-22 11:34:53.500  1749  1749 E LoadedApk: 	at android.app.ActivityThread.handleDispatchPackageBroadcast(ActivityThread.java:6186)
04-22 11:34:53.500  1749  1749 E LoadedApk: 	at android.app.ActivityThread$H.handleMessage(ActivityThread.java:2108)
04-22 11:34:53.500  1749  1749 E LoadedApk: 	at android.os.Handler.dispatchMessage(Handler.java:107)
04-22 11:34:53.500  1749  1749 E LoadedApk: 	at android.os.Looper.loop(Looper.java:241)
04-22 11:34:53.500  1749  1749 E LoadedApk: 	at com.android.server.SystemServer.run(SystemServer.java:585)
04-22 11:34:53.500  1749  1749 E LoadedApk: 	at com.android.server.SystemServer.main(SystemServer.java:381)
04-22 11:34:53.500  1749  1749 E LoadedApk: 	at java.lang.reflect.Method.invoke(Native Method)
04-22 11:34:53.500  1749  1749 E LoadedApk: 	at com.android.internal.os.RuntimeInit$MethodAndArgsCaller.run(RuntimeInit.java:492)
04-22 11:34:53.500  1749  1749 E LoadedApk: 	at com.android.internal.os.ZygoteInit.main(ZygoteInit.java:919)
04-22 11:34:53.505 29193 29224 I android.vendin: Waiting for a blocking GC ProfileSaver
04-22 11:34:53.512  1749  3454 W BroadcastQueue: Background execution not allowed: receiving Intent { act=android.intent.action.PACKAGE_ADDED dat=package:com.google.location.nearby.apps.connectedcrossroad flg=0x4000010 (has extras) } to com.verizon.loginengine.unbranded/com.verizon.vzwavs.AVSSystemReceiver
04-22 11:34:53.514 29193 29224 I android.vendin: WaitForGcToComplete blocked ProfileSaver on HeapTrim for 8.640ms
04-22 11:34:53.515  2508  2508 E PhoneInterfaceManager: [PhoneIntfMgr] getCarrierPackageNamesForIntent: No UICC
04-22 11:34:53.515  2508  2508 D CarrierSvcBindHelper: No carrier app for: 0
04-22 11:34:53.515  2508  2508 E PhoneInterfaceManager: [PhoneIntfMgr] getCarrierPackageNamesForIntent: No UICC
04-22 11:34:53.515  2508  2508 D CarrierSvcBindHelper: No carrier app for: 0
04-22 11:34:53.516 29193 29193 I Finsky  : [2] acis.h(1): PackageMonitorReceiverImpl - Received: android.intent.action.PACKAGE_ADDED, [EI7BYFojudkobVjKHwty2rDeKAujxJfCn09fgDnKdGM]
04-22 11:34:53.517 29193 29193 I Finsky  : [2] acjt.g(8): Invalidating cached PackageState for com.google.location.nearby.apps.connectedcrossroad
04-22 11:34:53.523  2508  2508 E VvmPkgInstalledRcvr: cannot create TelephonyManager from ComponentInfo{com.android.phone/com.android.services.telephony.TelephonyConnectionService}, ***, UserHandle{0}
04-22 11:34:53.523  1749  1749 E LoadedApk: Unable to instantiate appComponentFactory
04-22 11:34:53.523  1749  1749 E LoadedApk: java.lang.ClassNotFoundException: Didn't find class "androidx.core.app.CoreComponentFactory" on path: DexPathList[[],nativeLibraryDirectories=[/system/app/YTMusic/lib/arm, /system/app/YTMusic/YTMusic.apk!/lib/armeabi-v7a, /system/lib, /product/lib, /system/lib, /product/lib]]
04-22 11:34:53.523  1749  1749 E LoadedApk: 	at dalvik.system.BaseDexClassLoader.findClass(BaseDexClassLoader.java:196)
04-22 11:34:53.523  1749  1749 E LoadedApk: 	at java.lang.ClassLoader.loadClass(ClassLoader.java:379)
04-22 11:34:53.523  1749  1749 E LoadedApk: 	at java.lang.ClassLoader.loadClass(ClassLoader.java:312)
04-22 11:34:53.523  1749  1749 E LoadedApk: 	at android.app.LoadedApk.createAppFactory(LoadedApk.java:256)
04-22 11:34:53.523  1749  1749 E LoadedApk: 	at android.app.LoadedApk.updateApplicationInfo(LoadedApk.java:370)
04-22 11:34:53.523  1749  1749 E LoadedApk: 	at android.app.ActivityThread.handleDispatchPackageBroadcast(ActivityThread.java:6186)
04-22 11:34:53.523  1749  1749 E LoadedApk: 	at android.app.ActivityThread$H.handleMessage(ActivityThread.java:2108)
