04-22 11:36:19.435  2290  2575 D BtGatt.ScanManager: configureFilterParamter 500 10000 1 0, deliveryMode=0
04-22 11:36:19.435 22073  6656 E NearbyConnections: EndpointManager failed to find EndpointChannel over which to write DATA at offset 612 of Payload -9007404025457505713 to endpoint T8u1 [CONTEXT service_id=54 ]
04-22 11:36:19.437 22073  6656 I chatty  : uid=10156(com.google.android.gms) highpool[332] identical 8 lines
04-22 11:36:19.437 22073  6656 E NearbyConnections: EndpointManager failed to find EndpointChannel over which to write DATA at offset 612 of Payload -9007404025457505713 to endpoint T8u1 [CONTEXT service_id=54 ]
04-22 11:36:19.437  2290  2348 D BtGatt.GattService: onScanFilterParamsConfigured() - clientIf=5, status=0, action=0, availableSpace=11
04-22 11:36:19.437  2290  2348 D BtGatt.ScanManager: callback done for scannerId - 5 status - 0
04-22 11:36:19.438 22073  6656 E NearbyConnections: EndpointManager failed to find EndpointChannel over which to write DATA at offset 612 of Payload -9007404025457505713 to endpoint T8u1 [CONTEXT service_id=54 ]
04-22 11:36:19.438 22073  6656 E NearbyConnections: EndpointManager failed to find EndpointChannel over which to write DATA at offset 612 of Payload -9007404025457505713 to endpoint T8u1 [CONTEXT service_id=54 ]
04-22 11:36:19.438  2290  2603 I bt_stack: [INFO:btm_ble_adv_filter.cc(693)] BTM_LE_PF_set UUID MASK is empty 
04-22 11:36:19.438 22073  6656 E NearbyConnections: EndpointManager failed to find EndpointChannel over which to write DATA at offset 612 of Payload -9007404025457505713 to endpoint T8u1 [CONTEXT service_id=54 ]
04-22 11:36:19.438 22073  6656 E NearbyConnections: EndpointManager failed to find EndpointChannel over which to write DATA at offset 612 of Payload -9007404025457505713 to endpoint T8u1 [CONTEXT service_id=54 ]
04-22 11:36:19.438  2290  2348 D BtGatt.GattService: onScanFilterConfig() - clientIf=5, action = 0 status = 0, filterType=0, availableSpace=0
04-22 11:36:19.438  2290  2348 D BtGatt.ScanManager: callback done for scannerId - 5 status - 0
04-22 11:36:19.438  2290  2575 D BtGatt.ScanManager: configureFilterParamter 500 10000 1 0, deliveryMode=0
04-22 11:36:19.439 22073  6656 E NearbyConnections: EndpointManager failed to find EndpointChannel over which to write DATA at offset 612 of Payload -9007404025457505713 to endpoint T8u1 [CONTEXT service_id=54 ]
04-22 11:36:19.442 22073  6656 I chatty  : uid=10156(com.google.android.gms) highpool[332] identical 14 lines
04-22 11:36:19.442 22073  6656 E NearbyConnections: EndpointManager failed to find EndpointChannel over which to write DATA at offset 612 of Payload -9007404025457505713 to endpoint T8u1 [CONTEXT service_id=54 ]
04-22 11:36:19.442  2290  2348 D BtGatt.GattService: onScanFilterParamsConfigured() - clientIf=5, status=0, action=0, availableSpace=10
04-22 11:36:19.442  2290  2348 D BtGatt.ScanManager: callback done for scannerId - 5 status - 0
04-22 11:36:19.442 22073  6656 E NearbyConnections: EndpointManager failed to find EndpointChannel over which to write DATA at offset 612 of Payload -9007404025457505713 to endpoint T8u1 [CONTEXT service_id=54 ]
04-22 11:36:19.443 22073  6656 I chatty  : uid=10156(com.google.android.gms) highpool[332] identical 2 lines
04-22 11:36:19.443 22073  6656 E NearbyConnections: EndpointManager failed to find EndpointChannel over which to write DATA at offset 612 of Payload -9007404025457505713 to endpoint T8u1 [CONTEXT service_id=54 ]
04-22 11:36:19.443  2290  2348 D BtGatt.GattService: onScanFilterConfig() - clientIf=5, action = 0 status = 0, filterType=0, availableSpace=0
04-22 11:36:19.443  2290  2348 D BtGatt.ScanManager: callback done for scannerId - 5 status - 0
04-22 11:36:19.443  2290  2575 D BtGatt.ScanManager: configureFilterParamter 500 10000 1 0, deliveryMode=0
04-22 11:36:19.443 22073  6656 E NearbyConnections: EndpointManager failed to find EndpointChannel over which to write DATA at offset 612 of Payload -9007404025457505713 to endpoint T8u1 [CONTEXT service_id=54 ]
04-22 11:36:19.446 22073  6656 I chatty  : uid=10156(com.google.android.gms) highpool[332] identical 10 lines
04-22 11:36:19.446 22073  6656 E NearbyConnections: EndpointManager failed to find EndpointChannel over which to write DATA at offset 612 of Payload -9007404025457505713 to endpoint T8u1 [CONTEXT service_id=54 ]
04-22 11:36:19.446  2290  2348 D BtGatt.GattService: onScanFilterParamsConfigured() - clientIf=5, status=0, action=0, availableSpace=9
04-22 11:36:19.446 22073  6656 E NearbyConnections: EndpointManager failed to find EndpointChannel over which to write DATA at offset 612 of Payload -9007404025457505713 to endpoint T8u1 [CONTEXT service_id=54 ]
04-22 11:36:19.446  2290  2348 D BtGatt.ScanManager: callback done for scannerId - 5 status - 0
04-22 11:36:19.446  2290  2575 D BtGatt.ScanManager: configureRegularScanParams() - queue=3
04-22 11:36:19.446  2290  2575 D BtGatt.ScanManager: configureRegularScanParams() - ScanSetting LE 1M Scan mode=2ScanSetting LE Coded Scan mode=2 mLastConfiguredScanSettingLE1M=1 mLastConfiguredScanSettingLECoded=1scanPhy=255
04-22 11:36:19.446 22073  6656 E NearbyConnections: EndpointManager failed to find EndpointChannel over which to write DATA at offset 612 of Payload -9007404025457505713 to endpoint T8u1 [CONTEXT service_id=54 ]
04-22 11:36:19.447  2290  2575 D BtGatt.ScanManager: configureRegularScanParams - scanInterval LE 1M = 4096configureRegularScanParams - scanWindow LE 1M= 4096configureRegularScanParams - scanInterval LE Coded= 4096configureRegularScanParams - scanWindow LE Coded= 4096
04-22 11:36:19.447 22073  6656 E NearbyConnections: EndpointManager failed to find EndpointChannel over which to write DATA at offset 612 of Payload -9007404025457505713 to endpoint T8u1 [CONTEXT service_id=54 ]
04-22 11:36:19.447 22073  6656 E NearbyConnections: EndpointManager failed to find EndpointChannel over which to write DATA at offset 612 of Payload -9007404025457505713 to endpoint T8u1 [CONTEXT service_id=54 ]
04-22 11:36:19.447  2290  2348 D BtGatt.GattService: onScanParamSetupCompleted : 0
04-22 11:36:19.447 22073  6656 E NearbyConnections: EndpointManager failed to find EndpointChannel over which to write DATA at offset 612 of Payload -9007404025457505713 to endpoint T8u1 [CONTEXT service_id=54 ]
04-22 11:36:19.591 22073  6656 I chatty  : uid=10156(com.google.android.gms) highpool[332] identical 534 lines
04-22 11:36:19.592 22073  6656 E NearbyConnections: EndpointManager failed to find EndpointChannel over which to write DATA at offset 612 of Payload -9007404025457505713 to endpoint T8u1 [CONTEXT service_id=54 ]
04-22 11:36:19.592 22073 12606 I NearbyConnections: In requestConnection(), successfully created a WIFI_LAN EndpointChannel to endpoint jPvF [CONTEXT service_id=54 ]
04-22 11:36:19.592 22073  6656 E NearbyConnections: EndpointManager failed to find EndpointChannel over which to write DATA at offset 612 of Payload -9007404025457505713 to endpoint T8u1 [CONTEXT service_id=54 ]
04-22 11:36:19.604 22073  6656 I chatty  : uid=10156(com.google.android.gms) highpool[332] identical 38 lines
04-22 11:36:19.605 22073  6656 E NearbyConnections: EndpointManager failed to find EndpointChannel over which to write DATA at offset 612 of Payload -9007404025457505713 to endpoint T8u1 [CONTEXT service_id=54 ]
04-22 11:36:19.605  5577  5577 I wpa_supplicant: TDLS: Failed to send message (action_code=14)
04-22 11:36:19.605 22073  6656 E NearbyConnections: EndpointManager failed to find EndpointChannel over which to write DATA at offset 612 of Payload -9007404025457505713 to endpoint T8u1 [CONTEXT service_id=54 ]
04-22 11:36:19.614 22073  6656 I chatty  : uid=10156(com.google.android.gms) highpool[332] identical 37 lines
04-22 11:36:19.614 22073  6656 E NearbyConnections: EndpointManager failed to find EndpointChannel over which to write DATA at offset 612 of Payload -9007404025457505713 to endpoint T8u1 [CONTEXT service_id=54 ]
04-22 11:36:19.614 22073 12606 I NearbyConnections: In requestConnection(), wrote ConnectionRequestFrame to endpoint jPvF [CONTEXT service_id=54 ]
04-22 11:36:19.614 22073  6656 E NearbyConnections: EndpointManager failed to find EndpointChannel over which to write DATA at offset 612 of Payload -9007404025457505713 to endpoint T8u1 [CONTEXT service_id=54 ]
04-22 11:36:19.616 22073  6656 I chatty  : uid=10156(com.google.android.gms) highpool[332] identical 6 lines
04-22 11:36:19.616 22073  6656 E NearbyConnections: EndpointManager failed to find EndpointChannel over which to write DATA at offset 612 of Payload -9007404025457505713 to endpoint T8u1 [CONTEXT service_id=54 ]
04-22 11:36:19.616 22073 12606 I NearbyConnections: ClientProxy(244116452) reporting onConnectionResult(UOLe, ERROR) [CONTEXT service_id=54 ]
04-22 11:36:19.617 22073  6656 E NearbyConnections: EndpointManager failed to find EndpointChannel over which to write DATA at offset 612 of Payload -9007404025457505713 to endpoint T8u1 [CONTEXT service_id=54 ]
04-22 11:36:19.617 22073  6656 I chatty  : uid=10156(com.google.android.gms) highpool[332] identical 2 lines
04-22 11:36:19.617 22073  6656 E NearbyConnections: EndpointManager failed to find EndpointChannel over which to write DATA at offset 612 of Payload -9007404025457505713 to endpoint T8u1 [CONTEXT service_id=54 ]
04-22 11:36:19.617 22073 12606 I NearbyConnections: Found BleAdvertisement [ 0x22 0x5b 0xc9 0xed 0x6a 0x50 0x76 0x46 0x01 0x31 0x58 0xcb 0x52 0x5b 0xbf 0x2c 0x00 0x00 ] (with EndpointId jPvF and EndpointInfo [ 0x31 ]) [CONTEXT service_id=54 ]
04-22 11:36:19.618 22073  6656 E NearbyConnections: EndpointManager failed to find EndpointChannel over which to write DATA at offset 612 of Payload -9007404025457505713 to endpoint T8u1 [CONTEXT service_id=54 ]
04-22 11:36:19.619 22073  6656 I chatty  : uid=10156(com.google.android.gms) highpool[332] identical 4 lines
04-22 11:36:19.619 22073  6656 E NearbyConnections: EndpointManager failed to find EndpointChannel over which to write DATA at offset 612 of Payload -9007404025457505713 to endpoint T8u1 [CONTEXT service_id=54 ]
04-22 11:36:19.619 22073 12606 I NearbyConnections: ClientProxy(244116452) ignoring onEndpointDistanceChanged(jPvF, UNKNOWN), because this distance has already been reported [CONTEXT service_id=54 ]
04-22 11:36:19.619 22073  6656 E NearbyConnections: EndpointManager failed to find EndpointChannel over which to write DATA at offset 612 of Payload -9007404025457505713 to endpoint T8u1 [CONTEXT service_id=54 ]
04-22 11:36:19.619 22073  6656 E NearbyConnections: EndpointManager failed to find EndpointChannel over which to write DATA at offset 612 of Payload -9007404025457505713 to endpoint T8u1 [CONTEXT service_id=54 ]
04-22 11:36:19.619 12438 12438 I connectedcrossroad: onConnectionResult: Connection failed, retrying: UOLe
04-22 11:36:19.620 22073  6656 E NearbyConnections: EndpointManager failed to find EndpointChannel over which to write DATA at offset 612 of Payload -9007404025457505713 to endpoint T8u1 [CONTEXT service_id=54 ]
04-22 11:36:19.621 22073  6656 I chatty  : uid=10156(com.google.android.gms) highpool[332] identical 8 lines
04-22 11:36:19.622 22073  6656 E NearbyConnections: EndpointManager failed to find EndpointChannel over which to write DATA at offset 612 of Payload -9007404025457505713 to endpoint T8u1 [CONTEXT service_id=54 ]
04-22 11:36:19.622 22073 12606 I NearbyConnections: In onIncomingConnection(WIFI_LAN) for client 244116452, read ConnectionRequestFrame from endpoint jPvF [CONTEXT service_id=54 ]
04-22 11:36:19.622 22073  6656 E NearbyConnections: EndpointManager failed to find EndpointChannel over which to write DATA at offset 612 of Payload -9007404025457505713 to endpoint T8u1 [CONTEXT service_id=54 ]
04-22 11:36:19.622 22073 12606 I NearbyConnections: In onIncomingConnection(WIFI_LAN) for client 244116452, found a collision with endpoint jPvF. We've already sent a connection request to them with nonce 604777515, but they're also trying to connect to us with nonce -705805710. [CONTEXT service_id=54 ]
04-22 11:36:19.622 22073  6656 E NearbyConnections: EndpointManager failed to find EndpointChannel over which to write DATA at offset 612 of Payload -9007404025457505713 to endpoint T8u1 [CONTEXT service_id=54 ]
04-22 11:36:19.624 22073  6656 I chatty  : uid=10156(com.google.android.gms) highpool[332] identical 9 lines
04-22 11:36:19.625 22073  6656 E NearbyConnections: EndpointManager failed to find EndpointChannel over which to write DATA at offset 612 of Payload -9007404025457505713 to endpoint T8u1 [CONTEXT service_id=54 ]
04-22 11:36:19.625  1743  2039 I WifiService: enableTdls uid=10156 enable=false
04-22 11:36:19.625 22073  6656 E NearbyConnections: EndpointManager failed to find EndpointChannel over which to write DATA at offset 612 of Payload -9007404025457505713 to endpoint T8u1 [CONTEXT service_id=54 ]
04-22 11:36:19.627 22073  6656 I chatty  : uid=10156(com.google.android.gms) highpool[332] identical 7 lines
04-22 11:36:19.627 22073  6656 E NearbyConnections: EndpointManager failed to find EndpointChannel over which to write DATA at offset 612 of Payload -9007404025457505713 to endpoint T8u1 [CONTEXT service_id=54 ]
04-22 11:36:19.627 22073 12606 I NearbyConnections: In onIncomingConnection(WIFI_LAN) for client 244116452, cleaned up the collision with endpoint jPvF by closing their channel. [CONTEXT service_id=54 ]
04-22 11:36:19.627 22073  6656 E NearbyConnections: EndpointManager failed to find EndpointChannel over which to write DATA at offset 612 of Payload -9007404025457505713 to endpoint T8u1 [CONTEXT service_id=54 ]
04-22 11:36:19.627 22073  6656 I chatty  : uid=10156(com.google.android.gms) highpool[332] identical 1 line
04-22 11:36:19.628 22073  6656 E NearbyConnections: EndpointManager failed to find EndpointChannel over which to write DATA at offset 612 of Payload -9007404025457505713 to endpoint T8u1 [CONTEXT service_id=54 ]
04-22 11:36:19.628  1743 11502 I WifiService: enableTdlsWithMacAddress uid=1000 enable=false
04-22 11:36:19.628 22073  6656 E NearbyConnections: EndpointManager failed to find EndpointChannel over which to write DATA at offset 612 of Payload -9007404025457505713 to endpoint T8u1 [CONTEXT service_id=54 ]
04-22 11:36:19.629 22073  6656 I chatty  : uid=10156(com.google.android.gms) highpool[332] identical 5 lines
04-22 11:36:19.630 22073  6656 E NearbyConnections: EndpointManager failed to find EndpointChannel over which to write DATA at offset 612 of Payload -9007404025457505713 to endpoint T8u1 [CONTEXT service_id=54 ]
04-22 11:36:19.630 22073 12606 E NearbyConnections: onIncomingConnection(BLUETOOTH) for client 244116452 failed to initialize the connection with BluetoothClassicSocket:CC:0D:F2:75:2D:BA [CONTEXT service_id=54 ]
04-22 11:36:19.630 22073 12606 E NearbyConnections: java.io.IOException: In readConnectionRequestFrame, attempted to read a ConnectionRequestFrame from EndpointChannel BLUETOOTH but was unable to obtain any OfflineFrame.
04-22 11:36:19.630 22073 12606 E NearbyConnections: 	at akuj.A(:com.google.android.gms@211213033@21.12.13 (120300-367530751):10)
04-22 11:36:19.630 22073 12606 E NearbyConnections: 	at akxh.run(Unknown Source:7)
04-22 11:36:19.630 22073 12606 E NearbyConnections: 	at akoz.run(Unknown Source:3)
04-22 11:36:19.630 22073 12606 E NearbyConnections: 	at ull.c(:com.google.android.gms@211213033@21.12.13 (120300-367530751):6)
04-22 11:36:19.630 22073 12606 E NearbyConnections: 	at ull.run(:com.google.android.gms@211213033@21.12.13 (120300-367530751):8)
04-22 11:36:19.630 22073 12606 E NearbyConnections: 	at java.util.concurrent.ThreadPoolExecutor.runWorker(ThreadPoolExecutor.java:1167)
04-22 11:36:19.630 22073 12606 E NearbyConnections: 	at java.util.concurrent.ThreadPoolExecutor$Worker.run(ThreadPoolExecutor.java:641)
04-22 11:36:19.630 22073 12606 E NearbyConnections: 	at uri.run(:com.google.android.gms@211213033@21.12.13 (120300-367530751):0)
04-22 11:36:19.630 22073 12606 E NearbyConnections: 	at java.lang.Thread.run(Thread.java:919)
04-22 11:36:19.630 22073 12606 E NearbyConnections: Caused by: java.io.IOException: bt socket closed, read return: -1
04-22 11:36:19.630 22073 12606 E NearbyConnections: 	at android.bluetooth.BluetoothSocket.read(BluetoothSocket.java:564)
04-22 11:36:19.630 22073 12606 E NearbyConnections: 	at android.bluetooth.BluetoothInputStream.read(BluetoothInputStream.java:88)
04-22 11:36:19.630 22073 12606 E NearbyConnections: 	at java.io.BufferedInputStream.fill(BufferedInputStream.java:248)
04-22 11:36:19.630 22073 12606 E NearbyConnections: 	at java.io.BufferedInputStream.read1(BufferedInputStream.java:288)
04-22 11:36:19.630 22073 12606 E NearbyConnections: 	at java.io.BufferedInputStream.read(BufferedInputStream.java:347)
04-22 11:36:19.630 22073 12606 E NearbyConnections: 	at java.io.DataInputStream.readFully(DataInputStream.java:198)
04-22 11:36:19.630 22073 12606 E NearbyConnections: 	at java.io.DataInputStream.readInt(DataInputStream.java:389)
04-22 11:36:19.630 22073 12606 E NearbyConnections: 	at akti.h(:com.google.android.gms@211213033@21.12.13 (120300-367530751):1)
04-22 11:36:19.630 22073 12606 E NearbyConnections: 	at akti.g(:com.google.android.gms@211213033@21.12.13 (120300-367530751):2)
04-22 11:36:19.630 22073 12606 E NearbyConnections: 	at akuj.A(:com.google.android.gms@211213033@21.12.13 (120300-367530751):8)
04-22 11:36:19.630 22073 12606 E NearbyConnections: 	... 8 more
04-22 11:36:19.630 22073  6656 E NearbyConnections: EndpointManager failed to find EndpointChannel over which to write DATA at offset 612 of Payload -9007404025457505713 to endpoint T8u1 [CONTEXT service_id=54 ]
04-22 11:36:19.630 22073 12606 D BluetoothSocket: close() this: android.bluetooth.BluetoothSocket@6aa033e, channel: 4, mSocketIS: android.net.LocalSocketImpl$SocketInputStream@354759f, mSocketOS: android.net.LocalSocketImpl$SocketOutputStream@ec6b6ecmSocket: android.net.LocalSocket@cdffab5 impl:android.net.LocalSocketImpl@6bf154a fd:java.io.FileDescriptor@914ccbb, mSocketState: CONNECTED
04-22 11:36:19.630 22073  6656 E NearbyConnections: EndpointManager failed to find EndpointChannel over which to write DATA at offset 612 of Payload -9007404025457505713 to endpoint T8u1 [CONTEXT service_id=54 ]
04-22 11:36:19.630 22073  6656 E NearbyConnections: EndpointManager failed to find EndpointChannel over which to write DATA at offset 612 of Payload -9007404025457505713 to endpoint T8u1 [CONTEXT service_id=54 ]
04-22 11:36:19.630 22073 12606 D BluetoothSocket: close() this: android.bluetooth.BluetoothSocket@6aa033e, channel: 4, mSocketIS: android.net.LocalSocketImpl$SocketInputStream@354759f, mSocketOS: android.net.LocalSocketImpl$SocketOutputStream@ec6b6ecmSocket: null, mSocketState: CLOSED
04-22 11:36:19.630 22073  6656 E NearbyConnections: EndpointManager failed to find EndpointChannel over which to write DATA at offset 612 of Payload -9007404025457505713 to endpoint T8u1 [CONTEXT service_id=54 ]
04-22 11:36:19.631 22073 12606 I NearbyConnections: Failed to close write stream of BLUETOOTH EndpointChannel BluetoothClassicSocket:CC:0D:F2:75:2D:BA: socket closed [CONTEXT service_id=54 ]
04-22 11:36:19.631 22073  6656 E NearbyConnections: EndpointManager failed to find EndpointChannel over which to write DATA at offset 612 of Payload -9007404025457505713 to endpoint T8u1 [CONTEXT service_id=54 ]
04-22 11:36:19.631 22073 12606 D BluetoothSocket: close() this: android.bluetooth.BluetoothSocket@6aa033e, channel: 4, mSocketIS: android.net.LocalSocketImpl$SocketInputStream@354759f, mSocketOS: android.net.LocalSocketImpl$SocketOutputStream@ec6b6ecmSocket: null, mSocketState: CLOSED
04-22 11:36:19.631 22073  6656 E NearbyConnections: EndpointManager failed to find EndpointChannel over which to write DATA at offset 612 of Payload -9007404025457505713 to endpoint T8u1 [CONTEXT service_id=54 ]
04-22 11:36:19.742 22073  6656 I chatty  : uid=10156(com.google.android.gms) highpool[332] identical 448 lines
04-22 11:36:19.742 22073  6656 E NearbyConnections: EndpointManager failed to find EndpointChannel over which to write DATA at offset 612 of Payload -9007404025457505713 to endpoint T8u1 [CONTEXT service_id=54 ]
04-22 11:36:19.742  5577  5577 I wpa_supplicant: TDLS: Failed to send message (action_code=14)
04-22 11:36:19.742 22073  6656 E NearbyConnections: EndpointManager failed to find EndpointChannel over which to write DATA at offset 612 of Payload -9007404025457505713 to endpoint T8u1 [CONTEXT service_id=54 ]
04-22 11:36:20.233 22073  6656 I chatty  : uid=10156(com.google.android.gms) highpool[332] identical 1829 lines
04-22 11:36:20.234 22073  6656 E NearbyConnections: EndpointManager failed to find EndpointChannel over which to write DATA at offset 612 of Payload -9007404025457505713 to endpoint T8u1 [CONTEXT service_id=54 ]
04-22 11:36:20.234 22073  6200 W Nearby  : Method is still running after 1890657 millis. [CONTEXT service_id=49 ]
04-22 11:36:20.234 22073  6200 W Nearby  : akpc: akpc
04-22 11:36:20.234 22073  6200 W Nearby  : 	at java.util.ArrayList$Itr.next(ArrayList.java:859)
04-22 11:36:20.234 22073  6200 W Nearby  : 	at akza.b(:com.google.android.gms@211213033@21.12.13 (120300-367530751):4)
04-22 11:36:20.234 22073  6200 W Nearby  : 	at akyu.a(:com.google.android.gms@211213033@21.12.13 (120300-367530751):56)
04-22 11:36:20.234 22073  6200 W Nearby  : 	at akyv.run(:com.google.android.gms@211213033@21.12.13 (120300-367530751):27)
04-22 11:36:20.234 22073  6200 W Nearby  : 	at akoz.run(Unknown Source:3)
04-22 11:36:20.234 22073  6200 W Nearby  : 	at ull.c(:com.google.android.gms@211213033@21.12.13 (120300-367530751):6)
04-22 11:36:20.234 22073  6200 W Nearby  : 	at ull.run(:com.google.android.gms@211213033@21.12.13 (120300-367530751):8)
04-22 11:36:20.234 22073  6200 W Nearby  : 	at java.util.concurrent.ThreadPoolExecutor.runWorker(ThreadPoolExecutor.java:1167)
04-22 11:36:20.234 22073  6200 W Nearby  : 	at java.util.concurrent.ThreadPoolExecutor$Worker.run(ThreadPoolExecutor.java:641)
04-22 11:36:20.234 22073  6200 W Nearby  : 	at uri.run(:com.google.android.gms@211213033@21.12.13 (120300-367530751):0)
04-22 11:36:20.234 22073  6200 W Nearby  : 	at java.lang.Thread.run(Thread.java:919)
04-22 11:36:20.234 22073  6200 W Nearby  : Caused by: akpc
04-22 11:36:20.234 22073  6200 W Nearby  : 	at akpd.a(:com.google.android.gms@211213033@21.12.13 (120300-367530751):0)
04-22 11:36:20.234 22073  6200 W Nearby  : 	at akov.execute(:com.google.android.gms@211213033@21.12.13 (120300-367530751):0)
04-22 11:36:20.234 22073  6200 W Nearby  : 	at akrw.call(Unknown Source:8)
04-22 11:36:20.234 22073  6200 W Nearby  : 	at akrm.run(Unknown Source:2)
04-22 11:36:20.234 22073  6200 W Nearby  : 	... 7 more
04-22 11:36:20.235 22073  6656 E NearbyConnections: EndpointManager failed to find EndpointChannel over which to write DATA at offset 612 of Payload -9007404025457505713 to endpoint T8u1 [CONTEXT service_id=54 ]
04-22 11:36:20.414 22073  6656 I chatty  : uid=10156(com.google.android.gms) highpool[332] identical 712 lines
04-22 11:36:20.415 22073  6656 E NearbyConnections: EndpointManager failed to find EndpointChannel over which to write DATA at offset 612 of Payload -9007404025457505713 to endpoint T8u1 [CONTEXT service_id=54 ]
04-22 11:36:20.415 22073 22238 I NearbyShared: FastPair: Failed to get alias name from device
04-22 11:36:20.415 22073  6656 E NearbyConnections: EndpointManager failed to find EndpointChannel over which to write DATA at offset 612 of Payload -9007404025457505713 to endpoint T8u1 [CONTEXT service_id=54 ]
04-22 11:36:20.886 22073  6656 I chatty  : uid=10156(com.google.android.gms) highpool[332] identical 1783 lines
04-22 11:36:20.886 22073  6656 E NearbyConnections: EndpointManager failed to find EndpointChannel over which to write DATA at offset 612 of Payload -9007404025457505713 to endpoint T8u1 [CONTEXT service_id=54 ]
04-22 11:36:20.886 22073 12606 I NearbyMediums: Wifi LAN discovered service Img3dmRbye0AAA, but that's us. Ignoring. [CONTEXT service_id=54 ]
04-22 11:36:20.886 22073  6656 E NearbyConnections: EndpointManager failed to find EndpointChannel over which to write DATA at offset 612 of Payload -9007404025457505713 to endpoint T8u1 [CONTEXT service_id=54 ]
04-22 11:36:20.887 22073  6656 I chatty  : uid=10156(com.google.android.gms) highpool[332] identical 1 line
04-22 11:36:20.887 22073  6656 E NearbyConnections: EndpointManager failed to find EndpointChannel over which to write DATA at offset 612 of Payload -9007404025457505713 to endpoint T8u1 [CONTEXT service_id=54 ]
04-22 11:36:20.887 22073 12606 I NearbyMediums: Wifi LAN discovered service Img3dmRbye0AAA, but that's us. Ignoring. [CONTEXT service_id=54 ]
04-22 11:36:20.887 22073  6656 E NearbyConnections: EndpointManager failed to find EndpointChannel over which to write DATA at offset 612 of Payload -9007404025457505713 to endpoint T8u1 [CONTEXT service_id=54 ]
04-22 11:36:21.077 22073  6656 I chatty  : uid=10156(com.google.android.gms) highpool[332] identical 689 lines
04-22 11:36:21.083 22073  6656 E NearbyConnections: EndpointManager failed to find EndpointChannel over which to write DATA at offset 612 of Payload -9007404025457505713 to endpoint T8u1 [CONTEXT service_id=54 ]
04-22 11:36:21.083 22073 22091 I .gms.persisten: Background concurrent copying GC freed 176473(14MB) AllocSpace objects, 0(0B) LOS objects, 49% free, 12MB/25MB, paused 156us total 190.625ms
04-22 11:36:21.083 22073  6656 E NearbyConnections: EndpointManager failed to find EndpointChannel over which to write DATA at offset 612 of Payload -9007404025457505713 to endpoint T8u1 [CONTEXT service_id=54 ]
04-22 11:36:21.084 22073  6656 I chatty  : uid=10156(com.google.android.gms) highpool[332] identical 1 line
04-22 11:36:21.084 22073  6656 E NearbyConnections: EndpointManager failed to find EndpointChannel over which to write DATA at offset 612 of Payload -9007404025457505713 to endpoint T8u1 [CONTEXT service_id=54 ]
04-22 11:36:21.084 22073 22093 D BluetoothSocket: close() this: android.bluetooth.BluetoothSocket@7e324d6, channel: 4, mSocketIS: android.net.LocalSocketImpl$SocketInputStream@4741357, mSocketOS: android.net.LocalSocketImpl$SocketOutputStream@f9aee44mSocket: null, mSocketState: CLOSED
04-22 11:36:21.084 22073  6656 E NearbyConnections: EndpointManager failed to find EndpointChannel over which to write DATA at offset 612 of Payload -9007404025457505713 to endpoint T8u1 [CONTEXT service_id=54 ]
04-22 11:36:21.084 22073 22093 D BluetoothSocket: close() this: android.bluetooth.BluetoothSocket@6aa033e, channel: 4, mSocketIS: android.net.LocalSocketImpl$SocketInputStream@354759f, mSocketOS: android.net.LocalSocketImpl$SocketOutputStream@ec6b6ecmSocket: null, mSocketState: CLOSED
04-22 11:36:21.084 22073  6656 E NearbyConnections: EndpointManager failed to find EndpointChannel over which to write DATA at offset 612 of Payload -9007404025457505713 to endpoint T8u1 [CONTEXT service_id=54 ]
04-22 11:36:21.269 22073  6656 I chatty  : uid=10156(com.google.android.gms) highpool[332] identical 723 lines
04-22 11:36:21.270 22073  6656 E NearbyConnections: EndpointManager failed to find EndpointChannel over which to write DATA at offset 612 of Payload -9007404025457505713 to endpoint T8u1 [CONTEXT service_id=54 ]
04-22 11:36:21.270 22073 12606 I NearbyConnections: Completed UKEY2 with endpoint jPvF and obtained authentication token BU7BT [CONTEXT service_id=54 ]
04-22 11:36:21.270 22073  6656 E NearbyConnections: EndpointManager failed to find EndpointChannel over which to write DATA at offset 612 of Payload -9007404025457505713 to endpoint T8u1 [CONTEXT service_id=54 ]
04-22 11:36:21.270 22073 12606 I NearbyConnections: Unable to verify the authentication token with endpoint jPvF using a preshared public key [CONTEXT service_id=54 ]
04-22 11:36:21.270 22073  6656 E NearbyConnections: EndpointManager failed to find EndpointChannel over which to write DATA at offset 612 of Payload -9007404025457505713 to endpoint T8u1 [CONTEXT service_id=54 ]
04-22 11:36:21.271 22073  6656 I chatty  : uid=10156(com.google.android.gms) highpool[332] identical 2 lines
04-22 11:36:21.271 22073  6656 E NearbyConnections: EndpointManager failed to find EndpointChannel over which to write DATA at offset 612 of Payload -9007404025457505713 to endpoint T8u1 [CONTEXT service_id=54 ]
04-22 11:36:21.271 22073 12562 I NearbyConnections: EndpointManager received request to update registration of IncomingOfflineFrameProcessor for frame type CONNECTION_RESPONSE from akxz@2811d6e to akxz@2811d6e. [CONTEXT service_id=54 ]
04-22 11:36:21.271 22073  6656 E NearbyConnections: EndpointManager failed to find EndpointChannel over which to write DATA at offset 612 of Payload -9007404025457505713 to endpoint T8u1 [CONTEXT service_id=54 ]
04-22 11:36:21.284 22073  6656 I chatty  : uid=10156(com.google.android.gms) highpool[332] identical 43 lines
04-22 11:36:21.284 22073  6656 E NearbyConnections: EndpointManager failed to find EndpointChannel over which to write DATA at offset 612 of Payload -9007404025457505713 to endpoint T8u1 [CONTEXT service_id=54 ]
04-22 11:36:21.284 22073 12606 I NearbyConnections: Ignore Wi-Fi Lan BSSID/IP validator since the PCP already established connection on Wi-Fi LAN. [CONTEXT service_id=54 ]
04-22 11:36:21.285 22073  6656 E NearbyConnections: EndpointManager failed to find EndpointChannel over which to write DATA at offset 612 of Payload -9007404025457505713 to endpoint T8u1 [CONTEXT service_id=54 ]
04-22 11:36:21.285 22073  6656 I chatty  : uid=10156(com.google.android.gms) highpool[332] identical 1 line
04-22 11:36:21.285 22073  6656 E NearbyConnections: EndpointManager failed to find EndpointChannel over which to write DATA at offset 612 of Payload -9007404025457505713 to endpoint T8u1 [CONTEXT service_id=54 ]
04-22 11:36:21.285 22073 12562 I NearbyConnections: EndpointChannelManager registered channel of type WIFI_LAN to endpoint jPvF [CONTEXT service_id=54 ]
04-22 11:36:21.285 22073  6656 E NearbyConnections: EndpointManager failed to find EndpointChannel over which to write DATA at offset 612 of Payload -9007404025457505713 to endpoint T8u1 [CONTEXT service_id=54 ]
04-22 11:36:21.286 22073  6656 I chatty  : uid=10156(com.google.android.gms) highpool[332] identical 4 lines
04-22 11:36:21.287 22073  6656 E NearbyConnections: EndpointManager failed to find EndpointChannel over which to write DATA at offset 612 of Payload -9007404025457505713 to endpoint T8u1 [CONTEXT service_id=54 ]
04-22 11:36:21.287 22073 12562 I NearbyConnections: ClientProxy(244116452) reporting onConnectionInitiated(jPvF, [ 0x31 ]) [CONTEXT service_id=54 ]
04-22 11:36:21.287 22073  6656 E NearbyConnections: EndpointManager failed to find EndpointChannel over which to write DATA at offset 612 of Payload -9007404025457505713 to endpoint T8u1 [CONTEXT service_id=54 ]
04-22 11:36:21.287 22073  6656 I chatty  : uid=10156(com.google.android.gms) highpool[332] identical 2 lines
04-22 11:36:21.288 22073  6656 E NearbyConnections: EndpointManager failed to find EndpointChannel over which to write DATA at offset 612 of Payload -9007404025457505713 to endpoint T8u1 [CONTEXT service_id=54 ]
04-22 11:36:21.288 12438 12438 D connectedcrossroad: onConnectionInitiated: Accepting connection
04-22 11:36:21.288 22073  6656 E NearbyConnections: EndpointManager failed to find EndpointChannel over which to write DATA at offset 612 of Payload -9007404025457505713 to endpoint T8u1 [CONTEXT service_id=54 ]
04-22 11:36:21.288 22073  6656 E NearbyConnections: EndpointManager failed to find EndpointChannel over which to write DATA at offset 612 of Payload -9007404025457505713 to endpoint T8u1 [CONTEXT service_id=54 ]
04-22 11:36:21.288 22073 12207 I NearbyConnections: Client 244116452 accepted the connection with endpoint UOLe. [CONTEXT service_id=54 ]
04-22 11:36:21.289 22073  6656 E NearbyConnections: EndpointManager failed to find EndpointChannel over which to write DATA at offset 612 of Payload -9007404025457505713 to endpoint T8u1 [CONTEXT service_id=54 ]
04-22 11:36:21.289 22073  6656 I chatty  : uid=10156(com.google.android.gms) highpool[332] identical 1 line
04-22 11:36:21.289 22073  6656 E NearbyConnections: EndpointManager failed to find EndpointChannel over which to write DATA at offset 612 of Payload -9007404025457505713 to endpoint T8u1 [CONTEXT service_id=54 ]
04-22 11:36:21.289 22073 12606 I NearbyConnections: Client 244116452 has accepted the connection with endpoint UOLe [CONTEXT service_id=54 ]
04-22 11:36:21.289 22073  6656 E NearbyConnections: EndpointManager failed to find EndpointChannel over which to write DATA at offset 612 of Payload -9007404025457505713 to endpoint T8u1 [CONTEXT service_id=54 ]
04-22 11:36:21.289 22073 12606 I NearbyConnections: Client 244116452 invoked acceptConnection() to endpointId UOLe with whom we don't have a pending connection. [CONTEXT service_id=54 ]
04-22 11:36:21.290 22073  6656 E NearbyConnections: EndpointManager failed to find EndpointChannel over which to write DATA at offset 612 of Payload -9007404025457505713 to endpoint T8u1 [CONTEXT service_id=54 ]
04-22 11:36:21.291 22073  6656 I chatty  : uid=10156(com.google.android.gms) highpool[332] identical 5 lines
04-22 11:36:21.291 22073  6656 E NearbyConnections: EndpointManager failed to find EndpointChannel over which to write DATA at offset 612 of Payload -9007404025457505713 to endpoint T8u1 [CONTEXT service_id=54 ]
04-22 11:36:21.291 22073 12207 I NearbyConnections: Client 244116452 requested a connection to endpoint UOLe. [CONTEXT service_id=54 ]
04-22 11:36:21.291 22073  6656 E NearbyConnections: EndpointManager failed to find EndpointChannel over which to write DATA at offset 612 of Payload -9007404025457505713 to endpoint T8u1 [CONTEXT service_id=54 ]
04-22 11:36:21.292 22073  6656 I chatty  : uid=10156(com.google.android.gms) highpool[332] identical 1 line
04-22 11:36:21.292 22073  6656 E NearbyConnections: EndpointManager failed to find EndpointChannel over which to write DATA at offset 612 of Payload -9007404025457505713 to endpoint T8u1 [CONTEXT service_id=54 ]
04-22 11:36:21.292 22073 12606 I NearbyConnections: In requestConnection(), attempting to connect to endpoint UOLe over mediums [BLUETOOTH]. [CONTEXT service_id=54 ]
04-22 11:36:21.292 22073  6656 E NearbyConnections: EndpointManager failed to find EndpointChannel over which to write DATA at offset 612 of Payload -9007404025457505713 to endpoint T8u1 [CONTEXT service_id=54 ]
04-22 11:36:21.296 22073  6656 I chatty  : uid=10156(com.google.android.gms) highpool[332] identical 18 lines
04-22 11:36:21.297 22073  6656 E NearbyConnections: EndpointManager failed to find EndpointChannel over which to write DATA at offset 612 of Payload -9007404025457505713 to endpoint T8u1 [CONTEXT service_id=54 ]
04-22 11:36:21.297  2290  3378 D BluetoothAdapterService: cancelDiscovery
04-22 11:36:21.297 22073  6656 E NearbyConnections: EndpointManager failed to find EndpointChannel over which to write DATA at offset 612 of Payload -9007404025457505713 to endpoint T8u1 [CONTEXT service_id=54 ]
04-22 11:36:21.298 22073  6656 I chatty  : uid=10156(com.google.android.gms) highpool[332] identical 6 lines
04-22 11:36:21.299 22073  6656 E NearbyConnections: EndpointManager failed to find EndpointChannel over which to write DATA at offset 612 of Payload -9007404025457505713 to endpoint T8u1 [CONTEXT service_id=54 ]
04-22 11:36:21.299 22073 12606 D BluetoothAdapter: isLeEnabled(): ON
04-22 11:36:21.299 22073  6656 E NearbyConnections: EndpointManager failed to find EndpointChannel over which to write DATA at offset 612 of Payload -9007404025457505713 to endpoint T8u1 [CONTEXT service_id=54 ]
04-22 11:36:21.299 22073  6656 I chatty  : uid=10156(com.google.android.gms) highpool[332] identical 1 line
04-22 11:36:21.299 22073  6656 E NearbyConnections: EndpointManager failed to find EndpointChannel over which to write DATA at offset 612 of Payload -9007404025457505713 to endpoint T8u1 [CONTEXT service_id=54 ]
04-22 11:36:21.299  2290  3378 D BtGatt.GattService: stopScan() - queue size =3
04-22 11:36:21.300 22073  6656 E NearbyConnections: EndpointManager failed to find EndpointChannel over which to write DATA at offset 612 of Payload -9007404025457505713 to endpoint T8u1 [CONTEXT service_id=54 ]
04-22 11:36:21.301 22073  6656 I chatty  : uid=10156(com.google.android.gms) highpool[332] identical 6 lines
04-22 11:36:21.301 22073  6656 E NearbyConnections: EndpointManager failed to find EndpointChannel over which to write DATA at offset 612 of Payload -9007404025457505713 to endpoint T8u1 [CONTEXT service_id=54 ]
04-22 11:36:21.301  2290  2575 I BtGatt.ScanManager: msg.what = 1
04-22 11:36:21.301 22073  6656 E NearbyConnections: EndpointManager failed to find EndpointChannel over which to write DATA at offset 612 of Payload -9007404025457505713 to endpoint T8u1 [CONTEXT service_id=54 ]
04-22 11:36:21.302 22073  6656 I chatty  : uid=10156(com.google.android.gms) highpool[332] identical 1 line
04-22 11:36:21.302 22073  6656 E NearbyConnections: EndpointManager failed to find EndpointChannel over which to write DATA at offset 612 of Payload -9007404025457505713 to endpoint T8u1 [CONTEXT service_id=54 ]
04-22 11:36:21.302  2290  2737 D BtGatt.GattService: unregisterScanner() - scannerId=5
04-22 11:36:21.302 22073  6656 E NearbyConnections: EndpointManager failed to find EndpointChannel over which to write DATA at offset 612 of Payload -9007404025457505713 to endpoint T8u1 [CONTEXT service_id=54 ]
04-22 11:36:21.302 22073  6656 I chatty  : uid=10156(com.google.android.gms) highpool[332] identical 1 line
04-22 11:36:21.303 22073  6656 E NearbyConnections: EndpointManager failed to find EndpointChannel over which to write DATA at offset 612 of Payload -9007404025457505713 to endpoint T8u1 [CONTEXT service_id=54 ]
04-22 11:36:21.303 22073 12606 I Nearby  : M hardware scan: 5 filters, scanMode= -1, callback type= 1, workSource = WorkSource{10156 com.google.android.gms} [CONTEXT service_id=49 ]
04-22 11:36:21.303 22073  6656 E NearbyConnections: EndpointManager failed to find EndpointChannel over which to write DATA at offset 612 of Payload -9007404025457505713 to endpoint T8u1 [CONTEXT service_id=54 ]
04-22 11:36:21.303 22073  6656 I chatty  : uid=10156(com.google.android.gms) highpool[332] identical 2 lines
04-22 11:36:21.304 22073  6656 E NearbyConnections: EndpointManager failed to find EndpointChannel over which to write DATA at offset 612 of Payload -9007404025457505713 to endpoint T8u1 [CONTEXT service_id=54 ]
04-22 11:36:21.304 22073 12606 D BluetoothAdapter: isLeEnabled(): ON
04-22 11:36:21.304 22073  6656 E NearbyConnections: EndpointManager failed to find EndpointChannel over which to write DATA at offset 612 of Payload -9007404025457505713 to endpoint T8u1 [CONTEXT service_id=54 ]
04-22 11:36:21.307 22073  6656 I chatty  : uid=10156(com.google.android.gms) highpool[332] identical 11 lines
04-22 11:36:21.307 22073  6656 E NearbyConnections: EndpointManager failed to find EndpointChannel over which to write DATA at offset 612 of Payload -9007404025457505713 to endpoint T8u1 [CONTEXT service_id=54 ]
04-22 11:36:21.307  2290  2737 D BtGatt.GattService: registerScanner() - UUID=0e6867fc-61d7-43e7-a106-fdffd9171e94
04-22 11:36:21.307 22073  6656 E NearbyConnections: EndpointManager failed to find EndpointChannel over which to write DATA at offset 612 of Payload -9007404025457505713 to endpoint T8u1 [CONTEXT service_id=54 ]
04-22 11:36:21.308 22073  6656 I chatty  : uid=10156(com.google.android.gms) highpool[332] identical 3 lines
04-22 11:36:21.308 22073  6656 E NearbyConnections: EndpointManager failed to find EndpointChannel over which to write DATA at offset 612 of Payload -9007404025457505713 to endpoint T8u1 [CONTEXT service_id=54 ]
04-22 11:36:21.308  2290  2603 I bt_stack: [INFO:gatt_api.cc(950)] GATT_Register 68c3d65d-20b8-5abd-d4f7-acfc1e1a56f1
04-22 11:36:21.308 22073  6656 E NearbyConnections: EndpointManager failed to find EndpointChannel over which to write DATA at offset 612 of Payload -9007404025457505713 to endpoint T8u1 [CONTEXT service_id=54 ]
04-22 11:36:21.308  2290  2603 I bt_stack: [INFO:gatt_api.cc(970)] allocated gatt_if=5
04-22 11:36:21.309 22073  6656 E NearbyConnections: EndpointManager failed to find EndpointChannel over which to write DATA at offset 612 of Payload -9007404025457505713 to endpoint T8u1 [CONTEXT service_id=54 ]
04-22 11:36:21.309  2290  2348 D BtGatt.GattService: onScannerRegistered() - UUID=0e6867fc-61d7-43e7-a106-fdffd9171e94, scannerId=5, status=0
04-22 11:36:21.309 22073  6656 E NearbyConnections: EndpointManager failed to find EndpointChannel over which to write DATA at offset 612 of Payload -9007404025457505713 to endpoint T8u1 [CONTEXT service_id=54 ]
04-22 11:36:21.309 22073  6656 E NearbyConnections: EndpointManager failed to find EndpointChannel over which to write DATA at offset 612 of Payload -9007404025457505713 to endpoint T8u1 [CONTEXT service_id=54 ]
04-22 11:36:21.309 22073 22790 D BluetoothLeScanner: onScannerRegistered() - status=0 scannerId=5 mScannerId=0
04-22 11:36:21.309 22073  6656 E NearbyConnections: EndpointManager failed to find EndpointChannel over which to write DATA at offset 612 of Payload -9007404025457505713 to endpoint T8u1 [CONTEXT service_id=54 ]
04-22 11:36:21.310 22073  6656 E NearbyConnections: EndpointManager failed to find EndpointChannel over which to write DATA at offset 612 of Payload -9007404025457505713 to endpoint T8u1 [CONTEXT service_id=54 ]
04-22 11:36:21.310  2290  2737 D BtGatt.GattService: start scan with filters. callingPackage: com.google.android.gms
04-22 11:36:21.310 22073  6656 E NearbyConnections: EndpointManager failed to find EndpointChannel over which to write DATA at offset 612 of Payload -9007404025457505713 to endpoint T8u1 [CONTEXT service_id=54 ]
04-22 11:36:21.310  2290  2348 D BtGatt.GattService: onScanFilterParamsConfigured() - clientIf=5, status=0, action=1, availableSpace=11
04-22 11:36:21.310  2290  2348 D BtGatt.ScanManager: callback done for scannerId - 5 status - 0
04-22 11:36:21.310 22073  6656 E NearbyConnections: EndpointManager failed to find EndpointChannel over which to write DATA at offset 612 of Payload -9007404025457505713 to endpoint T8u1 [CONTEXT service_id=54 ]
04-22 11:36:21.311 22073  6656 I chatty  : uid=10156(com.google.android.gms) highpool[332] identical 5 lines
04-22 11:36:21.312 22073  6656 E NearbyConnections: EndpointManager failed to find EndpointChannel over which to write DATA at offset 612 of Payload -9007404025457505713 to endpoint T8u1 [CONTEXT service_id=54 ]
04-22 11:36:21.312  2290  2348 D BtGatt.GattService: onScanFilterParamsConfigured() - clientIf=5, status=0, action=1, availableSpace=12
04-22 11:36:21.312  2290  2348 D BtGatt.ScanManager: callback done for scannerId - 5 status - 0
04-22 11:36:21.312 22073  6656 E NearbyConnections: EndpointManager failed to find EndpointChannel over which to write DATA at offset 612 of Payload -9007404025457505713 to endpoint T8u1 [CONTEXT service_id=54 ]
04-22 11:36:21.313 22073  6656 I chatty  : uid=10156(com.google.android.gms) highpool[332] identical 5 lines
04-22 11:36:21.313 22073  6656 E NearbyConnections: EndpointManager failed to find EndpointChannel over which to write DATA at offset 612 of Payload -9007404025457505713 to endpoint T8u1 [CONTEXT service_id=54 ]
04-22 11:36:21.313  2290  2348 D BtGatt.GattService: onScanFilterParamsConfigured() - clientIf=5, status=0, action=1, availableSpace=13
04-22 11:36:21.314  2290  2348 D BtGatt.ScanManager: callback done for scannerId - 5 status - 0
04-22 11:36:21.314 22073  6656 E NearbyConnections: EndpointManager failed to find EndpointChannel over which to write DATA at offset 612 of Payload -9007404025457505713 to endpoint T8u1 [CONTEXT service_id=54 ]
04-22 11:36:21.316 22073  6656 I chatty  : uid=10156(com.google.android.gms) highpool[332] identical 9 lines
04-22 11:36:21.316 22073  6656 E NearbyConnections: EndpointManager failed to find EndpointChannel over which to write DATA at offset 612 of Payload -9007404025457505713 to endpoint T8u1 [CONTEXT service_id=54 ]
04-22 11:36:21.316  2290  2348 D BtGatt.GattService: onScanFilterParamsConfigured() - clientIf=5, status=0, action=1, availableSpace=14
04-22 11:36:21.316  2290  2348 D BtGatt.ScanManager: callback done for scannerId - 5 status - 0
04-22 11:36:21.316 22073  6656 E NearbyConnections: EndpointManager failed to find EndpointChannel over which to write DATA at offset 612 of Payload -9007404025457505713 to endpoint T8u1 [CONTEXT service_id=54 ]
04-22 11:36:21.316 22073 12562 W BluetoothAdapter: getBluetoothService() called with no BluetoothManagerCallback
04-22 11:36:21.317 22073  6656 E NearbyConnections: EndpointManager failed to find EndpointChannel over which to write DATA at offset 612 of Payload -9007404025457505713 to endpoint T8u1 [CONTEXT service_id=54 ]
04-22 11:36:21.318 22073  6656 I chatty  : uid=10156(com.google.android.gms) highpool[332] identical 5 lines
04-22 11:36:21.318 22073  6656 E NearbyConnections: EndpointManager failed to find EndpointChannel over which to write DATA at offset 612 of Payload -9007404025457505713 to endpoint T8u1 [CONTEXT service_id=54 ]
04-22 11:36:21.318  2290  2348 D BtGatt.GattService: onScanFilterParamsConfigured() - clientIf=5, status=0, action=1, availableSpace=15
04-22 11:36:21.318  2290  2348 D BtGatt.ScanManager: callback done for scannerId - 5 status - 0
04-22 11:36:21.318  2290  2603 W bt_l2cap: L2CAP - LCID: 0x005c  st: CLOSED  evt: UPPER_LAYER_CONNECT_REQ
04-22 11:36:21.318  2290  2603 W bt_l2cap: L2CAP - LCID: 0x005c  st: CLOSED  evt: SECURITY_COMPLETE
04-22 11:36:21.318  2290  2575 D BtGatt.ScanManager: configureRegularScanParams() - queue=2
04-22 11:36:21.318  2290  2575 D BtGatt.ScanManager: configureRegularScanParams() - ScanSetting LE 1M Scan mode=1ScanSetting LE Coded Scan mode=1 mLastConfiguredScanSettingLE1M=2 mLastConfiguredScanSettingLECoded=2scanPhy=255
04-22 11:36:21.318 22073  6656 E NearbyConnections: EndpointManager failed to find EndpointChannel over which to write DATA at offset 612 of Payload -9007404025457505713 to endpoint T8u1 [CONTEXT service_id=54 ]
04-22 11:36:21.318  2290  2575 D BtGatt.ScanManager: configureRegularScanParams - scanInterval LE 1M = 4096configureRegularScanParams - scanWindow LE 1M= 818configureRegularScanParams - scanInterval LE Coded= 4096configureRegularScanParams - scanWindow LE Coded= 818
04-22 11:36:21.318  2290  2575 I BtGatt.ScanManager: msg.what = 0
04-22 11:36:21.319 22073  6656 E NearbyConnections: EndpointManager failed to find EndpointChannel over which to write DATA at offset 612 of Payload -9007404025457505713 to endpoint T8u1 [CONTEXT service_id=54 ]
04-22 11:36:21.319 22073  6656 E NearbyConnections: EndpointManager failed to find EndpointChannel over which to write DATA at offset 612 of Payload -9007404025457505713 to endpoint T8u1 [CONTEXT service_id=54 ]
04-22 11:36:21.319  2290  2348 D BtGatt.GattService: onScanParamSetupCompleted : 0
04-22 11:36:21.319  2290  2575 D BtGatt.ScanManager: handling starting scan
04-22 11:36:21.319 22073  6656 E NearbyConnections: EndpointManager failed to find EndpointChannel over which to write DATA at offset 612 of Payload -9007404025457505713 to endpoint T8u1 [CONTEXT service_id=54 ]
04-22 11:36:21.319 22073  6656 I chatty  : uid=10156(com.google.android.gms) highpool[332] identical 2 lines
04-22 11:36:21.320 22073  6656 E NearbyConnections: EndpointManager failed to find EndpointChannel over which to write DATA at offset 612 of Payload -9007404025457505713 to endpoint T8u1 [CONTEXT service_id=54 ]
04-22 11:36:21.320  2290  2575 D BtGatt.ScanManager: isAptXLowLatencyModeEnabled: false
04-22 11:36:21.320 22073  6656 E NearbyConnections: EndpointManager failed to find EndpointChannel over which to write DATA at offset 612 of Payload -9007404025457505713 to endpoint T8u1 [CONTEXT service_id=54 ]
04-22 11:36:21.321 22073  6656 I chatty  : uid=10156(com.google.android.gms) highpool[332] identical 3 lines
04-22 11:36:21.321 22073  6656 E NearbyConnections: EndpointManager failed to find EndpointChannel over which to write DATA at offset 612 of Payload -9007404025457505713 to endpoint T8u1 [CONTEXT service_id=54 ]
04-22 11:36:21.321  2290  2603 E bt_btm  : BTM_BleObserve Observe Already Active
04-22 11:36:21.321  2290  2603 W bt_btif :  bta_dm_ble_observe BTM_BleObserve  failed. status 6
04-22 11:36:21.321 22073  6656 E NearbyConnections: EndpointManager failed to find EndpointChannel over which to write DATA at offset 612 of Payload -9007404025457505713 to endpoint T8u1 [CONTEXT service_id=54 ]
04-22 11:36:21.353 22073  6656 I chatty  : uid=10156(com.google.android.gms) highpool[332] identical 129 lines
04-22 11:36:21.353 22073  6656 E NearbyConnections: EndpointManager failed to find EndpointChannel over which to write DATA at offset 612 of Payload -9007404025457505713 to endpoint T8u1 [CONTEXT service_id=54 ]
04-22 11:36:21.353  2290  2603 W bt_l2cap: L2CAP - LCID: 0x005c  st: W4_L2CAP_CON_RSP  evt: PEER_CONNECT_RSP
04-22 11:36:21.353 22073  6656 E NearbyConnections: EndpointManager failed to find EndpointChannel over which to write DATA at offset 612 of Payload -9007404025457505713 to endpoint T8u1 [CONTEXT service_id=54 ]
04-22 11:36:21.353  2290  2603 W bt_l2cap: L2CAP - LCID: 0x005c  st: CONFIG  evt: UPPER_LAYER_CONFIG_REQ
04-22 11:36:21.353  2290  2603 I bt_stack: [INFO:btsnoop.cc(336)] whitelist_l2c_channel: Whitelisting l2cap channel. conn_handle=15 cid=92:90
04-22 11:36:21.353 22073  6656 E NearbyConnections: EndpointManager failed to find EndpointChannel over which to write DATA at offset 612 of Payload -9007404025457505713 to endpoint T8u1 [CONTEXT service_id=54 ]
04-22 11:36:21.357 22073  6656 I chatty  : uid=10156(com.google.android.gms) highpool[332] identical 17 lines
