04-22 11:36:18.899 22073  6656 E NearbyConnections: EndpointManager failed to find EndpointChannel over which to write DATA at offset 612 of Payload -9007404025457505713 to endpoint T8u1 [CONTEXT service_id=54 ]
04-22 11:36:18.914 22073  6656 I chatty  : uid=10156(com.google.android.gms) highpool[332] identical 58 lines
04-22 11:36:18.914 22073  6656 E NearbyConnections: EndpointManager failed to find EndpointChannel over which to write DATA at offset 612 of Payload -9007404025457505713 to endpoint T8u1 [CONTEXT service_id=54 ]
04-22 11:36:18.914  2290  2603 I bt_stack: [INFO:gatt_main.cc(919)] gatt_data_process op_code = 9, msg_len = 22
04-22 11:36:18.914 22073  6656 E NearbyConnections: EndpointManager failed to find EndpointChannel over which to write DATA at offset 612 of Payload -9007404025457505713 to endpoint T8u1 [CONTEXT service_id=54 ]
04-22 11:36:18.929 22073  6656 I chatty  : uid=10156(com.google.android.gms) highpool[332] identical 59 lines
04-22 11:36:18.929 22073  6656 E NearbyConnections: EndpointManager failed to find EndpointChannel over which to write DATA at offset 612 of Payload -9007404025457505713 to endpoint T8u1 [CONTEXT service_id=54 ]
04-22 11:36:18.929  2290  2603 I bt_stack: [INFO:gatt_main.cc(919)] gatt_data_process op_code = 1, msg_len = 4
04-22 11:36:18.929 22073  6656 E NearbyConnections: EndpointManager failed to find EndpointChannel over which to write DATA at offset 612 of Payload -9007404025457505713 to endpoint T8u1 [CONTEXT service_id=54 ]
04-22 11:36:18.929  2290  2603 I bt_stack: [INFO:gatt_api.cc(635)] GATTC_Discover conn_id=0x020a, disc_type=3, s_handle=0x0028, e_handle=0x002d
04-22 11:36:18.930 22073  6656 E NearbyConnections: EndpointManager failed to find EndpointChannel over which to write DATA at offset 612 of Payload -9007404025457505713 to endpoint T8u1 [CONTEXT service_id=54 ]
04-22 11:36:18.951 22073  6656 I chatty  : uid=10156(com.google.android.gms) highpool[332] identical 86 lines
04-22 11:36:18.951 22073  6656 E NearbyConnections: EndpointManager failed to find EndpointChannel over which to write DATA at offset 612 of Payload -9007404025457505713 to endpoint T8u1 [CONTEXT service_id=54 ]
04-22 11:36:18.951  2290  2603 I bt_stack: [INFO:gatt_main.cc(919)] gatt_data_process op_code = 1, msg_len = 4
04-22 11:36:18.951 22073  6656 E NearbyConnections: EndpointManager failed to find EndpointChannel over which to write DATA at offset 612 of Payload -9007404025457505713 to endpoint T8u1 [CONTEXT service_id=54 ]
04-22 11:36:18.952  2290  2603 I bt_stack: [INFO:gatt_api.cc(635)] GATTC_Discover conn_id=0x020a, disc_type=4, s_handle=0x0028, e_handle=0x002d
04-22 11:36:18.952 22073  6656 E NearbyConnections: EndpointManager failed to find EndpointChannel over which to write DATA at offset 612 of Payload -9007404025457505713 to endpoint T8u1 [CONTEXT service_id=54 ]
04-22 11:36:18.966 22073  6656 I chatty  : uid=10156(com.google.android.gms) highpool[332] identical 59 lines
04-22 11:36:18.967 22073  6656 E NearbyConnections: EndpointManager failed to find EndpointChannel over which to write DATA at offset 612 of Payload -9007404025457505713 to endpoint T8u1 [CONTEXT service_id=54 ]
04-22 11:36:18.967  2290  2603 I bt_stack: [INFO:gatt_main.cc(919)] gatt_data_process op_code = 9, msg_len = 22
04-22 11:36:18.967 22073  6656 E NearbyConnections: EndpointManager failed to find EndpointChannel over which to write DATA at offset 612 of Payload -9007404025457505713 to endpoint T8u1 [CONTEXT service_id=54 ]
04-22 11:36:18.989 22073  6656 I chatty  : uid=10156(com.google.android.gms) highpool[332] identical 90 lines
04-22 11:36:18.989 22073  6656 E NearbyConnections: EndpointManager failed to find EndpointChannel over which to write DATA at offset 612 of Payload -9007404025457505713 to endpoint T8u1 [CONTEXT service_id=54 ]
04-22 11:36:18.989  2290  2603 I bt_stack: [INFO:gatt_main.cc(919)] gatt_data_process op_code = 9, msg_len = 22
04-22 11:36:18.990 22073  6656 E NearbyConnections: EndpointManager failed to find EndpointChannel over which to write DATA at offset 612 of Payload -9007404025457505713 to endpoint T8u1 [CONTEXT service_id=54 ]
04-22 11:36:19.011 22073  6656 I chatty  : uid=10156(com.google.android.gms) highpool[332] identical 88 lines
04-22 11:36:19.011 22073  6656 E NearbyConnections: EndpointManager failed to find EndpointChannel over which to write DATA at offset 612 of Payload -9007404025457505713 to endpoint T8u1 [CONTEXT service_id=54 ]
04-22 11:36:19.011  2290  2603 I bt_stack: [INFO:gatt_main.cc(919)] gatt_data_process op_code = 1, msg_len = 4
04-22 11:36:19.012  2290  2603 I bt_stack: [INFO:gatt_api.cc(635)] GATTC_Discover conn_id=0x020a, disc_type=5, s_handle=0x002b, e_handle=0x002b
04-22 11:36:19.012 22073  6656 E NearbyConnections: EndpointManager failed to find EndpointChannel over which to write DATA at offset 612 of Payload -9007404025457505713 to endpoint T8u1 [CONTEXT service_id=54 ]
04-22 11:36:19.026 22073  6656 I chatty  : uid=10156(com.google.android.gms) highpool[332] identical 57 lines
04-22 11:36:19.026 22073  6656 E NearbyConnections: EndpointManager failed to find EndpointChannel over which to write DATA at offset 612 of Payload -9007404025457505713 to endpoint T8u1 [CONTEXT service_id=54 ]
04-22 11:36:19.026  2290  2603 I bt_stack: [INFO:gatt_main.cc(919)] gatt_data_process op_code = 5, msg_len = 5
04-22 11:36:19.026 22073  6656 E NearbyConnections: EndpointManager failed to find EndpointChannel over which to write DATA at offset 612 of Payload -9007404025457505713 to endpoint T8u1 [CONTEXT service_id=54 ]
04-22 11:36:19.027  2290  2603 I bt_stack: [INFO:gatt_api.cc(635)] GATTC_Discover conn_id=0x020a, disc_type=3, s_handle=0x002e, e_handle=0xffff
04-22 11:36:19.027 22073  6656 E NearbyConnections: EndpointManager failed to find EndpointChannel over which to write DATA at offset 612 of Payload -9007404025457505713 to endpoint T8u1 [CONTEXT service_id=54 ]
04-22 11:36:19.049 22073  6656 I chatty  : uid=10156(com.google.android.gms) highpool[332] identical 90 lines
04-22 11:36:19.049 22073  6656 E NearbyConnections: EndpointManager failed to find EndpointChannel over which to write DATA at offset 612 of Payload -9007404025457505713 to endpoint T8u1 [CONTEXT service_id=54 ]
04-22 11:36:19.049  2290  2603 I bt_stack: [INFO:gatt_main.cc(919)] gatt_data_process op_code = 1, msg_len = 4
04-22 11:36:19.049  2290  2603 I bt_stack: [INFO:gatt_api.cc(635)] GATTC_Discover conn_id=0x020a, disc_type=4, s_handle=0x002e, e_handle=0xffff
04-22 11:36:19.049 22073  6656 E NearbyConnections: EndpointManager failed to find EndpointChannel over which to write DATA at offset 612 of Payload -9007404025457505713 to endpoint T8u1 [CONTEXT service_id=54 ]
04-22 11:36:19.064 22073  6656 I chatty  : uid=10156(com.google.android.gms) highpool[332] identical 61 lines
04-22 11:36:19.065 22073  6656 E NearbyConnections: EndpointManager failed to find EndpointChannel over which to write DATA at offset 612 of Payload -9007404025457505713 to endpoint T8u1 [CONTEXT service_id=54 ]
04-22 11:36:19.065  2290  2603 I bt_stack: [INFO:gatt_main.cc(919)] gatt_data_process op_code = 9, msg_len = 22
04-22 11:36:19.065 22073  6656 E NearbyConnections: EndpointManager failed to find EndpointChannel over which to write DATA at offset 612 of Payload -9007404025457505713 to endpoint T8u1 [CONTEXT service_id=54 ]
04-22 11:36:19.079 22073  6656 I chatty  : uid=10156(com.google.android.gms) highpool[332] identical 57 lines
04-22 11:36:19.079 22073  6656 E NearbyConnections: EndpointManager failed to find EndpointChannel over which to write DATA at offset 612 of Payload -9007404025457505713 to endpoint T8u1 [CONTEXT service_id=54 ]
04-22 11:36:19.079  2290  2603 I bt_stack: [INFO:gatt_main.cc(919)] gatt_data_process op_code = 9, msg_len = 22
04-22 11:36:19.079 22073  6656 E NearbyConnections: EndpointManager failed to find EndpointChannel over which to write DATA at offset 612 of Payload -9007404025457505713 to endpoint T8u1 [CONTEXT service_id=54 ]
04-22 11:36:19.094 22073  6656 I chatty  : uid=10156(com.google.android.gms) highpool[332] identical 58 lines
04-22 11:36:19.094 22073  6656 E NearbyConnections: EndpointManager failed to find EndpointChannel over which to write DATA at offset 612 of Payload -9007404025457505713 to endpoint T8u1 [CONTEXT service_id=54 ]
04-22 11:36:19.094  2290  2603 I bt_stack: [INFO:gatt_main.cc(919)] gatt_data_process op_code = 9, msg_len = 22
04-22 11:36:19.094 22073  6656 E NearbyConnections: EndpointManager failed to find EndpointChannel over which to write DATA at offset 612 of Payload -9007404025457505713 to endpoint T8u1 [CONTEXT service_id=54 ]
04-22 11:36:19.109 22073  6656 I chatty  : uid=10156(com.google.android.gms) highpool[332] identical 59 lines
04-22 11:36:19.109 22073  6656 E NearbyConnections: EndpointManager failed to find EndpointChannel over which to write DATA at offset 612 of Payload -9007404025457505713 to endpoint T8u1 [CONTEXT service_id=54 ]
04-22 11:36:19.109  2290  2603 I bt_stack: [INFO:gatt_main.cc(919)] gatt_data_process op_code = 9, msg_len = 22
04-22 11:36:19.109 22073  6656 E NearbyConnections: EndpointManager failed to find EndpointChannel over which to write DATA at offset 612 of Payload -9007404025457505713 to endpoint T8u1 [CONTEXT service_id=54 ]
04-22 11:36:19.131 22073  6656 I chatty  : uid=10156(com.google.android.gms) highpool[332] identical 88 lines
04-22 11:36:19.131 22073  6656 E NearbyConnections: EndpointManager failed to find EndpointChannel over which to write DATA at offset 612 of Payload -9007404025457505713 to endpoint T8u1 [CONTEXT service_id=54 ]
04-22 11:36:19.132  2290  2603 I bt_stack: [INFO:gatt_main.cc(919)] gatt_data_process op_code = 9, msg_len = 22
04-22 11:36:19.132 22073  6656 E NearbyConnections: EndpointManager failed to find EndpointChannel over which to write DATA at offset 612 of Payload -9007404025457505713 to endpoint T8u1 [CONTEXT service_id=54 ]
04-22 11:36:19.153 22073  6656 I chatty  : uid=10156(com.google.android.gms) highpool[332] identical 83 lines
04-22 11:36:19.154 22073  6656 E NearbyConnections: EndpointManager failed to find EndpointChannel over which to write DATA at offset 612 of Payload -9007404025457505713 to endpoint T8u1 [CONTEXT service_id=54 ]
04-22 11:36:19.154  2290  2603 I bt_stack: [INFO:gatt_main.cc(919)] gatt_data_process op_code = 1, msg_len = 4
04-22 11:36:19.154 22073  6656 E NearbyConnections: EndpointManager failed to find EndpointChannel over which to write DATA at offset 612 of Payload -9007404025457505713 to endpoint T8u1 [CONTEXT service_id=54 ]
04-22 11:36:19.154  2290  2603 I bt_stack: [INFO:gatt_api.cc(635)] GATTC_Discover conn_id=0x020a, disc_type=5, s_handle=0x0039, e_handle=0xffff
04-22 11:36:19.154 22073  6656 E NearbyConnections: EndpointManager failed to find EndpointChannel over which to write DATA at offset 612 of Payload -9007404025457505713 to endpoint T8u1 [CONTEXT service_id=54 ]
04-22 11:36:19.169 22073  6656 I chatty  : uid=10156(com.google.android.gms) highpool[332] identical 61 lines
04-22 11:36:19.169 22073  6656 E NearbyConnections: EndpointManager failed to find EndpointChannel over which to write DATA at offset 612 of Payload -9007404025457505713 to endpoint T8u1 [CONTEXT service_id=54 ]
04-22 11:36:19.170  2290  2603 I bt_stack: [INFO:gatt_main.cc(919)] gatt_data_process op_code = 1, msg_len = 4
04-22 11:36:19.170  2290  2603 I bt_stack: [INFO:bta_gattc_cache.cc(183)] bta_gattc_explore_srvc_finished: service discovery finished
04-22 11:36:19.170 22073  6656 E NearbyConnections: EndpointManager failed to find EndpointChannel over which to write DATA at offset 612 of Payload -9007404025457505713 to endpoint T8u1 [CONTEXT service_id=54 ]
04-22 11:36:19.170 22073  6656 I chatty  : uid=10156(com.google.android.gms) highpool[332] identical 2 lines
04-22 11:36:19.170 22073  6656 E NearbyConnections: EndpointManager failed to find EndpointChannel over which to write DATA at offset 612 of Payload -9007404025457505713 to endpoint T8u1 [CONTEXT service_id=54 ]
04-22 11:36:19.171  2290  2348 D BtGatt.GattService: onSearchCompleted() - connId=522, status=0
04-22 11:36:19.171 22073  6656 E NearbyConnections: EndpointManager failed to find EndpointChannel over which to write DATA at offset 612 of Payload -9007404025457505713 to endpoint T8u1 [CONTEXT service_id=54 ]
04-22 11:36:19.171 22073  6656 E NearbyConnections: EndpointManager failed to find EndpointChannel over which to write DATA at offset 612 of Payload -9007404025457505713 to endpoint T8u1 [CONTEXT service_id=54 ]
04-22 11:36:19.171  2290  2348 E bt_btif_gattc: btif_gattc_upstreams_evt: Unhandled event (8)!
04-22 11:36:19.171 22073  6656 E NearbyConnections: EndpointManager failed to find EndpointChannel over which to write DATA at offset 612 of Payload -9007404025457505713 to endpoint T8u1 [CONTEXT service_id=54 ]
04-22 11:36:19.171 22073  6656 E NearbyConnections: EndpointManager failed to find EndpointChannel over which to write DATA at offset 612 of Payload -9007404025457505713 to endpoint T8u1 [CONTEXT service_id=54 ]
04-22 11:36:19.172  2290  2348 D bt_bta_gattc: bta_gattc_get_gatt_db
04-22 11:36:19.172 22073  6656 E NearbyConnections: EndpointManager failed to find EndpointChannel over which to write DATA at offset 612 of Payload -9007404025457505713 to endpoint T8u1 [CONTEXT service_id=54 ]
04-22 11:36:19.172 22073  6656 I chatty  : uid=10156(com.google.android.gms) highpool[332] identical 2 lines
04-22 11:36:19.172 22073  6656 E NearbyConnections: EndpointManager failed to find EndpointChannel over which to write DATA at offset 612 of Payload -9007404025457505713 to endpoint T8u1 [CONTEXT service_id=54 ]
04-22 11:36:19.172  2290  2348 D BtGatt.GattService: onGetGattDb() - address=4B:76:A7:A2:6D:05
04-22 11:36:19.173  2290  2348 D BtGatt.GattService: got service with UUID=00001801-0000-1000-8000-00805f9b34fb id: 1
04-22 11:36:19.173 22073  6656 E NearbyConnections: EndpointManager failed to find EndpointChannel over which to write DATA at offset 612 of Payload -9007404025457505713 to endpoint T8u1 [CONTEXT service_id=54 ]
04-22 11:36:19.173  2290  2348 D BtGatt.GattService: got characteristic with UUID=00002a05-0000-1000-8000-00805f9b34fb id: 3
04-22 11:36:19.173  2290  2348 D BtGatt.GattService: got service with UUID=00001800-0000-1000-8000-00805f9b34fb id: 20
04-22 11:36:19.173  2290  2348 D BtGatt.GattService: got characteristic with UUID=00002a00-0000-1000-8000-00805f9b34fb id: 22
04-22 11:36:19.173  2290  2348 D BtGatt.GattService: got characteristic with UUID=00002a01-0000-1000-8000-00805f9b34fb id: 24
04-22 11:36:19.173 22073  6656 E NearbyConnections: EndpointManager failed to find EndpointChannel over which to write DATA at offset 612 of Payload -9007404025457505713 to endpoint T8u1 [CONTEXT service_id=54 ]
04-22 11:36:19.173  2290  2348 D BtGatt.GattService: got characteristic with UUID=00002aa6-0000-1000-8000-00805f9b34fb id: 26
04-22 11:36:19.173  2290  2348 D BtGatt.GattService: got service with UUID=0000fef3-0000-1000-8000-00805f9b34fb id: 40
04-22 11:36:19.173  2290  2348 D BtGatt.GattService: got characteristic with UUID=00000100-0004-1000-8000-001a11000102 id: 42
04-22 11:36:19.173  2290  2348 D BtGatt.GattService: got descriptor with UUID=00002902-0000-1000-8000-00805f9b34fb id: 43
04-22 11:36:19.173 22073  6656 E NearbyConnections: EndpointManager failed to find EndpointChannel over which to write DATA at offset 612 of Payload -9007404025457505713 to endpoint T8u1 [CONTEXT service_id=54 ]
04-22 11:36:19.173  2290  2348 D BtGatt.GattService: got characteristic with UUID=00000100-0004-1000-8000-001a11000101 id: 45
04-22 11:36:19.173  2290  2348 D BtGatt.GattService: got service with UUID=0000fef3-0000-1000-8000-00805f9b34fb id: 46
04-22 11:36:19.173  2290  2348 D BtGatt.GattService: got characteristic with UUID=00000000-0000-3000-8000-000000000004 id: 48
04-22 11:36:19.173  2290  2348 D BtGatt.GattService: got characteristic with UUID=00000000-0000-3000-8000-000000000003 id: 50
04-22 11:36:19.173 22073  6656 E NearbyConnections: EndpointManager failed to find EndpointChannel over which to write DATA at offset 612 of Payload -9007404025457505713 to endpoint T8u1 [CONTEXT service_id=54 ]
04-22 11:36:19.173  2290  2348 D BtGatt.GattService: got characteristic with UUID=00000000-0000-3000-8000-000000000002 id: 52
04-22 11:36:19.174  2290  2348 D BtGatt.GattService: got characteristic with UUID=00000000-0000-3000-8000-000000000001 id: 54
04-22 11:36:19.174  2290  2348 D BtGatt.GattService: got characteristic with UUID=00000000-0000-3000-8000-000000000000 id: 56
04-22 11:36:19.174 22073  6656 E NearbyConnections: EndpointManager failed to find EndpointChannel over which to write DATA at offset 612 of Payload -9007404025457505713 to endpoint T8u1 [CONTEXT service_id=54 ]
04-22 11:36:19.174 22073  6656 I chatty  : uid=10156(com.google.android.gms) highpool[332] identical 2 lines
04-22 11:36:19.175 22073  6656 E NearbyConnections: EndpointManager failed to find EndpointChannel over which to write DATA at offset 612 of Payload -9007404025457505713 to endpoint T8u1 [CONTEXT service_id=54 ]
04-22 11:36:19.175 22073 22197 D BluetoothGatt: onSearchComplete() = Device=4B:76:A7:A2:6D:05 Status=0
04-22 11:36:19.175 22073  6656 E NearbyConnections: EndpointManager failed to find EndpointChannel over which to write DATA at offset 612 of Payload -9007404025457505713 to endpoint T8u1 [CONTEXT service_id=54 ]
04-22 11:36:19.177 22073  6656 I chatty  : uid=10156(com.google.android.gms) highpool[332] identical 1 line
04-22 11:36:19.177 22073  6656 E NearbyConnections: EndpointManager failed to find EndpointChannel over which to write DATA at offset 612 of Payload -9007404025457505713 to endpoint T8u1 [CONTEXT service_id=54 ]
04-22 11:36:19.177 22073 12115 I bevc    : Services discovered successfully in 807 ms.
04-22 11:36:19.177 22073  6656 E NearbyConnections: EndpointManager failed to find EndpointChannel over which to write DATA at offset 612 of Payload -9007404025457505713 to endpoint T8u1 [CONTEXT service_id=54 ]
04-22 11:36:19.199 22073  6656 I chatty  : uid=10156(com.google.android.gms) highpool[332] identical 68 lines
04-22 11:36:19.200 22073  6656 E NearbyConnections: EndpointManager failed to find EndpointChannel over which to write DATA at offset 612 of Payload -9007404025457505713 to endpoint T8u1 [CONTEXT service_id=54 ]
04-22 11:36:19.200  2290  2603 I bt_stack: [INFO:gatt_main.cc(919)] gatt_data_process op_code = 11, msg_len = 22
04-22 11:36:19.200 22073  6656 E NearbyConnections: EndpointManager failed to find EndpointChannel over which to write DATA at offset 612 of Payload -9007404025457505713 to endpoint T8u1 [CONTEXT service_id=54 ]
04-22 11:36:19.214 22073  6656 I chatty  : uid=10156(com.google.android.gms) highpool[332] identical 36 lines
04-22 11:36:19.214 22073  6656 E NearbyConnections: EndpointManager failed to find EndpointChannel over which to write DATA at offset 612 of Payload -9007404025457505713 to endpoint T8u1 [CONTEXT service_id=54 ]
04-22 11:36:19.214  2290  2603 I bt_stack: [INFO:gatt_main.cc(919)] gatt_data_process op_code = 13, msg_len = 6
04-22 11:36:19.215 22073  6656 E NearbyConnections: EndpointManager failed to find EndpointChannel over which to write DATA at offset 612 of Payload -9007404025457505713 to endpoint T8u1 [CONTEXT service_id=54 ]
04-22 11:36:19.229 22073  6656 I chatty  : uid=10156(com.google.android.gms) highpool[332] identical 52 lines
04-22 11:36:19.229 22073  6656 E NearbyConnections: EndpointManager failed to find EndpointChannel over which to write DATA at offset 612 of Payload -9007404025457505713 to endpoint T8u1 [CONTEXT service_id=54 ]
04-22 11:36:19.229  2290  2603 I bt_stack: [INFO:gatt_main.cc(919)] gatt_data_process op_code = 11, msg_len = 0
04-22 11:36:19.229 22073  6656 E NearbyConnections: EndpointManager failed to find EndpointChannel over which to write DATA at offset 612 of Payload -9007404025457505713 to endpoint T8u1 [CONTEXT service_id=54 ]
04-22 11:36:19.244 22073  6656 I chatty  : uid=10156(com.google.android.gms) highpool[332] identical 59 lines
04-22 11:36:19.244 22073  6656 E NearbyConnections: EndpointManager failed to find EndpointChannel over which to write DATA at offset 612 of Payload -9007404025457505713 to endpoint T8u1 [CONTEXT service_id=54 ]
04-22 11:36:19.244  2290  2603 I bt_stack: [INFO:gatt_main.cc(919)] gatt_data_process op_code = 11, msg_len = 0
04-22 11:36:19.244 22073  6656 E NearbyConnections: EndpointManager failed to find EndpointChannel over which to write DATA at offset 612 of Payload -9007404025457505713 to endpoint T8u1 [CONTEXT service_id=54 ]
04-22 11:36:19.250 22073  6656 I chatty  : uid=10156(com.google.android.gms) highpool[332] identical 24 lines
04-22 11:36:19.253 22073  6656 E NearbyConnections: EndpointManager failed to find EndpointChannel over which to write DATA at offset 612 of Payload -9007404025457505713 to endpoint T8u1 [CONTEXT service_id=54 ]
04-22 11:36:19.253  2290  2348 D BtGatt.GattService: onServerConnUpdate() - connId=520, status=0
04-22 11:36:19.253 22073  6656 E NearbyConnections: EndpointManager failed to find EndpointChannel over which to write DATA at offset 612 of Payload -9007404025457505713 to endpoint T8u1 [CONTEXT service_id=54 ]
04-22 11:36:19.253  2290  2348 D BtGatt.GattService: onServerConnUpdate() - connId=521, status=0
04-22 11:36:19.253 22073 22197 D BluetoothGattServer: onConnectionUpdated() - Device=4B:76:A7:A2:6D:05 interval=39 latency=0 timeout=500 status=0
04-22 11:36:19.253  2290  2348 D BtGatt.GattService: onClientConnUpdate() - connId=522, status=0
04-22 11:36:19.254 22073 22790 D BluetoothGattServer: onConnectionUpdated() - Device=4B:76:A7:A2:6D:05 interval=39 latency=0 timeout=500 status=0
04-22 11:36:19.254 22073  6656 E NearbyConnections: EndpointManager failed to find EndpointChannel over which to write DATA at offset 612 of Payload -9007404025457505713 to endpoint T8u1 [CONTEXT service_id=54 ]
04-22 11:36:19.254 22073 22197 D BluetoothGatt: onConnectionUpdated() - Device=4B:76:A7:A2:6D:05 interval=39 latency=0 timeout=500 status=0
04-22 11:36:19.254 22073  6656 E NearbyConnections: EndpointManager failed to find EndpointChannel over which to write DATA at offset 612 of Payload -9007404025457505713 to endpoint T8u1 [CONTEXT service_id=54 ]
04-22 11:36:19.281 22073  6656 I chatty  : uid=10156(com.google.android.gms) highpool[332] identical 109 lines
04-22 11:36:19.281 22073  6656 E NearbyConnections: EndpointManager failed to find EndpointChannel over which to write DATA at offset 612 of Payload -9007404025457505713 to endpoint T8u1 [CONTEXT service_id=54 ]
04-22 11:36:19.282  2290  2603 I bt_stack: [INFO:gatt_main.cc(919)] gatt_data_process op_code = 11, msg_len = 0
04-22 11:36:19.282 22073  6656 E NearbyConnections: EndpointManager failed to find EndpointChannel over which to write DATA at offset 612 of Payload -9007404025457505713 to endpoint T8u1 [CONTEXT service_id=54 ]
04-22 11:36:19.379 22073  6656 I chatty  : uid=10156(com.google.android.gms) highpool[332] identical 390 lines
04-22 11:36:19.379 22073  6656 E NearbyConnections: EndpointManager failed to find EndpointChannel over which to write DATA at offset 612 of Payload -9007404025457505713 to endpoint T8u1 [CONTEXT service_id=54 ]
04-22 11:36:19.379  2290  2603 I bt_stack: [INFO:gatt_main.cc(919)] gatt_data_process op_code = 11, msg_len = 0
04-22 11:36:19.379 22073  6656 E NearbyConnections: EndpointManager failed to find EndpointChannel over which to write DATA at offset 612 of Payload -9007404025457505713 to endpoint T8u1 [CONTEXT service_id=54 ]
04-22 11:36:19.381 22073  6656 I chatty  : uid=10156(com.google.android.gms) highpool[332] identical 5 lines
04-22 11:36:19.381 22073  6656 E NearbyConnections: EndpointManager failed to find EndpointChannel over which to write DATA at offset 612 of Payload -9007404025457505713 to endpoint T8u1 [CONTEXT service_id=54 ]
04-22 11:36:19.381 22073 12115 D BluetoothGatt: cancelOpen() - device: 4B:76:A7:A2:6D:05
04-22 11:36:19.381 22073  6656 E NearbyConnections: EndpointManager failed to find EndpointChannel over which to write DATA at offset 612 of Payload -9007404025457505713 to endpoint T8u1 [CONTEXT service_id=54 ]
04-22 11:36:19.382 22073  6656 I chatty  : uid=10156(com.google.android.gms) highpool[332] identical 3 lines
04-22 11:36:19.382 22073  6656 E NearbyConnections: EndpointManager failed to find EndpointChannel over which to write DATA at offset 612 of Payload -9007404025457505713 to endpoint T8u1 [CONTEXT service_id=54 ]
04-22 11:36:19.382  2290  2737 D BtGatt.GattService: clientDisconnect() - address=4B:76:A7:A2:6D:05, connId=522
04-22 11:36:19.382 22073  6656 E NearbyConnections: EndpointManager failed to find EndpointChannel over which to write DATA at offset 612 of Payload -9007404025457505713 to endpoint T8u1 [CONTEXT service_id=54 ]
04-22 11:36:19.382 22073  6656 I chatty  : uid=10156(com.google.android.gms) highpool[332] identical 1 line
04-22 11:36:19.383 22073  6656 E NearbyConnections: EndpointManager failed to find EndpointChannel over which to write DATA at offset 612 of Payload -9007404025457505713 to endpoint T8u1 [CONTEXT service_id=54 ]
04-22 11:36:19.383  2290  2603 I bt_stack: [INFO:gatt_api.cc(1237)] GATT_Disconnect conn_id=0x020a
04-22 11:36:19.383 22073  6656 E NearbyConnections: EndpointManager failed to find EndpointChannel over which to write DATA at offset 612 of Payload -9007404025457505713 to endpoint T8u1 [CONTEXT service_id=54 ]
04-22 11:36:19.383  2290  2603 E bt_stack: [ERROR:bta_gattc_utils.cc(458)] bta_gattc_mark_bg_conn unable to find the bg connection mask for bd_addr=4b:76:a7:a2:6d:05
04-22 11:36:19.383 22073  6656 E NearbyConnections: EndpointManager failed to find EndpointChannel over which to write DATA at offset 612 of Payload -9007404025457505713 to endpoint T8u1 [CONTEXT service_id=54 ]
04-22 11:36:19.383  2290  2348 D BtGatt.GattService: onDisconnected() - clientIf=10, connId=522, address=4B:76:A7:A2:6D:05
04-22 11:36:19.383 22073  6656 E NearbyConnections: EndpointManager failed to find EndpointChannel over which to write DATA at offset 612 of Payload -9007404025457505713 to endpoint T8u1 [CONTEXT service_id=54 ]
04-22 11:36:19.384 22073  6656 I chatty  : uid=10156(com.google.android.gms) highpool[332] identical 2 lines
04-22 11:36:19.384 22073  6656 E NearbyConnections: EndpointManager failed to find EndpointChannel over which to write DATA at offset 612 of Payload -9007404025457505713 to endpoint T8u1 [CONTEXT service_id=54 ]
04-22 11:36:19.384 22073 22197 D BluetoothGatt: onClientConnectionState() - status=0 clientIf=10 device=4B:76:A7:A2:6D:05
04-22 11:36:19.384 22073  6656 E NearbyConnections: EndpointManager failed to find EndpointChannel over which to write DATA at offset 612 of Payload -9007404025457505713 to endpoint T8u1 [CONTEXT service_id=54 ]
04-22 11:36:19.384 22073 22197 D BluetoothGatt: close()
04-22 11:36:19.384 22073 22197 D BluetoothGatt: unregisterApp() - mClientIf=10
04-22 11:36:19.385 22073  6656 E NearbyConnections: EndpointManager failed to find EndpointChannel over which to write DATA at offset 612 of Payload -9007404025457505713 to endpoint T8u1 [CONTEXT service_id=54 ]
04-22 11:36:19.385 22073  6656 I chatty  : uid=10156(com.google.android.gms) highpool[332] identical 2 lines
04-22 11:36:19.385 22073  6656 E NearbyConnections: EndpointManager failed to find EndpointChannel over which to write DATA at offset 612 of Payload -9007404025457505713 to endpoint T8u1 [CONTEXT service_id=54 ]
04-22 11:36:19.385  2290  2737 D BtGatt.GattService: unregisterClient() - clientIf=10
04-22 11:36:19.386 22073  6656 E NearbyConnections: EndpointManager failed to find EndpointChannel over which to write DATA at offset 612 of Payload -9007404025457505713 to endpoint T8u1 [CONTEXT service_id=54 ]
04-22 11:36:19.386  2290 12618 D BluetoothMetrics: btclass1f00
04-22 11:36:19.386 22073  6656 E NearbyConnections: EndpointManager failed to find EndpointChannel over which to write DATA at offset 612 of Payload -9007404025457505713 to endpoint T8u1 [CONTEXT service_id=54 ]
04-22 11:36:19.386 22073  6656 I chatty  : uid=10156(com.google.android.gms) highpool[332] identical 2 lines
04-22 11:36:19.387 22073  6656 E NearbyConnections: EndpointManager failed to find EndpointChannel over which to write DATA at offset 612 of Payload -9007404025457505713 to endpoint T8u1 [CONTEXT service_id=54 ]
04-22 11:36:19.387 22073 12115 D BluetoothGatt: close()
04-22 11:36:19.387 22073 12115 D BluetoothGatt: unregisterApp() - mClientIf=0
04-22 11:36:19.387 22073  6656 E NearbyConnections: EndpointManager failed to find EndpointChannel over which to write DATA at offset 612 of Payload -9007404025457505713 to endpoint T8u1 [CONTEXT service_id=54 ]
04-22 11:36:19.387 22073  6656 I chatty  : uid=10156(com.google.android.gms) highpool[332] identical 1 line
04-22 11:36:19.387 22073  6656 E NearbyConnections: EndpointManager failed to find EndpointChannel over which to write DATA at offset 612 of Payload -9007404025457505713 to endpoint T8u1 [CONTEXT service_id=54 ]
04-22 11:36:19.387  2290 12618 E BluetoothMetrics: CheckinEvent exception: java.lang.NullPointerException: Attempt to invoke interface method 'java.lang.String java.lang.CharSequence.toString()' on a null object reference
04-22 11:36:19.388 22073  6656 E NearbyConnections: EndpointManager failed to find EndpointChannel over which to write DATA at offset 612 of Payload -9007404025457505713 to endpoint T8u1 [CONTEXT service_id=54 ]
04-22 11:36:19.392 22073  6656 I chatty  : uid=10156(com.google.android.gms) highpool[332] identical 19 lines
04-22 11:36:19.392 22073  6656 E NearbyConnections: EndpointManager failed to find EndpointChannel over which to write DATA at offset 612 of Payload -9007404025457505713 to endpoint T8u1 [CONTEXT service_id=54 ]
04-22 11:36:19.393  2290  2737 D BluetoothAdapterService: startDiscovery
04-22 11:36:19.393 22073  6656 E NearbyConnections: EndpointManager failed to find EndpointChannel over which to write DATA at offset 612 of Payload -9007404025457505713 to endpoint T8u1 [CONTEXT service_id=54 ]
04-22 11:36:19.397 22073  6656 I chatty  : uid=10156(com.google.android.gms) highpool[332] identical 18 lines
04-22 11:36:19.397 22073  6656 E NearbyConnections: EndpointManager failed to find EndpointChannel over which to write DATA at offset 612 of Payload -9007404025457505713 to endpoint T8u1 [CONTEXT service_id=54 ]
04-22 11:36:19.397  2290  2603 W bt_btif : bta_dm_check_av:0
04-22 11:36:19.397 22073  6656 E NearbyConnections: EndpointManager failed to find EndpointChannel over which to write DATA at offset 612 of Payload -9007404025457505713 to endpoint T8u1 [CONTEXT service_id=54 ]
04-22 11:36:19.399 22073  6656 I chatty  : uid=10156(com.google.android.gms) highpool[332] identical 6 lines
04-22 11:36:19.399 22073  6656 E NearbyConnections: EndpointManager failed to find EndpointChannel over which to write DATA at offset 612 of Payload -9007404025457505713 to endpoint T8u1 [CONTEXT service_id=54 ]
04-22 11:36:19.399  2290  2603 E bt_btif : bte_scan_filt_param_cfg_evt, 23
04-22 11:36:19.399 22073 12115 D BluetoothAdapter: isLeEnabled(): ON
04-22 11:36:19.399 22073  6656 E NearbyConnections: EndpointManager failed to find EndpointChannel over which to write DATA at offset 612 of Payload -9007404025457505713 to endpoint T8u1 [CONTEXT service_id=54 ]
04-22 11:36:19.400 22073  6656 I chatty  : uid=10156(com.google.android.gms) highpool[332] identical 2 lines
04-22 11:36:19.400 22073  6656 E NearbyConnections: EndpointManager failed to find EndpointChannel over which to write DATA at offset 612 of Payload -9007404025457505713 to endpoint T8u1 [CONTEXT service_id=54 ]
04-22 11:36:19.400  2290  3378 D BtGatt.GattService: stopScan() - queue size =3
04-22 11:36:19.400 22073  6656 E NearbyConnections: EndpointManager failed to find EndpointChannel over which to write DATA at offset 612 of Payload -9007404025457505713 to endpoint T8u1 [CONTEXT service_id=54 ]
04-22 11:36:19.402 22073  6656 I chatty  : uid=10156(com.google.android.gms) highpool[332] identical 7 lines
04-22 11:36:19.402 22073  6656 E NearbyConnections: EndpointManager failed to find EndpointChannel over which to write DATA at offset 612 of Payload -9007404025457505713 to endpoint T8u1 [CONTEXT service_id=54 ]
04-22 11:36:19.402  2290  2575 I BtGatt.ScanManager: msg.what = 1
04-22 11:36:19.403 22073  6656 E NearbyConnections: EndpointManager failed to find EndpointChannel over which to write DATA at offset 612 of Payload -9007404025457505713 to endpoint T8u1 [CONTEXT service_id=54 ]
04-22 11:36:19.403 22073  6656 I chatty  : uid=10156(com.google.android.gms) highpool[332] identical 2 lines
04-22 11:36:19.403 22073  6656 E NearbyConnections: EndpointManager failed to find EndpointChannel over which to write DATA at offset 612 of Payload -9007404025457505713 to endpoint T8u1 [CONTEXT service_id=54 ]
04-22 11:36:19.403  2290  2737 D BtGatt.GattService: unregisterScanner() - scannerId=5
04-22 11:36:19.403 22073  6656 E NearbyConnections: EndpointManager failed to find EndpointChannel over which to write DATA at offset 612 of Payload -9007404025457505713 to endpoint T8u1 [CONTEXT service_id=54 ]
04-22 11:36:19.404 22073  6656 I chatty  : uid=10156(com.google.android.gms) highpool[332] identical 1 line
04-22 11:36:19.404 22073  6656 E NearbyConnections: EndpointManager failed to find EndpointChannel over which to write DATA at offset 612 of Payload -9007404025457505713 to endpoint T8u1 [CONTEXT service_id=54 ]
04-22 11:36:19.404 22073 12115 I Nearby  : M hardware scan: 5 filters, scanMode= 2, callback type= 1, workSource = WorkSource{10217 com.google.location.nearby.apps.connectedcrossroad} [CONTEXT service_id=49 ]
04-22 11:36:19.404 22073  6656 E NearbyConnections: EndpointManager failed to find EndpointChannel over which to write DATA at offset 612 of Payload -9007404025457505713 to endpoint T8u1 [CONTEXT service_id=54 ]
04-22 11:36:19.405 22073  6656 I chatty  : uid=10156(com.google.android.gms) highpool[332] identical 3 lines
04-22 11:36:19.405 22073  6656 E NearbyConnections: EndpointManager failed to find EndpointChannel over which to write DATA at offset 612 of Payload -9007404025457505713 to endpoint T8u1 [CONTEXT service_id=54 ]
04-22 11:36:19.405 22073 12115 D BluetoothAdapter: isLeEnabled(): ON
04-22 11:36:19.405 22073  6656 E NearbyConnections: EndpointManager failed to find EndpointChannel over which to write DATA at offset 612 of Payload -9007404025457505713 to endpoint T8u1 [CONTEXT service_id=54 ]
04-22 11:36:19.409 22073  6656 I chatty  : uid=10156(com.google.android.gms) highpool[332] identical 16 lines
04-22 11:36:19.410 22073  6656 E NearbyConnections: EndpointManager failed to find EndpointChannel over which to write DATA at offset 612 of Payload -9007404025457505713 to endpoint T8u1 [CONTEXT service_id=54 ]
04-22 11:36:19.410  2290  2737 D BtGatt.GattService: registerScanner() - UUID=e891ab81-6b25-4680-8910-f5e0f51c4d0c
04-22 11:36:19.410 22073  6656 E NearbyConnections: EndpointManager failed to find EndpointChannel over which to write DATA at offset 612 of Payload -9007404025457505713 to endpoint T8u1 [CONTEXT service_id=54 ]
04-22 11:36:19.410 22073  6656 I chatty  : uid=10156(com.google.android.gms) highpool[332] identical 2 lines
04-22 11:36:19.411 22073  6656 E NearbyConnections: EndpointManager failed to find EndpointChannel over which to write DATA at offset 612 of Payload -9007404025457505713 to endpoint T8u1 [CONTEXT service_id=54 ]
04-22 11:36:19.411  2290  2603 I bt_stack: [INFO:gatt_api.cc(950)] GATT_Register 0b882125-dabf-e64e-724e-2ce6747d5154
04-22 11:36:19.411 22073  6656 E NearbyConnections: EndpointManager failed to find EndpointChannel over which to write DATA at offset 612 of Payload -9007404025457505713 to endpoint T8u1 [CONTEXT service_id=54 ]
04-22 11:36:19.411  2290  2603 I bt_stack: [INFO:gatt_api.cc(970)] allocated gatt_if=5
04-22 11:36:19.411 22073  6656 E NearbyConnections: EndpointManager failed to find EndpointChannel over which to write DATA at offset 612 of Payload -9007404025457505713 to endpoint T8u1 [CONTEXT service_id=54 ]
04-22 11:36:19.412 22073  6656 I chatty  : uid=10156(com.google.android.gms) highpool[332] identical 4 lines
04-22 11:36:19.412 22073  6656 E NearbyConnections: EndpointManager failed to find EndpointChannel over which to write DATA at offset 612 of Payload -9007404025457505713 to endpoint T8u1 [CONTEXT service_id=54 ]
04-22 11:36:19.412  2290  2348 D BtGatt.GattService: onScannerRegistered() - UUID=e891ab81-6b25-4680-8910-f5e0f51c4d0c, scannerId=5, status=0
04-22 11:36:19.413 22073  6656 E NearbyConnections: EndpointManager failed to find EndpointChannel over which to write DATA at offset 612 of Payload -9007404025457505713 to endpoint T8u1 [CONTEXT service_id=54 ]
04-22 11:36:19.413 22073 22197 D BluetoothLeScanner: onScannerRegistered() - status=0 scannerId=5 mScannerId=0
04-22 11:36:19.413 22073  6656 E NearbyConnections: EndpointManager failed to find EndpointChannel over which to write DATA at offset 612 of Payload -9007404025457505713 to endpoint T8u1 [CONTEXT service_id=54 ]
04-22 11:36:19.413 22073  6656 E NearbyConnections: EndpointManager failed to find EndpointChannel over which to write DATA at offset 612 of Payload -9007404025457505713 to endpoint T8u1 [CONTEXT service_id=54 ]
04-22 11:36:19.413  2290  2737 D BtGatt.GattService: start scan with filters. callingPackage: com.google.android.gms
04-22 11:36:19.413 22073  6656 E NearbyConnections: EndpointManager failed to find EndpointChannel over which to write DATA at offset 612 of Payload -9007404025457505713 to endpoint T8u1 [CONTEXT service_id=54 ]
04-22 11:36:19.418 22073  6656 I chatty  : uid=10156(com.google.android.gms) highpool[332] identical 19 lines
04-22 11:36:19.418 22073  6656 E NearbyConnections: EndpointManager failed to find EndpointChannel over which to write DATA at offset 612 of Payload -9007404025457505713 to endpoint T8u1 [CONTEXT service_id=54 ]
04-22 11:36:19.418  2290  2575 I BtGatt.ScanManager: msg.what = 0
04-22 11:36:19.418 22073  6656 E NearbyConnections: EndpointManager failed to find EndpointChannel over which to write DATA at offset 612 of Payload -9007404025457505713 to endpoint T8u1 [CONTEXT service_id=54 ]
04-22 11:36:19.419 22073  6656 E NearbyConnections: EndpointManager failed to find EndpointChannel over which to write DATA at offset 612 of Payload -9007404025457505713 to endpoint T8u1 [CONTEXT service_id=54 ]
04-22 11:36:19.419  2290  2575 D BtGatt.ScanManager: handling starting scan
04-22 11:36:19.419 22073  6656 E NearbyConnections: EndpointManager failed to find EndpointChannel over which to write DATA at offset 612 of Payload -9007404025457505713 to endpoint T8u1 [CONTEXT service_id=54 ]
04-22 11:36:19.419 22073  6656 I chatty  : uid=10156(com.google.android.gms) highpool[332] identical 1 line
04-22 11:36:19.419 22073  6656 E NearbyConnections: EndpointManager failed to find EndpointChannel over which to write DATA at offset 612 of Payload -9007404025457505713 to endpoint T8u1 [CONTEXT service_id=54 ]
04-22 11:36:19.419 22073 12115 I NearbyMediums: Unable to parse raw GATT advertisement [ ] [CONTEXT service_id=54 ]
04-22 11:36:19.420 22073 12115 I NearbyMediums: Unable to parse raw GATT advertisement [ ] [CONTEXT service_id=54 ]
04-22 11:36:19.420 22073  6656 E NearbyConnections: EndpointManager failed to find EndpointChannel over which to write DATA at offset 612 of Payload -9007404025457505713 to endpoint T8u1 [CONTEXT service_id=54 ]
04-22 11:36:19.420 22073 12115 I NearbyMediums: Unable to parse raw GATT advertisement [ ] [CONTEXT service_id=54 ]
04-22 11:36:19.420 22073  6656 E NearbyConnections: EndpointManager failed to find EndpointChannel over which to write DATA at offset 612 of Payload -9007404025457505713 to endpoint T8u1 [CONTEXT service_id=54 ]
04-22 11:36:19.420 22073  6656 I chatty  : uid=10156(com.google.android.gms) highpool[332] identical 2 lines
04-22 11:36:19.421 22073  6656 E NearbyConnections: EndpointManager failed to find EndpointChannel over which to write DATA at offset 612 of Payload -9007404025457505713 to endpoint T8u1 [CONTEXT service_id=54 ]
04-22 11:36:19.421 22073 12115 I NearbyMediums: Matched service ID connectedcrossroad to GATT advertisement BleAdvertisement { version=2, socketVersion=2, serviceIdHash=[ 0x5b 0xc9 0xed ], data=[ 0x22 0x5b 0xc9 0xed 0x6a 0x50 0x76 0x46 0x01 0x31 0x58 0xcb 0x52 0x5b 0xbf 0x2c 0x00 0x00 ], deviceToken=[ 0xcc 0x9a ] }. [CONTEXT service_id=54 ]
04-22 11:36:19.421 22073 12115 I NearbyMediums: Unable to parse raw GATT advertisement [ ] [CONTEXT service_id=54 ]
04-22 11:36:19.421 22073  6656 E NearbyConnections: EndpointManager failed to find EndpointChannel over which to write DATA at offset 612 of Payload -9007404025457505713 to endpoint T8u1 [CONTEXT service_id=54 ]
04-22 11:36:19.421 22073  6656 E NearbyConnections: EndpointManager failed to find EndpointChannel over which to write DATA at offset 612 of Payload -9007404025457505713 to endpoint T8u1 [CONTEXT service_id=54 ]
04-22 11:36:19.421  2290  2575 D BtGatt.ScanManager: isAptXLowLatencyModeEnabled: false
04-22 11:36:19.421 22073  6656 E NearbyConnections: EndpointManager failed to find EndpointChannel over which to write DATA at offset 612 of Payload -9007404025457505713 to endpoint T8u1 [CONTEXT service_id=54 ]
04-22 11:36:19.422 22073  6656 E NearbyConnections: EndpointManager failed to find EndpointChannel over which to write DATA at offset 612 of Payload -9007404025457505713 to endpoint T8u1 [CONTEXT service_id=54 ]
04-22 11:36:19.422  1743  2039 I WifiService: enableTdls uid=10156 enable=true
04-22 11:36:19.422 22073  6656 E NearbyConnections: EndpointManager failed to find EndpointChannel over which to write DATA at offset 612 of Payload -9007404025457505713 to endpoint T8u1 [CONTEXT service_id=54 ]
04-22 11:36:19.424 22073  6656 I chatty  : uid=10156(com.google.android.gms) highpool[332] identical 10 lines
04-22 11:36:19.425 22073  6656 E NearbyConnections: EndpointManager failed to find EndpointChannel over which to write DATA at offset 612 of Payload -9007404025457505713 to endpoint T8u1 [CONTEXT service_id=54 ]
04-22 11:36:19.425  1743 11502 I WifiService: enableTdlsWithMacAddress uid=1000 enable=true
04-22 11:36:19.425 22073  6656 E NearbyConnections: EndpointManager failed to find EndpointChannel over which to write DATA at offset 612 of Payload -9007404025457505713 to endpoint T8u1 [CONTEXT service_id=54 ]
04-22 11:36:19.425 22073  6656 I chatty  : uid=10156(com.google.android.gms) highpool[332] identical 2 lines
04-22 11:36:19.426 22073  6656 E NearbyConnections: EndpointManager failed to find EndpointChannel over which to write DATA at offset 612 of Payload -9007404025457505713 to endpoint T8u1 [CONTEXT service_id=54 ]
04-22 11:36:19.426  5577  5577 I wpa_supplicant: TDLS: Failed to send message (action_code=10)
04-22 11:36:19.426  5577  5577 I wpa_supplicant: StaIface: TDLS discover failed: -1
04-22 11:36:19.426 22073  6656 E NearbyConnections: EndpointManager failed to find EndpointChannel over which to write DATA at offset 612 of Payload -9007404025457505713 to endpoint T8u1 [CONTEXT service_id=54 ]
04-22 11:36:19.426  2290  2348 D BtGatt.GattService: onScanFilterEnableDisabled() - clientIf=5, status=0, action=1
04-22 11:36:19.426 22073  6656 E NearbyConnections: EndpointManager failed to find EndpointChannel over which to write DATA at offset 612 of Payload -9007404025457505713 to endpoint T8u1 [CONTEXT service_id=54 ]
04-22 11:36:19.426  2290  2348 D BtGatt.ScanManager: callback done for scannerId - 5 status - 0
04-22 11:36:19.426 22073  6656 E NearbyConnections: EndpointManager failed to find EndpointChannel over which to write DATA at offset 612 of Payload -9007404025457505713 to endpoint T8u1 [CONTEXT service_id=54 ]
04-22 11:36:19.427  2290  2575 D BtGatt.ScanManager: Available Filter size: 12
04-22 11:36:19.427 22073  6656 E NearbyConnections: EndpointManager failed to find EndpointChannel over which to write DATA at offset 612 of Payload -9007404025457505713 to endpoint T8u1 [CONTEXT service_id=54 ]
04-22 11:36:19.427 22073  6656 I chatty  : uid=10156(com.google.android.gms) highpool[332] identical 1 line
04-22 11:36:19.427 22073  6656 E NearbyConnections: EndpointManager failed to find EndpointChannel over which to write DATA at offset 612 of Payload -9007404025457505713 to endpoint T8u1 [CONTEXT service_id=54 ]
04-22 11:36:19.427  2290  2348 D BtGatt.GattService: onScanFilterConfig() - clientIf=5, action = 0 status = 0, filterType=0, availableSpace=0
04-22 11:36:19.427  2290  2348 D BtGatt.ScanManager: callback done for scannerId - 5 status - 0
04-22 11:36:19.427 22073  6656 E NearbyConnections: EndpointManager failed to find EndpointChannel over which to write DATA at offset 612 of Payload -9007404025457505713 to endpoint T8u1 [CONTEXT service_id=54 ]
04-22 11:36:19.428 22073  6656 E NearbyConnections: EndpointManager failed to find EndpointChannel over which to write DATA at offset 612 of Payload -9007404025457505713 to endpoint T8u1 [CONTEXT service_id=54 ]
04-22 11:36:19.428  2290  2575 D BtGatt.ScanManager: configureFilterParamter 500 10000 1 0, deliveryMode=0
04-22 11:36:19.428 22073  6656 E NearbyConnections: EndpointManager failed to find EndpointChannel over which to write DATA at offset 612 of Payload -9007404025457505713 to endpoint T8u1 [CONTEXT service_id=54 ]
04-22 11:36:19.430 22073  6656 I chatty  : uid=10156(com.google.android.gms) highpool[332] identical 7 lines
04-22 11:36:19.430 22073  6656 E NearbyConnections: EndpointManager failed to find EndpointChannel over which to write DATA at offset 612 of Payload -9007404025457505713 to endpoint T8u1 [CONTEXT service_id=54 ]
04-22 11:36:19.430  2290  2348 D BtGatt.GattService: onScanFilterParamsConfigured() - clientIf=5, status=0, action=0, availableSpace=13
04-22 11:36:19.430 22073  6656 E NearbyConnections: EndpointManager failed to find EndpointChannel over which to write DATA at offset 612 of Payload -9007404025457505713 to endpoint T8u1 [CONTEXT service_id=54 ]
04-22 11:36:19.430  2290  2348 D BtGatt.ScanManager: callback done for scannerId - 5 status - 0
04-22 11:36:19.430 22073  6656 E NearbyConnections: EndpointManager failed to find EndpointChannel over which to write DATA at offset 612 of Payload -9007404025457505713 to endpoint T8u1 [CONTEXT service_id=54 ]
04-22 11:36:19.431 22073  6656 I chatty  : uid=10156(com.google.android.gms) highpool[332] identical 1 line
04-22 11:36:19.431 22073  6656 E NearbyConnections: EndpointManager failed to find EndpointChannel over which to write DATA at offset 612 of Payload -9007404025457505713 to endpoint T8u1 [CONTEXT service_id=54 ]
04-22 11:36:19.431  2290  2603 I bt_stack: [INFO:btm_ble_adv_filter.cc(693)] BTM_LE_PF_set UUID MASK is empty 
04-22 11:36:19.431 22073  6656 E NearbyConnections: EndpointManager failed to find EndpointChannel over which to write DATA at offset 612 of Payload -9007404025457505713 to endpoint T8u1 [CONTEXT service_id=54 ]
04-22 11:36:19.431  2290  2348 D BtGatt.GattService: onScanFilterConfig() - clientIf=5, action = 0 status = 0, filterType=0, availableSpace=0
04-22 11:36:19.431  2290  2348 D BtGatt.ScanManager: callback done for scannerId - 5 status - 0
04-22 11:36:19.431 22073  6656 E NearbyConnections: EndpointManager failed to find EndpointChannel over which to write DATA at offset 612 of Payload -9007404025457505713 to endpoint T8u1 [CONTEXT service_id=54 ]
04-22 11:36:19.431  2290  2575 D BtGatt.ScanManager: configureFilterParamter 500 10000 1 0, deliveryMode=0
04-22 11:36:19.432 22073  6656 E NearbyConnections: EndpointManager failed to find EndpointChannel over which to write DATA at offset 612 of Payload -9007404025457505713 to endpoint T8u1 [CONTEXT service_id=54 ]
04-22 11:36:19.433 22073  6656 I chatty  : uid=10156(com.google.android.gms) highpool[332] identical 7 lines
04-22 11:36:19.433 22073  6656 E NearbyConnections: EndpointManager failed to find EndpointChannel over which to write DATA at offset 612 of Payload -9007404025457505713 to endpoint T8u1 [CONTEXT service_id=54 ]
04-22 11:36:19.434  2290  2348 D BtGatt.GattService: onScanFilterParamsConfigured() - clientIf=5, status=0, action=0, availableSpace=12
04-22 11:36:19.434  2290  2348 D BtGatt.ScanManager: callback done for scannerId - 5 status - 0
04-22 11:36:19.434 22073  6656 E NearbyConnections: EndpointManager failed to find EndpointChannel over which to write DATA at offset 612 of Payload -9007404025457505713 to endpoint T8u1 [CONTEXT service_id=54 ]
04-22 11:36:19.434 22073  6656 I chatty  : uid=10156(com.google.android.gms) highpool[332] identical 1 line
04-22 11:36:19.434 22073  6656 E NearbyConnections: EndpointManager failed to find EndpointChannel over which to write DATA at offset 612 of Payload -9007404025457505713 to endpoint T8u1 [CONTEXT service_id=54 ]
04-22 11:36:19.434  2290  2603 I bt_stack: [INFO:btm_ble_adv_filter.cc(693)] BTM_LE_PF_set UUID MASK is empty 
04-22 11:36:19.434 22073  6656 E NearbyConnections: EndpointManager failed to find EndpointChannel over which to write DATA at offset 612 of Payload -9007404025457505713 to endpoint T8u1 [CONTEXT service_id=54 ]
04-22 11:36:19.435 22073  6656 E NearbyConnections: EndpointManager failed to find EndpointChannel over which to write DATA at offset 612 of Payload -9007404025457505713 to endpoint T8u1 [CONTEXT service_id=54 ]
04-22 11:36:19.435  2290  2348 D BtGatt.GattService: onScanFilterConfig() - clientIf=5, action = 0 status = 0, filterType=0, availableSpace=0
04-22 11:36:19.435  2290  2348 D BtGatt.ScanManager: callback done for scannerId - 5 status - 0
04-22 11:36:19.435 22073  6656 E NearbyConnections: EndpointManager failed to find EndpointChannel over which to write DATA at offset 612 of Payload -9007404025457505713 to endpoint T8u1 [CONTEXT service_id=54 ]
