04-22 11:30:18.541  1635  1775 W BroadcastQueue: Background execution not allowed: receiving Intent { act=android.intent.action.PACKAGE_ADDED dat=package:com.google.location.nearby.apps.connectedcrossroad flg=0x4000010 (has extras) } to com.google.android.gms/.gass.chimera.PackageChangeBroadcastReceiver
04-22 11:30:18.542  1635  1775 W BroadcastQueue: Background execution not allowed: receiving Intent { act=android.intent.action.PACKAGE_ADDED dat=package:com.google.location.nearby.apps.connectedcrossroad flg=0x4000010 (has extras) } to com.google.android.gms/.chimera.GmsIntentOperationService$PersistentTrustedReceiver
04-22 11:30:18.542  1635  1775 W BroadcastQueue: Background execution not allowed: receiving Intent { act=android.intent.action.PACKAGE_ADDED dat=package:com.google.location.nearby.apps.connectedcrossroad flg=0x4000010 (has extras) } to com.google.android.googlequicksearchbox/com.google.android.apps.gsa.googlequicksearchbox.GelStubAppWatcher
04-22 11:30:18.545  1635  1775 W BroadcastQueue: Background execution not allowed: receiving Intent { act=android.intent.action.PACKAGE_ADDED dat=package:com.google.location.nearby.apps.connectedcrossroad flg=0x4000010 (has extras) } to com.facebook.katana/com.facebook.feed.platformads.AppInstallReceiver
04-22 11:30:18.546  1635  1775 W BroadcastQueue: Background execution not allowed: receiving Intent { act=android.intent.action.PACKAGE_ADDED dat=package:com.google.location.nearby.apps.connectedcrossroad flg=0x4000010 (has extras) } to com.jaga.ibraceletplus.smartwristband3/com.yc.pedometer.keepalive.KeepAliveReceiver
04-22 11:30:18.547  1635  1775 W BroadcastQueue: Background execution not allowed: receiving Intent { act=android.intent.action.PACKAGE_ADDED dat=package:com.google.location.nearby.apps.connectedcrossroad flg=0x4000010 (has extras) } to com.microsoft.appmanager/.receiver.InstallUninstallReceiver
04-22 11:30:18.548  1635  1775 W BroadcastQueue: Background execution not allowed: receiving Intent { act=android.intent.action.PACKAGE_ADDED dat=package:com.google.location.nearby.apps.connectedcrossroad flg=0x4000010 (has extras) } to com.microsoft.appmanager/com.microsoft.mmx.continuity.receiver.InstallUninstallReceiver
04-22 11:30:18.558  1635  1775 W BroadcastQueue: Background execution not allowed: receiving Intent { act=android.intent.action.PACKAGE_ADDED dat=package:com.google.location.nearby.apps.connectedcrossroad flg=0x4000010 (has extras) } to com.microsoft.emmx/com.microsoft.mmx.continuity.receiver.InstallUninstallReceiver
04-22 11:30:18.565  1635  1754 W Looper  : Slow dispatch took 113ms android.ui h=com.android.server.am.ActivityManagerService$UiHandler c=null m=31
04-22 11:30:18.583  1635  1635 W Looper  : Slow dispatch took 116ms main h=android.app.ActivityThread$H c=android.app.-$$Lambda$LoadedApk$ReceiverDispatcher$Args$_BumDX2UKsnxLVrE6UJsJZkotuA@a13f7da m=0
04-22 11:30:18.608  1635  1756 D CompatibilityChangeReporter: Compat change id reported: 135634846; UID 10333; state: DISABLED
04-22 11:30:18.608  1635  1776 D CompatibilityChangeReporter: Compat change id reported: 143937733; UID 10333; state: DISABLED
04-22 11:30:18.676  1635  1752 W Looper  : Slow dispatch took 133ms android.fg h=android.os.Handler c=<recycled PooledLambda@73215d7> m=0
04-22 11:30:18.704  1635  1776 W ActivityManager: Slow operation: 97ms so far, now at startProcess: done updating battery stats
04-22 11:30:18.706  1635  1776 W ActivityManager: Slow operation: 99ms so far, now at startProcess: building log message
04-22 11:30:18.706  1635  1776 I ActivityManager: Start proc 20514:com.google.location.nearby.apps.connectedcrossroad/u0a333 for pre-top-activity {com.google.location.nearby.apps.connectedcrossroad/nx.aodv.eval.MainActivity}
04-22 11:30:18.706  1635  1776 W ActivityManager: Slow operation: 99ms so far, now at startProcess: starting to update pids map
04-22 11:30:18.706  1635  1776 W ActivityManager: Slow operation: 99ms so far, now at startProcess: done updating pids map
04-22 11:30:18.741  1635  1754 W Looper  : Slow dispatch took 131ms android.ui h=com.android.server.am.ActivityManagerService$UiHandler c=null m=31
04-22 11:30:18.763  1635  1635 W Looper  : Slow dispatch took 171ms main h=android.app.ActivityThread$H c=android.app.-$$Lambda$LoadedApk$ReceiverDispatcher$Args$_BumDX2UKsnxLVrE6UJsJZkotuA@9a4e989 m=0
04-22 11:30:18.769  1635  1635 W Looper  : Slow delivery took 280ms main h=android.app.ActivityThread$H c=android.app.-$$Lambda$LoadedApk$ReceiverDispatcher$Args$_BumDX2UKsnxLVrE6UJsJZkotuA@bceaa7c m=0
04-22 11:30:18.770  1635  1635 I Telecom : DefaultDialerCache: Refreshing default dialer for user 0: now com.google.android.dialer: DDC.oR@BZY
04-22 11:30:18.813  1635  1635 V BackupManagerConstants: getFullBackupIntervalMilliseconds(...) returns 86400000
04-22 11:30:18.813  1635  1635 V BackupManagerConstants: getFullBackupRequiredNetworkType(...) returns 2
04-22 11:30:18.813  1635  1635 V BackupManagerConstants: getFullBackupRequireCharging(...) returns true
04-22 11:30:18.888  1635  1635 W Looper  : Slow dispatch took 117ms main h=android.app.ActivityThread$H c=android.app.-$$Lambda$LoadedApk$ReceiverDispatcher$Args$_BumDX2UKsnxLVrE6UJsJZkotuA@3af2f50 m=0
04-22 11:30:18.888  1635  1752 W Looper  : Slow dispatch took 189ms android.fg h=android.os.Handler c=<recycled PooledLambda@9e1b549> m=0
04-22 11:30:18.932  1635  1635 W Looper  : Drained
04-22 11:30:18.986  1635  1752 W Looper  : Slow delivery took 347ms android.fg h=android.os.Handler c=<recycled PooledLambda@dc3e37f> m=0
04-22 11:30:19.019  1635  3043 W BroadcastQueue: Background execution not allowed: receiving Intent { act=android.intent.action.PACKAGE_REPLACED dat=package:com.google.location.nearby.apps.connectedcrossroad flg=0x4000010 (has extras) } to com.google.android.gms/.gass.chimera.PackageChangeBroadcastReceiver
04-22 11:30:19.024  1635  2891 D ConnectivityService: NetReassign [no changes]
04-22 11:30:19.025  1635  1775 W BroadcastQueue: Background execution not allowed: receiving Intent { act=android.intent.action.PACKAGE_REPLACED dat=package:com.google.location.nearby.apps.connectedcrossroad flg=0x4000010 (has extras) } to com.google.android.gms/.chimera.GmsIntentOperationService$PersistentTrustedReceiver
04-22 11:30:19.088  1635  1775 W BroadcastQueue: Background execution not allowed: receiving Intent { act=android.intent.action.PACKAGE_REPLACED dat=package:com.google.location.nearby.apps.connectedcrossroad flg=0x4000010 (has extras) } to com.google.android.googlequicksearchbox/com.google.android.apps.gsa.googlequicksearchbox.GelStubAppWatcher
04-22 11:30:19.089  1635  1775 W BroadcastQueue: Background execution not allowed: receiving Intent { act=android.intent.action.PACKAGE_REPLACED dat=package:com.google.location.nearby.apps.connectedcrossroad flg=0x4000010 (has extras) } to com.infonow.bofa/com.bofa.ecom.marvel.application.BofaPackageUpdateReceiver
04-22 11:30:19.092  1635  1775 W BroadcastQueue: Background execution not allowed: receiving Intent { act=android.intent.action.PACKAGE_REPLACED dat=package:com.google.location.nearby.apps.connectedcrossroad flg=0x4000010 (has extras) } to com.microsoft.appmanager/com.microsoft.mmx.continuity.receiver.InstallUninstallReceiver
04-22 11:30:19.093  1635  1775 W BroadcastQueue: Background execution not allowed: receiving Intent { act=android.intent.action.PACKAGE_REPLACED dat=package:com.google.location.nearby.apps.connectedcrossroad flg=0x4000010 (has extras) } to com.microsoft.emmx/com.microsoft.mmx.continuity.receiver.InstallUninstallReceiver
04-22 11:30:19.095  1635  1775 W BroadcastQueue: Background execution not allowed: receiving Intent { act=android.intent.action.PACKAGE_REPLACED dat=package:com.google.location.nearby.apps.connectedcrossroad flg=0x4000010 (has extras) } to steptracker.healthandfitness.walkingtracker.pedometer/com.drojian.stepcounter.receiver.PedometerReceiver
04-22 11:30:19.095  1635  1775 W BroadcastQueue: Background execution not allowed: receiving Intent { act=android.intent.action.PACKAGE_REPLACED dat=package:com.google.location.nearby.apps.connectedcrossroad flg=0x4000010 (has extras) } to steptracker.healthandfitness.walkingtracker.pedometer/com.drojian.servicekeeper.receiver.BootReceiver
04-22 11:30:19.107  1635  1752 W Looper  : Slow dispatch took 120ms android.fg h=android.os.Handler c=<recycled PooledLambda@ae863e2> m=0
04-22 11:30:19.132  1635  2884 W NetworkPolicy: shared quota unsupported; generating rule for each iface
04-22 11:30:19.275  1635  3043 D CompatibilityChangeReporter: Compat change id reported: 136274596; UID 10333; state: DISABLED
04-22 11:30:19.644  1635  1752 W Looper  : Slow dispatch took 104ms android.fg h=android.os.Handler c=<recycled PooledLambda@d21a6c1> m=0
04-22 11:30:19.900  1635  2884 W NetworkPolicy: shared quota unsupported; generating rule for each iface
04-22 11:30:20.132  1635  2884 I chatty  : uid=1000(system) NetworkPolicy identical 1 line
04-22 11:30:20.192  1635  2884 W NetworkPolicy: shared quota unsupported; generating rule for each iface
04-22 11:30:20.245  1635  1752 W Looper  : Drained
04-22 11:30:20.635  1635  2884 W NetworkPolicy: shared quota unsupported; generating rule for each iface
04-22 11:30:20.882  1635  5549 E SystemServiceRegistry: Manager wrapper not available: face
04-22 11:30:20.883  1635  1775 I DropBoxManagerService: add tag=system_server_wtf isTagEnabled=true flags=0x2
04-22 11:30:20.974  1635  3045 W SettingsStatsUtil: Can not parse value to float: gps,network
04-22 11:30:22.031  1635  2891 D ConnectivityService: NetReassign [no changes]
04-22 11:30:22.895  1635  1775 W BroadcastQueue: Background execution not allowed: receiving Intent { act=android.intent.action.DROPBOX_ENTRY_ADDED flg=0x10 (has extras) } to com.google.android.gms/.stats.service.DropBoxEntryAddedReceiver
04-22 11:30:22.896  1635  1775 W BroadcastQueue: Background execution not allowed: receiving Intent { act=android.intent.action.DROPBOX_ENTRY_ADDED flg=0x10 (has extras) } to com.google.android.gms/.chimera.GmsIntentOperationService$PersistentTrustedReceiver
04-22 11:30:25.057  1635  2891 D ConnectivityService: NetReassign [no changes]
--------- beginning of main
04-22 11:30:37.512 14602 14896 D ACDB-LOADER: ACDB -> AUDIO_SET_VOL_CAL cal type = 12
04-22 11:30:37.512 14602 14896 D ACDB-LOADER: ACDB -> ACDB_CMD_GET_AUDPROC_STREAM_TABLE_SIZE
04-22 11:30:37.512 14602 14896 D ACDB-LOADER: ACDB -> send_audstrmtable
04-22 11:30:37.512 14602 14896 D ACDB-LOADER: ACDB -> ACDB_CMD_GET_AUDPROC_STREAM_TABLE_V2
04-22 11:30:37.512 14602 14896 D ACDB-LOADER: ACDB -> audstrm_cal->cal_type.cal_data.cal_size = 16
04-22 11:30:37.512 14602 14896 D ACDB-LOADER: ACDB -> send_afe_topology
04-22 11:30:37.512 14602 14896 D ACDB-LOADER: ACDB -> ACDB_CMD_GET_AFE_TOPOLOGY_ID
04-22 11:30:37.513 14602 14896 D ACDB-LOADER: ACDB -> GET_AFE_TOPOLOGY_ID for adcd_id 512, Topology Id 10001ccc
04-22 11:30:37.513 14602 14896 D ACDB-LOADER: ACDB -> send_afe_cal
04-22 11:30:37.513 14602 14896 D ACDB-LOADER: ACDB -> ACDB_CMD_GET_AFE_COMMON_TABLE_SIZE
04-22 11:30:37.513 14602 14896 D ACDB-LOADER: ACDB -> ACDB_CMD_GET_AFE_COMMON_TABLE
04-22 11:30:37.513 14602 14896 D ACDB-LOADER: ACDB -> AUDIO_SET_AFE_CAL
04-22 11:30:37.513 14602 14896 D ACDB-LOADER: ACDB -> send_hw_delay : acdb_id = 512 path = 1
04-22 11:30:37.513 14602 14896 D ACDB-LOADER: ACDB -> ACDB_AVSYNC_INFO: ACDB_CMD_GET_DEVICE_PROPERTY
04-22 11:30:37.513 14602 14896 D audio_hw_primary: enable_audio_route: usecase(25) apply and update mixer path: spkr-vi-record vi-feedback
04-22 11:30:37.513 14602 14896 D audio_route: Apply path: spkr-vi-record vi-feedback
04-22 11:30:37.513  1635  5549 I system_server: oneway function results will be dropped but finished with status OK and parcel size 4
04-22 11:30:37.521  4561  4561 I A       : Receiving sys ui event of type com.google.android.apps.googlequicksearchbox.nga.ON_KEYBOARD_SHOWING_CHANGED.
04-22 11:30:37.530 19609 20615 I chatty  : uid=10200(com.google.android.inputmethod.latin) expire 1 line
04-22 11:30:37.535  3529 20354 I chatty  : uid=10145 com.google.android.gms.persistent expire 83 lines
04-22 11:30:37.550 14602 14896 D ACDB-LOADER: ACDB -> send_audio_cal, acdb_id = 513, path = 0, app id = 0x11130, sample rate = 48000
04-22 11:30:37.550 14602 14896 D ACDB-LOADER: ACDB -> send_asm_topology
04-22 11:30:37.550 14602 14896 D ACDB-LOADER: ACDB -> ACDB_CMD_GET_AUDPROC_STREAM_TOPOLOGY_ID
04-22 11:30:37.550 14602 14896 D ACDB-LOADER: ACDB -> send_adm_topology
04-22 11:30:37.550 14602 14896 D ACDB-LOADER: ACDB -> ACDB_CMD_GET_AUDPROC_COMMON_TOPOLOGY_ID
04-22 11:30:37.550 14602 14896 D ACDB-LOADER: ACDB -> send_audtable
04-22 11:30:37.550 14602 14896 D ACDB-LOADER: ACDB -> ACDB_CMD_GET_AUDPROC_COMMON_TABLE_SIZE
04-22 11:30:37.550 14602 14896 D ACDB-LOADER: ACDB -> ACDB_CMD_GET_AUDPROC_COMMON_TABLE
04-22 11:30:37.550 14602 14896 D ACDB-LOADER: ACDB -> AUDIO_SET_AUDPROC_CAL
04-22 11:30:37.550 14602 14896 D ACDB-LOADER: ACDB -> send_audvoltable
04-22 11:30:37.550 14602 14896 D ACDB-LOADER: ACDB -> ACDB_CMD_GET_AUDPROC_VOL_STEP_TABLE_SIZE
04-22 11:30:37.550 14602 14896 D ACDB-LOADER: ACDB -> ACDB_CMD_GET_AUDPROC_GAIN_DEP_STEP_TABLE, vol index 0
04-22 11:30:37.550 14602 14896 D android.hardware.audio.service: Failed to fetch the lookup information of the device 00000201 
04-22 11:30:37.550 14602 14896 E ACDB-LOADER: Error: ACDB AudProc vol returned = -19
04-22 11:30:37.550 14602 14896 D ACDB-LOADER: ACDB -> AUDIO_SET_VOL_CAL cal type = 12
04-22 11:30:37.550 14602 14896 D ACDB-LOADER: ACDB -> ACDB_CMD_GET_AUDPROC_STREAM_TABLE_SIZE
04-22 11:30:37.550 14602 14896 D ACDB-LOADER: ACDB -> send_audstrmtable
04-22 11:30:37.550 14602 14896 D ACDB-LOADER: ACDB -> ACDB_CMD_GET_AUDPROC_STREAM_TABLE_V2
04-22 11:30:37.550 14602 14896 D ACDB-LOADER: ACDB -> audstrm_cal->cal_type.cal_data.cal_size = 488
04-22 11:30:37.550 14602 14896 D ACDB-LOADER: ACDB -> send_afe_topology
04-22 11:30:37.550 14602 14896 D ACDB-LOADER: ACDB -> ACDB_CMD_GET_AFE_TOPOLOGY_ID
04-22 11:30:37.550 14602 14896 D ACDB-LOADER: ACDB -> GET_AFE_TOPOLOGY_ID for adcd_id 513, Topology Id 10000ccc
04-22 11:30:37.550 14602 14896 D ACDB-LOADER: ACDB -> send_afe_cal
04-22 11:30:37.550 14602 14896 D ACDB-LOADER: ACDB -> ACDB_CMD_GET_AFE_COMMON_TABLE_SIZE
04-22 11:30:37.550 14602 14896 D ACDB-LOADER: ACDB -> ACDB_CMD_GET_AFE_COMMON_TABLE
04-22 11:30:37.550 14602 14896 D ACDB-LOADER: ACDB -> AUDIO_SET_AFE_CAL
04-22 11:30:37.550 14602 14896 D ACDB-LOADER: ACDB -> send_hw_delay : acdb_id = 513 path = 0
04-22 11:30:37.550 14602 14896 D ACDB-LOADER: ACDB -> ACDB_AVSYNC_INFO: ACDB_CMD_GET_DEVICE_PROPERTY
04-22 11:30:37.550 14602 14896 D audio_hw_primary: enable_audio_route: usecase(1) apply and update mixer path: low-latency-playback speaker
04-22 11:30:37.550 14602 14896 D audio_route: Apply path: low-latency-playback speaker
04-22 11:30:37.601  2959  3071 I chatty  : uid=1002(bluetooth) BT Service Call expire 16 lines
04-22 11:30:34.109  1635  2891 I chatty  : uid=1000(system) ConnectivitySer identical 3 lines
04-22 11:30:37.124  1635  2891 D ConnectivityService: NetReassign [no changes]
04-22 11:30:37.601  1635  1635 D BluetoothManagerService: Bluetooth Adapter name changed to IkdsdHFbye0AAAAAAAAAATE
04-22 11:30:37.602  1635  1635 D BluetoothManagerService: Stored Bluetooth name: IkdsdHFbye0AAAAAAAAAATE
04-22 11:30:37.602 14602 14896 D audio_hw_primary: out_write: retry previous failed cal level set
04-22 11:30:37.613  3529  3545 I chatty  : uid=10145(com.google.android.gms) Binder:3529_1 expire 17 lines
04-22 11:30:37.613  3529 20006 I chatty  : uid=10145 com.google.android.gms.persistent expire 42 lines
04-22 11:30:37.686  1047  1286 D VSC     : @ 108148.003: [WO] isFlat() nearest_rotation: 4, flat_angle: 65
04-22 11:30:37.686  1047  1286 D VSC     : @ 108148.003: [WO] orientation angle 357, orientation 4
04-22 11:30:37.743 14601 14613 W APM::AudioPolicyEngine: getDevicesForStrategy() unknown strategy: -1
04-22 11:30:37.744  1635  5549 I system_server: oneway function results will be dropped but finished with status OK and parcel size 4
04-22 11:30:37.744  2959 15232 I chatty  : uid=1002(bluetooth) Binder:2959_A expire 2 lines
04-22 11:30:37.930  1635  4623 E AppOps  : attributionTag com.google.android.gms.nearby not declared in manifest of com.google.location.nearby.apps.connectedcrossroad
04-22 11:30:37.939  2959  3615 I chatty  : uid=1002(bluetooth) bt_main_thread expire 34 lines
04-22 11:30:37.944  3529 20618 I chatty  : uid=10145 com.google.android.gms.persistent expire 17 lines
04-22 11:30:38.227 19609 21197 I chatty  : uid=10200(com.google.android.inputmethod.latin) voice-control-1 expire 6 lines
04-22 11:30:38.228  4536  4536 D AugmentedAutofillService: mCallback is updated.
04-22 11:30:38.229 19609 20326 I chatty  : uid=10200(com.google.android.inputmethod.latin) ExUtils-F-P10-3 expire 3 lines
04-22 11:30:38.231 19609 20328 I chatty  : uid=10200(com.google.android.inputmethod.latin) ExUtils-F-P10-3 expire 2 lines
04-22 11:30:38.246 19609 19613 I chatty  : uid=10200(com.google.android.inputmethod.latin) ExUtils-F-P10-3 expire 2 lines
04-22 11:30:38.260 19609 19612 I chatty  : uid=10200(com.google.android.inputmethod.latin) ExUtils-F-P10-3 expire 1 line
04-22 11:30:38.266 12074 12074 I chatty  : uid=10145(com.google.android.gms) expire 12 lines
04-22 11:30:38.348  4561  4561 I A       : Receiving sys ui event of type com.google.android.apps.googlequicksearchbox.nga.ON_KEYBOARD_SHOWING_CHANGED.
04-22 11:30:38.391 20514 20535 I nectedcrossroa: oneway function results will be dropped but finished with status UNKNOWN_TRANSACTION and parcel size 0
04-22 11:30:38.393 20514 20514 D connectedcrossroad: onEndpointFound: Connecting to e741
04-22 11:30:38.408  1635  4630 I WifiService: enableTdls uid=10145 enable=true
04-22 11:30:38.409  1635  3107 I WifiService: enableTdlsWithMacAddress uid=1000 enable=true
04-22 11:30:38.508 19609 19624 I chatty  : uid=10200(com.google.android.inputmethod.latin) FinalizerDaemon expire 3 lines
04-22 11:30:39.102  3529 20619 I chatty  : uid=10145 com.google.android.gms.persistent expire 29 lines
04-22 11:30:39.105 20514 20514 D connectedcrossroad: onEndpointFound: Connecting to En-z
04-22 11:30:39.106 20514 20535 I nectedcrossroa: oneway function results will be dropped but finished with status UNKNOWN_TRANSACTION and parcel size 0
04-22 11:30:39.206 20514 20514 D connectedcrossroad: onEndpointFound: Connecting to 7dKe
04-22 11:30:39.208 20514 20535 I nectedcrossroa: oneway function results will be dropped but finished with status UNKNOWN_TRANSACTION and parcel size 0
04-22 11:30:39.212 20514 20514 D connectedcrossroad: onEndpointFound: Connecting to tgDt
04-22 11:30:39.213 20514 20535 I nectedcrossroa: oneway function results will be dropped but finished with status UNKNOWN_TRANSACTION and parcel size 0
04-22 11:30:39.257  1058  2949 I WifiHAL : event received NL80211_CMD_VENDOR, vendor_id = 0x1374, subcmd = 0xd
04-22 11:30:39.290 19609 20621 I chatty  : uid=10200(com.google.android.inputmethod.latin) expire 1 line
04-22 11:30:39.291 19609 19637 I chatty  : uid=10200(com.google.android.inputmethod.latin) ExUtils-P11-1 expire 4 lines
04-22 11:30:39.300 19609 20327 I chatty  : uid=10200(com.google.android.inputmethod.latin) ExUtils-F-P10-3 expire 1 line
04-22 11:30:39.499  2979  3035 D CachedBluetoothDevice: Device name: InRnRHRbye0AAAAAAAAAATI
04-22 11:30:39.767  1047  1286 D VSC     : @ 108150.084: [WO] isFlat() nearest_rotation: 0, flat_angle: 65
04-22 11:30:39.767  1047  1286 D VSC     : @ 108150.084: [WO] orientation angle 0, orientation 0
04-22 11:30:39.895 20514 20514 D connectedcrossroad: onConnectionInitiated: Accepting connection
04-22 11:30:39.909  1635  5549 I WifiService: enableTdls uid=10145 enable=true
04-22 11:30:39.912  1635  3107 I WifiService: enableTdlsWithMacAddress uid=1000 enable=true
04-22 11:30:40.132  1635  2891 D ConnectivityService: NetReassign [no changes]
04-22 11:30:40.318  3258  3258 D GRIL-S  : [6668]> UPDATE_REGULATORY_DOMAIN
04-22 11:30:40.313  1057  1057 W radioext@1.0-se: type=1400 audit(0.0:10279): avc: denied { search } for name="radio" dev="dm-8" ino=174 scontext=u:r:hal_radioext_default:s0 tcontext=u:object_r:radio_vendor_data_file:s0 tclass=dir permissive=0
04-22 11:30:40.320  3258  4164 D GRIL-S  : [6668]< UPDATE_REGULATORY_DOMAIN 
04-22 11:30:40.393  3529 20624 I chatty  : uid=10145 com.google.android.gms.persistent expire 14 lines
04-22 11:30:40.637  3529 20626 I chatty  : uid=10145 com.google.android.gms.persistent expire 34 lines
04-22 11:30:40.640  3529 20627 I chatty  : uid=10145(com.google.android.gms) highpool[391] expire 4 lines
04-22 11:30:40.773 14602 14606 D audio_hw_primary: disable_audio_route: usecase(1) reset and update mixer path: low-latency-playback speaker
04-22 11:30:40.775 14602 14606 I audio_hw_cirrus_playback: audio_extn_spkr_prot_stop_processing: pcm_tx_close
04-22 11:30:40.782 14602 14606 D audio_hw_primary: disable_audio_route: usecase(25) reset and update mixer path: spkr-vi-record vi-feedback
04-22 11:30:40.782 14602 14606 D audio_hw_primary: disable_snd_device: snd_device(104: vi-feedback)
04-22 11:30:40.784  1635  4623 I system_server: oneway function results will be dropped but finished with status OK and parcel size 4
04-22 11:30:41.057  4262  4262 D CounterService: onReceive steptracker.healthandfitness.walkingtracker.pedometer.BROADCAST_NOTIFY_STATUS
04-22 11:30:41.095  2979  3035 W BluetoothEventManager: AclStateChangedHandler: activeDevice is null
04-22 11:30:41.095  2959  2959 I chatty  : uid=1002(bluetooth) com.android.bluetooth expire 2 lines
04-22 11:30:41.100  1661  1661 I GH.WifiBluetoothRcvr: Connection action: android.bluetooth.device.action.ACL_CONNECTED, device 79:E8:59:9A:B1:48
04-22 11:30:41.102  1661  1661 I GH.WifiBluetoothRcvr: Wireless projection is available on this phone.
04-22 11:30:41.122  3529  3529 I chatty  : uid=10145 com.google.android.gms.persistent expire 6 lines
04-22 11:30:41.123  3529 20625 I chatty  : uid=10145 com.google.android.gms.persistent expire 2 lines
04-22 11:30:41.148 14012 14153 I BistoSettingsListener: listener created
04-22 11:30:41.153 14012 14111 I A       : isInitializing-false locale not changed-true model not changed-true
04-22 11:30:41.161 14012 14111 I BistoWorker: bluetoothConnectionStateChanged. Action: android.bluetooth.device.action.ACL_CONNECTED
04-22 11:30:41.167 14012 14111 I DeviceDetector: Not bonded or not refresh cache.
04-22 11:30:41.171 14012 14111 I MicroDetectionState: Should stop hotword detection immediately - false
04-22 11:30:41.263  1058  2949 I WifiHAL : event received NL80211_CMD_VENDOR, vendor_id = 0x1374, subcmd = 0xd
04-22 11:30:41.607  4561  4561 I A       : Receiving sys ui event of type com.google.android.apps.googlequicksearchbox.nga.ON_KEYBOARD_SHOWING_CHANGED.
04-22 11:30:41.633 19609 20648 I chatty  : uid=10200(com.google.android.inputmethod.latin) ExUtils-F-P11-1 expire 1 line
04-22 11:30:41.636  1016  1020 E statsd  : Predicate 5980654721335871649 dropping data for dimension key (10)0x2010101->10145[I] (10)0x30000->CastSocketMultiplexer_WakeLock[S] 
04-22 11:30:41.636 19609 20649 I chatty  : uid=10200(com.google.android.inputmethod.latin) ExUtils-F-P11-1 expire 1 line
04-22 11:30:41.638  1016  1020 E statsd  : Predicate 5980654721335871649 dropping data for dimension key (10)0x2010101->10145[I] (10)0x30000->CastSocketMultiplexer_WakeLock[S] 
04-22 11:30:41.644  1016  1020 E statsd  : Predicate 5980654721335871649 dropping data for dimension key (10)0x2010101->10145[I] (10)0x30000->CastSocketMultiplexer_WakeLock[S] 
04-22 11:30:41.645  1016  1020 E statsd  : Predicate 5980654721335871649 dropping data for dimension key (10)0x2010101->10145[I] (10)0x30000->CastDeviceController-com.google.android.gms[S] 
04-22 11:30:41.647  1016  1020 E statsd  : Predicate 5980654721335871649 dropping data for dimension key (10)0x2010101->10145[I] (10)0x30000->CastDeviceController-com.google.android.gms[S] 
04-22 11:30:41.760  1047  1286 D VSC     : @ 108152.077: [WO] isFlat() nearest_rotation: 4, flat_angle: 65
04-22 11:30:41.760  1047  1286 D VSC     : @ 108152.077: [WO] orientation angle 359, orientation 4
04-22 11:30:42.168  3529  5449 I chatty  : uid=10145(com.google.android.gms) Binder:3529_7 expire 10 lines
04-22 11:30:42.257  4451  4451 I chatty  : uid=10324(com.jaga.ibraceletplus.smartwristband3) expire 14 lines
04-22 11:30:42.316  4451 25576 I chatty  : uid=10324(com.jaga.ibraceletplus.smartwristband3) Binder:4451_5 expire 4 lines
04-22 11:30:42.402  9033  9033 I Finsky  : [2] ahaz.a(4): SCH: onJobSchedulerWakeup with jobId 9001
04-22 11:30:42.402 14012 14012 I BgTaskExecutorImpl: Starting PERIODIC background task REFRESH_SEARCH_HISTORY.
04-22 11:30:42.408  1635  2884 W NetworkPolicy: shared quota unsupported; generating rule for each iface
04-22 11:30:42.521  9033  9033 I Finsky  : [2] aguz.handleMessage(4): SCH: DeviceState: DeviceState{currentTime=1619105442514, isCharging=false, isIdle=false, netAny=true, netNotRoaming=true, netUnmetered=true, batteryPercent=40.0}
04-22 11:30:42.529  9033 20507 I Finsky  : [4455] agxj.b(5): SCH: Jobs in database: 1-1337 12-1 20-23232323 26-1414141414 
04-22 11:30:42.532  9033  9033 I Finsky  : [2] agva.m(9): SCH: Running job: 12-1
04-22 11:30:42.532  9033  9033 I Finsky  : [2] ContentSyncJob.s(1): [ContentSync] job started
04-22 11:30:42.534  9033  9033 I Finsky  : [2] aguz.handleMessage(29): SCH: RunningQueue size: 1, PendingQueue size: 0
04-22 11:30:42.534  9033  9033 I Finsky  : [2] aguz.handleMessage(32): SCH: Running queue: 12-1 
04-22 11:30:42.635  9033 20558 I Finsky  : [4461] hop.b(1): Completed 0 account content syncs with 0 successful.
04-22 11:30:42.636  9033  9033 I Finsky  : [2] ContentSyncJob.a(1): [ContentSync] Installation state replication succeeded.
04-22 11:30:42.636  9033  9033 I Finsky  : [2] agwa.n(4): SCH: jobFinished: 12-1. TimeElapsed: 104ms.
04-22 11:30:42.637  9033  9033 I Finsky  : [2] agva.b(3): SCH: Job 12-1 finished. Not rescheduling.
04-22 11:30:42.637  9033  9033 I Finsky  : [2] aguz.handleMessage(29): SCH: RunningQueue size: 0, PendingQueue size: 0
04-22 11:30:42.637  9033  9033 I Finsky  : [2] aguz.handleMessage(10): SCH: Executor finished
04-22 11:30:42.659  9033  9033 I Finsky  : [2] agxj.b(5): SCH: Jobs in database: 1-1337 20-23232323 26-1414141414 
04-22 11:30:42.661  9033  9033 I Finsky  : [2] agvn.h(37): SCH: ConstraintMapping: 1-1337,  -> L: 8111706ms, D: 51311706ms, C: false, I: false, N: 1
04-22 11:30:42.661  9033  9033 I Finsky  : [2] agvn.h(37): SCH: ConstraintMapping: 20-23232323,  -> L: 0ms, D: 47768520ms, C: true, I: false, N: 2
04-22 11:30:42.662  9033  9033 I Finsky  : [2] agvn.h(37): SCH: ConstraintMapping: 26-1414141414,  -> L: 7998988ms, D: 8898988ms, C: false, I: false, N: 0
04-22 11:30:42.696  9033  9033 I Finsky  : [2] agvn.j(7): SCH: Cancelling existing jobscheduler jobs: 9004 9003 
04-22 11:30:42.697  9033  9033 I Finsky  : [2] agvn.i(11): SCH: Scheduling job Id: 9000, L: 8111706, D: 51311706, C: false, I: false, N: 1
04-22 11:30:42.701  9033  9033 I Finsky  : [2] agvn.e(4): SCH: Throttling wakeup for job 9002 (expected to run in 0 ms) due to recent wakeup
04-22 11:30:42.701  9033  9033 I Finsky  : [2] agvn.i(11): SCH: Scheduling job Id: 9002, L: 30000, D: 47768520, C: true, I: false, N: 2
04-22 11:30:42.705  9033  9033 I Finsky  : [2] agvn.i(11): SCH: Scheduling job Id: 9005, L: 7998988, D: 8898988, C: false, I: false, N: 0
04-22 11:30:42.921  2959  2977 I chatty  : uid=1002(bluetooth) Binder:2959_3 expire 1 line
04-22 11:30:42.966  4451  4451 I SyncParameterUtils:   commandType=25
04-22 11:30:42.966  4451  4451 I SyncParameterUtils:  = 27
04-22 11:30:42.966  4451  4451 I SyncParameterUtils:   commandType=27
04-22 11:30:42.966  4451  4451 I WriteCharaToBLE: 
04-22 11:30:42.966  4451  4451 I SyncParameterUtils: APK--->BLE isBusy = false
04-22 11:30:42.968  2959  3071 I chatty  : uid=1002(bluetooth) BT Service Call expire 5 lines
04-22 11:30:42.968  4451  4451 W stringBuilder: ----------->writeCharacteristic result =true
04-22 11:30:42.968  4451  4451 I SyncParameterUtils: APK--->BLE = D10A01 ,true
04-22 11:30:42.969  4451  4451 I SyncParameterUtils:  = 27, =4
04-22 11:30:43.111 12074 20561 I chatty  : uid=10145(com.google.android.gms) lowpool[116] expire 4 lines
04-22 11:30:43.128  3529  6321 I chatty  : uid=10145(com.google.android.gms) NearbyDiscovery expire 3 lines
04-22 11:30:43.139  4451 25576 I SyncParameterUtils: BLE--->APK = D10A01
04-22 11:30:43.139  4451 25576 I SyncParameterUtils: ------------->onCharacteristicWrite received: 0,mWriteStatus =2,D10A01
04-22 11:30:43.150  1635  2891 D ConnectivityService: NetReassign [no changes]
04-22 11:30:43.190  4451  4451 I SyncParameterUtils: result = true,status = 95
04-22 11:30:43.190  4451  4451 I SyncParameterUtils:   commandType=27
04-22 11:30:43.190  4451  4451 I SyncParameterUtils:  = 28
04-22 11:30:43.190  4451  4451 I SyncParameterUtils:   commandType=28
04-22 11:30:43.190  4451  4451 I WriteCharaToBLE: 
04-22 11:30:43.190  4451  4451 I SyncParameterUtils: APK--->BLE isBusy = false
04-22 11:30:43.191  4451  4451 W stringBuilder: ----------->writeCharacteristic result =true
04-22 11:30:43.192  4451  4451 I SyncParameterUtils: APK--->BLE = F701 ,true
04-22 11:30:43.192  4451  4451 I SyncParameterUtils:  = 28, =3
04-22 11:30:43.267  1058  2949 I WifiHAL : event received NL80211_CMD_VENDOR, vendor_id = 0x1374, subcmd = 0xd
04-22 11:30:43.403  4451 25576 I SyncParameterUtils: BLE--->APK = F701
04-22 11:30:43.404  4451 25576 I SyncParameterUtils: ------------->onCharacteristicWrite received: 0,mWriteStatus =2,F701
04-22 11:30:43.777  2979  3035 D CachedBluetoothDevice: Device name: IkVuLXpbye0AAAAAAAAAATQ
04-22 11:30:43.817 20514 20514 D connectedcrossroad: onConnectionInitiated: Accepting connection
04-22 11:30:43.828  1635 12312 I WifiService: enableTdls uid=10145 enable=true
04-22 11:30:43.830  1635  3107 I WifiService: enableTdlsWithMacAddress uid=1000 enable=true
04-22 11:30:43.904  4451  4451 I SyncParameterUtils: result = true,status = 89
04-22 11:30:43.904  4451  4451 I SyncParameterUtils:   commandType=28
04-22 11:30:43.905  4451  4451 I SyncParameterUtils:  = 29
04-22 11:30:43.905  4451  4451 I SyncParameterUtils:   commandType=29
04-22 11:30:43.905  4451  4451 I stringBuilder: startTimeSp=20210422
04-22 11:30:43.905  4451  4451 I WriteCharaToBLE: 
04-22 11:30:43.905  4451  4451 I SyncParameterUtils: APK--->BLE isBusy = false
04-22 11:30:43.906  4451  4451 W stringBuilder: ----------->writeCharacteristic result =true
04-22 11:30:43.907  4451  4451 I SyncParameterUtils: APK--->BLE = 290007E50416051C ,true
04-22 11:30:43.908  4451  4451 I SyncParameterUtils:  = 29, =2
04-22 11:30:43.965  4451 25576 I SyncParameterUtils: BLE--->APK = 2900
04-22 11:30:43.966  4451 25576 I SyncParameterUtils: ------------->onCharacteristicWrite received: 0,mWriteStatus =2,290007E50416051C
04-22 11:30:44.467  4451  4451 I SyncParameterUtils: result = true,status = 90
04-22 11:30:44.468  4451  4451 I SyncParameterUtils:   commandType=29
04-22 11:30:44.468  4451  4451 I SyncParameterUtils:  = 30
04-22 11:30:44.468  4451  4451 I SyncParameterUtils:   commandType=30
04-22 11:30:44.468  4451  4451 I WriteCharaToBLE: 
04-22 11:30:44.468  4451  4451 I SyncParameterUtils: APK--->BLE isBusy = false
04-22 11:30:44.469  2959  3615 I chatty  : uid=1002(bluetooth) bt_main_thread expire 3 lines
04-22 11:30:44.470  4451  4451 W stringBuilder: ----------->writeCharacteristic result =true
04-22 11:30:44.470  4451  4451 I SyncParameterUtils: APK--->BLE = AFAA ,true
04-22 11:30:44.472  4451  4451 I SyncParameterUtils:  = 30, =1
04-22 11:30:44.728  3529  6378 I chatty  : uid=10145(com.google.android.gms) Binder:3529_E expire 2 lines
04-22 11:30:44.729  2959  3071 I chatty  : uid=1002(bluetooth) BT Service Call expire 3 lines
04-22 11:30:45.089  4451 25576 I SyncParameterUtils: BLE--->APK = AFAA02
04-22 11:30:45.090  4451 25576 I languageKey:  =2
04-22 11:30:45.090  4451 25576 I SyncParameterUtils: ------------->onCharacteristicWrite received: 0,mWriteStatus =2,AFAA
04-22 11:30:45.273  1058  2949 I WifiHAL : event received NL80211_CMD_VENDOR, vendor_id = 0x1374, subcmd = 0xd
04-22 11:30:45.353  3258  3258 D GRIL-S  : [6669]> UPDATE_REGULATORY_DOMAIN
04-22 11:30:45.350  1057  1057 W radioext@1.0-se: type=1400 audit(0.0:10280): avc: denied { search } for name="radio" dev="dm-8" ino=174 scontext=u:r:hal_radioext_default:s0 tcontext=u:object_r:radio_vendor_data_file:s0 tclass=dir permissive=0
04-22 11:30:45.356  3258  4164 D GRIL-S  : [6669]< UPDATE_REGULATORY_DOMAIN 
04-22 11:30:45.358  4451  4451 D GetFunctionList: isSupport4 =true,functionType =4194304,function =6055139
04-22 11:30:45.361  4451  4451 D MySQLOperate:  getExciseDataByDate calendar=20210422,exist=true
04-22 11:30:45.362  4451  4451 D MySQLOperate: exerciseData 0 =ExerciseData{, startDate='20210215135705', endDate=20210215143738calendar=20210215, sportsType=0, account=null, step=2488, distance=2250.0, calories=151.0, heart=111, count=0, duration=2433, pace=0.0, realSpeed=0.0, verSpeed=0.0, maxSpeed=0.0, minSpeed=0.0, mapType=1, sportsDataFrom=1, sportsDataIsFromBand=1}
04-22 11:30:45.363  4451  4451 D MySQLOperate: exerciseData 1 =ExerciseData{, startDate='20210225144948', endDate=20210225150021calendar=20210225, sportsType=0, account=null, step=1655, distance=1620.0, calories=119.0, heart=152, count=0, duration=633, pace=7.75, realSpeed=0.0, verSpeed=0.0, maxSpeed=0.0, minSpeed=0.0, mapType=1, sportsDataFrom=1, sportsDataIsFromBand=1}
04-22 11:30:45.363  4451  4451 D MySQLOperate: exerciseData 2 =ExerciseData{, startDate='20210227175451', endDate=20210227182020calendar=20210227, sportsType=0, account=null, step=2627, distance=2090.0, calories=115.0, heart=114, count=0, duration=1529, pace=0.0, realSpeed=0.0, verSpeed=0.0, maxSpeed=0.0, minSpeed=0.0, mapType=1, sportsDataFrom=1, sportsDataIsFromBand=1}
04-22 11:30:45.571  2959 26759 I chatty  : uid=1002(bluetooth) Binder:2959_7 expire 1 line
04-22 11:30:45.582  2959  3615 I chatty  : uid=1002(bluetooth) bt_main_thread expire 5 lines
04-22 11:30:45.584  2959  3071 I chatty  : uid=1002(bluetooth) BT Service Call expire 1 line
04-22 11:30:45.590  4451  4451 I stringBuilder:  typeSp =0,bandLanguage =2,isSystem =true
04-22 11:30:45.591  4451  4451 I BluetoothLeService: locale =en_US
04-22 11:30:45.591  4451  4451 I languageKey: bandLanguage =2,language =2
04-22 11:30:45.591  4451  4451 I stringBuilder: 
04-22 11:30:45.591  4451  4451 I SyncParameterUtils: result = true,status = 67
04-22 11:30:45.591  4451  4451 I SyncParameterUtils:   commandType=30
04-22 11:30:45.591  4451  4451 I languageKey:  ok , =true
04-22 11:30:45.591  4451  4451 I SyncParameterUtils:  = -1
04-22 11:30:45.591  4451  4451 I SyncParameterUtils:  = -1, =0
04-22 11:30:45.591  4451  4451 I SyncParameterUtils: 
04-22 11:30:45.948  4451  4451 E MediaPlayerNative: start called in state 0, mPlayer(0x78a87aef00)
04-22 11:30:45.949  4451  4451 E MediaPlayerNative: error (-38, 0)
04-22 11:30:45.949  4451  4451 D cactus  : music is playing
04-22 11:30:45.949  4451  4451 E MediaPlayerNative: start called in state 0, mPlayer(0x78a87aef00)
04-22 11:30:45.949  4451  4451 E MediaPlayerNative: error (-38, 0)
04-22 11:30:45.949  4451  4451 D cactus  : music is playing
04-22 11:30:45.949  4451  4451 E MediaPlayer: Error (-38,0)
04-22 11:30:45.950  4451  4451 E MediaPlayer: Error (-38,0)
04-22 11:30:46.103  2959  3615 I chatty  : uid=1002(bluetooth) bt_main_thread expire 5 lines
04-22 11:30:46.172  3529 20655 I chatty  : uid=10145 com.google.android.gms.persistent expire 11 lines
04-22 11:30:46.185  3529 20656 I chatty  : uid=10145 com.google.android.gms.persistent expire 29 lines
04-22 11:30:46.307  2959  3071 I chatty  : uid=1002(bluetooth) BT Service Call expire 1 line
04-22 11:30:46.315  2979  3035 W BluetoothEventManager: AclStateChangedHandler: activeDevice is null
04-22 11:30:46.315  2959  2959 I chatty  : uid=1002(bluetooth) com.android.bluetooth expire 5 lines
04-22 11:30:46.318  2959  3071 I chatty  : uid=1002(bluetooth) BT Service Call expire 3 lines
04-22 11:30:46.318  2959  3615 I chatty  : uid=1002(bluetooth) bt_main_thread expire 3 lines
04-22 11:30:46.326  1661  1661 I GH.WifiBluetoothRcvr: Connection action: android.bluetooth.device.action.ACL_CONNECTED, device 64:A6:5E:83:6F:69
04-22 11:30:46.328  1661  1661 I GH.WifiBluetoothRcvr: Wireless projection is available on this phone.
04-22 11:30:46.357 14012 14111 I BistoWorker: bluetoothConnectionStateChanged. Action: android.bluetooth.device.action.ACL_CONNECTED
04-22 11:30:46.361 14012 14111 I DeviceDetector: Not bonded or not refresh cache.
04-22 11:30:46.420  2959  2971 I chatty  : uid=1002(bluetooth) HeapTaskDaemon expire 1 line
04-22 11:30:46.898  3529  3546 I chatty  : uid=10145(com.google.android.gms) Binder:3529_2 expire 7 lines
04-22 11:30:46.899  3529  5727 I chatty  : uid=10145(com.google.android.gms) Binder:3529_9 expire 10 lines
04-22 11:30:46.930  2959  3615 I chatty  : uid=1002(bluetooth) bt_main_thread expire 8 lines
04-22 11:30:47.276  1058  2949 I WifiHAL : event received NL80211_CMD_VENDOR, vendor_id = 0x1374, subcmd = 0xd
04-22 11:30:47.634  2959  3615 I bt_stack: [INFO:bta_gattc_cache.cc(178)] bta_gattc_explore_srvc_finished: service discovery finished
04-22 11:30:47.636  2959  3071 E bt_btif_gattc: btif_gattc_upstreams_evt: Unhandled event (8)!
04-22 11:30:47.641  2959  3071 D bt_bta_gattc: bta_gattc_get_gatt_db
04-22 11:30:47.650  1016  1020 E statsd  : Predicate 5980654721335871649 dropping data for dimension key (10)0x2010101->10145[I] (10)0x30000->CastSocketMultiplexer_WakeLock[S] 
04-22 11:30:47.663  1016  1020 E statsd  : Predicate 5980654721335871649 dropping data for dimension key (10)0x2010101->10145[I] (10)0x30000->CastSocketMultiplexer_WakeLock[S] 
04-22 11:30:47.664  1016  1020 E statsd  : Predicate 5980654721335871649 dropping data for dimension key (10)0x2010101->10145[I] (10)0x30000->CastDeviceController-com.google.android.gms[S] 
04-22 11:30:47.667  1016  1020 E statsd  : Predicate 5980654721335871649 dropping data for dimension key (10)0x2010101->10145[I] (10)0x30000->CastDeviceController-com.google.android.gms[S] 
04-22 11:30:48.397  2959  3615 I bt_stack: [INFO:gatt_api.cc(1219)] GATT_Disconnect conn_id=0x030c
04-22 11:30:48.398  2959  3615 E bt_stack: [ERROR:bta_gattc_utils.cc(433)] bta_gattc_mark_bg_conn unable to find the bg connection mask for bd_addr=64:a6:5e:83:6f:69
04-22 11:30:48.407  2959 26759 D BluetoothAdapterService: startDiscovery
04-22 11:30:48.409  2959  3615 W bt_btif : bta_dm_check_av:2
04-22 11:30:48.409  2959  3615 W bt_btif : [0]: state:1, info:x0, avoid_rs 1
04-22 11:30:48.409  2959  3615 W bt_btif : [1]: state:1, info:x0, avoid_rs 1
04-22 11:30:48.409  2959  3615 W bt_btif : [2]: state:1, info:x0, avoid_rs 1
04-22 11:30:48.409  2959  3615 W bt_btif : [3]: state:1, info:x0, avoid_rs 1
04-22 11:30:48.412  2959  3615 E bt_btif : bte_scan_filt_param_cfg_evt, 23
04-22 11:30:48.414  2959  3615 I bt_stack: [INFO:gatt_api.cc(947)] GATT_Register 93310bb2-912b-7de9-9739-2dccb75d8e90
04-22 11:30:48.414  2959  3615 I bt_stack: [INFO:gatt_api.cc(967)] allocated gatt_if=12
04-22 11:30:48.445  2959  3071 D bt_btif_config: btif_get_device_type: Device [19:ae:16:99:b2:f2] type 2
04-22 11:30:48.469  2959 15232 D BluetoothAdapterService: cancelDiscovery
04-22 11:30:48.477  2959  3615 I bt_stack: [INFO:gatt_api.cc(947)] GATT_Register 65289658-05c7-a644-c3b6-eb51dd0f52bb
04-22 11:30:48.477  2959  3615 I bt_stack: [INFO:gatt_api.cc(967)] allocated gatt_if=12
04-22 11:30:48.477  3529  5067 I chatty  : uid=10145(com.google.android.gms) Binder:3529_6 expire 14 lines
04-22 11:30:48.478  2959  3071 D bt_btif_config: btif_get_address_type: Device [54:a5:b0:74:3e:97] address type 1
04-22 11:30:48.478  2959  3071 D bt_btif_config: btif_get_device_type: Device [54:a5:b0:74:3e:97] type 2
04-22 11:30:48.478  2959  3615 I bt_stack: [INFO:gatt_api.cc(1105)] GATT_Connectgatt_if=12, address=54:a5:b0:74:3e:97
04-22 11:30:48.479  2959  3615 I bt_stack: [INFO:btm_ble_bgconn.cc(215)] btm_add_dev_to_controller addig RPA into white list
04-22 11:30:49.190 20514 20514 D connectedcrossroad: onConnectionInitiated: Accepting connection
04-22 11:30:49.280  1058  2949 I WifiHAL : event received NL80211_CMD_VENDOR, vendor_id = 0x1374, subcmd = 0xd
04-22 11:30:49.965  2959  3615 I bt_stack: [INFO:btm_ble_connection_establishment.cc(167)] btm_ble_conn_complete: unable to match and resolve random address
04-22 11:30:49.966  2959  3615 I bt_stack: [INFO:btm_ble_bgconn.cc(228)] btm_add_dev_to_controller removing RPA from white list
04-22 11:30:50.207  2959  3615 W bt_btif : bta_dm_acl_change info: 0x0
04-22 11:30:50.208  2959  3615 E bt_stack: [ERROR:bta_gattc_cache.cc(717)] bta_gattc_cache_load: can't open GATT cache file /data/misc/bluetooth/gatt_cache_54a5b0743e97 for reading, error: No such file or directory
04-22 11:30:50.208  2959  3071 D bt_btif_dm: remote version info [54:a5:b0:74:3e:97]: 0, 0, 0
04-22 11:30:50.208  2959  3615 I bt_stack: [INFO:gatt_api.cc(632)] GATTC_Discover conn_id=0x040c, disc_type=1, s_handle=0x0001, e_handle=0xffff
04-22 11:30:50.216  2959  2959 E BluetoothPhonePolicy: Received unexpected intent, action=android.bluetooth.device.action.ACL_CONNECTED
04-22 11:30:50.217  2959  2959 I BluetoothPhonePolicy: processDeviceConnected, device=54:A5:B0:74:3E:97
04-22 11:30:50.217  2959  2959 D BluetoothDatabase: setConnection: device=54:A5:B0:74:3E:97 and isA2dpDevice=false
04-22 11:30:50.217  2959  2959 D BluetoothDatabase: setConnection: Creating new metadata entry for device: 54:A5:B0:74:3E:97
04-22 11:30:50.217  2959  2959 D BluetoothDatabase: updateDatabase 54:A5:B0:74:3E:97
04-22 11:30:50.218  2979  3035 W BluetoothEventManager: AclStateChangedHandler: activeDevice is null
04-22 11:30:50.219  2959  3071 D bt_btif_config: btif_get_address_type: Device [54:a5:b0:74:3e:97] address type 1
04-22 11:30:50.219  2959  3071 D bt_btif_config: btif_get_device_type: Device [54:a5:b0:74:3e:97] type 2
04-22 11:30:50.219  2959  3615 I bt_stack: [INFO:gatt_api.cc(1105)] GATT_Connectgatt_if=11, address=54:a5:b0:74:3e:97
04-22 11:30:50.223  1661  1661 I GH.WifiBluetoothRcvr: Connection action: android.bluetooth.device.action.ACL_CONNECTED, device 54:A5:B0:74:3E:97
04-22 11:30:50.223  2959  3071 D bt_btif_gatt: btapp_gatts_handle_cback: Empty event (16)!
04-22 11:30:50.224  1661  1661 I GH.WifiBluetoothRcvr: Wireless projection is available on this phone.
04-22 11:30:50.253 14012 14111 I BistoWorker: bluetoothConnectionStateChanged. Action: android.bluetooth.device.action.ACL_CONNECTED
04-22 11:30:50.259 14012 14111 I DeviceDetector: Not bonded or not refresh cache.
04-22 11:30:50.366  4451  4451 D GetFunctionList: isSupport4 =true,functionType =4194304,function =6055139
04-22 11:30:50.369  4451  4451 D MySQLOperate:  getExciseDataByDate calendar=20210422,exist=true
04-22 11:30:50.370  3258  3258 D GRIL-S  : [6670]> UPDATE_REGULATORY_DOMAIN
04-22 11:30:50.371  4451  4451 D MySQLOperate: exerciseData 0 =ExerciseData{, startDate='20210215135705', endDate=20210215143738calendar=20210215, sportsType=0, account=null, step=2488, distance=2250.0, calories=151.0, heart=111, count=0, duration=2433, pace=0.0, realSpeed=0.0, verSpeed=0.0, maxSpeed=0.0, minSpeed=0.0, mapType=1, sportsDataFrom=1, sportsDataIsFromBand=1}
04-22 11:30:50.371  4451  4451 D MySQLOperate: exerciseData 1 =ExerciseData{, startDate='20210225144948', endDate=20210225150021calendar=20210225, sportsType=0, account=null, step=1655, distance=1620.0, calories=119.0, heart=152, count=0, duration=633, pace=7.75, realSpeed=0.0, verSpeed=0.0, maxSpeed=0.0, minSpeed=0.0, mapType=1, sportsDataFrom=1, sportsDataIsFromBand=1}
04-22 11:30:50.367  1057  1057 W radioext@1.0-se: type=1400 audit(0.0:10281): avc: denied { search } for name="radio" dev="dm-8" ino=174 scontext=u:r:hal_radioext_default:s0 tcontext=u:object_r:radio_vendor_data_file:s0 tclass=dir permissive=0
04-22 11:30:50.372  4451  4451 D MySQLOperate: exerciseData 2 =ExerciseData{, startDate='20210227175451', endDate=20210227182020calendar=20210227, sportsType=0, account=null, step=2627, distance=2090.0, calories=115.0, heart=114, count=0, duration=1529, pace=0.0, realSpeed=0.0, verSpeed=0.0, maxSpeed=0.0, minSpeed=0.0, mapType=1, sportsDataFrom=1, sportsDataIsFromBand=1}
04-22 11:30:50.373  3258  4164 D GRIL-S  : [6670]< UPDATE_REGULATORY_DOMAIN 
04-22 11:30:50.448  2959  3615 I bt_stack: [INFO:gatt_api.cc(632)] GATTC_Discover conn_id=0x040c, disc_type=3, s_handle=0x0001, e_handle=0x0003
04-22 11:30:50.451 20514 20514 D connectedcrossroad: data collect: burst start
04-22 11:30:50.451 20514 20514 V data    : Payload RX: 0
04-22 11:30:50.451 20514 20514 V data    : Payload TX: 0
04-22 11:30:50.451 20514 20514 V data    : Total RX: 0
04-22 11:30:50.451 20514 20514 V data    : Total TX: 0
04-22 11:30:50.451 20514 20514 D connectedcrossroad: sendMessage: Sent message
04-22 11:30:50.455  1635  3045 I system_server: oneway function results will be dropped but finished with status OK and parcel size 4
04-22 11:30:50.455 14602 14896 D audio_route: Apply path: speaker
04-22 11:30:50.456 14602 14896 D audio_hw_primary: enable_snd_device: snd_device(104: vi-feedback)
04-22 11:30:50.456 14602 14896 D audio_route: Apply path: vi-feedback
04-22 11:30:50.456 14602 14896 E audio_hw_utils: audio_extn_utils_send_app_type_cfg: Failed to derive app_type for uc type : 0x1
04-22 11:30:50.456 14602 14896 D ACDB-LOADER: ACDB -> send_audio_cal, acdb_id = 512, path = 1, app id = 0x11132, sample rate = 48000
04-22 11:30:50.456 14602 14896 D ACDB-LOADER: ACDB -> send_asm_topology
04-22 11:30:50.456 14602 14896 D ACDB-LOADER: ACDB -> ACDB_CMD_GET_AUDPROC_STREAM_TOPOLOGY_ID
04-22 11:30:50.456 14602 14896 D ACDB-LOADER: ACDB -> send_adm_topology
04-22 11:30:50.456 14602 14896 D ACDB-LOADER: ACDB -> ACDB_CMD_GET_AUDPROC_COMMON_TOPOLOGY_ID
04-22 11:30:50.456 14602 14896 D ACDB-LOADER: ACDB -> send_audtable
04-22 11:30:50.456 14602 14896 D ACDB-LOADER: ACDB -> ACDB_CMD_GET_AUDPROC_COMMON_TABLE_SIZE
04-22 11:30:50.456 14602 14896 D ACDB-LOADER: ACDB -> ACDB_CMD_GET_AUDPROC_COMMON_TABLE
04-22 11:30:50.456 14602 14896 D ACDB-LOADER: ACDB -> AUDIO_SET_AUDPROC_CAL
04-22 11:30:50.456  1635  3045 I system_server: oneway function results will be dropped but finished with status OK and parcel size 4
04-22 11:30:50.456 14602 14896 D ACDB-LOADER: ACDB -> send_audvoltable
04-22 11:30:50.456 14602 14896 D ACDB-LOADER: ACDB -> ACDB_CMD_GET_AUDPROC_VOL_STEP_TABLE_SIZE
04-22 11:30:50.456 14602 14896 D ACDB-LOADER: ACDB -> ACDB_CMD_GET_AUDPROC_GAIN_DEP_STEP_TABLE, vol index 0
04-22 11:30:50.456 14602 14896 D android.hardware.audio.service: Failed to fetch the lookup information of the device 00000200 
04-22 11:30:50.456 14602 14896 E ACDB-LOADER: Error: ACDB AudProc vol returned = -19
04-22 11:30:50.456 14602 14896 D ACDB-LOADER: ACDB -> AUDIO_SET_VOL_CAL cal type = 12
04-22 11:30:50.456 14602 14896 D ACDB-LOADER: ACDB -> ACDB_CMD_GET_AUDPROC_STREAM_TABLE_SIZE
04-22 11:30:50.456 14602 14896 D ACDB-LOADER: ACDB -> send_audstrmtable
04-22 11:30:50.456 14602 14896 D ACDB-LOADER: ACDB -> ACDB_CMD_GET_AUDPROC_STREAM_TABLE_V2
04-22 11:30:50.456 14602 14896 D ACDB-LOADER: ACDB -> audstrm_cal->cal_type.cal_data.cal_size = 16
04-22 11:30:50.456 14602 14896 D ACDB-LOADER: ACDB -> send_afe_topology
04-22 11:30:50.456 14602 14896 D ACDB-LOADER: ACDB -> ACDB_CMD_GET_AFE_TOPOLOGY_ID
04-22 11:30:50.456 14602 14896 D ACDB-LOADER: ACDB -> GET_AFE_TOPOLOGY_ID for adcd_id 512, Topology Id 10001ccc
04-22 11:30:50.456 14602 14896 D ACDB-LOADER: ACDB -> send_afe_cal
04-22 11:30:50.456 14602 14896 D ACDB-LOADER: ACDB -> ACDB_CMD_GET_AFE_COMMON_TABLE_SIZE
04-22 11:30:50.456 14602 14896 D ACDB-LOADER: ACDB -> ACDB_CMD_GET_AFE_COMMON_TABLE
04-22 11:30:50.456 14602 14896 D ACDB-LOADER: ACDB -> AUDIO_SET_AFE_CAL
04-22 11:30:50.456 14602 14896 D ACDB-LOADER: ACDB -> send_hw_delay : acdb_id = 512 path = 1
04-22 11:30:50.456 14602 14896 D ACDB-LOADER: ACDB -> ACDB_AVSYNC_INFO: ACDB_CMD_GET_DEVICE_PROPERTY
04-22 11:30:50.456 14602 14896 D audio_hw_primary: enable_audio_route: usecase(25) apply and update mixer path: spkr-vi-record vi-feedback
04-22 11:30:50.456 14602 14896 D audio_route: Apply path: spkr-vi-record vi-feedback
04-22 11:30:50.492 14602 14896 D ACDB-LOADER: ACDB -> send_audio_cal, acdb_id = 513, path = 0, app id = 0x11130, sample rate = 48000
04-22 11:30:50.492 14602 14896 D ACDB-LOADER: ACDB -> send_asm_topology
04-22 11:30:50.492 14602 14896 D ACDB-LOADER: ACDB -> ACDB_CMD_GET_AUDPROC_STREAM_TOPOLOGY_ID
04-22 11:30:50.492 14602 14896 D ACDB-LOADER: ACDB -> send_adm_topology
04-22 11:30:50.492 14602 14896 D ACDB-LOADER: ACDB -> ACDB_CMD_GET_AUDPROC_COMMON_TOPOLOGY_ID
04-22 11:30:50.492 14602 14896 D ACDB-LOADER: ACDB -> send_audtable
04-22 11:30:50.492 14602 14896 D ACDB-LOADER: ACDB -> ACDB_CMD_GET_AUDPROC_COMMON_TABLE_SIZE
04-22 11:30:50.492 14602 14896 D ACDB-LOADER: ACDB -> ACDB_CMD_GET_AUDPROC_COMMON_TABLE
04-22 11:30:50.492 14602 14896 D ACDB-LOADER: ACDB -> AUDIO_SET_AUDPROC_CAL
04-22 11:30:50.492 14602 14896 D ACDB-LOADER: ACDB -> send_audvoltable
04-22 11:30:50.492 14602 14896 D ACDB-LOADER: ACDB -> ACDB_CMD_GET_AUDPROC_VOL_STEP_TABLE_SIZE
04-22 11:30:50.492 14602 14896 D ACDB-LOADER: ACDB -> ACDB_CMD_GET_AUDPROC_GAIN_DEP_STEP_TABLE, vol index 0
04-22 11:30:50.492 14602 14896 D android.hardware.audio.service: Failed to fetch the lookup information of the device 00000201 
04-22 11:30:50.492 14602 14896 E ACDB-LOADER: Error: ACDB AudProc vol returned = -19
04-22 11:30:50.492 14602 14896 D ACDB-LOADER: ACDB -> AUDIO_SET_VOL_CAL cal type = 12
04-22 11:30:50.492 14602 14896 D ACDB-LOADER: ACDB -> ACDB_CMD_GET_AUDPROC_STREAM_TABLE_SIZE
04-22 11:30:50.492 14602 14896 D ACDB-LOADER: ACDB -> send_audstrmtable
04-22 11:30:50.492 14602 14896 D ACDB-LOADER: ACDB -> ACDB_CMD_GET_AUDPROC_STREAM_TABLE_V2
