04-22 11:01:33.703  1635  1775 W BroadcastQueue: Background execution not allowed: receiving Intent { act=android.bluetooth.device.action.BOND_STATE_CHANGED flg=0x10 (has extras) } to com.google.android.googlequicksearchbox/com.google.android.apps.gsa.broadcastreceiver.external.ExternalCommonBroadcastReceiver
04-22 11:01:33.706  1635  8900 W BroadcastQueue: Background execution not allowed: receiving Intent { act=android.bluetooth.device.action.BOND_STATE_CHANGED flg=0x10 (has extras) } to com.google.android.gms/.chimera.GmsIntentOperationService$PersistentTrustedReceiver
04-22 11:01:33.709  1635  1775 W BroadcastQueue: Background execution not allowed: receiving Intent { act=android.bluetooth.device.action.BOND_STATE_CHANGED flg=0x10 (has extras) } to com.google.android.googlequicksearchbox/com.google.android.apps.gsa.broadcastreceiver.external.ExternalCommonBroadcastReceiver
04-22 11:01:34.784  1635  2891 D ConnectivityService: NetReassign [no changes]
04-22 11:01:34.935  1635  3038 I ActivityManager: Force stopping com.google.location.nearby.apps.connectedcrossroad appid=10333 user=0: from pid 15386
04-22 11:01:35.179  1635  2893 D NsdService: unregister service
04-22 11:01:35.179  1635  2893 D NsdService: mdnssd [stop-register, 12]
04-22 11:01:35.187  1635  1635 D BluetoothManagerService: Bluetooth Adapter name changed to Pixel 3a XL
04-22 11:01:35.187  1635  1635 D BluetoothManagerService: Stored Bluetooth name: Pixel 3a XL
04-22 11:01:37.807  1635  2891 D ConnectivityService: NetReassign [no changes]
04-22 11:01:39.053  1635  1878 I PackageManager: Integrity check passed for file:///data/app/vmdl1357460241.tmp
04-22 11:01:39.077  1635  1878 I PackageManager: Update package com.google.location.nearby.apps.connectedcrossroad code path from /data/app/~~hC4nx5CI_6T3z-6fDKeARw==/com.google.location.nearby.apps.connectedcrossroad-yUXevfM8q7nLARFibn_miw== to /data/app/~~HIcYiLlVV0WKhnxK-t0TIw==/com.google.location.nearby.apps.connectedcrossroad-d395mPuDOjAVVZyWwlYl5g==; Retain data and using new
04-22 11:01:39.077  1635  1878 I PackageManager: Update package com.google.location.nearby.apps.connectedcrossroad resource path from /data/app/~~hC4nx5CI_6T3z-6fDKeARw==/com.google.location.nearby.apps.connectedcrossroad-yUXevfM8q7nLARFibn_miw== to /data/app/~~HIcYiLlVV0WKhnxK-t0TIw==/com.google.location.nearby.apps.connectedcrossroad-d395mPuDOjAVVZyWwlYl5g==; Retain data and using new
04-22 11:01:39.084  1635  1878 D CompatibilityChangeReporter: Compat change id reported: 135549675; UID 10333; state: DISABLED
04-22 11:01:39.325  1635  2881 I ActivityTaskManager: START u0 {act=android.intent.action.MAIN cat=[android.intent.category.LAUNCHER] flg=0x10000000 cmp=com.google.location.nearby.apps.connectedcrossroad/nx.aodv.eval.MainActivity} from uid 2000
04-22 11:01:39.431  1635  1752 W Looper  : Slow dispatch took 102ms android.fg h=android.os.Handler c=<recycled PooledLambda@7606ef9> m=0
04-22 11:01:39.435  1635  1756 D CompatibilityChangeReporter: Compat change id reported: 135634846; UID 10333; state: DISABLED
04-22 11:01:39.435  1635  1776 D CompatibilityChangeReporter: Compat change id reported: 143937733; UID 10333; state: DISABLED
04-22 11:01:39.468  1635  1776 I ActivityManager: Start proc 15444:com.google.location.nearby.apps.connectedcrossroad/u0a333 for pre-top-activity {com.google.location.nearby.apps.connectedcrossroad/nx.aodv.eval.MainActivity}
04-22 11:01:39.534  1635  1635 W Looper  : Slow dispatch took 269ms main h=android.app.ActivityThread$H c=android.app.-$$Lambda$LoadedApk$ReceiverDispatcher$Args$_BumDX2UKsnxLVrE6UJsJZkotuA@4847e95 m=0
04-22 11:01:39.534  1635  1635 W Looper  : Slow delivery took 283ms main h=android.app.ActivityThread$H c=android.app.-$$Lambda$LoadedApk$ReceiverDispatcher$Args$_BumDX2UKsnxLVrE6UJsJZkotuA@7397baa m=0
04-22 11:01:39.646  1635  1752 W Looper  : Slow delivery took 281ms android.fg h=android.os.Handler c=<recycled PooledLambda@f120a7b> m=0
04-22 11:01:39.788  1635  1752 W Looper  : Slow dispatch took 100ms android.fg h=android.os.Handler c=<recycled PooledLambda@80dbe8f> m=0
04-22 11:01:39.851  1635  3038 W BroadcastQueue: Background execution not allowed: receiving Intent { act=android.intent.action.PACKAGE_RESTARTED dat=package:com.google.location.nearby.apps.connectedcrossroad flg=0x10 (has extras) } to steptracker.healthandfitness.walkingtracker.pedometer/com.drojian.stepcounter.receiver.PedometerReceiver
04-22 11:01:39.875  1635  1775 W BroadcastQueue: Background execution not allowed: receiving Intent { act=android.intent.action.PACKAGE_RESTARTED dat=package:com.google.location.nearby.apps.connectedcrossroad flg=0x10 (has extras) } to steptracker.healthandfitness.walkingtracker.pedometer/com.drojian.servicekeeper.receiver.BootReceiver
04-22 11:01:39.996  1635  1752 W Looper  : Slow dispatch took 165ms android.fg h=android.os.Handler c=<recycled PooledLambda@f3a8055> m=0
04-22 11:01:40.089  1635  1635 W Looper  : Slow dispatch took 546ms main h=android.app.ActivityThread$H c=android.app.-$$Lambda$LoadedApk$ReceiverDispatcher$Args$_BumDX2UKsnxLVrE6UJsJZkotuA@eacbae5 m=0
04-22 11:01:40.098  1635  1635 I Telecom : DefaultDialerCache: Refreshing default dialer for user 0: now com.google.android.dialer: DDC.oR@BWo
04-22 11:01:40.142  1635  1635 V BackupManagerConstants: getFullBackupIntervalMilliseconds(...) returns 86400000
04-22 11:01:40.143  1635  1635 V BackupManagerConstants: getFullBackupRequiredNetworkType(...) returns 2
04-22 11:01:40.143  1635  1635 V BackupManagerConstants: getFullBackupRequireCharging(...) returns true
04-22 11:01:40.157  1635  1752 W Looper  : Slow dispatch took 150ms android.fg h=android.os.Handler c=<recycled PooledLambda@cf3c072> m=0
04-22 11:01:40.267  1635  1752 W Looper  : Slow dispatch took 110ms android.fg h=android.os.Handler c=<recycled PooledLambda@d37d2f5> m=0
04-22 11:01:40.268  1635  1712 W BroadcastQueue: Background execution not allowed: receiving Intent { act=android.intent.action.PACKAGE_REMOVED dat=package:com.google.location.nearby.apps.connectedcrossroad flg=0x4000010 (has extras) } to com.android.vending/com.google.android.finsky.packagemanager.impl.PackageMonitorReceiverImpl$RegisteredReceiver
04-22 11:01:40.273  1635  1775 W BroadcastQueue: Background execution not allowed: receiving Intent { act=android.intent.action.PACKAGE_REMOVED dat=package:com.google.location.nearby.apps.connectedcrossroad flg=0x4000010 (has extras) } to com.android.vending/com.google.android.finsky.instantapps.appmanagement.InstantAppRemoveMonitor
04-22 11:01:40.274  1635  1775 W BroadcastQueue: Background execution not allowed: receiving Intent { act=android.intent.action.PACKAGE_REMOVED dat=package:com.google.location.nearby.apps.connectedcrossroad flg=0x4000010 (has extras) } to com.google.android.gms/.games.chimera.GamesSystemBroadcastReceiverProxy
04-22 11:01:40.274  1635  1775 W BroadcastQueue: Background execution not allowed: receiving Intent { act=android.intent.action.PACKAGE_REMOVED dat=package:com.google.location.nearby.apps.connectedcrossroad flg=0x4000010 (has extras) } to com.google.android.gms/.chimera.GmsIntentOperationService$PersistentTrustedReceiver
04-22 11:01:40.275  1635  1775 W BroadcastQueue: Background execution not allowed: receiving Intent { act=android.intent.action.PACKAGE_REMOVED dat=package:com.google.location.nearby.apps.connectedcrossroad flg=0x4000010 (has extras) } to com.google.android.googlequicksearchbox/com.google.android.apps.gsa.googlequicksearchbox.GelStubAppWatcher
04-22 11:01:40.275  1635  1775 W BroadcastQueue: Background execution not allowed: receiving Intent { act=android.intent.action.PACKAGE_REMOVED dat=package:com.google.location.nearby.apps.connectedcrossroad flg=0x4000010 (has extras) } to com.facebook.katana/com.facebook.feed.platformads.AppInstallReceiver
04-22 11:01:40.276  1635  1775 W BroadcastQueue: Background execution not allowed: receiving Intent { act=android.intent.action.PACKAGE_REMOVED dat=package:com.google.location.nearby.apps.connectedcrossroad flg=0x4000010 (has extras) } to com.jaga.ibraceletplus.smartwristband3/com.yc.pedometer.keepalive.KeepAliveReceiver
04-22 11:01:40.277  1635  1775 W BroadcastQueue: Background execution not allowed: receiving Intent { act=android.intent.action.PACKAGE_REMOVED dat=package:com.google.location.nearby.apps.connectedcrossroad flg=0x4000010 (has extras) } to com.microsoft.appmanager/.receiver.InstallUninstallReceiver
04-22 11:01:40.277  1635  1775 W BroadcastQueue: Background execution not allowed: receiving Intent { act=android.intent.action.PACKAGE_REMOVED dat=package:com.google.location.nearby.apps.connectedcrossroad flg=0x4000010 (has extras) } to com.microsoft.appmanager/com.microsoft.mmx.continuity.receiver.InstallUninstallReceiver
04-22 11:01:40.279  1635  1775 W BroadcastQueue: Background execution not allowed: receiving Intent { act=android.intent.action.PACKAGE_REMOVED dat=package:com.google.location.nearby.apps.connectedcrossroad flg=0x4000010 (has extras) } to com.microsoft.emmx/com.microsoft.mmx.continuity.receiver.InstallUninstallReceiver
04-22 11:01:40.280  1635  1775 W BroadcastQueue: Background execution not allowed: receiving Intent { act=android.intent.action.PACKAGE_ADDED dat=package:com.google.location.nearby.apps.connectedcrossroad flg=0x4000010 (has extras) } to com.google.android.packageinstaller/com.android.packageinstaller.PackageInstalledReceiver
04-22 11:01:40.282  1635  1775 W BroadcastQueue: Background execution not allowed: receiving Intent { act=android.intent.action.PACKAGE_ADDED dat=package:com.google.location.nearby.apps.connectedcrossroad flg=0x4000010 (has extras) } to com.android.vending/com.google.android.finsky.packagemanager.impl.PackageMonitorReceiverImpl$RegisteredReceiver
04-22 11:01:40.283  1635  1775 W BroadcastQueue: Background execution not allowed: receiving Intent { act=android.intent.action.PACKAGE_ADDED dat=package:com.google.location.nearby.apps.connectedcrossroad flg=0x4000010 (has extras) } to com.google.android.gms/.games.chimera.GamesSystemBroadcastReceiverProxy
04-22 11:01:40.285  1635  1775 W BroadcastQueue: Background execution not allowed: receiving Intent { act=android.intent.action.PACKAGE_ADDED dat=package:com.google.location.nearby.apps.connectedcrossroad flg=0x4000010 (has extras) } to com.google.android.gms/.gass.chimera.PackageChangeBroadcastReceiver
04-22 11:01:40.287  1635  1775 W BroadcastQueue: Background execution not allowed: receiving Intent { act=android.intent.action.PACKAGE_ADDED dat=package:com.google.location.nearby.apps.connectedcrossroad flg=0x4000010 (has extras) } to com.google.android.gms/.chimera.GmsIntentOperationService$PersistentTrustedReceiver
04-22 11:01:40.288  1635  1635 W Looper  : Slow dispatch took 190ms main h=android.app.ActivityThread$H c=android.app.-$$Lambda$LoadedApk$ReceiverDispatcher$Args$_BumDX2UKsnxLVrE6UJsJZkotuA@a946bad m=0
04-22 11:01:40.289  1635  1775 W BroadcastQueue: Background execution not allowed: receiving Intent { act=android.intent.action.PACKAGE_ADDED dat=package:com.google.location.nearby.apps.connectedcrossroad flg=0x4000010 (has extras) } to com.google.android.googlequicksearchbox/com.google.android.apps.gsa.googlequicksearchbox.GelStubAppWatcher
04-22 11:01:40.289  1635  1775 W BroadcastQueue: Background execution not allowed: receiving Intent { act=android.intent.action.PACKAGE_ADDED dat=package:com.google.location.nearby.apps.connectedcrossroad flg=0x4000010 (has extras) } to com.facebook.katana/com.facebook.feed.platformads.AppInstallReceiver
04-22 11:01:40.290  1635  1775 W BroadcastQueue: Background execution not allowed: receiving Intent { act=android.intent.action.PACKAGE_ADDED dat=package:com.google.location.nearby.apps.connectedcrossroad flg=0x4000010 (has extras) } to com.jaga.ibraceletplus.smartwristband3/com.yc.pedometer.keepalive.KeepAliveReceiver
04-22 11:01:40.290  1635  1775 W BroadcastQueue: Background execution not allowed: receiving Intent { act=android.intent.action.PACKAGE_ADDED dat=package:com.google.location.nearby.apps.connectedcrossroad flg=0x4000010 (has extras) } to com.microsoft.appmanager/.receiver.InstallUninstallReceiver
04-22 11:01:40.291  1635  1775 W BroadcastQueue: Background execution not allowed: receiving Intent { act=android.intent.action.PACKAGE_ADDED dat=package:com.google.location.nearby.apps.connectedcrossroad flg=0x4000010 (has extras) } to com.microsoft.appmanager/com.microsoft.mmx.continuity.receiver.InstallUninstallReceiver
04-22 11:01:40.291  1635  1775 W BroadcastQueue: Background execution not allowed: receiving Intent { act=android.intent.action.PACKAGE_ADDED dat=package:com.google.location.nearby.apps.connectedcrossroad flg=0x4000010 (has extras) } to com.microsoft.emmx/com.microsoft.mmx.continuity.receiver.InstallUninstallReceiver
04-22 11:01:40.329  1635  3045 D CompatibilityChangeReporter: Compat change id reported: 136274596; UID 10333; state: DISABLED
04-22 11:01:40.389  1635  1752 W Looper  : Slow dispatch took 122ms android.fg h=android.os.Handler c=<recycled PooledLambda@a0c05a4> m=0
04-22 11:01:40.444  1635  1635 W Looper  : Drained
04-22 11:01:40.480  1635  4624 W BroadcastQueue: Background execution not allowed: receiving Intent { act=android.intent.action.PACKAGE_REPLACED dat=package:com.google.location.nearby.apps.connectedcrossroad flg=0x4000010 (has extras) } to com.google.android.gms/.gass.chimera.PackageChangeBroadcastReceiver
04-22 11:01:40.482  1635  1775 W BroadcastQueue: Background execution not allowed: receiving Intent { act=android.intent.action.PACKAGE_REPLACED dat=package:com.google.location.nearby.apps.connectedcrossroad flg=0x4000010 (has extras) } to com.google.android.gms/.chimera.GmsIntentOperationService$PersistentTrustedReceiver
04-22 11:01:40.482  1635  1775 W BroadcastQueue: Background execution not allowed: receiving Intent { act=android.intent.action.PACKAGE_REPLACED dat=package:com.google.location.nearby.apps.connectedcrossroad flg=0x4000010 (has extras) } to com.google.android.googlequicksearchbox/com.google.android.apps.gsa.googlequicksearchbox.GelStubAppWatcher
04-22 11:01:40.482  1635  1775 W BroadcastQueue: Background execution not allowed: receiving Intent { act=android.intent.action.PACKAGE_REPLACED dat=package:com.google.location.nearby.apps.connectedcrossroad flg=0x4000010 (has extras) } to com.infonow.bofa/com.bofa.ecom.marvel.application.BofaPackageUpdateReceiver
04-22 11:01:40.482  1635  1775 W BroadcastQueue: Background execution not allowed: receiving Intent { act=android.intent.action.PACKAGE_REPLACED dat=package:com.google.location.nearby.apps.connectedcrossroad flg=0x4000010 (has extras) } to com.microsoft.appmanager/com.microsoft.mmx.continuity.receiver.InstallUninstallReceiver
04-22 11:01:40.482  1635  1775 W BroadcastQueue: Background execution not allowed: receiving Intent { act=android.intent.action.PACKAGE_REPLACED dat=package:com.google.location.nearby.apps.connectedcrossroad flg=0x4000010 (has extras) } to com.microsoft.emmx/com.microsoft.mmx.continuity.receiver.InstallUninstallReceiver
04-22 11:01:40.483  1635  1775 W BroadcastQueue: Background execution not allowed: receiving Intent { act=android.intent.action.PACKAGE_REPLACED dat=package:com.google.location.nearby.apps.connectedcrossroad flg=0x4000010 (has extras) } to steptracker.healthandfitness.walkingtracker.pedometer/com.drojian.stepcounter.receiver.PedometerReceiver
04-22 11:01:40.484  1635  1775 W BroadcastQueue: Background execution not allowed: receiving Intent { act=android.intent.action.PACKAGE_REPLACED dat=package:com.google.location.nearby.apps.connectedcrossroad flg=0x4000010 (has extras) } to steptracker.healthandfitness.walkingtracker.pedometer/com.drojian.servicekeeper.receiver.BootReceiver
04-22 11:01:40.568  1635  2884 W NetworkPolicy: shared quota unsupported; generating rule for each iface
04-22 11:01:40.814  1635  2891 D ConnectivityService: NetReassign [no changes]
04-22 11:01:41.087  1635  2884 W NetworkPolicy: shared quota unsupported; generating rule for each iface
04-22 11:01:41.168  1635  1752 W Looper  : Drained
04-22 11:01:41.312  1635  2884 W NetworkPolicy: shared quota unsupported; generating rule for each iface
04-22 11:01:41.363  1635  2884 I chatty  : uid=1000(system) NetworkPolicy identical 1 line
04-22 11:01:41.723  1635  2884 W NetworkPolicy: shared quota unsupported; generating rule for each iface
04-22 11:01:41.847  1635 11678 E SystemServiceRegistry: Manager wrapper not available: face
04-22 11:01:41.848  1635  1775 I DropBoxManagerService: add tag=system_server_wtf isTagEnabled=true flags=0x2
04-22 11:01:41.932  1635  4613 W SettingsStatsUtil: Can not parse value to float: gps,network
04-22 11:01:43.828  1635  2891 D ConnectivityService: NetReassign [no changes]
04-22 11:01:45.591  1635  4613 W BroadcastQueue: Background execution not allowed: receiving Intent { act=android.intent.action.DROPBOX_ENTRY_ADDED flg=0x10 (has extras) } to com.google.android.gms/.stats.service.DropBoxEntryAddedReceiver
04-22 11:01:45.593  1635  1775 W BroadcastQueue: Background execution not allowed: receiving Intent { act=android.intent.action.DROPBOX_ENTRY_ADDED flg=0x10 (has extras) } to com.google.android.gms/.chimera.GmsIntentOperationService$PersistentTrustedReceiver
04-22 11:01:46.857  1635  2891 D ConnectivityService: NetReassign [no changes]
04-22 11:02:05.088  1635  2891 I chatty  : uid=1000(system) ConnectivitySer identical 6 lines
04-22 11:02:08.107  1635  2891 D ConnectivityService: NetReassign [no changes]
04-22 11:02:09.612  1635  1635 D BluetoothManagerService: Bluetooth Adapter name changed to InJ1T3Fbye0AAAAAAAAAATE
04-22 11:02:09.612  1635  1635 D BluetoothManagerService: Stored Bluetooth name: InJ1T3Fbye0AAAAAAAAAATE
04-22 11:02:09.953  1635  2893 D NsdService: Register service
04-22 11:02:09.953  1635  2893 D NsdService: registerService: 13 name: InJ1T3Fbye0AAA, type: _5BC9ED5E6C75._tcp, host: null, port: 42425, txtRecord: n=MQIPv4=192.168.1.17
04-22 11:02:09.953  1635  2893 D NsdService: mdnssd [register, 13, InJ1T3Fbye0AAA, _5BC9ED5E6C75._tcp, 42425, BG49TVERSVB2ND0xOTIuMTY4LjEuMTc=]
04-22 11:02:09.955  1635  2893 D NsdService: Register 13 13
04-22 11:02:10.501  2979  2979 V DeadZone: consuming errant click: (45.0,3.0)
04-22 11:02:10.501  2979  2979 V DeadZone: consuming errant click: (45.0,3.0)
04-22 11:02:10.612  1635  2893 D NsdService: Native daemon message SERVICE_REGISTERED: 606 13 "InJ1T3Fbye0AAA"
04-22 11:02:10.617  1635  4623 E AppOps  : attributionTag com.google.android.gms.nearby not declared in manifest of com.google.location.nearby.apps.connectedcrossroad
04-22 11:02:11.055  1635  1775 D CompatibilityChangeReporter: Compat change id reported: 135634846; UID 10272; state: DISABLED
04-22 11:02:11.055  1635  1776 D CompatibilityChangeReporter: Compat change id reported: 143937733; UID 10272; state: DISABLED
04-22 11:02:11.070  1635  1776 I ActivityManager: Start proc 15578:com.microsoft.office.outlook/u0a272 for broadcast {com.microsoft.office.outlook/com.google.firebase.iid.FirebaseInstanceIdReceiver}
04-22 11:02:11.118  1635  2891 D ConnectivityService: NetReassign [no changes]
04-22 11:02:11.315  1635  2884 W NetworkPolicy: shared quota unsupported; generating rule for each iface
04-22 11:02:11.602  1635  2891 D ConnectivityService: NetReassign [no changes]
04-22 11:02:11.758  1635  1712 D ConnectivityService: requestNetwork for uid/pid:10272/15578 NetworkRequest [ TRACK_DEFAULT id=784, [ Capabilities: INTERNET&NOT_RESTRICTED&TRUSTED Uid: 10272 AdministratorUids: [] RequestorUid: 10272 RequestorPackageName: com.microsoft.office.outlook] ]
04-22 11:02:11.758  1635  2891 D ConnectivityService: NetReassign [784 : null  135]
04-22 11:02:13.017  1635  1635 W NotificationHistory: Attempted to add notif for locked/gone/disabled user 0
04-22 11:02:14.127  1635  2891 D ConnectivityService: NetReassign [no changes]
04-22 11:02:15.273  1635  1775 I ActivityManager: Waited long enough for: ServiceRecord{2346802 u0 com.google.android.googlequicksearchbox/com.google.android.apps.gsa.shared.util.keepalive.StandaloneKeepAlive$KeepAliveService}
04-22 11:02:17.115  1635  1635 D NotificationService: 0|com.google.android.gm|-1114809947|gig:-726450018:CLASSIC_INBOX_ALL_MAIL|10184: granting content://settings/system/notification_sound
04-22 11:02:17.117  1635  1635 I chatty  : uid=1000 system_server identical 4 lines
04-22 11:02:17.118  1635  1635 D NotificationService: 0|com.google.android.gm|-1114809947|gig:-726450018:CLASSIC_INBOX_ALL_MAIL|10184: granting content://settings/system/notification_sound
04-22 11:02:17.119  1635  1635 W NotificationHistory: Attempted to add notif for locked/gone/disabled user 0
04-22 11:02:17.139  1635  2891 D ConnectivityService: NetReassign [no changes]
04-22 11:02:20.166  1635  2891 I chatty  : uid=1000(system) ConnectivitySer identical 1 line
04-22 11:02:23.181  1635  2891 D ConnectivityService: NetReassign [no changes]
04-22 11:02:24.623  1635  2884 W NetworkPolicy: shared quota unsupported; generating rule for each iface
04-22 11:02:26.203  1635  2891 D ConnectivityService: NetReassign [no changes]
04-22 11:02:27.673  1635  3045 D ConnectivityService: requestNetwork for uid/pid:10272/15578 NetworkRequest [ TRACK_DEFAULT id=785, [ Capabilities: INTERNET&NOT_RESTRICTED&TRUSTED Uid: 10272 AdministratorUids: [] RequestorUid: 10272 RequestorPackageName: com.microsoft.office.outlook] ]
04-22 11:02:27.674  1635  2891 D ConnectivityService: NetReassign [785 : null  135]
04-22 11:02:29.224  1635  2891 D ConnectivityService: NetReassign [no changes]
04-22 11:02:30.284  1635  1635 W NotificationHistory: Attempted to add notif for locked/gone/disabled user 0
04-22 11:02:32.236  1635  2891 D ConnectivityService: NetReassign [no changes]
04-22 11:03:26.735  1635  2891 I chatty  : uid=1000(system) ConnectivitySer identical 18 lines
04-22 11:03:29.757  1635  2891 D ConnectivityService: NetReassign [no changes]
04-22 11:03:32.398  1635  1790 E KernelCpuUidUserSysTimeReader: Negative user/sys time delta for UID=10140
04-22 11:03:32.398  1635  1790 E KernelCpuUidUserSysTimeReader: Prev times: u=2630000 s=854000 Curr times: u=2724000 s=797000
04-22 11:03:32.775  1635  2891 D ConnectivityService: NetReassign [no changes]
04-22 11:03:33.305  1635  1713 I ActivityManager: Force stopping com.google.location.nearby.apps.connectedcrossroad appid=10333 user=0: from pid 15938
04-22 11:03:33.309  1635  1713 I ActivityManager: Killing 15444:com.google.location.nearby.apps.connectedcrossroad/u0a333 (adj 0): stop com.google.location.nearby.apps.connectedcrossroad due to from pid 15938
04-22 11:03:33.313  1635  1713 W ActivityTaskManager: Force removing ActivityRecord{98ba24 u0 com.google.location.nearby.apps.connectedcrossroad/nx.aodv.eval.MainActivity t8091 f}}: app died, no saved state
04-22 11:03:33.372  1635  1775 W BroadcastQueue: Background execution not allowed: receiving Intent { act=android.intent.action.PACKAGE_RESTARTED dat=package:com.google.location.nearby.apps.connectedcrossroad flg=0x10 (has extras) } to steptracker.healthandfitness.walkingtracker.pedometer/com.drojian.stepcounter.receiver.PedometerReceiver
04-22 11:03:33.373  1635  1775 W BroadcastQueue: Background execution not allowed: receiving Intent { act=android.intent.action.PACKAGE_RESTARTED dat=package:com.google.location.nearby.apps.connectedcrossroad flg=0x10 (has extras) } to steptracker.healthandfitness.walkingtracker.pedometer/com.drojian.servicekeeper.receiver.BootReceiver
04-22 11:03:33.389  1635  3045 D AutofillSession: handling death of Token{79c22b7 ActivityRecord{98ba24 u0 com.google.location.nearby.apps.connectedcrossroad/nx.aodv.eval.MainActivity t-1 f}}} when saving=false
04-22 11:03:33.408  1635  1756 W ActivityManager: setHasOverlayUi called on unknown pid: 15444
04-22 11:03:34.659  1635  2893 D NsdService: unregister service
04-22 11:03:34.659  1635  2893 D NsdService: mdnssd [stop-register, 13]
04-22 11:03:34.665  1635  1635 D BluetoothManagerService: Bluetooth Adapter name changed to Pixel 3a XL
04-22 11:03:34.666  1635  1635 D BluetoothManagerService: Stored Bluetooth name: Pixel 3a XL
04-22 11:03:35.803  1635  2891 D ConnectivityService: NetReassign [no changes]
04-22 11:03:44.891  1635  2891 I chatty  : uid=1000(system) ConnectivitySer identical 3 lines
04-22 11:03:47.923  1635  2891 D ConnectivityService: NetReassign [no changes]
04-22 11:03:50.457  1635  3044 I ActivityManager: Force stopping com.google.location.nearby.apps.connectedcrossroad appid=10333 user=0: from pid 15989
04-22 11:03:50.470  1635  1775 W BroadcastQueue: Background execution not allowed: receiving Intent { act=android.intent.action.PACKAGE_RESTARTED dat=package:com.google.location.nearby.apps.connectedcrossroad flg=0x10 (has extras) } to steptracker.healthandfitness.walkingtracker.pedometer/com.drojian.stepcounter.receiver.PedometerReceiver
04-22 11:03:50.472  1635  1775 W BroadcastQueue: Background execution not allowed: receiving Intent { act=android.intent.action.PACKAGE_RESTARTED dat=package:com.google.location.nearby.apps.connectedcrossroad flg=0x10 (has extras) } to steptracker.healthandfitness.walkingtracker.pedometer/com.drojian.servicekeeper.receiver.BootReceiver
04-22 11:03:50.954  1635  2891 D ConnectivityService: NetReassign [no changes]
04-22 11:04:00.029  1635  2891 I chatty  : uid=1000(system) ConnectivitySer identical 3 lines
04-22 11:04:03.043  1635  2891 D ConnectivityService: NetReassign [no changes]
04-22 11:04:03.099  1635  1878 I PackageManager: Integrity check passed for file:///data/app/vmdl484704929.tmp
04-22 11:04:03.121  1635  1878 I PackageManager: Update package com.google.location.nearby.apps.connectedcrossroad code path from /data/app/~~HIcYiLlVV0WKhnxK-t0TIw==/com.google.location.nearby.apps.connectedcrossroad-d395mPuDOjAVVZyWwlYl5g== to /data/app/~~4IA4LeUKwHlnvZ8xqMCVkw==/com.google.location.nearby.apps.connectedcrossroad-23ll-fS82aJOMFjsgV7psQ==; Retain data and using new
04-22 11:04:03.121  1635  1878 I PackageManager: Update package com.google.location.nearby.apps.connectedcrossroad resource path from /data/app/~~HIcYiLlVV0WKhnxK-t0TIw==/com.google.location.nearby.apps.connectedcrossroad-d395mPuDOjAVVZyWwlYl5g== to /data/app/~~4IA4LeUKwHlnvZ8xqMCVkw==/com.google.location.nearby.apps.connectedcrossroad-23ll-fS82aJOMFjsgV7psQ==; Retain data and using new
04-22 11:04:03.132  1635  1878 D CompatibilityChangeReporter: Compat change id reported: 135549675; UID 10333; state: DISABLED
04-22 11:04:03.328  1635  1775 W BroadcastQueue: Background execution not allowed: receiving Intent { act=android.intent.action.PACKAGE_REMOVED dat=package:com.google.location.nearby.apps.connectedcrossroad flg=0x4000010 (has extras) } to com.android.vending/com.google.android.finsky.packagemanager.impl.PackageMonitorReceiverImpl$RegisteredReceiver
04-22 11:04:03.414  1635  1775 W BroadcastQueue: Background execution not allowed: receiving Intent { act=android.intent.action.PACKAGE_REMOVED dat=package:com.google.location.nearby.apps.connectedcrossroad flg=0x4000010 (has extras) } to com.android.vending/com.google.android.finsky.instantapps.appmanagement.InstantAppRemoveMonitor
04-22 11:04:03.415  1635  1775 W BroadcastQueue: Background execution not allowed: receiving Intent { act=android.intent.action.PACKAGE_REMOVED dat=package:com.google.location.nearby.apps.connectedcrossroad flg=0x4000010 (has extras) } to com.google.android.gms/.games.chimera.GamesSystemBroadcastReceiverProxy
04-22 11:04:03.415  1635  1775 W BroadcastQueue: Background execution not allowed: receiving Intent { act=android.intent.action.PACKAGE_REMOVED dat=package:com.google.location.nearby.apps.connectedcrossroad flg=0x4000010 (has extras) } to com.google.android.gms/.chimera.GmsIntentOperationService$PersistentTrustedReceiver
04-22 11:04:03.415  1635  1775 W BroadcastQueue: Background execution not allowed: receiving Intent { act=android.intent.action.PACKAGE_REMOVED dat=package:com.google.location.nearby.apps.connectedcrossroad flg=0x4000010 (has extras) } to com.google.android.googlequicksearchbox/com.google.android.apps.gsa.googlequicksearchbox.GelStubAppWatcher
04-22 11:04:03.415  1635  1775 W BroadcastQueue: Background execution not allowed: receiving Intent { act=android.intent.action.PACKAGE_REMOVED dat=package:com.google.location.nearby.apps.connectedcrossroad flg=0x4000010 (has extras) } to com.facebook.katana/com.facebook.feed.platformads.AppInstallReceiver
04-22 11:04:03.415  1635  1775 W BroadcastQueue: Background execution not allowed: receiving Intent { act=android.intent.action.PACKAGE_REMOVED dat=package:com.google.location.nearby.apps.connectedcrossroad flg=0x4000010 (has extras) } to com.jaga.ibraceletplus.smartwristband3/com.yc.pedometer.keepalive.KeepAliveReceiver
04-22 11:04:03.415  1635  1775 W BroadcastQueue: Background execution not allowed: receiving Intent { act=android.intent.action.PACKAGE_REMOVED dat=package:com.google.location.nearby.apps.connectedcrossroad flg=0x4000010 (has extras) } to com.microsoft.appmanager/.receiver.InstallUninstallReceiver
04-22 11:04:03.415  1635  1775 W BroadcastQueue: Background execution not allowed: receiving Intent { act=android.intent.action.PACKAGE_REMOVED dat=package:com.google.location.nearby.apps.connectedcrossroad flg=0x4000010 (has extras) } to com.microsoft.appmanager/com.microsoft.mmx.continuity.receiver.InstallUninstallReceiver
04-22 11:04:03.415  1635  1775 W BroadcastQueue: Background execution not allowed: receiving Intent { act=android.intent.action.PACKAGE_REMOVED dat=package:com.google.location.nearby.apps.connectedcrossroad flg=0x4000010 (has extras) } to com.microsoft.emmx/com.microsoft.mmx.continuity.receiver.InstallUninstallReceiver
04-22 11:04:03.415  1635  1775 W BroadcastQueue: Background execution not allowed: receiving Intent { act=android.intent.action.PACKAGE_ADDED dat=package:com.google.location.nearby.apps.connectedcrossroad flg=0x4000010 (has extras) } to com.google.android.packageinstaller/com.android.packageinstaller.PackageInstalledReceiver
04-22 11:04:03.415  1635  1775 W BroadcastQueue: Background execution not allowed: receiving Intent { act=android.intent.action.PACKAGE_ADDED dat=package:com.google.location.nearby.apps.connectedcrossroad flg=0x4000010 (has extras) } to com.android.vending/com.google.android.finsky.packagemanager.impl.PackageMonitorReceiverImpl$RegisteredReceiver
04-22 11:04:03.416  1635  1775 W BroadcastQueue: Background execution not allowed: receiving Intent { act=android.intent.action.PACKAGE_ADDED dat=package:com.google.location.nearby.apps.connectedcrossroad flg=0x4000010 (has extras) } to com.google.android.gms/.games.chimera.GamesSystemBroadcastReceiverProxy
04-22 11:04:03.416  1635  1775 W BroadcastQueue: Background execution not allowed: receiving Intent { act=android.intent.action.PACKAGE_ADDED dat=package:com.google.location.nearby.apps.connectedcrossroad flg=0x4000010 (has extras) } to com.google.android.gms/.gass.chimera.PackageChangeBroadcastReceiver
04-22 11:04:03.416  1635  1775 W BroadcastQueue: Background execution not allowed: receiving Intent { act=android.intent.action.PACKAGE_ADDED dat=package:com.google.location.nearby.apps.connectedcrossroad flg=0x4000010 (has extras) } to com.google.android.gms/.chimera.GmsIntentOperationService$PersistentTrustedReceiver
04-22 11:04:03.416  1635  1775 W BroadcastQueue: Background execution not allowed: receiving Intent { act=android.intent.action.PACKAGE_ADDED dat=package:com.google.location.nearby.apps.connectedcrossroad flg=0x4000010 (has extras) } to com.google.android.googlequicksearchbox/com.google.android.apps.gsa.googlequicksearchbox.GelStubAppWatcher
04-22 11:04:03.416  1635  1775 W BroadcastQueue: Background execution not allowed: receiving Intent { act=android.intent.action.PACKAGE_ADDED dat=package:com.google.location.nearby.apps.connectedcrossroad flg=0x4000010 (has extras) } to com.facebook.katana/com.facebook.feed.platformads.AppInstallReceiver
04-22 11:04:03.416  1635  1775 W BroadcastQueue: Background execution not allowed: receiving Intent { act=android.intent.action.PACKAGE_ADDED dat=package:com.google.location.nearby.apps.connectedcrossroad flg=0x4000010 (has extras) } to com.jaga.ibraceletplus.smartwristband3/com.yc.pedometer.keepalive.KeepAliveReceiver
04-22 11:04:03.434  1635  8772 I ActivityTaskManager: START u0 {act=android.intent.action.MAIN cat=[android.intent.category.LAUNCHER] flg=0x10000000 cmp=com.google.location.nearby.apps.connectedcrossroad/nx.aodv.eval.MainActivity} from uid 2000
04-22 11:04:03.468  1635  1775 W BroadcastQueue: Background execution not allowed: receiving Intent { act=android.intent.action.PACKAGE_ADDED dat=package:com.google.location.nearby.apps.connectedcrossroad flg=0x4000010 (has extras) } to com.microsoft.appmanager/.receiver.InstallUninstallReceiver
04-22 11:04:03.470  1635  1775 W BroadcastQueue: Background execution not allowed: receiving Intent { act=android.intent.action.PACKAGE_ADDED dat=package:com.google.location.nearby.apps.connectedcrossroad flg=0x4000010 (has extras) } to com.microsoft.appmanager/com.microsoft.mmx.continuity.receiver.InstallUninstallReceiver
04-22 11:04:03.511  1635  1635 W Looper  : Slow dispatch took 144ms main h=android.app.ActivityThread$H c=android.app.-$$Lambda$LoadedApk$ReceiverDispatcher$Args$_BumDX2UKsnxLVrE6UJsJZkotuA@51b22f6 m=0
04-22 11:04:03.535  1635  1775 W BroadcastQueue: Background execution not allowed: receiving Intent { act=android.intent.action.PACKAGE_ADDED dat=package:com.google.location.nearby.apps.connectedcrossroad flg=0x4000010 (has extras) } to com.microsoft.emmx/com.microsoft.mmx.continuity.receiver.InstallUninstallReceiver
04-22 11:04:03.539  1635  1756 D CompatibilityChangeReporter: Compat change id reported: 135634846; UID 10333; state: DISABLED
04-22 11:04:03.540  1635  1776 D CompatibilityChangeReporter: Compat change id reported: 143937733; UID 10333; state: DISABLED
04-22 11:04:03.579  1635  1776 I ActivityManager: Start proc 16055:com.google.location.nearby.apps.connectedcrossroad/u0a333 for pre-top-activity {com.google.location.nearby.apps.connectedcrossroad/nx.aodv.eval.MainActivity}
04-22 11:04:03.694  1635  1752 W Looper  : Slow dispatch took 122ms android.fg h=android.os.Handler c=<recycled PooledLambda@86bdf89> m=0
04-22 11:04:03.748  1635  1752 W Looper  : Slow delivery took 226ms android.fg h=android.os.Handler c=<recycled PooledLambda@8a6a0f0> m=0
04-22 11:04:03.754  1635  3042 W BroadcastQueue: Background execution not allowed: receiving Intent { act=android.intent.action.PACKAGE_REPLACED dat=package:com.google.location.nearby.apps.connectedcrossroad flg=0x4000010 (has extras) } to com.google.android.gms/.gass.chimera.PackageChangeBroadcastReceiver
04-22 11:04:03.757  1635  1775 W BroadcastQueue: Background execution not allowed: receiving Intent { act=android.intent.action.PACKAGE_REPLACED dat=package:com.google.location.nearby.apps.connectedcrossroad flg=0x4000010 (has extras) } to com.google.android.gms/.chimera.GmsIntentOperationService$PersistentTrustedReceiver
04-22 11:04:03.757  1635  1775 W BroadcastQueue: Background execution not allowed: receiving Intent { act=android.intent.action.PACKAGE_REPLACED dat=package:com.google.location.nearby.apps.connectedcrossroad flg=0x4000010 (has extras) } to com.google.android.googlequicksearchbox/com.google.android.apps.gsa.googlequicksearchbox.GelStubAppWatcher
04-22 11:04:03.757  1635  1775 W BroadcastQueue: Background execution not allowed: receiving Intent { act=android.intent.action.PACKAGE_REPLACED dat=package:com.google.location.nearby.apps.connectedcrossroad flg=0x4000010 (has extras) } to com.infonow.bofa/com.bofa.ecom.marvel.application.BofaPackageUpdateReceiver
04-22 11:04:03.757  1635  1775 W BroadcastQueue: Background execution not allowed: receiving Intent { act=android.intent.action.PACKAGE_REPLACED dat=package:com.google.location.nearby.apps.connectedcrossroad flg=0x4000010 (has extras) } to com.microsoft.appmanager/com.microsoft.mmx.continuity.receiver.InstallUninstallReceiver
04-22 11:04:03.758  1635  1775 W BroadcastQueue: Background execution not allowed: receiving Intent { act=android.intent.action.PACKAGE_REPLACED dat=package:com.google.location.nearby.apps.connectedcrossroad flg=0x4000010 (has extras) } to com.microsoft.emmx/com.microsoft.mmx.continuity.receiver.InstallUninstallReceiver
04-22 11:04:03.758  1635  1775 W BroadcastQueue: Background execution not allowed: receiving Intent { act=android.intent.action.PACKAGE_REPLACED dat=package:com.google.location.nearby.apps.connectedcrossroad flg=0x4000010 (has extras) } to steptracker.healthandfitness.walkingtracker.pedometer/com.drojian.stepcounter.receiver.PedometerReceiver
04-22 11:04:03.758  1635  1775 W BroadcastQueue: Background execution not allowed: receiving Intent { act=android.intent.action.PACKAGE_REPLACED dat=package:com.google.location.nearby.apps.connectedcrossroad flg=0x4000010 (has extras) } to steptracker.healthandfitness.walkingtracker.pedometer/com.drojian.servicekeeper.receiver.BootReceiver
04-22 11:04:03.875  1635  1635 W Looper  : Slow dispatch took 361ms main h=android.app.ActivityThread$H c=android.app.-$$Lambda$LoadedApk$ReceiverDispatcher$Args$_BumDX2UKsnxLVrE6UJsJZkotuA@9846241 m=0
04-22 11:04:03.925  1635  1752 W Looper  : Slow dispatch took 177ms android.fg h=android.os.Handler c=<recycled PooledLambda@bcf660b> m=0
04-22 11:04:03.936  1635  1635 W Looper  : Slow delivery took 503ms main h=android.app.ActivityThread$H c=android.app.-$$Lambda$LoadedApk$ReceiverDispatcher$Args$_BumDX2UKsnxLVrE6UJsJZkotuA@f22a4c1 m=0
04-22 11:04:03.942  1635  1635 I Telecom : DefaultDialerCache: Refreshing default dialer for user 0: now com.google.android.dialer: DDC.oR@BW4
04-22 11:04:03.998  1635  1635 V BackupManagerConstants: getFullBackupIntervalMilliseconds(...) returns 86400000
04-22 11:04:03.998  1635  1635 V BackupManagerConstants: getFullBackupRequiredNetworkType(...) returns 2
04-22 11:04:03.998  1635  1635 V BackupManagerConstants: getFullBackupRequireCharging(...) returns true
04-22 11:04:04.071  1635  1752 W Looper  : Slow dispatch took 146ms android.fg h=android.os.Handler c=<recycled PooledLambda@545cbb5> m=0
04-22 11:04:04.072  1635  2884 W NetworkPolicy: shared quota unsupported; generating rule for each iface
04-22 11:04:04.161  1635  1635 W Looper  : Slow dispatch took 220ms main h=android.app.ActivityThread$H c=android.app.-$$Lambda$LoadedApk$ReceiverDispatcher$Args$_BumDX2UKsnxLVrE6UJsJZkotuA@e9c2e96 m=0
04-22 11:04:04.273  1635  1635 W Looper  : Slow dispatch took 112ms main h=com.android.server.job.JobSchedulerService$JobHandler c=null m=6
04-22 11:04:04.353  1635  1752 W Looper  : Slow dispatch took 155ms android.fg h=android.os.Handler c=<recycled PooledLambda@a3882f2> m=0
04-22 11:04:04.386  1635  2884 W NetworkPolicy: shared quota unsupported; generating rule for each iface
04-22 11:04:04.395  1635  1635 W Looper  : Drained
04-22 11:04:04.570  1635 12312 D CompatibilityChangeReporter: Compat change id reported: 136274596; UID 10333; state: DISABLED
04-22 11:04:04.611  1635  1752 W Looper  : Slow dispatch took 123ms android.fg h=android.os.Handler c=<recycled PooledLambda@67bab46> m=0
04-22 11:04:05.247  1635  1752 W Looper  : Drained
04-22 11:04:05.543  1635  2884 W NetworkPolicy: shared quota unsupported; generating rule for each iface
04-22 11:04:05.624  1635  2884 I chatty  : uid=1000(system) NetworkPolicy identical 1 line
04-22 11:04:05.662  1635  2884 W NetworkPolicy: shared quota unsupported; generating rule for each iface
04-22 11:04:06.051  1635  2891 D ConnectivityService: NetReassign [no changes]
04-22 11:04:06.105  1635  2884 W NetworkPolicy: shared quota unsupported; generating rule for each iface
04-22 11:04:06.238  1635  2881 E SystemServiceRegistry: Manager wrapper not available: face
04-22 11:04:06.240  1635  1775 I DropBoxManagerService: add tag=system_server_wtf isTagEnabled=true flags=0x2
04-22 11:04:06.332  1635  2881 W SettingsStatsUtil: Can not parse value to float: gps,network
04-22 11:04:08.254  1635  1775 W BroadcastQueue: Background execution not allowed: receiving Intent { act=android.intent.action.DROPBOX_ENTRY_ADDED flg=0x10 (has extras) } to com.google.android.gms/.stats.service.DropBoxEntryAddedReceiver
04-22 11:04:08.254  1635  1775 W BroadcastQueue: Background execution not allowed: receiving Intent { act=android.intent.action.DROPBOX_ENTRY_ADDED flg=0x10 (has extras) } to com.google.android.gms/.chimera.GmsIntentOperationService$PersistentTrustedReceiver
04-22 11:04:09.075  1635  2891 D ConnectivityService: NetReassign [no changes]
04-22 11:04:18.149  1635  2891 I chatty  : uid=1000(system) ConnectivitySer identical 3 lines
04-22 11:04:21.174  1635  2891 D ConnectivityService: NetReassign [no changes]
04-22 11:04:21.987  1635  1635 D BluetoothManagerService: Bluetooth Adapter name changed to IkU0bWVbye0AAAAAAAAAATE
04-22 11:04:21.988  1635  1635 D BluetoothManagerService: Stored Bluetooth name: IkU0bWVbye0AAAAAAAAAATE
04-22 11:04:22.323  1635  2893 D NsdService: Register service
04-22 11:04:22.323  1635  2893 D NsdService: registerService: 14 name: IkU0bWVbye0AAA, type: _5BC9ED5E6C75._tcp, host: null, port: 37775, txtRecord: n=MQIPv4=192.168.1.17
04-22 11:04:22.324  1635  2893 D NsdService: mdnssd [register, 14, IkU0bWVbye0AAA, _5BC9ED5E6C75._tcp, 37775, BG49TVERSVB2ND0xOTIuMTY4LjEuMTc=]
04-22 11:04:22.325  1635  2893 D NsdService: Register 14 14
04-22 11:04:23.064  1635  2893 D NsdService: Native daemon message SERVICE_REGISTERED: 606 14 "IkU0bWVbye0AAA"
04-22 11:04:23.075  1635  3042 E AppOps  : attributionTag com.google.android.gms.nearby not declared in manifest of com.google.location.nearby.apps.connectedcrossroad
04-22 11:04:24.183  1635  2891 D ConnectivityService: NetReassign [no changes]
04-22 11:04:30.228  1635  2891 I chatty  : uid=1000(system) ConnectivitySer identical 2 lines
04-22 11:04:33.258  1635  2891 D ConnectivityService: NetReassign [no changes]
04-22 11:04:34.121  1635  8772 W BroadcastQueue: Background execution not allowed: receiving Intent { act=android.bluetooth.device.action.BOND_STATE_CHANGED flg=0x10 (has extras) } to com.google.android.gms/.chimera.GmsIntentOperationService$PersistentTrustedReceiver
04-22 11:04:34.123  1635  1775 W BroadcastQueue: Background execution not allowed: receiving Intent { act=android.bluetooth.device.action.BOND_STATE_CHANGED flg=0x10 (has extras) } to com.google.android.googlequicksearchbox/com.google.android.apps.gsa.broadcastreceiver.external.ExternalCommonBroadcastReceiver
04-22 11:04:34.503  1635  1775 W BroadcastQueue: Background execution not allowed: receiving Intent { act=android.bluetooth.device.action.BOND_STATE_CHANGED flg=0x10 (has extras) } to com.google.android.gms/.chimera.GmsIntentOperationService$PersistentTrustedReceiver
04-22 11:04:34.507  1635  1775 W BroadcastQueue: Background execution not allowed: receiving Intent { act=android.bluetooth.device.action.BOND_STATE_CHANGED flg=0x10 (has extras) } to com.google.android.googlequicksearchbox/com.google.android.apps.gsa.broadcastreceiver.external.ExternalCommonBroadcastReceiver
04-22 11:04:36.273  1635  2891 D ConnectivityService: NetReassign [no changes]
04-22 11:04:39.051  1635  1775 I ActivityManager: Waited long enough for: ServiceRecord{6ee7834 u0 com.google.android.googlequicksearchbox/com.google.android.apps.gsa.shared.util.keepalive.StandaloneKeepAlive$KeepAliveService}
04-22 11:04:39.295  1635  2891 D ConnectivityService: NetReassign [no changes]
04-22 11:04:54.418  1635  2891 I chatty  : uid=1000(system) ConnectivitySer identical 5 lines
04-22 11:04:57.439  1635  2891 D ConnectivityService: NetReassign [no changes]
04-22 11:04:59.605  1635  2881 I ActivityManager: Force stopping com.google.location.nearby.apps.connectedcrossroad appid=10333 user=0: from pid 16250
04-22 11:04:59.606  1635  2881 I ActivityManager: Killing 16055:com.google.location.nearby.apps.connectedcrossroad/u0a333 (adj 0): stop com.google.location.nearby.apps.connectedcrossroad due to from pid 16250
04-22 11:04:59.610  1635  2881 W ActivityTaskManager: Force removing ActivityRecord{7df64a3 u0 com.google.location.nearby.apps.connectedcrossroad/nx.aodv.eval.MainActivity t8092 f}}: app died, no saved state
04-22 11:04:59.666  1635  3038 D AutofillSession: handling death of Token{780c544 ActivityRecord{7df64a3 u0 com.google.location.nearby.apps.connectedcrossroad/nx.aodv.eval.MainActivity t-1 f}}} when saving=false
04-22 11:04:59.682  1635  1756 W ActivityManager: setHasOverlayUi called on unknown pid: 16055
04-22 11:05:00.455  1635  2891 D ConnectivityService: NetReassign [no changes]
04-22 11:05:00.646  1635  1712 W BroadcastQueue: Background execution not allowed: receiving Intent { act=android.intent.action.PACKAGE_RESTARTED dat=package:com.google.location.nearby.apps.connectedcrossroad flg=0x10 (has extras) } to steptracker.healthandfitness.walkingtracker.pedometer/com.drojian.stepcounter.receiver.PedometerReceiver
04-22 11:05:00.649  1635  1775 W BroadcastQueue: Background execution not allowed: receiving Intent { act=android.intent.action.PACKAGE_RESTARTED dat=package:com.google.location.nearby.apps.connectedcrossroad flg=0x10 (has extras) } to steptracker.healthandfitness.walkingtracker.pedometer/com.drojian.servicekeeper.receiver.BootReceiver
04-22 11:05:01.562  1635  2884 W NetworkPolicy: shared quota unsupported; generating rule for each iface
04-22 11:05:02.969  1635  2893 D NsdService: unregister service
04-22 11:05:02.970  1635  2893 D NsdService: mdnssd [stop-register, 14]
04-22 11:05:02.977  1635  1635 D BluetoothManagerService: Bluetooth Adapter name changed to Pixel 3a XL
04-22 11:05:02.978  1635  1635 D BluetoothManagerService: Stored Bluetooth name: Pixel 3a XL
04-22 11:05:03.478  1635  2891 D ConnectivityService: NetReassign [no changes]
04-22 11:05:06.460  1635  1712 D CompatibilityChangeReporter: Compat change id reported: 135634846; UID 10145; state: DISABLED
04-22 11:05:06.461  1635  1776 D CompatibilityChangeReporter: Compat change id reported: 143937733; UID 10145; state: ENABLED
04-22 11:05:06.480  1635  1776 I ActivityManager: Start proc 16283:com.google.process.gapps/u0a145 for content provider {com.google.android.gsf/com.google.android.gsf.settings.GoogleSettingsProvider}
04-22 11:05:06.488  1635  2891 D ConnectivityService: NetReassign [no changes]
04-22 11:05:06.537  1635  4930 D CompatibilityChangeReporter: Compat change id reported: 135634846; UID 10072; state: DISABLED
04-22 11:05:06.538  1635  1776 D CompatibilityChangeReporter: Compat change id reported: 143937733; UID 10072; state: ENABLED
04-22 11:05:06.556  1635  1776 I ActivityManager: Start proc 16302:com.android.providers.calendar/u0a72 for content provider {com.android.providers.calendar/com.android.providers.calendar.CalendarProvider2}
04-22 11:05:08.377  1635  1635 D NotificationService: 0|com.google.android.gm|0|gig:934853793:^sq_ig_i_personal|10184: granting content://settings/system/notification_sound
04-22 11:05:08.379  1635  1635 I chatty  : uid=1000 system_server identical 4 lines
04-22 11:05:08.380  1635  1635 D NotificationService: 0|com.google.android.gm|0|gig:934853793:^sq_ig_i_personal|10184: granting content://settings/system/notification_sound
04-22 11:05:08.439  1635  1635 D NotificationService: 0|com.google.android.gm|688459140|gig:934853793:^sq_ig_i_personal|10184: granting content://settings/system/notification_sound
04-22 11:05:08.441  1635  1635 I chatty  : uid=1000 system_server identical 4 lines
04-22 11:05:08.441  1635  1635 D NotificationService: 0|com.google.android.gm|688459140|gig:934853793:^sq_ig_i_personal|10184: granting content://settings/system/notification_sound
04-22 11:05:08.443  1635  1635 W NotificationHistory: Attempted to add notif for locked/gone/disabled user 0
04-22 11:05:09.397  1635  2895 D CompatibilityChangeReporter: Compat change id reported: 135634846; UID 10063; state: DISABLED
04-22 11:05:09.398  1635  1776 D CompatibilityChangeReporter: Compat change id reported: 143937733; UID 10063; state: ENABLED
04-22 11:05:09.442  1635  1776 I ActivityManager: Start proc 16353:android.process.acore/u0a63 for content provider {com.android.providers.contacts/com.android.providers.contacts.ContactsProvider2}
04-22 11:05:09.509  1635  2891 D ConnectivityService: NetReassign [no changes]
04-22 11:05:09.661 16353 16353 D ActivityThread: Loading provider contacts;com.android.contacts: com.android.providers.contacts.ContactsProvider2
04-22 11:05:12.537  1635  2891 D ConnectivityService: NetReassign [no changes]
04-22 11:05:18.590  1635  2891 I chatty  : uid=1000(system) ConnectivitySer identical 2 lines
04-22 11:05:21.617  1635  2891 D ConnectivityService: NetReassign [no changes]
04-22 11:05:23.678  1635  8772 I ActivityManager: Force stopping com.google.location.nearby.apps.connectedcrossroad appid=10333 user=0: from pid 16410
04-22 11:05:23.694  1635  1775 W BroadcastQueue: Background execution not allowed: receiving Intent { act=android.intent.action.PACKAGE_RESTARTED dat=package:com.google.location.nearby.apps.connectedcrossroad flg=0x10 (has extras) } to steptracker.healthandfitness.walkingtracker.pedometer/com.drojian.stepcounter.receiver.PedometerReceiver
04-22 11:05:23.697  1635  1775 W BroadcastQueue: Background execution not allowed: receiving Intent { act=android.intent.action.PACKAGE_RESTARTED dat=package:com.google.location.nearby.apps.connectedcrossroad flg=0x10 (has extras) } to steptracker.healthandfitness.walkingtracker.pedometer/com.drojian.servicekeeper.receiver.BootReceiver
04-22 11:05:24.659  1635  2891 D ConnectivityService: NetReassign [no changes]
04-22 11:05:36.789  1635  2891 I chatty  : uid=1000(system) ConnectivitySer identical 4 lines
04-22 11:05:39.829  1635  2891 D ConnectivityService: NetReassign [no changes]
04-22 11:05:42.724  1635  1878 I PackageManager: Integrity check passed for file:///data/app/vmdl407574208.tmp
