04-22 11:09:09.760  1749  1794 I chatty  : uid=1000(system) PackageManager expire 45 lines
04-22 11:09:10.038  1749  2067 I chatty  : uid=1000(system) AccountManagerS expire 1 line
04-22 11:09:10.045  1749  2646 I chatty  : uid=1000(system) android.fg expire 1 line
04-22 11:09:10.119  1749  1768 I chatty  : uid=1000(system) Binder:1749_2 expire 1 line
04-22 11:09:10.274  1749  1749 I chatty  : uid=1000 system_server expire 11 lines
04-22 11:09:10.307  1749  1769 I chatty  : uid=1000(system) android.fg expire 2 lines
04-22 11:09:10.318  1749  2240 I chatty  : uid=1000(system) Binder:1749_4 expire 5 lines
04-22 11:09:10.321  1749  1781 I chatty  : uid=1000(system) ActivityManager expire 16 lines
04-22 11:09:10.651  1749 11122 I chatty  : uid=1000(system) Binder:1749_1E expire 4 lines
04-22 11:09:10.690  1749  1782 I chatty  : uid=1000(system) ActivityManager expire 4 lines
04-22 11:09:10.697  1749  1773 I chatty  : uid=1000(system) android.anim expire 11 lines
04-22 11:09:11.058  1749 11470 I chatty  : uid=1000(system) Binder:1749_1F expire 4 lines
04-22 11:09:11.363  1749  3486 I chatty  : uid=1000(system) Binder:1749_12 expire 1 line
04-22 11:09:17.233  1749  2054 I chatty  : uid=1000(system) UEventObserver expire 7 lines
04-22 11:09:32.350  1749  2749 I chatty  : uid=1000(system) Binder:1749_9 expire 1 line
04-22 11:09:34.941  1749  2257 I chatty  : uid=1000(system) NsdService expire 7 lines
04-22 11:13:12.617  1749 11475 I chatty  : uid=1000(system) Binder:1749_20 expire 7 lines
04-22 11:13:12.700  1749  1772 I chatty  : uid=1000(system) android.display expire 1 line
04-22 11:13:12.706  1749  7481 I chatty  : uid=1000(system) Binder:1749_18 expire 1 line
04-22 11:13:31.672  1749  1794 I chatty  : uid=1000(system) PackageManager expire 45 lines
04-22 11:13:31.934  1749  2067 I chatty  : uid=1000(system) AccountManagerS expire 1 line
04-22 11:13:31.942  1749  2646 I chatty  : uid=1000(system) android.fg expire 1 line
04-22 11:13:31.948  1749  1781 I chatty  : uid=1000(system) ActivityManager expire 22 lines
04-22 11:13:31.974  1749  1749 I chatty  : uid=1000 system_server expire 14 lines
04-22 11:13:32.012  1749  3484 I chatty  : uid=1000(system) Binder:1749_10 expire 1 line
04-22 11:13:32.164  1749  2749 I chatty  : uid=1000(system) Binder:1749_9 expire 1 line
04-22 11:13:32.172  1749  1769 I chatty  : uid=1000(system) android.fg expire 2 lines
04-22 11:13:32.499  1749 11470 I chatty  : uid=1000(system) Binder:1749_1F expire 6 lines
04-22 11:13:32.542  1749  1782 I chatty  : uid=1000(system) ActivityManager expire 2 lines
04-22 11:13:32.547  1749  1773 I chatty  : uid=1000(system) android.anim expire 18 lines
04-22 11:13:48.285  1749  2257 I chatty  : uid=1000(system) NsdService expire 12 lines
04-22 11:13:48.867  2313  2313 V DeadZone: consuming errant click: (31.955618,0.05529785)
04-22 11:13:48.868  2313  2313 V DeadZone: consuming errant click: (31.955618,0.05529785)
04-22 11:13:52.730  1749  2603 I chatty  : uid=1000(system) Binder:1749_8 expire 1 line
04-22 11:13:55.506  1749  1781 I chatty  : uid=1000(system) ActivityManager expire 13 lines
04-22 11:14:24.432  1749  2054 I chatty  : uid=1000(system) UEventObserver expire 2 lines
04-22 11:14:49.164  1749  3451 I chatty  : uid=1000(system) Binder:1749_B expire 1 line
04-22 11:14:51.231  1749  7787 I chatty  : uid=1000(system) Binder:1749_1A expire 7 lines
04-22 11:14:51.300  1749 10173 I chatty  : uid=1000(system) Binder:1749_1D expire 1 line
04-22 11:14:51.331  1749  1772 I chatty  : uid=1000(system) android.display expire 1 line
04-22 11:14:54.399  1749  1749 I chatty  : uid=1000 system_server expire 7 lines
04-22 11:15:18.578  1749  1780 I chatty  : uid=1000(system) android.bg expire 2 lines
04-22 11:15:20.113  1749  9826 I chatty  : uid=1000(system) Binder:1749_1C expire 5 lines
04-22 11:15:24.492  1749  8013 I chatty  : uid=1000(system) Binder:1749_1B expire 5 lines
04-22 11:15:25.514  1749  7481 I chatty  : uid=1000(system) Binder:1749_18 expire 1 line
04-22 11:15:25.515  1749  3453 I chatty  : uid=1000(system) Binder:1749_C expire 1 line
04-22 11:15:48.785  1749 11475 I chatty  : uid=1000(system) Binder:1749_20 expire 2 lines
04-22 11:16:26.706  1749  1781 I chatty  : uid=1000(system) ActivityManager expire 26 lines
04-22 11:16:27.313  1749  2054 I chatty  : uid=1000(system) UEventObserver expire 3 lines
04-22 11:16:45.888  1749  7481 I chatty  : uid=1000(system) Binder:1749_18 expire 1 line
04-22 11:17:45.889  1749  1767 I chatty  : uid=1000(system) Binder:1749_1 expire 1 line
04-22 11:18:57.331  1749  8013 I chatty  : uid=1000(system) Binder:1749_1B expire 11 lines
04-22 11:18:57.410  1749  1772 I chatty  : uid=1000(system) android.display expire 1 line
04-22 11:18:57.419  1749  1773 I chatty  : uid=1000(system) android.anim expire 9 lines
04-22 11:19:00.094  1749  2257 I chatty  : uid=1000(system) NsdService expire 2 lines
04-22 11:19:00.118  1749  1749 I chatty  : uid=1000 system_server expire 12 lines
04-22 11:19:12.584  1749  1794 I chatty  : uid=1000(system) PackageManager expire 45 lines
04-22 11:19:12.798  1749  2067 I chatty  : uid=1000(system) AccountManagerS expire 1 line
04-22 11:19:12.800  1749  2646 I chatty  : uid=1000(system) android.fg expire 1 line
04-22 11:19:12.887  1749  5874 I chatty  : uid=1000(system) Binder:1749_17 expire 1 line
04-22 11:19:13.061  1749  1769 I chatty  : uid=1000(system) android.fg expire 2 lines
04-22 11:19:13.089  1749  3484 I chatty  : uid=1000(system) Binder:1749_10 expire 1 line
04-22 11:19:13.370  1749 10173 I chatty  : uid=1000(system) Binder:1749_1D expire 4 lines
04-22 11:19:13.407  1749  1782 I chatty  : uid=1000(system) ActivityManager expire 9 lines
04-22 11:19:28.684  1749  1773 I chatty  : uid=1000(system) android.anim expire 9 lines
04-22 11:19:31.266  1749  1749 I chatty  : uid=1000 system_server expire 10 lines
04-22 11:19:31.622  1749  2257 I chatty  : uid=1000(system) NsdService expire 7 lines
04-22 11:19:31.627  1749  2054 I chatty  : uid=1000(system) UEventObserver expire 8 lines
04-22 11:19:36.099  1749 10173 I chatty  : uid=1000(system) Binder:1749_1D expire 3 lines
04-22 11:19:37.020  1749  1781 I chatty  : uid=1000(system) ActivityManager expire 11 lines
04-22 11:19:46.717  1749  3451 I chatty  : uid=1000(system) Binder:1749_B expire 2 lines
04-22 11:19:47.096  1749  2255 I chatty  : uid=1000(system) ConnectivitySer expire 20 lines
04-22 11:19:47.155  1749 18096 I chatty  : uid=1000(system) AdbDebuggingMan expire 2 lines
04-22 11:19:47.155  1749  1769 I chatty  : uid=1000(system) android.fg expire 4 lines
04-22 11:21:22.593  1749  9826 I chatty  : uid=1000(system) Binder:1749_1C expire 2 lines
04-22 11:22:10.105   984   984 W wificond: Scan is not started. Ignore abort request
04-22 11:23:14.634  1749  5874 I chatty  : uid=1000(system) Binder:1749_17 expire 3 lines
04-22 11:23:15.173  1749  7787 I chatty  : uid=1000(system) Binder:1749_1A expire 1 line
04-22 11:23:17.650  1749 27554 I chatty  : uid=1000(system) HwBinder:1749_4 expire 1 line
04-22 11:23:17.701  1749  1771 I chatty  : uid=1000(system) android.io expire 1 line
04-22 11:23:17.737  1749  1789 I chatty  : uid=1000(system) PowerManagerSer expire 1 line
04-22 11:23:19.062  1749  5605 I chatty  : uid=1000(system) Binder:1749_16 expire 3 lines
04-22 11:23:19.221  1749  8013 I chatty  : uid=1000(system) Binder:1749_1B expire 6 lines
04-22 11:23:19.349  1749 11122 I chatty  : uid=1000(system) Binder:1749_1E expire 1 line
04-22 11:23:19.594  1749  3454 I chatty  : uid=1000(system) Binder:1749_D expire 9 lines
04-22 11:23:35.005  1749  2464 I chatty  : uid=1000(system) Binder:1749_7 expire 2 lines
04-22 11:23:36.690   984   984 W wificond: No pno scan started
04-22 11:23:36.690   984   984 W wificond: Scheduled scan is not running!
04-22 11:23:36.699   833   833 W android.hardware.wifi@1.0-service: No active wlan interfaces in use! Using default
04-22 11:23:36.931   984   984 I wificond: Unsubscribe scan result for interface with index: 26
04-22 11:23:36.979   833  2705 I android.hardware.wifi@1.0-service: Legacy HAL stop complete callback received
04-22 11:23:37.847   833   833 I android.hardware.wifi@1.0-service: Wifi HAL stopped
04-22 11:23:37.914   833   833 E android.hardware.wifi@1.0-service:  User build,dont Start logging service.
04-22 11:23:38.765   833   833 I android.hardware.wifi@1.0-service: Wifi HAL started
04-22 11:23:38.794   833   833 I android.hardware.wifi@1.0-service: Adding interface handle for wlan0
04-22 11:23:38.794   833   833 I android.hardware.wifi@1.0-service: Adding interface handle for p2p0
04-22 11:23:38.794   833   833 W android.hardware.wifi@1.0-service: No active wlan interfaces in use! Using default
04-22 11:23:38.794   833   833 W android.hardware.wifi@1.0-service: No active wlan interfaces in use! Using default
04-22 11:23:38.798   833   833 I android.hardware.wifi@1.0-service: Configured chip in mode 0
04-22 11:23:38.798   833   833 W android.hardware.wifi@1.0-service: No active wlan interfaces in use! Using default
04-22 11:23:38.817   984   984 I wificond: create scanner for interface with index: 28
04-22 11:23:38.817   984   984 I wificond: subscribe scan result for interface with index: 28
04-22 11:23:38.822   984   984 E wificond: No Offload Service available
04-22 11:23:38.822   984   984 I wificond: Offload HAL not supported 
04-22 11:23:38.853  1749  2250 I chatty  : uid=1000(system) ClientModeImpl expire 5 lines
04-22 11:23:38.857   833   833 W android.hardware.wifi@1.0-service: No active wlan interfaces in use! Using default
04-22 11:23:38.861   984   984 I wificond: Unsubscribe scan result for interface with index: 28
04-22 11:23:38.875   833 12336 I android.hardware.wifi@1.0-service: Legacy HAL stop complete callback received
04-22 11:23:39.701   833   833 I android.hardware.wifi@1.0-service: Wifi HAL stopped
04-22 11:23:39.723   833   833 E android.hardware.wifi@1.0-service:  User build,dont Start logging service.
04-22 11:23:40.470   833   833 I android.hardware.wifi@1.0-service: Wifi HAL started
04-22 11:23:40.807   833   833 I android.hardware.wifi@1.0-service: Adding interface handle for wlan0
04-22 11:23:40.807   833   833 I android.hardware.wifi@1.0-service: Adding interface handle for p2p0
04-22 11:23:40.807   833   833 W android.hardware.wifi@1.0-service: No active wlan interfaces in use! Using default
04-22 11:23:40.808   833   833 W android.hardware.wifi@1.0-service: No active wlan interfaces in use! Using default
04-22 11:23:40.814   833   833 I android.hardware.wifi@1.0-service: Configured chip in mode 0
04-22 11:23:40.814   833   833 W android.hardware.wifi@1.0-service: No active wlan interfaces in use! Using default
04-22 11:23:40.838   984   984 I wificond: create scanner for interface with index: 30
04-22 11:23:40.838   984   984 I wificond: subscribe scan result for interface with index: 30
04-22 11:23:40.841   984   984 E wificond: No Offload Service available
04-22 11:23:40.841   984   984 I wificond: Offload HAL not supported 
04-22 11:23:41.039  1749  1785 I chatty  : uid=1000(system) batterystats-wo expire 1 line
04-22 11:23:41.863   984   984 W wificond: Scan is not started. Ignore abort request
04-22 11:23:42.209  1749  3487 I chatty  : uid=1000(system) Binder:1749_13 expire 1 line
04-22 11:23:42.299  1749  2749 I chatty  : uid=1000(system) Binder:1749_9 expire 2 lines
04-22 11:23:43.120  1749  2444 I chatty  : uid=1000(system) Binder:1749_6 expire 1 line
04-22 11:23:43.204   728  1284 E NetlinkEvent: NetlinkEvent::FindParam(): Parameter 'INTERFACE' not found
04-22 11:23:43.204   728  1284 E NetlinkEvent: NetlinkEvent::FindParam(): Parameter 'STATE' not found
04-22 11:23:43.204   728  1284 E NetlinkEvent: NetlinkEvent::FindParam(): Parameter 'TIME_NS' not found
04-22 11:23:43.204   728  1284 E NetlinkEvent: NetlinkEvent::FindParam(): Parameter 'UID' not found
04-22 11:23:43.208  1749  2255 I chatty  : uid=1000(system) ConnectivitySer expire 2 lines
04-22 11:23:43.366  1749  8013 D ActivityManager: makeInactive, ProcessRecord{ecbbc78 10436:com.android.providers.calendar/u0a59}, clear holder.state
04-22 11:23:43.367  1749  3453 D ActivityManager: makeInactive, ProcessRecord{cfbff51 10156:com.motorola.lifetimedata/u0a105}, clear holder.state
04-22 11:23:43.589  1749  8013 W ActivityManager: Background start not allowed: service Intent { cmp=com.google.android.apps.messaging/.shared.datamodel.action.execution.ActionExecutorImpl$EmptyService } to com.google.android.apps.messaging/.shared.datamodel.action.execution.ActionExecutorImpl$EmptyService from pid=12420 uid=10182 pkg=com.google.android.apps.messaging startFg?=false
04-22 11:23:43.640  1749  2917 W ActivityManager: Background start not allowed: service Intent { cmp=com.google.android.apps.messaging/.shared.datamodel.action.execution.ActionExecutorImpl$EmptyService } to com.google.android.apps.messaging/.shared.datamodel.action.execution.ActionExecutorImpl$EmptyService from pid=12420 uid=10182 pkg=com.google.android.apps.messaging startFg?=false
04-22 11:23:43.678 24881 26622 W Binder  : reply too large data on java level: InterfaceDescriptor = null, code = 46
04-22 11:23:44.535  1749  1781 W BroadcastQueue: Background execution not allowed: receiving Intent { act=android.net.conn.NETWORK_CONDITIONS_MEASURED flg=0x10 (has extras) } to com.google.android.gms/.chimera.GmsIntentOperationService$PersistentTrustedReceiver
04-22 11:23:44.536  1749  2255 D ConnectivityService: NetworkAgentInfo [WIFI () - 101] validation passed
04-22 11:23:44.547  1749  2255 D ConnectivityService: Setting DNS servers for network 101 to [/192.168.1.1]
04-22 11:23:44.556  1749  2255 D DnsManager: setDnsConfigurationForNetwork(101, [192.168.1.1], [], 1800, 25, 8, 64, 0, 0, , [192.168.1.1])
04-22 11:23:44.571  1749  1782 I ActivityManager: Start proc 12513:com.google.android.apps.magazines/u0a214 for service {com.google.android.apps.magazines/com.google.android.libraries.internal.growth.growthkit.internal.jobs.impl.GrowthKitJobService}
04-22 11:23:44.677  1749  3453 D ConnectivityService: Returning UNBLOCKED NetworkInfo to uid=10214
04-22 11:23:44.685  1749  3453 D ConnectivityService: requestNetwork for uid/pid:10214/12513 NetworkRequest [ TRACK_DEFAULT id=233, [ Capabilities: INTERNET&NOT_RESTRICTED&TRUSTED Uid: 10214] ]
04-22 11:23:44.946  1749  3487 D ConnectivityService: requestNetwork for uid/pid:10214/12513 NetworkRequest [ TRACK_DEFAULT id=234, [ Capabilities: INTERNET&NOT_RESTRICTED&TRUSTED Uid: 10214] ]
04-22 11:23:48.750 24881 25758 W Binder  : reply too large data on java level: InterfaceDescriptor = null, code = 46
04-22 11:23:49.311  1749  2464 D ConnectivityService: requestNetwork for uid/pid:10182/12420 NetworkRequest [ TRACK_DEFAULT id=236, [ Capabilities: INTERNET&NOT_RESTRICTED&TRUSTED Uid: 10182] ]
04-22 11:23:49.574  1749  8013 W ActivityManager: Background start not allowed: service Intent { cmp=com.google.android.apps.messaging/.shared.datamodel.action.execution.ActionExecutorImpl$EmptyService } to com.google.android.apps.messaging/.shared.datamodel.action.execution.ActionExecutorImpl$EmptyService from pid=12420 uid=10182 pkg=com.google.android.apps.messaging startFg?=false
04-22 11:23:49.592  1749  8013 W ActivityManager: Background start not allowed: service Intent { cmp=com.google.android.apps.messaging/.shared.datamodel.action.execution.ActionExecutorImpl$EmptyService } to com.google.android.apps.messaging/.shared.datamodel.action.execution.ActionExecutorImpl$EmptyService from pid=12420 uid=10182 pkg=com.google.android.apps.messaging startFg?=false
04-22 11:23:49.747  1749 18096 D AdbDebuggingManager: Received connected key message: QAAAAJsW1zttIEjF5aAph24UgOsxA5TDFtz8W8aeC5bPPKzhlmSYcWe9qESzFYTCsXj+XD8sqv4bHOO59U8o0HvLhZjbXS+GZv0u71u5B1lIFGNLzdtQ34R2WNUHxS8hUelJiT5SCYnfHilVcRLPv78IXDx/IjgyMpacnqGWZcN5LCsz/dpxrgvQs5xbPGTCv/+xxL2gIDHUxXZZ9Q0ob5nBCv8guT0keKBuimJNyR4I9x1hwQGTMvWP2pVErKr1O+qOqY25GKtlVlxTxZT2v24ClrVZEM0rVi7m0fmiDPB/f2E6qpLzWkqvw/gkLRtQYJOD19fhstE//ItNlvO5rIBm68X6oceo+sYcfh9y0Dn+/GEOw9JYBaqWDuZo+dAlKb0r/iu4sFGK+00aE076E305Ny2HgAVDnivPpZpR67VdThyGcyC2knjanofbyXnpqY24Brh/WkNejcmNLDsnvYdAFBwhbAEwh8NROVWFraKnUpjCXrmI1sdqSeLicwFlWcEB/SWyyNVd0s3KfVVbbCJZyS8O4E5mCcwTYIDTvXD1PclW691xCLWGHL2deSsoN0V/rrTBk9g+8LyLkyq/ImmQUuy7HkCK6AZPkSKeztJsUxQtPw6L9XaAFhvqtu2Qd6FILPj63OX5vMW6fUW9vfhejWOaks+R2f4hOS19GTF6AVa/F+eICwEAAQA= ryana@RYAN-KANN-GAMIN
04-22 11:23:49.748  1749  1769 D AdbDebuggingManager: Logging key QAAAAJsW1zttIEjF5aAph24UgOsxA5TDFtz8W8aeC5bPPKzhlmSYcWe9qESzFYTCsXj+XD8sqv4bHOO59U8o0HvLhZjbXS+GZv0u71u5B1lIFGNLzdtQ34R2WNUHxS8hUelJiT5SCYnfHilVcRLPv78IXDx/IjgyMpacnqGWZcN5LCsz/dpxrgvQs5xbPGTCv/+xxL2gIDHUxXZZ9Q0ob5nBCv8guT0keKBuimJNyR4I9x1hwQGTMvWP2pVErKr1O+qOqY25GKtlVlxTxZT2v24ClrVZEM0rVi7m0fmiDPB/f2E6qpLzWkqvw/gkLRtQYJOD19fhstE//ItNlvO5rIBm68X6oceo+sYcfh9y0Dn+/GEOw9JYBaqWDuZo+dAlKb0r/iu4sFGK+00aE076E305Ny2HgAVDnivPpZpR67VdThyGcyC2knjanofbyXnpqY24Brh/WkNejcmNLDsnvYdAFBwhbAEwh8NROVWFraKnUpjCXrmI1sdqSeLicwFlWcEB/SWyyNVd0s3KfVVbbCJZyS8O4E5mCcwTYIDTvXD1PclW691xCLWGHL2deSsoN0V/rrTBk9g+8LyLkyq/ImmQUuy7HkCK6AZPkSKeztJsUxQtPw6L9XaAFhvqtu2Qd6FILPj63OX5vMW6fUW9vfhejWOaks+R2f4hOS19GTF6AVa/F+eICwEAAQA= ryana@RYAN-KANN-GAMIN, state = 4, alwaysAllow = true, lastConnectionTime = 1619105029748, authWindow = 604800000
04-22 11:23:49.754  1749  8013 W ActivityManager: Background start not allowed: service Intent { cmp=com.google.android.apps.messaging/.shared.datamodel.action.execution.ActionExecutorImpl$EmptyService } to com.google.android.apps.messaging/.shared.datamodel.action.execution.ActionExecutorImpl$EmptyService from pid=12420 uid=10182 pkg=com.google.android.apps.messaging startFg?=false
04-22 11:23:53.301  1749 18096 W AdbDebuggingManager: Read failed with count -1
04-22 11:23:53.302  1749 18096 E AdbDebuggingManager: Caught an exception opening the socket: java.io.IOException: Connection refused
04-22 11:23:53.793 24881 25758 W Binder  : reply too large data on java level: InterfaceDescriptor = null, code = 46
04-22 11:23:55.306  1749 18096 D AdbDebuggingManager: Received connected key message: QAAAAJsW1zttIEjF5aAph24UgOsxA5TDFtz8W8aeC5bPPKzhlmSYcWe9qESzFYTCsXj+XD8sqv4bHOO59U8o0HvLhZjbXS+GZv0u71u5B1lIFGNLzdtQ34R2WNUHxS8hUelJiT5SCYnfHilVcRLPv78IXDx/IjgyMpacnqGWZcN5LCsz/dpxrgvQs5xbPGTCv/+xxL2gIDHUxXZZ9Q0ob5nBCv8guT0keKBuimJNyR4I9x1hwQGTMvWP2pVErKr1O+qOqY25GKtlVlxTxZT2v24ClrVZEM0rVi7m0fmiDPB/f2E6qpLzWkqvw/gkLRtQYJOD19fhstE//ItNlvO5rIBm68X6oceo+sYcfh9y0Dn+/GEOw9JYBaqWDuZo+dAlKb0r/iu4sFGK+00aE076E305Ny2HgAVDnivPpZpR67VdThyGcyC2knjanofbyXnpqY24Brh/WkNejcmNLDsnvYdAFBwhbAEwh8NROVWFraKnUpjCXrmI1sdqSeLicwFlWcEB/SWyyNVd0s3KfVVbbCJZyS8O4E5mCcwTYIDTvXD1PclW691xCLWGHL2deSsoN0V/rrTBk9g+8LyLkyq/ImmQUuy7HkCK6AZPkSKeztJsUxQtPw6L9XaAFhvqtu2Qd6FILPj63OX5vMW6fUW9vfhejWOaks+R2f4hOS19GTF6AVa/F+eICwEAAQA= ryana@RYAN-KANN-GAMIN
04-22 11:23:55.307  1749  1769 D AdbDebuggingManager: Logging key QAAAAJsW1zttIEjF5aAph24UgOsxA5TDFtz8W8aeC5bPPKzhlmSYcWe9qESzFYTCsXj+XD8sqv4bHOO59U8o0HvLhZjbXS+GZv0u71u5B1lIFGNLzdtQ34R2WNUHxS8hUelJiT5SCYnfHilVcRLPv78IXDx/IjgyMpacnqGWZcN5LCsz/dpxrgvQs5xbPGTCv/+xxL2gIDHUxXZZ9Q0ob5nBCv8guT0keKBuimJNyR4I9x1hwQGTMvWP2pVErKr1O+qOqY25GKtlVlxTxZT2v24ClrVZEM0rVi7m0fmiDPB/f2E6qpLzWkqvw/gkLRtQYJOD19fhstE//ItNlvO5rIBm68X6oceo+sYcfh9y0Dn+/GEOw9JYBaqWDuZo+dAlKb0r/iu4sFGK+00aE076E305Ny2HgAVDnivPpZpR67VdThyGcyC2knjanofbyXnpqY24Brh/WkNejcmNLDsnvYdAFBwhbAEwh8NROVWFraKnUpjCXrmI1sdqSeLicwFlWcEB/SWyyNVd0s3KfVVbbCJZyS8O4E5mCcwTYIDTvXD1PclW691xCLWGHL2deSsoN0V/rrTBk9g+8LyLkyq/ImmQUuy7HkCK6AZPkSKeztJsUxQtPw6L9XaAFhvqtu2Qd6FILPj63OX5vMW6fUW9vfhejWOaks+R2f4hOS19GTF6AVa/F+eICwEAAQA= ryana@RYAN-KANN-GAMIN, state = 4, alwaysAllow = true, lastConnectionTime = 1619105035306, authWindow = 604800000
04-22 11:23:55.413  1749  2749 W ActivityManager: Background start not allowed: service Intent { cmp=com.google.android.apps.messaging/.shared.datamodel.action.execution.ActionExecutorImpl$EmptyService } to com.google.android.apps.messaging/.shared.datamodel.action.execution.ActionExecutorImpl$EmptyService from pid=12420 uid=10182 pkg=com.google.android.apps.messaging startFg?=false
04-22 11:23:57.356  1749 18096 D AdbDebuggingManager: Received connected key message: QAAAAJsW1zttIEjF5aAph24UgOsxA5TDFtz8W8aeC5bPPKzhlmSYcWe9qESzFYTCsXj+XD8sqv4bHOO59U8o0HvLhZjbXS+GZv0u71u5B1lIFGNLzdtQ34R2WNUHxS8hUelJiT5SCYnfHilVcRLPv78IXDx/IjgyMpacnqGWZcN5LCsz/dpxrgvQs5xbPGTCv/+xxL2gIDHUxXZZ9Q0ob5nBCv8guT0keKBuimJNyR4I9x1hwQGTMvWP2pVErKr1O+qOqY25GKtlVlxTxZT2v24ClrVZEM0rVi7m0fmiDPB/f2E6qpLzWkqvw/gkLRtQYJOD19fhstE//ItNlvO5rIBm68X6oceo+sYcfh9y0Dn+/GEOw9JYBaqWDuZo+dAlKb0r/iu4sFGK+00aE076E305Ny2HgAVDnivPpZpR67VdThyGcyC2knjanofbyXnpqY24Brh/WkNejcmNLDsnvYdAFBwhbAEwh8NROVWFraKnUpjCXrmI1sdqSeLicwFlWcEB/SWyyNVd0s3KfVVbbCJZyS8O4E5mCcwTYIDTvXD1PclW691xCLWGHL2deSsoN0V/rrTBk9g+8LyLkyq/ImmQUuy7HkCK6AZPkSKeztJsUxQtPw6L9XaAFhvqtu2Qd6FILPj63OX5vMW6fUW9vfhejWOaks+R2f4hOS19GTF6AVa/F+eICwEAAQA= ryana@RYAN-KANN-GAMIN
04-22 11:23:57.357  1749  1769 D AdbDebuggingManager: Logging key QAAAAJsW1zttIEjF5aAph24UgOsxA5TDFtz8W8aeC5bPPKzhlmSYcWe9qESzFYTCsXj+XD8sqv4bHOO59U8o0HvLhZjbXS+GZv0u71u5B1lIFGNLzdtQ34R2WNUHxS8hUelJiT5SCYnfHilVcRLPv78IXDx/IjgyMpacnqGWZcN5LCsz/dpxrgvQs5xbPGTCv/+xxL2gIDHUxXZZ9Q0ob5nBCv8guT0keKBuimJNyR4I9x1hwQGTMvWP2pVErKr1O+qOqY25GKtlVlxTxZT2v24ClrVZEM0rVi7m0fmiDPB/f2E6qpLzWkqvw/gkLRtQYJOD19fhstE//ItNlvO5rIBm68X6oceo+sYcfh9y0Dn+/GEOw9JYBaqWDuZo+dAlKb0r/iu4sFGK+00aE076E305Ny2HgAVDnivPpZpR67VdThyGcyC2knjanofbyXnpqY24Brh/WkNejcmNLDsnvYdAFBwhbAEwh8NROVWFraKnUpjCXrmI1sdqSeLicwFlWcEB/SWyyNVd0s3KfVVbbCJZyS8O4E5mCcwTYIDTvXD1PclW691xCLWGHL2deSsoN0V/rrTBk9g+8LyLkyq/ImmQUuy7HkCK6AZPkSKeztJsUxQtPw6L9XaAFhvqtu2Qd6FILPj63OX5vMW6fUW9vfhejWOaks+R2f4hOS19GTF6AVa/F+eICwEAAQA= ryana@RYAN-KANN-GAMIN, state = 4, alwaysAllow = true, lastConnectionTime = 1619105037357, authWindow = 604800000
04-22 11:23:58.870 24881  9794 W Binder  : reply too large data on java level: InterfaceDescriptor = null, code = 46
04-22 11:24:02.755  1749  2749 I ActivityManager: Killing 10492:com.google.android.apps.tachyon/u0a199 (adj 975): empty #17
04-22 11:24:02.818  1749  3454 D ConnectivityService: ConnectivityService NetworkRequestInfo binderDied(NetworkRequest [ LISTEN id=227, [ Capabilities: INTERNET&NOT_RESTRICTED&TRUSTED Uid: 10199] ], android.os.BinderProxy@e2b973f)
04-22 11:24:02.818  1749  2039 D ConnectivityService: ConnectivityService NetworkRequestInfo binderDied(NetworkRequest [ TRACK_DEFAULT id=226, [ Capabilities: INTERNET&NOT_RESTRICTED&TRUSTED Uid: 10199] ], android.os.BinderProxy@608275e)
04-22 11:24:02.818  1749  2444 D ActivityManager: makeInactive, ProcessRecord{28cf6dd 10492:com.google.android.apps.tachyon/u0a199}, clear holder.state
04-22 11:24:02.818  1749  2255 D ConnectivityService: releasing NetworkRequest [ TRACK_DEFAULT id=226, [ Capabilities: INTERNET&NOT_RESTRICTED&TRUSTED Uid: 10199] ] (release request)
04-22 11:24:03.960 24881 10830 W Binder  : reply too large data on java level: InterfaceDescriptor = null, code = 46
04-22 11:24:05.275  1749  1782 I ActivityManager: Start proc 12758:com.google.android.gms.ui/u0a158 for service {com.google.android.gms/com.google.android.gms.chimera.UiIntentOperationService}
04-22 11:24:07.840  1749  2240 D ConnectivityService: requestNetwork for uid/pid:10214/12513 NetworkRequest [ TRACK_DEFAULT id=238, [ Capabilities: INTERNET&NOT_RESTRICTED&TRUSTED Uid: 10214] ]
04-22 11:24:08.845  1749  2255 D ConnectivityService: releasing NetworkRequest [ TRACK_DEFAULT id=238, [ Capabilities: INTERNET&NOT_RESTRICTED&TRUSTED Uid: 10214] ] (release request)
04-22 11:24:08.996 24881  9794 W Binder  : reply too large data on java level: InterfaceDescriptor = null, code = 46
04-22 11:24:12.709  1749  2917 I ActivityManager: Killing 29530:com.google.android.setupwizard/u0a128 (adj 975): empty #17
04-22 11:24:12.758  1749  2444 D ActivityManager: makeInactive, ProcessRecord{1dfc6cf 29530:com.google.android.setupwizard/u0a128}, clear holder.state
04-22 11:24:14.057 24881  9794 W Binder  : reply too large data on java level: InterfaceDescriptor = null, code = 46
04-22 11:24:18.382  1749  2054 D BatteryService: uevent={POWER_SUPPLY_DP_DM=0, POWER_SUPPLY_VOLTAGE_NOW=3820140, POWER_SUPPLY_SW_JEITA_ENABLED=0, POWER_SUPPLY_CHARGE_CONTROL_LIMIT_MAX=8, POWER_SUPPLY_RECHARGE_SOC=99, POWER_SUPPLY_HEALTH=Good, POWER_SUPPLY_TECHNOLOGY=Li-ion, POWER_SUPPLY_FCC_STEPPER_ENABLE=0, SEQNUM=624345, POWER_SUPPLY_INPUT_CURRENT_LIMITED=1, POWER_SUPPLY_CHARGE_CONTROL_LIMIT=0, POWER_SUPPLY_BATTERY_CHARGING_ENABLED=1, POWER_SUPPLY_STATUS=Charging, POWER_SUPPLY_CYCLE_COUNT=1, POWER_SUPPLY_CURRENT_MAX=2000000, POWER_SUPPLY_CHARGE_TERM_CURRENT=-101, POWER_SUPPLY_CAPACITY=32, DEVPATH=/devices/platform/soc/200f000.qcom,spmi/spmi-0/spmi0-02/200f000.qcom,spmi:qcom,pmi632@2:qcom,qpnp-smb5/power_supply/battery, POWER_SUPPLY_CHARGE_DONE=0, POWER_SUPPLY_CHARGE_TYPE=Fast, POWER_SUPPLY_CHARGE_RATE=Normal, POWER_SUPPLY_CURRENT_NOW=320434, POWER_SUPPLY_SYSTEM_TEMP_LEVEL=0, POWER_SUPPLY_PRESENT=1, POWER_SUPPLY_PARALLEL_DISABLE=0, POWER_SUPPLY_CHARGE_FULL=3615000, SUBSYSTEM=power_supply, POWER_SUPPLY_SET_SHIP_MODE=0, POWER_SUPPLY_TEMP=252, ACTION=change, POWER_SUPPLY_RERUN_AICL=0, POWER_SUPPLY_AGE=100, POWER_SUPPLY_NAME=battery, POWER_SUPPLY_VOLTAGE_MAX=-22, POWER_SUPPLY_CONSTANT_CHARGE_CURRENT_MAX=2000000, POWER_SUPPLY_CHARGE_COUNTER=1156800, POWER_SUPPLY_STEP_CHARGING_ENABLED=0, POWER_SUPPLY_NUM_SYSTEM_TEMP_LEVELS=8, POWER_SUPPLY_DIE_HEALTH=Cool, POWER_SUPPLY_INPUT_SUSPEND=0}
04-22 11:24:19.129 24881  9794 W Binder  : reply too large data on java level: InterfaceDescriptor = null, code = 46
04-22 11:24:24.217 24881  9794 W Binder  : reply too large data on java level: InterfaceDescriptor = null, code = 46
04-22 11:24:27.216  1749 18096 D AdbDebuggingManager: Received disconnected message: QAAAAJsW1zttIEjF5aAph24UgOsxA5TDFtz8W8aeC5bPPKzhlmSYcWe9qESzFYTCsXj+XD8sqv4bHOO59U8o0HvLhZjbXS+GZv0u71u5B1lIFGNLzdtQ34R2WNUHxS8hUelJiT5SCYnfHilVcRLPv78IXDx/IjgyMpacnqGWZcN5LCsz/dpxrgvQs5xbPGTCv/+xxL2gIDHUxXZZ9Q0ob5nBCv8guT0keKBuimJNyR4I9x1hwQGTMvWP2pVErKr1O+qOqY25GKtlVlxTxZT2v24ClrVZEM0rVi7m0fmiDPB/f2E6qpLzWkqvw/gkLRtQYJOD19fhstE//ItNlvO5rIBm68X6oceo+sYcfh9y0Dn+/GEOw9JYBaqWDuZo+dAlKb0r/iu4sFGK+00aE076E305Ny2HgAVDnivPpZpR67VdThyGcyC2knjanofbyXnpqY24Brh/WkNejcmNLDsnvYdAFBwhbAEwh8NROVWFraKnUpjCXrmI1sdqSeLicwFlWcEB/SWyyNVd0s3KfVVbbCJZyS8O4E5mCcwTYIDTvXD1PclW691xCLWGHL2deSsoN0V/rrTBk9g+8LyLkyq/ImmQUuy7HkCK6AZPkSKeztJsUxQtPw6L9XaAFhvqtu2Qd6FILPj63OX5vMW6fUW9vfhejWOaks+R2f4hOS19GTF6AVa/F+eICwEAAQA= ryana@RYAN-KANN-GAMIN
04-22 11:24:27.216  1749  1769 D AdbDebuggingManager: Logging key QAAAAJsW1zttIEjF5aAph24UgOsxA5TDFtz8W8aeC5bPPKzhlmSYcWe9qESzFYTCsXj+XD8sqv4bHOO59U8o0HvLhZjbXS+GZv0u71u5B1lIFGNLzdtQ34R2WNUHxS8hUelJiT5SCYnfHilVcRLPv78IXDx/IjgyMpacnqGWZcN5LCsz/dpxrgvQs5xbPGTCv/+xxL2gIDHUxXZZ9Q0ob5nBCv8guT0keKBuimJNyR4I9x1hwQGTMvWP2pVErKr1O+qOqY25GKtlVlxTxZT2v24ClrVZEM0rVi7m0fmiDPB/f2E6qpLzWkqvw/gkLRtQYJOD19fhstE//ItNlvO5rIBm68X6oceo+sYcfh9y0Dn+/GEOw9JYBaqWDuZo+dAlKb0r/iu4sFGK+00aE076E305Ny2HgAVDnivPpZpR67VdThyGcyC2knjanofbyXnpqY24Brh/WkNejcmNLDsnvYdAFBwhbAEwh8NROVWFraKnUpjCXrmI1sdqSeLicwFlWcEB/SWyyNVd0s3KfVVbbCJZyS8O4E5mCcwTYIDTvXD1PclW691xCLWGHL2deSsoN0V/rrTBk9g+8LyLkyq/ImmQUuy7HkCK6AZPkSKeztJsUxQtPw6L9XaAFhvqtu2Qd6FILPj63OX5vMW6fUW9vfhejWOaks+R2f4hOS19GTF6AVa/F+eICwEAAQA= ryana@RYAN-KANN-GAMIN, state = 7, alwaysAllow = true, lastConnectionTime = 1619105067216, authWindow = 604800000
04-22 11:24:27.231  1749  2054 D BatteryService: uevent={POWER_SUPPLY_DP_DM=0, POWER_SUPPLY_VOLTAGE_NOW=3760970, POWER_SUPPLY_SW_JEITA_ENABLED=0, POWER_SUPPLY_CHARGE_CONTROL_LIMIT_MAX=8, POWER_SUPPLY_RECHARGE_SOC=99, POWER_SUPPLY_HEALTH=Good, POWER_SUPPLY_TECHNOLOGY=Li-ion, POWER_SUPPLY_FCC_STEPPER_ENABLE=0, SEQNUM=624367, POWER_SUPPLY_INPUT_CURRENT_LIMITED=0, POWER_SUPPLY_CHARGE_CONTROL_LIMIT=0, POWER_SUPPLY_BATTERY_CHARGING_ENABLED=1, POWER_SUPPLY_STATUS=Discharging, POWER_SUPPLY_CYCLE_COUNT=1, POWER_SUPPLY_CURRENT_MAX=2000000, POWER_SUPPLY_CHARGE_TERM_CURRENT=-101, POWER_SUPPLY_CAPACITY=32, DEVPATH=/devices/platform/soc/200f000.qcom,spmi/spmi-0/spmi0-02/200f000.qcom,spmi:qcom,pmi632@2:qcom,qpnp-smb5/power_supply/battery, POWER_SUPPLY_CHARGE_DONE=0, POWER_SUPPLY_CHARGE_TYPE=N/A, POWER_SUPPLY_CHARGE_RATE=None, POWER_SUPPLY_CURRENT_NOW=289306, POWER_SUPPLY_SYSTEM_TEMP_LEVEL=0, POWER_SUPPLY_PRESENT=1, POWER_SUPPLY_PARALLEL_DISABLE=0, POWER_SUPPLY_CHARGE_FULL=3615000, SUBSYSTEM=power_supply, POWER_SUPPLY_SET_SHIP_MODE=0, POWER_SUPPLY_TEMP=253, ACTION=change, POWER_SUPPLY_RERUN_AICL=0, POWER_SUPPLY_AGE=100, POWER_SUPPLY_NAME=battery, POWER_SUPPLY_VOLTAGE_MAX=-22, POWER_SUPPLY_CONSTANT_CHARGE_CURRENT_MAX=2000000, POWER_SUPPLY_CHARGE_COUNTER=1156800, POWER_SUPPLY_STEP_CHARGING_ENABLED=0, POWER_SUPPLY_NUM_SYSTEM_TEMP_LEVELS=8, POWER_SUPPLY_DIE_HEALTH=Cool, POWER_SUPPLY_INPUT_SUSPEND=0}
04-22 11:24:27.232  1749 18151 I UsbPortManager: ClientCallback V1_0: otg_default
04-22 11:24:27.233  1749  1769 I UsbPortManager: USB port changed: port=UsbPort{id=otg_default, supportedModes=dualsupportedContaminantProtectionModes=0supportsEnableContaminantPresenceProtection=falsesupportsEnableContaminantPresenceDetection=false, status=UsbPortStatus{connected=false, currentMode=none, currentPowerRole=no-power, currentDataRole=no-data, supportedRoleCombinations=[no-power:no-data], contaminantDetectionStatus=0, contaminantProtectionStatus=0}, canChangeMode=false, canChangePowerRole=false, canChangeDataRole=false, connectedAtMillis=0, lastConnectDurationMillis=69581
04-22 11:24:27.247  1749 18151 I UsbPortManager: ClientCallback V1_0: otg_default
04-22 11:24:27.283  1749  2054 D BatteryService: uevent={POWER_SUPPLY_DP_DM=0, POWER_SUPPLY_VOLTAGE_NOW=3752990, POWER_SUPPLY_SW_JEITA_ENABLED=0, POWER_SUPPLY_CHARGE_CONTROL_LIMIT_MAX=8, POWER_SUPPLY_RECHARGE_SOC=99, POWER_SUPPLY_HEALTH=Good, POWER_SUPPLY_TECHNOLOGY=Li-ion, POWER_SUPPLY_FCC_STEPPER_ENABLE=0, SEQNUM=624373, POWER_SUPPLY_INPUT_CURRENT_LIMITED=0, POWER_SUPPLY_CHARGE_CONTROL_LIMIT=0, POWER_SUPPLY_BATTERY_CHARGING_ENABLED=1, POWER_SUPPLY_STATUS=Discharging, POWER_SUPPLY_CYCLE_COUNT=1, POWER_SUPPLY_CURRENT_MAX=2000000, POWER_SUPPLY_CHARGE_TERM_CURRENT=-101, POWER_SUPPLY_CAPACITY=32, DEVPATH=/devices/platform/soc/200f000.qcom,spmi/spmi-0/spmi0-02/200f000.qcom,spmi:qcom,pmi632@2:qcom,qpnp-smb5/power_supply/battery, POWER_SUPPLY_CHARGE_DONE=0, POWER_SUPPLY_CHARGE_TYPE=N/A, POWER_SUPPLY_CHARGE_RATE=None, POWER_SUPPLY_CURRENT_NOW=-329132, POWER_SUPPLY_SYSTEM_TEMP_LEVEL=0, POWER_SUPPLY_PRESENT=1, POWER_SUPPLY_PARALLEL_DISABLE=0, POWER_SUPPLY_CHARGE_FULL=3615000, SUBSYSTEM=power_supply, POWER_SUPPLY_SET_SHIP_MODE=0, POWER_SUPPLY_TEMP=253, ACTION=change, POWER_SUPPLY_RERUN_AICL=0, POWER_SUPPLY_AGE=100, POWER_SUPPLY_NAME=battery, POWER_SUPPLY_VOLTAGE_MAX=-22, POWER_SUPPLY_CONSTANT_CHARGE_CURRENT_MAX=2000000, POWER_SUPPLY_CHARGE_COUNTER=1156800, POWER_SUPPLY_STEP_CHARGING_ENABLED=0, POWER_SUPPLY_NUM_SYSTEM_TEMP_LEVELS=8, POWER_SUPPLY_DIE_HEALTH=Cool, POWER_SUPPLY_INPUT_SUSPEND=0}
04-22 11:24:27.284  1749  1789 I PowerManagerService: Waking up from Awake (uid=1000, reason=WAKE_REASON_PLUGGED_IN, details=android.server.power:PLUGGED:false)...
04-22 11:24:27.285  1749  2054 D BatteryService: uevent={POWER_SUPPLY_DP_DM=0, POWER_SUPPLY_VOLTAGE_NOW=3752990, POWER_SUPPLY_SW_JEITA_ENABLED=0, POWER_SUPPLY_CHARGE_CONTROL_LIMIT_MAX=8, POWER_SUPPLY_RECHARGE_SOC=99, POWER_SUPPLY_HEALTH=Good, POWER_SUPPLY_TECHNOLOGY=Li-ion, POWER_SUPPLY_FCC_STEPPER_ENABLE=0, SEQNUM=624374, POWER_SUPPLY_INPUT_CURRENT_LIMITED=0, POWER_SUPPLY_CHARGE_CONTROL_LIMIT=0, POWER_SUPPLY_BATTERY_CHARGING_ENABLED=1, POWER_SUPPLY_STATUS=Discharging, POWER_SUPPLY_CYCLE_COUNT=1, POWER_SUPPLY_CURRENT_MAX=2000000, POWER_SUPPLY_CHARGE_TERM_CURRENT=-101, POWER_SUPPLY_CAPACITY=32, DEVPATH=/devices/platform/soc/200f000.qcom,spmi/spmi-0/spmi0-02/200f000.qcom,spmi:qcom,pmi632@2:qcom,qpnp-smb5/power_supply/battery, POWER_SUPPLY_CHARGE_DONE=0, POWER_SUPPLY_CHARGE_TYPE=N/A, POWER_SUPPLY_CHARGE_RATE=None, POWER_SUPPLY_CURRENT_NOW=-329132, POWER_SUPPLY_SYSTEM_TEMP_LEVEL=0, POWER_SUPPLY_PRESENT=1, POWER_SUPPLY_PARALLEL_DISABLE=0, POWER_SUPPLY_CHARGE_FULL=3615000, SUBSYSTEM=power_supply, POWER_SUPPLY_SET_SHIP_MODE=0, POWER_SUPPLY_TEMP=253, ACTION=change, POWER_SUPPLY_RERUN_AICL=0, POWER_SUPPLY_AGE=100, POWER_SUPPLY_NAME=battery, POWER_SUPPLY_VOLTAGE_MAX=-22, POWER_SUPPLY_CONSTANT_CHARGE_CURRENT_MAX=2000000, POWER_SUPPLY_CHARGE_COUNTER=1156800, POWER_SUPPLY_STEP_CHARGING_ENABLED=0, POWER_SUPPLY_NUM_SYSTEM_TEMP_LEVELS=8, POWER_SUPPLY_DIE_HEALTH=Cool, POWER_SUPPLY_INPUT_SUSPEND=0}
04-22 11:24:27.288  1749  1781 W BroadcastQueue: Background execution not allowed: receiving Intent { act=android.intent.action.ACTION_POWER_DISCONNECTED flg=0x4000010 (has extras) } to com.google.android.apps.photos/.scheduler.PowerReceiver
04-22 11:24:27.296  1749  1782 I ActivityManager: Start proc 12906:com.android.providers.calendar/u0a59 for content provider {com.android.providers.calendar/com.android.providers.calendar.CalendarProvider2}
04-22 11:24:27.312  1749  1781 W BroadcastQueue: Background execution not allowed: receiving Intent { act=android.intent.action.ACTION_POWER_DISCONNECTED flg=0x4000010 (has extras) } to com.google.android.apps.turbo/.nudges.broadcasts.BatteryStatusChangedReceiver
04-22 11:24:27.312  1749  1781 W BroadcastQueue: Background execution not allowed: receiving Intent { act=android.intent.action.ACTION_POWER_DISCONNECTED flg=0x4000010 (has extras) } to com.google.android.gms/.chimera.GmsIntentOperationService$PersistentTrustedReceiver
04-22 11:24:28.740  1749  1769 D UsbDeviceManager: Clear notification
04-22 11:24:28.745  1749  1769 D UsbDeviceManager: applyOemOverride usbfunctions=adb bootmode=normal
04-22 11:24:29.297 24881  9794 W Binder  : reply too large data on java level: InterfaceDescriptor = null, code = 46
04-22 11:24:34.363 24881  9794 I chatty  : uid=10158(com.google.android.gms) Binder:24881_C identical 1 line
04-22 11:24:39.439 24881  9794 W Binder  : reply too large data on java level: InterfaceDescriptor = null, code = 46
04-22 11:24:43.427  1749  3453 I WindowManager:   SURFACE show Surface(name=com.android.systemui.ImageWallpaper)/@0xcbdab7b on display:0: com.android.systemui.ImageWallpaper
04-22 11:24:43.480  1749  1773 I WindowManager: Window drawn AppWindowToken{7a5d47e token=Token{e022639 ActivityRecord{9980e00 u0 com.motorola.launcher3/com.android.launcher3.CustomizationPanelLauncher t3}}}
04-22 11:24:43.480  1749  1773 I WindowManager:   SURFACE show Surface(name=com.motorola.launcher3/com.android.launcher3.CustomizationPanelLauncher)/@0x38955e9 on display:0: com.motorola.launcher3/com.android.launcher3.CustomizationPanelLauncher
04-22 11:24:43.604  1749  1773 I WindowManager:   SURFACE show Surface(name=com.motorola.launcher3/com.android.launcher3.CustomizationPanelLauncher)/@0x3739b88 on display:0: com.motorola.launcher3/com.android.launcher3.CustomizationPanelLauncher
04-22 11:24:44.115  1749  2240 V WindowManager: Changing focus from Window{f5d11fb u0 com.android.settings/com.android.settings.Settings$WifiSettingsActivity} to Window{733e816 u0 com.motorola.launcher3/com.android.launcher3.CustomizationPanelLauncher} displayId=0
04-22 11:24:44.173  1749  7787 I WindowManager: Window drawn AppWindowToken{cc3127b token=Token{c47da0a ActivityRecord{731da75 u0 com.android.settings/.Settings$WifiSettingsActivity t44}}}
04-22 11:24:44.182  1749  1749 V SettingsProvider: Notifying for 0: content://settings/secure/reminder_exp_learning_time_elapsed
04-22 11:24:44.466 24881 10830 W Binder  : reply too large data on java level: InterfaceDescriptor = null, code = 46
04-22 11:24:49.527 24881 10830 W Binder  : reply too large data on java level: InterfaceDescriptor = null, code = 46
04-22 11:24:51.337  1749  7787 I ActivityManager: Force stopping com.google.location.nearby.apps.connectedcrossroad appid=10216 user=0: from pid 12993
04-22 11:24:51.338  1749  7787 I ActivityManager: Killing 11715:com.google.location.nearby.apps.connectedcrossroad/u0a216 (adj 900): stop com.google.location.nearby.apps.connectedcrossroad
04-22 11:24:51.340  1749  7787 D ActivityManager: makeInactive, ProcessRecord{733aee5 11715:com.google.location.nearby.apps.connectedcrossroad/u0a216}, clear holder.state
04-22 11:24:51.340  1749  7787 W ActivityTaskManager: Force removing ActivityRecord{3d3ef76 u0 com.google.location.nearby.apps.connectedcrossroad/nx.aodv.eval.MainActivity t43 f}: app died, no saved state
04-22 11:24:51.433  1749  1772 W ActivityManager: setHasOverlayUi called on unknown pid: 11715
04-22 11:24:53.012  1749  2444 I ActivityManager: Force stopping com.google.location.nearby.apps.connectedcrossroad appid=10216 user=0: from pid 13010
04-22 11:24:53.122  1749  2444 I ActivityTaskManager: START u0 {act=android.intent.action.MAIN cat=[android.intent.category.LAUNCHER] flg=0x10000000 cmp=com.google.location.nearby.apps.connectedcrossroad/nx.aodv.eval.MainActivity} from uid 2000
04-22 11:24:53.122  1749  2444 D ActivityTaskManager: getPreferredLaunchDisplay usersetdisplayid -1 current displayId 0 paramspreferid 0
04-22 11:24:53.123  1749  2444 D ActivityTaskManager: getPreferredLaunchDisplay usersetdisplayid -1 current displayId 0 paramspreferid 0
04-22 11:24:53.127  1749  2444 D ActivityTaskManager: getPreferredLaunchDisplay usersetdisplayid 0 current displayId 0 paramspreferid 0
04-22 11:24:53.144  1749  1749 V SettingsProvider: Notifying for 0: content://settings/secure/reminder_exp_learning_time_elapsed
04-22 11:24:53.164  1749  1773 V WindowManager: Changing focus from Window{733e816 u0 com.motorola.launcher3/com.android.launcher3.CustomizationPanelLauncher} to null displayId=0
04-22 11:24:53.164  1749  1782 I ActivityManager: Start proc 13020:com.google.location.nearby.apps.connectedcrossroad/u0a216 for activity {com.google.location.nearby.apps.connectedcrossroad/nx.aodv.eval.MainActivity}
04-22 11:24:53.230  1749  1773 I WindowManager:   SURFACE show Surface(name=Splash Screen com.google.location.nearby.apps.connectedcrossroad)/@0x9fa9b4 on display:0: Splash Screen com.google.location.nearby.apps.connectedcrossroad
04-22 11:24:53.536  1749  2444 I WindowManager: Window drawn AppWindowToken{7a5d47e token=Token{e022639 ActivityRecord{9980e00 u0 com.motorola.launcher3/com.android.launcher3.CustomizationPanelLauncher t3}}}
04-22 11:24:53.913  1749  2444 V WindowManager: Changing focus from null to Window{596781 u0 com.google.location.nearby.apps.connectedcrossroad/nx.aodv.eval.MainActivity} displayId=0
04-22 11:24:53.984  1749  1773 I LaunchCheckinHandler: Displayed com.google.location.nearby.apps.connectedcrossroad/nx.aodv.eval.MainActivity,cp,ca,839
04-22 11:24:53.984  1749  1773 I WindowManager: Window drawn AppWindowToken{8cb6d31 token=Token{85eb5d8 ActivityRecord{3daacbb u0 com.google.location.nearby.apps.connectedcrossroad/nx.aodv.eval.MainActivity t45}}}
04-22 11:24:53.984  1749  1773 I WindowManager:   SURFACE show Surface(name=com.google.location.nearby.apps.connectedcrossroad/nx.aodv.eval.MainActivity)/@0x2609026 on display:0: com.google.location.nearby.apps.connectedcrossroad/nx.aodv.eval.MainActivity
04-22 11:24:54.567 24881 10830 W Binder  : reply too large data on java level: InterfaceDescriptor = null, code = 46
04-22 11:24:59.642 24881  9794 W Binder  : reply too large data on java level: InterfaceDescriptor = null, code = 46
04-22 11:25:02.808  1749  1773 I WindowManager:   SURFACE show Surface(name=InputMethod)/@0xaa5d33f on display:0: InputMethod
04-22 11:25:04.144  1749  1749 D BluetoothManagerService: Bluetooth Adapter name changed to IkpMb2Nbye0AAAAAAAAAATI
04-22 11:25:04.144  1749  1749 D BluetoothManagerService: Stored Bluetooth name: IkpMb2Nbye0AAAAAAAAAATI
04-22 11:25:04.145  1749  1749 V SettingsProvider: Notifying for 0: content://settings/secure/bluetooth_name
04-22 11:25:04.501  1749  2257 D NsdService: Register service
04-22 11:25:04.502  1749  2257 D NsdService: registerService: 25 name: IkpMb2Nbye0AAA, type: _5BC9ED5E6C75._tcp, host: null, port: 37985, txtRecord: n=MgIPv4=192.168.1.65
04-22 11:25:04.502  1749  2257 D NsdService: mdnssd [register, 25, IkpMb2Nbye0AAA, _5BC9ED5E6C75._tcp, 37985, BG49TWcRSVB2ND0xOTIuMTY4LjEuNjU=]
04-22 11:25:04.504  1749  2257 D NsdService: Register 25 25
04-22 11:25:04.698 24881  9794 W Binder  : reply too large data on java level: InterfaceDescriptor = null, code = 46
04-22 11:25:04.844  1749  1773 I WindowManager:   SURFACE show Surface(name=InputMethod)/@0xabd249c on display:0: InputMethod
04-22 11:25:05.140  1749  2257 D NsdService: Native daemon message SERVICE_REGISTERED: 606 25 "IkpMb2Nbye0AAA"
04-22 11:25:09.783 24881  9794 W Binder  : reply too large data on java level: InterfaceDescriptor = null, code = 46
04-22 11:25:19.900 24881  9794 I chatty  : uid=10158(com.google.android.gms) Binder:24881_C identical 2 lines
04-22 11:25:24.978 24881  9794 W Binder  : reply too large data on java level: InterfaceDescriptor = null, code = 46
04-22 11:25:28.324  1749  2054 D BatteryService: uevent={POWER_SUPPLY_DP_DM=0, POWER_SUPPLY_VOLTAGE_NOW=3750460, POWER_SUPPLY_SW_JEITA_ENABLED=0, POWER_SUPPLY_CHARGE_CONTROL_LIMIT_MAX=8, POWER_SUPPLY_RECHARGE_SOC=99, POWER_SUPPLY_HEALTH=Good, POWER_SUPPLY_TECHNOLOGY=Li-ion, POWER_SUPPLY_FCC_STEPPER_ENABLE=0, SEQNUM=624497, POWER_SUPPLY_INPUT_CURRENT_LIMITED=0, POWER_SUPPLY_CHARGE_CONTROL_LIMIT=0, POWER_SUPPLY_BATTERY_CHARGING_ENABLED=1, POWER_SUPPLY_STATUS=Discharging, POWER_SUPPLY_CYCLE_COUNT=1, POWER_SUPPLY_CURRENT_MAX=2000000, POWER_SUPPLY_CHARGE_TERM_CURRENT=-101, POWER_SUPPLY_CAPACITY=32, DEVPATH=/devices/platform/soc/200f000.qcom,spmi/spmi-0/spmi0-02/200f000.qcom,spmi:qcom,pmi632@2:qcom,qpnp-smb5/power_supply/battery, POWER_SUPPLY_CHARGE_DONE=0, POWER_SUPPLY_CHARGE_TYPE=N/A, POWER_SUPPLY_CHARGE_RATE=None, POWER_SUPPLY_CURRENT_NOW=-213318, POWER_SUPPLY_SYSTEM_TEMP_LEVEL=0, POWER_SUPPLY_PRESENT=1, POWER_SUPPLY_PARALLEL_DISABLE=0, POWER_SUPPLY_CHARGE_FULL=3615000, SUBSYSTEM=power_supply, POWER_SUPPLY_SET_SHIP_MODE=0, POWER_SUPPLY_TEMP=253, ACTION=change, POWER_SUPPLY_RERUN_AICL=0, POWER_SUPPLY_AGE=100, POWER_SUPPLY_NAME=battery, POWER_SUPPLY_VOLTAGE_MAX=-22, POWER_SUPPLY_CONSTANT_CHARGE_CURRENT_MAX=2000000, POWER_SUPPLY_CHARGE_COUNTER=1156800, POWER_SUPPLY_STEP_CHARGING_ENABLED=0, POWER_SUPPLY_NUM_SYSTEM_TEMP_LEVELS=8, POWER_SUPPLY_DIE_HEALTH=Hot, POWER_SUPPLY_INPUT_SUSPEND=0}
04-22 11:25:29.593  1749  1781 I ActivityManager: Waited long enough for: ServiceRecord{53ee9eb u0 com.google.android.googlequicksearchbox/com.google.android.apps.gsa.shared.util.keepalive.StandaloneKeepAlive$KeepAliveService}
04-22 11:25:30.060 24881  9794 W Binder  : reply too large data on java level: InterfaceDescriptor = null, code = 46
04-22 11:25:35.140 24881  9794 I chatty  : uid=10158(com.google.android.gms) Binder:24881_C identical 1 line
04-22 11:25:40.220 24881  9794 W Binder  : reply too large data on java level: InterfaceDescriptor = null, code = 46
04-22 11:25:43.648  1749 11122 W ActivityManager: Background start not allowed: service Intent { cmp=com.google.android.apps.messaging/.shared.datamodel.action.execution.ActionExecutorImpl$EmptyService } to com.google.android.apps.messaging/.shared.datamodel.action.execution.ActionExecutorImpl$EmptyService from pid=12420 uid=10182 pkg=com.google.android.apps.messaging startFg?=false
04-22 11:25:59.735  1749   552 W WifiService: Did not find remoteAddress {192.168.1.68} in /proc/net/arp
04-22 11:26:20.630  1749 11475 I ActivityManager: Force stopping com.google.location.nearby.apps.connectedcrossroad appid=10216 user=0: from pid 13263
04-22 11:26:20.630  1749 11475 I ActivityManager: Killing 13020:com.google.location.nearby.apps.connectedcrossroad/u0a216 (adj 0): stop com.google.location.nearby.apps.connectedcrossroad
04-22 11:26:20.631  1749 11475 D ActivityManager: makeInactive, ProcessRecord{9ec5b02 13020:com.google.location.nearby.apps.connectedcrossroad/u0a216}, clear holder.state
04-22 11:26:20.633  1749 11475 W ActivityTaskManager: Force removing ActivityRecord{3daacbb u0 com.google.location.nearby.apps.connectedcrossroad/nx.aodv.eval.MainActivity t45 f}: app died, no saved state
04-22 11:26:20.635  1749 11475 V WindowManager: Changing focus from Window{596781 u0 com.google.location.nearby.apps.connectedcrossroad/nx.aodv.eval.MainActivity} to null displayId=0
04-22 11:26:20.646  1749 11475 I WindowManager: Window drawn AppWindowToken{8cb6d31 token=Token{85eb5d8 ActivityRecord{3daacbb u0 com.google.location.nearby.apps.connectedcrossroad/nx.aodv.eval.MainActivity t45}}}
04-22 11:26:20.652  1749 11475 I ActivityTaskManager: moveHomeStack, setupComplete:true
04-22 11:26:20.703  1749  5605 V WindowManager: Changing focus from null to Window{733e816 u0 com.motorola.launcher3/com.android.launcher3.CustomizationPanelLauncher} displayId=0
04-22 11:26:20.722  1749  1773 I WindowManager:   SURFACE show Surface(name=com.android.systemui.ImageWallpaper)/@0xcbdab7b on display:0: com.android.systemui.ImageWallpaper
04-22 11:26:20.726  1749  1773 I WindowManager: Window drawn AppWindowToken{7a5d47e token=Token{e022639 ActivityRecord{9980e00 u0 com.motorola.launcher3/com.android.launcher3.CustomizationPanelLauncher t3}}}
04-22 11:26:20.729  1749  1773 I WindowManager:   SURFACE show Surface(name=com.motorola.launcher3/com.android.launcher3.CustomizationPanelLauncher)/@0xbb0d733 on display:0: com.motorola.launcher3/com.android.launcher3.CustomizationPanelLauncher
04-22 11:26:20.742  1749  1772 W ActivityManager: setHasOverlayUi called on unknown pid: 13020
04-22 11:26:20.796  1749  1773 I WindowManager:   SURFACE show Surface(name=com.motorola.launcher3/com.android.launcher3.CustomizationPanelLauncher)/@0x7ba2cb4 on display:0: com.motorola.launcher3/com.android.launcher3.CustomizationPanelLauncher
04-22 11:26:23.225  1749  2257 D NsdService: unregister service
04-22 11:26:23.225  1749  2257 D NsdService: mdnssd [stop-register, 25]
04-22 11:26:23.283  1749  1749 D BluetoothManagerService: Bluetooth Adapter name changed to moto e
04-22 11:26:23.284  1749  1749 D BluetoothManagerService: Stored Bluetooth name: moto e
04-22 11:26:23.284  1749  1749 V SettingsProvider: Notifying for 0: content://settings/secure/bluetooth_name
04-22 11:26:29.764  1749  2054 D BatteryService: uevent={POWER_SUPPLY_DP_DM=0, POWER_SUPPLY_VOLTAGE_NOW=3745789, POWER_SUPPLY_SW_JEITA_ENABLED=0, POWER_SUPPLY_CHARGE_CONTROL_LIMIT_MAX=8, POWER_SUPPLY_RECHARGE_SOC=99, POWER_SUPPLY_HEALTH=Good, POWER_SUPPLY_TECHNOLOGY=Li-ion, POWER_SUPPLY_FCC_STEPPER_ENABLE=0, SEQNUM=624620, POWER_SUPPLY_INPUT_CURRENT_LIMITED=0, POWER_SUPPLY_CHARGE_CONTROL_LIMIT=0, POWER_SUPPLY_BATTERY_CHARGING_ENABLED=1, POWER_SUPPLY_STATUS=Discharging, POWER_SUPPLY_CYCLE_COUNT=1, POWER_SUPPLY_CURRENT_MAX=2000000, POWER_SUPPLY_CHARGE_TERM_CURRENT=-101, POWER_SUPPLY_CAPACITY=32, DEVPATH=/devices/platform/soc/200f000.qcom,spmi/spmi-0/spmi0-02/200f000.qcom,spmi:qcom,pmi632@2:qcom,qpnp-smb5/power_supply/battery, POWER_SUPPLY_CHARGE_DONE=0, POWER_SUPPLY_CHARGE_TYPE=N/A, POWER_SUPPLY_CHARGE_RATE=None, POWER_SUPPLY_CURRENT_NOW=-229492, POWER_SUPPLY_SYSTEM_TEMP_LEVEL=0, POWER_SUPPLY_PRESENT=1, POWER_SUPPLY_PARALLEL_DISABLE=0, POWER_SUPPLY_CHARGE_FULL=3615000, SUBSYSTEM=power_supply, POWER_SUPPLY_SET_SHIP_MODE=0, POWER_SUPPLY_TEMP=253, ACTION=change, POWER_SUPPLY_RERUN_AICL=0, POWER_SUPPLY_AGE=100, POWER_SUPPLY_NAME=battery, POWER_SUPPLY_VOLTAGE_MAX=-22, POWER_SUPPLY_CONSTANT_CHARGE_CURRENT_MAX=2000000, POWER_SUPPLY_CHARGE_COUNTER=1156800, POWER_SUPPLY_STEP_CHARGING_ENABLED=0, POWER_SUPPLY_NUM_SYSTEM_TEMP_LEVELS=8, POWER_SUPPLY_DIE_HEALTH=Hot, POWER_SUPPLY_INPUT_SUSPEND=0}
04-22 11:26:47.238  1749  1749 V SettingsProvider: Notifying for 0: content://settings/system/screen_brightness
04-22 11:26:49.379  1749  1794 I PackageManager: Update package com.google.location.nearby.apps.connectedcrossroad code path from /data/app/com.google.location.nearby.apps.connectedcrossroad-2kGskX3NdxNzawPg0jyeUg== to /data/app/com.google.location.nearby.apps.connectedcrossroad-H6_Konch-kiQhIMcATJ18A==; Retain data and using new
04-22 11:26:49.379  1749  1794 I PackageManager: Update package com.google.location.nearby.apps.connectedcrossroad resource path from /data/app/com.google.location.nearby.apps.connectedcrossroad-2kGskX3NdxNzawPg0jyeUg== to /data/app/com.google.location.nearby.apps.connectedcrossroad-H6_Konch-kiQhIMcATJ18A==; Retain data and using new
04-22 11:26:49.538  1749  1794 I PackageManager: Un-granting permission android.permission.MANAGE_DOCUMENTS from package com.google.android.youtube (protectionLevel=262146 flags=0x30dbbe45)
04-22 11:26:49.541  1749  1794 I PackageManager: Un-granting permission com.google.android.googleapps.permission.GOOGLE_AUTH from package com.android.providers.calendar (protectionLevel=2 flags=0x30883e45)
04-22 11:26:49.541  1749  1794 I PackageManager: Un-granting permission com.google.android.googleapps.permission.GOOGLE_AUTH.cl from package com.android.providers.calendar (protectionLevel=2 flags=0x30883e45)
04-22 11:26:49.542  1749  1794 I PackageManager: Un-granting permission com.google.android.gm.permission.READ_GMAIL from package com.google.android.apps.docs.editors.docs (protectionLevel=2 flags=0x38dbbe44)
04-22 11:26:49.542  1749  1794 I PackageManager: Un-granting permission com.google.android.googleapps.permission.GOOGLE_AUTH from package com.google.android.apps.docs.editors.docs (protectionLevel=2 flags=0x38dbbe44)
04-22 11:26:49.542  1749  1794 I PackageManager: Un-granting permission com.google.android.googleapps.permission.GOOGLE_AUTH.OTHER_SERVICES from package com.google.android.apps.docs.editors.docs (protectionLevel=2 flags=0x38dbbe44)
04-22 11:26:49.542  1749  1794 I PackageManager: Un-granting permission com.google.android.googleapps.permission.GOOGLE_AUTH.ALL_SERVICES from package com.google.android.apps.docs.editors.docs (protectionLevel=2 flags=0x38dbbe44)
04-22 11:26:49.542  1749  1794 I PackageManager: Un-granting permission com.google.android.googleapps.permission.GOOGLE_AUTH.writely from package com.google.android.apps.docs.editors.docs (protectionLevel=2 flags=0x38dbbe44)
