04-22 11:28:54.590  1749  1781 W BroadcastQueue: Background execution not allowed: receiving Intent { act=android.intent.action.PACKAGE_ADDED dat=package:com.google.location.nearby.apps.connectedcrossroad flg=0x4000010 (has extras) } to com.google.android.gms/.chimera.GmsIntentOperationService$PersistentTrustedReceiver
04-22 11:28:54.591  1749  1781 W BroadcastQueue: Background execution not allowed: receiving Intent { act=android.intent.action.PACKAGE_ADDED dat=package:com.google.location.nearby.apps.connectedcrossroad flg=0x4000010 (has extras) } to com.google.android.googlequicksearchbox/com.google.android.apps.gsa.googlequicksearchbox.GelStubAppWatcher
04-22 11:28:54.591  1749  1781 W BroadcastQueue: Background execution not allowed: receiving Intent { act=android.intent.action.PACKAGE_ADDED dat=package:com.google.location.nearby.apps.connectedcrossroad flg=0x4000010 (has extras) } to com.google.android.ims/.receivers.RcsAutoStartReceiver
04-22 11:28:54.628  1749  5077 W BroadcastQueue: Background execution not allowed: receiving Intent { act=android.intent.action.PACKAGE_ADDED dat=package:com.google.location.nearby.apps.connectedcrossroad flg=0x4000010 (has extras) } to com.verizon.loginengine.unbranded/com.verizon.vzwavs.AVSSystemReceiver
04-22 11:28:54.747  1749  1749 W Looper  : Slow delivery took 233ms main h=android.app.ActivityThread$H c=android.app.-$$Lambda$LoadedApk$ReceiverDispatcher$Args$_BumDX2UKsnxLVrE6UJsJZkotuA@5eda3f m=0
04-22 11:28:54.747  1749  1749 I TelecomService: DefaultDialerCache: Refreshing default dialer for user 0: now com.google.android.dialer: DDC.oR@Atc
04-22 11:28:54.758  1749  5874 W BroadcastQueue: Background execution not allowed: receiving Intent { act=android.intent.action.PACKAGE_REPLACED dat=package:com.google.location.nearby.apps.connectedcrossroad flg=0x4000010 (has extras) } to com.facebook.appmanager/com.facebook.oxygen.common.packages.event.manifest.ManifestPackageEventReceiver
04-22 11:28:54.759  1749  1781 W BroadcastQueue: Background execution not allowed: receiving Intent { act=android.intent.action.PACKAGE_REPLACED dat=package:com.google.location.nearby.apps.connectedcrossroad flg=0x4000010 (has extras) } to com.google.android.apps.photos/.account.full.FetchAccountPropertiesAppUpgradeBroadcastReceiver
04-22 11:28:54.760  1749  1781 W BroadcastQueue: Background execution not allowed: receiving Intent { act=android.intent.action.PACKAGE_REPLACED dat=package:com.google.location.nearby.apps.connectedcrossroad flg=0x4000010 (has extras) } to com.google.android.apps.photos/.account.full.SyncAccountsForLoginBroadcastReceiver
04-22 11:28:54.760  1749  1781 W BroadcastQueue: Background execution not allowed: receiving Intent { act=android.intent.action.PACKAGE_REPLACED dat=package:com.google.location.nearby.apps.connectedcrossroad flg=0x4000010 (has extras) } to com.google.android.apps.photos/.notificationchannels.AppUpdateBroadcastReceiver
04-22 11:28:54.761  1749  1781 W BroadcastQueue: Background execution not allowed: receiving Intent { act=android.intent.action.PACKAGE_REPLACED dat=package:com.google.location.nearby.apps.connectedcrossroad flg=0x4000010 (has extras) } to com.google.android.gms/.gass.chimera.PackageChangeBroadcastReceiver
04-22 11:28:54.761  1749  1781 W BroadcastQueue: Background execution not allowed: receiving Intent { act=android.intent.action.PACKAGE_REPLACED dat=package:com.google.location.nearby.apps.connectedcrossroad flg=0x4000010 (has extras) } to com.google.android.gms/.chimera.GmsIntentOperationService$PersistentTrustedReceiver
04-22 11:28:54.761  1749  1749 V BackupManagerConstants: getFullBackupIntervalMilliseconds(...) returns 86400000
04-22 11:28:54.761  1749  1749 V BackupManagerConstants: getFullBackupRequiredNetworkType(...) returns 2
04-22 11:28:54.761  1749  1749 V BackupManagerConstants: getFullBackupRequireCharging(...) returns true
04-22 11:28:54.762  1749  1781 W BroadcastQueue: Background execution not allowed: receiving Intent { act=android.intent.action.PACKAGE_REPLACED dat=package:com.google.location.nearby.apps.connectedcrossroad flg=0x4000010 (has extras) } to com.google.android.googlequicksearchbox/com.google.android.apps.gsa.googlequicksearchbox.GelStubAppWatcher
04-22 11:28:54.762  1749  1781 W BroadcastQueue: Background execution not allowed: receiving Intent { act=android.intent.action.PACKAGE_REPLACED dat=package:com.google.location.nearby.apps.connectedcrossroad flg=0x4000010 (has extras) } to com.google.android.ims/.receivers.RcsAutoStartReceiver
04-22 11:28:54.762  1749  1781 W BroadcastQueue: Background execution not allowed: receiving Intent { act=android.intent.action.PACKAGE_REPLACED dat=package:com.google.location.nearby.apps.connectedcrossroad flg=0x4000010 (has extras) } to com.motorola.ccc.notification/.gcm.GCMAdminReceiver
04-22 11:28:54.762  1749  1781 W BroadcastQueue: Background execution not allowed: receiving Intent { act=android.intent.action.PACKAGE_REPLACED dat=package:com.google.location.nearby.apps.connectedcrossroad flg=0x4000010 (has extras) } to com.verizon.loginengine.unbranded/com.verizon.vzwavs.AVSSystemReceiver
04-22 11:28:54.764  1749  1749 W Looper  : Drained
04-22 11:28:54.790  1749  1769 W Looper  : Slow delivery took 205ms android.fg h=android.os.Handler c=<recycled PooledLambda@4551a0> m=0
04-22 11:28:55.091  1749  9826 I ActivityTaskManager: START u0 {act=android.intent.action.MAIN cat=[android.intent.category.LAUNCHER] flg=0x10000000 cmp=com.google.location.nearby.apps.connectedcrossroad/nx.aodv.eval.MainActivity} from uid 2000
04-22 11:28:55.091  1749  9826 D ActivityTaskManager: getPreferredLaunchDisplay usersetdisplayid -1 current displayId 0 paramspreferid 0
04-22 11:28:55.091  1749  9826 D ActivityTaskManager: getPreferredLaunchDisplay usersetdisplayid -1 current displayId 0 paramspreferid 0
04-22 11:28:55.093  1749  9826 D ActivityTaskManager: getPreferredLaunchDisplay usersetdisplayid 0 current displayId 0 paramspreferid 0
04-22 11:28:55.109  1749  1749 V SettingsProvider: Notifying for 0: content://settings/secure/reminder_exp_learning_time_elapsed
04-22 11:28:55.117  1749  1769 W Looper  : Drained
04-22 11:28:55.129  1749  1782 I ActivityManager: Start proc 13826:com.google.location.nearby.apps.connectedcrossroad/u0a216 for activity {com.google.location.nearby.apps.connectedcrossroad/nx.aodv.eval.MainActivity}
04-22 11:28:55.130  1749  1773 V WindowManager: Changing focus from Window{733e816 u0 com.motorola.launcher3/com.android.launcher3.CustomizationPanelLauncher} to null displayId=0
04-22 11:28:55.182  1749  1773 I WindowManager:   SURFACE show Surface(name=Splash Screen com.google.location.nearby.apps.connectedcrossroad)/@0xf178a53 on display:0: Splash Screen com.google.location.nearby.apps.connectedcrossroad
04-22 11:28:55.490  1749  5605 I WindowManager: Window drawn AppWindowToken{7a5d47e token=Token{e022639 ActivityRecord{9980e00 u0 com.motorola.launcher3/com.android.launcher3.CustomizationPanelLauncher t3}}}
04-22 11:28:55.816  1749  5077 V WindowManager: Changing focus from null to Window{f6cf16d u0 com.google.location.nearby.apps.connectedcrossroad/nx.aodv.eval.MainActivity} displayId=0
04-22 11:28:55.956  1749  1773 I LaunchCheckinHandler: Displayed com.google.location.nearby.apps.connectedcrossroad/nx.aodv.eval.MainActivity,cp,ca,846
04-22 11:28:55.957  1749  1773 I WindowManager: Window drawn AppWindowToken{1506f4 token=Token{7960c7 ActivityRecord{a008206 u0 com.google.location.nearby.apps.connectedcrossroad/nx.aodv.eval.MainActivity t47}}}
04-22 11:28:55.957  1749  1773 I WindowManager:   SURFACE show Surface(name=com.google.location.nearby.apps.connectedcrossroad/nx.aodv.eval.MainActivity)/@0xa4031a2 on display:0: com.google.location.nearby.apps.connectedcrossroad/nx.aodv.eval.MainActivity
04-22 11:28:57.751  1749  1773 I WindowManager:   SURFACE show Surface(name=InputMethod)/@0xd83aa4d on display:0: InputMethod
04-22 11:28:59.172  1749  1749 D BluetoothManagerService: Bluetooth Adapter name changed to IjhOT1Bbye0AAAAAAAAAATI
04-22 11:28:59.173  1749  1749 D BluetoothManagerService: Stored Bluetooth name: IjhOT1Bbye0AAAAAAAAAATI
04-22 11:28:59.173  1749  1749 V SettingsProvider: Notifying for 0: content://settings/secure/bluetooth_name
04-22 11:28:59.508  1749  2257 D NsdService: Register service
04-22 11:28:59.508  1749  2257 D NsdService: registerService: 27 name: IjhOT1Bbye0AAA, type: _5BC9ED5E6C75._tcp, host: null, port: 39901, txtRecord: n=MgIPv4=192.168.1.65
04-22 11:28:59.508  1749  2257 D NsdService: mdnssd [register, 27, IjhOT1Bbye0AAA, _5BC9ED5E6C75._tcp, 39901, BG49TWcRSVB2ND0xOTIuMTY4LjEuNjU=]
04-22 11:28:59.511  1749  2257 D NsdService: Register 27 27
04-22 11:28:59.824  1749  1773 I WindowManager:   SURFACE show Surface(name=InputMethod)/@0x8e0015e on display:0: InputMethod
04-22 11:29:00.232  1749  2257 D NsdService: Native daemon message SERVICE_REGISTERED: 606 27 "IjhOT1Bbye0AAA"
04-22 11:29:05.732  1749  5605 W ProcessStats: Tracking association SourceState{ecff641 com.google.android.gms.persistent/10158 ImpFg #92253} whose proc state 2 is better than process ProcessState{d084d42 com.google.android.gms/10158 pkg=com.google.android.gms} proc state 3 (3 skipped)
04-22 11:29:16.879  1749  1781 W BroadcastQueue: Background execution not allowed: receiving Intent { act=android.bluetooth.device.action.BOND_STATE_CHANGED flg=0x10 (has extras) } to com.google.android.gms/.chimera.GmsIntentOperationService$PersistentTrustedReceiver
04-22 11:29:16.879  1749  1781 W BroadcastQueue: Background execution not allowed: receiving Intent { act=android.bluetooth.device.action.BOND_STATE_CHANGED flg=0x10 (has extras) } to com.google.android.googlequicksearchbox/com.google.android.apps.gsa.broadcastreceiver.external.ExternalCommonBroadcastReceiver
04-22 11:29:17.358  1749  1781 W BroadcastQueue: Background execution not allowed: receiving Intent { act=android.bluetooth.device.action.BOND_STATE_CHANGED flg=0x10 (has extras) } to com.google.android.gms/.chimera.GmsIntentOperationService$PersistentTrustedReceiver
04-22 11:29:17.359  1749  1781 W BroadcastQueue: Background execution not allowed: receiving Intent { act=android.bluetooth.device.action.BOND_STATE_CHANGED flg=0x10 (has extras) } to com.google.android.googlequicksearchbox/com.google.android.apps.gsa.broadcastreceiver.external.ExternalCommonBroadcastReceiver
--------- beginning of main
04-22 11:29:20.320  3398  3398 I BistoRealService: requestDestroy
04-22 11:29:20.327  3398  3398 I BistoRealService: onDestroy
04-22 11:29:20.330  3398  3398 I BistoWiredManager: close
04-22 11:29:20.332  3398  3398 D BluetoothA2dp: Unbinding service...
04-22 11:29:20.337  3398  3398 I BistoClassicManager: close
04-22 11:29:20.398  2294 25292 I chatty  : uid=1002(bluetooth) Binder:2294_6 expire 10 lines
04-22 11:29:20.417  1749  2054 D BatteryService: uevent={POWER_SUPPLY_DP_DM=0, POWER_SUPPLY_VOLTAGE_NOW=3734110, POWER_SUPPLY_SW_JEITA_ENABLED=0, POWER_SUPPLY_CHARGE_CONTROL_LIMIT_MAX=8, POWER_SUPPLY_RECHARGE_SOC=99, POWER_SUPPLY_HEALTH=Good, POWER_SUPPLY_TECHNOLOGY=Li-ion, POWER_SUPPLY_FCC_STEPPER_ENABLE=0, SEQNUM=624962, POWER_SUPPLY_INPUT_CURRENT_LIMITED=0, POWER_SUPPLY_CHARGE_CONTROL_LIMIT=0, POWER_SUPPLY_BATTERY_CHARGING_ENABLED=1, POWER_SUPPLY_STATUS=Discharging, POWER_SUPPLY_CYCLE_COUNT=1, POWER_SUPPLY_CURRENT_MAX=2000000, POWER_SUPPLY_CHARGE_TERM_CURRENT=-101, POWER_SUPPLY_CAPACITY=32, DEVPATH=/devices/platform/soc/200f000.qcom,spmi/spmi-0/spmi0-02/200f000.qcom,spmi:qcom,pmi632@2:qcom,qpnp-smb5/power_supply/battery, POWER_SUPPLY_CHARGE_DONE=0, POWER_SUPPLY_CHARGE_TYPE=N/A, POWER_SUPPLY_CHARGE_RATE=None, POWER_SUPPLY_CURRENT_NOW=-226745, POWER_SUPPLY_SYSTEM_TEMP_LEVEL=0, POWER_SUPPLY_PRESENT=1, POWER_SUPPLY_PARALLEL_DISABLE=0, POWER_SUPPLY_CHARGE_FULL=3615000, SUBSYSTEM=power_supply, POWER_SUPPLY_SET_SHIP_MODE=0, POWER_SUPPLY_TEMP=254, ACTION=change, POWER_SUPPLY_RERUN_AICL=0, POWER_SUPPLY_AGE=100, POWER_SUPPLY_NAME=battery, POWER_SUPPLY_VOLTAGE_MAX=-22, POWER_SUPPLY_CONSTANT_CHARGE_CURRENT_MAX=2000000, POWER_SUPPLY_CHARGE_COUNTER=1156800, POWER_SUPPLY_STEP_CHARGING_ENABLED=0, POWER_SUPPLY_NUM_SYSTEM_TEMP_LEVELS=8, POWER_SUPPLY_DIE_HEALTH=Hot, POWER_SUPPLY_INPUT_SUSPEND=0}
04-22 11:29:20.432  2508  2508 D QtiCarrierConfigHelper: WARNING, no carrier configs on phone Id: 0
04-22 11:29:20.433 21460 13994 I chatty  : uid=10158 com.google.android.gms.persistent expire 13 lines
04-22 11:29:20.531 21460 13997 I chatty  : uid=10158 com.google.android.gms.persistent expire 10 lines
04-22 11:29:20.807 13826 13910 V connectedcrossroad: Data collect: HELO
04-22 11:29:20.808 13826 13910 V perf    : Discovered neighbor: 3 (vskE)
04-22 11:29:21.427  1749  2054 D BatteryService: uevent={POWER_SUPPLY_DP_DM=0, POWER_SUPPLY_VOLTAGE_NOW=3741896, POWER_SUPPLY_SW_JEITA_ENABLED=0, POWER_SUPPLY_CHARGE_CONTROL_LIMIT_MAX=8, POWER_SUPPLY_RECHARGE_SOC=99, POWER_SUPPLY_HEALTH=Good, POWER_SUPPLY_TECHNOLOGY=Li-ion, POWER_SUPPLY_FCC_STEPPER_ENABLE=0, SEQNUM=624965, POWER_SUPPLY_INPUT_CURRENT_LIMITED=0, POWER_SUPPLY_CHARGE_CONTROL_LIMIT=0, POWER_SUPPLY_BATTERY_CHARGING_ENABLED=1, POWER_SUPPLY_STATUS=Discharging, POWER_SUPPLY_CYCLE_COUNT=1, POWER_SUPPLY_CURRENT_MAX=2000000, POWER_SUPPLY_CHARGE_TERM_CURRENT=-101, POWER_SUPPLY_CAPACITY=32, DEVPATH=/devices/platform/soc/200f000.qcom,spmi/spmi-0/spmi0-02/200f000.qcom,spmi:qcom,pmi632@2:qcom,qpnp-smb5/power_supply/battery, POWER_SUPPLY_CHARGE_DONE=0, POWER_SUPPLY_CHARGE_TYPE=N/A, POWER_SUPPLY_CHARGE_RATE=None, POWER_SUPPLY_CURRENT_NOW=-250244, POWER_SUPPLY_SYSTEM_TEMP_LEVEL=0, POWER_SUPPLY_PRESENT=1, POWER_SUPPLY_PARALLEL_DISABLE=0, POWER_SUPPLY_CHARGE_FULL=3615000, SUBSYSTEM=power_supply, POWER_SUPPLY_SET_SHIP_MODE=0, POWER_SUPPLY_TEMP=254, ACTION=change, POWER_SUPPLY_RERUN_AICL=0, POWER_SUPPLY_AGE=100, POWER_SUPPLY_NAME=battery, POWER_SUPPLY_VOLTAGE_MAX=-22, POWER_SUPPLY_CONSTANT_CHARGE_CURRENT_MAX=2000000, POWER_SUPPLY_CHARGE_COUNTER=1156800, POWER_SUPPLY_STEP_CHARGING_ENABLED=0, POWER_SUPPLY_NUM_SYSTEM_TEMP_LEVELS=8, POWER_SUPPLY_DIE_HEALTH=Hot, POWER_SUPPLY_INPUT_SUSPEND=0}
04-22 11:29:23.444  1749  2054 D BatteryService: uevent={POWER_SUPPLY_DP_DM=0, POWER_SUPPLY_VOLTAGE_NOW=3744426, POWER_SUPPLY_SW_JEITA_ENABLED=0, POWER_SUPPLY_CHARGE_CONTROL_LIMIT_MAX=8, POWER_SUPPLY_RECHARGE_SOC=99, POWER_SUPPLY_HEALTH=Good, POWER_SUPPLY_TECHNOLOGY=Li-ion, POWER_SUPPLY_FCC_STEPPER_ENABLE=0, SEQNUM=624970, POWER_SUPPLY_INPUT_CURRENT_LIMITED=0, POWER_SUPPLY_CHARGE_CONTROL_LIMIT=0, POWER_SUPPLY_BATTERY_CHARGING_ENABLED=1, POWER_SUPPLY_STATUS=Discharging, POWER_SUPPLY_CYCLE_COUNT=1, POWER_SUPPLY_CURRENT_MAX=2000000, POWER_SUPPLY_CHARGE_TERM_CURRENT=-101, POWER_SUPPLY_CAPACITY=32, DEVPATH=/devices/platform/soc/200f000.qcom,spmi/spmi-0/spmi0-02/200f000.qcom,spmi:qcom,pmi632@2:qcom,qpnp-smb5/power_supply/battery, POWER_SUPPLY_CHARGE_DONE=0, POWER_SUPPLY_CHARGE_TYPE=N/A, POWER_SUPPLY_CHARGE_RATE=None, POWER_SUPPLY_CURRENT_NOW=-223541, POWER_SUPPLY_SYSTEM_TEMP_LEVEL=0, POWER_SUPPLY_PRESENT=1, POWER_SUPPLY_PARALLEL_DISABLE=0, POWER_SUPPLY_CHARGE_FULL=3615000, SUBSYSTEM=power_supply, POWER_SUPPLY_SET_SHIP_MODE=0, POWER_SUPPLY_TEMP=254, ACTION=change, POWER_SUPPLY_RERUN_AICL=0, POWER_SUPPLY_AGE=100, POWER_SUPPLY_NAME=battery, POWER_SUPPLY_VOLTAGE_MAX=-22, POWER_SUPPLY_CONSTANT_CHARGE_CURRENT_MAX=2000000, POWER_SUPPLY_CHARGE_COUNTER=1156800, POWER_SUPPLY_STEP_CHARGING_ENABLED=0, POWER_SUPPLY_NUM_SYSTEM_TEMP_LEVELS=8, POWER_SUPPLY_DIE_HEALTH=Hot, POWER_SUPPLY_INPUT_SUSPEND=0}
04-22 11:29:24.453  1749  2054 D BatteryService: uevent={POWER_SUPPLY_DP_DM=0, POWER_SUPPLY_VOLTAGE_NOW=3740339, POWER_SUPPLY_SW_JEITA_ENABLED=0, POWER_SUPPLY_CHARGE_CONTROL_LIMIT_MAX=8, POWER_SUPPLY_RECHARGE_SOC=99, POWER_SUPPLY_HEALTH=Good, POWER_SUPPLY_TECHNOLOGY=Li-ion, POWER_SUPPLY_FCC_STEPPER_ENABLE=0, SEQNUM=624973, POWER_SUPPLY_INPUT_CURRENT_LIMITED=0, POWER_SUPPLY_CHARGE_CONTROL_LIMIT=0, POWER_SUPPLY_BATTERY_CHARGING_ENABLED=1, POWER_SUPPLY_STATUS=Discharging, POWER_SUPPLY_CYCLE_COUNT=1, POWER_SUPPLY_CURRENT_MAX=2000000, POWER_SUPPLY_CHARGE_TERM_CURRENT=-101, POWER_SUPPLY_CAPACITY=32, DEVPATH=/devices/platform/soc/200f000.qcom,spmi/spmi-0/spmi0-02/200f000.qcom,spmi:qcom,pmi632@2:qcom,qpnp-smb5/power_supply/battery, POWER_SUPPLY_CHARGE_DONE=0, POWER_SUPPLY_CHARGE_TYPE=N/A, POWER_SUPPLY_CHARGE_RATE=None, POWER_SUPPLY_CURRENT_NOW=-253906, POWER_SUPPLY_SYSTEM_TEMP_LEVEL=0, POWER_SUPPLY_PRESENT=1, POWER_SUPPLY_PARALLEL_DISABLE=0, POWER_SUPPLY_CHARGE_FULL=3615000, SUBSYSTEM=power_supply, POWER_SUPPLY_SET_SHIP_MODE=0, POWER_SUPPLY_TEMP=254, ACTION=change, POWER_SUPPLY_RERUN_AICL=0, POWER_SUPPLY_AGE=100, POWER_SUPPLY_NAME=battery, POWER_SUPPLY_VOLTAGE_MAX=-22, POWER_SUPPLY_CONSTANT_CHARGE_CURRENT_MAX=2000000, POWER_SUPPLY_CHARGE_COUNTER=1156800, POWER_SUPPLY_STEP_CHARGING_ENABLED=0, POWER_SUPPLY_NUM_SYSTEM_TEMP_LEVELS=8, POWER_SUPPLY_DIE_HEALTH=Hot, POWER_SUPPLY_INPUT_SUSPEND=0}
04-22 11:29:25.460  1749  2054 D BatteryService: uevent={POWER_SUPPLY_DP_DM=0, POWER_SUPPLY_VOLTAGE_NOW=3740339, POWER_SUPPLY_SW_JEITA_ENABLED=0, POWER_SUPPLY_CHARGE_CONTROL_LIMIT_MAX=8, POWER_SUPPLY_RECHARGE_SOC=99, POWER_SUPPLY_HEALTH=Good, POWER_SUPPLY_TECHNOLOGY=Li-ion, POWER_SUPPLY_FCC_STEPPER_ENABLE=0, SEQNUM=624976, POWER_SUPPLY_INPUT_CURRENT_LIMITED=0, POWER_SUPPLY_CHARGE_CONTROL_LIMIT=0, POWER_SUPPLY_BATTERY_CHARGING_ENABLED=1, POWER_SUPPLY_STATUS=Discharging, POWER_SUPPLY_CYCLE_COUNT=1, POWER_SUPPLY_CURRENT_MAX=2000000, POWER_SUPPLY_CHARGE_TERM_CURRENT=-101, POWER_SUPPLY_CAPACITY=32, DEVPATH=/devices/platform/soc/200f000.qcom,spmi/spmi-0/spmi0-02/200f000.qcom,spmi:qcom,pmi632@2:qcom,qpnp-smb5/power_supply/battery, POWER_SUPPLY_CHARGE_DONE=0, POWER_SUPPLY_CHARGE_TYPE=N/A, POWER_SUPPLY_CHARGE_RATE=None, POWER_SUPPLY_CURRENT_NOW=-228729, POWER_SUPPLY_SYSTEM_TEMP_LEVEL=0, POWER_SUPPLY_PRESENT=1, POWER_SUPPLY_PARALLEL_DISABLE=0, POWER_SUPPLY_CHARGE_FULL=3615000, SUBSYSTEM=power_supply, POWER_SUPPLY_SET_SHIP_MODE=0, POWER_SUPPLY_TEMP=254, ACTION=change, POWER_SUPPLY_RERUN_AICL=0, POWER_SUPPLY_AGE=100, POWER_SUPPLY_NAME=battery, POWER_SUPPLY_VOLTAGE_MAX=-22, POWER_SUPPLY_CONSTANT_CHARGE_CURRENT_MAX=2000000, POWER_SUPPLY_CHARGE_COUNTER=1156800, POWER_SUPPLY_STEP_CHARGING_ENABLED=0, POWER_SUPPLY_NUM_SYSTEM_TEMP_LEVELS=8, POWER_SUPPLY_DIE_HEALTH=Hot, POWER_SUPPLY_INPUT_SUSPEND=0}
04-22 11:29:27.447  1749  2054 D BatteryService: uevent={POWER_SUPPLY_DP_DM=0, POWER_SUPPLY_VOLTAGE_NOW=3720680, POWER_SUPPLY_SW_JEITA_ENABLED=0, POWER_SUPPLY_CHARGE_CONTROL_LIMIT_MAX=8, POWER_SUPPLY_RECHARGE_SOC=99, POWER_SUPPLY_HEALTH=Good, POWER_SUPPLY_TECHNOLOGY=Li-ion, POWER_SUPPLY_FCC_STEPPER_ENABLE=0, SEQNUM=624982, POWER_SUPPLY_INPUT_CURRENT_LIMITED=0, POWER_SUPPLY_CHARGE_CONTROL_LIMIT=0, POWER_SUPPLY_BATTERY_CHARGING_ENABLED=1, POWER_SUPPLY_STATUS=Discharging, POWER_SUPPLY_CYCLE_COUNT=1, POWER_SUPPLY_CURRENT_MAX=2000000, POWER_SUPPLY_CHARGE_TERM_CURRENT=-101, POWER_SUPPLY_CAPACITY=31, DEVPATH=/devices/platform/soc/200f000.qcom,spmi/spmi-0/spmi0-02/200f000.qcom,spmi:qcom,pmi632@2:qcom,qpnp-smb5/power_supply/battery, POWER_SUPPLY_CHARGE_DONE=0, POWER_SUPPLY_CHARGE_TYPE=N/A, POWER_SUPPLY_CHARGE_RATE=None, POWER_SUPPLY_CURRENT_NOW=-429840, POWER_SUPPLY_SYSTEM_TEMP_LEVEL=0, POWER_SUPPLY_PRESENT=1, POWER_SUPPLY_PARALLEL_DISABLE=0, POWER_SUPPLY_CHARGE_FULL=3615000, SUBSYSTEM=power_supply, POWER_SUPPLY_SET_SHIP_MODE=0, POWER_SUPPLY_TEMP=255, ACTION=change, POWER_SUPPLY_RERUN_AICL=0, POWER_SUPPLY_AGE=100, POWER_SUPPLY_NAME=battery, POWER_SUPPLY_VOLTAGE_MAX=-22, POWER_SUPPLY_CONSTANT_CHARGE_CURRENT_MAX=2000000, POWER_SUPPLY_CHARGE_COUNTER=1156800, POWER_SUPPLY_STEP_CHARGING_ENABLED=0, POWER_SUPPLY_NUM_SYSTEM_TEMP_LEVELS=8, POWER_SUPPLY_DIE_HEALTH=Hot, POWER_SUPPLY_INPUT_SUSPEND=0}
04-22 11:29:29.641  1749  1781 I ActivityManager: Waited long enough for: ServiceRecord{6a53c1e u0 com.google.android.googlequicksearchbox/com.google.android.apps.gsa.shared.util.keepalive.StandaloneKeepAlive$KeepAliveService}
04-22 11:29:34.096  1749  2054 D BatteryService: uevent={POWER_SUPPLY_DP_DM=0, POWER_SUPPLY_VOLTAGE_NOW=3738198, POWER_SUPPLY_SW_JEITA_ENABLED=0, POWER_SUPPLY_CHARGE_CONTROL_LIMIT_MAX=8, POWER_SUPPLY_RECHARGE_SOC=99, POWER_SUPPLY_HEALTH=Good, POWER_SUPPLY_TECHNOLOGY=Li-ion, POWER_SUPPLY_FCC_STEPPER_ENABLE=0, SEQNUM=624996, POWER_SUPPLY_INPUT_CURRENT_LIMITED=0, POWER_SUPPLY_CHARGE_CONTROL_LIMIT=0, POWER_SUPPLY_BATTERY_CHARGING_ENABLED=1, POWER_SUPPLY_STATUS=Discharging, POWER_SUPPLY_CYCLE_COUNT=1, POWER_SUPPLY_CURRENT_MAX=2000000, POWER_SUPPLY_CHARGE_TERM_CURRENT=-101, POWER_SUPPLY_CAPACITY=31, DEVPATH=/devices/platform/soc/200f000.qcom,spmi/spmi-0/spmi0-02/200f000.qcom,spmi:qcom,pmi632@2:qcom,qpnp-smb5/power_supply/battery, POWER_SUPPLY_CHARGE_DONE=0, POWER_SUPPLY_CHARGE_TYPE=N/A, POWER_SUPPLY_CHARGE_RATE=None, POWER_SUPPLY_CURRENT_NOW=-266571, POWER_SUPPLY_SYSTEM_TEMP_LEVEL=0, POWER_SUPPLY_PRESENT=1, POWER_SUPPLY_PARALLEL_DISABLE=0, POWER_SUPPLY_CHARGE_FULL=3615000, SUBSYSTEM=power_supply, POWER_SUPPLY_SET_SHIP_MODE=0, POWER_SUPPLY_TEMP=254, ACTION=change, POWER_SUPPLY_RERUN_AICL=0, POWER_SUPPLY_AGE=100, POWER_SUPPLY_NAME=battery, POWER_SUPPLY_VOLTAGE_MAX=-22, POWER_SUPPLY_CONSTANT_CHARGE_CURRENT_MAX=2000000, POWER_SUPPLY_CHARGE_COUNTER=1156800, POWER_SUPPLY_STEP_CHARGING_ENABLED=0, POWER_SUPPLY_NUM_SYSTEM_TEMP_LEVELS=8, POWER_SUPPLY_DIE_HEALTH=Hot, POWER_SUPPLY_INPUT_SUSPEND=0}
04-22 11:29:36.134  1749  1781 W BroadcastQueue: Background execution not allowed: receiving Intent { act=android.bluetooth.device.action.BOND_STATE_CHANGED flg=0x10 (has extras) } to com.google.android.gms/.chimera.GmsIntentOperationService$PersistentTrustedReceiver
04-22 11:29:36.135  1749  1781 W BroadcastQueue: Background execution not allowed: receiving Intent { act=android.bluetooth.device.action.BOND_STATE_CHANGED flg=0x10 (has extras) } to com.google.android.googlequicksearchbox/com.google.android.apps.gsa.broadcastreceiver.external.ExternalCommonBroadcastReceiver
04-22 11:29:36.406  1749  1781 W BroadcastQueue: Background execution not allowed: receiving Intent { act=android.bluetooth.device.action.BOND_STATE_CHANGED flg=0x10 (has extras) } to com.google.android.gms/.chimera.GmsIntentOperationService$PersistentTrustedReceiver
04-22 11:29:36.409  1749  1781 W BroadcastQueue: Background execution not allowed: receiving Intent { act=android.bluetooth.device.action.BOND_STATE_CHANGED flg=0x10 (has extras) } to com.google.android.googlequicksearchbox/com.google.android.apps.gsa.broadcastreceiver.external.ExternalCommonBroadcastReceiver
04-22 11:29:43.712 13826 13910 D connectedcrossroad: Data collect: SEND
04-22 11:29:43.713 13826 13910 D connectedcrossroad: Data collect: SEND
04-22 11:29:43.716 13826 13910 V data    : Payload RX: 0
04-22 11:29:43.716 13826 13910 V data    : Payload TX: 60
04-22 11:29:43.716 13826 13910 V data    : Total RX: 13464
04-22 11:29:43.716 13826 13910 V data    : Total TX: 18472
04-22 11:29:43.716 13826 13910 V connectedcrossroad: Data collect: RREQ
04-22 11:29:43.716 13826 13910 D connectedcrossroad: handleRREQ: rebroadcasting RREQ for: 4
04-22 11:29:43.716 13826 13910 D connectedcrossroad: Data collect: SEND
04-22 11:29:43.717 13826 13910 D connectedcrossroad: Data collect: SEND
04-22 11:29:43.719 13826 13910 V data    : Payload RX: 0
04-22 11:29:43.719 13826 13910 V data    : Payload TX: 60
04-22 11:29:43.719 13826 13910 V data    : Total RX: 13464
04-22 11:29:43.719 13826 13910 V data    : Total TX: 20326
04-22 11:29:43.719 13826 13910 V connectedcrossroad: Data collect: HELO
04-22 11:29:43.719 13826 13910 V data    : Payload RX: 0
04-22 11:29:43.719 13826 13910 V data    : Payload TX: 60
04-22 11:29:43.719 13826 13910 V data    : Total RX: 13464
04-22 11:29:43.719 13826 13910 V data    : Total TX: 20326
04-22 11:29:43.719 13826 13910 V connectedcrossroad: Data collect: HELO
04-22 11:29:43.719 13826 13910 V data    : Payload RX: 0
04-22 11:29:43.719 13826 13910 V data    : Payload TX: 60
04-22 11:29:43.719 13826 13910 V data    : Total RX: 13464
04-22 11:29:43.719 13826 13910 V data    : Total TX: 20326
04-22 11:29:43.719 13826 13910 V connectedcrossroad: Data collect: RREQ
04-22 11:29:43.719 13826 13910 D connectedcrossroad: handleRREQ: rebroadcasting RREQ for: 1
04-22 11:29:43.720 13826 13910 D connectedcrossroad: Data collect: SEND
04-22 11:29:43.722 13826 13910 D connectedcrossroad: Data collect: SEND
04-22 11:29:43.723 13826 13910 V data    : Payload RX: 0
04-22 11:29:43.723 13826 13910 V data    : Payload TX: 60
04-22 11:29:43.723 13826 13910 V data    : Total RX: 13464
04-22 11:29:43.723 13826 13910 V data    : Total TX: 22180
04-22 11:29:43.723 13826 13910 V connectedcrossroad: Data collect: RREQ
04-22 11:29:43.723 13826 13910 D connectedcrossroad: handleRREQ: rebroadcasting RREQ for: 4
04-22 11:29:43.724 21460 14062 I chatty  : uid=10158 com.google.android.gms.persistent expire 44 lines
04-22 11:29:43.724 13826 13910 D connectedcrossroad: Data collect: SEND
04-22 11:29:43.725 13826 13910 D connectedcrossroad: Data collect: SEND
04-22 11:29:43.726 13826 13910 D connectedcrossroad: Data collect: SEND
04-22 11:29:43.727 13826 13910 V data    : Payload RX: 0
04-22 11:29:43.728 13826 13910 V data    : Payload TX: 60
04-22 11:29:43.728 13826 13910 V data    : Total RX: 13464
04-22 11:29:43.728 13826 13910 V data    : Total TX: 24034
04-22 11:29:43.753 13826 13910 V connectedcrossroad: Data collect: RREQ
04-22 11:29:43.753 13826 13910 D connectedcrossroad: handleRREQ: rebroadcasting RREQ for: 1
04-22 11:29:43.753 13826 13910 D connectedcrossroad: Data collect: SEND
04-22 11:29:43.754 13826 13910 D connectedcrossroad: Data collect: SEND
04-22 11:29:43.755 13826 13910 V data    : Payload RX: 0
04-22 11:29:43.756 13826 13910 V data    : Payload TX: 60
04-22 11:29:43.756 13826 13910 V data    : Total RX: 14076
04-22 11:29:43.756 13826 13910 V data    : Total TX: 25888
04-22 11:29:43.768     0     0 W swapper/1: type=1400 audit(0.0:2615): avc: denied { kill } for uid=0 capability=5 scontext=u:r:kernel:s0 tcontext=u:r:kernel:s0 tclass=capability permissive=0
04-22 11:29:44.233  2294  2311 I chatty  : uid=1002(bluetooth) Binder:2294_1 expire 10 lines
04-22 11:29:44.240  2313  2395 W BluetoothEventManager: AclStateChangedHandler: activeDevice is null
04-22 11:29:44.247  2294 14064 I chatty  : uid=1002(bluetooth) com.android.bluetooth expire 2 lines
04-22 11:29:44.255  8057  8057 D MCLOG   : [MC_Service] onStartcommand()
04-22 11:29:44.270 21153 21380 I BistoWorker: bluetoothConnectionStateChanged. Action: android.bluetooth.device.action.ACL_CONNECTED
04-22 11:29:44.271 21153 21380 I BistoWorker: Ignoring non-bonded action android.bluetooth.device.action.ACL_CONNECTED for device 46:C4:BA:2C:F5:94
04-22 11:29:44.282 21460 14059 I chatty  : uid=10158 com.google.android.gms.persistent expire 2 lines
04-22 11:29:44.345 13826 13910 V connectedcrossroad: Data collect: HELO
04-22 11:29:44.345 13826 13910 V data    : Payload RX: 0
04-22 11:29:44.345 13826 13910 V data    : Payload TX: 60
04-22 11:29:44.345 13826 13910 V data    : Total RX: 15300
04-22 11:29:44.345 13826 13910 V data    : Total TX: 25888
04-22 11:29:44.351 13826 13910 V connectedcrossroad: Data collect: RREQ
04-22 11:29:44.351 13826 13826 I connectedcrossroad: onConnectionResult: Connection successful
04-22 11:29:44.351 13826 13910 D connectedcrossroad: handleRREQ: rebroadcasting RREQ for: 4
04-22 11:29:44.352 13826 13910 D connectedcrossroad: Data collect: SEND
04-22 11:29:44.354 13826 13910 D connectedcrossroad: Data collect: SEND
04-22 11:29:44.355 13826 13910 D connectedcrossroad: Data collect: SEND
04-22 11:29:44.356 13826 13910 V data    : Payload RX: 0
04-22 11:29:44.356 13826 13910 V data    : Payload TX: 60
04-22 11:29:44.356 13826 13910 V data    : Total RX: 15300
04-22 11:29:44.356 13826 13910 V data    : Total TX: 27742
04-22 11:29:44.356 13826 13826 D connectedcrossroad: onConnectionResult: Too many neighbors: Q1bX
04-22 11:29:44.526 21460 21976 I chatty  : uid=10158(com.google.android.gms) Binder:21460_A expire 11 lines
04-22 11:29:44.526 21460 21485 I chatty  : uid=10158(com.google.android.gms) Binder:21460_3 expire 14 lines
04-22 11:29:44.794 13826 13910 V connectedcrossroad: Data collect: HELO
04-22 11:29:44.795 13826 13910 V data    : Payload RX: 0
04-22 11:29:44.795 13826 13910 V data    : Payload TX: 60
04-22 11:29:44.795 13826 13910 V data    : Total RX: 15912
04-22 11:29:44.795 13826 13910 V data    : Total TX: 27742
04-22 11:29:44.810 13826 13910 V connectedcrossroad: Data collect: RREQ
04-22 11:29:44.810 13826 13910 V data    : Payload RX: 0
04-22 11:29:44.810 13826 13910 V data    : Payload TX: 60
04-22 11:29:44.810 13826 13910 V data    : Total RX: 16530
04-22 11:29:44.810 13826 13910 V data    : Total TX: 27742
04-22 11:29:44.813 13826 13910 V connectedcrossroad: Data collect: RREQ
04-22 11:29:44.814 13826 13910 V data    : Payload RX: 0
04-22 11:29:44.814 13826 13910 V data    : Payload TX: 60
04-22 11:29:44.814 13826 13910 V data    : Total RX: 17148
04-22 11:29:44.814 13826 13910 V data    : Total TX: 27742
04-22 11:29:44.821 13826 13910 V connectedcrossroad: Data collect: RREQ
04-22 11:29:44.821 13826 13910 V data    : Payload RX: 0
04-22 11:29:44.821 13826 13910 V data    : Payload TX: 60
04-22 11:29:44.821 13826 13910 V data    : Total RX: 17766
04-22 11:29:44.821 13826 13910 V data    : Total TX: 27742
04-22 11:29:45.035 13826 13910 V connectedcrossroad: Data collect: HELO
04-22 11:29:45.036 13826 13910 V data    : Payload RX: 0
04-22 11:29:45.036 13826 13910 V data    : Payload TX: 60
04-22 11:29:45.036 13826 13910 V data    : Total RX: 18378
04-22 11:29:45.036 13826 13910 V data    : Total TX: 27742
04-22 11:29:45.062 21460 21478 I chatty  : uid=10158(com.google.android.gms) Binder:21460_2 expire 19 lines
04-22 11:29:45.080 13826 13910 V connectedcrossroad: Data collect: RREQ
04-22 11:29:45.081 13826 13910 V data    : Payload RX: 0
04-22 11:29:45.081 13826 13910 V data    : Payload TX: 60
04-22 11:29:45.081 13826 13910 V data    : Total RX: 18996
04-22 11:29:45.081 13826 13910 V data    : Total TX: 27742
04-22 11:29:45.204 13826 13905 D connectedcrossroad: Data collect: SEND
04-22 11:29:45.209 13826 13905 D connectedcrossroad: Data collect: SEND
04-22 11:29:45.217 13826 13905 D connectedcrossroad: Data collect: SEND
04-22 11:29:45.535 13826 13910 V connectedcrossroad: Data collect: RREQ
04-22 11:29:45.535 13826 13910 D connectedcrossroad: handleRREQ: rebroadcasting RREQ for: 1
04-22 11:29:45.535 13826 13910 D connectedcrossroad: Data collect: SEND
04-22 11:29:45.540 13826 13910 D connectedcrossroad: Data collect: SEND
04-22 11:29:45.544 13826 13910 D connectedcrossroad: Data collect: SEND
04-22 11:29:45.549 13826 13910 V data    : Payload RX: 0
04-22 11:29:45.549 13826 13910 V data    : Payload TX: 60
04-22 11:29:45.549 13826 13910 V data    : Total RX: 19608
04-22 11:29:45.550 13826 13910 V data    : Total TX: 31432
04-22 11:29:45.893  2294  2358 I chatty  : uid=1002(bluetooth) BT Service Call expire 149 lines
04-22 11:29:45.895  2294 14071 I chatty  : uid=1002(bluetooth) com.android.bluetooth expire 2 lines
04-22 11:29:45.928 21460 14028 I chatty  : uid=10158 com.google.android.gms.persistent expire 12 lines
04-22 11:29:45.930  1749  3485 I WifiService: enableTdls uid=10158 enable=true
04-22 11:29:45.934  1749   552 I WifiService: enableTdlsWithMacAddress uid=1000 enable=true
04-22 11:29:45.935 12349 12349 I wpa_supplicant: TDLS: Failed to send message (action_code=10)
04-22 11:29:45.935 12349 12349 I wpa_supplicant: StaIface: TDLS discover failed: -1
04-22 11:29:46.128 12349 12349 I wpa_supplicant: TDLS: Failed to send message (action_code=14)
04-22 11:29:46.272 13826 13910 V connectedcrossroad: Data collect: RREQ
04-22 11:29:46.272 13826 13910 V data    : Payload RX: 0
04-22 11:29:46.272 13826 13910 V data    : Payload TX: 60
04-22 11:29:46.272 13826 13910 V data    : Total RX: 20226
04-22 11:29:46.273 13826 13910 V data    : Total TX: 31432
04-22 11:29:46.425 13826 13910 V connectedcrossroad: Data collect: RREQ
04-22 11:29:46.425 13826 13910 V data    : Payload RX: 0
04-22 11:29:46.425 13826 13910 V data    : Payload TX: 60
04-22 11:29:46.425 13826 13910 V data    : Total RX: 20844
04-22 11:29:46.425 13826 13910 V data    : Total TX: 31432
04-22 11:29:46.434 13826 13910 V connectedcrossroad: Data collect: RREQ
04-22 11:29:46.434 13826 13910 V data    : Payload RX: 0
04-22 11:29:46.434 13826 13910 V data    : Payload TX: 60
04-22 11:29:46.434 13826 13910 V data    : Total RX: 21462
04-22 11:29:46.434 13826 13910 V data    : Total TX: 31432
04-22 11:29:46.890 13826 13910 V connectedcrossroad: Data collect: RREQ
04-22 11:29:46.890 13826 13910 V data    : Payload RX: 0
04-22 11:29:46.891 13826 13910 V data    : Payload TX: 60
04-22 11:29:46.891 13826 13910 V data    : Total RX: 22080
04-22 11:29:46.891 13826 13910 V data    : Total TX: 31432
04-22 11:29:46.900 13826 13910 V connectedcrossroad: Data collect: RREQ
04-22 11:29:46.900 13826 13910 V data    : Payload RX: 0
04-22 11:29:46.900 13826 13910 V data    : Payload TX: 60
04-22 11:29:46.900 13826 13910 V data    : Total RX: 22698
04-22 11:29:46.900 13826 13910 V data    : Total TX: 31432
04-22 11:29:46.905 13826 13910 V connectedcrossroad: Data collect: HELO
04-22 11:29:46.905 13826 13910 V data    : Payload RX: 0
04-22 11:29:46.905 13826 13910 V data    : Payload TX: 60
04-22 11:29:46.905 13826 13910 V data    : Total RX: 23310
04-22 11:29:46.905 13826 13910 V data    : Total TX: 31432
04-22 11:29:46.912 13826 13910 V connectedcrossroad: Data collect: HELO
04-22 11:29:46.912 13826 13910 V data    : Payload RX: 0
04-22 11:29:46.912 13826 13910 V data    : Payload TX: 60
04-22 11:29:46.912 13826 13910 V data    : Total RX: 23922
04-22 11:29:46.912 13826 13910 V data    : Total TX: 31432
04-22 11:29:47.222 13826 13905 D connectedcrossroad: Data collect: SEND
04-22 11:29:47.226 13826 13905 I chatty  : uid=10216(com.google.location.nearby.apps.connectedcrossroad) identical 3 lines
04-22 11:29:47.229 13826 13905 D connectedcrossroad: Data collect: SEND
04-22 11:29:47.412  2294 10674 I chatty  : uid=1002(bluetooth) Binder:2294_8 expire 14 lines
04-22 11:29:47.637 13826 13910 V connectedcrossroad: Data collect: RREP
04-22 11:29:47.638 13826 13910 D connectedcrossroad: handleRREP: Forwarding RREP to next hop
04-22 11:29:47.638 13826 13910 D connectedcrossroad: Data collect: SEND
04-22 11:29:47.642 13826 13910 V data    : Payload RX: 0
04-22 11:29:47.642 13826 13910 V data    : Payload TX: 60
04-22 11:29:47.642 13826 13910 V data    : Total RX: 25158
04-22 11:29:47.643 13826 13910 V data    : Total TX: 33886
04-22 11:29:47.647 13826 13910 V connectedcrossroad: Data collect: RREP
04-22 11:29:47.647 13826 13910 D connectedcrossroad: handleRREP: Forwarding RREP to next hop
04-22 11:29:47.647 13826 13910 D connectedcrossroad: Data collect: SEND
04-22 11:29:47.650 13826 13910 V data    : Payload RX: 0
04-22 11:29:47.650 13826 13910 V data    : Payload TX: 60
04-22 11:29:47.651 13826 13910 V data    : Total RX: 25158
04-22 11:29:47.651 13826 13910 V data    : Total TX: 34504
04-22 11:29:47.806 13826 13910 V connectedcrossroad: Data collect: HELO
04-22 11:29:47.806 13826 13910 V data    : Payload RX: 0
04-22 11:29:47.806 13826 13910 V data    : Payload TX: 60
04-22 11:29:47.807 13826 13910 V data    : Total RX: 25770
04-22 11:29:47.807 13826 13910 V data    : Total TX: 34504
04-22 11:29:48.057 21460 13992 I chatty  : uid=10158 com.google.android.gms.persistent expire 2 lines
04-22 11:29:48.057 21460 13917 I chatty  : uid=10158 com.google.android.gms.persistent expire 3 lines
04-22 11:29:48.510 13826 13910 V connectedcrossroad: Data collect: HELO
04-22 11:29:48.510 13826 13910 V data    : Payload RX: 0
04-22 11:29:48.510 13826 13910 V data    : Payload TX: 60
04-22 11:29:48.510 13826 13910 V data    : Total RX: 26382
04-22 11:29:48.510 13826 13910 V data    : Total TX: 34504
04-22 11:29:48.646   833 12353 E WifiHAL : Received fatal event, sending alert
04-22 11:29:48.646  1749 27554 W WifiVendorHal: onDebugErrorAlert 4104
04-22 11:29:49.094 13826 13910 V connectedcrossroad: Data collect: RREQ
04-22 11:29:49.095 13826 13910 V data    : Payload RX: 0
04-22 11:29:49.095 13826 13910 V data    : Payload TX: 60
04-22 11:29:49.095 13826 13910 V data    : Total RX: 27000
04-22 11:29:49.095 13826 13910 V data    : Total TX: 34504
04-22 11:29:49.243 13826 13905 D connectedcrossroad: Data collect: SEND
04-22 11:29:49.247 13826 13905 D connectedcrossroad: Data collect: SEND
04-22 11:29:49.251 13826 13905 D connectedcrossroad: Data collect: SEND
04-22 11:29:49.258 21460 14061 I chatty  : uid=10158 com.google.android.gms.persistent expire 17 lines
04-22 11:29:49.423 13826 13910 V connectedcrossroad: Data collect: HELO
04-22 11:29:49.424 13826 13910 V data    : Payload RX: 0
04-22 11:29:49.424 13826 13910 V data    : Payload TX: 60
04-22 11:29:49.424 13826 13910 V data    : Total RX: 27612
04-22 11:29:49.424 13826 13910 V data    : Total TX: 36340
04-22 11:29:49.434 13826 13910 V connectedcrossroad: Data collect: DATA
04-22 11:29:49.434 13826 13910 V connectedcrossroad: Data collect: intermediary hop
04-22 11:29:49.435 13826 13910 V connectedcrossroad: Data collect: handle data elapsed MS: 1
04-22 11:29:49.435 13826 13910 V data    : Payload RX: 6
04-22 11:29:49.435 13826 13910 V data    : Payload TX: 66
04-22 11:29:49.435 13826 13910 V data    : Total RX: 28232
04-22 11:29:49.435 13826 13910 V data    : Total TX: 36340
04-22 11:29:49.442 13826 13910 V connectedcrossroad: Data collect: DATA
04-22 11:29:49.443 13826 13910 V connectedcrossroad: Data collect: intermediary hop
04-22 11:29:49.443 13826 13910 V connectedcrossroad: Data collect: handle data elapsed MS: 0
04-22 11:29:49.443 13826 13910 V data    : Payload RX: 12
04-22 11:29:49.443 13826 13910 V data    : Payload TX: 72
04-22 11:29:49.443 13826 13910 V data    : Total RX: 28852
04-22 11:29:49.443 13826 13910 V data    : Total TX: 36340
04-22 11:29:49.565 13826 13910 V connectedcrossroad: Data collect: DATA
04-22 11:29:49.565 13826 13910 V connectedcrossroad: Data collect: intermediary hop
04-22 11:29:49.566 13826 13910 V connectedcrossroad: Data collect: handle data elapsed MS: 1
04-22 11:29:49.566 13826 13910 V data    : Payload RX: 18
04-22 11:29:49.566 13826 13910 V data    : Payload TX: 78
04-22 11:29:49.566 13826 13910 V data    : Total RX: 30090
04-22 11:29:49.566 13826 13910 V data    : Total TX: 36340
04-22 11:29:49.569 13826 13910 V connectedcrossroad: Data collect: RREQ
04-22 11:29:49.570 13826 13910 V data    : Payload RX: 18
04-22 11:29:49.570 13826 13910 V data    : Payload TX: 78
04-22 11:29:49.570 13826 13910 V data    : Total RX: 30090
04-22 11:29:49.570 13826 13910 V data    : Total TX: 36340
04-22 11:29:49.860 13826 13910 V connectedcrossroad: Data collect: HELO
04-22 11:29:49.861 13826 13910 V data    : Payload RX: 18
04-22 11:29:49.861 13826 13910 V data    : Payload TX: 78
04-22 11:29:49.861 13826 13910 V data    : Total RX: 30702
04-22 11:29:49.861 13826 13910 V data    : Total TX: 36340
04-22 11:29:50.138 12349 12349 I wpa_supplicant: TDLS: Failed to send message (action_code=14)
04-22 11:29:50.446 13826 13910 V connectedcrossroad: Data collect: HELO
04-22 11:29:50.446 13826 13910 V data    : Payload RX: 18
04-22 11:29:50.447 13826 13910 V data    : Payload TX: 78
04-22 11:29:50.447 13826 13910 V data    : Total RX: 31926
04-22 11:29:50.447 13826 13910 V data    : Total TX: 36340
04-22 11:29:50.452 13826 13910 V connectedcrossroad: Data collect: HELO
04-22 11:29:50.452 13826 13910 V data    : Payload RX: 18
04-22 11:29:50.452 13826 13910 V data    : Payload TX: 78
04-22 11:29:50.452 13826 13910 V data    : Total RX: 31926
04-22 11:29:50.452 13826 13910 V data    : Total TX: 36340
04-22 11:29:51.253 13826 13905 D connectedcrossroad: Data collect: SEND
04-22 11:29:51.258 13826 13905 D connectedcrossroad: Data collect: SEND
04-22 11:29:51.633 13826 13910 V connectedcrossroad: Data collect: HELO
04-22 11:29:51.633 13826 13910 V data    : Payload RX: 18
04-22 11:29:51.633 13826 13910 V data    : Payload TX: 78
04-22 11:29:51.633 13826 13910 V data    : Total RX: 32538
04-22 11:29:51.633 13826 13910 V data    : Total TX: 38176
04-22 11:29:52.080 13826 13910 V connectedcrossroad: Data collect: HELO
04-22 11:29:52.080 13826 13910 V data    : Payload RX: 18
04-22 11:29:52.080 13826 13910 V data    : Payload TX: 78
04-22 11:29:52.081 13826 13910 V data    : Total RX: 33150
04-22 11:29:52.081 13826 13910 V data    : Total TX: 38176
04-22 11:29:52.438 21460 13580 I chatty  : uid=10158 com.google.android.gms.persistent expire 87 lines
04-22 11:29:52.444  2294  2614 I chatty  : uid=1002(bluetooth) btu message loo expire 190 lines
04-22 11:29:52.452  2294  2588 I chatty  : uid=1002(bluetooth) BluetoothScanMa expire 35 lines
04-22 11:29:52.534 13826 13910 V connectedcrossroad: Data collect: HELO
04-22 11:29:52.534 13826 13910 V data    : Payload RX: 18
04-22 11:29:52.534 13826 13910 V data    : Payload TX: 78
04-22 11:29:52.534 13826 13910 V data    : Total RX: 33762
04-22 11:29:52.534 13826 13910 V data    : Total TX: 38176
04-22 11:29:53.138 13826 13910 V connectedcrossroad: Data collect: HELO
04-22 11:29:53.138 13826 13910 V data    : Payload RX: 18
04-22 11:29:53.138 13826 13910 V data    : Payload TX: 78
04-22 11:29:53.138 13826 13910 V data    : Total RX: 34374
04-22 11:29:53.138 13826 13910 V data    : Total TX: 38176
04-22 11:29:53.202 21460 14057 I chatty  : uid=10158 com.google.android.gms.persistent expire 12 lines
04-22 11:29:53.262 13826 13905 D connectedcrossroad: Data collect: SEND
04-22 11:29:53.267 13826 13905 D connectedcrossroad: Data collect: SEND
04-22 11:29:53.768     0     0 W swapper/2: type=1400 audit(0.0:2616): avc: denied { kill } for uid=0 capability=5 scontext=u:r:kernel:s0 tcontext=u:r:kernel:s0 tclass=capability permissive=0
04-22 11:29:53.892 13826 13910 V connectedcrossroad: Data collect: RREP
04-22 11:29:53.892 13826 13910 D connectedcrossroad: handleRREP: Creating forward route to: 1
04-22 11:29:53.893 13826 13910 D connectedcrossroad: handleRREP: Forwarding RREP to next hop
04-22 11:29:53.893 13826 13910 D connectedcrossroad: Data collect: SEND
04-22 11:29:53.896 13826 13910 V data    : Payload RX: 18
04-22 11:29:53.896 13826 13910 V data    : Payload TX: 78
04-22 11:29:53.896 13826 13910 V data    : Total RX: 34986
04-22 11:29:53.896 13826 13910 V data    : Total TX: 40630
04-22 11:29:54.224 13826 13910 V connectedcrossroad: Data collect: RREP
04-22 11:29:54.224 13826 13910 D connectedcrossroad: handleRREP: Forwarding RREP to next hop
04-22 11:29:54.224 13826 13910 D connectedcrossroad: Data collect: SEND
04-22 11:29:54.228 13826 13910 V data    : Payload RX: 18
04-22 11:29:54.228 13826 13910 V data    : Payload TX: 78
04-22 11:29:54.228 13826 13910 V data    : Total RX: 35598
04-22 11:29:54.228 13826 13910 V data    : Total TX: 41248
04-22 11:29:54.252 13826 13910 V connectedcrossroad: Data collect: RREQ
04-22 11:29:54.252 13826 13910 V data    : Payload RX: 18
04-22 11:29:54.252 13826 13910 V data    : Payload TX: 78
04-22 11:29:54.252 13826 13910 V data    : Total RX: 36834
04-22 11:29:54.252 13826 13910 V data    : Total TX: 41248
04-22 11:29:54.255 13826 13910 V connectedcrossroad: Data collect: RREQ
04-22 11:29:54.255 13826 13910 V data    : Payload RX: 18
04-22 11:29:54.255 13826 13910 V data    : Payload TX: 78
04-22 11:29:54.255 13826 13910 V data    : Total RX: 36834
04-22 11:29:54.255 13826 13910 V data    : Total TX: 41248
04-22 11:29:54.501 13826 13910 V connectedcrossroad: Data collect: RREQ
04-22 11:29:54.501 13826 13910 V data    : Payload RX: 18
04-22 11:29:54.501 13826 13910 V data    : Payload TX: 78
04-22 11:29:54.501 13826 13910 V data    : Total RX: 37452
04-22 11:29:54.501 13826 13910 V data    : Total TX: 41248
04-22 11:29:54.507  1749 11470 I WifiService: enableTdls uid=10158 enable=false
04-22 11:29:54.511  1749   552 I WifiService: enableTdlsWithMacAddress uid=1000 enable=false
04-22 11:29:54.825 13826 13826 I connectedcrossroad: onDisconnected: disconnected from 0U68
04-22 11:29:54.825 13826 13826 V perf    : Disconnected from 0U68
04-22 11:29:54.834 13826 13910 V connectedcrossroad: Data collect: HELO
04-22 11:29:54.834 13826 13910 V data    : Payload RX: 18
04-22 11:29:54.834 13826 13910 V data    : Payload TX: 78
04-22 11:29:54.834 13826 13910 V data    : Total RX: 38064
04-22 11:29:54.834 13826 13910 V data    : Total TX: 41248
04-22 11:29:54.936 21153 21380 I BistoWorker: bluetoothConnectionStateChanged. Action: android.bluetooth.device.action.ACL_DISCONNECTED
04-22 11:29:54.938  8057  8057 D MCLOG   : [MC_Service] onStartcommand()
04-22 11:29:54.939 21153 21380 I DeviceDetector: Not bonded or not refresh cache.
04-22 11:29:54.940 21153 21380 I BistoWorker: Not a bisto device: CC:0D:F2:75:2D:60
04-22 11:29:55.242 13826 13910 V connectedcrossroad: Data collect: HELO
04-22 11:29:55.242 13826 13910 V data    : Payload RX: 18
04-22 11:29:55.242 13826 13910 V data    : Payload TX: 78
04-22 11:29:55.242 13826 13910 V data    : Total RX: 38676
04-22 11:29:55.243 13826 13910 V data    : Total TX: 41248
04-22 11:29:55.271 13826 13905 D connectedcrossroad: Data collect: SEND
04-22 11:29:55.272 13826 13905 D connectedcrossroad: Data collect: SEND
04-22 11:29:55.303  2294 14081 I chatty  : uid=1002(bluetooth) com.android.bluetooth expire 2 lines
04-22 11:29:55.308  2313  2395 W BluetoothEventManager: AclStateChangedHandler: activeDevice is null
04-22 11:29:55.312  2294  2311 I chatty  : uid=1002(bluetooth) Binder:2294_1 expire 19 lines
04-22 11:29:55.319  8057  8057 D MCLOG   : [MC_Service] onStartcommand()
04-22 11:29:55.334 21153 21380 I BistoWorker: bluetoothConnectionStateChanged. Action: android.bluetooth.device.action.ACL_CONNECTED
04-22 11:29:55.337 21153 21380 I BistoWorker: Ignoring non-bonded action android.bluetooth.device.action.ACL_CONNECTED for device 58:36:6A:47:4B:AD
04-22 11:29:55.531 13826 13910 V connectedcrossroad: Data collect: HELO
04-22 11:29:55.532 13826 13910 V data    : Payload RX: 18
04-22 11:29:55.532 13826 13910 V data    : Payload TX: 78
04-22 11:29:55.532 13826 13910 V data    : Total RX: 39288
04-22 11:29:55.532 13826 13910 V data    : Total TX: 42472
04-22 11:29:56.447 13826 13910 V connectedcrossroad: Data collect: HELO
04-22 11:29:56.448 13826 13910 V data    : Payload RX: 18
04-22 11:29:56.448 13826 13910 V data    : Payload TX: 78
04-22 11:29:56.448 13826 13910 V data    : Total RX: 39900
04-22 11:29:56.448 13826 13910 V data    : Total TX: 42472
04-22 11:29:56.818  2294 14083 I chatty  : uid=1002(bluetooth) com.android.bluetooth expire 2 lines
04-22 11:29:57.226 13826 13910 V connectedcrossroad: Data collect: HELO
04-22 11:29:57.227 13826 13910 V data    : Payload RX: 18
04-22 11:29:57.227 13826 13910 V data    : Payload TX: 78
04-22 11:29:57.227 13826 13910 V data    : Total RX: 40512
04-22 11:29:57.227 13826 13910 V data    : Total TX: 42472
04-22 11:29:57.274 13826 13905 D connectedcrossroad: Data collect: SEND
04-22 11:29:57.278 13826 13905 D connectedcrossroad: Data collect: SEND
04-22 11:29:57.779  3398  3398 I BistoRealService: requestDestroy
04-22 11:29:57.785  3398  3398 I BistoRealService: onDestroy
04-22 11:29:57.789  3398  3398 I BistoWiredManager: close
04-22 11:29:57.790  3398  3398 D BluetoothA2dp: Unbinding service...
04-22 11:29:57.796  3398  3398 I BistoClassicManager: close
04-22 11:29:59.119 21460 13994 I chatty  : uid=10158 com.google.android.gms.persistent expire 15 lines
04-22 11:29:59.282 13826 13905 D connectedcrossroad: Data collect: SEND
04-22 11:29:59.286 13826 13905 D connectedcrossroad: Data collect: SEND
04-22 11:29:59.328 13826 13910 V connectedcrossroad: Data collect: HELO
04-22 11:29:59.328 13826 13910 V data    : Payload RX: 18
04-22 11:29:59.329 13826 13910 V data    : Payload TX: 78
04-22 11:29:59.329 13826 13910 V data    : Total RX: 41736
04-22 11:29:59.329 13826 13910 V data    : Total TX: 44920
04-22 11:29:59.331 13826 13910 V connectedcrossroad: Data collect: HELO
04-22 11:29:59.332 13826 13910 V data    : Payload RX: 18
04-22 11:29:59.332 13826 13910 V data    : Payload TX: 78
04-22 11:29:59.332 13826 13910 V data    : Total RX: 41736
04-22 11:29:59.332 13826 13910 V data    : Total TX: 44920
04-22 11:30:00.035  2313  2313 W View    : requestLayout() improperly called by com.android.systemui.statusbar.HeadsUpStatusBarView{e5b882e I.E...... ......ID 0,0-248,56 #7f0a01f7 app:id/heads_up_status_bar_view} during layout: running second layout pass
04-22 11:30:00.374  1749 11470 W ProcessStats: Tracking association SourceState{ecff641 com.google.android.gms.persistent/10158 ImpFg #92516} whose proc state 2 is better than process ProcessState{d084d42 com.google.android.gms/10158 pkg=com.google.android.gms} proc state 3 (43 skipped)
04-22 11:30:00.567   833 12353 E WifiHAL : Received LOG message with insufficent length: 24
04-22 11:30:00.567   833 12353 E WifiHAL : Received fatal event, sending alert
04-22 11:30:00.568  1749 27554 W WifiVendorHal: onDebugErrorAlert 4104
04-22 11:30:00.612  2294  2358 I chatty  : uid=1002(bluetooth) BT Service Call expire 59 lines
04-22 11:30:00.614  2294 10674 I chatty  : uid=1002(bluetooth) Binder:2294_8 expire 12 lines
04-22 11:30:00.614 21460 21478 I chatty  : uid=10158(com.google.android.gms) Binder:21460_2 expire 10 lines
04-22 11:30:00.617  2313  2395 W BluetoothEventManager: AclStateChangedHandler: activeDevice is null
04-22 11:30:00.617  2294  2294 I chatty  : uid=1002(bluetooth) com.android.bluetooth expire 18 lines
04-22 11:30:00.640  8057  8057 D MCLOG   : [MC_Service] onStartcommand()
04-22 11:30:00.640 21153 21380 I BistoWorker: bluetoothConnectionStateChanged. Action: android.bluetooth.device.action.ACL_DISCONNECTED
04-22 11:30:00.647 21153 21380 I DeviceDetector: Not bonded or not refresh cache.
04-22 11:30:00.647 21153 21380 I BistoWorker: Not a bisto device: 5A:DC:E3:11:DB:30
04-22 11:30:00.788 21460 21485 I chatty  : uid=10158(com.google.android.gms) Binder:21460_3 expire 16 lines
