04-22 11:30:00.820  2313  2395 W BluetoothEventManager: AclStateChangedHandler: activeDevice is null
04-22 11:30:00.839  8057  8057 D MCLOG   : [MC_Service] onStartcommand()
04-22 11:30:00.844 21153 21380 I BistoWorker: bluetoothConnectionStateChanged. Action: android.bluetooth.device.action.ACL_DISCONNECTED
04-22 11:30:00.855 21153 21380 I DeviceDetector: Not bonded or not refresh cache.
04-22 11:30:00.855 21153 21380 I BistoWorker: Not a bisto device: 46:C4:BA:2C:F5:94
04-22 11:30:00.867  1749  1763 I system_server: Background concurrent copying GC freed 55382(4260KB) AllocSpace objects, 18(15MB) LOS objects, 42% free, 22MB/38MB, paused 131us total 173.368ms
04-22 11:30:01.007 13826 13910 V connectedcrossroad: Data collect: HELO
04-22 11:30:01.007 13826 13910 V data    : Payload RX: 18
04-22 11:30:01.008 13826 13910 V data    : Payload TX: 78
04-22 11:30:01.008 13826 13910 V data    : Total RX: 42348
04-22 11:30:01.008 13826 13910 V data    : Total TX: 44920
04-22 11:30:01.190  2294 14090 I chatty  : uid=1002(bluetooth) com.android.bluetooth expire 2 lines
04-22 11:30:01.290 13826 13905 D connectedcrossroad: Data collect: SEND
04-22 11:30:01.294 13826 13905 D connectedcrossroad: Data collect: SEND
04-22 11:30:01.314 21460 14061 I chatty  : uid=10158 com.google.android.gms.persistent expire 2 lines
04-22 11:30:01.456 21460 14028 I chatty  : uid=10158 com.google.android.gms.persistent expire 7 lines
04-22 11:30:01.972  1749  7754 I ActivityManager: Force stopping com.google.location.nearby.apps.connectedcrossroad appid=10216 user=0: from pid 14096
04-22 11:30:01.973  1749  7754 I ActivityManager: Killing 13826:com.google.location.nearby.apps.connectedcrossroad/u0a216 (adj 0): stop com.google.location.nearby.apps.connectedcrossroad
04-22 11:30:01.974  1749  7754 D ActivityManager: makeInactive, ProcessRecord{24460b5 13826:com.google.location.nearby.apps.connectedcrossroad/u0a216}, clear holder.state
04-22 11:30:01.975 21460 21460 I chatty  : uid=10158 com.google.android.gms.persistent expire 11 lines
04-22 11:30:01.975  1749  7754 W ActivityTaskManager: Force removing ActivityRecord{a008206 u0 com.google.location.nearby.apps.connectedcrossroad/nx.aodv.eval.MainActivity t47 f}: app died, no saved state
04-22 11:30:01.977  1749  7754 V WindowManager: Changing focus from Window{f6cf16d u0 com.google.location.nearby.apps.connectedcrossroad/nx.aodv.eval.MainActivity} to null displayId=0
04-22 11:30:01.990  1749  7754 I WindowManager: Window drawn AppWindowToken{1506f4 token=Token{7960c7 ActivityRecord{a008206 u0 com.google.location.nearby.apps.connectedcrossroad/nx.aodv.eval.MainActivity t47}}}
04-22 11:30:01.994  1749  7754 I ActivityTaskManager: moveHomeStack, setupComplete:true
04-22 11:30:01.999  8057  8312 D MCLOG   : [MC_TriggerHelper] PauseResumeTrigger
04-22 11:30:02.021  2508  2508 E PhoneInterfaceManager: [PhoneIntfMgr] getCarrierPackageNamesForIntent: No UICC
04-22 11:30:02.021  2508  2508 D CarrierSvcBindHelper: No carrier app for: 0
04-22 11:30:02.022  8057  8057 D MCLOG   : [MC_Service] onStartcommand()
04-22 11:30:02.042  1749  1772 W ActivityManager: setHasOverlayUi called on unknown pid: 13826
04-22 11:30:02.044   729   729 I Zygote  : Process 13826 exited due to signal 9 (Killed)
04-22 11:30:02.048  1749  1783 I libprocessgroup: Successfully killed process cgroup uid 10216 pid 13826 in 74ms
04-22 11:30:02.051  1749  7754 V WindowManager: Changing focus from null to Window{733e816 u0 com.motorola.launcher3/com.android.launcher3.CustomizationPanelLauncher} displayId=0
04-22 11:30:02.058 29576 29785 D AssistReceiver: call: lightWakeup | null | null
04-22 11:30:02.065  1749  1773 I WindowManager:   SURFACE show Surface(name=com.android.systemui.ImageWallpaper)/@0xcbdab7b on display:0: com.android.systemui.ImageWallpaper
04-22 11:30:02.069  1749  1773 I WindowManager: Window drawn AppWindowToken{7a5d47e token=Token{e022639 ActivityRecord{9980e00 u0 com.motorola.launcher3/com.android.launcher3.CustomizationPanelLauncher t3}}}
04-22 11:30:02.072  1749  1773 I WindowManager:   SURFACE show Surface(name=com.motorola.launcher3/com.android.launcher3.CustomizationPanelLauncher)/@0xc8ba402 on display:0: com.motorola.launcher3/com.android.launcher3.CustomizationPanelLauncher
04-22 11:30:02.150  1749  1773 I WindowManager:   SURFACE show Surface(name=com.motorola.launcher3/com.android.launcher3.CustomizationPanelLauncher)/@0x266507c on display:0: com.motorola.launcher3/com.android.launcher3.CustomizationPanelLauncher
04-22 11:30:02.220 21153 21380 W ThreadPoolDumper: Queue length for executor EventBus is now 11. Perhaps some tasks are too long, or the pool is too small.
04-22 11:30:02.290 21153 21343 W LocationOracle: No location history returned by ContextManager
04-22 11:30:02.301 21153 21380 I MicroDetectionState: Should stop hotword detection immediately - false
04-22 11:30:02.304 21153 21380 I MicroDetectionState: Should stop hotword detection immediately - false
04-22 11:30:02.312 21153 21380 I MicroDetectionWorker: #startMicroDetector [speakerMode: 0]
04-22 11:30:02.316 21153 21380 I AudioController: Created new AudioSource
04-22 11:30:02.319 21153 21406 I MicroDataManager: isInitializing-false locale not changed-true model not changed-true
04-22 11:30:02.319 21153 21406 I MicroDataManager: Already initialized, obtaining the hotword data immediately.
04-22 11:30:02.331 21153 14104 I MicroRecognitionRunner: Starting detection.
04-22 11:30:02.332 21153 14104 I InputStreamUtils: Using micInputStream
04-22 11:30:02.332 21153 12974 I MicrophoneInputStream: mic_starting  SR : 16000 CC : 16 SO : 1999
04-22 11:30:02.336   815   961 V msm8974_platform: platform_check_input_mask: enter check_input_mask source 6 mask 10
04-22 11:30:02.336   815   961 V msm8974_platform: platform_check_input_mask: enter check_input_mask source 6 mask 10
04-22 11:30:02.338   867 14106 I AudioFlinger: AudioFlinger's thread 0xa5334cc0 tid=14106 ready to run
04-22 11:30:02.344   867  1153 D APM_AudioPolicyManager: startInput input:318, session:505, source 1999)
04-22 11:30:02.346   815   961 D audio_hw_primary: in_set_parameters: enter: kvpairs=bottom=;input_source=6;routing=-2147483644
04-22 11:30:02.349  1749  1767 I AudioService.RecordingActivityMonitor: rec update riid:439 uid:10122 session:505 src:HOTWORD pack:com.google.android.googlequicksearchbox
04-22 11:30:02.354   815 14107 V msm8974_platform: platform_update_usecase_from_source: input source :6
04-22 11:30:02.354   815 14107 V msm8974_platform: platform_check_input_mask: enter check_input_mask source 6 mask 10
04-22 11:30:02.354 21153 12974 I MicrophoneInputStream: mic_started  SR : 16000 CC : 16 SO : 1999
04-22 11:30:02.355   815 14107 V msm8974_platform: platform_get_input_snd_device: enter: out_device(0) in_device(0x4) channel_count (1) channel_mask (0x10)
04-22 11:30:02.355   815 14107 V msm8974_platform: platform_get_input_snd_device: exit: in_snd_device(voice-rec-mic)
04-22 11:30:02.355   815 14107 V msm8974_platform: platform_get_backend_index:napb: backend port - 6 device - 136 
04-22 11:30:02.355   815 14107 V msm8974_platform: platform_check_and_set_capture_backend_cfg:txbecf: afe: bitwidth 0, samplerate 0, channel 1, backend_idx 6 usecase = 10 device (voice-rec-mic)
04-22 11:30:02.355   815 14107 V msm8974_platform: platform_check_capture_backend_cfg:txbecf: afe: Codec selected backend: 6 current bit width: 0 and sample rate: 0, channels 1
04-22 11:30:02.355   815 14107 V msm8974_platform: platform_check_capture_backend_cfg:txbecf: afe: Codec selected backend: 6 updated bit width: 0 and sample rate: 0
04-22 11:30:02.355   815 14107 I msm8974_platform: platform_check_capture_backend_cfg:txbecf: afe: Codec backend needs to be updated. new bit width: 0 new sample rate: 0 new channel: 1
04-22 11:30:02.355   815 14107 V msm8974_platform: platform_get_backend_index:napb: backend port - 6 device - 136 
04-22 11:30:02.355   815 14107 V msm8974_platform: platform_set_backend_cfg:becf: afe: bitwidth 0, samplerate 0 channels 1, backend_idx 6 device (voice-rec-mic)
04-22 11:30:02.355   815 14107 E msm8974_platform: platform_set_backend_cfg:becf: afe: Could not get ctl for mixer command - SLIM_0_TX Format
04-22 11:30:02.355   815 14107 V msm8974_platform: platform_send_audio_calibration: sending audio calibration for snd_device(136) acdb_id(62)
04-22 11:30:02.355   815 14107 D ACDB-LOADER: ACDB -> send_audio_cal, acdb_id = 62, path = 1, app id = 0x11130, sample rate = 48000, afe_sample_rate = 48000
04-22 11:30:02.356   815 14107 D ACDB-LOADER: ACDB -> send_asm_topology
04-22 11:30:02.356   815 14107 D ACDB-LOADER: ACDB -> ACDB_CMD_GET_AUDPROC_STREAM_TOPOLOGY_ID
04-22 11:30:02.356   815 14107 D ACDB-LOADER: ACDB -> send_adm_topology
04-22 11:30:02.356   815 14107 D ACDB-LOADER: ACDB -> ACDB_CMD_GET_AUDPROC_COMMON_TOPOLOGY_ID
04-22 11:30:02.356   815 14107 D ACDB-LOADER: ACDB -> send_audtable
04-22 11:30:02.356   815 14107 D ACDB-LOADER: ACDB -> ACDB_CMD_GET_AUDPROC_COMMON_TABLE_SIZE
04-22 11:30:02.356   815 14107 D ACDB-LOADER: ACDB -> ACDB_CMD_GET_AUDPROC_COMMON_TABLE
04-22 11:30:02.356   815 14107 D ACDB-LOADER: ACDB -> AUDIO_SET_AUDPROC_CAL cal_type[11] acdb_id[62] app_type[69936]
04-22 11:30:02.356   815 14107 D ACDB-LOADER: ACDB -> ACDB_CMD_GET_AUDPROC_STREAM_TABLE_SIZE
04-22 11:30:02.356   815 14107 D ACDB-LOADER: ACDB -> send_audstrmtable
04-22 11:30:02.356   815 14107 D ACDB-LOADER: ACDB -> ACDB_CMD_GET_AUDPROC_STREAM_TABLE_V2
04-22 11:30:02.356   815 14107 D ACDB-LOADER: ACDB -> audstrm_cal->cal_type.cal_data.cal_size = 16
04-22 11:30:02.356   815 14107 D ACDB-LOADER: ACDB -> send_afe_topology
04-22 11:30:02.356   815 14107 D ACDB-LOADER: ACDB -> ACDB_CMD_GET_AFE_TOPOLOGY_ID
04-22 11:30:02.356   815 14107 D ACDB-LOADER: ACDB -> GET_AFE_TOPOLOGY_ID for adcd_id 62, Topology Id 112fb
04-22 11:30:02.356   815 14107 D ACDB-LOADER: ACDB -> send_afe_cal
04-22 11:30:02.356   815 14107 D ACDB-LOADER: ACDB -> ACDB_CMD_GET_AFE_COMMON_TABLE_SIZE
04-22 11:30:02.356   815 14107 D         : Failed to fetch the lookup information of the device 0000003E 
04-22 11:30:02.356   815 14107 D ACDB-LOADER: Error: ACDB_CMD_GET_AFE_COMMON_TABLE_SIZE Returned = -19
04-22 11:30:02.356   815 14107 D ACDB-LOADER: ACDB -> ACDB_CMD_GET_AFE_COMMON_TABLE
04-22 11:30:02.356   815 14107 D         : Failed to fetch the lookup information of the device 0000003E 
04-22 11:30:02.356   815 14107 D ACDB-LOADER: Error: ACDB AFE returned = -19
04-22 11:30:02.356   815 14107 D ACDB-LOADER: ACDB -> AUDIO_SET_AFE_CAL cal_type[17] acdb_id[62]
04-22 11:30:02.356   815 14107 D ACDB-LOADER: ACDB -> send_hw_delay : acdb_id = 62 path = 1
04-22 11:30:02.356   815 14107 D ACDB-LOADER: ACDB -> ACDB_AVSYNC_INFO: ACDB_CMD_GET_DEVICE_PROPERTY
04-22 11:30:02.356   815 14107 D audio_hw_primary: enable_snd_device: snd_device(136: voice-rec-mic)
04-22 11:30:02.356   815 14107 D audio_route: Apply path: voice-rec-mic
04-22 11:30:02.359   815 14107 V msm8974_platform: platform_get_snd_device_backend_index: enter with device 136
04-22 11:30:02.359   815 14107 V msm8974_platform: platform_get_backend_index:napb: backend port - 6 device - 136 
04-22 11:30:02.359   815 14107 I audio_hw_utils: Set Audio Stream Capture 0 App Type Cfg: app_type 69936, acdb_dev_id 62, sample_rate 48000, snd_device_be_idx 3
04-22 11:30:02.360   815 14107 D audio_hw_primary: enable_audio_route: usecase(10) apply and update mixer path: audio-record
04-22 11:30:02.360   815 14107 D audio_route: Apply path: audio-record
04-22 11:30:02.422 21153 14104 W SpeechLevelGenerator: Really low audio levels detected. The audio input may have issues.
04-22 11:30:02.422 21153 21380 I MicroDetectionWorker: onReady
04-22 11:30:03.260 21460 13997 I chatty  : uid=10158 com.google.android.gms.persistent expire 4 lines
04-22 11:30:03.288 12679 12679 W adbd    : timeout expired while flushing socket, closing
04-22 11:30:03.294  1749  7787 I WifiService: enableTdls uid=10158 enable=false
04-22 11:30:03.300  1749   552 I WifiService: enableTdlsWithMacAddress uid=1000 enable=false
04-22 11:30:03.602  1749  7787 I WifiService: enableTdls uid=10158 enable=false
04-22 11:30:03.608  1749   552 I WifiService: enableTdlsWithMacAddress uid=1000 enable=false
04-22 11:30:03.703 21460 13970 I chatty  : uid=10158 com.google.android.gms.persistent expire 5 lines
04-22 11:30:03.912  1749  7787 I WifiService: enableTdls uid=10158 enable=false
04-22 11:30:03.914 21460 13580 I chatty  : uid=10158 com.google.android.gms.persistent expire 77 lines
04-22 11:30:03.915 21460 13991 I chatty  : uid=10158 com.google.android.gms.persistent expire 1 line
04-22 11:30:03.915  1749   552 I WifiService: enableTdlsWithMacAddress uid=1000 enable=false
04-22 11:30:03.969  3398  3398 D BluetoothA2dp: Binding service...
04-22 11:30:03.984  3398  3398 I BistoRealService: onStartCommand: 0 1 Intent { act=com.google.android.apps.gsa.broadcastreceiver.SETTINGS_CHANGED cmp=com.google.android.googlequicksearchbox/com.google.android.apps.gsa.staticplugins.bisto.BistoRealService (has extras) }
04-22 11:30:03.988  3398  3398 I BistoRealService: Intent handled internally
04-22 11:30:03.988  3398  3398 D BluetoothA2dp: Proxy object connected
04-22 11:30:04.824 21460 13965 I chatty  : uid=10158 com.google.android.gms.persistent expire 1 line
04-22 11:30:04.930  2294  2614 I chatty  : uid=1002(bluetooth) btu message loo expire 55 lines
04-22 11:30:05.200  2294  2588 I chatty  : uid=1002(bluetooth) BluetoothScanMa expire 27 lines
04-22 11:30:05.252  1749  2257 D NsdService: unregister service
04-22 11:30:05.252  1749  2257 D NsdService: mdnssd [stop-register, 27]
04-22 11:30:05.253   728  1296 D MDnsDS  : Stopping register with ref 0xa6b00dd0
04-22 11:30:05.253   728  1296 D MDnsDS  : freeServiceRef 27
04-22 11:30:05.253   728  1296 D MDnsDS  : triggering rescan
04-22 11:30:05.254   728  1295 D MDnsDS  : Monitor poll got data pollCount = 2, 2
04-22 11:30:05.254   728  1295 D MDnsDS  : Monitor found [1].revents = 32 - calling ProcessResults
04-22 11:30:05.254   728  1295 W /system/bin/netd: dnssd_clientstub DNSServiceProcessResult called with NULL DNSServiceRef
04-22 11:30:05.254   728  1295 D MDnsDS  : controlSocket shows revent= 1
04-22 11:30:05.254   728  1295 D MDnsDS  : MDnsSdListener::Monitor got 1
04-22 11:30:05.254   728  1295 D MDnsDS  : MDnsSdListener::Monitor poll rescanning - size=10, live=0
04-22 11:30:05.254   728  1295 D MDnsDS  : Going to poll with pollCount 1
04-22 11:30:05.261  1749  7754 I WifiService: releaseMulticastLock uid=10158
04-22 11:30:05.307  1749  1749 D BluetoothManagerService: Bluetooth Adapter name changed to moto e
04-22 11:30:05.308  1749  1749 D BluetoothManagerService: Stored Bluetooth name: moto e
04-22 11:30:05.308  1749  1749 V SettingsProvider: Notifying for 0: content://settings/secure/bluetooth_name
04-22 11:30:05.823 21460 14014 I chatty  : uid=10158(com.google.android.gms) highpool[481] expire 5 lines
04-22 11:30:06.342  2313  2395 W BluetoothEventManager: AclStateChangedHandler: activeDevice is null
04-22 11:30:06.351  8057  8057 D MCLOG   : [MC_Service] onStartcommand()
04-22 11:30:06.371 21153 21380 I BistoWorker: bluetoothConnectionStateChanged. Action: android.bluetooth.device.action.ACL_DISCONNECTED
04-22 11:30:06.377 21153 21380 I DeviceDetector: Not bonded or not refresh cache.
04-22 11:30:06.377 21153 21380 I BistoWorker: Not a bisto device: 58:36:6A:47:4B:AD
04-22 11:30:06.524 14129 14129 I studio.deploy: DeltaInstall found API level:29
04-22 11:30:06.524 14129 14129 I studio.deploy: -t
04-22 11:30:06.524 14129 14129 I studio.deploy: --user
04-22 11:30:06.524 14129 14129 I studio.deploy: current
04-22 11:30:06.525 14129 14129 I studio.deploy: --full
04-22 11:30:06.525 14129 14129 I studio.deploy: --dont-kill
04-22 11:30:06.525 14129 14129 I studio.deploy: -r
04-22 11:30:06.632 14129 14129 I studio.deploy: DeltaInstall created session: '1722387027'
04-22 11:30:06.632 14129 14129 I studio.deploy: package
04-22 11:30:06.632 14129 14129 I studio.deploy: install-write
04-22 11:30:06.632 14129 14129 I studio.deploy: -S
04-22 11:30:06.632 14129 14129 I studio.deploy: 4147141
04-22 11:30:06.632 14129 14129 I studio.deploy: 1722387027
04-22 11:30:06.632 14129 14129 I studio.deploy: base.apk
04-22 11:30:06.774 14129 14129 I studio.deploy: Streaming succeeded for '/data/app/com.google.location.nearby.apps.connectedcrossroad-oZYYEyO_tZATpPrI_88wnQ==/base.apk'
04-22 11:30:06.774 14129 14129 I studio.deploy: package
04-22 11:30:06.775 14129 14129 I studio.deploy: install-commit
04-22 11:30:06.775 14129 14129 I studio.deploy: 1722387027
04-22 11:30:06.960 29193 29193 I Finsky  : [2] arkg.b(3): Verification requested, id = 31
04-22 11:30:07.007 29193 29193 E Finsky  : [2] VerifyPerSourceInstallationConsentInstallTask.f(2): Package name null is not an installed package
04-22 11:30:07.034 29193 13768 I Finsky  : [3198] arme.a(7): Single user settings service is not running, bind it now
04-22 11:30:07.042 29193 29193 I Finsky  : [2] armd.onServiceConnected(1): Single user settings service is connected
04-22 11:30:07.057 29193 13768 W Settings: Setting install_non_market_apps has moved from android.provider.Settings.Global to android.provider.Settings.Secure, returning read-only value.
04-22 11:30:07.282 29193 13768 I Finsky  : [3198] qjm.c(3): Task 7 requested foreground
04-22 11:30:07.285 29193 13768 I Finsky  : [3198] qjm.c(8): Not entering foreground
04-22 11:30:07.302   728 14157 E ResolverController: No valid NAT64 prefix (101, <unspecified>/0)
04-22 11:30:07.482 29193 14159 I Finsky  : [3217] arsk.c(3): Verify: Verification package=com.google.location.nearby.apps.connectedcrossroad, id=31 response=0
04-22 11:30:07.547 29193 13768 I Finsky  : [3198] VerifyPerSourceInstallationConsentInstallTask.ng(2): PSIC verification started with installer uid: 2000 package name: null, originating uid: -1
04-22 11:30:07.550 29193 29193 I Finsky  : [2] VerifyInstallTask.g(3): Verifying id=31, result=1
04-22 11:30:07.574  1749  1794 I PackageManager: Update package com.google.location.nearby.apps.connectedcrossroad code path from /data/app/com.google.location.nearby.apps.connectedcrossroad-oZYYEyO_tZATpPrI_88wnQ== to /data/app/com.google.location.nearby.apps.connectedcrossroad-CDLtrFTqWQIFVnQU5n6rWQ==; Retain data and using new
04-22 11:30:07.574  1749  1794 I PackageManager: Update package com.google.location.nearby.apps.connectedcrossroad resource path from /data/app/com.google.location.nearby.apps.connectedcrossroad-oZYYEyO_tZATpPrI_88wnQ== to /data/app/com.google.location.nearby.apps.connectedcrossroad-CDLtrFTqWQIFVnQU5n6rWQ==; Retain data and using new
04-22 11:30:07.729  1749  1794 I PackageManager: Un-granting permission android.permission.MANAGE_DOCUMENTS from package com.google.android.youtube (protectionLevel=262146 flags=0x30dbbe45)
04-22 11:30:07.732  1749  1794 I PackageManager: Un-granting permission com.google.android.googleapps.permission.GOOGLE_AUTH from package com.android.providers.calendar (protectionLevel=2 flags=0x30883e45)
04-22 11:30:07.732  1749  1794 I PackageManager: Un-granting permission com.google.android.googleapps.permission.GOOGLE_AUTH.cl from package com.android.providers.calendar (protectionLevel=2 flags=0x30883e45)
04-22 11:30:07.733  1749  1794 I PackageManager: Un-granting permission com.google.android.gm.permission.READ_GMAIL from package com.google.android.apps.docs.editors.docs (protectionLevel=2 flags=0x38dbbe44)
04-22 11:30:07.733  1749  1794 I PackageManager: Un-granting permission com.google.android.googleapps.permission.GOOGLE_AUTH from package com.google.android.apps.docs.editors.docs (protectionLevel=2 flags=0x38dbbe44)
04-22 11:30:07.733  1749  1794 I PackageManager: Un-granting permission com.google.android.googleapps.permission.GOOGLE_AUTH.OTHER_SERVICES from package com.google.android.apps.docs.editors.docs (protectionLevel=2 flags=0x38dbbe44)
04-22 11:30:07.733  1749  1794 I PackageManager: Un-granting permission com.google.android.googleapps.permission.GOOGLE_AUTH.ALL_SERVICES from package com.google.android.apps.docs.editors.docs (protectionLevel=2 flags=0x38dbbe44)
04-22 11:30:07.733  1749  1794 I PackageManager: Un-granting permission com.google.android.googleapps.permission.GOOGLE_AUTH.writely from package com.google.android.apps.docs.editors.docs (protectionLevel=2 flags=0x38dbbe44)
04-22 11:30:07.733  1749  1794 I PackageManager: Un-granting permission com.google.android.googleapps.permission.GOOGLE_AUTH.wise from package com.google.android.apps.docs.editors.docs (protectionLevel=2 flags=0x38dbbe44)
04-22 11:30:07.734  1749  1794 I PackageManager: Un-granting permission android.permission.REQUEST_INSTALL_PACKAGES from package com.motorola.brapps (protectionLevel=66 flags=0x38483e45)
04-22 11:30:07.736  1749  1794 I PackageManager: Un-granting permission com.google.android.gm.permission.READ_GMAIL from package com.google.android.apps.docs.editors.sheets (protectionLevel=2 flags=0x38dbbe44)
04-22 11:30:07.736  1749  1794 I PackageManager: Un-granting permission com.google.android.googleapps.permission.GOOGLE_AUTH from package com.google.android.apps.docs.editors.sheets (protectionLevel=2 flags=0x38dbbe44)
04-22 11:30:07.736  1749  1794 I PackageManager: Un-granting permission com.google.android.googleapps.permission.GOOGLE_AUTH.OTHER_SERVICES from package com.google.android.apps.docs.editors.sheets (protectionLevel=2 flags=0x38dbbe44)
04-22 11:30:07.736  1749  1794 I PackageManager: Un-granting permission com.google.android.googleapps.permission.GOOGLE_AUTH.ALL_SERVICES from package com.google.android.apps.docs.editors.sheets (protectionLevel=2 flags=0x38dbbe44)
04-22 11:30:07.737  1749  1794 I PackageManager: Un-granting permission com.google.android.googleapps.permission.GOOGLE_AUTH.writely from package com.google.android.apps.docs.editors.sheets (protectionLevel=2 flags=0x38dbbe44)
04-22 11:30:07.737  1749  1794 I PackageManager: Un-granting permission com.google.android.googleapps.permission.GOOGLE_AUTH.wise from package com.google.android.apps.docs.editors.sheets (protectionLevel=2 flags=0x38dbbe44)
04-22 11:30:07.737  1749  1794 I PackageManager: Un-granting permission com.google.android.gm.permission.READ_GMAIL from package com.google.android.apps.docs.editors.slides (protectionLevel=2 flags=0x38dbbe44)
04-22 11:30:07.737  1749  1794 I PackageManager: Un-granting permission com.google.android.googleapps.permission.GOOGLE_AUTH from package com.google.android.apps.docs.editors.slides (protectionLevel=2 flags=0x38dbbe44)
04-22 11:30:07.737  1749  1794 I PackageManager: Un-granting permission com.google.android.googleapps.permission.GOOGLE_AUTH.OTHER_SERVICES from package com.google.android.apps.docs.editors.slides (protectionLevel=2 flags=0x38dbbe44)
04-22 11:30:07.737  1749  1794 I PackageManager: Un-granting permission com.google.android.googleapps.permission.GOOGLE_AUTH.ALL_SERVICES from package com.google.android.apps.docs.editors.slides (protectionLevel=2 flags=0x38dbbe44)
04-22 11:30:07.737  1749  1794 I PackageManager: Un-granting permission com.google.android.googleapps.permission.GOOGLE_AUTH.writely from package com.google.android.apps.docs.editors.slides (protectionLevel=2 flags=0x38dbbe44)
04-22 11:30:07.737  1749  1794 I PackageManager: Un-granting permission com.google.android.googleapps.permission.GOOGLE_AUTH.wise from package com.google.android.apps.docs.editors.slides (protectionLevel=2 flags=0x38dbbe44)
04-22 11:30:07.738  1749  1794 I PackageManager: Un-granting permission com.google.android.setupwizard.READ_DEVICE_ORIGIN from package com.google.android.apps.messaging (protectionLevel=18 flags=0x38cbbe45)
04-22 11:30:07.742  1749  1794 I PackageManager: Un-granting permission android.permission.SEND_DOWNLOAD_COMPLETED_INTENTS from package com.android.vending (protectionLevel=2 flags=0x28cabec5)
04-22 11:30:07.748  1749  1794 I PackageManager: Un-granting permission android.permission.BIND_CARRIER_SERVICES from package com.republicwireless.tel (protectionLevel=18 flags=0x30483e45)
04-22 11:30:07.748  1749  1794 I PackageManager: Un-granting permission android.permission.REQUEST_INSTALL_PACKAGES from package com.google.android.gm (protectionLevel=66 flags=0x38cbbe45)
04-22 11:30:07.752  1749  1794 I PackageManager: Un-granting permission android.permission.MANAGE_ROLE_HOLDERS from package com.google.android.apps.wellbeing (protectionLevel=258 flags=0x20cbbe45)
04-22 11:30:07.753  1749  1794 I PackageManager: Un-granting permission android.permission.REQUEST_INSTALL_PACKAGES from package com.google.android.apps.nbu.files (protectionLevel=66 flags=0x30c83e45)
04-22 11:30:07.753  1749  1794 I PackageManager: Un-granting permission android.permission.REQUEST_INSTALL_PACKAGES from package com.google.android.apps.docs (protectionLevel=66 flags=0x38cbbe45)
04-22 11:30:07.755  1749  1794 I PackageManager: Un-granting permission android.permission.INTERACT_ACROSS_USERS from package com.google.android.syncadapters.contacts (protectionLevel=50 flags=0x20883e45)
04-22 11:30:07.755  1749  1794 I PackageManager: Un-granting permission android.permission.REQUEST_INSTALL_PACKAGES from package com.android.chrome (protectionLevel=66 flags=0xa0cbbe45)
04-22 11:30:07.755  1749  1794 I PackageManager: Un-granting permission android.permission.CAPTURE_VIDEO_OUTPUT from package com.google.android.gms (protectionLevel=2 flags=0xa0cabec5)
04-22 11:30:07.756  1749  1794 I PackageManager: Un-granting permission android.permission.MANAGE_DEVICE_ADMINS from package com.google.android.gms (protectionLevel=2 flags=0xa0cabec5)
04-22 11:30:07.756  1749  1794 I PackageManager: Un-granting permission android.permission.MANAGE_ACTIVITY_STACKS from package com.google.android.gms (protectionLevel=2 flags=0xa0cabec5)
04-22 11:30:07.757  1749  1794 I PackageManager: Un-granting permission android.permission.CAPTURE_SECURE_VIDEO_OUTPUT from package com.google.android.gms (protectionLevel=2 flags=0xa0cabec5)
04-22 11:30:07.757  1749  1794 I PackageManager: Un-granting permission android.permission.MANAGE_ROLLBACKS from package com.google.android.gms (protectionLevel=514 flags=0xa0cabec5)
04-22 11:30:07.759  1749  1794 I PackageManager: Un-granting permission com.google.android.googleapps.permission.GOOGLE_AUTH from package com.google.android.videos (protectionLevel=2 flags=0x30dbbe45)
04-22 11:30:07.760  1749  1794 I PackageManager: Un-granting permission android.permission.WRITE_MEDIA_STORAGE from package com.google.android.apps.photos (protectionLevel=18 flags=0x38d9be45)
04-22 11:30:07.764  1749  1794 I PackageManager: Un-granting permission android.permission.CONNECTIVITY_INTERNAL from package com.google.android.wfcactivation (protectionLevel=18 flags=0x3888be45)
04-22 11:30:07.764  1749  1794 I PackageManager: Un-granting permission android.permission.READ_LOGS from package com.google.android.wfcactivation (protectionLevel=50 flags=0x3888be45)
04-22 11:30:07.764  1749  1794 I PackageManager: Un-granting permission android.permission.WRITE_APN_SETTINGS from package com.google.android.wfcactivation (protectionLevel=18 flags=0x3888be45)
04-22 11:30:07.764  1749  1794 I PackageManager: Un-granting permission android.permission.WRITE_SECURE_SETTINGS from package com.LogiaGroup.LogiaDeck (protectionLevel=50 flags=0x38483e45)
04-22 11:30:07.766  1749  1794 I PackageManager: Un-granting permission android.permission.READ_WALLPAPER_INTERNAL from package com.google.android.apps.wallpaper (protectionLevel=18 flags=0x20cbbe45)
04-22 11:30:07.878   728  2384 I netd    : trafficSetNetPermForUids(4, [10216]) <0.03ms>
04-22 11:30:07.892  3334  3334 D MotoSystemServer: receive intent :Intent { act=android.intent.action.PACKAGE_REMOVED dat=package:com.google.location.nearby.apps.connectedcrossroad flg=0x4000010 (has extras) }
04-22 11:30:07.893  3334  3334 D MotoSystemServer:  packageName = com.google.location.nearby.apps.connectedcrossroad
04-22 11:30:07.894  3398  3398 I GsaVoiceInteractionSrv: O received Intent { act=android.intent.action.PACKAGE_REMOVED dat=package:com.google.location.nearby.apps.connectedcrossroad flg=0x4000010 (has extras) }
04-22 11:30:07.903  1749  1781 W BroadcastQueue: Background execution not allowed: receiving Intent { act=android.intent.action.PACKAGE_REMOVED dat=package:com.google.location.nearby.apps.connectedcrossroad flg=0x4000010 (has extras) } to com.android.vending/com.google.android.finsky.packagemanager.impl.PackageMonitorReceiverImpl$RegisteredReceiver
04-22 11:30:07.903  1749  1781 W BroadcastQueue: Background execution not allowed: receiving Intent { act=android.intent.action.PACKAGE_REMOVED dat=package:com.google.location.nearby.apps.connectedcrossroad flg=0x4000010 (has extras) } to com.android.vending/com.google.android.finsky.instantapps.appmanagement.InstantAppRemoveMonitor
04-22 11:30:07.903  1749  1781 W BroadcastQueue: Background execution not allowed: receiving Intent { act=android.intent.action.PACKAGE_REMOVED dat=package:com.google.location.nearby.apps.connectedcrossroad flg=0x4000010 (has extras) } to com.google.android.gms/.games.chimera.GamesSystemBroadcastReceiverProxy
04-22 11:30:07.910  1749  2067 W AccountManagerService: User 10216 does not exist. It might be removed already.
04-22 11:30:07.917  1749  2137 I InputReader: Reconfiguring input devices.  changes=0x00000010
04-22 11:30:07.918  1749  2646 W LocationProviderProxy: com.qualcomm.location resolves service com.android.location.service.v3.NetworkLocationProvider, but has wrong signature, ignoring
04-22 11:30:07.919  1749  2137 I InputReader: Reconfiguring input devices.  changes=0x00000010
04-22 11:30:07.922  1749  2646 W LocationProviderProxy: com.google.android.gms resolves service com.android.location.service.v3.NetworkLocationProvider, but has wrong signature, ignoring
04-22 11:30:07.923  1749  2646 W LocationProviderProxy: com.qualcomm.location resolves service com.android.location.service.v3.NetworkLocationProvider, but has wrong signature, ignoring
04-22 11:30:07.923  1749  2646 W LocationProviderProxy: Odd, no component found for service com.android.location.service.v3.NetworkLocationProvider
04-22 11:30:07.927  3334  3334 D MotoSystemServer: receive intent :Intent { act=android.intent.action.PACKAGE_ADDED dat=package:com.google.location.nearby.apps.connectedcrossroad flg=0x4000010 (has extras) }
04-22 11:30:07.927  3334  3334 D MotoSystemServer:  packageName = com.google.location.nearby.apps.connectedcrossroad
04-22 11:30:07.928  3398  3398 I GsaVoiceInteractionSrv: O received Intent { act=android.intent.action.PACKAGE_ADDED dat=package:com.google.location.nearby.apps.connectedcrossroad flg=0x4000010 (has extras) }
04-22 11:30:07.929  3334  3334 D MotoSystemServer: Finding service package:com.motorola.actions and service:com.motorola.actions.motoservice.MotoService
04-22 11:30:07.930  1749  1781 W BroadcastQueue: Background execution not allowed: receiving Intent { act=android.intent.action.PACKAGE_REMOVED dat=package:com.google.location.nearby.apps.connectedcrossroad flg=0x4000010 (has extras) } to com.google.android.gms/.chimera.GmsIntentOperationService$PersistentTrustedReceiver
04-22 11:30:07.930  1749  1781 W BroadcastQueue: Background execution not allowed: receiving Intent { act=android.intent.action.PACKAGE_REMOVED dat=package:com.google.location.nearby.apps.connectedcrossroad flg=0x4000010 (has extras) } to com.google.android.googlequicksearchbox/com.google.android.apps.gsa.googlequicksearchbox.GelStubAppWatcher
04-22 11:30:07.931  3334  3334 D MotoSystemServer: Finding service package:com.motorola.moto and service:com.motorola.mya.MayaManagerService
04-22 11:30:07.931  3334  3334 D MotoSystemServer: Finding service package:com.motorola.msimsettings and service:com.motorola.msimsettings.services.PersistentService
04-22 11:30:07.932  3334  3334 D MotoSystemServer: Component ComponentInfo{com.motorola.moto/com.motorola.mya.MayaManagerService} is Disabled
04-22 11:30:07.932  3334  3334 W MotoSystemServer: Moto service : com.motorola.msimsettings/com.motorola.msimsettings.services.PersistentService has been already binded
04-22 11:30:07.932  3334  3334 W MotoSystemServer: Moto service : com.motorola.actions/com.motorola.actions.motoservice.MotoService has been already binded
04-22 11:30:07.934 29193 29193 I Finsky  : [2] acis.h(1): PackageMonitorReceiverImpl - Received: android.intent.action.PACKAGE_REMOVED, [EI7BYFojudkobVjKHwty2rDeKAujxJfCn09fgDnKdGM]
04-22 11:30:07.934 29193 29193 I Finsky  : [2] acjt.g(8): Invalidating cached PackageState for com.google.location.nearby.apps.connectedcrossroad
04-22 11:30:07.946  1749  1781 W BroadcastQueue: Background execution not allowed: receiving Intent { act=android.intent.action.PACKAGE_REMOVED dat=package:com.google.location.nearby.apps.connectedcrossroad flg=0x4000010 (has extras) } to com.verizon.loginengine.unbranded/com.verizon.vzwavs.AVSSystemReceiver
04-22 11:30:07.946  1749  1781 W BroadcastQueue: Background execution not allowed: receiving Intent { act=android.intent.action.PACKAGE_REMOVED dat=package:com.google.location.nearby.apps.connectedcrossroad flg=0x4000010 (has extras) } to com.google.android.apps.magazines/com.google.android.libraries.social.peoplekit.thirdparty.viewcontrollers.ThirdPartyReceiver
04-22 11:30:07.946  1749  1781 W BroadcastQueue: Background execution not allowed: receiving Intent { act=android.intent.action.PACKAGE_ADDED dat=package:com.google.location.nearby.apps.connectedcrossroad flg=0x4000010 (has extras) } to com.google.android.packageinstaller/com.android.packageinstaller.PackageInstalledReceiver
04-22 11:30:07.954  1749  1781 W BroadcastQueue: Background execution not allowed: receiving Intent { act=android.intent.action.PACKAGE_ADDED dat=package:com.google.location.nearby.apps.connectedcrossroad flg=0x4000010 (has extras) } to com.android.vending/com.google.android.finsky.packagemanager.impl.PackageMonitorReceiverImpl$RegisteredReceiver
04-22 11:30:07.956  1749  1781 W BroadcastQueue: Background execution not allowed: receiving Intent { act=android.intent.action.PACKAGE_ADDED dat=package:com.google.location.nearby.apps.connectedcrossroad flg=0x4000010 (has extras) } to com.facebook.appmanager/com.facebook.oxygen.common.packages.event.manifest.ManifestPackageEventReceiver
04-22 11:30:07.957  1749  1781 W BroadcastQueue: Background execution not allowed: receiving Intent { act=android.intent.action.PACKAGE_ADDED dat=package:com.google.location.nearby.apps.connectedcrossroad flg=0x4000010 (has extras) } to com.google.android.gms/.games.chimera.GamesSystemBroadcastReceiverProxy
04-22 11:30:07.980  3334  3334 D MotoSystemServer: receive intent :Intent { act=android.intent.action.PACKAGE_REPLACED dat=package:com.google.location.nearby.apps.connectedcrossroad flg=0x4000010 (has extras) }
04-22 11:30:07.980  3334  3334 D MotoSystemServer:  packageName = com.google.location.nearby.apps.connectedcrossroad
04-22 11:30:07.981  2508  2508 E VvmPkgInstalledRcvr: cannot create TelephonyManager from ComponentInfo{com.android.phone/com.android.services.telephony.TelephonyConnectionService}, ***, UserHandle{0}
04-22 11:30:07.982  1749  1781 W BroadcastQueue: Background execution not allowed: receiving Intent { act=android.intent.action.PACKAGE_ADDED dat=package:com.google.location.nearby.apps.connectedcrossroad flg=0x4000010 (has extras) } to com.google.android.gms/.gass.chimera.PackageChangeBroadcastReceiver
04-22 11:30:07.983  1749  2137 I InputReader: Reconfiguring input devices.  changes=0x00000010
04-22 11:30:07.991  1749  1781 W BroadcastQueue: Background execution not allowed: receiving Intent { act=android.intent.action.PACKAGE_ADDED dat=package:com.google.location.nearby.apps.connectedcrossroad flg=0x4000010 (has extras) } to com.google.android.gms/.chimera.GmsIntentOperationService$PersistentTrustedReceiver
04-22 11:30:07.991  1749  1781 W BroadcastQueue: Background execution not allowed: receiving Intent { act=android.intent.action.PACKAGE_ADDED dat=package:com.google.location.nearby.apps.connectedcrossroad flg=0x4000010 (has extras) } to com.google.android.googlequicksearchbox/com.google.android.apps.gsa.googlequicksearchbox.GelStubAppWatcher
04-22 11:30:07.991  1749  1781 W BroadcastQueue: Background execution not allowed: receiving Intent { act=android.intent.action.PACKAGE_ADDED dat=package:com.google.location.nearby.apps.connectedcrossroad flg=0x4000010 (has extras) } to com.google.android.ims/.receivers.RcsAutoStartReceiver
04-22 11:30:07.997  3398  3398 I GsaVoiceInteractionSrv: O received Intent { act=android.intent.action.PACKAGE_REPLACED dat=package:com.google.location.nearby.apps.connectedcrossroad flg=0x4000010 (has extras) }
04-22 11:30:07.998 29193 14162 I Finsky  : [3218] qty.run(16): Wrote row to frosting DB: 455
04-22 11:30:07.999  8057  8057 D MCLOG   : [MC_Service] onStartcommand()
04-22 11:30:08.002 29193 29193 I Finsky  : [2] szq.s(2): Installer: package com.google.location.nearby.apps.connectedcrossroad was removed. replacing: true
04-22 11:30:08.012 29193 29193 I Finsky  : [2] tao.L(12): Installer: Notifying status update. package=com.google.location.nearby.apps.connectedcrossroad, status=UNINSTALLED
04-22 11:30:08.023  1749 11470 W BroadcastQueue: Background execution not allowed: receiving Intent { act=android.intent.action.PACKAGE_ADDED dat=package:com.google.location.nearby.apps.connectedcrossroad flg=0x4000010 (has extras) } to com.verizon.loginengine.unbranded/com.verizon.vzwavs.AVSSystemReceiver
04-22 11:30:08.055 24881 14166 I chatty  : uid=10158(com.google.android.gms) expire 1 line
04-22 11:30:08.055 29193 29193 I Finsky  : [2] acis.h(1): PackageMonitorReceiverImpl - Received: android.intent.action.PACKAGE_ADDED, [EI7BYFojudkobVjKHwty2rDeKAujxJfCn09fgDnKdGM]
04-22 11:30:08.056 29193 14162 I Finsky  : [3218] qty.run(16): Wrote row to frosting DB: 456
04-22 11:30:08.056 29193 29193 I Finsky  : [2] acjt.g(8): Invalidating cached PackageState for com.google.location.nearby.apps.connectedcrossroad
04-22 11:30:08.057 29193 14169 I Finsky  : [3220] hzi.a(3): Cancelled 0 ongoing asset module downloads for package com.google.location.nearby.apps.connectedcrossroad due to a concurrent app update.
04-22 11:30:08.060 24881 24881 I chatty  : uid=10158(com.google.android.gms) expire 21 lines
04-22 11:30:08.070 21460 14168 I chatty  : uid=10158 com.google.android.gms.persistent expire 1 line
04-22 11:30:08.071  1749  1749 I TelecomService: DefaultDialerCache: Refreshing default dialer for user 0: now com.google.android.dialer: DDC.oR@Atw
04-22 11:30:08.076 29193 14162 I Finsky  : [3218] qty.run(16): Wrote row to frosting DB: 457
04-22 11:30:08.086 29193 14169 I Finsky  : [3220] hzf.a(15): Asset module broadcast after update successful for package com.google.location.nearby.apps.connectedcrossroad. 0 sessions broadcast.
04-22 11:30:08.093 29193 29193 I Finsky  : [2] athq.a(3): Do not start WearSupportService due to Wear service optimization
04-22 11:30:08.097  1749  1749 V BackupManagerConstants: getFullBackupIntervalMilliseconds(...) returns 86400000
04-22 11:30:08.097  1749  1749 V BackupManagerConstants: getFullBackupRequiredNetworkType(...) returns 2
04-22 11:30:08.097  1749  1749 V BackupManagerConstants: getFullBackupRequireCharging(...) returns true
04-22 11:30:08.098  2508  2508 E PhoneInterfaceManager: [PhoneIntfMgr] getCarrierPackageNamesForIntent: No UICC
04-22 11:30:08.098  2508  2508 D CarrierSvcBindHelper: No carrier app for: 0
04-22 11:30:08.098  2508  2508 E PhoneInterfaceManager: [PhoneIntfMgr] getCarrierPackageNamesForIntent: No UICC
04-22 11:30:08.098  2508  2508 D CarrierSvcBindHelper: No carrier app for: 0
04-22 11:30:08.101 29193 14162 I Finsky  : [3218] qty.run(16): Wrote row to frosting DB: 458
04-22 11:30:08.104  2508  2508 E VvmPkgInstalledRcvr: cannot create TelephonyManager from ComponentInfo{com.android.phone/com.android.services.telephony.TelephonyConnectionService}, ***, UserHandle{0}
04-22 11:30:08.105  2508  2508 D ImsResolver: maybeAddedImsService, packageName: com.google.location.nearby.apps.connectedcrossroad
04-22 11:30:08.108  2508  2508 D CarrierConfigLoader: mHandler: 9 phoneId: 0
04-22 11:30:08.115  1749  1749 E LoadedApk: Unable to instantiate appComponentFactory
04-22 11:30:08.115  1749  1749 E LoadedApk: java.lang.ClassNotFoundException: Didn't find class "androidx.core.app.CoreComponentFactory" on path: DexPathList[[],nativeLibraryDirectories=[/system/app/YTMusic/lib/arm, /system/app/YTMusic/YTMusic.apk!/lib/armeabi-v7a, /system/lib, /product/lib, /system/lib, /product/lib]]
04-22 11:30:08.115  1749  1749 E LoadedApk: 	at dalvik.system.BaseDexClassLoader.findClass(BaseDexClassLoader.java:196)
04-22 11:30:08.115  1749  1749 E LoadedApk: 	at java.lang.ClassLoader.loadClass(ClassLoader.java:379)
04-22 11:30:08.115  1749  1749 E LoadedApk: 	at java.lang.ClassLoader.loadClass(ClassLoader.java:312)
04-22 11:30:08.115  1749  1749 E LoadedApk: 	at android.app.LoadedApk.createAppFactory(LoadedApk.java:256)
04-22 11:30:08.115  1749  1749 E LoadedApk: 	at android.app.LoadedApk.updateApplicationInfo(LoadedApk.java:370)
04-22 11:30:08.115  1749  1749 E LoadedApk: 	at android.app.ActivityThread.handleDispatchPackageBroadcast(ActivityThread.java:6186)
04-22 11:30:08.115  1749  1749 E LoadedApk: 	at android.app.ActivityThread$H.handleMessage(ActivityThread.java:2108)
04-22 11:30:08.115  1749  1749 E LoadedApk: 	at android.os.Handler.dispatchMessage(Handler.java:107)
04-22 11:30:08.115  1749  1749 E LoadedApk: 	at android.os.Looper.loop(Looper.java:241)
04-22 11:30:08.115  1749  1749 E LoadedApk: 	at com.android.server.SystemServer.run(SystemServer.java:585)
04-22 11:30:08.115  1749  1749 E LoadedApk: 	at com.android.server.SystemServer.main(SystemServer.java:381)
04-22 11:30:08.115  1749  1749 E LoadedApk: 	at java.lang.reflect.Method.invoke(Native Method)
04-22 11:30:08.115  1749  1749 E LoadedApk: 	at com.android.internal.os.RuntimeInit$MethodAndArgsCaller.run(RuntimeInit.java:492)
04-22 11:30:08.115  1749  1749 E LoadedApk: 	at com.android.internal.os.ZygoteInit.main(ZygoteInit.java:919)
04-22 11:30:08.131 29193 29193 I Finsky  : [2] acis.h(1): PackageMonitorReceiverImpl - Received: android.intent.action.PACKAGE_ADDED, [EI7BYFojudkobVjKHwty2rDeKAujxJfCn09fgDnKdGM]
04-22 11:30:08.132 29193 29193 I Finsky  : [2] acjt.g(8): Invalidating cached PackageState for com.google.location.nearby.apps.connectedcrossroad
04-22 11:30:08.139 29193 14162 I Finsky  : [3218] qty.run(16): Wrote row to frosting DB: 459
04-22 11:30:08.150 29193 29193 I Finsky  : [2] acis.h(1): PackageMonitorReceiverImpl - Deduping intent android.intent.action.PACKAGE_ADDED
04-22 11:30:08.162 29193 29193 I Finsky  : [2] tao.O(7): Installer: found apps to install. isMultiUserMode=false, apps=[]
04-22 11:30:08.167 29193 29193 I Finsky  : [2] acis.h(1): PackageMonitorReceiverImpl - Received: android.intent.action.PACKAGE_ADDED, [EI7BYFojudkobVjKHwty2rDeKAujxJfCn09fgDnKdGM]
04-22 11:30:08.167 29193 29193 I Finsky  : [2] acjt.g(8): Invalidating cached PackageState for com.google.location.nearby.apps.connectedcrossroad
04-22 11:30:08.120  1749  1749 E LoadedApk: Unable to instantiate appComponentFactory
04-22 11:30:08.120  1749  1749 E LoadedApk: java.lang.ClassNotFoundException: Didn't find class "androidx.core.app.CoreComponentFactory" on path: DexPathList[[],nativeLibraryDirectories=[/system/app/YTMusic/lib/arm, /system/app/YTMusic/YTMusic.apk!/lib/armeabi-v7a, /system/lib, /product/lib, /system/lib, /product/lib]]
04-22 11:30:08.120  1749  1749 E LoadedApk: 	at dalvik.system.BaseDexClassLoader.findClass(BaseDexClassLoader.java:196)
04-22 11:30:08.120  1749  1749 E LoadedApk: 	at java.lang.ClassLoader.loadClass(ClassLoader.java:379)
04-22 11:30:08.120  1749  1749 E LoadedApk: 	at java.lang.ClassLoader.loadClass(ClassLoader.java:312)
04-22 11:30:08.120  1749  1749 E LoadedApk: 	at android.app.LoadedApk.createAppFactory(LoadedApk.java:256)
04-22 11:30:08.120  1749  1749 E LoadedApk: 	at android.app.LoadedApk.updateApplicationInfo(LoadedApk.java:370)
04-22 11:30:08.120  1749  1749 E LoadedApk: 	at android.app.ActivityThread.handleDispatchPackageBroadcast(ActivityThread.java:6186)
04-22 11:30:08.120  1749  1749 E LoadedApk: 	at android.app.ActivityThread$H.handleMessage(ActivityThread.java:2108)
04-22 11:30:08.120  1749  1749 E LoadedApk: 	at android.os.Handler.dispatchMessage(Handler.java:107)
04-22 11:30:08.120  1749  1749 E LoadedApk: 	at android.os.Looper.loop(Looper.java:241)
04-22 11:30:08.120  1749  1749 E LoadedApk: 	at com.android.server.SystemServer.run(SystemServer.java:585)
04-22 11:30:08.120  1749  1749 E LoadedApk: 	at com.android.server.SystemServer.main(SystemServer.java:381)
04-22 11:30:08.120  1749  1749 E LoadedApk: 	at java.lang.reflect.Method.invoke(Native Method)
04-22 11:30:08.120  1749  1749 E LoadedApk: 	at com.android.internal.os.RuntimeInit$MethodAndArgsCaller.run(RuntimeInit.java:492)
04-22 11:30:08.120  1749  1749 E LoadedApk: 	at com.android.internal.os.ZygoteInit.main(ZygoteInit.java:919)
04-22 11:30:08.172  1749  1769 W Looper  : Slow delivery took 212ms android.fg h=android.os.Handler c=<recycled PooledLambda@b1628ff> m=0
04-22 11:30:08.177 29193 14188 I Finsky  : [3222] twf.C(2): IQ: Notifying installation update. package=com.google.location.nearby.apps.connectedcrossroad, status=UNINSTALLED
04-22 11:30:08.182 29193 14162 I Finsky  : [3218] qty.run(16): Wrote row to frosting DB: 460
04-22 11:30:08.185 29193 29193 I Finsky  : [2] acis.h(1): PackageMonitorReceiverImpl - Deduping intent android.intent.action.PACKAGE_ADDED
04-22 11:30:08.188 29193 14188 I Finsky  : [3222] twf.t(6): IQ: Pruning inactive install requests
04-22 11:30:08.190  1749  2749 W BroadcastQueue: Background execution not allowed: receiving Intent { act=android.intent.action.PACKAGE_REPLACED dat=package:com.google.location.nearby.apps.connectedcrossroad flg=0x4000010 (has extras) } to com.facebook.appmanager/com.facebook.oxygen.common.packages.event.manifest.ManifestPackageEventReceiver
04-22 11:30:08.190 29193 14188 I Finsky  : [3222] twf.t(41): IQ: No matching installs to run for jobs: []
04-22 11:30:08.191  1749  1781 W BroadcastQueue: Background execution not allowed: receiving Intent { act=android.intent.action.PACKAGE_REPLACED dat=package:com.google.location.nearby.apps.connectedcrossroad flg=0x4000010 (has extras) } to com.google.android.apps.photos/.account.full.FetchAccountPropertiesAppUpgradeBroadcastReceiver
04-22 11:30:08.191  1749  1781 W BroadcastQueue: Background execution not allowed: receiving Intent { act=android.intent.action.PACKAGE_REPLACED dat=package:com.google.location.nearby.apps.connectedcrossroad flg=0x4000010 (has extras) } to com.google.android.apps.photos/.account.full.SyncAccountsForLoginBroadcastReceiver
04-22 11:30:08.192  1749  1781 W BroadcastQueue: Background execution not allowed: receiving Intent { act=android.intent.action.PACKAGE_REPLACED dat=package:com.google.location.nearby.apps.connectedcrossroad flg=0x4000010 (has extras) } to com.google.android.apps.photos/.notificationchannels.AppUpdateBroadcastReceiver
04-22 11:30:08.192  1749  1781 W BroadcastQueue: Background execution not allowed: receiving Intent { act=android.intent.action.PACKAGE_REPLACED dat=package:com.google.location.nearby.apps.connectedcrossroad flg=0x4000010 (has extras) } to com.google.android.gms/.gass.chimera.PackageChangeBroadcastReceiver
04-22 11:30:08.192  1749  1781 W BroadcastQueue: Background execution not allowed: receiving Intent { act=android.intent.action.PACKAGE_REPLACED dat=package:com.google.location.nearby.apps.connectedcrossroad flg=0x4000010 (has extras) } to com.google.android.gms/.chimera.GmsIntentOperationService$PersistentTrustedReceiver
04-22 11:30:08.192  1749  1781 W BroadcastQueue: Background execution not allowed: receiving Intent { act=android.intent.action.PACKAGE_REPLACED dat=package:com.google.location.nearby.apps.connectedcrossroad flg=0x4000010 (has extras) } to com.google.android.googlequicksearchbox/com.google.android.apps.gsa.googlequicksearchbox.GelStubAppWatcher
04-22 11:30:08.192  1749  1781 W BroadcastQueue: Background execution not allowed: receiving Intent { act=android.intent.action.PACKAGE_REPLACED dat=package:com.google.location.nearby.apps.connectedcrossroad flg=0x4000010 (has extras) } to com.google.android.ims/.receivers.RcsAutoStartReceiver
04-22 11:30:08.193  1749  1781 W BroadcastQueue: Background execution not allowed: receiving Intent { act=android.intent.action.PACKAGE_REPLACED dat=package:com.google.location.nearby.apps.connectedcrossroad flg=0x4000010 (has extras) } to com.motorola.ccc.notification/.gcm.GCMAdminReceiver
04-22 11:30:08.193  1749  1781 W BroadcastQueue: Background execution not allowed: receiving Intent { act=android.intent.action.PACKAGE_REPLACED dat=package:com.google.location.nearby.apps.connectedcrossroad flg=0x4000010 (has extras) } to com.verizon.loginengine.unbranded/com.verizon.vzwavs.AVSSystemReceiver
04-22 11:30:08.234 29193 29193 I Finsky  : [2] VerifyInstallTask.ne(6): Verification complete: id=31, package_name=com.google.location.nearby.apps.connectedcrossroad
04-22 11:30:08.265 29193 29193 I Finsky  : [2] agxj.b(5): SCH: Jobs in database: 1-1337 3-25 12-1 26-1414141414 
04-22 11:30:08.266 29193 14163 I Finsky  : [3219] kwu.a(2): [ContentSync] finished, scheduled=true
04-22 11:30:08.269 29193 29193 I Finsky  : [2] agvn.h(37): SCH: ConstraintMapping: 1-1337, 12-1,  -> L: 14808ms, D: 69027526ms, C: false, I: false, N: 1
04-22 11:30:08.270 29193 29193 I Finsky  : [2] agvn.h(37): SCH: ConstraintMapping: 3-25,  -> L: 0ms, D: 80197621ms, C: true, I: true, N: 2
04-22 11:30:08.270 29193 29193 I Finsky  : [2] agvn.h(37): SCH: ConstraintMapping: 26-1414141414,  -> L: 38444016ms, D: 39344016ms, C: false, I: false, N: 0
04-22 11:30:08.294 29193 29193 I Finsky  : [2] agvn.j(7): SCH: Cancelling existing jobscheduler jobs: 9003 9001 9004 
