04-22 11:32:19.158  1743  1743 D BluetoothManagerService: Stored Bluetooth name: IjRGd0Rbye0AAAAAAAAAATM
04-22 11:32:19.158 22073  6656 E NearbyConnections: EndpointManager failed to find EndpointChannel over which to write DATA at offset 612 of Payload -9007404025457505713 to endpoint T8u1 [CONTEXT service_id=54 ]
04-22 11:32:19.158  2290  2348 D AdapterProperties: Scan Mode:23
04-22 11:32:19.158 22073  6656 E NearbyConnections: EndpointManager failed to find EndpointChannel over which to write DATA at offset 612 of Payload -9007404025457505713 to endpoint T8u1 [CONTEXT service_id=54 ]
04-22 11:32:19.159  1743  1743 V SettingsProvider: Notifying for 0: content://settings/secure/bluetooth_name
04-22 11:32:19.161 22073  6656 I chatty  : uid=10156(com.google.android.gms) highpool[332] identical 6 lines
04-22 11:32:19.161 22073  6656 E NearbyConnections: EndpointManager failed to find EndpointChannel over which to write DATA at offset 612 of Payload -9007404025457505713 to endpoint T8u1 [CONTEXT service_id=54 ]
04-22 11:32:19.161 22073 11420 I NearbyMediums: Can't stop the BLE server socket because it was never started. [CONTEXT service_id=54 ]
04-22 11:32:19.161 22073  6656 E NearbyConnections: EndpointManager failed to find EndpointChannel over which to write DATA at offset 612 of Payload -9007404025457505713 to endpoint T8u1 [CONTEXT service_id=54 ]
04-22 11:32:19.161 22073 11420 D BluetoothGattServer: registerCallback()
04-22 11:32:19.161 22073 11420 D BluetoothGattServer: registerCallback() - UUID=0403454f-2a55-43ab-899f-16ab316bc6fe
04-22 11:32:19.162 22073  6656 E NearbyConnections: EndpointManager failed to find EndpointChannel over which to write DATA at offset 612 of Payload -9007404025457505713 to endpoint T8u1 [CONTEXT service_id=54 ]
04-22 11:32:19.162  2290  3378 D BtGatt.GattService: registerServer() - UUID=0403454f-2a55-43ab-899f-16ab316bc6fe
04-22 11:32:19.162 22073  6656 E NearbyConnections: EndpointManager failed to find EndpointChannel over which to write DATA at offset 612 of Payload -9007404025457505713 to endpoint T8u1 [CONTEXT service_id=54 ]
04-22 11:32:19.162 22073  6656 E NearbyConnections: EndpointManager failed to find EndpointChannel over which to write DATA at offset 612 of Payload -9007404025457505713 to endpoint T8u1 [CONTEXT service_id=54 ]
04-22 11:32:19.162  2290  2603 I bt_stack: [INFO:bta_gatts_act.cc(208)] register application first_unuse rcb_idx=0
04-22 11:32:19.162  2290  2603 I bt_stack: [INFO:gatt_api.cc(950)] GATT_Register 0403454f-2a55-43ab-899f-16ab316bc6fe
04-22 11:32:19.162  2290  2603 I bt_stack: [INFO:gatt_api.cc(970)] allocated gatt_if=8
04-22 11:32:19.163  2290  2348 D BtGatt.GattService: onServerRegistered() - UUID=0403454f-2a55-43ab-899f-16ab316bc6fe, serverIf=8
04-22 11:32:19.163 22073  6656 E NearbyConnections: EndpointManager failed to find EndpointChannel over which to write DATA at offset 612 of Payload -9007404025457505713 to endpoint T8u1 [CONTEXT service_id=54 ]
04-22 11:32:19.163 22073 22154 D BluetoothGattServer: onServerRegistered() - status=0 serverIf=8
04-22 11:32:19.163 22073  6656 E NearbyConnections: EndpointManager failed to find EndpointChannel over which to write DATA at offset 612 of Payload -9007404025457505713 to endpoint T8u1 [CONTEXT service_id=54 ]
04-22 11:32:19.163 22073 11420 D BluetoothGattServer: addService() - service: 0000fef3-0000-1000-8000-00805f9b34fb
04-22 11:32:19.163 22073  6656 E NearbyConnections: EndpointManager failed to find EndpointChannel over which to write DATA at offset 612 of Payload -9007404025457505713 to endpoint T8u1 [CONTEXT service_id=54 ]
04-22 11:32:19.164  2290  3378 D BtGatt.GattService: addService() - uuid=0000fef3-0000-1000-8000-00805f9b34fb
04-22 11:32:19.164 22073  6656 E NearbyConnections: EndpointManager failed to find EndpointChannel over which to write DATA at offset 612 of Payload -9007404025457505713 to endpoint T8u1 [CONTEXT service_id=54 ]
04-22 11:32:19.164 22073  6656 E NearbyConnections: EndpointManager failed to find EndpointChannel over which to write DATA at offset 612 of Payload -9007404025457505713 to endpoint T8u1 [CONTEXT service_id=54 ]
04-22 11:32:19.164  2290  2603 I bt_stack: [INFO:bta_gatts_api.cc(122)] bta_gatts_add_service_impl: rcb_idx=0
04-22 11:32:19.164  2290  2603 I bt_stack: [INFO:gatt_api.cc(163)] GATTS_AddService
04-22 11:32:19.164  2290  2603 I bt_stack: [INFO:gatt_api.cc(266)] GATTS_AddService: service parsed correctly, now starting
04-22 11:32:19.165 22073  6656 E NearbyConnections: EndpointManager failed to find EndpointChannel over which to write DATA at offset 612 of Payload -9007404025457505713 to endpoint T8u1 [CONTEXT service_id=54 ]
04-22 11:32:19.165  2290  2348 D BtGatt.GattService: onServiceAdded(), status=0
04-22 11:32:19.165 22073  6656 E NearbyConnections: EndpointManager failed to find EndpointChannel over which to write DATA at offset 612 of Payload -9007404025457505713 to endpoint T8u1 [CONTEXT service_id=54 ]
04-22 11:32:19.166 22073 22154 D BluetoothGattServer: onServiceAdded() - handle=40 uuid=0000fef3-0000-1000-8000-00805f9b34fb status=0
04-22 11:32:19.166 22073  6656 E NearbyConnections: EndpointManager failed to find EndpointChannel over which to write DATA at offset 612 of Payload -9007404025457505713 to endpoint T8u1 [CONTEXT service_id=54 ]
04-22 11:32:19.293 22073  6656 I chatty  : uid=10156(com.google.android.gms) highpool[332] identical 450 lines
04-22 11:32:19.294 22073  6656 E NearbyConnections: EndpointManager failed to find EndpointChannel over which to write DATA at offset 612 of Payload -9007404025457505713 to endpoint T8u1 [CONTEXT service_id=54 ]
04-22 11:32:19.294 22073 11420 I NearbyMediums: Unable to stop the advertisement GATT server because it's not running. [CONTEXT service_id=54 ]
04-22 11:32:19.294 22073  6656 E NearbyConnections: EndpointManager failed to find EndpointChannel over which to write DATA at offset 612 of Payload -9007404025457505713 to endpoint T8u1 [CONTEXT service_id=54 ]
04-22 11:32:19.294 22073  6656 I chatty  : uid=10156(com.google.android.gms) highpool[332] identical 1 line
04-22 11:32:19.294 22073  6656 E NearbyConnections: EndpointManager failed to find EndpointChannel over which to write DATA at offset 612 of Payload -9007404025457505713 to endpoint T8u1 [CONTEXT service_id=54 ]
04-22 11:32:19.295 22073 11420 D BluetoothGattServer: registerCallback()
04-22 11:32:19.295 22073  6656 E NearbyConnections: EndpointManager failed to find EndpointChannel over which to write DATA at offset 612 of Payload -9007404025457505713 to endpoint T8u1 [CONTEXT service_id=54 ]
04-22 11:32:19.295 22073 11420 D BluetoothGattServer: registerCallback() - UUID=ce9ebd1e-fa6c-4ac1-bc25-d4e5965f4c41
04-22 11:32:19.295 22073  6656 E NearbyConnections: EndpointManager failed to find EndpointChannel over which to write DATA at offset 612 of Payload -9007404025457505713 to endpoint T8u1 [CONTEXT service_id=54 ]
04-22 11:32:19.295 22073  6656 I chatty  : uid=10156(com.google.android.gms) highpool[332] identical 2 lines
04-22 11:32:19.296 22073  6656 E NearbyConnections: EndpointManager failed to find EndpointChannel over which to write DATA at offset 612 of Payload -9007404025457505713 to endpoint T8u1 [CONTEXT service_id=54 ]
04-22 11:32:19.296  2290  3378 D BtGatt.GattService: registerServer() - UUID=ce9ebd1e-fa6c-4ac1-bc25-d4e5965f4c41
04-22 11:32:19.296 22073  6656 E NearbyConnections: EndpointManager failed to find EndpointChannel over which to write DATA at offset 612 of Payload -9007404025457505713 to endpoint T8u1 [CONTEXT service_id=54 ]
04-22 11:32:19.296 22073  6656 I chatty  : uid=10156(com.google.android.gms) highpool[332] identical 2 lines
04-22 11:32:19.297 22073  6656 E NearbyConnections: EndpointManager failed to find EndpointChannel over which to write DATA at offset 612 of Payload -9007404025457505713 to endpoint T8u1 [CONTEXT service_id=54 ]
04-22 11:32:19.297  2290  2603 I bt_stack: [INFO:bta_gatts_act.cc(208)] register application first_unuse rcb_idx=1
04-22 11:32:19.297  2290  2603 I bt_stack: [INFO:gatt_api.cc(950)] GATT_Register ce9ebd1e-fa6c-4ac1-bc25-d4e5965f4c41
04-22 11:32:19.297  2290  2603 I bt_stack: [INFO:gatt_api.cc(970)] allocated gatt_if=9
04-22 11:32:19.297 22073  6656 E NearbyConnections: EndpointManager failed to find EndpointChannel over which to write DATA at offset 612 of Payload -9007404025457505713 to endpoint T8u1 [CONTEXT service_id=54 ]
04-22 11:32:19.297 22073  6656 E NearbyConnections: EndpointManager failed to find EndpointChannel over which to write DATA at offset 612 of Payload -9007404025457505713 to endpoint T8u1 [CONTEXT service_id=54 ]
04-22 11:32:19.297  2290  2348 D BtGatt.GattService: onServerRegistered() - UUID=ce9ebd1e-fa6c-4ac1-bc25-d4e5965f4c41, serverIf=9
04-22 11:32:19.297 22073  6656 E NearbyConnections: EndpointManager failed to find EndpointChannel over which to write DATA at offset 612 of Payload -9007404025457505713 to endpoint T8u1 [CONTEXT service_id=54 ]
04-22 11:32:19.298 22073  6656 E NearbyConnections: EndpointManager failed to find EndpointChannel over which to write DATA at offset 612 of Payload -9007404025457505713 to endpoint T8u1 [CONTEXT service_id=54 ]
04-22 11:32:19.298 22073 22154 D BluetoothGattServer: onServerRegistered() - status=0 serverIf=9
04-22 11:32:19.298 22073  6656 E NearbyConnections: EndpointManager failed to find EndpointChannel over which to write DATA at offset 612 of Payload -9007404025457505713 to endpoint T8u1 [CONTEXT service_id=54 ]
04-22 11:32:19.298 22073  6656 I chatty  : uid=10156(com.google.android.gms) highpool[332] identical 1 line
04-22 11:32:19.298 22073  6656 E NearbyConnections: EndpointManager failed to find EndpointChannel over which to write DATA at offset 612 of Payload -9007404025457505713 to endpoint T8u1 [CONTEXT service_id=54 ]
04-22 11:32:19.298 22073 11420 D BluetoothGattServer: addService() - service: 0000fef3-0000-1000-8000-00805f9b34fb
04-22 11:32:19.298 22073  6656 E NearbyConnections: EndpointManager failed to find EndpointChannel over which to write DATA at offset 612 of Payload -9007404025457505713 to endpoint T8u1 [CONTEXT service_id=54 ]
04-22 11:32:19.300 22073  6656 I chatty  : uid=10156(com.google.android.gms) highpool[332] identical 4 lines
04-22 11:32:19.300 22073  6656 E NearbyConnections: EndpointManager failed to find EndpointChannel over which to write DATA at offset 612 of Payload -9007404025457505713 to endpoint T8u1 [CONTEXT service_id=54 ]
04-22 11:32:19.300  2290  3378 D BtGatt.GattService: addService() - uuid=0000fef3-0000-1000-8000-00805f9b34fb
04-22 11:32:19.300 22073  6656 E NearbyConnections: EndpointManager failed to find EndpointChannel over which to write DATA at offset 612 of Payload -9007404025457505713 to endpoint T8u1 [CONTEXT service_id=54 ]
04-22 11:32:19.300 22073  6656 E NearbyConnections: EndpointManager failed to find EndpointChannel over which to write DATA at offset 612 of Payload -9007404025457505713 to endpoint T8u1 [CONTEXT service_id=54 ]
04-22 11:32:19.300  2290  2603 I bt_stack: [INFO:bta_gatts_api.cc(122)] bta_gatts_add_service_impl: rcb_idx=1
04-22 11:32:19.301  2290  2603 I bt_stack: [INFO:gatt_api.cc(163)] GATTS_AddService
04-22 11:32:19.301 22073  6656 E NearbyConnections: EndpointManager failed to find EndpointChannel over which to write DATA at offset 612 of Payload -9007404025457505713 to endpoint T8u1 [CONTEXT service_id=54 ]
04-22 11:32:19.301  2290  2603 I bt_stack: [INFO:gatt_api.cc(266)] GATTS_AddService: service parsed correctly, now starting
04-22 11:32:19.301 22073  6656 E NearbyConnections: EndpointManager failed to find EndpointChannel over which to write DATA at offset 612 of Payload -9007404025457505713 to endpoint T8u1 [CONTEXT service_id=54 ]
04-22 11:32:19.301 22073  6656 E NearbyConnections: EndpointManager failed to find EndpointChannel over which to write DATA at offset 612 of Payload -9007404025457505713 to endpoint T8u1 [CONTEXT service_id=54 ]
04-22 11:32:19.301  2290  2348 D BtGatt.GattService: onServiceAdded(), status=0
04-22 11:32:19.301 22073  6656 E NearbyConnections: EndpointManager failed to find EndpointChannel over which to write DATA at offset 612 of Payload -9007404025457505713 to endpoint T8u1 [CONTEXT service_id=54 ]
04-22 11:32:19.302 22073  6656 I chatty  : uid=10156(com.google.android.gms) highpool[332] identical 1 line
04-22 11:32:19.302 22073  6656 E NearbyConnections: EndpointManager failed to find EndpointChannel over which to write DATA at offset 612 of Payload -9007404025457505713 to endpoint T8u1 [CONTEXT service_id=54 ]
04-22 11:32:19.302 22073 22154 D BluetoothGattServer: onServiceAdded() - handle=46 uuid=0000fef3-0000-1000-8000-00805f9b34fb status=0
04-22 11:32:19.302 22073  6656 E NearbyConnections: EndpointManager failed to find EndpointChannel over which to write DATA at offset 612 of Payload -9007404025457505713 to endpoint T8u1 [CONTEXT service_id=54 ]
04-22 11:32:19.432 22073  6656 I chatty  : uid=10156(com.google.android.gms) highpool[332] identical 479 lines
04-22 11:32:19.432 22073  6656 E NearbyConnections: EndpointManager failed to find EndpointChannel over which to write DATA at offset 612 of Payload -9007404025457505713 to endpoint T8u1 [CONTEXT service_id=54 ]
04-22 11:32:19.433 22073 11420 D BluetoothAdapter: isLeEnabled(): ON
04-22 11:32:19.433 22073  6656 E NearbyConnections: EndpointManager failed to find EndpointChannel over which to write DATA at offset 612 of Payload -9007404025457505713 to endpoint T8u1 [CONTEXT service_id=54 ]
04-22 11:32:19.434 22073  6656 I chatty  : uid=10156(com.google.android.gms) highpool[332] identical 4 lines
04-22 11:32:19.434 22073  6656 E NearbyConnections: EndpointManager failed to find EndpointChannel over which to write DATA at offset 612 of Payload -9007404025457505713 to endpoint T8u1 [CONTEXT service_id=54 ]
04-22 11:32:19.434 22073 11420 D BluetoothAdapter: isLeEnabled(): ON
04-22 11:32:19.434 22073  6656 E NearbyConnections: EndpointManager failed to find EndpointChannel over which to write DATA at offset 612 of Payload -9007404025457505713 to endpoint T8u1 [CONTEXT service_id=54 ]
04-22 11:32:19.437 22073  6656 I chatty  : uid=10156(com.google.android.gms) highpool[332] identical 11 lines
04-22 11:32:19.437 22073  6656 E NearbyConnections: EndpointManager failed to find EndpointChannel over which to write DATA at offset 612 of Payload -9007404025457505713 to endpoint T8u1 [CONTEXT service_id=54 ]
04-22 11:32:19.437  2290  3378 D BluetoothAdapterService: getAdapterService() - returning com.android.bluetooth.btservice.AdapterService@a155bf6
04-22 11:32:19.437 22073  6656 E NearbyConnections: EndpointManager failed to find EndpointChannel over which to write DATA at offset 612 of Payload -9007404025457505713 to endpoint T8u1 [CONTEXT service_id=54 ]
04-22 11:32:19.438 22073  6656 I chatty  : uid=10156(com.google.android.gms) highpool[332] identical 1 line
04-22 11:32:19.438 22073  6656 E NearbyConnections: EndpointManager failed to find EndpointChannel over which to write DATA at offset 612 of Payload -9007404025457505713 to endpoint T8u1 [CONTEXT service_id=54 ]
04-22 11:32:19.438  2290  3378 D BtGatt.AdvertiseManager: startAdvertisingSet() - reg_id=-30, callback: android.os.BinderProxy@dd74c26
04-22 11:32:19.438 22073  6656 E NearbyConnections: EndpointManager failed to find EndpointChannel over which to write DATA at offset 612 of Payload -9007404025457505713 to endpoint T8u1 [CONTEXT service_id=54 ]
04-22 11:32:19.455 22073  6656 I chatty  : uid=10156(com.google.android.gms) highpool[332] identical 69 lines
04-22 11:32:19.456 22073  6656 E NearbyConnections: EndpointManager failed to find EndpointChannel over which to write DATA at offset 612 of Payload -9007404025457505713 to endpoint T8u1 [CONTEXT service_id=54 ]
04-22 11:32:19.456  2290  2348 D BtGatt.AdvertiseManager: onAdvertisingSetStarted() - regId=-30, advertiserId=1, status=0
04-22 11:32:19.456 22073  6656 E NearbyConnections: EndpointManager failed to find EndpointChannel over which to write DATA at offset 612 of Payload -9007404025457505713 to endpoint T8u1 [CONTEXT service_id=54 ]
04-22 11:32:19.469 22073  6656 I chatty  : uid=10156(com.google.android.gms) highpool[332] identical 52 lines
04-22 11:32:19.470 22073  6656 E NearbyConnections: EndpointManager failed to find EndpointChannel over which to write DATA at offset 612 of Payload -9007404025457505713 to endpoint T8u1 [CONTEXT service_id=54 ]
04-22 11:32:19.470 22073 11420 I NearbyMediums: Successfully started listening for incoming Wifi Lan connections. [CONTEXT service_id=54 ]
04-22 11:32:19.471 22073  6656 E NearbyConnections: EndpointManager failed to find EndpointChannel over which to write DATA at offset 612 of Payload -9007404025457505713 to endpoint T8u1 [CONTEXT service_id=54 ]
04-22 11:32:19.488  1743  2246 D NsdService: Register service
04-22 11:32:19.488  1743  2246 D NsdService: registerService: 27 name: IjRGd0Rbye0AAA, type: _5BC9ED5E6C75._tcp, host: null, port: 40095, txtRecord: n=MwIPv4=192.168.1.66
04-22 11:32:19.488  1743  2246 D NsdService: mdnssd [register, 27, IjRGd0Rbye0AAA, _5BC9ED5E6C75._tcp, 40095, BG49TXcRSVB2ND0xOTIuMTY4LjEuNjY=]
04-22 11:32:19.489 22073  6656 I chatty  : uid=10156(com.google.android.gms) highpool[332] identical 67 lines
04-22 11:32:19.489 22073  6656 E NearbyConnections: EndpointManager failed to find EndpointChannel over which to write DATA at offset 612 of Payload -9007404025457505713 to endpoint T8u1 [CONTEXT service_id=54 ]
04-22 11:32:19.489   720  1294 D MDnsDS  : serviceRegister(27, (null), IjRGd0Rbye0AAA, _5BC9ED5E6C75._tcp, (null), (null), 40095, 23, <binary>)
04-22 11:32:19.489 22073  6656 E NearbyConnections: EndpointManager failed to find EndpointChannel over which to write DATA at offset 612 of Payload -9007404025457505713 to endpoint T8u1 [CONTEXT service_id=54 ]
04-22 11:32:19.490 22073  6656 I chatty  : uid=10156(com.google.android.gms) highpool[332] identical 3 lines
04-22 11:32:19.490 22073  6656 E NearbyConnections: EndpointManager failed to find EndpointChannel over which to write DATA at offset 612 of Payload -9007404025457505713 to endpoint T8u1 [CONTEXT service_id=54 ]
04-22 11:32:19.490   720  1294 D MDnsDS  : startMonitoring 27
04-22 11:32:19.490 22073  6656 E NearbyConnections: EndpointManager failed to find EndpointChannel over which to write DATA at offset 612 of Payload -9007404025457505713 to endpoint T8u1 [CONTEXT service_id=54 ]
04-22 11:32:19.491   720  1294 D MDnsDS  : triggering rescan
04-22 11:32:19.491   720  1294 D MDnsDS  : serviceRegister successful
04-22 11:32:19.491 22073  6656 E NearbyConnections: EndpointManager failed to find EndpointChannel over which to write DATA at offset 612 of Payload -9007404025457505713 to endpoint T8u1 [CONTEXT service_id=54 ]
04-22 11:32:19.491   720  1293 D MDnsDS  : Monitor poll got data pollCount = 1, 1
04-22 11:32:19.491   720  1293 D MDnsDS  : controlSocket shows revent= 1
04-22 11:32:19.491   720  1293 D MDnsDS  : MDnsSdListener::Monitor got 1
04-22 11:32:19.491   720  1293 D MDnsDS  : MDnsSdListener::Monitor poll rescanning - size=10, live=1
04-22 11:32:19.491   720  1293 D MDnsDS  : Going to poll with pollCount 2
04-22 11:32:19.491 22073  6656 E NearbyConnections: EndpointManager failed to find EndpointChannel over which to write DATA at offset 612 of Payload -9007404025457505713 to endpoint T8u1 [CONTEXT service_id=54 ]
04-22 11:32:19.491  1743  2246 D NsdService: Register 27 27
04-22 11:32:19.762 22073  6656 I chatty  : uid=10156(com.google.android.gms) highpool[332] identical 958 lines
04-22 11:32:19.762 22073  6656 E NearbyConnections: EndpointManager failed to find EndpointChannel over which to write DATA at offset 612 of Payload -9007404025457505713 to endpoint T8u1 [CONTEXT service_id=54 ]
04-22 11:32:19.762  2946  2946 I ShortcutsDataManager: AbstractContentDataManager.startImportContentTask():208 startImportContentTask()
04-22 11:32:19.763 22073  6656 E NearbyConnections: EndpointManager failed to find EndpointChannel over which to write DATA at offset 612 of Payload -9007404025457505713 to endpoint T8u1 [CONTEXT service_id=54 ]
04-22 11:32:19.787 22073  6656 I chatty  : uid=10156(com.google.android.gms) highpool[332] identical 62 lines
04-22 11:32:19.788 22073  6656 E NearbyConnections: EndpointManager failed to find EndpointChannel over which to write DATA at offset 612 of Payload -9007404025457505713 to endpoint T8u1 [CONTEXT service_id=54 ]
04-22 11:32:19.788  2946  2946 I KeyboardViewUtil: KeyboardViewUtil.getKeyboardHeightRatio():127 systemKeyboardHeightRatio:1.000000; userKeyboardHeightRatio:1.000000.
04-22 11:32:19.788  2946  2946 I AndroidIME: AbstractIme.onActivate():83 LatinIme.onActivate() : EditorInfo = Package = com.google.location.nearby.apps.connectedcrossroad : Type = Text : Learning = Enable : Suggestion = Show : AutoCorrection = Enable : Microphone = Show : NoPersonalizedLearning = Disable, IncognitoMode = false
04-22 11:32:19.788 22073  6656 E NearbyConnections: EndpointManager failed to find EndpointChannel over which to write DATA at offset 612 of Payload -9007404025457505713 to endpoint T8u1 [CONTEXT service_id=54 ]
04-22 11:32:19.788  2946  2946 I Delight5Facilitator: Delight5Facilitator.initializeForIme():574 initializeForIme() : Locale = [en_US], layout = qwerty
04-22 11:32:19.788  2946  2946 I VoiceInputManagerWrapper: VoiceInputManagerWrapper.cancelShutdown():54 cancelShutdown()
04-22 11:32:19.788  2946  2946 I VoiceInputManagerWrapper: VoiceInputManagerWrapper.syncLanguagePacks():66 syncLanguagePacks()
04-22 11:32:19.788 22073  6656 E NearbyConnections: EndpointManager failed to find EndpointChannel over which to write DATA at offset 612 of Payload -9007404025457505713 to endpoint T8u1 [CONTEXT service_id=54 ]
04-22 11:32:19.790 22073  6656 I chatty  : uid=10156(com.google.android.gms) highpool[332] identical 3 lines
04-22 11:32:19.790 22073  6656 E NearbyConnections: EndpointManager failed to find EndpointChannel over which to write DATA at offset 612 of Payload -9007404025457505713 to endpoint T8u1 [CONTEXT service_id=54 ]
04-22 11:32:19.790  2946  2946 I KeyboardWrapper: KeyboardWrapper.consumeEvent():264 Skip consuming an event as current keyboard is deactivated (state=0, keyboard existence=true)
04-22 11:32:19.791 22073  6656 E NearbyConnections: EndpointManager failed to find EndpointChannel over which to write DATA at offset 612 of Payload -9007404025457505713 to endpoint T8u1 [CONTEXT service_id=54 ]
04-22 11:32:19.791  2946 27033 I SpeechFactory: SpeechRecognitionFactory.maybeScheduleAutoPackDownloadForFallback():155 maybeScheduleAutoPackDownloadForFallback()
04-22 11:32:19.791  2946 27033 I FallbackOnDeviceRecognitionProvider: FallbackOnDeviceRecognitionProvider.maybeScheduleAutoPackDownload():200 maybeScheduleAutoPackDownload() for language tag en-US
04-22 11:32:19.791 22073  6656 E NearbyConnections: EndpointManager failed to find EndpointChannel over which to write DATA at offset 612 of Payload -9007404025457505713 to endpoint T8u1 [CONTEXT service_id=54 ]
04-22 11:32:19.792  2946  2946 E KeyboardViewController: KeyboardViewController.clearSubViewControllerInternal():373 Clears keyboard sub view controller for keyboardType: null, viewType: HEADER, viewId: 2131432509(softkey_holder_fixed_candidates),which has not been set.
04-22 11:32:19.792  2946  2946 E KeyboardViewController: jjy
04-22 11:32:19.792  2946  2946 E KeyboardViewController: 	at djm.b(PG:17)
04-22 11:32:19.792  2946  2946 E KeyboardViewController: 	at djm.a(PG:12)
04-22 11:32:19.792  2946  2946 E KeyboardViewController: 	at bna.c(PG:99)
04-22 11:32:19.792  2946  2946 E KeyboardViewController: 	at com.google.android.apps.inputmethod.latin.keyboard.LatinSymbolsKeyboard.b(PG:19)
04-22 11:32:19.792  2946  2946 E KeyboardViewController: 	at dkc.a(PG:38)
04-22 11:32:19.792  2946  2946 E KeyboardViewController: 	at dia.a(PG:44)
04-22 11:32:19.792  2946  2946 E KeyboardViewController: 	at dkc.a(PG:52)
04-22 11:32:19.792  2946  2946 E KeyboardViewController: 	at dfq.a(PG:29)
04-22 11:32:19.792  2946  2946 E KeyboardViewController: 	at dfq.C(PG:22)
04-22 11:32:19.792  2946  2946 E KeyboardViewController: 	at dfu.d(PG:11)
04-22 11:32:19.792  2946  2946 E KeyboardViewController: 	at dfu.b(PG:109)
04-22 11:32:19.792  2946  2946 E KeyboardViewController: 	at com.android.inputmethod.latin.LatinIME.b(PG:333)
04-22 11:32:19.792  2946  2946 E KeyboardViewController: 	at dew.onStartInputView(PG:755)
04-22 11:32:19.792  2946  2946 E KeyboardViewController: 	at android.inputmethodservice.InputMethodService.startViews(InputMethodService.java:2001)
04-22 11:32:19.792  2946  2946 E KeyboardViewController: 	at android.inputmethodservice.InputMethodService.showWindow(InputMethodService.java:1930)
04-22 11:32:19.792  2946  2946 E KeyboardViewController: 	at android.inputmethodservice.InputMethodService$InputMethodImpl.showSoftInput(InputMethodService.java:648)
04-22 11:32:19.792  2946  2946 E KeyboardViewController: 	at android.inputmethodservice.IInputMethodWrapper.executeMessage(IInputMethodWrapper.java:220)
04-22 11:32:19.792  2946  2946 E KeyboardViewController: 	at com.android.internal.os.HandlerCaller$MyHandler.handleMessage(HandlerCaller.java:44)
04-22 11:32:19.792  2946  2946 E KeyboardViewController: 	at android.os.Handler.dispatchMessage(Handler.java:107)
04-22 11:32:19.792  2946  2946 E KeyboardViewController: 	at android.os.Looper.loop(Looper.java:241)
04-22 11:32:19.792  2946  2946 E KeyboardViewController: 	at android.app.ActivityThread.main(ActivityThread.java:7604)
04-22 11:32:19.792  2946  2946 E KeyboardViewController: 	at java.lang.reflect.Method.invoke(Native Method)
04-22 11:32:19.792  2946  2946 E KeyboardViewController: 	at com.android.internal.os.RuntimeInit$MethodAndArgsCaller.run(RuntimeInit.java:492)
04-22 11:32:19.792  2946  2946 E KeyboardViewController: 	at com.android.internal.os.ZygoteInit.main(ZygoteInit.java:941)
04-22 11:32:19.792 22073  6656 E NearbyConnections: EndpointManager failed to find EndpointChannel over which to write DATA at offset 612 of Payload -9007404025457505713 to endpoint T8u1 [CONTEXT service_id=54 ]
04-22 11:32:19.810 22073  6656 I chatty  : uid=10156(com.google.android.gms) highpool[332] identical 48 lines
04-22 11:32:19.811 22073  6656 E NearbyConnections: EndpointManager failed to find EndpointChannel over which to write DATA at offset 612 of Payload -9007404025457505713 to endpoint T8u1 [CONTEXT service_id=54 ]
04-22 11:32:19.811  2946  2946 W KeyboardModeManager: KeyboardModeManager.setInputView():359 setInputView() : inputView = com.google.android.apps.inputmethod.libs.framework.core.InputView{1d9772e V.E...... ......ID 0,0-720,1380}
04-22 11:32:19.811 22073  6656 E NearbyConnections: EndpointManager failed to find EndpointChannel over which to write DATA at offset 612 of Payload -9007404025457505713 to endpoint T8u1 [CONTEXT service_id=54 ]
04-22 11:32:19.812 22073  6656 I chatty  : uid=10156(com.google.android.gms) highpool[332] identical 3 lines
04-22 11:32:19.812 22073  6656 E NearbyConnections: EndpointManager failed to find EndpointChannel over which to write DATA at offset 612 of Payload -9007404025457505713 to endpoint T8u1 [CONTEXT service_id=54 ]
04-22 11:32:19.812  2946  2946 I ConversationToQueryExtension: ConversationToQueryExtension.isEnabledForHostApp():254 Conv2Query not enabled due to current app [com.google.location.nearby.apps.connectedcrossroad] not in whitelist
04-22 11:32:19.812  2946  2946 I ConversationToQueryExtension: ConversationToQueryExtension.onActivate():165 onActivate() : Disabled by unsupported host app
04-22 11:32:19.813 22073  6656 E NearbyConnections: EndpointManager failed to find EndpointChannel over which to write DATA at offset 612 of Payload -9007404025457505713 to endpoint T8u1 [CONTEXT service_id=54 ]
04-22 11:32:19.814 22073  6656 I chatty  : uid=10156(com.google.android.gms) highpool[332] identical 4 lines
04-22 11:32:19.815 22073  6656 E NearbyConnections: EndpointManager failed to find EndpointChannel over which to write DATA at offset 612 of Payload -9007404025457505713 to endpoint T8u1 [CONTEXT service_id=54 ]
04-22 11:32:19.815  2946  3532 I ShortcutsDataManager: AbstractContentDataManager$ImportContentTask.doInBackground():222 doInBackground()
04-22 11:32:19.816 22073  6656 E NearbyConnections: EndpointManager failed to find EndpointChannel over which to write DATA at offset 612 of Payload -9007404025457505713 to endpoint T8u1 [CONTEXT service_id=54 ]
04-22 11:32:19.816  2946  3532 I PersonalDictionaryDataHandler: PersonalDictionaryDataHandler.beginProcess():111 LanguageTags = [en-US]
04-22 11:32:19.816 22073  6656 E NearbyConnections: EndpointManager failed to find EndpointChannel over which to write DATA at offset 612 of Payload -9007404025457505713 to endpoint T8u1 [CONTEXT service_id=54 ]
04-22 11:32:19.846  1743  1766 I WindowManager:   SURFACE show Surface(name=InputMethod)/@0x226a6db on display:0: InputMethod
04-22 11:32:19.856 22073  6656 I chatty  : uid=10156(com.google.android.gms) highpool[332] identical 114 lines
04-22 11:32:19.857 22073  6656 E NearbyConnections: EndpointManager failed to find EndpointChannel over which to write DATA at offset 612 of Payload -9007404025457505713 to endpoint T8u1 [CONTEXT service_id=54 ]
04-22 11:32:19.857 24895 24895 D BoundBrokerSvc: onBind: Intent { act=com.google.android.gms.common.BIND_SHARED_PREFS pkg=com.google.android.gms }
04-22 11:32:19.857 24895 24895 D BoundBrokerSvc: Loading bound service for intent: Intent { act=com.google.android.gms.common.BIND_SHARED_PREFS pkg=com.google.android.gms }
04-22 11:32:19.857 22073  6656 E NearbyConnections: EndpointManager failed to find EndpointChannel over which to write DATA at offset 612 of Payload -9007404025457505713 to endpoint T8u1 [CONTEXT service_id=54 ]
04-22 11:32:19.866 22073  6656 I chatty  : uid=10156(com.google.android.gms) highpool[332] identical 18 lines
04-22 11:32:19.867 22073  6656 E NearbyConnections: EndpointManager failed to find EndpointChannel over which to write DATA at offset 612 of Payload -9007404025457505713 to endpoint T8u1 [CONTEXT service_id=54 ]
04-22 11:32:19.867 24895 24895 D BoundBrokerSvc: onUnbind: Intent { act=com.google.android.gms.common.BIND_SHARED_PREFS pkg=com.google.android.gms }
04-22 11:32:19.867 22073  6656 E NearbyConnections: EndpointManager failed to find EndpointChannel over which to write DATA at offset 612 of Payload -9007404025457505713 to endpoint T8u1 [CONTEXT service_id=54 ]
04-22 11:32:19.868 22073  6656 E NearbyConnections: EndpointManager failed to find EndpointChannel over which to write DATA at offset 612 of Payload -9007404025457505713 to endpoint T8u1 [CONTEXT service_id=54 ]
04-22 11:32:19.868 24895 24895 D BoundBrokerSvc: onBind: Intent { act=com.google.android.gms.common.BIND_SHARED_PREFS pkg=com.google.android.gms }
04-22 11:32:19.868 22073  6656 E NearbyConnections: EndpointManager failed to find EndpointChannel over which to write DATA at offset 612 of Payload -9007404025457505713 to endpoint T8u1 [CONTEXT service_id=54 ]
04-22 11:32:19.868 24895 24895 D BoundBrokerSvc: Loading bound service for intent: Intent { act=com.google.android.gms.common.BIND_SHARED_PREFS pkg=com.google.android.gms }
04-22 11:32:19.869 22073  6656 E NearbyConnections: EndpointManager failed to find EndpointChannel over which to write DATA at offset 612 of Payload -9007404025457505713 to endpoint T8u1 [CONTEXT service_id=54 ]
04-22 11:32:19.871 22073  6656 I chatty  : uid=10156(com.google.android.gms) highpool[332] identical 6 lines
04-22 11:32:19.872 22073  6656 E NearbyConnections: EndpointManager failed to find EndpointChannel over which to write DATA at offset 612 of Payload -9007404025457505713 to endpoint T8u1 [CONTEXT service_id=54 ]
04-22 11:32:19.872  2946  3532 I ShortcutsDataManager: AbstractContentDataManager.importRecords():312 importRecords() : Success : Count = 0
04-22 11:32:19.872 22073  6656 E NearbyConnections: EndpointManager failed to find EndpointChannel over which to write DATA at offset 612 of Payload -9007404025457505713 to endpoint T8u1 [CONTEXT service_id=54 ]
04-22 11:32:19.873 22073  6656 E NearbyConnections: EndpointManager failed to find EndpointChannel over which to write DATA at offset 612 of Payload -9007404025457505713 to endpoint T8u1 [CONTEXT service_id=54 ]
04-22 11:32:19.873 24895 24895 D BoundBrokerSvc: onUnbind: Intent { act=com.google.android.gms.common.BIND_SHARED_PREFS pkg=com.google.android.gms }
04-22 11:32:19.873 22073  6656 E NearbyConnections: EndpointManager failed to find EndpointChannel over which to write DATA at offset 612 of Payload -9007404025457505713 to endpoint T8u1 [CONTEXT service_id=54 ]
04-22 11:32:19.877 22073  6656 I chatty  : uid=10156(com.google.android.gms) highpool[332] identical 9 lines
04-22 11:32:19.878 22073  6656 E NearbyConnections: EndpointManager failed to find EndpointChannel over which to write DATA at offset 612 of Payload -9007404025457505713 to endpoint T8u1 [CONTEXT service_id=54 ]
04-22 11:32:19.878  2946  3532 I ShortcutsDataManager: AbstractContentDataManager.importContentData():262 importContentData() : Ending import process
04-22 11:32:19.878 22073  6656 E NearbyConnections: EndpointManager failed to find EndpointChannel over which to write DATA at offset 612 of Payload -9007404025457505713 to endpoint T8u1 [CONTEXT service_id=54 ]
04-22 11:32:19.888 22073  6656 I chatty  : uid=10156(com.google.android.gms) highpool[332] identical 25 lines
04-22 11:32:19.889 22073  6656 E NearbyConnections: EndpointManager failed to find EndpointChannel over which to write DATA at offset 612 of Payload -9007404025457505713 to endpoint T8u1 [CONTEXT service_id=54 ]
04-22 11:32:19.889  2946  3532 I PersonalLanguageModelUpdater: PersonalLanguageModelUpdater$UpdateOperation.performInternal():160 run() : Added 0 words and 0 shortcuts
04-22 11:32:19.889  2946  3532 I DynamicLanguageModelOperation: DynamicLanguageModelOperation.perform():37 perform() : 4 : chw : Completed
04-22 11:32:19.889 22073  6656 E NearbyConnections: EndpointManager failed to find EndpointChannel over which to write DATA at offset 612 of Payload -9007404025457505713 to endpoint T8u1 [CONTEXT service_id=54 ]
04-22 11:32:19.889  2946  3780 I Delight5Decoder: Delight5DecoderWrapper.loadLanguageModel():551 loadLanguageModel() : 4, version [n/a]
04-22 11:32:19.889  2946  2946 I ShortcutsDataManager: AbstractContentDataManager$ImportContentTask.onPostExecute():233 onPostExecute() : Result = [2,0]
04-22 11:32:19.889 22073  6656 E NearbyConnections: EndpointManager failed to find EndpointChannel over which to write DATA at offset 612 of Payload -9007404025457505713 to endpoint T8u1 [CONTEXT service_id=54 ]
04-22 11:32:19.890  2946  2946 I ShortcutsDataManager: ShortcutsDataManager.onImportFinished():99 onImportFinished() : Result = 2 : Count = 0
04-22 11:32:19.890 22073  6656 E NearbyConnections: EndpointManager failed to find EndpointChannel over which to write DATA at offset 612 of Payload -9007404025457505713 to endpoint T8u1 [CONTEXT service_id=54 ]
04-22 11:32:19.890 22073  6656 E NearbyConnections: EndpointManager failed to find EndpointChannel over which to write DATA at offset 612 of Payload -9007404025457505713 to endpoint T8u1 [CONTEXT service_id=54 ]
04-22 11:32:19.890  2946  3780 I Delight5Decoder: Delight5DecoderWrapper.loadLanguageModel():589 Loaded dynamic LM 4.en
04-22 11:32:19.890 22073  6656 E NearbyConnections: EndpointManager failed to find EndpointChannel over which to write DATA at offset 612 of Payload -9007404025457505713 to endpoint T8u1 [CONTEXT service_id=54 ]
04-22 11:32:20.133 22073  6656 I chatty  : uid=10156(com.google.android.gms) highpool[332] identical 755 lines
04-22 11:32:20.133 22073  6656 E NearbyConnections: EndpointManager failed to find EndpointChannel over which to write DATA at offset 612 of Payload -9007404025457505713 to endpoint T8u1 [CONTEXT service_id=54 ]
04-22 11:32:20.133  2290  2603 I bt_stack: [INFO:btm_ble_connection_establishment.cc(164)] btm_ble_conn_complete: unable to match and resolve random address
04-22 11:32:20.133 22073  6656 E NearbyConnections: EndpointManager failed to find EndpointChannel over which to write DATA at offset 612 of Payload -9007404025457505713 to endpoint T8u1 [CONTEXT service_id=54 ]
04-22 11:32:20.133 22073  6656 E NearbyConnections: EndpointManager failed to find EndpointChannel over which to write DATA at offset 612 of Payload -9007404025457505713 to endpoint T8u1 [CONTEXT service_id=54 ]
04-22 11:32:20.133  2290  2603 W bt_btm  : btm_acl_created hci_handle=18 link_role=1  transport=2
04-22 11:32:20.134 22073  6656 E NearbyConnections: EndpointManager failed to find EndpointChannel over which to write DATA at offset 612 of Payload -9007404025457505713 to endpoint T8u1 [CONTEXT service_id=54 ]
04-22 11:32:20.134  2290  2603 I bt_stack: [INFO:btm_ble_bgconn.cc(406)] Already connection initiated (or) No Pending connections(or) Resources of lcb are exhausted
04-22 11:32:20.134 22073  6656 E NearbyConnections: EndpointManager failed to find EndpointChannel over which to write DATA at offset 612 of Payload -9007404025457505713 to endpoint T8u1 [CONTEXT service_id=54 ]
04-22 11:32:20.152 22073  6656 I chatty  : uid=10156(com.google.android.gms) highpool[332] identical 69 lines
04-22 11:32:20.153 22073  6656 E NearbyConnections: EndpointManager failed to find EndpointChannel over which to write DATA at offset 612 of Payload -9007404025457505713 to endpoint T8u1 [CONTEXT service_id=54 ]
04-22 11:32:20.153 22073  6200 W Nearby  : Method is still running after 1650575 millis. [CONTEXT service_id=49 ]
04-22 11:32:20.153 22073  6200 W Nearby  : akpc: akpc
04-22 11:32:20.153 22073  6200 W Nearby  : 	at java.util.concurrent.ThreadPoolExecutor$AbortPolicy.rejectedExecution(ThreadPoolExecutor.java:2086)
04-22 11:32:20.153 22073  6200 W Nearby  : 	at ulm.i(:com.google.android.gms@211213033@21.12.13 (120300-367530751):0)
04-22 11:32:20.153 22073  6200 W Nearby  : 	at ulm.e(:com.google.android.gms@211213033@21.12.13 (120300-367530751):2)
04-22 11:32:20.153 22073  6200 W Nearby  : 	at ulm.execute(:com.google.android.gms@211213033@21.12.13 (120300-367530751):2)
04-22 11:32:20.153 22073  6200 W Nearby  : 	at akov.execute(:com.google.android.gms@211213033@21.12.13 (120300-367530751):0)
04-22 11:32:20.153 22073  6200 W Nearby  : 	at akvk.f(:com.google.android.gms@211213033@21.12.13 (120300-367530751):0)
04-22 11:32:20.153 22073  6200 W Nearby  : 	at akvk.c(:com.google.android.gms@211213033@21.12.13 (120300-367530751):0)
04-22 11:32:20.153 22073  6200 W Nearby  : 	at akza.b(:com.google.android.gms@211213033@21.12.13 (120300-367530751):4)
04-22 11:32:20.153 22073  6200 W Nearby  : 	at akyu.a(:com.google.android.gms@211213033@21.12.13 (120300-367530751):56)
04-22 11:32:20.153 22073  6200 W Nearby  : 	at akyv.run(:com.google.android.gms@211213033@21.12.13 (120300-367530751):27)
04-22 11:32:20.153 22073  6200 W Nearby  : 	at akoz.run(Unknown Source:3)
04-22 11:32:20.153 22073  6200 W Nearby  : 	at ull.c(:com.google.android.gms@211213033@21.12.13 (120300-367530751):6)
04-22 11:32:20.153 22073  6200 W Nearby  : 	at ull.run(:com.google.android.gms@211213033@21.12.13 (120300-367530751):8)
04-22 11:32:20.153 22073  6200 W Nearby  : 	at java.util.concurrent.ThreadPoolExecutor.runWorker(ThreadPoolExecutor.java:1167)
04-22 11:32:20.153 22073  6200 W Nearby  : 	at java.util.concurrent.ThreadPoolExecutor$Worker.run(ThreadPoolExecutor.java:641)
04-22 11:32:20.153 22073  6200 W Nearby  : 	at uri.run(:com.google.android.gms@211213033@21.12.13 (120300-367530751):0)
04-22 11:32:20.153 22073  6200 W Nearby  : 	at java.lang.Thread.run(Thread.java:919)
04-22 11:32:20.153 22073  6200 W Nearby  : Caused by: akpc
04-22 11:32:20.153 22073  6200 W Nearby  : 	at akpd.a(:com.google.android.gms@211213033@21.12.13 (120300-367530751):0)
04-22 11:32:20.153 22073  6200 W Nearby  : 	at akov.execute(:com.google.android.gms@211213033@21.12.13 (120300-367530751):0)
04-22 11:32:20.153 22073  6200 W Nearby  : 	at akrw.call(Unknown Source:8)
04-22 11:32:20.153 22073  6200 W Nearby  : 	at akrm.run(Unknown Source:2)
04-22 11:32:20.153 22073  6200 W Nearby  : 	... 7 more
04-22 11:32:20.153 22073  6656 E NearbyConnections: EndpointManager failed to find EndpointChannel over which to write DATA at offset 612 of Payload -9007404025457505713 to endpoint T8u1 [CONTEXT service_id=54 ]
04-22 11:32:20.240 22073  6656 I chatty  : uid=10156(com.google.android.gms) highpool[332] identical 342 lines
04-22 11:32:20.241 22073  6656 E NearbyConnections: EndpointManager failed to find EndpointChannel over which to write DATA at offset 612 of Payload -9007404025457505713 to endpoint T8u1 [CONTEXT service_id=54 ]
04-22 11:32:20.241   720  1293 D MDnsDS  : Monitor poll got data pollCount = 2, 1
04-22 11:32:20.241   720  1293 D MDnsDS  : Monitor found [1].revents = 1 - calling ProcessResults
04-22 11:32:20.241   720  1293 D MDnsDS  : register succeeded for 27 as IjRGd0Rbye0AAA
04-22 11:32:20.241   720  1293 D MDnsDS  : controlSocket shows revent= 0
04-22 11:32:20.241 22073  6656 E NearbyConnections: EndpointManager failed to find EndpointChannel over which to write DATA at offset 612 of Payload -9007404025457505713 to endpoint T8u1 [CONTEXT service_id=54 ]
04-22 11:32:20.241   720  1293 D MDnsDS  : Going to poll with pollCount 2
04-22 11:32:20.241 22073  6656 E NearbyConnections: EndpointManager failed to find EndpointChannel over which to write DATA at offset 612 of Payload -9007404025457505713 to endpoint T8u1 [CONTEXT service_id=54 ]
04-22 11:32:20.242  1743  2246 D NsdService: Native daemon message SERVICE_REGISTERED: 606 27 "IjRGd0Rbye0AAA"
04-22 11:32:20.245 22073  6656 I chatty  : uid=10156(com.google.android.gms) highpool[332] identical 15 lines
04-22 11:32:20.245 22073  6656 E NearbyConnections: EndpointManager failed to find EndpointChannel over which to write DATA at offset 612 of Payload -9007404025457505713 to endpoint T8u1 [CONTEXT service_id=54 ]
04-22 11:32:20.245 22073 11420 I NearbyMediums: Successfully advertised IjRGd0Rbye0AAA on serviceID connectedcrossroad over Wifi LAN. [CONTEXT service_id=54 ]
04-22 11:32:20.245 22073  6656 E NearbyConnections: EndpointManager failed to find EndpointChannel over which to write DATA at offset 612 of Payload -9007404025457505713 to endpoint T8u1 [CONTEXT service_id=54 ]
04-22 11:32:20.249 22073  6656 I chatty  : uid=10156(com.google.android.gms) highpool[332] identical 14 lines
04-22 11:32:20.249 22073  6656 E NearbyConnections: EndpointManager failed to find EndpointChannel over which to write DATA at offset 612 of Payload -9007404025457505713 to endpoint T8u1 [CONTEXT service_id=54 ]
04-22 11:32:20.249 22073 11423 I NearbyConnections: Client 244116452 requested discovery to start. [CONTEXT service_id=54 ]
04-22 11:32:20.250 22073  6656 E NearbyConnections: EndpointManager failed to find EndpointChannel over which to write DATA at offset 612 of Payload -9007404025457505713 to endpoint T8u1 [CONTEXT service_id=54 ]
04-22 11:32:20.271 22073  6656 I chatty  : uid=10156(com.google.android.gms) highpool[332] identical 80 lines
04-22 11:32:20.271 22073  6656 E NearbyConnections: EndpointManager failed to find EndpointChannel over which to write DATA at offset 612 of Payload -9007404025457505713 to endpoint T8u1 [CONTEXT service_id=54 ]
04-22 11:32:20.271 22073 11420 W NearbyConnections: Missing permission: com.google.location.nearby.apps.connectedcrossroad does not have required permission android.permission.NFC [CONTEXT service_id=54 ]
04-22 11:32:20.271 22073  6656 E NearbyConnections: EndpointManager failed to find EndpointChannel over which to write DATA at offset 612 of Payload -9007404025457505713 to endpoint T8u1 [CONTEXT service_id=54 ]
04-22 11:32:20.271 22073 11420 E NearbyConnections: Need to add corresponding status code for missing permission android.permission.NFC [CONTEXT service_id=54 ]
04-22 11:32:20.271 22073 11420 I NearbyConnections: In startNfcDiscovery(), client 244116452 failed to scan because of missing permissions [CONTEXT service_id=54 ]
04-22 11:32:20.272 22073  6656 E NearbyConnections: EndpointManager failed to find EndpointChannel over which to write DATA at offset 612 of Payload -9007404025457505713 to endpoint T8u1 [CONTEXT service_id=54 ]
04-22 11:32:20.276 22073  6656 I chatty  : uid=10156(com.google.android.gms) highpool[332] identical 18 lines
04-22 11:32:20.277 22073  6656 E NearbyConnections: EndpointManager failed to find EndpointChannel over which to write DATA at offset 612 of Payload -9007404025457505713 to endpoint T8u1 [CONTEXT service_id=54 ]
04-22 11:32:20.277  2290  3378 D BluetoothAdapterService: startDiscovery
04-22 11:32:20.277 22073  6656 E NearbyConnections: EndpointManager failed to find EndpointChannel over which to write DATA at offset 612 of Payload -9007404025457505713 to endpoint T8u1 [CONTEXT service_id=54 ]
04-22 11:32:20.280 22073  6656 I chatty  : uid=10156(com.google.android.gms) highpool[332] identical 13 lines
04-22 11:32:20.280 22073  6656 E NearbyConnections: EndpointManager failed to find EndpointChannel over which to write DATA at offset 612 of Payload -9007404025457505713 to endpoint T8u1 [CONTEXT service_id=54 ]
04-22 11:32:20.281  2290  2603 W bt_btif : bta_dm_check_av:0
04-22 11:32:20.281 22073  6656 E NearbyConnections: EndpointManager failed to find EndpointChannel over which to write DATA at offset 612 of Payload -9007404025457505713 to endpoint T8u1 [CONTEXT service_id=54 ]
04-22 11:32:20.282 22073  6656 I chatty  : uid=10156(com.google.android.gms) highpool[332] identical 5 lines
04-22 11:32:20.282 22073  6656 E NearbyConnections: EndpointManager failed to find EndpointChannel over which to write DATA at offset 612 of Payload -9007404025457505713 to endpoint T8u1 [CONTEXT service_id=54 ]
04-22 11:32:20.282  2290  2603 E bt_btif : bte_scan_filt_param_cfg_evt, 23
04-22 11:32:20.283 22073  6656 E NearbyConnections: EndpointManager failed to find EndpointChannel over which to write DATA at offset 612 of Payload -9007404025457505713 to endpoint T8u1 [CONTEXT service_id=54 ]
04-22 11:32:20.284 22073  6656 I chatty  : uid=10156(com.google.android.gms) highpool[332] identical 4 lines
04-22 11:32:20.284 22073  6656 E NearbyConnections: EndpointManager failed to find EndpointChannel over which to write DATA at offset 612 of Payload -9007404025457505713 to endpoint T8u1 [CONTEXT service_id=54 ]
04-22 11:32:20.284 22073 11420 I NearbyMediums: In ScanningCancellationFlag, service connectedcrossroad has become the first scanner. The flag has been reset. [CONTEXT service_id=54 ]
04-22 11:32:20.284 22073  6656 E NearbyConnections: EndpointManager failed to find EndpointChannel over which to write DATA at offset 612 of Payload -9007404025457505713 to endpoint T8u1 [CONTEXT service_id=54 ]
04-22 11:32:20.287 22073  6656 I chatty  : uid=10156(com.google.android.gms) highpool[332] identical 10 lines
04-22 11:32:20.287 22073  6656 E NearbyConnections: EndpointManager failed to find EndpointChannel over which to write DATA at offset 612 of Payload -9007404025457505713 to endpoint T8u1 [CONTEXT service_id=54 ]
04-22 11:32:20.287 22073 11420 D BluetoothAdapter: isLeEnabled(): ON
04-22 11:32:20.287 22073  6656 E NearbyConnections: EndpointManager failed to find EndpointChannel over which to write DATA at offset 612 of Payload -9007404025457505713 to endpoint T8u1 [CONTEXT service_id=54 ]
04-22 11:32:20.287 22073  6656 I chatty  : uid=10156(com.google.android.gms) highpool[332] identical 1 line
04-22 11:32:20.288 22073  6656 E NearbyConnections: EndpointManager failed to find EndpointChannel over which to write DATA at offset 612 of Payload -9007404025457505713 to endpoint T8u1 [CONTEXT service_id=54 ]
04-22 11:32:20.288  2290  2737 D BtGatt.GattService: stopScan() - queue size =3
04-22 11:32:20.288 22073  6656 E NearbyConnections: EndpointManager failed to find EndpointChannel over which to write DATA at offset 612 of Payload -9007404025457505713 to endpoint T8u1 [CONTEXT service_id=54 ]
04-22 11:32:20.289 22073  6656 I chatty  : uid=10156(com.google.android.gms) highpool[332] identical 4 lines
04-22 11:32:20.289 22073  6656 E NearbyConnections: EndpointManager failed to find EndpointChannel over which to write DATA at offset 612 of Payload -9007404025457505713 to endpoint T8u1 [CONTEXT service_id=54 ]
04-22 11:32:20.289  2290  2575 I BtGatt.ScanManager: msg.what = 1
04-22 11:32:20.289 22073  6656 E NearbyConnections: EndpointManager failed to find EndpointChannel over which to write DATA at offset 612 of Payload -9007404025457505713 to endpoint T8u1 [CONTEXT service_id=54 ]
04-22 11:32:20.290 22073  6656 I chatty  : uid=10156(com.google.android.gms) highpool[332] identical 1 line
04-22 11:32:20.290 22073  6656 E NearbyConnections: EndpointManager failed to find EndpointChannel over which to write DATA at offset 612 of Payload -9007404025457505713 to endpoint T8u1 [CONTEXT service_id=54 ]
04-22 11:32:20.290  2290  3378 D BtGatt.GattService: unregisterScanner() - scannerId=5
04-22 11:32:20.290 22073  6656 E NearbyConnections: EndpointManager failed to find EndpointChannel over which to write DATA at offset 612 of Payload -9007404025457505713 to endpoint T8u1 [CONTEXT service_id=54 ]
04-22 11:32:20.290 22073 11420 I Nearby  : M hardware scan: 5 filters, scanMode= 2, callback type= 1, workSource = WorkSource{10217 com.google.location.nearby.apps.connectedcrossroad} [CONTEXT service_id=49 ]
04-22 11:32:20.290 22073  6656 E NearbyConnections: EndpointManager failed to find EndpointChannel over which to write DATA at offset 612 of Payload -9007404025457505713 to endpoint T8u1 [CONTEXT service_id=54 ]
04-22 11:32:20.291 22073  6656 I chatty  : uid=10156(com.google.android.gms) highpool[332] identical 4 lines
