04-22 10:24:59.953  1635  1752 W Looper  : Slow dispatch took 108ms android.fg h=android.os.Handler c=<recycled PooledLambda@d473e9a> m=0
04-22 10:25:00.161  1635 11490 D CompatibilityChangeReporter: Compat change id reported: 136274596; UID 10333; state: DISABLED
04-22 10:25:00.412  1635  1635 W Looper  : Slow dispatch took 526ms main h=android.app.ActivityThread$H c=android.app.-$$Lambda$LoadedApk$ReceiverDispatcher$Args$_BumDX2UKsnxLVrE6UJsJZkotuA@8a396b9 m=0
04-22 10:25:00.413  1635  1635 I Telecom : DefaultDialerCache: Refreshing default dialer for user 0: now com.google.android.dialer: DDC.oR@BSQ
04-22 10:25:00.451  1635  1635 V BackupManagerConstants: getFullBackupIntervalMilliseconds(...) returns 86400000
04-22 10:25:00.451  1635  1635 V BackupManagerConstants: getFullBackupRequiredNetworkType(...) returns 2
04-22 10:25:00.451  1635  1635 V BackupManagerConstants: getFullBackupRequireCharging(...) returns true
04-22 10:25:00.482  1635  1635 W Looper  : Drained
04-22 10:25:00.548  1635  2884 W NetworkPolicy: shared quota unsupported; generating rule for each iface
04-22 10:25:00.652  1635  1752 W Looper  : Drained
04-22 10:25:01.306  1635  2891 D ConnectivityService: NetReassign [no changes]
04-22 10:25:01.698  1635  2884 W NetworkPolicy: shared quota unsupported; generating rule for each iface
04-22 10:25:02.147  1635  1712 W ActivityManager: Foreground service started from background can not have location/camera/microphone access: service steptracker.healthandfitness.walkingtracker.pedometer/com.drojian.stepcounter.service.CounterService
04-22 10:25:02.240  1635  2884 W NetworkPolicy: shared quota unsupported; generating rule for each iface
04-22 10:25:02.296  1635  2884 I chatty  : uid=1000(system) NetworkPolicy identical 1 line
04-22 10:25:02.699  1635  2884 W NetworkPolicy: shared quota unsupported; generating rule for each iface
04-22 10:25:02.959  1635  4612 E SystemServiceRegistry: Manager wrapper not available: face
04-22 10:25:02.960  1635  1775 I DropBoxManagerService: add tag=system_server_wtf isTagEnabled=true flags=0x2
04-22 10:25:03.063  1635  4612 W SettingsStatsUtil: Can not parse value to float: gps,network
04-22 10:25:04.319  1635  2891 D ConnectivityService: NetReassign [no changes]
04-22 10:25:04.912  1635  1775 D CompatibilityChangeReporter: Compat change id reported: 135634846; UID 10208; state: DISABLED
04-22 10:25:04.912  1635  1776 D CompatibilityChangeReporter: Compat change id reported: 143937733; UID 10208; state: DISABLED
04-22 10:25:04.945  1635  1776 I ActivityManager: Start proc 8908:steptracker.healthandfitness.walkingtracker.pedometer:KeeperService/u0a208 for service {steptracker.healthandfitness.walkingtracker.pedometer/com.drojian.servicekeeper.service.EmptyService}
04-22 10:25:04.971  1635  1775 W BroadcastQueue: Background execution not allowed: receiving Intent { act=android.intent.action.DROPBOX_ENTRY_ADDED flg=0x10 (has extras) } to com.google.android.gms/.stats.service.DropBoxEntryAddedReceiver
04-22 10:25:04.971  1635  1775 W BroadcastQueue: Background execution not allowed: receiving Intent { act=android.intent.action.DROPBOX_ENTRY_ADDED flg=0x10 (has extras) } to com.google.android.gms/.chimera.GmsIntentOperationService$PersistentTrustedReceiver
04-22 10:25:05.152  1635  3040 I DropBoxManagerService: add tag=platform_stats_bookmark isTagEnabled=true flags=0x2
04-22 10:25:05.156  1635  1775 W BroadcastQueue: Background execution not allowed: receiving Intent { act=android.intent.action.DROPBOX_ENTRY_ADDED flg=0x10 (has extras) } to com.google.android.gms/.stats.service.DropBoxEntryAddedReceiver
04-22 10:25:05.156  1635  1775 W BroadcastQueue: Background execution not allowed: receiving Intent { act=android.intent.action.DROPBOX_ENTRY_ADDED flg=0x10 (has extras) } to com.google.android.gms/.chimera.GmsIntentOperationService$PersistentTrustedReceiver
04-22 10:25:06.906  1635  9190 I ActivityManager: Process com.android.vending (pid 9715) has died: cch+90 CACC
04-22 10:25:06.906  1635  4612 D ConnectivityService: ConnectivityService NetworkRequestInfo binderDied(NetworkRequest [ LISTEN id=642, [ Capabilities: INTERNET&NOT_RESTRICTED&TRUSTED Uid: 10123 AdministratorUids: [] RequestorUid: 10123 RequestorPackageName: com.android.vending] ], android.os.BinderProxy@b4f93df)
04-22 10:25:06.906  1635  9190 W ActivityManager: Scheduling restart of crashed service com.android.vending/com.google.android.finsky.billing.iab.InAppBillingService in 1000ms for connection
04-22 10:25:06.907  1635  4623 D ConnectivityService: ConnectivityService NetworkRequestInfo binderDied(NetworkRequest [ TRACK_DEFAULT id=641, [ Capabilities: INTERNET&NOT_RESTRICTED&TRUSTED Uid: 10123 AdministratorUids: [] RequestorUid: 10123 RequestorPackageName: com.android.vending] ], android.os.BinderProxy@d6a182c)
04-22 10:25:06.907  1635  2891 D ConnectivityService: releasing NetworkRequest [ TRACK_DEFAULT id=641, [ Capabilities: INTERNET&NOT_RESTRICTED&TRUSTED Uid: 10123 AdministratorUids: [] RequestorUid: 10123 RequestorPackageName: com.android.vending] ] (release request)
04-22 10:25:07.341  1635  2891 D ConnectivityService: NetReassign [no changes]
04-22 10:25:09.660  1635  1635 D BluetoothManagerService: Bluetooth Adapter name changed to Im41UHlbye0AAAAAAAAAATE
04-22 10:25:09.661  1635  1635 D BluetoothManagerService: Stored Bluetooth name: Im41UHlbye0AAAAAAAAAATE
04-22 10:25:10.075  1635  2893 D NsdService: Register service
04-22 10:25:10.076  1635  2893 D NsdService: registerService: 8 name: Im41UHlbye0AAA, type: _5BC9ED5E6C75._tcp, host: null, port: 37285, txtRecord: n=MQIPv4=192.168.1.17
04-22 10:25:10.076  1635  2893 D NsdService: mdnssd [register, 8, Im41UHlbye0AAA, _5BC9ED5E6C75._tcp, 37285, BG49TVERSVB2ND0xOTIuMTY4LjEuMTc=]
04-22 10:25:10.082  1635  2893 D NsdService: Register 8 8
04-22 10:25:10.362  1635  2891 D ConnectivityService: NetReassign [no changes]
04-22 10:25:10.789  1635  2893 D NsdService: Native daemon message SERVICE_REGISTERED: 606 8 "Im41UHlbye0AAA"
04-22 10:25:10.814  1635  9377 E AppOps  : attributionTag com.google.android.gms.nearby not declared in manifest of com.google.location.nearby.apps.connectedcrossroad
04-22 10:25:13.386  1635  2891 D ConnectivityService: NetReassign [no changes]
04-22 10:25:16.408  1635  2891 D ConnectivityService: NetReassign [no changes]
04-22 10:25:17.869  1635  1635 D CompatibilityChangeReporter: Compat change id reported: 135634846; UID 10123; state: DISABLED
04-22 10:25:17.869  1635  1776 D CompatibilityChangeReporter: Compat change id reported: 143937733; UID 10123; state: ENABLED
04-22 10:25:17.893  1635  1776 I ActivityManager: Start proc 9033:com.android.vending/u0a123 for service {com.android.vending/com.google.android.finsky.scheduler.process.mainimpl.PhoneskyJobServiceMain}
04-22 10:25:18.340  1635  9377 D ConnectivityService: requestNetwork for uid/pid:10123/9033 NetworkRequest [ TRACK_DEFAULT id=772, [ Capabilities: INTERNET&NOT_RESTRICTED&TRUSTED Uid: 10123 AdministratorUids: [] RequestorUid: 10123 RequestorPackageName: com.android.vending] ]
04-22 10:25:18.340  1635  2891 D ConnectivityService: NetReassign [772 : null  135]
04-22 10:25:18.344  1635  2891 D ConnectivityService: NetReassign [no changes]
04-22 10:25:18.633  1635  4623 D CompatibilityChangeReporter: Compat change id reported: 135634846; UID 10123; state: DISABLED
04-22 10:25:18.634  1635  1776 D CompatibilityChangeReporter: Compat change id reported: 143937733; UID 10123; state: ENABLED
04-22 10:25:18.667  1635  1776 I ActivityManager: Start proc 9126:com.android.vending:download_service/u0a123 for service {com.android.vending/com.google.android.finsky.ipcservers.downloadservice.DownloadServiceGrpcServerAndroidService}
04-22 10:25:18.868  1635  9377 D ConnectivityService: requestNetwork for uid/pid:10123/9126 NetworkRequest [ TRACK_DEFAULT id=774, [ Capabilities: INTERNET&NOT_RESTRICTED&TRUSTED Uid: 10123 AdministratorUids: [] RequestorUid: 10123 RequestorPackageName: com.android.vending] ]
04-22 10:25:18.869  1635  2891 D ConnectivityService: NetReassign [774 : null  135]
04-22 10:25:18.925  1635  4623 D PackageInstallerSession: Ignoring abandon after commit relinquished control
04-22 10:25:19.417  1635  2891 D ConnectivityService: NetReassign [no changes]
04-22 10:25:28.459  1635  2891 I chatty  : uid=1000(system) ConnectivitySer identical 3 lines
04-22 10:25:31.485  1635  2891 D ConnectivityService: NetReassign [no changes]
04-22 10:25:31.571  1635  1775 I ActivityManager: Waited long enough for: ServiceRecord{c3e01f0 u0 com.google.android.googlequicksearchbox/com.google.android.apps.gsa.shared.util.keepalive.StandaloneKeepAlive$KeepAliveService}
04-22 10:25:34.523  1635  2891 D ConnectivityService: NetReassign [no changes]
04-22 10:25:37.433  1635  1635 I SoundTriggerHelper: Recognition success
04-22 10:25:37.435  4561 30416 I AlwaysOnHotwordDetector: onDetected
04-22 10:25:37.539  1635  2891 D ConnectivityService: NetReassign [no changes]
04-22 10:25:39.040  1635  8781 I SoundTriggerHelper: startRecognition successful.
04-22 10:25:40.558  1635  2891 D ConnectivityService: NetReassign [no changes]
04-22 10:25:41.619  1635  1635 W NotificationHistory: Attempted to add notif for locked/gone/disabled user 0
04-22 10:25:43.588  1635  2891 D ConnectivityService: NetReassign [no changes]
04-22 10:25:46.610  1635  2891 I chatty  : uid=1000(system) ConnectivitySer identical 1 line
04-22 10:25:49.624  1635  2891 D ConnectivityService: NetReassign [no changes]
04-22 10:25:50.917  1635  2884 W NetworkPolicy: shared quota unsupported; generating rule for each iface
04-22 10:25:52.642  1635  2891 D ConnectivityService: NetReassign [no changes]
04-22 10:25:53.648  1635  1635 D CompatibilityChangeReporter: Compat change id reported: 135634846; UID 10239; state: DISABLED
04-22 10:25:53.648  1635  1776 D CompatibilityChangeReporter: Compat change id reported: 143937733; UID 10239; state: DISABLED
04-22 10:25:53.694  1635  1776 I ActivityManager: Start proc 9261:com.microsoft.todos/u0a239 for service {com.microsoft.todos/androidx.work.impl.background.systemjob.SystemJobService}
04-22 10:25:54.348  1635  1635 W NotificationHistory: Attempted to add notif for locked/gone/disabled user 0
04-22 10:25:55.664  1635  2891 D ConnectivityService: NetReassign [no changes]
04-22 10:26:10.777  1635  2891 I chatty  : uid=1000(system) ConnectivitySer identical 5 lines
04-22 10:26:13.803  1635  2891 D ConnectivityService: NetReassign [no changes]
04-22 10:26:15.004  1635  9190 I ActivityManager: Force stopping com.google.location.nearby.apps.connectedcrossroad appid=10333 user=0: from pid 9406
04-22 10:26:15.005  1635  9190 I ActivityManager: Killing 8837:com.google.location.nearby.apps.connectedcrossroad/u0a333 (adj 0): stop com.google.location.nearby.apps.connectedcrossroad due to from pid 9406
04-22 10:26:15.009  1635  9190 W ActivityTaskManager: Force removing ActivityRecord{bc7c9e u0 com.google.location.nearby.apps.connectedcrossroad/nx.aodv.eval.MainActivity t8086 f}}: app died, no saved state
04-22 10:26:15.043  1635  1775 W BroadcastQueue: Background execution not allowed: receiving Intent { act=android.intent.action.PACKAGE_RESTARTED dat=package:com.google.location.nearby.apps.connectedcrossroad flg=0x10 (has extras) } to steptracker.healthandfitness.walkingtracker.pedometer/com.drojian.stepcounter.receiver.PedometerReceiver
04-22 10:26:15.043  1635  1775 W BroadcastQueue: Background execution not allowed: receiving Intent { act=android.intent.action.PACKAGE_RESTARTED dat=package:com.google.location.nearby.apps.connectedcrossroad flg=0x10 (has extras) } to steptracker.healthandfitness.walkingtracker.pedometer/com.drojian.servicekeeper.receiver.BootReceiver
04-22 10:26:15.092  1635  1756 W ActivityManager: setHasOverlayUi called on unknown pid: 8837
04-22 10:26:15.092  1635  9377 D AutofillSession: handling death of Token{b273120 ActivityRecord{bc7c9e u0 com.google.location.nearby.apps.connectedcrossroad/nx.aodv.eval.MainActivity t-1 f}}} when saving=false
04-22 10:26:16.825  1635  2891 D ConnectivityService: NetReassign [no changes]
04-22 10:26:17.155  1635  1635 D BluetoothManagerService: Bluetooth Adapter name changed to Pixel 3a XL
04-22 10:26:17.156  1635  1635 D BluetoothManagerService: Stored Bluetooth name: Pixel 3a XL
04-22 10:26:17.157  1635  2893 D NsdService: unregister service
04-22 10:26:17.157  1635  2893 D NsdService: mdnssd [stop-register, 8]
04-22 10:26:19.848  1635  2891 D ConnectivityService: NetReassign [no changes]
04-22 10:26:32.032  1635  2891 I chatty  : uid=1000(system) ConnectivitySer identical 4 lines
04-22 10:26:35.082  1635  2891 D ConnectivityService: NetReassign [no changes]
04-22 10:26:35.332  1635  1635 I SoundTriggerHelper: Recognition success
04-22 10:26:35.334  4561 30416 I AlwaysOnHotwordDetector: onDetected
04-22 10:26:36.741  1635  3047 I SoundTriggerHelper: startRecognition successful.
04-22 10:26:38.139  1635  2891 D ConnectivityService: NetReassign [no changes]
04-22 10:26:44.204  1635  2891 I chatty  : uid=1000(system) ConnectivitySer identical 2 lines
04-22 10:26:47.251  1635  2891 D ConnectivityService: NetReassign [no changes]
04-22 10:26:47.889  1635  1635 I SoundTriggerHelper: Recognition success
04-22 10:26:47.892  4561 30416 I AlwaysOnHotwordDetector: onDetected
04-22 10:26:49.407  1635  9801 I SoundTriggerHelper: startRecognition successful.
04-22 10:26:50.307  1635  2891 D ConnectivityService: NetReassign [no changes]
04-22 10:27:17.621  1635  2891 I chatty  : uid=1000(system) ConnectivitySer identical 9 lines
04-22 10:27:20.648  1635  2891 D ConnectivityService: NetReassign [no changes]
04-22 10:27:21.004  1635  1771 I UsageStatsService: User[0] Flushing usage stats to disk
04-22 10:27:23.670  1635  2891 D ConnectivityService: NetReassign [no changes]
04-22 10:28:06.118  1635  2891 I chatty  : uid=1000(system) ConnectivitySer identical 14 lines
04-22 10:28:09.152  1635  2891 D ConnectivityService: NetReassign [no changes]
04-22 10:28:11.310  1635  1635 W NotificationHistory: Attempted to add notif for locked/gone/disabled user 0
04-22 10:28:12.182  1635  2891 D ConnectivityService: NetReassign [no changes]
04-22 10:28:33.445  1635  2891 I chatty  : uid=1000(system) ConnectivitySer identical 7 lines
04-22 10:28:36.475  1635  2891 D ConnectivityService: NetReassign [no changes]
04-22 10:28:36.840  1635  3047 W ActivityManager: Foreground service started from background can not have location/camera/microphone access: service steptracker.healthandfitness.walkingtracker.pedometer/com.drojian.stepcounter.service.CounterService
04-22 10:28:36.860  1635  8781 W ActivityManager: Foreground service started from background can not have location/camera/microphone access: service steptracker.healthandfitness.walkingtracker.pedometer/com.drojian.stepcounter.service.CounterService
04-22 10:28:36.873  1635  8900 W ActivityManager: Foreground service started from background can not have location/camera/microphone access: service steptracker.healthandfitness.walkingtracker.pedometer/com.drojian.stepcounter.service.CounterService
04-22 10:28:39.504  1635  2891 D ConnectivityService: NetReassign [no changes]
04-22 10:29:15.952  1635  2891 I chatty  : uid=1000(system) ConnectivitySer identical 12 lines
04-22 10:29:18.968  1635  2891 D ConnectivityService: NetReassign [no changes]
04-22 10:29:20.939  1635  9801 I ActivityManager: Force stopping com.google.location.nearby.apps.connectedcrossroad appid=10333 user=0: from pid 9791
04-22 10:29:20.949  1635  1775 W BroadcastQueue: Background execution not allowed: receiving Intent { act=android.intent.action.PACKAGE_RESTARTED dat=package:com.google.location.nearby.apps.connectedcrossroad flg=0x10 (has extras) } to steptracker.healthandfitness.walkingtracker.pedometer/com.drojian.stepcounter.receiver.PedometerReceiver
04-22 10:29:20.950  1635  1775 W BroadcastQueue: Background execution not allowed: receiving Intent { act=android.intent.action.PACKAGE_RESTARTED dat=package:com.google.location.nearby.apps.connectedcrossroad flg=0x10 (has extras) } to steptracker.healthandfitness.walkingtracker.pedometer/com.drojian.servicekeeper.receiver.BootReceiver
04-22 10:29:22.005  1635  2891 D ConnectivityService: NetReassign [no changes]
04-22 10:29:25.050  1635  2891 I chatty  : uid=1000(system) ConnectivitySer identical 1 line
04-22 10:29:28.087  1635  2891 D ConnectivityService: NetReassign [no changes]
04-22 10:29:29.112  1635  1878 I PackageManager: Integrity check passed for file:///data/app/vmdl1283154803.tmp
04-22 10:29:29.136  1635  1878 I PackageManager: Update package com.google.location.nearby.apps.connectedcrossroad code path from /data/app/~~UuiADw_O16G_EIishmfvwA==/com.google.location.nearby.apps.connectedcrossroad-atLjKge-0zBNjNK5Vx5YPg== to /data/app/~~F0aKxfXZuKcXZ9F5mopmCQ==/com.google.location.nearby.apps.connectedcrossroad-JyCjP3zgVECIvJLTZ-1dQg==; Retain data and using new
04-22 10:29:29.137  1635  1878 I PackageManager: Update package com.google.location.nearby.apps.connectedcrossroad resource path from /data/app/~~UuiADw_O16G_EIishmfvwA==/com.google.location.nearby.apps.connectedcrossroad-atLjKge-0zBNjNK5Vx5YPg== to /data/app/~~F0aKxfXZuKcXZ9F5mopmCQ==/com.google.location.nearby.apps.connectedcrossroad-JyCjP3zgVECIvJLTZ-1dQg==; Retain data and using new
04-22 10:29:29.151  1635  1878 D CompatibilityChangeReporter: Compat change id reported: 135549675; UID 10333; state: DISABLED
04-22 10:29:29.321  1635  1775 W BroadcastQueue: Background execution not allowed: receiving Intent { act=android.intent.action.PACKAGE_REMOVED dat=package:com.google.location.nearby.apps.connectedcrossroad flg=0x4000010 (has extras) } to com.android.vending/com.google.android.finsky.packagemanager.impl.PackageMonitorReceiverImpl$RegisteredReceiver
04-22 10:29:29.322  1635  1775 W BroadcastQueue: Background execution not allowed: receiving Intent { act=android.intent.action.PACKAGE_REMOVED dat=package:com.google.location.nearby.apps.connectedcrossroad flg=0x4000010 (has extras) } to com.android.vending/com.google.android.finsky.instantapps.appmanagement.InstantAppRemoveMonitor
04-22 10:29:29.322  1635  1775 W BroadcastQueue: Background execution not allowed: receiving Intent { act=android.intent.action.PACKAGE_REMOVED dat=package:com.google.location.nearby.apps.connectedcrossroad flg=0x4000010 (has extras) } to com.google.android.gms/.games.chimera.GamesSystemBroadcastReceiverProxy
04-22 10:29:29.322  1635  1775 W BroadcastQueue: Background execution not allowed: receiving Intent { act=android.intent.action.PACKAGE_REMOVED dat=package:com.google.location.nearby.apps.connectedcrossroad flg=0x4000010 (has extras) } to com.google.android.gms/.chimera.GmsIntentOperationService$PersistentTrustedReceiver
04-22 10:29:29.323  1635  1775 W BroadcastQueue: Background execution not allowed: receiving Intent { act=android.intent.action.PACKAGE_REMOVED dat=package:com.google.location.nearby.apps.connectedcrossroad flg=0x4000010 (has extras) } to com.google.android.googlequicksearchbox/com.google.android.apps.gsa.googlequicksearchbox.GelStubAppWatcher
04-22 10:29:29.323  1635  1775 W BroadcastQueue: Background execution not allowed: receiving Intent { act=android.intent.action.PACKAGE_REMOVED dat=package:com.google.location.nearby.apps.connectedcrossroad flg=0x4000010 (has extras) } to com.facebook.katana/com.facebook.feed.platformads.AppInstallReceiver
04-22 10:29:29.323  1635  1775 W BroadcastQueue: Background execution not allowed: receiving Intent { act=android.intent.action.PACKAGE_REMOVED dat=package:com.google.location.nearby.apps.connectedcrossroad flg=0x4000010 (has extras) } to com.jaga.ibraceletplus.smartwristband3/com.yc.pedometer.keepalive.KeepAliveReceiver
04-22 10:29:29.324  1635  1775 W BroadcastQueue: Background execution not allowed: receiving Intent { act=android.intent.action.PACKAGE_REMOVED dat=package:com.google.location.nearby.apps.connectedcrossroad flg=0x4000010 (has extras) } to com.microsoft.appmanager/.receiver.InstallUninstallReceiver
04-22 10:29:29.397  1635  1775 W BroadcastQueue: Background execution not allowed: receiving Intent { act=android.intent.action.PACKAGE_REMOVED dat=package:com.google.location.nearby.apps.connectedcrossroad flg=0x4000010 (has extras) } to com.microsoft.appmanager/com.microsoft.mmx.continuity.receiver.InstallUninstallReceiver
04-22 10:29:29.399  1635  1775 W BroadcastQueue: Background execution not allowed: receiving Intent { act=android.intent.action.PACKAGE_REMOVED dat=package:com.google.location.nearby.apps.connectedcrossroad flg=0x4000010 (has extras) } to com.microsoft.emmx/com.microsoft.mmx.continuity.receiver.InstallUninstallReceiver
04-22 10:29:29.400  1635  1775 W BroadcastQueue: Background execution not allowed: receiving Intent { act=android.intent.action.PACKAGE_ADDED dat=package:com.google.location.nearby.apps.connectedcrossroad flg=0x4000010 (has extras) } to com.google.android.packageinstaller/com.android.packageinstaller.PackageInstalledReceiver
04-22 10:29:29.400  1635  1775 W BroadcastQueue: Background execution not allowed: receiving Intent { act=android.intent.action.PACKAGE_ADDED dat=package:com.google.location.nearby.apps.connectedcrossroad flg=0x4000010 (has extras) } to com.android.vending/com.google.android.finsky.packagemanager.impl.PackageMonitorReceiverImpl$RegisteredReceiver
04-22 10:29:29.400  1635  1775 W BroadcastQueue: Background execution not allowed: receiving Intent { act=android.intent.action.PACKAGE_ADDED dat=package:com.google.location.nearby.apps.connectedcrossroad flg=0x4000010 (has extras) } to com.google.android.gms/.games.chimera.GamesSystemBroadcastReceiverProxy
04-22 10:29:29.400  1635  1775 W BroadcastQueue: Background execution not allowed: receiving Intent { act=android.intent.action.PACKAGE_ADDED dat=package:com.google.location.nearby.apps.connectedcrossroad flg=0x4000010 (has extras) } to com.google.android.gms/.gass.chimera.PackageChangeBroadcastReceiver
04-22 10:29:29.400  1635  1775 W BroadcastQueue: Background execution not allowed: receiving Intent { act=android.intent.action.PACKAGE_ADDED dat=package:com.google.location.nearby.apps.connectedcrossroad flg=0x4000010 (has extras) } to com.google.android.gms/.chimera.GmsIntentOperationService$PersistentTrustedReceiver
04-22 10:29:29.401  1635  1775 W BroadcastQueue: Background execution not allowed: receiving Intent { act=android.intent.action.PACKAGE_ADDED dat=package:com.google.location.nearby.apps.connectedcrossroad flg=0x4000010 (has extras) } to com.google.android.googlequicksearchbox/com.google.android.apps.gsa.googlequicksearchbox.GelStubAppWatcher
04-22 10:29:29.404  1635  1775 W BroadcastQueue: Background execution not allowed: receiving Intent { act=android.intent.action.PACKAGE_ADDED dat=package:com.google.location.nearby.apps.connectedcrossroad flg=0x4000010 (has extras) } to com.facebook.katana/com.facebook.feed.platformads.AppInstallReceiver
04-22 10:29:29.411  1635  1775 W BroadcastQueue: Background execution not allowed: receiving Intent { act=android.intent.action.PACKAGE_ADDED dat=package:com.google.location.nearby.apps.connectedcrossroad flg=0x4000010 (has extras) } to com.jaga.ibraceletplus.smartwristband3/com.yc.pedometer.keepalive.KeepAliveReceiver
04-22 10:29:29.411  1635  1775 W BroadcastQueue: Background execution not allowed: receiving Intent { act=android.intent.action.PACKAGE_ADDED dat=package:com.google.location.nearby.apps.connectedcrossroad flg=0x4000010 (has extras) } to com.microsoft.appmanager/.receiver.InstallUninstallReceiver
04-22 10:29:29.422  1635  1775 W BroadcastQueue: Background execution not allowed: receiving Intent { act=android.intent.action.PACKAGE_ADDED dat=package:com.google.location.nearby.apps.connectedcrossroad flg=0x4000010 (has extras) } to com.microsoft.appmanager/com.microsoft.mmx.continuity.receiver.InstallUninstallReceiver
04-22 10:29:29.462  1635  4612 I ActivityTaskManager: START u0 {act=android.intent.action.MAIN cat=[android.intent.category.LAUNCHER] flg=0x10000000 cmp=com.google.location.nearby.apps.connectedcrossroad/nx.aodv.eval.MainActivity} from uid 2000
04-22 10:29:29.498  1635  1775 W BroadcastQueue: Background execution not allowed: receiving Intent { act=android.intent.action.PACKAGE_ADDED dat=package:com.google.location.nearby.apps.connectedcrossroad flg=0x4000010 (has extras) } to com.microsoft.emmx/com.microsoft.mmx.continuity.receiver.InstallUninstallReceiver
04-22 10:29:29.537  1635  1754 W Looper  : Slow dispatch took 122ms android.ui h=com.android.server.am.ActivityManagerService$UiHandler c=null m=53
04-22 10:29:29.542  1635  1756 D CompatibilityChangeReporter: Compat change id reported: 135634846; UID 10333; state: DISABLED
04-22 10:29:29.542  1635  1776 D CompatibilityChangeReporter: Compat change id reported: 143937733; UID 10333; state: DISABLED
04-22 10:29:29.576  1635  1752 W Looper  : Slow dispatch took 138ms android.fg h=android.os.Handler c=<recycled PooledLambda@e893157> m=0
04-22 10:29:29.605  1635  1776 W ActivityManager: Slow operation: 65ms so far, now at startProcess: returned from zygote!
04-22 10:29:29.608  1635  1776 W ActivityManager: Slow operation: 67ms so far, now at startProcess: done updating battery stats
04-22 10:29:29.608  1635  1776 W ActivityManager: Slow operation: 68ms so far, now at startProcess: building log message
04-22 10:29:29.608  1635  1776 I ActivityManager: Start proc 9852:com.google.location.nearby.apps.connectedcrossroad/u0a333 for pre-top-activity {com.google.location.nearby.apps.connectedcrossroad/nx.aodv.eval.MainActivity}
04-22 10:29:29.608  1635  1776 W ActivityManager: Slow operation: 68ms so far, now at startProcess: starting to update pids map
04-22 10:29:29.608  1635  1776 W ActivityManager: Slow operation: 68ms so far, now at startProcess: done updating pids map
04-22 10:29:29.683  1635  1635 W Looper  : Slow dispatch took 310ms main h=android.app.ActivityThread$H c=android.app.-$$Lambda$LoadedApk$ReceiverDispatcher$Args$_BumDX2UKsnxLVrE6UJsJZkotuA@579b36a m=0
04-22 10:29:29.683  1635  1635 W Looper  : Slow delivery took 308ms main h=android.app.ActivityThread$H c=android.app.-$$Lambda$LoadedApk$ReceiverDispatcher$Args$_BumDX2UKsnxLVrE6UJsJZkotuA@777e05b m=0
04-22 10:29:29.685  1635  9190 I ActivityManager: Process com.google.android.apps.tachyon (pid 6797) has died: cch+85 CEM 
04-22 10:29:29.780  1635  1752 W Looper  : Slow delivery took 267ms android.fg h=android.os.Handler c=<recycled PooledLambda@a3bfb73> m=0
04-22 10:29:29.780  1635  1752 W Looper  : Slow dispatch took 116ms android.fg h=android.os.Handler c=<recycled PooledLambda@a3bfb73> m=0
04-22 10:29:29.942  1635  1752 W Looper  : Slow dispatch took 162ms android.fg h=android.os.Handler c=<recycled PooledLambda@d473e9a> m=0
04-22 10:29:30.013  1635  1635 W Looper  : Slow dispatch took 322ms main h=android.app.ActivityThread$H c=android.app.-$$Lambda$LoadedApk$ReceiverDispatcher$Args$_BumDX2UKsnxLVrE6UJsJZkotuA@804af22 m=0
04-22 10:29:30.033  1635  1635 I Telecom : DefaultDialerCache: Refreshing default dialer for user 0: now com.google.android.dialer: DDC.oR@BSg
04-22 10:29:30.130  1635  1635 V BackupManagerConstants: getFullBackupIntervalMilliseconds(...) returns 86400000
04-22 10:29:30.130  1635  1635 V BackupManagerConstants: getFullBackupRequiredNetworkType(...) returns 2
04-22 10:29:30.130  1635  1635 V BackupManagerConstants: getFullBackupRequireCharging(...) returns true
04-22 10:29:30.146  1635  1752 W Looper  : Slow dispatch took 194ms android.fg h=android.os.Handler c=<recycled PooledLambda@c2e989b> m=0
04-22 10:29:30.179  1635  1635 W Looper  : Drained
04-22 10:29:30.276  1635  2884 W NetworkPolicy: shared quota unsupported; generating rule for each iface
04-22 10:29:30.486  1635  3046 W BroadcastQueue: Background execution not allowed: receiving Intent { act=android.intent.action.PACKAGE_REPLACED dat=package:com.google.location.nearby.apps.connectedcrossroad flg=0x4000010 (has extras) } to com.google.android.gms/.gass.chimera.PackageChangeBroadcastReceiver
04-22 10:29:30.490  1635  1775 W BroadcastQueue: Background execution not allowed: receiving Intent { act=android.intent.action.PACKAGE_REPLACED dat=package:com.google.location.nearby.apps.connectedcrossroad flg=0x4000010 (has extras) } to com.google.android.gms/.chimera.GmsIntentOperationService$PersistentTrustedReceiver
04-22 10:29:30.491  1635  1775 W BroadcastQueue: Background execution not allowed: receiving Intent { act=android.intent.action.PACKAGE_REPLACED dat=package:com.google.location.nearby.apps.connectedcrossroad flg=0x4000010 (has extras) } to com.google.android.googlequicksearchbox/com.google.android.apps.gsa.googlequicksearchbox.GelStubAppWatcher
04-22 10:29:30.492  1635  1775 W BroadcastQueue: Background execution not allowed: receiving Intent { act=android.intent.action.PACKAGE_REPLACED dat=package:com.google.location.nearby.apps.connectedcrossroad flg=0x4000010 (has extras) } to com.infonow.bofa/com.bofa.ecom.marvel.application.BofaPackageUpdateReceiver
04-22 10:29:30.493  1635  1775 W BroadcastQueue: Background execution not allowed: receiving Intent { act=android.intent.action.PACKAGE_REPLACED dat=package:com.google.location.nearby.apps.connectedcrossroad flg=0x4000010 (has extras) } to com.microsoft.appmanager/com.microsoft.mmx.continuity.receiver.InstallUninstallReceiver
04-22 10:29:30.493  1635  1775 W BroadcastQueue: Background execution not allowed: receiving Intent { act=android.intent.action.PACKAGE_REPLACED dat=package:com.google.location.nearby.apps.connectedcrossroad flg=0x4000010 (has extras) } to com.microsoft.emmx/com.microsoft.mmx.continuity.receiver.InstallUninstallReceiver
04-22 10:29:30.493  1635  1775 W BroadcastQueue: Background execution not allowed: receiving Intent { act=android.intent.action.PACKAGE_REPLACED dat=package:com.google.location.nearby.apps.connectedcrossroad flg=0x4000010 (has extras) } to steptracker.healthandfitness.walkingtracker.pedometer/com.drojian.stepcounter.receiver.PedometerReceiver
04-22 10:29:30.494  1635  1775 W BroadcastQueue: Background execution not allowed: receiving Intent { act=android.intent.action.PACKAGE_REPLACED dat=package:com.google.location.nearby.apps.connectedcrossroad flg=0x4000010 (has extras) } to steptracker.healthandfitness.walkingtracker.pedometer/com.drojian.servicekeeper.receiver.BootReceiver
04-22 10:29:30.494  1635  1775 W BroadcastQueue: Background execution not allowed: receiving Intent { act=com.microsoft.mmx.intent.action.UPDATE_POLICY flg=0x30 } to com.microsoft.appmanager/com.microsoft.mmx.continuity.receiver.PolicyReceiver
04-22 10:29:30.494  1635  1775 W BroadcastQueue: Background execution not allowed: receiving Intent { act=com.microsoft.mmx.intent.action.UPDATE_POLICY flg=0x30 } to com.microsoft.emmx/com.microsoft.mmx.continuity.receiver.PolicyReceiver
04-22 10:29:30.494  1635  1775 W BroadcastQueue: Background execution not allowed: receiving Intent { act=com.microsoft.mmx.intent.action.UPDATE_POLICY flg=0x30 } to com.microsoft.appmanager/com.microsoft.mmx.continuity.receiver.PolicyReceiver
04-22 10:29:30.494  1635  1775 W BroadcastQueue: Background execution not allowed: receiving Intent { act=com.microsoft.mmx.intent.action.UPDATE_POLICY flg=0x30 } to com.microsoft.emmx/com.microsoft.mmx.continuity.receiver.PolicyReceiver
04-22 10:29:30.495  1635  1775 W BroadcastQueue: Background execution not allowed: receiving Intent { act=com.microsoft.mmx.intent.action.UPDATE_POLICY flg=0x30 } to com.microsoft.appmanager/com.microsoft.mmx.continuity.receiver.PolicyReceiver
04-22 10:29:30.495  1635  1775 W BroadcastQueue: Background execution not allowed: receiving Intent { act=com.microsoft.mmx.intent.action.UPDATE_POLICY flg=0x30 } to com.microsoft.emmx/com.microsoft.mmx.continuity.receiver.PolicyReceiver
04-22 10:29:31.009  1635  9190 D CompatibilityChangeReporter: Compat change id reported: 136274596; UID 10333; state: DISABLED
04-22 10:29:31.096  1635  2891 D ConnectivityService: NetReassign [no changes]
04-22 10:29:31.206  1635 12414 I ActivityManager: Process com.google.android.apps.turbo:aab (pid 4914) has died: cch+85 CEM 
04-22 10:29:31.208  1635  1752 W Looper  : Slow dispatch took 102ms android.fg h=android.os.Handler c=<recycled PooledLambda@40d3976> m=0
04-22 10:29:31.230  1635 12414 I ActivityManager: Process android.process.acore (pid 32151) has died: cch+85 CEM 
04-22 10:29:31.250  1635 12414 I ActivityManager: Process com.google.android.partnersetup (pid 7798) has died: cch+75 CEM 
04-22 10:29:31.277  1635  3044 I ActivityManager: Process com.google.android.keep (pid 7541) has died: cch+75 CEM 
04-22 10:29:31.417  1635  1752 W Looper  : Drained
04-22 10:29:31.918  1635  2884 W NetworkPolicy: shared quota unsupported; generating rule for each iface
04-22 10:29:32.467  1635  2884 I chatty  : uid=1000(system) NetworkPolicy identical 3 lines
04-22 10:29:32.546  1635  2884 W NetworkPolicy: shared quota unsupported; generating rule for each iface
04-22 10:29:32.684  1635  9190 E SystemServiceRegistry: Manager wrapper not available: face
04-22 10:29:32.686  1635  9190 I StatsPullAtomService: No runtime appop access message collected
04-22 10:29:32.687  1635  1775 I DropBoxManagerService: add tag=system_server_wtf isTagEnabled=true flags=0x2
04-22 10:29:32.796  1635  3044 W SettingsStatsUtil: Can not parse value to float: gps,network
04-22 10:29:33.526  1635  9190 D ConnectivityService: ConnectivityService NetworkRequestInfo binderDied(NetworkRequest [ LISTEN id=766, [ Capabilities: INTERNET&NOT_RESTRICTED&TRUSTED&NOT_VPN&FOREGROUND Uid: 10273 AdministratorUids: [] RequestorUid: 10273 RequestorPackageName: com.microsoft.appmanager] ], android.os.BinderProxy@b41c333)
04-22 10:29:33.527  1635  5549 I ActivityManager: Process com.microsoft.appmanager (pid 7514) has died: cch+99 CEM 
04-22 10:29:33.609  1635  8772 D ConnectivityService: ConnectivityService NetworkRequestInfo binderDied(NetworkRequest [ LISTEN id=770, [ Capabilities: INTERNET&NOT_RESTRICTED&TRUSTED&FOREGROUND Uid: 10215 AdministratorUids: [] RequestorUid: 10215 RequestorPackageName: com.microsoft.emmx] ], android.os.BinderProxy@8ef9408)
04-22 10:29:33.609  1635  8900 D ConnectivityService: ConnectivityService NetworkRequestInfo binderDied(NetworkRequest [ TRACK_DEFAULT id=769, [ Capabilities: INTERNET&NOT_RESTRICTED&TRUSTED Uid: 10215 AdministratorUids: [] RequestorUid: 10215 RequestorPackageName: com.microsoft.emmx] ], android.os.BinderProxy@34ca7a1)
04-22 10:29:33.609  1635  5549 I ActivityManager: Process com.microsoft.emmx (pid 7820) has died: cch+99 CEM 
04-22 10:29:33.609  1635  2891 D ConnectivityService: releasing NetworkRequest [ TRACK_DEFAULT id=769, [ Capabilities: INTERNET&NOT_RESTRICTED&TRUSTED Uid: 10215 AdministratorUids: [] RequestorUid: 10215 RequestorPackageName: com.microsoft.emmx] ] (release request)
04-22 10:29:34.106  1635  2891 D ConnectivityService: NetReassign [no changes]
04-22 10:29:34.698  1635  1775 W BroadcastQueue: Background execution not allowed: receiving Intent { act=android.intent.action.DROPBOX_ENTRY_ADDED flg=0x10 (has extras) } to com.google.android.gms/.stats.service.DropBoxEntryAddedReceiver
04-22 10:29:34.698  1635  1775 W BroadcastQueue: Background execution not allowed: receiving Intent { act=android.intent.action.DROPBOX_ENTRY_ADDED flg=0x10 (has extras) } to com.google.android.gms/.chimera.GmsIntentOperationService$PersistentTrustedReceiver
04-22 10:29:34.968  1635  1635 D BluetoothManagerService: Bluetooth Adapter name changed to ImgtTjdbye0AAAAAAAAAATE
04-22 10:29:34.969  1635  1635 D BluetoothManagerService: Stored Bluetooth name: ImgtTjdbye0AAAAAAAAAATE
04-22 10:29:35.311  1635  2893 D NsdService: Register service
04-22 10:29:35.311  1635  2893 D NsdService: registerService: 9 name: ImgtTjdbye0AAA, type: _5BC9ED5E6C75._tcp, host: null, port: 42083, txtRecord: n=MQIPv4=192.168.1.17
04-22 10:29:35.311  1635  2893 D NsdService: mdnssd [register, 9, ImgtTjdbye0AAA, _5BC9ED5E6C75._tcp, 42083, BG49TVERSVB2ND0xOTIuMTY4LjEuMTc=]
04-22 10:29:35.316  1635  2893 D NsdService: Register 9 9
04-22 10:29:35.971  1635  2893 D NsdService: Native daemon message SERVICE_REGISTERED: 606 9 "ImgtTjdbye0AAA"
04-22 10:29:35.988  1635  9190 E AppOps  : attributionTag com.google.android.gms.nearby not declared in manifest of com.google.location.nearby.apps.connectedcrossroad
04-22 10:29:37.117  1635  2891 D ConnectivityService: NetReassign [no changes]
04-22 10:29:43.145  1635  2891 I chatty  : uid=1000(system) ConnectivitySer identical 2 lines
04-22 10:29:46.169  1635  2891 D ConnectivityService: NetReassign [no changes]
04-22 10:29:47.831  1635  1775 W BroadcastQueue: Background execution not allowed: receiving Intent { act=android.bluetooth.device.action.BOND_STATE_CHANGED flg=0x10 (has extras) } to com.google.android.gms/.chimera.GmsIntentOperationService$PersistentTrustedReceiver
04-22 10:29:47.831  1635  1775 W BroadcastQueue: Background execution not allowed: receiving Intent { act=android.bluetooth.device.action.BOND_STATE_CHANGED flg=0x10 (has extras) } to com.google.android.googlequicksearchbox/com.google.android.apps.gsa.broadcastreceiver.external.ExternalCommonBroadcastReceiver
04-22 10:29:49.196  1635  2891 D ConnectivityService: NetReassign [no changes]
04-22 10:29:50.000  1635  1775 W BroadcastQueue: Background execution not allowed: receiving Intent { act=android.bluetooth.device.action.BOND_STATE_CHANGED flg=0x10 (has extras) } to com.google.android.gms/.chimera.GmsIntentOperationService$PersistentTrustedReceiver
04-22 10:29:50.004  1635  1775 W BroadcastQueue: Background execution not allowed: receiving Intent { act=android.bluetooth.device.action.BOND_STATE_CHANGED flg=0x10 (has extras) } to com.google.android.googlequicksearchbox/com.google.android.apps.gsa.broadcastreceiver.external.ExternalCommonBroadcastReceiver
04-22 10:29:52.224  1635  2891 D ConnectivityService: NetReassign [no changes]
04-22 10:30:13.359  1635  2891 I chatty  : uid=1000(system) ConnectivitySer identical 7 lines
04-22 10:30:16.385  1635  2891 D ConnectivityService: NetReassign [no changes]
04-22 10:30:18.105  1635 11678 I DropBoxManagerService: add tag=event_data isTagEnabled=true flags=0x2
04-22 10:30:18.112  1635  1775 W BroadcastQueue: Background execution not allowed: receiving Intent { act=android.intent.action.DROPBOX_ENTRY_ADDED flg=0x10 (has extras) } to com.google.android.gms/.stats.service.DropBoxEntryAddedReceiver
04-22 10:30:18.112  1635  1775 W BroadcastQueue: Background execution not allowed: receiving Intent { act=android.intent.action.DROPBOX_ENTRY_ADDED flg=0x10 (has extras) } to com.google.android.gms/.chimera.GmsIntentOperationService$PersistentTrustedReceiver
04-22 10:30:18.134  1635 11678 I DropBoxManagerService: add tag=dumpsys:account isTagEnabled=true flags=0x2
04-22 10:30:18.139  1635  1775 W BroadcastQueue: Background execution not allowed: receiving Intent { act=android.intent.action.DROPBOX_ENTRY_ADDED flg=0x10 (has extras) } to com.google.android.gms/.stats.service.DropBoxEntryAddedReceiver
04-22 10:30:18.139  1635  1775 W BroadcastQueue: Background execution not allowed: receiving Intent { act=android.intent.action.DROPBOX_ENTRY_ADDED flg=0x10 (has extras) } to com.google.android.gms/.chimera.GmsIntentOperationService$PersistentTrustedReceiver
04-22 10:30:19.406  1635  2891 D ConnectivityService: NetReassign [no changes]
04-22 10:30:22.431  1635  2891 D ConnectivityService: NetReassign [no changes]
04-22 10:30:24.310  1635  1775 D CompatibilityChangeReporter: Compat change id reported: 135634846; UID 10219; state: DISABLED
04-22 10:30:24.310  1635  1776 D CompatibilityChangeReporter: Compat change id reported: 143937733; UID 10219; state: DISABLED
04-22 10:30:24.341  1635  1776 I ActivityManager: Start proc 10072:com.duosecurity.duomobile/u0a219 for broadcast {com.duosecurity.duomobile/com.google.firebase.iid.FirebaseInstanceIdReceiver}
04-22 10:30:25.454  1635  2891 D ConnectivityService: NetReassign [no changes]
04-22 10:30:25.715  1635 11678 D ConnectivityService: requestNetwork for uid/pid:10219/10072 NetworkRequest [ TRACK_DEFAULT id=775, [ Capabilities: INTERNET&NOT_RESTRICTED&TRUSTED Uid: 10219 AdministratorUids: [] RequestorUid: 10219 RequestorPackageName: com.duosecurity.duomobile] ]
04-22 10:30:25.716  1635  2891 D ConnectivityService: NetReassign [775 : null  135]
04-22 10:30:25.981  1635  1635 D NotificationService: 0|com.duosecurity.duomobile|-707914111|null|10219: granting content://com.duosecurity.duomobile.soundprovider/tone1/Duo%20Tone
04-22 10:30:25.982  1635  1635 I chatty  : uid=1000 system_server identical 4 lines
04-22 10:30:25.982  1635  1635 D NotificationService: 0|com.duosecurity.duomobile|-707914111|null|10219: granting content://com.duosecurity.duomobile.soundprovider/tone1/Duo%20Tone
04-22 10:30:25.993  1635  1635 W NotificationHistory: Attempted to add notif for locked/gone/disabled user 0
04-22 10:30:26.752  1635  1752 I RoleManagerService: Granting default roles...
04-22 10:30:27.030  1635  1752 W Looper  : Slow delivery took 223ms android.fg h=android.os.Handler c=<recycled PooledLambda@626bd81> m=0
04-22 10:30:27.166  1635  1635 W Looper  : Slow dispatch took 334ms main h=android.app.ActivityThread$H c=android.app.-$$Lambda$LoadedApk$ReceiverDispatcher$Args$_BumDX2UKsnxLVrE6UJsJZkotuA@29443cf m=0
04-22 10:30:27.167  1635  1635 W Looper  : Slow delivery took 413ms main h=android.os.Handler c=android.app.-$$Lambda$LoadedApk$ReceiverDispatcher$Args$_BumDX2UKsnxLVrE6UJsJZkotuA@6e4215c m=0
04-22 10:30:27.174  1635  2891 D ConnectivityService: releasing NetworkRequest [ TRACK_DEFAULT id=775, [ Capabilities: INTERNET&NOT_RESTRICTED&TRUSTED Uid: 10219 AdministratorUids: [] RequestorUid: 10219 RequestorPackageName: com.duosecurity.duomobile] ] (release request)
04-22 10:30:27.250  1635  1752 W Looper  : Drained
04-22 10:30:27.280  1635  1635 W Looper  : Slow dispatch took 113ms main h=android.app.ActivityThread$H c=android.app.-$$Lambda$LoadedApk$ReceiverDispatcher$Args$_BumDX2UKsnxLVrE6UJsJZkotuA@637889f m=0
04-22 10:30:27.282  1635  1635 I Telecom : DefaultDialerCache: Refreshing default dialer for user 0: now com.google.android.dialer: DDC.oR@BSk
04-22 10:30:27.290  1635  1635 W Looper  : Drained
04-22 10:30:27.491  1635  1635 W NotificationHistory: Attempted to add notif for locked/gone/disabled user 0
04-22 10:30:28.221  1635  1752 I RoleManagerService: Granting default roles...
04-22 10:30:28.373  1635  1635 I Telecom : DefaultDialerCache: Refreshing default dialer for user 0: now com.google.android.dialer: DDC.oR@BSo
04-22 10:30:28.463  1635  2891 D ConnectivityService: NetReassign [no changes]
04-22 10:30:28.519  1635  1752 W Looper  : Slow delivery took 215ms android.fg h=android.os.Handler c=<recycled PooledLambda@ee5ca18> m=0
04-22 10:30:28.966  1635  1752 W Looper  : Drained
04-22 10:30:31.483  1635  2891 D ConnectivityService: NetReassign [no changes]
04-22 10:30:37.528  1635  2891 I chatty  : uid=1000(system) ConnectivitySer identical 2 lines
04-22 10:30:40.551  1635  2891 D ConnectivityService: NetReassign [no changes]
04-22 10:30:42.468  1635  2884 W NetworkPolicy: shared quota unsupported; generating rule for each iface
04-22 10:30:43.574  1635  2891 D ConnectivityService: NetReassign [no changes]
04-22 10:30:52.647  1635  2891 I chatty  : uid=1000(system) ConnectivitySer identical 3 lines
04-22 10:30:55.671  1635  2891 D ConnectivityService: NetReassign [no changes]
04-22 10:30:58.229  1635  1635 W NotificationHistory: Attempted to add notif for locked/gone/disabled user 0
04-22 10:30:58.692  1635  2891 D ConnectivityService: NetReassign [no changes]
04-22 10:31:00.001  1635  1635 W NotificationHistory: Attempted to add notif for locked/gone/disabled user 0
04-22 10:31:01.710  1635  2891 D ConnectivityService: NetReassign [no changes]
04-22 10:31:28.910  1635  2891 I chatty  : uid=1000(system) ConnectivitySer identical 9 lines
04-22 10:31:31.943  1635  2891 D ConnectivityService: NetReassign [no changes]
04-22 10:31:34.639  1635  3045 W ActivityManager: Foreground service started from background can not have location/camera/microphone access: service steptracker.healthandfitness.walkingtracker.pedometer/com.drojian.stepcounter.service.CounterService
04-22 10:31:34.962  1635  2891 D ConnectivityService: NetReassign [no changes]
04-22 10:32:14.290  1635  2891 I chatty  : uid=1000(system) ConnectivitySer identical 13 lines
04-22 10:32:17.313  1635  2891 D ConnectivityService: NetReassign [no changes]
04-22 10:32:19.630  1635  1775 W ActivityManager: Stopping service due to app idle: u0a243 -1h26m0s243ms com.facebook.orca/com.facebook.mqttlite.MqttService
04-22 10:32:20.338  1635  2891 D ConnectivityService: NetReassign [no changes]
04-22 10:33:08.718  1635  2891 I chatty  : uid=1000(system) ConnectivitySer identical 16 lines
04-22 10:33:11.743  1635  2891 D ConnectivityService: NetReassign [no changes]
04-22 10:33:12.666  1635  3045 W ActivityManager: Foreground service started from background can not have location/camera/microphone access: service steptracker.healthandfitness.walkingtracker.pedometer/com.drojian.stepcounter.service.CounterService
04-22 10:33:13.818  1635  8772 W ActivityManager: Foreground service started from background can not have location/camera/microphone access: service steptracker.healthandfitness.walkingtracker.pedometer/com.drojian.stepcounter.service.CounterService
04-22 10:33:14.767  1635  2891 D ConnectivityService: NetReassign [no changes]
04-22 10:33:26.867  1635  2891 I chatty  : uid=1000(system) ConnectivitySer identical 4 lines
04-22 10:33:29.892  1635  2891 D ConnectivityService: NetReassign [no changes]
04-22 10:33:32.441  1635  1771 W ProcessCpuTracker: Failed to stat(/proc/10542): android.system.ErrnoException: stat failed: ENOENT (No such file or directory)
04-22 10:33:32.441  1635  1771 W ProcessCpuTracker: Skipping unknown process pid 10542
04-22 10:33:32.914  1635  2891 D ConnectivityService: NetReassign [no changes]
04-22 10:33:45.011  1635  2891 I chatty  : uid=1000(system) ConnectivitySer identical 4 lines
04-22 10:33:48.033  1635  2891 D ConnectivityService: NetReassign [no changes]
04-22 10:33:49.271  1635  1635 D NotificationService: 0|com.google.android.gm|-452865948|gig:-726450018:CLASSIC_INBOX_ALL_MAIL|10184: granting content://settings/system/notification_sound
04-22 10:33:49.274  1635  1635 I chatty  : uid=1000 system_server identical 4 lines
04-22 10:33:49.275  1635  1635 D NotificationService: 0|com.google.android.gm|-452865948|gig:-726450018:CLASSIC_INBOX_ALL_MAIL|10184: granting content://settings/system/notification_sound
04-22 10:33:49.277  1635  1635 W NotificationHistory: Attempted to add notif for locked/gone/disabled user 0
04-22 10:33:50.271  1635  2895 D CompatibilityChangeReporter: Compat change id reported: 135634846; UID 10063; state: DISABLED
04-22 10:33:50.272  1635  1776 D CompatibilityChangeReporter: Compat change id reported: 143937733; UID 10063; state: ENABLED
04-22 10:33:50.313  1635  1776 I ActivityManager: Start proc 10587:android.process.acore/u0a63 for content provider {com.android.providers.contacts/com.android.providers.contacts.ContactsProvider2}
04-22 10:33:50.574 10587 10587 D ActivityThread: Loading provider contacts;com.android.contacts: com.android.providers.contacts.ContactsProvider2
04-22 10:33:51.058  1635  2891 D ConnectivityService: NetReassign [no changes]
04-22 10:34:06.157  1635  2891 I chatty  : uid=1000(system) ConnectivitySer identical 5 lines
04-22 10:34:09.176  1635  2891 D ConnectivityService: NetReassign [no changes]
04-22 10:34:10.499  1635  2884 W NetworkPolicy: shared quota unsupported; generating rule for each iface
04-22 10:34:12.199  1635  2891 D ConnectivityService: NetReassign [no changes]
04-22 10:34:14.130  1635  2891 D Nat464Xlat: clatd running, updating NAI for v4-rmnet_data2
04-22 10:34:15.222  1635  2891 D ConnectivityService: NetReassign [no changes]
04-22 10:34:33.384  1635  2891 I chatty  : uid=1000(system) ConnectivitySer identical 6 lines
04-22 10:34:36.409  1635  2891 D ConnectivityService: NetReassign [no changes]
04-22 10:34:36.897  1635  3045 W ActivityManager: Foreground service started from background can not have location/camera/microphone access: service steptracker.healthandfitness.walkingtracker.pedometer/com.drojian.stepcounter.service.CounterService
04-22 10:34:36.916  1635  8781 W ActivityManager: Foreground service started from background can not have location/camera/microphone access: service steptracker.healthandfitness.walkingtracker.pedometer/com.drojian.stepcounter.service.CounterService
04-22 10:34:36.926  1635  8772 W ActivityManager: Foreground service started from background can not have location/camera/microphone access: service steptracker.healthandfitness.walkingtracker.pedometer/com.drojian.stepcounter.service.CounterService
04-22 10:34:39.434  1635  2891 D ConnectivityService: NetReassign [no changes]
04-22 10:35:52.041  1635  2891 I chatty  : uid=1000(system) ConnectivitySer identical 24 lines
04-22 10:35:55.076  1635  2891 D ConnectivityService: NetReassign [no changes]
04-22 10:35:57.106  1635  2884 W NetworkPolicy: shared quota unsupported; generating rule for each iface
04-22 10:35:58.094  1635  2891 D ConnectivityService: NetReassign [no changes]
04-22 10:36:19.264  1635  2891 I chatty  : uid=1000(system) ConnectivitySer identical 7 lines
04-22 10:36:22.274  1635  2891 D ConnectivityService: NetReassign [no changes]
04-22 10:36:22.657  1635  8772 D CompatibilityChangeReporter: Compat change id reported: 135634846; UID 10179; state: DISABLED
04-22 10:36:22.659  1635  1776 D CompatibilityChangeReporter: Compat change id reported: 143937733; UID 10179; state: ENABLED
04-22 10:36:22.665  1635  3045 D CompatibilityChangeReporter: Compat change id reported: 135634846; UID 10188; state: DISABLED
