04-21 20:28:56.230  1635  3046 I chatty  : uid=1000(system) Binder:1635_A expire 1 line
04-21 20:28:56.231  1635  8772 I chatty  : uid=1000(system) Binder:1635_17 expire 1 line
04-21 20:29:06.326  1635  8781 I chatty  : uid=1000(system) Binder:1635_18 expire 1 line
04-21 20:29:07.165  1635 11490 I chatty  : uid=1000(system) Binder:1635_1D expire 3 lines
04-21 20:33:07.180  1635 12414 I chatty  : uid=1000(system) Binder:1635_20 expire 4 lines
04-21 20:33:07.181  1635  1776 I chatty  : uid=1000(system) ActivityManager expire 8 lines
04-21 20:43:21.653  1635  3048 I chatty  : uid=1000(system) Binder:1635_C expire 1 line
04-21 20:43:23.539  1635  3043 I chatty  : uid=1000(system) Binder:1635_7 expire 4 lines
04-21 20:47:21.513  1635  6941 I chatty  : uid=1000(system) Binder:1635_16 expire 1 line
04-21 20:54:09.535  4561  4594 I AlwaysOnHotwordDetector: onDetected
04-21 20:54:45.005  1635  1754 I chatty  : uid=1000(system) android.ui expire 1 line
04-21 20:57:10.364  1635  3044 I chatty  : uid=1000(system) Binder:1635_8 expire 10 lines
04-21 20:57:10.402  1635  3043 I chatty  : uid=1000(system) Binder:1635_7 expire 11 lines
04-21 21:03:46.185  1635  2884 I chatty  : uid=1000(system) NetworkPolicy expire 1 line
04-21 21:03:46.249  1635  1775 I chatty  : uid=1000(system) ActivityManager expire 6 lines
04-21 21:03:46.250  1635  1776 I chatty  : uid=1000(system) ActivityManager expire 10 lines
04-21 21:03:46.523  1635 12414 I chatty  : uid=1000(system) Binder:1635_20 expire 5 lines
04-21 21:03:46.551  1635  4614 I chatty  : uid=1000(system) Binder:1635_10 expire 8 lines
04-21 21:03:46.633  1635  6941 I chatty  : uid=1000(system) Binder:1635_16 expire 16 lines
04-21 21:03:47.631  1635 12312 I chatty  : uid=1000(system) Binder:1635_1F expire 10 lines
04-21 21:03:47.631  1635  2891 I chatty  : uid=1000(system) ConnectivitySer expire 4 lines
04-21 21:03:49.232  1635  1635 I chatty  : uid=1000 system_server expire 17 lines
04-21 21:03:49.257  1635  2958 I chatty  : uid=1000(system) SyncManager expire 1 line
04-21 21:04:36.995  1635  1790 I chatty  : uid=1000(system) batterystats-wo expire 2 lines
04-21 21:04:37.061  1635  1771 I chatty  : uid=1000(system) android.bg expire 5 lines
04-21 21:10:28.570  1635 11678 I chatty  : uid=1000(system) Binder:1635_1E expire 11 lines
04-21 21:13:44.539  4561  9950 I AlwaysOnHotwordDetector: onDetected
04-21 21:13:57.060  1635 11678 I chatty  : uid=1000(system) Binder:1635_1E expire 10 lines
04-21 21:13:57.926  1635  9801 I chatty  : uid=1000(system) Binder:1635_1C expire 12 lines
04-21 21:13:58.001  1635  3045 I chatty  : uid=1000(system) Binder:1635_9 expire 8 lines
04-21 21:14:00.803  1635  2895 I chatty  : uid=1000(system) ranker expire 1 line
04-21 21:14:01.084  8970  8970 D ActivityThread: Loading provider contacts;com.android.contacts: com.android.providers.contacts.ContactsProvider2
04-21 21:14:28.972  1635  1635 I chatty  : uid=1000 system_server expire 43 lines
04-21 21:15:04.000  1635 11490 I chatty  : uid=1000(system) Binder:1635_1D expire 10 lines
04-21 21:17:14.455  1635 12312 I chatty  : uid=1000(system) Binder:1635_1F expire 4 lines
04-21 21:17:22.379  1635  1771 I chatty  : uid=1000(system) android.bg expire 2 lines
04-21 21:17:22.450  1635  9377 I chatty  : uid=1000(system) Binder:1635_1B expire 8 lines
04-21 21:17:22.450  1635  4613 I chatty  : uid=1000(system) Binder:1635_F expire 5 lines
04-21 21:17:22.450  1635  2891 I chatty  : uid=1000(system) ConnectivitySer expire 15 lines
04-21 21:17:22.905  1635 12414 I chatty  : uid=1000(system) Binder:1635_20 expire 4 lines
04-21 21:17:22.905  1635  4623 I chatty  : uid=1000(system) Binder:1635_11 expire 1 line
04-21 21:18:14.005  1635  1713 I chatty  : uid=1000(system) Binder:1635_2 expire 5 lines
04-21 21:18:15.595  1635  5549 I chatty  : uid=1000(system) Binder:1635_15 expire 11 lines
04-21 21:18:19.269  1635  1790 I chatty  : uid=1000(system) batterystats-wo expire 11 lines
04-21 21:19:43.693  1635  3044 I chatty  : uid=1000(system) Binder:1635_8 expire 7 lines
04-21 21:20:10.726  1635  1635 I chatty  : uid=1000 system_server expire 11 lines
04-21 21:20:10.727  4561 13954 I AlwaysOnHotwordDetector: onDetected
04-21 21:20:48.686  1635  1775 I chatty  : uid=1000(system) ActivityManager expire 11 lines
04-21 21:20:48.697  1635  1776 I chatty  : uid=1000(system) ActivityManager expire 16 lines
04-21 21:20:48.720  1635  3043 I chatty  : uid=1000(system) Binder:1635_7 expire 2 lines
04-21 21:20:48.723  1635  1756 I chatty  : uid=1000(system) android.display expire 1 line
04-21 21:20:49.248  1635 11678 I chatty  : uid=1000(system) Binder:1635_1E expire 8 lines
04-21 21:20:50.332  1635  2884 I chatty  : uid=1000(system) NetworkPolicy expire 2 lines
04-21 21:23:32.784  4561 13954 I AlwaysOnHotwordDetector: onDetected
04-21 21:25:17.575  1635  8781 I chatty  : uid=1000(system) Binder:1635_18 expire 1 line
04-21 21:26:46.156  1635  4599 I chatty  : uid=1000(system) Binder:1635_D expire 6 lines
04-21 21:27:46.187  4561 13954 I AlwaysOnHotwordDetector: onDetected
04-21 21:27:50.074  4561 13954 I AlwaysOnHotwordDetector: onDetected
04-21 21:29:43.784  4561 13954 I AlwaysOnHotwordDetector: onDetected
04-21 21:29:45.272  1635  6941 I chatty  : uid=1000(system) Binder:1635_16 expire 3 lines
04-21 21:31:25.893  4561  8436 I AlwaysOnHotwordDetector: onDetected
04-21 21:31:27.066  4561  4561 W AlwaysOnHotwordDetector: startRecognition() failed with error code -2147483648
04-21 21:31:27.980  4561 24776 I AlwaysOnHotwordDetector: onError: -32
04-21 21:31:29.363  1635  8772 I chatty  : uid=1000(system) Binder:1635_17 expire 3 lines
04-21 21:36:41.114  4561  8436 I AlwaysOnHotwordDetector: onDetected
04-21 21:36:42.544  1635  3045 I chatty  : uid=1000(system) Binder:1635_9 expire 9 lines
04-21 21:38:49.172  1635  9801 I chatty  : uid=1000(system) Binder:1635_1C expire 1 line
04-21 21:38:49.203  1635  4624 I chatty  : uid=1000(system) Binder:1635_12 expire 5 lines
04-21 21:38:49.208  1635  4930 I chatty  : uid=1000(system) Binder:1635_14 expire 7 lines
04-21 21:38:49.456  1635  1790 I chatty  : uid=1000(system) batterystats-wo expire 8 lines
04-21 21:38:52.030  1635  1635 I chatty  : uid=1000 system_server expire 11 lines
04-21 21:38:52.797  1635  4612 I chatty  : uid=1000(system) Binder:1635_E expire 3 lines
04-21 21:42:50.170  1635  2881 I chatty  : uid=1000(system) Binder:1635_3 expire 3 lines
04-21 21:43:24.243  4561 24776 I AlwaysOnHotwordDetector: onDetected
04-21 21:44:21.539  1635  1635 I chatty  : uid=1000 system_server expire 3 lines
04-21 21:44:21.540  4561 24776 I AlwaysOnHotwordDetector: onDetected
04-21 21:47:12.441  4561  8436 I AlwaysOnHotwordDetector: onDetected
04-21 21:47:17.290  1635  3042 I chatty  : uid=1000(system) Binder:1635_6 expire 3 lines
04-21 21:47:17.304  1635  3047 I chatty  : uid=1000(system) Binder:1635_B expire 2 lines
04-21 21:48:10.429  1635  2891 I chatty  : uid=1000(system) ConnectivitySer expire 1 line
04-21 21:54:42.003  4561  8436 I AlwaysOnHotwordDetector: onDetected
04-21 21:55:18.313  1635  1776 I chatty  : uid=1000(system) ActivityManager expire 6 lines
04-21 21:55:18.324  1635  4612 I chatty  : uid=1000(system) Binder:1635_E expire 13 lines
04-21 21:55:18.438  1635  1790 I chatty  : uid=1000(system) batterystats-wo expire 4 lines
04-21 21:55:18.444  1635  3042 I chatty  : uid=1000(system) Binder:1635_6 expire 4 lines
04-21 21:55:18.548  1635  4624 I chatty  : uid=1000(system) Binder:1635_12 expire 13 lines
04-21 21:55:18.757  1635  1712 I chatty  : uid=1000(system) Binder:1635_1 expire 27 lines
04-21 21:55:18.896  1635  2891 I chatty  : uid=1000(system) ConnectivitySer expire 7 lines
04-21 21:55:19.076  1635  3045 I chatty  : uid=1000(system) Binder:1635_9 expire 5 lines
04-21 21:55:19.503  1635  3047 I chatty  : uid=1000(system) Binder:1635_B expire 12 lines
04-21 21:55:19.954  1635  1775 I chatty  : uid=1000(system) ActivityManager expire 12 lines
04-21 21:55:19.995  1635  1635 I chatty  : uid=1000 system_server expire 14 lines
04-21 21:55:20.922  1635  2881 I chatty  : uid=1000(system) Binder:1635_3 expire 8 lines
04-21 21:55:22.104  1635 11678 I chatty  : uid=1000(system) Binder:1635_1E expire 11 lines
04-21 21:55:22.978  4561  8436 I AlwaysOnHotwordDetector: onDetected
04-21 21:55:24.124  4561  4561 W AlwaysOnHotwordDetector: startRecognition() failed with error code -2147483648
04-21 21:55:24.339  1635  3048 I chatty  : uid=1000(system) Binder:1635_C expire 10 lines
04-21 21:55:24.883  4561  4594 I AlwaysOnHotwordDetector: onError: -32
04-21 21:55:27.732  1635  4630 I chatty  : uid=1000(system) Binder:1635_13 expire 8 lines
04-21 21:55:27.864  1635  4623 I chatty  : uid=1000(system) Binder:1635_11 expire 1 line
04-21 21:55:27.864  1635  6941 I chatty  : uid=1000(system) Binder:1635_16 expire 1 line
04-21 21:55:27.864  1635  1713 I chatty  : uid=1000(system) Binder:1635_2 expire 4 lines
04-21 21:56:23.569  1635  8900 I chatty  : uid=1000(system) Binder:1635_19 expire 1 line
04-21 21:56:49.817  4561  4594 I AlwaysOnHotwordDetector: onDetected
04-21 21:57:43.189  4561 13954 I AlwaysOnHotwordDetector: onDetected
04-21 21:59:21.010  1635  3047 I chatty  : uid=1000(system) Binder:1635_B expire 2 lines
04-21 22:00:59.270  1635  2884 I chatty  : uid=1000(system) NetworkPolicy expire 2 lines
04-21 22:05:58.085  1635  1862 I chatty  : uid=1000(system) PowerManagerSer expire 6 lines
04-21 22:05:58.127  1635  1756 I chatty  : uid=1000(system) android.display expire 1 line
04-21 22:05:58.176  1635  3044 I chatty  : uid=1000(system) Binder:1635_8 expire 5 lines
04-21 22:05:58.215  1635  1775 I chatty  : uid=1000(system) ActivityManager expire 8 lines
04-21 22:05:58.290  1635  1752 I chatty  : uid=1000(system) android.fg expire 7 lines
04-21 22:05:59.655  1635  1775 I chatty  : uid=1000(system) ActivityManager expire 8 lines
04-21 22:05:59.664  1635  8900 I chatty  : uid=1000(system) Binder:1635_19 expire 2 lines
04-21 22:05:59.698  1635  3044 I chatty  : uid=1000(system) Binder:1635_8 expire 2 lines
04-21 22:05:59.700  1635  1776 I chatty  : uid=1000(system) ActivityManager expire 12 lines
04-21 22:06:00.091  1635  1635 I chatty  : uid=1000 system_server expire 18 lines
04-21 22:06:01.225  1635  2891 I chatty  : uid=1000(system) ConnectivitySer expire 151 lines
04-21 22:06:01.671  1635  4613 I chatty  : uid=1000(system) Binder:1635_F expire 6 lines
04-21 22:06:04.655  1635  4630 I chatty  : uid=1000(system) Binder:1635_13 expire 4 lines
04-21 22:06:11.095  1635  3047 I chatty  : uid=1000(system) Binder:1635_B expire 2 lines
04-21 22:06:30.964  1635  2884 I chatty  : uid=1000(system) NetworkPolicy expire 3 lines
04-21 22:06:32.928  1635  9801 I chatty  : uid=1000(system) Binder:1635_1C expire 3 lines
04-21 22:06:33.024  1635  1713 I chatty  : uid=1000(system) Binder:1635_2 expire 2 lines
04-21 22:06:33.091  1635  1756 I chatty  : uid=1000(system) android.display expire 5 lines
04-21 22:06:34.719  1635  1771 I chatty  : uid=1000(system) android.bg expire 1 line
04-21 22:07:47.235  1635  4623 I chatty  : uid=1000(system) Binder:1635_11 expire 9 lines
04-21 22:08:22.751  1635 12414 I chatty  : uid=1000(system) Binder:1635_20 expire 2 lines
04-21 22:08:22.780  1635  8772 I chatty  : uid=1000(system) Binder:1635_17 expire 2 lines
04-21 22:08:22.796  1635  3046 I chatty  : uid=1000(system) Binder:1635_A expire 5 lines
04-21 22:08:23.951  1635  3043 I chatty  : uid=1000(system) Binder:1635_7 expire 2 lines
04-21 22:10:59.908  1635  1862 I chatty  : uid=1000(system) PowerManagerSer expire 18 lines
04-21 22:11:48.135  1635  1712 I chatty  : uid=1000(system) Binder:1635_1 expire 2 lines
04-21 22:13:33.071  1635  1790 I chatty  : uid=1000(system) batterystats-wo expire 15 lines
04-21 22:15:08.532  1635  1862 I chatty  : uid=1000(system) PowerManagerSer expire 5 lines
04-21 22:15:08.604  1635  1756 I chatty  : uid=1000(system) android.display expire 1 line
04-21 22:15:08.788  1635  1752 I chatty  : uid=1000(system) android.fg expire 1 line
04-21 22:15:09.012  1635  8772 I chatty  : uid=1000(system) Binder:1635_17 expire 5 lines
04-21 22:15:09.473  1635  4930 I chatty  : uid=1000(system) Binder:1635_14 expire 8 lines
04-21 22:15:48.210  1635 12414 I chatty  : uid=1000(system) Binder:1635_20 expire 8 lines
04-21 22:19:48.279  1635  3043 I chatty  : uid=1000(system) Binder:1635_7 expire 12 lines
04-21 22:20:31.503  1635  1635 I chatty  : uid=1000 system_server expire 12 lines
04-21 22:20:31.505  4561 13954 I AlwaysOnHotwordDetector: onDetected
04-21 22:27:50.130  1635  1712 I chatty  : uid=1000(system) Binder:1635_1 expire 7 lines
04-21 22:28:08.178  1635  9190 I chatty  : uid=1000(system) Binder:1635_1A expire 10 lines
04-21 22:28:38.187  1635  9801 I chatty  : uid=1000(system) Binder:1635_1C expire 15 lines
04-21 22:28:38.958  1635  9377 I chatty  : uid=1000(system) Binder:1635_1B expire 11 lines
04-21 22:33:08.207  1635  2884 I chatty  : uid=1000(system) NetworkPolicy expire 4 lines
04-21 22:33:08.222  1635  1775 I chatty  : uid=1000(system) ActivityManager expire 6 lines
04-21 22:33:08.225  1635  1776 I chatty  : uid=1000(system) ActivityManager expire 6 lines
04-21 22:33:08.512  1635  3046 I chatty  : uid=1000(system) Binder:1635_A expire 3 lines
04-21 22:33:08.756  1635  2891 I chatty  : uid=1000(system) ConnectivitySer expire 9 lines
04-21 22:33:11.996  1635  4623 I chatty  : uid=1000(system) Binder:1635_11 expire 2 lines
04-21 22:35:31.357  4561  4594 I AlwaysOnHotwordDetector: onDetected
04-21 22:36:14.493  1635  4599 I chatty  : uid=1000(system) Binder:1635_D expire 2 lines
04-21 22:38:48.615  1635  3043 I chatty  : uid=1000(system) Binder:1635_7 expire 1 line
04-21 22:38:48.685  1635 12312 I chatty  : uid=1000(system) Binder:1635_1F expire 6 lines
04-21 22:39:48.893  4561  4594 I AlwaysOnHotwordDetector: onDetected
04-21 22:39:51.403  1635  1790 I chatty  : uid=1000(system) batterystats-wo expire 12 lines
04-21 22:46:14.049  4561  4594 I AlwaysOnHotwordDetector: onDetected
04-21 22:46:15.576  1635  4624 I chatty  : uid=1000(system) Binder:1635_12 expire 2 lines
04-21 22:49:19.011  4561  4594 I AlwaysOnHotwordDetector: onDetected
04-21 22:50:49.579  1635  9377 I chatty  : uid=1000(system) Binder:1635_1B expire 1 line
04-21 22:54:21.072  1635  4612 I chatty  : uid=1000(system) Binder:1635_E expire 1 line
04-21 22:54:45.518  4561 13954 I AlwaysOnHotwordDetector: onDetected
04-21 22:54:47.002  1635  9190 I chatty  : uid=1000(system) Binder:1635_1A expire 1 line
04-21 23:00:00.010  1635  1635 I chatty  : uid=1000 system_server expire 5 lines
04-21 23:00:58.222  4561 13954 I AlwaysOnHotwordDetector: onDetected
04-21 23:01:57.137  1635  1790 I chatty  : uid=1000(system) batterystats-wo expire 14 lines
04-21 23:10:19.987  1635  4599 I chatty  : uid=1000(system) Binder:1635_D expire 5 lines
04-21 23:10:19.995  1635  1775 I chatty  : uid=1000(system) ActivityManager expire 10 lines
04-21 23:10:20.078  1635  8772 I chatty  : uid=1000(system) Binder:1635_17 expire 5 lines
04-21 23:10:21.318  1635  1635 I chatty  : uid=1000 system_server expire 8 lines
04-21 23:10:21.320  1635  1776 I chatty  : uid=1000(system) ActivityManager expire 6 lines
04-21 23:10:23.187  1635  4612 I chatty  : uid=1000(system) Binder:1635_E expire 9 lines
04-21 23:10:23.342  1635  2891 I chatty  : uid=1000(system) ConnectivitySer expire 37 lines
04-21 23:17:28.399  1635  1752 I chatty  : uid=1000(system) android.fg expire 6 lines
04-21 23:17:28.438  1635  5549 I chatty  : uid=1000(system) Binder:1635_15 expire 8 lines
04-21 23:17:28.439  1635  1713 I chatty  : uid=1000(system) Binder:1635_2 expire 5 lines
04-21 23:17:28.474  1635 12414 I chatty  : uid=1000(system) Binder:1635_20 expire 7 lines
04-21 23:18:32.514  1635  2884 I chatty  : uid=1000(system) NetworkPolicy expire 7 lines
04-21 23:21:58.731  1635  3040 I chatty  : uid=1000(system) Binder:1635_5 expire 5 lines
04-21 23:23:19.589  1635  3045 I chatty  : uid=1000(system) Binder:1635_9 expire 2 lines
04-21 23:23:19.590  1635  3048 I chatty  : uid=1000(system) Binder:1635_C expire 3 lines
04-21 23:29:59.251  1635  1771 I chatty  : uid=1000(system) android.bg expire 1 line
04-21 23:37:07.568  1635  3038 I chatty  : uid=1000(system) Binder:1635_4 expire 2 lines
04-21 23:37:56.398  4561  4586 I AlwaysOnHotwordDetector: onDetected
04-21 23:37:57.575  1635  1775 I chatty  : uid=1000(system) ActivityManager expire 3 lines
04-21 23:37:57.576  4561  4561 W AlwaysOnHotwordDetector: startRecognition() failed with error code -2147483648
04-21 23:37:58.379  4561  4594 I AlwaysOnHotwordDetector: onError: -32
04-21 23:38:03.685  1635  9190 I chatty  : uid=1000(system) Binder:1635_1A expire 3 lines
04-21 23:38:03.709  1635  9801 I chatty  : uid=1000(system) Binder:1635_1C expire 3 lines
04-21 23:47:19.916  1635  1974 I chatty  : uid=1000(system) InputReader expire 1 line
04-21 23:47:19.938  1635  1862 I chatty  : uid=1000(system) PowerManagerSer expire 14 lines
04-21 23:47:19.959  1635  1756 I chatty  : uid=1000(system) android.display expire 2 lines
04-21 23:47:19.992  1635  4613 I chatty  : uid=1000(system) Binder:1635_F expire 2 lines
04-21 23:47:20.081  1635  2891 I chatty  : uid=1000(system) ConnectivitySer expire 11 lines
04-21 23:47:36.901  1635  4612 I chatty  : uid=1000(system) Binder:1635_E expire 1 line
04-21 23:47:38.217  1635  4613 I chatty  : uid=1000(system) Binder:1635_F expire 24 lines
04-21 23:47:38.928  1635  9801 I chatty  : uid=1000(system) Binder:1635_1C expire 3 lines
04-21 23:47:40.395  1635 12414 I chatty  : uid=1000(system) Binder:1635_20 expire 2 lines
04-21 23:47:40.402  1635  3040 I chatty  : uid=1000(system) Binder:1635_5 expire 2 lines
04-21 23:47:40.902  1635  1713 I chatty  : uid=1000(system) Binder:1635_2 expire 2 lines
04-21 23:47:41.622  1635  9190 I chatty  : uid=1000(system) Binder:1635_1A expire 1 line
04-21 23:47:41.778  1635  5549 I chatty  : uid=1000(system) Binder:1635_15 expire 1 line
04-21 23:47:41.780  1635  1776 I chatty  : uid=1000(system) ActivityManager expire 2 lines
04-21 23:47:42.730  1635  3045 I chatty  : uid=1000(system) Binder:1635_9 expire 4 lines
04-21 23:47:42.734  1635  1775 I chatty  : uid=1000(system) ActivityManager expire 5 lines
04-21 23:47:44.050  1635  3038 I chatty  : uid=1000(system) Binder:1635_4 expire 4 lines
04-21 23:48:25.233  1635  1635 I chatty  : uid=1000 system_server expire 45 lines
04-21 23:48:50.263  1635  3048 I chatty  : uid=1000(system) Binder:1635_C expire 2 lines
04-21 23:48:55.964  1635  8900 I chatty  : uid=1000(system) Binder:1635_19 expire 9 lines
04-21 23:48:58.205  1635  3046 I chatty  : uid=1000(system) Binder:1635_A expire 12 lines
04-21 23:49:00.730  1635  4930 I chatty  : uid=1000(system) Binder:1635_14 expire 8 lines
04-21 23:49:08.277  1635  9377 I chatty  : uid=1000(system) Binder:1635_1B expire 6 lines
04-21 23:49:25.274  1635  2881 I chatty  : uid=1000(system) Binder:1635_3 expire 23 lines
04-21 23:50:28.199  1245  1245 I wificond: Pno scan started for frequencies: 2412, 2417, 2422, 2427, 2437, 2452, 2462, 5180, 5200, 5220, 5240, 5260, 5320, 5500, 5660, 5680, 5720, 5745, 5765, 5785, 5805, 
04-21 23:50:28.230  1635  2884 I chatty  : uid=1000(system) NetworkPolicy expire 14 lines
04-21 23:50:28.239  1635  9801 I chatty  : uid=1000(system) Binder:1635_1C expire 1 line
04-21 23:50:28.242  1635  3044 I chatty  : uid=1000(system) Binder:1635_8 expire 2 lines
04-21 23:50:28.264  1635  2891 I chatty  : uid=1000(system) ConnectivitySer expire 27 lines
04-21 23:50:28.269   939   979 E NetlinkEvent: NetlinkEvent::FindParam(): Parameter 'INTERFACE' not found
04-21 23:50:28.269   939   979 E NetlinkEvent: NetlinkEvent::FindParam(): Parameter 'STATE' not found
04-21 23:50:28.269   939   979 E NetlinkEvent: NetlinkEvent::FindParam(): Parameter 'TIME_NS' not found
04-21 23:50:28.269   939   979 E NetlinkEvent: NetlinkEvent::FindParam(): Parameter 'UID' not found
04-21 23:50:28.310  1635  1712 I chatty  : uid=1000(system) Binder:1635_1 expire 1 line
04-21 23:50:28.318  1635  8781 I chatty  : uid=1000(system) Binder:1635_18 expire 3 lines
04-21 23:50:28.324  1635  4614 I chatty  : uid=1000(system) Binder:1635_10 expire 1 line
04-21 23:50:28.401  1635  9190 I chatty  : uid=1000(system) Binder:1635_1A expire 1 line
04-21 23:50:28.733  1635  1775 I chatty  : uid=1000(system) ActivityManager expire 13 lines
04-21 23:50:28.867  1245  1245 I wificond: Pno scan result ready event
04-21 23:50:28.900  1635  9377 I chatty  : uid=1000(system) Binder:1635_1B expire 1 line
04-21 23:50:28.929  1245  1245 W wificond: Unexpected pno scan stopped event
04-21 23:50:28.946  1058  1058 D vendor.google.wifi_ext@1.0-service-vendor: Successfully SetMacAddress.
04-21 23:50:28.951  1245  1245 W wificond: Scan is not started. Ignore abort request
04-21 23:50:29.103  1635  2887 I chatty  : uid=1000(system) WifiHandlerThre expire 1 line
04-21 23:50:29.107  1245  1245 W wificond: No pno scan started
04-21 23:50:29.107  1245  1245 W wificond: Scheduled scan is not running!
04-21 23:50:30.040  1635 11490 I chatty  : uid=1000(system) Binder:1635_1D expire 6 lines
04-21 23:50:30.203  1635  1635 I chatty  : uid=1000 system_server expire 34 lines
04-21 23:50:30.407  1635  2913 I chatty  : uid=1000(system) ConnectivityThr expire 1 line
04-21 23:50:35.215  1635 11678 I chatty  : uid=1000(system) Binder:1635_1E expire 1 line
04-21 23:50:37.107  1635  4623 I chatty  : uid=1000(system) Binder:1635_11 expire 8 lines
04-21 23:50:37.338  1635  4599 I chatty  : uid=1000(system) Binder:1635_D expire 7 lines
04-21 23:50:37.338  1245  1245 I wificond: Pno scan started for frequencies: 2412, 2417, 2422, 2427, 2437, 2452, 2462, 5180, 5220, 5240, 5260, 5320, 5500, 5660, 5680, 5720, 5745, 5765, 5785, 5805, 
04-21 23:50:38.121  1635  4612 I chatty  : uid=1000(system) Binder:1635_E expire 6 lines
04-21 23:50:39.316  1635  3040 I chatty  : uid=1000(system) Binder:1635_5 expire 24 lines
04-21 23:50:52.248  1635  2881 I chatty  : uid=1000(system) Binder:1635_3 expire 5 lines
04-21 23:50:53.458  1635  1754 I chatty  : uid=1000(system) android.ui expire 2 lines
04-21 23:51:09.205  1635  1790 I chatty  : uid=1000(system) batterystats-wo expire 1 line
04-21 23:51:19.326  1635  4613 I chatty  : uid=1000(system) Binder:1635_F expire 21 lines
04-21 23:51:31.148  4561  4594 I AlwaysOnHotwordDetector: onDetected
04-21 23:51:31.173  1635  4623 I chatty  : uid=1000(system) Binder:1635_11 expire 11 lines
04-21 23:51:32.592  1635  3040 I chatty  : uid=1000(system) Binder:1635_5 expire 17 lines
04-21 23:51:37.265  1635  1790 I chatty  : uid=1000(system) batterystats-wo expire 1 line
04-21 23:51:37.303  1635  2881 I chatty  : uid=1000(system) Binder:1635_3 expire 13 lines
04-21 23:51:38.191  1635  1635 I chatty  : uid=1000 system_server expire 38 lines
04-21 23:51:40.083  1635  2891 I chatty  : uid=1000(system) ConnectivitySer expire 1 line
04-21 23:51:43.262  1635  4599 I chatty  : uid=1000(system) Binder:1635_D expire 17 lines
04-21 23:52:45.643  1635  4612 I chatty  : uid=1000(system) Binder:1635_E expire 6 lines
04-21 23:52:49.945  4561  4594 I AlwaysOnHotwordDetector: onDetected
04-21 23:52:49.968  1635  4599 I chatty  : uid=1000(system) Binder:1635_D expire 3 lines
04-21 23:52:51.411  1635  3048 I chatty  : uid=1000(system) Binder:1635_C expire 1 line
04-21 23:52:53.632  1635  3040 I chatty  : uid=1000(system) Binder:1635_5 expire 3 lines
04-21 23:52:54.843  1635  4613 I chatty  : uid=1000(system) Binder:1635_F expire 14 lines
04-21 23:52:57.256  1635  1635 I chatty  : uid=1000 system_server expire 69 lines
04-21 23:53:26.271  1635  4613 I chatty  : uid=1000(system) Binder:1635_F expire 17 lines
04-21 23:53:30.053  1635  4612 I chatty  : uid=1000(system) Binder:1635_E expire 20 lines
04-21 23:53:33.412  1635  3040 I chatty  : uid=1000(system) Binder:1635_5 expire 2 lines
04-21 23:53:36.048  1635  2881 I chatty  : uid=1000(system) Binder:1635_3 expire 17 lines
04-21 23:53:42.031  1635  4599 I chatty  : uid=1000(system) Binder:1635_D expire 15 lines
04-21 23:56:43.214  1245  1245 I wificond: Pno scan stopped
04-21 23:56:43.224  1245  1245 I wificond: Pno scan started for frequencies: 2412, 2417, 2422, 2427, 2437, 2452, 2462, 5180, 5220, 5240, 5260, 5320, 5500, 5660, 5680, 5720, 5745, 5765, 5785, 5805, 
04-21 23:56:43.591  1635  1635 I chatty  : uid=1000 system_server expire 3 lines
04-21 23:58:35.250  4561  4594 I AlwaysOnHotwordDetector: onDetected
04-21 23:58:36.745  1635 12414 I chatty  : uid=1000(system) Binder:1635_20 expire 9 lines
04-21 23:58:44.030  1635  1771 I chatty  : uid=1000(system) android.bg expire 1 line
04-22 00:00:00.599  1635  1775 I chatty  : uid=1000(system) ActivityManager expire 5 lines
04-22 00:00:00.669  1635  9377 I chatty  : uid=1000(system) Binder:1635_1B expire 10 lines
04-22 00:00:00.670  1635  1776 I chatty  : uid=1000(system) ActivityManager expire 2 lines
04-22 00:00:00.721  1635  2881 I chatty  : uid=1000(system) Binder:1635_3 expire 5 lines
04-22 00:00:44.814  1635  2884 I chatty  : uid=1000(system) NetworkPolicy expire 2 lines
04-22 00:02:41.350  1635  2891 I chatty  : uid=1000(system) ConnectivitySer expire 2 lines
04-22 00:02:41.690  1635  4599 I chatty  : uid=1000(system) Binder:1635_D expire 5 lines
04-22 00:02:41.804  1635  4612 I chatty  : uid=1000(system) Binder:1635_E expire 7 lines
04-22 00:02:50.016  1635  1754 I chatty  : uid=1000(system) android.ui expire 4 lines
04-22 00:02:59.378  1635  9377 I chatty  : uid=1000(system) Binder:1635_1B expire 2 lines
04-22 00:02:59.488  1635  4612 I chatty  : uid=1000(system) Binder:1635_E expire 19 lines
04-22 00:02:59.597  1635  3040 I chatty  : uid=1000(system) Binder:1635_5 expire 24 lines
04-22 00:02:59.923  1635  4613 I chatty  : uid=1000(system) Binder:1635_F expire 3 lines
04-22 00:03:00.766  1635  1635 I chatty  : uid=1000 system_server expire 15 lines
04-22 00:04:09.294  1635  3045 I chatty  : uid=1000(system) Binder:1635_9 expire 5 lines
04-22 00:04:12.453  1635  2881 I chatty  : uid=1000(system) Binder:1635_3 expire 1 line
04-22 00:04:12.486  1635  3046 I chatty  : uid=1000(system) Binder:1635_A expire 22 lines
04-22 00:04:17.246  1635  4623 I chatty  : uid=1000(system) Binder:1635_11 expire 11 lines
04-22 00:04:19.004  1635  3048 I chatty  : uid=1000(system) Binder:1635_C expire 43 lines
04-22 00:04:42.457  1635  9190 I chatty  : uid=1000(system) Binder:1635_1A expire 17 lines
04-22 00:04:44.563  1635  4930 I chatty  : uid=1000(system) Binder:1635_14 expire 13 lines
04-22 00:04:54.738  1635  1775 I chatty  : uid=1000(system) ActivityManager expire 3 lines
04-22 00:05:00.173  1635  4930 I chatty  : uid=1000(system) Binder:1635_14 expire 38 lines
04-22 00:05:00.175  1635  1776 I chatty  : uid=1000(system) ActivityManager expire 2 lines
04-22 00:05:00.189  1635  9190 I chatty  : uid=1000(system) Binder:1635_1A expire 14 lines
04-22 00:05:00.193  1635  4612 I chatty  : uid=1000(system) Binder:1635_E expire 10 lines
04-22 00:05:00.529  1635  3046 I chatty  : uid=1000(system) Binder:1635_A expire 11 lines
04-22 00:05:00.634  1635  3048 I chatty  : uid=1000(system) Binder:1635_C expire 10 lines
04-22 00:05:04.896  1635  1635 I chatty  : uid=1000 system_server expire 29 lines
04-22 00:05:09.220  1635  3040 I chatty  : uid=1000(system) Binder:1635_5 expire 12 lines
04-22 00:05:10.261  1635  1754 I chatty  : uid=1000(system) android.ui expire 1 line
04-22 00:05:10.287  1635  3045 I chatty  : uid=1000(system) Binder:1635_9 expire 6 lines
04-22 00:05:10.288  1635  2891 I chatty  : uid=1000(system) ConnectivitySer expire 1 line
04-22 00:05:11.201  1635  3044 I chatty  : uid=1000(system) Binder:1635_8 expire 13 lines
04-22 00:05:14.594  1635  4623 I chatty  : uid=1000(system) Binder:1635_11 expire 11 lines
04-22 00:05:25.288  1635  5549 I chatty  : uid=1000(system) Binder:1635_15 expire 12 lines
04-22 00:05:34.525  1635  3042 I chatty  : uid=1000(system) Binder:1635_6 expire 18 lines
04-22 00:06:00.071  1635  4612 I chatty  : uid=1000(system) Binder:1635_E expire 10 lines
04-22 00:06:01.282  1635  1635 I chatty  : uid=1000 system_server expire 38 lines
04-22 00:06:01.318  1635  3040 I chatty  : uid=1000(system) Binder:1635_5 expire 13 lines
04-22 00:06:04.467  1635  4930 I chatty  : uid=1000(system) Binder:1635_14 expire 19 lines
04-22 00:06:10.147  1635  5549 I chatty  : uid=1000(system) Binder:1635_15 expire 19 lines
04-22 00:07:03.295  1635  2958 I chatty  : uid=1000(system) SyncManager expire 1 line
04-22 00:07:03.295  1635  1776 I chatty  : uid=1000(system) ActivityManager expire 2 lines
04-22 00:07:03.393  1245  1245 I wificond: Pno scan stopped
04-22 00:07:03.403  1245  1245 I wificond: Pno scan started for frequencies: 2412, 2417, 2422, 2427, 2437, 2452, 2462, 5180, 5220, 5240, 5260, 5320, 5500, 5660, 5680, 5720, 5745, 5765, 5785, 5805, 
04-22 00:07:05.559  1635 12312 I chatty  : uid=1000(system) Binder:1635_1F expire 17 lines
04-22 00:07:10.267  1635  1635 I chatty  : uid=1000 system_server expire 22 lines
04-22 00:07:31.687  1635  1790 I chatty  : uid=1000(system) batterystats-wo expire 1 line
04-22 00:07:35.194  1635  4930 I chatty  : uid=1000(system) Binder:1635_14 expire 2 lines
04-22 00:07:40.869  1635  4612 I chatty  : uid=1000(system) Binder:1635_E expire 7 lines
04-22 00:07:45.272  1635  5549 I chatty  : uid=1000(system) Binder:1635_15 expire 2 lines
04-22 00:07:57.242  1635  4930 I chatty  : uid=1000(system) Binder:1635_14 expire 14 lines
04-22 00:07:58.149  1635  1635 I chatty  : uid=1000 system_server expire 25 lines
04-22 00:07:58.256  1635 12312 I chatty  : uid=1000(system) Binder:1635_1F expire 13 lines
04-22 00:08:02.597  1635  4612 I chatty  : uid=1000(system) Binder:1635_E expire 9 lines
04-22 00:08:18.029  1635  3042 I chatty  : uid=1000(system) Binder:1635_6 expire 9 lines
04-22 00:08:44.157  1245  1245 I wificond: Pno scan result ready event
04-22 00:08:44.185  1245  1245 I wificond: Pno scan stopped
04-22 00:08:44.199  1245  1245 I wificond: Pno scan started for frequencies: 2412, 2417, 2422, 2427, 2437, 2452, 2462, 5180, 5200, 5220, 5240, 5260, 5320, 5500, 5660, 5680, 5720, 5745, 5765, 5785, 5805, 
04-22 00:08:44.244  1635 12312 I chatty  : uid=1000(system) Binder:1635_1F expire 2 lines
04-22 00:08:44.903  1245  1245 I wificond: Pno scan result ready event
04-22 00:08:44.984  1245  1245 W wificond: Scan is not started. Ignore abort request
04-22 00:08:44.994  1635  1775 I chatty  : uid=1000(system) ActivityManager expire 12 lines
04-22 00:08:45.125  1635  2887 I chatty  : uid=1000(system) WifiHandlerThre expire 2 lines
04-22 00:08:45.125  1245  1245 I wificond: Pno scan stopped
04-22 00:08:45.143  1635  2891 I chatty  : uid=1000(system) ConnectivitySer expire 20 lines
04-22 00:08:45.232  1635  2884 I chatty  : uid=1000(system) NetworkPolicy expire 12 lines
04-22 00:08:45.379  1635  3040 I chatty  : uid=1000(system) Binder:1635_5 expire 2 lines
04-22 00:08:45.449  1635  2913 I chatty  : uid=1000(system) ConnectivityThr expire 2 lines
04-22 00:08:45.715  1635  1635 I chatty  : uid=1000 system_server expire 4 lines
04-22 00:08:45.727  1635  4623 I chatty  : uid=1000(system) Binder:1635_11 expire 1 line
04-22 00:08:46.487  1635  3048 I chatty  : uid=1000(system) Binder:1635_C expire 4 lines
04-22 00:08:49.605  1635  4930 I chatty  : uid=1000(system) Binder:1635_14 expire 7 lines
04-22 00:09:00.487  1635  9801 I chatty  : uid=1000(system) Binder:1635_1C expire 1 line
04-22 00:09:00.497  1245  1245 I wificond: Pno scan started for frequencies: 2412, 2417, 2422, 2427, 2437, 2452, 2462, 5180, 5220, 5240, 5260, 5320, 5500, 5660, 5680, 5720, 5745, 5765, 5785, 5805, 
04-22 00:09:00.507  1635  2891 I chatty  : uid=1000(system) ConnectivitySer expire 14 lines
04-22 00:09:01.162  1245  1245 I wificond: Pno scan result ready event
04-22 00:09:01.230  1245  1245 W wificond: Unexpected pno scan stopped event
04-22 00:09:01.263  1058  1058 D vendor.google.wifi_ext@1.0-service-vendor: Successfully SetMacAddress.
04-22 00:09:01.266  1245  1245 W wificond: Scan is not started. Ignore abort request
04-22 00:09:01.290  1635  1775 I chatty  : uid=1000(system) ActivityManager expire 14 lines
04-22 00:09:01.481  1245  1245 W wificond: No pno scan started
04-22 00:09:01.481  1245  1245 W wificond: Scheduled scan is not running!
04-22 00:09:01.784  1635  4599 I chatty  : uid=1000(system) Binder:1635_D expire 1 line
04-22 00:09:01.884  1635  2891 I chatty  : uid=1000(system) ConnectivitySer expire 10 lines
04-22 00:09:01.887   939   979 E NetlinkEvent: NetlinkEvent::FindParam(): Parameter 'INTERFACE' not found
04-22 00:09:01.887   939   979 E NetlinkEvent: NetlinkEvent::FindParam(): Parameter 'STATE' not found
04-22 00:09:01.887   939   979 E NetlinkEvent: NetlinkEvent::FindParam(): Parameter 'TIME_NS' not found
04-22 00:09:01.887   939   979 E NetlinkEvent: NetlinkEvent::FindParam(): Parameter 'UID' not found
04-22 00:09:01.942  1635 12312 I chatty  : uid=1000(system) Binder:1635_1F expire 18 lines
04-22 00:09:01.957  1635  2884 I chatty  : uid=1000(system) NetworkPolicy expire 3 lines
04-22 00:09:01.978  1635  4614 I chatty  : uid=1000(system) Binder:1635_10 expire 4 lines
04-22 00:09:02.002  1635  9801 I chatty  : uid=1000(system) Binder:1635_1C expire 1 line
04-22 00:09:02.008  1635  4623 I chatty  : uid=1000(system) Binder:1635_11 expire 6 lines
04-22 00:09:02.025  1635  3047 I chatty  : uid=1000(system) Binder:1635_B expire 1 line
04-22 00:09:02.043  1058  1058 I vendor.google.wifi_ext@1.0-service-vendor: Wifi: Reseting SAR Scenario to default
04-22 00:09:02.056  1635  4630 I chatty  : uid=1000(system) Binder:1635_13 expire 1 line
04-22 00:09:02.167  1635  8772 I chatty  : uid=1000(system) Binder:1635_17 expire 9 lines
04-22 00:09:02.895  1635  5549 I chatty  : uid=1000(system) Binder:1635_15 expire 12 lines
04-22 00:09:10.454  1635  9377 I chatty  : uid=1000(system) Binder:1635_1B expire 7 lines
04-22 00:09:15.009  1635  1635 I chatty  : uid=1000 system_server expire 17 lines
04-22 00:09:24.989  1635  1790 I chatty  : uid=1000(system) batterystats-wo expire 8 lines
04-22 00:09:37.069  1635  3038 I chatty  : uid=1000(system) Binder:1635_4 expire 5 lines
04-22 00:11:02.168  1635  3040 I chatty  : uid=1000(system) Binder:1635_5 expire 6 lines
04-22 00:11:02.174  1635  3044 I chatty  : uid=1000(system) Binder:1635_8 expire 2 lines
04-22 00:17:05.062  1635  3048 I chatty  : uid=1000(system) Binder:1635_C expire 9 lines
04-22 00:19:36.959  1635  4612 I chatty  : uid=1000(system) Binder:1635_E expire 8 lines
04-22 00:21:06.006  1635  3043 I chatty  : uid=1000(system) Binder:1635_7 expire 8 lines
04-22 00:21:57.167  1635 11490 I chatty  : uid=1000(system) Binder:1635_1D expire 13 lines
04-22 00:22:01.170  1635  4930 I chatty  : uid=1000(system) Binder:1635_14 expire 5 lines
04-22 00:25:17.329  1635  3046 I chatty  : uid=1000(system) Binder:1635_A expire 5 lines
04-22 00:25:17.702  1635  1775 I chatty  : uid=1000(system) ActivityManager expire 7 lines
04-22 00:25:17.752  1635  8781 I chatty  : uid=1000(system) Binder:1635_18 expire 17 lines
04-22 00:25:19.930  1635 11490 I chatty  : uid=1000(system) Binder:1635_1D expire 18 lines
04-22 00:25:20.152  1635  4614 I chatty  : uid=1000(system) Binder:1635_10 expire 31 lines
04-22 00:25:20.205  1635  4930 I chatty  : uid=1000(system) Binder:1635_14 expire 25 lines
04-22 00:25:20.267  1635  3046 I chatty  : uid=1000(system) Binder:1635_A expire 24 lines
04-22 00:27:10.643  1635  5549 I chatty  : uid=1000(system) Binder:1635_15 expire 27 lines
04-22 00:28:53.999  1635  1754 I chatty  : uid=1000(system) android.ui expire 2 lines
04-22 00:28:54.066  1635  1790 I chatty  : uid=1000(system) batterystats-wo expire 6 lines
04-22 00:29:18.070  1635  3040 I chatty  : uid=1000(system) Binder:1635_5 expire 24 lines
04-22 00:31:24.203  1635  1775 I chatty  : uid=1000(system) ActivityManager expire 1 line
04-22 00:33:19.067  1635  2884 I chatty  : uid=1000(system) NetworkPolicy expire 2 lines
04-22 00:33:33.004  1635  1635 I chatty  : uid=1000 system_server expire 9 lines
04-22 00:41:20.316  1635  3043 I chatty  : uid=1000(system) Binder:1635_7 expire 21 lines
04-22 00:41:21.963  1635  4930 I chatty  : uid=1000(system) Binder:1635_14 expire 1 line
04-22 00:41:22.073  1635  3040 I chatty  : uid=1000(system) Binder:1635_5 expire 9 lines
04-22 00:41:22.634  1635  1775 I chatty  : uid=1000(system) ActivityManager expire 4 lines
04-22 00:41:22.739  1635  4612 I chatty  : uid=1000(system) Binder:1635_E expire 36 lines
04-22 00:41:23.088  1635  8781 I chatty  : uid=1000(system) Binder:1635_18 expire 44 lines
04-22 00:41:23.119  1635  1635 I chatty  : uid=1000 system_server expire 1 line
04-22 00:41:23.120  1635  1776 I chatty  : uid=1000(system) ActivityManager expire 2 lines
04-22 00:41:23.239  1635  1790 I chatty  : uid=1000(system) batterystats-wo expire 1 line
04-22 00:41:24.688  1635  4614 I chatty  : uid=1000(system) Binder:1635_10 expire 6 lines
04-22 00:41:27.388  1635  9801 I chatty  : uid=1000(system) Binder:1635_1C expire 33 lines
04-22 00:41:27.728  1635 11490 I chatty  : uid=1000(system) Binder:1635_1D expire 18 lines
04-22 00:41:31.059  1635  9190 I chatty  : uid=1000(system) Binder:1635_1A expire 16 lines
04-22 00:41:35.970  1635  8772 I chatty  : uid=1000(system) Binder:1635_17 expire 24 lines
04-22 00:41:42.245  1635  9190 I chatty  : uid=1000(system) Binder:1635_1A expire 2 lines
04-22 00:41:42.354  1635  4612 I chatty  : uid=1000(system) Binder:1635_E expire 2 lines
04-22 00:42:00.603  1635  1775 I chatty  : uid=1000(system) ActivityManager expire 10 lines
04-22 00:42:28.752  1635  2891 I chatty  : uid=1000(system) ConnectivitySer expire 5 lines
04-22 00:42:44.534  1635  8781 I chatty  : uid=1000(system) Binder:1635_18 expire 3 lines
04-22 00:43:00.927  1635  3048 I chatty  : uid=1000(system) Binder:1635_C expire 2 lines
04-22 00:43:14.304  1635  1635 I chatty  : uid=1000 system_server expire 16 lines
04-22 00:43:14.305  4561 24776 I AlwaysOnHotwordDetector: onDetected
04-22 00:43:15.584  4561  4561 W AlwaysOnHotwordDetector: startRecognition() failed with error code -2147483648
04-22 00:43:16.374  4561 24776 I AlwaysOnHotwordDetector: onError: -32
04-22 00:43:17.739  1635 11490 I chatty  : uid=1000(system) Binder:1635_1D expire 25 lines
04-22 00:43:17.850  1635  8772 I chatty  : uid=1000(system) Binder:1635_17 expire 2 lines
04-22 00:45:01.022  1635  1776 I chatty  : uid=1000(system) ActivityManager expire 2 lines
04-22 00:45:14.229  1635  1790 I chatty  : uid=1000(system) batterystats-wo expire 15 lines
04-22 00:45:21.087  1635  4614 I chatty  : uid=1000(system) Binder:1635_10 expire 34 lines
04-22 00:47:52.152  1635  1752 I chatty  : uid=1000(system) android.fg expire 2 lines
04-22 00:47:52.194  1635  3043 I chatty  : uid=1000(system) Binder:1635_7 expire 1 line
04-22 00:47:52.306  1635  4930 I chatty  : uid=1000(system) Binder:1635_14 expire 4 lines
04-22 00:48:03.499  1635  4599 I chatty  : uid=1000(system) Binder:1635_D expire 1 line
04-22 00:48:03.499  1635  1712 I chatty  : uid=1000(system) Binder:1635_1 expire 29 lines
04-22 00:48:03.501  1635  5549 I chatty  : uid=1000(system) Binder:1635_15 expire 1 line
04-22 00:48:22.167  1635  3046 I chatty  : uid=1000(system) Binder:1635_A expire 1 line
04-22 01:09:28.102  1635  2884 I chatty  : uid=1000(system) NetworkPolicy expire 2 lines
04-22 01:23:06.324  1635 12414 I chatty  : uid=1000(system) Binder:1635_20 expire 17 lines
04-22 01:23:06.344  1635  3042 I chatty  : uid=1000(system) Binder:1635_6 expire 9 lines
04-22 01:23:06.783  1635 11678 I chatty  : uid=1000(system) Binder:1635_1E expire 27 lines
04-22 01:27:55.660  4561  9532 I AlwaysOnHotwordDetector: onDetected
04-22 01:27:55.706  1635  1790 I chatty  : uid=1000(system) batterystats-wo expire 3 lines
04-22 01:30:06.453  1635  1754 I chatty  : uid=1000(system) android.ui expire 4 lines
04-22 01:31:23.680  1635  4614 I chatty  : uid=1000(system) Binder:1635_10 expire 7 lines
04-22 01:31:23.916  1635  1712 I chatty  : uid=1000(system) Binder:1635_1 expire 6 lines
04-22 01:31:24.027  1635 12414 I chatty  : uid=1000(system) Binder:1635_20 expire 14 lines
04-22 01:31:24.253  1635 11490 I chatty  : uid=1000(system) Binder:1635_1D expire 17 lines
04-22 01:31:41.088  1635  1635 I chatty  : uid=1000 system_server expire 13 lines
04-22 01:31:41.205  1635 11678 I chatty  : uid=1000(system) Binder:1635_1E expire 9 lines
04-22 01:33:43.971  1635  3043 I chatty  : uid=1000(system) Binder:1635_7 expire 15 lines
04-22 01:34:29.793  1635  3042 I chatty  : uid=1000(system) Binder:1635_6 expire 2 lines
04-22 01:34:29.932  1635  4612 I chatty  : uid=1000(system) Binder:1635_E expire 24 lines
04-22 01:34:30.473  1635  2891 I chatty  : uid=1000(system) ConnectivitySer expire 5 lines
04-22 01:34:30.535  1635  3040 I chatty  : uid=1000(system) Binder:1635_5 expire 7 lines
04-22 01:34:31.147  1635  3046 I chatty  : uid=1000(system) Binder:1635_A expire 9 lines
04-22 01:34:32.968  1635  1776 I chatty  : uid=1000(system) ActivityManager expire 6 lines
04-22 01:34:33.060  1635  5549 I chatty  : uid=1000(system) Binder:1635_15 expire 13 lines
04-22 01:34:33.073  1635  1775 I chatty  : uid=1000(system) ActivityManager expire 11 lines
04-22 01:34:34.051  1635  4599 I chatty  : uid=1000(system) Binder:1635_D expire 4 lines
04-22 01:34:52.004  1635  9190 I chatty  : uid=1000(system) Binder:1635_1A expire 2 lines
04-22 01:36:38.569  1635  1790 I chatty  : uid=1000(system) batterystats-wo expire 2 lines
04-22 01:38:31.156  1635  4623 I chatty  : uid=1000(system) Binder:1635_11 expire 6 lines
04-22 01:40:58.346  1635  8772 I chatty  : uid=1000(system) Binder:1635_17 expire 12 lines
04-22 01:43:06.668  1635  8900 I chatty  : uid=1000(system) Binder:1635_19 expire 5 lines
04-22 01:43:06.671  4561  9950 I AlwaysOnHotwordDetector: onDetected
04-22 01:43:08.063  1635  1862 I chatty  : uid=1000(system) PowerManagerSer expire 6 lines
04-22 01:43:08.113  1635  9801 I chatty  : uid=1000(system) Binder:1635_1C expire 4 lines
04-22 01:43:08.150  1635  1756 I chatty  : uid=1000(system) android.display expire 1 line
04-22 01:43:08.152  1635  3045 I chatty  : uid=1000(system) Binder:1635_9 expire 4 lines
04-22 01:43:08.169  1635  4613 I chatty  : uid=1000(system) Binder:1635_F expire 14 lines
04-22 01:43:08.234  1635  4630 I chatty  : uid=1000(system) Binder:1635_13 expire 11 lines
04-22 01:43:08.279  1635  1752 I chatty  : uid=1000(system) android.fg expire 3 lines
04-22 01:43:10.399  1635 11490 I chatty  : uid=1000(system) Binder:1635_1D expire 4 lines
04-22 01:43:10.629  1635  9377 I chatty  : uid=1000(system) Binder:1635_1B expire 2 lines
04-22 01:43:10.764  1635 12312 I chatty  : uid=1000(system) Binder:1635_1F expire 2 lines
04-22 01:43:11.199  1635  8900 I chatty  : uid=1000(system) Binder:1635_19 expire 2 lines
04-22 01:43:11.204  1635  4613 I chatty  : uid=1000(system) Binder:1635_F expire 28 lines
04-22 01:43:11.226  1635  4623 I chatty  : uid=1000(system) Binder:1635_11 expire 59 lines
04-22 01:43:11.247  1635  1635 I chatty  : uid=1000 system_server expire 4 lines
04-22 01:43:11.360  1635  2891 I chatty  : uid=1000(system) ConnectivitySer expire 6 lines
04-22 01:43:11.446  1635  1756 I chatty  : uid=1000(system) android.display expire 3 lines
04-22 01:43:11.852  1635  3040 I chatty  : uid=1000(system) Binder:1635_5 expire 6 lines
04-22 01:43:12.491  1635  1775 I chatty  : uid=1000(system) ActivityManager expire 5 lines
04-22 01:43:12.915  1635  8772 I chatty  : uid=1000(system) Binder:1635_17 expire 8 lines
04-22 01:43:15.521  1635  9377 I chatty  : uid=1000(system) Binder:1635_1B expire 17 lines
04-22 01:43:15.630  1635  4624 I chatty  : uid=1000(system) Binder:1635_12 expire 34 lines
04-22 01:43:17.015  1635  1862 I chatty  : uid=1000(system) PowerManagerSer expire 8 lines
04-22 01:43:17.195  1635  3046 I chatty  : uid=1000(system) Binder:1635_A expire 34 lines
04-22 01:43:19.118  1635  3045 I chatty  : uid=1000(system) Binder:1635_9 expire 32 lines
04-22 01:43:27.791  1635  1752 I chatty  : uid=1000(system) android.fg expire 4 lines
04-22 01:43:35.373  1635  4624 I chatty  : uid=1000(system) Binder:1635_12 expire 11 lines
04-22 01:43:35.713  1635  3046 I chatty  : uid=1000(system) Binder:1635_A expire 17 lines
04-22 01:43:36.989  1635  3045 I chatty  : uid=1000(system) Binder:1635_9 expire 17 lines
04-22 01:43:54.478  1635  1862 I chatty  : uid=1000(system) PowerManagerSer expire 6 lines
04-22 01:43:54.514  1635  1756 I chatty  : uid=1000(system) android.display expire 1 line
04-22 01:43:54.578  1635  1775 I chatty  : uid=1000(system) ActivityManager expire 15 lines
04-22 01:43:54.612  1635  8900 I chatty  : uid=1000(system) Binder:1635_19 expire 9 lines
04-22 01:43:54.627  1635  1776 I chatty  : uid=1000(system) ActivityManager expire 13 lines
04-22 01:43:54.644  1635  2891 I chatty  : uid=1000(system) ConnectivitySer expire 69 lines
04-22 01:43:54.701  1635  4623 I chatty  : uid=1000(system) Binder:1635_11 expire 10 lines
04-22 01:43:54.829  1635  9377 I chatty  : uid=1000(system) Binder:1635_1B expire 12 lines
04-22 01:43:55.781  1635  8772 I chatty  : uid=1000(system) Binder:1635_17 expire 3 lines
04-22 01:43:56.735  1635  1635 I chatty  : uid=1000 system_server expire 10 lines
04-22 01:43:57.241  1635  4613 I chatty  : uid=1000(system) Binder:1635_F expire 6 lines
04-22 01:43:57.448  1635 11490 I chatty  : uid=1000(system) Binder:1635_1D expire 2 lines
04-22 01:43:57.676  1635  4612 I chatty  : uid=1000(system) Binder:1635_E expire 2 lines
04-22 01:44:10.544  1635  1754 I chatty  : uid=1000(system) android.ui expire 1 line
04-22 01:44:14.995  1635  2881 I chatty  : uid=1000(system) Binder:1635_3 expire 4 lines
04-22 01:44:16.576  1635  3044 I chatty  : uid=1000(system) Binder:1635_8 expire 2 lines
04-22 01:44:19.139  1635  2958 I chatty  : uid=1000(system) SyncManager expire 2 lines
04-22 01:44:19.198  1635  3043 I chatty  : uid=1000(system) Binder:1635_7 expire 2 lines
04-22 01:44:19.700  1635  5549 I chatty  : uid=1000(system) Binder:1635_15 expire 7 lines
04-22 01:44:21.103  1635  4930 I chatty  : uid=1000(system) Binder:1635_14 expire 2 lines
04-22 01:44:25.542  1635  2884 I chatty  : uid=1000(system) NetworkPolicy expire 17 lines
04-22 01:44:34.562  1635  1771 I chatty  : uid=1000(system) android.bg expire 1 line
04-22 01:44:44.660  1635 11678 I chatty  : uid=1000(system) Binder:1635_1E expire 2 lines
04-22 01:44:44.717  1635  1713 I chatty  : uid=1000(system) Binder:1635_2 expire 4 lines
04-22 01:46:51.176  1635  4614 I chatty  : uid=1000(system) Binder:1635_10 expire 3 lines
04-22 01:46:52.349 16454 16551 E ActivityThread: Failed to find provider info for com.google.android.instantapps.supervisor.SupervisorArchiveProvider
04-22 01:46:52.740  1635  2891 I chatty  : uid=1000(system) ConnectivitySer expire 6 lines
04-22 01:46:53.147  1635  1775 I chatty  : uid=1000(system) ActivityManager expire 1 line
04-22 01:46:53.147  1635  1776 I chatty  : uid=1000(system) ActivityManager expire 9 lines
04-22 01:46:54.282  1635  3046 I chatty  : uid=1000(system) Binder:1635_A expire 4 lines
04-22 01:47:02.341  1635  3048 I chatty  : uid=1000(system) Binder:1635_C expire 1 line
04-22 01:47:03.210  1635 11678 I chatty  : uid=1000(system) Binder:1635_1E expire 4 lines
04-22 01:47:03.544  1635  8772 I chatty  : uid=1000(system) Binder:1635_17 expire 1 line
04-22 01:47:04.823  1635  2891 I chatty  : uid=1000(system) ConnectivitySer expire 152 lines
04-22 01:47:05.467  1635  4623 I chatty  : uid=1000(system) Binder:1635_11 expire 1 line
04-22 01:47:05.467  1635  1776 I chatty  : uid=1000(system) ActivityManager expire 8 lines
04-22 01:47:07.976  1635  2884 I chatty  : uid=1000(system) NetworkPolicy expire 65 lines
04-22 01:47:17.449  1635  4624 I chatty  : uid=1000(system) Binder:1635_12 expire 1 line
04-22 01:47:22.785  1635  4930 I chatty  : uid=1000(system) Binder:1635_14 expire 5 lines
04-22 01:47:22.912  1635  9377 I chatty  : uid=1000(system) Binder:1635_1B expire 3 lines
04-22 01:47:22.962  1635  3038 I chatty  : uid=1000(system) Binder:1635_4 expire 1 line
04-22 01:47:22.962  1635  9801 I chatty  : uid=1000(system) Binder:1635_1C expire 1 line
04-22 01:47:22.962  1635  4614 I chatty  : uid=1000(system) Binder:1635_10 expire 1 line
04-22 01:47:42.029  1635  1712 I chatty  : uid=1000(system) Binder:1635_1 expire 1 line
04-22 01:47:42.065  1635  5549 I chatty  : uid=1000(system) Binder:1635_15 expire 4 lines
04-22 01:49:16.992  1635  8900 I chatty  : uid=1000(system) Binder:1635_19 expire 9 lines
04-22 01:50:02.088  1635  1771 I chatty  : uid=1000(system) android.bg expire 2 lines
04-22 01:53:37.623  1635  3047 I chatty  : uid=1000(system) Binder:1635_B expire 4 lines
04-22 01:54:35.288 23456 23456 W ActivityThread: ClassLoader.loadClass: The class loader returned by Thread.getContextClassLoader() may fail for processes that host multiple applications. You should explicitly specify a context class loader. For example: Thread.setContextClassLoader(getClass().getClassLoader());
04-22 01:54:36.077  1635  2884 I chatty  : uid=1000(system) NetworkPolicy expire 20 lines
04-22 01:54:37.827  1635  2891 I chatty  : uid=1000(system) ConnectivitySer expire 43 lines
04-22 01:55:54.855  1635  1635 I chatty  : uid=1000 system_server expire 2 lines
04-22 01:56:07.989  1635  1713 I chatty  : uid=1000(system) Binder:1635_2 expire 1 line
04-22 01:56:08.437  1635  1775 I chatty  : uid=1000(system) ActivityManager expire 11 lines
04-22 01:56:45.553  1635  2884 I chatty  : uid=1000(system) NetworkPolicy expire 45 lines
04-22 01:56:46.292  1635  3042 I chatty  : uid=1000(system) Binder:1635_6 expire 8 lines
04-22 01:56:46.329  1635  3047 I chatty  : uid=1000(system) Binder:1635_B expire 1 line
04-22 01:56:46.330  1635  2891 I chatty  : uid=1000(system) ConnectivitySer expire 150 lines
04-22 01:56:46.330  1635  4630 I chatty  : uid=1000(system) Binder:1635_13 expire 4 lines
04-22 01:58:54.124  1635  1712 I chatty  : uid=1000(system) Binder:1635_1 expire 5 lines
04-22 01:58:54.131  1635  3044 I chatty  : uid=1000(system) Binder:1635_8 expire 4 lines
04-22 01:59:21.878  1635  1756 I chatty  : uid=1000(system) android.display expire 8 lines
