04-21 19:25:57.026  1635  2884 W NetworkPolicy: shared quota unsupported; generating rule for each iface
04-21 19:25:57.866  1635  2891 D ConnectivityService: NetReassign [no changes]
04-21 19:26:46.449  1635  2891 I chatty  : uid=1000(system) ConnectivitySer identical 16 lines
04-21 19:26:49.469  1635  2891 D ConnectivityService: NetReassign [no changes]
04-21 19:26:51.212  1635  2891 D Nat464Xlat: clatd running, updating NAI for v4-rmnet_data2
04-21 19:26:52.517  1635  2891 D ConnectivityService: NetReassign [no changes]
04-21 19:26:55.574  1635  2891 I chatty  : uid=1000(system) ConnectivitySer identical 1 line
04-21 19:26:58.614  1635  2891 D ConnectivityService: NetReassign [no changes]
04-21 19:27:00.297  1635  1635 I SoundTriggerHelper: Recognition success
04-21 19:27:00.300  4561  4594 I AlwaysOnHotwordDetector: onDetected
04-21 19:27:01.643  1635  2891 D ConnectivityService: NetReassign [no changes]
04-21 19:27:01.799  1635  3045 I SoundTriggerHelper: startRecognition successful.
04-21 19:27:04.675  1635  2891 D ConnectivityService: NetReassign [no changes]
04-21 19:27:47.223  1635  2891 I chatty  : uid=1000(system) ConnectivitySer identical 14 lines
04-21 19:27:50.257  1635  2891 D ConnectivityService: NetReassign [no changes]
04-21 19:27:50.308  1635  2891 D Nat464Xlat: clatd running, updating NAI for v4-rmnet_data2
04-21 19:27:53.298  1635  2891 D ConnectivityService: NetReassign [no changes]
04-21 19:27:56.337  1635  2891 D ConnectivityService: NetReassign [no changes]
04-21 19:27:56.636  1635  8781 I ActivityManager: Killing 4494:com.google.android.euicc/u0a143 (adj 995): empty for 1807s
04-21 19:27:59.356  1635  2891 D ConnectivityService: NetReassign [no changes]
04-21 19:28:02.399  1635  2891 D ConnectivityService: NetReassign [no changes]
04-21 19:28:03.785  1635  1635 I SoundTriggerHelper: Recognition success
04-21 19:28:03.788  4561  4594 I AlwaysOnHotwordDetector: onDetected
04-21 19:28:05.255  1635  3040 I SoundTriggerHelper: startRecognition successful.
04-21 19:28:05.451  1635  2891 D ConnectivityService: NetReassign [no changes]
04-21 19:28:29.673  1635  2891 I chatty  : uid=1000(system) ConnectivitySer identical 8 lines
04-21 19:28:32.707  1635  2891 D ConnectivityService: NetReassign [no changes]
04-21 19:28:33.635  1635  1862 V DisplayPowerController: Brightness [0.05] reason changing to: 'automatic [ dim ]', previous reason: 'automatic'.
04-21 19:28:35.747  1635  2891 D ConnectivityService: NetReassign [no changes]
04-21 19:28:38.783  1635  2891 D ConnectivityService: NetReassign [no changes]
04-21 19:28:40.627  1635  1862 I PowerManagerService: Going to sleep due to timeout (uid 1000)...
04-21 19:28:40.648  1635  9190 D BiometricUtils: isEncrypted: false isLockdown: false
04-21 19:28:40.651  1635  1635 V FingerprintService: startAuthentication(com.android.systemui)
04-21 19:28:40.651  1635  1635 V FingerprintService: starting client AuthenticationClientImpl(com.android.systemui) targetUserId: 0 currentUserId: 0 cookie: 0/0
04-21 19:28:40.673  1635  1635 W FingerprintService: client com.android.systemui is authenticating...
04-21 19:28:40.690  1635  1862 V DisplayPowerController: Brightness [0.15641814] reason changing to: 'automatic', previous reason: 'automatic [ dim ]'.
04-21 19:28:41.101  1635  1862 I DisplayPowerController: Blocking screen off
04-21 19:28:41.102  1635  1862 I DisplayPowerController: Unblocked screen off after 1 ms
04-21 19:28:41.128  1635  1862 D ActivityTaskManager: Top Process State changed to PROCESS_STATE_TOP_SLEEPING
04-21 19:28:41.137  1635  1790 D KernelCpuUidUserSysTimeReader: Removing uids 90001-90001
04-21 19:28:41.137  1635  1790 D KernelCpuUidUserSysTimeReader: Removing uids 90002-90002
04-21 19:28:41.137  1635  1790 D KernelCpuUidUserSysTimeReader: Removing uids 90003-90003
04-21 19:28:41.138  1635  1790 D KernelCpuUidUserSysTimeReader: Removing uids 90004-90004
04-21 19:28:41.138  1635  1790 D KernelCpuUidUserSysTimeReader: Removing uids 90000-90000
04-21 19:28:41.163  1635  1862 V DisplayPowerController: Brightness [-1.0] reason changing to: 'screen_off', previous reason: 'automatic'.
04-21 19:28:41.173  1635  1756 I DisplayManagerService: Display device changed state: "Built-in Screen", OFF
04-21 19:28:41.234  1635 11490 W AutofillManagerServiceImpl: getFillEventHistory() called by UID 10114, but service UID is 10145
04-21 19:28:41.345  1635  1862 I DreamManagerService: Entering dreamland.
04-21 19:28:41.345  1635  1862 I PowerManagerService: Dozing...
04-21 19:28:41.348  1635  1752 I DreamController: Starting dream: name=ComponentInfo{com.android.systemui/com.android.systemui.doze.DozeService}, isTest=false, canDoze=true, userId=0
04-21 19:28:41.488  1635  1756 V WindowManager: Orientation start waiting for draw, mDrawState=DRAW_PENDING in Window{b3b0d7 u0 NotificationShade}, surfaceController Surface(name=NotificationShade)/@0x4e878f0
04-21 19:28:41.541  1635  4599 W AppOps  : Noting op not finished: uid 10145 pkg com.google.android.gms code 79 startTime of in progress event=1619043331133
04-21 19:28:41.547  1635 11490 W AppOps  : Noting op not finished: uid 10145 pkg com.google.android.gms code 79 startTime of in progress event=1619043331133
04-21 19:28:41.605  1635  3042 W AppOps  : Noting op not finished: uid 10145 pkg com.google.android.gms code 79 startTime of in progress event=1619043331133
04-21 19:28:41.614  1635  3042 W AppOps  : Noting op not finished: uid 10145 pkg com.google.android.gms code 79 startTime of in progress event=1619043331133
04-21 19:28:41.692  1635  9801 I ActivityTaskManager: START u0 {flg=0x10000000 cmp=steptracker.healthandfitness.walkingtracker.pedometer/com.drojian.servicekeeper.service.OneActivity} from uid 10208
04-21 19:28:41.694  1635  9801 W ActivityTaskManager: Background activity start [callingPackage: steptracker.healthandfitness.walkingtracker.pedometer; callingUid: 10208; isCallingUidForeground: false; callingUidHasAnyVisibleWindow: false; callingUidProcState: FOREGROUND_SERVICE; isCallingUidPersistentSystemProcess: false; realCallingUid: 10208; isRealCallingUidForeground: false; realCallingUidHasAnyVisibleWindow: false; realCallingUidProcState: FOREGROUND_SERVICE; isRealCallingUidPersistentSystemProcess: false; originatingPendingIntent: null; isBgStartWhitelisted: false; intent: Intent { flg=0x10000000 cmp=steptracker.healthandfitness.walkingtracker.pedometer/com.drojian.servicekeeper.service.OneActivity }; callerApp: ProcessRecord{7a2a5f8 15007:steptracker.healthandfitness.walkingtracker.pedometer/u0a208}]
04-21 19:28:41.696  1635  9801 E ActivityTaskManager: Abort background activity starts from 10208
04-21 19:28:42.014  1635  4599 W ActivityManager: Foreground service started from background can not have location/camera/microphone access: service steptracker.healthandfitness.walkingtracker.pedometer/com.drojian.stepcounter.service.CounterService
04-21 19:28:46.137  1635  1756 W ActivityTaskManager: Sleep timeout!  Sleeping now.
04-21 19:29:03.025  1635  4599 W ActivityManager: Foreground service started from background can not have location/camera/microphone access: service steptracker.healthandfitness.walkingtracker.pedometer/com.drojian.stepcounter.service.CounterService
04-21 19:29:03.032  1635  9801 W ActivityManager: Foreground service started from background can not have location/camera/microphone access: service steptracker.healthandfitness.walkingtracker.pedometer/com.drojian.stepcounter.service.CounterService
04-21 19:29:04.682  1635 12312 W ActivityManager: Foreground service started from background can not have location/camera/microphone access: service steptracker.healthandfitness.walkingtracker.pedometer/com.drojian.stepcounter.service.CounterService
04-21 19:29:04.689  1635  4599 W ActivityManager: Foreground service started from background can not have location/camera/microphone access: service steptracker.healthandfitness.walkingtracker.pedometer/com.drojian.stepcounter.service.CounterService
04-21 19:29:05.879  1635  1790 D BatteryStatsImpl: Reading cpu stats took 134ms
04-21 19:29:55.630  1635  1635 I SoundTriggerHelper: Recognition success
04-21 19:29:55.633  4561  4594 I AlwaysOnHotwordDetector: onDetected
04-21 19:29:57.048  1635 11490 I SoundTriggerHelper: startRecognition successful.
04-21 19:31:42.815  1635  2884 W NetworkPolicy: shared quota unsupported; generating rule for each iface
04-21 19:31:44.083  1635  2884 I chatty  : uid=1000(system) NetworkPolicy identical 1 line
04-21 19:31:45.123  1635  2884 W NetworkPolicy: shared quota unsupported; generating rule for each iface
04-21 19:31:45.145  1635 12312 W AppOps  : Noting op not finished: uid 10145 pkg com.google.android.gms code 79 startTime of in progress event=1619043331133
04-21 19:31:45.154  1635 12312 W AppOps  : Noting op not finished: uid 10145 pkg com.google.android.gms code 79 startTime of in progress event=1619043331133
04-21 19:31:53.329  1635  1790 D BatteryStatsImpl: Reading cpu stats took 155ms
04-21 19:31:53.417  1635  1771 W ProcessCpuTracker: Failed to stat(/proc/26451): android.system.ErrnoException: stat failed: ENOENT (No such file or directory)
04-21 19:31:53.417  1635  1771 W ProcessCpuTracker: Skipping unknown process pid 26451
04-21 19:32:59.270  1635  1790 D BatteryStatsImpl: Reading cpu active times took 116ms
04-21 19:32:59.344  1635  1771 W ProcessCpuTracker: Failed to stat(/proc/26539): android.system.ErrnoException: stat failed: ENOENT (No such file or directory)
04-21 19:32:59.344  1635  1771 W ProcessCpuTracker: Skipping unknown process pid 26539
04-21 19:33:07.163  1635  3042 D CompatibilityChangeReporter: Compat change id reported: 135634846; UID 10257; state: DISABLED
04-21 19:33:07.164  1635  1776 D CompatibilityChangeReporter: Compat change id reported: 143937733; UID 10257; state: DISABLED
04-21 19:33:07.190  1635  1776 I ActivityManager: Start proc 26555:com.google.android.apps.authenticator2/u0a257 for broadcast {com.google.android.apps.authenticator2/com.google.android.apps.authenticator.auditlog.AuditLogTimerReceiver}
04-21 19:34:45.309  1635  3042 W AppOps  : Noting op not finished: uid 10145 pkg com.google.android.gms code 79 startTime of in progress event=1619043331133
04-21 19:34:45.316  1635  3042 W AppOps  : Noting op not finished: uid 10145 pkg com.google.android.gms code 79 startTime of in progress event=1619043331133
04-21 19:35:10.551  1635 11490 D ConnectivityService: Returning BLOCKED NetworkInfo to uid=10184
04-21 19:37:02.932  1635  1771 W ProcessCpuTracker: Failed to stat(/proc/26934): android.system.ErrnoException: stat failed: ENOENT (No such file or directory)
04-21 19:37:02.932  1635  1771 W ProcessCpuTracker: Skipping unknown process pid 26934
04-21 19:37:28.223  1635  1635 I SoundTriggerHelper: Recognition success
04-21 19:37:28.225  4561  8436 I AlwaysOnHotwordDetector: onDetected
04-21 19:37:29.711  1635  3042 I SoundTriggerHelper: startRecognition successful.
04-21 19:37:45.439  1635 11490 W AppOps  : Noting op not finished: uid 10145 pkg com.google.android.gms code 79 startTime of in progress event=1619043331133
04-21 19:37:45.445  1635 11490 W AppOps  : Noting op not finished: uid 10145 pkg com.google.android.gms code 79 startTime of in progress event=1619043331133
04-21 19:37:48.470  1635  1635 D CompatibilityChangeReporter: Compat change id reported: 135634846; UID 10157; state: DISABLED
04-21 19:37:48.471  1635  1776 D CompatibilityChangeReporter: Compat change id reported: 143937733; UID 10157; state: DISABLED
04-21 19:37:48.508  1635  1776 I ActivityManager: Start proc 27011:com.google.android.apps.turbo:aab/u0a157 for service {com.google.android.apps.turbo/com.google.android.libraries.smartbattery.appusage.library.InferAppBucketsJob}
04-21 19:39:59.481  1635 12312 I PowerManagerService: Waking up from Dozing (uid=10158, reason=WAKE_REASON_GESTURE, details=com.android.systemui:NODOZE)...
04-21 19:39:59.495  1635  1862 I DisplayPowerController: Blocking screen on until initial contents have been drawn.
04-21 19:39:59.541  1635  1862 V DisplayPowerController: Brightness [0.15641814] reason changing to: 'manual', previous reason: 'screen_off'.
04-21 19:39:59.542  1635  1756 I DisplayManagerService: Display device changed state: "Built-in Screen", ON
04-21 19:39:59.546  1635  1862 I DisplayPowerController: Unblocked screen on after 51 ms
04-21 19:39:59.594  1635  9190 W ActivityManager: Background start not allowed: service Intent { act=Orca.PERSISTENT_KICK_SKIP_PING cmp=com.facebook.katana/com.facebook.mqttlite.MqttService (has extras) } to com.facebook.katana/com.facebook.mqttlite.MqttService from pid=9147 uid=10248 pkg=com.facebook.katana startFg?=false
04-21 19:39:59.606  1635  3042 W ActivityManager: Background start not allowed: service Intent { act=Orca.PERSISTENT_KICK_SKIP_PING cmp=com.facebook.orca/com.facebook.mqttlite.MqttService (has extras) } to com.facebook.orca/com.facebook.mqttlite.MqttService from pid=23675 uid=10243 pkg=com.facebook.orca startFg?=false
04-21 19:39:59.628  1635  1775 W BroadcastQueue: Background execution not allowed: receiving Intent { act=android.net.wifi.RSSI_CHANGED flg=0x4000010 (has extras) } to com.jaga.ibraceletplus.smartwristband3/com.yc.pedometer.remind.GloryFitBootReceiver
04-21 19:39:59.664  1635  1862 V DisplayPowerController: Brightness [0.15637296] reason changing to: 'automatic', previous reason: 'manual'.
04-21 19:39:59.665  1635  1775 D CompatibilityChangeReporter: Compat change id reported: 135634846; UID 10293; state: DISABLED
04-21 19:39:59.665  1635  1776 D CompatibilityChangeReporter: Compat change id reported: 143937733; UID 10293; state: ENABLED
04-21 19:39:59.692  1635  1776 I ActivityManager: Start proc 27267:com.google.android.cellbroadcastreceiver/u0a293 for broadcast {com.google.android.cellbroadcastreceiver/com.android.cellbroadcastreceiver.CellBroadcastReceiver}
04-21 19:39:59.692  1635 11490 I SoundTriggerService: deleteSoundModel(): id = 9f6ad62a-1f0b-11e7-87c5-40a8f03d3f15
04-21 19:39:59.693  1635 11490 W SoundTriggerHelper: Unload error: Attempting unload invalid generic model with id:9f6ad62a-1f0b-11e7-87c5-40a8f03d3f15
04-21 19:39:59.693  1635 11490 E SoundTriggerService: error onStop(): Model 9f6ad62a-1f0b-11e7-87c5-40a8f03d3f15 has no stats available
04-21 19:39:59.695  1635  2891 D Nat464Xlat: clatd running, updating NAI for v4-rmnet_data2
04-21 19:39:59.697  1635  1862 W PowerManagerService: Screen on took 217 ms
04-21 19:39:59.697  1635  1862 I DreamManagerService: Gently waking up from dream.
04-21 19:39:59.697  1635  1752 I DreamManagerService: Performing gentle wake from dream.
04-21 19:39:59.756  1635 12312 I DreamManagerService: Leaving dreamland.
04-21 19:39:59.757  1635  1752 I DreamManagerService: Performing gentle wake from dream.
04-21 19:39:59.757  1635  1752 I DreamController: Stopping dream: name=ComponentInfo{com.android.systemui/com.android.systemui.doze.DozeService}, isTest=false, canDoze=true, userId=0, reason='finished self'(from 'requested stopDream')
04-21 19:39:59.841  1635  2891 D Nat464Xlat: clatd running, updating NAI for v4-rmnet_data2
04-21 19:39:59.861  1635  2891 D ConnectivityService: NetReassign [no changes]
04-21 19:40:00.581  1635  1635 V FingerprintService: Acquired: 7 0
04-21 19:40:00.790  1635  1635 V FingerprintService: Acquired: 0 0
04-21 19:40:00.794  1635  1635 V BiometricStats: Authentication latency: 214
04-21 19:40:00.794  1635  1635 V FingerprintService: onAuthenticated(true), ID:636910442, Owner: com.android.systemui, isBP: false, listener: com.android.server.biometrics.fingerprint.FingerprintService$ServiceListenerImpl@9f26645, requireConfirmation: false, user: 0
04-21 19:40:00.804  1635  1635 V FingerprintService: Done with client: com.android.systemui
04-21 19:40:01.109  1635 11490 D ActivityTaskManager: Top Process State changed to PROCESS_STATE_TOP
04-21 19:40:01.271  1635  1775 W BroadcastQueue: Background execution not allowed: receiving Intent { act=android.intent.action.USER_PRESENT flg=0x24200010 } to steptracker.healthandfitness.walkingtracker.pedometer/com.drojian.servicekeeper.service.WatcherPeriodReceiver
04-21 19:40:01.286  1635  1775 W BroadcastQueue: Background execution not allowed: receiving Intent { act=android.intent.action.USER_PRESENT flg=0x24200010 } to steptracker.healthandfitness.walkingtracker.pedometer/com.drojian.servicekeeper.receiver.BootReceiver
04-21 19:40:01.286  1635  1775 W BroadcastQueue: Background execution not allowed: receiving Intent { act=android.intent.action.USER_PRESENT flg=0x24200010 } to com.android.chrome/org.chromium.chrome.browser.sharing.click_to_call.ClickToCallMessageHandler$PhoneUnlockedReceiver
04-21 19:40:01.286  1635  1775 W BroadcastQueue: Background execution not allowed: receiving Intent { act=android.intent.action.USER_PRESENT flg=0x24200010 } to com.google.android.gms/.auth.setup.devicesignals.LockScreenReceiver
04-21 19:40:01.286  1635  1775 W BroadcastQueue: Background execution not allowed: receiving Intent { act=android.intent.action.USER_PRESENT flg=0x24200010 } to com.google.android.gms/.chimera.GmsIntentOperationService$PersistentTrustedReceiver
04-21 19:40:01.286  1635  1775 W BroadcastQueue: Background execution not allowed: receiving Intent { act=android.intent.action.USER_PRESENT flg=0x24200010 } to com.instagram.android/com.instagram.push.FbnsInitBroadcastReceiver
04-21 19:40:01.286  1635  1775 W BroadcastQueue: Permission Denial: broadcasting Intent { act=android.intent.action.USER_PRESENT flg=0x24200010 } from com.android.systemui (pid=2979, uid=10158) is not exported from uid 10324 due to receiver com.jaga.ibraceletplus.smartwristband3/com.yc.pedometer.remind.GloryFitBootReceiver
04-21 19:40:01.287  1635  1775 W BroadcastQueue: Background execution not allowed: receiving Intent { act=android.intent.action.USER_PRESENT flg=0x24200010 } to com.weather.Weather/com.weather.dal2.system.UniversalBroadcastReceiver
04-21 19:40:01.287  1635  1775 W BroadcastQueue: Background execution not allowed: receiving Intent { act=android.intent.action.USER_PRESENT flg=0x24200010 } to io.voodoo.dune/io.presage.core.receiver.UserPresentReceiver
04-21 19:40:01.287  1635  1775 W BroadcastQueue: Background execution not allowed: receiving Intent { act=android.intent.action.USER_PRESENT flg=0x24200010 } to steptracker.healthandfitness.walkingtracker.pedometer/com.drojian.stepcounter.receiver.PedometerReceiver
04-21 19:40:01.287  1635  1775 W BroadcastQueue: Background execution not allowed: receiving Intent { act=android.intent.action.USER_PRESENT flg=0x24200010 } to steptracker.healthandfitness.walkingtracker.pedometer/com.drojian.servicekeeper.service.WatcherService$MathReceiver
04-21 19:40:01.369  1635 11490 W ActivityManager: Background start not allowed: service Intent { act=Orca.START cmp=com.instagram.android/com.facebook.rti.push.service.FbnsService (has extras) } to com.instagram.android/com.facebook.rti.push.service.FbnsService from pid=13429 uid=10317 pkg=com.instagram.android startFg?=false
04-21 19:40:01.480  1635  1635 W Looper  : Slow dispatch took 225ms main h=android.app.ActivityThread$H c=android.app.-$$Lambda$LoadedApk$ReceiverDispatcher$Args$_BumDX2UKsnxLVrE6UJsJZkotuA@6798abd m=0
04-21 19:40:01.481  1635  1635 W Looper  : Slow delivery took 215ms main h=android.os.Handler c=com.android.server.statusbar.-$$Lambda$StatusBarManagerService$uF0ibEnnXe7Lxunxb98QQLJjgZM@533d8b2 m=0
04-21 19:40:01.498  1635  1635 W Looper  : Drained
04-21 19:40:02.644  1635  2891 D ConnectivityService: NetReassign [no changes]
04-21 19:40:05.663  1635  2891 I chatty  : uid=1000(system) ConnectivitySer identical 1 line
04-21 19:40:08.703  1635  2891 D ConnectivityService: NetReassign [no changes]
04-21 19:40:10.087  1635  9801 I ActivityManager: Force stopping com.google.location.nearby.apps.connectedcrossroad appid=10333 user=0: from pid 27340
04-21 19:40:10.110  1635  1775 W BroadcastQueue: Background execution not allowed: receiving Intent { act=android.intent.action.PACKAGE_RESTARTED dat=package:com.google.location.nearby.apps.connectedcrossroad flg=0x10 (has extras) } to steptracker.healthandfitness.walkingtracker.pedometer/com.drojian.stepcounter.receiver.PedometerReceiver
04-21 19:40:10.111  1635  1775 W BroadcastQueue: Background execution not allowed: receiving Intent { act=android.intent.action.PACKAGE_RESTARTED dat=package:com.google.location.nearby.apps.connectedcrossroad flg=0x10 (has extras) } to steptracker.healthandfitness.walkingtracker.pedometer/com.drojian.servicekeeper.receiver.BootReceiver
04-21 19:40:10.117  1635  3042 D CompatibilityChangeReporter: Compat change id reported: 135634846; UID 10143; state: DISABLED
04-21 19:40:10.118  1635  1776 D CompatibilityChangeReporter: Compat change id reported: 143937733; UID 10143; state: DISABLED
04-21 19:40:10.135  1635  1776 I ActivityManager: Start proc 27343:com.google.android.euicc/u0a143 for service {com.google.android.euicc/com.android.euicc.service.EuiccServiceImpl}
04-21 19:40:11.740  1635  2891 D ConnectivityService: NetReassign [no changes]
04-21 19:40:12.727  1635  1878 I PackageManager: Integrity check passed for file:///data/app/vmdl1191204132.tmp
04-21 19:40:13.690  1635  1878 I PackageManager: Update package com.google.location.nearby.apps.connectedcrossroad code path from /data/app/~~F6rDswQx3wO02eS0_j3JMA==/com.google.location.nearby.apps.connectedcrossroad-F-7zO8pivDEli0mOQ8siNA== to /data/app/~~mNi8PSK9EBqcIOD-pMD03w==/com.google.location.nearby.apps.connectedcrossroad-pc1XR5UaQkkF0qG78IeqZA==; Retain data and using new
04-21 19:40:13.690  1635  1878 I PackageManager: Update package com.google.location.nearby.apps.connectedcrossroad resource path from /data/app/~~F6rDswQx3wO02eS0_j3JMA==/com.google.location.nearby.apps.connectedcrossroad-F-7zO8pivDEli0mOQ8siNA== to /data/app/~~mNi8PSK9EBqcIOD-pMD03w==/com.google.location.nearby.apps.connectedcrossroad-pc1XR5UaQkkF0qG78IeqZA==; Retain data and using new
04-21 19:40:13.921  1635  1775 W BroadcastQueue: Background execution not allowed: receiving Intent { act=android.intent.action.PACKAGE_REMOVED dat=package:com.google.location.nearby.apps.connectedcrossroad flg=0x4000010 (has extras) } to com.android.vending/com.google.android.finsky.packagemanager.impl.PackageMonitorReceiverImpl$RegisteredReceiver
04-21 19:40:13.921  1635  1775 W BroadcastQueue: Background execution not allowed: receiving Intent { act=android.intent.action.PACKAGE_REMOVED dat=package:com.google.location.nearby.apps.connectedcrossroad flg=0x4000010 (has extras) } to com.android.vending/com.google.android.finsky.instantapps.appmanagement.InstantAppRemoveMonitor
04-21 19:40:13.929  1635  1775 W BroadcastQueue: Background execution not allowed: receiving Intent { act=android.intent.action.PACKAGE_REMOVED dat=package:com.google.location.nearby.apps.connectedcrossroad flg=0x4000010 (has extras) } to com.google.android.gms/.games.chimera.GamesSystemBroadcastReceiverProxy
04-21 19:40:13.929  1635  1775 W BroadcastQueue: Background execution not allowed: receiving Intent { act=android.intent.action.PACKAGE_REMOVED dat=package:com.google.location.nearby.apps.connectedcrossroad flg=0x4000010 (has extras) } to com.google.android.gms/.chimera.GmsIntentOperationService$PersistentTrustedReceiver
04-21 19:40:13.929  1635  1775 W BroadcastQueue: Background execution not allowed: receiving Intent { act=android.intent.action.PACKAGE_REMOVED dat=package:com.google.location.nearby.apps.connectedcrossroad flg=0x4000010 (has extras) } to com.google.android.googlequicksearchbox/com.google.android.apps.gsa.googlequicksearchbox.GelStubAppWatcher
04-21 19:40:13.929  1635  1775 W BroadcastQueue: Background execution not allowed: receiving Intent { act=android.intent.action.PACKAGE_REMOVED dat=package:com.google.location.nearby.apps.connectedcrossroad flg=0x4000010 (has extras) } to com.facebook.katana/com.facebook.feed.platformads.AppInstallReceiver
04-21 19:40:13.929  1635  1775 W BroadcastQueue: Background execution not allowed: receiving Intent { act=android.intent.action.PACKAGE_REMOVED dat=package:com.google.location.nearby.apps.connectedcrossroad flg=0x4000010 (has extras) } to com.jaga.ibraceletplus.smartwristband3/com.yc.pedometer.keepalive.KeepAliveReceiver
04-21 19:40:13.929  1635  1775 W BroadcastQueue: Background execution not allowed: receiving Intent { act=android.intent.action.PACKAGE_REMOVED dat=package:com.google.location.nearby.apps.connectedcrossroad flg=0x4000010 (has extras) } to com.microsoft.appmanager/.receiver.InstallUninstallReceiver
04-21 19:40:13.930  1635  1775 W BroadcastQueue: Background execution not allowed: receiving Intent { act=android.intent.action.PACKAGE_REMOVED dat=package:com.google.location.nearby.apps.connectedcrossroad flg=0x4000010 (has extras) } to com.microsoft.appmanager/com.microsoft.mmx.continuity.receiver.InstallUninstallReceiver
04-21 19:40:13.930  1635  1775 W BroadcastQueue: Background execution not allowed: receiving Intent { act=android.intent.action.PACKAGE_REMOVED dat=package:com.google.location.nearby.apps.connectedcrossroad flg=0x4000010 (has extras) } to com.microsoft.emmx/com.microsoft.mmx.continuity.receiver.InstallUninstallReceiver
04-21 19:40:13.930  1635  1775 W BroadcastQueue: Background execution not allowed: receiving Intent { act=android.intent.action.PACKAGE_ADDED dat=package:com.google.location.nearby.apps.connectedcrossroad flg=0x4000010 (has extras) } to com.google.android.packageinstaller/com.android.packageinstaller.PackageInstalledReceiver
04-21 19:40:13.930  1635  1775 W BroadcastQueue: Background execution not allowed: receiving Intent { act=android.intent.action.PACKAGE_ADDED dat=package:com.google.location.nearby.apps.connectedcrossroad flg=0x4000010 (has extras) } to com.android.vending/com.google.android.finsky.packagemanager.impl.PackageMonitorReceiverImpl$RegisteredReceiver
04-21 19:40:13.930  1635  1775 W BroadcastQueue: Background execution not allowed: receiving Intent { act=android.intent.action.PACKAGE_ADDED dat=package:com.google.location.nearby.apps.connectedcrossroad flg=0x4000010 (has extras) } to com.google.android.gms/.games.chimera.GamesSystemBroadcastReceiverProxy
04-21 19:40:13.930  1635  1775 W BroadcastQueue: Background execution not allowed: receiving Intent { act=android.intent.action.PACKAGE_ADDED dat=package:com.google.location.nearby.apps.connectedcrossroad flg=0x4000010 (has extras) } to com.google.android.gms/.gass.chimera.PackageChangeBroadcastReceiver
04-21 19:40:13.930  1635  1775 W BroadcastQueue: Background execution not allowed: receiving Intent { act=android.intent.action.PACKAGE_ADDED dat=package:com.google.location.nearby.apps.connectedcrossroad flg=0x4000010 (has extras) } to com.google.android.gms/.chimera.GmsIntentOperationService$PersistentTrustedReceiver
04-21 19:40:13.930  1635  1775 W BroadcastQueue: Background execution not allowed: receiving Intent { act=android.intent.action.PACKAGE_ADDED dat=package:com.google.location.nearby.apps.connectedcrossroad flg=0x4000010 (has extras) } to com.google.android.googlequicksearchbox/com.google.android.apps.gsa.googlequicksearchbox.GelStubAppWatcher
04-21 19:40:13.930  1635  1775 W BroadcastQueue: Background execution not allowed: receiving Intent { act=android.intent.action.PACKAGE_ADDED dat=package:com.google.location.nearby.apps.connectedcrossroad flg=0x4000010 (has extras) } to com.facebook.katana/com.facebook.feed.platformads.AppInstallReceiver
04-21 19:40:13.930  1635  1775 W BroadcastQueue: Background execution not allowed: receiving Intent { act=android.intent.action.PACKAGE_ADDED dat=package:com.google.location.nearby.apps.connectedcrossroad flg=0x4000010 (has extras) } to com.jaga.ibraceletplus.smartwristband3/com.yc.pedometer.keepalive.KeepAliveReceiver
04-21 19:40:13.930  1635  1775 W BroadcastQueue: Background execution not allowed: receiving Intent { act=android.intent.action.PACKAGE_ADDED dat=package:com.google.location.nearby.apps.connectedcrossroad flg=0x4000010 (has extras) } to com.microsoft.appmanager/.receiver.InstallUninstallReceiver
04-21 19:40:13.930  1635  1775 W BroadcastQueue: Background execution not allowed: receiving Intent { act=android.intent.action.PACKAGE_ADDED dat=package:com.google.location.nearby.apps.connectedcrossroad flg=0x4000010 (has extras) } to com.microsoft.appmanager/com.microsoft.mmx.continuity.receiver.InstallUninstallReceiver
04-21 19:40:13.930  1635  1775 W BroadcastQueue: Background execution not allowed: receiving Intent { act=android.intent.action.PACKAGE_ADDED dat=package:com.google.location.nearby.apps.connectedcrossroad flg=0x4000010 (has extras) } to com.microsoft.emmx/com.microsoft.mmx.continuity.receiver.InstallUninstallReceiver
04-21 19:40:13.931  1635  1775 W BroadcastQueue: Background execution not allowed: receiving Intent { act=com.microsoft.mmx.intent.action.UPDATE_POLICY flg=0x30 } to com.microsoft.appmanager/com.microsoft.mmx.continuity.receiver.PolicyReceiver
04-21 19:40:13.931  1635  1775 W BroadcastQueue: Background execution not allowed: receiving Intent { act=com.microsoft.mmx.intent.action.UPDATE_POLICY flg=0x30 } to com.microsoft.emmx/com.microsoft.mmx.continuity.receiver.PolicyReceiver
04-21 19:40:13.972  1635 12312 I ActivityTaskManager: START u0 {act=android.intent.action.MAIN cat=[android.intent.category.LAUNCHER] flg=0x10000000 cmp=com.google.location.nearby.apps.connectedcrossroad/nx.aodv.eval.MainActivity} from uid 2000
04-21 19:40:14.041  1635  1756 D CompatibilityChangeReporter: Compat change id reported: 135634846; UID 10333; state: DISABLED
04-21 19:40:14.042  1635  1776 D CompatibilityChangeReporter: Compat change id reported: 143937733; UID 10333; state: DISABLED
04-21 19:40:14.085  1635  1776 W ActivityManager: Slow operation: 53ms so far, now at startProcess: returned from zygote!
04-21 19:40:14.087  1635  1752 W Looper  : Slow dispatch took 119ms android.fg h=android.os.Handler c=<recycled PooledLambda@643ee14> m=0
04-21 19:40:14.103  1635  1776 W ActivityManager: Slow operation: 72ms so far, now at startProcess: done updating battery stats
04-21 19:40:14.103  1635  1776 W ActivityManager: Slow operation: 72ms so far, now at startProcess: building log message
04-21 19:40:14.103  1635  1776 I ActivityManager: Start proc 27420:com.google.location.nearby.apps.connectedcrossroad/u0a333 for pre-top-activity {com.google.location.nearby.apps.connectedcrossroad/nx.aodv.eval.MainActivity}
04-21 19:40:14.103  1635  1776 W ActivityManager: Slow operation: 72ms so far, now at startProcess: starting to update pids map
04-21 19:40:14.103  1635  1776 W ActivityManager: Slow operation: 72ms so far, now at startProcess: done updating pids map
04-21 19:40:14.205  1635  9801 W BroadcastQueue: Background execution not allowed: receiving Intent { act=android.intent.action.PACKAGE_REPLACED dat=package:com.google.location.nearby.apps.connectedcrossroad flg=0x4000010 (has extras) } to com.google.android.gms/.gass.chimera.PackageChangeBroadcastReceiver
04-21 19:40:14.212  1635  1775 W BroadcastQueue: Background execution not allowed: receiving Intent { act=android.intent.action.PACKAGE_REPLACED dat=package:com.google.location.nearby.apps.connectedcrossroad flg=0x4000010 (has extras) } to com.google.android.gms/.chimera.GmsIntentOperationService$PersistentTrustedReceiver
04-21 19:40:14.242  1635  1775 W BroadcastQueue: Background execution not allowed: receiving Intent { act=android.intent.action.PACKAGE_REPLACED dat=package:com.google.location.nearby.apps.connectedcrossroad flg=0x4000010 (has extras) } to com.google.android.googlequicksearchbox/com.google.android.apps.gsa.googlequicksearchbox.GelStubAppWatcher
04-21 19:40:14.246  1635  1775 W BroadcastQueue: Background execution not allowed: receiving Intent { act=android.intent.action.PACKAGE_REPLACED dat=package:com.google.location.nearby.apps.connectedcrossroad flg=0x4000010 (has extras) } to com.infonow.bofa/com.bofa.ecom.marvel.application.BofaPackageUpdateReceiver
04-21 19:40:14.247  1635  1775 W BroadcastQueue: Background execution not allowed: receiving Intent { act=android.intent.action.PACKAGE_REPLACED dat=package:com.google.location.nearby.apps.connectedcrossroad flg=0x4000010 (has extras) } to com.microsoft.appmanager/com.microsoft.mmx.continuity.receiver.InstallUninstallReceiver
04-21 19:40:14.252  1635  1775 W BroadcastQueue: Background execution not allowed: receiving Intent { act=android.intent.action.PACKAGE_REPLACED dat=package:com.google.location.nearby.apps.connectedcrossroad flg=0x4000010 (has extras) } to com.microsoft.emmx/com.microsoft.mmx.continuity.receiver.InstallUninstallReceiver
04-21 19:40:14.252  1635  1775 W BroadcastQueue: Background execution not allowed: receiving Intent { act=android.intent.action.PACKAGE_REPLACED dat=package:com.google.location.nearby.apps.connectedcrossroad flg=0x4000010 (has extras) } to steptracker.healthandfitness.walkingtracker.pedometer/com.drojian.stepcounter.receiver.PedometerReceiver
04-21 19:40:14.253  1635  1775 W BroadcastQueue: Background execution not allowed: receiving Intent { act=android.intent.action.PACKAGE_REPLACED dat=package:com.google.location.nearby.apps.connectedcrossroad flg=0x4000010 (has extras) } to steptracker.healthandfitness.walkingtracker.pedometer/com.drojian.servicekeeper.receiver.BootReceiver
04-21 19:40:14.253  1635  1775 W BroadcastQueue: Background execution not allowed: receiving Intent { act=com.microsoft.mmx.intent.action.UPDATE_POLICY flg=0x30 } to com.microsoft.appmanager/com.microsoft.mmx.continuity.receiver.PolicyReceiver
04-21 19:40:14.254  1635  1775 W BroadcastQueue: Background execution not allowed: receiving Intent { act=com.microsoft.mmx.intent.action.UPDATE_POLICY flg=0x30 } to com.microsoft.emmx/com.microsoft.mmx.continuity.receiver.PolicyReceiver
04-21 19:40:14.254  1635  1775 W BroadcastQueue: Background execution not allowed: receiving Intent { act=com.microsoft.mmx.intent.action.UPDATE_POLICY flg=0x30 } to com.microsoft.appmanager/com.microsoft.mmx.continuity.receiver.PolicyReceiver
04-21 19:40:14.254  1635  1775 W BroadcastQueue: Background execution not allowed: receiving Intent { act=com.microsoft.mmx.intent.action.UPDATE_POLICY flg=0x30 } to com.microsoft.emmx/com.microsoft.mmx.continuity.receiver.PolicyReceiver
04-21 19:40:14.263  1635  1752 W Looper  : Slow delivery took 235ms android.fg h=android.os.Handler c=<recycled PooledLambda@a015b11> m=0
04-21 19:40:14.404  1635  1635 W Looper  : Slow dispatch took 475ms main h=android.app.ActivityThread$H c=android.app.-$$Lambda$LoadedApk$ReceiverDispatcher$Args$_BumDX2UKsnxLVrE6UJsJZkotuA@b1b6df9 m=0
04-21 19:40:14.404  1635  1635 W Looper  : Slow delivery took 535ms main h=android.app.ActivityThread$H c=android.app.-$$Lambda$LoadedApk$ReceiverDispatcher$Args$_BumDX2UKsnxLVrE6UJsJZkotuA@dc5e13e m=0
04-21 19:40:14.665  1635  1752 W Looper  : Slow dispatch took 150ms android.fg h=android.os.Handler c=<recycled PooledLambda@a873e52> m=0
04-21 19:40:14.691  1635  3047 D CompatibilityChangeReporter: Compat change id reported: 136274596; UID 10333; state: DISABLED
04-21 19:40:14.702  1635  1635 W Looper  : Slow dispatch took 283ms main h=android.app.ActivityThread$H c=android.app.-$$Lambda$LoadedApk$ReceiverDispatcher$Args$_BumDX2UKsnxLVrE6UJsJZkotuA@b3d876f m=0
04-21 19:40:14.707  1635  1635 I Telecom : DefaultDialerCache: Refreshing default dialer for user 0: now com.google.android.dialer: DDC.oR@AyA
04-21 19:40:14.755  1635  1635 V BackupManagerConstants: getFullBackupIntervalMilliseconds(...) returns 86400000
04-21 19:40:14.755  1635  1635 V BackupManagerConstants: getFullBackupRequiredNetworkType(...) returns 2
04-21 19:40:14.755  1635  1635 V BackupManagerConstants: getFullBackupRequireCharging(...) returns true
04-21 19:40:14.759  1635  2891 D ConnectivityService: NetReassign [no changes]
04-21 19:40:14.766  1635  1752 W Looper  : Slow dispatch took 101ms android.fg h=android.os.Handler c=<recycled PooledLambda@dc52a5f> m=0
04-21 19:40:14.850  1635  1635 W Looper  : Slow dispatch took 143ms main h=android.app.ActivityThread$H c=android.app.-$$Lambda$LoadedApk$ReceiverDispatcher$Args$_BumDX2UKsnxLVrE6UJsJZkotuA@c39b7f9 m=0
04-21 19:40:14.872  1635  1712 W AutofillManagerServiceImpl: getFillEventHistory() called by UID 10114, but service UID is 10145
04-21 19:40:14.885  1635  1635 W Looper  : Drained
04-21 19:40:14.976  1635  2884 W NetworkPolicy: shared quota unsupported; generating rule for each iface
04-21 19:40:15.394  1635  1752 W Looper  : Drained
04-21 19:40:16.061  1635  2884 W NetworkPolicy: shared quota unsupported; generating rule for each iface
04-21 19:40:16.564  1635  2884 I chatty  : uid=1000(system) NetworkPolicy identical 2 lines
04-21 19:40:16.988  1635  2884 W NetworkPolicy: shared quota unsupported; generating rule for each iface
04-21 19:40:17.237  1635  3040 E SystemServiceRegistry: Manager wrapper not available: face
04-21 19:40:17.240  1635  1775 I DropBoxManagerService: add tag=system_server_wtf isTagEnabled=true flags=0x2
04-21 19:40:17.341  1635  3040 W SettingsStatsUtil: Can not parse value to float: gps,network
04-21 19:40:17.766  1635  2891 D ConnectivityService: NetReassign [no changes]
04-21 19:40:19.249  1635  1775 W BroadcastQueue: Background execution not allowed: receiving Intent { act=android.intent.action.DROPBOX_ENTRY_ADDED flg=0x10 (has extras) } to com.google.android.gms/.stats.service.DropBoxEntryAddedReceiver
04-21 19:40:19.249  1635  1775 W BroadcastQueue: Background execution not allowed: receiving Intent { act=android.intent.action.DROPBOX_ENTRY_ADDED flg=0x10 (has extras) } to com.google.android.gms/.chimera.GmsIntentOperationService$PersistentTrustedReceiver
04-21 19:40:20.808  1635  2891 D ConnectivityService: NetReassign [no changes]
04-21 19:40:29.870  1635  2891 I chatty  : uid=1000(system) ConnectivitySer identical 3 lines
04-21 19:40:32.908  1635  2891 D ConnectivityService: NetReassign [no changes]
04-21 19:40:34.202  1635 11678 W AutofillManagerServiceImpl: getFillEventHistory() called by UID 10114, but service UID is 10145
04-21 19:40:35.905  1635  2893 D NsdService: mdnssd [start-service]
04-21 19:40:35.908  1635  2893 E NsdService: Failed to execute mdnssd [start-service]
04-21 19:40:35.908  1635  2893 E NsdService: com.android.server.NativeDaemonConnector$NativeDaemonFailureException: command '1 mdnssd start-service' failed with '402 1 Service already running'
04-21 19:40:35.908  1635  2893 E NsdService: 	at com.android.server.NativeDaemonConnector.executeForList(NativeDaemonConnector.java:516)
04-21 19:40:35.908  1635  2893 E NsdService: 	at com.android.server.NativeDaemonConnector.execute(NativeDaemonConnector.java:412)
04-21 19:40:35.908  1635  2893 E NsdService: 	at com.android.server.NativeDaemonConnector.execute(NativeDaemonConnector.java:407)
04-21 19:40:35.908  1635  2893 E NsdService: 	at com.android.server.NsdService$DaemonConnection.execute(NsdService.java:695)
04-21 19:40:35.908  1635  2893 E NsdService: 	at com.android.server.NsdService$DaemonConnection.start(NsdService.java:704)
04-21 19:40:35.908  1635  2893 E NsdService: 	at com.android.server.NsdService$NsdStateMachine$EnabledState.processMessage(NsdService.java:257)
04-21 19:40:35.908  1635  2893 E NsdService: 	at com.android.internal.util.StateMachine$SmHandler.processMsg(StateMachine.java:992)
04-21 19:40:35.908  1635  2893 E NsdService: 	at com.android.internal.util.StateMachine$SmHandler.handleMessage(StateMachine.java:809)
04-21 19:40:35.908  1635  2893 E NsdService: 	at android.os.Handler.dispatchMessage(Handler.java:106)
04-21 19:40:35.908  1635  2893 E NsdService: 	at android.os.Looper.loop(Looper.java:223)
04-21 19:40:35.908  1635  2893 E NsdService: 	at android.os.HandlerThread.run(HandlerThread.java:67)
04-21 19:40:35.908  1635  2893 D NsdService: New client listening to asynchronous messages
04-21 19:40:35.908  1635  2893 D NsdService: New client, channel: com.android.internal.util.AsyncChannel@1462a27 messenger: android.os.Messenger@ce204d4
04-21 19:40:35.916  1635  2891 D ConnectivityService: NetReassign [no changes]
04-21 19:40:36.049  1635  1635 D BluetoothManagerService: Bluetooth Adapter name changed to Imt5TG9bye0AAAAAAAAAATE
04-21 19:40:36.050  1635  1635 D BluetoothManagerService: Stored Bluetooth name: Imt5TG9bye0AAAAAAAAAATE
04-21 19:40:36.544  1635  2893 D NsdService: Register service
04-21 19:40:36.545  1635  2893 D NsdService: registerService: 2 name: Imt5TG9bye0AAA, type: _5BC9ED5E6C75._tcp, host: null, port: 38013, txtRecord: n=MQIPv4=192.168.1.17
04-21 19:40:36.545  1635  2893 D NsdService: mdnssd [register, 2, Imt5TG9bye0AAA, _5BC9ED5E6C75._tcp, 38013, BG49TVERSVB2ND0xOTIuMTY4LjEuMTc=]
04-21 19:40:36.549  1635  2893 D NsdService: Register 2 2
04-21 19:40:37.274  1635  2893 D NsdService: Native daemon message SERVICE_REGISTERED: 606 2 "Imt5TG9bye0AAA"
04-21 19:40:37.290  1635  3040 E AppOps  : attributionTag com.google.android.gms.nearby not declared in manifest of com.google.location.nearby.apps.connectedcrossroad
04-21 19:40:38.931  1635  2891 D ConnectivityService: NetReassign [no changes]
04-21 19:40:40.147  1635  9801 D CompatibilityChangeReporter: Compat change id reported: 135634846; UID 10140; state: DISABLED
04-21 19:40:40.147  1635  1776 D CompatibilityChangeReporter: Compat change id reported: 143937733; UID 10140; state: ENABLED
04-21 19:40:40.172  1635  1776 I ActivityManager: Start proc 27592:com.google.android.apps.wearables.maestro.companion/u0a140 for broadcast {com.google.android.apps.wearables.maestro.companion/com.google.android.apps.wearables.maestro.companion.connectivity.ClassicBTReceiver}
04-21 19:40:40.640  1635 11678 D CompatibilityChangeReporter: Compat change id reported: 135634846; UID 10235; state: DISABLED
04-21 19:40:40.640  1635  1776 D CompatibilityChangeReporter: Compat change id reported: 143937733; UID 10235; state: DISABLED
04-21 19:40:40.662  1635  1776 I ActivityManager: Start proc 27632:com.spotify.music/u0a235 for broadcast {com.spotify.music/com.spotify.mobile.android.spotlets.appprotocol.service.BluetoothAclReceiver}
04-21 19:40:40.958  1635 11678 I Telecom : : Adding new incoming call with phoneAccountHandle ComponentInfo{com.android.phone/com.android.services.telephony.TelephonyConnectionService}, ***, UserHandle{0}: TSI.aNIC@AyE
04-21 19:40:40.969  1635 11678 I Telecom : PhoneAccountRegistrar: getSimCallManager: SimCallManager for subId 3 queried, returning: null: TSI.aNIC@AyE
04-21 19:40:41.013  1635  1635 I Telecom : TelecomSystem: CallerInfoAsyncQuery.startQuery number=*** cookie=TSI.aNIC->CILH.sL->CILH.sL@AyE: TSI.aNIC->CILH.sL@AyE
04-21 19:40:41.023  1635 11678 I Telecom : LogUtils: EventRecord added as Call: [Call id=TC@1, state=NEW, tpac=ComponentInfo{com.android.phone/com.android.services.telephony.TelephonyConnectionService}, ***, UserHandle{0}, cmgr=null, handle=tel:************, vidst=A, childs(0), has_parent(false), cap=[], prop=[]]: TSI.aNIC@AyE
04-21 19:40:41.023  1635 11678 I Telecom : Event: RecordEntry TC@1: CREATED, null: TSI.aNIC@AyE
04-21 19:40:41.028  1635 11678 I Telecom : PhoneAccountRegistrar: getSimCallManager: SimCallManager for subId 3 queried, returning: null: TSI.aNIC@AyE
04-21 19:40:41.029  1635 11678 I Telecom : CreateConnectionProcessor: Trying attempt CallAttemptRecord(ComponentInfo{com.android.phone/com.android.services.telephony.TelephonyConnectionService}, ***, UserHandle{0},ComponentInfo{com.android.phone/com.android.services.telephony.TelephonyConnectionService}, ***, UserHandle{0}): TSI.aNIC@AyE
04-21 19:40:41.033  1635 11678 I Telecom : ConnectionServiceWrapper: createConnection([Call id=TC@1, state=NEW, tpac=ComponentInfo{com.android.phone/com.android.services.telephony.TelephonyConnectionService}, ***, UserHandle{0}, cmgr=ComponentInfo{com.android.phone/com.android.services.telephony.TelephonyConnectionService}, ***, UserHandle{0}, handle=tel:************, vidst=A, childs(0), has_parent(false), cap=[], prop=[]]) via ComponentInfo{com.android.phone/com.android.services.telephony.TelephonyConnectionService}.: TSI.aNIC@AyE
04-21 19:40:41.034  1635 11678 I Telecom : Event: RecordEntry TC@1: BIND_CS, ComponentInfo{com.android.phone/com.android.services.telephony.TelephonyConnectionService}: TSI.aNIC@AyE
04-21 19:40:41.049  1635  1635 I Telecom : ServiceBinderConnection: Service bound ComponentInfo{com.android.phone/com.android.services.telephony.TelephonyConnectionService}: SBC.oSC(cap)@AyI
04-21 19:40:41.050  1635  1635 I Telecom : Event: RecordEntry TC@1: CS_BOUND, ComponentInfo{com.android.phone/com.android.services.telephony.TelephonyConnectionService}: SBC.oSC(cap)@AyI
04-21 19:40:41.053  1635  1635 I Telecom : Event: RecordEntry TC@1: START_CONNECTION, tel:************ via:com.android.phone: SBC.oSC(cap)@AyI
04-21 19:40:41.061  1635  4599 I Telecom : PhoneAccountRegistrar: getSimCallManager: SimCallManager for subId 3 queried, returning: null: (...->CS.aCSA->H.CS.aCSA)->CSW.qRCS(cap)@E-E-AyI
04-21 19:40:41.062  1635  4599 W Telecom : ConnectionServiceWrapper: call provider also detected as SIM call manager: [ConnectionServiceWrapper componentName=ComponentInfo{com.android.phone/com.android.services.telephony.TelephonyConnectionService}]: (...->CS.aCSA->H.CS.aCSA)->CSW.qRCS(cap)@E-E-AyI
04-21 19:40:41.087  1635  1635 I Telecom : CallerInfoLookupHelper: CI query for handle tel:************ has completed; notifying all listeners.: TSI.aNIC->CILH.sL->CILH.oQC@AyE
04-21 19:40:41.087  1635  1635 I Telecom : Call: CallerInfo received for tel:************: android.telecom.CallerInfo@eb35c1b { name null, phoneNumber non-null }: TSI.aNIC->CILH.sL->CILH.oQC@AyE
04-21 19:40:41.087  1635  1635 I Telecom : CallerInfoLookupHelper: There is no photo for this contact, skipping photo query: TSI.aNIC->CILH.sL->CILH.oQC@AyE
04-21 19:40:41.182  1635  1712 I Telecom : Event: RecordEntry TC@1: CAPABILITY_CHANGE, Current: [[ sup_hld mut VTrrx VTrtx VTrbi spd_aud]], Removed [[]], Added [[ sup_hld mut VTrrx VTrtx VTrbi spd_aud]]: (...->CS.crCo->H.CS.crCo->H.CS.crCo.pICR)->CSW.hCCC(cap/cast)@E-E-AyI
04-21 19:40:41.182  1635  1712 I Telecom : Event: RecordEntry TC@1: PROPERTY_CHANGE, Current: [[ HD]], Removed [[]], Added [[ HD]]: (...->CS.crCo->H.CS.crCo->H.CS.crCo.pICR)->CSW.hCCC(cap/cast)@E-E-AyI
04-21 19:40:41.196  1635  1712 W Telecom : AppLabelProxy: Could not determine app label. Package name is null: (...->CS.crCo->H.CS.crCo->H.CS.crCo.pICR)->CSW.hCCC(cap/cast)@E-E-AyI
04-21 19:40:41.206  1635  1712 I Telecom : AppLabelProxy: package com.google.android.dialer: name is Phone: (...->CS.crCo->H.CS.crCo->H.CS.crCo.pICR)->CSW.hCCC(cap/cast)@E-E-AyI
04-21 19:40:41.207  1635  1712 I Telecom : Event: RecordEntry TC@1: FILTERING_INITIATED, null: (...->CS.crCo->H.CS.crCo->H.CS.crCo.pICR)->CSW.hCCC(cap/cast)@E-E-AyI
04-21 19:40:41.208  1635  1712 I Telecom : IncomingCallFilterGraph: Filter com.android.server.telecom.callfiltering.CallFilter@298f066 scheduled.: (...->CS.crCo->H.CS.crCo->H.CS.crCo.pICR)->CSW.hCCC(cap/cast)@E-E-AyI
04-21 19:40:41.209  1635 27680 I Telecom : IncomingCallFilterGraph: Filter com.android.server.telecom.callfiltering.CallFilter@298f066 done, result: [Allow, logged, notified].: (...->CS.crCo->H.CS.crCo->H.CS.crCo.pICR)->CSW.hCCC->ICFG.sF->ICFG.sF(cap/cast)@E-E-AyI
04-21 19:40:41.209  1635 27680 I Telecom : IncomingCallFilterGraph: Filter com.android.server.telecom.callfiltering.DirectToVoicemailFilter@1c00c54 scheduled.: (...->CS.crCo->H.CS.crCo->H.CS.crCo.pICR)->CSW.hCCC->ICFG.sF->ICFG.sF(cap/cast)@E-E-AyI
04-21 19:40:41.209  1635 27680 I Telecom : IncomingCallFilterGraph: Filter com.android.server.telecom.callfiltering.BlockCheckerFilter@f7f07fd scheduled.: (...->CS.crCo->H.CS.crCo->H.CS.crCo.pICR)->CSW.hCCC->ICFG.sF->ICFG.sF(cap/cast)@E-E-AyI
04-21 19:40:41.209  3296  3296 I TelecomFramework: TelephonyConnectionService: notifyCreateConnectionComplete TC@1_1: (...->CSW.hCCC)->CS.crCoC->H.CS.crCoC(cap/cast)@E-E-E-AyI
04-21 19:40:41.209  1635 27680 I Telecom : Event: RecordEntry TC@1: DIRECT_TO_VM_INITIATED, null: (...->CS.crCo->H.CS.crCo->H.CS.crCo.pICR)->CSW.hCCC->ICFG.sF->ICFG.sF->ICFG.sF(cap/cast)@E-E-AyI
04-21 19:40:41.210  1635  1635 I Telecom : TelecomSystem: CallerInfoAsyncQuery.startQuery number=*** cookie=(...->CS.crCo->H.CS.crCo->H.CS.crCo.pICR)->CSW.hCCC->ICFG.sF->ICFG.sF->ICFG.sF->CILH.sL->CILH.sL(cap/cast)@E-E-AyI: (...->CS.crCo->H.CS.crCo->H.CS.crCo.pICR)->CSW.hCCC->ICFG.sF->ICFG.sF->ICFG.sF->CILH.sL(cap/cast)@E-E-AyI
04-21 19:40:41.211  1635 27680 I Telecom : Event: RecordEntry TC@1: BLOCK_CHECK_INITIATED, null: (...->CS.crCo->H.CS.crCo->H.CS.crCo.pICR)->CSW.hCCC->ICFG.sF->ICFG.sF->ICFG.sF(cap/cast)@E-E-AyI
04-21 19:40:41.217  1635 27680 I Telecom : CallerInfoLookupHelper: There is a previously incomplete query for handle tel:************. Adding to listeners for this query.: (...->CS.crCo->H.CS.crCo->H.CS.crCo.pICR)->CSW.hCCC->ICFG.sF->ICFG.sF->ICFG.sF(cap/cast)@E-E-AyI
04-21 19:40:41.236  1635  1635 I Telecom : CallerInfoLookupHelper: CI query for handle tel:************ has completed; notifying all listeners.: (...->CS.crCo->H.CS.crCo->H.CS.crCo.pICR)->CSW.hCCC->ICFG.sF->ICFG.sF->ICFG.sF->CILH.sL->CILH.oQC(cap/cast)@E-E-AyI
04-21 19:40:41.236  1635 27680 I Telecom : IncomingCallFilterGraph: Filter com.android.server.telecom.callfiltering.DirectToVoicemailFilter@1c00c54 done, result: [Allow, logged, notified].: (...->CS.crCo->H.CS.crCo->H.CS.crCo.pICR)->CSW.hCCC->ICFG.sF->ICFG.sF->ICFG.sF->CILH.sL->CILH.oQC->ICFG.sF(cap/cast)@E-E-AyI
04-21 19:40:41.236  1635  1635 I Telecom : Event: RecordEntry TC@1: DIRECT_TO_VM_FINISHED, null: (...->CS.crCo->H.CS.crCo->H.CS.crCo.pICR)->CSW.hCCC->ICFG.sF->ICFG.sF->ICFG.sF->CILH.sL->CILH.oQC(cap/cast)@E-E-AyI
04-21 19:40:41.242  1635  1635 I Telecom : CallerInfoLookupHelper: There is no photo for this contact, skipping photo query: (...->CS.crCo->H.CS.crCo->H.CS.crCo.pICR)->CSW.hCCC->ICFG.sF->ICFG.sF->ICFG.sF->CILH.sL->CILH.oQC(cap/cast)@E-E-AyI
