04-22 09:26:13.374  1635  1776 W ActivityManager: Slow operation: 125ms so far, now at startProcess: returned from zygote!
04-22 09:26:13.374  1635  1776 W ActivityManager: Slow operation: 125ms so far, now at startProcess: done updating battery stats
04-22 09:26:13.374  1635  1776 W ActivityManager: Slow operation: 125ms so far, now at startProcess: building log message
04-22 09:26:13.374  1635  1776 I ActivityManager: Start proc 31166:com.google.android.webview:sandboxed_process0:org.chromium.content.app.SandboxedProcessService0:0/u0i13 for  {com.google.android.gm/org.chromium.content.app.SandboxedProcessService0:0}
04-22 09:26:13.374  1635  1776 W ActivityManager: Slow operation: 125ms so far, now at startProcess: starting to update pids map
04-22 09:26:13.375  1635  1776 W ActivityManager: Slow operation: 125ms so far, now at startProcess: done updating pids map
04-22 09:26:13.471  1635  1775 D CompatibilityChangeReporter: Compat change id reported: 135634846; UID 10208; state: DISABLED
04-22 09:26:13.471  1635  1776 D CompatibilityChangeReporter: Compat change id reported: 143937733; UID 10208; state: DISABLED
04-22 09:26:13.484  1635  1776 I ActivityManager: Start proc 31171:steptracker.healthandfitness.walkingtracker.pedometer:KeeperService/u0a208 for service {steptracker.healthandfitness.walkingtracker.pedometer/com.drojian.servicekeeper.service.EmptyService}
04-22 09:26:13.688  1635  4930 D ConnectivityService: requestNetwork for uid/pid:10184/22727 NetworkRequest [ TRACK_DEFAULT id=748, [ Capabilities: INTERNET&NOT_RESTRICTED&TRUSTED Uid: 10184 AdministratorUids: [] RequestorUid: 10184 RequestorPackageName: com.google.android.gm] ]
04-22 09:26:13.688  1635  2891 D ConnectivityService: NetReassign [748 : null  135]
04-22 09:26:13.690  1635  2891 D ConnectivityService: NetReassign [no changes]
04-22 09:26:13.868  1635 12414 D CompatibilityChangeReporter: Compat change id reported: 136274596; UID 10184; state: ENABLED
04-22 09:26:14.086  1635  2958 D CompatibilityChangeReporter: Compat change id reported: 135634846; UID 10203; state: DISABLED
04-22 09:26:14.087  1635  1776 D CompatibilityChangeReporter: Compat change id reported: 143937733; UID 10203; state: DISABLED
04-22 09:26:14.116  1635  1776 I ActivityManager: Start proc 31229:com.google.android.keep/u0a203 for service {com.google.android.keep/com.google.android.keep.syncadapter.KeepSyncAdapterService}
04-22 09:26:15.102  1635  2891 D ConnectivityService: NetReassign [no changes]
04-22 09:26:16.190  1635  4624 W ActivityManager: Unable to start service Intent { cmp=com.google.android.gm/com.android.email.service.AttachmentService } U=0: not found
04-22 09:26:17.691  1635  1775 W ActivityManager: Stopping service due to app idle: u0a248 -1h19m52s772ms com.facebook.katana/com.facebook.mqttlite.MqttService
04-22 09:26:18.046  1635 12414 D CompatibilityChangeReporter: Compat change id reported: 135634846; UID 10215; state: DISABLED
04-22 09:26:18.046  1635  1776 D CompatibilityChangeReporter: Compat change id reported: 143937733; UID 10215; state: DISABLED
04-22 09:26:18.064  1635  1776 I ActivityManager: Start proc 31522:com.microsoft.emmx:sandboxed_process0:org.chromium.content.app.EdgeSandboxedProcessService0/u0i14 for service {com.microsoft.emmx/org.chromium.content.app.EdgeSandboxedProcessService0}
04-22 09:26:18.125  1635  2891 D ConnectivityService: NetReassign [no changes]
04-22 09:26:18.788  1635  1754 I ActivityTaskManager: START u0 {act=android.intent.action.MAIN cat=[android.intent.category.HOME] flg=0x10000100 cmp=com.google.android.apps.nexuslauncher/.NexusLauncherActivity (has extras)} from uid 0
04-22 09:26:18.950  1635  4612 I ActivityManager: Process com.google.android.apps.authenticator2 (pid 28079) has died: cch+99 CEM 
04-22 09:26:19.187  1635 11490 I ActivityManager: Process android.process.acore (pid 21693) has died: cch+85 CEM 
04-22 09:26:19.224  1635  1712 I ActivityManager: Process com.google.android.apps.wellbeing (pid 21255) has died: cch+85 CEM 
04-22 09:26:19.593  1635  1712 I ActivityManager: Process tv.twitch.android.app (pid 29001) has died: cch+75 CEM 
04-22 09:26:19.678  1635  3038 I ActivityManager: Process com.android.chrome (pid 28742) has died: cch+75 CEM 
04-22 09:26:19.694  1635  3038 I ActivityManager: Process com.google.android.apps.photos (pid 29964) has died: cch+65 CEM 
04-22 09:26:21.071  1635  3038 D CompatibilityChangeReporter: Compat change id reported: 135634846; UID 10215; state: DISABLED
04-22 09:26:21.071  1635  1776 D CompatibilityChangeReporter: Compat change id reported: 143937733; UID 10215; state: DISABLED
04-22 09:26:21.088  1635  1776 I ActivityManager: Start proc 31564:com.microsoft.emmx:sandboxed_process1:org.chromium.content.app.EdgeSandboxedProcessService1/u0i15 for service {com.microsoft.emmx/org.chromium.content.app.EdgeSandboxedProcessService1}
04-22 09:26:21.140  1635  2891 D ConnectivityService: NetReassign [no changes]
04-22 09:26:21.350  1635  3038 D CompatibilityChangeReporter: Compat change id reported: 135634846; UID 10215; state: DISABLED
04-22 09:26:21.353  1635  1776 D CompatibilityChangeReporter: Compat change id reported: 143937733; UID 10215; state: DISABLED
04-22 09:26:21.371  1635  1776 I ActivityManager: Start proc 31585:com.microsoft.emmx:privileged_process0/u0a215 for service {com.microsoft.emmx/org.chromium.content.app.EdgePrivilegedProcessService0}
04-22 09:26:22.044  1635  4614 I ActivityTaskManager: START u0 {act=com.facebook.orca.notify.SECURE_VIEW dat=fb-messenger://user/100001297825937 flg=0x14000000 pkg=com.facebook.orca cmp=com.facebook.orca/com.facebook.messenger.intents.SecureIntentHandlerActivity (has extras)} from uid 10243
04-22 09:26:22.046  1635  4614 W ActivityTaskManager: Activity start request from 10243 stopped
04-22 09:26:22.252  1635  4614 D ConnectivityService: requestNetwork for uid/pid:10215/27420 NetworkRequest [ TRACK_DEFAULT id=750, [ Capabilities: INTERNET&NOT_RESTRICTED&TRUSTED Uid: 10215 AdministratorUids: [] RequestorUid: 10215 RequestorPackageName: com.microsoft.emmx] ]
04-22 09:26:22.253  1635  2891 D ConnectivityService: NetReassign [750 : null  135]
04-22 09:26:22.258  1635  2891 D ConnectivityService: NetReassign [no changes]
04-22 09:26:22.380  1635  3038 D CompatibilityChangeReporter: Compat change id reported: 149924527; UID 10215; state: ENABLED
04-22 09:26:22.382  1635  3038 D CompatibilityChangeReporter: Compat change id reported: 132649864; UID 10215; state: DISABLED
04-22 09:26:23.800  1635  5549 W ActivityTaskManager: Tried to set launchTime (0) < mLastActivityLaunchTime (35811945)
04-22 09:26:23.924  1635  5549 I ActivityTaskManager: START u0 {flg=0x4000000 cmp=com.facebook.orca/com.facebook.messenger.neue.MainActivity (has extras)} from uid 10243
04-22 09:26:24.152  1635  2891 D ConnectivityService: NetReassign [no changes]
04-22 09:26:27.163  1635  2891 D ConnectivityService: NetReassign [no changes]
04-22 09:26:28.124  1635  1713 I DropBoxManagerService: add tag=event_data isTagEnabled=true flags=0x2
04-22 09:26:28.137  1635  1775 W BroadcastQueue: Background execution not allowed: receiving Intent { act=android.intent.action.DROPBOX_ENTRY_ADDED flg=0x10 (has extras) } to com.google.android.gms/.stats.service.DropBoxEntryAddedReceiver
04-22 09:26:28.137  1635  1775 W BroadcastQueue: Background execution not allowed: receiving Intent { act=android.intent.action.DROPBOX_ENTRY_ADDED flg=0x10 (has extras) } to com.google.android.gms/.chimera.GmsIntentOperationService$PersistentTrustedReceiver
04-22 09:26:28.164  1635  3038 I DropBoxManagerService: add tag=dumpsys:account isTagEnabled=true flags=0x2
04-22 09:26:28.168  1635  1775 W BroadcastQueue: Background execution not allowed: receiving Intent { act=android.intent.action.DROPBOX_ENTRY_ADDED flg=0x10 (has extras) } to com.google.android.gms/.stats.service.DropBoxEntryAddedReceiver
04-22 09:26:28.171  1635  1775 W BroadcastQueue: Background execution not allowed: receiving Intent { act=android.intent.action.DROPBOX_ENTRY_ADDED flg=0x10 (has extras) } to com.google.android.gms/.chimera.GmsIntentOperationService$PersistentTrustedReceiver
04-22 09:26:28.249  1635  5549 I DropBoxManagerService: add tag=platform_stats_bookmark isTagEnabled=true flags=0x2
04-22 09:26:28.253  1635  1775 W BroadcastQueue: Background execution not allowed: receiving Intent { act=android.intent.action.DROPBOX_ENTRY_ADDED flg=0x10 (has extras) } to com.google.android.gms/.stats.service.DropBoxEntryAddedReceiver
04-22 09:26:28.254  1635  1775 W BroadcastQueue: Background execution not allowed: receiving Intent { act=android.intent.action.DROPBOX_ENTRY_ADDED flg=0x10 (has extras) } to com.google.android.gms/.chimera.GmsIntentOperationService$PersistentTrustedReceiver
04-22 09:26:30.180  1635  2891 D ConnectivityService: NetReassign [no changes]
04-22 09:26:42.320  1635  2891 I chatty  : uid=1000(system) ConnectivitySer identical 4 lines
04-22 09:26:45.361  1635  2891 D ConnectivityService: NetReassign [no changes]
04-22 09:26:47.441  1635  3038 D ConnectivityService: requestNetwork for uid/pid:10215/27420 NetworkRequest [ TRACK_DEFAULT id=752, [ Capabilities: INTERNET&NOT_RESTRICTED&TRUSTED Uid: 10215 AdministratorUids: [] RequestorUid: 10215 RequestorPackageName: com.microsoft.emmx] ]
04-22 09:26:47.442  1635  2891 D ConnectivityService: NetReassign [752 : null  135]
04-22 09:26:47.447  1635  2891 D ConnectivityService: NetReassign [no changes]
04-22 09:26:48.392  1635  2891 I chatty  : uid=1000(system) ConnectivitySer identical 1 line
04-22 09:26:51.427  1635  2891 D ConnectivityService: NetReassign [no changes]
04-22 09:26:52.674  1635  1713 I ActivityManager: Killing 31522:com.microsoft.emmx:sandboxed_process0:org.chromium.content.app.EdgeSandboxedProcessService0/u0a215i14 (adj 0): isolated not needed
04-22 09:26:54.475  1635  2891 D ConnectivityService: NetReassign [no changes]
04-22 09:27:15.737  1635  2891 I chatty  : uid=1000(system) ConnectivitySer identical 7 lines
04-22 09:27:18.766  1635  2891 D ConnectivityService: NetReassign [no changes]
04-22 09:27:18.831  1635  2884 W NetworkPolicy: shared quota unsupported; generating rule for each iface
04-22 09:27:21.821  1635  2891 D ConnectivityService: NetReassign [no changes]
04-22 09:29:01.800  1635  2891 I chatty  : uid=1000(system) ConnectivitySer identical 33 lines
04-22 09:29:04.830  1635  2891 D ConnectivityService: NetReassign [no changes]
04-22 09:29:07.550  1635  3038 W ActivityManager: Foreground service started from background can not have location/camera/microphone access: service steptracker.healthandfitness.walkingtracker.pedometer/com.drojian.stepcounter.service.CounterService
04-22 09:29:07.556  1635  4614 W ActivityManager: Foreground service started from background can not have location/camera/microphone access: service steptracker.healthandfitness.walkingtracker.pedometer/com.drojian.stepcounter.service.CounterService
04-22 09:29:07.851  1635  2891 D ConnectivityService: NetReassign [no changes]
04-22 09:29:09.674  1635  3038 W ActivityManager: Foreground service started from background can not have location/camera/microphone access: service steptracker.healthandfitness.walkingtracker.pedometer/com.drojian.stepcounter.service.CounterService
04-22 09:29:09.697  1635  1713 W ActivityManager: Foreground service started from background can not have location/camera/microphone access: service steptracker.healthandfitness.walkingtracker.pedometer/com.drojian.stepcounter.service.CounterService
04-22 09:29:10.880  1635  2891 D ConnectivityService: NetReassign [no changes]
04-22 09:29:50.305  1635  2891 I chatty  : uid=1000(system) ConnectivitySer identical 13 lines
04-22 09:29:53.336  1635  2891 D ConnectivityService: NetReassign [no changes]
04-22 09:29:53.953  1635  1771 I UsageStatsService: User[0] Flushing usage stats to disk
04-22 09:29:56.368  1635  2891 D ConnectivityService: NetReassign [no changes]
04-22 09:30:05.464  1635  2891 I chatty  : uid=1000(system) ConnectivitySer identical 3 lines
04-22 09:30:08.498  1635  2891 D ConnectivityService: NetReassign [no changes]
04-22 09:30:11.250  1635  1635 W NotificationHistory: Attempted to add notif for locked/gone/disabled user 0
04-22 09:30:11.250  1635  1635 W Looper  : Slow dispatch took 153ms main h=com.android.server.notification.NotificationManagerService$WorkerHandler c=com.android.server.notification.NotificationManagerService$PostNotificationRunnable@9c7a1ec m=0
04-22 09:30:11.526  1635  2891 D ConnectivityService: NetReassign [no changes]
04-22 09:30:20.612  1635  2891 I chatty  : uid=1000(system) ConnectivitySer identical 3 lines
04-22 09:30:23.649  1635  2891 D ConnectivityService: NetReassign [no changes]
04-22 09:30:24.267  1635  1775 I ActivityManager: Waited long enough for: ServiceRecord{954556e u0 com.google.android.googlequicksearchbox/com.google.android.apps.gsa.shared.util.keepalive.StandaloneKeepAlive$KeepAliveService}
04-22 09:30:26.682  1635  2891 D ConnectivityService: NetReassign [no changes]
04-22 09:30:44.885  1635  2891 I chatty  : uid=1000(system) ConnectivitySer identical 6 lines
04-22 09:30:47.925  1635  2891 D ConnectivityService: NetReassign [no changes]
04-22 09:30:50.357  1635  2884 W NetworkPolicy: shared quota unsupported; generating rule for each iface
04-22 09:30:50.934  1635  2891 D ConnectivityService: NetReassign [no changes]
04-22 09:32:21.876  1635  2891 I chatty  : uid=1000(system) ConnectivitySer identical 30 lines
04-22 09:32:24.913  1635  2891 D ConnectivityService: NetReassign [no changes]
04-22 09:32:26.625  1635  1862 V DisplayPowerController: Brightness [0.05] reason changing to: 'automatic [ dim ]', previous reason: 'automatic'.
04-22 09:32:27.940  1635  2891 D ConnectivityService: NetReassign [no changes]
04-22 09:32:30.971  1635  2891 D ConnectivityService: NetReassign [no changes]
04-22 09:32:33.617  1635  1862 I PowerManagerService: Going to sleep due to timeout (uid 1000)...
04-22 09:32:33.655  1635  4614 D BiometricUtils: isEncrypted: false isLockdown: false
04-22 09:32:33.681  1635  1635 V FingerprintService: startAuthentication(com.android.systemui)
04-22 09:32:33.681  1635  1635 V FingerprintService: starting client AuthenticationClientImpl(com.android.systemui) targetUserId: 0 currentUserId: 0 cookie: 0/0
04-22 09:32:33.712  1635  1635 W FingerprintService: client com.android.systemui is authenticating...
04-22 09:32:33.770  1635  1862 V DisplayPowerController: Brightness [0.29931656] reason changing to: 'automatic', previous reason: 'automatic [ dim ]'.
04-22 09:32:33.993  1635  2891 D ConnectivityService: NetReassign [no changes]
04-22 09:32:34.192  1635  1862 I DisplayPowerController: Blocking screen off
04-22 09:32:34.192  1635  1862 I DisplayPowerController: Unblocked screen off after 1 ms
04-22 09:32:34.216  1635  1862 D ActivityTaskManager: Top Process State changed to PROCESS_STATE_TOP_SLEEPING
04-22 09:32:34.251  1635  1790 D KernelCpuUidUserSysTimeReader: Removing uids 99014-99014
04-22 09:32:34.283  1635  1862 V DisplayPowerController: Brightness [-1.0] reason changing to: 'screen_off', previous reason: 'automatic'.
04-22 09:32:34.287  1635  1756 I DisplayManagerService: Display device changed state: "Built-in Screen", OFF
04-22 09:32:34.450  1635  1862 I DreamManagerService: Entering dreamland.
04-22 09:32:34.451  1635  1862 I PowerManagerService: Dozing...
04-22 09:32:34.451  1635  1752 I DreamController: Starting dream: name=ComponentInfo{com.android.systemui/com.android.systemui.doze.DozeService}, isTest=false, canDoze=true, userId=0
04-22 09:32:34.510  1635  1635 D CompatibilityChangeReporter: Compat change id reported: 135634846; UID 10194; state: DISABLED
04-22 09:32:34.510  1635  1776 D CompatibilityChangeReporter: Compat change id reported: 143937733; UID 10194; state: ENABLED
04-22 09:32:34.528  1635  1776 I ActivityManager: Start proc 31948:com.google.android.apps.docs/u0a194 for service {com.google.android.apps.docs/com.google.android.libraries.internal.growth.growthkit.internal.jobs.impl.GrowthKitJobService}
04-22 09:32:34.551  1635  3046 I ActivityManager: Process com.google.android.partnersetup (pid 30156) has died: cch+99 CEM 
04-22 09:32:34.558  1635  1756 V WindowManager: Orientation start waiting for draw, mDrawState=DRAW_PENDING in Window{b3b0d7 u0 NotificationShade}, surfaceController Surface(name=NotificationShade)/@0xd44e1d
04-22 09:32:34.577  1635  4614 I ActivityManager: Process com.google.android.GoogleCamera (pid 30014) has died: cch+99 CEM 
04-22 09:32:35.453  1635 12414 I ActivityTaskManager: START u0 {flg=0x10000000 cmp=steptracker.healthandfitness.walkingtracker.pedometer/com.drojian.servicekeeper.service.OneActivity} from uid 10208
04-22 09:32:35.454  1635 12414 W ActivityTaskManager: Background activity start [callingPackage: steptracker.healthandfitness.walkingtracker.pedometer; callingUid: 10208; isCallingUidForeground: false; callingUidHasAnyVisibleWindow: false; callingUidProcState: FOREGROUND_SERVICE; isCallingUidPersistentSystemProcess: false; realCallingUid: 10208; isRealCallingUidForeground: false; realCallingUidHasAnyVisibleWindow: false; realCallingUidProcState: FOREGROUND_SERVICE; isRealCallingUidPersistentSystemProcess: false; originatingPendingIntent: null; isBgStartWhitelisted: false; intent: Intent { flg=0x10000000 cmp=steptracker.healthandfitness.walkingtracker.pedometer/com.drojian.servicekeeper.service.OneActivity }; callerApp: ProcessRecord{7a2a5f8 15007:steptracker.healthandfitness.walkingtracker.pedometer/u0a208}]
04-22 09:32:35.456  1635 12414 E ActivityTaskManager: Abort background activity starts from 10208
04-22 09:32:35.550  1635  3045 W ActivityManager: Foreground service started from background can not have location/camera/microphone access: service steptracker.healthandfitness.walkingtracker.pedometer/com.drojian.stepcounter.service.CounterService
04-22 09:32:35.649  1635 11490 D ConnectivityService: Returning UNBLOCKED NetworkInfo to uid=10194
04-22 09:32:36.616  1635  4614 D CompatibilityChangeReporter: Compat change id reported: 135634846; UID 10143; state: DISABLED
04-22 09:32:36.617  1635  1776 D CompatibilityChangeReporter: Compat change id reported: 143937733; UID 10143; state: DISABLED
04-22 09:32:36.639  1635  1776 I ActivityManager: Start proc 32084:com.google.android.euicc/u0a143 for service {com.google.android.euicc/com.android.euicc.service.EuiccServiceImpl}
04-22 09:32:36.800  1635  1752 W Looper  : Slow delivery took 213ms android.fg h=android.os.Handler c=<recycled PooledLambda@dbe0e63> m=0
04-22 09:32:36.825  1635 12414 I ActivityManager: Process com.instagram.android (pid 27946) has died: cch+99 CEM 
04-22 09:32:36.922  1635  1752 W Looper  : Drained
04-22 09:32:37.122  1635  1635 W Looper  : Slow dispatch took 568ms main h=android.app.ActivityThread$H c=android.app.-$$Lambda$LoadedApk$ReceiverDispatcher$Args$_BumDX2UKsnxLVrE6UJsJZkotuA@2af60cd m=0
04-22 09:32:37.122  1635  1635 W Looper  : Slow delivery took 567ms main h=android.app.ActivityThread$H c=android.app.-$$Lambda$LoadedApk$ReceiverDispatcher$Args$_BumDX2UKsnxLVrE6UJsJZkotuA@fb8dd82 m=0
04-22 09:32:37.139  1635  1752 D CompatibilityChangeReporter: Compat change id reported: 135634846; UID 10081; state: DISABLED
04-22 09:32:37.139  1635  1776 D CompatibilityChangeReporter: Compat change id reported: 143937733; UID 10081; state: DISABLED
04-22 09:32:37.168  1635  1776 I ActivityManager: Start proc 32129:com.google.android.permissioncontroller/u0a81 for service {com.google.android.permissioncontroller/com.android.permissioncontroller.permission.service.PermissionControllerServiceImpl}
04-22 09:32:37.214  1635  2881 D CompatibilityChangeReporter: Compat change id reported: 135634846; UID 10063; state: DISABLED
04-22 09:32:37.215  1635  1776 D CompatibilityChangeReporter: Compat change id reported: 143937733; UID 10063; state: ENABLED
04-22 09:32:37.249  1635  1776 I ActivityManager: Start proc 32151:android.process.acore/u0a63 for content provider {com.android.providers.contacts/com.android.providers.contacts.ContactsProvider2}
04-22 09:32:37.583  1635  1635 W Looper  : Slow dispatch took 447ms main h=android.app.ActivityThread$H c=android.app.-$$Lambda$LoadedApk$ReceiverDispatcher$Args$_BumDX2UKsnxLVrE6UJsJZkotuA@e7ed147 m=0
04-22 09:32:37.587  1635  1635 I Telecom : DefaultDialerCache: Refreshing default dialer for user 0: now com.google.android.dialer: DDC.oR@BLw
04-22 09:32:37.592  1635  1635 W Looper  : Drained
04-22 09:32:37.764 32151 32151 D ActivityThread: Loading provider contacts;com.android.contacts: com.android.providers.contacts.ContactsProvider2
04-22 09:32:38.198  1635  4614 D ConnectivityService: Returning BLOCKED NetworkInfo to uid=10194
04-22 09:32:39.217  1635  1756 W ActivityTaskManager: Sleep timeout!  Sleeping now.
04-22 09:33:07.996  1635  4614 D ConnectivityService: Returning UNBLOCKED NetworkInfo to uid=10172
04-22 09:33:08.298  1635  4614 D ConnectivityService: requestNetwork for uid/pid:10172/31015 NetworkRequest [ TRACK_DEFAULT id=754, [ Capabilities: INTERNET&NOT_RESTRICTED&TRUSTED Uid: 10172 AdministratorUids: [] RequestorUid: 10172 RequestorPackageName: com.google.android.calendar] ]
04-22 09:33:08.298  1635  2891 D ConnectivityService: NetReassign [754 : null  135]
04-22 09:33:08.302  1635  2891 D ConnectivityService: NetReassign [no changes]
04-22 09:33:08.429  1635  1790 V BatteryExternalStatsWorker: WiFi energy data was reset, new WiFi energy data is WifiActivityEnergyInfo{ mTimeSinceBootMillis=101095991 mStackState=3 mControllerTxDurationMillis=0 mControllerRxDurationMillis=0 mControllerScanDurationMillis=0 mControllerIdleDurationMillis=0 mControllerEnergyUsedMicroJoules=0 }
04-22 09:34:41.736  1635  1635 W Looper  : Slow dispatch took 459ms main h=android.app.ActivityThread$H c=android.app.LoadedApk$ServiceDispatcher$RunConnection@759f0e4 m=0
04-22 09:34:41.782  1635  1635 D CompatibilityChangeReporter: Compat change id reported: 135634846; UID 10224; state: DISABLED
04-22 09:34:41.782  1635  1776 D CompatibilityChangeReporter: Compat change id reported: 143937733; UID 10224; state: ENABLED
04-22 09:34:41.806  1635  1776 I ActivityManager: Start proc 32253:com.google.android.apps.shopping.express/u0a224 for service {com.google.android.apps.shopping.express/com.google.android.libraries.internal.growth.growthkit.internal.jobs.impl.GrowthKitJobService}
04-22 09:34:42.154  1635  9190 D ConnectivityService: requestNetwork for uid/pid:10224/32253 NetworkRequest [ TRACK_DEFAULT id=756, [ Capabilities: INTERNET&NOT_RESTRICTED&TRUSTED Uid: 10224 AdministratorUids: [] RequestorUid: 10224 RequestorPackageName: com.google.android.apps.shopping.express] ]
04-22 09:34:42.155  1635  2891 D ConnectivityService: NetReassign [756 : null  135]
04-22 09:34:42.246  1635 11490 D ConnectivityService: requestNetwork for uid/pid:10224/32253 NetworkRequest [ TRACK_DEFAULT id=757, [ Capabilities: INTERNET&NOT_RESTRICTED&TRUSTED Uid: 10224 AdministratorUids: [] RequestorUid: 10224 RequestorPackageName: com.google.android.apps.shopping.express] ]
04-22 09:34:42.247  1635  2891 D ConnectivityService: NetReassign [757 : null  135]
04-22 09:34:42.532  1635  4614 D ConnectivityService: requestNetwork for uid/pid:10224/32253 NetworkRequest [ TRACK_DEFAULT id=758, [ Capabilities: INTERNET&NOT_RESTRICTED&TRUSTED Uid: 10224 AdministratorUids: [] RequestorUid: 10224 RequestorPackageName: com.google.android.apps.shopping.express] ]
04-22 09:34:42.533  1635  2891 D ConnectivityService: NetReassign [758 : null  135]
04-22 09:34:42.536  1635  2891 D ConnectivityService: NetReassign [no changes]
04-22 09:34:42.912  1635  2891 D ConnectivityService: releasing NetworkRequest [ TRACK_DEFAULT id=757, [ Capabilities: INTERNET&NOT_RESTRICTED&TRUSTED Uid: 10224 AdministratorUids: [] RequestorUid: 10224 RequestorPackageName: com.google.android.apps.shopping.express] ] (release request)
04-22 09:34:43.336  1635  1635 I Telecom : DefaultDialerCache: Refreshing default dialer for user 0: now com.google.android.dialer: DDC.oR@BMc
04-22 09:34:43.508  1635  1752 W Looper  : Slow delivery took 200ms android.fg h=android.os.Handler c=<recycled PooledLambda@8769a62> m=0
04-22 09:34:43.605  1635  1752 W Looper  : Drained
04-22 09:36:38.300  1635  2881 D ConnectivityService: Returning BLOCKED NetworkInfo to uid=10243
04-22 09:36:38.428  1635  3048 D ConnectivityService: Returning BLOCKED NetworkInfo to uid=10248
04-22 09:37:23.867  1635  1974 I PowerManagerService: Waking up from Dozing (uid=1000, reason=WAKE_REASON_POWER_BUTTON, details=android.policy:POWER)...
04-22 09:37:23.882  1635  1862 I DisplayPowerController: Blocking screen on until initial contents have been drawn.
04-22 09:37:23.887  1635  1974 I WindowManager: Suppressed redundant power key press while already in the process of turning the screen on.
04-22 09:37:23.919  1635  1862 V DisplayPowerController: Brightness [0.29931656] reason changing to: 'manual', previous reason: 'screen_off'.
04-22 09:37:23.920  1635  1756 I DisplayManagerService: Display device changed state: "Built-in Screen", ON
04-22 09:37:23.947  1635  3048 W ActivityManager: Background start not allowed: service Intent { act=Orca.PERSISTENT_KICK_SKIP_PING cmp=com.facebook.katana/com.facebook.mqttlite.MqttService (has extras) } to com.facebook.katana/com.facebook.mqttlite.MqttService from pid=25018 uid=10248 pkg=com.facebook.katana startFg?=false
04-22 09:37:23.960  1635  1862 I DisplayPowerController: Unblocked screen on after 78 ms
04-22 09:37:24.040  1635  1775 W BroadcastQueue: Background execution not allowed: receiving Intent { act=android.net.wifi.RSSI_CHANGED flg=0x4000010 (has extras) } to com.jaga.ibraceletplus.smartwristband3/com.yc.pedometer.remind.GloryFitBootReceiver
04-22 09:37:24.086  1635  1712 D ConnectivityService: Returning BLOCKED NetworkInfo to uid=10191
04-22 09:37:24.106  1635  1862 W PowerManagerService: Screen on took 343 ms
04-22 09:37:24.106  1635  1862 I DreamManagerService: Gently waking up from dream.
04-22 09:37:24.106  1635  1752 I DreamManagerService: Performing gentle wake from dream.
04-22 09:37:24.154  1635  1712 I DreamManagerService: Leaving dreamland.
04-22 09:37:24.154  1635  1752 I DreamManagerService: Performing gentle wake from dream.
04-22 09:37:24.154  1635  1752 I DreamController: Stopping dream: name=ComponentInfo{com.android.systemui/com.android.systemui.doze.DozeService}, isTest=false, canDoze=true, userId=0, reason='finished self'(from 'requested stopDream')
04-22 09:37:24.173  1635  2891 D Nat464Xlat: clatd running, updating NAI for v4-rmnet_data2
04-22 09:37:24.182  1635  1862 V DisplayPowerController: Brightness [0.32648128] reason changing to: 'automatic', previous reason: 'manual'.
04-22 09:37:24.210  1635 12312 I SoundTriggerService: deleteSoundModel(): id = 9f6ad62a-1f0b-11e7-87c5-40a8f03d3f15
04-22 09:37:24.210  1635 12312 W SoundTriggerHelper: Unload error: Attempting unload invalid generic model with id:9f6ad62a-1f0b-11e7-87c5-40a8f03d3f15
04-22 09:37:24.210  1635 12312 E SoundTriggerService: error onStop(): Model 9f6ad62a-1f0b-11e7-87c5-40a8f03d3f15 has no stats available
04-22 09:37:24.229  1635  2891 D Nat464Xlat: clatd running, updating NAI for v4-rmnet_data2
04-22 09:37:24.330  1635  2891 D ConnectivityService: NetReassign [no changes]
04-22 09:37:24.386  1635  1790 V BatteryExternalStatsWorker: WiFi energy data was reset, new WiFi energy data is WifiActivityEnergyInfo{ mTimeSinceBootMillis=101351938 mStackState=3 mControllerTxDurationMillis=0 mControllerRxDurationMillis=0 mControllerScanDurationMillis=0 mControllerIdleDurationMillis=0 mControllerEnergyUsedMicroJoules=0 }
04-22 09:37:26.319  1635  1974 D WindowManager: powerPress: eventTime=36281017 interactive=true count=1 beganFromNonInteractive=false mShortPressOnPowerBehavior=1
04-22 09:37:26.319  1635  1974 I PowerManagerService: Going to sleep due to power_button (uid 1000)...
04-22 09:37:26.822  1635  1862 I DisplayPowerController: Blocking screen off
04-22 09:37:26.822  1635  1862 I DisplayPowerController: Unblocked screen off after 1 ms
04-22 09:37:26.880  1635  1862 V DisplayPowerController: Brightness [-1.0] reason changing to: 'screen_off', previous reason: 'automatic'.
04-22 09:37:26.881  1635  1756 I DisplayManagerService: Display device changed state: "Built-in Screen", OFF
04-22 09:37:27.059  1635  1862 I DreamManagerService: Entering dreamland.
04-22 09:37:27.061  1635  1862 I PowerManagerService: Dozing...
04-22 09:37:27.062  1635  1752 I DreamController: Starting dream: name=ComponentInfo{com.android.systemui/com.android.systemui.doze.DozeService}, isTest=false, canDoze=true, userId=0
04-22 09:37:27.068  1635  2891 D ConnectivityService: NetReassign [no changes]
04-22 09:37:27.269  1635 12312 I ActivityTaskManager: START u0 {flg=0x10000000 cmp=steptracker.healthandfitness.walkingtracker.pedometer/com.drojian.servicekeeper.service.OneActivity} from uid 10208
04-22 09:37:27.269  1635 12312 W ActivityTaskManager: Background activity start [callingPackage: steptracker.healthandfitness.walkingtracker.pedometer; callingUid: 10208; isCallingUidForeground: false; callingUidHasAnyVisibleWindow: false; callingUidProcState: FOREGROUND_SERVICE; isCallingUidPersistentSystemProcess: false; realCallingUid: 10208; isRealCallingUidForeground: false; realCallingUidHasAnyVisibleWindow: false; realCallingUidProcState: FOREGROUND_SERVICE; isRealCallingUidPersistentSystemProcess: false; originatingPendingIntent: null; isBgStartWhitelisted: false; intent: Intent { flg=0x10000000 cmp=steptracker.healthandfitness.walkingtracker.pedometer/com.drojian.servicekeeper.service.OneActivity }; callerApp: ProcessRecord{7a2a5f8 15007:steptracker.healthandfitness.walkingtracker.pedometer/u0a208}]
04-22 09:37:27.270  1635 12312 E ActivityTaskManager: Abort background activity starts from 10208
04-22 09:37:27.734  1635 12312 W ActivityManager: Foreground service started from background can not have location/camera/microphone access: service steptracker.healthandfitness.walkingtracker.pedometer/com.drojian.stepcounter.service.CounterService
04-22 09:37:27.767  1635 11490 W ActivityManager: Foreground service started from background can not have location/camera/microphone access: service steptracker.healthandfitness.walkingtracker.pedometer/com.drojian.stepcounter.service.CounterService
04-22 09:37:43.009  1635 11490 I chatty  : uid=1000(system) Binder:1635_1D identical 3 lines
04-22 09:37:52.581  1635 11490 W ActivityManager: Foreground service started from background can not have location/camera/microphone access: service steptracker.healthandfitness.walkingtracker.pedometer/com.drojian.stepcounter.service.CounterService
04-22 09:38:43.040  1635  3048 W ActivityManager: Foreground service started from background can not have location/camera/microphone access: service steptracker.healthandfitness.walkingtracker.pedometer/com.drojian.stepcounter.service.CounterService
04-22 09:39:24.694  1635  1635 W Looper  : Slow delivery took 368ms main h=com.android.server.notification.NotificationManagerService$WorkerHandler c=com.android.server.notification.NotificationManagerService$PostNotificationRunnable@2f36abc m=0
04-22 09:39:24.724  1635  1635 W Looper  : Drained
04-22 09:39:54.969  1635  1635 V FingerprintService: Acquired: 7 0
04-22 09:39:55.050  1635  1635 V FingerprintService: Acquired: 5 0
04-22 09:39:59.597  1635 11490 I PowerManagerService: Waking up from Dozing (uid=10158, reason=WAKE_REASON_GESTURE, details=com.android.systemui:NODOZE)...
04-22 09:39:59.617  1635  1862 I DisplayPowerController: Blocking screen on until initial contents have been drawn.
04-22 09:39:59.660  1635  1862 V DisplayPowerController: Brightness [0.32648128] reason changing to: 'manual', previous reason: 'screen_off'.
04-22 09:39:59.662  1635  1756 I DisplayManagerService: Display device changed state: "Built-in Screen", ON
04-22 09:39:59.680  1635  3048 W ActivityManager: Background start not allowed: service Intent { act=Orca.PERSISTENT_KICK_SKIP_PING cmp=com.facebook.katana/com.facebook.mqttlite.MqttService (has extras) } to com.facebook.katana/com.facebook.mqttlite.MqttService from pid=25018 uid=10248 pkg=com.facebook.katana startFg?=false
04-22 09:39:59.744  1635  1862 I DisplayPowerController: Unblocked screen on after 128 ms
04-22 09:39:59.770  1635  1775 W BroadcastQueue: Background execution not allowed: receiving Intent { act=android.net.wifi.RSSI_CHANGED flg=0x4000010 (has extras) } to com.jaga.ibraceletplus.smartwristband3/com.yc.pedometer.remind.GloryFitBootReceiver
04-22 09:39:59.783  1635  1862 V DisplayPowerController: Brightness [0.18530677] reason changing to: 'automatic', previous reason: 'manual'.
04-22 09:39:59.806  1635  2891 D Nat464Xlat: clatd running, updating NAI for v4-rmnet_data2
04-22 09:39:59.818  1635 12312 I SoundTriggerService: deleteSoundModel(): id = 9f6ad62a-1f0b-11e7-87c5-40a8f03d3f15
04-22 09:39:59.818  1635 12312 W SoundTriggerHelper: Unload error: Attempting unload invalid generic model with id:9f6ad62a-1f0b-11e7-87c5-40a8f03d3f15
04-22 09:39:59.818  1635 12312 E SoundTriggerService: error onStop(): Model 9f6ad62a-1f0b-11e7-87c5-40a8f03d3f15 has no stats available
04-22 09:39:59.859  1635  1862 W PowerManagerService: Screen on took 262 ms
04-22 09:39:59.859  1635  1862 I DreamManagerService: Gently waking up from dream.
04-22 09:39:59.859  1635  1752 I DreamManagerService: Performing gentle wake from dream.
04-22 09:39:59.916  1635  2881 I DreamManagerService: Leaving dreamland.
04-22 09:39:59.916  1635  1752 I DreamManagerService: Performing gentle wake from dream.
04-22 09:39:59.916  1635  1752 I DreamController: Stopping dream: name=ComponentInfo{com.android.systemui/com.android.systemui.doze.DozeService}, isTest=false, canDoze=true, userId=0, reason='finished self'(from 'requested stopDream')
04-22 09:39:59.925  1635  2891 D ConnectivityService: NetReassign [no changes]
04-22 09:40:02.794  1635  2891 D ConnectivityService: NetReassign [no changes]
04-22 09:40:03.385  1635  3048 W ActivityManager: Foreground service started from background can not have location/camera/microphone access: service steptracker.healthandfitness.walkingtracker.pedometer/com.drojian.stepcounter.service.CounterService
04-22 09:40:03.464  1635  9190 W ActivityManager: Foreground service started from background can not have location/camera/microphone access: service steptracker.healthandfitness.walkingtracker.pedometer/com.drojian.stepcounter.service.CounterService
04-22 09:40:03.578  1635  9190 W ActivityManager: Foreground service started from background can not have location/camera/microphone access: service steptracker.healthandfitness.walkingtracker.pedometer/com.drojian.stepcounter.service.CounterService
04-22 09:40:03.688  1635  2881 W ActivityManager: Foreground service started from background can not have location/camera/microphone access: service steptracker.healthandfitness.walkingtracker.pedometer/com.drojian.stepcounter.service.CounterService
04-22 09:40:03.796  1635  2881 I chatty  : uid=1000(system) Binder:1635_3 identical 1 line
04-22 09:40:03.904  1635  2881 W ActivityManager: Foreground service started from background can not have location/camera/microphone access: service steptracker.healthandfitness.walkingtracker.pedometer/com.drojian.stepcounter.service.CounterService
04-22 09:40:04.014  1635  3048 W ActivityManager: Foreground service started from background can not have location/camera/microphone access: service steptracker.healthandfitness.walkingtracker.pedometer/com.drojian.stepcounter.service.CounterService
04-22 09:40:04.121  1635  9190 W ActivityManager: Foreground service started from background can not have location/camera/microphone access: service steptracker.healthandfitness.walkingtracker.pedometer/com.drojian.stepcounter.service.CounterService
04-22 09:40:04.230  1635  3038 W ActivityManager: Foreground service started from background can not have location/camera/microphone access: service steptracker.healthandfitness.walkingtracker.pedometer/com.drojian.stepcounter.service.CounterService
04-22 09:40:04.339  1635  3038 W ActivityManager: Foreground service started from background can not have location/camera/microphone access: service steptracker.healthandfitness.walkingtracker.pedometer/com.drojian.stepcounter.service.CounterService
04-22 09:40:04.447  1635  2881 W ActivityManager: Foreground service started from background can not have location/camera/microphone access: service steptracker.healthandfitness.walkingtracker.pedometer/com.drojian.stepcounter.service.CounterService
04-22 09:40:04.556  1635  9190 W ActivityManager: Foreground service started from background can not have location/camera/microphone access: service steptracker.healthandfitness.walkingtracker.pedometer/com.drojian.stepcounter.service.CounterService
04-22 09:40:04.663  1635  3048 W ActivityManager: Foreground service started from background can not have location/camera/microphone access: service steptracker.healthandfitness.walkingtracker.pedometer/com.drojian.stepcounter.service.CounterService
04-22 09:40:04.771  1635  3038 W ActivityManager: Foreground service started from background can not have location/camera/microphone access: service steptracker.healthandfitness.walkingtracker.pedometer/com.drojian.stepcounter.service.CounterService
04-22 09:40:04.880  1635  3038 W ActivityManager: Foreground service started from background can not have location/camera/microphone access: service steptracker.healthandfitness.walkingtracker.pedometer/com.drojian.stepcounter.service.CounterService
04-22 09:40:04.989  1635  3048 W ActivityManager: Foreground service started from background can not have location/camera/microphone access: service steptracker.healthandfitness.walkingtracker.pedometer/com.drojian.stepcounter.service.CounterService
04-22 09:40:05.098  1635  9190 W ActivityManager: Foreground service started from background can not have location/camera/microphone access: service steptracker.healthandfitness.walkingtracker.pedometer/com.drojian.stepcounter.service.CounterService
04-22 09:40:05.206  1635  9190 W ActivityManager: Foreground service started from background can not have location/camera/microphone access: service steptracker.healthandfitness.walkingtracker.pedometer/com.drojian.stepcounter.service.CounterService
04-22 09:40:05.315  1635  3038 W ActivityManager: Foreground service started from background can not have location/camera/microphone access: service steptracker.healthandfitness.walkingtracker.pedometer/com.drojian.stepcounter.service.CounterService
04-22 09:40:05.424  1635  9190 W ActivityManager: Foreground service started from background can not have location/camera/microphone access: service steptracker.healthandfitness.walkingtracker.pedometer/com.drojian.stepcounter.service.CounterService
04-22 09:40:05.534  1635  9190 W ActivityManager: Foreground service started from background can not have location/camera/microphone access: service steptracker.healthandfitness.walkingtracker.pedometer/com.drojian.stepcounter.service.CounterService
04-22 09:40:05.641  1635  3048 W ActivityManager: Foreground service started from background can not have location/camera/microphone access: service steptracker.healthandfitness.walkingtracker.pedometer/com.drojian.stepcounter.service.CounterService
04-22 09:40:05.747  1635  4614 W ActivityManager: Foreground service started from background can not have location/camera/microphone access: service steptracker.healthandfitness.walkingtracker.pedometer/com.drojian.stepcounter.service.CounterService
04-22 09:40:05.812  1635  2891 D ConnectivityService: NetReassign [no changes]
04-22 09:40:05.853  1635  2881 W ActivityManager: Foreground service started from background can not have location/camera/microphone access: service steptracker.healthandfitness.walkingtracker.pedometer/com.drojian.stepcounter.service.CounterService
04-22 09:40:05.963  1635  4614 W ActivityManager: Foreground service started from background can not have location/camera/microphone access: service steptracker.healthandfitness.walkingtracker.pedometer/com.drojian.stepcounter.service.CounterService
04-22 09:40:06.074  1635  4614 W ActivityManager: Foreground service started from background can not have location/camera/microphone access: service steptracker.healthandfitness.walkingtracker.pedometer/com.drojian.stepcounter.service.CounterService
04-22 09:40:06.184  1635  3038 W ActivityManager: Foreground service started from background can not have location/camera/microphone access: service steptracker.healthandfitness.walkingtracker.pedometer/com.drojian.stepcounter.service.CounterService
04-22 09:40:06.295  1635  3038 W ActivityManager: Foreground service started from background can not have location/camera/microphone access: service steptracker.healthandfitness.walkingtracker.pedometer/com.drojian.stepcounter.service.CounterService
04-22 09:40:06.404  1635  3045 W ActivityManager: Foreground service started from background can not have location/camera/microphone access: service steptracker.healthandfitness.walkingtracker.pedometer/com.drojian.stepcounter.service.CounterService
04-22 09:40:06.515  1635  3038 W ActivityManager: Foreground service started from background can not have location/camera/microphone access: service steptracker.healthandfitness.walkingtracker.pedometer/com.drojian.stepcounter.service.CounterService
04-22 09:40:06.517  1635  1775 E NotificationService: Package enqueue rate is 5.3203626. Shedding 0|steptracker.healthandfitness.walkingtracker.pedometer|1|null|10208. package=steptracker.healthandfitness.walkingtracker.pedometer
04-22 09:40:06.628  1635  3038 W ActivityManager: Foreground service started from background can not have location/camera/microphone access: service steptracker.healthandfitness.walkingtracker.pedometer/com.drojian.stepcounter.service.CounterService
04-22 09:40:06.742  1635  2881 W ActivityManager: Foreground service started from background can not have location/camera/microphone access: service steptracker.healthandfitness.walkingtracker.pedometer/com.drojian.stepcounter.service.CounterService
04-22 09:40:06.856  1635  2881 I chatty  : uid=1000(system) Binder:1635_3 identical 1 line
04-22 09:40:06.974  1635  2881 W ActivityManager: Foreground service started from background can not have location/camera/microphone access: service steptracker.healthandfitness.walkingtracker.pedometer/com.drojian.stepcounter.service.CounterService
04-22 09:40:07.088  1635  4614 W ActivityManager: Foreground service started from background can not have location/camera/microphone access: service steptracker.healthandfitness.walkingtracker.pedometer/com.drojian.stepcounter.service.CounterService
04-22 09:40:07.198  1635  3038 W ActivityManager: Foreground service started from background can not have location/camera/microphone access: service steptracker.healthandfitness.walkingtracker.pedometer/com.drojian.stepcounter.service.CounterService
04-22 09:40:07.308  1635  2881 W ActivityManager: Foreground service started from background can not have location/camera/microphone access: service steptracker.healthandfitness.walkingtracker.pedometer/com.drojian.stepcounter.service.CounterService
04-22 09:40:07.423  1635  3045 W ActivityManager: Foreground service started from background can not have location/camera/microphone access: service steptracker.healthandfitness.walkingtracker.pedometer/com.drojian.stepcounter.service.CounterService
04-22 09:40:07.550  1635  3045 W ActivityManager: Foreground service started from background can not have location/camera/microphone access: service steptracker.healthandfitness.walkingtracker.pedometer/com.drojian.stepcounter.service.CounterService
04-22 09:40:07.669  1635  4614 W ActivityManager: Foreground service started from background can not have location/camera/microphone access: service steptracker.healthandfitness.walkingtracker.pedometer/com.drojian.stepcounter.service.CounterService
04-22 09:40:07.781  1635  2881 W ActivityManager: Foreground service started from background can not have location/camera/microphone access: service steptracker.healthandfitness.walkingtracker.pedometer/com.drojian.stepcounter.service.CounterService
04-22 09:40:07.891  1635  2881 W ActivityManager: Foreground service started from background can not have location/camera/microphone access: service steptracker.healthandfitness.walkingtracker.pedometer/com.drojian.stepcounter.service.CounterService
04-22 09:40:07.916  1635  1862 V DisplayPowerController: Brightness [0.05] reason changing to: 'automatic [ dim ]', previous reason: 'automatic'.
04-22 09:40:08.002  1635  4614 W ActivityManager: Foreground service started from background can not have location/camera/microphone access: service steptracker.healthandfitness.walkingtracker.pedometer/com.drojian.stepcounter.service.CounterService
04-22 09:40:08.111  1635  4614 W ActivityManager: Foreground service started from background can not have location/camera/microphone access: service steptracker.healthandfitness.walkingtracker.pedometer/com.drojian.stepcounter.service.CounterService
04-22 09:40:08.230  1635  3038 W ActivityManager: Foreground service started from background can not have location/camera/microphone access: service steptracker.healthandfitness.walkingtracker.pedometer/com.drojian.stepcounter.service.CounterService
04-22 09:40:08.349  1635  3038 I chatty  : uid=1000(system) Binder:1635_4 identical 1 line
04-22 09:40:08.460  1635  3038 W ActivityManager: Foreground service started from background can not have location/camera/microphone access: service steptracker.healthandfitness.walkingtracker.pedometer/com.drojian.stepcounter.service.CounterService
04-22 09:40:08.572  1635  2881 W ActivityManager: Foreground service started from background can not have location/camera/microphone access: service steptracker.healthandfitness.walkingtracker.pedometer/com.drojian.stepcounter.service.CounterService
04-22 09:40:08.680  1635  3045 W ActivityManager: Foreground service started from background can not have location/camera/microphone access: service steptracker.healthandfitness.walkingtracker.pedometer/com.drojian.stepcounter.service.CounterService
04-22 09:40:08.793  1635  3045 W ActivityManager: Foreground service started from background can not have location/camera/microphone access: service steptracker.healthandfitness.walkingtracker.pedometer/com.drojian.stepcounter.service.CounterService
04-22 09:40:08.834  1635  2891 D ConnectivityService: NetReassign [no changes]
04-22 09:40:08.913  1635  4614 W ActivityManager: Foreground service started from background can not have location/camera/microphone access: service steptracker.healthandfitness.walkingtracker.pedometer/com.drojian.stepcounter.service.CounterService
04-22 09:40:09.038  1635  4614 I chatty  : uid=1000(system) Binder:1635_10 identical 1 line
04-22 09:40:09.152  1635  4614 W ActivityManager: Foreground service started from background can not have location/camera/microphone access: service steptracker.healthandfitness.walkingtracker.pedometer/com.drojian.stepcounter.service.CounterService
04-22 09:40:09.262  1635  3038 W ActivityManager: Foreground service started from background can not have location/camera/microphone access: service steptracker.healthandfitness.walkingtracker.pedometer/com.drojian.stepcounter.service.CounterService
04-22 09:40:09.375  1635  2881 W ActivityManager: Foreground service started from background can not have location/camera/microphone access: service steptracker.healthandfitness.walkingtracker.pedometer/com.drojian.stepcounter.service.CounterService
04-22 09:40:09.489  1635  4614 W ActivityManager: Foreground service started from background can not have location/camera/microphone access: service steptracker.healthandfitness.walkingtracker.pedometer/com.drojian.stepcounter.service.CounterService
04-22 09:40:09.609  1635  4614 W ActivityManager: Foreground service started from background can not have location/camera/microphone access: service steptracker.healthandfitness.walkingtracker.pedometer/com.drojian.stepcounter.service.CounterService
04-22 09:40:09.725  1635  3038 W ActivityManager: Foreground service started from background can not have location/camera/microphone access: service steptracker.healthandfitness.walkingtracker.pedometer/com.drojian.stepcounter.service.CounterService
04-22 09:40:09.837  1635  2881 W ActivityManager: Foreground service started from background can not have location/camera/microphone access: service steptracker.healthandfitness.walkingtracker.pedometer/com.drojian.stepcounter.service.CounterService
04-22 09:40:09.914  1635  1862 I PowerManagerService: Going to sleep due to timeout (uid 1000)...
04-22 09:40:09.945  1635  3038 W ActivityManager: Foreground service started from background can not have location/camera/microphone access: service steptracker.healthandfitness.walkingtracker.pedometer/com.drojian.stepcounter.service.CounterService
04-22 09:40:09.990  1635  1862 V DisplayPowerController: Brightness [0.10835157] reason changing to: 'automatic', previous reason: 'automatic [ dim ]'.
04-22 09:40:10.053  1635  3038 W ActivityManager: Foreground service started from background can not have location/camera/microphone access: service steptracker.healthandfitness.walkingtracker.pedometer/com.drojian.stepcounter.service.CounterService
04-22 09:40:10.162  1635  3038 I chatty  : uid=1000(system) Binder:1635_4 identical 1 line
04-22 09:40:10.272  1635  3038 W ActivityManager: Foreground service started from background can not have location/camera/microphone access: service steptracker.healthandfitness.walkingtracker.pedometer/com.drojian.stepcounter.service.CounterService
04-22 09:40:10.382  1635  2881 W ActivityManager: Foreground service started from background can not have location/camera/microphone access: service steptracker.healthandfitness.walkingtracker.pedometer/com.drojian.stepcounter.service.CounterService
