04-21 19:21:10.767  1635  9377 I ActivityManager: Killing 24392:com.android.chrome:sandboxed_process0:org.chromium.content.app.SandboxedProcessService0:3/u0a188i-8997 (adj 0): isolated not needed
04-21 19:21:10.838  1635  1790 D KernelCpuUidUserSysTimeReader: Removing uids 90002-90002
04-21 19:21:10.839  1635  1790 D BatteryStatsImpl: Got readings for an isolated uid with no mapping: 90002
04-21 19:21:11.788  1635 11490 W AppOps  : Noting op not finished: uid 10145 pkg com.google.android.gms code 79 startTime of in progress event=1619043331133
04-21 19:21:11.789  1635 11490 W AppOps  : Noting op not finished: uid 10145 pkg com.google.android.gms code 79 startTime of in progress event=1619043331133
04-21 19:21:11.794  1635  4614 W AppOps  : Noting op not finished: uid 10145 pkg com.google.android.gms code 79 startTime of in progress event=1619043331133
04-21 19:21:11.820  1635 11490 W AppOps  : Noting op not finished: uid 10145 pkg com.google.android.gms code 79 startTime of in progress event=1619043331133
04-21 19:21:11.820  1635 11490 I chatty  : uid=1000(system) Binder:1635_1D identical 1 line
04-21 19:21:11.825  1635 11490 W AppOps  : Noting op not finished: uid 10145 pkg com.google.android.gms code 79 startTime of in progress event=1619043331133
04-21 19:21:12.191  1635  9377 D CompatibilityChangeReporter: Compat change id reported: 135634846; UID 10188; state: DISABLED
04-21 19:21:12.191  1635  1776 D CompatibilityChangeReporter: Compat change id reported: 143937733; UID 10188; state: ENABLED
04-21 19:21:12.209  1635  1776 I ActivityManager: Start proc 24449:com.android.chrome:sandboxed_process0:org.chromium.content.app.SandboxedProcessService0:4/u0ai4 for  {com.android.chrome/org.chromium.content.app.SandboxedProcessService0:4}
04-21 19:21:12.231  1635  2881 D CompatibilityChangeReporter: Compat change id reported: 136274596; UID 10188; state: ENABLED
04-21 19:21:13.133  1635  2891 D ConnectivityService: NetReassign [no changes]
04-21 19:21:16.159  1635  2891 D ConnectivityService: NetReassign [no changes]
04-21 19:21:17.447  1635  2881 D ConnectivityService: requestNetwork for uid/pid:10188/22538 NetworkRequest [ TRACK_DEFAULT id=595, [ Capabilities: INTERNET&NOT_RESTRICTED&TRUSTED Uid: 10188 AdministratorUids: [] RequestorUid: 10188 RequestorPackageName: com.android.chrome] ]
04-21 19:21:17.448  1635  2891 D ConnectivityService: NetReassign [595 : null  126]
04-21 19:21:17.454  1635  2891 D ConnectivityService: NetReassign [no changes]
04-21 19:21:19.176  1635  2891 I chatty  : uid=1000(system) ConnectivitySer identical 1 line
04-21 19:21:22.212  1635  2891 D ConnectivityService: NetReassign [no changes]
04-21 19:21:23.845  1635  4614 W AutofillManagerServiceImpl: getFillEventHistory() called by UID 10114, but service UID is 10145
04-21 19:21:23.953  1635  2891 D ConnectivityService: releasing NetworkRequest [ TRACK_DEFAULT id=587, [ Capabilities: INTERNET&NOT_RESTRICTED&TRUSTED Uid: 10188 AdministratorUids: [] RequestorUid: 10188 RequestorPackageName: com.android.chrome] ] (release request)
04-21 19:21:24.200  1635  1756 I ActivityManager: Killing 24192:com.android.chrome:privileged_process0/u0a188 (adj 905): remove task
04-21 19:21:24.201  1635  1756 I ActivityManager: Killing 24159:com.android.chrome:sandboxed_process0:org.chromium.content.app.SandboxedProcessService0:0/u0a188i-9000 (adj 910): remove task
04-21 19:21:24.201  1635  1756 I ActivityManager: Killing 24449:com.android.chrome:sandboxed_process0:org.chromium.content.app.SandboxedProcessService0:4/u0a188i-8996 (adj 905): remove task
04-21 19:21:24.201  1635  1756 I ActivityManager: Killing 22538:com.android.chrome/u0a188 (adj 905): remove task
04-21 19:21:24.252  1635  1712 W ActivityManager: Scheduling restart of crashed service com.android.chrome/org.chromium.content.app.PrivilegedProcessService0 in 1000ms for connection
04-21 19:21:24.271  1635  2881 W ActivityManager: Scheduling restart of crashed service com.android.chrome/org.chromium.content.app.SandboxedProcessService0:4 in 10981ms for connection
04-21 19:21:24.304  1635  1712 W ActivityManager: Scheduling restart of crashed service com.android.chrome/org.chromium.content.app.SandboxedProcessService0:0 in 20948ms for connection
04-21 19:21:24.313  1635  1713 D ConnectivityService: ConnectivityService NetworkRequestInfo binderDied(NetworkRequest [ LISTEN id=590, [ Capabilities: INTERNET&NOT_RESTRICTED&TRUSTED Uid: 10188 AdministratorUids: [] RequestorUid: 10188 RequestorPackageName: com.android.chrome] ], android.os.BinderProxy@d4b8c1b)
04-21 19:21:24.314  1635  5549 D ConnectivityService: ConnectivityService NetworkRequestInfo binderDied(NetworkRequest [ TRACK_DEFAULT id=591, [ Capabilities: INTERNET&NOT_RESTRICTED&TRUSTED Uid: 10188 AdministratorUids: [] RequestorUid: 10188 RequestorPackageName: com.android.chrome] ], android.os.BinderProxy@1810af6)
04-21 19:21:24.314  1635  3038 D ConnectivityService: ConnectivityService NetworkRequestInfo binderDied(NetworkRequest [ TRACK_DEFAULT id=595, [ Capabilities: INTERNET&NOT_RESTRICTED&TRUSTED Uid: 10188 AdministratorUids: [] RequestorUid: 10188 RequestorPackageName: com.android.chrome] ], android.os.BinderProxy@58ccef7)
04-21 19:21:24.314  1635  3047 D ConnectivityService: ConnectivityService NetworkRequestInfo binderDied(NetworkRequest [ LISTEN id=596, [ Capabilities: INTERNET&NOT_RESTRICTED&TRUSTED Uid: 10188 AdministratorUids: [] RequestorUid: 10188 RequestorPackageName: com.android.chrome] ], android.os.BinderProxy@e0d9164)
04-21 19:21:24.314  1635  5549 I WindowManager: WIN DEATH: Window{9b5c0b0 u0 com.android.chrome/com.google.android.apps.chrome.Main}
04-21 19:21:24.315  1635  3043 D ConnectivityService: ConnectivityService NetworkRequestInfo binderDied(NetworkRequest [ LISTEN id=592, [ Capabilities: INTERNET&NOT_RESTRICTED&TRUSTED Uid: 10188 AdministratorUids: [] RequestorUid: 10188 RequestorPackageName: com.android.chrome] ], android.os.BinderProxy@5bd11b8)
04-21 19:21:24.315  1635 11678 D ConnectivityService: ConnectivityService NetworkRequestInfo binderDied(NetworkRequest [ TRACK_DEFAULT id=589, [ Capabilities: INTERNET&NOT_RESTRICTED&TRUSTED Uid: 10188 AdministratorUids: [] RequestorUid: 10188 RequestorPackageName: com.android.chrome] ], android.os.BinderProxy@936cb91)
04-21 19:21:24.316  1635  2891 D ConnectivityService: releasing NetworkRequest [ TRACK_DEFAULT id=591, [ Capabilities: INTERNET&NOT_RESTRICTED&TRUSTED Uid: 10188 AdministratorUids: [] RequestorUid: 10188 RequestorPackageName: com.android.chrome] ] (release request)
04-21 19:21:24.317  1635  2891 D ConnectivityService: releasing NetworkRequest [ TRACK_DEFAULT id=595, [ Capabilities: INTERNET&NOT_RESTRICTED&TRUSTED Uid: 10188 AdministratorUids: [] RequestorUid: 10188 RequestorPackageName: com.android.chrome] ] (release request)
04-21 19:21:24.318  1635  2891 D ConnectivityService: releasing NetworkRequest [ TRACK_DEFAULT id=589, [ Capabilities: INTERNET&NOT_RESTRICTED&TRUSTED Uid: 10188 AdministratorUids: [] RequestorUid: 10188 RequestorPackageName: com.android.chrome] ] (release request)
04-21 19:21:24.324  1635  1756 W ActivityManager: setHasOverlayUi called on unknown pid: 22538
04-21 19:21:24.649  1635  1756 I ActivityManager: Killing 23143:com.android.settings/1000 (adj 900): remove task
04-21 19:21:24.706  1635  4623 I WindowManager: WIN DEATH: Window{4fabb20 u0 com.android.settings/com.android.settings.Settings}
04-21 19:21:24.711  1635 11490 I WindowManager: WIN DEATH: Window{e7facc9 u0 com.android.settings/com.android.settings.SubSettings}
04-21 19:21:24.721  1635  1756 W ActivityManager: setHasOverlayUi called on unknown pid: 23143
04-21 19:21:25.231  1635  2891 D ConnectivityService: NetReassign [no changes]
04-21 19:21:25.848  1635  9190 I ActivityTaskManager: START u0 {act=android.intent.action.MAIN cat=[android.intent.category.LAUNCHER] flg=0x10200000 cmp=com.android.settings/.Settings bnds=[843,1609][1045,1804]} from uid 10153
04-21 19:21:25.864  1635  1756 D CompatibilityChangeReporter: Compat change id reported: 135634846; UID 1000; state: DISABLED
04-21 19:21:25.867  1635  9190 W AutofillManagerServiceImpl: getFillEventHistory() called by UID 10114, but service UID is 10145
04-21 19:21:25.882  1635  1776 I ActivityManager: Start proc 24490:com.android.settings/1000 for pre-top-activity {com.android.settings/com.android.settings.Settings}
04-21 19:21:26.067  1635  3038 D CompatibilityChangeReporter: Compat change id reported: 136274596; UID 1000; state: ENABLED
04-21 19:21:26.218  1635  1790 E KernelCpuUidUserSysTimeReader: Negative user/sys time delta for UID=10188
04-21 19:21:26.218  1635  1790 E KernelCpuUidUserSysTimeReader: Prev times: u=33007000 s=14490000 Curr times: u=29304000 s=13644000
04-21 19:21:26.218  1635  1790 E KernelCpuUidUserSysTimeReader: Negative user/sys time delta for UID=90000
04-21 19:21:26.218  1635  1790 E KernelCpuUidUserSysTimeReader: Prev times: u=20320000 s=2807000 Curr times: u=20294000 s=2744000
04-21 19:21:26.451  1635  1790 V BatteryExternalStatsWorker: WiFi energy data was reset, new WiFi energy data is WifiActivityEnergyInfo{ mTimeSinceBootMillis=49994006 mStackState=3 mControllerTxDurationMillis=0 mControllerRxDurationMillis=0 mControllerScanDurationMillis=0 mControllerIdleDurationMillis=0 mControllerEnergyUsedMicroJoules=0 }
04-21 19:21:26.464  1635  2891 D ConnectivityService: NetReassign [no changes]
04-21 19:21:31.270  1635  2891 I chatty  : uid=1000(system) ConnectivitySer identical 4 lines
04-21 19:21:34.299  1635  2891 D ConnectivityService: NetReassign [no changes]
04-21 19:21:36.733  1635  3038 I ActivityTaskManager: START u0 {act=android.intent.action.MAIN cmp=com.android.settings/.SubSettings (has extras)} from uid 1000
04-21 19:21:36.744  1635  3038 W ActivityTaskManager: Tried to set launchTime (0) < mLastActivityLaunchTime (22632939)
04-21 19:21:36.745  1635  3043 W AutofillManagerServiceImpl: getFillEventHistory() called by UID 10114, but service UID is 10145
04-21 19:21:37.308  1635  2891 D ConnectivityService: NetReassign [no changes]
04-21 19:21:39.446  1635  2881 I ActivityTaskManager: START u0 {act=android.intent.action.MAIN cmp=com.android.settings/.SubSettings (has extras)} from uid 1000
04-21 19:21:39.461  1635  2881 W ActivityTaskManager: Tried to set launchTime (0) < mLastActivityLaunchTime (22643779)
04-21 19:21:39.462  1635  3043 W AutofillManagerServiceImpl: getFillEventHistory() called by UID 10114, but service UID is 10145
04-21 19:21:39.512  1635  2881 E UserRestrictionsUtils: Unknown restriction queried by uid 1000 (com.google.SSRestartDetector et al): null
04-21 19:21:39.515  1635  2881 I chatty  : uid=1000(system) Binder:1635_3 identical 2 lines
04-21 19:21:39.517  1635  2881 E UserRestrictionsUtils: Unknown restriction queried by uid 1000 (com.google.SSRestartDetector et al): null
04-21 19:21:39.613  1635  3043 D ActivityManager: cgroup.freeze not present
04-21 19:21:39.777  1635  2881 D ActivityManager: cgroup.freeze not present
04-21 19:21:39.798  1635  4623 D ActivityManager: cgroup.freeze not present
04-21 19:21:39.900  1635  4623 I OemLock : Update OEM Unlock bit in pst partition to false
04-21 19:21:40.316  1635  2891 D ConnectivityService: NetReassign [no changes]
04-21 19:21:43.348  1635  2891 I chatty  : uid=1000(system) ConnectivitySer identical 1 line
04-21 19:21:46.382  1635  2891 D ConnectivityService: NetReassign [no changes]
04-21 19:21:46.473  1635  1752 I ActivityTaskManager: START u0 {flg=0x10000000 cmp=com.android.systemui/.wifi.WifiDebuggingActivity (has extras)} from uid 1000
04-21 19:21:46.511  1635  3038 W ActivityTaskManager: Tried to set launchTime (0) < mLastActivityLaunchTime (8439525)
04-21 19:21:46.513  1635  4623 W AutofillManagerServiceImpl: getFillEventHistory() called by UID 10114, but service UID is 10145
04-21 19:21:49.404  1635  2891 D ConnectivityService: NetReassign [no changes]
04-21 19:21:50.318  1635  3048 W AutofillManagerServiceImpl: getFillEventHistory() called by UID 10114, but service UID is 10145
04-21 19:21:50.344  1635  3038 D ActivityManager: cgroup.freeze not present
04-21 19:21:50.438  1635  3038 I OemLock : Update OEM Unlock bit in pst partition to false
04-21 19:21:51.185  1635  1635 I SoundTriggerHelper: Recognition success
04-21 19:21:51.187  4561  4594 I AlwaysOnHotwordDetector: onDetected
04-21 19:21:52.418  1635  2891 D ConnectivityService: NetReassign [no changes]
04-21 19:21:52.600  1635  3048 I SoundTriggerHelper: startRecognition successful.
04-21 19:21:55.449  1635  2891 D ConnectivityService: NetReassign [no changes]
04-21 19:22:28.868  1635  2891 I chatty  : uid=1000(system) ConnectivitySer identical 11 lines
04-21 19:22:31.900  1635  2891 D ConnectivityService: NetReassign [no changes]
04-21 19:22:34.094  1635  1755 I EntropyMixer: Writing entropy...
04-21 19:22:34.107  1635  1775 W BroadcastQueue: Background execution not allowed: receiving Intent { act=android.intent.action.ACTION_POWER_CONNECTED flg=0x4000010 (has extras) } to com.google.android.apps.turbo/.nudges.broadcasts.BatteryStatusChangedReceiver
04-21 19:22:34.113  1635  1775 W BroadcastQueue: Background execution not allowed: receiving Intent { act=android.intent.action.ACTION_POWER_CONNECTED flg=0x4000010 (has extras) } to com.google.android.gms/.gcm.nts.SchedulerReceiver
04-21 19:22:34.113  1635  1775 W BroadcastQueue: Background execution not allowed: receiving Intent { act=android.intent.action.ACTION_POWER_CONNECTED flg=0x4000010 (has extras) } to com.google.android.gms/.chimera.GmsIntentOperationService$PersistentTrustedReceiver
04-21 19:22:34.113  1635  1775 W BroadcastQueue: Background execution not allowed: receiving Intent { act=android.intent.action.ACTION_POWER_CONNECTED flg=0x4000010 (has extras) } to com.google.android.projection.gearhead/com.google.android.apps.auto.components.connectivity.impl.ConnectivityEventHandlerImpl$ConnectivityEventBroadcastReceiver
04-21 19:22:34.113  1635  1775 W BroadcastQueue: Background execution not allowed: receiving Intent { act=android.intent.action.ACTION_POWER_CONNECTED flg=0x4000010 (has extras) } to com.facebook.katana/com.facebook.battery.monitor.ContinuousBatteryMonitorService$BroadcastReceiver
04-21 19:22:34.113  1635  1775 W BroadcastQueue: Background execution not allowed: receiving Intent { act=android.intent.action.ACTION_POWER_CONNECTED flg=0x4000010 (has extras) } to com.weather.Weather/com.weather.dal2.system.UniversalBroadcastReceiver
04-21 19:22:34.113  1635  1775 W BroadcastQueue: Background execution not allowed: receiving Intent { act=android.intent.action.ACTION_POWER_CONNECTED flg=0x4000010 (has extras) } to steptracker.healthandfitness.walkingtracker.pedometer/com.drojian.stepcounter.receiver.PedometerReceiver
04-21 19:22:34.113  1635  1775 W BroadcastQueue: Background execution not allowed: receiving Intent { act=android.intent.action.ACTION_POWER_CONNECTED flg=0x4000010 (has extras) } to steptracker.healthandfitness.walkingtracker.pedometer/com.drojian.servicekeeper.service.WatcherService$MathReceiver
04-21 19:22:34.117  2979 16230 D PowerUI : can't show warning due to - plugged: true status unknown: false
04-21 19:22:34.251  1635  2884 W NetworkPolicy: shared quota unsupported; generating rule for each iface
04-21 19:22:34.287  1635  3105 I UsbPortManager: ClientCallback V1_1: port0
04-21 19:22:34.310  1635  1635 W Looper  : Slow dispatch took 200ms main h=com.android.server.power.Notifier$NotifierHandler c=null m=6
04-21 19:22:34.316  2979  3511 D PowerUI : can't show warning due to - plugged: true status unknown: false
04-21 19:22:34.347  1635  1635 D CompatibilityChangeReporter: Compat change id reported: 135634846; UID 10171; state: DISABLED
04-21 19:22:34.347  1635  1776 D CompatibilityChangeReporter: Compat change id reported: 143937733; UID 10171; state: ENABLED
04-21 19:22:34.382  1635  1776 I ActivityManager: Start proc 24633:com.google.android.apps.photos/u0a171 for service {com.google.android.apps.photos/com.google.android.libraries.social.mediamonitor.MediaMonitorJobSchedulerService}
04-21 19:22:34.474  1635  1752 D UsbDeviceManager: push notification:Charging this device via USB
04-21 19:22:34.478  1635  1775 D CompatibilityChangeReporter: Compat change id reported: 135634846; UID 10066; state: DISABLED
04-21 19:22:34.479  1635  1776 D CompatibilityChangeReporter: Compat change id reported: 143937733; UID 10066; state: ENABLED
04-21 19:22:34.496  1635  1776 I ActivityManager: Start proc 24652:android.process.media/u0a66 for broadcast {com.android.mtp/com.android.mtp.MtpReceiver}
04-21 19:22:34.537  1635  1635 D CompatibilityChangeReporter: Compat change id reported: 135634846; UID 10109; state: DISABLED
04-21 19:22:34.537  1635  1776 D CompatibilityChangeReporter: Compat change id reported: 143937733; UID 10109; state: ENABLED
04-21 19:22:34.544  1635  2884 W NetworkPolicy: shared quota unsupported; generating rule for each iface
04-21 19:22:34.552  1635  1776 I ActivityManager: Start proc 24672:com.google.android.apps.gcs/u0a109 for service {com.google.android.apps.gcs/androidx.work.impl.background.systemjob.SystemJobService}
04-21 19:22:34.640  1635  2884 W NetworkPolicy: shared quota unsupported; generating rule for each iface
04-21 19:22:34.664  2979  4359 D PowerUI : can't show warning due to - plugged: true status unknown: false
04-21 19:22:34.684  1635  1635 W NotificationHistory: Attempted to add notif for locked/gone/disabled user 0
04-21 19:22:34.688  1635  1635 W NotificationHistory: Attempted to add notif for locked/gone/disabled user 0
04-21 19:22:34.696  1635  3040 W UserManagerService: Cannot retrieve activities for disabled profile -1 from 0
04-21 19:22:34.701  1635  3048 W UserManagerService: Cannot retrieve activities for disabled profile -1 from 0
04-21 19:22:34.790  2979  6614 D PowerUI : can't show warning due to - plugged: true status unknown: false
04-21 19:22:34.873  1635  3048 D CompatibilityChangeReporter: Compat change id reported: 135634846; UID 10141; state: DISABLED
04-21 19:22:34.874  1635  1776 D CompatibilityChangeReporter: Compat change id reported: 143937733; UID 10141; state: ENABLED
04-21 19:22:34.890  1635  1776 I ActivityManager: Start proc 24721:com.google.android.projection.gearhead:shared/u0a141 for broadcast {com.google.android.projection.gearhead/com.google.android.apps.auto.components.connectivity.impl.ConnectivityEventHandlerImpl$ConnectivityEventBroadcastReceiver}
04-21 19:22:34.923  1635  2891 D ConnectivityService: NetReassign [no changes]
04-21 19:22:35.083  1635  1635 D CompatibilityChangeReporter: Compat change id reported: 135634846; UID 10209; state: DISABLED
04-21 19:22:35.084  1635  1776 D CompatibilityChangeReporter: Compat change id reported: 143937733; UID 10209; state: DISABLED
04-21 19:22:35.086  1635  8781 D ConnectivityService: requestNetwork for uid/pid:10109/24672 NetworkRequest [ TRACK_DEFAULT id=600, [ Capabilities: INTERNET&NOT_RESTRICTED&TRUSTED Uid: 10109 AdministratorUids: [] RequestorUid: 10109 RequestorPackageName: com.google.android.apps.gcs] ]
04-21 19:22:35.087  1635  2891 D ConnectivityService: NetReassign [600 : null  126]
04-21 19:22:35.102  1635  1776 I ActivityManager: Start proc 24758:com.weather.Weather/u0a209 for service {com.weather.Weather/com.weather.dal2.weatherconnections.RefreshJob}
04-21 19:22:35.266  2979  7147 D PowerUI : can't show warning due to - plugged: true status unknown: false
04-21 19:22:35.634  1635  2881 D CompatibilityChangeReporter: Compat change id reported: 135634846; UID 10273; state: DISABLED
04-21 19:22:35.635  1635  1776 D CompatibilityChangeReporter: Compat change id reported: 143937733; UID 10273; state: DISABLED
04-21 19:22:35.652  1635  1776 I ActivityManager: Start proc 24845:com.microsoft.appmanager/u0a273 for broadcast {com.microsoft.appmanager/com.microsoft.mmx.agents.usbtipsSS.PcToPhoneUsbBroadcastReceiver}
04-21 19:22:35.795  1635  3043 D CompatibilityChangeReporter: Compat change id reported: 135634846; UID 10141; state: DISABLED
04-21 19:22:35.796  1635  1776 D CompatibilityChangeReporter: Compat change id reported: 143937733; UID 10141; state: ENABLED
04-21 19:22:35.812  1635  1776 I ActivityManager: Start proc 24878:com.google.android.projection.gearhead:car/u0a141 for service {com.google.android.projection.gearhead/com.google.android.apps.auto.carservice.service.impl.GearheadCarStartupService}
04-21 19:22:36.008  1635  2891 D ConnectivityService: releasing NetworkRequest [ TRACK_DEFAULT id=600, [ Capabilities: INTERNET&NOT_RESTRICTED&TRUSTED Uid: 10109 AdministratorUids: [] RequestorUid: 10109 RequestorPackageName: com.google.android.apps.gcs] ] (release request)
04-21 19:22:36.066 24845 24845 E ActivityThread: Failed to find provider info for com.samsung.android.mdx.windowslink.Tile.Provider
04-21 19:22:36.118  1635  2891 D ConnectivityService: NetReassign [no changes]
04-21 19:22:36.151 24845 24945 E ActivityThread: Failed to find provider info for com.microsoft.yourphonecompanion.contentprovider.featureoverride
04-21 19:22:36.242 24845 24945 E ActivityThread: Failed to find provider info for com.microsoft.yourphonecompanion.contentprovider.featureoverride
04-21 19:22:36.564  1635  3105 I UsbPortManager: ClientCallback V1_1: port0
04-21 19:22:36.565  1635  1752 I UsbPortManager: USB port changed: port=UsbPort{id=port0, supportedModes=dualsupportedContaminantProtectionModes=0supportsEnableContaminantPresenceProtection=falsesupportsEnableContaminantPresenceDetection=false, status=UsbPortStatus{connected=true, currentMode=ufp, currentPowerRole=sink, currentDataRole=device, supportedRoleCombinations=[source:host, sink:device], contaminantDetectionStatus=0, contaminantProtectionStatus=0}, canChangeMode=true, canChangePowerRole=false, canChangeDataRole=false, connectedAtMillis=50064135, lastConnectDurationMillis=0
04-21 19:22:36.576  1635  3043 D ConnectivityService: Returning UNBLOCKED NetworkInfo to uid=10273
04-21 19:22:36.584  1635  3043 W ActivityManager: Background start not allowed: service Intent { act=android.hardware.usb.action.USB_STATE cmp=com.microsoft.appmanager/com.microsoft.mmx.agents.lapsedusers.LapsedUserBackgroundService (has extras) } to com.microsoft.appmanager/com.microsoft.mmx.agents.lapsedusers.LapsedUserBackgroundService from pid=24845 uid=10273 pkg=com.microsoft.appmanager startFg?=false
04-21 19:22:36.585  1635  3043 D CompatibilityChangeReporter: Compat change id reported: 135634846; UID 10215; state: DISABLED
04-21 19:22:36.586  1635  1776 D CompatibilityChangeReporter: Compat change id reported: 143937733; UID 10215; state: DISABLED
04-21 19:22:36.602  1635  2891 D ConnectivityService: NetReassign [no changes]
04-21 19:22:36.603  1635  1776 I ActivityManager: Start proc 25069:com.microsoft.emmx/u0a215 for broadcast {com.microsoft.emmx/com.microsoft.mmx.reporting.SharedStateManager}
04-21 19:22:36.657  1635  3040 W ActivityManager: Background start not allowed: service Intent { act=android.hardware.usb.action.USB_STATE cmp=com.microsoft.appmanager/com.microsoft.mmx.agents.lapsedusers.LapsedUserBackgroundService (has extras) } to com.microsoft.appmanager/com.microsoft.mmx.agents.lapsedusers.LapsedUserBackgroundService from pid=24845 uid=10273 pkg=com.microsoft.appmanager startFg?=false
04-21 19:22:36.767  1635  3043 D CompatibilityChangeReporter: Compat change id reported: 135634846; UID 10193; state: DISABLED
04-21 19:22:36.767  1635  1776 D CompatibilityChangeReporter: Compat change id reported: 143937733; UID 10193; state: ENABLED
04-21 19:22:36.792  1635  1776 I ActivityManager: Start proc 25117:com.google.android.GoogleCamera/u0a193 for content provider {com.google.android.GoogleCamera/com.google.android.apps.camera.contentprovider.CameraContentProvider}
04-21 19:22:36.948  1635  2884 W NetworkPolicy: shared quota unsupported; generating rule for each iface
04-21 19:22:36.987  1635  1635 W Looper  : Slow dispatch took 211ms main h=com.android.server.job.JobSchedulerService$JobHandler c=null m=7
04-21 19:22:36.987  1635  1635 W Looper  : Slow delivery took 211ms main h=com.android.server.job.JobSchedulerService$JobHandler c=null m=4
04-21 19:22:36.987  1635  1635 W Looper  : Drained
04-21 19:22:37.831  1635  4623 W UriGrantsManagerService: No permission grants found for com.google.android.apps.photos
04-21 19:22:37.836  1635 11678 W UriGrantsManagerService: No permission grants found for com.google.android.apps.photos
04-21 19:22:37.863  1635  4623 D CompatibilityChangeReporter: Compat change id reported: 149924527; UID 10171; state: ENABLED
04-21 19:22:37.864  1635  4623 D CompatibilityChangeReporter: Compat change id reported: 132649864; UID 10171; state: DISABLED
04-21 19:22:37.930  1635  2891 D ConnectivityService: NetReassign [no changes]
04-21 19:22:38.147  1635 11678 D CompatibilityChangeReporter: Compat change id reported: 135634846; UID 10188; state: DISABLED
04-21 19:22:38.148  1635  1776 D CompatibilityChangeReporter: Compat change id reported: 143937733; UID 10188; state: ENABLED
04-21 19:22:38.162  1635  1776 I ActivityManager: Start proc 25224:com.android.chrome/u0a188 for service {com.android.chrome/org.chromium.chrome.browser.customtabs.CustomTabsConnectionService}
04-21 19:22:38.164  1635  8900 I ActivityTaskManager: START u0 {act=android.settings.APPLICATION_DEVELOPMENT_SETTINGS flg=0x10008000 pkg=com.android.settings cmp=com.android.settings/.Settings$DevelopmentSettingsDashboardActivity} from uid 1000
04-21 19:22:38.186  1635  8900 W ActivityTaskManager: Tried to set launchTime (0) < mLastActivityLaunchTime (22646496)
04-21 19:22:38.204  1635  3040 W AutofillManagerServiceImpl: getFillEventHistory() called by UID 10114, but service UID is 10145
04-21 19:22:38.276  1635 11678 E UserRestrictionsUtils: Unknown restriction queried by uid 1000 (com.google.SSRestartDetector et al): null
04-21 19:22:38.280  1635 11678 I chatty  : uid=1000(system) Binder:1635_1E identical 2 lines
04-21 19:22:38.283  1635 11678 E UserRestrictionsUtils: Unknown restriction queried by uid 1000 (com.google.SSRestartDetector et al): null
04-21 19:22:38.321  1635  8900 W BroadcastQueue: Background execution not allowed: receiving Intent { act=com.microsoft.mmx.intent.action.UPDATE_POLICY flg=0x30 } to com.microsoft.appmanager/com.microsoft.mmx.continuity.receiver.PolicyReceiver
04-21 19:22:38.331  1635  1775 W BroadcastQueue: Background execution not allowed: receiving Intent { act=com.microsoft.mmx.intent.action.UPDATE_POLICY flg=0x30 } to com.microsoft.emmx/com.microsoft.mmx.continuity.receiver.PolicyReceiver
04-21 19:22:38.333  1635  1775 W BroadcastQueue: Appop Denial: receiving Intent { act=com.mapbox.android.telemetry.location.locationupdatespendingintent.action.LOCATION_UPDATED flg=0x10 (has extras) } to ProcessRecord{bc5e7e6 24758:com.weather.Weather/u0a209} (pid=24758, uid=10209) requires appop android:fine_location due to sender com.weather.Weather (uid 10209)
04-21 19:22:38.368  1635  3038 D ActivityManager: cgroup.freeze not present
04-21 19:22:38.499  1635  3048 D ActivityManager: cgroup.freeze not present
04-21 19:22:38.525  1635  3040 D ActivityManager: cgroup.freeze not present
04-21 19:22:38.602  1635  3043 D ConnectivityService: requestNetwork for uid/pid:10171/24633 NetworkRequest [ TRACK_DEFAULT id=603, [ Capabilities: INTERNET&NOT_RESTRICTED&TRUSTED Uid: 10171 AdministratorUids: [] RequestorUid: 10171 RequestorPackageName: com.google.android.apps.photos] ]
04-21 19:22:38.603  1635  2891 D ConnectivityService: NetReassign [603 : null  126]
04-21 19:22:38.645  1635  8900 I OemLock : Update OEM Unlock bit in pst partition to false
04-21 19:22:38.669  1635  3048 W UriGrantsManagerService: No permission grants found for com.google.android.apps.photos
04-21 19:22:38.669  1635  3040 W UriGrantsManagerService: No permission grants found for com.google.android.apps.photos
04-21 19:22:38.688  1635  8900 D BiometricService: canAuthenticate: User=0, Caller=0, Authenticators=15
04-21 19:22:38.689  1635  8900 D BiometricService: Package: com.android.vending Authenticator ID: 0 Modality: 2 Reported Modality: 2 Status: 1
04-21 19:22:38.689  1635  8900 D AuthService: canAuthenticate, userId: 0, callingUserId: 0, authenticators: 15, result: 0
04-21 19:22:38.689  1635  3040 D BiometricService: canAuthenticate: User=0, Caller=0, Authenticators=255
04-21 19:22:38.690  1635  3040 D BiometricService: Package: com.android.vending Authenticator ID: 0 Modality: 2 Reported Modality: 2 Status: 1
04-21 19:22:38.690  1635  3040 D AuthService: canAuthenticate, userId: 0, callingUserId: 0, authenticators: 255, result: 0
04-21 19:22:38.691  1635  8900 D BiometricService: canAuthenticate: User=0, Caller=0, Authenticators=15
04-21 19:22:38.691  1635  8900 D BiometricService: Package: com.android.vending Authenticator ID: 0 Modality: 2 Reported Modality: 2 Status: 1
04-21 19:22:38.691  1635  8900 D AuthService: canAuthenticate, userId: 0, callingUserId: 0, authenticators: 15, result: 0
04-21 19:22:39.073  1635  2891 D ConnectivityService: NetReassign [no changes]
04-21 19:22:39.786  1635  3040 W UriGrantsManagerService: No permission grants found for com.google.android.apps.photos
04-21 19:22:39.790  1635  2891 D ConnectivityService: releasing NetworkRequest [ TRACK_DEFAULT id=603, [ Capabilities: INTERNET&NOT_RESTRICTED&TRUSTED Uid: 10171 AdministratorUids: [] RequestorUid: 10171 RequestorPackageName: com.google.android.apps.photos] ] (release request)
04-21 19:22:39.807  1635  3040 W UriGrantsManagerService: No permission grants found for com.google.android.apps.photos
04-21 19:22:39.987  1635  3038 D CompatibilityChangeReporter: Compat change id reported: 149924527; UID 10193; state: ENABLED
04-21 19:22:39.988  1635  3038 D CompatibilityChangeReporter: Compat change id reported: 132649864; UID 10193; state: DISABLED
04-21 19:22:40.225  1635  3038 W UriGrantsManagerService: No permission grants found for com.google.android.apps.photos
04-21 19:22:40.230  1635  3038 I chatty  : uid=1000(system) Binder:1635_4 identical 1 line
04-21 19:22:40.394  1635  3038 W UriGrantsManagerService: No permission grants found for com.google.android.apps.photos
04-21 19:22:40.407  1635  3040 W UriGrantsManagerService: No permission grants found for com.google.android.apps.photos
04-21 19:22:40.942  1635  2891 D ConnectivityService: NetReassign [no changes]
04-21 19:22:41.245  1635 11678 D ConnectivityService: requestNetwork for uid/pid:10171/24633 NetworkRequest [ TRACK_DEFAULT id=605, [ Capabilities: INTERNET&NOT_RESTRICTED&TRUSTED Uid: 10171 AdministratorUids: [] RequestorUid: 10171 RequestorPackageName: com.google.android.apps.photos] ]
04-21 19:22:41.246  1635  2891 D ConnectivityService: NetReassign [605 : null  126]
04-21 19:22:41.250  1635  2891 D ConnectivityService: NetReassign [no changes]
04-21 19:22:41.602  1635  3040 D ConnectivityService: requestNetwork for uid/pid:10215/25069 NetworkRequest [ TRACK_DEFAULT id=607, [ Capabilities: INTERNET&NOT_RESTRICTED&TRUSTED Uid: 10215 AdministratorUids: [] RequestorUid: 10215 RequestorPackageName: com.microsoft.emmx] ]
04-21 19:22:41.602  1635  2891 D ConnectivityService: NetReassign [607 : null  126]
04-21 19:22:41.606  1635  2891 D ConnectivityService: NetReassign [no changes]
04-21 19:22:41.963  1635  2884 W NetworkPolicy: shared quota unsupported; generating rule for each iface
04-21 19:22:42.059  1635  2884 W NetworkPolicy: shared quota unsupported; generating rule for each iface
04-21 19:22:43.950  1635  2891 D ConnectivityService: NetReassign [no changes]
04-21 19:22:45.597  1635 11678 D ConnectivityService: requestNetwork for uid/pid:10171/24633 NetworkRequest [ TRACK_DEFAULT id=609, [ Capabilities: INTERNET&NOT_RESTRICTED&TRUSTED Uid: 10171 AdministratorUids: [] RequestorUid: 10171 RequestorPackageName: com.google.android.apps.photos] ]
04-21 19:22:45.598  1635  2891 D ConnectivityService: NetReassign [609 : null  126]
04-21 19:22:45.618  1635  2891 D ConnectivityService: releasing NetworkRequest [ TRACK_DEFAULT id=609, [ Capabilities: INTERNET&NOT_RESTRICTED&TRUSTED Uid: 10171 AdministratorUids: [] RequestorUid: 10171 RequestorPackageName: com.google.android.apps.photos] ] (release request)
04-21 19:22:46.965  1635  2891 D ConnectivityService: NetReassign [no changes]
04-21 19:22:49.430  1635  3776 W AdbDebuggingManager: Read failed with count -1
04-21 19:22:49.431  1635  3776 E AdbDebuggingManager: Caught an exception opening the socket: java.io.IOException: Connection refused
04-21 19:22:49.980  1635  2891 D ConnectivityService: NetReassign [no changes]
04-21 19:22:50.048  1635  2891 D Nat464Xlat: clatd running, updating NAI for v4-rmnet_data2
04-21 19:22:50.198  1635  3040 W ActivityManager: Background start not allowed: service Intent { act=android.hardware.usb.action.USB_STATE cmp=com.microsoft.appmanager/com.microsoft.mmx.agents.lapsedusers.LapsedUserBackgroundService (has extras) } to com.microsoft.appmanager/com.microsoft.mmx.agents.lapsedusers.LapsedUserBackgroundService from pid=24845 uid=10273 pkg=com.microsoft.appmanager startFg?=false
04-21 19:22:50.280  1635 11678 W ActivityManager: Background start not allowed: service Intent { act=android.hardware.usb.action.USB_STATE cmp=com.microsoft.appmanager/com.microsoft.mmx.agents.lapsedusers.LapsedUserBackgroundService (has extras) } to com.microsoft.appmanager/com.microsoft.mmx.agents.lapsedusers.LapsedUserBackgroundService from pid=24845 uid=10273 pkg=com.microsoft.appmanager startFg?=false
04-21 19:22:50.460  2979 10216 D PowerUI : can't show warning due to - plugged: true status unknown: false
04-21 19:22:51.439  1635  3776 D AdbDebuggingManager: Received connected key message: QAAAAJsW1zttIEjF5aAph24UgOsxA5TDFtz8W8aeC5bPPKzhlmSYcWe9qESzFYTCsXj+XD8sqv4bHOO59U8o0HvLhZjbXS+GZv0u71u5B1lIFGNLzdtQ34R2WNUHxS8hUelJiT5SCYnfHilVcRLPv78IXDx/IjgyMpacnqGWZcN5LCsz/dpxrgvQs5xbPGTCv/+xxL2gIDHUxXZZ9Q0ob5nBCv8guT0keKBuimJNyR4I9x1hwQGTMvWP2pVErKr1O+qOqY25GKtlVlxTxZT2v24ClrVZEM0rVi7m0fmiDPB/f2E6qpLzWkqvw/gkLRtQYJOD19fhstE//ItNlvO5rIBm68X6oceo+sYcfh9y0Dn+/GEOw9JYBaqWDuZo+dAlKb0r/iu4sFGK+00aE076E305Ny2HgAVDnivPpZpR67VdThyGcyC2knjanofbyXnpqY24Brh/WkNejcmNLDsnvYdAFBwhbAEwh8NROVWFraKnUpjCXrmI1sdqSeLicwFlWcEB/SWyyNVd0s3KfVVbbCJZyS8O4E5mCcwTYIDTvXD1PclW691xCLWGHL2deSsoN0V/rrTBk9g+8LyLkyq/ImmQUuy7HkCK6AZPkSKeztJsUxQtPw6L9XaAFhvqtu2Qd6FILPj63OX5vMW6fUW9vfhejWOaks+R2f4hOS19GTF6AVa/F+eICwEAAQA= ryana@RYAN-KANN-GAMIN
04-21 19:22:51.439  1635  3776 D AdbDebuggingManager: Received connected key message: QAAAAJsW1zttIEjF5aAph24UgOsxA5TDFtz8W8aeC5bPPKzhlmSYcWe9qESzFYTCsXj+XD8sqv4bHOO59U8o0HvLhZjbXS+GZv0u71u5B1lIFGNLzdtQ34R2WNUHxS8hUelJiT5SCYnfHilVcRLPv78IXDx/IjgyMpacnqGWZcN5LCsz/dpxrgvQs5xbPGTCv/+xxL2gIDHUxXZZ9Q0ob5nBCv8guT0keKBuimJNyR4I9x1hwQGTMvWP2pVErKr1O+qOqY25GKtlVlxTxZT2v24ClrVZEM0rVi7m0fmiDPB/f2E6qpLzWkqvw/gkLRtQYJOD19fhstE//ItNlvO5rIBm68X6oceo+sYcfh9y0Dn+/GEOw9JYBaqWDuZo+dAlKb0r/iu4sFGK+00aE076E305Ny2HgAVDnivPpZpR67VdThyGcyC2knjanofbyXnpqY24Brh/WkNejcmNLDsnvYdAFBwhbAEwh8NROVWFraKnUpjCXrmI1sdqSeLicwFlWcEB/SWyyNVd0s3KfVVbbCJZyS8O4E5mCcwTYIDTvXD1PclW691xCLWGHL2deSsoN0V/rrTBk9g+8LyLkyq/ImmQUuy7HkCK6AZPkSKeztJsUxQtPw6L9XaAFhvqtu2Qd6FILPj63OX5vMW6fUW9vfhejWOaks+R2f4hOS19GTF6AVa/F+eICwEAAQA= ryana@RYAN-KANN-GAMIN
04-21 19:22:51.440  1635  1752 D AdbDebuggingManager: Logging key QAAAAJsW1zttIEjF5aAph24UgOsxA5TDFtz8W8aeC5bPPKzhlmSYcWe9qESzFYTCsXj+XD8sqv4bHOO59U8o0HvLhZjbXS+GZv0u71u5B1lIFGNLzdtQ34R2WNUHxS8hUelJiT5SCYnfHilVcRLPv78IXDx/IjgyMpacnqGWZcN5LCsz/dpxrgvQs5xbPGTCv/+xxL2gIDHUxXZZ9Q0ob5nBCv8guT0keKBuimJNyR4I9x1hwQGTMvWP2pVErKr1O+qOqY25GKtlVlxTxZT2v24ClrVZEM0rVi7m0fmiDPB/f2E6qpLzWkqvw/gkLRtQYJOD19fhstE//ItNlvO5rIBm68X6oceo+sYcfh9y0Dn+/GEOw9JYBaqWDuZo+dAlKb0r/iu4sFGK+00aE076E305Ny2HgAVDnivPpZpR67VdThyGcyC2knjanofbyXnpqY24Brh/WkNejcmNLDsnvYdAFBwhbAEwh8NROVWFraKnUpjCXrmI1sdqSeLicwFlWcEB/SWyyNVd0s3KfVVbbCJZyS8O4E5mCcwTYIDTvXD1PclW691xCLWGHL2deSsoN0V/rrTBk9g+8LyLkyq/ImmQUuy7HkCK6AZPkSKeztJsUxQtPw6L9XaAFhvqtu2Qd6FILPj63OX5vMW6fUW9vfhejWOaks+R2f4hOS19GTF6AVa/F+eICwEAAQA= ryana@RYAN-KANN-GAMIN, state = 4, alwaysAllow = true, lastConnectionTime = 1619047371440, authWindow = 604800000
04-21 19:22:51.440  1635  1752 D AdbDebuggingManager: Logging key QAAAAJsW1zttIEjF5aAph24UgOsxA5TDFtz8W8aeC5bPPKzhlmSYcWe9qESzFYTCsXj+XD8sqv4bHOO59U8o0HvLhZjbXS+GZv0u71u5B1lIFGNLzdtQ34R2WNUHxS8hUelJiT5SCYnfHilVcRLPv78IXDx/IjgyMpacnqGWZcN5LCsz/dpxrgvQs5xbPGTCv/+xxL2gIDHUxXZZ9Q0ob5nBCv8guT0keKBuimJNyR4I9x1hwQGTMvWP2pVErKr1O+qOqY25GKtlVlxTxZT2v24ClrVZEM0rVi7m0fmiDPB/f2E6qpLzWkqvw/gkLRtQYJOD19fhstE//ItNlvO5rIBm68X6oceo+sYcfh9y0Dn+/GEOw9JYBaqWDuZo+dAlKb0r/iu4sFGK+00aE076E305Ny2HgAVDnivPpZpR67VdThyGcyC2knjanofbyXnpqY24Brh/WkNejcmNLDsnvYdAFBwhbAEwh8NROVWFraKnUpjCXrmI1sdqSeLicwFlWcEB/SWyyNVd0s3KfVVbbCJZyS8O4E5mCcwTYIDTvXD1PclW691xCLWGHL2deSsoN0V/rrTBk9g+8LyLkyq/ImmQUuy7HkCK6AZPkSKeztJsUxQtPw6L9XaAFhvqtu2Qd6FILPj63OX5vMW6fUW9vfhejWOaks+R2f4hOS19GTF6AVa/F+eICwEAAQA= ryana@RYAN-KANN-GAMIN, state = 4, alwaysAllow = true, lastConnectionTime = 1619047371440, authWindow = 604800000
04-21 19:22:52.999  1635  2891 D ConnectivityService: NetReassign [no changes]
04-21 19:22:56.021  1635  2891 D ConnectivityService: NetReassign [no changes]
04-21 19:22:56.356  1635  3040 W ActivityManager: Foreground service started from background can not have location/camera/microphone access: service steptracker.healthandfitness.walkingtracker.pedometer/com.drojian.stepcounter.service.CounterService
04-21 19:22:56.366  1635 11678 W ActivityManager: Foreground service started from background can not have location/camera/microphone access: service steptracker.healthandfitness.walkingtracker.pedometer/com.drojian.stepcounter.service.CounterService
04-21 19:22:56.371  1635  8900 W ActivityManager: Foreground service started from background can not have location/camera/microphone access: service steptracker.healthandfitness.walkingtracker.pedometer/com.drojian.stepcounter.service.CounterService
04-21 19:22:59.044  1635  2891 D ConnectivityService: NetReassign [no changes]
04-21 19:23:01.697  1635  3040 I ActivityManager: Killing 20839:com.google.android.youtube/u0a191 (adj 985): empty #33
04-21 19:23:01.809  1635 11678 D ConnectivityService: ConnectivityService NetworkRequestInfo binderDied(NetworkRequest [ LISTEN id=541, [ Capabilities: INTERNET&NOT_RESTRICTED&TRUSTED&FOREGROUND Uid: 10191 AdministratorUids: [] RequestorUid: 10191 RequestorPackageName: com.google.android.youtube] ], android.os.BinderProxy@c7d1ad6)
04-21 19:23:01.809  1635  3042 D ConnectivityService: ConnectivityService NetworkRequestInfo binderDied(NetworkRequest [ TRACK_DEFAULT id=540, [ Capabilities: INTERNET&NOT_RESTRICTED&TRUSTED Uid: 10191 AdministratorUids: [] RequestorUid: 10191 RequestorPackageName: com.google.android.youtube] ], android.os.BinderProxy@6f5d157)
04-21 19:23:01.810  1635  2891 D ConnectivityService: releasing NetworkRequest [ TRACK_DEFAULT id=540, [ Capabilities: INTERNET&NOT_RESTRICTED&TRUSTED Uid: 10191 AdministratorUids: [] RequestorUid: 10191 RequestorPackageName: com.google.android.youtube] ] (release request)
04-21 19:23:01.810  1635  8900 D ConnectivityService: ConnectivityService NetworkRequestInfo binderDied(NetworkRequest [ TRACK_DEFAULT id=539, [ Capabilities: INTERNET&NOT_RESTRICTED&TRUSTED Uid: 10191 AdministratorUids: [] RequestorUid: 10191 RequestorPackageName: com.google.android.youtube] ], android.os.BinderProxy@cbcd444)
04-21 19:23:01.810  1635  2891 D ConnectivityService: releasing NetworkRequest [ TRACK_DEFAULT id=539, [ Capabilities: INTERNET&NOT_RESTRICTED&TRUSTED Uid: 10191 AdministratorUids: [] RequestorUid: 10191 RequestorPackageName: com.google.android.youtube] ] (release request)
04-21 19:23:02.056  1635  2891 D ConnectivityService: NetReassign [no changes]
04-21 19:23:05.085  1635  2891 I chatty  : uid=1000(system) ConnectivitySer identical 1 line
04-21 19:23:08.129  1635  2891 D ConnectivityService: NetReassign [no changes]
04-21 19:23:11.135  1635  1775 I ActivityManager: Killing 21078:com.google.android.apps.docs:UploadToFolder/u0a194 (adj 985): empty #33
04-21 19:23:11.144  1635  2891 D ConnectivityService: NetReassign [no changes]
04-21 19:23:26.293  1635  2891 I chatty  : uid=1000(system) ConnectivitySer identical 5 lines
04-21 19:23:29.325  1635  2891 D ConnectivityService: NetReassign [no changes]
04-21 19:23:32.314  1635  3105 I UsbPortManager: ClientCallback V1_1: port0
04-21 19:23:32.315  1635  1752 I UsbPortManager: USB port changed: port=UsbPort{id=port0, supportedModes=dualsupportedContaminantProtectionModes=0supportsEnableContaminantPresenceProtection=falsesupportsEnableContaminantPresenceDetection=false, status=UsbPortStatus{connected=false, currentMode=none, currentPowerRole=no-power, currentDataRole=no-data, supportedRoleCombinations=[no-power:no-data], contaminantDetectionStatus=0, contaminantProtectionStatus=0}, canChangeMode=true, canChangePowerRole=false, canChangeDataRole=false, connectedAtMillis=0, lastConnectDurationMillis=55750
04-21 19:23:32.349  1635  1775 W BroadcastQueue: Background execution not allowed: receiving Intent { act=android.intent.action.ACTION_POWER_DISCONNECTED flg=0x4000010 (has extras) } to com.google.android.apps.turbo/.nudges.broadcasts.BatteryStatusChangedReceiver
04-21 19:23:32.350  1635  1775 W BroadcastQueue: Background execution not allowed: receiving Intent { act=android.intent.action.ACTION_POWER_DISCONNECTED flg=0x4000010 (has extras) } to com.google.android.gms/.chimera.GmsIntentOperationService$PersistentTrustedReceiver
04-21 19:23:32.351  1635  1775 W BroadcastQueue: Background execution not allowed: receiving Intent { act=android.intent.action.ACTION_POWER_DISCONNECTED flg=0x4000010 (has extras) } to com.google.android.projection.gearhead/com.google.android.apps.auto.components.connectivity.impl.ConnectivityEventHandlerImpl$ConnectivityEventBroadcastReceiver
04-21 19:23:32.352  1635  1775 W BroadcastQueue: Background execution not allowed: receiving Intent { act=android.intent.action.ACTION_POWER_DISCONNECTED flg=0x4000010 (has extras) } to com.facebook.katana/com.facebook.battery.monitor.ContinuousBatteryMonitorService$BroadcastReceiver
04-21 19:23:32.352  1635  1775 W BroadcastQueue: Background execution not allowed: receiving Intent { act=android.intent.action.ACTION_POWER_DISCONNECTED flg=0x4000010 (has extras) } to com.weather.Weather/com.weather.dal2.system.UniversalBroadcastReceiver
04-21 19:23:32.352  1635  1775 W BroadcastQueue: Background execution not allowed: receiving Intent { act=android.intent.action.ACTION_POWER_DISCONNECTED flg=0x4000010 (has extras) } to steptracker.healthandfitness.walkingtracker.pedometer/com.drojian.stepcounter.receiver.PedometerReceiver
04-21 19:23:32.352  1635  1775 W BroadcastQueue: Background execution not allowed: receiving Intent { act=android.intent.action.ACTION_POWER_DISCONNECTED flg=0x4000010 (has extras) } to steptracker.healthandfitness.walkingtracker.pedometer/com.drojian.servicekeeper.service.WatcherService$MathReceiver
04-21 19:23:32.354  1635  2891 D ConnectivityService: NetReassign [no changes]
04-21 19:23:32.428  1635  1790 I BatteryStatsImpl: Resetting battery stats: level=90 status=2 dischargeLevel=90 lowAmount=4 highAmount=5
04-21 19:23:32.484  1635  2884 W NetworkPolicy: shared quota unsupported; generating rule for each iface
04-21 19:23:32.530  1635  1712 I ActivityManager: Killing 21048:android:ui/1000 (adj 975): empty #33
04-21 19:23:32.530  1635  1712 I ActivityManager: Killing 21129:com.android.systemui:ui/u0a158 (adj 985): empty #34
04-21 19:23:32.581  1635  2884 W NetworkPolicy: shared quota unsupported; generating rule for each iface
04-21 19:23:32.614  1635  1756 W ActivityManager: setHasOverlayUi called on unknown pid: 21048
04-21 19:23:32.626  1635  2884 W NetworkPolicy: shared quota unsupported; generating rule for each iface
04-21 19:23:33.321  1635  1752 D UsbDeviceManager: Clear notification
04-21 19:23:33.341  1635  8772 W UserManagerService: Cannot retrieve activities for disabled profile -1 from 0
04-21 19:23:33.343  1635  3044 W UserManagerService: Cannot retrieve activities for disabled profile -1 from 0
04-21 19:23:33.356  1635  9377 W ActivityManager: Background start not allowed: service Intent { act=android.hardware.usb.action.USB_STATE cmp=com.microsoft.appmanager/com.microsoft.mmx.agents.lapsedusers.LapsedUserBackgroundService (has extras) } to com.microsoft.appmanager/com.microsoft.mmx.agents.lapsedusers.LapsedUserBackgroundService from pid=24845 uid=10273 pkg=com.microsoft.appmanager startFg?=false
04-21 19:23:35.376  1635  2891 D ConnectivityService: NetReassign [no changes]
04-21 19:23:38.187  1635  8772 D ConnectivityService: Returning BLOCKED NetworkInfo to uid=10171
04-21 19:23:38.190  1635  8772 D ConnectivityService: requestNetwork for uid/pid:10171/24633 NetworkRequest [ TRACK_DEFAULT id=610, [ Capabilities: INTERNET&NOT_RESTRICTED&TRUSTED Uid: 10171 AdministratorUids: [] RequestorUid: 10171 RequestorPackageName: com.google.android.apps.photos] ]
04-21 19:23:38.191  1635  2891 D ConnectivityService: NetReassign [610 : null  126]
04-21 19:23:38.405  1635  2891 D ConnectivityService: NetReassign [no changes]
04-21 19:23:40.628  1635  1754 I ActivityTaskManager: START u0 {act=android.intent.action.MAIN cat=[android.intent.category.HOME] flg=0x10000100 cmp=com.google.android.apps.nexuslauncher/.NexusLauncherActivity (has extras)} from uid 0
04-21 19:23:40.644  1635  9377 W AutofillManagerServiceImpl: getFillEventHistory() called by UID 10114, but service UID is 10145
04-21 19:23:41.417  1635  2891 D ConnectivityService: NetReassign [no changes]
04-21 19:23:43.288  1635  9377 W ActivityManager: Foreground service started from background can not have location/camera/microphone access: service steptracker.healthandfitness.walkingtracker.pedometer/com.drojian.stepcounter.service.CounterService
04-21 19:23:43.356  1635  3047 W ActivityManager: Foreground service started from background can not have location/camera/microphone access: service steptracker.healthandfitness.walkingtracker.pedometer/com.drojian.stepcounter.service.CounterService
04-21 19:23:43.374  1635  3047 I chatty  : uid=1000(system) Binder:1635_B identical 1 line
04-21 19:23:43.452  1635  3047 W ActivityManager: Foreground service started from background can not have location/camera/microphone access: service steptracker.healthandfitness.walkingtracker.pedometer/com.drojian.stepcounter.service.CounterService
04-21 19:23:44.458  1635  2891 D ConnectivityService: NetReassign [no changes]
04-21 19:24:23.851  1635  2891 I chatty  : uid=1000(system) ConnectivitySer identical 13 lines
04-21 19:24:26.880  1635  2891 D ConnectivityService: NetReassign [no changes]
04-21 19:24:27.522  1635  1713 I ActivityManager: Killing 7338:com.android.vending:download_service/u0a123 (adj 985): empty for 1811s
04-21 19:24:27.555  1635  1713 W ActivityManager: Foreground service started from background can not have location/camera/microphone access: service steptracker.healthandfitness.walkingtracker.pedometer/com.drojian.stepcounter.service.CounterService
04-21 19:24:27.572  1635  1713 D ConnectivityService: ConnectivityService NetworkRequestInfo binderDied(NetworkRequest [ TRACK_DEFAULT id=487, [ Capabilities: INTERNET&NOT_RESTRICTED&TRUSTED Uid: 10123 AdministratorUids: [] RequestorUid: 10123 RequestorPackageName: com.android.vending] ], android.os.BinderProxy@4860af1)
04-21 19:24:27.572  1635  8772 D ConnectivityService: ConnectivityService NetworkRequestInfo binderDied(NetworkRequest [ LISTEN id=488, [ Capabilities: INTERNET&NOT_RESTRICTED&TRUSTED Uid: 10123 AdministratorUids: [] RequestorUid: 10123 RequestorPackageName: com.android.vending] ], android.os.BinderProxy@fed8d57)
04-21 19:24:27.572  1635  2891 D ConnectivityService: releasing NetworkRequest [ TRACK_DEFAULT id=487, [ Capabilities: INTERNET&NOT_RESTRICTED&TRUSTED Uid: 10123 AdministratorUids: [] RequestorUid: 10123 RequestorPackageName: com.android.vending] ] (release request)
04-21 19:24:27.572  1635  3047 D ConnectivityService: ConnectivityService NetworkRequestInfo binderDied(NetworkRequest [ TRACK_DEFAULT id=485, [ Capabilities: INTERNET&NOT_RESTRICTED&TRUSTED Uid: 10123 AdministratorUids: [] RequestorUid: 10123 RequestorPackageName: com.android.vending] ], android.os.BinderProxy@bce46d6)
04-21 19:24:27.573  1635  2891 D ConnectivityService: releasing NetworkRequest [ TRACK_DEFAULT id=485, [ Capabilities: INTERNET&NOT_RESTRICTED&TRUSTED Uid: 10123 AdministratorUids: [] RequestorUid: 10123 RequestorPackageName: com.android.vending] ] (release request)
04-21 19:24:28.558  1635  3047 I ActivityManager: Killing 21565:com.android.systemui:screenshot/u0a158 (adj 975): empty for 1800s
04-21 19:24:28.654  1635  1756 W ActivityManager: setHasOverlayUi called on unknown pid: 21565
04-21 19:24:28.706  1635  3045 W ActivityManager: Foreground service started from background can not have location/camera/microphone access: service steptracker.healthandfitness.walkingtracker.pedometer/com.drojian.stepcounter.service.CounterService
04-21 19:24:29.905  1635  2891 D ConnectivityService: NetReassign [no changes]
04-21 19:24:35.965  1635  2891 I chatty  : uid=1000(system) ConnectivitySer identical 2 lines
04-21 19:24:39.004  1635  2891 D ConnectivityService: NetReassign [no changes]
04-21 19:24:40.704  1635  3047 I ActivityManager: Killing 21654:com.google.android.apps.nbu.files/u0a287 (adj 999): empty for 1804s
04-21 19:24:42.041  1635  2891 D ConnectivityService: NetReassign [no changes]
04-21 19:25:36.668  1635  2891 I chatty  : uid=1000(system) ConnectivitySer identical 18 lines
04-21 19:25:39.700  1635  2891 D ConnectivityService: NetReassign [no changes]
04-21 19:25:41.652  1635  1771 I UsageStatsService: User[0] Flushing usage stats to disk
04-21 19:25:42.715  1635  2891 D ConnectivityService: NetReassign [no changes]
04-21 19:25:51.803  1635  2891 I chatty  : uid=1000(system) ConnectivitySer identical 3 lines
04-21 19:25:54.842  1635  2891 D ConnectivityService: NetReassign [no changes]
