04-21 14:20:06.422  1635 12414 I chatty  : uid=1000(system) Binder:1635_20 expire 10 lines
04-21 14:20:07.264  1635  1635 I chatty  : uid=1000 system_server expire 12 lines
04-21 14:20:09.190  1635  3044 I chatty  : uid=1000(system) Binder:1635_8 expire 14 lines
04-21 14:20:13.282  1635 11678 I chatty  : uid=1000(system) Binder:1635_1E expire 10 lines
04-21 14:20:15.287  1635  8900 I chatty  : uid=1000(system) Binder:1635_19 expire 19 lines
04-21 14:20:26.368  1635  1775 I chatty  : uid=1000(system) ActivityManager expire 8 lines
04-21 14:20:55.243  1635  4623 I chatty  : uid=1000(system) Binder:1635_11 expire 2 lines
04-21 14:20:58.290  4561  4594 I AlwaysOnHotwordDetector: onDetected
04-21 14:21:01.237  1635  1635 I chatty  : uid=1000 system_server expire 25 lines
04-21 14:21:01.239  4561  4594 I AlwaysOnHotwordDetector: onDetected
04-21 14:21:01.245  1635 12414 I chatty  : uid=1000(system) Binder:1635_20 expire 7 lines
04-21 14:21:29.338  1635  3045 I chatty  : uid=1000(system) Binder:1635_9 expire 9 lines
04-21 14:21:44.014  1635  4930 I chatty  : uid=1000(system) Binder:1635_14 expire 4 lines
04-21 14:21:51.044  1635  1771 I chatty  : uid=1000(system) android.bg expire 2 lines
04-21 14:21:51.157  1635  2891 I chatty  : uid=1000(system) ConnectivitySer expire 4 lines
04-21 14:21:51.169  1635  9190 I chatty  : uid=1000(system) Binder:1635_1A expire 3 lines
04-21 14:21:51.180  1245  1245 I wificond: Pno scan started for frequencies: 2412, 2417, 2422, 2427, 2437, 2452, 2462, 5180, 5200, 5220, 5240, 5260, 5320, 5500, 5660, 5680, 5720, 5745, 5765, 5785, 5805, 
04-21 14:21:51.193  1635  2884 I chatty  : uid=1000(system) NetworkPolicy expire 1 line
04-21 14:21:51.194  1635  3046 I chatty  : uid=1000(system) Binder:1635_A expire 4 lines
04-21 14:21:51.200  1635  9377 I chatty  : uid=1000(system) Binder:1635_1B expire 15 lines
04-21 14:21:51.502  1635  3038 I chatty  : uid=1000(system) Binder:1635_4 expire 10 lines
04-21 14:21:53.106  1635  1635 I chatty  : uid=1000 system_server expire 17 lines
04-21 14:21:54.534  1635  4612 I chatty  : uid=1000(system) Binder:1635_E expire 4 lines
04-21 14:22:21.176  1635  4613 I chatty  : uid=1000(system) Binder:1635_F expire 8 lines
04-21 14:22:32.223  1635  9190 I chatty  : uid=1000(system) Binder:1635_1A expire 20 lines
04-21 14:22:33.437  1635  1635 I chatty  : uid=1000 system_server expire 72 lines
04-21 14:22:33.483  1635  9377 I chatty  : uid=1000(system) Binder:1635_1B expire 16 lines
04-21 14:22:46.759  1635  3046 I chatty  : uid=1000(system) Binder:1635_A expire 38 lines
04-21 14:23:18.193  1635  3047 I chatty  : uid=1000(system) Binder:1635_B expire 16 lines
04-21 14:23:24.186  1635  4612 I chatty  : uid=1000(system) Binder:1635_E expire 9 lines
04-21 14:23:44.297  1635  1754 I chatty  : uid=1000(system) android.ui expire 1 line
04-21 14:24:36.332  1635  6941 I chatty  : uid=1000(system) Binder:1635_16 expire 7 lines
04-21 14:24:45.132  1635  4599 I chatty  : uid=1000(system) Binder:1635_D expire 13 lines
04-21 14:24:49.198  1635  1635 I chatty  : uid=1000 system_server expire 23 lines
04-21 14:24:50.172  1635  6941 I chatty  : uid=1000(system) Binder:1635_16 expire 6 lines
04-21 14:24:56.441  1635  4613 I chatty  : uid=1000(system) Binder:1635_F expire 1 line
04-21 14:24:56.471  1635  9377 I chatty  : uid=1000(system) Binder:1635_1B expire 4 lines
04-21 14:25:04.361  1635  9190 I chatty  : uid=1000(system) Binder:1635_1A expire 10 lines
04-21 14:25:15.394  1635 11678 I chatty  : uid=1000(system) Binder:1635_1E expire 12 lines
04-21 14:25:25.138  1635  3048 I chatty  : uid=1000(system) Binder:1635_C expire 14 lines
04-21 14:25:47.655  1635  5549 I chatty  : uid=1000(system) Binder:1635_15 expire 18 lines
04-21 14:26:20.174  4561  8436 I AlwaysOnHotwordDetector: onDetected
04-21 14:26:21.684  1635  4599 I chatty  : uid=1000(system) Binder:1635_D expire 1 line
04-21 14:27:24.907  1635  1635 I chatty  : uid=1000 system_server expire 46 lines
04-21 14:27:25.043  1635  3467 I chatty  : uid=1000(system) BluetoothRouteM expire 2 lines
04-21 14:27:25.049  1635  3469 I chatty  : uid=1000(system) uteStateMachine expire 22 lines
04-21 14:27:25.178  1635  3046 I chatty  : uid=1000(system) Binder:1635_A expire 1 line
04-21 14:28:01.362  1635 12414 I chatty  : uid=1000(system) Binder:1635_20 expire 2 lines
04-21 14:28:30.726  4561  4594 I AlwaysOnHotwordDetector: onDetected
04-21 14:28:31.265  1635  5549 I chatty  : uid=1000(system) Binder:1635_15 expire 1 line
04-21 14:28:32.092  1245  1245 I wificond: Pno scan result ready event
04-21 14:28:32.147  1245  1245 I wificond: Pno scan stopped
04-21 14:28:32.154  1635  3048 I chatty  : uid=1000(system) Binder:1635_C expire 2 lines
04-21 14:28:32.171  1245  1245 I wificond: Pno scan started for frequencies: 2412, 2417, 2422, 2427, 2437, 2452, 2462, 5180, 5200, 5220, 5240, 5260, 5320, 5500, 5660, 5680, 5720, 5745, 5765, 5785, 5805, 
04-21 14:28:32.820  1245  1245 I wificond: Pno scan result ready event
04-21 14:28:32.923  1245  1245 W wificond: Unexpected pno scan stopped event
04-21 14:28:32.954  1058  1058 D vendor.google.wifi_ext@1.0-service-vendor: Successfully SetMacAddress.
04-21 14:28:32.965  1245  1245 W wificond: Scan is not started. Ignore abort request
04-21 14:28:33.001  1635  1775 I chatty  : uid=1000(system) ActivityManager expire 6 lines
04-21 14:28:33.138  1245  1245 W wificond: No pno scan started
04-21 14:28:33.139  1635  2887 I chatty  : uid=1000(system) WifiHandlerThre expire 1 line
04-21 14:28:33.139  1245  1245 W wificond: Scheduled scan is not running!
04-21 14:28:33.164  1635  2891 I chatty  : uid=1000(system) ConnectivitySer expire 1 line
04-21 14:28:33.240  1635  2884 I chatty  : uid=1000(system) NetworkPolicy expire 14 lines
04-21 14:28:33.315  1635  2891 I chatty  : uid=1000(system) ConnectivitySer expire 20 lines
04-21 14:28:33.348  1635  1775 I chatty  : uid=1000(system) ActivityManager expire 42 lines
04-21 14:28:33.436  1635  2913 I chatty  : uid=1000(system) ConnectivityThr expire 7 lines
04-21 14:28:33.762  1635  1635 I chatty  : uid=1000 system_server expire 23 lines
04-21 14:28:33.776  1635 11678 I chatty  : uid=1000(system) Binder:1635_1E expire 19 lines
04-21 14:28:34.550  1635  4599 I chatty  : uid=1000(system) Binder:1635_D expire 32 lines
04-21 14:28:41.364  1635  9801 I chatty  : uid=1000(system) Binder:1635_1C expire 10 lines
04-21 14:28:41.378  1245  1245 I wificond: Pno scan started for frequencies: 2412, 2417, 2422, 2427, 2437, 2452, 2462, 5180, 5220, 5240, 5260, 5320, 5500, 5660, 5680, 5720, 5745, 5785, 5805, 
04-21 14:28:41.727  1635  9377 I chatty  : uid=1000(system) Binder:1635_1B expire 25 lines
04-21 14:28:42.902  1635 12414 I chatty  : uid=1000(system) Binder:1635_20 expire 21 lines
04-21 14:28:52.187  1245  1245 I wificond: Pno scan stopped
04-21 14:28:52.213  1245  1245 I wificond: Pno scan started for frequencies: 2412, 2417, 2422, 2427, 2437, 2452, 2462, 5180, 5220, 5240, 5260, 5320, 5500, 5660, 5680, 5720, 5745, 5785, 5805, 
04-21 14:28:58.891  1635  3038 I chatty  : uid=1000(system) Binder:1635_4 expire 13 lines
04-21 14:29:50.475  1635 11490 I chatty  : uid=1000(system) Binder:1635_1D expire 25 lines
04-21 14:29:50.481  1635  8900 I chatty  : uid=1000(system) Binder:1635_19 expire 14 lines
04-21 14:29:50.504  1635  2881 I chatty  : uid=1000(system) Binder:1635_3 expire 16 lines
04-21 14:29:50.505  1635  1776 I chatty  : uid=1000(system) ActivityManager expire 58 lines
04-21 14:29:50.552  1245  1245 I wificond: Pno scan stopped
04-21 14:29:50.560  1245  1245 I wificond: Pno scan started for frequencies: 2412, 2417, 2422, 2427, 2437, 2452, 2462, 5180, 5220, 5240, 5260, 5320, 5500, 5660, 5680, 5720, 5745, 5785, 5805, 
04-21 14:29:50.585  1245  1245 I wificond: Pno scan stopped
04-21 14:29:50.594  1245  1245 I wificond: Pno scan started for frequencies: 2412, 2417, 2422, 2427, 2437, 2452, 2462, 5180, 5220, 5240, 5260, 5320, 5500, 5660, 5680, 5720, 5745, 5785, 5805, 
04-21 14:29:52.841  1245  1245 I wificond: Pno scan stopped
04-21 14:29:52.848  1245  1245 I wificond: Pno scan started for frequencies: 2412, 2417, 2422, 2427, 2437, 2452, 2462, 5180, 5220, 5240, 5260, 5320, 5500, 5660, 5680, 5720, 5745, 5785, 5805, 
04-21 14:29:52.880  1635  2891 I chatty  : uid=1000(system) ConnectivitySer expire 33 lines
04-21 14:29:55.531  1635  4624 I chatty  : uid=1000(system) Binder:1635_12 expire 15 lines
04-21 14:30:57.638  1635 12312 I chatty  : uid=1000(system) Binder:1635_1F expire 55 lines
04-21 14:30:58.920  1635  9801 I chatty  : uid=1000(system) Binder:1635_1C expire 69 lines
04-21 14:30:59.248  1635  3046 I chatty  : uid=1000(system) Binder:1635_A expire 21 lines
04-21 14:31:00.408  1635  3048 I chatty  : uid=1000(system) Binder:1635_C expire 11 lines
04-21 14:31:02.459  1635  4613 I chatty  : uid=1000(system) Binder:1635_F expire 13 lines
04-21 14:31:04.856  1635  4623 I chatty  : uid=1000(system) Binder:1635_11 expire 20 lines
04-21 14:31:05.452  1635  5549 I chatty  : uid=1000(system) Binder:1635_15 expire 48 lines
04-21 14:31:05.453  1635  4614 I chatty  : uid=1000(system) Binder:1635_10 expire 25 lines
04-21 14:31:07.429  1635  1752 I chatty  : uid=1000(system) android.fg expire 11 lines
04-21 14:31:07.642  1635  1635 I chatty  : uid=1000 system_server expire 21 lines
04-21 14:31:10.407  1635  1712 I chatty  : uid=1000(system) Binder:1635_1 expire 19 lines
04-21 14:31:11.837  1635  4630 I chatty  : uid=1000(system) Binder:1635_13 expire 15 lines
04-21 14:31:12.429  1635 12414 I chatty  : uid=1000(system) Binder:1635_20 expire 11 lines
04-21 14:31:12.491  1635  1790 I chatty  : uid=1000(system) batterystats-wo expire 14 lines
04-21 14:31:16.439  1635  3047 I chatty  : uid=1000(system) Binder:1635_B expire 11 lines
04-21 14:31:16.918  1635  3044 I chatty  : uid=1000(system) Binder:1635_8 expire 12 lines
04-21 14:31:19.332  1635  3045 I chatty  : uid=1000(system) Binder:1635_9 expire 18 lines
04-21 14:31:48.121  1635  6941 I chatty  : uid=1000(system) Binder:1635_16 expire 26 lines
04-21 14:32:10.442  1635  1754 I chatty  : uid=1000(system) android.ui expire 12 lines
04-21 14:34:14.877  1635  3467 I chatty  : uid=1000(system) BluetoothRouteM expire 2 lines
04-21 14:34:14.885  1635  3469 I chatty  : uid=1000(system) uteStateMachine expire 22 lines
04-21 14:34:16.894  1635  3043 I chatty  : uid=1000(system) Binder:1635_7 expire 13 lines
04-21 14:34:19.535 18664 18664 E ActivityThread: Failed to find provider info for com.samsung.android.mdx.windowslink.Tile.Provider
04-21 14:34:19.918 18664 18748 E ActivityThread: Failed to find provider info for com.microsoft.yourphonecompanion.contentprovider.featureoverride
04-21 14:34:45.000  1635  1635 I chatty  : uid=1000 system_server expire 12 lines
04-21 14:34:45.001  4561  8436 I AlwaysOnHotwordDetector: onDetected
04-21 14:34:45.242 18664 18748 E ActivityThread: Failed to find provider info for com.microsoft.yourphonecompanion.contentprovider.featureoverride
04-21 14:34:46.034  1635  8772 I chatty  : uid=1000(system) Binder:1635_17 expire 15 lines
04-21 14:34:46.170  1635  4612 I chatty  : uid=1000(system) Binder:1635_E expire 10 lines
04-21 14:34:46.445  1635  1776 I chatty  : uid=1000(system) ActivityManager expire 12 lines
04-21 14:34:46.655  1245  1245 I wificond: Pno scan stopped
04-21 14:34:46.660  1245  1245 I wificond: Pno scan started for frequencies: 2412, 2417, 2422, 2427, 2437, 2452, 2462, 5180, 5200, 5220, 5240, 5260, 5320, 5500, 5660, 5680, 5720, 5745, 5765, 5785, 5805, 
04-21 14:34:46.704  1245  1245 W wificond: Scan is not started. Ignore abort request
04-21 14:34:46.778  1635  2887 I chatty  : uid=1000(system) WifiHandlerThre expire 6 lines
04-21 14:34:46.778  1245  1245 I wificond: Pno scan stopped
04-21 14:34:47.544  1635  3040 I chatty  : uid=1000(system) Binder:1635_5 expire 15 lines
04-21 14:34:47.912  1635  2884 I chatty  : uid=1000(system) NetworkPolicy expire 21 lines
04-21 14:34:48.881  1635  2891 I chatty  : uid=1000(system) ConnectivitySer expire 11 lines
04-21 14:34:51.380  1635  1862 I chatty  : uid=1000(system) PowerManagerSer expire 12 lines
04-21 14:34:51.434  1635  1756 I chatty  : uid=1000(system) android.display expire 12 lines
04-21 14:34:51.637  1635  1752 I chatty  : uid=1000(system) android.fg expire 11 lines
04-21 14:34:53.988 18416 18778 E ActivityThread: Failed to find provider info for com.facebook.appmanager.firstparty.crashreporter
04-21 14:34:55.202  1635  1713 I chatty  : uid=1000(system) Binder:1635_2 expire 9 lines
04-21 14:34:55.341  1635  8781 I chatty  : uid=1000(system) Binder:1635_18 expire 48 lines
04-21 14:34:55.502  1635  4930 I chatty  : uid=1000(system) Binder:1635_14 expire 8 lines
04-21 14:34:55.685  1635  9190 I chatty  : uid=1000(system) Binder:1635_1A expire 11 lines
04-21 14:34:56.038  1635  4613 I chatty  : uid=1000(system) Binder:1635_F expire 20 lines
04-21 14:34:57.860 11498 19326 E ActivityThread: Failed to find provider info for com.facebook.appmanager.attribution
04-21 14:34:57.967  1635  1635 I chatty  : uid=1000 system_server expire 58 lines
04-21 14:35:02.479  1635  2895 I chatty  : uid=1000(system) ranker expire 1 line
04-21 14:35:02.759 19510 19510 D ActivityThread: Loading provider contacts;com.android.contacts: com.android.providers.contacts.ContactsProvider2
04-21 14:35:06.866  1635  1775 I chatty  : uid=1000(system) ActivityManager expire 10 lines
04-21 14:35:14.527  1635  1771 I chatty  : uid=1000(system) android.bg expire 15 lines
04-21 14:35:14.551  1635  4624 I chatty  : uid=1000(system) Binder:1635_12 expire 12 lines
04-21 14:35:14.552  1635  3038 I chatty  : uid=1000(system) Binder:1635_4 expire 35 lines
04-21 14:35:24.791  1635  2891 I chatty  : uid=1000(system) ConnectivitySer expire 23 lines
04-21 14:35:56.948  1635  1776 I chatty  : uid=1000(system) ActivityManager expire 20 lines
04-21 14:39:40.314  1635  1974 I chatty  : uid=1000(system) InputReader expire 4 lines
04-21 14:39:41.130  1245  1245 I wificond: Pno scan started for frequencies: 2412, 2417, 2422, 2427, 2437, 2452, 2462, 5180, 5220, 5240, 5260, 5320, 5500, 5660, 5680, 5720, 5745, 5785, 5805, 
04-21 14:41:30.922  1635  3047 I chatty  : uid=1000(system) Binder:1635_B expire 11 lines
04-21 14:41:31.515  1635  1635 I chatty  : uid=1000 system_server expire 59 lines
04-21 14:41:37.219  1635  3044 I chatty  : uid=1000(system) Binder:1635_8 expire 10 lines
04-21 14:41:56.424  1635  3042 I chatty  : uid=1000(system) Binder:1635_6 expire 20 lines
04-21 14:44:05.396  1245  1245 I wificond: Pno scan stopped
04-21 14:44:05.406  1245  1245 I wificond: Pno scan started for frequencies: 2412, 2417, 2422, 2427, 2437, 2452, 2462, 5180, 5220, 5240, 5260, 5320, 5500, 5660, 5680, 5720, 5745, 5785, 5805, 
04-21 14:44:05.445  1635  3042 I chatty  : uid=1000(system) Binder:1635_6 expire 59 lines
04-21 14:44:58.607  1635  4623 I chatty  : uid=1000(system) Binder:1635_11 expire 14 lines
04-21 14:45:01.303  1635  1635 I chatty  : uid=1000 system_server expire 135 lines
04-21 14:45:05.454  1635  9377 I chatty  : uid=1000(system) Binder:1635_1B expire 31 lines
04-21 14:45:06.567  1635  3045 I chatty  : uid=1000(system) Binder:1635_9 expire 14 lines
04-21 14:46:06.426  1635  3044 I chatty  : uid=1000(system) Binder:1635_8 expire 38 lines
04-21 14:47:27.027  1635  1775 I chatty  : uid=1000(system) ActivityManager expire 15 lines
04-21 14:48:29.294  4561  8436 I AlwaysOnHotwordDetector: onDetected
04-21 14:48:30.690  1635  4613 I chatty  : uid=1000(system) Binder:1635_F expire 13 lines
04-21 14:49:07.440  1635  1776 I chatty  : uid=1000(system) ActivityManager expire 12 lines
04-21 14:49:10.677  1245  1245 I wificond: Pno scan stopped
04-21 14:49:10.688  1245  1245 I wificond: Pno scan started for frequencies: 2412, 2417, 2422, 2427, 2437, 2452, 2462, 5180, 5220, 5240, 5260, 5320, 5500, 5660, 5680, 5720, 5745, 5785, 5805, 
04-21 14:49:11.341  1245  1245 I wificond: Pno scan result ready event
04-21 14:49:11.364  1245  1245 I wificond: Pno scan stopped
04-21 14:49:11.372  1245  1245 I wificond: Pno scan started for frequencies: 2412, 2417, 2422, 2427, 2437, 2452, 2462, 5180, 5200, 5220, 5240, 5260, 5320, 5500, 5660, 5680, 5720, 5745, 5765, 5785, 5805, 
04-21 14:49:11.972  1635  4613 I chatty  : uid=1000(system) Binder:1635_F expire 32 lines
04-21 14:49:13.037  1635  3044 I chatty  : uid=1000(system) Binder:1635_8 expire 13 lines
04-21 14:49:16.482  1635  3042 I chatty  : uid=1000(system) Binder:1635_6 expire 16 lines
04-21 14:49:17.389  1635  1635 I chatty  : uid=1000 system_server expire 40 lines
04-21 14:49:20.935  1635  4599 I chatty  : uid=1000(system) Binder:1635_D expire 15 lines
04-21 14:49:31.380  1245  1245 I wificond: Pno scan stopped
04-21 14:49:31.391  1245  1245 I wificond: Pno scan started for frequencies: 2412, 2417, 2422, 2427, 2437, 2452, 2462, 5180, 5200, 5220, 5240, 5260, 5320, 5500, 5660, 5680, 5720, 5745, 5765, 5785, 5805, 
04-21 14:49:32.061  1245  1245 I wificond: Pno scan result ready event
04-21 14:49:32.174  1245  1245 W wificond: Unexpected pno scan stopped event
04-21 14:49:32.200  1058  1058 D vendor.google.wifi_ext@1.0-service-vendor: Successfully SetMacAddress.
04-21 14:49:32.208  1245  1245 W wificond: Scan is not started. Ignore abort request
04-21 14:49:32.447  1245  1301 I wificond: convertCertToPem:84 Certificate already in PEM format, returning
04-21 14:49:32.777  1245  1245 W wificond: No pno scan started
04-21 14:49:32.777  1245  1245 W wificond: Scheduled scan is not running!
04-21 14:49:34.066  1635  2891 I chatty  : uid=1000(system) ConnectivitySer expire 12 lines
04-21 14:49:34.168  1635  3046 I chatty  : uid=1000(system) Binder:1635_A expire 17 lines
04-21 14:49:34.221  1635  1775 I chatty  : uid=1000(system) ActivityManager expire 17 lines
04-21 14:49:34.228   939   979 E NetlinkEvent: NetlinkEvent::FindParam(): Parameter 'INTERFACE' not found
04-21 14:49:34.228   939   979 E NetlinkEvent: NetlinkEvent::FindParam(): Parameter 'STATE' not found
04-21 14:49:34.228   939   979 E NetlinkEvent: NetlinkEvent::FindParam(): Parameter 'TIME_NS' not found
04-21 14:49:34.228   939   979 E NetlinkEvent: NetlinkEvent::FindParam(): Parameter 'UID' not found
04-21 14:49:34.245  1635 12414 I chatty  : uid=1000(system) Binder:1635_20 expire 14 lines
04-21 14:49:34.297  1635  3043 I chatty  : uid=1000(system) Binder:1635_7 expire 28 lines
04-21 14:49:34.313  1635  9377 I chatty  : uid=1000(system) Binder:1635_1B expire 15 lines
04-21 14:49:34.315  1635 11490 I chatty  : uid=1000(system) Binder:1635_1D expire 19 lines
04-21 14:49:34.362  1058  1058 I vendor.google.wifi_ext@1.0-service-vendor: Wifi: Reseting SAR Scenario to default
04-21 14:49:49.817  1245  1245 I wificond: Pno scan started for frequencies: 2412, 2417, 2422, 2427, 2437, 2452, 2462, 5180, 5200, 5220, 5240, 5260, 5320, 5500, 5660, 5680, 5720, 5745, 5765, 5785, 5805, 
04-21 14:49:49.864  1635  2891 I chatty  : uid=1000(system) ConnectivitySer expire 27 lines
04-21 14:49:49.868   939   979 E NetlinkEvent: NetlinkEvent::FindParam(): Parameter 'INTERFACE' not found
04-21 14:49:49.868   939   979 E NetlinkEvent: NetlinkEvent::FindParam(): Parameter 'STATE' not found
04-21 14:49:49.868   939   979 E NetlinkEvent: NetlinkEvent::FindParam(): Parameter 'TIME_NS' not found
04-21 14:49:49.868   939   979 E NetlinkEvent: NetlinkEvent::FindParam(): Parameter 'UID' not found
04-21 14:49:49.909  1635  4624 I chatty  : uid=1000(system) Binder:1635_12 expire 17 lines
04-21 14:50:03.606  1635  4623 I chatty  : uid=1000(system) Binder:1635_11 expire 21 lines
04-21 14:50:04.723  1635  4630 I chatty  : uid=1000(system) Binder:1635_13 expire 14 lines
04-21 14:51:10.799  1635  1635 I chatty  : uid=1000 system_server expire 14 lines
04-21 14:51:30.650  1245  1245 I wificond: Pno scan result ready event
04-21 14:51:30.725  1245  1245 W wificond: Unexpected pno scan stopped event
04-21 14:51:30.756  1058  1058 D vendor.google.wifi_ext@1.0-service-vendor: Successfully SetMacAddress.
04-21 14:51:30.762  1245  1245 W wificond: Scan is not started. Ignore abort request
04-21 14:51:30.931  1245  1245 W wificond: No pno scan started
04-21 14:51:30.931  1245  1245 W wificond: Scheduled scan is not running!
04-21 14:51:30.994  1635  2884 I chatty  : uid=1000(system) NetworkPolicy expire 13 lines
04-21 14:51:31.605  1635  1635 I chatty  : uid=1000 system_server expire 54 lines
04-21 14:51:31.620  1635  3047 I chatty  : uid=1000(system) Binder:1635_B expire 12 lines
04-21 14:51:36.977  1635  6941 I chatty  : uid=1000(system) Binder:1635_16 expire 11 lines
04-21 14:51:39.538  1635  9190 I chatty  : uid=1000(system) Binder:1635_1A expire 14 lines
04-21 14:51:39.542  1245  1245 I wificond: Pno scan started for frequencies: 2412, 2417, 2422, 2427, 2437, 2452, 2462, 5180, 5220, 5240, 5260, 5320, 5500, 5660, 5680, 5720, 5745, 5765, 5785, 5805, 
04-21 14:51:40.232  1635  4623 I chatty  : uid=1000(system) Binder:1635_11 expire 28 lines
04-21 14:51:52.485  1635  9801 I chatty  : uid=1000(system) Binder:1635_1C expire 18 lines
04-21 14:52:05.855  1635  4599 I chatty  : uid=1000(system) Binder:1635_D expire 27 lines
04-21 14:52:57.459  1635  1775 I chatty  : uid=1000(system) ActivityManager expire 15 lines
04-21 14:52:57.474  1635  2891 I chatty  : uid=1000(system) ConnectivitySer expire 17 lines
04-21 14:53:20.215  1245  1245 I wificond: Pno scan result ready event
04-21 14:53:20.379  1245  1245 W wificond: Unexpected pno scan stopped event
04-21 14:53:20.409  1058  1058 D vendor.google.wifi_ext@1.0-service-vendor: Successfully SetMacAddress.
04-21 14:53:20.415  1245  1245 W wificond: Scan is not started. Ignore abort request
04-21 14:53:20.513  1635 11678 I chatty  : uid=1000(system) Binder:1635_1E expire 17 lines
04-21 14:53:20.622  1245  1301 I wificond: convertCertToPem:84 Certificate already in PEM format, returning
04-21 14:53:20.830  1245  1245 W wificond: No pno scan started
04-21 14:53:20.830  1245  1245 W wificond: Scheduled scan is not running!
04-21 14:53:27.824  1635  1635 I chatty  : uid=1000 system_server expire 52 lines
04-21 14:53:48.241   939   979 E NetlinkEvent: NetlinkEvent::FindParam(): Parameter 'INTERFACE' not found
04-21 14:53:48.241   939   979 E NetlinkEvent: NetlinkEvent::FindParam(): Parameter 'STATE' not found
04-21 14:53:48.241   939   979 E NetlinkEvent: NetlinkEvent::FindParam(): Parameter 'TIME_NS' not found
04-21 14:53:48.241   939   979 E NetlinkEvent: NetlinkEvent::FindParam(): Parameter 'UID' not found
04-21 14:53:48.252  1635  2891 I chatty  : uid=1000(system) ConnectivitySer expire 11 lines
04-21 14:53:48.627  1635  1752 I chatty  : uid=1000(system) android.fg expire 16 lines
04-21 14:53:48.656  1635  4623 I chatty  : uid=1000(system) Binder:1635_11 expire 13 lines
04-21 14:53:48.662  1058  1058 I vendor.google.wifi_ext@1.0-service-vendor: Wifi: Reseting SAR Scenario to default
04-21 14:53:48.709  1635  2884 I chatty  : uid=1000(system) NetworkPolicy expire 10 lines
04-21 14:53:48.840  1635  4612 I chatty  : uid=1000(system) Binder:1635_E expire 41 lines
04-21 14:53:49.024  1635  1775 I chatty  : uid=1000(system) ActivityManager expire 18 lines
04-21 14:53:59.076  1635  3045 I chatty  : uid=1000(system) Binder:1635_9 expire 13 lines
04-21 14:54:09.409  1245  1245 I wificond: Pno scan started for frequencies: 2412, 2417, 2422, 2427, 2437, 2452, 2462, 5180, 5220, 5240, 5260, 5320, 5500, 5660, 5680, 5720, 5745, 5765, 5785, 5805, 
04-21 14:54:09.455  1635  4599 I chatty  : uid=1000(system) Binder:1635_D expire 12 lines
04-21 14:54:09.462   939   979 E NetlinkEvent: NetlinkEvent::FindParam(): Parameter 'INTERFACE' not found
04-21 14:54:09.462   939   979 E NetlinkEvent: NetlinkEvent::FindParam(): Parameter 'STATE' not found
04-21 14:54:09.462   939   979 E NetlinkEvent: NetlinkEvent::FindParam(): Parameter 'TIME_NS' not found
04-21 14:54:09.462   939   979 E NetlinkEvent: NetlinkEvent::FindParam(): Parameter 'UID' not found
04-21 14:54:09.464  1635  2891 I chatty  : uid=1000(system) ConnectivitySer expire 20 lines
04-21 14:54:58.403  1635  1771 I chatty  : uid=1000(system) android.bg expire 2 lines
04-21 14:55:38.551  1635  1635 I chatty  : uid=1000 system_server expire 132 lines
04-21 14:55:41.363  4561  4594 I AlwaysOnHotwordDetector: onDetected
04-21 14:58:50.759  1635  8781 I chatty  : uid=1000(system) Binder:1635_18 expire 10 lines
04-21 14:58:52.631  1635  4613 I chatty  : uid=1000(system) Binder:1635_F expire 21 lines
04-21 15:00:14.482  1635  1776 I chatty  : uid=1000(system) ActivityManager expire 11 lines
04-21 15:00:14.696  1245  1245 I wificond: Pno scan stopped
04-21 15:00:14.707  1245  1245 I wificond: Pno scan started for frequencies: 2412, 2417, 2422, 2427, 2437, 2452, 2462, 5180, 5220, 5240, 5260, 5320, 5500, 5660, 5680, 5720, 5745, 5765, 5785, 5805, 
04-21 15:00:14.745  1245  1245 I wificond: Pno scan stopped
04-21 15:00:14.752  1245  1245 I wificond: Pno scan started for frequencies: 2412, 2417, 2422, 2427, 2437, 2452, 2462, 5180, 5220, 5240, 5260, 5320, 5500, 5660, 5680, 5720, 5745, 5765, 5785, 5805, 
04-21 15:00:15.037  1635  4613 I chatty  : uid=1000(system) Binder:1635_F expire 18 lines
04-21 15:00:15.107  1635  1635 I chatty  : uid=1000 system_server expire 155 lines
04-21 15:00:15.981  1635  5549 I chatty  : uid=1000(system) Binder:1635_15 expire 38 lines
04-21 15:00:18.621  1635  9801 I chatty  : uid=1000(system) Binder:1635_1C expire 12 lines
04-21 15:00:34.563  1635  4612 I chatty  : uid=1000(system) Binder:1635_E expire 11 lines
04-21 15:00:47.285  1635  8781 I chatty  : uid=1000(system) Binder:1635_18 expire 16 lines
04-21 15:01:01.877  1635  8772 I chatty  : uid=1000(system) Binder:1635_17 expire 40 lines
04-21 15:01:09.638  1635  2881 I chatty  : uid=1000(system) Binder:1635_3 expire 37 lines
04-21 15:03:55.560  1245  1245 I wificond: Pno scan result ready event
04-21 15:03:55.591  1245  1245 I wificond: Pno scan stopped
04-21 15:03:55.621  1245  1245 I wificond: Pno scan started for frequencies: 2412, 2417, 2422, 2427, 2437, 2452, 2462, 5180, 5200, 5220, 5240, 5260, 5320, 5500, 5660, 5680, 5720, 5745, 5765, 5785, 5805, 
04-21 15:03:56.279  1245  1245 I wificond: Pno scan result ready event
04-21 15:03:56.369  1245  1245 W wificond: Unexpected pno scan stopped event
04-21 15:03:56.398  1058  1058 D vendor.google.wifi_ext@1.0-service-vendor: Successfully SetMacAddress.
04-21 15:03:56.404  1245  1245 W wificond: Scan is not started. Ignore abort request
04-21 15:03:56.512  1245  1245 W wificond: No pno scan started
04-21 15:03:56.513  1245  1245 W wificond: Scheduled scan is not running!
04-21 15:03:56.603  1635  2884 I chatty  : uid=1000(system) NetworkPolicy expire 19 lines
04-21 15:03:56.999  1635  8772 I chatty  : uid=1000(system) Binder:1635_17 expire 2 lines
04-21 15:03:57.108  1635  1635 I chatty  : uid=1000 system_server expire 11 lines
04-21 15:04:00.567  1635  2891 I chatty  : uid=1000(system) ConnectivitySer expire 32 lines
04-21 15:04:01.621  1635  2881 I chatty  : uid=1000(system) Binder:1635_3 expire 12 lines
04-21 15:04:08.375  1635  1775 I chatty  : uid=1000(system) ActivityManager expire 17 lines
04-21 15:04:08.393  1635  9377 I chatty  : uid=1000(system) Binder:1635_1B expire 11 lines
04-21 15:04:08.395  1245  1245 I wificond: Pno scan started for frequencies: 2412, 2417, 2422, 2427, 2437, 2452, 2462, 5180, 5220, 5240, 5260, 5320, 5500, 5660, 5680, 5720, 5745, 5765, 5785, 5805, 
04-21 15:04:09.104  1245  1245 I wificond: Pno scan result ready event
04-21 15:04:09.190  1245  1245 W wificond: Unexpected pno scan stopped event
04-21 15:04:09.223  1058  1058 D vendor.google.wifi_ext@1.0-service-vendor: Successfully SetMacAddress.
04-21 15:04:09.228  1245  1245 W wificond: Scan is not started. Ignore abort request
04-21 15:04:09.456  1245  1245 W wificond: No pno scan started
04-21 15:04:09.456  1245  1245 W wificond: Scheduled scan is not running!
04-21 15:04:09.833   939   979 E NetlinkEvent: NetlinkEvent::FindParam(): Parameter 'INTERFACE' not found
04-21 15:04:09.833   939   979 E NetlinkEvent: NetlinkEvent::FindParam(): Parameter 'STATE' not found
04-21 15:04:09.833   939   979 E NetlinkEvent: NetlinkEvent::FindParam(): Parameter 'TIME_NS' not found
04-21 15:04:09.833   939   979 E NetlinkEvent: NetlinkEvent::FindParam(): Parameter 'UID' not found
04-21 15:04:09.955  1058  1058 I vendor.google.wifi_ext@1.0-service-vendor: Wifi: Reseting SAR Scenario to default
04-21 15:04:09.963  1635  5549 I chatty  : uid=1000(system) Binder:1635_15 expire 31 lines
04-21 15:04:41.354  1635  3042 I chatty  : uid=1000(system) Binder:1635_6 expire 15 lines
04-21 15:04:58.310  1635 11678 I chatty  : uid=1000(system) Binder:1635_1E expire 7 lines
04-21 15:05:23.074  1635  1862 I chatty  : uid=1000(system) PowerManagerSer expire 14 lines
04-21 15:05:33.974  1635  4630 I chatty  : uid=1000(system) Binder:1635_13 expire 13 lines
04-21 15:10:00.077  4561  4594 I AlwaysOnHotwordDetector: onDetected
04-21 15:11:01.884  1635  1635 I chatty  : uid=1000 system_server expire 18 lines
04-21 15:11:01.885  4561  4594 I AlwaysOnHotwordDetector: onDetected
04-21 15:11:03.140  1635  1775 I chatty  : uid=1000(system) ActivityManager expire 30 lines
04-21 15:11:03.140  4561  4561 W AlwaysOnHotwordDetector: startRecognition() failed with error code -2147483648
04-21 15:11:04.138  1635 12312 I chatty  : uid=1000(system) Binder:1635_1F expire 15 lines
04-21 15:11:04.329  4561  4594 I AlwaysOnHotwordDetector: onError: -32
04-21 15:11:07.009  4561  4594 I AlwaysOnHotwordDetector: onDetected
04-21 15:12:01.507  4561  4594 I AlwaysOnHotwordDetector: onDetected
04-21 15:12:17.471  1635  1862 I chatty  : uid=1000(system) PowerManagerSer expire 18 lines
04-21 15:12:17.602  1635  2891 I chatty  : uid=1000(system) ConnectivitySer expire 28 lines
04-21 15:14:18.399  1635  3040 I chatty  : uid=1000(system) Binder:1635_5 expire 2 lines
04-21 15:14:18.412  1635  3047 I chatty  : uid=1000(system) Binder:1635_B expire 9 lines
04-21 15:14:18.412  1635  3044 I chatty  : uid=1000(system) Binder:1635_8 expire 14 lines
04-21 15:17:19.556  1635  1776 I chatty  : uid=1000(system) ActivityManager expire 17 lines
04-21 15:17:21.822  1635 11490 I chatty  : uid=1000(system) Binder:1635_1D expire 24 lines
04-21 15:17:22.760  1635  4624 I chatty  : uid=1000(system) Binder:1635_12 expire 10 lines
04-21 15:17:29.252 22310 22405 E ActivityThread: Failed to find provider info for com.facebook.appmanager.firstparty.crashreporter
04-21 15:20:21.169  1635  9801 I chatty  : uid=1000(system) Binder:1635_1C expire 18 lines
04-21 15:20:24.546  1635 12414 I chatty  : uid=1000(system) Binder:1635_20 expire 13 lines
04-21 15:20:54.474 22310 22925 E ActivityThread: Failed to find provider info for com.facebook.appmanager.attribution
04-21 15:20:55.634  1635  2884 I chatty  : uid=1000(system) NetworkPolicy expire 10 lines
04-21 15:20:56.315  1635  2891 I chatty  : uid=1000(system) ConnectivitySer expire 426 lines
04-21 15:21:04.397  1635  1775 I chatty  : uid=1000(system) ActivityManager expire 96 lines
04-21 15:21:06.258  1635  1712 I chatty  : uid=1000(system) Binder:1635_1 expire 26 lines
04-21 15:21:15.280  1635  1756 I chatty  : uid=1000(system) android.display expire 23 lines
04-21 15:21:19.585  1635  3042 I chatty  : uid=1000(system) Binder:1635_6 expire 2 lines
04-21 15:24:15.521  1635  4612 I chatty  : uid=1000(system) Binder:1635_E expire 20 lines
04-21 15:30:13.941  1635  1635 I chatty  : uid=1000 system_server expire 11 lines
04-21 15:32:19.524  1635  3046 I chatty  : uid=1000(system) Binder:1635_A expire 26 lines
04-21 15:33:26.431  1635  4613 I chatty  : uid=1000(system) Binder:1635_F expire 4 lines
04-21 15:33:26.485  1635  9190 I chatty  : uid=1000(system) Binder:1635_1A expire 16 lines
04-21 15:33:26.485  1635  4614 I chatty  : uid=1000(system) Binder:1635_10 expire 43 lines
04-21 15:40:12.669  1635  3043 I chatty  : uid=1000(system) Binder:1635_7 expire 22 lines
04-21 15:40:12.769  1635  6941 I chatty  : uid=1000(system) Binder:1635_16 expire 23 lines
04-21 15:40:18.507 24207 24340 E ActivityThread: Failed to find provider info for com.facebook.appmanager.firstparty.crashreporter
04-21 15:40:18.547  1635  1776 I chatty  : uid=1000(system) ActivityManager expire 23 lines
04-21 15:41:39.660  1635  1635 I chatty  : uid=1000 system_server expire 14 lines
04-21 15:41:40.105  1635  1862 I chatty  : uid=1000(system) PowerManagerSer expire 25 lines
04-21 15:41:40.134  1635  1756 I chatty  : uid=1000(system) android.display expire 10 lines
04-21 15:41:49.824  1635  3048 I chatty  : uid=1000(system) Binder:1635_C expire 21 lines
04-21 15:58:47.524  4561 24776 I AlwaysOnHotwordDetector: onDetected
04-21 16:00:01.320  1635  1775 I chatty  : uid=1000(system) ActivityManager expire 27 lines
04-21 16:00:31.759  4561 24776 I AlwaysOnHotwordDetector: onDetected
04-21 16:00:33.148  1635 11490 I chatty  : uid=1000(system) Binder:1635_1D expire 53 lines
04-21 16:00:53.888  1635  1790 I chatty  : uid=1000(system) batterystats-wo expire 15 lines
04-21 16:03:19.534  1635  5549 I chatty  : uid=1000(system) Binder:1635_15 expire 29 lines
04-21 16:03:19.557  1635  3043 I chatty  : uid=1000(system) Binder:1635_7 expire 85 lines
04-21 16:03:19.662  1635  3046 I chatty  : uid=1000(system) Binder:1635_A expire 44 lines
04-21 16:06:02.949  4561  4594 I AlwaysOnHotwordDetector: onDetected
04-21 16:06:04.463  1635  4614 I chatty  : uid=1000(system) Binder:1635_10 expire 73 lines
04-21 16:33:30.476  1635  3046 I chatty  : uid=1000(system) Binder:1635_A expire 22 lines
04-21 16:33:30.527  1635  5549 I chatty  : uid=1000(system) Binder:1635_15 expire 49 lines
04-21 16:33:32.746  1635  2891 I chatty  : uid=1000(system) ConnectivitySer expire 108 lines
04-21 16:33:41.580  1635  9190 I chatty  : uid=1000(system) Binder:1635_1A expire 29 lines
04-21 16:33:42.482  1635 11490 I chatty  : uid=1000(system) Binder:1635_1D expire 10 lines
04-21 16:34:01.859  1635  3043 I chatty  : uid=1000(system) Binder:1635_7 expire 5 lines
04-21 16:34:12.439  1635  1635 I chatty  : uid=1000 system_server expire 25 lines
04-21 16:34:13.295  1635  3044 I chatty  : uid=1000(system) Binder:1635_8 expire 2 lines
04-21 16:40:15.332  1635  1790 I chatty  : uid=1000(system) batterystats-wo expire 12 lines
04-21 16:55:40.303  4561  8436 I AlwaysOnHotwordDetector: onDetected
04-21 16:59:38.810  1635  1635 I chatty  : uid=1000 system_server expire 11 lines
04-21 16:59:38.811  4561  8436 I AlwaysOnHotwordDetector: onDetected
04-21 16:59:40.281  1635  4614 I chatty  : uid=1000(system) Binder:1635_10 expire 1 line
04-21 17:01:55.475  4561  8436 I AlwaysOnHotwordDetector: onDetected
04-21 17:01:55.547  1635  3038 I chatty  : uid=1000(system) Binder:1635_4 expire 1 line
04-21 17:01:55.548  1635  2891 I chatty  : uid=1000(system) ConnectivitySer expire 37 lines
04-21 17:01:59.977  1635  3048 I chatty  : uid=1000(system) Binder:1635_C expire 11 lines
04-21 17:03:49.254  1635  1754 I chatty  : uid=1000(system) android.ui expire 1 line
04-21 17:04:12.566  1635  5549 I chatty  : uid=1000(system) Binder:1635_15 expire 11 lines
04-21 17:05:12.339  4561  8436 I AlwaysOnHotwordDetector: onDetected
04-21 17:05:12.441  1635  9190 I chatty  : uid=1000(system) Binder:1635_1A expire 18 lines
04-21 17:05:12.660  1635  8781 I chatty  : uid=1000(system) Binder:1635_18 expire 36 lines
04-21 17:05:39.343  1635  1790 I chatty  : uid=1000(system) batterystats-wo expire 6 lines
04-21 17:13:55.621  1635  1775 I chatty  : uid=1000(system) ActivityManager expire 10 lines
04-21 17:13:55.689  1635  3046 I chatty  : uid=1000(system) Binder:1635_A expire 8 lines
04-21 17:14:05.798  1635  1755 I chatty  : uid=1000(system) android.io expire 1 line
04-21 17:14:05.808  2979  4359 D PowerUI : can't show warning due to - plugged: true status unknown: false
04-21 17:14:05.992  1635  3105 I chatty  : uid=1000(system) HwBinder:1635_5 expire 3 lines
04-21 17:14:06.060  2979  6614 D PowerUI : can't show warning due to - plugged: true status unknown: false
04-21 17:14:06.069  1635  2884 I chatty  : uid=1000(system) NetworkPolicy expire 16 lines
04-21 17:14:06.141  1635  1752 I chatty  : uid=1000(system) android.fg expire 10 lines
04-21 17:14:06.142  1635  4624 I chatty  : uid=1000(system) Binder:1635_12 expire 45 lines
04-21 17:14:06.239  2979 10216 D PowerUI : can't show warning due to - plugged: true status unknown: false
04-21 17:14:06.657  2979 11758 D PowerUI : can't show warning due to - plugged: true status unknown: false
04-21 17:14:06.684  2979 13347 D PowerUI : can't show warning due to - plugged: true status unknown: false
04-21 17:14:07.204  1635  9377 I chatty  : uid=1000(system) Binder:1635_1B expire 24 lines
04-21 17:14:07.506  1635  1776 I chatty  : uid=1000(system) ActivityManager expire 34 lines
04-21 17:14:07.564  2979 16230 D PowerUI : can't show warning due to - plugged: true status unknown: false
04-21 17:14:07.688  1635  2891 I chatty  : uid=1000(system) ConnectivitySer expire 18 lines
04-21 17:14:07.833  1635  3048 I chatty  : uid=1000(system) Binder:1635_C expire 14 lines
04-21 17:14:09.330  1635  1775 I chatty  : uid=1000(system) ActivityManager expire 13 lines
04-21 17:14:10.539  1635  2958 I chatty  : uid=1000(system) SyncManager expire 2 lines
04-21 17:14:13.809  1635  1862 I chatty  : uid=1000(system) PowerManagerSer expire 14 lines
04-21 17:14:14.084  1635  4630 I chatty  : uid=1000(system) Binder:1635_13 expire 15 lines
04-21 17:14:16.299  1635  1756 I chatty  : uid=1000(system) android.display expire 7 lines
04-21 17:14:17.763  1635  3046 I chatty  : uid=1000(system) Binder:1635_A expire 10 lines
04-21 17:14:17.973  1635  9801 I chatty  : uid=1000(system) Binder:1635_1C expire 11 lines
04-21 17:14:18.401  1635  4599 I chatty  : uid=1000(system) Binder:1635_D expire 23 lines
04-21 17:14:18.612  1635  8781 I chatty  : uid=1000(system) Binder:1635_18 expire 19 lines
04-21 17:14:19.253  1635  3047 I chatty  : uid=1000(system) Binder:1635_B expire 21 lines
04-21 17:14:21.205  2979  3511 D PowerUI : can't show warning due to - plugged: true status unknown: false
04-21 17:14:31.510  2979  4359 D PowerUI : can't show warning due to - plugged: true status unknown: false
04-21 17:14:31.601  1635  3046 I chatty  : uid=1000(system) Binder:1635_A expire 15 lines
04-21 17:14:31.708  1635  9377 I chatty  : uid=1000(system) Binder:1635_1B expire 26 lines
04-21 17:14:33.538  1635  4624 I chatty  : uid=1000(system) Binder:1635_12 expire 15 lines
04-21 17:14:34.071  1635  9801 I chatty  : uid=1000(system) Binder:1635_1C expire 17 lines
04-21 17:14:35.042  1635  1775 I chatty  : uid=1000(system) ActivityManager expire 10 lines
04-21 17:14:35.146  1635  4599 I chatty  : uid=1000(system) Binder:1635_D expire 24 lines
04-21 17:14:35.359  1635  3047 I chatty  : uid=1000(system) Binder:1635_B expire 33 lines
04-21 17:14:40.511  2979  6614 D PowerUI : can't show warning due to - plugged: true status unknown: false
04-21 17:14:44.769  2979  7147 D PowerUI : can't show warning due to - plugged: true status unknown: false
04-21 17:14:49.043  1635  2891 I chatty  : uid=1000(system) ConnectivitySer expire 10 lines
04-21 17:15:03.935  2979 10216 D PowerUI : can't show warning due to - plugged: true status unknown: false
04-21 17:15:05.801  2979 11758 D PowerUI : can't show warning due to - plugged: true status unknown: false
04-21 17:15:06.182  1635 12414 I chatty  : uid=1000(system) Binder:1635_20 expire 12 lines
04-21 17:15:11.435  2979 13347 D PowerUI : can't show warning due to - plugged: true status unknown: false
04-21 17:15:20.308  1635  3047 I chatty  : uid=1000(system) Binder:1635_B expire 11 lines
04-21 17:15:21.569  1635  8772 I chatty  : uid=1000(system) Binder:1635_17 expire 10 lines
04-21 17:15:40.978  1635  1712 I chatty  : uid=1000(system) Binder:1635_1 expire 11 lines
04-21 17:15:40.998  2979 16230 D PowerUI : can't show warning due to - plugged: true status unknown: false
04-21 17:15:52.582  2979  3511 D PowerUI : can't show warning due to - plugged: true status unknown: false
04-21 17:16:05.811  2979  4359 D PowerUI : can't show warning due to - plugged: true status unknown: false
04-21 17:16:11.916  2979  6614 D PowerUI : can't show warning due to - plugged: true status unknown: false
04-21 17:16:44.359  2979  7147 D PowerUI : can't show warning due to - plugged: true status unknown: false
04-21 17:17:05.815  2979 10216 D PowerUI : can't show warning due to - plugged: true status unknown: false
04-21 17:17:10.421  1635  1635 I chatty  : uid=1000 system_server expire 17 lines
04-21 17:17:10.433  4561  9532 I AlwaysOnHotwordDetector: onDetected
04-21 17:17:15.372  2979 11758 D PowerUI : can't show warning due to - plugged: true status unknown: false
04-21 17:17:25.620  2979 13347 D PowerUI : can't show warning due to - plugged: true status unknown: false
04-21 17:17:26.840  1635  1771 I chatty  : uid=1000(system) android.bg expire 35 lines
04-21 17:17:43.820  2979 16230 D PowerUI : can't show warning due to - plugged: true status unknown: false
04-21 17:17:47.807  2979  3511 D PowerUI : can't show warning due to - plugged: true status unknown: false
04-21 17:18:05.813  2979  4359 D PowerUI : can't show warning due to - plugged: true status unknown: false
04-21 17:18:06.371  1635 11678 I chatty  : uid=1000(system) Binder:1635_1E expire 11 lines
04-21 17:18:08.171  2979  6614 D PowerUI : can't show warning due to - plugged: true status unknown: false
04-21 17:18:09.338  2979  7147 D PowerUI : can't show warning due to - plugged: true status unknown: false
04-21 17:18:15.901  2979 10216 D PowerUI : can't show warning due to - plugged: true status unknown: false
04-21 17:18:20.548  2979 11758 D PowerUI : can't show warning due to - plugged: true status unknown: false
04-21 17:18:21.765  2979 13347 D PowerUI : can't show warning due to - plugged: true status unknown: false
04-21 17:18:23.472  2979 16230 D PowerUI : can't show warning due to - plugged: true status unknown: false
04-21 17:18:57.215  2979  3511 D PowerUI : can't show warning due to - plugged: true status unknown: false
04-21 17:19:05.812  2979  4359 D PowerUI : can't show warning due to - plugged: true status unknown: false
04-21 17:19:34.177  2979  6614 D PowerUI : can't show warning due to - plugged: true status unknown: false
04-21 17:19:46.010  2979  7147 D PowerUI : can't show warning due to - plugged: true status unknown: false
04-21 17:20:05.818  2979 10216 D PowerUI : can't show warning due to - plugged: true status unknown: false
04-21 17:20:12.517  2979 11758 D PowerUI : can't show warning due to - plugged: true status unknown: false
04-21 17:20:53.757  2979 13347 D PowerUI : can't show warning due to - plugged: true status unknown: false
04-21 17:20:54.689  2979 16230 D PowerUI : can't show warning due to - plugged: true status unknown: false
04-21 17:20:57.846  2979  3511 D PowerUI : can't show warning due to - plugged: true status unknown: false
04-21 17:21:05.815  2979  4359 D PowerUI : can't show warning due to - plugged: true status unknown: false
04-21 17:21:30.815  2979  6614 D PowerUI : can't show warning due to - plugged: true status unknown: false
04-21 17:21:35.055  2979  7147 D PowerUI : can't show warning due to - plugged: true status unknown: false
04-21 17:22:05.888  2979 10216 D PowerUI : can't show warning due to - plugged: true status unknown: false
04-21 17:22:06.465  1635  4930 I chatty  : uid=1000(system) Binder:1635_14 expire 15 lines
04-21 17:22:12.070  2979 11758 D PowerUI : can't show warning due to - plugged: true status unknown: false
04-21 17:22:21.687  2979 13347 D PowerUI : can't show warning due to - plugged: true status unknown: false
04-21 17:22:22.425  2979 16230 D PowerUI : can't show warning due to - plugged: true status unknown: false
04-21 17:22:53.514  2979  3511 D PowerUI : can't show warning due to - plugged: true status unknown: false
04-21 17:23:05.816  2979  4359 D PowerUI : can't show warning due to - plugged: true status unknown: false
04-21 17:23:36.230  2979  6614 D PowerUI : can't show warning due to - plugged: true status unknown: false
04-21 17:24:05.836  2979  7147 D PowerUI : can't show warning due to - plugged: true status unknown: false
04-21 17:24:19.063  2979 10216 D PowerUI : can't show warning due to - plugged: true status unknown: false
04-21 17:25:03.372  2979 11758 D PowerUI : can't show warning due to - plugged: true status unknown: false
04-21 17:25:05.816  2979 13347 D PowerUI : can't show warning due to - plugged: true status unknown: false
04-21 17:25:47.575  2979 16230 D PowerUI : can't show warning due to - plugged: true status unknown: false
04-21 17:26:05.807  2979  3511 D PowerUI : can't show warning due to - plugged: true status unknown: false
04-21 17:26:31.767  2979  4359 D PowerUI : can't show warning due to - plugged: true status unknown: false
04-21 17:27:05.894  2979  6614 D PowerUI : can't show warning due to - plugged: true status unknown: false
04-21 17:27:11.712  2979  7147 D PowerUI : can't show warning due to - plugged: true status unknown: false
04-21 17:27:44.045  2979 10216 D PowerUI : can't show warning due to - plugged: true status unknown: false
04-21 17:27:47.097  2979 11758 D PowerUI : can't show warning due to - plugged: true status unknown: false
04-21 17:28:05.812  2979 13347 D PowerUI : can't show warning due to - plugged: true status unknown: false
04-21 17:28:18.615  2979 16230 D PowerUI : can't show warning due to - plugged: true status unknown: false
04-21 17:28:24.034  2979  3511 D PowerUI : can't show warning due to - plugged: true status unknown: false
04-21 17:29:00.919  2979  4359 D PowerUI : can't show warning due to - plugged: true status unknown: false
04-21 17:29:05.823  2979  6614 D PowerUI : can't show warning due to - plugged: true status unknown: false
04-21 17:29:06.739  1635  1776 I chatty  : uid=1000(system) ActivityManager expire 50 lines
04-21 17:29:06.839  1635  4528 I chatty  : uid=1000(system) backup-0 expire 15 lines
04-21 17:29:06.844  1635 28002 I chatty  : uid=1000(system) Picasso-Dispatc expire 136 lines
04-21 17:29:11.043  1635  3048 I chatty  : uid=1000(system) Binder:1635_C expire 19 lines
04-21 17:29:11.298  2979  7147 D PowerUI : can't show warning due to - plugged: true status unknown: false
04-21 17:29:14.108  1635  4599 I chatty  : uid=1000(system) Binder:1635_D expire 15 lines
04-21 17:29:14.577  1635  3043 I chatty  : uid=1000(system) Binder:1635_7 expire 21 lines
04-21 17:29:15.057  1635  2891 I chatty  : uid=1000(system) ConnectivitySer expire 20 lines
04-21 17:29:15.270  1635  1713 I chatty  : uid=1000(system) Binder:1635_2 expire 11 lines
04-21 17:29:17.123  1635  4624 I chatty  : uid=1000(system) Binder:1635_12 expire 13 lines
04-21 17:29:17.201  1635  3040 I chatty  : uid=1000(system) Binder:1635_5 expire 10 lines
04-21 17:29:17.810  1635  2881 I chatty  : uid=1000(system) Binder:1635_3 expire 10 lines
04-21 17:29:17.825  1635  3038 I chatty  : uid=1000(system) Binder:1635_4 expire 11 lines
04-21 17:29:17.825  1635  3045 I chatty  : uid=1000(system) Binder:1635_9 expire 11 lines
04-21 17:29:18.812  1635  3046 I chatty  : uid=1000(system) Binder:1635_A expire 10 lines
04-21 17:29:19.128  1635  9801 I chatty  : uid=1000(system) Binder:1635_1C expire 12 lines
04-21 17:29:19.767  1635  1790 I chatty  : uid=1000(system) batterystats-wo expire 12 lines
04-21 17:29:20.481  1635  1635 I chatty  : uid=1000 system_server expire 11 lines
04-21 17:29:28.958  1635  2884 I chatty  : uid=1000(system) NetworkPolicy expire 13 lines
04-21 17:29:30.611  1635  3042 I chatty  : uid=1000(system) Binder:1635_6 expire 52 lines
04-21 17:29:32.286  1635  4613 I chatty  : uid=1000(system) Binder:1635_F expire 11 lines
04-21 17:29:32.332  1635 11490 I chatty  : uid=1000(system) Binder:1635_1D expire 13 lines
04-21 17:29:33.554  1635  5549 I chatty  : uid=1000(system) Binder:1635_15 expire 10 lines
04-21 17:29:34.265  1635  6941 I chatty  : uid=1000(system) Binder:1635_16 expire 10 lines
04-21 17:29:36.699  1635  4612 I chatty  : uid=1000(system) Binder:1635_E expire 11 lines
04-21 17:29:37.675  2979 10216 D PowerUI : can't show warning due to - plugged: true status unknown: false
04-21 17:29:37.834  1635 28002 I chatty  : uid=1000(system) Picasso-Dispatc expire 246 lines
04-21 17:29:39.475  1635  1776 I chatty  : uid=1000(system) ActivityManager expire 53 lines
04-21 17:29:41.343  1635  1635 I chatty  : uid=1000 system_server expire 26 lines
04-21 17:29:41.766  1635  8772 I chatty  : uid=1000(system) Binder:1635_17 expire 17 lines
04-21 17:29:41.766  1635  2891 I chatty  : uid=1000(system) ConnectivitySer expire 14 lines
04-21 17:29:43.712  2979 11758 D PowerUI : can't show warning due to - plugged: true status unknown: false
04-21 17:29:45.918  1635  3047 I chatty  : uid=1000(system) Binder:1635_B expire 14 lines
04-21 17:29:52.825  1635  4614 I chatty  : uid=1000(system) Binder:1635_10 expire 11 lines
04-21 17:29:58.016  1635  3044 I chatty  : uid=1000(system) Binder:1635_8 expire 7 lines
04-21 17:29:59.694  1635  9377 I chatty  : uid=1000(system) Binder:1635_1B expire 11 lines
04-21 17:30:00.554  1635  8781 I chatty  : uid=1000(system) Binder:1635_18 expire 14 lines
04-21 17:30:00.554  1635  4623 I chatty  : uid=1000(system) Binder:1635_11 expire 11 lines
04-21 17:30:04.455  1635  9190 I chatty  : uid=1000(system) Binder:1635_1A expire 10 lines
04-21 17:30:04.637  1635  8900 I chatty  : uid=1000(system) Binder:1635_19 expire 21 lines
04-21 17:30:05.950  1635 11678 I chatty  : uid=1000(system) Binder:1635_1E expire 14 lines
04-21 17:30:06.599  2979 13347 D PowerUI : can't show warning due to - plugged: true status unknown: false
04-21 17:30:08.463  1635 11490 I chatty  : uid=1000(system) Binder:1635_1D expire 11 lines
04-21 17:30:09.647  1635  9801 I chatty  : uid=1000(system) Binder:1635_1C expire 10 lines
04-21 17:30:09.647  1635  2891 I chatty  : uid=1000(system) ConnectivitySer expire 13 lines
04-21 17:30:24.335  1635 12312 I chatty  : uid=1000(system) Binder:1635_1F expire 11 lines
