04-22 10:36:22.674  1635  1776 I ActivityManager: Start proc 10858:com.google.android.deskclock/u0a179 for content provider {com.google.android.deskclock/com.android.deskclock.provider.ClockContentProvider}
04-22 10:36:22.674  1635  1776 D CompatibilityChangeReporter: Compat change id reported: 143937733; UID 10188; state: ENABLED
04-22 10:36:22.763  1635  1776 W ActivityManager: Slow operation: 97ms so far, now at startProcess: returned from zygote!
04-22 10:36:22.763  1635  1776 W ActivityManager: Slow operation: 99ms so far, now at startProcess: done updating battery stats
04-22 10:36:22.763  1635  1776 W ActivityManager: Slow operation: 99ms so far, now at startProcess: building log message
04-22 10:36:22.763  1635  1776 I ActivityManager: Start proc 10877:com.android.chrome/u0a188 for service {com.android.chrome/org.chromium.chrome.browser.usage_stats.UsageStatsBrowserServiceProvider}
04-22 10:36:22.763  1635  1776 W ActivityManager: Slow operation: 99ms so far, now at startProcess: starting to update pids map
04-22 10:36:22.764  1635  1776 W ActivityManager: Slow operation: 99ms so far, now at startProcess: done updating pids map
04-22 10:36:22.771  1635  8781 W PackageManager: Cannot suspend package "com.android.vending": required for package verification
04-22 10:36:22.779  1635  8781 W PackageManager: Cannot suspend package "com.google.android.apps.work.oobconfig": protected package
04-22 10:36:22.780  1635  8781 W PackageManager: Cannot suspend the platform package: android
04-22 10:36:22.795  1635  8781 W PackageManager: Cannot suspend package "com.google.android.permissioncontroller": required for permissions management
04-22 10:36:22.805  1635  8781 W PackageManager: Cannot suspend package "com.google.android.dialer": is the default dialer
04-22 10:36:22.824  1635  8781 W PackageManager: Cannot suspend package "com.google.android.packageinstaller": required for package installation
04-22 10:36:22.831  1635  8781 W PackageManager: Cannot suspend package "com.google.android.apps.nexuslauncher": contains the active launcher
04-22 10:36:24.606  1635  8900 D ConnectivityService: requestNetwork for uid/pid:10188/10877 NetworkRequest [ TRACK_DEFAULT id=776, [ Capabilities: INTERNET&NOT_RESTRICTED&TRUSTED Uid: 10188 AdministratorUids: [] RequestorUid: 10188 RequestorPackageName: com.android.chrome] ]
04-22 10:36:24.607  1635  2891 D ConnectivityService: NetReassign [776 : null  135]
04-22 10:36:24.613  1635  2891 D ConnectivityService: NetReassign [no changes]
04-22 10:36:24.799  1635  8772 D CompatibilityChangeReporter: Compat change id reported: 149924527; UID 10188; state: ENABLED
04-22 10:36:24.802  1635  8772 D CompatibilityChangeReporter: Compat change id reported: 132649864; UID 10188; state: DISABLED
04-22 10:36:25.282  1635  2891 D ConnectivityService: NetReassign [no changes]
04-22 10:36:46.416  1635  2891 I chatty  : uid=1000(system) ConnectivitySer identical 7 lines
04-22 10:36:49.441  1635  2891 D ConnectivityService: NetReassign [no changes]
04-22 10:36:50.471  1635  4613 D ConnectivityService: requestNetwork for uid/pid:10188/10877 NetworkRequest [ TRACK_DEFAULT id=778, [ Capabilities: INTERNET&NOT_RESTRICTED&TRUSTED Uid: 10188 AdministratorUids: [] RequestorUid: 10188 RequestorPackageName: com.android.chrome] ]
04-22 10:36:50.472  1635  2891 D ConnectivityService: NetReassign [778 : null  135]
04-22 10:36:50.478  1635  2891 D ConnectivityService: NetReassign [no changes]
04-22 10:37:13.633  1635  2891 I chatty  : uid=1000(system) ConnectivitySer identical 8 lines
04-22 10:37:16.655  1635  2891 D ConnectivityService: NetReassign [no changes]
04-22 10:37:16.832  1635  4613 I ActivityManager: Force stopping com.google.location.nearby.apps.connectedcrossroad appid=10333 user=0: from pid 11043
04-22 10:37:16.833  1635  4613 I ActivityManager: Killing 9852:com.google.location.nearby.apps.connectedcrossroad/u0a333 (adj 0): stop com.google.location.nearby.apps.connectedcrossroad due to from pid 11043
04-22 10:37:16.836  1635  4613 W ActivityTaskManager: Force removing ActivityRecord{80ff920 u0 com.google.location.nearby.apps.connectedcrossroad/nx.aodv.eval.MainActivity t8087 f}}: app died, no saved state
04-22 10:37:16.876  1635  1775 W BroadcastQueue: Background execution not allowed: receiving Intent { act=android.intent.action.PACKAGE_RESTARTED dat=package:com.google.location.nearby.apps.connectedcrossroad flg=0x10 (has extras) } to steptracker.healthandfitness.walkingtracker.pedometer/com.drojian.stepcounter.receiver.PedometerReceiver
04-22 10:37:16.877  1635  1775 W BroadcastQueue: Background execution not allowed: receiving Intent { act=android.intent.action.PACKAGE_RESTARTED dat=package:com.google.location.nearby.apps.connectedcrossroad flg=0x10 (has extras) } to steptracker.healthandfitness.walkingtracker.pedometer/com.drojian.servicekeeper.receiver.BootReceiver
04-22 10:37:16.881  1635  2881 D AutofillSession: handling death of Token{c955023 ActivityRecord{80ff920 u0 com.google.location.nearby.apps.connectedcrossroad/nx.aodv.eval.MainActivity t-1 f}}} when saving=false
04-22 10:37:16.891  1635  1756 W ActivityManager: setHasOverlayUi called on unknown pid: 9852
04-22 10:37:19.676  1635  2891 D ConnectivityService: NetReassign [no changes]
04-22 10:37:19.796  1635  2893 D NsdService: unregister service
04-22 10:37:19.796  1635  2893 D NsdService: mdnssd [stop-register, 9]
04-22 10:37:19.801  1635  1635 D BluetoothManagerService: Bluetooth Adapter name changed to Pixel 3a XL
04-22 10:37:19.802  1635  1635 D BluetoothManagerService: Stored Bluetooth name: Pixel 3a XL
04-22 10:37:21.587  1635  3045 I ActivityManager: Force stopping com.google.location.nearby.apps.connectedcrossroad appid=10333 user=0: from pid 11077
04-22 10:37:21.600  1635  1775 W BroadcastQueue: Background execution not allowed: receiving Intent { act=android.intent.action.PACKAGE_RESTARTED dat=package:com.google.location.nearby.apps.connectedcrossroad flg=0x10 (has extras) } to steptracker.healthandfitness.walkingtracker.pedometer/com.drojian.stepcounter.receiver.PedometerReceiver
04-22 10:37:21.602  1635  1775 W BroadcastQueue: Background execution not allowed: receiving Intent { act=android.intent.action.PACKAGE_RESTARTED dat=package:com.google.location.nearby.apps.connectedcrossroad flg=0x10 (has extras) } to steptracker.healthandfitness.walkingtracker.pedometer/com.drojian.servicekeeper.receiver.BootReceiver
04-22 10:37:21.617  1635  2884 W NetworkPolicy: shared quota unsupported; generating rule for each iface
04-22 10:37:22.698  1635  2891 D ConnectivityService: NetReassign [no changes]
04-22 10:37:25.330  1635  8900 D CompatibilityChangeReporter: Compat change id reported: 135634846; UID 10188; state: DISABLED
04-22 10:37:25.331  1635  1776 D CompatibilityChangeReporter: Compat change id reported: 143937733; UID 10188; state: ENABLED
04-22 10:37:25.710  1635  2891 D ConnectivityService: NetReassign [no changes]
04-22 10:37:25.713  1635  1776 W ActivityManager: Slow operation: 384ms so far, now at startProcess: returned from zygote!
04-22 10:37:25.713  1635  1776 W ActivityManager: Slow operation: 384ms so far, now at startProcess: done updating battery stats
04-22 10:37:25.714  1635  1776 W ActivityManager: Slow operation: 384ms so far, now at startProcess: building log message
04-22 10:37:25.714  1635  1776 I ActivityManager: Start proc 11103:com.android.chrome:sandboxed_process0:org.chromium.content.app.SandboxedProcessService0:0/u0ai0 for  {com.android.chrome/org.chromium.content.app.SandboxedProcessService0:0}
04-22 10:37:25.714  1635  1776 W ActivityManager: Slow operation: 384ms so far, now at startProcess: starting to update pids map
04-22 10:37:25.714  1635  1776 W ActivityManager: Slow operation: 384ms so far, now at startProcess: done updating pids map
04-22 10:37:25.940  1635  4613 I ActivityManager: Killing 11103:com.android.chrome:sandboxed_process0:org.chromium.content.app.SandboxedProcessService0:0/u0a188i-9000 (adj 0): isolated not needed
04-22 10:37:26.201  1635  8781 D CompatibilityChangeReporter: Compat change id reported: 135634846; UID 10188; state: DISABLED
04-22 10:37:26.202  1635  1776 D CompatibilityChangeReporter: Compat change id reported: 143937733; UID 10188; state: ENABLED
04-22 10:37:26.233  1635  1776 I ActivityManager: Start proc 11126:com.android.chrome:sandboxed_process0:org.chromium.content.app.SandboxedProcessService0:1/u0ai1 for  {com.android.chrome/org.chromium.content.app.SandboxedProcessService0:1}
04-22 10:37:26.406  1635  8900 I ActivityManager: Killing 11126:com.android.chrome:sandboxed_process0:org.chromium.content.app.SandboxedProcessService0:1/u0a188i-8999 (adj 0): isolated not needed
04-22 10:37:28.751  1635  2891 D ConnectivityService: NetReassign [no changes]
04-22 10:37:30.160  1635  1878 I PackageManager: Integrity check passed for file:///data/app/vmdl2041639765.tmp
04-22 10:37:30.191  1635  1878 I PackageManager: Update package com.google.location.nearby.apps.connectedcrossroad code path from /data/app/~~F0aKxfXZuKcXZ9F5mopmCQ==/com.google.location.nearby.apps.connectedcrossroad-JyCjP3zgVECIvJLTZ-1dQg== to /data/app/~~ZB5YiM1CbVHZFe7b9PfBew==/com.google.location.nearby.apps.connectedcrossroad-9wmPoyXd26_ipYxizpWH8Q==; Retain data and using new
04-22 10:37:30.191  1635  1878 I PackageManager: Update package com.google.location.nearby.apps.connectedcrossroad resource path from /data/app/~~F0aKxfXZuKcXZ9F5mopmCQ==/com.google.location.nearby.apps.connectedcrossroad-JyCjP3zgVECIvJLTZ-1dQg== to /data/app/~~ZB5YiM1CbVHZFe7b9PfBew==/com.google.location.nearby.apps.connectedcrossroad-9wmPoyXd26_ipYxizpWH8Q==; Retain data and using new
04-22 10:37:30.206  1635  1878 D CompatibilityChangeReporter: Compat change id reported: 135549675; UID 10333; state: DISABLED
04-22 10:37:30.389  1635  1775 W BroadcastQueue: Background execution not allowed: receiving Intent { act=android.intent.action.PACKAGE_REMOVED dat=package:com.google.location.nearby.apps.connectedcrossroad flg=0x4000010 (has extras) } to com.android.vending/com.google.android.finsky.packagemanager.impl.PackageMonitorReceiverImpl$RegisteredReceiver
04-22 10:37:30.389  1635  1775 W BroadcastQueue: Background execution not allowed: receiving Intent { act=android.intent.action.PACKAGE_REMOVED dat=package:com.google.location.nearby.apps.connectedcrossroad flg=0x4000010 (has extras) } to com.android.vending/com.google.android.finsky.instantapps.appmanagement.InstantAppRemoveMonitor
04-22 10:37:30.389  1635  1775 W BroadcastQueue: Background execution not allowed: receiving Intent { act=android.intent.action.PACKAGE_REMOVED dat=package:com.google.location.nearby.apps.connectedcrossroad flg=0x4000010 (has extras) } to com.google.android.gms/.games.chimera.GamesSystemBroadcastReceiverProxy
04-22 10:37:30.390  1635  1775 W BroadcastQueue: Background execution not allowed: receiving Intent { act=android.intent.action.PACKAGE_REMOVED dat=package:com.google.location.nearby.apps.connectedcrossroad flg=0x4000010 (has extras) } to com.google.android.gms/.chimera.GmsIntentOperationService$PersistentTrustedReceiver
04-22 10:37:30.390  1635  1775 W BroadcastQueue: Background execution not allowed: receiving Intent { act=android.intent.action.PACKAGE_REMOVED dat=package:com.google.location.nearby.apps.connectedcrossroad flg=0x4000010 (has extras) } to com.google.android.googlequicksearchbox/com.google.android.apps.gsa.googlequicksearchbox.GelStubAppWatcher
04-22 10:37:30.390  1635  1775 W BroadcastQueue: Background execution not allowed: receiving Intent { act=android.intent.action.PACKAGE_REMOVED dat=package:com.google.location.nearby.apps.connectedcrossroad flg=0x4000010 (has extras) } to com.facebook.katana/com.facebook.feed.platformads.AppInstallReceiver
04-22 10:37:30.390  1635  1775 W BroadcastQueue: Background execution not allowed: receiving Intent { act=android.intent.action.PACKAGE_REMOVED dat=package:com.google.location.nearby.apps.connectedcrossroad flg=0x4000010 (has extras) } to com.jaga.ibraceletplus.smartwristband3/com.yc.pedometer.keepalive.KeepAliveReceiver
04-22 10:37:30.390  1635  1775 W BroadcastQueue: Background execution not allowed: receiving Intent { act=android.intent.action.PACKAGE_REMOVED dat=package:com.google.location.nearby.apps.connectedcrossroad flg=0x4000010 (has extras) } to com.microsoft.appmanager/.receiver.InstallUninstallReceiver
04-22 10:37:30.390  1635  1775 W BroadcastQueue: Background execution not allowed: receiving Intent { act=android.intent.action.PACKAGE_REMOVED dat=package:com.google.location.nearby.apps.connectedcrossroad flg=0x4000010 (has extras) } to com.microsoft.appmanager/com.microsoft.mmx.continuity.receiver.InstallUninstallReceiver
04-22 10:37:30.390  1635  1775 W BroadcastQueue: Background execution not allowed: receiving Intent { act=android.intent.action.PACKAGE_REMOVED dat=package:com.google.location.nearby.apps.connectedcrossroad flg=0x4000010 (has extras) } to com.microsoft.emmx/com.microsoft.mmx.continuity.receiver.InstallUninstallReceiver
04-22 10:37:30.445  1635  9190 I ActivityTaskManager: START u0 {act=android.intent.action.MAIN cat=[android.intent.category.LAUNCHER] flg=0x10000000 cmp=com.google.location.nearby.apps.connectedcrossroad/nx.aodv.eval.MainActivity} from uid 2000
04-22 10:37:30.510  1635  1775 W BroadcastQueue: Background execution not allowed: receiving Intent { act=android.intent.action.PACKAGE_ADDED dat=package:com.google.location.nearby.apps.connectedcrossroad flg=0x4000010 (has extras) } to com.google.android.packageinstaller/com.android.packageinstaller.PackageInstalledReceiver
04-22 10:37:30.529  1635  1756 D CompatibilityChangeReporter: Compat change id reported: 135634846; UID 10333; state: DISABLED
04-22 10:37:30.530  1635  1776 D CompatibilityChangeReporter: Compat change id reported: 143937733; UID 10333; state: DISABLED
04-22 10:37:30.551  1635  1775 W BroadcastQueue: Background execution not allowed: receiving Intent { act=android.intent.action.PACKAGE_ADDED dat=package:com.google.location.nearby.apps.connectedcrossroad flg=0x4000010 (has extras) } to com.android.vending/com.google.android.finsky.packagemanager.impl.PackageMonitorReceiverImpl$RegisteredReceiver
04-22 10:37:30.555  1635  1775 W BroadcastQueue: Background execution not allowed: receiving Intent { act=android.intent.action.PACKAGE_ADDED dat=package:com.google.location.nearby.apps.connectedcrossroad flg=0x4000010 (has extras) } to com.google.android.gms/.games.chimera.GamesSystemBroadcastReceiverProxy
04-22 10:37:30.555  1635  1775 W BroadcastQueue: Background execution not allowed: receiving Intent { act=android.intent.action.PACKAGE_ADDED dat=package:com.google.location.nearby.apps.connectedcrossroad flg=0x4000010 (has extras) } to com.google.android.gms/.gass.chimera.PackageChangeBroadcastReceiver
04-22 10:37:30.555  1635  1775 W BroadcastQueue: Background execution not allowed: receiving Intent { act=android.intent.action.PACKAGE_ADDED dat=package:com.google.location.nearby.apps.connectedcrossroad flg=0x4000010 (has extras) } to com.google.android.gms/.chimera.GmsIntentOperationService$PersistentTrustedReceiver
04-22 10:37:30.557  1635  1775 W BroadcastQueue: Background execution not allowed: receiving Intent { act=android.intent.action.PACKAGE_ADDED dat=package:com.google.location.nearby.apps.connectedcrossroad flg=0x4000010 (has extras) } to com.google.android.googlequicksearchbox/com.google.android.apps.gsa.googlequicksearchbox.GelStubAppWatcher
04-22 10:37:30.563  1635  1775 W BroadcastQueue: Background execution not allowed: receiving Intent { act=android.intent.action.PACKAGE_ADDED dat=package:com.google.location.nearby.apps.connectedcrossroad flg=0x4000010 (has extras) } to com.facebook.katana/com.facebook.feed.platformads.AppInstallReceiver
04-22 10:37:30.563  1635  1775 W BroadcastQueue: Background execution not allowed: receiving Intent { act=android.intent.action.PACKAGE_ADDED dat=package:com.google.location.nearby.apps.connectedcrossroad flg=0x4000010 (has extras) } to com.jaga.ibraceletplus.smartwristband3/com.yc.pedometer.keepalive.KeepAliveReceiver
04-22 10:37:30.564  1635  1775 W BroadcastQueue: Background execution not allowed: receiving Intent { act=android.intent.action.PACKAGE_ADDED dat=package:com.google.location.nearby.apps.connectedcrossroad flg=0x4000010 (has extras) } to com.microsoft.appmanager/.receiver.InstallUninstallReceiver
04-22 10:37:30.564  1635  1775 W BroadcastQueue: Background execution not allowed: receiving Intent { act=android.intent.action.PACKAGE_ADDED dat=package:com.google.location.nearby.apps.connectedcrossroad flg=0x4000010 (has extras) } to com.microsoft.appmanager/com.microsoft.mmx.continuity.receiver.InstallUninstallReceiver
04-22 10:37:30.565  1635  1775 W BroadcastQueue: Background execution not allowed: receiving Intent { act=android.intent.action.PACKAGE_ADDED dat=package:com.google.location.nearby.apps.connectedcrossroad flg=0x4000010 (has extras) } to com.microsoft.emmx/com.microsoft.mmx.continuity.receiver.InstallUninstallReceiver
04-22 10:37:30.573  1635  1776 I ActivityManager: Start proc 11183:com.google.location.nearby.apps.connectedcrossroad/u0a333 for pre-top-activity {com.google.location.nearby.apps.connectedcrossroad/nx.aodv.eval.MainActivity}
04-22 10:37:30.800  1635  1752 W Looper  : Slow delivery took 201ms android.fg h=android.os.Handler c=<recycled PooledLambda@6d61af9> m=0
04-22 10:37:30.881  1635  1635 W Looper  : Slow dispatch took 435ms main h=android.app.ActivityThread$H c=android.app.-$$Lambda$LoadedApk$ReceiverDispatcher$Args$_BumDX2UKsnxLVrE6UJsJZkotuA@d07150b m=0
04-22 10:37:30.881  1635  1635 W Looper  : Slow delivery took 435ms main h=android.app.ActivityThread$H c=android.app.-$$Lambda$LoadedApk$ReceiverDispatcher$Args$_BumDX2UKsnxLVrE6UJsJZkotuA@5ef7fe8 m=0
04-22 10:37:30.984  1635  1752 W Looper  : Slow dispatch took 183ms android.fg h=android.os.Handler c=<recycled PooledLambda@29ef8f3> m=0
04-22 10:37:31.003  1635  2881 W BroadcastQueue: Background execution not allowed: receiving Intent { act=android.intent.action.PACKAGE_REPLACED dat=package:com.google.location.nearby.apps.connectedcrossroad flg=0x4000010 (has extras) } to com.google.android.gms/.gass.chimera.PackageChangeBroadcastReceiver
04-22 10:37:31.057  1635  1775 W BroadcastQueue: Background execution not allowed: receiving Intent { act=android.intent.action.PACKAGE_REPLACED dat=package:com.google.location.nearby.apps.connectedcrossroad flg=0x4000010 (has extras) } to com.google.android.gms/.chimera.GmsIntentOperationService$PersistentTrustedReceiver
04-22 10:37:31.061  1635  1775 W BroadcastQueue: Background execution not allowed: receiving Intent { act=android.intent.action.PACKAGE_REPLACED dat=package:com.google.location.nearby.apps.connectedcrossroad flg=0x4000010 (has extras) } to com.google.android.googlequicksearchbox/com.google.android.apps.gsa.googlequicksearchbox.GelStubAppWatcher
04-22 10:37:31.061  1635  1775 W BroadcastQueue: Background execution not allowed: receiving Intent { act=android.intent.action.PACKAGE_REPLACED dat=package:com.google.location.nearby.apps.connectedcrossroad flg=0x4000010 (has extras) } to com.infonow.bofa/com.bofa.ecom.marvel.application.BofaPackageUpdateReceiver
04-22 10:37:31.061  1635  1775 W BroadcastQueue: Background execution not allowed: receiving Intent { act=android.intent.action.PACKAGE_REPLACED dat=package:com.google.location.nearby.apps.connectedcrossroad flg=0x4000010 (has extras) } to com.microsoft.appmanager/com.microsoft.mmx.continuity.receiver.InstallUninstallReceiver
04-22 10:37:31.062  1635  1775 W BroadcastQueue: Background execution not allowed: receiving Intent { act=android.intent.action.PACKAGE_REPLACED dat=package:com.google.location.nearby.apps.connectedcrossroad flg=0x4000010 (has extras) } to com.microsoft.emmx/com.microsoft.mmx.continuity.receiver.InstallUninstallReceiver
04-22 10:37:31.062  1635  1775 W BroadcastQueue: Background execution not allowed: receiving Intent { act=android.intent.action.PACKAGE_REPLACED dat=package:com.google.location.nearby.apps.connectedcrossroad flg=0x4000010 (has extras) } to steptracker.healthandfitness.walkingtracker.pedometer/com.drojian.stepcounter.receiver.PedometerReceiver
04-22 10:37:31.062  1635  1775 W BroadcastQueue: Background execution not allowed: receiving Intent { act=android.intent.action.PACKAGE_REPLACED dat=package:com.google.location.nearby.apps.connectedcrossroad flg=0x4000010 (has extras) } to steptracker.healthandfitness.walkingtracker.pedometer/com.drojian.servicekeeper.receiver.BootReceiver
04-22 10:37:31.373  1635  1752 W Looper  : Slow dispatch took 101ms android.fg h=android.os.Handler c=<recycled PooledLambda@368815c> m=0
04-22 10:37:31.511  1635  1752 W Looper  : Slow dispatch took 138ms android.fg h=android.os.Handler c=<recycled PooledLambda@6468c91> m=0
04-22 10:37:31.595  1635  1635 W Looper  : Slow dispatch took 710ms main h=android.app.ActivityThread$H c=android.app.-$$Lambda$LoadedApk$ReceiverDispatcher$Args$_BumDX2UKsnxLVrE6UJsJZkotuA@f185083 m=0
04-22 10:37:31.598  1635  1635 I Telecom : DefaultDialerCache: Refreshing default dialer for user 0: now com.google.android.dialer: DDC.oR@BTU
04-22 10:37:31.635  1635  1635 V BackupManagerConstants: getFullBackupIntervalMilliseconds(...) returns 86400000
04-22 10:37:31.635  1635  1752 W Looper  : Slow dispatch took 125ms android.fg h=android.os.Handler c=<recycled PooledLambda@ee5ca18> m=0
04-22 10:37:31.635  1635  1635 V BackupManagerConstants: getFullBackupRequiredNetworkType(...) returns 2
04-22 10:37:31.635  1635  1635 V BackupManagerConstants: getFullBackupRequireCharging(...) returns true
04-22 10:37:31.703  1635  1635 W Looper  : Slow dispatch took 105ms main h=android.app.ActivityThread$H c=android.app.-$$Lambda$LoadedApk$ReceiverDispatcher$Args$_BumDX2UKsnxLVrE6UJsJZkotuA@dc1a771 m=0
04-22 10:37:31.763  1635  2891 D ConnectivityService: NetReassign [no changes]
04-22 10:37:31.800  1635  1635 W Looper  : Drained
04-22 10:37:31.805  1635  2881 D CompatibilityChangeReporter: Compat change id reported: 136274596; UID 10333; state: DISABLED
04-22 10:37:31.851  1635  2884 W NetworkPolicy: shared quota unsupported; generating rule for each iface
04-22 10:37:32.346  1635  1752 W Looper  : Drained
04-22 10:37:32.904  1635  2884 W NetworkPolicy: shared quota unsupported; generating rule for each iface
04-22 10:37:33.209  1635  2884 I chatty  : uid=1000(system) NetworkPolicy identical 2 lines
04-22 10:37:33.520  1635  2884 W NetworkPolicy: shared quota unsupported; generating rule for each iface
04-22 10:37:33.668  1635  2881 E SystemServiceRegistry: Manager wrapper not available: face
04-22 10:37:33.670  1635  1775 I DropBoxManagerService: add tag=system_server_wtf isTagEnabled=true flags=0x2
04-22 10:37:33.802  1635  8772 W SettingsStatsUtil: Can not parse value to float: gps,network
04-22 10:37:34.774  1635  2891 D ConnectivityService: NetReassign [no changes]
04-22 10:37:35.117  1635  1635 D BluetoothManagerService: Bluetooth Adapter name changed to Ilo2Rzlbye0AAAAAAAAAATE
04-22 10:37:35.118  1635  1635 D BluetoothManagerService: Stored Bluetooth name: Ilo2Rzlbye0AAAAAAAAAATE
04-22 10:37:35.472  1635  2893 D NsdService: Register service
04-22 10:37:35.473  1635  2893 D NsdService: registerService: 10 name: Ilo2Rzlbye0AAA, type: _5BC9ED5E6C75._tcp, host: null, port: 37771, txtRecord: n=MQIPv4=192.168.1.17
04-22 10:37:35.473  1635  2893 D NsdService: mdnssd [register, 10, Ilo2Rzlbye0AAA, _5BC9ED5E6C75._tcp, 37771, BG49TVERSVB2ND0xOTIuMTY4LjEuMTc=]
04-22 10:37:35.480  1635  2893 D NsdService: Register 10 10
04-22 10:37:35.703  1635  1775 W BroadcastQueue: Background execution not allowed: receiving Intent { act=android.intent.action.DROPBOX_ENTRY_ADDED flg=0x10 (has extras) } to com.google.android.gms/.stats.service.DropBoxEntryAddedReceiver
04-22 10:37:35.703  1635  1775 W BroadcastQueue: Background execution not allowed: receiving Intent { act=android.intent.action.DROPBOX_ENTRY_ADDED flg=0x10 (has extras) } to com.google.android.gms/.chimera.GmsIntentOperationService$PersistentTrustedReceiver
04-22 10:37:35.881  1635  8772 I DropBoxManagerService: add tag=platform_stats_bookmark isTagEnabled=true flags=0x2
04-22 10:37:35.885  1635  1775 W BroadcastQueue: Background execution not allowed: receiving Intent { act=android.intent.action.DROPBOX_ENTRY_ADDED flg=0x10 (has extras) } to com.google.android.gms/.stats.service.DropBoxEntryAddedReceiver
04-22 10:37:35.886  1635  1775 W BroadcastQueue: Background execution not allowed: receiving Intent { act=android.intent.action.DROPBOX_ENTRY_ADDED flg=0x10 (has extras) } to com.google.android.gms/.chimera.GmsIntentOperationService$PersistentTrustedReceiver
04-22 10:37:36.151  1635  2893 D NsdService: Native daemon message SERVICE_REGISTERED: 606 10 "Ilo2Rzlbye0AAA"
04-22 10:37:36.160  1635  4623 E AppOps  : attributionTag com.google.android.gms.nearby not declared in manifest of com.google.location.nearby.apps.connectedcrossroad
04-22 10:37:37.786  1635  2891 D ConnectivityService: NetReassign [no changes]
04-22 10:37:40.809  1635  2891 I chatty  : uid=1000(system) ConnectivitySer identical 1 line
04-22 10:37:43.835  1635  2891 D ConnectivityService: NetReassign [no changes]
04-22 10:37:45.177  1635 11678 W BroadcastQueue: Background execution not allowed: receiving Intent { act=android.bluetooth.device.action.BOND_STATE_CHANGED flg=0x10 (has extras) } to com.google.android.gms/.chimera.GmsIntentOperationService$PersistentTrustedReceiver
04-22 10:37:45.186  1635  1775 W BroadcastQueue: Background execution not allowed: receiving Intent { act=android.bluetooth.device.action.BOND_STATE_CHANGED flg=0x10 (has extras) } to com.google.android.googlequicksearchbox/com.google.android.apps.gsa.broadcastreceiver.external.ExternalCommonBroadcastReceiver
04-22 10:37:45.186  1635  1775 W BroadcastQueue: Background execution not allowed: receiving Intent { act=android.bluetooth.device.action.BOND_STATE_CHANGED flg=0x10 (has extras) } to com.google.android.gms/.chimera.GmsIntentOperationService$PersistentTrustedReceiver
04-22 10:37:45.186  1635  1775 W BroadcastQueue: Background execution not allowed: receiving Intent { act=android.bluetooth.device.action.BOND_STATE_CHANGED flg=0x10 (has extras) } to com.google.android.googlequicksearchbox/com.google.android.apps.gsa.broadcastreceiver.external.ExternalCommonBroadcastReceiver
04-22 10:37:46.847  1635  2891 D ConnectivityService: NetReassign [no changes]
04-22 10:37:49.870  1635  2891 D ConnectivityService: NetReassign [no changes]
04-22 10:37:52.157  1635  4613 W ActivityManager: stopServiceToken startId 21 is last, but have 1 remaining args
04-22 10:37:52.900  1635  2891 D ConnectivityService: NetReassign [no changes]
04-22 10:38:04.963  1635  2891 I chatty  : uid=1000(system) ConnectivitySer identical 4 lines
04-22 10:38:07.991  1635  2891 D ConnectivityService: NetReassign [no changes]
04-22 10:38:08.361  1635  2884 W NetworkPolicy: shared quota unsupported; generating rule for each iface
04-22 10:38:11.010  1635  2891 D ConnectivityService: NetReassign [no changes]
04-22 10:38:14.023  1635  2891 I chatty  : uid=1000(system) ConnectivitySer identical 1 line
04-22 10:38:17.042  1635  2891 D ConnectivityService: NetReassign [no changes]
04-22 10:38:19.950  1635  1775 I ActivityManager: Waited long enough for: ServiceRecord{a58d382 u0 com.google.android.googlequicksearchbox/com.google.android.apps.gsa.shared.util.keepalive.StandaloneKeepAlive$KeepAliveService}
04-22 10:38:20.068  1635  2891 D ConnectivityService: NetReassign [no changes]
04-22 10:40:30.217  1635  2891 I chatty  : uid=1000(system) ConnectivitySer identical 43 lines
04-22 10:40:33.238  1635  2891 D ConnectivityService: NetReassign [no changes]
04-22 10:40:34.693  1635  4613 W ActivityManager: Foreground service started from background can not have location/camera/microphone access: service steptracker.healthandfitness.walkingtracker.pedometer/com.drojian.stepcounter.service.CounterService
04-22 10:40:34.701  1635  9801 W ActivityManager: Foreground service started from background can not have location/camera/microphone access: service steptracker.healthandfitness.walkingtracker.pedometer/com.drojian.stepcounter.service.CounterService
04-22 10:40:36.262  1635  2891 D ConnectivityService: NetReassign [no changes]
04-22 10:40:36.454  1635  2884 W NetworkPolicy: shared quota unsupported; generating rule for each iface
04-22 10:40:37.010  1635  4613 W ActivityManager: Foreground service started from background can not have location/camera/microphone access: service steptracker.healthandfitness.walkingtracker.pedometer/com.drojian.stepcounter.service.CounterService
04-22 10:40:37.026  1635  9801 W ActivityManager: Foreground service started from background can not have location/camera/microphone access: service steptracker.healthandfitness.walkingtracker.pedometer/com.drojian.stepcounter.service.CounterService
04-22 10:40:39.286  1635  2891 D ConnectivityService: NetReassign [no changes]
04-22 10:41:51.941  1635  2891 I chatty  : uid=1000(system) ConnectivitySer identical 24 lines
04-22 10:41:54.966  1635  2891 D ConnectivityService: NetReassign [no changes]
04-22 10:41:57.598  1635  1635 D NotificationService: 0|com.discord|605712987|null|10230: granting content://settings/system/notification_sound
04-22 10:41:57.601  1635  1635 I chatty  : uid=1000 system_server identical 4 lines
04-22 10:41:57.601  1635  1635 D NotificationService: 0|com.discord|605712987|null|10230: granting content://settings/system/notification_sound
04-22 10:41:57.603  1635  1635 W NotificationHistory: Attempted to add notif for locked/gone/disabled user 0
04-22 10:41:57.984  1635  2891 D ConnectivityService: NetReassign [no changes]
--------- beginning of main
04-22 10:41:58.648 14602 14896 D ACDB-LOADER: ACDB -> send_hw_delay : acdb_id = 514 path = 0
04-22 10:41:58.648 14602 14896 D ACDB-LOADER: ACDB -> ACDB_AVSYNC_INFO: ACDB_CMD_GET_DEVICE_PROPERTY
04-22 10:41:58.648 14602 14896 D audio_hw_primary: enable_audio_route: usecase(1) apply and update mixer path: low-latency-playback speaker
04-22 10:41:58.648 14602 14896 D audio_route: Apply path: low-latency-playback speaker
04-22 10:41:58.712 14602 14896 D audio_hw_primary: out_write: retry previous failed cal level set
04-22 10:41:58.734 14602 14606 D audio_hw_waves: print_state_log: send volume table -(0,0.000000,F),(1,0.000000,F),(2,0.000000,F),(3,0.000000,F),(4,0.000000,F),(5,0.036728,T)
04-22 10:41:59.469  1058  2949 I WifiHAL : event received NL80211_CMD_VENDOR, vendor_id = 0x1374, subcmd = 0xd
04-22 10:41:59.476 11183 11272 D connectedcrossroad: Data collect: SEND
04-22 10:41:59.477 11183 11272 D connectedcrossroad: Data collect: SEND
04-22 10:41:59.481  3529 11530 I chatty  : uid=10145 com.google.android.gms.persistent expire 29 lines
04-22 10:41:59.485  3529 11704 I chatty  : uid=10145 com.google.android.gms.persistent expire 25 lines
04-22 10:41:59.547 11183 11277 V connectedcrossroad: Data collect: HELO
04-22 10:41:59.547 11183 11277 V data    : Payload RX: 30
04-22 10:41:59.547 11183 11277 V data    : Payload TX: 60
04-22 10:41:59.547 11183 11277 V data    : Total RX: 150592
04-22 10:41:59.547 11183 11277 V data    : Total TX: 151816
04-22 10:41:59.862  4451  4451 I chatty  : uid=10324(com.jaga.ibraceletplus.smartwristband3) expire 30 lines
04-22 10:41:59.958  1203 11772 D CCodecBufferChannel: [c2.android.vorbis.decoder#102] buffers after EOS ignored (0 us)
04-22 10:41:59.959  1203 11770 D AudioTrack: stop(220): called with 76269 frames delivered
04-22 10:42:00.008 14638 11775 D EventNotificationJob: Running EventNotificationJob, isDetail=true
04-22 10:42:00.013 14638 11775 D EventNotificationJob: Interval is 15 minutes
04-22 10:42:00.014 14638 11775 D EventNotificationJob: processEventList() on [0] events. First cleaning up expired notifications.
04-22 10:42:00.015 14638 11775 D EventNotificationJob: Finished cleaning up notifications. Event notification list had 0 items, 0 unique IDs, added 0 notifications in id set.
04-22 10:42:00.016 14638 11775 D EventNotificationJob:   finished processing events.
04-22 10:42:00.210 11183 11277 V connectedcrossroad: Data collect: HELO
04-22 10:42:00.210 11183 11277 V data    : Payload RX: 30
04-22 10:42:00.210 11183 11277 V data    : Payload TX: 60
04-22 10:42:00.210 11183 11277 V data    : Total RX: 151204
04-22 10:42:00.210 11183 11277 V data    : Total TX: 151816
04-22 10:42:00.357  3529 11331 I chatty  : uid=10145 com.google.android.gms.persistent expire 10 lines
04-22 10:42:00.376  1635  4613 I MediaFocusControl: abandonAudioFocus() from uid/pid 10158/2979 clientId=android.media.AudioManager@20983bc
04-22 10:42:00.377  2979 11763 V MediaPlayer: resetDrmState:  mDrmInfo=null mDrmProvisioningThread=null mPrepareDrmInProgress=false mActiveDrmScheme=false
04-22 10:42:00.377  2979 11763 V MediaPlayer: cleanDrmObj: mDrmObj=null mDrmSessionId=null
04-22 10:42:00.377  1203  1379 D NuPlayerDriver: reset(0xec581c30) at state 6
04-22 10:42:00.385  1203 11772 I hw-BpHwBinder: onLastStrongRef automatically unlinking death recipients
04-22 10:42:00.391  1203 11765 D NuPlayerDriver: notifyResetComplete(0xec581c30)
04-22 10:42:00.392  1203  1379 W AMessage: failed to post message as target looper for handler 0 is gone.
04-22 10:42:00.397 14602 14892 D audio_hw_waves: print_state_log: send volume table -(0,0.000000,F),(1,0.000000,F),(2,0.000000,F),(3,0.000000,F),(4,0.000000,F),(5,0.000000,F)
04-22 10:42:00.397  1635  9801 I system_server: oneway function results will be dropped but finished with status OK and parcel size 4
04-22 10:42:00.401 14601 14613 W APM::AudioPolicyEngine: getDevicesForStrategy() unknown strategy: -1
04-22 10:42:00.973  2959  3071 D bt_btif_config: btif_get_device_type: Device [52:aa:ba:52:53:d9] type 2
04-22 10:42:01.477  1058  2949 I WifiHAL : event received NL80211_CMD_VENDOR, vendor_id = 0x1374, subcmd = 0xd
04-22 10:42:01.478 11183 11272 D connectedcrossroad: Data collect: SEND
04-22 10:42:01.479 11183 11272 D connectedcrossroad: Data collect: SEND
04-22 10:42:01.520 11183 11277 V connectedcrossroad: Data collect: HELO
04-22 10:42:01.520 11183 11277 V data    : Payload RX: 30
04-22 10:42:01.520 11183 11277 V data    : Payload TX: 60
04-22 10:42:01.520 11183 11277 V data    : Total RX: 151816
04-22 10:42:01.520 11183 11277 V data    : Total TX: 153040
04-22 10:42:01.615  3529  3541 I chatty  : uid=10145(com.google.android.gms) HeapTaskDaemon expire 1 line
04-22 10:42:02.064  3258  3258 D GRIL-S  : [6034]> UPDATE_REGULATORY_DOMAIN
04-22 10:42:02.065  1057  1057 W radioext@1.0-se: type=1400 audit(0.0:9669): avc: denied { search } for name="radio" dev="dm-8" ino=174 scontext=u:r:hal_radioext_default:s0 tcontext=u:object_r:radio_vendor_data_file:s0 tclass=dir permissive=0
04-22 10:42:02.067  3258  4164 D GRIL-S  : [6034]< UPDATE_REGULATORY_DOMAIN 
04-22 10:42:02.124 11183 11277 V connectedcrossroad: Data collect: HELO
04-22 10:42:02.124 11183 11277 V data    : Payload RX: 30
04-22 10:42:02.124 11183 11277 V data    : Payload TX: 60
04-22 10:42:02.124 11183 11277 V data    : Total RX: 152428
04-22 10:42:02.124 11183 11277 V data    : Total TX: 153040
04-22 10:42:03.424  1253  3029 D BufferPoolAccessor2.0: evictor expired: 2, evicted: 0
04-22 10:42:03.429  2979  2979 W TouchableRegionManager: onHeadsUpPinnedModeChanged
04-22 10:42:03.448 14602 14606 D audio_hw_primary: disable_audio_route: usecase(1) reset and update mixer path: low-latency-playback speaker
04-22 10:42:03.450 14602 14606 I audio_hw_cirrus_playback: audio_extn_spkr_prot_stop_processing: pcm_tx_close
04-22 10:42:03.462 14602 14606 D audio_hw_primary: disable_audio_route: usecase(25) reset and update mixer path: spkr-vi-record vi-feedback
04-22 10:42:03.462 14602 14606 D audio_hw_primary: disable_snd_device: snd_device(104: vi-feedback)
04-22 10:42:03.465  1635  2881 I system_server: oneway function results will be dropped but finished with status OK and parcel size 4
04-22 10:42:03.471 11183 11277 V connectedcrossroad: Data collect: HELO
04-22 10:42:03.471 11183 11277 V data    : Payload RX: 30
04-22 10:42:03.471 11183 11277 V data    : Payload TX: 60
04-22 10:42:03.471 11183 11277 V data    : Total RX: 153040
04-22 10:42:03.471 11183 11277 V data    : Total TX: 153040
04-22 10:42:03.480 11183 11272 D connectedcrossroad: Data collect: SEND
04-22 10:42:03.482 11183 11272 D connectedcrossroad: Data collect: SEND
04-22 10:42:03.483  1058  2949 I WifiHAL : event received NL80211_CMD_VENDOR, vendor_id = 0x1374, subcmd = 0xd
04-22 10:42:03.495  2979  2979 I Elmyra/ElmyraService: Switching action from UnpinNotifications to LaunchOpa [mIsGestureEnabled -> true; mIsOpaEnabled -> true]
04-22 10:42:03.495  2979  2979 I Elmyra/ElmyraService: Unblocked; current action: LaunchOpa [mIsGestureEnabled -> true; mIsOpaEnabled -> true]
04-22 10:42:03.954  2979  2979 D StatusBar: disable<e i a s b h r c s > disable2<q i n >
04-22 10:42:04.111 11183 11277 V connectedcrossroad: Data collect: HELO
04-22 10:42:04.111 11183 11277 V data    : Payload RX: 30
04-22 10:42:04.111 11183 11277 V data    : Payload TX: 60
04-22 10:42:04.111 11183 11277 V data    : Total RX: 153652
04-22 10:42:04.111 11183 11277 V data    : Total TX: 154264
04-22 10:42:04.421  1203 18583 D BufferPoolAccessor2.0: bufferpool2 0xe7941d68 : 0(0 size) total buffers - 0(0 size) used buffers - 89/97 (recycle/alloc) - 8/188 (fetch/transfer)
04-22 10:42:04.421  1203 18583 D BufferPoolAccessor2.0: evictor expired: 3, evicted: 1
04-22 10:42:05.431  1253  3029 D BufferPoolAccessor2.0: bufferpool2 0x7718883788 : 0(0 size) total buffers - 0(0 size) used buffers - 89/92 (recycle/alloc) - 3/91 (fetch/transfer)
04-22 10:42:05.431  1253  3029 D BufferPoolAccessor2.0: evictor expired: 1, evicted: 1
04-22 10:42:05.484 11183 11272 D connectedcrossroad: Data collect: SEND
04-22 10:42:05.485 11183 11272 D connectedcrossroad: Data collect: SEND
04-22 10:42:05.488  1058  2949 I WifiHAL : event received NL80211_CMD_VENDOR, vendor_id = 0x1374, subcmd = 0xd
04-22 10:42:05.586 11183 11277 V connectedcrossroad: Data collect: HELO
04-22 10:42:05.586 11183 11277 V data    : Payload RX: 30
04-22 10:42:05.586 11183 11277 V data    : Payload TX: 60
04-22 10:42:05.586 11183 11277 V data    : Total RX: 154264
04-22 10:42:05.587 11183 11277 V data    : Total TX: 155488
04-22 10:42:06.304  2959  3071 D bt_btif_config: btif_get_device_type: Device [cc:0d:f2:5a:3b:e4] type 1
04-22 10:42:06.329 11183 11277 V connectedcrossroad: Data collect: HELO
04-22 10:42:06.329 11183 11277 V data    : Payload RX: 30
04-22 10:42:06.329 11183 11277 V data    : Payload TX: 60
04-22 10:42:06.329 11183 11277 V data    : Total RX: 154876
04-22 10:42:06.329 11183 11277 V data    : Total TX: 155488
04-22 10:42:07.103  3258  3258 D GRIL-S  : [6035]> UPDATE_REGULATORY_DOMAIN
04-22 10:42:07.101  1057  1057 W radioext@1.0-se: type=1400 audit(0.0:9670): avc: denied { search } for name="radio" dev="dm-8" ino=174 scontext=u:r:hal_radioext_default:s0 tcontext=u:object_r:radio_vendor_data_file:s0 tclass=dir permissive=0
04-22 10:42:07.105  3258  4164 D GRIL-S  : [6035]< UPDATE_REGULATORY_DOMAIN 
04-22 10:42:07.487 11183 11272 D connectedcrossroad: Data collect: SEND
04-22 10:42:07.488 11183 11272 D connectedcrossroad: Data collect: SEND
04-22 10:42:07.491  1058  2949 I WifiHAL : event received NL80211_CMD_VENDOR, vendor_id = 0x1374, subcmd = 0xd
04-22 10:42:07.501  3529 11793 I chatty  : uid=10145(com.google.android.gms) highpool[205] expire 20 lines
04-22 10:42:07.599 11183 11277 V connectedcrossroad: Data collect: HELO
04-22 10:42:07.599 11183 11277 V data    : Payload RX: 30
04-22 10:42:07.599 11183 11277 V data    : Payload TX: 60
04-22 10:42:07.599 11183 11277 V data    : Total RX: 155488
04-22 10:42:07.599 11183 11277 V data    : Total TX: 156712
04-22 10:42:08.255 11183 11277 V connectedcrossroad: Data collect: HELO
04-22 10:42:08.255 11183 11277 V data    : Payload RX: 30
04-22 10:42:08.255 11183 11277 V data    : Payload TX: 60
04-22 10:42:08.255 11183 11277 V data    : Total RX: 156100
04-22 10:42:08.255 11183 11277 V data    : Total TX: 156712
04-22 10:42:09.428 14012 14012 I Notifications: [ChimeBroadcastReceiver] Intent received for action [com.google.android.c2dm.intent.RECEIVE] package [com.google.android.googlequicksearchbox].
04-22 10:42:09.428 14012 14012 I Notifications: [ChimeBroadcastReceiver] Phenotype initialized.
04-22 10:42:09.433 14012 14012 I Notifications: [ChimeBroadcastReceiver] Validation failed for action [com.google.android.c2dm.intent.RECEIVE].
04-22 10:42:09.441 14012 14012 I NotificationFullFlow: Step 1: GcmBroadcastReceiver:onReceive
04-22 10:42:09.446 14012 14111 I NotificationFullFlow: Step 2: GcsmState:handleClientEvent
04-22 10:42:09.451 14012 14149 I NotificationFullFlow: Step 3: GcmWorker:DeliveryToNow
04-22 10:42:09.456 14012 14111 I A       : Received weather push message.
04-22 10:42:09.457 14012 14111 I A       : Push weather data used: Temp=48, Unit=F, IconUrl=https://www.gstatic.com/images/icons/material/apps/weather/2x/mostly_cloudy_day_light_color_96dp.png, WeatherDescription=Mostly Cloudy, isCelsius=false
04-22 10:42:09.461 14012 14111 I A       : pcp enabled writing weather data to pcp
04-22 10:42:09.461 14012 14111 I SmartspaceGcmCommuteIH: #canHandleInput() input class NotificationArgs false
04-22 10:42:09.462 14012 14111 I SmartspaceGmmTtlIH: #canHandleInput() input class NotificationArgs false
04-22 10:42:09.490 11183 11272 D connectedcrossroad: Data collect: SEND
04-22 10:42:09.490 11183 11272 D connectedcrossroad: Data collect: SEND
04-22 10:42:09.494  1058  2949 I WifiHAL : event received NL80211_CMD_VENDOR, vendor_id = 0x1374, subcmd = 0xd
04-22 10:42:09.511 14012 14106 I A       : display valid entity dataId weather_current, dataType 1, clientType 23
04-22 10:42:09.511 14012 14106 I A       : display valid entity dataId weather_current, dataType 1, clientType 35
04-22 10:42:09.515 14012 14153 I PCP.ImplV0: getProactiveContent
04-22 10:42:09.515 14012 14153 I PCP.ImplV0: PCP V1 flow is enabled.
04-22 10:42:09.525 14012 14153 I A       : Falling back to non-UDC sources
04-22 10:42:09.525 14012 14153 I A       : Setting = LOCATION_HISTORY_AND_REPORTING, optedInt = true
04-22 10:42:09.525 14012 14153 I A       : Falling back to non-UDC sources
04-22 10:42:09.525 14012 14153 I A       : Setting = NOW_CARDS, optedInt = true
04-22 10:42:09.525 14012 14153 I A       : Falling back to non-UDC sources
04-22 10:42:09.527 14012 14153 I A       : Setting = NOW_NOTIFICATIONS, optedInt = true
04-22 10:42:09.528 14012 14153 I A       : Falling back to non-UDC sources
04-22 10:42:09.528 14012 14153 I A       : Setting = CHROME_HISTORY_SYNC, optedInt = true
04-22 10:42:09.583 14012 14153 I DeviceCapHelper: Adding surface identity to the device capabilities for surface OPA_AGSA.
04-22 10:42:09.595 14012 14143 D StrictMode: StrictMode policy violation: android.os.strictmode.DiskReadViolation
04-22 10:42:09.595 14012 14143 D StrictMode: 	at android.os.StrictMode$AndroidBlockGuardPolicy.onReadFromDisk(StrictMode.java:1596)
04-22 10:42:09.595 14012 14143 D StrictMode: 	at android.database.sqlite.SQLiteConnection.applyBlockGuardPolicy(SQLiteConnection.java:1197)
04-22 10:42:09.595 14012 14143 D StrictMode: 	at android.database.sqlite.SQLiteConnection.executeForCursorWindow(SQLiteConnection.java:998)
04-22 10:42:09.595 14012 14143 D StrictMode: 	at android.database.sqlite.SQLiteSession.executeForCursorWindow(SQLiteSession.java:838)
04-22 10:42:09.595 14012 14143 D StrictMode: 	at android.database.sqlite.SQLiteQuery.fillWindow(SQLiteQuery.java:62)
04-22 10:42:09.595 14012 14143 D StrictMode: 	at android.database.sqlite.SQLiteCursor.fillWindow(SQLiteCursor.java:153)
04-22 10:42:09.595 14012 14143 D StrictMode: 	at android.database.sqlite.SQLiteCursor.getCount(SQLiteCursor.java:140)
04-22 10:42:09.595 14012 14143 D StrictMode: 	at android.database.CursorToBulkCursorAdaptor.getBulkCursorDescriptor(CursorToBulkCursorAdaptor.java:161)
04-22 10:42:09.595 14012 14143 D StrictMode: 	at android.content.ContentProviderNative.onTransact(ContentProviderNative.java:116)
04-22 10:42:09.595 14012 14143 D StrictMode: 	at android.os.Binder.execTransactInternal(Binder.java:1154)
04-22 10:42:09.595 14012 14143 D StrictMode: 	at android.os.Binder.execTransact(Binder.java:1123)
04-22 10:42:09.595 14012 14143 D StrictMode: # via Binder call with stack:
04-22 10:42:09.595 14012 14143 D StrictMode: 	at android.os.StrictMode.readAndHandleBinderCallViolations(StrictMode.java:2358)
04-22 10:42:09.595 14012 14143 D StrictMode: 	at android.os.Parcel.readExceptionCode(Parcel.java:2318)
04-22 10:42:09.595 14012 14143 D StrictMode: 	at android.database.DatabaseUtils.readExceptionFromParcel(DatabaseUtils.java:139)
04-22 10:42:09.595 14012 14143 D StrictMode: 	at android.content.ContentProviderProxy.query(ContentProviderNative.java:472)
04-22 10:42:09.595 14012 14143 D StrictMode: 	at android.content.ContentResolver.query(ContentResolver.java:1183)
04-22 10:42:09.595 14012 14143 D StrictMode: 	at android.content.ContentResolver.query(ContentResolver.java:1115)
04-22 10:42:09.595 14012 14143 D StrictMode: 	at android.content.ContentResolver.query(ContentResolver.java:1071)
04-22 10:42:09.595 14012 14143 D StrictMode: 	at com.google.android.h.b.a(SourceFile:1)
04-22 10:42:09.595 14012 14143 D StrictMode: 	at com.google.android.apps.gsa.search.core.google.az.e(SourceFile:3)
04-22 10:42:09.595 14012 14143 D StrictMode: 	at com.google.android.apps.gsa.search.core.google.az.d(SourceFile:1)
04-22 10:42:09.595 14012 14143 D StrictMode: 	at com.google.android.apps.gsa.search.core.google.bj.b(SourceFile:5)
04-22 10:42:09.595 14012 14143 D StrictMode: 	at com.google.android.apps.gsa.search.core.google.bz.l(SourceFile:12)
04-22 10:42:09.595 14012 14143 D StrictMode: 	at com.google.android.apps.gsa.search.core.google.bz.f(SourceFile:5)
04-22 10:42:09.595 14012 14143 D StrictMode: 	at com.google.android.apps.gsa.search.core.google.bz.B(SourceFile:1)
04-22 10:42:09.595 14012 14143 D StrictMode: 	at com.google.android.apps.gsa.t.h.i.a(Unknown Source:3)
04-22 10:42:09.595 14012 14143 D StrictMode: 	at com.google.android.libraries.gsa.k.a.m.call(Unknown Source:2)
04-22 10:42:09.595 14012 14143 D StrictMode: 	at java.util.concurrent.FutureTask.run(FutureTask.java:266)
04-22 10:42:09.595 14012 14143 D StrictMode: 	at com.google.android.libraries.h.ad.run(SourceFile:1)
04-22 10:42:09.595 14012 14143 D StrictMode: 	at java.util.concurrent.ThreadPoolExecutor.runWorker(ThreadPoolExecutor.java:1167)
04-22 10:42:09.595 14012 14143 D StrictMode: 	at java.util.concurrent.ThreadPoolExecutor$Worker.run(ThreadPoolExecutor.java:641)
04-22 10:42:09.595 14012 14143 D StrictMode: 	at com.google.android.libraries.h.q.run(Unknown Source:2)
04-22 10:42:09.595 14012 14143 D StrictMode: 	at com.google.android.libraries.h.d.run(Unknown Source:2)
04-22 10:42:09.595 14012 14143 D StrictMode: 	at java.lang.Thread.run(Thread.java:923)
04-22 10:42:09.657 11183 11277 V connectedcrossroad: Data collect: HELO
04-22 10:42:09.657 11183 11277 V data    : Payload RX: 30
04-22 10:42:09.657 11183 11277 V data    : Payload TX: 60
04-22 10:42:09.657 11183 11277 V data    : Total RX: 156712
04-22 10:42:09.657 11183 11277 V data    : Total TX: 157936
04-22 10:42:09.863 14012 14141 I A       : #getProactiveContent
04-22 10:42:09.865 14012 14141 I A       : #getProactiveContent
04-22 10:42:09.866 14012 14141 I A       : requestedProactiveDataTypes [1, 100002]
04-22 10:42:09.866 14012 14141 I A       : requestedDataTypesToRead [1, 100002]
04-22 10:42:09.867 14012 14141 I A       : #getLastReturnedProactiveData for client type 23 and proactive data type Optional[[1, 100002]]
04-22 10:42:09.867 14012 14141 I A       : #getLastReturnedProactiveData for client type 23 and proactive data type Optional[[1, 100002]]
04-22 10:42:09.867 14012 14141 I A       : #getProactiveDataForClient for client type 23 and proactive data type [1, 100002]
04-22 10:42:09.868 14012 14141 I A       : #getLastReturnedProactiveData for client type 23 and proactive data type Optional[[]]
04-22 10:42:09.868 14012 14141 I A       : #getLastReturnedProactiveData for client type 23 and proactive data type Optional[[]]
04-22 10:42:09.876 14012 14141 I A       : #updateLastReturnedDatabase
04-22 10:42:09.877 14012 14141 I A       : #deleteLastReturnedDataQuery
04-22 10:42:09.877 14012 14141 I chatty  : uid=10125(com.google.android.googlequicksearchbox) BG Thread #3 identical 2 lines
04-22 10:42:09.877 14012 14141 I A       : #deleteLastReturnedDataQuery
04-22 10:42:09.880 14012 14141 I A       : #putNewReturnedDataQuery
04-22 10:42:09.880 14012 14141 I A       : #putNewReturnedDataQuery
04-22 10:42:09.880 14012 14106 I A       : #putNewReturnedDataQuery
04-22 10:42:09.880 14012 14106 I A       : #putNewReturnedDataQuery
04-22 10:42:09.882 14012 14106 I A       : data.getValue() # com.google.android.apps.search.assistant.platform.pcp.c.ab@ce0c24be
04-22 10:42:09.883 14012 14110 I SSPcpDataCtrl: #logProactiveDataReceived
04-22 10:42:09.883 14012 14106 I A       : dataHash at insert # com.google.android.apps.search.assistant.platform.pcp.c.ab@ce0c24be
04-22 10:42:09.884 14012 14110 I SSPcpDataCtrl: data type : 7
04-22 10:42:09.884 14012 14110 I SSPcpDataCtrl: update type is 2
04-22 10:42:09.903  4451  4451 I chatty  : uid=10324(com.jaga.ibraceletplus.smartwristband3) expire 23 lines
04-22 10:42:09.932 14012 14012 V ClearcutMetricXmitter: Transmission is done.
04-22 10:42:09.936 14012 14012 I chatty  : uid=10125 com.google.android.googlequicksearchbox:search identical 2 lines
04-22 10:42:09.938 14012 14012 V ClearcutMetricXmitter: Transmission is done.
04-22 10:42:09.961 14012 14141 I A       : handleWeatherCardUpdate
04-22 10:42:09.980 14012 14153 I A       : hasHotwordEverywhere-true
04-22 10:42:09.987 14012 14153 I A       : hasHotwordEverywhere-true
