04-22 10:17:26.539  1635  3048 W SettingsStatsUtil: Can not parse value to float: gps,network
04-22 10:17:27.838  1635  1635 D BluetoothManagerService: Bluetooth Adapter name changed to IkgzSXZbye0AAAAAAAAAATE
04-22 10:17:27.839  1635  1635 D BluetoothManagerService: Stored Bluetooth name: IkgzSXZbye0AAAAAAAAAATE
04-22 10:17:28.190  1635  2893 D NsdService: Register service
04-22 10:17:28.191  1635  2893 D NsdService: registerService: 7 name: IkgzSXZbye0AAA, type: _5BC9ED5E6C75._tcp, host: null, port: 41683, txtRecord: n=MQIPv4=192.168.1.17
04-22 10:17:28.191  1635  2893 D NsdService: mdnssd [register, 7, IkgzSXZbye0AAA, _5BC9ED5E6C75._tcp, 41683, BG49TVERSVB2ND0xOTIuMTY4LjEuMTc=]
04-22 10:17:28.197  1635  2893 D NsdService: Register 7 7
04-22 10:17:28.445  1635  1775 W BroadcastQueue: Background execution not allowed: receiving Intent { act=android.intent.action.DROPBOX_ENTRY_ADDED flg=0x10 (has extras) } to com.google.android.gms/.stats.service.DropBoxEntryAddedReceiver
04-22 10:17:28.445  1635  1775 W BroadcastQueue: Background execution not allowed: receiving Intent { act=android.intent.action.DROPBOX_ENTRY_ADDED flg=0x10 (has extras) } to com.google.android.gms/.chimera.GmsIntentOperationService$PersistentTrustedReceiver
04-22 10:17:28.922  1635  2893 D NsdService: Native daemon message SERVICE_REGISTERED: 606 7 "IkgzSXZbye0AAA"
04-22 10:17:28.933  1635 12414 E AppOps  : attributionTag com.google.android.gms.nearby not declared in manifest of com.google.location.nearby.apps.connectedcrossroad
04-22 10:17:29.197  1635  2891 D ConnectivityService: NetReassign [no changes]
04-22 10:17:35.232  1635  2891 I chatty  : uid=1000(system) ConnectivitySer identical 2 lines
04-22 10:17:38.262  1635  2891 D ConnectivityService: NetReassign [no changes]
04-22 10:17:40.411  1635  1752 W Looper  : Slow delivery took 204ms android.fg h=android.os.Handler c=<recycled PooledLambda@b216fa4> m=0
04-22 10:17:41.104  1635  1752 W Looper  : Drained
04-22 10:17:41.271  1635  2891 D ConnectivityService: NetReassign [no changes]
04-22 10:17:41.905  1635  1635 D NotificationService: 0|com.google.android.apps.messaging|0|com.google.android.apps.messaging:sms:2|10180: granting content://settings/system/notification_sound
04-22 10:17:41.906  1635  1635 I chatty  : uid=1000 system_server identical 4 lines
04-22 10:17:41.907  1635  1635 D NotificationService: 0|com.google.android.apps.messaging|0|com.google.android.apps.messaging:sms:2|10180: granting content://settings/system/notification_sound
04-22 10:17:41.908  1635  1635 W NotificationHistory: Attempted to add notif for locked/gone/disabled user 0
04-22 10:17:44.293  1635  2891 D ConnectivityService: NetReassign [no changes]
04-22 10:17:47.315  1635  2891 I chatty  : uid=1000(system) ConnectivitySer identical 1 line
04-22 10:17:50.339  1635  2891 D ConnectivityService: NetReassign [no changes]
04-22 10:17:50.757  1635  2891 D Nat464Xlat: clatd running, updating NAI for v4-rmnet_data2
04-22 10:17:51.277  1635  1775 W BroadcastQueue: Background execution not allowed: receiving Intent { act=android.bluetooth.device.action.BOND_STATE_CHANGED flg=0x10 (has extras) } to com.google.android.gms/.chimera.GmsIntentOperationService$PersistentTrustedReceiver
04-22 10:17:51.280  1635  1775 W BroadcastQueue: Background execution not allowed: receiving Intent { act=android.bluetooth.device.action.BOND_STATE_CHANGED flg=0x10 (has extras) } to com.google.android.googlequicksearchbox/com.google.android.apps.gsa.broadcastreceiver.external.ExternalCommonBroadcastReceiver
04-22 10:17:52.675  1635  1775 W BroadcastQueue: Background execution not allowed: receiving Intent { act=android.bluetooth.device.action.BOND_STATE_CHANGED flg=0x10 (has extras) } to com.google.android.gms/.chimera.GmsIntentOperationService$PersistentTrustedReceiver
04-22 10:17:52.677  1635  1775 W BroadcastQueue: Background execution not allowed: receiving Intent { act=android.bluetooth.device.action.BOND_STATE_CHANGED flg=0x10 (has extras) } to com.google.android.googlequicksearchbox/com.google.android.apps.gsa.broadcastreceiver.external.ExternalCommonBroadcastReceiver
04-22 10:17:53.366  1635  2891 D ConnectivityService: NetReassign [no changes]
04-22 10:17:56.392  1635  2891 D ConnectivityService: NetReassign [no changes]
04-22 10:17:58.609  1635  1775 I ActivityManager: Waited long enough for: ServiceRecord{5114003 u0 com.google.android.googlequicksearchbox/com.google.android.apps.gsa.shared.util.keepalive.StandaloneKeepAlive$KeepAliveService}
04-22 10:17:59.406  1635  2891 D ConnectivityService: NetReassign [no changes]
04-22 10:17:59.559  1635  1752 W Looper  : Slow delivery took 204ms android.fg h=android.os.Handler c=<recycled PooledLambda@9220cd7> m=0
04-22 10:17:59.675  1635  1752 W Looper  : Drained
04-22 10:18:00.084  1635  1635 W NotificationHistory: Attempted to add notif for locked/gone/disabled user 0
04-22 10:18:02.427  1635  2891 D ConnectivityService: NetReassign [no changes]
04-22 10:18:05.450  1635  2891 I chatty  : uid=1000(system) ConnectivitySer identical 1 line
04-22 10:18:08.469  1635  2891 D ConnectivityService: NetReassign [no changes]
04-22 10:18:09.830  1635  2891 D Nat464Xlat: clatd running, updating NAI for v4-rmnet_data2
04-22 10:18:11.489  1635  2891 D ConnectivityService: NetReassign [no changes]
04-22 10:18:29.649  1635  2891 I chatty  : uid=1000(system) ConnectivitySer identical 6 lines
04-22 10:18:32.695  1635  2891 D ConnectivityService: NetReassign [no changes]
04-22 10:18:33.296  1635  2884 W NetworkPolicy: shared quota unsupported; generating rule for each iface
04-22 10:18:35.723  1635  2891 D ConnectivityService: NetReassign [no changes]
04-22 10:19:54.407  1635  2891 I chatty  : uid=1000(system) ConnectivitySer identical 26 lines
04-22 10:19:57.428  1635  2891 D ConnectivityService: NetReassign [no changes]
04-22 10:19:58.700  1635  1971 E AlarmManager: Attempt to decrement existing alarm count 0 by 1 for uid 1000
04-22 10:19:58.703  1635  1775 I DropBoxManagerService: add tag=system_server_wtf isTagEnabled=true flags=0x2
04-22 10:19:58.745  1635  2958 E SyncManager: SYNC_OP_STATE_INVALID: NOT_SYNCABLE
04-22 10:19:58.812  1635  2958 E SyncManager: SYNC_OP_STATE_INVALID: NOT_SYNCABLE
04-22 10:19:58.893  1635  1635 D CompatibilityChangeReporter: Compat change id reported: 135634846; UID 10273; state: DISABLED
04-22 10:19:58.894  1635  1776 D CompatibilityChangeReporter: Compat change id reported: 143937733; UID 10273; state: DISABLED
04-22 10:19:58.909  1635  2958 E SyncManager: SYNC_OP_STATE_INVALID: disallowed by settings/network
04-22 10:19:58.918  1635  1776 I ActivityManager: Start proc 7514:com.microsoft.appmanager/u0a273 for service {com.microsoft.appmanager/com.microsoft.appmanager.network.service.NetworkDataMetricsService}
04-22 10:19:58.933  1635  2958 E SyncManager: SYNC_OP_STATE_INVALID: disallowed by settings/network
04-22 10:19:58.954  1635  2958 D CompatibilityChangeReporter: Compat change id reported: 135634846; UID 10172; state: DISABLED
04-22 10:19:58.955  1635  1776 D CompatibilityChangeReporter: Compat change id reported: 143937733; UID 10172; state: ENABLED
04-22 10:19:58.971  1635  2958 D CompatibilityChangeReporter: Compat change id reported: 135634846; UID 10203; state: DISABLED
04-22 10:19:58.974  1635  1776 I ActivityManager: Start proc 7535:com.google.android.calendar/u0a172 for service {com.google.android.calendar/com.google.android.apps.calendar.vagabond.tasks.impl.sync.PlatformSync$SyncService}
04-22 10:19:58.975  1635  1776 D CompatibilityChangeReporter: Compat change id reported: 143937733; UID 10203; state: DISABLED
04-22 10:19:58.993  1635  1776 I ActivityManager: Start proc 7541:com.google.android.keep/u0a203 for service {com.google.android.keep/com.google.android.keep.syncadapter.KeepSyncAdapterService}
04-22 10:19:59.339  7514  7514 E ActivityThread: Failed to find provider info for com.samsung.android.mdx.windowslink.Tile.Provider
04-22 10:19:59.370  1635  2891 D ConnectivityService: NetReassign [no changes]
04-22 10:19:59.406  7514  7623 E ActivityThread: Failed to find provider info for com.microsoft.yourphonecompanion.contentprovider.featureoverride
04-22 10:19:59.457  7514  7623 E ActivityThread: Failed to find provider info for com.microsoft.yourphonecompanion.contentprovider.featureoverride
04-22 10:20:00.039  1635  2884 W NetworkPolicy: shared quota unsupported; generating rule for each iface
04-22 10:20:00.090  1635  1635 D CompatibilityChangeReporter: Compat change id reported: 135634846; UID 10118; state: DISABLED
04-22 10:20:00.090  1635  1635 W Looper  : Slow dispatch took 215ms main h=com.android.server.job.JobSchedulerService$JobHandler c=null m=4
04-22 10:20:00.091  1635  1776 D CompatibilityChangeReporter: Compat change id reported: 143937733; UID 10118; state: ENABLED
04-22 10:20:00.095  1635  3048 D CompatibilityChangeReporter: Compat change id reported: 135634846; UID 10215; state: DISABLED
04-22 10:20:00.101  1635  1635 W Looper  : Slow delivery took 213ms main h=com.android.server.job.controllers.ConnectivityController$CcHandler c=null m=1
04-22 10:20:00.113  1635  1635 W Looper  : Drained
04-22 10:20:00.119  1635  1776 I ActivityManager: Start proc 7798:com.google.android.partnersetup/u0a118 for service {com.google.android.partnersetup/com.google.android.partnersetup.InstalledAppJobService}
04-22 10:20:00.119  1635  1776 D CompatibilityChangeReporter: Compat change id reported: 143937733; UID 10215; state: DISABLED
04-22 10:20:00.139  1635  1776 I ActivityManager: Start proc 7820:com.microsoft.emmx/u0a215 for broadcast {com.microsoft.emmx/com.microsoft.mmx.reporting.SharedStateManager}
04-22 10:20:00.439  1635  2891 D ConnectivityService: NetReassign [no changes]
04-22 10:20:00.995  1635 11490 D CompatibilityChangeReporter: Compat change id reported: 135634846; UID 10248; state: DISABLED
04-22 10:20:00.995  1635  1776 D CompatibilityChangeReporter: Compat change id reported: 143937733; UID 10248; state: DISABLED
04-22 10:20:01.017  1635  1776 I ActivityManager: Start proc 7878:com.facebook.katana/u0a248 for content provider {com.facebook.katana/com.facebook.katana.provider.AttributionIdProvider}
04-22 10:20:01.138  1635  4630 W BroadcastQueue: Background execution not allowed: receiving Intent { act=com.microsoft.mmx.intent.action.UPDATE_POLICY flg=0x30 } to com.microsoft.appmanager/com.microsoft.mmx.continuity.receiver.PolicyReceiver
04-22 10:20:01.141  1635  1775 W BroadcastQueue: Background execution not allowed: receiving Intent { act=com.microsoft.mmx.intent.action.UPDATE_POLICY flg=0x30 } to com.microsoft.emmx/com.microsoft.mmx.continuity.receiver.PolicyReceiver
04-22 10:20:01.142  1635  1775 W BroadcastQueue: Background execution not allowed: receiving Intent { act=android.intent.action.DROPBOX_ENTRY_ADDED flg=0x10 (has extras) } to com.google.android.gms/.stats.service.DropBoxEntryAddedReceiver
04-22 10:20:01.142  1635  1775 W BroadcastQueue: Background execution not allowed: receiving Intent { act=android.intent.action.DROPBOX_ENTRY_ADDED flg=0x10 (has extras) } to com.google.android.gms/.chimera.GmsIntentOperationService$PersistentTrustedReceiver
04-22 10:20:01.314  1635  4630 D ConnectivityService: requestNetwork for uid/pid:10172/7535 NetworkRequest [ TRACK_DEFAULT id=767, [ Capabilities: INTERNET&NOT_RESTRICTED&TRUSTED Uid: 10172 AdministratorUids: [] RequestorUid: 10172 RequestorPackageName: com.google.android.calendar] ]
04-22 10:20:01.316  1635  2891 D ConnectivityService: NetReassign [767 : null  135]
04-22 10:20:01.320  1635  2891 D ConnectivityService: NetReassign [no changes]
04-22 10:20:03.260  1635  3048 D ConnectivityService: Returning UNBLOCKED NetworkInfo to uid=10248
04-22 10:20:03.447  1635  2891 D ConnectivityService: NetReassign [no changes]
04-22 10:20:04.304  1635  3038 D ConnectivityService: requestNetwork for uid/pid:10215/7820 NetworkRequest [ TRACK_DEFAULT id=769, [ Capabilities: INTERNET&NOT_RESTRICTED&TRUSTED Uid: 10215 AdministratorUids: [] RequestorUid: 10215 RequestorPackageName: com.microsoft.emmx] ]
04-22 10:20:04.305  1635  2891 D ConnectivityService: NetReassign [769 : null  135]
04-22 10:20:04.309  1635  2891 D ConnectivityService: NetReassign [no changes]
04-22 10:20:06.465  1635  2891 D ConnectivityService: NetReassign [no changes]
04-22 10:20:08.261  1635  3048 W ActivityManager: Background start not allowed: service Intent { act=Orca.START cmp=com.facebook.katana/com.facebook.mqttlite.MqttService (has extras) } to com.facebook.katana/com.facebook.mqttlite.MqttService from pid=7878 uid=10248 pkg=com.facebook.katana startFg?=false
04-22 10:20:09.397  1635  1775 W BroadcastQueue: Permission Denial: broadcasting Intent { act=android.net.wifi.WIFI_STATE_CHANGED flg=0x44000010 (has extras) } from null (pid=-1, uid=-1) requires com.facebook.permission.prod.FB_APP_COMMUNICATION due to registered receiver BroadcastFilter{ce9fe1b 10248/u0 ReceiverList{c8eb02a 7878 com.facebook.katana/10248/u0 remote:6d3b515}}
04-22 10:20:09.476  1635  2891 D ConnectivityService: NetReassign [no changes]
04-22 10:20:09.561  1635  1775 W BroadcastQueue: Permission Denial: broadcasting Intent { act=android.net.conn.CONNECTIVITY_CHANGE flg=0x4200010 (has extras) } from null (pid=-1, uid=-1) requires com.facebook.permission.prod.FB_APP_COMMUNICATION due to registered receiver BroadcastFilter{23fa4f6 10248/u0 ReceiverList{5c78d91 7878 com.facebook.katana/10248/u0 remote:eef9bb8}}
04-22 10:20:09.561  1635  1775 W BroadcastQueue: Permission Denial: broadcasting Intent { act=android.net.conn.INET_CONDITION_ACTION flg=0x4000010 (has extras) } from null (pid=-1, uid=-1) requires com.facebook.permission.prod.FB_APP_COMMUNICATION due to registered receiver BroadcastFilter{23fa4f6 10248/u0 ReceiverList{5c78d91 7878 com.facebook.katana/10248/u0 remote:eef9bb8}}
04-22 10:20:09.601  1635  1775 W BroadcastQueue: Permission Denial: broadcasting Intent { act=android.net.conn.CONNECTIVITY_CHANGE flg=0x4200010 (has extras) } from null (pid=-1, uid=-1) requires com.facebook.permission.prod.FB_APP_COMMUNICATION due to registered receiver BroadcastFilter{1391a82 10248/u0 ReceiverList{74671cd 7878 com.facebook.katana/10248/u0 remote:8debb64}}
04-22 10:20:09.757  7878  8007 E ActivityThread: Failed to find provider info for com.facebook.appmanager.firstparty.crashreporter
04-22 10:20:09.862  1635  3048 D ConnectivityService: Returning UNBLOCKED NetworkInfo to uid=10243
04-22 10:20:12.501  1635  2891 D ConnectivityService: NetReassign [no changes]
04-22 10:21:19.054  1635  2891 I chatty  : uid=1000(system) ConnectivitySer identical 22 lines
04-22 10:21:22.064  1635  2891 D ConnectivityService: NetReassign [no changes]
04-22 10:21:23.342  1635  2884 W NetworkPolicy: shared quota unsupported; generating rule for each iface
04-22 10:21:25.088  1635  2891 D ConnectivityService: NetReassign [no changes]
04-22 10:22:01.363  1635  2891 I chatty  : uid=1000(system) ConnectivitySer identical 12 lines
04-22 10:22:04.392  1635  2891 D ConnectivityService: NetReassign [no changes]
04-22 10:22:06.701  1635 11678 W ActivityManager: Foreground service started from background can not have location/camera/microphone access: service steptracker.healthandfitness.walkingtracker.pedometer/com.drojian.stepcounter.service.CounterService
04-22 10:22:06.731  1635 11678 W ActivityManager: Foreground service started from background can not have location/camera/microphone access: service steptracker.healthandfitness.walkingtracker.pedometer/com.drojian.stepcounter.service.CounterService
04-22 10:22:07.408  1635  2891 D ConnectivityService: NetReassign [no changes]
04-22 10:22:08.911  1635  3048 W ActivityManager: Foreground service started from background can not have location/camera/microphone access: service steptracker.healthandfitness.walkingtracker.pedometer/com.drojian.stepcounter.service.CounterService
04-22 10:22:08.929  1635  3038 W ActivityManager: Foreground service started from background can not have location/camera/microphone access: service steptracker.healthandfitness.walkingtracker.pedometer/com.drojian.stepcounter.service.CounterService
04-22 10:22:10.433  1635  2891 D ConnectivityService: NetReassign [no changes]
04-22 10:23:01.887  1635  2891 I chatty  : uid=1000(system) ConnectivitySer identical 17 lines
04-22 10:23:04.910  1635  2891 D ConnectivityService: NetReassign [no changes]
04-22 10:23:05.713  1635  1862 V DisplayPowerController: Brightness [0.05] reason changing to: 'automatic [ dim ]', previous reason: 'automatic'.
04-22 10:23:05.855  1635  1635 I SoundTriggerHelper: Recognition success
04-22 10:23:05.856  4561 15566 I AlwaysOnHotwordDetector: onDetected
04-22 10:23:07.420  1635 11678 I SoundTriggerHelper: startRecognition successful.
04-22 10:23:07.941  1635  2891 D ConnectivityService: NetReassign [no changes]
04-22 10:23:10.958  1635  2891 D ConnectivityService: NetReassign [no changes]
04-22 10:23:10.973  1635 12414 W ActivityManager: Foreground service started from background can not have location/camera/microphone access: service steptracker.healthandfitness.walkingtracker.pedometer/com.drojian.stepcounter.service.CounterService
04-22 10:23:12.135  1635 12414 W ActivityManager: Foreground service started from background can not have location/camera/microphone access: service steptracker.healthandfitness.walkingtracker.pedometer/com.drojian.stepcounter.service.CounterService
04-22 10:23:12.692  1635  1862 I PowerManagerService: Going to sleep due to timeout (uid 1000)...
04-22 10:23:12.722  1635 12414 D BiometricUtils: isEncrypted: false isLockdown: false
04-22 10:23:12.735  1635  1635 V FingerprintService: startAuthentication(com.android.systemui)
04-22 10:23:12.735  1635  1635 V FingerprintService: starting client AuthenticationClientImpl(com.android.systemui) targetUserId: 0 currentUserId: 0 cookie: 0/0
04-22 10:23:12.766  1635  1635 W FingerprintService: client com.android.systemui is authenticating...
04-22 10:23:12.793  1635  1862 V DisplayPowerController: Brightness [0.16979265] reason changing to: 'automatic', previous reason: 'automatic [ dim ]'.
04-22 10:23:13.211  1635  1862 I DisplayPowerController: Blocking screen off
04-22 10:23:13.211  1635  1862 I DisplayPowerController: Unblocked screen off after 0 ms
04-22 10:23:13.228  1635  1862 D ActivityTaskManager: Top Process State changed to PROCESS_STATE_TOP_SLEEPING
04-22 10:23:13.292  1635  3048 W ProcessStats: Tracking association SourceState{5c01e0e com.google.location.nearby.apps.connectedcrossroad/10333 Top #223394} whose proc state 1 is better than process ProcessState{8af29f3 com.google.android.gms.persistent/10145 pkg=com.google.android.gms} proc state 2 (1 skipped)
04-22 10:23:13.293  1635  3048 W ActivityManager: Slow operation: 58ms so far, now at getContentProviderImpl: after updateOomAdj
04-22 10:23:13.293  1635  3048 W ActivityManager: Slow operation: 59ms so far, now at getContentProviderImpl: done!
04-22 10:23:13.299  1635  1862 V DisplayPowerController: Brightness [-1.0] reason changing to: 'screen_off', previous reason: 'automatic'.
04-22 10:23:13.309  1635  1756 I DisplayManagerService: Display device changed state: "Built-in Screen", OFF
04-22 10:23:13.405  1635  1771 W ProcessCpuTracker: Failed to stat(/proc/8496): android.system.ErrnoException: stat failed: ENOENT (No such file or directory)
04-22 10:23:13.405  1635  1771 W ProcessCpuTracker: Skipping unknown process pid 8496
04-22 10:23:13.480  1635  1862 I DreamManagerService: Entering dreamland.
04-22 10:23:13.481  1635  1862 I PowerManagerService: Dozing...
04-22 10:23:13.483  1635  1752 I DreamController: Starting dream: name=ComponentInfo{com.android.systemui/com.android.systemui.doze.DozeService}, isTest=false, canDoze=true, userId=0
04-22 10:23:13.596  1635  2893 D NsdService: unregister service
04-22 10:23:13.596  1635  2893 D NsdService: mdnssd [stop-register, 7]
04-22 10:23:13.616  1635  1756 V WindowManager: Orientation start waiting for draw, mDrawState=DRAW_PENDING in Window{b3b0d7 u0 NotificationShade}, surfaceController Surface(name=NotificationShade)/@0xf7405a
04-22 10:23:13.619  1635  1635 D BluetoothManagerService: Bluetooth Adapter name changed to Pixel 3a XL
04-22 10:23:13.620  1635  1635 D BluetoothManagerService: Stored Bluetooth name: Pixel 3a XL
04-22 10:23:13.913  1635 11490 I ActivityTaskManager: START u0 {flg=0x10000000 cmp=steptracker.healthandfitness.walkingtracker.pedometer/com.drojian.servicekeeper.service.OneActivity} from uid 10208
04-22 10:23:13.914  1635 11490 W ActivityTaskManager: Background activity start [callingPackage: steptracker.healthandfitness.walkingtracker.pedometer; callingUid: 10208; isCallingUidForeground: false; callingUidHasAnyVisibleWindow: false; callingUidProcState: FOREGROUND_SERVICE; isCallingUidPersistentSystemProcess: false; realCallingUid: 10208; isRealCallingUidForeground: false; realCallingUidHasAnyVisibleWindow: false; realCallingUidProcState: FOREGROUND_SERVICE; isRealCallingUidPersistentSystemProcess: false; originatingPendingIntent: null; isBgStartWhitelisted: false; intent: Intent { flg=0x10000000 cmp=steptracker.healthandfitness.walkingtracker.pedometer/com.drojian.servicekeeper.service.OneActivity }; callerApp: ProcessRecord{7a2a5f8 15007:steptracker.healthandfitness.walkingtracker.pedometer/u0a208}]
04-22 10:23:13.918  1635 11490 E ActivityTaskManager: Abort background activity starts from 10208
04-22 10:23:14.265  1635  4613 W ActivityManager: Foreground service started from background can not have location/camera/microphone access: service steptracker.healthandfitness.walkingtracker.pedometer/com.drojian.stepcounter.service.CounterService
04-22 10:23:18.236  1635  1756 W ActivityTaskManager: Sleep timeout!  Sleeping now.
04-22 10:23:32.950  1635  3038 W ProcessStats: Tracking association SourceState{5c01e0e com.google.location.nearby.apps.connectedcrossroad/10333 Top #223625} whose proc state 1 is better than process ProcessState{8af29f3 com.google.android.gms.persistent/10145 pkg=com.google.android.gms} proc state 2 (109 skipped)
04-22 10:24:01.027  1635  1635 D NotificationService: 0|com.discord|1021816845|null|10230: granting content://settings/system/notification_sound
04-22 10:24:01.030  1635  1635 I chatty  : uid=1000 system_server identical 4 lines
04-22 10:24:01.030  1635  1635 D NotificationService: 0|com.discord|1021816845|null|10230: granting content://settings/system/notification_sound
04-22 10:24:01.032  1635  1635 W NotificationHistory: Attempted to add notif for locked/gone/disabled user 0
04-22 10:24:01.405  1635  1862 I DisplayPowerController: Blocking screen on until initial contents have been drawn.
04-22 10:24:01.422  1635  1862 V DisplayPowerController: Brightness [0.09448819] reason changing to: 'doze', previous reason: 'screen_off'.
04-22 10:24:01.423  1635  1756 I DisplayManagerService: Display device changed state: "Built-in Screen", ON
04-22 10:24:01.461  1635  1862 I DisplayPowerController: Unblocked screen on after 57 ms
04-22 10:24:01.559  1635  2891 D Nat464Xlat: clatd running, updating NAI for v4-rmnet_data2
04-22 10:24:01.612  1635  2891 D Nat464Xlat: clatd running, updating NAI for v4-rmnet_data2
04-22 10:24:06.921  1635  1862 I DisplayPowerController: Blocking screen off
04-22 10:24:06.921  1635  1862 I DisplayPowerController: Unblocked screen off after 1 ms
04-22 10:24:07.002  1635  1862 V DisplayPowerController: Brightness [-1.0] reason changing to: 'screen_off', previous reason: 'doze'.
04-22 10:24:07.004  1635  1756 I DisplayManagerService: Display device changed state: "Built-in Screen", OFF
04-22 10:24:11.837  1635  2884 W NetworkPolicy: shared quota unsupported; generating rule for each iface
04-22 10:24:52.089  1635  3048 I ActivityManager: Force stopping com.google.location.nearby.apps.connectedcrossroad appid=10333 user=0: from pid 8702
04-22 10:24:52.092  1635  3048 I ActivityManager: Killing 7075:com.google.location.nearby.apps.connectedcrossroad/u0a333 (adj 0): stop com.google.location.nearby.apps.connectedcrossroad due to from pid 8702
04-22 10:24:52.094  1635  3048 W ActivityTaskManager: Force removing ActivityRecord{f44063 u0 com.google.location.nearby.apps.connectedcrossroad/nx.aodv.eval.MainActivity t8085 f}}: app died, no saved state
04-22 10:24:52.109  1635 12414 I PowerManagerService: Waking up from Dozing (uid=10158, reason=WAKE_REASON_GESTURE, details=com.android.systemui:NODOZE)...
04-22 10:24:52.119  1635  1775 W BroadcastQueue: Background execution not allowed: receiving Intent { act=android.intent.action.PACKAGE_RESTARTED dat=package:com.google.location.nearby.apps.connectedcrossroad flg=0x10 (has extras) } to steptracker.healthandfitness.walkingtracker.pedometer/com.drojian.stepcounter.receiver.PedometerReceiver
04-22 10:24:52.119  1635  1775 W BroadcastQueue: Background execution not allowed: receiving Intent { act=android.intent.action.PACKAGE_RESTARTED dat=package:com.google.location.nearby.apps.connectedcrossroad flg=0x10 (has extras) } to steptracker.healthandfitness.walkingtracker.pedometer/com.drojian.servicekeeper.receiver.BootReceiver
04-22 10:24:52.125  1635  1862 I DisplayPowerController: Blocking screen on until initial contents have been drawn.
04-22 10:24:52.153  1635  1635 W InputMethodManagerService: Got RemoteException sending setActive(false) notification to pid 7075 uid 10333
04-22 10:24:52.161  1635  1862 V DisplayPowerController: Brightness [0.16979265] reason changing to: 'manual', previous reason: 'screen_off'.
04-22 10:24:52.162  1635  1756 I DisplayManagerService: Display device changed state: "Built-in Screen", ON
04-22 10:24:52.169  1635  1756 W DisplayManagerService: Failed to notify process 7075 that displays changed, assuming it died.
04-22 10:24:52.169  1635  1756 W DisplayManagerService: android.os.DeadObjectException
04-22 10:24:52.169  1635  1756 W DisplayManagerService: 	at android.os.BinderProxy.transactNative(Native Method)
04-22 10:24:52.169  1635  1756 W DisplayManagerService: 	at android.os.BinderProxy.transact(BinderProxy.java:550)
04-22 10:24:52.169  1635  1756 W DisplayManagerService: 	at android.hardware.display.IDisplayManagerCallback$Stub$Proxy.onDisplayEvent(IDisplayManagerCallback.java:115)
04-22 10:24:52.169  1635  1756 W DisplayManagerService: 	at com.android.server.display.DisplayManagerService$CallbackRecord.notifyDisplayEventAsync(DisplayManagerService.java:1909)
04-22 10:24:52.169  1635  1756 W DisplayManagerService: 	at com.android.server.display.DisplayManagerService.deliverDisplayEvent(DisplayManagerService.java:1668)
04-22 10:24:52.169  1635  1756 W DisplayManagerService: 	at com.android.server.display.DisplayManagerService.access$700(DisplayManagerService.java:163)
04-22 10:24:52.169  1635  1756 W DisplayManagerService: 	at com.android.server.display.DisplayManagerService$DisplayManagerHandler.handleMessage(DisplayManagerService.java:1831)
04-22 10:24:52.169  1635  1756 W DisplayManagerService: 	at android.os.Handler.dispatchMessage(Handler.java:106)
04-22 10:24:52.169  1635  1756 W DisplayManagerService: 	at android.os.Looper.loop(Looper.java:223)
04-22 10:24:52.169  1635  1756 W DisplayManagerService: 	at android.os.HandlerThread.run(HandlerThread.java:67)
04-22 10:24:52.169  1635  1756 W DisplayManagerService: 	at com.android.server.ServiceThread.run(ServiceThread.java:44)
04-22 10:24:52.185  1635  4613 D AutofillSession: handling death of Token{a9a08d0 ActivityRecord{f44063 u0 com.google.location.nearby.apps.connectedcrossroad/nx.aodv.eval.MainActivity t-1 f}}} when saving=false
04-22 10:24:52.192  1635  1756 W ActivityManager: setHasOverlayUi called on unknown pid: 7075
04-22 10:24:52.224  1635  8781 W ActivityManager: Background start not allowed: service Intent { act=Orca.PERSISTENT_KICK_SKIP_PING cmp=com.facebook.orca/com.facebook.mqttlite.MqttService (has extras) } to com.facebook.orca/com.facebook.mqttlite.MqttService from pid=28102 uid=10243 pkg=com.facebook.orca startFg?=false
04-22 10:24:52.255  1635  1862 I DisplayPowerController: Unblocked screen on after 130 ms
04-22 10:24:52.260  1635  8781 W ActivityManager: Background start not allowed: service Intent { act=Orca.PERSISTENT_KICK_SKIP_PING cmp=com.facebook.katana/com.facebook.mqttlite.MqttService (has extras) } to com.facebook.katana/com.facebook.mqttlite.MqttService from pid=7878 uid=10248 pkg=com.facebook.katana startFg?=false
04-22 10:24:52.267  1635  1775 W BroadcastQueue: Background execution not allowed: receiving Intent { act=android.net.wifi.RSSI_CHANGED flg=0x4000010 (has extras) } to com.jaga.ibraceletplus.smartwristband3/com.yc.pedometer.remind.GloryFitBootReceiver
04-22 10:24:52.290  1635  2891 D Nat464Xlat: clatd running, updating NAI for v4-rmnet_data2
04-22 10:24:52.299  1635  1862 V DisplayPowerController: Brightness [0.16397332] reason changing to: 'automatic', previous reason: 'manual'.
04-22 10:24:52.326  1635  1862 W PowerManagerService: Screen on took 217 ms
04-22 10:24:52.326  1635  1862 I DreamManagerService: Gently waking up from dream.
04-22 10:24:52.327  1635  1752 I DreamManagerService: Performing gentle wake from dream.
04-22 10:24:52.362  1635  2891 D Nat464Xlat: clatd running, updating NAI for v4-rmnet_data2
04-22 10:24:52.393  1635  4630 I DreamManagerService: Leaving dreamland.
04-22 10:24:52.393  1635  1752 I DreamManagerService: Performing gentle wake from dream.
04-22 10:24:52.393  1635  1752 I DreamController: Stopping dream: name=ComponentInfo{com.android.systemui/com.android.systemui.doze.DozeService}, isTest=false, canDoze=true, userId=0, reason='finished self'(from 'requested stopDream')
04-22 10:24:52.401  1635  4612 I SoundTriggerService: deleteSoundModel(): id = 9f6ad62a-1f0b-11e7-87c5-40a8f03d3f15
04-22 10:24:52.402  1635  4612 W SoundTriggerHelper: Unload error: Attempting unload invalid generic model with id:9f6ad62a-1f0b-11e7-87c5-40a8f03d3f15
04-22 10:24:52.402  1635  4612 E SoundTriggerService: error onStop(): Model 9f6ad62a-1f0b-11e7-87c5-40a8f03d3f15 has no stats available
04-22 10:24:52.559  1635  2891 D ConnectivityService: NetReassign [no changes]
04-22 10:24:53.240  1635  1635 V FingerprintService: Acquired: 7 0
04-22 10:24:53.441  1635  1635 V FingerprintService: Acquired: 0 0
04-22 10:24:53.445  1635  1635 V BiometricStats: Authentication latency: 206
04-22 10:24:53.446  1635  1635 V FingerprintService: onAuthenticated(true), ID:636910442, Owner: com.android.systemui, isBP: false, listener: com.android.server.biometrics.fingerprint.FingerprintService$ServiceListenerImpl@6ca7f9c, requireConfirmation: false, user: 0
04-22 10:24:53.460  1635  1635 V FingerprintService: Done with client: com.android.systemui
04-22 10:24:53.739  1635  4630 D ActivityTaskManager: Top Process State changed to PROCESS_STATE_TOP
04-22 10:24:53.905  1635  9190 I ActivityManager: Process com.qualcomm.telephony (pid 30970) has died: cch+85 SVC 
04-22 10:24:53.909  1635  9190 W ActivityManager: Scheduling restart of crashed service com.qualcomm.atfwd/.AtFwdService in 1000ms for start-requested
04-22 10:24:53.949  1635  1775 W BroadcastQueue: Background execution not allowed: receiving Intent { act=android.intent.action.USER_PRESENT flg=0x24200010 } to steptracker.healthandfitness.walkingtracker.pedometer/com.drojian.servicekeeper.service.WatcherPeriodReceiver
04-22 10:24:53.952  1635  1775 W BroadcastQueue: Background execution not allowed: receiving Intent { act=android.intent.action.USER_PRESENT flg=0x24200010 } to steptracker.healthandfitness.walkingtracker.pedometer/com.drojian.servicekeeper.receiver.BootReceiver
04-22 10:24:53.958  1635  8900 I ActivityManager: Process steptracker.healthandfitness.walkingtracker.pedometer:KeeperService (pid 31171) has died: cch+85 SVC 
04-22 10:24:53.958  1635  8900 W ActivityManager: Scheduling restart of crashed service steptracker.healthandfitness.walkingtracker.pedometer/com.drojian.servicekeeper.service.EmptyService in 10950ms for start-requested
04-22 10:24:53.959  1635  8900 W ActivityManager: Scheduling restart of crashed service steptracker.healthandfitness.walkingtracker.pedometer/com.drojian.servicekeeper.service.PeriodService in 20950ms for start-requested
04-22 10:24:53.961  1635  1775 W BroadcastQueue: Background execution not allowed: receiving Intent { act=android.intent.action.USER_PRESENT flg=0x24200010 } to com.android.chrome/org.chromium.chrome.browser.sharing.click_to_call.ClickToCallMessageHandler$PhoneUnlockedReceiver
04-22 10:24:53.961  1635  1775 W BroadcastQueue: Background execution not allowed: receiving Intent { act=android.intent.action.USER_PRESENT flg=0x24200010 } to com.google.android.gms/.auth.setup.devicesignals.LockScreenReceiver
04-22 10:24:53.962  1635  1775 W BroadcastQueue: Background execution not allowed: receiving Intent { act=android.intent.action.USER_PRESENT flg=0x24200010 } to com.google.android.gms/.chimera.GmsIntentOperationService$PersistentTrustedReceiver
04-22 10:24:53.962  1635  1775 W BroadcastQueue: Background execution not allowed: receiving Intent { act=android.intent.action.USER_PRESENT flg=0x24200010 } to com.instagram.android/com.instagram.push.FbnsInitBroadcastReceiver
04-22 10:24:53.962  1635  1775 W BroadcastQueue: Permission Denial: broadcasting Intent { act=android.intent.action.USER_PRESENT flg=0x24200010 } from com.android.systemui (pid=2979, uid=10158) is not exported from uid 10324 due to receiver com.jaga.ibraceletplus.smartwristband3/com.yc.pedometer.remind.GloryFitBootReceiver
04-22 10:24:53.962  1635  1775 W BroadcastQueue: Background execution not allowed: receiving Intent { act=android.intent.action.USER_PRESENT flg=0x24200010 } to com.weather.Weather/com.weather.dal2.system.UniversalBroadcastReceiver
04-22 10:24:53.962  1635  1775 W BroadcastQueue: Background execution not allowed: receiving Intent { act=android.intent.action.USER_PRESENT flg=0x24200010 } to io.voodoo.dune/io.presage.core.receiver.UserPresentReceiver
04-22 10:24:53.962  1635  1775 W BroadcastQueue: Background execution not allowed: receiving Intent { act=android.intent.action.USER_PRESENT flg=0x24200010 } to steptracker.healthandfitness.walkingtracker.pedometer/com.drojian.stepcounter.receiver.PedometerReceiver
04-22 10:24:53.962  1635  1775 W BroadcastQueue: Background execution not allowed: receiving Intent { act=android.intent.action.USER_PRESENT flg=0x24200010 } to steptracker.healthandfitness.walkingtracker.pedometer/com.drojian.servicekeeper.service.WatcherService$MathReceiver
04-22 10:24:53.969  1635  8900 I ActivityManager: Process com.google.android.apps.authenticator2 (pid 4877) has died: cch+85 CEM 
04-22 10:24:54.375  1635  1635 W Looper  : Slow dispatch took 433ms main h=android.app.ActivityThread$H c=android.app.-$$Lambda$LoadedApk$ReceiverDispatcher$Args$_BumDX2UKsnxLVrE6UJsJZkotuA@c14a34a m=0
04-22 10:24:54.375  1635  1635 W Looper  : Slow delivery took 434ms main h=android.app.ActivityThread$H c=android.app.-$$Lambda$LoadedApk$ReceiverDispatcher$Args$_BumDX2UKsnxLVrE6UJsJZkotuA@3c642bb m=0
04-22 10:24:54.386  1635  1635 W Looper  : Drained
04-22 10:24:54.893  1635  8900 W ActivityManager: Background start not allowed: service Intent { act=Orca.START cmp=com.instagram.android/com.facebook.rti.push.service.FbnsService (has extras) } to com.instagram.android/com.facebook.rti.push.service.FbnsService from pid=4139 uid=10317 pkg=com.instagram.android startFg?=false
04-22 10:24:54.911  1635  1775 D CompatibilityChangeReporter: Compat change id reported: 135634846; UID 10086; state: DISABLED
04-22 10:24:54.911  1635  1776 D CompatibilityChangeReporter: Compat change id reported: 143937733; UID 10086; state: ENABLED
04-22 10:24:54.925  1635  1776 I ActivityManager: Start proc 8758:com.qualcomm.telephony/u0a86 for service {com.qualcomm.atfwd/com.qualcomm.atfwd.AtFwdService}
04-22 10:24:55.284  1635  2891 D ConnectivityService: NetReassign [no changes]
04-22 10:24:58.292  1635  2891 D ConnectivityService: NetReassign [no changes]
04-22 10:24:58.654  1635  1878 I PackageManager: Integrity check passed for file:///data/app/vmdl1735206606.tmp
04-22 10:24:58.671  1635  1878 I PackageManager: Update package com.google.location.nearby.apps.connectedcrossroad code path from /data/app/~~lbbAKHyIS84lDJaE3A3ISw==/com.google.location.nearby.apps.connectedcrossroad-_xq8ODH8vaFruslMopH0CA== to /data/app/~~UuiADw_O16G_EIishmfvwA==/com.google.location.nearby.apps.connectedcrossroad-atLjKge-0zBNjNK5Vx5YPg==; Retain data and using new
04-22 10:24:58.671  1635  1878 I PackageManager: Update package com.google.location.nearby.apps.connectedcrossroad resource path from /data/app/~~lbbAKHyIS84lDJaE3A3ISw==/com.google.location.nearby.apps.connectedcrossroad-_xq8ODH8vaFruslMopH0CA== to /data/app/~~UuiADw_O16G_EIishmfvwA==/com.google.location.nearby.apps.connectedcrossroad-atLjKge-0zBNjNK5Vx5YPg==; Retain data and using new
04-22 10:24:58.681  1635  1878 D CompatibilityChangeReporter: Compat change id reported: 135549675; UID 10333; state: DISABLED
04-22 10:24:58.830  1635  1775 W BroadcastQueue: Background execution not allowed: receiving Intent { act=android.intent.action.PACKAGE_REMOVED dat=package:com.google.location.nearby.apps.connectedcrossroad flg=0x4000010 (has extras) } to com.android.vending/com.google.android.finsky.packagemanager.impl.PackageMonitorReceiverImpl$RegisteredReceiver
04-22 10:24:58.831  1635  1775 W BroadcastQueue: Background execution not allowed: receiving Intent { act=android.intent.action.PACKAGE_REMOVED dat=package:com.google.location.nearby.apps.connectedcrossroad flg=0x4000010 (has extras) } to com.android.vending/com.google.android.finsky.instantapps.appmanagement.InstantAppRemoveMonitor
04-22 10:24:58.831  1635  1775 W BroadcastQueue: Background execution not allowed: receiving Intent { act=android.intent.action.PACKAGE_REMOVED dat=package:com.google.location.nearby.apps.connectedcrossroad flg=0x4000010 (has extras) } to com.google.android.gms/.games.chimera.GamesSystemBroadcastReceiverProxy
04-22 10:24:58.831  1635  1775 W BroadcastQueue: Background execution not allowed: receiving Intent { act=android.intent.action.PACKAGE_REMOVED dat=package:com.google.location.nearby.apps.connectedcrossroad flg=0x4000010 (has extras) } to com.google.android.gms/.chimera.GmsIntentOperationService$PersistentTrustedReceiver
04-22 10:24:58.831  1635  1775 W BroadcastQueue: Background execution not allowed: receiving Intent { act=android.intent.action.PACKAGE_REMOVED dat=package:com.google.location.nearby.apps.connectedcrossroad flg=0x4000010 (has extras) } to com.google.android.googlequicksearchbox/com.google.android.apps.gsa.googlequicksearchbox.GelStubAppWatcher
04-22 10:24:58.831  1635  1775 W BroadcastQueue: Background execution not allowed: receiving Intent { act=android.intent.action.PACKAGE_REMOVED dat=package:com.google.location.nearby.apps.connectedcrossroad flg=0x4000010 (has extras) } to com.facebook.katana/com.facebook.feed.platformads.AppInstallReceiver
04-22 10:24:58.831  1635  1775 W BroadcastQueue: Background execution not allowed: receiving Intent { act=android.intent.action.PACKAGE_REMOVED dat=package:com.google.location.nearby.apps.connectedcrossroad flg=0x4000010 (has extras) } to com.jaga.ibraceletplus.smartwristband3/com.yc.pedometer.keepalive.KeepAliveReceiver
04-22 10:24:58.831  1635  1775 W BroadcastQueue: Background execution not allowed: receiving Intent { act=android.intent.action.PACKAGE_REMOVED dat=package:com.google.location.nearby.apps.connectedcrossroad flg=0x4000010 (has extras) } to com.microsoft.appmanager/.receiver.InstallUninstallReceiver
04-22 10:24:58.831  1635  1775 W BroadcastQueue: Background execution not allowed: receiving Intent { act=android.intent.action.PACKAGE_REMOVED dat=package:com.google.location.nearby.apps.connectedcrossroad flg=0x4000010 (has extras) } to com.microsoft.appmanager/com.microsoft.mmx.continuity.receiver.InstallUninstallReceiver
04-22 10:24:58.831  1635  1775 W BroadcastQueue: Background execution not allowed: receiving Intent { act=android.intent.action.PACKAGE_REMOVED dat=package:com.google.location.nearby.apps.connectedcrossroad flg=0x4000010 (has extras) } to com.microsoft.emmx/com.microsoft.mmx.continuity.receiver.InstallUninstallReceiver
04-22 10:24:58.854  1635  1775 W BroadcastQueue: Background execution not allowed: receiving Intent { act=android.intent.action.PACKAGE_ADDED dat=package:com.google.location.nearby.apps.connectedcrossroad flg=0x4000010 (has extras) } to com.google.android.packageinstaller/com.android.packageinstaller.PackageInstalledReceiver
04-22 10:24:58.856  1635  1775 W BroadcastQueue: Background execution not allowed: receiving Intent { act=android.intent.action.PACKAGE_ADDED dat=package:com.google.location.nearby.apps.connectedcrossroad flg=0x4000010 (has extras) } to com.android.vending/com.google.android.finsky.packagemanager.impl.PackageMonitorReceiverImpl$RegisteredReceiver
04-22 10:24:58.856  1635  1775 W BroadcastQueue: Background execution not allowed: receiving Intent { act=android.intent.action.PACKAGE_ADDED dat=package:com.google.location.nearby.apps.connectedcrossroad flg=0x4000010 (has extras) } to com.google.android.gms/.games.chimera.GamesSystemBroadcastReceiverProxy
04-22 10:24:58.857  1635  1775 W BroadcastQueue: Background execution not allowed: receiving Intent { act=android.intent.action.PACKAGE_ADDED dat=package:com.google.location.nearby.apps.connectedcrossroad flg=0x4000010 (has extras) } to com.google.android.gms/.gass.chimera.PackageChangeBroadcastReceiver
04-22 10:24:58.857  1635  1775 W BroadcastQueue: Background execution not allowed: receiving Intent { act=android.intent.action.PACKAGE_ADDED dat=package:com.google.location.nearby.apps.connectedcrossroad flg=0x4000010 (has extras) } to com.google.android.gms/.chimera.GmsIntentOperationService$PersistentTrustedReceiver
04-22 10:24:58.857  1635  1775 W BroadcastQueue: Background execution not allowed: receiving Intent { act=android.intent.action.PACKAGE_ADDED dat=package:com.google.location.nearby.apps.connectedcrossroad flg=0x4000010 (has extras) } to com.google.android.googlequicksearchbox/com.google.android.apps.gsa.googlequicksearchbox.GelStubAppWatcher
04-22 10:24:58.865  1635  1775 W BroadcastQueue: Background execution not allowed: receiving Intent { act=android.intent.action.PACKAGE_ADDED dat=package:com.google.location.nearby.apps.connectedcrossroad flg=0x4000010 (has extras) } to com.facebook.katana/com.facebook.feed.platformads.AppInstallReceiver
04-22 10:24:58.927  1635  1775 W BroadcastQueue: Background execution not allowed: receiving Intent { act=android.intent.action.PACKAGE_ADDED dat=package:com.google.location.nearby.apps.connectedcrossroad flg=0x4000010 (has extras) } to com.jaga.ibraceletplus.smartwristband3/com.yc.pedometer.keepalive.KeepAliveReceiver
04-22 10:24:58.929  1635  1775 W BroadcastQueue: Background execution not allowed: receiving Intent { act=android.intent.action.PACKAGE_ADDED dat=package:com.google.location.nearby.apps.connectedcrossroad flg=0x4000010 (has extras) } to com.microsoft.appmanager/.receiver.InstallUninstallReceiver
04-22 10:24:58.929  1635  1775 W BroadcastQueue: Background execution not allowed: receiving Intent { act=android.intent.action.PACKAGE_ADDED dat=package:com.google.location.nearby.apps.connectedcrossroad flg=0x4000010 (has extras) } to com.microsoft.appmanager/com.microsoft.mmx.continuity.receiver.InstallUninstallReceiver
04-22 10:24:58.930  1635  1775 W BroadcastQueue: Background execution not allowed: receiving Intent { act=android.intent.action.PACKAGE_ADDED dat=package:com.google.location.nearby.apps.connectedcrossroad flg=0x4000010 (has extras) } to com.microsoft.emmx/com.microsoft.mmx.continuity.receiver.InstallUninstallReceiver
04-22 10:24:58.939  1635 11490 I ActivityTaskManager: START u0 {act=android.intent.action.MAIN cat=[android.intent.category.LAUNCHER] flg=0x10000000 cmp=com.google.location.nearby.apps.connectedcrossroad/nx.aodv.eval.MainActivity} from uid 2000
04-22 10:24:59.057  1635  1754 W Looper  : Slow dispatch took 188ms android.ui h=com.android.server.am.ActivityManagerService$UiHandler c=null m=53
04-22 10:24:59.100  1635  1756 D CompatibilityChangeReporter: Compat change id reported: 135634846; UID 10333; state: DISABLED
04-22 10:24:59.101  1635  1776 D CompatibilityChangeReporter: Compat change id reported: 143937733; UID 10333; state: DISABLED
04-22 10:24:59.135  1635  1752 W Looper  : Slow dispatch took 116ms android.fg h=android.os.Handler c=<recycled PooledLambda@77d898e> m=0
04-22 10:24:59.157  1635  1776 W ActivityManager: Slow operation: 59ms so far, now at startProcess: done updating battery stats
04-22 10:24:59.160  1635  1776 W ActivityManager: Slow operation: 61ms so far, now at startProcess: building log message
04-22 10:24:59.160  1635  1776 I ActivityManager: Start proc 8837:com.google.location.nearby.apps.connectedcrossroad/u0a333 for pre-top-activity {com.google.location.nearby.apps.connectedcrossroad/nx.aodv.eval.MainActivity}
04-22 10:24:59.160  1635  1776 W ActivityManager: Slow operation: 61ms so far, now at startProcess: starting to update pids map
04-22 10:24:59.160  1635  1776 W ActivityManager: Slow operation: 62ms so far, now at startProcess: done updating pids map
04-22 10:24:59.208  1635  1752 W Looper  : Slow delivery took 208ms android.fg h=android.os.Handler c=<recycled PooledLambda@196b277> m=0
04-22 10:24:59.370  1635  4612 W BroadcastQueue: Background execution not allowed: receiving Intent { act=android.intent.action.PACKAGE_REPLACED dat=package:com.google.location.nearby.apps.connectedcrossroad flg=0x4000010 (has extras) } to com.google.android.gms/.gass.chimera.PackageChangeBroadcastReceiver
04-22 10:24:59.374  1635  1775 W BroadcastQueue: Background execution not allowed: receiving Intent { act=android.intent.action.PACKAGE_REPLACED dat=package:com.google.location.nearby.apps.connectedcrossroad flg=0x4000010 (has extras) } to com.google.android.gms/.chimera.GmsIntentOperationService$PersistentTrustedReceiver
04-22 10:24:59.376  1635  1775 W BroadcastQueue: Background execution not allowed: receiving Intent { act=android.intent.action.PACKAGE_REPLACED dat=package:com.google.location.nearby.apps.connectedcrossroad flg=0x4000010 (has extras) } to com.google.android.googlequicksearchbox/com.google.android.apps.gsa.googlequicksearchbox.GelStubAppWatcher
04-22 10:24:59.378  1635  1775 W BroadcastQueue: Background execution not allowed: receiving Intent { act=android.intent.action.PACKAGE_REPLACED dat=package:com.google.location.nearby.apps.connectedcrossroad flg=0x4000010 (has extras) } to com.infonow.bofa/com.bofa.ecom.marvel.application.BofaPackageUpdateReceiver
04-22 10:24:59.378  1635  1775 W BroadcastQueue: Background execution not allowed: receiving Intent { act=android.intent.action.PACKAGE_REPLACED dat=package:com.google.location.nearby.apps.connectedcrossroad flg=0x4000010 (has extras) } to com.microsoft.appmanager/com.microsoft.mmx.continuity.receiver.InstallUninstallReceiver
04-22 10:24:59.378  1635  1775 W BroadcastQueue: Background execution not allowed: receiving Intent { act=android.intent.action.PACKAGE_REPLACED dat=package:com.google.location.nearby.apps.connectedcrossroad flg=0x4000010 (has extras) } to com.microsoft.emmx/com.microsoft.mmx.continuity.receiver.InstallUninstallReceiver
04-22 10:24:59.378  1635  1775 W BroadcastQueue: Background execution not allowed: receiving Intent { act=android.intent.action.PACKAGE_REPLACED dat=package:com.google.location.nearby.apps.connectedcrossroad flg=0x4000010 (has extras) } to steptracker.healthandfitness.walkingtracker.pedometer/com.drojian.stepcounter.receiver.PedometerReceiver
04-22 10:24:59.378  1635  1775 W BroadcastQueue: Background execution not allowed: receiving Intent { act=android.intent.action.PACKAGE_REPLACED dat=package:com.google.location.nearby.apps.connectedcrossroad flg=0x4000010 (has extras) } to steptracker.healthandfitness.walkingtracker.pedometer/com.drojian.servicekeeper.receiver.BootReceiver
04-22 10:24:59.379  1635  1775 W BroadcastQueue: Background execution not allowed: receiving Intent { act=com.microsoft.mmx.intent.action.UPDATE_POLICY flg=0x30 } to com.microsoft.appmanager/com.microsoft.mmx.continuity.receiver.PolicyReceiver
04-22 10:24:59.379  1635  1775 W BroadcastQueue: Background execution not allowed: receiving Intent { act=com.microsoft.mmx.intent.action.UPDATE_POLICY flg=0x30 } to com.microsoft.emmx/com.microsoft.mmx.continuity.receiver.PolicyReceiver
04-22 10:24:59.379  1635  1775 W BroadcastQueue: Background execution not allowed: receiving Intent { act=com.microsoft.mmx.intent.action.UPDATE_POLICY flg=0x30 } to com.microsoft.appmanager/com.microsoft.mmx.continuity.receiver.PolicyReceiver
04-22 10:24:59.379  1635  1775 W BroadcastQueue: Background execution not allowed: receiving Intent { act=com.microsoft.mmx.intent.action.UPDATE_POLICY flg=0x30 } to com.microsoft.emmx/com.microsoft.mmx.continuity.receiver.PolicyReceiver
04-22 10:24:59.379  1635  1775 W BroadcastQueue: Background execution not allowed: receiving Intent { act=com.microsoft.mmx.intent.action.UPDATE_POLICY flg=0x30 } to com.microsoft.appmanager/com.microsoft.mmx.continuity.receiver.PolicyReceiver
04-22 10:24:59.379  1635  1775 W BroadcastQueue: Background execution not allowed: receiving Intent { act=com.microsoft.mmx.intent.action.UPDATE_POLICY flg=0x30 } to com.microsoft.emmx/com.microsoft.mmx.continuity.receiver.PolicyReceiver
04-22 10:24:59.845  1635  1752 W Looper  : Slow dispatch took 108ms android.fg h=android.os.Handler c=<recycled PooledLambda@8d62fe9> m=0
04-22 10:24:59.878  1635  1635 W Looper  : Slow dispatch took 951ms main h=android.app.ActivityThread$H c=android.app.-$$Lambda$LoadedApk$ReceiverDispatcher$Args$_BumDX2UKsnxLVrE6UJsJZkotuA@6f6048c m=0
04-22 10:24:59.878  1635  1635 W Looper  : Slow delivery took 1027ms main h=android.app.ActivityThread$H c=android.app.-$$Lambda$LoadedApk$ReceiverDispatcher$Args$_BumDX2UKsnxLVrE6UJsJZkotuA@c6ac7d5 m=0
