04-22 09:32:36.800  1635  1752 W Looper  : Slow delivery took 213ms android.fg h=android.os.Handler c=<recycled PooledLambda@dbe0e63> m=0
04-22 09:32:36.825  1635 12414 I ActivityManager: Process com.instagram.android (pid 27946) has died: cch+99 CEM 
04-22 09:32:36.922  1635  1752 W Looper  : Drained
04-22 09:32:37.122  1635  1635 W Looper  : Slow dispatch took 568ms main h=android.app.ActivityThread$H c=android.app.-$$Lambda$LoadedApk$ReceiverDispatcher$Args$_BumDX2UKsnxLVrE6UJsJZkotuA@2af60cd m=0
04-22 09:32:37.122  1635  1635 W Looper  : Slow delivery took 567ms main h=android.app.ActivityThread$H c=android.app.-$$Lambda$LoadedApk$ReceiverDispatcher$Args$_BumDX2UKsnxLVrE6UJsJZkotuA@fb8dd82 m=0
04-22 09:32:37.139  1635  1752 D CompatibilityChangeReporter: Compat change id reported: 135634846; UID 10081; state: DISABLED
04-22 09:32:37.139  1635  1776 D CompatibilityChangeReporter: Compat change id reported: 143937733; UID 10081; state: DISABLED
04-22 09:32:37.168  1635  1776 I ActivityManager: Start proc 32129:com.google.android.permissioncontroller/u0a81 for service {com.google.android.permissioncontroller/com.android.permissioncontroller.permission.service.PermissionControllerServiceImpl}
04-22 09:32:37.214  1635  2881 D CompatibilityChangeReporter: Compat change id reported: 135634846; UID 10063; state: DISABLED
04-22 09:32:37.215  1635  1776 D CompatibilityChangeReporter: Compat change id reported: 143937733; UID 10063; state: ENABLED
04-22 09:32:37.249  1635  1776 I ActivityManager: Start proc 32151:android.process.acore/u0a63 for content provider {com.android.providers.contacts/com.android.providers.contacts.ContactsProvider2}
04-22 09:32:37.583  1635  1635 W Looper  : Slow dispatch took 447ms main h=android.app.ActivityThread$H c=android.app.-$$Lambda$LoadedApk$ReceiverDispatcher$Args$_BumDX2UKsnxLVrE6UJsJZkotuA@e7ed147 m=0
04-22 09:32:37.587  1635  1635 I Telecom : DefaultDialerCache: Refreshing default dialer for user 0: now com.google.android.dialer: DDC.oR@BLw
04-22 09:32:37.592  1635  1635 W Looper  : Drained
04-22 09:32:37.764 32151 32151 D ActivityThread: Loading provider contacts;com.android.contacts: com.android.providers.contacts.ContactsProvider2
04-22 09:32:38.198  1635  4614 D ConnectivityService: Returning BLOCKED NetworkInfo to uid=10194
04-22 09:32:39.217  1635  1756 W ActivityTaskManager: Sleep timeout!  Sleeping now.
04-22 09:33:07.996  1635  4614 D ConnectivityService: Returning UNBLOCKED NetworkInfo to uid=10172
04-22 09:33:08.298  1635  4614 D ConnectivityService: requestNetwork for uid/pid:10172/31015 NetworkRequest [ TRACK_DEFAULT id=754, [ Capabilities: INTERNET&NOT_RESTRICTED&TRUSTED Uid: 10172 AdministratorUids: [] RequestorUid: 10172 RequestorPackageName: com.google.android.calendar] ]
04-22 09:33:08.298  1635  2891 D ConnectivityService: NetReassign [754 : null  135]
04-22 09:33:08.302  1635  2891 D ConnectivityService: NetReassign [no changes]
04-22 09:33:08.429  1635  1790 V BatteryExternalStatsWorker: WiFi energy data was reset, new WiFi energy data is WifiActivityEnergyInfo{ mTimeSinceBootMillis=101095991 mStackState=3 mControllerTxDurationMillis=0 mControllerRxDurationMillis=0 mControllerScanDurationMillis=0 mControllerIdleDurationMillis=0 mControllerEnergyUsedMicroJoules=0 }
04-22 09:34:41.736  1635  1635 W Looper  : Slow dispatch took 459ms main h=android.app.ActivityThread$H c=android.app.LoadedApk$ServiceDispatcher$RunConnection@759f0e4 m=0
04-22 09:34:41.782  1635  1635 D CompatibilityChangeReporter: Compat change id reported: 135634846; UID 10224; state: DISABLED
04-22 09:34:41.782  1635  1776 D CompatibilityChangeReporter: Compat change id reported: 143937733; UID 10224; state: ENABLED
04-22 09:34:41.806  1635  1776 I ActivityManager: Start proc 32253:com.google.android.apps.shopping.express/u0a224 for service {com.google.android.apps.shopping.express/com.google.android.libraries.internal.growth.growthkit.internal.jobs.impl.GrowthKitJobService}
04-22 09:34:42.154  1635  9190 D ConnectivityService: requestNetwork for uid/pid:10224/32253 NetworkRequest [ TRACK_DEFAULT id=756, [ Capabilities: INTERNET&NOT_RESTRICTED&TRUSTED Uid: 10224 AdministratorUids: [] RequestorUid: 10224 RequestorPackageName: com.google.android.apps.shopping.express] ]
04-22 09:34:42.155  1635  2891 D ConnectivityService: NetReassign [756 : null  135]
04-22 09:34:42.246  1635 11490 D ConnectivityService: requestNetwork for uid/pid:10224/32253 NetworkRequest [ TRACK_DEFAULT id=757, [ Capabilities: INTERNET&NOT_RESTRICTED&TRUSTED Uid: 10224 AdministratorUids: [] RequestorUid: 10224 RequestorPackageName: com.google.android.apps.shopping.express] ]
04-22 09:34:42.247  1635  2891 D ConnectivityService: NetReassign [757 : null  135]
04-22 09:34:42.532  1635  4614 D ConnectivityService: requestNetwork for uid/pid:10224/32253 NetworkRequest [ TRACK_DEFAULT id=758, [ Capabilities: INTERNET&NOT_RESTRICTED&TRUSTED Uid: 10224 AdministratorUids: [] RequestorUid: 10224 RequestorPackageName: com.google.android.apps.shopping.express] ]
04-22 09:34:42.533  1635  2891 D ConnectivityService: NetReassign [758 : null  135]
04-22 09:34:42.536  1635  2891 D ConnectivityService: NetReassign [no changes]
04-22 09:34:42.912  1635  2891 D ConnectivityService: releasing NetworkRequest [ TRACK_DEFAULT id=757, [ Capabilities: INTERNET&NOT_RESTRICTED&TRUSTED Uid: 10224 AdministratorUids: [] RequestorUid: 10224 RequestorPackageName: com.google.android.apps.shopping.express] ] (release request)
04-22 09:34:43.336  1635  1635 I Telecom : DefaultDialerCache: Refreshing default dialer for user 0: now com.google.android.dialer: DDC.oR@BMc
04-22 09:34:43.508  1635  1752 W Looper  : Slow delivery took 200ms android.fg h=android.os.Handler c=<recycled PooledLambda@8769a62> m=0
04-22 09:34:43.605  1635  1752 W Looper  : Drained
04-22 09:36:38.300  1635  2881 D ConnectivityService: Returning BLOCKED NetworkInfo to uid=10243
04-22 09:36:38.428  1635  3048 D ConnectivityService: Returning BLOCKED NetworkInfo to uid=10248
04-22 09:37:23.867  1635  1974 I PowerManagerService: Waking up from Dozing (uid=1000, reason=WAKE_REASON_POWER_BUTTON, details=android.policy:POWER)...
04-22 09:37:23.882  1635  1862 I DisplayPowerController: Blocking screen on until initial contents have been drawn.
04-22 09:37:23.887  1635  1974 I WindowManager: Suppressed redundant power key press while already in the process of turning the screen on.
04-22 09:37:23.919  1635  1862 V DisplayPowerController: Brightness [0.29931656] reason changing to: 'manual', previous reason: 'screen_off'.
04-22 09:37:23.920  1635  1756 I DisplayManagerService: Display device changed state: "Built-in Screen", ON
04-22 09:37:23.947  1635  3048 W ActivityManager: Background start not allowed: service Intent { act=Orca.PERSISTENT_KICK_SKIP_PING cmp=com.facebook.katana/com.facebook.mqttlite.MqttService (has extras) } to com.facebook.katana/com.facebook.mqttlite.MqttService from pid=25018 uid=10248 pkg=com.facebook.katana startFg?=false
04-22 09:37:23.960  1635  1862 I DisplayPowerController: Unblocked screen on after 78 ms
04-22 09:37:24.040  1635  1775 W BroadcastQueue: Background execution not allowed: receiving Intent { act=android.net.wifi.RSSI_CHANGED flg=0x4000010 (has extras) } to com.jaga.ibraceletplus.smartwristband3/com.yc.pedometer.remind.GloryFitBootReceiver
04-22 09:37:24.086  1635  1712 D ConnectivityService: Returning BLOCKED NetworkInfo to uid=10191
04-22 09:37:24.106  1635  1862 W PowerManagerService: Screen on took 343 ms
04-22 09:37:24.106  1635  1862 I DreamManagerService: Gently waking up from dream.
04-22 09:37:24.106  1635  1752 I DreamManagerService: Performing gentle wake from dream.
04-22 09:37:24.154  1635  1712 I DreamManagerService: Leaving dreamland.
04-22 09:37:24.154  1635  1752 I DreamManagerService: Performing gentle wake from dream.
04-22 09:37:24.154  1635  1752 I DreamController: Stopping dream: name=ComponentInfo{com.android.systemui/com.android.systemui.doze.DozeService}, isTest=false, canDoze=true, userId=0, reason='finished self'(from 'requested stopDream')
04-22 09:37:24.173  1635  2891 D Nat464Xlat: clatd running, updating NAI for v4-rmnet_data2
04-22 09:37:24.182  1635  1862 V DisplayPowerController: Brightness [0.32648128] reason changing to: 'automatic', previous reason: 'manual'.
04-22 09:37:24.210  1635 12312 I SoundTriggerService: deleteSoundModel(): id = 9f6ad62a-1f0b-11e7-87c5-40a8f03d3f15
04-22 09:37:24.210  1635 12312 W SoundTriggerHelper: Unload error: Attempting unload invalid generic model with id:9f6ad62a-1f0b-11e7-87c5-40a8f03d3f15
04-22 09:37:24.210  1635 12312 E SoundTriggerService: error onStop(): Model 9f6ad62a-1f0b-11e7-87c5-40a8f03d3f15 has no stats available
04-22 09:37:24.229  1635  2891 D Nat464Xlat: clatd running, updating NAI for v4-rmnet_data2
04-22 09:37:24.330  1635  2891 D ConnectivityService: NetReassign [no changes]
04-22 09:37:24.386  1635  1790 V BatteryExternalStatsWorker: WiFi energy data was reset, new WiFi energy data is WifiActivityEnergyInfo{ mTimeSinceBootMillis=101351938 mStackState=3 mControllerTxDurationMillis=0 mControllerRxDurationMillis=0 mControllerScanDurationMillis=0 mControllerIdleDurationMillis=0 mControllerEnergyUsedMicroJoules=0 }
04-22 09:37:26.319  1635  1974 D WindowManager: powerPress: eventTime=36281017 interactive=true count=1 beganFromNonInteractive=false mShortPressOnPowerBehavior=1
04-22 09:37:26.319  1635  1974 I PowerManagerService: Going to sleep due to power_button (uid 1000)...
04-22 09:37:26.822  1635  1862 I DisplayPowerController: Blocking screen off
04-22 09:37:26.822  1635  1862 I DisplayPowerController: Unblocked screen off after 1 ms
04-22 09:37:26.880  1635  1862 V DisplayPowerController: Brightness [-1.0] reason changing to: 'screen_off', previous reason: 'automatic'.
04-22 09:37:26.881  1635  1756 I DisplayManagerService: Display device changed state: "Built-in Screen", OFF
04-22 09:37:27.059  1635  1862 I DreamManagerService: Entering dreamland.
04-22 09:37:27.061  1635  1862 I PowerManagerService: Dozing...
04-22 09:37:27.062  1635  1752 I DreamController: Starting dream: name=ComponentInfo{com.android.systemui/com.android.systemui.doze.DozeService}, isTest=false, canDoze=true, userId=0
04-22 09:37:27.068  1635  2891 D ConnectivityService: NetReassign [no changes]
04-22 09:37:27.269  1635 12312 I ActivityTaskManager: START u0 {flg=0x10000000 cmp=steptracker.healthandfitness.walkingtracker.pedometer/com.drojian.servicekeeper.service.OneActivity} from uid 10208
04-22 09:37:27.269  1635 12312 W ActivityTaskManager: Background activity start [callingPackage: steptracker.healthandfitness.walkingtracker.pedometer; callingUid: 10208; isCallingUidForeground: false; callingUidHasAnyVisibleWindow: false; callingUidProcState: FOREGROUND_SERVICE; isCallingUidPersistentSystemProcess: false; realCallingUid: 10208; isRealCallingUidForeground: false; realCallingUidHasAnyVisibleWindow: false; realCallingUidProcState: FOREGROUND_SERVICE; isRealCallingUidPersistentSystemProcess: false; originatingPendingIntent: null; isBgStartWhitelisted: false; intent: Intent { flg=0x10000000 cmp=steptracker.healthandfitness.walkingtracker.pedometer/com.drojian.servicekeeper.service.OneActivity }; callerApp: ProcessRecord{7a2a5f8 15007:steptracker.healthandfitness.walkingtracker.pedometer/u0a208}]
04-22 09:37:27.270  1635 12312 E ActivityTaskManager: Abort background activity starts from 10208
04-22 09:37:27.734  1635 12312 W ActivityManager: Foreground service started from background can not have location/camera/microphone access: service steptracker.healthandfitness.walkingtracker.pedometer/com.drojian.stepcounter.service.CounterService
04-22 09:37:27.767  1635 11490 W ActivityManager: Foreground service started from background can not have location/camera/microphone access: service steptracker.healthandfitness.walkingtracker.pedometer/com.drojian.stepcounter.service.CounterService
04-22 09:37:43.009  1635 11490 I chatty  : uid=1000(system) Binder:1635_1D identical 3 lines
04-22 09:37:52.581  1635 11490 W ActivityManager: Foreground service started from background can not have location/camera/microphone access: service steptracker.healthandfitness.walkingtracker.pedometer/com.drojian.stepcounter.service.CounterService
04-22 09:38:43.040  1635  3048 W ActivityManager: Foreground service started from background can not have location/camera/microphone access: service steptracker.healthandfitness.walkingtracker.pedometer/com.drojian.stepcounter.service.CounterService
04-22 09:39:24.694  1635  1635 W Looper  : Slow delivery took 368ms main h=com.android.server.notification.NotificationManagerService$WorkerHandler c=com.android.server.notification.NotificationManagerService$PostNotificationRunnable@2f36abc m=0
04-22 09:39:24.724  1635  1635 W Looper  : Drained
04-22 09:39:54.969  1635  1635 V FingerprintService: Acquired: 7 0
04-22 09:39:55.050  1635  1635 V FingerprintService: Acquired: 5 0
04-22 09:39:59.597  1635 11490 I PowerManagerService: Waking up from Dozing (uid=10158, reason=WAKE_REASON_GESTURE, details=com.android.systemui:NODOZE)...
04-22 09:39:59.617  1635  1862 I DisplayPowerController: Blocking screen on until initial contents have been drawn.
04-22 09:39:59.660  1635  1862 V DisplayPowerController: Brightness [0.32648128] reason changing to: 'manual', previous reason: 'screen_off'.
04-22 09:39:59.662  1635  1756 I DisplayManagerService: Display device changed state: "Built-in Screen", ON
04-22 09:39:59.680  1635  3048 W ActivityManager: Background start not allowed: service Intent { act=Orca.PERSISTENT_KICK_SKIP_PING cmp=com.facebook.katana/com.facebook.mqttlite.MqttService (has extras) } to com.facebook.katana/com.facebook.mqttlite.MqttService from pid=25018 uid=10248 pkg=com.facebook.katana startFg?=false
04-22 09:39:59.744  1635  1862 I DisplayPowerController: Unblocked screen on after 128 ms
04-22 09:39:59.770  1635  1775 W BroadcastQueue: Background execution not allowed: receiving Intent { act=android.net.wifi.RSSI_CHANGED flg=0x4000010 (has extras) } to com.jaga.ibraceletplus.smartwristband3/com.yc.pedometer.remind.GloryFitBootReceiver
04-22 09:39:59.783  1635  1862 V DisplayPowerController: Brightness [0.18530677] reason changing to: 'automatic', previous reason: 'manual'.
04-22 09:39:59.806  1635  2891 D Nat464Xlat: clatd running, updating NAI for v4-rmnet_data2
04-22 09:39:59.818  1635 12312 I SoundTriggerService: deleteSoundModel(): id = 9f6ad62a-1f0b-11e7-87c5-40a8f03d3f15
04-22 09:39:59.818  1635 12312 W SoundTriggerHelper: Unload error: Attempting unload invalid generic model with id:9f6ad62a-1f0b-11e7-87c5-40a8f03d3f15
04-22 09:39:59.818  1635 12312 E SoundTriggerService: error onStop(): Model 9f6ad62a-1f0b-11e7-87c5-40a8f03d3f15 has no stats available
04-22 09:39:59.859  1635  1862 W PowerManagerService: Screen on took 262 ms
04-22 09:39:59.859  1635  1862 I DreamManagerService: Gently waking up from dream.
04-22 09:39:59.859  1635  1752 I DreamManagerService: Performing gentle wake from dream.
04-22 09:39:59.916  1635  2881 I DreamManagerService: Leaving dreamland.
04-22 09:39:59.916  1635  1752 I DreamManagerService: Performing gentle wake from dream.
04-22 09:39:59.916  1635  1752 I DreamController: Stopping dream: name=ComponentInfo{com.android.systemui/com.android.systemui.doze.DozeService}, isTest=false, canDoze=true, userId=0, reason='finished self'(from 'requested stopDream')
04-22 09:39:59.925  1635  2891 D ConnectivityService: NetReassign [no changes]
04-22 09:40:02.794  1635  2891 D ConnectivityService: NetReassign [no changes]
04-22 09:40:03.385  1635  3048 W ActivityManager: Foreground service started from background can not have location/camera/microphone access: service steptracker.healthandfitness.walkingtracker.pedometer/com.drojian.stepcounter.service.CounterService
04-22 09:40:03.464  1635  9190 W ActivityManager: Foreground service started from background can not have location/camera/microphone access: service steptracker.healthandfitness.walkingtracker.pedometer/com.drojian.stepcounter.service.CounterService
04-22 09:40:03.578  1635  9190 W ActivityManager: Foreground service started from background can not have location/camera/microphone access: service steptracker.healthandfitness.walkingtracker.pedometer/com.drojian.stepcounter.service.CounterService
04-22 09:40:03.688  1635  2881 W ActivityManager: Foreground service started from background can not have location/camera/microphone access: service steptracker.healthandfitness.walkingtracker.pedometer/com.drojian.stepcounter.service.CounterService
04-22 09:40:03.796  1635  2881 I chatty  : uid=1000(system) Binder:1635_3 identical 1 line
04-22 09:40:03.904  1635  2881 W ActivityManager: Foreground service started from background can not have location/camera/microphone access: service steptracker.healthandfitness.walkingtracker.pedometer/com.drojian.stepcounter.service.CounterService
04-22 09:40:04.014  1635  3048 W ActivityManager: Foreground service started from background can not have location/camera/microphone access: service steptracker.healthandfitness.walkingtracker.pedometer/com.drojian.stepcounter.service.CounterService
04-22 09:40:04.121  1635  9190 W ActivityManager: Foreground service started from background can not have location/camera/microphone access: service steptracker.healthandfitness.walkingtracker.pedometer/com.drojian.stepcounter.service.CounterService
04-22 09:40:04.230  1635  3038 W ActivityManager: Foreground service started from background can not have location/camera/microphone access: service steptracker.healthandfitness.walkingtracker.pedometer/com.drojian.stepcounter.service.CounterService
04-22 09:40:04.339  1635  3038 W ActivityManager: Foreground service started from background can not have location/camera/microphone access: service steptracker.healthandfitness.walkingtracker.pedometer/com.drojian.stepcounter.service.CounterService
04-22 09:40:04.447  1635  2881 W ActivityManager: Foreground service started from background can not have location/camera/microphone access: service steptracker.healthandfitness.walkingtracker.pedometer/com.drojian.stepcounter.service.CounterService
04-22 09:40:04.556  1635  9190 W ActivityManager: Foreground service started from background can not have location/camera/microphone access: service steptracker.healthandfitness.walkingtracker.pedometer/com.drojian.stepcounter.service.CounterService
04-22 09:40:04.663  1635  3048 W ActivityManager: Foreground service started from background can not have location/camera/microphone access: service steptracker.healthandfitness.walkingtracker.pedometer/com.drojian.stepcounter.service.CounterService
04-22 09:40:04.771  1635  3038 W ActivityManager: Foreground service started from background can not have location/camera/microphone access: service steptracker.healthandfitness.walkingtracker.pedometer/com.drojian.stepcounter.service.CounterService
04-22 09:40:04.880  1635  3038 W ActivityManager: Foreground service started from background can not have location/camera/microphone access: service steptracker.healthandfitness.walkingtracker.pedometer/com.drojian.stepcounter.service.CounterService
04-22 09:40:04.989  1635  3048 W ActivityManager: Foreground service started from background can not have location/camera/microphone access: service steptracker.healthandfitness.walkingtracker.pedometer/com.drojian.stepcounter.service.CounterService
04-22 09:40:05.098  1635  9190 W ActivityManager: Foreground service started from background can not have location/camera/microphone access: service steptracker.healthandfitness.walkingtracker.pedometer/com.drojian.stepcounter.service.CounterService
04-22 09:40:05.206  1635  9190 W ActivityManager: Foreground service started from background can not have location/camera/microphone access: service steptracker.healthandfitness.walkingtracker.pedometer/com.drojian.stepcounter.service.CounterService
04-22 09:40:05.315  1635  3038 W ActivityManager: Foreground service started from background can not have location/camera/microphone access: service steptracker.healthandfitness.walkingtracker.pedometer/com.drojian.stepcounter.service.CounterService
04-22 09:40:05.424  1635  9190 W ActivityManager: Foreground service started from background can not have location/camera/microphone access: service steptracker.healthandfitness.walkingtracker.pedometer/com.drojian.stepcounter.service.CounterService
04-22 09:40:05.534  1635  9190 W ActivityManager: Foreground service started from background can not have location/camera/microphone access: service steptracker.healthandfitness.walkingtracker.pedometer/com.drojian.stepcounter.service.CounterService
04-22 09:40:05.641  1635  3048 W ActivityManager: Foreground service started from background can not have location/camera/microphone access: service steptracker.healthandfitness.walkingtracker.pedometer/com.drojian.stepcounter.service.CounterService
04-22 09:40:05.747  1635  4614 W ActivityManager: Foreground service started from background can not have location/camera/microphone access: service steptracker.healthandfitness.walkingtracker.pedometer/com.drojian.stepcounter.service.CounterService
04-22 09:40:05.812  1635  2891 D ConnectivityService: NetReassign [no changes]
04-22 09:40:05.853  1635  2881 W ActivityManager: Foreground service started from background can not have location/camera/microphone access: service steptracker.healthandfitness.walkingtracker.pedometer/com.drojian.stepcounter.service.CounterService
04-22 09:40:05.963  1635  4614 W ActivityManager: Foreground service started from background can not have location/camera/microphone access: service steptracker.healthandfitness.walkingtracker.pedometer/com.drojian.stepcounter.service.CounterService
04-22 09:40:06.074  1635  4614 W ActivityManager: Foreground service started from background can not have location/camera/microphone access: service steptracker.healthandfitness.walkingtracker.pedometer/com.drojian.stepcounter.service.CounterService
04-22 09:40:06.184  1635  3038 W ActivityManager: Foreground service started from background can not have location/camera/microphone access: service steptracker.healthandfitness.walkingtracker.pedometer/com.drojian.stepcounter.service.CounterService
04-22 09:40:06.295  1635  3038 W ActivityManager: Foreground service started from background can not have location/camera/microphone access: service steptracker.healthandfitness.walkingtracker.pedometer/com.drojian.stepcounter.service.CounterService
04-22 09:40:06.404  1635  3045 W ActivityManager: Foreground service started from background can not have location/camera/microphone access: service steptracker.healthandfitness.walkingtracker.pedometer/com.drojian.stepcounter.service.CounterService
04-22 09:40:06.515  1635  3038 W ActivityManager: Foreground service started from background can not have location/camera/microphone access: service steptracker.healthandfitness.walkingtracker.pedometer/com.drojian.stepcounter.service.CounterService
04-22 09:40:06.517  1635  1775 E NotificationService: Package enqueue rate is 5.3203626. Shedding 0|steptracker.healthandfitness.walkingtracker.pedometer|1|null|10208. package=steptracker.healthandfitness.walkingtracker.pedometer
04-22 09:40:06.628  1635  3038 W ActivityManager: Foreground service started from background can not have location/camera/microphone access: service steptracker.healthandfitness.walkingtracker.pedometer/com.drojian.stepcounter.service.CounterService
04-22 09:40:06.742  1635  2881 W ActivityManager: Foreground service started from background can not have location/camera/microphone access: service steptracker.healthandfitness.walkingtracker.pedometer/com.drojian.stepcounter.service.CounterService
04-22 09:40:06.856  1635  2881 I chatty  : uid=1000(system) Binder:1635_3 identical 1 line
04-22 09:40:06.974  1635  2881 W ActivityManager: Foreground service started from background can not have location/camera/microphone access: service steptracker.healthandfitness.walkingtracker.pedometer/com.drojian.stepcounter.service.CounterService
04-22 09:40:07.088  1635  4614 W ActivityManager: Foreground service started from background can not have location/camera/microphone access: service steptracker.healthandfitness.walkingtracker.pedometer/com.drojian.stepcounter.service.CounterService
04-22 09:40:07.198  1635  3038 W ActivityManager: Foreground service started from background can not have location/camera/microphone access: service steptracker.healthandfitness.walkingtracker.pedometer/com.drojian.stepcounter.service.CounterService
04-22 09:40:07.308  1635  2881 W ActivityManager: Foreground service started from background can not have location/camera/microphone access: service steptracker.healthandfitness.walkingtracker.pedometer/com.drojian.stepcounter.service.CounterService
04-22 09:40:07.423  1635  3045 W ActivityManager: Foreground service started from background can not have location/camera/microphone access: service steptracker.healthandfitness.walkingtracker.pedometer/com.drojian.stepcounter.service.CounterService
04-22 09:40:07.550  1635  3045 W ActivityManager: Foreground service started from background can not have location/camera/microphone access: service steptracker.healthandfitness.walkingtracker.pedometer/com.drojian.stepcounter.service.CounterService
04-22 09:40:07.669  1635  4614 W ActivityManager: Foreground service started from background can not have location/camera/microphone access: service steptracker.healthandfitness.walkingtracker.pedometer/com.drojian.stepcounter.service.CounterService
04-22 09:40:07.781  1635  2881 W ActivityManager: Foreground service started from background can not have location/camera/microphone access: service steptracker.healthandfitness.walkingtracker.pedometer/com.drojian.stepcounter.service.CounterService
04-22 09:40:07.891  1635  2881 W ActivityManager: Foreground service started from background can not have location/camera/microphone access: service steptracker.healthandfitness.walkingtracker.pedometer/com.drojian.stepcounter.service.CounterService
04-22 09:40:07.916  1635  1862 V DisplayPowerController: Brightness [0.05] reason changing to: 'automatic [ dim ]', previous reason: 'automatic'.
04-22 09:40:08.002  1635  4614 W ActivityManager: Foreground service started from background can not have location/camera/microphone access: service steptracker.healthandfitness.walkingtracker.pedometer/com.drojian.stepcounter.service.CounterService
04-22 09:40:08.111  1635  4614 W ActivityManager: Foreground service started from background can not have location/camera/microphone access: service steptracker.healthandfitness.walkingtracker.pedometer/com.drojian.stepcounter.service.CounterService
04-22 09:40:08.230  1635  3038 W ActivityManager: Foreground service started from background can not have location/camera/microphone access: service steptracker.healthandfitness.walkingtracker.pedometer/com.drojian.stepcounter.service.CounterService
04-22 09:40:08.349  1635  3038 I chatty  : uid=1000(system) Binder:1635_4 identical 1 line
04-22 09:40:08.460  1635  3038 W ActivityManager: Foreground service started from background can not have location/camera/microphone access: service steptracker.healthandfitness.walkingtracker.pedometer/com.drojian.stepcounter.service.CounterService
04-22 09:40:08.572  1635  2881 W ActivityManager: Foreground service started from background can not have location/camera/microphone access: service steptracker.healthandfitness.walkingtracker.pedometer/com.drojian.stepcounter.service.CounterService
04-22 09:40:08.680  1635  3045 W ActivityManager: Foreground service started from background can not have location/camera/microphone access: service steptracker.healthandfitness.walkingtracker.pedometer/com.drojian.stepcounter.service.CounterService
04-22 09:40:08.793  1635  3045 W ActivityManager: Foreground service started from background can not have location/camera/microphone access: service steptracker.healthandfitness.walkingtracker.pedometer/com.drojian.stepcounter.service.CounterService
04-22 09:40:08.834  1635  2891 D ConnectivityService: NetReassign [no changes]
04-22 09:40:08.913  1635  4614 W ActivityManager: Foreground service started from background can not have location/camera/microphone access: service steptracker.healthandfitness.walkingtracker.pedometer/com.drojian.stepcounter.service.CounterService
04-22 09:40:09.038  1635  4614 I chatty  : uid=1000(system) Binder:1635_10 identical 1 line
04-22 09:40:09.152  1635  4614 W ActivityManager: Foreground service started from background can not have location/camera/microphone access: service steptracker.healthandfitness.walkingtracker.pedometer/com.drojian.stepcounter.service.CounterService
04-22 09:40:09.262  1635  3038 W ActivityManager: Foreground service started from background can not have location/camera/microphone access: service steptracker.healthandfitness.walkingtracker.pedometer/com.drojian.stepcounter.service.CounterService
04-22 09:40:09.375  1635  2881 W ActivityManager: Foreground service started from background can not have location/camera/microphone access: service steptracker.healthandfitness.walkingtracker.pedometer/com.drojian.stepcounter.service.CounterService
04-22 09:40:09.489  1635  4614 W ActivityManager: Foreground service started from background can not have location/camera/microphone access: service steptracker.healthandfitness.walkingtracker.pedometer/com.drojian.stepcounter.service.CounterService
04-22 09:40:09.609  1635  4614 W ActivityManager: Foreground service started from background can not have location/camera/microphone access: service steptracker.healthandfitness.walkingtracker.pedometer/com.drojian.stepcounter.service.CounterService
04-22 09:40:09.725  1635  3038 W ActivityManager: Foreground service started from background can not have location/camera/microphone access: service steptracker.healthandfitness.walkingtracker.pedometer/com.drojian.stepcounter.service.CounterService
04-22 09:40:09.837  1635  2881 W ActivityManager: Foreground service started from background can not have location/camera/microphone access: service steptracker.healthandfitness.walkingtracker.pedometer/com.drojian.stepcounter.service.CounterService
04-22 09:40:09.914  1635  1862 I PowerManagerService: Going to sleep due to timeout (uid 1000)...
04-22 09:40:09.945  1635  3038 W ActivityManager: Foreground service started from background can not have location/camera/microphone access: service steptracker.healthandfitness.walkingtracker.pedometer/com.drojian.stepcounter.service.CounterService
04-22 09:40:09.990  1635  1862 V DisplayPowerController: Brightness [0.10835157] reason changing to: 'automatic', previous reason: 'automatic [ dim ]'.
04-22 09:40:10.053  1635  3038 W ActivityManager: Foreground service started from background can not have location/camera/microphone access: service steptracker.healthandfitness.walkingtracker.pedometer/com.drojian.stepcounter.service.CounterService
04-22 09:40:10.162  1635  3038 I chatty  : uid=1000(system) Binder:1635_4 identical 1 line
04-22 09:40:10.272  1635  3038 W ActivityManager: Foreground service started from background can not have location/camera/microphone access: service steptracker.healthandfitness.walkingtracker.pedometer/com.drojian.stepcounter.service.CounterService
04-22 09:40:10.382  1635  2881 W ActivityManager: Foreground service started from background can not have location/camera/microphone access: service steptracker.healthandfitness.walkingtracker.pedometer/com.drojian.stepcounter.service.CounterService
04-22 09:40:10.409  1635  1862 I DisplayPowerController: Blocking screen off
04-22 09:40:10.410  1635  1862 I DisplayPowerController: Unblocked screen off after 0 ms
04-22 09:40:10.481  1635  1862 V DisplayPowerController: Brightness [-1.0] reason changing to: 'screen_off', previous reason: 'automatic'.
04-22 09:40:10.481  1635  1756 I DisplayManagerService: Display device changed state: "Built-in Screen", OFF
04-22 09:40:10.490  1635  9190 W ActivityManager: Foreground service started from background can not have location/camera/microphone access: service steptracker.healthandfitness.walkingtracker.pedometer/com.drojian.stepcounter.service.CounterService
04-22 09:40:10.598  1635  3045 W ActivityManager: Foreground service started from background can not have location/camera/microphone access: service steptracker.healthandfitness.walkingtracker.pedometer/com.drojian.stepcounter.service.CounterService
04-22 09:40:10.657  1635  1862 I DreamManagerService: Entering dreamland.
04-22 09:40:10.660  1635  1862 I PowerManagerService: Dozing...
04-22 09:40:10.661  1635  1752 I DreamController: Starting dream: name=ComponentInfo{com.android.systemui/com.android.systemui.doze.DozeService}, isTest=false, canDoze=true, userId=0
04-22 09:40:10.705  1635  3048 W ActivityManager: Foreground service started from background can not have location/camera/microphone access: service steptracker.healthandfitness.walkingtracker.pedometer/com.drojian.stepcounter.service.CounterService
04-22 09:40:10.810  1635  9190 W ActivityManager: Foreground service started from background can not have location/camera/microphone access: service steptracker.healthandfitness.walkingtracker.pedometer/com.drojian.stepcounter.service.CounterService
04-22 09:40:10.843  1635  4614 I ActivityTaskManager: START u0 {flg=0x10000000 cmp=steptracker.healthandfitness.walkingtracker.pedometer/com.drojian.servicekeeper.service.OneActivity} from uid 10208
04-22 09:40:10.844  1635  4614 W ActivityTaskManager: Background activity start [callingPackage: steptracker.healthandfitness.walkingtracker.pedometer; callingUid: 10208; isCallingUidForeground: false; callingUidHasAnyVisibleWindow: false; callingUidProcState: FOREGROUND_SERVICE; isCallingUidPersistentSystemProcess: false; realCallingUid: 10208; isRealCallingUidForeground: false; realCallingUidHasAnyVisibleWindow: false; realCallingUidProcState: FOREGROUND_SERVICE; isRealCallingUidPersistentSystemProcess: false; originatingPendingIntent: null; isBgStartWhitelisted: false; intent: Intent { flg=0x10000000 cmp=steptracker.healthandfitness.walkingtracker.pedometer/com.drojian.servicekeeper.service.OneActivity }; callerApp: ProcessRecord{7a2a5f8 15007:steptracker.healthandfitness.walkingtracker.pedometer/u0a208}]
04-22 09:40:10.845  1635  4614 E ActivityTaskManager: Abort background activity starts from 10208
04-22 09:40:10.915  1635  2881 W ActivityManager: Foreground service started from background can not have location/camera/microphone access: service steptracker.healthandfitness.walkingtracker.pedometer/com.drojian.stepcounter.service.CounterService
04-22 09:40:11.029  1635  3045 W ActivityManager: Foreground service started from background can not have location/camera/microphone access: service steptracker.healthandfitness.walkingtracker.pedometer/com.drojian.stepcounter.service.CounterService
04-22 09:40:11.141  1635  3045 W ActivityManager: Foreground service started from background can not have location/camera/microphone access: service steptracker.healthandfitness.walkingtracker.pedometer/com.drojian.stepcounter.service.CounterService
04-22 09:40:11.254  1635 12312 W ActivityManager: Foreground service started from background can not have location/camera/microphone access: service steptracker.healthandfitness.walkingtracker.pedometer/com.drojian.stepcounter.service.CounterService
04-22 09:40:11.298  1635 12312 W ActivityManager: Foreground service started from background can not have location/camera/microphone access: service steptracker.healthandfitness.walkingtracker.pedometer/com.drojian.stepcounter.service.CounterService
04-22 09:40:11.410  1635  3045 W ActivityManager: Foreground service started from background can not have location/camera/microphone access: service steptracker.healthandfitness.walkingtracker.pedometer/com.drojian.stepcounter.service.CounterService
04-22 09:40:11.532  1635 12312 W ActivityManager: Foreground service started from background can not have location/camera/microphone access: service steptracker.healthandfitness.walkingtracker.pedometer/com.drojian.stepcounter.service.CounterService
04-22 09:40:11.644  1635 12312 W ActivityManager: Foreground service started from background can not have location/camera/microphone access: service steptracker.healthandfitness.walkingtracker.pedometer/com.drojian.stepcounter.service.CounterService
04-22 09:40:11.753  1635  3042 W ActivityManager: Foreground service started from background can not have location/camera/microphone access: service steptracker.healthandfitness.walkingtracker.pedometer/com.drojian.stepcounter.service.CounterService
04-22 09:40:11.756  1635  1775 E NotificationService: Package enqueue rate is 5.449167. Shedding 0|steptracker.healthandfitness.walkingtracker.pedometer|1|null|10208. package=steptracker.healthandfitness.walkingtracker.pedometer
04-22 09:40:11.863  1635  3045 W ActivityManager: Foreground service started from background can not have location/camera/microphone access: service steptracker.healthandfitness.walkingtracker.pedometer/com.drojian.stepcounter.service.CounterService
04-22 09:40:11.979  1635 12312 W ActivityManager: Foreground service started from background can not have location/camera/microphone access: service steptracker.healthandfitness.walkingtracker.pedometer/com.drojian.stepcounter.service.CounterService
04-22 09:40:12.105  1635  3045 W ActivityManager: Foreground service started from background can not have location/camera/microphone access: service steptracker.healthandfitness.walkingtracker.pedometer/com.drojian.stepcounter.service.CounterService
04-22 09:40:12.227  1635  3045 W ActivityManager: Foreground service started from background can not have location/camera/microphone access: service steptracker.healthandfitness.walkingtracker.pedometer/com.drojian.stepcounter.service.CounterService
04-22 09:40:12.338  1635  3042 W ActivityManager: Foreground service started from background can not have location/camera/microphone access: service steptracker.healthandfitness.walkingtracker.pedometer/com.drojian.stepcounter.service.CounterService
04-22 09:40:12.443  1635  1775 W ActivityManager: Stopping service due to app idle: u0a243 -33m53s55ms com.facebook.orca/com.facebook.mqttlite.MqttService
04-22 09:40:12.453  1635  4614 W ActivityManager: Foreground service started from background can not have location/camera/microphone access: service steptracker.healthandfitness.walkingtracker.pedometer/com.drojian.stepcounter.service.CounterService
04-22 09:40:12.565  1635  3042 W ActivityManager: Foreground service started from background can not have location/camera/microphone access: service steptracker.healthandfitness.walkingtracker.pedometer/com.drojian.stepcounter.service.CounterService
04-22 09:40:12.798  1635  3042 I chatty  : uid=1000(system) Binder:1635_6 identical 2 lines
04-22 09:40:12.916  1635  3042 W ActivityManager: Foreground service started from background can not have location/camera/microphone access: service steptracker.healthandfitness.walkingtracker.pedometer/com.drojian.stepcounter.service.CounterService
04-22 09:40:13.027  1635  4614 W ActivityManager: Foreground service started from background can not have location/camera/microphone access: service steptracker.healthandfitness.walkingtracker.pedometer/com.drojian.stepcounter.service.CounterService
04-22 09:40:13.137  1635  4614 W ActivityManager: Foreground service started from background can not have location/camera/microphone access: service steptracker.healthandfitness.walkingtracker.pedometer/com.drojian.stepcounter.service.CounterService
04-22 09:40:13.247  1635  3042 W ActivityManager: Foreground service started from background can not have location/camera/microphone access: service steptracker.healthandfitness.walkingtracker.pedometer/com.drojian.stepcounter.service.CounterService
04-22 09:40:13.359  1635 12312 W ActivityManager: Foreground service started from background can not have location/camera/microphone access: service steptracker.healthandfitness.walkingtracker.pedometer/com.drojian.stepcounter.service.CounterService
04-22 09:40:13.479  1635  4614 W ActivityManager: Foreground service started from background can not have location/camera/microphone access: service steptracker.healthandfitness.walkingtracker.pedometer/com.drojian.stepcounter.service.CounterService
04-22 09:40:13.604  1635  4614 I chatty  : uid=1000(system) Binder:1635_10 identical 1 line
04-22 09:40:13.716  1635  4614 W ActivityManager: Foreground service started from background can not have location/camera/microphone access: service steptracker.healthandfitness.walkingtracker.pedometer/com.drojian.stepcounter.service.CounterService
04-22 09:40:13.830  1635  3045 W ActivityManager: Foreground service started from background can not have location/camera/microphone access: service steptracker.healthandfitness.walkingtracker.pedometer/com.drojian.stepcounter.service.CounterService
04-22 09:40:13.940  1635  3042 W ActivityManager: Foreground service started from background can not have location/camera/microphone access: service steptracker.healthandfitness.walkingtracker.pedometer/com.drojian.stepcounter.service.CounterService
04-22 09:40:14.052  1635 12312 W ActivityManager: Foreground service started from background can not have location/camera/microphone access: service steptracker.healthandfitness.walkingtracker.pedometer/com.drojian.stepcounter.service.CounterService
04-22 09:40:14.169  1635  3042 W ActivityManager: Foreground service started from background can not have location/camera/microphone access: service steptracker.healthandfitness.walkingtracker.pedometer/com.drojian.stepcounter.service.CounterService
04-22 09:40:14.288  1635  3045 W ActivityManager: Foreground service started from background can not have location/camera/microphone access: service steptracker.healthandfitness.walkingtracker.pedometer/com.drojian.stepcounter.service.CounterService
04-22 09:40:14.400  1635  4614 W ActivityManager: Foreground service started from background can not have location/camera/microphone access: service steptracker.healthandfitness.walkingtracker.pedometer/com.drojian.stepcounter.service.CounterService
04-22 09:40:14.514  1635  3045 W ActivityManager: Foreground service started from background can not have location/camera/microphone access: service steptracker.healthandfitness.walkingtracker.pedometer/com.drojian.stepcounter.service.CounterService
04-22 09:40:14.628  1635  4614 W ActivityManager: Foreground service started from background can not have location/camera/microphone access: service steptracker.healthandfitness.walkingtracker.pedometer/com.drojian.stepcounter.service.CounterService
04-22 09:40:14.740  1635  3042 W ActivityManager: Foreground service started from background can not have location/camera/microphone access: service steptracker.healthandfitness.walkingtracker.pedometer/com.drojian.stepcounter.service.CounterService
04-22 09:40:14.857  1635  3042 I chatty  : uid=1000(system) Binder:1635_6 identical 1 line
04-22 09:40:14.974  1635  3042 W ActivityManager: Foreground service started from background can not have location/camera/microphone access: service steptracker.healthandfitness.walkingtracker.pedometer/com.drojian.stepcounter.service.CounterService
04-22 09:40:15.087  1635 12312 W ActivityManager: Foreground service started from background can not have location/camera/microphone access: service steptracker.healthandfitness.walkingtracker.pedometer/com.drojian.stepcounter.service.CounterService
04-22 09:40:15.199  1635 12312 W ActivityManager: Foreground service started from background can not have location/camera/microphone access: service steptracker.healthandfitness.walkingtracker.pedometer/com.drojian.stepcounter.service.CounterService
04-22 09:40:15.310  1635  4614 W ActivityManager: Foreground service started from background can not have location/camera/microphone access: service steptracker.healthandfitness.walkingtracker.pedometer/com.drojian.stepcounter.service.CounterService
04-22 09:40:15.418  1635 12312 W ActivityManager: Foreground service started from background can not have location/camera/microphone access: service steptracker.healthandfitness.walkingtracker.pedometer/com.drojian.stepcounter.service.CounterService
04-22 09:40:15.527  1635 12312 I chatty  : uid=1000(system) Binder:1635_1F identical 1 line
04-22 09:40:15.636  1635 12312 W ActivityManager: Foreground service started from background can not have location/camera/microphone access: service steptracker.healthandfitness.walkingtracker.pedometer/com.drojian.stepcounter.service.CounterService
04-22 09:40:15.748  1635  3045 W ActivityManager: Foreground service started from background can not have location/camera/microphone access: service steptracker.healthandfitness.walkingtracker.pedometer/com.drojian.stepcounter.service.CounterService
04-22 09:40:15.859  1635 12312 W ActivityManager: Foreground service started from background can not have location/camera/microphone access: service steptracker.healthandfitness.walkingtracker.pedometer/com.drojian.stepcounter.service.CounterService
04-22 09:40:15.967  1635  4614 W ActivityManager: Foreground service started from background can not have location/camera/microphone access: service steptracker.healthandfitness.walkingtracker.pedometer/com.drojian.stepcounter.service.CounterService
04-22 09:40:16.075  1635 12312 W ActivityManager: Foreground service started from background can not have location/camera/microphone access: service steptracker.healthandfitness.walkingtracker.pedometer/com.drojian.stepcounter.service.CounterService
04-22 09:40:16.191  1635  4614 W ActivityManager: Foreground service started from background can not have location/camera/microphone access: service steptracker.healthandfitness.walkingtracker.pedometer/com.drojian.stepcounter.service.CounterService
04-22 09:40:16.316  1635 12312 W ActivityManager: Foreground service started from background can not have location/camera/microphone access: service steptracker.healthandfitness.walkingtracker.pedometer/com.drojian.stepcounter.service.CounterService
04-22 09:40:16.426  1635  4614 W ActivityManager: Foreground service started from background can not have location/camera/microphone access: service steptracker.healthandfitness.walkingtracker.pedometer/com.drojian.stepcounter.service.CounterService
04-22 09:40:16.539  1635  4614 W ActivityManager: Foreground service started from background can not have location/camera/microphone access: service steptracker.healthandfitness.walkingtracker.pedometer/com.drojian.stepcounter.service.CounterService
04-22 09:40:16.652  1635  2881 W ActivityManager: Foreground service started from background can not have location/camera/microphone access: service steptracker.healthandfitness.walkingtracker.pedometer/com.drojian.stepcounter.service.CounterService
04-22 09:40:16.770  1635 12312 W ActivityManager: Foreground service started from background can not have location/camera/microphone access: service steptracker.healthandfitness.walkingtracker.pedometer/com.drojian.stepcounter.service.CounterService
04-22 09:40:16.773  1635  1775 E NotificationService: Package enqueue rate is 5.286665. Shedding 0|steptracker.healthandfitness.walkingtracker.pedometer|1|null|10208. package=steptracker.healthandfitness.walkingtracker.pedometer
04-22 09:40:16.897  1635  2881 W ActivityManager: Foreground service started from background can not have location/camera/microphone access: service steptracker.healthandfitness.walkingtracker.pedometer/com.drojian.stepcounter.service.CounterService
04-22 09:40:17.018  1635  2881 W ActivityManager: Foreground service started from background can not have location/camera/microphone access: service steptracker.healthandfitness.walkingtracker.pedometer/com.drojian.stepcounter.service.CounterService
04-22 09:40:17.129  1635  4614 W ActivityManager: Foreground service started from background can not have location/camera/microphone access: service steptracker.healthandfitness.walkingtracker.pedometer/com.drojian.stepcounter.service.CounterService
04-22 09:40:17.242  1635  9801 W ActivityManager: Foreground service started from background can not have location/camera/microphone access: service steptracker.healthandfitness.walkingtracker.pedometer/com.drojian.stepcounter.service.CounterService
04-22 09:40:17.355  1635  4614 W ActivityManager: Foreground service started from background can not have location/camera/microphone access: service steptracker.healthandfitness.walkingtracker.pedometer/com.drojian.stepcounter.service.CounterService
04-22 09:40:17.478  1635  9801 W ActivityManager: Foreground service started from background can not have location/camera/microphone access: service steptracker.healthandfitness.walkingtracker.pedometer/com.drojian.stepcounter.service.CounterService
04-22 09:40:17.600  1635  4614 W ActivityManager: Foreground service started from background can not have location/camera/microphone access: service steptracker.healthandfitness.walkingtracker.pedometer/com.drojian.stepcounter.service.CounterService
04-22 09:40:17.720  1635  9801 W ActivityManager: Foreground service started from background can not have location/camera/microphone access: service steptracker.healthandfitness.walkingtracker.pedometer/com.drojian.stepcounter.service.CounterService
04-22 09:40:17.833  1635  4614 W ActivityManager: Foreground service started from background can not have location/camera/microphone access: service steptracker.healthandfitness.walkingtracker.pedometer/com.drojian.stepcounter.service.CounterService
04-22 09:40:17.943  1635  4614 W ActivityManager: Foreground service started from background can not have location/camera/microphone access: service steptracker.healthandfitness.walkingtracker.pedometer/com.drojian.stepcounter.service.CounterService
