04-22 08:46:46.509  1635  2891 I chatty  : uid=1000(system) ConnectivitySer identical 6 lines
04-22 08:46:49.530  1635  2891 D ConnectivityService: NetReassign [no changes]
04-22 08:46:51.129  1635 12414 W ActivityManager: Background start not allowed: service Intent { cmp=com.google.android.apps.messaging/.shared.datamodel.action.execution.ActionExecutorImpl$EmptyService (has extras) } to com.google.android.apps.messaging/.shared.datamodel.action.execution.ActionExecutorImpl$EmptyService from pid=24743 uid=10180 pkg=com.google.android.apps.messaging startFg?=false
04-22 08:46:51.136  1635 12414 I chatty  : uid=1000(system) Binder:1635_20 identical 1 line
04-22 08:46:51.172  1635 12414 W ActivityManager: Background start not allowed: service Intent { cmp=com.google.android.apps.messaging/.shared.datamodel.action.execution.ActionExecutorImpl$EmptyService (has extras) } to com.google.android.apps.messaging/.shared.datamodel.action.execution.ActionExecutorImpl$EmptyService from pid=24743 uid=10180 pkg=com.google.android.apps.messaging startFg?=false
04-22 08:46:52.546  1635  2891 D ConnectivityService: NetReassign [no changes]
04-22 08:46:54.830  1635  2884 W NetworkPolicy: shared quota unsupported; generating rule for each iface
04-22 08:46:55.558  1635  2891 D ConnectivityService: NetReassign [no changes]
04-22 08:47:19.711  1635  2891 I chatty  : uid=1000(system) ConnectivitySer identical 8 lines
04-22 08:47:22.729  1635  2891 D ConnectivityService: NetReassign [no changes]
04-22 08:47:24.428  1635  1771 I UsageStatsService: User[0] Flushing usage stats to disk
04-22 08:47:25.751  1635  2891 D ConnectivityService: NetReassign [no changes]
04-22 08:50:32.838  1635  2891 I chatty  : uid=1000(system) ConnectivitySer identical 62 lines
04-22 08:50:35.852  1635  2891 D ConnectivityService: NetReassign [no changes]
04-22 08:50:38.041  1635  4630 W ActivityManager: Foreground service started from background can not have location/camera/microphone access: service steptracker.healthandfitness.walkingtracker.pedometer/com.drojian.stepcounter.service.CounterService
04-22 08:50:38.053  1635 12414 W ActivityManager: Foreground service started from background can not have location/camera/microphone access: service steptracker.healthandfitness.walkingtracker.pedometer/com.drojian.stepcounter.service.CounterService
04-22 08:50:38.883  1635  2891 D ConnectivityService: NetReassign [no changes]
04-22 08:50:40.022  1635  4630 W ActivityManager: Foreground service started from background can not have location/camera/microphone access: service steptracker.healthandfitness.walkingtracker.pedometer/com.drojian.stepcounter.service.CounterService
04-22 08:50:40.031  1635 12414 W ActivityManager: Foreground service started from background can not have location/camera/microphone access: service steptracker.healthandfitness.walkingtracker.pedometer/com.drojian.stepcounter.service.CounterService
04-22 08:50:41.900  1635  2891 D ConnectivityService: NetReassign [no changes]
04-22 08:52:24.502  1635  2891 I chatty  : uid=1000(system) ConnectivitySer identical 34 lines
04-22 08:52:27.527  1635  2891 D ConnectivityService: NetReassign [no changes]
04-22 08:52:30.555  1635  1775 W BroadcastQueue: Background execution not allowed: receiving Intent { act=android.net.wifi.RSSI_CHANGED flg=0x4000010 (has extras) } to com.jaga.ibraceletplus.smartwristband3/com.yc.pedometer.remind.GloryFitBootReceiver
04-22 08:52:30.563  1635  2891 D ConnectivityService: NetReassign [no changes]
04-22 08:52:36.588  1635  2891 I chatty  : uid=1000(system) ConnectivitySer identical 2 lines
04-22 08:52:39.600  1635  2891 D ConnectivityService: NetReassign [no changes]
04-22 08:52:42.616  1635  1775 W BroadcastQueue: Background execution not allowed: receiving Intent { act=android.net.wifi.RSSI_CHANGED flg=0x4000010 (has extras) } to com.jaga.ibraceletplus.smartwristband3/com.yc.pedometer.remind.GloryFitBootReceiver
04-22 08:52:42.632  1635  2891 D ConnectivityService: NetReassign [no changes]
04-22 08:54:07.144  1635  2891 I chatty  : uid=1000(system) ConnectivitySer identical 28 lines
04-22 08:54:10.164  1635  2891 D ConnectivityService: NetReassign [no changes]
04-22 08:54:11.539  1635  1635 W NotificationHistory: Attempted to add notif for locked/gone/disabled user 0
04-22 08:54:11.539  1635  1635 W Looper  : Slow dispatch took 175ms main h=com.android.server.notification.NotificationManagerService$WorkerHandler c=com.android.server.notification.NotificationManagerService$PostNotificationRunnable@a48b7f2 m=0
04-22 08:54:13.177  1635  2891 D ConnectivityService: NetReassign [no changes]
04-22 08:54:19.209  1635  2891 I chatty  : uid=1000(system) ConnectivitySer identical 2 lines
04-22 08:54:22.225  1635  2891 D ConnectivityService: NetReassign [no changes]
04-22 08:54:24.576  1635  1775 I ActivityManager: Waited long enough for: ServiceRecord{6566a3f u0 com.google.android.googlequicksearchbox/com.google.android.apps.gsa.shared.util.keepalive.StandaloneKeepAlive$KeepAliveService}
04-22 08:54:25.245  1635  2891 D ConnectivityService: NetReassign [no changes]
04-22 08:54:28.261  1635  2891 I chatty  : uid=1000(system) ConnectivitySer identical 1 line
04-22 08:54:31.276  1635  2891 D ConnectivityService: NetReassign [no changes]
04-22 08:54:33.137  1635  2891 D Nat464Xlat: clatd running, updating NAI for v4-rmnet_data2
04-22 08:54:34.298  1635  2891 D ConnectivityService: NetReassign [no changes]
04-22 08:56:19.927  1635  2891 I chatty  : uid=1000(system) ConnectivitySer identical 35 lines
04-22 08:56:22.951  1635  2891 D ConnectivityService: NetReassign [no changes]
04-22 08:56:25.010  1635 12414 I ActivityManager: Killing 21394:com.google.android.apps.authenticator2/u0a257 (adj 995): empty for 1800s
04-22 08:56:25.969  1635  2891 D ConnectivityService: NetReassign [no changes]
04-22 08:56:29.003  1635  2891 D ConnectivityService: NetReassign [no changes]
04-22 08:56:30.534  1635  8781 I ActivityManager: Killing 21523:com.google.android.apps.photos/u0a171 (adj 985): empty for 1800s
04-22 08:56:30.537  1635  8781 I ActivityManager: Killing 23629:com.weather.Weather/u0a209 (adj 985): empty for 1804s
04-22 08:56:30.538  1635  8781 I ActivityManager: Killing 21244:com.google.android.apps.turbo:aab/u0a157 (adj 995): empty for 1804s
04-22 08:56:30.598  1635  2881 D ConnectivityService: ConnectivityService NetworkRequestInfo binderDied(NetworkRequest [ TRACK_DEFAULT id=700, [ Capabilities: INTERNET&NOT_RESTRICTED&TRUSTED Uid: 10171 AdministratorUids: [] RequestorUid: 10171 RequestorPackageName: com.google.android.apps.photos] ], android.os.BinderProxy@110d0bd)
04-22 08:56:30.598  1635  2891 D ConnectivityService: releasing NetworkRequest [ TRACK_DEFAULT id=700, [ Capabilities: INTERNET&NOT_RESTRICTED&TRUSTED Uid: 10171 AdministratorUids: [] RequestorUid: 10171 RequestorPackageName: com.google.android.apps.photos] ] (release request)
04-22 08:56:30.599  1635  3047 D ConnectivityService: ConnectivityService NetworkRequestInfo binderDied(NetworkRequest [ TRACK_DEFAULT id=702, [ Capabilities: INTERNET&NOT_RESTRICTED&TRUSTED Uid: 10171 AdministratorUids: [] RequestorUid: 10171 RequestorPackageName: com.google.android.apps.photos] ], android.os.BinderProxy@2f0a6b2)
04-22 08:56:30.599  1635  2891 D ConnectivityService: releasing NetworkRequest [ TRACK_DEFAULT id=702, [ Capabilities: INTERNET&NOT_RESTRICTED&TRUSTED Uid: 10171 AdministratorUids: [] RequestorUid: 10171 RequestorPackageName: com.google.android.apps.photos] ] (release request)
04-22 08:56:30.600  1635  3042 D ConnectivityService: ConnectivityService NetworkRequestInfo binderDied(NetworkRequest [ LISTEN id=701, [ Capabilities: INTERNET&NOT_RESTRICTED&TRUSTED Uid: 10171 AdministratorUids: [] RequestorUid: 10171 RequestorPackageName: com.google.android.apps.photos] ], android.os.BinderProxy@2ed6603)
04-22 08:56:32.021  1635  2891 D ConnectivityService: NetReassign [no changes]
04-22 08:56:35.034  1635  2891 D ConnectivityService: NetReassign [no changes]
04-22 08:56:36.648  1635  1775 I ActivityManager: Killing 25040:com.google.android.apps.docs.editors.slides/u0a226 (adj 999): empty for 1800s
04-22 08:56:36.650  1635  1775 I ActivityManager: Killing 25099:com.soundcloud.android/u0a216 (adj 999): empty for 1805s
04-22 08:56:36.652  1635  1775 I ActivityManager: Killing 22352:com.android.settings/1000 (adj 999): empty for 1805s
04-22 08:56:36.724  1635  4614 D ConnectivityService: ConnectivityService NetworkRequestInfo binderDied(NetworkRequest [ LISTEN id=722, [ Capabilities: NOT_RESTRICTED&TRUSTED&NOT_VPN&FOREGROUND Uid: 10226 AdministratorUids: [] RequestorUid: 10226 RequestorPackageName: com.google.android.apps.docs.editors.slides] ], android.os.BinderProxy@bd65f5f)
04-22 08:56:38.045  1635  2891 D ConnectivityService: NetReassign [no changes]
04-22 08:56:40.038  1635  4623 W ActivityManager: Foreground service started from background can not have location/camera/microphone access: service steptracker.healthandfitness.walkingtracker.pedometer/com.drojian.stepcounter.service.CounterService
04-22 08:56:40.058  1635  3047 W ActivityManager: Foreground service started from background can not have location/camera/microphone access: service steptracker.healthandfitness.walkingtracker.pedometer/com.drojian.stepcounter.service.CounterService
04-22 08:56:40.067  1635  4623 W ActivityManager: Foreground service started from background can not have location/camera/microphone access: service steptracker.healthandfitness.walkingtracker.pedometer/com.drojian.stepcounter.service.CounterService
04-22 08:56:40.075  1635  8781 W ActivityManager: Foreground service started from background can not have location/camera/microphone access: service steptracker.healthandfitness.walkingtracker.pedometer/com.drojian.stepcounter.service.CounterService
04-22 08:56:41.070  1635  2891 D ConnectivityService: NetReassign [no changes]
04-22 08:56:41.208  1635  8781 W ActivityManager: Foreground service started from background can not have location/camera/microphone access: service steptracker.healthandfitness.walkingtracker.pedometer/com.drojian.stepcounter.service.CounterService
04-22 08:56:44.086  1635  2891 D ConnectivityService: NetReassign [no changes]
04-22 08:58:08.612  1635  2891 I chatty  : uid=1000(system) ConnectivitySer identical 28 lines
04-22 08:58:11.627  1635  2891 D ConnectivityService: NetReassign [no changes]
04-22 08:58:14.582  1635  4623 I ActivityManager: Killing 22224:com.google.android.settings.intelligence/u0a133 (adj 999): empty for 1846s
04-22 08:58:14.640  1635  2891 D ConnectivityService: NetReassign [no changes]
04-22 08:59:33.092  1635  2891 I chatty  : uid=1000(system) ConnectivitySer identical 26 lines
04-22 08:59:36.110  1635  2891 D ConnectivityService: NetReassign [no changes]
04-22 08:59:38.080  1635  1713 W ActivityManager: Foreground service started from background can not have location/camera/microphone access: service steptracker.healthandfitness.walkingtracker.pedometer/com.drojian.stepcounter.service.CounterService
04-22 08:59:39.124  1635  2891 D ConnectivityService: NetReassign [no changes]
04-22 08:59:54.205  1635  2891 I chatty  : uid=1000(system) ConnectivitySer identical 5 lines
04-22 08:59:57.221  1635  2891 D ConnectivityService: NetReassign [no changes]
04-22 09:00:00.023  1635  1635 D ConditionProviders.SCP: onReceive android.app.action.NEXT_ALARM_CLOCK_CHANGED
04-22 09:00:00.028  1635  1635 D ConditionProviders.SCP: evaluateSubscriptionLocked cal=ScheduleCalendar[mDays={1, 2, 3, 4, 5, 6, 7}, mSchedule=ScheduleInfo{days=[1, 2, 3, 4, 5, 6, 7], startHour=23, startMinute=0, endHour=7, endMinute=0, exitAtAlarm=true, nextAlarm=Thu Apr 22 09:00:00 EDT 2021 (1619096400000)}], now=Thu Apr 22 09:00:00 EDT 2021 (1619096400024), nextUserAlarmTime=Wed Dec 31 19:00:00 EST 1969 (0)
04-22 09:00:00.028  1635  1635 D ConditionProviders.SCP: notifyCondition condition://android/schedule?days=1.2.3.4.5.6.7&start=23.0&end=7.0&exitAtAlarm=true STATE_FALSE reason=!meetsSchedule
04-22 09:00:00.030  1635  1635 D ConditionProviders.SCP: Scheduling evaluate for Thu Apr 22 23:00:00 EDT 2021 (1619146800000), in +13h59m59s976ms, now=Thu Apr 22 09:00:00 EDT 2021 (1619096400024)
04-22 09:00:00.131  1635  3045 W ActivityManager: Foreground service started from background can not have location/camera/microphone access: service com.google.android.deskclock/com.android.deskclock.alarms.AlarmService
04-22 09:00:00.266  1635  2891 D ConnectivityService: NetReassign [no changes]
04-22 09:00:00.389  1635  1635 W NotificationHistory: Attempted to add notif for locked/gone/disabled user 0
04-22 09:00:00.446  1635  1756 D ColorDisplayService: Setting saturation level: 100
04-22 09:00:01.278  1635  1635 W NotificationHistory: Attempted to add notif for locked/gone/disabled user 0
04-22 09:00:03.257  1635  2891 D ConnectivityService: NetReassign [no changes]
04-22 09:00:03.465  1635  1756 D ColorDisplayService: GlobalSaturationTintController Animation cancelled: false to matrix: 
04-22 09:00:03.465  1635  1756 D ColorDisplayService:        1.000000 0.000000 0.000000 0.000000 0.000000 1.000000 0.000000 0.000000 0.000000 0.000000 1.000000 0.000000 0.000000 0.000000 0.000000 1.000000 min matrix coefficients: 
04-22 09:00:03.465  1635  1756 D ColorDisplayService:        1.000000 0.000000 0.000000 0.000000 0.000000 1.000000 0.000000 0.000000 0.000000 0.000000 1.000000 0.000000 0.000000 0.000000 0.000000 1.000000 max matrix coefficients: 
04-22 09:00:03.465  1635  1756 D ColorDisplayService:        1.000000 0.000000 0.000000 0.000000 0.000000 1.000000 0.000000 0.000000 0.000000 0.000000 1.000000 0.000000 0.000000 0.000000 0.000000 1.000000
04-22 09:00:06.282  1635  2891 D ConnectivityService: NetReassign [no changes]
04-22 09:01:51.908  1635  2891 I chatty  : uid=1000(system) ConnectivitySer identical 35 lines
04-22 09:01:54.935  1635  2891 D ConnectivityService: NetReassign [no changes]
04-22 09:01:57.639  1635  1775 I ActivityManager: Killing 25723:com.android.providers.calendar/u0a72 (adj 985): empty for 1813s
04-22 09:01:57.640  1635  1775 I ActivityManager: Killing 13429:com.instagram.android/u0a317 (adj 995): empty for 1820s
04-22 09:01:57.948  1635  2891 D ConnectivityService: NetReassign [no changes]
04-22 09:02:00.973  1635  2891 D ConnectivityService: NetReassign [no changes]
04-22 09:02:02.946  1635  1635 D NotificationService: 0|com.google.android.gm|1130263935|gig:-726450018:CLASSIC_INBOX_ALL_MAIL|10184: granting content://settings/system/notification_sound
04-22 09:02:02.949  1635  1635 I chatty  : uid=1000 system_server identical 4 lines
04-22 09:02:02.949  1635  1635 D NotificationService: 0|com.google.android.gm|1130263935|gig:-726450018:CLASSIC_INBOX_ALL_MAIL|10184: granting content://settings/system/notification_sound
04-22 09:02:02.950  1635  1635 W NotificationHistory: Attempted to add notif for locked/gone/disabled user 0
04-22 09:02:03.987  1635  2891 D ConnectivityService: NetReassign [no changes]
04-22 09:02:10.017  1635  2891 I chatty  : uid=1000(system) ConnectivitySer identical 2 lines
04-22 09:02:13.032  1635  2891 D ConnectivityService: NetReassign [no changes]
04-22 09:02:14.574  1635  1775 I ActivityManager: Killing 24864:com.instagram.android:mqtt/u0a317 (adj 985): empty for 1800s
04-22 09:02:16.047  1635  2891 D ConnectivityService: NetReassign [no changes]
04-22 09:02:34.138  1635  2891 I chatty  : uid=1000(system) ConnectivitySer identical 6 lines
04-22 09:02:37.155  1635  2891 D ConnectivityService: NetReassign [no changes]
04-22 09:02:40.058  1635  9190 W ActivityManager: Foreground service started from background can not have location/camera/microphone access: service steptracker.healthandfitness.walkingtracker.pedometer/com.drojian.stepcounter.service.CounterService
04-22 09:02:40.069  1635  3045 W ActivityManager: Foreground service started from background can not have location/camera/microphone access: service steptracker.healthandfitness.walkingtracker.pedometer/com.drojian.stepcounter.service.CounterService
04-22 09:02:40.074  1635  4612 W ActivityManager: Foreground service started from background can not have location/camera/microphone access: service steptracker.healthandfitness.walkingtracker.pedometer/com.drojian.stepcounter.service.CounterService
04-22 09:02:40.080  1635  3045 W ActivityManager: Foreground service started from background can not have location/camera/microphone access: service steptracker.healthandfitness.walkingtracker.pedometer/com.drojian.stepcounter.service.CounterService
04-22 09:02:40.086  1635  4612 W ActivityManager: Foreground service started from background can not have location/camera/microphone access: service steptracker.healthandfitness.walkingtracker.pedometer/com.drojian.stepcounter.service.CounterService
04-22 09:02:40.170  1635  2891 D ConnectivityService: NetReassign [no changes]
04-22 09:02:40.945  1635  2884 W NetworkPolicy: shared quota unsupported; generating rule for each iface
04-22 09:02:41.218  1635  3045 I DropBoxManagerService: add tag=event_data isTagEnabled=true flags=0x2
04-22 09:02:41.226  1635  1775 W BroadcastQueue: Background execution not allowed: receiving Intent { act=android.intent.action.DROPBOX_ENTRY_ADDED flg=0x10 (has extras) } to com.google.android.gms/.stats.service.DropBoxEntryAddedReceiver
04-22 09:02:41.226  1635  1775 W BroadcastQueue: Background execution not allowed: receiving Intent { act=android.intent.action.DROPBOX_ENTRY_ADDED flg=0x10 (has extras) } to com.google.android.gms/.chimera.GmsIntentOperationService$PersistentTrustedReceiver
04-22 09:02:41.231  1635  3045 W ActivityManager: Foreground service started from background can not have location/camera/microphone access: service steptracker.healthandfitness.walkingtracker.pedometer/com.drojian.stepcounter.service.CounterService
04-22 09:02:41.284  1635  3045 I DropBoxManagerService: add tag=dumpsys:account isTagEnabled=true flags=0x2
04-22 09:02:41.290  1635  1775 W BroadcastQueue: Background execution not allowed: receiving Intent { act=android.intent.action.DROPBOX_ENTRY_ADDED flg=0x10 (has extras) } to com.google.android.gms/.stats.service.DropBoxEntryAddedReceiver
04-22 09:02:41.290  1635  1775 W BroadcastQueue: Background execution not allowed: receiving Intent { act=android.intent.action.DROPBOX_ENTRY_ADDED flg=0x10 (has extras) } to com.google.android.gms/.chimera.GmsIntentOperationService$PersistentTrustedReceiver
04-22 09:02:41.353  1635  9190 I DropBoxManagerService: add tag=platform_stats_bookmark isTagEnabled=true flags=0x2
04-22 09:02:41.358  1635  1775 W BroadcastQueue: Background execution not allowed: receiving Intent { act=android.intent.action.DROPBOX_ENTRY_ADDED flg=0x10 (has extras) } to com.google.android.gms/.stats.service.DropBoxEntryAddedReceiver
04-22 09:02:41.358  1635  1775 W BroadcastQueue: Background execution not allowed: receiving Intent { act=android.intent.action.DROPBOX_ENTRY_ADDED flg=0x10 (has extras) } to com.google.android.gms/.chimera.GmsIntentOperationService$PersistentTrustedReceiver
04-22 09:02:43.185  1635  2891 D ConnectivityService: NetReassign [no changes]
04-22 09:04:22.751  1635  2891 I chatty  : uid=1000(system) ConnectivitySer identical 33 lines
04-22 09:04:25.767  1635  2891 D ConnectivityService: NetReassign [no changes]
04-22 09:04:25.937  1635  1713 V WindowManager: Orientation start waiting for draw, mDrawState=DRAW_PENDING in Window{be9957c u0 com.android.systemui.ImageWallpaper}, surfaceController Surface(name=com.android.systemui.ImageWallpaper)/@0x5cfb2cc
04-22 09:04:26.597  1635  1756 I ActivityTaskManager: Config changes=20000480 {1.0 310mcc260mnc [en_US] ldltr sw432dp w432dp h792dp 400dpi nrml long port night finger -keyb/v/h -nav/h winConfig={ mBounds=Rect(0, 0 - 1080, 2160) mAppBounds=Rect(0, 0 - 1080, 2040) mWindowingMode=fullscreen mDisplayWindowingMode=fullscreen mActivityType=undefined mAlwaysOnTop=undefined mRotation=ROTATION_0} s.2388}
04-22 09:04:26.855  1635  1756 I WindowManager: Override config changes=20000480 {1.0 310mcc260mnc [en_US] ldltr sw432dp w432dp h792dp 400dpi nrml long port night finger -keyb/v/h -nav/h winConfig={ mBounds=Rect(0, 0 - 1080, 2160) mAppBounds=Rect(0, 0 - 1080, 2040) mWindowingMode=fullscreen mDisplayWindowingMode=fullscreen mActivityType=undefined mAlwaysOnTop=undefined mRotation=ROTATION_0} s.2388} for displayId=0
04-22 09:04:27.462  1635  1756 I ActivityManager: Killing 26154:com.ninjakiwi.bloonstd6/u0a332 (adj 905): remove task
04-22 09:04:27.784  1635  1756 I ActivityManager: Killing 12206:com.facebook.orca/u0a243 (adj 900): remove task
04-22 09:04:28.040  1635  4623 I WindowManager: WIN DEATH: Window{7ae47a u0 com.ninjakiwi.bloonstd6/com.unity3d.player.UnityPlayerActivity}
04-22 09:04:28.066  1635  1756 W ActivityManager: setHasOverlayUi called on unknown pid: 26154
04-22 09:04:28.071  1635  1756 I ActivityManager: Killing 19595:com.google.android.youtube/u0a191 (adj 905): remove task
04-22 09:04:28.223  1635  9377 D ConnectivityService: ConnectivityService NetworkRequestInfo binderDied(NetworkRequest [ TRACK_DEFAULT id=664, [ Capabilities: INTERNET&NOT_RESTRICTED&TRUSTED Uid: 10243 AdministratorUids: [] RequestorUid: 10243 RequestorPackageName: com.facebook.orca] ], android.os.BinderProxy@f672d72)
04-22 09:04:28.224  1635  2891 D ConnectivityService: releasing NetworkRequest [ TRACK_DEFAULT id=664, [ Capabilities: INTERNET&NOT_RESTRICTED&TRUSTED Uid: 10243 AdministratorUids: [] RequestorUid: 10243 RequestorPackageName: com.facebook.orca] ] (release request)
04-22 09:04:28.224  1635  4623 D AutofillSession: handling death of Token{735a8a9 ActivityRecord{6f27e2e u0 com.facebook.orca/com.facebook.messenger.neue.MainActivity t8065 f}}} when saving=false
04-22 09:04:28.226  1635  3047 I WindowManager: WIN DEATH: Window{59c774c u0 com.facebook.orca/com.facebook.messenger.neue.MainActivity}
04-22 09:04:28.237  1635  1756 W ActivityManager: setHasOverlayUi called on unknown pid: 12206
04-22 09:04:28.289  1635  1756 I ActivityManager: Killing 23456:com.reddit.frontpage/u0a232 (adj 900): remove task
04-22 09:04:28.307  1635  4623 D ConnectivityService: ConnectivityService NetworkRequestInfo binderDied(NetworkRequest [ TRACK_DEFAULT id=678, [ Capabilities: INTERNET&NOT_RESTRICTED&TRUSTED Uid: 10191 AdministratorUids: [] RequestorUid: 10191 RequestorPackageName: com.google.android.youtube] ], android.os.BinderProxy@36af8ca)
04-22 09:04:28.307  1635  8772 D ConnectivityService: ConnectivityService NetworkRequestInfo binderDied(NetworkRequest [ LISTEN id=679, [ Capabilities: INTERNET&NOT_RESTRICTED&TRUSTED&FOREGROUND Uid: 10191 AdministratorUids: [] RequestorUid: 10191 RequestorPackageName: com.google.android.youtube] ], android.os.BinderProxy@839a558)
04-22 09:04:28.307  1635  4623 D AutofillSession: handling death of Token{95a86e3 ActivityRecord{736c8e0 u0 com.google.android.youtube/com.google.android.apps.youtube.app.watchwhile.WatchWhileActivity t8069 f}}} when saving=false
04-22 09:04:28.308  1635  2891 D ConnectivityService: releasing NetworkRequest [ TRACK_DEFAULT id=678, [ Capabilities: INTERNET&NOT_RESTRICTED&TRUSTED Uid: 10191 AdministratorUids: [] RequestorUid: 10191 RequestorPackageName: com.google.android.youtube] ] (release request)
04-22 09:04:28.309  1635 11678 D ConnectivityService: ConnectivityService NetworkRequestInfo binderDied(NetworkRequest [ TRACK_DEFAULT id=677, [ Capabilities: INTERNET&NOT_RESTRICTED&TRUSTED Uid: 10191 AdministratorUids: [] RequestorUid: 10191 RequestorPackageName: com.google.android.youtube] ], android.os.BinderProxy@295aa3b)
04-22 09:04:28.310  1635  2891 D ConnectivityService: releasing NetworkRequest [ TRACK_DEFAULT id=677, [ Capabilities: INTERNET&NOT_RESTRICTED&TRUSTED Uid: 10191 AdministratorUids: [] RequestorUid: 10191 RequestorPackageName: com.google.android.youtube] ] (release request)
04-22 09:04:28.310  1635  8900 I WindowManager: WIN DEATH: Window{c4d16fb u0 com.google.android.youtube/com.google.android.apps.youtube.app.watchwhile.WatchWhileActivity}
04-22 09:04:28.325  1635  1756 W ActivityManager: setHasOverlayUi called on unknown pid: 19595
04-22 09:04:28.474  1635  3047 I WindowManager: WIN DEATH: Window{c9c8a1 u0 com.reddit.frontpage/com.reddit.frontpage.main.MainActivity}
04-22 09:04:28.488  1635  1756 W ActivityManager: setHasOverlayUi called on unknown pid: 23456
04-22 09:04:28.789  1635  2891 D ConnectivityService: NetReassign [no changes]
04-22 09:04:31.810  1635  2891 D ConnectivityService: NetReassign [no changes]
04-22 09:04:32.312  1635  4630 I ActivityTaskManager: START u0 {act=android.intent.action.MAIN cat=[android.intent.category.LAUNCHER] flg=0x10200000 cmp=com.microsoft.office.outlook/.MainActivity bnds=[439,1609][641,1804]} from uid 10153
04-22 09:04:32.754  1635  4630 I ActivityTaskManager: START u0 {cmp=com.microsoft.office.outlook/com.acompli.acompli.CentralActivity} from uid 10272
04-22 09:04:32.764  1635  4612 D CompatibilityChangeReporter: Compat change id reported: 136274596; UID 10272; state: DISABLED
04-22 09:04:33.057  1635  4630 W ActivityTaskManager: Tried to set launchTime (0) < mLastActivityLaunchTime (34717812)
04-22 09:04:33.458  1635  8900 D CompatibilityChangeReporter: Compat change id reported: 135634846; UID 10273; state: DISABLED
04-22 09:04:33.458  1635  1776 D CompatibilityChangeReporter: Compat change id reported: 143937733; UID 10273; state: DISABLED
04-22 09:04:33.480  1635  1635 D CompatibilityChangeReporter: Compat change id reported: 135634846; UID 10232; state: DISABLED
04-22 09:04:33.493  1635  1776 I ActivityManager: Start proc 27147:com.microsoft.appmanager/u0a273 for service {com.microsoft.appmanager/com.microsoft.tokenshare.TokenSharingService}
04-22 09:04:33.494  1635  1776 D CompatibilityChangeReporter: Compat change id reported: 143937733; UID 10232; state: DISABLED
04-22 09:04:33.512  1635  1776 I ActivityManager: Start proc 27153:com.reddit.frontpage/u0a232 for service {com.reddit.frontpage/androidx.work.impl.background.systemjob.SystemJobService}
04-22 09:04:33.815  1635  1635 D NotificationService: 0|com.microsoft.todos|429363394|ROUTINE_NOTIFICATION_TAG|10239: granting content://settings/system/notification_sound
04-22 09:04:33.818  1635  1635 I chatty  : uid=1000 system_server identical 4 lines
04-22 09:04:33.818  1635  1635 D NotificationService: 0|com.microsoft.todos|429363394|ROUTINE_NOTIFICATION_TAG|10239: granting content://settings/system/notification_sound
04-22 09:04:33.825  1635  1635 W NotificationHistory: Attempted to add notif for locked/gone/disabled user 0
04-22 09:04:33.961 27147 27147 E ActivityThread: Failed to find provider info for com.samsung.android.mdx.windowslink.Tile.Provider
04-22 09:04:34.005  1635  2891 D ConnectivityService: NetReassign [no changes]
04-22 09:04:34.079 27147 27240 E ActivityThread: Failed to find provider info for com.microsoft.yourphonecompanion.contentprovider.featureoverride
04-22 09:04:34.208 27147 27240 E ActivityThread: Failed to find provider info for com.microsoft.yourphonecompanion.contentprovider.featureoverride
04-22 09:04:34.779  1635  4612 D CompatibilityChangeReporter: Compat change id reported: 135634846; UID 10215; state: DISABLED
04-22 09:04:34.779  1635  1776 D CompatibilityChangeReporter: Compat change id reported: 143937733; UID 10215; state: DISABLED
04-22 09:04:34.796  1635  1776 I ActivityManager: Start proc 27420:com.microsoft.emmx/u0a215 for broadcast {com.microsoft.emmx/com.microsoft.mmx.reporting.SharedStateManager}
04-22 09:04:34.825  1635  2891 D ConnectivityService: NetReassign [no changes]
04-22 09:04:34.847  1635  2884 W NetworkPolicy: shared quota unsupported; generating rule for each iface
04-22 09:04:35.224  1635 12312 D ConnectivityService: requestNetwork for uid/pid:10232/27153 NetworkRequest [ TRACK_DEFAULT id=729, [ Capabilities: INTERNET&NOT_RESTRICTED&TRUSTED Uid: 10232 AdministratorUids: [] RequestorUid: 10232 RequestorPackageName: com.reddit.frontpage] ]
04-22 09:04:35.224  1635  2891 D ConnectivityService: NetReassign [729 : null  135]
04-22 09:04:36.165  1635  2881 W BroadcastQueue: Background execution not allowed: receiving Intent { act=com.microsoft.mmx.intent.action.UPDATE_POLICY flg=0x30 } to com.microsoft.appmanager/com.microsoft.mmx.continuity.receiver.PolicyReceiver
04-22 09:04:36.170  1635  1775 W BroadcastQueue: Background execution not allowed: receiving Intent { act=com.microsoft.mmx.intent.action.UPDATE_POLICY flg=0x30 } to com.microsoft.emmx/com.microsoft.mmx.continuity.receiver.PolicyReceiver
04-22 09:04:36.304  1635  2881 D CompatibilityChangeReporter: Compat change id reported: 135634846; UID 10162; state: DISABLED
04-22 09:04:36.305  1635  1776 D CompatibilityChangeReporter: Compat change id reported: 143937733; UID 10162; state: ENABLED
04-22 09:04:36.361  1635  1712 D CompatibilityChangeReporter: Compat change id reported: 135634846; UID 10272; state: DISABLED
04-22 09:04:36.375  1635  1776 W ActivityManager: Slow operation: 71ms so far, now at startProcess: returned from zygote!
04-22 09:04:36.375  1635  1776 W ActivityManager: Slow operation: 72ms so far, now at startProcess: done updating battery stats
04-22 09:04:36.375  1635  1776 W ActivityManager: Slow operation: 72ms so far, now at startProcess: building log message
04-22 09:04:36.375  1635  1776 I ActivityManager: Start proc 27612:com.google.android.webview:webview_service/u0a162 for service {com.google.android.webview/org.chromium.android_webview.services.VariationsSeedServer}
04-22 09:04:36.375  1635  1776 W ActivityManager: Slow operation: 72ms so far, now at startProcess: starting to update pids map
04-22 09:04:36.376  1635  1776 W ActivityManager: Slow operation: 72ms so far, now at startProcess: done updating pids map
04-22 09:04:36.376  1635  1776 D CompatibilityChangeReporter: Compat change id reported: 143937733; UID 10272; state: ENABLED
04-22 09:04:36.400  1635  1776 I ActivityManager: Start proc 27618:com.google.android.webview:sandboxed_process0:org.chromium.content.app.SandboxedProcessService0:0/u0i11 for  {com.microsoft.office.outlook/org.chromium.content.app.SandboxedProcessService0:0}
04-22 09:04:36.658  1635  2891 D ConnectivityService: releasing NetworkRequest [ TRACK_DEFAULT id=729, [ Capabilities: INTERNET&NOT_RESTRICTED&TRUSTED Uid: 10232 AdministratorUids: [] RequestorUid: 10232 RequestorPackageName: com.reddit.frontpage] ] (release request)
04-22 09:04:36.735  1635  1712 D CompatibilityChangeReporter: Compat change id reported: 136274596; UID 10272; state: DISABLED
04-22 09:04:36.771  1635  8900 D ConnectivityService: requestNetwork for uid/pid:10272/14638 NetworkRequest [ TRACK_DEFAULT id=730, [ Capabilities: INTERNET&NOT_RESTRICTED&TRUSTED Uid: 10272 AdministratorUids: [] RequestorUid: 10272 RequestorPackageName: com.microsoft.office.outlook] ]
04-22 09:04:36.771  1635  2891 D ConnectivityService: NetReassign [730 : null  135]
04-22 09:04:36.774  1635  2891 D ConnectivityService: NetReassign [no changes]
04-22 09:04:37.833  1635  2891 D ConnectivityService: NetReassign [no changes]
04-22 09:04:39.217  1635  8900 D ConnectivityService: requestNetwork for uid/pid:10215/27420 NetworkRequest [ TRACK_DEFAULT id=732, [ Capabilities: INTERNET&NOT_RESTRICTED&TRUSTED Uid: 10215 AdministratorUids: [] RequestorUid: 10215 RequestorPackageName: com.microsoft.emmx] ]
04-22 09:04:39.217  1635  2891 D ConnectivityService: NetReassign [732 : null  135]
04-22 09:04:39.223  1635  2891 D ConnectivityService: NetReassign [no changes]
04-22 09:05:05.003  1635  2891 I chatty  : uid=1000(system) ConnectivitySer identical 9 lines
04-22 09:05:08.012  1635  2891 D ConnectivityService: NetReassign [no changes]
04-22 09:05:10.105  1635  2884 W NetworkPolicy: shared quota unsupported; generating rule for each iface
04-22 09:05:11.025  1635  2891 D ConnectivityService: NetReassign [no changes]
04-22 09:06:11.417  1635  2891 I chatty  : uid=1000(system) ConnectivitySer identical 20 lines
04-22 09:06:14.450  1635  2891 D ConnectivityService: NetReassign [no changes]
04-22 09:06:14.956  1635  1775 D CompatibilityChangeReporter: Compat change id reported: 135634846; UID 10317; state: DISABLED
04-22 09:06:14.957  1635  1776 D CompatibilityChangeReporter: Compat change id reported: 143937733; UID 10317; state: DISABLED
04-22 09:06:14.996  1635  1776 I ActivityManager: Start proc 27946:com.instagram.android/u0a317 for broadcast {com.instagram.android/com.instagram.analytics.uploadscheduler.AnalyticsUploadAlarmReceiver}
04-22 09:06:15.860  1635  4630 I ActivityManager: Killing 26364:com.android.chrome/u0a188 (adj 995): empty for 1800s
04-22 09:06:15.861  1635  4630 I ActivityManager: Killing 21353:com.google.process.gapps/u0a145 (adj 995): empty for 1800s
04-22 09:06:17.002  1635  3048 D CompatibilityChangeReporter: Compat change id reported: 135634846; UID 10257; state: DISABLED
04-22 09:06:17.002  1635  1776 D CompatibilityChangeReporter: Compat change id reported: 143937733; UID 10257; state: DISABLED
04-22 09:06:17.018  1635  1776 I ActivityManager: Start proc 28079:com.google.android.apps.authenticator2/u0a257 for broadcast {com.google.android.apps.authenticator2/com.google.android.apps.authenticator.auditlog.AuditLogTimerReceiver}
04-22 09:06:17.136  1635  1635 D CompatibilityChangeReporter: Compat change id reported: 135634846; UID 10243; state: DISABLED
04-22 09:06:17.137  1635  1776 D CompatibilityChangeReporter: Compat change id reported: 143937733; UID 10243; state: DISABLED
04-22 09:06:17.138  1635  8900 W ActivityManager: Background start not allowed: service Intent { act=Orca.START cmp=com.instagram.android/com.facebook.rti.push.service.FbnsService (has extras) } to com.instagram.android/com.facebook.rti.push.service.FbnsService from pid=27946 uid=10317 pkg=com.instagram.android startFg?=false
04-22 09:06:17.150  1635  4630 D CompatibilityChangeReporter: Compat change id reported: 135634846; UID 10317; state: DISABLED
04-22 09:06:17.151  1635  1776 I ActivityManager: Start proc 28102:com.facebook.orca/u0a243 for service {com.facebook.orca/com.facebook.analytics2.logger.LollipopUploadService}
04-22 09:06:17.151  1635  1776 D CompatibilityChangeReporter: Compat change id reported: 143937733; UID 10317; state: DISABLED
04-22 09:06:17.164  1635  1776 I ActivityManager: Start proc 28108:com.instagram.android:mqtt/u0a317 for service {com.instagram.android/com.facebook.rti.push.service.FbnsService}
04-22 09:06:17.296  1635  1635 D CompatibilityChangeReporter: Compat change id reported: 135634846; UID 10157; state: DISABLED
04-22 09:06:17.296  1635  1776 D CompatibilityChangeReporter: Compat change id reported: 143937733; UID 10157; state: DISABLED
04-22 09:06:17.330  1635  8900 W ActivityManager: Background start not allowed: service Intent { act=Orca.START cmp=com.instagram.android/com.facebook.rti.push.service.FbnsService (has extras) } to com.instagram.android/com.facebook.rti.push.service.FbnsService from pid=27946 uid=10317 pkg=com.instagram.android startFg?=false
04-22 09:06:17.330  1635  1776 I ActivityManager: Start proc 28154:com.google.android.apps.turbo:aab/u0a157 for service {com.google.android.apps.turbo/com.google.android.libraries.smartbattery.appusage.library.InferAppBucketsJob}
04-22 09:06:17.459  1635  2891 D ConnectivityService: NetReassign [no changes]
04-22 09:06:18.110  1635  1754 I ActivityTaskManager: START u0 {act=android.intent.action.MAIN cat=[android.intent.category.HOME] flg=0x10000100 cmp=com.google.android.apps.nexuslauncher/.NexusLauncherActivity (has extras)} from uid 0
04-22 09:06:19.504  1635  3047 W ActivityManager: Background start not allowed: service Intent { act=Orca.START cmp=com.facebook.orca/com.facebook.mqttlite.MqttService (has extras) } to com.facebook.orca/com.facebook.mqttlite.MqttService from pid=28102 uid=10243 pkg=com.facebook.orca startFg?=false
04-22 09:06:20.469  1635  2891 D ConnectivityService: NetReassign [no changes]
04-22 09:06:22.813  1635  8900 W ActivityManager: Background start not allowed: service Intent { act=Orca.PERSISTENT_KICK_SKIP_PING cmp=com.facebook.orca/com.facebook.mqttlite.MqttService (has extras) } to com.facebook.orca/com.facebook.mqttlite.MqttService from pid=28102 uid=10243 pkg=com.facebook.orca startFg?=false
04-22 09:06:23.325  1635  1775 W BroadcastQueue: Permission Denial: broadcasting Intent { act=android.net.conn.CONNECTIVITY_CHANGE flg=0x4200010 (has extras) } from null (pid=-1, uid=-1) requires com.facebook.permission.prod.FB_APP_COMMUNICATION due to registered receiver BroadcastFilter{fcb20bb 10243/u0 ReceiverList{fca394a 28102 com.facebook.orca/10243/u0 remote:c512eb5}}
04-22 09:06:23.325  1635  1775 W BroadcastQueue: Permission Denial: broadcasting Intent { act=android.net.conn.INET_CONDITION_ACTION flg=0x4000010 (has extras) } from null (pid=-1, uid=-1) requires com.facebook.permission.prod.FB_APP_COMMUNICATION due to registered receiver BroadcastFilter{fcb20bb 10243/u0 ReceiverList{fca394a 28102 com.facebook.orca/10243/u0 remote:c512eb5}}
04-22 09:06:23.335  1635  1712 D ConnectivityService: requestNetwork for uid/pid:10243/28102 NetworkRequest [ TRACK_DEFAULT id=734, [ Capabilities: INTERNET&NOT_RESTRICTED&TRUSTED Uid: 10243 AdministratorUids: [] RequestorUid: 10243 RequestorPackageName: com.facebook.orca] ]
04-22 09:06:23.335  1635  2891 D ConnectivityService: NetReassign [734 : null  135]
04-22 09:06:23.384  1635  1775 W BroadcastQueue: Permission Denial: broadcasting Intent { act=android.net.conn.CONNECTIVITY_CHANGE flg=0x4200010 (has extras) } from null (pid=-1, uid=-1) requires com.facebook.permission.prod.FB_APP_COMMUNICATION due to registered receiver BroadcastFilter{8f8a7a2 10243/u0 ReceiverList{8857f6d 28102 com.facebook.orca/10243/u0 remote:e0fb84}}
04-22 09:06:23.475  1635  2891 D ConnectivityService: NetReassign [no changes]
04-22 09:06:23.666  1635  8900 I ActivityTaskManager: START u0 {act=android.intent.action.MAIN cat=[android.intent.category.LAUNCHER] flg=0x10200000 cmp=tv.twitch.android.app/.core.LandingActivity bnds=[652,1103][833,1312]} from uid 10153
04-22 09:06:23.688  1635  1756 D CompatibilityChangeReporter: Compat change id reported: 135634846; UID 10245; state: DISABLED
04-22 09:06:23.689  1635  1776 D CompatibilityChangeReporter: Compat change id reported: 143937733; UID 10245; state: DISABLED
04-22 09:06:23.710  1635  1776 I ActivityManager: Start proc 28362:tv.twitch.android.app/u0a245 for pre-top-activity {tv.twitch.android.app/tv.twitch.android.app.core.LandingActivity}
04-22 09:06:24.190  1635  1712 D CompatibilityChangeReporter: Compat change id reported: 136274596; UID 10245; state: DISABLED
04-22 09:06:24.415  1635  3047 D ConnectivityService: requestNetwork for uid/pid:10245/28362 NetworkRequest [ TRACK_DEFAULT id=735, [ Capabilities: INTERNET&NOT_RESTRICTED&TRUSTED Uid: 10245 AdministratorUids: [] RequestorUid: 10245 RequestorPackageName: tv.twitch.android.app] ]
04-22 09:06:24.417  1635  2891 D ConnectivityService: NetReassign [735 : null  135]
04-22 09:06:24.432  1635  3047 I ActivityTaskManager: START u0 {cmp=tv.twitch.android.app/.core.MainActivity (has extras)} from uid 10245
04-22 09:06:24.452  1635  3047 W ActivityTaskManager: Tried to set launchTime (0) < mLastActivityLaunchTime (34829209)
04-22 09:06:26.485  1635  2891 D ConnectivityService: NetReassign [no changes]
04-22 09:06:29.504  1635  2891 D ConnectivityService: NetReassign [no changes]
04-22 09:06:30.009  1635  2884 W NetworkPolicy: shared quota unsupported; generating rule for each iface
04-22 09:06:31.969  1635 12312 D CompatibilityChangeReporter: Compat change id reported: 135634846; UID 10188; state: DISABLED
04-22 09:06:31.969  1635  1776 D CompatibilityChangeReporter: Compat change id reported: 143937733; UID 10188; state: ENABLED
04-22 09:06:31.980  1635  2881 D CompatibilityChangeReporter: Compat change id reported: 135634846; UID 10145; state: DISABLED
04-22 09:06:31.983  1635  1776 I ActivityManager: Start proc 28742:com.android.chrome/u0a188 for service {com.android.chrome/org.chromium.chrome.browser.customtabs.CustomTabsConnectionService}
04-22 09:06:31.983  1635  1776 D CompatibilityChangeReporter: Compat change id reported: 143937733; UID 10145; state: ENABLED
04-22 09:06:31.999  1635  1776 I ActivityManager: Start proc 28753:com.google.process.gapps/u0a145 for content provider {com.google.android.gsf/com.google.android.gsf.settings.GoogleSettingsProvider}
04-22 09:06:32.222  1635  8900 D BiometricService: canAuthenticate: User=0, Caller=0, Authenticators=15
04-22 09:06:32.223  1635  8900 D BiometricService: Package: com.android.vending Authenticator ID: 0 Modality: 2 Reported Modality: 2 Status: 1
04-22 09:06:32.223  1635  8900 D AuthService: canAuthenticate, userId: 0, callingUserId: 0, authenticators: 15, result: 0
04-22 09:06:32.224  1635  8900 D BiometricService: canAuthenticate: User=0, Caller=0, Authenticators=255
04-22 09:06:32.224  1635  8900 D BiometricService: Package: com.android.vending Authenticator ID: 0 Modality: 2 Reported Modality: 2 Status: 1
04-22 09:06:32.224  1635  8900 D AuthService: canAuthenticate, userId: 0, callingUserId: 0, authenticators: 255, result: 0
04-22 09:06:32.225  1635  8900 D BiometricService: canAuthenticate: User=0, Caller=0, Authenticators=15
04-22 09:06:32.225  1635  8900 D BiometricService: Package: com.android.vending Authenticator ID: 0 Modality: 2 Reported Modality: 2 Status: 1
04-22 09:06:32.225  1635  8900 D AuthService: canAuthenticate, userId: 0, callingUserId: 0, authenticators: 15, result: 0
04-22 09:06:32.300  1635 12312 D BiometricService: canAuthenticate: User=0, Caller=0, Authenticators=15
04-22 09:06:32.300  1635 12312 D BiometricService: Package: com.android.vending Authenticator ID: 0 Modality: 2 Reported Modality: 2 Status: 1
04-22 09:06:32.300  1635 12312 D AuthService: canAuthenticate, userId: 0, callingUserId: 0, authenticators: 15, result: 0
04-22 09:06:32.301  1635 12312 D BiometricService: canAuthenticate: User=0, Caller=0, Authenticators=255
04-22 09:06:32.301  1635 12312 D BiometricService: Package: com.android.vending Authenticator ID: 0 Modality: 2 Reported Modality: 2 Status: 1
04-22 09:06:32.301  1635 12312 D AuthService: canAuthenticate, userId: 0, callingUserId: 0, authenticators: 255, result: 0
04-22 09:06:32.301  1635 12312 D BiometricService: canAuthenticate: User=0, Caller=0, Authenticators=15
04-22 09:06:32.302  1635 12312 D BiometricService: Package: com.android.vending Authenticator ID: 0 Modality: 2 Reported Modality: 2 Status: 1
04-22 09:06:32.302  1635 12312 D AuthService: canAuthenticate, userId: 0, callingUserId: 0, authenticators: 15, result: 0
04-22 09:06:32.367  1635  2881 D BiometricService: canAuthenticate: User=0, Caller=0, Authenticators=15
04-22 09:06:32.368  1635  2881 D BiometricService: Package: com.android.vending Authenticator ID: 0 Modality: 2 Reported Modality: 2 Status: 1
04-22 09:06:32.368  1635  2881 D AuthService: canAuthenticate, userId: 0, callingUserId: 0, authenticators: 15, result: 0
04-22 09:06:32.368  1635  4612 D BiometricService: canAuthenticate: User=0, Caller=0, Authenticators=255
04-22 09:06:32.368  1635  4612 D BiometricService: Package: com.android.vending Authenticator ID: 0 Modality: 2 Reported Modality: 2 Status: 1
04-22 09:06:32.368  1635  4612 D AuthService: canAuthenticate, userId: 0, callingUserId: 0, authenticators: 255, result: 0
04-22 09:06:32.369  1635  4612 D BiometricService: canAuthenticate: User=0, Caller=0, Authenticators=15
04-22 09:06:32.369  1635  4612 D BiometricService: Package: com.android.vending Authenticator ID: 0 Modality: 2 Reported Modality: 2 Status: 1
04-22 09:06:32.369  1635  4612 D AuthService: canAuthenticate, userId: 0, callingUserId: 0, authenticators: 15, result: 0
04-22 09:06:32.514  1635  2891 D ConnectivityService: NetReassign [no changes]
04-22 09:06:32.827  1635  3047 D CompatibilityChangeReporter: Compat change id reported: 135634846; UID 10245; state: DISABLED
04-22 09:06:32.828  1635  1776 D CompatibilityChangeReporter: Compat change id reported: 143937733; UID 10245; state: ENABLED
04-22 09:06:32.842  1635  1776 I ActivityManager: Start proc 28820:com.google.android.webview:sandboxed_process0:org.chromium.content.app.SandboxedProcessService0:0/u0i12 for  {tv.twitch.android.app/org.chromium.content.app.SandboxedProcessService0:0}
04-22 09:06:32.869  1635  3047 D CompatibilityChangeReporter: Compat change id reported: 136274596; UID 10245; state: DISABLED
04-22 09:06:33.080  1635  8900 D ConnectivityService: requestNetwork for uid/pid:10245/28362 NetworkRequest [ TRACK_DEFAULT id=736, [ Capabilities: INTERNET&NOT_RESTRICTED&TRUSTED Uid: 10245 AdministratorUids: [] RequestorUid: 10245 RequestorPackageName: tv.twitch.android.app] ]
04-22 09:06:33.080  1635  2891 D ConnectivityService: NetReassign [736 : null  135]
04-22 09:06:33.084  1635  2891 D ConnectivityService: NetReassign [no changes]
04-22 09:06:34.674  1635  2884 W NetworkPolicy: shared quota unsupported; generating rule for each iface
04-22 09:06:35.531  1635  2891 D ConnectivityService: NetReassign [no changes]
04-22 09:06:36.445  1635  2884 W NetworkPolicy: shared quota unsupported; generating rule for each iface
04-22 09:06:38.545  1635  2891 D ConnectivityService: NetReassign [no changes]
04-22 09:06:38.556  1635  2884 W NetworkPolicy: shared quota unsupported; generating rule for each iface
04-22 09:06:39.921  1635  2884 W NetworkPolicy: shared quota unsupported; generating rule for each iface
04-22 09:06:41.563  1635  2891 D ConnectivityService: NetReassign [no changes]
04-22 09:06:41.573  1635  2884 W NetworkPolicy: shared quota unsupported; generating rule for each iface
04-22 09:06:44.067  1635  2884 W NetworkPolicy: shared quota unsupported; generating rule for each iface
04-22 09:06:44.567  1635  2891 D ConnectivityService: NetReassign [no changes]
04-22 09:06:44.852  1635  2891 D ConnectivityService: releasing NetworkRequest [ TRACK_DEFAULT id=735, [ Capabilities: INTERNET&NOT_RESTRICTED&TRUSTED Uid: 10245 AdministratorUids: [] RequestorUid: 10245 RequestorPackageName: tv.twitch.android.app] ] (release request)
04-22 09:06:45.153  1635  1756 I ActivityManager: Killing 28362:tv.twitch.android.app/u0a245 (adj 915): remove task
04-22 09:06:45.155  1635  1756 I ActivityManager: Killing 28820:com.google.android.webview:sandboxed_process0:org.chromium.content.app.SandboxedProcessService0:0/u0a245i12 (adj 905): remove task
04-22 09:06:45.204  1635  4630 W ActivityManager: Scheduling restart of crashed service tv.twitch.android.app/org.chromium.content.app.SandboxedProcessService0:0 in 1000ms for connection
04-22 09:06:45.321  1635  2884 W NetworkPolicy: shared quota unsupported; generating rule for each iface
04-22 09:06:45.374  1635  8900 D ConnectivityService: ConnectivityService NetworkRequestInfo binderDied(NetworkRequest [ LISTEN id=737, [ Capabilities: INTERNET&NOT_RESTRICTED&TRUSTED&FOREGROUND Uid: 10245 AdministratorUids: [] RequestorUid: 10245 RequestorPackageName: tv.twitch.android.app] ], android.os.BinderProxy@e672b70)
04-22 09:06:45.375  1635  2881 D ConnectivityService: ConnectivityService NetworkRequestInfo binderDied(NetworkRequest [ TRACK_DEFAULT id=736, [ Capabilities: INTERNET&NOT_RESTRICTED&TRUSTED Uid: 10245 AdministratorUids: [] RequestorUid: 10245 RequestorPackageName: tv.twitch.android.app] ], android.os.BinderProxy@9c9cee9)
04-22 09:06:45.376  1635  8900 I WindowManager: WIN DEATH: Window{bd1f791 u0 tv.twitch.android.app/tv.twitch.android.app.core.MainActivity}
04-22 09:06:45.376  1635  2891 D ConnectivityService: releasing NetworkRequest [ TRACK_DEFAULT id=736, [ Capabilities: INTERNET&NOT_RESTRICTED&TRUSTED Uid: 10245 AdministratorUids: [] RequestorUid: 10245 RequestorPackageName: tv.twitch.android.app] ] (release request)
04-22 09:06:45.398  1635  1756 W ActivityManager: setHasOverlayUi called on unknown pid: 28362
04-22 09:06:47.592  1635  2891 D ConnectivityService: NetReassign [no changes]
04-22 09:06:48.084  1635  1775 D CompatibilityChangeReporter: Compat change id reported: 135634846; UID 10245; state: DISABLED
04-22 09:06:48.084  1635  1776 D CompatibilityChangeReporter: Compat change id reported: 143937733; UID 10245; state: DISABLED
04-22 09:06:48.102  1635  1776 I ActivityManager: Start proc 29001:tv.twitch.android.app/u0a245 for broadcast {tv.twitch.android.app/tv.twitch.android.app.notifications.push.NotificationBroadcastReceiver}
04-22 09:06:50.608  1635  2891 D ConnectivityService: NetReassign [no changes]
04-22 09:06:53.641  1635  2891 D ConnectivityService: NetReassign [no changes]
04-22 09:06:56.348  1635  4630 I ActivityTaskManager: START u0 {act=android.intent.action.MAIN cat=[android.intent.category.LAUNCHER] flg=0x10200000 cmp=com.reddit.frontpage/launcher.default bnds=[471,894][652,1103]} from uid 10153
04-22 09:06:56.604  1635  2958 E SyncManager: SYNC_OP_STATE_INVALID: disallowed by settings/network
04-22 09:06:56.606  1635  2958 E SyncManager: SYNC_OP_STATE_INVALID: disallowed by settings/network
04-22 09:06:56.649  1635  3045 D ConnectivityService: requestNetwork for uid/pid:10232/27153 NetworkRequest [ TRACK_DEFAULT id=738, [ Capabilities: INTERNET&NOT_RESTRICTED&TRUSTED Uid: 10232 AdministratorUids: [] RequestorUid: 10232 RequestorPackageName: com.reddit.frontpage] ]
04-22 09:06:56.650  1635  2891 D ConnectivityService: NetReassign [738 : null  135]
04-22 09:06:56.655  1635  2891 D ConnectivityService: NetReassign [no changes]
04-22 09:06:56.731  1635  8900 D CompatibilityChangeReporter: Compat change id reported: 136274596; UID 10232; state: DISABLED
04-22 09:06:56.918  1635  1712 I ActivityTaskManager: START u0 {cmp=com.reddit.frontpage/.main.MainActivity (has extras)} from uid 10232
04-22 09:06:56.964  1635  3042 W ActivityTaskManager: Tried to set launchTime (0) < mLastActivityLaunchTime (34861862)
04-22 09:06:59.681  1635  2891 D ConnectivityService: NetReassign [no changes]
04-22 09:07:02.694  1635  2891 D ConnectivityService: NetReassign [no changes]
