04-22 11:25:10.029  1635  1775 W BroadcastQueue: Background execution not allowed: receiving Intent { act=android.intent.action.DROPBOX_ENTRY_ADDED flg=0x10 (has extras) } to com.google.android.gms/.chimera.GmsIntentOperationService$PersistentTrustedReceiver
04-22 11:25:10.478  1635  1862 V DisplayPowerController: Brightness [0.15642793] reason changing to: 'automatic', previous reason: 'automatic [ dim ]'.
04-22 11:25:10.605  1635  2891 D ConnectivityService: NetReassign [no changes]
04-22 11:25:12.008  1635  1635 D BluetoothManagerService: Bluetooth Adapter name changed to IjVVTXNbye0AAAAAAAAAATE
04-22 11:25:12.009  1635  1635 D BluetoothManagerService: Stored Bluetooth name: IjVVTXNbye0AAAAAAAAAATE
04-22 11:25:12.347  1635  2893 D NsdService: Register service
04-22 11:25:12.347  1635  2893 D NsdService: registerService: 20 name: IjVVTXNbye0AAA, type: _5BC9ED5E6C75._tcp, host: null, port: 38311, txtRecord: n=MQIPv4=192.168.1.17
04-22 11:25:12.347  1635  2893 D NsdService: mdnssd [register, 20, IjVVTXNbye0AAA, _5BC9ED5E6C75._tcp, 38311, BG49TVERSVB2ND0xOTIuMTY4LjEuMTc=]
04-22 11:25:12.349  1635  2893 D NsdService: Register 20 20
04-22 11:25:13.059  1635  2893 D NsdService: Native daemon message SERVICE_REGISTERED: 606 20 "IjVVTXNbye0AAA"
04-22 11:25:13.066  1635  4930 E AppOps  : attributionTag com.google.android.gms.nearby not declared in manifest of com.google.location.nearby.apps.connectedcrossroad
04-22 11:25:13.615  1635  2891 D ConnectivityService: NetReassign [no changes]
04-22 11:25:16.633  1635  2891 D ConnectivityService: NetReassign [no changes]
04-22 11:25:17.817  1635  2884 W NetworkPolicy: shared quota unsupported; generating rule for each iface
04-22 11:25:19.651  1635  2891 D ConnectivityService: NetReassign [no changes]
04-22 11:25:20.522  1635  2891 D Nat464Xlat: clatd running, updating NAI for v4-rmnet_data2
04-22 11:25:22.669  1635  2891 D ConnectivityService: NetReassign [no changes]
04-22 11:25:49.888  1635  2891 I chatty  : uid=1000(system) ConnectivitySer identical 9 lines
04-22 11:25:52.914  1635  2891 D ConnectivityService: NetReassign [no changes]
04-22 11:25:54.599  1635  1775 I ActivityManager: Waited long enough for: ServiceRecord{b223626 u0 com.google.android.googlequicksearchbox/com.google.android.apps.gsa.shared.util.keepalive.StandaloneKeepAlive$KeepAliveService}
04-22 11:25:55.943  1635  2891 D ConnectivityService: NetReassign [no changes]
04-22 11:26:17.097  1635  2891 I chatty  : uid=1000(system) ConnectivitySer identical 7 lines
04-22 11:26:20.122  1635  2891 D ConnectivityService: NetReassign [no changes]
04-22 11:26:21.944  1635  4930 I ActivityManager: Force stopping com.google.location.nearby.apps.connectedcrossroad appid=10333 user=0: from pid 19797
04-22 11:26:21.945  1635  4930 I ActivityManager: Killing 19545:com.google.location.nearby.apps.connectedcrossroad/u0a333 (adj 0): stop com.google.location.nearby.apps.connectedcrossroad due to from pid 19797
04-22 11:26:21.949  1635  4930 W ActivityTaskManager: Force removing ActivityRecord{57c3de6 u0 com.google.location.nearby.apps.connectedcrossroad/nx.aodv.eval.MainActivity t8098 f}}: app died, no saved state
04-22 11:26:21.991  1635  1775 W BroadcastQueue: Background execution not allowed: receiving Intent { act=android.intent.action.PACKAGE_RESTARTED dat=package:com.google.location.nearby.apps.connectedcrossroad flg=0x10 (has extras) } to steptracker.healthandfitness.walkingtracker.pedometer/com.drojian.stepcounter.receiver.PedometerReceiver
04-22 11:26:21.991  1635  1775 W BroadcastQueue: Background execution not allowed: receiving Intent { act=android.intent.action.PACKAGE_RESTARTED dat=package:com.google.location.nearby.apps.connectedcrossroad flg=0x10 (has extras) } to steptracker.healthandfitness.walkingtracker.pedometer/com.drojian.servicekeeper.receiver.BootReceiver
04-22 11:26:21.995  1635  1712 D AutofillSession: handling death of Token{427c29d ActivityRecord{57c3de6 u0 com.google.location.nearby.apps.connectedcrossroad/nx.aodv.eval.MainActivity t-1 f}}} when saving=false
04-22 11:26:22.026  1635  1756 W ActivityManager: setHasOverlayUi called on unknown pid: 19545
04-22 11:26:23.145  1635  2891 D ConnectivityService: NetReassign [no changes]
04-22 11:26:24.415  1635  2893 D NsdService: unregister service
04-22 11:26:24.415  1635  2893 D NsdService: mdnssd [stop-register, 20]
04-22 11:26:24.425  1635  1635 D BluetoothManagerService: Bluetooth Adapter name changed to Pixel 3a XL
04-22 11:26:24.426  1635  1635 D BluetoothManagerService: Stored Bluetooth name: Pixel 3a XL
04-22 11:26:26.171  1635  2891 D ConnectivityService: NetReassign [no changes]
04-22 11:26:50.417  1635  2891 I chatty  : uid=1000(system) ConnectivitySer identical 8 lines
04-22 11:26:53.446  1635  2891 D ConnectivityService: NetReassign [no changes]
04-22 11:26:54.596  1635  4612 W ActivityManager: Foreground service started from background can not have location/camera/microphone access: service steptracker.healthandfitness.walkingtracker.pedometer/com.drojian.stepcounter.service.CounterService
04-22 11:26:54.825  1635  8900 I DropBoxManagerService: add tag=event_data isTagEnabled=true flags=0x2
04-22 11:26:54.832  1635  1775 W BroadcastQueue: Background execution not allowed: receiving Intent { act=android.intent.action.DROPBOX_ENTRY_ADDED flg=0x10 (has extras) } to com.google.android.gms/.stats.service.DropBoxEntryAddedReceiver
04-22 11:26:54.836  1635  1775 W BroadcastQueue: Background execution not allowed: receiving Intent { act=android.intent.action.DROPBOX_ENTRY_ADDED flg=0x10 (has extras) } to com.google.android.gms/.chimera.GmsIntentOperationService$PersistentTrustedReceiver
04-22 11:26:54.857  1635  4612 I DropBoxManagerService: add tag=dumpsys:account isTagEnabled=true flags=0x2
04-22 11:26:54.861  1635  1775 W BroadcastQueue: Background execution not allowed: receiving Intent { act=android.intent.action.DROPBOX_ENTRY_ADDED flg=0x10 (has extras) } to com.google.android.gms/.stats.service.DropBoxEntryAddedReceiver
04-22 11:26:54.865  1635  1775 W BroadcastQueue: Background execution not allowed: receiving Intent { act=android.intent.action.DROPBOX_ENTRY_ADDED flg=0x10 (has extras) } to com.google.android.gms/.chimera.GmsIntentOperationService$PersistentTrustedReceiver
04-22 11:26:56.492  1635  2891 D ConnectivityService: NetReassign [no changes]
04-22 11:26:59.521  1635  2891 D ConnectivityService: NetReassign [no changes]
04-22 11:27:01.217  1635  1878 I PackageManager: Integrity check passed for file:///data/app/vmdl106224072.tmp
04-22 11:27:01.242  1635  1878 I PackageManager: Update package com.google.location.nearby.apps.connectedcrossroad code path from /data/app/~~NK8oMdC_kj2pq2ky80EEvg==/com.google.location.nearby.apps.connectedcrossroad-wGHX5JFjagtoG-8v42kYAw== to /data/app/~~7jOg2fG_t6zjPTJvqRrxPA==/com.google.location.nearby.apps.connectedcrossroad-4Pd4zN4ghn10TKZ2qLqqzQ==; Retain data and using new
04-22 11:27:01.242  1635  1878 I PackageManager: Update package com.google.location.nearby.apps.connectedcrossroad resource path from /data/app/~~NK8oMdC_kj2pq2ky80EEvg==/com.google.location.nearby.apps.connectedcrossroad-wGHX5JFjagtoG-8v42kYAw== to /data/app/~~7jOg2fG_t6zjPTJvqRrxPA==/com.google.location.nearby.apps.connectedcrossroad-4Pd4zN4ghn10TKZ2qLqqzQ==; Retain data and using new
04-22 11:27:01.257  1635  1878 D CompatibilityChangeReporter: Compat change id reported: 135549675; UID 10333; state: DISABLED
04-22 11:27:01.413  1635  1775 W BroadcastQueue: Background execution not allowed: receiving Intent { act=android.intent.action.PACKAGE_REMOVED dat=package:com.google.location.nearby.apps.connectedcrossroad flg=0x4000010 (has extras) } to com.android.vending/com.google.android.finsky.packagemanager.impl.PackageMonitorReceiverImpl$RegisteredReceiver
04-22 11:27:01.413  1635  1775 W BroadcastQueue: Background execution not allowed: receiving Intent { act=android.intent.action.PACKAGE_REMOVED dat=package:com.google.location.nearby.apps.connectedcrossroad flg=0x4000010 (has extras) } to com.android.vending/com.google.android.finsky.instantapps.appmanagement.InstantAppRemoveMonitor
04-22 11:27:01.413  1635  1775 W BroadcastQueue: Background execution not allowed: receiving Intent { act=android.intent.action.PACKAGE_REMOVED dat=package:com.google.location.nearby.apps.connectedcrossroad flg=0x4000010 (has extras) } to com.google.android.gms/.games.chimera.GamesSystemBroadcastReceiverProxy
04-22 11:27:01.413  1635  1775 W BroadcastQueue: Background execution not allowed: receiving Intent { act=android.intent.action.PACKAGE_REMOVED dat=package:com.google.location.nearby.apps.connectedcrossroad flg=0x4000010 (has extras) } to com.google.android.gms/.chimera.GmsIntentOperationService$PersistentTrustedReceiver
04-22 11:27:01.413  1635  1775 W BroadcastQueue: Background execution not allowed: receiving Intent { act=android.intent.action.PACKAGE_REMOVED dat=package:com.google.location.nearby.apps.connectedcrossroad flg=0x4000010 (has extras) } to com.google.android.googlequicksearchbox/com.google.android.apps.gsa.googlequicksearchbox.GelStubAppWatcher
04-22 11:27:01.413  1635  1775 W BroadcastQueue: Background execution not allowed: receiving Intent { act=android.intent.action.PACKAGE_REMOVED dat=package:com.google.location.nearby.apps.connectedcrossroad flg=0x4000010 (has extras) } to com.facebook.katana/com.facebook.feed.platformads.AppInstallReceiver
04-22 11:27:01.413  1635  1775 W BroadcastQueue: Background execution not allowed: receiving Intent { act=android.intent.action.PACKAGE_REMOVED dat=package:com.google.location.nearby.apps.connectedcrossroad flg=0x4000010 (has extras) } to com.jaga.ibraceletplus.smartwristband3/com.yc.pedometer.keepalive.KeepAliveReceiver
04-22 11:27:01.413  1635  1775 W BroadcastQueue: Background execution not allowed: receiving Intent { act=android.intent.action.PACKAGE_REMOVED dat=package:com.google.location.nearby.apps.connectedcrossroad flg=0x4000010 (has extras) } to com.microsoft.appmanager/.receiver.InstallUninstallReceiver
04-22 11:27:01.413  1635  1775 W BroadcastQueue: Background execution not allowed: receiving Intent { act=android.intent.action.PACKAGE_REMOVED dat=package:com.google.location.nearby.apps.connectedcrossroad flg=0x4000010 (has extras) } to com.microsoft.appmanager/com.microsoft.mmx.continuity.receiver.InstallUninstallReceiver
04-22 11:27:01.413  1635  1775 W BroadcastQueue: Background execution not allowed: receiving Intent { act=android.intent.action.PACKAGE_REMOVED dat=package:com.google.location.nearby.apps.connectedcrossroad flg=0x4000010 (has extras) } to com.microsoft.emmx/com.microsoft.mmx.continuity.receiver.InstallUninstallReceiver
04-22 11:27:01.450  1635  1775 W BroadcastQueue: Background execution not allowed: receiving Intent { act=android.intent.action.PACKAGE_ADDED dat=package:com.google.location.nearby.apps.connectedcrossroad flg=0x4000010 (has extras) } to com.google.android.packageinstaller/com.android.packageinstaller.PackageInstalledReceiver
04-22 11:27:01.451  1635  1775 W BroadcastQueue: Background execution not allowed: receiving Intent { act=android.intent.action.PACKAGE_ADDED dat=package:com.google.location.nearby.apps.connectedcrossroad flg=0x4000010 (has extras) } to com.android.vending/com.google.android.finsky.packagemanager.impl.PackageMonitorReceiverImpl$RegisteredReceiver
04-22 11:27:01.451  1635  1775 W BroadcastQueue: Background execution not allowed: receiving Intent { act=android.intent.action.PACKAGE_ADDED dat=package:com.google.location.nearby.apps.connectedcrossroad flg=0x4000010 (has extras) } to com.google.android.gms/.games.chimera.GamesSystemBroadcastReceiverProxy
04-22 11:27:01.451  1635  1775 W BroadcastQueue: Background execution not allowed: receiving Intent { act=android.intent.action.PACKAGE_ADDED dat=package:com.google.location.nearby.apps.connectedcrossroad flg=0x4000010 (has extras) } to com.google.android.gms/.gass.chimera.PackageChangeBroadcastReceiver
04-22 11:27:01.451  1635  1775 W BroadcastQueue: Background execution not allowed: receiving Intent { act=android.intent.action.PACKAGE_ADDED dat=package:com.google.location.nearby.apps.connectedcrossroad flg=0x4000010 (has extras) } to com.google.android.gms/.chimera.GmsIntentOperationService$PersistentTrustedReceiver
04-22 11:27:01.451  1635  1775 W BroadcastQueue: Background execution not allowed: receiving Intent { act=android.intent.action.PACKAGE_ADDED dat=package:com.google.location.nearby.apps.connectedcrossroad flg=0x4000010 (has extras) } to com.google.android.googlequicksearchbox/com.google.android.apps.gsa.googlequicksearchbox.GelStubAppWatcher
04-22 11:27:01.451  1635  1775 W BroadcastQueue: Background execution not allowed: receiving Intent { act=android.intent.action.PACKAGE_ADDED dat=package:com.google.location.nearby.apps.connectedcrossroad flg=0x4000010 (has extras) } to com.facebook.katana/com.facebook.feed.platformads.AppInstallReceiver
04-22 11:27:01.451  1635  1775 W BroadcastQueue: Background execution not allowed: receiving Intent { act=android.intent.action.PACKAGE_ADDED dat=package:com.google.location.nearby.apps.connectedcrossroad flg=0x4000010 (has extras) } to com.jaga.ibraceletplus.smartwristband3/com.yc.pedometer.keepalive.KeepAliveReceiver
04-22 11:27:01.451  1635  1775 W BroadcastQueue: Background execution not allowed: receiving Intent { act=android.intent.action.PACKAGE_ADDED dat=package:com.google.location.nearby.apps.connectedcrossroad flg=0x4000010 (has extras) } to com.microsoft.appmanager/.receiver.InstallUninstallReceiver
04-22 11:27:01.451  1635  1775 W BroadcastQueue: Background execution not allowed: receiving Intent { act=android.intent.action.PACKAGE_ADDED dat=package:com.google.location.nearby.apps.connectedcrossroad flg=0x4000010 (has extras) } to com.microsoft.appmanager/com.microsoft.mmx.continuity.receiver.InstallUninstallReceiver
04-22 11:27:01.451  1635  1775 W BroadcastQueue: Background execution not allowed: receiving Intent { act=android.intent.action.PACKAGE_ADDED dat=package:com.google.location.nearby.apps.connectedcrossroad flg=0x4000010 (has extras) } to com.microsoft.emmx/com.microsoft.mmx.continuity.receiver.InstallUninstallReceiver
04-22 11:27:01.533  1635  8772 I ActivityTaskManager: START u0 {act=android.intent.action.MAIN cat=[android.intent.category.LAUNCHER] flg=0x10000000 cmp=com.google.location.nearby.apps.connectedcrossroad/nx.aodv.eval.MainActivity} from uid 2000
04-22 11:27:01.570  1635  1635 I Telecom : DefaultDialerCache: Refreshing default dialer for user 0: now com.google.android.dialer: DDC.oR@BY4
04-22 11:27:01.614  1635  1635 V BackupManagerConstants: getFullBackupIntervalMilliseconds(...) returns 86400000
04-22 11:27:01.615  1635  1635 V BackupManagerConstants: getFullBackupRequiredNetworkType(...) returns 2
04-22 11:27:01.615  1635  1635 V BackupManagerConstants: getFullBackupRequireCharging(...) returns true
04-22 11:27:01.642  1635  1756 D CompatibilityChangeReporter: Compat change id reported: 135634846; UID 10333; state: DISABLED
04-22 11:27:01.642  1635  1776 D CompatibilityChangeReporter: Compat change id reported: 143937733; UID 10333; state: DISABLED
04-22 11:27:01.691  1635  1776 I ActivityManager: Start proc 19908:com.google.location.nearby.apps.connectedcrossroad/u0a333 for pre-top-activity {com.google.location.nearby.apps.connectedcrossroad/nx.aodv.eval.MainActivity}
04-22 11:27:01.735  1635  1752 W Looper  : Slow dispatch took 123ms android.fg h=android.os.Handler c=<recycled PooledLambda@ab90847> m=0
04-22 11:27:01.849  1635  1635 W Looper  : Slow dispatch took 279ms main h=android.app.ActivityThread$H c=android.app.-$$Lambda$LoadedApk$ReceiverDispatcher$Args$_BumDX2UKsnxLVrE6UJsJZkotuA@1e13dfa m=0
04-22 11:27:01.849  1635  1635 W Looper  : Slow delivery took 358ms main h=com.android.server.AlarmManagerService$AlarmHandler c=null m=8
04-22 11:27:01.871  1635  1752 W Looper  : Slow delivery took 218ms android.fg h=android.os.Handler c=<recycled PooledLambda@a36819e> m=0
04-22 11:27:01.871  1635  1752 W Looper  : Slow dispatch took 113ms android.fg h=android.os.Handler c=<recycled PooledLambda@a36819e> m=0
04-22 11:27:01.898  1635  4612 W BroadcastQueue: Background execution not allowed: receiving Intent { act=android.intent.action.PACKAGE_REPLACED dat=package:com.google.location.nearby.apps.connectedcrossroad flg=0x4000010 (has extras) } to com.google.android.gms/.gass.chimera.PackageChangeBroadcastReceiver
04-22 11:27:01.908  1635  1775 W BroadcastQueue: Background execution not allowed: receiving Intent { act=android.intent.action.PACKAGE_REPLACED dat=package:com.google.location.nearby.apps.connectedcrossroad flg=0x4000010 (has extras) } to com.google.android.gms/.chimera.GmsIntentOperationService$PersistentTrustedReceiver
04-22 11:27:01.908  1635  1775 W BroadcastQueue: Background execution not allowed: receiving Intent { act=android.intent.action.PACKAGE_REPLACED dat=package:com.google.location.nearby.apps.connectedcrossroad flg=0x4000010 (has extras) } to com.google.android.googlequicksearchbox/com.google.android.apps.gsa.googlequicksearchbox.GelStubAppWatcher
04-22 11:27:01.908  1635  1775 W BroadcastQueue: Background execution not allowed: receiving Intent { act=android.intent.action.PACKAGE_REPLACED dat=package:com.google.location.nearby.apps.connectedcrossroad flg=0x4000010 (has extras) } to com.infonow.bofa/com.bofa.ecom.marvel.application.BofaPackageUpdateReceiver
04-22 11:27:01.908  1635  1775 W BroadcastQueue: Background execution not allowed: receiving Intent { act=android.intent.action.PACKAGE_REPLACED dat=package:com.google.location.nearby.apps.connectedcrossroad flg=0x4000010 (has extras) } to com.microsoft.appmanager/com.microsoft.mmx.continuity.receiver.InstallUninstallReceiver
04-22 11:27:01.912  1635  1775 W BroadcastQueue: Background execution not allowed: receiving Intent { act=android.intent.action.PACKAGE_REPLACED dat=package:com.google.location.nearby.apps.connectedcrossroad flg=0x4000010 (has extras) } to com.microsoft.emmx/com.microsoft.mmx.continuity.receiver.InstallUninstallReceiver
04-22 11:27:01.912  1635  1775 W BroadcastQueue: Background execution not allowed: receiving Intent { act=android.intent.action.PACKAGE_REPLACED dat=package:com.google.location.nearby.apps.connectedcrossroad flg=0x4000010 (has extras) } to steptracker.healthandfitness.walkingtracker.pedometer/com.drojian.stepcounter.receiver.PedometerReceiver
04-22 11:27:01.912  1635  1775 W BroadcastQueue: Background execution not allowed: receiving Intent { act=android.intent.action.PACKAGE_REPLACED dat=package:com.google.location.nearby.apps.connectedcrossroad flg=0x4000010 (has extras) } to steptracker.healthandfitness.walkingtracker.pedometer/com.drojian.servicekeeper.receiver.BootReceiver
04-22 11:27:01.914  1635  1635 W Looper  : Drained
04-22 11:27:01.999  1635  2884 W NetworkPolicy: shared quota unsupported; generating rule for each iface
04-22 11:27:02.139  1635  1752 W Looper  : Slow dispatch took 179ms android.fg h=android.os.Handler c=<recycled PooledLambda@9e3df08> m=0
04-22 11:27:02.210  1635  2884 W NetworkPolicy: shared quota unsupported; generating rule for each iface
04-22 11:27:02.315  1635  1713 D CompatibilityChangeReporter: Compat change id reported: 136274596; UID 10333; state: DISABLED
04-22 11:27:02.514  1635  1752 W Looper  : Slow dispatch took 100ms android.fg h=android.os.Handler c=<recycled PooledLambda@97fec> m=0
04-22 11:27:02.532  1635  2891 D ConnectivityService: NetReassign [no changes]
04-22 11:27:02.872  1635  2884 W NetworkPolicy: shared quota unsupported; generating rule for each iface
04-22 11:27:03.002  1635  1635 W Looper  : Slow dispatch took 131ms main h=com.android.providers.settings.SettingsProvider$SettingsRegistry$MyHandler c=null m=2
04-22 11:27:03.035  1635  2884 W NetworkPolicy: shared quota unsupported; generating rule for each iface
04-22 11:27:03.126  1635  2884 W NetworkPolicy: shared quota unsupported; generating rule for each iface
04-22 11:27:03.326  1635  1752 W Looper  : Drained
04-22 11:27:03.503  1635  2884 W NetworkPolicy: shared quota unsupported; generating rule for each iface
04-22 11:27:03.618  1635  1712 E SystemServiceRegistry: Manager wrapper not available: face
04-22 11:27:03.620  1635  1775 I DropBoxManagerService: add tag=system_server_wtf isTagEnabled=true flags=0x2
04-22 11:27:03.719  1635  4613 W SettingsStatsUtil: Can not parse value to float: gps,network
04-22 11:27:05.548  1635  2891 D ConnectivityService: NetReassign [no changes]
04-22 11:27:05.625  1635  1775 W BroadcastQueue: Background execution not allowed: receiving Intent { act=android.intent.action.DROPBOX_ENTRY_ADDED flg=0x10 (has extras) } to com.google.android.gms/.stats.service.DropBoxEntryAddedReceiver
04-22 11:27:05.625  1635  1775 W BroadcastQueue: Background execution not allowed: receiving Intent { act=android.intent.action.DROPBOX_ENTRY_ADDED flg=0x10 (has extras) } to com.google.android.gms/.chimera.GmsIntentOperationService$PersistentTrustedReceiver
04-22 11:27:08.585  1635  2891 D ConnectivityService: NetReassign [no changes]
04-22 11:27:10.789  2979  2979 V DeadZone: consuming errant click: (90.0,4.0)
04-22 11:27:10.789  2979  2979 V DeadZone: consuming errant click: (90.0,4.0)
04-22 11:27:11.607  1635  2891 D ConnectivityService: NetReassign [no changes]
04-22 11:27:12.019  1635  1635 D BluetoothManagerService: Bluetooth Adapter name changed to IkU5c2Fbye0AAAAAAAAAATE
04-22 11:27:12.020  1635  1635 D BluetoothManagerService: Stored Bluetooth name: IkU5c2Fbye0AAAAAAAAAATE
04-22 11:27:12.373  1635  2893 D NsdService: Register service
04-22 11:27:12.373  1635  2893 D NsdService: registerService: 21 name: IkU5c2Fbye0AAA, type: _5BC9ED5E6C75._tcp, host: null, port: 42747, txtRecord: n=MQIPv4=192.168.1.17
04-22 11:27:12.373  1635  2893 D NsdService: mdnssd [register, 21, IkU5c2Fbye0AAA, _5BC9ED5E6C75._tcp, 42747, BG49TVERSVB2ND0xOTIuMTY4LjEuMTc=]
04-22 11:27:12.375  1635  2893 D NsdService: Register 21 21
04-22 11:27:13.044  1635  2893 D NsdService: Native daemon message SERVICE_REGISTERED: 606 21 "IkU5c2Fbye0AAA"
04-22 11:27:13.066  1635  4624 E AppOps  : attributionTag com.google.android.gms.nearby not declared in manifest of com.google.location.nearby.apps.connectedcrossroad
04-22 11:27:14.611  1635  2891 D ConnectivityService: NetReassign [no changes]
--------- beginning of main
04-22 11:27:24.335  3258  3258 D GRIL-S  : [6625]> UPDATE_REGULATORY_DOMAIN
04-22 11:27:24.330  1057  1057 W radioext@1.0-se: type=1400 audit(0.0:10238): avc: denied { search } for name="radio" dev="dm-8" ino=174 scontext=u:r:hal_radioext_default:s0 tcontext=u:object_r:radio_vendor_data_file:s0 tclass=dir permissive=0
04-22 11:27:24.337  3258  4164 D GRIL-S  : [6625]< UPDATE_REGULATORY_DOMAIN 
04-22 11:27:24.338  2959  3615 I bt_stack: [INFO:gatt_api.cc(947)] GATT_Register 2e1552c7-f51b-086a-78d0-80ff7a308761
04-22 11:27:24.338  2959  3615 I bt_stack: [INFO:gatt_api.cc(967)] allocated gatt_if=12
04-22 11:27:24.347  2959  2975 D BluetoothAdapterService: startDiscovery
04-22 11:27:24.348  2959  3615 W bt_btif : bta_dm_check_av:2
04-22 11:27:24.348  2959  3615 W bt_btif : [0]: state:1, info:x0, avoid_rs 1
04-22 11:27:24.348  2959  3615 W bt_btif : [1]: state:1, info:x0, avoid_rs 1
04-22 11:27:24.348  2959  3615 W bt_btif : [2]: state:1, info:x0, avoid_rs 1
04-22 11:27:24.348  2959  3615 W bt_btif : [3]: state:1, info:x0, avoid_rs 1
04-22 11:27:24.348  2959  3615 W bt_btif : [4]: state:1, info:x0, avoid_rs 1
04-22 11:27:24.348  2959  3615 W bt_btif : [5]: state:1, info:x0, avoid_rs 1
04-22 11:27:24.350  2959  3615 E bt_btif : bte_scan_filt_param_cfg_evt, 23
04-22 11:27:24.358 19908 19908 D connectedcrossroad: data collect: burst start
04-22 11:27:24.358 19908 19908 V data    : Payload RX: 0
04-22 11:27:24.358 19908 19908 V data    : Payload TX: 0
04-22 11:27:24.358 19908 19908 V data    : Total RX: 0
04-22 11:27:24.358 19908 19908 V data    : Total TX: 0
04-22 11:27:24.358 19908 19908 D connectedcrossroad: sendMessage: Sent message
04-22 11:27:24.361  1635  4623 I system_server: oneway function results will be dropped but finished with status OK and parcel size 4
04-22 11:27:24.361 14602 14896 D audio_route: Apply path: speaker
04-22 11:27:24.361 14602 14896 D audio_hw_primary: enable_snd_device: snd_device(104: vi-feedback)
04-22 11:27:24.362 14602 14896 D audio_route: Apply path: vi-feedback
04-22 11:27:24.362 14602 14896 E audio_hw_utils: audio_extn_utils_send_app_type_cfg: Failed to derive app_type for uc type : 0x1
04-22 11:27:24.362 14602 14896 D ACDB-LOADER: ACDB -> send_audio_cal, acdb_id = 512, path = 1, app id = 0x11132, sample rate = 48000
04-22 11:27:24.362 14602 14896 D ACDB-LOADER: ACDB -> send_asm_topology
04-22 11:27:24.362 14602 14896 D ACDB-LOADER: ACDB -> ACDB_CMD_GET_AUDPROC_STREAM_TOPOLOGY_ID
04-22 11:27:24.362 14602 14896 D ACDB-LOADER: ACDB -> send_adm_topology
04-22 11:27:24.362 14602 14896 D ACDB-LOADER: ACDB -> ACDB_CMD_GET_AUDPROC_COMMON_TOPOLOGY_ID
04-22 11:27:24.362 14602 14896 D ACDB-LOADER: ACDB -> send_audtable
04-22 11:27:24.362 14602 14896 D ACDB-LOADER: ACDB -> ACDB_CMD_GET_AUDPROC_COMMON_TABLE_SIZE
04-22 11:27:24.362 14602 14896 D ACDB-LOADER: ACDB -> ACDB_CMD_GET_AUDPROC_COMMON_TABLE
04-22 11:27:24.362 14602 14896 D ACDB-LOADER: ACDB -> AUDIO_SET_AUDPROC_CAL
04-22 11:27:24.362 14602 14896 D ACDB-LOADER: ACDB -> send_audvoltable
04-22 11:27:24.362 14602 14896 D ACDB-LOADER: ACDB -> ACDB_CMD_GET_AUDPROC_VOL_STEP_TABLE_SIZE
04-22 11:27:24.362 14602 14896 D ACDB-LOADER: ACDB -> ACDB_CMD_GET_AUDPROC_GAIN_DEP_STEP_TABLE, vol index 0
04-22 11:27:24.362 14602 14896 D android.hardware.audio.service: Failed to fetch the lookup information of the device 00000200 
04-22 11:27:24.362 14602 14896 E ACDB-LOADER: Error: ACDB AudProc vol returned = -19
04-22 11:27:24.362 14602 14896 D ACDB-LOADER: ACDB -> AUDIO_SET_VOL_CAL cal type = 12
04-22 11:27:24.362 14602 14896 D ACDB-LOADER: ACDB -> ACDB_CMD_GET_AUDPROC_STREAM_TABLE_SIZE
04-22 11:27:24.362 14602 14896 D ACDB-LOADER: ACDB -> send_audstrmtable
04-22 11:27:24.362 14602 14896 D ACDB-LOADER: ACDB -> ACDB_CMD_GET_AUDPROC_STREAM_TABLE_V2
04-22 11:27:24.362 14602 14896 D ACDB-LOADER: ACDB -> audstrm_cal->cal_type.cal_data.cal_size = 16
04-22 11:27:24.362 14602 14896 D ACDB-LOADER: ACDB -> send_afe_topology
04-22 11:27:24.362 14602 14896 D ACDB-LOADER: ACDB -> ACDB_CMD_GET_AFE_TOPOLOGY_ID
04-22 11:27:24.362 14602 14896 D ACDB-LOADER: ACDB -> GET_AFE_TOPOLOGY_ID for adcd_id 512, Topology Id 10001ccc
04-22 11:27:24.362 14602 14896 D ACDB-LOADER: ACDB -> send_afe_cal
04-22 11:27:24.362 14602 14896 D ACDB-LOADER: ACDB -> ACDB_CMD_GET_AFE_COMMON_TABLE_SIZE
04-22 11:27:24.362 14602 14896 D ACDB-LOADER: ACDB -> ACDB_CMD_GET_AFE_COMMON_TABLE
04-22 11:27:24.362 14602 14896 D ACDB-LOADER: ACDB -> AUDIO_SET_AFE_CAL
04-22 11:27:24.362 14602 14896 D ACDB-LOADER: ACDB -> send_hw_delay : acdb_id = 512 path = 1
04-22 11:27:24.362 14602 14896 D ACDB-LOADER: ACDB -> ACDB_AVSYNC_INFO: ACDB_CMD_GET_DEVICE_PROPERTY
04-22 11:27:24.362 14602 14896 D audio_hw_primary: enable_audio_route: usecase(25) apply and update mixer path: spkr-vi-record vi-feedback
04-22 11:27:24.362 14602 14896 D audio_route: Apply path: spkr-vi-record vi-feedback
04-22 11:27:24.363  1635  4623 I system_server: oneway function results will be dropped but finished with status OK and parcel size 4
04-22 11:27:24.366  2959  3071 D bt_btif_config: btif_get_device_type: Device [62:56:41:55:ad:01] type 2
04-22 11:27:24.398 14602 14896 D ACDB-LOADER: ACDB -> send_audio_cal, acdb_id = 513, path = 0, app id = 0x11130, sample rate = 48000
04-22 11:27:24.398 14602 14896 D ACDB-LOADER: ACDB -> send_asm_topology
04-22 11:27:24.398 14602 14896 D ACDB-LOADER: ACDB -> ACDB_CMD_GET_AUDPROC_STREAM_TOPOLOGY_ID
04-22 11:27:24.398 14602 14896 D ACDB-LOADER: ACDB -> send_adm_topology
04-22 11:27:24.398 14602 14896 D ACDB-LOADER: ACDB -> ACDB_CMD_GET_AUDPROC_COMMON_TOPOLOGY_ID
04-22 11:27:24.398 14602 14896 D ACDB-LOADER: ACDB -> send_audtable
04-22 11:27:24.398 14602 14896 D ACDB-LOADER: ACDB -> ACDB_CMD_GET_AUDPROC_COMMON_TABLE_SIZE
04-22 11:27:24.398 14602 14896 D ACDB-LOADER: ACDB -> ACDB_CMD_GET_AUDPROC_COMMON_TABLE
04-22 11:27:24.398 14602 14896 D ACDB-LOADER: ACDB -> AUDIO_SET_AUDPROC_CAL
04-22 11:27:24.398 14602 14896 D ACDB-LOADER: ACDB -> send_audvoltable
04-22 11:27:24.398 14602 14896 D ACDB-LOADER: ACDB -> ACDB_CMD_GET_AUDPROC_VOL_STEP_TABLE_SIZE
04-22 11:27:24.398 14602 14896 D ACDB-LOADER: ACDB -> ACDB_CMD_GET_AUDPROC_GAIN_DEP_STEP_TABLE, vol index 0
04-22 11:27:24.398 14602 14896 D android.hardware.audio.service: Failed to fetch the lookup information of the device 00000201 
04-22 11:27:24.398 14602 14896 E ACDB-LOADER: Error: ACDB AudProc vol returned = -19
04-22 11:27:24.398 14602 14896 D ACDB-LOADER: ACDB -> AUDIO_SET_VOL_CAL cal type = 12
04-22 11:27:24.398 14602 14896 D ACDB-LOADER: ACDB -> ACDB_CMD_GET_AUDPROC_STREAM_TABLE_SIZE
04-22 11:27:24.398 14602 14896 D ACDB-LOADER: ACDB -> send_audstrmtable
04-22 11:27:24.398 14602 14896 D ACDB-LOADER: ACDB -> ACDB_CMD_GET_AUDPROC_STREAM_TABLE_V2
04-22 11:27:24.398 14602 14896 D ACDB-LOADER: ACDB -> audstrm_cal->cal_type.cal_data.cal_size = 488
04-22 11:27:24.398 14602 14896 D ACDB-LOADER: ACDB -> send_afe_topology
04-22 11:27:24.398 14602 14896 D ACDB-LOADER: ACDB -> ACDB_CMD_GET_AFE_TOPOLOGY_ID
04-22 11:27:24.398 14602 14896 D ACDB-LOADER: ACDB -> GET_AFE_TOPOLOGY_ID for adcd_id 513, Topology Id 10000ccc
04-22 11:27:24.398 14602 14896 D ACDB-LOADER: ACDB -> send_afe_cal
04-22 11:27:24.398 14602 14896 D ACDB-LOADER: ACDB -> ACDB_CMD_GET_AFE_COMMON_TABLE_SIZE
04-22 11:27:24.398 14602 14896 D ACDB-LOADER: ACDB -> ACDB_CMD_GET_AFE_COMMON_TABLE
04-22 11:27:24.398 14602 14896 D ACDB-LOADER: ACDB -> AUDIO_SET_AFE_CAL
04-22 11:27:24.398 14602 14896 D ACDB-LOADER: ACDB -> send_hw_delay : acdb_id = 513 path = 0
04-22 11:27:24.398 14602 14896 D ACDB-LOADER: ACDB -> ACDB_AVSYNC_INFO: ACDB_CMD_GET_DEVICE_PROPERTY
04-22 11:27:24.398 14602 14896 D audio_hw_primary: enable_audio_route: usecase(1) apply and update mixer path: low-latency-playback speaker
04-22 11:27:24.398 14602 14896 D audio_route: Apply path: low-latency-playback speaker
04-22 11:27:24.444 19908 19998 D connectedcrossroad: dataTxThread: Pulled AODV data from queue
04-22 11:27:24.446  2959  3071 D bt_btif_config: btif_get_device_type: Device [1b:93:ce:f6:db:bc] type 2
04-22 11:27:24.453  2959  3071 D bt_btif_config: btif_get_device_type: Device [6b:8c:15:35:74:00] type 2
04-22 11:27:24.453 14602 14896 D audio_hw_primary: out_write: retry previous failed cal level set
04-22 11:27:24.597  2959  3071 D bt_btif_config: btif_get_device_type: Device [5f:bf:ce:cd:34:4b] type 2
04-22 11:27:24.605 14601 14613 W APM::AudioPolicyEngine: getDevicesForStrategy() unknown strategy: -1
04-22 11:27:24.606  1635  4623 I system_server: oneway function results will be dropped but finished with status OK and parcel size 4
04-22 11:27:24.728  2959  3071 D bt_btif_config: btif_get_device_type: Device [77:6c:79:5a:65:f4] type 2
04-22 11:27:24.758  1058  2949 I WifiHAL : event received NL80211_CMD_VENDOR, vendor_id = 0x1374, subcmd = 0xd
04-22 11:27:24.942  1047  1286 I CHRE    : @ 107955.259: [AR] walking: 78.431373
04-22 11:27:24.942  1047  1286 I CHRE    : @ 107955.259: [AR] transition: still exit
04-22 11:27:24.942  1047  1286 I CHRE    : @ 107955.259: [AR] transition: walking enter
04-22 11:27:24.942  1047  1286 I CHRE    : @ 107955.259: [AR] send to host, reason=2, sampleSize=40, transitionSize=2, lastAccelTime = 107952491, lastAudioTime = 0 
04-22 11:27:24.942  1047  1286 I CHRE    : @ 107955.259: [NanoMinion] sent MSG Type 0x72, Version 0, 645 bytes, MessageId 61
04-22 11:27:24.945 19908 19998 D connectedcrossroad: dataTxThread: Pulled AODV data from queue
04-22 11:27:24.956  1032  1032 V ContextHubHal: queryApps
04-22 11:27:24.957  1047  1286 D CHRE    : @ 107955.274: Nanoapp list request from client ID 1
04-22 11:27:24.962  1032  1032 V ContextHubHal: queryApps
04-22 11:27:24.964  1047  1286 D CHRE    : @ 107955.281: Nanoapp list request from client ID 1
04-22 11:27:24.967  1032  1032 V ContextHubHal: queryApps
04-22 11:27:24.968  1047  1286 D CHRE    : @ 107955.285: Nanoapp list request from client ID 1
04-22 11:27:24.998  4451  4451 I chatty  : uid=10324(com.jaga.ibraceletplus.smartwristband3) expire 18 lines
04-22 11:27:25.018  1635  2887 D WifiConnectivityManager: PNO Scan Interval changed to 20000 ms.
04-22 11:27:25.022  3258  3258 D GRIL-S  : [6626]> UPDATE_SCONE_INFO Mobility:2 Battery:1 Thermal:0 Screen:1
04-22 11:27:25.023  3258  4164 D GRIL-S  : [6626]< UPDATE_SCONE_INFO 
04-22 11:27:25.286  3529  3541 I chatty  : uid=10145(com.google.android.gms) HeapTaskDaemon expire 1 line
04-22 11:27:25.330  1016  1020 E statsd  : Predicate 5980654721335871649 dropping data for dimension key (10)0x2010101->10145[I] (10)0x30000->CastSocketMultiplexer_WakeLock[S] 
04-22 11:27:25.338  1016  1020 I chatty  : uid=1066(statsd) Binder:1016_2 identical 12 lines
04-22 11:27:25.340  1016  1020 E statsd  : Predicate 5980654721335871649 dropping data for dimension key (10)0x2010101->10145[I] (10)0x30000->CastSocketMultiplexer_WakeLock[S] 
04-22 11:27:25.340  1016  1020 E statsd  : Predicate 5980654721335871649 dropping data for dimension key (10)0x2010101->10145[I] (10)0x30000->CastDeviceController-com.google.android.gms[S] 
04-22 11:27:25.341  1016  1020 E statsd  : Predicate 5980654721335871649 dropping data for dimension key (10)0x2010101->10145[I] (10)0x30000->CastDeviceController-com.google.android.gms[S] 
04-22 11:27:25.342  3529  3543 I chatty  : uid=10145(com.google.android.gms) FinalizerDaemon expire 12 lines
04-22 11:27:25.361 19908 19908 V data    : Payload RX: 0
04-22 11:27:25.361 19908 19908 V data    : Payload TX: 0
04-22 11:27:25.361 19908 19908 V data    : Total RX: 0
04-22 11:27:25.361 19908 19908 V data    : Total TX: 0
04-22 11:27:25.361 19908 19908 D connectedcrossroad: sendMessage: Sent message
04-22 11:27:25.446 19908 19998 D connectedcrossroad: dataTxThread: Pulled AODV data from queue
04-22 11:27:25.447 19908 19998 D connectedcrossroad: dataTxThread: Pulled AODV data from queue
04-22 11:27:25.948 19908 19998 D connectedcrossroad: dataTxThread: Pulled AODV data from queue
04-22 11:27:25.948 19908 19998 D connectedcrossroad: dataTxThread: Pulled AODV data from queue
04-22 11:27:26.137  1047  1286 D VSC     : @ 107956.454: [Significant Motion] Request motion_detect, interval 18446744027136.0 ms, latency 0.0 ms
04-22 11:27:26.137  1047  1286 D VSC     : @ 107956.454: [Significant Motion] Stop accel
04-22 11:27:26.145  1047  1286 D ASH     : @ 107956.462: SensorType 195 resampler quality 2
04-22 11:27:26.364 19908 19908 V data    : Payload RX: 0
04-22 11:27:26.364 19908 19908 V data    : Payload TX: 0
04-22 11:27:26.364 19908 19908 V data    : Total RX: 0
04-22 11:27:26.364 19908 19908 V data    : Total TX: 0
04-22 11:27:26.364 19908 19908 D connectedcrossroad: sendMessage: Sent message
04-22 11:27:26.449 19908 19998 D connectedcrossroad: dataTxThread: Pulled AODV data from queue
04-22 11:27:26.450 19908 19998 I chatty  : uid=10333(com.google.location.nearby.apps.connectedcrossroad) identical 57 lines
04-22 11:27:26.450 19908 19998 D connectedcrossroad: dataTxThread: Pulled AODV data from queue
04-22 11:27:26.771  1058  2949 I WifiHAL : event received NL80211_CMD_VENDOR, vendor_id = 0x1374, subcmd = 0xd
04-22 11:27:26.801  3529 20023 I chatty  : uid=10145 com.google.android.gms.persistent expire 29 lines
04-22 11:27:26.951 19908 19998 D connectedcrossroad: dataTxThread: Pulled AODV data from queue
04-22 11:27:26.952 19908 19998 D connectedcrossroad: dataTxThread: Pulled AODV data from queue
04-22 11:27:27.367 19908 19908 V data    : Payload RX: 0
04-22 11:27:27.367 19908 19908 V data    : Payload TX: 0
04-22 11:27:27.367 19908 19908 V data    : Total RX: 0
04-22 11:27:27.367 19908 19908 V data    : Total TX: 0
04-22 11:27:27.367 19908 19908 D connectedcrossroad: sendMessage: Sent message
04-22 11:27:27.453 19908 19998 D connectedcrossroad: dataTxThread: Pulled AODV data from queue
04-22 11:27:27.454 19908 19998 D connectedcrossroad: dataTxThread: Pulled AODV data from queue
04-22 11:27:27.612  3529 20011 I chatty  : uid=10145 com.google.android.gms.persistent expire 10 lines
04-22 11:27:27.616  3529 20009 I chatty  : uid=10145 com.google.android.gms.persistent expire 38 lines
04-22 11:27:27.628  1635  4612 I WifiService: enableTdls uid=10145 enable=true
04-22 11:27:27.631 14602 14606 D audio_hw_primary: disable_audio_route: usecase(1) reset and update mixer path: low-latency-playback speaker
04-22 11:27:27.631  1635  3107 I WifiService: enableTdlsWithMacAddress uid=1000 enable=true
04-22 11:27:27.634 14602 14606 I audio_hw_cirrus_playback: audio_extn_spkr_prot_stop_processing: pcm_tx_close
04-22 11:27:27.643 14602 14606 D audio_hw_primary: disable_audio_route: usecase(25) reset and update mixer path: spkr-vi-record vi-feedback
04-22 11:27:27.643 14602 14606 D audio_hw_primary: disable_snd_device: snd_device(104: vi-feedback)
04-22 11:27:27.646  1635  4612 I system_server: oneway function results will be dropped but finished with status OK and parcel size 4
04-22 11:27:27.741  1047  1286 D VSC     : @ 107958.058: [Step Counter] Request motion_detect, interval 18446744027136.0 ms, latency 0.0 ms
04-22 11:27:27.741  1047  1286 D VSC     : @ 107958.058: [Step Counter] Stop accel
04-22 11:27:27.955 19908 19998 D connectedcrossroad: dataTxThread: Pulled AODV data from queue
04-22 11:27:27.955 19908 19998 D connectedcrossroad: dataTxThread: Pulled AODV data from queue
04-22 11:27:28.145  1047  1286 I CHRE    : @ 107958.456: [AR] inconsistent: 41.176471
04-22 11:27:28.145  1047  1286 I CHRE    : @ 107958.456: [AR] transition: walking exit
04-22 11:27:28.145  1047  1286 I CHRE    : @ 107958.456: [AR] transition: still enter
04-22 11:27:28.145  1047  1286 I CHRE    : @ 107958.456: [AR] send to host, reason=2, sampleSize=1, transitionSize=2, lastAccelTime = 107955671, lastAudioTime = 0 
04-22 11:27:28.145  1047  1286 I CHRE    : @ 107958.456: [NanoMinion] sent MSG Type 0x72, Version 0, 54 bytes, MessageId 62
04-22 11:27:28.160  1032  1032 V ContextHubHal: queryApps
04-22 11:27:28.164  1047  1286 D CHRE    : @ 107958.480: Nanoapp list request from client ID 1
04-22 11:27:28.168  1032  1032 V ContextHubHal: queryApps
04-22 11:27:28.172  1047  1286 D CHRE    : @ 107958.488: Nanoapp list request from client ID 1
04-22 11:27:28.176  1032  1032 V ContextHubHal: queryApps
04-22 11:27:28.179  1047  1286 D CHRE    : @ 107958.495: Nanoapp list request from client ID 1
04-22 11:27:28.195  2959  3071 D bt_btif_config: btif_get_device_type: Device [cc:0d:f2:9b:b3:3e] type 1
04-22 11:27:28.211  3529 20010 I chatty  : uid=10145(com.google.android.gms) highpool[361] expire 13 lines
04-22 11:27:28.234  1635  2887 D WifiConnectivityManager: PNO Scan Interval changed to 60000 ms.
04-22 11:27:28.239  3258  3258 D GRIL-S  : [6627]> UPDATE_SCONE_INFO Mobility:3 Battery:1 Thermal:0 Screen:1
04-22 11:27:28.242  3258  4164 D GRIL-S  : [6627]< UPDATE_SCONE_INFO 
04-22 11:27:28.371 19908 19908 V data    : Payload RX: 0
04-22 11:27:28.371 19908 19908 V data    : Payload TX: 0
04-22 11:27:28.371 19908 19908 V data    : Total RX: 0
04-22 11:27:28.371 19908 19908 V data    : Total TX: 0
04-22 11:27:28.371 19908 19908 D connectedcrossroad: sendMessage: Sent message
04-22 11:27:28.457 19908 19998 D connectedcrossroad: dataTxThread: Pulled AODV data from queue
04-22 11:27:28.457 19908 19998 D connectedcrossroad: dataTxThread: Pulled AODV data from queue
04-22 11:27:28.774  1058  2949 I WifiHAL : event received NL80211_CMD_VENDOR, vendor_id = 0x1374, subcmd = 0xd
04-22 11:27:28.959 19908 19998 D connectedcrossroad: dataTxThread: Pulled AODV data from queue
04-22 11:27:28.960 19908 19998 D connectedcrossroad: dataTxThread: Pulled AODV data from queue
04-22 11:27:29.360  3258  3258 D GRIL-S  : [6628]> UPDATE_REGULATORY_DOMAIN
04-22 11:27:29.357  1057  1057 W radioext@1.0-se: type=1400 audit(0.0:10239): avc: denied { search } for name="radio" dev="dm-8" ino=174 scontext=u:r:hal_radioext_default:s0 tcontext=u:object_r:radio_vendor_data_file:s0 tclass=dir permissive=0
04-22 11:27:29.362  3258  4164 D GRIL-S  : [6628]< UPDATE_REGULATORY_DOMAIN 
04-22 11:27:29.374 19908 19908 V data    : Payload RX: 0
04-22 11:27:29.374 19908 19908 V data    : Payload TX: 0
04-22 11:27:29.374 19908 19908 V data    : Total RX: 0
04-22 11:27:29.374 19908 19908 V data    : Total TX: 0
04-22 11:27:29.374 19908 19908 D connectedcrossroad: sendMessage: Sent message
04-22 11:27:29.461 19908 19998 D connectedcrossroad: dataTxThread: Pulled AODV data from queue
04-22 11:27:29.462 19908 19998 D connectedcrossroad: dataTxThread: Pulled AODV data from queue
04-22 11:27:29.963 19908 19998 D connectedcrossroad: dataTxThread: Pulled AODV data from queue
04-22 11:27:29.963 19908 19998 D connectedcrossroad: dataTxThread: Pulled AODV data from queue
04-22 11:27:29.978  1016  1020 E statsd  : Predicate 5980654721335871649 dropping data for dimension key (10)0x2010101->10145[I] (10)0x30000->CastSocketMultiplexer_WakeLock[S] 
04-22 11:27:29.982  1016  1020 E statsd  : Predicate 5980654721335871649 dropping data for dimension key (10)0x2010101->10145[I] (10)0x30000->CastSocketMultiplexer_WakeLock[S] 
04-22 11:27:29.984  1016  1020 E statsd  : Predicate 5980654721335871649 dropping data for dimension key (10)0x2010101->10145[I] (10)0x30000->CastDeviceController-com.google.android.gms[S] 
04-22 11:27:29.987  1016  1020 E statsd  : Predicate 5980654721335871649 dropping data for dimension key (10)0x2010101->10145[I] (10)0x30000->CastDeviceController-com.google.android.gms[S] 
04-22 11:27:30.005  4451  4451 D MySQLOperate: exerciseData 2 =ExerciseData{, startDate='20210227175451', endDate=20210227182020calendar=20210227, sportsType=0, account=null, step=2627, distance=2090.0, calories=115.0, heart=114, count=0, duration=1529, pace=0.0, realSpeed=0.0, verSpeed=0.0, maxSpeed=0.0, minSpeed=0.0, mapType=1, sportsDataFrom=1, sportsDataIsFromBand=1}
04-22 11:27:30.095  2959  3071 D bt_btif_config: btif_get_device_type: Device [cc:0d:f2:9b:b3:3e] type 1
04-22 11:27:30.108  2979  3035 D CachedBluetoothDevice: Device name: Ikk1M3Bbye0AAAAAAAAAATU
04-22 11:27:30.377 19908 19908 V data    : Payload RX: 0
04-22 11:27:30.377 19908 19908 V data    : Payload TX: 0
04-22 11:27:30.377 19908 19908 V data    : Total RX: 0
04-22 11:27:30.377 19908 19908 V data    : Total TX: 0
04-22 11:27:30.377 19908 19908 D connectedcrossroad: sendMessage: Sent message
04-22 11:27:30.465 19908 19998 D connectedcrossroad: dataTxThread: Pulled AODV data from queue
04-22 11:27:30.466 19908 19998 D connectedcrossroad: dataTxThread: Pulled AODV data from queue
04-22 11:27:30.791  1058  2949 I WifiHAL : event received NL80211_CMD_VENDOR, vendor_id = 0x1374, subcmd = 0xd
04-22 11:27:30.849  1635  4613 I WifiService: enableTdls uid=10145 enable=true
04-22 11:27:30.852  1635  3107 I WifiService: enableTdlsWithMacAddress uid=1000 enable=true
04-22 11:27:30.967 19908 19998 D connectedcrossroad: dataTxThread: Pulled AODV data from queue
04-22 11:27:30.968 19908 19998 D connectedcrossroad: dataTxThread: Pulled AODV data from queue
04-22 11:27:31.087  4451  6295 I SyncParameterUtils: BLE--->APK = A252
04-22 11:27:31.095  4451  6295 I BluetoothLeService: read battery=82
04-22 11:27:31.100  4451  6295 I SyncParameterUtils: ------------->onCharacteristicWrite received: 0,mWriteStatus =-1,A2
04-22 11:27:31.207  3529 20058 I chatty  : uid=10145 com.google.android.gms.persistent expire 45 lines
04-22 11:27:31.382 19908 19908 D connectedcrossroad: data collect: burst end
04-22 11:27:31.386 19908 19908 I Choreographer: Skipped 421 frames!  The application may be doing too much work on its main thread.
04-22 11:27:31.394 19908 19908 D connectedcrossroad: onConnectionInitiated: Accepting connection
04-22 11:27:31.395 19908 19908 D connectedcrossroad: onConnectionInitiated: Accepting connection
04-22 11:27:31.397 19908 19957 I OpenGLRenderer: Davey! duration=7031ms; Flags=0, IntendedVsync=42013926975332, Vsync=42020943641718, OldestInputEvent=9223372036854775807, NewestInputEvent=0, HandleInputStart=42020948953260, AnimationStart=42020949053624, PerformTraversalsStart=42020949728833, DrawStart=42020950544145, SyncQueued=42020952870031, SyncStart=42020954357062, IssueDrawCommandsStart=42020954614042, SwapBuffers=42020958198417, FrameCompleted=42020959583782, DequeueBufferDuration=370000, QueueBufferDuration=686406, GpuCompleted=41999184823175, 
04-22 11:27:31.469 19908 19998 D connectedcrossroad: dataTxThread: Pulled AODV data from queue
04-22 11:27:31.469 19908 19998 D connectedcrossroad: dataTxThread: Pulled AODV data from queue
04-22 11:27:31.588  4451  4451 I SyncParameterUtils: result = true,status = 10
04-22 11:27:31.589  4451  4451 I SyncParameterUtils:   commandType=16
04-22 11:27:31.589  4451  4451 I SyncParameterUtils: 
04-22 11:27:31.970 19908 19998 D connectedcrossroad: dataTxThread: Pulled AODV data from queue
04-22 11:27:31.971 19908 19998 D connectedcrossroad: dataTxThread: Pulled AODV data from queue
04-22 11:27:32.184 19908 19908 D connectedcrossroad: onConnectionInitiated: Accepting connection
04-22 11:27:32.198  1635  4612 I WifiService: enableTdls uid=10145 enable=true
04-22 11:27:32.201  1635  3107 I WifiService: enableTdlsWithMacAddress uid=1000 enable=true
04-22 11:27:32.263  3529 20060 I chatty  : uid=10145 com.google.android.gms.persistent expire 1 line
04-22 11:27:32.275  3529 20019 I chatty  : uid=10145 com.google.android.gms.persistent expire 1 line
04-22 11:27:32.472 19908 19998 D connectedcrossroad: dataTxThread: Pulled AODV data from queue
04-22 11:27:32.473 19908 19998 D connectedcrossroad: dataTxThread: Pulled AODV data from queue
04-22 11:27:32.789  1058  2949 I WifiHAL : event received NL80211_CMD_VENDOR, vendor_id = 0x1374, subcmd = 0xd
04-22 11:27:32.974 19908 19998 D connectedcrossroad: dataTxThread: Pulled AODV data from queue
04-22 11:27:32.975 19908 19998 D connectedcrossroad: dataTxThread: Pulled AODV data from queue
04-22 11:27:33.244 14012 14111 I WorkerManager: dispose()
04-22 11:27:33.247 14012 14111 W A       : Queue length for executor EventBus is now 11. Perhaps some tasks are too long, or the pool is too small.
04-22 11:27:33.477 19908 19998 D connectedcrossroad: dataTxThread: Pulled AODV data from queue
04-22 11:27:33.979 19908 19998 D connectedcrossroad: dataTxThread: Pulled AODV data from queue
04-22 11:27:34.253  4451  6295 D BluetoothGatt: onConnectionUpdated() - Device=78:02:B7:8C:37:01 interval=39 latency=0 timeout=500 status=0
04-22 11:27:34.254  3529  5727 I chatty  : uid=10145(com.google.android.gms) Binder:3529_9 expire 5 lines
04-22 11:27:34.365  3258  3258 D GRIL-S  : [6629]> UPDATE_REGULATORY_DOMAIN
04-22 11:27:34.360  1057  1057 W radioext@1.0-se: type=1400 audit(0.0:10240): avc: denied { search } for name="radio" dev="dm-8" ino=174 scontext=u:r:hal_radioext_default:s0 tcontext=u:object_r:radio_vendor_data_file:s0 tclass=dir permissive=0
04-22 11:27:34.368  3258  4164 D GRIL-S  : [6629]< UPDATE_REGULATORY_DOMAIN 
04-22 11:27:34.440  2959  3071 D bt_btif_config: btif_get_device_type: Device [cc:0d:f2:5a:3b:e4] type 1
04-22 11:27:34.450  2979  3035 D CachedBluetoothDevice: Device name: Ik91Qkpbye0AAAAAAAAAATM
04-22 11:27:34.453  3529 20065 I chatty  : uid=10145 com.google.android.gms.persistent expire 45 lines
04-22 11:27:34.480 19908 19998 D connectedcrossroad: dataTxThread: Pulled AODV data from queue
04-22 11:27:34.480 19908 19998 D connectedcrossroad: dataTxThread: Pulled AODV data from queue
04-22 11:27:34.793  1058  2949 I WifiHAL : event received NL80211_CMD_VENDOR, vendor_id = 0x1374, subcmd = 0xd
04-22 11:27:34.956  2959  3071 D bt_btif_config: btif_get_device_type: Device [cc:0d:f2:75:2d:60] type 1
04-22 11:27:34.981 19908 19998 D connectedcrossroad: dataTxThread: Pulled AODV data from queue
04-22 11:27:34.981 19908 19998 D connectedcrossroad: dataTxThread: Pulled AODV data from queue
04-22 11:27:35.007  4451  4451 D GetFunctionList: isSupport4 =true,functionType =4194304,function =6055139
04-22 11:27:35.009  4451  4451 D MySQLOperate:  getExciseDataByDate calendar=20210422,exist=true
04-22 11:27:35.013  4451  4451 D MySQLOperate: exerciseData 0 =ExerciseData{, startDate='20210215135705', endDate=20210215143738calendar=20210215, sportsType=0, account=null, step=2488, distance=2250.0, calories=151.0, heart=111, count=0, duration=2433, pace=0.0, realSpeed=0.0, verSpeed=0.0, maxSpeed=0.0, minSpeed=0.0, mapType=1, sportsDataFrom=1, sportsDataIsFromBand=1}
04-22 11:27:35.013  4451  4451 D MySQLOperate: exerciseData 1 =ExerciseData{, startDate='20210225144948', endDate=20210225150021calendar=20210225, sportsType=0, account=null, step=1655, distance=1620.0, calories=119.0, heart=152, count=0, duration=633, pace=7.75, realSpeed=0.0, verSpeed=0.0, maxSpeed=0.0, minSpeed=0.0, mapType=1, sportsDataFrom=1, sportsDataIsFromBand=1}
04-22 11:27:35.014  4451  4451 D MySQLOperate: exerciseData 2 =ExerciseData{, startDate='20210227175451', endDate=20210227182020calendar=20210227, sportsType=0, account=null, step=2627, distance=2090.0, calories=115.0, heart=114, count=0, duration=1529, pace=0.0, realSpeed=0.0, verSpeed=0.0, maxSpeed=0.0, minSpeed=0.0, mapType=1, sportsDataFrom=1, sportsDataIsFromBand=1}
04-22 11:27:35.348  1016  1020 E statsd  : Predicate 5980654721335871649 dropping data for dimension key (10)0x2010101->10145[I] (10)0x30000->CastSocketMultiplexer_WakeLock[S] 
04-22 11:27:35.362  1016  1020 E statsd  : Predicate 5980654721335871649 dropping data for dimension key (10)0x2010101->10145[I] (10)0x30000->CastSocketMultiplexer_WakeLock[S] 
04-22 11:27:35.364  1016  1020 E statsd  : Predicate 5980654721335871649 dropping data for dimension key (10)0x2010101->10145[I] (10)0x30000->CastDeviceController-com.google.android.gms[S] 
