04-21 19:15:32.191  1635  4614 W ActivityManager: Foreground service started from background can not have location/camera/microphone access: service steptracker.healthandfitness.walkingtracker.pedometer/com.drojian.stepcounter.service.CounterService
04-21 19:15:32.315  1635  4612 W ActivityManager: Foreground service started from background can not have location/camera/microphone access: service steptracker.healthandfitness.walkingtracker.pedometer/com.drojian.stepcounter.service.CounterService
04-21 19:16:00.182  1635  4612 W ActivityManager: Foreground service started from background can not have location/camera/microphone access: service steptracker.healthandfitness.walkingtracker.pedometer/com.drojian.stepcounter.service.CounterService
04-21 19:16:00.251  1635  4612 W AppOps  : Noting op not finished: uid 10145 pkg com.google.android.gms code 79 startTime of in progress event=1619043331133
04-21 19:16:00.256  1635  4612 W AppOps  : Noting op not finished: uid 10145 pkg com.google.android.gms code 79 startTime of in progress event=1619043331133
04-21 19:16:00.292  1635  4612 W ActivityManager: Foreground service started from background can not have location/camera/microphone access: service steptracker.healthandfitness.walkingtracker.pedometer/com.drojian.stepcounter.service.CounterService
04-21 19:16:00.328  1635  1790 V BatteryExternalStatsWorker: WiFi energy data was reset, new WiFi energy data is WifiActivityEnergyInfo{ mTimeSinceBootMillis=49667892 mStackState=3 mControllerTxDurationMillis=0 mControllerRxDurationMillis=0 mControllerScanDurationMillis=0 mControllerIdleDurationMillis=0 mControllerEnergyUsedMicroJoules=0 }
04-21 19:16:00.398  1635  2881 W ActivityManager: Foreground service started from background can not have location/camera/microphone access: service steptracker.healthandfitness.walkingtracker.pedometer/com.drojian.stepcounter.service.CounterService
04-21 19:17:43.835  1635  3047 W ActivityManager: Foreground service started from background can not have location/camera/microphone access: service steptracker.healthandfitness.walkingtracker.pedometer/com.drojian.stepcounter.service.CounterService
04-21 19:17:43.886  1635  1790 V BatteryExternalStatsWorker: WiFi energy data was reset, new WiFi energy data is WifiActivityEnergyInfo{ mTimeSinceBootMillis=49771449 mStackState=3 mControllerTxDurationMillis=0 mControllerRxDurationMillis=0 mControllerScanDurationMillis=0 mControllerIdleDurationMillis=0 mControllerEnergyUsedMicroJoules=0 }
04-21 19:17:43.950  1635  2881 W ActivityManager: Foreground service started from background can not have location/camera/microphone access: service steptracker.healthandfitness.walkingtracker.pedometer/com.drojian.stepcounter.service.CounterService
04-21 19:18:30.192  1635  3047 W ActivityManager: Foreground service started from background can not have location/camera/microphone access: service steptracker.healthandfitness.walkingtracker.pedometer/com.drojian.stepcounter.service.CounterService
04-21 19:18:30.195  1635  1790 V BatteryExternalStatsWorker: WiFi energy data was reset, new WiFi energy data is WifiActivityEnergyInfo{ mTimeSinceBootMillis=49817759 mStackState=3 mControllerTxDurationMillis=0 mControllerRxDurationMillis=0 mControllerScanDurationMillis=0 mControllerIdleDurationMillis=0 mControllerEnergyUsedMicroJoules=0 }
04-21 19:18:30.308  1635  3047 W ActivityManager: Foreground service started from background can not have location/camera/microphone access: service steptracker.healthandfitness.walkingtracker.pedometer/com.drojian.stepcounter.service.CounterService
04-21 19:18:30.990  1635  3047 W ActivityManager: Foreground service started from background can not have location/camera/microphone access: service steptracker.healthandfitness.walkingtracker.pedometer/com.drojian.stepcounter.service.CounterService
04-21 19:18:31.101  1635  9377 W ActivityManager: Foreground service started from background can not have location/camera/microphone access: service steptracker.healthandfitness.walkingtracker.pedometer/com.drojian.stepcounter.service.CounterService
04-21 19:18:31.712  1635  9377 W ActivityManager: Foreground service started from background can not have location/camera/microphone access: service steptracker.healthandfitness.walkingtracker.pedometer/com.drojian.stepcounter.service.CounterService
04-21 19:18:31.821  1635  4614 W ActivityManager: Foreground service started from background can not have location/camera/microphone access: service steptracker.healthandfitness.walkingtracker.pedometer/com.drojian.stepcounter.service.CounterService
04-21 19:18:32.449  1635  3047 W ActivityManager: Foreground service started from background can not have location/camera/microphone access: service steptracker.healthandfitness.walkingtracker.pedometer/com.drojian.stepcounter.service.CounterService
04-21 19:18:32.561  1635  2881 W ActivityManager: Foreground service started from background can not have location/camera/microphone access: service steptracker.healthandfitness.walkingtracker.pedometer/com.drojian.stepcounter.service.CounterService
04-21 19:18:32.710  1635  9377 W ActivityManager: Foreground service started from background can not have location/camera/microphone access: service steptracker.healthandfitness.walkingtracker.pedometer/com.drojian.stepcounter.service.CounterService
04-21 19:18:32.741  1635  4614 I PowerManagerService: Waking up from Dozing (uid=10158, reason=WAKE_REASON_GESTURE, details=com.android.systemui:NODOZE)...
04-21 19:18:32.755  1635  1862 I DisplayPowerController: Blocking screen on until initial contents have been drawn.
04-21 19:18:32.796  1635  1862 V DisplayPowerController: Brightness [0.17792778] reason changing to: 'manual', previous reason: 'screen_off'.
04-21 19:18:32.798  1635  1756 I DisplayManagerService: Display device changed state: "Built-in Screen", ON
04-21 19:18:32.816  1635  4614 W ActivityManager: Foreground service started from background can not have location/camera/microphone access: service steptracker.healthandfitness.walkingtracker.pedometer/com.drojian.stepcounter.service.CounterService
04-21 19:18:32.866  1635  3043 W ActivityManager: Background start not allowed: service Intent { act=Orca.PERSISTENT_KICK_SKIP_PING cmp=com.facebook.katana/com.facebook.mqttlite.MqttService (has extras) } to com.facebook.katana/com.facebook.mqttlite.MqttService from pid=9147 uid=10248 pkg=com.facebook.katana startFg?=false
04-21 19:18:32.881  1635  1862 I DisplayPowerController: Unblocked screen on after 127 ms
04-21 19:18:32.902  1635  4614 D ConnectivityService: Returning BLOCKED NetworkInfo to uid=10191
04-21 19:18:32.921  1635  1862 V DisplayPowerController: Brightness [0.1798459] reason changing to: 'automatic', previous reason: 'manual'.
04-21 19:18:32.923  1635  3043 W ActivityManager: Foreground service started from background can not have location/camera/microphone access: service steptracker.healthandfitness.walkingtracker.pedometer/com.drojian.stepcounter.service.CounterService
04-21 19:18:32.924  1635  4612 W BroadcastQueue: Background execution not allowed: receiving Intent { act=android.net.wifi.RSSI_CHANGED flg=0x4000010 (has extras) } to com.jaga.ibraceletplus.smartwristband3/com.yc.pedometer.remind.GloryFitBootReceiver
04-21 19:18:32.954  1635  1862 W PowerManagerService: Screen on took 214 ms
04-21 19:18:32.954  1635  1862 I DreamManagerService: Gently waking up from dream.
04-21 19:18:32.954  1635  1752 I DreamManagerService: Performing gentle wake from dream.
04-21 19:18:32.988  1635  9377 I SoundTriggerService: deleteSoundModel(): id = 9f6ad62a-1f0b-11e7-87c5-40a8f03d3f15
04-21 19:18:32.988  1635  9377 W SoundTriggerHelper: Unload error: Attempting unload invalid generic model with id:9f6ad62a-1f0b-11e7-87c5-40a8f03d3f15
04-21 19:18:32.988  1635  9377 E SoundTriggerService: error onStop(): Model 9f6ad62a-1f0b-11e7-87c5-40a8f03d3f15 has no stats available
04-21 19:18:32.996  1635  3047 I DreamManagerService: Leaving dreamland.
04-21 19:18:32.997  1635  1752 I DreamManagerService: Performing gentle wake from dream.
04-21 19:18:32.997  1635  1752 I DreamController: Stopping dream: name=ComponentInfo{com.android.systemui/com.android.systemui.doze.DozeService}, isTest=false, canDoze=true, userId=0, reason='finished self'(from 'requested stopDream')
04-21 19:18:32.998  1635  2891 D Nat464Xlat: clatd running, updating NAI for v4-rmnet_data2
04-21 19:18:33.051  1635  3043 W ActivityManager: Foreground service started from background can not have location/camera/microphone access: service steptracker.healthandfitness.walkingtracker.pedometer/com.drojian.stepcounter.service.CounterService
04-21 19:18:33.162  1635  3040 W ActivityManager: Foreground service started from background can not have location/camera/microphone access: service steptracker.healthandfitness.walkingtracker.pedometer/com.drojian.stepcounter.service.CounterService
04-21 19:18:33.169  1635  2891 D ConnectivityService: NetReassign [no changes]
04-21 19:18:33.267  1635  9377 W ActivityManager: Foreground service started from background can not have location/camera/microphone access: service steptracker.healthandfitness.walkingtracker.pedometer/com.drojian.stepcounter.service.CounterService
04-21 19:18:33.374  1635  3048 W ActivityManager: Foreground service started from background can not have location/camera/microphone access: service steptracker.healthandfitness.walkingtracker.pedometer/com.drojian.stepcounter.service.CounterService
04-21 19:18:33.597  1635  9377 W ActivityManager: Foreground service started from background can not have location/camera/microphone access: service steptracker.healthandfitness.walkingtracker.pedometer/com.drojian.stepcounter.service.CounterService
04-21 19:18:34.529  1635  1635 V FingerprintService: Acquired: 7 0
04-21 19:18:34.768  1635  1635 V FingerprintService: Acquired: 0 0
04-21 19:18:34.773  1635  1635 V BiometricStats: Authentication latency: 245
04-21 19:18:34.773  1635  1635 V FingerprintService: onAuthenticated(true), ID:-894583778, Owner: com.android.systemui, isBP: false, listener: com.android.server.biometrics.fingerprint.FingerprintService$ServiceListenerImpl@8fc38a8, requireConfirmation: false, user: 0
04-21 19:18:34.781  1635  1635 V FingerprintService: Done with client: com.android.systemui
04-21 19:18:35.072  1635  9190 D ActivityTaskManager: Top Process State changed to PROCESS_STATE_TOP
04-21 19:18:35.170  1635  2891 D ConnectivityService: NetReassign [no changes]
04-21 19:18:35.201  1635  1775 W BroadcastQueue: Background execution not allowed: receiving Intent { act=android.intent.action.USER_PRESENT flg=0x24200010 } to steptracker.healthandfitness.walkingtracker.pedometer/com.drojian.servicekeeper.service.WatcherPeriodReceiver
04-21 19:18:35.279  1635  1775 W BroadcastQueue: Background execution not allowed: receiving Intent { act=android.intent.action.USER_PRESENT flg=0x24200010 } to steptracker.healthandfitness.walkingtracker.pedometer/com.drojian.servicekeeper.receiver.BootReceiver
04-21 19:18:35.280  1635  1775 W BroadcastQueue: Background execution not allowed: receiving Intent { act=android.intent.action.USER_PRESENT flg=0x24200010 } to com.android.chrome/org.chromium.chrome.browser.sharing.click_to_call.ClickToCallMessageHandler$PhoneUnlockedReceiver
04-21 19:18:35.291  1635  1790 V BatteryExternalStatsWorker: WiFi energy data was reset, new WiFi energy data is WifiActivityEnergyInfo{ mTimeSinceBootMillis=49822823 mStackState=3 mControllerTxDurationMillis=0 mControllerRxDurationMillis=0 mControllerScanDurationMillis=0 mControllerIdleDurationMillis=0 mControllerEnergyUsedMicroJoules=0 }
04-21 19:18:35.293  1635  3047 W ActivityManager: Background start not allowed: service Intent { act=Orca.START cmp=com.instagram.android/com.facebook.rti.push.service.FbnsService (has extras) } to com.instagram.android/com.facebook.rti.push.service.FbnsService from pid=13429 uid=10317 pkg=com.instagram.android startFg?=false
04-21 19:18:35.303  1635  1775 W BroadcastQueue: Background execution not allowed: receiving Intent { act=android.intent.action.USER_PRESENT flg=0x24200010 } to com.google.android.gms/.auth.setup.devicesignals.LockScreenReceiver
04-21 19:18:35.303  1635  1775 W BroadcastQueue: Background execution not allowed: receiving Intent { act=android.intent.action.USER_PRESENT flg=0x24200010 } to com.google.android.gms/.chimera.GmsIntentOperationService$PersistentTrustedReceiver
04-21 19:18:35.306  1635  1775 W BroadcastQueue: Background execution not allowed: receiving Intent { act=android.intent.action.USER_PRESENT flg=0x24200010 } to com.instagram.android/com.instagram.push.FbnsInitBroadcastReceiver
04-21 19:18:35.306  1635  1775 W BroadcastQueue: Permission Denial: broadcasting Intent { act=android.intent.action.USER_PRESENT flg=0x24200010 } from com.android.systemui (pid=2979, uid=10158) is not exported from uid 10324 due to receiver com.jaga.ibraceletplus.smartwristband3/com.yc.pedometer.remind.GloryFitBootReceiver
04-21 19:18:35.306  1635  1775 W BroadcastQueue: Background execution not allowed: receiving Intent { act=android.intent.action.USER_PRESENT flg=0x24200010 } to com.weather.Weather/com.weather.dal2.system.UniversalBroadcastReceiver
04-21 19:18:35.309  1635  1775 W BroadcastQueue: Background execution not allowed: receiving Intent { act=android.intent.action.USER_PRESENT flg=0x24200010 } to io.voodoo.dune/io.presage.core.receiver.UserPresentReceiver
04-21 19:18:35.311  1635  1775 W BroadcastQueue: Background execution not allowed: receiving Intent { act=android.intent.action.USER_PRESENT flg=0x24200010 } to steptracker.healthandfitness.walkingtracker.pedometer/com.drojian.stepcounter.receiver.PedometerReceiver
04-21 19:18:35.312  1635  1775 W BroadcastQueue: Background execution not allowed: receiving Intent { act=android.intent.action.USER_PRESENT flg=0x24200010 } to steptracker.healthandfitness.walkingtracker.pedometer/com.drojian.servicekeeper.service.WatcherService$MathReceiver
04-21 19:18:35.338  1635  1635 W Looper  : Slow dispatch took 201ms main h=com.android.server.job.controllers.ConnectivityController$CcHandler c=null m=1
04-21 19:18:35.338  1635  1635 W Looper  : Slow delivery took 201ms main h=android.os.Handler c=com.android.server.statusbar.-$$Lambda$StatusBarManagerService$uF0ibEnnXe7Lxunxb98QQLJjgZM@c00c179 m=0
04-21 19:18:35.477  1635  5549 I DropBoxManagerService: add tag=event_log isTagEnabled=true flags=0x2
04-21 19:18:35.491  1635  3043 I DropBoxManagerService: add tag=event_data isTagEnabled=true flags=0x2
04-21 19:18:35.491  1635  1775 W BroadcastQueue: Background execution not allowed: receiving Intent { act=android.intent.action.DROPBOX_ENTRY_ADDED flg=0x10 (has extras) } to com.google.android.gms/.stats.service.DropBoxEntryAddedReceiver
04-21 19:18:35.491  1635  1775 W BroadcastQueue: Background execution not allowed: receiving Intent { act=android.intent.action.DROPBOX_ENTRY_ADDED flg=0x10 (has extras) } to com.google.android.gms/.chimera.GmsIntentOperationService$PersistentTrustedReceiver
04-21 19:18:35.495  1635  2891 D ConnectivityService: NetReassign [no changes]
04-21 19:18:35.496  1635  1775 W BroadcastQueue: Background execution not allowed: receiving Intent { act=android.intent.action.DROPBOX_ENTRY_ADDED flg=0x10 (has extras) } to com.google.android.gms/.stats.service.DropBoxEntryAddedReceiver
04-21 19:18:35.497  1635  1775 W BroadcastQueue: Background execution not allowed: receiving Intent { act=android.intent.action.DROPBOX_ENTRY_ADDED flg=0x10 (has extras) } to com.google.android.gms/.chimera.GmsIntentOperationService$PersistentTrustedReceiver
04-21 19:18:35.533  1635  3045 I DropBoxManagerService: add tag=dumpsys:account isTagEnabled=true flags=0x2
04-21 19:18:35.554  1635  1775 W BroadcastQueue: Background execution not allowed: receiving Intent { act=android.intent.action.DROPBOX_ENTRY_ADDED flg=0x10 (has extras) } to com.google.android.gms/.stats.service.DropBoxEntryAddedReceiver
04-21 19:18:35.554  1635  1775 W BroadcastQueue: Background execution not allowed: receiving Intent { act=android.intent.action.DROPBOX_ENTRY_ADDED flg=0x10 (has extras) } to com.google.android.gms/.chimera.GmsIntentOperationService$PersistentTrustedReceiver
04-21 19:18:35.617  1635  1635 W Looper  : Slow dispatch took 280ms main h=android.app.ActivityThread$H c=android.app.-$$Lambda$LoadedApk$ReceiverDispatcher$Args$_BumDX2UKsnxLVrE6UJsJZkotuA@1a83153 m=0
04-21 19:18:35.632  1635  1790 V BatteryExternalStatsWorker: WiFi energy data was reset, new WiFi energy data is WifiActivityEnergyInfo{ mTimeSinceBootMillis=49823178 mStackState=3 mControllerTxDurationMillis=0 mControllerRxDurationMillis=0 mControllerScanDurationMillis=0 mControllerIdleDurationMillis=0 mControllerEnergyUsedMicroJoules=0 }
04-21 19:18:35.686  1635  2891 D ConnectivityService: NetReassign [no changes]
04-21 19:18:35.696  1635  1635 W Looper  : Drained
04-21 19:18:35.720  1635  3047 I DropBoxManagerService: add tag=platform_stats_bookmark isTagEnabled=true flags=0x2
04-21 19:18:35.724  1635  1775 W BroadcastQueue: Background execution not allowed: receiving Intent { act=android.intent.action.DROPBOX_ENTRY_ADDED flg=0x10 (has extras) } to com.google.android.gms/.stats.service.DropBoxEntryAddedReceiver
04-21 19:18:35.725  1635  1775 W BroadcastQueue: Background execution not allowed: receiving Intent { act=android.intent.action.DROPBOX_ENTRY_ADDED flg=0x10 (has extras) } to com.google.android.gms/.chimera.GmsIntentOperationService$PersistentTrustedReceiver
04-21 19:18:35.904  1635  2891 D ConnectivityService: NetReassign [no changes]
04-21 19:18:37.024  1635  1754 I ActivityTaskManager: START u0 {act=android.intent.action.MAIN cat=[android.intent.category.HOME] flg=0x10000100 cmp=com.google.android.apps.nexuslauncher/.NexusLauncherActivity (has extras)} from uid 0
04-21 19:18:37.045  1635  3043 W AutofillManagerServiceImpl: getFillEventHistory() called by UID 10114, but service UID is 10145
04-21 19:18:37.209  1635  3038 W ActivityManager: Foreground service started from background can not have location/camera/microphone access: service steptracker.healthandfitness.walkingtracker.pedometer/com.drojian.stepcounter.service.CounterService
04-21 19:18:37.245  1635  8900 W ActivityManager: Foreground service started from background can not have location/camera/microphone access: service steptracker.healthandfitness.walkingtracker.pedometer/com.drojian.stepcounter.service.CounterService
04-21 19:18:37.801  1635  8900 W SliceManagerService: Slice content://0@android.settings.slices/action/contextual_wifi not pinned
04-21 19:18:38.639  1635  1635 D CompatibilityChangeReporter: Compat change id reported: 135634846; UID 10122; state: DISABLED
04-21 19:18:38.640  1635  1776 D CompatibilityChangeReporter: Compat change id reported: 143937733; UID 10122; state: ENABLED
04-21 19:18:38.652  1635  1635 D CompatibilityChangeReporter: Compat change id reported: 135634846; UID 10243; state: DISABLED
04-21 19:18:38.671  1635  1776 I ActivityManager: Start proc 23655:com.google.android.apps.wellbeing/u0a122 for service {com.google.android.apps.wellbeing/androidx.work.impl.background.systemjob.SystemJobService}
04-21 19:18:38.671  1635  1776 D CompatibilityChangeReporter: Compat change id reported: 143937733; UID 10243; state: DISABLED
04-21 19:18:38.690  1635  1776 I ActivityManager: Start proc 23675:com.facebook.orca/u0a243 for service {com.facebook.orca/com.facebook.analytics2.logger.LollipopUploadService}
04-21 19:18:38.911  1635  2891 D ConnectivityService: NetReassign [no changes]
04-21 19:18:39.838  1635  2891 D ConnectivityService: releasing NetworkRequest [ TRACK_DEFAULT id=557, [ Capabilities: INTERNET&NOT_RESTRICTED&TRUSTED Uid: 10232 AdministratorUids: [] RequestorUid: 10232 RequestorPackageName: com.reddit.frontpage] ] (release request)
04-21 19:18:40.427  1635  4630 W ActivityManager: Background start not allowed: service Intent { act=Orca.START cmp=com.facebook.orca/com.facebook.mqttlite.MqttService (has extras) } to com.facebook.orca/com.facebook.mqttlite.MqttService from pid=23675 uid=10243 pkg=com.facebook.orca startFg?=false
04-21 19:18:41.935  1635  2891 D ConnectivityService: NetReassign [no changes]
04-21 19:18:44.012  1635  8900 W ActivityManager: Background start not allowed: service Intent { act=Orca.PERSISTENT_KICK_SKIP_PING cmp=com.facebook.orca/com.facebook.mqttlite.MqttService (has extras) } to com.facebook.orca/com.facebook.mqttlite.MqttService from pid=23675 uid=10243 pkg=com.facebook.orca startFg?=false
04-21 19:18:44.547  1635  1775 W BroadcastQueue: Permission Denial: broadcasting Intent { act=android.net.conn.CONNECTIVITY_CHANGE flg=0x4200010 (has extras) } from null (pid=-1, uid=-1) requires com.facebook.permission.prod.FB_APP_COMMUNICATION due to registered receiver BroadcastFilter{90880a2 10243/u0 ReceiverList{bf91c6d 23675 com.facebook.orca/10243/u0 remote:39cec84}}
04-21 19:18:44.547  1635  1775 W BroadcastQueue: Permission Denial: broadcasting Intent { act=android.net.conn.INET_CONDITION_ACTION flg=0x4000010 (has extras) } from null (pid=-1, uid=-1) requires com.facebook.permission.prod.FB_APP_COMMUNICATION due to registered receiver BroadcastFilter{90880a2 10243/u0 ReceiverList{bf91c6d 23675 com.facebook.orca/10243/u0 remote:39cec84}}
04-21 19:18:44.561  1635  8900 D ConnectivityService: requestNetwork for uid/pid:10243/23675 NetworkRequest [ TRACK_DEFAULT id=562, [ Capabilities: INTERNET&NOT_RESTRICTED&TRUSTED Uid: 10243 AdministratorUids: [] RequestorUid: 10243 RequestorPackageName: com.facebook.orca] ]
04-21 19:18:44.562  1635  2891 D ConnectivityService: NetReassign [562 : null  126]
04-21 19:18:44.622  1635  1775 W BroadcastQueue: Permission Denial: broadcasting Intent { act=android.net.conn.CONNECTIVITY_CHANGE flg=0x4200010 (has extras) } from null (pid=-1, uid=-1) requires com.facebook.permission.prod.FB_APP_COMMUNICATION due to registered receiver BroadcastFilter{79204ee 10243/u0 ReceiverList{7981269 23675 com.facebook.orca/10243/u0 remote:3e4cf0}}
04-21 19:18:44.953  1635  2891 D ConnectivityService: NetReassign [no changes]
04-21 19:18:57.064  1635  2891 I chatty  : uid=1000(system) ConnectivitySer identical 4 lines
04-21 19:19:00.084  1635  2891 D ConnectivityService: NetReassign [no changes]
04-21 19:19:00.334  1635  9801 W AppOps  : Noting op not finished: uid 10145 pkg com.google.android.gms code 79 startTime of in progress event=1619043331133
04-21 19:19:00.339  1635  4630 W AppOps  : Noting op not finished: uid 10145 pkg com.google.android.gms code 79 startTime of in progress event=1619043331133
04-21 19:19:02.660  1635  1635 I SoundTriggerHelper: Recognition success
04-21 19:19:02.665  4561  4594 I AlwaysOnHotwordDetector: onDetected
04-21 19:19:03.107  1635  2891 D ConnectivityService: NetReassign [no changes]
04-21 19:19:04.144  1635  3043 I SoundTriggerHelper: startRecognition successful.
04-21 19:19:06.159  1635  2891 D ConnectivityService: NetReassign [no changes]
04-21 19:19:12.242  1635  2891 I chatty  : uid=1000(system) ConnectivitySer identical 2 lines
04-21 19:19:15.287  1635  2891 D ConnectivityService: NetReassign [no changes]
04-21 19:19:15.376  1635  3043 I ActivityManager: Killing 28479:com.weather.Weather/u0a209 (adj 995): empty for 1802s
04-21 19:19:18.325  1635  2891 D ConnectivityService: NetReassign [no changes]
04-21 19:19:30.442  1635  2891 I chatty  : uid=1000(system) ConnectivitySer identical 4 lines
04-21 19:19:33.478  1635  2891 D ConnectivityService: NetReassign [no changes]
04-21 19:19:36.103  1635  8900 I ActivityTaskManager: START u0 {act=android.intent.action.MAIN cat=[android.intent.category.LAUNCHER] flg=0x10200000 cmp=com.android.settings/.Settings bnds=[843,1609][1045,1804]} from uid 10153
04-21 19:19:36.141  1635  9377 W AutofillManagerServiceImpl: getFillEventHistory() called by UID 10114, but service UID is 10145
04-21 19:19:36.177  1635  2891 D ConnectivityService: NetReassign [no changes]
04-21 19:19:36.319  1635  1790 V BatteryExternalStatsWorker: WiFi energy data was reset, new WiFi energy data is WifiActivityEnergyInfo{ mTimeSinceBootMillis=49883857 mStackState=3 mControllerTxDurationMillis=0 mControllerRxDurationMillis=0 mControllerScanDurationMillis=0 mControllerIdleDurationMillis=0 mControllerEnergyUsedMicroJoules=0 }
04-21 19:19:36.403  1635  2891 D ConnectivityService: NetReassign [no changes]
04-21 19:19:36.485  1635  2891 D ConnectivityService: NetReassign [no changes]
04-21 19:19:36.518  1635 11678 W SliceManagerService: Slice content://0@android.settings.slices/action/contextual_wifi not pinned
04-21 19:19:36.571  1635  2891 D ConnectivityService: NetReassign [no changes]
04-21 19:19:36.900  1635  2891 D ConnectivityService: NetReassign [no changes]
04-21 19:19:38.012  1635  9377 I ActivityTaskManager: START u0 {act=android.intent.action.MAIN cmp=com.android.settings/.SubSettings (has extras)} from uid 1000
04-21 19:19:38.026  1635  9377 W ActivityTaskManager: Tried to set launchTime (0) < mLastActivityLaunchTime (22139096)
04-21 19:19:38.028  1635  1712 W AutofillManagerServiceImpl: getFillEventHistory() called by UID 10114, but service UID is 10145
04-21 19:19:38.097  1635  4614 E UserRestrictionsUtils: Unknown restriction queried by uid 1000 (com.google.SSRestartDetector et al): null
04-21 19:19:38.147  1635  9377 D ConnectivityService: requestNetwork for uid/pid:1000/23143 NetworkRequest [ TRACK_DEFAULT id=567, [ Capabilities: INTERNET&NOT_RESTRICTED&TRUSTED Uid: 1000 AdministratorUids: [] RequestorUid: 1000 RequestorPackageName: com.android.settings] ]
04-21 19:19:38.148  1635  2891 D ConnectivityService: NetReassign [567 : null  126]
04-21 19:19:38.169  1635  2891 D ConnectivityService: NetReassign [no changes]
04-21 19:19:38.196  1635  2891 D ConnectivityService: NetReassign [no changes]
04-21 19:19:38.197  1635  9377 D ConnectivityService: requestNetwork for uid/pid:1000/23143 NetworkRequest [ TRACK_DEFAULT id=570, [ Capabilities: INTERNET&NOT_RESTRICTED&TRUSTED Uid: 1000 AdministratorUids: [] RequestorUid: 1000 RequestorPackageName: com.android.settings] ]
04-21 19:19:38.198  1635  2891 D ConnectivityService: NetReassign [570 : null  126]
04-21 19:19:38.201  1635  2891 D ConnectivityService: NetReassign [no changes]
04-21 19:19:38.254  1635  2891 I chatty  : uid=1000(system) ConnectivitySer identical 1 line
04-21 19:19:39.503  1635  2891 D ConnectivityService: NetReassign [no changes]
04-21 19:19:40.938  1635 11678 I ActivityTaskManager: START u0 {act=android.intent.action.MAIN cmp=com.android.settings/.SubSettings (has extras)} from uid 1000
04-21 19:19:40.955  1635  2891 D ConnectivityService: releasing NetworkRequest [ TRACK_DEFAULT id=570, [ Capabilities: INTERNET&NOT_RESTRICTED&TRUSTED Uid: 1000 AdministratorUids: [] RequestorUid: 1000 RequestorPackageName: com.android.settings] ] (release request)
04-21 19:19:40.958  1635 11678 W ActivityTaskManager: Tried to set launchTime (0) < mLastActivityLaunchTime (22525061)
04-21 19:19:40.959  1635  1712 W AutofillManagerServiceImpl: getFillEventHistory() called by UID 10114, but service UID is 10145
04-21 19:19:40.992  1635 11678 I ActivityTaskManager: START u0 {act=android.settings.WIFI_SETTINGS2 cmp=com.android.settings/.Settings$WifiSettings2Activity (has extras)} from uid 1000
04-21 19:19:41.002  1635 11678 W ActivityTaskManager: Tried to set launchTime (0) < mLastActivityLaunchTime (22527993)
04-21 19:19:41.004  1635  1712 W AutofillManagerServiceImpl: getFillEventHistory() called by UID 10114, but service UID is 10145
04-21 19:19:41.099  1635  2884 W NetworkPolicy: shared quota unsupported; generating rule for each iface
04-21 19:19:41.176  1635 11678 D ConnectivityService: requestNetwork for uid/pid:1000/23143 NetworkRequest [ TRACK_DEFAULT id=574, [ Capabilities: INTERNET&NOT_RESTRICTED&TRUSTED Uid: 1000 AdministratorUids: [] RequestorUid: 1000 RequestorPackageName: com.android.settings] ]
04-21 19:19:41.177  1635  2891 D ConnectivityService: NetReassign [no changes]
04-21 19:19:41.178  1635  2891 D ConnectivityService: NetReassign [574 : null  126]
04-21 19:19:41.192  1635  2884 W NetworkPolicy: shared quota unsupported; generating rule for each iface
04-21 19:19:41.267 23143 23897 W ContextImpl: Calling a method in the system process without a qualified user: android.app.ContextImpl.bindService:1748 android.content.ContextWrapper.bindService:756 com.android.wifitrackerlib.WsuServiceClient.lambda$bindWsuService$3:401 com.android.wifitrackerlib.WsuServiceClient.lambda$bindWsuService$3$WsuServiceClient:0 com.android.wifitrackerlib.-$$Lambda$WsuServiceClient$fnGZLqrUaGsrtQj3756IpFB2Ux4.run:2 
04-21 19:19:41.271  1635  4614 D CompatibilityChangeReporter: Compat change id reported: 135634846; UID 10126; state: DISABLED
04-21 19:19:41.271  1635  1776 D CompatibilityChangeReporter: Compat change id reported: 143937733; UID 10126; state: ENABLED
04-21 19:19:41.289  1635  1776 I ActivityManager: Start proc 23900:com.google.android.apps.carrier.carrierwifi/u0a126 for service {com.google.android.apps.carrier.carrierwifi/com.google.android.wsu.service.WsuServiceImpl}
04-21 19:19:41.683  1635  2891 D ConnectivityService: releasing NetworkRequest [ TRACK_DEFAULT id=567, [ Capabilities: INTERNET&NOT_RESTRICTED&TRUSTED Uid: 1000 AdministratorUids: [] RequestorUid: 1000 RequestorPackageName: com.android.settings] ] (release request)
04-21 19:19:42.512  1635  2891 D ConnectivityService: NetReassign [no changes]
04-21 19:19:45.190  1635  3045 I ActivityTaskManager: START u0 {act=android.intent.action.MAIN cmp=com.android.settings/.SubSettings (has extras)} from uid 1000
04-21 19:19:45.201  1635  3045 W ActivityTaskManager: Tried to set launchTime (0) < mLastActivityLaunchTime (22528038)
04-21 19:19:45.202  1635  1712 W AutofillManagerServiceImpl: getFillEventHistory() called by UID 10114, but service UID is 10145
04-21 19:19:45.528  1635  2891 D ConnectivityService: NetReassign [no changes]
04-21 19:19:45.748  1635  2891 D ConnectivityService: releasing NetworkRequest [ TRACK_DEFAULT id=574, [ Capabilities: INTERNET&NOT_RESTRICTED&TRUSTED Uid: 1000 AdministratorUids: [] RequestorUid: 1000 RequestorPackageName: com.android.settings] ] (release request)
04-21 19:19:48.552  1635  2891 D ConnectivityService: NetReassign [no changes]
04-21 19:19:51.225  1635  4614 I ActivityTaskManager: START u0 {act=android.intent.action.MAIN cmp=com.android.settings/.SubSettings (has extras)} from uid 1000
04-21 19:19:51.237  1635  4614 W ActivityTaskManager: Tried to set launchTime (0) < mLastActivityLaunchTime (22532236)
04-21 19:19:51.238  1635  9377 W AutofillManagerServiceImpl: getFillEventHistory() called by UID 10114, but service UID is 10145
04-21 19:19:51.516  1635  2888 W ContextImpl: Calling a method in the system process without a qualified user: android.app.ContextImpl.sendBroadcastMultiplePermissions:1143 android.content.Context.sendBroadcastWithMultiplePermissions:2150 com.android.server.wifi.p2p.WifiP2pServiceImpl$P2pStateMachine.sendBroadcastMultiplePermissions:3106 com.android.server.wifi.p2p.WifiP2pServiceImpl$P2pStateMachine.sendP2pConnectionChangedBroadcast:3133 com.android.server.wifi.p2p.WifiP2pServiceImpl$P2pStateMachine.access$4900:756 
04-21 19:19:51.524  1635  2888 W ContextImpl: Calling a method in the system process without a qualified user: android.app.ContextImpl.sendBroadcastMultiplePermissions:1143 android.content.Context.sendBroadcastWithMultiplePermissions:2150 com.android.server.wifi.p2p.WifiP2pServiceImpl$P2pStateMachine.sendBroadcastMultiplePermissions:3106 com.android.server.wifi.p2p.WifiP2pServiceImpl$P2pStateMachine.sendThisDeviceChangedBroadcast:3115 com.android.server.wifi.p2p.WifiP2pServiceImpl$P2pStateMachine.updateThisDevice:3835 
04-21 19:19:51.566  1635  2891 D ConnectivityService: NetReassign [no changes]
04-21 19:19:52.739  1635  4614 W AutofillManagerServiceImpl: getFillEventHistory() called by UID 10114, but service UID is 10145
04-21 19:19:53.242  1635  3045 W AutofillManagerServiceImpl: getFillEventHistory() called by UID 10114, but service UID is 10145
04-21 19:19:53.250  1635  2891 D ConnectivityService: NetReassign [no changes]
04-21 19:19:53.250  1635  4614 D ConnectivityService: requestNetwork for uid/pid:1000/23143 NetworkRequest [ TRACK_DEFAULT id=576, [ Capabilities: INTERNET&NOT_RESTRICTED&TRUSTED Uid: 1000 AdministratorUids: [] RequestorUid: 1000 RequestorPackageName: com.android.settings] ]
04-21 19:19:53.252  1635  2891 D ConnectivityService: NetReassign [576 : null  126]
04-21 19:19:53.350 23143 23897 W ContextImpl: Calling a method in the system process without a qualified user: android.app.ContextImpl.bindService:1748 android.content.ContextWrapper.bindService:756 com.android.wifitrackerlib.WsuServiceClient.lambda$bindWsuService$3:401 com.android.wifitrackerlib.WsuServiceClient.lambda$bindWsuService$3$WsuServiceClient:0 com.android.wifitrackerlib.-$$Lambda$WsuServiceClient$fnGZLqrUaGsrtQj3756IpFB2Ux4.run:2 
04-21 19:19:54.573  1635  2891 D ConnectivityService: NetReassign [no changes]
04-21 19:19:55.622  1635  4614 W ActivityManager: Foreground service started from background can not have location/camera/microphone access: service steptracker.healthandfitness.walkingtracker.pedometer/com.drojian.stepcounter.service.CounterService
04-21 19:19:55.628  1635  3045 W ActivityManager: Foreground service started from background can not have location/camera/microphone access: service steptracker.healthandfitness.walkingtracker.pedometer/com.drojian.stepcounter.service.CounterService
04-21 19:19:55.704  1635  3045 W AutofillManagerServiceImpl: getFillEventHistory() called by UID 10114, but service UID is 10145
04-21 19:19:55.716  1635  9377 D ConnectivityService: requestNetwork for uid/pid:1000/23143 NetworkRequest [ TRACK_DEFAULT id=577, [ Capabilities: INTERNET&NOT_RESTRICTED&TRUSTED Uid: 1000 AdministratorUids: [] RequestorUid: 1000 RequestorPackageName: com.android.settings] ]
04-21 19:19:55.716  1635  2891 D ConnectivityService: NetReassign [577 : null  126]
04-21 19:19:55.747  1635  2891 D ConnectivityService: NetReassign [no changes]
04-21 19:19:55.774  1635  2891 D ConnectivityService: NetReassign [no changes]
04-21 19:19:55.774  1635  4614 D ConnectivityService: requestNetwork for uid/pid:1000/23143 NetworkRequest [ TRACK_DEFAULT id=580, [ Capabilities: INTERNET&NOT_RESTRICTED&TRUSTED Uid: 1000 AdministratorUids: [] RequestorUid: 1000 RequestorPackageName: com.android.settings] ]
04-21 19:19:55.775  1635  2891 D ConnectivityService: NetReassign [580 : null  126]
04-21 19:19:55.779  1635  2891 D ConnectivityService: NetReassign [no changes]
04-21 19:19:55.827  1635  2891 D ConnectivityService: NetReassign [no changes]
04-21 19:19:56.291  1635  2891 D ConnectivityService: releasing NetworkRequest [ TRACK_DEFAULT id=576, [ Capabilities: INTERNET&NOT_RESTRICTED&TRUSTED Uid: 1000 AdministratorUids: [] RequestorUid: 1000 RequestorPackageName: com.android.settings] ] (release request)
04-21 19:19:57.590  1635  2891 D ConnectivityService: NetReassign [no changes]
04-21 19:20:00.645  1635  2891 I chatty  : uid=1000(system) ConnectivitySer identical 1 line
04-21 19:20:03.660  1635  2891 D ConnectivityService: NetReassign [no changes]
04-21 19:20:03.800  1635  1635 D CompatibilityChangeReporter: Compat change id reported: 135634846; UID 10184; state: DISABLED
04-21 19:20:03.800  1635  1776 D CompatibilityChangeReporter: Compat change id reported: 143937733; UID 10184; state: ENABLED
04-21 19:20:03.816  1635  1776 I ActivityManager: Start proc 23947:com.google.android.gm/u0a184 for service {com.google.android.gm/com.google.android.gm.GmailIntentService}
04-21 19:20:04.894  1635  3043 D ConnectivityService: requestNetwork for uid/pid:10184/23947 NetworkRequest [ TRACK_DEFAULT id=583, [ Capabilities: INTERNET&NOT_RESTRICTED&TRUSTED Uid: 10184 AdministratorUids: [] RequestorUid: 10184 RequestorPackageName: com.google.android.gm] ]
04-21 19:20:04.895  1635  2891 D ConnectivityService: NetReassign [583 : null  126]
04-21 19:20:04.899  1635  2891 D ConnectivityService: NetReassign [no changes]
04-21 19:20:12.731  1635  2891 I chatty  : uid=1000(system) ConnectivitySer identical 3 lines
04-21 19:20:15.763  1635  2891 D ConnectivityService: NetReassign [no changes]
04-21 19:20:15.824  1635  1754 I ActivityTaskManager: START u0 {act=android.intent.action.MAIN cat=[android.intent.category.HOME] flg=0x10000100 cmp=com.google.android.apps.nexuslauncher/.NexusLauncherActivity (has extras)} from uid 0
04-21 19:20:15.837  1635  9377 W AutofillManagerServiceImpl: getFillEventHistory() called by UID 10114, but service UID is 10145
04-21 19:20:15.856  1635  2891 D ConnectivityService: releasing NetworkRequest [ TRACK_DEFAULT id=580, [ Capabilities: INTERNET&NOT_RESTRICTED&TRUSTED Uid: 1000 AdministratorUids: [] RequestorUid: 1000 RequestorPackageName: com.android.settings] ] (release request)
04-21 19:20:16.560  1635  2891 D ConnectivityService: releasing NetworkRequest [ TRACK_DEFAULT id=577, [ Capabilities: INTERNET&NOT_RESTRICTED&TRUSTED Uid: 1000 AdministratorUids: [] RequestorUid: 1000 RequestorPackageName: com.android.settings] ] (release request)
04-21 19:20:18.782  1635  2891 D ConnectivityService: NetReassign [no changes]
04-21 19:20:27.880  1635  2891 I chatty  : uid=1000(system) ConnectivitySer identical 3 lines
04-21 19:20:30.917  1635  2891 D ConnectivityService: NetReassign [no changes]
04-21 19:20:33.423  1635  1635 I SoundTriggerHelper: Recognition success
04-21 19:20:33.429  4561  4594 I AlwaysOnHotwordDetector: onDetected
04-21 19:20:33.945  1635  2891 D ConnectivityService: NetReassign [no changes]
04-21 19:20:34.880  1635  3043 I SoundTriggerHelper: startRecognition successful.
04-21 19:20:36.168  1635  3045 I ActivityTaskManager: START u0 {act=android.settings.WIFI_SETTINGS flg=0x14000000 cmp=com.android.settings/.Settings$WifiSettingsActivity} from uid 10158
04-21 19:20:36.185  1635  4614 W ActivityTaskManager: Tried to set launchTime (0) < mLastActivityLaunchTime (22538272)
04-21 19:20:36.196  1635  3043 W AutofillManagerServiceImpl: getFillEventHistory() called by UID 10114, but service UID is 10145
04-21 19:20:36.222  1635  3045 I ActivityTaskManager: START u0 {act=android.settings.WIFI_SETTINGS2 cmp=com.android.settings/.Settings$WifiSettings2Activity (has extras)} from uid 1000
04-21 19:20:36.231  1635  3045 W ActivityTaskManager: Tried to set launchTime (0) < mLastActivityLaunchTime (22583221)
04-21 19:20:36.233  1635  3043 W AutofillManagerServiceImpl: getFillEventHistory() called by UID 10114, but service UID is 10145
04-21 19:20:36.279  1635  2884 W NetworkPolicy: shared quota unsupported; generating rule for each iface
04-21 19:20:36.350  1635  2891 D ConnectivityService: NetReassign [no changes]
04-21 19:20:36.351  1635  3045 D ConnectivityService: requestNetwork for uid/pid:1000/23143 NetworkRequest [ TRACK_DEFAULT id=586, [ Capabilities: INTERNET&NOT_RESTRICTED&TRUSTED Uid: 1000 AdministratorUids: [] RequestorUid: 1000 RequestorPackageName: com.android.settings] ]
04-21 19:20:36.357  1635  2891 D ConnectivityService: NetReassign [586 : null  126]
04-21 19:20:36.367  1635  2884 W NetworkPolicy: shared quota unsupported; generating rule for each iface
04-21 19:20:36.435 23143 24127 W ContextImpl: Calling a method in the system process without a qualified user: android.app.ContextImpl.bindService:1748 android.content.ContextWrapper.bindService:756 com.android.wifitrackerlib.WsuServiceClient.lambda$bindWsuService$3:401 com.android.wifitrackerlib.WsuServiceClient.lambda$bindWsuService$3$WsuServiceClient:0 com.android.wifitrackerlib.-$$Lambda$WsuServiceClient$fnGZLqrUaGsrtQj3756IpFB2Ux4.run:2 
04-21 19:20:36.955  1635  2891 D ConnectivityService: NetReassign [no changes]
04-21 19:20:46.025  1635  2891 I chatty  : uid=1000(system) ConnectivitySer identical 3 lines
04-21 19:20:49.037  1635  2891 D ConnectivityService: NetReassign [no changes]
04-21 19:20:49.961  1635  1754 I ActivityTaskManager: START u0 {act=android.intent.action.MAIN cat=[android.intent.category.HOME] flg=0x10000100 cmp=com.google.android.apps.nexuslauncher/.NexusLauncherActivity (has extras)} from uid 0
04-21 19:20:49.975  1635  4614 W AutofillManagerServiceImpl: getFillEventHistory() called by UID 10114, but service UID is 10145
04-21 19:20:50.699  1635  2891 D ConnectivityService: releasing NetworkRequest [ TRACK_DEFAULT id=586, [ Capabilities: INTERNET&NOT_RESTRICTED&TRUSTED Uid: 1000 AdministratorUids: [] RequestorUid: 1000 RequestorPackageName: com.android.settings] ] (release request)
04-21 19:20:50.703  1635  3045 I ActivityTaskManager: START u0 {act=android.intent.action.MAIN cat=[android.intent.category.LAUNCHER] flg=0x10200000 cmp=com.android.chrome/com.google.android.apps.chrome.Main bnds=[641,1609][843,1804]} from uid 10153
04-21 19:20:50.751  1635  3045 W AutofillManagerServiceImpl: getFillEventHistory() called by UID 10114, but service UID is 10145
04-21 19:20:51.168  1635  4614 D CompatibilityChangeReporter: Compat change id reported: 136274596; UID 10188; state: ENABLED
04-21 19:20:51.571  1635  9377 D CompatibilityChangeReporter: Compat change id reported: 135634846; UID 10188; state: DISABLED
04-21 19:20:51.571  1635  1776 D CompatibilityChangeReporter: Compat change id reported: 143937733; UID 10188; state: ENABLED
04-21 19:20:51.726  1635  1776 W ActivityManager: Slow operation: 155ms so far, now at startProcess: returned from zygote!
04-21 19:20:51.726  1635  1776 W ActivityManager: Slow operation: 156ms so far, now at startProcess: done updating battery stats
04-21 19:20:51.726  1635  1776 W ActivityManager: Slow operation: 156ms so far, now at startProcess: building log message
04-21 19:20:51.726  1635  1776 I ActivityManager: Start proc 24159:com.android.chrome:sandboxed_process0:org.chromium.content.app.SandboxedProcessService0:0/u0ai0 for  {com.android.chrome/org.chromium.content.app.SandboxedProcessService0:0}
04-21 19:20:51.726  1635  1776 W ActivityManager: Slow operation: 156ms so far, now at startProcess: starting to update pids map
04-21 19:20:51.727  1635  1776 W ActivityManager: Slow operation: 156ms so far, now at startProcess: done updating pids map
04-21 19:20:51.747  1635  9377 D CompatibilityChangeReporter: Compat change id reported: 136274596; UID 10188; state: ENABLED
04-21 19:20:51.830  1635  4614 D CompatibilityChangeReporter: Compat change id reported: 135634846; UID 10188; state: DISABLED
04-21 19:20:51.830  1635  1776 D CompatibilityChangeReporter: Compat change id reported: 143937733; UID 10188; state: ENABLED
04-21 19:20:51.842  1635  1776 I ActivityManager: Start proc 24192:com.android.chrome:privileged_process0/u0a188 for service {com.android.chrome/org.chromium.content.app.PrivilegedProcessService0}
04-21 19:20:51.869  1635  4614 D CompatibilityChangeReporter: Compat change id reported: 136274596; UID 10188; state: ENABLED
04-21 19:20:51.971  1635  3043 D ConnectivityService: requestNetwork for uid/pid:10188/22538 NetworkRequest [ TRACK_DEFAULT id=587, [ Capabilities: INTERNET&NOT_RESTRICTED&TRUSTED Uid: 10188 AdministratorUids: [] RequestorUid: 10188 RequestorPackageName: com.android.chrome] ]
04-21 19:20:51.972  1635  2891 D ConnectivityService: NetReassign [587 : null  126]
04-21 19:20:51.977  1635  2891 D ConnectivityService: NetReassign [no changes]
04-21 19:20:52.043  1635  2891 D ConnectivityService: NetReassign [no changes]
04-21 19:20:52.267  1635  3043 D ConnectivityService: requestNetwork for uid/pid:10188/22538 NetworkRequest [ TRACK_DEFAULT id=589, [ Capabilities: INTERNET&NOT_RESTRICTED&TRUSTED Uid: 10188 AdministratorUids: [] RequestorUid: 10188 RequestorPackageName: com.android.chrome] ]
04-21 19:20:52.267  1635  2891 D ConnectivityService: NetReassign [589 : null  126]
04-21 19:20:52.271  1635  2891 D ConnectivityService: NetReassign [no changes]
04-21 19:20:52.418  1635  4614 D CompatibilityChangeReporter: Compat change id reported: 149924527; UID 10188; state: ENABLED
04-21 19:20:52.419  1635  9377 D CompatibilityChangeReporter: Compat change id reported: 132649864; UID 10188; state: DISABLED
04-21 19:20:52.509  1635  4614 D ConnectivityService: requestNetwork for uid/pid:10188/22538 NetworkRequest [ TRACK_DEFAULT id=591, [ Capabilities: INTERNET&NOT_RESTRICTED&TRUSTED Uid: 10188 AdministratorUids: [] RequestorUid: 10188 RequestorPackageName: com.android.chrome] ]
04-21 19:20:52.510  1635  2891 D ConnectivityService: NetReassign [591 : null  126]
04-21 19:20:52.514  1635  2891 D ConnectivityService: NetReassign [no changes]
04-21 19:20:53.637  1635 11490 D ConnectivityService: requestNetwork for uid/pid:10145/12074 NetworkRequest [ TRACK_DEFAULT id=593, [ Capabilities: INTERNET&NOT_RESTRICTED&TRUSTED Uid: 10145 AdministratorUids: [] RequestorUid: 10145 RequestorPackageName: com.google.android.gms] ]
04-21 19:20:53.637  1635  2891 D ConnectivityService: NetReassign [593 : null  126]
04-21 19:20:53.641  1635  2891 D ConnectivityService: NetReassign [no changes]
04-21 19:20:54.803  1635 11490 D CompatibilityChangeReporter: Compat change id reported: 135634846; UID 10188; state: DISABLED
04-21 19:20:54.804  1635  1776 D CompatibilityChangeReporter: Compat change id reported: 143937733; UID 10188; state: ENABLED
04-21 19:20:54.818  1635  1776 I ActivityManager: Start proc 24274:com.android.chrome:sandboxed_process0:org.chromium.content.app.SandboxedProcessService0:1/u0ai1 for  {com.android.chrome/org.chromium.content.app.SandboxedProcessService0:1}
04-21 19:20:54.850  1635  4614 D CompatibilityChangeReporter: Compat change id reported: 136274596; UID 10188; state: ENABLED
04-21 19:20:54.964  1635  4614 I ActivityManager: Killing 24274:com.android.chrome:sandboxed_process0:org.chromium.content.app.SandboxedProcessService0:1/u0a188i-8999 (adj 0): isolated not needed
04-21 19:20:55.032  1635  4614 D CompatibilityChangeReporter: Compat change id reported: 135634846; UID 10188; state: DISABLED
04-21 19:20:55.032  1635  1776 D CompatibilityChangeReporter: Compat change id reported: 143937733; UID 10188; state: ENABLED
04-21 19:20:55.052  1635  2891 D ConnectivityService: NetReassign [no changes]
04-21 19:20:55.056  1635  1776 I ActivityManager: Start proc 24301:com.android.chrome:sandboxed_process0:org.chromium.content.app.SandboxedProcessService0:2/u0ai2 for  {com.android.chrome/org.chromium.content.app.SandboxedProcessService0:2}
04-21 19:20:55.077  1635  4614 D CompatibilityChangeReporter: Compat change id reported: 136274596; UID 10188; state: ENABLED
04-21 19:20:55.172  1635  1713 I ActivityManager: Killing 24301:com.android.chrome:sandboxed_process0:org.chromium.content.app.SandboxedProcessService0:2/u0a188i-8998 (adj 0): isolated not needed
04-21 19:20:56.825  1635  2881 D ConnectivityService: Returning UNBLOCKED NetworkInfo to uid=10200
04-21 19:20:57.732  1635  2881 W AppOps  : Noting op not finished: uid 10145 pkg com.google.android.gms code 79 startTime of in progress event=1619043331133
04-21 19:20:57.736  1635  2881 W AppOps  : Noting op not finished: uid 10145 pkg com.google.android.gms code 79 startTime of in progress event=1619043331133
04-21 19:20:57.752  1635  4614 W AppOps  : Noting op not finished: uid 10145 pkg com.google.android.gms code 79 startTime of in progress event=1619043331133
04-21 19:20:57.911  1635  3043 W AppOps  : Noting op not finished: uid 10145 pkg com.google.android.gms code 79 startTime of in progress event=1619043331133
04-21 19:20:57.914  1635 11490 W AppOps  : Noting op not finished: uid 10145 pkg com.google.android.gms code 79 startTime of in progress event=1619043331133
04-21 19:20:57.922  1635  3043 W AppOps  : Noting op not finished: uid 10145 pkg com.google.android.gms code 79 startTime of in progress event=1619043331133
04-21 19:20:58.060  1635  2891 D ConnectivityService: NetReassign [no changes]
04-21 19:20:58.744  2979  2979 V DeadZone: consuming errant click: (1018.0,7.0)
04-21 19:20:58.745  2979  2979 V DeadZone: consuming errant click: (1018.0,7.0)
04-21 19:21:01.070  1635  2891 D ConnectivityService: NetReassign [no changes]
04-21 19:21:02.726  1635  4614 W AppOps  : Noting op not finished: uid 10145 pkg com.google.android.gms code 79 startTime of in progress event=1619043331133
04-21 19:21:02.727  1635  9377 W AppOps  : Noting op not finished: uid 10145 pkg com.google.android.gms code 79 startTime of in progress event=1619043331133
04-21 19:21:02.733  1635 11490 W AppOps  : Noting op not finished: uid 10145 pkg com.google.android.gms code 79 startTime of in progress event=1619043331133
04-21 19:21:02.765  1635  1713 W AppOps  : Noting op not finished: uid 10145 pkg com.google.android.gms code 79 startTime of in progress event=1619043331133
04-21 19:21:02.766  1635  1713 I chatty  : uid=1000(system) Binder:1635_2 identical 1 line
04-21 19:21:02.771  1635  1713 W AppOps  : Noting op not finished: uid 10145 pkg com.google.android.gms code 79 startTime of in progress event=1619043331133
04-21 19:21:03.226  1635 11490 D CompatibilityChangeReporter: Compat change id reported: 135634846; UID 10188; state: DISABLED
04-21 19:21:03.226  1635  1776 D CompatibilityChangeReporter: Compat change id reported: 143937733; UID 10188; state: ENABLED
04-21 19:21:03.243  1635  1776 I ActivityManager: Start proc 24392:com.android.chrome:sandboxed_process0:org.chromium.content.app.SandboxedProcessService0:3/u0ai3 for  {com.android.chrome/org.chromium.content.app.SandboxedProcessService0:3}
04-21 19:21:03.267  1635  9377 D CompatibilityChangeReporter: Compat change id reported: 136274596; UID 10188; state: ENABLED
04-21 19:21:03.272  1635  2884 W NetworkPolicy: shared quota unsupported; generating rule for each iface
04-21 19:21:04.081  1635  2891 D ConnectivityService: NetReassign [no changes]
04-21 19:21:07.102  1635  2891 I chatty  : uid=1000(system) ConnectivitySer identical 1 line
04-21 19:21:10.117  1635  2891 D ConnectivityService: NetReassign [no changes]
