04-22 10:24:54.911  1635  1776 I chatty  : uid=1000(system) ActivityManager expire 2 lines
04-22 10:24:58.654  1635  1878 I chatty  : uid=1000(system) PackageManager expire 8 lines
04-22 10:24:58.831  1635  1775 I chatty  : uid=1000(system) ActivityManager expire 39 lines
04-22 10:24:58.939  1635 11490 I chatty  : uid=1000(system) Binder:1635_1D expire 2 lines
04-22 10:24:59.057  1635  1754 I chatty  : uid=1000(system) android.ui expire 2 lines
04-22 10:24:59.100  1635  1756 I chatty  : uid=1000(system) android.display expire 3 lines
04-22 10:24:59.101  1635  1776 I chatty  : uid=1000(system) ActivityManager expire 12 lines
04-22 10:24:59.135  1635  1752 I chatty  : uid=1000(system) android.fg expire 6 lines
04-22 10:24:59.370  1635  4612 I chatty  : uid=1000(system) Binder:1635_E expire 5 lines
04-22 10:24:59.878  1635  1635 I chatty  : uid=1000 system_server expire 12 lines
04-22 10:25:00.548  1635  2884 I chatty  : uid=1000(system) NetworkPolicy expire 6 lines
04-22 10:25:01.306  1635  2891 I chatty  : uid=1000(system) ConnectivitySer expire 16 lines
04-22 10:25:02.147  1635  1712 I chatty  : uid=1000(system) Binder:1635_1 expire 1 line
04-22 10:25:05.152  1635  3040 I chatty  : uid=1000(system) Binder:1635_5 expire 1 line
04-22 10:25:06.906  1635  9190 I chatty  : uid=1000(system) Binder:1635_1A expire 5 lines
04-22 10:25:06.907  1635  4623 I chatty  : uid=1000(system) Binder:1635_11 expire 3 lines
04-22 10:25:10.075  1635  2893 I chatty  : uid=1000(system) NsdService expire 7 lines
04-22 10:25:10.814  1635  9377 I chatty  : uid=1000(system) Binder:1635_1B expire 4 lines
04-22 10:25:37.435  4561 30416 I AlwaysOnHotwordDetector: onDetected
04-22 10:25:37.539  1635  2891 I chatty  : uid=1000(system) ConnectivitySer expire 20 lines
04-22 10:25:39.040  1635  8781 I chatty  : uid=1000(system) Binder:1635_18 expire 2 lines
04-22 10:25:41.619  1635  1635 I chatty  : uid=1000 system_server expire 8 lines
04-22 10:25:53.648  1635  1776 I chatty  : uid=1000(system) ActivityManager expire 8 lines
04-22 10:26:15.043  1635  1775 I chatty  : uid=1000(system) ActivityManager expire 25 lines
04-22 10:26:35.334  4561 30416 I AlwaysOnHotwordDetector: onDetected
04-22 10:26:36.741  1635  3047 I chatty  : uid=1000(system) Binder:1635_B expire 2 lines
04-22 10:26:38.139  1635  2891 I chatty  : uid=1000(system) ConnectivitySer expire 57 lines
04-22 10:26:47.892  4561 30416 I AlwaysOnHotwordDetector: onDetected
04-22 10:26:49.407  1635  9801 I chatty  : uid=1000(system) Binder:1635_1C expire 2 lines
04-22 10:27:21.004  1635  1771 I chatty  : uid=1000(system) android.bg expire 1 line
04-22 10:28:36.873  1635  8900 I chatty  : uid=1000(system) Binder:1635_19 expire 4 lines
04-22 10:29:29.608  1635  1776 I chatty  : uid=1000(system) ActivityManager expire 17 lines
04-22 10:29:29.683  1635  1635 I chatty  : uid=1000 system_server expire 33 lines
04-22 10:29:29.685  1635  9190 I chatty  : uid=1000(system) Binder:1635_1A expire 6 lines
04-22 10:29:29.780  1635  1752 I chatty  : uid=1000(system) android.fg expire 12 lines
04-22 10:29:30.276  1635  2884 I chatty  : uid=1000(system) NetworkPolicy expire 10 lines
04-22 10:29:30.486  1635  3046 I chatty  : uid=1000(system) Binder:1635_A expire 1 line
04-22 10:29:30.490  1635  1775 I chatty  : uid=1000(system) ActivityManager expire 26 lines
04-22 10:29:31.096  1635  2891 I chatty  : uid=1000(system) ConnectivitySer expire 89 lines
04-22 10:29:31.206  1635 12414 I chatty  : uid=1000(system) Binder:1635_20 expire 3 lines
04-22 10:29:31.277  1635  3044 I chatty  : uid=1000(system) Binder:1635_8 expire 2 lines
04-22 10:29:33.527  1635  5549 I chatty  : uid=1000(system) Binder:1635_15 expire 2 lines
04-22 10:29:33.609  1635  8772 I chatty  : uid=1000(system) Binder:1635_17 expire 6 lines
04-22 10:29:35.311  1635  2893 I chatty  : uid=1000(system) NsdService expire 7 lines
04-22 10:30:18.105  1635 11678 I chatty  : uid=1000(system) Binder:1635_1E expire 3 lines
04-22 10:31:34.639  1635  3045 I chatty  : uid=1000(system) Binder:1635_9 expire 5 lines
04-22 10:33:32.441  1635  1771 I chatty  : uid=1000(system) android.bg expire 2 lines
04-22 10:33:50.271  1635  2895 I chatty  : uid=1000(system) ranker expire 1 line
04-22 10:33:50.574 10587 10587 D ActivityThread: Loading provider contacts;com.android.contacts: com.android.providers.contacts.ContactsProvider2
04-22 10:33:51.058  1635  2891 I chatty  : uid=1000(system) ConnectivitySer expire 77 lines
04-22 10:34:36.916  1635  8781 I chatty  : uid=1000(system) Binder:1635_18 expire 8 lines
04-22 10:36:50.471  1635  4613 I chatty  : uid=1000(system) Binder:1635_F expire 4 lines
04-22 10:37:16.876  1635  1775 I chatty  : uid=1000(system) ActivityManager expire 4 lines
04-22 10:37:16.881  1635  2881 I chatty  : uid=1000(system) Binder:1635_3 expire 1 line
04-22 10:37:16.891  1635  1756 I chatty  : uid=1000(system) android.display expire 1 line
04-22 10:37:19.801  1635  1635 I chatty  : uid=1000 system_server expire 32 lines
04-22 10:37:25.714  1635  1776 I chatty  : uid=1000(system) ActivityManager expire 10 lines
04-22 10:37:25.940  1635  4613 I chatty  : uid=1000(system) Binder:1635_F expire 5 lines
04-22 10:37:26.201  1635  8781 I chatty  : uid=1000(system) Binder:1635_18 expire 1 line
04-22 10:37:26.406  1635  8900 I chatty  : uid=1000(system) Binder:1635_19 expire 1 line
04-22 10:37:28.751  1635  2891 I chatty  : uid=1000(system) ConnectivitySer expire 118 lines
04-22 10:37:30.160  1635  1878 I chatty  : uid=1000(system) PackageManager expire 4 lines
04-22 10:37:30.389  1635  1775 I chatty  : uid=1000(system) ActivityManager expire 43 lines
04-22 10:37:30.445  1635  9190 I chatty  : uid=1000(system) Binder:1635_1A expire 1 line
04-22 10:37:30.529  1635  1756 I chatty  : uid=1000(system) android.display expire 6 lines
04-22 10:37:30.800  1635  1752 I chatty  : uid=1000(system) android.fg expire 10 lines
04-22 10:37:31.003  1635  2881 I chatty  : uid=1000(system) Binder:1635_3 expire 6 lines
04-22 10:37:31.851  1635  2884 I chatty  : uid=1000(system) NetworkPolicy expire 8 lines
04-22 10:37:33.802  1635  8772 I chatty  : uid=1000(system) Binder:1635_17 expire 2 lines
04-22 10:37:35.472  1635  2893 I chatty  : uid=1000(system) NsdService expire 7 lines
04-22 10:37:36.160  1635  4623 I chatty  : uid=1000(system) Binder:1635_11 expire 1 line
04-22 10:37:45.177  1635 11678 I chatty  : uid=1000(system) Binder:1635_1E expire 1 line
04-22 10:40:34.701  1635  9801 I chatty  : uid=1000(system) Binder:1635_1C expire 3 lines
04-22 10:43:04.550  1635  3044 I chatty  : uid=1000(system) Binder:1635_8 expire 1 line
04-22 10:43:06.129  1635  1862 I chatty  : uid=1000(system) PowerManagerSer expire 15 lines
04-22 10:43:11.272  1635 11490 I chatty  : uid=1000(system) Binder:1635_1D expire 6 lines
04-22 10:43:13.155  1635  6941 I chatty  : uid=1000(system) Binder:1635_16 expire 5 lines
04-22 10:43:13.701  1635  1790 I chatty  : uid=1000(system) batterystats-wo expire 4 lines
04-22 10:43:15.916  1635  1713 I chatty  : uid=1000(system) Binder:1635_2 expire 1 line
04-22 10:43:22.414  1635  3043 I chatty  : uid=1000(system) Binder:1635_7 expire 4 lines
04-22 10:43:23.877  1635  1775 I chatty  : uid=1000(system) ActivityManager expire 52 lines
04-22 10:43:23.946  1635  2881 I chatty  : uid=1000(system) Binder:1635_3 expire 1 line
04-22 10:43:24.170  1635  1635 I chatty  : uid=1000 system_server expire 32 lines
04-22 10:43:25.323  1635  2891 I chatty  : uid=1000(system) ConnectivitySer expire 82 lines
04-22 10:43:35.525  1635  1878 I chatty  : uid=1000(system) PackageManager expire 4 lines
04-22 10:43:35.815  1635  8772 I chatty  : uid=1000(system) Binder:1635_17 expire 1 line
04-22 10:43:35.873  1635  1756 I chatty  : uid=1000(system) android.display expire 4 lines
04-22 10:43:35.873  1635  1776 I chatty  : uid=1000(system) ActivityManager expire 7 lines
04-22 10:43:35.977  1635  1752 I chatty  : uid=1000(system) android.fg expire 9 lines
04-22 10:43:36.524  1635  4930 I chatty  : uid=1000(system) Binder:1635_14 expire 1 line
04-22 10:43:36.883  1635  3048 I chatty  : uid=1000(system) Binder:1635_C expire 1 line
04-22 10:43:37.154  1635  2884 I chatty  : uid=1000(system) NetworkPolicy expire 7 lines
04-22 10:43:39.195  1635  4612 I chatty  : uid=1000(system) Binder:1635_E expire 7 lines
04-22 10:43:39.315  1635  6941 I chatty  : uid=1000(system) Binder:1635_16 expire 3 lines
04-22 10:43:41.350  1635  2893 I chatty  : uid=1000(system) NsdService expire 7 lines
04-22 10:46:37.110  1635  4599 I chatty  : uid=1000(system) Binder:1635_D expire 1 line
04-22 10:47:21.151  1635  1771 I chatty  : uid=1000(system) android.bg expire 1 line
04-22 10:47:32.081  4561  4594 I AlwaysOnHotwordDetector: onDetected
04-22 10:47:33.255  1635  2891 I chatty  : uid=1000(system) ConnectivitySer expire 41 lines
04-22 10:47:33.642  1635  3044 I chatty  : uid=1000(system) Binder:1635_8 expire 1 line
04-22 10:48:33.534  1635  1775 I chatty  : uid=1000(system) ActivityManager expire 2 lines
04-22 10:49:27.333  1635  1862 I chatty  : uid=1000(system) PowerManagerSer expire 9 lines
04-22 10:49:34.337  1635  4613 I chatty  : uid=1000(system) Binder:1635_F expire 1 line
04-22 10:49:34.385  1635  1635 I chatty  : uid=1000 system_server expire 3 lines
04-22 10:49:34.689  1635 11678 I chatty  : uid=1000(system) Binder:1635_1E expire 4 lines
04-22 10:49:35.928  1635  4613 I chatty  : uid=1000(system) Binder:1635_F expire 4 lines
04-22 10:49:39.916  1635  1756 I chatty  : uid=1000(system) android.display expire 15 lines
04-22 10:50:04.694  1635  3044 I chatty  : uid=1000(system) Binder:1635_8 expire 2 lines
04-22 10:50:04.719  1635  1862 I chatty  : uid=1000(system) PowerManagerSer expire 15 lines
04-22 10:50:04.849  1635  8781 I chatty  : uid=1000(system) Binder:1635_18 expire 3 lines
04-22 10:50:04.900  1635  1775 I chatty  : uid=1000(system) ActivityManager expire 12 lines
04-22 10:50:04.927  1635  1752 I chatty  : uid=1000(system) android.fg expire 7 lines
04-22 10:50:04.995  1635  2891 I chatty  : uid=1000(system) ConnectivitySer expire 25 lines
04-22 10:50:05.001  1635  4599 I chatty  : uid=1000(system) Binder:1635_D expire 11 lines
04-22 10:50:06.097  1635  2884 I chatty  : uid=1000(system) NetworkPolicy expire 2 lines
04-22 10:50:06.277  1635  1635 I chatty  : uid=1000 system_server expire 11 lines
04-22 10:50:08.418  4561  4594 I AlwaysOnHotwordDetector: onDetected
04-22 10:50:31.605  1635  8900 I chatty  : uid=1000(system) Binder:1635_19 expire 7 lines
04-22 10:50:31.629  1635  1712 I chatty  : uid=1000(system) Binder:1635_1 expire 6 lines
04-22 10:50:31.686  1635  3046 I chatty  : uid=1000(system) Binder:1635_A expire 4 lines
04-22 10:51:10.708  4561 30416 I AlwaysOnHotwordDetector: onDetected
04-22 10:51:11.266  1635  2891 I chatty  : uid=1000(system) ConnectivitySer expire 82 lines
04-22 10:51:33.250  1635  1635 I chatty  : uid=1000 system_server expire 17 lines
04-22 10:51:33.251  4561 30416 I AlwaysOnHotwordDetector: onDetected
04-22 10:52:49.817  1635  3047 I chatty  : uid=1000(system) Binder:1635_B expire 12 lines
04-22 10:55:17.236  4561 30416 I AlwaysOnHotwordDetector: onDetected
04-22 10:55:18.585  1635  2891 I chatty  : uid=1000(system) ConnectivitySer expire 45 lines
04-22 10:57:33.559  4561 30416 I AlwaysOnHotwordDetector: onDetected
04-22 10:57:34.253  1635  2891 I chatty  : uid=1000(system) ConnectivitySer expire 7 lines
04-22 10:57:46.030  1635  1754 I chatty  : uid=1000(system) android.ui expire 6 lines
04-22 10:57:47.451  1635  9190 I chatty  : uid=1000(system) Binder:1635_1A expire 4 lines
04-22 10:58:08.007  1635  1790 I chatty  : uid=1000(system) batterystats-wo expire 1 line
04-22 10:58:33.237  4561 30416 I AlwaysOnHotwordDetector: onDetected
04-22 10:58:35.763  4561 30416 I AlwaysOnHotwordDetector: onDetected
04-22 10:59:51.921  1635  1862 I chatty  : uid=1000(system) PowerManagerSer expire 3 lines
04-22 10:59:51.966  1635  9377 I chatty  : uid=1000(system) Binder:1635_1B expire 2 lines
04-22 10:59:51.973  1635  1756 I chatty  : uid=1000(system) android.display expire 7 lines
04-22 10:59:52.066  1635  1775 I chatty  : uid=1000(system) ActivityManager expire 1 line
04-22 10:59:52.362  1635  1757 I chatty  : uid=1000(system) android.anim expire 2 lines
04-22 10:59:52.546  1635  1776 I chatty  : uid=1000(system) ActivityManager expire 7 lines
04-22 10:59:52.778  1635  3043 I chatty  : uid=1000(system) Binder:1635_7 expire 1 line
04-22 10:59:52.815  1635  1862 I DisplayPowerController: Unblocked screen on after 894 ms
04-22 10:59:52.817  1635  1862 W PowerManagerService: Screen on took 913 ms
04-22 10:59:52.818  1635  1757 I WindowManager: Screen frozen for +749ms due to Window{b3b0d7 u0 NotificationShade}
04-22 10:59:52.914  1635  3043 W BroadcastQueue: Background execution not allowed: receiving Intent { act=android.intent.action.USER_PRESENT flg=0x24200010 } to steptracker.healthandfitness.walkingtracker.pedometer/com.drojian.servicekeeper.service.WatcherPeriodReceiver
04-22 10:59:52.917  1635  1775 W BroadcastQueue: Background execution not allowed: receiving Intent { act=android.intent.action.USER_PRESENT flg=0x24200010 } to steptracker.healthandfitness.walkingtracker.pedometer/com.drojian.servicekeeper.receiver.BootReceiver
04-22 10:59:52.918  1635  1775 W BroadcastQueue: Background execution not allowed: receiving Intent { act=android.intent.action.USER_PRESENT flg=0x24200010 } to com.android.chrome/org.chromium.chrome.browser.sharing.click_to_call.ClickToCallMessageHandler$PhoneUnlockedReceiver
04-22 10:59:52.918  1635  1775 W BroadcastQueue: Background execution not allowed: receiving Intent { act=android.intent.action.USER_PRESENT flg=0x24200010 } to com.google.android.gms/.auth.setup.devicesignals.LockScreenReceiver
04-22 10:59:52.920  1635  1775 W BroadcastQueue: Background execution not allowed: receiving Intent { act=android.intent.action.USER_PRESENT flg=0x24200010 } to com.google.android.gms/.chimera.GmsIntentOperationService$PersistentTrustedReceiver
04-22 10:59:52.920  1635  1775 W BroadcastQueue: Background execution not allowed: receiving Intent { act=android.intent.action.USER_PRESENT flg=0x24200010 } to com.instagram.android/com.instagram.push.FbnsInitBroadcastReceiver
04-22 10:59:52.920  1635  1775 W BroadcastQueue: Permission Denial: broadcasting Intent { act=android.intent.action.USER_PRESENT flg=0x24200010 } from com.android.systemui (pid=2979, uid=10158) is not exported from uid 10324 due to receiver com.jaga.ibraceletplus.smartwristband3/com.yc.pedometer.remind.GloryFitBootReceiver
04-22 10:59:52.920  1635  1775 W BroadcastQueue: Background execution not allowed: receiving Intent { act=android.intent.action.USER_PRESENT flg=0x24200010 } to com.weather.Weather/com.weather.dal2.system.UniversalBroadcastReceiver
04-22 10:59:52.921  1635  1775 W BroadcastQueue: Background execution not allowed: receiving Intent { act=android.intent.action.USER_PRESENT flg=0x24200010 } to io.voodoo.dune/io.presage.core.receiver.UserPresentReceiver
04-22 10:59:52.921  1635  1775 W BroadcastQueue: Background execution not allowed: receiving Intent { act=android.intent.action.USER_PRESENT flg=0x24200010 } to steptracker.healthandfitness.walkingtracker.pedometer/com.drojian.stepcounter.receiver.PedometerReceiver
04-22 10:59:52.921  1635  1775 W BroadcastQueue: Background execution not allowed: receiving Intent { act=android.intent.action.USER_PRESENT flg=0x24200010 } to steptracker.healthandfitness.walkingtracker.pedometer/com.drojian.servicekeeper.service.WatcherService$MathReceiver
04-22 10:59:53.181  1635  1635 W Looper  : Slow dispatch took 635ms main h=android.app.ActivityThread$H c=android.app.-$$Lambda$LoadedApk$ReceiverDispatcher$Args$_BumDX2UKsnxLVrE6UJsJZkotuA@e3c43a3 m=0
04-22 10:59:53.181  1635  1635 W Looper  : Slow delivery took 664ms main h=android.app.ActivityThread$H c=android.app.-$$Lambda$LoadedApk$ReceiverDispatcher$Args$_BumDX2UKsnxLVrE6UJsJZkotuA@f56a6a0 m=0
04-22 10:59:53.189  1635  1635 W Looper  : Drained
04-22 10:59:53.237  1635  1712 I ActivityManager: Process com.google.android.deskclock (pid 10858) has died: cch+99 CEM 
04-22 10:59:53.532  1635  1775 D CompatibilityChangeReporter: Compat change id reported: 135634846; UID 10086; state: DISABLED
04-22 10:59:53.532  1635  1776 D CompatibilityChangeReporter: Compat change id reported: 143937733; UID 10086; state: ENABLED
04-22 10:59:53.547  1635  1776 I ActivityManager: Start proc 14574:com.qualcomm.telephony/u0a86 for service {com.qualcomm.atfwd/com.qualcomm.atfwd.AtFwdService}
04-22 10:59:54.473  1635  3046 W ActivityManager: Foreground service started from background can not have location/camera/microphone access: service steptracker.healthandfitness.walkingtracker.pedometer/com.drojian.stepcounter.service.CounterService
04-22 10:59:54.486  1635  3042 W ActivityManager: Foreground service started from background can not have location/camera/microphone access: service steptracker.healthandfitness.walkingtracker.pedometer/com.drojian.stepcounter.service.CounterService
04-22 10:59:55.089  1635  1752 W Looper  : Slow dispatch took 220ms android.fg h=android.os.Handler c=<recycled PooledLambda@2abd2c8> m=0
04-22 10:59:55.092  1635  2891 D ConnectivityService: NetReassign [no changes]
04-22 10:59:55.095  1635  1752 W Looper  : Slow delivery took 220ms android.fg h=android.os.Handler c=<recycled PooledLambda@8832e0> m=0
04-22 10:59:55.269  1635  1635 W Looper  : Slow dispatch took 447ms main h=android.app.ActivityThread$H c=android.app.-$$Lambda$LoadedApk$ReceiverDispatcher$Args$_BumDX2UKsnxLVrE6UJsJZkotuA@c51955f m=0
04-22 10:59:55.270  1635  1635 W Looper  : Slow delivery took 475ms main h=android.app.ActivityThread$H c=android.app.-$$Lambda$LoadedApk$ReceiverDispatcher$Args$_BumDX2UKsnxLVrE6UJsJZkotuA@b9bbac m=0
04-22 10:59:55.309  1635  1752 W Looper  : Slow dispatch took 114ms android.fg h=android.os.Handler c=<recycled PooledLambda@c7af5b8> m=0
04-22 10:59:55.721  1635  8772 I ActivityManager: Process com.google.android.calendar (pid 7535) has died: cch+99 CEM 
04-22 10:59:55.722  1635  3042 D ConnectivityService: ConnectivityService NetworkRequestInfo binderDied(NetworkRequest [ TRACK_DEFAULT id=767, [ Capabilities: INTERNET&NOT_RESTRICTED&TRUSTED Uid: 10172 AdministratorUids: [] RequestorUid: 10172 RequestorPackageName: com.google.android.calendar] ], android.os.BinderProxy@7fc0c06)
04-22 10:59:55.722  1635  4599 D ConnectivityService: ConnectivityService NetworkRequestInfo binderDied(NetworkRequest [ LISTEN id=768, [ Capabilities: INTERNET&NOT_RESTRICTED&TRUSTED&FOREGROUND Uid: 10172 AdministratorUids: [] RequestorUid: 10172 RequestorPackageName: com.google.android.calendar] ], android.os.BinderProxy@49f22c7)
04-22 10:59:55.723  1635  2891 D ConnectivityService: releasing NetworkRequest [ TRACK_DEFAULT id=767, [ Capabilities: INTERNET&NOT_RESTRICTED&TRUSTED Uid: 10172 AdministratorUids: [] RequestorUid: 10172 RequestorPackageName: com.google.android.calendar] ] (release request)
04-22 10:59:55.872  1635  1635 W Looper  : Slow dispatch took 548ms main h=android.app.ActivityThread$H c=android.app.-$$Lambda$LoadedApk$ReceiverDispatcher$Args$_BumDX2UKsnxLVrE6UJsJZkotuA@a8dcb1c m=0
04-22 10:59:55.876  1635  1635 I Telecom : DefaultDialerCache: Refreshing default dialer for user 0: now com.google.android.dialer: DDC.oR@BWE
04-22 10:59:55.881  1635  1635 W Looper  : Drained
04-22 10:59:55.911  1635  1752 W Looper  : Drained
04-22 10:59:56.929  1635  3040 W ActivityManager: Foreground service started from background can not have location/camera/microphone access: service steptracker.healthandfitness.walkingtracker.pedometer/com.drojian.stepcounter.service.CounterService
04-22 10:59:56.936  1635  4612 W ActivityManager: Foreground service started from background can not have location/camera/microphone access: service steptracker.healthandfitness.walkingtracker.pedometer/com.drojian.stepcounter.service.CounterService
04-22 10:59:58.095  1635  2891 D ConnectivityService: NetReassign [no changes]
04-22 10:59:59.966  1635  1754 I ActivityTaskManager: START u0 {act=android.intent.action.MAIN cat=[android.intent.category.HOME] flg=0x10000100 cmp=com.google.android.apps.nexuslauncher/.NexusLauncherActivity (has extras)} from uid 0
04-22 11:00:00.151  1635  1757 V WindowManager: Orientation start waiting for draw, mDrawState=DRAW_PENDING in Window{be9957c u0 com.android.systemui.ImageWallpaper}, surfaceController Surface(name=com.android.systemui.ImageWallpaper)/@0x5cfb2cc
04-22 11:00:00.533  1635  3040 I ActivityManager: Process steptracker.healthandfitness.walkingtracker.pedometer:KeeperService (pid 8908) has died: cch+95 SVC 
04-22 11:00:00.534  1635  3040 W ActivityManager: Scheduling restart of crashed service steptracker.healthandfitness.walkingtracker.pedometer/com.drojian.servicekeeper.service.EmptyService in 1000ms for start-requested
04-22 11:00:00.534  1635  3040 W ActivityManager: Scheduling restart of crashed service steptracker.healthandfitness.walkingtracker.pedometer/com.drojian.servicekeeper.service.PeriodService in 11000ms for start-requested
04-22 11:00:00.546  1635  3047 I ActivityManager: Process com.google.process.gapps (pid 28753) has died: cch+85 CEM 
04-22 11:00:00.596  1635  3040 D ConnectivityService: ConnectivityService NetworkRequestInfo binderDied(NetworkRequest [ LISTEN id=779, [ Capabilities: INTERNET&NOT_RESTRICTED&TRUSTED Uid: 10188 AdministratorUids: [] RequestorUid: 10188 RequestorPackageName: com.android.chrome] ], android.os.BinderProxy@5b668ad)
04-22 11:00:00.596  1635  3043 D ConnectivityService: ConnectivityService NetworkRequestInfo binderDied(NetworkRequest [ LISTEN id=777, [ Capabilities: INTERNET&NOT_RESTRICTED&TRUSTED Uid: 10188 AdministratorUids: [] RequestorUid: 10188 RequestorPackageName: com.android.chrome] ], android.os.BinderProxy@55d77e2)
04-22 11:00:00.597  1635  3048 D ConnectivityService: ConnectivityService NetworkRequestInfo binderDied(NetworkRequest [ TRACK_DEFAULT id=776, [ Capabilities: INTERNET&NOT_RESTRICTED&TRUSTED Uid: 10188 AdministratorUids: [] RequestorUid: 10188 RequestorPackageName: com.android.chrome] ], android.os.BinderProxy@e1f1773)
04-22 11:00:00.597  1635  4623 D ConnectivityService: ConnectivityService NetworkRequestInfo binderDied(NetworkRequest [ TRACK_DEFAULT id=778, [ Capabilities: INTERNET&NOT_RESTRICTED&TRUSTED Uid: 10188 AdministratorUids: [] RequestorUid: 10188 RequestorPackageName: com.android.chrome] ], android.os.BinderProxy@2543630)
04-22 11:00:00.597  1635  8772 I ActivityManager: Process com.android.chrome (pid 10877) has died: cch+85 CEM 
04-22 11:00:00.597  1635  2891 D ConnectivityService: releasing NetworkRequest [ TRACK_DEFAULT id=776, [ Capabilities: INTERNET&NOT_RESTRICTED&TRUSTED Uid: 10188 AdministratorUids: [] RequestorUid: 10188 RequestorPackageName: com.android.chrome] ] (release request)
04-22 11:00:00.598  1635  2891 D ConnectivityService: releasing NetworkRequest [ TRACK_DEFAULT id=778, [ Capabilities: INTERNET&NOT_RESTRICTED&TRUSTED Uid: 10188 AdministratorUids: [] RequestorUid: 10188 RequestorPackageName: com.android.chrome] ] (release request)
04-22 11:00:00.844  1635  1756 I ActivityTaskManager: Config changes=20000480 {1.0 310mcc260mnc [en_US] ldltr sw432dp w432dp h792dp 400dpi nrml long port night finger -keyb/v/h -nav/h winConfig={ mBounds=Rect(0, 0 - 1080, 2160) mAppBounds=Rect(0, 0 - 1080, 2040) mWindowingMode=fullscreen mDisplayWindowingMode=fullscreen mActivityType=undefined mAlwaysOnTop=undefined mRotation=ROTATION_0} s.2858}
04-22 11:00:00.955  1635  1756 I WindowManager: Override config changes=20000480 {1.0 310mcc260mnc [en_US] ldltr sw432dp w432dp h792dp 400dpi nrml long port night finger -keyb/v/h -nav/h winConfig={ mBounds=Rect(0, 0 - 1080, 2160) mAppBounds=Rect(0, 0 - 1080, 2040) mWindowingMode=fullscreen mDisplayWindowingMode=fullscreen mActivityType=undefined mAlwaysOnTop=undefined mRotation=ROTATION_0} s.2858} for displayId=0
04-22 11:00:00.996  1635  3047 W ActivityManager: Slow operation: 77ms so far, now at getContentProviderImpl: after updateOomAdj
04-22 11:00:00.996  1635  3047 W ActivityManager: Slow operation: 78ms so far, now at getContentProviderImpl: done!
04-22 11:00:01.114  1635  2891 D ConnectivityService: NetReassign [no changes]
04-22 11:00:01.536  1635  1775 D CompatibilityChangeReporter: Compat change id reported: 135634846; UID 10208; state: DISABLED
04-22 11:00:01.537  1635  1776 D CompatibilityChangeReporter: Compat change id reported: 143937733; UID 10208; state: DISABLED
04-22 11:00:01.557  1635  1776 I ActivityManager: Start proc 14800:steptracker.healthandfitness.walkingtracker.pedometer:KeeperService/u0a208 for service {steptracker.healthandfitness.walkingtracker.pedometer/com.drojian.servicekeeper.service.EmptyService}
04-22 11:00:04.130  1635  2891 D ConnectivityService: NetReassign [no changes]
04-22 11:00:37.432  1635  2891 I chatty  : uid=1000(system) ConnectivitySer identical 11 lines
04-22 11:00:40.461  1635  2891 D ConnectivityService: NetReassign [no changes]
04-22 11:00:42.428  1635  2884 W NetworkPolicy: shared quota unsupported; generating rule for each iface
04-22 11:00:42.597  1635  1713 I DropBoxManagerService: add tag=event_data isTagEnabled=true flags=0x2
04-22 11:00:42.607  1635  1775 W BroadcastQueue: Background execution not allowed: receiving Intent { act=android.intent.action.DROPBOX_ENTRY_ADDED flg=0x10 (has extras) } to com.google.android.gms/.stats.service.DropBoxEntryAddedReceiver
04-22 11:00:42.610  1635  1775 W BroadcastQueue: Background execution not allowed: receiving Intent { act=android.intent.action.DROPBOX_ENTRY_ADDED flg=0x10 (has extras) } to com.google.android.gms/.chimera.GmsIntentOperationService$PersistentTrustedReceiver
04-22 11:00:42.636  1635  8772 I DropBoxManagerService: add tag=dumpsys:account isTagEnabled=true flags=0x2
04-22 11:00:42.645  1635  1775 W BroadcastQueue: Background execution not allowed: receiving Intent { act=android.intent.action.DROPBOX_ENTRY_ADDED flg=0x10 (has extras) } to com.google.android.gms/.stats.service.DropBoxEntryAddedReceiver
04-22 11:00:42.645  1635  1775 W BroadcastQueue: Background execution not allowed: receiving Intent { act=android.intent.action.DROPBOX_ENTRY_ADDED flg=0x10 (has extras) } to com.google.android.gms/.chimera.GmsIntentOperationService$PersistentTrustedReceiver
04-22 11:00:42.740  1635  3040 I DropBoxManagerService: add tag=platform_stats_bookmark isTagEnabled=true flags=0x2
04-22 11:00:42.745  1635  1775 W BroadcastQueue: Background execution not allowed: receiving Intent { act=android.intent.action.DROPBOX_ENTRY_ADDED flg=0x10 (has extras) } to com.google.android.gms/.stats.service.DropBoxEntryAddedReceiver
04-22 11:00:42.745  1635  1775 W BroadcastQueue: Background execution not allowed: receiving Intent { act=android.intent.action.DROPBOX_ENTRY_ADDED flg=0x10 (has extras) } to com.google.android.gms/.chimera.GmsIntentOperationService$PersistentTrustedReceiver
04-22 11:00:43.475  1635  2891 D ConnectivityService: NetReassign [no changes]
04-22 11:00:46.508  1635  2891 I chatty  : uid=1000(system) ConnectivitySer identical 1 line
04-22 11:00:49.537  1635  2891 D ConnectivityService: NetReassign [no changes]
04-22 11:00:49.749  1635  4623 I ActivityManager: Force stopping com.google.location.nearby.apps.connectedcrossroad appid=10333 user=0: from pid 15004
04-22 11:00:49.762  1635  1775 W BroadcastQueue: Background execution not allowed: receiving Intent { act=android.intent.action.PACKAGE_RESTARTED dat=package:com.google.location.nearby.apps.connectedcrossroad flg=0x10 (has extras) } to steptracker.healthandfitness.walkingtracker.pedometer/com.drojian.stepcounter.receiver.PedometerReceiver
04-22 11:00:49.762  1635  1775 W BroadcastQueue: Background execution not allowed: receiving Intent { act=android.intent.action.PACKAGE_RESTARTED dat=package:com.google.location.nearby.apps.connectedcrossroad flg=0x10 (has extras) } to steptracker.healthandfitness.walkingtracker.pedometer/com.drojian.servicekeeper.receiver.BootReceiver
04-22 11:00:52.555  1635  2891 D ConnectivityService: NetReassign [no changes]
04-22 11:00:55.572  1635  2891 D ConnectivityService: NetReassign [no changes]
04-22 11:00:55.935  1635  1878 I PackageManager: Integrity check passed for file:///data/app/vmdl2014766566.tmp
04-22 11:00:57.037  1635  1878 I PackageManager: Update package com.google.location.nearby.apps.connectedcrossroad code path from /data/app/~~5jszjVrWscoWmhqvwvr8dQ==/com.google.location.nearby.apps.connectedcrossroad-duGCJFTovk66LlCr2Nd8Ig== to /data/app/~~hC4nx5CI_6T3z-6fDKeARw==/com.google.location.nearby.apps.connectedcrossroad-yUXevfM8q7nLARFibn_miw==; Retain data and using new
04-22 11:00:57.037  1635  1878 I PackageManager: Update package com.google.location.nearby.apps.connectedcrossroad resource path from /data/app/~~5jszjVrWscoWmhqvwvr8dQ==/com.google.location.nearby.apps.connectedcrossroad-duGCJFTovk66LlCr2Nd8Ig== to /data/app/~~hC4nx5CI_6T3z-6fDKeARw==/com.google.location.nearby.apps.connectedcrossroad-yUXevfM8q7nLARFibn_miw==; Retain data and using new
04-22 11:00:57.044  1635  1878 D CompatibilityChangeReporter: Compat change id reported: 135549675; UID 10333; state: DISABLED
04-22 11:00:57.205  1635  1775 W BroadcastQueue: Background execution not allowed: receiving Intent { act=android.intent.action.PACKAGE_REMOVED dat=package:com.google.location.nearby.apps.connectedcrossroad flg=0x4000010 (has extras) } to com.android.vending/com.google.android.finsky.packagemanager.impl.PackageMonitorReceiverImpl$RegisteredReceiver
04-22 11:00:57.205  1635  1775 W BroadcastQueue: Background execution not allowed: receiving Intent { act=android.intent.action.PACKAGE_REMOVED dat=package:com.google.location.nearby.apps.connectedcrossroad flg=0x4000010 (has extras) } to com.android.vending/com.google.android.finsky.instantapps.appmanagement.InstantAppRemoveMonitor
04-22 11:00:57.208  1635  1775 W BroadcastQueue: Background execution not allowed: receiving Intent { act=android.intent.action.PACKAGE_REMOVED dat=package:com.google.location.nearby.apps.connectedcrossroad flg=0x4000010 (has extras) } to com.google.android.gms/.games.chimera.GamesSystemBroadcastReceiverProxy
04-22 11:00:57.208  1635  1775 W BroadcastQueue: Background execution not allowed: receiving Intent { act=android.intent.action.PACKAGE_REMOVED dat=package:com.google.location.nearby.apps.connectedcrossroad flg=0x4000010 (has extras) } to com.google.android.gms/.chimera.GmsIntentOperationService$PersistentTrustedReceiver
04-22 11:00:57.209  1635  1775 W BroadcastQueue: Background execution not allowed: receiving Intent { act=android.intent.action.PACKAGE_REMOVED dat=package:com.google.location.nearby.apps.connectedcrossroad flg=0x4000010 (has extras) } to com.google.android.googlequicksearchbox/com.google.android.apps.gsa.googlequicksearchbox.GelStubAppWatcher
04-22 11:00:57.216  1635  1775 W BroadcastQueue: Background execution not allowed: receiving Intent { act=android.intent.action.PACKAGE_REMOVED dat=package:com.google.location.nearby.apps.connectedcrossroad flg=0x4000010 (has extras) } to com.facebook.katana/com.facebook.feed.platformads.AppInstallReceiver
04-22 11:00:57.271  1635  1775 W BroadcastQueue: Background execution not allowed: receiving Intent { act=android.intent.action.PACKAGE_REMOVED dat=package:com.google.location.nearby.apps.connectedcrossroad flg=0x4000010 (has extras) } to com.jaga.ibraceletplus.smartwristband3/com.yc.pedometer.keepalive.KeepAliveReceiver
04-22 11:00:57.271  1635  1775 W BroadcastQueue: Background execution not allowed: receiving Intent { act=android.intent.action.PACKAGE_REMOVED dat=package:com.google.location.nearby.apps.connectedcrossroad flg=0x4000010 (has extras) } to com.microsoft.appmanager/.receiver.InstallUninstallReceiver
04-22 11:00:57.272  1635  1775 W BroadcastQueue: Background execution not allowed: receiving Intent { act=android.intent.action.PACKAGE_REMOVED dat=package:com.google.location.nearby.apps.connectedcrossroad flg=0x4000010 (has extras) } to com.microsoft.appmanager/com.microsoft.mmx.continuity.receiver.InstallUninstallReceiver
04-22 11:00:57.272  1635  1775 W BroadcastQueue: Background execution not allowed: receiving Intent { act=android.intent.action.PACKAGE_REMOVED dat=package:com.google.location.nearby.apps.connectedcrossroad flg=0x4000010 (has extras) } to com.microsoft.emmx/com.microsoft.mmx.continuity.receiver.InstallUninstallReceiver
04-22 11:00:57.272  1635  1775 W BroadcastQueue: Background execution not allowed: receiving Intent { act=android.intent.action.PACKAGE_ADDED dat=package:com.google.location.nearby.apps.connectedcrossroad flg=0x4000010 (has extras) } to com.google.android.packageinstaller/com.android.packageinstaller.PackageInstalledReceiver
04-22 11:00:57.272  1635  1775 W BroadcastQueue: Background execution not allowed: receiving Intent { act=android.intent.action.PACKAGE_ADDED dat=package:com.google.location.nearby.apps.connectedcrossroad flg=0x4000010 (has extras) } to com.android.vending/com.google.android.finsky.packagemanager.impl.PackageMonitorReceiverImpl$RegisteredReceiver
04-22 11:00:57.272  1635  1775 W BroadcastQueue: Background execution not allowed: receiving Intent { act=android.intent.action.PACKAGE_ADDED dat=package:com.google.location.nearby.apps.connectedcrossroad flg=0x4000010 (has extras) } to com.google.android.gms/.games.chimera.GamesSystemBroadcastReceiverProxy
04-22 11:00:57.272  1635  1775 W BroadcastQueue: Background execution not allowed: receiving Intent { act=android.intent.action.PACKAGE_ADDED dat=package:com.google.location.nearby.apps.connectedcrossroad flg=0x4000010 (has extras) } to com.google.android.gms/.gass.chimera.PackageChangeBroadcastReceiver
04-22 11:00:57.272  1635  1775 W BroadcastQueue: Background execution not allowed: receiving Intent { act=android.intent.action.PACKAGE_ADDED dat=package:com.google.location.nearby.apps.connectedcrossroad flg=0x4000010 (has extras) } to com.google.android.gms/.chimera.GmsIntentOperationService$PersistentTrustedReceiver
04-22 11:00:57.273  1635  1775 W BroadcastQueue: Background execution not allowed: receiving Intent { act=android.intent.action.PACKAGE_ADDED dat=package:com.google.location.nearby.apps.connectedcrossroad flg=0x4000010 (has extras) } to com.google.android.googlequicksearchbox/com.google.android.apps.gsa.googlequicksearchbox.GelStubAppWatcher
04-22 11:00:57.274  1635  1775 W BroadcastQueue: Background execution not allowed: receiving Intent { act=android.intent.action.PACKAGE_ADDED dat=package:com.google.location.nearby.apps.connectedcrossroad flg=0x4000010 (has extras) } to com.facebook.katana/com.facebook.feed.platformads.AppInstallReceiver
04-22 11:00:57.277  1635  1713 I ActivityTaskManager: START u0 {act=android.intent.action.MAIN cat=[android.intent.category.LAUNCHER] flg=0x10000000 cmp=com.google.location.nearby.apps.connectedcrossroad/nx.aodv.eval.MainActivity} from uid 2000
04-22 11:00:57.318  1635  1775 W BroadcastQueue: Background execution not allowed: receiving Intent { act=android.intent.action.PACKAGE_ADDED dat=package:com.google.location.nearby.apps.connectedcrossroad flg=0x4000010 (has extras) } to com.jaga.ibraceletplus.smartwristband3/com.yc.pedometer.keepalive.KeepAliveReceiver
04-22 11:00:57.320  1635  1756 D CompatibilityChangeReporter: Compat change id reported: 135634846; UID 10333; state: DISABLED
04-22 11:00:57.320  1635  1776 D CompatibilityChangeReporter: Compat change id reported: 143937733; UID 10333; state: DISABLED
04-22 11:00:57.392  1635  1775 W BroadcastQueue: Background execution not allowed: receiving Intent { act=android.intent.action.PACKAGE_ADDED dat=package:com.google.location.nearby.apps.connectedcrossroad flg=0x4000010 (has extras) } to com.microsoft.appmanager/.receiver.InstallUninstallReceiver
04-22 11:00:57.400  1635  1635 I Telecom : DefaultDialerCache: Refreshing default dialer for user 0: now com.google.android.dialer: DDC.oR@BWQ
04-22 11:00:57.438  1635  1776 W ActivityManager: Slow operation: 119ms so far, now at startProcess: done updating battery stats
04-22 11:00:57.438  1635  1776 W ActivityManager: Slow operation: 119ms so far, now at startProcess: building log message
04-22 11:00:57.438  1635  1776 I ActivityManager: Start proc 15091:com.google.location.nearby.apps.connectedcrossroad/u0a333 for pre-top-activity {com.google.location.nearby.apps.connectedcrossroad/nx.aodv.eval.MainActivity}
04-22 11:00:57.438  1635  1776 W ActivityManager: Slow operation: 119ms so far, now at startProcess: starting to update pids map
04-22 11:00:57.438  1635  1776 W ActivityManager: Slow operation: 119ms so far, now at startProcess: done updating pids map
04-22 11:00:57.442  1635  1775 W BroadcastQueue: Background execution not allowed: receiving Intent { act=android.intent.action.PACKAGE_ADDED dat=package:com.google.location.nearby.apps.connectedcrossroad flg=0x4000010 (has extras) } to com.microsoft.appmanager/com.microsoft.mmx.continuity.receiver.InstallUninstallReceiver
04-22 11:00:57.442  1635  1775 W BroadcastQueue: Background execution not allowed: receiving Intent { act=android.intent.action.PACKAGE_ADDED dat=package:com.google.location.nearby.apps.connectedcrossroad flg=0x4000010 (has extras) } to com.microsoft.emmx/com.microsoft.mmx.continuity.receiver.InstallUninstallReceiver
04-22 11:00:57.447  1635  1635 V BackupManagerConstants: getFullBackupIntervalMilliseconds(...) returns 86400000
04-22 11:00:57.447  1635  1635 V BackupManagerConstants: getFullBackupRequiredNetworkType(...) returns 2
04-22 11:00:57.447  1635  1635 V BackupManagerConstants: getFullBackupRequireCharging(...) returns true
04-22 11:00:57.463  1635  1752 W Looper  : Slow dispatch took 144ms android.fg h=android.os.Handler c=<recycled PooledLambda@4b3e6a1> m=0
04-22 11:00:57.572  1635  1752 W Looper  : Slow delivery took 203ms android.fg h=android.os.Handler c=runnable@4a0d667(RemoteContentCaptureService[ComponentInfo{com.google.android.as/com.google.android.apps.miphone.aiai.app.AiAiContentCaptureService} 75029524 (bound)],com.android.internal.infra.AbstractRemoteService$MyAsyncPendingRequest@5fbfcbd) m=0
04-22 11:00:57.575  1635  3042 W BroadcastQueue: Background execution not allowed: receiving Intent { act=android.intent.action.PACKAGE_REPLACED dat=package:com.google.location.nearby.apps.connectedcrossroad flg=0x4000010 (has extras) } to com.google.android.gms/.gass.chimera.PackageChangeBroadcastReceiver
04-22 11:00:57.609  1635  1775 W BroadcastQueue: Background execution not allowed: receiving Intent { act=android.intent.action.PACKAGE_REPLACED dat=package:com.google.location.nearby.apps.connectedcrossroad flg=0x4000010 (has extras) } to com.google.android.gms/.chimera.GmsIntentOperationService$PersistentTrustedReceiver
04-22 11:00:57.615  1635  1775 W BroadcastQueue: Background execution not allowed: receiving Intent { act=android.intent.action.PACKAGE_REPLACED dat=package:com.google.location.nearby.apps.connectedcrossroad flg=0x4000010 (has extras) } to com.google.android.googlequicksearchbox/com.google.android.apps.gsa.googlequicksearchbox.GelStubAppWatcher
04-22 11:00:57.616  1635  1775 W BroadcastQueue: Background execution not allowed: receiving Intent { act=android.intent.action.PACKAGE_REPLACED dat=package:com.google.location.nearby.apps.connectedcrossroad flg=0x4000010 (has extras) } to com.infonow.bofa/com.bofa.ecom.marvel.application.BofaPackageUpdateReceiver
04-22 11:00:57.617  1635  1775 W BroadcastQueue: Background execution not allowed: receiving Intent { act=android.intent.action.PACKAGE_REPLACED dat=package:com.google.location.nearby.apps.connectedcrossroad flg=0x4000010 (has extras) } to com.microsoft.appmanager/com.microsoft.mmx.continuity.receiver.InstallUninstallReceiver
04-22 11:00:57.617  1635  1775 W BroadcastQueue: Background execution not allowed: receiving Intent { act=android.intent.action.PACKAGE_REPLACED dat=package:com.google.location.nearby.apps.connectedcrossroad flg=0x4000010 (has extras) } to com.microsoft.emmx/com.microsoft.mmx.continuity.receiver.InstallUninstallReceiver
04-22 11:00:57.617  1635  1775 W BroadcastQueue: Background execution not allowed: receiving Intent { act=android.intent.action.PACKAGE_REPLACED dat=package:com.google.location.nearby.apps.connectedcrossroad flg=0x4000010 (has extras) } to steptracker.healthandfitness.walkingtracker.pedometer/com.drojian.stepcounter.receiver.PedometerReceiver
04-22 11:00:57.617  1635  1775 W BroadcastQueue: Background execution not allowed: receiving Intent { act=android.intent.action.PACKAGE_REPLACED dat=package:com.google.location.nearby.apps.connectedcrossroad flg=0x4000010 (has extras) } to steptracker.healthandfitness.walkingtracker.pedometer/com.drojian.servicekeeper.receiver.BootReceiver
04-22 11:00:57.673  1635  1752 W Looper  : Slow dispatch took 101ms android.fg h=android.os.Handler c=<recycled PooledLambda@1f46406> m=0
04-22 11:00:57.842  1635  2884 W NetworkPolicy: shared quota unsupported; generating rule for each iface
04-22 11:00:58.141  1635  1752 W Looper  : Slow dispatch took 132ms android.fg h=android.os.Handler c=<recycled PooledLambda@71ec582> m=0
04-22 11:00:58.257  1635  1752 W Looper  : Slow dispatch took 116ms android.fg h=android.os.Handler c=<recycled PooledLambda@ddf0c9c> m=0
04-22 11:00:58.526  1635  1752 W Looper  : Slow dispatch took 126ms android.fg h=android.os.Handler c=<recycled PooledLambda@d5cfdfa> m=0
04-22 11:00:58.587  1635  2891 D ConnectivityService: NetReassign [no changes]
04-22 11:00:58.609  1635  4630 D CompatibilityChangeReporter: Compat change id reported: 136274596; UID 10333; state: DISABLED
04-22 11:00:58.632  1635  1752 W Looper  : Slow dispatch took 107ms android.fg h=android.os.Handler c=<recycled PooledLambda@dff9c40> m=0
04-22 11:00:58.856  1635 11490 I ActivityManager: Process com.google.android.googlequicksearchbox:assistant (pid 6777) has died: cch+80 CACC
04-22 11:00:58.857  1635 11490 W ActivityManager: Scheduling restart of crashed service com.google.android.googlequicksearchbox/com.google.android.apps.search.assistant.platform.appintegration.endpoint.AppIntegrationService in 1000ms for connection
04-22 11:00:59.063  1635  1752 W Looper  : Drained
04-22 11:01:00.951  1635  2884 W NetworkPolicy: shared quota unsupported; generating rule for each iface
04-22 11:01:01.325  1635  2884 I chatty  : uid=1000(system) NetworkPolicy identical 1 line
04-22 11:01:01.571  1635  2884 W NetworkPolicy: shared quota unsupported; generating rule for each iface
04-22 11:01:01.591  1635  2891 D ConnectivityService: NetReassign [no changes]
04-22 11:01:01.669  1635  2884 W NetworkPolicy: shared quota unsupported; generating rule for each iface
04-22 11:01:01.795  1635  2881 E SystemServiceRegistry: Manager wrapper not available: face
04-22 11:01:01.796  1635  2881 I StatsPullAtomService: No runtime appop access message collected
04-22 11:01:01.796  1635  1775 I DropBoxManagerService: add tag=system_server_wtf isTagEnabled=true flags=0x2
04-22 11:01:01.922  1635  2881 W SettingsStatsUtil: Can not parse value to float: gps,network
04-22 11:01:03.328  1635  3040 I ActivityManager: Process com.google.android.cellbroadcastreceiver (pid 11978) has died: cch+85 CEM 
04-22 11:01:03.514  1635  2881 I ActivityManager: Process com.discord (pid 2612) has died: cch+75 CEM 
04-22 11:01:03.806  1635  1775 W BroadcastQueue: Background execution not allowed: receiving Intent { act=android.intent.action.DROPBOX_ENTRY_ADDED flg=0x10 (has extras) } to com.google.android.gms/.stats.service.DropBoxEntryAddedReceiver
04-22 11:01:03.806  1635  1775 W BroadcastQueue: Background execution not allowed: receiving Intent { act=android.intent.action.DROPBOX_ENTRY_ADDED flg=0x10 (has extras) } to com.google.android.gms/.chimera.GmsIntentOperationService$PersistentTrustedReceiver
04-22 11:01:04.001  1635 11490 I ActivityManager: Process android.process.acore (pid 10587) has died: cch+75 CEM 
04-22 11:01:04.088  1635  3040 I ActivityManager: Process com.google.android.webview:sandboxed_process0:org.chromium.content.app.SandboxedProcessService0:0 (pid 27618) has died: cch+70 CACC
04-22 11:01:04.089  1635  3040 W ActivityManager: Scheduling restart of crashed service com.microsoft.office.outlook/org.chromium.content.app.SandboxedProcessService0:0 in 1000ms for connection
04-22 11:01:04.124  1635 11490 I ActivityManager: Process com.google.android.apps.wearables.maestro.companion (pid 1698) has died: cch+65 CEM 
04-22 11:01:04.593  1635  3047 D ConnectivityService: ConnectivityService NetworkRequestInfo binderDied(NetworkRequest [ LISTEN id=509, [ Capabilities: INTERNET&NOT_RESTRICTED&TRUSTED&NOT_VPN&FOREGROUND Uid: 10272 AdministratorUids: [] RequestorUid: 10272 RequestorPackageName: com.microsoft.office.outlook] ], android.os.BinderProxy@9518a94)
04-22 11:01:04.594  1635 12414 D ConnectivityService: ConnectivityService NetworkRequestInfo binderDied(NetworkRequest [ TRACK_DEFAULT id=513, [ Capabilities: INTERNET&NOT_RESTRICTED&TRUSTED Uid: 10272 AdministratorUids: [] RequestorUid: 10272 RequestorPackageName: com.microsoft.office.outlook] ], android.os.BinderProxy@d52f532)
04-22 11:01:04.594  1635  4612 D ConnectivityService: ConnectivityService NetworkRequestInfo binderDied(NetworkRequest [ TRACK_DEFAULT id=510, [ Capabilities: INTERNET&NOT_RESTRICTED&TRUSTED Uid: 10272 AdministratorUids: [] RequestorUid: 10272 RequestorPackageName: com.microsoft.office.outlook] ], android.os.BinderProxy@269493d)
04-22 11:01:04.594  1635  8900 I WindowManager: WIN DEATH: Window{a0a57e3 u0 com.microsoft.office.outlook/com.acompli.acompli.CentralActivity}
04-22 11:01:04.595  1635  3040 I ActivityManager: Process com.microsoft.office.outlook (pid 14638) has died: cch+60 CAC 
04-22 11:01:04.595  1635  2891 D ConnectivityService: releasing NetworkRequest [ TRACK_DEFAULT id=513, [ Capabilities: INTERNET&NOT_RESTRICTED&TRUSTED Uid: 10272 AdministratorUids: [] RequestorUid: 10272 RequestorPackageName: com.microsoft.office.outlook] ] (release request)
04-22 11:01:04.595  1635  4612 D ConnectivityService: ConnectivityService NetworkRequestInfo binderDied(NetworkRequest [ TRACK_DEFAULT id=730, [ Capabilities: INTERNET&NOT_RESTRICTED&TRUSTED Uid: 10272 AdministratorUids: [] RequestorUid: 10272 RequestorPackageName: com.microsoft.office.outlook] ], android.os.BinderProxy@9b3d283)
04-22 11:01:04.596  1635  2891 D ConnectivityService: releasing NetworkRequest [ TRACK_DEFAULT id=510, [ Capabilities: INTERNET&NOT_RESTRICTED&TRUSTED Uid: 10272 AdministratorUids: [] RequestorUid: 10272 RequestorPackageName: com.microsoft.office.outlook] ] (release request)
04-22 11:01:04.596  1635  2891 D ConnectivityService: releasing NetworkRequest [ TRACK_DEFAULT id=730, [ Capabilities: INTERNET&NOT_RESTRICTED&TRUSTED Uid: 10272 AdministratorUids: [] RequestorUid: 10272 RequestorPackageName: com.microsoft.office.outlook] ] (release request)
04-22 11:01:04.596  1635  8772 D ConnectivityService: ConnectivityService NetworkRequestInfo binderDied(NetworkRequest [ LISTEN id=731, [ Capabilities: INTERNET&NOT_RESTRICTED&TRUSTED&FOREGROUND Uid: 10272 AdministratorUids: [] RequestorUid: 10272 RequestorPackageName: com.microsoft.office.outlook] ], android.os.BinderProxy@8263c39)
04-22 11:01:04.602  1635  2891 D ConnectivityService: NetReassign [no changes]
04-22 11:01:04.611  1635  1756 W ActivityManager: setHasOverlayUi called on unknown pid: 14638
04-22 11:01:04.833  1635  1635 D BluetoothManagerService: Bluetooth Adapter name changed to IkF5dzRbye0AAAAAAAAAATE
04-22 11:01:04.834  1635  1635 D BluetoothManagerService: Stored Bluetooth name: IkF5dzRbye0AAAAAAAAAATE
04-22 11:01:05.200  1635  2893 D NsdService: Register service
04-22 11:01:05.201  1635  2893 D NsdService: registerService: 12 name: IkF5dzRbye0AAA, type: _5BC9ED5E6C75._tcp, host: null, port: 43097, txtRecord: n=MQIPv4=192.168.1.17
04-22 11:01:05.201  1635  2893 D NsdService: mdnssd [register, 12, IkF5dzRbye0AAA, _5BC9ED5E6C75._tcp, 43097, BG49TVERSVB2ND0xOTIuMTY4LjEuMTc=]
04-22 11:01:05.210  1635  2893 D NsdService: Register 12 12
04-22 11:01:05.856  1635  2893 D NsdService: Native daemon message SERVICE_REGISTERED: 606 12 "IkF5dzRbye0AAA"
04-22 11:01:05.877  1635  3040 E AppOps  : attributionTag com.google.android.gms.nearby not declared in manifest of com.google.location.nearby.apps.connectedcrossroad
04-22 11:01:07.621  1635  2891 D ConnectivityService: NetReassign [no changes]
04-22 11:01:09.174  1635  3038 D CompatibilityChangeReporter: Compat change id reported: 135634846; UID 10140; state: DISABLED
04-22 11:01:09.175  1635  1776 D CompatibilityChangeReporter: Compat change id reported: 143937733; UID 10140; state: ENABLED
04-22 11:01:09.207  1635  1776 I ActivityManager: Start proc 15288:com.google.android.apps.wearables.maestro.companion/u0a140 for broadcast {com.google.android.apps.wearables.maestro.companion/com.google.android.apps.wearables.maestro.companion.connectivity.ClassicBTReceiver}
04-22 11:01:10.637  1635  2891 D ConnectivityService: NetReassign [no changes]
04-22 11:01:19.683  1635  2891 I chatty  : uid=1000(system) ConnectivitySer identical 3 lines
04-22 11:01:22.703  1635  2891 D ConnectivityService: NetReassign [no changes]
04-22 11:01:22.969  1635  8772 W BroadcastQueue: Background execution not allowed: receiving Intent { act=android.bluetooth.device.action.BOND_STATE_CHANGED flg=0x10 (has extras) } to com.google.android.gms/.chimera.GmsIntentOperationService$PersistentTrustedReceiver
04-22 11:01:22.976  1635  1775 W BroadcastQueue: Background execution not allowed: receiving Intent { act=android.bluetooth.device.action.BOND_STATE_CHANGED flg=0x10 (has extras) } to com.google.android.googlequicksearchbox/com.google.android.apps.gsa.broadcastreceiver.external.ExternalCommonBroadcastReceiver
