04-22 11:18:11.758  1635  1635 W NotificationHistory: Attempted to add notif for locked/gone/disabled user 0
04-22 11:18:12.828  1635  2891 D ConnectivityService: NetReassign [no changes]
04-22 11:18:15.848  1635  2891 D ConnectivityService: NetReassign [no changes]
04-22 11:18:16.602  1635  1635 D CompatibilityChangeReporter: Compat change id reported: 135634846; UID 10272; state: DISABLED
04-22 11:18:16.603  1635  1776 D CompatibilityChangeReporter: Compat change id reported: 143937733; UID 10272; state: DISABLED
04-22 11:18:16.627  1635  1776 I ActivityManager: Start proc 18246:com.microsoft.office.outlook/u0a272 for service {com.microsoft.office.outlook/androidx.work.impl.background.systemjob.SystemJobService}
04-22 11:18:17.117  1635  2891 D ConnectivityService: NetReassign [no changes]
04-22 11:18:17.229  1635 11678 D ConnectivityService: requestNetwork for uid/pid:10272/18246 NetworkRequest [ TRACK_DEFAULT id=787, [ Capabilities: INTERNET&NOT_RESTRICTED&TRUSTED Uid: 10272 AdministratorUids: [] RequestorUid: 10272 RequestorPackageName: com.microsoft.office.outlook] ]
04-22 11:18:17.230  1635  2891 D ConnectivityService: NetReassign [787 : null  135]
04-22 11:18:18.859  1635  2891 D ConnectivityService: NetReassign [no changes]
04-22 11:18:27.938  1635  2891 I chatty  : uid=1000(system) ConnectivitySer identical 3 lines
04-22 11:18:30.959  1635  2891 D ConnectivityService: NetReassign [no changes]
04-22 11:18:33.364  1635  8900 D ConnectivityService: requestNetwork for uid/pid:10272/18246 NetworkRequest [ TRACK_DEFAULT id=788, [ Capabilities: INTERNET&NOT_RESTRICTED&TRUSTED Uid: 10272 AdministratorUids: [] RequestorUid: 10272 RequestorPackageName: com.microsoft.office.outlook] ]
04-22 11:18:33.364  1635  2891 D ConnectivityService: NetReassign [788 : null  135]
04-22 11:18:33.980  1635  2891 D ConnectivityService: NetReassign [no changes]
04-22 11:18:52.117  1635  2891 I chatty  : uid=1000(system) ConnectivitySer identical 6 lines
04-22 11:18:55.140  1635  2891 D ConnectivityService: NetReassign [no changes]
04-22 11:18:57.099  1635  8900 I ActivityManager: Force stopping com.google.location.nearby.apps.connectedcrossroad appid=10333 user=0: from pid 18467
04-22 11:18:57.101  1635  8900 I ActivityManager: Killing 17893:com.google.location.nearby.apps.connectedcrossroad/u0a333 (adj 0): stop com.google.location.nearby.apps.connectedcrossroad due to from pid 18467
04-22 11:18:57.104  1635  8900 W ActivityTaskManager: Force removing ActivityRecord{22cabcc u0 com.google.location.nearby.apps.connectedcrossroad/nx.aodv.eval.MainActivity t8096 f}}: app died, no saved state
04-22 11:18:57.135  1635  1775 W BroadcastQueue: Background execution not allowed: receiving Intent { act=android.intent.action.PACKAGE_RESTARTED dat=package:com.google.location.nearby.apps.connectedcrossroad flg=0x10 (has extras) } to steptracker.healthandfitness.walkingtracker.pedometer/com.drojian.stepcounter.receiver.PedometerReceiver
04-22 11:18:57.149  1635  1775 W BroadcastQueue: Background execution not allowed: receiving Intent { act=android.intent.action.PACKAGE_RESTARTED dat=package:com.google.location.nearby.apps.connectedcrossroad flg=0x10 (has extras) } to steptracker.healthandfitness.walkingtracker.pedometer/com.drojian.servicekeeper.receiver.BootReceiver
04-22 11:18:57.163  1635  1756 W ActivityManager: setHasOverlayUi called on unknown pid: 17893
04-22 11:18:57.164  1635  4930 D AutofillSession: handling death of Token{2a80974 ActivityRecord{22cabcc u0 com.google.location.nearby.apps.connectedcrossroad/nx.aodv.eval.MainActivity t-1 f}}} when saving=false
04-22 11:18:58.161  1635  2891 D ConnectivityService: NetReassign [no changes]
04-22 11:18:58.703  1635  2884 W NetworkPolicy: shared quota unsupported; generating rule for each iface
04-22 11:18:59.547  1635  2893 D NsdService: unregister service
04-22 11:18:59.547  1635  2893 D NsdService: mdnssd [stop-register, 18]
04-22 11:18:59.559  1635  1635 D BluetoothManagerService: Bluetooth Adapter name changed to Pixel 3a XL
04-22 11:18:59.559  1635  1635 D BluetoothManagerService: Stored Bluetooth name: Pixel 3a XL
04-22 11:19:01.183  1635  2891 D ConnectivityService: NetReassign [no changes]
04-22 11:19:10.268  1635  2891 I chatty  : uid=1000(system) ConnectivitySer identical 3 lines
04-22 11:19:13.293  1635  2891 D ConnectivityService: NetReassign [no changes]
04-22 11:19:13.612  1635  1878 I PackageManager: Integrity check passed for file:///data/app/vmdl2105998507.tmp
04-22 11:19:13.637  1635  1878 I PackageManager: Update package com.google.location.nearby.apps.connectedcrossroad code path from /data/app/~~YQW0BEVtDNcqRhX_VfM3rw==/com.google.location.nearby.apps.connectedcrossroad-sMt4hwdJhP2eerko6fqhBw== to /data/app/~~iYtU715hHrkzaxvzmqy12w==/com.google.location.nearby.apps.connectedcrossroad-uH9NvUYPYINyWzvPgtx0_Q==; Retain data and using new
04-22 11:19:13.637  1635  1878 I PackageManager: Update package com.google.location.nearby.apps.connectedcrossroad resource path from /data/app/~~YQW0BEVtDNcqRhX_VfM3rw==/com.google.location.nearby.apps.connectedcrossroad-sMt4hwdJhP2eerko6fqhBw== to /data/app/~~iYtU715hHrkzaxvzmqy12w==/com.google.location.nearby.apps.connectedcrossroad-uH9NvUYPYINyWzvPgtx0_Q==; Retain data and using new
04-22 11:19:13.643  1635  1878 D CompatibilityChangeReporter: Compat change id reported: 135549675; UID 10333; state: DISABLED
04-22 11:19:13.789  1635  1775 W BroadcastQueue: Background execution not allowed: receiving Intent { act=android.intent.action.PACKAGE_REMOVED dat=package:com.google.location.nearby.apps.connectedcrossroad flg=0x4000010 (has extras) } to com.android.vending/com.google.android.finsky.packagemanager.impl.PackageMonitorReceiverImpl$RegisteredReceiver
04-22 11:19:13.789  1635  1775 W BroadcastQueue: Background execution not allowed: receiving Intent { act=android.intent.action.PACKAGE_REMOVED dat=package:com.google.location.nearby.apps.connectedcrossroad flg=0x4000010 (has extras) } to com.android.vending/com.google.android.finsky.instantapps.appmanagement.InstantAppRemoveMonitor
04-22 11:19:13.790  1635  1775 W BroadcastQueue: Background execution not allowed: receiving Intent { act=android.intent.action.PACKAGE_REMOVED dat=package:com.google.location.nearby.apps.connectedcrossroad flg=0x4000010 (has extras) } to com.google.android.gms/.games.chimera.GamesSystemBroadcastReceiverProxy
04-22 11:19:13.791  1635  1775 W BroadcastQueue: Background execution not allowed: receiving Intent { act=android.intent.action.PACKAGE_REMOVED dat=package:com.google.location.nearby.apps.connectedcrossroad flg=0x4000010 (has extras) } to com.google.android.gms/.chimera.GmsIntentOperationService$PersistentTrustedReceiver
04-22 11:19:13.791  1635  1775 W BroadcastQueue: Background execution not allowed: receiving Intent { act=android.intent.action.PACKAGE_REMOVED dat=package:com.google.location.nearby.apps.connectedcrossroad flg=0x4000010 (has extras) } to com.google.android.googlequicksearchbox/com.google.android.apps.gsa.googlequicksearchbox.GelStubAppWatcher
04-22 11:19:13.791  1635  1775 W BroadcastQueue: Background execution not allowed: receiving Intent { act=android.intent.action.PACKAGE_REMOVED dat=package:com.google.location.nearby.apps.connectedcrossroad flg=0x4000010 (has extras) } to com.facebook.katana/com.facebook.feed.platformads.AppInstallReceiver
04-22 11:19:13.791  1635  1775 W BroadcastQueue: Background execution not allowed: receiving Intent { act=android.intent.action.PACKAGE_REMOVED dat=package:com.google.location.nearby.apps.connectedcrossroad flg=0x4000010 (has extras) } to com.jaga.ibraceletplus.smartwristband3/com.yc.pedometer.keepalive.KeepAliveReceiver
04-22 11:19:13.791  1635  1775 W BroadcastQueue: Background execution not allowed: receiving Intent { act=android.intent.action.PACKAGE_REMOVED dat=package:com.google.location.nearby.apps.connectedcrossroad flg=0x4000010 (has extras) } to com.microsoft.appmanager/.receiver.InstallUninstallReceiver
04-22 11:19:13.791  1635  1775 W BroadcastQueue: Background execution not allowed: receiving Intent { act=android.intent.action.PACKAGE_REMOVED dat=package:com.google.location.nearby.apps.connectedcrossroad flg=0x4000010 (has extras) } to com.microsoft.appmanager/com.microsoft.mmx.continuity.receiver.InstallUninstallReceiver
04-22 11:19:13.798  1635  1775 W BroadcastQueue: Background execution not allowed: receiving Intent { act=android.intent.action.PACKAGE_REMOVED dat=package:com.google.location.nearby.apps.connectedcrossroad flg=0x4000010 (has extras) } to com.microsoft.emmx/com.microsoft.mmx.continuity.receiver.InstallUninstallReceiver
04-22 11:19:13.802  1635  1775 W BroadcastQueue: Background execution not allowed: receiving Intent { act=android.intent.action.PACKAGE_ADDED dat=package:com.google.location.nearby.apps.connectedcrossroad flg=0x4000010 (has extras) } to com.google.android.packageinstaller/com.android.packageinstaller.PackageInstalledReceiver
04-22 11:19:13.802  1635  1775 W BroadcastQueue: Background execution not allowed: receiving Intent { act=android.intent.action.PACKAGE_ADDED dat=package:com.google.location.nearby.apps.connectedcrossroad flg=0x4000010 (has extras) } to com.android.vending/com.google.android.finsky.packagemanager.impl.PackageMonitorReceiverImpl$RegisteredReceiver
04-22 11:19:13.803  1635  1775 W BroadcastQueue: Background execution not allowed: receiving Intent { act=android.intent.action.PACKAGE_ADDED dat=package:com.google.location.nearby.apps.connectedcrossroad flg=0x4000010 (has extras) } to com.google.android.gms/.games.chimera.GamesSystemBroadcastReceiverProxy
04-22 11:19:13.803  1635  1775 W BroadcastQueue: Background execution not allowed: receiving Intent { act=android.intent.action.PACKAGE_ADDED dat=package:com.google.location.nearby.apps.connectedcrossroad flg=0x4000010 (has extras) } to com.google.android.gms/.gass.chimera.PackageChangeBroadcastReceiver
04-22 11:19:13.803  1635  1775 W BroadcastQueue: Background execution not allowed: receiving Intent { act=android.intent.action.PACKAGE_ADDED dat=package:com.google.location.nearby.apps.connectedcrossroad flg=0x4000010 (has extras) } to com.google.android.gms/.chimera.GmsIntentOperationService$PersistentTrustedReceiver
04-22 11:19:13.804  1635  1775 W BroadcastQueue: Background execution not allowed: receiving Intent { act=android.intent.action.PACKAGE_ADDED dat=package:com.google.location.nearby.apps.connectedcrossroad flg=0x4000010 (has extras) } to com.google.android.googlequicksearchbox/com.google.android.apps.gsa.googlequicksearchbox.GelStubAppWatcher
04-22 11:19:13.804  1635  1775 W BroadcastQueue: Background execution not allowed: receiving Intent { act=android.intent.action.PACKAGE_ADDED dat=package:com.google.location.nearby.apps.connectedcrossroad flg=0x4000010 (has extras) } to com.facebook.katana/com.facebook.feed.platformads.AppInstallReceiver
04-22 11:19:13.804  1635  1775 W BroadcastQueue: Background execution not allowed: receiving Intent { act=android.intent.action.PACKAGE_ADDED dat=package:com.google.location.nearby.apps.connectedcrossroad flg=0x4000010 (has extras) } to com.jaga.ibraceletplus.smartwristband3/com.yc.pedometer.keepalive.KeepAliveReceiver
04-22 11:19:13.804  1635  1775 W BroadcastQueue: Background execution not allowed: receiving Intent { act=android.intent.action.PACKAGE_ADDED dat=package:com.google.location.nearby.apps.connectedcrossroad flg=0x4000010 (has extras) } to com.microsoft.appmanager/.receiver.InstallUninstallReceiver
04-22 11:19:13.804  1635  1775 W BroadcastQueue: Background execution not allowed: receiving Intent { act=android.intent.action.PACKAGE_ADDED dat=package:com.google.location.nearby.apps.connectedcrossroad flg=0x4000010 (has extras) } to com.microsoft.appmanager/com.microsoft.mmx.continuity.receiver.InstallUninstallReceiver
04-22 11:19:13.804  1635  1775 W BroadcastQueue: Background execution not allowed: receiving Intent { act=android.intent.action.PACKAGE_ADDED dat=package:com.google.location.nearby.apps.connectedcrossroad flg=0x4000010 (has extras) } to com.microsoft.emmx/com.microsoft.mmx.continuity.receiver.InstallUninstallReceiver
04-22 11:19:13.879  1635 11490 I ActivityTaskManager: START u0 {act=android.intent.action.MAIN cat=[android.intent.category.LAUNCHER] flg=0x10000000 cmp=com.google.location.nearby.apps.connectedcrossroad/nx.aodv.eval.MainActivity} from uid 2000
04-22 11:19:13.905  1635  1635 W Looper  : Slow dispatch took 127ms main h=android.app.ActivityThread$H c=android.app.-$$Lambda$LoadedApk$ReceiverDispatcher$Args$_BumDX2UKsnxLVrE6UJsJZkotuA@3ad65df m=0
04-22 11:19:13.948  1635  1756 D CompatibilityChangeReporter: Compat change id reported: 135634846; UID 10333; state: DISABLED
04-22 11:19:13.949  1635  1754 W Looper  : Slow dispatch took 133ms android.ui h=com.android.server.am.ActivityManagerService$UiHandler c=null m=53
04-22 11:19:13.950  1635  1776 D CompatibilityChangeReporter: Compat change id reported: 143937733; UID 10333; state: DISABLED
04-22 11:19:13.973  1635  1635 I Telecom : DefaultDialerCache: Refreshing default dialer for user 0: now com.google.android.dialer: DDC.oR@BYU
04-22 11:19:14.011  1635  1776 W ActivityManager: Slow operation: 72ms so far, now at startProcess: done updating battery stats
04-22 11:19:14.011  1635  1776 W ActivityManager: Slow operation: 72ms so far, now at startProcess: building log message
04-22 11:19:14.011  1635  1776 I ActivityManager: Start proc 18559:com.google.location.nearby.apps.connectedcrossroad/u0a333 for pre-top-activity {com.google.location.nearby.apps.connectedcrossroad/nx.aodv.eval.MainActivity}
04-22 11:19:14.011  1635  1776 W ActivityManager: Slow operation: 72ms so far, now at startProcess: starting to update pids map
04-22 11:19:14.011  1635  1776 W ActivityManager: Slow operation: 72ms so far, now at startProcess: done updating pids map
04-22 11:19:14.012  1635  1635 V BackupManagerConstants: getFullBackupIntervalMilliseconds(...) returns 86400000
04-22 11:19:14.012  1635  1635 V BackupManagerConstants: getFullBackupRequiredNetworkType(...) returns 2
04-22 11:19:14.012  1635  1635 V BackupManagerConstants: getFullBackupRequireCharging(...) returns true
04-22 11:19:14.015  1635  1752 W Looper  : Slow dispatch took 141ms android.fg h=android.os.Handler c=<recycled PooledLambda@ab1166> m=0
04-22 11:19:14.185  1635  4623 W BroadcastQueue: Background execution not allowed: receiving Intent { act=android.intent.action.PACKAGE_REPLACED dat=package:com.google.location.nearby.apps.connectedcrossroad flg=0x4000010 (has extras) } to com.google.android.gms/.gass.chimera.PackageChangeBroadcastReceiver
04-22 11:19:14.187  1635  1775 W BroadcastQueue: Background execution not allowed: receiving Intent { act=android.intent.action.PACKAGE_REPLACED dat=package:com.google.location.nearby.apps.connectedcrossroad flg=0x4000010 (has extras) } to com.google.android.gms/.chimera.GmsIntentOperationService$PersistentTrustedReceiver
04-22 11:19:14.188  1635  1775 W BroadcastQueue: Background execution not allowed: receiving Intent { act=android.intent.action.PACKAGE_REPLACED dat=package:com.google.location.nearby.apps.connectedcrossroad flg=0x4000010 (has extras) } to com.google.android.googlequicksearchbox/com.google.android.apps.gsa.googlequicksearchbox.GelStubAppWatcher
04-22 11:19:14.189  1635  1775 W BroadcastQueue: Background execution not allowed: receiving Intent { act=android.intent.action.PACKAGE_REPLACED dat=package:com.google.location.nearby.apps.connectedcrossroad flg=0x4000010 (has extras) } to com.infonow.bofa/com.bofa.ecom.marvel.application.BofaPackageUpdateReceiver
04-22 11:19:14.189  1635  1775 W BroadcastQueue: Background execution not allowed: receiving Intent { act=android.intent.action.PACKAGE_REPLACED dat=package:com.google.location.nearby.apps.connectedcrossroad flg=0x4000010 (has extras) } to com.microsoft.appmanager/com.microsoft.mmx.continuity.receiver.InstallUninstallReceiver
04-22 11:19:14.189  1635  1775 W BroadcastQueue: Background execution not allowed: receiving Intent { act=android.intent.action.PACKAGE_REPLACED dat=package:com.google.location.nearby.apps.connectedcrossroad flg=0x4000010 (has extras) } to com.microsoft.emmx/com.microsoft.mmx.continuity.receiver.InstallUninstallReceiver
04-22 11:19:14.189  1635  1775 W BroadcastQueue: Background execution not allowed: receiving Intent { act=android.intent.action.PACKAGE_REPLACED dat=package:com.google.location.nearby.apps.connectedcrossroad flg=0x4000010 (has extras) } to steptracker.healthandfitness.walkingtracker.pedometer/com.drojian.stepcounter.receiver.PedometerReceiver
04-22 11:19:14.189  1635  1775 W BroadcastQueue: Background execution not allowed: receiving Intent { act=android.intent.action.PACKAGE_REPLACED dat=package:com.google.location.nearby.apps.connectedcrossroad flg=0x4000010 (has extras) } to steptracker.healthandfitness.walkingtracker.pedometer/com.drojian.servicekeeper.receiver.BootReceiver
04-22 11:19:14.254  1635  1752 W Looper  : Slow dispatch took 211ms android.fg h=android.os.Handler c=<recycled PooledLambda@60ad2d8> m=0
04-22 11:19:14.317  1635  1752 W Looper  : Slow delivery took 381ms android.fg h=android.os.Handler c=<recycled PooledLambda@4ac04d1> m=0
04-22 11:19:14.348  1635  2884 W NetworkPolicy: shared quota unsupported; generating rule for each iface
04-22 11:19:14.458  1635  1752 W Looper  : Slow dispatch took 101ms android.fg h=android.os.Handler c=<recycled PooledLambda@891ef04> m=0
04-22 11:19:14.569  1635  1752 W Looper  : Slow dispatch took 111ms android.fg h=android.os.Handler c=<recycled PooledLambda@aa1e4de> m=0
04-22 11:19:14.643  1635  9801 D CompatibilityChangeReporter: Compat change id reported: 136274596; UID 10333; state: DISABLED
04-22 11:19:14.795  1635  1752 W Looper  : Slow dispatch took 130ms android.fg h=android.os.Handler c=<recycled PooledLambda@f5953b> m=0
04-22 11:19:15.305  1635  2884 W NetworkPolicy: shared quota unsupported; generating rule for each iface
04-22 11:19:15.481  1635  2884 I chatty  : uid=1000(system) NetworkPolicy identical 1 line
04-22 11:19:15.524  1635  2884 W NetworkPolicy: shared quota unsupported; generating rule for each iface
04-22 11:19:15.559  1635  1752 W Looper  : Drained
04-22 11:19:15.997  1635  2884 W NetworkPolicy: shared quota unsupported; generating rule for each iface
04-22 11:19:16.132  1635  9377 E SystemServiceRegistry: Manager wrapper not available: face
04-22 11:19:16.133  1635  1775 I DropBoxManagerService: add tag=system_server_wtf isTagEnabled=true flags=0x2
04-22 11:19:16.225  1635  6941 W SettingsStatsUtil: Can not parse value to float: gps,network
04-22 11:19:16.304  1635  2891 D ConnectivityService: NetReassign [no changes]
04-22 11:19:18.142  1635  1775 W BroadcastQueue: Background execution not allowed: receiving Intent { act=android.intent.action.DROPBOX_ENTRY_ADDED flg=0x10 (has extras) } to com.google.android.gms/.stats.service.DropBoxEntryAddedReceiver
04-22 11:19:18.142  1635  1775 W BroadcastQueue: Background execution not allowed: receiving Intent { act=android.intent.action.DROPBOX_ENTRY_ADDED flg=0x10 (has extras) } to com.google.android.gms/.chimera.GmsIntentOperationService$PersistentTrustedReceiver
04-22 11:19:19.320  1635  2891 D ConnectivityService: NetReassign [no changes]
04-22 11:19:34.428  1635  2891 I chatty  : uid=1000(system) ConnectivitySer identical 5 lines
04-22 11:19:37.452  1635  2891 D ConnectivityService: NetReassign [no changes]
04-22 11:19:39.066  1635  1635 D BluetoothManagerService: Bluetooth Adapter name changed to ImttekRbye0AAAAAAAAAATE
04-22 11:19:39.067  1635  1635 D BluetoothManagerService: Stored Bluetooth name: ImttekRbye0AAAAAAAAAATE
04-22 11:19:39.401  1635  2893 D NsdService: Register service
04-22 11:19:39.401  1635  2893 D NsdService: registerService: 19 name: ImttekRbye0AAA, type: _5BC9ED5E6C75._tcp, host: null, port: 41551, txtRecord: n=MQIPv4=192.168.1.17
04-22 11:19:39.401  1635  2893 D NsdService: mdnssd [register, 19, ImttekRbye0AAA, _5BC9ED5E6C75._tcp, 41551, BG49TVERSVB2ND0xOTIuMTY4LjEuMTc=]
04-22 11:19:39.403  1635  2893 D NsdService: Register 19 19
04-22 11:19:40.110  1635  2893 D NsdService: Native daemon message SERVICE_REGISTERED: 606 19 "ImttekRbye0AAA"
04-22 11:19:40.118  1635  3042 E AppOps  : attributionTag com.google.android.gms.nearby not declared in manifest of com.google.location.nearby.apps.connectedcrossroad
04-22 11:19:40.466  1635  2891 D ConnectivityService: NetReassign [no changes]
04-22 11:19:52.540  1635  2891 I chatty  : uid=1000(system) ConnectivitySer identical 4 lines
04-22 11:19:55.564  1635  2891 D ConnectivityService: NetReassign [no changes]
04-22 11:19:56.084  1635  1775 I ActivityManager: Waited long enough for: ServiceRecord{f18dee3 u0 com.google.android.googlequicksearchbox/com.google.android.apps.gsa.shared.util.keepalive.StandaloneKeepAlive$KeepAliveService}
04-22 11:19:58.590  1635  2891 D ConnectivityService: NetReassign [no changes]
04-22 11:20:01.614  1635  2891 D ConnectivityService: NetReassign [no changes]
04-22 11:20:03.651  1635  2884 W NetworkPolicy: shared quota unsupported; generating rule for each iface
04-22 11:20:04.634  1635  2891 D ConnectivityService: NetReassign [no changes]
04-22 11:20:53.047  1635  2891 I chatty  : uid=1000(system) ConnectivitySer identical 16 lines
04-22 11:20:56.071  1635  2891 D ConnectivityService: NetReassign [no changes]
04-22 11:20:57.144  1635  8781 I ActivityManager: Force stopping com.google.location.nearby.apps.connectedcrossroad appid=10333 user=0: from pid 18815
04-22 11:20:57.145  1635  8781 I ActivityManager: Killing 18559:com.google.location.nearby.apps.connectedcrossroad/u0a333 (adj 0): stop com.google.location.nearby.apps.connectedcrossroad due to from pid 18815
04-22 11:20:57.149  1635  8781 W ActivityTaskManager: Force removing ActivityRecord{81aab3d u0 com.google.location.nearby.apps.connectedcrossroad/nx.aodv.eval.MainActivity t8097 f}}: app died, no saved state
04-22 11:20:57.179  1635  1775 W BroadcastQueue: Background execution not allowed: receiving Intent { act=android.intent.action.PACKAGE_RESTARTED dat=package:com.google.location.nearby.apps.connectedcrossroad flg=0x10 (has extras) } to steptracker.healthandfitness.walkingtracker.pedometer/com.drojian.stepcounter.receiver.PedometerReceiver
04-22 11:20:57.180  1635  1775 W BroadcastQueue: Background execution not allowed: receiving Intent { act=android.intent.action.PACKAGE_RESTARTED dat=package:com.google.location.nearby.apps.connectedcrossroad flg=0x10 (has extras) } to steptracker.healthandfitness.walkingtracker.pedometer/com.drojian.servicekeeper.receiver.BootReceiver
04-22 11:20:57.193  1635  3046 D AutofillSession: handling death of Token{f433494 ActivityRecord{81aab3d u0 com.google.location.nearby.apps.connectedcrossroad/nx.aodv.eval.MainActivity t-1 f}}} when saving=false
04-22 11:20:57.196  1635  1756 W ActivityManager: setHasOverlayUi called on unknown pid: 18559
04-22 11:20:59.095  1635  2891 D ConnectivityService: NetReassign [no changes]
04-22 11:21:01.386  1635  2893 D NsdService: unregister service
04-22 11:21:01.386  1635  2893 D NsdService: mdnssd [stop-register, 19]
04-22 11:21:01.396  1635  1635 D BluetoothManagerService: Bluetooth Adapter name changed to Pixel 3a XL
04-22 11:21:01.397  1635  1635 D BluetoothManagerService: Stored Bluetooth name: Pixel 3a XL
04-22 11:21:02.129  1635  2891 D ConnectivityService: NetReassign [no changes]
04-22 11:21:05.161  1635  2891 D ConnectivityService: NetReassign [no changes]
04-22 11:21:06.872  1635  4930 I ActivityManager: Force stopping com.google.location.nearby.apps.connectedcrossroad appid=10333 user=0: from pid 18845
04-22 11:21:06.885  1635  1775 W BroadcastQueue: Background execution not allowed: receiving Intent { act=android.intent.action.PACKAGE_RESTARTED dat=package:com.google.location.nearby.apps.connectedcrossroad flg=0x10 (has extras) } to steptracker.healthandfitness.walkingtracker.pedometer/com.drojian.stepcounter.receiver.PedometerReceiver
04-22 11:21:06.887  1635  1775 W BroadcastQueue: Background execution not allowed: receiving Intent { act=android.intent.action.PACKAGE_RESTARTED dat=package:com.google.location.nearby.apps.connectedcrossroad flg=0x10 (has extras) } to steptracker.healthandfitness.walkingtracker.pedometer/com.drojian.servicekeeper.receiver.BootReceiver
04-22 11:21:08.188  1635  2891 D ConnectivityService: NetReassign [no changes]
04-22 11:21:29.416  1635  2891 I chatty  : uid=1000(system) ConnectivitySer identical 7 lines
04-22 11:21:32.458  1635  2891 D ConnectivityService: NetReassign [no changes]
04-22 11:21:33.792  1635  1771 I ProcessStatsService: Pruning old procstats: /data/system/procstats/state-2021-04-20-19-18-15.bin
04-22 11:21:35.482  1635  2891 D ConnectivityService: NetReassign [no changes]
04-22 11:23:27.618  1635  2891 I chatty  : uid=1000(system) ConnectivitySer identical 37 lines
04-22 11:23:30.662  1635  2891 D ConnectivityService: NetReassign [no changes]
04-22 11:23:32.507  1635  1635 D CompatibilityChangeReporter: Compat change id reported: 135634846; UID 10118; state: DISABLED
04-22 11:23:32.508  1635  1776 D CompatibilityChangeReporter: Compat change id reported: 143937733; UID 10118; state: ENABLED
04-22 11:23:32.530  1635  1776 I ActivityManager: Start proc 19207:com.google.android.partnersetup/u0a118 for service {com.google.android.partnersetup/com.google.android.partnersetup.InstalledAppJobService}
04-22 11:23:33.673  1635  2891 D ConnectivityService: NetReassign [no changes]
04-22 11:23:48.814  1635  2891 I chatty  : uid=1000(system) ConnectivitySer identical 5 lines
04-22 11:23:51.869  1635  2891 D ConnectivityService: NetReassign [no changes]
04-22 11:23:54.445  1635  2891 D ConnectivityService: [140 CELLULAR] EVENT_NETWORK_INFO_CHANGED, going from CONNECTED to DISCONNECTED
04-22 11:23:54.445  1635  2891 D ConnectivityService: [140 CELLULAR] disconnected, was satisfying 14
04-22 11:23:54.465  1635  2891 I Nat464Xlat: Stopping clatd on rmnet_data2
04-22 11:23:54.562  1635  2891 D ConnectivityService: Removing iface v4-rmnet_data2 from network 140
04-22 11:23:54.575  1635  2891 E ConnectivityService: Exception in networkRemoveRouteParcel: android.os.ServiceSpecificException: No such device (code 19)
04-22 11:23:54.600  1635  2891 D ConnectivityService: NetReassign [no changes]
04-22 11:23:54.894  1635  2891 D ConnectivityService: NetReassign [no changes]
04-22 11:23:57.295  1635  3042 W ActivityManager: Foreground service started from background can not have location/camera/microphone access: service steptracker.healthandfitness.walkingtracker.pedometer/com.drojian.stepcounter.service.CounterService
04-22 11:23:57.326  1635  3042 W ActivityManager: Foreground service started from background can not have location/camera/microphone access: service steptracker.healthandfitness.walkingtracker.pedometer/com.drojian.stepcounter.service.CounterService
04-22 11:23:57.337  1635  9377 W ActivityManager: Foreground service started from background can not have location/camera/microphone access: service steptracker.healthandfitness.walkingtracker.pedometer/com.drojian.stepcounter.service.CounterService
04-22 11:23:57.917  1635  2891 D ConnectivityService: NetReassign [no changes]
04-22 11:24:00.934  1635  2891 I chatty  : uid=1000(system) ConnectivitySer identical 1 line
04-22 11:24:03.976  1635  2891 D ConnectivityService: NetReassign [no changes]
04-22 11:24:05.415  1635  6941 D ConnectivityService: registerNetworkAgent NetworkAgentInfo{ ni{[type: MOBILE[], state: UNKNOWN/IDLE, reason: (unspecified), extra: fast.t-mobile.com, failover: false, available: true, roaming: false]}  network{141}  nethandle{608996085773}  lp{{InterfaceName: rmnet_data2 LinkAddresses: [ 2607:fb90:d621:f885:f0a7:951c:208c:2f37/64 ] DnsAddresses: [ /fd00:976a::9,/fd00:976a::10 ] PcscfAddresses: [ /fd00:976a:c003:30::3,/fd00:976a:8ef0:5c::3,/fd00:976a:d5d0:1952::3 ] Domains: null MTU: 1500 TcpBufferSizes: 4096,6291456,12582912,4096,1048576,2097152 Routes: [ ::/0 -> fe80::5476:1f90:9b6e:c3b4 rmnet_data2 mtu 1500,2607:fb90:d621:f885::/64 -> :: rmnet_data2 mtu 0 ]}}  nc{[ Transports: CELLULAR Capabilities: MMS&SUPL&IA&XCAP&INTERNET&NOT_RESTRICTED&TRUSTED&NOT_VPN&NOT_ROAMING&FOREGROUND&NOT_CONGESTED&NOT_SUSPENDED LinkUpBandwidth>=15000Kbps LinkDnBandwidth>=30000Kbps Specifier: <TelephonyNetworkSpecifier [mSubId = 3]> AdministratorUids: [] RequestorUid: -1 RequestorPackageName: null]}  Score{10}  everValidated{false}  lastValidated{false}  created{false} lingering{false} explicitlySelected{false} acceptUnvalidated{false} everCaptivePortalDetected{false} lastCaptivePortalDetected{false} partialConnectivity{false} acceptPartialConnectivity{false} clat{mBaseIface: null, mIface: null, mState: IDLE} }
04-22 11:24:05.431  1635  2891 D ConnectivityService: [141 CELLULAR] EVENT_NETWORK_INFO_CHANGED, going from UNKNOWN to UNKNOWN
04-22 11:24:05.452  1635  2891 D ConnectivityService: [141 CELLULAR] EVENT_NETWORK_INFO_CHANGED, going from UNKNOWN to CONNECTED
04-22 11:24:05.454  1635  2891 W DnsManager: updatePrivateDns(141, PrivateDnsConfig{true:/[]})
04-22 11:24:05.455  1635  2891 D ConnectivityService: Setting DNS servers for network 141 to [/fd00:976a::9, /fd00:976a::10]
04-22 11:24:05.455  1635  2891 D DnsManager: sendDnsConfigurationForNetwork(141, [fd00:976a::9, fd00:976a::10], [], 1800, 25, 8, 64, 0, 0, , [fd00:976a::9, fd00:976a::10])
04-22 11:24:05.460  1635  2891 D ConnectivityService: Adding iface rmnet_data2 to network 141
04-22 11:24:05.471  1635  2891 D ConnectivityService: Setting DNS servers for network 141 to [/fd00:976a::9, /fd00:976a::10]
04-22 11:24:05.471  1635  2891 D DnsManager: sendDnsConfigurationForNetwork(141, [fd00:976a::9, fd00:976a::10], [], 1800, 25, 8, 64, 0, 0, , [fd00:976a::9, fd00:976a::10])
04-22 11:24:05.493  1635  2891 D ConnectivityService: NetReassign [2 : null  141]
04-22 11:24:05.513  1635  2891 D ConnectivityService: [141 CELLULAR] EVENT_NETWORK_INFO_CHANGED, going from CONNECTED to CONNECTED
04-22 11:24:05.513  1635  2891 D ConnectivityService: [141 CELLULAR] EVENT_NETWORK_INFO_CHANGED, going from CONNECTED to CONNECTED
04-22 11:24:05.705  1635  2891 D ConnectivityService: NAT64 prefix added on netId 141: 2607:7700:0:24::/96
04-22 11:24:05.705  1635  2891 I Nat464Xlat: Starting clatd on rmnet_data2
04-22 11:24:05.818  1635  2891 I Nat464Xlat: interface v4-rmnet_data2 is up, adding stacked link v4-rmnet_data2 on top of rmnet_data2
04-22 11:24:05.818  1635  2891 D ConnectivityService: Adding iface v4-rmnet_data2 to network 141
04-22 11:24:05.829  1635  1775 W BroadcastQueue: Background execution not allowed: receiving Intent { act=android.net.conn.NETWORK_CONDITIONS_MEASURED flg=0x10 (has extras) } to com.google.android.gms/.chimera.GmsIntentOperationService$PersistentTrustedReceiver
04-22 11:24:05.903  1635  2884 W NetworkPolicy: shared quota unsupported; generating rule for each iface
04-22 11:24:05.965  1635  2891 D ConnectivityService: [141 CELLULAR] validation passed
04-22 11:24:05.966  1635  2891 D ConnectivityService: NetReassign [no changes]
04-22 11:24:05.972  1635  2891 D ConnectivityService: Setting DNS servers for network 141 to [/fd00:976a::9, /fd00:976a::10]
04-22 11:24:05.973  1635  2891 D DnsManager: sendDnsConfigurationForNetwork(141, [fd00:976a::9, fd00:976a::10], [], 1800, 25, 8, 64, 0, 0, , [fd00:976a::9, fd00:976a::10])
04-22 11:24:05.975  1635  2884 W NetworkPolicy: shared quota unsupported; generating rule for each iface
04-22 11:24:06.200  1635  2884 I chatty  : uid=1000(system) NetworkPolicy identical 2 lines
04-22 11:24:06.294  1635  2884 W NetworkPolicy: shared quota unsupported; generating rule for each iface
04-22 11:24:07.007  1635  2891 D ConnectivityService: NetReassign [no changes]
04-22 11:24:25.210  1635  2891 I chatty  : uid=1000(system) ConnectivitySer identical 6 lines
04-22 11:24:28.238  1635  2891 D ConnectivityService: NetReassign [no changes]
04-22 11:24:31.236  1635  2891 D Nat464Xlat: clatd running, updating NAI for v4-rmnet_data2
04-22 11:24:31.253  1635  2891 D ConnectivityService: NetReassign [no changes]
04-22 11:24:43.392  1635  2891 I chatty  : uid=1000(system) ConnectivitySer identical 4 lines
04-22 11:24:46.422  1635  2891 D ConnectivityService: NetReassign [no changes]
04-22 11:24:48.121  1635  2891 D Nat464Xlat: clatd running, updating NAI for v4-rmnet_data2
04-22 11:24:49.449  1635  2891 D ConnectivityService: NetReassign [no changes]
04-22 11:24:51.537  1635  6941 I ActivityManager: Force stopping com.google.location.nearby.apps.connectedcrossroad appid=10333 user=0: from pid 19470
04-22 11:24:51.556  1635  1775 W BroadcastQueue: Background execution not allowed: receiving Intent { act=android.intent.action.PACKAGE_RESTARTED dat=package:com.google.location.nearby.apps.connectedcrossroad flg=0x10 (has extras) } to steptracker.healthandfitness.walkingtracker.pedometer/com.drojian.stepcounter.receiver.PedometerReceiver
04-22 11:24:51.559  1635  1775 W BroadcastQueue: Background execution not allowed: receiving Intent { act=android.intent.action.PACKAGE_RESTARTED dat=package:com.google.location.nearby.apps.connectedcrossroad flg=0x10 (has extras) } to steptracker.healthandfitness.walkingtracker.pedometer/com.drojian.servicekeeper.receiver.BootReceiver
04-22 11:24:52.472  1635  2891 D ConnectivityService: NetReassign [no changes]
04-22 11:24:53.904  1635  1775 W ProcessCpuTracker: Failed to stat(/proc/19488): android.system.ErrnoException: stat failed: ENOENT (No such file or directory)
04-22 11:24:53.904  1635  1775 W ProcessCpuTracker: Skipping unknown process pid 19488
04-22 11:24:55.509  1635  2891 D ConnectivityService: NetReassign [no changes]
04-22 11:24:58.546  1635  2891 I chatty  : uid=1000(system) ConnectivitySer identical 1 line
04-22 11:25:01.571  1635  2891 D ConnectivityService: NetReassign [no changes]
04-22 11:25:04.266  1635  1862 V DisplayPowerController: Brightness [0.05] reason changing to: 'automatic [ dim ]', previous reason: 'automatic'.
04-22 11:25:04.585  1635  2891 D ConnectivityService: NetReassign [no changes]
04-22 11:25:05.062  1635  1878 I PackageManager: Integrity check passed for file:///data/app/vmdl662478674.tmp
04-22 11:25:05.086  1635  1878 I PackageManager: Update package com.google.location.nearby.apps.connectedcrossroad code path from /data/app/~~iYtU715hHrkzaxvzmqy12w==/com.google.location.nearby.apps.connectedcrossroad-uH9NvUYPYINyWzvPgtx0_Q== to /data/app/~~NK8oMdC_kj2pq2ky80EEvg==/com.google.location.nearby.apps.connectedcrossroad-wGHX5JFjagtoG-8v42kYAw==; Retain data and using new
04-22 11:25:05.086  1635  1878 I PackageManager: Update package com.google.location.nearby.apps.connectedcrossroad resource path from /data/app/~~iYtU715hHrkzaxvzmqy12w==/com.google.location.nearby.apps.connectedcrossroad-uH9NvUYPYINyWzvPgtx0_Q== to /data/app/~~NK8oMdC_kj2pq2ky80EEvg==/com.google.location.nearby.apps.connectedcrossroad-wGHX5JFjagtoG-8v42kYAw==; Retain data and using new
04-22 11:25:05.100  1635  1878 D CompatibilityChangeReporter: Compat change id reported: 135549675; UID 10333; state: DISABLED
04-22 11:25:05.249  1635  1775 W BroadcastQueue: Background execution not allowed: receiving Intent { act=android.intent.action.PACKAGE_REMOVED dat=package:com.google.location.nearby.apps.connectedcrossroad flg=0x4000010 (has extras) } to com.android.vending/com.google.android.finsky.packagemanager.impl.PackageMonitorReceiverImpl$RegisteredReceiver
04-22 11:25:05.249  1635  1775 W BroadcastQueue: Background execution not allowed: receiving Intent { act=android.intent.action.PACKAGE_REMOVED dat=package:com.google.location.nearby.apps.connectedcrossroad flg=0x4000010 (has extras) } to com.android.vending/com.google.android.finsky.instantapps.appmanagement.InstantAppRemoveMonitor
04-22 11:25:05.249  1635  1775 W BroadcastQueue: Background execution not allowed: receiving Intent { act=android.intent.action.PACKAGE_REMOVED dat=package:com.google.location.nearby.apps.connectedcrossroad flg=0x4000010 (has extras) } to com.google.android.gms/.games.chimera.GamesSystemBroadcastReceiverProxy
04-22 11:25:05.249  1635  1775 W BroadcastQueue: Background execution not allowed: receiving Intent { act=android.intent.action.PACKAGE_REMOVED dat=package:com.google.location.nearby.apps.connectedcrossroad flg=0x4000010 (has extras) } to com.google.android.gms/.chimera.GmsIntentOperationService$PersistentTrustedReceiver
04-22 11:25:05.249  1635  1775 W BroadcastQueue: Background execution not allowed: receiving Intent { act=android.intent.action.PACKAGE_REMOVED dat=package:com.google.location.nearby.apps.connectedcrossroad flg=0x4000010 (has extras) } to com.google.android.googlequicksearchbox/com.google.android.apps.gsa.googlequicksearchbox.GelStubAppWatcher
04-22 11:25:05.249  1635  1775 W BroadcastQueue: Background execution not allowed: receiving Intent { act=android.intent.action.PACKAGE_REMOVED dat=package:com.google.location.nearby.apps.connectedcrossroad flg=0x4000010 (has extras) } to com.facebook.katana/com.facebook.feed.platformads.AppInstallReceiver
04-22 11:25:05.254  1635  1775 W BroadcastQueue: Background execution not allowed: receiving Intent { act=android.intent.action.PACKAGE_REMOVED dat=package:com.google.location.nearby.apps.connectedcrossroad flg=0x4000010 (has extras) } to com.jaga.ibraceletplus.smartwristband3/com.yc.pedometer.keepalive.KeepAliveReceiver
04-22 11:25:05.256  1635  1775 W BroadcastQueue: Background execution not allowed: receiving Intent { act=android.intent.action.PACKAGE_REMOVED dat=package:com.google.location.nearby.apps.connectedcrossroad flg=0x4000010 (has extras) } to com.microsoft.appmanager/.receiver.InstallUninstallReceiver
04-22 11:25:05.257  1635  1775 W BroadcastQueue: Background execution not allowed: receiving Intent { act=android.intent.action.PACKAGE_REMOVED dat=package:com.google.location.nearby.apps.connectedcrossroad flg=0x4000010 (has extras) } to com.microsoft.appmanager/com.microsoft.mmx.continuity.receiver.InstallUninstallReceiver
04-22 11:25:05.258  1635  1775 W BroadcastQueue: Background execution not allowed: receiving Intent { act=android.intent.action.PACKAGE_REMOVED dat=package:com.google.location.nearby.apps.connectedcrossroad flg=0x4000010 (has extras) } to com.microsoft.emmx/com.microsoft.mmx.continuity.receiver.InstallUninstallReceiver
04-22 11:25:05.361  1635  1775 W BroadcastQueue: Background execution not allowed: receiving Intent { act=android.intent.action.PACKAGE_ADDED dat=package:com.google.location.nearby.apps.connectedcrossroad flg=0x4000010 (has extras) } to com.google.android.packageinstaller/com.android.packageinstaller.PackageInstalledReceiver
04-22 11:25:05.378  1635  6941 I ActivityTaskManager: START u0 {act=android.intent.action.MAIN cat=[android.intent.category.LAUNCHER] flg=0x10000000 cmp=com.google.location.nearby.apps.connectedcrossroad/nx.aodv.eval.MainActivity} from uid 2000
04-22 11:25:05.419  1635  1635 W Looper  : Slow dispatch took 122ms main h=android.app.ActivityThread$H c=android.app.-$$Lambda$LoadedApk$ReceiverDispatcher$Args$_BumDX2UKsnxLVrE6UJsJZkotuA@f2477ad m=0
04-22 11:25:05.440  1635  1775 W BroadcastQueue: Background execution not allowed: receiving Intent { act=android.intent.action.PACKAGE_ADDED dat=package:com.google.location.nearby.apps.connectedcrossroad flg=0x4000010 (has extras) } to com.android.vending/com.google.android.finsky.packagemanager.impl.PackageMonitorReceiverImpl$RegisteredReceiver
04-22 11:25:05.454  1635  1775 W BroadcastQueue: Background execution not allowed: receiving Intent { act=android.intent.action.PACKAGE_ADDED dat=package:com.google.location.nearby.apps.connectedcrossroad flg=0x4000010 (has extras) } to com.google.android.gms/.games.chimera.GamesSystemBroadcastReceiverProxy
04-22 11:25:05.455  1635  1775 W BroadcastQueue: Background execution not allowed: receiving Intent { act=android.intent.action.PACKAGE_ADDED dat=package:com.google.location.nearby.apps.connectedcrossroad flg=0x4000010 (has extras) } to com.google.android.gms/.gass.chimera.PackageChangeBroadcastReceiver
04-22 11:25:05.455  1635  1775 W BroadcastQueue: Background execution not allowed: receiving Intent { act=android.intent.action.PACKAGE_ADDED dat=package:com.google.location.nearby.apps.connectedcrossroad flg=0x4000010 (has extras) } to com.google.android.gms/.chimera.GmsIntentOperationService$PersistentTrustedReceiver
04-22 11:25:05.457  1635  1775 W BroadcastQueue: Background execution not allowed: receiving Intent { act=android.intent.action.PACKAGE_ADDED dat=package:com.google.location.nearby.apps.connectedcrossroad flg=0x4000010 (has extras) } to com.google.android.googlequicksearchbox/com.google.android.apps.gsa.googlequicksearchbox.GelStubAppWatcher
04-22 11:25:05.457  1635  1775 W BroadcastQueue: Background execution not allowed: receiving Intent { act=android.intent.action.PACKAGE_ADDED dat=package:com.google.location.nearby.apps.connectedcrossroad flg=0x4000010 (has extras) } to com.facebook.katana/com.facebook.feed.platformads.AppInstallReceiver
04-22 11:25:05.463  1635  1756 D CompatibilityChangeReporter: Compat change id reported: 135634846; UID 10333; state: DISABLED
04-22 11:25:05.464  1635  1776 D CompatibilityChangeReporter: Compat change id reported: 143937733; UID 10333; state: DISABLED
04-22 11:25:05.472  1635  1775 W BroadcastQueue: Background execution not allowed: receiving Intent { act=android.intent.action.PACKAGE_ADDED dat=package:com.google.location.nearby.apps.connectedcrossroad flg=0x4000010 (has extras) } to com.jaga.ibraceletplus.smartwristband3/com.yc.pedometer.keepalive.KeepAliveReceiver
04-22 11:25:05.474  1635  1775 W BroadcastQueue: Background execution not allowed: receiving Intent { act=android.intent.action.PACKAGE_ADDED dat=package:com.google.location.nearby.apps.connectedcrossroad flg=0x4000010 (has extras) } to com.microsoft.appmanager/.receiver.InstallUninstallReceiver
04-22 11:25:05.474  1635  1775 W BroadcastQueue: Background execution not allowed: receiving Intent { act=android.intent.action.PACKAGE_ADDED dat=package:com.google.location.nearby.apps.connectedcrossroad flg=0x4000010 (has extras) } to com.microsoft.appmanager/com.microsoft.mmx.continuity.receiver.InstallUninstallReceiver
04-22 11:25:05.474  1635  1775 W BroadcastQueue: Background execution not allowed: receiving Intent { act=android.intent.action.PACKAGE_ADDED dat=package:com.google.location.nearby.apps.connectedcrossroad flg=0x4000010 (has extras) } to com.microsoft.emmx/com.microsoft.mmx.continuity.receiver.InstallUninstallReceiver
04-22 11:25:05.513  1635  1776 W ActivityManager: Slow operation: 54ms so far, now at startProcess: returned from zygote!
04-22 11:25:05.516  1635  1776 W ActivityManager: Slow operation: 57ms so far, now at startProcess: done updating battery stats
04-22 11:25:05.517  1635  1776 W ActivityManager: Slow operation: 58ms so far, now at startProcess: building log message
04-22 11:25:05.517  1635  1776 I ActivityManager: Start proc 19545:com.google.location.nearby.apps.connectedcrossroad/u0a333 for pre-top-activity {com.google.location.nearby.apps.connectedcrossroad/nx.aodv.eval.MainActivity}
04-22 11:25:05.517  1635  1776 W ActivityManager: Slow operation: 58ms so far, now at startProcess: starting to update pids map
04-22 11:25:05.519  1635  1776 W ActivityManager: Slow operation: 60ms so far, now at startProcess: done updating pids map
04-22 11:25:05.567  1635  1752 W Looper  : Slow dispatch took 102ms android.fg h=android.os.Handler c=<recycled PooledLambda@b5781da> m=0
04-22 11:25:05.611  1635  1752 W Looper  : Slow delivery took 206ms android.fg h=android.os.Handler c=<recycled PooledLambda@9131896> m=0
04-22 11:25:05.662  1635  1635 W Looper  : Slow dispatch took 238ms main h=android.app.ActivityThread$H c=android.app.-$$Lambda$LoadedApk$ReceiverDispatcher$Args$_BumDX2UKsnxLVrE6UJsJZkotuA@f405e42 m=0
04-22 11:25:05.673  1635  1635 W Looper  : Slow delivery took 358ms main h=android.app.ActivityThread$H c=android.app.-$$Lambda$LoadedApk$ReceiverDispatcher$Args$_BumDX2UKsnxLVrE6UJsJZkotuA@85d0f9f m=0
04-22 11:25:05.674  1635  1635 I Telecom : DefaultDialerCache: Refreshing default dialer for user 0: now com.google.android.dialer: DDC.oR@BYw
04-22 11:25:05.725  1635  1752 W Looper  : Slow dispatch took 114ms android.fg h=android.os.Handler c=<recycled PooledLambda@891ef04> m=0
04-22 11:25:05.727  1635  1635 V BackupManagerConstants: getFullBackupIntervalMilliseconds(...) returns 86400000
04-22 11:25:05.727  1635  1635 V BackupManagerConstants: getFullBackupRequiredNetworkType(...) returns 2
04-22 11:25:05.727  1635  1635 V BackupManagerConstants: getFullBackupRequireCharging(...) returns true
04-22 11:25:05.810  1635  1635 W Looper  : Drained
04-22 11:25:05.905  1635  1752 W Looper  : Slow dispatch took 180ms android.fg h=android.os.Handler c=<recycled PooledLambda@3d02332> m=0
04-22 11:25:05.938  1635  8900 W BroadcastQueue: Background execution not allowed: receiving Intent { act=android.intent.action.PACKAGE_REPLACED dat=package:com.google.location.nearby.apps.connectedcrossroad flg=0x4000010 (has extras) } to com.google.android.gms/.gass.chimera.PackageChangeBroadcastReceiver
04-22 11:25:05.945  1635  1775 W BroadcastQueue: Background execution not allowed: receiving Intent { act=android.intent.action.PACKAGE_REPLACED dat=package:com.google.location.nearby.apps.connectedcrossroad flg=0x4000010 (has extras) } to com.google.android.gms/.chimera.GmsIntentOperationService$PersistentTrustedReceiver
04-22 11:25:05.946  1635  1775 W BroadcastQueue: Background execution not allowed: receiving Intent { act=android.intent.action.PACKAGE_REPLACED dat=package:com.google.location.nearby.apps.connectedcrossroad flg=0x4000010 (has extras) } to com.google.android.googlequicksearchbox/com.google.android.apps.gsa.googlequicksearchbox.GelStubAppWatcher
04-22 11:25:05.946  1635  1775 W BroadcastQueue: Background execution not allowed: receiving Intent { act=android.intent.action.PACKAGE_REPLACED dat=package:com.google.location.nearby.apps.connectedcrossroad flg=0x4000010 (has extras) } to com.infonow.bofa/com.bofa.ecom.marvel.application.BofaPackageUpdateReceiver
04-22 11:25:05.946  1635  1775 W BroadcastQueue: Background execution not allowed: receiving Intent { act=android.intent.action.PACKAGE_REPLACED dat=package:com.google.location.nearby.apps.connectedcrossroad flg=0x4000010 (has extras) } to com.microsoft.appmanager/com.microsoft.mmx.continuity.receiver.InstallUninstallReceiver
04-22 11:25:05.947  1635  1775 W BroadcastQueue: Background execution not allowed: receiving Intent { act=android.intent.action.PACKAGE_REPLACED dat=package:com.google.location.nearby.apps.connectedcrossroad flg=0x4000010 (has extras) } to com.microsoft.emmx/com.microsoft.mmx.continuity.receiver.InstallUninstallReceiver
04-22 11:25:05.947  1635  2884 W NetworkPolicy: shared quota unsupported; generating rule for each iface
04-22 11:25:05.948  1635  1775 W BroadcastQueue: Background execution not allowed: receiving Intent { act=android.intent.action.PACKAGE_REPLACED dat=package:com.google.location.nearby.apps.connectedcrossroad flg=0x4000010 (has extras) } to steptracker.healthandfitness.walkingtracker.pedometer/com.drojian.stepcounter.receiver.PedometerReceiver
04-22 11:25:05.948  1635  1775 W BroadcastQueue: Background execution not allowed: receiving Intent { act=android.intent.action.PACKAGE_REPLACED dat=package:com.google.location.nearby.apps.connectedcrossroad flg=0x4000010 (has extras) } to steptracker.healthandfitness.walkingtracker.pedometer/com.drojian.servicekeeper.receiver.BootReceiver
04-22 11:25:06.284  1635  1752 W Looper  : Slow dispatch took 117ms android.fg h=android.os.Handler c=<recycled PooledLambda@98fe7c9> m=0
04-22 11:25:06.479  1635  3048 D CompatibilityChangeReporter: Compat change id reported: 136274596; UID 10333; state: DISABLED
04-22 11:25:06.529  1635  1752 W Looper  : Slow dispatch took 107ms android.fg h=android.os.Handler c=<recycled PooledLambda@e2ff834> m=0
04-22 11:25:06.631  1635  2884 W NetworkPolicy: shared quota unsupported; generating rule for each iface
04-22 11:25:07.031  1635  1752 W Looper  : Drained
04-22 11:25:07.098  1635  2884 W NetworkPolicy: shared quota unsupported; generating rule for each iface
04-22 11:25:07.312  1635  2884 I chatty  : uid=1000(system) NetworkPolicy identical 1 line
04-22 11:25:07.366  1635  2884 W NetworkPolicy: shared quota unsupported; generating rule for each iface
04-22 11:25:07.595  1635  2891 D ConnectivityService: NetReassign [no changes]
04-22 11:25:07.785  1635  2884 W NetworkPolicy: shared quota unsupported; generating rule for each iface
04-22 11:25:07.900  1635  4930 E SystemServiceRegistry: Manager wrapper not available: face
04-22 11:25:07.902  1635  1775 I DropBoxManagerService: add tag=system_server_wtf isTagEnabled=true flags=0x2
04-22 11:25:07.992  1635  8900 W SettingsStatsUtil: Can not parse value to float: gps,network
04-22 11:25:09.910  1635  1775 W BroadcastQueue: Background execution not allowed: receiving Intent { act=android.intent.action.DROPBOX_ENTRY_ADDED flg=0x10 (has extras) } to com.google.android.gms/.stats.service.DropBoxEntryAddedReceiver
04-22 11:25:09.911  1635  1775 W BroadcastQueue: Background execution not allowed: receiving Intent { act=android.intent.action.DROPBOX_ENTRY_ADDED flg=0x10 (has extras) } to com.google.android.gms/.chimera.GmsIntentOperationService$PersistentTrustedReceiver
04-22 11:25:10.020  1635  4930 I DropBoxManagerService: add tag=platform_stats_bookmark isTagEnabled=true flags=0x2
04-22 11:25:10.029  1635  1775 W BroadcastQueue: Background execution not allowed: receiving Intent { act=android.intent.action.DROPBOX_ENTRY_ADDED flg=0x10 (has extras) } to com.google.android.gms/.stats.service.DropBoxEntryAddedReceiver
