04-22 09:46:25.343  1635  1635 V FingerprintService: Acquired: 7 0
04-22 09:46:25.499  1635  2891 D ConnectivityService: NetReassign [no changes]
04-22 09:46:25.650  1635  1635 V FingerprintService: Acquired: 0 0
04-22 09:46:25.653  1635  1635 V BiometricStats: Authentication latency: 310
04-22 09:46:25.654  1635  1635 V FingerprintService: onAuthenticated(true), ID:-894583778, Owner: com.android.systemui, isBP: false, listener: com.android.server.biometrics.fingerprint.FingerprintService$ServiceListenerImpl@59ff87e, requireConfirmation: false, user: 0
04-22 09:46:25.670  1635  1635 V FingerprintService: Done with client: com.android.systemui
04-22 09:46:25.955  1635  9801 D ActivityTaskManager: Top Process State changed to PROCESS_STATE_TOP
04-22 09:46:26.026  1635  1775 W BroadcastQueue: Background execution not allowed: receiving Intent { act=android.intent.action.USER_PRESENT flg=0x24200010 } to steptracker.healthandfitness.walkingtracker.pedometer/com.drojian.servicekeeper.service.WatcherPeriodReceiver
04-22 09:46:26.028  1635  1775 W BroadcastQueue: Background execution not allowed: receiving Intent { act=android.intent.action.USER_PRESENT flg=0x24200010 } to steptracker.healthandfitness.walkingtracker.pedometer/com.drojian.servicekeeper.receiver.BootReceiver
04-22 09:46:26.028  1635  1775 W BroadcastQueue: Background execution not allowed: receiving Intent { act=android.intent.action.USER_PRESENT flg=0x24200010 } to com.android.chrome/org.chromium.chrome.browser.sharing.click_to_call.ClickToCallMessageHandler$PhoneUnlockedReceiver
04-22 09:46:26.028  1635  1775 W BroadcastQueue: Background execution not allowed: receiving Intent { act=android.intent.action.USER_PRESENT flg=0x24200010 } to com.google.android.gms/.auth.setup.devicesignals.LockScreenReceiver
04-22 09:46:26.028  1635  1775 W BroadcastQueue: Background execution not allowed: receiving Intent { act=android.intent.action.USER_PRESENT flg=0x24200010 } to com.google.android.gms/.chimera.GmsIntentOperationService$PersistentTrustedReceiver
04-22 09:46:26.028  1635  1775 W BroadcastQueue: Background execution not allowed: receiving Intent { act=android.intent.action.USER_PRESENT flg=0x24200010 } to com.instagram.android/com.instagram.push.FbnsInitBroadcastReceiver
04-22 09:46:26.029  1635  1775 W BroadcastQueue: Permission Denial: broadcasting Intent { act=android.intent.action.USER_PRESENT flg=0x24200010 } from com.android.systemui (pid=2979, uid=10158) is not exported from uid 10324 due to receiver com.jaga.ibraceletplus.smartwristband3/com.yc.pedometer.remind.GloryFitBootReceiver
04-22 09:46:26.029  1635  1775 W BroadcastQueue: Background execution not allowed: receiving Intent { act=android.intent.action.USER_PRESENT flg=0x24200010 } to com.weather.Weather/com.weather.dal2.system.UniversalBroadcastReceiver
04-22 09:46:26.029  1635  1775 W BroadcastQueue: Background execution not allowed: receiving Intent { act=android.intent.action.USER_PRESENT flg=0x24200010 } to io.voodoo.dune/io.presage.core.receiver.UserPresentReceiver
04-22 09:46:26.029  1635  1775 W BroadcastQueue: Background execution not allowed: receiving Intent { act=android.intent.action.USER_PRESENT flg=0x24200010 } to steptracker.healthandfitness.walkingtracker.pedometer/com.drojian.stepcounter.receiver.PedometerReceiver
04-22 09:46:26.029  1635  1775 W BroadcastQueue: Background execution not allowed: receiving Intent { act=android.intent.action.USER_PRESENT flg=0x24200010 } to steptracker.healthandfitness.walkingtracker.pedometer/com.drojian.servicekeeper.service.WatcherService$MathReceiver
04-22 09:46:26.328  1635 12414 I ActivityManager: Process com.google.android.googlequicksearchbox (pid 30376) has died: cch+95 CEM 
04-22 09:46:26.488  1635  1635 W Looper  : Slow dispatch took 464ms main h=android.app.ActivityThread$H c=android.app.-$$Lambda$LoadedApk$ReceiverDispatcher$Args$_BumDX2UKsnxLVrE6UJsJZkotuA@66c0b40 m=0
04-22 09:46:26.488  1635  1635 W Looper  : Slow delivery took 464ms main h=android.app.ActivityThread$H c=android.app.-$$Lambda$LoadedApk$ReceiverDispatcher$Args$_BumDX2UKsnxLVrE6UJsJZkotuA@aee7a79 m=0
04-22 09:46:26.505  1635  1635 W Looper  : Drained
04-22 09:46:26.707  1635  3048 I ActivityManager: Process com.google.android.apps.walletnfcrel (pid 30198) has died: cch+99 CEM 
04-22 09:46:26.708  1635  9801 D ConnectivityService: ConnectivityService NetworkRequestInfo binderDied(NetworkRequest [ TRACK_DEFAULT id=746, [ Capabilities: INTERNET&NOT_RESTRICTED&TRUSTED Uid: 10205 AdministratorUids: [] RequestorUid: 10205 RequestorPackageName: com.google.android.apps.walletnfcrel] ], android.os.BinderProxy@197245d)
04-22 09:46:26.708  1635  2891 D ConnectivityService: releasing NetworkRequest [ TRACK_DEFAULT id=746, [ Capabilities: INTERNET&NOT_RESTRICTED&TRUSTED Uid: 10205 AdministratorUids: [] RequestorUid: 10205 RequestorPackageName: com.google.android.apps.walletnfcrel] ] (release request)
04-22 09:46:28.523  1635  2891 D ConnectivityService: NetReassign [no changes]
04-22 09:46:31.543  1635  2891 D ConnectivityService: NetReassign [no changes]
04-22 09:46:32.413  1635  1754 I ActivityTaskManager: START u0 {act=android.intent.action.MAIN cat=[android.intent.category.HOME] flg=0x10000100 cmp=com.google.android.apps.nexuslauncher/.NexusLauncherActivity (has extras)} from uid 0
04-22 09:46:34.566  1635  2891 D ConnectivityService: NetReassign [no changes]
04-22 09:46:37.578  1635  2891 I chatty  : uid=1000(system) ConnectivitySer identical 1 line
04-22 09:46:40.615  1635  2891 D ConnectivityService: NetReassign [no changes]
04-22 09:46:41.455  1635  1754 I ActivityTaskManager: START u0 {act=android.intent.action.MAIN cat=[android.intent.category.HOME] flg=0x10000100 cmp=com.google.android.apps.nexuslauncher/.NexusLauncherActivity (has extras)} from uid 0
04-22 09:46:43.645  1635  2891 D ConnectivityService: NetReassign [no changes]
04-22 09:46:46.678  1635  2891 D ConnectivityService: NetReassign [no changes]
04-22 09:46:49.494  1635  2891 D Nat464Xlat: clatd running, updating NAI for v4-rmnet_data2
04-22 09:46:49.706  1635  2891 D ConnectivityService: NetReassign [no changes]
04-22 09:46:58.807  1635  2891 I chatty  : uid=1000(system) ConnectivitySer identical 3 lines
04-22 09:47:01.847  1635  2891 D ConnectivityService: NetReassign [no changes]
04-22 09:47:01.961  1635 11678 D ConnectivityService: Returning UNBLOCKED NetworkInfo to uid=10191
04-22 09:47:04.872  1635  2891 D ConnectivityService: NetReassign [no changes]
04-22 09:47:05.734  1635  2891 D Nat464Xlat: clatd running, updating NAI for v4-rmnet_data2
04-22 09:47:07.892  1635  2891 D ConnectivityService: NetReassign [no changes]
04-22 09:47:29.151  1635  2891 I chatty  : uid=1000(system) ConnectivitySer identical 7 lines
04-22 09:47:32.168  1635  2891 D ConnectivityService: NetReassign [no changes]
04-22 09:47:33.174  1635  1775 W ActivityManager: Stopping service due to app idle: u0a243 -41m13s787ms com.facebook.orca/com.facebook.mqttlite.MqttService
04-22 09:47:33.958  1635  3048 W ActivityManager: Foreground service started from background can not have location/camera/microphone access: service steptracker.healthandfitness.walkingtracker.pedometer/com.drojian.stepcounter.service.CounterService
04-22 09:47:33.977  1635  3048 W ActivityManager: Foreground service started from background can not have location/camera/microphone access: service steptracker.healthandfitness.walkingtracker.pedometer/com.drojian.stepcounter.service.CounterService
04-22 09:47:33.986  1635  9801 W ActivityManager: Foreground service started from background can not have location/camera/microphone access: service steptracker.healthandfitness.walkingtracker.pedometer/com.drojian.stepcounter.service.CounterService
04-22 09:47:33.994  1635  3040 W ActivityManager: Foreground service started from background can not have location/camera/microphone access: service steptracker.healthandfitness.walkingtracker.pedometer/com.drojian.stepcounter.service.CounterService
04-22 09:47:34.005  1635  3048 W ActivityManager: Foreground service started from background can not have location/camera/microphone access: service steptracker.healthandfitness.walkingtracker.pedometer/com.drojian.stepcounter.service.CounterService
04-22 09:47:34.017  1635  3048 I chatty  : uid=1000(system) Binder:1635_C identical 1 line
04-22 09:47:35.184  1635  3048 W ActivityManager: Foreground service started from background can not have location/camera/microphone access: service steptracker.healthandfitness.walkingtracker.pedometer/com.drojian.stepcounter.service.CounterService
04-22 09:47:35.195  1635  2891 D ConnectivityService: NetReassign [no changes]
04-22 09:47:37.961  1635  2891 D Nat464Xlat: clatd running, updating NAI for v4-rmnet_data2
04-22 09:47:38.222  1635  2891 D ConnectivityService: NetReassign [no changes]
--------- beginning of main
04-22 09:48:12.595  1635  1657 W System  : A resource failed to call release. 
04-22 09:48:12.610 14012 14012 I BgTaskExecutorImpl: Starting PERIODIC background task RESTORE_SPEAKER_MODEL.
04-22 09:48:12.615 14012   668 I A       : isInitializing-false locale not changed-true model not changed-true
04-22 09:48:12.621 14012   668 I A       : isEnrollmentUtteranceAvailable: true
04-22 09:48:12.624 14012   668 I A       : isSpeakerModelAvailable: true
04-22 09:48:12.624 14012   668 I A       : Starting silent enrollment, updateOnly: true
04-22 09:48:12.637 14012 14012 I BgTaskExecutorImpl: Starting EXCLUSIVE background task SPEAKERID_SILENT_ENROLLMENT.
04-22 09:48:12.652 14012   668 I A       : Executing HotwordSilentEnrollment for user profile: 0
04-22 09:48:12.657 14012 14106 I A       : #maybeRunEnrollment
04-22 09:48:12.661 14012 14106 I A       : isInitializing-false locale not changed-true model not changed-true
04-22 09:48:12.661 14012 14106 I A       : Already initialized, obtaining the hotword data immediately.
04-22 09:48:12.672 14012 14141 I A       : Not enrolling: existing speaker model is already compatible with hotword
04-22 09:48:12.867  1058  2949 I WifiHAL : event received NL80211_CMD_VENDOR, vendor_id = 0x1374, subcmd = 0xd
04-22 09:48:12.978  1057  1057 W radioext@1.0-se: type=1400 audit(0.0:8968): avc: denied { search } for name="radio" dev="dm-8" ino=174 scontext=u:r:hal_radioext_default:s0 tcontext=u:object_r:radio_vendor_data_file:s0 tclass=dir permissive=0
04-22 09:48:12.981  3258  3258 D GRIL-S  : [5448]> UPDATE_REGULATORY_DOMAIN
04-22 09:48:12.984  3258  4164 D GRIL-S  : [5448]< UPDATE_REGULATORY_DOMAIN 
04-22 09:48:14.873  1058  2949 I WifiHAL : event received NL80211_CMD_VENDOR, vendor_id = 0x1374, subcmd = 0xd
04-22 09:48:15.815  4262  4262 D CounterService: onReceive steptracker.healthandfitness.walkingtracker.pedometer.BROADCAST_NOTIFY_STATUS
04-22 09:48:16.893  1058  2949 I WifiHAL : event received NL80211_CMD_VENDOR, vendor_id = 0x1374, subcmd = 0xd
04-22 09:48:18.013  3258  3258 D GRIL-S  : [5449]> UPDATE_REGULATORY_DOMAIN
04-22 09:48:18.008  1057  1057 W radioext@1.0-se: type=1400 audit(0.0:8969): avc: denied { search } for name="radio" dev="dm-8" ino=174 scontext=u:r:hal_radioext_default:s0 tcontext=u:object_r:radio_vendor_data_file:s0 tclass=dir permissive=0
04-22 09:48:18.015  3258  4164 D GRIL-S  : [5449]< UPDATE_REGULATORY_DOMAIN 
04-22 09:48:18.906  1058  2949 I WifiHAL : event received NL80211_CMD_VENDOR, vendor_id = 0x1374, subcmd = 0xd
04-22 09:48:19.277 14638   700 D PlatformJobService: Run job, request{id=7371, tag=EventNotificationJob_Master, transient=false}, waited 15:40:00, interval 00:15:00, flex 00:05:00
04-22 09:48:19.279 14638   700 D OutlookCoreJobCreator: create EventNotificationJob_Master
04-22 09:48:19.280 14638   700 D OutlookApplicationJobCreator: create EventNotificationJob_Master
04-22 09:48:19.284 14638   700 I JobExecutor: Executing request{id=7371, tag=EventNotificationJob_Master, transient=false}, context PlatformJobService
04-22 09:48:19.300 14638   703 D EventNotificationJob: Running EventNotificationJob, isDetail=false
04-22 09:48:19.305 14638   703 D EventNotificationJob: Interval is 15 minutes
04-22 09:48:19.307 14638   703 D EventNotificationJob: processEventList() on [0] events. First cleaning up expired notifications.
04-22 09:48:19.309 14638   703 D EventNotificationJob: Finished cleaning up notifications. Event notification list had 0 items, 0 unique IDs, added 0 notifications in id set.
04-22 09:48:19.309 14638   703 D EventNotificationJob:   finished processing events.
04-22 09:48:19.311 14638   703 I JobExecutor: Finished job{id=7371, finished=true, result=SUCCESS, canceled=false, periodic=true, class=EventNotificationJob, tag=EventNotificationJob_Master}
04-22 09:48:19.318 14638   700 D PlatformJobService: Finished job, request{id=7371, tag=EventNotificationJob_Master, transient=false} SUCCESS
04-22 09:48:20.912  1058  2949 I WifiHAL : event received NL80211_CMD_VENDOR, vendor_id = 0x1374, subcmd = 0xd
04-22 09:48:20.927  4451  4451 I chatty  : uid=10324(com.jaga.ibraceletplus.smartwristband3) expire 26 lines
04-22 09:48:22.922  1058  2949 I WifiHAL : event received NL80211_CMD_VENDOR, vendor_id = 0x1374, subcmd = 0xd
04-22 09:48:23.012  1057  1057 W radioext@1.0-se: type=1400 audit(0.0:8970): avc: denied { search } for name="radio" dev="dm-8" ino=174 scontext=u:r:hal_radioext_default:s0 tcontext=u:object_r:radio_vendor_data_file:s0 tclass=dir permissive=0
04-22 09:48:23.016  3258  3258 D GRIL-S  : [5450]> UPDATE_REGULATORY_DOMAIN
04-22 09:48:23.018  3258  4164 D GRIL-S  : [5450]< UPDATE_REGULATORY_DOMAIN 
04-22 09:48:24.924  1058  2949 I WifiHAL : event received NL80211_CMD_VENDOR, vendor_id = 0x1374, subcmd = 0xd
04-22 09:48:26.940  1058  2949 I WifiHAL : event received NL80211_CMD_VENDOR, vendor_id = 0x1374, subcmd = 0xd
04-22 09:48:28.052  3258  3258 D GRIL-S  : [5451]> UPDATE_REGULATORY_DOMAIN
04-22 09:48:28.048  1057  1057 W radioext@1.0-se: type=1400 audit(0.0:8971): avc: denied { search } for name="radio" dev="dm-8" ino=174 scontext=u:r:hal_radioext_default:s0 tcontext=u:object_r:radio_vendor_data_file:s0 tclass=dir permissive=0
04-22 09:48:28.054  3258  4164 D GRIL-S  : [5451]< UPDATE_REGULATORY_DOMAIN 
04-22 09:48:28.945  1058  2949 I WifiHAL : event received NL80211_CMD_VENDOR, vendor_id = 0x1374, subcmd = 0xd
04-22 09:48:30.910   939 32528 W resolv  : SSL_connect write error 0, mark 0xf008c: Try again
04-22 09:48:30.911   939 32528 W resolv  : TLS Handshake failed
04-22 09:48:30.912   939 32528 W resolv  : query failed
04-22 09:48:30.912   939 32528 W resolv  : validateDnsTlsServer returned 0 for fd00:976a::10
04-22 09:48:30.913   939 32528 W resolv  : Validation failed
04-22 09:48:30.940  1058  2949 I WifiHAL : event received NL80211_CMD_VENDOR, vendor_id = 0x1374, subcmd = 0xd
04-22 09:48:32.957  1058  2949 I WifiHAL : event received NL80211_CMD_VENDOR, vendor_id = 0x1374, subcmd = 0xd
04-22 09:48:33.078  1057  1057 W radioext@1.0-se: type=1400 audit(0.0:8972): avc: denied { search } for name="radio" dev="dm-8" ino=174 scontext=u:r:hal_radioext_default:s0 tcontext=u:object_r:radio_vendor_data_file:s0 tclass=dir permissive=0
04-22 09:48:33.079  3258  3258 D GRIL-S  : [5452]> UPDATE_REGULATORY_DOMAIN
04-22 09:48:33.084  3258  4164 D GRIL-S  : [5452]< UPDATE_REGULATORY_DOMAIN 
04-22 09:48:34.964  1058  2949 I WifiHAL : event received NL80211_CMD_VENDOR, vendor_id = 0x1374, subcmd = 0xd
04-22 09:48:35.517  4451  4451 I chatty  : uid=10324(com.jaga.ibraceletplus.smartwristband3) expire 23 lines
04-22 09:48:36.963  1058  2949 I WifiHAL : event received NL80211_CMD_VENDOR, vendor_id = 0x1374, subcmd = 0xd
04-22 09:48:37.503 28102 28102 W msgr.WrappingUtils: Don't know how to round that drawable: X.3RW@1c4815c
04-22 09:48:37.504 28102 28102 W msgr.WrappingUtils: Don't know how to round that drawable: X.3RW@1c4815c
04-22 09:48:37.511 28102 28102 W msgr.WrappingUtils: Don't know how to round that drawable: X.3RW@ac16f63
04-22 09:48:37.512 28102 28102 W msgr.WrappingUtils: Don't know how to round that drawable: X.3RW@ac16f63
04-22 09:48:37.560 28102 28102 W msgr.WrappingUtils: Don't know how to round that drawable: X.3RW@5b2f3fd
04-22 09:48:37.560 28102 28102 W msgr.WrappingUtils: Don't know how to round that drawable: X.3RW@5b2f3fd
04-22 09:48:38.122  3258  3258 D GRIL-S  : [5453]> UPDATE_REGULATORY_DOMAIN
04-22 09:48:38.122  1057  1057 W radioext@1.0-se: type=1400 audit(0.0:8973): avc: denied { search } for name="radio" dev="dm-8" ino=174 scontext=u:r:hal_radioext_default:s0 tcontext=u:object_r:radio_vendor_data_file:s0 tclass=dir permissive=0
04-22 09:48:38.127  3258  4164 D GRIL-S  : [5453]< UPDATE_REGULATORY_DOMAIN 
04-22 09:48:38.977  1058  2949 I WifiHAL : event received NL80211_CMD_VENDOR, vendor_id = 0x1374, subcmd = 0xd
04-22 09:48:40.975  1058  2949 I WifiHAL : event received NL80211_CMD_VENDOR, vendor_id = 0x1374, subcmd = 0xd
04-22 09:48:42.986  1058  2949 I WifiHAL : event received NL80211_CMD_VENDOR, vendor_id = 0x1374, subcmd = 0xd
04-22 09:48:43.142  1057  1057 W radioext@1.0-se: type=1400 audit(0.0:8974): avc: denied { search } for name="radio" dev="dm-8" ino=174 scontext=u:r:hal_radioext_default:s0 tcontext=u:object_r:radio_vendor_data_file:s0 tclass=dir permissive=0
04-22 09:48:43.146  3258  3258 D GRIL-S  : [5454]> UPDATE_REGULATORY_DOMAIN
04-22 09:48:43.150  3258  4164 D GRIL-S  : [5454]< UPDATE_REGULATORY_DOMAIN 
04-22 09:48:44.989  1058  2949 I WifiHAL : event received NL80211_CMD_VENDOR, vendor_id = 0x1374, subcmd = 0xd
04-22 09:48:46.994  1058  2949 I WifiHAL : event received NL80211_CMD_VENDOR, vendor_id = 0x1374, subcmd = 0xd
04-22 09:48:48.160  3258  3258 D GRIL-S  : [5455]> UPDATE_REGULATORY_DOMAIN
04-22 09:48:48.155  1057  1057 W radioext@1.0-se: type=1400 audit(0.0:8975): avc: denied { search } for name="radio" dev="dm-8" ino=174 scontext=u:r:hal_radioext_default:s0 tcontext=u:object_r:radio_vendor_data_file:s0 tclass=dir permissive=0
04-22 09:48:48.163  3258  4164 D GRIL-S  : [5455]< UPDATE_REGULATORY_DOMAIN 
04-22 09:48:49.015  1058  2949 I WifiHAL : event received NL80211_CMD_VENDOR, vendor_id = 0x1374, subcmd = 0xd
04-22 09:48:50.567  4451  4451 I chatty  : uid=10324(com.jaga.ibraceletplus.smartwristband3) expire 4 lines
04-22 09:48:50.573  4451  4451 D MySQLOperate: exerciseData 2 =ExerciseData{, startDate='20210227175451', endDate=20210227182020calendar=20210227, sportsType=0, account=null, step=2627, distance=2090.0, calories=115.0, heart=114, count=0, duration=1529, pace=0.0, realSpeed=0.0, verSpeed=0.0, maxSpeed=0.0, minSpeed=0.0, mapType=1, sportsDataFrom=1, sportsDataIsFromBand=1}
04-22 09:48:50.940  4451  4451 E MediaPlayerNative: start called in state 0, mPlayer(0x78a87aef00)
04-22 09:48:50.940  4451  4451 E MediaPlayerNative: error (-38, 0)
04-22 09:48:50.941  4451  4451 D cactus  : music is playing
04-22 09:48:50.941  4451  4451 E MediaPlayerNative: start called in state 0, mPlayer(0x78a87aef00)
04-22 09:48:50.941  4451  4451 E MediaPlayerNative: error (-38, 0)
04-22 09:48:50.941  4451  4451 D cactus  : music is playing
04-22 09:48:50.941  4451  4451 E MediaPlayer: Error (-38,0)
04-22 09:48:50.941  4451  4451 E MediaPlayer: Error (-38,0)
04-22 09:48:51.017  1058  2949 I WifiHAL : event received NL80211_CMD_VENDOR, vendor_id = 0x1374, subcmd = 0xd
04-22 09:48:52.254  3529 32561 I chatty  : uid=10145(com.google.android.gms) lowpool[437] expire 4 lines
04-22 09:48:52.268  3529 31725 I chatty  : uid=10145 com.google.android.gms.persistent expire 5 lines
04-22 09:48:52.389  3529 32560 I chatty  : uid=10145 com.google.android.gms.persistent expire 2 lines
04-22 09:48:52.400 12074 19905 I chatty  : uid=10145(com.google.android.gms) lowpool[90] expire 22 lines
04-22 09:48:52.532 12074   768 I chatty  : uid=10145(com.google.android.gms) expire 1 line
04-22 09:48:53.018  1058  2949 I WifiHAL : event received NL80211_CMD_VENDOR, vendor_id = 0x1374, subcmd = 0xd
04-22 09:48:53.161  3258  3258 D GRIL-S  : [5456]> UPDATE_REGULATORY_DOMAIN
04-22 09:48:53.155  1057  1057 W radioext@1.0-se: type=1400 audit(0.0:8976): avc: denied { search } for name="radio" dev="dm-8" ino=174 scontext=u:r:hal_radioext_default:s0 tcontext=u:object_r:radio_vendor_data_file:s0 tclass=dir permissive=0
04-22 09:48:53.162  3258  4164 D GRIL-S  : [5456]< UPDATE_REGULATORY_DOMAIN 
04-22 09:48:54.179  3296  3321 I m.android.phon: Background concurrent copying GC freed 316975(22MB) AllocSpace objects, 42(728KB) LOS objects, 84% free, 4644KB/28MB, paused 73us total 110.652ms
04-22 09:48:55.036  1058  2949 I WifiHAL : event received NL80211_CMD_VENDOR, vendor_id = 0x1374, subcmd = 0xd
04-22 09:48:55.576  4451  4451 D GetFunctionList: isSupport4 =true,functionType =4194304,function =6055139
04-22 09:48:55.579  4451  4451 D MySQLOperate:  getExciseDataByDate calendar=20210422,exist=true
04-22 09:48:55.580  4451  4451 D MySQLOperate: exerciseData 0 =ExerciseData{, startDate='20210215135705', endDate=20210215143738calendar=20210215, sportsType=0, account=null, step=2488, distance=2250.0, calories=151.0, heart=111, count=0, duration=2433, pace=0.0, realSpeed=0.0, verSpeed=0.0, maxSpeed=0.0, minSpeed=0.0, mapType=1, sportsDataFrom=1, sportsDataIsFromBand=1}
04-22 09:48:55.582  4451  4451 D MySQLOperate: exerciseData 1 =ExerciseData{, startDate='20210225144948', endDate=20210225150021calendar=20210225, sportsType=0, account=null, step=1655, distance=1620.0, calories=119.0, heart=152, count=0, duration=633, pace=7.75, realSpeed=0.0, verSpeed=0.0, maxSpeed=0.0, minSpeed=0.0, mapType=1, sportsDataFrom=1, sportsDataIsFromBand=1}
04-22 09:48:55.583  4451  4451 D MySQLOperate: exerciseData 2 =ExerciseData{, startDate='20210227175451', endDate=20210227182020calendar=20210227, sportsType=0, account=null, step=2627, distance=2090.0, calories=115.0, heart=114, count=0, duration=1529, pace=0.0, realSpeed=0.0, verSpeed=0.0, maxSpeed=0.0, minSpeed=0.0, mapType=1, sportsDataFrom=1, sportsDataIsFromBand=1}
04-22 09:48:57.030  1058  2949 I WifiHAL : event received NL80211_CMD_VENDOR, vendor_id = 0x1374, subcmd = 0xd
04-22 09:48:58.177  3258  3258 D GRIL-S  : [5457]> UPDATE_REGULATORY_DOMAIN
04-22 09:48:58.175  1057  1057 W radioext@1.0-se: type=1400 audit(0.0:8977): avc: denied { search } for name="radio" dev="dm-8" ino=174 scontext=u:r:hal_radioext_default:s0 tcontext=u:object_r:radio_vendor_data_file:s0 tclass=dir permissive=0
04-22 09:48:58.180  3258  4164 D GRIL-S  : [5457]< UPDATE_REGULATORY_DOMAIN 
04-22 09:48:59.044  1058  2949 I WifiHAL : event received NL80211_CMD_VENDOR, vendor_id = 0x1374, subcmd = 0xd
04-22 09:49:00.007  4451  4451 D BluetoothLeService: action =android.intent.action.TIME_TICK,GlobalVariable.IS_MYDEVICEACTIVITY_UPDATE =false
04-22 09:49:00.007  4451  4451 D zznkey  : action =android.intent.action.TIME_TICK
04-22 09:49:00.010  4451  4451 D TrainUtil: queryTrainingSetting  count =0
04-22 09:49:00.015  4451  4451 D BluetoothLeService: h =9
04-22 09:49:00.017  4451  4451 D BluetoothLeService: service.crashCount = 0
04-22 09:49:00.017  4451  4451 D msgPush : service.crashCount = 0
04-22 09:49:00.025 14638   796 D EventNotificationJob: Running EventNotificationJob, isDetail=true
04-22 09:49:00.037 14638   796 D EventNotificationJob: Interval is 15 minutes
04-22 09:49:00.046 14638   796 D EventNotificationJob: processEventList() on [0] events. First cleaning up expired notifications.
04-22 09:49:00.050 14638   796 D EventNotificationJob: Finished cleaning up notifications. Event notification list had 0 items, 0 unique IDs, added 0 notifications in id set.
04-22 09:49:00.051 14638   796 D EventNotificationJob:   finished processing events.
04-22 09:48:57.090  1635  2891 I chatty  : uid=1000(system) ConnectivitySer identical 26 lines
04-22 09:49:00.104  1635  2891 D ConnectivityService: NetReassign [no changes]
04-22 09:49:00.354  1635  3048 I ActivityManager: Force stopping com.google.location.nearby.apps.connectedcrossroad appid=10333 user=0: from pid 806
04-22 09:49:00.358   806   820 I cmd     : oneway function results will be dropped but finished with status OK and parcel size 4
04-22 09:49:00.362  1635  1775 W BroadcastQueue: Background execution not allowed: receiving Intent { act=android.intent.action.PACKAGE_RESTARTED dat=package:com.google.location.nearby.apps.connectedcrossroad flg=0x10 (has extras) } to steptracker.healthandfitness.walkingtracker.pedometer/com.drojian.stepcounter.receiver.PedometerReceiver
04-22 09:49:00.365  1635  1775 W BroadcastQueue: Background execution not allowed: receiving Intent { act=android.intent.action.PACKAGE_RESTARTED dat=package:com.google.location.nearby.apps.connectedcrossroad flg=0x10 (has extras) } to steptracker.healthandfitness.walkingtracker.pedometer/com.drojian.servicekeeper.receiver.BootReceiver
04-22 09:49:00.366  3296  3296 D CarrierSvcBindHelper: No carrier app for: 0
04-22 09:49:00.374  4587  4587 D RegisteredNfcFServicesCache: Service unchanged, not updating
04-22 09:49:00.410 32084 32084 I EuiccGoogle: [2] EuiccServiceImpl.onCreate: onCreate Single-SIM mode: simCardState is 11
04-22 09:49:00.430 32084   848 I EuiccGoogle: [4068] EuiccServiceImpl.onGetEuiccProfileInfoList: onGetEuiccProfileInfoList: slotId = -1
04-22 09:49:00.442 32084   848 W EuiccGoogle: [4068] EuiccServiceImpl.onGetEuiccProfileInfoList: slotId=-1. No eUICC is active. Return null.
04-22 09:49:00.584  4451  4451 D GetFunctionList: isSupport4 =true,functionType =4194304,function =6055139
04-22 09:49:00.587  4451  4451 D MySQLOperate:  getExciseDataByDate calendar=20210422,exist=true
04-22 09:49:00.588  4451  4451 D MySQLOperate: exerciseData 0 =ExerciseData{, startDate='20210215135705', endDate=20210215143738calendar=20210215, sportsType=0, account=null, step=2488, distance=2250.0, calories=151.0, heart=111, count=0, duration=2433, pace=0.0, realSpeed=0.0, verSpeed=0.0, maxSpeed=0.0, minSpeed=0.0, mapType=1, sportsDataFrom=1, sportsDataIsFromBand=1}
04-22 09:49:00.589  4451  4451 D MySQLOperate: exerciseData 1 =ExerciseData{, startDate='20210225144948', endDate=20210225150021calendar=20210225, sportsType=0, account=null, step=1655, distance=1620.0, calories=119.0, heart=152, count=0, duration=633, pace=7.75, realSpeed=0.0, verSpeed=0.0, maxSpeed=0.0, minSpeed=0.0, mapType=1, sportsDataFrom=1, sportsDataIsFromBand=1}
04-22 09:49:00.589  4451  4451 D MySQLOperate: exerciseData 2 =ExerciseData{, startDate='20210227175451', endDate=20210227182020calendar=20210227, sportsType=0, account=null, step=2627, distance=2090.0, calories=115.0, heart=114, count=0, duration=1529, pace=0.0, realSpeed=0.0, verSpeed=0.0, maxSpeed=0.0, minSpeed=0.0, mapType=1, sportsDataFrom=1, sportsDataIsFromBand=1}
04-22 09:49:00.947  4451  4451 E MediaPlayerNative: start called in state 0, mPlayer(0x78a87aef00)
04-22 09:49:00.947  4451  4451 E MediaPlayerNative: error (-38, 0)
04-22 09:49:00.947  4451  4451 D cactus  : music is playing
04-22 09:49:00.947  4451  4451 E MediaPlayerNative: start called in state 0, mPlayer(0x78a87aef00)
04-22 09:49:00.947  4451  4451 E MediaPlayerNative: error (-38, 0)
04-22 09:49:00.947  4451  4451 D cactus  : music is playing
04-22 09:49:00.947  4451  4451 E MediaPlayer: Error (-38,0)
04-22 09:49:00.947  4451  4451 E MediaPlayer: Error (-38,0)
04-22 09:49:01.043  1058  2949 I WifiHAL : event received NL80211_CMD_VENDOR, vendor_id = 0x1374, subcmd = 0xd
04-22 09:49:03.161  1635  2891 D ConnectivityService: NetReassign [no changes]
04-22 09:49:03.050  1058  2949 I WifiHAL : event received NL80211_CMD_VENDOR, vendor_id = 0x1374, subcmd = 0xd
04-22 09:49:03.172  1057  1057 W radioext@1.0-se: type=1400 audit(0.0:8978): avc: denied { search } for name="radio" dev="dm-8" ino=174 scontext=u:r:hal_radioext_default:s0 tcontext=u:object_r:radio_vendor_data_file:s0 tclass=dir permissive=0
04-22 09:49:03.175  3258  3258 D GRIL-S  : [5458]> UPDATE_REGULATORY_DOMAIN
04-22 09:49:03.176  3258  4164 D GRIL-S  : [5458]< UPDATE_REGULATORY_DOMAIN 
04-22 09:49:05.061  1058  2949 I WifiHAL : event received NL80211_CMD_VENDOR, vendor_id = 0x1374, subcmd = 0xd
04-22 09:49:05.592  4451  4451 D GetFunctionList: isSupport4 =true,functionType =4194304,function =6055139
04-22 09:49:05.599  4451  4451 D MySQLOperate:  getExciseDataByDate calendar=20210422,exist=true
04-22 09:49:05.601  4451  4451 D MySQLOperate: exerciseData 0 =ExerciseData{, startDate='20210215135705', endDate=20210215143738calendar=20210215, sportsType=0, account=null, step=2488, distance=2250.0, calories=151.0, heart=111, count=0, duration=2433, pace=0.0, realSpeed=0.0, verSpeed=0.0, maxSpeed=0.0, minSpeed=0.0, mapType=1, sportsDataFrom=1, sportsDataIsFromBand=1}
04-22 09:49:05.602  4451  4451 D MySQLOperate: exerciseData 1 =ExerciseData{, startDate='20210225144948', endDate=20210225150021calendar=20210225, sportsType=0, account=null, step=1655, distance=1620.0, calories=119.0, heart=152, count=0, duration=633, pace=7.75, realSpeed=0.0, verSpeed=0.0, maxSpeed=0.0, minSpeed=0.0, mapType=1, sportsDataFrom=1, sportsDataIsFromBand=1}
04-22 09:49:05.602  4451  4451 D MySQLOperate: exerciseData 2 =ExerciseData{, startDate='20210227175451', endDate=20210227182020calendar=20210227, sportsType=0, account=null, step=2627, distance=2090.0, calories=115.0, heart=114, count=0, duration=1529, pace=0.0, realSpeed=0.0, verSpeed=0.0, maxSpeed=0.0, minSpeed=0.0, mapType=1, sportsDataFrom=1, sportsDataIsFromBand=1}
04-22 09:49:07.080  1058  2949 I WifiHAL : event received NL80211_CMD_VENDOR, vendor_id = 0x1374, subcmd = 0xd
04-22 09:49:08.201  3258  3258 D GRIL-S  : [5459]> UPDATE_REGULATORY_DOMAIN
04-22 09:49:08.198  1057  1057 W radioext@1.0-se: type=1400 audit(0.0:8979): avc: denied { search } for name="radio" dev="dm-8" ino=174 scontext=u:r:hal_radioext_default:s0 tcontext=u:object_r:radio_vendor_data_file:s0 tclass=dir permissive=0
04-22 09:49:08.204  3258  4164 D GRIL-S  : [5459]< UPDATE_REGULATORY_DOMAIN 
04-22 09:49:08.578  4135  4147 W roid.apps.scon: Reducing the number of considered missed Gc histogram windows from 168 to 100
04-22 09:49:09.077  1058  2949 I WifiHAL : event received NL80211_CMD_VENDOR, vendor_id = 0x1374, subcmd = 0xd
04-22 09:49:10.606  4451  4451 D GetFunctionList: isSupport4 =true,functionType =4194304,function =6055139
04-22 09:49:10.609  4451  4451 D MySQLOperate:  getExciseDataByDate calendar=20210422,exist=true
04-22 09:49:10.614  4451  4451 D MySQLOperate: exerciseData 0 =ExerciseData{, startDate='20210215135705', endDate=20210215143738calendar=20210215, sportsType=0, account=null, step=2488, distance=2250.0, calories=151.0, heart=111, count=0, duration=2433, pace=0.0, realSpeed=0.0, verSpeed=0.0, maxSpeed=0.0, minSpeed=0.0, mapType=1, sportsDataFrom=1, sportsDataIsFromBand=1}
04-22 09:49:10.615  4451  4451 D MySQLOperate: exerciseData 1 =ExerciseData{, startDate='20210225144948', endDate=20210225150021calendar=20210225, sportsType=0, account=null, step=1655, distance=1620.0, calories=119.0, heart=152, count=0, duration=633, pace=7.75, realSpeed=0.0, verSpeed=0.0, maxSpeed=0.0, minSpeed=0.0, mapType=1, sportsDataFrom=1, sportsDataIsFromBand=1}
04-22 09:49:10.616  4451  4451 D MySQLOperate: exerciseData 2 =ExerciseData{, startDate='20210227175451', endDate=20210227182020calendar=20210227, sportsType=0, account=null, step=2627, distance=2090.0, calories=115.0, heart=114, count=0, duration=1529, pace=0.0, realSpeed=0.0, verSpeed=0.0, maxSpeed=0.0, minSpeed=0.0, mapType=1, sportsDataFrom=1, sportsDataIsFromBand=1}
04-22 09:49:10.949  4451  4451 E MediaPlayerNative: start called in state 0, mPlayer(0x78a87aef00)
04-22 09:49:10.949  4451  4451 E MediaPlayerNative: error (-38, 0)
04-22 09:49:10.949  4451  4451 D cactus  : music is playing
04-22 09:49:10.949  4451  4451 E MediaPlayerNative: start called in state 0, mPlayer(0x78a87aef00)
04-22 09:49:10.949  4451  4451 E MediaPlayerNative: error (-38, 0)
04-22 09:49:10.949  4451  4451 D cactus  : music is playing
04-22 09:49:10.949  4451  4451 E MediaPlayer: Error (-38,0)
04-22 09:49:10.950  4451  4451 E MediaPlayer: Error (-38,0)
04-22 09:49:11.082  1058  2949 I WifiHAL : event received NL80211_CMD_VENDOR, vendor_id = 0x1374, subcmd = 0xd
04-22 09:49:13.087  1058  2949 I WifiHAL : event received NL80211_CMD_VENDOR, vendor_id = 0x1374, subcmd = 0xd
04-22 09:49:13.238  1057  1057 W radioext@1.0-se: type=1400 audit(0.0:8980): avc: denied { search } for name="radio" dev="dm-8" ino=174 scontext=u:r:hal_radioext_default:s0 tcontext=u:object_r:radio_vendor_data_file:s0 tclass=dir permissive=0
04-22 09:49:13.243  3258  3258 D GRIL-S  : [5460]> UPDATE_REGULATORY_DOMAIN
04-22 09:49:13.245  3258  4164 D GRIL-S  : [5460]< UPDATE_REGULATORY_DOMAIN 
04-22 09:49:15.103  1058  2949 I WifiHAL : event received NL80211_CMD_VENDOR, vendor_id = 0x1374, subcmd = 0xd
04-22 09:49:15.620  4451  4451 D GetFunctionList: isSupport4 =true,functionType =4194304,function =6055139
04-22 09:49:15.625  4451  4451 D MySQLOperate:  getExciseDataByDate calendar=20210422,exist=true
04-22 09:49:15.627  4451  4451 D MySQLOperate: exerciseData 0 =ExerciseData{, startDate='20210215135705', endDate=20210215143738calendar=20210215, sportsType=0, account=null, step=2488, distance=2250.0, calories=151.0, heart=111, count=0, duration=2433, pace=0.0, realSpeed=0.0, verSpeed=0.0, maxSpeed=0.0, minSpeed=0.0, mapType=1, sportsDataFrom=1, sportsDataIsFromBand=1}
04-22 09:49:15.627  4451  4451 D MySQLOperate: exerciseData 1 =ExerciseData{, startDate='20210225144948', endDate=20210225150021calendar=20210225, sportsType=0, account=null, step=1655, distance=1620.0, calories=119.0, heart=152, count=0, duration=633, pace=7.75, realSpeed=0.0, verSpeed=0.0, maxSpeed=0.0, minSpeed=0.0, mapType=1, sportsDataFrom=1, sportsDataIsFromBand=1}
04-22 09:49:15.628  4451  4451 D MySQLOperate: exerciseData 2 =ExerciseData{, startDate='20210227175451', endDate=20210227182020calendar=20210227, sportsType=0, account=null, step=2627, distance=2090.0, calories=115.0, heart=114, count=0, duration=1529, pace=0.0, realSpeed=0.0, verSpeed=0.0, maxSpeed=0.0, minSpeed=0.0, mapType=1, sportsDataFrom=1, sportsDataIsFromBand=1}
04-22 09:49:15.841  4262  4262 D CounterService: onReceive steptracker.healthandfitness.walkingtracker.pedometer.BROADCAST_NOTIFY_STATUS
04-22 09:49:17.116  1058  2949 I WifiHAL : event received NL80211_CMD_VENDOR, vendor_id = 0x1374, subcmd = 0xd
04-22 09:49:18.257  3258  3258 D GRIL-S  : [5461]> UPDATE_REGULATORY_DOMAIN
04-22 09:49:18.258  3258  4164 D GRIL-S  : [5461]< UPDATE_REGULATORY_DOMAIN 
04-22 09:49:18.252  1057  1057 W radioext@1.0-se: type=1400 audit(0.0:8981): avc: denied { search } for name="radio" dev="dm-8" ino=174 scontext=u:r:hal_radioext_default:s0 tcontext=u:object_r:radio_vendor_data_file:s0 tclass=dir permissive=0
04-22 09:49:19.130  1058  2949 I WifiHAL : event received NL80211_CMD_VENDOR, vendor_id = 0x1374, subcmd = 0xd
04-22 09:49:20.641  4451  4451 D GetFunctionList: isSupport4 =true,functionType =4194304,function =6055139
04-22 09:49:20.646  4451  4451 D MySQLOperate:  getExciseDataByDate calendar=20210422,exist=true
04-22 09:49:20.648  4451  4451 D MySQLOperate: exerciseData 0 =ExerciseData{, startDate='20210215135705', endDate=20210215143738calendar=20210215, sportsType=0, account=null, step=2488, distance=2250.0, calories=151.0, heart=111, count=0, duration=2433, pace=0.0, realSpeed=0.0, verSpeed=0.0, maxSpeed=0.0, minSpeed=0.0, mapType=1, sportsDataFrom=1, sportsDataIsFromBand=1}
04-22 09:49:20.649  4451  4451 D MySQLOperate: exerciseData 1 =ExerciseData{, startDate='20210225144948', endDate=20210225150021calendar=20210225, sportsType=0, account=null, step=1655, distance=1620.0, calories=119.0, heart=152, count=0, duration=633, pace=7.75, realSpeed=0.0, verSpeed=0.0, maxSpeed=0.0, minSpeed=0.0, mapType=1, sportsDataFrom=1, sportsDataIsFromBand=1}
04-22 09:49:20.650  4451  4451 D MySQLOperate: exerciseData 2 =ExerciseData{, startDate='20210227175451', endDate=20210227182020calendar=20210227, sportsType=0, account=null, step=2627, distance=2090.0, calories=115.0, heart=114, count=0, duration=1529, pace=0.0, realSpeed=0.0, verSpeed=0.0, maxSpeed=0.0, minSpeed=0.0, mapType=1, sportsDataFrom=1, sportsDataIsFromBand=1}
04-22 09:49:20.956  4451  4451 E MediaPlayerNative: start called in state 0, mPlayer(0x78a87aef00)
04-22 09:49:20.957  4451  4451 E MediaPlayerNative: error (-38, 0)
04-22 09:49:20.957  4451  4451 D cactus  : music is playing
04-22 09:49:20.957  4451  4451 E MediaPlayerNative: start called in state 0, mPlayer(0x78a87aef00)
04-22 09:49:20.957  4451  4451 E MediaPlayerNative: error (-38, 0)
04-22 09:49:20.957  4451  4451 D cactus  : music is playing
04-22 09:49:20.957  4451  4451 E MediaPlayer: Error (-38,0)
04-22 09:49:20.957  4451  4451 E MediaPlayer: Error (-38,0)
04-22 09:49:21.127  1058  2949 I WifiHAL : event received NL80211_CMD_VENDOR, vendor_id = 0x1374, subcmd = 0xd
04-22 09:49:21.668  1002  1005 I cmd     : oneway function results will be dropped but finished with status OK and parcel size 4
04-22 09:49:22.110  1011  1011 I studio.deploy: DeltaInstall found API level:30
04-22 09:49:22.111  1011  1011 I studio.deploy: -t
04-22 09:49:22.111  1011  1011 I studio.deploy: --user
04-22 09:49:22.111  1011  1011 I studio.deploy: current
04-22 09:49:22.111  1011  1011 I studio.deploy: --full
04-22 09:49:22.111  1011  1011 I studio.deploy: --dont-kill
04-22 09:49:22.111  1011  1011 I studio.deploy: -r
04-22 09:49:22.150  1012  1014 I cmd     : oneway function results will be dropped but finished with status OK and parcel size 4
04-22 09:49:22.154  1011  1011 I studio.deploy: DeltaInstall created session: '945727868'
04-22 09:49:22.154  1011  1011 I studio.deploy: package
04-22 09:49:22.154  1011  1011 I studio.deploy: install-write
04-22 09:49:22.154  1011  1011 I studio.deploy: -S
04-22 09:49:22.154  1011  1011 I studio.deploy: 4147130
04-22 09:49:22.154  1011  1011 I studio.deploy: 945727868
04-22 09:49:22.154  1011  1011 I studio.deploy: base.apk
04-22 09:49:22.226  1011  1011 I studio.deploy: Streaming succeeded for '/data/app/~~mNi8PSK9EBqcIOD-pMD03w==/com.google.location.nearby.apps.connectedcrossroad-pc1XR5UaQkkF0qG78IeqZA==/base.apk'
04-22 09:49:22.226  1011  1011 I studio.deploy: package
04-22 09:49:22.226  1011  1011 I studio.deploy: install-commit
04-22 09:49:22.226  1011  1011 I studio.deploy: 945727868
04-22 09:49:18.323  1635  2891 I chatty  : uid=1000(system) ConnectivitySer identical 5 lines
04-22 09:49:21.342  1635  2891 D ConnectivityService: NetReassign [no changes]
04-22 09:49:22.338  1635  1878 I PackageManager: Integrity check passed for file:///data/app/vmdl945727868.tmp
04-22 09:49:22.364  9715  9715 I Finsky  : [2] arkg.b(3): Verification requested, id = 35
04-22 09:49:22.434  9715  9715 E Finsky  : [2] VerifyPerSourceInstallationConsentInstallTask.f(2): Package name null is not an installed package
04-22 09:49:22.461  9715  1102 I Finsky  : [3676] arme.a(7): Single user settings service is not running, bind it now
04-22 09:49:22.478  9715  9715 I Finsky  : [2] armd.onServiceConnected(1): Single user settings service is connected
04-22 09:49:22.509  9715  1102 W Settings: Setting install_non_market_apps has moved from android.provider.Settings.Global to android.provider.Settings.Secure, returning read-only value.
04-22 09:49:22.810  9715  1102 I Finsky  : [3676] qjm.c(3): Task 7 requested foreground
04-22 09:49:22.817  9715  1102 I Finsky  : [3676] qjm.c(8): Not entering foreground
04-22 09:49:23.131  1058  2949 I WifiHAL : event received NL80211_CMD_VENDOR, vendor_id = 0x1374, subcmd = 0xd
04-22 09:49:23.170  1635  2884 W NetworkPolicy: shared quota unsupported; generating rule for each iface
04-22 09:49:23.278  3258  3258 D GRIL-S  : [5462]> UPDATE_REGULATORY_DOMAIN
04-22 09:49:23.280  3258  4164 D GRIL-S  : [5462]< UPDATE_REGULATORY_DOMAIN 
04-22 09:49:23.275  1057  1057 W radioext@1.0-se: type=1400 audit(0.0:8982): avc: denied { search } for name="radio" dev="dm-8" ino=174 scontext=u:r:hal_radioext_default:s0 tcontext=u:object_r:radio_vendor_data_file:s0 tclass=dir permissive=0
04-22 09:49:23.342  1635  2884 W NetworkPolicy: shared quota unsupported; generating rule for each iface
04-22 09:49:24.385  1635  2891 D ConnectivityService: NetReassign [no changes]
04-22 09:49:25.153  1058  2949 I WifiHAL : event received NL80211_CMD_VENDOR, vendor_id = 0x1374, subcmd = 0xd
04-22 09:49:25.197  9715  1117 I Finsky  : [3679] arsk.c(3): Verify: Verification package=com.google.location.nearby.apps.connectedcrossroad, id=35 response=0
04-22 09:49:25.286  9715  1102 I Finsky  : [3676] VerifyPerSourceInstallationConsentInstallTask.ng(2): PSIC verification started with installer uid: 2000 package name: null, originating uid: -1
04-22 09:49:25.290  9715  9715 I Finsky  : [2] VerifyInstallTask.g(3): Verifying id=35, result=1
04-22 09:49:25.320  1635  1878 I PackageManager: Update package com.google.location.nearby.apps.connectedcrossroad code path from /data/app/~~mNi8PSK9EBqcIOD-pMD03w==/com.google.location.nearby.apps.connectedcrossroad-pc1XR5UaQkkF0qG78IeqZA== to /data/app/~~vnHWMVhJy6dTTawO24lQxA==/com.google.location.nearby.apps.connectedcrossroad-t0lV9HoqxOhPjRglnLBLXg==; Retain data and using new
04-22 09:49:25.320  1635  1878 I PackageManager: Update package com.google.location.nearby.apps.connectedcrossroad resource path from /data/app/~~mNi8PSK9EBqcIOD-pMD03w==/com.google.location.nearby.apps.connectedcrossroad-pc1XR5UaQkkF0qG78IeqZA== to /data/app/~~vnHWMVhJy6dTTawO24lQxA==/com.google.location.nearby.apps.connectedcrossroad-t0lV9HoqxOhPjRglnLBLXg==; Retain data and using new
04-22 09:49:25.327  1635  1878 D CompatibilityChangeReporter: Compat change id reported: 135549675; UID 10333; state: DISABLED
04-22 09:49:25.518  1183  1227 E installd: Couldn't opendir /data/app/vmdl945727868.tmp: No such file or directory
04-22 09:49:25.518  1183  1227 E installd: Failed to delete /data/app/vmdl945727868.tmp: No such file or directory
04-22 09:49:25.524  4509  4509 I MediaProvider: Invalidating LocalCallingIdentity cache for package com.google.location.nearby.apps.connectedcrossroad. Reason: package android.intent.action.PACKAGE_REMOVED
04-22 09:49:25.530  2959  2959 I chatty  : uid=1002(bluetooth) com.android.bluetooth expire 3 lines
04-22 09:49:25.532  4561  4561 I GsaVoiceInteractionSrv: O received Intent { act=android.intent.action.PACKAGE_REMOVED dat=package:com.google.location.nearby.apps.connectedcrossroad flg=0x4000010 (has extras) }
04-22 09:49:25.538  9715  9715 I Finsky  : [2] acis.h(1): PackageMonitorReceiverImpl - Received: android.intent.action.PACKAGE_REMOVED, [EI7BYFojudkobVjKHwty2rDeKAujxJfCn09fgDnKdGM]
04-22 09:49:25.539  9715  9715 I Finsky  : [2] acjt.g(8): Invalidating cached PackageState for com.google.location.nearby.apps.connectedcrossroad
04-22 09:49:25.543  1635  1775 W BroadcastQueue: Background execution not allowed: receiving Intent { act=android.intent.action.PACKAGE_REMOVED dat=package:com.google.location.nearby.apps.connectedcrossroad flg=0x4000010 (has extras) } to com.android.vending/com.google.android.finsky.packagemanager.impl.PackageMonitorReceiverImpl$RegisteredReceiver
04-22 09:49:25.562  4509  4509 I MediaProvider: Invalidating LocalCallingIdentity cache for package com.google.location.nearby.apps.connectedcrossroad. Reason: package android.intent.action.PACKAGE_ADDED
04-22 09:49:25.614  1635  1775 W BroadcastQueue: Background execution not allowed: receiving Intent { act=android.intent.action.PACKAGE_REMOVED dat=package:com.google.location.nearby.apps.connectedcrossroad flg=0x4000010 (has extras) } to com.android.vending/com.google.android.finsky.instantapps.appmanagement.InstantAppRemoveMonitor
04-22 09:49:25.614  1635  1775 W BroadcastQueue: Background execution not allowed: receiving Intent { act=android.intent.action.PACKAGE_REMOVED dat=package:com.google.location.nearby.apps.connectedcrossroad flg=0x4000010 (has extras) } to com.google.android.gms/.games.chimera.GamesSystemBroadcastReceiverProxy
04-22 09:49:25.638  1635  1974 I InputReader: Reconfiguring input devices, changes=KEYBOARD_LAYOUTS | 
04-22 09:49:25.646  1635  1713 I ActivityTaskManager: START u0 {act=android.intent.action.MAIN cat=[android.intent.category.LAUNCHER] flg=0x10000000 cmp=com.google.location.nearby.apps.connectedcrossroad/nx.aodv.eval.MainActivity} from uid 2000
04-22 09:49:25.639  1635  1974 I InputReader: Reconfiguring input devices, changes=KEYBOARD_LAYOUTS | 
04-22 09:49:25.651  4451  4451 D GetFunctionList: isSupport4 =true,functionType =4194304,function =6055139
04-22 09:49:25.654  4451  4451 D MySQLOperate:  getExciseDataByDate calendar=20210422,exist=true
04-22 09:49:25.654  9715  1123 I Finsky  : [3680] qty.run(16): Wrote row to frosting DB: 36292
04-22 09:49:25.654  4451  4451 D MySQLOperate: exerciseData 0 =ExerciseData{, startDate='20210215135705', endDate=20210215143738calendar=20210215, sportsType=0, account=null, step=2488, distance=2250.0, calories=151.0, heart=111, count=0, duration=2433, pace=0.0, realSpeed=0.0, verSpeed=0.0, maxSpeed=0.0, minSpeed=0.0, mapType=1, sportsDataFrom=1, sportsDataIsFromBand=1}
04-22 09:49:25.655  4451  4451 D MySQLOperate: exerciseData 1 =ExerciseData{, startDate='20210225144948', endDate=20210225150021calendar=20210225, sportsType=0, account=null, step=1655, distance=1620.0, calories=119.0, heart=152, count=0, duration=633, pace=7.75, realSpeed=0.0, verSpeed=0.0, maxSpeed=0.0, minSpeed=0.0, mapType=1, sportsDataFrom=1, sportsDataIsFromBand=1}
04-22 09:49:25.655  4451  4451 D MySQLOperate: exerciseData 2 =ExerciseData{, startDate='20210227175451', endDate=20210227182020calendar=20210227, sportsType=0, account=null, step=2627, distance=2090.0, calories=115.0, heart=114, count=0, duration=1529, pace=0.0, realSpeed=0.0, verSpeed=0.0, maxSpeed=0.0, minSpeed=0.0, mapType=1, sportsDataFrom=1, sportsDataIsFromBand=1}
04-22 09:49:25.661  9715  9715 I Finsky  : [2] szq.s(2): Installer: package com.google.location.nearby.apps.connectedcrossroad was removed. replacing: true
04-22 09:49:25.663  1016  1020 E statsd  : Predicate 5980654721335871649 dropping data for dimension key (10)0x2010101->10333[I] (10)0x30000->*launch*[S] 
04-22 09:49:25.669  1131  1136 I cmd     : oneway function results will be dropped but finished with status OK and parcel size 4
04-22 09:49:25.674  1635  4614 D CompatibilityChangeReporter: Compat change id reported: 135634846; UID 10122; state: DISABLED
04-22 09:49:25.674  1635  1776 D CompatibilityChangeReporter: Compat change id reported: 143937733; UID 10122; state: ENABLED
04-22 09:49:25.688  4561  4561 I GsaVoiceInteractionSrv: O received Intent { act=android.intent.action.PACKAGE_ADDED dat=package:com.google.location.nearby.apps.connectedcrossroad flg=0x4000010 (has extras) }
04-22 09:49:25.693  9715  9715 I Finsky  : [2] tao.L(12): Installer: Notifying status update. package=com.google.location.nearby.apps.connectedcrossroad, status=UNINSTALLED
04-22 09:49:25.698  1017  1017 D Zygote  : Forked child process 1139
04-22 09:49:25.725  1635  1775 W BroadcastQueue: Background execution not allowed: receiving Intent { act=android.intent.action.PACKAGE_REMOVED dat=package:com.google.location.nearby.apps.connectedcrossroad flg=0x4000010 (has extras) } to com.google.android.gms/.chimera.GmsIntentOperationService$PersistentTrustedReceiver
04-22 09:49:25.741  9715  1123 I Finsky  : [3680] qty.run(16): Wrote row to frosting DB: 36293
04-22 09:49:25.744  1635  1756 D CompatibilityChangeReporter: Compat change id reported: 135634846; UID 10333; state: DISABLED
04-22 09:49:25.747  1635  1776 W ActivityManager: Slow operation: 79ms so far, now at startProcess: done updating battery stats
04-22 09:49:25.748  1635  1776 W ActivityManager: Slow operation: 79ms so far, now at startProcess: building log message
04-22 09:49:25.748  1635  1776 I ActivityManager: Start proc 1139:com.google.android.apps.wellbeing/u0a122 for content provider {com.google.android.apps.wellbeing/com.google.android.apps.wellbeing.api.impl.WellbeingSettingsProvider}
04-22 09:49:25.748  1635  1776 W ActivityManager: Slow operation: 79ms so far, now at startProcess: starting to update pids map
04-22 09:49:25.748  1635  1776 W ActivityManager: Slow operation: 79ms so far, now at startProcess: done updating pids map
04-22 09:49:25.748  1635  1776 D CompatibilityChangeReporter: Compat change id reported: 143937733; UID 10333; state: DISABLED
04-22 09:49:25.750  1139  1139 E .apps.wellbein: Not starting debugger since process cannot load the jdwp agent.
04-22 09:49:25.753  4561  4561 I GsaVoiceInteractionSrv: O received Intent { act=android.intent.action.PACKAGE_REPLACED dat=package:com.google.location.nearby.apps.connectedcrossroad flg=0x4000010 (has extras) }
04-22 09:49:25.763  1635  1974 I InputReader: Reconfiguring input devices, changes=KEYBOARD_LAYOUTS | 
04-22 09:49:25.766  1635  1775 W BroadcastQueue: Background execution not allowed: receiving Intent { act=android.intent.action.PACKAGE_REMOVED dat=package:com.google.location.nearby.apps.connectedcrossroad flg=0x4000010 (has extras) } to com.google.android.googlequicksearchbox/com.google.android.apps.gsa.googlequicksearchbox.GelStubAppWatcher
04-22 09:49:25.768  1635  1775 W BroadcastQueue: Background execution not allowed: receiving Intent { act=android.intent.action.PACKAGE_REMOVED dat=package:com.google.location.nearby.apps.connectedcrossroad flg=0x4000010 (has extras) } to com.facebook.katana/com.facebook.feed.platformads.AppInstallReceiver
04-22 09:49:25.768  1635  1775 W BroadcastQueue: Background execution not allowed: receiving Intent { act=android.intent.action.PACKAGE_REMOVED dat=package:com.google.location.nearby.apps.connectedcrossroad flg=0x4000010 (has extras) } to com.jaga.ibraceletplus.smartwristband3/com.yc.pedometer.keepalive.KeepAliveReceiver
04-22 09:49:25.768  1635  1775 W BroadcastQueue: Background execution not allowed: receiving Intent { act=android.intent.action.PACKAGE_REMOVED dat=package:com.google.location.nearby.apps.connectedcrossroad flg=0x4000010 (has extras) } to com.microsoft.appmanager/.receiver.InstallUninstallReceiver
