04-21 17:50:14.441  1635  1635 I chatty  : uid=1000 system_server expire 47 lines
04-21 17:50:14.445  1635  4630 I chatty  : uid=1000(system) Binder:1635_13 expire 7 lines
04-21 17:50:14.816  1635  4614 I chatty  : uid=1000(system) Binder:1635_10 expire 14 lines
04-21 17:50:14.819  1635  1776 I chatty  : uid=1000(system) ActivityManager expire 14 lines
04-21 17:50:14.861  1635  1752 I chatty  : uid=1000(system) android.fg expire 19 lines
04-21 17:50:15.891  1635  3045 I chatty  : uid=1000(system) Binder:1635_9 expire 13 lines
04-21 17:50:36.222  1635 12312 I chatty  : uid=1000(system) Binder:1635_1F expire 8 lines
04-21 17:50:38.228  1635  4930 I chatty  : uid=1000(system) Binder:1635_14 expire 10 lines
04-21 17:50:38.229  1635  9801 I chatty  : uid=1000(system) Binder:1635_1C expire 10 lines
04-21 17:50:50.994  1635  1964 I chatty  : uid=1000(system) RollbackManager expire 3 lines
04-21 17:51:05.859  2979  6614 D PowerUI : can't show warning due to - plugged: true status unknown: false
04-21 17:51:07.632  1635  1776 I chatty  : uid=1000(system) ActivityManager expire 23 lines
04-21 17:51:10.166  4561 24776 I AlwaysOnHotwordDetector: onDetected
04-21 17:51:13.128  1635  1771 I chatty  : uid=1000(system) android.bg expire 16 lines
04-21 17:51:13.345  1635  3040 I chatty  : uid=1000(system) Binder:1635_5 expire 14 lines
04-21 17:51:13.345  1635  4599 I chatty  : uid=1000(system) Binder:1635_D expire 9 lines
04-21 17:51:14.139  1635  3043 I chatty  : uid=1000(system) Binder:1635_7 expire 54 lines
04-21 17:51:15.678  1635  1775 I chatty  : uid=1000(system) ActivityManager expire 19 lines
04-21 17:51:15.830  1635  1635 I chatty  : uid=1000 system_server expire 22 lines
04-21 17:51:16.486  1635  2891 I chatty  : uid=1000(system) ConnectivitySer expire 10 lines
04-21 17:51:24.691  1635  8772 I chatty  : uid=1000(system) Binder:1635_17 expire 7 lines
04-21 17:51:36.466  1635  1713 I chatty  : uid=1000(system) Binder:1635_2 expire 11 lines
04-21 17:51:36.929  2979  7147 D PowerUI : can't show warning due to - plugged: true status unknown: false
04-21 17:51:54.577  7255  7811 E ActivityThread: Failed to find provider info for com.google.android.instantapps.supervisor.SupervisorArchiveProvider
04-21 17:52:05.792  2979 10216 D PowerUI : can't show warning due to - plugged: true status unknown: false
04-21 17:52:07.619  1635  1775 I chatty  : uid=1000(system) ActivityManager expire 32 lines
04-21 17:52:10.976  1635  1752 I chatty  : uid=1000(system) android.fg expire 19 lines
04-21 17:52:15.046  7129  7998 D ArtManager: Requesting profile snapshot for com.duosecurity.duomobile:/data/app/~~3pYoZAdb5HFaYB98wsyt5A==/com.duosecurity.duomobile-2eYouJyp765F6gelxqwZ2A==/base.apk
04-21 17:52:17.607  1635  1776 I chatty  : uid=1000(system) ActivityManager expire 10 lines
04-21 17:52:42.721  1635  1878 I chatty  : uid=1000(system) PackageManager expire 18 lines
04-21 17:52:46.807  1635  3038 I chatty  : uid=1000(system) Binder:1635_4 expire 4 lines
04-21 17:53:00.426  1635  2891 I chatty  : uid=1000(system) ConnectivitySer expire 15 lines
04-21 17:53:01.530  1635  1754 I chatty  : uid=1000(system) android.ui expire 4 lines
04-21 17:53:03.839  2979 11758 D PowerUI : can't show warning due to - plugged: true status unknown: false
04-21 17:53:05.792  2979 13347 D PowerUI : can't show warning due to - plugged: true status unknown: false
04-21 17:53:18.529  1635  3047 I chatty  : uid=1000(system) Binder:1635_B expire 1 line
04-21 17:53:21.203  1635  1635 I chatty  : uid=1000 system_server expire 13 lines
04-21 17:53:21.418  1635  1775 I chatty  : uid=1000(system) ActivityManager expire 12 lines
04-21 17:53:22.798  1635  2884 I chatty  : uid=1000(system) NetworkPolicy expire 11 lines
04-21 17:53:46.100  1635  1776 I chatty  : uid=1000(system) ActivityManager expire 17 lines
04-21 17:54:05.830  2979 16230 D PowerUI : can't show warning due to - plugged: true status unknown: false
04-21 17:54:24.646  1635  4614 I chatty  : uid=1000(system) Binder:1635_10 expire 12 lines
04-21 17:54:24.666  1635  1712 I chatty  : uid=1000(system) Binder:1635_1 expire 12 lines
04-21 17:54:30.666  2979  3511 D PowerUI : can't show warning due to - plugged: true status unknown: false
04-21 17:54:34.959  1635  2514 I chatty  : uid=1000 system_server expire 3 lines
04-21 17:54:36.890  9147  9457 E ActivityThread: Failed to find provider info for com.facebook.appmanager.firstparty.crashreporter
04-21 17:54:36.944  1635  1776 I chatty  : uid=1000(system) ActivityManager expire 18 lines
04-21 17:54:38.876  1635  1775 I chatty  : uid=1000(system) ActivityManager expire 41 lines
04-21 17:55:05.795  2979  4359 D PowerUI : can't show warning due to - plugged: true status unknown: false
04-21 17:55:14.777  1635  2881 I chatty  : uid=1000(system) Binder:1635_3 expire 9 lines
04-21 17:55:55.280  1635  3040 I chatty  : uid=1000(system) Binder:1635_5 expire 10 lines
04-21 17:56:03.456  2979  6614 D PowerUI : can't show warning due to - plugged: true status unknown: false
04-21 17:56:04.747  1635  1775 I chatty  : uid=1000(system) ActivityManager expire 31 lines
04-21 17:56:05.794  2979  7147 D PowerUI : can't show warning due to - plugged: true status unknown: false
04-21 17:56:46.887  1635  1878 I chatty  : uid=1000(system) PackageManager expire 15 lines
04-21 17:56:47.225  1635  1752 I chatty  : uid=1000(system) android.fg expire 15 lines
04-21 17:56:47.277  1635  1635 I chatty  : uid=1000 system_server expire 18 lines
04-21 17:57:05.839  2979 10216 D PowerUI : can't show warning due to - plugged: true status unknown: false
04-21 17:57:16.839  1635  2891 I chatty  : uid=1000(system) ConnectivitySer expire 10 lines
04-21 17:57:24.348  2979 11758 D PowerUI : can't show warning due to - plugged: true status unknown: false
04-21 17:57:25.656  1635  1775 I chatty  : uid=1000(system) ActivityManager expire 104 lines
04-21 17:57:27.101  1635  1771 I chatty  : uid=1000(system) android.bg expire 4 lines
04-21 17:57:31.052  1635  3045 I chatty  : uid=1000(system) Binder:1635_9 expire 10 lines
04-21 17:57:55.808  1635 10519 I chatty  : uid=1000 system_server expire 4 lines
04-21 17:57:56.150  1635  1635 I chatty  : uid=1000 system_server expire 11 lines
04-21 17:57:56.468  1635  2884 I chatty  : uid=1000(system) NetworkPolicy expire 10 lines
04-21 17:58:05.824  2979 13347 D PowerUI : can't show warning due to - plugged: true status unknown: false
04-21 17:58:18.139  1635  1878 I chatty  : uid=1000(system) PackageManager expire 12 lines
04-21 17:58:45.314  2979 16230 D PowerUI : can't show warning due to - plugged: true status unknown: false
04-21 17:58:48.087  4561  9532 I AlwaysOnHotwordDetector: onDetected
04-21 17:58:49.454  1635  8900 I chatty  : uid=1000(system) Binder:1635_19 expire 5 lines
04-21 17:58:49.455  4561  4561 W AlwaysOnHotwordDetector: startRecognition() failed with error code -2147483648
04-21 17:58:49.544  1635  1752 I chatty  : uid=1000(system) android.fg expire 19 lines
04-21 17:58:49.702  1635 11490 I chatty  : uid=1000(system) Binder:1635_1D expire 11 lines
04-21 17:58:50.689  4561  9532 I AlwaysOnHotwordDetector: onError: -32
04-21 17:58:51.099  1635  1775 I chatty  : uid=1000(system) ActivityManager expire 18 lines
04-21 17:58:51.426  1635  1635 I chatty  : uid=1000 system_server expire 13 lines
04-21 17:59:05.794  2979  3511 D PowerUI : can't show warning due to - plugged: true status unknown: false
04-21 17:59:06.109  1635  1775 I chatty  : uid=1000(system) ActivityManager expire 33 lines
04-21 17:59:26.271  1635  4613 I chatty  : uid=1000(system) Binder:1635_F expire 9 lines
04-21 18:00:05.880  2979  4359 D PowerUI : can't show warning due to - plugged: true status unknown: false
04-21 18:00:06.291  2979  6614 D PowerUI : can't show warning due to - plugged: true status unknown: false
04-21 18:00:39.191  1635  1878 I chatty  : uid=1000(system) PackageManager expire 14 lines
04-21 18:00:45.734  1635  1775 I chatty  : uid=1000(system) ActivityManager expire 33 lines
04-21 18:00:50.707  1635  9377 I chatty  : uid=1000(system) Binder:1635_1B expire 6 lines
04-21 18:00:50.777  1635  1635 I chatty  : uid=1000 system_server expire 11 lines
04-21 18:00:51.492  1635  1776 I chatty  : uid=1000(system) ActivityManager expire 12 lines
04-21 18:00:51.797  1635  2884 I chatty  : uid=1000(system) NetworkPolicy expire 16 lines
04-21 18:00:52.209  1635  3043 I chatty  : uid=1000(system) Binder:1635_7 expire 1 line
04-21 18:00:53.402  1635  5549 I chatty  : uid=1000(system) Binder:1635_15 expire 5 lines
04-21 18:00:53.688  1635  4930 I chatty  : uid=1000(system) Binder:1635_14 expire 7 lines
04-21 18:00:58.403 12198 12198 D ActivityThread: Loading provider contacts;com.android.contacts: com.android.providers.contacts.ContactsProvider2
04-21 18:01:05.840  2979  7147 D PowerUI : can't show warning due to - plugged: true status unknown: false
04-21 18:01:18.245  1635  9801 I chatty  : uid=1000(system) Binder:1635_1C expire 4 lines
04-21 18:01:29.642  1635  1635 I chatty  : uid=1000 system_server expire 20 lines
04-21 18:01:30.095  1635  1862 I chatty  : uid=1000(system) PowerManagerSer expire 6 lines
04-21 18:01:43.432  2979 10216 D PowerUI : can't show warning due to - plugged: true status unknown: false
04-21 18:02:05.794  2979 11758 D PowerUI : can't show warning due to - plugged: true status unknown: false
04-21 18:02:06.907  1635  4623 I chatty  : uid=1000(system) Binder:1635_11 expire 8 lines
04-21 18:02:35.066  1635  1775 I chatty  : uid=1000(system) ActivityManager expire 29 lines
04-21 18:02:52.956  1635  1635 I chatty  : uid=1000 system_server expire 27 lines
04-21 18:03:05.901  2979 13347 D PowerUI : can't show warning due to - plugged: true status unknown: false
04-21 18:03:13.277  1635  1878 I chatty  : uid=1000(system) PackageManager expire 29 lines
04-21 18:03:14.717  1635  1775 I chatty  : uid=1000(system) ActivityManager expire 10 lines
04-21 18:03:14.718  1635  1776 I chatty  : uid=1000(system) ActivityManager expire 27 lines
04-21 18:03:16.135  4561  9950 I AlwaysOnHotwordDetector: onDetected
04-21 18:03:17.293  1635  4614 I chatty  : uid=1000(system) Binder:1635_10 expire 7 lines
04-21 18:03:17.664  1635  3046 I chatty  : uid=1000(system) Binder:1635_A expire 6 lines
04-21 18:03:29.333  2979 16230 D PowerUI : can't show warning due to - plugged: true status unknown: false
04-21 18:04:05.831  2979  3511 D PowerUI : can't show warning due to - plugged: true status unknown: false
04-21 18:04:09.880  1635  1775 I chatty  : uid=1000(system) ActivityManager expire 114 lines
04-21 18:04:10.113  1635  1752 I chatty  : uid=1000(system) android.fg expire 27 lines
04-21 18:04:10.147  1635  1712 I chatty  : uid=1000(system) Binder:1635_1 expire 11 lines
04-21 18:04:44.081  1635  1635 I chatty  : uid=1000 system_server expire 23 lines
04-21 18:04:48.801  2979  4359 D PowerUI : can't show warning due to - plugged: true status unknown: false
04-21 18:04:49.950  1635  1878 I chatty  : uid=1000(system) PackageManager expire 16 lines
04-21 18:05:05.796  2979  6614 D PowerUI : can't show warning due to - plugged: true status unknown: false
04-21 18:05:13.828  1635  4612 I chatty  : uid=1000(system) Binder:1635_E expire 5 lines
04-21 18:05:13.828  1635  2891 I chatty  : uid=1000(system) ConnectivitySer expire 12 lines
04-21 18:05:17.551  1635  2884 I chatty  : uid=1000(system) NetworkPolicy expire 11 lines
04-21 18:06:05.834  2979  7147 D PowerUI : can't show warning due to - plugged: true status unknown: false
04-21 18:06:06.156  1635  1878 I chatty  : uid=1000(system) PackageManager expire 16 lines
04-21 18:06:06.210  1635  1775 I chatty  : uid=1000(system) ActivityManager expire 70 lines
04-21 18:06:06.254  1635  1752 I chatty  : uid=1000(system) android.fg expire 13 lines
04-21 18:06:06.523  1635  1635 I chatty  : uid=1000 system_server expire 16 lines
04-21 18:06:07.483  1635  1776 I chatty  : uid=1000(system) ActivityManager expire 15 lines
04-21 18:06:08.254  2979 10216 D PowerUI : can't show warning due to - plugged: true status unknown: false
04-21 18:06:08.885  1635  3048 I chatty  : uid=1000(system) Binder:1635_C expire 8 lines
04-21 18:07:05.795  2979 11758 D PowerUI : can't show warning due to - plugged: true status unknown: false
04-21 18:07:27.749  2979 13347 D PowerUI : can't show warning due to - plugged: true status unknown: false
04-21 18:08:02.811  1635  6941 I chatty  : uid=1000(system) Binder:1635_16 expire 4 lines
04-21 18:08:05.799  2979 16230 D PowerUI : can't show warning due to - plugged: true status unknown: false
04-21 18:08:07.588  1635  1775 I chatty  : uid=1000(system) ActivityManager expire 38 lines
04-21 18:08:20.382  1635  9190 I chatty  : uid=1000(system) Binder:1635_1A expire 5 lines
04-21 18:08:31.084  2979  3511 D PowerUI : can't show warning due to - plugged: true status unknown: false
04-21 18:08:39.467  1635  1878 I chatty  : uid=1000(system) PackageManager expire 24 lines
04-21 18:08:39.608  1635  1775 I chatty  : uid=1000(system) ActivityManager expire 34 lines
04-21 18:08:41.462  1635 11678 I chatty  : uid=1000(system) Binder:1635_1E expire 6 lines
04-21 18:08:52.439  1635  1635 I chatty  : uid=1000 system_server expire 13 lines
04-21 18:08:52.695  1635  1752 I chatty  : uid=1000(system) android.fg expire 10 lines
04-21 18:08:53.191  1635  3040 I chatty  : uid=1000(system) Binder:1635_5 expire 5 lines
04-21 18:08:53.618  1635  1776 I chatty  : uid=1000(system) ActivityManager expire 11 lines
04-21 18:08:54.976  1635  2884 I chatty  : uid=1000(system) NetworkPolicy expire 16 lines
04-21 18:09:00.345  1635 15203 I chatty  : uid=1000 system_server expire 7 lines
04-21 18:09:05.794  2979  4359 D PowerUI : can't show warning due to - plugged: true status unknown: false
04-21 18:09:40.297  1635  1775 I chatty  : uid=1000(system) ActivityManager expire 31 lines
04-21 18:09:41.780  2979  6614 D PowerUI : can't show warning due to - plugged: true status unknown: false
04-21 18:09:58.468  1635  1752 I chatty  : uid=1000(system) android.fg expire 27 lines
04-21 18:09:58.533  1635  1635 I chatty  : uid=1000 system_server expire 25 lines
04-21 18:10:05.795  2979  7147 D PowerUI : can't show warning due to - plugged: true status unknown: false
04-21 18:10:20.637  1635  1775 I chatty  : uid=1000(system) ActivityManager expire 38 lines
04-21 18:10:32.126  1635  2891 I chatty  : uid=1000(system) ConnectivitySer expire 12 lines
04-21 18:10:52.809  1635  1878 I chatty  : uid=1000(system) PackageManager expire 11 lines
04-21 18:11:04.174  2979 10216 D PowerUI : can't show warning due to - plugged: true status unknown: false
04-21 18:11:04.184  1635  1790 I chatty  : uid=1000(system) batterystats-wo expire 2 lines
04-21 18:11:05.648  1635  1775 I chatty  : uid=1000(system) ActivityManager expire 33 lines
04-21 18:11:05.857  2979 11758 D PowerUI : can't show warning due to - plugged: true status unknown: false
04-21 18:11:24.444  1635  1712 I chatty  : uid=1000(system) Binder:1635_1 expire 2 lines
04-21 18:11:24.445  1635  1776 I chatty  : uid=1000(system) ActivityManager expire 10 lines
04-21 18:11:26.539  1635  8781 I chatty  : uid=1000(system) Binder:1635_18 expire 4 lines
04-21 18:12:05.803  2979 13347 D PowerUI : can't show warning due to - plugged: true status unknown: false
04-21 18:12:05.848  1635  1775 I chatty  : uid=1000(system) ActivityManager expire 31 lines
04-21 18:12:05.853  1635  1878 I chatty  : uid=1000(system) PackageManager expire 14 lines
04-21 18:12:28.020  2979 16230 D PowerUI : can't show warning due to - plugged: true status unknown: false
04-21 18:12:48.983  2979  3511 D PowerUI : can't show warning due to - plugged: true status unknown: false
04-21 18:12:49.140  1635  1775 I chatty  : uid=1000(system) ActivityManager expire 17 lines
04-21 18:12:51.339  2979  4359 D PowerUI : can't show warning due to - plugged: true status unknown: false
04-21 18:13:05.826  2979  6614 D PowerUI : can't show warning due to - plugged: true status unknown: false
04-21 18:13:15.323 12198 16863 E ActivityThread: Failed to find provider info for com.google.android.contacts.othercontacts
04-21 18:13:15.559  1635  1635 I chatty  : uid=1000 system_server expire 25 lines
04-21 18:13:15.566  1635  1752 I chatty  : uid=1000(system) android.fg expire 22 lines
04-21 18:13:16.265  1635  1775 I chatty  : uid=1000(system) ActivityManager expire 27 lines
04-21 18:13:17.027  1635  2884 I chatty  : uid=1000(system) NetworkPolicy expire 8 lines
04-21 18:13:17.533  1635  1776 I chatty  : uid=1000(system) ActivityManager expire 8 lines
04-21 18:13:24.541  1635  1878 I chatty  : uid=1000(system) PackageManager expire 11 lines
04-21 18:13:40.151  2979  7147 D PowerUI : can't show warning due to - plugged: true status unknown: false
04-21 18:13:45.308  1635  1878 I chatty  : uid=1000(system) PackageManager expire 8 lines
04-21 18:13:45.348  1635  1775 I chatty  : uid=1000(system) ActivityManager expire 40 lines
04-21 18:13:46.224  1635 12414 I chatty  : uid=1000(system) Binder:1635_20 expire 3 lines
04-21 18:13:55.053  1635  4624 I chatty  : uid=1000(system) Binder:1635_12 expire 1 line
04-21 18:14:05.796  2979 10216 D PowerUI : can't show warning due to - plugged: true status unknown: false
04-21 18:14:05.927  1635  1752 I chatty  : uid=1000(system) android.fg expire 5 lines
04-21 18:14:05.981  1635  1775 I chatty  : uid=1000(system) ActivityManager expire 21 lines
04-21 18:14:06.445  1635  1635 I chatty  : uid=1000 system_server expire 19 lines
04-21 18:14:06.860  1635  3046 I chatty  : uid=1000(system) Binder:1635_A expire 1 line
04-21 18:14:06.862  1635  1752 I chatty  : uid=1000(system) android.fg expire 14 lines
04-21 18:14:07.238  1635  1775 I chatty  : uid=1000(system) ActivityManager expire 42 lines
04-21 18:14:07.251  1635  1771 I chatty  : uid=1000(system) android.bg expire 3 lines
04-21 18:14:07.668  1635  2884 I chatty  : uid=1000(system) NetworkPolicy expire 9 lines
04-21 18:14:08.246  1635 11678 I chatty  : uid=1000(system) Binder:1635_1E expire 1 line
04-21 18:14:08.248  1635  3040 I chatty  : uid=1000(system) Binder:1635_5 expire 9 lines
04-21 18:14:23.502  1635 11490 I chatty  : uid=1000(system) Binder:1635_1D expire 4 lines
04-21 18:14:23.542  1635  2891 I chatty  : uid=1000(system) ConnectivitySer expire 11 lines
04-21 18:14:27.196  1635  1776 I chatty  : uid=1000(system) ActivityManager expire 6 lines
04-21 18:14:27.352  1635  1878 I chatty  : uid=1000(system) PackageManager expire 33 lines
04-21 18:14:29.314  1635  4612 I chatty  : uid=1000(system) Binder:1635_E expire 1 line
04-21 18:14:29.347  1635  5549 I chatty  : uid=1000(system) Binder:1635_15 expire 1 line
04-21 18:14:29.348  1635  4599 I chatty  : uid=1000(system) Binder:1635_D expire 2 lines
04-21 18:14:41.110  1635  4930 I chatty  : uid=1000(system) Binder:1635_14 expire 1 line
04-21 18:14:41.526  1635  9190 I chatty  : uid=1000(system) Binder:1635_1A expire 2 lines
04-21 18:14:41.821  1635  4613 I chatty  : uid=1000(system) Binder:1635_F expire 3 lines
04-21 18:14:42.332  1635  4623 I chatty  : uid=1000(system) Binder:1635_11 expire 1 line
04-21 18:14:42.339  1635 12312 I chatty  : uid=1000(system) Binder:1635_1F expire 2 lines
04-21 18:15:02.579  2979 11758 D PowerUI : can't show warning due to - plugged: true status unknown: false
04-21 18:15:04.692  1635  1775 I chatty  : uid=1000(system) ActivityManager expire 35 lines
04-21 18:15:05.794  2979 13347 D PowerUI : can't show warning due to - plugged: true status unknown: false
04-21 18:15:10.263  1635  3042 I chatty  : uid=1000(system) Binder:1635_6 expire 1 line
04-21 18:15:18.353  2979 16230 D PowerUI : can't show warning due to - plugged: true status unknown: false
04-21 18:15:22.914  1635  1878 I chatty  : uid=1000(system) PackageManager expire 2 lines
04-21 18:15:23.145  1635  1752 I chatty  : uid=1000(system) android.fg expire 9 lines
04-21 18:15:23.205  1635  1635 I chatty  : uid=1000 system_server expire 15 lines
04-21 18:15:25.217  1635  8772 I chatty  : uid=1000(system) Binder:1635_17 expire 3 lines
04-21 18:15:25.378  1635  3045 I chatty  : uid=1000(system) Binder:1635_9 expire 2 lines
04-21 18:15:27.166  1635  1635 I chatty  : uid=1000 system_server expire 13 lines
04-21 18:15:27.265  1635  1775 I chatty  : uid=1000(system) ActivityManager expire 37 lines
04-21 18:15:27.543  1635  1862 I chatty  : uid=1000(system) PowerManagerSer expire 12 lines
04-21 18:15:27.570  1635  1756 I chatty  : uid=1000(system) android.display expire 4 lines
04-21 18:15:29.134  1635  2884 I chatty  : uid=1000(system) NetworkPolicy expire 15 lines
04-21 18:15:52.078  1635  1878 I chatty  : uid=1000(system) PackageManager expire 6 lines
04-21 18:15:52.236  1635  3038 I chatty  : uid=1000(system) Binder:1635_4 expire 2 lines
04-21 18:15:52.236  1635 12312 I chatty  : uid=1000(system) Binder:1635_1F expire 7 lines
04-21 18:15:52.236  1635  2891 I chatty  : uid=1000(system) ConnectivitySer expire 11 lines
04-21 18:15:54.849  1635  1752 I chatty  : uid=1000(system) android.fg expire 8 lines
04-21 18:15:55.189  1635  1713 I chatty  : uid=1000(system) Binder:1635_2 expire 5 lines
04-21 18:15:55.489  1635  1771 I chatty  : uid=1000(system) android.bg expire 3 lines
04-21 18:15:55.489  1635  1712 I chatty  : uid=1000(system) Binder:1635_1 expire 1 line
04-21 18:15:55.493  1635  1776 I chatty  : uid=1000(system) ActivityManager expire 10 lines
04-21 18:15:56.580  1635  3042 I chatty  : uid=1000(system) Binder:1635_6 expire 10 lines
04-21 18:16:05.470  2979  3511 D PowerUI : can't show warning due to - plugged: true status unknown: false
04-21 18:16:11.815  2979  4359 D PowerUI : can't show warning due to - plugged: true status unknown: false
04-21 18:16:57.474  1635  3047 I chatty  : uid=1000(system) Binder:1635_B expire 2 lines
04-21 18:17:05.863  2979  6614 D PowerUI : can't show warning due to - plugged: true status unknown: false
04-21 18:17:14.951  2979  7147 D PowerUI : can't show warning due to - plugged: true status unknown: false
04-21 18:17:41.542  1635  4623 I chatty  : uid=1000(system) Binder:1635_11 expire 2 lines
04-21 18:18:05.815  2979 10216 D PowerUI : can't show warning due to - plugged: true status unknown: false
04-21 18:18:07.059  1635  8781 I chatty  : uid=1000(system) Binder:1635_18 expire 2 lines
04-21 18:18:21.110  2979 11758 D PowerUI : can't show warning due to - plugged: true status unknown: false
04-21 18:19:05.829  2979 13347 D PowerUI : can't show warning due to - plugged: true status unknown: false
04-21 18:19:28.710  2979 16230 D PowerUI : can't show warning due to - plugged: true status unknown: false
04-21 18:20:05.821  2979  3511 D PowerUI : can't show warning due to - plugged: true status unknown: false
04-21 18:20:26.702  1635  6941 I chatty  : uid=1000(system) Binder:1635_16 expire 6 lines
04-21 18:20:39.256  2979  4359 D PowerUI : can't show warning due to - plugged: true status unknown: false
04-21 18:20:54.700  1635  1635 I chatty  : uid=1000 system_server expire 10 lines
04-21 18:21:05.828  2979  6614 D PowerUI : can't show warning due to - plugged: true status unknown: false
04-21 18:21:41.642  1635  4630 I chatty  : uid=1000(system) Binder:1635_13 expire 1 line
04-21 18:21:52.677  2979  7147 D PowerUI : can't show warning due to - plugged: true status unknown: false
04-21 18:22:05.820  2979 10216 D PowerUI : can't show warning due to - plugged: true status unknown: false
04-21 18:23:05.868  2979 11758 D PowerUI : can't show warning due to - plugged: true status unknown: false
04-21 18:23:07.539  2979 13347 D PowerUI : can't show warning due to - plugged: true status unknown: false
04-21 18:23:10.368  1635  3048 I chatty  : uid=1000(system) Binder:1635_C expire 10 lines
04-21 18:23:21.283  4561 13954 I AlwaysOnHotwordDetector: onDetected
04-21 18:23:30.025  1635  8900 I chatty  : uid=1000(system) Binder:1635_19 expire 6 lines
04-21 18:23:30.025  1635  2881 I chatty  : uid=1000(system) Binder:1635_3 expire 1 line
04-21 18:24:05.823  2979 16230 D PowerUI : can't show warning due to - plugged: true status unknown: false
04-21 18:24:20.934  2979  3511 D PowerUI : can't show warning due to - plugged: true status unknown: false
04-21 18:24:38.601  2979  4359 D PowerUI : can't show warning due to - plugged: true status unknown: false
04-21 18:25:01.993  2979  6614 D PowerUI : can't show warning due to - plugged: true status unknown: false
04-21 18:25:05.813  2979  7147 D PowerUI : can't show warning due to - plugged: true status unknown: false
04-21 18:25:15.934  1635 11678 I chatty  : uid=1000(system) Binder:1635_1E expire 3 lines
04-21 18:25:17.124  1635 11490 I chatty  : uid=1000(system) Binder:1635_1D expire 8 lines
04-21 18:25:18.208  1635  1775 I chatty  : uid=1000(system) ActivityManager expire 12 lines
04-21 18:25:30.134  1635  3046 I chatty  : uid=1000(system) Binder:1635_A expire 4 lines
04-21 18:25:37.301  2979 10216 D PowerUI : can't show warning due to - plugged: true status unknown: false
04-21 18:26:05.652  1635  3043 I chatty  : uid=1000(system) Binder:1635_7 expire 1 line
04-21 18:26:05.810  2979 11758 D PowerUI : can't show warning due to - plugged: true status unknown: false
04-21 18:26:59.448  2979 13347 D PowerUI : can't show warning due to - plugged: true status unknown: false
04-21 18:27:05.864  2979 16230 D PowerUI : can't show warning due to - plugged: true status unknown: false
04-21 18:28:05.808  2979  3511 D PowerUI : can't show warning due to - plugged: true status unknown: false
04-21 18:28:33.395  1635  1754 I chatty  : uid=1000(system) android.ui expire 1 line
04-21 18:28:33.410  2979  4359 D PowerUI : can't show warning due to - plugged: true status unknown: false
04-21 18:29:05.815  2979  6614 D PowerUI : can't show warning due to - plugged: true status unknown: false
04-21 18:30:05.821  2979  7147 D PowerUI : can't show warning due to - plugged: true status unknown: false
04-21 18:30:09.920  2979 10216 D PowerUI : can't show warning due to - plugged: true status unknown: false
04-21 18:30:10.029  2979 11758 D PowerUI : can't show warning due to - plugged: true status unknown: false
04-21 18:30:10.479  1635  1776 I chatty  : uid=1000(system) ActivityManager expire 10 lines
04-21 18:30:11.605  2979 13347 D PowerUI : can't show warning due to - plugged: true status unknown: false
04-21 18:30:21.234  1635  3048 I chatty  : uid=1000(system) Binder:1635_C expire 6 lines
04-21 18:31:05.829  2979 16230 D PowerUI : can't show warning due to - plugged: true status unknown: false
04-21 18:31:58.543  2979  3511 D PowerUI : can't show warning due to - plugged: true status unknown: false
04-21 18:32:05.820  2979  4359 D PowerUI : can't show warning due to - plugged: true status unknown: false
04-21 18:33:05.866  2979  6614 D PowerUI : can't show warning due to - plugged: true status unknown: false
04-21 18:33:53.230  1635  3044 I chatty  : uid=1000(system) Binder:1635_8 expire 2 lines
04-21 18:34:03.128  2979  7147 D PowerUI : can't show warning due to - plugged: true status unknown: false
04-21 18:34:05.816  2979 10216 D PowerUI : can't show warning due to - plugged: true status unknown: false
04-21 18:35:05.820  2979 11758 D PowerUI : can't show warning due to - plugged: true status unknown: false
04-21 18:35:35.331  2979 13347 D PowerUI : can't show warning due to - plugged: true status unknown: false
04-21 18:36:04.698  2979 16230 D PowerUI : can't show warning due to - plugged: true status unknown: false
04-21 18:36:50.583  1635  1776 I chatty  : uid=1000(system) ActivityManager expire 2 lines
04-21 18:37:05.912  2979  3511 D PowerUI : can't show warning due to - plugged: true status unknown: false
04-21 18:37:44.588  4561 13954 I AlwaysOnHotwordDetector: onDetected
04-21 18:38:05.821  2979  4359 D PowerUI : can't show warning due to - plugged: true status unknown: false
04-21 18:38:09.243  2979  6614 D PowerUI : can't show warning due to - plugged: true status unknown: false
04-21 18:39:05.799  2979  7147 D PowerUI : can't show warning due to - plugged: true status unknown: false
04-21 18:40:05.825  2979 10216 D PowerUI : can't show warning due to - plugged: true status unknown: false
04-21 18:40:23.894  2979 11758 D PowerUI : can't show warning due to - plugged: true status unknown: false
04-21 18:40:56.275  1635  3042 I chatty  : uid=1000(system) Binder:1635_6 expire 3 lines
04-21 18:40:58.943  1635  3105 I chatty  : uid=1000(system) HwBinder:1635_5 expire 1 line
04-21 18:40:58.969  1635  1775 I chatty  : uid=1000(system) ActivityManager expire 14 lines
04-21 18:40:58.988  1635  1790 I chatty  : uid=1000(system) batterystats-wo expire 2 lines
04-21 18:40:59.174  1635  2884 I chatty  : uid=1000(system) NetworkPolicy expire 21 lines
04-21 18:40:59.331  1635  1635 I chatty  : uid=1000 system_server expire 18 lines
04-21 18:40:59.459  1635  2891 I chatty  : uid=1000(system) ConnectivitySer expire 117 lines
04-21 18:41:06.125  1635 12414 I chatty  : uid=1000(system) Binder:1635_20 expire 9 lines
04-21 18:41:06.130  1635  3040 I chatty  : uid=1000(system) Binder:1635_5 expire 7 lines
04-21 18:41:06.587  1635 12312 I chatty  : uid=1000(system) Binder:1635_1F expire 6 lines
04-21 18:41:06.924  1635  3043 I chatty  : uid=1000(system) Binder:1635_7 expire 1 line
04-21 18:41:06.924  1635  1776 I chatty  : uid=1000(system) ActivityManager expire 13 lines
04-21 18:41:09.087  1635  1713 I chatty  : uid=1000(system) Binder:1635_2 expire 7 lines
04-21 18:41:09.135  1635  8900 I chatty  : uid=1000(system) Binder:1635_19 expire 6 lines
04-21 18:41:10.143  1635  2958 I chatty  : uid=1000(system) SyncManager expire 2 lines
04-21 18:41:10.511  1635  3048 I chatty  : uid=1000(system) Binder:1635_C expire 8 lines
04-21 18:41:10.512  1635 11490 I chatty  : uid=1000(system) Binder:1635_1D expire 1 line
04-21 18:43:34.096  1635  3038 I chatty  : uid=1000(system) Binder:1635_4 expire 8 lines
04-21 18:44:42.005  1635  4930 I chatty  : uid=1000(system) Binder:1635_14 expire 3 lines
04-21 18:45:18.671  1635  8781 I chatty  : uid=1000(system) Binder:1635_18 expire 5 lines
04-21 18:45:43.651  1635  1756 I chatty  : uid=1000(system) android.display expire 2 lines
04-21 18:45:43.817  1635 21074 I chatty  : uid=1000 system_server expire 1 line
04-21 18:45:49.122  1635  9377 I chatty  : uid=1000(system) Binder:1635_1B expire 2 lines
04-21 18:45:50.464  1635  9801 I chatty  : uid=1000(system) Binder:1635_1C expire 2 lines
04-21 18:45:52.018  1635  3044 I chatty  : uid=1000(system) Binder:1635_8 expire 4 lines
04-21 18:45:52.102  1635  1752 I chatty  : uid=1000(system) android.fg expire 3 lines
04-21 18:46:05.805  1635  3046 I chatty  : uid=1000(system) Binder:1635_A expire 3 lines
04-21 18:46:06.817  1635  1754 I chatty  : uid=1000(system) android.ui expire 1 line
04-21 18:46:07.187 21565 21602 D ScreenshotSmartActions: Screenshot from user profile: 0
04-21 18:46:07.997  1635  4613 I chatty  : uid=1000(system) Binder:1635_F expire 1 line
04-21 18:46:08.036  1635  2891 I chatty  : uid=1000(system) ConnectivitySer expire 10 lines
04-21 18:46:08.275 21565 21602 D ScreenshotSmartActions: Got 0 smart actions. Wait time: 0 ms
04-21 18:46:14.119  1635  1775 I chatty  : uid=1000(system) ActivityManager expire 2 lines
04-21 18:46:15.995  1635  2884 I chatty  : uid=1000(system) NetworkPolicy expire 3 lines
04-21 18:46:21.688  1635  1635 I chatty  : uid=1000 system_server expire 1 line
04-21 18:46:21.689  1635  1776 I chatty  : uid=1000(system) ActivityManager expire 11 lines
04-21 18:46:29.665  1635  2884 I chatty  : uid=1000(system) NetworkPolicy expire 18 lines
04-21 18:46:32.233  1635  2891 I chatty  : uid=1000(system) ConnectivitySer expire 106 lines
04-21 18:46:53.394  1635  1775 I chatty  : uid=1000(system) ActivityManager expire 10 lines
04-21 18:47:15.906  1635  4613 I chatty  : uid=1000(system) Binder:1635_F expire 12 lines
04-21 18:47:27.714  1635  1635 I chatty  : uid=1000 system_server expire 12 lines
04-21 18:48:17.274  1635  9801 I chatty  : uid=1000(system) Binder:1635_1C expire 18 lines
04-21 18:48:20.370  1635 12312 I chatty  : uid=1000(system) Binder:1635_1F expire 9 lines
04-21 18:48:26.130  1635  3040 I chatty  : uid=1000(system) Binder:1635_5 expire 3 lines
04-21 18:48:28.094  1635  1754 I chatty  : uid=1000(system) android.ui expire 5 lines
04-21 18:48:34.583  1635  1752 I chatty  : uid=1000(system) android.fg expire 7 lines
04-21 18:48:41.226  1635  8781 I chatty  : uid=1000(system) Binder:1635_18 expire 1 line
04-21 18:48:45.838  1635  3044 I chatty  : uid=1000(system) Binder:1635_8 expire 15 lines
04-21 18:48:47.305  1635  3046 I chatty  : uid=1000(system) Binder:1635_A expire 3 lines
04-21 18:49:34.995  1635  1756 I chatty  : uid=1000(system) android.display expire 14 lines
04-21 18:49:46.557  1635  1775 I chatty  : uid=1000(system) ActivityManager expire 8 lines
04-21 18:49:48.476  1635  2891 I chatty  : uid=1000(system) ConnectivitySer expire 228 lines
04-21 18:49:49.071  1635  2884 I chatty  : uid=1000(system) NetworkPolicy expire 16 lines
04-21 18:50:38.099  1635  3040 I chatty  : uid=1000(system) Binder:1635_5 expire 13 lines
04-21 18:50:42.126  1635  4613 I chatty  : uid=1000(system) Binder:1635_F expire 4 lines
04-21 18:50:42.135  1635 12312 I chatty  : uid=1000(system) Binder:1635_1F expire 9 lines
04-21 18:53:18.826  1635  4599 I chatty  : uid=1000(system) Binder:1635_D expire 5 lines
04-21 18:55:56.122  1635  9801 I chatty  : uid=1000(system) Binder:1635_1C expire 2 lines
04-21 18:57:25.045  1635  1755 I chatty  : uid=1000(system) android.io expire 2 lines
04-21 18:57:27.592  1635  1771 I chatty  : uid=1000(system) android.bg expire 1 line
04-21 18:59:55.141  1635 12414 I chatty  : uid=1000(system) Binder:1635_20 expire 3 lines
04-21 19:00:12.076  1635  8781 I chatty  : uid=1000(system) Binder:1635_18 expire 1 line
04-21 19:01:07.541  1635  6941 I chatty  : uid=1000(system) Binder:1635_16 expire 2 lines
04-21 19:01:08.266 22734 22734 W ViewRootImpl[UnityPlayerActivity]: Cancelling event due to no window focus: KeyEvent { action=ACTION_UP, keyCode=KEYCODE_BACK, scanCode=0, metaState=0, flags=0x68, repeatCount=0, eventTime=21909171, downTime=21908439, deviceId=-1, source=0x101, displayId=0 }
04-21 19:01:08.266 22734 22734 I chatty  : uid=10332(com.ninjakiwi.bloonstd6) identical 1 line
04-21 19:01:08.266 22734 22734 W ViewRootImpl[UnityPlayerActivity]: Cancelling event due to no window focus: KeyEvent { action=ACTION_UP, keyCode=KEYCODE_BACK, scanCode=0, metaState=0, flags=0x68, repeatCount=0, eventTime=21909171, downTime=21908439, deviceId=-1, source=0x101, displayId=0 }
04-21 19:01:10.188  1635  1713 I chatty  : uid=1000(system) Binder:1635_2 expire 1 line
04-21 19:01:10.189  1635  4623 I chatty  : uid=1000(system) Binder:1635_11 expire 1 line
04-21 19:01:10.189  1635  2891 I chatty  : uid=1000(system) ConnectivitySer expire 59 lines
04-21 19:01:10.243  1635  3040 I chatty  : uid=1000(system) Binder:1635_5 expire 1 line
04-21 19:01:10.243  1635  4614 I chatty  : uid=1000(system) Binder:1635_10 expire 1 line
04-21 19:01:10.289  1635 11678 I chatty  : uid=1000(system) Binder:1635_1E expire 1 line
04-21 19:01:10.291  1635 11490 I chatty  : uid=1000(system) Binder:1635_1D expire 3 lines
04-21 19:01:10.291  1635  4630 I chatty  : uid=1000(system) Binder:1635_13 expire 1 line
04-21 19:01:10.588  1635  5549 I chatty  : uid=1000(system) Binder:1635_15 expire 2 lines
04-21 19:01:48.634  1635  2884 I chatty  : uid=1000(system) NetworkPolicy expire 1 line
04-21 19:01:48.669  1635  3043 I chatty  : uid=1000(system) Binder:1635_7 expire 3 lines
04-21 19:02:41.706  1635  3047 I chatty  : uid=1000(system) Binder:1635_B expire 7 lines
04-21 19:02:41.744  1635  2881 I chatty  : uid=1000(system) Binder:1635_3 expire 5 lines
04-21 19:03:12.058  1635  9377 I chatty  : uid=1000(system) Binder:1635_1B expire 4 lines
04-21 19:03:56.258  1635  1635 I chatty  : uid=1000 system_server expire 2 lines
04-21 19:03:56.260  4561  4594 I AlwaysOnHotwordDetector: onDetected
04-21 19:03:57.513  1635  2891 I chatty  : uid=1000(system) ConnectivitySer expire 123 lines
04-21 19:03:57.987  1635  1712 I chatty  : uid=1000(system) Binder:1635_1 expire 2 lines
04-21 19:04:12.078  1635  9190 I chatty  : uid=1000(system) Binder:1635_1A expire 4 lines
04-21 19:04:58.068  1635  1756 I chatty  : uid=1000(system) android.display expire 1 line
04-21 19:04:58.094  1635  1776 I chatty  : uid=1000(system) ActivityManager expire 7 lines
04-21 19:04:58.986  1635  1790 I chatty  : uid=1000(system) batterystats-wo expire 1 line
04-21 19:05:52.264  1635  1754 I chatty  : uid=1000(system) android.ui expire 1 line
04-21 19:07:59.152  1635  1752 I chatty  : uid=1000(system) android.fg expire 2 lines
04-21 19:09:50.702  1635  1862 I chatty  : uid=1000(system) PowerManagerSer expire 15 lines
04-21 19:09:52.018  1635  2891 I chatty  : uid=1000(system) ConnectivitySer expire 20 lines
04-21 19:09:57.707  1635  1635 I chatty  : uid=1000 system_server expire 18 lines
04-21 19:09:57.736  1635  2881 I chatty  : uid=1000(system) Binder:1635_3 expire 7 lines
04-21 19:09:58.306  1635  1756 I chatty  : uid=1000(system) android.display expire 4 lines
04-21 19:09:58.481  1635  1752 I chatty  : uid=1000(system) android.fg expire 4 lines
04-21 19:09:58.564  1635  4614 I chatty  : uid=1000(system) Binder:1635_10 expire 10 lines
04-21 19:09:58.734  1635  4612 I chatty  : uid=1000(system) Binder:1635_E expire 7 lines
04-21 19:09:58.845  1635  3048 I chatty  : uid=1000(system) Binder:1635_C expire 5 lines
04-21 19:12:24.261  1635  1790 I chatty  : uid=1000(system) batterystats-wo expire 8 lines
04-21 19:12:58.935  1635  1776 I chatty  : uid=1000(system) ActivityManager expire 8 lines
04-21 19:14:21.252  1635  3047 I chatty  : uid=1000(system) Binder:1635_B expire 9 lines
04-21 19:18:31.101  1635  9377 I chatty  : uid=1000(system) Binder:1635_1B expire 13 lines
04-21 19:18:32.866  1635  3043 I chatty  : uid=1000(system) Binder:1635_7 expire 7 lines
04-21 19:18:33.162  1635  3040 I chatty  : uid=1000(system) Binder:1635_5 expire 1 line
04-21 19:18:35.072  1635  9190 I chatty  : uid=1000(system) Binder:1635_1A expire 1 line
04-21 19:18:35.201  1635  1775 I chatty  : uid=1000(system) ActivityManager expire 22 lines
04-21 19:18:35.477  1635  5549 I chatty  : uid=1000(system) Binder:1635_15 expire 1 line
04-21 19:18:35.533  1635  3045 I chatty  : uid=1000(system) Binder:1635_9 expire 3 lines
04-21 19:18:37.024  1635  1754 I chatty  : uid=1000(system) android.ui expire 1 line
04-21 19:18:37.209  1635  3038 I chatty  : uid=1000(system) Binder:1635_4 expire 1 line
04-21 19:18:37.245  1635  8900 I chatty  : uid=1000(system) Binder:1635_19 expire 5 lines
04-21 19:18:40.427  1635  4630 I chatty  : uid=1000(system) Binder:1635_13 expire 2 lines
04-21 19:19:00.334  1635  9801 I chatty  : uid=1000(system) Binder:1635_1C expire 1 line
04-21 19:19:02.665  4561  4594 I AlwaysOnHotwordDetector: onDetected
04-21 19:19:03.107  1635  2891 I chatty  : uid=1000(system) ConnectivitySer expire 26 lines
04-21 19:19:36.518  1635 11678 I chatty  : uid=1000(system) Binder:1635_1E expire 6 lines
04-21 19:19:38.028  1635  1712 I chatty  : uid=1000(system) Binder:1635_1 expire 4 lines
04-21 19:19:38.097  1635  4614 I chatty  : uid=1000(system) Binder:1635_10 expire 4 lines
04-21 19:19:41.099  1635  2884 I chatty  : uid=1000(system) NetworkPolicy expire 2 lines
04-21 19:19:41.267 23143 23897 W ContextImpl: Calling a method in the system process without a qualified user: android.app.ContextImpl.bindService:1748 android.content.ContextWrapper.bindService:756 com.android.wifitrackerlib.WsuServiceClient.lambda$bindWsuService$3:401 com.android.wifitrackerlib.WsuServiceClient.lambda$bindWsuService$3$WsuServiceClient:0 com.android.wifitrackerlib.-$$Lambda$WsuServiceClient$fnGZLqrUaGsrtQj3756IpFB2Ux4.run:2 
04-21 19:19:41.683  1635  2891 I chatty  : uid=1000(system) ConnectivitySer expire 6 lines
04-21 19:19:51.238  1635  9377 I chatty  : uid=1000(system) Binder:1635_1B expire 1 line
04-21 19:19:51.516  1635  2888 I chatty  : uid=1000(system) WifiP2pService expire 2 lines
04-21 19:19:52.739  1635  4614 I chatty  : uid=1000(system) Binder:1635_10 expire 16 lines
04-21 19:19:53.242  1635  3045 I chatty  : uid=1000(system) Binder:1635_9 expire 9 lines
04-21 19:19:53.250  1635  2891 I chatty  : uid=1000(system) ConnectivitySer expire 26 lines
04-21 19:19:53.350 23143 23897 W ContextImpl: Calling a method in the system process without a qualified user: android.app.ContextImpl.bindService:1748 android.content.ContextWrapper.bindService:756 com.android.wifitrackerlib.WsuServiceClient.lambda$bindWsuService$3:401 com.android.wifitrackerlib.WsuServiceClient.lambda$bindWsuService$3$WsuServiceClient:0 com.android.wifitrackerlib.-$$Lambda$WsuServiceClient$fnGZLqrUaGsrtQj3756IpFB2Ux4.run:2 
04-21 19:19:55.716  1635  9377 I chatty  : uid=1000(system) Binder:1635_1B expire 9 lines
04-21 19:20:03.800  1635  1635 I chatty  : uid=1000 system_server expire 5 lines
04-21 19:20:03.800  1635  1776 I chatty  : uid=1000(system) ActivityManager expire 15 lines
04-21 19:20:04.894  1635  3043 I chatty  : uid=1000(system) Binder:1635_7 expire 12 lines
04-21 19:20:15.824  1635  1754 I chatty  : uid=1000(system) android.ui expire 2 lines
04-21 19:20:33.429  4561  4594 I AlwaysOnHotwordDetector: onDetected
04-21 19:20:33.945  1635  2891 I chatty  : uid=1000(system) ConnectivitySer expire 20 lines
04-21 19:20:36.279  1635  2884 I chatty  : uid=1000(system) NetworkPolicy expire 4 lines
04-21 19:20:36.435 23143 24127 W ContextImpl: Calling a method in the system process without a qualified user: android.app.ContextImpl.bindService:1748 android.content.ContextWrapper.bindService:756 com.android.wifitrackerlib.WsuServiceClient.lambda$bindWsuService$3:401 com.android.wifitrackerlib.WsuServiceClient.lambda$bindWsuService$3$WsuServiceClient:0 com.android.wifitrackerlib.-$$Lambda$WsuServiceClient$fnGZLqrUaGsrtQj3756IpFB2Ux4.run:2 
04-21 19:20:53.637  1635 11490 I chatty  : uid=1000(system) Binder:1635_1D expire 11 lines
04-21 19:20:55.172  1635  1713 I chatty  : uid=1000(system) Binder:1635_2 expire 5 lines
04-21 19:20:56.825  1635  2881 I chatty  : uid=1000(system) Binder:1635_3 expire 13 lines
04-21 19:20:58.744  2979  2979 V DeadZone: consuming errant click: (1018.0,7.0)
04-21 19:20:58.745  2979  2979 V DeadZone: consuming errant click: (1018.0,7.0)
04-21 19:21:01.070  1635  2891 I chatty  : uid=1000(system) ConnectivitySer expire 26 lines
04-21 19:21:02.726  1635  4614 I chatty  : uid=1000(system) Binder:1635_10 expire 3 lines
04-21 19:21:03.226  1635  1776 I chatty  : uid=1000(system) ActivityManager expire 7 lines
04-21 19:21:10.838  1635  1790 I chatty  : uid=1000(system) batterystats-wo expire 5 lines
04-21 19:21:24.200  1635  1756 I chatty  : uid=1000(system) android.display expire 8 lines
04-21 19:21:24.252  1635  1712 I chatty  : uid=1000(system) Binder:1635_1 expire 2 lines
04-21 19:21:24.314  1635  5549 I chatty  : uid=1000(system) Binder:1635_15 expire 2 lines
04-21 19:21:24.314  1635  3038 I chatty  : uid=1000(system) Binder:1635_4 expire 7 lines
04-21 19:21:24.314  1635  3047 I chatty  : uid=1000(system) Binder:1635_B expire 1 line
04-21 19:21:24.315  1635 11678 I chatty  : uid=1000(system) Binder:1635_1E expire 1 line
04-21 19:21:24.706  1635  4623 I chatty  : uid=1000(system) Binder:1635_11 expire 4 lines
04-21 19:21:25.848  1635  9190 I chatty  : uid=1000(system) Binder:1635_1A expire 2 lines
04-21 19:21:46.473  1635  1752 I chatty  : uid=1000(system) android.fg expire 2 lines
04-21 19:21:50.318  1635  3048 I chatty  : uid=1000(system) Binder:1635_C expire 2 lines
04-21 19:21:51.187  4561  4594 I AlwaysOnHotwordDetector: onDetected
04-21 19:21:52.418  1635  2891 I chatty  : uid=1000(system) ConnectivitySer expire 14 lines
04-21 19:22:34.094  1635  1755 I chatty  : uid=1000(system) android.io expire 1 line
04-21 19:22:34.107  1635  1775 I chatty  : uid=1000(system) ActivityManager expire 9 lines
04-21 19:22:34.117  2979 16230 D PowerUI : can't show warning due to - plugged: true status unknown: false
04-21 19:22:34.287  1635  3105 I chatty  : uid=1000(system) HwBinder:1635_5 expire 3 lines
04-21 19:22:34.316  2979  3511 D PowerUI : can't show warning due to - plugged: true status unknown: false
04-21 19:22:34.479  1635  1776 I chatty  : uid=1000(system) ActivityManager expire 18 lines
04-21 19:22:34.537  1635  1635 I chatty  : uid=1000 system_server expire 10 lines
04-21 19:22:34.544  1635  2884 I chatty  : uid=1000(system) NetworkPolicy expire 9 lines
04-21 19:22:34.664  2979  4359 D PowerUI : can't show warning due to - plugged: true status unknown: false
04-21 19:22:34.696  1635  3040 I chatty  : uid=1000(system) Binder:1635_5 expire 13 lines
04-21 19:22:34.701  1635  3048 I chatty  : uid=1000(system) Binder:1635_C expire 4 lines
04-21 19:22:34.790  2979  6614 D PowerUI : can't show warning due to - plugged: true status unknown: false
04-21 19:22:34.923  1635  2891 I chatty  : uid=1000(system) ConnectivitySer expire 20 lines
04-21 19:22:35.086  1635  8781 I chatty  : uid=1000(system) Binder:1635_18 expire 2 lines
04-21 19:22:35.266  2979  7147 D PowerUI : can't show warning due to - plugged: true status unknown: false
04-21 19:22:35.634  1635  2881 I chatty  : uid=1000(system) Binder:1635_3 expire 1 line
04-21 19:22:35.795  1635  3043 I chatty  : uid=1000(system) Binder:1635_7 expire 6 lines
04-21 19:22:36.066 24845 24845 E ActivityThread: Failed to find provider info for com.samsung.android.mdx.windowslink.Tile.Provider
04-21 19:22:36.151 24845 24945 E ActivityThread: Failed to find provider info for com.microsoft.yourphonecompanion.contentprovider.featureoverride
04-21 19:22:36.242 24845 24945 E ActivityThread: Failed to find provider info for com.microsoft.yourphonecompanion.contentprovider.featureoverride
04-21 19:22:36.565  1635  1752 I chatty  : uid=1000(system) android.fg expire 5 lines
04-21 19:22:37.831  1635  4623 I chatty  : uid=1000(system) Binder:1635_11 expire 3 lines
04-21 19:22:37.836  1635 11678 I chatty  : uid=1000(system) Binder:1635_1E expire 11 lines
04-21 19:22:38.164  1635  8900 I chatty  : uid=1000(system) Binder:1635_19 expire 10 lines
04-21 19:22:38.331  1635  1775 I chatty  : uid=1000(system) ActivityManager expire 10 lines
04-21 19:22:38.368  1635  3038 I chatty  : uid=1000(system) Binder:1635_4 expire 6 lines
04-21 19:22:49.430  1635  3776 I chatty  : uid=1000(system) AdbDebuggingMan expire 4 lines
04-21 19:22:50.460  2979 10216 D PowerUI : can't show warning due to - plugged: true status unknown: false
04-21 19:22:52.999  1635  2891 I chatty  : uid=1000(system) ConnectivitySer expire 88 lines
04-21 19:22:56.356  1635  3040 I chatty  : uid=1000(system) Binder:1635_5 expire 3 lines
04-21 19:22:56.371  1635  8900 I chatty  : uid=1000(system) Binder:1635_19 expire 2 lines
04-21 19:23:01.809  1635  3042 I chatty  : uid=1000(system) Binder:1635_6 expire 1 line
04-21 19:23:32.428  1635  1790 I chatty  : uid=1000(system) batterystats-wo expire 1 line
04-21 19:23:32.530  1635  1712 I chatty  : uid=1000(system) Binder:1635_1 expire 2 lines
04-21 19:23:32.614  1635  1756 I chatty  : uid=1000(system) android.display expire 2 lines
04-21 19:23:33.341  1635  8772 I chatty  : uid=1000(system) Binder:1635_17 expire 4 lines
04-21 19:23:33.343  1635  3044 I chatty  : uid=1000(system) Binder:1635_8 expire 1 line
04-21 19:23:33.356  1635  9377 I chatty  : uid=1000(system) Binder:1635_1B expire 3 lines
04-21 19:23:40.628  1635  1754 I chatty  : uid=1000(system) android.ui expire 1 line
04-21 19:23:43.356  1635  3047 I chatty  : uid=1000(system) Binder:1635_B expire 6 lines
04-21 19:24:27.522  1635  1713 I chatty  : uid=1000(system) Binder:1635_2 expire 3 lines
04-21 19:24:28.706  1635  3045 I chatty  : uid=1000(system) Binder:1635_9 expire 2 lines
04-21 19:25:41.652  1635  1771 I chatty  : uid=1000(system) android.bg expire 1 line
04-21 19:27:00.300  4561  4594 I AlwaysOnHotwordDetector: onDetected
04-21 19:27:01.643  1635  2891 I chatty  : uid=1000(system) ConnectivitySer expire 22 lines
04-21 19:28:03.788  4561  4594 I AlwaysOnHotwordDetector: onDetected
04-21 19:28:05.451  1635  2891 I chatty  : uid=1000(system) ConnectivitySer expire 12 lines
04-21 19:28:33.635  1635  1862 I chatty  : uid=1000(system) PowerManagerSer expire 2 lines
04-21 19:28:40.648  1635  9190 I chatty  : uid=1000(system) Binder:1635_1A expire 2 lines
04-21 19:28:40.651  1635  1635 I chatty  : uid=1000 system_server expire 24 lines
04-21 19:28:40.690  1635  1862 I chatty  : uid=1000(system) PowerManagerSer expire 13 lines
04-21 19:28:41.137  1635  1790 I chatty  : uid=1000(system) batterystats-wo expire 8 lines
04-21 19:28:41.173  1635  1756 I chatty  : uid=1000(system) android.display expire 5 lines
04-21 19:28:41.234  1635 11490 I chatty  : uid=1000(system) Binder:1635_1D expire 11 lines
04-21 19:28:41.348  1635  1752 I chatty  : uid=1000(system) android.fg expire 9 lines
04-21 19:28:41.541  1635  4599 I chatty  : uid=1000(system) Binder:1635_D expire 4 lines
04-21 19:28:41.605  1635  3042 I chatty  : uid=1000(system) Binder:1635_6 expire 8 lines
04-21 19:28:41.692  1635  9801 I chatty  : uid=1000(system) Binder:1635_1C expire 7 lines
04-21 19:29:04.682  1635 12312 I chatty  : uid=1000(system) Binder:1635_1F expire 6 lines
04-21 19:29:55.633  4561  4594 I AlwaysOnHotwordDetector: onDetected
04-21 19:31:42.815  1635  2884 I chatty  : uid=1000(system) NetworkPolicy expire 8 lines
04-21 19:31:53.417  1635  1771 I chatty  : uid=1000(system) android.bg expire 6 lines
04-21 19:33:07.164  1635  1776 I chatty  : uid=1000(system) ActivityManager expire 17 lines
04-21 19:37:28.225  4561  8436 I AlwaysOnHotwordDetector: onDetected
04-21 19:39:59.628  1635  1775 I chatty  : uid=1000(system) ActivityManager expire 52 lines
04-21 19:39:59.695  1635  2891 I chatty  : uid=1000(system) ConnectivitySer expire 16 lines
04-21 19:40:12.727  1635  1878 I chatty  : uid=1000(system) PackageManager expire 3 lines
04-21 19:40:14.691  1635  3047 I chatty  : uid=1000(system) Binder:1635_B expire 1 line
04-21 19:40:14.872  1635  1712 I chatty  : uid=1000(system) Binder:1635_1 expire 1 line
