04-22 09:49:25.771  1635  1775 W BroadcastQueue: Background execution not allowed: receiving Intent { act=android.intent.action.PACKAGE_ADDED dat=package:com.google.location.nearby.apps.connectedcrossroad flg=0x4000010 (has extras) } to com.jaga.ibraceletplus.smartwristband3/com.yc.pedometer.keepalive.KeepAliveReceiver
04-22 09:49:25.771  1635  1775 W BroadcastQueue: Background execution not allowed: receiving Intent { act=android.intent.action.PACKAGE_ADDED dat=package:com.google.location.nearby.apps.connectedcrossroad flg=0x4000010 (has extras) } to com.microsoft.appmanager/.receiver.InstallUninstallReceiver
04-22 09:49:25.771  1635  1775 W BroadcastQueue: Background execution not allowed: receiving Intent { act=android.intent.action.PACKAGE_ADDED dat=package:com.google.location.nearby.apps.connectedcrossroad flg=0x4000010 (has extras) } to com.microsoft.appmanager/com.microsoft.mmx.continuity.receiver.InstallUninstallReceiver
04-22 09:49:25.771  1635  1775 W BroadcastQueue: Background execution not allowed: receiving Intent { act=android.intent.action.PACKAGE_ADDED dat=package:com.google.location.nearby.apps.connectedcrossroad flg=0x4000010 (has extras) } to com.microsoft.emmx/com.microsoft.mmx.continuity.receiver.InstallUninstallReceiver
04-22 09:49:25.787  1635  1776 I ActivityManager: Start proc 1239:com.google.location.nearby.apps.connectedcrossroad/u0a333 for pre-top-activity {com.google.location.nearby.apps.connectedcrossroad/nx.aodv.eval.MainActivity}
04-22 09:49:25.799  1635  1752 W Looper  : Slow dispatch took 127ms android.fg h=android.os.Handler c=<recycled PooledLambda@12dbb76> m=0
04-22 09:49:25.844  1635  1635 W Looper  : Slow dispatch took 226ms main h=android.app.ActivityThread$H c=android.app.-$$Lambda$LoadedApk$ReceiverDispatcher$Args$_BumDX2UKsnxLVrE6UJsJZkotuA@31e0f2c m=0
04-22 09:49:25.844  1635  1635 W Looper  : Slow delivery took 321ms main h=android.os.Handler c=android.app.-$$Lambda$LoadedApk$ReceiverDispatcher$Args$_BumDX2UKsnxLVrE6UJsJZkotuA@4740df5 m=0
04-22 09:49:25.923  1635  1752 W Looper  : Slow delivery took 242ms android.fg h=android.os.Handler c=<recycled PooledLambda@820c8a1> m=0
04-22 09:49:26.203  1635  4630 W BroadcastQueue: Background execution not allowed: receiving Intent { act=android.intent.action.PACKAGE_REPLACED dat=package:com.google.location.nearby.apps.connectedcrossroad flg=0x4000010 (has extras) } to com.google.android.gms/.gass.chimera.PackageChangeBroadcastReceiver
04-22 09:49:26.225  1635  1775 W BroadcastQueue: Background execution not allowed: receiving Intent { act=android.intent.action.PACKAGE_REPLACED dat=package:com.google.location.nearby.apps.connectedcrossroad flg=0x4000010 (has extras) } to com.google.android.gms/.chimera.GmsIntentOperationService$PersistentTrustedReceiver
04-22 09:49:26.226  1635  1775 W BroadcastQueue: Background execution not allowed: receiving Intent { act=android.intent.action.PACKAGE_REPLACED dat=package:com.google.location.nearby.apps.connectedcrossroad flg=0x4000010 (has extras) } to com.google.android.googlequicksearchbox/com.google.android.apps.gsa.googlequicksearchbox.GelStubAppWatcher
04-22 09:49:26.226  1635  1775 W BroadcastQueue: Background execution not allowed: receiving Intent { act=android.intent.action.PACKAGE_REPLACED dat=package:com.google.location.nearby.apps.connectedcrossroad flg=0x4000010 (has extras) } to com.infonow.bofa/com.bofa.ecom.marvel.application.BofaPackageUpdateReceiver
04-22 09:49:26.227  1635  1775 W BroadcastQueue: Background execution not allowed: receiving Intent { act=android.intent.action.PACKAGE_REPLACED dat=package:com.google.location.nearby.apps.connectedcrossroad flg=0x4000010 (has extras) } to com.microsoft.appmanager/com.microsoft.mmx.continuity.receiver.InstallUninstallReceiver
04-22 09:49:26.227  1635  1775 W BroadcastQueue: Background execution not allowed: receiving Intent { act=android.intent.action.PACKAGE_REPLACED dat=package:com.google.location.nearby.apps.connectedcrossroad flg=0x4000010 (has extras) } to com.microsoft.emmx/com.microsoft.mmx.continuity.receiver.InstallUninstallReceiver
04-22 09:49:26.227  1635  1775 W BroadcastQueue: Background execution not allowed: receiving Intent { act=android.intent.action.PACKAGE_REPLACED dat=package:com.google.location.nearby.apps.connectedcrossroad flg=0x4000010 (has extras) } to steptracker.healthandfitness.walkingtracker.pedometer/com.drojian.stepcounter.receiver.PedometerReceiver
04-22 09:49:26.227  1635  1775 W BroadcastQueue: Background execution not allowed: receiving Intent { act=android.intent.action.PACKAGE_REPLACED dat=package:com.google.location.nearby.apps.connectedcrossroad flg=0x4000010 (has extras) } to steptracker.healthandfitness.walkingtracker.pedometer/com.drojian.servicekeeper.receiver.BootReceiver
04-22 09:49:26.751  1635  1752 W Looper  : Drained
04-22 09:49:26.870  1635 12414 D CompatibilityChangeReporter: Compat change id reported: 136274596; UID 10333; state: DISABLED
04-22 09:49:26.922  1635  1635 W Looper  : Slow dispatch took 1072ms main h=android.app.ActivityThread$H c=android.app.-$$Lambda$LoadedApk$ReceiverDispatcher$Args$_BumDX2UKsnxLVrE6UJsJZkotuA@55667dc m=0
04-22 09:49:27.227  1635  3048 I ActivityManager: Process com.microsoft.todos (pid 23443) has died: cch+85 CEM 
04-22 09:49:27.274  1635  3048 I ActivityManager: Process com.google.android.apps.chromecast.app (pid 30215) has died: cch+75 CEM 
04-22 09:49:27.285  1635  1635 W Looper  : Slow dispatch took 359ms main h=android.app.ActivityThread$H c=android.app.-$$Lambda$LoadedApk$ReceiverDispatcher$Args$_BumDX2UKsnxLVrE6UJsJZkotuA@f5ffe7a m=0
04-22 09:49:27.287  1635  1635 I Telecom : DefaultDialerCache: Refreshing default dialer for user 0: now com.google.android.dialer: DDC.oR@BNA
04-22 09:49:27.317  1635  1635 V BackupManagerConstants: getFullBackupIntervalMilliseconds(...) returns 86400000
04-22 09:49:27.317  1635  1635 V BackupManagerConstants: getFullBackupRequiredNetworkType(...) returns 2
04-22 09:49:27.317  1635  1635 V BackupManagerConstants: getFullBackupRequireCharging(...) returns true
04-22 09:49:27.395  1635  2891 D ConnectivityService: NetReassign [no changes]
04-22 09:49:27.584  1635  1635 W Looper  : Slow dispatch took 296ms main h=android.app.ActivityThread$H c=android.app.-$$Lambda$LoadedApk$ReceiverDispatcher$Args$_BumDX2UKsnxLVrE6UJsJZkotuA@eb03f94 m=0
04-22 09:49:27.609  1635  1635 W Looper  : Drained
04-22 09:49:27.726  1635  2884 W NetworkPolicy: shared quota unsupported; generating rule for each iface
04-22 09:49:28.842  1635  2884 I chatty  : uid=1000(system) NetworkPolicy identical 3 lines
04-22 09:49:29.149  1635  2884 W NetworkPolicy: shared quota unsupported; generating rule for each iface
04-22 09:49:29.293  1635  8900 E SystemServiceRegistry: Manager wrapper not available: face
04-22 09:49:29.294  1635  8900 I StatsPullAtomService: No runtime appop access message collected
04-22 09:49:29.294  1635  1775 I DropBoxManagerService: add tag=system_server_wtf isTagEnabled=true flags=0x2
04-22 09:49:29.391  1635  8900 W SettingsStatsUtil: Can not parse value to float: gps,network
04-22 09:49:30.410  1635  2891 D ConnectivityService: NetReassign [no changes]
04-22 09:49:31.319  1635  1775 W BroadcastQueue: Background execution not allowed: receiving Intent { act=android.intent.action.DROPBOX_ENTRY_ADDED flg=0x10 (has extras) } to com.google.android.gms/.stats.service.DropBoxEntryAddedReceiver
04-22 09:49:31.320  1635  1775 W BroadcastQueue: Background execution not allowed: receiving Intent { act=android.intent.action.DROPBOX_ENTRY_ADDED flg=0x10 (has extras) } to com.google.android.gms/.chimera.GmsIntentOperationService$PersistentTrustedReceiver
04-22 09:49:31.455  1635  3048 I DropBoxManagerService: add tag=platform_stats_bookmark isTagEnabled=true flags=0x2
04-22 09:49:31.460  1635  1775 W BroadcastQueue: Background execution not allowed: receiving Intent { act=android.intent.action.DROPBOX_ENTRY_ADDED flg=0x10 (has extras) } to com.google.android.gms/.stats.service.DropBoxEntryAddedReceiver
04-22 09:49:31.460  1635  1775 W BroadcastQueue: Background execution not allowed: receiving Intent { act=android.intent.action.DROPBOX_ENTRY_ADDED flg=0x10 (has extras) } to com.google.android.gms/.chimera.GmsIntentOperationService$PersistentTrustedReceiver
04-22 09:49:33.423  1635  2891 D ConnectivityService: NetReassign [no changes]
04-22 09:49:36.454  1635  2891 I chatty  : uid=1000(system) ConnectivitySer identical 1 line
04-22 09:49:39.492  1635  2891 D ConnectivityService: NetReassign [no changes]
04-22 09:49:40.824  1635  1635 D BluetoothManagerService: Bluetooth Adapter name changed to ImpnWDRbye0AAAAAAAAAATE
04-22 09:49:40.825  1635  1635 D BluetoothManagerService: Stored Bluetooth name: ImpnWDRbye0AAAAAAAAAATE
04-22 09:49:41.221  1635  2893 D NsdService: Register service
04-22 09:49:41.221  1635  2893 D NsdService: registerService: 3 name: ImpnWDRbye0AAA, type: _5BC9ED5E6C75._tcp, host: null, port: 38157, txtRecord: n=MQIPv4=192.168.1.17
04-22 09:49:41.221  1635  2893 D NsdService: mdnssd [register, 3, ImpnWDRbye0AAA, _5BC9ED5E6C75._tcp, 38157, BG49TVERSVB2ND0xOTIuMTY4LjEuMTc=]
04-22 09:49:41.230  1635  2893 D NsdService: Register 3 3
04-22 09:49:42.037  1635  2893 D NsdService: Native daemon message SERVICE_REGISTERED: 606 3 "ImpnWDRbye0AAA"
04-22 09:49:42.058  1635  8900 E AppOps  : attributionTag com.google.android.gms.nearby not declared in manifest of com.google.location.nearby.apps.connectedcrossroad
04-22 09:49:42.506  1635  2891 D ConnectivityService: NetReassign [no changes]
04-22 09:49:54.600  1635  2891 I chatty  : uid=1000(system) ConnectivitySer identical 4 lines
04-22 09:49:57.621  1635  2891 D ConnectivityService: NetReassign [no changes]
04-22 09:49:59.416  1635  1775 D CompatibilityChangeReporter: Compat change id reported: 135634846; UID 10141; state: DISABLED
04-22 09:49:59.416  1635  1776 D CompatibilityChangeReporter: Compat change id reported: 143937733; UID 10141; state: ENABLED
04-22 09:49:59.448  1635  1776 I ActivityManager: Start proc 1661:com.google.android.projection.gearhead:shared/u0a141 for broadcast {com.google.android.projection.gearhead/com.google.android.apps.auto.wireless.bluetooth.WifiBluetoothReceiver}
04-22 09:50:00.154  1635  3048 D CompatibilityChangeReporter: Compat change id reported: 135634846; UID 10140; state: DISABLED
04-22 09:50:00.155  1635  1776 D CompatibilityChangeReporter: Compat change id reported: 143937733; UID 10140; state: ENABLED
04-22 09:50:00.176  1635  1776 I ActivityManager: Start proc 1698:com.google.android.apps.wearables.maestro.companion/u0a140 for broadcast {com.google.android.apps.wearables.maestro.companion/com.google.android.apps.wearables.maestro.companion.connectivity.ClassicBTReceiver}
04-22 09:50:00.583  1635  3048 D CompatibilityChangeReporter: Compat change id reported: 135634846; UID 10141; state: DISABLED
04-22 09:50:00.583  1635  1776 D CompatibilityChangeReporter: Compat change id reported: 143937733; UID 10141; state: ENABLED
04-22 09:50:00.604  1635  1776 I ActivityManager: Start proc 1753:com.google.android.projection.gearhead:car/u0a141 for broadcast {com.google.android.projection.gearhead/com.google.android.apps.auto.carservice.gmscorecompat.CarBluetoothReceiver}
04-22 09:50:00.632  1635  2891 D ConnectivityService: NetReassign [no changes]
04-22 09:50:00.803  1635  3048 D CompatibilityChangeReporter: Compat change id reported: 135634846; UID 10235; state: DISABLED
04-22 09:50:00.803  1635  1776 D CompatibilityChangeReporter: Compat change id reported: 143937733; UID 10235; state: DISABLED
04-22 09:50:00.820  1635  1776 I ActivityManager: Start proc 1812:com.spotify.music/u0a235 for broadcast {com.spotify.music/com.spotify.mobile.android.spotlets.appprotocol.service.BluetoothAclReceiver}
04-22 09:50:03.240  1635  2891 D ConnectivityService: NetReassign [no changes]
04-22 09:50:03.642  1635  2891 I chatty  : uid=1000(system) ConnectivitySer identical 1 line
04-22 09:50:06.667  1635  2891 D ConnectivityService: NetReassign [no changes]
04-22 09:50:07.323  1635 12312 W BroadcastQueue: Background execution not allowed: receiving Intent { act=android.bluetooth.device.action.BOND_STATE_CHANGED flg=0x10 (has extras) } to com.google.android.gms/.chimera.GmsIntentOperationService$PersistentTrustedReceiver
04-22 09:50:07.330  1635  1775 W BroadcastQueue: Background execution not allowed: receiving Intent { act=android.bluetooth.device.action.BOND_STATE_CHANGED flg=0x10 (has extras) } to com.google.android.googlequicksearchbox/com.google.android.apps.gsa.broadcastreceiver.external.ExternalCommonBroadcastReceiver
04-22 09:50:07.331  1635  1775 W BroadcastQueue: Background execution not allowed: receiving Intent { act=android.bluetooth.device.action.BOND_STATE_CHANGED flg=0x10 (has extras) } to com.google.android.gms/.chimera.GmsIntentOperationService$PersistentTrustedReceiver
04-22 09:50:07.331  1635  1775 W BroadcastQueue: Background execution not allowed: receiving Intent { act=android.bluetooth.device.action.BOND_STATE_CHANGED flg=0x10 (has extras) } to com.google.android.googlequicksearchbox/com.google.android.apps.gsa.broadcastreceiver.external.ExternalCommonBroadcastReceiver
04-22 09:50:09.682  1635  2891 D ConnectivityService: NetReassign [no changes]
04-22 09:50:12.700  1635  2891 D ConnectivityService: NetReassign [no changes]
04-22 09:50:14.582  1635  4624 W BroadcastQueue: Background execution not allowed: receiving Intent { act=android.bluetooth.device.action.BOND_STATE_CHANGED flg=0x10 (has extras) } to com.google.android.gms/.chimera.GmsIntentOperationService$PersistentTrustedReceiver
04-22 09:50:14.588  1635  1775 W BroadcastQueue: Background execution not allowed: receiving Intent { act=android.bluetooth.device.action.BOND_STATE_CHANGED flg=0x10 (has extras) } to com.google.android.googlequicksearchbox/com.google.android.apps.gsa.broadcastreceiver.external.ExternalCommonBroadcastReceiver
04-22 09:50:14.588  1635  1775 W BroadcastQueue: Background execution not allowed: receiving Intent { act=android.bluetooth.device.action.BOND_STATE_CHANGED flg=0x10 (has extras) } to com.google.android.gms/.chimera.GmsIntentOperationService$PersistentTrustedReceiver
04-22 09:50:14.590  1635  1775 W BroadcastQueue: Background execution not allowed: receiving Intent { act=android.bluetooth.device.action.BOND_STATE_CHANGED flg=0x10 (has extras) } to com.google.android.googlequicksearchbox/com.google.android.apps.gsa.broadcastreceiver.external.ExternalCommonBroadcastReceiver
04-22 09:50:15.565  1635  1775 I ActivityManager: Waited long enough for: ServiceRecord{12162c u0 com.google.android.googlequicksearchbox/com.google.android.apps.gsa.shared.util.keepalive.StandaloneKeepAlive$KeepAliveService}
04-22 09:50:15.723  1635  2891 D ConnectivityService: NetReassign [no changes]
04-22 09:50:27.809  1635  2891 I chatty  : uid=1000(system) ConnectivitySer identical 4 lines
04-22 09:50:30.834  1635  2891 D ConnectivityService: NetReassign [no changes]
04-22 09:50:31.859  1635  3047 W ActivityManager: Foreground service started from background can not have location/camera/microphone access: service steptracker.healthandfitness.walkingtracker.pedometer/com.drojian.stepcounter.service.CounterService
04-22 09:50:33.859  1635  2891 D ConnectivityService: NetReassign [no changes]
04-22 09:50:36.030  1635  4624 D CompatibilityChangeReporter: Compat change id reported: 135634846; UID 10262; state: DISABLED
04-22 09:50:36.030  1635  1776 D CompatibilityChangeReporter: Compat change id reported: 143937733; UID 10262; state: DISABLED
04-22 09:50:36.054  1635  1776 I ActivityManager: Start proc 2120:com.amazon.mp3/u0a262 for broadcast {com.amazon.mp3/com.amazon.podcast.media.playback.BluetoothActionsReceiver}
04-22 09:50:36.867  1635  2891 D ConnectivityService: NetReassign [no changes]
04-22 09:50:37.426  1635  4630 E PackageDexUsage: Unsupported context?
04-22 09:50:39.880  1635  2891 D ConnectivityService: NetReassign [no changes]
04-22 09:50:58.028  1635  2891 I chatty  : uid=1000(system) ConnectivitySer identical 6 lines
04-22 09:51:01.052  1635  2891 D ConnectivityService: NetReassign [no changes]
04-22 09:51:01.836  1635  2884 W NetworkPolicy: shared quota unsupported; generating rule for each iface
04-22 09:51:04.076  1635  2891 D ConnectivityService: NetReassign [no changes]
04-22 09:51:06.775  1635  3047 W BroadcastQueue: Background execution not allowed: receiving Intent { act=android.bluetooth.device.action.BOND_STATE_CHANGED flg=0x10 (has extras) } to com.google.android.gms/.chimera.GmsIntentOperationService$PersistentTrustedReceiver
04-22 09:51:06.780  1635  1775 W BroadcastQueue: Background execution not allowed: receiving Intent { act=android.bluetooth.device.action.BOND_STATE_CHANGED flg=0x10 (has extras) } to com.google.android.googlequicksearchbox/com.google.android.apps.gsa.broadcastreceiver.external.ExternalCommonBroadcastReceiver
04-22 09:51:06.781  1635  1775 W BroadcastQueue: Background execution not allowed: receiving Intent { act=android.bluetooth.device.action.BOND_STATE_CHANGED flg=0x10 (has extras) } to com.google.android.gms/.chimera.GmsIntentOperationService$PersistentTrustedReceiver
04-22 09:51:06.781  1635  1775 W BroadcastQueue: Background execution not allowed: receiving Intent { act=android.bluetooth.device.action.BOND_STATE_CHANGED flg=0x10 (has extras) } to com.google.android.googlequicksearchbox/com.google.android.apps.gsa.broadcastreceiver.external.ExternalCommonBroadcastReceiver
04-22 09:51:07.101  1635  2891 D ConnectivityService: NetReassign [no changes]
04-22 09:53:29.230  1635  2891 I chatty  : uid=1000(system) ConnectivitySer identical 47 lines
04-22 09:53:32.256  1635  2891 D ConnectivityService: NetReassign [no changes]
04-22 09:53:34.027  1635  4624 W ActivityManager: Foreground service started from background can not have location/camera/microphone access: service steptracker.healthandfitness.walkingtracker.pedometer/com.drojian.stepcounter.service.CounterService
04-22 09:53:34.043  1635  2881 W ActivityManager: Foreground service started from background can not have location/camera/microphone access: service steptracker.healthandfitness.walkingtracker.pedometer/com.drojian.stepcounter.service.CounterService
04-22 09:53:34.054  1635  4624 W ActivityManager: Foreground service started from background can not have location/camera/microphone access: service steptracker.healthandfitness.walkingtracker.pedometer/com.drojian.stepcounter.service.CounterService
04-22 09:53:35.278  1635  2891 D ConnectivityService: NetReassign [no changes]
04-22 09:53:41.323  1635  2891 I chatty  : uid=1000(system) ConnectivitySer identical 2 lines
04-22 09:53:44.347  1635  2891 D ConnectivityService: NetReassign [no changes]
04-22 09:53:47.191  1635  2884 W NetworkPolicy: shared quota unsupported; generating rule for each iface
04-22 09:53:47.358  1635  2891 D ConnectivityService: NetReassign [no changes]
04-22 09:54:56.967  1635  2891 I chatty  : uid=1000(system) ConnectivitySer identical 23 lines
04-22 09:54:59.993  1635  2891 D ConnectivityService: NetReassign [no changes]
04-22 09:55:02.187  1635  1775 D CompatibilityChangeReporter: Compat change id reported: 135634846; UID 10230; state: DISABLED
04-22 09:55:02.187  1635  1776 D CompatibilityChangeReporter: Compat change id reported: 143937733; UID 10230; state: DISABLED
04-22 09:55:02.224  1635  1776 I ActivityManager: Start proc 2612:com.discord/u0a230 for broadcast {com.discord/com.google.firebase.iid.FirebaseInstanceIdReceiver}
04-22 09:55:03.003  1635  2891 D ConnectivityService: NetReassign [no changes]
04-22 09:55:03.474  1635  1635 D NotificationService: 0|com.discord|1413627337|null|10230: granting content://settings/system/notification_sound
04-22 09:55:03.477  1635  1635 I chatty  : uid=1000 system_server identical 4 lines
04-22 09:55:03.477  1635  1635 D NotificationService: 0|com.discord|1413627337|null|10230: granting content://settings/system/notification_sound
04-22 09:55:03.491  1635  1635 W NotificationHistory: Attempted to add notif for locked/gone/disabled user 0
04-22 09:55:03.822  1635 12312 I ActivityManager: Process com.google.android.cellbroadcastreceiver (pid 30911) has died: cch+95 CEM 
04-22 09:55:03.866  1635  4624 I ActivityManager: Process com.instagram.android:mqtt (pid 28108) has died: cch+85 CEM 
04-22 09:55:06.031  1635  2891 D ConnectivityService: NetReassign [no changes]
04-22 09:55:57.420  1635  2891 I chatty  : uid=1000(system) ConnectivitySer identical 17 lines
04-22 09:56:00.449  1635  2891 D ConnectivityService: NetReassign [no changes]
04-22 09:56:01.751  1635  1862 V DisplayPowerController: Brightness [0.05] reason changing to: 'automatic [ dim ]', previous reason: 'automatic'.
04-22 09:56:03.478  1635  2891 D ConnectivityService: NetReassign [no changes]
04-22 09:56:06.501  1635  2891 D ConnectivityService: NetReassign [no changes]
04-22 09:56:08.736  1635  1862 I PowerManagerService: Going to sleep due to timeout (uid 1000)...
04-22 09:56:08.774  1635  4623 D BiometricUtils: isEncrypted: false isLockdown: false
04-22 09:56:08.783  1635  1635 V FingerprintService: startAuthentication(com.android.systemui)
04-22 09:56:08.783  1635  1635 V FingerprintService: starting client AuthenticationClientImpl(com.android.systemui) targetUserId: 0 currentUserId: 0 cookie: 0/0
04-22 09:56:08.802  1635  1635 W FingerprintService: client com.android.systemui is authenticating...
04-22 09:56:08.833  1635  1862 V DisplayPowerController: Brightness [0.17987967] reason changing to: 'automatic', previous reason: 'automatic [ dim ]'.
04-22 09:56:09.265  1635  1862 I DisplayPowerController: Blocking screen off
04-22 09:56:09.267  1635  1862 I DisplayPowerController: Unblocked screen off after 3 ms
04-22 09:56:09.285  1635  1862 D ActivityTaskManager: Top Process State changed to PROCESS_STATE_TOP_SLEEPING
04-22 09:56:09.330  1635  3048 W ProcessStats: Tracking association SourceState{5c01e0e com.google.location.nearby.apps.connectedcrossroad/10333 Top #217512} whose proc state 1 is better than process ProcessState{8af29f3 com.google.android.gms.persistent/10145 pkg=com.google.android.gms} proc state 2 (7 skipped)
04-22 09:56:09.341  1635  1862 V DisplayPowerController: Brightness [-1.0] reason changing to: 'screen_off', previous reason: 'automatic'.
04-22 09:56:09.350  1635  1756 I DisplayManagerService: Display device changed state: "Built-in Screen", OFF
04-22 09:56:09.507  1635  1862 I DreamManagerService: Entering dreamland.
04-22 09:56:09.507  1635  1862 I PowerManagerService: Dozing...
04-22 09:56:09.508  1635  1752 I DreamController: Starting dream: name=ComponentInfo{com.android.systemui/com.android.systemui.doze.DozeService}, isTest=false, canDoze=true, userId=0
04-22 09:56:09.508  1635  2891 D ConnectivityService: NetReassign [no changes]
04-22 09:56:09.550  1635  2893 D NsdService: unregister service
04-22 09:56:09.550  1635  2893 D NsdService: mdnssd [stop-register, 3]
04-22 09:56:09.586  1635  1635 D BluetoothManagerService: Bluetooth Adapter name changed to Pixel 3a XL
04-22 09:56:09.587  1635  1635 D BluetoothManagerService: Stored Bluetooth name: Pixel 3a XL
04-22 09:56:09.638  1635  1756 V WindowManager: Orientation start waiting for draw, mDrawState=DRAW_PENDING in Window{b3b0d7 u0 NotificationShade}, surfaceController Surface(name=NotificationShade)/@0x5136acc
04-22 09:56:09.929  1635  4623 I ActivityTaskManager: START u0 {flg=0x10000000 cmp=steptracker.healthandfitness.walkingtracker.pedometer/com.drojian.servicekeeper.service.OneActivity} from uid 10208
04-22 09:56:09.930  1635  4623 W ActivityTaskManager: Background activity start [callingPackage: steptracker.healthandfitness.walkingtracker.pedometer; callingUid: 10208; isCallingUidForeground: false; callingUidHasAnyVisibleWindow: false; callingUidProcState: FOREGROUND_SERVICE; isCallingUidPersistentSystemProcess: false; realCallingUid: 10208; isRealCallingUidForeground: false; realCallingUidHasAnyVisibleWindow: false; realCallingUidProcState: FOREGROUND_SERVICE; isRealCallingUidPersistentSystemProcess: false; originatingPendingIntent: null; isBgStartWhitelisted: false; intent: Intent { flg=0x10000000 cmp=steptracker.healthandfitness.walkingtracker.pedometer/com.drojian.servicekeeper.service.OneActivity }; callerApp: ProcessRecord{7a2a5f8 15007:steptracker.healthandfitness.walkingtracker.pedometer/u0a208}]
04-22 09:56:09.931  1635  4623 E ActivityTaskManager: Abort background activity starts from 10208
04-22 09:56:10.303  1635  3047 W ActivityManager: Foreground service started from background can not have location/camera/microphone access: service steptracker.healthandfitness.walkingtracker.pedometer/com.drojian.stepcounter.service.CounterService
04-22 09:56:14.290  1635  1756 W ActivityTaskManager: Sleep timeout!  Sleeping now.
04-22 09:56:20.129  1635  1775 W ProcessStats: Tracking association SourceState{5c01e0e com.google.location.nearby.apps.connectedcrossroad/10333 Top #217762} whose proc state 1 is better than process ProcessState{8af29f3 com.google.android.gms.persistent/10145 pkg=com.google.android.gms} proc state 2 (120 skipped)
--------- beginning of main
04-22 09:56:20.882  1239  1239 I connectedcrossroad: onDisconnected: disconnected from 6vp5
04-22 09:56:20.883  1239  1239 V perf    : Disconnected from 6vp5
04-22 09:56:20.905  1239  1239 D connectedcrossroad: onDisconnected: Failed to remove neighbor
04-22 09:56:20.905  1239  1239 V perf    : Disconnected from szTK
04-22 09:56:20.910  1239  1239 I connectedcrossroad: onDisconnected: disconnected from G14E
04-22 09:56:20.910  1239  1239 V perf    : Disconnected from G14E
04-22 09:56:20.912  1239  1239 I connectedcrossroad: onDisconnected: disconnected from 3VoB
04-22 09:56:20.912  1239  1239 V perf    : Disconnected from 3VoB
04-22 09:56:21.104  4451  4451 I chatty  : uid=10324(com.jaga.ibraceletplus.smartwristband3) expire 18 lines
04-22 09:56:22.249  1058  2949 I WifiHAL : event received NL80211_CMD_VENDOR, vendor_id = 0x1374, subcmd = 0xd
04-22 09:56:24.260  1058  2949 I WifiHAL : event received NL80211_CMD_VENDOR, vendor_id = 0x1374, subcmd = 0xd
04-22 09:56:26.530  1635 11678 I BatteryStatsService: In wakeup_callback: resumed from suspend
04-22 09:56:27.652  1635 11678 I BatteryStatsService: In wakeup_callback: resumed from suspend
04-22 09:56:29.361  1058  2949 I WifiHAL : event received NL80211_CMD_VENDOR, vendor_id = 0x1374, subcmd = 0xd
04-22 09:56:29.386  1635 11678 I BatteryStatsService: In wakeup_callback: resumed from suspend
04-22 09:56:29.615  1635 11678 I BatteryStatsService: In wakeup_callback: suspend aborted
04-22 09:56:29.937  1635 11678 I BatteryStatsService: In wakeup_callback: suspend aborted
04-22 09:56:31.060  1635 11678 I BatteryStatsService: In wakeup_callback: resumed from suspend
04-22 09:56:32.383  1635 11678 I chatty  : uid=1000(system) Binder:1635_1E identical 1 line
04-22 09:56:33.495  1635 11678 I BatteryStatsService: In wakeup_callback: resumed from suspend
04-22 09:56:33.619  1058  2949 I WifiHAL : event received NL80211_CMD_VENDOR, vendor_id = 0x1374, subcmd = 0xd
04-22 09:56:33.747  1635 11678 I BatteryStatsService: In wakeup_callback: suspend aborted
04-22 09:56:35.143  1635 11678 I BatteryStatsService: In wakeup_callback: resumed from suspend
04-22 09:56:36.665  1635 11678 I BatteryStatsService: In wakeup_callback: resumed from suspend
04-22 09:56:36.766  4561  4561 D BluetoothA2dp: Binding service...
04-22 09:56:36.777  4561  4561 I BistoRealService: onStartCommand: 0 1 Intent { act=com.google.android.apps.gsa.broadcastreceiver.SETTINGS_CHANGED cmp=com.google.android.googlequicksearchbox/com.google.android.apps.gsa.staticplugins.bisto.BistoRealService (has extras) }
04-22 09:56:36.810  4561  4561 I BistoRealService: Intent handled internally
04-22 09:56:36.811  4561  4561 D BluetoothA2dp: Proxy object connected
04-22 09:56:36.825  1635 11678 I BatteryStatsService: In wakeup_callback: suspend aborted
04-22 09:56:38.503  1635 11678 I BatteryStatsService: In wakeup_callback: resumed from suspend
04-22 09:56:38.732  1635 11678 I BatteryStatsService: In wakeup_callback: suspend aborted
04-22 09:56:39.966  1635  4623 I BatteryStatsService: In wakeup_callback: resumed from suspend
04-22 09:56:39.986  1058  2949 I WifiHAL : event received NL80211_CMD_VENDOR, vendor_id = 0x1374, subcmd = 0xd
04-22 09:56:40.199  1635  4623 I BatteryStatsService: In wakeup_callback: suspend aborted
04-22 09:56:41.406  1635  4623 I BatteryStatsService: In wakeup_callback: resumed from suspend
04-22 09:56:41.425  3529  5727 I chatty  : uid=10145(com.google.android.gms) Binder:3529_9 expire 2 lines
04-22 09:56:42.601  4451  4451 I chatty  : uid=10324(com.jaga.ibraceletplus.smartwristband3) expire 13 lines
04-22 09:56:42.629  1635  4623 I BatteryStatsService: In wakeup_callback: resumed from suspend
04-22 09:56:42.672 31948  2726 W CelloCake: [io-17] Running after 11475ms in queue: 'PlatformDelegateImplExecuteCallback(celloTask=154436802,delay=30000,info=OnInitializeComplete)'
04-22 09:56:43.848  1635  4623 I BatteryStatsService: In wakeup_callback: resumed from suspend
04-22 09:56:44.018  1635  4623 I BatteryStatsService: In wakeup_callback: suspend aborted
04-22 09:56:45.171  1635  3048 I BatteryStatsService: In wakeup_callback: resumed from suspend
04-22 09:56:46.377  1058  2949 I WifiHAL : event received NL80211_CMD_VENDOR, vendor_id = 0x1374, subcmd = 0xd
04-22 09:56:46.402  1635  4623 I BatteryStatsService: In wakeup_callback: resumed from suspend
04-22 09:56:47.103  1635  4623 I BatteryStatsService: In wakeup_callback: resumed from suspend
04-22 09:56:47.281  1635  4623 I BatteryStatsService: In wakeup_callback: suspend aborted
04-22 09:56:47.503 31948  2726 W CelloCake: [io-17] Running after 14481ms in queue: 'PlatformDelegateImplExecuteCallback(celloTask=253588414,delay=30000,info=OnInitializeComplete)'
04-22 09:56:47.568  1635  4623 I BatteryStatsService: In wakeup_callback: suspend aborted
04-22 09:56:48.868  1635  4623 I BatteryStatsService: In wakeup_callback: resumed from suspend
04-22 09:56:48.980 31948 32077 W CelloCake: [CELLO_TASK_RUNNER_MONITORd4b3409e-0] [Account=d4b3409e] 1 tasks running slow
04-22 09:56:48.981 31948 32077 W CelloCake: [CELLO_TASK_RUNNER_MONITORd4b3409e-0] [Account=d4b3409e:Task=190255918]Slow task still running after 14s. PlatformDelegateImplExecuteCallback(celloTask=1604986,delay=30000,info=OnInitializeComplete){account=d4b3409e, submitTimeMs=102472441, delayMs=30000, not started, timedOut}
04-22 09:56:49.107 31948 32022 W ProxyAndroidLoggerBackend: Too many Flogger logs received before configuration. Dropping old logs.
04-22 09:56:49.112  1635  4623 I BatteryStatsService: In wakeup_callback: suspend aborted
04-22 09:56:49.135 31948 32022 W ProxyAndroidLoggerBackend: Too many Flogger logs received before configuration. Dropping old logs.
04-22 09:56:50.265  1058  2949 I WifiHAL : event received NL80211_CMD_VENDOR, vendor_id = 0x1374, subcmd = 0xd
04-22 09:56:50.290  1635  3048 I BatteryStatsService: In wakeup_callback: resumed from suspend
04-22 09:56:51.824  1635  3048 I BatteryStatsService: In wakeup_callback: resumed from suspend
04-22 09:56:52.928 31948  2404 W CelloCake: [io-16] Running after 18057ms in queue: 'PlatformDelegateImplExecuteCallback(celloTask=1604986,delay=30000,info=OnInitializeComplete)'
04-22 09:56:52.930  1635  3048 W ProcessStats: Tracking association SourceState{5c01e0e com.google.location.nearby.apps.connectedcrossroad/10333 Top #217800} whose proc state 1 is better than process ProcessState{8af29f3 com.google.android.gms.persistent/10145 pkg=com.google.android.gms} proc state 2 (17 skipped)
04-22 09:56:52.947  1635  3048 I BatteryStatsService: In wakeup_callback: resumed from suspend
04-22 09:56:54.706  1635  3048 I chatty  : uid=1000(system) Binder:1635_C identical 5 lines
04-22 09:56:55.833  1635  3048 I BatteryStatsService: In wakeup_callback: resumed from suspend
04-22 09:56:56.058  3529  2056 I chatty  : uid=10145 com.google.android.gms.persistent expire 73 lines
04-22 09:56:57.025  3529  2748 I chatty  : uid=10145(com.google.android.gms) highpool[97] expire 1 line
04-22 09:56:57.053  1635  3048 I BatteryStatsService: In wakeup_callback: resumed from suspend
04-22 09:56:57.228  2959  3626 I chatty  : uid=1002(bluetooth) BT Service Call expire 1 line
04-22 09:56:57.262  3529  3529 I chatty  : uid=10145 com.google.android.gms.persistent expire 10 lines
04-22 09:56:57.264  1058  2949 I WifiHAL : event received NL80211_CMD_VENDOR, vendor_id = 0x1374, subcmd = 0xd
04-22 09:56:57.535  4451  4451 I chatty  : uid=10324(com.jaga.ibraceletplus.smartwristband3) expire 10 lines
04-22 09:56:57.811 31948 32077 W CelloCake: [CELLO_TASK_RUNNER_MONITORd4b3409e-0] [Account=d4b3409e] 1 tasks that were running slow now completed
04-22 09:56:57.811 31948 32077 W CelloCake: [CELLO_TASK_RUNNER_MONITORd4b3409e-0] [Account=d4b3409e:Task=190255918]Slow task now completed after 22s. PlatformDelegateImplExecuteCallback(celloTask=1604986,delay=30000,info=OnInitializeComplete){account=d4b3409e, submitTimeMs=102472441, delayMs=30000, startTimeMs=102520498, waitTimeMs=18057, endTimeMs=102520499, durationMs=18058, succeeded, timedOut}
04-22 09:56:59.113  1635  3048 I BatteryStatsService: In wakeup_callback: resumed from suspend
04-22 09:57:00.357  1635  3048 I BatteryStatsService: In wakeup_callback: resumed from suspend
04-22 09:57:00.610  1635  3048 I BatteryStatsService: In wakeup_callback: suspend aborted
04-22 09:57:00.833  1058  2949 I WifiHAL : event received NL80211_CMD_VENDOR, vendor_id = 0x1374, subcmd = 0xd
04-22 09:57:01.053  1635  3048 I BatteryStatsService: In wakeup_callback: suspend aborted
04-22 09:57:02.603  1635  3048 I BatteryStatsService: In wakeup_callback: resumed from suspend
04-22 09:57:02.873  1635  3048 I BatteryStatsService: In wakeup_callback: suspend aborted
04-22 09:57:04.229  1635  3048 I BatteryStatsService: In wakeup_callback: resumed from suspend
04-22 09:57:05.564  1635  3048 I BatteryStatsService: In wakeup_callback: resumed from suspend
04-22 09:57:05.733  1058  2949 I WifiHAL : event received NL80211_CMD_VENDOR, vendor_id = 0x1374, subcmd = 0xd
04-22 09:57:05.812  1635  3048 I BatteryStatsService: In wakeup_callback: suspend aborted
04-22 09:57:06.993  1635  3048 I BatteryStatsService: In wakeup_callback: resumed from suspend
04-22 09:57:08.110  1635  3048 I BatteryStatsService: In wakeup_callback: resumed from suspend
04-22 09:57:08.136  4451  4451 I chatty  : uid=10324(com.jaga.ibraceletplus.smartwristband3) expire 10 lines
04-22 09:57:09.462  1635  4623 I BatteryStatsService: In wakeup_callback: resumed from suspend
04-22 09:57:11.296  1635  4623 I BatteryStatsService: In wakeup_callback: resumed from suspend
04-22 09:57:12.613  1635  4623 I BatteryStatsService: In wakeup_callback: resumed from suspend
04-22 09:57:12.762  1058  2949 I WifiHAL : event received NL80211_CMD_VENDOR, vendor_id = 0x1374, subcmd = 0xd
04-22 09:57:12.864  1635  4623 I BatteryStatsService: In wakeup_callback: suspend aborted
04-22 09:57:14.058  1635  4623 I BatteryStatsService: In wakeup_callback: resumed from suspend
04-22 09:57:18.259  1635  4623 I chatty  : uid=1000(system) Binder:1635_11 identical 10 lines
04-22 09:57:19.377  1635  4623 I BatteryStatsService: In wakeup_callback: resumed from suspend
04-22 09:57:19.517  1058  2949 I WifiHAL : event received NL80211_CMD_VENDOR, vendor_id = 0x1374, subcmd = 0xd
04-22 09:57:19.611  1635  4623 I BatteryStatsService: In wakeup_callback: suspend aborted
04-22 09:57:20.819  1635  4623 I BatteryStatsService: In wakeup_callback: resumed from suspend
04-22 09:57:21.057  1635  4623 I BatteryStatsService: In wakeup_callback: suspend aborted
04-22 09:57:21.909  1635  4623 I BatteryStatsService: In wakeup_callback: suspend aborted
04-22 09:57:22.329  1058  2949 I WifiHAL : event received NL80211_CMD_VENDOR, vendor_id = 0x1374, subcmd = 0xd
04-22 09:57:22.358  4451  4451 I chatty  : uid=10324(com.jaga.ibraceletplus.smartwristband3) expire 10 lines
04-22 09:57:22.364 14638  2899 D EventNotificationJob: Running EventNotificationJob, isDetail=true
04-22 09:57:22.367 14638  2899 D EventNotificationJob: Interval is 15 minutes
04-22 09:57:22.368 14638  2899 D EventNotificationJob: processEventList() on [0] events. First cleaning up expired notifications.
04-22 09:57:22.369 14638  2899 D EventNotificationJob: Finished cleaning up notifications. Event notification list had 0 items, 0 unique IDs, added 0 notifications in id set.
04-22 09:57:22.369 14638  2899 D EventNotificationJob:   finished processing events.
04-22 09:57:22.439  1635  4612 D ConnectivityService: Returning UNBLOCKED NetworkInfo to uid=10248
04-22 09:57:22.768 25018 25290 D omnistore_android_logger: DebouncingRateLimiter attempting event SyncProtocol::onConnectionEstablished
04-22 09:57:22.769 25018 25290 D omnistore_android_logger: Event not rate limited: SyncProtocol::onConnectionEstablished
04-22 09:57:22.769 25018 25290 D omnistore_android_logger: SyncProtocol calling onConnectionEstablished callbacks
04-22 09:57:22.769 25018 25290 D omnistore_android_logger: Removing all queue based subscriptions from rewire state
04-22 09:57:22.783 25018 25290 D omnistore_android_logger: SendQueue::onConnectionEstablished: sending 0 transaction(s)
04-22 09:57:22.784 25018 31012 D omnistore_android_logger: SubscriptionManager::onConnectionEstablished is called back
04-22 09:57:22.799 25018 31012 I omnistore_android_logger: Connect message: queueName: facebook_universal_prefs_v2:100000970685367, gvid: 0
04-22 09:57:22.809 25018 31012 I omnistore_android_logger: Client sent connect message
04-22 09:57:22.845 25018 25168 D relenginterceptor: RELENG rewrite skipped, config is disabled.
04-22 09:57:22.845 25018 25168 D defcontigonrelayernative: DefconTigonDelayer starting
04-22 09:57:22.845 25018 25168 D defcontigonrelayernative: DefconTigonDelayer skipped, config is disabled.
04-22 09:57:22.883 25018 25815 D omnistore_android_logger: TransactionResult Received on queue spq_152:_ with 1 transactions starting at global id 0 upto clientVersionId 0
04-22 09:57:22.886 25018 31012 D omnistore_android_logger: TransactionReceiver::processSerializedJobSuccess for queue spq_152:_, status 0, global id 0client version id 0
04-22 09:57:22.886 25018 31012 D omnistore_android_logger: TransactionReceiver::applySuccessfulTransactionResult
04-22 09:57:22.891 25018 31012 D omnistore_android_logger: TransactionReceiver::processTransaction flush callbacks
04-22 09:57:23.000 25018 25815 W fb4a.ReqContexts: continueFromIndirect() replaced by create()
04-22 09:57:24.175  1635  4623 I BatteryStatsService: In wakeup_callback: resumed from suspend
04-22 09:57:24.345 31948 32052 W CelloCake: [CELLO_TASK_RUNNER_MONITOR37b8bca1-0] [Account=37b8bca1] 1 tasks running slow
04-22 09:57:24.346 31948 32052 W CelloCake: [CELLO_TASK_RUNNER_MONITOR37b8bca1-0] [Account=37b8bca1:Task=140946170]Slow task still running after 11s. PlatformDelegateImplExecuteCallback(celloTask=196853238,delay=30000,info=OnInitializeComplete){account=37b8bca1, submitTimeMs=102510176, delayMs=30000, not started, timedOut}
04-22 09:57:24.359 31948 32022 W ProxyAndroidLoggerBackend: Too many Flogger logs received before configuration. Dropping old logs.
04-22 09:57:24.387  1058  2949 I WifiHAL : event received NL80211_CMD_VENDOR, vendor_id = 0x1374, subcmd = 0xd
04-22 09:57:24.394 31948 32022 W ProxyAndroidLoggerBackend: Too many Flogger logs received before configuration. Dropping old logs.
04-22 09:57:24.410  1635  4612 I BatteryStatsService: In wakeup_callback: suspend aborted
04-22 09:57:25.733  1635  4612 I BatteryStatsService: In wakeup_callback: resumed from suspend
04-22 09:57:26.859  1635  4612 I BatteryStatsService: In wakeup_callback: resumed from suspend
04-22 09:57:28.868  4561  4561 I BistoRealService: requestDestroy
04-22 09:57:28.875  4561  4561 I BistoRealService: onDestroy
04-22 09:57:28.881  4561  4561 I BistoWiredManager: close
04-22 09:57:28.883  4561  4561 D BluetoothA2dp: Unbinding service...
04-22 09:57:28.888  4561  4561 I BistoClassicManager: close
04-22 09:57:28.898  1635  3048 I BatteryStatsService: In wakeup_callback: resumed from suspend
04-22 09:57:31.568  1635  3048 I BatteryStatsService: In wakeup_callback: resumed from suspend
04-22 09:57:31.761  1058  2949 I WifiHAL : event received NL80211_CMD_VENDOR, vendor_id = 0x1374, subcmd = 0xd
04-22 09:57:32.696  1635  3048 I BatteryStatsService: In wakeup_callback: resumed from suspend
04-22 09:57:34.523  1635  3048 I BatteryStatsService: In wakeup_callback: resumed from suspend
04-22 09:57:35.737  4451  4451 I chatty  : uid=10324(com.jaga.ibraceletplus.smartwristband3) expire 12 lines
04-22 09:57:35.769  1635  4623 I BatteryStatsService: In wakeup_callback: resumed from suspend
04-22 09:57:35.876 31948 32050 W CelloCake: [CELLO_TASK_RUNNER_MONITORd12a6774-0] [Account=d12a6774] 1 tasks running slow
04-22 09:57:35.877 31948 32050 W CelloCake: [CELLO_TASK_RUNNER_MONITORd12a6774-0] [Account=d12a6774:Task=20629343]Slow task still running after 18s. PlatformDelegateImplExecuteCallback(celloTask=127013170,delay=30000,info=OnInitializeComplete){account=d12a6774, submitTimeMs=102515072, delayMs=30000, not started, timedOut}
04-22 09:57:35.891 31948 32022 W ProxyAndroidLoggerBackend: Too many Flogger logs received before configuration. Dropping old logs.
04-22 09:57:35.913 31948 32052 W CelloCake: [CELLO_TASK_RUNNER_MONITOR37b8bca1-0] [Account=37b8bca1] 1 tasks running slow
04-22 09:57:35.913 31948 32052 W CelloCake: [CELLO_TASK_RUNNER_MONITOR37b8bca1-0] [Account=37b8bca1:Task=140946170]Slow task still running after 23s. PlatformDelegateImplExecuteCallback(celloTask=196853238,delay=30000,info=OnInitializeComplete){account=37b8bca1, submitTimeMs=102510176, delayMs=30000, not started, timedOut}
04-22 09:57:35.982 31948 32022 W ProxyAndroidLoggerBackend: Too many Flogger logs received before configuration. Dropping old logs.
04-22 09:57:35.996  1635  4623 I BatteryStatsService: In wakeup_callback: suspend aborted
04-22 09:57:38.478 31948 32077 W CelloCake: [CELLO_TASK_RUNNER_MONITORd4b3409e-0] [Account=d4b3409e] 1 tasks running slow
04-22 09:57:38.479 31948 32077 W CelloCake: [CELLO_TASK_RUNNER_MONITORd4b3409e-0] [Account=d4b3409e:Task=180826579]Slow task still running after 15s. PlatformDelegateImplExecuteCallback(celloTask=267610430,delay=30000,info=OnInitializeComplete){account=d4b3409e, submitTimeMs=102520499, delayMs=30000, not started, timedOut}
04-22 09:57:38.489 31948 32022 W ProxyAndroidLoggerBackend: Too many Flogger logs received before configuration. Dropping old logs.
04-22 09:57:38.516  1635  4623 I BatteryStatsService: In wakeup_callback: resumed from suspend
04-22 09:57:38.565 31948 32022 W ProxyAndroidLoggerBackend: Too many Flogger logs received before configuration. Dropping old logs.
04-22 09:57:38.756  1635  4623 I BatteryStatsService: In wakeup_callback: suspend aborted
04-22 09:57:39.009  1058  2949 I WifiHAL : event received NL80211_CMD_VENDOR, vendor_id = 0x1374, subcmd = 0xd
04-22 09:57:40.276  1635  4623 I BatteryStatsService: In wakeup_callback: resumed from suspend
04-22 09:57:44.876  1635  4623 I BatteryStatsService: In wakeup_callback: resumed from suspend
04-22 09:57:45.976 31948 32050 W CelloCake: [CELLO_TASK_RUNNER_MONITORd12a6774-0] [Account=d12a6774] 1 tasks running slow
04-22 09:57:45.976 31948 32050 W CelloCake: [CELLO_TASK_RUNNER_MONITORd12a6774-0] [Account=d12a6774:Task=20629343]Slow task still running after 28s. PlatformDelegateImplExecuteCallback(celloTask=127013170,delay=30000,info=OnInitializeComplete){account=d12a6774, submitTimeMs=102515072, delayMs=30000, not started, timedOut}
04-22 09:57:45.976 31948 32052 W CelloCake: [CELLO_TASK_RUNNER_MONITOR37b8bca1-0] [Account=37b8bca1] 1 tasks running slow
04-22 09:57:45.976 31948 32052 W CelloCake: [CELLO_TASK_RUNNER_MONITOR37b8bca1-0] [Account=37b8bca1:Task=140946170]Slow task still running after 33s. PlatformDelegateImplExecuteCallback(celloTask=196853238,delay=30000,info=OnInitializeComplete){account=37b8bca1, submitTimeMs=102510176, delayMs=30000, not started, timedOut}
04-22 09:57:46.000  1635  4623 I BatteryStatsService: In wakeup_callback: resumed from suspend
04-22 09:57:46.011  1058  2949 I WifiHAL : event received NL80211_CMD_VENDOR, vendor_id = 0x1374, subcmd = 0xd
04-22 09:57:47.532  1635  4623 I BatteryStatsService: In wakeup_callback: resumed from suspend
04-22 09:57:47.664 31948 32077 W CelloCake: [CELLO_TASK_RUNNER_MONITORd4b3409e-0] [Account=d4b3409e] 1 tasks running slow
04-22 09:57:47.664 31948 32077 W CelloCake: [CELLO_TASK_RUNNER_MONITORd4b3409e-0] [Account=d4b3409e:Task=180826579]Slow task still running after 24s. PlatformDelegateImplExecuteCallback(celloTask=267610430,delay=30000,info=OnInitializeComplete){account=d4b3409e, submitTimeMs=102520499, delayMs=30000, not started, timedOut}
04-22 09:57:47.776  1635  4623 I BatteryStatsService: In wakeup_callback: suspend aborted
04-22 09:57:50.003  1635  4623 I BatteryStatsService: In wakeup_callback: resumed from suspend
04-22 09:57:53.087  1635  4623 I BatteryStatsService: In wakeup_callback: resumed from suspend
04-22 09:57:54.169  1058  2949 I WifiHAL : event received NL80211_CMD_VENDOR, vendor_id = 0x1374, subcmd = 0xd
04-22 09:57:54.195  1635  4623 I BatteryStatsService: In wakeup_callback: resumed from suspend
04-22 09:57:56.215  4451  4451 I chatty  : uid=10324(com.jaga.ibraceletplus.smartwristband3) expire 10 lines
04-22 09:57:56.242  1635  4623 I BatteryStatsService: In wakeup_callback: resumed from suspend
04-22 09:57:58.176  1635  4623 I BatteryStatsService: In wakeup_callback: resumed from suspend
04-22 09:57:59.088 31948 32050 W CelloCake: [CELLO_TASK_RUNNER_MONITORd12a6774-0] [Account=d12a6774] 1 tasks running slow
04-22 09:57:59.088 31948 32050 W CelloCake: [CELLO_TASK_RUNNER_MONITORd12a6774-0] [Account=d12a6774:Task=20629343]Slow task still running after 41s. PlatformDelegateImplExecuteCallback(celloTask=127013170,delay=30000,info=OnInitializeComplete){account=d12a6774, submitTimeMs=102515072, delayMs=30000, not started, timedOut}
04-22 09:57:59.089 31948 32052 W CelloCake: [CELLO_TASK_RUNNER_MONITOR37b8bca1-0] [Account=37b8bca1] 1 tasks running slow
04-22 09:57:59.089 31948 32052 W CelloCake: [CELLO_TASK_RUNNER_MONITOR37b8bca1-0] [Account=37b8bca1:Task=140946170]Slow task still running after 46s. PlatformDelegateImplExecuteCallback(celloTask=196853238,delay=30000,info=OnInitializeComplete){account=37b8bca1, submitTimeMs=102510176, delayMs=30000, not started, timedOut}
04-22 09:57:59.111  1635  4623 I BatteryStatsService: In wakeup_callback: resumed from suspend
04-22 09:57:59.336  1635  4623 I BatteryStatsService: In wakeup_callback: suspend aborted
04-22 09:57:59.478 31948 32077 W CelloCake: [CELLO_TASK_RUNNER_MONITORd4b3409e-0] [Account=d4b3409e] 1 tasks running slow
04-22 09:57:59.478 31948 32077 W CelloCake: [CELLO_TASK_RUNNER_MONITORd4b3409e-0] [Account=d4b3409e:Task=180826579]Slow task still running after 36s. PlatformDelegateImplExecuteCallback(celloTask=267610430,delay=30000,info=OnInitializeComplete){account=d4b3409e, submitTimeMs=102520499, delayMs=30000, not started, timedOut}
04-22 09:58:00.768  1635  4623 I BatteryStatsService: In wakeup_callback: resumed from suspend
04-22 09:58:02.059  1058  2949 I WifiHAL : event received NL80211_CMD_VENDOR, vendor_id = 0x1374, subcmd = 0xd
04-22 09:58:02.091  1635  4623 I BatteryStatsService: In wakeup_callback: resumed from suspend
04-22 09:58:07.706  1635  4623 I BatteryStatsService: In wakeup_callback: resumed from suspend
04-22 09:58:07.992  1635  4623 I BatteryStatsService: In wakeup_callback: suspend aborted
04-22 09:58:08.510 31948 32052 W CelloCake: [CELLO_TASK_RUNNER_MONITOR37b8bca1-0] [Account=37b8bca1] 1 tasks running slow
04-22 09:58:08.510 31948 32050 W CelloCake: [CELLO_TASK_RUNNER_MONITORd12a6774-0] [Account=d12a6774] 1 tasks running slow
04-22 09:58:08.510 31948 32052 W CelloCake: [CELLO_TASK_RUNNER_MONITOR37b8bca1-0] [Account=37b8bca1:Task=140946170]Slow task still running after 55s. PlatformDelegateImplExecuteCallback(celloTask=196853238,delay=30000,info=OnInitializeComplete){account=37b8bca1, submitTimeMs=102510176, delayMs=30000, not started, timedOut}
04-22 09:58:08.511 31948 32050 W CelloCake: [CELLO_TASK_RUNNER_MONITORd12a6774-0] [Account=d12a6774:Task=20629343]Slow task still running after 51s. PlatformDelegateImplExecuteCallback(celloTask=127013170,delay=30000,info=OnInitializeComplete){account=d12a6774, submitTimeMs=102515072, delayMs=30000, not started, timedOut}
04-22 09:58:08.661  1058  2949 I WifiHAL : event received NL80211_CMD_VENDOR, vendor_id = 0x1374, subcmd = 0xd
04-22 09:58:09.030 31948 32077 W CelloCake: [CELLO_TASK_RUNNER_MONITORd4b3409e-0] [Account=d4b3409e] 1 tasks running slow
04-22 09:58:09.031 31948 32077 W CelloCake: [CELLO_TASK_RUNNER_MONITORd4b3409e-0] [Account=d4b3409e:Task=180826579]Slow task still running after 46s. PlatformDelegateImplExecuteCallback(celloTask=267610430,delay=30000,info=OnInitializeComplete){account=d4b3409e, submitTimeMs=102520499, delayMs=30000, not started, timedOut}
04-22 09:58:09.368  4451  4451 I chatty  : uid=10324(com.jaga.ibraceletplus.smartwristband3) expire 20 lines
04-22 09:58:09.406 31948  2726 W CelloCake: [io-17] Running after 56799ms in queue: 'PlatformDelegateImplExecuteCallback(celloTask=196853238,delay=30000,info=OnInitializeComplete)'
04-22 09:58:09.406 31948  2404 W CelloCake: [io-16] Completed: PlatformDelegateImplExecuteCallback(celloTask=196853238,delay=30000,info=OnInitializeComplete){account=37b8bca1, submitTimeMs=102510176, delayMs=30000, startTimeMs=102596975, waitTimeMs=56799, endTimeMs=102596977, durationMs=56801, succeeded, timedOut}
04-22 09:58:09.647 14638  2967 D EventNotificationJob: Running EventNotificationJob, isDetail=true
04-22 09:58:09.649 14638  2967 D EventNotificationJob: Interval is 15 minutes
