04-21 18:14:29.314  1635  4612 I chatty  : uid=1000(system) Binder:1635_E expire 1 line
04-21 18:14:29.347  1635  5549 I chatty  : uid=1000(system) Binder:1635_15 expire 1 line
04-21 18:14:29.348  1635  4599 I chatty  : uid=1000(system) Binder:1635_D expire 2 lines
04-21 18:14:41.110  1635  4930 I chatty  : uid=1000(system) Binder:1635_14 expire 1 line
04-21 18:14:41.526  1635  9190 I chatty  : uid=1000(system) Binder:1635_1A expire 2 lines
04-21 18:14:41.821  1635  4613 I chatty  : uid=1000(system) Binder:1635_F expire 3 lines
04-21 18:14:42.332  1635  4623 I chatty  : uid=1000(system) Binder:1635_11 expire 1 line
04-21 18:14:42.339  1635 12312 I chatty  : uid=1000(system) Binder:1635_1F expire 2 lines
04-21 18:15:02.579  2979 11758 D PowerUI : can't show warning due to - plugged: true status unknown: false
04-21 18:15:04.692  1635  1775 I chatty  : uid=1000(system) ActivityManager expire 35 lines
04-21 18:15:05.794  2979 13347 D PowerUI : can't show warning due to - plugged: true status unknown: false
04-21 18:15:10.263  1635  3042 I chatty  : uid=1000(system) Binder:1635_6 expire 1 line
04-21 18:15:18.353  2979 16230 D PowerUI : can't show warning due to - plugged: true status unknown: false
04-21 18:15:22.914  1635  1878 I chatty  : uid=1000(system) PackageManager expire 2 lines
04-21 18:15:23.145  1635  1752 I chatty  : uid=1000(system) android.fg expire 9 lines
04-21 18:15:23.205  1635  1635 I chatty  : uid=1000 system_server expire 15 lines
04-21 18:15:25.217  1635  8772 I chatty  : uid=1000(system) Binder:1635_17 expire 3 lines
04-21 18:15:25.378  1635  3045 I chatty  : uid=1000(system) Binder:1635_9 expire 2 lines
04-21 18:15:27.166  1635  1635 I chatty  : uid=1000 system_server expire 13 lines
04-21 18:15:27.265  1635  1775 I chatty  : uid=1000(system) ActivityManager expire 37 lines
04-21 18:15:27.543  1635  1862 I chatty  : uid=1000(system) PowerManagerSer expire 12 lines
04-21 18:15:27.570  1635  1756 I chatty  : uid=1000(system) android.display expire 4 lines
04-21 18:15:29.134  1635  2884 I chatty  : uid=1000(system) NetworkPolicy expire 15 lines
04-21 18:15:52.078  1635  1878 I chatty  : uid=1000(system) PackageManager expire 6 lines
04-21 18:15:52.236  1635  3038 I chatty  : uid=1000(system) Binder:1635_4 expire 2 lines
04-21 18:15:52.236  1635 12312 I chatty  : uid=1000(system) Binder:1635_1F expire 7 lines
04-21 18:15:52.236  1635  2891 I chatty  : uid=1000(system) ConnectivitySer expire 11 lines
04-21 18:15:54.849  1635  1752 I chatty  : uid=1000(system) android.fg expire 8 lines
04-21 18:15:55.189  1635  1713 I chatty  : uid=1000(system) Binder:1635_2 expire 5 lines
04-21 18:15:55.489  1635  1771 I chatty  : uid=1000(system) android.bg expire 3 lines
04-21 18:15:55.489  1635  1712 I chatty  : uid=1000(system) Binder:1635_1 expire 1 line
04-21 18:15:55.493  1635  1776 I chatty  : uid=1000(system) ActivityManager expire 10 lines
04-21 18:15:56.580  1635  3042 I chatty  : uid=1000(system) Binder:1635_6 expire 10 lines
04-21 18:16:05.470  2979  3511 D PowerUI : can't show warning due to - plugged: true status unknown: false
04-21 18:16:11.815  2979  4359 D PowerUI : can't show warning due to - plugged: true status unknown: false
04-21 18:16:57.474  1635  3047 I chatty  : uid=1000(system) Binder:1635_B expire 2 lines
04-21 18:17:05.863  2979  6614 D PowerUI : can't show warning due to - plugged: true status unknown: false
04-21 18:17:14.951  2979  7147 D PowerUI : can't show warning due to - plugged: true status unknown: false
04-21 18:17:41.542  1635  4623 I chatty  : uid=1000(system) Binder:1635_11 expire 2 lines
04-21 18:18:05.815  2979 10216 D PowerUI : can't show warning due to - plugged: true status unknown: false
04-21 18:18:07.059  1635  8781 I chatty  : uid=1000(system) Binder:1635_18 expire 2 lines
04-21 18:18:21.110  2979 11758 D PowerUI : can't show warning due to - plugged: true status unknown: false
04-21 18:19:05.829  2979 13347 D PowerUI : can't show warning due to - plugged: true status unknown: false
04-21 18:19:28.710  2979 16230 D PowerUI : can't show warning due to - plugged: true status unknown: false
04-21 18:20:05.821  2979  3511 D PowerUI : can't show warning due to - plugged: true status unknown: false
04-21 18:20:26.702  1635  6941 I chatty  : uid=1000(system) Binder:1635_16 expire 6 lines
04-21 18:20:39.256  2979  4359 D PowerUI : can't show warning due to - plugged: true status unknown: false
04-21 18:20:54.700  1635  1635 I chatty  : uid=1000 system_server expire 10 lines
04-21 18:21:05.828  2979  6614 D PowerUI : can't show warning due to - plugged: true status unknown: false
04-21 18:21:41.642  1635  4630 I chatty  : uid=1000(system) Binder:1635_13 expire 1 line
04-21 18:21:52.677  2979  7147 D PowerUI : can't show warning due to - plugged: true status unknown: false
04-21 18:22:05.820  2979 10216 D PowerUI : can't show warning due to - plugged: true status unknown: false
04-21 18:23:05.868  2979 11758 D PowerUI : can't show warning due to - plugged: true status unknown: false
04-21 18:23:07.539  2979 13347 D PowerUI : can't show warning due to - plugged: true status unknown: false
04-21 18:23:10.368  1635  3048 I chatty  : uid=1000(system) Binder:1635_C expire 10 lines
04-21 18:23:21.283  4561 13954 I AlwaysOnHotwordDetector: onDetected
04-21 18:23:30.025  1635  8900 I chatty  : uid=1000(system) Binder:1635_19 expire 6 lines
04-21 18:23:30.025  1635  2881 I chatty  : uid=1000(system) Binder:1635_3 expire 1 line
04-21 18:24:05.823  2979 16230 D PowerUI : can't show warning due to - plugged: true status unknown: false
04-21 18:24:20.934  2979  3511 D PowerUI : can't show warning due to - plugged: true status unknown: false
04-21 18:24:38.601  2979  4359 D PowerUI : can't show warning due to - plugged: true status unknown: false
04-21 18:25:01.993  2979  6614 D PowerUI : can't show warning due to - plugged: true status unknown: false
04-21 18:25:05.813  2979  7147 D PowerUI : can't show warning due to - plugged: true status unknown: false
04-21 18:25:15.934  1635 11678 I chatty  : uid=1000(system) Binder:1635_1E expire 3 lines
04-21 18:25:17.124  1635 11490 I chatty  : uid=1000(system) Binder:1635_1D expire 8 lines
04-21 18:25:18.208  1635  1775 I chatty  : uid=1000(system) ActivityManager expire 12 lines
04-21 18:25:30.134  1635  3046 I chatty  : uid=1000(system) Binder:1635_A expire 4 lines
04-21 18:25:37.301  2979 10216 D PowerUI : can't show warning due to - plugged: true status unknown: false
04-21 18:26:05.652  1635  3043 I chatty  : uid=1000(system) Binder:1635_7 expire 1 line
04-21 18:26:05.810  2979 11758 D PowerUI : can't show warning due to - plugged: true status unknown: false
04-21 18:26:59.448  2979 13347 D PowerUI : can't show warning due to - plugged: true status unknown: false
04-21 18:27:05.864  2979 16230 D PowerUI : can't show warning due to - plugged: true status unknown: false
04-21 18:28:05.808  2979  3511 D PowerUI : can't show warning due to - plugged: true status unknown: false
04-21 18:28:33.395  1635  1754 I chatty  : uid=1000(system) android.ui expire 1 line
04-21 18:28:33.410  2979  4359 D PowerUI : can't show warning due to - plugged: true status unknown: false
04-21 18:29:05.815  2979  6614 D PowerUI : can't show warning due to - plugged: true status unknown: false
04-21 18:30:05.821  2979  7147 D PowerUI : can't show warning due to - plugged: true status unknown: false
04-21 18:30:09.920  2979 10216 D PowerUI : can't show warning due to - plugged: true status unknown: false
04-21 18:30:10.029  2979 11758 D PowerUI : can't show warning due to - plugged: true status unknown: false
04-21 18:30:10.479  1635  1776 I chatty  : uid=1000(system) ActivityManager expire 10 lines
04-21 18:30:11.605  2979 13347 D PowerUI : can't show warning due to - plugged: true status unknown: false
04-21 18:30:21.234  1635  3048 I chatty  : uid=1000(system) Binder:1635_C expire 6 lines
04-21 18:31:05.829  2979 16230 D PowerUI : can't show warning due to - plugged: true status unknown: false
04-21 18:31:58.543  2979  3511 D PowerUI : can't show warning due to - plugged: true status unknown: false
04-21 18:32:05.820  2979  4359 D PowerUI : can't show warning due to - plugged: true status unknown: false
04-21 18:33:05.866  2979  6614 D PowerUI : can't show warning due to - plugged: true status unknown: false
04-21 18:33:53.230  1635  3044 I chatty  : uid=1000(system) Binder:1635_8 expire 2 lines
04-21 18:34:03.128  2979  7147 D PowerUI : can't show warning due to - plugged: true status unknown: false
04-21 18:34:05.816  2979 10216 D PowerUI : can't show warning due to - plugged: true status unknown: false
04-21 18:35:05.820  2979 11758 D PowerUI : can't show warning due to - plugged: true status unknown: false
04-21 18:35:35.331  2979 13347 D PowerUI : can't show warning due to - plugged: true status unknown: false
04-21 18:36:04.698  2979 16230 D PowerUI : can't show warning due to - plugged: true status unknown: false
04-21 18:36:50.583  1635  1776 I chatty  : uid=1000(system) ActivityManager expire 2 lines
04-21 18:37:05.912  2979  3511 D PowerUI : can't show warning due to - plugged: true status unknown: false
04-21 18:37:44.588  4561 13954 I AlwaysOnHotwordDetector: onDetected
04-21 18:38:05.821  2979  4359 D PowerUI : can't show warning due to - plugged: true status unknown: false
04-21 18:38:09.243  2979  6614 D PowerUI : can't show warning due to - plugged: true status unknown: false
04-21 18:39:05.799  2979  7147 D PowerUI : can't show warning due to - plugged: true status unknown: false
04-21 18:40:05.825  2979 10216 D PowerUI : can't show warning due to - plugged: true status unknown: false
04-21 18:40:23.894  2979 11758 D PowerUI : can't show warning due to - plugged: true status unknown: false
04-21 18:40:56.275  1635  3042 I chatty  : uid=1000(system) Binder:1635_6 expire 3 lines
04-21 18:40:58.943  1635  3105 I chatty  : uid=1000(system) HwBinder:1635_5 expire 1 line
04-21 18:40:58.969  1635  1775 I chatty  : uid=1000(system) ActivityManager expire 14 lines
04-21 18:40:58.988  1635  1790 I chatty  : uid=1000(system) batterystats-wo expire 2 lines
04-21 18:40:59.174  1635  2884 I chatty  : uid=1000(system) NetworkPolicy expire 21 lines
04-21 18:40:59.331  1635  1635 I chatty  : uid=1000 system_server expire 18 lines
04-21 18:40:59.459  1635  2891 I chatty  : uid=1000(system) ConnectivitySer expire 117 lines
04-21 18:41:06.125  1635 12414 I chatty  : uid=1000(system) Binder:1635_20 expire 9 lines
04-21 18:41:06.130  1635  3040 I chatty  : uid=1000(system) Binder:1635_5 expire 7 lines
04-21 18:41:06.587  1635 12312 I chatty  : uid=1000(system) Binder:1635_1F expire 6 lines
04-21 18:41:06.924  1635  3043 I chatty  : uid=1000(system) Binder:1635_7 expire 1 line
04-21 18:41:06.924  1635  1776 I chatty  : uid=1000(system) ActivityManager expire 13 lines
04-21 18:41:09.087  1635  1713 I chatty  : uid=1000(system) Binder:1635_2 expire 7 lines
04-21 18:41:09.135  1635  8900 I chatty  : uid=1000(system) Binder:1635_19 expire 6 lines
04-21 18:41:10.143  1635  2958 I chatty  : uid=1000(system) SyncManager expire 2 lines
04-21 18:41:10.511  1635  3048 I chatty  : uid=1000(system) Binder:1635_C expire 8 lines
04-21 18:41:10.512  1635 11490 I chatty  : uid=1000(system) Binder:1635_1D expire 1 line
04-21 18:43:34.096  1635  3038 I chatty  : uid=1000(system) Binder:1635_4 expire 8 lines
04-21 18:44:42.005  1635  4930 I chatty  : uid=1000(system) Binder:1635_14 expire 3 lines
04-21 18:45:18.671  1635  8781 I chatty  : uid=1000(system) Binder:1635_18 expire 5 lines
04-21 18:45:43.651  1635  1756 I chatty  : uid=1000(system) android.display expire 2 lines
04-21 18:45:43.817  1635 21074 I chatty  : uid=1000 system_server expire 1 line
04-21 18:45:49.122  1635  9377 I chatty  : uid=1000(system) Binder:1635_1B expire 2 lines
04-21 18:45:50.464  1635  9801 I chatty  : uid=1000(system) Binder:1635_1C expire 2 lines
04-21 18:45:52.018  1635  3044 I chatty  : uid=1000(system) Binder:1635_8 expire 4 lines
04-21 18:45:52.102  1635  1752 I chatty  : uid=1000(system) android.fg expire 3 lines
04-21 18:46:05.805  1635  3046 I chatty  : uid=1000(system) Binder:1635_A expire 3 lines
04-21 18:46:06.817  1635  1754 I chatty  : uid=1000(system) android.ui expire 1 line
04-21 18:46:07.187 21565 21602 D ScreenshotSmartActions: Screenshot from user profile: 0
04-21 18:46:07.997  1635  4613 I chatty  : uid=1000(system) Binder:1635_F expire 1 line
04-21 18:46:08.036  1635  2891 I chatty  : uid=1000(system) ConnectivitySer expire 10 lines
04-21 18:46:08.275 21565 21602 D ScreenshotSmartActions: Got 0 smart actions. Wait time: 0 ms
04-21 18:46:14.119  1635  1775 I chatty  : uid=1000(system) ActivityManager expire 2 lines
04-21 18:46:15.995  1635  2884 I chatty  : uid=1000(system) NetworkPolicy expire 3 lines
04-21 18:46:21.688  1635  1635 I chatty  : uid=1000 system_server expire 1 line
04-21 18:46:21.689  1635  1776 I chatty  : uid=1000(system) ActivityManager expire 11 lines
04-21 18:46:29.665  1635  2884 I chatty  : uid=1000(system) NetworkPolicy expire 18 lines
04-21 18:46:32.233  1635  2891 I chatty  : uid=1000(system) ConnectivitySer expire 106 lines
04-21 18:46:53.394  1635  1775 I chatty  : uid=1000(system) ActivityManager expire 10 lines
04-21 18:47:15.906  1635  4613 I chatty  : uid=1000(system) Binder:1635_F expire 12 lines
04-21 18:47:27.714  1635  1635 I chatty  : uid=1000 system_server expire 12 lines
04-21 18:48:17.274  1635  9801 I chatty  : uid=1000(system) Binder:1635_1C expire 18 lines
04-21 18:48:20.370  1635 12312 I chatty  : uid=1000(system) Binder:1635_1F expire 9 lines
04-21 18:48:26.130  1635  3040 I chatty  : uid=1000(system) Binder:1635_5 expire 3 lines
04-21 18:48:28.094  1635  1754 I chatty  : uid=1000(system) android.ui expire 5 lines
04-21 18:48:34.583  1635  1752 I chatty  : uid=1000(system) android.fg expire 7 lines
04-21 18:48:41.226  1635  8781 I chatty  : uid=1000(system) Binder:1635_18 expire 1 line
04-21 18:48:45.838  1635  3044 I chatty  : uid=1000(system) Binder:1635_8 expire 15 lines
04-21 18:48:47.305  1635  3046 I chatty  : uid=1000(system) Binder:1635_A expire 3 lines
04-21 18:49:34.995  1635  1756 I chatty  : uid=1000(system) android.display expire 14 lines
04-21 18:49:46.557  1635  1775 I chatty  : uid=1000(system) ActivityManager expire 8 lines
04-21 18:49:48.476  1635  2891 I chatty  : uid=1000(system) ConnectivitySer expire 228 lines
04-21 18:49:49.071  1635  2884 I chatty  : uid=1000(system) NetworkPolicy expire 16 lines
04-21 18:50:38.099  1635  3040 I chatty  : uid=1000(system) Binder:1635_5 expire 13 lines
04-21 18:50:42.126  1635  4613 I chatty  : uid=1000(system) Binder:1635_F expire 4 lines
04-21 18:50:42.135  1635 12312 I chatty  : uid=1000(system) Binder:1635_1F expire 9 lines
04-21 18:53:18.826  1635  4599 I chatty  : uid=1000(system) Binder:1635_D expire 5 lines
04-21 18:55:56.122  1635  9801 I chatty  : uid=1000(system) Binder:1635_1C expire 2 lines
04-21 18:57:25.045  1635  1755 I chatty  : uid=1000(system) android.io expire 2 lines
04-21 18:57:27.592  1635  1771 I chatty  : uid=1000(system) android.bg expire 1 line
04-21 18:59:55.141  1635 12414 I chatty  : uid=1000(system) Binder:1635_20 expire 3 lines
04-21 19:00:12.076  1635  8781 I chatty  : uid=1000(system) Binder:1635_18 expire 1 line
04-21 19:01:07.541  1635  6941 I chatty  : uid=1000(system) Binder:1635_16 expire 2 lines
04-21 19:01:08.266 22734 22734 W ViewRootImpl[UnityPlayerActivity]: Cancelling event due to no window focus: KeyEvent { action=ACTION_UP, keyCode=KEYCODE_BACK, scanCode=0, metaState=0, flags=0x68, repeatCount=0, eventTime=21909171, downTime=21908439, deviceId=-1, source=0x101, displayId=0 }
04-21 19:01:08.266 22734 22734 I chatty  : uid=10332(com.ninjakiwi.bloonstd6) identical 1 line
04-21 19:01:08.266 22734 22734 W ViewRootImpl[UnityPlayerActivity]: Cancelling event due to no window focus: KeyEvent { action=ACTION_UP, keyCode=KEYCODE_BACK, scanCode=0, metaState=0, flags=0x68, repeatCount=0, eventTime=21909171, downTime=21908439, deviceId=-1, source=0x101, displayId=0 }
04-21 19:01:10.188  1635  1713 I chatty  : uid=1000(system) Binder:1635_2 expire 1 line
04-21 19:01:10.189  1635  4623 I chatty  : uid=1000(system) Binder:1635_11 expire 1 line
04-21 19:01:10.189  1635  2891 I chatty  : uid=1000(system) ConnectivitySer expire 59 lines
04-21 19:01:10.243  1635  3040 I chatty  : uid=1000(system) Binder:1635_5 expire 1 line
04-21 19:01:10.243  1635  4614 I chatty  : uid=1000(system) Binder:1635_10 expire 1 line
04-21 19:01:10.289  1635 11678 I chatty  : uid=1000(system) Binder:1635_1E expire 1 line
04-21 19:01:10.291  1635 11490 I chatty  : uid=1000(system) Binder:1635_1D expire 3 lines
04-21 19:01:10.291  1635  4630 I chatty  : uid=1000(system) Binder:1635_13 expire 1 line
04-21 19:01:10.588  1635  5549 I chatty  : uid=1000(system) Binder:1635_15 expire 2 lines
04-21 19:01:48.634  1635  2884 I chatty  : uid=1000(system) NetworkPolicy expire 1 line
04-21 19:01:48.669  1635  3043 I chatty  : uid=1000(system) Binder:1635_7 expire 3 lines
04-21 19:02:41.706  1635  3047 I chatty  : uid=1000(system) Binder:1635_B expire 7 lines
04-21 19:02:41.744  1635  2881 I chatty  : uid=1000(system) Binder:1635_3 expire 5 lines
04-21 19:03:12.058  1635  9377 I chatty  : uid=1000(system) Binder:1635_1B expire 4 lines
04-21 19:03:56.258  1635  1635 I chatty  : uid=1000 system_server expire 2 lines
04-21 19:03:56.260  4561  4594 I AlwaysOnHotwordDetector: onDetected
04-21 19:03:57.513  1635  2891 I chatty  : uid=1000(system) ConnectivitySer expire 123 lines
04-21 19:03:57.987  1635  1712 I chatty  : uid=1000(system) Binder:1635_1 expire 2 lines
04-21 19:04:12.078  1635  9190 I chatty  : uid=1000(system) Binder:1635_1A expire 4 lines
04-21 19:04:58.068  1635  1756 I chatty  : uid=1000(system) android.display expire 1 line
04-21 19:04:58.094  1635  1776 I chatty  : uid=1000(system) ActivityManager expire 7 lines
04-21 19:04:58.986  1635  1790 I chatty  : uid=1000(system) batterystats-wo expire 1 line
04-21 19:05:52.264  1635  1754 I chatty  : uid=1000(system) android.ui expire 1 line
04-21 19:07:59.152  1635  1752 I chatty  : uid=1000(system) android.fg expire 2 lines
04-21 19:09:50.702  1635  1862 I chatty  : uid=1000(system) PowerManagerSer expire 15 lines
04-21 19:09:52.018  1635  2891 I chatty  : uid=1000(system) ConnectivitySer expire 20 lines
04-21 19:09:57.707  1635  1635 I chatty  : uid=1000 system_server expire 18 lines
04-21 19:09:57.736  1635  2881 I chatty  : uid=1000(system) Binder:1635_3 expire 7 lines
04-21 19:09:58.306  1635  1756 I chatty  : uid=1000(system) android.display expire 4 lines
04-21 19:09:58.481  1635  1752 I chatty  : uid=1000(system) android.fg expire 4 lines
04-21 19:09:58.564  1635  4614 I chatty  : uid=1000(system) Binder:1635_10 expire 10 lines
04-21 19:09:58.734  1635  4612 I chatty  : uid=1000(system) Binder:1635_E expire 7 lines
04-21 19:09:58.845  1635  3048 I chatty  : uid=1000(system) Binder:1635_C expire 5 lines
04-21 19:12:24.261  1635  1790 I chatty  : uid=1000(system) batterystats-wo expire 8 lines
04-21 19:12:58.935  1635  1776 I chatty  : uid=1000(system) ActivityManager expire 8 lines
04-21 19:14:21.252  1635  3047 I chatty  : uid=1000(system) Binder:1635_B expire 9 lines
04-21 19:18:31.101  1635  9377 I chatty  : uid=1000(system) Binder:1635_1B expire 13 lines
04-21 19:18:32.866  1635  3043 I chatty  : uid=1000(system) Binder:1635_7 expire 7 lines
04-21 19:18:33.162  1635  3040 I chatty  : uid=1000(system) Binder:1635_5 expire 1 line
04-21 19:18:35.072  1635  9190 I chatty  : uid=1000(system) Binder:1635_1A expire 1 line
04-21 19:18:35.201  1635  1775 I chatty  : uid=1000(system) ActivityManager expire 22 lines
04-21 19:18:35.477  1635  5549 I chatty  : uid=1000(system) Binder:1635_15 expire 1 line
04-21 19:18:35.533  1635  3045 I chatty  : uid=1000(system) Binder:1635_9 expire 3 lines
04-21 19:18:37.024  1635  1754 I chatty  : uid=1000(system) android.ui expire 1 line
04-21 19:18:37.209  1635  3038 I chatty  : uid=1000(system) Binder:1635_4 expire 1 line
04-21 19:18:37.245  1635  8900 I chatty  : uid=1000(system) Binder:1635_19 expire 5 lines
04-21 19:18:40.427  1635  4630 I chatty  : uid=1000(system) Binder:1635_13 expire 2 lines
04-21 19:19:00.334  1635  9801 I chatty  : uid=1000(system) Binder:1635_1C expire 1 line
04-21 19:19:02.665  4561  4594 I AlwaysOnHotwordDetector: onDetected
04-21 19:19:03.107  1635  2891 I chatty  : uid=1000(system) ConnectivitySer expire 26 lines
04-21 19:19:36.518  1635 11678 I chatty  : uid=1000(system) Binder:1635_1E expire 6 lines
04-21 19:19:38.028  1635  1712 I chatty  : uid=1000(system) Binder:1635_1 expire 4 lines
04-21 19:19:38.097  1635  4614 I chatty  : uid=1000(system) Binder:1635_10 expire 4 lines
04-21 19:19:41.099  1635  2884 I chatty  : uid=1000(system) NetworkPolicy expire 2 lines
04-21 19:19:41.267 23143 23897 W ContextImpl: Calling a method in the system process without a qualified user: android.app.ContextImpl.bindService:1748 android.content.ContextWrapper.bindService:756 com.android.wifitrackerlib.WsuServiceClient.lambda$bindWsuService$3:401 com.android.wifitrackerlib.WsuServiceClient.lambda$bindWsuService$3$WsuServiceClient:0 com.android.wifitrackerlib.-$$Lambda$WsuServiceClient$fnGZLqrUaGsrtQj3756IpFB2Ux4.run:2 
04-21 19:19:41.683  1635  2891 I chatty  : uid=1000(system) ConnectivitySer expire 6 lines
04-21 19:19:51.238  1635  9377 I chatty  : uid=1000(system) Binder:1635_1B expire 1 line
04-21 19:19:51.516  1635  2888 I chatty  : uid=1000(system) WifiP2pService expire 2 lines
04-21 19:19:52.739  1635  4614 I chatty  : uid=1000(system) Binder:1635_10 expire 16 lines
04-21 19:19:53.242  1635  3045 I chatty  : uid=1000(system) Binder:1635_9 expire 9 lines
04-21 19:19:53.250  1635  2891 I chatty  : uid=1000(system) ConnectivitySer expire 26 lines
04-21 19:19:53.350 23143 23897 W ContextImpl: Calling a method in the system process without a qualified user: android.app.ContextImpl.bindService:1748 android.content.ContextWrapper.bindService:756 com.android.wifitrackerlib.WsuServiceClient.lambda$bindWsuService$3:401 com.android.wifitrackerlib.WsuServiceClient.lambda$bindWsuService$3$WsuServiceClient:0 com.android.wifitrackerlib.-$$Lambda$WsuServiceClient$fnGZLqrUaGsrtQj3756IpFB2Ux4.run:2 
04-21 19:19:55.716  1635  9377 I chatty  : uid=1000(system) Binder:1635_1B expire 9 lines
04-21 19:20:03.800  1635  1635 I chatty  : uid=1000 system_server expire 5 lines
04-21 19:20:03.800  1635  1776 I chatty  : uid=1000(system) ActivityManager expire 15 lines
04-21 19:20:04.894  1635  3043 I chatty  : uid=1000(system) Binder:1635_7 expire 12 lines
04-21 19:20:15.824  1635  1754 I chatty  : uid=1000(system) android.ui expire 2 lines
04-21 19:20:33.429  4561  4594 I AlwaysOnHotwordDetector: onDetected
04-21 19:20:33.945  1635  2891 I chatty  : uid=1000(system) ConnectivitySer expire 20 lines
04-21 19:20:36.279  1635  2884 I chatty  : uid=1000(system) NetworkPolicy expire 4 lines
04-21 19:20:36.435 23143 24127 W ContextImpl: Calling a method in the system process without a qualified user: android.app.ContextImpl.bindService:1748 android.content.ContextWrapper.bindService:756 com.android.wifitrackerlib.WsuServiceClient.lambda$bindWsuService$3:401 com.android.wifitrackerlib.WsuServiceClient.lambda$bindWsuService$3$WsuServiceClient:0 com.android.wifitrackerlib.-$$Lambda$WsuServiceClient$fnGZLqrUaGsrtQj3756IpFB2Ux4.run:2 
04-21 19:20:53.637  1635 11490 I chatty  : uid=1000(system) Binder:1635_1D expire 11 lines
04-21 19:20:55.172  1635  1713 I chatty  : uid=1000(system) Binder:1635_2 expire 5 lines
04-21 19:20:56.825  1635  2881 I chatty  : uid=1000(system) Binder:1635_3 expire 13 lines
04-21 19:20:58.744  2979  2979 V DeadZone: consuming errant click: (1018.0,7.0)
04-21 19:20:58.745  2979  2979 V DeadZone: consuming errant click: (1018.0,7.0)
04-21 19:21:01.070  1635  2891 I chatty  : uid=1000(system) ConnectivitySer expire 26 lines
04-21 19:21:02.726  1635  4614 I chatty  : uid=1000(system) Binder:1635_10 expire 3 lines
04-21 19:21:03.226  1635  1776 I chatty  : uid=1000(system) ActivityManager expire 7 lines
04-21 19:21:10.838  1635  1790 I chatty  : uid=1000(system) batterystats-wo expire 5 lines
04-21 19:21:24.200  1635  1756 I chatty  : uid=1000(system) android.display expire 8 lines
04-21 19:21:24.252  1635  1712 I chatty  : uid=1000(system) Binder:1635_1 expire 2 lines
04-21 19:21:24.314  1635  5549 I chatty  : uid=1000(system) Binder:1635_15 expire 2 lines
04-21 19:21:24.314  1635  3038 I chatty  : uid=1000(system) Binder:1635_4 expire 7 lines
04-21 19:21:24.314  1635  3047 I chatty  : uid=1000(system) Binder:1635_B expire 1 line
04-21 19:21:24.315  1635 11678 I chatty  : uid=1000(system) Binder:1635_1E expire 1 line
04-21 19:21:24.706  1635  4623 I chatty  : uid=1000(system) Binder:1635_11 expire 4 lines
04-21 19:21:25.848  1635  9190 I chatty  : uid=1000(system) Binder:1635_1A expire 2 lines
04-21 19:21:46.473  1635  1752 I chatty  : uid=1000(system) android.fg expire 2 lines
04-21 19:21:50.318  1635  3048 I chatty  : uid=1000(system) Binder:1635_C expire 2 lines
04-21 19:21:51.187  4561  4594 I AlwaysOnHotwordDetector: onDetected
04-21 19:21:52.418  1635  2891 I chatty  : uid=1000(system) ConnectivitySer expire 14 lines
04-21 19:22:34.094  1635  1755 I chatty  : uid=1000(system) android.io expire 1 line
04-21 19:22:34.107  1635  1775 I chatty  : uid=1000(system) ActivityManager expire 9 lines
04-21 19:22:34.117  2979 16230 D PowerUI : can't show warning due to - plugged: true status unknown: false
04-21 19:22:34.287  1635  3105 I chatty  : uid=1000(system) HwBinder:1635_5 expire 3 lines
04-21 19:22:34.316  2979  3511 D PowerUI : can't show warning due to - plugged: true status unknown: false
04-21 19:22:34.479  1635  1776 I chatty  : uid=1000(system) ActivityManager expire 18 lines
04-21 19:22:34.537  1635  1635 I chatty  : uid=1000 system_server expire 10 lines
04-21 19:22:34.544  1635  2884 I chatty  : uid=1000(system) NetworkPolicy expire 9 lines
04-21 19:22:34.664  2979  4359 D PowerUI : can't show warning due to - plugged: true status unknown: false
04-21 19:22:34.696  1635  3040 I chatty  : uid=1000(system) Binder:1635_5 expire 13 lines
04-21 19:22:34.701  1635  3048 I chatty  : uid=1000(system) Binder:1635_C expire 4 lines
04-21 19:22:34.790  2979  6614 D PowerUI : can't show warning due to - plugged: true status unknown: false
04-21 19:22:34.923  1635  2891 I chatty  : uid=1000(system) ConnectivitySer expire 20 lines
04-21 19:22:35.086  1635  8781 I chatty  : uid=1000(system) Binder:1635_18 expire 2 lines
04-21 19:22:35.266  2979  7147 D PowerUI : can't show warning due to - plugged: true status unknown: false
04-21 19:22:35.634  1635  2881 I chatty  : uid=1000(system) Binder:1635_3 expire 1 line
04-21 19:22:35.795  1635  3043 I chatty  : uid=1000(system) Binder:1635_7 expire 6 lines
04-21 19:22:36.066 24845 24845 E ActivityThread: Failed to find provider info for com.samsung.android.mdx.windowslink.Tile.Provider
04-21 19:22:36.151 24845 24945 E ActivityThread: Failed to find provider info for com.microsoft.yourphonecompanion.contentprovider.featureoverride
04-21 19:22:36.242 24845 24945 E ActivityThread: Failed to find provider info for com.microsoft.yourphonecompanion.contentprovider.featureoverride
04-21 19:22:36.565  1635  1752 I chatty  : uid=1000(system) android.fg expire 5 lines
04-21 19:22:37.831  1635  4623 I chatty  : uid=1000(system) Binder:1635_11 expire 3 lines
04-21 19:22:37.836  1635 11678 I chatty  : uid=1000(system) Binder:1635_1E expire 11 lines
04-21 19:22:38.164  1635  8900 I chatty  : uid=1000(system) Binder:1635_19 expire 10 lines
04-21 19:22:38.331  1635  1775 I chatty  : uid=1000(system) ActivityManager expire 10 lines
04-21 19:22:38.368  1635  3038 I chatty  : uid=1000(system) Binder:1635_4 expire 6 lines
04-21 19:22:49.430  1635  3776 I chatty  : uid=1000(system) AdbDebuggingMan expire 4 lines
04-21 19:22:50.460  2979 10216 D PowerUI : can't show warning due to - plugged: true status unknown: false
04-21 19:22:52.999  1635  2891 I chatty  : uid=1000(system) ConnectivitySer expire 88 lines
04-21 19:22:56.356  1635  3040 I chatty  : uid=1000(system) Binder:1635_5 expire 3 lines
04-21 19:22:56.371  1635  8900 I chatty  : uid=1000(system) Binder:1635_19 expire 2 lines
04-21 19:23:01.809  1635  3042 I chatty  : uid=1000(system) Binder:1635_6 expire 1 line
04-21 19:23:32.428  1635  1790 I chatty  : uid=1000(system) batterystats-wo expire 1 line
04-21 19:23:32.530  1635  1712 I chatty  : uid=1000(system) Binder:1635_1 expire 2 lines
04-21 19:23:32.614  1635  1756 I chatty  : uid=1000(system) android.display expire 2 lines
04-21 19:23:33.341  1635  8772 I chatty  : uid=1000(system) Binder:1635_17 expire 4 lines
04-21 19:23:33.343  1635  3044 I chatty  : uid=1000(system) Binder:1635_8 expire 1 line
04-21 19:23:33.356  1635  9377 I chatty  : uid=1000(system) Binder:1635_1B expire 3 lines
04-21 19:23:40.628  1635  1754 I chatty  : uid=1000(system) android.ui expire 1 line
04-21 19:23:43.356  1635  3047 I chatty  : uid=1000(system) Binder:1635_B expire 6 lines
04-21 19:24:27.522  1635  1713 I chatty  : uid=1000(system) Binder:1635_2 expire 3 lines
04-21 19:24:28.706  1635  3045 I chatty  : uid=1000(system) Binder:1635_9 expire 2 lines
04-21 19:25:41.652  1635  1771 I chatty  : uid=1000(system) android.bg expire 1 line
04-21 19:27:00.300  4561  4594 I AlwaysOnHotwordDetector: onDetected
04-21 19:27:01.643  1635  2891 I chatty  : uid=1000(system) ConnectivitySer expire 22 lines
04-21 19:28:03.788  4561  4594 I AlwaysOnHotwordDetector: onDetected
04-21 19:28:05.451  1635  2891 I chatty  : uid=1000(system) ConnectivitySer expire 12 lines
04-21 19:28:33.635  1635  1862 I chatty  : uid=1000(system) PowerManagerSer expire 2 lines
04-21 19:28:40.648  1635  9190 I chatty  : uid=1000(system) Binder:1635_1A expire 2 lines
04-21 19:28:40.651  1635  1635 I chatty  : uid=1000 system_server expire 24 lines
04-21 19:28:40.690  1635  1862 I chatty  : uid=1000(system) PowerManagerSer expire 13 lines
04-21 19:28:41.137  1635  1790 I chatty  : uid=1000(system) batterystats-wo expire 8 lines
04-21 19:28:41.173  1635  1756 I chatty  : uid=1000(system) android.display expire 5 lines
04-21 19:28:41.234  1635 11490 I chatty  : uid=1000(system) Binder:1635_1D expire 11 lines
04-21 19:28:41.348  1635  1752 I chatty  : uid=1000(system) android.fg expire 9 lines
04-21 19:28:41.541  1635  4599 I chatty  : uid=1000(system) Binder:1635_D expire 4 lines
04-21 19:28:41.605  1635  3042 I chatty  : uid=1000(system) Binder:1635_6 expire 8 lines
04-21 19:28:41.692  1635  9801 I chatty  : uid=1000(system) Binder:1635_1C expire 7 lines
04-21 19:29:04.682  1635 12312 I chatty  : uid=1000(system) Binder:1635_1F expire 6 lines
04-21 19:29:55.633  4561  4594 I AlwaysOnHotwordDetector: onDetected
04-21 19:31:42.815  1635  2884 I chatty  : uid=1000(system) NetworkPolicy expire 8 lines
04-21 19:31:53.417  1635  1771 I chatty  : uid=1000(system) android.bg expire 6 lines
04-21 19:33:07.164  1635  1776 I chatty  : uid=1000(system) ActivityManager expire 17 lines
04-21 19:37:28.225  4561  8436 I AlwaysOnHotwordDetector: onDetected
04-21 19:39:59.628  1635  1775 I chatty  : uid=1000(system) ActivityManager expire 52 lines
04-21 19:39:59.695  1635  2891 I chatty  : uid=1000(system) ConnectivitySer expire 16 lines
04-21 19:40:12.727  1635  1878 I chatty  : uid=1000(system) PackageManager expire 3 lines
04-21 19:40:14.691  1635  3047 I chatty  : uid=1000(system) Binder:1635_B expire 1 line
04-21 19:40:14.872  1635  1712 I chatty  : uid=1000(system) Binder:1635_1 expire 1 line
04-21 19:40:17.237  1635  3040 I chatty  : uid=1000(system) Binder:1635_5 expire 3 lines
04-21 19:40:34.202  1635 11678 I chatty  : uid=1000(system) Binder:1635_1E expire 1 line
04-21 19:40:35.905  1635  2893 I chatty  : uid=1000(system) NsdService expire 9 lines
04-21 19:40:40.640  1635 11678 I chatty  : uid=1000(system) Binder:1635_1E expire 31 lines
04-21 19:40:40.640  1635  1776 I chatty  : uid=1000(system) ActivityManager expire 10 lines
04-21 19:40:41.013  1635  1635 I chatty  : uid=1000 system_server expire 28 lines
04-21 19:40:41.061  1635  4599 I chatty  : uid=1000(system) Binder:1635_D expire 3 lines
04-21 19:40:41.182  1635  1712 I chatty  : uid=1000(system) Binder:1635_1 expire 8 lines
04-21 19:40:41.209  1635 27680 I chatty  : uid=1000 system_server expire 32 lines
04-21 19:40:41.209  3296  3296 I TelecomFramework: TelephonyConnectionService: notifyCreateConnectionComplete TC@1_1: (...->CSW.hCCC)->CS.crCoC->H.CS.crCoC(cap/cast)@E-E-E-AyI
04-21 19:40:41.265  1635 27681 I chatty  : uid=1000 system_server expire 1 line
04-21 19:40:41.940  1635  2891 I chatty  : uid=1000(system) ConnectivitySer expire 5 lines
04-21 19:40:42.721  1635  1775 I chatty  : uid=1000(system) ActivityManager expire 15 lines
04-21 19:40:42.888  1635 12312 I chatty  : uid=1000(system) Binder:1635_1F expire 3 lines
04-21 19:40:42.957  1635  3469 I chatty  : uid=1000(system) uteStateMachine expire 23 lines
04-21 19:40:42.960  1635  3471 I chatty  : uid=1000(system) CallAudioModeSt expire 12 lines
04-21 19:40:43.075  3296  3296 I TelecomFramework: TelephonyConnectionService: onAudioStateChanged TC@1_1 [AudioState isMuted: false, route: EARPIECE, supportedRouteMask: EARPIECE, SPEAKER, activeBluetoothDevice: [null], supportedBluetoothDevices: []]: (NCSSF.sC->ICFG.sF->ICFG.sF->ICFG.sF->CARSM.pM_UPDATE_SYSTEM_AUDIO_ROUTE)->CS.cASC->H.CS.cASC(cast)@E-AyY
04-21 19:40:43.141  3296  3296 I TelecomFramework: TelephonyConnectionService: onAudioStateChanged TC@1_1 [AudioState isMuted: false, route: EARPIECE, supportedRouteMask: EARPIECE, SPEAKER, activeBluetoothDevice: [null], supportedBluetoothDevices: []]: (NCSSF.sC->ICFG.sF->ICFG.sF->ICFG.sF->CAMSM.pM_2002->CARSM.pM_SWITCH_FOCUS)->CS.cASC->H.CS.cASC(cast)@E-AyY
04-21 19:40:43.144  1635  1752 I chatty  : uid=1000(system) android.fg expire 2 lines
04-21 19:40:43.210  1635  3472 I chatty  : uid=1000(system) ConnectionSvrFo expire 8 lines
04-21 19:40:43.211  3296  3296 I TelecomFramework: TelephonyConnectionService: answer TC@1_1: (ICA.aC->CSFM.rF)->CS.an->H.CS.an(cgad/cast)@E-A0A
04-21 19:40:43.229  1635  9801 I chatty  : uid=1000(system) Binder:1635_1C expire 1 line
04-21 19:40:43.251  1635  3045 I chatty  : uid=1000(system) Binder:1635_9 expire 1 line
04-21 19:40:43.363  4561  8436 I AlwaysOnHotwordDetector: onRecognitionPaused
04-21 19:40:43.793  1058  1058 I vendor.google.wifi_ext@1.0-service-vendor: Wifi: Setting SAR Scenario to 2
04-21 19:40:43.903  1635  1713 I chatty  : uid=1000(system) Binder:1635_2 expire 1 line
04-21 19:40:44.112  3296  3296 I TelecomFramework: TelephonyConnectionService: onAudioStateChanged TC@1_1 [AudioState isMuted: true, route: EARPIECE, supportedRouteMask: EARPIECE, SPEAKER, activeBluetoothDevice: [null], supportedBluetoothDevices: []]: (CARSM.mCR->CARSM.pM_MUTE_EXTERNALLY_CHANGED)->CS.cASC->H.CS.cASC(cast)@E-A34
04-21 19:40:44.534  1635  2884 I chatty  : uid=1000(system) NetworkPolicy expire 1 line
04-21 19:40:45.808  1635  3047 I chatty  : uid=1000(system) Binder:1635_B expire 3 lines
04-21 19:40:46.656  1635  4930 I chatty  : uid=1000(system) Binder:1635_14 expire 2 lines
04-21 19:40:47.077  1635  3040 I chatty  : uid=1000(system) Binder:1635_5 expire 16 lines
04-21 19:40:50.793  1635  1776 I chatty  : uid=1000(system) ActivityManager expire 7 lines
04-21 19:40:50.802  1635  1775 I chatty  : uid=1000(system) ActivityManager expire 11 lines
04-21 19:40:50.808  1635  3469 I chatty  : uid=1000(system) uteStateMachine expire 18 lines
04-21 19:40:50.810  1058  1058 I vendor.google.wifi_ext@1.0-service-vendor: Wifi: Reseting SAR Scenario to default
04-21 19:40:50.811  1635  3471 I chatty  : uid=1000(system) CallAudioModeSt expire 6 lines
04-21 19:40:50.844  1635  3467 I chatty  : uid=1000(system) BluetoothRouteM expire 1 line
04-21 19:40:50.844  1635 11678 I chatty  : uid=1000(system) Binder:1635_1E expire 5 lines
04-21 19:40:50.844  1635 28154 I chatty  : uid=1000 system_server expire 1 line
04-21 19:40:50.861  1635  1635 I chatty  : uid=1000 system_server expire 22 lines
04-21 19:40:50.983  1635  2891 I chatty  : uid=1000(system) ConnectivitySer expire 32 lines
04-21 19:40:51.965  4561  8436 I AlwaysOnHotwordDetector: onRecognitionResumed
04-21 19:40:52.895  1635  3045 I chatty  : uid=1000(system) Binder:1635_9 expire 9 lines
04-21 19:40:53.016  1635  1712 I chatty  : uid=1000(system) Binder:1635_1 expire 8 lines
04-21 19:40:53.016  1635  4599 I chatty  : uid=1000(system) Binder:1635_D expire 2 lines
04-21 19:41:04.971  1635  3048 I chatty  : uid=1000(system) Binder:1635_C expire 3 lines
04-21 19:41:10.633  1635  4613 I chatty  : uid=1000(system) Binder:1635_F expire 2 lines
04-21 19:41:10.695  1635  8900 I chatty  : uid=1000(system) Binder:1635_19 expire 1 line
04-21 19:41:10.697  1635  4630 I chatty  : uid=1000(system) Binder:1635_13 expire 6 lines
04-21 19:41:12.694  1635  8781 I chatty  : uid=1000(system) Binder:1635_18 expire 2 lines
04-21 19:41:17.763  1635  3044 I chatty  : uid=1000(system) Binder:1635_8 expire 4 lines
04-21 19:41:17.772  1635  6941 I chatty  : uid=1000(system) Binder:1635_16 expire 5 lines
04-21 19:41:23.642  1635  4623 I chatty  : uid=1000(system) Binder:1635_11 expire 7 lines
04-21 19:42:04.255  4561  8436 I AlwaysOnHotwordDetector: onDetected
04-21 19:42:06.638  1635  2891 I chatty  : uid=1000(system) ConnectivitySer expire 99 lines
04-21 19:42:10.656  1635  1635 I chatty  : uid=1000 system_server expire 7 lines
04-21 19:42:30.853  1635  9190 I chatty  : uid=1000(system) Binder:1635_1A expire 4 lines
04-21 19:42:37.179  1635  2884 I chatty  : uid=1000(system) NetworkPolicy expire 4 lines
04-21 19:46:53.620  1635  1862 I chatty  : uid=1000(system) PowerManagerSer expire 10 lines
04-21 19:47:01.153  1635  1775 I chatty  : uid=1000(system) ActivityManager expire 6 lines
04-21 19:47:01.172  1635  1756 I chatty  : uid=1000(system) android.display expire 3 lines
04-21 19:47:01.356  1635  1752 I chatty  : uid=1000(system) android.fg expire 3 lines
04-21 19:47:01.395  1635  2893 I chatty  : uid=1000(system) NsdService expire 2 lines
04-21 19:52:30.682  1635  1752 I chatty  : uid=1000(system) android.fg expire 3 lines
04-21 19:52:30.689  1635 11678 I chatty  : uid=1000(system) Binder:1635_1E expire 13 lines
04-21 19:52:30.701  1635  1862 I chatty  : uid=1000(system) PowerManagerSer expire 22 lines
04-21 19:52:30.701  1635  1712 I chatty  : uid=1000(system) Binder:1635_1 expire 4 lines
04-21 19:52:30.734  1635  3044 I chatty  : uid=1000(system) Binder:1635_8 expire 11 lines
04-21 19:52:30.766  1635  1756 I chatty  : uid=1000(system) android.display expire 4 lines
04-21 19:52:30.792  1635  3048 I chatty  : uid=1000(system) Binder:1635_C expire 5 lines
04-21 19:52:30.965  1635  2891 I chatty  : uid=1000(system) ConnectivitySer expire 37 lines
04-21 19:52:31.071  1635  1775 I chatty  : uid=1000(system) ActivityManager expire 5 lines
04-21 19:52:31.253  1635  3045 I chatty  : uid=1000(system) Binder:1635_9 expire 6 lines
04-21 19:52:31.253  1635  1635 I chatty  : uid=1000 system_server expire 28 lines
04-21 19:52:32.782  1635  3469 I chatty  : uid=1000(system) uteStateMachine expire 12 lines
04-21 19:52:33.891  1635  9190 I chatty  : uid=1000(system) Binder:1635_1A expire 5 lines
04-21 19:52:38.336  1635  4623 I chatty  : uid=1000(system) Binder:1635_11 expire 3 lines
04-21 19:52:54.638  1635  2884 I chatty  : uid=1000(system) NetworkPolicy expire 10 lines
04-21 19:54:18.070  4561  4594 I AlwaysOnHotwordDetector: onDetected
04-21 19:54:19.497  1635  2891 I chatty  : uid=1000(system) ConnectivitySer expire 52 lines
04-21 19:55:05.147  1635  1776 I chatty  : uid=1000(system) ActivityManager expire 6 lines
04-21 19:55:12.868  1635  6941 I chatty  : uid=1000(system) Binder:1635_16 expire 5 lines
04-21 19:55:46.968  1635  1771 I chatty  : uid=1000(system) android.bg expire 5 lines
04-21 19:56:48.907  1635  4630 I chatty  : uid=1000(system) Binder:1635_13 expire 9 lines
04-21 19:56:48.972  1635 11490 I chatty  : uid=1000(system) Binder:1635_1D expire 1 line
04-21 19:57:38.230  1635  1754 I chatty  : uid=1000(system) android.ui expire 1 line
04-21 19:57:39.511  4561  8436 I AlwaysOnHotwordDetector: onDetected
04-21 19:57:40.916  1635 11678 I chatty  : uid=1000(system) Binder:1635_1E expire 3 lines
04-21 20:01:10.489  1635  1635 I chatty  : uid=1000 system_server expire 3 lines
04-21 20:01:10.491  4561  8436 I AlwaysOnHotwordDetector: onDetected
04-21 20:05:22.887  4561  8436 I AlwaysOnHotwordDetector: onDetected
04-21 20:05:56.631  1635  2891 I chatty  : uid=1000(system) ConnectivitySer expire 4 lines
04-21 20:05:57.481  1635  4614 I chatty  : uid=1000(system) Binder:1635_10 expire 1 line
04-21 20:05:57.482  1635  8781 I chatty  : uid=1000(system) Binder:1635_18 expire 1 line
04-21 20:05:57.483  1635  4630 I chatty  : uid=1000(system) Binder:1635_13 expire 7 lines
04-21 20:05:57.487  1635  2891 I chatty  : uid=1000(system) ConnectivitySer expire 17 lines
04-21 20:05:57.733  1635  8900 I chatty  : uid=1000(system) Binder:1635_19 expire 11 lines
04-21 20:05:57.780  1635  1635 I chatty  : uid=1000 system_server expire 20 lines
04-21 20:05:57.783  4561  8436 I AlwaysOnHotwordDetector: onDetected
04-21 20:05:57.842  1635  9190 I chatty  : uid=1000(system) Binder:1635_1A expire 11 lines
04-21 20:05:59.200  1635  3048 I chatty  : uid=1000(system) Binder:1635_C expire 2 lines
04-21 20:06:04.846  1635  1776 I chatty  : uid=1000(system) ActivityManager expire 2 lines
04-21 20:06:18.438  1635  1790 I chatty  : uid=1000(system) batterystats-wo expire 1 line
04-21 20:06:51.334  1635  3042 I chatty  : uid=1000(system) Binder:1635_6 expire 8 lines
04-21 20:06:51.351  1635  1862 I chatty  : uid=1000(system) PowerManagerSer expire 32 lines
04-21 20:06:51.394  1635  1756 I chatty  : uid=1000(system) android.display expire 10 lines
04-21 20:06:51.421  1635  3044 I chatty  : uid=1000(system) Binder:1635_8 expire 8 lines
04-21 20:06:51.521  1635  1775 I chatty  : uid=1000(system) ActivityManager expire 14 lines
04-21 20:06:51.569  1635  1752 I chatty  : uid=1000(system) android.fg expire 12 lines
04-21 20:07:00.158  1635  1974 I chatty  : uid=1000(system) InputReader expire 2 lines
04-21 20:07:00.719  1635  6941 I chatty  : uid=1000(system) Binder:1635_16 expire 5 lines
04-21 20:07:58.474  1635  1754 I chatty  : uid=1000(system) android.ui expire 1 line
04-21 20:08:26.186  1635  4613 I chatty  : uid=1000(system) Binder:1635_F expire 1 line
04-21 20:08:26.372  1635  3045 I chatty  : uid=1000(system) Binder:1635_9 expire 6 lines
04-21 20:08:44.659  1635  1771 I chatty  : uid=1000(system) android.bg expire 6 lines
04-21 20:10:34.173  4561  8436 I AlwaysOnHotwordDetector: onDetected
04-21 20:11:06.597  1635  1635 I chatty  : uid=1000 system_server expire 10 lines
04-21 20:13:53.078  1635  1862 I chatty  : uid=1000(system) PowerManagerSer expire 14 lines
04-21 20:13:53.215  1635  1775 I chatty  : uid=1000(system) ActivityManager expire 1 line
04-21 20:13:53.222  1635  2891 I chatty  : uid=1000(system) ConnectivitySer expire 9 lines
04-21 20:13:53.291  1635  3047 I chatty  : uid=1000(system) Binder:1635_B expire 3 lines
04-21 20:13:56.681  1635  2884 I chatty  : uid=1000(system) NetworkPolicy expire 14 lines
04-21 20:14:14.383  1635  2891 I chatty  : uid=1000(system) ConnectivitySer expire 11 lines
04-21 20:14:14.385  1635  1756 I chatty  : uid=1000(system) android.display expire 2 lines
04-21 20:14:14.516  1635  9190 I chatty  : uid=1000(system) Binder:1635_1A expire 2 lines
04-21 20:14:14.556  1635  3047 I chatty  : uid=1000(system) Binder:1635_B expire 7 lines
04-21 20:14:14.756  1635  1752 I chatty  : uid=1000(system) android.fg expire 3 lines
04-21 20:14:14.988  1635  6941 I chatty  : uid=1000(system) Binder:1635_16 expire 8 lines
04-21 20:14:35.158  1635  3045 I chatty  : uid=1000(system) Binder:1635_9 expire 2 lines
04-21 20:15:04.480  1635  3042 I chatty  : uid=1000(system) Binder:1635_6 expire 11 lines
04-21 20:15:16.955  1635  1635 I chatty  : uid=1000 system_server expire 5 lines
04-21 20:15:16.957  4561  8436 I AlwaysOnHotwordDetector: onDetected
04-21 20:15:32.264  1635  1775 I chatty  : uid=1000(system) ActivityManager expire 19 lines
04-21 20:15:32.264  1635  1776 I chatty  : uid=1000(system) ActivityManager expire 6 lines
04-21 20:15:35.325  1635  8900 I chatty  : uid=1000(system) Binder:1635_19 expire 1 line
04-21 20:15:35.772  1635  8781 I chatty  : uid=1000(system) Binder:1635_18 expire 12 lines
04-21 20:15:56.819  1635  1771 I chatty  : uid=1000(system) android.bg expire 1 line
04-21 20:17:12.989  4561  8436 I AlwaysOnHotwordDetector: onDetected
04-21 20:17:14.416  1635  8781 I chatty  : uid=1000(system) Binder:1635_18 expire 13 lines
04-21 20:17:14.583  1635  4623 I chatty  : uid=1000(system) Binder:1635_11 expire 5 lines
04-21 20:18:05.361  1635 11678 I chatty  : uid=1000(system) Binder:1635_1E expire 18 lines
04-21 20:18:38.380  1635  4612 I chatty  : uid=1000(system) Binder:1635_E expire 1 line
04-21 20:18:44.528  1058  1058 D vendor.google.wifi_ext@1.0-service-vendor: Successfully SetMacAddress.
04-21 20:18:44.536  1245  1245 W wificond: Scan is not started. Ignore abort request
04-21 20:18:44.598  1245  1245 E wificond: NL80211_CMD_START_SCHED_SCAN failed: Device or resource busy
04-21 20:18:44.598  1245  1245 E wificond: Failed to start pno scan
04-21 20:18:44.645  1635  3776 I chatty  : uid=1000(system) AdbDebuggingMan expire 1 line
04-21 20:18:44.663  1635 12414 I chatty  : uid=1000(system) Binder:1635_20 expire 2 lines
04-21 20:18:44.668  1635  3042 I chatty  : uid=1000(system) Binder:1635_6 expire 1 line
04-21 20:18:44.670  1635 12312 I chatty  : uid=1000(system) Binder:1635_1F expire 1 line
04-21 20:18:44.708   939   979 E NetlinkEvent: NetlinkEvent::FindParam(): Parameter 'INTERFACE' not found
04-21 20:18:44.708  1635  2891 I chatty  : uid=1000(system) ConnectivitySer expire 28 lines
04-21 20:18:44.708   939   979 E NetlinkEvent: NetlinkEvent::FindParam(): Parameter 'STATE' not found
04-21 20:18:44.708   939   979 E NetlinkEvent: NetlinkEvent::FindParam(): Parameter 'TIME_NS' not found
04-21 20:18:44.708   939   979 E NetlinkEvent: NetlinkEvent::FindParam(): Parameter 'UID' not found
04-21 20:18:44.710  1635  3044 I chatty  : uid=1000(system) Binder:1635_8 expire 3 lines
04-21 20:18:44.720  1635  4614 I chatty  : uid=1000(system) Binder:1635_10 expire 2 lines
04-21 20:18:44.747  1635  2887 I chatty  : uid=1000(system) WifiHandlerThre expire 1 line
04-21 20:18:44.790  1635  1713 I chatty  : uid=1000(system) Binder:1635_2 expire 1 line
04-21 20:18:44.802  1635  9801 I chatty  : uid=1000(system) Binder:1635_1C expire 1 line
04-21 20:18:44.925  1635  1712 I chatty  : uid=1000(system) Binder:1635_1 expire 3 lines
04-21 20:18:45.316  1635  2913 I chatty  : uid=1000(system) ConnectivityThr expire 1 line
04-21 20:18:45.683  1635  3038 I chatty  : uid=1000(system) Binder:1635_4 expire 3 lines
04-21 20:18:50.097  1635  5549 I chatty  : uid=1000(system) Binder:1635_15 expire 2 lines
04-21 20:18:51.208  1245  1245 I wificond: Pno scan started for frequencies: 2412, 2417, 2422, 2427, 2437, 2452, 2462, 5180, 5220, 5240, 5260, 5320, 5500, 5660, 5680, 5720, 5745, 5765, 5785, 5805, 
04-21 20:18:51.226  1635  2884 I chatty  : uid=1000(system) NetworkPolicy expire 1 line
04-21 20:18:51.269  1635  4624 I chatty  : uid=1000(system) Binder:1635_12 expire 1 line
04-21 20:18:51.883  1245  1245 I wificond: Pno scan result ready event
04-21 20:18:51.952  1245  1245 W wificond: Unexpected pno scan stopped event
04-21 20:18:51.977  1058  1058 D vendor.google.wifi_ext@1.0-service-vendor: Successfully SetMacAddress.
04-21 20:18:51.982  1245  1245 W wificond: Scan is not started. Ignore abort request
04-21 20:18:52.023  1635  1775 I chatty  : uid=1000(system) ActivityManager expire 19 lines
04-21 20:18:52.335  1245  1245 W wificond: No pno scan started
04-21 20:18:52.335  1245  1245 W wificond: Scheduled scan is not running!
04-21 20:18:52.337  1635  2887 I chatty  : uid=1000(system) WifiHandlerThre expire 1 line
04-21 20:18:52.355  1635  2891 I chatty  : uid=1000(system) ConnectivitySer expire 27 lines
04-21 20:18:52.441  1635  2884 I chatty  : uid=1000(system) NetworkPolicy expire 11 lines
04-21 20:18:52.556  1635  4624 I chatty  : uid=1000(system) Binder:1635_12 expire 1 line
04-21 20:18:52.569  1635  3047 I chatty  : uid=1000(system) Binder:1635_B expire 20 lines
04-21 20:18:52.680  1635  2913 I chatty  : uid=1000(system) ConnectivityThr expire 1 line
04-21 20:18:52.971  1635  3042 I chatty  : uid=1000(system) Binder:1635_6 expire 2 lines
04-21 20:18:53.032   939   979 E NetlinkEvent: NetlinkEvent::FindParam(): Parameter 'INTERFACE' not found
04-21 20:18:53.032   939   979 E NetlinkEvent: NetlinkEvent::FindParam(): Parameter 'STATE' not found
04-21 20:18:53.032   939   979 E NetlinkEvent: NetlinkEvent::FindParam(): Parameter 'TIME_NS' not found
04-21 20:18:53.032   939   979 E NetlinkEvent: NetlinkEvent::FindParam(): Parameter 'UID' not found
04-21 20:18:53.178  1058  1058 I vendor.google.wifi_ext@1.0-service-vendor: Wifi: Reseting SAR Scenario to default
04-21 20:18:53.181  1635  9377 I chatty  : uid=1000(system) Binder:1635_1B expire 1 line
04-21 20:18:53.365  1635 12312 I chatty  : uid=1000(system) Binder:1635_1F expire 11 lines
04-21 20:18:55.701  1635  4930 I chatty  : uid=1000(system) Binder:1635_14 expire 7 lines
04-21 20:18:58.133  1635  8900 I chatty  : uid=1000(system) Binder:1635_19 expire 19 lines
04-21 20:18:59.241  1635  1712 I chatty  : uid=1000(system) Binder:1635_1 expire 5 lines
04-21 20:19:29.083  1635  1635 I chatty  : uid=1000 system_server expire 22 lines
04-21 20:20:15.331  1635  1771 I chatty  : uid=1000(system) android.bg expire 6 lines
04-21 20:26:17.566  1635  4599 I chatty  : uid=1000(system) Binder:1635_D expire 6 lines
04-21 20:26:36.455  1635  4612 I chatty  : uid=1000(system) Binder:1635_E expire 2 lines
04-21 20:27:17.610  1635  1856 I chatty  : uid=1000(system) CpuTracker expire 2 lines
