04-22 09:40:18.056  1635 12312 W ActivityManager: Foreground service started from background can not have location/camera/microphone access: service steptracker.healthandfitness.walkingtracker.pedometer/com.drojian.stepcounter.service.CounterService
04-22 09:40:18.175  1635 12312 W ActivityManager: Foreground service started from background can not have location/camera/microphone access: service steptracker.healthandfitness.walkingtracker.pedometer/com.drojian.stepcounter.service.CounterService
04-22 09:40:18.293  1635  4614 W ActivityManager: Foreground service started from background can not have location/camera/microphone access: service steptracker.healthandfitness.walkingtracker.pedometer/com.drojian.stepcounter.service.CounterService
04-22 09:40:18.405  1635  9801 W ActivityManager: Foreground service started from background can not have location/camera/microphone access: service steptracker.healthandfitness.walkingtracker.pedometer/com.drojian.stepcounter.service.CounterService
04-22 09:40:18.521  1635  2881 W ActivityManager: Foreground service started from background can not have location/camera/microphone access: service steptracker.healthandfitness.walkingtracker.pedometer/com.drojian.stepcounter.service.CounterService
04-22 09:40:18.635  1635  4614 W ActivityManager: Foreground service started from background can not have location/camera/microphone access: service steptracker.healthandfitness.walkingtracker.pedometer/com.drojian.stepcounter.service.CounterService
04-22 09:40:18.750  1635  2881 W ActivityManager: Foreground service started from background can not have location/camera/microphone access: service steptracker.healthandfitness.walkingtracker.pedometer/com.drojian.stepcounter.service.CounterService
04-22 09:40:18.868  1635  4614 W ActivityManager: Foreground service started from background can not have location/camera/microphone access: service steptracker.healthandfitness.walkingtracker.pedometer/com.drojian.stepcounter.service.CounterService
04-22 09:40:19.099  1635  4614 I chatty  : uid=1000(system) Binder:1635_10 identical 2 lines
04-22 09:40:19.217  1635  4614 W ActivityManager: Foreground service started from background can not have location/camera/microphone access: service steptracker.healthandfitness.walkingtracker.pedometer/com.drojian.stepcounter.service.CounterService
04-22 09:40:19.327  1635  2881 W ActivityManager: Foreground service started from background can not have location/camera/microphone access: service steptracker.healthandfitness.walkingtracker.pedometer/com.drojian.stepcounter.service.CounterService
04-22 09:40:19.437  1635  4614 W ActivityManager: Foreground service started from background can not have location/camera/microphone access: service steptracker.healthandfitness.walkingtracker.pedometer/com.drojian.stepcounter.service.CounterService
04-22 09:40:19.556  1635  9801 W ActivityManager: Foreground service started from background can not have location/camera/microphone access: service steptracker.healthandfitness.walkingtracker.pedometer/com.drojian.stepcounter.service.CounterService
04-22 09:40:19.671  1635  4614 W ActivityManager: Foreground service started from background can not have location/camera/microphone access: service steptracker.healthandfitness.walkingtracker.pedometer/com.drojian.stepcounter.service.CounterService
04-22 09:40:19.795  1635  2881 W ActivityManager: Foreground service started from background can not have location/camera/microphone access: service steptracker.healthandfitness.walkingtracker.pedometer/com.drojian.stepcounter.service.CounterService
04-22 09:40:19.911  1635  9801 W ActivityManager: Foreground service started from background can not have location/camera/microphone access: service steptracker.healthandfitness.walkingtracker.pedometer/com.drojian.stepcounter.service.CounterService
04-22 09:40:20.021  1635  2881 W ActivityManager: Foreground service started from background can not have location/camera/microphone access: service steptracker.healthandfitness.walkingtracker.pedometer/com.drojian.stepcounter.service.CounterService
04-22 09:40:20.134  1635 12312 W ActivityManager: Foreground service started from background can not have location/camera/microphone access: service steptracker.healthandfitness.walkingtracker.pedometer/com.drojian.stepcounter.service.CounterService
04-22 09:40:20.249  1635  2881 W ActivityManager: Foreground service started from background can not have location/camera/microphone access: service steptracker.healthandfitness.walkingtracker.pedometer/com.drojian.stepcounter.service.CounterService
04-22 09:40:20.366  1635 12312 W ActivityManager: Foreground service started from background can not have location/camera/microphone access: service steptracker.healthandfitness.walkingtracker.pedometer/com.drojian.stepcounter.service.CounterService
04-22 09:40:20.484  1635  2881 W ActivityManager: Foreground service started from background can not have location/camera/microphone access: service steptracker.healthandfitness.walkingtracker.pedometer/com.drojian.stepcounter.service.CounterService
04-22 09:40:20.598  1635  9801 W ActivityManager: Foreground service started from background can not have location/camera/microphone access: service steptracker.healthandfitness.walkingtracker.pedometer/com.drojian.stepcounter.service.CounterService
04-22 09:40:20.709  1635 12312 W ActivityManager: Foreground service started from background can not have location/camera/microphone access: service steptracker.healthandfitness.walkingtracker.pedometer/com.drojian.stepcounter.service.CounterService
04-22 09:40:20.817  1635  2881 W ActivityManager: Foreground service started from background can not have location/camera/microphone access: service steptracker.healthandfitness.walkingtracker.pedometer/com.drojian.stepcounter.service.CounterService
04-22 09:41:55.705  1635  9801 W ActivityManager: Foreground service started from background can not have location/camera/microphone access: service steptracker.healthandfitness.walkingtracker.pedometer/com.drojian.stepcounter.service.CounterService
04-22 09:41:55.817  1635  2881 W ActivityManager: Foreground service started from background can not have location/camera/microphone access: service steptracker.healthandfitness.walkingtracker.pedometer/com.drojian.stepcounter.service.CounterService
04-22 09:41:57.270  1635  3038 W ActivityManager: Foreground service started from background can not have location/camera/microphone access: service steptracker.healthandfitness.walkingtracker.pedometer/com.drojian.stepcounter.service.CounterService
04-22 09:41:57.381  1635  4630 W ActivityManager: Foreground service started from background can not have location/camera/microphone access: service steptracker.healthandfitness.walkingtracker.pedometer/com.drojian.stepcounter.service.CounterService
04-22 09:41:58.747  1635 12312 W ActivityManager: Foreground service started from background can not have location/camera/microphone access: service steptracker.healthandfitness.walkingtracker.pedometer/com.drojian.stepcounter.service.CounterService
04-22 09:41:58.853  1635 12312 I chatty  : uid=1000(system) Binder:1635_1F identical 1 line
04-22 09:41:58.961  1635 12312 W ActivityManager: Foreground service started from background can not have location/camera/microphone access: service steptracker.healthandfitness.walkingtracker.pedometer/com.drojian.stepcounter.service.CounterService
04-22 09:41:59.070  1635  3042 W ActivityManager: Foreground service started from background can not have location/camera/microphone access: service steptracker.healthandfitness.walkingtracker.pedometer/com.drojian.stepcounter.service.CounterService
04-22 09:41:59.180  1635  4614 W ActivityManager: Foreground service started from background can not have location/camera/microphone access: service steptracker.healthandfitness.walkingtracker.pedometer/com.drojian.stepcounter.service.CounterService
04-22 09:41:59.293  1635  3042 W ActivityManager: Foreground service started from background can not have location/camera/microphone access: service steptracker.healthandfitness.walkingtracker.pedometer/com.drojian.stepcounter.service.CounterService
04-22 09:41:59.404  1635  4630 W ActivityManager: Foreground service started from background can not have location/camera/microphone access: service steptracker.healthandfitness.walkingtracker.pedometer/com.drojian.stepcounter.service.CounterService
04-22 09:41:59.514  1635 12312 W ActivityManager: Foreground service started from background can not have location/camera/microphone access: service steptracker.healthandfitness.walkingtracker.pedometer/com.drojian.stepcounter.service.CounterService
04-22 09:41:59.619  1635  4614 W ActivityManager: Foreground service started from background can not have location/camera/microphone access: service steptracker.healthandfitness.walkingtracker.pedometer/com.drojian.stepcounter.service.CounterService
04-22 09:41:59.732  1635  3038 W ActivityManager: Foreground service started from background can not have location/camera/microphone access: service steptracker.healthandfitness.walkingtracker.pedometer/com.drojian.stepcounter.service.CounterService
04-22 09:41:59.843  1635  3038 W ActivityManager: Foreground service started from background can not have location/camera/microphone access: service steptracker.healthandfitness.walkingtracker.pedometer/com.drojian.stepcounter.service.CounterService
04-22 09:41:59.951  1635  3042 W ActivityManager: Foreground service started from background can not have location/camera/microphone access: service steptracker.healthandfitness.walkingtracker.pedometer/com.drojian.stepcounter.service.CounterService
04-22 09:42:00.065  1635  3038 W ActivityManager: Foreground service started from background can not have location/camera/microphone access: service steptracker.healthandfitness.walkingtracker.pedometer/com.drojian.stepcounter.service.CounterService
04-22 09:42:00.176  1635  4614 W ActivityManager: Foreground service started from background can not have location/camera/microphone access: service steptracker.healthandfitness.walkingtracker.pedometer/com.drojian.stepcounter.service.CounterService
04-22 09:42:00.286  1635  3042 W ActivityManager: Foreground service started from background can not have location/camera/microphone access: service steptracker.healthandfitness.walkingtracker.pedometer/com.drojian.stepcounter.service.CounterService
04-22 09:42:00.393  1635  3042 W ActivityManager: Foreground service started from background can not have location/camera/microphone access: service steptracker.healthandfitness.walkingtracker.pedometer/com.drojian.stepcounter.service.CounterService
04-22 09:42:00.507  1635  4614 W ActivityManager: Foreground service started from background can not have location/camera/microphone access: service steptracker.healthandfitness.walkingtracker.pedometer/com.drojian.stepcounter.service.CounterService
04-22 09:42:00.619  1635  3038 W ActivityManager: Foreground service started from background can not have location/camera/microphone access: service steptracker.healthandfitness.walkingtracker.pedometer/com.drojian.stepcounter.service.CounterService
04-22 09:42:00.729  1635  3038 W ActivityManager: Foreground service started from background can not have location/camera/microphone access: service steptracker.healthandfitness.walkingtracker.pedometer/com.drojian.stepcounter.service.CounterService
04-22 09:42:00.847  1635  4614 W ActivityManager: Foreground service started from background can not have location/camera/microphone access: service steptracker.healthandfitness.walkingtracker.pedometer/com.drojian.stepcounter.service.CounterService
04-22 09:42:00.957  1635  3038 W ActivityManager: Foreground service started from background can not have location/camera/microphone access: service steptracker.healthandfitness.walkingtracker.pedometer/com.drojian.stepcounter.service.CounterService
04-22 09:42:01.113  1635  4630 W ActivityManager: Foreground service started from background can not have location/camera/microphone access: service steptracker.healthandfitness.walkingtracker.pedometer/com.drojian.stepcounter.service.CounterService
04-22 09:42:01.114  1635  1775 E NotificationService: Package enqueue rate is 5.181298. Shedding 0|steptracker.healthandfitness.walkingtracker.pedometer|1|null|10208. package=steptracker.healthandfitness.walkingtracker.pedometer
04-22 09:42:01.222  1635  3042 W ActivityManager: Foreground service started from background can not have location/camera/microphone access: service steptracker.healthandfitness.walkingtracker.pedometer/com.drojian.stepcounter.service.CounterService
04-22 09:42:01.331  1635  3042 W ActivityManager: Foreground service started from background can not have location/camera/microphone access: service steptracker.healthandfitness.walkingtracker.pedometer/com.drojian.stepcounter.service.CounterService
04-22 09:42:01.446  1635 12312 W ActivityManager: Foreground service started from background can not have location/camera/microphone access: service steptracker.healthandfitness.walkingtracker.pedometer/com.drojian.stepcounter.service.CounterService
04-22 09:42:01.574  1635  3042 W ActivityManager: Foreground service started from background can not have location/camera/microphone access: service steptracker.healthandfitness.walkingtracker.pedometer/com.drojian.stepcounter.service.CounterService
04-22 09:42:01.684  1635  4614 W ActivityManager: Foreground service started from background can not have location/camera/microphone access: service steptracker.healthandfitness.walkingtracker.pedometer/com.drojian.stepcounter.service.CounterService
04-22 09:42:01.800  1635  4614 I chatty  : uid=1000(system) Binder:1635_10 identical 1 line
04-22 09:42:01.911  1635  4614 W ActivityManager: Foreground service started from background can not have location/camera/microphone access: service steptracker.healthandfitness.walkingtracker.pedometer/com.drojian.stepcounter.service.CounterService
04-22 09:42:02.020  1635  3042 W ActivityManager: Foreground service started from background can not have location/camera/microphone access: service steptracker.healthandfitness.walkingtracker.pedometer/com.drojian.stepcounter.service.CounterService
04-22 09:42:02.136  1635  3042 W ActivityManager: Foreground service started from background can not have location/camera/microphone access: service steptracker.healthandfitness.walkingtracker.pedometer/com.drojian.stepcounter.service.CounterService
04-22 09:42:02.265  1635  4614 W ActivityManager: Foreground service started from background can not have location/camera/microphone access: service steptracker.healthandfitness.walkingtracker.pedometer/com.drojian.stepcounter.service.CounterService
04-22 09:42:02.376  1635  3042 W ActivityManager: Foreground service started from background can not have location/camera/microphone access: service steptracker.healthandfitness.walkingtracker.pedometer/com.drojian.stepcounter.service.CounterService
04-22 09:42:02.485  1635  4630 W ActivityManager: Foreground service started from background can not have location/camera/microphone access: service steptracker.healthandfitness.walkingtracker.pedometer/com.drojian.stepcounter.service.CounterService
04-22 09:42:02.596  1635  4630 W ActivityManager: Foreground service started from background can not have location/camera/microphone access: service steptracker.healthandfitness.walkingtracker.pedometer/com.drojian.stepcounter.service.CounterService
04-22 09:42:02.711  1635  3042 W ActivityManager: Foreground service started from background can not have location/camera/microphone access: service steptracker.healthandfitness.walkingtracker.pedometer/com.drojian.stepcounter.service.CounterService
04-22 09:42:02.828  1635  3042 I chatty  : uid=1000(system) Binder:1635_6 identical 1 line
04-22 09:42:02.939  1635  3042 W ActivityManager: Foreground service started from background can not have location/camera/microphone access: service steptracker.healthandfitness.walkingtracker.pedometer/com.drojian.stepcounter.service.CounterService
04-22 09:42:03.055  1635 12312 W ActivityManager: Foreground service started from background can not have location/camera/microphone access: service steptracker.healthandfitness.walkingtracker.pedometer/com.drojian.stepcounter.service.CounterService
04-22 09:42:03.236  1635  4614 W ActivityManager: Foreground service started from background can not have location/camera/microphone access: service steptracker.healthandfitness.walkingtracker.pedometer/com.drojian.stepcounter.service.CounterService
04-22 09:42:03.350  1635 12312 W ActivityManager: Foreground service started from background can not have location/camera/microphone access: service steptracker.healthandfitness.walkingtracker.pedometer/com.drojian.stepcounter.service.CounterService
04-22 09:42:03.466  1635  4614 W ActivityManager: Foreground service started from background can not have location/camera/microphone access: service steptracker.healthandfitness.walkingtracker.pedometer/com.drojian.stepcounter.service.CounterService
04-22 09:42:03.579  1635 12312 W ActivityManager: Foreground service started from background can not have location/camera/microphone access: service steptracker.healthandfitness.walkingtracker.pedometer/com.drojian.stepcounter.service.CounterService
04-22 09:42:03.689  1635  4630 W ActivityManager: Foreground service started from background can not have location/camera/microphone access: service steptracker.healthandfitness.walkingtracker.pedometer/com.drojian.stepcounter.service.CounterService
04-22 09:42:03.801  1635  4614 W ActivityManager: Foreground service started from background can not have location/camera/microphone access: service steptracker.healthandfitness.walkingtracker.pedometer/com.drojian.stepcounter.service.CounterService
04-22 09:42:03.916  1635  4614 W ActivityManager: Foreground service started from background can not have location/camera/microphone access: service steptracker.healthandfitness.walkingtracker.pedometer/com.drojian.stepcounter.service.CounterService
04-22 09:42:04.031  1635 12312 W ActivityManager: Foreground service started from background can not have location/camera/microphone access: service steptracker.healthandfitness.walkingtracker.pedometer/com.drojian.stepcounter.service.CounterService
04-22 09:42:04.156  1635  4614 W ActivityManager: Foreground service started from background can not have location/camera/microphone access: service steptracker.healthandfitness.walkingtracker.pedometer/com.drojian.stepcounter.service.CounterService
04-22 09:42:04.285  1635 12312 W ActivityManager: Foreground service started from background can not have location/camera/microphone access: service steptracker.healthandfitness.walkingtracker.pedometer/com.drojian.stepcounter.service.CounterService
04-22 09:42:04.399  1635  4614 W ActivityManager: Foreground service started from background can not have location/camera/microphone access: service steptracker.healthandfitness.walkingtracker.pedometer/com.drojian.stepcounter.service.CounterService
04-22 09:42:04.511  1635  3038 W ActivityManager: Foreground service started from background can not have location/camera/microphone access: service steptracker.healthandfitness.walkingtracker.pedometer/com.drojian.stepcounter.service.CounterService
04-22 09:42:04.622  1635 12312 W ActivityManager: Foreground service started from background can not have location/camera/microphone access: service steptracker.healthandfitness.walkingtracker.pedometer/com.drojian.stepcounter.service.CounterService
04-22 09:42:04.743  1635  3038 W ActivityManager: Foreground service started from background can not have location/camera/microphone access: service steptracker.healthandfitness.walkingtracker.pedometer/com.drojian.stepcounter.service.CounterService
04-22 09:42:04.858  1635 12312 W ActivityManager: Foreground service started from background can not have location/camera/microphone access: service steptracker.healthandfitness.walkingtracker.pedometer/com.drojian.stepcounter.service.CounterService
04-22 09:42:04.971  1635  3038 W ActivityManager: Foreground service started from background can not have location/camera/microphone access: service steptracker.healthandfitness.walkingtracker.pedometer/com.drojian.stepcounter.service.CounterService
04-22 09:42:05.085  1635  3038 W ActivityManager: Foreground service started from background can not have location/camera/microphone access: service steptracker.healthandfitness.walkingtracker.pedometer/com.drojian.stepcounter.service.CounterService
04-22 09:42:05.196  1635  4614 W ActivityManager: Foreground service started from background can not have location/camera/microphone access: service steptracker.healthandfitness.walkingtracker.pedometer/com.drojian.stepcounter.service.CounterService
04-22 09:42:11.731  1635  3038 W ActivityManager: Foreground service started from background can not have location/camera/microphone access: service steptracker.healthandfitness.walkingtracker.pedometer/com.drojian.stepcounter.service.CounterService
04-22 09:42:11.851  1635  4630 W ActivityManager: Foreground service started from background can not have location/camera/microphone access: service steptracker.healthandfitness.walkingtracker.pedometer/com.drojian.stepcounter.service.CounterService
04-22 09:43:33.826  1635  4630 W ActivityManager: Foreground service started from background can not have location/camera/microphone access: service steptracker.healthandfitness.walkingtracker.pedometer/com.drojian.stepcounter.service.CounterService
04-22 09:43:37.712  1635  3042 W ActivityManager: Foreground service started from background can not have location/camera/microphone access: service steptracker.healthandfitness.walkingtracker.pedometer/com.drojian.stepcounter.service.CounterService
04-22 09:43:37.821  1635  3048 W ActivityManager: Foreground service started from background can not have location/camera/microphone access: service steptracker.healthandfitness.walkingtracker.pedometer/com.drojian.stepcounter.service.CounterService
04-22 09:43:37.928  1635  4630 W ActivityManager: Foreground service started from background can not have location/camera/microphone access: service steptracker.healthandfitness.walkingtracker.pedometer/com.drojian.stepcounter.service.CounterService
04-22 09:43:38.035  1635  3048 W ActivityManager: Foreground service started from background can not have location/camera/microphone access: service steptracker.healthandfitness.walkingtracker.pedometer/com.drojian.stepcounter.service.CounterService
04-22 09:43:38.260  1635  3048 I chatty  : uid=1000(system) Binder:1635_C identical 2 lines
04-22 09:43:38.371  1635  3048 W ActivityManager: Foreground service started from background can not have location/camera/microphone access: service steptracker.healthandfitness.walkingtracker.pedometer/com.drojian.stepcounter.service.CounterService
04-22 09:43:40.860  1635  4630 D ConnectivityService: Returning UNBLOCKED NetworkInfo to uid=10243
04-22 09:43:40.937  1635  4630 D ConnectivityService: Returning UNBLOCKED NetworkInfo to uid=10191
04-22 09:43:40.981  1635  1790 V BatteryExternalStatsWorker: WiFi energy data was reset, new WiFi energy data is WifiActivityEnergyInfo{ mTimeSinceBootMillis=101728543 mStackState=3 mControllerTxDurationMillis=0 mControllerRxDurationMillis=0 mControllerScanDurationMillis=0 mControllerIdleDurationMillis=0 mControllerEnergyUsedMicroJoules=0 }
04-22 09:44:12.760  1635  2891 I Nat464Xlat: interface v4-rmnet_data2 removed
04-22 09:44:12.760  1635  2891 I Nat464Xlat: Stopping clatd on rmnet_data2
04-22 09:44:12.804  1635  2891 D ConnectivityService: Removing iface v4-rmnet_data2 from network 139
04-22 09:44:12.813  1635  2891 E ConnectivityService: Exception in networkRemoveRouteParcel: android.os.ServiceSpecificException: No such device (code 19)
04-22 09:44:12.813  1635  2891 I Nat464Xlat: Starting clatd on rmnet_data2
04-22 09:44:12.852  1635  2891 E Nat464Xlat: Error starting clatd on rmnet_data2: android.os.ServiceSpecificException: Cannot assign requested address (code 99)
04-22 09:44:12.852  1635  2891 E Nat464Xlat: Invalid IPv6 address null
04-22 09:44:12.953  1635  2891 D ConnectivityService: [139 CELLULAR] EVENT_NETWORK_INFO_CHANGED, going from CONNECTED to DISCONNECTED
04-22 09:44:12.953  1635  2891 D ConnectivityService: [139 CELLULAR] disconnected, was satisfying 14
04-22 09:44:12.968  1635  2891 I Nat464Xlat: Stopping clatd on rmnet_data2
04-22 09:44:12.969  1635  2891 E Nat464Xlat: Error stopping clatd on rmnet_data2: android.os.ServiceSpecificException: No such device (code 19)
04-22 09:44:12.985  1635  2891 D ConnectivityService: NetReassign [no changes]
04-22 09:46:22.359  1635 12312 I PowerManagerService: Waking up from Dozing (uid=10158, reason=WAKE_REASON_GESTURE, details=com.android.systemui:NODOZE)...
04-22 09:46:22.369  1635  1862 I DisplayPowerController: Blocking screen on until initial contents have been drawn.
04-22 09:46:22.391  1635  1862 V DisplayPowerController: Brightness [0.10835157] reason changing to: 'manual', previous reason: 'screen_off'.
04-22 09:46:22.393  1635  1756 I DisplayManagerService: Display device changed state: "Built-in Screen", ON
04-22 09:46:22.437  1635  1862 I DisplayPowerController: Unblocked screen on after 67 ms
04-22 09:46:22.460  1635 12312 W ActivityManager: Background start not allowed: service Intent { act=Orca.PERSISTENT_KICK_SKIP_PING cmp=com.facebook.katana/com.facebook.mqttlite.MqttService (has extras) } to com.facebook.katana/com.facebook.mqttlite.MqttService from pid=25018 uid=10248 pkg=com.facebook.katana startFg?=false
04-22 09:46:22.463  1635  4614 W ActivityManager: Background start not allowed: service Intent { act=Orca.PERSISTENT_KICK_SKIP_PING cmp=com.facebook.orca/com.facebook.mqttlite.MqttService (has extras) } to com.facebook.orca/com.facebook.mqttlite.MqttService from pid=28102 uid=10243 pkg=com.facebook.orca startFg?=false
04-22 09:46:22.488  1635  1775 W BroadcastQueue: Background execution not allowed: receiving Intent { act=android.net.wifi.RSSI_CHANGED flg=0x4000010 (has extras) } to com.jaga.ibraceletplus.smartwristband3/com.yc.pedometer.remind.GloryFitBootReceiver
04-22 09:46:22.497  1635  4630 D ConnectivityService: Returning BLOCKED NetworkInfo to uid=10191
04-22 09:46:22.551  1635  1862 I DreamManagerService: Gently waking up from dream.
04-22 09:46:22.552  1635  1752 I DreamManagerService: Performing gentle wake from dream.
04-22 09:46:22.555  1635  1862 V DisplayPowerController: Brightness [0.15792269] reason changing to: 'automatic', previous reason: 'manual'.
04-22 09:46:22.579  1635  4614 I SoundTriggerService: deleteSoundModel(): id = 9f6ad62a-1f0b-11e7-87c5-40a8f03d3f15
04-22 09:46:22.579  1635  4614 W SoundTriggerHelper: Unload error: Attempting unload invalid generic model with id:9f6ad62a-1f0b-11e7-87c5-40a8f03d3f15
04-22 09:46:22.579  1635  4614 E SoundTriggerService: error onStop(): Model 9f6ad62a-1f0b-11e7-87c5-40a8f03d3f15 has no stats available
04-22 09:46:22.590  1635  4613 I DreamManagerService: Leaving dreamland.
04-22 09:46:22.590  1635  1752 I DreamManagerService: Performing gentle wake from dream.
04-22 09:46:22.590  1635  1752 I DreamController: Stopping dream: name=ComponentInfo{com.android.systemui/com.android.systemui.doze.DozeService}, isTest=false, canDoze=true, userId=0, reason='finished self'(from 'requested stopDream')
04-22 09:46:22.695  1635  2891 D ConnectivityService: NetReassign [no changes]
04-22 09:46:23.742  1635  3042 D ConnectivityService: registerNetworkAgent NetworkAgentInfo{ ni{[type: MOBILE[], state: UNKNOWN/IDLE, reason: (unspecified), extra: fast.t-mobile.com, failover: false, available: true, roaming: false]}  network{140}  nethandle{604701118477}  lp{{InterfaceName: rmnet_data2 LinkAddresses: [ 2607:fb90:d61e:b43d:c2a4:93a2:9770:a5b5/64 ] DnsAddresses: [ /fd00:976a::9,/fd00:976a::10 ] PcscfAddresses: [ /fd00:976a:8ef0:5c::3,/fd00:976a:d5d0:1952::3,/fd00:976a:c003:30::3 ] Domains: null MTU: 1500 TcpBufferSizes: 4096,6291456,12582912,4096,1048576,2097152 Routes: [ ::/0 -> fe80::aca1:222c:6992:24e5 rmnet_data2 mtu 1500,2607:fb90:d61e:b43d::/64 -> :: rmnet_data2 mtu 0 ]}}  nc{[ Transports: CELLULAR Capabilities: MMS&SUPL&IA&XCAP&INTERNET&NOT_RESTRICTED&TRUSTED&NOT_VPN&NOT_ROAMING&FOREGROUND&NOT_CONGESTED&NOT_SUSPENDED LinkUpBandwidth>=15000Kbps LinkDnBandwidth>=30000Kbps Specifier: <TelephonyNetworkSpecifier [mSubId = 3]> AdministratorUids: [] RequestorUid: -1 RequestorPackageName: null]}  Score{10}  everValidated{false}  lastValidated{false}  created{false} lingering{false} explicitlySelected{false} acceptUnvalidated{false} everCaptivePortalDetected{false} lastCaptivePortalDetected{false} partialConnectivity{false} acceptPartialConnectivity{false} clat{mBaseIface: null, mIface: null, mState: IDLE} }
04-22 09:46:23.759  1635  2891 D ConnectivityService: [140 CELLULAR] EVENT_NETWORK_INFO_CHANGED, going from UNKNOWN to UNKNOWN
04-22 09:46:23.777  1635  2891 D ConnectivityService: [140 CELLULAR] EVENT_NETWORK_INFO_CHANGED, going from UNKNOWN to CONNECTED
04-22 09:46:23.779  1635  2891 W DnsManager: updatePrivateDns(140, PrivateDnsConfig{true:/[]})
04-22 09:46:23.780  1635  2891 D ConnectivityService: Setting DNS servers for network 140 to [/fd00:976a::9, /fd00:976a::10]
04-22 09:46:23.781  1635  2891 D DnsManager: sendDnsConfigurationForNetwork(140, [fd00:976a::9, fd00:976a::10], [], 1800, 25, 8, 64, 0, 0, , [fd00:976a::9, fd00:976a::10])
04-22 09:46:23.784  1635  2891 D ConnectivityService: Adding iface rmnet_data2 to network 140
04-22 09:46:23.796  1635  2891 D ConnectivityService: Setting DNS servers for network 140 to [/fd00:976a::9, /fd00:976a::10]
04-22 09:46:23.796  1635  2891 D DnsManager: sendDnsConfigurationForNetwork(140, [fd00:976a::9, fd00:976a::10], [], 1800, 25, 8, 64, 0, 0, , [fd00:976a::9, fd00:976a::10])
04-22 09:46:23.817  1635  2891 D ConnectivityService: NetReassign [2 : null  140]
04-22 09:46:23.835  1635  2891 D ConnectivityService: [140 CELLULAR] EVENT_NETWORK_INFO_CHANGED, going from CONNECTED to CONNECTED
04-22 09:46:23.835  1635  2891 D ConnectivityService: [140 CELLULAR] EVENT_NETWORK_INFO_CHANGED, going from CONNECTED to CONNECTED
04-22 09:46:23.897  1635  2891 D ConnectivityService: NAT64 prefix added on netId 140: 2607:7700:0:24::/96
04-22 09:46:23.898  1635  2891 I Nat464Xlat: Starting clatd on rmnet_data2
04-22 09:46:24.041  1635  2891 I Nat464Xlat: interface v4-rmnet_data2 is up, adding stacked link v4-rmnet_data2 on top of rmnet_data2
04-22 09:46:24.041  1635  2891 D ConnectivityService: Adding iface v4-rmnet_data2 to network 140
04-22 09:46:24.144  1635  1775 W BroadcastQueue: Background execution not allowed: receiving Intent { act=android.net.conn.NETWORK_CONDITIONS_MEASURED flg=0x10 (has extras) } to com.google.android.gms/.chimera.GmsIntentOperationService$PersistentTrustedReceiver
04-22 09:46:24.159  1635  2884 W NetworkPolicy: shared quota unsupported; generating rule for each iface
04-22 09:46:24.205  1635  2884 W NetworkPolicy: shared quota unsupported; generating rule for each iface
04-22 09:46:24.245  1635  2891 D ConnectivityService: [140 CELLULAR] validation passed
04-22 09:46:24.246  1635  2891 D ConnectivityService: NetReassign [no changes]
04-22 09:46:24.250  1635  2891 D ConnectivityService: Setting DNS servers for network 140 to [/fd00:976a::9, /fd00:976a::10]
04-22 09:46:24.251  1635  2891 D DnsManager: sendDnsConfigurationForNetwork(140, [fd00:976a::9, fd00:976a::10], [], 1800, 25, 8, 64, 0, 0, , [fd00:976a::9, fd00:976a::10])
04-22 09:46:25.343  1635  1635 V FingerprintService: Acquired: 7 0
04-22 09:46:25.499  1635  2891 D ConnectivityService: NetReassign [no changes]
04-22 09:46:25.650  1635  1635 V FingerprintService: Acquired: 0 0
04-22 09:46:25.653  1635  1635 V BiometricStats: Authentication latency: 310
04-22 09:46:25.654  1635  1635 V FingerprintService: onAuthenticated(true), ID:-894583778, Owner: com.android.systemui, isBP: false, listener: com.android.server.biometrics.fingerprint.FingerprintService$ServiceListenerImpl@59ff87e, requireConfirmation: false, user: 0
04-22 09:46:25.670  1635  1635 V FingerprintService: Done with client: com.android.systemui
04-22 09:46:25.955  1635  9801 D ActivityTaskManager: Top Process State changed to PROCESS_STATE_TOP
04-22 09:46:26.026  1635  1775 W BroadcastQueue: Background execution not allowed: receiving Intent { act=android.intent.action.USER_PRESENT flg=0x24200010 } to steptracker.healthandfitness.walkingtracker.pedometer/com.drojian.servicekeeper.service.WatcherPeriodReceiver
04-22 09:46:26.028  1635  1775 W BroadcastQueue: Background execution not allowed: receiving Intent { act=android.intent.action.USER_PRESENT flg=0x24200010 } to steptracker.healthandfitness.walkingtracker.pedometer/com.drojian.servicekeeper.receiver.BootReceiver
04-22 09:46:26.028  1635  1775 W BroadcastQueue: Background execution not allowed: receiving Intent { act=android.intent.action.USER_PRESENT flg=0x24200010 } to com.android.chrome/org.chromium.chrome.browser.sharing.click_to_call.ClickToCallMessageHandler$PhoneUnlockedReceiver
04-22 09:46:26.028  1635  1775 W BroadcastQueue: Background execution not allowed: receiving Intent { act=android.intent.action.USER_PRESENT flg=0x24200010 } to com.google.android.gms/.auth.setup.devicesignals.LockScreenReceiver
04-22 09:46:26.028  1635  1775 W BroadcastQueue: Background execution not allowed: receiving Intent { act=android.intent.action.USER_PRESENT flg=0x24200010 } to com.google.android.gms/.chimera.GmsIntentOperationService$PersistentTrustedReceiver
04-22 09:46:26.028  1635  1775 W BroadcastQueue: Background execution not allowed: receiving Intent { act=android.intent.action.USER_PRESENT flg=0x24200010 } to com.instagram.android/com.instagram.push.FbnsInitBroadcastReceiver
04-22 09:46:26.029  1635  1775 W BroadcastQueue: Permission Denial: broadcasting Intent { act=android.intent.action.USER_PRESENT flg=0x24200010 } from com.android.systemui (pid=2979, uid=10158) is not exported from uid 10324 due to receiver com.jaga.ibraceletplus.smartwristband3/com.yc.pedometer.remind.GloryFitBootReceiver
04-22 09:46:26.029  1635  1775 W BroadcastQueue: Background execution not allowed: receiving Intent { act=android.intent.action.USER_PRESENT flg=0x24200010 } to com.weather.Weather/com.weather.dal2.system.UniversalBroadcastReceiver
04-22 09:46:26.029  1635  1775 W BroadcastQueue: Background execution not allowed: receiving Intent { act=android.intent.action.USER_PRESENT flg=0x24200010 } to io.voodoo.dune/io.presage.core.receiver.UserPresentReceiver
04-22 09:46:26.029  1635  1775 W BroadcastQueue: Background execution not allowed: receiving Intent { act=android.intent.action.USER_PRESENT flg=0x24200010 } to steptracker.healthandfitness.walkingtracker.pedometer/com.drojian.stepcounter.receiver.PedometerReceiver
04-22 09:46:26.029  1635  1775 W BroadcastQueue: Background execution not allowed: receiving Intent { act=android.intent.action.USER_PRESENT flg=0x24200010 } to steptracker.healthandfitness.walkingtracker.pedometer/com.drojian.servicekeeper.service.WatcherService$MathReceiver
04-22 09:46:26.328  1635 12414 I ActivityManager: Process com.google.android.googlequicksearchbox (pid 30376) has died: cch+95 CEM 
04-22 09:46:26.488  1635  1635 W Looper  : Slow dispatch took 464ms main h=android.app.ActivityThread$H c=android.app.-$$Lambda$LoadedApk$ReceiverDispatcher$Args$_BumDX2UKsnxLVrE6UJsJZkotuA@66c0b40 m=0
04-22 09:46:26.488  1635  1635 W Looper  : Slow delivery took 464ms main h=android.app.ActivityThread$H c=android.app.-$$Lambda$LoadedApk$ReceiverDispatcher$Args$_BumDX2UKsnxLVrE6UJsJZkotuA@aee7a79 m=0
04-22 09:46:26.505  1635  1635 W Looper  : Drained
04-22 09:46:26.707  1635  3048 I ActivityManager: Process com.google.android.apps.walletnfcrel (pid 30198) has died: cch+99 CEM 
04-22 09:46:26.708  1635  9801 D ConnectivityService: ConnectivityService NetworkRequestInfo binderDied(NetworkRequest [ TRACK_DEFAULT id=746, [ Capabilities: INTERNET&NOT_RESTRICTED&TRUSTED Uid: 10205 AdministratorUids: [] RequestorUid: 10205 RequestorPackageName: com.google.android.apps.walletnfcrel] ], android.os.BinderProxy@197245d)
04-22 09:46:26.708  1635  2891 D ConnectivityService: releasing NetworkRequest [ TRACK_DEFAULT id=746, [ Capabilities: INTERNET&NOT_RESTRICTED&TRUSTED Uid: 10205 AdministratorUids: [] RequestorUid: 10205 RequestorPackageName: com.google.android.apps.walletnfcrel] ] (release request)
04-22 09:46:28.523  1635  2891 D ConnectivityService: NetReassign [no changes]
04-22 09:46:31.543  1635  2891 D ConnectivityService: NetReassign [no changes]
04-22 09:46:32.413  1635  1754 I ActivityTaskManager: START u0 {act=android.intent.action.MAIN cat=[android.intent.category.HOME] flg=0x10000100 cmp=com.google.android.apps.nexuslauncher/.NexusLauncherActivity (has extras)} from uid 0
04-22 09:46:34.566  1635  2891 D ConnectivityService: NetReassign [no changes]
04-22 09:46:37.578  1635  2891 I chatty  : uid=1000(system) ConnectivitySer identical 1 line
04-22 09:46:40.615  1635  2891 D ConnectivityService: NetReassign [no changes]
04-22 09:46:41.455  1635  1754 I ActivityTaskManager: START u0 {act=android.intent.action.MAIN cat=[android.intent.category.HOME] flg=0x10000100 cmp=com.google.android.apps.nexuslauncher/.NexusLauncherActivity (has extras)} from uid 0
04-22 09:46:43.645  1635  2891 D ConnectivityService: NetReassign [no changes]
04-22 09:46:46.678  1635  2891 D ConnectivityService: NetReassign [no changes]
04-22 09:46:49.494  1635  2891 D Nat464Xlat: clatd running, updating NAI for v4-rmnet_data2
04-22 09:46:49.706  1635  2891 D ConnectivityService: NetReassign [no changes]
04-22 09:46:58.807  1635  2891 I chatty  : uid=1000(system) ConnectivitySer identical 3 lines
04-22 09:47:01.847  1635  2891 D ConnectivityService: NetReassign [no changes]
04-22 09:47:01.961  1635 11678 D ConnectivityService: Returning UNBLOCKED NetworkInfo to uid=10191
04-22 09:47:04.872  1635  2891 D ConnectivityService: NetReassign [no changes]
04-22 09:47:05.734  1635  2891 D Nat464Xlat: clatd running, updating NAI for v4-rmnet_data2
04-22 09:47:07.892  1635  2891 D ConnectivityService: NetReassign [no changes]
04-22 09:47:29.151  1635  2891 I chatty  : uid=1000(system) ConnectivitySer identical 7 lines
04-22 09:47:32.168  1635  2891 D ConnectivityService: NetReassign [no changes]
04-22 09:47:33.174  1635  1775 W ActivityManager: Stopping service due to app idle: u0a243 -41m13s787ms com.facebook.orca/com.facebook.mqttlite.MqttService
04-22 09:47:33.958  1635  3048 W ActivityManager: Foreground service started from background can not have location/camera/microphone access: service steptracker.healthandfitness.walkingtracker.pedometer/com.drojian.stepcounter.service.CounterService
04-22 09:47:33.977  1635  3048 W ActivityManager: Foreground service started from background can not have location/camera/microphone access: service steptracker.healthandfitness.walkingtracker.pedometer/com.drojian.stepcounter.service.CounterService
04-22 09:47:33.986  1635  9801 W ActivityManager: Foreground service started from background can not have location/camera/microphone access: service steptracker.healthandfitness.walkingtracker.pedometer/com.drojian.stepcounter.service.CounterService
04-22 09:47:33.994  1635  3040 W ActivityManager: Foreground service started from background can not have location/camera/microphone access: service steptracker.healthandfitness.walkingtracker.pedometer/com.drojian.stepcounter.service.CounterService
04-22 09:47:34.005  1635  3048 W ActivityManager: Foreground service started from background can not have location/camera/microphone access: service steptracker.healthandfitness.walkingtracker.pedometer/com.drojian.stepcounter.service.CounterService
04-22 09:47:34.017  1635  3048 I chatty  : uid=1000(system) Binder:1635_C identical 1 line
04-22 09:47:35.184  1635  3048 W ActivityManager: Foreground service started from background can not have location/camera/microphone access: service steptracker.healthandfitness.walkingtracker.pedometer/com.drojian.stepcounter.service.CounterService
04-22 09:47:35.195  1635  2891 D ConnectivityService: NetReassign [no changes]
04-22 09:47:37.961  1635  2891 D Nat464Xlat: clatd running, updating NAI for v4-rmnet_data2
04-22 09:47:38.222  1635  2891 D ConnectivityService: NetReassign [no changes]
04-22 09:48:57.090  1635  2891 I chatty  : uid=1000(system) ConnectivitySer identical 26 lines
04-22 09:49:00.104  1635  2891 D ConnectivityService: NetReassign [no changes]
04-22 09:49:00.354  1635  3048 I ActivityManager: Force stopping com.google.location.nearby.apps.connectedcrossroad appid=10333 user=0: from pid 806
04-22 09:49:00.362  1635  1775 W BroadcastQueue: Background execution not allowed: receiving Intent { act=android.intent.action.PACKAGE_RESTARTED dat=package:com.google.location.nearby.apps.connectedcrossroad flg=0x10 (has extras) } to steptracker.healthandfitness.walkingtracker.pedometer/com.drojian.stepcounter.receiver.PedometerReceiver
04-22 09:49:00.365  1635  1775 W BroadcastQueue: Background execution not allowed: receiving Intent { act=android.intent.action.PACKAGE_RESTARTED dat=package:com.google.location.nearby.apps.connectedcrossroad flg=0x10 (has extras) } to steptracker.healthandfitness.walkingtracker.pedometer/com.drojian.servicekeeper.receiver.BootReceiver
04-22 09:49:03.161  1635  2891 D ConnectivityService: NetReassign [no changes]
04-22 09:49:18.323  1635  2891 I chatty  : uid=1000(system) ConnectivitySer identical 5 lines
04-22 09:49:21.342  1635  2891 D ConnectivityService: NetReassign [no changes]
04-22 09:49:22.338  1635  1878 I PackageManager: Integrity check passed for file:///data/app/vmdl945727868.tmp
04-22 09:49:23.170  1635  2884 W NetworkPolicy: shared quota unsupported; generating rule for each iface
04-22 09:49:23.342  1635  2884 W NetworkPolicy: shared quota unsupported; generating rule for each iface
04-22 09:49:24.385  1635  2891 D ConnectivityService: NetReassign [no changes]
04-22 09:49:25.320  1635  1878 I PackageManager: Update package com.google.location.nearby.apps.connectedcrossroad code path from /data/app/~~mNi8PSK9EBqcIOD-pMD03w==/com.google.location.nearby.apps.connectedcrossroad-pc1XR5UaQkkF0qG78IeqZA== to /data/app/~~vnHWMVhJy6dTTawO24lQxA==/com.google.location.nearby.apps.connectedcrossroad-t0lV9HoqxOhPjRglnLBLXg==; Retain data and using new
04-22 09:49:25.320  1635  1878 I PackageManager: Update package com.google.location.nearby.apps.connectedcrossroad resource path from /data/app/~~mNi8PSK9EBqcIOD-pMD03w==/com.google.location.nearby.apps.connectedcrossroad-pc1XR5UaQkkF0qG78IeqZA== to /data/app/~~vnHWMVhJy6dTTawO24lQxA==/com.google.location.nearby.apps.connectedcrossroad-t0lV9HoqxOhPjRglnLBLXg==; Retain data and using new
04-22 09:49:25.327  1635  1878 D CompatibilityChangeReporter: Compat change id reported: 135549675; UID 10333; state: DISABLED
04-22 09:49:25.543  1635  1775 W BroadcastQueue: Background execution not allowed: receiving Intent { act=android.intent.action.PACKAGE_REMOVED dat=package:com.google.location.nearby.apps.connectedcrossroad flg=0x4000010 (has extras) } to com.android.vending/com.google.android.finsky.packagemanager.impl.PackageMonitorReceiverImpl$RegisteredReceiver
04-22 09:49:25.614  1635  1775 W BroadcastQueue: Background execution not allowed: receiving Intent { act=android.intent.action.PACKAGE_REMOVED dat=package:com.google.location.nearby.apps.connectedcrossroad flg=0x4000010 (has extras) } to com.android.vending/com.google.android.finsky.instantapps.appmanagement.InstantAppRemoveMonitor
04-22 09:49:25.614  1635  1775 W BroadcastQueue: Background execution not allowed: receiving Intent { act=android.intent.action.PACKAGE_REMOVED dat=package:com.google.location.nearby.apps.connectedcrossroad flg=0x4000010 (has extras) } to com.google.android.gms/.games.chimera.GamesSystemBroadcastReceiverProxy
04-22 09:49:25.646  1635  1713 I ActivityTaskManager: START u0 {act=android.intent.action.MAIN cat=[android.intent.category.LAUNCHER] flg=0x10000000 cmp=com.google.location.nearby.apps.connectedcrossroad/nx.aodv.eval.MainActivity} from uid 2000
04-22 09:49:25.674  1635  4614 D CompatibilityChangeReporter: Compat change id reported: 135634846; UID 10122; state: DISABLED
04-22 09:49:25.674  1635  1776 D CompatibilityChangeReporter: Compat change id reported: 143937733; UID 10122; state: ENABLED
04-22 09:49:25.725  1635  1775 W BroadcastQueue: Background execution not allowed: receiving Intent { act=android.intent.action.PACKAGE_REMOVED dat=package:com.google.location.nearby.apps.connectedcrossroad flg=0x4000010 (has extras) } to com.google.android.gms/.chimera.GmsIntentOperationService$PersistentTrustedReceiver
04-22 09:49:25.744  1635  1756 D CompatibilityChangeReporter: Compat change id reported: 135634846; UID 10333; state: DISABLED
04-22 09:49:25.747  1635  1776 W ActivityManager: Slow operation: 79ms so far, now at startProcess: done updating battery stats
04-22 09:49:25.748  1635  1776 W ActivityManager: Slow operation: 79ms so far, now at startProcess: building log message
04-22 09:49:25.748  1635  1776 I ActivityManager: Start proc 1139:com.google.android.apps.wellbeing/u0a122 for content provider {com.google.android.apps.wellbeing/com.google.android.apps.wellbeing.api.impl.WellbeingSettingsProvider}
04-22 09:49:25.748  1635  1776 W ActivityManager: Slow operation: 79ms so far, now at startProcess: starting to update pids map
04-22 09:49:25.748  1635  1776 W ActivityManager: Slow operation: 79ms so far, now at startProcess: done updating pids map
04-22 09:49:25.748  1635  1776 D CompatibilityChangeReporter: Compat change id reported: 143937733; UID 10333; state: DISABLED
04-22 09:49:25.766  1635  1775 W BroadcastQueue: Background execution not allowed: receiving Intent { act=android.intent.action.PACKAGE_REMOVED dat=package:com.google.location.nearby.apps.connectedcrossroad flg=0x4000010 (has extras) } to com.google.android.googlequicksearchbox/com.google.android.apps.gsa.googlequicksearchbox.GelStubAppWatcher
04-22 09:49:25.768  1635  1775 W BroadcastQueue: Background execution not allowed: receiving Intent { act=android.intent.action.PACKAGE_REMOVED dat=package:com.google.location.nearby.apps.connectedcrossroad flg=0x4000010 (has extras) } to com.facebook.katana/com.facebook.feed.platformads.AppInstallReceiver
04-22 09:49:25.768  1635  1775 W BroadcastQueue: Background execution not allowed: receiving Intent { act=android.intent.action.PACKAGE_REMOVED dat=package:com.google.location.nearby.apps.connectedcrossroad flg=0x4000010 (has extras) } to com.jaga.ibraceletplus.smartwristband3/com.yc.pedometer.keepalive.KeepAliveReceiver
04-22 09:49:25.768  1635  1775 W BroadcastQueue: Background execution not allowed: receiving Intent { act=android.intent.action.PACKAGE_REMOVED dat=package:com.google.location.nearby.apps.connectedcrossroad flg=0x4000010 (has extras) } to com.microsoft.appmanager/.receiver.InstallUninstallReceiver
04-22 09:49:25.770  1635  1775 W BroadcastQueue: Background execution not allowed: receiving Intent { act=android.intent.action.PACKAGE_REMOVED dat=package:com.google.location.nearby.apps.connectedcrossroad flg=0x4000010 (has extras) } to com.microsoft.appmanager/com.microsoft.mmx.continuity.receiver.InstallUninstallReceiver
04-22 09:49:25.770  1635  1775 W BroadcastQueue: Background execution not allowed: receiving Intent { act=android.intent.action.PACKAGE_REMOVED dat=package:com.google.location.nearby.apps.connectedcrossroad flg=0x4000010 (has extras) } to com.microsoft.emmx/com.microsoft.mmx.continuity.receiver.InstallUninstallReceiver
04-22 09:49:25.770  1635  1775 W BroadcastQueue: Background execution not allowed: receiving Intent { act=android.intent.action.PACKAGE_ADDED dat=package:com.google.location.nearby.apps.connectedcrossroad flg=0x4000010 (has extras) } to com.google.android.packageinstaller/com.android.packageinstaller.PackageInstalledReceiver
04-22 09:49:25.770  1635  1775 W BroadcastQueue: Background execution not allowed: receiving Intent { act=android.intent.action.PACKAGE_ADDED dat=package:com.google.location.nearby.apps.connectedcrossroad flg=0x4000010 (has extras) } to com.android.vending/com.google.android.finsky.packagemanager.impl.PackageMonitorReceiverImpl$RegisteredReceiver
04-22 09:49:25.770  1635  1775 W BroadcastQueue: Background execution not allowed: receiving Intent { act=android.intent.action.PACKAGE_ADDED dat=package:com.google.location.nearby.apps.connectedcrossroad flg=0x4000010 (has extras) } to com.google.android.gms/.games.chimera.GamesSystemBroadcastReceiverProxy
04-22 09:49:25.770  1635  1775 W BroadcastQueue: Background execution not allowed: receiving Intent { act=android.intent.action.PACKAGE_ADDED dat=package:com.google.location.nearby.apps.connectedcrossroad flg=0x4000010 (has extras) } to com.google.android.gms/.gass.chimera.PackageChangeBroadcastReceiver
04-22 09:49:25.770  1635  1775 W BroadcastQueue: Background execution not allowed: receiving Intent { act=android.intent.action.PACKAGE_ADDED dat=package:com.google.location.nearby.apps.connectedcrossroad flg=0x4000010 (has extras) } to com.google.android.gms/.chimera.GmsIntentOperationService$PersistentTrustedReceiver
04-22 09:49:25.770  1635  1775 W BroadcastQueue: Background execution not allowed: receiving Intent { act=android.intent.action.PACKAGE_ADDED dat=package:com.google.location.nearby.apps.connectedcrossroad flg=0x4000010 (has extras) } to com.google.android.googlequicksearchbox/com.google.android.apps.gsa.googlequicksearchbox.GelStubAppWatcher
04-22 09:49:25.770  1635  1775 W BroadcastQueue: Background execution not allowed: receiving Intent { act=android.intent.action.PACKAGE_ADDED dat=package:com.google.location.nearby.apps.connectedcrossroad flg=0x4000010 (has extras) } to com.facebook.katana/com.facebook.feed.platformads.AppInstallReceiver
