04-22 09:13:34.176  1635 11490 W UriGrantsManagerService: No permission grants found for com.google.android.apps.photos
04-22 09:13:34.230  1635  4614 W UriGrantsManagerService: No permission grants found for com.google.android.apps.photos
04-22 09:13:34.279  1635  4614 I chatty  : uid=1000(system) Binder:1635_10 identical 2 lines
04-22 09:13:34.279  1635  4614 W UriGrantsManagerService: No permission grants found for com.google.android.apps.photos
04-22 09:13:35.197  1635  2891 D ConnectivityService: NetReassign [no changes]
04-22 09:14:20.517  1635  2891 I chatty  : uid=1000(system) ConnectivitySer identical 15 lines
04-22 09:14:23.533  1635  2891 D ConnectivityService: NetReassign [no changes]
04-22 09:14:26.553  1635  1775 W BroadcastQueue: Background execution not allowed: receiving Intent { act=android.net.wifi.RSSI_CHANGED flg=0x4000010 (has extras) } to com.jaga.ibraceletplus.smartwristband3/com.yc.pedometer.remind.GloryFitBootReceiver
04-22 09:14:26.578  1635  2891 D ConnectivityService: NetReassign [no changes]
04-22 09:14:29.575  1635  2891 D ConnectivityService: NetReassign [no changes]
04-22 09:14:32.595  1635  1775 W BroadcastQueue: Background execution not allowed: receiving Intent { act=android.net.wifi.RSSI_CHANGED flg=0x4000010 (has extras) } to com.jaga.ibraceletplus.smartwristband3/com.yc.pedometer.remind.GloryFitBootReceiver
04-22 09:14:32.609  1635  2891 D ConnectivityService: NetReassign [no changes]
04-22 09:14:35.614  1635  2891 I chatty  : uid=1000(system) ConnectivitySer identical 1 line
04-22 09:14:38.644  1635  2891 D ConnectivityService: NetReassign [no changes]
04-22 09:14:40.202  1635  1713 W ActivityManager: Foreground service started from background can not have location/camera/microphone access: service steptracker.healthandfitness.walkingtracker.pedometer/com.drojian.stepcounter.service.CounterService
04-22 09:14:40.224  1635  1712 W ActivityManager: Foreground service started from background can not have location/camera/microphone access: service steptracker.healthandfitness.walkingtracker.pedometer/com.drojian.stepcounter.service.CounterService
04-22 09:14:40.238  1635  3048 W ActivityManager: Foreground service started from background can not have location/camera/microphone access: service steptracker.healthandfitness.walkingtracker.pedometer/com.drojian.stepcounter.service.CounterService
04-22 09:14:40.248  1635  1713 W ActivityManager: Foreground service started from background can not have location/camera/microphone access: service steptracker.healthandfitness.walkingtracker.pedometer/com.drojian.stepcounter.service.CounterService
04-22 09:14:41.384  1635  4614 W ActivityManager: Foreground service started from background can not have location/camera/microphone access: service steptracker.healthandfitness.walkingtracker.pedometer/com.drojian.stepcounter.service.CounterService
04-22 09:14:41.655  1635  2891 D ConnectivityService: NetReassign [no changes]
04-22 09:17:33.791  1635  2891 I chatty  : uid=1000(system) ConnectivitySer identical 57 lines
04-22 09:17:36.814  1635  2891 D ConnectivityService: NetReassign [no changes]
04-22 09:17:38.191  1635  3048 W ActivityManager: Foreground service started from background can not have location/camera/microphone access: service steptracker.healthandfitness.walkingtracker.pedometer/com.drojian.stepcounter.service.CounterService
04-22 09:17:39.826  1635  2891 D ConnectivityService: NetReassign [no changes]
04-22 09:18:16.037  1635  2891 I chatty  : uid=1000(system) ConnectivitySer identical 12 lines
04-22 09:18:19.055  1635  2891 D ConnectivityService: NetReassign [no changes]
04-22 09:18:19.226  1635  1635 D CompatibilityChangeReporter: Compat change id reported: 135634846; UID 10118; state: DISABLED
04-22 09:18:19.226  1635  1776 D CompatibilityChangeReporter: Compat change id reported: 143937733; UID 10118; state: ENABLED
04-22 09:18:19.243  1635  1776 I ActivityManager: Start proc 30156:com.google.android.partnersetup/u0a118 for service {com.google.android.partnersetup/com.google.android.partnersetup.InstalledAppJobService}
04-22 09:18:22.068  1635  2891 D ConnectivityService: NetReassign [no changes]
04-22 09:18:23.165  1635  3048 W ActivityManager: Foreground service started from background can not have location/camera/microphone access: service steptracker.healthandfitness.walkingtracker.pedometer/com.drojian.stepcounter.service.CounterService
04-22 09:18:25.042  1635  1713 W ActivityManager: Foreground service started from background can not have location/camera/microphone access: service steptracker.healthandfitness.walkingtracker.pedometer/com.drojian.stepcounter.service.CounterService
04-22 09:18:25.077  1635  2891 D ConnectivityService: NetReassign [no changes]
04-22 09:19:04.313  1635  2891 I chatty  : uid=1000(system) ConnectivitySer identical 13 lines
04-22 09:19:07.338  1635  2891 D ConnectivityService: NetReassign [no changes]
04-22 09:19:09.089  1635  1635 D CompatibilityChangeReporter: Compat change id reported: 135634846; UID 10205; state: DISABLED
04-22 09:19:09.089  1635  1776 D CompatibilityChangeReporter: Compat change id reported: 143937733; UID 10205; state: DISABLED
04-22 09:19:09.091  1635  1635 D CompatibilityChangeReporter: Compat change id reported: 135634846; UID 10202; state: DISABLED
04-22 09:19:09.105  1635  1776 I ActivityManager: Start proc 30198:com.google.android.apps.walletnfcrel/u0a205 for service {com.google.android.apps.walletnfcrel/com.google.android.libraries.notifications.entrypoints.scheduled.ScheduledTaskService}
04-22 09:19:09.106  1635  1776 D CompatibilityChangeReporter: Compat change id reported: 143937733; UID 10202; state: DISABLED
04-22 09:19:09.125  1635  1776 I ActivityManager: Start proc 30215:com.google.android.apps.chromecast.app/u0a202 for service {com.google.android.apps.chromecast.app/com.google.android.libraries.notifications.entrypoints.scheduled.ScheduledTaskService}
04-22 09:19:09.949  1635  9801 D ConnectivityService: requestNetwork for uid/pid:10205/30198 NetworkRequest [ TRACK_DEFAULT id=746, [ Capabilities: INTERNET&NOT_RESTRICTED&TRUSTED Uid: 10205 AdministratorUids: [] RequestorUid: 10205 RequestorPackageName: com.google.android.apps.walletnfcrel] ]
04-22 09:19:09.949  1635  2891 D ConnectivityService: NetReassign [746 : null  135]
04-22 09:19:10.264  1635  1712 D ConnectivityService: Returning BLOCKED NetworkInfo to uid=10205
04-22 09:19:10.359  1635  2891 D ConnectivityService: NetReassign [no changes]
04-22 09:19:13.378  1635  2891 D ConnectivityService: NetReassign [no changes]
04-22 09:19:16.188  1635  1713 D CompatibilityChangeReporter: Compat change id reported: 135634846; UID 10125; state: DISABLED
04-22 09:19:16.188  1635  1776 D CompatibilityChangeReporter: Compat change id reported: 143937733; UID 10125; state: ENABLED
04-22 09:19:16.203  1635  1776 I ActivityManager: Start proc 30376:com.google.android.googlequicksearchbox/u0a125 for broadcast {com.google.android.googlequicksearchbox/com.google.android.libraries.phenotype.client.stable.PhenotypeUpdateBackgroundBroadcastReceiver}
04-22 09:19:16.397  1635  2891 D ConnectivityService: NetReassign [no changes]
04-22 09:19:16.887  1635  1775 W BroadcastQueue: Background execution not allowed: receiving Intent { act=com.google.android.systemui.OPA_ENABLED flg=0x10000010 (has extras) } to com.google.android.apps.nexuslauncher/.qsb.OPAStatusReceiver
04-22 09:19:17.788  1635  1775 W BroadcastQueue: Background execution not allowed: receiving Intent { act=com.google.android.systemui.OPA_ENABLED flg=0x10000010 (has extras) } to com.google.android.apps.nexuslauncher/.qsb.OPAStatusReceiver
04-22 09:19:19.420  1635  2891 D ConnectivityService: NetReassign [no changes]
04-22 09:19:22.434  1635  2891 I chatty  : uid=1000(system) ConnectivitySer identical 1 line
04-22 09:19:25.462  1635  2891 D ConnectivityService: NetReassign [no changes]
04-22 09:19:27.119  1635  9801 I ActivityTaskManager: Config changes=20000000 {1.0 310mcc260mnc [en_US] ldltr sw432dp w816dp h408dp 400dpi nrml long land night finger -keyb/v/h -nav/h winConfig={ mBounds=Rect(0, 0 - 2160, 1080) mAppBounds=Rect(0, 0 - 2040, 1080) mWindowingMode=fullscreen mDisplayWindowingMode=fullscreen mActivityType=undefined mAlwaysOnTop=undefined mRotation=ROTATION_90} s.2509}
04-22 09:19:27.129  1635  9801 I WindowManager: Override config changes=20000000 {1.0 310mcc260mnc [en_US] ldltr sw432dp w816dp h408dp 400dpi nrml long land night finger -keyb/v/h -nav/h winConfig={ mBounds=Rect(0, 0 - 2160, 1080) mAppBounds=Rect(0, 0 - 2040, 1080) mWindowingMode=fullscreen mDisplayWindowingMode=fullscreen mActivityType=undefined mAlwaysOnTop=undefined mRotation=ROTATION_90} s.2509} for displayId=0
04-22 09:19:27.138  1635  9801 V WindowManager: Orientation start waiting for draw, mDrawState=DRAW_PENDING in Window{e93b383 u0 NavigationBar0}, surfaceController Surface(name=NavigationBar0)/@0x671de21
04-22 09:19:27.138  1635  9801 V WindowManager: Orientation start waiting for draw, mDrawState=DRAW_PENDING in Window{c770c65 u0 StatusBar}, surfaceController Surface(name=StatusBar)/@0xb120c07
04-22 09:19:27.139  1635  9801 V WindowManager: Orientation start waiting for draw, mDrawState=DRAW_PENDING in Window{5f9fccf u0 com.ninjakiwi.bloonstd6/com.unity3d.player.UnityPlayerActivity}, surfaceController Surface(name=com.ninjakiwi.bloonstd6/com.unity3d.player.UnityPlayerActivity)/@0xe32c48e
04-22 09:19:27.319  1635  1757 I WindowManager: Screen frozen for +302ms due to Window{e93b383 u0 NavigationBar0}
04-22 09:19:28.481  1635  2891 D ConnectivityService: NetReassign [no changes]
04-22 09:19:29.929  1635  1775 W BroadcastQueue: Background execution not allowed: receiving Intent { act=com.google.android.systemui.OPA_ENABLED flg=0x10000010 (has extras) } to com.google.android.apps.nexuslauncher/.qsb.OPAStatusReceiver
04-22 09:19:30.490  1635  1775 W BroadcastQueue: Background execution not allowed: receiving Intent { act=com.google.android.systemui.OPA_ENABLED flg=0x10000010 (has extras) } to com.google.android.apps.nexuslauncher/.qsb.OPAStatusReceiver
04-22 09:19:31.503  1635  2891 D ConnectivityService: NetReassign [no changes]
04-22 09:20:34.931  1635  2891 I chatty  : uid=1000(system) ConnectivitySer identical 21 lines
04-22 09:20:37.952  1635  2891 D ConnectivityService: NetReassign [no changes]
04-22 09:20:40.267  1635  1713 W ActivityManager: Foreground service started from background can not have location/camera/microphone access: service steptracker.healthandfitness.walkingtracker.pedometer/com.drojian.stepcounter.service.CounterService
04-22 09:20:40.292  1635  1713 W ActivityManager: Foreground service started from background can not have location/camera/microphone access: service steptracker.healthandfitness.walkingtracker.pedometer/com.drojian.stepcounter.service.CounterService
04-22 09:20:40.298  1635  3042 W ActivityManager: Foreground service started from background can not have location/camera/microphone access: service steptracker.healthandfitness.walkingtracker.pedometer/com.drojian.stepcounter.service.CounterService
04-22 09:20:40.964  1635  2891 D ConnectivityService: NetReassign [no changes]
04-22 09:22:05.515  1635  2891 I chatty  : uid=1000(system) ConnectivitySer identical 28 lines
04-22 09:22:08.531  1635  2891 D ConnectivityService: NetReassign [no changes]
04-22 09:22:11.451  1635  2884 W NetworkPolicy: shared quota unsupported; generating rule for each iface
04-22 09:22:11.542  1635  2891 D ConnectivityService: NetReassign [no changes]
04-22 09:22:41.717  1635  2891 I chatty  : uid=1000(system) ConnectivitySer identical 10 lines
04-22 09:22:44.734  1635  2891 D ConnectivityService: NetReassign [no changes]
04-22 09:22:45.720  1635  4614 I ActivityTaskManager: START u0 {act=com.facebook.orca.notify.SECURE_VIEW dat=fb-messenger://user/100001297825937 flg=0x14000000 pkg=com.facebook.orca cmp=com.facebook.orca/com.facebook.messenger.intents.SecureIntentHandlerActivity (has extras)} from uid 10243
04-22 09:22:46.098  1635  1712 I ActivityTaskManager: START u0 {flg=0x4000000 cmp=com.facebook.orca/com.facebook.messenger.neue.MainActivity (has extras)} from uid 10243
04-22 09:22:46.462  1635  4614 W ActivityTaskManager: Tried to set launchTime (0) < mLastActivityLaunchTime (35811308)
04-22 09:22:46.474  1635  4614 V WindowManager: Orientation start waiting for draw, mDrawState=DRAW_PENDING in Window{b56c905 u0 Splash Screen com.facebook.orca}, surfaceController Surface(name=Splash Screen com.facebook.orca)/@0x6986657
04-22 09:22:46.942  1635  1756 I ActivityTaskManager: Config changes=20000480 {1.0 310mcc260mnc [en_US] ldltr sw432dp w432dp h792dp 400dpi nrml long port night finger -keyb/v/h -nav/h winConfig={ mBounds=Rect(0, 0 - 1080, 2160) mAppBounds=Rect(0, 0 - 1080, 2040) mWindowingMode=fullscreen mDisplayWindowingMode=fullscreen mActivityType=undefined mAlwaysOnTop=undefined mRotation=ROTATION_0} s.2579}
04-22 09:22:47.083  1635  1756 I WindowManager: Override config changes=20000480 {1.0 310mcc260mnc [en_US] ldltr sw432dp w432dp h792dp 400dpi nrml long port night finger -keyb/v/h -nav/h winConfig={ mBounds=Rect(0, 0 - 1080, 2160) mAppBounds=Rect(0, 0 - 1080, 2040) mWindowingMode=fullscreen mDisplayWindowingMode=fullscreen mActivityType=undefined mAlwaysOnTop=undefined mRotation=ROTATION_0} s.2579} for displayId=0
04-22 09:22:47.755  1635  2891 D ConnectivityService: NetReassign [no changes]
04-22 09:22:48.562  1635  1712 D CompatibilityChangeReporter: Compat change id reported: 136274596; UID 10243; state: DISABLED
04-22 09:22:50.769  1635  2891 D ConnectivityService: NetReassign [no changes]
04-22 09:23:05.838  1635  2891 I chatty  : uid=1000(system) ConnectivitySer identical 5 lines
04-22 09:23:08.854  1635  2891 D ConnectivityService: NetReassign [no changes]
04-22 09:23:11.406  1635  1974 D WindowManager: powerPress: eventTime=35836803 interactive=true count=1 beganFromNonInteractive=false mShortPressOnPowerBehavior=1
04-22 09:23:11.407  1635  1974 I PowerManagerService: Going to sleep due to power_button (uid 1000)...
04-22 09:23:11.431  1635  3043 D BiometricUtils: isEncrypted: false isLockdown: false
04-22 09:23:11.441  1635  1635 V FingerprintService: startAuthentication(com.android.systemui)
04-22 09:23:11.441  1635  1635 V FingerprintService: starting client AuthenticationClientImpl(com.android.systemui) targetUserId: 0 currentUserId: 0 cookie: 0/0
04-22 09:23:11.460  1635  1635 W FingerprintService: client com.android.systemui is authenticating...
04-22 09:23:11.873  1635  2891 D ConnectivityService: NetReassign [no changes]
04-22 09:23:11.894  1635  1862 I DisplayPowerController: Blocking screen off
04-22 09:23:11.894  1635  1862 I DisplayPowerController: Unblocked screen off after 1 ms
04-22 09:23:11.908  1635  1862 D ActivityTaskManager: Top Process State changed to PROCESS_STATE_TOP_SLEEPING
04-22 09:23:11.963  1635  1862 V DisplayPowerController: Brightness [-1.0] reason changing to: 'screen_off', previous reason: 'automatic'.
04-22 09:23:11.968  1635  1756 I DisplayManagerService: Display device changed state: "Built-in Screen", OFF
04-22 09:23:12.163  1635  1862 I DreamManagerService: Entering dreamland.
04-22 09:23:12.164  1635  1862 I PowerManagerService: Dozing...
04-22 09:23:12.166  1635  1752 I DreamController: Starting dream: name=ComponentInfo{com.android.systemui/com.android.systemui.doze.DozeService}, isTest=false, canDoze=true, userId=0
04-22 09:23:12.331  1635 11490 V WindowManager: Orientation start waiting for draw, mDrawState=DRAW_PENDING in Window{b3b0d7 u0 NotificationShade}, surfaceController Surface(name=NotificationShade)/@0xc18e110
04-22 09:23:12.447  1635  1712 V WindowManager: Orientation start waiting for draw, mDrawState=DRAW_PENDING in Window{b3b0d7 u0 NotificationShade}, surfaceController Surface(name=NotificationShade)/@0xc18e110
04-22 09:23:12.454  1635  1756 V WindowManager: Orientation start waiting for draw, mDrawState=DRAW_PENDING in Window{b3b0d7 u0 NotificationShade}, surfaceController Surface(name=NotificationShade)/@0xc18e110
04-22 09:23:12.744  1635  3043 I ActivityTaskManager: START u0 {flg=0x10000000 cmp=steptracker.healthandfitness.walkingtracker.pedometer/com.drojian.servicekeeper.service.OneActivity} from uid 10208
04-22 09:23:12.745  1635  3043 W ActivityTaskManager: Background activity start [callingPackage: steptracker.healthandfitness.walkingtracker.pedometer; callingUid: 10208; isCallingUidForeground: false; callingUidHasAnyVisibleWindow: false; callingUidProcState: FOREGROUND_SERVICE; isCallingUidPersistentSystemProcess: false; realCallingUid: 10208; isRealCallingUidForeground: false; realCallingUidHasAnyVisibleWindow: false; realCallingUidProcState: FOREGROUND_SERVICE; isRealCallingUidPersistentSystemProcess: false; originatingPendingIntent: null; isBgStartWhitelisted: false; intent: Intent { flg=0x10000000 cmp=steptracker.healthandfitness.walkingtracker.pedometer/com.drojian.servicekeeper.service.OneActivity }; callerApp: ProcessRecord{7a2a5f8 15007:steptracker.healthandfitness.walkingtracker.pedometer/u0a208}]
04-22 09:23:12.747  1635  3043 E ActivityTaskManager: Abort background activity starts from 10208
04-22 09:23:12.872  1635 11490 W ActivityManager: Foreground service started from background can not have location/camera/microphone access: service steptracker.healthandfitness.walkingtracker.pedometer/com.drojian.stepcounter.service.CounterService
04-22 09:23:16.915  1635  1756 W ActivityTaskManager: Sleep timeout!  Sleeping now.
04-22 09:25:36.006  1635  1790 D BatteryStatsImpl: Reading cpu stats took 169ms
04-22 09:25:54.617  1635  1635 W NotificationHistory: Attempted to add notif for locked/gone/disabled user 0
04-22 09:25:55.068  1635  1862 I DisplayPowerController: Blocking screen on until initial contents have been drawn.
04-22 09:25:55.089  1635  1862 V DisplayPowerController: Brightness [0.09448819] reason changing to: 'doze', previous reason: 'screen_off'.
04-22 09:25:55.090  1635  1756 I DisplayManagerService: Display device changed state: "Built-in Screen", ON
04-22 09:25:55.131  1635  1862 I DisplayPowerController: Unblocked screen on after 63 ms
04-22 09:25:55.238  1635  1775 D CompatibilityChangeReporter: Compat change id reported: 135634846; UID 10293; state: DISABLED
04-22 09:25:55.240  1635  1776 D CompatibilityChangeReporter: Compat change id reported: 143937733; UID 10293; state: ENABLED
04-22 09:25:55.248  1635  1635 E NotificationService: Muting recently noisy 0|com.facebook.orca|10000|ONE_TO_ONE:100001297825937:100000970685367|10243
04-22 09:25:55.251  1635  1635 W NotificationHistory: Attempted to add notif for locked/gone/disabled user 0
04-22 09:25:55.274  1635  2891 D Nat464Xlat: clatd running, updating NAI for v4-rmnet_data2
04-22 09:25:55.285  1635  1776 I ActivityManager: Start proc 30911:com.google.android.cellbroadcastreceiver/u0a293 for broadcast {com.google.android.cellbroadcastreceiver/com.android.cellbroadcastreceiver.CellBroadcastReceiver}
04-22 09:25:55.388  1635  2891 D Nat464Xlat: clatd running, updating NAI for v4-rmnet_data2
04-22 09:25:56.788  1635  1635 W NotificationHistory: Attempted to add notif for locked/gone/disabled user 0
04-22 09:25:57.374  1635  1712 W ActivityManager: Foreground service started from background can not have location/camera/microphone access: service steptracker.healthandfitness.walkingtracker.pedometer/com.drojian.stepcounter.service.CounterService
04-22 09:25:58.533  1635  1713 W ActivityManager: Foreground service started from background can not have location/camera/microphone access: service steptracker.healthandfitness.walkingtracker.pedometer/com.drojian.stepcounter.service.CounterService
04-22 09:26:00.571  1635  1862 I DisplayPowerController: Blocking screen off
04-22 09:26:00.572  1635  1862 I DisplayPowerController: Unblocked screen off after 1 ms
04-22 09:26:00.639  1635  1862 V DisplayPowerController: Brightness [-1.0] reason changing to: 'screen_off', previous reason: 'doze'.
04-22 09:26:00.642  1635  1756 I DisplayManagerService: Display device changed state: "Built-in Screen", OFF
04-22 09:26:03.670  1635  1635 W NotificationHistory: Attempted to add notif for locked/gone/disabled user 0
04-22 09:26:08.933  1635  4612 I PowerManagerService: Waking up from Dozing (uid=10158, reason=WAKE_REASON_GESTURE, details=com.android.systemui:NODOZE)...
04-22 09:26:08.957  1635  1862 I DisplayPowerController: Blocking screen on until initial contents have been drawn.
04-22 09:26:08.980  1635  1862 V DisplayPowerController: Brightness [0.23940818] reason changing to: 'manual', previous reason: 'screen_off'.
04-22 09:26:08.981  1635  1756 I DisplayManagerService: Display device changed state: "Built-in Screen", ON
04-22 09:26:09.051  1635  1862 I DisplayPowerController: Unblocked screen on after 95 ms
04-22 09:26:09.056  1635  1775 W BroadcastQueue: Background execution not allowed: receiving Intent { act=android.net.wifi.RSSI_CHANGED flg=0x4000010 (has extras) } to com.jaga.ibraceletplus.smartwristband3/com.yc.pedometer.remind.GloryFitBootReceiver
04-22 09:26:09.099  1635  2891 D Nat464Xlat: clatd running, updating NAI for v4-rmnet_data2
04-22 09:26:09.121  1635  1862 V DisplayPowerController: Brightness [0.24175024] reason changing to: 'automatic', previous reason: 'manual'.
04-22 09:26:09.139  1635  1862 W PowerManagerService: Screen on took 207 ms
04-22 09:26:09.140  1635  1862 I DreamManagerService: Gently waking up from dream.
04-22 09:26:09.140  1635  1752 I DreamManagerService: Performing gentle wake from dream.
04-22 09:26:09.169  1635  3043 I SoundTriggerService: deleteSoundModel(): id = 9f6ad62a-1f0b-11e7-87c5-40a8f03d3f15
04-22 09:26:09.169  1635  3043 W SoundTriggerHelper: Unload error: Attempting unload invalid generic model with id:9f6ad62a-1f0b-11e7-87c5-40a8f03d3f15
04-22 09:26:09.169  1635  3043 E SoundTriggerService: error onStop(): Model 9f6ad62a-1f0b-11e7-87c5-40a8f03d3f15 has no stats available
04-22 09:26:09.182  1635  2891 D Nat464Xlat: clatd running, updating NAI for v4-rmnet_data2
04-22 09:26:09.219  1635  4614 I DreamManagerService: Leaving dreamland.
04-22 09:26:09.220  1635  1752 I DreamManagerService: Performing gentle wake from dream.
04-22 09:26:09.220  1635  1752 I DreamController: Stopping dream: name=ComponentInfo{com.android.systemui/com.android.systemui.doze.DozeService}, isTest=false, canDoze=true, userId=0, reason='finished self'(from 'requested stopDream')
04-22 09:26:09.345  1635  1757 V WindowManager: Orientation start waiting for draw, mDrawState=DRAW_PENDING in Window{be9957c u0 com.android.systemui.ImageWallpaper}, surfaceController Surface(name=com.android.systemui.ImageWallpaper)/@0x5cfb2cc
04-22 09:26:09.403  1635  2891 D ConnectivityService: NetReassign [no changes]
04-22 09:26:09.565  1635  4612 I ActivityManager: Process com.qualcomm.telephony (pid 12486) has died: cch+95 SVC 
04-22 09:26:09.569  1635  4612 W ActivityManager: Scheduling restart of crashed service com.qualcomm.atfwd/.AtFwdService in 1000ms for start-requested
04-22 09:26:09.617  1635  4612 I ActivityManager: Process com.google.android.deskclock (pid 24599) has died: cch+85 CEM 
04-22 09:26:09.837  1635  3042 I ActivityManager: Process com.microsoft.appmanager (pid 27147) has died: cch+85 CEM 
04-22 09:26:09.837  1635  3048 D ConnectivityService: ConnectivityService NetworkRequestInfo binderDied(NetworkRequest [ LISTEN id=728, [ Capabilities: INTERNET&NOT_RESTRICTED&TRUSTED&NOT_VPN&FOREGROUND Uid: 10273 AdministratorUids: [] RequestorUid: 10273 RequestorPackageName: com.microsoft.appmanager] ], android.os.BinderProxy@32b7ce8)
04-22 09:26:10.571  1635  1775 D CompatibilityChangeReporter: Compat change id reported: 135634846; UID 10086; state: DISABLED
04-22 09:26:10.572  1635  1776 D CompatibilityChangeReporter: Compat change id reported: 143937733; UID 10086; state: ENABLED
04-22 09:26:10.596  1635  1776 I ActivityManager: Start proc 30970:com.qualcomm.telephony/u0a86 for service {com.qualcomm.atfwd/com.qualcomm.atfwd.AtFwdService}
04-22 09:26:10.738  1635  1635 V FingerprintService: Acquired: 7 0
04-22 09:26:10.983  1635  1635 V FingerprintService: Acquired: 0 0
04-22 09:26:10.988  1635  1635 V BiometricStats: Authentication latency: 250
04-22 09:26:10.988  1635  1635 V FingerprintService: onAuthenticated(true), ID:636910442, Owner: com.android.systemui, isBP: false, listener: com.android.server.biometrics.fingerprint.FingerprintService$ServiceListenerImpl@c0e0b83, requireConfirmation: false, user: 0
04-22 09:26:11.004  1635  1635 V FingerprintService: Done with client: com.android.systemui
04-22 09:26:11.013  1635  3042 I ActivityTaskManager: START u0 {act=android.intent.action.VIEW dat=content://com.google.android.gm.sapi/rak3me@virginia.edu/notifications?account_type=com.google typ=application/gmail-ls flg=0x1000c000 cmp=com.google.android.gm/.ui.MailActivityGmail (has extras)} from uid 10184
04-22 09:26:11.068  1635  1756 W ProcessStats: Tracking association SourceState{f45d3f5 com.google.android.gm/10184 Top #212052} whose proc state 1 is better than process ProcessState{8af29f3 com.google.android.gms.persistent/10145 pkg=com.google.android.gms} proc state 2 (75 skipped)
04-22 09:26:11.345  1635  3048 D ActivityTaskManager: Top Process State changed to PROCESS_STATE_TOP
04-22 09:26:11.345  1635  3048 D ActivityTaskManager: awakeFromSleepingLocked: previously pausing activity didn't pause
04-22 09:26:11.355  1635  1756 D CompatibilityChangeReporter: Compat change id reported: 136274596; UID 10184; state: ENABLED
04-22 09:26:11.558  1635  1756 W ActivityTaskManager: Activity top resumed state loss timeout for ActivityRecord{7719d39 u0 com.google.android.gm/.ui.MailActivityGmail t8078}
04-22 09:26:11.687  1635  3042 D CompatibilityChangeReporter: Compat change id reported: 135634846; UID 10172; state: DISABLED
04-22 09:26:11.688  1635  1776 D CompatibilityChangeReporter: Compat change id reported: 143937733; UID 10172; state: ENABLED
04-22 09:26:11.705  1635  1776 I ActivityManager: Start proc 31015:com.google.android.calendar/u0a172 for service {com.google.android.calendar/com.google.android.calendar.timely.CalendarOobeService}
04-22 09:26:11.904  1635  3042 V WindowManager: Orientation start waiting for draw, mDrawState=DRAW_PENDING in Window{1a1a187 u0 com.google.android.gm/com.google.android.gm.ui.MailActivityGmail}, surfaceController Surface(name=com.google.android.gm/com.google.android.gm.ui.MailActivityGmail)/@0x86816e4
04-22 09:26:11.979  1635  1775 W BroadcastQueue: Background execution not allowed: receiving Intent { act=android.intent.action.USER_PRESENT flg=0x24200010 } to steptracker.healthandfitness.walkingtracker.pedometer/com.drojian.servicekeeper.service.WatcherPeriodReceiver
04-22 09:26:11.979  1635  1775 W BroadcastQueue: Background execution not allowed: receiving Intent { act=android.intent.action.USER_PRESENT flg=0x24200010 } to steptracker.healthandfitness.walkingtracker.pedometer/com.drojian.servicekeeper.receiver.BootReceiver
04-22 09:26:11.979  1635  1775 W BroadcastQueue: Background execution not allowed: receiving Intent { act=android.intent.action.USER_PRESENT flg=0x24200010 } to com.android.chrome/org.chromium.chrome.browser.sharing.click_to_call.ClickToCallMessageHandler$PhoneUnlockedReceiver
04-22 09:26:11.980  1635  1775 W BroadcastQueue: Background execution not allowed: receiving Intent { act=android.intent.action.USER_PRESENT flg=0x24200010 } to com.google.android.gms/.auth.setup.devicesignals.LockScreenReceiver
04-22 09:26:11.981  1635  1775 W BroadcastQueue: Background execution not allowed: receiving Intent { act=android.intent.action.USER_PRESENT flg=0x24200010 } to com.google.android.gms/.chimera.GmsIntentOperationService$PersistentTrustedReceiver
04-22 09:26:11.982  1635  1775 W BroadcastQueue: Background execution not allowed: receiving Intent { act=android.intent.action.USER_PRESENT flg=0x24200010 } to com.instagram.android/com.instagram.push.FbnsInitBroadcastReceiver
04-22 09:26:11.982  1635  1775 W BroadcastQueue: Permission Denial: broadcasting Intent { act=android.intent.action.USER_PRESENT flg=0x24200010 } from com.android.systemui (pid=2979, uid=10158) is not exported from uid 10324 due to receiver com.jaga.ibraceletplus.smartwristband3/com.yc.pedometer.remind.GloryFitBootReceiver
04-22 09:26:11.982  1635  1775 W BroadcastQueue: Background execution not allowed: receiving Intent { act=android.intent.action.USER_PRESENT flg=0x24200010 } to com.weather.Weather/com.weather.dal2.system.UniversalBroadcastReceiver
04-22 09:26:11.982  1635  1775 W BroadcastQueue: Background execution not allowed: receiving Intent { act=android.intent.action.USER_PRESENT flg=0x24200010 } to io.voodoo.dune/io.presage.core.receiver.UserPresentReceiver
04-22 09:26:11.982  1635  1775 W BroadcastQueue: Background execution not allowed: receiving Intent { act=android.intent.action.USER_PRESENT flg=0x24200010 } to steptracker.healthandfitness.walkingtracker.pedometer/com.drojian.stepcounter.receiver.PedometerReceiver
04-22 09:26:11.983  1635  1775 W BroadcastQueue: Background execution not allowed: receiving Intent { act=android.intent.action.USER_PRESENT flg=0x24200010 } to steptracker.healthandfitness.walkingtracker.pedometer/com.drojian.servicekeeper.service.WatcherService$MathReceiver
04-22 09:26:12.089  1635  2891 D ConnectivityService: NetReassign [no changes]
04-22 09:26:12.250  1635  4612 W ActivityManager: Background start not allowed: service Intent { act=Orca.START cmp=com.instagram.android/com.facebook.rti.push.service.FbnsService (has extras) } to com.instagram.android/com.facebook.rti.push.service.FbnsService from pid=27946 uid=10317 pkg=com.instagram.android startFg?=false
04-22 09:26:12.468  1635  4612 I ActivityManager: Process steptracker.healthandfitness.walkingtracker.pedometer:KeeperService (pid 19699) has died: cch+95 SVC 
04-22 09:26:12.469  1635  4612 W ActivityManager: Scheduling restart of crashed service steptracker.healthandfitness.walkingtracker.pedometer/com.drojian.servicekeeper.service.EmptyService in 1000ms for start-requested
04-22 09:26:12.469  1635  4612 W ActivityManager: Scheduling restart of crashed service steptracker.healthandfitness.walkingtracker.pedometer/com.drojian.servicekeeper.service.PeriodService in 11000ms for start-requested
04-22 09:26:12.475  1635 12414 D CompatibilityChangeReporter: Compat change id reported: 135634846; UID 10072; state: DISABLED
04-22 09:26:12.476  1635  1776 D CompatibilityChangeReporter: Compat change id reported: 143937733; UID 10072; state: ENABLED
04-22 09:26:12.480  1635  1635 W Looper  : Slow dispatch took 500ms main h=android.app.ActivityThread$H c=android.app.-$$Lambda$LoadedApk$ReceiverDispatcher$Args$_BumDX2UKsnxLVrE6UJsJZkotuA@76a2822 m=0
04-22 09:26:12.480  1635  1635 W Looper  : Slow delivery took 503ms main h=android.app.ActivityThread$H c=android.app.-$$Lambda$LoadedApk$ReceiverDispatcher$Args$_BumDX2UKsnxLVrE6UJsJZkotuA@cb9a2b3 m=0
04-22 09:26:12.493  1635  1776 I ActivityManager: Start proc 31082:com.android.providers.calendar/u0a72 for content provider {com.android.providers.calendar/com.android.providers.calendar.CalendarProvider2}
04-22 09:26:12.505  1635  1635 W Looper  : Drained
04-22 09:26:12.508  1635  4930 I ActivityManager: Process com.google.android.apps.turbo:aab (pid 28154) has died: cch+95 CEM 
04-22 09:26:13.249  1635  3048 D CompatibilityChangeReporter: Compat change id reported: 135634846; UID 10184; state: DISABLED
04-22 09:26:13.250  1635  1776 D CompatibilityChangeReporter: Compat change id reported: 143937733; UID 10184; state: ENABLED
04-22 09:26:13.374  1635  1776 W ActivityManager: Slow operation: 125ms so far, now at startProcess: returned from zygote!
04-22 09:26:13.374  1635  1776 W ActivityManager: Slow operation: 125ms so far, now at startProcess: done updating battery stats
04-22 09:26:13.374  1635  1776 W ActivityManager: Slow operation: 125ms so far, now at startProcess: building log message
04-22 09:26:13.374  1635  1776 I ActivityManager: Start proc 31166:com.google.android.webview:sandboxed_process0:org.chromium.content.app.SandboxedProcessService0:0/u0i13 for  {com.google.android.gm/org.chromium.content.app.SandboxedProcessService0:0}
04-22 09:26:13.374  1635  1776 W ActivityManager: Slow operation: 125ms so far, now at startProcess: starting to update pids map
04-22 09:26:13.375  1635  1776 W ActivityManager: Slow operation: 125ms so far, now at startProcess: done updating pids map
04-22 09:26:13.471  1635  1775 D CompatibilityChangeReporter: Compat change id reported: 135634846; UID 10208; state: DISABLED
04-22 09:26:13.471  1635  1776 D CompatibilityChangeReporter: Compat change id reported: 143937733; UID 10208; state: DISABLED
04-22 09:26:13.484  1635  1776 I ActivityManager: Start proc 31171:steptracker.healthandfitness.walkingtracker.pedometer:KeeperService/u0a208 for service {steptracker.healthandfitness.walkingtracker.pedometer/com.drojian.servicekeeper.service.EmptyService}
04-22 09:26:13.688  1635  4930 D ConnectivityService: requestNetwork for uid/pid:10184/22727 NetworkRequest [ TRACK_DEFAULT id=748, [ Capabilities: INTERNET&NOT_RESTRICTED&TRUSTED Uid: 10184 AdministratorUids: [] RequestorUid: 10184 RequestorPackageName: com.google.android.gm] ]
04-22 09:26:13.688  1635  2891 D ConnectivityService: NetReassign [748 : null  135]
04-22 09:26:13.690  1635  2891 D ConnectivityService: NetReassign [no changes]
04-22 09:26:13.868  1635 12414 D CompatibilityChangeReporter: Compat change id reported: 136274596; UID 10184; state: ENABLED
04-22 09:26:14.086  1635  2958 D CompatibilityChangeReporter: Compat change id reported: 135634846; UID 10203; state: DISABLED
04-22 09:26:14.087  1635  1776 D CompatibilityChangeReporter: Compat change id reported: 143937733; UID 10203; state: DISABLED
04-22 09:26:14.116  1635  1776 I ActivityManager: Start proc 31229:com.google.android.keep/u0a203 for service {com.google.android.keep/com.google.android.keep.syncadapter.KeepSyncAdapterService}
04-22 09:26:15.102  1635  2891 D ConnectivityService: NetReassign [no changes]
04-22 09:26:16.190  1635  4624 W ActivityManager: Unable to start service Intent { cmp=com.google.android.gm/com.android.email.service.AttachmentService } U=0: not found
04-22 09:26:17.691  1635  1775 W ActivityManager: Stopping service due to app idle: u0a248 -1h19m52s772ms com.facebook.katana/com.facebook.mqttlite.MqttService
04-22 09:26:18.046  1635 12414 D CompatibilityChangeReporter: Compat change id reported: 135634846; UID 10215; state: DISABLED
04-22 09:26:18.046  1635  1776 D CompatibilityChangeReporter: Compat change id reported: 143937733; UID 10215; state: DISABLED
04-22 09:26:18.064  1635  1776 I ActivityManager: Start proc 31522:com.microsoft.emmx:sandboxed_process0:org.chromium.content.app.EdgeSandboxedProcessService0/u0i14 for service {com.microsoft.emmx/org.chromium.content.app.EdgeSandboxedProcessService0}
04-22 09:26:18.125  1635  2891 D ConnectivityService: NetReassign [no changes]
04-22 09:26:18.788  1635  1754 I ActivityTaskManager: START u0 {act=android.intent.action.MAIN cat=[android.intent.category.HOME] flg=0x10000100 cmp=com.google.android.apps.nexuslauncher/.NexusLauncherActivity (has extras)} from uid 0
04-22 09:26:18.950  1635  4612 I ActivityManager: Process com.google.android.apps.authenticator2 (pid 28079) has died: cch+99 CEM 
04-22 09:26:19.187  1635 11490 I ActivityManager: Process android.process.acore (pid 21693) has died: cch+85 CEM 
04-22 09:26:19.224  1635  1712 I ActivityManager: Process com.google.android.apps.wellbeing (pid 21255) has died: cch+85 CEM 
04-22 09:26:19.593  1635  1712 I ActivityManager: Process tv.twitch.android.app (pid 29001) has died: cch+75 CEM 
04-22 09:26:19.678  1635  3038 I ActivityManager: Process com.android.chrome (pid 28742) has died: cch+75 CEM 
04-22 09:26:19.694  1635  3038 I ActivityManager: Process com.google.android.apps.photos (pid 29964) has died: cch+65 CEM 
04-22 09:26:21.071  1635  3038 D CompatibilityChangeReporter: Compat change id reported: 135634846; UID 10215; state: DISABLED
04-22 09:26:21.071  1635  1776 D CompatibilityChangeReporter: Compat change id reported: 143937733; UID 10215; state: DISABLED
04-22 09:26:21.088  1635  1776 I ActivityManager: Start proc 31564:com.microsoft.emmx:sandboxed_process1:org.chromium.content.app.EdgeSandboxedProcessService1/u0i15 for service {com.microsoft.emmx/org.chromium.content.app.EdgeSandboxedProcessService1}
04-22 09:26:21.140  1635  2891 D ConnectivityService: NetReassign [no changes]
04-22 09:26:21.350  1635  3038 D CompatibilityChangeReporter: Compat change id reported: 135634846; UID 10215; state: DISABLED
04-22 09:26:21.353  1635  1776 D CompatibilityChangeReporter: Compat change id reported: 143937733; UID 10215; state: DISABLED
04-22 09:26:21.371  1635  1776 I ActivityManager: Start proc 31585:com.microsoft.emmx:privileged_process0/u0a215 for service {com.microsoft.emmx/org.chromium.content.app.EdgePrivilegedProcessService0}
04-22 09:26:22.044  1635  4614 I ActivityTaskManager: START u0 {act=com.facebook.orca.notify.SECURE_VIEW dat=fb-messenger://user/100001297825937 flg=0x14000000 pkg=com.facebook.orca cmp=com.facebook.orca/com.facebook.messenger.intents.SecureIntentHandlerActivity (has extras)} from uid 10243
04-22 09:26:22.046  1635  4614 W ActivityTaskManager: Activity start request from 10243 stopped
04-22 09:26:22.252  1635  4614 D ConnectivityService: requestNetwork for uid/pid:10215/27420 NetworkRequest [ TRACK_DEFAULT id=750, [ Capabilities: INTERNET&NOT_RESTRICTED&TRUSTED Uid: 10215 AdministratorUids: [] RequestorUid: 10215 RequestorPackageName: com.microsoft.emmx] ]
04-22 09:26:22.253  1635  2891 D ConnectivityService: NetReassign [750 : null  135]
04-22 09:26:22.258  1635  2891 D ConnectivityService: NetReassign [no changes]
04-22 09:26:22.380  1635  3038 D CompatibilityChangeReporter: Compat change id reported: 149924527; UID 10215; state: ENABLED
04-22 09:26:22.382  1635  3038 D CompatibilityChangeReporter: Compat change id reported: 132649864; UID 10215; state: DISABLED
04-22 09:26:23.800  1635  5549 W ActivityTaskManager: Tried to set launchTime (0) < mLastActivityLaunchTime (35811945)
04-22 09:26:23.924  1635  5549 I ActivityTaskManager: START u0 {flg=0x4000000 cmp=com.facebook.orca/com.facebook.messenger.neue.MainActivity (has extras)} from uid 10243
04-22 09:26:24.152  1635  2891 D ConnectivityService: NetReassign [no changes]
04-22 09:26:27.163  1635  2891 D ConnectivityService: NetReassign [no changes]
04-22 09:26:28.124  1635  1713 I DropBoxManagerService: add tag=event_data isTagEnabled=true flags=0x2
04-22 09:26:28.137  1635  1775 W BroadcastQueue: Background execution not allowed: receiving Intent { act=android.intent.action.DROPBOX_ENTRY_ADDED flg=0x10 (has extras) } to com.google.android.gms/.stats.service.DropBoxEntryAddedReceiver
04-22 09:26:28.137  1635  1775 W BroadcastQueue: Background execution not allowed: receiving Intent { act=android.intent.action.DROPBOX_ENTRY_ADDED flg=0x10 (has extras) } to com.google.android.gms/.chimera.GmsIntentOperationService$PersistentTrustedReceiver
04-22 09:26:28.164  1635  3038 I DropBoxManagerService: add tag=dumpsys:account isTagEnabled=true flags=0x2
04-22 09:26:28.168  1635  1775 W BroadcastQueue: Background execution not allowed: receiving Intent { act=android.intent.action.DROPBOX_ENTRY_ADDED flg=0x10 (has extras) } to com.google.android.gms/.stats.service.DropBoxEntryAddedReceiver
04-22 09:26:28.171  1635  1775 W BroadcastQueue: Background execution not allowed: receiving Intent { act=android.intent.action.DROPBOX_ENTRY_ADDED flg=0x10 (has extras) } to com.google.android.gms/.chimera.GmsIntentOperationService$PersistentTrustedReceiver
04-22 09:26:28.249  1635  5549 I DropBoxManagerService: add tag=platform_stats_bookmark isTagEnabled=true flags=0x2
04-22 09:26:28.253  1635  1775 W BroadcastQueue: Background execution not allowed: receiving Intent { act=android.intent.action.DROPBOX_ENTRY_ADDED flg=0x10 (has extras) } to com.google.android.gms/.stats.service.DropBoxEntryAddedReceiver
04-22 09:26:28.254  1635  1775 W BroadcastQueue: Background execution not allowed: receiving Intent { act=android.intent.action.DROPBOX_ENTRY_ADDED flg=0x10 (has extras) } to com.google.android.gms/.chimera.GmsIntentOperationService$PersistentTrustedReceiver
04-22 09:26:30.180  1635  2891 D ConnectivityService: NetReassign [no changes]
04-22 09:26:42.320  1635  2891 I chatty  : uid=1000(system) ConnectivitySer identical 4 lines
04-22 09:26:45.361  1635  2891 D ConnectivityService: NetReassign [no changes]
04-22 09:26:47.441  1635  3038 D ConnectivityService: requestNetwork for uid/pid:10215/27420 NetworkRequest [ TRACK_DEFAULT id=752, [ Capabilities: INTERNET&NOT_RESTRICTED&TRUSTED Uid: 10215 AdministratorUids: [] RequestorUid: 10215 RequestorPackageName: com.microsoft.emmx] ]
04-22 09:26:47.442  1635  2891 D ConnectivityService: NetReassign [752 : null  135]
04-22 09:26:47.447  1635  2891 D ConnectivityService: NetReassign [no changes]
04-22 09:26:48.392  1635  2891 I chatty  : uid=1000(system) ConnectivitySer identical 1 line
04-22 09:26:51.427  1635  2891 D ConnectivityService: NetReassign [no changes]
04-22 09:26:52.674  1635  1713 I ActivityManager: Killing 31522:com.microsoft.emmx:sandboxed_process0:org.chromium.content.app.EdgeSandboxedProcessService0/u0a215i14 (adj 0): isolated not needed
04-22 09:26:54.475  1635  2891 D ConnectivityService: NetReassign [no changes]
04-22 09:27:15.737  1635  2891 I chatty  : uid=1000(system) ConnectivitySer identical 7 lines
04-22 09:27:18.766  1635  2891 D ConnectivityService: NetReassign [no changes]
04-22 09:27:18.831  1635  2884 W NetworkPolicy: shared quota unsupported; generating rule for each iface
04-22 09:27:21.821  1635  2891 D ConnectivityService: NetReassign [no changes]
04-22 09:29:01.800  1635  2891 I chatty  : uid=1000(system) ConnectivitySer identical 33 lines
04-22 09:29:04.830  1635  2891 D ConnectivityService: NetReassign [no changes]
04-22 09:29:07.550  1635  3038 W ActivityManager: Foreground service started from background can not have location/camera/microphone access: service steptracker.healthandfitness.walkingtracker.pedometer/com.drojian.stepcounter.service.CounterService
04-22 09:29:07.556  1635  4614 W ActivityManager: Foreground service started from background can not have location/camera/microphone access: service steptracker.healthandfitness.walkingtracker.pedometer/com.drojian.stepcounter.service.CounterService
04-22 09:29:07.851  1635  2891 D ConnectivityService: NetReassign [no changes]
04-22 09:29:09.674  1635  3038 W ActivityManager: Foreground service started from background can not have location/camera/microphone access: service steptracker.healthandfitness.walkingtracker.pedometer/com.drojian.stepcounter.service.CounterService
04-22 09:29:09.697  1635  1713 W ActivityManager: Foreground service started from background can not have location/camera/microphone access: service steptracker.healthandfitness.walkingtracker.pedometer/com.drojian.stepcounter.service.CounterService
04-22 09:29:10.880  1635  2891 D ConnectivityService: NetReassign [no changes]
04-22 09:29:50.305  1635  2891 I chatty  : uid=1000(system) ConnectivitySer identical 13 lines
04-22 09:29:53.336  1635  2891 D ConnectivityService: NetReassign [no changes]
04-22 09:29:53.953  1635  1771 I UsageStatsService: User[0] Flushing usage stats to disk
04-22 09:29:56.368  1635  2891 D ConnectivityService: NetReassign [no changes]
04-22 09:30:05.464  1635  2891 I chatty  : uid=1000(system) ConnectivitySer identical 3 lines
04-22 09:30:08.498  1635  2891 D ConnectivityService: NetReassign [no changes]
04-22 09:30:11.250  1635  1635 W NotificationHistory: Attempted to add notif for locked/gone/disabled user 0
04-22 09:30:11.250  1635  1635 W Looper  : Slow dispatch took 153ms main h=com.android.server.notification.NotificationManagerService$WorkerHandler c=com.android.server.notification.NotificationManagerService$PostNotificationRunnable@9c7a1ec m=0
04-22 09:30:11.526  1635  2891 D ConnectivityService: NetReassign [no changes]
04-22 09:30:20.612  1635  2891 I chatty  : uid=1000(system) ConnectivitySer identical 3 lines
04-22 09:30:23.649  1635  2891 D ConnectivityService: NetReassign [no changes]
04-22 09:30:24.267  1635  1775 I ActivityManager: Waited long enough for: ServiceRecord{954556e u0 com.google.android.googlequicksearchbox/com.google.android.apps.gsa.shared.util.keepalive.StandaloneKeepAlive$KeepAliveService}
04-22 09:30:26.682  1635  2891 D ConnectivityService: NetReassign [no changes]
04-22 09:30:44.885  1635  2891 I chatty  : uid=1000(system) ConnectivitySer identical 6 lines
04-22 09:30:47.925  1635  2891 D ConnectivityService: NetReassign [no changes]
04-22 09:30:50.357  1635  2884 W NetworkPolicy: shared quota unsupported; generating rule for each iface
04-22 09:30:50.934  1635  2891 D ConnectivityService: NetReassign [no changes]
04-22 09:32:21.876  1635  2891 I chatty  : uid=1000(system) ConnectivitySer identical 30 lines
04-22 09:32:24.913  1635  2891 D ConnectivityService: NetReassign [no changes]
04-22 09:32:26.625  1635  1862 V DisplayPowerController: Brightness [0.05] reason changing to: 'automatic [ dim ]', previous reason: 'automatic'.
04-22 09:32:27.940  1635  2891 D ConnectivityService: NetReassign [no changes]
04-22 09:32:30.971  1635  2891 D ConnectivityService: NetReassign [no changes]
04-22 09:32:33.617  1635  1862 I PowerManagerService: Going to sleep due to timeout (uid 1000)...
04-22 09:32:33.655  1635  4614 D BiometricUtils: isEncrypted: false isLockdown: false
04-22 09:32:33.681  1635  1635 V FingerprintService: startAuthentication(com.android.systemui)
04-22 09:32:33.681  1635  1635 V FingerprintService: starting client AuthenticationClientImpl(com.android.systemui) targetUserId: 0 currentUserId: 0 cookie: 0/0
04-22 09:32:33.712  1635  1635 W FingerprintService: client com.android.systemui is authenticating...
04-22 09:32:33.770  1635  1862 V DisplayPowerController: Brightness [0.29931656] reason changing to: 'automatic', previous reason: 'automatic [ dim ]'.
04-22 09:32:33.993  1635  2891 D ConnectivityService: NetReassign [no changes]
04-22 09:32:34.192  1635  1862 I DisplayPowerController: Blocking screen off
04-22 09:32:34.192  1635  1862 I DisplayPowerController: Unblocked screen off after 1 ms
04-22 09:32:34.216  1635  1862 D ActivityTaskManager: Top Process State changed to PROCESS_STATE_TOP_SLEEPING
04-22 09:32:34.251  1635  1790 D KernelCpuUidUserSysTimeReader: Removing uids 99014-99014
04-22 09:32:34.283  1635  1862 V DisplayPowerController: Brightness [-1.0] reason changing to: 'screen_off', previous reason: 'automatic'.
04-22 09:32:34.287  1635  1756 I DisplayManagerService: Display device changed state: "Built-in Screen", OFF
04-22 09:32:34.450  1635  1862 I DreamManagerService: Entering dreamland.
04-22 09:32:34.451  1635  1862 I PowerManagerService: Dozing...
04-22 09:32:34.451  1635  1752 I DreamController: Starting dream: name=ComponentInfo{com.android.systemui/com.android.systemui.doze.DozeService}, isTest=false, canDoze=true, userId=0
04-22 09:32:34.510  1635  1635 D CompatibilityChangeReporter: Compat change id reported: 135634846; UID 10194; state: DISABLED
04-22 09:32:34.510  1635  1776 D CompatibilityChangeReporter: Compat change id reported: 143937733; UID 10194; state: ENABLED
04-22 09:32:34.528  1635  1776 I ActivityManager: Start proc 31948:com.google.android.apps.docs/u0a194 for service {com.google.android.apps.docs/com.google.android.libraries.internal.growth.growthkit.internal.jobs.impl.GrowthKitJobService}
04-22 09:32:34.551  1635  3046 I ActivityManager: Process com.google.android.partnersetup (pid 30156) has died: cch+99 CEM 
04-22 09:32:34.558  1635  1756 V WindowManager: Orientation start waiting for draw, mDrawState=DRAW_PENDING in Window{b3b0d7 u0 NotificationShade}, surfaceController Surface(name=NotificationShade)/@0xd44e1d
04-22 09:32:34.577  1635  4614 I ActivityManager: Process com.google.android.GoogleCamera (pid 30014) has died: cch+99 CEM 
04-22 09:32:35.453  1635 12414 I ActivityTaskManager: START u0 {flg=0x10000000 cmp=steptracker.healthandfitness.walkingtracker.pedometer/com.drojian.servicekeeper.service.OneActivity} from uid 10208
04-22 09:32:35.454  1635 12414 W ActivityTaskManager: Background activity start [callingPackage: steptracker.healthandfitness.walkingtracker.pedometer; callingUid: 10208; isCallingUidForeground: false; callingUidHasAnyVisibleWindow: false; callingUidProcState: FOREGROUND_SERVICE; isCallingUidPersistentSystemProcess: false; realCallingUid: 10208; isRealCallingUidForeground: false; realCallingUidHasAnyVisibleWindow: false; realCallingUidProcState: FOREGROUND_SERVICE; isRealCallingUidPersistentSystemProcess: false; originatingPendingIntent: null; isBgStartWhitelisted: false; intent: Intent { flg=0x10000000 cmp=steptracker.healthandfitness.walkingtracker.pedometer/com.drojian.servicekeeper.service.OneActivity }; callerApp: ProcessRecord{7a2a5f8 15007:steptracker.healthandfitness.walkingtracker.pedometer/u0a208}]
04-22 09:32:35.456  1635 12414 E ActivityTaskManager: Abort background activity starts from 10208
04-22 09:32:35.550  1635  3045 W ActivityManager: Foreground service started from background can not have location/camera/microphone access: service steptracker.healthandfitness.walkingtracker.pedometer/com.drojian.stepcounter.service.CounterService
04-22 09:32:35.649  1635 11490 D ConnectivityService: Returning UNBLOCKED NetworkInfo to uid=10194
04-22 09:32:36.616  1635  4614 D CompatibilityChangeReporter: Compat change id reported: 135634846; UID 10143; state: DISABLED
04-22 09:32:36.617  1635  1776 D CompatibilityChangeReporter: Compat change id reported: 143937733; UID 10143; state: DISABLED
04-22 09:32:36.639  1635  1776 I ActivityManager: Start proc 32084:com.google.android.euicc/u0a143 for service {com.google.android.euicc/com.android.euicc.service.EuiccServiceImpl}
