04-22 10:37:53.182  2294  2588 D BtGatt.ScanManager: configureRegularScanParams - scanInterval LE 1M = 4096configureRegularScanParams - scanWindow LE 1M= 4096configureRegularScanParams - scanInterval LE Coded= 4096configureRegularScanParams - scanWindow LE Coded= 4096
04-22 10:37:53.183  2294  2358 D BtGatt.GattService: onScanParamSetupCompleted : 0
04-22 10:37:53.280 24881  5390 I chatty  : uid=10158(com.google.android.gms) expire 2 lines
04-22 10:37:53.631  2659  2659 I wpa_supplicant: TDLS: Failed to send message (action_code=14)
04-22 10:37:53.830  2294  2614 W bt_btm  : btm_process_inq_results: BDA: 58:cb:52:5b:bf:2c
04-22 10:37:53.830  2294  2614 W bt_btm  : btm_process_inq_results: Dev class: 5a-02-0c
04-22 10:37:53.857   833  2705 E WifiHAL : Received fatal event, sending alert
04-22 10:37:53.859  1749 27554 W WifiVendorHal: onDebugErrorAlert 4104
04-22 10:37:54.502  2294  2358 D bt_btif_config: btif_get_device_type: Device [56:b8:ae:a3:9e:5d] type 2
04-22 10:37:55.514  2294  2614 W bt_btm  : btm_process_inq_results: BDA: cc:0d:f2:5a:3b:e4
04-22 10:37:55.514  2294  2614 W bt_btm  : btm_process_inq_results: Dev class: 5a-02-0c
04-22 10:37:55.515  2294  2358 D bt_btif_config: btif_get_device_type: Device [cc:0d:f2:5a:3b:e4] type 1
04-22 10:37:55.528  2313  2395 D CachedBluetoothDevice: Device name: InE1Vm1bye0AAAAAAAAAATM
04-22 10:37:55.551  2294 25465 D BtGatt.GattService: stopScan() - queue size =3
04-22 10:37:55.553  2294  2588 I BtGatt.ScanManager: msg.what = 1
04-22 10:37:55.554  2294  2322 D BtGatt.GattService: unregisterScanner() - scannerId=5
04-22 10:37:55.557  2294  2358 D BtGatt.GattService: onScanFilterParamsConfigured() - clientIf=5, status=0, action=1, availableSpace=10
04-22 10:37:55.557  2294  2358 D BtGatt.ScanManager: callback done for scannerId - 5 status - 0
04-22 10:37:55.560  2294  2322 D BtGatt.GattService: registerScanner() - UUID=ae4cf493-5ba5-43c5-849c-cd2960886195
04-22 10:37:55.560  2294  2358 D BtGatt.GattService: onScanFilterParamsConfigured() - clientIf=5, status=0, action=1, availableSpace=11
04-22 10:37:55.560  2294  2358 D BtGatt.ScanManager: callback done for scannerId - 5 status - 0
04-22 10:37:55.563  2294  2358 D BtGatt.GattService: onScanFilterParamsConfigured() - clientIf=5, status=0, action=1, availableSpace=12
04-22 10:37:55.563  2294  2614 I bt_stack: [INFO:gatt_api.cc(950)] GATT_Register dd60f39e-4fe4-4516-84b2-745a69128b12
04-22 10:37:55.563  2294  2358 D BtGatt.ScanManager: callback done for scannerId - 5 status - 0
04-22 10:37:55.563  2294  2614 I bt_stack: [INFO:gatt_api.cc(970)] allocated gatt_if=5
04-22 10:37:55.563  2294  2358 D BtGatt.GattService: onScannerRegistered() - UUID=ae4cf493-5ba5-43c5-849c-cd2960886195, scannerId=5, status=0
04-22 10:37:55.564  2294  2322 D BtGatt.GattService: start scan with filters. callingPackage: com.google.android.gms
04-22 10:37:55.565  2294  2358 D BtGatt.GattService: onScanFilterParamsConfigured() - clientIf=5, status=0, action=1, availableSpace=13
04-22 10:37:55.565  2294  2358 D BtGatt.ScanManager: callback done for scannerId - 5 status - 0
04-22 10:37:55.567  2294  2358 D BtGatt.GattService: onScanFilterParamsConfigured() - clientIf=5, status=0, action=1, availableSpace=14
04-22 10:37:55.568  2294  2358 D BtGatt.ScanManager: callback done for scannerId - 5 status - 0
04-22 10:37:55.568  2294  2588 D BtGatt.ScanManager: configureRegularScanParams() - queue=2
04-22 10:37:55.568  2294  2588 D BtGatt.ScanManager: configureRegularScanParams() - ScanSetting LE 1M Scan mode=1ScanSetting LE Coded Scan mode=1 mLastConfiguredScanSettingLE1M=2 mLastConfiguredScanSettingLECoded=2scanPhy=255
04-22 10:37:55.568  2294  2588 D BtGatt.ScanManager: configureRegularScanParams - scanInterval LE 1M = 4096configureRegularScanParams - scanWindow LE 1M= 818configureRegularScanParams - scanInterval LE Coded= 4096configureRegularScanParams - scanWindow LE Coded= 818
04-22 10:37:55.569  2294  2358 D BtGatt.GattService: onScanParamSetupCompleted : 0
04-22 10:37:55.571  2294  2588 I BtGatt.ScanManager: msg.what = 0
04-22 10:37:55.572  2294  2588 D BtGatt.ScanManager: handling starting scan
04-22 10:37:55.573  2294  2588 D BtGatt.ScanManager: isAptXLowLatencyModeEnabled: false
04-22 10:37:55.574  2294  2358 D bt_btif_config: btif_get_device_type: Device [58:cb:52:5b:bf:2c] type 1
04-22 10:37:55.574  2294 25465 D BluetoothAdapterService: cancelDiscovery
04-22 10:37:55.577 21460  4413 I chatty  : uid=10158(com.google.android.gms) highpool[263] expire 10 lines
04-22 10:37:55.578  2294  2614 E bt_btm  : BTM_BleObserve Observe Already Active
04-22 10:37:55.578  2294  2614 W bt_btif :  bta_dm_ble_observe BTM_BleObserve  failed. status 6
04-22 10:37:57.192  2294  2614 W bt_l2cap: L2CA_SetDesireRole() new:x1, disallow_switch:0
04-22 10:37:57.200 21460  4487 I chatty  : uid=10158 com.google.android.gms.persistent expire 20 lines
04-22 10:37:57.205 21460  5393 I chatty  : uid=10158 com.google.android.gms.persistent expire 14 lines
04-22 10:37:58.496  2294  2614 W bt_rfcomm: rfc_port_sm_disc_wait_ua, RFC_EVENT_DM|RFC_EVENT_UA[2], index=14
04-22 10:37:58.496  2294  2614 W bt_rfcomm: rfc_port_closed
04-22 10:37:58.497  2294  2614 W bt_btif : bta_jv_rfc_port_to_cb(port_handle:0xe) not FOUND
04-22 10:37:58.497  2294  2614 W bt_rfcomm: port_rfc_closed: RFCOMM connection closed, index=14, state=3 reason=Closed[19], UUID=1101, bd_addr=58:cb:52:5b:bf:2c, is_server=0
04-22 10:37:59.666 21460  5362 I chatty  : uid=10158 com.google.android.gms.persistent expire 5 lines
04-22 10:37:59.765 24881 27575 I chatty  : uid=10158(com.google.android.gms) lowpool[25] expire 4 lines
04-22 10:37:59.818  1749  5874 I DropBoxManagerService: add tag=event_data isTagEnabled=true flags=0x2
04-22 10:37:59.824  1749  1781 W BroadcastQueue: Background execution not allowed: receiving Intent { act=android.intent.action.DROPBOX_ENTRY_ADDED flg=0x10 (has extras) } to com.google.android.gms/.stats.service.DropBoxEntryAddedReceiver
04-22 10:37:59.828  1749  1781 W BroadcastQueue: Background execution not allowed: receiving Intent { act=android.intent.action.DROPBOX_ENTRY_ADDED flg=0x10 (has extras) } to com.google.android.gms/.chimera.GmsIntentOperationService$PersistentTrustedReceiver
04-22 10:37:59.878  1749  8013 I DropBoxManagerService: add tag=platform_stats_bookmark isTagEnabled=true flags=0x2
04-22 10:37:59.882  1749  1781 W BroadcastQueue: Background execution not allowed: receiving Intent { act=android.intent.action.DROPBOX_ENTRY_ADDED flg=0x10 (has extras) } to com.google.android.gms/.stats.service.DropBoxEntryAddedReceiver
04-22 10:37:59.883  1749  1781 W BroadcastQueue: Background execution not allowed: receiving Intent { act=android.intent.action.DROPBOX_ENTRY_ADDED flg=0x10 (has extras) } to com.google.android.gms/.chimera.GmsIntentOperationService$PersistentTrustedReceiver
04-22 10:38:00.023  2313  2313 W View    : requestLayout() improperly called by com.android.systemui.statusbar.HeadsUpStatusBarView{e5b882e I.E...... ......ID 0,0-248,56 #7f0a01f7 app:id/heads_up_status_bar_view} during layout: running second layout pass
04-22 10:38:00.611  5212  5297 I chatty  : uid=10216(com.google.location.nearby.apps.connectedcrossroad) expire 33 lines
04-22 10:38:01.207  2294  2614 W bt_btm  : btm_acl_created hci_handle=28 link_role=1  transport=1
04-22 10:38:01.208  2294  2614 W bt_btm  : btm_acl_created hci_handle=28 link_role=0  transport=1
04-22 10:38:01.209  2294  2614 W bt_l2cap: L2CAP - LCID: 0x0044  st: CLOSED  evt: LOWER_LAYER_CONNECT_CFM
04-22 10:38:01.209  2294  2614 E bt_btif : bta_dm_acl_change new acl connetion:count = 4
04-22 10:38:01.209  2294  2614 W bt_btif : bta_dm_acl_change info: 0x10
04-22 10:38:01.209  2294  2614 W bt_l2cap: L2CA_SetDesireRole() new:x1, disallow_switch:0
04-22 10:38:01.209  2294  2358 D bt_btif_dm: remote version info [cc:0d:f2:5a:3b:e4]: 0, 0, 0
04-22 10:38:01.245  8057  8057 D MCLOG   : [MC_Service] onStartcommand()
04-22 10:38:01.246 21153 21380 I BistoWorker: bluetoothConnectionStateChanged. Action: android.bluetooth.device.action.ACL_CONNECTED
04-22 10:38:01.248 21153 21380 I BistoWorker: Ignoring non-bonded action android.bluetooth.device.action.ACL_CONNECTED for device CC:0D:F2:5A:3B:E4
04-22 10:38:01.252 21460 21460 I chatty  : uid=10158 com.google.android.gms.persistent expire 6 lines
04-22 10:38:01.273  2294  2614 W bt_l2cap: L2CA_DisconnectReq()  CID: 0x005e
04-22 10:38:01.333  2294  2614 W bt_l2cap: L2CAP - LCID: 0x005e  st: W4_L2CAP_DISC_RSP  evt: PEER_DISCONNECT_REQ
04-22 10:38:01.333  2294  2614 I bt_stack: [INFO:btsnoop.cc(384)] clear_l2cap_whitelist: Clearing whitelist from l2cap channel. conn_handle=24 cid=94:80
04-22 10:38:01.464  2294  2614 W bt_btm  : btm_read_remote_version_complete lmp_version 9 manufacturer 29 lmp_subversion 2003
04-22 10:38:01.539  2294  2614 W bt_l2cap: L2CAP - L2CAP_CMD_INFO_RSP p= 0x995898d8 , p_next_cmd: 0x995898dc
04-22 10:38:01.670  2294  2614 W bt_l2cap: L2CAP - LCID: 0x0044  st: W4_L2CAP_CON_RSP  evt: L2CEVT_L2CAP_INFO_RSP
04-22 10:38:01.709  2294  2614 W bt_l2cap: L2CA_SetDesireRole() new:x1, disallow_switch:0
04-22 10:38:01.737  2294  2614 W bt_l2cap: L2CAP - LCID: 0x0044  st: W4_L2CAP_CON_RSP  evt: PEER_CONNECT_RSP
04-22 10:38:01.737  2294  2614 W bt_l2cap: L2CAP - LCID: 0x0044  st: CONFIG  evt: UPPER_LAYER_CONFIG_REQ
04-22 10:38:01.737  2294  2614 I bt_stack: [INFO:btsnoop.cc(336)] whitelist_l2c_channel: Whitelisting l2cap channel. conn_handle=28 cid=68:84
04-22 10:38:01.899  2294  2614 W bt_l2cap: L2CAP - LCID: 0x0044  st: CONFIG  evt: PEER_CONFIG_REQ
04-22 10:38:01.899  2294  2614 W bt_l2cap: L2CAP - LCID: 0x0044  st: CONFIG  evt: UPPER_LAYER_CONFIG_RSP
04-22 10:38:01.899  2294  2614 W bt_l2cap: L2CAP-Upper layer Config_Rsp,Local CID: 0x0044,Remote CID: 0x0054,PSM: 1,our MTU present:1,our MTU:672
04-22 10:38:01.966  2294  2614 W bt_l2cap: L2CAP - LCID: 0x0044  st: CONFIG  evt: PEER_CONFIG_RSP
04-22 10:38:01.966  2294  2614 W bt_l2cap: L2CAP-peer_Config_Rsp,Local CID: 0x0044,Remote CID: 0x0054,PSM: 1,peer MTU present: 0,peer MTU: 672
04-22 10:38:02.034  2294  2614 W bt_sdp  : process_service_search_attr_rsp
04-22 10:38:02.034  2294  2614 W bt_sdp  : sdp_copy_raw_data: list_len:81 cpy_len:81 p:0x83e06002 p_ccb:0x85615d30 p_db:0x855e50f0 raw_size:1800 raw_used:0 raw_data:0x855e49e8
04-22 10:38:02.034  2294  2614 W bt_l2cap: L2CA_DisconnectReq()  CID: 0x0044
04-22 10:38:02.419  2294  2614 W bt_l2cap: L2CAP - LCID: 0x0044  st: W4_L2CAP_DISC_RSP  evt: PEER_DISCONNECT_RSP
04-22 10:38:02.419  2294  2614 I bt_stack: [INFO:btsnoop.cc(384)] clear_l2cap_whitelist: Clearing whitelist from l2cap channel. conn_handle=28 cid=68:84
04-22 10:38:02.420  2294  2614 I bt_stack: [INFO:port_api.cc(123)] RFCOMM_CreateConnection BDA: cc:0d:f2:5a:3b:e4
04-22 10:38:02.420  2294  2614 W bt_l2cap: L2CAP - LCID: 0x0056  st: CLOSED  evt: UPPER_LAYER_CONNECT_REQ
04-22 10:38:02.425  2294  2614 I bt_btm_sec: btm_sec_link_key_request: btsnd_hcic_link_key_neg_reply: p_dev_rec->sec_flags : 168
04-22 10:38:03.087  2294  2358 D bt_btif_config: btif_get_device_type: Device [cc:0d:f2:5a:3b:e4] type 1
04-22 10:38:03.088  2294  2358 D bt_btif_config: btif_get_device_type: Device [cc:0d:f2:5a:3b:e4] type 1
04-22 10:38:03.088  2294  2358 I bt_btif_dm: get_cod remote_cod = 0x005a020c
04-22 10:38:03.088  2294  2358 I BluetoothBondStateMachine: bondStateChangeCallback: Status: 0 Address: CC:0D:F2:5A:3B:E4 newState: 1
04-22 10:38:03.088  2294  2358 I bt_btif_dm: get_cod remote_cod = 0x005a020c
04-22 10:38:03.099  2294  2363 I BluetoothBondStateMachine: Bond State Change Intent:CC:0D:F2:5A:3B:E4 BOND_NONE => BOND_BONDING
04-22 10:38:03.099  2294  2363 I BluetoothBondStateMachine: Entering PendingCommandState State
04-22 10:38:03.100  2294  2294 V BluetoothDatabase: createMetadata CC:0D:F2:5A:3B:E4
04-22 10:38:03.101  2294  2294 D BluetoothDatabase: updateDatabase CC:0D:F2:5A:3B:E4
04-22 10:38:03.102  2294  2294 D HeadsetService: Bond state changed for device: CC:0D:F2:5A:3B:E4 state: 11
04-22 10:38:03.102  3398  3398 I GsaVoiceInteractionSrv: O received Intent { act=android.bluetooth.device.action.BOND_STATE_CHANGED flg=0x10 (has extras) }
04-22 10:38:03.103  2294  2294 D A2dpService: Bond state changed for device: CC:0D:F2:5A:3B:E4 state: 11
04-22 10:38:03.103  2294  2294 D BluetoothPbapService: action: android.bluetooth.device.action.BOND_STATE_CHANGED
04-22 10:38:03.105  1749  1781 W BroadcastQueue: Background execution not allowed: receiving Intent { act=android.bluetooth.device.action.BOND_STATE_CHANGED flg=0x10 (has extras) } to com.google.android.gms/.chimera.GmsIntentOperationService$PersistentTrustedReceiver
04-22 10:38:03.106  1749  1781 W BroadcastQueue: Background execution not allowed: receiving Intent { act=android.bluetooth.device.action.BOND_STATE_CHANGED flg=0x10 (has extras) } to com.google.android.googlequicksearchbox/com.google.android.apps.gsa.broadcastreceiver.external.ExternalCommonBroadcastReceiver
04-22 10:38:03.139 21153 21380 I BistoWorker: bluetoothConnectionStateChanged. Action: android.bluetooth.device.action.BOND_STATE_CHANGED
04-22 10:38:03.142 21153 21380 I DeviceDetector: Not bonded or not refresh cache.
04-22 10:38:03.142 21153 21380 I BistoWorker: Not a bisto device: CC:0D:F2:5A:3B:E4
04-22 10:38:03.544  2294  2358 I BluetoothBondStateMachine: bondStateChangeCallback: Status: 0 Address: CC:0D:F2:5A:3B:E4 newState: 0
04-22 10:38:03.545  2294  2358 E bt_btif : update_pce_entry_after_cancelling_bonding unable to open PBAP PCE Conf file for read: error: (No such file or directory)
04-22 10:38:03.545  2294  2358 E bt_btif : update_mce_entry_after_cancelling_bonding unable to open MAP MCE Conf file for read: Reason: (No such file or directory)
04-22 10:38:03.547  2294  2363 D AdapterProperties: Failed to remove device: CC:0D:F2:5A:3B:E4
04-22 10:38:03.549  2294  2363 I BluetoothBondStateMachine: Bond State Change Intent:CC:0D:F2:5A:3B:E4 BOND_BONDING => BOND_NONE
04-22 10:38:03.551  2294  2294 D BluetoothDatabase: deleteDatabase: CC:0D:F2:5A:3B:E4
04-22 10:38:03.551  2294  2294 D HeadsetService: Bond state changed for device: CC:0D:F2:5A:3B:E4 state: 10
04-22 10:38:03.552  2294  2294 D A2dpService: Bond state changed for device: CC:0D:F2:5A:3B:E4 state: 10
04-22 10:38:03.552  2294  2294 D BluetoothPbapService: action: android.bluetooth.device.action.BOND_STATE_CHANGED
04-22 10:38:03.552  1749  1781 W BroadcastQueue: Background execution not allowed: receiving Intent { act=android.bluetooth.device.action.BOND_STATE_CHANGED flg=0x10 (has extras) } to com.google.android.gms/.chimera.GmsIntentOperationService$PersistentTrustedReceiver
04-22 10:38:03.552  3398  3398 I GsaVoiceInteractionSrv: O received Intent { act=android.bluetooth.device.action.BOND_STATE_CHANGED flg=0x10 (has extras) }
04-22 10:38:03.552  1749  1781 W BroadcastQueue: Background execution not allowed: receiving Intent { act=android.bluetooth.device.action.BOND_STATE_CHANGED flg=0x10 (has extras) } to com.google.android.googlequicksearchbox/com.google.android.apps.gsa.broadcastreceiver.external.ExternalCommonBroadcastReceiver
04-22 10:38:03.552  2294  2363 D HeadsetService: getHeadsetService(): returning com.android.bluetooth.hfp.HeadsetService@fb8308e
04-22 10:38:03.552  2294  2363 W HeadsetClientService: getHeadsetClientService(): service is null
04-22 10:38:03.552  2294  2363 W PbapClientService: getPbapClientService(): service is null
04-22 10:38:03.553  2294  2363 D BluetoothHidHostService: setPriority: CC:0D:F2:5A:3B:E4
04-22 10:38:03.553  2294  2363 D BluetoothHidHostService: Saved priority CC:0D:F2:5A:3B:E4 = -1
04-22 10:38:03.553  2294  2363 D BluetoothAdapterService: getAdapterService() - returning com.android.bluetooth.btservice.AdapterService@5967bd7
04-22 10:38:03.553  2294  2363 V BluetoothDatabase: setProfilePriority: CC:0D:F2:5A:3B:E4, profile=4, priority = -1
04-22 10:38:03.555  2294  2363 D A2dpService: Saved priority CC:0D:F2:5A:3B:E4 = -1
04-22 10:38:03.556  2294  2363 V BluetoothDatabase: setProfilePriority: CC:0D:F2:5A:3B:E4, profile=2, priority = -1
04-22 10:38:03.560  2294  5416 D BluetoothMetrics: btclass5a020c
04-22 10:38:03.564  2294  5416 D Checkin : publish the event [tag = MOT_BT event name = PAIRING]
04-22 10:38:03.570  2294  2363 I HeadsetService: setPriority: device=CC:0D:F2:5A:3B:E4, priority=-1, uid/pid=1002/2294
04-22 10:38:03.570  2294  2363 D BluetoothAdapterService: getAdapterService() - returning com.android.bluetooth.btservice.AdapterService@5967bd7
04-22 10:38:03.570  2294  2363 V BluetoothDatabase: setProfilePriority: CC:0D:F2:5A:3B:E4, profile=1, priority = -1
04-22 10:38:03.570  2294  2363 V Avrcp_ext: resetBlackList : device is not added in blacklist
04-22 10:38:03.570  8057  8057 D MCLOG   : [MC_Service] onStartcommand()
04-22 10:38:03.570  2294  2363 I BluetoothBondStateMachine: StableState(): Entering Off State
04-22 10:38:03.572  2313  2395 W BluetoothEventManager: showUnbondMessage: Not displaying any message for reason: 9
04-22 10:38:03.624 21153 21380 I BistoWorker: bluetoothConnectionStateChanged. Action: android.bluetooth.device.action.BOND_STATE_CHANGED
04-22 10:38:03.629 21153 21380 I DeviceDetector: Not bonded or not refresh cache.
04-22 10:38:03.650  2294  2614 W bt_l2cap: L2CAP - LCID: 0x0056  st: W4_L2CAP_CON_RSP  evt: PEER_CONNECT_RSP
04-22 10:38:03.650  2294  2614 W bt_l2cap: L2CAP - LCID: 0x0056  st: CONFIG  evt: UPPER_LAYER_CONFIG_REQ
04-22 10:38:03.651  2294  2614 I bt_stack: [INFO:btsnoop.cc(368)] add_rfc_l2c_channel: rfcomm data going over l2cap channel. conn_handle=28 cid=86:76
04-22 10:38:03.697  2294  2614 W bt_l2cap: L2CAP - LCID: 0x0056  st: CONFIG  evt: PEER_CONFIG_REQ
04-22 10:38:03.697  2294  2614 W bt_l2cap: L2CAP - LCID: 0x0056  st: CONFIG  evt: UPPER_LAYER_CONFIG_RSP
04-22 10:38:03.697  2294  2614 W bt_l2cap: L2CAP-Upper layer Config_Rsp,Local CID: 0x0056,Remote CID: 0x004c,PSM: 3,our MTU present:1,our MTU:1691
04-22 10:38:03.703  2294  2614 W bt_l2cap: L2CAP - LCID: 0x0056  st: CONFIG  evt: PEER_CONFIG_RSP
04-22 10:38:03.703  2294  2614 W bt_l2cap: L2CAP-peer_Config_Rsp,Local CID: 0x0056,Remote CID: 0x004c,PSM: 3,peer MTU present: 0,peer MTU: 1691
04-22 10:38:03.769  2294  2614 D bt_btif_sock_rfcomm: on_cli_rfc_connect  mtu = 990 
04-22 10:38:03.769  2294  2614 W bt_l2cap: L2CA_SetDesireRole() new:x1, disallow_switch:0
04-22 10:38:03.769  2294  2614 W bt_btif : new conn_srvc id:26, app_id:1
04-22 10:38:03.769  2294  2614 W bt_btif : bta_dm_pm_cback: new conn_srvc id:26, app_id:1 count:1
04-22 10:38:03.769  2294  2614 W bt_btif : bta_dm_pm_ssr conn_srvc id:26, app_id:1
04-22 10:38:03.769  2294  2614 W bt_btif : bta_dm_pm_ssr ssr:2, lat:1200
04-22 10:38:03.774  2294  2665 D BtGatt.GattService: stopScan() - queue size =3
04-22 10:38:03.779  2294  2588 I BtGatt.ScanManager: msg.what = 1
04-22 10:38:03.780  2294  2675 D BtGatt.GattService: unregisterScanner() - scannerId=5
04-22 10:38:03.788  2294  2675 D BtGatt.GattService: registerScanner() - UUID=891d269d-a411-43ae-8c1b-788da5b043b4
04-22 10:38:03.790  2294  2614 I bt_stack: [INFO:gatt_api.cc(950)] GATT_Register deccb120-f7ae-28f5-5935-25e12075ac28
04-22 10:38:03.791  2294  2614 I bt_stack: [INFO:gatt_api.cc(970)] allocated gatt_if=5
04-22 10:38:03.791  2294  2358 D BtGatt.GattService: onScannerRegistered() - UUID=891d269d-a411-43ae-8c1b-788da5b043b4, scannerId=5, status=0
04-22 10:38:03.792  2294  2675 D BtGatt.GattService: start scan with filters. callingPackage: com.google.android.gms
04-22 10:38:03.796  2294  2588 I BtGatt.ScanManager: msg.what = 0
04-22 10:38:03.798  2294  2588 D BtGatt.ScanManager: handling starting scan
04-22 10:38:03.800  2294  2588 D BtGatt.ScanManager: isAptXLowLatencyModeEnabled: false
04-22 10:38:03.803  2294  2358 D BtGatt.GattService: onScanFilterEnableDisabled() - clientIf=5, status=0, action=1
04-22 10:38:03.803  2294  2358 D BtGatt.ScanManager: callback done for scannerId - 5 status - 0
04-22 10:38:03.804  2294  2588 D BtGatt.ScanManager: Available Filter size: 12
04-22 10:38:03.804  2294  2358 D BtGatt.GattService: onScanFilterConfig() - clientIf=5, action = 0 status = 0, filterType=0, availableSpace=0
04-22 10:38:03.804  2294  2358 D BtGatt.ScanManager: callback done for scannerId - 5 status - 0
04-22 10:38:03.804  2294  2588 D BtGatt.ScanManager: configureFilterParamter 500 10000 1 0, deliveryMode=0
04-22 10:38:03.806  2294  2675 D BluetoothAdapterService: startDiscovery
04-22 10:38:03.807  2294  2358 D BtGatt.GattService: onScanFilterParamsConfigured() - clientIf=5, status=0, action=0, availableSpace=14
04-22 10:38:03.808  2294  2358 D BtGatt.ScanManager: callback done for scannerId - 5 status - 0
04-22 10:38:03.808  2294  2614 I bt_stack: [INFO:btm_ble_adv_filter.cc(693)] BTM_LE_PF_set UUID MASK is empty 
04-22 10:38:03.809  2294  2358 D BtGatt.GattService: onScanFilterConfig() - clientIf=5, action = 0 status = 0, filterType=0, availableSpace=0
04-22 10:38:03.809  2294  2358 D BtGatt.ScanManager: callback done for scannerId - 5 status - 0
04-22 10:38:03.809  2294  2588 D BtGatt.ScanManager: configureFilterParamter 500 10000 1 0, deliveryMode=0
04-22 10:38:03.811  2294  2614 W bt_btif : bta_dm_check_av:0
04-22 10:38:03.814  2294  2358 D BtGatt.GattService: onScanFilterParamsConfigured() - clientIf=5, status=0, action=0, availableSpace=13
04-22 10:38:03.814  2294  2358 D BtGatt.ScanManager: callback done for scannerId - 5 status - 0
04-22 10:38:03.814  2294  2614 I bt_stack: [INFO:btm_ble_adv_filter.cc(693)] BTM_LE_PF_set UUID MASK is empty 
04-22 10:38:03.815  2294  2358 D BtGatt.GattService: onScanFilterConfig() - clientIf=5, action = 0 status = 0, filterType=0, availableSpace=0
04-22 10:38:03.815  2294  2358 D BtGatt.ScanManager: callback done for scannerId - 5 status - 0
04-22 10:38:03.815  2294  2588 D BtGatt.ScanManager: configureFilterParamter 500 10000 1 0, deliveryMode=0
04-22 10:38:03.815  2294  2614 E bt_btif : bte_scan_filt_param_cfg_evt, 23
04-22 10:38:03.831  2294  2358 D BtGatt.GattService: onScanFilterParamsConfigured() - clientIf=5, status=0, action=0, availableSpace=11
04-22 10:38:03.831  2294  2358 D BtGatt.ScanManager: callback done for scannerId - 5 status - 0
04-22 10:38:03.832  2294  2614 I bt_stack: [INFO:btm_ble_adv_filter.cc(693)] BTM_LE_PF_set UUID MASK is empty 
04-22 10:38:03.832  2294  2358 D BtGatt.GattService: onScanFilterConfig() - clientIf=5, action = 0 status = 0, filterType=0, availableSpace=0
04-22 10:38:03.832  2294  2358 D BtGatt.ScanManager: callback done for scannerId - 5 status - 0
04-22 10:38:03.832  2294  2588 D BtGatt.ScanManager: configureFilterParamter 500 10000 1 0, deliveryMode=0
04-22 10:38:03.836  2294  2358 D BtGatt.GattService: onScanFilterParamsConfigured() - clientIf=5, status=0, action=0, availableSpace=10
04-22 10:38:03.836  2294  2358 D BtGatt.ScanManager: callback done for scannerId - 5 status - 0
04-22 10:38:03.837  2294  2358 D BtGatt.GattService: onScanFilterConfig() - clientIf=5, action = 0 status = 0, filterType=0, availableSpace=0
04-22 10:38:03.837  2294  2358 D BtGatt.ScanManager: callback done for scannerId - 5 status - 0
04-22 10:38:03.837  2294  2588 D BtGatt.ScanManager: configureFilterParamter 500 10000 1 0, deliveryMode=0
04-22 10:38:03.845  2294  2358 D BtGatt.GattService: onScanFilterParamsConfigured() - clientIf=5, status=0, action=0, availableSpace=9
04-22 10:38:03.845  2294  2358 D BtGatt.ScanManager: callback done for scannerId - 5 status - 0
04-22 10:38:03.845  2294  2588 D BtGatt.ScanManager: configureRegularScanParams() - queue=3
04-22 10:38:03.845  2294  2588 D BtGatt.ScanManager: configureRegularScanParams() - ScanSetting LE 1M Scan mode=2ScanSetting LE Coded Scan mode=2 mLastConfiguredScanSettingLE1M=1 mLastConfiguredScanSettingLECoded=1scanPhy=255
04-22 10:38:03.846  2294  2588 D BtGatt.ScanManager: configureRegularScanParams - scanInterval LE 1M = 4096configureRegularScanParams - scanWindow LE 1M= 4096configureRegularScanParams - scanInterval LE Coded= 4096configureRegularScanParams - scanWindow LE Coded= 4096
04-22 10:38:03.846  2294  2358 D BtGatt.GattService: onScanParamSetupCompleted : 0
04-22 10:38:04.118   833  2705 E WifiHAL : Received LOG message with insufficent length: 24
04-22 10:38:04.118   833  2705 E WifiHAL : Received fatal event, sending alert
04-22 10:38:04.119  1749 27554 W WifiVendorHal: onDebugErrorAlert 4104
04-22 10:38:04.279  2294  2614 I bt_stack: [INFO:btsnoop.cc(336)] whitelist_l2c_channel: Whitelisting l2cap channel. conn_handle=28 cid=75:91
04-22 10:38:04.280  2294  2614 W bt_l2cap: L2CAP - LCID: 0x004b  st: CLOSED  evt: PEER_CONNECT_REQ
04-22 10:38:04.280  2294  2614 W bt_l2cap: L2CAP - LCID: 0x004b  st: TERM_W4_SEC_COMP  evt: SECURITY_COMPLETE
04-22 10:38:04.280  2294  2614 W bt_l2cap: L2CAP - LCID: 0x004b  st: W4_L2CA_CON_RSP  evt: UPPER_LAYER_CONNECT_RSP
04-22 10:38:04.280  2294  2614 W bt_l2cap: L2CAP - LCID: 0x004b  st: CONFIG  evt: UPPER_LAYER_CONFIG_REQ
04-22 10:38:04.503  2294  2614 W bt_btm  : btm_process_inq_results: BDA: 58:cb:52:5b:bf:2c
04-22 10:38:04.503  2294  2614 W bt_btm  : btm_process_inq_results: Dev class: 5a-02-0c
04-22 10:38:04.503  2294  2358 D bt_btif_config: btif_get_device_type: Device [58:cb:52:5b:bf:2c] type 1
04-22 10:38:05.011  2294  2614 W bt_l2cap: L2CAP - LCID: 0x004b  st: CONFIG  evt: PEER_CONFIG_REQ
04-22 10:38:05.011  2294  2614 W bt_l2cap: L2CAP - LCID: 0x004b  st: CONFIG  evt: UPPER_LAYER_CONFIG_RSP
04-22 10:38:05.011  2294  2614 W bt_l2cap: L2CAP-Upper layer Config_Rsp,Local CID: 0x004b,Remote CID: 0x005b,PSM: 1,our MTU present:1,our MTU:672
04-22 10:38:05.218  2294  2614 W bt_l2cap: L2CAP - LCID: 0x004b  st: CONFIG  evt: PEER_CONFIG_RSP
04-22 10:38:05.219  2294  2614 W bt_l2cap: L2CAP-peer_Config_Rsp,Local CID: 0x004b,Remote CID: 0x005b,PSM: 1,peer MTU present: 0,peer MTU: 672
04-22 10:38:05.242  2294  2614 W bt_device_profile: profile_feature_fetch:profile 3
04-22 10:38:05.243  2294  2614 W bt_device_profile: profile_feature_fetch:MAP_0104_SUPPORT found 1
04-22 10:38:05.243  2294  2614 E bt_btif : is_map_adv_enabled feature : 1
04-22 10:38:05.243  2294  2614 W bt_device_profile: profile_feature_fetch:profile 2
04-22 10:38:05.243  2294  2614 W bt_device_profile: profile_feature_fetch:PBAP_0102_SUPPORT found 1
04-22 10:38:05.243  2294  2614 E bt_btif : is_pbap_adv_enabled feature : 1
04-22 10:38:05.243  2294  2614 E bt_btif : sdp_upgrade_mse_record 
04-22 10:38:05.243  2294  2614 E bt_btif : check_remote_pbap_version_102 unable to open PBAP PCE Conf file for read: error: (No such file or directory)
04-22 10:38:05.250  2294  2665 D BtGatt.GattService: stopScan() - queue size =3
04-22 10:38:05.253  2294  2588 I BtGatt.ScanManager: msg.what = 1
04-22 10:38:05.253  2294  2675 D BtGatt.GattService: unregisterScanner() - scannerId=5
04-22 10:38:05.257  2294  2358 D BtGatt.GattService: onScanFilterParamsConfigured() - clientIf=5, status=0, action=1, availableSpace=10
04-22 10:38:05.257  2294  2358 D BtGatt.ScanManager: callback done for scannerId - 5 status - 0
04-22 10:38:05.259  2294  2358 D BtGatt.GattService: onScanFilterParamsConfigured() - clientIf=5, status=0, action=1, availableSpace=11
04-22 10:38:05.260  2294  2358 D BtGatt.ScanManager: callback done for scannerId - 5 status - 0
04-22 10:38:05.260  2294  2665 D BtGatt.GattService: registerScanner() - UUID=b0d24aee-0cb8-4d0d-95ed-7d499a40dea2
04-22 10:38:05.261  2294  2614 I bt_stack: [INFO:gatt_api.cc(950)] GATT_Register 7a48de02-e328-131b-698d-3090848f8cd8
04-22 10:38:05.261  2294  2614 I bt_stack: [INFO:gatt_api.cc(970)] allocated gatt_if=5
04-22 10:38:05.262  2294  2358 D BtGatt.GattService: onScannerRegistered() - UUID=b0d24aee-0cb8-4d0d-95ed-7d499a40dea2, scannerId=5, status=0
04-22 10:38:05.262  2294  2358 D BtGatt.GattService: onScanFilterParamsConfigured() - clientIf=5, status=0, action=1, availableSpace=12
04-22 10:38:05.263  2294  2358 D BtGatt.ScanManager: callback done for scannerId - 5 status - 0
04-22 10:38:05.264  2294  2358 D BtGatt.GattService: onScanFilterParamsConfigured() - clientIf=5, status=0, action=1, availableSpace=13
04-22 10:38:05.264  2294  2665 D BtGatt.GattService: start scan with filters. callingPackage: com.google.android.gms
04-22 10:38:05.264  2294  2358 D BtGatt.ScanManager: callback done for scannerId - 5 status - 0
04-22 10:38:05.266  2294  2358 D BtGatt.GattService: onScanFilterParamsConfigured() - clientIf=5, status=0, action=1, availableSpace=14
04-22 10:38:05.267  2294  2358 D BtGatt.ScanManager: callback done for scannerId - 5 status - 0
04-22 10:38:05.267  2294  2588 D BtGatt.ScanManager: configureRegularScanParams() - queue=2
04-22 10:38:05.267  2294  2588 D BtGatt.ScanManager: configureRegularScanParams() - ScanSetting LE 1M Scan mode=1ScanSetting LE Coded Scan mode=1 mLastConfiguredScanSettingLE1M=2 mLastConfiguredScanSettingLECoded=2scanPhy=255
04-22 10:38:05.267  2294  2588 D BtGatt.ScanManager: configureRegularScanParams - scanInterval LE 1M = 4096configureRegularScanParams - scanWindow LE 1M= 818configureRegularScanParams - scanInterval LE Coded= 4096configureRegularScanParams - scanWindow LE Coded= 818
04-22 10:38:05.267  2294  2358 D BtGatt.GattService: onScanParamSetupCompleted : 0
04-22 10:38:05.271  2294  2588 I BtGatt.ScanManager: msg.what = 0
04-22 10:38:05.271  2294  2588 D BtGatt.ScanManager: handling starting scan
04-22 10:38:05.272  2294  2588 D BtGatt.ScanManager: isAptXLowLatencyModeEnabled: false
04-22 10:38:05.273  2294  2675 D BluetoothAdapterService: cancelDiscovery
04-22 10:38:05.274  2294  2614 E bt_btm  : BTM_BleObserve Observe Already Active
04-22 10:38:05.274  2294  2614 W bt_btif :  bta_dm_ble_observe BTM_BleObserve  failed. status 6
04-22 10:38:05.277  2294  2675 D BtGatt.GattService: registerClient() - UUID=d8001f6c-707e-4327-9da9-555a2d7a9919
04-22 10:38:05.278  2294  2614 I bt_stack: [INFO:gatt_api.cc(950)] GATT_Register 137769f7-a6b8-c93c-c53d-68ab9b20afcf
04-22 10:38:05.278  2294  2614 I bt_stack: [INFO:gatt_api.cc(970)] allocated gatt_if=10
04-22 10:38:05.278  2294  2358 D BtGatt.GattService: onClientRegistered() - UUID=d8001f6c-707e-4327-9da9-555a2d7a9919, clientIf=10
04-22 10:38:05.280  2294  2675 D BtGatt.GattService: clientConnect() - address=4F:58:A4:F4:22:5C, isDirect=true, opportunistic=false, phy=1
04-22 10:38:05.283  2294  2358 D bt_btif_config: btif_get_address_type: Device [4f:58:a4:f4:22:5c] address type 1
04-22 10:38:05.283  2294  2358 D bt_btif_config: btif_get_device_type: Device [4f:58:a4:f4:22:5c] type 2
04-22 10:38:05.283  2294  2614 I bt_stack: [INFO:gatt_api.cc(1122)] GATT_Connect gatt_if=10, address=4f:58:a4:f4:22:5c is_direct 1
04-22 10:38:05.283  2294  2614 I bt_stack: [INFO:btm_ble_bgconn.cc(248)] btm_add_dev_to_controller addig RPA into white list
04-22 10:38:05.288  2294  2614 W bt_l2cap: L2CA_DisconnectRsp()  CID: 0x004b
04-22 10:38:05.288  2294  2614 W bt_l2cap: L2CAP - LCID: 0x004b  st: W4_L2CA_DISC_RSP  evt: UPPER_LAYER_DISCONNECT_RSP
04-22 10:38:05.288  2294  2614 I bt_stack: [INFO:btsnoop.cc(384)] clear_l2cap_whitelist: Clearing whitelist from l2cap channel. conn_handle=28 cid=75:91
04-22 10:38:05.288  2294  2614 W bt_sdp  : SDP - Rcvd L2CAP disc, process pend sdp ccb: 0x4b
04-22 10:38:05.372  2294  2614 W bt_rfcomm: PORT_ParNegCnf incoming conn on dlci:9 start timer 
04-22 10:38:05.479  2294  2614 I bt_btm_sec: btm_sec_disconnected clearing pending flag handle:24 reason:22
04-22 10:38:05.480  2294  2614 W bt_l2cap: L2CA_SetDesireRole() new:x1, disallow_switch:0
04-22 10:38:05.480  2294  2358 D bt_btif : btif_av_move_idle: Already in IDLE
04-22 10:38:05.491  2294  2294 D BluetoothMapService: onReceive: android.bluetooth.device.action.ACL_DISCONNECTED
04-22 10:38:05.491  2294  2294 I BluetoothMapService: sRemoteDevice :null device:58:CB:52:5B:BF:2C
04-22 10:38:05.512  2294  2614 I bt_stack: [INFO:port_api.cc(123)] RFCOMM_CreateConnection BDA: ff:ff:ff:ff:ff:ff
04-22 10:38:05.513  2294  2614 D bt_btif_sock_rfcomm: on_srv_rfc_connect  mtu = 990 
04-22 10:38:05.513  2294  2614 W bt_l2cap: L2CA_SetDesireRole() new:x1, disallow_switch:0
04-22 10:38:05.513  2294  2614 W bt_btif : new conn_srvc id:26, app_id:255
04-22 10:38:05.513  2294  2614 W bt_btif : bta_dm_pm_cback: new conn_srvc id:26, app_id:255 count:2
04-22 10:38:05.513  2294  2614 W bt_btif : bta_dm_pm_ssr conn_srvc id:26, app_id:1
04-22 10:38:05.513  2294  2614 W bt_btif : bta_dm_pm_ssr conn_srvc id:26, app_id:255
04-22 10:38:05.513  2294  2614 W bt_btif : bta_dm_pm_ssr ssr:2, lat:1200
04-22 10:38:05.523  8057  8057 D MCLOG   : [MC_Service] onStartcommand()
04-22 10:38:05.524  2997  3080 I VoiceInputManagerWrapper: VoiceInputManagerWrapper.shutdownVoiceInternal():94 shutdownVoiceInternal()
04-22 10:38:05.544 21153 21380 I BistoWorker: bluetoothConnectionStateChanged. Action: android.bluetooth.device.action.ACL_DISCONNECTED
04-22 10:38:05.548 21153 21380 I DeviceDetector: Not bonded or not refresh cache.
04-22 10:38:05.548 21153 21380 I BistoWorker: Not a bisto device: 58:CB:52:5B:BF:2C
04-22 10:38:05.726  2294  2614 W bt_rfcomm: port_rfc_closed: RFCOMM connection closed, index=15, state=2 reason=Closed[19], UUID=1101, bd_addr=cc:0d:f2:5a:3b:e4, is_server=0
04-22 10:38:05.726  2294  2621 E bt_btif_sock_rfcomm: find_rfc_slot_by_id unable to find RFCOMM slot id: 86
04-22 10:38:05.727  2294  2614 E bt_rfcomm: RFCOMM_RemoveConnection handle:15, port state 0
04-22 10:38:05.727  2294  2614 W bt_l2cap: L2CA_SetDesireRole() new:x1, disallow_switch:0
04-22 10:38:05.735 21460  5313 I chatty  : uid=10158(com.google.android.gms) highpool[282] expire 15 lines
04-22 10:38:05.737  5212  5212 I chatty  : uid=10216(com.google.location.nearby.apps.connectedcrossroad) expire 30 lines
04-22 10:38:05.881  2294  2614 I bt_stack: [INFO:btm_ble_connection_establishment.cc(164)] btm_ble_conn_complete: unable to match and resolve random address
04-22 10:38:05.882  2294  2614 I bt_stack: [INFO:connection_manager.cc(277)] lower the scan parameters used for connecting
04-22 10:38:05.882  2294  2614 I bt_stack: [INFO:btm_ble_bgconn.cc(261)] btm_add_dev_to_controller removing RPA from white list
04-22 10:38:05.882  2294  2614 I bt_stack: [INFO:btm_ble_bgconn.cc(406)] Already connection initiated (or) No Pending connections(or) Resources of lcb are exhausted
04-22 10:38:05.882  2294  2614 W bt_btm  : btm_acl_created hci_handle=29 link_role=0  transport=2
04-22 10:38:05.883  2294  2614 I bt_stack: [INFO:btm_ble_bgconn.cc(406)] Already connection initiated (or) No Pending connections(or) Resources of lcb are exhausted
04-22 10:38:06.073  2294  2614 W bt_btm  : btm_read_remote_version_complete lmp_version 9 manufacturer 29 lmp_subversion 2003
04-22 10:38:06.073  2294  2614 E bt_btif : bta_dm_acl_change new acl connetion:count = 4
04-22 10:38:06.073  2294  2614 W bt_btif : bta_dm_acl_change info: 0x0
04-22 10:38:06.073  2294  2614 W bt_l2cap: L2CA_SetDesireRole() new:x1, disallow_switch:0
04-22 10:38:06.074  2294  2614 E bt_stack: [ERROR:bta_gattc_cache.cc(733)] bta_gattc_cache_load: can't open GATT cache file /data/misc/bluetooth/gatt_cache_4f58a4f4225c for reading, error: No such file or directory
04-22 10:38:06.074  2294  2614 I bt_stack: [INFO:hearing_aid.cc(1804)] GetDeviceCount: Not initialized yet
04-22 10:38:06.074  2294  2614 I bt_stack: [INFO:gatt_api.cc(635)] GATTC_Discover conn_id=0x020a, disc_type=1, s_handle=0x0001, e_handle=0xffff
04-22 10:38:06.075  2294  2358 D BtGatt.GattService: onClientConnected() connId=520, address=4F:58:A4:F4:22:5C, connected=true
04-22 10:38:06.077  2294  2358 D BtGatt.GattService: onClientConnected() connId=521, address=4F:58:A4:F4:22:5C, connected=true
04-22 10:38:06.078  2294  2358 D bt_btif_dm: remote version info [4f:58:a4:f4:22:5c]: 0, 0, 0
04-22 10:38:06.080  2294  5419 D BluetoothMetrics: btclass1f00
04-22 10:38:06.081  2294  2322 D BtGatt.GattService: serverConnect() - address=4F:58:A4:F4:22:5C
04-22 10:38:06.082  2294  5419 E BluetoothMetrics: CheckinEvent exception: java.lang.NullPointerException: Attempt to invoke interface method 'java.lang.String java.lang.CharSequence.toString()' on a null object reference
04-22 10:38:06.088  2294  2358 D BtGatt.GattService: onConnected() - clientIf=10, connId=522, address=4F:58:A4:F4:22:5C
04-22 10:38:06.088  2294  2358 D bt_btif_config: btif_get_address_type: Device [4f:58:a4:f4:22:5c] address type 1
04-22 10:38:06.088  2294  2358 D bt_btif_config: btif_get_device_type: Device [4f:58:a4:f4:22:5c] type 2
04-22 10:38:06.089  2294  2614 I bt_stack: [INFO:gatt_api.cc(1122)] GATT_Connect gatt_if=9, address=4f:58:a4:f4:22:5c is_direct 1
04-22 10:38:06.089  2313  2395 W BluetoothEventManager: AclStateChangedHandler: activeDevice is null
04-22 10:38:06.090  2294  2358 D bt_btif_gatt: btapp_gatts_handle_cback: Empty event (16)!
04-22 10:38:06.092  2294  2675 D BtGatt.GattService: discoverServices() - address=4F:58:A4:F4:22:5C, connId=522
04-22 10:38:06.106  8057  8057 D MCLOG   : [MC_Service] onStartcommand()
04-22 10:38:06.127 21153 21380 I BistoWorker: bluetoothConnectionStateChanged. Action: android.bluetooth.device.action.ACL_CONNECTED
04-22 10:38:06.128 21153 21380 I BistoWorker: Ignoring non-bonded action android.bluetooth.device.action.ACL_CONNECTED for device 4F:58:A4:F4:22:5C
04-22 10:38:06.216  2294  2614 I bt_stack: [INFO:gatt_main.cc(919)] gatt_data_process op_code = 17, msg_len = 19
04-22 10:38:06.278  2659  2659 I wpa_supplicant: TDLS: Failed to send message (action_code=14)
04-22 10:38:06.313  2294  2614 I bt_stack: [INFO:gatt_main.cc(919)] gatt_data_process op_code = 17, msg_len = 7
04-22 10:38:06.313  2294  2614 I bt_stack: [INFO:gatt_api.cc(635)] GATTC_Discover conn_id=0x020a, disc_type=3, s_handle=0x0001, e_handle=0x0003
04-22 10:38:06.413  2294  2614 I bt_stack: [INFO:gatt_main.cc(919)] gatt_data_process op_code = 1, msg_len = 4
04-22 10:38:06.414  2294  2614 I bt_stack: [INFO:gatt_api.cc(635)] GATTC_Discover conn_id=0x020a, disc_type=4, s_handle=0x0001, e_handle=0x0003
04-22 10:38:06.512  2294  2614 I bt_stack: [INFO:gatt_main.cc(919)] gatt_data_process op_code = 9, msg_len = 8
04-22 10:38:06.512  2294  2358 D BtGatt.GattService: onServerConnUpdate() - connId=520, status=0
04-22 10:38:06.513  2294  2358 D BtGatt.GattService: onServerConnUpdate() - connId=521, status=0
04-22 10:38:06.514  2294  2358 D BtGatt.GattService: onClientConnUpdate() - connId=522, status=0
04-22 10:38:06.619  2294  2614 I bt_stack: [INFO:gatt_main.cc(919)] gatt_data_process op_code = 1, msg_len = 4
04-22 10:38:06.620  2294  2614 I bt_stack: [INFO:gatt_api.cc(635)] GATTC_Discover conn_id=0x020a, disc_type=3, s_handle=0x0014, e_handle=0x001a
04-22 10:38:06.640  2294  2614 I bt_stack: [INFO:gatt_main.cc(919)] gatt_data_process op_code = 1, msg_len = 4
04-22 10:38:06.640  2294  2614 I bt_stack: [INFO:gatt_api.cc(635)] GATTC_Discover conn_id=0x020a, disc_type=4, s_handle=0x0014, e_handle=0x001a
04-22 10:38:06.657  2294  2614 I bt_stack: [INFO:gatt_main.cc(919)] gatt_data_process op_code = 9, msg_len = 22
04-22 10:38:06.669  2294  2614 I bt_stack: [INFO:gatt_main.cc(919)] gatt_data_process op_code = 1, msg_len = 4
04-22 10:38:06.670  2294  2614 I bt_stack: [INFO:gatt_api.cc(635)] GATTC_Discover conn_id=0x020a, disc_type=3, s_handle=0x0028, e_handle=0x002d
04-22 10:38:06.706  2294  2614 I bt_stack: [INFO:gatt_main.cc(919)] gatt_data_process op_code = 1, msg_len = 4
04-22 10:38:06.707  2294  2614 I bt_stack: [INFO:gatt_api.cc(635)] GATTC_Discover conn_id=0x020a, disc_type=4, s_handle=0x0028, e_handle=0x002d
04-22 10:38:06.729  2294  2614 I bt_stack: [INFO:gatt_main.cc(919)] gatt_data_process op_code = 9, msg_len = 22
04-22 10:38:06.759  2294  2614 I bt_stack: [INFO:gatt_main.cc(919)] gatt_data_process op_code = 9, msg_len = 22
04-22 10:38:06.782  2294  2614 I bt_stack: [INFO:gatt_main.cc(919)] gatt_data_process op_code = 1, msg_len = 4
04-22 10:38:06.782  2294  2614 I bt_stack: [INFO:gatt_api.cc(635)] GATTC_Discover conn_id=0x020a, disc_type=5, s_handle=0x002b, e_handle=0x002b
04-22 10:38:06.822  2294  2614 I bt_stack: [INFO:gatt_main.cc(919)] gatt_data_process op_code = 5, msg_len = 5
04-22 10:38:06.822  2294  2614 I bt_stack: [INFO:gatt_api.cc(635)] GATTC_Discover conn_id=0x020a, disc_type=3, s_handle=0x002e, e_handle=0xffff
04-22 10:38:06.837  2294  2614 I bt_stack: [INFO:gatt_main.cc(919)] gatt_data_process op_code = 1, msg_len = 4
04-22 10:38:06.837  2294  2614 I bt_stack: [INFO:gatt_api.cc(635)] GATTC_Discover conn_id=0x020a, disc_type=4, s_handle=0x002e, e_handle=0xffff
04-22 10:38:06.851  2294  2614 I bt_stack: [INFO:gatt_main.cc(919)] gatt_data_process op_code = 9, msg_len = 22
04-22 10:38:07.229 21460  5361 I chatty  : uid=10158 com.google.android.gms.persistent expire 16 lines
04-22 10:38:07.240 21460 23866 I chatty  : uid=10158(com.google.android.gms) Binder:21460_D expire 5 lines
04-22 10:38:07.654 21460  5365 I chatty  : uid=10158 com.google.android.gms.persistent expire 11 lines
04-22 10:38:07.972 21460  4413 I chatty  : uid=10158(com.google.android.gms) highpool[263] expire 78 lines
04-22 10:38:07.976  2294  2675 I chatty  : uid=1002(bluetooth) Binder:2294_5 expire 8 lines
04-22 10:38:07.979  2294  5424 I chatty  : uid=1002(bluetooth) com.android.bluetooth expire 2 lines
04-22 10:38:07.987  2294  2588 I chatty  : uid=1002(bluetooth) BluetoothScanMa expire 13 lines
04-22 10:38:07.994  2294  2665 I chatty  : uid=1002(bluetooth) Binder:2294_4 expire 14 lines
04-22 10:38:08.537  2659  2659 I wpa_supplicant: TDLS: Failed to send message (action_code=14)
04-22 10:38:09.218  5212  5292 I chatty  : uid=10216(com.google.location.nearby.apps.connectedcrossroad) expire 13 lines
04-22 10:38:10.373 21460  4487 I chatty  : uid=10158 com.google.android.gms.persistent expire 8 lines
04-22 10:38:10.664  2659  2659 I wpa_supplicant: TDLS: Failed to send message (action_code=14)
04-22 10:38:10.879 21460  5393 I chatty  : uid=10158 com.google.android.gms.persistent expire 59 lines
04-22 10:38:11.027 10059  5430 I chatty  : uid=10158 com.google.android.gms.unstable expire 2 lines
04-22 10:38:11.212   728  1298 D NetdFwmarkServer: Cmd 0: 0, 10158: UserP=3, fwmark=1F0064
04-22 10:38:11.218  1749  7787 I WifiService: enableTdls uid=10158 enable=true
04-22 10:38:11.221  1749   552 I WifiService: enableTdlsWithMacAddress uid=1000 enable=true
04-22 10:38:11.222  2659  2659 I wpa_supplicant: TDLS: Failed to send message (action_code=10)
04-22 10:38:11.222  2659  2659 I wpa_supplicant: StaIface: TDLS discover failed: -1
04-22 10:38:11.240 21460  5431 I chatty  : uid=10158 com.google.android.gms.persistent expire 23 lines
04-22 10:38:11.423  2294  2614 I chatty  : uid=1002(bluetooth) btu message loo expire 48 lines
04-22 10:38:11.826  5212  5297 I chatty  : uid=10216(com.google.location.nearby.apps.connectedcrossroad) expire 82 lines
04-22 10:38:12.284  2294  2358 I chatty  : uid=1002(bluetooth) BT Service Call expire 21 lines
04-22 10:38:12.769  2659  2659 I wpa_supplicant: TDLS: Failed to send message (action_code=14)
04-22 10:38:14.305 21460 21477 I chatty  : uid=10158(com.google.android.gms) Binder:21460_1 expire 9 lines
04-22 10:38:14.309  2294  5439 I chatty  : uid=1002(bluetooth) com.android.bluetooth expire 2 lines
04-22 10:38:14.403   833  2705 E WifiHAL : Received fatal event, sending alert
04-22 10:38:14.404  1749 27554 W WifiVendorHal: onDebugErrorAlert 4104
04-22 10:38:14.633  3398  3398 D BluetoothA2dp: Binding service...
04-22 10:38:14.646  3398  3398 I BistoRealService: onStartCommand: 0 1 Intent { act=com.google.android.apps.gsa.broadcastreceiver.SETTINGS_CHANGED cmp=com.google.android.googlequicksearchbox/com.google.android.apps.gsa.staticplugins.bisto.BistoRealService (has extras) }
04-22 10:38:14.651  3398  3398 I BistoRealService: Intent handled internally
04-22 10:38:14.652  3398  3398 D BluetoothA2dp: Proxy object connected
04-22 10:38:14.694 21460 21617 I chatty  : uid=10158(com.google.android.gms) Binder:21460_5 expire 2 lines
04-22 10:38:15.054  2659  2659 I wpa_supplicant: TDLS: Failed to send message (action_code=14)
04-22 10:38:16.175 21153 21380 I WorkerManager: dispose()
04-22 10:38:16.178 21153 21380 W ThreadPoolDumper: Queue length for executor EventBus is now 11. Perhaps some tasks are too long, or the pool is too small.
04-22 10:38:17.169  2659  2659 I wpa_supplicant: TDLS: Failed to send message (action_code=14)
04-22 10:38:17.456 21460  5367 I chatty  : uid=10158(com.google.android.gms) lowpool[222] expire 10 lines
04-22 10:38:17.740  5212  5212 I chatty  : uid=10216(com.google.location.nearby.apps.connectedcrossroad) expire 7 lines
04-22 10:38:19.141  2659  2659 I wpa_supplicant: TDLS: Failed to send message (action_code=14)
04-22 10:38:19.900 21460  5361 I chatty  : uid=10158 com.google.android.gms.persistent expire 13 lines
04-22 10:38:21.392 21460 21475 I chatty  : uid=10158(com.google.android.gms) FinalizerDaemon expire 3 lines
04-22 10:38:21.425  2659  2659 I wpa_supplicant: TDLS: Failed to send message (action_code=14)
04-22 10:38:22.057  5212  5297 I chatty  : uid=10216(com.google.location.nearby.apps.connectedcrossroad) expire 9 lines
04-22 10:38:23.157     0     0 W swapper/0: type=1400 audit(0.0:2324): avc: denied { kill } for uid=0 capability=5 scontext=u:r:kernel:s0 tcontext=u:r:kernel:s0 tclass=capability permissive=0
04-22 10:38:23.279  5212  5292 I chatty  : uid=10216(com.google.location.nearby.apps.connectedcrossroad) expire 2 lines
04-22 10:38:23.386  2659  2659 I wpa_supplicant: TDLS: Failed to send message (action_code=14)
04-22 10:38:23.436  2294  2614 I chatty  : uid=1002(bluetooth) btu message loo expire 13 lines
04-22 10:38:23.947  5212  5297 I chatty  : uid=10216(com.google.location.nearby.apps.connectedcrossroad) expire 14 lines
04-22 10:38:24.795  2294  2358 I chatty  : uid=1002(bluetooth) BT Service Call expire 10 lines
04-22 10:38:25.201  8057  8057 D MCLOG   : [MC_Service] onStartcommand()
04-22 10:38:25.287  5212  5292 I chatty  : uid=10216(com.google.location.nearby.apps.connectedcrossroad) expire 2 lines
04-22 10:38:25.297 21460  5393 I chatty  : uid=10158 com.google.android.gms.persistent expire 27 lines
04-22 10:38:25.297 21460  4413 I chatty  : uid=10158(com.google.android.gms) highpool[263] expire 36 lines
04-22 10:38:25.317 21153 21380 I MicroDataManager: isInitializing-false locale not changed-true model not changed-true
04-22 10:38:25.325 21153 21380 I BistoWorker: bluetoothConnectionStateChanged. Action: android.bluetooth.device.action.ACL_DISCONNECTED
04-22 10:38:25.330 21153 21380 I DeviceDetector: Not bonded or not refresh cache.
04-22 10:38:25.330 21153 21380 I BistoWorker: Not a bisto device: CC:0D:F2:5A:3B:E4
04-22 10:38:25.333 21153 21380 I MicroDetectionState: Should stop hotword detection immediately - false
04-22 10:38:25.593  2659  2659 I wpa_supplicant: TDLS: Failed to send message (action_code=14)
04-22 10:38:26.369  5212  5297 V connectedcrossroad: Data collect: HELO
04-22 10:38:26.369  5212  5297 V data    : Payload RX: 30
04-22 10:38:26.369  5212  5297 V data    : Payload TX: 60
04-22 10:38:26.369  5212  5297 V data    : Total RX: 20848
04-22 10:38:26.370  5212  5297 V data    : Total TX: 19624
04-22 10:38:27.294  5212  5292 D connectedcrossroad: Data collect: SEND
04-22 10:38:27.299  5212  5292 D connectedcrossroad: Data collect: SEND
04-22 10:38:27.721  2659  2659 I wpa_supplicant: TDLS: Failed to send message (action_code=14)
04-22 10:38:28.048 21460  5431 I chatty  : uid=10158 com.google.android.gms.persistent expire 36 lines
04-22 10:38:28.051  5212  5297 V connectedcrossroad: Data collect: HELO
04-22 10:38:28.051  5212  5297 V data    : Payload RX: 30
04-22 10:38:28.051  5212  5297 V data    : Payload TX: 60
04-22 10:38:28.051  5212  5297 V data    : Total RX: 22072
04-22 10:38:28.051  5212  5297 V data    : Total TX: 20848
04-22 10:38:28.054  5212  5297 V connectedcrossroad: Data collect: HELO
04-22 10:38:28.055  5212  5297 V data    : Payload RX: 30
04-22 10:38:28.055  5212  5297 V data    : Payload TX: 60
04-22 10:38:28.055  5212  5297 V data    : Total RX: 22072
04-22 10:38:28.055  5212  5297 V data    : Total TX: 20848
04-22 10:38:29.306  5212  5292 D connectedcrossroad: Data collect: SEND
04-22 10:38:29.310  5212  5292 D connectedcrossroad: Data collect: SEND
04-22 10:38:29.854  5212  5297 V connectedcrossroad: Data collect: HELO
04-22 10:38:29.855  5212  5297 V data    : Payload RX: 30
04-22 10:38:29.855  5212  5297 V data    : Payload TX: 60
04-22 10:38:29.856  5212  5297 V data    : Total RX: 22684
04-22 10:38:29.856  5212  5297 V data    : Total TX: 22072
04-22 10:38:30.463  5212  5297 V connectedcrossroad: Data collect: HELO
04-22 10:38:30.464  5212  5297 V data    : Payload RX: 30
04-22 10:38:30.464  5212  5297 V data    : Payload TX: 60
04-22 10:38:30.464  5212  5297 V data    : Total RX: 23296
04-22 10:38:30.464  5212  5297 V data    : Total TX: 22072
04-22 10:38:31.317  5212  5292 D connectedcrossroad: Data collect: SEND
04-22 10:38:31.320  5212  5292 D connectedcrossroad: Data collect: SEND
04-22 10:38:31.829  5212  5297 V connectedcrossroad: Data collect: HELO
04-22 10:38:31.830  5212  5297 V data    : Payload RX: 30
04-22 10:38:31.830  5212  5297 V data    : Payload TX: 60
04-22 10:38:31.830  5212  5297 V data    : Total RX: 23908
04-22 10:38:31.830  5212  5297 V data    : Total TX: 23296
04-22 10:38:31.960  2659  2659 I wpa_supplicant: TDLS: Failed to send message (action_code=14)
04-22 10:38:32.128  5212  5297 V connectedcrossroad: Data collect: HELO
04-22 10:38:32.128  5212  5297 V data    : Payload RX: 30
04-22 10:38:32.128  5212  5297 V data    : Payload TX: 60
04-22 10:38:32.128  5212  5297 V data    : Total RX: 24520
04-22 10:38:32.128  5212  5297 V data    : Total TX: 23296
04-22 10:38:33.157     0     0 W swapper/2: type=1400 audit(0.0:2325): avc: denied { kill } for uid=0 capability=5 scontext=u:r:kernel:s0 tcontext=u:r:kernel:s0 tclass=capability permissive=0
04-22 10:38:33.186 21460 21645 I chatty  : uid=10158(com.google.android.gms) NearbyDiscovery expire 5 lines
04-22 10:38:33.326  5212  5292 D connectedcrossroad: Data collect: SEND
