04-22 09:46:36.002  1749  1794 I PackageManager: Un-granting permission com.google.android.googleapps.permission.GOOGLE_AUTH.OTHER_SERVICES from package com.google.android.apps.docs.editors.docs (protectionLevel=2 flags=0x38dbbe44)
04-22 09:46:36.002  1749  1794 I PackageManager: Un-granting permission com.google.android.googleapps.permission.GOOGLE_AUTH.ALL_SERVICES from package com.google.android.apps.docs.editors.docs (protectionLevel=2 flags=0x38dbbe44)
04-22 09:46:36.002  1749  1794 I PackageManager: Un-granting permission com.google.android.googleapps.permission.GOOGLE_AUTH.writely from package com.google.android.apps.docs.editors.docs (protectionLevel=2 flags=0x38dbbe44)
04-22 09:46:36.002  1749  1794 I PackageManager: Un-granting permission com.google.android.googleapps.permission.GOOGLE_AUTH.wise from package com.google.android.apps.docs.editors.docs (protectionLevel=2 flags=0x38dbbe44)
04-22 09:46:36.003  1749  1794 I PackageManager: Un-granting permission android.permission.REQUEST_INSTALL_PACKAGES from package com.motorola.brapps (protectionLevel=66 flags=0x38483e45)
04-22 09:46:36.004  1749  1794 I PackageManager: Un-granting permission com.google.android.gm.permission.READ_GMAIL from package com.google.android.apps.docs.editors.sheets (protectionLevel=2 flags=0x38dbbe44)
04-22 09:46:36.004  1749  1794 I PackageManager: Un-granting permission com.google.android.googleapps.permission.GOOGLE_AUTH from package com.google.android.apps.docs.editors.sheets (protectionLevel=2 flags=0x38dbbe44)
04-22 09:46:36.004  1749  1794 I PackageManager: Un-granting permission com.google.android.googleapps.permission.GOOGLE_AUTH.OTHER_SERVICES from package com.google.android.apps.docs.editors.sheets (protectionLevel=2 flags=0x38dbbe44)
04-22 09:46:36.004  1749  1794 I PackageManager: Un-granting permission com.google.android.googleapps.permission.GOOGLE_AUTH.ALL_SERVICES from package com.google.android.apps.docs.editors.sheets (protectionLevel=2 flags=0x38dbbe44)
04-22 09:46:36.004  1749  1794 I PackageManager: Un-granting permission com.google.android.googleapps.permission.GOOGLE_AUTH.writely from package com.google.android.apps.docs.editors.sheets (protectionLevel=2 flags=0x38dbbe44)
04-22 09:46:36.004  1749  1794 I PackageManager: Un-granting permission com.google.android.googleapps.permission.GOOGLE_AUTH.wise from package com.google.android.apps.docs.editors.sheets (protectionLevel=2 flags=0x38dbbe44)
04-22 09:46:36.004  1749  1794 I PackageManager: Un-granting permission com.google.android.gm.permission.READ_GMAIL from package com.google.android.apps.docs.editors.slides (protectionLevel=2 flags=0x38dbbe44)
04-22 09:46:36.004  1749  1794 I PackageManager: Un-granting permission com.google.android.googleapps.permission.GOOGLE_AUTH from package com.google.android.apps.docs.editors.slides (protectionLevel=2 flags=0x38dbbe44)
04-22 09:46:36.004  1749  1794 I PackageManager: Un-granting permission com.google.android.googleapps.permission.GOOGLE_AUTH.OTHER_SERVICES from package com.google.android.apps.docs.editors.slides (protectionLevel=2 flags=0x38dbbe44)
04-22 09:46:36.005  1749  1794 I PackageManager: Un-granting permission com.google.android.googleapps.permission.GOOGLE_AUTH.ALL_SERVICES from package com.google.android.apps.docs.editors.slides (protectionLevel=2 flags=0x38dbbe44)
04-22 09:46:36.005  1749  1794 I PackageManager: Un-granting permission com.google.android.googleapps.permission.GOOGLE_AUTH.writely from package com.google.android.apps.docs.editors.slides (protectionLevel=2 flags=0x38dbbe44)
04-22 09:46:36.005  1749  1794 I PackageManager: Un-granting permission com.google.android.googleapps.permission.GOOGLE_AUTH.wise from package com.google.android.apps.docs.editors.slides (protectionLevel=2 flags=0x38dbbe44)
04-22 09:46:36.005  1749  1794 I PackageManager: Un-granting permission com.google.android.setupwizard.READ_DEVICE_ORIGIN from package com.google.android.apps.messaging (protectionLevel=18 flags=0x38cbbe45)
04-22 09:46:36.011  1749  1794 I PackageManager: Un-granting permission android.permission.BIND_CARRIER_SERVICES from package com.republicwireless.tel (protectionLevel=18 flags=0x30483e45)
04-22 09:46:36.011  1749  1794 I PackageManager: Un-granting permission android.permission.REQUEST_INSTALL_PACKAGES from package com.google.android.gm (protectionLevel=66 flags=0x38cbbe45)
04-22 09:46:36.014  1749  1794 I PackageManager: Un-granting permission android.permission.MANAGE_ROLE_HOLDERS from package com.google.android.apps.wellbeing (protectionLevel=258 flags=0x20cbbe45)
04-22 09:46:36.015  1749  1794 I PackageManager: Un-granting permission android.permission.REQUEST_INSTALL_PACKAGES from package com.google.android.apps.nbu.files (protectionLevel=66 flags=0x30c83e45)
04-22 09:46:36.015  1749  1794 I PackageManager: Un-granting permission android.permission.REQUEST_INSTALL_PACKAGES from package com.google.android.apps.docs (protectionLevel=66 flags=0x38cbbe45)
04-22 09:46:36.016  1749  1794 I PackageManager: Un-granting permission android.permission.INTERACT_ACROSS_USERS from package com.google.android.syncadapters.contacts (protectionLevel=50 flags=0x20883e45)
04-22 09:46:36.017  1749  1794 I PackageManager: Un-granting permission android.permission.REQUEST_INSTALL_PACKAGES from package com.android.chrome (protectionLevel=66 flags=0xa0cbbe45)
04-22 09:46:36.017  1749  1794 I PackageManager: Un-granting permission android.permission.CAPTURE_VIDEO_OUTPUT from package com.google.android.gms (protectionLevel=2 flags=0xa0cabec5)
04-22 09:46:36.018  1749  1794 I PackageManager: Un-granting permission android.permission.MANAGE_DEVICE_ADMINS from package com.google.android.gms (protectionLevel=2 flags=0xa0cabec5)
04-22 09:46:36.018  1749  1794 I PackageManager: Un-granting permission android.permission.MANAGE_ACTIVITY_STACKS from package com.google.android.gms (protectionLevel=2 flags=0xa0cabec5)
04-22 09:46:36.018  1749  1794 I PackageManager: Un-granting permission android.permission.CAPTURE_SECURE_VIDEO_OUTPUT from package com.google.android.gms (protectionLevel=2 flags=0xa0cabec5)
04-22 09:46:36.018  1749  1794 I PackageManager: Un-granting permission android.permission.MANAGE_ROLLBACKS from package com.google.android.gms (protectionLevel=514 flags=0xa0cabec5)
04-22 09:46:36.021  1749  1794 I PackageManager: Un-granting permission com.google.android.googleapps.permission.GOOGLE_AUTH from package com.google.android.videos (protectionLevel=2 flags=0x30dbbe45)
04-22 09:46:36.022  1749  1794 I PackageManager: Un-granting permission android.permission.WRITE_MEDIA_STORAGE from package com.google.android.apps.photos (protectionLevel=18 flags=0x38d9be45)
04-22 09:46:36.025  1749  1794 I PackageManager: Un-granting permission android.permission.CONNECTIVITY_INTERNAL from package com.google.android.wfcactivation (protectionLevel=18 flags=0x3888be45)
04-22 09:46:36.025  1749  1794 I PackageManager: Un-granting permission android.permission.READ_LOGS from package com.google.android.wfcactivation (protectionLevel=50 flags=0x3888be45)
04-22 09:46:36.025  1749  1794 I PackageManager: Un-granting permission android.permission.WRITE_APN_SETTINGS from package com.google.android.wfcactivation (protectionLevel=18 flags=0x3888be45)
04-22 09:46:36.025  1749  1794 I PackageManager: Un-granting permission android.permission.WRITE_SECURE_SETTINGS from package com.LogiaGroup.LogiaDeck (protectionLevel=50 flags=0x38483e45)
04-22 09:46:36.027  1749  1794 I PackageManager: Un-granting permission android.permission.READ_WALLPAPER_INTERNAL from package com.google.android.apps.wallpaper (protectionLevel=18 flags=0x20cbbe45)
04-22 09:46:36.032  1749  1794 I PackageManager: Un-granting permission android.permission.SEND_DOWNLOAD_COMPLETED_INTENTS from package com.android.vending (protectionLevel=2 flags=0x284abec5)
04-22 09:46:36.046   729   729 I Zygote  : Process 28030 exited due to signal 9 (Killed)
04-22 09:46:36.053  1749  2917 D ConnectivityService: ConnectivityService NetworkRequestInfo binderDied(NetworkRequest [ TRACK_DEFAULT id=201, [ Capabilities: INTERNET&NOT_RESTRICTED&TRUSTED Uid: 10120] ], android.os.BinderProxy@b2e06c3)
04-22 09:46:36.053  1749  2255 D ConnectivityService: releasing NetworkRequest [ TRACK_DEFAULT id=201, [ Capabilities: INTERNET&NOT_RESTRICTED&TRUSTED Uid: 10120] ] (release request)
04-22 09:46:36.055  1749  1783 I libprocessgroup: Successfully killed process cgroup uid 10120 pid 28322 in 69ms
04-22 09:46:36.055  1749  1783 I libprocessgroup: Successfully killed process cgroup uid 10120 pid 28472 in 0ms
04-22 09:46:36.056   729   729 I Zygote  : Process 28322 exited due to signal 9 (Killed)
04-22 09:46:36.056   729 29075 I Zygote  : Process 28472 exited due to signal 9 (Killed)
04-22 09:46:36.056  1749  1783 I libprocessgroup: Successfully killed process cgroup uid 10120 pid 28030 in 0ms
04-22 09:46:36.112  1749  1749 W Looper  : Slow dispatch took 120ms main h=com.android.server.job.JobSchedulerService$JobHandler c=null m=1
04-22 09:46:36.125  1749  1794 I PackageManager.DexOptimizer: Running dexopt (dexoptNeeded=1) on: /data/app/com.android.vending-iahjQ3UZWPL8qH3SJK7ODw==/base.apk pkg=com.android.vending isa=arm dexoptFlags=boot_complete,profile_guided,public,enable_hidden_api_checks targetFilter=speed-profile oatDir=/data/app/com.android.vending-iahjQ3UZWPL8qH3SJK7ODw==/oat classLoaderContext=PCL[]{PCL[/system/framework/org.apache.http.legacy.jar]}
04-22 09:46:36.131   968  1813 V installd: DexInv: --- BEGIN '/data/app/com.android.vending-iahjQ3UZWPL8qH3SJK7ODw==/base.apk' ---
04-22 09:46:36.150  1749  9826 D ConnectivityService: ConnectivityService NetworkRequestInfo binderDied(NetworkRequest [ TRACK_DEFAULT id=197, [ Capabilities: INTERNET&NOT_RESTRICTED&TRUSTED Uid: 10120] ], android.os.BinderProxy@cf7488)
04-22 09:46:36.150  1749  7754 D ConnectivityService: ConnectivityService NetworkRequestInfo binderDied(NetworkRequest [ LISTEN id=198, [ Capabilities: INTERNET&NOT_RESTRICTED&TRUSTED Uid: 10120] ], android.os.BinderProxy@7063e21)
04-22 09:46:36.151  1749  2255 D ConnectivityService: releasing NetworkRequest [ TRACK_DEFAULT id=197, [ Capabilities: INTERNET&NOT_RESTRICTED&TRUSTED Uid: 10120] ] (release request)
04-22 09:46:36.264 29157 29157 I dex2oat : /apex/com.android.runtime/bin/dex2oat --input-vdex-fd=-1 --output-vdex-fd=11 --resolve-startup-const-strings=true --max-image-block-size=524288 --compiler-filter=speed-profile -j6 --classpath-dir=/data/app/com.android.vending-iahjQ3UZWPL8qH3SJK7ODw== --class-loader-context=PCL[]{PCL[/system/framework/org.apache.http.legacy.jar]} --generate-mini-debug-info --compact-dex-level=none --compilation-reason=install
04-22 09:46:36.284 29157 29157 I dex2oat : setting boot class path to /apex/com.android.runtime/javalib/core-oj.jar:/apex/com.android.runtime/javalib/core-libart.jar:/apex/com.android.runtime/javalib/okhttp.jar:/apex/com.android.runtime/javalib/bouncycastle.jar:/apex/com.android.runtime/javalib/apache-xml.jar:/system/framework/QPerformance.jar:/system/framework/UxPerformance.jar:/system/framework/tcmiface.jar:/system/framework/telephony-ext.jar:/system/framework/qcom.fmradio.jar:/system/framework/framework.jar:/system/framework/ext.jar:/system/framework/telephony-common.jar:/system/framework/voip-common.jar:/system/framework/ims-common.jar:/system/framework/android.test.base.jar
04-22 09:46:36.289 29157 29157 W dex2oat : Could not reserve sentinel fault page
04-22 09:46:36.996     0     0 W swapper/3: type=1400 audit(0.0:2032): avc: denied { kill } for uid=0 capability=5 scontext=u:r:kernel:s0 tcontext=u:r:kernel:s0 tclass=capability permissive=0
04-22 09:46:38.242 29157 29157 I dex2oat : Large app, accepted running with swap.
04-22 09:46:39.252   728 29166 E ResolverController: No valid NAT64 prefix (100, <unspecified>/0)
04-22 09:46:39.561 29157 29161 W dex2oat : Accessing hidden method Landroid/text/StaticLayout;-><init>(Ljava/lang/CharSequence;IILandroid/text/TextPaint;ILandroid/text/Layout$Alignment;Landroid/text/TextDirectionHeuristic;FFZLandroid/text/TextUtils$TruncateAt;II)V (greylist-max-p, linking, denied)
04-22 09:46:39.925 29157 29163 W dex2oat : Accessing hidden method Landroid/view/WindowInsets;->getInsets(I)Landroid/graphics/Insets; (blacklist, linking, denied)
04-22 09:46:39.925 29157 29163 W dex2oat : Accessing hidden method Landroid/view/WindowInsets;->getInsets(I)Landroid/graphics/Insets; (blacklist, linking, denied)
04-22 09:46:39.925 29157 29163 W dex2oat : Accessing hidden method Landroid/view/WindowInsets$Type;->tappableElement()I (blacklist, linking, denied)
04-22 09:46:39.925 29157 29163 W dex2oat : Accessing hidden method Landroid/view/WindowInsets$Type;->mandatorySystemGestures()I (blacklist, linking, denied)
04-22 09:46:39.925 29157 29163 W dex2oat : Accessing hidden method Landroid/view/WindowInsets$Type;->systemGestures()I (blacklist, linking, denied)
04-22 09:46:39.925 29157 29163 W dex2oat : Accessing hidden method Landroid/view/WindowInsets$Type;->ime()I (blacklist, linking, denied)
04-22 09:46:39.995 29157 29164 W dex2oat : Accessing hidden method Landroid/view/View;->getWindowInsetsController()Landroid/view/WindowInsetsController; (blacklist, linking, denied)
04-22 09:46:39.995 29157 29164 W dex2oat : Accessing hidden method Landroid/view/WindowInsets$Type;->ime()I (blacklist, linking, denied)
04-22 09:46:39.996 29157 29164 W dex2oat : Accessing hidden method Landroid/view/WindowInsetsController;->show(I)V (blacklist, linking, denied)
04-22 09:46:40.179 29157 29164 W dex2oat : Accessing hidden method Landroid/system/ErrnoException;->rethrowAsIOException()Ljava/io/IOException; (greylist-max-o,core-platform-api, linking, denied)
04-22 09:46:40.179 29157 29161 W dex2oat : Accessing hidden method Landroid/system/ErrnoException;->rethrowAsIOException()Ljava/io/IOException; (greylist-max-o,core-platform-api, linking, denied)
04-22 09:46:40.179 29157 29161 I chatty  : uid=50120(com.android.vending) identical 2 lines
04-22 09:46:40.179 29157 29161 W dex2oat : Accessing hidden method Landroid/system/ErrnoException;->rethrowAsIOException()Ljava/io/IOException; (greylist-max-o,core-platform-api, linking, denied)
04-22 09:46:40.179 29157 29157 W dex2oat : Accessing hidden method Landroid/system/ErrnoException;->rethrowAsIOException()Ljava/io/IOException; (greylist-max-o,core-platform-api, linking, denied)
04-22 09:46:41.134   728 29167 E ResolverController: No valid NAT64 prefix (100, <unspecified>/0)
04-22 09:46:43.006 29157 29157 I dex2oat : Explicit concurrent copying GC freed 247803(36MB) AllocSpace objects, 0(0B) LOS objects, 99% free, 1960B/1537KB, paused 71us total 22.451ms
04-22 09:46:43.813 29157 29157 I dex2oat : dex2oat took 7.558s (19.459s cpu) (threads: 6) arena alloc=3072B (3072B) java alloc=17KB (18344B) native alloc=27MB (28943744B) free=2010KB (2058880B) swap=16MB (16777216B)
04-22 09:46:43.832   968  1813 V installd: DexInv: --- END '/data/app/com.android.vending-iahjQ3UZWPL8qH3SJK7ODw==/base.apk' (success) ---
04-22 09:46:43.840  1749  1794 W PackageManager: Cannot whitelist unknown permission: com.google.android.setupwizard.SETUP_PROGRESS_SERVICE
04-22 09:46:43.840  1749  1794 W PackageManager: Cannot whitelist unknown permission: android.permission.LOADER_USAGE_STATS
04-22 09:46:43.840  1749  1794 W PackageManager: Cannot whitelist unknown permission: com.sec.android.provider.badge.permission.READ
04-22 09:46:43.840  1749  1794 W PackageManager: Cannot whitelist unknown permission: com.sec.android.provider.badge.permission.WRITE
04-22 09:46:43.840  1749  1794 W PackageManager: Cannot whitelist unknown permission: com.htc.launcher.permission.READ_SETTINGS
04-22 09:46:43.840  1749  1794 W PackageManager: Cannot whitelist unknown permission: com.htc.launcher.permission.UPDATE_SHORTCUT
04-22 09:46:43.840  1749  1794 W PackageManager: Cannot whitelist unknown permission: com.sonyericsson.home.permission.BROADCAST_BADGE
04-22 09:46:43.840  1749  1794 W PackageManager: Cannot whitelist unknown permission: com.sonymobile.home.permission.PROVIDER_INSERT_BADGE
04-22 09:46:43.840  1749  1794 W PackageManager: Cannot whitelist unknown permission: com.anddoes.launcher.permission.UPDATE_COUNT
04-22 09:46:43.840  1749  1794 W PackageManager: Cannot whitelist unknown permission: com.majeur.launcher.permission.UPDATE_BADGE
04-22 09:46:43.840  1749  1794 W PackageManager: Cannot whitelist unknown permission: com.huawei.android.launcher.permission.CHANGE_BADGE
04-22 09:46:43.840  1749  1794 W PackageManager: Cannot whitelist unknown permission: com.huawei.android.launcher.permission.READ_SETTINGS
04-22 09:46:43.840  1749  1794 W PackageManager: Cannot whitelist unknown permission: com.huawei.android.launcher.permission.WRITE_SETTINGS
04-22 09:46:43.840  1749  1794 W PackageManager: Cannot whitelist unknown permission: android.permission.READ_APP_BADGE
04-22 09:46:43.840  1749  1794 W PackageManager: Cannot whitelist unknown permission: com.oppo.launcher.permission.READ_SETTINGS
04-22 09:46:43.840  1749  1794 W PackageManager: Cannot whitelist unknown permission: com.oppo.launcher.permission.WRITE_SETTINGS
04-22 09:46:43.840  1749  1794 W PackageManager: Cannot whitelist unknown permission: org.chromium.arc.apkcacheprovider.permission.READ_CACHE
04-22 09:46:43.840  1749  1794 W PackageManager: Cannot whitelist unknown permission: org.chromium.arc.apkcacheprovider.permission.WRITE_CACHE
04-22 09:46:43.840  1749  1794 W PackageManager: Cannot whitelist unknown permission: com.android.permission.USE_INSTALLER_V2
04-22 09:46:43.840  1749  1794 W PackageManager: Cannot whitelist unknown permission: android.permission.QUERY_ALL_PACKAGES
04-22 09:46:43.861   728  2384 I netd    : trafficSetNetPermForUids(12, [10120]) <0.04ms>
04-22 09:46:43.890   968  1813 E         : Couldn't opendir /data/app/vmdl110133735.tmp: No such file or directory
04-22 09:46:43.890   968  1813 E installd: Failed to delete /data/app/vmdl110133735.tmp: No such file or directory
04-22 09:46:43.891  1749  1794 I ActivityManager: Force stopping com.android.vending appid=10120 user=0: pkg removed
04-22 09:46:43.913  1749  1781 W BroadcastQueue: Background execution not allowed: receiving Intent { act=android.intent.action.PACKAGE_REMOVED dat=package:com.android.vending flg=0x4000010 (has extras) } to com.android.vending/com.google.android.finsky.packagemanager.impl.PackageMonitorReceiverImpl$RegisteredReceiver
04-22 09:46:43.919  1749  2137 I InputReader: Reconfiguring input devices.  changes=0x00000010
04-22 09:46:43.921  3398  3398 I GsaVoiceInteractionSrv: O received Intent { act=android.intent.action.PACKAGE_REMOVED dat=package:com.android.vending flg=0x4000010 (has extras) }
04-22 09:46:43.931  2570  2582 W id.ext.service: Reducing the number of considered missed Gc histogram windows from 767 to 100
04-22 09:46:43.944   729   729 D Zygote  : Forked child process 29170
04-22 09:46:43.947 18334 18334 I MotoDisplay: Acquiring partial wakelock MotoDisplayWakeLock for 500ms.
04-22 09:46:43.949  3517  3535 W orola.launcher: Reducing the number of considered missed Gc histogram windows from 652 to 100
04-22 09:46:43.950 18334 18334 I MotoDisplay: Acquiring partial wakelock MotoDisplayWakeLock for 500ms.
04-22 09:46:43.952 18334 18334 E MotoDisplay: Notification not found: [Key: 1067505553, groupKey: 1067505553]
04-22 09:46:43.953 18334 18334 I MotoDisplay: Releasing wakelock: MotoDisplayWakeLock
04-22 09:46:43.954  1749  1781 W BroadcastQueue: Background execution not allowed: receiving Intent { act=android.intent.action.PACKAGE_REMOVED dat=package:com.android.vending flg=0x4000010 (has extras) } to com.android.vending/com.google.android.finsky.instantapps.appmanagement.InstantAppRemoveMonitor
04-22 09:46:43.954  1749  1781 W BroadcastQueue: Background execution not allowed: receiving Intent { act=android.intent.action.PACKAGE_REMOVED dat=package:com.android.vending flg=0x4000010 (has extras) } to com.google.android.gms/.games.chimera.GamesSystemBroadcastReceiverProxy
04-22 09:46:43.956  1749  1782 I ActivityManager: Start proc 29170:com.android.keychain/1000 for service {com.android.keychain/com.android.keychain.KeyChainService}
04-22 09:46:43.956  1749  1781 W BroadcastQueue: Background execution not allowed: receiving Intent { act=android.intent.action.PACKAGE_REMOVED dat=package:com.android.vending flg=0x4000010 (has extras) } to com.google.android.gms/.chimera.GmsIntentOperationService$PersistentTrustedReceiver
04-22 09:46:43.957  1749  1794 I ActivityManager: Force stopping com.android.vending appid=10120 user=0: pkg removed
04-22 09:46:43.962  1749  1781 W BroadcastQueue: Background execution not allowed: receiving Intent { act=android.intent.action.PACKAGE_REMOVED dat=package:com.android.vending flg=0x4000010 (has extras) } to com.google.android.googlequicksearchbox/com.google.android.apps.gsa.googlequicksearchbox.GelStubAppWatcher
04-22 09:46:43.973 24881 29178 I chatty  : uid=10158(com.google.android.gms) expire 2 lines
04-22 09:46:43.975  2313  2313 W View    : requestLayout() improperly called by com.android.systemui.statusbar.HeadsUpStatusBarView{e5b882e I.E...... ......ID 0,0-248,56 #7f0a01f7 app:id/heads_up_status_bar_view} during layout: running second layout pass
04-22 09:46:43.977 29170 29170 E ndroid.keychai: Not starting debugger since process cannot load the jdwp agent.
04-22 09:46:43.982  1749  2067 W AccountManagerService: User 10120 does not exist. It might be removed already.
04-22 09:46:43.983  1749  1749 I RoleManagerService: Granting default permissions...
04-22 09:46:43.992  1749  2646 W LocationProviderProxy: com.qualcomm.location resolves service com.android.location.service.v3.NetworkLocationProvider, but has wrong signature, ignoring
04-22 09:46:43.993  1749  2646 W LocationProviderProxy: com.google.android.gms resolves service com.android.location.service.v3.NetworkLocationProvider, but has wrong signature, ignoring
04-22 09:46:43.993  1749  2646 W LocationProviderProxy: com.qualcomm.location resolves service com.android.location.service.v3.NetworkLocationProvider, but has wrong signature, ignoring
04-22 09:46:43.993  1749  2646 W LocationProviderProxy: Odd, no component found for service com.android.location.service.v3.NetworkLocationProvider
04-22 09:46:43.994  3398  3398 I GsaVoiceInteractionSrv: O received Intent { act=android.intent.action.PACKAGE_ADDED dat=package:com.android.vending flg=0x4000010 (has extras) }
04-22 09:46:43.995  2294  2294 I chatty  : uid=1002(bluetooth) com.android.bluetooth expire 11 lines
04-22 09:46:44.000  2508  2508 E VvmPkgInstalledRcvr: cannot create TelephonyManager from ComponentInfo{com.android.phone/com.android.services.telephony.TelephonyConnectionService}, ***, UserHandle{0}
04-22 09:46:44.002  1749  1781 W BroadcastQueue: Background execution not allowed: receiving Intent { act=android.intent.action.PACKAGE_REMOVED dat=package:com.android.vending flg=0x4000010 (has extras) } to com.verizon.loginengine.unbranded/com.verizon.vzwavs.AVSSystemReceiver
04-22 09:46:44.004  3334  3334 I chatty  : uid=1000(system) com.motorola.process.system expire 8 lines
04-22 09:46:44.008  1749  1780 E system_server: No package ID 7f found for ID 0x7f0802a7.
04-22 09:46:44.008  1749  1780 E system_server: No package ID 7f found for ID 0x7f130585.
04-22 09:46:44.012  1749  2137 I InputReader: Reconfiguring input devices.  changes=0x00000010
04-22 09:46:44.026  3398  3398 I GsaVoiceInteractionSrv: O received Intent { act=android.intent.action.PACKAGE_REPLACED dat=package:com.android.vending flg=0x4000010 (has extras) }
04-22 09:46:44.027  2313  2328 I ndroid.systemu: Background concurrent copying GC freed 127770(4731KB) AllocSpace objects, 0(0B) LOS objects, 49% free, 7227KB/14MB, paused 116us total 120.661ms
04-22 09:46:44.027  2313  2328 W ndroid.systemu: Reducing the number of considered missed Gc histogram windows from 114 to 100
04-22 09:46:44.032  1749  1781 W BroadcastQueue: Background execution not allowed: receiving Intent { act=android.intent.action.PACKAGE_REMOVED dat=package:com.android.vending flg=0x4000010 (has extras) } to com.google.android.apps.magazines/com.google.android.libraries.social.peoplekit.thirdparty.viewcontrollers.ThirdPartyReceiver
04-22 09:46:44.034  1749  2137 I InputReader: Reconfiguring input devices.  changes=0x00000010
04-22 09:46:44.063 29170 29170 I ndroid.keychai: The ClassLoaderContext is a special shared library.
04-22 09:46:44.073   729   729 D Zygote  : Forked child process 29193
04-22 09:46:44.077  1749  1782 I ActivityManager: Start proc 29193:com.android.vending/u0a120 for broadcast {com.android.vending/com.google.android.finsky.packagemanager.impl.PackageMonitorReceiverImpl$RegisteredReceiver}
04-22 09:46:44.081  8057  8057 D MCLOG   : [MC_Service] onStartcommand()
04-22 09:46:44.092 29193 29193 I chatty  : uid=10120(com.android.vending) expire 267 lines
04-22 09:46:44.097  2508  2508 E PhoneInterfaceManager: [PhoneIntfMgr] getCarrierPackageNamesForIntent: No UICC
04-22 09:46:44.097  2508  2508 D CarrierSvcBindHelper: No carrier app for: 0
04-22 09:46:44.097  2508  2508 E PhoneInterfaceManager: [PhoneIntfMgr] getCarrierPackageNamesForIntent: No UICC
04-22 09:46:44.097  2508  2508 D CarrierSvcBindHelper: No carrier app for: 0
04-22 09:46:44.104  2508  2508 E VvmPkgInstalledRcvr: cannot create TelephonyManager from ComponentInfo{com.android.phone/com.android.services.telephony.TelephonyConnectionService}, ***, UserHandle{0}
04-22 09:46:44.105 21460 29203 I chatty  : uid=10158 com.google.android.gms.persistent expire 2 lines
04-22 09:46:44.106  2508  2508 D ImsResolver: maybeAddedImsService, packageName: com.android.vending
04-22 09:46:44.108  2508  2508 D CarrierConfigLoader: mHandler: 9 phoneId: 0
04-22 09:46:44.111 21153 21380 I MicroDataManager: isInitializing-false locale not changed-true model not changed-true
04-22 09:46:44.130 21153 21380 I MicroDetectionState: Should stop hotword detection immediately - false
04-22 09:46:44.134 21153 21380 W SearchServiceCore: Abort, client detached.
04-22 09:46:44.134 21153 21380 W SearchServiceCore: Abort, client detached.
04-22 09:46:44.139 21153 21380 W SearchServiceCore: Abort, client detached.
04-22 09:46:44.146  1749  1749 W Looper  : Slow dispatch took 134ms main h=android.app.ActivityThread$H c=android.app.-$$Lambda$LoadedApk$ReceiverDispatcher$Args$_BumDX2UKsnxLVrE6UJsJZkotuA@b543cf9 m=0
04-22 09:46:44.146  1749  1749 I TelecomService: DefaultDialerCache: Refreshing default dialer for user 0: now com.google.android.dialer: DDC.oR@Al0
04-22 09:46:44.159 21460 29191 I chatty  : uid=10158 com.google.android.gms.persistent expire 1 line
04-22 09:46:44.186 24881 29225 I chatty  : uid=10158(com.google.android.gms) expire 1 line
04-22 09:46:44.196  1749  1769 W Looper  : Slow delivery took 219ms android.fg h=android.os.Handler c=<recycled PooledLambda@98212b4> m=0
04-22 09:46:44.244  1749  1763 I system_server: Background concurrent copying GC freed 285273(14MB) AllocSpace objects, 74(4048KB) LOS objects, 42% free, 23MB/41MB, paused 279us total 223.682ms
04-22 09:46:44.246 21460 29220 I chatty  : uid=10158 com.google.android.gms.persistent expire 1 line
04-22 09:46:44.253 21460  7851 I chatty  : uid=10158(com.google.android.gms) highpool[116] expire 21 lines
04-22 09:46:44.253 21460 16751 I chatty  : uid=10158(com.google.android.gms) highpool[126] expire 14 lines
04-22 09:46:44.317   729   729 D Zygote  : Forked child process 29245
04-22 09:46:44.327  1749  1782 I ActivityManager: Start proc 29245:com.google.android.permissioncontroller/u0a74 for service {com.google.android.permissioncontroller/com.android.packageinstaller.role.service.RoleControllerServiceImpl}
04-22 09:46:44.329 29245 29245 E ssioncontrolle: Not starting debugger since process cannot load the jdwp agent.
04-22 09:46:44.335 21460 21475 I chatty  : uid=10158(com.google.android.gms) FinalizerDaemon expire 1 line
04-22 09:46:44.346  1749  1769 W Looper  : Drained
04-22 09:46:44.445 24881 29213 I chatty  : uid=10158(com.google.android.gms) expire 1 line
04-22 09:46:44.455 24881 29267 I chatty  : uid=10158(com.google.android.gms) highpool[4] expire 5 lines
04-22 09:46:44.510 24881 29244 I chatty  : uid=10158(com.google.android.gms) lowpool[29] expire 10 lines
04-22 09:46:44.513 29245 29266 D SystemConfig: Removed unavailable feature android.hardware.sensor.gyroscope
04-22 09:46:44.526 29245 29266 W SystemConfig: No directory /oem/etc/sysconfig, skipping
04-22 09:46:44.526 29245 29266 W SystemConfig: No directory /oem/etc/permissions, skipping
04-22 09:46:44.566   728 29271 E ResolverController: No valid NAT64 prefix (100, <unspecified>/0)
04-22 09:46:44.602 24881 29231 I chatty  : uid=10158(com.google.android.gms) lowpool[28] expire 10 lines
04-22 09:46:44.617 29193 29240 I chatty  : uid=10120(com.android.vending) expire 2830 lines
04-22 09:46:44.677 29245 29266 W SystemConfig: No directory /system/etc/motorola/bgintents, skipping
04-22 09:46:44.677 29245 29266 W SystemConfig: No directory /oem/etc/motorola/bgintents, skipping
04-22 09:46:44.683 29245 29266 W SystemConfig: No directory /product_services/etc/sysconfig, skipping
04-22 09:46:44.683 29245 29266 W SystemConfig: No directory /product_services/etc/permissions, skipping
04-22 09:46:44.683 29245 29266 W SystemConfig: No directory /system/etc/motorola/sysconfig, skipping
04-22 09:46:44.683 29245 29266 W SystemConfig: No directory /oem/etc/motorola/sysconfig, skipping
04-22 09:46:44.683 29245 29266 W SystemConfig: No directory /product/etc/motorola/sysconfig, skipping
04-22 09:46:44.683 29193 29237 I chatty  : uid=10120(com.android.vending) LightweightExec expire 4 lines
04-22 09:46:44.684 29193 29236 I chatty  : uid=10120(com.android.vending) LightweightExec expire 4 lines
04-22 09:46:44.700   728 29284 E ResolverController: No valid NAT64 prefix (100, <unspecified>/0)
04-22 09:46:44.707 29193 29239 I chatty  : uid=10120(com.android.vending) LightweightExec expire 6 lines
04-22 09:46:44.708 29193 29272 I chatty  : uid=10120(com.android.vending) bgExecutor #0 expire 20 lines
04-22 09:46:44.708   728 29285 E ResolverController: No valid NAT64 prefix (100, <unspecified>/0)
04-22 09:46:44.746 29193 29281 I chatty  : uid=10120(com.android.vending) bgExecutor #3 expire 15 lines
04-22 09:46:44.763  2313  2313 W View    : requestLayout() improperly called by com.android.systemui.statusbar.HeadsUpStatusBarView{e5b882e I.E...... ......ID 0,0-248,56 #7f0a01f7 app:id/heads_up_status_bar_view} during layout: running second layout pass
04-22 09:46:44.953 29193 29307 I chatty  : uid=10120(com.android.vending) expire 8 lines
04-22 09:46:44.983 29193 29308 I chatty  : uid=10120(com.android.vending) expire 13 lines
04-22 09:46:44.986   729   729 D Zygote  : Forked child process 29311
04-22 09:46:44.989  1749  1782 I ActivityManager: Start proc 29311:com.android.vending:instant_app_installer/u0a120 for broadcast {com.android.vending/com.google.android.finsky.instantapps.appmanagement.InstantAppRemoveMonitor}
04-22 09:46:45.003 29311 29311 I chatty  : uid=10120(com.android.vending) expire 8 lines
04-22 09:46:45.033  1749  1780 I RoleUserState: Wrote roles.xml successfully
04-22 09:46:45.108   728 29334 E ResolverController: No valid NAT64 prefix (100, <unspecified>/0)
04-22 09:46:45.200  1749  7754 W BroadcastQueue: Background execution not allowed: receiving Intent { act=android.intent.action.PACKAGE_ADDED dat=package:com.android.vending flg=0x4000010 (has extras) } to com.google.android.packageinstaller/com.android.packageinstaller.PackageInstalledReceiver
04-22 09:46:45.203  1749  1781 W BroadcastQueue: Background execution not allowed: receiving Intent { act=android.intent.action.PACKAGE_ADDED dat=package:com.android.vending flg=0x4000010 (has extras) } to com.facebook.appmanager/com.facebook.oxygen.common.packages.event.manifest.ManifestPackageEventReceiver
04-22 09:46:45.203  1749  1781 W BroadcastQueue: Background execution not allowed: receiving Intent { act=android.intent.action.PACKAGE_ADDED dat=package:com.android.vending flg=0x4000010 (has extras) } to com.google.android.gms/.games.chimera.GamesSystemBroadcastReceiverProxy
04-22 09:46:45.203  1749  1781 W BroadcastQueue: Background execution not allowed: receiving Intent { act=android.intent.action.PACKAGE_ADDED dat=package:com.android.vending flg=0x4000010 (has extras) } to com.google.android.gms/.gass.chimera.PackageChangeBroadcastReceiver
04-22 09:46:45.204  1749  1781 W BroadcastQueue: Background execution not allowed: receiving Intent { act=android.intent.action.PACKAGE_ADDED dat=package:com.android.vending flg=0x4000010 (has extras) } to com.google.android.gms/.chimera.GmsIntentOperationService$PersistentTrustedReceiver
04-22 09:46:45.204  1749  1781 W BroadcastQueue: Background execution not allowed: receiving Intent { act=android.intent.action.PACKAGE_ADDED dat=package:com.android.vending flg=0x4000010 (has extras) } to com.google.android.googlequicksearchbox/com.google.android.apps.gsa.googlequicksearchbox.GelStubAppWatcher
04-22 09:46:45.204  1749  1781 W BroadcastQueue: Background execution not allowed: receiving Intent { act=android.intent.action.PACKAGE_ADDED dat=package:com.android.vending flg=0x4000010 (has extras) } to com.google.android.ims/.receivers.RcsAutoStartReceiver
04-22 09:46:45.217   729   729 D Zygote  : Forked child process 29345
04-22 09:46:45.230  1749  1782 I ActivityManager: Start proc 29345:com.motorola.invisiblenet/u0a156 for broadcast {com.motorola.invisiblenet/com.motorola.invisiblenet.PackageAddedReceiver}
04-22 09:46:45.239 29345 29345 E la.invisiblene: Not starting debugger since process cannot load the jdwp agent.
04-22 09:46:45.247 29193 29330 I chatty  : uid=10120(com.android.vending) AsyncTask #2 expire 10 lines
04-22 09:46:45.249 29193 29329 I chatty  : uid=10120(com.android.vending) expire 7 lines
04-22 09:46:45.289 29193 29277 I chatty  : uid=10120(com.android.vending) expire 5 lines
04-22 09:46:45.294 29345 29345 I la.invisiblene: The ClassLoaderContext is a special shared library.
04-22 09:46:45.319   729   729 D Zygote  : Forked child process 29376
04-22 09:46:45.321  1749  1782 I ActivityManager: Start proc 29376:com.android.vending:download_service/u0a120 for service {com.android.vending/com.google.android.finsky.ipcservers.downloadservice.DownloadServiceGrpcServerAndroidService}
04-22 09:46:45.331  1749 11475 W BroadcastQueue: Background execution not allowed: receiving Intent { act=android.intent.action.PACKAGE_ADDED dat=package:com.android.vending flg=0x4000010 (has extras) } to com.verizon.loginengine.unbranded/com.verizon.vzwavs.AVSSystemReceiver
04-22 09:46:45.332  1749  1781 W BroadcastQueue: Background execution not allowed: receiving Intent { act=android.intent.action.PACKAGE_REPLACED dat=package:com.android.vending flg=0x4000010 (has extras) } to com.facebook.appmanager/com.facebook.oxygen.common.packages.event.manifest.ManifestPackageEventReceiver
04-22 09:46:45.333  1749  1781 W BroadcastQueue: Background execution not allowed: receiving Intent { act=android.intent.action.PACKAGE_REPLACED dat=package:com.android.vending flg=0x4000010 (has extras) } to com.google.android.apps.photos/.account.full.FetchAccountPropertiesAppUpgradeBroadcastReceiver
04-22 09:46:45.333  1749  1781 W BroadcastQueue: Background execution not allowed: receiving Intent { act=android.intent.action.PACKAGE_REPLACED dat=package:com.android.vending flg=0x4000010 (has extras) } to com.google.android.apps.photos/.account.full.SyncAccountsForLoginBroadcastReceiver
04-22 09:46:45.333  1749  1781 W BroadcastQueue: Background execution not allowed: receiving Intent { act=android.intent.action.PACKAGE_REPLACED dat=package:com.android.vending flg=0x4000010 (has extras) } to com.google.android.apps.photos/.notificationchannels.AppUpdateBroadcastReceiver
04-22 09:46:45.333  1749  1781 W BroadcastQueue: Background execution not allowed: receiving Intent { act=android.intent.action.PACKAGE_REPLACED dat=package:com.android.vending flg=0x4000010 (has extras) } to com.google.android.gms/.gass.chimera.PackageChangeBroadcastReceiver
04-22 09:46:45.333  1749  1781 W BroadcastQueue: Background execution not allowed: receiving Intent { act=android.intent.action.PACKAGE_REPLACED dat=package:com.android.vending flg=0x4000010 (has extras) } to com.google.android.gms/.chimera.GmsIntentOperationService$PersistentTrustedReceiver
04-22 09:46:45.333  1749  1781 W BroadcastQueue: Background execution not allowed: receiving Intent { act=android.intent.action.PACKAGE_REPLACED dat=package:com.android.vending flg=0x4000010 (has extras) } to com.google.android.googlequicksearchbox/com.google.android.apps.gsa.googlequicksearchbox.GelStubAppWatcher
04-22 09:46:45.334  1749  1781 W BroadcastQueue: Background execution not allowed: receiving Intent { act=android.intent.action.PACKAGE_REPLACED dat=package:com.android.vending flg=0x4000010 (has extras) } to com.google.android.ims/.receivers.RcsAutoStartReceiver
04-22 09:46:45.334  1749  1781 W BroadcastQueue: Background execution not allowed: receiving Intent { act=android.intent.action.PACKAGE_REPLACED dat=package:com.android.vending flg=0x4000010 (has extras) } to com.motorola.ccc.notification/.gcm.GCMAdminReceiver
04-22 09:46:45.334  1749  1781 W BroadcastQueue: Background execution not allowed: receiving Intent { act=android.intent.action.PACKAGE_REPLACED dat=package:com.android.vending flg=0x4000010 (has extras) } to com.verizon.loginengine.unbranded/com.verizon.vzwavs.AVSSystemReceiver
04-22 09:46:45.339 29376 29376 I chatty  : uid=10120 com.android.vending:download_service expire 8 lines
04-22 09:46:45.341 29193 29287 I chatty  : uid=10120(com.android.vending) Thread-2 expire 1 line
04-22 09:46:45.353 29193 29394 I chatty  : uid=10120(com.android.vending) Thread-13 expire 1 line
04-22 09:46:45.360 29193 29280 I chatty  : uid=10120(com.android.vending) bgExecutor #2 expire 13 lines
04-22 09:46:45.458 29193 29409 I chatty  : uid=10120(com.android.vending) GoogleApiHandle expire 3 lines
04-22 09:46:45.520 29311 29411 I chatty  : uid=10120(com.android.vending) expire 2 lines
04-22 09:46:45.564 29193 29417 I chatty  : uid=10120(com.android.vending) expire 2 lines
04-22 09:46:45.609  1749  3454 W ProcessStats: Tracking association SourceState{fdf6762 com.google.android.gms.persistent/10158 ImpFg #78367} whose proc state 2 is better than process ProcessState{d084d42 com.google.android.gms/10158 pkg=com.google.android.gms} proc state 3 (24 skipped)
04-22 09:46:45.626 29193 29290 I chatty  : uid=10120(com.android.vending) Thread-5 expire 2 lines
04-22 09:46:45.636   728 29431 E ResolverController: No valid NAT64 prefix (100, <unspecified>/0)
04-22 09:46:45.648  1749 11475 D ConnectivityService: requestNetwork for uid/pid:10120/29376 NetworkRequest [ TRACK_DEFAULT id=208, [ Capabilities: INTERNET&NOT_RESTRICTED&TRUSTED Uid: 10120] ]
04-22 09:46:45.649  1749  2250 D WifiNetworkFactory: got request NetworkRequest [ TRACK_DEFAULT id=208, [ Capabilities: INTERNET&NOT_RESTRICTED&TRUSTED Uid: 10120] ] with score 60 and serial -1
04-22 09:46:45.649  1749  2250 D UntrustedWifiNetworkFactory: got request NetworkRequest [ TRACK_DEFAULT id=208, [ Capabilities: INTERNET&NOT_RESTRICTED&TRUSTED Uid: 10120] ] with score 60 and serial -1
04-22 09:46:45.649  1749  2286 D Ethernet: got request NetworkRequest [ TRACK_DEFAULT id=208, [ Capabilities: INTERNET&NOT_RESTRICTED&TRUSTED Uid: 10120] ] with score 60 and serial -1
04-22 09:46:45.649  2508  2508 D PhoneSwitcherNetworkRequstListener: got request NetworkRequest [ TRACK_DEFAULT id=208, [ Capabilities: INTERNET&NOT_RESTRICTED&TRUSTED Uid: 10120] ] with score 60 and serial -1
04-22 09:46:45.720 29376 29443 I chatty  : uid=10120 com.android.vending:download_service expire 8 lines
04-22 09:46:45.750 29376 29436 I chatty  : uid=10120 com.android.vending:download_service expire 8 lines
04-22 09:46:45.751 29193 29440 I chatty  : uid=10120(com.android.vending) expire 7 lines
04-22 09:46:45.753 27576 29158 V DownloadManager: Deleting /data/data/com.android.providers.downloads/cache/downloadfile.apk via provider delete
04-22 09:46:45.754 29193 29444 I chatty  : uid=10120(com.android.vending) expire 2 lines
04-22 09:46:45.754 29193 29441 I chatty  : uid=10120(com.android.vending) Binder:29193_5 expire 3 lines
04-22 09:46:45.755 29193 29425 I chatty  : uid=10120(com.android.vending) expire 3 lines
04-22 09:46:45.772 21460 27856 I chatty  : uid=10158 com.google.android.gms.persistent expire 6 lines
04-22 09:46:45.787 27576 28236 V DownloadManager: Deleting /data/data/com.android.providers.downloads/cache/downloadfile-1.apk via provider delete
04-22 09:46:45.812  1749  2137 I InputReader: Reconfiguring input devices.  changes=0x00000010
04-22 09:46:45.818  1749  1749 I RoleManagerService: Granting default permissions...
04-22 09:46:45.819  1749  2646 W LocationProviderProxy: com.qualcomm.location resolves service com.android.location.service.v3.NetworkLocationProvider, but has wrong signature, ignoring
04-22 09:46:45.820  1749  2646 W LocationProviderProxy: com.google.android.gms resolves service com.android.location.service.v3.NetworkLocationProvider, but has wrong signature, ignoring
04-22 09:46:45.821  1749  2646 W LocationProviderProxy: com.qualcomm.location resolves service com.android.location.service.v3.NetworkLocationProvider, but has wrong signature, ignoring
04-22 09:46:45.821  1749  2646 W LocationProviderProxy: Odd, no component found for service com.android.location.service.v3.NetworkLocationProvider
04-22 09:46:45.824  1749  1780 E system_server: No package ID 7f found for ID 0x7f0802a7.
04-22 09:46:45.824  1749  1780 E system_server: No package ID 7f found for ID 0x7f130585.
04-22 09:46:45.828  3334  3334 D MotoSystemServer: receive intent :Intent { act=android.intent.action.PACKAGE_CHANGED dat=package:com.android.vending flg=0x45000010 (has extras) }
04-22 09:46:45.829  3334  3334 D MotoSystemServer:  packageName = com.android.vending
04-22 09:46:45.853  2508  2508 E PhoneInterfaceManager: [PhoneIntfMgr] getCarrierPackageNamesForIntent: No UICC
04-22 09:46:45.853  2508  2508 D CarrierSvcBindHelper: No carrier app for: 0
04-22 09:46:45.855  1749  1749 I TelecomService: DefaultDialerCache: Refreshing default dialer for user 0: now com.google.android.dialer: DDC.oR@Al8
04-22 09:46:45.866  2508  2508 E VvmPkgInstalledRcvr: cannot create TelephonyManager from ComponentInfo{com.android.phone/com.android.services.telephony.TelephonyConnectionService}, ***, UserHandle{0}
04-22 09:46:45.866  2508  2508 D ImsResolver: maybeAddedImsService, packageName: com.android.vending
04-22 09:46:45.871 29193 29445 I chatty  : uid=10120(com.android.vending) expire 1 line
04-22 09:46:45.871 21460 29192 I chatty  : uid=10158 com.google.android.gms.persistent expire 1 line
04-22 09:46:46.043 29193 29279 I chatty  : uid=10120(com.android.vending) bgExecutor #1 expire 32 lines
04-22 09:46:46.206   728 29453 E ResolverController: No valid NAT64 prefix (100, <unspecified>/0)
04-22 09:46:46.256  1749  1780 I RoleUserState: Wrote roles.xml successfully
04-22 09:46:46.528   728 29456 E ResolverController: No valid NAT64 prefix (100, <unspecified>/0)
04-22 09:46:46.719 24881 29450 I chatty  : uid=10158(com.google.android.gms) expire 1 line
04-22 09:46:47.025   728  2384 I netd    : trafficSwapActiveStatsMap() <4.77ms>
04-22 09:46:47.031   728  2384 I netd    : tetherGetStats() <2.62ms>
04-22 09:46:47.067   728  2384 I netd    : bandwidthSetGlobalAlert(2097152) <0.45ms>
04-22 09:46:47.429 29193 29289 I chatty  : uid=10120(com.android.vending) Thread-4 expire 1 line
04-22 09:46:49.179 29193 29224 I chatty  : uid=10120(com.android.vending) Profile Saver expire 2 lines
04-22 09:46:49.265   728 29460 E ResolverController: No valid NAT64 prefix (100, <unspecified>/0)
04-22 09:46:49.405 21153 21167 W System  : A resource failed to call close. 
04-22 09:46:50.405 29376 29407 I chatty  : uid=10120(com.android.vending) Profile Saver expire 2 lines
04-22 09:46:51.153   728 29462 E ResolverController: No valid NAT64 prefix (100, <unspecified>/0)
04-22 09:46:52.214 21460 21473 I chatty  : uid=10158(com.google.android.gms) HeapTaskDaemon expire 2 lines
04-22 09:46:52.599 21460 26811 I chatty  : uid=10158 com.google.android.gms.persistent expire 5 lines
04-22 09:46:52.784 29193 29241 I chatty  : uid=10120(com.android.vending) expire 4 lines
04-22 09:46:52.817 29193 29291 I chatty  : uid=10120(com.android.vending) Thread-6 expire 1 line
04-22 09:46:52.820 29193 29465 I chatty  : uid=10120(com.android.vending) expire 4 lines
04-22 09:46:52.827 29193 29297 I chatty  : uid=10120(com.android.vending) bbeo expire 5 lines
04-22 09:46:52.867   728 29467 E ResolverController: No valid NAT64 prefix (100, <unspecified>/0)
04-22 09:46:53.025 29193 29469 I chatty  : uid=10120(com.android.vending) expire 2 lines
04-22 09:46:53.063 29193 29470 I chatty  : uid=10120(com.android.vending) expire 1 line
04-22 09:46:53.137 29376 29403 I chatty  : uid=10120(com.android.vending) Binder:29376_3 expire 7 lines
04-22 09:46:53.161 29311 29474 I chatty  : uid=10120(com.android.vending) expire 3 lines
04-22 09:46:53.193 29311 29479 I chatty  : uid=10120(com.android.vending) expire 1 line
04-22 09:46:53.207 29376 29475 I chatty  : uid=10120(com.android.vending) bgExecutor #1 expire 3 lines
04-22 09:46:53.208 29193 29464 I chatty  : uid=10120(com.android.vending) Binder:29193_7 expire 3 lines
04-22 09:46:53.209 29376 29482 I chatty  : uid=10120(com.android.vending) bgExecutor #3 expire 1 line
04-22 09:46:53.348 29193 29309 I chatty  : uid=10120(com.android.vending) expire 1 line
04-22 09:46:53.446  3349  3349 I chatty  : uid=10158(com.google.android.gms) com.google.process.gservices expire 1 line
04-22 09:46:53.449  1749 10173 W BroadcastQueue: Permission Denial: receiving Intent { act=com.google.gservices.intent.action.GSERVICES_OVERRIDE flg=0x1000010 (has extras) } to com.google.android.ims/.receivers.RcsAutoStartReceiver requires com.google.android.providers.gsf.permission.WRITE_GSERVICES due to sender com.android.vending (uid 10120)
04-22 09:46:53.503  2774 28364 W CarrierServices: [155] clm.a: No config URL. RCS will be disabled!
04-22 09:46:53.531  2774  2774 I CarrierServices: [2] dai.e: Carrier Services GServices flags:
04-22 09:46:53.531  2774  2774 I CarrierServices:    carrier_services_security_flags_ec_api_white_listed_packages: com.google.android.apps.messaging,com.google.android.dialer,com.google.android.ims.client.sampleapp,com.android.contacts,com.lge.rcscall,com.android.incallui,com.huawei.incallui.appfeature.rcsfeature
04-22 09:46:53.531  2774  2774 I CarrierServices:    carrier_services_security_flags_ec_api_white_listed_signatures: B28C3EDB665DF32686224DF800F603E9959BBE4E,0980A12BE993528C19107BC21AD811478C63CEFC,B38FA7B5ECFAEC44620A020752B07E063B3120A8,203997BC46B8792DC9747ABD230569071F9A0439,EDA6413C3E3A95492114FE07CD953AD897E40D1A,760EBB9F4200B3DFB1B817B40FF0563A3C150D39,5B368CFF2DA2686996BC95EAC190EAA4F5630FE5,01D845B26B688D8EF647205A5944E9407E52E06E,27196E386B875E76ADF700E7EA84E4C6EEE33DFA,1CDD04F1E4A732BB0352FDFAEE26D2315526DF85,025D5212BF3B5F5CDA6117A518721D70A94D84E0
04-22 09:46:53.531  2774  2774 I CarrierServices:    carrier_services_security_flags_test_service_white_listed_packages: com.google.android.ims.mobly.snippets
04-22 09:46:53.531  2774  2774 I CarrierServices:    carrier_services_security_flags_test_service_white_listed_signatures: AE41481F52E0F58DF2806D5A38EB3DBCA5AE02B0,E165542B31953CC282AA4EF2F4D5F07F7663A2A2
04-22 09:46:53.531  2774  2774 I CarrierServices:    carrier_services_security_flags_white_listed_packages: com.google.android.apps.messaging,com.google.android.dialer,com.google.android.ims.client.sampleapp,com.android.contacts,com.lge.rcscall,com.android.incallui,com.huawei.incallui.appfeature.rcsfeature
04-22 09:46:53.531  2774  2774 I CarrierServices:    carrier_services_security_flags_white_listed_signatures: B28C3EDB665DF32686224DF800F603E9959BBE4E,0980A12BE993528C19107BC21AD811478C63CEFC,B38FA7B5ECFAEC44620A020752B07E063B3120A8,203997BC46B8792DC9747ABD230569071F9A0439,EDA6413C3E3A95492114FE07CD953AD897E40D1A,760EBB9F4200B3DFB1B817B40FF0563A3C150D39,5B368CFF2DA2686996BC95EAC190EAA4F5630FE5,01D845B26B688D8EF647205A5944E9407E52E06E,27196E386B875E76ADF700E7EA84E4C6EEE33DFA,1CDD04F1E4A732BB0352FDFAEE26D2315526DF85,025D5212BF3B5F5CDA6117A518721D70A94D84E0
04-22 09:46:53.531  2774  2774 I CarrierServices:    carrier_services_video_share_disabled_user_agent_substrings: SM-G930,SM-G935,SM-A320
04-22 09:46:53.531  2774  2774 I CarrierServices: ====================
04-22 09:46:53.567  2774  3653 D CarrierServices: log_saver already enabled
04-22 09:46:53.580 21153 21153 I BgTaskExecutorImpl: Starting NONEXCLUSIVE background task UPDATE_GSERVICES_CONFIG.
04-22 09:46:53.582 21460 29493 I chatty  : uid=10158 com.google.android.gms.persistent expire 4 lines
04-22 09:46:53.588  2774 28366 I CarrierServices: [156] cwx.b: KEY_CONFIG_IMS_PACKAGE_OVERRIDE_STRING: com.google.android.ims
04-22 09:46:53.595 21153 27863 I GservicesUpdateTask: Updating Gservices keys
04-22 09:46:53.595 24881 24881 I chatty  : uid=10158(com.google.android.gms) expire 15 lines
04-22 09:46:53.596 24881 29492 I chatty  : uid=10158(com.google.android.gms) expire 21 lines
04-22 09:46:53.599 21460 29490 I chatty  : uid=10158 com.google.android.gms.persistent expire 4 lines
04-22 09:46:53.659 24881 29492 W PackageParser: Unknown element under <manifest>: queries at /data/user_de/0/com.google.android.gms/app_chimera/m/0000000a/AdsDynamite.apk Binary XML file line #5
04-22 09:46:53.717 24881 29492 W PackageParser: Unknown element under <manifest>: queries at /data/user_de/0/com.google.android.gms/app_chimera/m/00000018/dl-AdsFdrDynamite.integ_210890500100000.apk Binary XML file line #5
04-22 09:46:53.764 19453 19465 W id.partnersetu: Reducing the number of considered missed Gc histogram windows from 119 to 100
