04-22 11:24:27.619  3334 12930 E MCINTLOG: [MC_BattStatsFactory] Adding uid 10215
04-22 11:24:27.619  3334 12930 E MCINTLOG: [MC_BattStatsFactory] Adding uid 10216
04-22 11:24:27.619  3334 12930 E MCINTLOG: [MC_BattStatsFactory] Adding uid 50120
04-22 11:24:27.619  3334 12930 E MCINTLOG: [MC_BattStatsFactory] Adding uid 50158
04-22 11:24:27.624  3334  3350 W System  : A resource failed to call close. 
04-22 11:24:27.662 29576 29576 D CmdCenter: - RowBuilder2: setUseWhiteRes useOrNot = true
04-22 11:24:27.665 29576 29576 D CmdCenter: - RowWidgetUpdater2: the Min widget of widget[2] is 213
04-22 11:24:27.665 29576 29576 D CmdCenter: - RowWidgetUpdater2: 2cellWidth = 180 column is 3
04-22 11:24:27.665 29576 29576 D CmdCenter: - RowBuilder2: useWhiteRes=true -is 18-9?=true cellX= 3 grid=5
04-22 11:24:27.697 29576 29576 D CmdCenter: - RowWeatherInitializer: Utils.getWeatherInfo return null.
04-22 11:24:27.702 29576 29576 D CmdCenter: - RowWidgetUpdater2: ->config = {1.0 ?mcc?mnc [en_US] ldltr sw411dp w411dp h812dp 280dpi nrml long port finger -keyb/v/h -nav/h winConfig={ mBounds=Rect(0, 0 - 720, 1520) mAppBounds=Rect(0, 56 - 720, 1478) mWindowingMode=fullscreen mDisplayWindowingMode=fullscreen mActivityType=undefined mAlwaysOnTop=undefined mRotation=ROTATION_0} s.26 ?spn ?gid}
04-22 11:24:27.702 29576 29576 D CmdCenter: - RowWidgetUpdater2: ->config debug_dimens = 54
04-22 11:24:27.916 29576 29576 D CmdCenter: - RowBuilder2: setUseWhiteRes useOrNot = true
04-22 11:24:27.921 29576 29576 D CmdCenter: - RowWidgetUpdater2: the Min widget of widget[2] is 213
04-22 11:24:27.921 29576 29576 D CmdCenter: - RowWidgetUpdater2: 2cellWidth = 180 column is 3
04-22 11:24:27.921 29576 29576 D CmdCenter: - RowBuilder2: useWhiteRes=true -is 18-9?=true cellX= 3 grid=5
04-22 11:24:27.963 29576 29576 D CmdCenter: - RowWeatherInitializer: Utils.getWeatherInfo return null.
04-22 11:24:27.968 29576 29576 D CmdCenter: - RowWidgetUpdater2: ->config = {1.0 ?mcc?mnc [en_US] ldltr sw411dp w411dp h812dp 280dpi nrml long port finger -keyb/v/h -nav/h winConfig={ mBounds=Rect(0, 0 - 720, 1520) mAppBounds=Rect(0, 56 - 720, 1478) mWindowingMode=fullscreen mDisplayWindowingMode=fullscreen mActivityType=undefined mAlwaysOnTop=undefined mRotation=ROTATION_0} s.26 ?spn ?gid}
04-22 11:24:27.968 29576 29576 D CmdCenter: - RowWidgetUpdater2: ->config debug_dimens = 54
04-22 11:24:28.265  2508  2508 D QtiCarrierConfigHelper: WARNING, no carrier configs on phone Id: 0
04-22 11:24:28.270 12679 12679 W adbd    : timeout expired while flushing socket, closing
04-22 11:24:28.740  1749  1769 D UsbDeviceManager: Clear notification
04-22 11:24:28.745  1749  1769 D UsbDeviceManager: applyOemOverride usbfunctions=adb bootmode=normal
04-22 11:24:28.771   812  1668 D NativeSensors: CapSensor:  mPendingEvent.distance=1.000000
04-22 11:24:28.795  2313  2313 W View    : requestLayout() improperly called by com.android.systemui.statusbar.HeadsUpStatusBarView{e5b882e I.E...... ......ID 0,0-248,56 #7f0a01f7 app:id/heads_up_status_bar_view} during layout: running second layout pass
04-22 11:24:28.812  2313  2313 W View    : requestLayout() improperly called by com.android.systemui.statusbar.HeadsUpStatusBarView{e5b882e I.E...... ......ID 0,0-248,56 #7f0a01f7 app:id/heads_up_status_bar_view} during layout: running second layout pass
04-22 11:24:29.015   812  1668 D NativeSensors: CapSensor:  mPendingEvent.distance=2.000000
04-22 11:24:29.297 24881  9794 W Binder  : reply too large data on java level: InterfaceDescriptor = null, code = 46
04-22 11:24:29.299 12420 12460 E JavaBinder: !!! FAILED BINDER TRANSACTION !!!  (parcel size = 696)
04-22 11:24:29.300 12420 12460 W GmsClient: IGmsServiceBroker.getService failed
04-22 11:24:29.300 12420 12460 W GmsClient: android.os.DeadObjectException: Transaction failed on small parcel; remote process probably died
04-22 11:24:29.300 12420 12460 W GmsClient: 	at android.os.BinderProxy.transactNative(Native Method)
04-22 11:24:29.300 12420 12460 W GmsClient: 	at android.os.BinderProxy.transact(BinderProxy.java:511)
04-22 11:24:29.300 12420 12460 W GmsClient: 	at qgo.getService(PG:10)
04-22 11:24:29.300 12420 12460 W GmsClient: 	at com.google.android.gms.common.internal.BaseGmsClient.a(PG:107)
04-22 11:24:29.300 12420 12460 W GmsClient: 	at qcy.run(PG:8)
04-22 11:24:29.300 12420 12460 W GmsClient: 	at android.os.Handler.handleCallback(Handler.java:883)
04-22 11:24:29.300 12420 12460 W GmsClient: 	at android.os.Handler.dispatchMessage(Handler.java:100)
04-22 11:24:29.300 12420 12460 W GmsClient: 	at qtd.a(PG:5)
04-22 11:24:29.300 12420 12460 W GmsClient: 	at qtd.dispatchMessage(PG:4)
04-22 11:24:29.300 12420 12460 W GmsClient: 	at android.os.Looper.loop(Looper.java:241)
04-22 11:24:29.300 12420 12460 W GmsClient: 	at android.os.HandlerThread.run(HandlerThread.java:67)
04-22 11:24:30.134   812  1668 D NativeSensors: CapSensor:  mPendingEvent.distance=2.000000
04-22 11:24:30.251 12420 12601 D xfc     : Starting download: https://www.gstatic.com/webref-ondevice/am/20210418/b3a253b792f5c10afad29b37ebce89c340f87dab.zip
04-22 11:24:30.251 12420 12601 V xfc     : Is http uri, downloading (uri: https://www.gstatic.com/webref-ondevice/am/20210418/b3a253b792f5c10afad29b37ebce89c340f87dab.zip)
04-22 11:24:30.522   812  1668 D NativeSensors: CapSensor:  mPendingEvent.distance=2.000000
04-22 11:24:30.870   812  1668 D NativeSensors: CapSensor:  mPendingEvent.distance=1.000000
04-22 11:24:30.936  1749  2444 D WificondControl: Scan result ready event
04-22 11:24:30.973 12372 12372 D WifiSettings: onAccessPointChanged (singular) callback initiated
04-22 11:24:30.974 12372 12372 I chatty  : uid=1000(system) com.android.settings identical 4 lines
04-22 11:24:30.975 12372 12372 D WifiSettings: onAccessPointChanged (singular) callback initiated
04-22 11:24:30.981 12372 12372 D WifiSettings: onAccessPointsChanged (WifiTracker) callback initiated
04-22 11:24:31.111   812  1668 D NativeSensors: CapSensor:  mPendingEvent.distance=0.000000
04-22 11:24:31.111   812  1668 D NativeSensors: CapSensor:  mPendingEvent.distance=0.000000
04-22 11:24:31.136  1749  2240 D WificondControl: Scan result ready event
04-22 11:24:31.733 12420 12601 E MDD     : DownloadProgressMonitor: Can't find file group for uri: android://com.google.android.apps.messaging/files/datadownload/shared/public/datadownloadfile_1618960114472
04-22 11:24:31.921 12420 12476 D xfc     : Starting download: https://www.gstatic.com/webref-ondevice/am/20210418/ef3984975a81832e6fb4686b165b9c5021bd0d96.zip
04-22 11:24:31.921 12420 12476 V xfc     : Is http uri, downloading (uri: https://www.gstatic.com/webref-ondevice/am/20210418/ef3984975a81832e6fb4686b165b9c5021bd0d96.zip)
04-22 11:24:32.396 12420 12476 E MDD     : DownloadProgressMonitor: Can't find file group for uri: android://com.google.android.apps.messaging/files/datadownload/shared/public/datadownloadfile_1618960114473
04-22 11:24:32.414   728  2384 I netd    : trafficSwapActiveStatsMap() <17.77ms>
04-22 11:24:32.417   728  2384 I netd    : tetherGetStats() <2.03ms>
04-22 11:24:32.454   728  2384 I netd    : bandwidthSetGlobalAlert(2097152) <0.40ms>
04-22 11:24:33.132  1749  3453 I WifiService: startScan uid=1000
04-22 11:24:33.714     0     0 W swapper/3: type=1400 audit(0.0:2587): avc: denied { kill } for uid=0 capability=5 scontext=u:r:kernel:s0 tcontext=u:r:kernel:s0 tclass=capability permissive=0
04-22 11:24:34.364 12420 12460 E JavaBinder: !!! FAILED BINDER TRANSACTION !!!  (parcel size = 696)
04-22 11:24:34.365 12420 12460 W GmsClient: IGmsServiceBroker.getService failed
04-22 11:24:34.365 12420 12460 W GmsClient: android.os.DeadObjectException: Transaction failed on small parcel; remote process probably died
04-22 11:24:34.365 12420 12460 W GmsClient: 	at android.os.BinderProxy.transactNative(Native Method)
04-22 11:24:34.365 12420 12460 W GmsClient: 	at android.os.BinderProxy.transact(BinderProxy.java:511)
04-22 11:24:34.365 12420 12460 W GmsClient: 	at qgo.getService(PG:10)
04-22 11:24:34.365 12420 12460 W GmsClient: 	at com.google.android.gms.common.internal.BaseGmsClient.a(PG:107)
04-22 11:24:34.365 12420 12460 W GmsClient: 	at qcy.run(PG:8)
04-22 11:24:34.365 12420 12460 W GmsClient: 	at android.os.Handler.handleCallback(Handler.java:883)
04-22 11:24:34.365 12420 12460 W GmsClient: 	at android.os.Handler.dispatchMessage(Handler.java:100)
04-22 11:24:34.365 12420 12460 W GmsClient: 	at qtd.a(PG:5)
04-22 11:24:34.365 12420 12460 W GmsClient: 	at qtd.dispatchMessage(PG:4)
04-22 11:24:34.365 12420 12460 W GmsClient: 	at android.os.Looper.loop(Looper.java:241)
04-22 11:24:34.365 12420 12460 W GmsClient: 	at android.os.HandlerThread.run(HandlerThread.java:67)
04-22 11:24:39.440 12420 12460 E JavaBinder: !!! FAILED BINDER TRANSACTION !!!  (parcel size = 696)
04-22 11:24:39.440 12420 12460 W GmsClient: IGmsServiceBroker.getService failed
04-22 11:24:39.440 12420 12460 W GmsClient: android.os.DeadObjectException: Transaction failed on small parcel; remote process probably died
04-22 11:24:39.440 12420 12460 W GmsClient: 	at android.os.BinderProxy.transactNative(Native Method)
04-22 11:24:39.440 12420 12460 W GmsClient: 	at android.os.BinderProxy.transact(BinderProxy.java:511)
04-22 11:24:39.440 12420 12460 W GmsClient: 	at qgo.getService(PG:10)
04-22 11:24:39.440 12420 12460 W GmsClient: 	at com.google.android.gms.common.internal.BaseGmsClient.a(PG:107)
04-22 11:24:39.440 12420 12460 W GmsClient: 	at qcy.run(PG:8)
04-22 11:24:39.440 12420 12460 W GmsClient: 	at android.os.Handler.handleCallback(Handler.java:883)
04-22 11:24:39.440 12420 12460 W GmsClient: 	at android.os.Handler.dispatchMessage(Handler.java:100)
04-22 11:24:39.440 12420 12460 W GmsClient: 	at qtd.a(PG:5)
04-22 11:24:39.440 12420 12460 W GmsClient: 	at qtd.dispatchMessage(PG:4)
04-22 11:24:39.440 12420 12460 W GmsClient: 	at android.os.Looper.loop(Looper.java:241)
04-22 11:24:39.440 12420 12460 W GmsClient: 	at android.os.HandlerThread.run(HandlerThread.java:67)
04-22 11:24:39.514  1749  3453 D WificondControl: Scan result ready event
04-22 11:24:39.555 12372 12372 D WifiSettings: onAccessPointChanged (singular) callback initiated
04-22 11:24:39.556 12372 12372 D WifiSettings: onAccessPointChanged (singular) callback initiated
04-22 11:24:39.602 12372 12372 D WifiSettings: onAccessPointsChanged (WifiTracker) callback initiated
04-22 11:24:42.843   812  1668 D NativeSensors: CapSensor:  mPendingEvent.distance=2.000000
04-22 11:24:42.844   812  1668 D NativeSensors: CapSensor:  mPendingEvent.distance=2.000000
04-22 11:24:43.139  1749  3453 I WifiService: startScan uid=1000
04-22 11:24:43.417  3517  3517 E PagedView: validateNewPage: failed to find a page > mMinScrollX
04-22 11:24:34.363 24881  9794 I chatty  : uid=10158(com.google.android.gms) Binder:24881_C identical 1 line
04-22 11:24:39.439 24881  9794 W Binder  : reply too large data on java level: InterfaceDescriptor = null, code = 46
04-22 11:24:43.427  1749  3453 I WindowManager:   SURFACE show Surface(name=com.android.systemui.ImageWallpaper)/@0xcbdab7b on display:0: com.android.systemui.ImageWallpaper
04-22 11:24:43.462  2313  2313 V StatusBar: mStatusBarWindow: com.android.systemui.statusbar.phone.StatusBarWindowView{796ed0a V.E...... ........ 0,0-720,56} canPanelBeCollapsed(): false
04-22 11:24:43.463  2313  2313 V StatusBar: mStatusBarWindow: com.android.systemui.statusbar.phone.StatusBarWindowView{796ed0a V.E...... ........ 0,0-720,56} collapseBySetDisable: false
04-22 11:24:43.480  1749  1773 I WindowManager: Window drawn AppWindowToken{7a5d47e token=Token{e022639 ActivityRecord{9980e00 u0 com.motorola.launcher3/com.android.launcher3.CustomizationPanelLauncher t3}}}
04-22 11:24:43.480  1749  1773 I WindowManager:   SURFACE show Surface(name=com.motorola.launcher3/com.android.launcher3.CustomizationPanelLauncher)/@0x38955e9 on display:0: com.motorola.launcher3/com.android.launcher3.CustomizationPanelLauncher
04-22 11:24:43.604  1749  1773 I WindowManager:   SURFACE show Surface(name=com.motorola.launcher3/com.android.launcher3.CustomizationPanelLauncher)/@0x3739b88 on display:0: com.motorola.launcher3/com.android.launcher3.CustomizationPanelLauncher
04-22 11:24:43.718     0     0 W swapper/0: type=1400 audit(0.0:2588): avc: denied { kill } for uid=0 capability=5 scontext=u:r:kernel:s0 tcontext=u:r:kernel:s0 tclass=capability permissive=0
04-22 11:24:43.776  2313  2313 D vol.VolumeDialogImpl: mDialog.dismiss()
04-22 11:24:44.115  1749  2240 V WindowManager: Changing focus from Window{f5d11fb u0 com.android.settings/com.android.settings.Settings$WifiSettingsActivity} to Window{733e816 u0 com.motorola.launcher3/com.android.launcher3.CustomizationPanelLauncher} displayId=0
04-22 11:24:44.119  8057  8312 D MCLOG   : [MC_TriggerHelper] PauseResumeTrigger
04-22 11:24:44.133  8057  8312 D MCLOG   : [MC_TriggerHelper] PauseResumeTrigger
04-22 11:24:44.142  8057  8057 D MCLOG   : [MC_Service] onStartcommand()
04-22 11:24:44.143   878   878 E Layer   : [Surface(name=Task=3)/@0xc700a2c - animation-leash#0] No local sync point found
04-22 11:24:44.143   878   878 E Layer   : [Surface(name=Task=44)/@0x17527ed - animation-leash#0] No local sync point found
04-22 11:24:44.156  8057  8057 D MCLOG   : [MC_Service] onStartcommand()
04-22 11:24:44.169 29576 29785 D AssistReceiver: call: lightWakeup | null | null
04-22 11:24:44.173  1749  7787 I WindowManager: Window drawn AppWindowToken{cc3127b token=Token{c47da0a ActivityRecord{731da75 u0 com.android.settings/.Settings$WifiSettingsActivity t44}}}
04-22 11:24:44.182  1749  1749 V SettingsProvider: Notifying for 0: content://settings/secure/reminder_exp_learning_time_elapsed
04-22 11:24:44.202 21153 21380 W ThreadPoolDumper: Queue length for executor EventBus is now 11. Perhaps some tasks are too long, or the pool is too small.
04-22 11:24:44.237 24881 24934 I chatty  : uid=10158(com.google.android.gms) highpool[2] expire 5 lines
04-22 11:24:44.284 21153 21369 W LocationOracle: No location history returned by ContextManager
04-22 11:24:44.299 21153 21380 I MicroDetectionState: Should stop hotword detection immediately - false
04-22 11:24:44.301 21153 21380 I MicroDetectionState: Should stop hotword detection immediately - false
04-22 11:24:44.306 21153 21380 I MicroDetectionWorker: #startMicroDetector [speakerMode: 0]
04-22 11:24:44.315 21153 21380 I AudioController: Created new AudioSource
04-22 11:24:44.319 21153 21360 I MicroDataManager: isInitializing-false locale not changed-true model not changed-true
04-22 11:24:44.319 21153 21360 I MicroDataManager: Already initialized, obtaining the hotword data immediately.
04-22 11:24:44.333 21153 11994 I MicroRecognitionRunner: Starting detection.
04-22 11:24:44.335 21153 11994 I InputStreamUtils: Using micInputStream
04-22 11:24:44.335 21153 11221 I MicrophoneInputStream: mic_starting  SR : 16000 CC : 16 SO : 1999
04-22 11:24:44.342   815  1715 V msm8974_platform: platform_check_input_mask: enter check_input_mask source 6 mask 10
04-22 11:24:44.342   815  1715 V msm8974_platform: platform_check_input_mask: enter check_input_mask source 6 mask 10
04-22 11:24:44.347   867 12976 I AudioFlinger: AudioFlinger's thread 0xa5334600 tid=12976 ready to run
04-22 11:24:44.350   867   867 D APM_AudioPolicyManager: startInput input:294, session:481, source 1999)
04-22 11:24:44.351   815  1715 D audio_hw_primary: in_set_parameters: enter: kvpairs=bottom=;input_source=6;routing=-2147483644
04-22 11:24:44.352  1749  2444 I AudioService.RecordingActivityMonitor: rec update riid:415 uid:10122 session:481 src:HOTWORD pack:com.google.android.googlequicksearchbox
04-22 11:24:44.353 21153 11221 I MicrophoneInputStream: mic_started  SR : 16000 CC : 16 SO : 1999
04-22 11:24:44.353   815 12977 V msm8974_platform: platform_update_usecase_from_source: input source :6
04-22 11:24:44.353   815 12977 V msm8974_platform: platform_check_input_mask: enter check_input_mask source 6 mask 10
04-22 11:24:44.354   815 12977 V msm8974_platform: platform_get_input_snd_device: enter: out_device(0) in_device(0x4) channel_count (1) channel_mask (0x10)
04-22 11:24:44.354   815 12977 V msm8974_platform: platform_get_input_snd_device: exit: in_snd_device(voice-rec-mic)
04-22 11:24:44.354   815 12977 V msm8974_platform: platform_get_backend_index:napb: backend port - 6 device - 136 
04-22 11:24:44.354   815 12977 V msm8974_platform: platform_check_and_set_capture_backend_cfg:txbecf: afe: bitwidth 0, samplerate 0, channel 1, backend_idx 6 usecase = 10 device (voice-rec-mic)
04-22 11:24:44.354   815 12977 V msm8974_platform: platform_check_capture_backend_cfg:txbecf: afe: Codec selected backend: 6 current bit width: 0 and sample rate: 0, channels 1
04-22 11:24:44.354   815 12977 V msm8974_platform: platform_check_capture_backend_cfg:txbecf: afe: Codec selected backend: 6 updated bit width: 0 and sample rate: 0
04-22 11:24:44.354   815 12977 I msm8974_platform: platform_check_capture_backend_cfg:txbecf: afe: Codec backend needs to be updated. new bit width: 0 new sample rate: 0 new channel: 1
04-22 11:24:44.354   815 12977 V msm8974_platform: platform_get_backend_index:napb: backend port - 6 device - 136 
04-22 11:24:44.354   815 12977 V msm8974_platform: platform_set_backend_cfg:becf: afe: bitwidth 0, samplerate 0 channels 1, backend_idx 6 device (voice-rec-mic)
04-22 11:24:44.354   815 12977 E msm8974_platform: platform_set_backend_cfg:becf: afe: Could not get ctl for mixer command - SLIM_0_TX Format
04-22 11:24:44.354   815 12977 V msm8974_platform: platform_send_audio_calibration: sending audio calibration for snd_device(136) acdb_id(62)
04-22 11:24:44.354   815 12977 D ACDB-LOADER: ACDB -> send_audio_cal, acdb_id = 62, path = 1, app id = 0x11130, sample rate = 48000, afe_sample_rate = 48000
04-22 11:24:44.354   815 12977 D ACDB-LOADER: ACDB -> send_asm_topology
04-22 11:24:44.354   815 12977 D ACDB-LOADER: ACDB -> ACDB_CMD_GET_AUDPROC_STREAM_TOPOLOGY_ID
04-22 11:24:44.354   815 12977 D ACDB-LOADER: ACDB -> send_adm_topology
04-22 11:24:44.354   815 12977 D ACDB-LOADER: ACDB -> ACDB_CMD_GET_AUDPROC_COMMON_TOPOLOGY_ID
04-22 11:24:44.354   815 12977 D ACDB-LOADER: ACDB -> send_audtable
04-22 11:24:44.354   815 12977 D ACDB-LOADER: ACDB -> ACDB_CMD_GET_AUDPROC_COMMON_TABLE_SIZE
04-22 11:24:44.354   815 12977 D ACDB-LOADER: ACDB -> ACDB_CMD_GET_AUDPROC_COMMON_TABLE
04-22 11:24:44.354   815 12977 D ACDB-LOADER: ACDB -> AUDIO_SET_AUDPROC_CAL cal_type[11] acdb_id[62] app_type[69936]
04-22 11:24:44.354   815 12977 D ACDB-LOADER: ACDB -> ACDB_CMD_GET_AUDPROC_STREAM_TABLE_SIZE
04-22 11:24:44.354   815 12977 D ACDB-LOADER: ACDB -> send_audstrmtable
04-22 11:24:44.354   815 12977 D ACDB-LOADER: ACDB -> ACDB_CMD_GET_AUDPROC_STREAM_TABLE_V2
04-22 11:24:44.354   815 12977 D ACDB-LOADER: ACDB -> audstrm_cal->cal_type.cal_data.cal_size = 16
04-22 11:24:44.354   815 12977 D ACDB-LOADER: ACDB -> send_afe_topology
04-22 11:24:44.354   815 12977 D ACDB-LOADER: ACDB -> ACDB_CMD_GET_AFE_TOPOLOGY_ID
04-22 11:24:44.354   815 12977 D ACDB-LOADER: ACDB -> GET_AFE_TOPOLOGY_ID for adcd_id 62, Topology Id 112fb
04-22 11:24:44.354   815 12977 D ACDB-LOADER: ACDB -> send_afe_cal
04-22 11:24:44.354   815 12977 D ACDB-LOADER: ACDB -> ACDB_CMD_GET_AFE_COMMON_TABLE_SIZE
04-22 11:24:44.354   815 12977 D         : Failed to fetch the lookup information of the device 0000003E 
04-22 11:24:44.354   815 12977 D ACDB-LOADER: Error: ACDB_CMD_GET_AFE_COMMON_TABLE_SIZE Returned = -19
04-22 11:24:44.354   815 12977 D ACDB-LOADER: ACDB -> ACDB_CMD_GET_AFE_COMMON_TABLE
04-22 11:24:44.354   815 12977 D         : Failed to fetch the lookup information of the device 0000003E 
04-22 11:24:44.354   815 12977 D ACDB-LOADER: Error: ACDB AFE returned = -19
04-22 11:24:44.354   815 12977 D ACDB-LOADER: ACDB -> AUDIO_SET_AFE_CAL cal_type[17] acdb_id[62]
04-22 11:24:44.354   815 12977 D ACDB-LOADER: ACDB -> send_hw_delay : acdb_id = 62 path = 1
04-22 11:24:44.354   815 12977 D ACDB-LOADER: ACDB -> ACDB_AVSYNC_INFO: ACDB_CMD_GET_DEVICE_PROPERTY
04-22 11:24:44.354   815 12977 D audio_hw_primary: enable_snd_device: snd_device(136: voice-rec-mic)
04-22 11:24:44.354   815 12977 D audio_route: Apply path: voice-rec-mic
04-22 11:24:44.357   815 12977 V msm8974_platform: platform_get_snd_device_backend_index: enter with device 136
04-22 11:24:44.357   815 12977 V msm8974_platform: platform_get_backend_index:napb: backend port - 6 device - 136 
04-22 11:24:44.357   815 12977 I audio_hw_utils: Set Audio Stream Capture 0 App Type Cfg: app_type 69936, acdb_dev_id 62, sample_rate 48000, snd_device_be_idx 3
04-22 11:24:44.357   815 12977 D audio_hw_primary: enable_audio_route: usecase(10) apply and update mixer path: audio-record
04-22 11:24:44.357   815 12977 D audio_route: Apply path: audio-record
04-22 11:24:44.417 21153 11994 W SpeechLevelGenerator: Really low audio levels detected. The audio input may have issues.
04-22 11:24:44.417 21153 21380 I MicroDetectionWorker: onReady
04-22 11:24:44.466 24881 10830 W Binder  : reply too large data on java level: InterfaceDescriptor = null, code = 46
04-22 11:24:44.467 12420 12460 E JavaBinder: !!! FAILED BINDER TRANSACTION !!!  (parcel size = 696)
04-22 11:24:44.467 12420 12460 W GmsClient: IGmsServiceBroker.getService failed
04-22 11:24:44.467 12420 12460 W GmsClient: android.os.DeadObjectException: Transaction failed on small parcel; remote process probably died
04-22 11:24:44.467 12420 12460 W GmsClient: 	at android.os.BinderProxy.transactNative(Native Method)
04-22 11:24:44.467 12420 12460 W GmsClient: 	at android.os.BinderProxy.transact(BinderProxy.java:511)
04-22 11:24:44.467 12420 12460 W GmsClient: 	at qgo.getService(PG:10)
04-22 11:24:44.467 12420 12460 W GmsClient: 	at com.google.android.gms.common.internal.BaseGmsClient.a(PG:107)
04-22 11:24:44.467 12420 12460 W GmsClient: 	at qcy.run(PG:8)
04-22 11:24:44.467 12420 12460 W GmsClient: 	at android.os.Handler.handleCallback(Handler.java:883)
04-22 11:24:44.467 12420 12460 W GmsClient: 	at android.os.Handler.dispatchMessage(Handler.java:100)
04-22 11:24:44.467 12420 12460 W GmsClient: 	at qtd.a(PG:5)
04-22 11:24:44.467 12420 12460 W GmsClient: 	at qtd.dispatchMessage(PG:4)
04-22 11:24:44.467 12420 12460 W GmsClient: 	at android.os.Looper.loop(Looper.java:241)
04-22 11:24:44.467 12420 12460 W GmsClient: 	at android.os.HandlerThread.run(HandlerThread.java:67)
04-22 11:24:45.589  1749  2464 D WificondControl: Scan result ready event
04-22 11:24:49.527 12420 12460 E JavaBinder: !!! FAILED BINDER TRANSACTION !!!  (parcel size = 696)
04-22 11:24:49.528 12420 12460 W GmsClient: IGmsServiceBroker.getService failed
04-22 11:24:49.528 12420 12460 W GmsClient: android.os.DeadObjectException: Transaction failed on small parcel; remote process probably died
04-22 11:24:49.528 12420 12460 W GmsClient: 	at android.os.BinderProxy.transactNative(Native Method)
04-22 11:24:49.528 12420 12460 W GmsClient: 	at android.os.BinderProxy.transact(BinderProxy.java:511)
04-22 11:24:49.528 12420 12460 W GmsClient: 	at qgo.getService(PG:10)
04-22 11:24:49.528 12420 12460 W GmsClient: 	at com.google.android.gms.common.internal.BaseGmsClient.a(PG:107)
04-22 11:24:49.528 12420 12460 W GmsClient: 	at qcy.run(PG:8)
04-22 11:24:49.528 12420 12460 W GmsClient: 	at android.os.Handler.handleCallback(Handler.java:883)
04-22 11:24:49.528 12420 12460 W GmsClient: 	at android.os.Handler.dispatchMessage(Handler.java:100)
04-22 11:24:49.528 12420 12460 W GmsClient: 	at qtd.a(PG:5)
04-22 11:24:49.528 12420 12460 W GmsClient: 	at qtd.dispatchMessage(PG:4)
04-22 11:24:49.528 12420 12460 W GmsClient: 	at android.os.Looper.loop(Looper.java:241)
04-22 11:24:49.528 12420 12460 W GmsClient: 	at android.os.HandlerThread.run(HandlerThread.java:67)
04-22 11:24:49.527 24881 10830 W Binder  : reply too large data on java level: InterfaceDescriptor = null, code = 46
04-22 11:24:51.337  1749  7787 I ActivityManager: Force stopping com.google.location.nearby.apps.connectedcrossroad appid=10216 user=0: from pid 12993
04-22 11:24:51.338  1749  7787 I ActivityManager: Killing 11715:com.google.location.nearby.apps.connectedcrossroad/u0a216 (adj 900): stop com.google.location.nearby.apps.connectedcrossroad
04-22 11:24:51.340  1749  7787 D ActivityManager: makeInactive, ProcessRecord{733aee5 11715:com.google.location.nearby.apps.connectedcrossroad/u0a216}, clear holder.state
04-22 11:24:51.340  1749  7787 W ActivityTaskManager: Force removing ActivityRecord{3d3ef76 u0 com.google.location.nearby.apps.connectedcrossroad/nx.aodv.eval.MainActivity t43 f}: app died, no saved state
04-22 11:24:51.372  2508  2508 E PhoneInterfaceManager: [PhoneIntfMgr] getCarrierPackageNamesForIntent: No UICC
04-22 11:24:51.372  2508  2508 D CarrierSvcBindHelper: No carrier app for: 0
04-22 11:24:51.433  1749  1772 W ActivityManager: setHasOverlayUi called on unknown pid: 11715
04-22 11:24:51.434   729   729 I Zygote  : Process 11715 exited due to signal 9 (Killed)
04-22 11:24:51.441  1749  1783 I libprocessgroup: Successfully killed process cgroup uid 10216 pid 11715 in 100ms
04-22 11:24:53.012  1749  2444 I ActivityManager: Force stopping com.google.location.nearby.apps.connectedcrossroad appid=10216 user=0: from pid 13010
04-22 11:24:53.020  2508  2508 E PhoneInterfaceManager: [PhoneIntfMgr] getCarrierPackageNamesForIntent: No UICC
04-22 11:24:53.020  2508  2508 D CarrierSvcBindHelper: No carrier app for: 0
04-22 11:24:53.122  1749  2444 I ActivityTaskManager: START u0 {act=android.intent.action.MAIN cat=[android.intent.category.LAUNCHER] flg=0x10000000 cmp=com.google.location.nearby.apps.connectedcrossroad/nx.aodv.eval.MainActivity} from uid 2000
04-22 11:24:53.122  1749  2444 D ActivityTaskManager: getPreferredLaunchDisplay usersetdisplayid -1 current displayId 0 paramspreferid 0
04-22 11:24:53.123  1749  2444 D ActivityTaskManager: getPreferredLaunchDisplay usersetdisplayid -1 current displayId 0 paramspreferid 0
04-22 11:24:53.127  1749  2444 D ActivityTaskManager: getPreferredLaunchDisplay usersetdisplayid 0 current displayId 0 paramspreferid 0
04-22 11:24:53.137  8057  8312 D MCLOG   : [MC_TriggerHelper] PauseResumeTrigger
04-22 11:24:53.144  1749  1749 V SettingsProvider: Notifying for 0: content://settings/secure/reminder_exp_learning_time_elapsed
04-22 11:24:53.144  8057  8057 D MCLOG   : [MC_Service] onStartcommand()
04-22 11:24:53.149  1749  1773 E system_server: Invalid ID 0x00000000.
04-22 11:24:53.162   729   729 D Zygote  : Forked child process 13020
04-22 11:24:53.164  1749  1773 V WindowManager: Changing focus from Window{733e816 u0 com.motorola.launcher3/com.android.launcher3.CustomizationPanelLauncher} to null displayId=0
04-22 11:24:53.164  1749  1782 I ActivityManager: Start proc 13020:com.google.location.nearby.apps.connectedcrossroad/u0a216 for activity {com.google.location.nearby.apps.connectedcrossroad/nx.aodv.eval.MainActivity}
04-22 11:24:53.170 13020 13020 I nectedcrossroa: Late-enabling -Xcheck:jni
04-22 11:24:53.194 13020 13020 E nectedcrossroa: Unknown bits set in runtime_flags: 0x8000
04-22 11:24:53.220  8057  8312 D MCLOG   : [MC_TriggerHelper] PauseResumeTrigger
04-22 11:24:53.230  1749  1773 I WindowManager:   SURFACE show Surface(name=Splash Screen com.google.location.nearby.apps.connectedcrossroad)/@0x9fa9b4 on display:0: Splash Screen com.google.location.nearby.apps.connectedcrossroad
04-22 11:24:53.235  8057  8057 D MCLOG   : [MC_Service] onStartcommand()
04-22 11:24:53.248 21153 21380 I MicroDetectionState: Should stop hotword detection immediately - false
04-22 11:24:53.249 21153 21380 I MicroDetector: Keeping mic open: false
04-22 11:24:53.249 21153 21380 I RecognitionAudioControl: #shutdownAudio [requestId: -8201086696950698630, keepAudioOpen: false, forced: true]
04-22 11:24:53.250 21153 11999 E DeviceStateChecker: DeviceStateChecker cancelled
04-22 11:24:53.250 21153 21380 I RecognitionAudioControl: #internalShutdownAudio [requestId: -8201086696950698630]
04-22 11:24:53.251 21153 21380 I RecognitionAudioControl: #internalShutdownAudio [keepAudioOpen: false, forced: true]
04-22 11:24:53.251 21153 21380 I RecognitionAudioControl: #actualShutdownAudio
04-22 11:24:53.251 21153 21380 I AudioController: #shutdown [requestId=-8201086696950698630]
04-22 11:24:53.251 21153 21360 I AudioController: internalShutdown
04-22 11:24:53.251 21153 21406 I MicroRecognitionRunner: Stopping hotword detection.
04-22 11:24:53.308   815  1715 D audio_hw_primary: disable_audio_route: usecase(10) reset and update mixer path: audio-record
04-22 11:24:53.308   815  1715 D audio_hw_primary: disable_snd_device: snd_device(136: voice-rec-mic)
04-22 11:24:53.311   815   961 D audio_hw_primary: in_set_parameters: enter: kvpairs=routing=0
04-22 11:24:53.315 21153 21360 I MicrophoneInputStream: mic_close  SR : 16000 CC : 16 SO : 1999
04-22 11:24:53.315 21153 21360 E AudioSource: Stop listening is called on already closed AudioSource
04-22 11:24:53.316 21153 11994 I MicroRecognitionRunner: Detection finished
04-22 11:24:53.536  1749  2444 I WindowManager: Window drawn AppWindowToken{7a5d47e token=Token{e022639 ActivityRecord{9980e00 u0 com.motorola.launcher3/com.android.launcher3.CustomizationPanelLauncher t3}}}
04-22 11:24:53.614 13020 13020 W nectedcrossroa: Accessing hidden method Landroid/view/View;->computeFitSystemWindows(Landroid/graphics/Rect;Landroid/graphics/Rect;)Z (greylist, reflection, allowed)
04-22 11:24:53.615 13020 13020 W nectedcrossroa: Accessing hidden method Landroid/view/ViewGroup;->makeOptionalFitsSystemWindows()V (greylist, reflection, allowed)
04-22 11:24:53.718     0     0 W swapper/6: type=1400 audit(0.0:2589): avc: denied { kill } for uid=0 capability=5 scontext=u:r:kernel:s0 tcontext=u:r:kernel:s0 tclass=capability permissive=0
04-22 11:24:53.797 13020 13020 V perf    : AODV networking started.
04-22 11:24:53.913  1749  2444 V WindowManager: Changing focus from null to Window{596781 u0 com.google.location.nearby.apps.connectedcrossroad/nx.aodv.eval.MainActivity} displayId=0
04-22 11:24:53.916 13020 13043 I AdrenoGLES: QUALCOMM build                   : 961b24f, Ib57168459a
04-22 11:24:53.916 13020 13043 I AdrenoGLES: Build Date                       : 02/24/20
04-22 11:24:53.916 13020 13043 I AdrenoGLES: OpenGL ES Shader Compiler Version: EV031.27.05.06
04-22 11:24:53.916 13020 13043 I AdrenoGLES: Local Branch                     : 
04-22 11:24:53.916 13020 13043 I AdrenoGLES: Remote Branch                    : 
04-22 11:24:53.916 13020 13043 I AdrenoGLES: Remote Branch                    : 
04-22 11:24:53.916 13020 13043 I AdrenoGLES: Reconstruct Branch               : 
04-22 11:24:53.916 13020 13043 I AdrenoGLES: Build Config                     : S L 8.0.12 AArch32
04-22 11:24:53.925 13020 13043 I AdrenoGLES: PFP: 0x005ff112, ME: 0x005ff066
04-22 11:24:53.963   579   579 I hwservicemanager: getTransport: Cannot find entry android.hardware.graphics.mapper@3.0::IMapper/default in either framework or device manifest.
04-22 11:24:53.963 13020 13043 W Gralloc3: mapper 3.x is not supported
04-22 11:24:53.984  1749  1773 I LaunchCheckinHandler: Displayed com.google.location.nearby.apps.connectedcrossroad/nx.aodv.eval.MainActivity,cp,ca,839
04-22 11:24:53.984  1749  1773 I WindowManager: Window drawn AppWindowToken{8cb6d31 token=Token{85eb5d8 ActivityRecord{3daacbb u0 com.google.location.nearby.apps.connectedcrossroad/nx.aodv.eval.MainActivity t45}}}
04-22 11:24:53.984  1749  1773 I WindowManager:   SURFACE show Surface(name=com.google.location.nearby.apps.connectedcrossroad/nx.aodv.eval.MainActivity)/@0x2609026 on display:0: com.google.location.nearby.apps.connectedcrossroad/nx.aodv.eval.MainActivity
04-22 11:24:53.987  1749  1780 I ActivityTaskManager: Displayed com.google.location.nearby.apps.connectedcrossroad/nx.aodv.eval.MainActivity: +863ms
04-22 11:24:53.999 21460 21485 I chatty  : uid=10158(com.google.android.gms) Binder:21460_3 expire 15 lines
04-22 11:24:54.048 21153 11221 I PBSessionCacheImpl: Deleted sessionId[93033496809965314] from persistence.
04-22 11:24:54.068 21153 21380 W SearchServiceCore: Abort, client detached.
04-22 11:24:54.071 21153 21380 I MicroDetectionState: Should stop hotword detection immediately - false
04-22 11:24:54.567 24881 10830 W Binder  : reply too large data on java level: InterfaceDescriptor = null, code = 46
04-22 11:24:54.567 12420 12460 E JavaBinder: !!! FAILED BINDER TRANSACTION !!!  (parcel size = 696)
04-22 11:24:54.567 12420 12460 W GmsClient: IGmsServiceBroker.getService failed
04-22 11:24:54.567 12420 12460 W GmsClient: android.os.DeadObjectException: Transaction failed on small parcel; remote process probably died
04-22 11:24:54.567 12420 12460 W GmsClient: 	at android.os.BinderProxy.transactNative(Native Method)
04-22 11:24:54.567 12420 12460 W GmsClient: 	at android.os.BinderProxy.transact(BinderProxy.java:511)
04-22 11:24:54.567 12420 12460 W GmsClient: 	at qgo.getService(PG:10)
04-22 11:24:54.567 12420 12460 W GmsClient: 	at com.google.android.gms.common.internal.BaseGmsClient.a(PG:107)
04-22 11:24:54.567 12420 12460 W GmsClient: 	at qcy.run(PG:8)
04-22 11:24:54.567 12420 12460 W GmsClient: 	at android.os.Handler.handleCallback(Handler.java:883)
04-22 11:24:54.567 12420 12460 W GmsClient: 	at android.os.Handler.dispatchMessage(Handler.java:100)
04-22 11:24:54.567 12420 12460 W GmsClient: 	at qtd.a(PG:5)
04-22 11:24:54.567 12420 12460 W GmsClient: 	at qtd.dispatchMessage(PG:4)
04-22 11:24:54.567 12420 12460 W GmsClient: 	at android.os.Looper.loop(Looper.java:241)
04-22 11:24:54.567 12420 12460 W GmsClient: 	at android.os.HandlerThread.run(HandlerThread.java:67)
04-22 11:24:59.642 24881  9794 W Binder  : reply too large data on java level: InterfaceDescriptor = null, code = 46
04-22 11:24:59.643 12420 12460 E JavaBinder: !!! FAILED BINDER TRANSACTION !!!  (parcel size = 696)
04-22 11:24:59.644 12420 12460 W GmsClient: IGmsServiceBroker.getService failed
04-22 11:24:59.644 12420 12460 W GmsClient: android.os.DeadObjectException: Transaction failed on small parcel; remote process probably died
04-22 11:24:59.644 12420 12460 W GmsClient: 	at android.os.BinderProxy.transactNative(Native Method)
04-22 11:24:59.644 12420 12460 W GmsClient: 	at android.os.BinderProxy.transact(BinderProxy.java:511)
04-22 11:24:59.644 12420 12460 W GmsClient: 	at qgo.getService(PG:10)
04-22 11:24:59.644 12420 12460 W GmsClient: 	at com.google.android.gms.common.internal.BaseGmsClient.a(PG:107)
04-22 11:24:59.644 12420 12460 W GmsClient: 	at qcy.run(PG:8)
04-22 11:24:59.644 12420 12460 W GmsClient: 	at android.os.Handler.handleCallback(Handler.java:883)
04-22 11:24:59.644 12420 12460 W GmsClient: 	at android.os.Handler.dispatchMessage(Handler.java:100)
04-22 11:24:59.644 12420 12460 W GmsClient: 	at qtd.a(PG:5)
04-22 11:24:59.644 12420 12460 W GmsClient: 	at qtd.dispatchMessage(PG:4)
04-22 11:24:59.644 12420 12460 W GmsClient: 	at android.os.Looper.loop(Looper.java:241)
04-22 11:24:59.644 12420 12460 W GmsClient: 	at android.os.HandlerThread.run(HandlerThread.java:67)
04-22 11:25:00.035  2313  2313 W View    : requestLayout() improperly called by com.android.systemui.statusbar.HeadsUpStatusBarView{e5b882e I.E...... ......ID 0,0-248,56 #7f0a01f7 app:id/heads_up_status_bar_view} during layout: running second layout pass
04-22 11:25:02.422   812  1668 D NativeSensors: CapSensor:  mPendingEvent.distance=0.000000
04-22 11:25:02.735  2997  2997 I KeyboardViewUtil: KeyboardViewUtil.getKeyboardHeightRatio():127 systemKeyboardHeightRatio:1.000000; userKeyboardHeightRatio:1.000000.
04-22 11:25:02.736  2997  2997 I AndroidIME: AbstractIme.onActivate():83 LatinIme.onActivate() : EditorInfo = Package = com.google.location.nearby.apps.connectedcrossroad : Type = Text : Learning = Enable : Suggestion = Show : AutoCorrection = Enable : Microphone = Show : NoPersonalizedLearning = Disable, IncognitoMode = false
04-22 11:25:02.736  2997  2997 I Delight5Facilitator: Delight5Facilitator.initializeForIme():574 initializeForIme() : Locale = [en_US], layout = qwerty
04-22 11:25:02.736  2997  2997 I VoiceInputManagerWrapper: VoiceInputManagerWrapper.cancelShutdown():54 cancelShutdown()
04-22 11:25:02.736  2997  2997 I VoiceInputManagerWrapper: VoiceInputManagerWrapper.syncLanguagePacks():66 syncLanguagePacks()
04-22 11:25:02.737  2997 25136 I SpeechFactory: SpeechRecognitionFactory.maybeScheduleAutoPackDownloadForFallback():155 maybeScheduleAutoPackDownloadForFallback()
04-22 11:25:02.737  2997 25136 I FallbackOnDeviceRecognitionProvider: FallbackOnDeviceRecognitionProvider.maybeScheduleAutoPackDownload():200 maybeScheduleAutoPackDownload() for language tag en-US
04-22 11:25:02.739  2997  2997 I KeyboardWrapper: KeyboardWrapper.consumeEvent():264 Skip consuming an event as current keyboard is deactivated (state=0, keyboard existence=true)
04-22 11:25:02.742  2997  2997 E KeyboardViewController: KeyboardViewController.clearSubViewControllerInternal():373 Clears keyboard sub view controller for keyboardType: null, viewType: HEADER, viewId: 2131432509(softkey_holder_fixed_candidates),which has not been set.
04-22 11:25:02.742  2997  2997 E KeyboardViewController: jjy
04-22 11:25:02.742  2997  2997 E KeyboardViewController: 	at djm.b(PG:17)
04-22 11:25:02.742  2997  2997 E KeyboardViewController: 	at djm.a(PG:12)
04-22 11:25:02.742  2997  2997 E KeyboardViewController: 	at bna.c(PG:99)
04-22 11:25:02.742  2997  2997 E KeyboardViewController: 	at com.google.android.apps.inputmethod.latin.keyboard.LatinSymbolsKeyboard.b(PG:19)
04-22 11:25:02.742  2997  2997 E KeyboardViewController: 	at dkc.a(PG:38)
04-22 11:25:02.742  2997  2997 E KeyboardViewController: 	at dia.a(PG:44)
04-22 11:25:02.742  2997  2997 E KeyboardViewController: 	at dkc.a(PG:52)
04-22 11:25:02.742  2997  2997 E KeyboardViewController: 	at dfq.a(PG:29)
04-22 11:25:02.742  2997  2997 E KeyboardViewController: 	at dfq.C(PG:22)
04-22 11:25:02.742  2997  2997 E KeyboardViewController: 	at dfu.d(PG:11)
04-22 11:25:02.742  2997  2997 E KeyboardViewController: 	at dfu.b(PG:109)
04-22 11:25:02.742  2997  2997 E KeyboardViewController: 	at com.android.inputmethod.latin.LatinIME.b(PG:333)
04-22 11:25:02.742  2997  2997 E KeyboardViewController: 	at dew.onStartInputView(PG:755)
04-22 11:25:02.742  2997  2997 E KeyboardViewController: 	at android.inputmethodservice.InputMethodService.startViews(InputMethodService.java:2001)
04-22 11:25:02.742  2997  2997 E KeyboardViewController: 	at android.inputmethodservice.InputMethodService.showWindow(InputMethodService.java:1930)
04-22 11:25:02.742  2997  2997 E KeyboardViewController: 	at android.inputmethodservice.InputMethodService$InputMethodImpl.showSoftInput(InputMethodService.java:648)
04-22 11:25:02.742  2997  2997 E KeyboardViewController: 	at android.inputmethodservice.IInputMethodWrapper.executeMessage(IInputMethodWrapper.java:220)
04-22 11:25:02.742  2997  2997 E KeyboardViewController: 	at com.android.internal.os.HandlerCaller$MyHandler.handleMessage(HandlerCaller.java:44)
04-22 11:25:02.742  2997  2997 E KeyboardViewController: 	at android.os.Handler.dispatchMessage(Handler.java:107)
04-22 11:25:02.742  2997  2997 E KeyboardViewController: 	at android.os.Looper.loop(Looper.java:241)
04-22 11:25:02.742  2997  2997 E KeyboardViewController: 	at android.app.ActivityThread.main(ActivityThread.java:7604)
04-22 11:25:02.742  2997  2997 E KeyboardViewController: 	at java.lang.reflect.Method.invoke(Native Method)
04-22 11:25:02.742  2997  2997 E KeyboardViewController: 	at com.android.internal.os.RuntimeInit$MethodAndArgsCaller.run(RuntimeInit.java:492)
04-22 11:25:02.742  2997  2997 E KeyboardViewController: 	at com.android.internal.os.ZygoteInit.main(ZygoteInit.java:941)
04-22 11:25:02.767  2997  2997 W KeyboardModeManager: KeyboardModeManager.setInputView():359 setInputView() : inputView = com.google.android.apps.inputmethod.libs.framework.core.InputView{a223891 V.E...... ......ID 0,0-720,1380}
04-22 11:25:02.770  2997  2997 I ConversationToQueryExtension: ConversationToQueryExtension.isEnabledForHostApp():254 Conv2Query not enabled due to current app [com.google.location.nearby.apps.connectedcrossroad] not in whitelist
04-22 11:25:02.770  2997  2997 I ConversationToQueryExtension: ConversationToQueryExtension.onActivate():165 onActivate() : Disabled by unsupported host app
04-22 11:25:02.808  1749  1773 I WindowManager:   SURFACE show Surface(name=InputMethod)/@0xaa5d33f on display:0: InputMethod
04-22 11:25:03.709  2997  9985 I TiresiasImpl: TiresiasImpl.resetSession():1228 resetSession(): Reset failed, no active session.
04-22 11:25:03.743  2997  2997 I ShortcutsDataManager: ShortcutsDataManager.onContentChanged():89 onContentChanged()
04-22 11:25:04.048  2997  2997 I KeyboardWrapper: KeyboardWrapper.consumeEvent():264 Skip consuming an event as current keyboard is deactivated (state=0, keyboard existence=true)
04-22 11:25:04.049  2997  2997 I VoiceInputManagerWrapper: VoiceInputManagerWrapper.shutdown():76 shutdown()
04-22 11:25:04.050  2997  2997 I AndroidIME: AbstractIme.onDeactivate():145 LatinIme.onDeactivate()
04-22 11:25:04.082 21460 11813 I chatty  : uid=10158 com.google.android.gms.persistent expire 21 lines
04-22 11:25:04.144  2294  2358 I chatty  : uid=1002(bluetooth) BT Service Call expire 54 lines
04-22 11:25:04.144  1749  1749 D BluetoothManagerService: Bluetooth Adapter name changed to IkpMb2Nbye0AAAAAAAAAATI
04-22 11:25:04.144  1749  1749 D BluetoothManagerService: Stored Bluetooth name: IkpMb2Nbye0AAAAAAAAAATI
04-22 11:25:04.145  1749  1749 V SettingsProvider: Notifying for 0: content://settings/secure/bluetooth_name
04-22 11:25:04.151  2294 10674 I chatty  : uid=1002(bluetooth) Binder:2294_8 expire 11 lines
04-22 11:25:04.153 21460 21617 I chatty  : uid=10158(com.google.android.gms) Binder:21460_5 expire 12 lines
04-22 11:25:04.306 21153 21380 I WorkerManager: dispose()
04-22 11:25:04.311 21153 21380 W ThreadPoolDumper: Queue length for executor EventBus is now 11. Perhaps some tasks are too long, or the pool is too small.
04-22 11:25:04.501  1749  2257 D NsdService: Register service
04-22 11:25:04.502  1749  2257 D NsdService: registerService: 25 name: IkpMb2Nbye0AAA, type: _5BC9ED5E6C75._tcp, host: null, port: 37985, txtRecord: n=MgIPv4=192.168.1.65
04-22 11:25:04.502  1749  2257 D NsdService: mdnssd [register, 25, IkpMb2Nbye0AAA, _5BC9ED5E6C75._tcp, 37985, BG49TWcRSVB2ND0xOTIuMTY4LjEuNjU=]
04-22 11:25:04.502   728  1296 D MDnsDS  : serviceRegister(25, (null), IkpMb2Nbye0AAA, _5BC9ED5E6C75._tcp, (null), (null), 37985, 23, <binary>)
04-22 11:25:04.504   728  1296 D MDnsDS  : startMonitoring 25
04-22 11:25:04.504   728  1296 D MDnsDS  : triggering rescan
04-22 11:25:04.504   728  1296 D MDnsDS  : serviceRegister successful
04-22 11:25:04.504   728  1295 D MDnsDS  : Monitor poll got data pollCount = 1, 1
04-22 11:25:04.504   728  1295 D MDnsDS  : controlSocket shows revent= 1
04-22 11:25:04.504   728  1295 D MDnsDS  : MDnsSdListener::Monitor got 1
04-22 11:25:04.504   728  1295 D MDnsDS  : MDnsSdListener::Monitor poll rescanning - size=10, live=1
04-22 11:25:04.504   728  1295 D MDnsDS  : Going to poll with pollCount 2
04-22 11:25:04.504  1749  2257 D NsdService: Register 25 25
04-22 11:25:04.698 24881  9794 W Binder  : reply too large data on java level: InterfaceDescriptor = null, code = 46
04-22 11:25:04.699 12420 12460 E JavaBinder: !!! FAILED BINDER TRANSACTION !!!  (parcel size = 696)
04-22 11:25:04.699 12420 12460 W GmsClient: IGmsServiceBroker.getService failed
04-22 11:25:04.699 12420 12460 W GmsClient: android.os.DeadObjectException: Transaction failed on small parcel; remote process probably died
04-22 11:25:04.699 12420 12460 W GmsClient: 	at android.os.BinderProxy.transactNative(Native Method)
04-22 11:25:04.699 12420 12460 W GmsClient: 	at android.os.BinderProxy.transact(BinderProxy.java:511)
04-22 11:25:04.699 12420 12460 W GmsClient: 	at qgo.getService(PG:10)
04-22 11:25:04.699 12420 12460 W GmsClient: 	at com.google.android.gms.common.internal.BaseGmsClient.a(PG:107)
04-22 11:25:04.699 12420 12460 W GmsClient: 	at qcy.run(PG:8)
04-22 11:25:04.699 12420 12460 W GmsClient: 	at android.os.Handler.handleCallback(Handler.java:883)
04-22 11:25:04.699 12420 12460 W GmsClient: 	at android.os.Handler.dispatchMessage(Handler.java:100)
04-22 11:25:04.699 12420 12460 W GmsClient: 	at qtd.a(PG:5)
04-22 11:25:04.699 12420 12460 W GmsClient: 	at qtd.dispatchMessage(PG:4)
04-22 11:25:04.699 12420 12460 W GmsClient: 	at android.os.Looper.loop(Looper.java:241)
04-22 11:25:04.699 12420 12460 W GmsClient: 	at android.os.HandlerThread.run(HandlerThread.java:67)
04-22 11:25:04.755  2997  2997 I ShortcutsDataManager: AbstractContentDataManager.startImportContentTask():208 startImportContentTask()
04-22 11:25:04.784  2997  2997 I KeyboardViewUtil: KeyboardViewUtil.getKeyboardHeightRatio():127 systemKeyboardHeightRatio:1.000000; userKeyboardHeightRatio:1.000000.
04-22 11:25:04.784  2997  2997 I AndroidIME: AbstractIme.onActivate():83 LatinIme.onActivate() : EditorInfo = Package = com.google.location.nearby.apps.connectedcrossroad : Type = Text : Learning = Enable : Suggestion = Show : AutoCorrection = Enable : Microphone = Show : NoPersonalizedLearning = Disable, IncognitoMode = false
04-22 11:25:04.784  2997  2997 I Delight5Facilitator: Delight5Facilitator.initializeForIme():574 initializeForIme() : Locale = [en_US], layout = qwerty
04-22 11:25:04.784  2997  2997 I VoiceInputManagerWrapper: VoiceInputManagerWrapper.cancelShutdown():54 cancelShutdown()
04-22 11:25:04.784  2997  2997 I VoiceInputManagerWrapper: VoiceInputManagerWrapper.syncLanguagePacks():66 syncLanguagePacks()
04-22 11:25:04.785  2997 25136 I SpeechFactory: SpeechRecognitionFactory.maybeScheduleAutoPackDownloadForFallback():155 maybeScheduleAutoPackDownloadForFallback()
04-22 11:25:04.785  2997 25136 I FallbackOnDeviceRecognitionProvider: FallbackOnDeviceRecognitionProvider.maybeScheduleAutoPackDownload():200 maybeScheduleAutoPackDownload() for language tag en-US
04-22 11:25:04.786  2997  2997 I KeyboardWrapper: KeyboardWrapper.consumeEvent():264 Skip consuming an event as current keyboard is deactivated (state=0, keyboard existence=true)
04-22 11:25:04.788  2997  2997 E KeyboardViewController: KeyboardViewController.clearSubViewControllerInternal():373 Clears keyboard sub view controller for keyboardType: null, viewType: HEADER, viewId: 2131432509(softkey_holder_fixed_candidates),which has not been set.
04-22 11:25:04.788  2997  2997 E KeyboardViewController: jjy
04-22 11:25:04.788  2997  2997 E KeyboardViewController: 	at djm.b(PG:17)
04-22 11:25:04.788  2997  2997 E KeyboardViewController: 	at djm.a(PG:12)
04-22 11:25:04.788  2997  2997 E KeyboardViewController: 	at bna.c(PG:99)
04-22 11:25:04.788  2997  2997 E KeyboardViewController: 	at com.google.android.apps.inputmethod.latin.keyboard.LatinSymbolsKeyboard.b(PG:19)
04-22 11:25:04.788  2997  2997 E KeyboardViewController: 	at dkc.a(PG:38)
04-22 11:25:04.788  2997  2997 E KeyboardViewController: 	at dia.a(PG:44)
04-22 11:25:04.788  2997  2997 E KeyboardViewController: 	at dkc.a(PG:52)
04-22 11:25:04.788  2997  2997 E KeyboardViewController: 	at dfq.a(PG:29)
04-22 11:25:04.788  2997  2997 E KeyboardViewController: 	at dfq.C(PG:22)
04-22 11:25:04.788  2997  2997 E KeyboardViewController: 	at dfu.d(PG:11)
04-22 11:25:04.788  2997  2997 E KeyboardViewController: 	at dfu.b(PG:109)
04-22 11:25:04.788  2997  2997 E KeyboardViewController: 	at com.android.inputmethod.latin.LatinIME.b(PG:333)
04-22 11:25:04.788  2997  2997 E KeyboardViewController: 	at dew.onStartInputView(PG:755)
04-22 11:25:04.788  2997  2997 E KeyboardViewController: 	at android.inputmethodservice.InputMethodService.startViews(InputMethodService.java:2001)
04-22 11:25:04.788  2997  2997 E KeyboardViewController: 	at android.inputmethodservice.InputMethodService.showWindow(InputMethodService.java:1930)
04-22 11:25:04.788  2997  2997 E KeyboardViewController: 	at android.inputmethodservice.InputMethodService$InputMethodImpl.showSoftInput(InputMethodService.java:648)
04-22 11:25:04.788  2997  2997 E KeyboardViewController: 	at android.inputmethodservice.IInputMethodWrapper.executeMessage(IInputMethodWrapper.java:220)
04-22 11:25:04.788  2997  2997 E KeyboardViewController: 	at com.android.internal.os.HandlerCaller$MyHandler.handleMessage(HandlerCaller.java:44)
04-22 11:25:04.788  2997  2997 E KeyboardViewController: 	at android.os.Handler.dispatchMessage(Handler.java:107)
04-22 11:25:04.788  2997  2997 E KeyboardViewController: 	at android.os.Looper.loop(Looper.java:241)
04-22 11:25:04.788  2997  2997 E KeyboardViewController: 	at android.app.ActivityThread.main(ActivityThread.java:7604)
04-22 11:25:04.788  2997  2997 E KeyboardViewController: 	at java.lang.reflect.Method.invoke(Native Method)
04-22 11:25:04.788  2997  2997 E KeyboardViewController: 	at com.android.internal.os.RuntimeInit$MethodAndArgsCaller.run(RuntimeInit.java:492)
04-22 11:25:04.788  2997  2997 E KeyboardViewController: 	at com.android.internal.os.ZygoteInit.main(ZygoteInit.java:941)
04-22 11:25:04.808  2997  2997 W KeyboardModeManager: KeyboardModeManager.setInputView():359 setInputView() : inputView = com.google.android.apps.inputmethod.libs.framework.core.InputView{a223891 V.E...... ......ID 0,0-720,1380}
04-22 11:25:04.810  2997  2997 I ConversationToQueryExtension: ConversationToQueryExtension.isEnabledForHostApp():254 Conv2Query not enabled due to current app [com.google.location.nearby.apps.connectedcrossroad] not in whitelist
04-22 11:25:04.810  2997  2997 I ConversationToQueryExtension: ConversationToQueryExtension.onActivate():165 onActivate() : Disabled by unsupported host app
04-22 11:25:04.813  2997  3624 I ShortcutsDataManager: AbstractContentDataManager$ImportContentTask.doInBackground():222 doInBackground()
04-22 11:25:04.813  2997  3624 I PersonalDictionaryDataHandler: PersonalDictionaryDataHandler.beginProcess():111 LanguageTags = [en-US]
