04-22 09:47:10.424  3334 29565 E MCINTLOG: [MC_BattStatsFactory] Adding uid 1010
04-22 09:47:10.424  3334 29565 E MCINTLOG: [MC_BattStatsFactory] Adding uid 1013
04-22 09:47:10.424  3334 29565 E MCINTLOG: [MC_BattStatsFactory] Adding uid 1017
04-22 09:47:10.424  3334 29565 E MCINTLOG: [MC_BattStatsFactory] Adding uid 1020
04-22 09:47:10.424  3334 29565 E MCINTLOG: [MC_BattStatsFactory] Adding uid 1021
04-22 09:47:10.424  3334 29565 E MCINTLOG: [MC_BattStatsFactory] Adding uid 1036
04-22 09:47:10.425  3334 29565 E MCINTLOG: [MC_BattStatsFactory] Adding uid 1040
04-22 09:47:10.425  3334 29565 E MCINTLOG: [MC_BattStatsFactory] Adding uid 1041
04-22 09:47:10.425  3334 29565 E MCINTLOG: [MC_BattStatsFactory] Adding uid 1046
04-22 09:47:10.425  3334 29565 E MCINTLOG: [MC_BattStatsFactory] Adding uid 1047
04-22 09:47:10.425  3334 29565 E MCINTLOG: [MC_BattStatsFactory] Adding uid 1051
04-22 09:47:10.425  3334 29565 E MCINTLOG: [MC_BattStatsFactory] Adding uid 1053
04-22 09:47:10.425  3334 29565 E MCINTLOG: [MC_BattStatsFactory] Adding uid 1066
04-22 09:47:10.425  3334 29565 E MCINTLOG: [MC_BattStatsFactory] Adding uid 1068
04-22 09:47:10.425  3334 29565 E MCINTLOG: [MC_BattStatsFactory] Adding uid 1069
04-22 09:47:10.425  3334 29565 E MCINTLOG: [MC_BattStatsFactory] Adding uid 1072
04-22 09:47:10.425  3334 29565 E MCINTLOG: [MC_BattStatsFactory] Adding uid 1073
04-22 09:47:10.425  3334 29565 E MCINTLOG: [MC_BattStatsFactory] Adding uid 2000
04-22 09:47:10.425  3334 29565 E MCINTLOG: [MC_BattStatsFactory] Adding uid 2903
04-22 09:47:10.425  3334 29565 E MCINTLOG: [MC_BattStatsFactory] Adding uid 2906
04-22 09:47:10.425  3334 29565 E MCINTLOG: [MC_BattStatsFactory] Adding uid 5101
04-22 09:47:10.425  3334 29565 E MCINTLOG: [MC_BattStatsFactory] Adding uid 9999
04-22 09:47:10.425  3334 29565 E MCINTLOG: [MC_BattStatsFactory] Adding uid 10000
04-22 09:47:10.426  3334 29565 E MCINTLOG: [MC_BattStatsFactory] Adding uid 10001
04-22 09:47:10.426  3334 29565 E MCINTLOG: [MC_BattStatsFactory] Adding uid 10002
04-22 09:47:10.426  3334 29565 E MCINTLOG: [MC_BattStatsFactory] Adding uid 10013
04-22 09:47:10.426  3334 29565 E MCINTLOG: [MC_BattStatsFactory] Adding uid 10023
04-22 09:47:10.426  3334 29565 E MCINTLOG: [MC_BattStatsFactory] Adding uid 10038
04-22 09:47:10.426  3334 29565 E MCINTLOG: [MC_BattStatsFactory] Adding uid 10044
04-22 09:47:10.426  3334 29565 E MCINTLOG: [MC_BattStatsFactory] Adding uid 10045
04-22 09:47:10.426  3334 29565 E MCINTLOG: [MC_BattStatsFactory] Adding uid 10046
04-22 09:47:10.426  3334 29565 E MCINTLOG: [MC_BattStatsFactory] Adding uid 10049
04-22 09:47:10.426  3334 29565 E MCINTLOG: [MC_BattStatsFactory] Adding uid 10051
04-22 09:47:10.426  3334 29565 E MCINTLOG: [MC_BattStatsFactory] Adding uid 10052
04-22 09:47:10.426  3334 29565 E MCINTLOG: [MC_BattStatsFactory] Adding uid 10053
04-22 09:47:10.426  3334 29565 E MCINTLOG: [MC_BattStatsFactory] Adding uid 10054
04-22 09:47:10.426  3334 29565 E MCINTLOG: [MC_BattStatsFactory] Adding uid 10055
04-22 09:47:10.426  3334 29565 E MCINTLOG: [MC_BattStatsFactory] Adding uid 10056
04-22 09:47:10.426  3334 29565 E MCINTLOG: [MC_BattStatsFactory] Adding uid 10057
04-22 09:47:10.426  3334 29565 E MCINTLOG: [MC_BattStatsFactory] Adding uid 10058
04-22 09:47:10.426  3334 29565 E MCINTLOG: [MC_BattStatsFactory] Adding uid 10059
04-22 09:47:10.427  3334 29565 E MCINTLOG: [MC_BattStatsFactory] Adding uid 10060
04-22 09:47:10.427  3334 29565 E MCINTLOG: [MC_BattStatsFactory] Adding uid 10061
04-22 09:47:10.427  3334 29565 E MCINTLOG: [MC_BattStatsFactory] Adding uid 10063
04-22 09:47:10.427  3334 29565 E MCINTLOG: [MC_BattStatsFactory] Adding uid 10064
04-22 09:47:10.427  3334 29565 E MCINTLOG: [MC_BattStatsFactory] Adding uid 10065
04-22 09:47:10.427  3334 29565 E MCINTLOG: [MC_BattStatsFactory] Adding uid 10066
04-22 09:47:10.427  3334 29565 E MCINTLOG: [MC_BattStatsFactory] Adding uid 10067
04-22 09:47:10.427  3334 29565 E MCINTLOG: [MC_BattStatsFactory] Adding uid 10068
04-22 09:47:10.427  3334 29565 E MCINTLOG: [MC_BattStatsFactory] Adding uid 10069
04-22 09:47:10.427  3334 29565 E MCINTLOG: [MC_BattStatsFactory] Adding uid 10070
04-22 09:47:10.427  3334 29565 E MCINTLOG: [MC_BattStatsFactory] Adding uid 10071
04-22 09:47:10.427  3334 29565 E MCINTLOG: [MC_BattStatsFactory] Adding uid 10072
04-22 09:47:10.427  3334 29565 E MCINTLOG: [MC_BattStatsFactory] Adding uid 10073
04-22 09:47:10.427  3334 29565 E MCINTLOG: [MC_BattStatsFactory] Adding uid 10074
04-22 09:47:10.427  3334 29565 E MCINTLOG: [MC_BattStatsFactory] Adding uid 10075
04-22 09:47:10.427  3334 29565 E MCINTLOG: [MC_BattStatsFactory] Adding uid 10076
04-22 09:47:10.427  3334 29565 E MCINTLOG: [MC_BattStatsFactory] Adding uid 10077
04-22 09:47:10.428  3334 29565 E MCINTLOG: [MC_BattStatsFactory] Adding uid 10078
04-22 09:47:10.428  3334 29565 E MCINTLOG: [MC_BattStatsFactory] Adding uid 10080
04-22 09:47:10.428  3334 29565 E MCINTLOG: [MC_BattStatsFactory] Adding uid 10081
04-22 09:47:10.428  3334 29565 E MCINTLOG: [MC_BattStatsFactory] Adding uid 10082
04-22 09:47:10.428  3334 29565 E MCINTLOG: [MC_BattStatsFactory] Adding uid 10083
04-22 09:47:10.428  3334 29565 E MCINTLOG: [MC_BattStatsFactory] Adding uid 10084
04-22 09:47:10.428  3334 29565 E MCINTLOG: [MC_BattStatsFactory] Adding uid 10085
04-22 09:47:10.428  3334 29565 E MCINTLOG: [MC_BattStatsFactory] Adding uid 10086
04-22 09:47:10.428  3334 29565 E MCINTLOG: [MC_BattStatsFactory] Adding uid 10088
04-22 09:47:10.428  3334 29565 E MCINTLOG: [MC_BattStatsFactory] Adding uid 10089
04-22 09:47:10.428  3334 29565 E MCINTLOG: [MC_BattStatsFactory] Adding uid 10090
04-22 09:47:10.428  3334 29565 E MCINTLOG: [MC_BattStatsFactory] Adding uid 10091
04-22 09:47:10.428  3334 29565 E MCINTLOG: [MC_BattStatsFactory] Adding uid 10092
04-22 09:47:10.428  3334 29565 E MCINTLOG: [MC_BattStatsFactory] Adding uid 10093
04-22 09:47:10.428  3334 29565 E MCINTLOG: [MC_BattStatsFactory] Adding uid 10094
04-22 09:47:10.428  3334 29565 E MCINTLOG: [MC_BattStatsFactory] Adding uid 10095
04-22 09:47:10.428  3334 29565 E MCINTLOG: [MC_BattStatsFactory] Adding uid 10096
04-22 09:47:10.428  3334 29565 E MCINTLOG: [MC_BattStatsFactory] Adding uid 10097
04-22 09:47:10.428  3334 29565 E MCINTLOG: [MC_BattStatsFactory] Adding uid 10098
04-22 09:47:10.428  3334 29565 E MCINTLOG: [MC_BattStatsFactory] Adding uid 10099
04-22 09:47:10.429  3334 29565 E MCINTLOG: [MC_BattStatsFactory] Adding uid 10100
04-22 09:47:10.429  3334 29565 E MCINTLOG: [MC_BattStatsFactory] Adding uid 10101
04-22 09:47:10.429  3334 29565 E MCINTLOG: [MC_BattStatsFactory] Adding uid 10102
04-22 09:47:10.429  3334 29565 E MCINTLOG: [MC_BattStatsFactory] Adding uid 10103
04-22 09:47:10.429  3334 29565 E MCINTLOG: [MC_BattStatsFactory] Adding uid 10104
04-22 09:47:10.429  3334 29565 E MCINTLOG: [MC_BattStatsFactory] Adding uid 10105
04-22 09:47:10.429  3334 29565 E MCINTLOG: [MC_BattStatsFactory] Adding uid 10106
04-22 09:47:10.429  3334 29565 E MCINTLOG: [MC_BattStatsFactory] Adding uid 10107
04-22 09:47:10.429  3334 29565 E MCINTLOG: [MC_BattStatsFactory] Adding uid 10108
04-22 09:47:10.429  3334 29565 E MCINTLOG: [MC_BattStatsFactory] Adding uid 10109
04-22 09:47:10.429  3334 29565 E MCINTLOG: [MC_BattStatsFactory] Adding uid 10110
04-22 09:47:10.429  3334 29565 E MCINTLOG: [MC_BattStatsFactory] Adding uid 10111
04-22 09:47:10.429  3334 29565 E MCINTLOG: [MC_BattStatsFactory] Adding uid 10112
04-22 09:47:10.429  3334 29565 E MCINTLOG: [MC_BattStatsFactory] Adding uid 10113
04-22 09:47:10.429  3334 29565 E MCINTLOG: [MC_BattStatsFactory] Adding uid 10114
04-22 09:47:10.429  3334 29565 E MCINTLOG: [MC_BattStatsFactory] Adding uid 10115
04-22 09:47:10.429  3334 29565 E MCINTLOG: [MC_BattStatsFactory] Adding uid 10116
04-22 09:47:10.429  3334 29565 E MCINTLOG: [MC_BattStatsFactory] Adding uid 10117
04-22 09:47:10.429  3334 29565 E MCINTLOG: [MC_BattStatsFactory] Adding uid 10118
04-22 09:47:10.429  3334 29565 E MCINTLOG: [MC_BattStatsFactory] Adding uid 10119
04-22 09:47:10.429  3334 29565 E MCINTLOG: [MC_BattStatsFactory] Adding uid 10120
04-22 09:47:10.430  3334 29565 E MCINTLOG: [MC_BattStatsFactory] Adding uid 10121
04-22 09:47:10.430  3334 29565 E MCINTLOG: [MC_BattStatsFactory] Adding uid 10122
04-22 09:47:10.430  3334 29565 E MCINTLOG: [MC_BattStatsFactory] Adding uid 10123
04-22 09:47:10.430  3334 29565 E MCINTLOG: [MC_BattStatsFactory] Adding uid 10124
04-22 09:47:10.430  3334 29565 E MCINTLOG: [MC_BattStatsFactory] Adding uid 10125
04-22 09:47:10.430  3334 29565 E MCINTLOG: [MC_BattStatsFactory] Adding uid 10126
04-22 09:47:10.430  3334 29565 E MCINTLOG: [MC_BattStatsFactory] Adding uid 10127
04-22 09:47:10.430  3334 29565 E MCINTLOG: [MC_BattStatsFactory] Adding uid 10128
04-22 09:47:10.430  3334 29565 E MCINTLOG: [MC_BattStatsFactory] Adding uid 10129
04-22 09:47:10.430  3334 29565 E MCINTLOG: [MC_BattStatsFactory] Adding uid 10130
04-22 09:47:10.430  3334 29565 E MCINTLOG: [MC_BattStatsFactory] Adding uid 10131
04-22 09:47:10.430  3334 29565 E MCINTLOG: [MC_BattStatsFactory] Adding uid 10132
04-22 09:47:10.430  3334 29565 E MCINTLOG: [MC_BattStatsFactory] Adding uid 10133
04-22 09:47:10.430  3334 29565 E MCINTLOG: [MC_BattStatsFactory] Adding uid 10134
04-22 09:47:10.431  3334 29565 E MCINTLOG: [MC_BattStatsFactory] Adding uid 10135
04-22 09:47:10.431  3334 29565 E MCINTLOG: [MC_BattStatsFactory] Adding uid 10136
04-22 09:47:10.431  3334 29565 E MCINTLOG: [MC_BattStatsFactory] Adding uid 10137
04-22 09:47:10.431  3334 29565 E MCINTLOG: [MC_BattStatsFactory] Adding uid 10138
04-22 09:47:10.431  3334 29565 E MCINTLOG: [MC_BattStatsFactory] Adding uid 10139
04-22 09:47:10.431  3334 29565 E MCINTLOG: [MC_BattStatsFactory] Adding uid 10140
04-22 09:47:10.431  3334 29565 E MCINTLOG: [MC_BattStatsFactory] Adding uid 10141
04-22 09:47:10.431  3334 29565 E MCINTLOG: [MC_BattStatsFactory] Adding uid 10142
04-22 09:47:10.431  3334 29565 E MCINTLOG: [MC_BattStatsFactory] Adding uid 10143
04-22 09:47:10.431  3334 29565 E MCINTLOG: [MC_BattStatsFactory] Adding uid 10144
04-22 09:47:10.431  3334 29565 E MCINTLOG: [MC_BattStatsFactory] Adding uid 10145
04-22 09:47:10.431  3334 29565 E MCINTLOG: [MC_BattStatsFactory] Adding uid 10146
04-22 09:47:10.431  3334 29565 E MCINTLOG: [MC_BattStatsFactory] Adding uid 10147
04-22 09:47:10.431  3334 29565 E MCINTLOG: [MC_BattStatsFactory] Adding uid 10148
04-22 09:47:10.431  3334 29565 E MCINTLOG: [MC_BattStatsFactory] Adding uid 10149
04-22 09:47:10.431  3334 29565 E MCINTLOG: [MC_BattStatsFactory] Adding uid 10150
04-22 09:47:10.431  3334 29565 E MCINTLOG: [MC_BattStatsFactory] Adding uid 10151
04-22 09:47:10.431  3334 29565 E MCINTLOG: [MC_BattStatsFactory] Adding uid 10152
04-22 09:47:10.431  3334 29565 E MCINTLOG: [MC_BattStatsFactory] Adding uid 10153
04-22 09:47:10.431  3334 29565 E MCINTLOG: [MC_BattStatsFactory] Adding uid 10154
04-22 09:47:10.431  3334 29565 E MCINTLOG: [MC_BattStatsFactory] Adding uid 10155
04-22 09:47:10.432  3334 29565 E MCINTLOG: [MC_BattStatsFactory] Adding uid 10156
04-22 09:47:10.432  3334 29565 E MCINTLOG: [MC_BattStatsFactory] Adding uid 10157
04-22 09:47:10.432  3334 29565 E MCINTLOG: [MC_BattStatsFactory] Adding uid 10158
04-22 09:47:10.432  3334 29565 E MCINTLOG: [MC_BattStatsFactory] Adding uid 10159
04-22 09:47:10.432  3334 29565 E MCINTLOG: [MC_BattStatsFactory] Adding uid 10160
04-22 09:47:10.432  3334 29565 E MCINTLOG: [MC_BattStatsFactory] Adding uid 10161
04-22 09:47:10.432  3334 29565 E MCINTLOG: [MC_BattStatsFactory] Adding uid 10162
04-22 09:47:10.432  3334 29565 E MCINTLOG: [MC_BattStatsFactory] Adding uid 10163
04-22 09:47:10.432  3334 29565 E MCINTLOG: [MC_BattStatsFactory] Adding uid 10164
04-22 09:47:10.432  3334 29565 E MCINTLOG: [MC_BattStatsFactory] Adding uid 10165
04-22 09:47:10.432  3334 29565 E MCINTLOG: [MC_BattStatsFactory] Adding uid 10166
04-22 09:47:10.432  3334 29565 E MCINTLOG: [MC_BattStatsFactory] Adding uid 10167
04-22 09:47:10.432  3334 29565 E MCINTLOG: [MC_BattStatsFactory] Adding uid 10168
04-22 09:47:10.432  3334 29565 E MCINTLOG: [MC_BattStatsFactory] Adding uid 10169
04-22 09:47:10.432  3334 29565 E MCINTLOG: [MC_BattStatsFactory] Adding uid 10170
04-22 09:47:10.432  3334 29565 E MCINTLOG: [MC_BattStatsFactory] Adding uid 10171
04-22 09:47:10.432  3334 29565 E MCINTLOG: [MC_BattStatsFactory] Adding uid 10172
04-22 09:47:10.432  3334 29565 E MCINTLOG: [MC_BattStatsFactory] Adding uid 10173
04-22 09:47:10.432  3334 29565 E MCINTLOG: [MC_BattStatsFactory] Adding uid 10174
04-22 09:47:10.433  3334 29565 E MCINTLOG: [MC_BattStatsFactory] Adding uid 10175
04-22 09:47:10.433  3334 29565 E MCINTLOG: [MC_BattStatsFactory] Adding uid 10176
04-22 09:47:10.433  3334 29565 E MCINTLOG: [MC_BattStatsFactory] Adding uid 10177
04-22 09:47:10.433  3334 29565 E MCINTLOG: [MC_BattStatsFactory] Adding uid 10178
04-22 09:47:10.433  3334 29565 E MCINTLOG: [MC_BattStatsFactory] Adding uid 10179
04-22 09:47:10.433  3334 29565 E MCINTLOG: [MC_BattStatsFactory] Adding uid 10180
04-22 09:47:10.433  3334 29565 E MCINTLOG: [MC_BattStatsFactory] Adding uid 10181
04-22 09:47:10.433  3334 29565 E MCINTLOG: [MC_BattStatsFactory] Adding uid 10182
04-22 09:47:10.433  3334 29565 E MCINTLOG: [MC_BattStatsFactory] Adding uid 10183
04-22 09:47:10.433  3334 29565 E MCINTLOG: [MC_BattStatsFactory] Adding uid 10184
04-22 09:47:10.433  3334 29565 E MCINTLOG: [MC_BattStatsFactory] Adding uid 10185
04-22 09:47:10.433  3334 29565 E MCINTLOG: [MC_BattStatsFactory] Adding uid 10186
04-22 09:47:10.433  3334 29565 E MCINTLOG: [MC_BattStatsFactory] Adding uid 10187
04-22 09:47:10.433  3334 29565 E MCINTLOG: [MC_BattStatsFactory] Adding uid 10188
04-22 09:47:10.433  3334 29565 E MCINTLOG: [MC_BattStatsFactory] Adding uid 10190
04-22 09:47:10.433  3334 29565 E MCINTLOG: [MC_BattStatsFactory] Adding uid 10191
04-22 09:47:10.433  3334 29565 E MCINTLOG: [MC_BattStatsFactory] Adding uid 10192
04-22 09:47:10.433  3334 29565 E MCINTLOG: [MC_BattStatsFactory] Adding uid 10193
04-22 09:47:10.433  3334 29565 E MCINTLOG: [MC_BattStatsFactory] Adding uid 10194
04-22 09:47:10.433  3334 29565 E MCINTLOG: [MC_BattStatsFactory] Adding uid 10195
04-22 09:47:10.433  3334 29565 E MCINTLOG: [MC_BattStatsFactory] Adding uid 10196
04-22 09:47:10.434  3334 29565 E MCINTLOG: [MC_BattStatsFactory] Adding uid 10197
04-22 09:47:10.434  3334 29565 E MCINTLOG: [MC_BattStatsFactory] Adding uid 10198
04-22 09:47:10.434  3334 29565 E MCINTLOG: [MC_BattStatsFactory] Adding uid 10199
04-22 09:47:10.434  3334 29565 E MCINTLOG: [MC_BattStatsFactory] Adding uid 10200
04-22 09:47:10.434  3334 29565 E MCINTLOG: [MC_BattStatsFactory] Adding uid 10201
04-22 09:47:10.434  3334 29565 E MCINTLOG: [MC_BattStatsFactory] Adding uid 10202
04-22 09:47:10.434  3334 29565 E MCINTLOG: [MC_BattStatsFactory] Adding uid 10203
04-22 09:47:10.434  3334 29565 E MCINTLOG: [MC_BattStatsFactory] Adding uid 10204
04-22 09:47:10.434  3334 29565 E MCINTLOG: [MC_BattStatsFactory] Adding uid 10205
04-22 09:47:10.434  3334 29565 E MCINTLOG: [MC_BattStatsFactory] Adding uid 10206
04-22 09:47:10.434  3334 29565 E MCINTLOG: [MC_BattStatsFactory] Adding uid 10207
04-22 09:47:10.434  3334 29565 E MCINTLOG: [MC_BattStatsFactory] Adding uid 10208
04-22 09:47:10.434  3334 29565 E MCINTLOG: [MC_BattStatsFactory] Adding uid 10209
04-22 09:47:10.434  3334 29565 E MCINTLOG: [MC_BattStatsFactory] Adding uid 10210
04-22 09:47:10.434  3334 29565 E MCINTLOG: [MC_BattStatsFactory] Adding uid 10211
04-22 09:47:10.434  3334 29565 E MCINTLOG: [MC_BattStatsFactory] Adding uid 10212
04-22 09:47:10.434  3334 29565 E MCINTLOG: [MC_BattStatsFactory] Adding uid 10213
04-22 09:47:10.434  3334 29565 E MCINTLOG: [MC_BattStatsFactory] Adding uid 10214
04-22 09:47:10.434  3334 29565 E MCINTLOG: [MC_BattStatsFactory] Adding uid 10215
04-22 09:47:10.434  3334 29565 E MCINTLOG: [MC_BattStatsFactory] Adding uid 10216
04-22 09:47:10.434  3334 29565 E MCINTLOG: [MC_BattStatsFactory] Adding uid 50120
04-22 09:47:10.434  3334 29565 E MCINTLOG: [MC_BattStatsFactory] Adding uid 50158
04-22 09:47:10.472  3334  3350 W System  : A resource failed to call close. 
04-22 09:47:11.562 29193 29193 W ProxyAndroidLoggerBackend: Too many Flogger logs received before configuration. Dropping old logs.
04-22 09:47:11.563 29193 29193 W ProxyAndroidLoggerBackend: Too many Flogger logs received before configuration. Dropping old logs.
04-22 09:47:11.587 29376 29376 I Finsky:download_service: [2] vzu.onDestroy(8): IPC-SERVER: Stopping gRPC host service...
04-22 09:47:12.547     0     0 W swapper/0: type=1400 audit(0.0:2035): avc: denied { kill } for uid=0 capability=5 scontext=u:r:kernel:s0 tcontext=u:r:kernel:s0 tclass=capability permissive=0
04-22 09:47:12.673  1749  2749 I ActivityManager: Killing 28710:com.google.android.apps.magazines/u0a214 (adj 985): empty #17
04-22 09:47:12.735  1749  2039 D ConnectivityService: ConnectivityService NetworkRequestInfo binderDied(NetworkRequest [ TRACK_DEFAULT id=205, [ Capabilities: INTERNET&NOT_RESTRICTED&TRUSTED Uid: 10214] ], android.os.BinderProxy@e5bba5b)
04-22 09:47:12.735  1749  1767 D ConnectivityService: ConnectivityService NetworkRequestInfo binderDied(NetworkRequest [ LISTEN id=206, [ Capabilities: INTERNET&NOT_RESTRICTED&TRUSTED&FOREGROUND Uid: 10214] ], android.os.BinderProxy@d3842f8)
04-22 09:47:12.736  1749  2464 D ConnectivityService: ConnectivityService NetworkRequestInfo binderDied(NetworkRequest [ TRACK_DEFAULT id=204, [ Capabilities: INTERNET&NOT_RESTRICTED&TRUSTED Uid: 10214] ], android.os.BinderProxy@92c43d1)
04-22 09:47:12.736  1749  2255 D ConnectivityService: releasing NetworkRequest [ TRACK_DEFAULT id=205, [ Capabilities: INTERNET&NOT_RESTRICTED&TRUSTED Uid: 10214] ] (release request)
04-22 09:47:12.736   729   729 I Zygote  : Process 28710 exited due to signal 9 (Killed)
04-22 09:47:12.736  1749  2039 D ActivityManager: makeInactive, ProcessRecord{91b5004 28710:com.google.android.apps.magazines/u0a214}, clear holder.state
04-22 09:47:12.737  1749  2255 D ConnectivityService: releasing NetworkRequest [ TRACK_DEFAULT id=204, [ Capabilities: INTERNET&NOT_RESTRICTED&TRUSTED Uid: 10214] ] (release request)
04-22 09:47:12.737  1749  1783 I libprocessgroup: Successfully killed process cgroup uid 10214 pid 28710 in 61ms
04-22 09:47:13.168 18334 18346 W ola.motodispla: Reducing the number of considered missed Gc histogram windows from 533 to 100
04-22 09:47:13.941  2313  2313 I FalsingManagerPlugin: dX: -11.983368 dY: -401.73566 xV: 0.19727823 yV: -3.413011
04-22 09:47:13.941  2313  2313 I FalsingManagerPlugin: Percent of gesture in proximity: 0.0
04-22 09:47:13.942  2313  2313 I FalsingManagerPlugin: Percent of gesture in proximity: 0.0
04-22 09:47:14.217  2294  2312 I chatty  : uid=1002(bluetooth) Binder:2294_2 expire 10 lines
04-22 09:47:14.287  2313  2313 W View    : requestLayout() improperly called by com.android.systemui.statusbar.HeadsUpStatusBarView{e5b882e I.E...... ......ID 0,0-248,56 #7f0a01f7 app:id/heads_up_status_bar_view} during layout: running second layout pass
04-22 09:47:14.302  2313  2313 D KeyguardViewMediator: keyguardGoingAway
04-22 09:47:14.303  2313  2394 D KeyguardViewMediator: Call PhoneWindowManager's keyguardGoingAway
04-22 09:47:14.303  2313  2313 D StatusBar: disable<e i a s b H R c s > disable2<q i n >
04-22 09:47:14.304  1749 10173 D ActivityTaskManager: Top Process State changed to PROCESS_STATE_TOP
04-22 09:47:14.320  3334  3334 D SlpcSystem: ProxRecalReceiver action: com.motorola.UNLOCK_SUCCESS
04-22 09:47:14.330  3334  3334 I android_os_HwBinder: HwBinder: Starting thread pool for getting: vendor.qti.hardware.sensorscalibrate@1.0::ISensorsCalibrate/default
04-22 09:47:14.331  8057  8312 D MCLOG   : [MC_TriggerHelper] PauseResumeTrigger
04-22 09:47:14.335  8057  8057 D MCLOG   : [MC_Service] onStartcommand()
04-22 09:47:14.385   846   846 D         : sensor calibrate begin
04-22 09:47:14.385   846   846 I ssc_calibrate: calibrate:103 calibrate!
04-22 09:47:14.396   846 29574 I ssc_calibrate: notify_data_cb:69 JNI_triggerProxRecal sensor1 responded
04-22 09:47:14.397   846   846 D         : s_result: true
04-22 09:47:14.415   729   729 D Zygote  : Forked child process 29576
04-22 09:47:14.421  1749  1782 I ActivityManager: Start proc 29576:com.motorola.timeweatherwidget/u0a205 for content provider {com.motorola.timeweatherwidget/com.motorola.commandcenter.weather.AssistReceiver}
04-22 09:47:14.422  1749  1773 I WindowManager: Window drawn AppWindowToken{7a5d47e token=Token{e022639 ActivityRecord{9980e00 u0 com.motorola.launcher3/com.android.launcher3.CustomizationPanelLauncher t3}}}
04-22 09:47:14.423  2313  2313 I KeyguardViewMediator: handleStartKeyguardExitAnimation startTime=18768770 fadeoutDuration=300
04-22 09:47:14.424  1749  1773 I WindowManager:   SURFACE show Surface(name=com.motorola.launcher3/com.android.launcher3.CustomizationPanelLauncher)/@0xb2f0d4 on display:0: com.motorola.launcher3/com.android.launcher3.CustomizationPanelLauncher
04-22 09:47:14.426  2313  2313 D StatusBar: disable<e i a s b H R c s > disable2<q i n >
04-22 09:47:14.429  2313  2313 D StatusBar: updateQsExpansionEnabled - QS Expand enabled: true
04-22 09:47:14.430  2313  2313 W MotoDisplayManager: can't hide: mMotoDisplayService has been null
04-22 09:47:14.437 29576 29576 E meweatherwidge: Not starting debugger since process cannot load the jdwp agent.
04-22 09:47:14.442  1749  1749 V SettingsProvider: Notifying for 0: content://settings/secure/reminder_exp_learning_time_elapsed
04-22 09:47:14.450  2313  2313 D StatusBar: disable<e i a s b h!r!c s > disable2<q i n >
04-22 09:47:14.456   867  1153 D AF::TrackHandle: OpPlayAudio: track:82 usage:13 not muted
04-22 09:47:14.460  2313  2394 I AudioTrack: createTrack_l(52): AUDIO_OUTPUT_FLAG_FAST successful; frameCount 0 -> 9065
04-22 09:47:14.462   867  1153 D APM_AudioPolicyManager: startOutput() output 13, stream 1, session 297
04-22 09:47:14.466   815 13465 V msm8974_platform: platform_get_output_snd_device: enter: output devices(0x2)
04-22 09:47:14.466   815 13465 V msm8974_platform: platform_get_output_snd_device: exit: snd_device(speaker)
04-22 09:47:14.466   815 13465 V msm8974_platform: platform_get_backend_index:napb: backend port - 0 device - 2 
04-22 09:47:14.466   815 13465 V msm8974_platform: platform_check_and_set_playback_backend_cfg: usecase->stream.out->config.format (0)
04-22 09:47:14.466   815 13465 V msm8974_platform: platform_check_and_set_playback_backend_cfg:becf: afe: bitwidth 16, samplerate 48000 channels 2, backend_idx 0 usecase = 1 device (speaker)
04-22 09:47:14.466   815 13465 V msm8974_platform: platform_check_and_set_playback_backend_cfg: new_snd_devices[0] is 2
04-22 09:47:14.466   815 13465 V msm8974_platform: platform_get_backend_index:napb: backend port - 0 device - 2 
04-22 09:47:14.466   815 13465 V msm8974_platform: platform_check_playback_backend_cfg:becf: afe: bitwidth 16, samplerate 48000 channels 2, backend_idx 0 usecase = 1 device (speaker)
04-22 09:47:14.466   815 13465 V msm8974_platform: platform_check_playback_backend_cfg:becf: afe: Codec selected backend: 0 updated bit width: 16 andsample rate: 48000
04-22 09:47:14.466   815 13465 V msm8974_platform: platform_send_audio_calibration: sending audio calibration for snd_device(2) acdb_id(14)
04-22 09:47:14.466   815 13465 D ACDB-LOADER: ACDB -> send_audio_cal, acdb_id = 14, path = 0, app id = 0x11130, sample rate = 48000, afe_sample_rate = 48000
04-22 09:47:14.466   815 13465 D ACDB-LOADER: ACDB -> send_asm_topology
04-22 09:47:14.466   815 13465 D ACDB-LOADER: ACDB -> ACDB_CMD_GET_AUDPROC_STREAM_TOPOLOGY_ID
04-22 09:47:14.467   815 13465 D ACDB-LOADER: ACDB -> send_adm_topology
04-22 09:47:14.467   815 13465 D ACDB-LOADER: ACDB -> ACDB_CMD_GET_AUDPROC_COMMON_TOPOLOGY_ID
04-22 09:47:14.467   815 13465 D ACDB-LOADER: ACDB -> send_audtable
04-22 09:47:14.467   815 13465 D ACDB-LOADER: ACDB -> ACDB_CMD_GET_AUDPROC_COMMON_TABLE_SIZE
04-22 09:47:14.467   815 13465 D ACDB-LOADER: ACDB -> ACDB_CMD_GET_AUDPROC_COMMON_TABLE
04-22 09:47:14.467   815 13465 D ACDB-LOADER: ACDB -> AUDIO_SET_AUDPROC_CAL cal_type[11] acdb_id[14] app_type[69936]
04-22 09:47:14.467   815 13465 D ACDB-LOADER: ACDB -> send_audvoltable
04-22 09:47:14.467   815 13465 D ACDB-LOADER: ACDB -> ACDB_CMD_GET_AUDPROC_GAIN_DEP_STEP_TABLE_SIZE
04-22 09:47:14.467   815 13465 D ACDB-LOADER: ACDB -> ACDB_CMD_GET_AUDPROC_GAIN_DEP_STEP_TABLE, vol index 0
04-22 09:47:14.467   815 13465 D ACDB-LOADER: ACDB -> AUDIO_SET_VOL_CAL cal type = 12
04-22 09:47:14.467   815 13465 D ACDB-LOADER: ACDB -> ACDB_CMD_GET_AUDPROC_STREAM_TABLE_SIZE
04-22 09:47:14.467   815 13465 D ACDB-LOADER: ACDB -> send_audstrmtable
04-22 09:47:14.467   815 13465 D ACDB-LOADER: ACDB -> ACDB_CMD_GET_AUDPROC_STREAM_TABLE_V2
04-22 09:47:14.467   815 13465 D ACDB-LOADER: ACDB -> audstrm_cal->cal_type.cal_data.cal_size = 16
04-22 09:47:14.467   815 13465 D ACDB-LOADER: ACDB -> send_afe_topology
04-22 09:47:14.467   815 13465 D ACDB-LOADER: ACDB -> ACDB_CMD_GET_AFE_TOPOLOGY_ID
04-22 09:47:14.467   815 13465 D ACDB-LOADER: ACDB -> GET_AFE_TOPOLOGY_ID for adcd_id 14, Topology Id 1000ff01
04-22 09:47:14.467   815 13465 D ACDB-LOADER: ACDB -> send_afe_cal
04-22 09:47:14.467   815 13465 D ACDB-LOADER: ACDB -> ACDB_CMD_GET_AFE_COMMON_TABLE_SIZE
04-22 09:47:14.467   815 13465 D ACDB-LOADER: ACDB -> ACDB_CMD_GET_AFE_COMMON_TABLE
04-22 09:47:14.467   815 13465 D ACDB-LOADER: ACDB -> AUDIO_SET_AFE_CAL cal_type[16] acdb_id[14]
04-22 09:47:14.467   815 13465 D ACDB-LOADER: ACDB -> send_hw_delay : acdb_id = 14 path = 0
04-22 09:47:14.467   815 13465 D ACDB-LOADER: ACDB -> ACDB_AVSYNC_INFO: ACDB_CMD_GET_DEVICE_PROPERTY
04-22 09:47:14.467   815 13465 V msm8974_platform: platform_send_audio_calibration: sending audio calibration for snd_device(158) acdb_id(102)
04-22 09:47:14.467   815 13465 D ACDB-LOADER: ACDB -> send_audio_cal, acdb_id = 102, path = 1, app id = 0x11130, sample rate = 48000, afe_sample_rate = 48000
04-22 09:47:14.467   815 13465 D ACDB-LOADER: ACDB -> send_asm_topology
04-22 09:47:14.467   815 13465 D ACDB-LOADER: ACDB -> ACDB_CMD_GET_AUDPROC_STREAM_TOPOLOGY_ID
04-22 09:47:14.467   815 13465 D ACDB-LOADER: ACDB -> send_adm_topology
04-22 09:47:14.467   815 13465 D ACDB-LOADER: ACDB -> ACDB_CMD_GET_AUDPROC_COMMON_TOPOLOGY_ID
04-22 09:47:14.467   815 13465 D ACDB-LOADER: ACDB -> send_audtable
04-22 09:47:14.467   815 13465 D ACDB-LOADER: ACDB -> ACDB_CMD_GET_AUDPROC_COMMON_TABLE_SIZE
04-22 09:47:14.467   815 13465 D ACDB-LOADER: ACDB -> ACDB_CMD_GET_AUDPROC_COMMON_TABLE
04-22 09:47:14.467   815 13465 D ACDB-LOADER: ACDB -> AUDIO_SET_AUDPROC_CAL cal_type[11] acdb_id[102] app_type[69936]
04-22 09:47:14.467   815 13465 D ACDB-LOADER: ACDB -> ACDB_CMD_GET_AUDPROC_STREAM_TABLE_SIZE
04-22 09:47:14.467   815 13465 D ACDB-LOADER: ACDB -> send_audstrmtable
04-22 09:47:14.467   815 13465 D ACDB-LOADER: ACDB -> ACDB_CMD_GET_AUDPROC_STREAM_TABLE_V2
04-22 09:47:14.467   815 13465 D ACDB-LOADER: ACDB -> audstrm_cal->cal_type.cal_data.cal_size = 16
04-22 09:47:14.467   815 13465 D ACDB-LOADER: ACDB -> send_afe_topology
04-22 09:47:14.467   815 13465 D ACDB-LOADER: ACDB -> ACDB_CMD_GET_AFE_TOPOLOGY_ID
04-22 09:47:14.467   815 13465 D ACDB-LOADER: ACDB -> GET_AFE_TOPOLOGY_ID for adcd_id 102, Topology Id 1000ff00
04-22 09:47:14.467   815 13465 D ACDB-LOADER: ACDB -> send_afe_cal
04-22 09:47:14.467   815 13465 D ACDB-LOADER: ACDB -> ACDB_CMD_GET_AFE_COMMON_TABLE_SIZE
04-22 09:47:14.467   815 13465 D ACDB-LOADER: ACDB -> ACDB_CMD_GET_AFE_COMMON_TABLE
04-22 09:47:14.467   815 13465 D ACDB-LOADER: ACDB -> AUDIO_SET_AFE_CAL cal_type[17] acdb_id[102]
04-22 09:47:14.467   815 13465 D ACDB-LOADER: ACDB -> send_hw_delay : acdb_id = 102 path = 1
04-22 09:47:14.467   815 13465 D ACDB-LOADER: ACDB -> ACDB_AVSYNC_INFO: ACDB_CMD_GET_DEVICE_PROPERTY
04-22 09:47:14.467  2313  2313 D KeyguardUpdateMonitor: onKeyguardVisibilityChanged(false)
04-22 09:47:14.467   815 13465 D audio_hw_primary: enable_snd_device: snd_device(158: vi-feedback)
04-22 09:47:14.467   815 13465 D audio_route: Apply path: vi-feedback
04-22 09:47:14.467   815 13465 D audio_hw_primary: enable_audio_route: usecase(26) apply and update mixer path: spkr-vi-record
04-22 09:47:14.467   815 13465 D audio_route: Apply path: spkr-vi-record
04-22 09:47:14.470  1749  1773 I WindowManager:   SURFACE show Surface(name=com.motorola.launcher3/com.android.launcher3.CustomizationPanelLauncher)/@0x6fb866c on display:0: com.motorola.launcher3/com.android.launcher3.CustomizationPanelLauncher
04-22 09:47:14.480 21153 21153 W ThreadPoolDumper: Queue length for executor EventBus is now 11. Perhaps some tasks are too long, or the pool is too small.
04-22 09:47:14.482  1749  1772 W UsageStatsService: Event reported without a package name, eventType:18
04-22 09:47:14.485  1749  2039 V WindowManager: Changing focus from Window{743b1cb u0 StatusBar} to Window{733e816 u0 com.motorola.launcher3/com.android.launcher3.CustomizationPanelLauncher} displayId=0
04-22 09:47:14.487  2313  2313 W View    : requestLayout() improperly called by com.android.systemui.statusbar.HeadsUpStatusBarView{e5b882e I.E...... ......ID 0,0-248,56 #7f0a01f7 app:id/heads_up_status_bar_view} during layout: running second layout pass
04-22 09:47:14.489 29576 29576 D ApplicationLoaders: Returning zygote-cached class loader: /system/framework/android.hidl.base-V1.0-java.jar
04-22 09:47:14.489 29576 29576 D ApplicationLoaders: Returning zygote-cached class loader: /system/framework/android.hidl.manager-V1.0-java.jar
04-22 09:47:14.489 29576 29576 D ApplicationLoaders: Returning zygote-cached class loader: /system/framework/android.hidl.base-V1.0-java.jar
04-22 09:47:14.493   812  1655 W qti_sensors_hal: reportSingleEvent: NearBy 0, pData 1630,  highThd 2250
04-22 09:47:14.494  1749  1781 W BroadcastQueue: Background execution not allowed: receiving Intent { act=android.intent.action.USER_PRESENT flg=0x24200010 } to com.android.chrome/org.chromium.chrome.browser.sharing.click_to_call.ClickToCallMessageHandler$PhoneUnlockedReceiver
04-22 09:47:14.494  1749  1781 W BroadcastQueue: Background execution not allowed: receiving Intent { act=android.intent.action.USER_PRESENT flg=0x24200010 } to com.google.android.gms/.auth.setup.devicesignals.LockScreenReceiver
04-22 09:47:14.494  3398  3398 I GsaVoiceInteractionSrv: O received Intent { act=android.intent.action.USER_PRESENT flg=0x24200010 }
04-22 09:47:14.494  1749  1781 W BroadcastQueue: Background execution not allowed: receiving Intent { act=android.intent.action.USER_PRESENT flg=0x24200010 } to com.google.android.gms/.chimera.GmsIntentOperationService$PersistentTrustedReceiver
04-22 09:47:14.498 29576 29576 I meweatherwidge: The ClassLoaderContext is a special shared library.
04-22 09:47:14.501   815 13465 D audio_hw_primary: enable_snd_device: snd_device(2: speaker)
04-22 09:47:14.501   815 13465 D audio_route: Apply path: speaker
04-22 09:47:14.501   815 13465 V msm8974_platform: platform_get_snd_device_backend_index: enter with device 2
04-22 09:47:14.502   815 13465 V msm8974_platform: platform_get_backend_index:napb: backend port - 0 device - 2 
04-22 09:47:14.502   815 13465 I audio_hw_utils: Set Audio Stream 12 App Type Cfg: app_type 69936, acdb_dev_id 14, sample_rate 48000, snd_device_be_idx 2
04-22 09:47:14.502   815 13465 D audio_hw_primary: enable_audio_route: usecase(1) apply and update mixer path: low-latency-playback speaker
04-22 09:47:14.502   815 13465 D audio_route: Apply path: low-latency-playback speaker
04-22 09:47:14.503   815  1436 D MotSpeakerHelper: Speaker ON: volume 0.500000 (step 12), usecase SAFE
04-22 09:47:14.504 21460 16751 I chatty  : uid=10158(com.google.android.gms) highpool[126] expire 13 lines
04-22 09:47:14.504 29576 29576 I meweatherwidge: The ClassLoaderContext is a special shared library.
04-22 09:47:14.518 21460 21629 I chatty  : uid=10158(com.google.android.gms) Binder:21460_6 expire 1 line
04-22 09:47:14.534 29576 29576 I meweatherwidge: The ClassLoaderContext is a special shared library.
04-22 09:47:14.534   815 13465 D audio_hw_primary: out_write: retry previous failed cal level set
04-22 09:47:14.573 21153 21380 W WorkController: Loading failed for worker [trainingcache]: worker not found
04-22 09:47:14.573 21153 21203 W ServiceWorker: TrainingCache cache DEVICE_UNLOCKED failure
04-22 09:47:14.573 21153 21203 W ServiceWorker: com.google.android.apps.gsa.search.core.service.h.a.a: No worker found for Worker ID [trainingcache].
04-22 09:47:14.573 21153 21203 W ServiceWorker: 	at com.google.android.apps.gsa.search.core.service.g.a.c.a(SourceFile:7)
04-22 09:47:14.573 21153 21203 W ServiceWorker: 	at com.google.android.libraries.gsa.l.a.n.a(SourceFile:2)
04-22 09:47:14.573 21153 21203 W ServiceWorker: 	at com.google.common.v.a.dn.b(SourceFile:7)
04-22 09:47:14.573 21153 21203 W ServiceWorker: 	at com.google.common.v.a.ch.run(SourceFile:12)
04-22 09:47:14.573 21153 21203 W ServiceWorker: 	at com.google.common.v.a.dp.run(SourceFile:10)
04-22 09:47:14.573 21153 21203 W ServiceWorker: 	at com.google.apps.tiktok.concurrent.au.run(SourceFile:2)
04-22 09:47:14.573 21153 21203 W ServiceWorker: 	at java.util.concurrent.ThreadPoolExecutor.runWorker(ThreadPoolExecutor.java:1167)
04-22 09:47:14.573 21153 21203 W ServiceWorker: 	at java.util.concurrent.ThreadPoolExecutor$Worker.run(ThreadPoolExecutor.java:641)
04-22 09:47:14.573 21153 21203 W ServiceWorker: 	at com.google.apps.tiktok.concurrent.f.run(SourceFile:4)
04-22 09:47:14.573 21153 21203 W ServiceWorker: 	at java.lang.Thread.run(Thread.java:919)
04-22 09:47:14.596  1749  2464 I WindowManager:   SURFACE SIZE set 720x56 on display:0: StatusBar
04-22 09:47:14.606 29576 29595 D AssistReceiver: call: lightWakeup | null | null
04-22 09:47:14.608  2313  2313 W View    : requestLayout() improperly called by com.android.systemui.statusbar.HeadsUpStatusBarView{e5b882e I.E...... ......ID 0,0-248,56 #7f0a01f7 app:id/heads_up_status_bar_view} during layout: running second layout pass
04-22 09:47:14.651 24881 29231 I chatty  : uid=10158(com.google.android.gms) lowpool[28] expire 3 lines
04-22 09:47:14.682 21153 21343 W LocationOracle: No location history returned by ContextManager
04-22 09:47:14.686 29576 29612 E CCPreferences: isNotificationSwitchOn return true
04-22 09:47:14.688 21153 21380 I MicroDetectionState: Should stop hotword detection immediately - false
04-22 09:47:14.689 29576 29576 E FitnessUtil: accessGoogleFit
04-22 09:47:14.691 29576 29576 D FitnessUtil: activity not found, set pIntent = null
04-22 09:47:14.691 21153 21380 I MicroDetectionState: Should stop hotword detection immediately - false
04-22 09:47:14.702 29576 29576 I WeatherApp: Creating weather service
04-22 09:47:14.702 21153 21380 I MicroDetectionWorker: #startMicroDetector [speakerMode: 0]
04-22 09:47:14.704 29576 29576 D CmdCenter: - RowBuilder2: setUseWhiteRes useOrNot = true
04-22 09:47:14.706 29576 29576 D CmdCenter: - RowWidgetUpdater2: the Min widget of widget[2] is 213
04-22 09:47:14.706 29576 29576 D CmdCenter: - RowWidgetUpdater2: 2cellWidth = 180 column is 3
04-22 09:47:14.706 29576 29576 D CmdCenter: - RowBuilder2: useWhiteRes=true -is 18-9?=true cellX= 3 grid=5
04-22 09:47:14.708 21153 21380 I AudioController: Created new AudioSource
04-22 09:47:14.714 21153 21203 I MicroDataManager: isInitializing-false locale not changed-true model not changed-true
04-22 09:47:14.714 21153 21203 I MicroDataManager: Already initialized, obtaining the hotword data immediately.
04-22 09:47:14.737 21153 27863 I MicroRecognitionRunner: Starting detection.
04-22 09:47:14.738 21153 27863 I InputStreamUtils: Using micInputStream
04-22 09:47:14.738 21153 27923 I MicrophoneInputStream: mic_starting  SR : 16000 CC : 16 SO : 1999
04-22 09:47:14.749   815   961 V msm8974_platform: platform_check_input_mask: enter check_input_mask source 6 mask 10
04-22 09:47:14.751   815   961 V msm8974_platform: platform_check_input_mask: enter check_input_mask source 6 mask 10
04-22 09:47:14.758   867 29620 I AudioFlinger: AudioFlinger's thread 0xa5334100 tid=29620 ready to run
04-22 09:47:14.767   867  4237 D APM_AudioPolicyManager: startInput input:150, session:305, source 1999)
04-22 09:47:14.769   815   961 D audio_hw_primary: in_set_parameters: enter: kvpairs=bottom=;input_source=6;routing=-2147483644
04-22 09:47:14.771 21153 27923 I MicrophoneInputStream: mic_started  SR : 16000 CC : 16 SO : 1999
04-22 09:47:14.774  1749  3486 I AudioService.RecordingActivityMonitor: rec update riid:239 uid:10122 session:305 src:HOTWORD pack:com.google.android.googlequicksearchbox
04-22 09:47:14.777   815 29621 V msm8974_platform: platform_update_usecase_from_source: input source :6
04-22 09:47:14.778   815 29621 V msm8974_platform: platform_check_input_mask: enter check_input_mask source 6 mask 10
04-22 09:47:14.778   815 29621 V msm8974_platform: platform_get_input_snd_device: enter: out_device(0) in_device(0x4) channel_count (1) channel_mask (0x10)
04-22 09:47:14.778   815 29621 V msm8974_platform: platform_get_input_snd_device: exit: in_snd_device(voice-rec-mic)
04-22 09:47:14.778   815 29621 V msm8974_platform: platform_get_backend_index:napb: backend port - 6 device - 136 
04-22 09:47:14.778   815 29621 V msm8974_platform: platform_check_and_set_capture_backend_cfg:txbecf: afe: bitwidth 0, samplerate 0, channel 1, backend_idx 6 usecase = 10 device (voice-rec-mic)
04-22 09:47:14.778   815 29621 V msm8974_platform: platform_check_capture_backend_cfg:txbecf: afe: Codec selected backend: 6 current bit width: 0 and sample rate: 0, channels 1
04-22 09:47:14.778   815 29621 V msm8974_platform: platform_check_capture_backend_cfg:txbecf: afe: Codec selected backend: 6 updated bit width: 0 and sample rate: 0
04-22 09:47:14.778   815 29621 I msm8974_platform: platform_check_capture_backend_cfg:txbecf: afe: Codec backend needs to be updated. new bit width: 0 new sample rate: 0 new channel: 1
04-22 09:47:14.778   815 29621 V msm8974_platform: platform_get_backend_index:napb: backend port - 6 device - 136 
04-22 09:47:14.778   815 29621 V msm8974_platform: platform_set_backend_cfg:becf: afe: bitwidth 0, samplerate 0 channels 1, backend_idx 6 device (voice-rec-mic)
04-22 09:47:14.778   815 29621 E msm8974_platform: platform_set_backend_cfg:becf: afe: Could not get ctl for mixer command - SLIM_0_TX Format
04-22 09:47:14.778   815 29621 V msm8974_platform: platform_check_backends_match: snd_device1 = voice-rec-mic, snd_device2 = vi-feedback
04-22 09:47:14.778   815 29621 V msm8974_platform: platform_check_backends_match: be_itf1 = SLIMBUS_0_TX, be_itf2 = SLIMBUS_0_RX
04-22 09:47:14.778   815 29621 V msm8974_platform: platform_send_audio_calibration: sending audio calibration for snd_device(136) acdb_id(62)
04-22 09:47:14.778   815 29621 D ACDB-LOADER: ACDB -> send_audio_cal, acdb_id = 62, path = 1, app id = 0x11130, sample rate = 48000, afe_sample_rate = 48000
04-22 09:47:14.778   815 29621 D ACDB-LOADER: ACDB -> send_asm_topology
04-22 09:47:14.778   815 29621 D ACDB-LOADER: ACDB -> ACDB_CMD_GET_AUDPROC_STREAM_TOPOLOGY_ID
04-22 09:47:14.778   815 29621 D ACDB-LOADER: ACDB -> send_adm_topology
04-22 09:47:14.778   815 29621 D ACDB-LOADER: ACDB -> ACDB_CMD_GET_AUDPROC_COMMON_TOPOLOGY_ID
04-22 09:47:14.778   815 29621 D ACDB-LOADER: ACDB -> send_audtable
04-22 09:47:14.778   815 29621 D ACDB-LOADER: ACDB -> ACDB_CMD_GET_AUDPROC_COMMON_TABLE_SIZE
04-22 09:47:14.778   815 29621 D ACDB-LOADER: ACDB -> ACDB_CMD_GET_AUDPROC_COMMON_TABLE
04-22 09:47:14.778   815 29621 D ACDB-LOADER: ACDB -> AUDIO_SET_AUDPROC_CAL cal_type[11] acdb_id[62] app_type[69936]
04-22 09:47:14.778   815 29621 D ACDB-LOADER: ACDB -> ACDB_CMD_GET_AUDPROC_STREAM_TABLE_SIZE
04-22 09:47:14.778   815 29621 D ACDB-LOADER: ACDB -> send_audstrmtable
04-22 09:47:14.778   815 29621 D ACDB-LOADER: ACDB -> ACDB_CMD_GET_AUDPROC_STREAM_TABLE_V2
04-22 09:47:14.778   815 29621 D ACDB-LOADER: ACDB -> audstrm_cal->cal_type.cal_data.cal_size = 16
04-22 09:47:14.778   815 29621 D ACDB-LOADER: ACDB -> send_afe_topology
04-22 09:47:14.778   815 29621 D ACDB-LOADER: ACDB -> ACDB_CMD_GET_AFE_TOPOLOGY_ID
04-22 09:47:14.779   815 29621 D ACDB-LOADER: ACDB -> GET_AFE_TOPOLOGY_ID for adcd_id 62, Topology Id 112fb
04-22 09:47:14.779   815 29621 D ACDB-LOADER: ACDB -> send_afe_cal
04-22 09:47:14.779   815 29621 D ACDB-LOADER: ACDB -> ACDB_CMD_GET_AFE_COMMON_TABLE_SIZE
04-22 09:47:14.780   815 29621 D         : Failed to fetch the lookup information of the device 0000003E 
04-22 09:47:14.780   815 29621 D ACDB-LOADER: Error: ACDB_CMD_GET_AFE_COMMON_TABLE_SIZE Returned = -19
04-22 09:47:14.780   815 29621 D ACDB-LOADER: ACDB -> ACDB_CMD_GET_AFE_COMMON_TABLE
04-22 09:47:14.780   815 29621 D         : Failed to fetch the lookup information of the device 0000003E 
04-22 09:47:14.780   815 29621 D ACDB-LOADER: Error: ACDB AFE returned = -19
04-22 09:47:14.780   815 29621 D ACDB-LOADER: ACDB -> AUDIO_SET_AFE_CAL cal_type[17] acdb_id[62]
04-22 09:47:14.780   815 29621 D ACDB-LOADER: ACDB -> send_hw_delay : acdb_id = 62 path = 1
04-22 09:47:14.780   815 29621 D ACDB-LOADER: ACDB -> ACDB_AVSYNC_INFO: ACDB_CMD_GET_DEVICE_PROPERTY
04-22 09:47:14.780   815 29621 D audio_hw_primary: enable_snd_device: snd_device(136: voice-rec-mic)
04-22 09:47:14.780   815 29621 D audio_route: Apply path: voice-rec-mic
04-22 09:47:14.781   729   729 D Zygote  : Forked child process 29622
04-22 09:47:14.782   815 29621 V msm8974_platform: platform_get_snd_device_backend_index: enter with device 136
04-22 09:47:14.782   815 29621 V msm8974_platform: platform_get_backend_index:napb: backend port - 6 device - 136 
04-22 09:47:14.782   815 29621 I audio_hw_utils: Set Audio Stream Capture 0 App Type Cfg: app_type 69936, acdb_dev_id 62, sample_rate 48000, snd_device_be_idx 3
04-22 09:47:14.782   815 29621 D audio_hw_primary: enable_audio_route: usecase(10) apply and update mixer path: audio-record
04-22 09:47:14.782   815 29621 D audio_route: Apply path: audio-record
04-22 09:47:14.792  1749  1782 I ActivityManager: Start proc 29622:com.android.providers.calendar/u0a59 for content provider {com.android.providers.calendar/com.android.providers.calendar.CalendarProvider2}
04-22 09:47:14.793   867  1120 D APM_AudioPolicyManager: stopOutput() output 13, stream 1, session 297
04-22 09:47:14.798 29622 29622 E viders.calenda: Not starting debugger since process cannot load the jdwp agent.
04-22 09:47:14.836 21153 27863 W SpeechLevelGenerator: Really low audio levels detected. The audio input may have issues.
04-22 09:47:14.836 21153 21380 I MicroDetectionWorker: onReady
04-22 09:47:14.864 29622 29622 I CalendarProvider2: Created com.android.providers.calendar.CalendarAlarmManager@188b571(com.android.providers.calendar.CalendarProvider2@4e3df56)
04-22 09:47:14.868   728  2384 I netd    : firewallSetUidRule(2, 10198, 1) <0.04ms>
04-22 09:47:14.872  1749 11475 W Binder  : Outgoing transactions from this process must be FLAG_ONEWAY
04-22 09:47:14.872  1749 11475 W Binder  : java.lang.Throwable
04-22 09:47:14.872  1749 11475 W Binder  : 	at android.os.BinderProxy.transact(BinderProxy.java:481)
04-22 09:47:14.872  1749 11475 W Binder  : 	at android.content.ContentProviderProxy.getType(ContentProviderNative.java:456)
04-22 09:47:14.872  1749 11475 W Binder  : 	at com.android.server.am.ActivityManagerService.getProviderMimeType(ActivityManagerService.java:8163)
04-22 09:47:14.872  1749 11475 W Binder  : 	at android.app.IActivityManager$Stub.onTransact(IActivityManager.java:3340)
04-22 09:47:14.872  1749 11475 W Binder  : 	at com.android.server.am.ActivityManagerService.onTransact(ActivityManagerService.java:3092)
04-22 09:47:14.872  1749 11475 W Binder  : 	at android.os.Binder.execTransactInternal(Binder.java:1036)
04-22 09:47:14.872  1749 11475 W Binder  : 	at android.os.Binder.execTransact(Binder.java:1003)
04-22 09:47:14.872   728  1298 D NetdFwmarkServer: Cmd 2: 100, 10122: UserP=3, fwmark=F0064
04-22 09:47:14.872   728  1298 D NetdFwmarkServer: Cmd 1: 0, 10122: UserP=3, fwmark=F0064
04-22 09:47:14.872   728  1298 D NetdFwmarkServer: Cmd 6: 0, 10122: UserP=3, fwmark=F0064
04-22 09:47:14.875  1749 11475 I ActivityManager: Killing 26840:com.google.android.apps.docs/u0a192 (adj 985): empty #17
04-22 09:47:14.893 29576 29576 D CmdCenter: - RowWeatherInitializer: Utils.getWeatherInfo return null.
04-22 09:47:14.900 29576 29576 D CmdCenter: - RowWidgetUpdater2: ->config = {1.0 ?mcc?mnc [en_US] ldltr sw411dp w411dp h812dp 280dpi nrml long port finger -keyb/v/h -nav/h winConfig={ mBounds=Rect(0, 0 - 720, 1520) mAppBounds=Rect(0, 56 - 720, 1478) mWindowingMode=fullscreen mDisplayWindowingMode=fullscreen mActivityType=undefined mAlwaysOnTop=undefined mRotation=ROTATION_0} s.26 ?spn ?gid}
04-22 09:47:14.900 29576 29576 D CmdCenter: - RowWidgetUpdater2: ->config debug_dimens = 54
04-22 09:47:14.957  1749  5123 D ActivityManager: makeInactive, ProcessRecord{a6f82aa 26840:com.google.android.apps.docs/u0a192}, clear holder.state
04-22 09:47:14.962   729   729 I Zygote  : Process 26840 exited due to signal 9 (Killed)
04-22 09:47:14.966  1749  1783 I libprocessgroup: Successfully killed process cgroup uid 10192 pid 26840 in 89ms
04-22 09:47:15.533  1749 11475 I ActivityManager: Killing 28746:com.google.android.apps.chromecast.app/u0a209 (adj 985): empty #17
04-22 09:47:15.589  1749 11475 D ActivityManager: makeInactive, ProcessRecord{992d88a 28746:com.google.android.apps.chromecast.app/u0a209}, clear holder.state
04-22 09:47:15.591   729   729 I Zygote  : Process 28746 exited due to signal 9 (Killed)
04-22 09:47:15.594  1749  1783 I libprocessgroup: Successfully killed process cgroup uid 10209 pid 28746 in 57ms
04-22 09:47:17.393   728  1298 D NetdFwmarkServer: Cmd 0: 0, 2000: UserP=3, fwmark=1F0064
04-22 09:47:17.395 22586 29651 I adbd    : host-13: read thread spawning
04-22 09:47:17.396 22586 29652 I adbd    : host-13: write thread spawning
04-22 09:47:17.397 22586 22586 I adbd    : host-13: already offline
04-22 09:47:17.398 22586 22586 I adbd    : Calling send_auth_request...
04-22 09:47:17.422 22586 22586 I adbd    : Loading keys from /data/misc/adb/adb_keys
04-22 09:47:17.445 22586 22586 I adbd    : adb client authorized
04-22 09:47:17.447  1749 18096 D AdbDebuggingManager: Received connected key message: QAAAAJsW1zttIEjF5aAph24UgOsxA5TDFtz8W8aeC5bPPKzhlmSYcWe9qESzFYTCsXj+XD8sqv4bHOO59U8o0HvLhZjbXS+GZv0u71u5B1lIFGNLzdtQ34R2WNUHxS8hUelJiT5SCYnfHilVcRLPv78IXDx/IjgyMpacnqGWZcN5LCsz/dpxrgvQs5xbPGTCv/+xxL2gIDHUxXZZ9Q0ob5nBCv8guT0keKBuimJNyR4I9x1hwQGTMvWP2pVErKr1O+qOqY25GKtlVlxTxZT2v24ClrVZEM0rVi7m0fmiDPB/f2E6qpLzWkqvw/gkLRtQYJOD19fhstE//ItNlvO5rIBm68X6oceo+sYcfh9y0Dn+/GEOw9JYBaqWDuZo+dAlKb0r/iu4sFGK+00aE076E305Ny2HgAVDnivPpZpR67VdThyGcyC2knjanofbyXnpqY24Brh/WkNejcmNLDsnvYdAFBwhbAEwh8NROVWFraKnUpjCXrmI1sdqSeLicwFlWcEB/SWyyNVd0s3KfVVbbCJZyS8O4E5mCcwTYIDTvXD1PclW691xCLWGHL2deSsoN0V/rrTBk9g+8LyLkyq/ImmQUuy7HkCK6AZPkSKeztJsUxQtPw6L9XaAFhvqtu2Qd6FILPj63OX5vMW6fUW9vfhejWOaks+R2f4hOS19GTF6AVa/F+eICwEAAQA= ryana@RYAN-KANN-GAMIN
04-22 09:47:17.448  1749  1769 D AdbDebuggingManager: Logging key QAAAAJsW1zttIEjF5aAph24UgOsxA5TDFtz8W8aeC5bPPKzhlmSYcWe9qESzFYTCsXj+XD8sqv4bHOO59U8o0HvLhZjbXS+GZv0u71u5B1lIFGNLzdtQ34R2WNUHxS8hUelJiT5SCYnfHilVcRLPv78IXDx/IjgyMpacnqGWZcN5LCsz/dpxrgvQs5xbPGTCv/+xxL2gIDHUxXZZ9Q0ob5nBCv8guT0keKBuimJNyR4I9x1hwQGTMvWP2pVErKr1O+qOqY25GKtlVlxTxZT2v24ClrVZEM0rVi7m0fmiDPB/f2E6qpLzWkqvw/gkLRtQYJOD19fhstE//ItNlvO5rIBm68X6oceo+sYcfh9y0Dn+/GEOw9JYBaqWDuZo+dAlKb0r/iu4sFGK+00aE076E305Ny2HgAVDnivPpZpR67VdThyGcyC2knjanofbyXnpqY24Brh/WkNejcmNLDsnvYdAFBwhbAEwh8NROVWFraKnUpjCXrmI1sdqSeLicwFlWcEB/SWyyNVd0s3KfVVbbCJZyS8O4E5mCcwTYIDTvXD1PclW691xCLWGHL2deSsoN0V/rrTBk9g+8LyLkyq/ImmQUuy7HkCK6AZPkSKeztJsUxQtPw6L9XaAFhvqtu2Qd6FILPj63OX5vMW6fUW9vfhejWOaks+R2f4hOS19GTF6AVa/F+eICwEAAQA= ryana@RYAN-KANN-GAMIN, state = 4, alwaysAllow = true, lastConnectionTime = 1619099237447, authWindow = 604800000
04-22 09:47:17.820   815  1715 D audio_hw_primary: disable_audio_route: usecase(1) reset and update mixer path: low-latency-playback speaker
04-22 09:47:17.834   815  1715 D audio_hw_primary: disable_snd_device: snd_device(158: vi-feedback)
04-22 09:47:17.834   815  1715 D audio_hw_primary: disable_audio_route: usecase(26) reset and update mixer path: spkr-vi-record
04-22 09:47:17.835   815  1715 D audio_hw_primary: disable_snd_device: snd_device(2: speaker)
04-22 09:47:18.280   886   886 I vendor.rmt_storage: rmt_storage_connect_cb: clnt_h=0x17 conn_h=0xa650a020
04-22 09:47:18.280   886   886 I vendor.rmt_storage: rmt_storage_rw_iovec_cb: /boot/modem_fs1: req_h=0x17 msg_id=3: R/W request received (wr_count 15)
04-22 09:47:18.280   886   886 I vendor.rmt_storage: rw_iovec client->path = /boot/modem_fs1
04-22 09:47:18.280   886   886 I vendor.rmt_storage: wakelock acquired: 1, error no: 42
04-22 09:47:18.280   886  1524 I vendor.rmt_storage: rmt_storage_client_thread: /boot/modem_fs1: Unblock worker thread (th_id: -1506528720)
04-22 09:47:18.356   886  1524 I vendor.rmt_storage: rmt_storage_client_thread: /boot/modem_fs1: req_h=0x17 msg_id=3: Bytes written = 1572864, wr_count 15
04-22 09:47:18.357   886  1524 I vendor.rmt_storage: rmt_storage_client_thread: /boot/modem_fs1: req_h=0x17 msg_id=3: Send response: res=0 err=0, wr_count 15
04-22 09:47:18.359   886  1524 I vendor.rmt_storage: rmt_storage_client_thread: /boot/modem_fs1: About to block rmt_storage client thread (th_id: -1506528720) wakelock released: 1, error no: 0
04-22 09:47:18.359   886  1524 I vendor.rmt_storage: 
04-22 09:47:18.362   886   886 I vendor.rmt_storage: rmt_storage_disconnect_cb: clnt_h=0x17 conn_h=0xa650a020
04-22 09:47:18.522  2313  2313 W View    : requestLayout() improperly called by com.android.systemui.statusbar.HeadsUpStatusBarView{e5b882e I.E...... ......ID 0,0-248,56 #7f0a01f7 app:id/heads_up_status_bar_view} during layout: running second layout pass
04-22 09:47:20.246  2448  3640 D QCNEJ/WlanStaInfoRelay: Received action: android.net.wifi.RSSI_CHANGED
