04-22 09:52:43.846 29985 30098 V data    : Payload RX: 30
04-22 09:52:43.846 29985 30098 V data    : Payload TX: 0
04-22 09:52:43.846 29985 30098 V data    : Total RX: 120082
04-22 09:52:43.846 29985 30098 V data    : Total TX: 115116
04-22 09:52:44.132  2294  2312 I chatty  : uid=1002(bluetooth) Binder:2294_2 expire 16 lines
04-22 09:52:44.175  2294 30580 I chatty  : uid=1002(bluetooth) com.android.bluetooth expire 2 lines
04-22 09:52:44.770  2659  2659 I wpa_supplicant: TDLS: Failed to send message (action_code=14)
04-22 09:52:45.051 21460 30175 I chatty  : uid=10158 com.google.android.gms.persistent expire 1 line
04-22 09:52:45.384 21460 29963 I chatty  : uid=10158 com.google.android.gms.persistent expire 1 line
04-22 09:52:45.515 29985 30098 D connectedcrossroad: Data collect: HELO
04-22 09:52:45.516 29985 30098 V data    : Payload RX: 30
04-22 09:52:45.516 29985 30098 V data    : Payload TX: 0
04-22 09:52:45.516 29985 30098 V data    : Total RX: 120694
04-22 09:52:45.516 29985 30098 V data    : Total TX: 116952
04-22 09:52:45.803  2294 30582 I chatty  : uid=1002(bluetooth) com.android.bluetooth expire 2 lines
04-22 09:52:45.815 29985 30098 D connectedcrossroad: Data collect: HELO
04-22 09:52:45.816 29985 30098 V data    : Payload RX: 30
04-22 09:52:45.816 29985 30098 V data    : Payload TX: 0
04-22 09:52:45.816 29985 30098 V data    : Total RX: 121306
04-22 09:52:45.816 29985 30098 V data    : Total TX: 116952
04-22 09:52:46.334 29985 30098 D connectedcrossroad: Data collect: HELO
04-22 09:52:46.334 29985 30098 V data    : Payload RX: 30
04-22 09:52:46.334 29985 30098 V data    : Payload TX: 0
04-22 09:52:46.334 29985 30098 V data    : Total RX: 121918
04-22 09:52:46.334 29985 30098 V data    : Total TX: 118788
04-22 09:52:46.335 21460 30435 I chatty  : uid=10158 com.google.android.gms.persistent expire 49 lines
04-22 09:52:47.247  2659  2659 I wpa_supplicant: TDLS: Failed to send message (action_code=14)
04-22 09:52:47.712 29985 30098 D connectedcrossroad: Data collect: HELO
04-22 09:52:47.712 29985 30098 V data    : Payload RX: 30
04-22 09:52:47.712 29985 30098 V data    : Payload TX: 0
04-22 09:52:47.712 29985 30098 V data    : Total RX: 122530
04-22 09:52:47.712 29985 30098 V data    : Total TX: 118788
04-22 09:52:48.164 29985 30098 D connectedcrossroad: Data collect: HELO
04-22 09:52:48.164 29985 30098 V data    : Payload RX: 30
04-22 09:52:48.164 29985 30098 V data    : Payload TX: 0
04-22 09:52:48.164 29985 30098 V data    : Total RX: 123142
04-22 09:52:48.164 29985 30098 V data    : Total TX: 118788
04-22 09:52:48.631 29985 30098 D connectedcrossroad: Data collect: HELO
04-22 09:52:48.631 29985 30098 V data    : Payload RX: 30
04-22 09:52:48.631 29985 30098 V data    : Payload TX: 0
04-22 09:52:48.631 29985 30098 V data    : Total RX: 123754
04-22 09:52:48.631 29985 30098 V data    : Total TX: 120624
04-22 09:52:48.927 29985 30098 D connectedcrossroad: Data collect: HELO
04-22 09:52:48.927 29985 30098 V data    : Payload RX: 30
04-22 09:52:48.927 29985 30098 V data    : Payload TX: 0
04-22 09:52:48.927 29985 30098 V data    : Total RX: 124366
04-22 09:52:48.927 29985 30098 V data    : Total TX: 120624
04-22 09:52:49.069  2659  2659 I wpa_supplicant: TDLS: Failed to send message (action_code=14)
04-22 09:52:49.532 29985 30098 D connectedcrossroad: Data collect: HELO
04-22 09:52:49.532 29985 30098 V data    : Payload RX: 30
04-22 09:52:49.532 29985 30098 V data    : Payload TX: 0
04-22 09:52:49.533 29985 30098 V data    : Total RX: 124978
04-22 09:52:49.533 29985 30098 V data    : Total TX: 120624
04-22 09:52:49.852 29985 30098 D connectedcrossroad: Data collect: HELO
04-22 09:52:49.852 29985 30098 V data    : Payload RX: 30
04-22 09:52:49.852 29985 30098 V data    : Payload TX: 0
04-22 09:52:49.853 29985 30098 V data    : Total RX: 125590
04-22 09:52:49.853 29985 30098 V data    : Total TX: 120624
04-22 09:52:50.182  2294  2358 I chatty  : uid=1002(bluetooth) BT Service Call expire 80 lines
04-22 09:52:50.224  2294 30583 I chatty  : uid=1002(bluetooth) com.android.bluetooth expire 2 lines
04-22 09:52:50.233   833  2705 E WifiHAL : Received LOG message with insufficent length: 24
04-22 09:52:50.233   833  2705 E WifiHAL : Received fatal event, sending alert
04-22 09:52:50.233  1749 27554 W WifiVendorHal: onDebugErrorAlert 4104
04-22 09:52:50.490  1749  1763 I system_server: Background concurrent copying GC freed 67673(5122KB) AllocSpace objects, 15(14MB) LOS objects, 42% free, 21MB/38MB, paused 126us total 158.622ms
04-22 09:52:50.701 21460 21629 I chatty  : uid=10158(com.google.android.gms) Binder:21460_6 expire 12 lines
04-22 09:52:51.365 29985 30098 D connectedcrossroad: Data collect: HELO
04-22 09:52:51.365 29985 30098 V data    : Payload RX: 30
04-22 09:52:51.365 29985 30098 V data    : Payload TX: 0
04-22 09:52:51.365 29985 30098 V data    : Total RX: 126202
04-22 09:52:51.365 29985 30098 V data    : Total TX: 122460
04-22 09:52:51.367 21460 30560 I chatty  : uid=10158 com.google.android.gms.persistent expire 32 lines
04-22 09:52:51.658 29985 30098 D connectedcrossroad: Data collect: HELO
04-22 09:52:51.658 29985 30098 V data    : Payload RX: 30
04-22 09:52:51.658 29985 30098 V data    : Payload TX: 0
04-22 09:52:51.658 29985 30098 V data    : Total RX: 126814
04-22 09:52:51.658 29985 30098 V data    : Total TX: 122460
04-22 09:52:52.431 29985 30098 D connectedcrossroad: Data collect: HELO
04-22 09:52:52.432 29985 30098 V data    : Payload RX: 30
04-22 09:52:52.432 29985 30098 V data    : Payload TX: 0
04-22 09:52:52.432 29985 30098 V data    : Total RX: 127426
04-22 09:52:52.432 29985 30098 V data    : Total TX: 124296
04-22 09:52:52.614     0     0 W swapper/1: type=1400 audit(0.0:2069): avc: denied { kill } for uid=0 capability=5 scontext=u:r:kernel:s0 tcontext=u:r:kernel:s0 tclass=capability permissive=0
04-22 09:52:52.722 24881 30588 I chatty  : uid=10158(com.google.android.gms) expire 2 lines
04-22 09:52:52.903 29985 30098 D connectedcrossroad: Data collect: HELO
04-22 09:52:52.903 29985 30098 V data    : Payload RX: 30
04-22 09:52:52.903 29985 30098 V data    : Payload TX: 0
04-22 09:52:52.903 29985 30098 V data    : Total RX: 128038
04-22 09:52:52.903 29985 30098 V data    : Total TX: 124296
04-22 09:52:53.364  2659  2659 I wpa_supplicant: TDLS: Failed to send message (action_code=14)
04-22 09:52:53.661 29985 30098 D connectedcrossroad: Data collect: HELO
04-22 09:52:53.661 29985 30098 V data    : Payload RX: 30
04-22 09:52:53.661 29985 30098 V data    : Payload TX: 0
04-22 09:52:53.661 29985 30098 V data    : Total RX: 128650
04-22 09:52:53.661 29985 30098 V data    : Total TX: 124296
04-22 09:52:54.245  2294 30589 I chatty  : uid=1002(bluetooth) com.android.bluetooth expire 2 lines
04-22 09:52:54.249  2294  2665 I chatty  : uid=1002(bluetooth) Binder:2294_4 expire 4 lines
04-22 09:52:54.254  2294  2294 I chatty  : uid=1002(bluetooth) com.android.bluetooth expire 2 lines
04-22 09:52:54.254  2313  2395 W BluetoothEventManager: AclStateChangedHandler: activeDevice is null
04-22 09:52:54.281  8057  8057 D MCLOG   : [MC_Service] onStartcommand()
04-22 09:52:54.285 21153 21380 I BistoWorker: bluetoothConnectionStateChanged. Action: android.bluetooth.device.action.ACL_DISCONNECTED
04-22 09:52:54.288  2294  2588 I chatty  : uid=1002(bluetooth) BluetoothScanMa expire 20 lines
04-22 09:52:54.289  2294  2322 I chatty  : uid=1002(bluetooth) Binder:2294_3 expire 10 lines
04-22 09:52:54.290 21153 21380 I DeviceDetector: Not bonded or not refresh cache.
04-22 09:52:54.290 21153 21380 I BistoWorker: Not a bisto device: 74:40:68:82:F5:A1
04-22 09:52:54.296 21460 21460 I chatty  : uid=10158 com.google.android.gms.persistent expire 3 lines
04-22 09:52:55.416 29985 30098 D connectedcrossroad: Data collect: HELO
04-22 09:52:55.416 29985 30098 V data    : Payload RX: 30
04-22 09:52:55.416 29985 30098 V data    : Payload TX: 0
04-22 09:52:55.416 29985 30098 V data    : Total RX: 129262
04-22 09:52:55.416 29985 30098 V data    : Total TX: 126132
04-22 09:52:55.715  2659  2659 I wpa_supplicant: TDLS: Failed to send message (action_code=14)
04-22 09:52:56.484 29985 30098 D connectedcrossroad: Data collect: HELO
04-22 09:52:56.484 29985 30098 V data    : Payload RX: 30
04-22 09:52:56.484 29985 30098 V data    : Payload TX: 0
04-22 09:52:56.484 29985 30098 V data    : Total RX: 130486
04-22 09:52:56.484 29985 30098 V data    : Total TX: 127968
04-22 09:52:56.487 29985 30098 D connectedcrossroad: Data collect: HELO
04-22 09:52:56.487 29985 30098 V data    : Payload RX: 30
04-22 09:52:56.487 29985 30098 V data    : Payload TX: 0
04-22 09:52:56.487 29985 30098 V data    : Total RX: 130486
04-22 09:52:56.487 29985 30098 V data    : Total TX: 127968
04-22 09:52:57.171  1749 11122 W ProcessStats: Tracking association SourceState{ecff641 com.google.android.gms.persistent/10158 ImpFg #80119} whose proc state 2 is better than process ProcessState{d084d42 com.google.android.gms/10158 pkg=com.google.android.gms} proc state 3 (15 skipped)
04-22 09:52:57.846 29985 30098 D connectedcrossroad: Data collect: HELO
04-22 09:52:57.846 29985 30098 V data    : Payload RX: 30
04-22 09:52:57.846 29985 30098 V data    : Payload TX: 0
04-22 09:52:57.846 29985 30098 V data    : Total RX: 131098
04-22 09:52:57.846 29985 30098 V data    : Total TX: 127968
04-22 09:52:57.989 21460 30461 I chatty  : uid=10158 com.google.android.gms.persistent expire 44 lines
04-22 09:52:58.354 21460 30435 I chatty  : uid=10158 com.google.android.gms.persistent expire 24 lines
04-22 09:52:58.741  2294  2614 I chatty  : uid=1002(bluetooth) btu message loo expire 37 lines
04-22 09:52:59.211 29985 30098 D connectedcrossroad: Data collect: HELO
04-22 09:52:59.211 29985 30098 V data    : Payload RX: 30
04-22 09:52:59.211 29985 30098 V data    : Payload TX: 0
04-22 09:52:59.211 29985 30098 V data    : Total RX: 131710
04-22 09:52:59.211 29985 30098 V data    : Total TX: 129804
04-22 09:52:59.663 29985 30098 D connectedcrossroad: Data collect: HELO
04-22 09:52:59.664 29985 30098 V data    : Payload RX: 30
04-22 09:52:59.664 29985 30098 V data    : Payload TX: 0
04-22 09:52:59.664 29985 30098 V data    : Total RX: 132322
04-22 09:52:59.664 29985 30098 V data    : Total TX: 129804
04-22 09:53:00.015  2313  2313 W View    : requestLayout() improperly called by com.android.systemui.statusbar.HeadsUpStatusBarView{e5b882e I.E...... ......ID 0,0-248,56 #7f0a01f7 app:id/heads_up_status_bar_view} during layout: running second layout pass
04-22 09:53:01.014   833  2705 E WifiHAL : Received LOG message with insufficent length: 24
04-22 09:53:01.014   833  2705 E WifiHAL : Received fatal event, sending alert
04-22 09:53:01.015  1749  2138 W WifiVendorHal: onDebugErrorAlert 4104
04-22 09:53:01.168 29985 30098 D connectedcrossroad: Data collect: HELO
04-22 09:53:01.168 29985 30098 V data    : Payload RX: 30
04-22 09:53:01.168 29985 30098 V data    : Payload TX: 0
04-22 09:53:01.168 29985 30098 V data    : Total RX: 132934
04-22 09:53:01.168 29985 30098 V data    : Total TX: 131640
04-22 09:53:02.067  2659  2659 I wpa_supplicant: TDLS: Failed to send message (action_code=14)
04-22 09:53:02.220 21460 30560 I chatty  : uid=10158 com.google.android.gms.persistent expire 14 lines
04-22 09:53:02.222 29985 30098 D connectedcrossroad: Data collect: HELO
04-22 09:53:02.222 29985 30098 V data    : Payload RX: 30
04-22 09:53:02.222 29985 30098 V data    : Payload TX: 0
04-22 09:53:02.222 29985 30098 V data    : Total RX: 133546
04-22 09:53:02.223 29985 30098 V data    : Total TX: 131640
04-22 09:53:02.617     0     0 W swapper/0: type=1400 audit(0.0:2070): avc: denied { kill } for uid=0 capability=5 scontext=u:r:kernel:s0 tcontext=u:r:kernel:s0 tclass=capability permissive=0
04-22 09:53:02.925  1749  1780 I UsageStatsService: User[0] Flushing usage stats to disk
04-22 09:53:02.963  2294  2358 I chatty  : uid=1002(bluetooth) BT Service Call expire 30 lines
04-22 09:53:02.969 21460 21649 I chatty  : uid=10158(com.google.android.gms) Binder:21460_7 expire 11 lines
04-22 09:53:02.978 29985 30098 D connectedcrossroad: Data collect: HELO
04-22 09:53:02.978 29985 30098 V data    : Payload RX: 30
04-22 09:53:02.978 29985 30098 V data    : Payload TX: 0
04-22 09:53:02.978 29985 30098 V data    : Total RX: 134158
04-22 09:53:02.978 29985 30098 V data    : Total TX: 133476
04-22 09:53:02.983  1749  1780 E AppIdleHistory: Error writing app idle file for user 0
04-22 09:53:03.334  3398  3398 D BluetoothA2dp: Binding service...
04-22 09:53:03.348  3398  3398 I BistoRealService: onStartCommand: 0 1 Intent { act=com.google.android.apps.gsa.broadcastreceiver.SETTINGS_CHANGED cmp=com.google.android.googlequicksearchbox/com.google.android.apps.gsa.staticplugins.bisto.BistoRealService (has extras) }
04-22 09:53:03.353  3398  3398 I BistoRealService: Intent handled internally
04-22 09:53:03.354  3398  3398 D BluetoothA2dp: Proxy object connected
04-22 09:53:03.796 29985 30098 D connectedcrossroad: Data collect: HELO
04-22 09:53:03.797 29985 30098 V data    : Payload RX: 30
04-22 09:53:03.797 29985 30098 V data    : Payload TX: 0
04-22 09:53:03.797 29985 30098 V data    : Total RX: 134770
04-22 09:53:03.797 29985 30098 V data    : Total TX: 133476
04-22 09:53:03.941  2659  2659 I wpa_supplicant: TDLS: Failed to send message (action_code=14)
04-22 09:53:04.378 21460 30599 I chatty  : uid=10158 com.google.android.gms.persistent expire 6 lines
04-22 09:53:04.381 21460 30600 I chatty  : uid=10158 com.google.android.gms.persistent expire 15 lines
04-22 09:53:04.817  2313  2395 W BluetoothEventManager: AclStateChangedHandler: activeDevice is null
04-22 09:53:04.822  2294 30601 I chatty  : uid=1002(bluetooth) com.android.bluetooth expire 2 lines
04-22 09:53:04.824  2294  2312 I chatty  : uid=1002(bluetooth) Binder:2294_2 expire 1 line
04-22 09:53:04.837  8057  8057 D MCLOG   : [MC_Service] onStartcommand()
04-22 09:53:04.852 21153 21380 I BistoWorker: bluetoothConnectionStateChanged. Action: android.bluetooth.device.action.ACL_CONNECTED
04-22 09:53:04.853 21153 21380 I BistoWorker: Ignoring non-bonded action android.bluetooth.device.action.ACL_CONNECTED for device 74:40:68:82:F5:A1
04-22 09:53:04.865 21460 30317 I chatty  : uid=10158 com.google.android.gms.persistent expire 1 line
04-22 09:53:05.179 29985 30098 D connectedcrossroad: Data collect: HELO
04-22 09:53:05.180 29985 30098 V data    : Payload RX: 30
04-22 09:53:05.180 29985 30098 V data    : Payload TX: 0
04-22 09:53:05.180 29985 30098 V data    : Total RX: 135382
04-22 09:53:05.180 29985 30098 V data    : Total TX: 135312
04-22 09:53:05.925 29985 30098 D connectedcrossroad: Data collect: HELO
04-22 09:53:05.926 29985 30098 V data    : Payload RX: 30
04-22 09:53:05.926 29985 30098 V data    : Payload TX: 0
04-22 09:53:05.926 29985 30098 V data    : Total RX: 135994
04-22 09:53:05.926 29985 30098 V data    : Total TX: 135312
04-22 09:53:06.082 21460 21617 I chatty  : uid=10158(com.google.android.gms) Binder:21460_5 expire 1 line
04-22 09:53:06.086  2294  2311 I chatty  : uid=1002(bluetooth) Binder:2294_1 expire 1 line
04-22 09:53:06.086  2294 30607 I chatty  : uid=1002(bluetooth) com.android.bluetooth expire 2 lines
04-22 09:53:06.086  2294 25465 I chatty  : uid=1002(bluetooth) Binder:2294_7 expire 1 line
04-22 09:53:06.095  2294  2614 I chatty  : uid=1002(bluetooth) btu message loo expire 3 lines
04-22 09:53:06.096  2294  2358 I chatty  : uid=1002(bluetooth) BT Service Call expire 2 lines
04-22 09:53:06.097  2294  2294 I chatty  : uid=1002(bluetooth) com.android.bluetooth expire 2 lines
04-22 09:53:06.098  2313  2395 W BluetoothEventManager: AclStateChangedHandler: activeDevice is null
04-22 09:53:06.115  8057  8057 D MCLOG   : [MC_Service] onStartcommand()
04-22 09:53:06.127 21153 21380 I BistoWorker: bluetoothConnectionStateChanged. Action: android.bluetooth.device.action.ACL_DISCONNECTED
04-22 09:53:06.132 21153 21380 I DeviceDetector: Not bonded or not refresh cache.
04-22 09:53:06.132 21153 21380 I BistoWorker: Not a bisto device: 74:40:68:82:F5:A1
04-22 09:53:06.227  2659  2659 I wpa_supplicant: TDLS: Failed to send message (action_code=14)
04-22 09:53:06.368 21460 30307 I chatty  : uid=10158 com.google.android.gms.persistent expire 2 lines
04-22 09:53:06.536 29985 30098 D connectedcrossroad: Data collect: HELO
04-22 09:53:06.537 29985 30098 V data    : Payload RX: 30
04-22 09:53:06.537 29985 30098 V data    : Payload TX: 0
04-22 09:53:06.537 29985 30098 V data    : Total RX: 136606
04-22 09:53:06.537 29985 30098 V data    : Total TX: 137148
04-22 09:53:06.878 21460 21645 I chatty  : uid=10158(com.google.android.gms) NearbyDiscovery expire 1 line
04-22 09:53:07.725 29985 30098 D connectedcrossroad: Data collect: HELO
04-22 09:53:07.725 29985 30098 V data    : Payload RX: 30
04-22 09:53:07.725 29985 30098 V data    : Payload TX: 0
04-22 09:53:07.725 29985 30098 V data    : Total RX: 137218
04-22 09:53:07.726 29985 30098 V data    : Total TX: 137148
04-22 09:53:08.318  2659  2659 I wpa_supplicant: TDLS: Failed to send message (action_code=14)
04-22 09:53:08.328 29985 30098 D connectedcrossroad: Data collect: HELO
04-22 09:53:08.328 29985 30098 V data    : Payload RX: 30
04-22 09:53:08.328 29985 30098 V data    : Payload TX: 0
04-22 09:53:08.329 29985 30098 V data    : Total RX: 137830
04-22 09:53:08.329 29985 30098 V data    : Total TX: 137148
04-22 09:53:08.334 21460 16751 I chatty  : uid=10158 com.google.android.gms.persistent expire 1 line
04-22 09:53:09.239 29985 30098 D connectedcrossroad: Data collect: HELO
04-22 09:53:09.240 29985 30098 V data    : Payload RX: 30
04-22 09:53:09.240 29985 30098 V data    : Payload TX: 0
04-22 09:53:09.240 29985 30098 V data    : Total RX: 138442
04-22 09:53:09.240 29985 30098 V data    : Total TX: 138984
04-22 09:53:09.353  1749 11122 W ProcessStats: Tracking association SourceState{ecff641 com.google.android.gms.persistent/10158 ImpFg #80152} whose proc state 2 is better than process ProcessState{d084d42 com.google.android.gms/10158 pkg=com.google.android.gms} proc state 3 (27 skipped)
04-22 09:53:09.701 29985 30098 D connectedcrossroad: Data collect: HELO
04-22 09:53:09.701 29985 30098 V data    : Payload RX: 30
04-22 09:53:09.701 29985 30098 V data    : Payload TX: 0
04-22 09:53:09.701 29985 30098 V data    : Total RX: 139054
04-22 09:53:09.701 29985 30098 V data    : Total TX: 138984
04-22 09:53:10.299 21460 30173 I chatty  : uid=10158 com.google.android.gms.persistent expire 2 lines
04-22 09:53:10.299 21460 30461 I chatty  : uid=10158 com.google.android.gms.persistent expire 4 lines
04-22 09:53:10.387 21460 30600 I chatty  : uid=10158 com.google.android.gms.persistent expire 46 lines
04-22 09:53:10.387 21460 30599 I chatty  : uid=10158 com.google.android.gms.persistent expire 43 lines
04-22 09:53:10.410 10059 30609 I chatty  : uid=10158 com.google.android.gms.unstable expire 2 lines
04-22 09:53:11.502 29985 30098 D connectedcrossroad: Data collect: HELO
04-22 09:53:11.502 29985 30098 V data    : Payload RX: 30
04-22 09:53:11.502 29985 30098 V data    : Payload TX: 0
04-22 09:53:11.502 29985 30098 V data    : Total RX: 139666
04-22 09:53:11.502 29985 30098 V data    : Total TX: 140820
04-22 09:53:11.768   833  2705 E WifiHAL : Received LOG message with insufficent length: 24
04-22 09:53:11.769   833  2705 E WifiHAL : Received fatal event, sending alert
04-22 09:53:11.770  1749 27554 W WifiVendorHal: onDebugErrorAlert 4104
04-22 09:53:12.102 29985 30098 D connectedcrossroad: Data collect: HELO
04-22 09:53:12.103 29985 30098 V data    : Payload RX: 30
04-22 09:53:12.103 29985 30098 V data    : Payload TX: 0
04-22 09:53:12.103 29985 30098 V data    : Total RX: 140278
04-22 09:53:12.103 29985 30098 V data    : Total TX: 140820
04-22 09:53:12.542  2659  2659 I wpa_supplicant: TDLS: Failed to send message (action_code=14)
04-22 09:53:12.621     0     0 W swapper/2: type=1400 audit(0.0:2071): avc: denied { kill } for uid=0 capability=5 scontext=u:r:kernel:s0 tcontext=u:r:kernel:s0 tclass=capability permissive=0
04-22 09:53:12.853 21460 30462 I chatty  : uid=10158(com.google.android.gms) highpool[177] expire 1 line
04-22 09:53:12.860 29985 30098 D connectedcrossroad: Data collect: HELO
04-22 09:53:12.860 29985 30098 V data    : Payload RX: 30
04-22 09:53:12.860 29985 30098 V data    : Payload TX: 0
04-22 09:53:12.860 29985 30098 V data    : Total RX: 140890
04-22 09:53:12.860 29985 30098 V data    : Total TX: 142656
04-22 09:53:13.752 29985 30098 D connectedcrossroad: Data collect: HELO
04-22 09:53:13.752 29985 30098 V data    : Payload RX: 30
04-22 09:53:13.753 29985 30098 V data    : Payload TX: 0
04-22 09:53:13.753 29985 30098 V data    : Total RX: 141502
04-22 09:53:13.753 29985 30098 V data    : Total TX: 142656
04-22 09:53:14.273  1749  5123 D WificondControl: Scan result ready event
04-22 09:53:14.295  1749  5123 W AppOps  : Noting op not finished: uid 10158 pkg com.google.android.gms code 79 time=1619099534002 duration=0
04-22 09:53:14.299  1749  5123 W AppOps  : Noting op not finished: uid 10158 pkg com.google.android.gms code 79 time=1619099594295 duration=0
04-22 09:53:14.378  2294  2614 I chatty  : uid=1002(bluetooth) btu message loo expire 5 lines
04-22 09:53:14.637  2659  2659 I wpa_supplicant: TDLS: Failed to send message (action_code=14)
04-22 09:53:14.723  2294  2358 I chatty  : uid=1002(bluetooth) BT Service Call expire 2 lines
04-22 09:53:14.724 21460 21629 I chatty  : uid=10158(com.google.android.gms) Binder:21460_6 expire 2 lines
04-22 09:53:14.724 21460 21649 I chatty  : uid=10158(com.google.android.gms) Binder:21460_7 expire 3 lines
04-22 09:53:14.846 21460 30560 I chatty  : uid=10158 com.google.android.gms.persistent expire 37 lines
04-22 09:53:14.851  2294  2614 I chatty  : uid=1002(bluetooth) btu message loo expire 1 line
04-22 09:53:14.854  2294  2311 I chatty  : uid=1002(bluetooth) Binder:2294_1 expire 2 lines
04-22 09:53:14.858  2294  2588 I chatty  : uid=1002(bluetooth) BluetoothScanMa expire 1 line
04-22 09:53:14.866  2294  2614 I chatty  : uid=1002(bluetooth) btu message loo expire 3 lines
04-22 09:53:14.871  2294  2665 I chatty  : uid=1002(bluetooth) Binder:2294_4 expire 2 lines
04-22 09:53:14.873  2294  2358 I chatty  : uid=1002(bluetooth) BT Service Call expire 1 line
04-22 09:53:14.879  2294  2588 I chatty  : uid=1002(bluetooth) BluetoothScanMa expire 4 lines
04-22 09:53:14.884  2294  2311 I chatty  : uid=1002(bluetooth) Binder:2294_1 expire 1 line
04-22 09:53:14.885  2294  2358 I chatty  : uid=1002(bluetooth) BT Service Call expire 4 lines
04-22 09:53:14.887  2294  2588 I chatty  : uid=1002(bluetooth) BluetoothScanMa expire 1 line
04-22 09:53:14.888  2294  2614 I chatty  : uid=1002(bluetooth) btu message loo expire 2 lines
04-22 09:53:14.890  2294  2358 I chatty  : uid=1002(bluetooth) BT Service Call expire 6 lines
04-22 09:53:14.893  2294  2588 I chatty  : uid=1002(bluetooth) BluetoothScanMa expire 1 line
04-22 09:53:14.894  2294  2614 I chatty  : uid=1002(bluetooth) btu message loo expire 2 lines
04-22 09:53:14.908  2294  2358 I chatty  : uid=1002(bluetooth) BT Service Call expire 2 lines
04-22 09:53:14.909  2294  2588 I chatty  : uid=1002(bluetooth) BluetoothScanMa expire 1 line
04-22 09:53:14.912  2294  2358 I chatty  : uid=1002(bluetooth) BT Service Call expire 3 lines
04-22 09:53:14.913  2294  2614 I chatty  : uid=1002(bluetooth) btu message loo expire 1 line
04-22 09:53:14.913  2294  2358 I chatty  : uid=1002(bluetooth) BT Service Call expire 3 lines
04-22 09:53:14.914  2294  2588 I chatty  : uid=1002(bluetooth) BluetoothScanMa expire 2 lines
04-22 09:53:14.921  2294  2358 I chatty  : uid=1002(bluetooth) BT Service Call expire 4 lines
04-22 09:53:14.925  2294  2588 I chatty  : uid=1002(bluetooth) BluetoothScanMa expire 3 lines
04-22 09:53:14.926 29985 30098 D connectedcrossroad: Data collect: HELO
04-22 09:53:14.927 29985 30098 V data    : Payload RX: 30
04-22 09:53:14.927 29985 30098 V data    : Payload TX: 0
04-22 09:53:14.927 29985 30098 V data    : Total RX: 142114
04-22 09:53:14.927 29985 30098 V data    : Total TX: 144492
04-22 09:53:14.930  2294  2358 I chatty  : uid=1002(bluetooth) BT Service Call expire 1 line
04-22 09:53:14.959  2294  2614 I chatty  : uid=1002(bluetooth) btu message loo expire 16 lines
04-22 09:53:15.058 21460 30175 I chatty  : uid=10158 com.google.android.gms.persistent expire 1 line
04-22 09:53:15.150  3398  3398 I BistoRealService: onStartCommand: 0 2 Intent { act=com.google.android.apps.gsa.broadcastreceiver.SETTINGS_CHANGED cmp=com.google.android.googlequicksearchbox/com.google.android.apps.gsa.staticplugins.bisto.BistoRealService (has extras) }
04-22 09:53:15.151  3398  3398 I BistoRealService: Intent handled internally
04-22 09:53:15.398 21460 29963 I chatty  : uid=10158 com.google.android.gms.persistent expire 1 line
04-22 09:53:15.440  2294  2358 I chatty  : uid=1002(bluetooth) BT Service Call expire 3 lines
04-22 09:53:15.488  2294  2614 I chatty  : uid=1002(bluetooth) btu message loo expire 5 lines
04-22 09:53:15.518  2294  2358 I chatty  : uid=1002(bluetooth) BT Service Call expire 5 lines
04-22 09:53:15.696 29985 30098 D connectedcrossroad: Data collect: HELO
04-22 09:53:15.697 29985 30098 V data    : Payload RX: 30
04-22 09:53:15.697 29985 30098 V data    : Payload TX: 0
04-22 09:53:15.697 29985 30098 V data    : Total RX: 142726
04-22 09:53:15.697 29985 30098 V data    : Total TX: 144492
04-22 09:53:15.844 21460 30307 I chatty  : uid=10158 com.google.android.gms.persistent expire 2 lines
04-22 09:53:16.887  2659  2659 I wpa_supplicant: TDLS: Failed to send message (action_code=14)
04-22 09:53:17.045 29985 30098 D connectedcrossroad: Data collect: HELO
04-22 09:53:17.046 29985 30098 V data    : Payload RX: 30
04-22 09:53:17.046 29985 30098 V data    : Payload TX: 0
04-22 09:53:17.046 29985 30098 V data    : Total RX: 143338
04-22 09:53:17.046 29985 30098 V data    : Total TX: 146328
04-22 09:53:17.336 24881 27597 I chatty  : uid=10158(com.google.android.gms) lowpool[26] expire 2 lines
04-22 09:53:17.495 21460 30462 I chatty  : uid=10158(com.google.android.gms) highpool[177] expire 1 line
04-22 09:53:17.953 29985 30098 D connectedcrossroad: Data collect: HELO
04-22 09:53:17.953 29985 30098 V data    : Payload RX: 30
04-22 09:53:17.953 29985 30098 V data    : Payload TX: 0
04-22 09:53:17.953 29985 30098 V data    : Total RX: 143950
04-22 09:53:17.953 29985 30098 V data    : Total TX: 146328
04-22 09:53:18.296  2294  2614 I chatty  : uid=1002(bluetooth) btu message loo expire 3 lines
04-22 09:53:18.711 29985 30098 D connectedcrossroad: Data collect: HELO
04-22 09:53:18.711 29985 30098 V data    : Payload RX: 30
04-22 09:53:18.712 29985 30098 V data    : Payload TX: 0
04-22 09:53:18.712 29985 30098 V data    : Total RX: 144562
04-22 09:53:18.712 29985 30098 V data    : Total TX: 148164
04-22 09:53:18.756  2294  2358 I chatty  : uid=1002(bluetooth) BT Service Call expire 6 lines
04-22 09:53:18.993  2659  2659 I wpa_supplicant: TDLS: Failed to send message (action_code=14)
04-22 09:53:19.313 29985 30098 D connectedcrossroad: Data collect: HELO
04-22 09:53:19.313 29985 30098 V data    : Payload RX: 30
04-22 09:53:19.313 29985 30098 V data    : Payload TX: 0
04-22 09:53:19.313 29985 30098 V data    : Total RX: 145174
04-22 09:53:19.313 29985 30098 V data    : Total TX: 148164
04-22 09:53:19.457 21460 30173 I chatty  : uid=10158 com.google.android.gms.persistent expire 1 line
04-22 09:53:19.662  2294  2614 I chatty  : uid=1002(bluetooth) btu message loo expire 8 lines
04-22 09:53:19.912 29985 30098 D connectedcrossroad: Data collect: HELO
04-22 09:53:19.912 29985 30098 V data    : Payload RX: 30
04-22 09:53:19.912 29985 30098 V data    : Payload TX: 0
04-22 09:53:19.912 29985 30098 V data    : Total RX: 145786
04-22 09:53:19.912 29985 30098 V data    : Total TX: 148164
04-22 09:53:20.516 29985 30098 D connectedcrossroad: Data collect: HELO
04-22 09:53:20.516 29985 30098 V data    : Payload RX: 30
04-22 09:53:20.517 29985 30098 V data    : Payload TX: 0
04-22 09:53:20.517 29985 30098 V data    : Total RX: 146398
04-22 09:53:20.517 29985 30098 V data    : Total TX: 150000
04-22 09:53:21.052  2508  2508 D QtiCarrierConfigHelper: WARNING, no carrier configs on phone Id: 0
04-22 09:53:21.108  2659  2659 I wpa_supplicant: TDLS: Failed to send message (action_code=14)
04-22 09:53:21.731 29985 30098 D connectedcrossroad: Data collect: HELO
04-22 09:53:21.731 29985 30098 V data    : Payload RX: 30
04-22 09:53:21.731 29985 30098 V data    : Payload TX: 0
04-22 09:53:21.731 29985 30098 V data    : Total RX: 147010
04-22 09:53:21.731 29985 30098 V data    : Total TX: 150000
04-22 09:53:22.435 21460 30600 I chatty  : uid=10158 com.google.android.gms.persistent expire 2 lines
04-22 09:53:22.435 21460 30560 I chatty  : uid=10158 com.google.android.gms.persistent expire 1 line
04-22 09:53:22.508  2294  2358 I chatty  : uid=1002(bluetooth) BT Service Call expire 4 lines
04-22 09:53:22.509 21460 21629 I chatty  : uid=10158(com.google.android.gms) Binder:21460_6 expire 7 lines
04-22 09:53:22.512  2294 30614 I chatty  : uid=1002(bluetooth) com.android.bluetooth expire 2 lines
04-22 09:53:22.516  2294 25465 I chatty  : uid=1002(bluetooth) Binder:2294_7 expire 1 line
04-22 09:53:22.518  2294  2614 I chatty  : uid=1002(bluetooth) btu message loo expire 2 lines
04-22 09:53:22.519  2294  2358 I chatty  : uid=1002(bluetooth) BT Service Call expire 2 lines
04-22 09:53:22.621     0     0 W swapper/0: type=1400 audit(0.0:2072): avc: denied { kill } for uid=0 capability=5 scontext=u:r:kernel:s0 tcontext=u:r:kernel:s0 tclass=capability permissive=0
04-22 09:53:22.628 21460 30600 I chatty  : uid=10158 com.google.android.gms.persistent expire 1 line
04-22 09:53:22.633 29985 30098 D connectedcrossroad: Data collect: HELO
04-22 09:53:22.633 29985 30098 V data    : Payload RX: 30
04-22 09:53:22.634 29985 30098 V data    : Payload TX: 0
04-22 09:53:22.634 29985 30098 V data    : Total RX: 147622
04-22 09:53:22.634 29985 30098 V data    : Total TX: 151836
04-22 09:53:22.661   833  2705 E WifiHAL : Received LOG message with insufficent length: 24
04-22 09:53:22.661   833  2705 E WifiHAL : Received fatal event, sending alert
04-22 09:53:22.662  1749 18151 W WifiVendorHal: onDebugErrorAlert 4104
04-22 09:53:22.702  2294  2614 I chatty  : uid=1002(bluetooth) btu message loo expire 16 lines
04-22 09:53:22.952  2294  2358 I chatty  : uid=1002(bluetooth) BT Service Call expire 10 lines
04-22 09:53:22.953 21460 21629 I chatty  : uid=10158(com.google.android.gms) Binder:21460_6 expire 2 lines
04-22 09:53:22.953 21460 21649 I chatty  : uid=10158(com.google.android.gms) Binder:21460_7 expire 2 lines
04-22 09:53:23.358  3398  3398 I BistoRealService: requestDestroy
04-22 09:53:23.364  3398  3398 I BistoRealService: onDestroy
04-22 09:53:23.368  2294  2614 I chatty  : uid=1002(bluetooth) btu message loo expire 11 lines
04-22 09:53:23.370  3398  3398 I BistoWiredManager: close
04-22 09:53:23.372  3398  3398 D BluetoothA2dp: Unbinding service...
04-22 09:53:23.377  3398  3398 I BistoClassicManager: close
04-22 09:53:23.988 21460 30560 I chatty  : uid=10158 com.google.android.gms.persistent expire 2 lines
04-22 09:53:23.989 21460 30462 I chatty  : uid=10158(com.google.android.gms) highpool[177] expire 1 line
04-22 09:53:23.999 29985 30098 D connectedcrossroad: Data collect: HELO
04-22 09:53:23.999 29985 30098 V data    : Payload RX: 30
04-22 09:53:24.000 29985 30098 V data    : Payload TX: 0
04-22 09:53:24.000 29985 30098 V data    : Total RX: 148234
04-22 09:53:24.000 29985 30098 V data    : Total TX: 151836
04-22 09:53:24.137 21460 30600 I chatty  : uid=10158 com.google.android.gms.persistent expire 28 lines
04-22 09:53:24.165  2294  2358 I chatty  : uid=1002(bluetooth) BT Service Call expire 8 lines
04-22 09:53:24.285 21460 30173 I chatty  : uid=10158 com.google.android.gms.persistent expire 1 line
04-22 09:53:24.445 21460 30599 I chatty  : uid=10158 com.google.android.gms.persistent expire 42 lines
04-22 09:53:25.177  2294  2614 I chatty  : uid=1002(bluetooth) btu message loo expire 10 lines
04-22 09:53:25.182 21460 21649 I chatty  : uid=10158(com.google.android.gms) Binder:21460_7 expire 3 lines
04-22 09:53:25.183 21460 21629 I chatty  : uid=10158(com.google.android.gms) Binder:21460_6 expire 1 line
04-22 09:53:25.184  2294 30620 I chatty  : uid=1002(bluetooth) com.android.bluetooth expire 2 lines
04-22 09:53:25.185  2294  2665 I chatty  : uid=1002(bluetooth) Binder:2294_4 expire 1 line
04-22 09:53:25.187  2294  2614 I chatty  : uid=1002(bluetooth) btu message loo expire 3 lines
04-22 09:53:25.187  2294  2358 I chatty  : uid=1002(bluetooth) BT Service Call expire 2 lines
04-22 09:53:25.351 21460 30618 I chatty  : uid=10158 com.google.android.gms.persistent expire 48 lines
04-22 09:53:25.355 29985 30098 D connectedcrossroad: Data collect: HELO
04-22 09:53:25.355 29985 30098 V data    : Payload RX: 30
04-22 09:53:25.355 29985 30098 V data    : Payload TX: 0
04-22 09:53:25.356 29985 30098 V data    : Total RX: 148846
04-22 09:53:25.356 29985 30098 V data    : Total TX: 153672
04-22 09:53:25.495  2659  2659 I wpa_supplicant: TDLS: Failed to send message (action_code=14)
04-22 09:53:25.685  2294  2614 I chatty  : uid=1002(bluetooth) btu message loo expire 1 line
04-22 09:53:25.958 21460 30307 I chatty  : uid=10158 com.google.android.gms.persistent expire 3 lines
04-22 09:53:26.566 29985 30098 D connectedcrossroad: Data collect: HELO
04-22 09:53:26.567 29985 30098 V data    : Payload RX: 30
04-22 09:53:26.567 29985 30098 V data    : Payload TX: 0
04-22 09:53:26.567 29985 30098 V data    : Total RX: 149458
04-22 09:53:26.567 29985 30098 V data    : Total TX: 155508
04-22 09:53:26.574 21460 21473 I chatty  : uid=10158(com.google.android.gms) HeapTaskDaemon expire 1 line
04-22 09:53:27.465  2659  2659 I wpa_supplicant: TDLS: Failed to send message (action_code=14)
04-22 09:53:27.780 29985 30098 D connectedcrossroad: Data collect: HELO
04-22 09:53:27.780 29985 30098 V data    : Payload RX: 30
04-22 09:53:27.780 29985 30098 V data    : Payload TX: 0
04-22 09:53:27.780 29985 30098 V data    : Total RX: 150070
04-22 09:53:27.780 29985 30098 V data    : Total TX: 155508
04-22 09:53:28.074 21460 30462 I chatty  : uid=10158(com.google.android.gms) highpool[177] expire 2 lines
04-22 09:53:29.268  2294  2358 I chatty  : uid=1002(bluetooth) BT Service Call expire 3 lines
04-22 09:53:29.450 29985 30098 D connectedcrossroad: Data collect: HELO
04-22 09:53:29.450 29985 30098 V data    : Payload RX: 30
04-22 09:53:29.450 29985 30098 V data    : Payload TX: 0
04-22 09:53:29.450 29985 30098 V data    : Total RX: 150682
04-22 09:53:29.450 29985 30098 V data    : Total TX: 157344
04-22 09:53:29.749 29985 30098 D connectedcrossroad: Data collect: HELO
04-22 09:53:29.749 29985 30098 V data    : Payload RX: 30
04-22 09:53:29.750 29985 30098 V data    : Payload TX: 0
04-22 09:53:29.750 29985 30098 V data    : Total RX: 151294
04-22 09:53:29.750 29985 30098 V data    : Total TX: 157344
04-22 09:53:30.212 29985 30098 D connectedcrossroad: Data collect: HELO
04-22 09:53:30.212 29985 30098 V data    : Payload RX: 30
04-22 09:53:30.213 29985 30098 V data    : Payload TX: 0
04-22 09:53:30.213 29985 30098 V data    : Total RX: 151906
04-22 09:53:30.213 29985 30098 V data    : Total TX: 157344
04-22 09:53:30.225 29985 30098 D connectedcrossroad: Data collect: HELO
04-22 09:53:30.225 21460 16751 I chatty  : uid=10158 com.google.android.gms.persistent expire 2 lines
04-22 09:53:30.225 29985 30098 V data    : Payload RX: 30
04-22 09:53:30.225 29985 30098 V data    : Payload TX: 0
04-22 09:53:30.225 29985 30098 V data    : Total RX: 152518
04-22 09:53:30.225 29985 30098 V data    : Total TX: 157344
04-22 09:53:30.334  2294  2311 I chatty  : uid=1002(bluetooth) Binder:2294_1 expire 1 line
04-22 09:53:30.345  2294  2614 I chatty  : uid=1002(bluetooth) btu message loo expire 5 lines
04-22 09:53:30.557 29985 30098 D connectedcrossroad: Data collect: HELO
04-22 09:53:30.558 29985 30098 V data    : Payload RX: 30
04-22 09:53:30.558 29985 30098 V data    : Payload TX: 0
04-22 09:53:30.558 29985 30098 V data    : Total RX: 153130
04-22 09:53:30.558 29985 30098 V data    : Total TX: 159180
04-22 09:53:30.560 21460 30173 I chatty  : uid=10158 com.google.android.gms.persistent expire 2 lines
04-22 09:53:30.678  1749  2054 D BatteryService: uevent={POWER_SUPPLY_DP_DM=0, POWER_SUPPLY_VOLTAGE_NOW=3779071, POWER_SUPPLY_SW_JEITA_ENABLED=0, POWER_SUPPLY_CHARGE_CONTROL_LIMIT_MAX=8, POWER_SUPPLY_RECHARGE_SOC=99, POWER_SUPPLY_HEALTH=Good, POWER_SUPPLY_TECHNOLOGY=Li-ion, POWER_SUPPLY_FCC_STEPPER_ENABLE=0, SEQNUM=613325, POWER_SUPPLY_INPUT_CURRENT_LIMITED=0, POWER_SUPPLY_CHARGE_CONTROL_LIMIT=0, POWER_SUPPLY_BATTERY_CHARGING_ENABLED=1, POWER_SUPPLY_STATUS=Discharging, POWER_SUPPLY_CYCLE_COUNT=1, POWER_SUPPLY_CURRENT_MAX=2000000, POWER_SUPPLY_CHARGE_TERM_CURRENT=-101, POWER_SUPPLY_CAPACITY=43, DEVPATH=/devices/platform/soc/200f000.qcom,spmi/spmi-0/spmi0-02/200f000.qcom,spmi:qcom,pmi632@2:qcom,qpnp-smb5/power_supply/battery, POWER_SUPPLY_CHARGE_DONE=0, POWER_SUPPLY_CHARGE_TYPE=N/A, POWER_SUPPLY_CHARGE_RATE=None, POWER_SUPPLY_CURRENT_NOW=-265350, POWER_SUPPLY_SYSTEM_TEMP_LEVEL=0, POWER_SUPPLY_PRESENT=1, POWER_SUPPLY_PARALLEL_DISABLE=0, POWER_SUPPLY_CHARGE_FULL=3615000, SUBSYSTEM=power_supply, POWER_SUPPLY_SET_SHIP_MODE=0, POWER_SUPPLY_TEMP=222, ACTION=change, POWER_SUPPLY_RERUN_AICL=0, POWER_SUPPLY_AGE=100, POWER_SUPPLY_NAME=battery, POWER_SUPPLY_VOLTAGE_MAX=-22, POWER_SUPPLY_CONSTANT_CHARGE_CURRENT_MAX=2000000, POWER_SUPPLY_CHARGE_COUNTER=1518300, POWER_SUPPLY_STEP_CHARGING_ENABLED=0, POWER_SUPPLY_NUM_SYSTEM_TEMP_LEVELS=8, POWER_SUPPLY_DIE_HEALTH=Hot, POWER_SUPPLY_INPUT_SUSPEND=0}
04-22 09:53:30.696  2508  2508 D QtiCarrierConfigHelper: WARNING, no carrier configs on phone Id: 0
04-22 09:53:30.847 29985 30098 D connectedcrossroad: Data collect: HELO
04-22 09:53:30.848 29985 30098 V data    : Payload RX: 30
04-22 09:53:30.848 29985 30098 V data    : Payload TX: 0
04-22 09:53:30.848 29985 30098 V data    : Total RX: 153742
04-22 09:53:30.849 29985 30098 V data    : Total TX: 159180
04-22 09:53:31.739  2294  2358 I chatty  : uid=1002(bluetooth) BT Service Call expire 4 lines
04-22 09:53:31.901  2659  2659 I wpa_supplicant: TDLS: Failed to send message (action_code=14)
04-22 09:53:32.217 29985 30098 D connectedcrossroad: Data collect: HELO
04-22 09:53:32.217 29985 30098 V data    : Payload RX: 30
04-22 09:53:32.218 29985 30098 V data    : Payload TX: 0
04-22 09:53:32.218 29985 30098 V data    : Total RX: 154966
04-22 09:53:32.218 29985 30098 V data    : Total TX: 159180
04-22 09:53:32.220 29985 30098 D connectedcrossroad: Data collect: HELO
04-22 09:53:32.220 29985 30098 V data    : Payload RX: 30
04-22 09:53:32.220 29985 30098 V data    : Payload TX: 0
04-22 09:53:32.220 29985 30098 V data    : Total RX: 154966
04-22 09:53:32.220 29985 30098 V data    : Total TX: 159180
04-22 09:53:32.226 29985 30098 D connectedcrossroad: Data collect: HELO
04-22 09:53:32.226 29985 30098 V data    : Payload RX: 30
04-22 09:53:32.226 29985 30098 V data    : Payload TX: 0
04-22 09:53:32.226 29985 30098 V data    : Total RX: 155578
04-22 09:53:32.226 29985 30098 V data    : Total TX: 159180
04-22 09:53:32.624     0     0 W swapper/2: type=1400 audit(0.0:2073): avc: denied { kill } for uid=0 capability=5 scontext=u:r:kernel:s0 tcontext=u:r:kernel:s0 tclass=capability permissive=0
04-22 09:53:32.665 29985 30098 D connectedcrossroad: Data collect: HELO
04-22 09:53:32.665 29985 30098 V data    : Payload RX: 30
04-22 09:53:32.665 29985 30098 V data    : Payload TX: 0
04-22 09:53:32.665 29985 30098 V data    : Total RX: 156190
04-22 09:53:32.665 29985 30098 V data    : Total TX: 161016
04-22 09:53:32.799   833  2705 E WifiHAL : Received LOG message with insufficent length: 24
04-22 09:53:32.799   833  2705 E WifiHAL : Received fatal event, sending alert
04-22 09:53:32.800  1749  1790 W WifiVendorHal: onDebugErrorAlert 4104
04-22 09:53:33.088  1749  1763 I system_server: Background concurrent copying GC freed 81716(5608KB) AllocSpace objects, 15(14MB) LOS objects, 42% free, 21MB/38MB, paused 134us total 164.110ms
04-22 09:53:33.628  2294  2614 I chatty  : uid=1002(bluetooth) btu message loo expire 3 lines
04-22 09:53:33.873  2659  2659 I wpa_supplicant: TDLS: Failed to send message (action_code=14)
04-22 09:53:33.884 29985 30098 D connectedcrossroad: Data collect: HELO
04-22 09:53:33.885 29985 30098 V data    : Payload RX: 30
04-22 09:53:33.885 29985 30098 V data    : Payload TX: 0
04-22 09:53:33.885 29985 30098 V data    : Total RX: 156802
04-22 09:53:33.885 29985 30098 V data    : Total TX: 161016
04-22 09:53:34.338 29985 30098 D connectedcrossroad: Data collect: HELO
04-22 09:53:34.338 29985 30098 V data    : Payload RX: 30
04-22 09:53:34.338 29985 30098 V data    : Payload TX: 0
04-22 09:53:34.338 29985 30098 V data    : Total RX: 157414
04-22 09:53:34.338 29985 30098 V data    : Total TX: 161016
04-22 09:53:34.471  2294  2358 I chatty  : uid=1002(bluetooth) BT Service Call expire 6 lines
04-22 09:53:34.474 21460 30600 I chatty  : uid=10158 com.google.android.gms.persistent expire 37 lines
04-22 09:53:35.543 21460 30599 I chatty  : uid=10158 com.google.android.gms.persistent expire 48 lines
04-22 09:53:35.548 29985 30098 D connectedcrossroad: Data collect: HELO
04-22 09:53:35.548 29985 30098 V data    : Payload RX: 30
04-22 09:53:35.548 29985 30098 V data    : Payload TX: 0
04-22 09:53:35.548 29985 30098 V data    : Total RX: 158026
04-22 09:53:35.548 29985 30098 V data    : Total TX: 162852
04-22 09:53:35.993  2659  2659 I wpa_supplicant: TDLS: Failed to send message (action_code=14)
04-22 09:53:36.316  2294  2614 I chatty  : uid=1002(bluetooth) btu message loo expire 5 lines
04-22 09:53:36.762 29985 30098 D connectedcrossroad: Data collect: HELO
04-22 09:53:36.762 29985 30098 V data    : Payload RX: 30
04-22 09:53:36.762 29985 30098 V data    : Payload TX: 0
04-22 09:53:36.762 29985 30098 V data    : Total RX: 159250
04-22 09:53:36.762 29985 30098 V data    : Total TX: 164688
04-22 09:53:36.765 29985 30098 D connectedcrossroad: Data collect: HELO
04-22 09:53:36.765 29985 30098 V data    : Payload RX: 30
04-22 09:53:36.765 29985 30098 V data    : Payload TX: 0
04-22 09:53:36.765 29985 30098 V data    : Total RX: 159250
04-22 09:53:36.765 29985 30098 V data    : Total TX: 164688
04-22 09:53:36.773 21460 16751 I chatty  : uid=10158 com.google.android.gms.persistent expire 5 lines
04-22 09:53:36.779 29985 30098 D connectedcrossroad: Data collect: HELO
04-22 09:53:36.779 29985 30098 V data    : Payload RX: 30
04-22 09:53:36.779 29985 30098 V data    : Payload TX: 0
04-22 09:53:36.779 29985 30098 V data    : Total RX: 159862
04-22 09:53:36.779 29985 30098 V data    : Total TX: 164688
04-22 09:53:36.911 29985 30098 D connectedcrossroad: Data collect: HELO
04-22 09:53:36.911 29985 30098 V data    : Payload RX: 30
04-22 09:53:36.911 29985 30098 V data    : Payload TX: 0
04-22 09:53:36.911 29985 30098 V data    : Total RX: 160474
04-22 09:53:36.911 29985 30098 V data    : Total TX: 164688
04-22 09:53:37.526 29985 30098 D connectedcrossroad: Data collect: HELO
04-22 09:53:37.527 29985 30098 V data    : Payload RX: 30
04-22 09:53:37.527 29985 30098 V data    : Payload TX: 0
04-22 09:53:37.527 29985 30098 V data    : Total RX: 161086
04-22 09:53:37.527 29985 30098 V data    : Total TX: 164688
04-22 09:53:37.668 21460 30462 I chatty  : uid=10158(com.google.android.gms) highpool[177] expire 2 lines
04-22 09:53:37.978 29985 30098 D connectedcrossroad: Data collect: HELO
04-22 09:53:37.979 29985 30098 V data    : Payload RX: 30
04-22 09:53:37.979 29985 30098 V data    : Payload TX: 0
04-22 09:53:37.979 29985 30098 V data    : Total RX: 161698
04-22 09:53:37.979 29985 30098 V data    : Total TX: 164688
04-22 09:53:38.116  2659  2659 I wpa_supplicant: TDLS: Failed to send message (action_code=14)
04-22 09:53:38.467 21460 30618 I chatty  : uid=10158 com.google.android.gms.persistent expire 55 lines
04-22 09:53:38.581 29985 30098 D connectedcrossroad: Data collect: HELO
04-22 09:53:38.581 29985 30098 V data    : Payload RX: 30
04-22 09:53:38.582 29985 30098 V data    : Payload TX: 0
04-22 09:53:38.582 29985 30098 V data    : Total RX: 162310
04-22 09:53:38.582 29985 30098 V data    : Total TX: 166524
04-22 09:53:39.165 21460 30625 I chatty  : uid=10158 com.google.android.gms.persistent expire 2 lines
04-22 09:53:39.179 29985 30098 D connectedcrossroad: Data collect: HELO
04-22 09:53:39.179 29985 30098 V data    : Payload RX: 30
04-22 09:53:39.179 29985 30098 V data    : Payload TX: 0
04-22 09:53:39.179 29985 30098 V data    : Total RX: 162922
04-22 09:53:39.179 29985 30098 V data    : Total TX: 166524
04-22 09:53:39.180 21460 30173 I chatty  : uid=10158 com.google.android.gms.persistent expire 2 lines
04-22 09:53:39.187 29985 30098 D connectedcrossroad: Data collect: HELO
04-22 09:53:39.187 29985 30098 V data    : Payload RX: 30
04-22 09:53:39.187 29985 30098 V data    : Payload TX: 0
04-22 09:53:39.187 29985 30098 V data    : Total RX: 163534
04-22 09:53:39.188 29985 30098 V data    : Total TX: 166524
04-22 09:53:39.790 29985 30098 D connectedcrossroad: Data collect: HELO
04-22 09:53:39.790 29985 30098 V data    : Payload RX: 30
04-22 09:53:39.790 29985 30098 V data    : Payload TX: 0
04-22 09:53:39.790 29985 30098 V data    : Total RX: 164146
04-22 09:53:39.791 29985 30098 V data    : Total TX: 166524
04-22 09:53:39.805 29985 30098 D connectedcrossroad: Data collect: HELO
04-22 09:53:39.805 29985 30098 V data    : Payload RX: 30
04-22 09:53:39.805 29985 30098 V data    : Payload TX: 0
04-22 09:53:39.805 29985 30098 V data    : Total RX: 164758
04-22 09:53:39.805 29985 30098 V data    : Total TX: 166524
04-22 09:53:40.540  2659  2659 I wpa_supplicant: TDLS: Failed to send message (action_code=14)
04-22 09:53:40.849 21460 30307 I chatty  : uid=10158 com.google.android.gms.persistent expire 2 lines
04-22 09:53:40.854 29985 30098 D connectedcrossroad: Data collect: HELO
04-22 09:53:40.854 29985 30098 V data    : Payload RX: 30
04-22 09:53:40.855 29985 30098 V data    : Payload TX: 0
04-22 09:53:40.855 29985 30098 V data    : Total RX: 165370
04-22 09:53:40.855 29985 30098 V data    : Total TX: 168360
04-22 09:53:41.505  2294  2358 I chatty  : uid=1002(bluetooth) BT Service Call expire 2 lines
04-22 09:53:41.916 29985 30098 D connectedcrossroad: Data collect: HELO
04-22 09:53:41.917 29985 30098 V data    : Payload RX: 30
04-22 09:53:41.917 29985 30098 V data    : Payload TX: 0
04-22 09:53:41.917 29985 30098 V data    : Total RX: 166594
04-22 09:53:41.917 29985 30098 V data    : Total TX: 168360
04-22 09:53:41.919 29985 30098 D connectedcrossroad: Data collect: HELO
04-22 09:53:41.919 29985 30098 V data    : Payload RX: 30
04-22 09:53:41.919 29985 30098 V data    : Payload TX: 0
04-22 09:53:41.919 29985 30098 V data    : Total RX: 166594
04-22 09:53:41.919 29985 30098 V data    : Total TX: 168360
04-22 09:53:41.924 29985 30098 D connectedcrossroad: Data collect: HELO
04-22 09:53:41.924 29985 30098 V data    : Payload RX: 30
04-22 09:53:41.924 29985 30098 V data    : Payload TX: 0
04-22 09:53:41.924 29985 30098 V data    : Total RX: 167206
04-22 09:53:41.925 29985 30098 V data    : Total TX: 168360
04-22 09:53:42.624     0     0 W swapper/3: type=1400 audit(0.0:2074): avc: denied { kill } for uid=0 capability=5 scontext=u:r:kernel:s0 tcontext=u:r:kernel:s0 tclass=capability permissive=0
04-22 09:53:43.575 29985 30098 D connectedcrossroad: Data collect: HELO
04-22 09:53:43.575 29985 30098 V data    : Payload RX: 30
04-22 09:53:43.575 29985 30098 V data    : Payload TX: 0
04-22 09:53:43.575 29985 30098 V data    : Total RX: 167818
04-22 09:53:43.575 29985 30098 V data    : Total TX: 170196
04-22 09:53:43.881 29985 30098 D connectedcrossroad: Data collect: HELO
04-22 09:53:43.881 29985 30098 V data    : Payload RX: 30
04-22 09:53:43.881 29985 30098 V data    : Payload TX: 0
04-22 09:53:43.882 29985 30098 V data    : Total RX: 169042
04-22 09:53:43.882 29985 30098 V data    : Total TX: 170196
04-22 09:53:43.883 29985 30098 D connectedcrossroad: Data collect: HELO
04-22 09:53:43.883 29985 30098 V data    : Payload RX: 30
04-22 09:53:43.883 29985 30098 V data    : Payload TX: 0
04-22 09:53:43.883 29985 30098 V data    : Total RX: 169042
04-22 09:53:43.884 29985 30098 V data    : Total TX: 170196
04-22 09:53:44.027 29985 30098 D connectedcrossroad: Data collect: HELO
04-22 09:53:44.027 29985 30098 V data    : Payload RX: 30
04-22 09:53:44.028 29985 30098 V data    : Payload TX: 0
04-22 09:53:44.028 29985 30098 V data    : Total RX: 169654
04-22 09:53:44.028 29985 30098 V data    : Total TX: 170196
04-22 09:53:45.072 21460 30175 I chatty  : uid=10158 com.google.android.gms.persistent expire 1 line
04-22 09:53:45.084 29985 30098 D connectedcrossroad: Data collect: HELO
04-22 09:53:45.084 29985 30098 V data    : Payload RX: 30
04-22 09:53:45.084 29985 30098 V data    : Payload TX: 0
04-22 09:53:45.085 29985 30098 V data    : Total RX: 170266
04-22 09:53:45.085 29985 30098 V data    : Total TX: 172032
04-22 09:53:45.412 21460 29963 I chatty  : uid=10158 com.google.android.gms.persistent expire 1 line
04-22 09:53:45.430   833  2705 E WifiHAL : Received LOG message with insufficent length: 24
04-22 09:53:45.430   833  2705 E WifiHAL : Received fatal event, sending alert
04-22 09:53:45.431  1749 27554 W WifiVendorHal: onDebugErrorAlert 4104
04-22 09:53:45.534 29985 30098 D connectedcrossroad: Data collect: HELO
04-22 09:53:45.534 29985 30098 V data    : Payload RX: 30
04-22 09:53:45.534 29985 30098 V data    : Payload TX: 0
04-22 09:53:45.534 29985 30098 V data    : Total RX: 170878
04-22 09:53:45.534 29985 30098 V data    : Total TX: 172032
04-22 09:53:46.135  2659  2659 I wpa_supplicant: TDLS: Failed to send message (action_code=14)
04-22 09:53:46.754 29985 30098 D connectedcrossroad: Data collect: HELO
04-22 09:53:46.754 29985 30098 V data    : Payload RX: 30
04-22 09:53:46.754 29985 30098 V data    : Payload TX: 0
