04-22 10:37:30.099   815   961 D audio_hw_primary: disable_snd_device: snd_device(136: voice-rec-mic)
04-22 10:37:30.101   815  1715 D audio_hw_primary: in_set_parameters: enter: kvpairs=routing=0
04-22 10:37:30.103 21153 21406 I MicrophoneInputStream: mic_close  SR : 16000 CC : 16 SO : 1999
04-22 10:37:30.103 21153 21406 E AudioSource: Stop listening is called on already closed AudioSource
04-22 10:37:30.104 21153  5104 I MicroRecognitionRunner: Detection finished
04-22 10:37:30.306  1749  3451 I WindowManager: Window drawn AppWindowToken{7a5d47e token=Token{e022639 ActivityRecord{9980e00 u0 com.motorola.launcher3/com.android.launcher3.CustomizationPanelLauncher t3}}}
04-22 10:37:30.628  1749  2749 V WindowManager: Changing focus from null to Window{2690484 u0 com.google.location.nearby.apps.connectedcrossroad/nx.aodv.eval.MainActivity} displayId=0
04-22 10:37:30.631  5212  5236 I chatty  : uid=10216(com.google.location.nearby.apps.connectedcrossroad) expire 5 lines
04-22 10:37:30.672   579   579 I hwservicemanager: getTransport: Cannot find entry android.hardware.graphics.mapper@3.0::IMapper/default in either framework or device manifest.
04-22 10:37:30.765  1749  1773 I LaunchCheckinHandler: Displayed com.google.location.nearby.apps.connectedcrossroad/nx.aodv.eval.MainActivity,cp,ca,834
04-22 10:37:30.766  1749  1773 I WindowManager: Window drawn AppWindowToken{14c0bc7 token=Token{316f906 ActivityRecord{47667e1 u0 com.google.location.nearby.apps.connectedcrossroad/nx.aodv.eval.MainActivity t34}}}
04-22 10:37:30.766  1749  1773 I WindowManager:   SURFACE show Surface(name=com.google.location.nearby.apps.connectedcrossroad/nx.aodv.eval.MainActivity)/@0x82f546d on display:0: com.google.location.nearby.apps.connectedcrossroad/nx.aodv.eval.MainActivity
04-22 10:37:30.768  1749  1780 I ActivityTaskManager: Displayed com.google.location.nearby.apps.connectedcrossroad/nx.aodv.eval.MainActivity: +857ms
04-22 10:37:30.778 21460 23866 I chatty  : uid=10158(com.google.android.gms) Binder:21460_D expire 10 lines
04-22 10:37:30.839 21153  5100 I PBSessionCacheImpl: Deleted sessionId[93033496809965084] from persistence.
04-22 10:37:31.172 21153 21380 W SearchServiceCore: Abort, client detached.
04-22 10:37:31.200 21153 21380 I MicroDetectionState: Should stop hotword detection immediately - false
04-22 10:37:32.585  1749  2054 D BatteryService: uevent={POWER_SUPPLY_DP_DM=0, POWER_SUPPLY_VOLTAGE_NOW=3756883, POWER_SUPPLY_SW_JEITA_ENABLED=0, POWER_SUPPLY_CHARGE_CONTROL_LIMIT_MAX=8, POWER_SUPPLY_RECHARGE_SOC=99, POWER_SUPPLY_HEALTH=Good, POWER_SUPPLY_TECHNOLOGY=Li-ion, POWER_SUPPLY_FCC_STEPPER_ENABLE=0, SEQNUM=618600, POWER_SUPPLY_INPUT_CURRENT_LIMITED=0, POWER_SUPPLY_CHARGE_CONTROL_LIMIT=0, POWER_SUPPLY_BATTERY_CHARGING_ENABLED=1, POWER_SUPPLY_STATUS=Discharging, POWER_SUPPLY_CYCLE_COUNT=1, POWER_SUPPLY_CURRENT_MAX=2000000, POWER_SUPPLY_CHARGE_TERM_CURRENT=-101, POWER_SUPPLY_CAPACITY=38, DEVPATH=/devices/platform/soc/200f000.qcom,spmi/spmi-0/spmi0-02/200f000.qcom,spmi:qcom,pmi632@2:qcom,qpnp-smb5/power_supply/battery, POWER_SUPPLY_CHARGE_DONE=0, POWER_SUPPLY_CHARGE_TYPE=N/A, POWER_SUPPLY_CHARGE_RATE=None, POWER_SUPPLY_CURRENT_NOW=-268249, POWER_SUPPLY_SYSTEM_TEMP_LEVEL=0, POWER_SUPPLY_PRESENT=1, POWER_SUPPLY_PARALLEL_DISABLE=0, POWER_SUPPLY_CHARGE_FULL=3615000, SUBSYSTEM=power_supply, POWER_SUPPLY_SET_SHIP_MODE=0, POWER_SUPPLY_TEMP=251, ACTION=change, POWER_SUPPLY_RERUN_AICL=0, POWER_SUPPLY_AGE=100, POWER_SUPPLY_NAME=battery, POWER_SUPPLY_VOLTAGE_MAX=-22, POWER_SUPPLY_CONSTANT_CHARGE_CURRENT_MAX=2000000, POWER_SUPPLY_CHARGE_COUNTER=1337550, POWER_SUPPLY_STEP_CHARGING_ENABLED=0, POWER_SUPPLY_NUM_SYSTEM_TEMP_LEVELS=8, POWER_SUPPLY_DIE_HEALTH=Hot, POWER_SUPPLY_INPUT_SUSPEND=0}
04-22 10:37:32.590  2508  2508 D QtiCarrierConfigHelper: WARNING, no carrier configs on phone Id: 0
04-22 10:37:33.147     0     0 W swapper/1: type=1400 audit(0.0:2322): avc: denied { kill } for uid=0 capability=5 scontext=u:r:kernel:s0 tcontext=u:r:kernel:s0 tclass=capability permissive=0
04-22 10:37:34.152  2997  2997 I KeyboardViewUtil: KeyboardViewUtil.getKeyboardHeightRatio():127 systemKeyboardHeightRatio:1.000000; userKeyboardHeightRatio:1.000000.
04-22 10:37:34.152  2997  2997 I AndroidIME: AbstractIme.onActivate():83 LatinIme.onActivate() : EditorInfo = Package = com.google.location.nearby.apps.connectedcrossroad : Type = Text : Learning = Enable : Suggestion = Show : AutoCorrection = Enable : Microphone = Show : NoPersonalizedLearning = Disable, IncognitoMode = false
04-22 10:37:34.152  2997  2997 I Delight5Facilitator: Delight5Facilitator.initializeForIme():574 initializeForIme() : Locale = [en_US], layout = qwerty
04-22 10:37:34.152  2997  2997 I VoiceInputManagerWrapper: VoiceInputManagerWrapper.cancelShutdown():54 cancelShutdown()
04-22 10:37:34.152  2997  2997 I VoiceInputManagerWrapper: VoiceInputManagerWrapper.syncLanguagePacks():66 syncLanguagePacks()
04-22 10:37:34.154  2997 25136 I SpeechFactory: SpeechRecognitionFactory.maybeScheduleAutoPackDownloadForFallback():155 maybeScheduleAutoPackDownloadForFallback()
04-22 10:37:34.154  2997 25136 I FallbackOnDeviceRecognitionProvider: FallbackOnDeviceRecognitionProvider.maybeScheduleAutoPackDownload():200 maybeScheduleAutoPackDownload() for language tag en-US
04-22 10:37:34.156  2997  2997 I KeyboardWrapper: KeyboardWrapper.consumeEvent():264 Skip consuming an event as current keyboard is deactivated (state=0, keyboard existence=true)
04-22 10:37:34.158  2997  2997 E KeyboardViewController: KeyboardViewController.clearSubViewControllerInternal():373 Clears keyboard sub view controller for keyboardType: null, viewType: HEADER, viewId: 2131432509(softkey_holder_fixed_candidates),which has not been set.
04-22 10:37:34.158  2997  2997 E KeyboardViewController: jjy
04-22 10:37:34.158  2997  2997 E KeyboardViewController: 	at djm.b(PG:17)
04-22 10:37:34.158  2997  2997 E KeyboardViewController: 	at djm.a(PG:12)
04-22 10:37:34.158  2997  2997 E KeyboardViewController: 	at bna.c(PG:99)
04-22 10:37:34.158  2997  2997 E KeyboardViewController: 	at com.google.android.apps.inputmethod.latin.keyboard.LatinSymbolsKeyboard.b(PG:19)
04-22 10:37:34.158  2997  2997 E KeyboardViewController: 	at dkc.a(PG:38)
04-22 10:37:34.158  2997  2997 E KeyboardViewController: 	at dia.a(PG:44)
04-22 10:37:34.158  2997  2997 E KeyboardViewController: 	at dkc.a(PG:52)
04-22 10:37:34.158  2997  2997 E KeyboardViewController: 	at dfq.a(PG:29)
04-22 10:37:34.158  2997  2997 E KeyboardViewController: 	at dfq.C(PG:22)
04-22 10:37:34.158  2997  2997 E KeyboardViewController: 	at dfu.d(PG:11)
04-22 10:37:34.158  2997  2997 E KeyboardViewController: 	at dfu.b(PG:109)
04-22 10:37:34.158  2997  2997 E KeyboardViewController: 	at com.android.inputmethod.latin.LatinIME.b(PG:333)
04-22 10:37:34.158  2997  2997 E KeyboardViewController: 	at dew.onStartInputView(PG:755)
04-22 10:37:34.158  2997  2997 E KeyboardViewController: 	at android.inputmethodservice.InputMethodService.startViews(InputMethodService.java:2001)
04-22 10:37:34.158  2997  2997 E KeyboardViewController: 	at android.inputmethodservice.InputMethodService.showWindow(InputMethodService.java:1930)
04-22 10:37:34.158  2997  2997 E KeyboardViewController: 	at android.inputmethodservice.InputMethodService$InputMethodImpl.showSoftInput(InputMethodService.java:648)
04-22 10:37:34.158  2997  2997 E KeyboardViewController: 	at android.inputmethodservice.IInputMethodWrapper.executeMessage(IInputMethodWrapper.java:220)
04-22 10:37:34.158  2997  2997 E KeyboardViewController: 	at com.android.internal.os.HandlerCaller$MyHandler.handleMessage(HandlerCaller.java:44)
04-22 10:37:34.158  2997  2997 E KeyboardViewController: 	at android.os.Handler.dispatchMessage(Handler.java:107)
04-22 10:37:34.158  2997  2997 E KeyboardViewController: 	at android.os.Looper.loop(Looper.java:241)
04-22 10:37:34.158  2997  2997 E KeyboardViewController: 	at android.app.ActivityThread.main(ActivityThread.java:7604)
04-22 10:37:34.158  2997  2997 E KeyboardViewController: 	at java.lang.reflect.Method.invoke(Native Method)
04-22 10:37:34.158  2997  2997 E KeyboardViewController: 	at com.android.internal.os.RuntimeInit$MethodAndArgsCaller.run(RuntimeInit.java:492)
04-22 10:37:34.158  2997  2997 E KeyboardViewController: 	at com.android.internal.os.ZygoteInit.main(ZygoteInit.java:941)
04-22 10:37:34.185  2997  2997 W KeyboardModeManager: KeyboardModeManager.setInputView():359 setInputView() : inputView = com.google.android.apps.inputmethod.libs.framework.core.InputView{a223891 V.E...... ......ID 0,0-720,1380}
04-22 10:37:34.188  2997  2997 I ConversationToQueryExtension: ConversationToQueryExtension.isEnabledForHostApp():254 Conv2Query not enabled due to current app [com.google.location.nearby.apps.connectedcrossroad] not in whitelist
04-22 10:37:34.188  2997  2997 I ConversationToQueryExtension: ConversationToQueryExtension.onActivate():165 onActivate() : Disabled by unsupported host app
04-22 10:37:34.226  1749  1773 I WindowManager:   SURFACE show Surface(name=InputMethod)/@0xad49b50 on display:0: InputMethod
04-22 10:37:35.940  2997  9985 I TiresiasImpl: TiresiasImpl.resetSession():1228 resetSession(): Reset failed, no active session.
04-22 10:37:35.962  2997  2997 I ShortcutsDataManager: ShortcutsDataManager.onContentChanged():89 onContentChanged()
04-22 10:37:37.140  2997  2997 I KeyboardWrapper: KeyboardWrapper.consumeEvent():264 Skip consuming an event as current keyboard is deactivated (state=0, keyboard existence=true)
04-22 10:37:37.140  2997  2997 I VoiceInputManagerWrapper: VoiceInputManagerWrapper.shutdown():76 shutdown()
04-22 10:37:37.141  2997  2997 I AndroidIME: AbstractIme.onDeactivate():145 LatinIme.onDeactivate()
04-22 10:37:37.212  1749  1749 D BluetoothManagerService: Bluetooth Adapter name changed to ImI2WDVbye0AAAAAAAAAATI
04-22 10:37:37.212  1749  1749 D BluetoothManagerService: Stored Bluetooth name: ImI2WDVbye0AAAAAAAAAATI
04-22 10:37:37.213  1749  1749 V SettingsProvider: Notifying for 0: content://settings/secure/bluetooth_name
04-22 10:37:37.221 21460 21477 I chatty  : uid=10158(com.google.android.gms) Binder:21460_1 expire 10 lines
04-22 10:37:37.223  2294  2614 I chatty  : uid=1002(bluetooth) btu message loo expire 123 lines
04-22 10:37:37.224  2294  2358 I chatty  : uid=1002(bluetooth) BT Service Call expire 105 lines
04-22 10:37:37.571  1749  2257 D NsdService: Register service
04-22 10:37:37.571  1749  2257 D NsdService: registerService: 17 name: ImI2WDVbye0AAA, type: _5BC9ED5E6C75._tcp, host: null, port: 38079, txtRecord: n=MgIPv4=192.168.1.65
04-22 10:37:37.571  1749  2257 D NsdService: mdnssd [register, 17, ImI2WDVbye0AAA, _5BC9ED5E6C75._tcp, 38079, BG49TWcRSVB2ND0xOTIuMTY4LjEuNjU=]
04-22 10:37:37.572   728  1296 D MDnsDS  : serviceRegister(17, (null), ImI2WDVbye0AAA, _5BC9ED5E6C75._tcp, (null), (null), 38079, 23, <binary>)
04-22 10:37:37.574   728  1296 D MDnsDS  : startMonitoring 17
04-22 10:37:37.574   728  1296 D MDnsDS  : triggering rescan
04-22 10:37:37.574   728  1296 D MDnsDS  : serviceRegister successful
04-22 10:37:37.574   728  1295 D MDnsDS  : Monitor poll got data pollCount = 1, 1
04-22 10:37:37.574   728  1295 D MDnsDS  : controlSocket shows revent= 1
04-22 10:37:37.574   728  1295 D MDnsDS  : MDnsSdListener::Monitor got 1
04-22 10:37:37.574   728  1295 D MDnsDS  : MDnsSdListener::Monitor poll rescanning - size=10, live=1
04-22 10:37:37.574   728  1295 D MDnsDS  : Going to poll with pollCount 2
04-22 10:37:37.575  1749  2257 D NsdService: Register 17 17
04-22 10:37:38.094  2997  2997 I ShortcutsDataManager: AbstractContentDataManager.startImportContentTask():208 startImportContentTask()
04-22 10:37:38.116  2997  2997 I KeyboardViewUtil: KeyboardViewUtil.getKeyboardHeightRatio():127 systemKeyboardHeightRatio:1.000000; userKeyboardHeightRatio:1.000000.
04-22 10:37:38.116  2997  2997 I AndroidIME: AbstractIme.onActivate():83 LatinIme.onActivate() : EditorInfo = Package = com.google.location.nearby.apps.connectedcrossroad : Type = Text : Learning = Enable : Suggestion = Show : AutoCorrection = Enable : Microphone = Show : NoPersonalizedLearning = Disable, IncognitoMode = false
04-22 10:37:38.117  2997  2997 I Delight5Facilitator: Delight5Facilitator.initializeForIme():574 initializeForIme() : Locale = [en_US], layout = qwerty
04-22 10:37:38.117  2997  2997 I VoiceInputManagerWrapper: VoiceInputManagerWrapper.cancelShutdown():54 cancelShutdown()
04-22 10:37:38.117  2997  2997 I VoiceInputManagerWrapper: VoiceInputManagerWrapper.syncLanguagePacks():66 syncLanguagePacks()
04-22 10:37:38.117  2997 25136 I SpeechFactory: SpeechRecognitionFactory.maybeScheduleAutoPackDownloadForFallback():155 maybeScheduleAutoPackDownloadForFallback()
04-22 10:37:38.117  2997 25136 I FallbackOnDeviceRecognitionProvider: FallbackOnDeviceRecognitionProvider.maybeScheduleAutoPackDownload():200 maybeScheduleAutoPackDownload() for language tag en-US
04-22 10:37:38.119  2997  2997 I KeyboardWrapper: KeyboardWrapper.consumeEvent():264 Skip consuming an event as current keyboard is deactivated (state=0, keyboard existence=true)
04-22 10:37:38.120  2997  2997 E KeyboardViewController: KeyboardViewController.clearSubViewControllerInternal():373 Clears keyboard sub view controller for keyboardType: null, viewType: HEADER, viewId: 2131432509(softkey_holder_fixed_candidates),which has not been set.
04-22 10:37:38.120  2997  2997 E KeyboardViewController: jjy
04-22 10:37:38.120  2997  2997 E KeyboardViewController: 	at djm.b(PG:17)
04-22 10:37:38.120  2997  2997 E KeyboardViewController: 	at djm.a(PG:12)
04-22 10:37:38.120  2997  2997 E KeyboardViewController: 	at bna.c(PG:99)
04-22 10:37:38.120  2997  2997 E KeyboardViewController: 	at com.google.android.apps.inputmethod.latin.keyboard.LatinSymbolsKeyboard.b(PG:19)
04-22 10:37:38.120  2997  2997 E KeyboardViewController: 	at dkc.a(PG:38)
04-22 10:37:38.120  2997  2997 E KeyboardViewController: 	at dia.a(PG:44)
04-22 10:37:38.120  2997  2997 E KeyboardViewController: 	at dkc.a(PG:52)
04-22 10:37:38.120  2997  2997 E KeyboardViewController: 	at dfq.a(PG:29)
04-22 10:37:38.120  2997  2997 E KeyboardViewController: 	at dfq.C(PG:22)
04-22 10:37:38.120  2997  2997 E KeyboardViewController: 	at dfu.d(PG:11)
04-22 10:37:38.120  2997  2997 E KeyboardViewController: 	at dfu.b(PG:109)
04-22 10:37:38.120  2997  2997 E KeyboardViewController: 	at com.android.inputmethod.latin.LatinIME.b(PG:333)
04-22 10:37:38.120  2997  2997 E KeyboardViewController: 	at dew.onStartInputView(PG:755)
04-22 10:37:38.120  2997  2997 E KeyboardViewController: 	at android.inputmethodservice.InputMethodService.startViews(InputMethodService.java:2001)
04-22 10:37:38.120  2997  2997 E KeyboardViewController: 	at android.inputmethodservice.InputMethodService.showWindow(InputMethodService.java:1930)
04-22 10:37:38.120  2997  2997 E KeyboardViewController: 	at android.inputmethodservice.InputMethodService$InputMethodImpl.showSoftInput(InputMethodService.java:648)
04-22 10:37:38.120  2997  2997 E KeyboardViewController: 	at android.inputmethodservice.IInputMethodWrapper.executeMessage(IInputMethodWrapper.java:220)
04-22 10:37:38.120  2997  2997 E KeyboardViewController: 	at com.android.internal.os.HandlerCaller$MyHandler.handleMessage(HandlerCaller.java:44)
04-22 10:37:38.120  2997  2997 E KeyboardViewController: 	at android.os.Handler.dispatchMessage(Handler.java:107)
04-22 10:37:38.120  2997  2997 E KeyboardViewController: 	at android.os.Looper.loop(Looper.java:241)
04-22 10:37:38.120  2997  2997 E KeyboardViewController: 	at android.app.ActivityThread.main(ActivityThread.java:7604)
04-22 10:37:38.120  2997  2997 E KeyboardViewController: 	at java.lang.reflect.Method.invoke(Native Method)
04-22 10:37:38.120  2997  2997 E KeyboardViewController: 	at com.android.internal.os.RuntimeInit$MethodAndArgsCaller.run(RuntimeInit.java:492)
04-22 10:37:38.120  2997  2997 E KeyboardViewController: 	at com.android.internal.os.ZygoteInit.main(ZygoteInit.java:941)
04-22 10:37:38.135  2997  2997 W KeyboardModeManager: KeyboardModeManager.setInputView():359 setInputView() : inputView = com.google.android.apps.inputmethod.libs.framework.core.InputView{a223891 V.E...... ......ID 0,0-720,1380}
04-22 10:37:38.136  2997  2997 I ConversationToQueryExtension: ConversationToQueryExtension.isEnabledForHostApp():254 Conv2Query not enabled due to current app [com.google.location.nearby.apps.connectedcrossroad] not in whitelist
04-22 10:37:38.136  2997  2997 I ConversationToQueryExtension: ConversationToQueryExtension.onActivate():165 onActivate() : Disabled by unsupported host app
04-22 10:37:38.141  2997  3624 I ShortcutsDataManager: AbstractContentDataManager$ImportContentTask.doInBackground():222 doInBackground()
04-22 10:37:38.141  2997  3624 I PersonalDictionaryDataHandler: PersonalDictionaryDataHandler.beginProcess():111 LanguageTags = [en-US]
04-22 10:37:38.169  1749  1773 I WindowManager:   SURFACE show Surface(name=InputMethod)/@0xb7f36e0 on display:0: InputMethod
04-22 10:37:38.190  2997  3624 I ShortcutsDataManager: AbstractContentDataManager.importRecords():312 importRecords() : Success : Count = 0
04-22 10:37:38.195  2997  3624 I ShortcutsDataManager: AbstractContentDataManager.importContentData():262 importContentData() : Ending import process
04-22 10:37:38.212  2997  3624 I PersonalLanguageModelUpdater: PersonalLanguageModelUpdater$UpdateOperation.performInternal():160 run() : Added 0 words and 0 shortcuts
04-22 10:37:38.212  2997  3624 I DynamicLanguageModelOperation: DynamicLanguageModelOperation.perform():37 perform() : 4 : chw : Completed
04-22 10:37:38.212  2997  3983 I Delight5Decoder: Delight5DecoderWrapper.loadLanguageModel():551 loadLanguageModel() : 4, version [n/a]
04-22 10:37:38.212  2997  2997 I ShortcutsDataManager: AbstractContentDataManager$ImportContentTask.onPostExecute():233 onPostExecute() : Result = [2,0]
04-22 10:37:38.212  2997  2997 I ShortcutsDataManager: ShortcutsDataManager.onImportFinished():99 onImportFinished() : Result = 2 : Count = 0
04-22 10:37:38.213  2997  3983 I Delight5Decoder: Delight5DecoderWrapper.loadLanguageModel():589 Loaded dynamic LM 4.en
04-22 10:37:38.287   728  1295 D MDnsDS  : Monitor poll got data pollCount = 2, 1
04-22 10:37:38.287   728  1295 D MDnsDS  : Monitor found [1].revents = 1 - calling ProcessResults
04-22 10:37:38.287   728  1295 D MDnsDS  : register succeeded for 17 as ImI2WDVbye0AAA
04-22 10:37:38.287   728  1295 D MDnsDS  : controlSocket shows revent= 0
04-22 10:37:38.287   728  1295 D MDnsDS  : Going to poll with pollCount 2
04-22 10:37:38.288  1749  2257 D NsdService: Native daemon message SERVICE_REGISTERED: 606 17 "ImI2WDVbye0AAA"
04-22 10:37:38.338  2294  2322 I chatty  : uid=1002(bluetooth) Binder:2294_3 expire 6 lines
04-22 10:37:38.406  1749  2039 I WifiService: acquireMulticastLock uid=10158
04-22 10:37:38.960  2313  2395 D CachedBluetoothDevice: Device name: Ilo2Rzlbye0AAAAAAAAAATE
04-22 10:37:38.983  2294 25465 I chatty  : uid=1002(bluetooth) Binder:2294_7 expire 10 lines
04-22 10:37:39.005 21460  5308 I chatty  : uid=10158 com.google.android.gms.persistent expire 23 lines
04-22 10:37:39.440  2997  9985 I TiresiasImpl: TiresiasImpl.resetSession():1228 resetSession(): Reset failed, no active session.
04-22 10:37:39.542 21460  5313 I chatty  : uid=10158(com.google.android.gms) highpool[282] expire 21 lines
04-22 10:37:40.155  2997  2997 I KeyboardWrapper: KeyboardWrapper.consumeEvent():264 Skip consuming an event as current keyboard is deactivated (state=0, keyboard existence=true)
04-22 10:37:40.155  2997  2997 I VoiceInputManagerWrapper: VoiceInputManagerWrapper.shutdown():76 shutdown()
04-22 10:37:40.156  2997  2997 I AndroidIME: AbstractIme.onDeactivate():145 LatinIme.onDeactivate()
04-22 10:37:40.197  2997  2997 I KeyboardViewUtil: KeyboardViewUtil.getKeyboardHeightRatio():127 systemKeyboardHeightRatio:1.000000; userKeyboardHeightRatio:1.000000.
04-22 10:37:40.197  2997  2997 I AndroidIME: AbstractIme.onActivate():83 LatinIme.onActivate() : EditorInfo = Package = com.google.location.nearby.apps.connectedcrossroad : Type = Text : Learning = Enable : Suggestion = Show : AutoCorrection = Enable : Microphone = Show : NoPersonalizedLearning = Disable, IncognitoMode = false
04-22 10:37:40.197  2997  2997 I Delight5Facilitator: Delight5Facilitator.initializeForIme():574 initializeForIme() : Locale = [en_US], layout = qwerty
04-22 10:37:40.198  2997  2997 I VoiceInputManagerWrapper: VoiceInputManagerWrapper.cancelShutdown():54 cancelShutdown()
04-22 10:37:40.198  2997  2997 I VoiceInputManagerWrapper: VoiceInputManagerWrapper.syncLanguagePacks():66 syncLanguagePacks()
04-22 10:37:40.198  2997 25136 I SpeechFactory: SpeechRecognitionFactory.maybeScheduleAutoPackDownloadForFallback():155 maybeScheduleAutoPackDownloadForFallback()
04-22 10:37:40.198  2997 25136 I FallbackOnDeviceRecognitionProvider: FallbackOnDeviceRecognitionProvider.maybeScheduleAutoPackDownload():200 maybeScheduleAutoPackDownload() for language tag en-US
04-22 10:37:40.200  2997  2997 I KeyboardWrapper: KeyboardWrapper.consumeEvent():264 Skip consuming an event as current keyboard is deactivated (state=0, keyboard existence=true)
04-22 10:37:40.202  2997  2997 E KeyboardViewController: KeyboardViewController.clearSubViewControllerInternal():373 Clears keyboard sub view controller for keyboardType: null, viewType: HEADER, viewId: 2131432509(softkey_holder_fixed_candidates),which has not been set.
04-22 10:37:40.202  2997  2997 E KeyboardViewController: jjy
04-22 10:37:40.202  2997  2997 E KeyboardViewController: 	at djm.b(PG:17)
04-22 10:37:40.202  2997  2997 E KeyboardViewController: 	at djm.a(PG:12)
04-22 10:37:40.202  2997  2997 E KeyboardViewController: 	at bna.c(PG:99)
04-22 10:37:40.202  2997  2997 E KeyboardViewController: 	at com.google.android.apps.inputmethod.latin.keyboard.LatinSymbolsKeyboard.b(PG:19)
04-22 10:37:40.202  2997  2997 E KeyboardViewController: 	at dkc.a(PG:38)
04-22 10:37:40.202  2997  2997 E KeyboardViewController: 	at dia.a(PG:44)
04-22 10:37:40.202  2997  2997 E KeyboardViewController: 	at dkc.a(PG:52)
04-22 10:37:40.202  2997  2997 E KeyboardViewController: 	at dfq.a(PG:29)
04-22 10:37:40.202  2997  2997 E KeyboardViewController: 	at dfq.C(PG:22)
04-22 10:37:40.202  2997  2997 E KeyboardViewController: 	at dfu.d(PG:11)
04-22 10:37:40.202  2997  2997 E KeyboardViewController: 	at dfu.b(PG:109)
04-22 10:37:40.202  2997  2997 E KeyboardViewController: 	at com.android.inputmethod.latin.LatinIME.b(PG:333)
04-22 10:37:40.202  2997  2997 E KeyboardViewController: 	at dew.onStartInputView(PG:755)
04-22 10:37:40.202  2997  2997 E KeyboardViewController: 	at android.inputmethodservice.InputMethodService.doStartInput(InputMethodService.java:2153)
04-22 10:37:40.202  2997  2997 E KeyboardViewController: 	at android.inputmethodservice.InputMethodService$InputMethodImpl.startInput(InputMethodService.java:566)
04-22 10:37:40.202  2997  2997 E KeyboardViewController: 	at android.inputmethodservice.InputMethodService$InputMethodImpl.dispatchStartInputWithToken(InputMethodService.java:595)
04-22 10:37:40.202  2997  2997 E KeyboardViewController: 	at android.inputmethodservice.IInputMethodWrapper.executeMessage(IInputMethodWrapper.java:194)
04-22 10:37:40.202  2997  2997 E KeyboardViewController: 	at com.android.internal.os.HandlerCaller$MyHandler.handleMessage(HandlerCaller.java:44)
04-22 10:37:40.202  2997  2997 E KeyboardViewController: 	at android.os.Handler.dispatchMessage(Handler.java:107)
04-22 10:37:40.202  2997  2997 E KeyboardViewController: 	at android.os.Looper.loop(Looper.java:241)
04-22 10:37:40.202  2997  2997 E KeyboardViewController: 	at android.app.ActivityThread.main(ActivityThread.java:7604)
04-22 10:37:40.202  2997  2997 E KeyboardViewController: 	at java.lang.reflect.Method.invoke(Native Method)
04-22 10:37:40.202  2997  2997 E KeyboardViewController: 	at com.android.internal.os.RuntimeInit$MethodAndArgsCaller.run(RuntimeInit.java:492)
04-22 10:37:40.202  2997  2997 E KeyboardViewController: 	at com.android.internal.os.ZygoteInit.main(ZygoteInit.java:941)
04-22 10:37:40.229  2997  2997 W KeyboardModeManager: KeyboardModeManager.setInputView():359 setInputView() : inputView = com.google.android.apps.inputmethod.libs.framework.core.InputView{a223891 V.E...... ......ID 0,0-720,1380}
04-22 10:37:40.232  2997  2997 I ConversationToQueryExtension: ConversationToQueryExtension.isEnabledForHostApp():254 Conv2Query not enabled due to current app [com.google.location.nearby.apps.connectedcrossroad] not in whitelist
04-22 10:37:40.232  2997  2997 I ConversationToQueryExtension: ConversationToQueryExtension.onActivate():165 onActivate() : Disabled by unsupported host app
04-22 10:37:40.493  8057  8057 D MCLOG   : [MC_Service] onStartcommand()
04-22 10:37:40.516 21460  5187 I chatty  : uid=10158 com.google.android.gms.persistent expire 10 lines
04-22 10:37:40.520 21153 21380 I BistoWorker: bluetoothConnectionStateChanged. Action: android.bluetooth.device.action.ACL_CONNECTED
04-22 10:37:40.521 21153 21380 I BistoWorker: Ignoring non-bonded action android.bluetooth.device.action.ACL_CONNECTED for device 58:CB:52:5B:BF:2C
04-22 10:37:42.151  2997  9985 I TiresiasImpl: TiresiasImpl.resetSession():1228 resetSession(): Reset failed, no active session.
04-22 10:37:42.158  2997  3983 I native  : dynamic-oov-words.cc:213 AddPendingWords: 2 -> 0 0 ms
04-22 10:37:42.540  2997  9985 I TiresiasImpl: TiresiasImpl.resetSession():1228 resetSession(): Reset failed, no active session.
04-22 10:37:42.962   833  2705 E WifiHAL : Received fatal event, sending alert
04-22 10:37:42.964  1749 27554 W WifiVendorHal: onDebugErrorAlert 4104
04-22 10:37:43.087  2294  2363 I chatty  : uid=1002(bluetooth) BondStateMachin expire 18 lines
04-22 10:37:43.088  2294  2294 I chatty  : uid=1002(bluetooth) com.android.bluetooth expire 11 lines
04-22 10:37:43.088  1749  1781 W BroadcastQueue: Background execution not allowed: receiving Intent { act=android.bluetooth.device.action.BOND_STATE_CHANGED flg=0x10 (has extras) } to com.google.android.gms/.chimera.GmsIntentOperationService$PersistentTrustedReceiver
04-22 10:37:43.088  1749  1781 W BroadcastQueue: Background execution not allowed: receiving Intent { act=android.bluetooth.device.action.BOND_STATE_CHANGED flg=0x10 (has extras) } to com.google.android.googlequicksearchbox/com.google.android.apps.gsa.broadcastreceiver.external.ExternalCommonBroadcastReceiver
04-22 10:37:43.088  3398  3398 I GsaVoiceInteractionSrv: O received Intent { act=android.bluetooth.device.action.BOND_STATE_CHANGED flg=0x10 (has extras) }
04-22 10:37:43.112 21153 21380 I BistoWorker: bluetoothConnectionStateChanged. Action: android.bluetooth.device.action.BOND_STATE_CHANGED
04-22 10:37:43.113 21460 21645 I chatty  : uid=10158(com.google.android.gms) NearbyDiscovery expire 14 lines
04-22 10:37:43.117 21153 21380 I DeviceDetector: Not bonded or not refresh cache.
04-22 10:37:43.117 21153 21380 I BistoWorker: Not a bisto device: 58:CB:52:5B:BF:2C
04-22 10:37:43.123  2997  9985 I TiresiasImpl: TiresiasImpl.resetSession():1228 resetSession(): Reset failed, no active session.
04-22 10:37:43.147     0     0 W swapper/0: type=1400 audit(0.0:2323): avc: denied { kill } for uid=0 capability=5 scontext=u:r:kernel:s0 tcontext=u:r:kernel:s0 tclass=capability permissive=0
04-22 10:37:43.291  2997  9985 I TiresiasImpl: TiresiasImpl.resetSession():1228 resetSession(): Reset failed, no active session.
04-22 10:37:43.507  2997  9985 I TiresiasImpl: TiresiasImpl.resetSession():1228 resetSession(): Reset failed, no active session.
04-22 10:37:44.127  2659  2659 I wpa_supplicant: TDLS: Failed to send message (action_code=14)
04-22 10:37:44.147   728  1298 D NetdFwmarkServer: Cmd 0: 0, 10158: UserP=3, fwmark=1F0064
04-22 10:37:44.154  1749  9826 I WifiService: enableTdls uid=10158 enable=true
04-22 10:37:44.158  1749   552 I WifiService: enableTdlsWithMacAddress uid=1000 enable=true
04-22 10:37:44.159  2659  2659 I wpa_supplicant: TDLS: Failed to send message (action_code=10)
04-22 10:37:44.159  2659  2659 I wpa_supplicant: StaIface: TDLS discover failed: -1
04-22 10:37:44.269  3398  3398 I GsaVoiceInteractionSrv: O received Intent { act=android.bluetooth.device.action.BOND_STATE_CHANGED flg=0x10 (has extras) }
04-22 10:37:44.272  1749  1781 W BroadcastQueue: Background execution not allowed: receiving Intent { act=android.bluetooth.device.action.BOND_STATE_CHANGED flg=0x10 (has extras) } to com.google.android.gms/.chimera.GmsIntentOperationService$PersistentTrustedReceiver
04-22 10:37:44.274  2294  5354 I chatty  : uid=1002(bluetooth) com.android.bluetooth expire 2 lines
04-22 10:37:44.281  1749  1781 W BroadcastQueue: Background execution not allowed: receiving Intent { act=android.bluetooth.device.action.BOND_STATE_CHANGED flg=0x10 (has extras) } to com.google.android.googlequicksearchbox/com.google.android.apps.gsa.broadcastreceiver.external.ExternalCommonBroadcastReceiver
04-22 10:37:44.291  8057  8057 D MCLOG   : [MC_Service] onStartcommand()
04-22 10:37:44.297  2313  2395 W BluetoothEventManager: showUnbondMessage: Not displaying any message for reason: 9
04-22 10:37:44.366 21153 21380 I BistoWorker: bluetoothConnectionStateChanged. Action: android.bluetooth.device.action.BOND_STATE_CHANGED
04-22 10:37:44.372 21153 21380 I DeviceDetector: Not bonded or not refresh cache.
04-22 10:37:44.457   728  2384 I netd    : trafficSwapActiveStatsMap() <8.49ms>
04-22 10:37:44.470   728  2384 I netd    : tetherGetStats() <4.40ms>
04-22 10:37:44.491   728  2384 I netd    : bandwidthSetGlobalAlert(2097152) <0.46ms>
04-22 10:37:44.523 29193 29193 I Finsky  : [2] ahaz.a(4): SCH: onJobSchedulerWakeup with jobId 9000
04-22 10:37:44.646  1749  9826 D WificondControl: Scan result ready event
04-22 10:37:44.722 29193 29193 I Finsky  : [2] aguz.handleMessage(4): SCH: DeviceState: DeviceState{currentTime=1619102264713, isCharging=false, isIdle=false, netAny=true, netNotRoaming=true, netUnmetered=true, batteryPercent=38.0}
04-22 10:37:44.755 29193  5173 I Finsky  : [3069] agxj.b(5): SCH: Jobs in database: 1-1337 3-25 12-1 26-1414141414 
04-22 10:37:44.771 29193 29193 I Finsky  : [2] agva.m(9): SCH: Running job: 12-1
04-22 10:37:44.774 29193 29193 I Finsky  : [2] ContentSyncJob.s(1): [ContentSync] job started
04-22 10:37:44.774  2997  9985 I TiresiasImpl: TiresiasImpl.resetSession():1228 resetSession(): Reset failed, no active session.
04-22 10:37:44.777 29193 29193 I Finsky  : [2] aguz.handleMessage(29): SCH: RunningQueue size: 1, PendingQueue size: 0
04-22 10:37:44.777 29193 29193 I Finsky  : [2] aguz.handleMessage(32): SCH: Running queue: 12-1 
04-22 10:37:45.028 29193  5197 I Finsky  : [3074] hop.b(1): Completed 0 account content syncs with 0 successful.
04-22 10:37:45.029 29193 29193 I Finsky  : [2] ContentSyncJob.a(1): [ContentSync] Installation state replication succeeded.
04-22 10:37:45.030 29193 29193 I Finsky  : [2] agwa.n(4): SCH: jobFinished: 12-1. TimeElapsed: 258ms.
04-22 10:37:45.031 29193 29193 I Finsky  : [2] agva.b(3): SCH: Job 12-1 finished. Not rescheduling.
04-22 10:37:45.031 29193 29193 I Finsky  : [2] aguz.handleMessage(29): SCH: RunningQueue size: 0, PendingQueue size: 0
04-22 10:37:45.032 29193 29193 I Finsky  : [2] aguz.handleMessage(10): SCH: Executor finished
04-22 10:37:45.045 29193 29193 I Finsky  : [2] agxj.b(5): SCH: Jobs in database: 1-1337 3-25 26-1414141414 
04-22 10:37:45.050 29193 29193 I Finsky  : [2] agvn.h(37): SCH: ConstraintMapping: 1-1337,  -> L: 28970746ms, D: 72170746ms, C: false, I: false, N: 1
04-22 10:37:45.050 29193 29193 I Finsky  : [2] agvn.h(37): SCH: ConstraintMapping: 3-25,  -> L: 0ms, D: 83340841ms, C: true, I: true, N: 2
04-22 10:37:45.051 29193 29193 I Finsky  : [2] agvn.h(37): SCH: ConstraintMapping: 26-1414141414,  -> L: 41587235ms, D: 42487235ms, C: false, I: false, N: 0
04-22 10:37:45.061 29193 29193 I Finsky  : [2] agvn.j(7): SCH: Cancelling existing jobscheduler jobs: 9002 9005 
04-22 10:37:45.063 29193 29193 I Finsky  : [2] agvn.i(11): SCH: Scheduling job Id: 9001, L: 28970746, D: 72170746, C: false, I: false, N: 1
04-22 10:37:45.066 29193 29193 I Finsky  : [2] agvn.e(4): SCH: Throttling wakeup for job 9003 (expected to run in 0 ms) due to recent wakeup
04-22 10:37:45.067 29193 29193 I Finsky  : [2] agvn.i(11): SCH: Scheduling job Id: 9003, L: 30000, D: 83340841, C: true, I: true, N: 2
04-22 10:37:45.070 29193 29193 I Finsky  : [2] agvn.i(11): SCH: Scheduling job Id: 9004, L: 41587235, D: 42487235, C: false, I: false, N: 0
04-22 10:37:45.500  1749  5605 I WifiService: enableTdls uid=10158 enable=false
04-22 10:37:45.503  1749   552 I WifiService: enableTdlsWithMacAddress uid=1000 enable=false
04-22 10:37:45.514  2997  2997 I KeyboardWrapper: KeyboardWrapper.consumeEvent():264 Skip consuming an event as current keyboard is deactivated (state=0, keyboard existence=true)
04-22 10:37:45.514  2997  2997 I VoiceInputManagerWrapper: VoiceInputManagerWrapper.shutdown():76 shutdown()
04-22 10:37:45.515  2997  2997 I AndroidIME: AbstractIme.onDeactivate():145 LatinIme.onDeactivate()
04-22 10:37:46.406  2659  2659 I wpa_supplicant: TDLS: Failed to send message (action_code=14)
04-22 10:37:46.926 21460  5361 I chatty  : uid=10158 com.google.android.gms.persistent expire 39 lines
04-22 10:37:46.950 21460 23866 I chatty  : uid=10158(com.google.android.gms) Binder:21460_D expire 10 lines
04-22 10:37:47.099   728  5363 E ResolverController: No valid NAT64 prefix (100, <unspecified>/0)
04-22 10:37:47.169 21460 21708 I chatty  : uid=10158(com.google.android.gms) Thread-17 expire 6 lines
04-22 10:37:47.628 21460 21664 I chatty  : uid=10158(com.google.android.gms) NearbyMessages expire 4 lines
04-22 10:37:47.837  5212  5297 I chatty  : uid=10216(com.google.location.nearby.apps.connectedcrossroad) expire 36 lines
04-22 10:37:49.167  5212  5292 I chatty  : uid=10216(com.google.location.nearby.apps.connectedcrossroad) expire 10 lines
04-22 10:37:49.730  3398  3398 I BistoRealService: requestDestroy
04-22 10:37:49.736  3398  3398 I BistoRealService: onDestroy
04-22 10:37:49.740  3398  3398 I BistoWiredManager: close
04-22 10:37:49.742  3398  3398 D BluetoothA2dp: Unbinding service...
04-22 10:37:49.746  3398  3398 I BistoClassicManager: close
04-22 10:37:49.991 29193 29230 I Finsky  : [2848] pjq.run(3): Stats for Executor: BlockingExecutor plw@1985378[Running, pool size = 3, active threads = 0, queued tasks = 0, completed tasks = 381]
04-22 10:37:49.992 29193 29230 I Finsky  : [2848] pjq.run(3): Stats for Executor: LightweightExecutor plw@e1a4a51[Running, pool size = 4, active threads = 0, queued tasks = 0, completed tasks = 363]
04-22 10:37:50.215 29193 29230 I Finsky  : [2848] pjq.run(3): Stats for Executor: bgExecutor plw@f7c82b6[Running, pool size = 4, active threads = 0, queued tasks = 0, completed tasks = 519]
04-22 10:37:51.226 21460  5381 I chatty  : uid=10158 com.google.android.gms.persistent expire 4 lines
04-22 10:37:51.398  2294  2358 I chatty  : uid=1002(bluetooth) BT Service Call expire 55 lines
04-22 10:37:51.399  2294  2614 I chatty  : uid=1002(bluetooth) btu message loo expire 30 lines
04-22 10:37:51.408  2313  2395 W BluetoothEventManager: AclStateChangedHandler: activeDevice is null
04-22 10:37:51.410  2294  2358 D bt_btif_gatt: btapp_gatts_handle_cback: Empty event (16)!
04-22 10:37:51.413  2294  2665 D BtGatt.GattService: discoverServices() - address=42:46:1A:9F:0A:F5, connId=266
04-22 10:37:51.444  8057  8057 D MCLOG   : [MC_Service] onStartcommand()
04-22 10:37:51.451 21460  5374 I chatty  : uid=10158 com.google.android.gms.persistent expire 1 line
04-22 10:37:51.454 21153 21380 I BistoWorker: bluetoothConnectionStateChanged. Action: android.bluetooth.device.action.ACL_CONNECTED
04-22 10:37:51.455 21153 21380 I BistoWorker: Ignoring non-bonded action android.bluetooth.device.action.ACL_CONNECTED for device 42:46:1A:9F:0A:F5
04-22 10:37:51.489  2294  2614 I bt_stack: [INFO:gatt_main.cc(919)] gatt_data_process op_code = 17, msg_len = 19
04-22 10:37:51.586  2294  2614 I bt_stack: [INFO:gatt_main.cc(919)] gatt_data_process op_code = 17, msg_len = 7
04-22 10:37:51.587  2294  2614 I bt_stack: [INFO:gatt_api.cc(635)] GATTC_Discover conn_id=0x010a, disc_type=3, s_handle=0x0001, e_handle=0x0003
04-22 10:37:51.687  2294  2358 D BtGatt.GattService: onServerConnUpdate() - connId=264, status=0
04-22 10:37:51.687  2294  2358 D BtGatt.GattService: onServerConnUpdate() - connId=265, status=0
04-22 10:37:51.688  2294  2358 D BtGatt.GattService: onClientConnUpdate() - connId=266, status=0
04-22 10:37:51.785  2294  2614 I bt_stack: [INFO:gatt_main.cc(919)] gatt_data_process op_code = 1, msg_len = 4
04-22 10:37:51.785  2294  2614 I bt_stack: [INFO:gatt_api.cc(635)] GATTC_Discover conn_id=0x010a, disc_type=4, s_handle=0x0001, e_handle=0x0003
04-22 10:37:51.931  2294  2614 I bt_stack: [INFO:gatt_main.cc(919)] gatt_data_process op_code = 9, msg_len = 8
04-22 10:37:52.026  2294  2614 I bt_stack: [INFO:gatt_main.cc(919)] gatt_data_process op_code = 1, msg_len = 4
04-22 10:37:52.027  2294  2614 I bt_stack: [INFO:gatt_api.cc(635)] GATTC_Discover conn_id=0x010a, disc_type=3, s_handle=0x0014, e_handle=0x001a
04-22 10:37:52.123  2294  2614 I bt_stack: [INFO:gatt_main.cc(919)] gatt_data_process op_code = 1, msg_len = 4
04-22 10:37:52.123  2294  2614 I bt_stack: [INFO:gatt_api.cc(635)] GATTC_Discover conn_id=0x010a, disc_type=4, s_handle=0x0014, e_handle=0x001a
04-22 10:37:52.225  2294  2358 D BtGatt.GattService: onServerConnUpdate() - connId=264, status=0
04-22 10:37:52.225  2294  2358 D BtGatt.GattService: onServerConnUpdate() - connId=265, status=0
04-22 10:37:52.225  2294  2358 D BtGatt.GattService: onClientConnUpdate() - connId=266, status=0
04-22 10:37:52.226 21460 21477 I chatty  : uid=10158(com.google.android.gms) Binder:21460_1 expire 13 lines
04-22 10:37:52.287  2294  2614 I bt_stack: [INFO:gatt_main.cc(919)] gatt_data_process op_code = 9, msg_len = 22
04-22 10:37:52.317  2294  2614 I bt_stack: [INFO:gatt_main.cc(919)] gatt_data_process op_code = 1, msg_len = 4
04-22 10:37:52.317  2294  2614 I bt_stack: [INFO:gatt_api.cc(635)] GATTC_Discover conn_id=0x010a, disc_type=3, s_handle=0x0028, e_handle=0x002d
04-22 10:37:52.339  2294  2614 I bt_stack: [INFO:gatt_main.cc(919)] gatt_data_process op_code = 1, msg_len = 4
04-22 10:37:52.340  2294  2614 I bt_stack: [INFO:gatt_api.cc(635)] GATTC_Discover conn_id=0x010a, disc_type=4, s_handle=0x0028, e_handle=0x002d
04-22 10:37:52.352  2294  2614 I bt_stack: [INFO:gatt_main.cc(919)] gatt_data_process op_code = 9, msg_len = 22
04-22 10:37:52.356 21460  5313 I chatty  : uid=10158(com.google.android.gms) highpool[282] expire 10 lines
04-22 10:37:52.375  2294  2614 I bt_stack: [INFO:gatt_main.cc(919)] gatt_data_process op_code = 9, msg_len = 22
04-22 10:37:52.392  2294  2614 I bt_stack: [INFO:gatt_main.cc(919)] gatt_data_process op_code = 1, msg_len = 4
04-22 10:37:52.392  2294  2614 I bt_stack: [INFO:gatt_api.cc(635)] GATTC_Discover conn_id=0x010a, disc_type=5, s_handle=0x002b, e_handle=0x002b
04-22 10:37:52.407  2294  2614 I bt_stack: [INFO:gatt_main.cc(919)] gatt_data_process op_code = 5, msg_len = 5
04-22 10:37:52.407  2294  2614 I bt_stack: [INFO:gatt_api.cc(635)] GATTC_Discover conn_id=0x010a, disc_type=3, s_handle=0x002e, e_handle=0xffff
04-22 10:37:52.438  2294  2614 I bt_stack: [INFO:gatt_main.cc(919)] gatt_data_process op_code = 1, msg_len = 4
04-22 10:37:52.438  2294  2614 I bt_stack: [INFO:gatt_api.cc(635)] GATTC_Discover conn_id=0x010a, disc_type=4, s_handle=0x002e, e_handle=0xffff
04-22 10:37:52.476  2294  2614 I bt_stack: [INFO:gatt_main.cc(919)] gatt_data_process op_code = 9, msg_len = 22
04-22 10:37:52.562  2294  2614 I bt_stack: [INFO:gatt_main.cc(919)] gatt_data_process op_code = 9, msg_len = 22
04-22 10:37:52.584  2294  2614 I bt_stack: [INFO:gatt_main.cc(919)] gatt_data_process op_code = 1, msg_len = 4
04-22 10:37:52.584  2294  2614 I bt_stack: [INFO:gatt_api.cc(635)] GATTC_Discover conn_id=0x010a, disc_type=5, s_handle=0x0039, e_handle=0xffff
04-22 10:37:52.613 21460  5365 I chatty  : uid=10158 com.google.android.gms.persistent expire 11 lines
04-22 10:37:52.614  2294  2614 I bt_stack: [INFO:gatt_main.cc(919)] gatt_data_process op_code = 1, msg_len = 4
04-22 10:37:52.614  2294  2614 I bt_stack: [INFO:bta_gattc_cache.cc(183)] bta_gattc_explore_srvc_finished: service discovery finished
04-22 10:37:52.615  2294  2358 D BtGatt.GattService: onSearchCompleted() - connId=266, status=0
04-22 10:37:52.616  2294  2358 E bt_btif_gattc: btif_gattc_upstreams_evt: Unhandled event (8)!
04-22 10:37:52.616  2294  2358 D bt_bta_gattc: bta_gattc_get_gatt_db
04-22 10:37:52.618  2294  2358 D BtGatt.GattService: onGetGattDb() - address=42:46:1A:9F:0A:F5
04-22 10:37:52.618  2294  2358 D BtGatt.GattService: got service with UUID=00001801-0000-1000-8000-00805f9b34fb id: 1
04-22 10:37:52.618  2294  2358 D BtGatt.GattService: got characteristic with UUID=00002a05-0000-1000-8000-00805f9b34fb id: 3
04-22 10:37:52.618  2294  2358 D BtGatt.GattService: got service with UUID=00001800-0000-1000-8000-00805f9b34fb id: 20
04-22 10:37:52.618  2294  2358 D BtGatt.GattService: got characteristic with UUID=00002a00-0000-1000-8000-00805f9b34fb id: 22
04-22 10:37:52.618  2294  2358 D BtGatt.GattService: got characteristic with UUID=00002a01-0000-1000-8000-00805f9b34fb id: 24
04-22 10:37:52.618  2294  2358 D BtGatt.GattService: got characteristic with UUID=00002aa6-0000-1000-8000-00805f9b34fb id: 26
04-22 10:37:52.618  2294  2358 D BtGatt.GattService: got service with UUID=0000fef3-0000-1000-8000-00805f9b34fb id: 40
04-22 10:37:52.618  2294  2358 D BtGatt.GattService: got characteristic with UUID=00000100-0004-1000-8000-001a11000102 id: 42
04-22 10:37:52.618  2294  2358 D BtGatt.GattService: got descriptor with UUID=00002902-0000-1000-8000-00805f9b34fb id: 43
04-22 10:37:52.618  2294  2358 D BtGatt.GattService: got characteristic with UUID=00000100-0004-1000-8000-001a11000101 id: 45
04-22 10:37:52.618  2294  2358 D BtGatt.GattService: got service with UUID=0000fef3-0000-1000-8000-00805f9b34fb id: 46
04-22 10:37:52.619  2294  2358 D BtGatt.GattService: got characteristic with UUID=00000000-0000-3000-8000-000000000001 id: 48
04-22 10:37:52.619  2294  2358 D BtGatt.GattService: got characteristic with UUID=00000000-0000-3000-8000-000000000003 id: 50
04-22 10:37:52.619  2294  2358 D BtGatt.GattService: got characteristic with UUID=00000000-0000-3000-8000-000000000000 id: 52
04-22 10:37:52.619  2294  2358 D BtGatt.GattService: got characteristic with UUID=00000000-0000-3000-8000-000000000004 id: 54
04-22 10:37:52.619  2294  2358 D BtGatt.GattService: got characteristic with UUID=00000000-0000-3000-8000-000000000002 id: 56
04-22 10:37:52.644  2294  2614 I bt_stack: [INFO:gatt_main.cc(919)] gatt_data_process op_code = 11, msg_len = 22
04-22 10:37:52.659  2294  2614 I bt_stack: [INFO:gatt_main.cc(919)] gatt_data_process op_code = 13, msg_len = 6
04-22 10:37:52.691  2294  2614 I bt_stack: [INFO:gatt_main.cc(919)] gatt_data_process op_code = 11, msg_len = 0
04-22 10:37:52.698  2294  2358 D BtGatt.GattService: onServerConnUpdate() - connId=264, status=0
04-22 10:37:52.699  2294  2358 D BtGatt.GattService: onServerConnUpdate() - connId=265, status=0
04-22 10:37:52.699  2294  2358 D BtGatt.GattService: onClientConnUpdate() - connId=266, status=0
04-22 10:37:52.857  2294  2614 I bt_stack: [INFO:gatt_main.cc(919)] gatt_data_process op_code = 11, msg_len = 0
04-22 10:37:53.098  2294  2614 I bt_stack: [INFO:gatt_main.cc(919)] gatt_data_process op_code = 11, msg_len = 0
04-22 10:37:53.103  2294 25465 D BtGatt.GattService: clientDisconnect() - address=42:46:1A:9F:0A:F5, connId=266
04-22 10:37:53.104  2294  2614 I bt_stack: [INFO:gatt_api.cc(1237)] GATT_Disconnect conn_id=0x010a
04-22 10:37:53.104  2294  2614 E bt_stack: [ERROR:bta_gattc_utils.cc(458)] bta_gattc_mark_bg_conn unable to find the bg connection mask for bd_addr=42:46:1a:9f:0a:f5
04-22 10:37:53.104  2294  2358 D BtGatt.GattService: onDisconnected() - clientIf=10, connId=266, address=42:46:1A:9F:0A:F5
04-22 10:37:53.107  2294 25465 D BtGatt.GattService: unregisterClient() - clientIf=10
04-22 10:37:53.107  2294  5388 D BluetoothMetrics: btclass1f00
04-22 10:37:53.109  2294  5388 E BluetoothMetrics: CheckinEvent exception: java.lang.NullPointerException: Attempt to invoke interface method 'java.lang.String java.lang.CharSequence.toString()' on a null object reference
04-22 10:37:53.112  2294  2675 D BtGatt.GattService: stopScan() - queue size =3
04-22 10:37:53.115  2294  2588 I BtGatt.ScanManager: msg.what = 1
04-22 10:37:53.116  2294 25465 D BtGatt.GattService: unregisterScanner() - scannerId=5
04-22 10:37:53.127  2294  2675 D BtGatt.GattService: registerScanner() - UUID=d3877c83-36ba-4bb4-b597-8df2ad19fdd6
04-22 10:37:53.129  2294  2614 I bt_stack: [INFO:gatt_api.cc(950)] GATT_Register 087fca53-8bba-bf61-4340-a340120c1ac0
04-22 10:37:53.129  2294  2614 I bt_stack: [INFO:gatt_api.cc(970)] allocated gatt_if=5
04-22 10:37:53.129  2294  2358 D BtGatt.GattService: onScannerRegistered() - UUID=d3877c83-36ba-4bb4-b597-8df2ad19fdd6, scannerId=5, status=0
04-22 10:37:53.131  2294  2675 D BtGatt.GattService: start scan with filters. callingPackage: com.google.android.gms
04-22 10:37:53.137  2294  2588 I BtGatt.ScanManager: msg.what = 0
04-22 10:37:53.139  2294  2588 D BtGatt.ScanManager: handling starting scan
04-22 10:37:53.141  2294  2588 D BtGatt.ScanManager: isAptXLowLatencyModeEnabled: false
04-22 10:37:53.144  2294  2675 D BluetoothAdapterService: startDiscovery
04-22 10:37:53.147  2294  2358 D BtGatt.GattService: onScanFilterEnableDisabled() - clientIf=5, status=0, action=1
04-22 10:37:53.147  2294  2358 D BtGatt.ScanManager: callback done for scannerId - 5 status - 0
04-22 10:37:53.147  2294  2588 D BtGatt.ScanManager: Available Filter size: 12
04-22 10:37:53.147  2294  2614 W bt_btif : bta_dm_check_av:0
04-22 10:37:53.149  2294  2358 D BtGatt.GattService: onScanFilterConfig() - clientIf=5, action = 0 status = 0, filterType=0, availableSpace=0
04-22 10:37:53.149  2294  2358 D BtGatt.ScanManager: callback done for scannerId - 5 status - 0
04-22 10:37:53.149  2294  2588 D BtGatt.ScanManager: configureFilterParamter 500 10000 1 0, deliveryMode=0
04-22 10:37:53.152  2294  2614 E bt_btif : bte_scan_filt_param_cfg_evt, 23
04-22 10:37:53.152  1749  5874 I WifiService: enableTdls uid=10158 enable=true
04-22 10:37:53.154  1749   552 I WifiService: enableTdlsWithMacAddress uid=1000 enable=true
04-22 10:37:53.155  2659  2659 I wpa_supplicant: TDLS: Failed to send message (action_code=10)
04-22 10:37:53.155  2659  2659 I wpa_supplicant: StaIface: TDLS discover failed: -1
04-22 10:37:53.164  2294  2358 D BtGatt.GattService: onScanFilterParamsConfigured() - clientIf=5, status=0, action=0, availableSpace=13
04-22 10:37:53.164  2294  2358 D BtGatt.ScanManager: callback done for scannerId - 5 status - 0
04-22 10:37:53.164  2294  2614 I bt_stack: [INFO:btm_ble_adv_filter.cc(693)] BTM_LE_PF_set UUID MASK is empty 
04-22 10:37:53.165  2294  2358 D BtGatt.GattService: onScanFilterConfig() - clientIf=5, action = 0 status = 0, filterType=0, availableSpace=0
04-22 10:37:53.165  2294  2358 D BtGatt.ScanManager: callback done for scannerId - 5 status - 0
04-22 10:37:53.165  2294  2588 D BtGatt.ScanManager: configureFilterParamter 500 10000 1 0, deliveryMode=0
04-22 10:37:53.168  2294  2358 D BtGatt.GattService: onScanFilterParamsConfigured() - clientIf=5, status=0, action=0, availableSpace=12
04-22 10:37:53.168  2294  2358 D BtGatt.ScanManager: callback done for scannerId - 5 status - 0
04-22 10:37:53.168  2294  2614 I bt_stack: [INFO:btm_ble_adv_filter.cc(693)] BTM_LE_PF_set UUID MASK is empty 
04-22 10:37:53.169  2294  2358 D BtGatt.GattService: onScanFilterConfig() - clientIf=5, action = 0 status = 0, filterType=0, availableSpace=0
04-22 10:37:53.169  2294  2358 D BtGatt.ScanManager: callback done for scannerId - 5 status - 0
04-22 10:37:53.169  2294  2588 D BtGatt.ScanManager: configureFilterParamter 500 10000 1 0, deliveryMode=0
04-22 10:37:53.172  2294  2358 D BtGatt.GattService: onScanFilterParamsConfigured() - clientIf=5, status=0, action=0, availableSpace=11
04-22 10:37:53.172  2294  2358 D BtGatt.ScanManager: callback done for scannerId - 5 status - 0
04-22 10:37:53.173  2294  2614 I bt_stack: [INFO:btm_ble_adv_filter.cc(693)] BTM_LE_PF_set UUID MASK is empty 
04-22 10:37:53.173  2294  2358 D BtGatt.GattService: onScanFilterConfig() - clientIf=5, action = 0 status = 0, filterType=0, availableSpace=0
04-22 10:37:53.173  2294  2358 D BtGatt.ScanManager: callback done for scannerId - 5 status - 0
04-22 10:37:53.173  2294  2588 D BtGatt.ScanManager: configureFilterParamter 500 10000 1 0, deliveryMode=0
04-22 10:37:53.178  2294  2358 D BtGatt.GattService: onScanFilterParamsConfigured() - clientIf=5, status=0, action=0, availableSpace=10
04-22 10:37:53.178  2294  2358 D BtGatt.ScanManager: callback done for scannerId - 5 status - 0
04-22 10:37:53.179  2294  2358 D BtGatt.GattService: onScanFilterConfig() - clientIf=5, action = 0 status = 0, filterType=0, availableSpace=0
04-22 10:37:53.179  2294  2358 D BtGatt.ScanManager: callback done for scannerId - 5 status - 0
04-22 10:37:53.179  2294  2588 D BtGatt.ScanManager: configureFilterParamter 500 10000 1 0, deliveryMode=0
04-22 10:37:53.182  2294  2358 D BtGatt.GattService: onScanFilterParamsConfigured() - clientIf=5, status=0, action=0, availableSpace=9
04-22 10:37:53.182  2294  2358 D BtGatt.ScanManager: callback done for scannerId - 5 status - 0
04-22 10:37:53.182  2294  2588 D BtGatt.ScanManager: configureRegularScanParams() - queue=3
04-22 10:37:53.182  2294  2588 D BtGatt.ScanManager: configureRegularScanParams() - ScanSetting LE 1M Scan mode=2ScanSetting LE Coded Scan mode=2 mLastConfiguredScanSettingLE1M=1 mLastConfiguredScanSettingLECoded=1scanPhy=255
