04-21 20:26:33.515  1749 11470 I chatty  : uid=1000(system) Binder:1749_1F expire 4 lines
04-21 20:28:02.004  1749  2054 I chatty  : uid=1000(system) UEventObserver expire 21 lines
04-21 20:28:37.086  1749  1789 I chatty  : uid=1000(system) PowerManagerSer expire 8 lines
04-21 20:28:37.089  1749  3486 I chatty  : uid=1000(system) Binder:1749_12 expire 3 lines
04-21 20:28:37.089  1749  1770 I chatty  : uid=1000(system) android.ui expire 2 lines
04-21 20:28:37.094  1749  1772 I chatty  : uid=1000(system) android.display expire 3 lines
04-21 20:28:43.461  1749  1769 I chatty  : uid=1000(system) android.fg expire 2 lines
04-21 20:28:48.634  1749  3454 I chatty  : uid=1000(system) Binder:1749_D expire 3 lines
04-21 21:07:35.866  1749  1781 I chatty  : uid=1000(system) ActivityManager expire 7 lines
04-21 21:07:35.983 25452 25452 D ActivityThread: Loading provider contacts;com.android.contacts: com.android.providers.contacts.ContactsProvider2
04-21 21:07:40.709  1749  2255 I chatty  : uid=1000(system) ConnectivitySer expire 14 lines
04-21 21:07:48.187  1749  2054 I chatty  : uid=1000(system) UEventObserver expire 10 lines
04-21 21:07:48.489  1749  1780 I chatty  : uid=1000(system) android.bg expire 2 lines
04-21 21:09:17.386  1749 11475 I chatty  : uid=1000(system) Binder:1749_20 expire 6 lines
04-21 21:09:17.468  1749  9826 I chatty  : uid=1000(system) Binder:1749_1C expire 1 line
04-21 21:09:17.469  1749  1767 I chatty  : uid=1000(system) Binder:1749_1 expire 5 lines
04-21 21:09:17.471  1749  2444 I chatty  : uid=1000(system) Binder:1749_6 expire 3 lines
04-21 21:11:49.755  1749  1749 I chatty  : uid=1000 system_server expire 11 lines
04-21 21:11:50.652  1749  3482 I chatty  : uid=1000(system) Binder:1749_F expire 1 line
04-21 21:11:50.667  1749  2603 I chatty  : uid=1000(system) Binder:1749_8 expire 6 lines
04-21 21:12:30.651  1749  2138 I chatty  : uid=1000(system) HwBinder:1749_2 expire 1 line
04-21 21:20:52.291  1749  1770 I chatty  : uid=1000(system) android.ui expire 3 lines
04-21 21:20:52.317  1749  1772 I chatty  : uid=1000(system) android.display expire 1 line
04-21 21:20:53.568  1749 18096 I chatty  : uid=1000(system) AdbDebuggingMan expire 1 line
04-21 21:20:53.569  1749  1769 I chatty  : uid=1000(system) android.fg expire 2 lines
04-21 22:10:48.223  1749  1782 I chatty  : uid=1000(system) ActivityManager expire 8 lines
04-21 22:10:48.495 24881 19411 W PackageParser: Unknown element under <manifest>: queries at /data/user_de/0/com.google.android.gms/app_chimera/m/0000000a/AdsDynamite.apk Binary XML file line #5
04-21 22:10:48.574  1749  2464 I chatty  : uid=1000(system) Binder:1749_7 expire 1 line
04-21 22:10:48.586 24881 19411 W PackageParser: Unknown element under <manifest>: queries at /data/user_de/0/com.google.android.gms/app_chimera/m/00000018/dl-AdsFdrDynamite.integ_210890500100000.apk Binary XML file line #5
04-21 22:10:48.616  1749  1768 I chatty  : uid=1000(system) Binder:1749_2 expire 6 lines
04-21 22:10:49.108  1749 10173 I chatty  : uid=1000(system) Binder:1749_1D expire 4 lines
04-21 22:10:49.233 24881 25017 W Binder  : reply too large data on java level: InterfaceDescriptor = null, code = 46
04-21 22:10:51.094  1749  3475 I chatty  : uid=1000(system) Binder:1749_E expire 5 lines
04-21 22:10:51.594  1749  2917 I chatty  : uid=1000(system) Binder:1749_A expire 3 lines
04-21 22:10:54.309 24881 25017 W Binder  : reply too large data on java level: InterfaceDescriptor = null, code = 46
04-21 22:10:59.397 24881 25019 W Binder  : reply too large data on java level: InterfaceDescriptor = null, code = 46
04-21 22:11:04.462 24881 25019 W Binder  : reply too large data on java level: InterfaceDescriptor = null, code = 46
04-21 22:11:09.520 24881 25019 I chatty  : uid=10158(com.google.android.gms) Binder:24881_8 identical 1 line
04-21 22:11:14.594 24881 25019 W Binder  : reply too large data on java level: InterfaceDescriptor = null, code = 46
04-21 22:11:27.847 24881 25019 W Binder  : reply too large data on java level: InterfaceDescriptor = null, code = 46
04-21 22:13:28.541 24881 25019 W Binder  : reply too large data on java level: InterfaceDescriptor = null, code = 46
04-21 22:15:04.650 24881 25019 W Binder  : reply too large data on java level: InterfaceDescriptor = null, code = 46
04-21 22:16:11.490 24881 25019 W Binder  : reply too large data on java level: InterfaceDescriptor = null, code = 46
04-21 22:16:12.267  1749  3485 I chatty  : uid=1000(system) Binder:1749_11 expire 1 line
04-21 22:16:12.268  1749  2255 I chatty  : uid=1000(system) ConnectivitySer expire 3 lines
04-21 22:16:12.269  1749  3486 I chatty  : uid=1000(system) Binder:1749_12 expire 1 line
04-21 22:16:53.805 24881 24898 W Binder  : reply too large data on java level: InterfaceDescriptor = null, code = 46
04-21 22:17:50.036 24881 24898 W Binder  : reply too large data on java level: InterfaceDescriptor = null, code = 46
04-21 22:19:28.639 24881 24898 W Binder  : reply too large data on java level: InterfaceDescriptor = null, code = 46
04-21 22:20:42.018 24881 24898 W Binder  : reply too large data on java level: InterfaceDescriptor = null, code = 46
04-21 22:20:59.169  1749  2054 I chatty  : uid=1000(system) UEventObserver expire 8 lines
04-21 22:22:09.258 24881 24898 W Binder  : reply too large data on java level: InterfaceDescriptor = null, code = 46
04-21 22:23:21.015 24881 24898 W Binder  : reply too large data on java level: InterfaceDescriptor = null, code = 46
04-21 22:24:17.660 24881 24898 W Binder  : reply too large data on java level: InterfaceDescriptor = null, code = 46
04-21 22:25:28.673 24881 24898 W Binder  : reply too large data on java level: InterfaceDescriptor = null, code = 46
04-21 22:26:37.842 24881 24898 W Binder  : reply too large data on java level: InterfaceDescriptor = null, code = 46
04-21 22:27:59.474 24881 24898 W Binder  : reply too large data on java level: InterfaceDescriptor = null, code = 46
04-21 22:30:19.637 24881 24898 W Binder  : reply too large data on java level: InterfaceDescriptor = null, code = 46
04-21 22:32:35.992 24881 24898 W Binder  : reply too large data on java level: InterfaceDescriptor = null, code = 46
04-21 22:33:21.876 24881 24898 W Binder  : reply too large data on java level: InterfaceDescriptor = null, code = 46
04-21 22:34:38.003 24881 24898 W Binder  : reply too large data on java level: InterfaceDescriptor = null, code = 46
04-22 00:03:50.668  1749  1749 I chatty  : uid=1000 system_server expire 8 lines
04-22 00:03:50.686  1749  2255 I chatty  : uid=1000(system) ConnectivitySer expire 20 lines
04-22 00:03:50.781  1749  3484 I chatty  : uid=1000(system) Binder:1749_10 expire 3 lines
04-22 00:03:50.783  1749  1781 I chatty  : uid=1000(system) ActivityManager expire 10 lines
04-22 00:03:50.963  1749  1768 I chatty  : uid=1000(system) Binder:1749_2 expire 5 lines
04-22 00:03:51.017  1749  3486 I chatty  : uid=1000(system) Binder:1749_12 expire 5 lines
04-22 00:03:53.727  1749  1782 I chatty  : uid=1000(system) ActivityManager expire 10 lines
04-22 00:03:54.186  1749  2444 I chatty  : uid=1000(system) Binder:1749_6 expire 2 lines
04-22 00:03:55.312  1749  3485 I chatty  : uid=1000(system) Binder:1749_11 expire 5 lines
04-22 00:03:55.351  1749  3482 I chatty  : uid=1000(system) Binder:1749_F expire 3 lines
04-22 00:03:55.359  1749  1767 I chatty  : uid=1000(system) Binder:1749_1 expire 4 lines
04-22 00:03:55.467  1749 10173 I chatty  : uid=1000(system) Binder:1749_1D expire 1 line
04-22 00:03:56.155 26570 26570 I ActivityThread: Removing dead content provider:android.content.ContentProviderProxy@4919130
04-22 00:03:58.330  1749  2917 I chatty  : uid=1000(system) Binder:1749_A expire 4 lines
04-22 00:04:01.586  1749  3475 I chatty  : uid=1000(system) Binder:1749_E expire 4 lines
04-22 00:04:11.248  1749  2054 I chatty  : uid=1000(system) UEventObserver expire 18 lines
04-22 00:14:41.614  1749  1780 I chatty  : uid=1000(system) android.bg expire 2 lines
04-22 00:25:03.319  1749  3451 I chatty  : uid=1000(system) Binder:1749_B expire 1 line
04-22 00:25:03.319  1749  7754 I chatty  : uid=1000(system) Binder:1749_19 expire 1 line
04-22 00:25:03.322  1749  3454 I chatty  : uid=1000(system) Binder:1749_D expire 1 line
04-22 00:25:03.323  1749 11470 I chatty  : uid=1000(system) Binder:1749_1F expire 3 lines
04-22 00:25:03.326  1749  1770 I chatty  : uid=1000(system) android.ui expire 1 line
04-22 00:25:03.327  1749  5077 I chatty  : uid=1000(system) Binder:1749_14 expire 1 line
04-22 00:26:13.396 24881 24881 W ActivityThread: serviceCreate lasts for 3385 ms, CreateServiceData = CreateServiceData{token=android.os.BinderProxy@72bbce1 className=com.google.android.gms.analytics.service.AnalyticsService packageName=com.google.android.gms intent=null}
04-22 01:24:53.634  1749  1785 I chatty  : uid=1000(system) batterystats-wo expire 1 line
04-22 03:00:16.980  1749  1769 I chatty  : uid=1000(system) android.fg expire 1 line
04-22 03:56:26.954  1749  2255 I chatty  : uid=1000(system) ConnectivitySer expire 10 lines
04-22 03:56:27.106  1749  1782 I chatty  : uid=1000(system) ActivityManager expire 15 lines
04-22 03:56:27.544 27508 27508 D ActivityThread: Loading provider contacts;com.android.contacts: com.android.providers.contacts.ContactsProvider2
04-22 03:56:27.557  1749  1781 I chatty  : uid=1000(system) ActivityManager expire 7 lines
04-22 03:56:28.678  1749 11122 I chatty  : uid=1000(system) Binder:1749_1E expire 9 lines
04-22 03:56:38.047  1749  2464 I chatty  : uid=1000(system) Binder:1749_7 expire 1 line
04-22 03:56:38.054  1749 11470 I chatty  : uid=1000(system) Binder:1749_1F expire 1 line
04-22 03:56:53.120  1749  2444 I chatty  : uid=1000(system) Binder:1749_6 expire 2 lines
04-22 03:56:53.202  1749  1768 I chatty  : uid=1000(system) Binder:1749_2 expire 1 line
04-22 03:56:53.202  1749  2255 I chatty  : uid=1000(system) ConnectivitySer expire 14 lines
04-22 03:56:53.202  1749  7787 I chatty  : uid=1000(system) Binder:1749_1A expire 2 lines
04-22 03:56:53.216  1749  1767 I chatty  : uid=1000(system) Binder:1749_1 expire 1 line
04-22 03:56:53.217  1749  2749 I chatty  : uid=1000(system) Binder:1749_9 expire 1 line
04-22 03:56:53.222  1749  3484 I chatty  : uid=1000(system) Binder:1749_10 expire 1 line
04-22 03:57:00.328  1749  1749 I chatty  : uid=1000 system_server expire 13 lines
04-22 04:02:38.925  1749  2054 I chatty  : uid=1000(system) UEventObserver expire 20 lines
04-22 04:31:31.595 27656 27656 W ActivityThread: serviceCreate starts in 70028 ms, CreateServiceData = CreateServiceData{token=android.os.BinderProxy@5368fea className=com.motorola.feedback.quicksettings.FeedBackTileService packageName=com.motorola.help intent=null}
04-22 04:31:39.774 27656 27656 W ActivityThread: serviceCreate lasts for 8178 ms, CreateServiceData = CreateServiceData{token=android.os.BinderProxy@5368fea className=com.motorola.feedback.quicksettings.FeedBackTileService packageName=com.motorola.help intent=null}
04-22 04:42:36.937  1749  3487 I chatty  : uid=1000(system) Binder:1749_13 expire 11 lines
04-22 05:52:14.356  1749  1780 I chatty  : uid=1000(system) android.bg expire 2 lines
04-22 06:21:55.293  1749  1785 I chatty  : uid=1000(system) batterystats-wo expire 3 lines
04-22 06:22:17.677  1749  1769 I chatty  : uid=1000(system) android.fg expire 4 lines
04-22 07:08:52.253  1749  3453 I chatty  : uid=1000(system) Binder:1749_C expire 1 line
04-22 07:08:56.150  1749  1770 I chatty  : uid=1000(system) android.ui expire 2 lines
04-22 09:45:48.416  1749  2240 I chatty  : uid=1000(system) Binder:1749_4 expire 2 lines
04-22 09:45:48.467  1749  9826 I chatty  : uid=1000(system) Binder:1749_1C expire 1 line
04-22 09:45:48.527 24881 26622 W Binder  : reply too large data on java level: InterfaceDescriptor = null, code = 46
04-22 09:45:48.693  1749  5077 I chatty  : uid=1000(system) Binder:1749_14 expire 4 lines
04-22 09:45:50.946  1749  2139 I chatty  : uid=1000(system) NetworkWatchlis expire 2 lines
04-22 09:45:50.953  1749  1749 I chatty  : uid=1000 system_server expire 4 lines
04-22 09:45:51.171  1749  3454 I chatty  : uid=1000(system) Binder:1749_D expire 1 line
04-22 09:45:51.599  1749  2255 I chatty  : uid=1000(system) ConnectivitySer expire 1 line
04-22 09:45:51.683  1749  3451 I chatty  : uid=1000(system) Binder:1749_B expire 1 line
04-22 09:45:53.848  1749  2039 I chatty  : uid=1000(system) Binder:1749_3 expire 2 lines
04-22 09:45:53.904 24881 24899 W Binder  : reply too large data on java level: InterfaceDescriptor = null, code = 46
04-22 09:45:54.207 24881 27850 W PackageParser: Unknown element under <manifest>: queries at /data/user_de/0/com.google.android.gms/app_chimera/m/0000000a/AdsDynamite.apk Binary XML file line #5
04-22 09:45:54.327 24881 27850 W PackageParser: Unknown element under <manifest>: queries at /data/user_de/0/com.google.android.gms/app_chimera/m/00000018/dl-AdsFdrDynamite.integ_210890500100000.apk Binary XML file line #5
04-22 09:45:54.399  1749  7754 I chatty  : uid=1000(system) Binder:1749_19 expire 3 lines
04-22 09:45:54.523  1749  7787 I chatty  : uid=1000(system) Binder:1749_1A expire 2 lines
04-22 09:45:54.629  1749  5077 I chatty  : uid=1000(system) Binder:1749_14 expire 3 lines
04-22 09:45:54.711 24881 24936 W PackageParser: Unknown element under <manifest>: queries at /data/user_de/0/com.google.android.gms/app_chimera/m/0000000a/AdsDynamite.apk Binary XML file line #5
04-22 09:45:54.876 24881 24936 W PackageParser: Unknown element under <manifest>: queries at /data/user_de/0/com.google.android.gms/app_chimera/m/00000018/dl-AdsFdrDynamite.integ_210890500100000.apk Binary XML file line #5
04-22 09:45:54.950  1749  1782 I chatty  : uid=1000(system) ActivityManager expire 12 lines
04-22 09:45:55.692 24881 27597 W PackageParser: Unknown element under <manifest>: queries at /data/user_de/0/com.google.android.gms/app_chimera/m/0000000a/AdsDynamite.apk Binary XML file line #5
04-22 09:45:55.897  1749  8013 I chatty  : uid=1000(system) Binder:1749_1B expire 7 lines
04-22 09:45:56.046 24881 27597 W PackageParser: Unknown element under <manifest>: queries at /data/user_de/0/com.google.android.gms/app_chimera/m/00000018/dl-AdsFdrDynamite.integ_210890500100000.apk Binary XML file line #5
04-22 09:45:56.401  1749  2749 I chatty  : uid=1000(system) Binder:1749_9 expire 4 lines
04-22 09:45:56.491  1749  3454 I chatty  : uid=1000(system) Binder:1749_D expire 4 lines
04-22 09:45:57.075  1749  3484 I chatty  : uid=1000(system) Binder:1749_10 expire 4 lines
04-22 09:45:57.159  1749  2240 I chatty  : uid=1000(system) Binder:1749_4 expire 4 lines
04-22 09:45:57.160  1749  9826 I chatty  : uid=1000(system) Binder:1749_1C expire 2 lines
04-22 09:45:57.160  1749  2255 I chatty  : uid=1000(system) ConnectivitySer expire 5 lines
04-22 09:45:57.659  1749  1789 I chatty  : uid=1000(system) PowerManagerSer expire 16 lines
04-22 09:45:57.660  1749 10173 I chatty  : uid=1000(system) Binder:1749_1D expire 1 line
04-22 09:45:57.660  1749  1770 I chatty  : uid=1000(system) android.ui expire 5 lines
04-22 09:45:57.686  1749  1772 I chatty  : uid=1000(system) android.display expire 6 lines
04-22 09:45:57.901  1749  1749 I chatty  : uid=1000 system_server expire 11 lines
04-22 09:45:58.480  1749  3486 I chatty  : uid=1000(system) Binder:1749_12 expire 2 lines
04-22 09:45:58.536  1749  5605 I chatty  : uid=1000(system) Binder:1749_16 expire 2 lines
04-22 09:45:58.965 24881 25758 W Binder  : reply too large data on java level: InterfaceDescriptor = null, code = 46
04-22 09:45:59.549  1749  3485 I chatty  : uid=1000(system) Binder:1749_11 expire 3 lines
04-22 09:46:00.025  1749  2646 I chatty  : uid=1000(system) android.fg expire 2 lines
04-22 09:46:00.263  1749  2387 I chatty  : uid=1000(system) Binder:1749_5 expire 2 lines
04-22 09:46:03.796  1749  7481 I chatty  : uid=1000(system) Binder:1749_18 expire 6 lines
04-22 09:46:03.833 24881 28396 W PackageParser: Unknown element under <manifest>: queries at /data/user_de/0/com.google.android.gms/app_chimera/m/0000000a/AdsDynamite.apk Binary XML file line #5
04-22 09:46:03.886 24881 28396 W PackageParser: Unknown element under <manifest>: queries at /data/user_de/0/com.google.android.gms/app_chimera/m/00000018/dl-AdsFdrDynamite.integ_210890500100000.apk Binary XML file line #5
04-22 09:46:03.914  1749  2917 I chatty  : uid=1000(system) Binder:1749_A expire 1 line
04-22 09:46:04.039 24881 25019 W Binder  : reply too large data on java level: InterfaceDescriptor = null, code = 46
04-22 09:46:04.041 24881 24933 W PackageParser: Unknown element under <manifest>: queries at /data/user_de/0/com.google.android.gms/app_chimera/m/0000000a/AdsDynamite.apk Binary XML file line #5
04-22 09:46:04.115 24881 24933 W PackageParser: Unknown element under <manifest>: queries at /data/user_de/0/com.google.android.gms/app_chimera/m/00000018/dl-AdsFdrDynamite.integ_210890500100000.apk Binary XML file line #5
04-22 09:46:07.512  1749  2039 I chatty  : uid=1000(system) Binder:1749_3 expire 1 line
04-22 09:46:07.577  1749 11122 I chatty  : uid=1000(system) Binder:1749_1E expire 2 lines
04-22 09:46:07.994  1749  1767 I chatty  : uid=1000(system) Binder:1749_1 expire 2 lines
04-22 09:46:08.061  1749  5123 I chatty  : uid=1000(system) Binder:1749_15 expire 1 line
04-22 09:46:08.062  1749  3482 I chatty  : uid=1000(system) Binder:1749_F expire 1 line
04-22 09:46:09.230  1749 11470 I chatty  : uid=1000(system) Binder:1749_1F expire 3 lines
04-22 09:46:15.040  1749  2054 I chatty  : uid=1000(system) UEventObserver expire 1 line
04-22 09:46:25.625  1749  3451 I chatty  : uid=1000(system) Binder:1749_B expire 1 line
04-22 09:46:25.694  1749  3475 I chatty  : uid=1000(system) Binder:1749_E expire 2 lines
04-22 09:46:25.748  1749  3487 I chatty  : uid=1000(system) Binder:1749_13 expire 1 line
04-22 09:46:35.955  1749  1794 I chatty  : uid=1000(system) PackageManager expire 1 line
04-22 09:46:35.985  1749  1781 I chatty  : uid=1000(system) ActivityManager expire 30 lines
04-22 09:46:35.989  1749  1794 I chatty  : uid=1000(system) PackageManager expire 67 lines
04-22 09:46:36.053  1749  2917 I chatty  : uid=1000(system) Binder:1749_A expire 1 line
04-22 09:46:36.053  1749  2255 I chatty  : uid=1000(system) ConnectivitySer expire 2 lines
04-22 09:46:36.112  1749  1749 I chatty  : uid=1000 system_server expire 8 lines
04-22 09:46:36.150  1749  9826 I chatty  : uid=1000(system) Binder:1749_1C expire 1 line
04-22 09:46:36.150  1749  7754 I chatty  : uid=1000(system) Binder:1749_19 expire 2 lines
04-22 09:46:43.956  1749  1782 I chatty  : uid=1000(system) ActivityManager expire 6 lines
04-22 09:46:43.982  1749  2067 I chatty  : uid=1000(system) AccountManagerS expire 1 line
04-22 09:46:43.993  1749  2646 I chatty  : uid=1000(system) android.fg expire 3 lines
04-22 09:46:44.196  1749  1769 I chatty  : uid=1000(system) android.fg expire 2 lines
04-22 09:46:44.513 29245 29266 D SystemConfig: Removed unavailable feature android.hardware.sensor.gyroscope
04-22 09:46:44.526 29245 29266 W SystemConfig: No directory /oem/etc/sysconfig, skipping
04-22 09:46:44.526 29245 29266 W SystemConfig: No directory /oem/etc/permissions, skipping
04-22 09:46:44.677 29245 29266 W SystemConfig: No directory /system/etc/motorola/bgintents, skipping
04-22 09:46:44.677 29245 29266 W SystemConfig: No directory /oem/etc/motorola/bgintents, skipping
04-22 09:46:44.683 29245 29266 W SystemConfig: No directory /product_services/etc/sysconfig, skipping
04-22 09:46:44.683 29245 29266 W SystemConfig: No directory /product_services/etc/permissions, skipping
04-22 09:46:44.683 29245 29266 W SystemConfig: No directory /system/etc/motorola/sysconfig, skipping
04-22 09:46:44.683 29245 29266 W SystemConfig: No directory /oem/etc/motorola/sysconfig, skipping
04-22 09:46:44.683 29245 29266 W SystemConfig: No directory /product/etc/motorola/sysconfig, skipping
04-22 09:46:45.033  1749  1780 I chatty  : uid=1000(system) android.bg expire 2 lines
04-22 09:46:45.331  1749 11475 I chatty  : uid=1000(system) Binder:1749_20 expire 2 lines
04-22 09:46:45.609  1749  3454 I chatty  : uid=1000(system) Binder:1749_D expire 1 line
04-22 09:46:53.449  1749 10173 I chatty  : uid=1000(system) Binder:1749_1D expire 2 lines
04-22 09:46:53.659 24881 29492 W PackageParser: Unknown element under <manifest>: queries at /data/user_de/0/com.google.android.gms/app_chimera/m/0000000a/AdsDynamite.apk Binary XML file line #5
04-22 09:46:53.717 24881 29492 W PackageParser: Unknown element under <manifest>: queries at /data/user_de/0/com.google.android.gms/app_chimera/m/00000018/dl-AdsFdrDynamite.integ_210890500100000.apk Binary XML file line #5
04-22 09:46:53.881 24881 24933 W PackageParser: Unknown element under <manifest>: queries at /data/user_de/0/com.google.android.gms/app_chimera/m/0000000a/AdsDynamite.apk Binary XML file line #5
04-22 09:46:53.933 24881 24933 W PackageParser: Unknown element under <manifest>: queries at /data/user_de/0/com.google.android.gms/app_chimera/m/00000018/dl-AdsFdrDynamite.integ_210890500100000.apk Binary XML file line #5
04-22 09:46:54.937  1749  1769 I chatty  : uid=1000(system) android.fg expire 6 lines
04-22 09:46:55.171  1749  1780 I chatty  : uid=1000(system) android.bg expire 1 line
04-22 09:46:59.245  1749  1781 I chatty  : uid=1000(system) ActivityManager expire 8 lines
04-22 09:47:04.976  1749  2039 I chatty  : uid=1000(system) Binder:1749_3 expire 7 lines
04-22 09:47:07.631  1749  1789 I chatty  : uid=1000(system) PowerManagerSer expire 7 lines
04-22 09:47:07.632  1749  7787 I chatty  : uid=1000(system) Binder:1749_1A expire 2 lines
04-22 09:47:07.633  1749  1770 I chatty  : uid=1000(system) android.ui expire 3 lines
04-22 09:47:07.658  1749  1772 I chatty  : uid=1000(system) android.display expire 3 lines
04-22 09:47:07.939  1749  2137 I chatty  : uid=1000(system) InputReader expire 1 line
04-22 09:47:07.939  1749  1749 I chatty  : uid=1000 system_server expire 6 lines
04-22 09:47:07.947  1749 11475 I chatty  : uid=1000(system) Binder:1749_20 expire 5 lines
04-22 09:47:08.032  1749  1767 I chatty  : uid=1000(system) Binder:1749_1 expire 2 lines
04-22 09:47:08.047  1749  1773 I chatty  : uid=1000(system) android.anim expire 4 lines
04-22 09:47:08.086  1749  2387 I chatty  : uid=1000(system) Binder:1749_5 expire 1 line
04-22 09:47:08.098  1749  1782 I chatty  : uid=1000(system) ActivityManager expire 3 lines
04-22 09:47:12.673  1749  2749 I chatty  : uid=1000(system) Binder:1749_9 expire 4 lines
04-22 09:47:12.736  1749  2464 I chatty  : uid=1000(system) Binder:1749_7 expire 2 lines
04-22 09:47:12.736  1749  2255 I chatty  : uid=1000(system) ConnectivitySer expire 3 lines
04-22 09:47:14.957  1749  5123 I chatty  : uid=1000(system) Binder:1749_15 expire 1 line
04-22 09:47:17.447  1749 18096 I chatty  : uid=1000(system) AdbDebuggingMan expire 1 line
04-22 09:47:20.676  1749  2603 I chatty  : uid=1000(system) Binder:1749_8 expire 1 line
04-22 09:47:22.033  1749  2054 I chatty  : uid=1000(system) UEventObserver expire 2 lines
04-22 09:47:38.662  1749  3451 I chatty  : uid=1000(system) Binder:1749_B expire 1 line
04-22 09:47:53.976  1749  7754 I chatty  : uid=1000(system) Binder:1749_19 expire 1 line
04-22 09:48:09.765  1749  3482 I chatty  : uid=1000(system) Binder:1749_F expire 1 line
04-22 09:49:14.805 29193 29923 D SystemConfig: Removed unavailable feature android.hardware.sensor.gyroscope
04-22 09:49:14.811 29193 29923 W SystemConfig: No directory /oem/etc/sysconfig, skipping
04-22 09:49:14.811 29193 29923 W SystemConfig: No directory /oem/etc/permissions, skipping
04-22 09:49:14.938 29193 29923 W SystemConfig: No directory /system/etc/motorola/bgintents, skipping
04-22 09:49:14.938 29193 29923 W SystemConfig: No directory /oem/etc/motorola/bgintents, skipping
04-22 09:49:14.943 29193 29923 W SystemConfig: No directory /product_services/etc/sysconfig, skipping
04-22 09:49:14.943 29193 29923 W SystemConfig: No directory /product_services/etc/permissions, skipping
04-22 09:49:14.943 29193 29923 W SystemConfig: No directory /system/etc/motorola/sysconfig, skipping
04-22 09:49:14.944 29193 29923 W SystemConfig: No directory /oem/etc/motorola/sysconfig, skipping
04-22 09:49:14.944 29193 29923 W SystemConfig: No directory /product/etc/motorola/sysconfig, skipping
04-22 09:49:20.649  1749  1794 I chatty  : uid=1000(system) PackageManager expire 45 lines
04-22 09:49:20.891  1749  1781 I chatty  : uid=1000(system) ActivityManager expire 22 lines
04-22 09:49:20.908  1749  2067 I chatty  : uid=1000(system) AccountManagerS expire 1 line
04-22 09:49:20.926  1749  2646 I chatty  : uid=1000(system) android.fg expire 1 line
04-22 09:49:21.005  1749  3486 I chatty  : uid=1000(system) Binder:1749_12 expire 2 lines
04-22 09:49:21.017  1749  1749 I chatty  : uid=1000 system_server expire 10 lines
04-22 09:49:21.159  1749  1769 I chatty  : uid=1000(system) android.fg expire 2 lines
04-22 09:49:22.054  1749  3482 I chatty  : uid=1000(system) Binder:1749_F expire 4 lines
04-22 09:49:22.104  1749  1782 I chatty  : uid=1000(system) ActivityManager expire 5 lines
04-22 09:49:22.113  1749  1773 I chatty  : uid=1000(system) android.anim expire 7 lines
04-22 09:49:22.475  1749  2749 I chatty  : uid=1000(system) Binder:1749_9 expire 3 lines
04-22 09:49:24.912  1749  2054 I chatty  : uid=1000(system) UEventObserver expire 9 lines
04-22 09:49:39.276  1749  5874 I chatty  : uid=1000(system) Binder:1749_17 expire 1 line
04-22 09:49:50.899  1749  1780 I chatty  : uid=1000(system) android.bg expire 3 lines
04-22 09:49:50.960  1749  2603 I chatty  : uid=1000(system) Binder:1749_8 expire 1 line
04-22 09:49:56.292  1749  2257 I chatty  : uid=1000(system) NsdService expire 5 lines
04-22 09:49:56.923 30106 30106 D ActivityThread: Loading provider contacts;com.android.contacts: com.android.providers.contacts.ContactsProvider2
04-22 09:50:00.491  1749  1749 I chatty  : uid=1000 system_server expire 4 lines
04-22 09:50:02.232  1749 11122 I chatty  : uid=1000(system) Binder:1749_1E expire 6 lines
04-22 09:50:06.392  1749  1781 I chatty  : uid=1000(system) ActivityManager expire 5 lines
04-22 09:50:13.417  1749  3451 I chatty  : uid=1000(system) Binder:1749_B expire 1 line
04-22 09:50:13.422  1749  3453 I chatty  : uid=1000(system) Binder:1749_C expire 2 lines
04-22 09:50:57.174  1749 11475 I chatty  : uid=1000(system) Binder:1749_20 expire 5 lines
04-22 09:51:07.675  1749  3487 I chatty  : uid=1000(system) Binder:1749_13 expire 3 lines
04-22 09:51:13.694  1749  9826 I chatty  : uid=1000(system) Binder:1749_1C expire 4 lines
04-22 09:51:13.704  1749  7481 I chatty  : uid=1000(system) Binder:1749_18 expire 1 line
04-22 09:52:13.998  1749  1767 I chatty  : uid=1000(system) Binder:1749_1 expire 3 lines
04-22 09:52:21.092  1749  2255 I chatty  : uid=1000(system) ConnectivitySer expire 1 line
04-22 09:53:14.295  1749  5123 I chatty  : uid=1000(system) Binder:1749_15 expire 2 lines
04-22 09:54:14.545  1749  2039 I chatty  : uid=1000(system) Binder:1749_3 expire 1 line
04-22 09:54:57.169  1749  3475 I chatty  : uid=1000(system) Binder:1749_E expire 1 line
04-22 09:56:57.166  1749  7787 I chatty  : uid=1000(system) Binder:1749_1A expire 3 lines
04-22 09:57:36.434  1749  2054 I chatty  : uid=1000(system) UEventObserver expire 2 lines
04-22 09:57:57.180  1749 11122 I chatty  : uid=1000(system) Binder:1749_1E expire 1 line
04-22 09:58:07.653  1749  1749 I chatty  : uid=1000 system_server expire 15 lines
04-22 09:58:23.687  1749  3453 I chatty  : uid=1000(system) Binder:1749_C expire 7 lines
04-22 09:58:23.763  1749  2917 I chatty  : uid=1000(system) Binder:1749_A expire 1 line
04-22 09:58:23.776  1749  1773 I chatty  : uid=1000(system) android.anim expire 6 lines
04-22 09:58:23.800  1749  1772 I chatty  : uid=1000(system) android.display expire 1 line
04-22 09:58:25.566  1749  2257 I chatty  : uid=1000(system) NsdService expire 2 lines
04-22 09:58:45.785  1749  1794 I chatty  : uid=1000(system) PackageManager expire 45 lines
04-22 09:58:46.017  1749  1781 I chatty  : uid=1000(system) ActivityManager expire 24 lines
04-22 09:58:46.041  1749  2067 I chatty  : uid=1000(system) AccountManagerS expire 1 line
04-22 09:58:46.056  1749  2646 I chatty  : uid=1000(system) android.fg expire 1 line
04-22 09:58:46.134  1749  1767 I chatty  : uid=1000(system) Binder:1749_1 expire 1 line
04-22 09:58:46.281  1749  1769 I chatty  : uid=1000(system) android.fg expire 2 lines
04-22 09:58:46.664  1749 10173 I chatty  : uid=1000(system) Binder:1749_1D expire 6 lines
04-22 09:58:46.704  1749  1782 I chatty  : uid=1000(system) ActivityManager expire 4 lines
04-22 09:58:47.530  1749  1773 I chatty  : uid=1000(system) android.anim expire 8 lines
04-22 09:59:01.343  1749 10173 I chatty  : uid=1000(system) Binder:1749_1D expire 1 line
04-22 09:59:01.437  1749  2240 I chatty  : uid=1000(system) Binder:1749_4 expire 2 lines
04-22 09:59:01.439  1749  1772 I chatty  : uid=1000(system) android.display expire 2 lines
04-22 09:59:01.799  1749  5077 I chatty  : uid=1000(system) Binder:1749_14 expire 1 line
04-22 09:59:39.315  1749  2054 I chatty  : uid=1000(system) UEventObserver expire 14 lines
04-22 09:59:53.322  1749  1749 I chatty  : uid=1000 system_server expire 8 lines
04-22 09:59:53.693  1749  2257 I chatty  : uid=1000(system) NsdService expire 7 lines
04-22 10:00:00.908  1749  1781 I chatty  : uid=1000(system) ActivityManager expire 15 lines
04-22 10:02:17.453  1749  5123 I chatty  : uid=1000(system) Binder:1749_15 expire 7 lines
04-22 10:02:17.545  1749 11475 I chatty  : uid=1000(system) Binder:1749_20 expire 1 line
04-22 10:10:52.194  1749 11470 I chatty  : uid=1000(system) Binder:1749_1F expire 1 line
04-22 10:11:07.643  1749  1794 I chatty  : uid=1000(system) PackageManager expire 45 lines
04-22 10:11:07.959  1749  2067 I chatty  : uid=1000(system) AccountManagerS expire 1 line
04-22 10:11:07.966  1749  2646 I chatty  : uid=1000(system) android.fg expire 1 line
04-22 10:11:08.001  1749  1781 I chatty  : uid=1000(system) ActivityManager expire 23 lines
04-22 10:11:08.048  1749  3485 I chatty  : uid=1000(system) Binder:1749_11 expire 1 line
04-22 10:11:08.162  1749  1749 I chatty  : uid=1000 system_server expire 22 lines
04-22 10:11:08.206  1749  1769 I chatty  : uid=1000(system) android.fg expire 2 lines
04-22 10:11:08.229  1749 11122 I chatty  : uid=1000(system) Binder:1749_1E expire 5 lines
04-22 10:11:08.535  1749 11470 I chatty  : uid=1000(system) Binder:1749_1F expire 6 lines
04-22 10:11:08.566  1749  1773 I chatty  : uid=1000(system) android.anim expire 17 lines
04-22 10:11:08.570  1749  1782 I chatty  : uid=1000(system) ActivityManager expire 2 lines
04-22 10:11:09.254  1749  3487 I chatty  : uid=1000(system) Binder:1749_13 expire 2 lines
04-22 10:11:26.735  1749  2257 I chatty  : uid=1000(system) NsdService expire 11 lines
04-22 10:11:33.406  1749  5123 I chatty  : uid=1000(system) Binder:1749_15 expire 2 lines
04-22 10:11:45.678  1749  8013 I chatty  : uid=1000(system) Binder:1749_1B expire 1 line
04-22 10:11:56.593  1749  2054 I chatty  : uid=1000(system) UEventObserver expire 3 lines
04-22 10:12:27.552  1749  2387 I chatty  : uid=1000(system) Binder:1749_5 expire 1 line
04-22 10:13:04.875  1749  1780 I chatty  : uid=1000(system) android.bg expire 2 lines
04-22 10:13:27.552  1749  9826 I chatty  : uid=1000(system) Binder:1749_1C expire 13 lines
04-22 10:13:51.654  1749  1770 I chatty  : uid=1000(system) android.ui expire 1 line
04-22 10:13:51.657  1749  1772 I chatty  : uid=1000(system) android.display expire 1 line
04-22 10:13:51.668  1749  3475 I chatty  : uid=1000(system) Binder:1749_E expire 1 line
04-22 10:13:53.332  1749 11475 I chatty  : uid=1000(system) Binder:1749_20 expire 1 line
04-22 10:13:58.072  1749  2444 I chatty  : uid=1000(system) Binder:1749_6 expire 7 lines
04-22 10:14:18.872  1749  1773 I chatty  : uid=1000(system) android.anim expire 19 lines
04-22 10:14:19.031  1749  2257 I chatty  : uid=1000(system) NsdService expire 10 lines
04-22 10:14:23.824  1749  1781 I chatty  : uid=1000(system) ActivityManager expire 13 lines
04-22 10:14:23.869  2313  2313 V DeadZone: consuming errant click: (40.943134,35.032227)
04-22 10:14:23.870  2313  2313 V DeadZone: consuming errant click: (40.943134,35.032227)
04-22 10:14:24.121  1749  3486 I chatty  : uid=1000(system) Binder:1749_12 expire 5 lines
04-22 10:15:00.913  1749  2054 I chatty  : uid=1000(system) UEventObserver expire 12 lines
04-22 10:15:49.424  1749  1782 I chatty  : uid=1000(system) ActivityManager expire 2 lines
04-22 10:16:50.912  1749  9826 I chatty  : uid=1000(system) Binder:1749_1C expire 14 lines
04-22 10:16:50.991  1749 11475 I chatty  : uid=1000(system) Binder:1749_20 expire 9 lines
04-22 10:16:51.001  1749  1772 I chatty  : uid=1000(system) android.display expire 2 lines
04-22 10:16:53.128  1749  1749 I chatty  : uid=1000 system_server expire 10 lines
04-22 10:17:21.251  1749 11470 I chatty  : uid=1000(system) Binder:1749_1F expire 4 lines
04-22 10:17:22.871  1749  7754 I chatty  : uid=1000(system) Binder:1749_19 expire 4 lines
04-22 10:17:23.364  1749  3487 I chatty  : uid=1000(system) Binder:1749_13 expire 1 line
04-22 10:17:49.349  1749  3485 I chatty  : uid=1000(system) Binder:1749_11 expire 1 line
04-22 10:20:42.585  1749  5123 I chatty  : uid=1000(system) Binder:1749_15 expire 1 line
04-22 10:22:42.505  1749 10173 I chatty  : uid=1000(system) Binder:1749_1D expire 1 line
04-22 10:24:42.504  1749  2387 I chatty  : uid=1000(system) Binder:1749_5 expire 1 line
04-22 10:24:57.682  1749  1794 I chatty  : uid=1000(system) PackageManager expire 8 lines
04-22 10:24:57.767  1749  1794 I PackageManager: Un-granting permission com.google.android.googleapps.permission.GOOGLE_AUTH.ALL_SERVICES from package com.google.android.apps.docs.editors.docs (protectionLevel=2 flags=0x38dbbe44)
04-22 10:24:57.767  1749  1794 I PackageManager: Un-granting permission com.google.android.googleapps.permission.GOOGLE_AUTH.writely from package com.google.android.apps.docs.editors.docs (protectionLevel=2 flags=0x38dbbe44)
04-22 10:24:57.767  1749  1794 I PackageManager: Un-granting permission com.google.android.googleapps.permission.GOOGLE_AUTH.wise from package com.google.android.apps.docs.editors.docs (protectionLevel=2 flags=0x38dbbe44)
04-22 10:24:57.767  1749  1794 I PackageManager: Un-granting permission android.permission.REQUEST_INSTALL_PACKAGES from package com.motorola.brapps (protectionLevel=66 flags=0x38483e45)
04-22 10:24:57.768  1749  1794 I PackageManager: Un-granting permission com.google.android.gm.permission.READ_GMAIL from package com.google.android.apps.docs.editors.sheets (protectionLevel=2 flags=0x38dbbe44)
04-22 10:24:57.768  1749  1794 I PackageManager: Un-granting permission com.google.android.googleapps.permission.GOOGLE_AUTH from package com.google.android.apps.docs.editors.sheets (protectionLevel=2 flags=0x38dbbe44)
04-22 10:24:57.768  1749  1794 I PackageManager: Un-granting permission com.google.android.googleapps.permission.GOOGLE_AUTH.OTHER_SERVICES from package com.google.android.apps.docs.editors.sheets (protectionLevel=2 flags=0x38dbbe44)
04-22 10:24:57.768  1749  1794 I PackageManager: Un-granting permission com.google.android.googleapps.permission.GOOGLE_AUTH.ALL_SERVICES from package com.google.android.apps.docs.editors.sheets (protectionLevel=2 flags=0x38dbbe44)
04-22 10:24:57.768  1749  1794 I PackageManager: Un-granting permission com.google.android.googleapps.permission.GOOGLE_AUTH.writely from package com.google.android.apps.docs.editors.sheets (protectionLevel=2 flags=0x38dbbe44)
04-22 10:24:57.769  1749  1794 I PackageManager: Un-granting permission com.google.android.googleapps.permission.GOOGLE_AUTH.wise from package com.google.android.apps.docs.editors.sheets (protectionLevel=2 flags=0x38dbbe44)
04-22 10:24:57.769  1749  1794 I PackageManager: Un-granting permission com.google.android.gm.permission.READ_GMAIL from package com.google.android.apps.docs.editors.slides (protectionLevel=2 flags=0x38dbbe44)
04-22 10:24:57.769  1749  1794 I PackageManager: Un-granting permission com.google.android.googleapps.permission.GOOGLE_AUTH from package com.google.android.apps.docs.editors.slides (protectionLevel=2 flags=0x38dbbe44)
04-22 10:24:57.769  1749  1794 I PackageManager: Un-granting permission com.google.android.googleapps.permission.GOOGLE_AUTH.OTHER_SERVICES from package com.google.android.apps.docs.editors.slides (protectionLevel=2 flags=0x38dbbe44)
04-22 10:24:57.769  1749  1794 I PackageManager: Un-granting permission com.google.android.googleapps.permission.GOOGLE_AUTH.ALL_SERVICES from package com.google.android.apps.docs.editors.slides (protectionLevel=2 flags=0x38dbbe44)
04-22 10:24:57.769  1749  1794 I PackageManager: Un-granting permission com.google.android.googleapps.permission.GOOGLE_AUTH.writely from package com.google.android.apps.docs.editors.slides (protectionLevel=2 flags=0x38dbbe44)
04-22 10:24:57.769  1749  1794 I PackageManager: Un-granting permission com.google.android.googleapps.permission.GOOGLE_AUTH.wise from package com.google.android.apps.docs.editors.slides (protectionLevel=2 flags=0x38dbbe44)
04-22 10:24:57.769  1749  1794 I PackageManager: Un-granting permission com.google.android.setupwizard.READ_DEVICE_ORIGIN from package com.google.android.apps.messaging (protectionLevel=18 flags=0x38cbbe45)
04-22 10:24:57.771  1749  1794 I PackageManager: Un-granting permission android.permission.SEND_DOWNLOAD_COMPLETED_INTENTS from package com.android.vending (protectionLevel=2 flags=0x28cabec5)
04-22 10:24:57.774  1749  1794 I PackageManager: Un-granting permission android.permission.BIND_CARRIER_SERVICES from package com.republicwireless.tel (protectionLevel=18 flags=0x30483e45)
04-22 10:24:57.775  1749  1794 I PackageManager: Un-granting permission android.permission.REQUEST_INSTALL_PACKAGES from package com.google.android.gm (protectionLevel=66 flags=0x38cbbe45)
04-22 10:24:57.777  1749  1794 I PackageManager: Un-granting permission android.permission.MANAGE_ROLE_HOLDERS from package com.google.android.apps.wellbeing (protectionLevel=258 flags=0x20cbbe45)
04-22 10:24:57.777  1749  1794 I PackageManager: Un-granting permission android.permission.REQUEST_INSTALL_PACKAGES from package com.google.android.apps.nbu.files (protectionLevel=66 flags=0x30c83e45)
04-22 10:24:57.778  1749  1794 I PackageManager: Un-granting permission android.permission.REQUEST_INSTALL_PACKAGES from package com.google.android.apps.docs (protectionLevel=66 flags=0x38cbbe45)
04-22 10:24:57.779  1749  1794 I PackageManager: Un-granting permission android.permission.INTERACT_ACROSS_USERS from package com.google.android.syncadapters.contacts (protectionLevel=50 flags=0x20883e45)
04-22 10:24:57.779  1749  1794 I PackageManager: Un-granting permission android.permission.REQUEST_INSTALL_PACKAGES from package com.android.chrome (protectionLevel=66 flags=0xa0cbbe45)
04-22 10:24:57.779  1749  1794 I PackageManager: Un-granting permission android.permission.CAPTURE_VIDEO_OUTPUT from package com.google.android.gms (protectionLevel=2 flags=0xa0cabec5)
04-22 10:24:57.780  1749  1794 I PackageManager: Un-granting permission android.permission.MANAGE_DEVICE_ADMINS from package com.google.android.gms (protectionLevel=2 flags=0xa0cabec5)
04-22 10:24:57.780  1749  1794 I PackageManager: Un-granting permission android.permission.MANAGE_ACTIVITY_STACKS from package com.google.android.gms (protectionLevel=2 flags=0xa0cabec5)
04-22 10:24:57.780  1749  1794 I PackageManager: Un-granting permission android.permission.CAPTURE_SECURE_VIDEO_OUTPUT from package com.google.android.gms (protectionLevel=2 flags=0xa0cabec5)
04-22 10:24:57.780  1749  1794 I PackageManager: Un-granting permission android.permission.MANAGE_ROLLBACKS from package com.google.android.gms (protectionLevel=514 flags=0xa0cabec5)
04-22 10:24:57.782  1749  1794 I PackageManager: Un-granting permission com.google.android.googleapps.permission.GOOGLE_AUTH from package com.google.android.videos (protectionLevel=2 flags=0x30dbbe45)
04-22 10:24:57.783  1749  1794 I PackageManager: Un-granting permission android.permission.WRITE_MEDIA_STORAGE from package com.google.android.apps.photos (protectionLevel=18 flags=0x38d9be45)
04-22 10:24:57.786  1749  1794 I PackageManager: Un-granting permission android.permission.CONNECTIVITY_INTERNAL from package com.google.android.wfcactivation (protectionLevel=18 flags=0x3888be45)
04-22 10:24:57.786  1749  1794 I PackageManager: Un-granting permission android.permission.READ_LOGS from package com.google.android.wfcactivation (protectionLevel=50 flags=0x3888be45)
04-22 10:24:57.786  1749  1794 I PackageManager: Un-granting permission android.permission.WRITE_APN_SETTINGS from package com.google.android.wfcactivation (protectionLevel=18 flags=0x3888be45)
04-22 10:24:57.786  1749  1794 I PackageManager: Un-granting permission android.permission.WRITE_SECURE_SETTINGS from package com.LogiaGroup.LogiaDeck (protectionLevel=50 flags=0x38483e45)
04-22 10:24:57.787  1749  1794 I PackageManager: Un-granting permission android.permission.READ_WALLPAPER_INTERNAL from package com.google.android.apps.wallpaper (protectionLevel=18 flags=0x20cbbe45)
04-22 10:24:57.909  1749  2067 W AccountManagerService: User 10216 does not exist. It might be removed already.
04-22 10:24:57.922  1749  2646 W LocationProviderProxy: Odd, no component found for service com.android.location.service.v3.NetworkLocationProvider
04-22 10:24:57.925  1749  1781 W BroadcastQueue: Background execution not allowed: receiving Intent { act=android.intent.action.PACKAGE_REMOVED dat=package:com.google.location.nearby.apps.connectedcrossroad flg=0x4000010 (has extras) } to com.android.vending/com.google.android.finsky.packagemanager.impl.PackageMonitorReceiverImpl$RegisteredReceiver
04-22 10:24:57.967  1749  1781 W BroadcastQueue: Background execution not allowed: receiving Intent { act=android.intent.action.PACKAGE_REMOVED dat=package:com.google.location.nearby.apps.connectedcrossroad flg=0x4000010 (has extras) } to com.android.vending/com.google.android.finsky.instantapps.appmanagement.InstantAppRemoveMonitor
04-22 10:24:57.973  1749  1781 W BroadcastQueue: Background execution not allowed: receiving Intent { act=android.intent.action.PACKAGE_REMOVED dat=package:com.google.location.nearby.apps.connectedcrossroad flg=0x4000010 (has extras) } to com.google.android.gms/.games.chimera.GamesSystemBroadcastReceiverProxy
04-22 10:24:57.975  1749  1781 W BroadcastQueue: Background execution not allowed: receiving Intent { act=android.intent.action.PACKAGE_REMOVED dat=package:com.google.location.nearby.apps.connectedcrossroad flg=0x4000010 (has extras) } to com.google.android.gms/.chimera.GmsIntentOperationService$PersistentTrustedReceiver
04-22 10:24:57.975  1749  1781 W BroadcastQueue: Background execution not allowed: receiving Intent { act=android.intent.action.PACKAGE_REMOVED dat=package:com.google.location.nearby.apps.connectedcrossroad flg=0x4000010 (has extras) } to com.google.android.googlequicksearchbox/com.google.android.apps.gsa.googlequicksearchbox.GelStubAppWatcher
04-22 10:24:57.976  1749  1781 W BroadcastQueue: Background execution not allowed: receiving Intent { act=android.intent.action.PACKAGE_REMOVED dat=package:com.google.location.nearby.apps.connectedcrossroad flg=0x4000010 (has extras) } to com.verizon.loginengine.unbranded/com.verizon.vzwavs.AVSSystemReceiver
04-22 10:24:57.976  1749  1781 W BroadcastQueue: Background execution not allowed: receiving Intent { act=android.intent.action.PACKAGE_REMOVED dat=package:com.google.location.nearby.apps.connectedcrossroad flg=0x4000010 (has extras) } to com.google.android.apps.magazines/com.google.android.libraries.social.peoplekit.thirdparty.viewcontrollers.ThirdPartyReceiver
04-22 10:24:57.978  1749  1781 W BroadcastQueue: Background execution not allowed: receiving Intent { act=android.intent.action.PACKAGE_ADDED dat=package:com.google.location.nearby.apps.connectedcrossroad flg=0x4000010 (has extras) } to com.google.android.packageinstaller/com.android.packageinstaller.PackageInstalledReceiver
04-22 10:24:57.978  1749  1781 W BroadcastQueue: Background execution not allowed: receiving Intent { act=android.intent.action.PACKAGE_ADDED dat=package:com.google.location.nearby.apps.connectedcrossroad flg=0x4000010 (has extras) } to com.android.vending/com.google.android.finsky.packagemanager.impl.PackageMonitorReceiverImpl$RegisteredReceiver
04-22 10:24:57.978  1749  1781 W BroadcastQueue: Background execution not allowed: receiving Intent { act=android.intent.action.PACKAGE_ADDED dat=package:com.google.location.nearby.apps.connectedcrossroad flg=0x4000010 (has extras) } to com.facebook.appmanager/com.facebook.oxygen.common.packages.event.manifest.ManifestPackageEventReceiver
04-22 10:24:57.979  1749  1781 W BroadcastQueue: Background execution not allowed: receiving Intent { act=android.intent.action.PACKAGE_ADDED dat=package:com.google.location.nearby.apps.connectedcrossroad flg=0x4000010 (has extras) } to com.google.android.gms/.games.chimera.GamesSystemBroadcastReceiverProxy
04-22 10:24:57.979  1749  1781 W BroadcastQueue: Background execution not allowed: receiving Intent { act=android.intent.action.PACKAGE_ADDED dat=package:com.google.location.nearby.apps.connectedcrossroad flg=0x4000010 (has extras) } to com.google.android.gms/.gass.chimera.PackageChangeBroadcastReceiver
04-22 10:24:57.979  1749  1781 W BroadcastQueue: Background execution not allowed: receiving Intent { act=android.intent.action.PACKAGE_ADDED dat=package:com.google.location.nearby.apps.connectedcrossroad flg=0x4000010 (has extras) } to com.google.android.gms/.chimera.GmsIntentOperationService$PersistentTrustedReceiver
04-22 10:24:57.979  1749  1781 W BroadcastQueue: Background execution not allowed: receiving Intent { act=android.intent.action.PACKAGE_ADDED dat=package:com.google.location.nearby.apps.connectedcrossroad flg=0x4000010 (has extras) } to com.google.android.googlequicksearchbox/com.google.android.apps.gsa.googlequicksearchbox.GelStubAppWatcher
04-22 10:24:57.979  1749  1781 W BroadcastQueue: Background execution not allowed: receiving Intent { act=android.intent.action.PACKAGE_ADDED dat=package:com.google.location.nearby.apps.connectedcrossroad flg=0x4000010 (has extras) } to com.google.android.ims/.receivers.RcsAutoStartReceiver
04-22 10:24:57.998  1749  2444 W BroadcastQueue: Background execution not allowed: receiving Intent { act=android.intent.action.PACKAGE_ADDED dat=package:com.google.location.nearby.apps.connectedcrossroad flg=0x4000010 (has extras) } to com.verizon.loginengine.unbranded/com.verizon.vzwavs.AVSSystemReceiver
04-22 10:24:58.134  1749  1749 W Looper  : Slow delivery took 222ms main h=android.app.ActivityThread$H c=android.app.-$$Lambda$LoadedApk$ReceiverDispatcher$Args$_BumDX2UKsnxLVrE6UJsJZkotuA@23c69fe m=0
04-22 10:24:58.134  1749  1749 I TelecomService: DefaultDialerCache: Refreshing default dialer for user 0: now com.google.android.dialer: DDC.oR@Aoc
04-22 10:24:58.154  1749  1749 V BackupManagerConstants: getFullBackupIntervalMilliseconds(...) returns 86400000
04-22 10:24:58.154  1749  1749 V BackupManagerConstants: getFullBackupRequiredNetworkType(...) returns 2
04-22 10:24:58.154  1749  1749 V BackupManagerConstants: getFullBackupRequireCharging(...) returns true
04-22 10:24:58.156  1749  1749 E LoadedApk: Unable to instantiate appComponentFactory
04-22 10:24:58.156  1749  1749 E LoadedApk: java.lang.ClassNotFoundException: Didn't find class "androidx.core.app.CoreComponentFactory" on path: DexPathList[[],nativeLibraryDirectories=[/system/app/YTMusic/lib/arm, /system/app/YTMusic/YTMusic.apk!/lib/armeabi-v7a, /system/lib, /product/lib, /system/lib, /product/lib]]
04-22 10:24:58.156  1749  1749 E LoadedApk: 	at dalvik.system.BaseDexClassLoader.findClass(BaseDexClassLoader.java:196)
04-22 10:24:58.156  1749  1749 E LoadedApk: 	at java.lang.ClassLoader.loadClass(ClassLoader.java:379)
04-22 10:24:58.156  1749  1749 E LoadedApk: 	at java.lang.ClassLoader.loadClass(ClassLoader.java:312)
04-22 10:24:58.156  1749  1749 E LoadedApk: 	at android.app.LoadedApk.createAppFactory(LoadedApk.java:256)
04-22 10:24:58.156  1749  1749 E LoadedApk: 	at android.app.LoadedApk.updateApplicationInfo(LoadedApk.java:370)
04-22 10:24:58.156  1749  1749 E LoadedApk: 	at android.app.ActivityThread.handleDispatchPackageBroadcast(ActivityThread.java:6186)
04-22 10:24:58.156  1749  1749 E LoadedApk: 	at android.app.ActivityThread$H.handleMessage(ActivityThread.java:2108)
04-22 10:24:58.156  1749  1749 E LoadedApk: 	at android.os.Handler.dispatchMessage(Handler.java:107)
04-22 10:24:58.156  1749  1749 E LoadedApk: 	at android.os.Looper.loop(Looper.java:241)
04-22 10:24:58.156  1749  1749 E LoadedApk: 	at com.android.server.SystemServer.run(SystemServer.java:585)
04-22 10:24:58.156  1749  1749 E LoadedApk: 	at com.android.server.SystemServer.main(SystemServer.java:381)
04-22 10:24:58.156  1749  1749 E LoadedApk: 	at java.lang.reflect.Method.invoke(Native Method)
04-22 10:24:58.156  1749  1749 E LoadedApk: 	at com.android.internal.os.RuntimeInit$MethodAndArgsCaller.run(RuntimeInit.java:492)
04-22 10:24:58.156  1749  1749 E LoadedApk: 	at com.android.internal.os.ZygoteInit.main(ZygoteInit.java:919)
04-22 10:24:58.161  1749  1749 E LoadedApk: Unable to instantiate appComponentFactory
04-22 10:24:58.161  1749  1749 E LoadedApk: java.lang.ClassNotFoundException: Didn't find class "androidx.core.app.CoreComponentFactory" on path: DexPathList[[],nativeLibraryDirectories=[/system/app/YTMusic/lib/arm, /system/app/YTMusic/YTMusic.apk!/lib/armeabi-v7a, /system/lib, /product/lib, /system/lib, /product/lib]]
04-22 10:24:58.161  1749  1749 E LoadedApk: 	at dalvik.system.BaseDexClassLoader.findClass(BaseDexClassLoader.java:196)
04-22 10:24:58.161  1749  1749 E LoadedApk: 	at java.lang.ClassLoader.loadClass(ClassLoader.java:379)
04-22 10:24:58.161  1749  1749 E LoadedApk: 	at java.lang.ClassLoader.loadClass(ClassLoader.java:312)
