04-22 11:25:04.844  1749  1773 I WindowManager:   SURFACE show Surface(name=InputMethod)/@0xabd249c on display:0: InputMethod
04-22 11:25:04.884  2997  3624 I ShortcutsDataManager: AbstractContentDataManager.importRecords():312 importRecords() : Success : Count = 0
04-22 11:25:04.887  2997  3624 I ShortcutsDataManager: AbstractContentDataManager.importContentData():262 importContentData() : Ending import process
04-22 11:25:04.901  2997  3624 I PersonalLanguageModelUpdater: PersonalLanguageModelUpdater$UpdateOperation.performInternal():160 run() : Added 0 words and 0 shortcuts
04-22 11:25:04.901  2997  3624 I DynamicLanguageModelOperation: DynamicLanguageModelOperation.perform():37 perform() : 4 : chw : Completed
04-22 11:25:04.902  2997  3983 I Delight5Decoder: Delight5DecoderWrapper.loadLanguageModel():551 loadLanguageModel() : 4, version [n/a]
04-22 11:25:04.902  2997  2997 I ShortcutsDataManager: AbstractContentDataManager$ImportContentTask.onPostExecute():233 onPostExecute() : Result = [2,0]
04-22 11:25:04.902  2997  2997 I ShortcutsDataManager: ShortcutsDataManager.onImportFinished():99 onImportFinished() : Result = 2 : Count = 0
04-22 11:25:04.902  2997  3983 I Delight5Decoder: Delight5DecoderWrapper.loadLanguageModel():589 Loaded dynamic LM 4.en
04-22 11:25:05.138   728  1295 D MDnsDS  : Monitor poll got data pollCount = 2, 1
04-22 11:25:05.138   728  1295 D MDnsDS  : Monitor found [1].revents = 1 - calling ProcessResults
04-22 11:25:05.138   728  1295 D MDnsDS  : register succeeded for 25 as IkpMb2Nbye0AAA
04-22 11:25:05.138   728  1295 D MDnsDS  : controlSocket shows revent= 0
04-22 11:25:05.138   728  1295 D MDnsDS  : Going to poll with pollCount 2
04-22 11:25:05.140  1749  2257 D NsdService: Native daemon message SERVICE_REGISTERED: 606 25 "IkpMb2Nbye0AAA"
04-22 11:25:05.163  2294 25465 I chatty  : uid=1002(bluetooth) Binder:2294_7 expire 13 lines
04-22 11:25:05.164  2294  2614 I chatty  : uid=1002(bluetooth) btu message loo expire 97 lines
04-22 11:25:05.164 21460 21569 I chatty  : uid=10158(com.google.android.gms) Binder:21460_4 expire 11 lines
04-22 11:25:05.190   728  2384 I netd    : trafficSwapActiveStatsMap() <39.02ms>
04-22 11:25:05.190  2294  2588 I chatty  : uid=1002(bluetooth) BluetoothScanMa expire 12 lines
04-22 11:25:05.194   728  2384 I netd    : tetherGetStats() <2.16ms>
04-22 11:25:05.206   728  2384 I netd    : bandwidthSetGlobalAlert(2097152) <0.54ms>
04-22 11:25:05.241  1749  7787 I WifiService: acquireMulticastLock uid=10158
04-22 11:25:05.583  2997  9985 I TiresiasImpl: TiresiasImpl.resetSession():1228 resetSession(): Reset failed, no active session.
04-22 11:25:06.186  2997  2997 I KeyboardWrapper: KeyboardWrapper.consumeEvent():264 Skip consuming an event as current keyboard is deactivated (state=0, keyboard existence=true)
04-22 11:25:06.186  2997  2997 I VoiceInputManagerWrapper: VoiceInputManagerWrapper.shutdown():76 shutdown()
04-22 11:25:06.187  2997  2997 I AndroidIME: AbstractIme.onDeactivate():145 LatinIme.onDeactivate()
04-22 11:25:06.248  2997  2997 I KeyboardViewUtil: KeyboardViewUtil.getKeyboardHeightRatio():127 systemKeyboardHeightRatio:1.000000; userKeyboardHeightRatio:1.000000.
04-22 11:25:06.248  2997  2997 I AndroidIME: AbstractIme.onActivate():83 LatinIme.onActivate() : EditorInfo = Package = com.google.location.nearby.apps.connectedcrossroad : Type = Text : Learning = Enable : Suggestion = Show : AutoCorrection = Enable : Microphone = Show : NoPersonalizedLearning = Disable, IncognitoMode = false
04-22 11:25:06.249  2997  2997 I Delight5Facilitator: Delight5Facilitator.initializeForIme():574 initializeForIme() : Locale = [en_US], layout = qwerty
04-22 11:25:06.249  2997  2997 I VoiceInputManagerWrapper: VoiceInputManagerWrapper.cancelShutdown():54 cancelShutdown()
04-22 11:25:06.249  2997  2997 I VoiceInputManagerWrapper: VoiceInputManagerWrapper.syncLanguagePacks():66 syncLanguagePacks()
04-22 11:25:06.249  2997 25136 I SpeechFactory: SpeechRecognitionFactory.maybeScheduleAutoPackDownloadForFallback():155 maybeScheduleAutoPackDownloadForFallback()
04-22 11:25:06.250  2997 25136 I FallbackOnDeviceRecognitionProvider: FallbackOnDeviceRecognitionProvider.maybeScheduleAutoPackDownload():200 maybeScheduleAutoPackDownload() for language tag en-US
04-22 11:25:06.252  2997  2997 I KeyboardWrapper: KeyboardWrapper.consumeEvent():264 Skip consuming an event as current keyboard is deactivated (state=0, keyboard existence=true)
04-22 11:25:06.254  2997  2997 E KeyboardViewController: KeyboardViewController.clearSubViewControllerInternal():373 Clears keyboard sub view controller for keyboardType: null, viewType: HEADER, viewId: 2131432509(softkey_holder_fixed_candidates),which has not been set.
04-22 11:25:06.254  2997  2997 E KeyboardViewController: jjy
04-22 11:25:06.254  2997  2997 E KeyboardViewController: 	at djm.b(PG:17)
04-22 11:25:06.254  2997  2997 E KeyboardViewController: 	at djm.a(PG:12)
04-22 11:25:06.254  2997  2997 E KeyboardViewController: 	at bna.c(PG:99)
04-22 11:25:06.254  2997  2997 E KeyboardViewController: 	at com.google.android.apps.inputmethod.latin.keyboard.LatinSymbolsKeyboard.b(PG:19)
04-22 11:25:06.254  2997  2997 E KeyboardViewController: 	at dkc.a(PG:38)
04-22 11:25:06.254  2997  2997 E KeyboardViewController: 	at dia.a(PG:44)
04-22 11:25:06.254  2997  2997 E KeyboardViewController: 	at dkc.a(PG:52)
04-22 11:25:06.254  2997  2997 E KeyboardViewController: 	at dfq.a(PG:29)
04-22 11:25:06.254  2997  2997 E KeyboardViewController: 	at dfq.C(PG:22)
04-22 11:25:06.254  2997  2997 E KeyboardViewController: 	at dfu.d(PG:11)
04-22 11:25:06.254  2997  2997 E KeyboardViewController: 	at dfu.b(PG:109)
04-22 11:25:06.254  2997  2997 E KeyboardViewController: 	at com.android.inputmethod.latin.LatinIME.b(PG:333)
04-22 11:25:06.254  2997  2997 E KeyboardViewController: 	at dew.onStartInputView(PG:755)
04-22 11:25:06.254  2997  2997 E KeyboardViewController: 	at android.inputmethodservice.InputMethodService.doStartInput(InputMethodService.java:2153)
04-22 11:25:06.254  2997  2997 E KeyboardViewController: 	at android.inputmethodservice.InputMethodService$InputMethodImpl.startInput(InputMethodService.java:566)
04-22 11:25:06.254  2997  2997 E KeyboardViewController: 	at android.inputmethodservice.InputMethodService$InputMethodImpl.dispatchStartInputWithToken(InputMethodService.java:595)
04-22 11:25:06.254  2997  2997 E KeyboardViewController: 	at android.inputmethodservice.IInputMethodWrapper.executeMessage(IInputMethodWrapper.java:194)
04-22 11:25:06.254  2997  2997 E KeyboardViewController: 	at com.android.internal.os.HandlerCaller$MyHandler.handleMessage(HandlerCaller.java:44)
04-22 11:25:06.254  2997  2997 E KeyboardViewController: 	at android.os.Handler.dispatchMessage(Handler.java:107)
04-22 11:25:06.254  2997  2997 E KeyboardViewController: 	at android.os.Looper.loop(Looper.java:241)
04-22 11:25:06.254  2997  2997 E KeyboardViewController: 	at android.app.ActivityThread.main(ActivityThread.java:7604)
04-22 11:25:06.254  2997  2997 E KeyboardViewController: 	at java.lang.reflect.Method.invoke(Native Method)
04-22 11:25:06.254  2997  2997 E KeyboardViewController: 	at com.android.internal.os.RuntimeInit$MethodAndArgsCaller.run(RuntimeInit.java:492)
04-22 11:25:06.254  2997  2997 E KeyboardViewController: 	at com.android.internal.os.ZygoteInit.main(ZygoteInit.java:941)
04-22 11:25:06.287  2997  2997 W KeyboardModeManager: KeyboardModeManager.setInputView():359 setInputView() : inputView = com.google.android.apps.inputmethod.libs.framework.core.InputView{a223891 V.E...... ......ID 0,0-720,1380}
04-22 11:25:06.292  2997  2997 I ConversationToQueryExtension: ConversationToQueryExtension.isEnabledForHostApp():254 Conv2Query not enabled due to current app [com.google.location.nearby.apps.connectedcrossroad] not in whitelist
04-22 11:25:06.292  2997  2997 I ConversationToQueryExtension: ConversationToQueryExtension.onActivate():165 onActivate() : Disabled by unsupported host app
04-22 11:25:07.102  2997  9985 I TiresiasImpl: TiresiasImpl.resetSession():1228 resetSession(): Reset failed, no active session.
04-22 11:25:07.110  2997  3983 I native  : dynamic-oov-words.cc:213 AddPendingWords: 2 -> 0 0 ms
04-22 11:25:07.427  2997  9985 I TiresiasImpl: TiresiasImpl.resetSession():1228 resetSession(): Reset failed, no active session.
04-22 11:25:07.743  2997  9985 I chatty  : uid=10194(com.google.android.inputmethod.latin) Tiresias identical 7 lines
04-22 11:25:08.366   886   886 I vendor.rmt_storage: rmt_storage_connect_cb: clnt_h=0x18 conn_h=0xa650a020
04-22 11:25:08.366   886   886 I vendor.rmt_storage: rmt_storage_rw_iovec_cb: /boot/modem_fs2: req_h=0x18 msg_id=3: R/W request received (wr_count 16)
04-22 11:25:08.366   886   886 I vendor.rmt_storage: rw_iovec client->path = /boot/modem_fs2
04-22 11:25:08.367   886   886 I vendor.rmt_storage: wakelock acquired: 1, error no: 42
04-22 11:25:08.367   886  1542 I vendor.rmt_storage: rmt_storage_client_thread: /boot/modem_fs2: Unblock worker thread (th_id: -1507581392)
04-22 11:25:08.428   886  1542 I vendor.rmt_storage: rmt_storage_client_thread: /boot/modem_fs2: req_h=0x18 msg_id=3: Bytes written = 1572864, wr_count 16
04-22 11:25:08.428   886  1542 I vendor.rmt_storage: rmt_storage_client_thread: /boot/modem_fs2: req_h=0x18 msg_id=3: Send response: res=0 err=0, wr_count 16
04-22 11:25:08.428   886  1542 I vendor.rmt_storage: rmt_storage_client_thread: /boot/modem_fs2: About to block rmt_storage client thread (th_id: -1507581392) wakelock released: 1, error no: 0
04-22 11:25:08.428   886  1542 I vendor.rmt_storage: 
04-22 11:25:08.431   886   886 I vendor.rmt_storage: rmt_storage_disconnect_cb: clnt_h=0x18 conn_h=0xa650a020
04-22 11:25:08.747  2997  2997 I chatty  : uid=10194(com.google.android.inputmethod.latin) expire 10 lines
04-22 11:25:09.001 12513 13150 W DiskUsageLogger: Disk usage - cache version: V2, maxEligibleCacheVersion: V2, permDataSizeKB: 1012, cacheSizeKB: 112, codeSizeKB: 33498 [CONTEXT ratelimit_period="1 HOURS" ]
04-22 11:25:09.674   812  1668 D NativeSensors: CapSensor:  mPendingEvent.distance=2.000000
04-22 11:25:09.783 24881  9794 W Binder  : reply too large data on java level: InterfaceDescriptor = null, code = 46
04-22 11:25:09.784 12420 12460 E JavaBinder: !!! FAILED BINDER TRANSACTION !!!  (parcel size = 696)
04-22 11:25:09.784 12420 12460 W GmsClient: IGmsServiceBroker.getService failed
04-22 11:25:09.784 12420 12460 W GmsClient: android.os.DeadObjectException: Transaction failed on small parcel; remote process probably died
04-22 11:25:09.784 12420 12460 W GmsClient: 	at android.os.BinderProxy.transactNative(Native Method)
04-22 11:25:09.784 12420 12460 W GmsClient: 	at android.os.BinderProxy.transact(BinderProxy.java:511)
04-22 11:25:09.784 12420 12460 W GmsClient: 	at qgo.getService(PG:10)
04-22 11:25:09.784 12420 12460 W GmsClient: 	at com.google.android.gms.common.internal.BaseGmsClient.a(PG:107)
04-22 11:25:09.784 12420 12460 W GmsClient: 	at qcy.run(PG:8)
04-22 11:25:09.784 12420 12460 W GmsClient: 	at android.os.Handler.handleCallback(Handler.java:883)
04-22 11:25:09.784 12420 12460 W GmsClient: 	at android.os.Handler.dispatchMessage(Handler.java:100)
04-22 11:25:09.784 12420 12460 W GmsClient: 	at qtd.a(PG:5)
04-22 11:25:09.784 12420 12460 W GmsClient: 	at qtd.dispatchMessage(PG:4)
04-22 11:25:09.784 12420 12460 W GmsClient: 	at android.os.Looper.loop(Looper.java:241)
04-22 11:25:09.784 12420 12460 W GmsClient: 	at android.os.HandlerThread.run(HandlerThread.java:67)
04-22 11:25:11.128  1749  3482 D WificondControl: Scan result ready event
04-22 11:25:13.718   468   468 W ueventd : type=1400 audit(0.0:2590): avc: denied { kill } for uid=0 capability=5 scontext=u:r:ueventd:s0 tcontext=u:r:ueventd:s0 tclass=capability permissive=0
04-22 11:25:13.921 21460 13156 I chatty  : uid=10158 com.google.android.gms.persistent expire 32 lines
04-22 11:25:13.964   728 13157 E ResolverController: No valid NAT64 prefix (101, <unspecified>/0)
04-22 11:25:13.978 21460 13159 I chatty  : uid=10158 com.google.android.gms.persistent expire 10 lines
04-22 11:25:14.001 21460 21709 I chatty  : uid=10158(com.google.android.gms) Thread-18 expire 6 lines
04-22 11:25:14.040 13020 13020 D connectedcrossroad: onEndpointFound: Connecting to 5UMs
04-22 11:25:14.098  2294 13160 I chatty  : uid=1002(bluetooth) com.android.bluetooth expire 2 lines
04-22 11:25:14.300   833 12353 E WifiHAL : Received fatal event, sending alert
04-22 11:25:14.302  1749 18151 W WifiVendorHal: onDebugErrorAlert 4104
04-22 11:25:14.495  2294  2358 I chatty  : uid=1002(bluetooth) BT Service Call expire 85 lines
04-22 11:25:14.496 21460 21617 I chatty  : uid=10158(com.google.android.gms) Binder:21460_5 expire 20 lines
04-22 11:25:14.507  2313  2395 W BluetoothEventManager: AclStateChangedHandler: activeDevice is null
04-22 11:25:14.512  2294 25292 I chatty  : uid=1002(bluetooth) Binder:2294_6 expire 23 lines
04-22 11:25:14.529  8057  8057 D MCLOG   : [MC_Service] onStartcommand()
04-22 11:25:14.558 21460 13176 I chatty  : uid=10158 com.google.android.gms.persistent expire 1 line
04-22 11:25:14.605 21153 21380 I MicroDataManager: isInitializing-false locale not changed-true model not changed-true
04-22 11:25:14.616 21153 21380 I BistoWorker: bluetoothConnectionStateChanged. Action: android.bluetooth.device.action.ACL_CONNECTED
04-22 11:25:14.618 21153 21380 I BistoWorker: Ignoring non-bonded action android.bluetooth.device.action.ACL_CONNECTED for device 6E:EE:68:1B:2D:BF
04-22 11:25:14.620 21153 21380 I MicroDetectionState: Should stop hotword detection immediately - false
04-22 11:25:14.622 21460 21664 I chatty  : uid=10158(com.google.android.gms) NearbyMessages expire 5 lines
04-22 11:25:14.840 12420 12460 E JavaBinder: !!! FAILED BINDER TRANSACTION !!!  (parcel size = 696)
04-22 11:25:14.840 12420 12460 W GmsClient: IGmsServiceBroker.getService failed
04-22 11:25:14.840 12420 12460 W GmsClient: android.os.DeadObjectException: Transaction failed on small parcel; remote process probably died
04-22 11:25:14.840 12420 12460 W GmsClient: 	at android.os.BinderProxy.transactNative(Native Method)
04-22 11:25:14.840 12420 12460 W GmsClient: 	at android.os.BinderProxy.transact(BinderProxy.java:511)
04-22 11:25:14.840 12420 12460 W GmsClient: 	at qgo.getService(PG:10)
04-22 11:25:14.840 12420 12460 W GmsClient: 	at com.google.android.gms.common.internal.BaseGmsClient.a(PG:107)
04-22 11:25:14.840 12420 12460 W GmsClient: 	at qcy.run(PG:8)
04-22 11:25:14.840 12420 12460 W GmsClient: 	at android.os.Handler.handleCallback(Handler.java:883)
04-22 11:25:14.840 12420 12460 W GmsClient: 	at android.os.Handler.dispatchMessage(Handler.java:100)
04-22 11:25:14.840 12420 12460 W GmsClient: 	at qtd.a(PG:5)
04-22 11:25:14.840 12420 12460 W GmsClient: 	at qtd.dispatchMessage(PG:4)
04-22 11:25:14.840 12420 12460 W GmsClient: 	at android.os.Looper.loop(Looper.java:241)
04-22 11:25:14.840 12420 12460 W GmsClient: 	at android.os.HandlerThread.run(HandlerThread.java:67)
04-22 11:25:15.352 12349 12349 I wpa_supplicant: TDLS: Creating peer entry for ae:44:8e:bb:c6:89
04-22 11:25:15.353 12349 12349 I wpa_supplicant: TDLS: Failed to send message (action_code=14)
04-22 11:25:15.529  2294  2614 I chatty  : uid=1002(bluetooth) btu message loo expire 33 lines
04-22 11:25:15.967  2294 13183 I chatty  : uid=1002(bluetooth) com.android.bluetooth expire 2 lines
04-22 11:25:15.978  2294  2588 I chatty  : uid=1002(bluetooth) BluetoothScanMa expire 20 lines
04-22 11:25:15.979  2294 10674 I chatty  : uid=1002(bluetooth) Binder:2294_8 expire 14 lines
04-22 11:25:16.029  1749 11122 I WifiService: enableTdls uid=10158 enable=true
04-22 11:25:16.034  1749   552 I WifiService: enableTdlsWithMacAddress uid=1000 enable=true
04-22 11:25:16.035 12349 12349 I wpa_supplicant: TDLS: Failed to send message (action_code=10)
04-22 11:25:16.035 12349 12349 I wpa_supplicant: StaIface: TDLS discover failed: -1
04-22 11:25:16.569 21460 21645 I chatty  : uid=10158(com.google.android.gms) NearbyDiscovery expire 4 lines
04-22 11:25:17.148   728  1298 D NetdFwmarkServer: Cmd 0: 0, 10158: UserP=3, fwmark=1F0065
04-22 11:25:17.149 21460 11992 I chatty  : uid=10158 com.google.android.gms.persistent expire 16 lines
04-22 11:25:17.150 21460 13162 I chatty  : uid=10158 com.google.android.gms.persistent expire 18 lines
04-22 11:25:17.154  1749 11122 I WifiService: enableTdls uid=10158 enable=true
04-22 11:25:17.157  1749   552 I WifiService: enableTdlsWithMacAddress uid=1000 enable=true
04-22 11:25:17.159 12349 12349 I wpa_supplicant: TDLS: Failed to send message (action_code=10)
04-22 11:25:17.159 12349 12349 I wpa_supplicant: StaIface: TDLS discover failed: -1
04-22 11:25:17.297  1749  5605 I WifiService: enableTdls uid=10158 enable=false
04-22 11:25:17.301  1749   552 I WifiService: enableTdlsWithMacAddress uid=1000 enable=false
04-22 11:25:17.438 12349 12349 I wpa_supplicant: TDLS: Failed to send message (action_code=14)
04-22 11:25:17.632 13020 13020 D connectedcrossroad: onConnectionInitiated: Accepting connection
04-22 11:25:18.415  2313  2395 D CachedBluetoothDevice: Device name: IjVVTXNbye0AAAAAAAAAATE
04-22 11:25:19.687 13020 13020 D connectedcrossroad: onEndpointFound: Connecting to VQpp
04-22 11:25:19.900 12420 12460 E JavaBinder: !!! FAILED BINDER TRANSACTION !!!  (parcel size = 696)
04-22 11:25:19.901 12420 12460 W GmsClient: IGmsServiceBroker.getService failed
04-22 11:25:19.901 12420 12460 W GmsClient: android.os.DeadObjectException: Transaction failed on small parcel; remote process probably died
04-22 11:25:19.901 12420 12460 W GmsClient: 	at android.os.BinderProxy.transactNative(Native Method)
04-22 11:25:19.901 12420 12460 W GmsClient: 	at android.os.BinderProxy.transact(BinderProxy.java:511)
04-22 11:25:19.901 12420 12460 W GmsClient: 	at qgo.getService(PG:10)
04-22 11:25:19.901 12420 12460 W GmsClient: 	at com.google.android.gms.common.internal.BaseGmsClient.a(PG:107)
04-22 11:25:19.901 12420 12460 W GmsClient: 	at qcy.run(PG:8)
04-22 11:25:19.901 12420 12460 W GmsClient: 	at android.os.Handler.handleCallback(Handler.java:883)
04-22 11:25:19.901 12420 12460 W GmsClient: 	at android.os.Handler.dispatchMessage(Handler.java:100)
04-22 11:25:19.901 12420 12460 W GmsClient: 	at qtd.a(PG:5)
04-22 11:25:19.901 12420 12460 W GmsClient: 	at qtd.dispatchMessage(PG:4)
04-22 11:25:19.901 12420 12460 W GmsClient: 	at android.os.Looper.loop(Looper.java:241)
04-22 11:25:19.901 12420 12460 W GmsClient: 	at android.os.HandlerThread.run(HandlerThread.java:67)
04-22 11:25:20.464 21460 13194 I chatty  : uid=10158 com.google.android.gms.persistent expire 21 lines
04-22 11:25:23.721     0     0 W swapper/0: type=1400 audit(0.0:2591): avc: denied { kill } for uid=0 capability=5 scontext=u:r:kernel:s0 tcontext=u:r:kernel:s0 tclass=capability permissive=0
04-22 11:25:24.978 12420 12460 E JavaBinder: !!! FAILED BINDER TRANSACTION !!!  (parcel size = 696)
04-22 11:25:24.979 12420 12460 W GmsClient: IGmsServiceBroker.getService failed
04-22 11:25:24.979 12420 12460 W GmsClient: android.os.DeadObjectException: Transaction failed on small parcel; remote process probably died
04-22 11:25:24.979 12420 12460 W GmsClient: 	at android.os.BinderProxy.transactNative(Native Method)
04-22 11:25:24.979 12420 12460 W GmsClient: 	at android.os.BinderProxy.transact(BinderProxy.java:511)
04-22 11:25:24.979 12420 12460 W GmsClient: 	at qgo.getService(PG:10)
04-22 11:25:24.979 12420 12460 W GmsClient: 	at com.google.android.gms.common.internal.BaseGmsClient.a(PG:107)
04-22 11:25:24.979 12420 12460 W GmsClient: 	at qcy.run(PG:8)
04-22 11:25:24.979 12420 12460 W GmsClient: 	at android.os.Handler.handleCallback(Handler.java:883)
04-22 11:25:24.979 12420 12460 W GmsClient: 	at android.os.Handler.dispatchMessage(Handler.java:100)
04-22 11:25:24.979 12420 12460 W GmsClient: 	at qtd.a(PG:5)
04-22 11:25:24.979 12420 12460 W GmsClient: 	at qtd.dispatchMessage(PG:4)
04-22 11:25:24.979 12420 12460 W GmsClient: 	at android.os.Looper.loop(Looper.java:241)
04-22 11:25:24.979 12420 12460 W GmsClient: 	at android.os.HandlerThread.run(HandlerThread.java:67)
04-22 11:25:26.685   833 12353 E WifiHAL : Received fatal event, sending alert
04-22 11:25:26.686  1749 18151 W WifiVendorHal: onDebugErrorAlert 4104
04-22 11:25:19.900 24881  9794 I chatty  : uid=10158(com.google.android.gms) Binder:24881_C identical 2 lines
04-22 11:25:24.978 24881  9794 W Binder  : reply too large data on java level: InterfaceDescriptor = null, code = 46
04-22 11:25:28.324  1749  2054 D BatteryService: uevent={POWER_SUPPLY_DP_DM=0, POWER_SUPPLY_VOLTAGE_NOW=3750460, POWER_SUPPLY_SW_JEITA_ENABLED=0, POWER_SUPPLY_CHARGE_CONTROL_LIMIT_MAX=8, POWER_SUPPLY_RECHARGE_SOC=99, POWER_SUPPLY_HEALTH=Good, POWER_SUPPLY_TECHNOLOGY=Li-ion, POWER_SUPPLY_FCC_STEPPER_ENABLE=0, SEQNUM=624497, POWER_SUPPLY_INPUT_CURRENT_LIMITED=0, POWER_SUPPLY_CHARGE_CONTROL_LIMIT=0, POWER_SUPPLY_BATTERY_CHARGING_ENABLED=1, POWER_SUPPLY_STATUS=Discharging, POWER_SUPPLY_CYCLE_COUNT=1, POWER_SUPPLY_CURRENT_MAX=2000000, POWER_SUPPLY_CHARGE_TERM_CURRENT=-101, POWER_SUPPLY_CAPACITY=32, DEVPATH=/devices/platform/soc/200f000.qcom,spmi/spmi-0/spmi0-02/200f000.qcom,spmi:qcom,pmi632@2:qcom,qpnp-smb5/power_supply/battery, POWER_SUPPLY_CHARGE_DONE=0, POWER_SUPPLY_CHARGE_TYPE=N/A, POWER_SUPPLY_CHARGE_RATE=None, POWER_SUPPLY_CURRENT_NOW=-213318, POWER_SUPPLY_SYSTEM_TEMP_LEVEL=0, POWER_SUPPLY_PRESENT=1, POWER_SUPPLY_PARALLEL_DISABLE=0, POWER_SUPPLY_CHARGE_FULL=3615000, SUBSYSTEM=power_supply, POWER_SUPPLY_SET_SHIP_MODE=0, POWER_SUPPLY_TEMP=253, ACTION=change, POWER_SUPPLY_RERUN_AICL=0, POWER_SUPPLY_AGE=100, POWER_SUPPLY_NAME=battery, POWER_SUPPLY_VOLTAGE_MAX=-22, POWER_SUPPLY_CONSTANT_CHARGE_CURRENT_MAX=2000000, POWER_SUPPLY_CHARGE_COUNTER=1156800, POWER_SUPPLY_STEP_CHARGING_ENABLED=0, POWER_SUPPLY_NUM_SYSTEM_TEMP_LEVELS=8, POWER_SUPPLY_DIE_HEALTH=Hot, POWER_SUPPLY_INPUT_SUSPEND=0}
04-22 11:25:28.344  2508  2508 D QtiCarrierConfigHelper: WARNING, no carrier configs on phone Id: 0
04-22 11:25:28.759  2997  3080 I chatty  : uid=10194(com.google.android.inputmethod.latin) ExUtils-P11-1 expire 1 line
04-22 11:25:29.593  1749  1781 I ActivityManager: Waited long enough for: ServiceRecord{53ee9eb u0 com.google.android.googlequicksearchbox/com.google.android.apps.gsa.shared.util.keepalive.StandaloneKeepAlive$KeepAliveService}
04-22 11:25:30.059 24881  9794 I chatty  : uid=10158(com.google.android.gms) Binder:24881_C expire 3 lines
04-22 11:25:30.060 24881  9794 W Binder  : reply too large data on java level: InterfaceDescriptor = null, code = 46
04-22 11:25:30.060 12420 12460 E JavaBinder: !!! FAILED BINDER TRANSACTION !!!  (parcel size = 696)
04-22 11:25:30.062 12420 12460 W GmsClient: IGmsServiceBroker.getService failed
04-22 11:25:30.062 12420 12460 W GmsClient: android.os.DeadObjectException: Transaction failed on small parcel; remote process probably died
04-22 11:25:30.062 12420 12460 W GmsClient: 	at android.os.BinderProxy.transactNative(Native Method)
04-22 11:25:30.062 12420 12460 W GmsClient: 	at android.os.BinderProxy.transact(BinderProxy.java:511)
04-22 11:25:30.062 12420 12460 W GmsClient: 	at qgo.getService(PG:10)
04-22 11:25:30.062 12420 12460 W GmsClient: 	at com.google.android.gms.common.internal.BaseGmsClient.a(PG:107)
04-22 11:25:30.062 12420 12460 W GmsClient: 	at qcy.run(PG:8)
04-22 11:25:30.062 12420 12460 W GmsClient: 	at android.os.Handler.handleCallback(Handler.java:883)
04-22 11:25:30.062 12420 12460 W GmsClient: 	at android.os.Handler.dispatchMessage(Handler.java:100)
04-22 11:25:30.062 12420 12460 W GmsClient: 	at qtd.a(PG:5)
04-22 11:25:30.062 12420 12460 W GmsClient: 	at qtd.dispatchMessage(PG:4)
04-22 11:25:30.062 12420 12460 W GmsClient: 	at android.os.Looper.loop(Looper.java:241)
04-22 11:25:30.062 12420 12460 W GmsClient: 	at android.os.HandlerThread.run(HandlerThread.java:67)
04-22 11:25:31.434   812  1044 W qti_sensors_hal: processReportInd: lux: 18, ch0: 54, ch1: 17
04-22 11:25:31.462   812  1655 W qti_sensors_hal: reportSingleEvent: NearBy 1, pData 9121,  highThd 5000
04-22 11:25:31.562   812  1044 W qti_sensors_hal: processReportInd: lux: 2, ch0: 10, ch1: 15
04-22 11:25:31.820   812  1044 W qti_sensors_hal: processReportInd: lux: 9, ch0: 28, ch1: 16
04-22 11:25:31.892 21460 13194 I chatty  : uid=10158 com.google.android.gms.persistent expire 19 lines
04-22 11:25:32.210   812  1044 W qti_sensors_hal: processReportInd: lux: 19, ch0: 58, ch1: 17
04-22 11:25:32.240   812  1655 W qti_sensors_hal: reportSingleEvent: NearBy 0, pData 1649,  highThd 65535
04-22 11:25:32.339   812  1044 W qti_sensors_hal: processReportInd: lux: 35, ch0: 101, ch1: 18
04-22 11:25:32.598   812  1044 W qti_sensors_hal: processReportInd: lux: 42, ch0: 122, ch1: 18
04-22 11:25:32.788   812  1668 D NativeSensors: CapSensor:  mPendingEvent.distance=0.000000
04-22 11:25:33.029   812  1668 D NativeSensors: CapSensor:  mPendingEvent.distance=0.000000
04-22 11:25:33.724     0     0 W swapper/1: type=1400 audit(0.0:2592): avc: denied { kill } for uid=0 capability=5 scontext=u:r:kernel:s0 tcontext=u:r:kernel:s0 tclass=capability permissive=0
04-22 11:25:34.728 21460 13156 I chatty  : uid=10158 com.google.android.gms.persistent expire 14 lines
04-22 11:25:35.141 12420 12460 E JavaBinder: !!! FAILED BINDER TRANSACTION !!!  (parcel size = 696)
04-22 11:25:35.142 12420 12460 W GmsClient: IGmsServiceBroker.getService failed
04-22 11:25:35.142 12420 12460 W GmsClient: android.os.DeadObjectException: Transaction failed on small parcel; remote process probably died
04-22 11:25:35.142 12420 12460 W GmsClient: 	at android.os.BinderProxy.transactNative(Native Method)
04-22 11:25:35.142 12420 12460 W GmsClient: 	at android.os.BinderProxy.transact(BinderProxy.java:511)
04-22 11:25:35.142 12420 12460 W GmsClient: 	at qgo.getService(PG:10)
04-22 11:25:35.142 12420 12460 W GmsClient: 	at com.google.android.gms.common.internal.BaseGmsClient.a(PG:107)
04-22 11:25:35.142 12420 12460 W GmsClient: 	at qcy.run(PG:8)
04-22 11:25:35.142 12420 12460 W GmsClient: 	at android.os.Handler.handleCallback(Handler.java:883)
04-22 11:25:35.142 12420 12460 W GmsClient: 	at android.os.Handler.dispatchMessage(Handler.java:100)
04-22 11:25:35.142 12420 12460 W GmsClient: 	at qtd.a(PG:5)
04-22 11:25:35.142 12420 12460 W GmsClient: 	at qtd.dispatchMessage(PG:4)
04-22 11:25:35.142 12420 12460 W GmsClient: 	at android.os.Looper.loop(Looper.java:241)
04-22 11:25:35.142 12420 12460 W GmsClient: 	at android.os.HandlerThread.run(HandlerThread.java:67)
04-22 11:25:36.463 21460 13224 I chatty  : uid=10158 com.google.android.gms.persistent expire 5 lines
04-22 11:25:39.434  2294  2621 I chatty  : uid=1002(bluetooth) btif_sock_poll expire 8 lines
04-22 11:25:40.221 12420 12460 E JavaBinder: !!! FAILED BINDER TRANSACTION !!!  (parcel size = 696)
04-22 11:25:40.222 12420 12460 W GmsClient: IGmsServiceBroker.getService failed
04-22 11:25:40.222 12420 12460 W GmsClient: android.os.DeadObjectException: Transaction failed on small parcel; remote process probably died
04-22 11:25:40.222 12420 12460 W GmsClient: 	at android.os.BinderProxy.transactNative(Native Method)
04-22 11:25:40.222 12420 12460 W GmsClient: 	at android.os.BinderProxy.transact(BinderProxy.java:511)
04-22 11:25:40.222 12420 12460 W GmsClient: 	at qgo.getService(PG:10)
04-22 11:25:40.222 12420 12460 W GmsClient: 	at com.google.android.gms.common.internal.BaseGmsClient.a(PG:107)
04-22 11:25:40.222 12420 12460 W GmsClient: 	at qcy.run(PG:8)
04-22 11:25:40.222 12420 12460 W GmsClient: 	at android.os.Handler.handleCallback(Handler.java:883)
04-22 11:25:40.222 12420 12460 W GmsClient: 	at android.os.Handler.dispatchMessage(Handler.java:100)
04-22 11:25:40.222 12420 12460 W GmsClient: 	at qtd.a(PG:5)
04-22 11:25:40.222 12420 12460 W GmsClient: 	at qtd.dispatchMessage(PG:4)
04-22 11:25:40.222 12420 12460 W GmsClient: 	at android.os.Looper.loop(Looper.java:241)
04-22 11:25:40.222 12420 12460 W GmsClient: 	at android.os.HandlerThread.run(HandlerThread.java:67)
04-22 11:25:35.140 24881  9794 I chatty  : uid=10158(com.google.android.gms) Binder:24881_C identical 1 line
04-22 11:25:40.220 24881  9794 W Binder  : reply too large data on java level: InterfaceDescriptor = null, code = 46
04-22 11:25:43.648  1749 11122 W ActivityManager: Background start not allowed: service Intent { cmp=com.google.android.apps.messaging/.shared.datamodel.action.execution.ActionExecutorImpl$EmptyService } to com.google.android.apps.messaging/.shared.datamodel.action.execution.ActionExecutorImpl$EmptyService from pid=12420 uid=10182 pkg=com.google.android.apps.messaging startFg?=false
04-22 11:25:43.658 12420 12420 W BugleDataModel: ActionExecutorImpl: Action started execution, but we can't guarantee it will complete, the app may be killed. Action: class com.google.android.apps.messaging.shared.datamodel.action.SelfParticipantsRefreshAction-SelfParticipantsRefreshAction:144985801005
04-22 11:25:43.658 12420 12420 W BugleDataModel: java.lang.IllegalStateException: Not allowed to start service Intent { cmp=com.google.android.apps.messaging/.shared.datamodel.action.execution.ActionExecutorImpl$EmptyService }: app is in background uid UidRecord{710ae97 u0a182 CEM  idle change:cached procs:1 seq(0,0,0)}
04-22 11:25:43.658 12420 12420 W BugleDataModel: 	at android.app.ContextImpl.startServiceCommon(ContextImpl.java:1631)
04-22 11:25:43.658 12420 12420 W BugleDataModel: 	at android.app.ContextImpl.startService(ContextImpl.java:1586)
04-22 11:25:43.658 12420 12420 W BugleDataModel: 	at android.content.ContextWrapper.startService(ContextWrapper.java:669)
04-22 11:25:43.658 12420 12420 W BugleDataModel: 	at com.google.android.apps.messaging.shared.datamodel.action.execution.ActionExecutorImpl.a(PG:94)
04-22 11:25:43.658 12420 12420 W BugleDataModel: 	at com.google.android.apps.messaging.shared.datamodel.action.execution.ActionExecutorImpl.a(PG:89)
04-22 11:25:43.658 12420 12420 W BugleDataModel: 	at fna.c(PG:112)
04-22 11:25:43.658 12420 12420 W BugleDataModel: 	at fmx.run(PG:1)
04-22 11:25:43.658 12420 12420 W BugleDataModel: 	at aajl.run(PG:3)
04-22 11:25:43.658 12420 12420 W BugleDataModel: 	at android.os.Handler.handleCallback(Handler.java:883)
04-22 11:25:43.658 12420 12420 W BugleDataModel: 	at android.os.Handler.dispatchMessage(Handler.java:100)
04-22 11:25:43.658 12420 12420 W BugleDataModel: 	at android.os.Looper.loop(Looper.java:241)
04-22 11:25:43.658 12420 12420 W BugleDataModel: 	at android.app.ActivityThread.main(ActivityThread.java:7604)
04-22 11:25:43.658 12420 12420 W BugleDataModel: 	at java.lang.reflect.Method.invoke(Native Method)
04-22 11:25:43.658 12420 12420 W BugleDataModel: 	at com.android.internal.os.RuntimeInit$MethodAndArgsCaller.run(RuntimeInit.java:492)
04-22 11:25:43.658 12420 12420 W BugleDataModel: 	at com.android.internal.os.ZygoteInit.main(ZygoteInit.java:941)
04-22 11:25:43.671 12420 12481 I BugleDataModel: ParticipantRefresh: Start participant refresh. refreshMode: SELF_ONLY
04-22 11:25:43.777 12420 12481 W Bugle   : SubscriptionMetadataUtils get: invalid subId = -1
04-22 11:25:43.778 12420 12481 W Bugle   : SubscriptionMetadataUtils get: invalid subId = -1
04-22 11:25:43.779 12420 12481 W Bugle   : MultiSimSubscriptionUtils: getSelfRawNumber: subInfo is null for subscription{id:-1}
04-22 11:25:43.790   833 12353 E WifiHAL : Received LOG message with insufficent length: 24
04-22 11:25:43.791   833 12353 E WifiHAL : Received fatal event, sending alert
04-22 11:25:43.792  1749 18151 W WifiVendorHal: onDebugErrorAlert 4104
04-22 11:25:43.871 12420 12481 I BugleDataModel: ParticipantRefresh: Number of participants refreshed: 0
04-22 11:25:45.635   812  1668 D NativeSensors: CapSensor:  mPendingEvent.distance=1.000000
04-22 11:25:46.030   812  1668 D NativeSensors: CapSensor:  mPendingEvent.distance=2.000000
04-22 11:25:46.276 13020 13020 D connectedcrossroad: data collect: burst start
04-22 11:25:46.276 13020 13020 V data    : Payload RX: 0
04-22 11:25:46.277 13020 13020 V data    : Payload TX: 0
04-22 11:25:46.277 13020 13020 V data    : Total RX: 0
04-22 11:25:46.277 13020 13020 V data    : Total TX: 0
04-22 11:25:46.277 13020 13020 D connectedcrossroad: sendMessage: Sent message
04-22 11:25:46.718 13020 13096 D connectedcrossroad: dataTxThread: Pulled AODV data from queue
04-22 11:25:47.111   728  1298 D NetdFwmarkServer: Cmd 0: 0, 10158: UserP=3, fwmark=1F0065
04-22 11:25:47.118  1749  3475 I WifiService: enableTdls uid=10158 enable=true
04-22 11:25:47.122  1749   552 I WifiService: enableTdlsWithMacAddress uid=1000 enable=true
04-22 11:25:47.221 13020 13096 D connectedcrossroad: dataTxThread: Pulled AODV data from queue
04-22 11:25:47.282 13020 13020 V data    : Payload RX: 0
04-22 11:25:47.283 13020 13020 V data    : Payload TX: 0
04-22 11:25:47.283 13020 13020 V data    : Total RX: 0
04-22 11:25:47.283 13020 13020 V data    : Total TX: 0
04-22 11:25:47.283 13020 13020 D connectedcrossroad: sendMessage: Sent message
04-22 11:25:47.641 21460 13177 I chatty  : uid=10158 com.google.android.gms.persistent expire 6 lines
04-22 11:25:47.652 21460 12665 I chatty  : uid=10158 com.google.android.gms.persistent expire 4 lines
04-22 11:25:47.724 13020 13096 D connectedcrossroad: dataTxThread: Pulled AODV data from queue
04-22 11:25:47.725 13020 13096 D connectedcrossroad: dataTxThread: Pulled AODV data from queue
04-22 11:25:47.843   812  1668 D NativeSensors: CapSensor:  mPendingEvent.distance=1.000000
04-22 11:25:47.891   812  1668 D NativeSensors: CapSensor:  mPendingEvent.distance=0.000000
04-22 11:25:48.228 13020 13096 D connectedcrossroad: dataTxThread: Pulled AODV data from queue
04-22 11:25:48.229 13020 13096 D connectedcrossroad: dataTxThread: Pulled AODV data from queue
04-22 11:25:48.289 13020 13020 V data    : Payload RX: 0
04-22 11:25:48.289 13020 13020 V data    : Payload TX: 0
04-22 11:25:48.289 13020 13020 V data    : Total RX: 0
04-22 11:25:48.290 13020 13020 V data    : Total TX: 0
04-22 11:25:48.290 13020 13020 D connectedcrossroad: sendMessage: Sent message
04-22 11:25:48.732 13020 13096 D connectedcrossroad: dataTxThread: Pulled AODV data from queue
04-22 11:25:49.235 13020 13096 I chatty  : uid=10216(com.google.location.nearby.apps.connectedcrossroad) identical 56 lines
04-22 11:25:49.295 13020 13020 I chatty  : uid=10216(com.google.location.nearby.apps.connectedcrossroad) expire 12 lines
04-22 11:25:49.706 21460 13105 I chatty  : uid=10158 com.google.android.gms.persistent expire 5 lines
04-22 11:25:49.706 21460 12931 I chatty  : uid=10158 com.google.android.gms.persistent expire 2 lines
04-22 11:25:51.337 13020 13043 I OpenGLRenderer: Davey! duration=5058ms; Flags=0, IntendedVsync=24680624552216, Vsync=24685657885348, OldestInputEvent=9223372036854775807, NewestInputEvent=0, HandleInputStart=24685662389154, AnimationStart=24685662623165, PerformTraversalsStart=24685664172852, DrawStart=24685666815352, SyncQueued=24685674827384, SyncStart=24685676153166, IssueDrawCommandsStart=24685676697176, SwapBuffers=24685682991969, FrameCompleted=24685684788531, DequeueBufferDuration=692000, QueueBufferDuration=823000, 
04-22 11:25:51.751 13020 13096 D connectedcrossroad: dataTxThread: Pulled AODV data from queue
04-22 11:25:52.256 13020 13096 D connectedcrossroad: dataTxThread: Pulled AODV data from queue
04-22 11:25:52.758 13020 13096 D connectedcrossroad: dataTxThread: Pulled AODV data from queue
04-22 11:25:53.261 13020 13096 D connectedcrossroad: dataTxThread: Pulled AODV data from queue
04-22 11:25:53.325  2294  2614 I chatty  : uid=1002(bluetooth) btu message loo expire 55 lines
04-22 11:25:53.531  2294  2358 I chatty  : uid=1002(bluetooth) BT Service Call expire 40 lines
04-22 11:25:53.532 21460 21651 I chatty  : uid=10158(com.google.android.gms) Binder:21460_8 expire 10 lines
04-22 11:25:53.535  2294 13239 I chatty  : uid=1002(bluetooth) com.android.bluetooth expire 2 lines
04-22 11:25:53.724     0     0 W swapper/2: type=1400 audit(0.0:2593): avc: denied { kill } for uid=0 capability=5 scontext=u:r:kernel:s0 tcontext=u:r:kernel:s0 tclass=capability permissive=0
04-22 11:25:53.764 13020 13096 D connectedcrossroad: dataTxThread: Pulled AODV data from queue
04-22 11:25:53.765 13020 13096 D connectedcrossroad: dataTxThread: Pulled AODV data from queue
04-22 11:25:54.267 13020 13096 D connectedcrossroad: dataTxThread: Pulled AODV data from queue
04-22 11:25:54.267 13020 13096 D connectedcrossroad: dataTxThread: Pulled AODV data from queue
04-22 11:25:54.770 13020 13096 D connectedcrossroad: dataTxThread: Pulled AODV data from queue
04-22 11:25:54.771 13020 13096 D connectedcrossroad: dataTxThread: Pulled AODV data from queue
04-22 11:25:55.043 21460 13241 I chatty  : uid=10158 com.google.android.gms.persistent expire 35 lines
04-22 11:25:55.272 13020 13096 D connectedcrossroad: dataTxThread: Pulled AODV data from queue
04-22 11:25:57.787 13020 13096 D connectedcrossroad: dataTxThread: Pulled AODV data from queue
04-22 11:25:59.440 21460 13194 I chatty  : uid=10158 com.google.android.gms.persistent expire 26 lines
04-22 11:25:59.617  2294 25465 I chatty  : uid=1002(bluetooth) Binder:2294_7 expire 11 lines
04-22 11:25:59.621  2294  2588 I chatty  : uid=1002(bluetooth) BluetoothScanMa expire 20 lines
04-22 11:25:59.653   728  1298 D NetdFwmarkServer: Cmd 0: 0, 10158: UserP=3, fwmark=1F0065
04-22 11:25:59.658  1749  7481 I WifiService: enableTdls uid=10158 enable=true
04-22 11:25:59.658 13020 13020 D connectedcrossroad: onEndpointFound: Connection request failure 8007: STATUS_BLUETOOTH_ERROR
04-22 11:25:59.661  1749   552 I WifiService: enableTdlsWithMacAddress uid=1000 enable=true
04-22 11:25:59.662 21460 13156 I chatty  : uid=10158 com.google.android.gms.persistent expire 63 lines
04-22 11:25:59.662 12349 12349 I wpa_supplicant: TDLS: Failed to send message (action_code=10)
04-22 11:25:59.662 12349 12349 I wpa_supplicant: StaIface: TDLS discover failed: -1
04-22 11:25:59.667 13020 13020 D connectedcrossroad: onEndpointFound: Connecting to QDKo
04-22 11:25:59.673 13020 13020 D connectedcrossroad: onEndpointFound: Connecting to HzK9
04-22 11:25:59.685 13020 13020 I connectedcrossroad: onConnectionResult: Connection successful
04-22 11:25:59.686 13020 13020 D connectedcrossroad: onConnectionResult: Neighbor added: 5UMs
04-22 11:25:59.696 21460 13162 I chatty  : uid=10158 com.google.android.gms.persistent expire 18 lines
04-22 11:25:59.707  1749  7481 I WifiService: enableTdls uid=10158 enable=true
04-22 11:25:59.735  1749   552 W WifiService: Did not find remoteAddress {192.168.1.68} in /proc/net/arp
04-22 11:25:59.773 13020 13020 D connectedcrossroad: onEndpointFound: Connecting to 2p32
04-22 11:25:59.795 13020 13100 V connectedcrossroad: Data collect: HELO
04-22 11:25:59.795 13020 13100 V perf    : Discovered neighbor: 1 (5UMs)
04-22 11:25:59.795 13020 13100 V perf    : Bytes sent: 0, received: 1224
04-22 11:25:59.795 13020 13100 V data    : Payload RX: 0
04-22 11:25:59.795 13020 13100 V data    : Payload TX: 0
04-22 11:25:59.795 13020 13100 V data    : Total RX: 1224
04-22 11:25:59.795 13020 13100 V data    : Total TX: 0
04-22 11:25:59.797 13020 13100 V connectedcrossroad: Data collect: HELO
04-22 11:25:59.797 13020 13100 V data    : Payload RX: 0
04-22 11:25:59.797 13020 13100 V data    : Payload TX: 0
04-22 11:25:59.797 13020 13100 V data    : Total RX: 1836
04-22 11:25:59.797 13020 13100 V data    : Total TX: 0
04-22 11:25:59.798 13020 13100 V connectedcrossroad: Data collect: HELO
04-22 11:25:59.798 13020 13100 V data    : Payload RX: 0
04-22 11:25:59.798 13020 13100 V data    : Payload TX: 0
04-22 11:25:59.798 13020 13100 V data    : Total RX: 2448
04-22 11:25:59.798 13020 13100 V data    : Total TX: 0
04-22 11:25:59.800 13020 13100 V connectedcrossroad: Data collect: HELO
04-22 11:25:59.800 13020 13100 V data    : Payload RX: 0
04-22 11:25:59.800 13020 13100 V data    : Payload TX: 0
04-22 11:25:59.800 13020 13100 V data    : Total RX: 3060
04-22 11:25:59.800 13020 13100 V data    : Total TX: 0
04-22 11:25:59.801 13020 13100 V connectedcrossroad: Data collect: HELO
04-22 11:25:59.801 13020 13100 V data    : Payload RX: 0
04-22 11:25:59.801 13020 13100 V data    : Payload TX: 0
04-22 11:25:59.801 13020 13100 V data    : Total RX: 3672
04-22 11:25:59.801 13020 13100 V data    : Total TX: 0
04-22 11:25:59.803 13020 13100 V connectedcrossroad: Data collect: HELO
04-22 11:25:59.803 13020 13100 V data    : Payload RX: 0
04-22 11:25:59.803 13020 13100 V data    : Payload TX: 0
04-22 11:25:59.803 13020 13100 V data    : Total RX: 4284
04-22 11:25:59.803 13020 13100 V data    : Total TX: 0
04-22 11:25:59.805 13020 13100 V connectedcrossroad: Data collect: HELO
04-22 11:25:59.805 13020 13100 V data    : Payload RX: 0
04-22 11:25:59.805 13020 13100 V data    : Payload TX: 0
04-22 11:25:59.805 13020 13100 V data    : Total RX: 4896
04-22 11:25:59.805 13020 13100 V data    : Total TX: 0
04-22 11:25:59.807 13020 13100 V connectedcrossroad: Data collect: RREQ
04-22 11:25:59.807 13020 13100 D connectedcrossroad: Data collect: SEND
04-22 11:25:59.809 13020 13100 V data    : Payload RX: 0
04-22 11:25:59.809 13020 13100 V data    : Payload TX: 0
04-22 11:25:59.809 13020 13100 V data    : Total RX: 6120
04-22 11:25:59.809 13020 13100 V data    : Total TX: 612
04-22 11:25:59.809 13020 13100 V connectedcrossroad: Data collect: HELO
04-22 11:25:59.809 13020 13100 V data    : Payload RX: 0
04-22 11:25:59.809 13020 13100 V data    : Payload TX: 0
04-22 11:25:59.809 13020 13100 V data    : Total RX: 6120
04-22 11:25:59.809 13020 13100 V data    : Total TX: 612
04-22 11:25:59.810 13020 13100 V connectedcrossroad: Data collect: RREQ
04-22 11:25:59.811 13020 13100 D connectedcrossroad: Data collect: SEND
04-22 11:25:59.812 13020 13100 V data    : Payload RX: 0
04-22 11:25:59.812 13020 13100 V data    : Payload TX: 0
04-22 11:25:59.812 13020 13100 V data    : Total RX: 6732
04-22 11:25:59.812 13020 13100 V data    : Total TX: 1224
04-22 11:25:59.813 13020 13100 V connectedcrossroad: Data collect: RREQ
04-22 11:25:59.813 13020 13100 D connectedcrossroad: Data collect: SEND
04-22 11:25:59.814 13020 13100 V data    : Payload RX: 0
04-22 11:25:59.814 13020 13100 V data    : Payload TX: 0
04-22 11:25:59.814 13020 13100 V data    : Total RX: 7344
04-22 11:25:59.814 13020 13100 V data    : Total TX: 1836
04-22 11:25:59.814 13020 13100 V connectedcrossroad: Data collect: HELO
04-22 11:25:59.814 13020 13100 V data    : Payload RX: 0
04-22 11:25:59.814 13020 13100 V data    : Payload TX: 0
04-22 11:25:59.814 13020 13100 V data    : Total RX: 7956
04-22 11:25:59.814 13020 13100 V data    : Total TX: 1836
04-22 11:25:59.816 13020 13100 V connectedcrossroad: Data collect: RREQ
04-22 11:25:59.816 13020 13100 D connectedcrossroad: Data collect: SEND
04-22 11:25:59.817 13020 13100 V data    : Payload RX: 0
04-22 11:25:59.817 13020 13100 V data    : Payload TX: 0
04-22 11:25:59.817 13020 13100 V data    : Total RX: 8568
04-22 11:25:59.817 13020 13100 V data    : Total TX: 2448
04-22 11:25:59.818 13020 13100 V connectedcrossroad: Data collect: RREQ
04-22 11:25:59.818 13020 13100 D connectedcrossroad: Data collect: SEND
04-22 11:25:59.819 13020 13100 V data    : Payload RX: 0
04-22 11:25:59.819 13020 13100 V data    : Payload TX: 0
04-22 11:25:59.819 13020 13100 V data    : Total RX: 9180
04-22 11:25:59.819 13020 13100 V data    : Total TX: 3060
04-22 11:25:59.820 13020 13100 V connectedcrossroad: Data collect: HELO
04-22 11:25:59.820 13020 13100 V data    : Payload RX: 0
04-22 11:25:59.820 13020 13100 V data    : Payload TX: 0
04-22 11:25:59.820 13020 13100 V data    : Total RX: 9792
04-22 11:25:59.820 13020 13100 V data    : Total TX: 3060
04-22 11:25:59.823 13020 13100 V connectedcrossroad: Data collect: HELO
04-22 11:25:59.823 13020 13100 V data    : Payload RX: 0
04-22 11:25:59.823 13020 13100 V data    : Payload TX: 0
04-22 11:25:59.823 13020 13100 V data    : Total RX: 10404
04-22 11:25:59.823 13020 13100 V data    : Total TX: 3060
04-22 11:25:59.824 13020 13100 V connectedcrossroad: Data collect: HELO
04-22 11:25:59.824 13020 13100 V data    : Payload RX: 0
04-22 11:25:59.824 13020 13100 V data    : Payload TX: 0
04-22 11:25:59.824 13020 13100 V data    : Total RX: 11016
04-22 11:25:59.824 13020 13100 V data    : Total TX: 3060
04-22 11:25:59.826 13020 13100 V connectedcrossroad: Data collect: HELO
04-22 11:25:59.826 13020 13100 V data    : Payload RX: 0
04-22 11:25:59.826 13020 13100 V data    : Payload TX: 0
04-22 11:25:59.826 13020 13100 V data    : Total RX: 11628
04-22 11:25:59.826 13020 13100 V data    : Total TX: 3060
04-22 11:25:59.828 13020 13100 V connectedcrossroad: Data collect: HELO
04-22 11:25:59.828 13020 13100 V data    : Payload RX: 0
04-22 11:25:59.828 13020 13100 V data    : Payload TX: 0
04-22 11:25:59.828 13020 13100 V data    : Total RX: 11628
04-22 11:25:59.828 13020 13100 V data    : Total TX: 3060
04-22 11:25:59.879   833 12353 E WifiHAL : Received fatal event, sending alert
04-22 11:25:59.880  1749 18151 W WifiVendorHal: onDebugErrorAlert 4104
04-22 11:26:00.014  2313  2313 W View    : requestLayout() improperly called by com.android.systemui.statusbar.HeadsUpStatusBarView{e5b882e I.E...... ......ID 0,0-248,56 #7f0a01f7 app:id/heads_up_status_bar_view} during layout: running second layout pass
04-22 11:26:00.130 13020 13095 D connectedcrossroad: Data collect: SEND
04-22 11:26:00.157  1749  1763 I system_server: Background concurrent copying GC freed 77495(5915KB) AllocSpace objects, 17(13MB) LOS objects, 42% free, 22MB/39MB, paused 137us total 172.674ms
04-22 11:26:00.693 13020 13100 V connectedcrossroad: Data collect: HELO
04-22 11:26:00.693 13020 13100 V data    : Payload RX: 0
04-22 11:26:00.693 13020 13100 V data    : Payload TX: 0
04-22 11:26:00.693 13020 13100 V data    : Total RX: 12240
04-22 11:26:00.694 13020 13100 V data    : Total TX: 3672
04-22 11:26:02.034  1749 11470 I WifiService: enableTdls uid=10158 enable=false
04-22 11:26:02.040  1749   552 I WifiService: enableTdlsWithMacAddress uid=1000 enable=false
04-22 11:26:02.044 21460 13159 I chatty  : uid=10158 com.google.android.gms.persistent expire 42 lines
04-22 11:26:02.046 13020 13020 D connectedcrossroad: onEndpointFound: Connection request failure 13: ERROR
04-22 11:26:02.061 13020 13020 D connectedcrossroad: onConnectionInitiated: Accepting connection
04-22 11:26:02.063 13020 13020 D connectedcrossroad: onEndpointFound: Connection request failure 8003: STATUS_ALREADY_CONNECTED_TO_ENDPOINT
04-22 11:26:02.067 13020 13020 D connectedcrossroad: onEndpointFound: Connection request failure 8003: STATUS_ALREADY_CONNECTED_TO_ENDPOINT
04-22 11:26:02.075 21460 13249 I chatty  : uid=10158(com.google.android.gms) highpool[451] expire 30 lines
04-22 11:26:02.081 13020 13020 I connectedcrossroad: onConnectionResult: Connection successful
04-22 11:26:02.081 13020 13020 D connectedcrossroad: onConnectionResult: Neighbor added: HzK9
04-22 11:26:02.094 21460 13250 I chatty  : uid=10158 com.google.android.gms.persistent expire 22 lines
04-22 11:26:02.137 13020 13095 D connectedcrossroad: Data collect: SEND
04-22 11:26:02.138 13020 13095 D connectedcrossroad: Data collect: SEND
04-22 11:26:02.804 13020 13100 V connectedcrossroad: Data collect: HELO
04-22 11:26:02.805 13020 13100 V data    : Payload RX: 0
04-22 11:26:02.805 13020 13100 V data    : Payload TX: 0
04-22 11:26:02.805 13020 13100 V data    : Total RX: 12852
04-22 11:26:02.805 13020 13100 V data    : Total TX: 4896
04-22 11:26:03.708 13020 13100 V connectedcrossroad: Data collect: HELO
04-22 11:26:03.708 13020 13100 V perf    : Discovered neighbor: 3 (HzK9)
04-22 11:26:03.708 13020 13100 V perf    : Bytes sent: 4896, received: 13464
04-22 11:26:03.708 13020 13100 V data    : Payload RX: 0
04-22 11:26:03.708 13020 13100 V data    : Payload TX: 0
04-22 11:26:03.708 13020 13100 V data    : Total RX: 13464
04-22 11:26:03.708 13020 13100 V data    : Total TX: 4896
04-22 11:26:03.731     0     0 W swapper/0: type=1400 audit(0.0:2594): avc: denied { kill } for uid=0 capability=5 scontext=u:r:kernel:s0 tcontext=u:r:kernel:s0 tclass=capability permissive=0
04-22 11:26:04.143 13020 13095 D connectedcrossroad: Data collect: SEND
04-22 11:26:04.147 13020 13095 D connectedcrossroad: Data collect: SEND
04-22 11:26:04.921 13020 13100 V connectedcrossroad: Data collect: HELO
04-22 11:26:04.922 13020 13100 V data    : Payload RX: 0
04-22 11:26:04.922 13020 13100 V data    : Payload TX: 0
04-22 11:26:04.922 13020 13100 V data    : Total RX: 14076
04-22 11:26:04.922 13020 13100 V data    : Total TX: 6120
04-22 11:26:06.156 13020 13095 D connectedcrossroad: Data collect: SEND
04-22 11:26:06.160 13020 13095 D connectedcrossroad: Data collect: SEND
04-22 11:26:06.829 13020 13100 V connectedcrossroad: Data collect: HELO
04-22 11:26:06.830 13020 13100 V data    : Payload RX: 0
04-22 11:26:06.830 13020 13100 V data    : Payload TX: 0
04-22 11:26:06.830 13020 13100 V data    : Total RX: 14688
04-22 11:26:06.830 13020 13100 V data    : Total TX: 7344
04-22 11:26:07.108  2294  2358 I chatty  : uid=1002(bluetooth) BT Service Call expire 13 lines
04-22 11:26:07.298 13020 13020 D connectedcrossroad: onEndpointFound: Connecting to 64LQ
04-22 11:26:07.333  2294  2614 I chatty  : uid=1002(bluetooth) btu message loo expire 23 lines
04-22 11:26:07.334 21460 21651 I chatty  : uid=10158(com.google.android.gms) Binder:21460_8 expire 13 lines
04-22 11:26:07.792 21460 11992 I chatty  : uid=10158 com.google.android.gms.persistent expire 7 lines
04-22 11:26:08.165 13020 13095 D connectedcrossroad: Data collect: SEND
04-22 11:26:08.168 13020 13095 D connectedcrossroad: Data collect: SEND
04-22 11:26:08.552 13020 13100 V connectedcrossroad: Data collect: HELO
04-22 11:26:08.553 13020 13100 V data    : Payload RX: 0
04-22 11:26:08.553 13020 13100 V data    : Payload TX: 0
04-22 11:26:08.553 13020 13100 V data    : Total RX: 15300
04-22 11:26:08.553 13020 13100 V data    : Total TX: 8568
04-22 11:26:09.154 13020 13100 V connectedcrossroad: Data collect: HELO
