04-21 20:26:33.515  1749 11470 I chatty  : uid=1000(system) Binder:1749_1F expire 4 lines
04-21 20:28:02.004  1749  2054 I chatty  : uid=1000(system) UEventObserver expire 21 lines
04-21 20:28:37.086  1749  1789 I chatty  : uid=1000(system) PowerManagerSer expire 8 lines
04-21 20:28:37.089  1749  3486 I chatty  : uid=1000(system) Binder:1749_12 expire 3 lines
04-21 20:28:37.089  1749  1770 I chatty  : uid=1000(system) android.ui expire 2 lines
04-21 20:28:37.094  1749  1772 I chatty  : uid=1000(system) android.display expire 3 lines
04-21 20:28:43.461  1749  1769 I chatty  : uid=1000(system) android.fg expire 2 lines
04-21 20:28:48.634  1749  3454 I chatty  : uid=1000(system) Binder:1749_D expire 3 lines
04-21 21:07:35.866  1749  1781 I chatty  : uid=1000(system) ActivityManager expire 7 lines
04-21 21:07:35.983 25452 25452 D ActivityThread: Loading provider contacts;com.android.contacts: com.android.providers.contacts.ContactsProvider2
04-21 21:07:40.709  1749  2255 I chatty  : uid=1000(system) ConnectivitySer expire 14 lines
04-21 21:07:48.187  1749  2054 I chatty  : uid=1000(system) UEventObserver expire 10 lines
04-21 21:07:48.489  1749  1780 I chatty  : uid=1000(system) android.bg expire 2 lines
04-21 21:09:17.386  1749 11475 I chatty  : uid=1000(system) Binder:1749_20 expire 6 lines
04-21 21:09:17.468  1749  9826 I chatty  : uid=1000(system) Binder:1749_1C expire 1 line
04-21 21:09:17.469  1749  1767 I chatty  : uid=1000(system) Binder:1749_1 expire 5 lines
04-21 21:09:17.471  1749  2444 I chatty  : uid=1000(system) Binder:1749_6 expire 3 lines
04-21 21:11:49.755  1749  1749 I chatty  : uid=1000 system_server expire 11 lines
04-21 21:11:50.652  1749  3482 I chatty  : uid=1000(system) Binder:1749_F expire 1 line
04-21 21:11:50.667  1749  2603 I chatty  : uid=1000(system) Binder:1749_8 expire 6 lines
04-21 21:12:30.651  1749  2138 I chatty  : uid=1000(system) HwBinder:1749_2 expire 1 line
04-21 21:20:52.291  1749  1770 I chatty  : uid=1000(system) android.ui expire 3 lines
04-21 21:20:52.317  1749  1772 I chatty  : uid=1000(system) android.display expire 1 line
04-21 21:20:53.568  1749 18096 I chatty  : uid=1000(system) AdbDebuggingMan expire 1 line
04-21 21:20:53.569  1749  1769 I chatty  : uid=1000(system) android.fg expire 2 lines
04-21 22:10:48.223  1749  1782 I chatty  : uid=1000(system) ActivityManager expire 8 lines
04-21 22:10:48.495 24881 19411 W PackageParser: Unknown element under <manifest>: queries at /data/user_de/0/com.google.android.gms/app_chimera/m/0000000a/AdsDynamite.apk Binary XML file line #5
04-21 22:10:48.574  1749  2464 I chatty  : uid=1000(system) Binder:1749_7 expire 1 line
04-21 22:10:48.586 24881 19411 W PackageParser: Unknown element under <manifest>: queries at /data/user_de/0/com.google.android.gms/app_chimera/m/00000018/dl-AdsFdrDynamite.integ_210890500100000.apk Binary XML file line #5
04-21 22:10:48.616  1749  1768 I chatty  : uid=1000(system) Binder:1749_2 expire 6 lines
04-21 22:10:49.108  1749 10173 I chatty  : uid=1000(system) Binder:1749_1D expire 4 lines
04-21 22:10:49.233 24881 25017 W Binder  : reply too large data on java level: InterfaceDescriptor = null, code = 46
04-21 22:10:51.094  1749  3475 I chatty  : uid=1000(system) Binder:1749_E expire 5 lines
04-21 22:10:51.594  1749  2917 I chatty  : uid=1000(system) Binder:1749_A expire 3 lines
04-21 22:10:54.309 24881 25017 W Binder  : reply too large data on java level: InterfaceDescriptor = null, code = 46
04-21 22:10:59.397 24881 25019 W Binder  : reply too large data on java level: InterfaceDescriptor = null, code = 46
04-21 22:11:04.462 24881 25019 W Binder  : reply too large data on java level: InterfaceDescriptor = null, code = 46
04-21 22:11:09.520 24881 25019 I chatty  : uid=10158(com.google.android.gms) Binder:24881_8 identical 1 line
04-21 22:11:14.594 24881 25019 W Binder  : reply too large data on java level: InterfaceDescriptor = null, code = 46
04-21 22:11:27.847 24881 25019 W Binder  : reply too large data on java level: InterfaceDescriptor = null, code = 46
04-21 22:13:28.541 24881 25019 W Binder  : reply too large data on java level: InterfaceDescriptor = null, code = 46
04-21 22:15:04.650 24881 25019 W Binder  : reply too large data on java level: InterfaceDescriptor = null, code = 46
04-21 22:16:11.490 24881 25019 W Binder  : reply too large data on java level: InterfaceDescriptor = null, code = 46
04-21 22:16:12.267  1749  3485 I chatty  : uid=1000(system) Binder:1749_11 expire 1 line
04-21 22:16:12.268  1749  2255 I chatty  : uid=1000(system) ConnectivitySer expire 3 lines
04-21 22:16:12.269  1749  3486 I chatty  : uid=1000(system) Binder:1749_12 expire 1 line
04-21 22:16:53.805 24881 24898 W Binder  : reply too large data on java level: InterfaceDescriptor = null, code = 46
04-21 22:17:50.036 24881 24898 W Binder  : reply too large data on java level: InterfaceDescriptor = null, code = 46
04-21 22:19:28.639 24881 24898 W Binder  : reply too large data on java level: InterfaceDescriptor = null, code = 46
04-21 22:20:42.018 24881 24898 W Binder  : reply too large data on java level: InterfaceDescriptor = null, code = 46
04-21 22:20:59.169  1749  2054 I chatty  : uid=1000(system) UEventObserver expire 8 lines
04-21 22:22:09.258 24881 24898 W Binder  : reply too large data on java level: InterfaceDescriptor = null, code = 46
04-21 22:23:21.015 24881 24898 W Binder  : reply too large data on java level: InterfaceDescriptor = null, code = 46
04-21 22:24:17.660 24881 24898 W Binder  : reply too large data on java level: InterfaceDescriptor = null, code = 46
04-21 22:25:28.673 24881 24898 W Binder  : reply too large data on java level: InterfaceDescriptor = null, code = 46
04-21 22:26:37.842 24881 24898 W Binder  : reply too large data on java level: InterfaceDescriptor = null, code = 46
04-21 22:27:59.474 24881 24898 W Binder  : reply too large data on java level: InterfaceDescriptor = null, code = 46
04-21 22:30:19.637 24881 24898 W Binder  : reply too large data on java level: InterfaceDescriptor = null, code = 46
04-21 22:32:35.992 24881 24898 W Binder  : reply too large data on java level: InterfaceDescriptor = null, code = 46
04-21 22:33:21.876 24881 24898 W Binder  : reply too large data on java level: InterfaceDescriptor = null, code = 46
04-21 22:34:38.003 24881 24898 W Binder  : reply too large data on java level: InterfaceDescriptor = null, code = 46
04-22 00:03:50.668  1749  1749 I chatty  : uid=1000 system_server expire 8 lines
04-22 00:03:50.686  1749  2255 I chatty  : uid=1000(system) ConnectivitySer expire 20 lines
04-22 00:03:50.781  1749  3484 I chatty  : uid=1000(system) Binder:1749_10 expire 3 lines
04-22 00:03:50.783  1749  1781 I chatty  : uid=1000(system) ActivityManager expire 10 lines
04-22 00:03:50.963  1749  1768 I chatty  : uid=1000(system) Binder:1749_2 expire 5 lines
04-22 00:03:51.017  1749  3486 I chatty  : uid=1000(system) Binder:1749_12 expire 5 lines
04-22 00:03:53.727  1749  1782 I chatty  : uid=1000(system) ActivityManager expire 10 lines
04-22 00:03:54.186  1749  2444 I chatty  : uid=1000(system) Binder:1749_6 expire 2 lines
04-22 00:03:55.312  1749  3485 I chatty  : uid=1000(system) Binder:1749_11 expire 5 lines
04-22 00:03:55.351  1749  3482 I chatty  : uid=1000(system) Binder:1749_F expire 3 lines
04-22 00:03:55.359  1749  1767 I chatty  : uid=1000(system) Binder:1749_1 expire 4 lines
04-22 00:03:55.467  1749 10173 I chatty  : uid=1000(system) Binder:1749_1D expire 1 line
04-22 00:03:56.155 26570 26570 I ActivityThread: Removing dead content provider:android.content.ContentProviderProxy@4919130
04-22 00:03:58.330  1749  2917 I chatty  : uid=1000(system) Binder:1749_A expire 4 lines
04-22 00:04:01.586  1749  3475 I chatty  : uid=1000(system) Binder:1749_E expire 4 lines
04-22 00:04:11.248  1749  2054 I chatty  : uid=1000(system) UEventObserver expire 18 lines
04-22 00:14:41.614  1749  1780 I chatty  : uid=1000(system) android.bg expire 2 lines
04-22 00:25:03.319  1749  3451 I chatty  : uid=1000(system) Binder:1749_B expire 1 line
04-22 00:25:03.319  1749  7754 I chatty  : uid=1000(system) Binder:1749_19 expire 1 line
04-22 00:25:03.322  1749  3454 I chatty  : uid=1000(system) Binder:1749_D expire 1 line
04-22 00:25:03.323  1749 11470 I chatty  : uid=1000(system) Binder:1749_1F expire 3 lines
04-22 00:25:03.326  1749  1770 I chatty  : uid=1000(system) android.ui expire 1 line
04-22 00:25:03.327  1749  5077 I chatty  : uid=1000(system) Binder:1749_14 expire 1 line
04-22 00:26:13.396 24881 24881 W ActivityThread: serviceCreate lasts for 3385 ms, CreateServiceData = CreateServiceData{token=android.os.BinderProxy@72bbce1 className=com.google.android.gms.analytics.service.AnalyticsService packageName=com.google.android.gms intent=null}
04-22 01:24:53.634  1749  1785 I chatty  : uid=1000(system) batterystats-wo expire 1 line
04-22 03:00:16.980  1749  1769 I chatty  : uid=1000(system) android.fg expire 1 line
04-22 03:56:26.954  1749  2255 I chatty  : uid=1000(system) ConnectivitySer expire 10 lines
04-22 03:56:27.106  1749  1782 I chatty  : uid=1000(system) ActivityManager expire 15 lines
04-22 03:56:27.544 27508 27508 D ActivityThread: Loading provider contacts;com.android.contacts: com.android.providers.contacts.ContactsProvider2
04-22 03:56:27.557  1749  1781 I chatty  : uid=1000(system) ActivityManager expire 7 lines
04-22 03:56:28.678  1749 11122 I chatty  : uid=1000(system) Binder:1749_1E expire 9 lines
04-22 03:56:38.047  1749  2464 I chatty  : uid=1000(system) Binder:1749_7 expire 1 line
04-22 03:56:38.054  1749 11470 I chatty  : uid=1000(system) Binder:1749_1F expire 1 line
04-22 03:56:53.120  1749  2444 I chatty  : uid=1000(system) Binder:1749_6 expire 2 lines
04-22 03:56:53.202  1749  1768 I chatty  : uid=1000(system) Binder:1749_2 expire 1 line
04-22 03:56:53.202  1749  2255 I chatty  : uid=1000(system) ConnectivitySer expire 14 lines
04-22 03:56:53.202  1749  7787 I chatty  : uid=1000(system) Binder:1749_1A expire 2 lines
04-22 03:56:53.216  1749  1767 I chatty  : uid=1000(system) Binder:1749_1 expire 1 line
04-22 03:56:53.217  1749  2749 I chatty  : uid=1000(system) Binder:1749_9 expire 1 line
04-22 03:56:53.222  1749  3484 I chatty  : uid=1000(system) Binder:1749_10 expire 1 line
04-22 03:57:00.328  1749  1749 I chatty  : uid=1000 system_server expire 13 lines
04-22 04:02:38.925  1749  2054 I chatty  : uid=1000(system) UEventObserver expire 20 lines
04-22 04:31:31.595 27656 27656 W ActivityThread: serviceCreate starts in 70028 ms, CreateServiceData = CreateServiceData{token=android.os.BinderProxy@5368fea className=com.motorola.feedback.quicksettings.FeedBackTileService packageName=com.motorola.help intent=null}
04-22 04:31:39.774 27656 27656 W ActivityThread: serviceCreate lasts for 8178 ms, CreateServiceData = CreateServiceData{token=android.os.BinderProxy@5368fea className=com.motorola.feedback.quicksettings.FeedBackTileService packageName=com.motorola.help intent=null}
04-22 04:42:36.937  1749  3487 I chatty  : uid=1000(system) Binder:1749_13 expire 11 lines
04-22 05:52:14.356  1749  1780 I chatty  : uid=1000(system) android.bg expire 2 lines
04-22 06:21:55.293  1749  1785 I chatty  : uid=1000(system) batterystats-wo expire 3 lines
04-22 06:22:17.677  1749  1769 I chatty  : uid=1000(system) android.fg expire 4 lines
04-22 07:08:52.253  1749  3453 I chatty  : uid=1000(system) Binder:1749_C expire 1 line
04-22 07:08:56.150  1749  1770 I chatty  : uid=1000(system) android.ui expire 2 lines
04-22 09:45:48.416  1749  2240 I chatty  : uid=1000(system) Binder:1749_4 expire 2 lines
04-22 09:45:48.467  1749  9826 I chatty  : uid=1000(system) Binder:1749_1C expire 1 line
04-22 09:45:48.527 24881 26622 W Binder  : reply too large data on java level: InterfaceDescriptor = null, code = 46
04-22 09:45:48.693  1749  5077 I chatty  : uid=1000(system) Binder:1749_14 expire 4 lines
04-22 09:45:50.946  1749  2139 I chatty  : uid=1000(system) NetworkWatchlis expire 2 lines
04-22 09:45:50.953  1749  1749 I chatty  : uid=1000 system_server expire 4 lines
04-22 09:45:51.171  1749  3454 I chatty  : uid=1000(system) Binder:1749_D expire 1 line
04-22 09:45:51.599  1749  2255 I chatty  : uid=1000(system) ConnectivitySer expire 1 line
04-22 09:45:51.683  1749  3451 I chatty  : uid=1000(system) Binder:1749_B expire 1 line
04-22 09:45:53.848  1749  2039 I chatty  : uid=1000(system) Binder:1749_3 expire 2 lines
04-22 09:45:53.904 24881 24899 W Binder  : reply too large data on java level: InterfaceDescriptor = null, code = 46
04-22 09:45:54.207 24881 27850 W PackageParser: Unknown element under <manifest>: queries at /data/user_de/0/com.google.android.gms/app_chimera/m/0000000a/AdsDynamite.apk Binary XML file line #5
04-22 09:45:54.327 24881 27850 W PackageParser: Unknown element under <manifest>: queries at /data/user_de/0/com.google.android.gms/app_chimera/m/00000018/dl-AdsFdrDynamite.integ_210890500100000.apk Binary XML file line #5
04-22 09:45:54.399  1749  7754 I chatty  : uid=1000(system) Binder:1749_19 expire 1 line
04-22 09:45:54.404  1749  7754 W ActivityManager: Background start not allowed: service Intent { cmp=com.google.android.apps.messaging/.shared.datamodel.action.execution.ActionExecutorImpl$EmptyService } to com.google.android.apps.messaging/.shared.datamodel.action.execution.ActionExecutorImpl$EmptyService from pid=27872 uid=10182 pkg=com.google.android.apps.messaging startFg?=false
04-22 09:45:54.523  1749  7787 W ActivityManager: Background start not allowed: service Intent { cmp=com.google.android.apps.messaging/.shared.datamodel.action.execution.ActionExecutorImpl$EmptyService } to com.google.android.apps.messaging/.shared.datamodel.action.execution.ActionExecutorImpl$EmptyService from pid=27872 uid=10182 pkg=com.google.android.apps.messaging startFg?=false
04-22 09:45:54.629  1749  5077 D ConnectivityService: requestNetwork for uid/pid:10182/27872 NetworkRequest [ TRACK_DEFAULT id=202, [ Capabilities: INTERNET&NOT_RESTRICTED&TRUSTED Uid: 10182] ]
04-22 09:45:54.711 24881 24936 W PackageParser: Unknown element under <manifest>: queries at /data/user_de/0/com.google.android.gms/app_chimera/m/0000000a/AdsDynamite.apk Binary XML file line #5
04-22 09:45:54.876 24881 24936 W PackageParser: Unknown element under <manifest>: queries at /data/user_de/0/com.google.android.gms/app_chimera/m/00000018/dl-AdsFdrDynamite.integ_210890500100000.apk Binary XML file line #5
04-22 09:45:54.950  1749  1782 I ActivityManager: Start proc 28409:com.google.android.apps.docs.editors.docs/u0a210 for broadcast {com.google.android.apps.docs.editors.docs/com.google.android.libraries.phenotype.client.stable.PhenotypeUpdateBackgroundBroadcastReceiver}
04-22 09:45:55.582  1749  7787 I ActivityManager: Killing 27656:com.motorola.help/u0a64 (adj 985): empty #17
04-22 09:45:55.608  1749  1782 I ActivityManager: Start proc 28472:com.android.vending:instant_app_installer/u0a120 for broadcast {com.android.vending/com.google.android.finsky.instantapps.PhenotypeUpdateReceiver}
04-22 09:45:55.692 24881 27597 W PackageParser: Unknown element under <manifest>: queries at /data/user_de/0/com.google.android.gms/app_chimera/m/0000000a/AdsDynamite.apk Binary XML file line #5
04-22 09:45:55.716  1749  5077 D ActivityManager: makeInactive, ProcessRecord{7f1c645 27656:com.motorola.help/u0a64}, clear holder.state
04-22 09:45:55.830  1749  7754 I ActivityManager: Killing 27213:com.google.android.apps.turbo/u0a141 (adj 985): empty #17
04-22 09:45:55.897  1749  8013 D ActivityManager: makeInactive, ProcessRecord{8943671 27213:com.google.android.apps.turbo/u0a141}, clear holder.state
04-22 09:45:56.033  1749  1782 I ActivityManager: Start proc 28507:com.google.android.apps.docs.editors.slides/u0a212 for broadcast {com.google.android.apps.docs.editors.slides/com.google.android.libraries.phenotype.client.stable.PhenotypeUpdateBackgroundBroadcastReceiver}
04-22 09:45:56.046 24881 27597 W PackageParser: Unknown element under <manifest>: queries at /data/user_de/0/com.google.android.gms/app_chimera/m/00000018/dl-AdsFdrDynamite.integ_210890500100000.apk Binary XML file line #5
04-22 09:45:56.401  1749  2749 I ActivityManager: Killing 27284:com.android.providers.calendar/u0a59 (adj 985): empty #17
04-22 09:45:56.425  1749  1782 I ActivityManager: Start proc 28560:com.google.android.gms.ui/u0a158 for service {com.google.android.gms/com.google.android.gms.chimera.UiIntentOperationService}
04-22 09:45:56.491  1749  3454 D ActivityManager: makeInactive, ProcessRecord{b0a6ece 27284:com.android.providers.calendar/u0a59}, clear holder.state
04-22 09:45:56.596  1749  1782 I ActivityManager: Start proc 28582:com.google.android.apps.nbu.files/u0a124 for broadcast {com.google.android.apps.nbu.files/com.google.apps.tiktok.experiments.phenotype.ConfigurationUpdatedReceiver_Receiver}
04-22 09:45:57.075  1749  3484 I ActivityManager: Killing 28045:com.google.android.apps.magazines/u0a214 (adj 985): empty #17
04-22 09:45:57.159  1749  2240 D ConnectivityService: ConnectivityService NetworkRequestInfo binderDied(NetworkRequest [ TRACK_DEFAULT id=199, [ Capabilities: INTERNET&NOT_RESTRICTED&TRUSTED Uid: 10214] ], android.os.BinderProxy@20aad8d)
04-22 09:45:57.160  1749  3484 D ConnectivityService: ConnectivityService NetworkRequestInfo binderDied(NetworkRequest [ LISTEN id=200, [ Capabilities: INTERNET&NOT_RESTRICTED&TRUSTED&FOREGROUND Uid: 10214] ], android.os.BinderProxy@77b0b42)
04-22 09:45:57.160  1749  9826 D ConnectivityService: ConnectivityService NetworkRequestInfo binderDied(NetworkRequest [ TRACK_DEFAULT id=196, [ Capabilities: INTERNET&NOT_RESTRICTED&TRUSTED Uid: 10214] ], android.os.BinderProxy@3de1753)
04-22 09:45:57.160  1749  2255 D ConnectivityService: releasing NetworkRequest [ TRACK_DEFAULT id=199, [ Capabilities: INTERNET&NOT_RESTRICTED&TRUSTED Uid: 10214] ] (release request)
04-22 09:45:57.160  1749  5077 D ActivityManager: makeInactive, ProcessRecord{efbc13e 28045:com.google.android.apps.magazines/u0a214}, clear holder.state
04-22 09:45:57.162  1749  2255 D ConnectivityService: releasing NetworkRequest [ TRACK_DEFAULT id=196, [ Capabilities: INTERNET&NOT_RESTRICTED&TRUSTED Uid: 10214] ] (release request)
04-22 09:45:57.331  1749  1782 I ActivityManager: Start proc 28645:com.google.android.apps.docs.editors.sheets/u0a211 for broadcast {com.google.android.apps.docs.editors.sheets/com.google.android.libraries.phenotype.client.stable.PhenotypeUpdateBackgroundBroadcastReceiver}
04-22 09:45:57.659  1749  1789 I DisplayPowerController: Blocking screen on until initial contents have been drawn.
04-22 09:45:57.659  1749  1789 I WindowManager: Screen turning on...
04-22 09:45:57.660  1749 10173 D WindowManager: mKeyguardDelegate.ShowListener.onDrawn.
04-22 09:45:57.660  1749  1770 W WindowManager: Setting mKeyguardDrawComplete
04-22 09:45:57.683  1749  1789 V DisplayPowerController: Brightness [23] reason changing to: 'doze', previous reason: 'screen_off'.
04-22 09:45:57.686  1749  1772 I DisplayManagerService: Display device changed state: "Built-in Screen", ON
04-22 09:45:57.756  1749  1772 I WindowManager: All windows ready for display!
04-22 09:45:57.756  1749  1770 W WindowManager: Setting mWindowManagerDrawComplete
04-22 09:45:57.756  1749  1789 I DisplayPowerController: Unblocked screen on after 97 ms
04-22 09:45:57.901  1749  1749 V SettingsProvider: Notifying for 0: content://settings/config/appsearch/Phenotype_flags
04-22 09:45:57.903  1749  1749 V SettingsProvider: Notifying for 0: content://settings/config/appsearch/Phenotype_flags
04-22 09:45:57.933  1749  1749 V SettingsProvider: Notifying for 0: content://settings/config/ota/Phenotype_flags
04-22 09:45:57.934  1749  1749 V SettingsProvider: Notifying for 0: content://settings/config/ota/Phenotype_flags
04-22 09:45:58.052  1749  1782 I ActivityManager: Start proc 28710:com.google.android.apps.magazines/u0a214 for broadcast {com.google.android.apps.magazines/com.google.android.libraries.internal.growth.growthkit.internal.experiments.impl.PhenotypeBroadcastReceiver}
04-22 09:45:58.272  1749  3484 D ConnectivityService: requestNetwork for uid/pid:10214/28710 NetworkRequest [ TRACK_DEFAULT id=204, [ Capabilities: INTERNET&NOT_RESTRICTED&TRUSTED Uid: 10214] ]
04-22 09:45:58.397  1749  3484 I ActivityManager: Killing 19470:com.google.android.apps.turbo:aab/u0a141 (adj 985): empty #17
04-22 09:45:58.415  1749  1782 I ActivityManager: Start proc 28746:com.google.android.apps.chromecast.app/u0a209 for broadcast {com.google.android.apps.chromecast.app/com.google.android.apps.chromecast.app.util.phenotype.PhenotypeBroadcastReceiver}
04-22 09:45:58.480  1749  3486 D ActivityManager: makeInactive, ProcessRecord{6b21a53 19470:com.google.android.apps.turbo:aab/u0a141}, clear holder.state
04-22 09:45:58.536  1749  5605 D ConnectivityService: requestNetwork for uid/pid:10214/28710 NetworkRequest [ TRACK_DEFAULT id=205, [ Capabilities: INTERNET&NOT_RESTRICTED&TRUSTED Uid: 10214] ]
04-22 09:45:58.965 24881 25758 W Binder  : reply too large data on java level: InterfaceDescriptor = null, code = 46
04-22 09:45:59.123  1749  3486 I ActivityManager: Killing 27995:com.qualcomm.qti.qms.service.connectionsecurity/u0a99 (adj 985): empty #17
04-22 09:45:59.146  1749  1782 I ActivityManager: Start proc 28853:com.google.android.apps.subscriptions.red/u0a208 for broadcast {com.google.android.apps.subscriptions.red/com.google.android.libraries.internal.growth.growthkit.internal.experiments.impl.PhenotypeBroadcastReceiver}
04-22 09:45:59.190  1749  9826 D ActivityManager: makeInactive, ProcessRecord{d368642 27995:com.qualcomm.qti.qms.service.connectionsecurity/u0a99}, clear holder.state
04-22 09:45:59.549  1749  3485 I ActivityManager: Killing 27751:com.motorola.carriersettingsext/u0a104 (adj 985): empty #17
04-22 09:45:59.572  1749  1782 I ActivityManager: Start proc 28889:com.google.android.apps.walletnfcrel/u0a213 for broadcast {com.google.android.apps.walletnfcrel/com.google.android.libraries.notifications.entrypoints.phenotype.PhenotypeUpdateReceiver}
04-22 09:45:59.614  1749  3485 D ActivityManager: makeInactive, ProcessRecord{2ce9a43 27751:com.motorola.carriersettingsext/u0a104}, clear holder.state
04-22 09:46:00.025  1749  2646 W LocationProviderProxy: Odd, no component found for service com.android.location.service.v3.NetworkLocationProvider
04-22 09:46:00.219  1749  1749 W Looper  : Slow dispatch took 195ms main h=android.app.ActivityThread$H c=android.app.-$$Lambda$LoadedApk$ReceiverDispatcher$Args$_BumDX2UKsnxLVrE6UJsJZkotuA@8bb2667 m=0
04-22 09:46:00.219  1749  1749 W Looper  : Slow delivery took 208ms main h=android.app.ActivityThread$H c=android.app.-$$Lambda$LoadedApk$ReceiverDispatcher$Args$_BumDX2UKsnxLVrE6UJsJZkotuA@80cec14 m=0
04-22 09:46:00.263  1749  2387 D ConnectivityService: requestNetwork for uid/pid:10213/28889 NetworkRequest [ TRACK_DEFAULT id=207, [ Capabilities: INTERNET&NOT_RESTRICTED&TRUSTED Uid: 10213] ]
04-22 09:46:00.388  1749  1749 W Looper  : Slow dispatch took 160ms main h=android.app.ActivityThread$H c=android.app.-$$Lambda$LoadedApk$ReceiverDispatcher$Args$_BumDX2UKsnxLVrE6UJsJZkotuA@c4eaf41 m=0
04-22 09:46:00.388  1749  1749 I TelecomService: DefaultDialerCache: Refreshing default dialer for user 0: now com.google.android.dialer: DDC.oR@Ak8
04-22 09:46:00.488  1749  2749 I ActivityManager: Killing 27533:com.motorola.lifetimedata/u0a105 (adj 985): empty #17
04-22 09:46:00.491  1749  1749 W Looper  : Drained
04-22 09:46:00.533  1749  2749 D ActivityManager: makeInactive, ProcessRecord{235be9c 27533:com.motorola.lifetimedata/u0a105}, clear holder.state
04-22 09:46:00.772  1749  2749 W ActivityManager: Background start not allowed: service Intent { cmp=com.google.android.apps.messaging/.shared.datamodel.action.execution.ActionExecutorImpl$EmptyService } to com.google.android.apps.messaging/.shared.datamodel.action.execution.ActionExecutorImpl$EmptyService from pid=27872 uid=10182 pkg=com.google.android.apps.messaging startFg?=false
04-22 09:46:01.679  1749  1789 I DisplayPowerController: Blocking screen off
04-22 09:46:01.680  1749  1789 I DisplayPowerController: Unblocked screen off after 0 ms
04-22 09:46:01.693  1749  1789 I WindowManager: Screen turned off...
04-22 09:46:01.704  1749  1789 V DisplayPowerController: Brightness [0] reason changing to: 'screen_off', previous reason: 'doze'.
04-22 09:46:01.707  1749  1772 I DisplayManagerService: Display device changed state: "Built-in Screen", OFF
04-22 09:46:03.536  1749  2387 W BroadcastQueue: Permission Denial: receiving Intent { act=com.google.gservices.intent.action.GSERVICES_OVERRIDE flg=0x1000010 (has extras) } to com.google.android.ims/.receivers.RcsAutoStartReceiver requires com.google.android.providers.gsf.permission.WRITE_GSERVICES due to sender com.android.vending (uid 10120)
04-22 09:46:03.789  1749  8013 W AppOps  : Noting op not finished: uid 10158 pkg com.google.android.gms code 79 time=1619078198054 duration=-1618915622150
04-22 09:46:03.796  1749  7481 W AppOps  : Noting op not finished: uid 10158 pkg com.google.android.gms code 79 time=1619099163789 duration=0
04-22 09:46:03.833 24881 28396 W PackageParser: Unknown element under <manifest>: queries at /data/user_de/0/com.google.android.gms/app_chimera/m/0000000a/AdsDynamite.apk Binary XML file line #5
04-22 09:46:03.886 24881 28396 W PackageParser: Unknown element under <manifest>: queries at /data/user_de/0/com.google.android.gms/app_chimera/m/00000018/dl-AdsFdrDynamite.integ_210890500100000.apk Binary XML file line #5
04-22 09:46:03.914  1749  2917 W ProcessStats: Tracking association SourceState{fdf6762 com.google.android.gms.persistent/10158 ImpFg #77659} whose proc state 2 is better than process ProcessState{d084d42 com.google.android.gms/10158 pkg=com.google.android.gms} proc state 3 (17 skipped)
04-22 09:46:04.039 24881 25019 W Binder  : reply too large data on java level: InterfaceDescriptor = null, code = 46
04-22 09:46:04.041 24881 24933 W PackageParser: Unknown element under <manifest>: queries at /data/user_de/0/com.google.android.gms/app_chimera/m/0000000a/AdsDynamite.apk Binary XML file line #5
04-22 09:46:04.115 24881 24933 W PackageParser: Unknown element under <manifest>: queries at /data/user_de/0/com.google.android.gms/app_chimera/m/00000018/dl-AdsFdrDynamite.integ_210890500100000.apk Binary XML file line #5
04-22 09:46:07.204  1749  8013 I ActivityManager: Killing 26831:com.google.android.apps.tachyon/u0a199 (adj 975): empty #17
04-22 09:46:07.205  1749  8013 I ActivityManager: Killing 27969:com.google.android.apps.wellbeing/u0a106 (adj 985): empty #18
04-22 09:46:07.271  1749  8013 D ActivityManager: makeInactive, ProcessRecord{c0aa8b6 27969:com.google.android.apps.wellbeing/u0a106}, clear holder.state
04-22 09:46:07.283  1749  8013 D ConnectivityService: ConnectivityService NetworkRequestInfo binderDied(NetworkRequest [ TRACK_DEFAULT id=192, [ Capabilities: INTERNET&NOT_RESTRICTED&TRUSTED Uid: 10199] ], android.os.BinderProxy@9a54a92)
04-22 09:46:07.283  1749  5605 D ConnectivityService: ConnectivityService NetworkRequestInfo binderDied(NetworkRequest [ LISTEN id=193, [ Capabilities: INTERNET&NOT_RESTRICTED&TRUSTED Uid: 10199] ], android.os.BinderProxy@7056c63)
04-22 09:46:07.284  1749  2255 D ConnectivityService: releasing NetworkRequest [ TRACK_DEFAULT id=192, [ Capabilities: INTERNET&NOT_RESTRICTED&TRUSTED Uid: 10199] ] (release request)
04-22 09:46:07.284  1749  3454 D ActivityManager: makeInactive, ProcessRecord{73be462 26831:com.google.android.apps.tachyon/u0a199}, clear holder.state
04-22 09:46:07.512  1749  2039 W ActivityManager: stopServiceToken startId 19 is last, but have 1 remaining args
04-22 09:46:07.527  1749  3454 I ActivityManager: Killing 26863:com.google.android.dialer/u0a133 (adj 975): empty #17
04-22 09:46:07.576  1749  3454 D ConnectivityService: ConnectivityService NetworkRequestInfo binderDied(NetworkRequest [ TRACK_DEFAULT id=194, [ Capabilities: INTERNET&NOT_RESTRICTED&TRUSTED Uid: 10133] ], android.os.BinderProxy@c4f2dd5)
04-22 09:46:07.576  1749  2240 D ConnectivityService: ConnectivityService NetworkRequestInfo binderDied(NetworkRequest [ LISTEN id=195, [ Capabilities: INTERNET&NOT_RESTRICTED&TRUSTED Uid: 10133] ], android.os.BinderProxy@56b99ea)
04-22 09:46:07.577  1749  2255 D ConnectivityService: releasing NetworkRequest [ TRACK_DEFAULT id=194, [ Capabilities: INTERNET&NOT_RESTRICTED&TRUSTED Uid: 10133] ] (release request)
04-22 09:46:07.577  1749 11122 D ActivityManager: makeInactive, ProcessRecord{bbbe009 26863:com.google.android.dialer/u0a133}, clear holder.state
04-22 09:46:07.994  1749  1767 I ActivityManager: Killing 27872:com.google.android.apps.messaging/u0a182 (adj 975): empty #17
04-22 09:46:08.061  1749  5123 D ConnectivityService: ConnectivityService NetworkRequestInfo binderDied(NetworkRequest [ LISTEN id=203, [ Capabilities: INTERNET&NOT_RESTRICTED&TRUSTED Uid: 10182] ], android.os.BinderProxy@861d251)
04-22 09:46:08.061  1749  7481 D ConnectivityService: ConnectivityService NetworkRequestInfo binderDied(NetworkRequest [ TRACK_DEFAULT id=202, [ Capabilities: INTERNET&NOT_RESTRICTED&TRUSTED Uid: 10182] ], android.os.BinderProxy@b616ab6)
04-22 09:46:08.061  1749  2255 D ConnectivityService: releasing NetworkRequest [ TRACK_DEFAULT id=202, [ Capabilities: INTERNET&NOT_RESTRICTED&TRUSTED Uid: 10182] ] (release request)
04-22 09:46:08.062  1749  3482 D ActivityManager: makeInactive, ProcessRecord{bd776d7 27872:com.google.android.apps.messaging/u0a182}, clear holder.state
04-22 09:46:09.230  1749 11470 I ActivityManager: Killing 27508:android.process.acore/u0a51 (adj 975): empty #17
04-22 09:46:09.280  1749 11470 D ActivityManager: makeInactive, ProcessRecord{117c42 27508:android.process.acore/u0a51}, clear holder.state
04-22 09:46:10.267  1749  2646 W LocationProviderProxy: Odd, no component found for service com.android.location.service.v3.NetworkLocationProvider
04-22 09:46:10.307  1749  1749 W Looper  : Slow dispatch took 103ms main h=android.app.ActivityThread$H c=android.app.-$$Lambda$LoadedApk$ReceiverDispatcher$Args$_BumDX2UKsnxLVrE6UJsJZkotuA@85a3453 m=0
04-22 09:46:10.406  1749  1749 I TelecomService: DefaultDialerCache: Refreshing default dialer for user 0: now com.google.android.dialer: DDC.oR@AlM
04-22 09:46:12.953  1749  7481 I ActivityManager: Killing 28147:com.motorola.camera2/u0a148 (adj 975): empty #17
04-22 09:46:12.987  1749  7481 D ActivityManager: makeInactive, ProcessRecord{bafb423 28147:com.motorola.camera2/u0a148}, clear holder.state
04-22 09:46:13.553  1749  1782 I ActivityManager: Start proc 29063:com.google.android.configupdater/u0a112 for service {com.google.android.configupdater/com.google.android.configupdater.MainJobService}
04-22 09:46:13.572  1749  1782 I ActivityManager: Start proc 29074:com.google.android.apps.work.oobconfig/u0a118 for service {com.google.android.apps.work.oobconfig/com.google.android.apps.work.oobconfig.gservices.GservicesChangedObserverService}
04-22 09:46:13.812  1749  7481 I ActivityManager: Killing 28409:com.google.android.apps.docs.editors.docs/u0a210 (adj 975): empty #17
04-22 09:46:13.875  1749  7481 D ActivityManager: makeInactive, ProcessRecord{8875016 28409:com.google.android.apps.docs.editors.docs/u0a210}, clear holder.state
04-22 09:46:13.937  1749 11470 I ActivityManager: Killing 28507:com.google.android.apps.docs.editors.slides/u0a212 (adj 975): empty #17
04-22 09:46:13.993  1749  1767 D ActivityManager: makeInactive, ProcessRecord{64786e6 28507:com.google.android.apps.docs.editors.slides/u0a212}, clear holder.state
04-22 09:46:14.716  1749  3485 I ActivityManager: Killing 28560:com.google.android.gms.ui/u0a158 (adj 975): empty #17
04-22 09:46:14.767  1749  2240 D ActivityManager: makeInactive, ProcessRecord{2375dfe 28560:com.google.android.gms.ui/u0a158}, clear holder.state
04-22 09:46:15.040  1749  2054 D BatteryService: uevent={POWER_SUPPLY_DP_DM=0, POWER_SUPPLY_VOLTAGE_NOW=3796783, POWER_SUPPLY_SW_JEITA_ENABLED=0, POWER_SUPPLY_CHARGE_CONTROL_LIMIT_MAX=8, POWER_SUPPLY_RECHARGE_SOC=99, POWER_SUPPLY_HEALTH=Good, POWER_SUPPLY_TECHNOLOGY=Li-ion, POWER_SUPPLY_FCC_STEPPER_ENABLE=0, SEQNUM=612394, POWER_SUPPLY_INPUT_CURRENT_LIMITED=0, POWER_SUPPLY_CHARGE_CONTROL_LIMIT=0, POWER_SUPPLY_BATTERY_CHARGING_ENABLED=1, POWER_SUPPLY_STATUS=Discharging, POWER_SUPPLY_CYCLE_COUNT=1, POWER_SUPPLY_CURRENT_MAX=2000000, POWER_SUPPLY_CHARGE_TERM_CURRENT=-101, POWER_SUPPLY_CAPACITY=44, DEVPATH=/devices/platform/soc/200f000.qcom,spmi/spmi-0/spmi0-02/200f000.qcom,spmi:qcom,pmi632@2:qcom,qpnp-smb5/power_supply/battery, POWER_SUPPLY_CHARGE_DONE=0, POWER_SUPPLY_CHARGE_TYPE=N/A, POWER_SUPPLY_CHARGE_RATE=None, POWER_SUPPLY_CURRENT_NOW=-160522, POWER_SUPPLY_SYSTEM_TEMP_LEVEL=0, POWER_SUPPLY_PRESENT=1, POWER_SUPPLY_PARALLEL_DISABLE=0, POWER_SUPPLY_CHARGE_FULL=3615000, SUBSYSTEM=power_supply, POWER_SUPPLY_SET_SHIP_MODE=0, POWER_SUPPLY_TEMP=215, ACTION=change, POWER_SUPPLY_RERUN_AICL=0, POWER_SUPPLY_AGE=100, POWER_SUPPLY_NAME=battery, POWER_SUPPLY_VOLTAGE_MAX=-22, POWER_SUPPLY_CONSTANT_CHARGE_CURRENT_MAX=2000000, POWER_SUPPLY_CHARGE_COUNTER=1554450, POWER_SUPPLY_STEP_CHARGING_ENABLED=0, POWER_SUPPLY_NUM_SYSTEM_TEMP_LEVELS=8, POWER_SUPPLY_DIE_HEALTH=Hot, POWER_SUPPLY_INPUT_SUSPEND=0}
04-22 09:46:16.186  1749  1789 I DisplayPowerController: Blocking screen on until initial contents have been drawn.
04-22 09:46:16.186  1749  1789 I WindowManager: Screen turning on...
04-22 09:46:16.187  1749  2240 D WindowManager: mKeyguardDelegate.ShowListener.onDrawn.
04-22 09:46:16.187  1749  1770 W WindowManager: Setting mKeyguardDrawComplete
04-22 09:46:16.208  1749  1789 V DisplayPowerController: Brightness [23] reason changing to: 'doze', previous reason: 'screen_off'.
04-22 09:46:16.209  1749  1772 I DisplayManagerService: Display device changed state: "Built-in Screen", ON
04-22 09:46:16.281  1749  1772 I WindowManager: All windows ready for display!
04-22 09:46:16.281  1749  1770 W WindowManager: Setting mWindowManagerDrawComplete
04-22 09:46:16.282  1749  1789 I DisplayPowerController: Unblocked screen on after 96 ms
04-22 09:46:25.160  1749  1789 I DisplayPowerController: Blocking screen off
04-22 09:46:25.160  1749  1789 I DisplayPowerController: Unblocked screen off after 1 ms
04-22 09:46:25.189  1749  1789 I WindowManager: Screen turned off...
04-22 09:46:25.211  1749  8013 I ActivityManager: Killing 28582:com.google.android.apps.nbu.files/u0a124 (adj 985): empty #17
04-22 09:46:25.223  1749  1789 V DisplayPowerController: Brightness [0] reason changing to: 'screen_off', previous reason: 'doze'.
04-22 09:46:25.223  1749  1772 I DisplayManagerService: Display device changed state: "Built-in Screen", OFF
04-22 09:46:25.625  1749  3451 D ActivityManager: makeInactive, ProcessRecord{824f748 28582:com.google.android.apps.nbu.files/u0a124}, clear holder.state
04-22 09:46:25.626  1749  1770 W Looper  : Slow dispatch took 397ms android.ui h=android.hardware.display.DisplayManagerGlobal$DisplayListenerDelegate c=null m=2
04-22 09:46:25.694  1749  3475 I ActivityManager: Killing 26432:com.google.android.contacts/u0a178 (adj 975): empty #17
04-22 09:46:25.696  1749  3475 I ActivityManager: Killing 28645:com.google.android.apps.docs.editors.sheets/u0a211 (adj 975): empty #18
04-22 09:46:25.748  1749  3487 D ActivityManager: makeInactive, ProcessRecord{319fde8 26432:com.google.android.contacts/u0a178}, clear holder.state
04-22 09:46:25.754  1749 11122 D ActivityManager: makeInactive, ProcessRecord{6ff6c5f 28645:com.google.android.apps.docs.editors.sheets/u0a211}, clear holder.state
04-22 09:46:35.955  1749  1794 W PackageParser: Unknown element under <manifest>: queries at /data/app/vmdl110133735.tmp/base.apk Binary XML file line #271
04-22 09:46:35.985  1749  1781 I ActivityManager: Force stopping com.android.vending appid=10120 user=-1: installPackageLI
04-22 09:46:35.985  1749  1781 I ActivityManager: Killing 28322:com.android.vending:download_service/u0a120 (adj 925): stop com.android.vending
04-22 09:46:35.986  1749  1781 D ActivityManager: makeInactive, ProcessRecord{f44d454 28322:com.android.vending:download_service/u0a120}, clear holder.state
04-22 09:46:35.986  1749  1781 I ActivityManager: Killing 28472:com.android.vending:instant_app_installer/u0a120 (adj 935): stop com.android.vending
04-22 09:46:35.987  1749  1781 D ActivityManager: makeInactive, ProcessRecord{4c48647 28472:com.android.vending:instant_app_installer/u0a120}, clear holder.state
04-22 09:46:35.989  1749  1781 I ActivityManager: Killing 28030:com.android.vending/u0a120 (adj 905): stop com.android.vending
04-22 09:46:35.989  1749  1794 I PackageManager: Update system package com.android.vending code path from /data/app/com.android.vending-aA156guIIWhkYEaIny9l2Q== to /data/app/com.android.vending-iahjQ3UZWPL8qH3SJK7ODw==; Retain data and using new
04-22 09:46:35.989  1749  1794 I PackageManager: Update system package com.android.vending resource path from /data/app/com.android.vending-aA156guIIWhkYEaIny9l2Q== to /data/app/com.android.vending-iahjQ3UZWPL8qH3SJK7ODw==; Retain data and using new
04-22 09:46:35.990  1749  1781 D ActivityManager: makeInactive, ProcessRecord{7ab673a 28030:com.android.vending/u0a120}, clear holder.state
04-22 09:46:35.999  1749  1794 I PackageManager: Un-granting permission android.permission.MANAGE_DOCUMENTS from package com.google.android.youtube (protectionLevel=262146 flags=0x30dbbe45)
04-22 09:46:36.001  1749  1794 I PackageManager: Un-granting permission com.google.android.googleapps.permission.GOOGLE_AUTH from package com.android.providers.calendar (protectionLevel=2 flags=0x30883e45)
04-22 09:46:36.001  1749  1794 I PackageManager: Un-granting permission com.google.android.googleapps.permission.GOOGLE_AUTH.cl from package com.android.providers.calendar (protectionLevel=2 flags=0x30883e45)
04-22 09:46:36.002  1749  1794 I PackageManager: Un-granting permission com.google.android.gm.permission.READ_GMAIL from package com.google.android.apps.docs.editors.docs (protectionLevel=2 flags=0x38dbbe44)
04-22 09:46:36.002  1749  1794 I PackageManager: Un-granting permission com.google.android.googleapps.permission.GOOGLE_AUTH from package com.google.android.apps.docs.editors.docs (protectionLevel=2 flags=0x38dbbe44)
04-22 09:46:36.002  1749  1794 I PackageManager: Un-granting permission com.google.android.googleapps.permission.GOOGLE_AUTH.OTHER_SERVICES from package com.google.android.apps.docs.editors.docs (protectionLevel=2 flags=0x38dbbe44)
04-22 09:46:36.002  1749  1794 I PackageManager: Un-granting permission com.google.android.googleapps.permission.GOOGLE_AUTH.ALL_SERVICES from package com.google.android.apps.docs.editors.docs (protectionLevel=2 flags=0x38dbbe44)
04-22 09:46:36.002  1749  1794 I PackageManager: Un-granting permission com.google.android.googleapps.permission.GOOGLE_AUTH.writely from package com.google.android.apps.docs.editors.docs (protectionLevel=2 flags=0x38dbbe44)
04-22 09:46:36.002  1749  1794 I PackageManager: Un-granting permission com.google.android.googleapps.permission.GOOGLE_AUTH.wise from package com.google.android.apps.docs.editors.docs (protectionLevel=2 flags=0x38dbbe44)
04-22 09:46:36.003  1749  1794 I PackageManager: Un-granting permission android.permission.REQUEST_INSTALL_PACKAGES from package com.motorola.brapps (protectionLevel=66 flags=0x38483e45)
04-22 09:46:36.004  1749  1794 I PackageManager: Un-granting permission com.google.android.gm.permission.READ_GMAIL from package com.google.android.apps.docs.editors.sheets (protectionLevel=2 flags=0x38dbbe44)
04-22 09:46:36.004  1749  1794 I PackageManager: Un-granting permission com.google.android.googleapps.permission.GOOGLE_AUTH from package com.google.android.apps.docs.editors.sheets (protectionLevel=2 flags=0x38dbbe44)
04-22 09:46:36.004  1749  1794 I PackageManager: Un-granting permission com.google.android.googleapps.permission.GOOGLE_AUTH.OTHER_SERVICES from package com.google.android.apps.docs.editors.sheets (protectionLevel=2 flags=0x38dbbe44)
04-22 09:46:36.004  1749  1794 I PackageManager: Un-granting permission com.google.android.googleapps.permission.GOOGLE_AUTH.ALL_SERVICES from package com.google.android.apps.docs.editors.sheets (protectionLevel=2 flags=0x38dbbe44)
04-22 09:46:36.004  1749  1794 I PackageManager: Un-granting permission com.google.android.googleapps.permission.GOOGLE_AUTH.writely from package com.google.android.apps.docs.editors.sheets (protectionLevel=2 flags=0x38dbbe44)
04-22 09:46:36.004  1749  1794 I PackageManager: Un-granting permission com.google.android.googleapps.permission.GOOGLE_AUTH.wise from package com.google.android.apps.docs.editors.sheets (protectionLevel=2 flags=0x38dbbe44)
04-22 09:46:36.004  1749  1794 I PackageManager: Un-granting permission com.google.android.gm.permission.READ_GMAIL from package com.google.android.apps.docs.editors.slides (protectionLevel=2 flags=0x38dbbe44)
04-22 09:46:36.004  1749  1794 I PackageManager: Un-granting permission com.google.android.googleapps.permission.GOOGLE_AUTH from package com.google.android.apps.docs.editors.slides (protectionLevel=2 flags=0x38dbbe44)
04-22 09:46:36.004  1749  1794 I PackageManager: Un-granting permission com.google.android.googleapps.permission.GOOGLE_AUTH.OTHER_SERVICES from package com.google.android.apps.docs.editors.slides (protectionLevel=2 flags=0x38dbbe44)
04-22 09:46:36.005  1749  1794 I PackageManager: Un-granting permission com.google.android.googleapps.permission.GOOGLE_AUTH.ALL_SERVICES from package com.google.android.apps.docs.editors.slides (protectionLevel=2 flags=0x38dbbe44)
04-22 09:46:36.005  1749  1794 I PackageManager: Un-granting permission com.google.android.googleapps.permission.GOOGLE_AUTH.writely from package com.google.android.apps.docs.editors.slides (protectionLevel=2 flags=0x38dbbe44)
04-22 09:46:36.005  1749  1794 I PackageManager: Un-granting permission com.google.android.googleapps.permission.GOOGLE_AUTH.wise from package com.google.android.apps.docs.editors.slides (protectionLevel=2 flags=0x38dbbe44)
04-22 09:46:36.005  1749  1794 I PackageManager: Un-granting permission com.google.android.setupwizard.READ_DEVICE_ORIGIN from package com.google.android.apps.messaging (protectionLevel=18 flags=0x38cbbe45)
04-22 09:46:36.011  1749  1794 I PackageManager: Un-granting permission android.permission.BIND_CARRIER_SERVICES from package com.republicwireless.tel (protectionLevel=18 flags=0x30483e45)
04-22 09:46:36.011  1749  1794 I PackageManager: Un-granting permission android.permission.REQUEST_INSTALL_PACKAGES from package com.google.android.gm (protectionLevel=66 flags=0x38cbbe45)
04-22 09:46:36.014  1749  1794 I PackageManager: Un-granting permission android.permission.MANAGE_ROLE_HOLDERS from package com.google.android.apps.wellbeing (protectionLevel=258 flags=0x20cbbe45)
04-22 09:46:36.015  1749  1794 I PackageManager: Un-granting permission android.permission.REQUEST_INSTALL_PACKAGES from package com.google.android.apps.nbu.files (protectionLevel=66 flags=0x30c83e45)
04-22 09:46:36.015  1749  1794 I PackageManager: Un-granting permission android.permission.REQUEST_INSTALL_PACKAGES from package com.google.android.apps.docs (protectionLevel=66 flags=0x38cbbe45)
04-22 09:46:36.016  1749  1794 I PackageManager: Un-granting permission android.permission.INTERACT_ACROSS_USERS from package com.google.android.syncadapters.contacts (protectionLevel=50 flags=0x20883e45)
04-22 09:46:36.017  1749  1794 I PackageManager: Un-granting permission android.permission.REQUEST_INSTALL_PACKAGES from package com.android.chrome (protectionLevel=66 flags=0xa0cbbe45)
04-22 09:46:36.017  1749  1794 I PackageManager: Un-granting permission android.permission.CAPTURE_VIDEO_OUTPUT from package com.google.android.gms (protectionLevel=2 flags=0xa0cabec5)
04-22 09:46:36.018  1749  1794 I PackageManager: Un-granting permission android.permission.MANAGE_DEVICE_ADMINS from package com.google.android.gms (protectionLevel=2 flags=0xa0cabec5)
04-22 09:46:36.018  1749  1794 I PackageManager: Un-granting permission android.permission.MANAGE_ACTIVITY_STACKS from package com.google.android.gms (protectionLevel=2 flags=0xa0cabec5)
04-22 09:46:36.018  1749  1794 I PackageManager: Un-granting permission android.permission.CAPTURE_SECURE_VIDEO_OUTPUT from package com.google.android.gms (protectionLevel=2 flags=0xa0cabec5)
04-22 09:46:36.018  1749  1794 I PackageManager: Un-granting permission android.permission.MANAGE_ROLLBACKS from package com.google.android.gms (protectionLevel=514 flags=0xa0cabec5)
04-22 09:46:36.021  1749  1794 I PackageManager: Un-granting permission com.google.android.googleapps.permission.GOOGLE_AUTH from package com.google.android.videos (protectionLevel=2 flags=0x30dbbe45)
04-22 09:46:36.022  1749  1794 I PackageManager: Un-granting permission android.permission.WRITE_MEDIA_STORAGE from package com.google.android.apps.photos (protectionLevel=18 flags=0x38d9be45)
04-22 09:46:36.025  1749  1794 I PackageManager: Un-granting permission android.permission.CONNECTIVITY_INTERNAL from package com.google.android.wfcactivation (protectionLevel=18 flags=0x3888be45)
04-22 09:46:36.025  1749  1794 I PackageManager: Un-granting permission android.permission.READ_LOGS from package com.google.android.wfcactivation (protectionLevel=50 flags=0x3888be45)
04-22 09:46:36.025  1749  1794 I PackageManager: Un-granting permission android.permission.WRITE_APN_SETTINGS from package com.google.android.wfcactivation (protectionLevel=18 flags=0x3888be45)
04-22 09:46:36.025  1749  1794 I PackageManager: Un-granting permission android.permission.WRITE_SECURE_SETTINGS from package com.LogiaGroup.LogiaDeck (protectionLevel=50 flags=0x38483e45)
04-22 09:46:36.027  1749  1794 I PackageManager: Un-granting permission android.permission.READ_WALLPAPER_INTERNAL from package com.google.android.apps.wallpaper (protectionLevel=18 flags=0x20cbbe45)
04-22 09:46:36.032  1749  1794 I PackageManager: Un-granting permission android.permission.SEND_DOWNLOAD_COMPLETED_INTENTS from package com.android.vending (protectionLevel=2 flags=0x284abec5)
04-22 09:46:36.053  1749  2917 D ConnectivityService: ConnectivityService NetworkRequestInfo binderDied(NetworkRequest [ TRACK_DEFAULT id=201, [ Capabilities: INTERNET&NOT_RESTRICTED&TRUSTED Uid: 10120] ], android.os.BinderProxy@b2e06c3)
04-22 09:46:36.053  1749  2255 D ConnectivityService: releasing NetworkRequest [ TRACK_DEFAULT id=201, [ Capabilities: INTERNET&NOT_RESTRICTED&TRUSTED Uid: 10120] ] (release request)
04-22 09:46:36.112  1749  1749 W Looper  : Slow dispatch took 120ms main h=com.android.server.job.JobSchedulerService$JobHandler c=null m=1
04-22 09:46:36.150  1749  9826 D ConnectivityService: ConnectivityService NetworkRequestInfo binderDied(NetworkRequest [ TRACK_DEFAULT id=197, [ Capabilities: INTERNET&NOT_RESTRICTED&TRUSTED Uid: 10120] ], android.os.BinderProxy@cf7488)
04-22 09:46:36.150  1749  7754 D ConnectivityService: ConnectivityService NetworkRequestInfo binderDied(NetworkRequest [ LISTEN id=198, [ Capabilities: INTERNET&NOT_RESTRICTED&TRUSTED Uid: 10120] ], android.os.BinderProxy@7063e21)
04-22 09:46:36.151  1749  2255 D ConnectivityService: releasing NetworkRequest [ TRACK_DEFAULT id=197, [ Capabilities: INTERNET&NOT_RESTRICTED&TRUSTED Uid: 10120] ] (release request)
04-22 09:46:43.840  1749  1794 W PackageManager: Cannot whitelist unknown permission: com.google.android.setupwizard.SETUP_PROGRESS_SERVICE
04-22 09:46:43.840  1749  1794 W PackageManager: Cannot whitelist unknown permission: android.permission.LOADER_USAGE_STATS
04-22 09:46:43.840  1749  1794 W PackageManager: Cannot whitelist unknown permission: com.sec.android.provider.badge.permission.READ
04-22 09:46:43.840  1749  1794 W PackageManager: Cannot whitelist unknown permission: com.sec.android.provider.badge.permission.WRITE
04-22 09:46:43.840  1749  1794 W PackageManager: Cannot whitelist unknown permission: com.htc.launcher.permission.READ_SETTINGS
04-22 09:46:43.840  1749  1794 W PackageManager: Cannot whitelist unknown permission: com.htc.launcher.permission.UPDATE_SHORTCUT
04-22 09:46:43.840  1749  1794 W PackageManager: Cannot whitelist unknown permission: com.sonyericsson.home.permission.BROADCAST_BADGE
04-22 09:46:43.840  1749  1794 W PackageManager: Cannot whitelist unknown permission: com.sonymobile.home.permission.PROVIDER_INSERT_BADGE
04-22 09:46:43.840  1749  1794 W PackageManager: Cannot whitelist unknown permission: com.anddoes.launcher.permission.UPDATE_COUNT
04-22 09:46:43.840  1749  1794 W PackageManager: Cannot whitelist unknown permission: com.majeur.launcher.permission.UPDATE_BADGE
04-22 09:46:43.840  1749  1794 W PackageManager: Cannot whitelist unknown permission: com.huawei.android.launcher.permission.CHANGE_BADGE
04-22 09:46:43.840  1749  1794 W PackageManager: Cannot whitelist unknown permission: com.huawei.android.launcher.permission.READ_SETTINGS
04-22 09:46:43.840  1749  1794 W PackageManager: Cannot whitelist unknown permission: com.huawei.android.launcher.permission.WRITE_SETTINGS
04-22 09:46:43.840  1749  1794 W PackageManager: Cannot whitelist unknown permission: android.permission.READ_APP_BADGE
04-22 09:46:43.840  1749  1794 W PackageManager: Cannot whitelist unknown permission: com.oppo.launcher.permission.READ_SETTINGS
04-22 09:46:43.840  1749  1794 W PackageManager: Cannot whitelist unknown permission: com.oppo.launcher.permission.WRITE_SETTINGS
04-22 09:46:43.840  1749  1794 W PackageManager: Cannot whitelist unknown permission: org.chromium.arc.apkcacheprovider.permission.READ_CACHE
04-22 09:46:43.840  1749  1794 W PackageManager: Cannot whitelist unknown permission: org.chromium.arc.apkcacheprovider.permission.WRITE_CACHE
04-22 09:46:43.840  1749  1794 W PackageManager: Cannot whitelist unknown permission: com.android.permission.USE_INSTALLER_V2
04-22 09:46:43.840  1749  1794 W PackageManager: Cannot whitelist unknown permission: android.permission.QUERY_ALL_PACKAGES
