04-20 20:28:59.093  1749  3451 I chatty  : uid=1000(system) Binder:1749_B expire 1 line
04-20 20:28:59.128  1749  3485 I chatty  : uid=1000(system) Binder:1749_11 expire 3 lines
04-20 20:28:59.219  1749  1772 I chatty  : uid=1000(system) android.display expire 13 lines
04-20 20:28:59.272  1749 10173 I chatty  : uid=1000(system) Binder:1749_1D expire 4 lines
04-20 20:28:59.642  1749  1773 I chatty  : uid=1000(system) android.anim expire 1 line
04-20 20:29:08.099  1749  5874 I chatty  : uid=1000(system) Binder:1749_17 expire 3 lines
04-20 20:29:08.462  1749  1770 I chatty  : uid=1000(system) android.ui expire 8 lines
04-20 20:29:43.891  1749  2054 I chatty  : uid=1000(system) UEventObserver expire 5 lines
04-20 20:30:05.052  1749  3453 I chatty  : uid=1000(system) Binder:1749_C expire 2 lines
04-20 20:30:08.517  1749  2917 I chatty  : uid=1000(system) Binder:1749_A expire 9 lines
04-20 20:30:34.451  1749  1780 I chatty  : uid=1000(system) android.bg expire 2 lines
04-20 20:31:42.301  1749  1785 I chatty  : uid=1000(system) batterystats-wo expire 1 line
04-20 20:32:08.845  1749  2255 I chatty  : uid=1000(system) ConnectivitySer expire 7 lines
04-20 20:32:25.480  1749 18096 I chatty  : uid=1000(system) AdbDebuggingMan expire 1 line
04-20 20:33:10.746  1749 11475 I chatty  : uid=1000(system) Binder:1749_20 expire 2 lines
04-20 20:34:15.828 21460 21460 W ActivityThread: serviceStart lasts for 3080 ms, ServiceArgsData = ServiceArgsData{token=android.os.BinderProxy@b8fa74c startId=45 args=Intent { act=com.google.android.location.internal.action.FLP_AR_RESULT pkg=com.google.android.gms cmp=com.google.android.gms/com.google.android.location.internal.PendingIntentCallbackService (has extras) }}
04-20 20:37:23.541 21460 21460 W ActivityThread: serviceStart lasts for 7120 ms, ServiceArgsData = ServiceArgsData{token=android.os.BinderProxy@b8fa74c startId=51 args=Intent { act=com.google.android.location.internal.action.FLP_AR_RESULT pkg=com.google.android.gms cmp=com.google.android.gms/com.google.android.location.internal.PendingIntentCallbackService (has extras) }}
04-20 20:37:43.564  1749  3454 I chatty  : uid=1000(system) Binder:1749_D expire 4 lines
04-20 20:38:16.473  1749  2255 I chatty  : uid=1000(system) ConnectivitySer expire 58 lines
04-20 20:38:16.643  1749  3451 I chatty  : uid=1000(system) Binder:1749_B expire 4 lines
04-20 20:38:31.929  1749  1749 I chatty  : uid=1000 system_server expire 11 lines
04-20 20:39:16.871  1749  9826 I chatty  : uid=1000(system) Binder:1749_1C expire 3 lines
04-20 20:46:26.305  1749  2054 I chatty  : uid=1000(system) UEventObserver expire 7 lines
04-20 20:48:22.093  1749  1781 I chatty  : uid=1000(system) ActivityManager expire 7 lines
04-20 21:09:24.872  1749  1782 I chatty  : uid=1000(system) ActivityManager expire 5 lines
04-20 21:16:31.109  1749  1770 I chatty  : uid=1000(system) android.ui expire 1 line
04-20 21:29:54.454  1749  1767 I chatty  : uid=1000(system) Binder:1749_1 expire 4 lines
04-20 21:39:59.252  1749  2255 I chatty  : uid=1000(system) ConnectivitySer expire 25 lines
04-20 21:40:02.279  1749  1782 I chatty  : uid=1000(system) ActivityManager expire 5 lines
04-20 21:40:02.289  1749  2139 I chatty  : uid=1000(system) NetworkWatchlis expire 2 lines
04-20 21:40:02.300  1749  1749 I chatty  : uid=1000 system_server expire 15 lines
04-20 21:40:02.844 21460  8538 E ActivityThread: Failed to find provider info for instantapp-dev-manager
04-20 21:40:12.100  1749  1769 I chatty  : uid=1000(system) android.fg expire 3 lines
04-20 21:40:12.130  1749  3486 I chatty  : uid=1000(system) Binder:1749_12 expire 1 line
04-20 21:40:13.490  1749 11122 I chatty  : uid=1000(system) Binder:1749_1E expire 6 lines
04-20 21:40:21.703  1749  2379 I chatty  : uid=1000(system) HwBinder:1749_3 expire 1 line
04-20 21:47:26.389  1749  2054 I chatty  : uid=1000(system) UEventObserver expire 7 lines
04-20 21:55:40.293  1749  9826 I chatty  : uid=1000(system) Binder:1749_1C expire 2 lines
04-20 21:58:14.500  1749  1780 I chatty  : uid=1000(system) android.bg expire 2 lines
04-20 22:31:18.552  1749  1781 I chatty  : uid=1000(system) ActivityManager expire 4 lines
04-20 22:31:21.041  1749  7787 I chatty  : uid=1000(system) Binder:1749_1A expire 2 lines
04-20 22:31:22.237  1749  3485 I chatty  : uid=1000(system) Binder:1749_11 expire 5 lines
04-20 22:31:22.307  1749  3484 I chatty  : uid=1000(system) Binder:1749_10 expire 8 lines
04-20 22:31:32.465  1749 11475 I chatty  : uid=1000(system) Binder:1749_20 expire 2 lines
04-20 22:31:49.752  1749  2255 I chatty  : uid=1000(system) ConnectivitySer expire 12 lines
04-20 22:31:49.780  1749  1749 I chatty  : uid=1000 system_server expire 4 lines
04-20 22:36:26.327  1749  2054 I chatty  : uid=1000(system) UEventObserver expire 13 lines
04-21 00:00:00.341  1749  1782 I chatty  : uid=1000(system) ActivityManager expire 10 lines
04-21 00:00:06.547  1749  1770 I chatty  : uid=1000(system) android.ui expire 2 lines
04-21 00:00:06.604  1749  7787 I chatty  : uid=1000(system) Binder:1749_1A expire 1 line
04-21 00:12:19.254  1749  1785 I chatty  : uid=1000(system) batterystats-wo expire 1 line
04-21 00:24:42.264  1749  1767 I chatty  : uid=1000(system) Binder:1749_1 expire 3 lines
04-21 00:24:42.269  1749  1781 I chatty  : uid=1000(system) ActivityManager expire 8 lines
04-21 00:24:42.851  1749 11122 I chatty  : uid=1000(system) Binder:1749_1E expire 2 lines
04-21 00:24:42.895  1749  2464 I chatty  : uid=1000(system) Binder:1749_7 expire 3 lines
04-21 00:24:43.415  1749  5077 I chatty  : uid=1000(system) Binder:1749_14 expire 1 line
04-21 00:24:43.490 24881 24964 W Binder  : reply too large data on java level: InterfaceDescriptor = null, code = 46
04-21 00:24:47.549  1749  3486 I chatty  : uid=1000(system) Binder:1749_12 expire 3 lines
04-21 00:24:47.549  1749  3482 I chatty  : uid=1000(system) Binder:1749_F expire 2 lines
04-21 00:24:47.960  1749  7481 I chatty  : uid=1000(system) Binder:1749_18 expire 1 line
04-21 00:24:48.066  1749  3453 I chatty  : uid=1000(system) Binder:1749_C expire 1 line
04-21 00:24:48.077  1749  2039 I chatty  : uid=1000(system) Binder:1749_3 expire 4 lines
04-21 00:24:48.575 24881 24964 W Binder  : reply too large data on java level: InterfaceDescriptor = null, code = 46
04-21 00:24:48.817  1749  3475 I chatty  : uid=1000(system) Binder:1749_E expire 2 lines
04-21 00:24:48.821  1749  1768 I chatty  : uid=1000(system) Binder:1749_2 expire 4 lines
04-21 00:24:49.073  1749  3451 I chatty  : uid=1000(system) Binder:1749_B expire 4 lines
04-21 00:24:51.157  1749  5123 I chatty  : uid=1000(system) Binder:1749_15 expire 2 lines
04-21 00:24:51.164  1749  3484 I chatty  : uid=1000(system) Binder:1749_10 expire 1 line
04-21 00:24:53.673 24881  9794 W Binder  : reply too large data on java level: InterfaceDescriptor = null, code = 46
04-21 00:24:58.744 24881  9794 W Binder  : reply too large data on java level: InterfaceDescriptor = null, code = 46
04-21 00:25:03.814 24881 25019 W Binder  : reply too large data on java level: InterfaceDescriptor = null, code = 46
04-21 00:25:03.822  1749  2240 I chatty  : uid=1000(system) Binder:1749_4 expire 1 line
04-21 00:25:08.882 24881 25019 W Binder  : reply too large data on java level: InterfaceDescriptor = null, code = 46
04-21 00:25:11.200  1749 11470 I chatty  : uid=1000(system) Binder:1749_1F expire 1 line
04-21 00:25:12.841  1749  2255 I chatty  : uid=1000(system) ConnectivitySer expire 8 lines
04-21 00:25:59.264 24881 25019 W Binder  : reply too large data on java level: InterfaceDescriptor = null, code = 46
04-21 00:27:27.368 24881 25019 W Binder  : reply too large data on java level: InterfaceDescriptor = null, code = 46
04-21 00:28:48.202 24881 25019 W Binder  : reply too large data on java level: InterfaceDescriptor = null, code = 46
04-21 00:30:09.961 24881 25019 W Binder  : reply too large data on java level: InterfaceDescriptor = null, code = 46
04-21 00:33:17.701 24881 25019 W Binder  : reply too large data on java level: InterfaceDescriptor = null, code = 46
04-21 00:33:59.211  1749  2054 I chatty  : uid=1000(system) UEventObserver expire 33 lines
04-21 00:34:00.016 24881 25019 W Binder  : reply too large data on java level: InterfaceDescriptor = null, code = 46
04-21 00:36:24.698 24881 25019 W Binder  : reply too large data on java level: InterfaceDescriptor = null, code = 46
04-21 00:37:46.604 24881 25019 W Binder  : reply too large data on java level: InterfaceDescriptor = null, code = 46
04-21 00:38:47.855 24881 25019 W Binder  : reply too large data on java level: InterfaceDescriptor = null, code = 46
04-21 00:39:59.149 24881 25019 W Binder  : reply too large data on java level: InterfaceDescriptor = null, code = 46
04-21 00:41:20.246 24881 25019 W Binder  : reply too large data on java level: InterfaceDescriptor = null, code = 46
04-21 00:42:45.700 24881 25019 W Binder  : reply too large data on java level: InterfaceDescriptor = null, code = 46
04-21 00:44:05.825 24881 25019 W Binder  : reply too large data on java level: InterfaceDescriptor = null, code = 46
04-21 00:45:31.535 24881 25019 W Binder  : reply too large data on java level: InterfaceDescriptor = null, code = 46
04-21 00:46:38.246 24881 25019 W Binder  : reply too large data on java level: InterfaceDescriptor = null, code = 46
04-21 00:48:00.953 24881 25019 W Binder  : reply too large data on java level: InterfaceDescriptor = null, code = 46
04-21 00:48:53.750 24881 25019 W Binder  : reply too large data on java level: InterfaceDescriptor = null, code = 46
04-21 00:50:28.280 24881 25019 W Binder  : reply too large data on java level: InterfaceDescriptor = null, code = 46
04-21 00:50:40.579  1749 11470 I chatty  : uid=1000(system) Binder:1749_1F expire 7 lines
04-21 01:15:39.056  1749  1785 I chatty  : uid=1000(system) batterystats-wo expire 5 lines
04-21 01:15:39.153  1749  1782 I chatty  : uid=1000(system) ActivityManager expire 4 lines
04-21 01:16:19.941  1749  7481 I chatty  : uid=1000(system) Binder:1749_18 expire 1 line
04-21 01:16:20.803  1749  1770 I chatty  : uid=1000(system) android.ui expire 1 line
04-21 01:16:20.910  1749  3475 I chatty  : uid=1000(system) Binder:1749_E expire 1 line
04-21 01:52:12.944  1749  1780 I chatty  : uid=1000(system) android.bg expire 4 lines
04-21 04:11:52.382  1749  1749 I chatty  : uid=1000 system_server expire 7 lines
04-21 04:11:52.448  1749  2255 I chatty  : uid=1000(system) ConnectivitySer expire 22 lines
04-21 04:11:52.885  1749  3486 I chatty  : uid=1000(system) Binder:1749_12 expire 1 line
04-21 04:11:52.893  1749  1781 I chatty  : uid=1000(system) ActivityManager expire 6 lines
04-21 04:11:52.949  1749  7754 I chatty  : uid=1000(system) Binder:1749_19 expire 2 lines
04-21 04:12:28.052  1749  7787 I chatty  : uid=1000(system) Binder:1749_1A expire 2 lines
04-21 06:32:16.061  1749  1769 I chatty  : uid=1000(system) android.fg expire 5 lines
04-21 07:20:08.956  1749  2917 I chatty  : uid=1000(system) Binder:1749_A expire 1 line
04-21 07:20:09.012  1749  5605 I chatty  : uid=1000(system) Binder:1749_16 expire 1 line
04-21 09:05:53.557  1749  2054 I chatty  : uid=1000(system) UEventObserver expire 12 lines
04-21 09:20:06.341  1749  1749 I chatty  : uid=1000 system_server expire 10 lines
04-21 09:40:17.770  1749  1785 I chatty  : uid=1000(system) batterystats-wo expire 2 lines
04-21 09:41:23.458  1749  1769 I chatty  : uid=1000(system) android.fg expire 6 lines
04-21 10:02:58.665  1749  2255 I chatty  : uid=1000(system) ConnectivitySer expire 11 lines
04-21 10:03:00.279  1749  2039 I chatty  : uid=1000(system) Binder:1749_3 expire 3 lines
04-21 10:03:00.284  1749  1781 I chatty  : uid=1000(system) ActivityManager expire 8 lines
04-21 10:03:00.328  1749  5874 I chatty  : uid=1000(system) Binder:1749_17 expire 2 lines
04-21 10:03:01.346 24881 32152 D SystemConfig: Removed unavailable feature android.hardware.sensor.gyroscope
04-21 10:03:01.351 24881 32152 W SystemConfig: No directory /oem/etc/sysconfig, skipping
04-21 10:03:01.352 24881 32152 W SystemConfig: No directory /oem/etc/permissions, skipping
04-21 10:03:01.464 24881 32152 W SystemConfig: No directory /system/etc/motorola/bgintents, skipping
04-21 10:03:01.465 24881 32152 W SystemConfig: No directory /oem/etc/motorola/bgintents, skipping
04-21 10:03:01.469 24881 32152 W SystemConfig: No directory /product_services/etc/sysconfig, skipping
04-21 10:03:01.469 24881 32152 W SystemConfig: No directory /product_services/etc/permissions, skipping
04-21 10:03:01.469 24881 32152 W SystemConfig: No directory /system/etc/motorola/sysconfig, skipping
04-21 10:03:01.469 24881 32152 W SystemConfig: No directory /oem/etc/motorola/sysconfig, skipping
04-21 10:03:01.470 24881 32152 W SystemConfig: No directory /product/etc/motorola/sysconfig, skipping
04-21 10:03:01.506 24881 32152 W PackageParser: Unknown element under <manifest>: queries at /data/user_de/0/com.google.android.gms/app_chimera/m/0000000a/AdsDynamite.apk Binary XML file line #5
04-21 10:03:01.682  1749  1782 I chatty  : uid=1000(system) ActivityManager expire 11 lines
04-21 10:03:01.737  1749  2139 I chatty  : uid=1000(system) NetworkWatchlis expire 2 lines
04-21 10:03:02.205  1749  2240 I chatty  : uid=1000(system) Binder:1749_4 expire 10 lines
04-21 10:03:03.064  1749  7754 I chatty  : uid=1000(system) Binder:1749_19 expire 3 lines
04-21 10:03:04.935 24881 32152 W PackageParser: Unknown element under <manifest>: queries at /data/user_de/0/com.google.android.gms/app_chimera/m/0000000a/AdsDynamite.apk Binary XML file line #5
04-21 10:03:05.960  1749  3454 I chatty  : uid=1000(system) Binder:1749_D expire 2 lines
04-21 10:03:06.291 24881 10027 W PackageParser: Unknown element under <manifest>: queries at /data/user_de/0/com.google.android.gms/app_chimera/m/0000000a/AdsDynamite.apk Binary XML file line #5
04-21 10:03:06.597 24881 10027 W PackageParser: Unknown element under <manifest>: queries at /data/user_de/0/com.google.android.gms/app_chimera/m/0000000a/AdsDynamite.apk Binary XML file line #5
04-21 10:03:07.412  1749 11470 I chatty  : uid=1000(system) Binder:1749_1F expire 1 line
04-21 10:03:07.413  1749  7787 I chatty  : uid=1000(system) Binder:1749_1A expire 12 lines
04-21 10:03:07.498  1749  3453 I chatty  : uid=1000(system) Binder:1749_C expire 2 lines
04-21 10:03:07.498  1749  1767 I chatty  : uid=1000(system) Binder:1749_1 expire 1 line
04-21 10:03:07.506  1749  2464 I chatty  : uid=1000(system) Binder:1749_7 expire 3 lines
04-21 10:03:07.509  1749  1768 I chatty  : uid=1000(system) Binder:1749_2 expire 4 lines
04-21 10:03:07.547  1749  1772 I chatty  : uid=1000(system) android.display expire 1 line
04-21 10:03:08.105 24881 27001 W PackageParser: Unknown element under <manifest>: queries at /data/user_de/0/com.google.android.gms/app_chimera/m/0000000a/AdsDynamite.apk Binary XML file line #5
04-21 10:03:08.437 24881 27001 W PackageParser: Unknown element under <manifest>: queries at /data/user_de/0/com.google.android.gms/app_chimera/m/0000000a/AdsDynamite.apk Binary XML file line #5
04-21 10:03:09.721 24881 10407 W PackageParser: Unknown element under <manifest>: queries at /data/user_de/0/com.google.android.gms/app_chimera/m/0000000a/AdsDynamite.apk Binary XML file line #5
04-21 10:03:10.162 24881 10407 W PackageParser: Unknown element under <manifest>: queries at /data/user_de/0/com.google.android.gms/app_chimera/m/0000000a/AdsDynamite.apk Binary XML file line #5
04-21 10:03:10.346  1749  2646 I chatty  : uid=1000(system) android.fg expire 2 lines
04-21 10:03:10.763 10761 10802 D SystemConfig: Removed unavailable feature android.hardware.sensor.gyroscope
04-21 10:03:10.767 10761 10802 W SystemConfig: No directory /oem/etc/sysconfig, skipping
04-21 10:03:10.767 10761 10802 W SystemConfig: No directory /oem/etc/permissions, skipping
04-21 10:03:10.811 10761 10802 W SystemConfig: No directory /system/etc/motorola/bgintents, skipping
04-21 10:03:10.812 10761 10802 W SystemConfig: No directory /oem/etc/motorola/bgintents, skipping
04-21 10:03:10.814 10761 10802 W SystemConfig: No directory /product_services/etc/sysconfig, skipping
04-21 10:03:10.814 10761 10802 W SystemConfig: No directory /product_services/etc/permissions, skipping
04-21 10:03:10.814 10761 10802 W SystemConfig: No directory /system/etc/motorola/sysconfig, skipping
04-21 10:03:10.814 10761 10802 W SystemConfig: No directory /oem/etc/motorola/sysconfig, skipping
04-21 10:03:10.814 10761 10802 W SystemConfig: No directory /product/etc/motorola/sysconfig, skipping
04-21 10:03:10.868  1749  1749 I chatty  : uid=1000 system_server expire 6 lines
04-21 10:03:11.198  1749  1780 I chatty  : uid=1000(system) android.bg expire 2 lines
04-21 10:03:11.716 24881 10359 W PackageParser: Unknown element under <manifest>: queries at /data/user_de/0/com.google.android.gms/app_chimera/m/0000000a/AdsDynamite.apk Binary XML file line #5
04-21 10:03:11.756  1749  9826 I chatty  : uid=1000(system) Binder:1749_1C expire 1 line
04-21 10:03:11.900 24881 10027 W PackageParser: Unknown element under <manifest>: queries at /data/user_de/0/com.google.android.gms/app_chimera/m/0000000a/AdsDynamite.apk Binary XML file line #5
04-21 10:03:12.019 24881 10027 W PackageParser: Unknown element under <manifest>: queries at /data/user_de/0/com.google.android.gms/app_chimera/m/s/dl-AdsFdrDynamite.integ_210890500100000.apk Binary XML file line #5
04-21 10:03:12.196 24881 24933 W PackageParser: Unknown element under <manifest>: queries at /data/user_de/0/com.google.android.gms/app_chimera/m/0000000a/AdsDynamite.apk Binary XML file line #5
04-21 10:03:12.268 24881 24933 W PackageParser: Unknown element under <manifest>: queries at /data/user_de/0/com.google.android.gms/app_chimera/m/00000018/dl-AdsFdrDynamite.integ_210890500100000.apk Binary XML file line #5
04-21 10:03:12.597 24881 10027 W PackageParser: Unknown element under <manifest>: queries at /data/user_de/0/com.google.android.gms/app_chimera/m/0000000a/AdsDynamite.apk Binary XML file line #5
04-21 10:03:12.652 24881 10027 W PackageParser: Unknown element under <manifest>: queries at /data/user_de/0/com.google.android.gms/app_chimera/m/00000018/dl-AdsFdrDynamite.integ_210890500100000.apk Binary XML file line #5
04-21 10:03:21.252  1749  8013 I chatty  : uid=1000(system) Binder:1749_1B expire 1 line
04-21 10:03:26.826  1749  3487 I chatty  : uid=1000(system) Binder:1749_13 expire 2 lines
04-21 10:03:28.932  1749  2255 I chatty  : uid=1000(system) ConnectivitySer expire 10 lines
04-21 10:39:39.377  7655  7655 W ActivityThread: serviceCreate lasts for 19899 ms, CreateServiceData = CreateServiceData{token=android.os.BinderProxy@695f21 className=com.motorola.ccc.ota.env.SystemUpdateQSTile packageName=com.motorola.ccc.ota intent=null}
04-21 11:04:33.063  1749  3484 I chatty  : uid=1000(system) Binder:1749_10 expire 1 line
04-21 11:04:33.063  1749  2444 I chatty  : uid=1000(system) Binder:1749_6 expire 3 lines
04-21 11:08:21.259 11061 11061 W ActivityThread: serviceCreate starts in 38098 ms, CreateServiceData = CreateServiceData{token=android.os.BinderProxy@5368fea className=com.motorola.feedback.quicksettings.FeedBackTileService packageName=com.motorola.help intent=null}
04-21 11:09:50.973  1749  2054 I chatty  : uid=1000(system) UEventObserver expire 1 line
04-21 11:13:08.493  1749 11122 I chatty  : uid=1000(system) Binder:1749_1E expire 7 lines
04-21 11:13:08.568  1749  2444 I chatty  : uid=1000(system) Binder:1749_6 expire 4 lines
04-21 11:23:22.867  1749  2054 I chatty  : uid=1000(system) UEventObserver expire 22 lines
04-21 11:23:34.256  1749  1749 I chatty  : uid=1000 system_server expire 8 lines
04-21 11:44:43.652  1749  1769 I chatty  : uid=1000(system) android.fg expire 7 lines
04-21 12:28:59.501  1749  1770 I chatty  : uid=1000(system) android.ui expire 3 lines
04-21 12:29:39.029  1749  1785 I chatty  : uid=1000(system) batterystats-wo expire 6 lines
04-21 13:37:18.707  1749  1780 I chatty  : uid=1000(system) android.bg expire 2 lines
04-21 16:02:55.904  1749  1782 I chatty  : uid=1000(system) ActivityManager expire 15 lines
04-21 16:02:55.940  1749  2255 I chatty  : uid=1000(system) ConnectivitySer expire 12 lines
04-21 16:02:56.309  1749  1781 I chatty  : uid=1000(system) ActivityManager expire 3 lines
04-21 16:02:56.403 11310 11310 D ActivityThread: Loading provider contacts;com.android.contacts: com.android.providers.contacts.ContactsProvider2
04-21 16:02:56.762  1749  2039 I chatty  : uid=1000(system) Binder:1749_3 expire 1 line
04-21 16:02:56.951  1749  5077 I chatty  : uid=1000(system) Binder:1749_14 expire 3 lines
04-21 16:02:59.474  1749  3453 I chatty  : uid=1000(system) Binder:1749_C expire 3 lines
04-21 16:02:59.790  1749  5123 I chatty  : uid=1000(system) Binder:1749_15 expire 2 lines
04-21 16:03:00.208  1749  3486 I chatty  : uid=1000(system) Binder:1749_12 expire 3 lines
04-21 16:03:00.461  1749  2240 I chatty  : uid=1000(system) Binder:1749_4 expire 2 lines
04-21 16:03:00.615  1749 10173 I chatty  : uid=1000(system) Binder:1749_1D expire 4 lines
04-21 16:03:00.691  1749  9826 I chatty  : uid=1000(system) Binder:1749_1C expire 1 line
04-21 16:03:01.152  1749 11475 I chatty  : uid=1000(system) Binder:1749_20 expire 5 lines
04-21 16:03:02.338  1749  3484 I chatty  : uid=1000(system) Binder:1749_10 expire 4 lines
04-21 16:03:03.362  1749  7787 I chatty  : uid=1000(system) Binder:1749_1A expire 4 lines
04-21 16:03:04.158  1749  1768 I chatty  : uid=1000(system) Binder:1749_2 expire 4 lines
04-21 16:03:04.276  1749  3475 I chatty  : uid=1000(system) Binder:1749_E expire 1 line
04-21 16:03:04.393  1749  2464 I chatty  : uid=1000(system) Binder:1749_7 expire 6 lines
04-21 16:03:11.840  7655 13193 E ActivityThread: Failed to find provider info for com.motorola.ccc.cce.datausage
04-21 16:03:12.722  7655 13188 E ActivityThread: Failed to find provider info for com.motorola.ccc.cce.datausage
04-21 16:03:18.959  1749  7754 I chatty  : uid=1000(system) Binder:1749_19 expire 1 line
04-21 16:03:18.961  1749  3487 I chatty  : uid=1000(system) Binder:1749_13 expire 4 lines
04-21 16:03:18.968  1749  3485 I chatty  : uid=1000(system) Binder:1749_11 expire 1 line
04-21 16:03:19.901  1749  2917 I chatty  : uid=1000(system) Binder:1749_A expire 1 line
04-21 16:03:21.106  1749  1782 I chatty  : uid=1000(system) ActivityManager expire 10 lines
04-21 16:03:26.277  1749  2255 I chatty  : uid=1000(system) ConnectivitySer expire 15 lines
04-21 16:03:31.486  7655 13188 E ActivityThread: Failed to find provider info for com.motorola.ccc.cce.datausage
04-21 16:03:31.489  7655 13193 E ActivityThread: Failed to find provider info for com.motorola.ccc.cce.datausage
04-21 16:04:51.400  1749  2054 I chatty  : uid=1000(system) UEventObserver expire 14 lines
04-21 16:05:27.452  7655 13193 E ActivityThread: Failed to find provider info for com.motorola.ccc.cce.datausage
04-21 16:05:41.725  7655 13188 E ActivityThread: Failed to find provider info for com.motorola.ccc.cce.datausage
04-21 16:06:26.377  1749  3487 I chatty  : uid=1000(system) Binder:1749_13 expire 4 lines
04-21 16:06:26.450  1749 10173 I chatty  : uid=1000(system) Binder:1749_1D expire 2 lines
04-21 16:06:57.383  7655 13193 E ActivityThread: Failed to find provider info for com.motorola.ccc.cce.datausage
04-21 16:17:39.078  1749  1749 I chatty  : uid=1000 system_server expire 5 lines
04-21 17:15:37.931  1749  1769 I chatty  : uid=1000(system) android.fg expire 2 lines
04-21 17:15:40.676  1749  1785 I chatty  : uid=1000(system) batterystats-wo expire 1 line
04-21 17:15:41.222  1749  3453 I chatty  : uid=1000(system) Binder:1749_C expire 8 lines
04-21 17:15:43.683  1749  3482 I chatty  : uid=1000(system) Binder:1749_F expire 3 lines
04-21 18:26:00.090  1749  1780 I chatty  : uid=1000(system) android.bg expire 2 lines
04-21 19:04:08.122  1749  1789 I chatty  : uid=1000(system) PowerManagerSer expire 12 lines
04-21 19:04:08.139  1749  1770 I chatty  : uid=1000(system) android.ui expire 7 lines
04-21 19:04:08.144  1749  1772 I chatty  : uid=1000(system) android.display expire 9 lines
04-21 19:04:21.478  1749  1781 I chatty  : uid=1000(system) ActivityManager expire 6 lines
04-21 19:04:22.407  7655 13188 E ActivityThread: Failed to find provider info for com.motorola.ccc.cce.datausage
04-21 19:04:23.080  1749  8013 I chatty  : uid=1000(system) Binder:1749_1B expire 10 lines
04-21 19:04:23.321  1749  2039 I chatty  : uid=1000(system) Binder:1749_3 expire 1 line
04-21 19:04:24.114 24881 24899 W Binder  : reply too large data on java level: InterfaceDescriptor = null, code = 46
04-21 19:04:26.368  1749  1789 I chatty  : uid=1000(system) PowerManagerSer expire 12 lines
04-21 19:04:26.639  1749  5123 I chatty  : uid=1000(system) Binder:1749_15 expire 2 lines
04-21 19:04:27.946  1749 11122 I chatty  : uid=1000(system) Binder:1749_1E expire 4 lines
04-21 19:04:29.180 24881 26622 W Binder  : reply too large data on java level: InterfaceDescriptor = null, code = 46
04-21 19:04:32.592  1749  2255 I chatty  : uid=1000(system) ConnectivitySer expire 2 lines
04-21 19:04:32.592  1749  3485 I chatty  : uid=1000(system) Binder:1749_11 expire 2 lines
04-21 19:04:33.612  1749  3475 I chatty  : uid=1000(system) Binder:1749_E expire 2 lines
04-21 19:04:33.716  1749  5874 I chatty  : uid=1000(system) Binder:1749_17 expire 1 line
04-21 19:04:34.252 24881 24938 W Binder  : reply too large data on java level: InterfaceDescriptor = null, code = 46
04-21 19:04:39.318 24881 24898 W Binder  : reply too large data on java level: InterfaceDescriptor = null, code = 46
04-21 19:04:39.498  1749  1789 I chatty  : uid=1000(system) PowerManagerSer expire 2 lines
04-21 19:04:39.500  1749  2387 I chatty  : uid=1000(system) Binder:1749_5 expire 1 line
04-21 19:04:39.517  1749  1789 I chatty  : uid=1000(system) PowerManagerSer expire 10 lines
04-21 19:04:39.519  1749  1772 I chatty  : uid=1000(system) android.display expire 11 lines
04-21 19:04:39.565  1749  1770 I chatty  : uid=1000(system) android.ui expire 7 lines
04-21 19:04:44.212  1749  5874 I chatty  : uid=1000(system) Binder:1749_17 expire 1 line
04-21 19:04:44.262  1749  7754 I chatty  : uid=1000(system) Binder:1749_19 expire 1 line
04-21 19:04:44.386 24881 24898 W Binder  : reply too large data on java level: InterfaceDescriptor = null, code = 46
04-21 19:04:48.649  1749  3453 I chatty  : uid=1000(system) Binder:1749_C expire 2 lines
04-21 19:04:48.696  1749  5605 I chatty  : uid=1000(system) Binder:1749_16 expire 1 line
04-21 19:04:49.453 24881 24898 W Binder  : reply too large data on java level: InterfaceDescriptor = null, code = 46
04-21 19:04:52.292  7655 10325 E ActivityThread: Failed to find provider info for com.motorola.ccc.cce.datausage
04-21 19:04:52.920  7655 13072 E ActivityThread: Failed to find provider info for com.motorola.ccc.cce.datausage
04-21 19:04:54.518 24881 24898 W Binder  : reply too large data on java level: InterfaceDescriptor = null, code = 46
04-21 19:04:54.539  1749 11122 I chatty  : uid=1000(system) Binder:1749_1E expire 1 line
04-21 19:04:59.624 24881 24898 W Binder  : reply too large data on java level: InterfaceDescriptor = null, code = 46
04-21 19:05:09.761 24881 24898 I chatty  : uid=10158(com.google.android.gms) Binder:24881_2 identical 3 lines
04-21 19:05:14.830 24881 24898 W Binder  : reply too large data on java level: InterfaceDescriptor = null, code = 46
04-21 19:05:19.220  1749  2054 I chatty  : uid=1000(system) UEventObserver expire 3 lines
04-21 19:05:19.894 24881 24898 W Binder  : reply too large data on java level: InterfaceDescriptor = null, code = 46
04-21 19:05:31.430 24881 24898 W Binder  : reply too large data on java level: InterfaceDescriptor = null, code = 46
04-21 19:05:33.797  1749  1767 I chatty  : uid=1000(system) Binder:1749_1 expire 2 lines
04-21 19:05:46.755 24881 24898 W Binder  : reply too large data on java level: InterfaceDescriptor = null, code = 46
04-21 19:06:04.465  1749  3484 I chatty  : uid=1000(system) Binder:1749_10 expire 2 lines
04-21 19:06:05.940 24881 25073 W Binder  : reply too large data on java level: InterfaceDescriptor = null, code = 46
04-21 19:06:08.572  1749  1789 I chatty  : uid=1000(system) PowerManagerSer expire 12 lines
04-21 19:06:21.662 24881 25073 W Binder  : reply too large data on java level: InterfaceDescriptor = null, code = 46
04-21 19:07:09.727 24881 25073 W Binder  : reply too large data on java level: InterfaceDescriptor = null, code = 46
04-21 19:07:09.779  1749  1771 I chatty  : uid=1000(system) android.io expire 2 lines
04-21 19:07:15.006 24881 25073 W Binder  : reply too large data on java level: InterfaceDescriptor = null, code = 46
04-21 19:07:21.522  1749  2255 I chatty  : uid=1000(system) ConnectivitySer expire 18 lines
04-21 19:07:25.506 24881 24898 W Binder  : reply too large data on java level: InterfaceDescriptor = null, code = 46
04-21 19:07:35.642 24881 24898 W Binder  : reply too large data on java level: InterfaceDescriptor = null, code = 46
04-21 19:07:36.061  7655 13193 E ActivityThread: Failed to find provider info for com.motorola.ccc.cce.datausage
04-21 19:07:40.722 24881 24898 W Binder  : reply too large data on java level: InterfaceDescriptor = null, code = 46
04-21 19:08:11.517 24881 24898 W Binder  : reply too large data on java level: InterfaceDescriptor = null, code = 46
04-21 19:08:12.898  1749  1782 I chatty  : uid=1000(system) ActivityManager expire 8 lines
04-21 19:08:12.965  1749  1780 I chatty  : uid=1000(system) android.bg expire 5 lines
04-21 19:08:16.588 24881 24898 W Binder  : reply too large data on java level: InterfaceDescriptor = null, code = 46
04-21 19:08:23.620  1749 11470 I chatty  : uid=1000(system) Binder:1749_1F expire 3 lines
04-21 19:11:01.369  1749  1781 I chatty  : uid=1000(system) ActivityManager expire 1 line
04-21 19:11:21.422  1749  5077 I chatty  : uid=1000(system) Binder:1749_14 expire 5 lines
04-21 19:11:21.752  1749  1749 I chatty  : uid=1000 system_server expire 5 lines
04-21 19:16:00.879  7655 13188 E ActivityThread: Failed to find provider info for com.motorola.ccc.cce.datausage
04-21 19:16:03.405  1749  2139 I chatty  : uid=1000(system) NetworkWatchlis expire 2 lines
04-21 19:16:03.504  1749  3388 I chatty  : uid=1000(system) backup-0 expire 5 lines
04-21 19:16:04.261  1749  3451 I chatty  : uid=1000(system) Binder:1749_B expire 2 lines
04-21 19:16:05.824  1749  2917 I chatty  : uid=1000(system) Binder:1749_A expire 1 line
04-21 19:16:05.831  1749  2255 I chatty  : uid=1000(system) ConnectivitySer expire 13 lines
04-21 19:18:23.235  1749  1789 I chatty  : uid=1000(system) PowerManagerSer expire 5 lines
04-21 19:18:23.242  1749 10173 I chatty  : uid=1000(system) Binder:1749_1D expire 1 line
04-21 19:18:23.285  1749  1772 I chatty  : uid=1000(system) android.display expire 12 lines
04-21 19:18:27.550  1749  1789 I chatty  : uid=1000(system) PowerManagerSer expire 43 lines
04-21 19:18:33.625  1749 18096 I chatty  : uid=1000(system) AdbDebuggingMan expire 1 line
04-21 19:18:33.625  1749  1769 I chatty  : uid=1000(system) android.fg expire 9 lines
04-21 19:18:45.500  1749  3451 I chatty  : uid=1000(system) Binder:1749_B expire 4 lines
04-21 19:18:45.562  1749  5077 I chatty  : uid=1000(system) Binder:1749_14 expire 4 lines
04-21 19:18:45.573  1749  7481 I chatty  : uid=1000(system) Binder:1749_18 expire 5 lines
04-21 19:18:45.573  1749  2255 I chatty  : uid=1000(system) ConnectivitySer expire 2 lines
04-21 19:18:45.574  1749 10173 I chatty  : uid=1000(system) Binder:1749_1D expire 2 lines
04-21 19:18:45.588  1749  5874 I chatty  : uid=1000(system) Binder:1749_17 expire 3 lines
04-21 19:18:45.588  1749  3486 I chatty  : uid=1000(system) Binder:1749_12 expire 1 line
04-21 19:19:31.663  1749  1770 I chatty  : uid=1000(system) android.ui expire 10 lines
04-21 19:19:36.080  1749  2137 I chatty  : uid=1000(system) InputReader expire 2 lines
04-21 19:19:36.083  1749  1749 I chatty  : uid=1000 system_server expire 18 lines
04-21 19:19:36.096  1749  2749 I chatty  : uid=1000(system) Binder:1749_9 expire 1 line
04-21 19:19:36.162  1749  3475 I chatty  : uid=1000(system) Binder:1749_E expire 3 lines
04-21 19:19:36.232  1749  1773 I chatty  : uid=1000(system) android.anim expire 5 lines
04-21 19:19:41.306  1749  2054 I chatty  : uid=1000(system) UEventObserver expire 1 line
04-21 19:19:48.976  1749  7787 I chatty  : uid=1000(system) Binder:1749_1A expire 2 lines
04-21 19:20:01.713  1749  2387 I chatty  : uid=1000(system) Binder:1749_5 expire 1 line
04-21 19:20:12.679  1749  1749 I chatty  : uid=1000 system_server expire 25 lines
04-21 19:20:12.768  1749  5077 I chatty  : uid=1000(system) Binder:1749_14 expire 4 lines
04-21 19:20:13.045  1749  7787 I chatty  : uid=1000(system) Binder:1749_1A expire 3 lines
04-21 19:20:13.087  1749  1773 I chatty  : uid=1000(system) android.anim expire 8 lines
04-21 19:20:25.243  1749  1789 I chatty  : uid=1000(system) PowerManagerSer expire 38 lines
04-21 19:20:25.244  1749 10173 I chatty  : uid=1000(system) Binder:1749_1D expire 4 lines
04-21 19:20:25.244  1749  1770 I chatty  : uid=1000(system) android.ui expire 8 lines
04-21 19:20:25.263  1749  1772 I chatty  : uid=1000(system) android.display expire 8 lines
04-21 19:20:25.264  1749  2137 I chatty  : uid=1000(system) InputReader expire 3 lines
04-21 19:20:25.400  1749  2749 I chatty  : uid=1000(system) Binder:1749_9 expire 3 lines
04-21 19:20:25.445  1749  2255 I chatty  : uid=1000(system) ConnectivitySer expire 1 line
04-21 19:20:25.529  1749  1769 I chatty  : uid=1000(system) android.fg expire 8 lines
04-21 19:20:39.726  1749  7481 I chatty  : uid=1000(system) Binder:1749_18 expire 3 lines
04-21 19:20:42.749  1749  2054 I chatty  : uid=1000(system) UEventObserver expire 1 line
04-21 19:21:00.552  1749  1767 I chatty  : uid=1000(system) Binder:1749_1 expire 2 lines
04-21 19:21:13.951  1749  3475 I chatty  : uid=1000(system) Binder:1749_E expire 10 lines
04-21 19:21:27.378  1749  2749 I chatty  : uid=1000(system) Binder:1749_9 expire 4 lines
04-21 19:21:27.511  1749  1789 I chatty  : uid=1000(system) PowerManagerSer expire 2 lines
04-21 19:21:27.511  1749  1769 I chatty  : uid=1000(system) android.fg expire 3 lines
04-21 19:21:27.511  1749  1749 I chatty  : uid=1000 system_server expire 5 lines
04-21 19:21:27.580  1749  1773 I chatty  : uid=1000(system) android.anim expire 11 lines
04-21 19:21:27.638  1749  1770 I chatty  : uid=1000(system) android.ui expire 1 line
04-21 19:21:30.616  1749  1772 I chatty  : uid=1000(system) android.display expire 2 lines
04-21 19:21:30.619  1749  1781 I chatty  : uid=1000(system) ActivityManager expire 3 lines
04-21 19:21:30.624  1749  7787 I chatty  : uid=1000(system) Binder:1749_1A expire 4 lines
04-21 19:21:30.733  1749 10173 I chatty  : uid=1000(system) Binder:1749_1D expire 5 lines
04-21 19:21:30.746  1749  2255 I chatty  : uid=1000(system) ConnectivitySer expire 10 lines
04-21 19:21:33.234  1749  2464 I chatty  : uid=1000(system) Binder:1749_7 expire 1 line
04-21 19:21:33.315  1749  1782 I chatty  : uid=1000(system) ActivityManager expire 12 lines
04-21 19:21:33.585  1749  5077 I chatty  : uid=1000(system) Binder:1749_14 expire 1 line
04-21 19:21:40.342  1749  2603 I chatty  : uid=1000(system) Binder:1749_8 expire 6 lines
04-21 19:21:43.474  1749  1767 I chatty  : uid=1000(system) Binder:1749_1 expire 1 line
04-21 19:21:43.474  1749  5605 I chatty  : uid=1000(system) Binder:1749_16 expire 4 lines
04-21 19:21:45.774  7655 13193 E ActivityThread: Failed to find provider info for com.motorola.ccc.cce.datausage
04-21 19:21:47.087  1749  2054 I chatty  : uid=1000(system) UEventObserver expire 2 lines
04-21 19:21:56.592  1749  2917 I chatty  : uid=1000(system) Binder:1749_A expire 3 lines
04-21 19:21:56.643  1749 11470 I chatty  : uid=1000(system) Binder:1749_1F expire 9 lines
04-21 19:21:56.648  1749  7481 I chatty  : uid=1000(system) Binder:1749_18 expire 1 line
04-21 19:21:58.846  1749  3482 I chatty  : uid=1000(system) Binder:1749_F expire 3 lines
04-21 19:21:58.903  1749  5123 I chatty  : uid=1000(system) Binder:1749_15 expire 1 line
04-21 19:21:58.967  1749  3475 I chatty  : uid=1000(system) Binder:1749_E expire 1 line
04-21 19:21:59.047  1749  3451 I chatty  : uid=1000(system) Binder:1749_B expire 1 line
04-21 19:21:59.096  1749  1773 I chatty  : uid=1000(system) android.anim expire 8 lines
04-21 19:21:59.889  1749  3485 I chatty  : uid=1000(system) Binder:1749_11 expire 3 lines
04-21 19:22:00.135  1749  2444 I chatty  : uid=1000(system) Binder:1749_6 expire 10 lines
04-21 19:22:01.807  1749  1773 I chatty  : uid=1000(system) android.anim expire 12 lines
04-21 19:22:01.816  1749  3487 I chatty  : uid=1000(system) Binder:1749_13 expire 3 lines
04-21 19:22:01.929  1749  1768 I chatty  : uid=1000(system) Binder:1749_2 expire 4 lines
04-21 19:22:02.722  1749  3475 I chatty  : uid=1000(system) Binder:1749_E expire 3 lines
04-21 19:22:04.062  1749  1749 I chatty  : uid=1000 system_server expire 2 lines
04-21 19:22:04.070  1749  3485 I chatty  : uid=1000(system) Binder:1749_11 expire 1 line
04-21 19:22:07.776  1749  1772 I chatty  : uid=1000(system) android.display expire 4 lines
04-21 19:22:08.070  1749  3484 I chatty  : uid=1000(system) Binder:1749_10 expire 1 line
04-21 19:22:20.296  7655 13188 E ActivityThread: Failed to find provider info for com.motorola.ccc.cce.datausage
04-21 19:22:48.527  1749  2054 I chatty  : uid=1000(system) UEventObserver expire 15 lines
04-21 19:23:05.114  1749  1782 I chatty  : uid=1000(system) ActivityManager expire 10 lines
04-21 19:23:10.581  1749 11475 I chatty  : uid=1000(system) Binder:1749_20 expire 2 lines
04-21 19:23:11.769  1749  2240 I chatty  : uid=1000(system) Binder:1749_4 expire 9 lines
04-21 19:23:11.883  1749  7787 I chatty  : uid=1000(system) Binder:1749_1A expire 4 lines
04-21 19:23:11.884  1749  2255 I chatty  : uid=1000(system) ConnectivitySer expire 1 line
04-21 19:23:14.769  7655 13193 E ActivityThread: Failed to find provider info for com.motorola.ccc.cce.datausage
04-21 19:24:14.328  1749  7754 I chatty  : uid=1000(system) Binder:1749_19 expire 3 lines
04-21 19:24:15.772  1749  2917 I chatty  : uid=1000(system) Binder:1749_A expire 4 lines
04-21 19:24:15.786  1749  1785 I chatty  : uid=1000(system) batterystats-wo expire 10 lines
04-21 19:24:24.799  1749  1767 I chatty  : uid=1000(system) Binder:1749_1 expire 4 lines
04-21 19:24:35.319  7655 13188 E ActivityThread: Failed to find provider info for com.motorola.ccc.cce.datausage
04-21 19:26:19.566  1749  1781 I chatty  : uid=1000(system) ActivityManager expire 4 lines
04-21 19:33:04.088  1749  1780 I chatty  : uid=1000(system) android.bg expire 2 lines
04-21 19:33:05.813  1749  5605 I chatty  : uid=1000(system) Binder:1749_16 expire 3 lines
04-21 19:36:35.682  1749  1782 I chatty  : uid=1000(system) ActivityManager expire 4 lines
04-21 19:37:08.695  1749  2054 I chatty  : uid=1000(system) UEventObserver expire 4 lines
04-21 19:40:30.089 14253 16521 D SystemConfig: Removed unavailable feature android.hardware.sensor.gyroscope
04-21 19:40:30.098 14253 16521 W SystemConfig: No directory /oem/etc/sysconfig, skipping
04-21 19:40:30.098 14253 16521 W SystemConfig: No directory /oem/etc/permissions, skipping
04-21 19:40:30.357 14253 16521 W SystemConfig: No directory /system/etc/motorola/bgintents, skipping
04-21 19:40:30.357 14253 16521 W SystemConfig: No directory /oem/etc/motorola/bgintents, skipping
04-21 19:40:30.365 14253 16521 W SystemConfig: No directory /product_services/etc/sysconfig, skipping
04-21 19:40:30.366 14253 16521 W SystemConfig: No directory /product_services/etc/permissions, skipping
04-21 19:40:30.366 14253 16521 W SystemConfig: No directory /system/etc/motorola/sysconfig, skipping
04-21 19:40:30.366 14253 16521 W SystemConfig: No directory /oem/etc/motorola/sysconfig, skipping
04-21 19:40:30.366 14253 16521 W SystemConfig: No directory /product/etc/motorola/sysconfig, skipping
04-21 19:40:31.224  1749  1794 I chatty  : uid=1000(system) PackageManager expire 45 lines
04-21 19:40:31.502  1749  1781 I chatty  : uid=1000(system) ActivityManager expire 24 lines
04-21 19:40:31.536  1749  2067 I chatty  : uid=1000(system) AccountManagerS expire 1 line
04-21 19:40:31.556  1749  2646 I chatty  : uid=1000(system) android.fg expire 1 line
04-21 19:40:31.658  1749  1749 I chatty  : uid=1000 system_server expire 11 lines
04-21 19:40:31.776  1749  1769 I chatty  : uid=1000(system) android.fg expire 2 lines
04-21 19:40:31.830  1749  7754 I chatty  : uid=1000(system) Binder:1749_19 expire 1 line
04-21 19:40:31.894  1749  7481 I chatty  : uid=1000(system) Binder:1749_18 expire 1 line
04-21 19:40:32.165  1749  3485 I chatty  : uid=1000(system) Binder:1749_11 expire 4 lines
04-21 19:40:32.198  1749  1773 I chatty  : uid=1000(system) android.anim expire 3 lines
04-21 19:40:32.562  1749  3486 I chatty  : uid=1000(system) Binder:1749_12 expire 2 lines
04-21 19:40:33.081  1749  1773 I chatty  : uid=1000(system) android.anim expire 4 lines
04-21 19:40:41.992  1749  7754 I chatty  : uid=1000(system) Binder:1749_19 expire 2 lines
04-21 19:40:42.229  1749  1749 I chatty  : uid=1000 system_server expire 3 lines
04-21 19:40:42.649  1749  2257 I chatty  : uid=1000(system) NsdService expire 5 lines
04-21 19:40:49.570  1749  1781 I chatty  : uid=1000(system) ActivityManager expire 13 lines
04-21 19:40:52.117  1749  3484 I chatty  : uid=1000(system) Binder:1749_10 expire 4 lines
04-21 19:41:11.013  1749  2054 I chatty  : uid=1000(system) UEventObserver expire 15 lines
04-21 19:41:41.754  1749  1782 I chatty  : uid=1000(system) ActivityManager expire 5 lines
04-21 19:41:41.900 16852 16852 D ActivityThread: Loading provider contacts;com.android.contacts: com.android.providers.contacts.ContactsProvider2
04-21 19:41:42.972  1749  1768 I chatty  : uid=1000(system) Binder:1749_2 expire 1 line
04-21 19:41:43.035  1749 11475 I chatty  : uid=1000(system) Binder:1749_20 expire 7 lines
04-21 19:42:03.560  1749  7481 I chatty  : uid=1000(system) Binder:1749_18 expire 2 lines
04-21 19:42:16.174  1749  5605 I chatty  : uid=1000(system) Binder:1749_16 expire 1 line
04-21 19:42:43.582  1749  3487 I chatty  : uid=1000(system) Binder:1749_13 expire 1 line
04-21 19:42:53.689  1749 10173 I chatty  : uid=1000(system) Binder:1749_1D expire 3 lines
04-21 19:44:43.585  1749 11470 I chatty  : uid=1000(system) Binder:1749_1F expire 6 lines
04-21 19:45:43.582  1749  5077 I chatty  : uid=1000(system) Binder:1749_14 expire 2 lines
04-21 19:46:35.862  1749 11122 I chatty  : uid=1000(system) Binder:1749_1E expire 4 lines
04-21 19:46:57.882  1749  1781 I chatty  : uid=1000(system) ActivityManager expire 5 lines
04-21 19:48:43.582  1749  1767 I chatty  : uid=1000(system) Binder:1749_1 expire 1 line
04-21 19:50:47.472  1749  3485 I chatty  : uid=1000(system) Binder:1749_11 expire 2 lines
04-21 19:52:43.639  1749  2255 I chatty  : uid=1000(system) ConnectivitySer expire 3 lines
04-21 19:52:43.640  1749  2444 I chatty  : uid=1000(system) Binder:1749_6 expire 1 line
04-21 19:52:43.644  1749  5123 I chatty  : uid=1000(system) Binder:1749_15 expire 1 line
04-21 19:53:43.587  1749  2917 I chatty  : uid=1000(system) Binder:1749_A expire 3 lines
04-21 19:53:43.672  1749  9826 I chatty  : uid=1000(system) Binder:1749_1C expire 1 line
04-21 19:53:43.672  1749  3453 I chatty  : uid=1000(system) Binder:1749_C expire 2 lines
04-21 19:54:32.168  1749  3451 I chatty  : uid=1000(system) Binder:1749_B expire 1 line
04-21 19:54:32.384  1749  3454 I chatty  : uid=1000(system) Binder:1749_D expire 1 line
04-21 19:54:32.541 24881 14986 W Binder  : reply too large data on java level: InterfaceDescriptor = null, code = 46
04-21 19:54:33.171  1749  2054 I chatty  : uid=1000(system) UEventObserver expire 2 lines
04-21 19:54:37.624 24881 14986 W Binder  : reply too large data on java level: InterfaceDescriptor = null, code = 46
04-21 19:54:38.377  1749  2749 I chatty  : uid=1000(system) Binder:1749_9 expire 3 lines
04-21 19:54:42.697 24881 25019 W Binder  : reply too large data on java level: InterfaceDescriptor = null, code = 46
04-21 19:54:47.754 24881 25019 W Binder  : reply too large data on java level: InterfaceDescriptor = null, code = 46
04-21 19:54:52.833 24881 25019 W Binder  : reply too large data on java level: InterfaceDescriptor = null, code = 46
04-21 19:54:57.890 24881 25019 W Binder  : reply too large data on java level: InterfaceDescriptor = null, code = 46
04-21 19:55:02.974 24881 25017 W Binder  : reply too large data on java level: InterfaceDescriptor = null, code = 46
04-21 19:55:28.316 24881 25017 I chatty  : uid=10158(com.google.android.gms) Binder:24881_7 identical 5 lines
04-21 19:55:33.399 24881 25017 W Binder  : reply too large data on java level: InterfaceDescriptor = null, code = 46
04-21 19:55:38.466 24881 25017 W Binder  : reply too large data on java level: InterfaceDescriptor = null, code = 46
04-21 19:55:43.539 24881 25017 W Binder  : reply too large data on java level: InterfaceDescriptor = null, code = 46
04-21 19:55:43.587  1749  2039 I chatty  : uid=1000(system) Binder:1749_3 expire 2 lines
04-21 19:55:48.613 24881 25017 W Binder  : reply too large data on java level: InterfaceDescriptor = null, code = 46
04-21 19:55:53.691 24881 25017 W Binder  : reply too large data on java level: InterfaceDescriptor = null, code = 46
04-21 19:56:24.137 24881 25017 I chatty  : uid=10158(com.google.android.gms) Binder:24881_7 identical 6 lines
04-21 19:56:29.206 24881 25017 W Binder  : reply too large data on java level: InterfaceDescriptor = null, code = 46
04-21 19:56:32.506  1749 11475 I chatty  : uid=1000(system) Binder:1749_20 expire 2 lines
04-21 19:56:36.044  1749  2054 I chatty  : uid=1000(system) UEventObserver expire 7 lines
04-21 19:56:43.584  1749  2603 I chatty  : uid=1000(system) Binder:1749_8 expire 1 line
04-21 19:57:24.263  1749  1780 I chatty  : uid=1000(system) android.bg expire 6 lines
04-21 19:57:43.581  1749  1767 I chatty  : uid=1000(system) Binder:1749_1 expire 2 lines
04-21 19:57:58.653  1749  7481 I chatty  : uid=1000(system) Binder:1749_18 expire 1 line
04-21 19:57:58.699  1749 11470 I chatty  : uid=1000(system) Binder:1749_1F expire 5 lines
04-21 19:58:43.586  1749  2240 I chatty  : uid=1000(system) Binder:1749_4 expire 1 line
04-21 19:59:43.586  1749  5077 I chatty  : uid=1000(system) Binder:1749_14 expire 1 line
04-21 19:59:55.519  1749 10173 I chatty  : uid=1000(system) Binder:1749_1D expire 1 line
04-21 20:00:00.225  1749  1749 I chatty  : uid=1000 system_server expire 10 lines
04-21 20:00:37.871  1749  1770 I chatty  : uid=1000(system) android.ui expire 9 lines
04-21 20:00:38.317  1749  1789 I chatty  : uid=1000(system) PowerManagerSer expire 30 lines
04-21 20:00:38.350  1749 18329 I chatty  : uid=1000 system_server expire 1 line
04-21 20:00:38.355  1749  1772 I chatty  : uid=1000(system) android.display expire 11 lines
04-21 20:00:38.777  1749  1769 I chatty  : uid=1000(system) android.fg expire 1 line
04-21 20:00:39.531  1749  2257 I chatty  : uid=1000(system) NsdService expire 2 lines
04-21 20:00:39.532  1749 11122 I chatty  : uid=1000(system) Binder:1749_1E expire 3 lines
04-21 20:00:39.664  1749  1782 I chatty  : uid=1000(system) ActivityManager expire 1 line
04-21 20:00:39.689  1749  7754 I chatty  : uid=1000(system) Binder:1749_19 expire 5 lines
04-21 20:00:40.420  1749  1773 I chatty  : uid=1000(system) android.anim expire 1 line
04-21 20:02:11.155  1749  8013 I chatty  : uid=1000(system) Binder:1749_1B expire 3 lines
04-21 20:02:51.062  1749  5605 I chatty  : uid=1000(system) Binder:1749_16 expire 2 lines
04-21 20:03:04.956  1749  1772 I chatty  : uid=1000(system) android.display expire 10 lines
04-21 20:03:05.088  1749  1789 I chatty  : uid=1000(system) PowerManagerSer expire 24 lines
04-21 20:03:05.090  1749  7754 I chatty  : uid=1000(system) Binder:1749_19 expire 1 line
04-21 20:03:05.091  1749  1770 I chatty  : uid=1000(system) android.ui expire 6 lines
04-21 20:03:13.512  1749  8013 I chatty  : uid=1000(system) Binder:1749_1B expire 1 line
04-21 20:03:21.896  1749  5874 I chatty  : uid=1000(system) Binder:1749_17 expire 3 lines
04-21 20:03:50.812  1749  2054 I chatty  : uid=1000(system) UEventObserver expire 13 lines
04-21 20:03:51.183  1749  2255 I chatty  : uid=1000(system) ConnectivitySer expire 18 lines
04-21 20:03:51.300  1749 11470 I chatty  : uid=1000(system) Binder:1749_1F expire 4 lines
04-21 20:04:51.516  1749  9826 I chatty  : uid=1000(system) Binder:1749_1C expire 5 lines
04-21 20:06:51.810  1749  3486 I chatty  : uid=1000(system) Binder:1749_12 expire 5 lines
04-21 20:06:59.373  1749  1785 I chatty  : uid=1000(system) batterystats-wo expire 1 line
04-21 20:08:52.089  1749  5123 I chatty  : uid=1000(system) Binder:1749_15 expire 1 line
04-21 20:09:52.238  1749  1782 I chatty  : uid=1000(system) ActivityManager expire 4 lines
04-21 20:10:52.347  1749 11475 I chatty  : uid=1000(system) Binder:1749_20 expire 5 lines
04-21 20:11:01.545  1749  1780 I chatty  : uid=1000(system) android.bg expire 4 lines
04-21 20:26:30.070  1749  2255 I chatty  : uid=1000(system) ConnectivitySer expire 24 lines
04-21 20:26:30.082  1749  1749 I chatty  : uid=1000 system_server expire 10 lines
04-21 20:26:30.145  1749  9826 I chatty  : uid=1000(system) Binder:1749_1C expire 3 lines
04-21 20:26:30.610  1749  1767 I chatty  : uid=1000(system) Binder:1749_1 expire 1 line
04-21 20:26:30.611  1749  2749 I chatty  : uid=1000(system) Binder:1749_9 expire 1 line
04-21 20:26:30.663  1749 11475 I chatty  : uid=1000(system) Binder:1749_20 expire 1 line
04-21 20:26:30.700  1749 11122 I chatty  : uid=1000(system) Binder:1749_1E expire 1 line
04-21 20:26:30.736  1749  3475 I chatty  : uid=1000(system) Binder:1749_E expire 1 line
04-21 20:26:30.739  1749  2387 I chatty  : uid=1000(system) Binder:1749_5 expire 1 line
04-21 20:26:30.951  1749  3485 I chatty  : uid=1000(system) Binder:1749_11 expire 1 line
04-21 20:26:30.956  1749  1781 I chatty  : uid=1000(system) ActivityManager expire 6 lines
04-21 20:26:33.153  1749  1782 I chatty  : uid=1000(system) ActivityManager expire 3 lines
