04-20 19:16:10.846 21042 21042 W ActivityThread: serviceStart starts in 3648 ms, ServiceArgsData = ServiceArgsData{token=android.os.BinderProxy@e723ac0 startId=1 args=Intent { act=com.google.android.gms.chimera.container.CHIMERA_LOG cmp=com.google.android.gms/.chimera.container.FileApkIntentOperation$ExternalFileApkService (has extras) }}
04-20 19:16:10.857 21042 21042 W ActivityThread: serviceCreate starts in 2469 ms, CreateServiceData = CreateServiceData{token=android.os.BinderProxy@7a042ec className=com.google.android.gms.measurement.service.MeasurementBrokerService packageName=com.google.android.gms intent=null}
04-20 19:16:10.989 21042 21042 W ActivityThread: serviceStart starts in 2444 ms, ServiceArgsData = ServiceArgsData{token=android.os.BinderProxy@d0fd40d startId=162 args=Intent { act=com.google.android.chimera.MODULE_CONFIGURATION_CHANGED flg=0x10 pkg=com.google.android.gms cmp=com.google.android.gms/.chimera.GmsIntentOperationService (has extras) }}
04-20 19:16:13.635  1749  1749 I chatty  : uid=1000 system_server expire 10 lines
04-20 19:16:13.733 21042 21174 W PackageParser: Unknown element under <manifest>: queries at /data/user_de/0/com.google.android.gms/app_chimera/m/0000000a/AdsDynamite.apk Binary XML file line #5
04-20 19:16:14.315 21042 21111 W PackageParser: Unknown element under <manifest>: queries at /data/user_de/0/com.google.android.gms/app_chimera/m/0000000a/AdsDynamite.apk Binary XML file line #5
04-20 19:16:19.985  1749  3454 I chatty  : uid=1000(system) Binder:1749_D expire 2 lines
04-20 19:16:20.190 21042 21171 W PackageParser: Unknown element under <manifest>: queries at /data/user_de/0/com.google.android.gms/app_chimera/m/0000000a/AdsDynamite.apk Binary XML file line #5
04-20 19:16:21.058  1749  3453 I chatty  : uid=1000(system) Binder:1749_C expire 1 line
04-20 19:16:21.986 21042 21171 W PackageParser: Unknown element under <manifest>: queries at /data/user_de/0/com.google.android.gms/app_chimera/m/0000000a/AdsDynamite.apk Binary XML file line #5
04-20 19:16:22.074 21247 21247 W ActivityThread: serviceCreate starts in 5495 ms, CreateServiceData = CreateServiceData{token=android.os.BinderProxy@78d2a7b className=com.google.android.gms.droidguard.DroidGuardService packageName=com.google.android.gms intent=null}
04-20 19:16:22.512  1749  1794 I chatty  : uid=1000(system) PackageManager expire 104 lines
04-20 19:16:22.559  1749  2646 I chatty  : uid=1000(system) android.fg expire 4 lines
04-20 19:16:22.570  1749  8013 I chatty  : uid=1000(system) Binder:1749_1B expire 1 line
04-20 19:16:22.587 21153 21153 I ActivityThread: Removing dead content provider:android.content.ContentProviderProxy@b09f599
04-20 19:16:22.654  1749  1769 I chatty  : uid=1000(system) android.fg expire 2 lines
04-20 19:16:22.672  1749  2067 I chatty  : uid=1000(system) AccountManagerS expire 1 line
04-20 19:16:22.685   728  1293 E FrameworkListener: read() failed (Connection reset by peer)
04-20 19:16:22.746  1749  3451 I chatty  : uid=1000(system) Binder:1749_B expire 3 lines
04-20 19:16:22.749   728  1293 E FrameworkListener: read() failed (Connection reset by peer)
04-20 19:16:22.923  1749  1782 I chatty  : uid=1000(system) ActivityManager expire 12 lines
04-20 19:16:22.928  1749  1749 I chatty  : uid=1000 system_server expire 17 lines
04-20 19:16:23.159  1749  1769 I chatty  : uid=1000(system) android.fg expire 9 lines
04-20 19:16:23.321  1749  3484 I chatty  : uid=1000(system) Binder:1749_10 expire 5 lines
04-20 19:16:23.322  1749  1781 I chatty  : uid=1000(system) ActivityManager expire 35 lines
04-20 19:16:23.325  1749  2626 I chatty  : uid=1000(system) IzatProvider expire 2 lines
04-20 19:16:23.360  1749  3388 I chatty  : uid=1000(system) backup-0 expire 4 lines
04-20 19:16:23.446  1749  2749 I chatty  : uid=1000(system) Binder:1749_9 expire 10 lines
04-20 19:16:23.471  1749  1780 I chatty  : uid=1000(system) android.bg expire 4 lines
04-20 19:16:23.602  1749  2646 I chatty  : uid=1000(system) android.fg expire 5 lines
04-20 19:16:23.718  1749  2240 I chatty  : uid=1000(system) Binder:1749_4 expire 9 lines
04-20 19:16:23.722  1749  3487 I chatty  : uid=1000(system) Binder:1749_13 expire 7 lines
04-20 19:16:23.743  1749  2917 I chatty  : uid=1000(system) Binder:1749_A expire 10 lines
04-20 19:16:23.936  1749  3453 I chatty  : uid=1000(system) Binder:1749_C expire 3 lines
04-20 19:16:23.941  1749  8013 I chatty  : uid=1000(system) Binder:1749_1B expire 4 lines
04-20 19:16:24.598  1749  3485 I chatty  : uid=1000(system) Binder:1749_11 expire 3 lines
04-20 19:16:24.921 21737 21737 D ActivityThread: Loading provider contacts;com.android.contacts: com.android.providers.contacts.ContactsProvider2
04-20 19:16:28.699 21524 21656 W PackageParser: Unknown element under <manifest>: queries at /data/user_de/0/com.google.android.gms/app_chimera/m/0000000a/AdsDynamite.apk Binary XML file line #5
04-20 19:16:28.751 21524 21656 D SystemConfig: Removed unavailable feature android.hardware.sensor.gyroscope
04-20 19:16:28.755 21524 21656 W SystemConfig: No directory /oem/etc/sysconfig, skipping
04-20 19:16:28.755 21524 21656 W SystemConfig: No directory /oem/etc/permissions, skipping
04-20 19:16:28.827 21524 21656 W SystemConfig: No directory /system/etc/motorola/bgintents, skipping
04-20 19:16:28.827 21524 21656 W SystemConfig: No directory /oem/etc/motorola/bgintents, skipping
04-20 19:16:28.829 21524 21656 W SystemConfig: No directory /product_services/etc/sysconfig, skipping
04-20 19:16:28.829 21524 21656 W SystemConfig: No directory /product_services/etc/permissions, skipping
04-20 19:16:28.829 21524 21656 W SystemConfig: No directory /system/etc/motorola/sysconfig, skipping
04-20 19:16:28.829 21524 21656 W SystemConfig: No directory /oem/etc/motorola/sysconfig, skipping
04-20 19:16:28.830 21524 21656 W SystemConfig: No directory /product/etc/motorola/sysconfig, skipping
04-20 19:16:28.936 21524 21718 W PackageParser: Unknown element under <manifest>: queries at /data/user_de/0/com.google.android.gms/app_chimera/m/0000000a/AdsDynamite.apk Binary XML file line #5
04-20 19:16:29.108  1749  2039 I chatty  : uid=1000(system) Binder:1749_3 expire 1 line
04-20 19:16:29.431 21524 21657 W PackageParser: Unknown element under <manifest>: queries at /data/user_de/0/com.google.android.gms/app_chimera/m/0000000a/AdsDynamite.apk Binary XML file line #5
04-20 19:16:38.776  1749  7481 I chatty  : uid=1000(system) Binder:1749_18 expire 1 line
04-20 19:16:38.807  1749  1768 I chatty  : uid=1000(system) Binder:1749_2 expire 5 lines
04-20 19:16:42.880  1749  1789 I chatty  : uid=1000(system) PowerManagerSer expire 2 lines
04-20 19:16:47.477  1749  3454 I chatty  : uid=1000(system) Binder:1749_D expire 2 lines
04-20 19:16:47.477  1749  5874 I chatty  : uid=1000(system) Binder:1749_17 expire 1 line
04-20 19:16:47.478  1749  2255 I chatty  : uid=1000(system) ConnectivitySer expire 2 lines
04-20 19:16:47.501  1749  1767 I chatty  : uid=1000(system) Binder:1749_1 expire 1 line
04-20 19:16:47.504  1749 10173 I chatty  : uid=1000(system) Binder:1749_1D expire 1 line
04-20 19:16:49.897  1749  1749 I chatty  : uid=1000 system_server expire 12 lines
04-20 19:16:50.074  1749  1789 I chatty  : uid=1000(system) PowerManagerSer expire 55 lines
04-20 19:16:50.572  1749 22294 I chatty  : uid=1000 system_server expire 1 line
04-20 19:16:50.603  1749  1772 I chatty  : uid=1000(system) android.display expire 20 lines
04-20 19:16:50.840  1749  2054 I chatty  : uid=1000(system) UEventObserver expire 4 lines
04-20 19:16:51.045  1749  9826 I chatty  : uid=1000(system) Binder:1749_1C expire 4 lines
04-20 19:16:51.132  1749  1769 I chatty  : uid=1000(system) android.fg expire 9 lines
04-20 19:16:52.173  1749  3451 I chatty  : uid=1000(system) Binder:1749_B expire 4 lines
04-20 19:16:52.330  1749  8013 I chatty  : uid=1000(system) Binder:1749_1B expire 4 lines
04-20 19:16:53.056  1749  1773 I chatty  : uid=1000(system) android.anim expire 2 lines
04-20 19:16:54.191 21524 22316 W PackageParser: Unknown element under <manifest>: queries at /data/user_de/0/com.google.android.gms/app_chimera/m/0000000a/AdsDynamite.apk Binary XML file line #5
04-20 19:16:55.008   613   626 E Cryptfs : cryptfs_get_password not valid for file encryption
04-20 19:17:27.660 21524 21566 W PackageParser: Unknown element under <manifest>: queries at /data/user_de/0/com.google.android.gms/app_chimera/m/0000000a/AdsDynamite.apk Binary XML file line #5
04-20 19:19:53.709  1749  1785 I chatty  : uid=1000(system) batterystats-wo expire 1 line
04-20 19:20:29.103  1749  2255 I chatty  : uid=1000(system) ConnectivitySer expire 8 lines
04-20 19:20:45.012  1749  3454 I chatty  : uid=1000(system) Binder:1749_D expire 1 line
04-20 19:20:45.012  1749  1770 I chatty  : uid=1000(system) android.ui expire 12 lines
04-20 19:21:58.455  1749  1767 I chatty  : uid=1000(system) Binder:1749_1 expire 2 lines
04-20 19:22:03.104  1749  7481 I chatty  : uid=1000(system) Binder:1749_18 expire 2 lines
04-20 19:22:49.037  1749  1790 I chatty  : uid=1000(system) HwBinder:1749_1 expire 1 line
04-20 19:22:49.168  1749  1771 I chatty  : uid=1000(system) android.io expire 1 line
04-20 19:22:49.170  1749  1781 I chatty  : uid=1000(system) ActivityManager expire 4 lines
04-20 19:22:49.283  1749  1782 I chatty  : uid=1000(system) ActivityManager expire 1 line
04-20 19:22:49.295  1749 11470 I chatty  : uid=1000(system) Binder:1749_1F expire 1 line
04-20 19:22:49.451  1749 18096 I chatty  : uid=1000(system) AdbDebuggingMan expire 5 lines
04-20 19:22:49.514  1749  1749 I chatty  : uid=1000 system_server expire 10 lines
04-20 19:22:49.720  1749  8013 I chatty  : uid=1000(system) Binder:1749_1B expire 6 lines
04-20 19:22:49.721  1749  1769 I chatty  : uid=1000(system) android.fg expire 10 lines
04-20 19:22:49.876  1749  1773 I chatty  : uid=1000(system) android.anim expire 9 lines
04-20 19:22:49.978  1749  3485 I chatty  : uid=1000(system) Binder:1749_11 expire 1 line
04-20 19:22:50.088  1749  1782 I chatty  : uid=1000(system) ActivityManager expire 18 lines
04-20 19:22:51.354  1749  3453 I chatty  : uid=1000(system) Binder:1749_C expire 2 lines
04-20 19:22:51.452  1749  1772 I chatty  : uid=1000(system) android.display expire 2 lines
04-20 19:22:51.462  1749  1781 I chatty  : uid=1000(system) ActivityManager expire 3 lines
04-20 19:22:51.463  1749 10173 I chatty  : uid=1000(system) Binder:1749_1D expire 1 line
04-20 19:22:51.472  1749  1767 I chatty  : uid=1000(system) Binder:1749_1 expire 1 line
04-20 19:22:51.578  1749  5874 I chatty  : uid=1000(system) Binder:1749_17 expire 5 lines
04-20 19:22:52.581  1749  2646 I chatty  : uid=1000(system) android.fg expire 4 lines
04-20 19:22:52.841  1749 11470 I chatty  : uid=1000(system) Binder:1749_1F expire 1 line
04-20 19:22:53.076  1749  9826 I chatty  : uid=1000(system) Binder:1749_1C expire 3 lines
04-20 19:22:53.136  1749  1780 I chatty  : uid=1000(system) android.bg expire 3 lines
04-20 19:23:01.093 21524 22646 W PackageParser: Unknown element under <manifest>: queries at /data/user_de/0/com.google.android.gms/app_chimera/m/0000000a/AdsDynamite.apk Binary XML file line #5
04-20 19:23:06.144  1749  3451 I chatty  : uid=1000(system) Binder:1749_B expire 2 lines
04-20 19:23:06.845  1749  3484 I chatty  : uid=1000(system) Binder:1749_10 expire 2 lines
04-20 19:23:08.172  1749 11475 I chatty  : uid=1000(system) Binder:1749_20 expire 14 lines
04-20 19:23:08.736  1749  3482 I chatty  : uid=1000(system) Binder:1749_F expire 2 lines
04-20 19:23:08.779 21524 21541 W Binder  : reply too large data on java level: InterfaceDescriptor = null, code = 46
04-20 19:23:09.138  1749  7481 I chatty  : uid=1000(system) Binder:1749_18 expire 2 lines
04-20 19:23:09.231  1749  2255 I chatty  : uid=1000(system) ConnectivitySer expire 2 lines
04-20 19:23:09.231  1749  2464 I chatty  : uid=1000(system) Binder:1749_7 expire 4 lines
04-20 19:23:10.355  1749  7754 I chatty  : uid=1000(system) Binder:1749_19 expire 3 lines
04-20 19:23:11.211  1749  3487 I chatty  : uid=1000(system) Binder:1749_13 expire 2 lines
04-20 19:23:11.276  1749  3475 I chatty  : uid=1000(system) Binder:1749_E expire 1 line
04-20 19:23:11.330  1749  3454 I chatty  : uid=1000(system) Binder:1749_D expire 3 lines
04-20 19:23:11.415  1749  2387 I chatty  : uid=1000(system) Binder:1749_5 expire 1 line
04-20 19:23:11.415  1749  2039 I chatty  : uid=1000(system) Binder:1749_3 expire 1 line
04-20 19:23:11.416  1749  2749 I chatty  : uid=1000(system) Binder:1749_9 expire 2 lines
04-20 19:23:12.125  1749  2917 I chatty  : uid=1000(system) Binder:1749_A expire 1 line
04-20 19:23:12.961  1749  1749 I chatty  : uid=1000 system_server expire 5 lines
04-20 19:23:13.236  1749  5077 I chatty  : uid=1000(system) Binder:1749_14 expire 2 lines
04-20 19:23:14.036  1749  1768 I chatty  : uid=1000(system) Binder:1749_2 expire 1 line
04-20 19:23:14.183 21524 22554 W Binder  : reply too large data on java level: InterfaceDescriptor = null, code = 46
04-20 19:23:14.213  1749  1782 I chatty  : uid=1000(system) ActivityManager expire 3 lines
04-20 19:23:14.389 23572 23572 D ActivityThread: Loading provider contacts;com.android.contacts: com.android.providers.contacts.ContactsProvider2
04-20 19:23:14.669 21524 21718 D ActivityThread: Loading provider com.google.android.gms.nearby.sharing: com.google.android.gms.nearby.sharing.SharingSliceProvider
04-20 19:23:15.000  1749  1769 I chatty  : uid=1000(system) android.fg expire 6 lines
04-20 19:23:16.392  1749  2240 I chatty  : uid=1000(system) Binder:1749_4 expire 4 lines
04-20 19:23:16.688  1749  1782 I chatty  : uid=1000(system) ActivityManager expire 7 lines
04-20 19:23:16.852  1749  7481 I chatty  : uid=1000(system) Binder:1749_18 expire 4 lines
04-20 19:23:17.420  1749  1768 I chatty  : uid=1000(system) Binder:1749_2 expire 3 lines
04-20 19:23:17.456  1749  7754 I chatty  : uid=1000(system) Binder:1749_19 expire 1 line
04-20 19:23:17.740 21524 22914 W PackageParser: Unknown element under <manifest>: queries at /data/user_de/0/com.google.android.gms/app_chimera/m/0000000a/AdsDynamite.apk Binary XML file line #5
04-20 19:23:18.089  1749  3451 I chatty  : uid=1000(system) Binder:1749_B expire 8 lines
04-20 19:23:18.395  1749  2444 I chatty  : uid=1000(system) Binder:1749_6 expire 1 line
04-20 19:23:19.040 21524 21690 W PackageParser: Unknown element under <manifest>: queries at /data/user_de/0/com.google.android.gms/app_chimera/m/0000000a/AdsDynamite.apk Binary XML file line #5
04-20 19:23:19.157 21524 21690 W PackageParser: Unknown element under <manifest>: queries at /data/user_de/0/com.google.android.gms/app_chimera/m/0000000a/AdsDynamite.apk Binary XML file line #5
04-20 19:23:19.243 21524 21541 W Binder  : reply too large data on java level: InterfaceDescriptor = null, code = 46
04-20 19:23:19.426  1749  1781 I chatty  : uid=1000(system) ActivityManager expire 5 lines
04-20 19:23:19.993 21524 21721 W PackageParser: Unknown element under <manifest>: queries at /data/user_de/0/com.google.android.gms/app_chimera/m/0000000a/AdsDynamite.apk Binary XML file line #5
04-20 19:23:20.031  1749  3482 I chatty  : uid=1000(system) Binder:1749_F expire 1 line
04-20 19:23:20.089  1749 11475 I chatty  : uid=1000(system) Binder:1749_20 expire 1 line
04-20 19:23:20.123 21524 21721 W PackageParser: Unknown element under <manifest>: queries at /data/user_de/0/com.google.android.gms/app_chimera/m/0000000a/AdsDynamite.apk Binary XML file line #5
04-20 19:23:21.019  1749  2054 I chatty  : uid=1000(system) UEventObserver expire 6 lines
04-20 19:23:21.025  1749  1790 I chatty  : uid=1000(system) HwBinder:1749_1 expire 2 lines
04-20 19:23:21.045  1749  1789 I chatty  : uid=1000(system) PowerManagerSer expire 10 lines
04-20 19:23:21.066  1749  3454 I chatty  : uid=1000(system) Binder:1749_D expire 1 line
04-20 19:23:23.179  1749  2646 I chatty  : uid=1000(system) android.fg expire 1 line
04-20 19:23:23.202  1749  1749 I chatty  : uid=1000 system_server expire 9 lines
04-20 19:23:24.302 21524 21610 W Binder  : reply too large data on java level: InterfaceDescriptor = null, code = 46
04-20 19:23:25.141  1749  5077 I chatty  : uid=1000(system) Binder:1749_14 expire 1 line
04-20 19:23:25.224  1749  5605 I chatty  : uid=1000(system) Binder:1749_16 expire 2 lines
04-20 19:23:25.469  1749  3487 I chatty  : uid=1000(system) Binder:1749_13 expire 4 lines
04-20 19:23:25.518  1749  5123 I chatty  : uid=1000(system) Binder:1749_15 expire 2 lines
04-20 19:23:26.209  1749  1773 I chatty  : uid=1000(system) android.anim expire 3 lines
04-20 19:23:27.447  1749  9826 I chatty  : uid=1000(system) Binder:1749_1C expire 6 lines
04-20 19:23:27.448  1749  2255 I chatty  : uid=1000(system) ConnectivitySer expire 3 lines
04-20 19:23:29.370 21524 22070 W Binder  : reply too large data on java level: InterfaceDescriptor = null, code = 46
04-20 19:23:30.388  1749  3485 I chatty  : uid=1000(system) Binder:1749_11 expire 2 lines
04-20 19:23:30.511  1749  7787 I chatty  : uid=1000(system) Binder:1749_1A expire 8 lines
04-20 19:23:34.428 21524 22070 W Binder  : reply too large data on java level: InterfaceDescriptor = null, code = 46
04-20 19:24:29.105  1749 24309 I chatty  : uid=1000 system_server expire 1 line
04-20 19:24:29.119  1749  1772 I chatty  : uid=1000(system) android.display expire 2 lines
04-20 19:24:42.865  1749  1780 I chatty  : uid=1000(system) android.bg expire 4 lines
04-20 19:26:59.467 23699 24720 D SystemConfig: Removed unavailable feature android.hardware.sensor.gyroscope
04-20 19:26:59.473 23699 24720 W SystemConfig: No directory /oem/etc/sysconfig, skipping
04-20 19:26:59.473 23699 24720 W SystemConfig: No directory /oem/etc/permissions, skipping
04-20 19:26:59.591 23699 24720 W SystemConfig: No directory /system/etc/motorola/bgintents, skipping
04-20 19:26:59.591 23699 24720 W SystemConfig: No directory /oem/etc/motorola/bgintents, skipping
04-20 19:26:59.599 23699 24720 W SystemConfig: No directory /product_services/etc/sysconfig, skipping
04-20 19:26:59.599 23699 24720 W SystemConfig: No directory /product_services/etc/permissions, skipping
04-20 19:26:59.600 23699 24720 W SystemConfig: No directory /system/etc/motorola/sysconfig, skipping
04-20 19:26:59.600 23699 24720 W SystemConfig: No directory /oem/etc/motorola/sysconfig, skipping
04-20 19:26:59.601 23699 24720 W SystemConfig: No directory /product/etc/motorola/sysconfig, skipping
04-20 19:27:00.590  1749  1794 I chatty  : uid=1000(system) PackageManager expire 45 lines
04-20 19:27:00.744  1749  1769 I chatty  : uid=1000(system) android.fg expire 8 lines
04-20 19:27:00.791  1749  2067 I chatty  : uid=1000(system) AccountManagerS expire 1 line
04-20 19:27:00.793  1749  1749 I chatty  : uid=1000 system_server expire 12 lines
04-20 19:27:00.802  1749  2646 I chatty  : uid=1000(system) android.fg expire 2 lines
04-20 19:27:00.850  1749  9826 I chatty  : uid=1000(system) Binder:1749_1C expire 4 lines
04-20 19:27:00.862  1749  1781 I chatty  : uid=1000(system) ActivityManager expire 8 lines
04-20 19:27:00.874  1749  8013 I chatty  : uid=1000(system) Binder:1749_1B expire 4 lines
04-20 19:27:00.905  1749  1782 I chatty  : uid=1000(system) ActivityManager expire 5 lines
04-20 19:27:01.022  1749  2240 I chatty  : uid=1000(system) Binder:1749_4 expire 1 line
04-20 19:27:01.036  1749  7481 I chatty  : uid=1000(system) Binder:1749_18 expire 1 line
04-20 19:27:01.421  1749  1780 I chatty  : uid=1000(system) android.bg expire 4 lines
04-20 19:27:01.538  1749  1772 I chatty  : uid=1000(system) android.display expire 5 lines
04-20 19:27:01.973  1749 11122 I chatty  : uid=1000(system) Binder:1749_1E expire 1 line
04-20 19:27:02.057 21524 24788 W PackageParser: Unknown element under <manifest>: queries at /data/user_de/0/com.google.android.gms/app_chimera/m/0000000a/AdsDynamite.apk Binary XML file line #5
04-20 19:27:04.549 21524 21565 W PackageParser: Unknown element under <manifest>: queries at /data/user_de/0/com.google.android.gms/app_chimera/m/0000000a/AdsDynamite.apk Binary XML file line #5
04-20 19:27:04.757 21524 21565 W PackageParser: Unknown element under <manifest>: queries at /data/user_de/0/com.google.android.gms/app_chimera/m/0000000a/AdsDynamite.apk Binary XML file line #5
04-20 19:27:05.079  1749  2917 I chatty  : uid=1000(system) Binder:1749_A expire 1 line
04-20 19:27:05.080  1749  1767 I chatty  : uid=1000(system) Binder:1749_1 expire 1 line
04-20 19:27:05.080  1749  2255 I chatty  : uid=1000(system) ConnectivitySer expire 1 line
04-20 19:27:05.085  1749  1768 I chatty  : uid=1000(system) Binder:1749_2 expire 10 lines
04-20 19:27:17.062  1749  1789 I chatty  : uid=1000(system) PowerManagerSer expire 7 lines
04-20 19:27:17.063  1749  5123 I chatty  : uid=1000(system) Binder:1749_15 expire 2 lines
04-20 19:27:17.063  1749  1770 I chatty  : uid=1000(system) android.ui expire 3 lines
04-20 19:27:17.233  1749  2137 I chatty  : uid=1000(system) InputReader expire 1 line
04-20 19:27:17.265  2313  2313 V FingerprintManager: showFodIndicator show:true by (com.android.systemui)
04-20 19:27:17.278  1749  1749 I chatty  : uid=1000 system_server expire 2 lines
04-20 19:27:17.285  1749  7754 I chatty  : uid=1000(system) Binder:1749_19 expire 1 line
04-20 19:27:17.395  1749  1773 I chatty  : uid=1000(system) android.anim expire 3 lines
04-20 19:27:17.701  1749  3486 I chatty  : uid=1000(system) Binder:1749_12 expire 1 line
04-20 19:27:17.778  1749  1773 I chatty  : uid=1000(system) android.anim expire 10 lines
04-20 19:27:17.856  1749  1749 I chatty  : uid=1000 system_server expire 20 lines
04-20 19:27:17.892  1749  2646 I chatty  : uid=1000(system) android.fg expire 2 lines
04-20 19:27:18.128  1749  1769 I chatty  : uid=1000(system) android.fg expire 3 lines
04-20 19:27:18.164  1749  1772 I chatty  : uid=1000(system) android.display expire 4 lines
04-20 19:27:18.177  1749  1781 I chatty  : uid=1000(system) ActivityManager expire 19 lines
04-20 19:27:18.177  1749  5123 I chatty  : uid=1000(system) Binder:1749_15 expire 1 line
04-20 19:27:18.201  1749  3487 I chatty  : uid=1000(system) Binder:1749_13 expire 4 lines
04-20 19:27:18.306  1749  1768 I chatty  : uid=1000(system) Binder:1749_2 expire 3 lines
04-20 19:27:18.494  1749  1780 I chatty  : uid=1000(system) android.bg expire 3 lines
04-20 19:27:19.058  1749  2257 I chatty  : uid=1000(system) NsdService expire 10 lines
04-20 19:27:23.941  1749  7754 I chatty  : uid=1000(system) Binder:1749_19 expire 1 line
04-20 19:27:24.234  1749  8013 I chatty  : uid=1000(system) Binder:1749_1B expire 1 line
04-20 19:27:25.373  1749  3475 I chatty  : uid=1000(system) Binder:1749_E expire 1 line
04-20 19:27:44.686  1749  2054 I chatty  : uid=1000(system) UEventObserver expire 2 lines
04-20 19:28:09.199  1749  1782 I chatty  : uid=1000(system) ActivityManager expire 1 line
04-20 19:28:09.783  1749 10173 I chatty  : uid=1000(system) Binder:1749_1D expire 1 line
04-20 19:28:09.844  1749  5605 I chatty  : uid=1000(system) Binder:1749_16 expire 1 line
04-20 19:28:25.026  1749  1789 I chatty  : uid=1000(system) PowerManagerSer expire 11 lines
04-20 19:28:32.571  1749 25452 I chatty  : uid=1000 system_server expire 1 line
04-20 19:28:32.979  1749  1770 I chatty  : uid=1000(system) android.ui expire 2 lines
04-20 19:28:33.071  1749 11122 I chatty  : uid=1000(system) Binder:1749_1E expire 4 lines
04-20 19:28:33.117  1749  2464 I chatty  : uid=1000(system) Binder:1749_7 expire 3 lines
04-20 19:28:33.214  1749  3482 I chatty  : uid=1000(system) Binder:1749_F expire 7 lines
04-20 19:28:52.170  1749  1789 I chatty  : uid=1000(system) PowerManagerSer expire 15 lines
04-20 19:28:52.171  1749  1772 I chatty  : uid=1000(system) android.display expire 9 lines
04-20 19:28:52.232  1749  1770 I chatty  : uid=1000(system) android.ui expire 1 line
04-20 19:28:53.587  1749  7754 I chatty  : uid=1000(system) Binder:1749_19 expire 6 lines
04-20 19:28:53.588  1749  1749 I chatty  : uid=1000 system_server expire 14 lines
04-20 19:28:53.596  1749 11470 I chatty  : uid=1000(system) Binder:1749_1F expire 1 line
04-20 19:28:53.603  1749  1769 I chatty  : uid=1000(system) android.fg expire 5 lines
04-20 19:28:53.616  2313  2313 D StatusBarKeyguardViewManager: requestUnlock collapse=true
04-20 19:28:53.650  2313  2313 V FingerprintManager: showFodIndicator show:true by (com.android.systemui)
04-20 19:28:53.654  1749 11122 I chatty  : uid=1000(system) Binder:1749_1E expire 4 lines
04-20 19:28:53.679  1749  1773 I chatty  : uid=1000(system) android.anim expire 10 lines
04-20 19:28:53.794  1749  1781 I chatty  : uid=1000(system) ActivityManager expire 5 lines
04-20 19:28:53.803  1749  1782 I chatty  : uid=1000(system) ActivityManager expire 4 lines
04-20 19:28:59.209  1749  3475 I chatty  : uid=1000(system) Binder:1749_E expire 2 lines
04-20 19:29:00.975  1749  2444 I chatty  : uid=1000(system) Binder:1749_6 expire 1 line
04-20 19:29:20.800  1749  2255 I chatty  : uid=1000(system) ConnectivitySer expire 1 line
04-20 19:29:20.801  1749  5077 I chatty  : uid=1000(system) Binder:1749_14 expire 11 lines
04-20 19:29:37.132  1749  3485 I chatty  : uid=1000(system) Binder:1749_11 expire 1 line
04-20 19:29:37.164  1749  3454 I chatty  : uid=1000(system) Binder:1749_D expire 1 line
04-20 19:29:37.287  1749  3486 I chatty  : uid=1000(system) Binder:1749_12 expire 4 lines
04-20 19:29:42.514  1749  2054 I chatty  : uid=1000(system) UEventObserver expire 2 lines
04-20 19:29:54.138  1749 25782 I chatty  : uid=1000 system_server expire 1 line
04-20 19:29:54.720  1749 10173 I chatty  : uid=1000(system) Binder:1749_1D expire 6 lines
04-20 19:30:01.006  1749  1789 I chatty  : uid=1000(system) PowerManagerSer expire 15 lines
04-20 19:30:01.008  1749  3486 I chatty  : uid=1000(system) Binder:1749_12 expire 1 line
04-20 19:30:01.013  1749  1770 I chatty  : uid=1000(system) android.ui expire 3 lines
04-20 19:30:01.014  1749  1772 I chatty  : uid=1000(system) android.display expire 6 lines
04-20 19:30:01.185  1749  2137 I chatty  : uid=1000(system) InputReader expire 1 line
04-20 19:30:01.188  1749  1749 I chatty  : uid=1000 system_server expire 17 lines
04-20 19:30:01.195  1749  2749 I chatty  : uid=1000(system) Binder:1749_9 expire 3 lines
04-20 19:30:01.245  1749  5077 I chatty  : uid=1000(system) Binder:1749_14 expire 1 line
04-20 19:30:01.272  1749  3484 I chatty  : uid=1000(system) Binder:1749_10 expire 3 lines
04-20 19:30:01.283  1749  1769 I chatty  : uid=1000(system) android.fg expire 4 lines
04-20 19:30:01.306  1749  1773 I chatty  : uid=1000(system) android.anim expire 12 lines
04-20 19:30:03.140  1749  1781 I chatty  : uid=1000(system) ActivityManager expire 10 lines
04-20 19:30:03.260  1749  1767 I chatty  : uid=1000(system) Binder:1749_1 expire 1 line
04-20 19:30:10.329  1749  3454 I chatty  : uid=1000(system) Binder:1749_D expire 1 line
04-20 19:30:13.173  1749  2257 I chatty  : uid=1000(system) NsdService expire 7 lines
04-20 19:30:54.460  1749  2054 I chatty  : uid=1000(system) UEventObserver expire 2 lines
--------- beginning of crash
04-20 19:31:07.131 25813 25813 E AndroidRuntime: FATAL EXCEPTION: main
04-20 19:31:07.131 25813 25813 E AndroidRuntime: Process: com.google.location.nearby.apps.connectedcrossroad, PID: 25813
04-20 19:31:07.131 25813 25813 E AndroidRuntime: java.lang.NumberFormatException: For input string: ""
04-20 19:31:07.131 25813 25813 E AndroidRuntime: 	at java.lang.Integer.parseInt(Integer.java:627)
04-20 19:31:07.131 25813 25813 E AndroidRuntime: 	at java.lang.Integer.parseInt(Integer.java:650)
04-20 19:31:07.131 25813 25813 E AndroidRuntime: 	at nx.aodv.eval.MainActivity$1.onClick(MainActivity.java:123)
04-20 19:31:07.131 25813 25813 E AndroidRuntime: 	at android.view.View.performClick(View.java:7161)
04-20 19:31:07.131 25813 25813 E AndroidRuntime: 	at android.view.View.performClickInternal(View.java:7133)
04-20 19:31:07.131 25813 25813 E AndroidRuntime: 	at android.view.View.access$3500(View.java:804)
04-20 19:31:07.131 25813 25813 E AndroidRuntime: 	at android.view.View$PerformClick.run(View.java:27416)
04-20 19:31:07.131 25813 25813 E AndroidRuntime: 	at android.os.Handler.handleCallback(Handler.java:883)
04-20 19:31:07.131 25813 25813 E AndroidRuntime: 	at android.os.Handler.dispatchMessage(Handler.java:100)
04-20 19:31:07.131 25813 25813 E AndroidRuntime: 	at android.os.Looper.loop(Looper.java:241)
04-20 19:31:07.131 25813 25813 E AndroidRuntime: 	at android.app.ActivityThread.main(ActivityThread.java:7604)
04-20 19:31:07.131 25813 25813 E AndroidRuntime: 	at java.lang.reflect.Method.invoke(Native Method)
04-20 19:31:07.131 25813 25813 E AndroidRuntime: 	at com.android.internal.os.RuntimeInit$MethodAndArgsCaller.run(RuntimeInit.java:492)
04-20 19:31:07.131 25813 25813 E AndroidRuntime: 	at com.android.internal.os.ZygoteInit.main(ZygoteInit.java:941)
04-20 19:31:07.144  1749 26187 I chatty  : uid=1000 system_server expire 1 line
04-20 19:31:07.145  1749  9826 I chatty  : uid=1000(system) Binder:1749_1C expire 2 lines
04-20 19:31:07.229  1749 11470 I chatty  : uid=1000(system) Binder:1749_1F expire 2 lines
04-20 19:31:07.236  1749  3475 I chatty  : uid=1000(system) Binder:1749_E expire 4 lines
04-20 19:31:07.302  1749  3453 I chatty  : uid=1000(system) Binder:1749_C expire 1 line
04-20 19:32:07.586  1749 26372 I chatty  : uid=1000 system_server expire 1 line
04-20 19:32:08.098  1749  7787 I chatty  : uid=1000(system) Binder:1749_1A expire 2 lines
04-20 19:32:08.244  1749  5874 I chatty  : uid=1000(system) Binder:1749_17 expire 4 lines
04-20 19:32:08.512  1749  1773 I chatty  : uid=1000(system) android.anim expire 11 lines
04-20 19:32:08.520  1749  1749 I chatty  : uid=1000 system_server expire 15 lines
04-20 19:32:12.095  1749  1772 I chatty  : uid=1000(system) android.display expire 7 lines
04-20 19:32:16.659  1749  1780 I chatty  : uid=1000(system) android.bg expire 4 lines
04-20 19:32:56.747  1749  2137 I chatty  : uid=1000(system) InputReader expire 2 lines
04-20 19:32:56.762  1749  5123 I chatty  : uid=1000(system) Binder:1749_15 expire 3 lines
04-20 19:32:56.768  1749  1789 I chatty  : uid=1000(system) PowerManagerSer expire 19 lines
04-20 19:32:56.770  1749 11470 I chatty  : uid=1000(system) Binder:1749_1F expire 1 line
04-20 19:32:56.770  1749  1770 I chatty  : uid=1000(system) android.ui expire 5 lines
04-20 19:32:56.831  1749  7787 I chatty  : uid=1000(system) Binder:1749_1A expire 8 lines
04-20 19:32:57.045  1749  1769 I chatty  : uid=1000(system) android.fg expire 4 lines
04-20 19:32:57.096  1749 11122 I chatty  : uid=1000(system) Binder:1749_1E expire 4 lines
04-20 19:32:58.584  1749  1781 I chatty  : uid=1000(system) ActivityManager expire 5 lines
04-20 19:33:00.792  1749  1782 I chatty  : uid=1000(system) ActivityManager expire 2 lines
04-20 19:33:00.918  1749  3475 I chatty  : uid=1000(system) Binder:1749_E expire 1 line
04-20 19:33:01.299  1749  7481 I chatty  : uid=1000(system) Binder:1749_18 expire 3 lines
04-20 19:33:03.830  1749 11475 I chatty  : uid=1000(system) Binder:1749_20 expire 2 lines
04-20 19:33:11.971  1749  9826 I chatty  : uid=1000(system) Binder:1749_1C expire 1 line
04-20 19:33:14.820  1749  2054 I chatty  : uid=1000(system) UEventObserver expire 1 line
04-20 19:34:01.011  1749 26744 I chatty  : uid=1000 system_server expire 1 line
04-20 19:34:01.529  1749  3485 I chatty  : uid=1000(system) Binder:1749_11 expire 1 line
04-20 19:34:01.815  1749  1770 I chatty  : uid=1000(system) android.ui expire 3 lines
04-20 19:34:01.845  1749  7481 I chatty  : uid=1000(system) Binder:1749_18 expire 1 line
04-20 19:34:02.362  1749  1772 I chatty  : uid=1000(system) android.display expire 3 lines
04-20 19:34:02.391  1749  1789 I chatty  : uid=1000(system) PowerManagerSer expire 3 lines
04-20 19:34:02.412  1749  1769 I chatty  : uid=1000(system) android.fg expire 3 lines
04-20 19:34:02.425  1749  1749 I chatty  : uid=1000 system_server expire 4 lines
04-20 19:34:02.523  1749 11475 I chatty  : uid=1000(system) Binder:1749_20 expire 10 lines
04-20 19:34:02.572  1749  5123 I chatty  : uid=1000(system) Binder:1749_15 expire 2 lines
04-20 19:34:02.585  1749  1773 I chatty  : uid=1000(system) android.anim expire 8 lines
04-20 19:34:02.592  1749 11470 I chatty  : uid=1000(system) Binder:1749_1F expire 1 line
04-20 19:34:03.970  1749  9826 I chatty  : uid=1000(system) Binder:1749_1C expire 1 line
04-20 19:34:04.007  1749  7787 I chatty  : uid=1000(system) Binder:1749_1A expire 3 lines
04-20 19:34:04.049  1749  1781 I chatty  : uid=1000(system) ActivityManager expire 11 lines
04-20 19:34:04.193  1749  2444 I chatty  : uid=1000(system) Binder:1749_6 expire 3 lines
04-20 19:34:08.266  1749  3475 I chatty  : uid=1000(system) Binder:1749_E expire 1 line
04-20 19:34:16.255  1749  2054 I chatty  : uid=1000(system) UEventObserver expire 1 line
04-20 19:34:23.942  1749  1794 I chatty  : uid=1000(system) PackageManager expire 45 lines
04-20 19:34:24.297  1749  2067 I chatty  : uid=1000(system) AccountManagerS expire 1 line
04-20 19:34:24.308  1749  2646 I chatty  : uid=1000(system) android.fg expire 1 line
04-20 19:34:24.375  1749  1781 I chatty  : uid=1000(system) ActivityManager expire 28 lines
04-20 19:34:24.389  1749  1782 I chatty  : uid=1000(system) ActivityManager expire 3 lines
04-20 19:34:24.516  1749  7787 I chatty  : uid=1000(system) Binder:1749_1A expire 6 lines
04-20 19:34:24.537  1749  1769 I chatty  : uid=1000(system) android.fg expire 2 lines
04-20 19:34:24.583  1749  8013 I chatty  : uid=1000(system) Binder:1749_1B expire 2 lines
04-20 19:34:24.625  1749  1749 I chatty  : uid=1000 system_server expire 14 lines
04-20 19:34:24.912  1749  1773 I chatty  : uid=1000(system) android.anim expire 7 lines
04-20 19:34:25.665  1749  5123 I chatty  : uid=1000(system) Binder:1749_15 expire 2 lines
04-20 19:34:28.071  1749  1780 I chatty  : uid=1000(system) android.bg expire 2 lines
04-20 19:34:46.873  1749  2749 I chatty  : uid=1000(system) Binder:1749_9 expire 2 lines
04-20 19:34:47.861  1749  2257 I chatty  : uid=1000(system) NsdService expire 5 lines
04-20 19:34:59.729  1749  1767 I chatty  : uid=1000(system) Binder:1749_1 expire 2 lines
04-20 19:35:17.696  1749  2054 I chatty  : uid=1000(system) UEventObserver expire 22 lines
04-20 19:35:59.266  1749 11470 I chatty  : uid=1000(system) Binder:1749_1F expire 3 lines
04-20 19:36:48.769  1749 11475 I chatty  : uid=1000(system) Binder:1749_20 expire 2 lines
04-20 19:38:48.776  1749  9826 I chatty  : uid=1000(system) Binder:1749_1C expire 1 line
04-20 19:39:48.779  1749 11122 I chatty  : uid=1000(system) Binder:1749_1E expire 1 line
04-20 19:40:48.776  1749  2917 I chatty  : uid=1000(system) Binder:1749_A expire 1 line
04-20 19:42:48.777  1749 11475 I chatty  : uid=1000(system) Binder:1749_20 expire 2 lines
04-20 19:43:29.223  1749  2054 I chatty  : uid=1000(system) UEventObserver expire 25 lines
04-20 19:43:31.756  1749 11470 I chatty  : uid=1000(system) Binder:1749_1F expire 8 lines
04-20 19:43:31.831  1749  1772 I chatty  : uid=1000(system) android.display expire 3 lines
04-20 19:43:31.917  1749 10173 I chatty  : uid=1000(system) Binder:1749_1D expire 2 lines
04-20 19:43:31.944  1749  1773 I chatty  : uid=1000(system) android.anim expire 11 lines
04-20 19:43:34.240  1749  2257 I chatty  : uid=1000(system) NsdService expire 7 lines
04-20 19:43:34.291  1749  1749 I chatty  : uid=1000 system_server expire 10 lines
04-20 19:46:18.895  1749  1782 I chatty  : uid=1000(system) ActivityManager expire 4 lines
04-20 19:46:44.275  1749  1781 I chatty  : uid=1000(system) ActivityManager expire 23 lines
04-20 19:46:44.327  1749  3482 I chatty  : uid=1000(system) Binder:1749_F expire 1 line
04-20 19:54:48.827  1749  1780 I chatty  : uid=1000(system) android.bg expire 2 lines
04-20 19:57:49.352  1749  2255 I chatty  : uid=1000(system) ConnectivitySer expire 1 line
04-20 19:57:49.352  1749  7754 I chatty  : uid=1000(system) Binder:1749_19 expire 4 lines
04-20 20:03:34.789  1749  3451 I chatty  : uid=1000(system) Binder:1749_B expire 1 line
04-20 20:03:34.818  1749  1768 I chatty  : uid=1000(system) Binder:1749_2 expire 2 lines
04-20 20:04:14.669  1749  2464 I chatty  : uid=1000(system) Binder:1749_7 expire 2 lines
04-20 20:05:16.102  1749  2749 I chatty  : uid=1000(system) Binder:1749_9 expire 7 lines
04-20 20:05:20.119  1749  7481 I chatty  : uid=1000(system) Binder:1749_18 expire 2 lines
04-20 20:05:20.548  1749  9826 I chatty  : uid=1000(system) Binder:1749_1C expire 1 line
04-20 20:05:46.888  1749 11122 I chatty  : uid=1000(system) Binder:1749_1E expire 1 line
04-20 20:05:57.382  1749  3486 I chatty  : uid=1000(system) Binder:1749_12 expire 1 line
04-20 20:06:36.907  1749  9826 I chatty  : uid=1000(system) Binder:1749_1C expire 2 lines
04-20 20:06:45.800  1749  1773 I chatty  : uid=1000(system) android.anim expire 29 lines
04-20 20:07:02.347  1749  2054 I chatty  : uid=1000(system) UEventObserver expire 13 lines
04-20 20:07:18.965  1749 11475 I chatty  : uid=1000(system) Binder:1749_20 expire 8 lines
04-20 20:07:36.908  1749  5874 I chatty  : uid=1000(system) Binder:1749_17 expire 2 lines
04-20 20:07:42.915  1749  1782 I chatty  : uid=1000(system) ActivityManager expire 9 lines
04-20 20:07:42.989  1749  7787 I chatty  : uid=1000(system) Binder:1749_1A expire 6 lines
04-20 20:07:43.073  1749  2255 I chatty  : uid=1000(system) ConnectivitySer expire 1 line
04-20 20:07:43.074  1749  7754 I chatty  : uid=1000(system) Binder:1749_19 expire 1 line
04-20 20:07:47.555  1749  1781 I chatty  : uid=1000(system) ActivityManager expire 7 lines
04-20 20:07:48.745  1749  5605 I chatty  : uid=1000(system) Binder:1749_16 expire 1 line
04-20 20:07:49.826  1749 11470 I chatty  : uid=1000(system) Binder:1749_1F expire 2 lines
04-20 20:07:49.852  1749  1749 I chatty  : uid=1000 system_server expire 14 lines
04-20 20:07:49.945  1749  1767 I chatty  : uid=1000(system) Binder:1749_1 expire 1 line
04-20 20:07:50.087  1749  2257 I chatty  : uid=1000(system) NsdService expire 9 lines
04-20 20:07:51.514  1749  1772 I chatty  : uid=1000(system) android.display expire 4 lines
04-20 20:07:51.940  1749  5123 I chatty  : uid=1000(system) Binder:1749_15 expire 4 lines
04-20 20:07:51.947  1749  7481 I chatty  : uid=1000(system) Binder:1749_18 expire 3 lines
04-20 20:08:47.793  1749  3453 I chatty  : uid=1000(system) Binder:1749_C expire 3 lines
04-20 20:08:51.801  1749  2039 I chatty  : uid=1000(system) Binder:1749_3 expire 6 lines
04-20 20:09:35.866  1749  2603 I chatty  : uid=1000(system) Binder:1749_8 expire 5 lines
04-20 20:10:29.242  1749 11122 I chatty  : uid=1000(system) Binder:1749_1E expire 1 line
04-20 20:13:54.931  1749  3451 I chatty  : uid=1000(system) Binder:1749_B expire 4 lines
04-20 20:18:10.379  1749  5123 I chatty  : uid=1000(system) Binder:1749_15 expire 6 lines
04-20 20:18:10.453  1749  1772 I chatty  : uid=1000(system) android.display expire 18 lines
04-20 20:18:10.460  1749  7754 I chatty  : uid=1000(system) Binder:1749_19 expire 10 lines
04-20 20:18:10.480  1749  1773 I chatty  : uid=1000(system) android.anim expire 10 lines
04-20 20:18:16.685  1749  1749 I chatty  : uid=1000 system_server expire 8 lines
04-20 20:18:16.700  1749  1782 I chatty  : uid=1000(system) ActivityManager expire 3 lines
04-20 20:18:16.732  1749  2387 I chatty  : uid=1000(system) Binder:1749_5 expire 5 lines
04-20 20:18:17.193  1749  2749 I chatty  : uid=1000(system) Binder:1749_9 expire 1 line
04-20 20:18:18.170  1749  2054 I chatty  : uid=1000(system) UEventObserver expire 2 lines
04-20 20:18:35.468  1749  1770 I chatty  : uid=1000(system) android.ui expire 12 lines
04-20 20:18:36.321  1749  1789 I chatty  : uid=1000(system) PowerManagerSer expire 42 lines
04-20 20:18:36.467  1749  4859 I chatty  : uid=1000 system_server expire 1 line
04-20 20:18:36.882  1749  1769 I chatty  : uid=1000(system) android.fg expire 1 line
04-20 20:18:37.046  1749 11470 I chatty  : uid=1000(system) Binder:1749_1F expire 3 lines
04-20 20:18:37.137  1749  3453 I chatty  : uid=1000(system) Binder:1749_C expire 4 lines
04-20 20:18:59.585  1749  3484 I chatty  : uid=1000(system) Binder:1749_10 expire 6 lines
04-20 20:19:24.284  1749  1780 I chatty  : uid=1000(system) android.bg expire 2 lines
04-20 20:19:24.471  1749  1767 I chatty  : uid=1000(system) Binder:1749_1 expire 5 lines
04-20 20:20:26.432  1749  1789 I chatty  : uid=1000(system) PowerManagerSer expire 30 lines
04-20 20:20:26.511  1749  1772 I chatty  : uid=1000(system) android.display expire 7 lines
04-20 20:20:30.062  1749  3453 I chatty  : uid=1000(system) Binder:1749_C expire 2 lines
04-20 20:20:30.062  1749  1770 I chatty  : uid=1000(system) android.ui expire 6 lines
04-20 20:20:30.207  1749  2137 I chatty  : uid=1000(system) InputReader expire 2 lines
04-20 20:20:30.210  1749  1749 I chatty  : uid=1000 system_server expire 17 lines
04-20 20:20:30.248  1749  2039 I chatty  : uid=1000(system) Binder:1749_3 expire 5 lines
04-20 20:20:30.279  1749 11470 I chatty  : uid=1000(system) Binder:1749_1F expire 13 lines
04-20 20:20:30.335  1749  1769 I chatty  : uid=1000(system) android.fg expire 7 lines
04-20 20:20:30.362  1749  1773 I chatty  : uid=1000(system) android.anim expire 15 lines
04-20 20:20:41.564  1749  3482 I chatty  : uid=1000(system) Binder:1749_F expire 4 lines
04-20 20:21:03.989  1749  7481 I chatty  : uid=1000(system) Binder:1749_18 expire 2 lines
04-20 20:21:15.763  1749  3484 I chatty  : uid=1000(system) Binder:1749_10 expire 1 line
04-20 20:21:16.155  1749  2054 I chatty  : uid=1000(system) UEventObserver expire 1 line
04-20 20:21:26.375  1749  7754 I chatty  : uid=1000(system) Binder:1749_19 expire 7 lines
04-20 20:21:26.468  1749  1781 I chatty  : uid=1000(system) ActivityManager expire 3 lines
04-20 20:21:32.629  1749  2444 I chatty  : uid=1000(system) Binder:1749_6 expire 4 lines
04-20 20:21:32.928  1749  1782 I chatty  : uid=1000(system) ActivityManager expire 3 lines
04-20 20:21:33.633  1749  1773 I chatty  : uid=1000(system) android.anim expire 10 lines
04-20 20:21:33.694  1749  2444 I chatty  : uid=1000(system) Binder:1749_6 expire 2 lines
04-20 20:21:33.731  1749  3484 I chatty  : uid=1000(system) Binder:1749_10 expire 3 lines
04-20 20:21:34.034  1749 11470 I chatty  : uid=1000(system) Binder:1749_1F expire 1 line
04-20 20:21:34.581  1749  3482 I chatty  : uid=1000(system) Binder:1749_F expire 1 line
04-20 20:21:34.624  1749  1749 I chatty  : uid=1000 system_server expire 9 lines
04-20 20:21:39.994  1749  1772 I chatty  : uid=1000(system) android.display expire 4 lines
04-20 20:21:40.255  1749  1767 I chatty  : uid=1000(system) Binder:1749_1 expire 2 lines
04-20 20:21:40.266  1749  7481 I chatty  : uid=1000(system) Binder:1749_18 expire 1 line
04-20 20:21:42.519  1749  7754 I chatty  : uid=1000(system) Binder:1749_19 expire 1 line
04-20 20:21:42.523  1749  2387 I chatty  : uid=1000(system) Binder:1749_5 expire 3 lines
04-20 20:21:42.523  1749  5077 I chatty  : uid=1000(system) Binder:1749_14 expire 1 line
04-20 20:22:04.197  1749 11475 I chatty  : uid=1000(system) Binder:1749_20 expire 2 lines
04-20 20:22:17.595  1749  2054 I chatty  : uid=1000(system) UEventObserver expire 1 line
04-20 20:22:34.175   785  5566 D SystemConfig: Removed unavailable feature android.hardware.sensor.gyroscope
04-20 20:22:34.180   785  5566 W SystemConfig: No directory /oem/etc/sysconfig, skipping
04-20 20:22:34.180   785  5566 W SystemConfig: No directory /oem/etc/permissions, skipping
04-20 20:22:34.273   785  5566 W SystemConfig: No directory /system/etc/motorola/bgintents, skipping
04-20 20:22:34.274   785  5566 W SystemConfig: No directory /oem/etc/motorola/bgintents, skipping
04-20 20:22:34.279   785  5566 W SystemConfig: No directory /product_services/etc/sysconfig, skipping
04-20 20:22:34.279   785  5566 W SystemConfig: No directory /product_services/etc/permissions, skipping
04-20 20:22:34.279   785  5566 W SystemConfig: No directory /system/etc/motorola/sysconfig, skipping
04-20 20:22:34.279   785  5566 W SystemConfig: No directory /oem/etc/motorola/sysconfig, skipping
04-20 20:22:34.279   785  5566 W SystemConfig: No directory /product/etc/motorola/sysconfig, skipping
04-20 20:22:35.163  1749  1794 I chatty  : uid=1000(system) PackageManager expire 45 lines
04-20 20:22:35.380  1749  1781 I chatty  : uid=1000(system) ActivityManager expire 24 lines
04-20 20:22:35.402  1749  2067 I chatty  : uid=1000(system) AccountManagerS expire 1 line
04-20 20:22:35.417  1749  2646 I chatty  : uid=1000(system) android.fg expire 1 line
04-20 20:22:35.583  1749  2039 I chatty  : uid=1000(system) Binder:1749_3 expire 1 line
04-20 20:22:35.641  1749  5123 I chatty  : uid=1000(system) Binder:1749_15 expire 1 line
04-20 20:22:35.652  1749  1769 I chatty  : uid=1000(system) android.fg expire 4 lines
04-20 20:22:35.755  1749  1749 I chatty  : uid=1000 system_server expire 14 lines
04-20 20:22:36.523  1749 11475 I chatty  : uid=1000(system) Binder:1749_20 expire 7 lines
04-20 20:22:36.593  1749  7481 I chatty  : uid=1000(system) Binder:1749_18 expire 2 lines
04-20 20:22:36.598  1749  1773 I chatty  : uid=1000(system) android.anim expire 26 lines
04-20 20:22:36.609  1749  1782 I chatty  : uid=1000(system) ActivityManager expire 4 lines
04-20 20:22:36.654  1749  5077 I chatty  : uid=1000(system) Binder:1749_14 expire 3 lines
04-20 20:22:36.982  1749  1768 I chatty  : uid=1000(system) Binder:1749_2 expire 3 lines
04-20 20:22:49.145  1749 11470 I chatty  : uid=1000(system) Binder:1749_1F expire 8 lines
04-20 20:22:59.446  1749  1781 I chatty  : uid=1000(system) ActivityManager expire 2 lines
04-20 20:22:59.498  1749  2749 I chatty  : uid=1000(system) Binder:1749_9 expire 1 line
04-20 20:23:05.900  1749  3485 I chatty  : uid=1000(system) Binder:1749_11 expire 1 line
04-20 20:23:05.905  1749  9826 I chatty  : uid=1000(system) Binder:1749_1C expire 5 lines
04-20 20:23:14.759  1749  2257 I chatty  : uid=1000(system) NsdService expire 7 lines
04-20 20:23:19.026  1749  2054 I chatty  : uid=1000(system) UEventObserver expire 3 lines
04-20 20:24:06.095  1749  2444 I chatty  : uid=1000(system) Binder:1749_6 expire 2 lines
04-20 20:24:15.591  1749  7754 I chatty  : uid=1000(system) Binder:1749_19 expire 7 lines
04-20 20:24:26.542  1749  2603 I chatty  : uid=1000(system) Binder:1749_8 expire 1 line
04-20 20:24:58.531  1749  3487 I chatty  : uid=1000(system) Binder:1749_13 expire 7 lines
04-20 20:25:06.118  1749  2646 I chatty  : uid=1000(system) android.fg expire 1 line
04-20 20:25:06.454  6657  6693 D SystemConfig: Removed unavailable feature android.hardware.sensor.gyroscope
04-20 20:25:06.457  6657  6693 W SystemConfig: No directory /oem/etc/sysconfig, skipping
04-20 20:25:06.457  6657  6693 W SystemConfig: No directory /oem/etc/permissions, skipping
04-20 20:25:06.507  6657  6693 W SystemConfig: No directory /system/etc/motorola/bgintents, skipping
04-20 20:25:06.507  6657  6693 W SystemConfig: No directory /oem/etc/motorola/bgintents, skipping
04-20 20:25:06.510  6657  6693 W SystemConfig: No directory /product_services/etc/sysconfig, skipping
04-20 20:25:06.510  6657  6693 W SystemConfig: No directory /product_services/etc/permissions, skipping
04-20 20:25:06.510  6657  6693 W SystemConfig: No directory /system/etc/motorola/sysconfig, skipping
04-20 20:25:06.511  6657  6693 W SystemConfig: No directory /oem/etc/motorola/sysconfig, skipping
04-20 20:25:06.511  6657  6693 W SystemConfig: No directory /product/etc/motorola/sysconfig, skipping
04-20 20:25:06.802  1749  1773 I chatty  : uid=1000(system) android.anim expire 5 lines
04-20 20:25:06.833  1749  1780 I chatty  : uid=1000(system) android.bg expire 1 line
04-20 20:25:10.650  1749  5874 I chatty  : uid=1000(system) Binder:1749_17 expire 3 lines
04-20 20:25:10.706  1749  1773 I chatty  : uid=1000(system) android.anim expire 22 lines
04-20 20:25:10.998  1749  3487 I chatty  : uid=1000(system) Binder:1749_13 expire 7 lines
04-20 20:25:11.103  1749 11470 I chatty  : uid=1000(system) Binder:1749_1F expire 5 lines
04-20 20:25:21.917  1749  2054 I chatty  : uid=1000(system) UEventObserver expire 4 lines
04-20 20:25:30.594  1749  2255 I chatty  : uid=1000(system) ConnectivitySer expire 2 lines
04-20 20:25:44.196  1749  1781 I chatty  : uid=1000(system) ActivityManager expire 6 lines
04-20 20:25:44.251  1749  3485 I chatty  : uid=1000(system) Binder:1749_11 expire 2 lines
04-20 20:25:51.635  1749  7481 I chatty  : uid=1000(system) Binder:1749_18 expire 4 lines
04-20 20:25:51.755  1749  1772 I chatty  : uid=1000(system) android.display expire 3 lines
04-20 20:25:52.976  1749  7754 I chatty  : uid=1000(system) Binder:1749_19 expire 8 lines
04-20 20:26:03.490  1749  1749 I chatty  : uid=1000 system_server expire 10 lines
04-20 20:26:03.512  1749  1782 I chatty  : uid=1000(system) ActivityManager expire 1 line
04-20 20:26:04.353  1749  8013 I chatty  : uid=1000(system) Binder:1749_1B expire 2 lines
04-20 20:26:20.441  1749  2257 I chatty  : uid=1000(system) NsdService expire 7 lines
04-20 20:26:26.908  1749  3475 I chatty  : uid=1000(system) Binder:1749_E expire 1 line
04-20 20:27:07.619  1749 11122 I chatty  : uid=1000(system) Binder:1749_1E expire 1 line
04-20 20:27:07.624  1749 11475 I chatty  : uid=1000(system) Binder:1749_20 expire 8 lines
04-20 20:27:21.240  1749  2464 I chatty  : uid=1000(system) Binder:1749_7 expire 1 line
04-20 20:27:58.599  1749 10173 I chatty  : uid=1000(system) Binder:1749_1D expire 1 line
04-20 20:28:07.872  1749  3484 I chatty  : uid=1000(system) Binder:1749_10 expire 2 lines
04-20 20:28:58.139  1749  1770 I chatty  : uid=1000(system) android.ui expire 2 lines
04-20 20:28:58.599  1749  1789 I chatty  : uid=1000(system) PowerManagerSer expire 5 lines
04-20 20:28:58.624  1749  8104 I chatty  : uid=1000 system_server expire 1 line
04-20 20:28:59.011  1749  1789 I chatty  : uid=1000(system) PowerManagerSer expire 35 lines
04-20 20:28:59.015  1749  1769 I chatty  : uid=1000(system) android.fg expire 2 lines
04-20 20:28:59.053  1749  3484 I chatty  : uid=1000(system) Binder:1749_10 expire 5 lines
04-20 20:28:59.067  1749  1749 I chatty  : uid=1000 system_server expire 5 lines
