04-22 09:46:53.764  1749  7754 V RecoverableKeyStoreMgr: Not updating secret types - same as old value.
04-22 09:46:53.767  1749  3484 V RecoverableKeyStoreMgr: Not updating server params - same as old value.
04-22 09:46:53.775 24881 29489 I chatty  : uid=10158(com.google.android.gms) expire 3 lines
04-22 09:46:53.806  1749  3487 I RecoverableKeyStoreMgr: The cert file serial number is the same, so skip updating.
04-22 09:46:53.817  1749  3487 I RecoverySnapshotLstnrs: Registered listener for agent with uid 10158
04-22 09:46:53.881 24881 24933 W PackageParser: Unknown element under <manifest>: queries at /data/user_de/0/com.google.android.gms/app_chimera/m/0000000a/AdsDynamite.apk Binary XML file line #5
04-22 09:46:53.933 24881 24933 W PackageParser: Unknown element under <manifest>: queries at /data/user_de/0/com.google.android.gms/app_chimera/m/00000018/dl-AdsFdrDynamite.integ_210890500100000.apk Binary XML file line #5
04-22 09:46:53.990 24881 29500 I chatty  : uid=10158(com.google.android.gms) expire 1 line
04-22 09:46:54.044 24881 29498 I chatty  : uid=10158(com.google.android.gms) expire 1 line
04-22 09:46:54.076 29193 29502 I chatty  : uid=10120(com.android.vending) PhenotypeBackgr expire 5 lines
04-22 09:46:54.160 29311 29506 I chatty  : uid=10120(com.android.vending) expire 3 lines
04-22 09:46:54.554 29193 29508 I chatty  : uid=10120(com.android.vending) expire 2 lines
04-22 09:46:54.602 29193 29509 I chatty  : uid=10120(com.android.vending) expire 1 line
04-22 09:46:54.672  1749  1780 E system_server: No package ID 7f found for ID 0x7f0802a7.
04-22 09:46:54.672  1749  1780 E system_server: No package ID 7f found for ID 0x7f130585.
04-22 09:46:54.677  1749  2646 W LocationProviderProxy: com.qualcomm.location resolves service com.android.location.service.v3.NetworkLocationProvider, but has wrong signature, ignoring
04-22 09:46:54.678  1749  2646 W LocationProviderProxy: com.google.android.gms resolves service com.android.location.service.v3.NetworkLocationProvider, but has wrong signature, ignoring
04-22 09:46:54.679  1749  2646 W LocationProviderProxy: com.qualcomm.location resolves service com.android.location.service.v3.NetworkLocationProvider, but has wrong signature, ignoring
04-22 09:46:54.679  2294  2294 I chatty  : uid=1002(bluetooth) com.android.bluetooth expire 17 lines
04-22 09:46:54.679  1749  2646 W LocationProviderProxy: Odd, no component found for service com.android.location.service.v3.NetworkLocationProvider
04-22 09:46:54.684  1749  2137 I InputReader: Reconfiguring input devices.  changes=0x00000010
04-22 09:46:54.690  1749  1749 I RoleManagerService: Granting default permissions...
04-22 09:46:54.694  3334  3334 D MotoSystemServer: receive intent :Intent { act=android.intent.action.PACKAGE_CHANGED dat=package:com.android.vending flg=0x5000010 (has extras) }
04-22 09:46:54.694  3334  3334 D MotoSystemServer:  packageName = com.android.vending
04-22 09:46:54.739  2508  2508 E PhoneInterfaceManager: [PhoneIntfMgr] getCarrierPackageNamesForIntent: No UICC
04-22 09:46:54.739  2508  2508 D CarrierSvcBindHelper: No carrier app for: 0
04-22 09:46:54.746  2508  2508 E VvmPkgInstalledRcvr: cannot create TelephonyManager from ComponentInfo{com.android.phone/com.android.services.telephony.TelephonyConnectionService}, ***, UserHandle{0}
04-22 09:46:54.746  2508  2508 D ImsResolver: maybeAddedImsService, packageName: com.android.vending
04-22 09:46:54.775 24881 29244 I chatty  : uid=10158(com.google.android.gms) lowpool[29] expire 9 lines
04-22 09:46:54.793  1749  1749 I TelecomService: DefaultDialerCache: Refreshing default dialer for user 0: now com.google.android.dialer: DDC.oR@AmU
04-22 09:46:54.805 21460 29491 I chatty  : uid=10158 com.google.android.gms.persistent expire 1 line
04-22 09:46:54.937  1749  1769 W Looper  : Slow delivery took 206ms android.fg h=android.os.Handler c=<recycled PooledLambda@90895ca> m=0
04-22 09:46:54.965  1749  1769 W Looper  : Drained
04-22 09:46:55.042 29193 29217 I chatty  : uid=10120(com.android.vending) FinalizerDaemon expire 1 line
04-22 09:46:55.162 18334 18334 I MotoDisplay: Acquiring partial wakelock MotoDisplayWakeLock for 500ms.
04-22 09:46:55.165 18334 18334 I MotoDisplay: Releasing wakelock: MotoDisplayWakeLock
04-22 09:46:55.171  1749  1780 I RoleUserState: Wrote roles.xml successfully
04-22 09:46:55.315  2313  2313 W View    : requestLayout() improperly called by com.android.systemui.statusbar.HeadsUpStatusBarView{e5b882e I.E...... ......ID 0,0-248,56 #7f0a01f7 app:id/heads_up_status_bar_view} during layout: running second layout pass
04-22 09:46:55.673  2313  2313 W View    : requestLayout() improperly called by com.android.systemui.statusbar.HeadsUpStatusBarView{e5b882e I.E...... ......ID 0,0-248,56 #7f0a01f7 app:id/heads_up_status_bar_view} during layout: running second layout pass
04-22 09:46:55.965 29193 29223 I chatty  : uid=10120(com.android.vending) Binder:29193_2 expire 3 lines
04-22 09:46:55.967 29193 29518 I chatty  : uid=10120(com.android.vending) expire 1 line
04-22 09:46:56.996     0     0 W swapper/1: type=1400 audit(0.0:2033): avc: denied { kill } for uid=0 capability=5 scontext=u:r:kernel:s0 tcontext=u:r:kernel:s0 tclass=capability permissive=0
04-22 09:46:59.245  1749  1781 I ActivityManager: Waited long enough for: ServiceRecord{c3757f1 u0 com.google.android.gms/.statementservice.OperationService}
04-22 09:46:59.783 29193 29288 I chatty  : uid=10120(com.android.vending) Thread-3 expire 1 line
04-22 09:46:59.843   728 29522 E ResolverController: No valid NAT64 prefix (100, <unspecified>/0)
04-22 09:47:00.424 29193 29193 I chatty  : uid=10120(com.android.vending) expire 189 lines
04-22 09:47:04.812  1749  2039 I BatteryStatsService: In wakeup_callback: resumed from suspend
04-22 09:47:04.816  2313  2313 W View    : requestLayout() improperly called by com.android.systemui.statusbar.HeadsUpStatusBarView{e5b882e I.E...... ......ID 0,0-248,56 #7f0a01f7 app:id/heads_up_status_bar_view} during layout: running second layout pass
04-22 09:47:04.976  1749  2039 W AppOps  : Noting op not finished: uid 10158 pkg com.google.android.gms code 79 time=1619099204143 duration=-1
04-22 09:47:04.979  1749  2039 W AppOps  : Noting op not finished: uid 10158 pkg com.google.android.gms code 79 time=1619099224976 duration=0
04-22 09:47:05.676  1749  3487 I BatteryStatsService: In wakeup_callback: resumed from suspend
04-22 09:47:07.550  1749 11475 I BatteryStatsService: In wakeup_callback: resumed from suspend
04-22 09:47:07.552 18334 18334 I MotoDisplay: Acquiring partial wakelock MotoDisplayWakeLock for 500ms.
04-22 09:47:07.554 18334 18334 I MotoDisplay: Start logging time for trigger Type: GLANCE_GESTURE GlanceType: GLANCE_GESTURE_MOVEMENT
04-22 09:47:07.554 18334 18334 I MotoDisplay: Glance Sensor Event Gesture Type: 16
04-22 09:47:07.554 18334 18334 I MotoDisplay: pulse - trigger: Type: GLANCE_GESTURE GlanceType: GLANCE_GESTURE_MOVEMENT is pulsing: false is paused: false
04-22 09:47:07.554 18334 18334 I MotoDisplay: Acquiring partial wakelock MotoDisplayWakeLock for 500ms.
04-22 09:47:07.569 18334 18334 I MotoDisplay: isPulseAllowed: true
04-22 09:47:07.604 18334 18334 I MotoDisplay: Animations disabled: false
04-22 09:47:07.605  2313  2337 I MotoDisplayManager: MotoDisplayCallback triggerVirtualSensor
04-22 09:47:07.621  2313  2337 I MotoDisplayManager: MotoDisplayCallback setScreenBrightness<brightness>30
04-22 09:47:07.631  1749  1789 I DisplayPowerController: Blocking screen on until initial contents have been drawn.
04-22 09:47:07.631  1749  1789 I WindowManager: Screen turning on...
04-22 09:47:07.631  2313  2337 V KeyguardViewMediator: notifyDrawn
04-22 09:47:07.632  1749  7787 D WindowManager: mKeyguardDelegate.ShowListener.onDrawn.
04-22 09:47:07.632  2508  2508 D QtiCarrierConfigHelper: WARNING, no carrier configs on phone Id: 0
04-22 09:47:07.633  1749  1770 W WindowManager: Setting mKeyguardDrawComplete
04-22 09:47:07.656  1749  1789 V DisplayPowerController: Brightness [23] reason changing to: 'doze', previous reason: 'screen_off'.
04-22 09:47:07.658  1749  1772 I DisplayManagerService: Display device changed state: "Built-in Screen", ON
04-22 09:47:07.660  1274  1274 W fingerprint@2.1: type=1400 audit(0.0:2034): avc: denied { read } for uid=1000 name="u:object_r:default_prop:s0" dev="tmpfs" ino=6623 scontext=u:r:hal_fingerprint_default:s0 tcontext=u:object_r:default_prop:s0 tclass=file permissive=0
04-22 09:47:07.662   878   878 D SurfaceFlinger: Setting power mode 2 on display 0
04-22 09:47:07.663   825   896 I SDM     : DisplayBase::SetDisplayState: Set state = 1, display 0
04-22 09:47:07.663  1274  1480 I [GF_HAL][gf_hal]: [gf_hal_screen_on]
04-22 09:47:07.663  1274  1480 D [gf_ca_entry]: [gf_ca_invoke_command] enter
04-22 09:47:07.663  1274  1480 D [gf_ca_entry]: [gf_ta_send_modified_cmd_req] enter
04-22 09:47:07.663  1274  1480 D [gf_ca_entry]: [gf_ta_send_modified_cmd_req] begin token 138, cmd_id=1017
04-22 09:47:07.663  1274  1480 D [gf_ca_entry]: [gf_ca_get_logbuf_length] enter
04-22 09:47:07.663  1274  1480 E libc    : Access denied finding property "gf.debug.dump_talog_data"
04-22 09:47:07.664  1274  1480 D [gf_ca_entry]: [gf_ca_get_logbuf_length] exit
04-22 09:47:07.664  1274  1480 D [gf_sec_ion]: [gf_sec_ion_malloc] enter
04-22 09:47:07.664  1274  1480 D [gf_sec_ion]: [gf_sec_ion_malloc] gf_sec_ion_malloc data_size = 128
04-22 09:47:07.664  1274  1480 D [gf_sec_ion]: [gf_sec_ion_malloc] exit
04-22 09:47:07.664  1274  1480 D [gf_ca_entry]: [gf_ta_send_modified_cmd_req] whitebox is enabled.
04-22 09:47:07.672   812  1044 W qti_sensors_hal: processReportInd: lux: 100, ch0: 280, ch1: 405
04-22 09:47:07.676  2627  2692 I QcrilOemhookMsgTunnel: [0]processOemHookResponse serial no: -1 error: 0length=1
04-22 09:47:07.676  2627  2692 E QcrilOemhookMsgTunnel: [0]Unexpected serial number in solicited response!serial: -1 error: 0
04-22 09:47:07.677   812  1655 W qti_sensors_hal: reportSingleEvent: NearBy 0, pData 1623,  highThd 5001
04-22 09:47:07.680 18334 18334 I MotoDisplay: Time elapsed since sensor trigger Type: GLANCE_GESTURE GlanceType: GLANCE_GESTURE_MOVEMENT is 126 ms
04-22 09:47:07.680  2313  2337 I MotoDisplayManager: MotoDisplayCallback setScreenBrightness<brightness>38
04-22 09:47:07.691  1274  1480 D [gf_ca_entry]: [gf_ca_logdump] enter
04-22 09:47:07.691  1274  1480 D [gf_ca_entry]: [gf_ca_logdump] exit
04-22 09:47:07.691  1274  1480 D [gf_sec_ion]: [gf_sec_ion_free] enter
04-22 09:47:07.692  1274  1480 D [gf_sec_ion]: [gf_sec_ion_free] gf_sec_ion_free ion_local_flag is not true
04-22 09:47:07.692  1274  1480 D [gf_sec_ion]: [gf_sec_ion_free] exit
04-22 09:47:07.692  1274  1480 D [gf_ca_entry]: [gf_ta_send_modified_cmd_req] exit
04-22 09:47:07.692  1274  1480 D [gf_ca_entry]: [gf_ca_invoke_command] gx_ta_send_modified_cmd_req success
04-22 09:47:07.692  1274  1480 D [gf_ca_entry]: [gf_ca_invoke_command] ta execution succeed
04-22 09:47:07.692  1274  1480 D [gf_ca_entry]: [gf_ca_invoke_command] exit
04-22 09:47:07.700 18334 18334 I MotoDisplay: Animations disabled: false
04-22 09:47:07.721  1749  1772 I WindowManager: All windows ready for display!
04-22 09:47:07.721  1749  1770 W WindowManager: Setting mWindowManagerDrawComplete
04-22 09:47:07.723  1749  1789 I DisplayPowerController: Unblocked screen on after 92 ms
04-22 09:47:07.839 29193 29279 I chatty  : uid=10120(com.android.vending) bgExecutor #1 expire 4 lines
04-22 09:47:07.859 29193 29515 I chatty  : uid=10120(com.android.vending) expire 5 lines
04-22 09:47:07.885 29193 29280 I chatty  : uid=10120(com.android.vending) bgExecutor #2 expire 3 lines
04-22 09:47:07.912 29193 29272 I chatty  : uid=10120(com.android.vending) bgExecutor #0 expire 4 lines
04-22 09:47:07.925   878   878 D SurfaceFlinger: Finished setting power mode 2 on display 0
04-22 09:47:07.927  1749  2288 D SurfaceControl: Excessive delay in setPowerMode()
04-22 09:47:07.939  1749  2137 I PowerManagerService: Waking up from Dozing (uid=1000, reason=WAKE_REASON_POWER_BUTTON, details=android.policy:POWER)...
04-22 09:47:07.939  1749  1749 W UsageStatsService: Event reported without a package name, eventType:15
04-22 09:47:07.943  1749  1789 V DisplayPowerController: Brightness [61] reason changing to: 'manual', previous reason: 'doze'.
04-22 09:47:07.944   829   829 I QTI PowerHAL: Got set_interactive hint
04-22 09:47:07.945   829   829 I QTI PowerHAL: Got set_interactive hint on= 1, count= 29
04-22 09:47:07.945   829   829 E QTI PowerHAL: Error opening /sys/kernel/hbtp/display_pwr: No such file or directory
04-22 09:47:07.946  1749  1789 V DisplayPowerController: Brightness [79] reason changing to: 'automatic', previous reason: 'manual'.
04-22 09:47:07.946  1749  1749 I WindowManager: Started waking up... (why=ON_BECAUSE_OF_USER)
04-22 09:47:07.946  1749  1789 I DreamManagerService: Gently waking up from dream.
04-22 09:47:07.946  1749  1769 I DreamManagerService: Performing gentle wake from dream.
04-22 09:47:07.947  1749 11475 I DreamManagerService: Leaving dreamland.
04-22 09:47:07.948  1749  1769 I DreamManagerService: Performing gentle wake from dream.
04-22 09:47:07.948  1749  1769 I DreamController: Stopping dream: name=ComponentInfo{com.android.systemui/com.android.systemui.doze.DozeService}, isTest=false, canDoze=true, userId=0
04-22 09:47:07.949 21460 10770 I chatty  : uid=10158(com.google.android.gms) Binder:21460_10 expire 1 line
04-22 09:47:07.949 21460 21649 I chatty  : uid=10158(com.google.android.gms) Binder:21460_7 expire 2 lines
04-22 09:47:07.950 21460 21485 I chatty  : uid=10158(com.google.android.gms) Binder:21460_3 expire 10 lines
04-22 09:47:07.954  2313  2313 D StatusBar: updateQsExpansionEnabled - QS Expand enabled: true
04-22 09:47:07.955  1749  1749 I WindowManager: Finished waking up... (why=ON_BECAUSE_OF_USER)
04-22 09:47:07.956  1749  1749 V SettingsProvider: Notifying for 0: content://settings/system/screen_brightness
04-22 09:47:07.957  1749  1749 W AlarmManager: Unrecognized alarm listener com.android.server.job.controllers.idle.-$$Lambda$DeviceIdlenessTracker$-H1-ZwZAJ-vh10A0PeYXaZLj_R0@a9361ca
04-22 09:47:07.958  7655  7655 W Settings: Setting data_roaming has moved from android.provider.Settings.Secure to android.provider.Settings.Global.
04-22 09:47:07.958  3334  3334 W Settings: Setting data_roaming has moved from android.provider.Settings.Secure to android.provider.Settings.Global.
04-22 09:47:07.965  8057  8057 D MCLOG   : [MC_Service] onStartcommand()
04-22 09:47:07.970  2313  2313 D StatusBar: updateQsExpansionEnabled - QS Expand enabled: true
04-22 09:47:07.979 18334 18334 I MotoDisplay: Request System UI to turn display ON.
04-22 09:47:07.980  2313  2337 I MotoDisplayManager: MotoDisplayCallback requestHide
04-22 09:47:07.981  8057  8312 D Checkin : publish the event [tag = MOT_DEVICE_STATS_L1 event name = SettingLogs]
04-22 09:47:07.982  2313  2313 I MotoDisplayManager: mMotoDisplayService.hide com.android.systemui.doze.IMotoDisplay$Stub$Proxy@1b7df05
04-22 09:47:07.986  1749  1749 V SettingsProvider: Notifying for 0: content://settings/secure/reminder_exp_learning_time_elapsed
04-22 09:47:07.988   815   961 D audio_hw_primary: adev_set_parameters: enter: screen_state=on
04-22 09:47:07.990   815   961 V msm8974_platform: platform_set_parameters: enter: screen_state=on
04-22 09:47:07.990   815   961 V msm8974_platform: platform_set_parameters: exit with code(0)
04-22 09:47:07.992  1749  1749 W AlarmManager: Unrecognized alarm listener com.android.server.job.controllers.idle.-$$Lambda$DeviceIdlenessTracker$-H1-ZwZAJ-vh10A0PeYXaZLj_R0@a9361ca
04-22 09:47:07.998  2313  2313 W View    : requestLayout() improperly called by com.android.systemui.statusbar.HeadsUpStatusBarView{e5b882e I.E...... ......ID 0,0-248,56 #7f0a01f7 app:id/heads_up_status_bar_view} during layout: running second layout pass
04-22 09:47:08.002 18334 18334 I MotoDisplay: onDestroy
04-22 09:47:08.002 18334 18334 I MotoDisplay: Releasing wakelock: MotoDisplayWakeLock
04-22 09:47:08.002   878  1002 E HWComposer: getDisplayedContentSamplingAttributes: getDisplayedContentSamplingAttributes failed for display 0: Unsupported (8)
04-22 09:47:08.032  1749  1767 V WindowManager: Changing focus from Window{bc4fb5e u0 AOD} to Window{743b1cb u0 StatusBar} displayId=0
04-22 09:47:08.034 18334 18334 I MotoDisplay: finishScreen
04-22 09:47:08.034 18334 18334 I MotoDisplay: onDestroy
04-22 09:47:08.041  2313  2313 D StatusBar: disable<e i a s b H R c s > disable2<q i n >
04-22 09:47:08.041  2313  2313 D StatusBar: disable<e i a s b H R c s > disable2<q i n >
04-22 09:47:08.047  1749  1773 I WindowManager:   SURFACE show Surface(name=NavigationBar0)/@0x1596f5 on display:0: NavigationBar0
04-22 09:47:08.048   728  2384 I netd    : firewallSetUidRule(2, 10128, 1) <0.04ms>
04-22 09:47:08.058  1749  2039 I WindowManager:   SURFACE show Surface(name=com.android.systemui.ImageWallpaper)/@0xcbdab7b on display:0: com.android.systemui.ImageWallpaper
04-22 09:47:08.058  2313  2313 W View    : requestLayout() improperly called by com.android.systemui.statusbar.HeadsUpStatusBarView{e5b882e I.E...... ......ID 0,0-248,56 #7f0a01f7 app:id/heads_up_status_bar_view} during layout: running second layout pass
04-22 09:47:08.075  2448  3640 D QCNEJ/WlanStaInfoRelay: Received action: android.net.wifi.RSSI_CHANGED
04-22 09:47:08.075  2448  3640 I QCNEJ/NativeHalConnector: -> SND notifyWlanStaStatusChanged([WlanStaInfo]: wifiSwitchState = 1 rssi = -57 ssid = Jasmine bssid = b0:39:56:5a:37:40 dnsInfo = 192.168.1.1;0.0.0.0;0.0.0.0;0.0.0.0; freqBand = _2GHz countryCode = us[RatInfo]: networkType = 1 subType = 101 networkState = CONNECTED netHdl = 432902426637 ipAddrV4 = 192.168.1.65 ipAddrV6 =  ifNameV4 = wlan0 ifNameV6 =  slotIdx = 0 isAndroidValidated = true) timeStamp = 2021-04-22 09:47:08.075
04-22 09:47:08.082   729   729 D Zygote  : Forked child process 29530
04-22 09:47:08.086  1749  2387 D NotificationListeners: Disabling component com.motorola.motodisplay/.notification.DisplayNotifListenerService
04-22 09:47:08.086  2508  8774 E PhoneInterfaceManager: [PhoneIntfMgr] getCarrierPrivilegeStatus: No UICC
04-22 09:47:08.095 18334 18334 I MotoDisplay: onListenerDisconnected - DisplayNotifListenerService
04-22 09:47:08.098  1749  1782 I ActivityManager: Start proc 29530:com.google.android.setupwizard/u0a128 for service {com.google.android.setupwizard/com.google.android.setupwizard.deferred.DeferredSetupScheduler}
04-22 09:47:08.100 29530 29530 E oid.setupwizar: Not starting debugger since process cannot load the jdwp agent.
04-22 09:47:08.105  2997  2997 I DeviceStatusMonitor: DeviceStatusMonitor$1.onReceive():48 onReceive() : Action = android.intent.action.SCREEN_ON
04-22 09:47:08.116  2774  3670 I CarrierServices: [98] car.a: FiST: Wifi connectivity status true
04-22 09:47:08.117  2774  4179 I CarrierServices: [128] awv.handleMessage: RCS is disabled, skipping config update request
04-22 09:47:08.117  2774  4177 I CarrierServices: [126] chy.a: (PEv2-SM): DisabledState: event Connectivity event
04-22 09:47:08.118  2774  3670 I CarrierServices: [98] cay.d: Connected state: [1], networkType: [WIFI]
04-22 09:47:08.121  2508  8774 E PhoneInterfaceManager: [PhoneIntfMgr] getCarrierPrivilegeStatus: No UICC
04-22 09:47:08.136 29530 29530 I oid.setupwizar: The ClassLoaderContext is a special shared library.
04-22 09:47:08.140 29530 29530 I oid.setupwizar: The ClassLoaderContext is a special shared library.
04-22 09:47:08.170  1749  1767 D WificondControl: Scan result ready event
04-22 09:47:08.186 29530 29530 I SetupWizard: [bbx] Start loading FRP status
04-22 09:47:08.205 21460 21645 I chatty  : uid=10158(com.google.android.gms) NearbyDiscovery expire 11 lines
04-22 09:47:08.212 21153 21352 E WorkerLoader: No worker found for Worker ID [trainingcache].
04-22 09:47:08.213 21153 21352 W WorkController: Loading failed for worker [trainingcache]: worker not found
04-22 09:47:08.228 21460 21670 I chatty  : uid=10158(com.google.android.gms) NearbyDirectMai expire 6 lines
04-22 09:47:08.228  2294 25465 I chatty  : uid=1002(bluetooth) Binder:2294_7 expire 10 lines
04-22 09:47:08.230 21153 21360 W ServiceWorker: TrainingCache cache SCREEN_ON failure
04-22 09:47:08.230 21153 21360 W ServiceWorker: com.google.android.apps.gsa.search.core.service.h.a.a: No worker found for Worker ID [trainingcache].
04-22 09:47:08.230 21153 21360 W ServiceWorker: 	at com.google.android.apps.gsa.search.core.service.g.a.c.a(SourceFile:7)
04-22 09:47:08.230 21153 21360 W ServiceWorker: 	at com.google.android.libraries.gsa.l.a.n.a(SourceFile:2)
04-22 09:47:08.230 21153 21360 W ServiceWorker: 	at com.google.common.v.a.dn.b(SourceFile:7)
04-22 09:47:08.230 21153 21360 W ServiceWorker: 	at com.google.common.v.a.ch.run(SourceFile:12)
04-22 09:47:08.230 21153 21360 W ServiceWorker: 	at com.google.common.v.a.dp.run(SourceFile:10)
04-22 09:47:08.230 21153 21360 W ServiceWorker: 	at com.google.apps.tiktok.concurrent.au.run(SourceFile:2)
04-22 09:47:08.230 21153 21360 W ServiceWorker: 	at java.util.concurrent.ThreadPoolExecutor.runWorker(ThreadPoolExecutor.java:1167)
04-22 09:47:08.230 21153 21360 W ServiceWorker: 	at java.util.concurrent.ThreadPoolExecutor$Worker.run(ThreadPoolExecutor.java:641)
04-22 09:47:08.230 21153 21360 W ServiceWorker: 	at com.google.apps.tiktok.concurrent.f.run(SourceFile:4)
04-22 09:47:08.230 21153 21360 W ServiceWorker: 	at java.lang.Thread.run(Thread.java:919)
04-22 09:47:08.236 21460 21460 I chatty  : uid=10158 com.google.android.gms.persistent expire 11 lines
04-22 09:47:08.237  2294  2614 I chatty  : uid=1002(bluetooth) btu message loo expire 18 lines
04-22 09:47:08.240  2294  2358 I chatty  : uid=1002(bluetooth) BT Service Call expire 53 lines
04-22 09:47:08.244 29530 29530 I SetupWizard: [bbx] frpStatus=supported=true challengeRequired=false duration=53ms
04-22 09:47:08.244  2294  2588 I chatty  : uid=1002(bluetooth) BluetoothScanMa expire 43 lines
04-22 09:47:08.313 29530 29530 I SetupWizard: [DeferredSetupNotificationSchedulerService] Deferred notification scheduled at Wed Apr 21 09:00:00 EDT 2021
04-22 09:47:08.372  1749  1770 D WindowManager: powerPress: eventTime=18762271 interactive=true count=1 beganFromNonInteractive=true mShortPressOnPowerBehavior=1
04-22 09:47:08.382 29193 29279 I Finsky  : [2862] twf.i(2): IQ: Scheduling install request package_name=com.google.android.apps.photos, pm_package_name=com.google.android.apps.photos, version=37187075, priority=3, reason=auto_update, account_name=, type=0, constraints=((REQ_CHARGING, REQ_DEVICE_IDLE, REQ_GEARHEAD_PROJECTION_OFF, NETWORK=UNMETERED, PROVISIONING_STATE=PROVISIONED),)
04-22 09:47:08.383 29193 29279 I Finsky  : [2862] twf.i(2): IQ: Scheduling install request package_name=com.google.android.ims, pm_package_name=com.google.android.ims, version=30400860, priority=3, reason=auto_update, account_name=, type=0, constraints=((REQ_CHARGING, REQ_DEVICE_IDLE, REQ_GEARHEAD_PROJECTION_OFF, NETWORK=UNMETERED, PROVISIONING_STATE=PROVISIONED),)
04-22 09:47:08.383 29193 29279 I Finsky  : [2862] twf.i(2): IQ: Scheduling install request package_name=com.motorola.actions, pm_package_name=com.motorola.actions, version=281062905, priority=3, reason=auto_update, account_name=, type=0, constraints=((REQ_CHARGING, REQ_DEVICE_IDLE, REQ_GEARHEAD_PROJECTION_OFF, NETWORK=UNMETERED, PROVISIONING_STATE=PROVISIONED),)
04-22 09:47:08.384 29193 29279 I Finsky  : [2862] twf.i(2): IQ: Scheduling install request package_name=com.google.android.apps.youtube.music, pm_package_name=com.google.android.apps.youtube.music, version=42350230, priority=3, reason=auto_update, account_name=, type=0, constraints=((REQ_CHARGING, REQ_DEVICE_IDLE, REQ_GEARHEAD_PROJECTION_OFF, NETWORK=UNMETERED, PROVISIONING_STATE=PROVISIONED),)
04-22 09:47:08.384 29193 29279 I Finsky  : [2862] twf.i(2): IQ: Scheduling install request package_name=com.google.android.apps.docs, pm_package_name=com.google.android.apps.docs, version=211410230, priority=3, reason=auto_update, account_name=, type=0, constraints=((REQ_CHARGING, REQ_DEVICE_IDLE, REQ_GEARHEAD_PROJECTION_OFF, NETWORK=UNMETERED, PROVISIONING_STATE=PROVISIONED),)
04-22 09:47:08.385 29193 29279 I Finsky  : [2862] twf.i(2): IQ: Scheduling install request package_name=com.google.android.videos, pm_package_name=com.google.android.videos, version=42501145, priority=3, reason=auto_update, account_name=, type=0, constraints=((REQ_CHARGING, REQ_DEVICE_IDLE, REQ_GEARHEAD_PROJECTION_OFF, NETWORK=UNMETERED, PROVISIONING_STATE=PROVISIONED),)
04-22 09:47:08.385 29193 29279 I Finsky  : [2862] twf.i(2): IQ: Scheduling install request package_name=com.google.android.marvin.talkback, pm_package_name=com.google.android.marvin.talkback, version=60111894, priority=3, reason=auto_update, account_name=, type=0, constraints=((REQ_CHARGING, REQ_DEVICE_IDLE, REQ_GEARHEAD_PROJECTION_OFF, NETWORK=UNMETERED, PROVISIONING_STATE=PROVISIONED),)
04-22 09:47:08.385 29193 29279 I Finsky  : [2862] twf.i(2): IQ: Scheduling install request package_name=com.google.android.projection.gearhead, pm_package_name=com.google.android.projection.gearhead, version=62610923, priority=3, reason=auto_update, account_name=, type=0, constraints=((REQ_CHARGING, REQ_DEVICE_IDLE, REQ_GEARHEAD_PROJECTION_OFF, NETWORK=UNMETERED, PROVISIONING_STATE=PROVISIONED),)
04-22 09:47:08.386 29193 29279 I Finsky  : [2862] twf.i(2): IQ: Scheduling install request package_name=com.google.android.apps.wallpaper, pm_package_name=com.google.android.apps.wallpaper, version=200000010, priority=3, reason=auto_update, account_name=, type=0, constraints=((REQ_CHARGING, REQ_DEVICE_IDLE, REQ_GEARHEAD_PROJECTION_OFF, NETWORK=UNMETERED, PROVISIONING_STATE=PROVISIONED),)
04-22 09:47:08.386 29193 29279 I Finsky  : [2862] twf.i(2): IQ: Scheduling install request package_name=com.google.android.dialer, pm_package_name=com.google.android.dialer, version=7202646, priority=3, reason=auto_update, account_name=, type=0, constraints=((REQ_CHARGING, REQ_DEVICE_IDLE, REQ_GEARHEAD_PROJECTION_OFF, NETWORK=UNMETERED, PROVISIONING_STATE=PROVISIONED),)
04-22 09:47:08.387 29193 29279 I Finsky  : [2862] twf.i(2): IQ: Scheduling install request package_name=com.motorola.moto, pm_package_name=com.motorola.moto, version=280901233, priority=3, reason=auto_update, account_name=, type=0, constraints=((REQ_CHARGING, REQ_DEVICE_IDLE, REQ_GEARHEAD_PROJECTION_OFF, NETWORK=UNMETERED, PROVISIONING_STATE=PROVISIONED),)
04-22 09:47:08.387 29193 29279 I Finsky  : [2862] twf.i(2): IQ: Scheduling install request package_name=com.motorola.timeweatherwidget, pm_package_name=com.motorola.timeweatherwidget, version=405018, priority=3, reason=auto_update, account_name=, type=0, constraints=((REQ_CHARGING, REQ_DEVICE_IDLE, REQ_GEARHEAD_PROJECTION_OFF, NETWORK=UNMETERED, PROVISIONING_STATE=PROVISIONED),)
04-22 09:47:08.388 29193 29279 I Finsky  : [2862] twf.i(2): IQ: Scheduling install request package_name=com.google.android.deskclock, pm_package_name=com.google.android.deskclock, version=64001698, priority=3, reason=auto_update, account_name=, type=0, constraints=((REQ_CHARGING, REQ_DEVICE_IDLE, REQ_GEARHEAD_PROJECTION_OFF, NETWORK=UNMETERED, PROVISIONING_STATE=PROVISIONED),)
04-22 09:47:08.388 29193 29279 I Finsky  : [2862] twf.i(2): IQ: Scheduling install request package_name=com.motorola.motodisplay, pm_package_name=com.motorola.motodisplay, version=280063313, priority=3, reason=auto_update, account_name=, type=0, constraints=((REQ_CHARGING, REQ_DEVICE_IDLE, REQ_GEARHEAD_PROJECTION_OFF, NETWORK=UNMETERED, PROVISIONING_STATE=PROVISIONED),)
04-22 09:47:08.388 29193 29279 I Finsky  : [2862] twf.i(2): IQ: Scheduling install request package_name=com.google.android.apps.maps, pm_package_name=com.google.android.apps.maps, version=1065200040, priority=3, reason=auto_update, account_name=, type=0, constraints=((REQ_CHARGING, REQ_DEVICE_IDLE, REQ_GEARHEAD_PROJECTION_OFF, NETWORK=UNMETERED, PROVISIONING_STATE=PROVISIONED),)
04-22 09:47:08.389 29193 29279 I Finsky  : [2862] twf.i(2): IQ: Scheduling install request package_name=com.google.android.apps.tachyon, pm_package_name=com.google.android.apps.tachyon, version=3048500, priority=3, reason=auto_update, account_name=, type=0, constraints=((REQ_CHARGING, REQ_DEVICE_IDLE, REQ_GEARHEAD_PROJECTION_OFF, NETWORK=UNMETERED, PROVISIONING_STATE=PROVISIONED),)
04-22 09:47:08.389 29193 29279 I Finsky  : [2862] twf.i(2): IQ: Scheduling install request package_name=com.google.android.apps.messaging, pm_package_name=com.google.android.apps.messaging, version=77050063, priority=3, reason=auto_update, account_name=, type=0, constraints=((REQ_CHARGING, REQ_DEVICE_IDLE, REQ_GEARHEAD_PROJECTION_OFF, NETWORK=UNMETERED, PROVISIONING_STATE=PROVISIONED),)
04-22 09:47:08.390 29193 29279 I Finsky  : [2862] twf.i(2): IQ: Scheduling install request package_name=com.google.android.googlequicksearchbox, pm_package_name=com.google.android.googlequicksearchbox, version=301140260, priority=3, reason=auto_update, account_name=, type=0, constraints=((REQ_CHARGING, REQ_DEVICE_IDLE, REQ_GEARHEAD_PROJECTION_OFF, NETWORK=UNMETERED, PROVISIONING_STATE=PROVISIONED),)
04-22 09:47:08.390 29193 29279 I Finsky  : [2862] twf.i(2): IQ: Scheduling install request package_name=com.motorola.fmplayer, pm_package_name=com.motorola.fmplayer, version=20400010, priority=3, reason=auto_update, account_name=, type=0, constraints=((REQ_CHARGING, REQ_DEVICE_IDLE, REQ_GEARHEAD_PROJECTION_OFF, NETWORK=UNMETERED, PROVISIONING_STATE=PROVISIONED),)
04-22 09:47:08.391 29193 29279 I Finsky  : [2862] twf.i(2): IQ: Scheduling install request package_name=com.google.android.apps.nbu.files, pm_package_name=com.google.android.apps.nbu.files, version=374526, priority=3, reason=auto_update, account_name=, type=0, constraints=((REQ_CHARGING, REQ_DEVICE_IDLE, REQ_GEARHEAD_PROJECTION_OFF, NETWORK=UNMETERED, PROVISIONING_STATE=PROVISIONED),)
04-22 09:47:08.391 29193 29279 I Finsky  : [2862] twf.i(2): IQ: Scheduling install request package_name=com.google.android.youtube, pm_package_name=com.google.android.youtube, version=1520293312, priority=3, reason=auto_update, account_name=, type=0, constraints=((REQ_CHARGING, REQ_DEVICE_IDLE, REQ_GEARHEAD_PROJECTION_OFF, NETWORK=UNMETERED, PROVISIONING_STATE=PROVISIONED),)
04-22 09:47:08.392 29193 29279 I Finsky  : [2862] twf.i(2): IQ: Scheduling install request package_name=com.google.android.apps.subscriptions.red, pm_package_name=com.google.android.apps.subscriptions.red, version=103244, priority=3, reason=auto_update, account_name=, type=0, constraints=((REQ_CHARGING, REQ_DEVICE_IDLE, REQ_GEARHEAD_PROJECTION_OFF, NETWORK=UNMETERED, PROVISIONING_STATE=PROVISIONED),)
04-22 09:47:08.392 29193 29279 I Finsky  : [2862] twf.i(2): IQ: Scheduling install request package_name=com.google.android.contacts, pm_package_name=com.google.android.contacts, version=2587692, priority=3, reason=auto_update, account_name=, type=0, constraints=((REQ_CHARGING, REQ_DEVICE_IDLE, REQ_GEARHEAD_PROJECTION_OFF, NETWORK=UNMETERED, PROVISIONING_STATE=PROVISIONED),)
04-22 09:47:08.392 29193 29279 I Finsky  : [2862] twf.i(2): IQ: Scheduling install request package_name=com.google.android.gm, pm_package_name=com.google.android.gm, version=62632206, priority=3, reason=auto_update, account_name=, type=0, constraints=((REQ_CHARGING, REQ_DEVICE_IDLE, REQ_GEARHEAD_PROJECTION_OFF, NETWORK=UNMETERED, PROVISIONING_STATE=PROVISIONED),)
04-22 09:47:08.393 29193 29279 I Finsky  : [2862] twf.i(2): IQ: Scheduling install request package_name=com.google.android.inputmethod.latin, pm_package_name=com.google.android.inputmethod.latin, version=52619193, priority=3, reason=auto_update, account_name=, type=0, constraints=((REQ_CHARGING, REQ_DEVICE_IDLE, REQ_GEARHEAD_PROJECTION_OFF, NETWORK=UNMETERED, PROVISIONING_STATE=PROVISIONED),)
04-22 09:47:08.393 29193 29279 I Finsky  : [2862] twf.i(2): IQ: Scheduling install request package_name=com.google.android.calendar, pm_package_name=com.google.android.calendar, version=2016990472, priority=3, reason=auto_update, account_name=, type=0, constraints=((REQ_CHARGING, REQ_DEVICE_IDLE, REQ_GEARHEAD_PROJECTION_OFF, NETWORK=UNMETERED, PROVISIONING_STATE=PROVISIONED),)
04-22 09:47:08.422 29193 29445 W Finsky  : [2934] tun.call(18): IQ: Resolved conflict: package=com.google.android.apps.docs. oldConstraints=[(REQ_CHARGING, REQ_DEVICE_IDLE, REQ_GEARHEAD_PROJECTION_OFF, NETWORK=UNMETERED, PROVISIONING_STATE=PROVISIONED)], newConstraints=[(REQ_CHARGING, REQ_DEVICE_IDLE, REQ_GEARHEAD_PROJECTION_OFF, NETWORK=UNMETERED, PROVISIONING_STATE=PROVISIONED)]
04-22 09:47:08.427 29193 29445 W Finsky  : [2934] tun.call(18): IQ: Resolved conflict: package=com.google.android.apps.maps. oldConstraints=[(REQ_CHARGING, REQ_DEVICE_IDLE, REQ_GEARHEAD_PROJECTION_OFF, NETWORK=UNMETERED, PROVISIONING_STATE=PROVISIONED)], newConstraints=[(REQ_CHARGING, REQ_DEVICE_IDLE, REQ_GEARHEAD_PROJECTION_OFF, NETWORK=UNMETERED, PROVISIONING_STATE=PROVISIONED)]
04-22 09:47:08.429  2313  2313 W View    : requestLayout() improperly called by com.android.systemui.statusbar.HeadsUpStatusBarView{e5b882e I.E...... ......ID 0,0-248,56 #7f0a01f7 app:id/heads_up_status_bar_view} during layout: running second layout pass
04-22 09:47:08.430 29193 29445 W Finsky  : [2934] tun.call(18): IQ: Resolved conflict: package=com.google.android.apps.messaging. oldConstraints=[(REQ_CHARGING, REQ_DEVICE_IDLE, REQ_GEARHEAD_PROJECTION_OFF, NETWORK=UNMETERED, PROVISIONING_STATE=PROVISIONED)], newConstraints=[(REQ_CHARGING, REQ_DEVICE_IDLE, REQ_GEARHEAD_PROJECTION_OFF, NETWORK=UNMETERED, PROVISIONING_STATE=PROVISIONED)]
04-22 09:47:08.433 29193 29445 W Finsky  : [2934] tun.call(18): IQ: Resolved conflict: package=com.google.android.apps.nbu.files. oldConstraints=[(REQ_CHARGING, REQ_DEVICE_IDLE, REQ_GEARHEAD_PROJECTION_OFF, NETWORK=UNMETERED, PROVISIONING_STATE=PROVISIONED)], newConstraints=[(REQ_CHARGING, REQ_DEVICE_IDLE, REQ_GEARHEAD_PROJECTION_OFF, NETWORK=UNMETERED, PROVISIONING_STATE=PROVISIONED)]
04-22 09:47:08.437 29193 29445 W Finsky  : [2934] tun.call(18): IQ: Resolved conflict: package=com.google.android.apps.photos. oldConstraints=[(REQ_CHARGING, REQ_DEVICE_IDLE, REQ_GEARHEAD_PROJECTION_OFF, NETWORK=UNMETERED, PROVISIONING_STATE=PROVISIONED)], newConstraints=[(REQ_CHARGING, REQ_DEVICE_IDLE, REQ_GEARHEAD_PROJECTION_OFF, NETWORK=UNMETERED, PROVISIONING_STATE=PROVISIONED)]
04-22 09:47:08.440 29193 29445 W Finsky  : [2934] tun.call(18): IQ: Resolved conflict: package=com.google.android.apps.tachyon. oldConstraints=[(REQ_CHARGING, REQ_DEVICE_IDLE, REQ_GEARHEAD_PROJECTION_OFF, NETWORK=UNMETERED, PROVISIONING_STATE=PROVISIONED)], newConstraints=[(REQ_CHARGING, REQ_DEVICE_IDLE, REQ_GEARHEAD_PROJECTION_OFF, NETWORK=UNMETERED, PROVISIONING_STATE=PROVISIONED)]
04-22 09:47:08.440 29530 29530 I SetupWizard: [DeferredSetupNotificationSchedulerService] Deferred notification scheduled at Wed Apr 21 09:00:00 EDT 2021
04-22 09:47:08.443 29193 29445 W Finsky  : [2934] tun.call(18): IQ: Resolved conflict: package=com.google.android.apps.wallpaper. oldConstraints=[(REQ_CHARGING, REQ_DEVICE_IDLE, REQ_GEARHEAD_PROJECTION_OFF, NETWORK=UNMETERED, PROVISIONING_STATE=PROVISIONED)], newConstraints=[(REQ_CHARGING, REQ_DEVICE_IDLE, REQ_GEARHEAD_PROJECTION_OFF, NETWORK=UNMETERED, PROVISIONING_STATE=PROVISIONED)]
04-22 09:47:08.447 29193 29445 W Finsky  : [2934] tun.call(18): IQ: Resolved conflict: package=com.google.android.apps.wellbeing. oldConstraints=[(REQ_CHARGING, REQ_DEVICE_IDLE, REQ_GEARHEAD_PROJECTION_OFF, NETWORK=UNMETERED, PROVISIONING_STATE=PROVISIONED)], newConstraints=[(REQ_CHARGING, REQ_DEVICE_IDLE, REQ_GEARHEAD_PROJECTION_OFF, NETWORK=UNMETERED, PROVISIONING_STATE=PROVISIONED)]
04-22 09:47:08.450 29193 29445 W Finsky  : [2934] tun.call(18): IQ: Resolved conflict: package=com.google.android.apps.youtube.music. oldConstraints=[(REQ_CHARGING, REQ_DEVICE_IDLE, REQ_GEARHEAD_PROJECTION_OFF, NETWORK=UNMETERED, PROVISIONING_STATE=PROVISIONED)], newConstraints=[(REQ_CHARGING, REQ_DEVICE_IDLE, REQ_GEARHEAD_PROJECTION_OFF, NETWORK=UNMETERED, PROVISIONING_STATE=PROVISIONED)]
04-22 09:47:08.454 29193 29445 W Finsky  : [2934] tun.call(18): IQ: Resolved conflict: package=com.google.android.calendar. oldConstraints=[(REQ_CHARGING, REQ_DEVICE_IDLE, REQ_GEARHEAD_PROJECTION_OFF, NETWORK=UNMETERED, PROVISIONING_STATE=PROVISIONED)], newConstraints=[(REQ_CHARGING, REQ_DEVICE_IDLE, REQ_GEARHEAD_PROJECTION_OFF, NETWORK=UNMETERED, PROVISIONING_STATE=PROVISIONED)]
04-22 09:47:08.457 29193 29445 W Finsky  : [2934] tun.call(18): IQ: Resolved conflict: package=com.google.android.contacts. oldConstraints=[(REQ_CHARGING, REQ_DEVICE_IDLE, REQ_GEARHEAD_PROJECTION_OFF, NETWORK=UNMETERED, PROVISIONING_STATE=PROVISIONED)], newConstraints=[(REQ_CHARGING, REQ_DEVICE_IDLE, REQ_GEARHEAD_PROJECTION_OFF, NETWORK=UNMETERED, PROVISIONING_STATE=PROVISIONED)]
04-22 09:47:08.460 29193 29445 W Finsky  : [2934] tun.call(18): IQ: Resolved conflict: package=com.google.android.deskclock. oldConstraints=[(REQ_CHARGING, REQ_DEVICE_IDLE, REQ_GEARHEAD_PROJECTION_OFF, NETWORK=UNMETERED, PROVISIONING_STATE=PROVISIONED)], newConstraints=[(REQ_CHARGING, REQ_DEVICE_IDLE, REQ_GEARHEAD_PROJECTION_OFF, NETWORK=UNMETERED, PROVISIONING_STATE=PROVISIONED)]
04-22 09:47:08.463 29193 29445 W Finsky  : [2934] tun.call(18): IQ: Resolved conflict: package=com.google.android.dialer. oldConstraints=[(REQ_CHARGING, REQ_DEVICE_IDLE, REQ_GEARHEAD_PROJECTION_OFF, NETWORK=UNMETERED, PROVISIONING_STATE=PROVISIONED)], newConstraints=[(REQ_CHARGING, REQ_DEVICE_IDLE, REQ_GEARHEAD_PROJECTION_OFF, NETWORK=UNMETERED, PROVISIONING_STATE=PROVISIONED)]
04-22 09:47:08.467 29193 29445 W Finsky  : [2934] tun.call(18): IQ: Resolved conflict: package=com.google.android.gm. oldConstraints=[(REQ_CHARGING, REQ_DEVICE_IDLE, REQ_GEARHEAD_PROJECTION_OFF, NETWORK=UNMETERED, PROVISIONING_STATE=PROVISIONED)], newConstraints=[(REQ_CHARGING, REQ_DEVICE_IDLE, REQ_GEARHEAD_PROJECTION_OFF, NETWORK=UNMETERED, PROVISIONING_STATE=PROVISIONED)]
04-22 09:47:08.471 29193 29445 W Finsky  : [2934] tun.call(18): IQ: Resolved conflict: package=com.google.android.googlequicksearchbox. oldConstraints=[(REQ_CHARGING, REQ_DEVICE_IDLE, REQ_GEARHEAD_PROJECTION_OFF, NETWORK=UNMETERED, PROVISIONING_STATE=PROVISIONED)], newConstraints=[(REQ_CHARGING, REQ_DEVICE_IDLE, REQ_GEARHEAD_PROJECTION_OFF, NETWORK=UNMETERED, PROVISIONING_STATE=PROVISIONED)]
04-22 09:47:08.475 29193 29445 W Finsky  : [2934] tun.call(18): IQ: Resolved conflict: package=com.google.android.ims. oldConstraints=[(REQ_CHARGING, REQ_DEVICE_IDLE, REQ_GEARHEAD_PROJECTION_OFF, NETWORK=UNMETERED, PROVISIONING_STATE=PROVISIONED)], newConstraints=[(REQ_CHARGING, REQ_DEVICE_IDLE, REQ_GEARHEAD_PROJECTION_OFF, NETWORK=UNMETERED, PROVISIONING_STATE=PROVISIONED)]
04-22 09:47:08.479 29193 29445 W Finsky  : [2934] tun.call(18): IQ: Resolved conflict: package=com.google.android.inputmethod.latin. oldConstraints=[(REQ_CHARGING, REQ_DEVICE_IDLE, REQ_GEARHEAD_PROJECTION_OFF, NETWORK=UNMETERED, PROVISIONING_STATE=PROVISIONED)], newConstraints=[(REQ_CHARGING, REQ_DEVICE_IDLE, REQ_GEARHEAD_PROJECTION_OFF, NETWORK=UNMETERED, PROVISIONING_STATE=PROVISIONED)]
04-22 09:47:08.482 29193 29445 W Finsky  : [2934] tun.call(18): IQ: Resolved conflict: package=com.google.android.marvin.talkback. oldConstraints=[(REQ_CHARGING, REQ_DEVICE_IDLE, REQ_GEARHEAD_PROJECTION_OFF, NETWORK=UNMETERED, PROVISIONING_STATE=PROVISIONED)], newConstraints=[(REQ_CHARGING, REQ_DEVICE_IDLE, REQ_GEARHEAD_PROJECTION_OFF, NETWORK=UNMETERED, PROVISIONING_STATE=PROVISIONED)]
04-22 09:47:08.488 29193 29445 W Finsky  : [2934] tun.call(18): IQ: Resolved conflict: package=com.google.android.projection.gearhead. oldConstraints=[(REQ_CHARGING, REQ_DEVICE_IDLE, REQ_GEARHEAD_PROJECTION_OFF, NETWORK=UNMETERED, PROVISIONING_STATE=PROVISIONED)], newConstraints=[(REQ_CHARGING, REQ_DEVICE_IDLE, REQ_GEARHEAD_PROJECTION_OFF, NETWORK=UNMETERED, PROVISIONING_STATE=PROVISIONED)]
04-22 09:47:08.492 29193 29445 W Finsky  : [2934] tun.call(18): IQ: Resolved conflict: package=com.google.android.tts. oldConstraints=[(REQ_CHARGING, REQ_DEVICE_IDLE, REQ_GEARHEAD_PROJECTION_OFF, NETWORK=UNMETERED, PROVISIONING_STATE=PROVISIONED)], newConstraints=[(REQ_CHARGING, REQ_DEVICE_IDLE, REQ_GEARHEAD_PROJECTION_OFF, NETWORK=UNMETERED, PROVISIONING_STATE=PROVISIONED)]
04-22 09:47:08.495  2313  2313 W View    : requestLayout() improperly called by com.android.systemui.statusbar.HeadsUpStatusBarView{e5b882e I.E...... ......ID 0,0-248,56 #7f0a01f7 app:id/heads_up_status_bar_view} during layout: running second layout pass
04-22 09:47:08.496 29193 29445 W Finsky  : [2934] tun.call(18): IQ: Resolved conflict: package=com.google.android.videos. oldConstraints=[(REQ_CHARGING, REQ_DEVICE_IDLE, REQ_GEARHEAD_PROJECTION_OFF, NETWORK=UNMETERED, PROVISIONING_STATE=PROVISIONED)], newConstraints=[(REQ_CHARGING, REQ_DEVICE_IDLE, REQ_GEARHEAD_PROJECTION_OFF, NETWORK=UNMETERED, PROVISIONING_STATE=PROVISIONED)]
04-22 09:47:08.500 29193 29445 W Finsky  : [2934] tun.call(18): IQ: Resolved conflict: package=com.google.android.youtube. oldConstraints=[(REQ_CHARGING, REQ_DEVICE_IDLE, REQ_GEARHEAD_PROJECTION_OFF, NETWORK=UNMETERED, PROVISIONING_STATE=PROVISIONED)], newConstraints=[(REQ_CHARGING, REQ_DEVICE_IDLE, REQ_GEARHEAD_PROJECTION_OFF, NETWORK=UNMETERED, PROVISIONING_STATE=PROVISIONED)]
04-22 09:47:08.503 29193 29445 W Finsky  : [2934] tun.call(18): IQ: Resolved conflict: package=com.motorola.actions. oldConstraints=[(REQ_CHARGING, REQ_DEVICE_IDLE, REQ_GEARHEAD_PROJECTION_OFF, NETWORK=UNMETERED, PROVISIONING_STATE=PROVISIONED)], newConstraints=[(REQ_CHARGING, REQ_DEVICE_IDLE, REQ_GEARHEAD_PROJECTION_OFF, NETWORK=UNMETERED, PROVISIONING_STATE=PROVISIONED)]
04-22 09:47:08.507 29193 29445 W Finsky  : [2934] tun.call(18): IQ: Resolved conflict: package=com.motorola.fmplayer. oldConstraints=[(REQ_CHARGING, REQ_DEVICE_IDLE, REQ_GEARHEAD_PROJECTION_OFF, NETWORK=UNMETERED, PROVISIONING_STATE=PROVISIONED)], newConstraints=[(REQ_CHARGING, REQ_DEVICE_IDLE, REQ_GEARHEAD_PROJECTION_OFF, NETWORK=UNMETERED, PROVISIONING_STATE=PROVISIONED)]
04-22 09:47:08.510 29193 29445 W Finsky  : [2934] tun.call(18): IQ: Resolved conflict: package=com.motorola.genie. oldConstraints=[(REQ_CHARGING, REQ_DEVICE_IDLE, REQ_GEARHEAD_PROJECTION_OFF, NETWORK=UNMETERED, PROVISIONING_STATE=PROVISIONED)], newConstraints=[(REQ_CHARGING, REQ_DEVICE_IDLE, REQ_GEARHEAD_PROJECTION_OFF, NETWORK=UNMETERED, PROVISIONING_STATE=PROVISIONED)]
04-22 09:47:08.514 29193 29445 W Finsky  : [2934] tun.call(18): IQ: Resolved conflict: package=com.motorola.moto. oldConstraints=[(REQ_CHARGING, REQ_DEVICE_IDLE, REQ_GEARHEAD_PROJECTION_OFF, NETWORK=UNMETERED, PROVISIONING_STATE=PROVISIONED)], newConstraints=[(REQ_CHARGING, REQ_DEVICE_IDLE, REQ_GEARHEAD_PROJECTION_OFF, NETWORK=UNMETERED, PROVISIONING_STATE=PROVISIONED)]
04-22 09:47:08.517 29193 29445 W Finsky  : [2934] tun.call(18): IQ: Resolved conflict: package=com.motorola.motodisplay. oldConstraints=[(REQ_CHARGING, REQ_DEVICE_IDLE, REQ_GEARHEAD_PROJECTION_OFF, NETWORK=UNMETERED, PROVISIONING_STATE=PROVISIONED)], newConstraints=[(REQ_CHARGING, REQ_DEVICE_IDLE, REQ_GEARHEAD_PROJECTION_OFF, NETWORK=UNMETERED, PROVISIONING_STATE=PROVISIONED)]
04-22 09:47:08.519 29193 29445 W Finsky  : [2934] tun.call(18): IQ: Resolved conflict: package=com.motorola.timeweatherwidget. oldConstraints=[(REQ_CHARGING, REQ_DEVICE_IDLE, REQ_GEARHEAD_PROJECTION_OFF, NETWORK=UNMETERED, PROVISIONING_STATE=PROVISIONED)], newConstraints=[(REQ_CHARGING, REQ_DEVICE_IDLE, REQ_GEARHEAD_PROJECTION_OFF, NETWORK=UNMETERED, PROVISIONING_STATE=PROVISIONED)]
04-22 09:47:08.523 29193 29445 I Finsky  : [2934] twf.C(2): IQ: Notifying installation update. package=com.google.android.apps.subscriptions.red, status=SCHEDULED
04-22 09:47:08.528  2313  2313 W View    : requestLayout() improperly called by com.android.systemui.statusbar.HeadsUpStatusBarView{e5b882e I.E...... ......ID 0,0-248,56 #7f0a01f7 app:id/heads_up_status_bar_view} during layout: running second layout pass
04-22 09:47:08.549 29193 29445 I Finsky  : [2934] twf.C(2): IQ: Notifying installation update. package=com.google.android.youtube, status=SCHEDULED
04-22 09:47:08.556 29193 29445 I Finsky  : [2934] twf.C(2): IQ: Notifying installation update. package=com.google.android.googlequicksearchbox, status=SCHEDULED
04-22 09:47:08.562 29193 29445 I Finsky  : [2934] twf.C(2): IQ: Notifying installation update. package=com.google.android.apps.messaging, status=SCHEDULED
04-22 09:47:08.568 29193 29445 I Finsky  : [2934] twf.C(2): IQ: Notifying installation update. package=com.google.android.marvin.talkback, status=SCHEDULED
04-22 09:47:08.573 29193 29445 I Finsky  : [2934] twf.C(2): IQ: Notifying installation update. package=com.motorola.timeweatherwidget, status=SCHEDULED
04-22 09:47:08.580 29193 29445 I Finsky  : [2934] twf.C(2): IQ: Notifying installation update. package=com.google.android.deskclock, status=SCHEDULED
04-22 09:47:08.585 29193 29445 I Finsky  : [2934] twf.C(2): IQ: Notifying installation update. package=com.google.android.gm, status=SCHEDULED
04-22 09:47:08.590 29193 29445 I Finsky  : [2934] twf.C(2): IQ: Notifying installation update. package=com.google.android.apps.tachyon, status=SCHEDULED
04-22 09:47:08.595  2313  2313 W View    : requestLayout() improperly called by com.android.systemui.statusbar.HeadsUpStatusBarView{e5b882e I.E...... ......ID 0,0-248,56 #7f0a01f7 app:id/heads_up_status_bar_view} during layout: running second layout pass
04-22 09:47:08.597 29193 29445 I Finsky  : [2934] twf.C(2): IQ: Notifying installation update. package=com.google.android.apps.wellbeing, status=SCHEDULED
04-22 09:47:08.603 29193 29445 I Finsky  : [2934] twf.C(2): IQ: Notifying installation update. package=com.google.android.dialer, status=SCHEDULED
04-22 09:47:08.609 29193 29445 I Finsky  : [2934] twf.C(2): IQ: Notifying installation update. package=com.google.android.apps.nbu.files, status=SCHEDULED
04-22 09:47:08.616 29193 29445 I Finsky  : [2934] twf.C(2): IQ: Notifying installation update. package=com.google.android.apps.docs, status=SCHEDULED
04-22 09:47:08.622 29193 29445 I Finsky  : [2934] twf.C(2): IQ: Notifying installation update. package=com.google.android.apps.maps, status=SCHEDULED
04-22 09:47:08.628  2313  2313 W View    : requestLayout() improperly called by com.android.systemui.statusbar.HeadsUpStatusBarView{e5b882e I.E...... ......ID 0,0-248,56 #7f0a01f7 app:id/heads_up_status_bar_view} during layout: running second layout pass
04-22 09:47:08.629 29193 29445 I Finsky  : [2934] twf.C(2): IQ: Notifying installation update. package=com.google.android.contacts, status=SCHEDULED
04-22 09:47:08.636 29193 29445 I Finsky  : [2934] twf.C(2): IQ: Notifying installation update. package=com.google.android.ims, status=SCHEDULED
04-22 09:47:08.643 29193 29445 I Finsky  : [2934] twf.C(2): IQ: Notifying installation update. package=com.google.android.tts, status=SCHEDULED
04-22 09:47:08.651 29193 29445 I Finsky  : [2934] twf.C(2): IQ: Notifying installation update. package=com.motorola.genie, status=SCHEDULED
04-22 09:47:08.658 29193 29445 I Finsky  : [2934] twf.C(2): IQ: Notifying installation update. package=com.google.android.videos, status=SCHEDULED
04-22 09:47:08.666 29193 29445 I Finsky  : [2934] twf.C(2): IQ: Notifying installation update. package=com.google.android.apps.photos, status=SCHEDULED
04-22 09:47:08.673 29193 29445 I Finsky  : [2934] twf.C(2): IQ: Notifying installation update. package=com.google.android.calendar, status=SCHEDULED
04-22 09:47:08.680 29193 29445 I Finsky  : [2934] twf.C(2): IQ: Notifying installation update. package=com.motorola.moto, status=SCHEDULED
04-22 09:47:08.687 29193 29445 I Finsky  : [2934] twf.C(2): IQ: Notifying installation update. package=com.motorola.fmplayer, status=SCHEDULED
04-22 09:47:08.694 29193 29445 I Finsky  : [2934] twf.C(2): IQ: Notifying installation update. package=com.google.android.projection.gearhead, status=SCHEDULED
04-22 09:47:08.702 29193 29445 I Finsky  : [2934] twf.C(2): IQ: Notifying installation update. package=com.motorola.actions, status=SCHEDULED
04-22 09:47:08.709 29193 29445 I Finsky  : [2934] twf.C(2): IQ: Notifying installation update. package=com.google.android.apps.wallpaper, status=SCHEDULED
04-22 09:47:08.717 29193 29445 I Finsky  : [2934] twf.C(2): IQ: Notifying installation update. package=com.motorola.motodisplay, status=SCHEDULED
04-22 09:47:08.724 29193 29445 I Finsky  : [2934] twf.C(2): IQ: Notifying installation update. package=com.google.android.apps.youtube.music, status=SCHEDULED
04-22 09:47:08.731 29193 29445 I Finsky  : [2934] twf.C(2): IQ: Notifying installation update. package=com.google.android.inputmethod.latin, status=SCHEDULED
04-22 09:47:08.747 29193 29445 I Finsky  : [2934] twf.t(6): IQ: Pruning inactive install requests
04-22 09:47:08.748 29193 29445 I Finsky  : [2934] twf.t(41): IQ: No matching installs to run for jobs: []
04-22 09:47:09.021 29074 29074 D GservicesChangedObserverService: onStartJob
04-22 09:47:09.041 29074 29074 D GservicesChangedObserverService: scheduleJobService
04-22 09:47:10.148  8057  8057 D MCLOG   : [MC_Service] onStartcommand()
04-22 09:47:10.230   728  2384 I netd    : trafficSwapActiveStatsMap() <26.76ms>
04-22 09:47:10.234   728  2384 I netd    : tetherGetStats() <1.92ms>
04-22 09:47:10.317   728  2384 I netd    : trafficSwapActiveStatsMap() <39.37ms>
04-22 09:47:10.322   728  2384 I netd    : tetherGetStats() <3.13ms>
04-22 09:47:10.423  3334 29565 E MCINTLOG: [MC_BattStatsFactory] Adding uid 0
04-22 09:47:10.424  3334 29565 E MCINTLOG: [MC_BattStatsFactory] Adding uid 1000
04-22 09:47:10.424  3334 29565 E MCINTLOG: [MC_BattStatsFactory] Adding uid 1001
04-22 09:47:10.424  3334 29565 E MCINTLOG: [MC_BattStatsFactory] Adding uid 1002
04-22 09:47:10.424  3334 29565 E MCINTLOG: [MC_BattStatsFactory] Adding uid 1003
04-22 09:47:10.424  3334 29565 E MCINTLOG: [MC_BattStatsFactory] Adding uid 1007
