04-22 09:45:50.943  1749  1782 I ActivityManager: Start proc 27969:com.google.android.apps.wellbeing/u0a106 for service {com.google.android.apps.wellbeing/androidx.work.impl.background.systemjob.SystemJobService}
04-22 09:45:50.946  1749  2139 I WatchlistLoggingHandler: Start aggregating watchlist records.
04-22 09:45:50.953  1749  1749 V SettingsProvider: Notifying for 0: content://settings/global/network_watchlist_last_report_time
04-22 09:45:50.961  1749  1782 I ActivityManager: Start proc 27976:com.google.android.apps.photos/u0a183 for service {com.google.android.apps.photos/androidx.work.impl.background.systemjob.SystemJobService}
04-22 09:45:50.980  1749  1782 I ActivityManager: Start proc 27995:com.qualcomm.qti.qms.service.connectionsecurity/u0a99 for service {com.qualcomm.qti.qms.service.connectionsecurity/com.qualcomm.qti.qms.service.connectionsecurity.cloud.ReportJobService}
04-22 09:45:51.012  1749  1782 I ActivityManager: Start proc 28030:com.android.vending/u0a120 for service {com.android.vending/com.google.android.finsky.scheduler.process.mainimpl.PhoneskyJobServiceMain}
04-22 09:45:51.037  1749  1782 I ActivityManager: Start proc 28045:com.google.android.apps.magazines/u0a214 for service {com.google.android.apps.magazines/com.google.android.libraries.internal.growth.growthkit.internal.jobs.impl.GrowthKitJobService}
04-22 09:45:51.171  1749  3454 I DropBoxManagerService: add tag=keymaster isTagEnabled=true flags=0x0
04-22 09:45:51.318  1749  2139 I WatchlistLoggingHandler: Milliseconds spent on tryAggregateRecords(): 372
04-22 09:45:51.485  1749  2240 D ConnectivityService: Returning UNBLOCKED NetworkInfo to uid=10214
04-22 09:45:51.510  1749  5077 D ConnectivityService: requestNetwork for uid/pid:10214/28045 NetworkRequest [ TRACK_DEFAULT id=196, [ Capabilities: INTERNET&NOT_RESTRICTED&TRUSTED Uid: 10214] ]
04-22 09:45:51.599  1749  2255 D ConnectivityService: Blocked status changed to true for 10214(196) on netId 100
04-22 09:45:51.659  1749  1782 I ActivityManager: Start proc 28147:com.motorola.camera2/u0a148 for content provider {com.motorola.camera2/com.motorola.camera.provider.photos.PhotosProvider}
04-22 09:45:51.683  1749  3451 D ConnectivityService: requestNetwork for uid/pid:10120/28030 NetworkRequest [ TRACK_DEFAULT id=197, [ Capabilities: INTERNET&NOT_RESTRICTED&TRUSTED Uid: 10120] ]
04-22 09:45:51.729  1749  1782 I ActivityManager: Start proc 28180:com.google.process.gapps/u0a158 for content provider {com.google.android.gsf/com.google.android.gsf.settings.GoogleSettingsProvider}
04-22 09:45:52.104  1749 11122 D ConnectivityService: Returning UNBLOCKED NetworkInfo to uid=10120
04-22 09:45:52.195  1749  3487 W UriGrantsManagerService: No permission grants found for com.google.android.apps.photos
04-22 09:45:52.212  1749  3487 W UriGrantsManagerService: No permission grants found for com.google.android.apps.photos
04-22 09:45:52.337  1749 11122 I DropBoxManagerService: add tag=keymaster isTagEnabled=true flags=0x0
04-22 09:45:53.002  1749 11122 D ConnectivityService: Returning BLOCKED NetworkInfo to uid=10214
04-22 09:45:53.007  1749 11122 D ConnectivityService: requestNetwork for uid/pid:10214/28045 NetworkRequest [ TRACK_DEFAULT id=199, [ Capabilities: INTERNET&NOT_RESTRICTED&TRUSTED Uid: 10214] ]
04-22 09:45:53.061  1749 11122 W UriGrantsManagerService: No permission grants found for com.google.android.apps.photos
04-22 09:45:53.062  1749  3487 W UriGrantsManagerService: No permission grants found for com.google.android.apps.photos
04-22 09:45:53.178  1749  1781 W BroadcastQueue: Background execution not allowed: receiving Intent { act=android.intent.action.DROPBOX_ENTRY_ADDED flg=0x10 (has extras) } to com.google.android.gms/.stats.service.DropBoxEntryAddedReceiver
04-22 09:45:53.179  1749  1781 W BroadcastQueue: Background execution not allowed: receiving Intent { act=android.intent.action.DROPBOX_ENTRY_ADDED flg=0x10 (has extras) } to com.google.android.gms/.chimera.GmsIntentOperationService$PersistentTrustedReceiver
04-22 09:45:53.253  1749  3487 W UriGrantsManagerService: No permission grants found for com.google.android.apps.photos
04-22 09:45:53.253  1749  3487 W UriGrantsManagerService: No permission grants found for com.google.android.apps.photos
04-22 09:45:53.271  1749  3487 I ActivityManager: Killing 27474:com.google.android.apps.wallpaper/u0a196 (adj 985): empty #17
04-22 09:45:53.373  1749 11122 D ActivityManager: makeInactive, ProcessRecord{f6ac7be 27474:com.google.android.apps.wallpaper/u0a196}, clear holder.state
04-22 09:45:53.554  1749  1782 I ActivityManager: Start proc 28322:com.android.vending:download_service/u0a120 for service {com.android.vending/com.google.android.finsky.ipcservers.downloadservice.DownloadServiceGrpcServerAndroidService}
04-22 09:45:53.619  1749  1749 V SettingsProvider: Notifying for 0: content://settings/system/notification_sound_set
04-22 09:45:53.628  1749  1749 V SettingsProvider: Notifying for 0: content://settings/system/alarm_alert_set
04-22 09:45:53.634  1749  1749 V SettingsProvider: Notifying for 0: content://settings/system/ringtone_set
04-22 09:45:53.694  1749 11122 I ActivityManager: Killing 27256:com.google.android.calendar/u0a198 (adj 985): empty #17
04-22 09:45:53.848  1749  2039 D ActivityManager: makeInactive, ProcessRecord{abbd562 27256:com.google.android.calendar/u0a198}, clear holder.state
04-22 09:45:53.904 24881 24899 W Binder  : reply too large data on java level: InterfaceDescriptor = null, code = 46
04-22 09:45:53.929  1749  2039 D ConnectivityService: requestNetwork for uid/pid:10120/28322 NetworkRequest [ TRACK_DEFAULT id=201, [ Capabilities: INTERNET&NOT_RESTRICTED&TRUSTED Uid: 10120] ]
04-22 09:45:54.207 24881 27850 W PackageParser: Unknown element under <manifest>: queries at /data/user_de/0/com.google.android.gms/app_chimera/m/0000000a/AdsDynamite.apk Binary XML file line #5
04-22 09:45:54.318  1749  7787 W BroadcastQueue: Permission Denial: broadcasting Intent { act=com.google.android.checkin.CHECKIN_COMPLETE flg=0x1000010 (has extras) } from com.google.android.gms (pid=24881, uid=10158) is not exported from uid 10120 due to receiver com.android.vending/com.google.android.finsky.checkin.CheckinReceiver
04-22 09:45:54.327 24881 27850 W PackageParser: Unknown element under <manifest>: queries at /data/user_de/0/com.google.android.gms/app_chimera/m/00000018/dl-AdsFdrDynamite.integ_210890500100000.apk Binary XML file line #5
04-22 09:45:54.399  1749  7754 W ActivityManager: Background start not allowed: service Intent { cmp=com.google.android.apps.messaging/.shared.datamodel.action.execution.ActionExecutorImpl$EmptyService } to com.google.android.apps.messaging/.shared.datamodel.action.execution.ActionExecutorImpl$EmptyService from pid=27872 uid=10182 pkg=com.google.android.apps.messaging startFg?=false
04-22 09:45:54.404  1749  7754 W ActivityManager: Background start not allowed: service Intent { cmp=com.google.android.apps.messaging/.shared.datamodel.action.execution.ActionExecutorImpl$EmptyService } to com.google.android.apps.messaging/.shared.datamodel.action.execution.ActionExecutorImpl$EmptyService from pid=27872 uid=10182 pkg=com.google.android.apps.messaging startFg?=false
04-22 09:45:54.523  1749  7787 W ActivityManager: Background start not allowed: service Intent { cmp=com.google.android.apps.messaging/.shared.datamodel.action.execution.ActionExecutorImpl$EmptyService } to com.google.android.apps.messaging/.shared.datamodel.action.execution.ActionExecutorImpl$EmptyService from pid=27872 uid=10182 pkg=com.google.android.apps.messaging startFg?=false
04-22 09:45:54.629  1749  5077 D ConnectivityService: requestNetwork for uid/pid:10182/27872 NetworkRequest [ TRACK_DEFAULT id=202, [ Capabilities: INTERNET&NOT_RESTRICTED&TRUSTED Uid: 10182] ]
04-22 09:45:54.711 24881 24936 W PackageParser: Unknown element under <manifest>: queries at /data/user_de/0/com.google.android.gms/app_chimera/m/0000000a/AdsDynamite.apk Binary XML file line #5
04-22 09:45:54.876 24881 24936 W PackageParser: Unknown element under <manifest>: queries at /data/user_de/0/com.google.android.gms/app_chimera/m/00000018/dl-AdsFdrDynamite.integ_210890500100000.apk Binary XML file line #5
04-22 09:45:54.950  1749  1782 I ActivityManager: Start proc 28409:com.google.android.apps.docs.editors.docs/u0a210 for broadcast {com.google.android.apps.docs.editors.docs/com.google.android.libraries.phenotype.client.stable.PhenotypeUpdateBackgroundBroadcastReceiver}
04-22 09:45:55.582  1749  7787 I ActivityManager: Killing 27656:com.motorola.help/u0a64 (adj 985): empty #17
04-22 09:45:55.608  1749  1782 I ActivityManager: Start proc 28472:com.android.vending:instant_app_installer/u0a120 for broadcast {com.android.vending/com.google.android.finsky.instantapps.PhenotypeUpdateReceiver}
04-22 09:45:55.692 24881 27597 W PackageParser: Unknown element under <manifest>: queries at /data/user_de/0/com.google.android.gms/app_chimera/m/0000000a/AdsDynamite.apk Binary XML file line #5
04-22 09:45:55.716  1749  5077 D ActivityManager: makeInactive, ProcessRecord{7f1c645 27656:com.motorola.help/u0a64}, clear holder.state
04-22 09:45:55.830  1749  7754 I ActivityManager: Killing 27213:com.google.android.apps.turbo/u0a141 (adj 985): empty #17
04-22 09:45:55.897  1749  8013 D ActivityManager: makeInactive, ProcessRecord{8943671 27213:com.google.android.apps.turbo/u0a141}, clear holder.state
04-22 09:45:56.033  1749  1782 I ActivityManager: Start proc 28507:com.google.android.apps.docs.editors.slides/u0a212 for broadcast {com.google.android.apps.docs.editors.slides/com.google.android.libraries.phenotype.client.stable.PhenotypeUpdateBackgroundBroadcastReceiver}
04-22 09:45:56.046 24881 27597 W PackageParser: Unknown element under <manifest>: queries at /data/user_de/0/com.google.android.gms/app_chimera/m/00000018/dl-AdsFdrDynamite.integ_210890500100000.apk Binary XML file line #5
04-22 09:45:56.401  1749  2749 I ActivityManager: Killing 27284:com.android.providers.calendar/u0a59 (adj 985): empty #17
04-22 09:45:56.425  1749  1782 I ActivityManager: Start proc 28560:com.google.android.gms.ui/u0a158 for service {com.google.android.gms/com.google.android.gms.chimera.UiIntentOperationService}
04-22 09:45:56.491  1749  3454 D ActivityManager: makeInactive, ProcessRecord{b0a6ece 27284:com.android.providers.calendar/u0a59}, clear holder.state
04-22 09:45:56.596  1749  1782 I ActivityManager: Start proc 28582:com.google.android.apps.nbu.files/u0a124 for broadcast {com.google.android.apps.nbu.files/com.google.apps.tiktok.experiments.phenotype.ConfigurationUpdatedReceiver_Receiver}
04-22 09:45:57.075  1749  3484 I ActivityManager: Killing 28045:com.google.android.apps.magazines/u0a214 (adj 985): empty #17
04-22 09:45:57.159  1749  2240 D ConnectivityService: ConnectivityService NetworkRequestInfo binderDied(NetworkRequest [ TRACK_DEFAULT id=199, [ Capabilities: INTERNET&NOT_RESTRICTED&TRUSTED Uid: 10214] ], android.os.BinderProxy@20aad8d)
04-22 09:45:57.160  1749  3484 D ConnectivityService: ConnectivityService NetworkRequestInfo binderDied(NetworkRequest [ LISTEN id=200, [ Capabilities: INTERNET&NOT_RESTRICTED&TRUSTED&FOREGROUND Uid: 10214] ], android.os.BinderProxy@77b0b42)
04-22 09:45:57.160  1749  9826 D ConnectivityService: ConnectivityService NetworkRequestInfo binderDied(NetworkRequest [ TRACK_DEFAULT id=196, [ Capabilities: INTERNET&NOT_RESTRICTED&TRUSTED Uid: 10214] ], android.os.BinderProxy@3de1753)
04-22 09:45:57.160  1749  2255 D ConnectivityService: releasing NetworkRequest [ TRACK_DEFAULT id=199, [ Capabilities: INTERNET&NOT_RESTRICTED&TRUSTED Uid: 10214] ] (release request)
04-22 09:45:57.160  1749  5077 D ActivityManager: makeInactive, ProcessRecord{efbc13e 28045:com.google.android.apps.magazines/u0a214}, clear holder.state
04-22 09:45:57.162  1749  2255 D ConnectivityService: releasing NetworkRequest [ TRACK_DEFAULT id=196, [ Capabilities: INTERNET&NOT_RESTRICTED&TRUSTED Uid: 10214] ] (release request)
04-22 09:45:57.331  1749  1782 I ActivityManager: Start proc 28645:com.google.android.apps.docs.editors.sheets/u0a211 for broadcast {com.google.android.apps.docs.editors.sheets/com.google.android.libraries.phenotype.client.stable.PhenotypeUpdateBackgroundBroadcastReceiver}
04-22 09:45:57.659  1749  1789 I DisplayPowerController: Blocking screen on until initial contents have been drawn.
04-22 09:45:57.659  1749  1789 I WindowManager: Screen turning on...
04-22 09:45:57.660  1749 10173 D WindowManager: mKeyguardDelegate.ShowListener.onDrawn.
04-22 09:45:57.660  1749  1770 W WindowManager: Setting mKeyguardDrawComplete
04-22 09:45:57.683  1749  1789 V DisplayPowerController: Brightness [23] reason changing to: 'doze', previous reason: 'screen_off'.
04-22 09:45:57.686  1749  1772 I DisplayManagerService: Display device changed state: "Built-in Screen", ON
04-22 09:45:57.756  1749  1772 I WindowManager: All windows ready for display!
04-22 09:45:57.756  1749  1770 W WindowManager: Setting mWindowManagerDrawComplete
04-22 09:45:57.756  1749  1789 I DisplayPowerController: Unblocked screen on after 97 ms
04-22 09:45:57.901  1749  1749 V SettingsProvider: Notifying for 0: content://settings/config/appsearch/Phenotype_flags
04-22 09:45:57.903  1749  1749 V SettingsProvider: Notifying for 0: content://settings/config/appsearch/Phenotype_flags
04-22 09:45:57.933  1749  1749 V SettingsProvider: Notifying for 0: content://settings/config/ota/Phenotype_flags
04-22 09:45:57.934  1749  1749 V SettingsProvider: Notifying for 0: content://settings/config/ota/Phenotype_flags
04-22 09:45:58.052  1749  1782 I ActivityManager: Start proc 28710:com.google.android.apps.magazines/u0a214 for broadcast {com.google.android.apps.magazines/com.google.android.libraries.internal.growth.growthkit.internal.experiments.impl.PhenotypeBroadcastReceiver}
04-22 09:45:58.272  1749  3484 D ConnectivityService: requestNetwork for uid/pid:10214/28710 NetworkRequest [ TRACK_DEFAULT id=204, [ Capabilities: INTERNET&NOT_RESTRICTED&TRUSTED Uid: 10214] ]
04-22 09:45:58.397  1749  3484 I ActivityManager: Killing 19470:com.google.android.apps.turbo:aab/u0a141 (adj 985): empty #17
04-22 09:45:58.415  1749  1782 I ActivityManager: Start proc 28746:com.google.android.apps.chromecast.app/u0a209 for broadcast {com.google.android.apps.chromecast.app/com.google.android.apps.chromecast.app.util.phenotype.PhenotypeBroadcastReceiver}
04-22 09:45:58.480  1749  3486 D ActivityManager: makeInactive, ProcessRecord{6b21a53 19470:com.google.android.apps.turbo:aab/u0a141}, clear holder.state
04-22 09:45:58.536  1749  5605 D ConnectivityService: requestNetwork for uid/pid:10214/28710 NetworkRequest [ TRACK_DEFAULT id=205, [ Capabilities: INTERNET&NOT_RESTRICTED&TRUSTED Uid: 10214] ]
04-22 09:45:58.965 24881 25758 W Binder  : reply too large data on java level: InterfaceDescriptor = null, code = 46
04-22 09:45:59.123  1749  3486 I ActivityManager: Killing 27995:com.qualcomm.qti.qms.service.connectionsecurity/u0a99 (adj 985): empty #17
04-22 09:45:59.146  1749  1782 I ActivityManager: Start proc 28853:com.google.android.apps.subscriptions.red/u0a208 for broadcast {com.google.android.apps.subscriptions.red/com.google.android.libraries.internal.growth.growthkit.internal.experiments.impl.PhenotypeBroadcastReceiver}
04-22 09:45:59.190  1749  9826 D ActivityManager: makeInactive, ProcessRecord{d368642 27995:com.qualcomm.qti.qms.service.connectionsecurity/u0a99}, clear holder.state
04-22 09:45:59.549  1749  3485 I ActivityManager: Killing 27751:com.motorola.carriersettingsext/u0a104 (adj 985): empty #17
04-22 09:45:59.572  1749  1782 I ActivityManager: Start proc 28889:com.google.android.apps.walletnfcrel/u0a213 for broadcast {com.google.android.apps.walletnfcrel/com.google.android.libraries.notifications.entrypoints.phenotype.PhenotypeUpdateReceiver}
04-22 09:45:59.614  1749  3485 D ActivityManager: makeInactive, ProcessRecord{2ce9a43 27751:com.motorola.carriersettingsext/u0a104}, clear holder.state
04-22 09:46:00.025  1749  2646 W LocationProviderProxy: Odd, no component found for service com.android.location.service.v3.NetworkLocationProvider
04-22 09:46:00.219  1749  1749 W Looper  : Slow dispatch took 195ms main h=android.app.ActivityThread$H c=android.app.-$$Lambda$LoadedApk$ReceiverDispatcher$Args$_BumDX2UKsnxLVrE6UJsJZkotuA@8bb2667 m=0
04-22 09:46:00.219  1749  1749 W Looper  : Slow delivery took 208ms main h=android.app.ActivityThread$H c=android.app.-$$Lambda$LoadedApk$ReceiverDispatcher$Args$_BumDX2UKsnxLVrE6UJsJZkotuA@80cec14 m=0
04-22 09:46:00.263  1749  2387 D ConnectivityService: requestNetwork for uid/pid:10213/28889 NetworkRequest [ TRACK_DEFAULT id=207, [ Capabilities: INTERNET&NOT_RESTRICTED&TRUSTED Uid: 10213] ]
04-22 09:46:00.388  1749  1749 W Looper  : Slow dispatch took 160ms main h=android.app.ActivityThread$H c=android.app.-$$Lambda$LoadedApk$ReceiverDispatcher$Args$_BumDX2UKsnxLVrE6UJsJZkotuA@c4eaf41 m=0
04-22 09:46:00.388  1749  1749 I TelecomService: DefaultDialerCache: Refreshing default dialer for user 0: now com.google.android.dialer: DDC.oR@Ak8
04-22 09:46:00.488  1749  2749 I ActivityManager: Killing 27533:com.motorola.lifetimedata/u0a105 (adj 985): empty #17
04-22 09:46:00.491  1749  1749 W Looper  : Drained
04-22 09:46:00.533  1749  2749 D ActivityManager: makeInactive, ProcessRecord{235be9c 27533:com.motorola.lifetimedata/u0a105}, clear holder.state
04-22 09:46:00.772  1749  2749 W ActivityManager: Background start not allowed: service Intent { cmp=com.google.android.apps.messaging/.shared.datamodel.action.execution.ActionExecutorImpl$EmptyService } to com.google.android.apps.messaging/.shared.datamodel.action.execution.ActionExecutorImpl$EmptyService from pid=27872 uid=10182 pkg=com.google.android.apps.messaging startFg?=false
04-22 09:46:01.679  1749  1789 I DisplayPowerController: Blocking screen off
04-22 09:46:01.680  1749  1789 I DisplayPowerController: Unblocked screen off after 0 ms
04-22 09:46:01.693  1749  1789 I WindowManager: Screen turned off...
04-22 09:46:01.704  1749  1789 V DisplayPowerController: Brightness [0] reason changing to: 'screen_off', previous reason: 'doze'.
04-22 09:46:01.707  1749  1772 I DisplayManagerService: Display device changed state: "Built-in Screen", OFF
04-22 09:46:03.536  1749  2387 W BroadcastQueue: Permission Denial: receiving Intent { act=com.google.gservices.intent.action.GSERVICES_OVERRIDE flg=0x1000010 (has extras) } to com.google.android.ims/.receivers.RcsAutoStartReceiver requires com.google.android.providers.gsf.permission.WRITE_GSERVICES due to sender com.android.vending (uid 10120)
04-22 09:46:03.789  1749  8013 W AppOps  : Noting op not finished: uid 10158 pkg com.google.android.gms code 79 time=1619078198054 duration=-1618915622150
04-22 09:46:03.796  1749  7481 W AppOps  : Noting op not finished: uid 10158 pkg com.google.android.gms code 79 time=1619099163789 duration=0
04-22 09:46:03.833 24881 28396 W PackageParser: Unknown element under <manifest>: queries at /data/user_de/0/com.google.android.gms/app_chimera/m/0000000a/AdsDynamite.apk Binary XML file line #5
04-22 09:46:03.886 24881 28396 W PackageParser: Unknown element under <manifest>: queries at /data/user_de/0/com.google.android.gms/app_chimera/m/00000018/dl-AdsFdrDynamite.integ_210890500100000.apk Binary XML file line #5
04-22 09:46:03.914  1749  2917 W ProcessStats: Tracking association SourceState{fdf6762 com.google.android.gms.persistent/10158 ImpFg #77659} whose proc state 2 is better than process ProcessState{d084d42 com.google.android.gms/10158 pkg=com.google.android.gms} proc state 3 (17 skipped)
04-22 09:46:04.039 24881 25019 W Binder  : reply too large data on java level: InterfaceDescriptor = null, code = 46
04-22 09:46:04.041 24881 24933 W PackageParser: Unknown element under <manifest>: queries at /data/user_de/0/com.google.android.gms/app_chimera/m/0000000a/AdsDynamite.apk Binary XML file line #5
04-22 09:46:04.115 24881 24933 W PackageParser: Unknown element under <manifest>: queries at /data/user_de/0/com.google.android.gms/app_chimera/m/00000018/dl-AdsFdrDynamite.integ_210890500100000.apk Binary XML file line #5
04-22 09:46:07.204  1749  8013 I ActivityManager: Killing 26831:com.google.android.apps.tachyon/u0a199 (adj 975): empty #17
04-22 09:46:07.205  1749  8013 I ActivityManager: Killing 27969:com.google.android.apps.wellbeing/u0a106 (adj 985): empty #18
04-22 09:46:07.271  1749  8013 D ActivityManager: makeInactive, ProcessRecord{c0aa8b6 27969:com.google.android.apps.wellbeing/u0a106}, clear holder.state
04-22 09:46:07.283  1749  8013 D ConnectivityService: ConnectivityService NetworkRequestInfo binderDied(NetworkRequest [ TRACK_DEFAULT id=192, [ Capabilities: INTERNET&NOT_RESTRICTED&TRUSTED Uid: 10199] ], android.os.BinderProxy@9a54a92)
04-22 09:46:07.283  1749  5605 D ConnectivityService: ConnectivityService NetworkRequestInfo binderDied(NetworkRequest [ LISTEN id=193, [ Capabilities: INTERNET&NOT_RESTRICTED&TRUSTED Uid: 10199] ], android.os.BinderProxy@7056c63)
04-22 09:46:07.284  1749  2255 D ConnectivityService: releasing NetworkRequest [ TRACK_DEFAULT id=192, [ Capabilities: INTERNET&NOT_RESTRICTED&TRUSTED Uid: 10199] ] (release request)
04-22 09:46:07.284  1749  3454 D ActivityManager: makeInactive, ProcessRecord{73be462 26831:com.google.android.apps.tachyon/u0a199}, clear holder.state
04-22 09:46:07.512  1749  2039 W ActivityManager: stopServiceToken startId 19 is last, but have 1 remaining args
04-22 09:46:07.527  1749  3454 I ActivityManager: Killing 26863:com.google.android.dialer/u0a133 (adj 975): empty #17
04-22 09:46:07.576  1749  3454 D ConnectivityService: ConnectivityService NetworkRequestInfo binderDied(NetworkRequest [ TRACK_DEFAULT id=194, [ Capabilities: INTERNET&NOT_RESTRICTED&TRUSTED Uid: 10133] ], android.os.BinderProxy@c4f2dd5)
04-22 09:46:07.576  1749  2240 D ConnectivityService: ConnectivityService NetworkRequestInfo binderDied(NetworkRequest [ LISTEN id=195, [ Capabilities: INTERNET&NOT_RESTRICTED&TRUSTED Uid: 10133] ], android.os.BinderProxy@56b99ea)
04-22 09:46:07.577  1749  2255 D ConnectivityService: releasing NetworkRequest [ TRACK_DEFAULT id=194, [ Capabilities: INTERNET&NOT_RESTRICTED&TRUSTED Uid: 10133] ] (release request)
04-22 09:46:07.577  1749 11122 D ActivityManager: makeInactive, ProcessRecord{bbbe009 26863:com.google.android.dialer/u0a133}, clear holder.state
04-22 09:46:07.994  1749  1767 I ActivityManager: Killing 27872:com.google.android.apps.messaging/u0a182 (adj 975): empty #17
04-22 09:46:08.061  1749  5123 D ConnectivityService: ConnectivityService NetworkRequestInfo binderDied(NetworkRequest [ LISTEN id=203, [ Capabilities: INTERNET&NOT_RESTRICTED&TRUSTED Uid: 10182] ], android.os.BinderProxy@861d251)
04-22 09:46:08.061  1749  7481 D ConnectivityService: ConnectivityService NetworkRequestInfo binderDied(NetworkRequest [ TRACK_DEFAULT id=202, [ Capabilities: INTERNET&NOT_RESTRICTED&TRUSTED Uid: 10182] ], android.os.BinderProxy@b616ab6)
04-22 09:46:08.061  1749  2255 D ConnectivityService: releasing NetworkRequest [ TRACK_DEFAULT id=202, [ Capabilities: INTERNET&NOT_RESTRICTED&TRUSTED Uid: 10182] ] (release request)
04-22 09:46:08.062  1749  3482 D ActivityManager: makeInactive, ProcessRecord{bd776d7 27872:com.google.android.apps.messaging/u0a182}, clear holder.state
04-22 09:46:09.230  1749 11470 I ActivityManager: Killing 27508:android.process.acore/u0a51 (adj 975): empty #17
04-22 09:46:09.280  1749 11470 D ActivityManager: makeInactive, ProcessRecord{117c42 27508:android.process.acore/u0a51}, clear holder.state
04-22 09:46:10.267  1749  2646 W LocationProviderProxy: Odd, no component found for service com.android.location.service.v3.NetworkLocationProvider
04-22 09:46:10.307  1749  1749 W Looper  : Slow dispatch took 103ms main h=android.app.ActivityThread$H c=android.app.-$$Lambda$LoadedApk$ReceiverDispatcher$Args$_BumDX2UKsnxLVrE6UJsJZkotuA@85a3453 m=0
04-22 09:46:10.406  1749  1749 I TelecomService: DefaultDialerCache: Refreshing default dialer for user 0: now com.google.android.dialer: DDC.oR@AlM
04-22 09:46:12.953  1749  7481 I ActivityManager: Killing 28147:com.motorola.camera2/u0a148 (adj 975): empty #17
04-22 09:46:12.987  1749  7481 D ActivityManager: makeInactive, ProcessRecord{bafb423 28147:com.motorola.camera2/u0a148}, clear holder.state
04-22 09:46:13.553  1749  1782 I ActivityManager: Start proc 29063:com.google.android.configupdater/u0a112 for service {com.google.android.configupdater/com.google.android.configupdater.MainJobService}
04-22 09:46:13.572  1749  1782 I ActivityManager: Start proc 29074:com.google.android.apps.work.oobconfig/u0a118 for service {com.google.android.apps.work.oobconfig/com.google.android.apps.work.oobconfig.gservices.GservicesChangedObserverService}
04-22 09:46:13.812  1749  7481 I ActivityManager: Killing 28409:com.google.android.apps.docs.editors.docs/u0a210 (adj 975): empty #17
04-22 09:46:13.875  1749  7481 D ActivityManager: makeInactive, ProcessRecord{8875016 28409:com.google.android.apps.docs.editors.docs/u0a210}, clear holder.state
04-22 09:46:13.937  1749 11470 I ActivityManager: Killing 28507:com.google.android.apps.docs.editors.slides/u0a212 (adj 975): empty #17
04-22 09:46:13.993  1749  1767 D ActivityManager: makeInactive, ProcessRecord{64786e6 28507:com.google.android.apps.docs.editors.slides/u0a212}, clear holder.state
04-22 09:46:14.716  1749  3485 I ActivityManager: Killing 28560:com.google.android.gms.ui/u0a158 (adj 975): empty #17
04-22 09:46:14.767  1749  2240 D ActivityManager: makeInactive, ProcessRecord{2375dfe 28560:com.google.android.gms.ui/u0a158}, clear holder.state
04-22 09:46:15.040  1749  2054 D BatteryService: uevent={POWER_SUPPLY_DP_DM=0, POWER_SUPPLY_VOLTAGE_NOW=3796783, POWER_SUPPLY_SW_JEITA_ENABLED=0, POWER_SUPPLY_CHARGE_CONTROL_LIMIT_MAX=8, POWER_SUPPLY_RECHARGE_SOC=99, POWER_SUPPLY_HEALTH=Good, POWER_SUPPLY_TECHNOLOGY=Li-ion, POWER_SUPPLY_FCC_STEPPER_ENABLE=0, SEQNUM=612394, POWER_SUPPLY_INPUT_CURRENT_LIMITED=0, POWER_SUPPLY_CHARGE_CONTROL_LIMIT=0, POWER_SUPPLY_BATTERY_CHARGING_ENABLED=1, POWER_SUPPLY_STATUS=Discharging, POWER_SUPPLY_CYCLE_COUNT=1, POWER_SUPPLY_CURRENT_MAX=2000000, POWER_SUPPLY_CHARGE_TERM_CURRENT=-101, POWER_SUPPLY_CAPACITY=44, DEVPATH=/devices/platform/soc/200f000.qcom,spmi/spmi-0/spmi0-02/200f000.qcom,spmi:qcom,pmi632@2:qcom,qpnp-smb5/power_supply/battery, POWER_SUPPLY_CHARGE_DONE=0, POWER_SUPPLY_CHARGE_TYPE=N/A, POWER_SUPPLY_CHARGE_RATE=None, POWER_SUPPLY_CURRENT_NOW=-160522, POWER_SUPPLY_SYSTEM_TEMP_LEVEL=0, POWER_SUPPLY_PRESENT=1, POWER_SUPPLY_PARALLEL_DISABLE=0, POWER_SUPPLY_CHARGE_FULL=3615000, SUBSYSTEM=power_supply, POWER_SUPPLY_SET_SHIP_MODE=0, POWER_SUPPLY_TEMP=215, ACTION=change, POWER_SUPPLY_RERUN_AICL=0, POWER_SUPPLY_AGE=100, POWER_SUPPLY_NAME=battery, POWER_SUPPLY_VOLTAGE_MAX=-22, POWER_SUPPLY_CONSTANT_CHARGE_CURRENT_MAX=2000000, POWER_SUPPLY_CHARGE_COUNTER=1554450, POWER_SUPPLY_STEP_CHARGING_ENABLED=0, POWER_SUPPLY_NUM_SYSTEM_TEMP_LEVELS=8, POWER_SUPPLY_DIE_HEALTH=Hot, POWER_SUPPLY_INPUT_SUSPEND=0}
04-22 09:46:16.186  1749  1789 I DisplayPowerController: Blocking screen on until initial contents have been drawn.
04-22 09:46:16.186  1749  1789 I WindowManager: Screen turning on...
04-22 09:46:16.187  1749  2240 D WindowManager: mKeyguardDelegate.ShowListener.onDrawn.
04-22 09:46:16.187  1749  1770 W WindowManager: Setting mKeyguardDrawComplete
04-22 09:46:16.208  1749  1789 V DisplayPowerController: Brightness [23] reason changing to: 'doze', previous reason: 'screen_off'.
04-22 09:46:16.209  1749  1772 I DisplayManagerService: Display device changed state: "Built-in Screen", ON
--------- beginning of main
04-22 09:46:16.263  1274  1480 D [gf_ca_entry]: [gf_ca_logdump] exit
04-22 09:46:16.263  1274  1480 D [gf_sec_ion]: [gf_sec_ion_free] enter
04-22 09:46:16.263  1274  1480 D [gf_sec_ion]: [gf_sec_ion_free] gf_sec_ion_free ion_local_flag is not true
04-22 09:46:16.263  1274  1480 D [gf_sec_ion]: [gf_sec_ion_free] exit
04-22 09:46:16.263  1274  1480 D [gf_ca_entry]: [gf_ta_send_modified_cmd_req] exit
04-22 09:46:16.263  1274  1480 D [gf_ca_entry]: [gf_ca_invoke_command] gx_ta_send_modified_cmd_req success
04-22 09:46:16.263  1274  1480 D [gf_ca_entry]: [gf_ca_invoke_command] ta execution succeed
04-22 09:46:16.263  1274  1480 D [gf_ca_entry]: [gf_ca_invoke_command] exit
04-22 09:46:16.281  1749  1772 I WindowManager: All windows ready for display!
04-22 09:46:16.281  1749  1770 W WindowManager: Setting mWindowManagerDrawComplete
04-22 09:46:16.282  1749  1789 I DisplayPowerController: Unblocked screen on after 96 ms
04-22 09:46:16.348  2508  2535 W m.android.phon: Reducing the number of considered missed Gc histogram windows from 279 to 100
04-22 09:46:16.488   878   878 D SurfaceFlinger: Finished setting power mode 2 on display 0
04-22 09:46:16.488  1749  2288 D SurfaceControl: Excessive delay in setPowerMode()
04-22 09:46:16.992     0     0 W swapper/3: type=1400 audit(0.0:2029): avc: denied { kill } for uid=0 capability=5 scontext=u:r:kernel:s0 tcontext=u:r:kernel:s0 tclass=capability permissive=0
04-22 09:46:17.618 21153 21380 I WorkerManager: dispose()
04-22 09:46:18.975  2313 17607 I MotoDisplayManager: MotoDisplayCallback setScreenBrightness<brightness>0
04-22 09:46:19.149   812  1044 W qti_sensors_hal: processReportInd: lux: 67, ch0: 194, ch1: 403
04-22 09:46:19.153  2313 17607 I MotoDisplayManager: MotoDisplayCallback setScreenBrightness<brightness>38
04-22 09:46:19.202   728 29135 E ResolverController: No valid NAT64 prefix (100, <unspecified>/0)
04-22 09:46:19.240 18334 18334 W MotoDisplay: Animator not initialized. Ignoring advance.
04-22 09:46:19.323 18334 18334 I chatty  : uid=10167(com.motorola.motodisplay) identical 96 lines
04-22 09:46:19.338 18334 18334 W MotoDisplay: Animator not initialized. Ignoring advance.
04-22 09:46:19.344   812  1668 D NativeSensors: CapSensor:  mPendingEvent.distance=0.000000
04-22 09:46:19.357 18334 18334 W MotoDisplay: Animator not initialized. Ignoring advance.
04-22 09:46:19.571 18334 18334 W MotoDisplay: Animator not initialized. Ignoring advance.
04-22 09:46:19.587 18334 18334 I MotoDisplay: Acquiring partial wakelock MotoDisplayWakeLock for 500ms.
04-22 09:46:19.589 18334 18334 I MotoDisplay: Start logging time for trigger Type: GLANCE_GESTURE GlanceType: GLANCE_GESTURE_EXIT_FLATUP
04-22 09:46:19.589 18334 18334 I MotoDisplay: Glance Sensor Event Gesture Type: 2
04-22 09:46:19.590 18334 18334 I MotoDisplay: pulse - trigger: Type: GLANCE_GESTURE GlanceType: GLANCE_GESTURE_EXIT_FLATUP is pulsing: true is paused: false
04-22 09:46:19.590 18334 18334 I MotoDisplay: Acquiring partial wakelock MotoDisplayWakeLock for 500ms.
04-22 09:46:19.599 18334 18334 I MotoDisplay: isPulseAllowed: true
04-22 09:46:19.600 18334 18334 I MotoDisplay: Time elapsed since sensor trigger Type: GLANCE_GESTURE GlanceType: GLANCE_GESTURE_EXIT_FLATUP is 10 ms
04-22 09:46:19.600 18334 18334 I MotoDisplay: Releasing wakelock: MotoDisplayWakeLock
04-22 09:46:19.602 18334 18334 W MotoDisplay: Animator not initialized. Ignoring advance.
04-22 09:46:19.989 18334 18334 W MotoDisplay: Animator not initialized. Ignoring advance.
04-22 09:46:20.063   812  1044 W qti_sensors_hal: processReportInd: lux: 19, ch0: 61, ch1: 17
04-22 09:46:20.138 18334 18334 W MotoDisplay: Animator not initialized. Ignoring advance.
04-22 09:46:20.439 18334 18334 W MotoDisplay: Animator not initialized. Ignoring advance.
04-22 09:46:20.451   812  1044 W qti_sensors_hal: processReportInd: lux: 32, ch0: 92, ch1: 17
04-22 09:46:20.455 18334 18334 W MotoDisplay: Animator not initialized. Ignoring advance.
04-22 09:46:20.580 18334 18334 W MotoDisplay: Animator not initialized. Ignoring advance.
04-22 09:46:20.581   812  1044 W qti_sensors_hal: processReportInd: lux: 59, ch0: 146, ch1: 17
04-22 09:46:20.605 18334 18334 W MotoDisplay: Animator not initialized. Ignoring advance.
04-22 09:46:20.838 18334 18334 W MotoDisplay: Animator not initialized. Ignoring advance.
04-22 09:46:20.842   812  1044 W qti_sensors_hal: processReportInd: lux: 78, ch0: 192, ch1: 400
04-22 09:46:20.855 18334 18334 W MotoDisplay: Animator not initialized. Ignoring advance.
04-22 09:46:20.906 18334 18334 W MotoDisplay: Animator not initialized. Ignoring advance.
04-22 09:46:20.919 18334 18334 W MotoDisplay: Animator not initialized. Ignoring advance.
04-22 09:46:21.072 18334 18334 W MotoDisplay: Animator not initialized. Ignoring advance.
04-22 09:46:21.074   728 29136 E ResolverController: No valid NAT64 prefix (100, <unspecified>/0)
04-22 09:46:21.086 21460 27858 I chatty  : uid=10158(com.google.android.gms) lowpool[148] expire 8 lines
04-22 09:46:21.089 18334 18334 W MotoDisplay: Animator not initialized. Ignoring advance.
04-22 09:46:21.097 21460 27504 I chatty  : uid=10158 com.google.android.gms.persistent expire 9 lines
04-22 09:46:21.105 18334 18334 W MotoDisplay: Animator not initialized. Ignoring advance.
04-22 09:46:21.367 18334 18334 W MotoDisplay: Animator not initialized. Ignoring advance.
04-22 09:46:21.649   812  1668 D NativeSensors: CapSensor:  mPendingEvent.distance=2.000000
04-22 09:46:21.765 27576 29061 V DownloadManager: Deleting /data/data/com.android.providers.downloads/cache/downloadfile.bin via provider delete
04-22 09:46:22.017 27576 29138 D DownloadManager: [30] Starting {Google Play} by {10120:com.android.vending}
04-22 09:46:22.044 27576 29138 D NetworkSecurityConfig: No Network Security Config specified, using platform default
04-22 09:46:22.045 27576 29138 D NetworkSecurityConfig: No Network Security Config specified, using platform default
04-22 09:46:22.052   728 29139 E ResolverController: No valid NAT64 prefix (100, <unspecified>/0)
04-22 09:46:22.054   728  1298 D NetdFwmarkServer: Cmd 2: 100, 10054: UserP=3, fwmark=F0064
04-22 09:46:22.055   728  1298 D NetdFwmarkServer: Cmd 1: 0, 10054: UserP=3, fwmark=F0064
04-22 09:46:22.055   728  1298 D NetdFwmarkServer: Cmd 6: 0, 10054: UserP=3, fwmark=F0064
04-22 09:46:22.175 18334 18334 I MotoDisplay: Acquiring partial wakelock MotoDisplayWakeLock for 500ms.
04-22 09:46:22.180 18334 18334 I MotoDisplay: Releasing wakelock: MotoDisplayWakeLock
04-22 09:46:22.231  2313  2313 W View    : requestLayout() improperly called by com.android.systemui.statusbar.HeadsUpStatusBarView{e5b882e I.E...... ......ID 0,0-248,56 #7f0a01f7 app:id/heads_up_status_bar_view} during layout: running second layout pass
04-22 09:46:22.261   728 29142 E ResolverController: No valid NAT64 prefix (100, <unspecified>/0)
04-22 09:46:22.264   728  1298 D NetdFwmarkServer: Cmd 2: 100, 10054: UserP=3, fwmark=F0064
04-22 09:46:22.265   728  1298 D NetdFwmarkServer: Cmd 1: 0, 10054: UserP=3, fwmark=F0064
04-22 09:46:22.266   728  1298 D NetdFwmarkServer: Cmd 6: 0, 10054: UserP=3, fwmark=F0064
04-22 09:46:22.541 18334 18334 I MotoDisplay: Acquiring partial wakelock MotoDisplayWakeLock for 500ms.
04-22 09:46:22.547 18334 18334 I MotoDisplay: Releasing wakelock: MotoDisplayWakeLock
04-22 09:46:22.557  2313  2313 W View    : requestLayout() improperly called by com.android.systemui.statusbar.HeadsUpStatusBarView{e5b882e I.E...... ......ID 0,0-248,56 #7f0a01f7 app:id/heads_up_status_bar_view} during layout: running second layout pass
04-22 09:46:22.582 27576 29138 D Checkin : publish the event [tag = MOT_MEDIA_STATS_L3 event name = FILE_DOWNLOAD]
04-22 09:46:22.583 27576 29138 D DownloadManager: [30] Finished with status SUCCESS
04-22 09:46:22.592  2313  2313 W View    : requestLayout() improperly called by com.android.systemui.statusbar.HeadsUpStatusBarView{e5b882e I.E...... ......ID 0,0-248,56 #7f0a01f7 app:id/heads_up_status_bar_view} during layout: running second layout pass
04-22 09:46:22.670 18334 18334 I MotoDisplay: Acquiring partial wakelock MotoDisplayWakeLock for 500ms.
04-22 09:46:22.672 18334 18334 I MotoDisplay: Releasing wakelock: MotoDisplayWakeLock
04-22 09:46:22.676 18334 18334 I MotoDisplay: Acquiring partial wakelock MotoDisplayWakeLock for 500ms.
04-22 09:46:22.680  2313  2313 W View    : requestLayout() improperly called by com.android.systemui.statusbar.HeadsUpStatusBarView{e5b882e I.E...... ......ID 0,0-248,56 #7f0a01f7 app:id/heads_up_status_bar_view} during layout: running second layout pass
04-22 09:46:22.683 18334 18334 I MotoDisplay: Acquiring partial wakelock MotoDisplayWakeLock for 500ms.
04-22 09:46:22.683 18334 18334 E MotoDisplay: Notification not found: [Key: -1623313509, groupKey: -1623313509]
04-22 09:46:22.684 18334 18334 I MotoDisplay: Releasing wakelock: MotoDisplayWakeLock
04-22 09:46:22.695 27576 29143 D DownloadManager: [31] Starting {Google Play} by {10120:com.android.vending}
04-22 09:46:22.719 27576 29143 D NetworkSecurityConfig: No Network Security Config specified, using platform default
04-22 09:46:22.720 27576 29143 D NetworkSecurityConfig: No Network Security Config specified, using platform default
04-22 09:46:22.725  2313  2313 W View    : requestLayout() improperly called by com.android.systemui.statusbar.HeadsUpStatusBarView{e5b882e I.E...... ......ID 0,0-248,56 #7f0a01f7 app:id/heads_up_status_bar_view} during layout: running second layout pass
04-22 09:46:22.728   728  1298 D NetdFwmarkServer: Cmd 2: 100, 10054: UserP=3, fwmark=F0064
04-22 09:46:22.728   728  1298 D NetdFwmarkServer: Cmd 1: 0, 10054: UserP=3, fwmark=F0064
04-22 09:46:22.729   728  1298 D NetdFwmarkServer: Cmd 6: 0, 10054: UserP=3, fwmark=F0064
04-22 09:46:22.825 18334 18334 I MotoDisplay: Acquiring partial wakelock MotoDisplayWakeLock for 500ms.
04-22 09:46:22.830 18334 18334 I MotoDisplay: Releasing wakelock: MotoDisplayWakeLock
04-22 09:46:22.893  2313  2313 W View    : requestLayout() improperly called by com.android.systemui.statusbar.HeadsUpStatusBarView{e5b882e I.E...... ......ID 0,0-248,56 #7f0a01f7 app:id/heads_up_status_bar_view} during layout: running second layout pass
04-22 09:46:22.899   728 29145 E ResolverController: No valid NAT64 prefix (100, <unspecified>/0)
04-22 09:46:22.901   728  1298 D NetdFwmarkServer: Cmd 2: 100, 10054: UserP=3, fwmark=F0064
04-22 09:46:22.902   728  1298 D NetdFwmarkServer: Cmd 1: 0, 10054: UserP=3, fwmark=F0064
04-22 09:46:22.903   728  1298 D NetdFwmarkServer: Cmd 6: 0, 10054: UserP=3, fwmark=F0064
04-22 09:46:23.176 18334 18334 I MotoDisplay: Acquiring partial wakelock MotoDisplayWakeLock for 500ms.
04-22 09:46:23.180 18334 18334 I MotoDisplay: Releasing wakelock: MotoDisplayWakeLock
04-22 09:46:23.184  2313  2313 W View    : requestLayout() improperly called by com.android.systemui.statusbar.HeadsUpStatusBarView{e5b882e I.E...... ......ID 0,0-248,56 #7f0a01f7 app:id/heads_up_status_bar_view} during layout: running second layout pass
04-22 09:46:23.226  2313  2313 W View    : requestLayout() improperly called by com.android.systemui.statusbar.HeadsUpStatusBarView{e5b882e I.E...... ......ID 0,0-248,56 #7f0a01f7 app:id/heads_up_status_bar_view} during layout: running second layout pass
04-22 09:46:23.300 18334 18334 I MotoDisplay: Acquiring partial wakelock MotoDisplayWakeLock for 500ms.
04-22 09:46:23.304 18334 18334 I MotoDisplay: Releasing wakelock: MotoDisplayWakeLock
04-22 09:46:23.313  2313  2313 W View    : requestLayout() improperly called by com.android.systemui.statusbar.HeadsUpStatusBarView{e5b882e I.E...... ......ID 0,0-248,56 #7f0a01f7 app:id/heads_up_status_bar_view} during layout: running second layout pass
04-22 09:46:23.360  2313  2313 W View    : requestLayout() improperly called by com.android.systemui.statusbar.HeadsUpStatusBarView{e5b882e I.E...... ......ID 0,0-248,56 #7f0a01f7 app:id/heads_up_status_bar_view} during layout: running second layout pass
04-22 09:46:23.523   728  2384 I netd    : trafficSwapActiveStatsMap() <36.41ms>
04-22 09:46:23.533   728  2384 I netd    : tetherGetStats() <4.19ms>
04-22 09:46:23.564   728  2384 I netd    : bandwidthSetGlobalAlert(2097152) <0.49ms>
04-22 09:46:23.948  2313 17607 I MotoDisplayManager: MotoDisplayCallback setScreenBrightness<brightness>0
04-22 09:46:24.120 27576 29143 D Checkin : publish the event [tag = MOT_MEDIA_STATS_L3 event name = FILE_DOWNLOAD]
04-22 09:46:24.121 27576 29143 D DownloadManager: [31] Finished with status SUCCESS
04-22 09:46:24.244 18334 18334 I MotoDisplay: Acquiring partial wakelock MotoDisplayWakeLock for 500ms.
04-22 09:46:24.251 18334 18334 I MotoDisplay: Releasing wakelock: MotoDisplayWakeLock
04-22 09:46:24.253 18334 18334 I MotoDisplay: Acquiring partial wakelock MotoDisplayWakeLock for 500ms.
04-22 09:46:24.261 18334 18334 I MotoDisplay: Acquiring partial wakelock MotoDisplayWakeLock for 500ms.
04-22 09:46:24.262 18334 18334 E MotoDisplay: Notification not found: [Key: -1623313509, groupKey: -1623313509]
04-22 09:46:24.263 18334 18334 I MotoDisplay: Releasing wakelock: MotoDisplayWakeLock
04-22 09:46:24.267  2313  2313 W View    : requestLayout() improperly called by com.android.systemui.statusbar.HeadsUpStatusBarView{e5b882e I.E...... ......ID 0,0-248,56 #7f0a01f7 app:id/heads_up_status_bar_view} during layout: running second layout pass
04-22 09:46:24.291  2313  2313 W View    : requestLayout() improperly called by com.android.systemui.statusbar.HeadsUpStatusBarView{e5b882e I.E...... ......ID 0,0-248,56 #7f0a01f7 app:id/heads_up_status_bar_view} during layout: running second layout pass
04-22 09:46:25.147 18334 18334 I MotoDisplay: Request System UI to turn display OFF.
04-22 09:46:25.148  2313 17607 I MotoDisplayManager: MotoDisplayCallback requestScreenOff
04-22 09:46:25.149 18334 18334 I MotoDisplay: Acquiring partial wakelock MotoDisplayWakeLock for 500ms.
04-22 09:46:25.156 18334 18334 I MotoDisplay: Releasing wakelock: MotoDisplayWakeLock
04-22 09:46:25.160  1749  1789 I DisplayPowerController: Blocking screen off
04-22 09:46:25.160  1749  1789 I DisplayPowerController: Unblocked screen off after 1 ms
04-22 09:46:25.189  1749  1789 I WindowManager: Screen turned off...
04-22 09:46:25.198  2508  2508 D QtiCarrierConfigHelper: WARNING, no carrier configs on phone Id: 0
04-22 09:46:25.211  1749  8013 I ActivityManager: Killing 28582:com.google.android.apps.nbu.files/u0a124 (adj 985): empty #17
04-22 09:46:25.223  1749  1789 V DisplayPowerController: Brightness [0] reason changing to: 'screen_off', previous reason: 'doze'.
04-22 09:46:25.223  1749  1772 I DisplayManagerService: Display device changed state: "Built-in Screen", OFF
04-22 09:46:25.228   878   878 D SurfaceFlinger: Setting power mode 0 on display 0
04-22 09:46:25.229   825   898 I SDM     : DisplayBase::SetDisplayState: Set state = 0, display 0
04-22 09:46:25.232  2313  2313 D StatusBar: disable<e i a s b H R c s > disable2<q i n >
04-22 09:46:25.235  2313  2313 D StatusBar: disable<e i a s b H R c s > disable2<q i n >
04-22 09:46:25.240   812  1655 W qti_sensors_hal: reportSingleEvent: NearBy 0, pData 1623,  highThd 5001
04-22 09:46:25.253  2627  2692 I QcrilOemhookMsgTunnel: [0]processOemHookResponse serial no: -1 error: 0length=1
04-22 09:46:25.253  2627  2692 E QcrilOemhookMsgTunnel: [0]Unexpected serial number in solicited response!serial: -1 error: 0
04-22 09:46:25.265   729   729 I Zygote  : Process 28582 exited due to signal 9 (Killed)
04-22 09:46:25.276  1274  1274 W fingerprint@2.1: type=1400 audit(0.0:2030): avc: denied { read } for uid=1000 name="u:object_r:default_prop:s0" dev="tmpfs" ino=6623 scontext=u:r:hal_fingerprint_default:s0 tcontext=u:object_r:default_prop:s0 tclass=file permissive=0
04-22 09:46:25.280  1274  1480 I [GF_HAL][gf_hal]: [gf_hal_screen_off]
04-22 09:46:25.280  1274  1480 D [gf_ca_entry]: [gf_ca_invoke_command] enter
04-22 09:46:25.280  1274  1480 D [gf_ca_entry]: [gf_ta_send_modified_cmd_req] enter
04-22 09:46:25.280  1274  1480 D [gf_ca_entry]: [gf_ta_send_modified_cmd_req] begin token 137, cmd_id=1018
04-22 09:46:25.280  1274  1480 D [gf_ca_entry]: [gf_ca_get_logbuf_length] enter
04-22 09:46:25.280  1274  1480 E libc    : Access denied finding property "gf.debug.dump_talog_data"
04-22 09:46:25.280  1274  1480 D [gf_ca_entry]: [gf_ca_get_logbuf_length] exit
04-22 09:46:25.280  1274  1480 D [gf_sec_ion]: [gf_sec_ion_malloc] enter
04-22 09:46:25.280  1274  1480 D [gf_sec_ion]: [gf_sec_ion_malloc] gf_sec_ion_malloc data_size = 128
04-22 09:46:25.280  1274  1480 D [gf_sec_ion]: [gf_sec_ion_malloc] exit
04-22 09:46:25.280  1274  1480 D [gf_ca_entry]: [gf_ta_send_modified_cmd_req] whitebox is enabled.
04-22 09:46:25.280  1749  1783 I libprocessgroup: Successfully killed process cgroup uid 10124 pid 28582 in 68ms
04-22 09:46:25.301  1274  1480 D [gf_ca_entry]: [gf_ca_logdump] enter
04-22 09:46:25.301  1274  1480 D [gf_ca_entry]: [gf_ca_logdump] exit
04-22 09:46:25.301  1274  1480 D [gf_sec_ion]: [gf_sec_ion_free] enter
04-22 09:46:25.301  1274  1480 D [gf_sec_ion]: [gf_sec_ion_free] gf_sec_ion_free ion_local_flag is not true
04-22 09:46:25.301  1274  1480 D [gf_sec_ion]: [gf_sec_ion_free] exit
04-22 09:46:25.301  1274  1480 D [gf_ca_entry]: [gf_ta_send_modified_cmd_req] exit
04-22 09:46:25.301  1274  1480 D [gf_ca_entry]: [gf_ca_invoke_command] gx_ta_send_modified_cmd_req success
04-22 09:46:25.301  1274  1480 D [gf_ca_entry]: [gf_ca_invoke_command] ta execution succeed
04-22 09:46:25.301  1274  1480 D [gf_ca_entry]: [gf_ca_invoke_command] exit
04-22 09:46:25.615   878   878 D SurfaceFlinger: Finished setting power mode 0 on display 0
04-22 09:46:25.615  1749  2288 D SurfaceControl: Excessive delay in setPowerMode()
04-22 09:46:25.625  1749  3451 D ActivityManager: makeInactive, ProcessRecord{824f748 28582:com.google.android.apps.nbu.files/u0a124}, clear holder.state
04-22 09:46:25.626  1749  1770 W Looper  : Slow dispatch took 397ms android.ui h=android.hardware.display.DisplayManagerGlobal$DisplayListenerDelegate c=null m=2
04-22 09:46:25.694  1749  3475 I ActivityManager: Killing 26432:com.google.android.contacts/u0a178 (adj 975): empty #17
04-22 09:46:25.696  1749  3475 I ActivityManager: Killing 28645:com.google.android.apps.docs.editors.sheets/u0a211 (adj 975): empty #18
04-22 09:46:25.748  1749  3487 D ActivityManager: makeInactive, ProcessRecord{319fde8 26432:com.google.android.contacts/u0a178}, clear holder.state
04-22 09:46:25.749   729   729 I Zygote  : Process 26432 exited due to signal 9 (Killed)
04-22 09:46:25.754  1749 11122 D ActivityManager: makeInactive, ProcessRecord{6ff6c5f 28645:com.google.android.apps.docs.editors.sheets/u0a211}, clear holder.state
04-22 09:46:25.754   729   729 I Zygote  : Process 28645 exited due to signal 9 (Killed)
04-22 09:46:25.760  1749  1783 I libprocessgroup: Successfully killed process cgroup uid 10178 pid 26432 in 63ms
04-22 09:46:25.760  1749  1783 I libprocessgroup: Successfully killed process cgroup uid 10211 pid 28645 in 0ms
04-22 09:46:26.992     0     0 W swapper/1: type=1400 audit(0.0:2031): avc: denied { kill } for uid=0 capability=5 scontext=u:r:kernel:s0 tcontext=u:r:kernel:s0 tclass=capability permissive=0
04-22 09:46:29.231   728 29149 E ResolverController: No valid NAT64 prefix (100, <unspecified>/0)
04-22 09:46:31.112   728 29151 E ResolverController: No valid NAT64 prefix (100, <unspecified>/0)
04-22 09:46:34.210 28030 28030 I chatty  : uid=10120(com.android.vending) expire 4 lines
04-22 09:46:35.955  1749  1794 W PackageParser: Unknown element under <manifest>: queries at /data/app/vmdl110133735.tmp/base.apk Binary XML file line #271
04-22 09:46:35.985  1749  1781 I ActivityManager: Force stopping com.android.vending appid=10120 user=-1: installPackageLI
04-22 09:46:35.985  1749  1781 I ActivityManager: Killing 28322:com.android.vending:download_service/u0a120 (adj 925): stop com.android.vending
04-22 09:46:35.986  1749  1781 D ActivityManager: makeInactive, ProcessRecord{f44d454 28322:com.android.vending:download_service/u0a120}, clear holder.state
04-22 09:46:35.986  1749  1781 I ActivityManager: Killing 28472:com.android.vending:instant_app_installer/u0a120 (adj 935): stop com.android.vending
04-22 09:46:35.987  1749  1781 D ActivityManager: makeInactive, ProcessRecord{4c48647 28472:com.android.vending:instant_app_installer/u0a120}, clear holder.state
04-22 09:46:35.989  1749  1781 I ActivityManager: Killing 28030:com.android.vending/u0a120 (adj 905): stop com.android.vending
04-22 09:46:35.989 21460 21460 I chatty  : uid=10158 com.google.android.gms.persistent expire 10 lines
04-22 09:46:35.989  1749  1794 I PackageManager: Update system package com.android.vending code path from /data/app/com.android.vending-aA156guIIWhkYEaIny9l2Q== to /data/app/com.android.vending-iahjQ3UZWPL8qH3SJK7ODw==; Retain data and using new
04-22 09:46:35.989  1749  1794 I PackageManager: Update system package com.android.vending resource path from /data/app/com.android.vending-aA156guIIWhkYEaIny9l2Q== to /data/app/com.android.vending-iahjQ3UZWPL8qH3SJK7ODw==; Retain data and using new
04-22 09:46:35.990  1749  1781 D ActivityManager: makeInactive, ProcessRecord{7ab673a 28030:com.android.vending/u0a120}, clear holder.state
04-22 09:46:35.999  1749  1794 I PackageManager: Un-granting permission android.permission.MANAGE_DOCUMENTS from package com.google.android.youtube (protectionLevel=262146 flags=0x30dbbe45)
04-22 09:46:36.001  1749  1794 I PackageManager: Un-granting permission com.google.android.googleapps.permission.GOOGLE_AUTH from package com.android.providers.calendar (protectionLevel=2 flags=0x30883e45)
04-22 09:46:36.001  1749  1794 I PackageManager: Un-granting permission com.google.android.googleapps.permission.GOOGLE_AUTH.cl from package com.android.providers.calendar (protectionLevel=2 flags=0x30883e45)
04-22 09:46:36.002  1749  1794 I PackageManager: Un-granting permission com.google.android.gm.permission.READ_GMAIL from package com.google.android.apps.docs.editors.docs (protectionLevel=2 flags=0x38dbbe44)
04-22 09:46:36.002  1749  1794 I PackageManager: Un-granting permission com.google.android.googleapps.permission.GOOGLE_AUTH from package com.google.android.apps.docs.editors.docs (protectionLevel=2 flags=0x38dbbe44)
