04-22 09:43:47.712 22073 26181 I NetRec  : [3156] apix.a: onConfigChanged()
04-22 09:43:47.715 22073 26766 I Auth    : [AuthManaged, PasswordComplexityHelperImpl] Updating password complexity components state.
04-22 09:43:47.716 22073 26766 I Auth    : [AuthManaged, PasswordComplexityHelperImpl] Disabling com.google.android.gms.auth.managed.admin.DeviceAdminReceiver
04-22 09:43:47.716 22073 26766 I Auth    : [AuthManaged, PasswordComplexityHelperImpl] Disabling com.google.android.gms.auth.managed.ui.SetNewPasswordActivity
04-22 09:43:47.717 24895 26531 I ModuleSetMgr: Computing pending module set with APKs: [[AdsFdrDynamite.integ:210890500100000], [Enpromo.integ:210612303100000], [GrowthUpgradeparty.optional:211213100000], [MeasurementDynamite.integ:218100000], [Pay.optional:211213100000], [SidecarAps.integ:203615900100300], [VisionBarcode.optional:211213100300], [VisionOcr.optional:211213100300], [AdsFdrDynamite.integ:210402101100000], [Cronetdynamite:211213120300], [Dynamiteloader:211213120000], [Dynamitemodulesa:211213120000], [Dynamitemodulesc:211213120000], [Googlecertificates:211213120000], [Mapsdynamite:211213120000], [Measurementdynamite:211213120000], [SidecarAps.integ:2757100300]]
04-22 09:43:47.723 26404 26404 I Finsky  : [2] ajds.a(1): Connecting InstallListener to SplitInstallService broadcaster...
04-22 09:43:47.727  6583  6583 I BgTaskExecutorImpl: Starting NONEXCLUSIVE background task UPDATE_GSERVICES_CONFIG.
04-22 09:43:47.728 24895 26531 I ModuleSetMgr: Pending container module APKs: [[GrowthUpgradeparty.optional:211213100000], [Pay.optional:211213100000], [VisionBarcode.optional:211213100300], [VisionOcr.optional:211213100300]]
04-22 09:43:47.728 24895 26531 I ModuleSetMgr: Pending non-container module APKs: [[MeasurementDynamite.integ:218100000], [Enpromo.integ:210612303100000], [AdsFdrDynamite.integ:210890500100000]]
04-22 09:43:47.739  6583 26213 I GservicesUpdateTask: Updating Gservices keys
04-22 09:43:47.760  2760  4201 D CarrierServices: log_saver already enabled
04-22 09:43:47.776 24895 26531 W PackageParser: Unknown element under <manifest>: queries at /data/user_de/0/com.google.android.gms/app_chimera/m/0000000a/AdsDynamite.apk Binary XML file line #5
04-22 09:43:47.779  2760 26848 I CarrierServices: [157] cwx.b: KEY_CONFIG_IMS_PACKAGE_OVERRIDE_STRING: com.google.android.ims
04-22 09:43:47.779 22073 26207 I GCoreUlr: WorldUpdater received intent Intent { act=com.google.android.location.reporting.ACTION_UPDATE_WORLD cmp=com.google.android.gms/com.google.android.location.reporting.service.DispatchingService (has extras) } with receiverAction com.google.gservices.intent.action.GSERVICES_CHANGED
04-22 09:43:47.791 22073 26207 I GCoreUlr: WorldUpdater:com.google.gservices.intent.action.GSERVICES_CHANGED: Ensuring that reporting is stopped because of reasons: (no Google accounts)
04-22 09:43:47.794 22073 26207 I GCoreUlr: Unbound from all signal providers.
04-22 09:43:47.801 22073 26207 I GCoreUlr: DispatchingService ignoring Intent { act=android.net.wifi.WIFI_STATE_CHANGED flg=0x4000010 (has extras) } because ULR inactive
04-22 09:43:47.808 22073 22073 I GCoreUlr: Unbound from all signal providers.
04-22 09:43:47.808 22073 22073 I GCoreUlr: Stopping handler for UlrDispSvcFast
04-22 09:43:47.816  2760  2777 W gle.android.im: Reducing the number of considered missed Gc histogram windows from 113 to 100
04-22 09:43:47.830 24895 26531 W PackageParser: Unknown element under <manifest>: queries at /data/user_de/0/com.google.android.gms/app_chimera/m/00000018/dl-AdsFdrDynamite.integ_210890500100000.apk Binary XML file line #5
04-22 09:43:47.863 24895 26180 I RecoverableKeyStoreGms: [RecoverableKeyStoreGmsInitOperation] Initializing auth_folsom
04-22 09:43:47.864 24895 26180 I RecoverableKeyStoreGms: [RecoverableKeyStoreGmsInitOperation] com.google.android.gms.auth.folsom.service.FolsomPublicKeyUpdateService is already enabled. Ignore.
04-22 09:43:47.864 24895 26180 I RecoverableKeyStoreGms: [RecoverableKeyStoreGmsInitOperation] com.google.android.gms.auth.folsom.service.GcmReceiverService is already enabled. Ignore.
04-22 09:43:47.874  1743 10153 V RecoverableKeyStoreMgr: Not updating secret types - same as old value.
04-22 09:43:47.876 24895 26180 I RecoverableKeyStoreGms: [RecoverableKeyStoreGmsInitOperation] Setting vault handle
04-22 09:43:47.877  1743  4666 V RecoverableKeyStoreMgr: Not updating server params - same as old value.
04-22 09:43:47.888 26404 26553 W ProxyAndroidLoggerBackend: Too many Flogger logs received before configuration. Dropping old logs.
04-22 09:43:47.889 26404 26553 W ProxyAndroidLoggerBackend: Too many Flogger logs received before configuration. Dropping old logs.
04-22 09:43:47.889 24895 26180 I RecoverableKeyStoreGms: [SignedCertificatesCache] Invalidating expired cached value (current time 1619099027889, cache expired 1619046530961)
04-22 09:43:47.895 24895 26540 I ChromeSync: [Sync,SyncIntentOperation] Handling the intent: Intent { act=com.google.gservices.intent.action.GSERVICES_CHANGED flg=0x1000010 pkg=com.google.android.gms cmp=com.google.android.gms/.chimera.GmsIntentOperationService$PersistentInternalReceiver }.
04-22 09:43:47.902 24895 24950 I GmsModuleFndr: Beginning GMS chimera module scan
04-22 09:43:47.905 24895 24950 I ModuleSetMgr: Computing pending module set with APKs: [[AdsFdrDynamite.integ:210890500100000], [Enpromo.integ:210612303100000], [GrowthUpgradeparty.optional:211213100000], [MeasurementDynamite.integ:218100000], [Pay.optional:211213100000], [SidecarAps.integ:203615900100300], [VisionBarcode.optional:211213100300], [VisionOcr.optional:211213100300], [AdsFdrDynamite.integ:210402101100000], [Cronetdynamite:211213120300], [Dynamiteloader:211213120000], [Dynamitemodulesa:211213120000], [Dynamitemodulesc:211213120000], [Googlecertificates:211213120000], [Mapsdynamite:211213120000], [Measurementdynamite:211213120000], [SidecarAps.integ:2757100300]]
04-22 09:43:47.909 24895 24950 I ModuleSetMgr: Pending container module APKs: [[GrowthUpgradeparty.optional:211213100000], [Pay.optional:211213100000], [VisionBarcode.optional:211213100300], [VisionOcr.optional:211213100300]]
04-22 09:43:47.909 24895 24950 I ModuleSetMgr: Pending non-container module APKs: [[MeasurementDynamite.integ:218100000], [Enpromo.integ:210612303100000], [AdsFdrDynamite.integ:210890500100000]]
04-22 09:43:47.923   720 26858 E ResolverController: No valid NAT64 prefix (100, <unspecified>/0)
04-22 09:43:47.942 26404 26597 I Finsky  : [2961] adin.j(7): Already at the latest configurations for experiment package com.google.android.finsky.regular.
04-22 09:43:47.943 26404 26623 I Finsky  : [2972] adin.j(1): Triggered update for experiment package com.google.android.finsky.stable.
04-22 09:43:47.943 26404 26597 I Finsky  : [2961] adie.u(2): Retrieved DSE selection state is true (cache=adhz@5db5e7b)
04-22 09:43:47.943 26404 26597 I Finsky  : [2961] adiv.apply(4): DSE selection state after sync is true (cache=adhz@5db5e7b)
04-22 09:43:47.944 26404 26597 I Finsky  : [2961] rus.e(1): beginRecoverGmscoreIfApplicable
04-22 09:43:47.945 26404 26597 I Finsky  : [2961] rus.e(2): No target version, skip Gmscore recovery.
04-22 09:43:47.948 24895 24950 W PackageParser: Unknown element under <manifest>: queries at /data/user_de/0/com.google.android.gms/app_chimera/m/0000000a/AdsDynamite.apk Binary XML file line #5
04-22 09:43:47.973 26404 26597 I Finsky  : [2961] ghr.f(2): getDfeApiOrNonauthenticated is returning unauth api
04-22 09:43:47.974 26404 26597 I Finsky  : [2961] nke.k(1): Account name null when calculating account hash
04-22 09:43:47.974 26404 26597 I Finsky  : [2961] nke.e(8): Token already exists - returning!
04-22 09:43:47.975 26404 26597 I Finsky  : [2961] ahoz.a(10): SUH: Request device config token was successful in self update.
04-22 09:43:47.976 26404 26597 I Finsky  : [2961] acjt.g(8): Invalidating cached PackageState for com.android.vending
04-22 09:43:47.979 24895 26540 I MobileDataHub: Scheduling periodic tasks
04-22 09:43:47.990 26404 26553 W ProxyAndroidLoggerBackend: Too many Flogger logs received before configuration. Dropping old logs.
04-22 09:43:47.996 24895 27892 W MobileDataHub: [Service] appsupload-periodic periodic task disabled
04-22 09:43:48.000 26404 26597 I Finsky  : [2961] acjt.g(8): Invalidating cached PackageState for com.android.vending
04-22 09:43:48.005 24895 24950 W PackageParser: Unknown element under <manifest>: queries at /data/user_de/0/com.google.android.gms/app_chimera/m/00000018/dl-AdsFdrDynamite.integ_210890500100000.apk Binary XML file line #5
04-22 09:43:48.016 26404 26860 I Finsky  : [3020] qty.run(16): Wrote row to frosting DB: 406
04-22 09:43:48.018 24895 26540 I MS_Utils: version of com.google.android.apps.maps = 1018200143
04-22 09:43:48.019 24895 26540 I MdiSyncModule: flag handling is skipping irrelevant intent.
04-22 09:43:48.021 26404 26860 I Finsky  : [3020] qty.run(16): Wrote row to frosting DB: 407
04-22 09:43:48.027 26404 26553 W ProxyAndroidLoggerBackend: Too many Flogger logs received before configuration. Dropping old logs.
04-22 09:43:48.027 26404 26553 W ProxyAndroidLoggerBackend: Too many Flogger logs received before configuration. Dropping old logs.
04-22 09:43:48.043 26404 26623 I Finsky  : [2972] adin.j(7): Already at the latest configurations for experiment package com.google.android.finsky.stable.
04-22 09:43:48.044 26404 26623 I Finsky  : [2972] adie.u(2): Retrieved DSE selection state is true (cache=adhz@5db5e7b)
04-22 09:43:48.044 26404 26623 I Finsky  : [2972] adiv.apply(4): DSE selection state after sync is true (cache=adhz@5db5e7b)
04-22 09:43:48.047 24895 26180 I RecoverableKeyStoreGms: [EnrollmentManager] Successfully downloaded certificates.
04-22 09:43:48.067  1743 11436 W BroadcastQueue: Permission Denial: broadcasting Intent { act=com.google.android.checkin.CHECKIN_COMPLETE flg=0x1000010 (has extras) } from com.google.android.gms (pid=24895, uid=10156) is not exported from uid 10120 due to receiver com.android.vending/com.google.android.finsky.checkin.CheckinReceiver
04-22 09:43:48.074 26404 26639 I Finsky  : [2981] nke.k(1): Account name null when calculating account hash
04-22 09:43:48.093  1743  2039 W BroadcastQueue: Background execution not allowed: receiving Intent { act=android.intent.action.DROPBOX_ENTRY_ADDED flg=0x10 (has extras) } to com.google.android.gms/.stats.service.DropBoxEntryAddedReceiver
04-22 09:43:48.095  1743  1772 W BroadcastQueue: Background execution not allowed: receiving Intent { act=android.intent.action.DROPBOX_ENTRY_ADDED flg=0x10 (has extras) } to com.google.android.gms/.chimera.GmsIntentOperationService$PersistentTrustedReceiver
04-22 09:43:48.097  1743  3656 I RecoverableKeyStoreMgr: The cert file serial number is the same, so skip updating.
04-22 09:43:48.097 24895 26180 I RecoverableKeyStoreGms: [EnrollmentManager] Recovery service is initialized.
04-22 09:43:48.098  1743 11436 I RecoverySnapshotLstnrs: Registered listener for agent with uid 10156
04-22 09:43:48.143 24895 26180 I SystemUpdate: [Installation,ReceiverIntentOperation] Received intent: Intent { act=com.google.gservices.intent.action.GSERVICES_CHANGED flg=0x1000010 pkg=com.google.android.gms cmp=com.google.android.gms/.chimera.GmsIntentOperationService$PersistentInternalReceiver }.
04-22 09:43:48.169 24895 26540 W DynamiteModule: Local module descriptor class for com.google.android.gms.vision.dynamite.ocr not found.
04-22 09:43:48.170 24895 26540 W ProviderHelper: Unknown dynamite feature vision.dynamite.ocr
04-22 09:43:48.170 24895 26540 I DynamiteModule: Considering local module com.google.android.gms.vision.dynamite.ocr:0 and remote module com.google.android.gms.vision.dynamite.ocr:0
04-22 09:43:48.172 24895 26540 I DynamiteModule: Considering local module com.google.android.gms.vision.ocr:0 and remote module com.google.android.gms.vision.ocr:1
04-22 09:43:48.172 24895 26540 I DynamiteModule: Selected remote version of com.google.android.gms.vision.ocr, version >= 1
04-22 09:43:48.182 24895 26540 I native  : start_ocr_856638336_langid.cc:33 StartOcr with label: latin_script_gmvapi_android
04-22 09:43:48.182 24895 24909 W System  : A resource failed to call close. 
04-22 09:43:48.182 24895 26540 I native  : start_ocr_856638336_langid.cc:42 StartOcr success
04-22 09:43:48.189 24895 26540 I OcrModelUpStIntentOp: Downloading text recognizer
04-22 09:43:48.208 24895 26531 I SystemUpdate: [Execution,InstallationEventIntentOperation] Handling event of type 2.
04-22 09:43:48.209 24895 24895 D BoundBrokerSvc: onBind: Intent { act=com.google.android.gms.ocr.service.internal.START cmp=com.google.android.gms/.chimera.GmsInternalApiService }
04-22 09:43:48.209 24895 24895 D BoundBrokerSvc: Loading bound service for intent: Intent { act=com.google.android.gms.ocr.service.internal.START cmp=com.google.android.gms/.chimera.GmsInternalApiService }
04-22 09:43:48.214 22073 25926 W NetworkScheduler: The extras of the task is not valid to be persisted so that the task is not persisted [CONTEXT service_id=218 ]
04-22 09:43:48.214 22073 25926 W NetworkScheduler: java.lang.IllegalArgumentException: Only the following extra parameter types are supported: Integer, Long, Double, String, Boolean, and nested Bundles with the same restrictions.
04-22 09:43:48.214 22073 25926 W NetworkScheduler: 	at ahfd.e(:com.google.android.gms@211213033@21.12.13 (120300-367530751):6)
04-22 09:43:48.214 22073 25926 W NetworkScheduler: 	at auzf.d(:com.google.android.gms@211213033@21.12.13 (120300-367530751):37)
04-22 09:43:48.214 22073 25926 W NetworkScheduler: 	at auya.q(:com.google.android.gms@211213033@21.12.13 (120300-367530751):3)
04-22 09:43:48.214 22073 25926 W NetworkScheduler: 	at auya.r(:com.google.android.gms@211213033@21.12.13 (120300-367530751):20)
04-22 09:43:48.214 22073 25926 W NetworkScheduler: 	at auya.b(:com.google.android.gms@211213033@21.12.13 (120300-367530751):3)
04-22 09:43:48.214 22073 25926 W NetworkScheduler: 	at auub.run(:com.google.android.gms@211213033@21.12.13 (120300-367530751):9)
04-22 09:43:48.214 22073 25926 W NetworkScheduler: 	at ull.c(:com.google.android.gms@211213033@21.12.13 (120300-367530751):6)
04-22 09:43:48.214 22073 25926 W NetworkScheduler: 	at ull.run(:com.google.android.gms@211213033@21.12.13 (120300-367530751):7)
04-22 09:43:48.214 22073 25926 W NetworkScheduler: 	at java.util.concurrent.ThreadPoolExecutor.runWorker(ThreadPoolExecutor.java:1167)
04-22 09:43:48.214 22073 25926 W NetworkScheduler: 	at java.util.concurrent.ThreadPoolExecutor$Worker.run(ThreadPoolExecutor.java:641)
04-22 09:43:48.214 22073 25926 W NetworkScheduler: 	at uri.run(:com.google.android.gms@211213033@21.12.13 (120300-367530751):0)
04-22 09:43:48.214 22073 25926 W NetworkScheduler: 	at java.lang.Thread.run(Thread.java:919)
04-22 09:43:48.219 24895 26178 I SystemUpdate: [Execution,InstallationIntentOperation] Received intent: Intent { act=com.google.android.gms.update.INSTALL_UPDATE cat=[targeted_intent_op_prefix:.update.execution.InstallationIntentOperation] cmp=com.google.android.gms/.chimera.GmsIntentOperationService }.
04-22 09:43:48.219 24895 26178 I SystemUpdate: [Execution,ExecutionManager] Action finished-execution executed for 0.00 seconds.
04-22 09:43:48.282 26404 26404 I Finsky  : [2] acjt.g(8): Invalidating cached PackageState for com.android.vending
04-22 09:43:48.290 26404 26860 I Finsky  : [3020] qty.run(16): Wrote row to frosting DB: 408
04-22 09:43:48.295 26404 26404 I Finsky  : [2] ahpe.c(23): SUH: [self-update] Skipping DFE self-update. Local Version [version=82491710,derivedid=3,splits=[config.armeabi_v7a, config.en]] > Server Version [version=-1,derivedid=-1,splits=[]]
04-22 09:43:48.342 24895 24907 I gle.android.gm: Background concurrent copying GC freed 34487(1442KB) AllocSpace objects, 10(468KB) LOS objects, 49% free, 7525KB/14MB, paused 100us total 108.922ms
04-22 09:43:48.342 26404 26404 I Finsky  : [2] agwa.n(4): SCH: jobFinished: 1-1337. TimeElapsed: 1570ms.
04-22 09:43:48.348 26404 26404 I Finsky  : [2] agva.b(6): SCH: Job 1-1337 finished. Rescheduling.
04-22 09:43:48.349 26404 26404 I Finsky  : [2] aguz.handleMessage(29): SCH: RunningQueue size: 0, PendingQueue size: 0
04-22 09:43:48.349 26404 26404 I Finsky  : [2] aguz.handleMessage(35): SCH: Waiting on changed job store
04-22 09:43:49.251  1743  1761 W AppOps  : Noting op not finished: uid 10156 pkg com.google.android.gms code 79 time=1619077785077 duration=-1618916228978
04-22 09:43:49.256  1743 10153 W AppOps  : Noting op not finished: uid 10156 pkg com.google.android.gms code 79 time=1619099029251 duration=0
04-22 09:43:49.625 26641 26700 W DynamiteModule: Local module descriptor class for providerinstaller not found.
04-22 09:43:49.631 26641 26700 W ProviderInstaller: Failed to load providerinstaller module: No acceptable module found. Local version is 0 and remote version is 0.
04-22 09:43:50.094 26351 26400 I .apps.nbu.file: Waiting for a blocking GC ProfileSaver
04-22 09:43:50.125 26351 26400 I .apps.nbu.file: WaitForGcToComplete blocked ProfileSaver on ClassLinker for 31.343ms
04-22 09:43:50.183   721   721 D Zygote  : Forked child process 26865
04-22 09:43:50.186  1743  1773 I ActivityManager: Start proc 26865:com.google.android.dialer/u0a133 for service {com.google.android.dialer/com.google.android.libraries.internal.growth.growthkit.internal.jobs.impl.GrowthKitJobService}
04-22 09:43:50.209 26865 26865 E .android.diale: Not starting debugger since process cannot load the jdwp agent.
04-22 09:43:50.251 26865 26865 D ApplicationLoaders: Returning zygote-cached class loader: /system/framework/android.hidl.base-V1.0-java.jar
04-22 09:43:50.251 26865 26865 D ApplicationLoaders: Returning zygote-cached class loader: /system/framework/android.hidl.manager-V1.0-java.jar
04-22 09:43:50.251 26865 26865 D ApplicationLoaders: Returning zygote-cached class loader: /system/framework/android.hidl.base-V1.0-java.jar
04-22 09:43:50.269 26865 26865 I .android.diale: The ClassLoaderContext is a special shared library.
04-22 09:43:50.276 26865 26865 I chatty  : uid=10133(com.google.android.dialer) identical 1 line
04-22 09:43:50.294 26865 26865 I .android.diale: The ClassLoaderContext is a special shared library.
04-22 09:43:50.331 24895 24895 D BoundBrokerSvc: onUnbind: Intent { act=com.google.android.gms.auth.key.retrieval.service.START cmp=com.google.android.gms/.chimera.GmsApiService }
04-22 09:43:50.400 26865 26865 I MultiDex: VM with version 2.1.0 has multidex support
04-22 09:43:50.400 26865 26865 I MultiDex: install
04-22 09:43:50.400 26865 26865 I MultiDex: VM has multidex support, MultiDex support library is disabled.
04-22 09:43:50.538 26865 26865 I DialerDialerBaseApplication: com.android.dialer.DialerBaseApplication.onCreate:53 onCreate
04-22 09:43:50.539 26865 26865 I DialerClearcutMetricsInitializer: com.android.dialer.metrics.primes.ClearcutMetricsInitializer.initialize:40 enter
04-22 09:43:50.539 26865 26865 I DialerPrimesApiImpl: com.google.android.libraries.performance.primes.PrimesApiImpl.lambda$createInitTask$4:270 background initialization
04-22 09:43:50.539 26865 26865 I DialerClearcutMetricsInitializer: com.android.dialer.metrics.primes.ClearcutMetricsInitializer.initialize:105 primes metrics monitoring started!
04-22 09:43:50.541 26865 26865 I DialerPrimesMetrics: com.android.dialer.metrics.primes.PrimesMetrics.startTimer:45 Application.onCreate is empty
04-22 09:43:50.546 26865 26865 I mne     : SslGuard completed installation.
04-22 09:43:50.557 26865 26865 I DialerDialerExecutorModule: com.android.dialer.common.concurrent.DialerExecutorModule$1.newThread:62 creating low priority thread
04-22 09:43:50.658 26865 26865 I DialerShortcutsJobScheduler: com.android.dialer.shortcuts.ShortcutsJobScheduler.scheduleAllJobs:36 enter
04-22 09:43:50.664 26865 26865 I DialerShortcutsJobScheduler: com.android.dialer.shortcuts.ShortcutsJobScheduler.scheduleAllJobs:40 enabling shortcuts
04-22 09:43:50.665 26865 26865 I DialerPeriodicJobService: com.android.dialer.shortcuts.PeriodicJobService.schedulePeriodicJob:65 schedulePeriodicJob
04-22 09:43:50.666 26865 26865 I DialerPeriodicJobService: com.android.dialer.shortcuts.PeriodicJobService.schedulePeriodicJob:70 job already scheduled.
04-22 09:43:50.677 26865 26865 I DialerTelephonyManagerCache: com.android.dialer.telephony.TelephonyManagerCache.lambda$setUpNetworkMemoize$0:67 getNetworkOperatorName
04-22 09:43:50.681 26865 26865 I DialerTelephonyManagerCache: com.android.dialer.telephony.TelephonyManagerCache.lambda$setUpNetworkMemoize$1:76 getNetworkCountryIso
04-22 09:43:50.683 26865 26865 I DialerTelephonyManagerCache: com.android.dialer.telephony.TelephonyManagerCache.lambda$setUpNetworkMemoize$2:85 getNetworkOperator
04-22 09:43:50.692 26865 26865 I DialerLogcatLoggingBindings: com.android.dialer.logging.logcat.LogcatLoggingBindings.logImpression:49 Impression: APP_LAUNCHED
04-22 09:43:50.721 26865 26902 W DynamiteModule: Local module descriptor class for providerinstaller not found.
04-22 09:43:50.723 26865 26865 I DialerFlags: com.android.dialer.phenotype.Flags.lambda$register$0:130 phenotype register status: true
04-22 09:43:50.728 26865 26902 I DynamiteModule: Considering local module providerinstaller:0 and remote module providerinstaller:0
04-22 09:43:50.728 26865 26902 W ProviderInstaller: Failed to load providerinstaller module: No acceptable module found. Local version is 0 and remote version is 0.
04-22 09:43:50.744 26865 26902 I .android.diale: The ClassLoaderContext is a special shared library.
04-22 09:43:50.749 26865 26902 I .android.diale: The ClassLoaderContext is a special shared library.
04-22 09:43:50.809 26865 26898 I DialerFlags: com.android.dialer.phenotype.Flags$1.onSuccess:136 finished with result: true
04-22 09:43:50.825 26865 26902 V NativeCrypto: Registering com/google/android/gms/org/conscrypt/NativeCrypto's 287 native methods...
04-22 09:43:50.866 26865 26902 D NetworkSecurityConfig: No Network Security Config specified, using platform default
04-22 09:43:50.868 26865 26902 I ProviderInstaller: Installed default security provider GmsCore_OpenSSL
04-22 09:43:50.965 26865 26904 I DynamiteModule: Considering local module com.google.android.gms.cronet_dynamite:0 and remote module com.google.android.gms.cronet_dynamite:1411
04-22 09:43:50.966 26865 26904 I DynamiteModule: Selected remote version of com.google.android.gms.cronet_dynamite, version >= 1411
04-22 09:43:50.966 26865 26904 V DynamiteModule: Dynamite loader version >= 2, using loadModule2NoCrashUtils
04-22 09:43:51.060  1743  3659 D ConnectivityService: requestNetwork for uid/pid:10133/26865 NetworkRequest [ TRACK_DEFAULT id=175, [ Capabilities: INTERNET&NOT_RESTRICTED&TRUSTED Uid: 10133] ]
04-22 09:43:51.066  2498  2498 D PhoneSwitcherNetworkRequstListener: got request NetworkRequest [ TRACK_DEFAULT id=175, [ Capabilities: INTERNET&NOT_RESTRICTED&TRUSTED Uid: 10133] ] with score 60 and serial -1
04-22 09:43:51.067  1743  2279 D Ethernet: got request NetworkRequest [ TRACK_DEFAULT id=175, [ Capabilities: INTERNET&NOT_RESTRICTED&TRUSTED Uid: 10133] ] with score 60 and serial -1
04-22 09:43:51.067  1743  2239 D UntrustedWifiNetworkFactory: got request NetworkRequest [ TRACK_DEFAULT id=175, [ Capabilities: INTERNET&NOT_RESTRICTED&TRUSTED Uid: 10133] ] with score 60 and serial -1
04-22 09:43:51.067  1743  2239 D WifiNetworkFactory: got request NetworkRequest [ TRACK_DEFAULT id=175, [ Capabilities: INTERNET&NOT_RESTRICTED&TRUSTED Uid: 10133] ] with score 60 and serial -1
04-22 09:43:51.169 26865 26904 I cr_CronetLibraryLoader: Cronet version: 85.0.4183.127, arch: armv7l
04-22 09:43:51.175 26641 26667 I droid.apps.doc: Waiting for a blocking GC ProfileSaver
04-22 09:43:51.249 26641 26667 I droid.apps.doc: WaitForGcToComplete blocked ProfileSaver on AddRemoveAppImageSpace for 74.311ms
04-22 09:43:51.426 26865 26913 I cr_CronetUrlRequestContext: destroyNativeStreamLocked org.chromium.net.impl.CronetBidirectionalStream@57dcd3a
04-22 09:43:51.587  1743  2039 I ActivityManager: Killing 25751:com.google.android.apps.photos/u0a179 (adj 985): empty #17
04-22 09:43:51.652  1743 10153 D ActivityManager: makeInactive, ProcessRecord{1955f70 25751:com.google.android.apps.photos/u0a179}, clear holder.state
04-22 09:43:51.656   721   721 I Zygote  : Process 25751 exited due to signal 9 (Killed)
04-22 09:43:51.665  1743  1774 I libprocessgroup: Successfully killed process cgroup uid 10179 pid 25751 in 75ms
04-22 09:43:52.807  1743  2039 I ActivityManager: Killing 25983:com.motorola.help/u0a64 (adj 985): empty #17
04-22 09:43:52.855   721   721 I Zygote  : Process 25983 exited due to signal 9 (Killed)
04-22 09:43:52.856  2308  7758 I TileLifecycleManager: calling unlink to death
04-22 09:43:52.857  1743  2039 D ActivityManager: makeInactive, ProcessRecord{598fc65 25983:com.motorola.help/u0a64}, clear holder.state
04-22 09:43:52.865  1743  1774 I libprocessgroup: Successfully killed process cgroup uid 10064 pid 25983 in 56ms
04-22 09:43:53.034 26404 26631 W ProxyAndroidLoggerBackend: Too many Flogger logs received before configuration. Dropping old logs.
04-22 09:43:53.359 26404 26608 I Finsky  : [2966] agxj.b(5): SCH: Jobs in database: 1-1337 3-29 10-12 10-47 26-1414141414 29-29 
04-22 09:43:53.382 26404 26404 I Finsky  : [2] agva.m(9): SCH: Running job: 10-12
04-22 09:43:53.386 26404 26553 I Finsky  : [2958] aqvh.a(1): Warm data store was already initialized.
04-22 09:43:53.388 26404 26553 I Finsky  : [2958] aqvf.a(1): Warm data store was already initialized.
04-22 09:43:53.388 26404 26404 I Finsky  : [2] agva.m(9): SCH: Running job: 10-47
04-22 09:43:53.392 26404 26635 I PlayCommon: [2979] bbeo.h(22): Preparing logs for uploading
04-22 09:43:53.398 26404 26404 I Finsky  : [2] aguz.handleMessage(29): SCH: RunningQueue size: 2, PendingQueue size: 0
04-22 09:43:53.398 26404 26404 I Finsky  : [2] aguz.handleMessage(32): SCH: Running queue: 10-12 10-47 
04-22 09:43:53.400 26404 26635 I PlayCommon: [2979] bbeo.h(133): Connecting to server for timestamp: https://play.googleapis.com/play/log/timestamp
04-22 09:43:53.405   720 26923 E ResolverController: No valid NAT64 prefix (100, <unspecified>/0)
04-22 09:43:53.410 26404 26608 I Finsky  : [2966] qia.a(2): [Counters Flush] finished, scheduled=false
04-22 09:43:53.411 26404 26608 I Finsky  : [2966] agwa.n(4): SCH: jobFinished: 10-47. TimeElapsed: 23ms.
04-22 09:43:53.412 26404 26404 I Finsky  : [2] agva.b(3): SCH: Job 10-47 finished. Not rescheduling.
04-22 09:43:53.414 26404 26404 I Finsky  : [2] aguz.handleMessage(29): SCH: RunningQueue size: 1, PendingQueue size: 0
04-22 09:43:53.414 26404 26404 I Finsky  : [2] aguz.handleMessage(32): SCH: Running queue: 10-12 
04-22 09:43:53.543 26404 26635 W PlayCommon: [2979] bbeo.m(1): No account for auth token provided
04-22 09:43:53.544 26404 26635 I PlayCommon: [2979] bbeo.h(167): Connecting to server: https://play.googleapis.com/play/log?format=raw&proto_v2=true
04-22 09:43:53.617 26404 26635 I PlayCommon: [2979] bbeo.h(199): Successfully uploaded logs.
04-22 09:43:53.642 26404 26404 W ProxyAndroidLoggerBackend: Too many Flogger logs received before configuration. Dropping old logs.
04-22 09:43:53.646 26404 26833 W ProxyAndroidLoggerBackend: Too many Flogger logs received before configuration. Dropping old logs.
04-22 09:43:53.647 26404 26833 I chatty  : uid=10120(com.android.vending) identical 2 lines
04-22 09:43:53.647 26404 26833 W ProxyAndroidLoggerBackend: Too many Flogger logs received before configuration. Dropping old logs.
04-22 09:43:53.691 26785 26928 I Finsky:download_service: [2995] ktw.a(2): [Counters Flush] Successfully generated counter events
04-22 09:43:53.736 26404 26822 W ProxyAndroidLoggerBackend: Too many Flogger logs received before configuration. Dropping old logs.
04-22 09:43:53.736 26404 26822 I chatty  : uid=10120(com.android.vending) Binder:26404_4 identical 1 line
04-22 09:43:53.736 26404 26822 W ProxyAndroidLoggerBackend: Too many Flogger logs received before configuration. Dropping old logs.
04-22 09:43:53.738 26404 26833 W ProxyAndroidLoggerBackend: Too many Flogger logs received before configuration. Dropping old logs.
04-22 09:43:53.759 26404 26553 I Finsky  : [2958] agwa.n(4): SCH: jobFinished: 10-12. TimeElapsed: 377ms.
04-22 09:43:53.761 26404 26404 I Finsky  : [2] agva.b(3): SCH: Job 10-12 finished. Not rescheduling.
04-22 09:43:53.762 26404 26404 I Finsky  : [2] aguz.handleMessage(29): SCH: RunningQueue size: 0, PendingQueue size: 0
04-22 09:43:53.762 26404 26404 I Finsky  : [2] aguz.handleMessage(10): SCH: Executor finished
04-22 09:43:53.782 26404 26404 I Finsky  : [2] agxj.b(5): SCH: Jobs in database: 1-1337 3-29 26-1414141414 29-29 
04-22 09:43:53.786  1743  9612 I ActivityManager: Killing 26218:com.android.providers.calendar/u0a59 (adj 975): empty #17
04-22 09:43:53.788  1743  9612 I ActivityManager: Killing 25927:com.google.android.apps.turbo/u0a142 (adj 985): empty #18
04-22 09:43:53.792 26404 26404 I Finsky  : [2] agvn.h(37): SCH: ConstraintMapping: 1-1337,  -> L: 30158294ms, D: 73358294ms, C: false, I: false, N: 1
04-22 09:43:53.794 26404 26404 I Finsky  : [2] agvn.h(37): SCH: ConstraintMapping: 3-29,  -> L: 0ms, D: 86393886ms, C: true, I: true, N: 2
04-22 09:43:53.795 26404 26404 I Finsky  : [2] agvn.h(37): SCH: ConstraintMapping: 26-1414141414, 29-29,  -> L: 21999ms, D: 51999ms, C: false, I: false, N: 0
04-22 09:43:53.835  1743  3398 D ActivityManager: makeInactive, ProcessRecord{4cdbc4c 25927:com.google.android.apps.turbo/u0a142}, clear holder.state
04-22 09:43:53.839   721   721 I Zygote  : Process 25927 exited due to signal 9 (Killed)
04-22 09:43:53.841 26450 26934 I FirebaseCrash: Sending crashes
04-22 09:43:53.844  1743  3398 D ActivityManager: makeInactive, ProcessRecord{7a87279 26218:com.android.providers.calendar/u0a59}, clear holder.state
04-22 09:43:53.850   721   721 I Zygote  : Process 26218 exited due to signal 9 (Killed)
04-22 09:43:53.860  1743  1774 I libprocessgroup: Successfully killed process cgroup uid 10059 pid 26218 in 71ms
04-22 09:43:53.860  1743  1774 I libprocessgroup: Successfully killed process cgroup uid 10142 pid 25927 in 0ms
04-22 09:43:54.000 26404 26404 I Finsky  : [2] agvn.j(7): SCH: Cancelling existing jobscheduler jobs: 9005 9002 
04-22 09:43:54.022 26404 26404 I Finsky  : [2] agvn.i(11): SCH: Scheduling job Id: 9000, L: 30158294, D: 73358294, C: false, I: false, N: 1
04-22 09:43:54.025 26404 26404 I Finsky  : [2] agvn.e(4): SCH: Throttling wakeup for job 9003 (expected to run in 0 ms) due to recent wakeup
04-22 09:43:54.026 26404 26404 I Finsky  : [2] agvn.i(11): SCH: Scheduling job Id: 9003, L: 30000, D: 86393886, C: true, I: true, N: 2
04-22 09:43:54.028 26404 26404 I Finsky  : [2] agvn.e(4): SCH: Throttling wakeup for job 9004 (expected to run in 21999 ms) due to recent wakeup
04-22 09:43:54.029 26404 26404 I Finsky  : [2] agvn.i(11): SCH: Scheduling job Id: 9004, L: 30000, D: 51999, C: false, I: false, N: 0
04-22 09:43:55.306 26865 26885 I .android.diale: Waiting for a blocking GC ProfileSaver
04-22 09:43:55.369 26865 26885 I .android.diale: WaitForGcToComplete blocked ProfileSaver on ClassLinker for 62.998ms
04-22 09:43:55.927 26404 26611 I Finsky  : [2969] adin.j(1): Triggered update for experiment package com.google.android.finsky.stable.
04-22 09:43:55.927 26404 26623 I Finsky  : [2972] hfe.run(3): Initializing the instant apps module.
04-22 09:43:55.976 26404 26553 W ProxyAndroidLoggerBackend: Too many Flogger logs received before configuration. Dropping old logs.
04-22 09:43:56.009 26404 26553 I chatty  : uid=10120(com.android.vending) identical 2 lines
04-22 09:43:56.010 26404 26553 W ProxyAndroidLoggerBackend: Too many Flogger logs received before configuration. Dropping old logs.
04-22 09:43:56.018 26404 26611 I Finsky  : [2969] adin.j(7): Already at the latest configurations for experiment package com.google.android.finsky.stable.
04-22 09:43:56.019 26404 26628 I Finsky  : [2974] adin.j(1): Triggered update for experiment package com.google.android.finsky.regular.
04-22 09:43:56.021 26404 26611 I Finsky  : [2969] adie.u(2): Retrieved DSE selection state is true (cache=adhz@5db5e7b)
04-22 09:43:56.025 26404 26611 I Finsky  : [2969] adiv.apply(4): DSE selection state after sync is true (cache=adhz@5db5e7b)
04-22 09:43:56.051 26404 26553 W ProxyAndroidLoggerBackend: Too many Flogger logs received before configuration. Dropping old logs.
04-22 09:43:56.134 26404 26553 W ProxyAndroidLoggerBackend: Too many Flogger logs received before configuration. Dropping old logs.
04-22 09:43:56.143 26404 26628 I Finsky  : [2974] adin.j(7): Already at the latest configurations for experiment package com.google.android.finsky.regular.
04-22 09:43:56.143 26404 26628 I Finsky  : [2974] adie.u(2): Retrieved DSE selection state is true (cache=adhz@5db5e7b)
04-22 09:43:56.143 26404 26628 I Finsky  : [2974] adiv.apply(4): DSE selection state after sync is true (cache=adhz@5db5e7b)
04-22 09:43:56.214 26404 26611 I Finsky  : [2969] acjt.g(8): Invalidating cached PackageState for com.android.vending
04-22 09:43:56.240 26404 26623 I Finsky  : [2972] arjb.a(1): Restoring notifications
04-22 09:43:56.259 26404 26597 I Finsky  : [2961] hez.run(5): Component class com.google.android.finsky.wearsupport.WearSupportService disabled via PackageManager.
04-22 09:43:56.260 26404 26597 I Finsky  : [2961] hez.run(5): Component class com.google.android.finsky.wearsupport.WearChangeListenerService disabled via PackageManager.
04-22 09:43:56.269 26404 26860 I Finsky  : [3020] qty.run(16): Wrote row to frosting DB: 409
04-22 09:43:56.362 26404 26623 I Finsky  : [2972] aaeb.a(18): Showing notification: [ID=play protect default on, Tag=null, Title=Google Play Protect is turned on, Message=This feature protects your device from harmful apps, channelId=account, targetType=1, returnCode=-1, uiElementType=926]
04-22 09:43:56.362 26404 26623 I Finsky  : [2972] arjb.a(4): Done restoring notifications
04-22 09:43:56.473  1743  2248 D NotificationSQLiteLog: Pruned event entries: 0
04-22 09:43:56.504 16870 16870 I MotoDisplay: Acquiring partial wakelock MotoDisplayWakeLock for 500ms.
04-22 09:43:56.508 16870 16870 I MotoDisplay: Releasing wakelock: MotoDisplayWakeLock
04-22 09:43:56.531  2308  2308 W View    : requestLayout() improperly called by com.android.systemui.statusbar.HeadsUpStatusBarView{53e8307 I.E...... ......ID 0,0-248,56 #7f0a01f7 app:id/heads_up_status_bar_view} during layout: running second layout pass
04-22 09:43:56.561  2308  2308 I chatty  : uid=10132(com.android.systemui) identical 9 lines
04-22 09:43:56.585  2308  2308 W View    : requestLayout() improperly called by com.android.systemui.statusbar.HeadsUpStatusBarView{53e8307 I.E...... ......ID 0,0-248,56 #7f0a01f7 app:id/heads_up_status_bar_view} during layout: running second layout pass
04-22 09:43:57.209 22073 22073 D BoundBrokerSvc: onUnbind: Intent { act=com.google.android.gms.clearcut.bootcount.service.START cmp=com.google.android.gms/.chimera.PersistentBoundBrokerService }
04-22 09:43:57.287 24895 24895 D BoundBrokerSvc: onUnbind: Intent { act=com.google.android.gms.measurement.START pkg=com.google.android.gms }
04-22 09:43:57.452  2308  2308 W View    : requestLayout() improperly called by com.android.systemui.statusbar.HeadsUpStatusBarView{53e8307 I.E...... ......ID 0,0-248,56 #7f0a01f7 app:id/heads_up_status_bar_view} during layout: running second layout pass
04-22 09:43:57.569 26404 26404 W ProxyAndroidLoggerBackend: Too many Flogger logs received before configuration. Dropping old logs.
04-22 09:43:57.570 26404 26404 W ProxyAndroidLoggerBackend: Too many Flogger logs received before configuration. Dropping old logs.
04-22 09:43:57.576   721   721 D Zygote  : Forked child process 26937
04-22 09:43:57.580  1743  1773 I ActivityManager: Start proc 26937:com.google.android.configupdater/u0a112 for service {com.google.android.configupdater/com.google.android.configupdater.MainJobService}
04-22 09:43:57.597   721   721 D Zygote  : Forked child process 26948
04-22 09:43:57.598 26937 26937 E d.configupdate: Not starting debugger since process cannot load the jdwp agent.
04-22 09:43:57.600  1743  1773 I ActivityManager: Start proc 26948:com.google.android.apps.work.oobconfig/u0a118 for service {com.google.android.apps.work.oobconfig/com.google.android.apps.work.oobconfig.gservices.GservicesChangedObserverService}
04-22 09:43:57.602 26404 26404 I Finsky  : [2] aiko.run(8): Detected restoreservicev2://recovery not needed, will not run
04-22 09:43:57.611 26948 26948 E .work.oobconfi: Not starting debugger since process cannot load the jdwp agent.
04-22 09:43:57.628 26937 26937 D ApplicationLoaders: Returning zygote-cached class loader: /system/framework/android.hidl.base-V1.0-java.jar
04-22 09:43:57.628 26937 26937 D ApplicationLoaders: Returning zygote-cached class loader: /system/framework/android.hidl.manager-V1.0-java.jar
04-22 09:43:57.628 26937 26937 D ApplicationLoaders: Returning zygote-cached class loader: /system/framework/android.hidl.base-V1.0-java.jar
04-22 09:43:57.637 26937 26937 I d.configupdate: The ClassLoaderContext is a special shared library.
04-22 09:43:57.640 26948 26948 D ApplicationLoaders: Returning zygote-cached class loader: /system/framework/android.hidl.base-V1.0-java.jar
04-22 09:43:57.640 26948 26948 D ApplicationLoaders: Returning zygote-cached class loader: /system/framework/android.hidl.manager-V1.0-java.jar
04-22 09:43:57.640 26948 26948 D ApplicationLoaders: Returning zygote-cached class loader: /system/framework/android.hidl.base-V1.0-java.jar
04-22 09:43:57.650 26948 26948 I .work.oobconfi: The ClassLoaderContext is a special shared library.
04-22 09:43:57.738 26948 26948 I FA      : App measurement is starting up, version: 10298
04-22 09:43:57.739 26948 26948 I FA      : To enable debug logging run: adb shell setprop log.tag.FA VERBOSE
04-22 09:43:57.743 26404 26992 I Finsky  : [3030] bbgl.c(2): registerListener
04-22 09:43:57.744 26404 26992 I Finsky  : [3030] oli.e(1): getDownloads()
04-22 09:43:57.749 26404 26992 W ProxyAndroidLoggerBackend: Too many Flogger logs received before configuration. Dropping old logs.
04-22 09:43:57.751 26404 26992 I chatty  : uid=10120(com.android.vending) identical 2 lines
04-22 09:43:57.751 26404 26992 W ProxyAndroidLoggerBackend: Too many Flogger logs received before configuration. Dropping old logs.
04-22 09:43:57.752 26404 26992 I Finsky  : [3030] hti.run(7): Initialized AssetModuleDownloader.
04-22 09:43:57.754 26785 26815 W ProxyAndroidLoggerBackend: Too many Flogger logs received before configuration. Dropping old logs.
04-22 09:43:57.754 26785 26834 W ProxyAndroidLoggerBackend: Too many Flogger logs received before configuration. Dropping old logs.
04-22 09:43:57.755 26785 26834 W ProxyAndroidLoggerBackend: Too many Flogger logs received before configuration. Dropping old logs.
04-22 09:43:57.756 26785 26834 I Finsky:download_service: [2990] odj.c(1): getDownloads()
04-22 09:43:57.758 26948 26948 I FA      : To enable faster debug mode event logging run:
04-22 09:43:57.758 26948 26948 I FA      :   adb shell setprop debug.firebase.analytics.app com.google.android.apps.work.oobconfig
04-22 09:43:57.765 26785 26831 W ProxyAndroidLoggerBackend: Too many Flogger logs received before configuration. Dropping old logs.
04-22 09:43:57.766 26785 26831 I chatty  : uid=10120(com.android.vending) identical 1 line
04-22 09:43:57.766 26785 26831 W ProxyAndroidLoggerBackend: Too many Flogger logs received before configuration. Dropping old logs.
04-22 09:43:57.766 26404 26621 W ProxyAndroidLoggerBackend: Too many Flogger logs received before configuration. Dropping old logs.
04-22 09:43:57.766 26404 26621 I chatty  : uid=10120(com.android.vending) Binder:26404_3 identical 1 line
04-22 09:43:57.767 26404 26621 W ProxyAndroidLoggerBackend: Too many Flogger logs received before configuration. Dropping old logs.
04-22 09:43:57.767 26404 26833 W ProxyAndroidLoggerBackend: Too many Flogger logs received before configuration. Dropping old logs.
04-22 09:43:57.774  1743  3398 I ActivityManager: Killing 26185:com.motorola.lifetimedata/u0a106 (adj 975): empty #17
04-22 09:43:57.785 26948 26948 D GservicesChangedObserverService: onStartJob
04-22 09:43:57.787 24895 24895 D BoundBrokerSvc: onBind: Intent { act=com.google.android.gms.measurement.START pkg=com.google.android.gms }
04-22 09:43:57.787 24895 24895 D BoundBrokerSvc: Loading bound service for intent: Intent { act=com.google.android.gms.measurement.START pkg=com.google.android.gms }
04-22 09:43:57.796 26948 26948 D GservicesChangedObserverService: scheduleJobService
04-22 09:43:57.809  1743  4666 I ActivityManager: Killing 26253:com.google.android.apps.maps/u0a205 (adj 975): empty #17
04-22 09:43:57.826 26948 27002 W FA      : Failed to retrieve Firebase Instance Id
04-22 09:43:57.837  1743 11436 D ActivityManager: makeInactive, ProcessRecord{aec0293 26185:com.motorola.lifetimedata/u0a106}, clear holder.state
04-22 09:43:57.838   721   721 I Zygote  : Process 26185 exited due to signal 9 (Killed)
04-22 09:43:57.850  1743  1774 I libprocessgroup: Successfully killed process cgroup uid 10106 pid 26185 in 74ms
04-22 09:43:57.885   721   721 I Zygote  : Process 26253 exited due to signal 9 (Killed)
04-22 09:43:57.886  1743  6519 D ActivityManager: makeInactive, ProcessRecord{8a8e6cb 26253:com.google.android.apps.maps/u0a205}, clear holder.state
04-22 09:43:57.889 22073 22073 D BoundBrokerSvc: onUnbind: Intent { act=com.google.android.gms.clearcut.bootcount.service.START pkg=com.google.android.gms }
04-22 09:43:57.896  1743  1774 I libprocessgroup: Successfully killed process cgroup uid 10205 pid 26253 in 46ms
04-22 09:44:00.195   721   721 D Zygote  : Forked child process 27007
04-22 09:44:00.202  1743  1773 I ActivityManager: Start proc 27007:com.google.android.apps.tachyon/u0a197 for service {com.google.android.apps.tachyon/com.google.android.libraries.internal.growth.growthkit.internal.jobs.impl.GrowthKitJobService}
04-22 09:44:00.229 27007 27007 E id.apps.tachyo: Not starting debugger since process cannot load the jdwp agent.
04-22 09:44:00.279 27007 27007 D ApplicationLoaders: Returning zygote-cached class loader: /system/framework/android.hidl.base-V1.0-java.jar
04-22 09:44:00.279 27007 27007 D ApplicationLoaders: Returning zygote-cached class loader: /system/framework/android.hidl.manager-V1.0-java.jar
04-22 09:44:00.279 27007 27007 D ApplicationLoaders: Returning zygote-cached class loader: /system/framework/android.hidl.base-V1.0-java.jar
04-22 09:44:00.333 27007 27007 I id.apps.tachyo: The ClassLoaderContext is a special shared library.
04-22 09:44:00.351 24895 24895 D BoundBrokerSvc: onUnbind: Intent { act=com.google.android.gms.checkin.START pkg=com.google.android.gms }
04-22 09:44:00.704   720 27038 E ResolverController: No valid NAT64 prefix (100, <unspecified>/0)
04-22 09:44:00.717 27007 27007 I OpenCV  : cpufeatures library is not avaialble for CPU detection
04-22 09:44:00.717 27007 27007 I OpenCV  : - NEON instructions is enabled via build flags
04-22 09:44:00.717 27007 27007 I OpenCV  : - FP16 instructions is enabled via build flags
04-22 09:44:00.872 27007 27049 W DynamiteModule: Local module descriptor class for com.google.android.gms.googlecertificates not found.
04-22 09:44:00.881 27007 27027 D EventBus: No subscribers registered for event class ijw
04-22 09:44:00.882 27007 27027 D EventBus: No subscribers registered for event class usi
04-22 09:44:00.954  2308  2308 W View    : requestLayout() improperly called by com.android.systemui.statusbar.HeadsUpStatusBarView{53e8307 I.E...... ......ID 0,0-248,56 #7f0a01f7 app:id/heads_up_status_bar_view} during layout: running second layout pass
04-22 09:44:00.976 27007 27061 W DynamiteModule: Local module descriptor class for providerinstaller not found.
04-22 09:44:00.980 27007 27061 W ProviderInstaller: Failed to load providerinstaller module: No acceptable module found. Local version is 0 and remote version is 0.
04-22 09:44:00.987 27007 27061 I id.apps.tachyo: The ClassLoaderContext is a special shared library.
04-22 09:44:00.996 27007 27061 I chatty  : uid=10197(com.google.android.apps.tachyon) DuoBgThread #2 identical 1 line
04-22 09:44:01.012 27007 27061 I id.apps.tachyo: The ClassLoaderContext is a special shared library.
04-22 09:44:01.148 27007 27061 V NativeCrypto: Registering com/google/android/gms/org/conscrypt/NativeCrypto's 287 native methods...
04-22 09:44:01.196 27007 27061 D NetworkSecurityConfig: No Network Security Config specified, using platform default
04-22 09:44:01.201 27007 27061 I ProviderInstaller: Installed default security provider GmsCore_OpenSSL
04-22 09:44:01.220 27007 27060 I FA      : App measurement initialized, version: 23013
04-22 09:44:01.220 27007 27060 I FA      : To enable debug logging run: adb shell setprop log.tag.FA VERBOSE
04-22 09:44:01.220 27007 27060 I FA      : To enable faster debug mode event logging run:
04-22 09:44:01.220 27007 27060 I FA      :   adb shell setprop debug.firebase.analytics.app com.google.android.apps.tachyon
04-22 09:44:01.229 27007 27060 E FA      : AppMeasurementReceiver not registered/enabled
04-22 09:44:01.230 27007 27060 E FA      : AppMeasurementService not registered/enabled
04-22 09:44:01.231 27007 27060 E FA      : Uploading is not possible. App measurement disabled
04-22 09:44:01.264  1743  2836 D ConnectivityService: requestNetwork for uid/pid:10197/27007 NetworkRequest [ TRACK_DEFAULT id=177, [ Capabilities: INTERNET&NOT_RESTRICTED&TRUSTED Uid: 10197] ]
04-22 09:44:01.266  1743  2239 D UntrustedWifiNetworkFactory: got request NetworkRequest [ TRACK_DEFAULT id=177, [ Capabilities: INTERNET&NOT_RESTRICTED&TRUSTED Uid: 10197] ] with score 60 and serial -1
04-22 09:44:01.266  1743  2239 D WifiNetworkFactory: got request NetworkRequest [ TRACK_DEFAULT id=177, [ Capabilities: INTERNET&NOT_RESTRICTED&TRUSTED Uid: 10197] ] with score 60 and serial -1
04-22 09:44:01.266  1743  2279 D Ethernet: got request NetworkRequest [ TRACK_DEFAULT id=177, [ Capabilities: INTERNET&NOT_RESTRICTED&TRUSTED Uid: 10197] ] with score 60 and serial -1
04-22 09:44:01.267  2498  2498 D PhoneSwitcherNetworkRequstListener: got request NetworkRequest [ TRACK_DEFAULT id=177, [ Capabilities: INTERNET&NOT_RESTRICTED&TRUSTED Uid: 10197] ] with score 60 and serial -1
04-22 09:44:01.307   720  1295 D NetdFwmarkServer: Cmd 2: 100, 10197: UserP=3, fwmark=F0064
04-22 09:44:01.308   720  1295 D NetdFwmarkServer: Cmd 1: 0, 10197: UserP=3, fwmark=F0064
04-22 09:44:01.310   720  1295 D NetdFwmarkServer: Cmd 6: 0, 10197: UserP=3, fwmark=F0064
04-22 09:44:01.597  1743 12220 I ActivityManager: Killing 26473:com.google.android.gms.ui/u0a156 (adj 985): empty #17
04-22 09:44:01.635  1743  7290 D ActivityManager: makeInactive, ProcessRecord{185e7c1 26473:com.google.android.gms.ui/u0a156}, clear holder.state
04-22 09:44:01.635   721   721 I Zygote  : Process 26473 exited due to signal 9 (Killed)
04-22 09:44:01.645  1743  1774 I libprocessgroup: Successfully killed process cgroup uid 10156 pid 26473 in 47ms
04-22 09:44:02.668 26948 26977 I .work.oobconfi: Waiting for a blocking GC ProfileSaver
04-22 09:44:03.244 24895 24895 D BoundBrokerSvc: onUnbind: Intent { act=com.google.android.gms.ocr.service.internal.START cmp=com.google.android.gms/.chimera.GmsInternalApiService }
04-22 09:44:03.789  1743  3392 I ActivityManager: Killing 25627:android.process.acore/u0a51 (adj 985): empty #17
04-22 09:44:03.860   721   721 I Zygote  : Process 25627 exited due to signal 9 (Killed)
04-22 09:44:03.860  1743  3392 D ActivityManager: makeInactive, ProcessRecord{b543ea7 25627:android.process.acore/u0a51}, clear holder.state
04-22 09:44:03.864  1743  1774 I libprocessgroup: Successfully killed process cgroup uid 10051 pid 25627 in 73ms
04-22 09:44:05.362 27007 27026 I id.apps.tachyo: Waiting for a blocking GC ProfileSaver
04-22 09:44:05.390 27007 27026 I id.apps.tachyo: WaitForGcToComplete blocked ProfileSaver on AddRemoveAppImageSpace for 27.859ms
04-22 09:44:07.790 26404 26404 W ProxyAndroidLoggerBackend: Too many Flogger logs received before configuration. Dropping old logs.
04-22 09:44:07.790 26404 26404 W ProxyAndroidLoggerBackend: Too many Flogger logs received before configuration. Dropping old logs.
04-22 09:44:07.805 26785 26785 I Finsky:download_service: [2] vzu.onDestroy(8): IPC-SERVER: Stopping gRPC host service...
04-22 09:44:10.607     0     0 W swapper/3: type=1400 audit(0.0:2136): avc: denied { kill } for uid=0 capability=5 scontext=u:r:kernel:s0 tcontext=u:r:kernel:s0 tclass=capability permissive=0
04-22 09:44:11.022  2308  2308 W View    : requestLayout() improperly called by com.android.systemui.statusbar.HeadsUpStatusBarView{53e8307 I.E...... ......ID 0,0-248,56 #7f0a01f7 app:id/heads_up_status_bar_view} during layout: running second layout pass
