04-22 09:51:20.967  1743  6577 I WifiService: enableTdlsWithMacAddress uid=1000 enable=true
04-22 09:51:20.968  5577  5577 I wpa_supplicant: TDLS: Failed to send message (action_code=10)
04-22 09:51:20.968  5577  5577 I wpa_supplicant: StaIface: TDLS discover failed: -1
04-22 09:51:20.977 22073 27954 I chatty  : uid=10156 com.google.android.gms.persistent expire 45 lines
04-22 09:51:21.457 27620 27911 D connectedcrossroad: dataTxThread: Pulled AODV data from queue
04-22 09:51:22.090  2308  2388 D CachedBluetoothDevice: Device name: IjNWb0Jbye0AAAAAAAAAATI
04-22 09:51:22.108  2308  2388 D CachedBluetoothDevice: Device name: IjZ2cDVbye0AAAAAAAAAATU
04-22 09:51:22.120 22073  6684 I chatty  : uid=10156 com.google.android.gms.persistent expire 48 lines
04-22 09:51:22.134  1743  2836 I WifiService: enableTdls uid=10156 enable=false
04-22 09:51:22.135  1743  6577 I WifiService: enableTdlsWithMacAddress uid=1000 enable=false
04-22 09:51:22.151 22073 28084 I chatty  : uid=10156 com.google.android.gms.persistent expire 10 lines
04-22 09:51:22.156 27620 27620 D connectedcrossroad: onConnectionInitiated: Accepting connection
04-22 09:51:22.219  2308  2323 I ndroid.systemu: Background concurrent copying GC freed 198496(6723KB) AllocSpace objects, 0(0B) LOS objects, 49% free, 7573KB/14MB, paused 117us total 111.365ms
04-22 09:51:22.220  2308  2323 W ndroid.systemu: Reducing the number of considered missed Gc histogram windows from 240 to 100
04-22 09:51:22.520   827  5608 E WifiHAL : Received fatal event, sending alert
04-22 09:51:22.524  1743  2414 W WifiVendorHal: onDebugErrorAlert 4104
04-22 09:51:22.720 27620 27620 D connectedcrossroad: onConnectionInitiated: Accepting connection
04-22 09:51:23.345 27620 27620 D connectedcrossroad: onEndpointFound: Connecting to mg4W
04-22 09:51:25.235  2290  2307 I chatty  : uid=1002(bluetooth) Binder:2290_2 expire 11 lines
04-22 09:51:25.246 22073 22326 I chatty  : uid=10156(com.google.android.gms) Binder:22073_6 expire 5 lines
04-22 09:51:25.269  2290  2302 I chatty  : uid=1002(bluetooth) HeapTaskDaemon expire 1 line
04-22 09:51:25.614  2308  2388 W BluetoothEventManager: AclStateChangedHandler: activeDevice is null
04-22 09:51:25.635  7384  7384 D MCLOG   : [MC_Service] onStartcommand()
04-22 09:51:25.657  6583  6606 I BistoWorker: bluetoothConnectionStateChanged. Action: android.bluetooth.device.action.ACL_CONNECTED
04-22 09:51:25.659  6583  6606 I BistoWorker: Ignoring non-bonded action android.bluetooth.device.action.ACL_CONNECTED for device 74:40:68:82:F5:A1
04-22 09:51:25.662 22073 22073 I chatty  : uid=10156 com.google.android.gms.persistent expire 10 lines
04-22 09:51:25.666 22073 27923 I chatty  : uid=10156 com.google.android.gms.persistent expire 1 line
04-22 09:51:26.057   720 28093 E ResolverController: No valid NAT64 prefix (100, <unspecified>/0)
04-22 09:51:26.088 22073 22106 I chatty  : uid=10156(com.google.android.gms) Binder:22073_3 expire 10 lines
04-22 09:51:26.088 22073 22095 I chatty  : uid=10156(com.google.android.gms) Binder:22073_1 expire 10 lines
04-22 09:51:26.380 22073 22496 I chatty  : uid=10156(com.google.android.gms) Thread-17 expire 6 lines
04-22 09:51:26.767 22073 28086 I chatty  : uid=10156 com.google.android.gms.persistent expire 15 lines
04-22 09:51:27.372  2290 28102 I chatty  : uid=1002(bluetooth) com.android.bluetooth expire 2 lines
04-22 09:51:27.431 27620 27620 D connectedcrossroad: onEndpointLost: mg4W
04-22 09:51:27.678 22073 22244 I chatty  : uid=10156(com.google.android.gms) NearbyMessages expire 4 lines
04-22 09:51:29.465  2308  2388 D CachedBluetoothDevice: Device name: IkcxNEVbye0AAAAAAAAAATQ
04-22 09:51:30.256     0     0 W swapper/0: type=1400 audit(0.0:2168): avc: denied { kill } for uid=0 capability=5 scontext=u:r:kernel:s0 tcontext=u:r:kernel:s0 tclass=capability permissive=0
04-22 09:51:32.537  2290 28118 I chatty  : uid=1002(bluetooth) com.android.bluetooth expire 2 lines
04-22 09:51:32.539   827  5608 E WifiHAL : Received LOG message with insufficent length: 24
04-22 09:51:32.539   827  5608 E WifiHAL : Received fatal event, sending alert
04-22 09:51:32.540  1743  8718 W WifiVendorHal: onDebugErrorAlert 4104
04-22 09:51:32.546  2308  2388 W BluetoothEventManager: AclStateChangedHandler: activeDevice is null
04-22 09:51:32.547 22073 22328 I chatty  : uid=10156(com.google.android.gms) Binder:22073_8 expire 11 lines
04-22 09:51:32.562  7384  7384 D MCLOG   : [MC_Service] onStartcommand()
04-22 09:51:32.579  6583  6606 I BistoWorker: bluetoothConnectionStateChanged. Action: android.bluetooth.device.action.ACL_CONNECTED
04-22 09:51:32.582  6583  6606 I BistoWorker: Ignoring non-bonded action android.bluetooth.device.action.ACL_CONNECTED for device 55:1C:BC:1A:F8:2A
04-22 09:51:32.592 22073 28117 I chatty  : uid=10156 com.google.android.gms.persistent expire 3 lines
04-22 09:51:33.938 22073 28094 I chatty  : uid=10156 com.google.android.gms.persistent expire 10 lines
04-22 09:51:36.878 22073 27962 I chatty  : uid=10156 com.google.android.gms.persistent expire 12 lines
04-22 09:51:36.897 27620 27620 D connectedcrossroad: onConnectionInitiated: Accepting connection
04-22 09:51:36.900 27620 27620 D connectedcrossroad: onEndpointFound: Connection request failure 8003: STATUS_ALREADY_CONNECTED_TO_ENDPOINT
04-22 09:51:40.256     0     0 W swapper/2: type=1400 audit(0.0:2169): avc: denied { kill } for uid=0 capability=5 scontext=u:r:kernel:s0 tcontext=u:r:kernel:s0 tclass=capability permissive=0
04-22 09:51:42.535  2290  2603 I chatty  : uid=1002(bluetooth) btu message loo expire 24 lines
04-22 09:51:42.569 22073 27954 I chatty  : uid=10156 com.google.android.gms.persistent expire 16 lines
04-22 09:51:42.722 22073 22093 I chatty  : uid=10156(com.google.android.gms) FinalizerDaemon expire 3 lines
04-22 09:51:43.873   827  5608 E WifiHAL : Received LOG message with insufficent length: 24
04-22 09:51:43.873   827  5608 E WifiHAL : Received fatal event, sending alert
04-22 09:51:43.874  1743  2414 W WifiVendorHal: onDebugErrorAlert 4104
04-22 09:51:44.172  1743  1756 I system_server: Background concurrent copying GC freed 77821(5426KB) AllocSpace objects, 13(13MB) LOS objects, 42% free, 20MB/35MB, paused 139us total 177.079ms
04-22 09:51:47.542  2290  2348 I chatty  : uid=1002(bluetooth) BT Service Call expire 86 lines
04-22 09:51:47.545 22073 22106 I chatty  : uid=10156(com.google.android.gms) Binder:22073_3 expire 11 lines
04-22 09:51:47.550  2290  2314 I chatty  : uid=1002(bluetooth) Binder:2290_3 expire 10 lines
04-22 09:51:47.551  2290 28133 I chatty  : uid=1002(bluetooth) com.android.bluetooth expire 2 lines
04-22 09:51:47.564  2308  2388 W BluetoothEventManager: AclStateChangedHandler: activeDevice is null
04-22 09:51:47.597  7384  7384 D MCLOG   : [MC_Service] onStartcommand()
04-22 09:51:47.599  6583  6606 I BistoWorker: bluetoothConnectionStateChanged. Action: android.bluetooth.device.action.ACL_DISCONNECTED
04-22 09:51:47.604  6583  6606 I DeviceDetector: Not bonded or not refresh cache.
04-22 09:51:47.604  6583  6606 I BistoWorker: Not a bisto device: 55:1C:BC:1A:F8:2A
04-22 09:51:50.260     0     0 W swapper/1: type=1400 audit(0.0:2170): avc: denied { kill } for uid=0 capability=5 scontext=u:r:kernel:s0 tcontext=u:r:kernel:s0 tclass=capability permissive=0
04-22 09:51:52.174 22073 28085 I chatty  : uid=10156(com.google.android.gms) lowpool[214] expire 10 lines
04-22 09:51:52.179 22073 28088 I chatty  : uid=10156 com.google.android.gms.persistent expire 10 lines
04-22 09:51:52.611  2290  2575 I chatty  : uid=1002(bluetooth) BluetoothScanMa expire 60 lines
04-22 09:51:52.620  2290  2737 I chatty  : uid=1002(bluetooth) Binder:2290_5 expire 16 lines
04-22 09:51:52.636  1743  7290 I WifiService: enableTdls uid=10156 enable=true
04-22 09:51:52.639  1743  6577 I WifiService: enableTdlsWithMacAddress uid=1000 enable=true
04-22 09:51:52.640  5577  5577 I wpa_supplicant: TDLS: Failed to send message (action_code=10)
04-22 09:51:52.640  5577  5577 I wpa_supplicant: StaIface: TDLS discover failed: -1
04-22 09:51:53.107 22073  6684 I chatty  : uid=10156 com.google.android.gms.persistent expire 25 lines
04-22 09:51:54.253   827  5608 E WifiHAL : Received fatal event, sending alert
04-22 09:51:54.255  1743  8718 W WifiVendorHal: onDebugErrorAlert 4104
04-22 09:51:54.770 22073 28130 I chatty  : uid=10156 com.google.android.gms.persistent expire 49 lines
04-22 09:51:54.909  2290  2603 I chatty  : uid=1002(bluetooth) btu message loo expire 239 lines
04-22 09:51:55.406 22073 27954 I chatty  : uid=10156 com.google.android.gms.persistent expire 84 lines
04-22 09:51:55.416  2290  2307 I chatty  : uid=1002(bluetooth) Binder:2290_2 expire 11 lines
04-22 09:51:55.835  2290 28155 I chatty  : uid=1002(bluetooth) com.android.bluetooth expire 2 lines
04-22 09:51:55.842  2308  2388 W BluetoothEventManager: AclStateChangedHandler: activeDevice is null
04-22 09:51:55.864  7384  7384 D MCLOG   : [MC_Service] onStartcommand()
04-22 09:51:55.876  6583  6606 I BistoWorker: bluetoothConnectionStateChanged. Action: android.bluetooth.device.action.ACL_CONNECTED
04-22 09:51:55.877  6583  6606 I BistoWorker: Ignoring non-bonded action android.bluetooth.device.action.ACL_CONNECTED for device 4C:69:0E:D7:CA:C4
04-22 09:51:56.271 22073 22197 I chatty  : uid=10156(com.google.android.gms) Binder:22073_5 expire 12 lines
04-22 09:51:56.634  6583  6613 I BistoDBWrapper: Create DB
04-22 09:51:56.636  3347  3347 I BistoDBWrapper: Create DB
04-22 09:51:56.640  3347  3347 D BluetoothA2dp: Binding service...
04-22 09:51:56.655  3347  3347 I BistoRealService: onStartCommand: 0 1 Intent { act=com.google.android.apps.gsa.broadcastreceiver.SETTINGS_CHANGED cmp=com.google.android.googlequicksearchbox/com.google.android.apps.gsa.staticplugins.bisto.BistoRealService (has extras) }
04-22 09:51:56.658  3347  3347 I BistoRealService: Intent handled internally
04-22 09:51:56.659  3347  3347 D BluetoothA2dp: Proxy object connected
04-22 09:51:57.511 27620 27620 D connectedcrossroad: onConnectionInitiated: Accepting connection
04-22 09:51:57.543 27620 27620 I connectedcrossroad: onConnectionResult: Connection successful
04-22 09:51:57.543 27620 27620 D connectedcrossroad: onConnectionResult: Neighbor added: jgX4
04-22 09:51:57.553 22073 15397 I chatty  : uid=10156 com.google.android.gms.persistent expire 52 lines
04-22 09:51:57.553 22073 27962 I chatty  : uid=10156 com.google.android.gms.persistent expire 62 lines
04-22 09:51:57.631 27620 27620 I connectedcrossroad: onConnectionResult: Connection successful
04-22 09:51:57.631 27620 27620 D connectedcrossroad: onConnectionResult: Neighbor added: G14E
04-22 09:51:57.634 27620 27620 D connectedcrossroad: onEndpointFound: Connection request failure 8011: STATUS_ENDPOINT_UNKNOWN
04-22 09:51:57.634 27620 27620 I connectedcrossroad: onConnectionResult: Connection successful
04-22 09:51:57.634 27620 27620 D connectedcrossroad: onConnectionResult: Neighbor added: 6vp5
04-22 09:51:57.639  2290  2348 I chatty  : uid=1002(bluetooth) BT Service Call expire 200 lines
04-22 09:51:57.640 22073 22328 I chatty  : uid=10156(com.google.android.gms) Binder:22073_8 expire 29 lines
04-22 09:51:57.645  2290 28165 I chatty  : uid=1002(bluetooth) com.android.bluetooth expire 2 lines
04-22 09:51:57.943 27620 27620 I connectedcrossroad: onConnectionResult: Connection successful
04-22 09:51:57.944 27620 27620 D connectedcrossroad: onConnectionResult: Too many neighbors: 3VoB
04-22 09:51:58.437 27620 27915 V perf    : Discovered neighbor: 4 (G14E)
04-22 09:51:58.437 27620 27915 V perf    : Bytes sent: 0, received: 612
04-22 09:51:58.437 27620 27915 D connectedcrossroad: Data collect: HELO
04-22 09:51:58.437 27620 27915 V data    : Payload RX: 0
04-22 09:51:58.437 27620 27915 V data    : Payload TX: 0
04-22 09:51:58.437 27620 27915 V data    : Total RX: 612
04-22 09:51:58.437 27620 27915 V data    : Total TX: 0
04-22 09:51:58.809   720  1295 D NetdFwmarkServer: Cmd 0: 0, 10156: UserP=3, fwmark=1F0064
04-22 09:51:58.814  1743  6519 I WifiService: enableTdls uid=10156 enable=true
04-22 09:51:58.818  1743  6577 I WifiService: enableTdlsWithMacAddress uid=1000 enable=true
04-22 09:51:58.819  5577  5577 I wpa_supplicant: TDLS: Failed to send message (action_code=10)
04-22 09:51:58.819  5577  5577 I wpa_supplicant: StaIface: TDLS discover failed: -1
04-22 09:51:59.569  1743  2059 D BatteryService: uevent={POWER_SUPPLY_DP_DM=0, POWER_SUPPLY_VOLTAGE_NOW=3969037, POWER_SUPPLY_SW_JEITA_ENABLED=0, POWER_SUPPLY_CHARGE_CONTROL_LIMIT_MAX=8, POWER_SUPPLY_RECHARGE_SOC=99, POWER_SUPPLY_HEALTH=Good, POWER_SUPPLY_TECHNOLOGY=Li-ion, POWER_SUPPLY_FCC_STEPPER_ENABLE=0, SEQNUM=615015, POWER_SUPPLY_INPUT_CURRENT_LIMITED=0, POWER_SUPPLY_CHARGE_CONTROL_LIMIT=0, POWER_SUPPLY_BATTERY_CHARGING_ENABLED=1, POWER_SUPPLY_STATUS=Discharging, POWER_SUPPLY_CYCLE_COUNT=6, POWER_SUPPLY_CURRENT_MAX=2000000, POWER_SUPPLY_CHARGE_TERM_CURRENT=-101, POWER_SUPPLY_CAPACITY=69, DEVPATH=/devices/platform/soc/200f000.qcom,spmi/spmi-0/spmi0-02/200f000.qcom,spmi:qcom,pmi632@2:qcom,qpnp-smb5/power_supply/battery, POWER_SUPPLY_CHARGE_DONE=0, POWER_SUPPLY_CHARGE_TYPE=N/A, POWER_SUPPLY_CHARGE_RATE=None, POWER_SUPPLY_CURRENT_NOW=-209655, POWER_SUPPLY_SYSTEM_TEMP_LEVEL=0, POWER_SUPPLY_PRESENT=1, POWER_SUPPLY_PARALLEL_DISABLE=0, POWER_SUPPLY_CHARGE_FULL=3505000, SUBSYSTEM=power_supply, POWER_SUPPLY_SET_SHIP_MODE=0, POWER_SUPPLY_TEMP=217, ACTION=change, POWER_SUPPLY_RERUN_AICL=0, POWER_SUPPLY_AGE=97, POWER_SUPPLY_NAME=battery, POWER_SUPPLY_VOLTAGE_MAX=-22, POWER_SUPPLY_CONSTANT_CHARGE_CURRENT_MAX=2000000, POWER_SUPPLY_CHARGE_COUNTER=2383400, POWER_SUPPLY_STEP_CHARGING_ENABLED=0, POWER_SUPPLY_NUM_SYSTEM_TEMP_LEVELS=8, POWER_SUPPLY_DIE_HEALTH=Hot, POWER_SUPPLY_INPUT_SUSPEND=0}
04-22 09:51:59.582  2498  2498 D QtiCarrierConfigHelper: WARNING, no carrier configs on phone Id: 0
04-22 09:52:00.014  2308  2308 W View    : requestLayout() improperly called by com.android.systemui.statusbar.HeadsUpStatusBarView{53e8307 I.E...... ......ID 0,0-248,56 #7f0a01f7 app:id/heads_up_status_bar_view} during layout: running second layout pass
04-22 09:52:00.186  2308  2388 W BluetoothEventManager: AclStateChangedHandler: activeDevice is null
04-22 09:52:00.193  2290 28166 I chatty  : uid=1002(bluetooth) com.android.bluetooth expire 2 lines
04-22 09:52:00.213  7384  7384 D MCLOG   : [MC_Service] onStartcommand()
04-22 09:52:00.223  6583  6606 I BistoWorker: bluetoothConnectionStateChanged. Action: android.bluetooth.device.action.ACL_CONNECTED
04-22 09:52:00.224  6583  6606 I BistoWorker: Ignoring non-bonded action android.bluetooth.device.action.ACL_CONNECTED for device 46:54:88:F3:16:F8
04-22 09:52:00.475 22073 28168 I chatty  : uid=10156 com.google.android.gms.persistent expire 5 lines
04-22 09:52:00.642 27620 27915 D connectedcrossroad: Data collect: HELO
04-22 09:52:00.642 27620 27915 V data    : Payload RX: 0
04-22 09:52:00.642 27620 27915 V data    : Payload TX: 0
04-22 09:52:00.642 27620 27915 V data    : Total RX: 1224
04-22 09:52:00.642 27620 27915 V data    : Total TX: 3672
04-22 09:52:01.837  2290 28170 I chatty  : uid=1002(bluetooth) com.android.bluetooth expire 2 lines
04-22 09:52:01.846  2290  2314 I chatty  : uid=1002(bluetooth) Binder:2290_3 expire 13 lines
04-22 09:52:01.892 27620 27620 D connectedcrossroad: onEndpointLost: yjQ-
04-22 09:52:01.933  2290 15472 I chatty  : uid=1002(bluetooth) Binder:2290_7 expire 13 lines
04-22 09:52:02.696 27620 27915 D connectedcrossroad: Data collect: HELO
04-22 09:52:02.696 27620 27915 V data    : Payload RX: 0
04-22 09:52:02.697 27620 27915 V data    : Payload TX: 0
04-22 09:52:02.697 27620 27915 V data    : Total RX: 1836
04-22 09:52:02.697 27620 27915 V data    : Total TX: 5508
04-22 09:52:03.119 22073 28094 I chatty  : uid=10156 com.google.android.gms.persistent expire 10 lines
04-22 09:52:03.305  2290 28171 I chatty  : uid=1002(bluetooth) com.android.bluetooth expire 2 lines
04-22 09:52:03.319  2308  2388 W BluetoothEventManager: AclStateChangedHandler: activeDevice is null
04-22 09:52:03.337  7384  7384 D MCLOG   : [MC_Service] onStartcommand()
04-22 09:52:03.344  6583  6606 I BistoWorker: bluetoothConnectionStateChanged. Action: android.bluetooth.device.action.ACL_CONNECTED
04-22 09:52:03.345  6583  6606 I BistoWorker: Ignoring non-bonded action android.bluetooth.device.action.ACL_CONNECTED for device 55:1C:BC:1A:F8:2A
04-22 09:52:03.346 22073 28152 I chatty  : uid=10156 com.google.android.gms.persistent expire 1 line
04-22 09:52:03.425 22073 28084 I chatty  : uid=10156 com.google.android.gms.persistent expire 13 lines
04-22 09:52:04.400   827  5608 E WifiHAL : Received fatal event, sending alert
04-22 09:52:04.401  1743  1783 W WifiVendorHal: onDebugErrorAlert 4104
04-22 09:52:04.477 22073 22106 I chatty  : uid=10156(com.google.android.gms) Binder:22073_3 expire 11 lines
04-22 09:52:04.597 27620 27915 D connectedcrossroad: Data collect: HELO
04-22 09:52:04.598 27620 27915 V data    : Payload RX: 0
04-22 09:52:04.598 27620 27915 V data    : Payload TX: 0
04-22 09:52:04.598 27620 27915 V data    : Total RX: 2448
04-22 09:52:04.598 27620 27915 V data    : Total TX: 7344
04-22 09:52:05.115  2290 28175 I chatty  : uid=1002(bluetooth) com.android.bluetooth expire 2 lines
04-22 09:52:05.125  2290  2575 I chatty  : uid=1002(bluetooth) BluetoothScanMa expire 13 lines
04-22 09:52:05.741  2290  2290 I chatty  : uid=1002(bluetooth) com.android.bluetooth expire 8 lines
04-22 09:52:05.766  7384  7384 D MCLOG   : [MC_Service] onStartcommand()
04-22 09:52:05.776  6583  6606 I BistoWorker: bluetoothConnectionStateChanged. Action: android.bluetooth.device.action.ACL_DISCONNECTED
04-22 09:52:05.785  6583  6606 I DeviceDetector: Not bonded or not refresh cache.
04-22 09:52:05.785  6583  6606 I BistoWorker: Not a bisto device: 58:CB:52:5B:BF:2C
04-22 09:52:06.079  2290  2603 I chatty  : uid=1002(bluetooth) btu message loo expire 34 lines
04-22 09:52:06.291  2290 28176 I chatty  : uid=1002(bluetooth) com.android.bluetooth expire 2 lines
04-22 09:52:07.292 27620 27915 D connectedcrossroad: Data collect: HELO
04-22 09:52:07.293 27620 27915 V data    : Payload RX: 0
04-22 09:52:07.293 27620 27915 V data    : Payload TX: 0
04-22 09:52:07.293 27620 27915 V data    : Total RX: 3060
04-22 09:52:07.293 27620 27915 V data    : Total TX: 9180
04-22 09:52:07.692 24895 28177 I chatty  : uid=10156(com.google.android.gms) expire 2 lines
04-22 09:52:08.340 22073 28086 I chatty  : uid=10156 com.google.android.gms.persistent expire 12 lines
04-22 09:52:09.705 22073  6684 I chatty  : uid=10156 com.google.android.gms.persistent expire 12 lines
04-22 09:52:10.263     0     0 W swapper/1: type=1400 audit(0.0:2171): avc: denied { kill } for uid=0 capability=5 scontext=u:r:kernel:s0 tcontext=u:r:kernel:s0 tclass=capability permissive=0
04-22 09:52:11.243 27620 27915 D connectedcrossroad: Data collect: HELO
04-22 09:52:11.244 27620 27915 V data    : Payload RX: 0
04-22 09:52:11.244 27620 27915 V data    : Payload TX: 0
04-22 09:52:11.244 27620 27915 V data    : Total RX: 3672
04-22 09:52:11.244 27620 27915 V data    : Total TX: 12852
04-22 09:52:13.822 27620 27915 D connectedcrossroad: Data collect: HELO
04-22 09:52:13.822 27620 27915 V data    : Payload RX: 0
04-22 09:52:13.822 27620 27915 V data    : Payload TX: 0
04-22 09:52:13.822 27620 27915 V data    : Total RX: 4284
04-22 09:52:13.822 27620 27915 V data    : Total TX: 14688
04-22 09:52:13.961 27620 27915 V perf    : Discovered neighbor: 5 (6vp5)
04-22 09:52:13.961 27620 27915 V perf    : Bytes sent: 14688, received: 4896
04-22 09:52:13.961 27620 27915 D connectedcrossroad: Data collect: HELO
04-22 09:52:13.961 27620 27915 V data    : Payload RX: 0
04-22 09:52:13.962 27620 27915 V data    : Payload TX: 0
04-22 09:52:13.962 27620 27915 V data    : Total RX: 4896
04-22 09:52:13.962 27620 27915 V data    : Total TX: 14688
04-22 09:52:14.572 22073 27954 I chatty  : uid=10156 com.google.android.gms.persistent expire 75 lines
04-22 09:52:14.796  3347  3347 I BistoRealService: onStartCommand: 0 2 Intent { act=com.google.android.apps.gsa.broadcastreceiver.SETTINGS_CHANGED cmp=com.google.android.googlequicksearchbox/com.google.android.apps.gsa.staticplugins.bisto.BistoRealService (has extras) }
04-22 09:52:14.797  3347  3347 I BistoRealService: Intent handled internally
04-22 09:52:15.480 27620 27915 D connectedcrossroad: Data collect: HELO
04-22 09:52:15.480 27620 27915 V data    : Payload RX: 0
04-22 09:52:15.481 27620 27915 V data    : Payload TX: 0
04-22 09:52:15.481 27620 27915 V data    : Total RX: 5508
04-22 09:52:15.481 27620 27915 V data    : Total TX: 16524
04-22 09:52:15.805 27620 27915 D connectedcrossroad: Data collect: HELO
04-22 09:52:15.806 27620 27915 V data    : Payload RX: 0
04-22 09:52:15.806 27620 27915 V data    : Payload TX: 0
04-22 09:52:15.806 27620 27915 V data    : Total RX: 6120
04-22 09:52:15.806 27620 27915 V data    : Total TX: 16524
04-22 09:52:16.432   827  5608 E WifiHAL : Received LOG message with insufficent length: 24
04-22 09:52:16.432   827  5608 E WifiHAL : Received fatal event, sending alert
04-22 09:52:16.433  1743  2414 W WifiVendorHal: onDebugErrorAlert 4104
04-22 09:52:16.567 22073 27962 I chatty  : uid=10156 com.google.android.gms.persistent expire 70 lines
04-22 09:52:16.570 22073 15397 I chatty  : uid=10156 com.google.android.gms.persistent expire 47 lines
04-22 09:52:16.657  3347  3347 I BistoRealService: requestDestroy
04-22 09:52:16.663  3347  3347 I BistoRealService: onDestroy
04-22 09:52:16.669  3347  3347 I BistoWiredManager: close
04-22 09:52:16.671  3347  3347 D BluetoothA2dp: Unbinding service...
04-22 09:52:16.675  3347  3347 I BistoClassicManager: close
04-22 09:52:17.308 27620 27915 D connectedcrossroad: Data collect: HELO
04-22 09:52:17.308 27620 27915 V data    : Payload RX: 0
04-22 09:52:17.308 27620 27915 V data    : Payload TX: 0
04-22 09:52:17.308 27620 27915 V data    : Total RX: 6732
04-22 09:52:17.308 27620 27915 V data    : Total TX: 18360
04-22 09:52:17.910 27620 27915 D connectedcrossroad: Data collect: HELO
04-22 09:52:17.910 27620 27915 V data    : Payload RX: 0
04-22 09:52:17.910 27620 27915 V data    : Payload TX: 0
04-22 09:52:17.910 27620 27915 V data    : Total RX: 7344
04-22 09:52:17.910 27620 27915 V data    : Total TX: 18360
04-22 09:52:18.828 27620 27915 D connectedcrossroad: Data collect: HELO
04-22 09:52:18.828 27620 27915 V data    : Payload RX: 0
04-22 09:52:18.828 27620 27915 V data    : Payload TX: 0
04-22 09:52:18.828 27620 27915 V data    : Total RX: 7956
04-22 09:52:18.829 27620 27915 V data    : Total TX: 20196
04-22 09:52:18.970 27620 27915 D connectedcrossroad: Data collect: HELO
04-22 09:52:18.970 27620 27915 V data    : Payload RX: 0
04-22 09:52:18.970 27620 27915 V data    : Payload TX: 0
04-22 09:52:18.970 27620 27915 V data    : Total RX: 8568
04-22 09:52:18.970 27620 27915 V data    : Total TX: 20196
04-22 09:52:20.266     0     0 W swapper/3: type=1400 audit(0.0:2172): avc: denied { kill } for uid=0 capability=5 scontext=u:r:kernel:s0 tcontext=u:r:kernel:s0 tclass=capability permissive=0
04-22 09:52:21.702 27620 27915 D connectedcrossroad: Data collect: HELO
04-22 09:52:21.702 27620 27915 V data    : Payload RX: 0
04-22 09:52:21.702 27620 27915 V data    : Payload TX: 0
04-22 09:52:21.702 27620 27915 V data    : Total RX: 9180
04-22 09:52:21.702 27620 27915 V data    : Total TX: 22032
04-22 09:52:22.470 27620 27915 D connectedcrossroad: Data collect: HELO
04-22 09:52:22.471 27620 27915 V data    : Payload RX: 0
04-22 09:52:22.471 27620 27915 V data    : Payload TX: 0
04-22 09:52:22.471 27620 27915 V data    : Total RX: 9792
04-22 09:52:22.471 27620 27915 V data    : Total TX: 22032
04-22 09:52:23.169  1743  7056 D WificondControl: Scan result ready event
04-22 09:52:23.364  1743  1756 I system_server: Background concurrent copying GC freed 49018(3646KB) AllocSpace objects, 10(11MB) LOS objects, 42% free, 20MB/35MB, paused 139us total 185.619ms
04-22 09:52:23.835 27620 27915 D connectedcrossroad: Data collect: HELO
04-22 09:52:23.835 27620 27915 V data    : Payload RX: 0
04-22 09:52:23.835 27620 27915 V data    : Payload TX: 0
04-22 09:52:23.835 27620 27915 V data    : Total RX: 11016
04-22 09:52:23.835 27620 27915 V data    : Total TX: 23868
04-22 09:52:23.838 27620 27915 D connectedcrossroad: Data collect: HELO
04-22 09:52:23.838 27620 27915 V data    : Payload RX: 0
04-22 09:52:23.838 27620 27915 V data    : Payload TX: 0
04-22 09:52:23.838 27620 27915 V data    : Total RX: 11016
04-22 09:52:23.839 27620 27915 V data    : Total TX: 23868
04-22 09:52:24.449 27620 27915 D connectedcrossroad: Data collect: HELO
04-22 09:52:24.450 27620 27915 V data    : Payload RX: 0
04-22 09:52:24.450 27620 27915 V data    : Payload TX: 0
04-22 09:52:24.450 27620 27915 V data    : Total RX: 11628
04-22 09:52:24.450 27620 27915 V data    : Total TX: 23868
04-22 09:52:25.067 27620 27915 D connectedcrossroad: Data collect: HELO
04-22 09:52:25.067 27620 27915 V data    : Payload RX: 0
04-22 09:52:25.067 27620 27915 V data    : Payload TX: 0
04-22 09:52:25.067 27620 27915 V data    : Total RX: 12240
04-22 09:52:25.067 27620 27915 V data    : Total TX: 25704
04-22 09:52:25.817 27620 27915 D connectedcrossroad: Data collect: HELO
04-22 09:52:25.817 27620 27915 V data    : Payload RX: 0
04-22 09:52:25.818 27620 27915 V data    : Payload TX: 0
04-22 09:52:25.818 27620 27915 V data    : Total RX: 13464
04-22 09:52:25.818 27620 27915 V data    : Total TX: 25704
04-22 09:52:25.825 27620 27915 D connectedcrossroad: Data collect: HELO
04-22 09:52:25.825 27620 27915 V data    : Payload RX: 0
04-22 09:52:25.825 27620 27915 V data    : Payload TX: 0
04-22 09:52:25.826 27620 27915 V data    : Total RX: 13464
04-22 09:52:25.826 27620 27915 V data    : Total TX: 25704
04-22 09:52:27.503 27620 27915 D connectedcrossroad: Data collect: HELO
04-22 09:52:27.504 27620 27915 V data    : Payload RX: 0
04-22 09:52:27.504 27620 27915 V data    : Payload TX: 0
04-22 09:52:27.504 27620 27915 V data    : Total RX: 14076
04-22 09:52:27.504 27620 27915 V data    : Total TX: 27540
04-22 09:52:28.371   827  5608 E WifiHAL : Received LOG message with insufficent length: 24
04-22 09:52:28.371   827  5608 E WifiHAL : Received fatal event, sending alert
04-22 09:52:28.372  1743  2414 W WifiVendorHal: onDebugErrorAlert 4104
04-22 09:52:29.295  1743  1771 I UsageStatsService: User[0] Flushing usage stats to disk
04-22 09:52:29.363  1743  1771 E AppIdleHistory: Error writing app idle file for user 0
04-22 09:52:30.081 27620 27915 D connectedcrossroad: Data collect: HELO
04-22 09:52:30.081 27620 27915 V data    : Payload RX: 0
04-22 09:52:30.081 27620 27915 V data    : Payload TX: 0
04-22 09:52:30.081 27620 27915 V data    : Total RX: 14688
04-22 09:52:30.081 27620 27915 V data    : Total TX: 29376
04-22 09:52:30.227 27620 27915 D connectedcrossroad: Data collect: HELO
04-22 09:52:30.227 27620 27915 V data    : Payload RX: 0
04-22 09:52:30.227 27620 27915 V data    : Payload TX: 0
04-22 09:52:30.227 27620 27915 V data    : Total RX: 15300
04-22 09:52:30.227 27620 27915 V data    : Total TX: 29376
04-22 09:52:30.270     0     0 W swapper/0: type=1400 audit(0.0:2173): avc: denied { kill } for uid=0 capability=5 scontext=u:r:kernel:s0 tcontext=u:r:kernel:s0 tclass=capability permissive=0
04-22 09:52:31.604 27620 27915 D connectedcrossroad: Data collect: HELO
04-22 09:52:31.605 27620 27915 V data    : Payload RX: 0
04-22 09:52:31.605 27620 27915 V data    : Payload TX: 0
04-22 09:52:31.605 27620 27915 V data    : Total RX: 15912
04-22 09:52:31.605 27620 27915 V data    : Total TX: 31212
04-22 09:52:32.828 27620 27915 D connectedcrossroad: Data collect: HELO
04-22 09:52:32.829 27620 27915 V data    : Payload RX: 0
04-22 09:52:32.829 27620 27915 V data    : Payload TX: 0
04-22 09:52:32.829 27620 27915 V data    : Total RX: 16524
04-22 09:52:32.829 27620 27915 V data    : Total TX: 33048
04-22 09:52:32.973 27620 27915 D connectedcrossroad: Data collect: HELO
04-22 09:52:32.973 27620 27915 V data    : Payload RX: 0
04-22 09:52:32.973 27620 27915 V data    : Payload TX: 0
04-22 09:52:32.973 27620 27915 V data    : Total RX: 17136
04-22 09:52:32.974 27620 27915 V data    : Total TX: 33048
04-22 09:52:33.431 27620 27915 D connectedcrossroad: Data collect: HELO
04-22 09:52:33.432 27620 27915 V data    : Payload RX: 0
04-22 09:52:33.432 27620 27915 V data    : Payload TX: 0
04-22 09:52:33.432 27620 27915 V data    : Total RX: 17748
04-22 09:52:33.432 27620 27915 V data    : Total TX: 33048
04-22 09:52:33.852  2290  2603 I chatty  : uid=1002(bluetooth) btu message loo expire 96 lines
04-22 09:52:33.853  2290  2348 I chatty  : uid=1002(bluetooth) BT Service Call expire 94 lines
04-22 09:52:34.184 27620 27915 D connectedcrossroad: Data collect: HELO
04-22 09:52:34.185 27620 27915 V data    : Payload RX: 0
04-22 09:52:34.185 27620 27915 V data    : Payload TX: 0
04-22 09:52:34.185 27620 27915 V data    : Total RX: 18360
04-22 09:52:34.185 27620 27915 V data    : Total TX: 33048
04-22 09:52:35.167 22073 27962 I chatty  : uid=10156 com.google.android.gms.persistent expire 49 lines
04-22 09:52:35.263 27620 27915 D connectedcrossroad: Data collect: HELO
04-22 09:52:35.264 27620 27915 V data    : Payload RX: 0
04-22 09:52:35.264 27620 27915 V data    : Payload TX: 0
04-22 09:52:35.264 27620 27915 V data    : Total RX: 18972
04-22 09:52:35.264 27620 27915 V data    : Total TX: 34884
04-22 09:52:35.725 22073 27954 I chatty  : uid=10156 com.google.android.gms.persistent expire 35 lines
04-22 09:52:36.628 27620 27915 D connectedcrossroad: Data collect: HELO
04-22 09:52:36.628 27620 27915 V data    : Payload RX: 0
04-22 09:52:36.628 27620 27915 V data    : Payload TX: 0
04-22 09:52:36.628 27620 27915 V data    : Total RX: 19584
04-22 09:52:36.628 27620 27915 V data    : Total TX: 34884
04-22 09:52:36.712 22073 28200 I chatty  : uid=10156 com.google.android.gms.persistent expire 47 lines
04-22 09:52:39.017   827  5608 E WifiHAL : Received LOG message with insufficent length: 24
04-22 09:52:39.017   827  5608 E WifiHAL : Received fatal event, sending alert
04-22 09:52:39.019  1743  1783 W WifiVendorHal: onDebugErrorAlert 4104
04-22 09:52:40.273     0     0 W swapper/1: type=1400 audit(0.0:2174): avc: denied { kill } for uid=0 capability=5 scontext=u:r:kernel:s0 tcontext=u:r:kernel:s0 tclass=capability permissive=0
04-22 09:52:40.438 27620 27915 D connectedcrossroad: Data collect: HELO
04-22 09:52:40.439 27620 27915 V data    : Payload RX: 0
04-22 09:52:40.439 27620 27915 V data    : Payload TX: 0
04-22 09:52:40.439 27620 27915 V data    : Total RX: 20196
04-22 09:52:40.439 27620 27915 V data    : Total TX: 38556
04-22 09:52:40.541  2290  2575 I chatty  : uid=1002(bluetooth) BluetoothScanMa expire 20 lines
04-22 09:52:40.551 22073 22330 I chatty  : uid=10156(com.google.android.gms) Binder:22073_9 expire 10 lines
04-22 09:52:40.657 22073 22327 I chatty  : uid=10156(com.google.android.gms) Binder:22073_7 expire 18 lines
04-22 09:52:40.707 27620 27915 D connectedcrossroad: Data collect: HELO
04-22 09:52:40.708 27620 27915 V data    : Payload RX: 0
04-22 09:52:40.708 27620 27915 V data    : Payload TX: 0
04-22 09:52:40.708 27620 27915 V data    : Total RX: 20808
04-22 09:52:40.708 27620 27915 V data    : Total TX: 38556
04-22 09:52:40.727 22073 15397 I chatty  : uid=10156 com.google.android.gms.persistent expire 3 lines
04-22 09:52:40.759 27620 27915 D connectedcrossroad: Data collect: HELO
04-22 09:52:40.760 27620 27915 V data    : Payload RX: 0
04-22 09:52:40.760 27620 27915 V data    : Payload TX: 0
04-22 09:52:40.760 27620 27915 V data    : Total RX: 21420
04-22 09:52:40.760 27620 27915 V data    : Total TX: 40392
04-22 09:52:41.777 27620 27915 D connectedcrossroad: Data collect: HELO
04-22 09:52:41.778 27620 27915 V data    : Payload RX: 0
04-22 09:52:41.778 27620 27915 V data    : Payload TX: 0
04-22 09:52:41.778 27620 27915 V data    : Total RX: 22032
04-22 09:52:41.778 27620 27915 V data    : Total TX: 40392
04-22 09:52:41.855 27620 27915 D connectedcrossroad: Data collect: HELO
04-22 09:52:41.856 27620 27915 V data    : Payload RX: 0
04-22 09:52:41.856 27620 27915 V data    : Payload TX: 0
04-22 09:52:41.856 27620 27915 V data    : Total RX: 22644
04-22 09:52:41.856 27620 27915 V data    : Total TX: 40392
04-22 09:52:41.997 27620 27915 D connectedcrossroad: Data collect: HELO
04-22 09:52:41.998 27620 27915 V data    : Payload RX: 0
04-22 09:52:41.998 27620 27915 V data    : Payload TX: 0
04-22 09:52:41.998 27620 27915 V data    : Total RX: 23256
04-22 09:52:41.998 27620 27915 V data    : Total TX: 40392
04-22 09:52:42.416 22073 22793 I chatty  : uid=10156(com.google.android.gms) Binder:22073_C expire 8 lines
04-22 09:52:42.761 22073 28094 I chatty  : uid=10156 com.google.android.gms.persistent expire 4 lines
04-22 09:52:42.789  2290 15472 I chatty  : uid=1002(bluetooth) Binder:2290_7 expire 13 lines
04-22 09:52:42.793  2290 28214 I chatty  : uid=1002(bluetooth) com.android.bluetooth expire 2 lines
04-22 09:52:42.801  2290  2307 I chatty  : uid=1002(bluetooth) Binder:2290_2 expire 11 lines
04-22 09:52:45.320 27620 27915 D connectedcrossroad: Data collect: HELO
04-22 09:52:45.320 27620 27915 V data    : Payload RX: 0
04-22 09:52:45.320 27620 27915 V data    : Payload TX: 0
04-22 09:52:45.320 27620 27915 V data    : Total RX: 23868
04-22 09:52:45.320 27620 27915 V data    : Total TX: 44064
04-22 09:52:45.769 27620 27915 D connectedcrossroad: Data collect: HELO
04-22 09:52:45.769 27620 27915 V data    : Payload RX: 0
04-22 09:52:45.769 27620 27915 V data    : Payload TX: 0
04-22 09:52:45.770 27620 27915 V data    : Total RX: 24480
04-22 09:52:45.770 27620 27915 V data    : Total TX: 44064
04-22 09:52:45.842  2290  2603 I chatty  : uid=1002(bluetooth) btu message loo expire 15 lines
04-22 09:52:45.859 22073 27962 I chatty  : uid=10156 com.google.android.gms.persistent expire 70 lines
04-22 09:52:46.770 22073 27954 I chatty  : uid=10156 com.google.android.gms.persistent expire 48 lines
04-22 09:52:48.190 27620 27915 D connectedcrossroad: Data collect: HELO
04-22 09:52:48.191 27620 27915 V data    : Payload RX: 0
04-22 09:52:48.191 27620 27915 V data    : Payload TX: 0
04-22 09:52:48.191 27620 27915 V data    : Total RX: 25092
04-22 09:52:48.191 27620 27915 V data    : Total TX: 45900
04-22 09:52:48.350 27620 27915 D connectedcrossroad: Data collect: HELO
04-22 09:52:48.351 27620 27915 V data    : Payload RX: 0
04-22 09:52:48.351 27620 27915 V data    : Payload TX: 0
04-22 09:52:48.351 27620 27915 V data    : Total RX: 25704
04-22 09:52:48.351 27620 27915 V data    : Total TX: 45900
04-22 09:52:48.778 22073 28200 I chatty  : uid=10156 com.google.android.gms.persistent expire 19 lines
04-22 09:52:49.950  2290  2348 I chatty  : uid=1002(bluetooth) BT Service Call expire 19 lines
04-22 09:52:50.276     0     0 W swapper/3: type=1400 audit(0.0:2175): avc: denied { kill } for uid=0 capability=5 scontext=u:r:kernel:s0 tcontext=u:r:kernel:s0 tclass=capability permissive=0
04-22 09:52:50.780 27620 27915 D connectedcrossroad: Data collect: HELO
04-22 09:52:50.781 27620 27915 V data    : Payload RX: 0
04-22 09:52:50.781 27620 27915 V data    : Payload TX: 0
04-22 09:52:50.781 27620 27915 V data    : Total RX: 26316
04-22 09:52:50.781 27620 27915 V data    : Total TX: 49572
04-22 09:52:50.902   827  5608 E WifiHAL : Received LOG message with insufficent length: 24
04-22 09:52:50.902   827  5608 E WifiHAL : Received fatal event, sending alert
04-22 09:52:50.903  1743  8718 W WifiVendorHal: onDebugErrorAlert 4104
04-22 09:52:51.686 27620 27915 D connectedcrossroad: Data collect: HELO
04-22 09:52:51.686 27620 27915 V data    : Payload RX: 0
04-22 09:52:51.686 27620 27915 V data    : Payload TX: 0
04-22 09:52:51.686 27620 27915 V data    : Total RX: 26928
04-22 09:52:51.687 27620 27915 V data    : Total TX: 49572
04-22 09:52:52.755 27620 27915 D connectedcrossroad: Data collect: HELO
04-22 09:52:52.755 27620 27915 V data    : Payload RX: 0
04-22 09:52:52.755 27620 27915 V data    : Payload TX: 0
04-22 09:52:52.755 27620 27915 V data    : Total RX: 27540
04-22 09:52:52.755 27620 27915 V data    : Total TX: 49572
04-22 09:52:53.204 27620 27915 D connectedcrossroad: Data collect: HELO
04-22 09:52:53.204 27620 27915 V data    : Payload RX: 0
04-22 09:52:53.204 27620 27915 V data    : Payload TX: 0
04-22 09:52:53.205 27620 27915 V data    : Total RX: 28152
04-22 09:52:53.205 27620 27915 V data    : Total TX: 51408
04-22 09:52:53.212 27620 27915 D connectedcrossroad: Data collect: HELO
04-22 09:52:53.212 27620 27915 V data    : Payload RX: 0
04-22 09:52:53.213 27620 27915 V data    : Payload TX: 0
04-22 09:52:53.213 27620 27915 V data    : Total RX: 28764
04-22 09:52:53.213 27620 27915 V data    : Total TX: 51408
04-22 09:52:56.390 27620 27915 D connectedcrossroad: Data collect: HELO
04-22 09:52:56.390 27620 27915 V data    : Payload RX: 0
04-22 09:52:56.390 27620 27915 V data    : Payload TX: 0
04-22 09:52:56.391 27620 27915 V data    : Total RX: 29376
04-22 09:52:56.391 27620 27915 V data    : Total TX: 53244
04-22 09:52:57.602 27620 27915 D connectedcrossroad: Data collect: HELO
04-22 09:52:57.603 27620 27915 V data    : Payload RX: 0
04-22 09:52:57.603 27620 27915 V data    : Payload TX: 0
04-22 09:52:57.603 27620 27915 V data    : Total RX: 29988
04-22 09:52:57.603 27620 27915 V data    : Total TX: 55080
04-22 09:52:58.059 27620 27915 D connectedcrossroad: Data collect: HELO
04-22 09:52:58.060 27620 27915 V data    : Payload RX: 0
04-22 09:52:58.060 27620 27915 V data    : Payload TX: 0
04-22 09:52:58.060 27620 27915 V data    : Total RX: 30600
04-22 09:52:58.060 27620 27915 V data    : Total TX: 55080
04-22 09:53:00.035 27620 27915 D connectedcrossroad: Data collect: HELO
04-22 09:53:00.035 27620 27915 V data    : Payload RX: 0
04-22 09:53:00.035 27620 27915 V data    : Payload TX: 0
04-22 09:53:00.035 27620 27915 V data    : Total RX: 31212
04-22 09:53:00.035 27620 27915 V data    : Total TX: 56916
04-22 09:53:00.040  2308  2308 W View    : requestLayout() improperly called by com.android.systemui.statusbar.HeadsUpStatusBarView{53e8307 I.E...... ......ID 0,0-248,56 #7f0a01f7 app:id/heads_up_status_bar_view} during layout: running second layout pass
04-22 09:53:00.280     0     0 W swapper/0: type=1400 audit(0.0:2176): avc: denied { kill } for uid=0 capability=5 scontext=u:r:kernel:s0 tcontext=u:r:kernel:s0 tclass=capability permissive=0
04-22 09:53:01.009  1743  2059 D BatteryService: uevent={POWER_SUPPLY_DP_DM=0, POWER_SUPPLY_VOLTAGE_NOW=3968064, POWER_SUPPLY_SW_JEITA_ENABLED=0, POWER_SUPPLY_CHARGE_CONTROL_LIMIT_MAX=8, POWER_SUPPLY_RECHARGE_SOC=99, POWER_SUPPLY_HEALTH=Good, POWER_SUPPLY_TECHNOLOGY=Li-ion, POWER_SUPPLY_FCC_STEPPER_ENABLE=0, SEQNUM=615136, POWER_SUPPLY_INPUT_CURRENT_LIMITED=0, POWER_SUPPLY_CHARGE_CONTROL_LIMIT=0, POWER_SUPPLY_BATTERY_CHARGING_ENABLED=1, POWER_SUPPLY_STATUS=Discharging, POWER_SUPPLY_CYCLE_COUNT=6, POWER_SUPPLY_CURRENT_MAX=2000000, POWER_SUPPLY_CHARGE_TERM_CURRENT=-101, POWER_SUPPLY_CAPACITY=69, DEVPATH=/devices/platform/soc/200f000.qcom,spmi/spmi-0/spmi0-02/200f000.qcom,spmi:qcom,pmi632@2:qcom,qpnp-smb5/power_supply/battery, POWER_SUPPLY_CHARGE_DONE=0, POWER_SUPPLY_CHARGE_TYPE=N/A, POWER_SUPPLY_CHARGE_RATE=None, POWER_SUPPLY_CURRENT_NOW=-205536, POWER_SUPPLY_SYSTEM_TEMP_LEVEL=0, POWER_SUPPLY_PRESENT=1, POWER_SUPPLY_PARALLEL_DISABLE=0, POWER_SUPPLY_CHARGE_FULL=3505000, SUBSYSTEM=power_supply, POWER_SUPPLY_SET_SHIP_MODE=0, POWER_SUPPLY_TEMP=218, ACTION=change, POWER_SUPPLY_RERUN_AICL=0, POWER_SUPPLY_AGE=97, POWER_SUPPLY_NAME=battery, POWER_SUPPLY_VOLTAGE_MAX=-22, POWER_SUPPLY_CONSTANT_CHARGE_CURRENT_MAX=2000000, POWER_SUPPLY_CHARGE_COUNTER=2383400, POWER_SUPPLY_STEP_CHARGING_ENABLED=0, POWER_SUPPLY_NUM_SYSTEM_TEMP_LEVELS=8, POWER_SUPPLY_DIE_HEALTH=Hot, POWER_SUPPLY_INPUT_SUSPEND=0}
04-22 09:53:01.027  2498  2498 D QtiCarrierConfigHelper: WARNING, no carrier configs on phone Id: 0
04-22 09:53:02.180 27620 27915 D connectedcrossroad: Data collect: HELO
04-22 09:53:02.181 27620 27915 V data    : Payload RX: 0
04-22 09:53:02.181 27620 27915 V data    : Payload TX: 0
04-22 09:53:02.181 27620 27915 V data    : Total RX: 31824
04-22 09:53:02.181 27620 27915 V data    : Total TX: 58752
04-22 09:53:02.654   827  5608 E WifiHAL : Received LOG message with insufficent length: 24
04-22 09:53:02.655   827  5608 E WifiHAL : Received fatal event, sending alert
04-22 09:53:02.656  1743  8718 W WifiVendorHal: onDebugErrorAlert 4104
04-22 09:53:02.844 22073 27962 I chatty  : uid=10156 com.google.android.gms.persistent expire 56 lines
04-22 09:53:02.845 22073 27954 I chatty  : uid=10156 com.google.android.gms.persistent expire 48 lines
04-22 09:53:02.939  1743  1756 I system_server: Background concurrent copying GC freed 68301(5106KB) AllocSpace objects, 15(14MB) LOS objects, 42% free, 20MB/35MB, paused 140us total 168.916ms
04-22 09:53:03.984 27620 27915 D connectedcrossroad: Data collect: HELO
04-22 09:53:03.984 27620 27915 V data    : Payload RX: 0
04-22 09:53:03.984 27620 27915 V data    : Payload TX: 0
04-22 09:53:03.984 27620 27915 V data    : Total RX: 32436
04-22 09:53:03.984 27620 27915 V data    : Total TX: 60588
04-22 09:53:05.498 27620 27915 D connectedcrossroad: Data collect: HELO
04-22 09:53:05.498 27620 27915 V data    : Payload RX: 0
04-22 09:53:05.499 27620 27915 V data    : Payload TX: 0
04-22 09:53:05.499 27620 27915 V data    : Total RX: 33048
04-22 09:53:05.499 27620 27915 V data    : Total TX: 62424
04-22 09:53:06.871 22073 28200 I chatty  : uid=10156 com.google.android.gms.persistent expire 25 lines
04-22 09:53:07.015 22073 28086 I chatty  : uid=10156 com.google.android.gms.persistent expire 11 lines
04-22 09:53:08.378 22073  6684 I chatty  : uid=10156 com.google.android.gms.persistent expire 11 lines
04-22 09:53:10.280     0     0 W swapper/1: type=1400 audit(0.0:2177): avc: denied { kill } for uid=0 capability=5 scontext=u:r:kernel:s0 tcontext=u:r:kernel:s0 tclass=capability permissive=0
04-22 09:53:13.133   827  5608 E WifiHAL : Received LOG message with insufficent length: 24
04-22 09:53:13.134   827  5608 E WifiHAL : Received fatal event, sending alert
04-22 09:53:13.135  1743  8718 W WifiVendorHal: onDebugErrorAlert 4104
04-22 09:53:14.173 27620 27915 D connectedcrossroad: Data collect: HELO
04-22 09:53:14.174 27620 27915 V data    : Payload RX: 0
04-22 09:53:14.174 27620 27915 V data    : Payload TX: 0
04-22 09:53:14.174 27620 27915 V data    : Total RX: 33660
04-22 09:53:14.174 27620 27915 V data    : Total TX: 69768
04-22 09:53:14.182 22073 28084 I chatty  : uid=10156 com.google.android.gms.persistent expire 10 lines
04-22 09:53:14.197 27620 27915 D connectedcrossroad: Data collect: HELO
04-22 09:53:14.197 27620 27915 V data    : Payload RX: 0
04-22 09:53:14.197 27620 27915 V data    : Payload TX: 0
04-22 09:53:14.197 27620 27915 V data    : Total RX: 34272
04-22 09:53:14.197 27620 27915 V data    : Total TX: 69768
04-22 09:53:14.209 27620 27915 D connectedcrossroad: Data collect: HELO
04-22 09:53:14.210 27620 27915 V data    : Payload RX: 0
04-22 09:53:14.210 27620 27915 V data    : Payload TX: 0
04-22 09:53:14.210 27620 27915 V data    : Total RX: 34884
04-22 09:53:14.210 27620 27915 V data    : Total TX: 69768
04-22 09:53:14.356  2290  2575 I chatty  : uid=1002(bluetooth) BluetoothScanMa expire 20 lines
04-22 09:53:14.365  2290  2348 I chatty  : uid=1002(bluetooth) BT Service Call expire 76 lines
04-22 09:53:14.371  2290  2603 I chatty  : uid=1002(bluetooth) btu message loo expire 77 lines
04-22 09:53:14.407  2290 28231 I chatty  : uid=1002(bluetooth) com.android.bluetooth expire 2 lines
04-22 09:53:14.906 22073 28232 I chatty  : uid=10156 com.google.android.gms.persistent expire 26 lines
04-22 09:53:16.634   827  5608 E WifiHAL : Received LOG message with insufficent length: 24
04-22 09:53:16.634   827  5608 E WifiHAL : Received fatal event, sending alert
04-22 09:53:16.637  1743  2160 W WifiVendorHal: onDebugErrorAlert 4105
04-22 09:53:16.936   827  5608 E WifiHAL : Received LOG message with insufficent length: 24
04-22 09:53:16.936   827  5608 E WifiHAL : Received fatal event, sending alert
04-22 09:53:16.937  1743  2160 W WifiVendorHal: onDebugErrorAlert 4104
04-22 09:53:17.449 22073 28200 I chatty  : uid=10156 com.google.android.gms.persistent expire 29 lines
04-22 09:53:17.457 27620 27915 D connectedcrossroad: Data collect: HELO
04-22 09:53:17.457 27620 27915 V data    : Payload RX: 0
04-22 09:53:17.457 27620 27915 V data    : Payload TX: 0
04-22 09:53:17.457 27620 27915 V data    : Total RX: 35496
04-22 09:53:17.457 27620 27915 V data    : Total TX: 73440
04-22 09:53:17.534 27620 27915 D connectedcrossroad: Data collect: HELO
04-22 09:53:17.534 27620 27915 V data    : Payload RX: 0
04-22 09:53:17.534 27620 27915 V data    : Payload TX: 0
04-22 09:53:17.534 27620 27915 V data    : Total RX: 36108
04-22 09:53:17.534 27620 27915 V data    : Total TX: 73440
04-22 09:53:17.536 22073 27954 I chatty  : uid=10156 com.google.android.gms.persistent expire 47 lines
04-22 09:53:17.889 27620 27915 D connectedcrossroad: Data collect: HELO
04-22 09:53:17.889 27620 27915 V data    : Payload RX: 0
04-22 09:53:17.890 27620 27915 V data    : Payload TX: 0
04-22 09:53:17.890 27620 27915 V data    : Total RX: 36720
04-22 09:53:17.890 27620 27915 V data    : Total TX: 73440
04-22 09:53:18.458   720   720 I netd    : trafficSwapActiveStatsMap() <7.81ms>
04-22 09:53:18.469   720   720 I netd    : tetherGetStats() <4.97ms>
04-22 09:53:18.498   720   720 I netd    : bandwidthSetGlobalAlert(2097152) <0.63ms>
04-22 09:53:19.311   804  1081 W qti_sensors_hal: processReportInd: lux: 44, ch0: 178, ch1: 398
04-22 09:53:19.347 27620 27915 D connectedcrossroad: Data collect: HELO
04-22 09:53:19.347 27620 27915 V data    : Payload RX: 0
04-22 09:53:19.348 27620 27915 V data    : Payload TX: 0
04-22 09:53:19.348 27620 27915 V data    : Total RX: 37332
04-22 09:53:19.348 27620 27915 V data    : Total TX: 75276
04-22 09:53:20.283     0     0 W swapper/0: type=1400 audit(0.0:2178): avc: denied { kill } for uid=0 capability=5 scontext=u:r:kernel:s0 tcontext=u:r:kernel:s0 tclass=capability permissive=0
04-22 09:53:20.481 22073 27962 I chatty  : uid=10156 com.google.android.gms.persistent expire 43 lines
04-22 09:53:20.492  2290 28241 I chatty  : uid=1002(bluetooth) com.android.bluetooth expire 2 lines
04-22 09:53:20.498  2290  2314 I chatty  : uid=1002(bluetooth) Binder:2290_3 expire 15 lines
04-22 09:53:20.519 22073 22327 I chatty  : uid=10156(com.google.android.gms) Binder:22073_7 expire 2 lines
04-22 09:53:20.587 27620 27915 D connectedcrossroad: Data collect: HELO
04-22 09:53:20.587 27620 27915 V data    : Payload RX: 0
04-22 09:53:20.587 27620 27915 V data    : Payload TX: 0
04-22 09:53:20.587 27620 27915 V data    : Total RX: 37944
04-22 09:53:20.587 27620 27915 V data    : Total TX: 75276
04-22 09:53:25.323  2308  2388 W BluetoothEventManager: AclStateChangedHandler: activeDevice is null
04-22 09:53:25.326  2290  2348 I chatty  : uid=1002(bluetooth) BT Service Call expire 15 lines
04-22 09:53:25.343  7384  7384 D MCLOG   : [MC_Service] onStartcommand()
04-22 09:53:25.354  6583  6606 I BistoWorker: bluetoothConnectionStateChanged. Action: android.bluetooth.device.action.ACL_DISCONNECTED
04-22 09:53:25.360  6583  6606 I DeviceDetector: Not bonded or not refresh cache.
04-22 09:53:25.360  6583  6606 I BistoWorker: Not a bisto device: 4C:69:0E:D7:CA:C4
04-22 09:53:26.198 27620 27915 D connectedcrossroad: Data collect: HELO
04-22 09:53:26.199 27620 27915 V data    : Payload RX: 0
04-22 09:53:26.199 27620 27915 V data    : Payload TX: 0
04-22 09:53:26.199 27620 27915 V data    : Total RX: 38556
04-22 09:53:26.199 27620 27915 V data    : Total TX: 80784
04-22 09:53:26.423  2498  2498 D QtiCarrierConfigHelper: WARNING, no carrier configs on phone Id: 0
04-22 09:53:26.424  1743  2059 D BatteryService: uevent={POWER_SUPPLY_DP_DM=0, POWER_SUPPLY_VOLTAGE_NOW=3966507, POWER_SUPPLY_SW_JEITA_ENABLED=0, POWER_SUPPLY_CHARGE_CONTROL_LIMIT_MAX=8, POWER_SUPPLY_RECHARGE_SOC=99, POWER_SUPPLY_HEALTH=Good, POWER_SUPPLY_TECHNOLOGY=Li-ion, POWER_SUPPLY_FCC_STEPPER_ENABLE=0, SEQNUM=615189, POWER_SUPPLY_INPUT_CURRENT_LIMITED=0, POWER_SUPPLY_CHARGE_CONTROL_LIMIT=0, POWER_SUPPLY_BATTERY_CHARGING_ENABLED=1, POWER_SUPPLY_STATUS=Discharging, POWER_SUPPLY_CYCLE_COUNT=6, POWER_SUPPLY_CURRENT_MAX=2000000, POWER_SUPPLY_CHARGE_TERM_CURRENT=-101, POWER_SUPPLY_CAPACITY=68, DEVPATH=/devices/platform/soc/200f000.qcom,spmi/spmi-0/spmi0-02/200f000.qcom,spmi:qcom,pmi632@2:qcom,qpnp-smb5/power_supply/battery, POWER_SUPPLY_CHARGE_DONE=0, POWER_SUPPLY_CHARGE_TYPE=N/A, POWER_SUPPLY_CHARGE_RATE=None, POWER_SUPPLY_CURRENT_NOW=-212402, POWER_SUPPLY_SYSTEM_TEMP_LEVEL=0, POWER_SUPPLY_PRESENT=1, POWER_SUPPLY_PARALLEL_DISABLE=0, POWER_SUPPLY_CHARGE_FULL=3505000, SUBSYSTEM=power_supply, POWER_SUPPLY_SET_SHIP_MODE=0, POWER_SUPPLY_TEMP=219, ACTION=change, POWER_SUPPLY_RERUN_AICL=0, POWER_SUPPLY_AGE=97, POWER_SUPPLY_NAME=battery, POWER_SUPPLY_VOLTAGE_MAX=-22, POWER_SUPPLY_CONSTANT_CHARGE_CURRENT_MAX=2000000, POWER_SUPPLY_CHARGE_COUNTER=2383400, POWER_SUPPLY_STEP_CHARGING_ENABLED=0, POWER_SUPPLY_NUM_SYSTEM_TEMP_LEVELS=8, POWER_SUPPLY_DIE_HEALTH=Hot, POWER_SUPPLY_INPUT_SUSPEND=0}
04-22 09:53:26.428 27201 27201 D CmdCenter: - RowBuilder2: setUseWhiteRes useOrNot = true
04-22 09:53:26.430 27201 27201 D CmdCenter: - RowWidgetUpdater2: the Min widget of widget[2] is 213
04-22 09:53:26.430 27201 27201 D CmdCenter: - RowWidgetUpdater2: 2cellWidth = 180 column is 3
04-22 09:53:26.430 27201 27201 D CmdCenter: - RowBuilder2: useWhiteRes=true -is 18-9?=true cellX= 3 grid=5
04-22 09:53:26.449   823   823 D ThermalHAL-TARGET: Entering get_temperatures
04-22 09:53:26.449   823   823 D ThermalHAL-TARGET: Entering get_temperatures
04-22 09:53:26.449   823   823 D ThermalHAL-UTIL: Entering get_temperature_for_all
04-22 09:53:26.449   823   823 D ThermalHAL-UTIL: Entering read_temperature
