04-22 08:49:54.703  1743  4939 I chatty  : uid=1000(system) Binder:1743_14 expire 18 lines
04-22 08:49:54.738   720  2381 I netd    : trafficSwapActiveStatsMap() <9.63ms>
04-22 08:49:54.744   720  2381 I netd    : tetherGetStats() <3.52ms>
04-22 08:50:47.518  2498  2498 D QtiCarrierConfigHelper: WARNING, no carrier configs on phone Id: 0
04-22 08:52:08.395   720  2381 I netd    : trafficSwapActiveStatsMap() <8.94ms>
04-22 08:52:08.401   720  2381 I netd    : tetherGetStats() <3.73ms>
04-22 08:52:14.825   720  2381 I netd    : trafficSwapActiveStatsMap() <20.87ms>
04-22 08:52:14.832   720  2381 I netd    : tetherGetStats() <3.66ms>
04-22 08:53:14.683  1743  4939 I chatty  : uid=1000(system) Binder:1743_14 expire 25 lines
04-22 08:53:14.772   720  2381 I netd    : trafficSwapActiveStatsMap() <18.23ms>
04-22 08:53:14.779   720  2381 I netd    : tetherGetStats() <3.79ms>
04-22 08:53:18.403   720  2381 I netd    : trafficSwapActiveStatsMap() <11.54ms>
04-22 08:53:18.409   720  2381 I netd    : tetherGetStats() <3.54ms>
04-22 08:53:34.659  1743 11436 I chatty  : uid=1000(system) Binder:1743_1E expire 16 lines
04-22 08:53:38.322     0     0 W swapper/0: type=1400 audit(0.0:2119): avc: denied { kill } for uid=0 capability=5 scontext=u:r:kernel:s0 tcontext=u:r:kernel:s0 tclass=capability permissive=0
04-22 08:53:38.360 24895 26144 I chatty  : uid=10156(com.google.android.gms) expire 2 lines
04-22 08:54:28.468   720  2381 I netd    : trafficSwapActiveStatsMap() <10.40ms>
04-22 08:54:28.471   720  2381 I netd    : tetherGetStats() <1.76ms>
04-22 08:54:37.517  2290  2603 I bt_stack: [INFO:btm_ble_bgconn.cc(406)] Already connection initiated (or) No Pending connections(or) Resources of lcb are exhausted
04-22 08:54:40.413   720  2381 I netd    : trafficSwapActiveStatsMap() <20.64ms>
04-22 08:54:40.419   720  2381 I netd    : tetherGetStats() <3.31ms>
04-22 08:55:30.861   720  2381 I netd    : trafficSwapActiveStatsMap() <35.11ms>
04-22 08:55:30.867   720  2381 I netd    : tetherGetStats() <3.13ms>
04-22 08:55:34.794   720  2381 I netd    : trafficSwapActiveStatsMap() <25.86ms>
04-22 08:55:34.800   720  2381 I netd    : tetherGetStats() <3.15ms>
04-22 08:56:48.574   720  2381 I netd    : trafficSwapActiveStatsMap() <26.33ms>
04-22 08:56:48.579   720  2381 I netd    : tetherGetStats() <3.11ms>
04-22 08:57:00.506   720  2381 I netd    : trafficSwapActiveStatsMap() <23.01ms>
04-22 08:57:00.513   720  2381 I netd    : tetherGetStats() <4.17ms>
04-22 08:57:34.954   720  2381 I netd    : trafficSwapActiveStatsMap() <29.93ms>
04-22 08:57:34.960   720  2381 I netd    : tetherGetStats() <3.13ms>
04-22 08:57:38.597   720  2381 I netd    : trafficSwapActiveStatsMap() <29.26ms>
04-22 08:57:38.603   720  2381 I netd    : tetherGetStats() <3.16ms>
04-22 08:57:40.398  1743  2039 I chatty  : uid=1000(system) Binder:1743_3 expire 10 lines
04-22 08:57:40.518     0     0 W swapper/0: type=1400 audit(0.0:2120): avc: denied { kill } for uid=0 capability=5 scontext=u:r:kernel:s0 tcontext=u:r:kernel:s0 tclass=capability permissive=0
04-22 08:58:10.587   720  2381 I netd    : trafficSwapActiveStatsMap() <17.89ms>
04-22 08:58:10.592   720  2381 I netd    : tetherGetStats() <3.13ms>
04-22 08:58:14.841   720  2381 I netd    : trafficSwapActiveStatsMap() <16.01ms>
04-22 08:58:14.845   720  2381 I netd    : tetherGetStats() <2.40ms>
04-22 08:58:48.673   720  2381 I netd    : trafficSwapActiveStatsMap() <18.43ms>
04-22 08:58:48.676   720  2381 I netd    : tetherGetStats() <1.65ms>
04-22 08:58:50.501   720  2381 I netd    : trafficSwapActiveStatsMap() <39.74ms>
04-22 08:58:50.506   720  2381 I netd    : tetherGetStats() <3.19ms>
04-22 08:59:15.094   720  2381 I netd    : trafficSwapActiveStatsMap() <9.49ms>
04-22 08:59:15.099   720  2381 I netd    : tetherGetStats() <3.34ms>
04-22 08:59:20.593   720  2381 I netd    : trafficSwapActiveStatsMap() <27.88ms>
04-22 08:59:20.598   720  2381 I netd    : tetherGetStats() <3.24ms>
04-22 08:59:34.994  1743  2039 I chatty  : uid=1000(system) Binder:1743_3 expire 10 lines
04-22 08:59:55.035   720  2381 I netd    : trafficSwapActiveStatsMap() <20.20ms>
04-22 08:59:55.041   720  2381 I netd    : tetherGetStats() <3.22ms>
04-22 08:59:58.675   720  2381 I netd    : trafficSwapActiveStatsMap() <20.16ms>
04-22 08:59:58.681   720  2381 I netd    : tetherGetStats() <3.18ms>
04-22 09:00:30.671   720  2381 I netd    : trafficSwapActiveStatsMap() <15.49ms>
04-22 09:00:30.675   720  2381 I netd    : tetherGetStats() <2.40ms>
04-22 09:00:47.472     0     0 W swapper/0: type=1400 audit(0.0:2121): avc: denied { kill } for uid=0 capability=5 scontext=u:r:kernel:s0 tcontext=u:r:kernel:s0 tclass=capability permissive=0
04-22 09:00:47.515  2498  2498 D QtiCarrierConfigHelper: WARNING, no carrier configs on phone Id: 0
04-22 09:00:48.762   720  2381 I netd    : trafficSwapActiveStatsMap() <31.07ms>
04-22 09:00:48.769   720  2381 I netd    : tetherGetStats() <4.21ms>
04-22 09:00:50.556  1743  2039 I chatty  : uid=1000(system) Binder:1743_3 expire 10 lines
04-22 09:01:08.772   720  2381 I netd    : trafficSwapActiveStatsMap() <33.07ms>
04-22 09:01:08.778   720  2381 I netd    : tetherGetStats() <3.29ms>
04-22 09:01:15.182   720  2381 I netd    : trafficSwapActiveStatsMap() <36.40ms>
04-22 09:01:15.188   720  2381 I netd    : tetherGetStats() <3.25ms>
04-22 09:01:50.855   720  2381 I netd    : trafficSwapActiveStatsMap() <26.66ms>
04-22 09:01:50.860   720  2381 I netd    : tetherGetStats() <3.18ms>
04-22 09:01:55.125   720  2381 I netd    : trafficSwapActiveStatsMap() <39.21ms>
04-22 09:01:55.131   720  2381 I netd    : tetherGetStats() <3.25ms>
04-22 09:02:10.840   720  2381 I netd    : trafficSwapActiveStatsMap() <35.71ms>
04-22 09:02:14.993   720  2381 I netd    : tetherGetStats() <273.33ms>
04-22 09:02:15.037  1743 11436 I chatty  : uid=1000(system) Binder:1743_1E expire 12 lines
04-22 09:02:15.087   720  2381 I netd    : trafficSwapActiveStatsMap() <34.48ms>
04-22 09:02:15.093   720  2381 I netd    : tetherGetStats() <3.32ms>
04-22 09:02:45.551   720  2381 I netd    : trafficSwapActiveStatsMap() <24.61ms>
04-22 09:02:45.556   720  2381 I netd    : tetherGetStats() <3.14ms>
04-22 09:02:50.714   720  2381 I netd    : trafficSwapActiveStatsMap() <20.28ms>
04-22 09:02:50.719   720  2381 I netd    : tetherGetStats() <3.14ms>
04-22 09:03:08.885   720  2381 I netd    : trafficSwapActiveStatsMap() <26.49ms>
04-22 09:03:08.891   720  2381 I netd    : tetherGetStats() <3.06ms>
04-22 09:03:10.678   720  2381 I netd    : trafficSwapActiveStatsMap() <18.42ms>
04-22 09:03:10.684   720  2381 I netd    : tetherGetStats() <3.53ms>
04-22 09:03:35.501     0     0 W swapper/0: type=1400 audit(0.0:2122): avc: denied { kill } for uid=0 capability=5 scontext=u:r:kernel:s0 tcontext=u:r:kernel:s0 tclass=capability permissive=0
04-22 09:03:55.279   720  2381 I netd    : trafficSwapActiveStatsMap() <25.58ms>
04-22 09:03:55.285   720  2381 I netd    : tetherGetStats() <3.26ms>
04-22 09:04:00.721  1743 11436 I chatty  : uid=1000(system) Binder:1743_1E expire 11 lines
04-22 09:04:00.755   720  2381 I netd    : trafficSwapActiveStatsMap() <22.25ms>
04-22 09:04:00.761   720  2381 I netd    : tetherGetStats() <3.23ms>
04-22 09:05:11.366  1743  2059 D BatteryService: uevent={POWER_SUPPLY_DP_DM=0, POWER_SUPPLY_VOLTAGE_NOW=4013220, POWER_SUPPLY_SW_JEITA_ENABLED=0, POWER_SUPPLY_CHARGE_CONTROL_LIMIT_MAX=8, POWER_SUPPLY_RECHARGE_SOC=99, POWER_SUPPLY_HEALTH=Good, POWER_SUPPLY_TECHNOLOGY=Li-ion, POWER_SUPPLY_FCC_STEPPER_ENABLE=0, SEQNUM=605019, POWER_SUPPLY_INPUT_CURRENT_LIMITED=0, POWER_SUPPLY_CHARGE_CONTROL_LIMIT=0, POWER_SUPPLY_BATTERY_CHARGING_ENABLED=1, POWER_SUPPLY_STATUS=Discharging, POWER_SUPPLY_CYCLE_COUNT=6, POWER_SUPPLY_CURRENT_MAX=2000000, POWER_SUPPLY_CHARGE_TERM_CURRENT=-101, POWER_SUPPLY_CAPACITY=69, DEVPATH=/devices/platform/soc/200f000.qcom,spmi/spmi-0/spmi0-02/200f000.qcom,spmi:qcom,pmi632@2:qcom,qpnp-smb5/power_supply/battery, POWER_SUPPLY_CHARGE_DONE=0, POWER_SUPPLY_CHARGE_TYPE=N/A, POWER_SUPPLY_CHARGE_RATE=None, POWER_SUPPLY_CURRENT_NOW=-30670, POWER_SUPPLY_SYSTEM_TEMP_LEVEL=0, POWER_SUPPLY_PRESENT=1, POWER_SUPPLY_PARALLEL_DISABLE=0, POWER_SUPPLY_CHARGE_FULL=3505000, SUBSYSTEM=power_supply, POWER_SUPPLY_SET_SHIP_MODE=0, POWER_SUPPLY_TEMP=205, ACTION=change, POWER_SUPPLY_RERUN_AICL=0, POWER_SUPPLY_AGE=97, POWER_SUPPLY_NAME=battery, POWER_SUPPLY_VOLTAGE_MAX=-22, POWER_SUPPLY_CONSTANT_CHARGE_CURRENT_MAX=2000000, POWER_SUPPLY_CHARGE_COUNTER=2418450, POWER_SUPPLY_STEP_CHARGING_ENABLED=0, POWER_SUPPLY_NUM_SYSTEM_TEMP_LEVELS=8, POWER_SUPPLY_DIE_HEALTH=Hot, POWER_SUPPLY_INPUT_SUSPEND=0}
04-22 09:05:11.376  2290  2290 D HeadsetPhoneState: sendDeviceStateChanged. mService=0 mIsSimStateLoaded=false mSignal=0 mRoam=0 mBatteryCharge=3
04-22 09:05:11.377  2498  2498 D QtiCarrierConfigHelper: WARNING, no carrier configs on phone Id: 0
04-22 09:05:11.406   823   823 D ThermalHAL-TARGET: Entering get_temperatures
04-22 09:05:11.406   823   823 D ThermalHAL-TARGET: Entering get_temperatures
04-22 09:05:11.406   823   823 D ThermalHAL-UTIL: Entering get_temperature_for_all
04-22 09:05:11.406   823   823 D ThermalHAL-UTIL: Entering read_temperature
04-22 09:05:11.408   823   823 D ThermalHAL-UTIL: Entering read_temperature
04-22 09:05:11.410  1743  2039 I chatty  : uid=1000(system) Binder:1743_3 expire 19 lines
04-22 09:05:11.411   823   823 D ThermalHAL-UTIL: Entering read_temperature
04-22 09:05:11.436  2498  2498 D QtiCarrierConfigHelper: WARNING, no carrier configs on phone Id: 0
04-22 09:05:11.452  7384  7384 D MCLOG   : [MC_Service] onStartcommand()
04-22 09:05:32.409  1743  2059 D BatteryService: uevent={POWER_SUPPLY_DP_DM=0, POWER_SUPPLY_VOLTAGE_NOW=4011663, POWER_SUPPLY_SW_JEITA_ENABLED=0, POWER_SUPPLY_CHARGE_CONTROL_LIMIT_MAX=8, POWER_SUPPLY_RECHARGE_SOC=99, POWER_SUPPLY_HEALTH=Good, POWER_SUPPLY_TECHNOLOGY=Li-ion, POWER_SUPPLY_FCC_STEPPER_ENABLE=0, SEQNUM=605181, POWER_SUPPLY_INPUT_CURRENT_LIMITED=0, POWER_SUPPLY_CHARGE_CONTROL_LIMIT=0, POWER_SUPPLY_BATTERY_CHARGING_ENABLED=1, POWER_SUPPLY_STATUS=Discharging, POWER_SUPPLY_CYCLE_COUNT=6, POWER_SUPPLY_CURRENT_MAX=2000000, POWER_SUPPLY_CHARGE_TERM_CURRENT=-101, POWER_SUPPLY_CAPACITY=69, DEVPATH=/devices/platform/soc/200f000.qcom,spmi/spmi-0/spmi0-02/200f000.qcom,spmi:qcom,pmi632@2:qcom,qpnp-smb5/power_supply/battery, POWER_SUPPLY_CHARGE_DONE=0, POWER_SUPPLY_CHARGE_TYPE=N/A, POWER_SUPPLY_CHARGE_RATE=None, POWER_SUPPLY_CURRENT_NOW=-79956, POWER_SUPPLY_SYSTEM_TEMP_LEVEL=0, POWER_SUPPLY_PRESENT=1, POWER_SUPPLY_PARALLEL_DISABLE=0, POWER_SUPPLY_CHARGE_FULL=3505000, SUBSYSTEM=power_supply, POWER_SUPPLY_SET_SHIP_MODE=0, POWER_SUPPLY_TEMP=205, ACTION=change, POWER_SUPPLY_RERUN_AICL=0, POWER_SUPPLY_AGE=97, POWER_SUPPLY_NAME=battery, POWER_SUPPLY_VOLTAGE_MAX=-22, POWER_SUPPLY_CONSTANT_CHARGE_CURRENT_MAX=2000000, POWER_SUPPLY_CHARGE_COUNTER=2418450, POWER_SUPPLY_STEP_CHARGING_ENABLED=0, POWER_SUPPLY_NUM_SYSTEM_TEMP_LEVELS=8, POWER_SUPPLY_DIE_HEALTH=Hot, POWER_SUPPLY_INPUT_SUSPEND=0}
04-22 09:05:32.581  2498  2498 D QtiCarrierConfigHelper: WARNING, no carrier configs on phone Id: 0
04-22 09:07:49.278   720  2381 I netd    : trafficSwapActiveStatsMap() <20.80ms>
04-22 09:07:49.288   720   720 I netd    : tetherGetStats() <4.04ms>
04-22 09:07:49.315   720  2381 I netd    : trafficSwapActiveStatsMap() <31.92ms>
04-22 09:07:49.321   720  2381 I netd    : tetherGetStats() <3.97ms>
04-22 09:07:49.354   720  2381 I netd    : bandwidthSetGlobalAlert(2097152) <0.76ms>
04-22 09:07:49.378   720   720 I netd    : trafficSwapActiveStatsMap() <24.14ms>
04-22 09:07:49.385   720   720 I netd    : tetherGetStats() <4.55ms>
04-22 09:07:49.401  7384  7384 D MCLOG   : [MC_Service] onStartcommand()
04-22 09:07:49.438   720   720 I netd    : trafficSwapActiveStatsMap() <41.91ms>
04-22 09:07:49.449   720   720 I netd    : tetherGetStats() <7.47ms>
04-22 09:07:49.476   720   720 I netd    : bandwidthSetGlobalAlert(2097152) <0.24ms>
04-22 09:07:50.795  7384  7397 I torola.motocar: Background young concurrent copying GC freed 11315(1313KB) AllocSpace objects, 6(248KB) LOS objects, 52% free, 1628KB/3452KB, paused 176us total 320.423ms
04-22 09:07:50.854   720   720 I netd    : trafficSwapActiveStatsMap() <20.53ms>
04-22 09:07:50.858   720   720 I netd    : tetherGetStats() <2.09ms>
04-22 09:07:50.958   720   720 I netd    : trafficSwapActiveStatsMap() <37.74ms>
04-22 09:07:50.964   720   720 I netd    : tetherGetStats() <3.17ms>
04-22 09:07:51.058  3268 26159 I chatty  : uid=1000(system) com.motorola.process.system expire 91 lines
04-22 09:09:38.536  2290  2603 I bt_stack: [INFO:btm_ble_bgconn.cc(406)] Already connection initiated (or) No Pending connections(or) Resources of lcb are exhausted
04-22 09:09:38.562  1743  2039 I chatty  : uid=1000(system) Binder:1743_3 expire 14 lines
04-22 09:10:12.138     0     0 W swapper/0: type=1400 audit(0.0:2123): avc: denied { kill } for uid=0 capability=5 scontext=u:r:kernel:s0 tcontext=u:r:kernel:s0 tclass=capability permissive=0
04-22 09:10:46.534  2498  2498 D QtiCarrierConfigHelper: WARNING, no carrier configs on phone Id: 0
04-22 09:10:46.561  1743  4939 I chatty  : uid=1000(system) Binder:1743_14 expire 16 lines
04-22 09:10:50.871  1743  2039 I chatty  : uid=1000(system) Binder:1743_3 expire 13 lines
04-22 09:11:46.723     0     0 W swapper/0: type=1400 audit(0.0:2124): avc: denied { kill } for uid=0 capability=5 scontext=u:r:kernel:s0 tcontext=u:r:kernel:s0 tclass=capability permissive=0
04-22 09:11:50.755  1743  2039 I chatty  : uid=1000(system) Binder:1743_3 expire 10 lines
04-22 09:12:47.306   720   720 I netd    : trafficSwapActiveStatsMap() <29.95ms>
04-22 09:12:47.313   720   720 I netd    : tetherGetStats() <3.95ms>
04-22 09:12:48.148   720   720 I netd    : trafficSwapActiveStatsMap() <304.42ms>
04-22 09:12:48.160   720   720 I netd    : tetherGetStats() <4.98ms>
04-22 09:13:18.323  1743 11436 I chatty  : uid=1000(system) Binder:1743_1E expire 27 lines
04-22 09:13:18.400   720   720 I netd    : trafficSwapActiveStatsMap() <10.77ms>
04-22 09:13:18.407   720   720 I netd    : tetherGetStats() <3.61ms>
04-22 09:13:19.266   720   720 I netd    : trafficSwapActiveStatsMap() <20.31ms>
04-22 09:13:19.272   720   720 I netd    : tetherGetStats() <4.08ms>
04-22 09:15:43.714   720   720 I netd    : trafficSwapActiveStatsMap() <23.17ms>
04-22 09:15:43.721   720   720 I netd    : tetherGetStats() <3.87ms>
04-22 09:15:52.837  1743 11436 I chatty  : uid=1000(system) Binder:1743_1E expire 13 lines
04-22 09:15:52.878   720   720 I netd    : trafficSwapActiveStatsMap() <21.17ms>
04-22 09:15:52.884   720   720 I netd    : tetherGetStats() <3.77ms>
04-22 09:16:49.450   720   720 I netd    : trafficSwapActiveStatsMap() <17.28ms>
04-22 09:16:49.456   720   720 I netd    : tetherGetStats() <3.82ms>
04-22 09:16:51.245   720   720 I netd    : trafficSwapActiveStatsMap() <20.68ms>
04-22 09:16:51.251   720   720 I netd    : tetherGetStats() <3.70ms>
04-22 09:17:59.652  1743  2059 D BatteryService: uevent={POWER_SUPPLY_DP_DM=0, POWER_SUPPLY_VOLTAGE_NOW=4013609, POWER_SUPPLY_SW_JEITA_ENABLED=0, POWER_SUPPLY_CHARGE_CONTROL_LIMIT_MAX=8, POWER_SUPPLY_RECHARGE_SOC=99, POWER_SUPPLY_HEALTH=Good, POWER_SUPPLY_TECHNOLOGY=Li-ion, POWER_SUPPLY_FCC_STEPPER_ENABLE=0, SEQNUM=608435, POWER_SUPPLY_INPUT_CURRENT_LIMITED=0, POWER_SUPPLY_CHARGE_CONTROL_LIMIT=0, POWER_SUPPLY_BATTERY_CHARGING_ENABLED=1, POWER_SUPPLY_STATUS=Discharging, POWER_SUPPLY_CYCLE_COUNT=6, POWER_SUPPLY_CURRENT_MAX=2000000, POWER_SUPPLY_CHARGE_TERM_CURRENT=-101, POWER_SUPPLY_CAPACITY=69, DEVPATH=/devices/platform/soc/200f000.qcom,spmi/spmi-0/spmi0-02/200f000.qcom,spmi:qcom,pmi632@2:qcom,qpnp-smb5/power_supply/battery, POWER_SUPPLY_CHARGE_DONE=0, POWER_SUPPLY_CHARGE_TYPE=N/A, POWER_SUPPLY_CHARGE_RATE=None, POWER_SUPPLY_CURRENT_NOW=-58898, POWER_SUPPLY_SYSTEM_TEMP_LEVEL=0, POWER_SUPPLY_PRESENT=1, POWER_SUPPLY_PARALLEL_DISABLE=0, POWER_SUPPLY_CHARGE_FULL=3505000, SUBSYSTEM=power_supply, POWER_SUPPLY_SET_SHIP_MODE=0, POWER_SUPPLY_TEMP=207, ACTION=change, POWER_SUPPLY_RERUN_AICL=0, POWER_SUPPLY_AGE=97, POWER_SUPPLY_NAME=battery, POWER_SUPPLY_VOLTAGE_MAX=-22, POWER_SUPPLY_CONSTANT_CHARGE_CURRENT_MAX=2000000, POWER_SUPPLY_CHARGE_COUNTER=2418450, POWER_SUPPLY_STEP_CHARGING_ENABLED=0, POWER_SUPPLY_NUM_SYSTEM_TEMP_LEVELS=8, POWER_SUPPLY_DIE_HEALTH=Hot, POWER_SUPPLY_INPUT_SUSPEND=0}
04-22 09:17:59.666  1743 11436 I chatty  : uid=1000(system) Binder:1743_1E expire 15 lines
04-22 09:17:59.666  2498  2498 D QtiCarrierConfigHelper: WARNING, no carrier configs on phone Id: 0
04-22 09:18:03.694  1743  4939 I chatty  : uid=1000(system) Binder:1743_14 expire 10 lines
04-22 09:18:07.312     0     0 W swapper/0: type=1400 audit(0.0:2125): avc: denied { kill } for uid=0 capability=5 scontext=u:r:kernel:s0 tcontext=u:r:kernel:s0 tclass=capability permissive=0
04-22 09:18:43.719   720   720 I netd    : trafficSwapActiveStatsMap() <18.40ms>
04-22 09:18:43.726   720   720 I netd    : tetherGetStats() <3.66ms>
04-22 09:18:51.379   720   720 I netd    : trafficSwapActiveStatsMap() <30.87ms>
04-22 09:18:51.385   720   720 I netd    : tetherGetStats() <3.60ms>
04-22 09:19:29.512   720   720 I netd    : trafficSwapActiveStatsMap() <27.56ms>
04-22 09:19:30.902   720   720 I netd    : tetherGetStats() <12.03ms>
04-22 09:19:30.997   720   720 I netd    : trafficSwapActiveStatsMap() <34.07ms>
04-22 09:19:31.005   720   720 I netd    : tetherGetStats() <3.77ms>
04-22 09:20:45.744  2498  2498 D QtiCarrierConfigHelper: WARNING, no carrier configs on phone Id: 0
04-22 09:20:50.823  1743 11436 I chatty  : uid=1000(system) Binder:1743_1E expire 10 lines
04-22 09:21:49.590   720   720 I netd    : trafficSwapActiveStatsMap() <17.53ms>
04-22 09:21:49.597   720   720 I netd    : tetherGetStats() <3.69ms>
04-22 09:22:01.476  1743 11436 I chatty  : uid=1000(system) Binder:1743_1E expire 13 lines
04-22 09:22:01.515   720   720 I netd    : trafficSwapActiveStatsMap() <16.25ms>
04-22 09:22:01.522   720   720 I netd    : tetherGetStats() <3.76ms>
04-22 09:22:19.596  1743  4939 I chatty  : uid=1000(system) Binder:1743_14 expire 15 lines
04-22 09:22:19.668   720   720 I netd    : trafficSwapActiveStatsMap() <11.55ms>
04-22 09:22:19.675   720   720 I netd    : tetherGetStats() <3.71ms>
04-22 09:22:31.006   720   720 I netd    : trafficSwapActiveStatsMap() <11.12ms>
04-22 09:22:31.012   720   720 I netd    : tetherGetStats() <3.53ms>
04-22 09:22:50.944     0     0 W swapper/0: type=1400 audit(0.0:2126): avc: denied { kill } for uid=0 capability=5 scontext=u:r:kernel:s0 tcontext=u:r:kernel:s0 tclass=capability permissive=0
04-22 09:23:30.876  1743  2039 I chatty  : uid=1000(system) Binder:1743_3 expire 13 lines
04-22 09:23:30.951   720   720 I netd    : trafficSwapActiveStatsMap() <8.39ms>
04-22 09:23:30.958   720   720 I netd    : tetherGetStats() <3.86ms>
04-22 09:23:31.494  1743 11436 I chatty  : uid=1000(system) Binder:1743_1E expire 13 lines
04-22 09:23:31.536   720   720 I netd    : trafficSwapActiveStatsMap() <26.35ms>
04-22 09:23:31.542   720   720 I netd    : tetherGetStats() <3.78ms>
04-22 09:23:50.787   720   720 I netd    : trafficSwapActiveStatsMap() <342.27ms>
04-22 09:23:50.802   720   720 I netd    : tetherGetStats() <5.60ms>
04-22 09:23:50.901   720   720 I netd    : trafficSwapActiveStatsMap() <29.28ms>
04-22 09:23:50.907   720   720 I netd    : tetherGetStats() <3.72ms>
04-22 09:24:10.821  1743  4939 I chatty  : uid=1000(system) Binder:1743_14 expire 7 lines
04-22 09:24:10.901   720   720 I netd    : trafficSwapActiveStatsMap() <12.57ms>
04-22 09:24:10.907   720   720 I netd    : tetherGetStats() <3.91ms>
04-22 09:24:21.593   720   720 I netd    : trafficSwapActiveStatsMap() <14.30ms>
04-22 09:24:21.599   720   720 I netd    : tetherGetStats() <3.50ms>
04-22 09:24:39.542  2290  2603 I bt_stack: [INFO:btm_ble_bgconn.cc(406)] Already connection initiated (or) No Pending connections(or) Resources of lcb are exhausted
04-22 09:24:39.653   720   720 I netd    : trafficSwapActiveStatsMap() <17.89ms>
04-22 09:24:39.659   720   720 I netd    : tetherGetStats() <3.79ms>
04-22 09:24:41.584   720   720 I netd    : trafficSwapActiveStatsMap() <31.48ms>
04-22 09:24:41.592   720   720 I netd    : tetherGetStats() <3.60ms>
04-22 09:24:59.743   720   720 I netd    : trafficSwapActiveStatsMap() <27.48ms>
04-22 09:24:59.750   720   720 I netd    : tetherGetStats() <3.68ms>
04-22 09:25:01.552   720   720 I netd    : trafficSwapActiveStatsMap() <33.45ms>
04-22 09:25:01.558   720   720 I netd    : tetherGetStats() <3.79ms>
04-22 09:25:19.707   720   720 I netd    : trafficSwapActiveStatsMap() <24.54ms>
04-22 09:25:19.714   720   720 I netd    : tetherGetStats() <3.78ms>
04-22 09:25:31.044   720   720 I netd    : trafficSwapActiveStatsMap() <32.72ms>
04-22 09:25:31.052   720   720 I netd    : tetherGetStats() <4.11ms>
04-22 09:25:51.049   720   720 I netd    : trafficSwapActiveStatsMap() <22.64ms>
04-22 09:25:51.055   720   720 I netd    : tetherGetStats() <3.58ms>
04-22 09:25:51.563  1743  2039 I chatty  : uid=1000(system) Binder:1743_3 expire 10 lines
04-22 09:25:51.609   720   720 I netd    : trafficSwapActiveStatsMap() <24.14ms>
04-22 09:25:51.616   720   720 I netd    : tetherGetStats() <4.96ms>
04-22 09:26:12.443     0     0 W swapper/0: type=1400 audit(0.0:2127): avc: denied { kill } for uid=0 capability=5 scontext=u:r:kernel:s0 tcontext=u:r:kernel:s0 tclass=capability permissive=0
04-22 09:26:29.750   720   720 I netd    : trafficSwapActiveStatsMap() <16.43ms>
04-22 09:26:29.756   720   720 I netd    : tetherGetStats() <3.49ms>
04-22 09:26:30.944   720   720 I netd    : trafficSwapActiveStatsMap() <31.56ms>
04-22 09:26:30.951   720   720 I netd    : tetherGetStats() <3.81ms>
04-22 09:27:32.737   720   720 I netd    : trafficSwapActiveStatsMap() <23.99ms>
04-22 09:27:32.743   720   720 I netd    : tetherGetStats() <3.71ms>
04-22 09:27:51.745   720   720 I netd    : trafficSwapActiveStatsMap() <35.49ms>
04-22 09:27:51.753   720   720 I netd    : tetherGetStats() <4.21ms>
04-22 09:27:52.608  1743  2039 I chatty  : uid=1000(system) Binder:1743_3 expire 14 lines
04-22 09:27:52.632   720   720 I netd    : trafficSwapActiveStatsMap() <33.91ms>
04-22 09:27:52.639   720   720 I netd    : tetherGetStats() <3.60ms>
04-22 09:27:53.784   720   720 I netd    : trafficSwapActiveStatsMap() <305.11ms>
04-22 09:27:53.794   720   720 I netd    : tetherGetStats() <7.46ms>
04-22 09:27:54.084     0     0 W swapper/0: type=1400 audit(0.0:2128): avc: denied { kill } for uid=0 capability=5 scontext=u:r:kernel:s0 tcontext=u:r:kernel:s0 tclass=capability permissive=0
04-22 09:28:31.723   720   720 I netd    : trafficSwapActiveStatsMap() <17.95ms>
04-22 09:28:31.730   720   720 I netd    : tetherGetStats() <3.75ms>
04-22 09:28:49.801   720   720 I netd    : trafficSwapActiveStatsMap() <29.30ms>
04-22 09:28:49.808   720   720 I netd    : tetherGetStats() <3.72ms>
04-22 09:29:09.699   720   720 I netd    : trafficSwapActiveStatsMap() <21.50ms>
04-22 09:29:09.706   720   720 I netd    : tetherGetStats() <3.84ms>
04-22 09:29:09.796   720   720 I netd    : trafficSwapActiveStatsMap() <20.66ms>
04-22 09:29:09.803   720   720 I netd    : tetherGetStats() <3.77ms>
04-22 09:29:12.789   720   720 I netd    : trafficSwapActiveStatsMap() <18.32ms>
04-22 09:29:12.795   720   720 I netd    : tetherGetStats() <3.87ms>
04-22 09:29:12.889   720   720 I netd    : trafficSwapActiveStatsMap() <26.02ms>
04-22 09:29:21.655   720   720 I netd    : tetherGetStats() <12.48ms>
04-22 09:29:41.749   720   720 I netd    : trafficSwapActiveStatsMap() <13.04ms>
04-22 09:29:41.756   720   720 I netd    : tetherGetStats() <3.71ms>
04-22 09:29:52.723  1743 11436 I chatty  : uid=1000(system) Binder:1743_1E expire 14 lines
04-22 09:29:52.765   720   720 I netd    : trafficSwapActiveStatsMap() <21.85ms>
04-22 09:29:52.772   720   720 I netd    : tetherGetStats() <3.68ms>
04-22 09:30:31.839   720   720 I netd    : trafficSwapActiveStatsMap() <13.51ms>
04-22 09:30:31.846   720   720 I netd    : tetherGetStats() <3.67ms>
04-22 09:30:33.025   720   720 I netd    : trafficSwapActiveStatsMap() <33.40ms>
04-22 09:30:33.033   720   720 I netd    : tetherGetStats() <3.75ms>
04-22 09:30:46.544  2498  2498 D QtiCarrierConfigHelper: WARNING, no carrier configs on phone Id: 0
04-22 09:30:46.572  1743  2039 I chatty  : uid=1000(system) Binder:1743_3 expire 3 lines
04-22 09:30:53.016  9072 26171 I chatty  : uid=10156 com.google.android.gms.unstable expire 2 lines
04-22 09:31:09.879   720   720 I netd    : trafficSwapActiveStatsMap() <35.20ms>
04-22 09:31:09.884   720   720 I netd    : tetherGetStats() <3.13ms>
04-22 09:31:10.196  1743 11436 I chatty  : uid=1000(system) Binder:1743_1E expire 3 lines
04-22 09:31:10.249   720   720 I netd    : trafficSwapActiveStatsMap() <29.31ms>
04-22 09:31:10.255   720   720 I netd    : tetherGetStats() <3.99ms>
04-22 09:31:53.212   720   720 I netd    : trafficSwapActiveStatsMap() <14.78ms>
04-22 09:31:53.217   720   720 I netd    : tetherGetStats() <3.16ms>
04-22 09:31:59.891  1743  2039 I chatty  : uid=1000(system) Binder:1743_3 expire 2 lines
04-22 09:31:59.940   720   720 I netd    : trafficSwapActiveStatsMap() <30.27ms>
04-22 09:31:59.946   720   720 I netd    : tetherGetStats() <3.36ms>
04-22 09:32:19.873  1743 11436 I chatty  : uid=1000(system) Binder:1743_1E expire 12 lines
04-22 09:32:19.952   720   720 I netd    : trafficSwapActiveStatsMap() <22.16ms>
04-22 09:32:19.958   720   720 I netd    : tetherGetStats() <3.11ms>
04-22 09:32:21.748   720   720 I netd    : trafficSwapActiveStatsMap() <28.18ms>
04-22 09:32:21.753   720   720 I netd    : tetherGetStats() <3.19ms>
04-22 09:33:12.003     0     0 W swapper/0: type=1400 audit(0.0:2129): avc: denied { kill } for uid=0 capability=5 scontext=u:r:kernel:s0 tcontext=u:r:kernel:s0 tclass=capability permissive=0
04-22 09:33:12.030  1743  2059 D BatteryService: uevent={POWER_SUPPLY_DP_DM=0, POWER_SUPPLY_VOLTAGE_NOW=3996286, POWER_SUPPLY_SW_JEITA_ENABLED=0, POWER_SUPPLY_CHARGE_CONTROL_LIMIT_MAX=8, POWER_SUPPLY_RECHARGE_SOC=99, POWER_SUPPLY_HEALTH=Good, POWER_SUPPLY_TECHNOLOGY=Li-ion, POWER_SUPPLY_FCC_STEPPER_ENABLE=0, SEQNUM=611758, POWER_SUPPLY_INPUT_CURRENT_LIMITED=0, POWER_SUPPLY_CHARGE_CONTROL_LIMIT=0, POWER_SUPPLY_BATTERY_CHARGING_ENABLED=1, POWER_SUPPLY_STATUS=Discharging, POWER_SUPPLY_CYCLE_COUNT=6, POWER_SUPPLY_CURRENT_MAX=2000000, POWER_SUPPLY_CHARGE_TERM_CURRENT=-101, POWER_SUPPLY_CAPACITY=69, DEVPATH=/devices/platform/soc/200f000.qcom,spmi/spmi-0/spmi0-02/200f000.qcom,spmi:qcom,pmi632@2:qcom,qpnp-smb5/power_supply/battery, POWER_SUPPLY_CHARGE_DONE=0, POWER_SUPPLY_CHARGE_TYPE=N/A, POWER_SUPPLY_CHARGE_RATE=None, POWER_SUPPLY_CURRENT_NOW=-110626, POWER_SUPPLY_SYSTEM_TEMP_LEVEL=0, POWER_SUPPLY_PRESENT=1, POWER_SUPPLY_PARALLEL_DISABLE=0, POWER_SUPPLY_CHARGE_FULL=3505000, SUBSYSTEM=power_supply, POWER_SUPPLY_SET_SHIP_MODE=0, POWER_SUPPLY_TEMP=209, ACTION=change, POWER_SUPPLY_RERUN_AICL=0, POWER_SUPPLY_AGE=97, POWER_SUPPLY_NAME=battery, POWER_SUPPLY_VOLTAGE_MAX=-22, POWER_SUPPLY_CONSTANT_CHARGE_CURRENT_MAX=2000000, POWER_SUPPLY_CHARGE_COUNTER=2418450, POWER_SUPPLY_STEP_CHARGING_ENABLED=0, POWER_SUPPLY_NUM_SYSTEM_TEMP_LEVELS=8, POWER_SUPPLY_DIE_HEALTH=Hot, POWER_SUPPLY_INPUT_SUSPEND=0}
04-22 09:33:12.038  2498  2498 D QtiCarrierConfigHelper: WARNING, no carrier configs on phone Id: 0
04-22 09:33:46.577   720   720 I netd    : trafficSwapActiveStatsMap() <24.90ms>
04-22 09:33:46.582   720   720 I netd    : tetherGetStats() <3.07ms>
04-22 09:33:49.911   720   720 I netd    : trafficSwapActiveStatsMap() <23.25ms>
04-22 09:33:49.916   720   720 I netd    : tetherGetStats() <3.18ms>
04-22 09:34:21.898   720   720 I netd    : trafficSwapActiveStatsMap() <11.81ms>
04-22 09:34:21.902   720   720 I netd    : tetherGetStats() <2.37ms>
04-22 09:34:39.976   720   720 I netd    : trafficSwapActiveStatsMap() <17.09ms>
04-22 09:34:39.982   720   720 I netd    : tetherGetStats() <3.14ms>
04-22 09:34:59.866   720   720 I netd    : trafficSwapActiveStatsMap() <298.14ms>
04-22 09:34:59.877   720   720 I netd    : tetherGetStats() <8.59ms>
04-22 09:34:59.968   720   720 I netd    : trafficSwapActiveStatsMap() <31.32ms>
04-22 09:34:59.973   720   720 I netd    : tetherGetStats() <3.16ms>
04-22 09:35:11.889   720   720 I netd    : trafficSwapActiveStatsMap() <19.95ms>
04-22 09:35:11.891  1743  2039 I chatty  : uid=1000(system) Binder:1743_3 expire 3 lines
04-22 09:35:11.894   720   720 I netd    : tetherGetStats() <3.22ms>
04-22 09:35:11.982   720   720 I netd    : trafficSwapActiveStatsMap() <26.35ms>
04-22 09:35:11.988   720   720 I netd    : tetherGetStats() <3.19ms>
04-22 09:35:49.992  1743  4939 I chatty  : uid=1000(system) Binder:1743_14 expire 1 line
04-22 09:35:50.075   720   720 I netd    : trafficSwapActiveStatsMap() <19.87ms>
04-22 09:35:50.081   720   720 I netd    : tetherGetStats() <3.16ms>
04-22 09:36:09.954  1743  2039 I chatty  : uid=1000(system) Binder:1743_3 expire 5 lines
04-22 09:36:09.994   720   720 I netd    : trafficSwapActiveStatsMap() <20.56ms>
04-22 09:36:09.999   720   720 I netd    : tetherGetStats() <3.31ms>
04-22 09:36:21.891   720   720 I netd    : trafficSwapActiveStatsMap() <1.45ms>
04-22 09:36:21.901   720   720 I netd    : tetherGetStats() <7.24ms>
04-22 09:36:21.984   720   720 I netd    : trafficSwapActiveStatsMap() <23.56ms>
04-22 09:36:21.990   720   720 I netd    : tetherGetStats() <3.23ms>
04-22 09:36:40.572  1743  2233 I chatty  : uid=1000(system) Binder:1743_5 expire 1 line
04-22 09:36:40.647   720   720 I netd    : trafficSwapActiveStatsMap() <23.14ms>
04-22 09:36:40.652   720   720 I netd    : tetherGetStats() <3.16ms>
04-22 09:36:40.750   720   720 I netd    : trafficSwapActiveStatsMap() <34.28ms>
04-22 09:36:40.755   720   720 I netd    : tetherGetStats() <2.59ms>
04-22 09:36:41.902  1743  4939 I chatty  : uid=1000(system) Binder:1743_14 expire 5 lines
04-22 09:37:20.090   720   720 I netd    : trafficSwapActiveStatsMap() <24.33ms>
04-22 09:37:20.095   720   720 I netd    : tetherGetStats() <3.05ms>
04-22 09:37:30.481   720   720 I netd    : trafficSwapActiveStatsMap() <22.81ms>
04-22 09:37:30.487   720   720 I netd    : tetherGetStats() <3.71ms>
04-22 09:38:11.994   720   720 I netd    : trafficSwapActiveStatsMap() <19.37ms>
04-22 09:38:11.999   720   720 I netd    : tetherGetStats() <3.11ms>
04-22 09:38:30.043  1743  2039 I chatty  : uid=1000(system) Binder:1743_3 expire 1 line
04-22 09:38:30.097   720   720 I netd    : trafficSwapActiveStatsMap() <22.31ms>
04-22 09:38:30.101   720   720 I netd    : tetherGetStats() <2.51ms>
04-22 09:38:49.950   720   720 I netd    : trafficSwapActiveStatsMap() <0.23ms>
04-22 09:38:49.955   720   720 I netd    : tetherGetStats() <4.09ms>
04-22 09:38:49.979  1743  4939 I chatty  : uid=1000(system) Binder:1743_14 expire 4 lines
04-22 09:38:50.030   720   720 I netd    : trafficSwapActiveStatsMap() <18.49ms>
04-22 09:38:50.035   720   720 I netd    : tetherGetStats() <3.26ms>
04-22 09:39:01.978   720   720 I netd    : trafficSwapActiveStatsMap() <18.18ms>
04-22 09:39:01.983   720   720 I netd    : tetherGetStats() <3.18ms>
04-22 09:39:02.064   720   720 I netd    : trafficSwapActiveStatsMap() <24.26ms>
04-22 09:39:02.068   720   720 I netd    : tetherGetStats() <2.15ms>
04-22 09:39:40.059  2290  2603 I bt_stack: [INFO:btm_ble_bgconn.cc(406)] Already connection initiated (or) No Pending connections(or) Resources of lcb are exhausted
04-22 09:39:40.091  1743  2039 I chatty  : uid=1000(system) Binder:1743_3 expire 1 line
04-22 09:39:40.184   720   720 I netd    : trafficSwapActiveStatsMap() <32.06ms>
04-22 09:39:40.190   720   720 I netd    : tetherGetStats() <3.32ms>
04-22 09:39:42.844  1743  4939 I BatteryStatsService: In wakeup_callback: resumed from suspend
04-22 09:39:42.887   720   720 I netd    : trafficSwapActiveStatsMap() <26.05ms>
04-22 09:39:42.893   720   720 I netd    : tetherGetStats() <3.48ms>
04-22 09:39:45.915  1743  4939 I BatteryStatsService: In wakeup_callback: resumed from suspend
04-22 09:39:49.605  1743  4939 I BatteryStatsService: In wakeup_callback: resumed from suspend
04-22 09:39:50.024  1743  4939 I BatteryStatsService: In wakeup_callback: suspend aborted
04-22 09:39:51.141  1743  4939 I BatteryStatsService: In wakeup_callback: resumed from suspend
04-22 09:40:12.032  1743  4939 I BatteryStatsService: In wakeup_callback: resumed from suspend
04-22 09:40:20.023  1743  4939 I BatteryStatsService: In wakeup_callback: resumed from suspend
04-22 09:40:31.999  1743  4939 I BatteryStatsService: In wakeup_callback: resumed from suspend
04-22 09:40:46.531  2498  2498 D QtiCarrierConfigHelper: WARNING, no carrier configs on phone Id: 0
04-22 09:40:46.555  1743  2039 I BatteryStatsService: In wakeup_callback: resumed from suspend
04-22 09:40:46.645   720   720 I netd    : trafficSwapActiveStatsMap() <24.97ms>
04-22 09:40:46.651   720   720 I netd    : tetherGetStats() <3.53ms>
04-22 09:40:50.139  1743  2233 I BatteryStatsService: In wakeup_callback: resumed from suspend
04-22 09:40:50.171   720   720 I netd    : trafficSwapActiveStatsMap() <19.57ms>
04-22 09:40:50.176   720   720 I netd    : tetherGetStats() <3.25ms>
04-22 09:40:53.206  1743  2233 I BatteryStatsService: In wakeup_callback: resumed from suspend
04-22 09:42:02.028  1743  2233 I BatteryStatsService: In wakeup_callback: resumed from suspend
04-22 09:42:02.103   720   720 I netd    : trafficSwapActiveStatsMap() <8.72ms>
04-22 09:42:02.110   720   720 I netd    : tetherGetStats() <3.62ms>
04-22 09:42:20.161  1743  2233 I BatteryStatsService: In wakeup_callback: resumed from suspend
04-22 09:42:20.198   720   720 I netd    : trafficSwapActiveStatsMap() <22.11ms>
04-22 09:42:20.205   720   720 I netd    : tetherGetStats() <3.89ms>
04-22 09:42:32.091   720   720 I netd    : trafficSwapActiveStatsMap() <10.72ms>
04-22 09:42:32.098   720   720 I netd    : tetherGetStats() <4.48ms>
04-22 09:42:32.129  1743  2233 I BatteryStatsService: In wakeup_callback: resumed from suspend
04-22 09:42:32.195   720   720 I netd    : trafficSwapActiveStatsMap() <32.27ms>
04-22 09:42:32.202   720   720 I netd    : tetherGetStats() <3.65ms>
04-22 09:42:40.141  1743  2233 I BatteryStatsService: In wakeup_callback: resumed from suspend
04-22 09:42:52.108  1743  2233 I BatteryStatsService: In wakeup_callback: resumed from suspend
04-22 09:42:52.257     0     0 W swapper/0: type=1400 audit(0.0:2130): avc: denied { kill } for uid=0 capability=5 scontext=u:r:kernel:s0 tcontext=u:r:kernel:s0 tclass=capability permissive=0
04-22 09:43:12.072  1743  2039 I BatteryStatsService: In wakeup_callback: resumed from suspend
04-22 09:43:12.162   720   720 I netd    : trafficSwapActiveStatsMap() <21.65ms>
04-22 09:43:12.169   720   720 I netd    : tetherGetStats() <3.65ms>
04-22 09:43:30.204  1743  4939 I BatteryStatsService: In wakeup_callback: resumed from suspend
04-22 09:43:30.246   720   720 I netd    : trafficSwapActiveStatsMap() <26.94ms>
04-22 09:43:30.252   720   720 I netd    : tetherGetStats() <3.67ms>
04-22 09:43:41.535   720   720 I netd    : trafficSwapActiveStatsMap() <0.67ms>
04-22 09:43:41.542   720   720 I netd    : tetherGetStats() <3.70ms>
04-22 09:43:41.589  1743  4939 I BatteryStatsService: In wakeup_callback: resumed from suspend
04-22 09:43:41.665  1743  1743 W Looper  : Slow dispatch took 122ms main h=com.android.server.AlarmManagerService$AlarmHandler c=com.android.server.-$$Lambda$AlarmManagerService$2$Eo-D98J-N9R2METkD-12gPs320c@ea1d64e m=0
04-22 09:43:41.672   720   720 I netd    : firewallEnableChildChain(1, "false") <0.07ms>
04-22 09:43:41.744  2308  2308 W View    : requestLayout() improperly called by com.android.systemui.statusbar.HeadsUpStatusBarView{53e8307 I.E...... ......ID 0,0-248,56 #7f0a01f7 app:id/heads_up_status_bar_view} during layout: running second layout pass
04-22 09:43:41.907  1743  2244 D ConnectivityService: Blocked status changed to false for 10181(170) on netId 100
04-22 09:43:41.908  1743  2244 D ConnectivityService: Blocked status changed to false for 10181(171) on netId 100
04-22 09:43:41.927  1743  2244 D ConnectivityService: Blocked status changed to false for 10197(166) on netId 100
04-22 09:43:41.928  1743  2244 D ConnectivityService: Blocked status changed to false for 10197(167) on netId 100
04-22 09:43:41.930  1743  2244 D ConnectivityService: Blocked status changed to false for 10129(150) on netId 100
04-22 09:43:41.931  1743  2244 D ConnectivityService: Blocked status changed to false for 10133(168) on netId 100
04-22 09:43:41.932  1743  2244 D ConnectivityService: Blocked status changed to false for 10133(169) on netId 100
04-22 09:43:41.954  1743  2244 D ConnectivityService: Blocked status changed to false for 10107(22) on netId 100
04-22 09:43:41.954  1743  2244 D ConnectivityService: Blocked status changed to false for 10107(23) on netId 100
04-22 09:43:42.011   721   721 D Zygote  : Forked child process 26185
04-22 09:43:42.051  1743  1773 I ActivityManager: Start proc 26185:com.motorola.lifetimedata/u0a106 for broadcast {com.motorola.lifetimedata/com.motorola.lifetimedata.LifetimeDataReceiver}
04-22 09:43:42.087  3534  3534 D RandomF : DailyCheck.onStartJob
04-22 09:43:42.087 26185 26185 E la.lifetimedat: Not starting debugger since process cannot load the jdwp agent.
04-22 09:43:42.090  1743  1762 D GnssLocationProvider: gnssNameCb: name=qcom;MPSS.TA.3.0.C1-00738;
04-22 09:43:42.090   815   863 D PerMgrLib: GPS voting for modem
04-22 09:43:42.090  1743  1762 D GnssLocationProvider: gnssSetCapabilitesCb: 97u
04-22 09:43:42.091  3534 26197 D RandomF : DailyCheckHandler.handleMessage [running...]
04-22 09:43:42.091   858   899 D PerMgrSrv: GPS voting for modem
04-22 09:43:42.091   858   899 D PerMgrSrv: modem num voters is 4
04-22 09:43:42.092  6583  6583 I BgTaskExecutorImpl: Starting PERIODIC background task LOG_APPLICATIONS_TO_CLEARCUT_AFTER_HASH_CHECK.
04-22 09:43:42.092 22073 26182 I chatty  : uid=10156 com.google.android.gms.persistent expire 1 line
04-22 09:43:42.093  1743  1762 D GnssLocationProvider: gnssSetSystemInfoCb: yearOfHw=2019
04-22 09:43:42.094  1743  1762 I GnssLocationProvider: Unable to initialize IGnssXtra interface.
04-22 09:43:42.095  1743  1762 I GnssLocationProvider: Unable to initialize IGnssNi interface.
04-22 09:43:42.096  3534 26197 D RandomF : DailyCheck.finishJob [finished the job.]
04-22 09:43:42.103   815   815 E LocSvc_LocationAPI: destroy:243] removeFromGnssInf: 1, removeFromBatchingInf: 1, removeFromGeofenceInf: 1,needToWait: 1
04-22 09:43:42.104  1743  1762 I GnssVisibilityControl: Updating non-framework location access proxy apps in the GNSS HAL to: [com.motorola.nfwlocationattribution]
04-22 09:43:42.106  6583  6583 I BgTaskExecutorImpl: Starting PERIODIC background task REFRESH_AUTH_TOKENS.
04-22 09:43:42.108  6583  6583 I BgTaskExecutorImpl: Starting PERIODIC background task BACKGROUNDRETRY_CACHE_SWEEP.
04-22 09:43:42.109  1743  1762 I GnssLocationProvider: restartRequests
04-22 09:43:42.110  6583  6583 I BgTaskExecutorImpl: Starting PERIODIC background task PERIODIC_PROPERTIES_UPDATE_IN_PHENOTYPE.
04-22 09:43:42.112  6583  6583 I BgTaskExecutorImpl: Starting PERIODIC background task FETCH_SCHEDULED_BUBBLES.
04-22 09:43:42.113  7126  7234 D OtaApp  : AndroidClientUpgradeService.handleIntent: android.os.action.DEVICE_IDLE_MODE_CHANGED
04-22 09:43:42.113  6583  6583 I BgTaskExecutorImpl: Starting PERIODIC background task MDH_FORCED_SYNC.
04-22 09:43:42.120 22073 26183 I chatty  : uid=10156 com.google.android.gms.persistent expire 2 lines
04-22 09:43:42.126  7126  7234 D OtaApp  : CusSM.onIntentDeviceIdleModeChanged, deviceIdle : false
04-22 09:43:42.139 26185 26185 I la.lifetimedat: The ClassLoaderContext is a special shared library.
04-22 09:43:42.167  1743 11436 I ActivityManager: Killing 25764:com.google.android.partnersetup/u0a115 (adj 985): empty #17
04-22 09:43:42.191 22073 22073 I chatty  : uid=10156 com.google.android.gms.persistent expire 2 lines
04-22 09:43:42.213  6583  6606 W SearchServiceCore: Abort, client detached.
04-22 09:43:42.223  6583  6606 I chatty  : uid=10122(com.google.android.googlequicksearchbox) EventBus0 identical 18 lines
04-22 09:43:42.223  6583  6606 W SearchServiceCore: Abort, client detached.
04-22 09:43:42.223  6583  6583 I BgTaskExecutorImpl: Starting PERIODIC background task LOG_ATTEMPTED_SEARCHES_TO_KANSAS.
04-22 09:43:42.223  6583  6606 W SearchServiceCore: Abort, client detached.
04-22 09:43:42.223  6583  6606 W SearchServiceCore: Abort, client detached.
04-22 09:43:42.231   721   721 I Zygote  : Process 25764 exited due to signal 9 (Killed)
04-22 09:43:42.231  1743  2039 D ActivityManager: makeInactive, ProcessRecord{57c32d1 25764:com.google.android.partnersetup/u0a115}, clear holder.state
04-22 09:43:42.242  1743  1774 I libprocessgroup: Successfully killed process cgroup uid 10115 pid 25764 in 73ms
04-22 09:43:42.248  6583  6583 I BgTaskExecutorImpl: Starting PERIODIC background task REFRESH_SEARCH_HISTORY.
04-22 09:43:42.257  6583  6583 I BgTaskExecutorImpl: Starting PERIODIC background task CONTACT_AFFINITY_MODEL_CONTACTS_CHANGE_REFRESH.
04-22 09:43:42.258 24895 26178 I chatty  : uid=10156(com.google.android.gms) expire 1 line
04-22 09:43:42.265  6583  6606 W SearchServiceCore: Abort, client detached.
04-22 09:43:42.266  3534  3534 D RandomF : DailyCheck.onStartJob
04-22 09:43:42.266  6583  6606 W SearchServiceCore: Abort, client detached.
04-22 09:43:42.266  6583  6606 W SearchServiceCore: Abort, client detached.
04-22 09:43:42.267   721   721 D Zygote  : Forked child process 26218
04-22 09:43:42.268  1743  1773 I ActivityManager: Start proc 26218:com.android.providers.calendar/u0a59 for broadcast {com.android.providers.calendar/com.android.providers.calendar.CalendarProviderBroadcastReceiver}
04-22 09:43:42.270  3534 26217 D RandomF : DailyCheckHandler.handleMessage [running...]
04-22 09:43:42.270  3534 26217 D RandomF : DailyCheck.finishJob [finished the job.]
04-22 09:43:42.276  6583  6606 W SearchServiceCore: Abort, client detached.
04-22 09:43:42.276  6583  6606 W SearchServiceCore: Abort, client detached.
04-22 09:43:42.285 26218 26218 E viders.calenda: Not starting debugger since process cannot load the jdwp agent.
04-22 09:43:42.304  7126 26225 I MEngageHouseKeeping: cursor null or no rows state = 'suppressed'
04-22 09:43:42.310   720   720 I netd    : trafficSwapActiveStatsMap() <26.59ms>
04-22 09:43:42.312  6583  6583 W TaskServiceHelper: Not enough time has passed between starts of two 28 periodic tasks.
04-22 09:43:42.313   720   720 I netd    : tetherGetStats() <1.93ms>
04-22 09:43:42.316  7126 26225 I MEngageHouseKeeping: Next House keeping job @ Fri Apr 23 09:00:00 EDT 2021
04-22 09:43:42.331  6583  6606 W SearchServiceCore: Abort, client detached.
04-22 09:43:42.331  6583  6606 W SearchServiceCore: Abort, client detached.
04-22 09:43:42.335 26185 26238 V LifetimeData: File /mnt/product/persist/lifetime/mobile_data_rx
04-22 09:43:42.335 26185 26238 V LifetimeData: File /mnt/product/persist/lifetime/mobile_data_tx
04-22 09:43:42.336 26185 26238 V LifetimeData: File /mnt/product/persist/lifetime/wifi_data_rx
04-22 09:43:42.336 26185 26238 V LifetimeData: File /mnt/product/persist/lifetime/wifi_data_tx
04-22 09:43:42.339  6583  6583 W TaskServiceHelper: Not enough time has passed between starts of two 162 periodic tasks.
04-22 09:43:42.359 22073 26207 I chatty  : uid=10156 com.google.android.gms.persistent expire 7 lines
04-22 09:43:42.361 22073 25925 I chatty  : uid=10156 com.google.android.gms.persistent expire 5 lines
04-22 09:43:42.365  6583  6632 E ApplicationPropertiesBu: Date 2021-01-09T00:00:00Z is out of expected range.
04-22 09:43:42.367  6583  6632 E ApplicationPropertiesBu: Date 2021-01-11T00:00:00Z is out of expected range.
04-22 09:43:42.368  6583  6632 E ApplicationPropertiesBu: Date 2021-02-08T00:00:00Z is out of expected range.
04-22 09:43:42.369  6583  6632 E ApplicationPropertiesBu: Date 2021-02-11T00:00:00Z is out of expected range.
04-22 09:43:42.371  6583  6632 E ApplicationPropertiesBu: Date 2021-02-19T00:00:00Z is out of expected range.
04-22 09:43:42.378 26218 26218 I CalendarProvider2: Created com.android.providers.calendar.CalendarAlarmManager@a9abab8(com.android.providers.calendar.CalendarProvider2@b15c091)
04-22 09:43:42.429  1743  4939 W ActivityManager: Background start not allowed: service Intent { cmp=com.google.android.apps.messaging/.shared.datamodel.action.execution.ActionExecutorImpl$EmptyService } to com.google.android.apps.messaging/.shared.datamodel.action.execution.ActionExecutorImpl$EmptyService from pid=25653 uid=10181 pkg=com.google.android.apps.messaging startFg?=false
04-22 09:43:42.439  1743  4939 W ActivityManager: Background start not allowed: service Intent { cmp=com.google.android.apps.messaging/.shared.datamodel.action.execution.ActionExecutorImpl$EmptyService } to com.google.android.apps.messaging/.shared.datamodel.action.execution.ActionExecutorImpl$EmptyService from pid=25653 uid=10181 pkg=com.google.android.apps.messaging startFg?=false
04-22 09:43:42.439 25653 25722 I BugleAction: ActionSchedulerImpl: class com.google.android.apps.messaging.shared.datamodel.action.execution.DeferBackgroundWorkAction-DeferBackgroundWorkAction:117730719012 deferred since it was started from unsafe context
04-22 09:43:42.446 24895 27892 I chatty  : uid=10156(com.google.android.gms) expire 1 line
04-22 09:43:42.449 24895 26180 I chatty  : uid=10156(com.google.android.gms) expire 2 lines
04-22 09:43:42.451 25653 26247 D PhFileGroupPop: Added file groups webref-model-local-index
04-22 09:43:42.463  1743  2039 W ActivityManager: Background start not allowed: service Intent { cmp=com.google.android.apps.messaging/.shared.datamodel.action.execution.ActionExecutorImpl$EmptyService } to com.google.android.apps.messaging/.shared.datamodel.action.execution.ActionExecutorImpl$EmptyService from pid=25653 uid=10181 pkg=com.google.android.apps.messaging startFg?=false
04-22 09:43:42.475 25653 26247 D PhFileGroupPop: Added file groups smart_actions_grammars
04-22 09:43:42.478   721   721 D Zygote  : Forked child process 26253
04-22 09:43:42.480  1743  1773 I ActivityManager: Start proc 26253:com.google.android.apps.maps/u0a205 for broadcast {com.google.android.apps.maps/com.google.android.apps.gmm.directions.commute.setup.service.CommuteSetupBroadcastReceiver}
04-22 09:43:42.493 25653 26247 D PhFileGroupPop: Added file groups smart_actions_ml_models
04-22 09:43:42.494 26253 26253 E droid.apps.map: Not starting debugger since process cannot load the jdwp agent.
04-22 09:43:42.497 25653 26247 D PhFileGroupPop: Added file groups text_classifier
04-22 09:43:42.501 25653 26247 D PhFileGroupPop: Added file groups scripted_reply
04-22 09:43:42.506 25653 26247 D PhFileGroupPop: Added file groups calendar_appointment_grammar
04-22 09:43:42.520 25653 25724 W InstanceID: Instance ID SDK is deprecated, com.google.android.apps.messaging should update to use Firebase Instance ID
04-22 09:43:42.532 26253 26253 D ApplicationLoaders: Returning zygote-cached class loader: /system/framework/android.hidl.base-V1.0-java.jar
04-22 09:43:42.532 26253 26253 D ApplicationLoaders: Returning zygote-cached class loader: /system/framework/android.hidl.manager-V1.0-java.jar
04-22 09:43:42.532 26253 26253 D ApplicationLoaders: Returning zygote-cached class loader: /system/framework/android.hidl.base-V1.0-java.jar
04-22 09:43:42.535 26253 26253 I droid.apps.map: The ClassLoaderContext is a special shared library.
04-22 09:43:42.562 26253 26253 I droid.apps.map: The ClassLoaderContext is a special shared library.
04-22 09:43:42.601 25653 25679 I .apps.messagin: Waiting for a blocking GC ProfileSaver
04-22 09:43:42.628   720  1295 D NetdFwmarkServer: Cmd 2: 100, 10122: UserP=3, fwmark=F0064
04-22 09:43:42.628   720  1295 D NetdFwmarkServer: Cmd 1: 0, 10122: UserP=3, fwmark=F0064
04-22 09:43:42.629   720  1295 D NetdFwmarkServer: Cmd 6: 0, 10122: UserP=3, fwmark=F0064
04-22 09:43:42.638  6583  6606 W SearchServiceCore: Abort, client detached.
04-22 09:43:42.638  6583  6606 W SearchServiceCore: Abort, client detached.
04-22 09:43:42.701 25653 25667 W .apps.messagin: Reducing the number of considered missed Gc histogram windows from 107 to 100
04-22 09:43:42.702 25653 25679 I .apps.messagin: WaitForGcToComplete blocked ProfileSaver on HeapTrim for 100.812ms
04-22 09:43:42.707 25653 25708 E Bugle   : Failed to check if revocation is enabled
04-22 09:43:42.709 25653 25708 E Bugle   : zpm: Jibe SDK Service not available. Is the Jibe SDK service running? Did you call connect() and wait for the notification before calling an API function?
04-22 09:43:42.709 25653 25708 E Bugle   : 	at zpi.a(PG:16)
04-22 09:43:42.709 25653 25708 E Bugle   : 	at com.google.android.rcs.client.profile.RcsProfileService.getRcsConfig(PG:15)
04-22 09:43:42.709 25653 25708 E Bugle   : 	at jdr.o(PG:482)
04-22 09:43:42.709 25653 25708 E Bugle   : 	at jdr.v(PG:155)
04-22 09:43:42.709 25653 25708 E Bugle   : 	at eko.a(PG:74)
04-22 09:43:42.709 25653 25708 E Bugle   : 	at fed.call(PG:401)
04-22 09:43:42.709 25653 25708 E Bugle   : 	at aajn.call(PG:3)
04-22 09:43:42.709 25653 25708 E Bugle   : 	at adig.b(PG:5)
04-22 09:43:42.709 25653 25708 E Bugle   : 	at adjs.run(PG:17)
04-22 09:43:42.709 25653 25708 E Bugle   : 	at zyn.run(PG:3)
04-22 09:43:42.709 25653 25708 E Bugle   : 	at java.util.concurrent.ThreadPoolExecutor.runWorker(ThreadPoolExecutor.java:1167)
04-22 09:43:42.709 25653 25708 E Bugle   : 	at java.util.concurrent.ThreadPoolExecutor$Worker.run(ThreadPoolExecutor.java:641)
04-22 09:43:42.709 25653 25708 E Bugle   : 	at zxg.run(PG:4)
04-22 09:43:42.709 25653 25708 E Bugle   : 	at java.lang.Thread.run(Thread.java:919)
04-22 09:43:42.747   720   720 I netd    : trafficSwapActiveStatsMap() <46.88ms>
04-22 09:43:42.751   720   720 I netd    : tetherGetStats() <2.21ms>
04-22 09:43:42.770 22073 22091 I chatty  : uid=10156(com.google.android.gms) HeapTaskDaemon expire 2 lines
