04-21 19:19:45.547  1743  1766 I chatty  : uid=1000(system) android.anim expire 7 lines
04-21 19:19:45.556  1743 10153 I chatty  : uid=1000(system) Binder:1743_1C expire 1 line
04-21 19:19:48.385 24895 11591 W Binder  : reply too large data on java level: InterfaceDescriptor = null, code = 46
04-21 19:19:51.494  1743  1743 I chatty  : uid=1000 system_server expire 2 lines
04-21 19:19:51.524  1743  2232 I chatty  : uid=1000(system) Binder:1743_4 expire 1 line
04-21 19:19:51.529  1743  1772 I chatty  : uid=1000(system) ActivityManager expire 5 lines
04-21 19:19:51.654  1743  2244 I chatty  : uid=1000(system) ConnectivitySer expire 10 lines
04-21 19:19:53.458 24895 24912 W Binder  : reply too large data on java level: InterfaceDescriptor = null, code = 46
04-21 19:19:54.722  1743  1773 I chatty  : uid=1000(system) ActivityManager expire 10 lines
04-21 19:19:54.862  1743 11436 I chatty  : uid=1000(system) Binder:1743_1E expire 7 lines
04-21 19:19:54.882  1743  1766 I chatty  : uid=1000(system) android.anim expire 11 lines
04-21 19:19:55.308  1743  3384 I chatty  : uid=1000(system) Binder:1743_B expire 3 lines
04-21 19:19:55.387  1743 10153 I chatty  : uid=1000(system) Binder:1743_1C expire 6 lines
04-21 19:19:55.388  1743  1762 I chatty  : uid=1000(system) android.fg expire 1 line
04-21 19:19:55.860  1743  2232 I chatty  : uid=1000(system) Binder:1743_4 expire 4 lines
04-21 19:19:58.479 24895  9290 W Binder  : reply too large data on java level: InterfaceDescriptor = null, code = 46
04-21 19:19:59.577  1743  7290 I chatty  : uid=1000(system) Binder:1743_1A expire 2 lines
04-21 19:20:03.529 24895  9063 W Binder  : reply too large data on java level: InterfaceDescriptor = null, code = 46
04-21 19:20:08.599 24895  9290 W Binder  : reply too large data on java level: InterfaceDescriptor = null, code = 46
04-21 19:20:13.638 24895  9290 W Binder  : reply too large data on java level: InterfaceDescriptor = null, code = 46
04-21 19:20:18.711 24895  9063 W Binder  : reply too large data on java level: InterfaceDescriptor = null, code = 46
04-21 19:20:21.858  1743  5895 I chatty  : uid=1000(system) Binder:1743_16 expire 1 line
04-21 19:20:23.796 24895  9063 W Binder  : reply too large data on java level: InterfaceDescriptor = null, code = 46
04-21 19:20:28.855 24895  9063 W Binder  : reply too large data on java level: InterfaceDescriptor = null, code = 46
04-21 19:20:28.871  1743  2039 I chatty  : uid=1000(system) Binder:1743_3 expire 4 lines
04-21 19:20:28.876  1743  3392 I chatty  : uid=1000(system) Binder:1743_C expire 1 line
04-21 19:20:33.916 24895 24913 W Binder  : reply too large data on java level: InterfaceDescriptor = null, code = 46
04-21 19:20:38.998 24895 24913 W Binder  : reply too large data on java level: InterfaceDescriptor = null, code = 46
04-21 19:20:52.389  1743  2059 I chatty  : uid=1000(system) UEventObserver expire 4 lines
04-21 19:22:20.490  1743  1771 I chatty  : uid=1000(system) android.bg expire 2 lines
04-21 19:23:27.620  1743  2389 I chatty  : uid=1000(system) Binder:1743_7 expire 1 line
04-21 19:23:27.620  1743  1760 I chatty  : uid=1000(system) Binder:1743_1 expire 1 line
04-21 19:23:27.621  1743  2233 I chatty  : uid=1000(system) Binder:1743_5 expire 1 line
04-21 19:23:27.825  1743  3398 I chatty  : uid=1000(system) Binder:1743_D expire 16 lines
04-21 19:23:28.733  1743  2383 I chatty  : uid=1000(system) Binder:1743_6 expire 1 line
04-21 19:23:28.820  1743  6519 I chatty  : uid=1000(system) Binder:1743_18 expire 1 line
04-21 19:23:28.903  1743  4961 I chatty  : uid=1000(system) Binder:1743_15 expire 4 lines
04-21 19:23:54.330  1743  2836 I chatty  : uid=1000(system) Binder:1743_9 expire 1 line
04-21 19:24:31.055  1743  4939 I chatty  : uid=1000(system) Binder:1743_14 expire 3 lines
04-21 19:24:31.058  1743  1765 I chatty  : uid=1000(system) android.display expire 1 line
04-21 19:24:32.175  1743  1773 I chatty  : uid=1000(system) ActivityManager expire 6 lines
04-21 19:24:32.372  1743  1778 I chatty  : uid=1000(system) batterystats-wo expire 7 lines
04-21 19:24:32.769  1743  5895 I chatty  : uid=1000(system) Binder:1743_16 expire 4 lines
04-21 19:24:58.151  1743  2059 I chatty  : uid=1000(system) UEventObserver expire 18 lines
04-21 19:28:22.426  1743  4868 I chatty  : uid=1000(system) Binder:1743_13 expire 2 lines
04-21 19:28:22.491  1743  2233 I chatty  : uid=1000(system) Binder:1743_5 expire 1 line
04-21 19:28:22.494  1743 10153 I chatty  : uid=1000(system) Binder:1743_1C expire 4 lines
04-21 19:29:34.497  1743  1772 I chatty  : uid=1000(system) ActivityManager expire 4 lines
04-21 19:29:34.606  1743 12220 I chatty  : uid=1000(system) Binder:1743_20 expire 1 line
04-21 19:32:08.168  1743  1743 I chatty  : uid=1000 system_server expire 1 line
04-21 19:39:48.094  1743  1771 I chatty  : uid=1000(system) android.bg expire 2 lines
04-21 19:40:11.305  1743  2443 I chatty  : uid=1000(system) Binder:1743_8 expire 1 line
04-21 19:40:19.936 12478 15018 D SystemConfig: Removed unavailable feature android.hardware.sensor.gyroscope
04-21 19:40:19.947 12478 15018 W SystemConfig: No directory /oem/etc/sysconfig, skipping
04-21 19:40:19.947 12478 15018 W SystemConfig: No directory /oem/etc/permissions, skipping
04-21 19:40:20.180 12478 15018 W SystemConfig: No directory /system/etc/motorola/bgintents, skipping
04-21 19:40:20.181 12478 15018 W SystemConfig: No directory /oem/etc/motorola/bgintents, skipping
04-21 19:40:20.197 12478 15018 W SystemConfig: No directory /product_services/etc/sysconfig, skipping
04-21 19:40:20.197 12478 15018 W SystemConfig: No directory /product_services/etc/permissions, skipping
04-21 19:40:20.197 12478 15018 W SystemConfig: No directory /system/etc/motorola/sysconfig, skipping
04-21 19:40:20.197 12478 15018 W SystemConfig: No directory /oem/etc/motorola/sysconfig, skipping
04-21 19:40:20.197 12478 15018 W SystemConfig: No directory /product/etc/motorola/sysconfig, skipping
04-21 19:40:21.154  1743  1788 I chatty  : uid=1000(system) PackageManager expire 45 lines
04-21 19:40:21.503  1743  1772 I chatty  : uid=1000(system) ActivityManager expire 24 lines
04-21 19:40:21.516  1743  2078 I chatty  : uid=1000(system) AccountManagerS expire 1 line
04-21 19:40:21.529  1743  2660 I chatty  : uid=1000(system) android.fg expire 1 line
04-21 19:40:21.578  1743  1773 I chatty  : uid=1000(system) ActivityManager expire 5 lines
04-21 19:40:21.600  1743  1743 I chatty  : uid=1000 system_server expire 10 lines
04-21 19:40:21.742  1743  7290 I chatty  : uid=1000(system) Binder:1743_1A expire 1 line
04-21 19:40:21.748  1743  1762 I chatty  : uid=1000(system) android.fg expire 2 lines
04-21 19:40:21.768  1743 12220 I chatty  : uid=1000(system) Binder:1743_20 expire 3 lines
04-21 19:40:22.149  1743  4939 I chatty  : uid=1000(system) Binder:1743_14 expire 6 lines
04-21 19:40:22.191  1743  1766 I chatty  : uid=1000(system) android.anim expire 7 lines
04-21 19:40:22.933  1743  2838 I chatty  : uid=1000(system) Binder:1743_A expire 1 line
04-21 19:40:33.045  1743  2246 I chatty  : uid=1000(system) NsdService expire 5 lines
04-21 19:40:43.230 15255 15255 D ActivityThread: Loading provider contacts;com.android.contacts: com.android.providers.contacts.ContactsProvider2
04-21 19:40:43.565  1743  1772 I chatty  : uid=1000(system) ActivityManager expire 11 lines
04-21 19:40:43.993  2308  2308 V DeadZone: consuming errant click: (78.890434,9.049316)
04-21 19:40:43.994  2308  2308 V DeadZone: consuming errant click: (78.890434,9.049316)
04-21 19:40:53.855  1743  1761 I chatty  : uid=1000(system) Binder:1743_2 expire 1 line
04-21 19:40:53.906  1743  2244 I chatty  : uid=1000(system) ConnectivitySer expire 1 line
04-21 19:40:53.907  1743  4961 I chatty  : uid=1000(system) Binder:1743_15 expire 2 lines
04-21 19:41:04.262  1743  1772 I chatty  : uid=1000(system) ActivityManager expire 6 lines
04-21 19:41:05.184  1743  3398 I chatty  : uid=1000(system) Binder:1743_D expire 1 line
04-21 19:41:21.190  1743  2059 I chatty  : uid=1000(system) UEventObserver expire 14 lines
04-21 19:41:29.905  1743 11436 I chatty  : uid=1000(system) Binder:1743_1E expire 6 lines
04-21 19:42:22.643  1743  1771 I chatty  : uid=1000(system) android.bg expire 2 lines
04-21 19:50:33.978  1743  1760 I chatty  : uid=1000(system) Binder:1743_1 expire 5 lines
04-21 19:50:34.062  1743  2244 I chatty  : uid=1000(system) ConnectivitySer expire 3 lines
04-21 19:50:34.064  1743 10153 I chatty  : uid=1000(system) Binder:1743_1C expire 4 lines
04-21 19:50:34.076  1743  4939 I chatty  : uid=1000(system) Binder:1743_14 expire 1 line
04-21 19:50:49.056  1743 11968 I chatty  : uid=1000(system) Binder:1743_1F expire 3 lines
04-21 19:53:34.047  1743 12220 I chatty  : uid=1000(system) Binder:1743_20 expire 2 lines
04-21 19:53:34.050  1743  4666 I chatty  : uid=1000(system) Binder:1743_11 expire 1 line
04-21 19:53:34.050  1743  2232 I chatty  : uid=1000(system) Binder:1743_4 expire 1 line
04-21 19:53:34.057  1743  6519 I chatty  : uid=1000(system) Binder:1743_18 expire 1 line
04-21 19:54:32.183  1743  1773 I chatty  : uid=1000(system) ActivityManager expire 3 lines
04-21 19:54:32.686  1743 11433 I chatty  : uid=1000(system) Binder:1743_1D expire 4 lines
04-21 19:54:32.757 24895 24911 W Binder  : reply too large data on java level: InterfaceDescriptor = null, code = 46
04-21 19:54:37.791 24895  9063 W Binder  : reply too large data on java level: InterfaceDescriptor = null, code = 46
04-21 19:54:39.906  1743  2059 I chatty  : uid=1000(system) UEventObserver expire 7 lines
04-21 19:54:42.879 24895  9063 W Binder  : reply too large data on java level: InterfaceDescriptor = null, code = 46
04-21 19:54:44.324  1743  9612 I chatty  : uid=1000(system) Binder:1743_1B expire 5 lines
04-21 19:54:47.975 24895  9063 W Binder  : reply too large data on java level: InterfaceDescriptor = null, code = 46
04-21 19:54:53.045 24895  9063 I chatty  : uid=10156(com.google.android.gms) Binder:24895_B identical 14 lines
04-21 19:54:58.110 24895  9063 W Binder  : reply too large data on java level: InterfaceDescriptor = null, code = 46
04-21 19:55:03.174 24895 24952 W Binder  : reply too large data on java level: InterfaceDescriptor = null, code = 46
04-21 19:55:08.250 24895  9063 W Binder  : reply too large data on java level: InterfaceDescriptor = null, code = 46
04-21 19:55:38.620 24895  9063 W Binder  : reply too large data on java level: InterfaceDescriptor = null, code = 46
04-21 19:55:43.692 24895  9063 W Binder  : reply too large data on java level: InterfaceDescriptor = null, code = 46
04-21 19:56:29.287 24895  9063 W Binder  : reply too large data on java level: InterfaceDescriptor = null, code = 46
04-21 19:56:32.742  1743  2039 I chatty  : uid=1000(system) Binder:1743_3 expire 1 line
04-21 20:00:35.214  1743  1766 I chatty  : uid=1000(system) android.anim expire 1 line
04-21 20:00:35.978  1743  1763 I chatty  : uid=1000(system) android.ui expire 2 lines
04-21 20:00:35.980  1743  1743 I chatty  : uid=1000 system_server expire 2 lines
04-21 20:00:36.438  1743  1782 I chatty  : uid=1000(system) PowerManagerSer expire 6 lines
04-21 20:00:36.466  1743 16857 I chatty  : uid=1000 system_server expire 1 line
04-21 20:00:36.480  1743  1765 I chatty  : uid=1000(system) android.display expire 2 lines
04-21 20:00:36.724  1743  1762 I chatty  : uid=1000(system) android.fg expire 4 lines
04-21 20:00:37.274  1743  2246 I chatty  : uid=1000(system) NsdService expire 2 lines
04-21 20:00:37.323  1743  9612 I chatty  : uid=1000(system) Binder:1743_1B expire 4 lines
04-21 20:00:37.356  1743  1743 I chatty  : uid=1000 system_server expire 9 lines
04-21 20:00:37.419  1743 11433 I chatty  : uid=1000(system) Binder:1743_1D expire 5 lines
04-21 20:00:37.597  1743  1765 I chatty  : uid=1000(system) android.display expire 15 lines
04-21 20:00:37.621  1743  1773 I chatty  : uid=1000(system) ActivityManager expire 1 line
04-21 20:00:37.646  1743  6519 I chatty  : uid=1000(system) Binder:1743_18 expire 2 lines
04-21 20:00:38.306  1743  2443 I chatty  : uid=1000(system) Binder:1743_8 expire 2 lines
04-21 20:00:38.381  1743  1766 I chatty  : uid=1000(system) android.anim expire 1 line
04-21 20:00:54.611  1743  2059 I chatty  : uid=1000(system) UEventObserver expire 2 lines
04-21 20:01:47.530  1743  1771 I chatty  : uid=1000(system) android.bg expire 4 lines
04-21 20:02:06.910  1743  1782 I chatty  : uid=1000(system) PowerManagerSer expire 38 lines
04-21 20:02:06.913  1743 11968 I chatty  : uid=1000(system) Binder:1743_1F expire 4 lines
04-21 20:02:06.914  1743  1763 I chatty  : uid=1000(system) android.ui expire 10 lines
04-21 20:02:51.695  1743  2232 I chatty  : uid=1000(system) Binder:1743_4 expire 2 lines
04-21 20:03:11.233  1743  4666 I chatty  : uid=1000(system) Binder:1743_11 expire 8 lines
04-21 20:03:17.047  1743  1782 I chatty  : uid=1000(system) PowerManagerSer expire 2 lines
04-21 20:03:17.100  1743  1765 I chatty  : uid=1000(system) android.display expire 1 line
04-21 20:03:31.623  1743  1771 I chatty  : uid=1000(system) android.bg expire 6 lines
04-21 20:03:51.802  1743  9612 I chatty  : uid=1000(system) Binder:1743_1B expire 4 lines
04-21 20:03:51.805  1743  5895 I chatty  : uid=1000(system) Binder:1743_16 expire 5 lines
04-21 20:03:51.810  1743  6519 I chatty  : uid=1000(system) Binder:1743_18 expire 5 lines
04-21 20:03:51.831  1743  2244 I chatty  : uid=1000(system) ConnectivitySer expire 32 lines
04-21 20:04:18.782  1743  2059 I chatty  : uid=1000(system) UEventObserver expire 24 lines
04-21 20:04:52.013  1743  2443 I chatty  : uid=1000(system) Binder:1743_8 expire 3 lines
04-21 20:08:55.551  1743  1773 I chatty  : uid=1000(system) ActivityManager expire 2 lines
04-21 20:09:52.822  1743 11433 I chatty  : uid=1000(system) Binder:1743_1D expire 2 lines
04-21 20:11:53.108  1743  2233 I chatty  : uid=1000(system) Binder:1743_5 expire 3 lines
04-21 20:19:59.584  1743  2126 I chatty  : uid=1000(system) AlarmManager expire 4 lines
04-21 20:20:36.048  1743  1772 I chatty  : uid=1000(system) ActivityManager expire 1 line
04-21 20:27:42.436  1743  1743 I chatty  : uid=1000 system_server expire 2 lines
04-21 20:28:21.708  1743  2059 I chatty  : uid=1000(system) UEventObserver expire 35 lines
04-21 20:37:45.696  1743  2244 I chatty  : uid=1000(system) ConnectivitySer expire 25 lines
04-21 20:37:45.873  1743 12220 I chatty  : uid=1000(system) Binder:1743_20 expire 1 line
04-21 20:37:45.887  1743  1772 I chatty  : uid=1000(system) ActivityManager expire 8 lines
04-21 20:37:45.944  1743  4798 I chatty  : uid=1000(system) Binder:1743_12 expire 1 line
04-21 20:47:29.016  1743  1771 I chatty  : uid=1000(system) android.bg expire 8 lines
04-21 21:08:51.720  1743  1762 I chatty  : uid=1000(system) android.fg expire 2 lines
04-21 21:08:51.784  1743  4961 I chatty  : uid=1000(system) Binder:1743_15 expire 9 lines
04-21 21:08:55.348  1743  1761 I chatty  : uid=1000(system) Binder:1743_2 expire 1 line
04-21 21:08:55.355  1743  3659 I chatty  : uid=1000(system) Binder:1743_10 expire 1 line
04-21 21:09:21.908  1743  2414 I chatty  : uid=1000(system) HwBinder:1743_4 expire 1 line
04-21 21:20:49.407  1743  1765 I chatty  : uid=1000(system) android.display expire 1 line
04-21 21:20:49.410  1743  1763 I chatty  : uid=1000(system) android.ui expire 3 lines
04-21 21:20:53.942  1743 17022 I chatty  : uid=1000(system) AdbDebuggingMan expire 1 line
04-21 21:59:40.652  1743  1773 I chatty  : uid=1000(system) ActivityManager expire 6 lines
04-21 21:59:40.806 24517 24517 D ActivityThread: Loading provider contacts;com.android.contacts: com.android.providers.contacts.ContactsProvider2
04-21 21:59:41.357  1743  5994 I chatty  : uid=1000(system) Binder:1743_17 expire 1 line
04-21 21:59:41.415  1743  3384 I chatty  : uid=1000(system) Binder:1743_B expire 4 lines
04-21 21:59:43.293  1743 11968 I chatty  : uid=1000(system) Binder:1743_1F expire 3 lines
04-21 21:59:43.363 24895 24929 W PackageParser: Unknown element under <manifest>: queries at /data/user_de/0/com.google.android.gms/app_chimera/m/0000000a/AdsDynamite.apk Binary XML file line #5
04-21 21:59:45.465 24895 15116 W PackageParser: Unknown element under <manifest>: queries at /data/user_de/0/com.google.android.gms/app_chimera/m/0000000a/AdsDynamite.apk Binary XML file line #5
04-21 21:59:45.659 24895 15116 W PackageParser: Unknown element under <manifest>: queries at /data/user_de/0/com.google.android.gms/app_chimera/m/s/dl-AdsFdrDynamite.integ_210890500100000.apk Binary XML file line #5
04-21 21:59:45.747 24895 15116 W PackageParser: Unknown element under <manifest>: queries at /data/user_de/0/com.google.android.gms/app_chimera/m/0000000a/AdsDynamite.apk Binary XML file line #5
04-21 21:59:45.790 24895 15116 W PackageParser: Unknown element under <manifest>: queries at /data/user_de/0/com.google.android.gms/app_chimera/m/00000018/dl-AdsFdrDynamite.integ_210890500100000.apk Binary XML file line #5
04-21 21:59:46.113  1743  1772 I chatty  : uid=1000(system) ActivityManager expire 6 lines
04-21 21:59:48.369  1743  5895 I chatty  : uid=1000(system) Binder:1743_16 expire 3 lines
04-21 21:59:51.162  1743  1773 I chatty  : uid=1000(system) ActivityManager expire 10 lines
04-21 22:00:00.002  1743  1743 I chatty  : uid=1000 system_server expire 13 lines
04-21 22:00:10.612  1743  2244 I chatty  : uid=1000(system) ConnectivitySer expire 30 lines
04-21 22:00:18.825  1743  1762 I chatty  : uid=1000(system) android.fg expire 2 lines
04-21 22:00:41.836  1743  2059 I chatty  : uid=1000(system) UEventObserver expire 13 lines
04-21 22:03:46.171  1743  7056 I chatty  : uid=1000(system) Binder:1743_19 expire 10 lines
04-21 22:03:46.181  1743  1763 I chatty  : uid=1000(system) android.ui expire 7 lines
04-21 22:08:39.050  1743  4961 I chatty  : uid=1000(system) Binder:1743_15 expire 3 lines
04-21 23:17:28.679  1743  1771 I chatty  : uid=1000(system) android.bg expire 2 lines
04-21 23:50:31.025  1743  6519 I chatty  : uid=1000(system) Binder:1743_18 expire 1 line
04-21 23:50:31.071  1743  2039 I chatty  : uid=1000(system) Binder:1743_3 expire 1 line
04-21 23:50:38.042  1743  4939 I chatty  : uid=1000(system) Binder:1743_14 expire 1 line
04-21 23:50:52.125  1743  2232 I chatty  : uid=1000(system) Binder:1743_4 expire 4 lines
04-22 00:00:02.738  1743  5994 I chatty  : uid=1000(system) Binder:1743_17 expire 1 line
04-22 00:12:43.150  1743  3398 I chatty  : uid=1000(system) Binder:1743_D expire 3 lines
04-22 00:12:56.037  1743  1761 I chatty  : uid=1000(system) Binder:1743_2 expire 1 line
04-22 00:12:56.038  1743 10153 I chatty  : uid=1000(system) Binder:1743_1C expire 1 line
04-22 00:13:06.458  1743  2389 I chatty  : uid=1000(system) Binder:1743_7 expire 4 lines
04-22 00:41:47.452  1743  2059 I chatty  : uid=1000(system) UEventObserver expire 13 lines
04-22 00:52:58.426  1743  2232 I chatty  : uid=1000(system) Binder:1743_4 expire 4 lines
04-22 01:20:15.109  1743  1778 I chatty  : uid=1000(system) batterystats-wo expire 2 lines
04-22 02:21:04.110  1743  1762 I chatty  : uid=1000(system) android.fg expire 6 lines
04-22 02:35:33.178  3268  3268 W ActivityThread: serviceCreate lasts for 5127 ms, CreateServiceData = CreateServiceData{token=android.os.BinderProxy@7c088f4 className=com.motorola.motocare.internal.batterystats.BatteryStatsIntentService packageName=com.motorola.motocare.internal intent=null}
04-22 02:35:33.179  3268  3268 W ActivityThread: serviceStart starts in 5135 ms, ServiceArgsData = ServiceArgsData{token=android.os.BinderProxy@7c088f4 startId=1 args=Intent { act=com.motorola.motocare.INTENT_PERFORM_ACTION flg=0x10 cmp=com.motorola.motocare.internal/.batterystats.BatteryStatsIntentService (has extras) }}
04-22 03:49:37.551  1743  1743 I chatty  : uid=1000 system_server expire 15 lines
04-22 03:49:37.723  1743  2244 I chatty  : uid=1000(system) ConnectivitySer expire 10 lines
04-22 03:49:37.737  1743  2233 I chatty  : uid=1000(system) Binder:1743_5 expire 6 lines
04-22 03:49:37.741  1743  1772 I chatty  : uid=1000(system) ActivityManager expire 7 lines
04-22 03:49:37.930  1743  1773 I chatty  : uid=1000(system) ActivityManager expire 10 lines
04-22 03:49:38.174 25627 25627 D ActivityThread: Loading provider contacts;com.android.contacts: com.android.providers.contacts.ContactsProvider2
04-22 03:49:38.195  1743  3392 I chatty  : uid=1000(system) Binder:1743_C expire 3 lines
04-22 03:49:38.575 24895  9063 W Binder  : reply too large data on java level: InterfaceDescriptor = null, code = 46
04-22 03:49:41.521  1743  7290 I chatty  : uid=1000(system) Binder:1743_1A expire 7 lines
04-22 03:49:42.002  1743  1761 I chatty  : uid=1000(system) Binder:1743_2 expire 2 lines
04-22 03:49:42.111  1743 11433 I chatty  : uid=1000(system) Binder:1743_1D expire 3 lines
04-22 03:49:42.202  1743  4939 I chatty  : uid=1000(system) Binder:1743_14 expire 6 lines
04-22 03:49:42.202  1743 11436 I chatty  : uid=1000(system) Binder:1743_1E expire 2 lines
04-22 03:49:43.655 24895 11573 W Binder  : reply too large data on java level: InterfaceDescriptor = null, code = 46
04-22 03:49:44.002  1743 12220 I chatty  : uid=1000(system) Binder:1743_20 expire 2 lines
04-22 03:49:48.731 24895 11573 W Binder  : reply too large data on java level: InterfaceDescriptor = null, code = 46
04-22 03:49:53.794 24895 11573 W Binder  : reply too large data on java level: InterfaceDescriptor = null, code = 46
04-22 03:49:58.851 24895 24911 W Binder  : reply too large data on java level: InterfaceDescriptor = null, code = 46
04-22 03:50:00.497  1743  2838 I chatty  : uid=1000(system) Binder:1743_A expire 2 lines
04-22 03:50:03.875  1743 10153 I chatty  : uid=1000(system) Binder:1743_1C expire 2 lines
04-22 03:50:03.918 24895 24911 W Binder  : reply too large data on java level: InterfaceDescriptor = null, code = 46
04-22 03:50:08.085  1743  2244 I chatty  : uid=1000(system) ConnectivitySer expire 9 lines
04-22 03:50:18.630  1743  2059 I chatty  : uid=1000(system) UEventObserver expire 11 lines
04-22 03:50:30.389  1743  4798 I chatty  : uid=1000(system) Binder:1743_12 expire 1 line
04-22 03:50:33.073 24895 24911 W Binder  : reply too large data on java level: InterfaceDescriptor = null, code = 46
04-22 03:52:30.491 24895 24911 W Binder  : reply too large data on java level: InterfaceDescriptor = null, code = 46
04-22 03:54:21.041 24895 24911 W Binder  : reply too large data on java level: InterfaceDescriptor = null, code = 46
04-22 03:55:50.477 24895 24911 W Binder  : reply too large data on java level: InterfaceDescriptor = null, code = 46
04-22 03:57:39.002 24895 24911 W Binder  : reply too large data on java level: InterfaceDescriptor = null, code = 46
04-22 03:59:20.612 24895 24911 W Binder  : reply too large data on java level: InterfaceDescriptor = null, code = 46
04-22 04:00:52.939 24895 24911 W Binder  : reply too large data on java level: InterfaceDescriptor = null, code = 46
04-22 04:02:19.108 24895 24911 W Binder  : reply too large data on java level: InterfaceDescriptor = null, code = 46
04-22 04:04:58.606 24895 24911 W Binder  : reply too large data on java level: InterfaceDescriptor = null, code = 46
04-22 04:07:19.228 24895 24911 W Binder  : reply too large data on java level: InterfaceDescriptor = null, code = 46
04-22 04:08:29.349 24895 24911 W Binder  : reply too large data on java level: InterfaceDescriptor = null, code = 46
04-22 04:09:42.679 24895 24911 W Binder  : reply too large data on java level: InterfaceDescriptor = null, code = 46
04-22 04:11:21.017 24895 11591 W Binder  : reply too large data on java level: InterfaceDescriptor = null, code = 46
04-22 04:13:49.347 24895 11591 W Binder  : reply too large data on java level: InterfaceDescriptor = null, code = 46
04-22 04:16:01.193 24895 11591 W Binder  : reply too large data on java level: InterfaceDescriptor = null, code = 46
04-22 04:18:30.114 24895 11591 W Binder  : reply too large data on java level: InterfaceDescriptor = null, code = 46
04-22 04:19:51.262 24895 11591 W Binder  : reply too large data on java level: InterfaceDescriptor = null, code = 46
04-22 04:22:11.287 24895 11591 W Binder  : reply too large data on java level: InterfaceDescriptor = null, code = 46
04-22 04:43:20.398 25983 25983 W ActivityThread: serviceCreate starts in 39253 ms, CreateServiceData = CreateServiceData{token=android.os.BinderProxy@543e4f5 className=com.motorola.feedback.quicksettings.FeedBackTileService packageName=com.motorola.help intent=null}
04-22 04:57:52.482  1743  1771 I chatty  : uid=1000(system) android.bg expire 2 lines
04-22 07:08:52.303  1743  2039 I chatty  : uid=1000(system) Binder:1743_3 expire 7 lines
04-22 07:09:46.664  1743  1778 I chatty  : uid=1000(system) batterystats-wo expire 2 lines
04-22 07:10:46.348  1743  2059 I chatty  : uid=1000(system) UEventObserver expire 10 lines
04-22 07:41:26.113  3268  3268 W ActivityThread: serviceCreate starts in 8328 ms, CreateServiceData = CreateServiceData{token=android.os.BinderProxy@f6ef73c className=com.motorola.motocare.internal.batterystats.BatteryStatsIntentService packageName=com.motorola.motocare.internal intent=null}
04-22 07:41:26.119  3268  3268 W ActivityThread: serviceStart starts in 8334 ms, ServiceArgsData = ServiceArgsData{token=android.os.BinderProxy@f6ef73c startId=1 args=Intent { act=com.motorola.motocare.INTENT_PERFORM_ACTION flg=0x10 cmp=com.motorola.motocare.internal/.batterystats.BatteryStatsIntentService (has extras) }}
04-22 09:43:41.665  1743  1743 I chatty  : uid=1000 system_server expire 10 lines
04-22 09:43:41.907  1743  2244 I chatty  : uid=1000(system) ConnectivitySer expire 24 lines
04-22 09:43:42.051  1743  1773 I chatty  : uid=1000(system) ActivityManager expire 18 lines
04-22 09:43:42.167  1743 11436 I chatty  : uid=1000(system) Binder:1743_1E expire 3 lines
04-22 09:43:42.429  1743  4939 I chatty  : uid=1000(system) Binder:1743_14 expire 5 lines
04-22 09:43:43.155  1743  2389 I chatty  : uid=1000(system) Binder:1743_7 expire 2 lines
04-22 09:43:43.201  1743  4868 I chatty  : uid=1000(system) Binder:1743_13 expire 1 line
04-22 09:43:43.442  1743  7056 I chatty  : uid=1000(system) Binder:1743_19 expire 2 lines
04-22 09:43:43.450  1743  4798 I chatty  : uid=1000(system) Binder:1743_12 expire 2 lines
04-22 09:43:43.451  1743  1772 I chatty  : uid=1000(system) ActivityManager expire 4 lines
04-22 09:43:43.501  1743  2232 I chatty  : uid=1000(system) Binder:1743_4 expire 3 lines
04-22 09:43:45.007  1743  2162 I chatty  : uid=1000(system) NetworkWatchlis expire 2 lines
04-22 09:43:45.712  1743  3392 I chatty  : uid=1000(system) Binder:1743_C expire 4 lines
04-22 09:43:45.906  1743  2443 I chatty  : uid=1000(system) Binder:1743_8 expire 2 lines
04-22 09:43:46.041  1743  4961 I chatty  : uid=1000(system) Binder:1743_15 expire 2 lines
04-22 09:43:46.059 24895 27892 W PackageParser: Unknown element under <manifest>: queries at /data/user_de/0/com.google.android.gms/app_chimera/m/0000000a/AdsDynamite.apk Binary XML file line #5
04-22 09:43:46.140 24895 27892 W PackageParser: Unknown element under <manifest>: queries at /data/user_de/0/com.google.android.gms/app_chimera/m/00000018/dl-AdsFdrDynamite.integ_210890500100000.apk Binary XML file line #5
04-22 09:43:46.261  1743  3659 I chatty  : uid=1000(system) Binder:1743_10 expire 2 lines
04-22 09:43:46.317  1743  1761 I chatty  : uid=1000(system) Binder:1743_2 expire 3 lines
04-22 09:43:46.346  1743  3656 I chatty  : uid=1000(system) Binder:1743_E expire 3 lines
04-22 09:43:47.410  1743 10153 I chatty  : uid=1000(system) Binder:1743_1C expire 3 lines
04-22 09:43:47.776 24895 26531 W PackageParser: Unknown element under <manifest>: queries at /data/user_de/0/com.google.android.gms/app_chimera/m/0000000a/AdsDynamite.apk Binary XML file line #5
04-22 09:43:47.830 24895 26531 W PackageParser: Unknown element under <manifest>: queries at /data/user_de/0/com.google.android.gms/app_chimera/m/00000018/dl-AdsFdrDynamite.integ_210890500100000.apk Binary XML file line #5
04-22 09:43:47.948 24895 24950 W PackageParser: Unknown element under <manifest>: queries at /data/user_de/0/com.google.android.gms/app_chimera/m/0000000a/AdsDynamite.apk Binary XML file line #5
04-22 09:43:48.005 24895 24950 W PackageParser: Unknown element under <manifest>: queries at /data/user_de/0/com.google.android.gms/app_chimera/m/00000018/dl-AdsFdrDynamite.integ_210890500100000.apk Binary XML file line #5
04-22 09:43:53.786  1743  9612 I chatty  : uid=1000(system) Binder:1743_1B expire 2 lines
04-22 09:43:53.835  1743  3398 I chatty  : uid=1000(system) Binder:1743_D expire 4 lines
04-22 09:43:57.809  1743  4666 I chatty  : uid=1000(system) Binder:1743_11 expire 1 line
04-22 09:43:57.886  1743  6519 I chatty  : uid=1000(system) Binder:1743_18 expire 2 lines
04-22 09:44:01.264  1743  2836 I chatty  : uid=1000(system) Binder:1743_9 expire 1 line
04-22 09:44:01.597  1743 12220 I chatty  : uid=1000(system) Binder:1743_20 expire 1 line
04-22 09:44:01.635  1743  7290 I chatty  : uid=1000(system) Binder:1743_1A expire 2 lines
04-22 09:44:11.644  1743  2059 I chatty  : uid=1000(system) UEventObserver expire 1 line
04-22 09:44:13.328  1743  2233 I chatty  : uid=1000(system) Binder:1743_5 expire 2 lines
04-22 09:44:13.414  1743  1760 I chatty  : uid=1000(system) Binder:1743_1 expire 5 lines
04-22 09:45:42.482  1743  1782 I chatty  : uid=1000(system) PowerManagerSer expire 24 lines
04-22 09:45:42.491  1743  1763 I chatty  : uid=1000(system) android.ui expire 13 lines
04-22 09:45:42.532  1743  1765 I chatty  : uid=1000(system) android.display expire 17 lines
04-22 09:45:46.751  1743  2389 I chatty  : uid=1000(system) Binder:1743_7 expire 2 lines
04-22 09:45:47.563  1743  2244 I chatty  : uid=1000(system) ConnectivitySer expire 9 lines
04-22 09:45:54.675  1743  2233 I chatty  : uid=1000(system) Binder:1743_5 expire 4 lines
04-22 09:46:04.177  1743  1743 I chatty  : uid=1000 system_server expire 12 lines
04-22 09:46:07.386  1743  4961 I chatty  : uid=1000(system) Binder:1743_15 expire 4 lines
04-22 09:46:10.208 22073 22073 W ActivityThread: serviceStart lasts for 2822 ms, ServiceArgsData = ServiceArgsData{token=android.os.BinderProxy@18cdd25 startId=130 args=Intent { act=com.google.android.location.internal.action.FLP_AR_RESULT pkg=com.google.android.gms cmp=com.google.android.gms/com.google.android.location.internal.PendingIntentCallbackService (has extras) }}
04-22 09:46:10.208 22073 22073 W ActivityThread: serviceStart starts in 2817 ms, ServiceArgsData = ServiceArgsData{token=android.os.BinderProxy@18cdd25 startId=131 args=Intent { act=com.google.android.location.internal.action.AR_TRANSITION_RESULT pkg=com.google.android.gms cmp=com.google.android.gms/com.google.android.location.internal.PendingIntentCallbackService (has extras) }}
04-22 09:46:10.214  1743  1761 I chatty  : uid=1000(system) Binder:1743_2 expire 2 lines
04-22 09:46:12.082  1743  1782 I chatty  : uid=1000(system) PowerManagerSer expire 29 lines
04-22 09:46:14.199  1743  2059 I chatty  : uid=1000(system) UEventObserver expire 1 line
04-22 09:47:02.139  1743  2157 I chatty  : uid=1000(system) InputReader expire 2 lines
04-22 09:47:02.144  1743  1762 I chatty  : uid=1000(system) android.fg expire 5 lines
04-22 09:47:02.224  1743  4666 I chatty  : uid=1000(system) Binder:1743_11 expire 2 lines
04-22 09:47:02.251  1743  1766 I chatty  : uid=1000(system) android.anim expire 2 lines
04-22 09:47:02.709  1743  1773 I chatty  : uid=1000(system) ActivityManager expire 5 lines
04-22 09:47:15.583  1743  5994 I chatty  : uid=1000(system) Binder:1743_17 expire 1 line
04-22 09:47:15.583  1743  1762 I chatty  : uid=1000(system) android.fg expire 4 lines
04-22 09:47:15.590  1743  1782 I chatty  : uid=1000(system) PowerManagerSer expire 2 lines
04-22 09:47:15.817  1743  1763 I chatty  : uid=1000(system) android.ui expire 1 line
04-22 09:47:15.820  1743  1743 I chatty  : uid=1000 system_server expire 12 lines
04-22 09:47:17.014  1743  6519 I chatty  : uid=1000(system) Binder:1743_18 expire 3 lines
04-22 09:47:17.117  1743  1766 I chatty  : uid=1000(system) android.anim expire 3 lines
04-22 09:47:17.163  1743  1765 I chatty  : uid=1000(system) android.display expire 1 line
04-22 09:47:17.174  1743  3657 I chatty  : uid=1000(system) Binder:1743_F expire 4 lines
04-22 09:47:17.175  1743  1772 I chatty  : uid=1000(system) ActivityManager expire 27 lines
04-22 09:47:17.565  1743  4961 I chatty  : uid=1000(system) Binder:1743_15 expire 1 line
04-22 09:47:18.201  1743 17022 I chatty  : uid=1000(system) AdbDebuggingMan expire 1 line
04-22 09:47:42.228  1743  2126 I chatty  : uid=1000(system) AlarmManager expire 1 line
04-22 09:47:53.814  1743  2059 I chatty  : uid=1000(system) UEventObserver expire 2 lines
04-22 09:49:00.612  1743  3659 I chatty  : uid=1000(system) Binder:1743_10 expire 1 line
04-22 09:49:10.856 26404 27520 D SystemConfig: Removed unavailable feature android.hardware.sensor.gyroscope
04-22 09:49:10.865 26404 27520 W SystemConfig: No directory /oem/etc/sysconfig, skipping
04-22 09:49:10.866 26404 27520 W SystemConfig: No directory /oem/etc/permissions, skipping
04-22 09:49:11.098 26404 27520 W SystemConfig: No directory /system/etc/motorola/bgintents, skipping
04-22 09:49:11.098 26404 27520 W SystemConfig: No directory /oem/etc/motorola/bgintents, skipping
04-22 09:49:11.108 26404 27520 W SystemConfig: No directory /product_services/etc/sysconfig, skipping
04-22 09:49:11.108 26404 27520 W SystemConfig: No directory /product_services/etc/permissions, skipping
04-22 09:49:11.109 26404 27520 W SystemConfig: No directory /system/etc/motorola/sysconfig, skipping
04-22 09:49:11.109 26404 27520 W SystemConfig: No directory /oem/etc/motorola/sysconfig, skipping
04-22 09:49:11.109 26404 27520 W SystemConfig: No directory /product/etc/motorola/sysconfig, skipping
04-22 09:49:12.168  1743  1788 I chatty  : uid=1000(system) PackageManager expire 45 lines
04-22 09:49:12.388  1743  2078 I chatty  : uid=1000(system) AccountManagerS expire 1 line
04-22 09:49:12.413  1743  2660 I chatty  : uid=1000(system) android.fg expire 1 line
04-22 09:49:12.559  1743  3392 I chatty  : uid=1000(system) Binder:1743_C expire 2 lines
04-22 09:49:13.224  1743  4868 I chatty  : uid=1000(system) Binder:1743_13 expire 8 lines
04-22 09:49:13.258  1743  1762 I chatty  : uid=1000(system) android.fg expire 1 line
04-22 09:49:13.270  1743  1773 I chatty  : uid=1000(system) ActivityManager expire 8 lines
04-22 09:49:13.274  1743  1766 I chatty  : uid=1000(system) android.anim expire 11 lines
04-22 09:49:13.633  1743 11436 I chatty  : uid=1000(system) Binder:1743_1E expire 3 lines
04-22 09:49:13.797  1743 11433 I chatty  : uid=1000(system) Binder:1743_1D expire 11 lines
04-22 09:49:13.991  1743  7290 I chatty  : uid=1000(system) Binder:1743_1A expire 3 lines
04-22 09:49:27.888  1743  2232 I chatty  : uid=1000(system) Binder:1743_4 expire 1 line
04-22 09:49:29.375  1743  3659 I chatty  : uid=1000(system) Binder:1743_10 expire 2 lines
04-22 09:49:43.521  1743  2443 I chatty  : uid=1000(system) Binder:1743_8 expire 5 lines
04-22 09:49:43.694  1743  3656 I chatty  : uid=1000(system) Binder:1743_E expire 1 line
04-22 09:49:43.695  1743  2244 I chatty  : uid=1000(system) ConnectivitySer expire 2 lines
04-22 09:49:43.695  1743 12220 I chatty  : uid=1000(system) Binder:1743_20 expire 2 lines
04-22 09:49:56.689  1743  2059 I chatty  : uid=1000(system) UEventObserver expire 10 lines
04-22 09:49:57.388  1743  1743 I chatty  : uid=1000 system_server expire 8 lines
04-22 09:50:00.375  2308  2308 V DeadZone: consuming errant click: (61.91401,6.0512695)
04-22 09:50:00.376  2308  2308 V DeadZone: consuming errant click: (61.91401,6.0512695)
04-22 09:50:00.961  2308  2308 V DeadZone: consuming errant click: (47.933426,12.047363)
04-22 09:50:00.962  2308  2308 V DeadZone: consuming errant click: (47.933426,12.047363)
04-22 09:50:43.703  1743  2383 I chatty  : uid=1000(system) Binder:1743_6 expire 2 lines
04-22 09:50:50.910  1743  2246 I chatty  : uid=1000(system) NsdService expire 7 lines
04-22 09:50:51.651 27924 27924 D ActivityThread: Loading provider contacts;com.android.contacts: com.android.providers.contacts.ContactsProvider2
04-22 09:51:03.072  1743  1772 I chatty  : uid=1000(system) ActivityManager expire 5 lines
04-22 09:52:29.295  1743  1771 I chatty  : uid=1000(system) android.bg expire 2 lines
04-22 09:53:26.645  1743  7056 I chatty  : uid=1000(system) Binder:1743_19 expire 5 lines
04-22 09:58:22.289  1743  1765 I chatty  : uid=1000(system) android.display expire 1 line
04-22 09:58:33.755  1743 11968 I chatty  : uid=1000(system) Binder:1743_1F expire 1 line
04-22 09:58:42.599  1743  1788 I chatty  : uid=1000(system) PackageManager expire 24 lines
04-22 09:58:42.761  1743  1788 I PackageManager: Un-granting permission com.google.android.setupwizard.READ_DEVICE_ORIGIN from package com.google.android.apps.messaging (protectionLevel=18 flags=0x38cbbe45)
04-22 09:58:42.764  1743  1788 I PackageManager: Un-granting permission android.permission.SEND_DOWNLOAD_COMPLETED_INTENTS from package com.android.vending (protectionLevel=2 flags=0x28cabec5)
04-22 09:58:42.768  1743  1788 I PackageManager: Un-granting permission android.permission.BIND_CARRIER_SERVICES from package com.republicwireless.tel (protectionLevel=18 flags=0x30483e45)
04-22 09:58:42.769  1743  1788 I PackageManager: Un-granting permission android.permission.REQUEST_INSTALL_PACKAGES from package com.google.android.gm (protectionLevel=66 flags=0x38cbbe45)
04-22 09:58:42.771  1743  1788 I PackageManager: Un-granting permission android.permission.MANAGE_ROLE_HOLDERS from package com.google.android.apps.wellbeing (protectionLevel=258 flags=0x20cbbe45)
04-22 09:58:42.772  1743  1788 I PackageManager: Un-granting permission android.permission.REQUEST_INSTALL_PACKAGES from package com.google.android.apps.nbu.files (protectionLevel=66 flags=0x30c83e45)
04-22 09:58:42.772  1743  1788 I PackageManager: Un-granting permission android.permission.REQUEST_INSTALL_PACKAGES from package com.google.android.apps.docs (protectionLevel=66 flags=0x38cbbe45)
04-22 09:58:42.773  1743  1788 I PackageManager: Un-granting permission android.permission.INTERACT_ACROSS_USERS from package com.google.android.syncadapters.contacts (protectionLevel=50 flags=0x20883e45)
04-22 09:58:42.774  1743  1788 I PackageManager: Un-granting permission android.permission.REQUEST_INSTALL_PACKAGES from package com.android.chrome (protectionLevel=66 flags=0xa0cbbec5)
04-22 09:58:42.774  1743  1788 I PackageManager: Un-granting permission android.permission.CAPTURE_VIDEO_OUTPUT from package com.google.android.gms (protectionLevel=2 flags=0xa0cabec5)
04-22 09:58:42.775  1743  1788 I PackageManager: Un-granting permission android.permission.MANAGE_DEVICE_ADMINS from package com.google.android.gms (protectionLevel=2 flags=0xa0cabec5)
04-22 09:58:42.775  1743  1788 I PackageManager: Un-granting permission android.permission.MANAGE_ACTIVITY_STACKS from package com.google.android.gms (protectionLevel=2 flags=0xa0cabec5)
04-22 09:58:42.775  1743  1788 I PackageManager: Un-granting permission android.permission.CAPTURE_SECURE_VIDEO_OUTPUT from package com.google.android.gms (protectionLevel=2 flags=0xa0cabec5)
04-22 09:58:42.775  1743  1788 I PackageManager: Un-granting permission android.permission.MANAGE_ROLLBACKS from package com.google.android.gms (protectionLevel=514 flags=0xa0cabec5)
04-22 09:58:42.777  1743  1788 I PackageManager: Un-granting permission com.google.android.googleapps.permission.GOOGLE_AUTH from package com.google.android.videos (protectionLevel=2 flags=0x30dbbe45)
04-22 09:58:42.778  1743  1788 I PackageManager: Un-granting permission android.permission.WRITE_MEDIA_STORAGE from package com.google.android.apps.photos (protectionLevel=18 flags=0x38d9be45)
04-22 09:58:42.782  1743  1788 I PackageManager: Un-granting permission android.permission.CONNECTIVITY_INTERNAL from package com.google.android.wfcactivation (protectionLevel=18 flags=0x3888be45)
04-22 09:58:42.782  1743  1788 I PackageManager: Un-granting permission android.permission.READ_LOGS from package com.google.android.wfcactivation (protectionLevel=50 flags=0x3888be45)
04-22 09:58:42.782  1743  1788 I PackageManager: Un-granting permission android.permission.WRITE_APN_SETTINGS from package com.google.android.wfcactivation (protectionLevel=18 flags=0x3888be45)
04-22 09:58:42.782  1743  1788 I PackageManager: Un-granting permission android.permission.WRITE_SECURE_SETTINGS from package com.LogiaGroup.LogiaDeck (protectionLevel=50 flags=0x38483e45)
04-22 09:58:42.784  1743  1788 I PackageManager: Un-granting permission android.permission.READ_WALLPAPER_INTERNAL from package com.google.android.apps.wallpaper (protectionLevel=18 flags=0x20cbbe45)
04-22 09:58:42.950  1743  2078 W AccountManagerService: User 10217 does not exist. It might be removed already.
04-22 09:58:42.957  1743  2660 W LocationProviderProxy: Odd, no component found for service com.android.location.service.v3.NetworkLocationProvider
04-22 09:58:42.969  1743  1772 W BroadcastQueue: Background execution not allowed: receiving Intent { act=android.intent.action.PACKAGE_REMOVED dat=package:com.google.location.nearby.apps.connectedcrossroad flg=0x4000010 (has extras) } to com.android.vending/com.google.android.finsky.packagemanager.impl.PackageMonitorReceiverImpl$RegisteredReceiver
04-22 09:58:42.969  1743  1772 W BroadcastQueue: Background execution not allowed: receiving Intent { act=android.intent.action.PACKAGE_REMOVED dat=package:com.google.location.nearby.apps.connectedcrossroad flg=0x4000010 (has extras) } to com.android.vending/com.google.android.finsky.instantapps.appmanagement.InstantAppRemoveMonitor
04-22 09:58:42.969  1743  1772 W BroadcastQueue: Background execution not allowed: receiving Intent { act=android.intent.action.PACKAGE_REMOVED dat=package:com.google.location.nearby.apps.connectedcrossroad flg=0x4000010 (has extras) } to com.google.android.gms/.games.chimera.GamesSystemBroadcastReceiverProxy
04-22 09:58:42.970  1743  1772 W BroadcastQueue: Background execution not allowed: receiving Intent { act=android.intent.action.PACKAGE_REMOVED dat=package:com.google.location.nearby.apps.connectedcrossroad flg=0x4000010 (has extras) } to com.google.android.gms/.chimera.GmsIntentOperationService$PersistentTrustedReceiver
04-22 09:58:42.975  1743  1772 W BroadcastQueue: Background execution not allowed: receiving Intent { act=android.intent.action.PACKAGE_REMOVED dat=package:com.google.location.nearby.apps.connectedcrossroad flg=0x4000010 (has extras) } to com.google.android.googlequicksearchbox/com.google.android.apps.gsa.googlequicksearchbox.GelStubAppWatcher
04-22 09:58:42.981  1743  1772 W BroadcastQueue: Background execution not allowed: receiving Intent { act=android.intent.action.PACKAGE_REMOVED dat=package:com.google.location.nearby.apps.connectedcrossroad flg=0x4000010 (has extras) } to com.verizon.loginengine.unbranded/com.verizon.vzwavs.AVSSystemReceiver
04-22 09:58:42.982  1743  1772 W BroadcastQueue: Background execution not allowed: receiving Intent { act=android.intent.action.PACKAGE_REMOVED dat=package:com.google.location.nearby.apps.connectedcrossroad flg=0x4000010 (has extras) } to com.google.android.apps.magazines/com.google.android.libraries.social.peoplekit.thirdparty.viewcontrollers.ThirdPartyReceiver
04-22 09:58:42.983  1743  1772 W BroadcastQueue: Background execution not allowed: receiving Intent { act=android.intent.action.PACKAGE_ADDED dat=package:com.google.location.nearby.apps.connectedcrossroad flg=0x4000010 (has extras) } to com.google.android.packageinstaller/com.android.packageinstaller.PackageInstalledReceiver
04-22 09:58:42.983  1743  1772 W BroadcastQueue: Background execution not allowed: receiving Intent { act=android.intent.action.PACKAGE_ADDED dat=package:com.google.location.nearby.apps.connectedcrossroad flg=0x4000010 (has extras) } to com.android.vending/com.google.android.finsky.packagemanager.impl.PackageMonitorReceiverImpl$RegisteredReceiver
04-22 09:58:42.983  1743  1772 W BroadcastQueue: Background execution not allowed: receiving Intent { act=android.intent.action.PACKAGE_ADDED dat=package:com.google.location.nearby.apps.connectedcrossroad flg=0x4000010 (has extras) } to com.facebook.appmanager/com.facebook.oxygen.common.packages.event.manifest.ManifestPackageEventReceiver
04-22 09:58:42.991  1743  1772 W BroadcastQueue: Background execution not allowed: receiving Intent { act=android.intent.action.PACKAGE_ADDED dat=package:com.google.location.nearby.apps.connectedcrossroad flg=0x4000010 (has extras) } to com.google.android.gms/.games.chimera.GamesSystemBroadcastReceiverProxy
04-22 09:58:42.994  1743  1772 W BroadcastQueue: Background execution not allowed: receiving Intent { act=android.intent.action.PACKAGE_ADDED dat=package:com.google.location.nearby.apps.connectedcrossroad flg=0x4000010 (has extras) } to com.google.android.gms/.gass.chimera.PackageChangeBroadcastReceiver
04-22 09:58:42.994  1743  1772 W BroadcastQueue: Background execution not allowed: receiving Intent { act=android.intent.action.PACKAGE_ADDED dat=package:com.google.location.nearby.apps.connectedcrossroad flg=0x4000010 (has extras) } to com.google.android.gms/.chimera.GmsIntentOperationService$PersistentTrustedReceiver
04-22 09:58:42.994  1743  1772 W BroadcastQueue: Background execution not allowed: receiving Intent { act=android.intent.action.PACKAGE_ADDED dat=package:com.google.location.nearby.apps.connectedcrossroad flg=0x4000010 (has extras) } to com.google.android.googlequicksearchbox/com.google.android.apps.gsa.googlequicksearchbox.GelStubAppWatcher
04-22 09:58:43.008  1743  1772 W BroadcastQueue: Background execution not allowed: receiving Intent { act=android.intent.action.PACKAGE_ADDED dat=package:com.google.location.nearby.apps.connectedcrossroad flg=0x4000010 (has extras) } to com.google.android.ims/.receivers.RcsAutoStartReceiver
04-22 09:58:43.041  1743 12220 W BroadcastQueue: Background execution not allowed: receiving Intent { act=android.intent.action.PACKAGE_ADDED dat=package:com.google.location.nearby.apps.connectedcrossroad flg=0x4000010 (has extras) } to com.verizon.loginengine.unbranded/com.verizon.vzwavs.AVSSystemReceiver
04-22 09:58:43.172  1743  1743 W Looper  : Slow delivery took 220ms main h=android.app.ActivityThread$H c=android.app.-$$Lambda$LoadedApk$ReceiverDispatcher$Args$_BumDX2UKsnxLVrE6UJsJZkotuA@feb9236 m=0
04-22 09:58:43.172  1743  1743 I TelecomService: DefaultDialerCache: Refreshing default dialer for user 0: now com.google.android.dialer: DDC.oR@AsQ
04-22 09:58:43.186  1743  1743 V BackupManagerConstants: getFullBackupIntervalMilliseconds(...) returns 86400000
04-22 09:58:43.186  1743  1743 V BackupManagerConstants: getFullBackupRequiredNetworkType(...) returns 2
04-22 09:58:43.186  1743  1743 V BackupManagerConstants: getFullBackupRequireCharging(...) returns true
04-22 09:58:43.188  1743  1743 E LoadedApk: Unable to instantiate appComponentFactory
04-22 09:58:43.188  1743  1743 E LoadedApk: java.lang.ClassNotFoundException: Didn't find class "androidx.core.app.CoreComponentFactory" on path: DexPathList[[],nativeLibraryDirectories=[/system/app/YTMusic/lib/arm, /system/app/YTMusic/YTMusic.apk!/lib/armeabi-v7a, /system/lib, /product/lib, /system/lib, /product/lib]]
04-22 09:58:43.188  1743  1743 E LoadedApk: 	at dalvik.system.BaseDexClassLoader.findClass(BaseDexClassLoader.java:196)
04-22 09:58:43.188  1743  1743 E LoadedApk: 	at java.lang.ClassLoader.loadClass(ClassLoader.java:379)
04-22 09:58:43.188  1743  1743 E LoadedApk: 	at java.lang.ClassLoader.loadClass(ClassLoader.java:312)
04-22 09:58:43.188  1743  1743 E LoadedApk: 	at android.app.LoadedApk.createAppFactory(LoadedApk.java:256)
04-22 09:58:43.188  1743  1743 E LoadedApk: 	at android.app.LoadedApk.updateApplicationInfo(LoadedApk.java:370)
04-22 09:58:43.188  1743  1743 E LoadedApk: 	at android.app.ActivityThread.handleDispatchPackageBroadcast(ActivityThread.java:6186)
04-22 09:58:43.188  1743  1743 E LoadedApk: 	at android.app.ActivityThread$H.handleMessage(ActivityThread.java:2108)
04-22 09:58:43.188  1743  1743 E LoadedApk: 	at android.os.Handler.dispatchMessage(Handler.java:107)
04-22 09:58:43.188  1743  1743 E LoadedApk: 	at android.os.Looper.loop(Looper.java:241)
04-22 09:58:43.188  1743  1743 E LoadedApk: 	at com.android.server.SystemServer.run(SystemServer.java:585)
04-22 09:58:43.188  1743  1743 E LoadedApk: 	at com.android.server.SystemServer.main(SystemServer.java:381)
04-22 09:58:43.188  1743  1743 E LoadedApk: 	at java.lang.reflect.Method.invoke(Native Method)
04-22 09:58:43.188  1743  1743 E LoadedApk: 	at com.android.internal.os.RuntimeInit$MethodAndArgsCaller.run(RuntimeInit.java:492)
04-22 09:58:43.188  1743  1743 E LoadedApk: 	at com.android.internal.os.ZygoteInit.main(ZygoteInit.java:919)
04-22 09:58:43.194  1743  1743 E LoadedApk: Unable to instantiate appComponentFactory
04-22 09:58:43.194  1743  1743 E LoadedApk: java.lang.ClassNotFoundException: Didn't find class "androidx.core.app.CoreComponentFactory" on path: DexPathList[[],nativeLibraryDirectories=[/system/app/YTMusic/lib/arm, /system/app/YTMusic/YTMusic.apk!/lib/armeabi-v7a, /system/lib, /product/lib, /system/lib, /product/lib]]
04-22 09:58:43.194  1743  1743 E LoadedApk: 	at dalvik.system.BaseDexClassLoader.findClass(BaseDexClassLoader.java:196)
04-22 09:58:43.194  1743  1743 E LoadedApk: 	at java.lang.ClassLoader.loadClass(ClassLoader.java:379)
04-22 09:58:43.194  1743  1743 E LoadedApk: 	at java.lang.ClassLoader.loadClass(ClassLoader.java:312)
04-22 09:58:43.194  1743  1743 E LoadedApk: 	at android.app.LoadedApk.createAppFactory(LoadedApk.java:256)
04-22 09:58:43.194  1743  1743 E LoadedApk: 	at android.app.LoadedApk.updateApplicationInfo(LoadedApk.java:370)
04-22 09:58:43.194  1743  1743 E LoadedApk: 	at android.app.ActivityThread.handleDispatchPackageBroadcast(ActivityThread.java:6186)
04-22 09:58:43.194  1743  1743 E LoadedApk: 	at android.app.ActivityThread$H.handleMessage(ActivityThread.java:2108)
