04-22 10:37:17.258  1743  1766 I WindowManager:   SURFACE show Surface(name=com.motorola.launcher3/com.android.launcher3.CustomizationPanelLauncher)/@0x28bea1c on display:0: com.motorola.launcher3/com.android.launcher3.CustomizationPanelLauncher
04-22 10:37:17.260  6583  6583 W ThreadPoolDumper: Queue length for executor EventBus is now 11. Perhaps some tasks are too long, or the pool is too small.
04-22 10:37:17.305 24895 24950 I chatty  : uid=10156(com.google.android.gms) highpool[2] expire 2 lines
04-22 10:37:17.353  6583  6613 W LocationOracle: No location history returned by ContextManager
04-22 10:37:17.355  6583  1921 E sb.v.u.LiteSuggestSourc: On-device lite suggest model loading error.
04-22 10:37:17.366  6583  6606 I MicroDetectionState: Should stop hotword detection immediately - false
04-22 10:37:17.369  6583  6606 I MicroDetectionState: Should stop hotword detection immediately - false
04-22 10:37:17.376  6583  6606 I MicroDetectionWorker: #startMicroDetector [speakerMode: 0]
04-22 10:37:17.381  6583  6606 I AudioController: Created new AudioSource
04-22 10:37:17.386  6583  6639 I MicroDataManager: isInitializing-false locale not changed-true model not changed-true
04-22 10:37:17.386  6583  6639 I MicroDataManager: Already initialized, obtaining the hotword data immediately.
04-22 10:37:17.400  6583  1925 I MicroRecognitionRunner: Starting detection.
04-22 10:37:17.403  6583  1925 I InputStreamUtils: Using micInputStream
04-22 10:37:17.404  6583  1921 I MicrophoneInputStream: mic_starting  SR : 16000 CC : 16 SO : 1999
04-22 10:37:17.409   807  1556 V msm8974_platform: platform_check_input_mask: enter check_input_mask source 6 mask 10
04-22 10:37:17.409   807  1556 V msm8974_platform: platform_check_input_mask: enter check_input_mask source 6 mask 10
04-22 10:37:17.411   865  1927 I AudioFlinger: AudioFlinger's thread 0xaf3c7600 tid=1927 ready to run
04-22 10:37:17.422   865 15627 D APM_AudioPolicyManager: startInput input:158, session:353, source 1999)
04-22 10:37:17.425   807  1556 D audio_hw_primary: in_set_parameters: enter: kvpairs=bottom=;input_source=6;routing=-2147483644
04-22 10:37:17.431  1743  4961 I AudioService.RecordingActivityMonitor: rec update riid:287 uid:10122 session:353 src:HOTWORD pack:com.google.android.googlequicksearchbox
04-22 10:37:17.431  6583  1921 I MicrophoneInputStream: mic_started  SR : 16000 CC : 16 SO : 1999
04-22 10:37:17.435   807  1937 V msm8974_platform: platform_update_usecase_from_source: input source :6
04-22 10:37:17.435   807  1937 V msm8974_platform: platform_check_input_mask: enter check_input_mask source 6 mask 10
04-22 10:37:17.435   807  1937 V msm8974_platform: platform_get_input_snd_device: enter: out_device(0) in_device(0x4) channel_count (1) channel_mask (0x10)
04-22 10:37:17.435   807  1937 V msm8974_platform: platform_get_input_snd_device: exit: in_snd_device(voice-rec-mic)
04-22 10:37:17.435   807  1937 V msm8974_platform: platform_get_backend_index:napb: backend port - 6 device - 136 
04-22 10:37:17.435   807  1937 V msm8974_platform: platform_check_and_set_capture_backend_cfg:txbecf: afe: bitwidth 0, samplerate 0, channel 1, backend_idx 6 usecase = 10 device (voice-rec-mic)
04-22 10:37:17.435   807  1937 V msm8974_platform: platform_check_capture_backend_cfg:txbecf: afe: Codec selected backend: 6 current bit width: 0 and sample rate: 0, channels 1
04-22 10:37:17.435   807  1937 V msm8974_platform: platform_check_capture_backend_cfg:txbecf: afe: Codec selected backend: 6 updated bit width: 0 and sample rate: 0
04-22 10:37:17.435   807  1937 I msm8974_platform: platform_check_capture_backend_cfg:txbecf: afe: Codec backend needs to be updated. new bit width: 0 new sample rate: 0 new channel: 1
04-22 10:37:17.435   807  1937 V msm8974_platform: platform_get_backend_index:napb: backend port - 6 device - 136 
04-22 10:37:17.435   807  1937 V msm8974_platform: platform_set_backend_cfg:becf: afe: bitwidth 0, samplerate 0 channels 1, backend_idx 6 device (voice-rec-mic)
04-22 10:37:17.436   807  1937 E msm8974_platform: platform_set_backend_cfg:becf: afe: Could not get ctl for mixer command - SLIM_0_TX Format
04-22 10:37:17.436   807  1937 V msm8974_platform: platform_send_audio_calibration: sending audio calibration for snd_device(136) acdb_id(62)
04-22 10:37:17.436   807  1937 D ACDB-LOADER: ACDB -> send_audio_cal, acdb_id = 62, path = 1, app id = 0x11130, sample rate = 48000, afe_sample_rate = 48000
04-22 10:37:17.436   807  1937 D ACDB-LOADER: ACDB -> send_asm_topology
04-22 10:37:17.436   807  1937 D ACDB-LOADER: ACDB -> ACDB_CMD_GET_AUDPROC_STREAM_TOPOLOGY_ID
04-22 10:37:17.436   807  1937 D ACDB-LOADER: ACDB -> send_adm_topology
04-22 10:37:17.436   807  1937 D ACDB-LOADER: ACDB -> ACDB_CMD_GET_AUDPROC_COMMON_TOPOLOGY_ID
04-22 10:37:17.436   807  1937 D ACDB-LOADER: ACDB -> send_audtable
04-22 10:37:17.436   807  1937 D ACDB-LOADER: ACDB -> ACDB_CMD_GET_AUDPROC_COMMON_TABLE_SIZE
04-22 10:37:17.436   807  1937 D ACDB-LOADER: ACDB -> ACDB_CMD_GET_AUDPROC_COMMON_TABLE
04-22 10:37:17.436   807  1937 D ACDB-LOADER: ACDB -> AUDIO_SET_AUDPROC_CAL cal_type[11] acdb_id[62] app_type[69936]
04-22 10:37:17.436   807  1937 D ACDB-LOADER: ACDB -> ACDB_CMD_GET_AUDPROC_STREAM_TABLE_SIZE
04-22 10:37:17.436   807  1937 D ACDB-LOADER: ACDB -> send_audstrmtable
04-22 10:37:17.436   807  1937 D ACDB-LOADER: ACDB -> ACDB_CMD_GET_AUDPROC_STREAM_TABLE_V2
04-22 10:37:17.436   807  1937 D ACDB-LOADER: ACDB -> audstrm_cal->cal_type.cal_data.cal_size = 16
04-22 10:37:17.436   807  1937 D ACDB-LOADER: ACDB -> send_afe_topology
04-22 10:37:17.436   807  1937 D ACDB-LOADER: ACDB -> ACDB_CMD_GET_AFE_TOPOLOGY_ID
04-22 10:37:17.436   807  1937 D ACDB-LOADER: ACDB -> GET_AFE_TOPOLOGY_ID for adcd_id 62, Topology Id 112fb
04-22 10:37:17.436   807  1937 D ACDB-LOADER: ACDB -> send_afe_cal
04-22 10:37:17.436   807  1937 D ACDB-LOADER: ACDB -> ACDB_CMD_GET_AFE_COMMON_TABLE_SIZE
04-22 10:37:17.436   807  1937 D         : Failed to fetch the lookup information of the device 0000003E 
04-22 10:37:17.436   807  1937 D ACDB-LOADER: Error: ACDB_CMD_GET_AFE_COMMON_TABLE_SIZE Returned = -19
04-22 10:37:17.436   807  1937 D ACDB-LOADER: ACDB -> ACDB_CMD_GET_AFE_COMMON_TABLE
04-22 10:37:17.436   807  1937 D         : Failed to fetch the lookup information of the device 0000003E 
04-22 10:37:17.436   807  1937 D ACDB-LOADER: Error: ACDB AFE returned = -19
04-22 10:37:17.436   807  1937 D ACDB-LOADER: ACDB -> AUDIO_SET_AFE_CAL cal_type[17] acdb_id[62]
04-22 10:37:17.436   807  1937 D ACDB-LOADER: ACDB -> send_hw_delay : acdb_id = 62 path = 1
04-22 10:37:17.436   807  1937 D ACDB-LOADER: ACDB -> ACDB_AVSYNC_INFO: ACDB_CMD_GET_DEVICE_PROPERTY
04-22 10:37:17.436   807  1937 D audio_hw_primary: enable_snd_device: snd_device(136: voice-rec-mic)
04-22 10:37:17.436   807  1937 D audio_route: Apply path: voice-rec-mic
04-22 10:37:17.440   807  1937 V msm8974_platform: platform_get_snd_device_backend_index: enter with device 136
04-22 10:37:17.440   807  1937 V msm8974_platform: platform_get_backend_index:napb: backend port - 6 device - 136 
04-22 10:37:17.440   807  1937 I audio_hw_utils: Set Audio Stream Capture 0 App Type Cfg: app_type 69936, acdb_dev_id 62, sample_rate 48000, snd_device_be_idx 3
04-22 10:37:17.440   807  1937 D audio_hw_primary: enable_audio_route: usecase(10) apply and update mixer path: audio-record
04-22 10:37:17.440   807  1937 D audio_route: Apply path: audio-record
04-22 10:37:17.502  6583  1925 W SpeechLevelGenerator: Really low audio levels detected. The audio input may have issues.
04-22 10:37:17.502  6583  6606 I MicroDetectionWorker: onReady
04-22 10:37:17.617 24895 24951 I chatty  : uid=10156(com.google.android.gms) highpool[3] expire 1 line
04-22 10:37:18.078 23061 23061 W adbd    : timeout expired while flushing socket, closing
04-22 10:37:18.382 22073   689 I chatty  : uid=10156 com.google.android.gms.persistent expire 2 lines
04-22 10:37:18.383  1743  3384 I WifiService: enableTdls uid=10156 enable=false
04-22 10:37:18.388  1743  6577 I WifiService: enableTdlsWithMacAddress uid=1000 enable=false
04-22 10:37:18.692 22073 32193 I chatty  : uid=10156 com.google.android.gms.persistent expire 2 lines
04-22 10:37:18.692  1743  4961 I WifiService: enableTdls uid=10156 enable=false
04-22 10:37:18.698  1743  6577 I WifiService: enableTdlsWithMacAddress uid=1000 enable=false
04-22 10:37:18.788 22073   702 I chatty  : uid=10156 com.google.android.gms.persistent expire 1 line
04-22 10:37:20.017 22073 32167 I chatty  : uid=10156 com.google.android.gms.persistent expire 1 line
04-22 10:37:20.046  1743  2246 D NsdService: unregister service
04-22 10:37:20.046  1743  2246 D NsdService: mdnssd [stop-register, 13]
04-22 10:37:20.047   720  1294 D MDnsDS  : Stopping register with ref 0xa8400de8
04-22 10:37:20.047   720  1294 D MDnsDS  : freeServiceRef 13
04-22 10:37:20.047   720  1294 D MDnsDS  : triggering rescan
04-22 10:37:20.048   720  1293 D MDnsDS  : Monitor poll got data pollCount = 2, 2
04-22 10:37:20.048   720  1293 D MDnsDS  : Monitor found [1].revents = 32 - calling ProcessResults
04-22 10:37:20.048   720  1293 W /system/bin/netd: dnssd_clientstub DNSServiceProcessResult called with NULL DNSServiceRef
04-22 10:37:20.048   720  1293 D MDnsDS  : controlSocket shows revent= 1
04-22 10:37:20.049   720  1293 D MDnsDS  : MDnsSdListener::Monitor got 1
04-22 10:37:20.049   720  1293 D MDnsDS  : MDnsSdListener::Monitor poll rescanning - size=10, live=0
04-22 10:37:20.049   720  1293 D MDnsDS  : Going to poll with pollCount 1
04-22 10:37:20.051  1743  3384 I WifiService: releaseMulticastLock uid=10156
04-22 10:37:20.057 22073   520 I chatty  : uid=10156(com.google.android.gms) highpool[240] expire 2 lines
04-22 10:37:20.089  1743  1743 D BluetoothManagerService: Bluetooth Adapter name changed to moto e
04-22 10:37:20.090  1743  1743 D BluetoothManagerService: Stored Bluetooth name: moto e
04-22 10:37:20.090  1743  1743 V SettingsProvider: Notifying for 0: content://settings/secure/bluetooth_name
04-22 10:37:20.710  2290  2344 I chatty  : uid=1002(bluetooth) alarm_dispatche expire 1 line
04-22 10:37:20.750   827  5608 E WifiHAL : Received fatal event, sending alert
04-22 10:37:20.751  1743  8718 W WifiVendorHal: onDebugErrorAlert 4104
04-22 10:37:20.777  2290  2348 I chatty  : uid=1002(bluetooth) BT Service Call expire 14 lines
04-22 10:37:20.793  2308  2388 W BluetoothEventManager: AclStateChangedHandler: activeDevice is null
04-22 10:37:20.794  2290  2290 I chatty  : uid=1002(bluetooth) com.android.bluetooth expire 16 lines
04-22 10:37:20.802  7384  7384 D MCLOG   : [MC_Service] onStartcommand()
04-22 10:37:20.816  6583  6606 I BistoWorker: bluetoothConnectionStateChanged. Action: android.bluetooth.device.action.ACL_DISCONNECTED
04-22 10:37:20.821  6583  6606 I DeviceDetector: Not bonded or not refresh cache.
04-22 10:37:20.821  6583  6606 I BistoWorker: Not a bisto device: 63:6F:89:03:D5:91
04-22 10:37:21.081  1743  1756 I system_server: Background concurrent copying GC freed 68376(5688KB) AllocSpace objects, 21(13MB) LOS objects, 42% free, 21MB/38MB, paused 143us total 176.481ms
04-22 10:37:21.145     0     0 W swapper/0: type=1400 audit(0.0:2422): avc: denied { kill } for uid=0 capability=5 scontext=u:r:kernel:s0 tcontext=u:r:kernel:s0 tclass=capability permissive=0
04-22 10:37:21.472  2308  2388 W BluetoothEventManager: AclStateChangedHandler: activeDevice is null
04-22 10:37:21.486  7384  7384 D MCLOG   : [MC_Service] onStartcommand()
04-22 10:37:21.494  6583  6606 I BistoWorker: bluetoothConnectionStateChanged. Action: android.bluetooth.device.action.ACL_DISCONNECTED
04-22 10:37:21.501  6583  6606 I DeviceDetector: Not bonded or not refresh cache.
04-22 10:37:21.502  6583  6606 I BistoWorker: Not a bisto device: 52:71:4A:12:2C:85
04-22 10:37:22.053  1743  4798 I ActivityManager: Force stopping com.google.location.nearby.apps.connectedcrossroad appid=10217 user=0: from pid 1957
04-22 10:37:22.060  2498  2498 E PhoneInterfaceManager: [PhoneIntfMgr] getCarrierPackageNamesForIntent: No UICC
04-22 10:37:22.060  2498  2498 D CarrierSvcBindHelper: No carrier app for: 0
04-22 10:37:22.303   720   720 I netd    : trafficSwapActiveStatsMap() <49.38ms>
04-22 10:37:22.309   720   720 I netd    : tetherGetStats() <3.01ms>
04-22 10:37:22.328   720   720 I netd    : bandwidthSetGlobalAlert(2097152) <0.69ms>
04-22 10:37:22.630 22073   556 I chatty  : uid=10156 com.google.android.gms.persistent expire 49 lines
04-22 10:37:23.338  1984  1984 I studio.deploy: DeltaInstall found API level:29
04-22 10:37:23.338  1984  1984 I studio.deploy: -t
04-22 10:37:23.338  1984  1984 I studio.deploy: --user
04-22 10:37:23.338  1984  1984 I studio.deploy: current
04-22 10:37:23.338  1984  1984 I studio.deploy: --full
04-22 10:37:23.338  1984  1984 I studio.deploy: --dont-kill
04-22 10:37:23.338  1984  1984 I studio.deploy: -r
04-22 10:37:23.450  1984  1984 I studio.deploy: DeltaInstall created session: '1424724679'
04-22 10:37:23.451  1984  1984 I studio.deploy: package
04-22 10:37:23.451  1984  1984 I studio.deploy: install-write
04-22 10:37:23.451  1984  1984 I studio.deploy: -S
04-22 10:37:23.451  1984  1984 I studio.deploy: 4147140
04-22 10:37:23.451  1984  1984 I studio.deploy: 1424724679
04-22 10:37:23.451  1984  1984 I studio.deploy: base.apk
04-22 10:37:23.600  1984  1984 I studio.deploy: Streaming succeeded for '/data/app/com.google.location.nearby.apps.connectedcrossroad-WlYr1tDv8Gq0GSPdTZqKmw==/base.apk'
04-22 10:37:23.600  1984  1984 I studio.deploy: package
04-22 10:37:23.600  1984  1984 I studio.deploy: install-commit
04-22 10:37:23.600  1984  1984 I studio.deploy: 1424724679
04-22 10:37:23.751 26404 26404 I Finsky  : [2] arkg.b(3): Verification requested, id = 28
04-22 10:37:23.769 26404 26404 E Finsky  : [2] VerifyPerSourceInstallationConsentInstallTask.f(2): Package name null is not an installed package
04-22 10:37:23.781 26404  2002 I Finsky  : [3118] arme.a(7): Single user settings service is not running, bind it now
04-22 10:37:23.791 26404 26404 I Finsky  : [2] armd.onServiceConnected(1): Single user settings service is connected
04-22 10:37:23.801 26404  2002 W Settings: Setting install_non_market_apps has moved from android.provider.Settings.Global to android.provider.Settings.Secure, returning read-only value.
04-22 10:37:24.022 26404  2002 I Finsky  : [3118] qjm.c(3): Task 7 requested foreground
04-22 10:37:24.023 26404  2002 I Finsky  : [3118] qjm.c(8): Not entering foreground
04-22 10:37:25.861 26404  2007 I Finsky  : [3121] arsk.c(3): Verify: Verification package=com.google.location.nearby.apps.connectedcrossroad, id=28 response=0
04-22 10:37:25.952 26404  2002 I Finsky  : [3118] VerifyPerSourceInstallationConsentInstallTask.ng(2): PSIC verification started with installer uid: 2000 package name: null, originating uid: -1
04-22 10:37:25.957 26404 26404 I Finsky  : [2] VerifyInstallTask.g(3): Verifying id=28, result=1
04-22 10:37:25.991  1743  1788 I PackageManager: Update package com.google.location.nearby.apps.connectedcrossroad code path from /data/app/com.google.location.nearby.apps.connectedcrossroad-WlYr1tDv8Gq0GSPdTZqKmw== to /data/app/com.google.location.nearby.apps.connectedcrossroad-2n7IbxEavTeY2RMgxSg07A==; Retain data and using new
04-22 10:37:25.992  1743  1788 I PackageManager: Update package com.google.location.nearby.apps.connectedcrossroad resource path from /data/app/com.google.location.nearby.apps.connectedcrossroad-WlYr1tDv8Gq0GSPdTZqKmw== to /data/app/com.google.location.nearby.apps.connectedcrossroad-2n7IbxEavTeY2RMgxSg07A==; Retain data and using new
04-22 10:37:26.083  1743  1788 I PackageManager: Un-granting permission android.permission.MANAGE_DOCUMENTS from package com.google.android.youtube (protectionLevel=262146 flags=0x30dbbe45)
04-22 10:37:26.084  1743  1788 I PackageManager: Un-granting permission com.google.android.googleapps.permission.GOOGLE_AUTH from package com.android.providers.calendar (protectionLevel=2 flags=0x30883e45)
04-22 10:37:26.085  1743  1788 I PackageManager: Un-granting permission com.google.android.googleapps.permission.GOOGLE_AUTH.cl from package com.android.providers.calendar (protectionLevel=2 flags=0x30883e45)
04-22 10:37:26.085  1743  1788 I PackageManager: Un-granting permission com.google.android.gm.permission.READ_GMAIL from package com.google.android.apps.docs.editors.docs (protectionLevel=2 flags=0x38dbbe44)
04-22 10:37:26.085  1743  1788 I PackageManager: Un-granting permission com.google.android.googleapps.permission.GOOGLE_AUTH from package com.google.android.apps.docs.editors.docs (protectionLevel=2 flags=0x38dbbe44)
04-22 10:37:26.085  1743  1788 I PackageManager: Un-granting permission com.google.android.googleapps.permission.GOOGLE_AUTH.OTHER_SERVICES from package com.google.android.apps.docs.editors.docs (protectionLevel=2 flags=0x38dbbe44)
04-22 10:37:26.085  1743  1788 I PackageManager: Un-granting permission com.google.android.googleapps.permission.GOOGLE_AUTH.ALL_SERVICES from package com.google.android.apps.docs.editors.docs (protectionLevel=2 flags=0x38dbbe44)
04-22 10:37:26.085  1743  1788 I PackageManager: Un-granting permission com.google.android.googleapps.permission.GOOGLE_AUTH.writely from package com.google.android.apps.docs.editors.docs (protectionLevel=2 flags=0x38dbbe44)
04-22 10:37:26.085  1743  1788 I PackageManager: Un-granting permission com.google.android.googleapps.permission.GOOGLE_AUTH.wise from package com.google.android.apps.docs.editors.docs (protectionLevel=2 flags=0x38dbbe44)
04-22 10:37:26.086  1743  1788 I PackageManager: Un-granting permission android.permission.REQUEST_INSTALL_PACKAGES from package com.motorola.brapps (protectionLevel=66 flags=0x38483e45)
04-22 10:37:26.087  1743  1788 I PackageManager: Un-granting permission com.google.android.gm.permission.READ_GMAIL from package com.google.android.apps.docs.editors.sheets (protectionLevel=2 flags=0x38dbbe44)
04-22 10:37:26.087  1743  1788 I PackageManager: Un-granting permission com.google.android.googleapps.permission.GOOGLE_AUTH from package com.google.android.apps.docs.editors.sheets (protectionLevel=2 flags=0x38dbbe44)
04-22 10:37:26.087  1743  1788 I PackageManager: Un-granting permission com.google.android.googleapps.permission.GOOGLE_AUTH.OTHER_SERVICES from package com.google.android.apps.docs.editors.sheets (protectionLevel=2 flags=0x38dbbe44)
04-22 10:37:26.087  1743  1788 I PackageManager: Un-granting permission com.google.android.googleapps.permission.GOOGLE_AUTH.ALL_SERVICES from package com.google.android.apps.docs.editors.sheets (protectionLevel=2 flags=0x38dbbe44)
04-22 10:37:26.087  1743  1788 I PackageManager: Un-granting permission com.google.android.googleapps.permission.GOOGLE_AUTH.writely from package com.google.android.apps.docs.editors.sheets (protectionLevel=2 flags=0x38dbbe44)
04-22 10:37:26.087  1743  1788 I PackageManager: Un-granting permission com.google.android.googleapps.permission.GOOGLE_AUTH.wise from package com.google.android.apps.docs.editors.sheets (protectionLevel=2 flags=0x38dbbe44)
04-22 10:37:26.087  1743  1788 I PackageManager: Un-granting permission com.google.android.gm.permission.READ_GMAIL from package com.google.android.apps.docs.editors.slides (protectionLevel=2 flags=0x38dbbe44)
04-22 10:37:26.087  1743  1788 I PackageManager: Un-granting permission com.google.android.googleapps.permission.GOOGLE_AUTH from package com.google.android.apps.docs.editors.slides (protectionLevel=2 flags=0x38dbbe44)
04-22 10:37:26.087  1743  1788 I PackageManager: Un-granting permission com.google.android.googleapps.permission.GOOGLE_AUTH.OTHER_SERVICES from package com.google.android.apps.docs.editors.slides (protectionLevel=2 flags=0x38dbbe44)
04-22 10:37:26.087  1743  1788 I PackageManager: Un-granting permission com.google.android.googleapps.permission.GOOGLE_AUTH.ALL_SERVICES from package com.google.android.apps.docs.editors.slides (protectionLevel=2 flags=0x38dbbe44)
04-22 10:37:26.087  1743  1788 I PackageManager: Un-granting permission com.google.android.googleapps.permission.GOOGLE_AUTH.writely from package com.google.android.apps.docs.editors.slides (protectionLevel=2 flags=0x38dbbe44)
04-22 10:37:26.087  1743  1788 I PackageManager: Un-granting permission com.google.android.googleapps.permission.GOOGLE_AUTH.wise from package com.google.android.apps.docs.editors.slides (protectionLevel=2 flags=0x38dbbe44)
04-22 10:37:26.088  1743  1788 I PackageManager: Un-granting permission com.google.android.setupwizard.READ_DEVICE_ORIGIN from package com.google.android.apps.messaging (protectionLevel=18 flags=0x38cbbe45)
04-22 10:37:26.090  1743  1788 I PackageManager: Un-granting permission android.permission.SEND_DOWNLOAD_COMPLETED_INTENTS from package com.android.vending (protectionLevel=2 flags=0x28cabec5)
04-22 10:37:26.093  1743  1788 I PackageManager: Un-granting permission android.permission.BIND_CARRIER_SERVICES from package com.republicwireless.tel (protectionLevel=18 flags=0x30483e45)
04-22 10:37:26.094  1743  1788 I PackageManager: Un-granting permission android.permission.REQUEST_INSTALL_PACKAGES from package com.google.android.gm (protectionLevel=66 flags=0x38cbbe45)
04-22 10:37:26.096  1743  1788 I PackageManager: Un-granting permission android.permission.MANAGE_ROLE_HOLDERS from package com.google.android.apps.wellbeing (protectionLevel=258 flags=0x20cbbe45)
04-22 10:37:26.097  1743  1788 I PackageManager: Un-granting permission android.permission.REQUEST_INSTALL_PACKAGES from package com.google.android.apps.nbu.files (protectionLevel=66 flags=0x30c83e45)
04-22 10:37:26.097  1743  1788 I PackageManager: Un-granting permission android.permission.REQUEST_INSTALL_PACKAGES from package com.google.android.apps.docs (protectionLevel=66 flags=0x38cbbe45)
04-22 10:37:26.098  1743  1788 I PackageManager: Un-granting permission android.permission.INTERACT_ACROSS_USERS from package com.google.android.syncadapters.contacts (protectionLevel=50 flags=0x20883e45)
04-22 10:37:26.098  1743  1788 I PackageManager: Un-granting permission android.permission.REQUEST_INSTALL_PACKAGES from package com.android.chrome (protectionLevel=66 flags=0xa0cbbec5)
04-22 10:37:26.099  1743  1788 I PackageManager: Un-granting permission android.permission.CAPTURE_VIDEO_OUTPUT from package com.google.android.gms (protectionLevel=2 flags=0xa0cabec5)
04-22 10:37:26.100  1743  1788 I PackageManager: Un-granting permission android.permission.MANAGE_DEVICE_ADMINS from package com.google.android.gms (protectionLevel=2 flags=0xa0cabec5)
04-22 10:37:26.100  1743  1788 I PackageManager: Un-granting permission android.permission.MANAGE_ACTIVITY_STACKS from package com.google.android.gms (protectionLevel=2 flags=0xa0cabec5)
04-22 10:37:26.100  1743  1788 I PackageManager: Un-granting permission android.permission.CAPTURE_SECURE_VIDEO_OUTPUT from package com.google.android.gms (protectionLevel=2 flags=0xa0cabec5)
04-22 10:37:26.100  1743  1788 I PackageManager: Un-granting permission android.permission.MANAGE_ROLLBACKS from package com.google.android.gms (protectionLevel=514 flags=0xa0cabec5)
04-22 10:37:26.102  1743  1788 I PackageManager: Un-granting permission com.google.android.googleapps.permission.GOOGLE_AUTH from package com.google.android.videos (protectionLevel=2 flags=0x30dbbe45)
04-22 10:37:26.103  1743  1788 I PackageManager: Un-granting permission android.permission.WRITE_MEDIA_STORAGE from package com.google.android.apps.photos (protectionLevel=18 flags=0x38d9be45)
04-22 10:37:26.106  1743  1788 I PackageManager: Un-granting permission android.permission.CONNECTIVITY_INTERNAL from package com.google.android.wfcactivation (protectionLevel=18 flags=0x3888be45)
04-22 10:37:26.106  1743  1788 I PackageManager: Un-granting permission android.permission.READ_LOGS from package com.google.android.wfcactivation (protectionLevel=50 flags=0x3888be45)
04-22 10:37:26.106  1743  1788 I PackageManager: Un-granting permission android.permission.WRITE_APN_SETTINGS from package com.google.android.wfcactivation (protectionLevel=18 flags=0x3888be45)
04-22 10:37:26.106  1743  1788 I PackageManager: Un-granting permission android.permission.WRITE_SECURE_SETTINGS from package com.LogiaGroup.LogiaDeck (protectionLevel=50 flags=0x38483e45)
04-22 10:37:26.108  1743  1788 I PackageManager: Un-granting permission android.permission.READ_WALLPAPER_INTERNAL from package com.google.android.apps.wallpaper (protectionLevel=18 flags=0x20cbbe45)
04-22 10:37:26.197   720   720 I netd    : trafficSetNetPermForUids(4, [10217]) <0.03ms>
04-22 10:37:26.205  1743  1743 E LoadedApk: Unable to instantiate appComponentFactory
04-22 10:37:26.205  1743  1743 E LoadedApk: java.lang.ClassNotFoundException: Didn't find class "androidx.core.app.CoreComponentFactory" on path: DexPathList[[],nativeLibraryDirectories=[/system/app/YTMusic/lib/arm, /system/app/YTMusic/YTMusic.apk!/lib/armeabi-v7a, /system/lib, /product/lib, /system/lib, /product/lib]]
04-22 10:37:26.205  1743  1743 E LoadedApk: 	at dalvik.system.BaseDexClassLoader.findClass(BaseDexClassLoader.java:196)
04-22 10:37:26.205  1743  1743 E LoadedApk: 	at java.lang.ClassLoader.loadClass(ClassLoader.java:379)
04-22 10:37:26.205  1743  1743 E LoadedApk: 	at java.lang.ClassLoader.loadClass(ClassLoader.java:312)
04-22 10:37:26.205  1743  1743 E LoadedApk: 	at android.app.LoadedApk.createAppFactory(LoadedApk.java:256)
04-22 10:37:26.205  1743  1743 E LoadedApk: 	at android.app.LoadedApk.updateApplicationInfo(LoadedApk.java:370)
04-22 10:37:26.205  1743  1743 E LoadedApk: 	at android.app.ActivityThread.handleDispatchPackageBroadcast(ActivityThread.java:6186)
04-22 10:37:26.205  1743  1743 E LoadedApk: 	at android.app.ActivityThread$H.handleMessage(ActivityThread.java:2108)
04-22 10:37:26.205  1743  1743 E LoadedApk: 	at android.os.Handler.dispatchMessage(Handler.java:107)
04-22 10:37:26.205  1743  1743 E LoadedApk: 	at android.os.Looper.loop(Looper.java:241)
04-22 10:37:26.205  1743  1743 E LoadedApk: 	at com.android.server.SystemServer.run(SystemServer.java:585)
04-22 10:37:26.205  1743  1743 E LoadedApk: 	at com.android.server.SystemServer.main(SystemServer.java:381)
04-22 10:37:26.205  1743  1743 E LoadedApk: 	at java.lang.reflect.Method.invoke(Native Method)
04-22 10:37:26.205  1743  1743 E LoadedApk: 	at com.android.internal.os.RuntimeInit$MethodAndArgsCaller.run(RuntimeInit.java:492)
04-22 10:37:26.205  1743  1743 E LoadedApk: 	at com.android.internal.os.ZygoteInit.main(ZygoteInit.java:919)
04-22 10:37:26.220  3268  3268 D MotoSystemServer: receive intent :Intent { act=android.intent.action.PACKAGE_REMOVED dat=package:com.google.location.nearby.apps.connectedcrossroad flg=0x4000010 (has extras) }
04-22 10:37:26.220  3268  3268 D MotoSystemServer:  packageName = com.google.location.nearby.apps.connectedcrossroad
04-22 10:37:26.222  3347  3347 I GsaVoiceInteractionSrv: O received Intent { act=android.intent.action.PACKAGE_REMOVED dat=package:com.google.location.nearby.apps.connectedcrossroad flg=0x4000010 (has extras) }
04-22 10:37:26.231 26404 26404 I Finsky  : [2] acis.h(1): PackageMonitorReceiverImpl - Received: android.intent.action.PACKAGE_REMOVED, [EI7BYFojudkobVjKHwty2rDeKAujxJfCn09fgDnKdGM]
04-22 10:37:26.232 26404 26404 I Finsky  : [2] acjt.g(8): Invalidating cached PackageState for com.google.location.nearby.apps.connectedcrossroad
04-22 10:37:26.236  1743  2078 W AccountManagerService: User 10217 does not exist. It might be removed already.
04-22 10:37:26.241  1743  2660 W LocationProviderProxy: com.qualcomm.location resolves service com.android.location.service.v3.NetworkLocationProvider, but has wrong signature, ignoring
04-22 10:37:26.242  1743  2660 W LocationProviderProxy: com.google.android.gms resolves service com.android.location.service.v3.NetworkLocationProvider, but has wrong signature, ignoring
04-22 10:37:26.243  1743  2660 W LocationProviderProxy: com.qualcomm.location resolves service com.android.location.service.v3.NetworkLocationProvider, but has wrong signature, ignoring
04-22 10:37:26.243  1743  2660 W LocationProviderProxy: Odd, no component found for service com.android.location.service.v3.NetworkLocationProvider
04-22 10:37:26.247 26404  2012 I Finsky  : [3122] qty.run(16): Wrote row to frosting DB: 440
04-22 10:37:26.247  3268  3268 D MotoSystemServer: receive intent :Intent { act=android.intent.action.PACKAGE_ADDED dat=package:com.google.location.nearby.apps.connectedcrossroad flg=0x4000010 (has extras) }
04-22 10:37:26.247  3268  3268 D MotoSystemServer:  packageName = com.google.location.nearby.apps.connectedcrossroad
04-22 10:37:26.249  3268  3268 D MotoSystemServer: Finding service package:com.motorola.actions and service:com.motorola.actions.motoservice.MotoService
04-22 10:37:26.255  3268  3268 D MotoSystemServer: Finding service package:com.motorola.moto and service:com.motorola.mya.MayaManagerService
04-22 10:37:26.256  3268  3268 D MotoSystemServer: Finding service package:com.motorola.msimsettings and service:com.motorola.msimsettings.services.PersistentService
04-22 10:37:26.257  3268  3268 D MotoSystemServer: receive intent :Intent { act=android.intent.action.PACKAGE_REPLACED dat=package:com.google.location.nearby.apps.connectedcrossroad flg=0x4000010 (has extras) }
04-22 10:37:26.257  3268  3268 D MotoSystemServer:  packageName = com.google.location.nearby.apps.connectedcrossroad
04-22 10:37:26.257  3268  3268 D MotoSystemServer: Component ComponentInfo{com.motorola.moto/com.motorola.mya.MayaManagerService} is Disabled
04-22 10:37:26.258  3268  3268 W MotoSystemServer: Moto service : com.motorola.msimsettings/com.motorola.msimsettings.services.PersistentService has been already binded
04-22 10:37:26.262  1743  1772 W BroadcastQueue: Background execution not allowed: receiving Intent { act=android.intent.action.PACKAGE_REMOVED dat=package:com.google.location.nearby.apps.connectedcrossroad flg=0x4000010 (has extras) } to com.android.vending/com.google.android.finsky.packagemanager.impl.PackageMonitorReceiverImpl$RegisteredReceiver
04-22 10:37:26.262  1743  2157 I InputReader: Reconfiguring input devices.  changes=0x00000010
04-22 10:37:26.265  1743  1772 W BroadcastQueue: Background execution not allowed: receiving Intent { act=android.intent.action.PACKAGE_REMOVED dat=package:com.google.location.nearby.apps.connectedcrossroad flg=0x4000010 (has extras) } to com.android.vending/com.google.android.finsky.instantapps.appmanagement.InstantAppRemoveMonitor
04-22 10:37:26.264  1743  2157 I InputReader: Reconfiguring input devices.  changes=0x00000010
04-22 10:37:26.265  3268  3268 W MotoSystemServer: Moto service : com.motorola.actions/com.motorola.actions.motoservice.MotoService has been already binded
04-22 10:37:26.265  1743  2157 I InputReader: Reconfiguring input devices.  changes=0x00000010
04-22 10:37:26.266 26404 26404 I Finsky  : [2] szq.s(2): Installer: package com.google.location.nearby.apps.connectedcrossroad was removed. replacing: true
04-22 10:37:26.271  3347  3347 I GsaVoiceInteractionSrv: O received Intent { act=android.intent.action.PACKAGE_ADDED dat=package:com.google.location.nearby.apps.connectedcrossroad flg=0x4000010 (has extras) }
04-22 10:37:26.271  1743  1772 W BroadcastQueue: Background execution not allowed: receiving Intent { act=android.intent.action.PACKAGE_REMOVED dat=package:com.google.location.nearby.apps.connectedcrossroad flg=0x4000010 (has extras) } to com.google.android.gms/.games.chimera.GamesSystemBroadcastReceiverProxy
04-22 10:37:26.272  3347  3347 I GsaVoiceInteractionSrv: O received Intent { act=android.intent.action.PACKAGE_REPLACED dat=package:com.google.location.nearby.apps.connectedcrossroad flg=0x4000010 (has extras) }
04-22 10:37:26.275  2498  2498 E VvmPkgInstalledRcvr: cannot create TelephonyManager from ComponentInfo{com.android.phone/com.android.services.telephony.TelephonyConnectionService}, ***, UserHandle{0}
04-22 10:37:26.276 26404 26404 I Finsky  : [2] tao.L(12): Installer: Notifying status update. package=com.google.location.nearby.apps.connectedcrossroad, status=UNINSTALLED
04-22 10:37:26.296  1743  1772 W BroadcastQueue: Background execution not allowed: receiving Intent { act=android.intent.action.PACKAGE_REMOVED dat=package:com.google.location.nearby.apps.connectedcrossroad flg=0x4000010 (has extras) } to com.google.android.gms/.chimera.GmsIntentOperationService$PersistentTrustedReceiver
04-22 10:37:26.302 24895 24907 I chatty  : uid=10156(com.google.android.gms) HeapTaskDaemon expire 1 line
04-22 10:37:26.306 26404  2012 I Finsky  : [3122] qty.run(16): Wrote row to frosting DB: 441
04-22 10:37:26.307 26404  2016 I Finsky  : [3124] hzi.a(3): Cancelled 0 ongoing asset module downloads for package com.google.location.nearby.apps.connectedcrossroad due to a concurrent app update.
04-22 10:37:26.308  1743  1772 W BroadcastQueue: Background execution not allowed: receiving Intent { act=android.intent.action.PACKAGE_REMOVED dat=package:com.google.location.nearby.apps.connectedcrossroad flg=0x4000010 (has extras) } to com.google.android.googlequicksearchbox/com.google.android.apps.gsa.googlequicksearchbox.GelStubAppWatcher
04-22 10:37:26.310  1743  1772 W BroadcastQueue: Background execution not allowed: receiving Intent { act=android.intent.action.PACKAGE_REMOVED dat=package:com.google.location.nearby.apps.connectedcrossroad flg=0x4000010 (has extras) } to com.verizon.loginengine.unbranded/com.verizon.vzwavs.AVSSystemReceiver
04-22 10:37:26.310  1743  1772 W BroadcastQueue: Background execution not allowed: receiving Intent { act=android.intent.action.PACKAGE_REMOVED dat=package:com.google.location.nearby.apps.connectedcrossroad flg=0x4000010 (has extras) } to com.google.android.apps.magazines/com.google.android.libraries.social.peoplekit.thirdparty.viewcontrollers.ThirdPartyReceiver
04-22 10:37:26.311  1743  1772 W BroadcastQueue: Background execution not allowed: receiving Intent { act=android.intent.action.PACKAGE_ADDED dat=package:com.google.location.nearby.apps.connectedcrossroad flg=0x4000010 (has extras) } to com.google.android.packageinstaller/com.android.packageinstaller.PackageInstalledReceiver
04-22 10:37:26.312  1743  1772 W BroadcastQueue: Background execution not allowed: receiving Intent { act=android.intent.action.PACKAGE_ADDED dat=package:com.google.location.nearby.apps.connectedcrossroad flg=0x4000010 (has extras) } to com.android.vending/com.google.android.finsky.packagemanager.impl.PackageMonitorReceiverImpl$RegisteredReceiver
04-22 10:37:26.312  1743  1772 W BroadcastQueue: Background execution not allowed: receiving Intent { act=android.intent.action.PACKAGE_ADDED dat=package:com.google.location.nearby.apps.connectedcrossroad flg=0x4000010 (has extras) } to com.facebook.appmanager/com.facebook.oxygen.common.packages.event.manifest.ManifestPackageEventReceiver
04-22 10:37:26.312  1743  1772 W BroadcastQueue: Background execution not allowed: receiving Intent { act=android.intent.action.PACKAGE_ADDED dat=package:com.google.location.nearby.apps.connectedcrossroad flg=0x4000010 (has extras) } to com.google.android.gms/.games.chimera.GamesSystemBroadcastReceiverProxy
04-22 10:37:26.312  1743  1772 W BroadcastQueue: Background execution not allowed: receiving Intent { act=android.intent.action.PACKAGE_ADDED dat=package:com.google.location.nearby.apps.connectedcrossroad flg=0x4000010 (has extras) } to com.google.android.gms/.gass.chimera.PackageChangeBroadcastReceiver
04-22 10:37:26.312  1743  1772 W BroadcastQueue: Background execution not allowed: receiving Intent { act=android.intent.action.PACKAGE_ADDED dat=package:com.google.location.nearby.apps.connectedcrossroad flg=0x4000010 (has extras) } to com.google.android.gms/.chimera.GmsIntentOperationService$PersistentTrustedReceiver
04-22 10:37:26.312  1743  1772 W BroadcastQueue: Background execution not allowed: receiving Intent { act=android.intent.action.PACKAGE_ADDED dat=package:com.google.location.nearby.apps.connectedcrossroad flg=0x4000010 (has extras) } to com.google.android.googlequicksearchbox/com.google.android.apps.gsa.googlequicksearchbox.GelStubAppWatcher
04-22 10:37:26.313  1743  1772 W BroadcastQueue: Background execution not allowed: receiving Intent { act=android.intent.action.PACKAGE_ADDED dat=package:com.google.location.nearby.apps.connectedcrossroad flg=0x4000010 (has extras) } to com.google.android.ims/.receivers.RcsAutoStartReceiver
04-22 10:37:26.316  7384  7384 D MCLOG   : [MC_Service] onStartcommand()
04-22 10:37:26.318 26404 26404 I Finsky  : [2] acis.h(1): PackageMonitorReceiverImpl - Received: android.intent.action.PACKAGE_ADDED, [EI7BYFojudkobVjKHwty2rDeKAujxJfCn09fgDnKdGM]
04-22 10:37:26.319 26404 26404 I Finsky  : [2] acjt.g(8): Invalidating cached PackageState for com.google.location.nearby.apps.connectedcrossroad
04-22 10:37:26.339 26404  2012 I Finsky  : [3122] qty.run(16): Wrote row to frosting DB: 442
04-22 10:37:26.341  1743  6519 W BroadcastQueue: Background execution not allowed: receiving Intent { act=android.intent.action.PACKAGE_ADDED dat=package:com.google.location.nearby.apps.connectedcrossroad flg=0x4000010 (has extras) } to com.verizon.loginengine.unbranded/com.verizon.vzwavs.AVSSystemReceiver
04-22 10:37:26.353 26404  2016 I Finsky  : [3124] hzf.a(15): Asset module broadcast after update successful for package com.google.location.nearby.apps.connectedcrossroad. 0 sessions broadcast.
04-22 10:37:26.353 26404 26404 I Finsky  : [2] athq.a(3): Do not start WearSupportService due to Wear service optimization
04-22 10:37:26.368  2498  2498 E PhoneInterfaceManager: [PhoneIntfMgr] getCarrierPackageNamesForIntent: No UICC
04-22 10:37:26.368  2498  2498 D CarrierSvcBindHelper: No carrier app for: 0
04-22 10:37:26.369  2498  2498 E PhoneInterfaceManager: [PhoneIntfMgr] getCarrierPackageNamesForIntent: No UICC
04-22 10:37:26.369  2498  2498 D CarrierSvcBindHelper: No carrier app for: 0
04-22 10:37:26.377 26404  2012 I Finsky  : [3122] qty.run(16): Wrote row to frosting DB: 443
04-22 10:37:26.378  2498  2498 E VvmPkgInstalledRcvr: cannot create TelephonyManager from ComponentInfo{com.android.phone/com.android.services.telephony.TelephonyConnectionService}, ***, UserHandle{0}
04-22 10:37:26.379  2498  2498 D ImsResolver: maybeAddedImsService, packageName: com.google.location.nearby.apps.connectedcrossroad
04-22 10:37:26.381  2498  2498 D CarrierConfigLoader: mHandler: 9 phoneId: 0
04-22 10:37:26.382 22073  1953 I chatty  : uid=10156 com.google.android.gms.persistent expire 1 line
04-22 10:37:26.385 24895  2029 I chatty  : uid=10156(com.google.android.gms) expire 1 line
04-22 10:37:26.386 26404 26404 I Finsky  : [2] acis.h(1): PackageMonitorReceiverImpl - Received: android.intent.action.PACKAGE_ADDED, [EI7BYFojudkobVjKHwty2rDeKAujxJfCn09fgDnKdGM]
04-22 10:37:26.387 26404 26404 I Finsky  : [2] acjt.g(8): Invalidating cached PackageState for com.google.location.nearby.apps.connectedcrossroad
04-22 10:37:26.397 26404  2012 I Finsky  : [3122] qty.run(16): Wrote row to frosting DB: 444
04-22 10:37:26.399 24895 24895 I chatty  : uid=10156(com.google.android.gms) expire 21 lines
04-22 10:37:26.401 26404 26404 I Finsky  : [2] acis.h(1): PackageMonitorReceiverImpl - Deduping intent android.intent.action.PACKAGE_ADDED
04-22 10:37:26.412 26404  2044 I Finsky  : [3126] twf.C(2): IQ: Notifying installation update. package=com.google.location.nearby.apps.connectedcrossroad, status=UNINSTALLED
04-22 10:37:26.418 26404 26404 I Finsky  : [2] tao.O(7): Installer: found apps to install. isMultiUserMode=false, apps=[]
04-22 10:37:26.430 26404 26404 I Finsky  : [2] acis.h(1): PackageMonitorReceiverImpl - Received: android.intent.action.PACKAGE_ADDED, [EI7BYFojudkobVjKHwty2rDeKAujxJfCn09fgDnKdGM]
04-22 10:37:26.432 22073  1489 I chatty  : uid=10156 com.google.android.gms.persistent expire 20 lines
04-22 10:37:26.433 26404 26404 I Finsky  : [2] acjt.g(8): Invalidating cached PackageState for com.google.location.nearby.apps.connectedcrossroad
04-22 10:37:26.435 26404  2044 I Finsky  : [3126] twf.t(6): IQ: Pruning inactive install requests
04-22 10:37:26.436 26404  2044 I Finsky  : [3126] twf.t(41): IQ: No matching installs to run for jobs: []
04-22 10:37:26.440  1743  1756 I system_server: Background concurrent copying GC freed 110009(5728KB) AllocSpace objects, 35(3348KB) LOS objects, 42% free, 22MB/38MB, paused 440us total 237.549ms
04-22 10:37:26.442 24895 24929 I chatty  : uid=10156(com.google.android.gms) lowpool[3] expire 11 lines
04-22 10:37:26.450 26404  2012 I Finsky  : [3122] qty.run(16): Wrote row to frosting DB: 445
04-22 10:37:26.452 26404 26404 I Finsky  : [2] acis.h(1): PackageMonitorReceiverImpl - Deduping intent android.intent.action.PACKAGE_ADDED
04-22 10:37:26.457  1743  2383 W BroadcastQueue: Background execution not allowed: receiving Intent { act=android.intent.action.PACKAGE_REPLACED dat=package:com.google.location.nearby.apps.connectedcrossroad flg=0x4000010 (has extras) } to com.facebook.appmanager/com.facebook.oxygen.common.packages.event.manifest.ManifestPackageEventReceiver
04-22 10:37:26.460  1743  1743 W Looper  : Slow delivery took 223ms main h=android.app.ActivityThread$H c=android.app.-$$Lambda$LoadedApk$ReceiverDispatcher$Args$_BumDX2UKsnxLVrE6UJsJZkotuA@14daf77 m=0
04-22 10:37:26.461  1743  1743 I TelecomService: DefaultDialerCache: Refreshing default dialer for user 0: now com.google.android.dialer: DDC.oR@Aus
04-22 10:37:26.474  1743  1772 W BroadcastQueue: Background execution not allowed: receiving Intent { act=android.intent.action.PACKAGE_REPLACED dat=package:com.google.location.nearby.apps.connectedcrossroad flg=0x4000010 (has extras) } to com.google.android.apps.photos/.account.full.FetchAccountPropertiesAppUpgradeBroadcastReceiver
04-22 10:37:26.474  1743  1772 W BroadcastQueue: Background execution not allowed: receiving Intent { act=android.intent.action.PACKAGE_REPLACED dat=package:com.google.location.nearby.apps.connectedcrossroad flg=0x4000010 (has extras) } to com.google.android.apps.photos/.account.full.SyncAccountsForLoginBroadcastReceiver
04-22 10:37:26.475  1743  1772 W BroadcastQueue: Background execution not allowed: receiving Intent { act=android.intent.action.PACKAGE_REPLACED dat=package:com.google.location.nearby.apps.connectedcrossroad flg=0x4000010 (has extras) } to com.google.android.apps.photos/.notificationchannels.AppUpdateBroadcastReceiver
04-22 10:37:26.477  1743  1772 W BroadcastQueue: Background execution not allowed: receiving Intent { act=android.intent.action.PACKAGE_REPLACED dat=package:com.google.location.nearby.apps.connectedcrossroad flg=0x4000010 (has extras) } to com.google.android.gms/.gass.chimera.PackageChangeBroadcastReceiver
04-22 10:37:26.477  1743  1772 W BroadcastQueue: Background execution not allowed: receiving Intent { act=android.intent.action.PACKAGE_REPLACED dat=package:com.google.location.nearby.apps.connectedcrossroad flg=0x4000010 (has extras) } to com.google.android.gms/.chimera.GmsIntentOperationService$PersistentTrustedReceiver
04-22 10:37:26.478  1743  1772 W BroadcastQueue: Background execution not allowed: receiving Intent { act=android.intent.action.PACKAGE_REPLACED dat=package:com.google.location.nearby.apps.connectedcrossroad flg=0x4000010 (has extras) } to com.google.android.googlequicksearchbox/com.google.android.apps.gsa.googlequicksearchbox.GelStubAppWatcher
04-22 10:37:26.479  1743  1772 W BroadcastQueue: Background execution not allowed: receiving Intent { act=android.intent.action.PACKAGE_REPLACED dat=package:com.google.location.nearby.apps.connectedcrossroad flg=0x4000010 (has extras) } to com.google.android.ims/.receivers.RcsAutoStartReceiver
04-22 10:37:26.481  1743  1743 V BackupManagerConstants: getFullBackupIntervalMilliseconds(...) returns 86400000
04-22 10:37:26.481  1743  1743 V BackupManagerConstants: getFullBackupRequiredNetworkType(...) returns 2
04-22 10:37:26.481  1743  1772 W BroadcastQueue: Background execution not allowed: receiving Intent { act=android.intent.action.PACKAGE_REPLACED dat=package:com.google.location.nearby.apps.connectedcrossroad flg=0x4000010 (has extras) } to com.motorola.ccc.notification/.gcm.GCMAdminReceiver
04-22 10:37:26.481  1743  1743 V BackupManagerConstants: getFullBackupRequireCharging(...) returns true
04-22 10:37:26.482  1743  1772 W BroadcastQueue: Background execution not allowed: receiving Intent { act=android.intent.action.PACKAGE_REPLACED dat=package:com.google.location.nearby.apps.connectedcrossroad flg=0x4000010 (has extras) } to com.verizon.loginengine.unbranded/com.verizon.vzwavs.AVSSystemReceiver
04-22 10:37:26.493   720  2064 E ResolverController: No valid NAT64 prefix (100, <unspecified>/0)
04-22 10:37:26.496 26404 26404 I Finsky  : [2] VerifyInstallTask.ne(6): Verification complete: id=28, package_name=com.google.location.nearby.apps.connectedcrossroad
04-22 10:37:26.498  1743  1762 W Looper  : Slow delivery took 225ms android.fg h=android.os.Handler c=<recycled PooledLambda@66a8ed6> m=0
04-22 10:37:26.504  1743  1743 E LoadedApk: Unable to instantiate appComponentFactory
04-22 10:37:26.504  1743  1743 E LoadedApk: java.lang.ClassNotFoundException: Didn't find class "androidx.core.app.CoreComponentFactory" on path: DexPathList[[],nativeLibraryDirectories=[/system/app/YTMusic/lib/arm, /system/app/YTMusic/YTMusic.apk!/lib/armeabi-v7a, /system/lib, /product/lib, /system/lib, /product/lib]]
04-22 10:37:26.504  1743  1743 E LoadedApk: 	at dalvik.system.BaseDexClassLoader.findClass(BaseDexClassLoader.java:196)
04-22 10:37:26.504  1743  1743 E LoadedApk: 	at java.lang.ClassLoader.loadClass(ClassLoader.java:379)
04-22 10:37:26.504  1743  1743 E LoadedApk: 	at java.lang.ClassLoader.loadClass(ClassLoader.java:312)
04-22 10:37:26.504  1743  1743 E LoadedApk: 	at android.app.LoadedApk.createAppFactory(LoadedApk.java:256)
04-22 10:37:26.504  1743  1743 E LoadedApk: 	at android.app.LoadedApk.updateApplicationInfo(LoadedApk.java:370)
04-22 10:37:26.504  1743  1743 E LoadedApk: 	at android.app.ActivityThread.handleDispatchPackageBroadcast(ActivityThread.java:6186)
04-22 10:37:26.504  1743  1743 E LoadedApk: 	at android.app.ActivityThread$H.handleMessage(ActivityThread.java:2108)
04-22 10:37:26.504  1743  1743 E LoadedApk: 	at android.os.Handler.dispatchMessage(Handler.java:107)
04-22 10:37:26.504  1743  1743 E LoadedApk: 	at android.os.Looper.loop(Looper.java:241)
04-22 10:37:26.504  1743  1743 E LoadedApk: 	at com.android.server.SystemServer.run(SystemServer.java:585)
04-22 10:37:26.504  1743  1743 E LoadedApk: 	at com.android.server.SystemServer.main(SystemServer.java:381)
04-22 10:37:26.504  1743  1743 E LoadedApk: 	at java.lang.reflect.Method.invoke(Native Method)
04-22 10:37:26.504  1743  1743 E LoadedApk: 	at com.android.internal.os.RuntimeInit$MethodAndArgsCaller.run(RuntimeInit.java:492)
04-22 10:37:26.504  1743  1743 E LoadedApk: 	at com.android.internal.os.ZygoteInit.main(ZygoteInit.java:919)
04-22 10:37:26.517 22073 22073 I chatty  : uid=10156 com.google.android.gms.persistent expire 11 lines
04-22 10:37:26.613 26404 26404 I Finsky  : [2] agxj.b(5): SCH: Jobs in database: 1-1337 3-29 12-1 26-1414141414 
04-22 10:37:26.614 26404  2014 I Finsky  : [3123] kwu.a(2): [ContentSync] finished, scheduled=true
04-22 10:37:26.618 26404  2014 I Finsky  : [3123] kwu.a(2): [ContentSync] finished, scheduled=true
04-22 10:37:26.619 26404 26404 I Finsky  : [2] agvn.h(37): SCH: ConstraintMapping: 1-1337, 12-1,  -> L: 14734ms, D: 70145463ms, C: false, I: false, N: 1
04-22 10:37:26.620 26404 26404 I Finsky  : [2] agvn.h(37): SCH: ConstraintMapping: 3-29,  -> L: 0ms, D: 83181055ms, C: true, I: true, N: 2
04-22 10:37:26.620 26404 26404 I Finsky  : [2] agvn.h(37): SCH: ConstraintMapping: 26-1414141414,  -> L: 40952521ms, D: 41852521ms, C: false, I: false, N: 0
04-22 10:37:26.632 26404 26404 I Finsky  : [2] agvn.j(7): SCH: Cancelling existing jobscheduler jobs: 9001 9002 9005 
04-22 10:37:26.632 26404 26404 I Finsky  : [2] agvn.i(11): SCH: Scheduling job Id: 9000, L: 14734, D: 70145463, C: false, I: false, N: 1
04-22 10:37:26.639 26404 26404 I Finsky  : [2] agvn.i(11): SCH: Scheduling job Id: 9003, L: 0, D: 83181055, C: true, I: true, N: 2
04-22 10:37:26.642 26404 26404 I Finsky  : [2] agvn.i(11): SCH: Scheduling job Id: 9004, L: 40952521, D: 41852521, C: false, I: false, N: 0
04-22 10:37:26.644 26404 26404 I Finsky  : [2] agxj.b(5): SCH: Jobs in database: 1-1337 3-29 12-1 26-1414141414 
04-22 10:37:26.648 26404 26404 I Finsky  : [2] agvn.h(37): SCH: ConstraintMapping: 1-1337, 12-1,  -> L: 14705ms, D: 70145434ms, C: false, I: false, N: 1
04-22 10:37:26.649 26404 26404 I Finsky  : [2] agvn.h(37): SCH: ConstraintMapping: 3-29,  -> L: 0ms, D: 83181026ms, C: true, I: true, N: 2
04-22 10:37:26.649 26404 26404 I Finsky  : [2] agvn.h(37): SCH: ConstraintMapping: 26-1414141414,  -> L: 40952493ms, D: 41852493ms, C: false, I: false, N: 0
04-22 10:37:26.662 26404 26404 I Finsky  : [2] agvn.j(7): SCH: Cancelling existing jobscheduler jobs: 9003 9004 9000 
04-22 10:37:26.663 26404 26404 I Finsky  : [2] agvn.i(11): SCH: Scheduling job Id: 9001, L: 14705, D: 70145434, C: false, I: false, N: 1
04-22 10:37:26.670 26404 26404 I Finsky  : [2] agvn.i(11): SCH: Scheduling job Id: 9002, L: 0, D: 83181026, C: true, I: true, N: 2
04-22 10:37:26.674 26404 26404 I Finsky  : [2] agvn.i(11): SCH: Scheduling job Id: 9005, L: 40952493, D: 41852493, C: false, I: false, N: 0
04-22 10:37:26.707   969  1090 E         : Couldn't opendir /data/app/vmdl1424724679.tmp: No such file or directory
04-22 10:37:26.707   969  1090 E installd: Failed to delete /data/app/vmdl1424724679.tmp: No such file or directory
04-22 10:37:26.896  1743 12220 I ActivityTaskManager: START u0 {act=android.intent.action.MAIN cat=[android.intent.category.LAUNCHER] flg=0x10000000 cmp=com.google.location.nearby.apps.connectedcrossroad/nx.aodv.eval.MainActivity} from uid 2000
