04-22 10:38:20.725  2946  2946 I AndroidIME: AbstractIme.onDeactivate():145 DummyIme.onDeactivate()
04-22 10:38:20.769  2946  2946 I KeyboardViewUtil: KeyboardViewUtil.getKeyboardHeightRatio():127 systemKeyboardHeightRatio:1.000000; userKeyboardHeightRatio:1.000000.
04-22 10:38:20.770  2946  2946 I AndroidIME: AbstractIme.onActivate():83 LatinIme.onActivate() : EditorInfo = Package = com.google.location.nearby.apps.connectedcrossroad : Type = Text : Learning = Enable : Suggestion = Show : AutoCorrection = Enable : Microphone = Show : NoPersonalizedLearning = Disable, IncognitoMode = false
04-22 10:38:20.771  2946  2946 I Delight5Facilitator: Delight5Facilitator.initializeForIme():574 initializeForIme() : Locale = [en_US], layout = qwerty
04-22 10:38:20.771  2946  2946 I VoiceInputManagerWrapper: VoiceInputManagerWrapper.cancelShutdown():54 cancelShutdown()
04-22 10:38:20.771  2946  2946 I VoiceInputManagerWrapper: VoiceInputManagerWrapper.syncLanguagePacks():66 syncLanguagePacks()
04-22 10:38:20.773  2946 27033 I SpeechFactory: SpeechRecognitionFactory.maybeScheduleAutoPackDownloadForFallback():155 maybeScheduleAutoPackDownloadForFallback()
04-22 10:38:20.773  2946 27033 I FallbackOnDeviceRecognitionProvider: FallbackOnDeviceRecognitionProvider.maybeScheduleAutoPackDownload():200 maybeScheduleAutoPackDownload() for language tag en-US
04-22 10:38:20.775  2946  2946 I KeyboardWrapper: KeyboardWrapper.consumeEvent():264 Skip consuming an event as current keyboard is deactivated (state=0, keyboard existence=true)
04-22 10:38:20.777  2946  2946 E KeyboardViewController: KeyboardViewController.clearSubViewControllerInternal():373 Clears keyboard sub view controller for keyboardType: null, viewType: HEADER, viewId: 2131432509(softkey_holder_fixed_candidates),which has not been set.
04-22 10:38:20.777  2946  2946 E KeyboardViewController: jjy
04-22 10:38:20.777  2946  2946 E KeyboardViewController: 	at djm.b(PG:17)
04-22 10:38:20.777  2946  2946 E KeyboardViewController: 	at djm.a(PG:12)
04-22 10:38:20.777  2946  2946 E KeyboardViewController: 	at bna.c(PG:99)
04-22 10:38:20.777  2946  2946 E KeyboardViewController: 	at com.google.android.apps.inputmethod.latin.keyboard.LatinSymbolsKeyboard.b(PG:19)
04-22 10:38:20.777  2946  2946 E KeyboardViewController: 	at dkc.a(PG:38)
04-22 10:38:20.777  2946  2946 E KeyboardViewController: 	at dia.a(PG:44)
04-22 10:38:20.777  2946  2946 E KeyboardViewController: 	at dkc.a(PG:52)
04-22 10:38:20.777  2946  2946 E KeyboardViewController: 	at dfq.a(PG:29)
04-22 10:38:20.777  2946  2946 E KeyboardViewController: 	at dfq.C(PG:22)
04-22 10:38:20.777  2946  2946 E KeyboardViewController: 	at dfu.d(PG:11)
04-22 10:38:20.777  2946  2946 E KeyboardViewController: 	at dfu.b(PG:109)
04-22 10:38:20.777  2946  2946 E KeyboardViewController: 	at com.android.inputmethod.latin.LatinIME.b(PG:333)
04-22 10:38:20.777  2946  2946 E KeyboardViewController: 	at dew.onStartInputView(PG:755)
04-22 10:38:20.777  2946  2946 E KeyboardViewController: 	at android.inputmethodservice.InputMethodService.doStartInput(InputMethodService.java:2153)
04-22 10:38:20.777  2946  2946 E KeyboardViewController: 	at android.inputmethodservice.InputMethodService$InputMethodImpl.startInput(InputMethodService.java:566)
04-22 10:38:20.777  2946  2946 E KeyboardViewController: 	at android.inputmethodservice.InputMethodService$InputMethodImpl.dispatchStartInputWithToken(InputMethodService.java:595)
04-22 10:38:20.777  2946  2946 E KeyboardViewController: 	at android.inputmethodservice.IInputMethodWrapper.executeMessage(IInputMethodWrapper.java:194)
04-22 10:38:20.777  2946  2946 E KeyboardViewController: 	at com.android.internal.os.HandlerCaller$MyHandler.handleMessage(HandlerCaller.java:44)
04-22 10:38:20.777  2946  2946 E KeyboardViewController: 	at android.os.Handler.dispatchMessage(Handler.java:107)
04-22 10:38:20.777  2946  2946 E KeyboardViewController: 	at android.os.Looper.loop(Looper.java:241)
04-22 10:38:20.777  2946  2946 E KeyboardViewController: 	at android.app.ActivityThread.main(ActivityThread.java:7604)
04-22 10:38:20.777  2946  2946 E KeyboardViewController: 	at java.lang.reflect.Method.invoke(Native Method)
04-22 10:38:20.777  2946  2946 E KeyboardViewController: 	at com.android.internal.os.RuntimeInit$MethodAndArgsCaller.run(RuntimeInit.java:492)
04-22 10:38:20.777  2946  2946 E KeyboardViewController: 	at com.android.internal.os.ZygoteInit.main(ZygoteInit.java:941)
04-22 10:38:20.778  2946  2946 I KeyboardViewController: KeyboardViewController.hide():736 Requesting to hide sub view with id 2131432509 softkey_holder_fixed_candidates which doesn't exist in current keyboard view
04-22 10:38:20.778  2946  2946 I KeyboardViewController: KeyboardViewController.hide():736 Requesting to hide sub view with id 2131429524 scrollable_suggestion_strip_overlay which doesn't exist in current keyboard view
04-22 10:38:20.823  2946  2946 W KeyboardModeManager: KeyboardModeManager.setInputView():359 setInputView() : inputView = com.google.android.apps.inputmethod.libs.framework.core.InputView{1d9772e V.E...... ......ID 0,0-720,1380}
04-22 10:38:20.826  2946  2946 I ConversationToQueryExtension: ConversationToQueryExtension.isEnabledForHostApp():254 Conv2Query not enabled due to current app [com.google.location.nearby.apps.connectedcrossroad] not in whitelist
04-22 10:38:20.826  2946  2946 I ConversationToQueryExtension: ConversationToQueryExtension.onActivate():165 onActivate() : Disabled by unsupported host app
04-22 10:38:21.158     0     0 W swapper/0: type=1400 audit(0.0:2427): avc: denied { kill } for uid=0 capability=5 scontext=u:r:kernel:s0 tcontext=u:r:kernel:s0 tclass=capability permissive=0
04-22 10:38:21.419  5577  5577 I wpa_supplicant: TDLS: Failed to send message (action_code=14)
04-22 10:38:22.087  2086  2231 I chatty  : uid=10217(com.google.location.nearby.apps.connectedcrossroad) expire 10 lines
04-22 10:38:24.143  2946  2946 I KeyboardWrapper: KeyboardWrapper.consumeEvent():264 Skip consuming an event as current keyboard is deactivated (state=0, keyboard existence=true)
04-22 10:38:24.143  2946  2946 I VoiceInputManagerWrapper: VoiceInputManagerWrapper.shutdown():76 shutdown()
04-22 10:38:24.144  2946  2946 I AndroidIME: AbstractIme.onDeactivate():145 LatinIme.onDeactivate()
04-22 10:38:24.202  2946  2946 I KeyboardViewUtil: KeyboardViewUtil.getKeyboardHeightRatio():127 systemKeyboardHeightRatio:1.000000; userKeyboardHeightRatio:1.000000.
04-22 10:38:24.203  2946  2946 I AndroidIME: AbstractIme.onActivate():83 LatinIme.onActivate() : EditorInfo = Package = com.google.location.nearby.apps.connectedcrossroad : Type = Text : Learning = Enable : Suggestion = Show : AutoCorrection = Enable : Microphone = Show : NoPersonalizedLearning = Disable, IncognitoMode = false
04-22 10:38:24.203  2946  2946 I Delight5Facilitator: Delight5Facilitator.initializeForIme():574 initializeForIme() : Locale = [en_US], layout = qwerty
04-22 10:38:24.203  2946  2946 I VoiceInputManagerWrapper: VoiceInputManagerWrapper.cancelShutdown():54 cancelShutdown()
04-22 10:38:24.203  2946  2946 I VoiceInputManagerWrapper: VoiceInputManagerWrapper.syncLanguagePacks():66 syncLanguagePacks()
04-22 10:38:24.204  2946 27033 I SpeechFactory: SpeechRecognitionFactory.maybeScheduleAutoPackDownloadForFallback():155 maybeScheduleAutoPackDownloadForFallback()
04-22 10:38:24.204  2946 27033 I FallbackOnDeviceRecognitionProvider: FallbackOnDeviceRecognitionProvider.maybeScheduleAutoPackDownload():200 maybeScheduleAutoPackDownload() for language tag en-US
04-22 10:38:24.207  2946  2946 I KeyboardWrapper: KeyboardWrapper.consumeEvent():264 Skip consuming an event as current keyboard is deactivated (state=0, keyboard existence=true)
04-22 10:38:24.230  2946  2946 W KeyboardModeManager: KeyboardModeManager.setInputView():359 setInputView() : inputView = com.google.android.apps.inputmethod.libs.framework.core.InputView{1d9772e V.E...... ......ID 0,0-720,1380}
04-22 10:38:24.232  2946  2946 I ConversationToQueryExtension: ConversationToQueryExtension.isEnabledForHostApp():254 Conv2Query not enabled due to current app [com.google.location.nearby.apps.connectedcrossroad] not in whitelist
04-22 10:38:24.232  2946  2946 I ConversationToQueryExtension: ConversationToQueryExtension.onActivate():165 onActivate() : Disabled by unsupported host app
04-22 10:38:25.630  2946  2946 I KeyboardWrapper: KeyboardWrapper.consumeEvent():264 Skip consuming an event as current keyboard is deactivated (state=0, keyboard existence=true)
04-22 10:38:25.630  2946  2946 I VoiceInputManagerWrapper: VoiceInputManagerWrapper.shutdown():76 shutdown()
04-22 10:38:25.631  2946  2946 I AndroidIME: AbstractIme.onDeactivate():145 LatinIme.onDeactivate()
04-22 10:38:27.865  5577  5577 I wpa_supplicant: TDLS: Failed to send message (action_code=14)
04-22 10:38:28.110 22073  2334 I chatty  : uid=10156(com.google.android.gms) highpool[259] expire 23 lines
04-22 10:38:28.117 22073  2459 I chatty  : uid=10156 com.google.android.gms.persistent expire 49 lines
04-22 10:38:28.429  3347  3347 D BluetoothA2dp: Binding service...
04-22 10:38:28.453  3347  3347 I BistoRealService: onStartCommand: 0 1 Intent { act=com.google.android.apps.gsa.broadcastreceiver.SETTINGS_CHANGED cmp=com.google.android.googlequicksearchbox/com.google.android.apps.gsa.staticplugins.bisto.BistoRealService (has extras) }
04-22 10:38:28.459  3347  3347 I BistoRealService: Intent handled internally
04-22 10:38:28.459  3347  3347 D BluetoothA2dp: Proxy object connected
04-22 10:38:29.625 22073   556 I chatty  : uid=10156 com.google.android.gms.persistent expire 40 lines
04-22 10:38:31.161     0     0 W swapper/1: type=1400 audit(0.0:2428): avc: denied { kill } for uid=0 capability=5 scontext=u:r:kernel:s0 tcontext=u:r:kernel:s0 tclass=capability permissive=0
04-22 10:38:31.976  2086  2267 I chatty  : uid=10217(com.google.location.nearby.apps.connectedcrossroad) expire 17 lines
04-22 10:38:32.113  5577  5577 I wpa_supplicant: TDLS: Failed to send message (action_code=14)
04-22 10:38:32.119  2086  2231 I chatty  : uid=10217(com.google.location.nearby.apps.connectedcrossroad) expire 4 lines
04-22 10:38:32.155  2290  2603 I chatty  : uid=1002(bluetooth) btu message loo expire 11 lines
04-22 10:38:33.378 22073  2441 I chatty  : uid=10156 com.google.android.gms.persistent expire 12 lines
04-22 10:38:34.249  5577  5577 I wpa_supplicant: TDLS: Failed to send message (action_code=14)
04-22 10:38:34.931   827  5608 E WifiHAL : Received LOG message with insufficent length: 24
04-22 10:38:34.931   827  5608 E WifiHAL : Received fatal event, sending alert
04-22 10:38:34.933  1743  8718 W WifiVendorHal: onDebugErrorAlert 4104
04-22 10:38:35.729  2086  2267 I chatty  : uid=10217(com.google.location.nearby.apps.connectedcrossroad) expire 10 lines
04-22 10:38:35.861 22073  2439 I chatty  : uid=10156(com.google.android.gms) lowpool[286] expire 9 lines
04-22 10:38:35.866 22073  2440 I chatty  : uid=10156(com.google.android.gms) lowpool[287] expire 9 lines
04-22 10:38:36.135  2086  2231 I chatty  : uid=10217(com.google.location.nearby.apps.connectedcrossroad) expire 2 lines
04-22 10:38:36.305  5577  5577 I wpa_supplicant: TDLS: Failed to send message (action_code=14)
04-22 10:38:36.428  2290  2348 I chatty  : uid=1002(bluetooth) BT Service Call expire 10 lines
04-22 10:38:37.632  2086  2267 I chatty  : uid=10217(com.google.location.nearby.apps.connectedcrossroad) expire 9 lines
04-22 10:38:38.144  2086  2231 I chatty  : uid=10217(com.google.location.nearby.apps.connectedcrossroad) expire 2 lines
04-22 10:38:38.494  5577  5577 I wpa_supplicant: TDLS: Failed to send message (action_code=14)
04-22 10:38:39.532  2086  2267 I chatty  : uid=10217(com.google.location.nearby.apps.connectedcrossroad) expire 10 lines
04-22 10:38:40.153  2086  2231 I chatty  : uid=10217(com.google.location.nearby.apps.connectedcrossroad) expire 4 lines
04-22 10:38:41.165     0     0 W swapper/0: type=1400 audit(0.0:2429): avc: denied { kill } for uid=0 capability=5 scontext=u:r:kernel:s0 tcontext=u:r:kernel:s0 tclass=capability permissive=0
04-22 10:38:41.753  2086  2267 I chatty  : uid=10217(com.google.location.nearby.apps.connectedcrossroad) expire 20 lines
04-22 10:38:42.734  5577  5577 I wpa_supplicant: TDLS: Failed to send message (action_code=14)
04-22 10:38:44.174  2086  2231 I chatty  : uid=10217(com.google.location.nearby.apps.connectedcrossroad) expire 2 lines
04-22 10:38:44.192 22073   556 I chatty  : uid=10156 com.google.android.gms.persistent expire 8 lines
04-22 10:38:45.265   827  5608 E WifiHAL : Received LOG message with insufficent length: 24
04-22 10:38:45.265   827  5608 E WifiHAL : Received fatal event, sending alert
04-22 10:38:45.266  1743  2410 W WifiVendorHal: onDebugErrorAlert 4104
04-22 10:38:45.644  2946  3020 I VoiceInputManagerWrapper: VoiceInputManagerWrapper.shutdownVoiceInternal():94 shutdownVoiceInternal()
04-22 10:38:46.008  2086  2267 I chatty  : uid=10217(com.google.location.nearby.apps.connectedcrossroad) expire 10 lines
04-22 10:38:46.182  2086  2231 I chatty  : uid=10217(com.google.location.nearby.apps.connectedcrossroad) expire 2 lines
04-22 10:38:46.192 22073  2334 I chatty  : uid=10156(com.google.android.gms) highpool[259] expire 41 lines
04-22 10:38:46.194 22073  2459 I chatty  : uid=10156 com.google.android.gms.persistent expire 23 lines
04-22 10:38:46.200 22073  2610 I chatty  : uid=10156 com.google.android.gms.persistent expire 38 lines
04-22 10:38:47.024  5577  5577 I wpa_supplicant: TDLS: Failed to send message (action_code=14)
04-22 10:38:47.468 22073  2428 I chatty  : uid=10156 com.google.android.gms.persistent expire 10 lines
04-22 10:38:47.915  2086  2267 I chatty  : uid=10217(com.google.location.nearby.apps.connectedcrossroad) expire 10 lines
04-22 10:38:48.187  2086  2231 I chatty  : uid=10217(com.google.location.nearby.apps.connectedcrossroad) expire 2 lines
04-22 10:38:48.473  3347  3347 I BistoRealService: requestDestroy
04-22 10:38:48.478  3347  3347 I BistoRealService: onDestroy
04-22 10:38:48.484  3347  3347 I BistoWiredManager: close
04-22 10:38:48.487  3347  3347 D BluetoothA2dp: Unbinding service...
04-22 10:38:48.493  3347  3347 I BistoClassicManager: close
04-22 10:38:49.218  5577  5577 I wpa_supplicant: TDLS: Failed to send message (action_code=14)
04-22 10:38:49.675  2086  2267 I chatty  : uid=10217(com.google.location.nearby.apps.connectedcrossroad) expire 4 lines
04-22 10:38:50.197  2086  2231 I chatty  : uid=10217(com.google.location.nearby.apps.connectedcrossroad) expire 2 lines
04-22 10:38:50.260  2086  2267 I chatty  : uid=10217(com.google.location.nearby.apps.connectedcrossroad) expire 17 lines
04-22 10:38:51.165     0     0 W swapper/1: type=1400 audit(0.0:2430): avc: denied { kill } for uid=0 capability=5 scontext=u:r:kernel:s0 tcontext=u:r:kernel:s0 tclass=capability permissive=0
04-22 10:38:51.411  5577  5577 I wpa_supplicant: TDLS: Failed to send message (action_code=14)
04-22 10:38:52.206  2086  2231 I chatty  : uid=10217(com.google.location.nearby.apps.connectedcrossroad) expire 2 lines
04-22 10:38:53.460  5577  5577 I wpa_supplicant: TDLS: Failed to send message (action_code=14)
04-22 10:38:53.622  2086  2267 I chatty  : uid=10217(com.google.location.nearby.apps.connectedcrossroad) expire 8 lines
04-22 10:38:54.213  2086  2231 I chatty  : uid=10217(com.google.location.nearby.apps.connectedcrossroad) expire 2 lines
04-22 10:38:55.504  5577  5577 I wpa_supplicant: TDLS: Failed to send message (action_code=14)
04-22 10:38:55.813  2086  2267 I chatty  : uid=10217(com.google.location.nearby.apps.connectedcrossroad) expire 8 lines
04-22 10:38:55.963  2086  2267 V data    : Total RX: 31864
04-22 10:38:55.963  2086  2267 V data    : Total TX: 31252
04-22 10:38:56.223  2086  2231 D connectedcrossroad: Data collect: SEND
04-22 10:38:56.227  2086  2231 D connectedcrossroad: Data collect: SEND
04-22 10:38:57.700  5577  5577 I wpa_supplicant: TDLS: Failed to send message (action_code=14)
04-22 10:38:57.713  2086  2267 V connectedcrossroad: Data collect: HELO
04-22 10:38:57.714  2086  2267 V data    : Payload RX: 30
04-22 10:38:57.715  2086  2267 V data    : Payload TX: 60
04-22 10:38:57.715  2086  2267 V data    : Total RX: 32476
04-22 10:38:57.715  2086  2267 V data    : Total TX: 32476
04-22 10:38:58.007  2086  2267 V connectedcrossroad: Data collect: HELO
04-22 10:38:58.007  2086  2267 V data    : Payload RX: 30
04-22 10:38:58.007  2086  2267 V data    : Payload TX: 60
04-22 10:38:58.007  2086  2267 V data    : Total RX: 33088
04-22 10:38:58.007  2086  2267 V data    : Total TX: 32476
04-22 10:38:58.235  2086  2231 D connectedcrossroad: Data collect: SEND
04-22 10:38:58.239  2086  2231 D connectedcrossroad: Data collect: SEND
04-22 10:38:59.762  2086  2267 V connectedcrossroad: Data collect: HELO
04-22 10:38:59.762  2086  2267 V data    : Payload RX: 30
04-22 10:38:59.762  2086  2267 V data    : Payload TX: 60
04-22 10:38:59.762  2086  2267 V data    : Total RX: 33700
04-22 10:38:59.762  2086  2267 V data    : Total TX: 33700
04-22 10:39:00.020  2308  2308 W View    : requestLayout() improperly called by com.android.systemui.statusbar.HeadsUpStatusBarView{53e8307 I.E...... ......ID 0,0-248,56 #7f0a01f7 app:id/heads_up_status_bar_view} during layout: running second layout pass
04-22 10:39:00.052  2086  2267 V connectedcrossroad: Data collect: HELO
04-22 10:39:00.052  2086  2267 V data    : Payload RX: 30
04-22 10:39:00.052  2086  2267 V data    : Payload TX: 60
04-22 10:39:00.052  2086  2267 V data    : Total RX: 34312
04-22 10:39:00.053  2086  2267 V data    : Total TX: 33700
04-22 10:39:00.245  2086  2231 D connectedcrossroad: Data collect: SEND
04-22 10:39:00.248  2086  2231 D connectedcrossroad: Data collect: SEND
04-22 10:39:00.252 22073  2334 I chatty  : uid=10156(com.google.android.gms) highpool[259] expire 16 lines
04-22 10:39:00.271 22073  2610 I chatty  : uid=10156 com.google.android.gms.persistent expire 43 lines
04-22 10:39:00.524   827  5608 E WifiHAL : Received LOG message with insufficent length: 24
04-22 10:39:00.524   827  5608 E WifiHAL : Received fatal event, sending alert
04-22 10:39:00.526  1743  2410 W WifiVendorHal: onDebugErrorAlert 4104
04-22 10:39:01.168     0     0 W swapper/0: type=1400 audit(0.0:2431): avc: denied { kill } for uid=0 capability=5 scontext=u:r:kernel:s0 tcontext=u:r:kernel:s0 tclass=capability permissive=0
04-22 10:39:01.629  2086  2267 V connectedcrossroad: Data collect: HELO
04-22 10:39:01.629  2086  2267 V data    : Payload RX: 30
04-22 10:39:01.629  2086  2267 V data    : Payload TX: 60
04-22 10:39:01.629  2086  2267 V data    : Total RX: 34924
04-22 10:39:01.629  2086  2267 V data    : Total TX: 34924
04-22 10:39:01.890  5577  5577 I wpa_supplicant: TDLS: Failed to send message (action_code=14)
04-22 10:39:02.051  2086  2267 V connectedcrossroad: Data collect: HELO
04-22 10:39:02.052  2086  2267 V data    : Payload RX: 30
04-22 10:39:02.052  2086  2267 V data    : Payload TX: 60
04-22 10:39:02.052  2086  2267 V data    : Total RX: 35536
04-22 10:39:02.052  2086  2267 V data    : Total TX: 34924
04-22 10:39:02.254  2086  2231 D connectedcrossroad: Data collect: SEND
04-22 10:39:02.258  2086  2231 D connectedcrossroad: Data collect: SEND
04-22 10:39:03.562  2290  2603 I chatty  : uid=1002(bluetooth) btu message loo expire 13 lines
04-22 10:39:03.991  2086  2267 V connectedcrossroad: Data collect: HELO
04-22 10:39:03.991  2086  2267 V data    : Payload RX: 30
04-22 10:39:03.991  2086  2267 V data    : Payload TX: 60
04-22 10:39:03.991  2086  2267 V data    : Total RX: 36148
04-22 10:39:03.991  2086  2267 V data    : Total TX: 36148
04-22 10:39:04.133  5577  5577 I wpa_supplicant: TDLS: Failed to send message (action_code=14)
04-22 10:39:04.146  2086  2267 V connectedcrossroad: Data collect: HELO
04-22 10:39:04.147  2086  2267 V data    : Payload RX: 30
04-22 10:39:04.147  2086  2267 V data    : Payload TX: 60
04-22 10:39:04.147  2086  2267 V data    : Total RX: 36760
04-22 10:39:04.147  2086  2267 V data    : Total TX: 36148
04-22 10:39:04.263  2086  2231 D connectedcrossroad: Data collect: SEND
04-22 10:39:04.267  2086  2231 D connectedcrossroad: Data collect: SEND
04-22 10:39:04.282 22073  2459 I chatty  : uid=10156 com.google.android.gms.persistent expire 24 lines
04-22 10:39:05.761  2086  2267 V connectedcrossroad: Data collect: HELO
04-22 10:39:05.762  2086  2267 V data    : Payload RX: 30
04-22 10:39:05.762  2086  2267 V data    : Payload TX: 60
04-22 10:39:05.762  2086  2267 V data    : Total RX: 37372
04-22 10:39:05.762  2086  2267 V data    : Total TX: 37372
04-22 10:39:06.049  2086  2267 V connectedcrossroad: Data collect: HELO
04-22 10:39:06.049  2086  2267 V data    : Payload RX: 30
04-22 10:39:06.049  2086  2267 V data    : Payload TX: 60
04-22 10:39:06.050  2086  2267 V data    : Total RX: 37984
04-22 10:39:06.050  2086  2267 V data    : Total TX: 37372
04-22 10:39:06.113  1743  2059 D BatteryService: uevent={POWER_SUPPLY_DP_DM=0, POWER_SUPPLY_VOLTAGE_NOW=3921546, POWER_SUPPLY_SW_JEITA_ENABLED=0, POWER_SUPPLY_CHARGE_CONTROL_LIMIT_MAX=8, POWER_SUPPLY_RECHARGE_SOC=99, POWER_SUPPLY_HEALTH=Good, POWER_SUPPLY_TECHNOLOGY=Li-ion, POWER_SUPPLY_FCC_STEPPER_ENABLE=0, SEQNUM=620670, POWER_SUPPLY_INPUT_CURRENT_LIMITED=0, POWER_SUPPLY_CHARGE_CONTROL_LIMIT=0, POWER_SUPPLY_BATTERY_CHARGING_ENABLED=1, POWER_SUPPLY_STATUS=Discharging, POWER_SUPPLY_CYCLE_COUNT=6, POWER_SUPPLY_CURRENT_MAX=2000000, POWER_SUPPLY_CHARGE_TERM_CURRENT=-101, POWER_SUPPLY_CAPACITY=63, DEVPATH=/devices/platform/soc/200f000.qcom,spmi/spmi-0/spmi0-02/200f000.qcom,spmi:qcom,pmi632@2:qcom,qpnp-smb5/power_supply/battery, POWER_SUPPLY_CHARGE_DONE=0, POWER_SUPPLY_CHARGE_TYPE=N/A, POWER_SUPPLY_CHARGE_RATE=None, POWER_SUPPLY_CURRENT_NOW=-230407, POWER_SUPPLY_SYSTEM_TEMP_LEVEL=0, POWER_SUPPLY_PRESENT=1, POWER_SUPPLY_PARALLEL_DISABLE=0, POWER_SUPPLY_CHARGE_FULL=3505000, SUBSYSTEM=power_supply, POWER_SUPPLY_SET_SHIP_MODE=0, POWER_SUPPLY_TEMP=247, ACTION=change, POWER_SUPPLY_RERUN_AICL=0, POWER_SUPPLY_AGE=97, POWER_SUPPLY_NAME=battery, POWER_SUPPLY_VOLTAGE_MAX=-22, POWER_SUPPLY_CONSTANT_CHARGE_CURRENT_MAX=2000000, POWER_SUPPLY_CHARGE_COUNTER=2208150, POWER_SUPPLY_STEP_CHARGING_ENABLED=0, POWER_SUPPLY_NUM_SYSTEM_TEMP_LEVELS=8, POWER_SUPPLY_DIE_HEALTH=Hot, POWER_SUPPLY_INPUT_SUSPEND=0}
04-22 10:39:06.130  2498  2498 D QtiCarrierConfigHelper: WARNING, no carrier configs on phone Id: 0
04-22 10:39:06.180  5577  5577 I wpa_supplicant: TDLS: Failed to send message (action_code=14)
04-22 10:39:06.272  2086  2231 D connectedcrossroad: Data collect: SEND
04-22 10:39:06.276  2086  2231 D connectedcrossroad: Data collect: SEND
04-22 10:39:07.804  2086  2267 V connectedcrossroad: Data collect: HELO
04-22 10:39:07.804  2086  2267 V data    : Payload RX: 30
04-22 10:39:07.804  2086  2267 V data    : Payload TX: 60
04-22 10:39:07.805  2086  2267 V data    : Total RX: 38596
04-22 10:39:07.805  2086  2267 V data    : Total TX: 38596
04-22 10:39:08.098  2086  2267 V connectedcrossroad: Data collect: HELO
04-22 10:39:08.098  2086  2267 V data    : Payload RX: 30
04-22 10:39:08.098  2086  2267 V data    : Payload TX: 60
04-22 10:39:08.099  2086  2267 V data    : Total RX: 39208
04-22 10:39:08.099  2086  2267 V data    : Total TX: 38596
04-22 10:39:08.281  2086  2231 D connectedcrossroad: Data collect: SEND
04-22 10:39:08.283  2086  2231 D connectedcrossroad: Data collect: SEND
04-22 10:39:08.374  5577  5577 I wpa_supplicant: TDLS: Failed to send message (action_code=14)
04-22 10:39:09.224  2290  2348 I chatty  : uid=1002(bluetooth) BT Service Call expire 29 lines
04-22 10:39:09.731  2086  2267 V connectedcrossroad: Data collect: HELO
04-22 10:39:09.732  2086  2267 V data    : Payload RX: 30
04-22 10:39:09.732  2086  2267 V data    : Payload TX: 60
04-22 10:39:09.732  2086  2267 V data    : Total RX: 39820
04-22 10:39:09.732  2086  2267 V data    : Total TX: 39820
04-22 10:39:10.010  2086  2267 V connectedcrossroad: Data collect: HELO
04-22 10:39:10.011  2086  2267 V data    : Payload RX: 30
04-22 10:39:10.011  2086  2267 V data    : Payload TX: 60
04-22 10:39:10.011  2086  2267 V data    : Total RX: 40432
04-22 10:39:10.011  2086  2267 V data    : Total TX: 39820
04-22 10:39:10.287  2086  2231 D connectedcrossroad: Data collect: SEND
04-22 10:39:10.291  2086  2231 D connectedcrossroad: Data collect: SEND
04-22 10:39:10.614   827  5608 E WifiHAL : Received LOG message with insufficent length: 24
04-22 10:39:10.615   827  5608 E WifiHAL : Received fatal event, sending alert
04-22 10:39:10.615  1743  8718 W WifiVendorHal: onDebugErrorAlert 4104
04-22 10:39:10.912  1743  1756 I system_server: Background concurrent copying GC freed 79102(6031KB) AllocSpace objects, 21(18MB) LOS objects, 42% free, 21MB/37MB, paused 139us total 186.344ms
04-22 10:39:11.168   469   469 W ueventd : type=1400 audit(0.0:2432): avc: denied { kill } for uid=0 capability=5 scontext=u:r:ueventd:s0 tcontext=u:r:ueventd:s0 tclass=capability permissive=0
04-22 10:39:11.761  2086  2267 V connectedcrossroad: Data collect: HELO
04-22 10:39:11.761  2086  2267 V data    : Payload RX: 30
04-22 10:39:11.762  2086  2267 V data    : Payload TX: 60
04-22 10:39:11.762  2086  2267 V data    : Total RX: 41044
04-22 10:39:11.762  2086  2267 V data    : Total TX: 41044
04-22 10:39:12.066  2086  2267 V connectedcrossroad: Data collect: HELO
04-22 10:39:12.067  2086  2267 V data    : Payload RX: 30
04-22 10:39:12.067  2086  2267 V data    : Payload TX: 60
04-22 10:39:12.067  2086  2267 V data    : Total RX: 41656
04-22 10:39:12.067  2086  2267 V data    : Total TX: 41044
04-22 10:39:12.299  2086  2231 D connectedcrossroad: Data collect: SEND
04-22 10:39:12.303  2086  2231 D connectedcrossroad: Data collect: SEND
04-22 10:39:12.659  5577  5577 I wpa_supplicant: TDLS: Failed to send message (action_code=14)
04-22 10:39:13.853  2086  2267 V connectedcrossroad: Data collect: HELO
04-22 10:39:13.853  2086  2267 V data    : Payload RX: 30
04-22 10:39:13.853  2086  2267 V data    : Payload TX: 60
04-22 10:39:13.853  2086  2267 V data    : Total RX: 42268
04-22 10:39:13.853  2086  2267 V data    : Total TX: 42268
04-22 10:39:14.146  2086  2267 V connectedcrossroad: Data collect: HELO
04-22 10:39:14.146  2086  2267 V data    : Payload RX: 30
04-22 10:39:14.146  2086  2267 V data    : Payload TX: 60
04-22 10:39:14.147  2086  2267 V data    : Total RX: 42880
04-22 10:39:14.147  2086  2267 V data    : Total TX: 42268
04-22 10:39:14.309  2086  2231 D connectedcrossroad: Data collect: SEND
04-22 10:39:14.312  2086  2231 D connectedcrossroad: Data collect: SEND
04-22 10:39:14.319 22073  2459 I chatty  : uid=10156 com.google.android.gms.persistent expire 30 lines
04-22 10:39:14.323 22073  2610 I chatty  : uid=10156 com.google.android.gms.persistent expire 30 lines
04-22 10:39:14.331 22073  2334 I chatty  : uid=10156(com.google.android.gms) highpool[259] expire 40 lines
04-22 10:39:14.715  5577  5577 I wpa_supplicant: TDLS: Failed to send message (action_code=14)
04-22 10:39:15.896  2086  2267 V connectedcrossroad: Data collect: HELO
04-22 10:39:15.897  2086  2267 V data    : Payload RX: 30
04-22 10:39:15.897  2086  2267 V data    : Payload TX: 60
04-22 10:39:15.897  2086  2267 V data    : Total RX: 43492
04-22 10:39:15.897  2086  2267 V data    : Total TX: 43492
04-22 10:39:16.042  2086  2267 V connectedcrossroad: Data collect: HELO
04-22 10:39:16.043  2086  2267 V data    : Payload RX: 30
04-22 10:39:16.043  2086  2267 V data    : Payload TX: 60
04-22 10:39:16.044  2086  2267 V data    : Total RX: 44104
04-22 10:39:16.044  2086  2267 V data    : Total TX: 43492
04-22 10:39:16.318  2086  2231 D connectedcrossroad: Data collect: SEND
04-22 10:39:16.319  2086  2231 D connectedcrossroad: Data collect: SEND
04-22 10:39:16.908  5577  5577 I wpa_supplicant: TDLS: Failed to send message (action_code=14)
04-22 10:39:17.800  2086  2267 V connectedcrossroad: Data collect: HELO
04-22 10:39:17.801  2086  2267 V data    : Payload RX: 30
04-22 10:39:17.801  2086  2267 V data    : Payload TX: 60
04-22 10:39:17.801  2086  2267 V data    : Total RX: 44716
04-22 10:39:17.801  2086  2267 V data    : Total TX: 44716
04-22 10:39:18.091  2086  2267 V connectedcrossroad: Data collect: HELO
04-22 10:39:18.092  2086  2267 V data    : Payload RX: 30
04-22 10:39:18.092  2086  2267 V data    : Payload TX: 60
04-22 10:39:18.092  2086  2267 V data    : Total RX: 45328
04-22 10:39:18.092  2086  2267 V data    : Total TX: 44716
04-22 10:39:18.324  2086  2231 D connectedcrossroad: Data collect: SEND
04-22 10:39:18.327  2086  2231 D connectedcrossroad: Data collect: SEND
04-22 10:39:18.954  5577  5577 I wpa_supplicant: TDLS: Failed to send message (action_code=14)
04-22 10:39:19.879  2086  2267 V connectedcrossroad: Data collect: HELO
04-22 10:39:19.880  2086  2267 V data    : Payload RX: 30
04-22 10:39:19.880  2086  2267 V data    : Payload TX: 60
04-22 10:39:19.880  2086  2267 V data    : Total RX: 45940
04-22 10:39:19.880  2086  2267 V data    : Total TX: 45940
04-22 10:39:20.024  2086  2267 V connectedcrossroad: Data collect: HELO
04-22 10:39:20.024  2086  2267 V data    : Payload RX: 30
04-22 10:39:20.024  2086  2267 V data    : Payload TX: 60
04-22 10:39:20.024  2086  2267 V data    : Total RX: 46552
04-22 10:39:20.024  2086  2267 V data    : Total TX: 45940
04-22 10:39:20.332  2086  2231 D connectedcrossroad: Data collect: SEND
04-22 10:39:20.335  2086  2231 D connectedcrossroad: Data collect: SEND
04-22 10:39:20.998   827  5608 E WifiHAL : Received LOG message with insufficent length: 24
04-22 10:39:20.999   827  5608 E WifiHAL : Received fatal event, sending alert
04-22 10:39:21.000  1743  8718 W WifiVendorHal: onDebugErrorAlert 4104
04-22 10:39:21.171     0     0 W swapper/0: type=1400 audit(0.0:2433): avc: denied { kill } for uid=0 capability=5 scontext=u:r:kernel:s0 tcontext=u:r:kernel:s0 tclass=capability permissive=0
04-22 10:39:21.203  5577  5577 I wpa_supplicant: TDLS: Failed to send message (action_code=14)
04-22 10:39:21.797  2086  2267 V connectedcrossroad: Data collect: HELO
04-22 10:39:21.798  2086  2267 V data    : Payload RX: 30
04-22 10:39:21.798  2086  2267 V data    : Payload TX: 60
04-22 10:39:21.798  2086  2267 V data    : Total RX: 47164
04-22 10:39:21.798  2086  2267 V data    : Total TX: 47164
04-22 10:39:22.089  2086  2267 V connectedcrossroad: Data collect: HELO
04-22 10:39:22.090  2086  2267 V data    : Payload RX: 30
04-22 10:39:22.090  2086  2267 V data    : Payload TX: 60
04-22 10:39:22.090  2086  2267 V data    : Total RX: 47776
04-22 10:39:22.090  2086  2267 V data    : Total TX: 47164
04-22 10:39:22.341  2086  2231 D connectedcrossroad: Data collect: SEND
04-22 10:39:22.345  2086  2231 D connectedcrossroad: Data collect: SEND
04-22 10:39:23.399  1743 11433 D WificondControl: Scan result ready event
04-22 10:39:23.540  5577  5577 I wpa_supplicant: TDLS: Failed to send message (action_code=14)
04-22 10:39:23.842  2086  2267 V connectedcrossroad: Data collect: HELO
04-22 10:39:23.842  2086  2267 V data    : Payload RX: 30
04-22 10:39:23.842  2086  2267 V data    : Payload TX: 60
04-22 10:39:23.842  2086  2267 V data    : Total RX: 48388
04-22 10:39:23.842  2086  2267 V data    : Total TX: 48388
04-22 10:39:24.134  2086  2267 V connectedcrossroad: Data collect: HELO
04-22 10:39:24.134  2086  2267 V data    : Payload RX: 30
04-22 10:39:24.134  2086  2267 V data    : Payload TX: 60
04-22 10:39:24.134  2086  2267 V data    : Total RX: 49000
04-22 10:39:24.135  2086  2267 V data    : Total TX: 48388
04-22 10:39:24.350  2086  2231 D connectedcrossroad: Data collect: SEND
04-22 10:39:24.354  2086  2231 D connectedcrossroad: Data collect: SEND
04-22 10:39:25.893  2086  2267 V connectedcrossroad: Data collect: HELO
04-22 10:39:25.894  2086  2267 V data    : Payload RX: 30
04-22 10:39:25.894  2086  2267 V data    : Payload TX: 60
04-22 10:39:25.894  2086  2267 V data    : Total RX: 49612
04-22 10:39:25.894  2086  2267 V data    : Total TX: 49612
04-22 10:39:26.035  2086  2267 V connectedcrossroad: Data collect: HELO
04-22 10:39:26.035  2086  2267 V data    : Payload RX: 30
04-22 10:39:26.035  2086  2267 V data    : Payload TX: 60
04-22 10:39:26.035  2086  2267 V data    : Total RX: 50224
04-22 10:39:26.035  2086  2267 V data    : Total TX: 49612
04-22 10:39:26.360  2086  2231 D connectedcrossroad: Data collect: SEND
04-22 10:39:26.363  2086  2231 D connectedcrossroad: Data collect: SEND
04-22 10:39:27.486  5577  5577 I wpa_supplicant: TDLS: Failed to send message (action_code=14)
04-22 10:39:27.940  2086  2267 V connectedcrossroad: Data collect: HELO
04-22 10:39:27.940  2086  2267 V data    : Payload RX: 30
04-22 10:39:27.940  2086  2267 V data    : Payload TX: 60
04-22 10:39:27.940  2086  2267 V data    : Total RX: 50836
04-22 10:39:27.940  2086  2267 V data    : Total TX: 50836
04-22 10:39:28.078  2086  2267 V connectedcrossroad: Data collect: HELO
04-22 10:39:28.078  2086  2267 V data    : Payload RX: 30
04-22 10:39:28.078  2086  2267 V data    : Payload TX: 60
04-22 10:39:28.078  2086  2267 V data    : Total RX: 51448
04-22 10:39:28.078  2086  2267 V data    : Total TX: 50836
04-22 10:39:28.370  2086  2231 D connectedcrossroad: Data collect: SEND
04-22 10:39:28.373  2086  2231 D connectedcrossroad: Data collect: SEND
04-22 10:39:28.377 22073  2334 I chatty  : uid=10156(com.google.android.gms) highpool[259] expire 35 lines
04-22 10:39:28.386 22073  2459 I chatty  : uid=10156 com.google.android.gms.persistent expire 44 lines
04-22 10:39:28.387 22073  2610 I chatty  : uid=10156 com.google.android.gms.persistent expire 41 lines
04-22 10:39:29.840  2086  2267 V connectedcrossroad: Data collect: HELO
04-22 10:39:29.840  2086  2267 V data    : Payload RX: 30
04-22 10:39:29.840  2086  2267 V data    : Payload TX: 60
04-22 10:39:29.841  2086  2267 V data    : Total RX: 52060
04-22 10:39:29.841  2086  2267 V data    : Total TX: 52060
04-22 10:39:30.134  2086  2267 V connectedcrossroad: Data collect: HELO
04-22 10:39:30.134  2086  2267 V data    : Payload RX: 30
04-22 10:39:30.135  2086  2267 V data    : Payload TX: 60
04-22 10:39:30.135  2086  2267 V data    : Total RX: 52672
04-22 10:39:30.135  2086  2267 V data    : Total TX: 52060
04-22 10:39:30.377  2086  2231 D connectedcrossroad: Data collect: SEND
04-22 10:39:30.380  2086  2231 D connectedcrossroad: Data collect: SEND
04-22 10:39:31.175     0     0 W swapper/1: type=1400 audit(0.0:2434): avc: denied { kill } for uid=0 capability=5 scontext=u:r:kernel:s0 tcontext=u:r:kernel:s0 tclass=capability permissive=0
04-22 10:39:31.377   827  5608 E WifiHAL : Received LOG message with insufficent length: 24
04-22 10:39:31.377   827  5608 E WifiHAL : Received fatal event, sending alert
04-22 10:39:31.378  1743  2160 W WifiVendorHal: onDebugErrorAlert 4104
04-22 10:39:31.881  5577  5577 I wpa_supplicant: TDLS: Failed to send message (action_code=14)
04-22 10:39:31.893  2086  2267 V connectedcrossroad: Data collect: HELO
04-22 10:39:31.893  2086  2267 V data    : Payload RX: 30
04-22 10:39:31.893  2086  2267 V data    : Payload TX: 60
04-22 10:39:31.894  2086  2267 V data    : Total RX: 53284
04-22 10:39:31.894  2086  2267 V data    : Total TX: 53284
04-22 10:39:32.036  2086  2267 V connectedcrossroad: Data collect: HELO
04-22 10:39:32.036  2086  2267 V data    : Payload RX: 30
04-22 10:39:32.037  2086  2267 V data    : Payload TX: 60
04-22 10:39:32.037  2086  2267 V data    : Total RX: 53896
04-22 10:39:32.037  2086  2267 V data    : Total TX: 53284
04-22 10:39:32.385  2086  2231 D connectedcrossroad: Data collect: SEND
04-22 10:39:32.388  2086  2231 D connectedcrossroad: Data collect: SEND
04-22 10:39:33.486 22073  2441 I chatty  : uid=10156 com.google.android.gms.persistent expire 10 lines
04-22 10:39:33.929  5577  5577 I wpa_supplicant: TDLS: Failed to send message (action_code=14)
04-22 10:39:33.943  2086  2267 V connectedcrossroad: Data collect: HELO
04-22 10:39:33.943  2086  2267 V data    : Payload RX: 30
04-22 10:39:33.943  2086  2267 V data    : Payload TX: 60
04-22 10:39:33.943  2086  2267 V data    : Total RX: 54508
04-22 10:39:33.943  2086  2267 V data    : Total TX: 54508
04-22 10:39:34.091  2086  2267 V connectedcrossroad: Data collect: HELO
04-22 10:39:34.091  2086  2267 V data    : Payload RX: 30
04-22 10:39:34.091  2086  2267 V data    : Payload TX: 60
04-22 10:39:34.091  2086  2267 V data    : Total RX: 55120
04-22 10:39:34.091  2086  2267 V data    : Total TX: 54508
04-22 10:39:34.392  2086  2231 D connectedcrossroad: Data collect: SEND
04-22 10:39:34.395  2086  2231 D connectedcrossroad: Data collect: SEND
04-22 10:39:35.882  2086  2267 V connectedcrossroad: Data collect: HELO
04-22 10:39:35.882  2086  2267 V data    : Payload RX: 30
04-22 10:39:35.882  2086  2267 V data    : Payload TX: 60
04-22 10:39:35.882  2086  2267 V data    : Total RX: 55732
04-22 10:39:35.882  2086  2267 V data    : Total TX: 55732
04-22 10:39:36.018  5577  5577 I wpa_supplicant: TDLS: Failed to send message (action_code=14)
04-22 10:39:36.041  2086  2267 V connectedcrossroad: Data collect: HELO
04-22 10:39:36.042  2086  2267 V data    : Payload RX: 30
04-22 10:39:36.042  2086  2267 V data    : Payload TX: 60
04-22 10:39:36.042  2086  2267 V data    : Total RX: 56344
04-22 10:39:36.042  2086  2267 V data    : Total TX: 55732
04-22 10:39:36.399  2086  2231 D connectedcrossroad: Data collect: SEND
04-22 10:39:36.401  2086  2231 D connectedcrossroad: Data collect: SEND
04-22 10:39:37.484 22073  2428 I chatty  : uid=10156 com.google.android.gms.persistent expire 10 lines
04-22 10:39:37.938  2086  2267 V connectedcrossroad: Data collect: HELO
04-22 10:39:37.939  2086  2267 V data    : Payload RX: 30
04-22 10:39:37.939  2086  2267 V data    : Payload TX: 60
04-22 10:39:37.939  2086  2267 V data    : Total RX: 56956
04-22 10:39:37.939  2086  2267 V data    : Total TX: 56956
04-22 10:39:38.073  2086  2267 V connectedcrossroad: Data collect: HELO
04-22 10:39:38.073  2086  2267 V data    : Payload RX: 30
04-22 10:39:38.074  2086  2267 V data    : Payload TX: 60
04-22 10:39:38.074  2086  2267 V data    : Total RX: 57568
04-22 10:39:38.074  2086  2267 V data    : Total TX: 56956
04-22 10:39:38.211  5577  5577 I wpa_supplicant: TDLS: Failed to send message (action_code=14)
04-22 10:39:38.403  2086  2231 D connectedcrossroad: Data collect: SEND
04-22 10:39:38.407  2086  2231 D connectedcrossroad: Data collect: SEND
04-22 10:39:39.893  9072  2780 I chatty  : uid=10156 com.google.android.gms.unstable expire 2 lines
04-22 10:39:39.993  2086  2267 V connectedcrossroad: Data collect: HELO
04-22 10:39:39.994  2086  2267 V data    : Payload RX: 30
04-22 10:39:39.994  2086  2267 V data    : Payload TX: 60
04-22 10:39:39.994  2086  2267 V data    : Total RX: 58180
04-22 10:39:39.994  2086  2267 V data    : Total TX: 58180
04-22 10:39:40.118  2086  2267 V connectedcrossroad: Data collect: HELO
04-22 10:39:40.119  2086  2267 V data    : Payload RX: 30
04-22 10:39:40.119  2086  2267 V data    : Payload TX: 60
04-22 10:39:40.119  2086  2267 V data    : Total RX: 58792
04-22 10:39:40.119  2086  2267 V data    : Total TX: 58180
04-22 10:39:40.409  5577  5577 I wpa_supplicant: TDLS: Failed to send message (action_code=14)
04-22 10:39:40.411  2086  2231 D connectedcrossroad: Data collect: SEND
04-22 10:39:40.415  2086  2231 D connectedcrossroad: Data collect: SEND
04-22 10:39:41.178     0     0 W swapper/0: type=1400 audit(0.0:2435): avc: denied { kill } for uid=0 capability=5 scontext=u:r:kernel:s0 tcontext=u:r:kernel:s0 tclass=capability permissive=0
04-22 10:39:41.881  2086  2267 V connectedcrossroad: Data collect: HELO
04-22 10:39:41.881  2086  2267 V data    : Payload RX: 30
04-22 10:39:41.881  2086  2267 V data    : Payload TX: 60
04-22 10:39:41.881  2086  2267 V data    : Total RX: 59404
04-22 10:39:41.881  2086  2267 V data    : Total TX: 59404
04-22 10:39:42.167  2086  2267 V connectedcrossroad: Data collect: HELO
04-22 10:39:42.168  2086  2267 V data    : Payload RX: 30
04-22 10:39:42.168  2086  2267 V data    : Payload TX: 60
04-22 10:39:42.168  2086  2267 V data    : Total RX: 60016
04-22 10:39:42.169  2086  2267 V data    : Total TX: 59404
04-22 10:39:42.420  2086  2231 D connectedcrossroad: Data collect: SEND
04-22 10:39:42.424  2086  2231 D connectedcrossroad: Data collect: SEND
04-22 10:39:42.454  5577  5577 I wpa_supplicant: TDLS: Failed to send message (action_code=14)
04-22 10:39:43.930  2086  2267 V connectedcrossroad: Data collect: HELO
04-22 10:39:43.930  2086  2267 V data    : Payload RX: 30
04-22 10:39:43.930  2086  2267 V data    : Payload TX: 60
04-22 10:39:43.930  2086  2267 V data    : Total RX: 60628
04-22 10:39:43.930  2086  2267 V data    : Total TX: 60628
04-22 10:39:44.072  2086  2267 V connectedcrossroad: Data collect: HELO
04-22 10:39:44.072  2086  2267 V data    : Payload RX: 30
04-22 10:39:44.072  2086  2267 V data    : Payload TX: 60
04-22 10:39:44.072  2086  2267 V data    : Total RX: 61240
04-22 10:39:44.072  2086  2267 V data    : Total TX: 60628
04-22 10:39:44.105   827  5608 E WifiHAL : Received LOG message with insufficent length: 24
04-22 10:39:44.105   827  5608 E WifiHAL : Received fatal event, sending alert
04-22 10:39:44.106  1743  1783 W WifiVendorHal: onDebugErrorAlert 4104
04-22 10:39:44.429  2086  2231 D connectedcrossroad: Data collect: SEND
04-22 10:39:44.433  2086  2231 D connectedcrossroad: Data collect: SEND
04-22 10:39:44.442 22073  2334 I chatty  : uid=10156(com.google.android.gms) highpool[259] expire 50 lines
04-22 10:39:44.644  5577  5577 I wpa_supplicant: TDLS: Failed to send message (action_code=14)
04-22 10:39:45.829  2086  2267 V connectedcrossroad: Data collect: HELO
04-22 10:39:45.830  2086  2267 V data    : Payload RX: 30
04-22 10:39:45.830  2086  2267 V data    : Payload TX: 60
04-22 10:39:45.830  2086  2267 V data    : Total RX: 61852
04-22 10:39:45.830  2086  2267 V data    : Total TX: 61852
04-22 10:39:46.117  2086  2267 V connectedcrossroad: Data collect: HELO
04-22 10:39:46.117  2086  2267 V data    : Payload RX: 30
04-22 10:39:46.118  2086  2267 V data    : Payload TX: 60
04-22 10:39:46.118  2086  2267 V data    : Total RX: 62464
04-22 10:39:46.118  2086  2267 V data    : Total TX: 61852
04-22 10:39:46.438  2086  2231 D connectedcrossroad: Data collect: SEND
04-22 10:39:46.442  2086  2231 D connectedcrossroad: Data collect: SEND
04-22 10:39:46.447 22073  2610 I chatty  : uid=10156 com.google.android.gms.persistent expire 49 lines
04-22 10:39:46.451 22073  2459 I chatty  : uid=10156 com.google.android.gms.persistent expire 27 lines
04-22 10:39:46.691  5577  5577 I wpa_supplicant: TDLS: Failed to send message (action_code=14)
04-22 10:39:47.876  2086  2267 V connectedcrossroad: Data collect: HELO
04-22 10:39:47.877  2086  2267 V data    : Payload RX: 30
04-22 10:39:47.877  2086  2267 V data    : Payload TX: 60
04-22 10:39:47.877  2086  2267 V data    : Total RX: 63076
04-22 10:39:47.877  2086  2267 V data    : Total TX: 63076
04-22 10:39:48.163  2086  2267 V connectedcrossroad: Data collect: HELO
04-22 10:39:48.163  2086  2267 V data    : Payload RX: 30
04-22 10:39:48.163  2086  2267 V data    : Payload TX: 60
04-22 10:39:48.163  2086  2267 V data    : Total RX: 63688
04-22 10:39:48.164  2086  2267 V data    : Total TX: 63076
04-22 10:39:48.447  2086  2231 D connectedcrossroad: Data collect: SEND
04-22 10:39:48.451  2086  2231 D connectedcrossroad: Data collect: SEND
04-22 10:39:48.888  5577  5577 I wpa_supplicant: TDLS: Failed to send message (action_code=14)
04-22 10:39:50.072  2086  2267 V connectedcrossroad: Data collect: HELO
04-22 10:39:50.072  2086  2267 V data    : Payload RX: 30
04-22 10:39:50.072  2086  2267 V data    : Payload TX: 60
04-22 10:39:50.072  2086  2267 V data    : Total RX: 64912
04-22 10:39:50.072  2086  2267 V data    : Total TX: 64300
04-22 10:39:50.075  2086  2267 V connectedcrossroad: Data collect: HELO
04-22 10:39:50.076  2086  2267 V data    : Payload RX: 30
04-22 10:39:50.076  2086  2267 V data    : Payload TX: 60
04-22 10:39:50.076  2086  2267 V data    : Total RX: 64912
04-22 10:39:50.076  2086  2267 V data    : Total TX: 64300
04-22 10:39:50.456  2086  2231 D connectedcrossroad: Data collect: SEND
04-22 10:39:50.459  2086  2231 D connectedcrossroad: Data collect: SEND
04-22 10:39:51.178     0     0 W swapper/1: type=1400 audit(0.0:2436): avc: denied { kill } for uid=0 capability=5 scontext=u:r:kernel:s0 tcontext=u:r:kernel:s0 tclass=capability permissive=0
04-22 10:39:51.997  2290  2575 I chatty  : uid=1002(bluetooth) BluetoothScanMa expire 20 lines
04-22 10:39:52.008  2290  2603 I chatty  : uid=1002(bluetooth) btu message loo expire 61 lines
04-22 10:39:52.025  2086  2267 V connectedcrossroad: Data collect: HELO
04-22 10:39:52.025  2086  2267 V data    : Payload RX: 30
04-22 10:39:52.025  2086  2267 V data    : Payload TX: 60
04-22 10:39:52.025  2086  2267 V data    : Total RX: 65524
04-22 10:39:52.025  2086  2267 V data    : Total TX: 65524
04-22 10:39:52.464  2086  2231 D connectedcrossroad: Data collect: SEND
04-22 10:39:52.467  2086  2231 D connectedcrossroad: Data collect: SEND
04-22 10:39:52.667  2086  2267 V connectedcrossroad: Data collect: HELO
04-22 10:39:52.667  2086  2267 V data    : Payload RX: 30
04-22 10:39:52.667  2086  2267 V data    : Payload TX: 60
04-22 10:39:52.667  2086  2267 V data    : Total RX: 66136
04-22 10:39:52.668  2086  2267 V data    : Total TX: 66748
04-22 10:39:53.087  5577  5577 I wpa_supplicant: TDLS: Failed to send message (action_code=14)
04-22 10:39:53.833  2290  2348 I chatty  : uid=1002(bluetooth) BT Service Call expire 56 lines
04-22 10:39:54.383  2086  2267 V connectedcrossroad: Data collect: HELO
04-22 10:39:54.383  2086  2267 V data    : Payload RX: 30
04-22 10:39:54.383  2086  2267 V data    : Payload TX: 60
04-22 10:39:54.383  2086  2267 V data    : Total RX: 66748
04-22 10:39:54.383  2086  2267 V data    : Total TX: 66748
04-22 10:39:54.391  2086  2267 V connectedcrossroad: Data collect: HELO
04-22 10:39:54.392  2086  2267 V data    : Payload RX: 30
04-22 10:39:54.392  2086  2267 V data    : Payload TX: 60
04-22 10:39:54.392  2086  2267 V data    : Total RX: 67360
04-22 10:39:54.392  2086  2267 V data    : Total TX: 66748
04-22 10:39:54.471  2086  2231 D connectedcrossroad: Data collect: SEND
04-22 10:39:54.474  2086  2231 D connectedcrossroad: Data collect: SEND
04-22 10:39:55.214  2290  2814 I chatty  : uid=1002(bluetooth) com.android.bluetooth expire 2 lines
04-22 10:39:55.873  2086  2267 V connectedcrossroad: Data collect: HELO
04-22 10:39:55.873  2086  2267 V data    : Payload RX: 30
04-22 10:39:55.873  2086  2267 V data    : Payload TX: 60
04-22 10:39:55.873  2086  2267 V data    : Total RX: 67972
04-22 10:39:55.874  2086  2267 V data    : Total TX: 67972
04-22 10:39:56.166  2086  2267 V connectedcrossroad: Data collect: HELO
04-22 10:39:56.167  2086  2267 V data    : Payload RX: 30
04-22 10:39:56.167  2086  2267 V data    : Payload TX: 60
04-22 10:39:56.167  2086  2267 V data    : Total RX: 68584
04-22 10:39:56.167  2086  2267 V data    : Total TX: 67972
04-22 10:39:56.479  2086  2231 D connectedcrossroad: Data collect: SEND
04-22 10:39:56.482  2086  2231 D connectedcrossroad: Data collect: SEND
04-22 10:39:57.473  5577  5577 I wpa_supplicant: TDLS: Failed to send message (action_code=14)
04-22 10:39:58.069  2086  2267 V connectedcrossroad: Data collect: HELO
04-22 10:39:58.069  2086  2267 V data    : Payload RX: 30
04-22 10:39:58.069  2086  2267 V data    : Payload TX: 60
04-22 10:39:58.069  2086  2267 V data    : Total RX: 69808
04-22 10:39:58.069  2086  2267 V data    : Total TX: 69196
04-22 10:39:58.071  2086  2267 V connectedcrossroad: Data collect: HELO
04-22 10:39:58.071  2086  2267 V data    : Payload RX: 30
04-22 10:39:58.071  2086  2267 V data    : Payload TX: 60
04-22 10:39:58.071  2086  2267 V data    : Total RX: 69808
04-22 10:39:58.071  2086  2267 V data    : Total TX: 69196
04-22 10:39:58.487  2086  2231 D connectedcrossroad: Data collect: SEND
04-22 10:39:58.490  2086  2231 D connectedcrossroad: Data collect: SEND
04-22 10:39:59.422   827  5608 E WifiHAL : Received LOG message with insufficent length: 24
04-22 10:39:59.422   827  5608 E WifiHAL : Received fatal event, sending alert
04-22 10:39:59.423  1743  8718 W WifiVendorHal: onDebugErrorAlert 4104
04-22 10:39:59.517  5577  5577 I wpa_supplicant: TDLS: Failed to send message (action_code=14)
04-22 10:39:59.680  1743  1756 I system_server: Background concurrent copying GC freed 61759(4912KB) AllocSpace objects, 16(15MB) LOS objects, 42% free, 20MB/35MB, paused 138us total 173.357ms
04-22 10:39:59.968  2086  2267 V connectedcrossroad: Data collect: HELO
04-22 10:39:59.969  2086  2267 V data    : Payload RX: 30
04-22 10:39:59.969  2086  2267 V data    : Payload TX: 60
04-22 10:39:59.969  2086  2267 V data    : Total RX: 70420
04-22 10:39:59.969  2086  2267 V data    : Total TX: 70420
04-22 10:40:00.033  2308  2308 W View    : requestLayout() improperly called by com.android.systemui.statusbar.HeadsUpStatusBarView{53e8307 I.E...... ......ID 0,0-248,56 #7f0a01f7 app:id/heads_up_status_bar_view} during layout: running second layout pass
04-22 10:40:00.112  2086  2267 V connectedcrossroad: Data collect: HELO
04-22 10:40:00.113  2086  2267 V data    : Payload RX: 30
04-22 10:40:00.113  2086  2267 V data    : Payload TX: 60
04-22 10:40:00.113  2086  2267 V data    : Total RX: 71032
04-22 10:40:00.113  2086  2267 V data    : Total TX: 70420
04-22 10:40:00.495  2086  2231 D connectedcrossroad: Data collect: SEND
04-22 10:40:00.498  2086  2231 D connectedcrossroad: Data collect: SEND
04-22 10:40:00.503 22073  2610 I chatty  : uid=10156 com.google.android.gms.persistent expire 43 lines
04-22 10:40:00.512 22073  2334 I chatty  : uid=10156(com.google.android.gms) highpool[259] expire 41 lines
04-22 10:40:01.178     0     0 W swapper/0: type=1400 audit(0.0:2437): avc: denied { kill } for uid=0 capability=5 scontext=u:r:kernel:s0 tcontext=u:r:kernel:s0 tclass=capability permissive=0
