04-22 09:44:11.644  1743  2059 D BatteryService: uevent={POWER_SUPPLY_DP_DM=0, POWER_SUPPLY_VOLTAGE_NOW=4014193, POWER_SUPPLY_SW_JEITA_ENABLED=0, POWER_SUPPLY_CHARGE_CONTROL_LIMIT_MAX=8, POWER_SUPPLY_RECHARGE_SOC=99, POWER_SUPPLY_HEALTH=Good, POWER_SUPPLY_TECHNOLOGY=Li-ion, POWER_SUPPLY_FCC_STEPPER_ENABLE=0, SEQNUM=613644, POWER_SUPPLY_INPUT_CURRENT_LIMITED=0, POWER_SUPPLY_CHARGE_CONTROL_LIMIT=0, POWER_SUPPLY_BATTERY_CHARGING_ENABLED=1, POWER_SUPPLY_STATUS=Discharging, POWER_SUPPLY_CYCLE_COUNT=6, POWER_SUPPLY_CURRENT_MAX=2000000, POWER_SUPPLY_CHARGE_TERM_CURRENT=-101, POWER_SUPPLY_CAPACITY=69, DEVPATH=/devices/platform/soc/200f000.qcom,spmi/spmi-0/spmi0-02/200f000.qcom,spmi:qcom,pmi632@2:qcom,qpnp-smb5/power_supply/battery, POWER_SUPPLY_CHARGE_DONE=0, POWER_SUPPLY_CHARGE_TYPE=N/A, POWER_SUPPLY_CHARGE_RATE=None, POWER_SUPPLY_CURRENT_NOW=-18005, POWER_SUPPLY_SYSTEM_TEMP_LEVEL=0, POWER_SUPPLY_PRESENT=1, POWER_SUPPLY_PARALLEL_DISABLE=0, POWER_SUPPLY_CHARGE_FULL=3505000, SUBSYSTEM=power_supply, POWER_SUPPLY_SET_SHIP_MODE=0, POWER_SUPPLY_TEMP=213, ACTION=change, POWER_SUPPLY_RERUN_AICL=0, POWER_SUPPLY_AGE=97, POWER_SUPPLY_NAME=battery, POWER_SUPPLY_VOLTAGE_MAX=-22, POWER_SUPPLY_CONSTANT_CHARGE_CURRENT_MAX=2000000, POWER_SUPPLY_CHARGE_COUNTER=2418450, POWER_SUPPLY_STEP_CHARGING_ENABLED=0, POWER_SUPPLY_NUM_SYSTEM_TEMP_LEVELS=8, POWER_SUPPLY_DIE_HEALTH=Hot, POWER_SUPPLY_INPUT_SUSPEND=0}
04-22 09:44:11.665  2498  2498 D QtiCarrierConfigHelper: WARNING, no carrier configs on phone Id: 0
04-22 09:44:12.269   720   720 I netd    : firewallReplaceUidChain("fw_dozable", "true", [1000,1001,1007,1068,2000,10053,10057,10066,10068,10073,10103,10104,10108,10109,10117,10121,10122,10126,10127,10132,10145,10148,10152,10155,10156,10159,10162,10164,10165,10166,10167,10170]) -> {"true"} <1.93ms>
04-22 09:44:12.271   720   720 I netd    : firewallEnableChildChain(1, "true") <0.07ms>
04-22 09:44:12.275   720   720 I Netd    : Destroyed 7 sockets for UidRanges{ 10000-2147483647 } skip={1000 1001 1007 1068 2000 10053 10057 10066 10068 10073 10103 10104 10108 10109 10117 10121 10122 10126 10127 10132 10145 10148 10152 10155 10156 10159 10162 10164 10165 10166 10167 10170} in 1.7 ms
04-22 09:44:12.276   720   720 I netd    : socketDestroy([1000,1001,1007,1068,2000,10053,10057,10066,10068,10073,10103,10104,10108,10109,10117,10121,10122,10126,10127,10132,10145,10148,10152,10155,10156,10159,10162,10164,10165,10166,10167,10170]) <3.09ms>
04-22 09:44:12.290  1743  2244 D ConnectivityService: Blocked status changed to true for 10181(170) on netId 100
04-22 09:44:12.291  1743  2244 D ConnectivityService: Blocked status changed to true for 10181(171) on netId 100
04-22 09:44:12.292  1743  2244 D ConnectivityService: Blocked status changed to true for 10120(172) on netId 100
04-22 09:44:12.293  1743  2244 D ConnectivityService: Blocked status changed to true for 10120(173) on netId 100
04-22 09:44:12.294  1743  2244 D ConnectivityService: Blocked status changed to true for 10120(174) on netId 100
04-22 09:44:12.298  7126  7483 D OtaApp  : AndroidClientUpgradeService.handleIntent: android.os.action.DEVICE_IDLE_MODE_CHANGED
04-22 09:44:12.300  1743  2244 D ConnectivityService: Blocked status changed to true for 10197(177) on netId 100
04-22 09:44:12.300  7126  7483 D OtaApp  : CusSM.onIntentDeviceIdleModeChanged, deviceIdle : true
04-22 09:44:12.300  1743  1762 I GnssVisibilityControl: Updating non-framework location access proxy apps in the GNSS HAL to: []
04-22 09:44:12.302  1743  2244 D ConnectivityService: Blocked status changed to true for 10197(178) on netId 100
04-22 09:44:12.302  1743  2244 D ConnectivityService: Blocked status changed to true for 10133(175) on netId 100
04-22 09:44:12.303  1743  2244 D ConnectivityService: Blocked status changed to true for 10133(176) on netId 100
04-22 09:44:12.305   815   863 E LocSvc_APIClientBase: onResponseCb:894] ERROR: 5 ID: 21
04-22 09:44:12.305   815   863 D PerMgrLib: GPS unvoting for modem
04-22 09:44:12.305   858   899 D PerMgrSrv: GPS removing vote for modem
04-22 09:44:12.306   858   899 D PerMgrSrv: modem num voters is 4
04-22 09:44:12.310  1743  2244 D ConnectivityService: Blocked status changed to true for 10107(22) on netId 100
04-22 09:44:12.310  1743  2244 D ConnectivityService: Blocked status changed to true for 10107(23) on netId 100
04-22 09:44:13.328  1743  2233 I ActivityManager: Killing 25653:com.google.android.apps.messaging/u0a181 (adj 985): empty #17
04-22 09:44:13.332  1743  2233 I ActivityManager: Killing 12463:com.google.android.setupwizard/u0a129 (adj 995): empty #18
04-22 09:44:13.395  1743  6519 D ConnectivityService: ConnectivityService NetworkRequestInfo binderDied(NetworkRequest [ LISTEN id=150, [ Transports: WIFI Capabilities: NOT_RESTRICTED&TRUSTED&NOT_VPN Uid: 10129] ], android.os.BinderProxy@4decdf9)
04-22 09:44:13.396  1743  7290 D ActivityManager: makeInactive, ProcessRecord{46d3f85 12463:com.google.android.setupwizard/u0a129}, clear holder.state
04-22 09:44:13.398   721   721 I Zygote  : Process 12463 exited due to signal 9 (Killed)
04-22 09:44:13.411  1743  1761 D ConnectivityService: ConnectivityService NetworkRequestInfo binderDied(NetworkRequest [ TRACK_DEFAULT id=170, [ Capabilities: INTERNET&NOT_RESTRICTED&TRUSTED Uid: 10181] ], android.os.BinderProxy@d35c13e)
04-22 09:44:13.411  1743  3398 D ConnectivityService: ConnectivityService NetworkRequestInfo binderDied(NetworkRequest [ LISTEN id=171, [ Capabilities: INTERNET&NOT_RESTRICTED&TRUSTED Uid: 10181] ], android.os.BinderProxy@4b85b9f)
04-22 09:44:13.412  1743  2244 D ConnectivityService: releasing NetworkRequest [ TRACK_DEFAULT id=170, [ Capabilities: INTERNET&NOT_RESTRICTED&TRUSTED Uid: 10181] ] (release request)
04-22 09:44:13.414  1743  1760 D ActivityManager: makeInactive, ProcessRecord{c1fe29 25653:com.google.android.apps.messaging/u0a181}, clear holder.state
04-22 09:44:13.415   721   721 I Zygote  : Process 25653 exited due to signal 9 (Killed)
04-22 09:44:13.421  1743  1774 I libprocessgroup: Successfully killed process cgroup uid 10181 pid 25653 in 89ms
04-22 09:44:13.422  1743  1774 I libprocessgroup: Successfully killed process cgroup uid 10129 pid 12463 in 0ms
04-22 09:44:20.610     0     0 W swapper/0: type=1400 audit(0.0:2137): avc: denied { kill } for uid=0 capability=5 scontext=u:r:kernel:s0 tcontext=u:r:kernel:s0 tclass=capability permissive=0
04-22 09:44:30.610     0     0 I chatty  : uid=1036(auditd) logd identical 1 line
04-22 09:44:40.614     0     0 W swapper/0: type=1400 audit(0.0:2139): avc: denied { kill } for uid=0 capability=5 scontext=u:r:kernel:s0 tcontext=u:r:kernel:s0 tclass=capability permissive=0
04-22 09:44:52.233  1743  2233 I BatteryStatsService: In wakeup_callback: resumed from suspend
04-22 09:45:00.209  1743  1760 I BatteryStatsService: In wakeup_callback: resumed from suspend
04-22 09:45:00.230 26404 26545 I Finsky  : [2953] pjq.run(3): Stats for Executor: BlockingExecutor plw@acc350e[Running, pool size = 2, active threads = 0, queued tasks = 0, completed tasks = 14]
04-22 09:45:00.231 26404 26545 I Finsky  : [2953] pjq.run(3): Stats for Executor: LightweightExecutor plw@7f10b2f[Running, pool size = 4, active threads = 0, queued tasks = 0, completed tasks = 72]
04-22 09:45:12.154 26404 26545 I Finsky  : [2953] pjq.run(3): Stats for Executor: bgExecutor plw@864453c[Running, pool size = 4, active threads = 0, queued tasks = 0, completed tasks = 86]
04-22 09:45:12.191  1743  1760 I BatteryStatsService: In wakeup_callback: resumed from suspend
04-22 09:45:13.043   875   875 I vendor.rmt_storage: rmt_storage_connect_cb: clnt_h=0x17 conn_h=0xb240a030
04-22 09:45:13.043   875   875 I vendor.rmt_storage: rmt_storage_rw_iovec_cb: /boot/modem_fs2: req_h=0x17 msg_id=3: R/W request received (wr_count 15)
04-22 09:45:13.043   875   875 I vendor.rmt_storage: rw_iovec client->path = /boot/modem_fs2
04-22 09:45:13.043   875   875 I vendor.rmt_storage: wakelock acquired: 1, error no: 42
04-22 09:45:13.048   875  1423 I vendor.rmt_storage: rmt_storage_client_thread: /boot/modem_fs2: Unblock worker thread (th_id: -1307069904)
04-22 09:45:13.088  1743  1760 I BatteryStatsService: In wakeup_callback: resumed from suspend
04-22 09:45:13.202   875  1423 I vendor.rmt_storage: rmt_storage_client_thread: /boot/modem_fs2: req_h=0x17 msg_id=3: Bytes written = 1572864, wr_count 15
04-22 09:45:13.202   875  1423 I vendor.rmt_storage: rmt_storage_client_thread: /boot/modem_fs2: req_h=0x17 msg_id=3: Send response: res=0 err=0, wr_count 15
04-22 09:45:13.203   875  1423 I vendor.rmt_storage: rmt_storage_client_thread: /boot/modem_fs2: About to block rmt_storage client thread (th_id: -1307069904) wakelock released: 1, error no: 0
04-22 09:45:13.203   875  1423 I vendor.rmt_storage: 
04-22 09:45:13.207   875   875 I vendor.rmt_storage: rmt_storage_disconnect_cb: clnt_h=0x17 conn_h=0xb240a030
04-22 09:45:13.273  1743  1760 I BatteryStatsService: In wakeup_callback: suspend aborted
04-22 09:45:13.273  1743  1784 E BatteryStatsService: Bad reason line: ensors.qti ipc00000034_914_sensors.qti ipc00000025_898_pm-service ipc00000022_886_LocApiMsgTask ipc0000001f_804_android.hardwar
04-22 09:45:13.273  1743  1784 E BatteryStatsService: Bad reason line:  ipc0000
04-22 09:45:32.171  1743  2233 I BatteryStatsService: In wakeup_callback: resumed from suspend
04-22 09:45:32.260   720   720 I netd    : trafficSwapActiveStatsMap() <20.82ms>
04-22 09:45:32.268   720   720 I netd    : tetherGetStats() <3.97ms>
04-22 09:45:32.406 26785 26830 I Finsky:download_service: [2987] pjq.run(3): Stats for Executor: bgExecutor plw@a02eeb6[Running, pool size = 4, active threads = 0, queued tasks = 0, completed tasks = 8]
04-22 09:45:32.442  1743  2233 I BatteryStatsService: In wakeup_callback: suspend aborted
04-22 09:45:33.700  1743  2232 I BatteryStatsService: In wakeup_callback: resumed from suspend
04-22 09:45:33.743   720   720 I netd    : trafficSwapActiveStatsMap() <26.51ms>
04-22 09:45:33.749   720   720 I netd    : tetherGetStats() <3.62ms>
04-22 09:45:34.149  1743  2232 I BatteryStatsService: In wakeup_callback: suspend aborted
04-22 09:45:35.537  1743  2232 I BatteryStatsService: In wakeup_callback: resumed from suspend
04-22 09:45:37.993  1743  2232 I chatty  : uid=1000(system) Binder:1743_4 identical 1 line
04-22 09:45:41.372  1743  2232 I BatteryStatsService: In wakeup_callback: resumed from suspend
04-22 09:45:41.413  2308  2308 W View    : requestLayout() improperly called by com.android.systemui.statusbar.HeadsUpStatusBarView{53e8307 I.E...... ......ID 0,0-248,56 #7f0a01f7 app:id/heads_up_status_bar_view} during layout: running second layout pass
04-22 09:45:42.149   804  1503 W qti_sensors_hal: timestampCalc: potential TS rollover detected.                         DSPS TS: 263051116, last DSPS: 2941030790, boot                         TS: 139094470022680, last boot: 0
04-22 09:45:42.149   804  1503 W qti_sensors_hal: timestampCalc: TS rollover confirmed. cnt: 1, rcv: 1
04-22 09:45:42.150  1743  2232 I BatteryStatsService: In wakeup_callback: resumed from suspend
04-22 09:45:42.202 26165 26165 W kworker/0:2: type=1400 audit(0.0:2140): avc: denied { kill } for uid=0 capability=5 scontext=u:r:kernel:s0 tcontext=u:r:kernel:s0 tclass=capability permissive=0
04-22 09:45:42.217 16870 16870 I MotoDisplay: Acquiring partial wakelock MotoDisplayWakeLock for 500ms.
04-22 09:45:42.221 16870 16870 I MotoDisplay: Start logging time for trigger Type: GLANCE_GESTURE GlanceType: GLANCE_GESTURE_MOVEMENT
04-22 09:45:42.221 16870 16870 I MotoDisplay: Glance Sensor Event Gesture Type: 16
04-22 09:45:42.222 16870 16870 I MotoDisplay: pulse - trigger: Type: GLANCE_GESTURE GlanceType: GLANCE_GESTURE_MOVEMENT is pulsing: false is paused: false
04-22 09:45:42.222 16870 16870 I MotoDisplay: Acquiring partial wakelock MotoDisplayWakeLock for 500ms.
04-22 09:45:42.259 16870 16870 I MotoDisplay: isPulseAllowed: true
04-22 09:45:42.390 16870 16870 I MotoDisplay: Animations disabled: false
04-22 09:45:42.391  2308  7758 I MotoDisplayManager: MotoDisplayCallback triggerVirtualSensor
04-22 09:45:42.408   804  1692 W qti_sensors_hal: reportSingleEvent: NearBy 0, pData 4997,  highThd 5001
04-22 09:45:42.479  2498  2498 D QtiCarrierConfigHelper: WARNING, no carrier configs on phone Id: 0
04-22 09:45:42.482  1743  1782 I DisplayPowerController: Blocking screen on until initial contents have been drawn.
04-22 09:45:42.482  1743  1782 I WindowManager: Screen turning on...
04-22 09:45:42.489  2308 15526 V KeyguardViewMediator: notifyDrawn
04-22 09:45:42.490  1743  1760 D WindowManager: mKeyguardDelegate.ShowListener.onDrawn.
04-22 09:45:42.491  1743  1763 W WindowManager: Setting mKeyguardDrawComplete
04-22 09:45:42.497   804  1692 W qti_sensors_hal: reportSingleEvent: NearBy 0, pData 4997,  highThd 5001
04-22 09:45:42.527  1743  1782 V DisplayPowerController: Brightness [9] reason changing to: 'doze', previous reason: 'screen_off'.
04-22 09:45:42.531   871   871 D SurfaceFlinger: Setting power mode 2 on display 0
04-22 09:45:42.532  1743  1765 I DisplayManagerService: Display device changed state: "Built-in Screen", ON
04-22 09:45:42.539  2290  2575 I BtGatt.ScanManager: msg.what = 8
04-22 09:45:42.542  2290  2575 I BtGatt.ScanManager: msg.what = 5
04-22 09:45:42.559   817   893 I SDM     : DisplayBase::SetDisplayState: Set state = 1, display 0
04-22 09:45:42.565   804  1692 W qti_sensors_hal: reportSingleEvent: NearBy 0, pData 4997,  highThd 5001
04-22 09:45:42.571  2619  2690 I QcrilOemhookMsgTunnel: [0]processOemHookResponse serial no: -1 error: 0length=1
04-22 09:45:42.571  2619  2690 E QcrilOemhookMsgTunnel: [0]Unexpected serial number in solicited response!serial: -1 error: 0
04-22 09:45:42.612  2308 15526 I MotoDisplayManager: MotoDisplayCallback setScreenBrightness<brightness>30
04-22 09:45:42.629   804  1081 W qti_sensors_hal: processReportInd: lux: 9, ch0: 43, ch1: 15
04-22 09:45:42.634 16870 16870 I MotoDisplay: Time elapsed since sensor trigger Type: GLANCE_GESTURE GlanceType: GLANCE_GESTURE_MOVEMENT is 413 ms
04-22 09:45:42.636  2308 15526 I MotoDisplayManager: MotoDisplayCallback setScreenBrightness<brightness>23
04-22 09:45:42.663   804  1505 W qti_sensors_hal: timestampCalc: potential TS rollover detected.                         DSPS TS: 263071589, last DSPS: 2941138954, boot                         TS: 139094984471377, last boot: 0
04-22 09:45:42.663   804  1505 W qti_sensors_hal: timestampCalc: TS rollover confirmed. cnt: 1, rcv: 1
04-22 09:45:42.663   804  1146 I SLPI-MotLTV: LTV debug - state 1, fxyz -23 -69 970 sfd 0
04-22 09:45:42.665 16870 16870 I MotoDisplay: Animations disabled: false
04-22 09:45:42.665   804  1692 W qti_sensors_hal: timestampCalc: potential TS rollover detected.                         DSPS TS: 263071589, last DSPS: 2941138954, boot                         TS: 139094986782783, last boot: 0
04-22 09:45:42.665   804  1692 W qti_sensors_hal: timestampCalc: TS rollover confirmed. cnt: 2, rcv: 1
04-22 09:45:42.665   804  1692 W qti_sensors_hal: timestampCalc: Adjusting timestamp for rollover: 139094976238156, 1
04-22 09:45:42.665   804  1692 W qti_sensors_hal: reportSingleEvent: NearBy 1, pData 5456,  highThd 5001
04-22 09:45:42.743  1743  1765 I WindowManager: All windows ready for display!
04-22 09:45:42.744  1743  1763 W WindowManager: Setting mWindowManagerDrawComplete
04-22 09:45:42.744  1743  1782 I DisplayPowerController: Unblocked screen on after 262 ms
04-22 09:45:42.862   871   871 D SurfaceFlinger: Finished setting power mode 2 on display 0
04-22 09:45:42.862  1743  2281 D SurfaceControl: Excessive delay in setPowerMode()
04-22 09:45:42.881   804  1081 W qti_sensors_hal: processReportInd: lux: 3, ch0: 25, ch1: 16
04-22 09:45:42.931   804  1511 W qti_sensors_hal: timestampCalc: potential TS rollover detected.                         DSPS TS: 263076645, last DSPS: 2941199100, boot                         TS: 139095252983695, last boot: 0
04-22 09:45:42.932   804  1511 W qti_sensors_hal: timestampCalc: TS rollover confirmed. cnt: 2, rcv: 1
04-22 09:45:42.932   804  1511 W qti_sensors_hal: timestampCalc: Adjusting timestamp for rollover: 139095130535031, 1
04-22 09:45:42.940  1743  2281 D LightsService: Excessive delay setting light
04-22 09:45:43.203 16870 16870 I MotoDisplay: Request System UI to turn display OFF.
04-22 09:45:43.204  2308 15526 I MotoDisplayManager: MotoDisplayCallback requestScreenOff
04-22 09:45:43.215  1743  1782 I DisplayPowerController: Blocking screen off
04-22 09:45:43.216  1743  1782 I DisplayPowerController: Unblocked screen off after 1 ms
04-22 09:45:43.223 16870 16870 I MotoDisplay: Acquiring partial wakelock MotoDisplayWakeLock for 500ms.
04-22 09:45:43.257  2498  2498 D QtiCarrierConfigHelper: WARNING, no carrier configs on phone Id: 0
04-22 09:45:43.258  1743  1782 I WindowManager: Screen turned off...
04-22 09:45:43.283  1743  1782 V DisplayPowerController: Brightness [0] reason changing to: 'screen_off', previous reason: 'doze'.
04-22 09:45:43.285 16870 16870 I MotoDisplay: Releasing wakelock: MotoDisplayWakeLock
04-22 09:45:43.286   871   871 D SurfaceFlinger: Setting power mode 0 on display 0
04-22 09:45:43.286  1743  1765 I DisplayManagerService: Display device changed state: "Built-in Screen", OFF
04-22 09:45:43.286   817   895 I SDM     : DisplayBase::SetDisplayState: Set state = 0, display 0
04-22 09:45:43.290  2290  2575 I BtGatt.ScanManager: msg.what = 8
04-22 09:45:43.292  2290  2575 I BtGatt.ScanManager: msg.what = 4
04-22 09:45:43.316  2619  2690 I QcrilOemhookMsgTunnel: [0]processOemHookResponse serial no: -1 error: 0length=1
04-22 09:45:43.316  2619  2690 E QcrilOemhookMsgTunnel: [0]Unexpected serial number in solicited response!serial: -1 error: 0
04-22 09:45:43.323  2308  2308 D StatusBar: disable<e i a s b H R c s > disable2<q i n >
04-22 09:45:43.331  2308  2308 D StatusBar: disable<e i a s b H R c s > disable2<q i n >
04-22 09:45:43.521   871   871 D SurfaceFlinger: Finished setting power mode 0 on display 0
04-22 09:45:43.522  1743  2281 D SurfaceControl: Excessive delay in setPowerMode()
04-22 09:45:46.573   804  1146 I SLPI-MotLTV: LTV debug - state 2, fxyz -885 -159 553 sfd 6
04-22 09:45:46.574  1743  1760 I BatteryStatsService: In wakeup_callback: resumed from suspend
04-22 09:45:46.577 16870 16870 I MotoDisplay: Acquiring partial wakelock MotoDisplayWakeLock for 500ms.
04-22 09:45:46.581 16870 16870 I MotoDisplay: Start logging time for trigger Type: GLANCE_GESTURE GlanceType: GLANCE_GESTURE_UNSTOWED
04-22 09:45:46.581 16870 16870 I MotoDisplay: Glance Sensor Event Gesture Type: 1
04-22 09:45:46.581 16870 16870 I MotoDisplay: pulse - trigger: Type: GLANCE_GESTURE GlanceType: GLANCE_GESTURE_UNSTOWED is pulsing: false is paused: false
04-22 09:45:46.582 16870 16870 I MotoDisplay: Acquiring partial wakelock MotoDisplayWakeLock for 500ms.
04-22 09:45:46.602 16870 16870 I MotoDisplay: isPulseAllowed: true
04-22 09:45:46.671 16870 16870 I MotoDisplay: Animations disabled: false
04-22 09:45:46.672  2308  7758 I MotoDisplayManager: MotoDisplayCallback triggerVirtualSensor
04-22 09:45:46.689   804  1692 W qti_sensors_hal: reportSingleEvent: NearBy 1, pData 6035,  highThd 5000
04-22 09:45:46.691  2308  2308 I DozeTriggers: Don't abort pulse for AODSensor
04-22 09:45:46.749  2498  2498 D QtiCarrierConfigHelper: WARNING, no carrier configs on phone Id: 0
04-22 09:45:46.749  1743  1782 I DisplayPowerController: Blocking screen on until initial contents have been drawn.
04-22 09:45:46.749  1743  1782 I WindowManager: Screen turning on...
04-22 09:45:46.750  2308  7758 V KeyguardViewMediator: notifyDrawn
04-22 09:45:46.751  1743  2389 D WindowManager: mKeyguardDelegate.ShowListener.onDrawn.
04-22 09:45:46.752  1743  1763 W WindowManager: Setting mKeyguardDrawComplete
04-22 09:45:46.793  1743  1782 V DisplayPowerController: Brightness [23] reason changing to: 'doze', previous reason: 'screen_off'.
04-22 09:45:46.795   871   871 D SurfaceFlinger: Setting power mode 2 on display 0
04-22 09:45:46.795   817   893 I SDM     : DisplayBase::SetDisplayState: Set state = 1, display 0
04-22 09:45:46.796  1743  1765 I DisplayManagerService: Display device changed state: "Built-in Screen", ON
04-22 09:45:46.803  2290  2575 I BtGatt.ScanManager: msg.what = 8
04-22 09:45:46.806   804  1692 W qti_sensors_hal: reportSingleEvent: NearBy 1, pData 6035,  highThd 5000
04-22 09:45:46.806  2290  2575 I BtGatt.ScanManager: msg.what = 5
04-22 09:45:46.819   804  1692 W qti_sensors_hal: reportSingleEvent: NearBy 1, pData 6035,  highThd 5000
04-22 09:45:46.825  2308  7758 I MotoDisplayManager: MotoDisplayCallback setScreenBrightness<brightness>30
04-22 09:45:46.837  2619  2690 I QcrilOemhookMsgTunnel: [0]processOemHookResponse serial no: -1 error: 0length=1
04-22 09:45:46.837  2619  2690 E QcrilOemhookMsgTunnel: [0]Unexpected serial number in solicited response!serial: -1 error: 0
04-22 09:45:46.878 16870 16870 I MotoDisplay: Time elapsed since sensor trigger Type: GLANCE_GESTURE GlanceType: GLANCE_GESTURE_UNSTOWED is 297 ms
04-22 09:45:46.880  2308 15526 I MotoDisplayManager: MotoDisplayCallback setScreenBrightness<brightness>9
04-22 09:45:46.885  1743  1765 I WindowManager: All windows ready for display!
04-22 09:45:46.886  1743  1763 W WindowManager: Setting mWindowManagerDrawComplete
04-22 09:45:46.887  1743  1782 I DisplayPowerController: Unblocked screen on after 138 ms
04-22 09:45:46.904 16870 16870 I MotoDisplay: Animations disabled: false
04-22 09:45:47.105   871   871 D SurfaceFlinger: Finished setting power mode 2 on display 0
04-22 09:45:47.106  1743  2281 D SurfaceControl: Excessive delay in setPowerMode()
04-22 09:45:47.444 16870 16870 I MotoDisplay: Request System UI to turn display OFF.
04-22 09:45:47.444  2308  7758 I MotoDisplayManager: MotoDisplayCallback requestScreenOff
04-22 09:45:47.450 16870 16870 I MotoDisplay: Acquiring partial wakelock MotoDisplayWakeLock for 500ms.
04-22 09:45:47.450  1743  1782 I DisplayPowerController: Blocking screen off
04-22 09:45:47.451  1743  1782 I DisplayPowerController: Unblocked screen off after 1 ms
04-22 09:45:47.489  1743  1782 I WindowManager: Screen turned off...
04-22 09:45:47.495  2498  2498 D QtiCarrierConfigHelper: WARNING, no carrier configs on phone Id: 0
04-22 09:45:47.514  1743  1782 V DisplayPowerController: Brightness [0] reason changing to: 'screen_off', previous reason: 'doze'.
04-22 09:45:47.515  1743  1765 I DisplayManagerService: Display device changed state: "Built-in Screen", OFF
04-22 09:45:47.516 16870 16870 I MotoDisplay: Releasing wakelock: MotoDisplayWakeLock
04-22 09:45:47.516   871   871 D SurfaceFlinger: Setting power mode 0 on display 0
04-22 09:45:47.517   817   893 I SDM     : DisplayBase::SetDisplayState: Set state = 0, display 0
04-22 09:45:47.518  2290  2575 I BtGatt.ScanManager: msg.what = 8
04-22 09:45:47.534  2290  2575 I BtGatt.ScanManager: msg.what = 4
04-22 09:45:47.537   720   720 I netd    : firewallEnableChildChain(1, "false") <0.21ms>
04-22 09:45:47.545  2619  2690 I QcrilOemhookMsgTunnel: [0]processOemHookResponse serial no: -1 error: 0length=1
04-22 09:45:47.545  2619  2690 E QcrilOemhookMsgTunnel: [0]Unexpected serial number in solicited response!serial: -1 error: 0
04-22 09:45:47.563  1743  2244 D ConnectivityService: Blocked status changed to false for 10120(172) on netId 100
04-22 09:45:47.565  1743  2244 D ConnectivityService: Blocked status changed to false for 10120(173) on netId 100
04-22 09:45:47.566  1743  2244 D ConnectivityService: Blocked status changed to false for 10120(174) on netId 100
04-22 09:45:47.571  2308  2308 D StatusBar: disable<e i a s b H R c s > disable2<q i n >
04-22 09:45:47.574  2308  2308 D StatusBar: disable<e i a s b H R c s > disable2<q i n >
04-22 09:45:47.582  1743  2244 D ConnectivityService: Blocked status changed to false for 10197(177) on netId 100
04-22 09:45:47.583  1743  2244 D ConnectivityService: Blocked status changed to false for 10197(178) on netId 100
04-22 09:45:47.584  1743  2244 D ConnectivityService: Blocked status changed to false for 10133(175) on netId 100
04-22 09:45:47.585  1743  2244 D ConnectivityService: Blocked status changed to false for 10133(176) on netId 100
04-22 09:45:47.599  1743  2244 D ConnectivityService: Blocked status changed to false for 10107(22) on netId 100
04-22 09:45:47.600  1743  2244 D ConnectivityService: Blocked status changed to false for 10107(23) on netId 100
04-22 09:45:47.619  7126  7484 D OtaApp  : AndroidClientUpgradeService.handleIntent: android.os.action.DEVICE_IDLE_MODE_CHANGED
04-22 09:45:47.622  1743  1762 D GnssLocationProvider: gnssNameCb: name=qcom;MPSS.TA.3.0.C1-00738;
04-22 09:45:47.623   815   863 D PerMgrLib: GPS voting for modem
04-22 09:45:47.623  7126  7484 D OtaApp  : CusSM.onIntentDeviceIdleModeChanged, deviceIdle : false
04-22 09:45:47.623  1743  1762 D GnssLocationProvider: gnssSetCapabilitesCb: 97u
04-22 09:45:47.623   858   899 D PerMgrSrv: GPS voting for modem
04-22 09:45:47.623  1743  1762 D GnssLocationProvider: gnssSetSystemInfoCb: yearOfHw=2019
04-22 09:45:47.623   858   899 D PerMgrSrv: modem num voters is 4
04-22 09:45:47.623  1743  1762 I GnssLocationProvider: Unable to initialize IGnssXtra interface.
04-22 09:45:47.625  1743  1762 I GnssLocationProvider: Unable to initialize IGnssNi interface.
04-22 09:45:47.626   815   815 E LocSvc_LocationAPI: destroy:243] removeFromGnssInf: 1, removeFromBatchingInf: 1, removeFromGeofenceInf: 1,needToWait: 1
04-22 09:45:47.626  1743  1762 I GnssVisibilityControl: Updating non-framework location access proxy apps in the GNSS HAL to: [com.motorola.nfwlocationattribution]
04-22 09:45:47.628  1743  1762 I GnssLocationProvider: restartRequests
04-22 09:45:47.751   871   871 D SurfaceFlinger: Finished setting power mode 0 on display 0
04-22 09:45:47.751  1743  2281 D SurfaceControl: Excessive delay in setPowerMode()
04-22 09:45:47.944 26785 26830 I Finsky:download_service: [2987] pjq.run(3): Stats for Executor: LightweightExecutor plw@ebf47b7[Running, pool size = 0, active threads = 0, queued tasks = 0, completed tasks = 0]
04-22 09:45:50.672 26404 26404 I Finsky  : [2] ahaz.a(4): SCH: onJobSchedulerWakeup with jobId 9004
04-22 09:45:50.700   720 27116 E ResolverController: No valid NAT64 prefix (100, <unspecified>/0)
04-22 09:45:50.809 26404 26404 I Finsky  : [2] aguz.handleMessage(4): SCH: DeviceState: DeviceState{currentTime=1619099150797, isCharging=false, isIdle=true, netAny=true, netNotRoaming=true, netUnmetered=true, batteryPercent=69.0}
04-22 09:45:50.830 26404 27117 I Finsky  : [3034] agxj.b(5): SCH: Jobs in database: 1-1337 3-29 26-1414141414 29-29 
04-22 09:45:50.846 26404 26404 I Finsky  : [2] agva.m(9): SCH: Running job: 29-29
04-22 09:45:50.848 26404 26404 I Finsky  : [2] aguz.handleMessage(29): SCH: RunningQueue size: 1, PendingQueue size: 0
04-22 09:45:50.849 26404 26404 I Finsky  : [2] aguz.handleMessage(32): SCH: Running queue: 29-29 
04-22 09:45:50.850 26404 27118 I Finsky  : [3035] aqot.a(0): ProcessRecoveryLogsUtil: No files in recovery directory
04-22 09:45:50.850 26404 27118 I Finsky  : [3035] agwa.n(4): SCH: jobFinished: 29-29. TimeElapsed: 4ms.
04-22 09:45:50.852 26404 26404 I Finsky  : [2] agva.b(3): SCH: Job 29-29 finished. Not rescheduling.
04-22 09:45:50.854 26404 26404 I Finsky  : [2] aguz.handleMessage(29): SCH: RunningQueue size: 0, PendingQueue size: 0
04-22 09:45:50.855 26404 26404 I Finsky  : [2] aguz.handleMessage(10): SCH: Executor finished
04-22 09:45:50.865 26404 26404 I Finsky  : [2] agxj.b(5): SCH: Jobs in database: 1-1337 3-29 26-1414141414 
04-22 09:45:50.887 26404 26404 I Finsky  : [2] agvn.h(37): SCH: ConstraintMapping: 1-1337,  -> L: 30041212ms, D: 73241212ms, C: false, I: false, N: 1
04-22 09:45:50.888 26404 26404 I Finsky  : [2] agvn.h(37): SCH: ConstraintMapping: 3-29,  -> L: 0ms, D: 86276787ms, C: true, I: true, N: 2
04-22 09:45:50.888 26404 26404 I Finsky  : [2] agvn.h(37): SCH: ConstraintMapping: 26-1414141414,  -> L: 832010ms, D: 1732010ms, C: false, I: false, N: 0
04-22 09:45:50.900 26404 26404 I Finsky  : [2] agvn.j(7): SCH: Cancelling existing jobscheduler jobs: 9000 9003 
04-22 09:45:50.901 26404 26404 I Finsky  : [2] agvn.i(11): SCH: Scheduling job Id: 9001, L: 30041212, D: 73241212, C: false, I: false, N: 1
04-22 09:45:50.903 26404 26404 I Finsky  : [2] agvn.e(4): SCH: Throttling wakeup for job 9002 (expected to run in 0 ms) due to recent wakeup
04-22 09:45:50.904 26404 26404 I Finsky  : [2] agvn.i(11): SCH: Scheduling job Id: 9002, L: 30000, D: 86276787, C: true, I: true, N: 2
04-22 09:45:50.906 26404 26404 I Finsky  : [2] agvn.i(11): SCH: Scheduling job Id: 9005, L: 832010, D: 1732010, C: false, I: false, N: 0
04-22 09:45:54.536  1743  2232 I BatteryStatsService: In wakeup_callback: resumed from suspend
04-22 09:45:54.555 16870 16870 I MotoDisplay: Acquiring partial wakelock MotoDisplayWakeLock for 500ms.
04-22 09:45:54.558 16870 16870 I MotoDisplay: Start logging time for trigger Type: GLANCE_GESTURE GlanceType: GLANCE_GESTURE_EXIT_FLATUP
04-22 09:45:54.558 16870 16870 I MotoDisplay: Glance Sensor Event Gesture Type: 2
04-22 09:45:54.559 16870 16870 I MotoDisplay: pulse - trigger: Type: GLANCE_GESTURE GlanceType: GLANCE_GESTURE_EXIT_FLATUP is pulsing: false is paused: false
04-22 09:45:54.559 16870 16870 I MotoDisplay: Acquiring partial wakelock MotoDisplayWakeLock for 500ms.
04-22 09:45:54.585 16870 16870 I MotoDisplay: isPulseAllowed: true
04-22 09:45:54.633 16870 16870 I MotoDisplay: Animations disabled: false
04-22 09:45:54.634  2308  7758 I MotoDisplayManager: MotoDisplayCallback triggerVirtualSensor
04-22 09:45:54.643   804  1692 W qti_sensors_hal: reportSingleEvent: NearBy 0, pData 4698,  highThd 5001
04-22 09:45:54.666  1743  1782 I DisplayPowerController: Blocking screen on until initial contents have been drawn.
04-22 09:45:54.666  1743  1782 I WindowManager: Screen turning on...
04-22 09:45:54.669  2498  2498 D QtiCarrierConfigHelper: WARNING, no carrier configs on phone Id: 0
04-22 09:45:54.675  2308  7758 V KeyguardViewMediator: notifyDrawn
04-22 09:45:54.675  1743  2233 D WindowManager: mKeyguardDelegate.ShowListener.onDrawn.
04-22 09:45:54.676  1743  1763 W WindowManager: Setting mKeyguardDrawComplete
04-22 09:45:54.683  1743  1782 V DisplayPowerController: Brightness [9] reason changing to: 'doze', previous reason: 'screen_off'.
04-22 09:45:54.685  1743  1765 I DisplayManagerService: Display device changed state: "Built-in Screen", ON
04-22 09:45:54.685   871   871 D SurfaceFlinger: Setting power mode 2 on display 0
04-22 09:45:54.685   817   895 I SDM     : DisplayBase::SetDisplayState: Set state = 1, display 0
04-22 09:45:54.686  2290  2575 I BtGatt.ScanManager: msg.what = 8
04-22 09:45:54.688  2290  2575 I BtGatt.ScanManager: msg.what = 5
04-22 09:45:54.691   804  1692 W qti_sensors_hal: reportSingleEvent: NearBy 0, pData 4698,  highThd 5001
04-22 09:45:54.697  2308  7758 I MotoDisplayManager: MotoDisplayCallback setScreenBrightness<brightness>30
04-22 09:45:54.704  2619  2690 I QcrilOemhookMsgTunnel: [0]processOemHookResponse serial no: -1 error: 0length=1
04-22 09:45:54.704  2619  2690 E QcrilOemhookMsgTunnel: [0]Unexpected serial number in solicited response!serial: -1 error: 0
04-22 09:45:54.709   804  1692 W qti_sensors_hal: reportSingleEvent: NearBy 0, pData 4698,  highThd 5001
04-22 09:45:54.722 16870 16870 I MotoDisplay: Time elapsed since sensor trigger Type: GLANCE_GESTURE GlanceType: GLANCE_GESTURE_EXIT_FLATUP is 164 ms
04-22 09:45:54.723  2308  7758 I MotoDisplayManager: MotoDisplayCallback setScreenBrightness<brightness>9
04-22 09:45:54.728  1743  1765 I WindowManager: All windows ready for display!
04-22 09:45:54.729  1743  1763 W WindowManager: Setting mWindowManagerDrawComplete
04-22 09:45:54.729  1743  1782 I DisplayPowerController: Unblocked screen on after 63 ms
04-22 09:45:54.744 16870 16870 I MotoDisplay: Animations disabled: false
04-22 09:45:54.886  2498  2530 W m.android.phon: Reducing the number of considered missed Gc histogram windows from 182 to 100
04-22 09:45:54.989   871   871 D SurfaceFlinger: Finished setting power mode 2 on display 0
04-22 09:45:54.989  1743  2281 D SurfaceControl: Excessive delay in setPowerMode()
04-22 09:45:55.599  2308  7758 I MotoDisplayManager: MotoDisplayCallback setScreenBrightness<brightness>23
04-22 09:45:57.458  2308  7758 I MotoDisplayManager: MotoDisplayCallback setScreenBrightness<brightness>0
04-22 09:45:57.906     0     0 W swapper/0: type=1400 audit(0.0:2141): avc: denied { kill } for uid=0 capability=5 scontext=u:r:kernel:s0 tcontext=u:r:kernel:s0 tclass=capability permissive=0
04-22 09:45:58.497 16870 16870 I MotoDisplay: Acquiring partial wakelock MotoDisplayWakeLock for 500ms.
04-22 09:45:58.502 16870 16870 I MotoDisplay: Start logging time for trigger Type: GLANCE_GESTURE GlanceType: GLANCE_GESTURE_EXIT_FLATUP
04-22 09:45:58.502 16870 16870 I MotoDisplay: Glance Sensor Event Gesture Type: 2
04-22 09:45:58.502 16870 16870 I MotoDisplay: pulse - trigger: Type: GLANCE_GESTURE GlanceType: GLANCE_GESTURE_EXIT_FLATUP is pulsing: true is paused: false
04-22 09:45:58.502 16870 16870 I MotoDisplay: Acquiring partial wakelock MotoDisplayWakeLock for 500ms.
04-22 09:45:58.516 16870 16870 I MotoDisplay: isPulseAllowed: true
04-22 09:45:58.570 16870 16870 I MotoDisplay: Animations disabled: false
04-22 09:45:58.571 16870 16870 I MotoDisplay: Time elapsed since sensor trigger Type: GLANCE_GESTURE GlanceType: GLANCE_GESTURE_EXIT_FLATUP is 69 ms
04-22 09:45:58.585  2308  7758 I MotoDisplayManager: MotoDisplayCallback setScreenBrightness<brightness>9
04-22 09:45:58.591 16870 16870 I MotoDisplay: Animations disabled: false
04-22 09:46:00.063  2308  2308 W View    : requestLayout() improperly called by com.android.systemui.statusbar.HeadsUpStatusBarView{53e8307 I.E...... ......ID 0,0-248,56 #7f0a01f7 app:id/heads_up_status_bar_view} during layout: running second layout pass
04-22 09:46:01.310  2308  2736 I MotoDisplayManager: MotoDisplayCallback setScreenBrightness<brightness>0
04-22 09:46:03.794 16870 16870 I MotoDisplay: Request System UI to turn display OFF.
04-22 09:46:03.795  2308  2736 I MotoDisplayManager: MotoDisplayCallback requestScreenOff
04-22 09:46:03.796 16870 16870 I MotoDisplay: Acquiring partial wakelock MotoDisplayWakeLock for 500ms.
04-22 09:46:03.800 16870 16870 I MotoDisplay: Releasing wakelock: MotoDisplayWakeLock
04-22 09:46:03.805  1743  1782 I DisplayPowerController: Blocking screen off
04-22 09:46:03.806  1743  1782 I DisplayPowerController: Unblocked screen off after 1 ms
04-22 09:46:03.836  1743  1782 I WindowManager: Screen turned off...
04-22 09:46:03.842  2498  2498 D QtiCarrierConfigHelper: WARNING, no carrier configs on phone Id: 0
04-22 09:46:03.871  1743  1782 V DisplayPowerController: Brightness [0] reason changing to: 'screen_off', previous reason: 'doze'.
04-22 09:46:03.879  2308  2308 D StatusBar: disable<e i a s b H R c s > disable2<q i n >
04-22 09:46:03.881  2308  2308 D StatusBar: disable<e i a s b H R c s > disable2<q i n >
04-22 09:46:03.887  1743  1765 I DisplayManagerService: Display device changed state: "Built-in Screen", OFF
04-22 09:46:03.889  2290  2575 I BtGatt.ScanManager: msg.what = 8
04-22 09:46:03.889   871   871 D SurfaceFlinger: Setting power mode 0 on display 0
04-22 09:46:03.890   817   895 I SDM     : DisplayBase::SetDisplayState: Set state = 0, display 0
04-22 09:46:03.897  2290  2575 I BtGatt.ScanManager: msg.what = 4
04-22 09:46:03.909  2619  2690 I QcrilOemhookMsgTunnel: [0]processOemHookResponse serial no: -1 error: 0length=1
04-22 09:46:03.909  2619  2690 E QcrilOemhookMsgTunnel: [0]Unexpected serial number in solicited response!serial: -1 error: 0
04-22 09:46:04.144   871   871 D SurfaceFlinger: Finished setting power mode 0 on display 0
04-22 09:46:04.144  1743  2281 D SurfaceControl: Excessive delay in setPowerMode()
04-22 09:46:04.177  1743  1743 W Looper  : Slow dispatch took 281ms main h=com.android.server.AlarmManagerService$AlarmHandler c=android.app.PendingIntent$FinishedDispatcher@b1a3252 m=0
04-22 09:46:05.702   804  1146 I SLPI-MotLTV: LTV debug - state 1, fxyz 310 10 934 sfd 6
04-22 09:46:07.386  1743  4961 W AppOps  : Noting op not finished: uid 10156 pkg com.google.android.gms code 79 time=1619099029257 duration=0
04-22 09:46:07.392  1743  2233 W AppOps  : Noting op not finished: uid 10156 pkg com.google.android.gms code 79 time=1619099167386 duration=0
04-22 09:46:10.204  1743  2389 I BatteryStatsService: In wakeup_callback: resumed from suspend
04-22 09:46:10.208 22073 22073 W ActivityThread: serviceStart lasts for 2822 ms, ServiceArgsData = ServiceArgsData{token=android.os.BinderProxy@18cdd25 startId=130 args=Intent { act=com.google.android.location.internal.action.FLP_AR_RESULT pkg=com.google.android.gms cmp=com.google.android.gms/com.google.android.location.internal.PendingIntentCallbackService (has extras) }}
04-22 09:46:10.208 22073 22073 W ActivityThread: serviceStart starts in 2817 ms, ServiceArgsData = ServiceArgsData{token=android.os.BinderProxy@18cdd25 startId=131 args=Intent { act=com.google.android.location.internal.action.AR_TRANSITION_RESULT pkg=com.google.android.gms cmp=com.google.android.gms/com.google.android.location.internal.PendingIntentCallbackService (has extras) }}
04-22 09:46:10.214  1743  1761 I ActivityManager: Killing 26387:com.qualcomm.qti.qms.service.connectionsecurity/u0a99 (adj 985): empty #17
04-22 09:46:10.264   721   721 I Zygote  : Process 26387 exited due to signal 9 (Killed)
04-22 09:46:10.264  1743  1774 I libprocessgroup: Successfully killed process cgroup uid 10099 pid 26387 in 48ms
04-22 09:46:10.265  1743  1761 D ActivityManager: makeInactive, ProcessRecord{c05219e 26387:com.qualcomm.qti.qms.service.connectionsecurity/u0a99}, clear holder.state
04-22 09:46:10.426     0     0 W swapper/0: type=1400 audit(0.0:2142): avc: denied { kill } for uid=0 capability=5 scontext=u:r:kernel:s0 tcontext=u:r:kernel:s0 tclass=capability permissive=0
04-22 09:46:11.965  1743  1761 I BatteryStatsService: In wakeup_callback: resumed from suspend
04-22 09:46:11.967 16870 16870 I MotoDisplay: Acquiring partial wakelock MotoDisplayWakeLock for 500ms.
04-22 09:46:11.971 16870 16870 I MotoDisplay: Start logging time for trigger Type: GLANCE_GESTURE GlanceType: GLANCE_GESTURE_MOVEMENT
04-22 09:46:11.971 16870 16870 I MotoDisplay: Glance Sensor Event Gesture Type: 16
04-22 09:46:11.971 16870 16870 I MotoDisplay: pulse - trigger: Type: GLANCE_GESTURE GlanceType: GLANCE_GESTURE_MOVEMENT is pulsing: false is paused: false
04-22 09:46:11.971 16870 16870 I MotoDisplay: Acquiring partial wakelock MotoDisplayWakeLock for 500ms.
04-22 09:46:11.995 16870 16870 I MotoDisplay: isPulseAllowed: true
04-22 09:46:12.048 16870 16870 I MotoDisplay: Animations disabled: false
04-22 09:46:12.049  2308  2736 I MotoDisplayManager: MotoDisplayCallback triggerVirtualSensor
04-22 09:46:12.058   804  1692 W qti_sensors_hal: reportSingleEvent: NearBy 0, pData 3201,  highThd 65535
04-22 09:46:12.082  1743  1782 I DisplayPowerController: Blocking screen on until initial contents have been drawn.
04-22 09:46:12.082  1743  1782 I WindowManager: Screen turning on...
04-22 09:46:12.083  2308  2736 V KeyguardViewMediator: notifyDrawn
04-22 09:46:12.084  1743  2233 D WindowManager: mKeyguardDelegate.ShowListener.onDrawn.
04-22 09:46:12.085  1743  1763 W WindowManager: Setting mKeyguardDrawComplete
04-22 09:46:12.092  2498  2498 D QtiCarrierConfigHelper: WARNING, no carrier configs on phone Id: 0
04-22 09:46:12.110  1743  1782 V DisplayPowerController: Brightness [23] reason changing to: 'doze', previous reason: 'screen_off'.
04-22 09:46:12.111   871   871 D SurfaceFlinger: Setting power mode 2 on display 0
04-22 09:46:12.111  1743  1765 I DisplayManagerService: Display device changed state: "Built-in Screen", ON
04-22 09:46:12.111   817   817 I SDM     : DisplayBase::SetDisplayState: Set state = 1, display 0
04-22 09:46:12.114  2290  2575 I BtGatt.ScanManager: msg.what = 8
04-22 09:46:12.117  2290  2575 I BtGatt.ScanManager: msg.what = 5
04-22 09:46:12.120   804  1692 W qti_sensors_hal: reportSingleEvent: NearBy 0, pData 3201,  highThd 65535
04-22 09:46:12.129  2308  7647 I MotoDisplayManager: MotoDisplayCallback setScreenBrightness<brightness>30
04-22 09:46:12.131  2619  2690 I QcrilOemhookMsgTunnel: [0]processOemHookResponse serial no: -1 error: 0length=1
04-22 09:46:12.131  2619  2690 E QcrilOemhookMsgTunnel: [0]Unexpected serial number in solicited response!serial: -1 error: 0
04-22 09:46:12.138   804  1692 W qti_sensors_hal: reportSingleEvent: NearBy 0, pData 3201,  highThd 65535
04-22 09:46:12.146   804  1081 W qti_sensors_hal: processReportInd: lux: 52, ch0: 190, ch1: 392
04-22 09:46:12.149 16870 16870 I MotoDisplay: Time elapsed since sensor trigger Type: GLANCE_GESTURE GlanceType: GLANCE_GESTURE_MOVEMENT is 178 ms
04-22 09:46:12.150  2308  7647 I MotoDisplayManager: MotoDisplayCallback setScreenBrightness<brightness>38
04-22 09:46:12.156  1743  1765 I WindowManager: All windows ready for display!
04-22 09:46:12.156  1743  1763 W WindowManager: Setting mWindowManagerDrawComplete
04-22 09:46:12.157  1743  1782 I DisplayPowerController: Unblocked screen on after 75 ms
04-22 09:46:12.170 16870 16870 I MotoDisplay: Animations disabled: false
04-22 09:46:12.271   804  1081 W qti_sensors_hal: processReportInd: lux: 60, ch0: 220, ch1: 394
04-22 09:46:12.409   871   871 D SurfaceFlinger: Finished setting power mode 2 on display 0
04-22 09:46:12.409  1743  2281 D SurfaceControl: Excessive delay in setPowerMode()
04-22 09:46:14.199  1743  2059 D BatteryService: uevent={POWER_SUPPLY_DP_DM=0, POWER_SUPPLY_VOLTAGE_NOW=3999011, POWER_SUPPLY_SW_JEITA_ENABLED=0, POWER_SUPPLY_CHARGE_CONTROL_LIMIT_MAX=8, POWER_SUPPLY_RECHARGE_SOC=99, POWER_SUPPLY_HEALTH=Good, POWER_SUPPLY_TECHNOLOGY=Li-ion, POWER_SUPPLY_FCC_STEPPER_ENABLE=0, SEQNUM=614162, POWER_SUPPLY_INPUT_CURRENT_LIMITED=0, POWER_SUPPLY_CHARGE_CONTROL_LIMIT=0, POWER_SUPPLY_BATTERY_CHARGING_ENABLED=1, POWER_SUPPLY_STATUS=Discharging, POWER_SUPPLY_CYCLE_COUNT=6, POWER_SUPPLY_CURRENT_MAX=2000000, POWER_SUPPLY_CHARGE_TERM_CURRENT=-101, POWER_SUPPLY_CAPACITY=69, DEVPATH=/devices/platform/soc/200f000.qcom,spmi/spmi-0/spmi0-02/200f000.qcom,spmi:qcom,pmi632@2:qcom,qpnp-smb5/power_supply/battery, POWER_SUPPLY_CHARGE_DONE=0, POWER_SUPPLY_CHARGE_TYPE=N/A, POWER_SUPPLY_CHARGE_RATE=None, POWER_SUPPLY_CURRENT_NOW=-141449, POWER_SUPPLY_SYSTEM_TEMP_LEVEL=0, POWER_SUPPLY_PRESENT=1, POWER_SUPPLY_PARALLEL_DISABLE=0, POWER_SUPPLY_CHARGE_FULL=3505000, SUBSYSTEM=power_supply, POWER_SUPPLY_SET_SHIP_MODE=0, POWER_SUPPLY_TEMP=213, ACTION=change, POWER_SUPPLY_RERUN_AICL=0, POWER_SUPPLY_AGE=97, POWER_SUPPLY_NAME=battery, POWER_SUPPLY_VOLTAGE_MAX=-22, POWER_SUPPLY_CONSTANT_CHARGE_CURRENT_MAX=2000000, POWER_SUPPLY_CHARGE_COUNTER=2418450, POWER_SUPPLY_STEP_CHARGING_ENABLED=0, POWER_SUPPLY_NUM_SYSTEM_TEMP_LEVELS=8, POWER_SUPPLY_DIE_HEALTH=Hot, POWER_SUPPLY_INPUT_SUSPEND=0}
04-22 09:46:14.221  2498  2498 D QtiCarrierConfigHelper: WARNING, no carrier configs on phone Id: 0
04-22 09:46:14.879  2308  2703 I MotoDisplayManager: MotoDisplayCallback setScreenBrightness<brightness>0
04-22 09:46:15.493   804  1081 W qti_sensors_hal: processReportInd: lux: 47, ch0: 194, ch1: 394
04-22 09:46:15.503  2308  2703 I MotoDisplayManager: MotoDisplayCallback setScreenBrightness<brightness>23
04-22 09:46:15.594  2308  2703 I MotoDisplayManager: MotoDisplayCallback setScreenBrightness<brightness>38
04-22 09:46:17.157 16870 16870 I MotoDisplay: Acquiring partial wakelock MotoDisplayWakeLock for 500ms.
04-22 09:46:17.161 16870 16870 I MotoDisplay: Start logging time for trigger Type: GLANCE_GESTURE GlanceType: GLANCE_GESTURE_EXIT_FLATUP
04-22 09:46:17.161 16870 16870 I MotoDisplay: Glance Sensor Event Gesture Type: 2
04-22 09:46:17.162 16870 16870 I MotoDisplay: pulse - trigger: Type: GLANCE_GESTURE GlanceType: GLANCE_GESTURE_EXIT_FLATUP is pulsing: true is paused: false
04-22 09:46:17.162 16870 16870 I MotoDisplay: Acquiring partial wakelock MotoDisplayWakeLock for 500ms.
04-22 09:46:17.179 16870 16870 I MotoDisplay: isPulseAllowed: true
04-22 09:46:17.179 16870 16870 I MotoDisplay: Time elapsed since sensor trigger Type: GLANCE_GESTURE GlanceType: GLANCE_GESTURE_EXIT_FLATUP is 18 ms
04-22 09:46:17.179 16870 16870 I MotoDisplay: Releasing wakelock: MotoDisplayWakeLock
04-22 09:46:19.063  2308  2703 I MotoDisplayManager: MotoDisplayCallback setScreenBrightness<brightness>0
04-22 09:46:20.266 16870 16870 I MotoDisplay: Request System UI to turn display OFF.
04-22 09:46:20.266  2308  2703 I MotoDisplayManager: MotoDisplayCallback requestScreenOff
04-22 09:46:20.267 16870 16870 I MotoDisplay: Acquiring partial wakelock MotoDisplayWakeLock for 500ms.
04-22 09:46:20.275 16870 16870 I MotoDisplay: Releasing wakelock: MotoDisplayWakeLock
04-22 09:46:20.287  1743  1782 I DisplayPowerController: Blocking screen off
04-22 09:46:20.287  1743  1782 I DisplayPowerController: Unblocked screen off after 0 ms
04-22 09:46:20.328  1743  1782 I WindowManager: Screen turned off...
04-22 09:46:20.331  2498  2498 D QtiCarrierConfigHelper: WARNING, no carrier configs on phone Id: 0
04-22 09:46:20.359  1743  1782 V DisplayPowerController: Brightness [0] reason changing to: 'screen_off', previous reason: 'doze'.
04-22 09:46:20.360  1743  1765 I DisplayManagerService: Display device changed state: "Built-in Screen", OFF
04-22 09:46:20.361   871   871 D SurfaceFlinger: Setting power mode 0 on display 0
04-22 09:46:20.362   817   895 I SDM     : DisplayBase::SetDisplayState: Set state = 0, display 0
04-22 09:46:20.363  2290  2575 I BtGatt.ScanManager: msg.what = 8
04-22 09:46:20.365  2290  2575 I BtGatt.ScanManager: msg.what = 4
04-22 09:46:20.372  2308  2308 D StatusBar: disable<e i a s b H R c s > disable2<q i n >
04-22 09:46:20.376  2308  2308 D StatusBar: disable<e i a s b H R c s > disable2<q i n >
04-22 09:46:20.378  2619  2690 I QcrilOemhookMsgTunnel: [0]processOemHookResponse serial no: -1 error: 0length=1
04-22 09:46:20.378  2619  2690 E QcrilOemhookMsgTunnel: [0]Unexpected serial number in solicited response!serial: -1 error: 0
04-22 09:46:20.658   871   871 D SurfaceFlinger: Finished setting power mode 0 on display 0
04-22 09:46:20.659  1743  2281 D SurfaceControl: Excessive delay in setPowerMode()
04-22 09:46:22.231  1743  1760 I BatteryStatsService: In wakeup_callback: resumed from suspend
04-22 09:46:22.699  1743  1760 I BatteryStatsService: In wakeup_callback: suspend aborted
04-22 09:46:24.700  1743  1760 I BatteryStatsService: In wakeup_callback: resumed from suspend
04-22 09:46:25.614  1743  1760 I BatteryStatsService: In wakeup_callback: resumed from suspend
04-22 09:46:26.069  1743  1760 I BatteryStatsService: In wakeup_callback: suspend aborted
04-22 09:46:27.143  1743  1760 I BatteryStatsService: In wakeup_callback: resumed from suspend
04-22 09:46:42.208  1743  4666 I BatteryStatsService: In wakeup_callback: resumed from suspend
04-22 09:46:42.296   720   720 I netd    : trafficSwapActiveStatsMap() <15.33ms>
04-22 09:46:42.303   720   720 I netd    : tetherGetStats() <3.81ms>
04-22 09:47:00.324  1743  4666 I BatteryStatsService: In wakeup_callback: resumed from suspend
04-22 09:47:00.361   720   720 I netd    : trafficSwapActiveStatsMap() <14.48ms>
04-22 09:47:00.367   720   720 I netd    : tetherGetStats() <3.51ms>
04-22 09:47:01.004   720   720 I netd    : trafficSwapActiveStatsMap() <5.90ms>
04-22 09:47:01.011   720   720 I netd    : tetherGetStats() <4.35ms>
04-22 09:47:01.045  1743  4666 I BatteryStatsService: In wakeup_callback: resumed from suspend
04-22 09:47:01.048 16870 16870 I MotoDisplay: Acquiring partial wakelock MotoDisplayWakeLock for 500ms.
04-22 09:47:01.052 16870 16870 I MotoDisplay: Start logging time for trigger Type: GLANCE_GESTURE GlanceType: GLANCE_GESTURE_MOVEMENT
04-22 09:47:01.052 16870 16870 I MotoDisplay: Glance Sensor Event Gesture Type: 16
04-22 09:47:01.053 16870 16870 I MotoDisplay: pulse - trigger: Type: GLANCE_GESTURE GlanceType: GLANCE_GESTURE_MOVEMENT is pulsing: false is paused: false
04-22 09:47:01.053 16870 16870 I MotoDisplay: Acquiring partial wakelock MotoDisplayWakeLock for 500ms.
04-22 09:47:01.081 16870 16870 I MotoDisplay: isPulseAllowed: true
04-22 09:47:01.156 16870 16870 I MotoDisplay: Animations disabled: false
04-22 09:47:01.157  2308  3891 I MotoDisplayManager: MotoDisplayCallback triggerVirtualSensor
04-22 09:47:01.171   804  1692 W qti_sensors_hal: reportSingleEvent: NearBy 0, pData 896,  highThd 5001
04-22 09:47:01.214  1743  1782 I DisplayPowerController: Blocking screen on until initial contents have been drawn.
04-22 09:47:01.214  1743  1782 I WindowManager: Screen turning on...
04-22 09:47:01.215  2308  2703 V KeyguardViewMediator: notifyDrawn
04-22 09:47:01.216  1743  1782 V DisplayPowerController: Brightness [23] reason changing to: 'doze', previous reason: 'screen_off'.
04-22 09:47:01.220  1743  1765 I DisplayManagerService: Display device changed state: "Built-in Screen", ON
04-22 09:47:01.222  2290  2575 I BtGatt.ScanManager: msg.what = 8
04-22 09:47:01.225   871   871 D SurfaceFlinger: Setting power mode 2 on display 0
04-22 09:47:01.225   817   817 I SDM     : DisplayBase::SetDisplayState: Set state = 1, display 0
04-22 09:47:01.230  2290  2575 I BtGatt.ScanManager: msg.what = 5
04-22 09:47:01.235  1743  4961 D WindowManager: mKeyguardDelegate.ShowListener.onDrawn.
04-22 09:47:01.235  1743  1763 W WindowManager: Setting mKeyguardDrawComplete
04-22 09:47:01.286  2498  2498 D QtiCarrierConfigHelper: WARNING, no carrier configs on phone Id: 0
04-22 09:47:01.290   804  1692 W qti_sensors_hal: reportSingleEvent: NearBy 0, pData 896,  highThd 5001
04-22 09:47:01.297  2619  2690 I QcrilOemhookMsgTunnel: [0]processOemHookResponse serial no: -1 error: 0length=1
04-22 09:47:01.297  2619  2690 E QcrilOemhookMsgTunnel: [0]Unexpected serial number in solicited response!serial: -1 error: 0
