04-22 09:49:12.251  1743  1788 I PackageManager: Un-granting permission com.google.android.googleapps.permission.GOOGLE_AUTH from package com.google.android.apps.docs.editors.docs (protectionLevel=2 flags=0x38dbbe44)
04-22 09:49:12.251  1743  1788 I PackageManager: Un-granting permission com.google.android.googleapps.permission.GOOGLE_AUTH.OTHER_SERVICES from package com.google.android.apps.docs.editors.docs (protectionLevel=2 flags=0x38dbbe44)
04-22 09:49:12.251  1743  1788 I PackageManager: Un-granting permission com.google.android.googleapps.permission.GOOGLE_AUTH.ALL_SERVICES from package com.google.android.apps.docs.editors.docs (protectionLevel=2 flags=0x38dbbe44)
04-22 09:49:12.251  1743  1788 I PackageManager: Un-granting permission com.google.android.googleapps.permission.GOOGLE_AUTH.writely from package com.google.android.apps.docs.editors.docs (protectionLevel=2 flags=0x38dbbe44)
04-22 09:49:12.251  1743  1788 I PackageManager: Un-granting permission com.google.android.googleapps.permission.GOOGLE_AUTH.wise from package com.google.android.apps.docs.editors.docs (protectionLevel=2 flags=0x38dbbe44)
04-22 09:49:12.252  1743  1788 I PackageManager: Un-granting permission android.permission.REQUEST_INSTALL_PACKAGES from package com.motorola.brapps (protectionLevel=66 flags=0x38483e45)
04-22 09:49:12.253  1743  1788 I PackageManager: Un-granting permission com.google.android.gm.permission.READ_GMAIL from package com.google.android.apps.docs.editors.sheets (protectionLevel=2 flags=0x38dbbe44)
04-22 09:49:12.253  1743  1788 I PackageManager: Un-granting permission com.google.android.googleapps.permission.GOOGLE_AUTH from package com.google.android.apps.docs.editors.sheets (protectionLevel=2 flags=0x38dbbe44)
04-22 09:49:12.253  1743  1788 I PackageManager: Un-granting permission com.google.android.googleapps.permission.GOOGLE_AUTH.OTHER_SERVICES from package com.google.android.apps.docs.editors.sheets (protectionLevel=2 flags=0x38dbbe44)
04-22 09:49:12.253  1743  1788 I PackageManager: Un-granting permission com.google.android.googleapps.permission.GOOGLE_AUTH.ALL_SERVICES from package com.google.android.apps.docs.editors.sheets (protectionLevel=2 flags=0x38dbbe44)
04-22 09:49:12.253  1743  1788 I PackageManager: Un-granting permission com.google.android.googleapps.permission.GOOGLE_AUTH.writely from package com.google.android.apps.docs.editors.sheets (protectionLevel=2 flags=0x38dbbe44)
04-22 09:49:12.253  1743  1788 I PackageManager: Un-granting permission com.google.android.googleapps.permission.GOOGLE_AUTH.wise from package com.google.android.apps.docs.editors.sheets (protectionLevel=2 flags=0x38dbbe44)
04-22 09:49:12.253  1743  1788 I PackageManager: Un-granting permission com.google.android.gm.permission.READ_GMAIL from package com.google.android.apps.docs.editors.slides (protectionLevel=2 flags=0x38dbbe44)
04-22 09:49:12.253  1743  1788 I PackageManager: Un-granting permission com.google.android.googleapps.permission.GOOGLE_AUTH from package com.google.android.apps.docs.editors.slides (protectionLevel=2 flags=0x38dbbe44)
04-22 09:49:12.253  1743  1788 I PackageManager: Un-granting permission com.google.android.googleapps.permission.GOOGLE_AUTH.OTHER_SERVICES from package com.google.android.apps.docs.editors.slides (protectionLevel=2 flags=0x38dbbe44)
04-22 09:49:12.253  1743  1788 I PackageManager: Un-granting permission com.google.android.googleapps.permission.GOOGLE_AUTH.ALL_SERVICES from package com.google.android.apps.docs.editors.slides (protectionLevel=2 flags=0x38dbbe44)
04-22 09:49:12.253  1743  1788 I PackageManager: Un-granting permission com.google.android.googleapps.permission.GOOGLE_AUTH.writely from package com.google.android.apps.docs.editors.slides (protectionLevel=2 flags=0x38dbbe44)
04-22 09:49:12.253  1743  1788 I PackageManager: Un-granting permission com.google.android.googleapps.permission.GOOGLE_AUTH.wise from package com.google.android.apps.docs.editors.slides (protectionLevel=2 flags=0x38dbbe44)
04-22 09:49:12.253  1743  1788 I PackageManager: Un-granting permission com.google.android.setupwizard.READ_DEVICE_ORIGIN from package com.google.android.apps.messaging (protectionLevel=18 flags=0x38cbbe45)
04-22 09:49:12.256  1743  1788 I PackageManager: Un-granting permission android.permission.SEND_DOWNLOAD_COMPLETED_INTENTS from package com.android.vending (protectionLevel=2 flags=0x28cabec5)
04-22 09:49:12.258  1743  1788 I PackageManager: Un-granting permission android.permission.BIND_CARRIER_SERVICES from package com.republicwireless.tel (protectionLevel=18 flags=0x30483e45)
04-22 09:49:12.258  1743  1788 I PackageManager: Un-granting permission android.permission.REQUEST_INSTALL_PACKAGES from package com.google.android.gm (protectionLevel=66 flags=0x38cbbe45)
04-22 09:49:12.260  1743  1788 I PackageManager: Un-granting permission android.permission.MANAGE_ROLE_HOLDERS from package com.google.android.apps.wellbeing (protectionLevel=258 flags=0x20cbbe45)
04-22 09:49:12.261  1743  1788 I PackageManager: Un-granting permission android.permission.REQUEST_INSTALL_PACKAGES from package com.google.android.apps.nbu.files (protectionLevel=66 flags=0x30c83e45)
04-22 09:49:12.261  1743  1788 I PackageManager: Un-granting permission android.permission.REQUEST_INSTALL_PACKAGES from package com.google.android.apps.docs (protectionLevel=66 flags=0x38cbbe45)
04-22 09:49:12.262  1743  1788 I PackageManager: Un-granting permission android.permission.INTERACT_ACROSS_USERS from package com.google.android.syncadapters.contacts (protectionLevel=50 flags=0x20883e45)
04-22 09:49:12.263  1743  1788 I PackageManager: Un-granting permission android.permission.REQUEST_INSTALL_PACKAGES from package com.android.chrome (protectionLevel=66 flags=0xa0cbbec5)
04-22 09:49:12.263  1743  1788 I PackageManager: Un-granting permission android.permission.CAPTURE_VIDEO_OUTPUT from package com.google.android.gms (protectionLevel=2 flags=0xa0cabec5)
04-22 09:49:12.263  1743  1788 I PackageManager: Un-granting permission android.permission.MANAGE_DEVICE_ADMINS from package com.google.android.gms (protectionLevel=2 flags=0xa0cabec5)
04-22 09:49:12.264  1743  1788 I PackageManager: Un-granting permission android.permission.MANAGE_ACTIVITY_STACKS from package com.google.android.gms (protectionLevel=2 flags=0xa0cabec5)
04-22 09:49:12.264  1743  1788 I PackageManager: Un-granting permission android.permission.CAPTURE_SECURE_VIDEO_OUTPUT from package com.google.android.gms (protectionLevel=2 flags=0xa0cabec5)
04-22 09:49:12.264  1743  1788 I PackageManager: Un-granting permission android.permission.MANAGE_ROLLBACKS from package com.google.android.gms (protectionLevel=514 flags=0xa0cabec5)
04-22 09:49:12.265  1743  1788 I PackageManager: Un-granting permission com.google.android.googleapps.permission.GOOGLE_AUTH from package com.google.android.videos (protectionLevel=2 flags=0x30dbbe45)
04-22 09:49:12.266  1743  1788 I PackageManager: Un-granting permission android.permission.WRITE_MEDIA_STORAGE from package com.google.android.apps.photos (protectionLevel=18 flags=0x38d9be45)
04-22 09:49:12.269  1743  1788 I PackageManager: Un-granting permission android.permission.CONNECTIVITY_INTERNAL from package com.google.android.wfcactivation (protectionLevel=18 flags=0x3888be45)
04-22 09:49:12.269  1743  1788 I PackageManager: Un-granting permission android.permission.READ_LOGS from package com.google.android.wfcactivation (protectionLevel=50 flags=0x3888be45)
04-22 09:49:12.269  1743  1788 I PackageManager: Un-granting permission android.permission.WRITE_APN_SETTINGS from package com.google.android.wfcactivation (protectionLevel=18 flags=0x3888be45)
04-22 09:49:12.269  1743  1788 I PackageManager: Un-granting permission android.permission.WRITE_SECURE_SETTINGS from package com.LogiaGroup.LogiaDeck (protectionLevel=50 flags=0x38483e45)
04-22 09:49:12.270  1743  1788 I PackageManager: Un-granting permission android.permission.READ_WALLPAPER_INTERNAL from package com.google.android.apps.wallpaper (protectionLevel=18 flags=0x20cbbe45)
04-22 09:49:12.373   720   720 I netd    : trafficSetNetPermForUids(4, [10217]) <0.03ms>
04-22 09:49:12.388  1743  2078 W AccountManagerService: User 10217 does not exist. It might be removed already.
04-22 09:49:12.391  3268  3268 D MotoSystemServer: receive intent :Intent { act=android.intent.action.PACKAGE_REMOVED dat=package:com.google.location.nearby.apps.connectedcrossroad flg=0x4000010 (has extras) }
04-22 09:49:12.391  3268  3268 D MotoSystemServer:  packageName = com.google.location.nearby.apps.connectedcrossroad
04-22 09:49:12.392  3268  3268 D MotoSystemServer: receive intent :Intent { act=android.intent.action.PACKAGE_ADDED dat=package:com.google.location.nearby.apps.connectedcrossroad flg=0x4000010 (has extras) }
04-22 09:49:12.392  3268  3268 D MotoSystemServer:  packageName = com.google.location.nearby.apps.connectedcrossroad
04-22 09:49:12.392  1743  1743 E LoadedApk: Unable to instantiate appComponentFactory
04-22 09:49:12.392  1743  1743 E LoadedApk: java.lang.ClassNotFoundException: Didn't find class "androidx.core.app.CoreComponentFactory" on path: DexPathList[[],nativeLibraryDirectories=[/system/app/YTMusic/lib/arm, /system/app/YTMusic/YTMusic.apk!/lib/armeabi-v7a, /system/lib, /product/lib, /system/lib, /product/lib]]
04-22 09:49:12.392  1743  1743 E LoadedApk: 	at dalvik.system.BaseDexClassLoader.findClass(BaseDexClassLoader.java:196)
04-22 09:49:12.392  1743  1743 E LoadedApk: 	at java.lang.ClassLoader.loadClass(ClassLoader.java:379)
04-22 09:49:12.392  1743  1743 E LoadedApk: 	at java.lang.ClassLoader.loadClass(ClassLoader.java:312)
04-22 09:49:12.392  1743  1743 E LoadedApk: 	at android.app.LoadedApk.createAppFactory(LoadedApk.java:256)
04-22 09:49:12.392  1743  1743 E LoadedApk: 	at android.app.LoadedApk.updateApplicationInfo(LoadedApk.java:370)
04-22 09:49:12.392  1743  1743 E LoadedApk: 	at android.app.ActivityThread.handleDispatchPackageBroadcast(ActivityThread.java:6186)
04-22 09:49:12.392  1743  1743 E LoadedApk: 	at android.app.ActivityThread$H.handleMessage(ActivityThread.java:2108)
04-22 09:49:12.392  1743  1743 E LoadedApk: 	at android.os.Handler.dispatchMessage(Handler.java:107)
04-22 09:49:12.392  1743  1743 E LoadedApk: 	at android.os.Looper.loop(Looper.java:241)
04-22 09:49:12.392  1743  1743 E LoadedApk: 	at com.android.server.SystemServer.run(SystemServer.java:585)
04-22 09:49:12.392  1743  1743 E LoadedApk: 	at com.android.server.SystemServer.main(SystemServer.java:381)
04-22 09:49:12.392  1743  1743 E LoadedApk: 	at java.lang.reflect.Method.invoke(Native Method)
04-22 09:49:12.392  1743  1743 E LoadedApk: 	at com.android.internal.os.RuntimeInit$MethodAndArgsCaller.run(RuntimeInit.java:492)
04-22 09:49:12.392  1743  1743 E LoadedApk: 	at com.android.internal.os.ZygoteInit.main(ZygoteInit.java:919)
04-22 09:49:12.392  1743  1772 W BroadcastQueue: Background execution not allowed: receiving Intent { act=android.intent.action.PACKAGE_REMOVED dat=package:com.google.location.nearby.apps.connectedcrossroad flg=0x4000010 (has extras) } to com.android.vending/com.google.android.finsky.packagemanager.impl.PackageMonitorReceiverImpl$RegisteredReceiver
04-22 09:49:12.393 26404 26404 I Finsky  : [2] acis.h(1): PackageMonitorReceiverImpl - Received: android.intent.action.PACKAGE_REMOVED, [EI7BYFojudkobVjKHwty2rDeKAujxJfCn09fgDnKdGM]
04-22 09:49:12.395 26404 26404 I Finsky  : [2] acjt.g(8): Invalidating cached PackageState for com.google.location.nearby.apps.connectedcrossroad
04-22 09:49:12.403  1743  2660 W LocationProviderProxy: com.qualcomm.location resolves service com.android.location.service.v3.NetworkLocationProvider, but has wrong signature, ignoring
04-22 09:49:12.403  1743  1772 W BroadcastQueue: Background execution not allowed: receiving Intent { act=android.intent.action.PACKAGE_REMOVED dat=package:com.google.location.nearby.apps.connectedcrossroad flg=0x4000010 (has extras) } to com.android.vending/com.google.android.finsky.instantapps.appmanagement.InstantAppRemoveMonitor
04-22 09:49:12.404  1743  2660 W LocationProviderProxy: com.google.android.gms resolves service com.android.location.service.v3.NetworkLocationProvider, but has wrong signature, ignoring
04-22 09:49:12.404  1743  1772 W BroadcastQueue: Background execution not allowed: receiving Intent { act=android.intent.action.PACKAGE_REMOVED dat=package:com.google.location.nearby.apps.connectedcrossroad flg=0x4000010 (has extras) } to com.google.android.gms/.games.chimera.GamesSystemBroadcastReceiverProxy
04-22 09:49:12.404  1743  1772 W BroadcastQueue: Background execution not allowed: receiving Intent { act=android.intent.action.PACKAGE_REMOVED dat=package:com.google.location.nearby.apps.connectedcrossroad flg=0x4000010 (has extras) } to com.google.android.gms/.chimera.GmsIntentOperationService$PersistentTrustedReceiver
04-22 09:49:12.405  1743  1772 W BroadcastQueue: Background execution not allowed: receiving Intent { act=android.intent.action.PACKAGE_REMOVED dat=package:com.google.location.nearby.apps.connectedcrossroad flg=0x4000010 (has extras) } to com.google.android.googlequicksearchbox/com.google.android.apps.gsa.googlequicksearchbox.GelStubAppWatcher
04-22 09:49:12.405  1743  1772 W BroadcastQueue: Background execution not allowed: receiving Intent { act=android.intent.action.PACKAGE_REMOVED dat=package:com.google.location.nearby.apps.connectedcrossroad flg=0x4000010 (has extras) } to com.verizon.loginengine.unbranded/com.verizon.vzwavs.AVSSystemReceiver
04-22 09:49:12.405  1743  1772 W BroadcastQueue: Background execution not allowed: receiving Intent { act=android.intent.action.PACKAGE_REMOVED dat=package:com.google.location.nearby.apps.connectedcrossroad flg=0x4000010 (has extras) } to com.google.android.apps.magazines/com.google.android.libraries.social.peoplekit.thirdparty.viewcontrollers.ThirdPartyReceiver
04-22 09:49:12.405  1743  1772 W BroadcastQueue: Background execution not allowed: receiving Intent { act=android.intent.action.PACKAGE_ADDED dat=package:com.google.location.nearby.apps.connectedcrossroad flg=0x4000010 (has extras) } to com.google.android.packageinstaller/com.android.packageinstaller.PackageInstalledReceiver
04-22 09:49:12.405  3268  3268 D MotoSystemServer: Finding service package:com.motorola.actions and service:com.motorola.actions.motoservice.MotoService
04-22 09:49:12.405  1743  1772 W BroadcastQueue: Background execution not allowed: receiving Intent { act=android.intent.action.PACKAGE_ADDED dat=package:com.google.location.nearby.apps.connectedcrossroad flg=0x4000010 (has extras) } to com.android.vending/com.google.android.finsky.packagemanager.impl.PackageMonitorReceiverImpl$RegisteredReceiver
04-22 09:49:12.405  1743  1772 W BroadcastQueue: Background execution not allowed: receiving Intent { act=android.intent.action.PACKAGE_ADDED dat=package:com.google.location.nearby.apps.connectedcrossroad flg=0x4000010 (has extras) } to com.facebook.appmanager/com.facebook.oxygen.common.packages.event.manifest.ManifestPackageEventReceiver
04-22 09:49:12.405  3523  3548 W orola.launcher: Reducing the number of considered missed Gc histogram windows from 134 to 100
04-22 09:49:12.405  1743  1772 W BroadcastQueue: Background execution not allowed: receiving Intent { act=android.intent.action.PACKAGE_ADDED dat=package:com.google.location.nearby.apps.connectedcrossroad flg=0x4000010 (has extras) } to com.google.android.gms/.games.chimera.GamesSystemBroadcastReceiverProxy
04-22 09:49:12.406  1743  1772 W BroadcastQueue: Background execution not allowed: receiving Intent { act=android.intent.action.PACKAGE_ADDED dat=package:com.google.location.nearby.apps.connectedcrossroad flg=0x4000010 (has extras) } to com.google.android.gms/.gass.chimera.PackageChangeBroadcastReceiver
04-22 09:49:12.406  1743  1772 W BroadcastQueue: Background execution not allowed: receiving Intent { act=android.intent.action.PACKAGE_ADDED dat=package:com.google.location.nearby.apps.connectedcrossroad flg=0x4000010 (has extras) } to com.google.android.gms/.chimera.GmsIntentOperationService$PersistentTrustedReceiver
04-22 09:49:12.406  1743  1772 W BroadcastQueue: Background execution not allowed: receiving Intent { act=android.intent.action.PACKAGE_ADDED dat=package:com.google.location.nearby.apps.connectedcrossroad flg=0x4000010 (has extras) } to com.google.android.googlequicksearchbox/com.google.android.apps.gsa.googlequicksearchbox.GelStubAppWatcher
04-22 09:49:12.406  1743  1772 W BroadcastQueue: Background execution not allowed: receiving Intent { act=android.intent.action.PACKAGE_ADDED dat=package:com.google.location.nearby.apps.connectedcrossroad flg=0x4000010 (has extras) } to com.google.android.ims/.receivers.RcsAutoStartReceiver
04-22 09:49:12.407  3347  3347 I GsaVoiceInteractionSrv: O received Intent { act=android.intent.action.PACKAGE_REMOVED dat=package:com.google.location.nearby.apps.connectedcrossroad flg=0x4000010 (has extras) }
04-22 09:49:12.407  3347  3347 I GsaVoiceInteractionSrv: O received Intent { act=android.intent.action.PACKAGE_ADDED dat=package:com.google.location.nearby.apps.connectedcrossroad flg=0x4000010 (has extras) }
04-22 09:49:12.408  3347  3347 I GsaVoiceInteractionSrv: O received Intent { act=android.intent.action.PACKAGE_REPLACED dat=package:com.google.location.nearby.apps.connectedcrossroad flg=0x4000010 (has extras) }
04-22 09:49:12.410  3268  3268 D MotoSystemServer: Finding service package:com.motorola.moto and service:com.motorola.mya.MayaManagerService
04-22 09:49:12.412  3268  3268 D MotoSystemServer: Finding service package:com.motorola.msimsettings and service:com.motorola.msimsettings.services.PersistentService
04-22 09:49:12.412  3268  3268 D MotoSystemServer: receive intent :Intent { act=android.intent.action.PACKAGE_REPLACED dat=package:com.google.location.nearby.apps.connectedcrossroad flg=0x4000010 (has extras) }
04-22 09:49:12.412  3268  3268 D MotoSystemServer:  packageName = com.google.location.nearby.apps.connectedcrossroad
04-22 09:49:12.413  1743  2660 W LocationProviderProxy: com.qualcomm.location resolves service com.android.location.service.v3.NetworkLocationProvider, but has wrong signature, ignoring
04-22 09:49:12.413  1743  2660 W LocationProviderProxy: Odd, no component found for service com.android.location.service.v3.NetworkLocationProvider
04-22 09:49:12.418  3268  3268 D MotoSystemServer: Component ComponentInfo{com.motorola.moto/com.motorola.mya.MayaManagerService} is Disabled
04-22 09:49:12.425  3268  3268 W MotoSystemServer: Moto service : com.motorola.msimsettings/com.motorola.msimsettings.services.PersistentService has been already binded
04-22 09:49:12.436   721   721 D Zygote  : Forked child process 27526
04-22 09:49:12.436  3268  3268 W MotoSystemServer: Moto service : com.motorola.actions/com.motorola.actions.motoservice.MotoService has been already binded
04-22 09:49:12.440 26404 27525 I Finsky  : [3040] qty.run(16): Wrote row to frosting DB: 410
04-22 09:49:12.447  1743  1773 I ActivityManager: Start proc 27526:com.motorola.invisiblenet/u0a157 for broadcast {com.motorola.invisiblenet/com.motorola.invisiblenet.PackageAddedReceiver}
04-22 09:49:12.451 27526 27526 E la.invisiblene: Not starting debugger since process cannot load the jdwp agent.
04-22 09:49:12.452  7384  7384 D MCLOG   : [MC_Service] onStartcommand()
04-22 09:49:12.470 26404 26404 I Finsky  : [2] szq.s(2): Installer: package com.google.location.nearby.apps.connectedcrossroad was removed. replacing: true
04-22 09:49:12.473  1743  2157 I InputReader: Reconfiguring input devices.  changes=0x00000010
04-22 09:49:12.477 26404 26404 I Finsky  : [2] tao.L(12): Installer: Notifying status update. package=com.google.location.nearby.apps.connectedcrossroad, status=UNINSTALLED
04-22 09:49:12.479  1743  2157 I InputReader: Reconfiguring input devices.  changes=0x00000010
04-22 09:49:12.481   721   721 D Zygote  : Forked child process 27547
04-22 09:49:12.484  2498  2498 E VvmPkgInstalledRcvr: cannot create TelephonyManager from ComponentInfo{com.android.phone/com.android.services.telephony.TelephonyConnectionService}, ***, UserHandle{0}
04-22 09:49:12.485  1743  1773 I ActivityManager: Start proc 27547:com.android.keychain/1000 for service {com.android.keychain/com.android.keychain.KeyChainService}
04-22 09:49:12.498  1743  2157 I InputReader: Reconfiguring input devices.  changes=0x00000010
04-22 09:49:12.517 26404 27556 I Finsky  : [3042] hzi.a(3): Cancelled 0 ongoing asset module downloads for package com.google.location.nearby.apps.connectedcrossroad due to a concurrent app update.
04-22 09:49:12.521 26404 27525 I Finsky  : [3040] qty.run(16): Wrote row to frosting DB: 411
04-22 09:49:12.524 27526 27526 I la.invisiblene: The ClassLoaderContext is a special shared library.
04-22 09:49:12.525 26404 26404 I Finsky  : [2] acis.h(1): PackageMonitorReceiverImpl - Received: android.intent.action.PACKAGE_ADDED, [EI7BYFojudkobVjKHwty2rDeKAujxJfCn09fgDnKdGM]
04-22 09:49:12.527 26404 26404 I Finsky  : [2] acjt.g(8): Invalidating cached PackageState for com.google.location.nearby.apps.connectedcrossroad
04-22 09:49:12.548 26404 27525 I Finsky  : [3040] qty.run(16): Wrote row to frosting DB: 412
04-22 09:49:12.556 26404 26404 I Finsky  : [2] athq.a(3): Do not start WearSupportService due to Wear service optimization
04-22 09:49:12.556 22073 27560 I chatty  : uid=10156 com.google.android.gms.persistent expire 1 line
04-22 09:49:12.556  2498  2498 E PhoneInterfaceManager: [PhoneIntfMgr] getCarrierPackageNamesForIntent: No UICC
04-22 09:49:12.556  2498  2498 D CarrierSvcBindHelper: No carrier app for: 0
04-22 09:49:12.557  2498  2498 E PhoneInterfaceManager: [PhoneIntfMgr] getCarrierPackageNamesForIntent: No UICC
04-22 09:49:12.557  2498  2498 D CarrierSvcBindHelper: No carrier app for: 0
04-22 09:49:12.559  1743  3392 W BroadcastQueue: Background execution not allowed: receiving Intent { act=android.intent.action.PACKAGE_ADDED dat=package:com.google.location.nearby.apps.connectedcrossroad flg=0x4000010 (has extras) } to com.verizon.loginengine.unbranded/com.verizon.vzwavs.AVSSystemReceiver
04-22 09:49:12.561 26404 27556 I Finsky  : [3042] hzf.a(15): Asset module broadcast after update successful for package com.google.location.nearby.apps.connectedcrossroad. 0 sessions broadcast.
04-22 09:49:12.564 27547 27547 E ndroid.keychai: Not starting debugger since process cannot load the jdwp agent.
04-22 09:49:12.570  2498  2498 E VvmPkgInstalledRcvr: cannot create TelephonyManager from ComponentInfo{com.android.phone/com.android.services.telephony.TelephonyConnectionService}, ***, UserHandle{0}
04-22 09:49:12.571  2498  2498 D ImsResolver: maybeAddedImsService, packageName: com.google.location.nearby.apps.connectedcrossroad
04-22 09:49:12.573  2498  2498 D CarrierConfigLoader: mHandler: 9 phoneId: 0
04-22 09:49:12.574 26404 27525 I Finsky  : [3040] qty.run(16): Wrote row to frosting DB: 413
04-22 09:49:12.583 26404 26404 I Finsky  : [2] acis.h(1): PackageMonitorReceiverImpl - Received: android.intent.action.PACKAGE_ADDED, [EI7BYFojudkobVjKHwty2rDeKAujxJfCn09fgDnKdGM]
04-22 09:49:12.583 26404 26404 I Finsky  : [2] acjt.g(8): Invalidating cached PackageState for com.google.location.nearby.apps.connectedcrossroad
04-22 09:49:12.591 26404 27525 I Finsky  : [3040] qty.run(16): Wrote row to frosting DB: 414
04-22 09:49:12.595 26404 26404 I Finsky  : [2] acis.h(1): PackageMonitorReceiverImpl - Deduping intent android.intent.action.PACKAGE_ADDED
04-22 09:49:12.602 26404 26404 I Finsky  : [2] tao.O(7): Installer: found apps to install. isMultiUserMode=false, apps=[]
04-22 09:49:12.605 26404 26404 I Finsky  : [2] acis.h(1): PackageMonitorReceiverImpl - Received: android.intent.action.PACKAGE_ADDED, [EI7BYFojudkobVjKHwty2rDeKAujxJfCn09fgDnKdGM]
04-22 09:49:12.606 26404 26404 I Finsky  : [2] acjt.g(8): Invalidating cached PackageState for com.google.location.nearby.apps.connectedcrossroad
04-22 09:49:12.610 24895 27561 I chatty  : uid=10156(com.google.android.gms) expire 1 line
04-22 09:49:12.612 27547 27547 I ndroid.keychai: The ClassLoaderContext is a special shared library.
04-22 09:49:12.616 26404 27525 I Finsky  : [3040] qty.run(16): Wrote row to frosting DB: 415
04-22 09:49:12.618 26404 27588 I Finsky  : [3044] twf.C(2): IQ: Notifying installation update. package=com.google.location.nearby.apps.connectedcrossroad, status=UNINSTALLED
04-22 09:49:12.619 26404 26404 I Finsky  : [2] acis.h(1): PackageMonitorReceiverImpl - Deduping intent android.intent.action.PACKAGE_ADDED
04-22 09:49:12.624  1743  3392 W BroadcastQueue: Background execution not allowed: receiving Intent { act=android.intent.action.PACKAGE_REPLACED dat=package:com.google.location.nearby.apps.connectedcrossroad flg=0x4000010 (has extras) } to com.facebook.appmanager/com.facebook.oxygen.common.packages.event.manifest.ManifestPackageEventReceiver
04-22 09:49:12.625  1743  1772 W BroadcastQueue: Background execution not allowed: receiving Intent { act=android.intent.action.PACKAGE_REPLACED dat=package:com.google.location.nearby.apps.connectedcrossroad flg=0x4000010 (has extras) } to com.google.android.apps.photos/.account.full.FetchAccountPropertiesAppUpgradeBroadcastReceiver
04-22 09:49:12.625  1743  1772 W BroadcastQueue: Background execution not allowed: receiving Intent { act=android.intent.action.PACKAGE_REPLACED dat=package:com.google.location.nearby.apps.connectedcrossroad flg=0x4000010 (has extras) } to com.google.android.apps.photos/.account.full.SyncAccountsForLoginBroadcastReceiver
04-22 09:49:12.627  1743  1772 W BroadcastQueue: Background execution not allowed: receiving Intent { act=android.intent.action.PACKAGE_REPLACED dat=package:com.google.location.nearby.apps.connectedcrossroad flg=0x4000010 (has extras) } to com.google.android.apps.photos/.notificationchannels.AppUpdateBroadcastReceiver
04-22 09:49:12.631 26404 26404 I Finsky  : [2] VerifyInstallTask.ne(6): Verification complete: id=23, package_name=com.google.location.nearby.apps.connectedcrossroad
04-22 09:49:12.644  1743  1772 W BroadcastQueue: Background execution not allowed: receiving Intent { act=android.intent.action.PACKAGE_REPLACED dat=package:com.google.location.nearby.apps.connectedcrossroad flg=0x4000010 (has extras) } to com.google.android.gms/.gass.chimera.PackageChangeBroadcastReceiver
04-22 09:49:12.648  1743  1772 W BroadcastQueue: Background execution not allowed: receiving Intent { act=android.intent.action.PACKAGE_REPLACED dat=package:com.google.location.nearby.apps.connectedcrossroad flg=0x4000010 (has extras) } to com.google.android.gms/.chimera.GmsIntentOperationService$PersistentTrustedReceiver
04-22 09:49:12.649  1743  1772 W BroadcastQueue: Background execution not allowed: receiving Intent { act=android.intent.action.PACKAGE_REPLACED dat=package:com.google.location.nearby.apps.connectedcrossroad flg=0x4000010 (has extras) } to com.google.android.googlequicksearchbox/com.google.android.apps.gsa.googlequicksearchbox.GelStubAppWatcher
04-22 09:49:12.649  1743  1772 W BroadcastQueue: Background execution not allowed: receiving Intent { act=android.intent.action.PACKAGE_REPLACED dat=package:com.google.location.nearby.apps.connectedcrossroad flg=0x4000010 (has extras) } to com.google.android.ims/.receivers.RcsAutoStartReceiver
04-22 09:49:12.650  1743  1772 W BroadcastQueue: Background execution not allowed: receiving Intent { act=android.intent.action.PACKAGE_REPLACED dat=package:com.google.location.nearby.apps.connectedcrossroad flg=0x4000010 (has extras) } to com.motorola.ccc.notification/.gcm.GCMAdminReceiver
04-22 09:49:12.650  1743  1772 W BroadcastQueue: Background execution not allowed: receiving Intent { act=android.intent.action.PACKAGE_REPLACED dat=package:com.google.location.nearby.apps.connectedcrossroad flg=0x4000010 (has extras) } to com.verizon.loginengine.unbranded/com.verizon.vzwavs.AVSSystemReceiver
04-22 09:49:12.653  1743  1762 W Looper  : Slow delivery took 205ms android.fg h=android.os.Handler c=<recycled PooledLambda@ec7ab6b> m=0
04-22 09:49:12.665 22073 22073 I chatty  : uid=10156 com.google.android.gms.persistent expire 10 lines
04-22 09:49:12.678 24895 24951 I chatty  : uid=10156(com.google.android.gms) highpool[3] expire 1 line
04-22 09:49:12.683 22073 15397 I chatty  : uid=10156 com.google.android.gms.persistent expire 29 lines
04-22 09:49:12.683 22073  6684 I chatty  : uid=10156 com.google.android.gms.persistent expire 20 lines
04-22 09:49:12.695  1743  1743 W Looper  : Slow dispatch took 216ms main h=android.app.ActivityThread$H c=android.app.-$$Lambda$LoadedApk$ReceiverDispatcher$Args$_BumDX2UKsnxLVrE6UJsJZkotuA@1883ec2 m=0
04-22 09:49:12.695  1743  1743 W Looper  : Slow delivery took 306ms main h=android.app.ActivityThread$H c=android.app.-$$Lambda$LoadedApk$ReceiverDispatcher$Args$_BumDX2UKsnxLVrE6UJsJZkotuA@62e04d3 m=0
04-22 09:49:12.701   720 27592 E ResolverController: No valid NAT64 prefix (100, <unspecified>/0)
04-22 09:49:12.721 26404 27588 I Finsky  : [3044] twf.t(6): IQ: Pruning inactive install requests
04-22 09:49:12.725 26404 27588 I Finsky  : [3044] twf.t(41): IQ: No matching installs to run for jobs: []
04-22 09:49:12.759 24895 24930 I chatty  : uid=10156(com.google.android.gms) lowpool[2] expire 8 lines
04-22 09:49:12.760 24895 24948 I chatty  : uid=10156(com.google.android.gms) highpool[0] expire 1 line
04-22 09:49:12.781  1743  1743 I TelecomService: DefaultDialerCache: Refreshing default dialer for user 0: now com.google.android.dialer: DDC.oR@Arw
04-22 09:49:12.782 26404 26404 I Finsky  : [2] agxj.b(5): SCH: Jobs in database: 1-1337 3-29 12-1 26-1414141414 
04-22 09:49:12.788 26404 27544 I Finsky  : [3041] kwu.a(2): [ContentSync] finished, scheduled=true
04-22 09:49:12.789  1743  1743 V BackupManagerConstants: getFullBackupIntervalMilliseconds(...) returns 86400000
04-22 09:49:12.789  1743  1743 V BackupManagerConstants: getFullBackupRequiredNetworkType(...) returns 2
04-22 09:49:12.789  1743  1743 V BackupManagerConstants: getFullBackupRequireCharging(...) returns true
04-22 09:49:12.796 26404 26404 I Finsky  : [2] agvn.h(37): SCH: ConstraintMapping: 1-1337, 12-1,  -> L: 14774ms, D: 73039293ms, C: false, I: false, N: 1
04-22 09:49:12.797 26404 26404 I Finsky  : [2] agvn.h(37): SCH: ConstraintMapping: 3-29,  -> L: 0ms, D: 86074882ms, C: true, I: true, N: 2
04-22 09:49:12.798  1743  1743 E LoadedApk: Unable to instantiate appComponentFactory
04-22 09:49:12.798  1743  1743 E LoadedApk: java.lang.ClassNotFoundException: Didn't find class "androidx.core.app.CoreComponentFactory" on path: DexPathList[[],nativeLibraryDirectories=[/system/app/YTMusic/lib/arm, /system/app/YTMusic/YTMusic.apk!/lib/armeabi-v7a, /system/lib, /product/lib, /system/lib, /product/lib]]
04-22 09:49:12.798  1743  1743 E LoadedApk: 	at dalvik.system.BaseDexClassLoader.findClass(BaseDexClassLoader.java:196)
04-22 09:49:12.798  1743  1743 E LoadedApk: 	at java.lang.ClassLoader.loadClass(ClassLoader.java:379)
04-22 09:49:12.798  1743  1743 E LoadedApk: 	at java.lang.ClassLoader.loadClass(ClassLoader.java:312)
04-22 09:49:12.798  1743  1743 E LoadedApk: 	at android.app.LoadedApk.createAppFactory(LoadedApk.java:256)
04-22 09:49:12.798  1743  1743 E LoadedApk: 	at android.app.LoadedApk.updateApplicationInfo(LoadedApk.java:370)
04-22 09:49:12.798  1743  1743 E LoadedApk: 	at android.app.ActivityThread.handleDispatchPackageBroadcast(ActivityThread.java:6186)
04-22 09:49:12.798  1743  1743 E LoadedApk: 	at android.app.ActivityThread$H.handleMessage(ActivityThread.java:2108)
04-22 09:49:12.798  1743  1743 E LoadedApk: 	at android.os.Handler.dispatchMessage(Handler.java:107)
04-22 09:49:12.798  1743  1743 E LoadedApk: 	at android.os.Looper.loop(Looper.java:241)
04-22 09:49:12.798  1743  1743 E LoadedApk: 	at com.android.server.SystemServer.run(SystemServer.java:585)
04-22 09:49:12.798  1743  1743 E LoadedApk: 	at com.android.server.SystemServer.main(SystemServer.java:381)
04-22 09:49:12.798  1743  1743 E LoadedApk: 	at java.lang.reflect.Method.invoke(Native Method)
04-22 09:49:12.798  1743  1743 E LoadedApk: 	at com.android.internal.os.RuntimeInit$MethodAndArgsCaller.run(RuntimeInit.java:492)
04-22 09:49:12.798  1743  1743 E LoadedApk: 	at com.android.internal.os.ZygoteInit.main(ZygoteInit.java:919)
04-22 09:49:12.804 26404 26404 I Finsky  : [2] agvn.h(37): SCH: ConstraintMapping: 26-1414141414,  -> L: 630102ms, D: 1530102ms, C: false, I: false, N: 0
04-22 09:49:12.818 26404 26404 I Finsky  : [2] agvn.j(7): SCH: Cancelling existing jobscheduler jobs: 9002 9001 9005 
04-22 09:49:12.819 26404 26404 I Finsky  : [2] agvn.i(11): SCH: Scheduling job Id: 9000, L: 14774, D: 73039293, C: false, I: false, N: 1
04-22 09:49:12.824 26404 26404 I Finsky  : [2] agvn.i(11): SCH: Scheduling job Id: 9003, L: 0, D: 86074882, C: true, I: true, N: 2
04-22 09:49:12.825 26404 26404 I Finsky  : [2] agvn.i(11): SCH: Scheduling job Id: 9004, L: 630102, D: 1530102, C: false, I: false, N: 0
04-22 09:49:12.829 26404 26404 I Finsky  : [2] trq.a(5): IQ::HLD: previousAllInstallsDone is Optional.empty, allInstallationsDone is Optional[true]
04-22 09:49:12.830 26404 26404 I Finsky  : [2] trq.a(7): IQ::HLD: Updating installations status false cross profiles
04-22 09:49:12.830 26404 26404 I Finsky  : [2] lbv.b(1): XPF:Binding for 81942744
04-22 09:49:12.840 26404 26404 I Finsky  : [2] ProfileStateService.onCreate(1): XPF:creating profileStateService
04-22 09:49:12.849 26404 26404 I Finsky  : [2] lbd.a(3): XPF:Registering listener 96704663 for user UserHandle{0}.
04-22 09:49:12.849 26404 26404 I Finsky  : [2] lbd.g(4): XPF:User UserHandle{0} finished enterprise setup, removing profile.
04-22 09:49:12.849 26404 26404 I Finsky  : [2] lbd.e(3): XPF:User UserHandle{0} is not in installation anymore, removing profile.
04-22 09:49:12.850 26404 26404 I Finsky  : [2] lbd.e(5): XPF:Notifying user UserHandle{0} that all installs are finished
04-22 09:49:12.850 26404 26404 I Finsky  : [2] lbv.d(1): XPF:unbinding for 81942744
04-22 09:49:12.854 26404 26715 I Finsky  : [2999] lbd.b(3): XPF:Removing listener for user UserHandle{0} and listener 96704663
04-22 09:49:12.883   969  1090 E         : Couldn't opendir /data/app/vmdl703577535.tmp: No such file or directory
04-22 09:49:12.883   969  1090 E installd: Failed to delete /data/app/vmdl703577535.tmp: No such file or directory
04-22 09:49:12.904  1743  1743 W Looper  : Drained
04-22 09:49:13.052  1743  1756 I system_server: Background concurrent copying GC freed 263236(13MB) AllocSpace objects, 28(2196KB) LOS objects, 42% free, 20MB/36MB, paused 136us total 206.940ms
04-22 09:49:13.191 26404 27544 I Finsky  : [3041] kwu.a(2): [ContentSync] finished, scheduled=true
04-22 09:49:13.192 26404 26404 I Finsky  : [2] agxj.b(5): SCH: Jobs in database: 1-1337 3-29 12-1 26-1414141414 
04-22 09:49:13.200 26404 26404 I Finsky  : [2] agvn.h(37): SCH: ConstraintMapping: 1-1337, 12-1,  -> L: 14369ms, D: 73038885ms, C: false, I: false, N: 1
04-22 09:49:13.201 26404 26404 I Finsky  : [2] agvn.h(37): SCH: ConstraintMapping: 3-29,  -> L: 0ms, D: 86074475ms, C: true, I: true, N: 2
04-22 09:49:13.202 26404 26404 I Finsky  : [2] agvn.h(37): SCH: ConstraintMapping: 26-1414141414,  -> L: 629697ms, D: 1529697ms, C: false, I: false, N: 0
04-22 09:49:13.218 26404 26404 I Finsky  : [2] agvn.j(7): SCH: Cancelling existing jobscheduler jobs: 9000 9004 9003 
04-22 09:49:13.219 26404 26404 I Finsky  : [2] agvn.i(11): SCH: Scheduling job Id: 9001, L: 14369, D: 73038885, C: false, I: false, N: 1
04-22 09:49:13.224  1743  4868 I ActivityTaskManager: START u0 {act=android.intent.action.MAIN cat=[android.intent.category.LAUNCHER] flg=0x10000000 cmp=com.google.location.nearby.apps.connectedcrossroad/nx.aodv.eval.MainActivity} from uid 2000
04-22 09:49:13.225  1743  4868 D ActivityTaskManager: getPreferredLaunchDisplay usersetdisplayid -1 current displayId 0 paramspreferid 0
04-22 09:49:13.225 26404 26404 I Finsky  : [2] agvn.i(11): SCH: Scheduling job Id: 9002, L: 0, D: 86074475, C: true, I: true, N: 2
04-22 09:49:13.228 26404 26404 I Finsky  : [2] agvn.i(11): SCH: Scheduling job Id: 9005, L: 629697, D: 1529697, C: false, I: false, N: 0
04-22 09:49:13.225  1743  4868 D ActivityTaskManager: getPreferredLaunchDisplay usersetdisplayid -1 current displayId 0 paramspreferid 0
04-22 09:49:13.230  1743  4868 D ActivityTaskManager: getPreferredLaunchDisplay usersetdisplayid 0 current displayId 0 paramspreferid 0
04-22 09:49:13.242  7384  7427 D MCLOG   : [MC_TriggerHelper] PauseResumeTrigger
04-22 09:49:13.254  1743  1766 E system_server: Invalid ID 0x00000000.
04-22 09:49:13.255  1743  1743 V SettingsProvider: Notifying for 0: content://settings/secure/reminder_exp_learning_time_elapsed
04-22 09:49:13.255  7384  7384 D MCLOG   : [MC_Service] onStartcommand()
04-22 09:49:13.258  1743  1762 W Looper  : Drained
04-22 09:49:13.266   721   721 D Zygote  : Forked child process 27620
04-22 09:49:13.270  1743  1773 I ActivityManager: Start proc 27620:com.google.location.nearby.apps.connectedcrossroad/u0a217 for activity {com.google.location.nearby.apps.connectedcrossroad/nx.aodv.eval.MainActivity}
04-22 09:49:13.274 27620 27620 I nectedcrossroa: Late-enabling -Xcheck:jni
04-22 09:49:13.274  1743  1766 V WindowManager: Changing focus from Window{a0fbc2a u0 com.motorola.launcher3/com.android.launcher3.CustomizationPanelLauncher} to null displayId=0
04-22 09:49:13.302 27620 27620 E nectedcrossroa: Unknown bits set in runtime_flags: 0x8000
04-22 09:49:13.323  7384  7427 D MCLOG   : [MC_TriggerHelper] PauseResumeTrigger
04-22 09:49:13.331  1743  1766 I WindowManager:   SURFACE show Surface(name=Splash Screen com.google.location.nearby.apps.connectedcrossroad)/@0x19cda98 on display:0: Splash Screen com.google.location.nearby.apps.connectedcrossroad
04-22 09:49:13.337   720   720 I netd    : firewallSetUidRule(2, 10217, 1) <0.04ms>
04-22 09:49:13.338  7384  7384 D MCLOG   : [MC_Service] onStartcommand()
04-22 09:49:13.355  6583  6606 I MicroDetectionState: Should stop hotword detection immediately - false
04-22 09:49:13.356  6583  6606 I MicroDetector: Keeping mic open: false
04-22 09:49:13.356  6583  6606 I RecognitionAudioControl: #shutdownAudio [requestId: -6135990961567123150, keepAudioOpen: false, forced: true]
04-22 09:49:13.356  6583 27267 E DeviceStateChecker: DeviceStateChecker cancelled
04-22 09:49:13.358  6583  6606 I RecognitionAudioControl: #internalShutdownAudio [requestId: -6135990961567123150]
04-22 09:49:13.358  6583  6606 I RecognitionAudioControl: #internalShutdownAudio [keepAudioOpen: false, forced: true]
04-22 09:49:13.358  6583  6606 I RecognitionAudioControl: #actualShutdownAudio
04-22 09:49:13.358  6583  6606 I AudioController: #shutdown [requestId=-6135990961567123150]
04-22 09:49:13.358  6583  6637 I AudioController: internalShutdown
04-22 09:49:13.359  6583  6636 I MicroRecognitionRunner: Stopping hotword detection.
04-22 09:49:13.420   807   884 D audio_hw_primary: disable_audio_route: usecase(10) reset and update mixer path: audio-record
04-22 09:49:13.421   807   884 D audio_hw_primary: disable_snd_device: snd_device(136: voice-rec-mic)
04-22 09:49:13.424   807  1556 D audio_hw_primary: in_set_parameters: enter: kvpairs=routing=0
04-22 09:49:13.431  6583  6637 I MicrophoneInputStream: mic_close  SR : 16000 CC : 16 SO : 1999
04-22 09:49:13.432  6583  6637 E AudioSource: Stop listening is called on already closed AudioSource
04-22 09:49:13.433  6583 27243 I MicroRecognitionRunner: Detection finished
04-22 09:49:13.633  1743 11436 I WindowManager: Window drawn AppWindowToken{815d8f1 token=Token{f647898 ActivityRecord{fa6c27b u0 com.motorola.launcher3/com.android.launcher3.CustomizationPanelLauncher t4}}}
04-22 09:49:13.706 27620 27620 W nectedcrossroa: Accessing hidden method Landroid/view/View;->computeFitSystemWindows(Landroid/graphics/Rect;Landroid/graphics/Rect;)Z (greylist, reflection, allowed)
04-22 09:49:13.707 27620 27620 W nectedcrossroa: Accessing hidden method Landroid/view/ViewGroup;->makeOptionalFitsSystemWindows()V (greylist, reflection, allowed)
04-22 09:49:13.797  1743 11433 I ActivityManager: Killing 26363:com.google.android.apps.wellbeing/u0a105 (adj 985): empty #17
04-22 09:49:13.844  1743  4868 D ActivityManager: makeInactive, ProcessRecord{fcab792 26363:com.google.android.apps.wellbeing/u0a105}, clear holder.state
04-22 09:49:13.845   721   721 I Zygote  : Process 26363 exited due to signal 9 (Killed)
04-22 09:49:13.852  1743  1774 I libprocessgroup: Successfully killed process cgroup uid 10105 pid 26363 in 53ms
04-22 09:49:13.883 27620 27620 V perf    : AODV networking started.
04-22 09:49:13.991  1743  7290 V WindowManager: Changing focus from null to Window{150c45b u0 com.google.location.nearby.apps.connectedcrossroad/nx.aodv.eval.MainActivity} displayId=0
04-22 09:49:13.994 27620 27658 I AdrenoGLES: QUALCOMM build                   : 961b24f, Ib57168459a
04-22 09:49:13.994 27620 27658 I AdrenoGLES: Build Date                       : 02/24/20
04-22 09:49:13.994 27620 27658 I AdrenoGLES: OpenGL ES Shader Compiler Version: EV031.27.05.06
04-22 09:49:13.994 27620 27658 I AdrenoGLES: Local Branch                     : 
04-22 09:49:13.994 27620 27658 I AdrenoGLES: Remote Branch                    : 
04-22 09:49:13.994 27620 27658 I AdrenoGLES: Remote Branch                    : 
04-22 09:49:13.994 27620 27658 I AdrenoGLES: Reconstruct Branch               : 
04-22 09:49:13.994 27620 27658 I AdrenoGLES: Build Config                     : S L 8.0.12 AArch32
04-22 09:49:14.010 27620 27658 I AdrenoGLES: PFP: 0x005ff112, ME: 0x005ff066
04-22 09:49:14.047   572   572 I hwservicemanager: getTransport: Cannot find entry android.hardware.graphics.mapper@3.0::IMapper/default in either framework or device manifest.
04-22 09:49:14.047 27620 27658 W Gralloc3: mapper 3.x is not supported
04-22 09:49:14.171  1743  1766 I LaunchCheckinHandler: Displayed com.google.location.nearby.apps.connectedcrossroad/nx.aodv.eval.MainActivity,cp,ca,924
04-22 09:49:14.171  1743  1766 I WindowManager: Window drawn AppWindowToken{3f23005 token=Token{6b62f7c ActivityRecord{88b366f u0 com.google.location.nearby.apps.connectedcrossroad/nx.aodv.eval.MainActivity t24}}}
04-22 09:49:14.171  1743  1766 I WindowManager:   SURFACE show Surface(name=com.google.location.nearby.apps.connectedcrossroad/nx.aodv.eval.MainActivity)/@0x49984f8 on display:0: com.google.location.nearby.apps.connectedcrossroad/nx.aodv.eval.MainActivity
04-22 09:49:14.175  1743  1771 I ActivityTaskManager: Displayed com.google.location.nearby.apps.connectedcrossroad/nx.aodv.eval.MainActivity: +947ms
04-22 09:49:14.236  6583 26292 I PBSessionCacheImpl: Deleted sessionId[28953959147428009] from persistence.
04-22 09:49:14.277  6583  6606 W SearchServiceCore: Abort, client detached.
04-22 09:49:14.509  6583  6606 I MicroDetectionState: Should stop hotword detection immediately - false
04-22 09:49:20.236     0     0 W swapper/2: type=1400 audit(0.0:2156): avc: denied { kill } for uid=0 capability=5 scontext=u:r:kernel:s0 tcontext=u:r:kernel:s0 tclass=capability permissive=0
04-22 09:49:24.561  6583  6606 I WorkerManager: dispose()
04-22 09:49:24.565  6583  6606 W ThreadPoolDumper: Queue length for executor EventBus is now 11. Perhaps some tasks are too long, or the pool is too small.
04-22 09:49:27.409  9072  9352 I chatty  : uid=10156(com.google.android.gms) lowpool[3] expire 4 lines
04-22 09:49:27.649 26404 26404 I Finsky  : [2] ahaz.a(4): SCH: onJobSchedulerWakeup with jobId 9001
04-22 09:49:27.818  1743 11433 I ActivityManager: Killing 26768:android.process.media/u0a53 (adj 975): empty #17
04-22 09:49:27.826 26404 26404 I Finsky  : [2] aguz.handleMessage(4): SCH: DeviceState: DeviceState{currentTime=1619099367805, isCharging=false, isIdle=false, netAny=true, netNotRoaming=true, netUnmetered=true, batteryPercent=69.0}
04-22 09:49:27.856 26404 27544 I Finsky  : [3041] agxj.b(5): SCH: Jobs in database: 1-1337 3-29 12-1 26-1414141414 
04-22 09:49:27.885 26404 26404 I Finsky  : [2] agva.m(9): SCH: Running job: 12-1
04-22 09:49:27.886 26404 26404 I Finsky  : [2] ContentSyncJob.s(1): [ContentSync] job started
04-22 09:49:27.888  1743  2232 D ActivityManager: makeInactive, ProcessRecord{7e0b117 26768:android.process.media/u0a53}, clear holder.state
04-22 09:49:27.889   721   721 I Zygote  : Process 26768 exited due to signal 9 (Killed)
04-22 09:49:27.890  1743  1774 I libprocessgroup: Successfully killed process cgroup uid 10053 pid 26768 in 71ms
04-22 09:49:27.895 26404 26404 I Finsky  : [2] aguz.handleMessage(29): SCH: RunningQueue size: 1, PendingQueue size: 0
04-22 09:49:27.895 26404 26404 I Finsky  : [2] aguz.handleMessage(32): SCH: Running queue: 12-1 
04-22 09:49:28.936 26404 27686 W Finsky  : [3052] acjt.l(59): Package com.android.resolv not installed
04-22 09:49:28.939 26404 27686 W Finsky  : [3052] acjt.l(59): Package com.android.conscrypt not installed
04-22 09:49:28.941 26404 27686 W Finsky  : [3052] acjt.l(59): Package com.android.runtime not installed
04-22 09:49:28.944 26404 27686 W Finsky  : [3052] acjt.l(59): Package com.android.apex.cts.shim not installed
04-22 09:49:29.328 26404 27601 I Finsky  : [3050] hop.b(1): Completed 0 account content syncs with 0 successful.
04-22 09:49:29.329 26404 26404 I Finsky  : [2] ContentSyncJob.a(1): [ContentSync] Installation state replication succeeded.
04-22 09:49:29.330 26404 26404 I Finsky  : [2] agwa.n(4): SCH: jobFinished: 12-1. TimeElapsed: 1444ms.
04-22 09:49:29.331 26404 26404 I Finsky  : [2] agva.b(3): SCH: Job 12-1 finished. Not rescheduling.
04-22 09:49:29.332 26404 26404 I Finsky  : [2] aguz.handleMessage(29): SCH: RunningQueue size: 0, PendingQueue size: 0
04-22 09:49:29.333 26404 26404 I Finsky  : [2] aguz.handleMessage(10): SCH: Executor finished
04-22 09:49:29.344 26404 26404 I Finsky  : [2] agxj.b(5): SCH: Jobs in database: 1-1337 3-29 26-1414141414 
04-22 09:49:29.352 26404 26404 I Finsky  : [2] agvn.h(37): SCH: ConstraintMapping: 1-1337,  -> L: 29822732ms, D: 73022732ms, C: false, I: false, N: 1
04-22 09:49:29.353 26404 26404 I Finsky  : [2] agvn.h(37): SCH: ConstraintMapping: 3-29,  -> L: 0ms, D: 86058323ms, C: true, I: true, N: 2
04-22 09:49:29.354 26404 26404 I Finsky  : [2] agvn.h(37): SCH: ConstraintMapping: 26-1414141414,  -> L: 613546ms, D: 1513546ms, C: false, I: false, N: 0
04-22 09:49:29.363 26404 26404 I Finsky  : [2] agvn.j(7): SCH: Cancelling existing jobscheduler jobs: 9005 9002 
04-22 09:49:29.364 26404 26404 I Finsky  : [2] agvn.i(11): SCH: Scheduling job Id: 9000, L: 29822732, D: 73022732, C: false, I: false, N: 1
04-22 09:49:29.368 26404 26404 I Finsky  : [2] agvn.e(4): SCH: Throttling wakeup for job 9003 (expected to run in 0 ms) due to recent wakeup
04-22 09:49:29.368 26404 26404 I Finsky  : [2] agvn.i(11): SCH: Scheduling job Id: 9003, L: 30000, D: 86058323, C: true, I: true, N: 2
04-22 09:49:29.371 26404 26404 I Finsky  : [2] agvn.i(11): SCH: Scheduling job Id: 9004, L: 613546, D: 1513546, C: false, I: false, N: 0
04-22 09:49:29.375  1743  3659 I ActivityManager: Killing 26641:com.google.android.apps.docs/u0a192 (adj 975): empty #17
04-22 09:49:29.412  1743  4868 D ActivityManager: makeInactive, ProcessRecord{87372c7 26641:com.google.android.apps.docs/u0a192}, clear holder.state
04-22 09:49:29.416   721   721 I Zygote  : Process 26641 exited due to signal 9 (Killed)
04-22 09:49:29.421  1743  1774 I libprocessgroup: Successfully killed process cgroup uid 10192 pid 26641 in 45ms
04-22 09:49:30.236     0     0 W swapper/1: type=1400 audit(0.0:2157): avc: denied { kill } for uid=0 capability=5 scontext=u:r:kernel:s0 tcontext=u:r:kernel:s0 tclass=capability permissive=0
04-22 09:49:38.949  9072 27700 I chatty  : uid=10156 com.google.android.gms.unstable expire 2 lines
04-22 09:49:39.838  1743  3659 I ActivityManager: Killing 26417:com.google.android.partnersetup/u0a115 (adj 975): empty #17
04-22 09:49:39.902  1743 11436 D ActivityManager: makeInactive, ProcessRecord{79f83a3 26417:com.google.android.partnersetup/u0a115}, clear holder.state
04-22 09:49:39.905   721   721 I Zygote  : Process 26417 exited due to signal 9 (Killed)
04-22 09:49:39.907  1743  1774 I libprocessgroup: Successfully killed process cgroup uid 10115 pid 26417 in 65ms
04-22 09:49:40.240     0     0 W swapper/0: type=1400 audit(0.0:2158): avc: denied { kill } for uid=0 capability=5 scontext=u:r:kernel:s0 tcontext=u:r:kernel:s0 tclass=capability permissive=0
04-22 09:49:42.822   721   721 D Zygote  : Forked child process 27714
04-22 09:49:42.828  1743  1773 I ActivityManager: Start proc 27714:com.google.android.apps.photos/u0a179 for service {com.google.android.apps.photos/androidx.work.impl.background.systemjob.SystemJobService}
04-22 09:49:42.840 27714 27714 E oid.apps.photo: Not starting debugger since process cannot load the jdwp agent.
04-22 09:49:42.886 27714 27714 I oid.apps.photo: The ClassLoaderContext is a special shared library.
04-22 09:49:42.892 27714 27714 I oid.apps.photo: The ClassLoaderContext is a special shared library.
04-22 09:49:42.927 22073 27094 I chatty  : uid=10156 com.google.android.gms.persistent expire 4 lines
04-22 09:49:42.940 22073 27580 I chatty  : uid=10156 com.google.android.gms.persistent expire 3 lines
04-22 09:49:42.963 27714 27714 W oid.apps.photo: Accessing hidden field Ljava/util/Collections$SynchronizedCollection;->mutex:Ljava/lang/Object; (greylist-max-o, reflection, denied)
04-22 09:49:42.964 27714 27714 W oid.apps.photo: Accessing hidden method Ljava/util/Collections$SynchronizedSet;-><init>(Ljava/util/Set;Ljava/lang/Object;)V (greylist-max-o, reflection, denied)
04-22 09:49:42.964 27714 27714 W oid.apps.photo: Accessing hidden method Ljava/util/Collections$SynchronizedCollection;-><init>(Ljava/util/Collection;Ljava/lang/Object;)V (greylist-max-o, reflection, denied)
04-22 09:49:43.041 22073 27093 I chatty  : uid=10156 com.google.android.gms.persistent expire 1 line
04-22 09:49:43.152   721   721 D Zygote  : Forked child process 27752
