04-22 09:53:26.450   823   823 I chatty  : uid=1000(system) thermal@1.0-ser identical 9 lines
04-22 09:53:26.451   823   823 D ThermalHAL-UTIL: Entering read_temperature
04-22 09:53:26.467  7384  7384 D MCLOG   : [MC_Service] onStartcommand()
04-22 09:53:26.479 27201 27201 D CmdCenter: - RowWeatherInitializer: Utils.getWeatherInfo return null.
04-22 09:53:26.480   721   721 D Zygote  : Forked child process 28248
04-22 09:53:26.483  1743  1773 I ActivityManager: Start proc 28248:com.google.android.apps.turbo/u0a142 for broadcast {com.google.android.apps.turbo/com.google.android.apps.turbo.nudges.broadcasts.BatteryStatusChangedReceiver}
04-22 09:53:26.483 27201 27201 D CmdCenter: - RowWidgetUpdater2: ->config = {1.0 ?mcc?mnc [en_US] ldltr sw411dp w411dp h812dp 280dpi nrml long port finger -keyb/v/h -nav/h winConfig={ mBounds=Rect(0, 0 - 720, 1520) mAppBounds=Rect(0, 56 - 720, 1478) mWindowingMode=fullscreen mDisplayWindowingMode=fullscreen mActivityType=undefined mAlwaysOnTop=undefined mRotation=ROTATION_0} s.42 ?spn ?gid}
04-22 09:53:26.484 27201 27201 D CmdCenter: - RowWidgetUpdater2: ->config debug_dimens = 54
04-22 09:53:26.498 28248 28248 E roid.apps.turb: Not starting debugger since process cannot load the jdwp agent.
04-22 09:53:26.527 28248 28248 D ApplicationLoaders: Returning zygote-cached class loader: /system/framework/android.hidl.base-V1.0-java.jar
04-22 09:53:26.527 28248 28248 D ApplicationLoaders: Returning zygote-cached class loader: /system/framework/android.hidl.manager-V1.0-java.jar
04-22 09:53:26.527 28248 28248 D ApplicationLoaders: Returning zygote-cached class loader: /system/framework/android.hidl.base-V1.0-java.jar
04-22 09:53:26.530 28248 28248 I roid.apps.turb: The ClassLoaderContext is a special shared library.
04-22 09:53:26.535 28248 28248 I roid.apps.turb: The ClassLoaderContext is a special shared library.
04-22 09:53:26.555 28248 28248 W PrimesInit: Primes instant initialization
04-22 09:53:26.556 28248 28268 W Primes  : background initialization
04-22 09:53:26.584 28248 28268 I PrimesTesting: GserviceFlagsSupplier.get()
04-22 09:53:26.645  1743  7056 I ActivityManager: Killing 26937:com.google.android.configupdater/u0a112 (adj 985): empty #17
04-22 09:53:26.654 28248 28273 W DynamiteModule: Local module descriptor class for com.google.android.gms.crash not found.
04-22 09:53:26.691  1743  7056 D ActivityManager: makeInactive, ProcessRecord{85a4f55 26937:com.google.android.configupdater/u0a112}, clear holder.state
04-22 09:53:26.695   721   721 I Zygote  : Process 26937 exited due to signal 9 (Killed)
04-22 09:53:26.704  1743  1774 I libprocessgroup: Successfully killed process cgroup uid 10112 pid 26937 in 57ms
04-22 09:53:26.762 28248 28273 I FirebaseCrashApiImpl: FirebaseCrashApiImpl created by ClassLoader dalvik.system.DelegateLastClassLoader[DexPathList[[zip file "/data/user_de/0/com.google.android.gms/app_chimera/m/0000000e/DynamiteModulesC.apk"],nativeLibraryDirectories=[/data/user_de/0/com.google.android.gms/app_chimera/m/0000000e/DynamiteModulesC.apk!/lib/armeabi-v7a, /data/user_de/0/com.google.android.gms/app_chimera/m/0000000e/DynamiteModulesC.apk!/lib/armeabi, /system/lib, /product/lib]]]
04-22 09:53:26.777 28248 28274 I DynamiteModule: Considering local module com.google.android.gms.flags:3 and remote module com.google.android.gms.flags:3
04-22 09:53:26.777 28248 28274 I DynamiteModule: Selected local version of com.google.android.gms.flags
04-22 09:53:26.785 28248 28274 W DynamiteModule: Local module descriptor class for com.google.android.gms.crash not found.
04-22 09:53:26.817 28248 28274 I FirebaseCrashApiImpl: FirebaseCrash reporting API initialized
04-22 09:53:26.818 28248 28274 W FirebaseCrashAnalytics: Unable to log event, missing Google Analytics for Firebase library
04-22 09:53:26.976 22073 28124 I chatty  : uid=10156 com.google.android.gms.persistent expire 3 lines
04-22 09:53:27.285  1743  1760 I WifiService: enableTdls uid=10156 enable=false
04-22 09:53:27.293  1743  6577 I WifiService: enableTdlsWithMacAddress uid=1000 enable=false
04-22 09:53:27.318 27620 27620 I connectedcrossroad: onDisconnected: disconnected from 6vp5
04-22 09:53:27.319 27620 27620 V perf    : Disconnected from 6vp5
04-22 09:53:27.513   827  5608 E WifiHAL : Received LOG message with insufficent length: 24
04-22 09:53:27.513   827  5608 E WifiHAL : Received fatal event, sending alert
04-22 09:53:27.514  1743  8718 W WifiVendorHal: onDebugErrorAlert 4104
04-22 09:53:27.811  1743  1756 I system_server: Background concurrent copying GC freed 84914(5989KB) AllocSpace objects, 23(14MB) LOS objects, 42% free, 20MB/35MB, paused 134us total 176.596ms
04-22 09:53:28.340 27620 27915 D connectedcrossroad: Data collect: HELO
04-22 09:53:28.340 27620 27915 V data    : Payload RX: 0
04-22 09:53:28.340 27620 27915 V data    : Payload TX: 0
04-22 09:53:28.340 27620 27915 V data    : Total RX: 39168
04-22 09:53:28.340 27620 27915 V data    : Total TX: 82620
04-22 09:53:29.659 22073 22091 I chatty  : uid=10156(com.google.android.gms) HeapTaskDaemon expire 2 lines
04-22 09:53:30.286     0     0 W swapper/1: type=1400 audit(0.0:2179): avc: denied { kill } for uid=0 capability=5 scontext=u:r:kernel:s0 tcontext=u:r:kernel:s0 tclass=capability permissive=0
04-22 09:53:31.201 27620 27915 D connectedcrossroad: Data collect: HELO
04-22 09:53:31.201 27620 27915 V data    : Payload RX: 0
04-22 09:53:31.201 27620 27915 V data    : Payload TX: 0
04-22 09:53:31.201 27620 27915 V data    : Total RX: 39780
04-22 09:53:31.201 27620 27915 V data    : Total TX: 85068
04-22 09:53:31.544 28248 28267 I roid.apps.turb: Waiting for a blocking GC ProfileSaver
04-22 09:53:31.563 28248 28267 I roid.apps.turb: WaitForGcToComplete blocked ProfileSaver on ClassLinker for 18.857ms
04-22 09:53:31.657 27620 27915 D connectedcrossroad: Data collect: HELO
04-22 09:53:31.658 27620 27915 V data    : Payload RX: 0
04-22 09:53:31.658 27620 27915 V data    : Payload TX: 0
04-22 09:53:31.658 27620 27915 V data    : Total RX: 40392
04-22 09:53:31.658 27620 27915 V data    : Total TX: 85068
04-22 09:53:32.971 22073 27962 I chatty  : uid=10156 com.google.android.gms.persistent expire 30 lines
04-22 09:53:32.978 22073 28200 I chatty  : uid=10156 com.google.android.gms.persistent expire 50 lines
04-22 09:53:33.364 27620 27915 D connectedcrossroad: Data collect: HELO
04-22 09:53:33.364 27620 27915 V data    : Payload RX: 0
04-22 09:53:33.364 27620 27915 V data    : Payload TX: 0
04-22 09:53:33.365 27620 27915 V data    : Total RX: 41004
04-22 09:53:33.365 27620 27915 V data    : Total TX: 86292
04-22 09:53:34.384  3347  3347 D BluetoothA2dp: Binding service...
04-22 09:53:34.402  3347  3347 I BistoRealService: onStartCommand: 0 1 Intent { act=com.google.android.apps.gsa.broadcastreceiver.SETTINGS_CHANGED cmp=com.google.android.googlequicksearchbox/com.google.android.apps.gsa.staticplugins.bisto.BistoRealService (has extras) }
04-22 09:53:34.407  3347  3347 I BistoRealService: Intent handled internally
04-22 09:53:34.408  3347  3347 D BluetoothA2dp: Proxy object connected
04-22 09:53:35.906 27620 27915 D connectedcrossroad: Data collect: HELO
04-22 09:53:35.906 27620 27915 V data    : Payload RX: 0
04-22 09:53:35.907 27620 27915 V data    : Payload TX: 0
04-22 09:53:35.907 27620 27915 V data    : Total RX: 41616
04-22 09:53:35.907 27620 27915 V data    : Total TX: 87516
04-22 09:53:35.998  2290  2603 I chatty  : uid=1002(bluetooth) btu message loo expire 10 lines
04-22 09:53:36.049 27620 27915 D connectedcrossroad: Data collect: HELO
04-22 09:53:36.050 27620 27915 V data    : Payload RX: 0
04-22 09:53:36.050 27620 27915 V data    : Payload TX: 0
04-22 09:53:36.050 27620 27915 V data    : Total RX: 42228
04-22 09:53:36.050 27620 27915 V data    : Total TX: 87516
04-22 09:53:36.327 22073 28232 I chatty  : uid=10156 com.google.android.gms.persistent expire 15 lines
04-22 09:53:37.873 27620 27915 D connectedcrossroad: Data collect: HELO
04-22 09:53:37.874 27620 27915 V data    : Payload RX: 0
04-22 09:53:37.874 27620 27915 V data    : Payload TX: 0
04-22 09:53:37.874 27620 27915 V data    : Total RX: 42840
04-22 09:53:37.874 27620 27915 V data    : Total TX: 88740
04-22 09:53:38.899 28248 28292 I FirebaseCrash: Sending crashes
04-22 09:53:39.214   827  5608 E WifiHAL : Received LOG message with insufficent length: 24
04-22 09:53:39.215   827  5608 E WifiHAL : Received fatal event, sending alert
04-22 09:53:39.216  1743  8718 W WifiVendorHal: onDebugErrorAlert 4104
04-22 09:53:40.286     0     0 W swapper/0: type=1400 audit(0.0:2180): avc: denied { kill } for uid=0 capability=5 scontext=u:r:kernel:s0 tcontext=u:r:kernel:s0 tclass=capability permissive=0
04-22 09:53:40.446 27620 27915 D connectedcrossroad: Data collect: HELO
04-22 09:53:40.447 27620 27915 V data    : Payload RX: 0
04-22 09:53:40.447 27620 27915 V data    : Payload TX: 0
04-22 09:53:40.447 27620 27915 V data    : Total RX: 43452
04-22 09:53:40.447 27620 27915 V data    : Total TX: 89964
04-22 09:53:40.539  2290  2348 I chatty  : uid=1002(bluetooth) BT Service Call expire 12 lines
04-22 09:53:41.059 27620 27915 D connectedcrossroad: Data collect: HELO
04-22 09:53:41.060 27620 27915 V data    : Payload RX: 0
04-22 09:53:41.060 27620 27915 V data    : Payload TX: 0
04-22 09:53:41.060 27620 27915 V data    : Total RX: 44064
04-22 09:53:41.060 27620 27915 V data    : Total TX: 91188
04-22 09:53:47.743 27620 27915 D connectedcrossroad: Data collect: HELO
04-22 09:53:47.744 27620 27915 V data    : Payload RX: 0
04-22 09:53:47.744 27620 27915 V data    : Payload TX: 0
04-22 09:53:47.744 27620 27915 V data    : Total RX: 44676
04-22 09:53:47.744 27620 27915 V data    : Total TX: 94860
04-22 09:53:48.644 22073 28232 I chatty  : uid=10156 com.google.android.gms.persistent expire 17 lines
04-22 09:53:48.651 27620 27915 D connectedcrossroad: Data collect: HELO
04-22 09:53:48.651 27620 27915 V data    : Payload RX: 0
04-22 09:53:48.651 27620 27915 V data    : Payload TX: 0
04-22 09:53:48.651 27620 27915 V data    : Total RX: 45288
04-22 09:53:48.651 27620 27915 V data    : Total TX: 94860
04-22 09:53:48.662 27620 27915 D connectedcrossroad: Data collect: HELO
04-22 09:53:48.662 27620 27915 V data    : Payload RX: 0
04-22 09:53:48.662 27620 27915 V data    : Payload TX: 0
04-22 09:53:48.662 27620 27915 V data    : Total RX: 45900
04-22 09:53:48.662 27620 27915 V data    : Total TX: 94860
04-22 09:53:49.015 22073 28200 I chatty  : uid=10156 com.google.android.gms.persistent expire 35 lines
04-22 09:53:49.710 27620 27915 D connectedcrossroad: Data collect: HELO
04-22 09:53:49.711 27620 27915 V data    : Payload RX: 0
04-22 09:53:49.711 27620 27915 V data    : Payload TX: 0
04-22 09:53:49.711 27620 27915 V data    : Total RX: 46512
04-22 09:53:49.711 27620 27915 V data    : Total TX: 96084
04-22 09:53:50.290     0     0 W swapper/1: type=1400 audit(0.0:2181): avc: denied { kill } for uid=0 capability=5 scontext=u:r:kernel:s0 tcontext=u:r:kernel:s0 tclass=capability permissive=0
04-22 09:53:51.012 22073 27962 I chatty  : uid=10156 com.google.android.gms.persistent expire 15 lines
04-22 09:53:51.225 27620 27915 D connectedcrossroad: Data collect: HELO
04-22 09:53:51.226 27620 27915 V data    : Payload RX: 0
04-22 09:53:51.226 27620 27915 V data    : Payload TX: 0
04-22 09:53:51.226 27620 27915 V data    : Total RX: 47124
04-22 09:53:51.226 27620 27915 V data    : Total TX: 97308
04-22 09:53:51.447  2290  2737 I chatty  : uid=1002(bluetooth) Binder:2290_5 expire 10 lines
04-22 09:53:51.454  2290  2603 I chatty  : uid=1002(bluetooth) btu message loo expire 10 lines
04-22 09:53:51.933   827  5608 E WifiHAL : Received LOG message with insufficent length: 24
04-22 09:53:51.934   827  5608 E WifiHAL : Received fatal event, sending alert
04-22 09:53:51.935  1743  8718 W WifiVendorHal: onDebugErrorAlert 4104
04-22 09:53:53.806 27620 27915 D connectedcrossroad: Data collect: HELO
04-22 09:53:53.807 27620 27915 V data    : Payload RX: 0
04-22 09:53:53.807 27620 27915 V data    : Payload TX: 0
04-22 09:53:53.807 27620 27915 V data    : Total RX: 47736
04-22 09:53:53.807 27620 27915 V data    : Total TX: 98532
04-22 09:53:54.421  3347  3347 I BistoRealService: requestDestroy
04-22 09:53:54.428  3347  3347 I BistoRealService: onDestroy
04-22 09:53:54.434  3347  3347 I BistoWiredManager: close
04-22 09:53:54.436  3347  3347 D BluetoothA2dp: Unbinding service...
04-22 09:53:54.441  3347  3347 I BistoClassicManager: close
04-22 09:53:55.295 27620 27915 D connectedcrossroad: Data collect: HELO
04-22 09:53:55.295 27620 27915 V data    : Payload RX: 0
04-22 09:53:55.295 27620 27915 V data    : Payload TX: 0
04-22 09:53:55.295 27620 27915 V data    : Total RX: 48348
04-22 09:53:55.295 27620 27915 V data    : Total TX: 99756
04-22 09:53:56.332  2290  2348 I chatty  : uid=1002(bluetooth) BT Service Call expire 12 lines
04-22 09:53:58.930 27620 27915 D connectedcrossroad: Data collect: HELO
04-22 09:53:58.931 27620 27915 V data    : Payload RX: 0
04-22 09:53:58.931 27620 27915 V data    : Payload TX: 0
04-22 09:53:58.931 27620 27915 V data    : Total RX: 48960
04-22 09:53:58.931 27620 27915 V data    : Total TX: 100980
04-22 09:53:59.035 22073 28232 I chatty  : uid=10156 com.google.android.gms.persistent expire 34 lines
04-22 09:54:00.027  2308  2308 W View    : requestLayout() improperly called by com.android.systemui.statusbar.HeadsUpStatusBarView{53e8307 I.E...... ......ID 0,0-248,56 #7f0a01f7 app:id/heads_up_status_bar_view} during layout: running second layout pass
04-22 09:54:00.293     0     0 W swapper/2: type=1400 audit(0.0:2182): avc: denied { kill } for uid=0 capability=5 scontext=u:r:kernel:s0 tcontext=u:r:kernel:s0 tclass=capability permissive=0
04-22 09:54:01.047 22073 28200 I chatty  : uid=10156 com.google.android.gms.persistent expire 27 lines
04-22 09:54:01.508 22073 28084 I chatty  : uid=10156 com.google.android.gms.persistent expire 10 lines
04-22 09:54:01.527 27620 27915 D connectedcrossroad: Data collect: HELO
04-22 09:54:01.527 27620 27915 V data    : Payload RX: 0
04-22 09:54:01.527 27620 27915 V data    : Payload TX: 0
04-22 09:54:01.527 27620 27915 V data    : Total RX: 49572
04-22 09:54:01.527 27620 27915 V data    : Total TX: 103428
04-22 09:54:02.109 22073 28086 I chatty  : uid=10156 com.google.android.gms.persistent expire 12 lines
04-22 09:54:02.447  1743  2059 D BatteryService: uevent={POWER_SUPPLY_DP_DM=0, POWER_SUPPLY_VOLTAGE_NOW=3965728, POWER_SUPPLY_SW_JEITA_ENABLED=0, POWER_SUPPLY_CHARGE_CONTROL_LIMIT_MAX=8, POWER_SUPPLY_RECHARGE_SOC=99, POWER_SUPPLY_HEALTH=Good, POWER_SUPPLY_TECHNOLOGY=Li-ion, POWER_SUPPLY_FCC_STEPPER_ENABLE=0, SEQNUM=615262, POWER_SUPPLY_INPUT_CURRENT_LIMITED=0, POWER_SUPPLY_CHARGE_CONTROL_LIMIT=0, POWER_SUPPLY_BATTERY_CHARGING_ENABLED=1, POWER_SUPPLY_STATUS=Discharging, POWER_SUPPLY_CYCLE_COUNT=6, POWER_SUPPLY_CURRENT_MAX=2000000, POWER_SUPPLY_CHARGE_TERM_CURRENT=-101, POWER_SUPPLY_CAPACITY=68, DEVPATH=/devices/platform/soc/200f000.qcom,spmi/spmi-0/spmi0-02/200f000.qcom,spmi:qcom,pmi632@2:qcom,qpnp-smb5/power_supply/battery, POWER_SUPPLY_CHARGE_DONE=0, POWER_SUPPLY_CHARGE_TYPE=N/A, POWER_SUPPLY_CHARGE_RATE=None, POWER_SUPPLY_CURRENT_NOW=-207367, POWER_SUPPLY_SYSTEM_TEMP_LEVEL=0, POWER_SUPPLY_PRESENT=1, POWER_SUPPLY_PARALLEL_DISABLE=0, POWER_SUPPLY_CHARGE_FULL=3505000, SUBSYSTEM=power_supply, POWER_SUPPLY_SET_SHIP_MODE=0, POWER_SUPPLY_TEMP=220, ACTION=change, POWER_SUPPLY_RERUN_AICL=0, POWER_SUPPLY_AGE=97, POWER_SUPPLY_NAME=battery, POWER_SUPPLY_VOLTAGE_MAX=-22, POWER_SUPPLY_CONSTANT_CHARGE_CURRENT_MAX=2000000, POWER_SUPPLY_CHARGE_COUNTER=2383400, POWER_SUPPLY_STEP_CHARGING_ENABLED=0, POWER_SUPPLY_NUM_SYSTEM_TEMP_LEVELS=8, POWER_SUPPLY_DIE_HEALTH=Hot, POWER_SUPPLY_INPUT_SUSPEND=0}
04-22 09:54:02.459  2498  2498 D QtiCarrierConfigHelper: WARNING, no carrier configs on phone Id: 0
04-22 09:54:02.878 27620 27915 D connectedcrossroad: Data collect: HELO
04-22 09:54:02.878 27620 27915 V data    : Payload RX: 0
04-22 09:54:02.878 27620 27915 V data    : Payload TX: 0
04-22 09:54:02.878 27620 27915 V data    : Total RX: 50184
04-22 09:54:02.878 27620 27915 V data    : Total TX: 103428
04-22 09:54:03.043 22073 27962 I chatty  : uid=10156 com.google.android.gms.persistent expire 22 lines
04-22 09:54:03.251   827  5608 E WifiHAL : Received LOG message with insufficent length: 24
04-22 09:54:03.251   827  5608 E WifiHAL : Received fatal event, sending alert
04-22 09:54:03.252  1743  8718 W WifiVendorHal: onDebugErrorAlert 4104
04-22 09:54:03.622 22073  6684 I chatty  : uid=10156 com.google.android.gms.persistent expire 12 lines
04-22 09:54:03.788 27620 27915 D connectedcrossroad: Data collect: HELO
04-22 09:54:03.788 27620 27915 V data    : Payload RX: 0
04-22 09:54:03.789 27620 27915 V data    : Payload TX: 0
04-22 09:54:03.789 27620 27915 V data    : Total RX: 50796
04-22 09:54:03.789 27620 27915 V data    : Total TX: 104652
04-22 09:54:04.838 27620 27915 D connectedcrossroad: Data collect: HELO
04-22 09:54:04.838 27620 27915 V data    : Payload RX: 0
04-22 09:54:04.839 27620 27915 V data    : Payload TX: 0
04-22 09:54:04.839 27620 27915 V data    : Total RX: 51408
04-22 09:54:04.839 27620 27915 V data    : Total TX: 104652
04-22 09:54:05.294 22073 28234 I chatty  : uid=10156 com.google.android.gms.persistent expire 2 lines
04-22 09:54:06.421  2290  2603 I chatty  : uid=1002(bluetooth) btu message loo expire 21 lines
04-22 09:54:07.875 27620 27915 D connectedcrossroad: Data collect: HELO
04-22 09:54:07.876 27620 27915 V data    : Payload RX: 0
04-22 09:54:07.876 27620 27915 V data    : Payload TX: 0
04-22 09:54:07.876 27620 27915 V data    : Total RX: 52020
04-22 09:54:07.876 27620 27915 V data    : Total TX: 107100
04-22 09:54:10.293     0     0 W swapper/0: type=1400 audit(0.0:2183): avc: denied { kill } for uid=0 capability=5 scontext=u:r:kernel:s0 tcontext=u:r:kernel:s0 tclass=capability permissive=0
04-22 09:54:13.029 27620 27915 D connectedcrossroad: Data collect: HELO
04-22 09:54:13.029 27620 27915 V data    : Payload RX: 0
04-22 09:54:13.030 27620 27915 V data    : Payload TX: 0
04-22 09:54:13.030 27620 27915 V data    : Total RX: 52632
04-22 09:54:13.030 27620 27915 V data    : Total TX: 109548
04-22 09:54:13.725 22073 28200 I chatty  : uid=10156 com.google.android.gms.persistent expire 21 lines
04-22 09:54:13.732 27620 27915 D connectedcrossroad: Data collect: HELO
04-22 09:54:13.732 27620 27915 V data    : Payload RX: 0
04-22 09:54:13.732 27620 27915 V data    : Payload TX: 0
04-22 09:54:13.732 27620 27915 V data    : Total RX: 53244
04-22 09:54:13.732 27620 27915 V data    : Total TX: 110772
04-22 09:54:13.733 22073 28232 I chatty  : uid=10156 com.google.android.gms.persistent expire 30 lines
04-22 09:54:14.562  2290  2348 I chatty  : uid=1002(bluetooth) BT Service Call expire 16 lines
04-22 09:54:18.613 27620 27915 D connectedcrossroad: Data collect: HELO
04-22 09:54:18.614 27620 27915 V data    : Payload RX: 0
04-22 09:54:18.614 27620 27915 V data    : Payload TX: 0
04-22 09:54:18.614 27620 27915 V data    : Total RX: 53856
04-22 09:54:18.614 27620 27915 V data    : Total TX: 113220
04-22 09:54:19.096 22073 27962 I chatty  : uid=10156 com.google.android.gms.persistent expire 20 lines
04-22 09:54:19.509 27620 27915 D connectedcrossroad: Data collect: HELO
04-22 09:54:19.509 27620 27915 V data    : Payload RX: 0
04-22 09:54:19.509 27620 27915 V data    : Payload TX: 0
04-22 09:54:19.509 27620 27915 V data    : Total RX: 54468
04-22 09:54:19.509 27620 27915 V data    : Total TX: 114444
04-22 09:54:19.531  2290  2603 I chatty  : uid=1002(bluetooth) btu message loo expire 17 lines
04-22 09:54:20.296     0     0 W swapper/1: type=1400 audit(0.0:2184): avc: denied { kill } for uid=0 capability=5 scontext=u:r:kernel:s0 tcontext=u:r:kernel:s0 tclass=capability permissive=0
04-22 09:54:22.078 27620 27915 D connectedcrossroad: Data collect: HELO
04-22 09:54:22.078 27620 27915 V data    : Payload RX: 0
04-22 09:54:22.078 27620 27915 V data    : Payload TX: 0
04-22 09:54:22.079 27620 27915 V data    : Total RX: 55080
04-22 09:54:22.079 27620 27915 V data    : Total TX: 115668
04-22 09:54:22.098 27620 27915 D connectedcrossroad: Data collect: HELO
04-22 09:54:22.099 27620 27915 V data    : Payload RX: 0
04-22 09:54:22.099 27620 27915 V data    : Payload TX: 0
04-22 09:54:22.099 27620 27915 V data    : Total RX: 55692
04-22 09:54:22.099 27620 27915 V data    : Total TX: 115668
04-22 09:54:23.106 22073 28312 I chatty  : uid=10156 com.google.android.gms.persistent expire 1 line
04-22 09:54:24.879   827  5608 E WifiHAL : Received LOG message with insufficent length: 24
04-22 09:54:24.879   827  5608 E WifiHAL : Received fatal event, sending alert
04-22 09:54:24.880  1743  8718 W WifiVendorHal: onDebugErrorAlert 4104
04-22 09:54:25.100 22073 28232 I chatty  : uid=10156 com.google.android.gms.persistent expire 44 lines
04-22 09:54:25.104 27620 27915 D connectedcrossroad: Data collect: HELO
04-22 09:54:25.104 27620 27915 V data    : Payload RX: 0
04-22 09:54:25.104 27620 27915 V data    : Payload TX: 0
04-22 09:54:25.104 27620 27915 V data    : Total RX: 56304
04-22 09:54:25.104 27620 27915 V data    : Total TX: 118116
04-22 09:54:25.111 22073 28200 I chatty  : uid=10156 com.google.android.gms.persistent expire 15 lines
04-22 09:54:25.182  1743  1756 I system_server: Background concurrent copying GC freed 72764(5254KB) AllocSpace objects, 15(14MB) LOS objects, 42% free, 20MB/35MB, paused 137us total 170.158ms
04-22 09:54:26.781 27620 27915 D connectedcrossroad: Data collect: HELO
04-22 09:54:26.781 27620 27915 V data    : Payload RX: 0
04-22 09:54:26.781 27620 27915 V data    : Payload TX: 0
04-22 09:54:26.781 27620 27915 V data    : Total RX: 56916
04-22 09:54:26.781 27620 27915 V data    : Total TX: 118116
04-22 09:54:27.384 27620 27915 D connectedcrossroad: Data collect: HELO
04-22 09:54:27.385 27620 27915 V data    : Payload RX: 0
04-22 09:54:27.385 27620 27915 V data    : Payload TX: 0
04-22 09:54:27.385 27620 27915 V data    : Total RX: 57528
04-22 09:54:27.385 27620 27915 V data    : Total TX: 119340
04-22 09:54:28.292 27620 27915 D connectedcrossroad: Data collect: HELO
04-22 09:54:28.292 27620 27915 V data    : Payload RX: 0
04-22 09:54:28.292 27620 27915 V data    : Payload TX: 0
04-22 09:54:28.292 27620 27915 V data    : Total RX: 58140
04-22 09:54:28.293 27620 27915 V data    : Total TX: 119340
04-22 09:54:29.645 27620 27915 D connectedcrossroad: Data collect: HELO
04-22 09:54:29.645 27620 27915 V data    : Payload RX: 0
04-22 09:54:29.645 27620 27915 V data    : Payload TX: 0
04-22 09:54:29.646 27620 27915 V data    : Total RX: 58752
04-22 09:54:29.646 27620 27915 V data    : Total TX: 120564
04-22 09:54:29.705  2290  2348 I chatty  : uid=1002(bluetooth) BT Service Call expire 16 lines
04-22 09:54:29.717 22073 27962 I chatty  : uid=10156 com.google.android.gms.persistent expire 42 lines
04-22 09:54:30.300     0     0 W swapper/0: type=1400 audit(0.0:2185): avc: denied { kill } for uid=0 capability=5 scontext=u:r:kernel:s0 tcontext=u:r:kernel:s0 tclass=capability permissive=0
04-22 09:54:30.854 27620 27915 D connectedcrossroad: Data collect: HELO
04-22 09:54:30.854 27620 27915 V data    : Payload RX: 0
04-22 09:54:30.854 27620 27915 V data    : Payload TX: 0
04-22 09:54:30.854 27620 27915 V data    : Total RX: 59364
04-22 09:54:30.854 27620 27915 V data    : Total TX: 120564
04-22 09:54:33.543  1743 11433 W AppOps  : Noting op not finished: uid 10156 pkg com.google.android.gms code 79 time=1619099353901 duration=-1
04-22 09:54:33.547  1743 11433 W AppOps  : Noting op not finished: uid 10156 pkg com.google.android.gms code 79 time=1619099673543 duration=0
04-22 09:54:33.817  1743 10153 D WificondControl: Scan result ready event
04-22 09:54:34.911   804  1081 W qti_sensors_hal: processReportInd: lux: 59, ch0: 214, ch1: 395
04-22 09:54:36.292   827  5608 E WifiHAL : Received LOG message with insufficent length: 24
04-22 09:54:36.292   827  5608 E WifiHAL : Received fatal event, sending alert
04-22 09:54:36.293  1743  8718 W WifiVendorHal: onDebugErrorAlert 4104
04-22 09:54:36.464 27620 27915 D connectedcrossroad: Data collect: HELO
04-22 09:54:36.465 27620 27915 V data    : Payload RX: 0
04-22 09:54:36.465 27620 27915 V data    : Payload TX: 0
04-22 09:54:36.465 27620 27915 V data    : Total RX: 59976
04-22 09:54:36.465 27620 27915 V data    : Total TX: 124236
04-22 09:54:36.787   804  1081 W qti_sensors_hal: processReportInd: lux: 42, ch0: 170, ch1: 393
04-22 09:54:37.517 27620 27915 D connectedcrossroad: Data collect: HELO
04-22 09:54:37.518 27620 27915 V data    : Payload RX: 0
04-22 09:54:37.518 27620 27915 V data    : Payload TX: 0
04-22 09:54:37.518 27620 27915 V data    : Total RX: 60588
04-22 09:54:37.518 27620 27915 V data    : Total TX: 125460
04-22 09:54:37.525 27620 27915 D connectedcrossroad: Data collect: HELO
04-22 09:54:37.525 27620 27915 V data    : Payload RX: 0
04-22 09:54:37.526 27620 27915 V data    : Payload TX: 0
04-22 09:54:37.526 27620 27915 V data    : Total RX: 61200
04-22 09:54:37.526 27620 27915 V data    : Total TX: 125460
04-22 09:54:38.163   804  1081 W qti_sensors_hal: processReportInd: lux: 57, ch0: 207, ch1: 393
04-22 09:54:38.946  9072 28327 I chatty  : uid=10156 com.google.android.gms.unstable expire 2 lines
04-22 09:54:39.340 27620 27915 D connectedcrossroad: Data collect: HELO
04-22 09:54:39.341 27620 27915 V data    : Payload RX: 0
04-22 09:54:39.341 27620 27915 V data    : Payload TX: 0
04-22 09:54:39.341 27620 27915 V data    : Total RX: 61812
04-22 09:54:39.341 27620 27915 V data    : Total TX: 126684
04-22 09:54:40.303     0     0 W swapper/1: type=1400 audit(0.0:2186): avc: denied { kill } for uid=0 capability=5 scontext=u:r:kernel:s0 tcontext=u:r:kernel:s0 tclass=capability permissive=0
04-22 09:54:41.930 22073 27962 I chatty  : uid=10156 com.google.android.gms.persistent expire 65 lines
04-22 09:54:42.818 27620 27915 D connectedcrossroad: Data collect: HELO
04-22 09:54:42.818 27620 27915 V data    : Payload RX: 0
04-22 09:54:42.818 27620 27915 V data    : Payload TX: 0
04-22 09:54:42.819 27620 27915 V data    : Total RX: 62424
04-22 09:54:42.819 27620 27915 V data    : Total TX: 127908
04-22 09:54:43.168 22073 28232 I chatty  : uid=10156 com.google.android.gms.persistent expire 26 lines
04-22 09:54:43.168 22073 28334 I chatty  : uid=10156 com.google.android.gms.persistent expire 55 lines
04-22 09:54:45.667  2290  2348 I chatty  : uid=1002(bluetooth) BT Service Call expire 14 lines
04-22 09:54:49.705  2290  2603 I chatty  : uid=1002(bluetooth) btu message loo expire 22 lines
04-22 09:54:50.225   827  5608 E WifiHAL : Received LOG message with insufficent length: 24
04-22 09:54:50.226   827  5608 E WifiHAL : Received fatal event, sending alert
04-22 09:54:50.228  1743  2414 W WifiVendorHal: onDebugErrorAlert 4104
04-22 09:54:50.300     0     0 W swapper/0: type=1400 audit(0.0:2187): avc: denied { kill } for uid=0 capability=5 scontext=u:r:kernel:s0 tcontext=u:r:kernel:s0 tclass=capability permissive=0
04-22 09:54:55.197 22073 28345 I chatty  : uid=10156 com.google.android.gms.persistent expire 35 lines
04-22 09:54:59.632 27620 27915 D connectedcrossroad: Data collect: HELO
04-22 09:54:59.632 27620 27915 V data    : Payload RX: 0
04-22 09:54:59.632 27620 27915 V data    : Payload TX: 0
04-22 09:54:59.632 27620 27915 V data    : Total RX: 63036
04-22 09:54:59.632 27620 27915 V data    : Total TX: 138924
04-22 09:54:59.643 27620 27915 D connectedcrossroad: Data collect: HELO
04-22 09:54:59.643 27620 27915 V data    : Payload RX: 0
04-22 09:54:59.643 27620 27915 V data    : Payload TX: 0
04-22 09:54:59.643 27620 27915 V data    : Total RX: 63648
04-22 09:54:59.643 27620 27915 V data    : Total TX: 138924
04-22 09:54:59.649 27620 27915 D connectedcrossroad: Data collect: HELO
04-22 09:54:59.649 27620 27915 V data    : Payload RX: 0
04-22 09:54:59.649 27620 27915 V data    : Payload TX: 0
04-22 09:54:59.650 27620 27915 V data    : Total RX: 64260
04-22 09:54:59.650 27620 27915 V data    : Total TX: 138924
04-22 09:54:59.653 22073 28084 I chatty  : uid=10156 com.google.android.gms.persistent expire 10 lines
04-22 09:55:00.027  2308  2308 W View    : requestLayout() improperly called by com.android.systemui.statusbar.HeadsUpStatusBarView{53e8307 I.E...... ......ID 0,0-248,56 #7f0a01f7 app:id/heads_up_status_bar_view} during layout: running second layout pass
04-22 09:55:00.050  2290  2348 I chatty  : uid=1002(bluetooth) BT Service Call expire 19 lines
04-22 09:55:00.306     0     0 W swapper/1: type=1400 audit(0.0:2188): avc: denied { kill } for uid=0 capability=5 scontext=u:r:kernel:s0 tcontext=u:r:kernel:s0 tclass=capability permissive=0
04-22 09:55:02.193 22073 28086 I chatty  : uid=10156 com.google.android.gms.persistent expire 10 lines
04-22 09:55:03.096 22073  6684 I chatty  : uid=10156 com.google.android.gms.persistent expire 10 lines
04-22 09:55:03.895  1743  2059 D BatteryService: uevent={POWER_SUPPLY_DP_DM=0, POWER_SUPPLY_VOLTAGE_NOW=3959500, POWER_SUPPLY_SW_JEITA_ENABLED=0, POWER_SUPPLY_CHARGE_CONTROL_LIMIT_MAX=8, POWER_SUPPLY_RECHARGE_SOC=99, POWER_SUPPLY_HEALTH=Good, POWER_SUPPLY_TECHNOLOGY=Li-ion, POWER_SUPPLY_FCC_STEPPER_ENABLE=0, SEQNUM=615383, POWER_SUPPLY_INPUT_CURRENT_LIMITED=0, POWER_SUPPLY_CHARGE_CONTROL_LIMIT=0, POWER_SUPPLY_BATTERY_CHARGING_ENABLED=1, POWER_SUPPLY_STATUS=Discharging, POWER_SUPPLY_CYCLE_COUNT=6, POWER_SUPPLY_CURRENT_MAX=2000000, POWER_SUPPLY_CHARGE_TERM_CURRENT=-101, POWER_SUPPLY_CAPACITY=68, DEVPATH=/devices/platform/soc/200f000.qcom,spmi/spmi-0/spmi0-02/200f000.qcom,spmi:qcom,pmi632@2:qcom,qpnp-smb5/power_supply/battery, POWER_SUPPLY_CHARGE_DONE=0, POWER_SUPPLY_CHARGE_TYPE=N/A, POWER_SUPPLY_CHARGE_RATE=None, POWER_SUPPLY_CURRENT_NOW=-240936, POWER_SUPPLY_SYSTEM_TEMP_LEVEL=0, POWER_SUPPLY_PRESENT=1, POWER_SUPPLY_PARALLEL_DISABLE=0, POWER_SUPPLY_CHARGE_FULL=3505000, SUBSYSTEM=power_supply, POWER_SUPPLY_SET_SHIP_MODE=0, POWER_SUPPLY_TEMP=220, ACTION=change, POWER_SUPPLY_RERUN_AICL=0, POWER_SUPPLY_AGE=97, POWER_SUPPLY_NAME=battery, POWER_SUPPLY_VOLTAGE_MAX=-22, POWER_SUPPLY_CONSTANT_CHARGE_CURRENT_MAX=2000000, POWER_SUPPLY_CHARGE_COUNTER=2383400, POWER_SUPPLY_STEP_CHARGING_ENABLED=0, POWER_SUPPLY_NUM_SYSTEM_TEMP_LEVELS=8, POWER_SUPPLY_DIE_HEALTH=Hot, POWER_SUPPLY_INPUT_SUSPEND=0}
04-22 09:55:03.908  2498  2498 D QtiCarrierConfigHelper: WARNING, no carrier configs on phone Id: 0
04-22 09:55:07.647 27620 27915 D connectedcrossroad: Data collect: HELO
04-22 09:55:07.647 27620 27915 V data    : Payload RX: 0
04-22 09:55:07.647 27620 27915 V data    : Payload TX: 0
04-22 09:55:07.647 27620 27915 V data    : Total RX: 64872
04-22 09:55:07.647 27620 27915 V data    : Total TX: 143820
04-22 09:55:07.656 27620 27915 D connectedcrossroad: Data collect: HELO
04-22 09:55:07.656 27620 27915 V data    : Payload RX: 0
04-22 09:55:07.656 27620 27915 V data    : Payload TX: 0
04-22 09:55:07.656 27620 27915 V data    : Total RX: 65484
04-22 09:55:07.656 27620 27915 V data    : Total TX: 143820
04-22 09:55:07.667 27620 27915 D connectedcrossroad: Data collect: HELO
04-22 09:55:07.667 27620 27915 V data    : Payload RX: 0
04-22 09:55:07.667 27620 27915 V data    : Payload TX: 0
04-22 09:55:07.667 27620 27915 V data    : Total RX: 66096
04-22 09:55:07.667 27620 27915 V data    : Total TX: 143820
04-22 09:55:07.675 27620 27915 D connectedcrossroad: Data collect: HELO
04-22 09:55:07.675 27620 27915 V data    : Payload RX: 0
04-22 09:55:07.675 27620 27915 V data    : Payload TX: 0
04-22 09:55:07.675 27620 27915 V data    : Total RX: 66708
04-22 09:55:07.675 27620 27915 V data    : Total TX: 143820
04-22 09:55:07.681 27620 27915 D connectedcrossroad: Data collect: HELO
04-22 09:55:07.681 27620 27915 V data    : Payload RX: 0
04-22 09:55:07.681 27620 27915 V data    : Payload TX: 0
04-22 09:55:07.681 27620 27915 V data    : Total RX: 67320
04-22 09:55:07.681 27620 27915 V data    : Total TX: 143820
04-22 09:55:10.070 27620 27915 D connectedcrossroad: Data collect: HELO
04-22 09:55:10.070 27620 27915 V data    : Payload RX: 0
04-22 09:55:10.070 27620 27915 V data    : Payload TX: 0
04-22 09:55:10.070 27620 27915 V data    : Total RX: 67932
04-22 09:55:10.071 27620 27915 V data    : Total TX: 145044
04-22 09:55:10.081 27620 27915 D connectedcrossroad: Data collect: HELO
04-22 09:55:10.081 27620 27915 V data    : Payload RX: 0
04-22 09:55:10.082 27620 27915 V data    : Payload TX: 0
04-22 09:55:10.082 27620 27915 V data    : Total RX: 68544
04-22 09:55:10.082 27620 27915 V data    : Total TX: 145044
04-22 09:55:10.228 27620 27915 D connectedcrossroad: Data collect: HELO
04-22 09:55:10.228 27620 27915 V data    : Payload RX: 0
04-22 09:55:10.228 27620 27915 V data    : Payload TX: 0
04-22 09:55:10.228 27620 27915 V data    : Total RX: 69156
04-22 09:55:10.229 27620 27915 V data    : Total TX: 145044
04-22 09:55:12.044 27620 27915 D connectedcrossroad: Data collect: HELO
04-22 09:55:12.044 27620 27915 V data    : Payload RX: 0
04-22 09:55:12.044 27620 27915 V data    : Payload TX: 0
04-22 09:55:12.044 27620 27915 V data    : Total RX: 69768
04-22 09:55:12.044 27620 27915 V data    : Total TX: 146268
04-22 09:55:12.045 22073 28345 I chatty  : uid=10156 com.google.android.gms.persistent expire 29 lines
04-22 09:55:12.052 27620 27915 D connectedcrossroad: Data collect: HELO
04-22 09:55:12.052 27620 27915 V data    : Payload RX: 0
04-22 09:55:12.052 27620 27915 V data    : Payload TX: 0
04-22 09:55:12.052 27620 27915 V data    : Total RX: 70380
04-22 09:55:12.053 27620 27915 V data    : Total TX: 146268
04-22 09:55:12.053 22073 28334 I chatty  : uid=10156 com.google.android.gms.persistent expire 31 lines
04-22 09:55:12.060 27620 27915 D connectedcrossroad: Data collect: HELO
04-22 09:55:12.060 27620 27915 V data    : Payload RX: 0
04-22 09:55:12.060 27620 27915 V data    : Payload TX: 0
04-22 09:55:12.060 27620 27915 V data    : Total RX: 70992
04-22 09:55:12.060 27620 27915 V data    : Total TX: 146268
04-22 09:55:14.775 27620 27915 D connectedcrossroad: Data collect: HELO
04-22 09:55:14.776 27620 27915 V data    : Payload RX: 0
04-22 09:55:14.776 27620 27915 V data    : Payload TX: 0
04-22 09:55:14.776 27620 27915 V data    : Total RX: 71604
04-22 09:55:14.776 27620 27915 V data    : Total TX: 147492
04-22 09:55:15.256 22073 27962 I chatty  : uid=10156 com.google.android.gms.persistent expire 27 lines
04-22 09:55:15.541 27620 27915 D connectedcrossroad: Data collect: HELO
04-22 09:55:15.541 27620 27915 V data    : Payload RX: 0
04-22 09:55:15.541 27620 27915 V data    : Payload TX: 0
04-22 09:55:15.541 27620 27915 V data    : Total RX: 72216
04-22 09:55:15.542 27620 27915 V data    : Total TX: 148716
04-22 09:55:15.549 27620 27915 D connectedcrossroad: Data collect: HELO
04-22 09:55:15.549 27620 27915 V data    : Payload RX: 0
04-22 09:55:15.549 27620 27915 V data    : Payload TX: 0
04-22 09:55:15.549 27620 27915 V data    : Total RX: 72828
04-22 09:55:15.549 27620 27915 V data    : Total TX: 148716
04-22 09:55:15.788   827  5608 E WifiHAL : Received LOG message with insufficent length: 24
04-22 09:55:15.789   827  5608 E WifiHAL : Received fatal event, sending alert
04-22 09:55:15.790  1743  1783 W WifiVendorHal: onDebugErrorAlert 4104
04-22 09:55:16.874  2290  2348 I chatty  : uid=1002(bluetooth) BT Service Call expire 11 lines
04-22 09:55:17.656 27620 27915 D connectedcrossroad: Data collect: HELO
04-22 09:55:17.656 27620 27915 V data    : Payload RX: 0
04-22 09:55:17.657 27620 27915 V data    : Payload TX: 0
04-22 09:55:17.657 27620 27915 V data    : Total RX: 73440
04-22 09:55:17.657 27620 27915 V data    : Total TX: 149940
04-22 09:55:18.701  2290  2603 I chatty  : uid=1002(bluetooth) btu message loo expire 15 lines
04-22 09:55:19.025 27620 27915 D connectedcrossroad: Data collect: HELO
04-22 09:55:19.025 27620 27915 V data    : Payload RX: 0
04-22 09:55:19.026 27620 27915 V data    : Payload TX: 0
04-22 09:55:19.026 27620 27915 V data    : Total RX: 74052
04-22 09:55:19.026 27620 27915 V data    : Total TX: 149940
04-22 09:55:20.310     0     0 W swapper/1: type=1400 audit(0.0:2189): avc: denied { kill } for uid=0 capability=5 scontext=u:r:kernel:s0 tcontext=u:r:kernel:s0 tclass=capability permissive=0
04-22 09:55:20.983 27620 27915 D connectedcrossroad: Data collect: HELO
04-22 09:55:20.984 27620 27915 V data    : Payload RX: 0
04-22 09:55:20.984 27620 27915 V data    : Payload TX: 0
04-22 09:55:20.984 27620 27915 V data    : Total RX: 74664
04-22 09:55:20.984 27620 27915 V data    : Total TX: 151164
04-22 09:55:24.016 22073 28365 I chatty  : uid=10156 com.google.android.gms.persistent expire 2 lines
04-22 09:55:24.466 27620 27915 D connectedcrossroad: Data collect: HELO
04-22 09:55:24.466 27620 27915 V data    : Payload RX: 0
04-22 09:55:24.466 27620 27915 V data    : Payload TX: 0
04-22 09:55:24.466 27620 27915 V data    : Total RX: 75276
04-22 09:55:24.467 27620 27915 V data    : Total TX: 153612
04-22 09:55:24.651 22073 28345 I chatty  : uid=10156 com.google.android.gms.persistent expire 23 lines
04-22 09:55:25.281 22073 28334 I chatty  : uid=10156 com.google.android.gms.persistent expire 22 lines
04-22 09:55:26.275 27620 27915 D connectedcrossroad: Data collect: HELO
04-22 09:55:26.276 27620 27915 V data    : Payload RX: 0
04-22 09:55:26.276 27620 27915 V data    : Payload TX: 0
04-22 09:55:26.276 27620 27915 V data    : Total RX: 75888
04-22 09:55:26.276 27620 27915 V data    : Total TX: 154836
04-22 09:55:27.288 22073 27962 I chatty  : uid=10156 com.google.android.gms.persistent expire 12 lines
04-22 09:55:27.338 27620 27915 D connectedcrossroad: Data collect: HELO
04-22 09:55:27.339 27620 27915 V data    : Payload RX: 0
04-22 09:55:27.339 27620 27915 V data    : Payload TX: 0
04-22 09:55:27.339 27620 27915 V data    : Total RX: 76500
04-22 09:55:27.339 27620 27915 V data    : Total TX: 156060
04-22 09:55:29.301 27620 27915 D connectedcrossroad: Data collect: HELO
04-22 09:55:29.301 27620 27915 V data    : Payload RX: 0
04-22 09:55:29.301 27620 27915 V data    : Payload TX: 0
04-22 09:55:29.301 27620 27915 V data    : Total RX: 77112
04-22 09:55:29.302 27620 27915 V data    : Total TX: 157284
04-22 09:55:30.306     0     0 W swapper/2: type=1400 audit(0.0:2190): avc: denied { kill } for uid=0 capability=5 scontext=u:r:kernel:s0 tcontext=u:r:kernel:s0 tclass=capability permissive=0
04-22 09:55:31.123 27620 27915 D connectedcrossroad: Data collect: HELO
04-22 09:55:31.123 27620 27915 V data    : Payload RX: 0
04-22 09:55:31.123 27620 27915 V data    : Payload TX: 0
04-22 09:55:31.124 27620 27915 V data    : Total RX: 77724
04-22 09:55:31.124 27620 27915 V data    : Total TX: 157284
04-22 09:55:34.768 27620 27915 D connectedcrossroad: Data collect: HELO
04-22 09:55:34.769 27620 27915 V data    : Payload RX: 0
04-22 09:55:34.769 27620 27915 V data    : Payload TX: 0
04-22 09:55:34.769 27620 27915 V data    : Total RX: 78336
04-22 09:55:34.769 27620 27915 V data    : Total TX: 159732
04-22 09:55:35.305 22073 28345 I chatty  : uid=10156 com.google.android.gms.persistent expire 49 lines
04-22 09:55:35.969 27620 27915 D connectedcrossroad: Data collect: HELO
04-22 09:55:35.969 27620 27915 V data    : Payload RX: 0
04-22 09:55:35.969 27620 27915 V data    : Payload TX: 0
04-22 09:55:35.969 27620 27915 V data    : Total RX: 78948
04-22 09:55:35.969 27620 27915 V data    : Total TX: 160956
04-22 09:55:37.108   804  1081 W qti_sensors_hal: processReportInd: lux: 39, ch0: 159, ch1: 392
04-22 09:55:37.310 22073 28334 I chatty  : uid=10156 com.google.android.gms.persistent expire 33 lines
04-22 09:55:37.873 24895 15116 I chatty  : uid=10156(com.google.android.gms) lowpool[7] expire 2 lines
04-22 09:55:38.055  2290  2348 I chatty  : uid=1002(bluetooth) BT Service Call expire 12 lines
04-22 09:55:38.116 27620 27915 D connectedcrossroad: Data collect: HELO
04-22 09:55:38.116 27620 27915 V data    : Payload RX: 0
04-22 09:55:38.117 27620 27915 V data    : Payload TX: 0
04-22 09:55:38.117 27620 27915 V data    : Total RX: 79560
04-22 09:55:38.117 27620 27915 V data    : Total TX: 162180
04-22 09:55:38.121 22073 28084 I chatty  : uid=10156 com.google.android.gms.persistent expire 10 lines
04-22 09:55:39.111   804  1081 W qti_sensors_hal: processReportInd: lux: 53, ch0: 192, ch1: 394
04-22 09:55:39.932 27620 27915 D connectedcrossroad: Data collect: HELO
04-22 09:55:39.932 27620 27915 V data    : Payload RX: 0
04-22 09:55:39.933 27620 27915 V data    : Payload TX: 0
04-22 09:55:39.933 27620 27915 V data    : Total RX: 80172
04-22 09:55:39.933 27620 27915 V data    : Total TX: 163404
04-22 09:55:40.313     0     0 W swapper/3: type=1400 audit(0.0:2191): avc: denied { kill } for uid=0 capability=5 scontext=u:r:kernel:s0 tcontext=u:r:kernel:s0 tclass=capability permissive=0
04-22 09:55:41.486   804  1081 W qti_sensors_hal: processReportInd: lux: 64, ch0: 232, ch1: 386
04-22 09:55:42.507 27620 27915 D connectedcrossroad: Data collect: HELO
04-22 09:55:42.507 27620 27915 V data    : Payload RX: 0
04-22 09:55:42.507 27620 27915 V data    : Payload TX: 0
04-22 09:55:42.507 27620 27915 V data    : Total RX: 80784
04-22 09:55:42.507 27620 27915 V data    : Total TX: 164628
04-22 09:55:43.336 22073 27962 I chatty  : uid=10156 com.google.android.gms.persistent expire 18 lines
04-22 09:55:44.328 27620 27915 D connectedcrossroad: Data collect: HELO
04-22 09:55:44.328 27620 27915 V data    : Payload RX: 0
04-22 09:55:44.329 27620 27915 V data    : Payload TX: 0
04-22 09:55:44.329 27620 27915 V data    : Total RX: 81396
04-22 09:55:44.329 27620 27915 V data    : Total TX: 165852
04-22 09:55:45.397 27620 27915 D connectedcrossroad: Data collect: HELO
04-22 09:55:45.398 27620 27915 V data    : Payload RX: 0
04-22 09:55:45.398 27620 27915 V data    : Payload TX: 0
04-22 09:55:45.398 27620 27915 V data    : Total RX: 82008
04-22 09:55:45.398 27620 27915 V data    : Total TX: 167076
04-22 09:55:45.491   804  1081 W qti_sensors_hal: processReportInd: lux: 45, ch0: 182, ch1: 395
04-22 09:55:46.370   804  1081 W qti_sensors_hal: processReportInd: lux: 34, ch0: 139, ch1: 399
04-22 09:55:48.121 27620 27915 D connectedcrossroad: Data collect: HELO
04-22 09:55:48.121 27620 27915 V data    : Payload RX: 0
04-22 09:55:48.121 27620 27915 V data    : Payload TX: 0
04-22 09:55:48.121 27620 27915 V data    : Total RX: 82620
04-22 09:55:48.121 27620 27915 V data    : Total TX: 168300
04-22 09:55:48.995   804  1081 W qti_sensors_hal: processReportInd: lux: 47, ch0: 172, ch1: 392
04-22 09:55:50.316     0     0 W swapper/0: type=1400 audit(0.0:2192): avc: denied { kill } for uid=0 capability=5 scontext=u:r:kernel:s0 tcontext=u:r:kernel:s0 tclass=capability permissive=0
04-22 09:55:50.538 27620 27915 D connectedcrossroad: Data collect: HELO
04-22 09:55:50.538 27620 27915 V data    : Payload RX: 0
04-22 09:55:50.538 27620 27915 V data    : Payload TX: 0
04-22 09:55:50.538 27620 27915 V data    : Total RX: 83232
04-22 09:55:50.538 27620 27915 V data    : Total TX: 169524
04-22 09:55:51.361 22073 28345 I chatty  : uid=10156 com.google.android.gms.persistent expire 17 lines
04-22 09:55:51.452 27620 27915 D connectedcrossroad: Data collect: HELO
04-22 09:55:51.452 27620 27915 V data    : Payload RX: 0
04-22 09:55:51.452 27620 27915 V data    : Payload TX: 0
04-22 09:55:51.453 27620 27915 V data    : Total RX: 83844
04-22 09:55:51.453 27620 27915 V data    : Total TX: 170748
04-22 09:55:52.202 22073 28086 I chatty  : uid=10156 com.google.android.gms.persistent expire 10 lines
04-22 09:55:53.261 22073  6684 I chatty  : uid=10156 com.google.android.gms.persistent expire 10 lines
04-22 09:55:54.443  3347  7575 I BistoDBWrapper: Close DB
04-22 09:55:55.365 22073 27962 I chatty  : uid=10156 com.google.android.gms.persistent expire 35 lines
04-22 09:55:55.365 22073 28334 I chatty  : uid=10156 com.google.android.gms.persistent expire 11 lines
04-22 09:55:56.662  6583  6626 I BistoDBWrapper: Close DB
04-22 09:55:56.807 27620 27915 D connectedcrossroad: Data collect: HELO
04-22 09:55:56.807 27620 27915 V data    : Payload RX: 0
04-22 09:55:56.808 27620 27915 V data    : Payload TX: 0
04-22 09:55:56.808 27620 27915 V data    : Total RX: 84456
04-22 09:55:56.808 27620 27915 V data    : Total TX: 173196
04-22 09:55:56.810  1743 11433 D WificondControl: Scan result ready event
04-22 09:55:56.817 27620 27915 D connectedcrossroad: Data collect: HELO
04-22 09:55:56.817 27620 27915 V data    : Payload RX: 0
04-22 09:55:56.817 27620 27915 V data    : Payload TX: 0
04-22 09:55:56.817 27620 27915 V data    : Total RX: 85068
04-22 09:55:56.817 27620 27915 V data    : Total TX: 173196
04-22 09:55:57.370   827  5608 E WifiHAL : Received LOG message with insufficent length: 24
04-22 09:55:57.370   827  5608 E WifiHAL : Received fatal event, sending alert
04-22 09:55:57.371  1743  1783 W WifiVendorHal: onDebugErrorAlert 4104
04-22 09:55:57.659  1743  1756 I system_server: Background concurrent copying GC freed 90939(5820KB) AllocSpace objects, 14(13MB) LOS objects, 42% free, 21MB/37MB, paused 140us total 176.842ms
04-22 09:55:58.325 27620 27915 D connectedcrossroad: Data collect: HELO
04-22 09:55:58.326 27620 27915 V data    : Payload RX: 0
04-22 09:55:58.326 27620 27915 V data    : Payload TX: 0
04-22 09:55:58.326 27620 27915 V data    : Total RX: 85680
04-22 09:55:58.326 27620 27915 V data    : Total TX: 174420
04-22 09:56:00.003  2290  2603 I chatty  : uid=1002(bluetooth) btu message loo expire 56 lines
04-22 09:56:00.024  2308  2308 W View    : requestLayout() improperly called by com.android.systemui.statusbar.HeadsUpStatusBarView{53e8307 I.E...... ......ID 0,0-248,56 #7f0a01f7 app:id/heads_up_status_bar_view} during layout: running second layout pass
04-22 09:56:00.320     0     0 W swapper/1: type=1400 audit(0.0:2193): avc: denied { kill } for uid=0 capability=5 scontext=u:r:kernel:s0 tcontext=u:r:kernel:s0 tclass=capability permissive=0
04-22 09:56:02.419 27620 27915 D connectedcrossroad: Data collect: HELO
04-22 09:56:02.419 27620 27915 V data    : Payload RX: 0
04-22 09:56:02.419 27620 27915 V data    : Payload TX: 0
04-22 09:56:02.419 27620 27915 V data    : Total RX: 86292
04-22 09:56:02.419 27620 27915 V data    : Total TX: 176868
04-22 09:56:03.385 22073 28345 I chatty  : uid=10156 com.google.android.gms.persistent expire 46 lines
04-22 09:56:03.931 27620 27915 D connectedcrossroad: Data collect: HELO
04-22 09:56:03.932 27620 27915 V data    : Payload RX: 0
04-22 09:56:03.932 27620 27915 V data    : Payload TX: 0
04-22 09:56:03.932 27620 27915 V data    : Total RX: 86904
04-22 09:56:03.932 27620 27915 V data    : Total TX: 178092
04-22 09:56:05.330  1743  2059 D BatteryService: uevent={POWER_SUPPLY_DP_DM=0, POWER_SUPPLY_VOLTAGE_NOW=3962614, POWER_SUPPLY_SW_JEITA_ENABLED=0, POWER_SUPPLY_CHARGE_CONTROL_LIMIT_MAX=8, POWER_SUPPLY_RECHARGE_SOC=99, POWER_SUPPLY_HEALTH=Good, POWER_SUPPLY_TECHNOLOGY=Li-ion, POWER_SUPPLY_FCC_STEPPER_ENABLE=0, SEQNUM=615504, POWER_SUPPLY_INPUT_CURRENT_LIMITED=0, POWER_SUPPLY_CHARGE_CONTROL_LIMIT=0, POWER_SUPPLY_BATTERY_CHARGING_ENABLED=1, POWER_SUPPLY_STATUS=Discharging, POWER_SUPPLY_CYCLE_COUNT=6, POWER_SUPPLY_CURRENT_MAX=2000000, POWER_SUPPLY_CHARGE_TERM_CURRENT=-101, POWER_SUPPLY_CAPACITY=68, DEVPATH=/devices/platform/soc/200f000.qcom,spmi/spmi-0/spmi0-02/200f000.qcom,spmi:qcom,pmi632@2:qcom,qpnp-smb5/power_supply/battery, POWER_SUPPLY_CHARGE_DONE=0, POWER_SUPPLY_CHARGE_TYPE=N/A, POWER_SUPPLY_CHARGE_RATE=None, POWER_SUPPLY_CURRENT_NOW=-207367, POWER_SUPPLY_SYSTEM_TEMP_LEVEL=0, POWER_SUPPLY_PRESENT=1, POWER_SUPPLY_PARALLEL_DISABLE=0, POWER_SUPPLY_CHARGE_FULL=3505000, SUBSYSTEM=power_supply, POWER_SUPPLY_SET_SHIP_MODE=0, POWER_SUPPLY_TEMP=222, ACTION=change, POWER_SUPPLY_RERUN_AICL=0, POWER_SUPPLY_AGE=97, POWER_SUPPLY_NAME=battery, POWER_SUPPLY_VOLTAGE_MAX=-22, POWER_SUPPLY_CONSTANT_CHARGE_CURRENT_MAX=2000000, POWER_SUPPLY_CHARGE_COUNTER=2383400, POWER_SUPPLY_STEP_CHARGING_ENABLED=0, POWER_SUPPLY_NUM_SYSTEM_TEMP_LEVELS=8, POWER_SUPPLY_DIE_HEALTH=Hot, POWER_SUPPLY_INPUT_SUSPEND=0}
04-22 09:56:05.357  2498  2498 D QtiCarrierConfigHelper: WARNING, no carrier configs on phone Id: 0
04-22 09:56:05.755 27620 27915 D connectedcrossroad: Data collect: HELO
04-22 09:56:05.755 27620 27915 V data    : Payload RX: 0
04-22 09:56:05.755 27620 27915 V data    : Payload TX: 0
04-22 09:56:05.755 27620 27915 V data    : Total RX: 87516
04-22 09:56:05.755 27620 27915 V data    : Total TX: 179316
04-22 09:56:06.310 27620 27915 D connectedcrossroad: Data collect: HELO
04-22 09:56:06.311 27620 27915 V data    : Payload RX: 0
04-22 09:56:06.311 27620 27915 V data    : Payload TX: 0
04-22 09:56:06.311 27620 27915 V data    : Total RX: 88128
04-22 09:56:06.311 27620 27915 V data    : Total TX: 179316
04-22 09:56:06.893   804  1081 W qti_sensors_hal: processReportInd: lux: 59, ch0: 213, ch1: 397
04-22 09:56:07.300  2290  2348 I chatty  : uid=1002(bluetooth) BT Service Call expire 89 lines
04-22 09:56:07.372 27620 27915 D connectedcrossroad: Data collect: HELO
04-22 09:56:07.372 27620 27915 V data    : Payload RX: 0
04-22 09:56:07.372 27620 27915 V data    : Payload TX: 0
04-22 09:56:07.372 27620 27915 V data    : Total RX: 88740
04-22 09:56:07.372 27620 27915 V data    : Total TX: 179316
04-22 09:56:08.744 22073 27962 I chatty  : uid=10156 com.google.android.gms.persistent expire 27 lines
04-22 09:56:08.756  2290  2575 I chatty  : uid=1002(bluetooth) BluetoothScanMa expire 20 lines
04-22 09:56:08.784 22073 28334 I chatty  : uid=10156 com.google.android.gms.persistent expire 27 lines
04-22 09:56:08.787 22073 22095 I chatty  : uid=10156(com.google.android.gms) Binder:22073_1 expire 15 lines
04-22 09:56:08.792  2290 28397 I chatty  : uid=1002(bluetooth) com.android.bluetooth expire 2 lines
04-22 09:56:08.802   827  5608 E WifiHAL : Received LOG message with insufficent length: 24
04-22 09:56:08.802   827  5608 E WifiHAL : Received fatal event, sending alert
04-22 09:56:08.802  1743  1783 W WifiVendorHal: onDebugErrorAlert 4104
