04-22 11:29:21.262 22073  6656 E NearbyConnections: EndpointManager failed to find EndpointChannel over which to write DATA at offset 612 of Payload -9007404025457505713 to endpoint T8u1 [CONTEXT service_id=54 ]
04-22 11:29:21.263 22073  6656 I chatty  : uid=10156(com.google.android.gms) highpool[332] identical 2 lines
04-22 11:29:21.263 22073  6656 E NearbyConnections: EndpointManager failed to find EndpointChannel over which to write DATA at offset 612 of Payload -9007404025457505713 to endpoint T8u1 [CONTEXT service_id=54 ]
04-22 11:29:21.263 22073 11021 I bevc    : Starting services discovery.
04-22 11:29:21.263  2290  2348 D bt_btif_gatt: btapp_gatts_handle_cback: Empty event (16)!
04-22 11:29:21.263 22073 11021 D BluetoothGatt: discoverServices() - device: 5A:DC:E3:11:DB:30
04-22 11:29:21.263 22073  6656 E NearbyConnections: EndpointManager failed to find EndpointChannel over which to write DATA at offset 612 of Payload -9007404025457505713 to endpoint T8u1 [CONTEXT service_id=54 ]
04-22 11:29:21.265 22073  6656 I chatty  : uid=10156(com.google.android.gms) highpool[332] identical 7 lines
04-22 11:29:21.265 22073  6656 E NearbyConnections: EndpointManager failed to find EndpointChannel over which to write DATA at offset 612 of Payload -9007404025457505713 to endpoint T8u1 [CONTEXT service_id=54 ]
04-22 11:29:21.265  2308  2388 W BluetoothEventManager: AclStateChangedHandler: activeDevice is null
04-22 11:29:21.265 22073  6656 E NearbyConnections: EndpointManager failed to find EndpointChannel over which to write DATA at offset 612 of Payload -9007404025457505713 to endpoint T8u1 [CONTEXT service_id=54 ]
04-22 11:29:21.266 22073  6656 E NearbyConnections: EndpointManager failed to find EndpointChannel over which to write DATA at offset 612 of Payload -9007404025457505713 to endpoint T8u1 [CONTEXT service_id=54 ]
04-22 11:29:21.266  2290  3378 D BtGatt.GattService: discoverServices() - address=5A:DC:E3:11:DB:30, connId=266
04-22 11:29:21.266 22073  6656 E NearbyConnections: EndpointManager failed to find EndpointChannel over which to write DATA at offset 612 of Payload -9007404025457505713 to endpoint T8u1 [CONTEXT service_id=54 ]
04-22 11:29:21.279 22073  6656 I chatty  : uid=10156(com.google.android.gms) highpool[332] identical 46 lines
04-22 11:29:21.279 22073  6656 E NearbyConnections: EndpointManager failed to find EndpointChannel over which to write DATA at offset 612 of Payload -9007404025457505713 to endpoint T8u1 [CONTEXT service_id=54 ]
04-22 11:29:21.279  7384  7384 D MCLOG   : [MC_Service] onStartcommand()
04-22 11:29:21.279 22073  6656 E NearbyConnections: EndpointManager failed to find EndpointChannel over which to write DATA at offset 612 of Payload -9007404025457505713 to endpoint T8u1 [CONTEXT service_id=54 ]
04-22 11:29:21.285 22073  6656 I chatty  : uid=10156(com.google.android.gms) highpool[332] identical 10 lines
04-22 11:29:21.285 22073  6656 E NearbyConnections: EndpointManager failed to find EndpointChannel over which to write DATA at offset 612 of Payload -9007404025457505713 to endpoint T8u1 [CONTEXT service_id=54 ]
04-22 11:29:21.286 22073 22073 I NearbyDiscovery: onAclChange: state=CONNECTED, device=5A:DC:E3:11:DB:30 [CONTEXT service_id=49 ]
04-22 11:29:21.286 22073  6656 E NearbyConnections: EndpointManager failed to find EndpointChannel over which to write DATA at offset 612 of Payload -9007404025457505713 to endpoint T8u1 [CONTEXT service_id=54 ]
04-22 11:29:21.286  6583  6606 I BistoWorker: bluetoothConnectionStateChanged. Action: android.bluetooth.device.action.ACL_CONNECTED
04-22 11:29:21.286 22073  6656 E NearbyConnections: EndpointManager failed to find EndpointChannel over which to write DATA at offset 612 of Payload -9007404025457505713 to endpoint T8u1 [CONTEXT service_id=54 ]
04-22 11:29:21.286 22073  6656 E NearbyConnections: EndpointManager failed to find EndpointChannel over which to write DATA at offset 612 of Payload -9007404025457505713 to endpoint T8u1 [CONTEXT service_id=54 ]
04-22 11:29:21.286 22073 10978 I NearbyDiscovery: FastPairBattery: No associated accountKey is found when query battery info, address:5A:DC:E3:11:DB:30 [CONTEXT service_id=49 ]
04-22 11:29:21.287 22073  6656 E NearbyConnections: EndpointManager failed to find EndpointChannel over which to write DATA at offset 612 of Payload -9007404025457505713 to endpoint T8u1 [CONTEXT service_id=54 ]
04-22 11:29:21.287 22073  6656 E NearbyConnections: EndpointManager failed to find EndpointChannel over which to write DATA at offset 612 of Payload -9007404025457505713 to endpoint T8u1 [CONTEXT service_id=54 ]
04-22 11:29:21.287  6583  6606 I BistoWorker: Ignoring non-bonded action android.bluetooth.device.action.ACL_CONNECTED for device 5A:DC:E3:11:DB:30
04-22 11:29:21.287 22073  6656 E NearbyConnections: EndpointManager failed to find EndpointChannel over which to write DATA at offset 612 of Payload -9007404025457505713 to endpoint T8u1 [CONTEXT service_id=54 ]
04-22 11:29:21.375 22073  6656 I chatty  : uid=10156(com.google.android.gms) highpool[332] identical 351 lines
04-22 11:29:21.375 22073  6656 E NearbyConnections: EndpointManager failed to find EndpointChannel over which to write DATA at offset 612 of Payload -9007404025457505713 to endpoint T8u1 [CONTEXT service_id=54 ]
04-22 11:29:21.375 22073 11015 I NearbyConnections: ClientProxy(244116452) reporting onPayloadReceived(8NOP, -5045089683811467112) [CONTEXT service_id=54 ]
04-22 11:29:21.375 22073  6656 E NearbyConnections: EndpointManager failed to find EndpointChannel over which to write DATA at offset 612 of Payload -9007404025457505713 to endpoint T8u1 [CONTEXT service_id=54 ]
04-22 11:29:21.383 22073  6656 I chatty  : uid=10156(com.google.android.gms) highpool[332] identical 33 lines
04-22 11:29:21.383 22073  6656 E NearbyConnections: EndpointManager failed to find EndpointChannel over which to write DATA at offset 612 of Payload -9007404025457505713 to endpoint T8u1 [CONTEXT service_id=54 ]
04-22 11:29:21.384 22073 11015 I NearbyConnections: ClientProxy(244116452) reporting onPayloadTransferUpdate(8NOP, -5045089683811467112, SUCCESS) [CONTEXT service_id=54 ]
04-22 11:29:21.384 22073  6656 E NearbyConnections: EndpointManager failed to find EndpointChannel over which to write DATA at offset 612 of Payload -9007404025457505713 to endpoint T8u1 [CONTEXT service_id=54 ]
04-22 11:29:21.384 22073  6656 I chatty  : uid=10156(com.google.android.gms) highpool[332] identical 2 lines
04-22 11:29:21.384 22073  6656 E NearbyConnections: EndpointManager failed to find EndpointChannel over which to write DATA at offset 612 of Payload -9007404025457505713 to endpoint T8u1 [CONTEXT service_id=54 ]
04-22 11:29:21.384 10906 10972 V connectedcrossroad: Data collect: HELO
04-22 11:29:21.385 10906 10972 V data    : Payload RX: 0
04-22 11:29:21.385 22073  6656 E NearbyConnections: EndpointManager failed to find EndpointChannel over which to write DATA at offset 612 of Payload -9007404025457505713 to endpoint T8u1 [CONTEXT service_id=54 ]
04-22 11:29:21.385 10906 10972 V data    : Payload TX: 0
04-22 11:29:21.385 10906 10972 V data    : Total RX: 1224
04-22 11:29:21.385 22073  6656 E NearbyConnections: EndpointManager failed to find EndpointChannel over which to write DATA at offset 612 of Payload -9007404025457505713 to endpoint T8u1 [CONTEXT service_id=54 ]
04-22 11:29:21.385 10906 10972 V data    : Total TX: 612
04-22 11:29:21.385 22073  6656 E NearbyConnections: EndpointManager failed to find EndpointChannel over which to write DATA at offset 612 of Payload -9007404025457505713 to endpoint T8u1 [CONTEXT service_id=54 ]
04-22 11:29:21.400 22073  6656 I chatty  : uid=10156(com.google.android.gms) highpool[332] identical 60 lines
04-22 11:29:21.400 22073  6656 E NearbyConnections: EndpointManager failed to find EndpointChannel over which to write DATA at offset 612 of Payload -9007404025457505713 to endpoint T8u1 [CONTEXT service_id=54 ]
04-22 11:29:21.400  2290  2603 I bt_stack: [INFO:gatt_main.cc(919)] gatt_data_process op_code = 17, msg_len = 19
04-22 11:29:21.400 22073  6656 E NearbyConnections: EndpointManager failed to find EndpointChannel over which to write DATA at offset 612 of Payload -9007404025457505713 to endpoint T8u1 [CONTEXT service_id=54 ]
04-22 11:29:21.505 22073  6656 I chatty  : uid=10156(com.google.android.gms) highpool[332] identical 411 lines
04-22 11:29:21.505 22073  6656 E NearbyConnections: EndpointManager failed to find EndpointChannel over which to write DATA at offset 612 of Payload -9007404025457505713 to endpoint T8u1 [CONTEXT service_id=54 ]
04-22 11:29:21.505  2290  2603 E bt_btm  : btm_ble_read_remote_features_complete: failed for handle: 0x0029, status 0x3e
04-22 11:29:21.505 22073  6656 E NearbyConnections: EndpointManager failed to find EndpointChannel over which to write DATA at offset 612 of Payload -9007404025457505713 to endpoint T8u1 [CONTEXT service_id=54 ]
04-22 11:29:21.506 22073  6656 E NearbyConnections: EndpointManager failed to find EndpointChannel over which to write DATA at offset 612 of Payload -9007404025457505713 to endpoint T8u1 [CONTEXT service_id=54 ]
04-22 11:29:21.506  2290  2603 I bt_stack: [INFO:btsnoop.cc(384)] clear_l2cap_whitelist: Clearing whitelist from l2cap channel. conn_handle=29 cid=4:4
04-22 11:29:21.506 22073  6656 E NearbyConnections: EndpointManager failed to find EndpointChannel over which to write DATA at offset 612 of Payload -9007404025457505713 to endpoint T8u1 [CONTEXT service_id=54 ]
04-22 11:29:21.506 22073  6656 E NearbyConnections: EndpointManager failed to find EndpointChannel over which to write DATA at offset 612 of Payload -9007404025457505713 to endpoint T8u1 [CONTEXT service_id=54 ]
04-22 11:29:21.506  2290  2603 I bt_btm_sec: btm_sec_disconnected clearing pending flag handle:29 reason:62
04-22 11:29:21.506  2290  2603 I bt_stack: [INFO:btm_ble_bgconn.cc(406)] Already connection initiated (or) No Pending connections(or) Resources of lcb are exhausted
04-22 11:29:21.507 22073  6656 E NearbyConnections: EndpointManager failed to find EndpointChannel over which to write DATA at offset 612 of Payload -9007404025457505713 to endpoint T8u1 [CONTEXT service_id=54 ]
04-22 11:29:21.594 22073  6656 I chatty  : uid=10156(com.google.android.gms) highpool[332] identical 309 lines
04-22 11:29:21.595 22073  6656 E NearbyConnections: EndpointManager failed to find EndpointChannel over which to write DATA at offset 612 of Payload -9007404025457505713 to endpoint T8u1 [CONTEXT service_id=54 ]
04-22 11:29:21.595  2290  2603 I bt_stack: [INFO:gatt_main.cc(919)] gatt_data_process op_code = 17, msg_len = 7
04-22 11:29:21.595 22073  6656 E NearbyConnections: EndpointManager failed to find EndpointChannel over which to write DATA at offset 612 of Payload -9007404025457505713 to endpoint T8u1 [CONTEXT service_id=54 ]
04-22 11:29:21.595  2290  2603 I bt_stack: [INFO:gatt_api.cc(635)] GATTC_Discover conn_id=0x010a, disc_type=3, s_handle=0x0001, e_handle=0x0003
04-22 11:29:21.595 22073  6656 E NearbyConnections: EndpointManager failed to find EndpointChannel over which to write DATA at offset 612 of Payload -9007404025457505713 to endpoint T8u1 [CONTEXT service_id=54 ]
04-22 11:29:21.608 22073  6656 I chatty  : uid=10156(com.google.android.gms) highpool[332] identical 52 lines
04-22 11:29:21.608 22073  6656 E NearbyConnections: EndpointManager failed to find EndpointChannel over which to write DATA at offset 612 of Payload -9007404025457505713 to endpoint T8u1 [CONTEXT service_id=54 ]
04-22 11:29:21.605     0     0 W swapper/6: type=1400 audit(0.0:2692): avc: denied { kill } for uid=0 capability=5 scontext=u:r:kernel:s0 tcontext=u:r:kernel:s0 tclass=capability permissive=0
04-22 11:29:21.608 22073  6656 E NearbyConnections: EndpointManager failed to find EndpointChannel over which to write DATA at offset 612 of Payload -9007404025457505713 to endpoint T8u1 [CONTEXT service_id=54 ]
04-22 11:29:21.692 22073  6656 I chatty  : uid=10156(com.google.android.gms) highpool[332] identical 332 lines
04-22 11:29:21.692 22073  6656 E NearbyConnections: EndpointManager failed to find EndpointChannel over which to write DATA at offset 612 of Payload -9007404025457505713 to endpoint T8u1 [CONTEXT service_id=54 ]
04-22 11:29:21.692  2290  2603 I bt_stack: [INFO:gatt_main.cc(919)] gatt_data_process op_code = 1, msg_len = 4
04-22 11:29:21.692 22073  6656 E NearbyConnections: EndpointManager failed to find EndpointChannel over which to write DATA at offset 612 of Payload -9007404025457505713 to endpoint T8u1 [CONTEXT service_id=54 ]
04-22 11:29:21.693  2290  2603 I bt_stack: [INFO:gatt_api.cc(635)] GATTC_Discover conn_id=0x010a, disc_type=4, s_handle=0x0001, e_handle=0x0003
04-22 11:29:21.693 22073  6656 E NearbyConnections: EndpointManager failed to find EndpointChannel over which to write DATA at offset 612 of Payload -9007404025457505713 to endpoint T8u1 [CONTEXT service_id=54 ]
04-22 11:29:21.693 22073  6656 I chatty  : uid=10156(com.google.android.gms) highpool[332] identical 1 line
04-22 11:29:21.693 22073  6656 E NearbyConnections: EndpointManager failed to find EndpointChannel over which to write DATA at offset 612 of Payload -9007404025457505713 to endpoint T8u1 [CONTEXT service_id=54 ]
04-22 11:29:21.693  2290  2348 D BtGatt.GattService: onServerConnUpdate() - connId=264, status=0
04-22 11:29:21.693 22073  6656 E NearbyConnections: EndpointManager failed to find EndpointChannel over which to write DATA at offset 612 of Payload -9007404025457505713 to endpoint T8u1 [CONTEXT service_id=54 ]
04-22 11:29:21.694 22073  6656 E NearbyConnections: EndpointManager failed to find EndpointChannel over which to write DATA at offset 612 of Payload -9007404025457505713 to endpoint T8u1 [CONTEXT service_id=54 ]
04-22 11:29:21.694  2290  2348 D BtGatt.GattService: onServerConnUpdate() - connId=265, status=0
04-22 11:29:21.694 22073 22327 D BluetoothGattServer: onConnectionUpdated() - Device=5A:DC:E3:11:DB:30 interval=6 latency=0 timeout=500 status=0
04-22 11:29:21.694 22073  6656 E NearbyConnections: EndpointManager failed to find EndpointChannel over which to write DATA at offset 612 of Payload -9007404025457505713 to endpoint T8u1 [CONTEXT service_id=54 ]
04-22 11:29:21.694  2290  2348 D BtGatt.GattService: onClientConnUpdate() - connId=266, status=0
04-22 11:29:21.694 22073 23806 D BluetoothGattServer: onConnectionUpdated() - Device=5A:DC:E3:11:DB:30 interval=6 latency=0 timeout=500 status=0
04-22 11:29:21.694 22073  6656 E NearbyConnections: EndpointManager failed to find EndpointChannel over which to write DATA at offset 612 of Payload -9007404025457505713 to endpoint T8u1 [CONTEXT service_id=54 ]
04-22 11:29:21.694 22073  6656 E NearbyConnections: EndpointManager failed to find EndpointChannel over which to write DATA at offset 612 of Payload -9007404025457505713 to endpoint T8u1 [CONTEXT service_id=54 ]
04-22 11:29:21.694 22073 22327 D BluetoothGatt: onConnectionUpdated() - Device=5A:DC:E3:11:DB:30 interval=6 latency=0 timeout=500 status=0
04-22 11:29:21.695 22073  6656 E NearbyConnections: EndpointManager failed to find EndpointChannel over which to write DATA at offset 612 of Payload -9007404025457505713 to endpoint T8u1 [CONTEXT service_id=54 ]
04-22 11:29:21.763 22073  6656 I chatty  : uid=10156(com.google.android.gms) highpool[332] identical 266 lines
04-22 11:29:21.763 22073  6656 E NearbyConnections: EndpointManager failed to find EndpointChannel over which to write DATA at offset 612 of Payload -9007404025457505713 to endpoint T8u1 [CONTEXT service_id=54 ]
04-22 11:29:21.763  2290  2603 I bt_stack: [INFO:gatt_main.cc(919)] gatt_data_process op_code = 9, msg_len = 8
04-22 11:29:21.764 22073  6656 E NearbyConnections: EndpointManager failed to find EndpointChannel over which to write DATA at offset 612 of Payload -9007404025457505713 to endpoint T8u1 [CONTEXT service_id=54 ]
04-22 11:29:21.778 22073  6656 I chatty  : uid=10156(com.google.android.gms) highpool[332] identical 60 lines
04-22 11:29:21.779 22073  6656 E NearbyConnections: EndpointManager failed to find EndpointChannel over which to write DATA at offset 612 of Payload -9007404025457505713 to endpoint T8u1 [CONTEXT service_id=54 ]
04-22 11:29:21.779  2290  2603 I bt_stack: [INFO:gatt_main.cc(919)] gatt_data_process op_code = 1, msg_len = 4
04-22 11:29:21.779  2290  2603 I bt_stack: [INFO:gatt_api.cc(635)] GATTC_Discover conn_id=0x010a, disc_type=3, s_handle=0x0014, e_handle=0x001a
04-22 11:29:21.779 22073  6656 E NearbyConnections: EndpointManager failed to find EndpointChannel over which to write DATA at offset 612 of Payload -9007404025457505713 to endpoint T8u1 [CONTEXT service_id=54 ]
04-22 11:29:21.838 22073  6656 I chatty  : uid=10156(com.google.android.gms) highpool[332] identical 238 lines
04-22 11:29:21.838 22073  6656 E NearbyConnections: EndpointManager failed to find EndpointChannel over which to write DATA at offset 612 of Payload -9007404025457505713 to endpoint T8u1 [CONTEXT service_id=54 ]
04-22 11:29:21.839  2290  2603 I bt_stack: [INFO:gatt_main.cc(919)] gatt_data_process op_code = 1, msg_len = 4
04-22 11:29:21.839 22073  6656 E NearbyConnections: EndpointManager failed to find EndpointChannel over which to write DATA at offset 612 of Payload -9007404025457505713 to endpoint T8u1 [CONTEXT service_id=54 ]
04-22 11:29:21.839  2290  2603 I bt_stack: [INFO:gatt_api.cc(635)] GATTC_Discover conn_id=0x010a, disc_type=4, s_handle=0x0014, e_handle=0x001a
04-22 11:29:21.839 22073  6656 E NearbyConnections: EndpointManager failed to find EndpointChannel over which to write DATA at offset 612 of Payload -9007404025457505713 to endpoint T8u1 [CONTEXT service_id=54 ]
04-22 11:29:21.853 22073  6656 I chatty  : uid=10156(com.google.android.gms) highpool[332] identical 58 lines
04-22 11:29:21.854 22073  6656 E NearbyConnections: EndpointManager failed to find EndpointChannel over which to write DATA at offset 612 of Payload -9007404025457505713 to endpoint T8u1 [CONTEXT service_id=54 ]
04-22 11:29:21.854  2290  2603 I bt_stack: [INFO:gatt_main.cc(919)] gatt_data_process op_code = 9, msg_len = 22
04-22 11:29:21.854 22073  6656 E NearbyConnections: EndpointManager failed to find EndpointChannel over which to write DATA at offset 612 of Payload -9007404025457505713 to endpoint T8u1 [CONTEXT service_id=54 ]
04-22 11:29:21.876 22073  6656 I chatty  : uid=10156(com.google.android.gms) highpool[332] identical 73 lines
04-22 11:29:21.876 22073  6656 E NearbyConnections: EndpointManager failed to find EndpointChannel over which to write DATA at offset 612 of Payload -9007404025457505713 to endpoint T8u1 [CONTEXT service_id=54 ]
04-22 11:29:21.876  2290  2603 I bt_stack: [INFO:gatt_main.cc(919)] gatt_data_process op_code = 1, msg_len = 4
04-22 11:29:21.876  2290  2603 I bt_stack: [INFO:gatt_api.cc(635)] GATTC_Discover conn_id=0x010a, disc_type=3, s_handle=0x0028, e_handle=0x002d
04-22 11:29:21.876 22073  6656 E NearbyConnections: EndpointManager failed to find EndpointChannel over which to write DATA at offset 612 of Payload -9007404025457505713 to endpoint T8u1 [CONTEXT service_id=54 ]
04-22 11:29:21.899 22073  6656 I chatty  : uid=10156(com.google.android.gms) highpool[332] identical 63 lines
04-22 11:29:21.899 22073  6656 E NearbyConnections: EndpointManager failed to find EndpointChannel over which to write DATA at offset 612 of Payload -9007404025457505713 to endpoint T8u1 [CONTEXT service_id=54 ]
04-22 11:29:21.899  2290  2603 I bt_stack: [INFO:gatt_main.cc(919)] gatt_data_process op_code = 1, msg_len = 4
04-22 11:29:21.899  2290  2603 I bt_stack: [INFO:gatt_api.cc(635)] GATTC_Discover conn_id=0x010a, disc_type=4, s_handle=0x0028, e_handle=0x002d
04-22 11:29:21.900 22073  6656 E NearbyConnections: EndpointManager failed to find EndpointChannel over which to write DATA at offset 612 of Payload -9007404025457505713 to endpoint T8u1 [CONTEXT service_id=54 ]
04-22 11:29:21.914 22073  6656 I chatty  : uid=10156(com.google.android.gms) highpool[332] identical 49 lines
04-22 11:29:21.914 22073  6656 E NearbyConnections: EndpointManager failed to find EndpointChannel over which to write DATA at offset 612 of Payload -9007404025457505713 to endpoint T8u1 [CONTEXT service_id=54 ]
04-22 11:29:21.914  2290  2603 I bt_stack: [INFO:gatt_main.cc(919)] gatt_data_process op_code = 9, msg_len = 22
04-22 11:29:21.914 22073  6656 E NearbyConnections: EndpointManager failed to find EndpointChannel over which to write DATA at offset 612 of Payload -9007404025457505713 to endpoint T8u1 [CONTEXT service_id=54 ]
04-22 11:29:21.936 22073  6656 I chatty  : uid=10156(com.google.android.gms) highpool[332] identical 87 lines
04-22 11:29:21.936 22073  6656 E NearbyConnections: EndpointManager failed to find EndpointChannel over which to write DATA at offset 612 of Payload -9007404025457505713 to endpoint T8u1 [CONTEXT service_id=54 ]
04-22 11:29:21.936  2290  2603 I bt_stack: [INFO:gatt_main.cc(919)] gatt_data_process op_code = 9, msg_len = 22
04-22 11:29:21.936 22073  6656 E NearbyConnections: EndpointManager failed to find EndpointChannel over which to write DATA at offset 612 of Payload -9007404025457505713 to endpoint T8u1 [CONTEXT service_id=54 ]
04-22 11:29:21.951 22073  6656 I chatty  : uid=10156(com.google.android.gms) highpool[332] identical 59 lines
04-22 11:29:21.951 22073  6656 E NearbyConnections: EndpointManager failed to find EndpointChannel over which to write DATA at offset 612 of Payload -9007404025457505713 to endpoint T8u1 [CONTEXT service_id=54 ]
04-22 11:29:21.951  2290  2603 I bt_stack: [INFO:gatt_main.cc(919)] gatt_data_process op_code = 1, msg_len = 4
04-22 11:29:21.951 22073  6656 E NearbyConnections: EndpointManager failed to find EndpointChannel over which to write DATA at offset 612 of Payload -9007404025457505713 to endpoint T8u1 [CONTEXT service_id=54 ]
04-22 11:29:21.951  2290  2603 I bt_stack: [INFO:gatt_api.cc(635)] GATTC_Discover conn_id=0x010a, disc_type=5, s_handle=0x002b, e_handle=0x002b
04-22 11:29:21.951 22073  6656 E NearbyConnections: EndpointManager failed to find EndpointChannel over which to write DATA at offset 612 of Payload -9007404025457505713 to endpoint T8u1 [CONTEXT service_id=54 ]
04-22 11:29:21.988 22073  6656 I chatty  : uid=10156(com.google.android.gms) highpool[332] identical 149 lines
04-22 11:29:21.988 22073  6656 E NearbyConnections: EndpointManager failed to find EndpointChannel over which to write DATA at offset 612 of Payload -9007404025457505713 to endpoint T8u1 [CONTEXT service_id=54 ]
04-22 11:29:21.988  2290  2603 I bt_stack: [INFO:gatt_main.cc(919)] gatt_data_process op_code = 5, msg_len = 5
04-22 11:29:21.988  2290  2603 I bt_stack: [INFO:gatt_api.cc(635)] GATTC_Discover conn_id=0x010a, disc_type=3, s_handle=0x002e, e_handle=0xffff
04-22 11:29:21.989 22073  6656 E NearbyConnections: EndpointManager failed to find EndpointChannel over which to write DATA at offset 612 of Payload -9007404025457505713 to endpoint T8u1 [CONTEXT service_id=54 ]
04-22 11:29:22.003 22073  6656 I chatty  : uid=10156(com.google.android.gms) highpool[332] identical 59 lines
04-22 11:29:22.003 22073  6656 E NearbyConnections: EndpointManager failed to find EndpointChannel over which to write DATA at offset 612 of Payload -9007404025457505713 to endpoint T8u1 [CONTEXT service_id=54 ]
04-22 11:29:22.003  2290  2603 I bt_stack: [INFO:gatt_main.cc(919)] gatt_data_process op_code = 1, msg_len = 4
04-22 11:29:22.003 22073  6656 E NearbyConnections: EndpointManager failed to find EndpointChannel over which to write DATA at offset 612 of Payload -9007404025457505713 to endpoint T8u1 [CONTEXT service_id=54 ]
04-22 11:29:22.003  2290  2603 I bt_stack: [INFO:gatt_api.cc(635)] GATTC_Discover conn_id=0x010a, disc_type=4, s_handle=0x002e, e_handle=0xffff
04-22 11:29:22.004 22073  6656 E NearbyConnections: EndpointManager failed to find EndpointChannel over which to write DATA at offset 612 of Payload -9007404025457505713 to endpoint T8u1 [CONTEXT service_id=54 ]
04-22 11:29:22.041 22073  6656 I chatty  : uid=10156(com.google.android.gms) highpool[332] identical 150 lines
04-22 11:29:22.041 22073  6656 E NearbyConnections: EndpointManager failed to find EndpointChannel over which to write DATA at offset 612 of Payload -9007404025457505713 to endpoint T8u1 [CONTEXT service_id=54 ]
04-22 11:29:22.041  2290  2603 I bt_stack: [INFO:gatt_main.cc(919)] gatt_data_process op_code = 9, msg_len = 22
04-22 11:29:22.041 22073  6656 E NearbyConnections: EndpointManager failed to find EndpointChannel over which to write DATA at offset 612 of Payload -9007404025457505713 to endpoint T8u1 [CONTEXT service_id=54 ]
04-22 11:29:22.056 22073  6656 I chatty  : uid=10156(com.google.android.gms) highpool[332] identical 59 lines
04-22 11:29:22.056 22073  6656 E NearbyConnections: EndpointManager failed to find EndpointChannel over which to write DATA at offset 612 of Payload -9007404025457505713 to endpoint T8u1 [CONTEXT service_id=54 ]
04-22 11:29:22.056  2290  2603 I bt_stack: [INFO:gatt_main.cc(919)] gatt_data_process op_code = 9, msg_len = 22
04-22 11:29:22.056 22073  6656 E NearbyConnections: EndpointManager failed to find EndpointChannel over which to write DATA at offset 612 of Payload -9007404025457505713 to endpoint T8u1 [CONTEXT service_id=54 ]
04-22 11:29:22.116 22073  6656 I chatty  : uid=10156(com.google.android.gms) highpool[332] identical 242 lines
04-22 11:29:22.116 22073  6656 E NearbyConnections: EndpointManager failed to find EndpointChannel over which to write DATA at offset 612 of Payload -9007404025457505713 to endpoint T8u1 [CONTEXT service_id=54 ]
04-22 11:29:22.116  2290  2603 I bt_stack: [INFO:gatt_main.cc(919)] gatt_data_process op_code = 9, msg_len = 22
04-22 11:29:22.116 22073  6656 E NearbyConnections: EndpointManager failed to find EndpointChannel over which to write DATA at offset 612 of Payload -9007404025457505713 to endpoint T8u1 [CONTEXT service_id=54 ]
04-22 11:29:22.138 22073  6656 I chatty  : uid=10156(com.google.android.gms) highpool[332] identical 88 lines
04-22 11:29:22.138 22073  6656 E NearbyConnections: EndpointManager failed to find EndpointChannel over which to write DATA at offset 612 of Payload -9007404025457505713 to endpoint T8u1 [CONTEXT service_id=54 ]
04-22 11:29:22.139  2290  2603 I bt_stack: [INFO:gatt_main.cc(919)] gatt_data_process op_code = 9, msg_len = 22
04-22 11:29:22.139 22073  6656 E NearbyConnections: EndpointManager failed to find EndpointChannel over which to write DATA at offset 612 of Payload -9007404025457505713 to endpoint T8u1 [CONTEXT service_id=54 ]
04-22 11:29:22.154 22073  6656 I chatty  : uid=10156(com.google.android.gms) highpool[332] identical 60 lines
04-22 11:29:22.154 22073  6656 E NearbyConnections: EndpointManager failed to find EndpointChannel over which to write DATA at offset 612 of Payload -9007404025457505713 to endpoint T8u1 [CONTEXT service_id=54 ]
04-22 11:29:22.154  2290  2603 I bt_stack: [INFO:gatt_main.cc(919)] gatt_data_process op_code = 9, msg_len = 22
04-22 11:29:22.154 22073  6656 E NearbyConnections: EndpointManager failed to find EndpointChannel over which to write DATA at offset 612 of Payload -9007404025457505713 to endpoint T8u1 [CONTEXT service_id=54 ]
04-22 11:29:22.183 22073  6656 I chatty  : uid=10156(com.google.android.gms) highpool[332] identical 117 lines
04-22 11:29:22.183 22073  6656 E NearbyConnections: EndpointManager failed to find EndpointChannel over which to write DATA at offset 612 of Payload -9007404025457505713 to endpoint T8u1 [CONTEXT service_id=54 ]
04-22 11:29:22.183  2290  2603 I bt_stack: [INFO:gatt_main.cc(919)] gatt_data_process op_code = 1, msg_len = 4
04-22 11:29:22.183 22073  6656 E NearbyConnections: EndpointManager failed to find EndpointChannel over which to write DATA at offset 612 of Payload -9007404025457505713 to endpoint T8u1 [CONTEXT service_id=54 ]
04-22 11:29:22.183  2290  2603 I bt_stack: [INFO:gatt_api.cc(635)] GATTC_Discover conn_id=0x010a, disc_type=5, s_handle=0x0039, e_handle=0xffff
04-22 11:29:22.184 22073  6656 E NearbyConnections: EndpointManager failed to find EndpointChannel over which to write DATA at offset 612 of Payload -9007404025457505713 to endpoint T8u1 [CONTEXT service_id=54 ]
04-22 11:29:22.198 22073  6656 I chatty  : uid=10156(com.google.android.gms) highpool[332] identical 57 lines
04-22 11:29:22.198 22073  6656 E NearbyConnections: EndpointManager failed to find EndpointChannel over which to write DATA at offset 612 of Payload -9007404025457505713 to endpoint T8u1 [CONTEXT service_id=54 ]
04-22 11:29:22.198  2290  2603 I bt_stack: [INFO:gatt_main.cc(919)] gatt_data_process op_code = 1, msg_len = 4
04-22 11:29:22.198 22073  6656 E NearbyConnections: EndpointManager failed to find EndpointChannel over which to write DATA at offset 612 of Payload -9007404025457505713 to endpoint T8u1 [CONTEXT service_id=54 ]
04-22 11:29:22.198  2290  2603 I bt_stack: [INFO:bta_gattc_cache.cc(183)] bta_gattc_explore_srvc_finished: service discovery finished
04-22 11:29:22.199 22073  6656 E NearbyConnections: EndpointManager failed to find EndpointChannel over which to write DATA at offset 612 of Payload -9007404025457505713 to endpoint T8u1 [CONTEXT service_id=54 ]
04-22 11:29:22.199 22073  6656 I chatty  : uid=10156(com.google.android.gms) highpool[332] identical 2 lines
04-22 11:29:22.199 22073  6656 E NearbyConnections: EndpointManager failed to find EndpointChannel over which to write DATA at offset 612 of Payload -9007404025457505713 to endpoint T8u1 [CONTEXT service_id=54 ]
04-22 11:29:22.199  2290  2348 D BtGatt.GattService: onSearchCompleted() - connId=266, status=0
04-22 11:29:22.200 22073  6656 E NearbyConnections: EndpointManager failed to find EndpointChannel over which to write DATA at offset 612 of Payload -9007404025457505713 to endpoint T8u1 [CONTEXT service_id=54 ]
04-22 11:29:22.200  2290  2348 E bt_btif_gattc: btif_gattc_upstreams_evt: Unhandled event (8)!
04-22 11:29:22.200 22073  6656 E NearbyConnections: EndpointManager failed to find EndpointChannel over which to write DATA at offset 612 of Payload -9007404025457505713 to endpoint T8u1 [CONTEXT service_id=54 ]
04-22 11:29:22.200 22073  6656 E NearbyConnections: EndpointManager failed to find EndpointChannel over which to write DATA at offset 612 of Payload -9007404025457505713 to endpoint T8u1 [CONTEXT service_id=54 ]
04-22 11:29:22.200  2290  2348 D bt_bta_gattc: bta_gattc_get_gatt_db
04-22 11:29:22.200 22073  6656 E NearbyConnections: EndpointManager failed to find EndpointChannel over which to write DATA at offset 612 of Payload -9007404025457505713 to endpoint T8u1 [CONTEXT service_id=54 ]
04-22 11:29:22.200 22073  6656 I chatty  : uid=10156(com.google.android.gms) highpool[332] identical 1 line
04-22 11:29:22.201 22073  6656 E NearbyConnections: EndpointManager failed to find EndpointChannel over which to write DATA at offset 612 of Payload -9007404025457505713 to endpoint T8u1 [CONTEXT service_id=54 ]
04-22 11:29:22.201  2290  2348 D BtGatt.GattService: onGetGattDb() - address=5A:DC:E3:11:DB:30
04-22 11:29:22.201  2290  2348 D BtGatt.GattService: got service with UUID=00001801-0000-1000-8000-00805f9b34fb id: 1
04-22 11:29:22.201 22073  6656 E NearbyConnections: EndpointManager failed to find EndpointChannel over which to write DATA at offset 612 of Payload -9007404025457505713 to endpoint T8u1 [CONTEXT service_id=54 ]
04-22 11:29:22.201  2290  2348 D BtGatt.GattService: got characteristic with UUID=00002a05-0000-1000-8000-00805f9b34fb id: 3
04-22 11:29:22.201  2290  2348 D BtGatt.GattService: got service with UUID=00001800-0000-1000-8000-00805f9b34fb id: 20
04-22 11:29:22.201  2290  2348 D BtGatt.GattService: got characteristic with UUID=00002a00-0000-1000-8000-00805f9b34fb id: 22
04-22 11:29:22.201  2290  2348 D BtGatt.GattService: got characteristic with UUID=00002a01-0000-1000-8000-00805f9b34fb id: 24
04-22 11:29:22.201 22073  6656 E NearbyConnections: EndpointManager failed to find EndpointChannel over which to write DATA at offset 612 of Payload -9007404025457505713 to endpoint T8u1 [CONTEXT service_id=54 ]
04-22 11:29:22.201  2290  2348 D BtGatt.GattService: got characteristic with UUID=00002aa6-0000-1000-8000-00805f9b34fb id: 26
04-22 11:29:22.201  2290  2348 D BtGatt.GattService: got service with UUID=0000fef3-0000-1000-8000-00805f9b34fb id: 40
04-22 11:29:22.201  2290  2348 D BtGatt.GattService: got characteristic with UUID=00000100-0004-1000-8000-001a11000102 id: 42
04-22 11:29:22.201  2290  2348 D BtGatt.GattService: got descriptor with UUID=00002902-0000-1000-8000-00805f9b34fb id: 43
04-22 11:29:22.201 22073  6656 E NearbyConnections: EndpointManager failed to find EndpointChannel over which to write DATA at offset 612 of Payload -9007404025457505713 to endpoint T8u1 [CONTEXT service_id=54 ]
04-22 11:29:22.201  2290  2348 D BtGatt.GattService: got characteristic with UUID=00000100-0004-1000-8000-001a11000101 id: 45
04-22 11:29:22.202  2290  2348 D BtGatt.GattService: got service with UUID=0000fef3-0000-1000-8000-00805f9b34fb id: 46
04-22 11:29:22.202  2290  2348 D BtGatt.GattService: got characteristic with UUID=00000000-0000-3000-8000-000000000002 id: 48
04-22 11:29:22.202 22073  6656 E NearbyConnections: EndpointManager failed to find EndpointChannel over which to write DATA at offset 612 of Payload -9007404025457505713 to endpoint T8u1 [CONTEXT service_id=54 ]
04-22 11:29:22.202  2290  2348 D BtGatt.GattService: got characteristic with UUID=00000000-0000-3000-8000-000000000001 id: 50
04-22 11:29:22.202  2290  2348 D BtGatt.GattService: got characteristic with UUID=00000000-0000-3000-8000-000000000003 id: 52
04-22 11:29:22.202  2290  2348 D BtGatt.GattService: got characteristic with UUID=00000000-0000-3000-8000-000000000000 id: 54
04-22 11:29:22.202  2290  2348 D BtGatt.GattService: got characteristic with UUID=00000000-0000-3000-8000-000000000004 id: 56
04-22 11:29:22.202 22073  6656 E NearbyConnections: EndpointManager failed to find EndpointChannel over which to write DATA at offset 612 of Payload -9007404025457505713 to endpoint T8u1 [CONTEXT service_id=54 ]
04-22 11:29:22.203 22073  6656 I chatty  : uid=10156(com.google.android.gms) highpool[332] identical 4 lines
04-22 11:29:22.203 22073  6656 E NearbyConnections: EndpointManager failed to find EndpointChannel over which to write DATA at offset 612 of Payload -9007404025457505713 to endpoint T8u1 [CONTEXT service_id=54 ]
04-22 11:29:22.203 22073 22327 D BluetoothGatt: onSearchComplete() = Device=5A:DC:E3:11:DB:30 Status=0
04-22 11:29:22.203 22073  6656 E NearbyConnections: EndpointManager failed to find EndpointChannel over which to write DATA at offset 612 of Payload -9007404025457505713 to endpoint T8u1 [CONTEXT service_id=54 ]
04-22 11:29:22.204 22073  6656 I chatty  : uid=10156(com.google.android.gms) highpool[332] identical 1 line
04-22 11:29:22.204 22073  6656 E NearbyConnections: EndpointManager failed to find EndpointChannel over which to write DATA at offset 612 of Payload -9007404025457505713 to endpoint T8u1 [CONTEXT service_id=54 ]
04-22 11:29:22.204 22073 11021 I bevc    : Services discovered successfully in 941 ms.
04-22 11:29:22.204 22073  6656 E NearbyConnections: EndpointManager failed to find EndpointChannel over which to write DATA at offset 612 of Payload -9007404025457505713 to endpoint T8u1 [CONTEXT service_id=54 ]
04-22 11:29:22.251 22073  6656 I chatty  : uid=10156(com.google.android.gms) highpool[332] identical 161 lines
04-22 11:29:22.251 22073  6656 E NearbyConnections: EndpointManager failed to find EndpointChannel over which to write DATA at offset 612 of Payload -9007404025457505713 to endpoint T8u1 [CONTEXT service_id=54 ]
04-22 11:29:22.251  2290  2603 I bt_stack: [INFO:gatt_main.cc(919)] gatt_data_process op_code = 11, msg_len = 22
04-22 11:29:22.252 22073  6656 E NearbyConnections: EndpointManager failed to find EndpointChannel over which to write DATA at offset 612 of Payload -9007404025457505713 to endpoint T8u1 [CONTEXT service_id=54 ]
04-22 11:29:22.258 22073  6656 I chatty  : uid=10156(com.google.android.gms) highpool[332] identical 13 lines
04-22 11:29:22.259 22073  6656 E NearbyConnections: EndpointManager failed to find EndpointChannel over which to write DATA at offset 612 of Payload -9007404025457505713 to endpoint T8u1 [CONTEXT service_id=54 ]
04-22 11:29:22.259 10906 10967 D connectedcrossroad: Data collect: SEND
04-22 11:29:22.259 22073  6656 E NearbyConnections: EndpointManager failed to find EndpointChannel over which to write DATA at offset 612 of Payload -9007404025457505713 to endpoint T8u1 [CONTEXT service_id=54 ]
04-22 11:29:22.267 22073  6656 I chatty  : uid=10156(com.google.android.gms) highpool[332] identical 24 lines
04-22 11:29:22.267 22073  6656 E NearbyConnections: EndpointManager failed to find EndpointChannel over which to write DATA at offset 612 of Payload -9007404025457505713 to endpoint T8u1 [CONTEXT service_id=54 ]
04-22 11:29:22.267 22073 11015 I NearbyConnections: Client 244116452 is sending payload -5676302298383634737 to endpoints [8NOP]. [CONTEXT service_id=54 ]
04-22 11:29:22.267 22073  6656 E NearbyConnections: EndpointManager failed to find EndpointChannel over which to write DATA at offset 612 of Payload -9007404025457505713 to endpoint T8u1 [CONTEXT service_id=54 ]
04-22 11:29:22.273 22073  6656 I chatty  : uid=10156(com.google.android.gms) highpool[332] identical 22 lines
04-22 11:29:22.273 22073  6656 E NearbyConnections: EndpointManager failed to find EndpointChannel over which to write DATA at offset 612 of Payload -9007404025457505713 to endpoint T8u1 [CONTEXT service_id=54 ]
04-22 11:29:22.273 22073 11042 I NearbyConnections: Sent BYTES data(691 bytes) via WIFI_LAN used 4 milliseconds, throughput is 0.16 MB/s (168.70 KB/s) [CONTEXT service_id=54 ]
04-22 11:29:22.273 22073  6656 E NearbyConnections: EndpointManager failed to find EndpointChannel over which to write DATA at offset 612 of Payload -9007404025457505713 to endpoint T8u1 [CONTEXT service_id=54 ]
04-22 11:29:22.273 22073  6656 E NearbyConnections: EndpointManager failed to find EndpointChannel over which to write DATA at offset 612 of Payload -9007404025457505713 to endpoint T8u1 [CONTEXT service_id=54 ]
04-22 11:29:22.273 22073 11015 I NearbyConnections: ClientProxy(244116452) reporting onPayloadTransferUpdate(8NOP, -5676302298383634737, SUCCESS) [CONTEXT service_id=54 ]
04-22 11:29:22.274 22073  6656 E NearbyConnections: EndpointManager failed to find EndpointChannel over which to write DATA at offset 612 of Payload -9007404025457505713 to endpoint T8u1 [CONTEXT service_id=54 ]
04-22 11:29:22.274 22073  6656 E NearbyConnections: EndpointManager failed to find EndpointChannel over which to write DATA at offset 612 of Payload -9007404025457505713 to endpoint T8u1 [CONTEXT service_id=54 ]
04-22 11:29:22.274 22073 11042 I NearbyConnections: Sent BYTES data(691 bytes) SUCCEEDED, overall used 5 milliseconds, throughput is 0.13 MB/s (134.96 KB/s) [CONTEXT service_id=54 ]
04-22 11:29:22.274 22073  6656 E NearbyConnections: EndpointManager failed to find EndpointChannel over which to write DATA at offset 612 of Payload -9007404025457505713 to endpoint T8u1 [CONTEXT service_id=54 ]
04-22 11:29:22.282 22073  6656 I chatty  : uid=10156(com.google.android.gms) highpool[332] identical 31 lines
04-22 11:29:22.282 22073  6656 E NearbyConnections: EndpointManager failed to find EndpointChannel over which to write DATA at offset 612 of Payload -9007404025457505713 to endpoint T8u1 [CONTEXT service_id=54 ]
04-22 11:29:22.282  2290  2603 I bt_stack: [INFO:gatt_main.cc(919)] gatt_data_process op_code = 13, msg_len = 6
04-22 11:29:22.282 22073  6656 E NearbyConnections: EndpointManager failed to find EndpointChannel over which to write DATA at offset 612 of Payload -9007404025457505713 to endpoint T8u1 [CONTEXT service_id=54 ]
04-22 11:29:22.295 22073  6656 I chatty  : uid=10156(com.google.android.gms) highpool[332] identical 55 lines
04-22 11:29:22.296 22073  6656 E NearbyConnections: EndpointManager failed to find EndpointChannel over which to write DATA at offset 612 of Payload -9007404025457505713 to endpoint T8u1 [CONTEXT service_id=54 ]
04-22 11:29:22.296  2290  2603 I bt_stack: [INFO:gatt_main.cc(919)] gatt_data_process op_code = 11, msg_len = 0
04-22 11:29:22.296 22073  6656 E NearbyConnections: EndpointManager failed to find EndpointChannel over which to write DATA at offset 612 of Payload -9007404025457505713 to endpoint T8u1 [CONTEXT service_id=54 ]
04-22 11:29:22.325 22073  6656 I chatty  : uid=10156(com.google.android.gms) highpool[332] identical 119 lines
04-22 11:29:22.326 22073  6656 E NearbyConnections: EndpointManager failed to find EndpointChannel over which to write DATA at offset 612 of Payload -9007404025457505713 to endpoint T8u1 [CONTEXT service_id=54 ]
04-22 11:29:22.326  2290  2603 I bt_stack: [INFO:gatt_main.cc(919)] gatt_data_process op_code = 11, msg_len = 0
04-22 11:29:22.326 22073  6656 E NearbyConnections: EndpointManager failed to find EndpointChannel over which to write DATA at offset 612 of Payload -9007404025457505713 to endpoint T8u1 [CONTEXT service_id=54 ]
04-22 11:29:22.341 22073  6656 I chatty  : uid=10156(com.google.android.gms) highpool[332] identical 60 lines
04-22 11:29:22.341 22073  6656 E NearbyConnections: EndpointManager failed to find EndpointChannel over which to write DATA at offset 612 of Payload -9007404025457505713 to endpoint T8u1 [CONTEXT service_id=54 ]
04-22 11:29:22.341  2290  2603 I bt_stack: [INFO:gatt_main.cc(919)] gatt_data_process op_code = 11, msg_len = 0
04-22 11:29:22.341 22073  6656 E NearbyConnections: EndpointManager failed to find EndpointChannel over which to write DATA at offset 612 of Payload -9007404025457505713 to endpoint T8u1 [CONTEXT service_id=54 ]
04-22 11:29:22.341 22073  6656 I chatty  : uid=10156(com.google.android.gms) highpool[332] identical 1 line
04-22 11:29:22.342 22073  6656 E NearbyConnections: EndpointManager failed to find EndpointChannel over which to write DATA at offset 612 of Payload -9007404025457505713 to endpoint T8u1 [CONTEXT service_id=54 ]
04-22 11:29:22.342  2290  2348 D BtGatt.GattService: onServerConnUpdate() - connId=264, status=0
04-22 11:29:22.342 22073  6656 E NearbyConnections: EndpointManager failed to find EndpointChannel over which to write DATA at offset 612 of Payload -9007404025457505713 to endpoint T8u1 [CONTEXT service_id=54 ]
04-22 11:29:22.342  2290  2348 D BtGatt.GattService: onServerConnUpdate() - connId=265, status=0
04-22 11:29:22.342 22073  6656 E NearbyConnections: EndpointManager failed to find EndpointChannel over which to write DATA at offset 612 of Payload -9007404025457505713 to endpoint T8u1 [CONTEXT service_id=54 ]
04-22 11:29:22.342 22073 23806 D BluetoothGattServer: onConnectionUpdated() - Device=5A:DC:E3:11:DB:30 interval=39 latency=0 timeout=500 status=0
04-22 11:29:22.342  2290  2348 D BtGatt.GattService: onClientConnUpdate() - connId=266, status=0
04-22 11:29:22.342 22073  6656 E NearbyConnections: EndpointManager failed to find EndpointChannel over which to write DATA at offset 612 of Payload -9007404025457505713 to endpoint T8u1 [CONTEXT service_id=54 ]
04-22 11:29:22.343 22073  6656 E NearbyConnections: EndpointManager failed to find EndpointChannel over which to write DATA at offset 612 of Payload -9007404025457505713 to endpoint T8u1 [CONTEXT service_id=54 ]
04-22 11:29:22.343 22073 23806 D BluetoothGatt: onConnectionUpdated() - Device=5A:DC:E3:11:DB:30 interval=39 latency=0 timeout=500 status=0
04-22 11:29:22.343 22073  6656 E NearbyConnections: EndpointManager failed to find EndpointChannel over which to write DATA at offset 612 of Payload -9007404025457505713 to endpoint T8u1 [CONTEXT service_id=54 ]
04-22 11:29:22.343 22073  6656 I chatty  : uid=10156(com.google.android.gms) highpool[332] identical 1 line
04-22 11:29:22.343 22073  6656 E NearbyConnections: EndpointManager failed to find EndpointChannel over which to write DATA at offset 612 of Payload -9007404025457505713 to endpoint T8u1 [CONTEXT service_id=54 ]
04-22 11:29:22.343 22073 22327 D BluetoothGattServer: onConnectionUpdated() - Device=5A:DC:E3:11:DB:30 interval=39 latency=0 timeout=500 status=0
04-22 11:29:22.344 22073  6656 E NearbyConnections: EndpointManager failed to find EndpointChannel over which to write DATA at offset 612 of Payload -9007404025457505713 to endpoint T8u1 [CONTEXT service_id=54 ]
04-22 11:29:22.398 22073  6656 I chatty  : uid=10156(com.google.android.gms) highpool[332] identical 223 lines
04-22 11:29:22.399 22073  6656 E NearbyConnections: EndpointManager failed to find EndpointChannel over which to write DATA at offset 612 of Payload -9007404025457505713 to endpoint T8u1 [CONTEXT service_id=54 ]
04-22 11:29:22.399 22073 11042 I NearbyMediums: Wifi LAN discovered service InZza0Vbye0AAA, but that's us. Ignoring. [CONTEXT service_id=54 ]
04-22 11:29:22.399 22073  6656 E NearbyConnections: EndpointManager failed to find EndpointChannel over which to write DATA at offset 612 of Payload -9007404025457505713 to endpoint T8u1 [CONTEXT service_id=54 ]
04-22 11:29:22.399 22073  6656 E NearbyConnections: EndpointManager failed to find EndpointChannel over which to write DATA at offset 612 of Payload -9007404025457505713 to endpoint T8u1 [CONTEXT service_id=54 ]
04-22 11:29:22.399 22073 11042 I NearbyMediums: Wifi LAN discovered service InZza0Vbye0AAA, but that's us. Ignoring. [CONTEXT service_id=54 ]
04-22 11:29:22.399 22073  6656 E NearbyConnections: EndpointManager failed to find EndpointChannel over which to write DATA at offset 612 of Payload -9007404025457505713 to endpoint T8u1 [CONTEXT service_id=54 ]
04-22 11:29:22.472 22073  6656 I chatty  : uid=10156(com.google.android.gms) highpool[332] identical 294 lines
04-22 11:29:22.472 22073  6656 E NearbyConnections: EndpointManager failed to find EndpointChannel over which to write DATA at offset 612 of Payload -9007404025457505713 to endpoint T8u1 [CONTEXT service_id=54 ]
04-22 11:29:22.472  2290  2603 I bt_stack: [INFO:gatt_main.cc(919)] gatt_data_process op_code = 11, msg_len = 0
04-22 11:29:22.473 22073  6656 E NearbyConnections: EndpointManager failed to find EndpointChannel over which to write DATA at offset 612 of Payload -9007404025457505713 to endpoint T8u1 [CONTEXT service_id=54 ]
04-22 11:29:22.474 22073  6656 I chatty  : uid=10156(com.google.android.gms) highpool[332] identical 4 lines
04-22 11:29:22.474 22073  6656 E NearbyConnections: EndpointManager failed to find EndpointChannel over which to write DATA at offset 612 of Payload -9007404025457505713 to endpoint T8u1 [CONTEXT service_id=54 ]
04-22 11:29:22.474 22073 11021 D BluetoothGatt: cancelOpen() - device: 5A:DC:E3:11:DB:30
04-22 11:29:22.474 22073  6656 E NearbyConnections: EndpointManager failed to find EndpointChannel over which to write DATA at offset 612 of Payload -9007404025457505713 to endpoint T8u1 [CONTEXT service_id=54 ]
04-22 11:29:22.475 22073  6656 I chatty  : uid=10156(com.google.android.gms) highpool[332] identical 2 lines
04-22 11:29:22.475 22073  6656 E NearbyConnections: EndpointManager failed to find EndpointChannel over which to write DATA at offset 612 of Payload -9007404025457505713 to endpoint T8u1 [CONTEXT service_id=54 ]
04-22 11:29:22.475  2290  3378 D BtGatt.GattService: clientDisconnect() - address=5A:DC:E3:11:DB:30, connId=266
04-22 11:29:22.475 22073  6656 E NearbyConnections: EndpointManager failed to find EndpointChannel over which to write DATA at offset 612 of Payload -9007404025457505713 to endpoint T8u1 [CONTEXT service_id=54 ]
04-22 11:29:22.475 22073  6656 I chatty  : uid=10156(com.google.android.gms) highpool[332] identical 2 lines
04-22 11:29:22.476 22073  6656 E NearbyConnections: EndpointManager failed to find EndpointChannel over which to write DATA at offset 612 of Payload -9007404025457505713 to endpoint T8u1 [CONTEXT service_id=54 ]
04-22 11:29:22.476  2290  2603 I bt_stack: [INFO:gatt_api.cc(1237)] GATT_Disconnect conn_id=0x010a
04-22 11:29:22.476 22073  6656 E NearbyConnections: EndpointManager failed to find EndpointChannel over which to write DATA at offset 612 of Payload -9007404025457505713 to endpoint T8u1 [CONTEXT service_id=54 ]
04-22 11:29:22.476  2290  2603 E bt_stack: [ERROR:bta_gattc_utils.cc(458)] bta_gattc_mark_bg_conn unable to find the bg connection mask for bd_addr=5a:dc:e3:11:db:30
04-22 11:29:22.476 22073  6656 E NearbyConnections: EndpointManager failed to find EndpointChannel over which to write DATA at offset 612 of Payload -9007404025457505713 to endpoint T8u1 [CONTEXT service_id=54 ]
04-22 11:29:22.479 22073  6656 I chatty  : uid=10156(com.google.android.gms) highpool[332] identical 11 lines
04-22 11:29:22.479 22073  6656 E NearbyConnections: EndpointManager failed to find EndpointChannel over which to write DATA at offset 612 of Payload -9007404025457505713 to endpoint T8u1 [CONTEXT service_id=54 ]
04-22 11:29:22.479  2290  2348 D BtGatt.GattService: onDisconnected() - clientIf=10, connId=266, address=5A:DC:E3:11:DB:30
04-22 11:29:22.479 22073  6656 E NearbyConnections: EndpointManager failed to find EndpointChannel over which to write DATA at offset 612 of Payload -9007404025457505713 to endpoint T8u1 [CONTEXT service_id=54 ]
04-22 11:29:22.480 22073  6656 I chatty  : uid=10156(com.google.android.gms) highpool[332] identical 2 lines
04-22 11:29:22.480 22073  6656 E NearbyConnections: EndpointManager failed to find EndpointChannel over which to write DATA at offset 612 of Payload -9007404025457505713 to endpoint T8u1 [CONTEXT service_id=54 ]
04-22 11:29:22.480 22073 22327 D BluetoothGatt: onClientConnectionState() - status=0 clientIf=10 device=5A:DC:E3:11:DB:30
04-22 11:29:22.480 22073 22327 D BluetoothGatt: close()
04-22 11:29:22.480 22073  6656 E NearbyConnections: EndpointManager failed to find EndpointChannel over which to write DATA at offset 612 of Payload -9007404025457505713 to endpoint T8u1 [CONTEXT service_id=54 ]
