04-22 10:40:01.710  5577  5577 I wpa_supplicant: TDLS: Failed to send message (action_code=14)
04-22 10:40:02.015  2086  2267 V connectedcrossroad: Data collect: HELO
04-22 10:40:02.015  2086  2267 V data    : Payload RX: 30
04-22 10:40:02.015  2086  2267 V data    : Payload TX: 60
04-22 10:40:02.015  2086  2267 V data    : Total RX: 71644
04-22 10:40:02.015  2086  2267 V data    : Total TX: 71644
04-22 10:40:02.162  2086  2267 V connectedcrossroad: Data collect: HELO
04-22 10:40:02.163  2086  2267 V data    : Payload RX: 30
04-22 10:40:02.163  2086  2267 V data    : Payload TX: 60
04-22 10:40:02.163  2086  2267 V data    : Total RX: 72256
04-22 10:40:02.163  2086  2267 V data    : Total TX: 71644
04-22 10:40:02.487 22073  2459 I chatty  : uid=10156 com.google.android.gms.persistent expire 13 lines
04-22 10:40:02.502  2086  2231 D connectedcrossroad: Data collect: SEND
04-22 10:40:02.505  2086  2231 D connectedcrossroad: Data collect: SEND
04-22 10:40:03.770  5577  5577 I wpa_supplicant: TDLS: Failed to send message (action_code=14)
04-22 10:40:04.212  2086  2267 V connectedcrossroad: Data collect: HELO
04-22 10:40:04.212  2086  2267 V data    : Payload RX: 30
04-22 10:40:04.212  2086  2267 V data    : Payload TX: 60
04-22 10:40:04.212  2086  2267 V data    : Total RX: 72868
04-22 10:40:04.212  2086  2267 V data    : Total TX: 72868
04-22 10:40:04.217  2086  2267 V connectedcrossroad: Data collect: HELO
04-22 10:40:04.217  2086  2267 V data    : Payload RX: 30
04-22 10:40:04.217  2086  2267 V data    : Payload TX: 60
04-22 10:40:04.217  2086  2267 V data    : Total RX: 73480
04-22 10:40:04.217  2086  2267 V data    : Total TX: 72868
04-22 10:40:04.509  2086  2231 D connectedcrossroad: Data collect: SEND
04-22 10:40:04.512  2086  2231 D connectedcrossroad: Data collect: SEND
04-22 10:40:05.967  2086  2267 V connectedcrossroad: Data collect: HELO
04-22 10:40:05.967  2086  2267 V data    : Payload RX: 30
04-22 10:40:05.967  2086  2267 V data    : Payload TX: 60
04-22 10:40:05.967  2086  2267 V data    : Total RX: 74092
04-22 10:40:05.967  2086  2267 V data    : Total TX: 74092
04-22 10:40:06.114  2086  2267 V connectedcrossroad: Data collect: HELO
04-22 10:40:06.115  2086  2267 V data    : Payload RX: 30
04-22 10:40:06.115  2086  2267 V data    : Payload TX: 60
04-22 10:40:06.115  2086  2267 V data    : Total RX: 74704
04-22 10:40:06.115  2086  2267 V data    : Total TX: 74092
04-22 10:40:06.517  2086  2231 D connectedcrossroad: Data collect: SEND
04-22 10:40:06.520  2086  2231 D connectedcrossroad: Data collect: SEND
04-22 10:40:07.552  1743  2059 D BatteryService: uevent={POWER_SUPPLY_DP_DM=0, POWER_SUPPLY_VOLTAGE_NOW=3919989, POWER_SUPPLY_SW_JEITA_ENABLED=0, POWER_SUPPLY_CHARGE_CONTROL_LIMIT_MAX=8, POWER_SUPPLY_RECHARGE_SOC=99, POWER_SUPPLY_HEALTH=Good, POWER_SUPPLY_TECHNOLOGY=Li-ion, POWER_SUPPLY_FCC_STEPPER_ENABLE=0, SEQNUM=620791, POWER_SUPPLY_INPUT_CURRENT_LIMITED=0, POWER_SUPPLY_CHARGE_CONTROL_LIMIT=0, POWER_SUPPLY_BATTERY_CHARGING_ENABLED=1, POWER_SUPPLY_STATUS=Discharging, POWER_SUPPLY_CYCLE_COUNT=6, POWER_SUPPLY_CURRENT_MAX=2000000, POWER_SUPPLY_CHARGE_TERM_CURRENT=-101, POWER_SUPPLY_CAPACITY=63, DEVPATH=/devices/platform/soc/200f000.qcom,spmi/spmi-0/spmi0-02/200f000.qcom,spmi:qcom,pmi632@2:qcom,qpnp-smb5/power_supply/battery, POWER_SUPPLY_CHARGE_DONE=0, POWER_SUPPLY_CHARGE_TYPE=N/A, POWER_SUPPLY_CHARGE_RATE=None, POWER_SUPPLY_CURRENT_NOW=-218200, POWER_SUPPLY_SYSTEM_TEMP_LEVEL=0, POWER_SUPPLY_PRESENT=1, POWER_SUPPLY_PARALLEL_DISABLE=0, POWER_SUPPLY_CHARGE_FULL=3505000, SUBSYSTEM=power_supply, POWER_SUPPLY_SET_SHIP_MODE=0, POWER_SUPPLY_TEMP=248, ACTION=change, POWER_SUPPLY_RERUN_AICL=0, POWER_SUPPLY_AGE=97, POWER_SUPPLY_NAME=battery, POWER_SUPPLY_VOLTAGE_MAX=-22, POWER_SUPPLY_CONSTANT_CHARGE_CURRENT_MAX=2000000, POWER_SUPPLY_CHARGE_COUNTER=2208150, POWER_SUPPLY_STEP_CHARGING_ENABLED=0, POWER_SUPPLY_NUM_SYSTEM_TEMP_LEVELS=8, POWER_SUPPLY_DIE_HEALTH=Hot, POWER_SUPPLY_INPUT_SUSPEND=0}
04-22 10:40:07.573  2498  2498 D QtiCarrierConfigHelper: WARNING, no carrier configs on phone Id: 0
04-22 10:40:08.148  5577  5577 I wpa_supplicant: TDLS: Failed to send message (action_code=14)
04-22 10:40:08.165  2086  2267 V connectedcrossroad: Data collect: HELO
04-22 10:40:08.165  2086  2267 V data    : Payload RX: 30
04-22 10:40:08.165  2086  2267 V data    : Payload TX: 60
04-22 10:40:08.165  2086  2267 V data    : Total RX: 75316
04-22 10:40:08.165  2086  2267 V data    : Total TX: 75316
04-22 10:40:08.307  2086  2267 V connectedcrossroad: Data collect: HELO
04-22 10:40:08.308  2086  2267 V data    : Payload RX: 30
04-22 10:40:08.308  2086  2267 V data    : Payload TX: 60
04-22 10:40:08.308  2086  2267 V data    : Total RX: 75928
04-22 10:40:08.308  2086  2267 V data    : Total TX: 75316
04-22 10:40:08.523  2086  2231 D connectedcrossroad: Data collect: SEND
04-22 10:40:08.526  2086  2231 D connectedcrossroad: Data collect: SEND
04-22 10:40:09.165   720   720 I netd    : trafficSwapActiveStatsMap() <7.61ms>
04-22 10:40:09.175   720   720 I netd    : tetherGetStats() <4.89ms>
04-22 10:40:09.254   720   720 I netd    : bandwidthSetGlobalAlert(2097152) <0.47ms>
04-22 10:40:10.060  2086  2267 V connectedcrossroad: Data collect: HELO
04-22 10:40:10.061  2086  2267 V data    : Payload RX: 30
04-22 10:40:10.061  2086  2267 V data    : Payload TX: 60
04-22 10:40:10.061  2086  2267 V data    : Total RX: 76540
04-22 10:40:10.061  2086  2267 V data    : Total TX: 76540
04-22 10:40:10.200  5577  5577 I wpa_supplicant: TDLS: Failed to send message (action_code=14)
04-22 10:40:10.212  2086  2267 V connectedcrossroad: Data collect: HELO
04-22 10:40:10.212  2086  2267 V data    : Payload RX: 30
04-22 10:40:10.212  2086  2267 V data    : Payload TX: 60
04-22 10:40:10.212  2086  2267 V data    : Total RX: 77152
04-22 10:40:10.212  2086  2267 V data    : Total TX: 76540
04-22 10:40:10.529  2086  2231 D connectedcrossroad: Data collect: SEND
04-22 10:40:10.533  2086  2231 D connectedcrossroad: Data collect: SEND
04-22 10:40:11.181     0     0 W swapper/1: type=1400 audit(0.0:2438): avc: denied { kill } for uid=0 capability=5 scontext=u:r:kernel:s0 tcontext=u:r:kernel:s0 tclass=capability permissive=0
04-22 10:40:11.946   827  5608 E WifiHAL : Received LOG message with insufficent length: 24
04-22 10:40:11.946   827  5608 E WifiHAL : Received fatal event, sending alert
04-22 10:40:11.948  1743  8718 W WifiVendorHal: onDebugErrorAlert 4104
04-22 10:40:11.967  2086  2267 V connectedcrossroad: Data collect: HELO
04-22 10:40:11.967  2086  2267 V data    : Payload RX: 30
04-22 10:40:11.967  2086  2267 V data    : Payload TX: 60
04-22 10:40:11.967  2086  2267 V data    : Total RX: 77764
04-22 10:40:11.967  2086  2267 V data    : Total TX: 77764
04-22 10:40:12.104  2086  2267 V connectedcrossroad: Data collect: HELO
04-22 10:40:12.105  2086  2267 V data    : Payload RX: 30
04-22 10:40:12.105  2086  2267 V data    : Payload TX: 60
04-22 10:40:12.105  2086  2267 V data    : Total RX: 78376
04-22 10:40:12.105  2086  2267 V data    : Total TX: 77764
04-22 10:40:12.389  5577  5577 I wpa_supplicant: TDLS: Failed to send message (action_code=14)
04-22 10:40:12.535  2086  2231 D connectedcrossroad: Data collect: SEND
04-22 10:40:12.538  2086  2231 D connectedcrossroad: Data collect: SEND
04-22 10:40:13.049  2290  2603 I chatty  : uid=1002(bluetooth) btu message loo expire 17 lines
04-22 10:40:13.951  2290  2348 I chatty  : uid=1002(bluetooth) BT Service Call expire 10 lines
04-22 10:40:14.027  2086  2267 V connectedcrossroad: Data collect: HELO
04-22 10:40:14.027  2086  2267 V data    : Payload RX: 30
04-22 10:40:14.027  2086  2267 V data    : Payload TX: 60
04-22 10:40:14.027  2086  2267 V data    : Total RX: 78988
04-22 10:40:14.027  2086  2267 V data    : Total TX: 78988
04-22 10:40:14.156  2086  2267 V connectedcrossroad: Data collect: HELO
04-22 10:40:14.156  2086  2267 V data    : Payload RX: 30
04-22 10:40:14.156  2086  2267 V data    : Payload TX: 60
04-22 10:40:14.156  2086  2267 V data    : Total RX: 79600
04-22 10:40:14.157  2086  2267 V data    : Total TX: 78988
04-22 10:40:14.438  5577  5577 I wpa_supplicant: TDLS: Failed to send message (action_code=14)
04-22 10:40:14.544  2086  2231 D connectedcrossroad: Data collect: SEND
04-22 10:40:14.546  2086  2231 D connectedcrossroad: Data collect: SEND
04-22 10:40:14.551 22073  2334 I chatty  : uid=10156(com.google.android.gms) highpool[259] expire 19 lines
04-22 10:40:14.561 22073  2610 I chatty  : uid=10156 com.google.android.gms.persistent expire 36 lines
04-22 10:40:15.921  2086  2267 V connectedcrossroad: Data collect: HELO
04-22 10:40:15.921  2086  2267 V data    : Payload RX: 30
04-22 10:40:15.922  2086  2267 V data    : Payload TX: 60
04-22 10:40:15.922  2086  2267 V data    : Total RX: 80212
04-22 10:40:15.922  2086  2267 V data    : Total TX: 80212
04-22 10:40:16.202  2086  2267 V connectedcrossroad: Data collect: HELO
04-22 10:40:16.203  2086  2267 V data    : Payload RX: 30
04-22 10:40:16.203  2086  2267 V data    : Payload TX: 60
04-22 10:40:16.203  2086  2267 V data    : Total RX: 80824
04-22 10:40:16.203  2086  2267 V data    : Total TX: 80212
04-22 10:40:16.550  2086  2231 D connectedcrossroad: Data collect: SEND
04-22 10:40:16.552  2086  2231 D connectedcrossroad: Data collect: SEND
04-22 10:40:16.579 22073  2459 I chatty  : uid=10156 com.google.android.gms.persistent expire 17 lines
04-22 10:40:16.631  5577  5577 I wpa_supplicant: TDLS: Failed to send message (action_code=14)
04-22 10:40:18.106  2086  2267 V connectedcrossroad: Data collect: HELO
04-22 10:40:18.107  2086  2267 V data    : Payload RX: 30
04-22 10:40:18.107  2086  2267 V data    : Payload TX: 60
04-22 10:40:18.107  2086  2267 V data    : Total RX: 82048
04-22 10:40:18.107  2086  2267 V data    : Total TX: 81436
04-22 10:40:18.110  2086  2267 V connectedcrossroad: Data collect: HELO
04-22 10:40:18.111  2086  2267 V data    : Payload RX: 30
04-22 10:40:18.111  2086  2267 V data    : Payload TX: 60
04-22 10:40:18.111  2086  2267 V data    : Total RX: 82048
04-22 10:40:18.111  2086  2267 V data    : Total TX: 81436
04-22 10:40:18.556  2086  2231 D connectedcrossroad: Data collect: SEND
04-22 10:40:18.558  2086  2231 D connectedcrossroad: Data collect: SEND
04-22 10:40:18.823  5577  5577 I wpa_supplicant: TDLS: Failed to send message (action_code=14)
04-22 10:40:20.005  2086  2267 V connectedcrossroad: Data collect: HELO
04-22 10:40:20.006  2086  2267 V data    : Payload RX: 30
04-22 10:40:20.006  2086  2267 V data    : Payload TX: 60
04-22 10:40:20.006  2086  2267 V data    : Total RX: 82660
04-22 10:40:20.006  2086  2267 V data    : Total TX: 82660
04-22 10:40:20.155  2086  2267 V connectedcrossroad: Data collect: HELO
04-22 10:40:20.156  2086  2267 V data    : Payload RX: 30
04-22 10:40:20.156  2086  2267 V data    : Payload TX: 60
04-22 10:40:20.156  2086  2267 V data    : Total RX: 83272
04-22 10:40:20.156  2086  2267 V data    : Total TX: 82660
04-22 10:40:20.561  2086  2231 D connectedcrossroad: Data collect: SEND
04-22 10:40:20.564  2086  2231 D connectedcrossroad: Data collect: SEND
04-22 10:40:20.868  5577  5577 I wpa_supplicant: TDLS: Failed to send message (action_code=14)
04-22 10:40:21.185     0     0 W swapper/0: type=1400 audit(0.0:2439): avc: denied { kill } for uid=0 capability=5 scontext=u:r:kernel:s0 tcontext=u:r:kernel:s0 tclass=capability permissive=0
04-22 10:40:22.178   827  5608 E WifiHAL : Received LOG message with insufficent length: 24
04-22 10:40:22.178   827  5608 E WifiHAL : Received fatal event, sending alert
04-22 10:40:22.179  1743  8718 W WifiVendorHal: onDebugErrorAlert 4104
04-22 10:40:22.489  2086  2267 V connectedcrossroad: Data collect: HELO
04-22 10:40:22.489  2086  2267 V data    : Payload RX: 30
04-22 10:40:22.489  2086  2267 V data    : Payload TX: 60
04-22 10:40:22.490  2086  2267 V data    : Total RX: 84496
04-22 10:40:22.490  2086  2267 V data    : Total TX: 83884
04-22 10:40:22.491  2086  2267 V connectedcrossroad: Data collect: HELO
04-22 10:40:22.492  2086  2267 V data    : Payload RX: 30
04-22 10:40:22.492  2086  2267 V data    : Payload TX: 60
04-22 10:40:22.492  2086  2267 V data    : Total RX: 84496
04-22 10:40:22.492  2086  2267 V data    : Total TX: 83884
04-22 10:40:22.568  2086  2231 D connectedcrossroad: Data collect: SEND
04-22 10:40:22.570  2086  2231 D connectedcrossroad: Data collect: SEND
04-22 10:40:23.065  5577  5577 I wpa_supplicant: TDLS: Failed to send message (action_code=14)
04-22 10:40:23.508 22073  2441 I chatty  : uid=10156 com.google.android.gms.persistent expire 11 lines
04-22 10:40:24.100  2086  2267 V connectedcrossroad: Data collect: HELO
04-22 10:40:24.100  2086  2267 V data    : Payload RX: 30
04-22 10:40:24.101  2086  2267 V data    : Payload TX: 60
04-22 10:40:24.101  2086  2267 V data    : Total RX: 85108
04-22 10:40:24.101  2086  2267 V data    : Total TX: 85108
04-22 10:40:24.250  2086  2267 V connectedcrossroad: Data collect: HELO
04-22 10:40:24.250  2086  2267 V data    : Payload RX: 30
04-22 10:40:24.250  2086  2267 V data    : Payload TX: 60
04-22 10:40:24.250  2086  2267 V data    : Total RX: 85720
04-22 10:40:24.250  2086  2267 V data    : Total TX: 85108
04-22 10:40:24.572  2086  2231 D connectedcrossroad: Data collect: SEND
04-22 10:40:24.575  2086  2231 D connectedcrossroad: Data collect: SEND
04-22 10:40:24.580 22073  2610 I chatty  : uid=10156 com.google.android.gms.persistent expire 15 lines
04-22 10:40:24.584 22073  2334 I chatty  : uid=10156(com.google.android.gms) highpool[259] expire 40 lines
04-22 10:40:24.905 22073  2876 I chatty  : uid=10156 com.google.android.gms.persistent expire 2 lines
04-22 10:40:25.113  5577  5577 I wpa_supplicant: TDLS: Failed to send message (action_code=14)
04-22 10:40:26.147  2086  2267 V connectedcrossroad: Data collect: HELO
04-22 10:40:26.147  2086  2267 V data    : Payload RX: 30
04-22 10:40:26.147  2086  2267 V data    : Payload TX: 60
04-22 10:40:26.147  2086  2267 V data    : Total RX: 86332
04-22 10:40:26.147  2086  2267 V data    : Total TX: 86332
04-22 10:40:26.157  2086  2267 V connectedcrossroad: Data collect: HELO
04-22 10:40:26.157  2086  2267 V data    : Payload RX: 30
04-22 10:40:26.158  2086  2267 V data    : Payload TX: 60
04-22 10:40:26.158  2086  2267 V data    : Total RX: 86944
04-22 10:40:26.158  2086  2267 V data    : Total TX: 86332
04-22 10:40:26.580  2086  2231 D connectedcrossroad: Data collect: SEND
04-22 10:40:26.582  2086  2231 D connectedcrossroad: Data collect: SEND
04-22 10:40:26.596 22073  2459 I chatty  : uid=10156 com.google.android.gms.persistent expire 27 lines
04-22 10:40:27.308  5577  5577 I wpa_supplicant: TDLS: Failed to send message (action_code=14)
04-22 10:40:27.603 22073  2428 I chatty  : uid=10156 com.google.android.gms.persistent expire 10 lines
04-22 10:40:28.048  2086  2267 V connectedcrossroad: Data collect: HELO
04-22 10:40:28.048  2086  2267 V data    : Payload RX: 30
04-22 10:40:28.048  2086  2267 V data    : Payload TX: 60
04-22 10:40:28.048  2086  2267 V data    : Total RX: 87556
04-22 10:40:28.048  2086  2267 V data    : Total TX: 87556
04-22 10:40:28.195  2086  2267 V connectedcrossroad: Data collect: HELO
04-22 10:40:28.195  2086  2267 V data    : Payload RX: 30
04-22 10:40:28.195  2086  2267 V data    : Payload TX: 60
04-22 10:40:28.195  2086  2267 V data    : Total RX: 88168
04-22 10:40:28.195  2086  2267 V data    : Total TX: 87556
04-22 10:40:28.585  2086  2231 D connectedcrossroad: Data collect: SEND
04-22 10:40:28.588  2086  2231 D connectedcrossroad: Data collect: SEND
04-22 10:40:29.452  5577  5577 I wpa_supplicant: TDLS: Failed to send message (action_code=14)
04-22 10:40:29.932  2290  2348 I chatty  : uid=1002(bluetooth) BT Service Call expire 11 lines
04-22 10:40:30.193  2086  2267 V connectedcrossroad: Data collect: HELO
04-22 10:40:30.193  2086  2267 V data    : Payload RX: 30
04-22 10:40:30.193  2086  2267 V data    : Payload TX: 60
04-22 10:40:30.193  2086  2267 V data    : Total RX: 88780
04-22 10:40:30.194  2086  2267 V data    : Total TX: 88780
04-22 10:40:30.341  2086  2267 V connectedcrossroad: Data collect: HELO
04-22 10:40:30.342  2086  2267 V data    : Payload RX: 30
04-22 10:40:30.342  2086  2267 V data    : Payload TX: 60
04-22 10:40:30.342  2086  2267 V data    : Total RX: 89392
04-22 10:40:30.342  2086  2267 V data    : Total TX: 88780
04-22 10:40:30.592  2086  2231 D connectedcrossroad: Data collect: SEND
04-22 10:40:30.595  2086  2231 D connectedcrossroad: Data collect: SEND
04-22 10:40:31.188     0     0 W swapper/1: type=1400 audit(0.0:2440): avc: denied { kill } for uid=0 capability=5 scontext=u:r:kernel:s0 tcontext=u:r:kernel:s0 tclass=capability permissive=0
04-22 10:40:31.528  5577  5577 I wpa_supplicant: TDLS: Failed to send message (action_code=14)
04-22 10:40:32.093  2086  2267 V connectedcrossroad: Data collect: HELO
04-22 10:40:32.093  2086  2267 V data    : Payload RX: 30
04-22 10:40:32.093  2086  2267 V data    : Payload TX: 60
04-22 10:40:32.093  2086  2267 V data    : Total RX: 90004
04-22 10:40:32.093  2086  2267 V data    : Total TX: 90004
04-22 10:40:32.240  2086  2267 V connectedcrossroad: Data collect: HELO
04-22 10:40:32.241  2086  2267 V data    : Payload RX: 30
04-22 10:40:32.241  2086  2267 V data    : Payload TX: 60
04-22 10:40:32.241  2086  2267 V data    : Total RX: 90616
04-22 10:40:32.241  2086  2267 V data    : Total TX: 90004
04-22 10:40:32.368   827  5608 E WifiHAL : Received LOG message with insufficent length: 24
04-22 10:40:32.368   827  5608 E WifiHAL : Received fatal event, sending alert
04-22 10:40:32.370  1743  2414 W WifiVendorHal: onDebugErrorAlert 4104
04-22 10:40:32.599  2086  2231 D connectedcrossroad: Data collect: SEND
04-22 10:40:32.601  2086  2231 D connectedcrossroad: Data collect: SEND
04-22 10:40:33.693  5577  5577 I wpa_supplicant: TDLS: Failed to send message (action_code=14)
04-22 10:40:34.137  2086  2267 V connectedcrossroad: Data collect: HELO
04-22 10:40:34.138  2086  2267 V data    : Payload RX: 30
04-22 10:40:34.138  2086  2267 V data    : Payload TX: 60
04-22 10:40:34.138  2086  2267 V data    : Total RX: 91228
04-22 10:40:34.138  2086  2267 V data    : Total TX: 91228
04-22 10:40:34.142  2086  2267 V connectedcrossroad: Data collect: HELO
04-22 10:40:34.143  2086  2267 V data    : Payload RX: 30
04-22 10:40:34.143  2086  2267 V data    : Payload TX: 60
04-22 10:40:34.143  2086  2267 V data    : Total RX: 91840
04-22 10:40:34.143  2086  2267 V data    : Total TX: 91228
04-22 10:40:34.605  2086  2231 D connectedcrossroad: Data collect: SEND
04-22 10:40:34.607  2086  2231 D connectedcrossroad: Data collect: SEND
04-22 10:40:34.616 22073  2610 I chatty  : uid=10156 com.google.android.gms.persistent expire 11 lines
04-22 10:40:36.093  2086  2267 V connectedcrossroad: Data collect: HELO
04-22 10:40:36.094  2086  2267 V data    : Payload RX: 30
04-22 10:40:36.094  2086  2267 V data    : Payload TX: 60
04-22 10:40:36.094  2086  2267 V data    : Total RX: 92452
04-22 10:40:36.094  2086  2267 V data    : Total TX: 92452
04-22 10:40:36.238  2086  2267 V connectedcrossroad: Data collect: HELO
04-22 10:40:36.239  2086  2267 V data    : Payload RX: 30
04-22 10:40:36.239  2086  2267 V data    : Payload TX: 60
04-22 10:40:36.239  2086  2267 V data    : Total RX: 93064
04-22 10:40:36.239  2086  2267 V data    : Total TX: 92452
04-22 10:40:36.611  2086  2231 D connectedcrossroad: Data collect: SEND
04-22 10:40:36.614  2086  2231 D connectedcrossroad: Data collect: SEND
04-22 10:40:37.980  5577  5577 I wpa_supplicant: TDLS: Failed to send message (action_code=14)
04-22 10:40:37.994  2086  2267 V connectedcrossroad: Data collect: HELO
04-22 10:40:37.995  2086  2267 V data    : Payload RX: 30
04-22 10:40:37.995  2086  2267 V data    : Payload TX: 60
04-22 10:40:37.995  2086  2267 V data    : Total RX: 93676
04-22 10:40:37.995  2086  2267 V data    : Total TX: 93676
04-22 10:40:38.145  2086  2267 V connectedcrossroad: Data collect: HELO
04-22 10:40:38.145  2086  2267 V data    : Payload RX: 30
04-22 10:40:38.145  2086  2267 V data    : Payload TX: 60
04-22 10:40:38.145  2086  2267 V data    : Total RX: 94288
04-22 10:40:38.145  2086  2267 V data    : Total TX: 93676
04-22 10:40:38.619  2086  2231 D connectedcrossroad: Data collect: SEND
04-22 10:40:38.622  2086  2231 D connectedcrossroad: Data collect: SEND
04-22 10:40:38.652 22073  2334 I chatty  : uid=10156(com.google.android.gms) highpool[259] expire 62 lines
04-22 10:40:38.673 22073  2459 I chatty  : uid=10156 com.google.android.gms.persistent expire 36 lines
04-22 10:40:40.032  5577  5577 I wpa_supplicant: TDLS: Failed to send message (action_code=14)
04-22 10:40:40.190  2086  2267 V connectedcrossroad: Data collect: HELO
04-22 10:40:40.190  2086  2267 V data    : Payload RX: 30
04-22 10:40:40.191  2086  2267 V data    : Payload TX: 60
04-22 10:40:40.191  2086  2267 V data    : Total RX: 94900
04-22 10:40:40.191  2086  2267 V data    : Total TX: 94900
04-22 10:40:40.332  2086  2267 V connectedcrossroad: Data collect: HELO
04-22 10:40:40.332  2086  2267 V data    : Payload RX: 30
04-22 10:40:40.332  2086  2267 V data    : Payload TX: 60
04-22 10:40:40.333  2086  2267 V data    : Total RX: 95512
04-22 10:40:40.333  2086  2267 V data    : Total TX: 94900
04-22 10:40:40.624  2086  2231 D connectedcrossroad: Data collect: SEND
04-22 10:40:40.627  2086  2231 D connectedcrossroad: Data collect: SEND
04-22 10:40:41.191     0     0 W swapper/0: type=1400 audit(0.0:2441): avc: denied { kill } for uid=0 capability=5 scontext=u:r:kernel:s0 tcontext=u:r:kernel:s0 tclass=capability permissive=0
04-22 10:40:42.088  2086  2267 V connectedcrossroad: Data collect: HELO
04-22 10:40:42.088  2086  2267 V data    : Payload RX: 30
04-22 10:40:42.088  2086  2267 V data    : Payload TX: 60
04-22 10:40:42.088  2086  2267 V data    : Total RX: 96124
04-22 10:40:42.088  2086  2267 V data    : Total TX: 96124
04-22 10:40:42.225  5577  5577 I wpa_supplicant: TDLS: Failed to send message (action_code=14)
04-22 10:40:42.240  2086  2267 V connectedcrossroad: Data collect: HELO
04-22 10:40:42.240  2086  2267 V data    : Payload RX: 30
04-22 10:40:42.240  2086  2267 V data    : Payload TX: 60
04-22 10:40:42.240  2086  2267 V data    : Total RX: 96736
04-22 10:40:42.240  2086  2267 V data    : Total TX: 96124
04-22 10:40:42.607   827  5608 E WifiHAL : Received LOG message with insufficent length: 24
04-22 10:40:42.608   827  5608 E WifiHAL : Received fatal event, sending alert
04-22 10:40:42.609  1743  2160 W WifiVendorHal: onDebugErrorAlert 4104
04-22 10:40:42.630  2086  2231 D connectedcrossroad: Data collect: SEND
04-22 10:40:42.632  2086  2231 D connectedcrossroad: Data collect: SEND
04-22 10:40:42.881  1743  1756 I system_server: Background concurrent copying GC freed 56302(4700KB) AllocSpace objects, 15(14MB) LOS objects, 42% free, 20MB/35MB, paused 137us total 171.496ms
04-22 10:40:43.402  1743 12220 D WificondControl: Scan result ready event
04-22 10:40:44.153  2086  2267 V connectedcrossroad: Data collect: HELO
04-22 10:40:44.153  2086  2267 V data    : Payload RX: 30
04-22 10:40:44.154  2086  2267 V data    : Payload TX: 60
04-22 10:40:44.154  2086  2267 V data    : Total RX: 97348
04-22 10:40:44.154  2086  2267 V data    : Total TX: 97348
04-22 10:40:44.452  5577  5577 I wpa_supplicant: TDLS: Failed to send message (action_code=14)
04-22 10:40:44.609  2086  2267 V connectedcrossroad: Data collect: HELO
04-22 10:40:44.609  2086  2267 V data    : Payload RX: 30
04-22 10:40:44.609  2086  2267 V data    : Payload TX: 60
04-22 10:40:44.610  2086  2267 V data    : Total RX: 97960
04-22 10:40:44.610  2086  2267 V data    : Total TX: 97348
04-22 10:40:44.636  2086  2231 D connectedcrossroad: Data collect: SEND
04-22 10:40:44.639  2086  2231 D connectedcrossroad: Data collect: SEND
04-22 10:40:45.752  2498  2498 D QtiCarrierConfigHelper: WARNING, no carrier configs on phone Id: 0
04-22 10:40:46.232  2086  2267 V connectedcrossroad: Data collect: HELO
04-22 10:40:46.232  2086  2267 V data    : Payload RX: 30
04-22 10:40:46.232  2086  2267 V data    : Payload TX: 60
04-22 10:40:46.232  2086  2267 V data    : Total RX: 99184
04-22 10:40:46.232  2086  2267 V data    : Total TX: 98572
04-22 10:40:46.234  2086  2267 V connectedcrossroad: Data collect: HELO
04-22 10:40:46.234  2086  2267 V data    : Payload RX: 30
04-22 10:40:46.234  2086  2267 V data    : Payload TX: 60
04-22 10:40:46.234  2086  2267 V data    : Total RX: 99184
04-22 10:40:46.234  2086  2267 V data    : Total TX: 98572
04-22 10:40:46.511  5577  5577 I wpa_supplicant: TDLS: Failed to send message (action_code=14)
04-22 10:40:46.643  2086  2231 D connectedcrossroad: Data collect: SEND
04-22 10:40:46.645  2086  2231 D connectedcrossroad: Data collect: SEND
04-22 10:40:46.656 22073  2610 I chatty  : uid=10156 com.google.android.gms.persistent expire 22 lines
04-22 10:40:48.132  2086  2267 V connectedcrossroad: Data collect: HELO
04-22 10:40:48.133  2086  2267 V data    : Payload RX: 30
04-22 10:40:48.133  2086  2267 V data    : Payload TX: 60
04-22 10:40:48.133  2086  2267 V data    : Total RX: 99796
04-22 10:40:48.133  2086  2267 V data    : Total TX: 99796
04-22 10:40:48.279  2086  2267 V connectedcrossroad: Data collect: HELO
04-22 10:40:48.280  2086  2267 V data    : Payload RX: 30
04-22 10:40:48.280  2086  2267 V data    : Payload TX: 60
04-22 10:40:48.280  2086  2267 V data    : Total RX: 100408
04-22 10:40:48.280  2086  2267 V data    : Total TX: 99796
04-22 10:40:48.495  3347  3904 I BistoDBWrapper: Close DB
04-22 10:40:48.541  2290  2603 I chatty  : uid=1002(bluetooth) btu message loo expire 10 lines
04-22 10:40:48.542  2290  2348 I chatty  : uid=1002(bluetooth) BT Service Call expire 10 lines
04-22 10:40:48.561  5577  5577 I wpa_supplicant: TDLS: Failed to send message (action_code=14)
04-22 10:40:48.650  2086  2231 D connectedcrossroad: Data collect: SEND
04-22 10:40:48.652  2086  2231 D connectedcrossroad: Data collect: SEND
04-22 10:40:50.032  2086  2267 V connectedcrossroad: Data collect: HELO
04-22 10:40:50.032  2086  2267 V data    : Payload RX: 30
04-22 10:40:50.032  2086  2267 V data    : Payload TX: 60
04-22 10:40:50.032  2086  2267 V data    : Total RX: 101020
04-22 10:40:50.032  2086  2267 V data    : Total TX: 101020
04-22 10:40:50.188  2086  2267 V connectedcrossroad: Data collect: HELO
04-22 10:40:50.189  2086  2267 V data    : Payload RX: 30
04-22 10:40:50.189  2086  2267 V data    : Payload TX: 60
04-22 10:40:50.189  2086  2267 V data    : Total RX: 101632
04-22 10:40:50.189  2086  2267 V data    : Total TX: 101020
04-22 10:40:50.654  2086  2231 D connectedcrossroad: Data collect: SEND
04-22 10:40:50.656  2086  2231 D connectedcrossroad: Data collect: SEND
04-22 10:40:50.761  5577  5577 I wpa_supplicant: TDLS: Failed to send message (action_code=14)
04-22 10:40:51.195     0     0 W swapper/1: type=1400 audit(0.0:2442): avc: denied { kill } for uid=0 capability=5 scontext=u:r:kernel:s0 tcontext=u:r:kernel:s0 tclass=capability permissive=0
04-22 10:40:52.230  2086  2267 V connectedcrossroad: Data collect: HELO
04-22 10:40:52.231  2086  2267 V data    : Payload RX: 30
04-22 10:40:52.231  2086  2267 V data    : Payload TX: 60
04-22 10:40:52.231  2086  2267 V data    : Total RX: 102856
04-22 10:40:52.231  2086  2267 V data    : Total TX: 102244
04-22 10:40:52.234  2086  2267 V connectedcrossroad: Data collect: HELO
04-22 10:40:52.234  2086  2267 V data    : Payload RX: 30
04-22 10:40:52.234  2086  2267 V data    : Payload TX: 60
04-22 10:40:52.234  2086  2267 V data    : Total RX: 102856
04-22 10:40:52.234  2086  2267 V data    : Total TX: 102244
04-22 10:40:52.658  2086  2231 D connectedcrossroad: Data collect: SEND
04-22 10:40:52.661  2086  2231 D connectedcrossroad: Data collect: SEND
04-22 10:40:52.969  5577  5577 I wpa_supplicant: TDLS: Failed to send message (action_code=14)
04-22 10:40:54.276  2086  2267 V connectedcrossroad: Data collect: HELO
04-22 10:40:54.277  2086  2267 V data    : Payload RX: 30
04-22 10:40:54.277  2086  2267 V data    : Payload TX: 60
04-22 10:40:54.277  2086  2267 V data    : Total RX: 103468
04-22 10:40:54.277  2086  2267 V data    : Total TX: 103468
04-22 10:40:54.282  2086  2267 V connectedcrossroad: Data collect: HELO
04-22 10:40:54.283  2086  2267 V data    : Payload RX: 30
04-22 10:40:54.283  2086  2267 V data    : Payload TX: 60
04-22 10:40:54.283  2086  2267 V data    : Total RX: 104080
04-22 10:40:54.283  2086  2267 V data    : Total TX: 103468
04-22 10:40:54.666  2086  2231 D connectedcrossroad: Data collect: SEND
04-22 10:40:54.668  2086  2231 D connectedcrossroad: Data collect: SEND
04-22 10:40:54.997  5577  5577 I wpa_supplicant: TDLS: Failed to send message (action_code=14)
04-22 10:40:56.177  2086  2267 V connectedcrossroad: Data collect: HELO
04-22 10:40:56.177  2086  2267 V data    : Payload RX: 30
04-22 10:40:56.177  2086  2267 V data    : Payload TX: 60
04-22 10:40:56.177  2086  2267 V data    : Total RX: 105304
04-22 10:40:56.177  2086  2267 V data    : Total TX: 104692
04-22 10:40:56.179  2086  2267 V connectedcrossroad: Data collect: HELO
04-22 10:40:56.180  2086  2267 V data    : Payload RX: 30
04-22 10:40:56.180  2086  2267 V data    : Payload TX: 60
04-22 10:40:56.180  2086  2267 V data    : Total RX: 105304
04-22 10:40:56.181  2086  2267 V data    : Total TX: 104692
04-22 10:40:56.672  2086  2231 D connectedcrossroad: Data collect: SEND
04-22 10:40:56.675  2086  2231 D connectedcrossroad: Data collect: SEND
04-22 10:40:56.680 22073  2459 I chatty  : uid=10156 com.google.android.gms.persistent expire 18 lines
04-22 10:40:56.690 22073  2610 I chatty  : uid=10156 com.google.android.gms.persistent expire 63 lines
04-22 10:40:57.963   827  5608 E WifiHAL : Received LOG message with insufficent length: 24
04-22 10:40:57.963   827  5608 E WifiHAL : Received fatal event, sending alert
04-22 10:40:57.965  1743  2160 W WifiVendorHal: onDebugErrorAlert 4104
04-22 10:40:58.121  2086  2267 V connectedcrossroad: Data collect: HELO
04-22 10:40:58.121  2086  2267 V data    : Payload RX: 30
04-22 10:40:58.121  2086  2267 V data    : Payload TX: 60
04-22 10:40:58.121  2086  2267 V data    : Total RX: 105916
04-22 10:40:58.121  2086  2267 V data    : Total TX: 105916
04-22 10:40:58.274  2086  2267 V connectedcrossroad: Data collect: HELO
04-22 10:40:58.275  2086  2267 V data    : Payload RX: 30
04-22 10:40:58.275  2086  2267 V data    : Payload TX: 60
04-22 10:40:58.275  2086  2267 V data    : Total RX: 106528
04-22 10:40:58.275  2086  2267 V data    : Total TX: 105916
04-22 10:40:58.680  2086  2231 D connectedcrossroad: Data collect: SEND
04-22 10:40:58.682  2086  2231 D connectedcrossroad: Data collect: SEND
04-22 10:40:59.287  5577  5577 I wpa_supplicant: TDLS: Failed to send message (action_code=14)
04-22 10:41:00.042  2308  2308 W View    : requestLayout() improperly called by com.android.systemui.statusbar.HeadsUpStatusBarView{53e8307 I.E...... ......ID 0,0-248,56 #7f0a01f7 app:id/heads_up_status_bar_view} during layout: running second layout pass
04-22 10:41:00.195  2086  2267 V connectedcrossroad: Data collect: HELO
04-22 10:41:00.195  2086  2267 V data    : Payload RX: 30
04-22 10:41:00.195  2086  2267 V data    : Payload TX: 60
04-22 10:41:00.195  2086  2267 V data    : Total RX: 107140
04-22 10:41:00.195  2086  2267 V data    : Total TX: 107140
04-22 10:41:00.507  2086  2267 V connectedcrossroad: Data collect: HELO
04-22 10:41:00.507  2086  2267 V data    : Payload RX: 30
04-22 10:41:00.507  2086  2267 V data    : Payload TX: 60
04-22 10:41:00.508  2086  2267 V data    : Total RX: 107752
04-22 10:41:00.508  2086  2267 V data    : Total TX: 107140
04-22 10:41:00.686  2086  2231 D connectedcrossroad: Data collect: SEND
04-22 10:41:00.689  2086  2231 D connectedcrossroad: Data collect: SEND
04-22 10:41:01.198     0     0 W swapper/2: type=1400 audit(0.0:2443): avc: denied { kill } for uid=0 capability=5 scontext=u:r:kernel:s0 tcontext=u:r:kernel:s0 tclass=capability permissive=0
04-22 10:41:02.123  2086  2267 V connectedcrossroad: Data collect: HELO
04-22 10:41:02.124  2086  2267 V data    : Payload RX: 30
04-22 10:41:02.124  2086  2267 V data    : Payload TX: 60
04-22 10:41:02.124  2086  2267 V data    : Total RX: 108364
04-22 10:41:02.124  2086  2267 V data    : Total TX: 108364
04-22 10:41:02.272  2086  2267 V connectedcrossroad: Data collect: HELO
04-22 10:41:02.273  2086  2267 V data    : Payload RX: 30
04-22 10:41:02.273  2086  2267 V data    : Payload TX: 60
04-22 10:41:02.273  2086  2267 V data    : Total RX: 108976
04-22 10:41:02.273  2086  2267 V data    : Total TX: 108364
04-22 10:41:02.693  2086  2231 D connectedcrossroad: Data collect: SEND
04-22 10:41:02.695  2086  2231 D connectedcrossroad: Data collect: SEND
04-22 10:41:02.705 22073  2334 I chatty  : uid=10156(com.google.android.gms) highpool[259] expire 27 lines
04-22 10:41:03.595  5577  5577 I wpa_supplicant: TDLS: Failed to send message (action_code=14)
04-22 10:41:04.363  2086  2267 V connectedcrossroad: Data collect: HELO
04-22 10:41:04.363  2086  2267 V data    : Payload RX: 30
04-22 10:41:04.364  2086  2267 V data    : Payload TX: 60
04-22 10:41:04.364  2086  2267 V data    : Total RX: 110200
04-22 10:41:04.364  2086  2267 V data    : Total TX: 109588
04-22 10:41:04.366  2086  2267 V connectedcrossroad: Data collect: HELO
04-22 10:41:04.366  2086  2267 V data    : Payload RX: 30
04-22 10:41:04.366  2086  2267 V data    : Payload TX: 60
04-22 10:41:04.366  2086  2267 V data    : Total RX: 110200
04-22 10:41:04.366  2086  2267 V data    : Total TX: 109588
04-22 10:41:04.700  2086  2231 D connectedcrossroad: Data collect: SEND
04-22 10:41:04.702  2086  2231 D connectedcrossroad: Data collect: SEND
04-22 10:41:05.132  2290  2348 I chatty  : uid=1002(bluetooth) BT Service Call expire 21 lines
04-22 10:41:05.675  5577  5577 I wpa_supplicant: TDLS: Failed to send message (action_code=14)
04-22 10:41:06.268  2086  2267 V connectedcrossroad: Data collect: HELO
04-22 10:41:06.269  2086  2267 V data    : Payload RX: 30
04-22 10:41:06.269  2086  2267 V data    : Payload TX: 60
04-22 10:41:06.269  2086  2267 V data    : Total RX: 110812
04-22 10:41:06.269  2086  2267 V data    : Total TX: 110812
04-22 10:41:06.274  2086  2267 V connectedcrossroad: Data collect: HELO
04-22 10:41:06.274  2086  2267 V data    : Payload RX: 30
04-22 10:41:06.274  2086  2267 V data    : Payload TX: 60
04-22 10:41:06.274  2086  2267 V data    : Total RX: 111424
04-22 10:41:06.274  2086  2267 V data    : Total TX: 110812
04-22 10:41:06.706  2086  2231 D connectedcrossroad: Data collect: SEND
04-22 10:41:06.708  2086  2231 D connectedcrossroad: Data collect: SEND
04-22 10:41:06.718 22073  2459 I chatty  : uid=10156 com.google.android.gms.persistent expire 13 lines
04-22 10:41:07.873  5577  5577 I wpa_supplicant: TDLS: Failed to send message (action_code=14)
04-22 10:41:08.166  2086  2267 V connectedcrossroad: Data collect: HELO
04-22 10:41:08.166  2086  2267 V data    : Payload RX: 30
04-22 10:41:08.166  2086  2267 V data    : Payload TX: 60
04-22 10:41:08.166  2086  2267 V data    : Total RX: 112036
04-22 10:41:08.166  2086  2267 V data    : Total TX: 112036
04-22 10:41:08.470  2086  2267 V connectedcrossroad: Data collect: HELO
04-22 10:41:08.470  2086  2267 V data    : Payload RX: 30
04-22 10:41:08.470  2086  2267 V data    : Payload TX: 60
04-22 10:41:08.470  2086  2267 V data    : Total RX: 112648
04-22 10:41:08.470  2086  2267 V data    : Total TX: 112036
04-22 10:41:08.711  2086  2231 D connectedcrossroad: Data collect: SEND
04-22 10:41:08.714  2086  2231 D connectedcrossroad: Data collect: SEND
04-22 10:41:09.000  1743  2059 D BatteryService: uevent={POWER_SUPPLY_DP_DM=0, POWER_SUPPLY_VOLTAGE_NOW=3920573, POWER_SUPPLY_SW_JEITA_ENABLED=0, POWER_SUPPLY_CHARGE_CONTROL_LIMIT_MAX=8, POWER_SUPPLY_RECHARGE_SOC=99, POWER_SUPPLY_HEALTH=Good, POWER_SUPPLY_TECHNOLOGY=Li-ion, POWER_SUPPLY_FCC_STEPPER_ENABLE=0, SEQNUM=620914, POWER_SUPPLY_INPUT_CURRENT_LIMITED=0, POWER_SUPPLY_CHARGE_CONTROL_LIMIT=0, POWER_SUPPLY_BATTERY_CHARGING_ENABLED=1, POWER_SUPPLY_STATUS=Discharging, POWER_SUPPLY_CYCLE_COUNT=6, POWER_SUPPLY_CURRENT_MAX=2000000, POWER_SUPPLY_CHARGE_TERM_CURRENT=-101, POWER_SUPPLY_CAPACITY=63, DEVPATH=/devices/platform/soc/200f000.qcom,spmi/spmi-0/spmi0-02/200f000.qcom,spmi:qcom,pmi632@2:qcom,qpnp-smb5/power_supply/battery, POWER_SUPPLY_CHARGE_DONE=0, POWER_SUPPLY_CHARGE_TYPE=N/A, POWER_SUPPLY_CHARGE_RATE=None, POWER_SUPPLY_CURRENT_NOW=-216980, POWER_SUPPLY_SYSTEM_TEMP_LEVEL=0, POWER_SUPPLY_PRESENT=1, POWER_SUPPLY_PARALLEL_DISABLE=0, POWER_SUPPLY_CHARGE_FULL=3505000, SUBSYSTEM=power_supply, POWER_SUPPLY_SET_SHIP_MODE=0, POWER_SUPPLY_TEMP=248, ACTION=change, POWER_SUPPLY_RERUN_AICL=0, POWER_SUPPLY_AGE=97, POWER_SUPPLY_NAME=battery, POWER_SUPPLY_VOLTAGE_MAX=-22, POWER_SUPPLY_CONSTANT_CHARGE_CURRENT_MAX=2000000, POWER_SUPPLY_CHARGE_COUNTER=2208150, POWER_SUPPLY_STEP_CHARGING_ENABLED=0, POWER_SUPPLY_NUM_SYSTEM_TEMP_LEVELS=8, POWER_SUPPLY_DIE_HEALTH=Hot, POWER_SUPPLY_INPUT_SUSPEND=0}
04-22 10:41:09.032  2498  2498 D QtiCarrierConfigHelper: WARNING, no carrier configs on phone Id: 0
04-22 10:41:09.926  5577  5577 I wpa_supplicant: TDLS: Failed to send message (action_code=14)
04-22 10:41:10.228  2086  2267 V connectedcrossroad: Data collect: HELO
04-22 10:41:10.229  2086  2267 V data    : Payload RX: 30
04-22 10:41:10.229  2086  2267 V data    : Payload TX: 60
04-22 10:41:10.229  2086  2267 V data    : Total RX: 113872
04-22 10:41:10.229  2086  2267 V data    : Total TX: 113260
04-22 10:41:10.232  2086  2267 V connectedcrossroad: Data collect: HELO
04-22 10:41:10.232  2086  2267 V data    : Payload RX: 30
04-22 10:41:10.232  2086  2267 V data    : Payload TX: 60
04-22 10:41:10.232  2086  2267 V data    : Total RX: 113872
04-22 10:41:10.232  2086  2267 V data    : Total TX: 113260
04-22 10:41:10.307   804  1081 W qti_sensors_hal: processReportInd: lux: 40, ch0: 145, ch1: 388
04-22 10:41:10.588   827  5608 E WifiHAL : Received LOG message with insufficent length: 24
04-22 10:41:10.588   827  5608 E WifiHAL : Received fatal event, sending alert
04-22 10:41:10.589  1743  8718 W WifiVendorHal: onDebugErrorAlert 4104
04-22 10:41:10.716  2086  2231 D connectedcrossroad: Data collect: SEND
04-22 10:41:10.717  2086  2231 D connectedcrossroad: Data collect: SEND
04-22 10:41:11.198     0     0 W swapper/1: type=1400 audit(0.0:2444): avc: denied { kill } for uid=0 capability=5 scontext=u:r:kernel:s0 tcontext=u:r:kernel:s0 tclass=capability permissive=0
04-22 10:41:12.110  5577  5577 I wpa_supplicant: TDLS: Failed to send message (action_code=14)
04-22 10:41:12.267  2086  2267 V connectedcrossroad: Data collect: HELO
04-22 10:41:12.267  2086  2267 V data    : Payload RX: 30
04-22 10:41:12.268  2086  2267 V data    : Payload TX: 60
04-22 10:41:12.268  2086  2267 V data    : Total RX: 115096
04-22 10:41:12.268  2086  2267 V data    : Total TX: 114484
04-22 10:41:12.269  2086  2267 V connectedcrossroad: Data collect: HELO
04-22 10:41:12.270  2086  2267 V data    : Payload RX: 30
04-22 10:41:12.270  2086  2267 V data    : Payload TX: 60
04-22 10:41:12.270  2086  2267 V data    : Total RX: 115096
04-22 10:41:12.270  2086  2267 V data    : Total TX: 114484
04-22 10:41:12.719  2086  2231 D connectedcrossroad: Data collect: SEND
04-22 10:41:12.721  2086  2231 D connectedcrossroad: Data collect: SEND
04-22 10:41:14.301  5577  5577 I wpa_supplicant: TDLS: Failed to send message (action_code=14)
04-22 10:41:14.312  2086  2267 V connectedcrossroad: Data collect: HELO
04-22 10:41:14.312  2086  2267 V data    : Payload RX: 30
04-22 10:41:14.312  2086  2267 V data    : Payload TX: 60
04-22 10:41:14.313  2086  2267 V data    : Total RX: 116320
04-22 10:41:14.313  2086  2267 V data    : Total TX: 115708
04-22 10:41:14.315  2086  2267 V connectedcrossroad: Data collect: HELO
04-22 10:41:14.315  2086  2267 V data    : Payload RX: 30
04-22 10:41:14.315  2086  2267 V data    : Payload TX: 60
04-22 10:41:14.315  2086  2267 V data    : Total RX: 116320
04-22 10:41:14.315  2086  2267 V data    : Total TX: 115708
04-22 10:41:14.724  2086  2231 D connectedcrossroad: Data collect: SEND
04-22 10:41:14.727  2086  2231 D connectedcrossroad: Data collect: SEND
04-22 10:41:14.732 22073  2610 I chatty  : uid=10156 com.google.android.gms.persistent expire 13 lines
04-22 10:41:14.740 22073  2334 I chatty  : uid=10156(com.google.android.gms) highpool[259] expire 51 lines
04-22 10:41:14.831  2290  2315 I chatty  : uid=1002(bluetooth) Binder:2290_4 expire 8 lines
04-22 10:41:16.268  2086  2267 V connectedcrossroad: Data collect: HELO
04-22 10:41:16.268  2086  2267 V data    : Payload RX: 30
04-22 10:41:16.268  2086  2267 V data    : Payload TX: 60
04-22 10:41:16.268  2086  2267 V data    : Total RX: 117544
04-22 10:41:16.269  2086  2267 V data    : Total TX: 116932
04-22 10:41:16.270  2086  2267 V connectedcrossroad: Data collect: HELO
04-22 10:41:16.271  2086  2267 V data    : Payload RX: 30
04-22 10:41:16.271  2086  2267 V data    : Payload TX: 60
04-22 10:41:16.271  2086  2267 V data    : Total RX: 117544
04-22 10:41:16.271  2086  2267 V data    : Total TX: 116932
04-22 10:41:16.326  2290  2575 I chatty  : uid=1002(bluetooth) BluetoothScanMa expire 8 lines
04-22 10:41:16.337  2290  2603 I chatty  : uid=1002(bluetooth) btu message loo expire 54 lines
04-22 10:41:16.340  5577  5577 I wpa_supplicant: TDLS: Failed to send message (action_code=14)
04-22 10:41:16.371  2290  2958 I chatty  : uid=1002(bluetooth) com.android.bluetooth expire 2 lines
04-22 10:41:16.729  2086  2231 D connectedcrossroad: Data collect: SEND
04-22 10:41:16.730  2086  2231 D connectedcrossroad: Data collect: SEND
04-22 10:41:16.749 22073  2459 I chatty  : uid=10156 com.google.android.gms.persistent expire 15 lines
04-22 10:41:16.749 22073  2959 I chatty  : uid=10156 com.google.android.gms.persistent expire 40 lines
04-22 10:41:16.866  2290  2348 I chatty  : uid=1002(bluetooth) BT Service Call expire 28 lines
04-22 10:41:16.868 22073 22197 I chatty  : uid=10156(com.google.android.gms) Binder:22073_5 expire 7 lines
04-22 10:41:16.868 22073 22503 I chatty  : uid=10156(com.google.android.gms) Binder:22073_A expire 4 lines
04-22 10:41:17.563 22073  2428 I chatty  : uid=10156 com.google.android.gms.persistent expire 10 lines
04-22 10:41:17.690 22073 22154 I chatty  : uid=10156(com.google.android.gms) Binder:22073_4 expire 5 lines
04-22 10:41:18.195  2086  2267 V connectedcrossroad: Data collect: HELO
04-22 10:41:18.195  2086  2267 V data    : Payload RX: 30
04-22 10:41:18.196  2086  2267 V data    : Payload TX: 60
04-22 10:41:18.196  2086  2267 V data    : Total RX: 118156
04-22 10:41:18.196  2086  2267 V data    : Total TX: 118156
04-22 10:41:18.486  2290  2963 I chatty  : uid=1002(bluetooth) com.android.bluetooth expire 2 lines
04-22 10:41:18.515  2290  3378 I chatty  : uid=1002(bluetooth) Binder:2290_6 expire 1 line
04-22 10:41:18.531  5577  5577 I wpa_supplicant: TDLS: Failed to send message (action_code=14)
04-22 10:41:18.537  2086  2267 V connectedcrossroad: Data collect: HELO
04-22 10:41:18.537  2086  2267 V data    : Payload RX: 30
04-22 10:41:18.537  2086  2267 V data    : Payload TX: 60
04-22 10:41:18.537  2086  2267 V data    : Total RX: 118768
04-22 10:41:18.537  2086  2267 V data    : Total TX: 118156
04-22 10:41:18.539  2290  2575 I chatty  : uid=1002(bluetooth) BluetoothScanMa expire 3 lines
04-22 10:41:18.547  2290  2348 I chatty  : uid=1002(bluetooth) BT Service Call expire 3 lines
04-22 10:41:18.548  2290  2575 I chatty  : uid=1002(bluetooth) BluetoothScanMa expire 2 lines
04-22 10:41:18.549  2290  2348 I chatty  : uid=1002(bluetooth) BT Service Call expire 4 lines
04-22 10:41:18.553  2290  2603 I chatty  : uid=1002(bluetooth) btu message loo expire 1 line
04-22 10:41:18.554  2290  2348 I chatty  : uid=1002(bluetooth) BT Service Call expire 1 line
04-22 10:41:18.554  2290  2575 I chatty  : uid=1002(bluetooth) BluetoothScanMa expire 1 line
04-22 10:41:18.557  2290  2348 I chatty  : uid=1002(bluetooth) BT Service Call expire 3 lines
04-22 10:41:18.558  2290  2603 I chatty  : uid=1002(bluetooth) btu message loo expire 1 line
04-22 10:41:18.559  2290  2348 I chatty  : uid=1002(bluetooth) BT Service Call expire 1 line
04-22 10:41:18.559  2290  2575 I chatty  : uid=1002(bluetooth) BluetoothScanMa expire 1 line
04-22 10:41:18.562  2290  2348 I chatty  : uid=1002(bluetooth) BT Service Call expire 3 lines
04-22 10:41:18.563  2290  2603 I chatty  : uid=1002(bluetooth) btu message loo expire 1 line
04-22 10:41:18.564  2290  2348 I chatty  : uid=1002(bluetooth) BT Service Call expire 1 line
04-22 10:41:18.564  2290  2575 I chatty  : uid=1002(bluetooth) BluetoothScanMa expire 1 line
04-22 10:41:18.567  2290  2348 I chatty  : uid=1002(bluetooth) BT Service Call expire 6 lines
04-22 10:41:18.569  2290  2575 I chatty  : uid=1002(bluetooth) BluetoothScanMa expire 4 lines
04-22 10:41:18.575  2290  2348 I chatty  : uid=1002(bluetooth) BT Service Call expire 2 lines
04-22 10:41:18.733  2086  2231 D connectedcrossroad: Data collect: SEND
04-22 10:41:18.735  2086  2231 D connectedcrossroad: Data collect: SEND
04-22 10:41:19.152 22073  2441 I chatty  : uid=10156 com.google.android.gms.persistent expire 10 lines
04-22 10:41:20.042  2290  2603 I chatty  : uid=1002(bluetooth) btu message loo expire 2 lines
04-22 10:41:20.206  2086  2267 V connectedcrossroad: Data collect: HELO
04-22 10:41:20.206  2086  2267 V data    : Payload RX: 30
04-22 10:41:20.207  2086  2267 V data    : Payload TX: 60
04-22 10:41:20.207  2086  2267 V data    : Total RX: 119380
04-22 10:41:20.207  2086  2267 V data    : Total TX: 119380
04-22 10:41:20.224  2086  2267 V connectedcrossroad: Data collect: HELO
04-22 10:41:20.224  2086  2267 V data    : Payload RX: 30
04-22 10:41:20.224  2086  2267 V data    : Payload TX: 60
04-22 10:41:20.224  2086  2267 V data    : Total RX: 119992
04-22 10:41:20.224  2086  2267 V data    : Total TX: 119380
04-22 10:41:20.638  5577  5577 I wpa_supplicant: TDLS: Failed to send message (action_code=14)
04-22 10:41:20.679   827  5608 E WifiHAL : Received LOG message with insufficent length: 24
04-22 10:41:20.679   827  5608 E WifiHAL : Received fatal event, sending alert
04-22 10:41:20.680  1743  2160 W WifiVendorHal: onDebugErrorAlert 4104
04-22 10:41:20.737  2086  2231 D connectedcrossroad: Data collect: SEND
04-22 10:41:20.737  2086  2231 D connectedcrossroad: Data collect: SEND
04-22 10:41:21.201     0     0 W swapper/0: type=1400 audit(0.0:2445): avc: denied { kill } for uid=0 capability=5 scontext=u:r:kernel:s0 tcontext=u:r:kernel:s0 tclass=capability permissive=0
04-22 10:41:21.310  2290  2348 I chatty  : uid=1002(bluetooth) BT Service Call expire 5 lines
04-22 10:41:22.023  2290  2603 I chatty  : uid=1002(bluetooth) btu message loo expire 2 lines
04-22 10:41:22.255  2086  2267 V connectedcrossroad: Data collect: HELO
04-22 10:41:22.255  2086  2267 V data    : Payload RX: 30
04-22 10:41:22.255  2086  2267 V data    : Payload TX: 60
04-22 10:41:22.255  2086  2267 V data    : Total RX: 120604
04-22 10:41:22.258  2086  2267 V data    : Total TX: 120604
04-22 10:41:22.552  2086  2267 V connectedcrossroad: Data collect: HELO
04-22 10:41:22.552  2086  2267 V data    : Payload RX: 30
04-22 10:41:22.553  2086  2267 V data    : Payload TX: 60
04-22 10:41:22.553  2086  2267 V data    : Total RX: 121216
04-22 10:41:22.553  2086  2267 V data    : Total TX: 120604
04-22 10:41:22.684  5577  5577 I wpa_supplicant: TDLS: Failed to send message (action_code=14)
04-22 10:41:22.739  2086  2231 D connectedcrossroad: Data collect: SEND
04-22 10:41:22.740  2086  2231 D connectedcrossroad: Data collect: SEND
04-22 10:41:24.171  2086  2267 V connectedcrossroad: Data collect: HELO
04-22 10:41:24.171  2086  2267 V data    : Payload RX: 30
04-22 10:41:24.171  2086  2267 V data    : Payload TX: 60
04-22 10:41:24.171  2086  2267 V data    : Total RX: 121828
04-22 10:41:24.171  2086  2267 V data    : Total TX: 121828
04-22 10:41:24.295   804  1081 W qti_sensors_hal: processReportInd: lux: 27, ch0: 101, ch1: 389
04-22 10:41:24.305  2086  2267 V connectedcrossroad: Data collect: HELO
04-22 10:41:24.306  2086  2267 V data    : Payload RX: 30
04-22 10:41:24.306  2086  2267 V data    : Payload TX: 60
04-22 10:41:24.306  2086  2267 V data    : Total RX: 122440
04-22 10:41:24.306  2086  2267 V data    : Total TX: 121828
04-22 10:41:24.545   804  1081 W qti_sensors_hal: processReportInd: lux: 35, ch0: 129, ch1: 390
04-22 10:41:24.744  2086  2231 D connectedcrossroad: Data collect: SEND
04-22 10:41:24.746  2086  2231 D connectedcrossroad: Data collect: SEND
04-22 10:41:24.881  5577  5577 I wpa_supplicant: TDLS: Failed to send message (action_code=14)
04-22 10:41:26.354  2086  2267 V connectedcrossroad: Data collect: HELO
04-22 10:41:26.354  2086  2267 V data    : Payload RX: 30
04-22 10:41:26.354  2086  2267 V data    : Payload TX: 60
04-22 10:41:26.354  2086  2267 V data    : Total RX: 123664
04-22 10:41:26.355  2086  2267 V data    : Total TX: 123052
04-22 10:41:26.356  2086  2267 V connectedcrossroad: Data collect: HELO
04-22 10:41:26.356  2086  2267 V data    : Payload RX: 30
04-22 10:41:26.357  2086  2267 V data    : Payload TX: 60
04-22 10:41:26.357  2086  2267 V data    : Total RX: 123664
04-22 10:41:26.357  2086  2267 V data    : Total TX: 123052
04-22 10:41:26.749  2086  2231 D connectedcrossroad: Data collect: SEND
04-22 10:41:26.750  2086  2231 D connectedcrossroad: Data collect: SEND
04-22 10:41:27.077  5577  5577 I wpa_supplicant: TDLS: Failed to send message (action_code=14)
04-22 10:41:27.180  2290  2348 I chatty  : uid=1002(bluetooth) BT Service Call expire 3 lines
04-22 10:41:28.249 22073  2959 I chatty  : uid=10156 com.google.android.gms.persistent expire 8 lines
04-22 10:41:28.255  2086  2267 V connectedcrossroad: Data collect: HELO
04-22 10:41:28.255  2086  2267 V data    : Payload RX: 30
04-22 10:41:28.255  2086  2267 V data    : Payload TX: 60
04-22 10:41:28.255  2086  2267 V data    : Total RX: 124888
