04-22 09:45:47.584  1743  2244 D ConnectivityService: Blocked status changed to false for 10133(175) on netId 100
04-22 09:45:47.585  1743  2244 D ConnectivityService: Blocked status changed to false for 10133(176) on netId 100
04-22 09:45:47.599  1743  2244 D ConnectivityService: Blocked status changed to false for 10107(22) on netId 100
04-22 09:45:47.600  1743  2244 D ConnectivityService: Blocked status changed to false for 10107(23) on netId 100
04-22 09:45:54.666  1743  1782 I DisplayPowerController: Blocking screen on until initial contents have been drawn.
04-22 09:45:54.666  1743  1782 I WindowManager: Screen turning on...
04-22 09:45:54.675  1743  2233 D WindowManager: mKeyguardDelegate.ShowListener.onDrawn.
04-22 09:45:54.676  1743  1763 W WindowManager: Setting mKeyguardDrawComplete
04-22 09:45:54.683  1743  1782 V DisplayPowerController: Brightness [9] reason changing to: 'doze', previous reason: 'screen_off'.
04-22 09:45:54.685  1743  1765 I DisplayManagerService: Display device changed state: "Built-in Screen", ON
04-22 09:45:54.728  1743  1765 I WindowManager: All windows ready for display!
04-22 09:45:54.729  1743  1763 W WindowManager: Setting mWindowManagerDrawComplete
04-22 09:45:54.729  1743  1782 I DisplayPowerController: Unblocked screen on after 63 ms
04-22 09:46:03.805  1743  1782 I DisplayPowerController: Blocking screen off
04-22 09:46:03.806  1743  1782 I DisplayPowerController: Unblocked screen off after 1 ms
04-22 09:46:03.836  1743  1782 I WindowManager: Screen turned off...
04-22 09:46:03.871  1743  1782 V DisplayPowerController: Brightness [0] reason changing to: 'screen_off', previous reason: 'doze'.
04-22 09:46:03.887  1743  1765 I DisplayManagerService: Display device changed state: "Built-in Screen", OFF
04-22 09:46:04.177  1743  1743 W Looper  : Slow dispatch took 281ms main h=com.android.server.AlarmManagerService$AlarmHandler c=android.app.PendingIntent$FinishedDispatcher@b1a3252 m=0
04-22 09:46:07.386  1743  4961 W AppOps  : Noting op not finished: uid 10156 pkg com.google.android.gms code 79 time=1619099029257 duration=0
04-22 09:46:07.392  1743  2233 W AppOps  : Noting op not finished: uid 10156 pkg com.google.android.gms code 79 time=1619099167386 duration=0
04-22 09:46:10.208 22073 22073 W ActivityThread: serviceStart lasts for 2822 ms, ServiceArgsData = ServiceArgsData{token=android.os.BinderProxy@18cdd25 startId=130 args=Intent { act=com.google.android.location.internal.action.FLP_AR_RESULT pkg=com.google.android.gms cmp=com.google.android.gms/com.google.android.location.internal.PendingIntentCallbackService (has extras) }}
04-22 09:46:10.208 22073 22073 W ActivityThread: serviceStart starts in 2817 ms, ServiceArgsData = ServiceArgsData{token=android.os.BinderProxy@18cdd25 startId=131 args=Intent { act=com.google.android.location.internal.action.AR_TRANSITION_RESULT pkg=com.google.android.gms cmp=com.google.android.gms/com.google.android.location.internal.PendingIntentCallbackService (has extras) }}
04-22 09:46:10.214  1743  1761 I ActivityManager: Killing 26387:com.qualcomm.qti.qms.service.connectionsecurity/u0a99 (adj 985): empty #17
04-22 09:46:10.265  1743  1761 D ActivityManager: makeInactive, ProcessRecord{c05219e 26387:com.qualcomm.qti.qms.service.connectionsecurity/u0a99}, clear holder.state
04-22 09:46:12.082  1743  1782 I DisplayPowerController: Blocking screen on until initial contents have been drawn.
04-22 09:46:12.082  1743  1782 I WindowManager: Screen turning on...
04-22 09:46:12.084  1743  2233 D WindowManager: mKeyguardDelegate.ShowListener.onDrawn.
04-22 09:46:12.085  1743  1763 W WindowManager: Setting mKeyguardDrawComplete
04-22 09:46:12.110  1743  1782 V DisplayPowerController: Brightness [23] reason changing to: 'doze', previous reason: 'screen_off'.
04-22 09:46:12.111  1743  1765 I DisplayManagerService: Display device changed state: "Built-in Screen", ON
04-22 09:46:12.156  1743  1765 I WindowManager: All windows ready for display!
04-22 09:46:12.156  1743  1763 W WindowManager: Setting mWindowManagerDrawComplete
04-22 09:46:12.157  1743  1782 I DisplayPowerController: Unblocked screen on after 75 ms
04-22 09:46:14.199  1743  2059 D BatteryService: uevent={POWER_SUPPLY_DP_DM=0, POWER_SUPPLY_VOLTAGE_NOW=3999011, POWER_SUPPLY_SW_JEITA_ENABLED=0, POWER_SUPPLY_CHARGE_CONTROL_LIMIT_MAX=8, POWER_SUPPLY_RECHARGE_SOC=99, POWER_SUPPLY_HEALTH=Good, POWER_SUPPLY_TECHNOLOGY=Li-ion, POWER_SUPPLY_FCC_STEPPER_ENABLE=0, SEQNUM=614162, POWER_SUPPLY_INPUT_CURRENT_LIMITED=0, POWER_SUPPLY_CHARGE_CONTROL_LIMIT=0, POWER_SUPPLY_BATTERY_CHARGING_ENABLED=1, POWER_SUPPLY_STATUS=Discharging, POWER_SUPPLY_CYCLE_COUNT=6, POWER_SUPPLY_CURRENT_MAX=2000000, POWER_SUPPLY_CHARGE_TERM_CURRENT=-101, POWER_SUPPLY_CAPACITY=69, DEVPATH=/devices/platform/soc/200f000.qcom,spmi/spmi-0/spmi0-02/200f000.qcom,spmi:qcom,pmi632@2:qcom,qpnp-smb5/power_supply/battery, POWER_SUPPLY_CHARGE_DONE=0, POWER_SUPPLY_CHARGE_TYPE=N/A, POWER_SUPPLY_CHARGE_RATE=None, POWER_SUPPLY_CURRENT_NOW=-141449, POWER_SUPPLY_SYSTEM_TEMP_LEVEL=0, POWER_SUPPLY_PRESENT=1, POWER_SUPPLY_PARALLEL_DISABLE=0, POWER_SUPPLY_CHARGE_FULL=3505000, SUBSYSTEM=power_supply, POWER_SUPPLY_SET_SHIP_MODE=0, POWER_SUPPLY_TEMP=213, ACTION=change, POWER_SUPPLY_RERUN_AICL=0, POWER_SUPPLY_AGE=97, POWER_SUPPLY_NAME=battery, POWER_SUPPLY_VOLTAGE_MAX=-22, POWER_SUPPLY_CONSTANT_CHARGE_CURRENT_MAX=2000000, POWER_SUPPLY_CHARGE_COUNTER=2418450, POWER_SUPPLY_STEP_CHARGING_ENABLED=0, POWER_SUPPLY_NUM_SYSTEM_TEMP_LEVELS=8, POWER_SUPPLY_DIE_HEALTH=Hot, POWER_SUPPLY_INPUT_SUSPEND=0}
04-22 09:46:20.287  1743  1782 I DisplayPowerController: Blocking screen off
04-22 09:46:20.287  1743  1782 I DisplayPowerController: Unblocked screen off after 0 ms
04-22 09:46:20.328  1743  1782 I WindowManager: Screen turned off...
04-22 09:46:20.359  1743  1782 V DisplayPowerController: Brightness [0] reason changing to: 'screen_off', previous reason: 'doze'.
04-22 09:46:20.360  1743  1765 I DisplayManagerService: Display device changed state: "Built-in Screen", OFF
04-22 09:47:01.214  1743  1782 I DisplayPowerController: Blocking screen on until initial contents have been drawn.
04-22 09:47:01.214  1743  1782 I WindowManager: Screen turning on...
04-22 09:47:01.216  1743  1782 V DisplayPowerController: Brightness [23] reason changing to: 'doze', previous reason: 'screen_off'.
04-22 09:47:01.220  1743  1765 I DisplayManagerService: Display device changed state: "Built-in Screen", ON
04-22 09:47:01.235  1743  4961 D WindowManager: mKeyguardDelegate.ShowListener.onDrawn.
04-22 09:47:01.235  1743  1763 W WindowManager: Setting mKeyguardDrawComplete
04-22 09:47:01.332  1743  1765 I WindowManager: All windows ready for display!
04-22 09:47:01.332  1743  1763 W WindowManager: Setting mWindowManagerDrawComplete
04-22 09:47:01.333  1743  1782 I DisplayPowerController: Unblocked screen on after 119 ms
04-22 09:47:02.139  1743  2157 I PowerManagerService: Waking up from Dozing (uid=1000, reason=WAKE_REASON_POWER_BUTTON, details=android.policy:POWER)...
04-22 09:47:02.143  1743  1782 V DisplayPowerController: Brightness [53] reason changing to: 'manual', previous reason: 'doze'.
04-22 09:47:02.143  1743  1743 W UsageStatsService: Event reported without a package name, eventType:15
04-22 09:47:02.144  1743  1782 V DisplayPowerController: Brightness [73] reason changing to: 'automatic', previous reason: 'manual'.
04-22 09:47:02.144  1743  1782 I DreamManagerService: Gently waking up from dream.
04-22 09:47:02.144  1743  1762 I DreamManagerService: Performing gentle wake from dream.
04-22 09:47:02.145  1743  4961 I DreamManagerService: Leaving dreamland.
04-22 09:47:02.145  1743  1762 I DreamManagerService: Performing gentle wake from dream.
04-22 09:47:02.145  1743  1762 I DreamController: Stopping dream: name=ComponentInfo{com.android.systemui/com.android.systemui.doze.DozeService}, isTest=false, canDoze=true, userId=0
04-22 09:47:02.152  1743  1743 I WindowManager: Started waking up... (why=ON_BECAUSE_OF_USER)
04-22 09:47:02.153  1743  4961 I PowerManagerService: Waking up from Awake (uid=10132, reason=WAKE_REASON_GESTURE, details=com.android.systemui:NODOZE)...
04-22 09:47:02.161  1743  1743 I WindowManager: Finished waking up... (why=ON_BECAUSE_OF_USER)
04-22 09:47:02.162  1743  1743 V SettingsProvider: Notifying for 0: content://settings/system/screen_brightness
04-22 09:47:02.186  1743  1743 V SettingsProvider: Notifying for 0: content://settings/secure/reminder_exp_learning_time_elapsed
04-22 09:47:02.191  1743  2233 V WindowManager: Changing focus from Window{abbd047 u0 AOD} to Window{5003006 u0 StatusBar} displayId=0
04-22 09:47:02.224  1743  4666 D NotificationListeners: Disabling component com.motorola.motodisplay/.notification.DisplayNotifListenerService
04-22 09:47:02.251  1743  1766 I WindowManager:   SURFACE show Surface(name=NavigationBar0)/@0xc026175 on display:0: NavigationBar0
04-22 09:47:02.270  1743  1766 I WindowManager:   SURFACE show Surface(name=com.android.systemui.ImageWallpaper)/@0x9fa98f on display:0: com.android.systemui.ImageWallpaper
04-22 09:47:02.510  1743  1763 D WindowManager: powerPress: eventTime=18849564 interactive=true count=1 beganFromNonInteractive=true mShortPressOnPowerBehavior=1
04-22 09:47:02.709  1743  1773 I ActivityManager: Start proc 27149:com.google.android.setupwizard/u0a129 for service {com.google.android.setupwizard/com.google.android.setupwizard.deferred.DeferredSetupNotificationSchedulerService}
04-22 09:47:03.357  1743  1760 I ActivityManager: Killing 24771:com.google.android.contacts/u0a178 (adj 985): empty #17
04-22 09:47:03.410  1743  4666 D ActivityManager: makeInactive, ProcessRecord{db8691b 24771:com.google.android.contacts/u0a178}, clear holder.state
04-22 09:47:07.557  1743  1760 W AppOps  : Noting op not finished: uid 10156 pkg com.google.android.gms code 79 time=1619099167392 duration=0
04-22 09:47:07.561  1743  2389 W AppOps  : Noting op not finished: uid 10156 pkg com.google.android.gms code 79 time=1619099227557 duration=0
04-22 09:47:10.159  1743  1782 V DisplayPowerController: Brightness [1] reason changing to: 'automatic [ dim ]', previous reason: 'automatic'.
04-22 09:47:12.157  1743  1782 I PowerManagerService: Going to sleep due to timeout (uid 1000)...
04-22 09:47:12.159  1743  1743 W UsageStatsService: Event reported without a package name, eventType:16
04-22 09:47:12.164  1743  1743 I WindowManager: Started going to sleep... (why=OFF_BECAUSE_OF_TIMEOUT)
04-22 09:47:12.304  1743  1782 V DisplayPowerController: Brightness [73] reason changing to: 'automatic', previous reason: 'automatic [ dim ]'.
04-22 09:47:12.726  1743  1782 I DisplayPowerController: Blocking screen off
04-22 09:47:12.727  1743  1782 I DisplayPowerController: Unblocked screen off after 1 ms
04-22 09:47:12.756  1743  1782 I WindowManager: Screen turned off...
04-22 09:47:12.786  1743  1782 V DisplayPowerController: Brightness [0] reason changing to: 'screen_off', previous reason: 'automatic'.
04-22 09:47:12.787  1743  1765 I DisplayManagerService: Display device changed state: "Built-in Screen", OFF
04-22 09:47:13.059  1743  1782 I DreamManagerService: Entering dreamland.
04-22 09:47:15.487  1743  1782 I PowerManagerService: Dozing...
04-22 09:47:15.490  1743  1762 I DreamController: Starting dream: name=ComponentInfo{com.android.systemui/com.android.systemui.doze.DozeService}, isTest=false, canDoze=true, userId=0
04-22 09:47:15.495  1743  2157 I PowerManagerService: Waking up from Dozing (uid=1000, reason=WAKE_REASON_POWER_BUTTON, details=android.policy:POWER)...
04-22 09:47:15.496  1743  1743 W UsageStatsService: Event reported without a package name, eventType:15
04-22 09:47:15.512  1743  1782 I DisplayPowerController: Blocking screen on until initial contents have been drawn.
04-22 09:47:15.512  1743  1782 I WindowManager: Screen turning on...
04-22 09:47:15.520  1743  1760 D WindowManager: mKeyguardDelegate.ShowListener.onDrawn.
04-22 09:47:15.522  1743  1782 V DisplayPowerController: Brightness [73] reason changing to: 'manual', previous reason: 'screen_off'.
04-22 09:47:15.523  1743  1743 I WindowManager: Finished going to sleep... (why=OFF_BECAUSE_OF_TIMEOUT)
04-22 09:47:15.523  1743  1765 I DisplayManagerService: Display device changed state: "Built-in Screen", ON
04-22 09:47:15.524  1743  1782 V DisplayPowerController: Brightness [72] reason changing to: 'automatic', previous reason: 'manual'.
04-22 09:47:15.526  1743  1763 W WindowManager: Setting mKeyguardDrawComplete
04-22 09:47:15.529  1743  1743 I WindowManager: Started waking up... (why=ON_BECAUSE_OF_USER)
04-22 09:47:15.539  1743  1743 V SettingsProvider: Notifying for 0: content://settings/system/screen_brightness
04-22 09:47:15.562  1743  1782 I DreamManagerService: Gently waking up from dream.
04-22 09:47:15.562  1743  1762 I DreamManagerService: Performing gentle wake from dream.
04-22 09:47:15.579  1743  1765 I WindowManager: All windows ready for display!
04-22 09:47:15.579  1743  1763 W WindowManager: Setting mWindowManagerDrawComplete
04-22 09:47:15.583  1743  5994 I DreamManagerService: Leaving dreamland.
04-22 09:47:15.583  1743  1762 I DreamManagerService: Performing gentle wake from dream.
04-22 09:47:15.583  1743  1762 I DreamController: Stopping dream: name=ComponentInfo{com.android.systemui/com.android.systemui.doze.DozeService}, isTest=false, canDoze=true, userId=0
04-22 09:47:15.590  1743  1782 I DisplayPowerController: Unblocked screen on after 78 ms
04-22 09:47:15.817  1743  1763 D WindowManager: powerPress: eventTime=18860833 interactive=true count=1 beganFromNonInteractive=true mShortPressOnPowerBehavior=1
04-22 09:47:15.820  1743  1782 W PowerManagerService: Screen on took 438 ms
04-22 09:47:15.820  1743  1743 I WindowManager: Finished waking up... (why=ON_BECAUSE_OF_USER)
04-22 09:47:17.014  1743  6519 D ActivityTaskManager: Top Process State changed to PROCESS_STATE_TOP
04-22 09:47:17.090  1743  1773 I ActivityManager: Start proc 27201:com.motorola.timeweatherwidget/u0a204 for content provider {com.motorola.timeweatherwidget/com.motorola.commandcenter.weather.AssistReceiver}
04-22 09:47:17.117  1743  1766 I WindowManager: Window drawn AppWindowToken{815d8f1 token=Token{f647898 ActivityRecord{fa6c27b u0 com.motorola.launcher3/com.android.launcher3.CustomizationPanelLauncher t4}}}
04-22 09:47:17.122  1743  1766 I WindowManager:   SURFACE show Surface(name=com.motorola.launcher3/com.android.launcher3.CustomizationPanelLauncher)/@0x9467db4 on display:0: com.motorola.launcher3/com.android.launcher3.CustomizationPanelLauncher
04-22 09:47:17.141  1743  1743 V SettingsProvider: Notifying for 0: content://settings/secure/reminder_exp_learning_time_elapsed
04-22 09:47:17.163  1743  1765 W UsageStatsService: Event reported without a package name, eventType:18
04-22 09:47:17.174  1743  3657 V WindowManager: Changing focus from Window{5003006 u0 StatusBar} to Window{a0fbc2a u0 com.motorola.launcher3/com.android.launcher3.CustomizationPanelLauncher} displayId=0
04-22 09:47:17.175  1743  1772 W BroadcastQueue: Background execution not allowed: receiving Intent { act=android.intent.action.USER_PRESENT flg=0x24200010 } to com.android.chrome/org.chromium.chrome.browser.sharing.click_to_call.ClickToCallMessageHandler$PhoneUnlockedReceiver
04-22 09:47:17.175  1743  1772 W BroadcastQueue: Background execution not allowed: receiving Intent { act=android.intent.action.USER_PRESENT flg=0x24200010 } to com.google.android.gms/.auth.setup.devicesignals.LockScreenReceiver
04-22 09:47:17.176  1743  1772 W BroadcastQueue: Background execution not allowed: receiving Intent { act=android.intent.action.USER_PRESENT flg=0x24200010 } to com.google.android.gms/.chimera.GmsIntentOperationService$PersistentTrustedReceiver
04-22 09:47:17.216  1743  1766 I WindowManager:   SURFACE show Surface(name=com.motorola.launcher3/com.android.launcher3.CustomizationPanelLauncher)/@0x8797c49 on display:0: com.motorola.launcher3/com.android.launcher3.CustomizationPanelLauncher
04-22 09:47:17.289  1743  6519 I WindowManager:   SURFACE SIZE set 720x56 on display:0: StatusBar
04-22 09:47:17.393  1743  1773 I ActivityManager: Start proc 27244:com.android.providers.calendar/u0a59 for content provider {com.android.providers.calendar/com.android.providers.calendar.CalendarProvider2}
04-22 09:47:17.470  1743  6519 I ActivityManager: Killing 26351:com.google.android.apps.nbu.files/u0a123 (adj 985): empty #17
04-22 09:47:17.565  1743  4961 D ActivityManager: makeInactive, ProcessRecord{76824e 26351:com.google.android.apps.nbu.files/u0a123}, clear holder.state
--------- beginning of main
04-22 09:47:17.834  3268 27273 E MCINTLOG: [MC_BattStatsFactory] Adding uid 1010
04-22 09:47:17.834  3268 27273 E MCINTLOG: [MC_BattStatsFactory] Adding uid 1013
04-22 09:47:17.834  3268 27273 E MCINTLOG: [MC_BattStatsFactory] Adding uid 1017
04-22 09:47:17.834  3268 27273 E MCINTLOG: [MC_BattStatsFactory] Adding uid 1020
04-22 09:47:17.834  3268 27273 E MCINTLOG: [MC_BattStatsFactory] Adding uid 1021
04-22 09:47:17.834  3268 27273 E MCINTLOG: [MC_BattStatsFactory] Adding uid 1036
04-22 09:47:17.834  3268 27273 E MCINTLOG: [MC_BattStatsFactory] Adding uid 1037
04-22 09:47:17.834  3268 27273 E MCINTLOG: [MC_BattStatsFactory] Adding uid 1040
04-22 09:47:17.834  3268 27273 E MCINTLOG: [MC_BattStatsFactory] Adding uid 1041
04-22 09:47:17.834  3268 27273 E MCINTLOG: [MC_BattStatsFactory] Adding uid 1046
04-22 09:47:17.834  3268 27273 E MCINTLOG: [MC_BattStatsFactory] Adding uid 1047
04-22 09:47:17.834  3268 27273 E MCINTLOG: [MC_BattStatsFactory] Adding uid 1051
04-22 09:47:17.834  3268 27273 E MCINTLOG: [MC_BattStatsFactory] Adding uid 1053
04-22 09:47:17.834  3268 27273 E MCINTLOG: [MC_BattStatsFactory] Adding uid 1066
04-22 09:47:17.834  3268 27273 E MCINTLOG: [MC_BattStatsFactory] Adding uid 1068
04-22 09:47:17.834  3268 27273 E MCINTLOG: [MC_BattStatsFactory] Adding uid 1069
04-22 09:47:17.834  3268 27273 E MCINTLOG: [MC_BattStatsFactory] Adding uid 1072
04-22 09:47:17.834  3268 27273 E MCINTLOG: [MC_BattStatsFactory] Adding uid 2000
04-22 09:47:17.834  3268 27273 E MCINTLOG: [MC_BattStatsFactory] Adding uid 2903
04-22 09:47:17.834  3268 27273 E MCINTLOG: [MC_BattStatsFactory] Adding uid 2906
04-22 09:47:17.834  3268 27273 E MCINTLOG: [MC_BattStatsFactory] Adding uid 5101
04-22 09:47:17.834  3268 27273 E MCINTLOG: [MC_BattStatsFactory] Adding uid 9999
04-22 09:47:17.834  3268 27273 E MCINTLOG: [MC_BattStatsFactory] Adding uid 10051
04-22 09:47:17.835  3268 27273 E MCINTLOG: [MC_BattStatsFactory] Adding uid 10053
04-22 09:47:17.835  3268 27273 E MCINTLOG: [MC_BattStatsFactory] Adding uid 10057
04-22 09:47:17.835  3268 27273 E MCINTLOG: [MC_BattStatsFactory] Adding uid 10059
04-22 09:47:17.835  3268 27273 E MCINTLOG: [MC_BattStatsFactory] Adding uid 10064
04-22 09:47:17.835  3268 27273 E MCINTLOG: [MC_BattStatsFactory] Adding uid 10066
04-22 09:47:17.835  3268 27273 E MCINTLOG: [MC_BattStatsFactory] Adding uid 10068
04-22 09:47:17.835  3268 27273 E MCINTLOG: [MC_BattStatsFactory] Adding uid 10072
04-22 09:47:17.835  3268 27273 E MCINTLOG: [MC_BattStatsFactory] Adding uid 10074
04-22 09:47:17.835  3268 27273 E MCINTLOG: [MC_BattStatsFactory] Adding uid 10095
04-22 09:47:17.835  3268 27273 E MCINTLOG: [MC_BattStatsFactory] Adding uid 10099
04-22 09:47:17.835  3268 27273 E MCINTLOG: [MC_BattStatsFactory] Adding uid 10104
04-22 09:47:17.835  3268 27273 E MCINTLOG: [MC_BattStatsFactory] Adding uid 10105
04-22 09:47:17.835  3268 27273 E MCINTLOG: [MC_BattStatsFactory] Adding uid 10106
04-22 09:47:17.835  3268 27273 E MCINTLOG: [MC_BattStatsFactory] Adding uid 10107
04-22 09:47:17.835  3268 27273 E MCINTLOG: [MC_BattStatsFactory] Adding uid 10109
04-22 09:47:17.835  3268 27273 E MCINTLOG: [MC_BattStatsFactory] Adding uid 10112
04-22 09:47:17.835  3268 27273 E MCINTLOG: [MC_BattStatsFactory] Adding uid 10115
04-22 09:47:17.835  3268 27273 E MCINTLOG: [MC_BattStatsFactory] Adding uid 10118
04-22 09:47:17.835  3268 27273 E MCINTLOG: [MC_BattStatsFactory] Adding uid 10120
04-22 09:47:17.835  3268 27273 E MCINTLOG: [MC_BattStatsFactory] Adding uid 10122
04-22 09:47:17.835  3268 27273 E MCINTLOG: [MC_BattStatsFactory] Adding uid 10123
04-22 09:47:17.835  3268 27273 E MCINTLOG: [MC_BattStatsFactory] Adding uid 10129
04-22 09:47:17.835  3268 27273 E MCINTLOG: [MC_BattStatsFactory] Adding uid 10132
04-22 09:47:17.835  3268 27273 E MCINTLOG: [MC_BattStatsFactory] Adding uid 10133
04-22 09:47:17.835  3268 27273 E MCINTLOG: [MC_BattStatsFactory] Adding uid 10140
04-22 09:47:17.835  3268 27273 E MCINTLOG: [MC_BattStatsFactory] Adding uid 10142
04-22 09:47:17.835  3268 27273 E MCINTLOG: [MC_BattStatsFactory] Adding uid 10147
04-22 09:47:17.836  3268 27273 E MCINTLOG: [MC_BattStatsFactory] Adding uid 10152
04-22 09:47:17.836  3268 27273 E MCINTLOG: [MC_BattStatsFactory] Adding uid 10155
04-22 09:47:17.836  3268 27273 E MCINTLOG: [MC_BattStatsFactory] Adding uid 10156
04-22 09:47:17.836  3268 27273 E MCINTLOG: [MC_BattStatsFactory] Adding uid 10157
04-22 09:47:17.836  3268 27273 E MCINTLOG: [MC_BattStatsFactory] Adding uid 10159
04-22 09:47:17.836  3268 27273 E MCINTLOG: [MC_BattStatsFactory] Adding uid 10165
04-22 09:47:17.836  3268 27273 E MCINTLOG: [MC_BattStatsFactory] Adding uid 10167
04-22 09:47:17.836  3268 27273 E MCINTLOG: [MC_BattStatsFactory] Adding uid 10170
04-22 09:47:17.836  3268 27273 E MCINTLOG: [MC_BattStatsFactory] Adding uid 10171
04-22 09:47:17.836  3268 27273 E MCINTLOG: [MC_BattStatsFactory] Adding uid 10172
04-22 09:47:17.836  3268 27273 E MCINTLOG: [MC_BattStatsFactory] Adding uid 10173
04-22 09:47:17.836  3268 27273 E MCINTLOG: [MC_BattStatsFactory] Adding uid 10176
04-22 09:47:17.836  3268 27273 E MCINTLOG: [MC_BattStatsFactory] Adding uid 10178
04-22 09:47:17.836  3268 27273 E MCINTLOG: [MC_BattStatsFactory] Adding uid 10179
04-22 09:47:17.836  3268 27273 E MCINTLOG: [MC_BattStatsFactory] Adding uid 10181
04-22 09:47:17.836  3268 27273 E MCINTLOG: [MC_BattStatsFactory] Adding uid 10189
04-22 09:47:17.836  3268 27273 E MCINTLOG: [MC_BattStatsFactory] Adding uid 10192
04-22 09:47:17.836  3268 27273 E MCINTLOG: [MC_BattStatsFactory] Adding uid 10193
04-22 09:47:17.836  3268 27273 E MCINTLOG: [MC_BattStatsFactory] Adding uid 10196
04-22 09:47:17.836  3268 27273 E MCINTLOG: [MC_BattStatsFactory] Adding uid 10197
04-22 09:47:17.836  3268 27273 E MCINTLOG: [MC_BattStatsFactory] Adding uid 10199
04-22 09:47:17.836  3268 27273 E MCINTLOG: [MC_BattStatsFactory] Adding uid 10200
04-22 09:47:17.836  3268 27273 E MCINTLOG: [MC_BattStatsFactory] Adding uid 10204
04-22 09:47:17.836  3268 27273 E MCINTLOG: [MC_BattStatsFactory] Adding uid 10205
04-22 09:47:17.837  3268 27273 E MCINTLOG: [MC_BattStatsFactory] Adding uid 10208
04-22 09:47:17.837  3268 27273 E MCINTLOG: [MC_BattStatsFactory] Adding uid 10209
04-22 09:47:17.837  3268 27273 E MCINTLOG: [MC_BattStatsFactory] Adding uid 10210
04-22 09:47:17.837  3268 27273 E MCINTLOG: [MC_BattStatsFactory] Adding uid 10211
04-22 09:47:17.837  3268 27273 E MCINTLOG: [MC_BattStatsFactory] Adding uid 10212
04-22 09:47:17.837  3268 27273 E MCINTLOG: [MC_BattStatsFactory] Adding uid 10213
04-22 09:47:17.837  3268 27273 E MCINTLOG: [MC_BattStatsFactory] Adding uid 10214
04-22 09:47:17.837  3268 27273 E MCINTLOG: [MC_BattStatsFactory] Adding uid 10216
04-22 09:47:17.837  3268 27273 E MCINTLOG: [MC_BattStatsFactory] Adding uid 10217
04-22 09:47:17.837  3268 27273 E MCINTLOG: [MC_BattStatsFactory] Adding uid 50172
04-22 09:47:17.837  3268 27273 E MCINTLOG: [MC_BattStatsFactory] Adding uid 50200
04-22 09:47:17.837  3268 27273 E MCINTLOG: [MC_BattStatsFactory] Adding uid 50216
04-22 09:47:17.843   875   875 I vendor.rmt_storage: rmt_storage_connect_cb: clnt_h=0x18 conn_h=0xb240a030
04-22 09:47:17.843   875   875 I vendor.rmt_storage: rmt_storage_rw_iovec_cb: /boot/modem_fs1: req_h=0x18 msg_id=3: R/W request received (wr_count 16)
04-22 09:47:17.843   875   875 I vendor.rmt_storage: rw_iovec client->path = /boot/modem_fs1
04-22 09:47:17.843   875   875 I vendor.rmt_storage: wakelock acquired: 1, error no: 42
04-22 09:47:17.843   875  1402 I vendor.rmt_storage: rmt_storage_client_thread: /boot/modem_fs1: Unblock worker thread (th_id: -1306017232)
04-22 09:47:17.914   875  1402 I vendor.rmt_storage: rmt_storage_client_thread: /boot/modem_fs1: req_h=0x18 msg_id=3: Bytes written = 1572864, wr_count 16
04-22 09:47:17.914   875  1402 I vendor.rmt_storage: rmt_storage_client_thread: /boot/modem_fs1: req_h=0x18 msg_id=3: Send response: res=0 err=0, wr_count 16
04-22 09:47:17.914   875  1402 I vendor.rmt_storage: rmt_storage_client_thread: /boot/modem_fs1: About to block rmt_storage client thread (th_id: -1306017232) wakelock released: 1, error no: 0
04-22 09:47:17.914   875  1402 I vendor.rmt_storage: 
04-22 09:47:17.917   875   875 I vendor.rmt_storage: rmt_storage_disconnect_cb: clnt_h=0x18 conn_h=0xb240a030
04-22 09:47:17.918  7384  7384 D MCLOG   : [MC_Service] onStartcommand()
04-22 09:47:18.023   720   720 I netd    : trafficSwapActiveStatsMap() <49.33ms>
04-22 09:47:18.027   720   720 I netd    : tetherGetStats() <2.02ms>
04-22 09:47:18.029  1743  6519 D WificondControl: Scan result ready event
04-22 09:47:18.040   720  1295 D NetdFwmarkServer: Cmd 0: 0, 2000: UserP=3, fwmark=1F0064
04-22 09:47:18.041 23061 27275 I adbd    : host-11: read thread spawning
04-22 09:47:18.044 23061 27276 I adbd    : host-11: write thread spawning
04-22 09:47:18.045 23061 23061 I adbd    : host-11: already offline
04-22 09:47:18.045 23061 23061 I adbd    : Calling send_auth_request...
04-22 09:47:18.048   720  1295 D NetdFwmarkServer: Cmd 2: 100, 10122: UserP=3, fwmark=F0064
04-22 09:47:18.048   720  1295 D NetdFwmarkServer: Cmd 1: 0, 10122: UserP=3, fwmark=F0064
04-22 09:47:18.048   720  1295 D NetdFwmarkServer: Cmd 6: 0, 10122: UserP=3, fwmark=F0064
04-22 09:47:18.063   720   720 I netd    : trafficSwapActiveStatsMap() <34.16ms>
04-22 09:47:18.066   720   720 I netd    : tetherGetStats() <1.41ms>
04-22 09:47:18.113  3268  3286 W System  : A resource failed to call close. 
04-22 09:47:18.127  3268 27274 E MCINTLOG: [MC_BattStatsFactory] Adding uid 0
04-22 09:47:18.127  3268 27274 E MCINTLOG: [MC_BattStatsFactory] Adding uid 1000
04-22 09:47:18.127  3268 27274 E MCINTLOG: [MC_BattStatsFactory] Adding uid 1001
04-22 09:47:18.127  3268 27274 E MCINTLOG: [MC_BattStatsFactory] Adding uid 1002
04-22 09:47:18.127  3268 27274 E MCINTLOG: [MC_BattStatsFactory] Adding uid 1007
04-22 09:47:18.127  3268 27274 E MCINTLOG: [MC_BattStatsFactory] Adding uid 1010
04-22 09:47:18.127  3268 27274 E MCINTLOG: [MC_BattStatsFactory] Adding uid 1013
04-22 09:47:18.127  3268 27274 E MCINTLOG: [MC_BattStatsFactory] Adding uid 1017
04-22 09:47:18.127  3268 27274 E MCINTLOG: [MC_BattStatsFactory] Adding uid 1020
04-22 09:47:18.127  3268 27274 E MCINTLOG: [MC_BattStatsFactory] Adding uid 1021
04-22 09:47:18.127  3268 27274 E MCINTLOG: [MC_BattStatsFactory] Adding uid 1036
04-22 09:47:18.127  3268 27274 E MCINTLOG: [MC_BattStatsFactory] Adding uid 1037
04-22 09:47:18.127  3268 27274 E MCINTLOG: [MC_BattStatsFactory] Adding uid 1040
04-22 09:47:18.127  3268 27274 E MCINTLOG: [MC_BattStatsFactory] Adding uid 1041
04-22 09:47:18.127  3268 27274 E MCINTLOG: [MC_BattStatsFactory] Adding uid 1046
04-22 09:47:18.127  3268 27274 E MCINTLOG: [MC_BattStatsFactory] Adding uid 1047
04-22 09:47:18.127  3268 27274 E MCINTLOG: [MC_BattStatsFactory] Adding uid 1051
04-22 09:47:18.127  3268 27274 E MCINTLOG: [MC_BattStatsFactory] Adding uid 1053
04-22 09:47:18.127  3268 27274 E MCINTLOG: [MC_BattStatsFactory] Adding uid 1066
04-22 09:47:18.127  3268 27274 E MCINTLOG: [MC_BattStatsFactory] Adding uid 1068
04-22 09:47:18.127  3268 27274 E MCINTLOG: [MC_BattStatsFactory] Adding uid 1069
04-22 09:47:18.127  3268 27274 E MCINTLOG: [MC_BattStatsFactory] Adding uid 1072
04-22 09:47:18.127  3268 27274 E MCINTLOG: [MC_BattStatsFactory] Adding uid 2000
04-22 09:47:18.127  3268 27274 E MCINTLOG: [MC_BattStatsFactory] Adding uid 2903
04-22 09:47:18.127  3268 27274 E MCINTLOG: [MC_BattStatsFactory] Adding uid 2906
04-22 09:47:18.127  3268 27274 E MCINTLOG: [MC_BattStatsFactory] Adding uid 5101
04-22 09:47:18.127  3268 27274 E MCINTLOG: [MC_BattStatsFactory] Adding uid 9999
04-22 09:47:18.127  3268 27274 E MCINTLOG: [MC_BattStatsFactory] Adding uid 10051
04-22 09:47:18.127  3268 27274 E MCINTLOG: [MC_BattStatsFactory] Adding uid 10053
04-22 09:47:18.127  3268 27274 E MCINTLOG: [MC_BattStatsFactory] Adding uid 10057
04-22 09:47:18.127  3268 27274 E MCINTLOG: [MC_BattStatsFactory] Adding uid 10059
04-22 09:47:18.127  3268 27274 E MCINTLOG: [MC_BattStatsFactory] Adding uid 10064
04-22 09:47:18.127  3268 27274 E MCINTLOG: [MC_BattStatsFactory] Adding uid 10066
04-22 09:47:18.127  3268 27274 E MCINTLOG: [MC_BattStatsFactory] Adding uid 10068
04-22 09:47:18.127  3268 27274 E MCINTLOG: [MC_BattStatsFactory] Adding uid 10072
04-22 09:47:18.127  3268 27274 E MCINTLOG: [MC_BattStatsFactory] Adding uid 10074
04-22 09:47:18.127  3268 27274 E MCINTLOG: [MC_BattStatsFactory] Adding uid 10095
04-22 09:47:18.128  3268 27274 E MCINTLOG: [MC_BattStatsFactory] Adding uid 10099
04-22 09:47:18.128  3268 27274 E MCINTLOG: [MC_BattStatsFactory] Adding uid 10104
04-22 09:47:18.128  3268 27274 E MCINTLOG: [MC_BattStatsFactory] Adding uid 10105
04-22 09:47:18.128  3268 27274 E MCINTLOG: [MC_BattStatsFactory] Adding uid 10106
04-22 09:47:18.128  3268 27274 E MCINTLOG: [MC_BattStatsFactory] Adding uid 10107
04-22 09:47:18.128  3268 27274 E MCINTLOG: [MC_BattStatsFactory] Adding uid 10109
04-22 09:47:18.128  3268 27274 E MCINTLOG: [MC_BattStatsFactory] Adding uid 10112
04-22 09:47:18.128  3268 27274 E MCINTLOG: [MC_BattStatsFactory] Adding uid 10115
04-22 09:47:18.128  3268 27274 E MCINTLOG: [MC_BattStatsFactory] Adding uid 10118
04-22 09:47:18.128  3268 27274 E MCINTLOG: [MC_BattStatsFactory] Adding uid 10120
04-22 09:47:18.128  3268 27274 E MCINTLOG: [MC_BattStatsFactory] Adding uid 10122
04-22 09:47:18.128  3268 27274 E MCINTLOG: [MC_BattStatsFactory] Adding uid 10123
04-22 09:47:18.128  3268 27274 E MCINTLOG: [MC_BattStatsFactory] Adding uid 10129
04-22 09:47:18.128  3268 27274 E MCINTLOG: [MC_BattStatsFactory] Adding uid 10132
04-22 09:47:18.128  3268 27274 E MCINTLOG: [MC_BattStatsFactory] Adding uid 10133
04-22 09:47:18.128  3268 27274 E MCINTLOG: [MC_BattStatsFactory] Adding uid 10140
04-22 09:47:18.128  3268 27274 E MCINTLOG: [MC_BattStatsFactory] Adding uid 10142
04-22 09:47:18.128  3268 27274 E MCINTLOG: [MC_BattStatsFactory] Adding uid 10147
04-22 09:47:18.128  3268 27274 E MCINTLOG: [MC_BattStatsFactory] Adding uid 10152
04-22 09:47:18.128  3268 27274 E MCINTLOG: [MC_BattStatsFactory] Adding uid 10155
04-22 09:47:18.128  3268 27274 E MCINTLOG: [MC_BattStatsFactory] Adding uid 10156
04-22 09:47:18.128  3268 27274 E MCINTLOG: [MC_BattStatsFactory] Adding uid 10157
04-22 09:47:18.128  3268 27274 E MCINTLOG: [MC_BattStatsFactory] Adding uid 10159
04-22 09:47:18.128  3268 27274 E MCINTLOG: [MC_BattStatsFactory] Adding uid 10165
04-22 09:47:18.128  3268 27274 E MCINTLOG: [MC_BattStatsFactory] Adding uid 10167
04-22 09:47:18.128  3268 27274 E MCINTLOG: [MC_BattStatsFactory] Adding uid 10170
04-22 09:47:18.128  3268 27274 E MCINTLOG: [MC_BattStatsFactory] Adding uid 10171
04-22 09:47:18.128  3268 27274 E MCINTLOG: [MC_BattStatsFactory] Adding uid 10172
04-22 09:47:18.128  3268 27274 E MCINTLOG: [MC_BattStatsFactory] Adding uid 10173
04-22 09:47:18.128  3268 27274 E MCINTLOG: [MC_BattStatsFactory] Adding uid 10176
04-22 09:47:18.128  3268 27274 E MCINTLOG: [MC_BattStatsFactory] Adding uid 10178
04-22 09:47:18.128  3268 27274 E MCINTLOG: [MC_BattStatsFactory] Adding uid 10179
04-22 09:47:18.128  3268 27274 E MCINTLOG: [MC_BattStatsFactory] Adding uid 10181
04-22 09:47:18.128  3268 27274 E MCINTLOG: [MC_BattStatsFactory] Adding uid 10189
04-22 09:47:18.128  3268 27274 E MCINTLOG: [MC_BattStatsFactory] Adding uid 10192
04-22 09:47:18.128  3268 27274 E MCINTLOG: [MC_BattStatsFactory] Adding uid 10193
04-22 09:47:18.128  3268 27274 E MCINTLOG: [MC_BattStatsFactory] Adding uid 10196
04-22 09:47:18.128  3268 27274 E MCINTLOG: [MC_BattStatsFactory] Adding uid 10197
04-22 09:47:18.128  3268 27274 E MCINTLOG: [MC_BattStatsFactory] Adding uid 10199
04-22 09:47:18.128  3268 27274 E MCINTLOG: [MC_BattStatsFactory] Adding uid 10200
04-22 09:47:18.128  3268 27274 E MCINTLOG: [MC_BattStatsFactory] Adding uid 10204
04-22 09:47:18.128  3268 27274 E MCINTLOG: [MC_BattStatsFactory] Adding uid 10205
04-22 09:47:18.128  3268 27274 E MCINTLOG: [MC_BattStatsFactory] Adding uid 10208
04-22 09:47:18.128  3268 27274 E MCINTLOG: [MC_BattStatsFactory] Adding uid 10209
04-22 09:47:18.129  3268 27274 E MCINTLOG: [MC_BattStatsFactory] Adding uid 10210
04-22 09:47:18.129  3268 27274 E MCINTLOG: [MC_BattStatsFactory] Adding uid 10211
04-22 09:47:18.129  3268 27274 E MCINTLOG: [MC_BattStatsFactory] Adding uid 10212
04-22 09:47:18.129  3268 27274 E MCINTLOG: [MC_BattStatsFactory] Adding uid 10213
04-22 09:47:18.129  3268 27274 E MCINTLOG: [MC_BattStatsFactory] Adding uid 10214
04-22 09:47:18.129  3268 27274 E MCINTLOG: [MC_BattStatsFactory] Adding uid 10216
04-22 09:47:18.129  3268 27274 E MCINTLOG: [MC_BattStatsFactory] Adding uid 10217
04-22 09:47:18.129  3268 27274 E MCINTLOG: [MC_BattStatsFactory] Adding uid 50172
04-22 09:47:18.129  3268 27274 E MCINTLOG: [MC_BattStatsFactory] Adding uid 50200
04-22 09:47:18.129  3268 27274 E MCINTLOG: [MC_BattStatsFactory] Adding uid 50216
04-22 09:47:18.181 23061 23061 I adbd    : Loading keys from /data/misc/adb/adb_keys
04-22 09:47:18.200 23061 23061 I adbd    : adb client authorized
04-22 09:47:18.201  1743 17022 D AdbDebuggingManager: Received connected key message: QAAAAJsW1zttIEjF5aAph24UgOsxA5TDFtz8W8aeC5bPPKzhlmSYcWe9qESzFYTCsXj+XD8sqv4bHOO59U8o0HvLhZjbXS+GZv0u71u5B1lIFGNLzdtQ34R2WNUHxS8hUelJiT5SCYnfHilVcRLPv78IXDx/IjgyMpacnqGWZcN5LCsz/dpxrgvQs5xbPGTCv/+xxL2gIDHUxXZZ9Q0ob5nBCv8guT0keKBuimJNyR4I9x1hwQGTMvWP2pVErKr1O+qOqY25GKtlVlxTxZT2v24ClrVZEM0rVi7m0fmiDPB/f2E6qpLzWkqvw/gkLRtQYJOD19fhstE//ItNlvO5rIBm68X6oceo+sYcfh9y0Dn+/GEOw9JYBaqWDuZo+dAlKb0r/iu4sFGK+00aE076E305Ny2HgAVDnivPpZpR67VdThyGcyC2knjanofbyXnpqY24Brh/WkNejcmNLDsnvYdAFBwhbAEwh8NROVWFraKnUpjCXrmI1sdqSeLicwFlWcEB/SWyyNVd0s3KfVVbbCJZyS8O4E5mCcwTYIDTvXD1PclW691xCLWGHL2deSsoN0V/rrTBk9g+8LyLkyq/ImmQUuy7HkCK6AZPkSKeztJsUxQtPw6L9XaAFhvqtu2Qd6FILPj63OX5vMW6fUW9vfhejWOaks+R2f4hOS19GTF6AVa/F+eICwEAAQA= ryana@RYAN-KANN-GAMIN
04-22 09:47:18.202  1743  1762 D AdbDebuggingManager: Logging key QAAAAJsW1zttIEjF5aAph24UgOsxA5TDFtz8W8aeC5bPPKzhlmSYcWe9qESzFYTCsXj+XD8sqv4bHOO59U8o0HvLhZjbXS+GZv0u71u5B1lIFGNLzdtQ34R2WNUHxS8hUelJiT5SCYnfHilVcRLPv78IXDx/IjgyMpacnqGWZcN5LCsz/dpxrgvQs5xbPGTCv/+xxL2gIDHUxXZZ9Q0ob5nBCv8guT0keKBuimJNyR4I9x1hwQGTMvWP2pVErKr1O+qOqY25GKtlVlxTxZT2v24ClrVZEM0rVi7m0fmiDPB/f2E6qpLzWkqvw/gkLRtQYJOD19fhstE//ItNlvO5rIBm68X6oceo+sYcfh9y0Dn+/GEOw9JYBaqWDuZo+dAlKb0r/iu4sFGK+00aE076E305Ny2HgAVDnivPpZpR67VdThyGcyC2knjanofbyXnpqY24Brh/WkNejcmNLDsnvYdAFBwhbAEwh8NROVWFraKnUpjCXrmI1sdqSeLicwFlWcEB/SWyyNVd0s3KfVVbbCJZyS8O4E5mCcwTYIDTvXD1PclW691xCLWGHL2deSsoN0V/rrTBk9g+8LyLkyq/ImmQUuy7HkCK6AZPkSKeztJsUxQtPw6L9XaAFhvqtu2Qd6FILPj63OX5vMW6fUW9vfhejWOaks+R2f4hOS19GTF6AVa/F+eICwEAAQA= ryana@RYAN-KANN-GAMIN, state = 4, alwaysAllow = true, lastConnectionTime = 1619099238201, authWindow = 604800000
04-22 09:47:20.213     0     0 W swapper/0: type=1400 audit(0.0:2144): avc: denied { kill } for uid=0 capability=5 scontext=u:r:kernel:s0 tcontext=u:r:kernel:s0 tclass=capability permissive=0
04-22 09:47:20.481   807   884 D audio_hw_primary: disable_audio_route: usecase(1) reset and update mixer path: low-latency-playback speaker
04-22 09:47:20.493   807   884 D audio_hw_primary: disable_snd_device: snd_device(158: vi-feedback)
04-22 09:47:20.494   807   884 D audio_hw_primary: disable_audio_route: usecase(26) reset and update mixer path: spkr-vi-record
04-22 09:47:20.494   807   884 D audio_hw_primary: disable_snd_device: snd_device(2: speaker)
04-22 09:47:21.950  2290  2737 I chatty  : uid=1002(bluetooth) Binder:2290_5 expire 10 lines
04-22 09:47:21.961 22073 22326 I chatty  : uid=10156(com.google.android.gms) Binder:22073_6 expire 15 lines
04-22 09:47:22.329  1743  1760 D WificondControl: Scan result ready event
04-22 09:47:25.462  1743  2383 I WifiService: startScan uid=10129
04-22 09:47:30.213     0     0 W swapper/1: type=1400 audit(0.0:2145): avc: denied { kill } for uid=0 capability=5 scontext=u:r:kernel:s0 tcontext=u:r:kernel:s0 tclass=capability permissive=0
04-22 09:47:31.862  1743  2383 D WificondControl: Scan result ready event
04-22 09:47:35.150 27149 27149 I SetupWizard: [aro] Pausing wifi scanner.
04-22 09:47:40.216     0     0 W swapper/0: type=1400 audit(0.0:2146): avc: denied { kill } for uid=0 capability=5 scontext=u:r:kernel:s0 tcontext=u:r:kernel:s0 tclass=capability permissive=0
04-22 09:47:42.228  1743  2126 I ActivityManager: Killing 26450:com.google.android.apps.turbo:aab/u0a142 (adj 985): empty #17
04-22 09:47:42.269 24895 27353 I chatty  : uid=10156(com.google.android.gms) expire 1 line
04-22 09:47:42.296  1743  3657 D ActivityManager: makeInactive, ProcessRecord{e60054d 26450:com.google.android.apps.turbo:aab/u0a142}, clear holder.state
04-22 09:47:42.298   721   721 I Zygote  : Process 26450 exited due to signal 9 (Killed)
04-22 09:47:42.298  1743  1774 I libprocessgroup: Successfully killed process cgroup uid 10142 pid 26450 in 66ms
04-22 09:47:42.329  1743  3657 D WificondControl: Scan result ready event
04-22 09:47:50.220     0     0 W swapper/1: type=1400 audit(0.0:2147): avc: denied { kill } for uid=0 capability=5 scontext=u:r:kernel:s0 tcontext=u:r:kernel:s0 tclass=capability permissive=0
04-22 09:47:53.814  1743  2059 D BatteryService: uevent={POWER_SUPPLY_DP_DM=0, POWER_SUPPLY_VOLTAGE_NOW=3983051, POWER_SUPPLY_SW_JEITA_ENABLED=0, POWER_SUPPLY_CHARGE_CONTROL_LIMIT_MAX=8, POWER_SUPPLY_RECHARGE_SOC=99, POWER_SUPPLY_HEALTH=Good, POWER_SUPPLY_TECHNOLOGY=Li-ion, POWER_SUPPLY_FCC_STEPPER_ENABLE=0, SEQNUM=614525, POWER_SUPPLY_INPUT_CURRENT_LIMITED=0, POWER_SUPPLY_CHARGE_CONTROL_LIMIT=0, POWER_SUPPLY_BATTERY_CHARGING_ENABLED=1, POWER_SUPPLY_STATUS=Discharging, POWER_SUPPLY_CYCLE_COUNT=6, POWER_SUPPLY_CURRENT_MAX=2000000, POWER_SUPPLY_CHARGE_TERM_CURRENT=-101, POWER_SUPPLY_CAPACITY=69, DEVPATH=/devices/platform/soc/200f000.qcom,spmi/spmi-0/spmi0-02/200f000.qcom,spmi:qcom,pmi632@2:qcom,qpnp-smb5/power_supply/battery, POWER_SUPPLY_CHARGE_DONE=0, POWER_SUPPLY_CHARGE_TYPE=N/A, POWER_SUPPLY_CHARGE_RATE=None, POWER_SUPPLY_CURRENT_NOW=-153961, POWER_SUPPLY_SYSTEM_TEMP_LEVEL=0, POWER_SUPPLY_PRESENT=1, POWER_SUPPLY_PARALLEL_DISABLE=0, POWER_SUPPLY_CHARGE_FULL=3505000, SUBSYSTEM=power_supply, POWER_SUPPLY_SET_SHIP_MODE=0, POWER_SUPPLY_TEMP=213, ACTION=change, POWER_SUPPLY_RERUN_AICL=0, POWER_SUPPLY_AGE=97, POWER_SUPPLY_NAME=battery, POWER_SUPPLY_VOLTAGE_MAX=-22, POWER_SUPPLY_CONSTANT_CHARGE_CURRENT_MAX=2000000, POWER_SUPPLY_CHARGE_COUNTER=2418450, POWER_SUPPLY_STEP_CHARGING_ENABLED=0, POWER_SUPPLY_NUM_SYSTEM_TEMP_LEVELS=8, POWER_SUPPLY_DIE_HEALTH=Hot, POWER_SUPPLY_INPUT_SUSPEND=0}
04-22 09:47:53.833  2498  2498 D QtiCarrierConfigHelper: WARNING, no carrier configs on phone Id: 0
04-22 09:47:53.930 27201 27201 D CmdCenter: - RowBuilder2: setUseWhiteRes useOrNot = true
04-22 09:47:53.937 27201 27201 D CmdCenter: - RowWidgetUpdater2: the Min widget of widget[2] is 213
04-22 09:47:53.942 27201 27201 D CmdCenter: - RowWidgetUpdater2: 2cellWidth = 180 column is 3
04-22 09:47:53.943 27201 27201 D CmdCenter: - RowBuilder2: useWhiteRes=true -is 18-9?=true cellX= 3 grid=5
04-22 09:47:53.987 27201 27201 D CmdCenter: - RowWeatherInitializer: Utils.getWeatherInfo return null.
04-22 09:47:54.000 27201 27201 D CmdCenter: - RowWidgetUpdater2: ->config = {1.0 ?mcc?mnc [en_US] ldltr sw411dp w411dp h812dp 280dpi nrml long port finger -keyb/v/h -nav/h winConfig={ mBounds=Rect(0, 0 - 720, 1520) mAppBounds=Rect(0, 56 - 720, 1478) mWindowingMode=fullscreen mDisplayWindowingMode=fullscreen mActivityType=undefined mAlwaysOnTop=undefined mRotation=ROTATION_0} s.42 ?spn ?gid}
04-22 09:47:54.005 27201 27201 D CmdCenter: - RowWidgetUpdater2: ->config debug_dimens = 54
04-22 09:48:00.021  2308  2308 W View    : requestLayout() improperly called by com.android.systemui.statusbar.HeadsUpStatusBarView{53e8307 I.E...... ......ID 0,0-248,56 #7f0a01f7 app:id/heads_up_status_bar_view} during layout: running second layout pass
04-22 09:48:00.220     0     0 W swapper/0: type=1400 audit(0.0:2148): avc: denied { kill } for uid=0 capability=5 scontext=u:r:kernel:s0 tcontext=u:r:kernel:s0 tclass=capability permissive=0
04-22 09:48:20.226     0     0 W swapper/0: type=1400 audit(0.0:2150): avc: denied { kill } for uid=0 capability=5 scontext=u:r:kernel:s0 tcontext=u:r:kernel:s0 tclass=capability permissive=0
04-22 09:48:22.366  1743  3657 D WificondControl: Scan result ready event
04-22 09:48:30.226     0     0 W swapper/2: type=1400 audit(0.0:2151): avc: denied { kill } for uid=0 capability=5 scontext=u:r:kernel:s0 tcontext=u:r:kernel:s0 tclass=capability permissive=0
04-22 09:48:40.230     0     0 W swapper/0: type=1400 audit(0.0:2152): avc: denied { kill } for uid=0 capability=5 scontext=u:r:kernel:s0 tcontext=u:r:kernel:s0 tclass=capability permissive=0
04-22 09:48:45.933 22073 27112 I chatty  : uid=10156 com.google.android.gms.persistent expire 2 lines
04-22 09:48:50.230     0     0 W swapper/3: type=1400 audit(0.0:2153): avc: denied { kill } for uid=0 capability=5 scontext=u:r:kernel:s0 tcontext=u:r:kernel:s0 tclass=capability permissive=0
04-22 09:48:55.250  1743  2059 D BatteryService: uevent={POWER_SUPPLY_DP_DM=0, POWER_SUPPLY_VOLTAGE_NOW=3979353, POWER_SUPPLY_SW_JEITA_ENABLED=0, POWER_SUPPLY_CHARGE_CONTROL_LIMIT_MAX=8, POWER_SUPPLY_RECHARGE_SOC=99, POWER_SUPPLY_HEALTH=Good, POWER_SUPPLY_TECHNOLOGY=Li-ion, POWER_SUPPLY_FCC_STEPPER_ENABLE=0, SEQNUM=614648, POWER_SUPPLY_INPUT_CURRENT_LIMITED=0, POWER_SUPPLY_CHARGE_CONTROL_LIMIT=0, POWER_SUPPLY_BATTERY_CHARGING_ENABLED=1, POWER_SUPPLY_STATUS=Discharging, POWER_SUPPLY_CYCLE_COUNT=6, POWER_SUPPLY_CURRENT_MAX=2000000, POWER_SUPPLY_CHARGE_TERM_CURRENT=-101, POWER_SUPPLY_CAPACITY=69, DEVPATH=/devices/platform/soc/200f000.qcom,spmi/spmi-0/spmi0-02/200f000.qcom,spmi:qcom,pmi632@2:qcom,qpnp-smb5/power_supply/battery, POWER_SUPPLY_CHARGE_DONE=0, POWER_SUPPLY_CHARGE_TYPE=N/A, POWER_SUPPLY_CHARGE_RATE=None, POWER_SUPPLY_CURRENT_NOW=-210266, POWER_SUPPLY_SYSTEM_TEMP_LEVEL=0, POWER_SUPPLY_PRESENT=1, POWER_SUPPLY_PARALLEL_DISABLE=0, POWER_SUPPLY_CHARGE_FULL=3505000, SUBSYSTEM=power_supply, POWER_SUPPLY_SET_SHIP_MODE=0, POWER_SUPPLY_TEMP=213, ACTION=change, POWER_SUPPLY_RERUN_AICL=0, POWER_SUPPLY_AGE=97, POWER_SUPPLY_NAME=battery, POWER_SUPPLY_VOLTAGE_MAX=-22, POWER_SUPPLY_CONSTANT_CHARGE_CURRENT_MAX=2000000, POWER_SUPPLY_CHARGE_COUNTER=2418450, POWER_SUPPLY_STEP_CHARGING_ENABLED=0, POWER_SUPPLY_NUM_SYSTEM_TEMP_LEVELS=8, POWER_SUPPLY_DIE_HEALTH=Hot, POWER_SUPPLY_INPUT_SUSPEND=0}
04-22 09:48:55.262  2498  2498 D QtiCarrierConfigHelper: WARNING, no carrier configs on phone Id: 0
04-22 09:49:00.028  2308  2308 W View    : requestLayout() improperly called by com.android.systemui.statusbar.HeadsUpStatusBarView{53e8307 I.E...... ......ID 0,0-248,56 #7f0a01f7 app:id/heads_up_status_bar_view} during layout: running second layout pass
04-22 09:49:00.233     0     0 W swapper/0: type=1400 audit(0.0:2154): avc: denied { kill } for uid=0 capability=5 scontext=u:r:kernel:s0 tcontext=u:r:kernel:s0 tclass=capability permissive=0
04-22 09:49:00.552  1743  3657 I ActivityManager: Force stopping com.google.location.nearby.apps.connectedcrossroad appid=10217 user=0: from pid 27479
04-22 09:49:00.555  1743  3657 I ActivityManager: Killing 26078:com.motorola.carriersettingsext/u0a104 (adj 985): empty #17
04-22 09:49:00.562  2498  2498 E PhoneInterfaceManager: [PhoneIntfMgr] getCarrierPackageNamesForIntent: No UICC
04-22 09:49:00.562  2498  2498 D CarrierSvcBindHelper: No carrier app for: 0
04-22 09:49:00.612  1743  3659 D ActivityManager: makeInactive, ProcessRecord{c769bf5 26078:com.motorola.carriersettingsext/u0a104}, clear holder.state
04-22 09:49:00.612   721   721 I Zygote  : Process 26078 exited due to signal 9 (Killed)
04-22 09:49:00.613  1743  1774 I libprocessgroup: Successfully killed process cgroup uid 10104 pid 26078 in 56ms
04-22 09:49:10.038 27508 27508 I studio.deploy: DeltaInstall found API level:29
04-22 09:49:10.038 27508 27508 I studio.deploy: -t
04-22 09:49:10.038 27508 27508 I studio.deploy: --user
04-22 09:49:10.038 27508 27508 I studio.deploy: current
04-22 09:49:10.038 27508 27508 I studio.deploy: --full
04-22 09:49:10.038 27508 27508 I studio.deploy: --dont-kill
04-22 09:49:10.038 27508 27508 I studio.deploy: -r
04-22 09:49:10.137 27508 27508 I studio.deploy: DeltaInstall created session: '703577535'
04-22 09:49:10.138 27508 27508 I studio.deploy: package
04-22 09:49:10.138 27508 27508 I studio.deploy: install-write
04-22 09:49:10.138 27508 27508 I studio.deploy: -S
04-22 09:49:10.138 27508 27508 I studio.deploy: 4147130
04-22 09:49:10.138 27508 27508 I studio.deploy: 703577535
04-22 09:49:10.138 27508 27508 I studio.deploy: base.apk
04-22 09:49:10.233     0     0 W swapper/1: type=1400 audit(0.0:2155): avc: denied { kill } for uid=0 capability=5 scontext=u:r:kernel:s0 tcontext=u:r:kernel:s0 tclass=capability permissive=0
04-22 09:49:10.311 27508 27508 I studio.deploy: Streaming succeeded for '/data/app/com.google.location.nearby.apps.connectedcrossroad-fGHGEb8KeDYPh3spR5tVJg==/base.apk'
04-22 09:49:10.311 27508 27508 I studio.deploy: package
04-22 09:49:10.311 27508 27508 I studio.deploy: install-commit
04-22 09:49:10.311 27508 27508 I studio.deploy: 703577535
04-22 09:49:10.531  1743  1756 I system_server: Background young concurrent copying GC freed 98834(4710KB) AllocSpace objects, 70(8048KB) LOS objects, 35% free, 23MB/35MB, paused 212us total 142.508ms
04-22 09:49:10.538 26404 26404 I Finsky  : [2] arkg.b(3): Verification requested, id = 23
04-22 09:49:10.595 26404 26404 E Finsky  : [2] VerifyPerSourceInstallationConsentInstallTask.f(2): Package name null is not an installed package
04-22 09:49:10.616 26404 27520 I Finsky  : [3036] arme.a(7): Single user settings service is not running, bind it now
04-22 09:49:10.625 26404 26404 I Finsky  : [2] armd.onServiceConnected(1): Single user settings service is connected
04-22 09:49:10.677 26404 27520 W Settings: Setting install_non_market_apps has moved from android.provider.Settings.Global to android.provider.Settings.Secure, returning read-only value.
04-22 09:49:10.856 26404 27520 D SystemConfig: Removed unavailable feature android.hardware.sensor.gyroscope
04-22 09:49:10.865 26404 27520 W SystemConfig: No directory /oem/etc/sysconfig, skipping
04-22 09:49:10.866 26404 27520 W SystemConfig: No directory /oem/etc/permissions, skipping
04-22 09:49:11.050   720   720 I netd    : trafficSwapActiveStatsMap() <33.51ms>
04-22 09:49:11.053   720   720 I netd    : tetherGetStats() <1.73ms>
04-22 09:49:11.067   720   720 I netd    : bandwidthSetGlobalAlert(2097152) <0.49ms>
04-22 09:49:11.098 26404 27520 W SystemConfig: No directory /system/etc/motorola/bgintents, skipping
04-22 09:49:11.098 26404 27520 W SystemConfig: No directory /oem/etc/motorola/bgintents, skipping
04-22 09:49:11.108 26404 27520 W SystemConfig: No directory /product_services/etc/sysconfig, skipping
04-22 09:49:11.108 26404 27520 W SystemConfig: No directory /product_services/etc/permissions, skipping
04-22 09:49:11.109 26404 27520 W SystemConfig: No directory /system/etc/motorola/sysconfig, skipping
04-22 09:49:11.109 26404 27520 W SystemConfig: No directory /oem/etc/motorola/sysconfig, skipping
04-22 09:49:11.109 26404 27520 W SystemConfig: No directory /product/etc/motorola/sysconfig, skipping
04-22 09:49:11.394 26404 27520 I Finsky  : [3036] qjm.c(3): Task 7 requested foreground
04-22 09:49:11.403 26404 27520 I Finsky  : [3036] qjm.c(8): Not entering foreground
04-22 09:49:12.054 26404 27524 I Finsky  : [3039] arsk.c(3): Verify: Verification package=com.google.location.nearby.apps.connectedcrossroad, id=23 response=0
04-22 09:49:12.130 26404 27520 I Finsky  : [3036] VerifyPerSourceInstallationConsentInstallTask.ng(2): PSIC verification started with installer uid: 2000 package name: null, originating uid: -1
04-22 09:49:12.140 26404 26404 I Finsky  : [2] VerifyInstallTask.g(3): Verifying id=23, result=1
04-22 09:49:12.168  1743  1788 I PackageManager: Update package com.google.location.nearby.apps.connectedcrossroad code path from /data/app/com.google.location.nearby.apps.connectedcrossroad-fGHGEb8KeDYPh3spR5tVJg== to /data/app/com.google.location.nearby.apps.connectedcrossroad-klLGtVodoIojwjAuU94G_Q==; Retain data and using new
04-22 09:49:12.168  1743  1788 I PackageManager: Update package com.google.location.nearby.apps.connectedcrossroad resource path from /data/app/com.google.location.nearby.apps.connectedcrossroad-fGHGEb8KeDYPh3spR5tVJg== to /data/app/com.google.location.nearby.apps.connectedcrossroad-klLGtVodoIojwjAuU94G_Q==; Retain data and using new
04-22 09:49:12.249  1743  1788 I PackageManager: Un-granting permission android.permission.MANAGE_DOCUMENTS from package com.google.android.youtube (protectionLevel=262146 flags=0x30dbbe45)
04-22 09:49:12.251  1743  1788 I PackageManager: Un-granting permission com.google.android.googleapps.permission.GOOGLE_AUTH from package com.android.providers.calendar (protectionLevel=2 flags=0x30883e45)
04-22 09:49:12.251  1743  1788 I PackageManager: Un-granting permission com.google.android.googleapps.permission.GOOGLE_AUTH.cl from package com.android.providers.calendar (protectionLevel=2 flags=0x30883e45)
04-22 09:49:12.251  1743  1788 I PackageManager: Un-granting permission com.google.android.gm.permission.READ_GMAIL from package com.google.android.apps.docs.editors.docs (protectionLevel=2 flags=0x38dbbe44)
