04-22 11:29:08.443  1743  1788 I PackageManager: Un-granting permission com.google.android.googleapps.permission.GOOGLE_AUTH.writely from package com.google.android.apps.docs.editors.slides (protectionLevel=2 flags=0x38dbbe44)
04-22 11:29:08.443  1743  1788 I PackageManager: Un-granting permission com.google.android.googleapps.permission.GOOGLE_AUTH.wise from package com.google.android.apps.docs.editors.slides (protectionLevel=2 flags=0x38dbbe44)
04-22 11:29:08.444  1743  1788 I PackageManager: Un-granting permission com.google.android.setupwizard.READ_DEVICE_ORIGIN from package com.google.android.apps.messaging (protectionLevel=18 flags=0x38cbbe45)
04-22 11:29:08.447  1743  1788 I PackageManager: Un-granting permission android.permission.SEND_DOWNLOAD_COMPLETED_INTENTS from package com.android.vending (protectionLevel=2 flags=0x28cabec5)
04-22 11:29:08.450  1743  1788 I PackageManager: Un-granting permission android.permission.BIND_CARRIER_SERVICES from package com.republicwireless.tel (protectionLevel=18 flags=0x30483e45)
04-22 11:29:08.450  1743  1788 I PackageManager: Un-granting permission android.permission.REQUEST_INSTALL_PACKAGES from package com.google.android.gm (protectionLevel=66 flags=0x38cbbe45)
04-22 11:29:08.453  1743  1788 I PackageManager: Un-granting permission android.permission.MANAGE_ROLE_HOLDERS from package com.google.android.apps.wellbeing (protectionLevel=258 flags=0x20cbbe45)
04-22 11:29:08.453  1743  1788 I PackageManager: Un-granting permission android.permission.REQUEST_INSTALL_PACKAGES from package com.google.android.apps.nbu.files (protectionLevel=66 flags=0x30c83e45)
04-22 11:29:08.454  1743  1788 I PackageManager: Un-granting permission android.permission.REQUEST_INSTALL_PACKAGES from package com.google.android.apps.docs (protectionLevel=66 flags=0x38cbbe45)
04-22 11:29:08.455  1743  1788 I PackageManager: Un-granting permission android.permission.INTERACT_ACROSS_USERS from package com.google.android.syncadapters.contacts (protectionLevel=50 flags=0x20883e45)
04-22 11:29:08.456  1743  1788 I PackageManager: Un-granting permission android.permission.REQUEST_INSTALL_PACKAGES from package com.android.chrome (protectionLevel=66 flags=0xa0cbbec5)
04-22 11:29:08.456  1743  1788 I PackageManager: Un-granting permission android.permission.CAPTURE_VIDEO_OUTPUT from package com.google.android.gms (protectionLevel=2 flags=0xa0cabec5)
04-22 11:29:08.457  1743  1788 I PackageManager: Un-granting permission android.permission.MANAGE_DEVICE_ADMINS from package com.google.android.gms (protectionLevel=2 flags=0xa0cabec5)
04-22 11:29:08.457  1743  1788 I PackageManager: Un-granting permission android.permission.MANAGE_ACTIVITY_STACKS from package com.google.android.gms (protectionLevel=2 flags=0xa0cabec5)
04-22 11:29:08.457  1743  1788 I PackageManager: Un-granting permission android.permission.CAPTURE_SECURE_VIDEO_OUTPUT from package com.google.android.gms (protectionLevel=2 flags=0xa0cabec5)
04-22 11:29:08.457  1743  1788 I PackageManager: Un-granting permission android.permission.MANAGE_ROLLBACKS from package com.google.android.gms (protectionLevel=514 flags=0xa0cabec5)
04-22 11:29:08.460  1743  1788 I PackageManager: Un-granting permission com.google.android.googleapps.permission.GOOGLE_AUTH from package com.google.android.videos (protectionLevel=2 flags=0x30dbbe45)
04-22 11:29:08.460  1743  1788 I PackageManager: Un-granting permission android.permission.WRITE_MEDIA_STORAGE from package com.google.android.apps.photos (protectionLevel=18 flags=0x38d9be45)
04-22 11:29:08.464  1743  1788 I PackageManager: Un-granting permission android.permission.CONNECTIVITY_INTERNAL from package com.google.android.wfcactivation (protectionLevel=18 flags=0x3888be45)
04-22 11:29:08.464  1743  1788 I PackageManager: Un-granting permission android.permission.READ_LOGS from package com.google.android.wfcactivation (protectionLevel=50 flags=0x3888be45)
04-22 11:29:08.464  1743  1788 I PackageManager: Un-granting permission android.permission.WRITE_APN_SETTINGS from package com.google.android.wfcactivation (protectionLevel=18 flags=0x3888be45)
04-22 11:29:08.464  1743  1788 I PackageManager: Un-granting permission android.permission.WRITE_SECURE_SETTINGS from package com.LogiaGroup.LogiaDeck (protectionLevel=50 flags=0x38483e45)
04-22 11:29:08.466  1743  1788 I PackageManager: Un-granting permission android.permission.READ_WALLPAPER_INTERNAL from package com.google.android.apps.wallpaper (protectionLevel=18 flags=0x20cbbe45)
04-22 11:29:08.600  1743  2078 W AccountManagerService: User 10217 does not exist. It might be removed already.
04-22 11:29:08.608  1743  2660 W LocationProviderProxy: Odd, no component found for service com.android.location.service.v3.NetworkLocationProvider
04-22 11:29:08.617  1743  1772 W BroadcastQueue: Background execution not allowed: receiving Intent { act=android.intent.action.PACKAGE_REMOVED dat=package:com.google.location.nearby.apps.connectedcrossroad flg=0x4000010 (has extras) } to com.android.vending/com.google.android.finsky.packagemanager.impl.PackageMonitorReceiverImpl$RegisteredReceiver
04-22 11:29:08.620  1743  1772 W BroadcastQueue: Background execution not allowed: receiving Intent { act=android.intent.action.PACKAGE_REMOVED dat=package:com.google.location.nearby.apps.connectedcrossroad flg=0x4000010 (has extras) } to com.android.vending/com.google.android.finsky.instantapps.appmanagement.InstantAppRemoveMonitor
04-22 11:29:08.629  1743  1772 W BroadcastQueue: Background execution not allowed: receiving Intent { act=android.intent.action.PACKAGE_REMOVED dat=package:com.google.location.nearby.apps.connectedcrossroad flg=0x4000010 (has extras) } to com.google.android.gms/.games.chimera.GamesSystemBroadcastReceiverProxy
04-22 11:29:08.629  1743  1772 W BroadcastQueue: Background execution not allowed: receiving Intent { act=android.intent.action.PACKAGE_REMOVED dat=package:com.google.location.nearby.apps.connectedcrossroad flg=0x4000010 (has extras) } to com.google.android.gms/.chimera.GmsIntentOperationService$PersistentTrustedReceiver
04-22 11:29:08.673  1743  1772 W BroadcastQueue: Background execution not allowed: receiving Intent { act=android.intent.action.PACKAGE_REMOVED dat=package:com.google.location.nearby.apps.connectedcrossroad flg=0x4000010 (has extras) } to com.google.android.googlequicksearchbox/com.google.android.apps.gsa.googlequicksearchbox.GelStubAppWatcher
04-22 11:29:08.699  1743  1772 W BroadcastQueue: Background execution not allowed: receiving Intent { act=android.intent.action.PACKAGE_REMOVED dat=package:com.google.location.nearby.apps.connectedcrossroad flg=0x4000010 (has extras) } to com.verizon.loginengine.unbranded/com.verizon.vzwavs.AVSSystemReceiver
04-22 11:29:08.708  1743  1772 W BroadcastQueue: Background execution not allowed: receiving Intent { act=android.intent.action.PACKAGE_REMOVED dat=package:com.google.location.nearby.apps.connectedcrossroad flg=0x4000010 (has extras) } to com.google.android.apps.magazines/com.google.android.libraries.social.peoplekit.thirdparty.viewcontrollers.ThirdPartyReceiver
04-22 11:29:08.713  1743  1772 W BroadcastQueue: Background execution not allowed: receiving Intent { act=android.intent.action.PACKAGE_ADDED dat=package:com.google.location.nearby.apps.connectedcrossroad flg=0x4000010 (has extras) } to com.google.android.packageinstaller/com.android.packageinstaller.PackageInstalledReceiver
04-22 11:29:08.713  1743  1772 W BroadcastQueue: Background execution not allowed: receiving Intent { act=android.intent.action.PACKAGE_ADDED dat=package:com.google.location.nearby.apps.connectedcrossroad flg=0x4000010 (has extras) } to com.android.vending/com.google.android.finsky.packagemanager.impl.PackageMonitorReceiverImpl$RegisteredReceiver
04-22 11:29:08.714  1743  1772 W BroadcastQueue: Background execution not allowed: receiving Intent { act=android.intent.action.PACKAGE_ADDED dat=package:com.google.location.nearby.apps.connectedcrossroad flg=0x4000010 (has extras) } to com.facebook.appmanager/com.facebook.oxygen.common.packages.event.manifest.ManifestPackageEventReceiver
04-22 11:29:08.714  1743  1772 W BroadcastQueue: Background execution not allowed: receiving Intent { act=android.intent.action.PACKAGE_ADDED dat=package:com.google.location.nearby.apps.connectedcrossroad flg=0x4000010 (has extras) } to com.google.android.gms/.games.chimera.GamesSystemBroadcastReceiverProxy
04-22 11:29:08.715  1743  1772 W BroadcastQueue: Background execution not allowed: receiving Intent { act=android.intent.action.PACKAGE_ADDED dat=package:com.google.location.nearby.apps.connectedcrossroad flg=0x4000010 (has extras) } to com.google.android.gms/.gass.chimera.PackageChangeBroadcastReceiver
04-22 11:29:08.715  1743  1772 W BroadcastQueue: Background execution not allowed: receiving Intent { act=android.intent.action.PACKAGE_ADDED dat=package:com.google.location.nearby.apps.connectedcrossroad flg=0x4000010 (has extras) } to com.google.android.gms/.chimera.GmsIntentOperationService$PersistentTrustedReceiver
04-22 11:29:08.720  1743  1772 W BroadcastQueue: Background execution not allowed: receiving Intent { act=android.intent.action.PACKAGE_ADDED dat=package:com.google.location.nearby.apps.connectedcrossroad flg=0x4000010 (has extras) } to com.google.android.googlequicksearchbox/com.google.android.apps.gsa.googlequicksearchbox.GelStubAppWatcher
04-22 11:29:08.725  1743  1772 W BroadcastQueue: Background execution not allowed: receiving Intent { act=android.intent.action.PACKAGE_ADDED dat=package:com.google.location.nearby.apps.connectedcrossroad flg=0x4000010 (has extras) } to com.google.android.ims/.receivers.RcsAutoStartReceiver
04-22 11:29:08.739  1743  3656 W BroadcastQueue: Background execution not allowed: receiving Intent { act=android.intent.action.PACKAGE_ADDED dat=package:com.google.location.nearby.apps.connectedcrossroad flg=0x4000010 (has extras) } to com.verizon.loginengine.unbranded/com.verizon.vzwavs.AVSSystemReceiver
04-22 11:29:08.831  1743  9612 W BroadcastQueue: Background execution not allowed: receiving Intent { act=android.intent.action.PACKAGE_REPLACED dat=package:com.google.location.nearby.apps.connectedcrossroad flg=0x4000010 (has extras) } to com.facebook.appmanager/com.facebook.oxygen.common.packages.event.manifest.ManifestPackageEventReceiver
04-22 11:29:08.832  1743  1762 W Looper  : Slow delivery took 203ms android.fg h=android.os.Handler c=<recycled PooledLambda@ebb68ee> m=0
04-22 11:29:08.835  1743  1772 W BroadcastQueue: Background execution not allowed: receiving Intent { act=android.intent.action.PACKAGE_REPLACED dat=package:com.google.location.nearby.apps.connectedcrossroad flg=0x4000010 (has extras) } to com.google.android.apps.photos/.account.full.FetchAccountPropertiesAppUpgradeBroadcastReceiver
04-22 11:29:08.835  1743  1772 W BroadcastQueue: Background execution not allowed: receiving Intent { act=android.intent.action.PACKAGE_REPLACED dat=package:com.google.location.nearby.apps.connectedcrossroad flg=0x4000010 (has extras) } to com.google.android.apps.photos/.account.full.SyncAccountsForLoginBroadcastReceiver
04-22 11:29:08.836  1743  1772 W BroadcastQueue: Background execution not allowed: receiving Intent { act=android.intent.action.PACKAGE_REPLACED dat=package:com.google.location.nearby.apps.connectedcrossroad flg=0x4000010 (has extras) } to com.google.android.apps.photos/.notificationchannels.AppUpdateBroadcastReceiver
04-22 11:29:08.836  1743  1772 W BroadcastQueue: Background execution not allowed: receiving Intent { act=android.intent.action.PACKAGE_REPLACED dat=package:com.google.location.nearby.apps.connectedcrossroad flg=0x4000010 (has extras) } to com.google.android.gms/.gass.chimera.PackageChangeBroadcastReceiver
04-22 11:29:08.836  1743  1772 W BroadcastQueue: Background execution not allowed: receiving Intent { act=android.intent.action.PACKAGE_REPLACED dat=package:com.google.location.nearby.apps.connectedcrossroad flg=0x4000010 (has extras) } to com.google.android.gms/.chimera.GmsIntentOperationService$PersistentTrustedReceiver
04-22 11:29:08.836  1743  1772 W BroadcastQueue: Background execution not allowed: receiving Intent { act=android.intent.action.PACKAGE_REPLACED dat=package:com.google.location.nearby.apps.connectedcrossroad flg=0x4000010 (has extras) } to com.google.android.googlequicksearchbox/com.google.android.apps.gsa.googlequicksearchbox.GelStubAppWatcher
04-22 11:29:08.836  1743  1772 W BroadcastQueue: Background execution not allowed: receiving Intent { act=android.intent.action.PACKAGE_REPLACED dat=package:com.google.location.nearby.apps.connectedcrossroad flg=0x4000010 (has extras) } to com.google.android.ims/.receivers.RcsAutoStartReceiver
04-22 11:29:08.836  1743  1772 W BroadcastQueue: Background execution not allowed: receiving Intent { act=android.intent.action.PACKAGE_REPLACED dat=package:com.google.location.nearby.apps.connectedcrossroad flg=0x4000010 (has extras) } to com.motorola.ccc.notification/.gcm.GCMAdminReceiver
04-22 11:29:08.836  1743  1772 W BroadcastQueue: Background execution not allowed: receiving Intent { act=android.intent.action.PACKAGE_REPLACED dat=package:com.google.location.nearby.apps.connectedcrossroad flg=0x4000010 (has extras) } to com.verizon.loginengine.unbranded/com.verizon.vzwavs.AVSSystemReceiver
04-22 11:29:08.843  1743  1743 W Looper  : Slow dispatch took 108ms main h=android.app.ActivityThread$H c=android.app.-$$Lambda$LoadedApk$ReceiverDispatcher$Args$_BumDX2UKsnxLVrE6UJsJZkotuA@eca2025 m=0
04-22 11:29:08.843  1743  1743 W Looper  : Slow delivery took 241ms main h=android.app.ActivityThread$H c=android.app.-$$Lambda$LoadedApk$ReceiverDispatcher$Args$_BumDX2UKsnxLVrE6UJsJZkotuA@37925fa m=0
04-22 11:29:08.843  1743  1743 I TelecomService: DefaultDialerCache: Refreshing default dialer for user 0: now com.google.android.dialer: DDC.oR@Ays
04-22 11:29:08.864  1743  1743 V BackupManagerConstants: getFullBackupIntervalMilliseconds(...) returns 86400000
04-22 11:29:08.864  1743  1743 V BackupManagerConstants: getFullBackupRequiredNetworkType(...) returns 2
04-22 11:29:08.864  1743  1743 V BackupManagerConstants: getFullBackupRequireCharging(...) returns true
04-22 11:29:08.892  1743  1743 E LoadedApk: Unable to instantiate appComponentFactory
04-22 11:29:08.892  1743  1743 E LoadedApk: java.lang.ClassNotFoundException: Didn't find class "androidx.core.app.CoreComponentFactory" on path: DexPathList[[],nativeLibraryDirectories=[/system/app/YTMusic/lib/arm, /system/app/YTMusic/YTMusic.apk!/lib/armeabi-v7a, /system/lib, /product/lib, /system/lib, /product/lib]]
04-22 11:29:08.892  1743  1743 E LoadedApk: 	at dalvik.system.BaseDexClassLoader.findClass(BaseDexClassLoader.java:196)
04-22 11:29:08.892  1743  1743 E LoadedApk: 	at java.lang.ClassLoader.loadClass(ClassLoader.java:379)
04-22 11:29:08.892  1743  1743 E LoadedApk: 	at java.lang.ClassLoader.loadClass(ClassLoader.java:312)
04-22 11:29:08.892  1743  1743 E LoadedApk: 	at android.app.LoadedApk.createAppFactory(LoadedApk.java:256)
04-22 11:29:08.892  1743  1743 E LoadedApk: 	at android.app.LoadedApk.updateApplicationInfo(LoadedApk.java:370)
04-22 11:29:08.892  1743  1743 E LoadedApk: 	at android.app.ActivityThread.handleDispatchPackageBroadcast(ActivityThread.java:6186)
04-22 11:29:08.892  1743  1743 E LoadedApk: 	at android.app.ActivityThread$H.handleMessage(ActivityThread.java:2108)
04-22 11:29:08.892  1743  1743 E LoadedApk: 	at android.os.Handler.dispatchMessage(Handler.java:107)
04-22 11:29:08.892  1743  1743 E LoadedApk: 	at android.os.Looper.loop(Looper.java:241)
04-22 11:29:08.892  1743  1743 E LoadedApk: 	at com.android.server.SystemServer.run(SystemServer.java:585)
04-22 11:29:08.892  1743  1743 E LoadedApk: 	at com.android.server.SystemServer.main(SystemServer.java:381)
04-22 11:29:08.892  1743  1743 E LoadedApk: 	at java.lang.reflect.Method.invoke(Native Method)
04-22 11:29:08.892  1743  1743 E LoadedApk: 	at com.android.internal.os.RuntimeInit$MethodAndArgsCaller.run(RuntimeInit.java:492)
04-22 11:29:08.892  1743  1743 E LoadedApk: 	at com.android.internal.os.ZygoteInit.main(ZygoteInit.java:919)
04-22 11:29:08.898  1743  1743 E LoadedApk: Unable to instantiate appComponentFactory
04-22 11:29:08.898  1743  1743 E LoadedApk: java.lang.ClassNotFoundException: Didn't find class "androidx.core.app.CoreComponentFactory" on path: DexPathList[[],nativeLibraryDirectories=[/system/app/YTMusic/lib/arm, /system/app/YTMusic/YTMusic.apk!/lib/armeabi-v7a, /system/lib, /product/lib, /system/lib, /product/lib]]
04-22 11:29:08.898  1743  1743 E LoadedApk: 	at dalvik.system.BaseDexClassLoader.findClass(BaseDexClassLoader.java:196)
04-22 11:29:08.898  1743  1743 E LoadedApk: 	at java.lang.ClassLoader.loadClass(ClassLoader.java:379)
04-22 11:29:08.898  1743  1743 E LoadedApk: 	at java.lang.ClassLoader.loadClass(ClassLoader.java:312)
04-22 11:29:08.898  1743  1743 E LoadedApk: 	at android.app.LoadedApk.createAppFactory(LoadedApk.java:256)
04-22 11:29:08.898  1743  1743 E LoadedApk: 	at android.app.LoadedApk.updateApplicationInfo(LoadedApk.java:370)
04-22 11:29:08.898  1743  1743 E LoadedApk: 	at android.app.ActivityThread.handleDispatchPackageBroadcast(ActivityThread.java:6186)
04-22 11:29:08.898  1743  1743 E LoadedApk: 	at android.app.ActivityThread$H.handleMessage(ActivityThread.java:2108)
04-22 11:29:08.898  1743  1743 E LoadedApk: 	at android.os.Handler.dispatchMessage(Handler.java:107)
04-22 11:29:08.898  1743  1743 E LoadedApk: 	at android.os.Looper.loop(Looper.java:241)
04-22 11:29:08.898  1743  1743 E LoadedApk: 	at com.android.server.SystemServer.run(SystemServer.java:585)
04-22 11:29:08.898  1743  1743 E LoadedApk: 	at com.android.server.SystemServer.main(SystemServer.java:381)
04-22 11:29:08.898  1743  1743 E LoadedApk: 	at java.lang.reflect.Method.invoke(Native Method)
04-22 11:29:08.898  1743  1743 E LoadedApk: 	at com.android.internal.os.RuntimeInit$MethodAndArgsCaller.run(RuntimeInit.java:492)
04-22 11:29:08.898  1743  1743 E LoadedApk: 	at com.android.internal.os.ZygoteInit.main(ZygoteInit.java:919)
04-22 11:29:09.515  1743  1762 W Looper  : Drained
04-22 11:29:09.515  1743  1743 W Looper  : Drained
04-22 11:29:09.577  1743  1761 I ActivityTaskManager: START u0 {act=android.intent.action.MAIN cat=[android.intent.category.LAUNCHER] flg=0x10000000 cmp=com.google.location.nearby.apps.connectedcrossroad/nx.aodv.eval.MainActivity} from uid 2000
04-22 11:29:09.578  1743  1761 D ActivityTaskManager: getPreferredLaunchDisplay usersetdisplayid -1 current displayId 0 paramspreferid 0
04-22 11:29:09.578  1743  1761 D ActivityTaskManager: getPreferredLaunchDisplay usersetdisplayid -1 current displayId 0 paramspreferid 0
04-22 11:29:09.582  1743  1761 D ActivityTaskManager: getPreferredLaunchDisplay usersetdisplayid 0 current displayId 0 paramspreferid 0
04-22 11:29:09.593  1743  1743 V SettingsProvider: Notifying for 0: content://settings/secure/reminder_exp_learning_time_elapsed
04-22 11:29:09.614  1743  1773 I ActivityManager: Start proc 10906:com.google.location.nearby.apps.connectedcrossroad/u0a217 for activity {com.google.location.nearby.apps.connectedcrossroad/nx.aodv.eval.MainActivity}
04-22 11:29:09.619  1743  1766 V WindowManager: Changing focus from Window{a0fbc2a u0 com.motorola.launcher3/com.android.launcher3.CustomizationPanelLauncher} to null displayId=0
04-22 11:29:09.671  1743  1766 I WindowManager:   SURFACE show Surface(name=Splash Screen com.google.location.nearby.apps.connectedcrossroad)/@0x9f94d18 on display:0: Splash Screen com.google.location.nearby.apps.connectedcrossroad
04-22 11:29:09.980  1743  1761 I WindowManager: Window drawn AppWindowToken{815d8f1 token=Token{f647898 ActivityRecord{fa6c27b u0 com.motorola.launcher3/com.android.launcher3.CustomizationPanelLauncher t4}}}
04-22 11:29:10.357  1743  9612 V WindowManager: Changing focus from null to Window{4ef9863 u0 com.google.location.nearby.apps.connectedcrossroad/nx.aodv.eval.MainActivity} displayId=0
04-22 11:29:10.509  1743  1766 I LaunchCheckinHandler: Displayed com.google.location.nearby.apps.connectedcrossroad/nx.aodv.eval.MainActivity,cp,ca,913
04-22 11:29:10.509  1743  1766 I WindowManager: Window drawn AppWindowToken{507c885 token=Token{bb8d9fc ActivityRecord{b9bfaef u0 com.google.location.nearby.apps.connectedcrossroad/nx.aodv.eval.MainActivity t43}}}
04-22 11:29:10.510  1743  1766 I WindowManager:   SURFACE show Surface(name=com.google.location.nearby.apps.connectedcrossroad/nx.aodv.eval.MainActivity)/@0x34275ea on display:0: com.google.location.nearby.apps.connectedcrossroad/nx.aodv.eval.MainActivity
04-22 11:29:11.236  1743  1766 I WindowManager:   SURFACE show Surface(name=InputMethod)/@0x7eb314a on display:0: InputMethod
04-22 11:29:12.291  1743  1743 D BluetoothManagerService: Bluetooth Adapter name changed to InZza0Vbye0AAAAAAAAAATM
04-22 11:29:12.292  1743  1743 D BluetoothManagerService: Stored Bluetooth name: InZza0Vbye0AAAAAAAAAATM
04-22 11:29:12.292  1743  1743 V SettingsProvider: Notifying for 0: content://settings/secure/bluetooth_name
04-22 11:29:12.587  1743  2246 D NsdService: Register service
04-22 11:29:12.587  1743  2246 D NsdService: registerService: 25 name: InZza0Vbye0AAA, type: _5BC9ED5E6C75._tcp, host: null, port: 38361, txtRecord: n=MwIPv4=192.168.1.66
04-22 11:29:12.588  1743  2246 D NsdService: mdnssd [register, 25, InZza0Vbye0AAA, _5BC9ED5E6C75._tcp, 38361, BG49TXcRSVB2ND0xOTIuMTY4LjEuNjY=]
04-22 11:29:12.589  1743  2246 D NsdService: Register 25 25
04-22 11:29:12.979  1743  1766 I WindowManager:   SURFACE show Surface(name=InputMethod)/@0x8a60368 on display:0: InputMethod
04-22 11:29:13.247  1743  2246 D NsdService: Native daemon message SERVICE_REGISTERED: 606 25 "InZza0Vbye0AAA"
04-22 11:29:16.666  1743  2059 D BatteryService: uevent={POWER_SUPPLY_DP_DM=0, POWER_SUPPLY_VOLTAGE_NOW=3824422, POWER_SUPPLY_SW_JEITA_ENABLED=0, POWER_SUPPLY_CHARGE_CONTROL_LIMIT_MAX=8, POWER_SUPPLY_RECHARGE_SOC=99, POWER_SUPPLY_HEALTH=Good, POWER_SUPPLY_TECHNOLOGY=Li-ion, POWER_SUPPLY_FCC_STEPPER_ENABLE=0, SEQNUM=626700, POWER_SUPPLY_INPUT_CURRENT_LIMITED=0, POWER_SUPPLY_CHARGE_CONTROL_LIMIT=0, POWER_SUPPLY_BATTERY_CHARGING_ENABLED=1, POWER_SUPPLY_STATUS=Discharging, POWER_SUPPLY_CYCLE_COUNT=6, POWER_SUPPLY_CURRENT_MAX=2000000, POWER_SUPPLY_CHARGE_TERM_CURRENT=-101, POWER_SUPPLY_CAPACITY=55, DEVPATH=/devices/platform/soc/200f000.qcom,spmi/spmi-0/spmi0-02/200f000.qcom,spmi:qcom,pmi632@2:qcom,qpnp-smb5/power_supply/battery, POWER_SUPPLY_CHARGE_DONE=0, POWER_SUPPLY_CHARGE_TYPE=N/A, POWER_SUPPLY_CHARGE_RATE=None, POWER_SUPPLY_CURRENT_NOW=-489197, POWER_SUPPLY_SYSTEM_TEMP_LEVEL=0, POWER_SUPPLY_PRESENT=1, POWER_SUPPLY_PARALLEL_DISABLE=0, POWER_SUPPLY_CHARGE_FULL=3505000, SUBSYSTEM=power_supply, POWER_SUPPLY_SET_SHIP_MODE=0, POWER_SUPPLY_TEMP=276, ACTION=change, POWER_SUPPLY_RERUN_AICL=0, POWER_SUPPLY_AGE=97, POWER_SUPPLY_NAME=battery, POWER_SUPPLY_VOLTAGE_MAX=-22, POWER_SUPPLY_CONSTANT_CHARGE_CURRENT_MAX=2000000, POWER_SUPPLY_CHARGE_COUNTER=1962800, POWER_SUPPLY_STEP_CHARGING_ENABLED=0, POWER_SUPPLY_NUM_SYSTEM_TEMP_LEVELS=8, POWER_SUPPLY_DIE_HEALTH=Hot, POWER_SUPPLY_INPUT_SUSPEND=0}
04-22 11:29:17.062  1743  1772 W BroadcastQueue: Background execution not allowed: receiving Intent { act=android.bluetooth.device.action.BOND_STATE_CHANGED flg=0x10 (has extras) } to com.google.android.gms/.chimera.GmsIntentOperationService$PersistentTrustedReceiver
04-22 11:29:17.063  1743  1772 W BroadcastQueue: Background execution not allowed: receiving Intent { act=android.bluetooth.device.action.BOND_STATE_CHANGED flg=0x10 (has extras) } to com.google.android.googlequicksearchbox/com.google.android.apps.gsa.broadcastreceiver.external.ExternalCommonBroadcastReceiver
04-22 11:29:17.505  1743  1772 W BroadcastQueue: Background execution not allowed: receiving Intent { act=android.bluetooth.device.action.BOND_STATE_CHANGED flg=0x10 (has extras) } to com.google.android.gms/.chimera.GmsIntentOperationService$PersistentTrustedReceiver
04-22 11:29:17.509  1743  1772 W BroadcastQueue: Background execution not allowed: receiving Intent { act=android.bluetooth.device.action.BOND_STATE_CHANGED flg=0x10 (has extras) } to com.google.android.googlequicksearchbox/com.google.android.apps.gsa.broadcastreceiver.external.ExternalCommonBroadcastReceiver
04-22 11:29:18.960  1743  1766 I WindowManager:   SURFACE show Surface(name=PopupWindow:4f08561)/@0xaee562f on display:0: PopupWindow:4f08561
04-22 11:29:19.018  1743  1766 I WindowManager:   SURFACE show Surface(name=InputMethod)/@0xf67ced4 on display:0: InputMethod
--------- beginning of main
04-22 11:29:20.909 22073  6656 I chatty  : uid=10156(com.google.android.gms) highpool[332] expire 5 lines
04-22 11:29:20.909 22073  6656 E NearbyConnections: EndpointManager failed to find EndpointChannel over which to write DATA at offset 612 of Payload -9007404025457505713 to endpoint T8u1 [CONTEXT service_id=54 ]
04-22 11:29:20.909  2290  2348 D BtGatt.GattService: onScanFilterParamsConfigured() - clientIf=5, status=0, action=1, availableSpace=11
04-22 11:29:20.909  2290  2348 D BtGatt.ScanManager: callback done for scannerId - 5 status - 0
04-22 11:29:20.910 22073  6656 E NearbyConnections: EndpointManager failed to find EndpointChannel over which to write DATA at offset 612 of Payload -9007404025457505713 to endpoint T8u1 [CONTEXT service_id=54 ]
04-22 11:29:20.910 22073  6656 I chatty  : uid=10156(com.google.android.gms) highpool[332] identical 1 line
04-22 11:29:20.910 22073  6656 E NearbyConnections: EndpointManager failed to find EndpointChannel over which to write DATA at offset 612 of Payload -9007404025457505713 to endpoint T8u1 [CONTEXT service_id=54 ]
04-22 11:29:20.910  2290  3378 D BtGatt.GattService: registerScanner() - UUID=874c4819-649a-45f6-a3be-5925bfd1aeab
04-22 11:29:20.910 22073  6656 E NearbyConnections: EndpointManager failed to find EndpointChannel over which to write DATA at offset 612 of Payload -9007404025457505713 to endpoint T8u1 [CONTEXT service_id=54 ]
04-22 11:29:20.911 22073  6656 I chatty  : uid=10156(com.google.android.gms) highpool[332] identical 1 line
04-22 11:29:20.911 22073  6656 E NearbyConnections: EndpointManager failed to find EndpointChannel over which to write DATA at offset 612 of Payload -9007404025457505713 to endpoint T8u1 [CONTEXT service_id=54 ]
04-22 11:29:20.911  2290  2603 I bt_stack: [INFO:gatt_api.cc(950)] GATT_Register 17425e3e-e0df-907c-c2bb-a928ace98bbf
04-22 11:29:20.911  2290  2603 I bt_stack: [INFO:gatt_api.cc(970)] allocated gatt_if=5
04-22 11:29:20.911 22073  6656 E NearbyConnections: EndpointManager failed to find EndpointChannel over which to write DATA at offset 612 of Payload -9007404025457505713 to endpoint T8u1 [CONTEXT service_id=54 ]
04-22 11:29:20.911  2290  2348 D BtGatt.GattService: onScannerRegistered() - UUID=874c4819-649a-45f6-a3be-5925bfd1aeab, scannerId=5, status=0
04-22 11:29:20.911 22073  6656 E NearbyConnections: EndpointManager failed to find EndpointChannel over which to write DATA at offset 612 of Payload -9007404025457505713 to endpoint T8u1 [CONTEXT service_id=54 ]
04-22 11:29:20.911  2290  2348 D BtGatt.GattService: onScanFilterParamsConfigured() - clientIf=5, status=0, action=1, availableSpace=12
04-22 11:29:20.911  2290  2348 D BtGatt.ScanManager: callback done for scannerId - 5 status - 0
04-22 11:29:20.911 22073 23806 D BluetoothLeScanner: onScannerRegistered() - status=0 scannerId=5 mScannerId=0
04-22 11:29:20.912 22073  6656 E NearbyConnections: EndpointManager failed to find EndpointChannel over which to write DATA at offset 612 of Payload -9007404025457505713 to endpoint T8u1 [CONTEXT service_id=54 ]
04-22 11:29:20.912 22073  6656 E NearbyConnections: EndpointManager failed to find EndpointChannel over which to write DATA at offset 612 of Payload -9007404025457505713 to endpoint T8u1 [CONTEXT service_id=54 ]
04-22 11:29:20.912  2290  3378 D BtGatt.GattService: start scan with filters. callingPackage: com.google.android.gms
04-22 11:29:20.912 22073  6656 E NearbyConnections: EndpointManager failed to find EndpointChannel over which to write DATA at offset 612 of Payload -9007404025457505713 to endpoint T8u1 [CONTEXT service_id=54 ]
04-22 11:29:20.912 22073  6656 I chatty  : uid=10156(com.google.android.gms) highpool[332] identical 1 line
04-22 11:29:20.913 22073  6656 E NearbyConnections: EndpointManager failed to find EndpointChannel over which to write DATA at offset 612 of Payload -9007404025457505713 to endpoint T8u1 [CONTEXT service_id=54 ]
04-22 11:29:20.913  2290  2348 D BtGatt.GattService: onScanFilterParamsConfigured() - clientIf=5, status=0, action=1, availableSpace=13
04-22 11:29:20.913  2290  2348 D BtGatt.ScanManager: callback done for scannerId - 5 status - 0
04-22 11:29:20.913 22073  6656 E NearbyConnections: EndpointManager failed to find EndpointChannel over which to write DATA at offset 612 of Payload -9007404025457505713 to endpoint T8u1 [CONTEXT service_id=54 ]
04-22 11:29:20.913 22073  6656 I chatty  : uid=10156(com.google.android.gms) highpool[332] identical 2 lines
04-22 11:29:20.913 22073  6656 E NearbyConnections: EndpointManager failed to find EndpointChannel over which to write DATA at offset 612 of Payload -9007404025457505713 to endpoint T8u1 [CONTEXT service_id=54 ]
04-22 11:29:20.914  2290  2348 D BtGatt.GattService: onScanFilterParamsConfigured() - clientIf=5, status=0, action=1, availableSpace=14
04-22 11:29:20.914  2290  2348 D BtGatt.ScanManager: callback done for scannerId - 5 status - 0
04-22 11:29:20.914 22073  6656 E NearbyConnections: EndpointManager failed to find EndpointChannel over which to write DATA at offset 612 of Payload -9007404025457505713 to endpoint T8u1 [CONTEXT service_id=54 ]
04-22 11:29:20.915 22073  6656 I chatty  : uid=10156(com.google.android.gms) highpool[332] identical 4 lines
04-22 11:29:20.915 22073  6656 E NearbyConnections: EndpointManager failed to find EndpointChannel over which to write DATA at offset 612 of Payload -9007404025457505713 to endpoint T8u1 [CONTEXT service_id=54 ]
04-22 11:29:20.915  2290  2348 D BtGatt.GattService: onScanFilterParamsConfigured() - clientIf=5, status=0, action=1, availableSpace=15
04-22 11:29:20.915  2290  2348 D BtGatt.ScanManager: callback done for scannerId - 5 status - 0
04-22 11:29:20.915 22073  6656 E NearbyConnections: EndpointManager failed to find EndpointChannel over which to write DATA at offset 612 of Payload -9007404025457505713 to endpoint T8u1 [CONTEXT service_id=54 ]
04-22 11:29:20.915  2290  2575 D BtGatt.ScanManager: configureRegularScanParams() - queue=2
04-22 11:29:20.915  2290  2575 D BtGatt.ScanManager: configureRegularScanParams() - ScanSetting LE 1M Scan mode=1ScanSetting LE Coded Scan mode=1 mLastConfiguredScanSettingLE1M=2 mLastConfiguredScanSettingLECoded=2scanPhy=255
04-22 11:29:20.915  2290  2575 D BtGatt.ScanManager: configureRegularScanParams - scanInterval LE 1M = 4096configureRegularScanParams - scanWindow LE 1M= 818configureRegularScanParams - scanInterval LE Coded= 4096configureRegularScanParams - scanWindow LE Coded= 818
04-22 11:29:20.915 22073  6656 E NearbyConnections: EndpointManager failed to find EndpointChannel over which to write DATA at offset 612 of Payload -9007404025457505713 to endpoint T8u1 [CONTEXT service_id=54 ]
04-22 11:29:20.917 22073  6656 I chatty  : uid=10156(com.google.android.gms) highpool[332] identical 5 lines
04-22 11:29:20.917 22073  6656 E NearbyConnections: EndpointManager failed to find EndpointChannel over which to write DATA at offset 612 of Payload -9007404025457505713 to endpoint T8u1 [CONTEXT service_id=54 ]
04-22 11:29:20.918  2290  2575 I BtGatt.ScanManager: msg.what = 0
04-22 11:29:20.918 22073  6656 E NearbyConnections: EndpointManager failed to find EndpointChannel over which to write DATA at offset 612 of Payload -9007404025457505713 to endpoint T8u1 [CONTEXT service_id=54 ]
04-22 11:29:20.918  2290  2348 D BtGatt.GattService: onScanParamSetupCompleted : 0
04-22 11:29:20.918 22073  6656 E NearbyConnections: EndpointManager failed to find EndpointChannel over which to write DATA at offset 612 of Payload -9007404025457505713 to endpoint T8u1 [CONTEXT service_id=54 ]
04-22 11:29:20.918  2290  2575 D BtGatt.ScanManager: handling starting scan
04-22 11:29:20.918 22073  6656 E NearbyConnections: EndpointManager failed to find EndpointChannel over which to write DATA at offset 612 of Payload -9007404025457505713 to endpoint T8u1 [CONTEXT service_id=54 ]
04-22 11:29:20.919 22073  6656 I chatty  : uid=10156(com.google.android.gms) highpool[332] identical 2 lines
04-22 11:29:20.919 22073  6656 E NearbyConnections: EndpointManager failed to find EndpointChannel over which to write DATA at offset 612 of Payload -9007404025457505713 to endpoint T8u1 [CONTEXT service_id=54 ]
04-22 11:29:20.919 22073 11015 D BluetoothGatt: connect() - device: 5A:DC:E3:11:DB:30, auto: false
04-22 11:29:20.919 22073  6656 E NearbyConnections: EndpointManager failed to find EndpointChannel over which to write DATA at offset 612 of Payload -9007404025457505713 to endpoint T8u1 [CONTEXT service_id=54 ]
04-22 11:29:20.919 22073 11015 D BluetoothGatt: registerApp()
04-22 11:29:20.920 22073 11015 D BluetoothGatt: registerApp() - UUID=b42d5f9b-8b18-463e-90ce-26212b649ef5
04-22 11:29:20.920  2290  2575 D BtGatt.ScanManager: isAptXLowLatencyModeEnabled: false
04-22 11:29:20.920 22073  6656 E NearbyConnections: EndpointManager failed to find EndpointChannel over which to write DATA at offset 612 of Payload -9007404025457505713 to endpoint T8u1 [CONTEXT service_id=54 ]
04-22 11:29:20.920 22073  6656 E NearbyConnections: EndpointManager failed to find EndpointChannel over which to write DATA at offset 612 of Payload -9007404025457505713 to endpoint T8u1 [CONTEXT service_id=54 ]
04-22 11:29:20.920  2290  3378 D BtGatt.GattService: registerClient() - UUID=b42d5f9b-8b18-463e-90ce-26212b649ef5
04-22 11:29:20.920 22073  6656 E NearbyConnections: EndpointManager failed to find EndpointChannel over which to write DATA at offset 612 of Payload -9007404025457505713 to endpoint T8u1 [CONTEXT service_id=54 ]
04-22 11:29:20.920 22073  6656 I chatty  : uid=10156(com.google.android.gms) highpool[332] identical 1 line
04-22 11:29:20.921 22073  6656 E NearbyConnections: EndpointManager failed to find EndpointChannel over which to write DATA at offset 612 of Payload -9007404025457505713 to endpoint T8u1 [CONTEXT service_id=54 ]
04-22 11:29:20.921  2290  2603 I bt_stack: [INFO:gatt_api.cc(950)] GATT_Register 33f48f0c-5e91-584a-f09f-8bc29568764a
04-22 11:29:20.921  2290  2603 I bt_stack: [INFO:gatt_api.cc(970)] allocated gatt_if=10
04-22 11:29:20.921  2290  2348 D BtGatt.GattService: onClientRegistered() - UUID=b42d5f9b-8b18-463e-90ce-26212b649ef5, clientIf=10
04-22 11:29:20.921 22073  6656 E NearbyConnections: EndpointManager failed to find EndpointChannel over which to write DATA at offset 612 of Payload -9007404025457505713 to endpoint T8u1 [CONTEXT service_id=54 ]
04-22 11:29:20.921 22073  6656 E NearbyConnections: EndpointManager failed to find EndpointChannel over which to write DATA at offset 612 of Payload -9007404025457505713 to endpoint T8u1 [CONTEXT service_id=54 ]
04-22 11:29:20.921 22073 23806 D BluetoothGatt: onClientRegistered() - status=0 clientIf=10
04-22 11:29:20.921 22073  6656 E NearbyConnections: EndpointManager failed to find EndpointChannel over which to write DATA at offset 612 of Payload -9007404025457505713 to endpoint T8u1 [CONTEXT service_id=54 ]
04-22 11:29:20.922 22073  6656 E NearbyConnections: EndpointManager failed to find EndpointChannel over which to write DATA at offset 612 of Payload -9007404025457505713 to endpoint T8u1 [CONTEXT service_id=54 ]
04-22 11:29:20.922  2290  3378 D BtGatt.GattService: clientConnect() - address=5A:DC:E3:11:DB:30, isDirect=true, opportunistic=false, phy=1
04-22 11:29:20.922  2290  2603 E bt_btm  : BTM_BleObserve Observe Already Active
04-22 11:29:20.922  2290  2603 W bt_btif :  bta_dm_ble_observe BTM_BleObserve  failed. status 6
04-22 11:29:20.922 22073  6656 E NearbyConnections: EndpointManager failed to find EndpointChannel over which to write DATA at offset 612 of Payload -9007404025457505713 to endpoint T8u1 [CONTEXT service_id=54 ]
04-22 11:29:20.922  2290  2348 D bt_btif_config: btif_get_address_type: Device [5a:dc:e3:11:db:30] address type 1
04-22 11:29:20.922  2290  2348 D bt_btif_config: btif_get_device_type: Device [5a:dc:e3:11:db:30] type 2
04-22 11:29:20.922 22073  6656 E NearbyConnections: EndpointManager failed to find EndpointChannel over which to write DATA at offset 612 of Payload -9007404025457505713 to endpoint T8u1 [CONTEXT service_id=54 ]
04-22 11:29:20.922  2290  2603 I bt_stack: [INFO:gatt_api.cc(1122)] GATT_Connect gatt_if=10, address=5a:dc:e3:11:db:30 is_direct 1
04-22 11:29:20.922 22073  6656 E NearbyConnections: EndpointManager failed to find EndpointChannel over which to write DATA at offset 612 of Payload -9007404025457505713 to endpoint T8u1 [CONTEXT service_id=54 ]
04-22 11:29:20.923  2290  2603 I bt_stack: [INFO:btm_ble_bgconn.cc(248)] btm_add_dev_to_controller addig RPA into white list
04-22 11:29:20.923 22073  6656 E NearbyConnections: EndpointManager failed to find EndpointChannel over which to write DATA at offset 612 of Payload -9007404025457505713 to endpoint T8u1 [CONTEXT service_id=54 ]
04-22 11:29:20.964 22073  6656 I chatty  : uid=10156(com.google.android.gms) highpool[332] identical 163 lines
04-22 11:29:20.964 22073  6656 E NearbyConnections: EndpointManager failed to find EndpointChannel over which to write DATA at offset 612 of Payload -9007404025457505713 to endpoint T8u1 [CONTEXT service_id=54 ]
04-22 11:29:20.964  2290  2603 I bt_stack: [INFO:btm_ble_connection_establishment.cc(164)] btm_ble_conn_complete: unable to match and resolve random address
04-22 11:29:20.964 22073  6656 E NearbyConnections: EndpointManager failed to find EndpointChannel over which to write DATA at offset 612 of Payload -9007404025457505713 to endpoint T8u1 [CONTEXT service_id=54 ]
04-22 11:29:20.964  2290  2603 W bt_btm  : btm_acl_created hci_handle=29 link_role=1  transport=2
04-22 11:29:20.964 22073  6656 E NearbyConnections: EndpointManager failed to find EndpointChannel over which to write DATA at offset 612 of Payload -9007404025457505713 to endpoint T8u1 [CONTEXT service_id=54 ]
04-22 11:29:21.002 22073  6656 I chatty  : uid=10156(com.google.android.gms) highpool[332] identical 149 lines
04-22 11:29:21.002 22073  6656 E NearbyConnections: EndpointManager failed to find EndpointChannel over which to write DATA at offset 612 of Payload -9007404025457505713 to endpoint T8u1 [CONTEXT service_id=54 ]
04-22 11:29:21.002  2290  2603 I bt_stack: [INFO:btm_ble_connection_establishment.cc(164)] btm_ble_conn_complete: unable to match and resolve random address
04-22 11:29:21.002 22073  6656 E NearbyConnections: EndpointManager failed to find EndpointChannel over which to write DATA at offset 612 of Payload -9007404025457505713 to endpoint T8u1 [CONTEXT service_id=54 ]
04-22 11:29:21.002  2290  2603 I bt_stack: [INFO:connection_manager.cc(277)] lower the scan parameters used for connecting
04-22 11:29:21.002  2290  2603 I bt_stack: [INFO:btm_ble_bgconn.cc(261)] btm_add_dev_to_controller removing RPA from white list
04-22 11:29:21.002 22073  6656 E NearbyConnections: EndpointManager failed to find EndpointChannel over which to write DATA at offset 612 of Payload -9007404025457505713 to endpoint T8u1 [CONTEXT service_id=54 ]
04-22 11:29:21.002  2290  2603 I bt_stack: [INFO:btm_ble_bgconn.cc(406)] Already connection initiated (or) No Pending connections(or) Resources of lcb are exhausted
04-22 11:29:21.003 22073  6656 E NearbyConnections: EndpointManager failed to find EndpointChannel over which to write DATA at offset 612 of Payload -9007404025457505713 to endpoint T8u1 [CONTEXT service_id=54 ]
04-22 11:29:21.003  2290  2603 W bt_btm  : btm_acl_created hci_handle=6 link_role=0  transport=2
04-22 11:29:21.003 22073  6656 E NearbyConnections: EndpointManager failed to find EndpointChannel over which to write DATA at offset 612 of Payload -9007404025457505713 to endpoint T8u1 [CONTEXT service_id=54 ]
04-22 11:29:21.003 22073  6656 E NearbyConnections: EndpointManager failed to find EndpointChannel over which to write DATA at offset 612 of Payload -9007404025457505713 to endpoint T8u1 [CONTEXT service_id=54 ]
04-22 11:29:21.003  2290  2603 I bt_stack: [INFO:btm_ble_bgconn.cc(406)] Already connection initiated (or) No Pending connections(or) Resources of lcb are exhausted
04-22 11:29:21.003 22073  6656 E NearbyConnections: EndpointManager failed to find EndpointChannel over which to write DATA at offset 612 of Payload -9007404025457505713 to endpoint T8u1 [CONTEXT service_id=54 ]
04-22 11:29:21.085 22073  6656 I chatty  : uid=10156(com.google.android.gms) highpool[332] identical 329 lines
04-22 11:29:21.085 22073  6656 E NearbyConnections: EndpointManager failed to find EndpointChannel over which to write DATA at offset 612 of Payload -9007404025457505713 to endpoint T8u1 [CONTEXT service_id=54 ]
04-22 11:29:21.085 22073 22244 I NearbyMessages: CopresenceLogger:  response succeeded for com.google.android.gms#0p:discoverer#false [190ms], addresses [] [CONTEXT service_id=62 ]
04-22 11:29:21.085 22073  6656 E NearbyConnections: EndpointManager failed to find EndpointChannel over which to write DATA at offset 612 of Payload -9007404025457505713 to endpoint T8u1 [CONTEXT service_id=54 ]
04-22 11:29:21.085 22073 11042 I NearbyConnections: ClientProxy(244116452) reporting onPayloadTransferUpdate(8NOP, -6361143991412761719, SUCCESS) [CONTEXT service_id=54 ]
04-22 11:29:21.086 22073  6656 E NearbyConnections: EndpointManager failed to find EndpointChannel over which to write DATA at offset 612 of Payload -9007404025457505713 to endpoint T8u1 [CONTEXT service_id=54 ]
04-22 11:29:21.254 22073  6656 I chatty  : uid=10156(com.google.android.gms) highpool[332] identical 621 lines
04-22 11:29:21.254 22073  6656 E NearbyConnections: EndpointManager failed to find EndpointChannel over which to write DATA at offset 612 of Payload -9007404025457505713 to endpoint T8u1 [CONTEXT service_id=54 ]
04-22 11:29:21.254  2290  2603 W bt_btm  : btm_read_remote_version_complete lmp_version 9 manufacturer 29 lmp_subversion 2003
04-22 11:29:21.254  2290  2603 E bt_btif : bta_dm_acl_change new acl connetion:count = 3
04-22 11:29:21.254 22073  6656 E NearbyConnections: EndpointManager failed to find EndpointChannel over which to write DATA at offset 612 of Payload -9007404025457505713 to endpoint T8u1 [CONTEXT service_id=54 ]
04-22 11:29:21.254  2290  2603 W bt_btif : bta_dm_acl_change info: 0x0
04-22 11:29:21.254  2290  2348 D BtGatt.GattService: onClientConnected() connId=264, address=5A:DC:E3:11:DB:30, connected=true
04-22 11:29:21.254  2290  2603 W bt_l2cap: L2CA_SetDesireRole() new:x1, disallow_switch:0
04-22 11:29:21.255 22073  6656 E NearbyConnections: EndpointManager failed to find EndpointChannel over which to write DATA at offset 612 of Payload -9007404025457505713 to endpoint T8u1 [CONTEXT service_id=54 ]
04-22 11:29:21.255 22073  6656 E NearbyConnections: EndpointManager failed to find EndpointChannel over which to write DATA at offset 612 of Payload -9007404025457505713 to endpoint T8u1 [CONTEXT service_id=54 ]
04-22 11:29:21.255  2290  2603 E bt_stack: [ERROR:bta_gattc_cache.cc(733)] bta_gattc_cache_load: can't open GATT cache file /data/misc/bluetooth/gatt_cache_5adce311db30 for reading, error: No such file or directory
04-22 11:29:21.255 22073  6656 E NearbyConnections: EndpointManager failed to find EndpointChannel over which to write DATA at offset 612 of Payload -9007404025457505713 to endpoint T8u1 [CONTEXT service_id=54 ]
04-22 11:29:21.255  2290  2603 I bt_stack: [INFO:hearing_aid.cc(1804)] GetDeviceCount: Not initialized yet
04-22 11:29:21.255  2290  2348 D BtGatt.GattService: onClientConnected() connId=265, address=5A:DC:E3:11:DB:30, connected=true
04-22 11:29:21.255 22073  6656 E NearbyConnections: EndpointManager failed to find EndpointChannel over which to write DATA at offset 612 of Payload -9007404025457505713 to endpoint T8u1 [CONTEXT service_id=54 ]
04-22 11:29:21.256 22073  6656 E NearbyConnections: EndpointManager failed to find EndpointChannel over which to write DATA at offset 612 of Payload -9007404025457505713 to endpoint T8u1 [CONTEXT service_id=54 ]
04-22 11:29:21.256  2290  2348 D bt_btif_dm: remote version info [5a:dc:e3:11:db:30]: 0, 0, 0
04-22 11:29:21.256  2290  2603 I bt_stack: [INFO:gatt_api.cc(635)] GATTC_Discover conn_id=0x010a, disc_type=1, s_handle=0x0001, e_handle=0xffff
04-22 11:29:21.256 22073  6656 E NearbyConnections: EndpointManager failed to find EndpointChannel over which to write DATA at offset 612 of Payload -9007404025457505713 to endpoint T8u1 [CONTEXT service_id=54 ]
04-22 11:29:21.256 22073 22327 D BluetoothGattServer: onServerConnectionState() - status=0 serverIf=9 device=5A:DC:E3:11:DB:30
04-22 11:29:21.256 22073 23806 D BluetoothGattServer: onServerConnectionState() - status=0 serverIf=8 device=5A:DC:E3:11:DB:30
04-22 11:29:21.256 22073  6656 E NearbyConnections: EndpointManager failed to find EndpointChannel over which to write DATA at offset 612 of Payload -9007404025457505713 to endpoint T8u1 [CONTEXT service_id=54 ]
04-22 11:29:21.256 22073 22327 I bevw    : Connected to device 5A:DC:E3:11:DB:30.
04-22 11:29:21.256 22073 22327 D BluetoothGattServer: connect() - device: 5A:DC:E3:11:DB:30, auto: false
04-22 11:29:21.256 22073  6656 E NearbyConnections: EndpointManager failed to find EndpointChannel over which to write DATA at offset 612 of Payload -9007404025457505713 to endpoint T8u1 [CONTEXT service_id=54 ]
04-22 11:29:21.257 22073  6656 I chatty  : uid=10156(com.google.android.gms) highpool[332] identical 1 line
04-22 11:29:21.257 22073  6656 E NearbyConnections: EndpointManager failed to find EndpointChannel over which to write DATA at offset 612 of Payload -9007404025457505713 to endpoint T8u1 [CONTEXT service_id=54 ]
04-22 11:29:21.257  2290 11055 D BluetoothMetrics: btclass1f00
04-22 11:29:21.257 22073  6656 E NearbyConnections: EndpointManager failed to find EndpointChannel over which to write DATA at offset 612 of Payload -9007404025457505713 to endpoint T8u1 [CONTEXT service_id=54 ]
04-22 11:29:21.257 22073  6656 E NearbyConnections: EndpointManager failed to find EndpointChannel over which to write DATA at offset 612 of Payload -9007404025457505713 to endpoint T8u1 [CONTEXT service_id=54 ]
04-22 11:29:21.257  2290  3378 D BtGatt.GattService: serverConnect() - address=5A:DC:E3:11:DB:30
04-22 11:29:21.258 22073  6656 E NearbyConnections: EndpointManager failed to find EndpointChannel over which to write DATA at offset 612 of Payload -9007404025457505713 to endpoint T8u1 [CONTEXT service_id=54 ]
04-22 11:29:21.258 22073  6656 I chatty  : uid=10156(com.google.android.gms) highpool[332] identical 2 lines
04-22 11:29:21.258 22073  6656 E NearbyConnections: EndpointManager failed to find EndpointChannel over which to write DATA at offset 612 of Payload -9007404025457505713 to endpoint T8u1 [CONTEXT service_id=54 ]
04-22 11:29:21.258  2290 11055 E BluetoothMetrics: CheckinEvent exception: java.lang.NullPointerException: Attempt to invoke interface method 'java.lang.String java.lang.CharSequence.toString()' on a null object reference
04-22 11:29:21.258 22073  6656 E NearbyConnections: EndpointManager failed to find EndpointChannel over which to write DATA at offset 612 of Payload -9007404025457505713 to endpoint T8u1 [CONTEXT service_id=54 ]
04-22 11:29:21.260 22073  6656 I chatty  : uid=10156(com.google.android.gms) highpool[332] identical 7 lines
04-22 11:29:21.260 22073  6656 E NearbyConnections: EndpointManager failed to find EndpointChannel over which to write DATA at offset 612 of Payload -9007404025457505713 to endpoint T8u1 [CONTEXT service_id=54 ]
04-22 11:29:21.260  2290  2348 D BtGatt.GattService: onConnected() - clientIf=10, connId=266, address=5A:DC:E3:11:DB:30
04-22 11:29:21.261 22073  6656 E NearbyConnections: EndpointManager failed to find EndpointChannel over which to write DATA at offset 612 of Payload -9007404025457505713 to endpoint T8u1 [CONTEXT service_id=54 ]
04-22 11:29:21.261 22073  6656 E NearbyConnections: EndpointManager failed to find EndpointChannel over which to write DATA at offset 612 of Payload -9007404025457505713 to endpoint T8u1 [CONTEXT service_id=54 ]
04-22 11:29:21.261  2290  2348 D bt_btif_config: btif_get_address_type: Device [5a:dc:e3:11:db:30] address type 1
04-22 11:29:21.261 22073  6656 E NearbyConnections: EndpointManager failed to find EndpointChannel over which to write DATA at offset 612 of Payload -9007404025457505713 to endpoint T8u1 [CONTEXT service_id=54 ]
04-22 11:29:21.261  2290  2348 D bt_btif_config: btif_get_device_type: Device [5a:dc:e3:11:db:30] type 2
04-22 11:29:21.261 22073  6656 E NearbyConnections: EndpointManager failed to find EndpointChannel over which to write DATA at offset 612 of Payload -9007404025457505713 to endpoint T8u1 [CONTEXT service_id=54 ]
04-22 11:29:21.261  2290  2603 I bt_stack: [INFO:gatt_api.cc(1122)] GATT_Connect gatt_if=9, address=5a:dc:e3:11:db:30 is_direct 1
04-22 11:29:21.262 22073  6656 E NearbyConnections: EndpointManager failed to find EndpointChannel over which to write DATA at offset 612 of Payload -9007404025457505713 to endpoint T8u1 [CONTEXT service_id=54 ]
04-22 11:29:21.262 22073  6656 E NearbyConnections: EndpointManager failed to find EndpointChannel over which to write DATA at offset 612 of Payload -9007404025457505713 to endpoint T8u1 [CONTEXT service_id=54 ]
04-22 11:29:21.262 22073 22327 D BluetoothGatt: onClientConnectionState() - status=0 clientIf=10 device=5A:DC:E3:11:DB:30
