04-22 09:51:27.310  7386  7386 D MCLOG   : [MC_Service] onStartcommand()
04-22 09:51:27.321 17717 17771 I BistoWorker: bluetoothConnectionStateChanged. Action: android.bluetooth.device.action.ACL_DISCONNECTED
04-22 09:51:27.326 17717 17771 I DeviceDetector: Not bonded or not refresh cache.
04-22 09:51:27.326 17717 17771 I BistoWorker: Not a bisto device: CC:0D:F2:9B:B3:3E
04-22 09:51:27.598 23800 23800 I chatty  : uid=10216(com.google.location.nearby.apps.connectedcrossroad) expire 3 lines
04-22 09:51:28.041 17704 24252 I chatty  : uid=10157 com.google.android.gms.persistent expire 14 lines
04-22 09:51:28.750  2297 24265 I chatty  : uid=1002(bluetooth) com.android.bluetooth expire 2 lines
04-22 09:51:29.440 17704 31767 I chatty  : uid=10157 com.google.android.gms.persistent expire 64 lines
04-22 09:51:30.592     0     0 W swapper/0: type=1400 audit(0.0:2076): avc: denied { kill } for uid=0 capability=5 scontext=u:r:kernel:s0 tcontext=u:r:kernel:s0 tclass=capability permissive=0
04-22 09:51:32.458 17704 24196 I chatty  : uid=10157 com.google.android.gms.persistent expire 44 lines
04-22 09:51:32.912  5396  5396 I wpa_supplicant: TDLS: Failed to send message (action_code=14)
04-22 09:51:34.028   827  5413 E WifiHAL : Received LOG message with insufficent length: 24
04-22 09:51:34.029   827  5413 E WifiHAL : Received fatal event, sending alert
04-22 09:51:34.030  1746 28883 W WifiVendorHal: onDebugErrorAlert 4104
04-22 09:51:34.465 17704 24078 I chatty  : uid=10157 com.google.android.gms.persistent expire 17 lines
04-22 09:51:35.493 17704 24085 I chatty  : uid=10157 com.google.android.gms.persistent expire 12 lines
04-22 09:51:35.653 23800 23982 I chatty  : uid=10216(com.google.location.nearby.apps.connectedcrossroad) expire 285 lines
04-22 09:51:36.347  3355  3355 D BluetoothA2dp: Binding service...
04-22 09:51:36.371  3355  3355 I BistoRealService: onStartCommand: 0 1 Intent { act=com.google.android.apps.gsa.broadcastreceiver.SETTINGS_CHANGED cmp=com.google.android.googlequicksearchbox/com.google.android.apps.gsa.staticplugins.bisto.BistoRealService (has extras) }
04-22 09:51:36.375  3355  3355 I BistoRealService: Intent handled internally
04-22 09:51:36.376  3355  3355 D BluetoothA2dp: Proxy object connected
04-22 09:51:37.010  5396  5396 I wpa_supplicant: TDLS: Failed to send message (action_code=14)
04-22 09:51:37.420  2297  2578 I chatty  : uid=1002(bluetooth) BluetoothScanMa expire 20 lines
04-22 09:51:37.423  2297  3354 I chatty  : uid=1002(bluetooth) Binder:2297_5 expire 15 lines
04-22 09:51:37.427  2297  2352 I chatty  : uid=1002(bluetooth) BT Service Call expire 48 lines
04-22 09:51:37.434  2297  2606 I chatty  : uid=1002(bluetooth) btu message loo expire 35 lines
04-22 09:51:37.435 17704 17973 I chatty  : uid=10157(com.google.android.gms) Binder:17704_C expire 6 lines
04-22 09:51:38.236 17704 24197 I chatty  : uid=10157 com.google.android.gms.persistent expire 17 lines
04-22 09:51:39.188  5396  5396 I wpa_supplicant: TDLS: Failed to send message (action_code=14)
04-22 09:51:40.592     0     0 W swapper/2: type=1400 audit(0.0:2077): avc: denied { kill } for uid=0 capability=5 scontext=u:r:kernel:s0 tcontext=u:r:kernel:s0 tclass=capability permissive=0
04-22 09:51:40.632 17704 17724 I chatty  : uid=10157(com.google.android.gms) HeapTaskDaemon expire 5 lines
04-22 09:51:40.660 17704 17726 I chatty  : uid=10157(com.google.android.gms) FinalizerDaemon expire 5 lines
04-22 09:51:41.165  5396  5396 I wpa_supplicant: TDLS: Failed to send message (action_code=14)
04-22 09:51:42.451 17704 24257 I chatty  : uid=10157 com.google.android.gms.persistent expire 39 lines
04-22 09:51:42.462 17704 17890 I chatty  : uid=10157(com.google.android.gms) Binder:17704_5 expire 11 lines
04-22 09:51:42.481 17704 31767 I chatty  : uid=10157 com.google.android.gms.persistent expire 65 lines
04-22 09:51:44.150   827  5413 E WifiHAL : Received LOG message with insufficent length: 24
04-22 09:51:44.150   827  5413 E WifiHAL : Received fatal event, sending alert
04-22 09:51:44.152  1746 28883 W WifiVendorHal: onDebugErrorAlert 4104
04-22 09:51:44.441  1746  1760 I system_server: Background concurrent copying GC freed 96866(6430KB) AllocSpace objects, 24(19MB) LOS objects, 42% free, 21MB/37MB, paused 193us total 180.125ms
04-22 09:51:46.339 17704 24176 I chatty  : uid=10157 com.google.android.gms.persistent expire 2 lines
04-22 09:51:46.472  2315  2392 D CachedBluetoothDevice: Device name: IjNWb0Jbye0AAAAAAAAAATI
04-22 09:51:46.488 17704 24078 I chatty  : uid=10157 com.google.android.gms.persistent expire 32 lines
04-22 09:51:47.251 23800 23982 I chatty  : uid=10216(com.google.location.nearby.apps.connectedcrossroad) expire 55 lines
04-22 09:51:47.703  5396  5396 I wpa_supplicant: TDLS: Failed to send message (action_code=14)
04-22 09:51:48.177  2297  2352 I chatty  : uid=1002(bluetooth) BT Service Call expire 20 lines
04-22 09:51:50.592     0     0 W swapper/0: type=1400 audit(0.0:2078): avc: denied { kill } for uid=0 capability=5 scontext=u:r:kernel:s0 tcontext=u:r:kernel:s0 tclass=capability permissive=0
04-22 09:51:51.940  5396  5396 I wpa_supplicant: TDLS: Failed to send message (action_code=14)
04-22 09:51:53.186  2506  2506 D QtiCarrierConfigHelper: WARNING, no carrier configs on phone Id: 0
04-22 09:51:54.410   827  5413 E WifiHAL : Received LOG message with insufficent length: 24
04-22 09:51:54.410   827  5413 E WifiHAL : Received fatal event, sending alert
04-22 09:51:54.411  1746 28883 W WifiVendorHal: onDebugErrorAlert 4104
04-22 09:51:56.188  5396  5396 I wpa_supplicant: TDLS: Failed to send message (action_code=14)
04-22 09:51:56.388  3355  3355 I BistoRealService: requestDestroy
04-22 09:51:56.391  3355  3355 I BistoRealService: onDestroy
04-22 09:51:56.393  3355  3355 I BistoWiredManager: close
04-22 09:51:56.394  3355  3355 D BluetoothA2dp: Unbinding service...
04-22 09:51:56.398  3355  3355 I BistoClassicManager: close
04-22 09:51:56.629  2297 22154 I chatty  : uid=1002(bluetooth) Binder:2297_7 expire 10 lines
04-22 09:51:56.632  2297  2578 I chatty  : uid=1002(bluetooth) BluetoothScanMa expire 27 lines
04-22 09:51:56.650  2297  2606 I chatty  : uid=1002(bluetooth) btu message loo expire 39 lines
04-22 09:51:56.661  2297  2313 I chatty  : uid=1002(bluetooth) Binder:2297_1 expire 10 lines
04-22 09:51:58.232  5396  5396 I wpa_supplicant: TDLS: Failed to send message (action_code=14)
04-22 09:51:58.292 23800 23982 I chatty  : uid=10216(com.google.location.nearby.apps.connectedcrossroad) expire 97 lines
04-22 09:51:58.526 17704 24303 I chatty  : uid=10157 com.google.android.gms.persistent expire 37 lines
04-22 09:51:58.530 17704 24304 I chatty  : uid=10157 com.google.android.gms.persistent expire 68 lines
04-22 09:52:00.022  2315  2315 W View    : requestLayout() improperly called by com.android.systemui.statusbar.HeadsUpStatusBarView{aa901f7 I.E...... ......ID 0,0-248,56 #7f0a01f7 app:id/heads_up_status_bar_view} during layout: running second layout pass
04-22 09:52:00.598     0     0 W swapper/1: type=1400 audit(0.0:2079): avc: denied { kill } for uid=0 capability=5 scontext=u:r:kernel:s0 tcontext=u:r:kernel:s0 tclass=capability permissive=0
04-22 09:52:00.941  5396  5396 I wpa_supplicant: TDLS: Failed to send message (action_code=14)
04-22 09:52:01.669 17704 24078 I chatty  : uid=10157 com.google.android.gms.persistent expire 47 lines
04-22 09:52:01.676  2297  2352 I chatty  : uid=1002(bluetooth) BT Service Call expire 81 lines
04-22 09:52:02.503  5396  5396 I wpa_supplicant: TDLS: Failed to send message (action_code=14)
04-22 09:52:02.970 17717 17717 W TaskServiceHelper: Not enough time has passed between starts of two 28 periodic tasks.
04-22 09:52:03.114  1746  3666 W AppOps  : Noting op not finished: uid 10157 pkg com.google.android.gms code 79 time=1619099462913 duration=0
04-22 09:52:03.125  1746  3666 W AppOps  : Noting op not finished: uid 10157 pkg com.google.android.gms code 79 time=1619099523114 duration=0
04-22 09:52:04.555 17704 24257 I chatty  : uid=10157 com.google.android.gms.persistent expire 78 lines
04-22 09:52:04.627  5396  5396 I wpa_supplicant: TDLS: Failed to send message (action_code=14)
04-22 09:52:06.556 17704 31767 I chatty  : uid=10157 com.google.android.gms.persistent expire 1 line
04-22 09:52:06.966  5396  5396 I wpa_supplicant: TDLS: Failed to send message (action_code=14)
04-22 09:52:07.240   827  5413 E WifiHAL : Received LOG message with insufficent length: 24
04-22 09:52:07.240   827  5413 E WifiHAL : Received fatal event, sending alert
04-22 09:52:07.241  1746 28883 W WifiVendorHal: onDebugErrorAlert 4104
04-22 09:52:07.789  1746 10308 W ProcessStats: Tracking association SourceState{55492c5 com.google.android.gms.persistent/10157 ImpFg #73876} whose proc state 2 is better than process ProcessState{6967adf com.google.android.gms/10157 pkg=com.google.android.gms} proc state 3 (3 skipped)
04-22 09:52:08.139  2297  2313 I chatty  : uid=1002(bluetooth) Binder:2297_1 expire 11 lines
04-22 09:52:08.143  2297  2578 I chatty  : uid=1002(bluetooth) BluetoothScanMa expire 13 lines
04-22 09:52:08.147  2297 22154 I chatty  : uid=1002(bluetooth) Binder:2297_7 expire 10 lines
04-22 09:52:08.148  2297  2606 I chatty  : uid=1002(bluetooth) btu message loo expire 23 lines
04-22 09:52:10.598     0     0 W swapper/0: type=1400 audit(0.0:2080): avc: denied { kill } for uid=0 capability=5 scontext=u:r:kernel:s0 tcontext=u:r:kernel:s0 tclass=capability permissive=0
04-22 09:52:11.549 23800 23982 I chatty  : uid=10216(com.google.location.nearby.apps.connectedcrossroad) expire 75 lines
04-22 09:52:13.219  5396  5396 I wpa_supplicant: TDLS: Failed to send message (action_code=14)
04-22 09:52:17.037 17704 24304 I chatty  : uid=10157 com.google.android.gms.persistent expire 69 lines
04-22 09:52:17.554 17704 24078 I chatty  : uid=10157 com.google.android.gms.persistent expire 96 lines
04-22 09:52:17.715  1746  2064 D BatteryService: uevent={POWER_SUPPLY_DP_DM=0, POWER_SUPPLY_VOLTAGE_NOW=4005240, POWER_SUPPLY_SW_JEITA_ENABLED=0, POWER_SUPPLY_CHARGE_CONTROL_LIMIT_MAX=8, POWER_SUPPLY_RECHARGE_SOC=99, POWER_SUPPLY_HEALTH=Good, POWER_SUPPLY_TECHNOLOGY=Li-ion, POWER_SUPPLY_FCC_STEPPER_ENABLE=0, SEQNUM=611919, POWER_SUPPLY_INPUT_CURRENT_LIMITED=0, POWER_SUPPLY_CHARGE_CONTROL_LIMIT=0, POWER_SUPPLY_BATTERY_CHARGING_ENABLED=1, POWER_SUPPLY_STATUS=Discharging, POWER_SUPPLY_CYCLE_COUNT=1, POWER_SUPPLY_CURRENT_MAX=2000000, POWER_SUPPLY_CHARGE_TERM_CURRENT=-101, POWER_SUPPLY_CAPACITY=72, DEVPATH=/devices/platform/soc/200f000.qcom,spmi/spmi-0/spmi0-02/200f000.qcom,spmi:qcom,pmi632@2:qcom,qpnp-smb5/power_supply/battery, POWER_SUPPLY_CHARGE_DONE=0, POWER_SUPPLY_CHARGE_TYPE=N/A, POWER_SUPPLY_CHARGE_RATE=None, POWER_SUPPLY_CURRENT_NOW=-229492, POWER_SUPPLY_SYSTEM_TEMP_LEVEL=0, POWER_SUPPLY_PRESENT=1, POWER_SUPPLY_PARALLEL_DISABLE=0, POWER_SUPPLY_CHARGE_FULL=3615000, SUBSYSTEM=power_supply, POWER_SUPPLY_SET_SHIP_MODE=0, POWER_SUPPLY_TEMP=217, ACTION=change, POWER_SUPPLY_RERUN_AICL=0, POWER_SUPPLY_AGE=100, POWER_SUPPLY_NAME=battery, POWER_SUPPLY_VOLTAGE_MAX=-22, POWER_SUPPLY_CONSTANT_CHARGE_CURRENT_MAX=2000000, POWER_SUPPLY_CHARGE_COUNTER=2566650, POWER_SUPPLY_STEP_CHARGING_ENABLED=0, POWER_SUPPLY_NUM_SYSTEM_TEMP_LEVELS=8, POWER_SUPPLY_DIE_HEALTH=Hot, POWER_SUPPLY_INPUT_SUSPEND=0}
04-22 09:52:20.424   827  5413 E WifiHAL : Received LOG message with insufficent length: 24
04-22 09:52:20.424   827  5413 E WifiHAL : Received fatal event, sending alert
04-22 09:52:20.425  1746 28883 W WifiVendorHal: onDebugErrorAlert 4104
04-22 09:52:21.846  5396  5396 I wpa_supplicant: TDLS: Failed to send message (action_code=14)
04-22 09:52:21.858 23800 23982 I chatty  : uid=10216(com.google.location.nearby.apps.connectedcrossroad) expire 120 lines
04-22 09:52:26.463  2297  2606 I chatty  : uid=1002(bluetooth) btu message loo expire 26 lines
04-22 09:52:30.639 17704 24257 I chatty  : uid=10157 com.google.android.gms.persistent expire 29 lines
04-22 09:52:30.730   827  5413 E WifiHAL : Received LOG message with insufficent length: 24
04-22 09:52:30.730   827  5413 E WifiHAL : Received fatal event, sending alert
04-22 09:52:30.731  1746  2395 W WifiVendorHal: onDebugErrorAlert 4104
04-22 09:52:31.017  1746  1760 I system_server: Background concurrent copying GC freed 69972(5182KB) AllocSpace objects, 16(15MB) LOS objects, 42% free, 20MB/35MB, paused 136us total 170.622ms
04-22 09:52:34.991 17704 24085 I chatty  : uid=10157 com.google.android.gms.persistent expire 12 lines
04-22 09:52:35.136  2297  2352 I chatty  : uid=1002(bluetooth) BT Service Call expire 75 lines
04-22 09:52:36.508 17704 24033 I chatty  : uid=10157 com.google.android.gms.persistent expire 12 lines
04-22 09:52:36.649  5396  5396 I wpa_supplicant: TDLS: Failed to send message (action_code=14)
04-22 09:52:36.991  2297  2578 I chatty  : uid=1002(bluetooth) BluetoothScanMa expire 27 lines
04-22 09:52:37.535 23800 23982 I chatty  : uid=10216(com.google.location.nearby.apps.connectedcrossroad) expire 75 lines
04-22 09:52:37.805 17704 24331 I chatty  : uid=10157 com.google.android.gms.persistent expire 23 lines
04-22 09:52:38.664 17704 24332 I chatty  : uid=10157 com.google.android.gms.persistent expire 28 lines
04-22 09:52:38.759  5396  5396 I wpa_supplicant: TDLS: Failed to send message (action_code=14)
04-22 09:52:38.889 17704 24252 I chatty  : uid=10157 com.google.android.gms.persistent expire 11 lines
04-22 09:52:39.617  2297  2606 I chatty  : uid=1002(bluetooth) btu message loo expire 43 lines
04-22 09:52:39.618 17704 17736 I chatty  : uid=10157(com.google.android.gms) Binder:17704_2 expire 10 lines
04-22 09:52:39.620  2297  3435 I chatty  : uid=1002(bluetooth) Binder:2297_6 expire 14 lines
04-22 09:52:39.629  2315  2392 W BluetoothEventManager: AclStateChangedHandler: activeDevice is null
04-22 09:52:39.645  7386  7386 D MCLOG   : [MC_Service] onStartcommand()
04-22 09:52:39.660 17717 17771 I BistoWorker: bluetoothConnectionStateChanged. Action: android.bluetooth.device.action.ACL_DISCONNECTED
04-22 09:52:39.665 17717 17771 I DeviceDetector: Not bonded or not refresh cache.
04-22 09:52:39.666 17717 17771 I BistoWorker: Not a bisto device: 4C:69:0E:D7:CA:C4
04-22 09:52:39.739 17704 24078 I chatty  : uid=10157 com.google.android.gms.persistent expire 36 lines
04-22 09:52:40.598   468   468 W ueventd : type=1400 audit(0.0:2081): avc: denied { kill } for uid=0 capability=5 scontext=u:r:ueventd:s0 tcontext=u:r:ueventd:s0 tclass=capability permissive=0
04-22 09:52:40.853   827  5413 E WifiHAL : Received LOG message with insufficent length: 24
04-22 09:52:40.854   827  5413 E WifiHAL : Received fatal event, sending alert
04-22 09:52:40.855  1746 28883 W WifiVendorHal: onDebugErrorAlert 4104
04-22 09:52:41.992   827  5413 E WifiHAL : Received LOG message with insufficent length: 24
04-22 09:52:41.992   827  5413 E WifiHAL : Received fatal event, sending alert
04-22 09:52:41.993  1746 28883 W WifiVendorHal: onDebugErrorAlert 4105
04-22 09:52:42.018 17704 24257 I chatty  : uid=10157 com.google.android.gms.persistent expire 74 lines
04-22 09:52:42.022 17704 24304 I chatty  : uid=10157 com.google.android.gms.persistent expire 65 lines
04-22 09:52:42.968   827  5413 E WifiHAL : Received LOG message with insufficent length: 24
04-22 09:52:42.968   827  5413 E WifiHAL : Received fatal event, sending alert
04-22 09:52:42.970  1746  1785 W WifiVendorHal: onDebugErrorAlert 4104
04-22 09:52:43.149  5396  5396 I wpa_supplicant: TDLS: Failed to send message (action_code=14)
04-22 09:52:44.320   724  2357 I netd    : trafficSwapActiveStatsMap() <8.14ms>
04-22 09:52:44.329   724  2357 I netd    : tetherGetStats() <4.90ms>
04-22 09:52:44.356   724  2357 I netd    : bandwidthSetGlobalAlert(2097152) <0.56ms>
04-22 09:52:45.279  5396  5396 I wpa_supplicant: TDLS: Failed to send message (action_code=14)
04-22 09:52:45.675   806  1081 W qti_sensors_hal: processReportInd: lux: 50, ch0: 186, ch1: 395
04-22 09:52:48.690  3355  3355 D BluetoothA2dp: Binding service...
04-22 09:52:48.712  3355  3355 I BistoRealService: onStartCommand: 0 1 Intent { act=com.google.android.apps.gsa.broadcastreceiver.SETTINGS_CHANGED cmp=com.google.android.googlequicksearchbox/com.google.android.apps.gsa.staticplugins.bisto.BistoRealService (has extras) }
04-22 09:52:48.716  3355  3355 I BistoRealService: Intent handled internally
04-22 09:52:48.716  3355  3355 D BluetoothA2dp: Proxy object connected
04-22 09:52:50.605     0     0 W swapper/0: type=1400 audit(0.0:2082): avc: denied { kill } for uid=0 capability=5 scontext=u:r:kernel:s0 tcontext=u:r:kernel:s0 tclass=capability permissive=0
04-22 09:52:50.945 23800 23982 I chatty  : uid=10216(com.google.location.nearby.apps.connectedcrossroad) expire 90 lines
04-22 09:52:51.102  2297  2352 I chatty  : uid=1002(bluetooth) BT Service Call expire 66 lines
04-22 09:52:51.103 17704 17890 I chatty  : uid=10157(com.google.android.gms) Binder:17704_5 expire 10 lines
04-22 09:52:51.175  2297  2606 I chatty  : uid=1002(bluetooth) btu message loo expire 72 lines
04-22 09:52:51.410 17704 24332 I chatty  : uid=10157 com.google.android.gms.persistent expire 57 lines
04-22 09:52:51.417  2297 22154 I chatty  : uid=1002(bluetooth) Binder:2297_7 expire 10 lines
04-22 09:52:51.418  2297  2578 I chatty  : uid=1002(bluetooth) BluetoothScanMa expire 20 lines
04-22 09:52:51.621  5396  5396 I wpa_supplicant: TDLS: Failed to send message (action_code=14)
04-22 09:52:51.862 17704 17944 I chatty  : uid=10157(com.google.android.gms) Binder:17704_8 expire 17 lines
04-22 09:52:51.862 17704 17967 I chatty  : uid=10157(com.google.android.gms) Binder:17704_A expire 8 lines
04-22 09:52:53.766   827  5413 E WifiHAL : Received LOG message with insufficent length: 24
04-22 09:52:53.766   827  5413 E WifiHAL : Received fatal event, sending alert
04-22 09:52:53.767  1746  1785 W WifiVendorHal: onDebugErrorAlert 4104
04-22 09:52:54.054  1746  1760 I system_server: Background concurrent copying GC freed 63325(5038KB) AllocSpace objects, 15(14MB) LOS objects, 42% free, 20MB/35MB, paused 136us total 171.672ms
04-22 09:52:55.994  5396  5396 I wpa_supplicant: TDLS: Failed to send message (action_code=14)
04-22 09:52:58.998 17704 24078 I chatty  : uid=10157 com.google.android.gms.persistent expire 46 lines
04-22 09:53:00.022  2315  2315 W View    : requestLayout() improperly called by com.android.systemui.statusbar.HeadsUpStatusBarView{aa901f7 I.E...... ......ID 0,0-248,56 #7f0a01f7 app:id/heads_up_status_bar_view} during layout: running second layout pass
04-22 09:53:00.608     0     0 W swapper/1: type=1400 audit(0.0:2083): avc: denied { kill } for uid=0 capability=5 scontext=u:r:kernel:s0 tcontext=u:r:kernel:s0 tclass=capability permissive=0
04-22 09:53:00.758 17704 24331 I chatty  : uid=10157 com.google.android.gms.persistent expire 1 line
04-22 09:53:01.170   827  5413 E WifiHAL : Received LOG message with insufficent length: 24
04-22 09:53:01.171   827  5413 E WifiHAL : Received fatal event, sending alert
04-22 09:53:01.172  1746 28883 W WifiVendorHal: onDebugErrorAlert 4105
04-22 09:53:01.173  5396  5396 I wpa_supplicant: TDLS: Failed to send message (action_code=14)
04-22 09:53:01.294 23800 23982 I chatty  : uid=10216(com.google.location.nearby.apps.connectedcrossroad) expire 100 lines
04-22 09:53:01.417   827  5413 E WifiHAL : Received LOG message with insufficent length: 24
04-22 09:53:01.417   827  5413 E WifiHAL : Received fatal event, sending alert
04-22 09:53:01.418  1746  1785 W WifiVendorHal: onDebugErrorAlert 4104
04-22 09:53:02.140 17704 24257 I chatty  : uid=10157 com.google.android.gms.persistent expire 125 lines
04-22 09:53:02.144 17704 24304 I chatty  : uid=10157 com.google.android.gms.persistent expire 57 lines
04-22 09:53:02.147  2297  3354 I chatty  : uid=1002(bluetooth) Binder:2297_5 expire 12 lines
04-22 09:53:02.150  2297  2606 I chatty  : uid=1002(bluetooth) btu message loo expire 42 lines
04-22 09:53:02.151  2297  3435 I chatty  : uid=1002(bluetooth) Binder:2297_6 expire 14 lines
04-22 09:53:02.151  2297  2352 I chatty  : uid=1002(bluetooth) BT Service Call expire 46 lines
04-22 09:53:02.157  2297  2578 I chatty  : uid=1002(bluetooth) BluetoothScanMa expire 13 lines
04-22 09:53:02.226  5396  5396 I wpa_supplicant: TDLS: Failed to send message (action_code=14)
04-22 09:53:02.738 17704 24367 I chatty  : uid=10157 com.google.android.gms.persistent expire 2 lines
04-22 09:53:03.369  1746  7304 D WificondControl: Scan result ready event
04-22 09:53:03.394  1746  7304 W AppOps  : Noting op not finished: uid 10157 pkg com.google.android.gms code 79 time=1619099523125 duration=0
04-22 09:53:03.399  1746  4978 W AppOps  : Noting op not finished: uid 10157 pkg com.google.android.gms code 79 time=1619099583394 duration=0
04-22 09:53:05.217  2297 24369 I chatty  : uid=1002(bluetooth) com.android.bluetooth expire 2 lines
04-22 09:53:06.499  2297 24370 I chatty  : uid=1002(bluetooth) com.android.bluetooth expire 2 lines
04-22 09:53:06.624  5396  5396 I wpa_supplicant: TDLS: Failed to send message (action_code=14)
04-22 09:53:07.786  1746  4978 W ProcessStats: Tracking association SourceState{55492c5 com.google.android.gms.persistent/10157 ImpFg #73906} whose proc state 2 is better than process ProcessState{6967adf com.google.android.gms/10157 pkg=com.google.android.gms} proc state 3 (1 skipped)
04-22 09:53:08.733  3355  3355 I BistoRealService: requestDestroy
04-22 09:53:08.734  5396  5396 I wpa_supplicant: TDLS: Failed to send message (action_code=14)
04-22 09:53:08.740  3355  3355 I BistoRealService: onDestroy
04-22 09:53:08.744  3355  3355 I BistoWiredManager: close
04-22 09:53:08.747  3355  3355 D BluetoothA2dp: Unbinding service...
04-22 09:53:08.752  3355  3355 I BistoClassicManager: close
04-22 09:53:10.612     0     0 W swapper/0: type=1400 audit(0.0:2084): avc: denied { kill } for uid=0 capability=5 scontext=u:r:kernel:s0 tcontext=u:r:kernel:s0 tclass=capability permissive=0
04-22 09:53:10.784 17704 24078 I chatty  : uid=10157 com.google.android.gms.persistent expire 80 lines
04-22 09:53:11.006  5396  5396 I wpa_supplicant: TDLS: Failed to send message (action_code=14)
04-22 09:53:12.039   827  5413 E WifiHAL : Received LOG message with insufficent length: 24
04-22 09:53:12.039   827  5413 E WifiHAL : Received fatal event, sending alert
04-22 09:53:12.040  1746 28883 W WifiVendorHal: onDebugErrorAlert 4104
04-22 09:53:12.229 23800 23982 I chatty  : uid=10216(com.google.location.nearby.apps.connectedcrossroad) expire 80 lines
04-22 09:53:17.226  5396  5396 I wpa_supplicant: TDLS: Failed to send message (action_code=14)
04-22 09:53:17.284  2297  2606 I chatty  : uid=1002(bluetooth) btu message loo expire 13 lines
04-22 09:53:17.284  2297  2352 I chatty  : uid=1002(bluetooth) BT Service Call expire 16 lines
04-22 09:53:18.459  1746  9754 W ProcessStats: Tracking association SourceState{55492c5 com.google.android.gms.persistent/10157 ImpFg #73910} whose proc state 2 is better than process ProcessState{6967adf com.google.android.gms/10157 pkg=com.google.android.gms} proc state 3 (3 skipped)
04-22 09:53:18.804 17704 24304 I chatty  : uid=10157 com.google.android.gms.persistent expire 34 lines
04-22 09:53:19.153  1746  2064 D BatteryService: uevent={POWER_SUPPLY_DP_DM=0, POWER_SUPPLY_VOLTAGE_NOW=4004072, POWER_SUPPLY_SW_JEITA_ENABLED=0, POWER_SUPPLY_CHARGE_CONTROL_LIMIT_MAX=8, POWER_SUPPLY_RECHARGE_SOC=99, POWER_SUPPLY_HEALTH=Good, POWER_SUPPLY_TECHNOLOGY=Li-ion, POWER_SUPPLY_FCC_STEPPER_ENABLE=0, SEQNUM=612043, POWER_SUPPLY_INPUT_CURRENT_LIMITED=0, POWER_SUPPLY_CHARGE_CONTROL_LIMIT=0, POWER_SUPPLY_BATTERY_CHARGING_ENABLED=1, POWER_SUPPLY_STATUS=Discharging, POWER_SUPPLY_CYCLE_COUNT=1, POWER_SUPPLY_CURRENT_MAX=2000000, POWER_SUPPLY_CHARGE_TERM_CURRENT=-101, POWER_SUPPLY_CAPACITY=72, DEVPATH=/devices/platform/soc/200f000.qcom,spmi/spmi-0/spmi0-02/200f000.qcom,spmi:qcom,pmi632@2:qcom,qpnp-smb5/power_supply/battery, POWER_SUPPLY_CHARGE_DONE=0, POWER_SUPPLY_CHARGE_TYPE=N/A, POWER_SUPPLY_CHARGE_RATE=None, POWER_SUPPLY_CURRENT_NOW=-216674, POWER_SUPPLY_SYSTEM_TEMP_LEVEL=0, POWER_SUPPLY_PRESENT=1, POWER_SUPPLY_PARALLEL_DISABLE=0, POWER_SUPPLY_CHARGE_FULL=3615000, SUBSYSTEM=power_supply, POWER_SUPPLY_SET_SHIP_MODE=0, POWER_SUPPLY_TEMP=218, ACTION=change, POWER_SUPPLY_RERUN_AICL=0, POWER_SUPPLY_AGE=100, POWER_SUPPLY_NAME=battery, POWER_SUPPLY_VOLTAGE_MAX=-22, POWER_SUPPLY_CONSTANT_CHARGE_CURRENT_MAX=2000000, POWER_SUPPLY_CHARGE_COUNTER=2566650, POWER_SUPPLY_STEP_CHARGING_ENABLED=0, POWER_SUPPLY_NUM_SYSTEM_TEMP_LEVELS=8, POWER_SUPPLY_DIE_HEALTH=Hot, POWER_SUPPLY_INPUT_SUSPEND=0}
04-22 09:53:19.174  2506  2506 D QtiCarrierConfigHelper: WARNING, no carrier configs on phone Id: 0
04-22 09:53:20.615     0     0 W swapper/1: type=1400 audit(0.0:2085): avc: denied { kill } for uid=0 capability=5 scontext=u:r:kernel:s0 tcontext=u:r:kernel:s0 tclass=capability permissive=0
04-22 09:53:23.563  3191 24376 I chatty  : uid=10157 com.google.android.gms.unstable expire 2 lines
04-22 09:53:23.568  5396  5396 I wpa_supplicant: TDLS: Failed to send message (action_code=14)
04-22 09:53:23.609   827  5413 E WifiHAL : Received LOG message with insufficent length: 24
04-22 09:53:23.609   827  5413 E WifiHAL : Received fatal event, sending alert
04-22 09:53:23.610  1746 28883 W WifiVendorHal: onDebugErrorAlert 4104
04-22 09:53:23.925  1746  1760 I system_server: Background concurrent copying GC freed 71254(5276KB) AllocSpace objects, 15(14MB) LOS objects, 42% free, 20MB/35MB, paused 145us total 171.988ms
04-22 09:53:24.373 23800 23982 I chatty  : uid=10216(com.google.location.nearby.apps.connectedcrossroad) expire 20 lines
04-22 09:53:25.858  5396  5396 I wpa_supplicant: TDLS: Failed to send message (action_code=14)
04-22 09:53:26.154 23800 23982 D connectedcrossroad: Data collect: HELO
04-22 09:53:26.155 23800 23982 V data    : Payload RX: 0
04-22 09:53:26.155 23800 23982 V data    : Payload TX: 0
04-22 09:53:26.155 23800 23982 V data    : Total RX: 148806
04-22 09:53:26.155 23800 23982 V data    : Total TX: 149388
04-22 09:53:26.455 23800 23982 D connectedcrossroad: Data collect: HELO
04-22 09:53:26.456 23800 23982 V data    : Payload RX: 0
04-22 09:53:26.456 23800 23982 V data    : Payload TX: 0
04-22 09:53:26.456 23800 23982 V data    : Total RX: 149418
04-22 09:53:26.456 23800 23982 V data    : Total TX: 149388
04-22 09:53:27.669 23800 23982 D connectedcrossroad: Data collect: HELO
04-22 09:53:27.669 23800 23982 V data    : Payload RX: 0
04-22 09:53:27.669 23800 23982 V data    : Payload TX: 0
04-22 09:53:27.669 23800 23982 V data    : Total RX: 150030
04-22 09:53:27.669 23800 23982 V data    : Total TX: 151224
04-22 09:53:28.424 23800 23982 D connectedcrossroad: Data collect: HELO
04-22 09:53:28.424 23800 23982 V data    : Payload RX: 0
04-22 09:53:28.424 23800 23982 V data    : Payload TX: 0
04-22 09:53:28.424 23800 23982 V data    : Total RX: 150642
04-22 09:53:28.424 23800 23982 V data    : Total TX: 151224
04-22 09:53:28.957  2297  2578 I chatty  : uid=1002(bluetooth) BluetoothScanMa expire 20 lines
04-22 09:53:28.965  2297  2352 I chatty  : uid=1002(bluetooth) BT Service Call expire 45 lines
04-22 09:53:28.969  2297  2606 I chatty  : uid=1002(bluetooth) btu message loo expire 34 lines
04-22 09:53:28.970 17704 17944 I chatty  : uid=10157(com.google.android.gms) Binder:17704_8 expire 9 lines
04-22 09:53:29.627 23800 23982 D connectedcrossroad: Data collect: HELO
04-22 09:53:29.627 23800 23982 V data    : Payload RX: 0
04-22 09:53:29.627 23800 23982 V data    : Payload TX: 0
04-22 09:53:29.627 23800 23982 V data    : Total RX: 151254
04-22 09:53:29.628 23800 23982 V data    : Total TX: 153060
04-22 09:53:29.630 23800 23982 D connectedcrossroad: Data collect: HELO
04-22 09:53:29.630 23800 23982 V data    : Payload RX: 0
04-22 09:53:29.630 23800 23982 V data    : Payload TX: 0
04-22 09:53:29.630 23800 23982 V data    : Total RX: 151866
04-22 09:53:29.630 23800 23982 V data    : Total TX: 153060
04-22 09:53:30.615     0     0 W swapper/0: type=1400 audit(0.0:2086): avc: denied { kill } for uid=0 capability=5 scontext=u:r:kernel:s0 tcontext=u:r:kernel:s0 tclass=capability permissive=0
04-22 09:53:30.838 17704 24257 I chatty  : uid=10157 com.google.android.gms.persistent expire 13 lines
04-22 09:53:30.843 17704 24382 I chatty  : uid=10157 com.google.android.gms.persistent expire 39 lines
04-22 09:53:30.849 17704 24379 I chatty  : uid=10157 com.google.android.gms.persistent expire 17 lines
04-22 09:53:30.866  5396  5396 I wpa_supplicant: TDLS: Failed to send message (action_code=14)
04-22 09:53:30.875 23800 23982 D connectedcrossroad: Data collect: HELO
04-22 09:53:30.875 23800 23982 V data    : Payload RX: 0
04-22 09:53:30.875 23800 23982 V data    : Payload TX: 0
04-22 09:53:30.875 23800 23982 V data    : Total RX: 152478
04-22 09:53:30.875 23800 23982 V data    : Total TX: 154896
04-22 09:53:31.113 23800 23982 D connectedcrossroad: Data collect: HELO
04-22 09:53:31.113 23800 23982 V data    : Payload RX: 0
04-22 09:53:31.113 23800 23982 V data    : Payload TX: 0
04-22 09:53:31.113 23800 23982 V data    : Total RX: 153090
04-22 09:53:31.114 23800 23982 V data    : Total TX: 154896
04-22 09:53:31.470 23800 23982 D connectedcrossroad: Data collect: HELO
04-22 09:53:31.470 23800 23982 V data    : Payload RX: 0
04-22 09:53:31.470 23800 23982 V data    : Payload TX: 0
04-22 09:53:31.470 23800 23982 V data    : Total RX: 153702
04-22 09:53:31.470 23800 23982 V data    : Total TX: 154896
04-22 09:53:32.103  5396  5396 I wpa_supplicant: TDLS: Failed to send message (action_code=14)
04-22 09:53:32.241 23800 23982 D connectedcrossroad: Data collect: HELO
04-22 09:53:32.241 23800 23982 V data    : Payload RX: 0
04-22 09:53:32.241 23800 23982 V data    : Payload TX: 0
04-22 09:53:32.241 23800 23982 V data    : Total RX: 154314
04-22 09:53:32.242 23800 23982 V data    : Total TX: 154896
04-22 09:53:32.386 23800 23982 D connectedcrossroad: Data collect: HELO
04-22 09:53:32.387 23800 23982 V data    : Payload RX: 0
04-22 09:53:32.387 23800 23982 V data    : Payload TX: 0
04-22 09:53:32.387 23800 23982 V data    : Total RX: 154926
04-22 09:53:32.387 23800 23982 V data    : Total TX: 154896
04-22 09:53:33.985 17704 24304 I chatty  : uid=10157 com.google.android.gms.persistent expire 59 lines
04-22 09:53:33.988 17704 24078 I chatty  : uid=10157 com.google.android.gms.persistent expire 97 lines
04-22 09:53:33.993 17704 17745 I chatty  : uid=10157(com.google.android.gms) Binder:17704_4 expire 7 lines
04-22 09:53:34.071 17704 24252 I chatty  : uid=10157 com.google.android.gms.persistent expire 12 lines
04-22 09:53:34.077 23800 23982 D connectedcrossroad: Data collect: HELO
04-22 09:53:34.077 23800 23982 V data    : Payload RX: 0
04-22 09:53:34.077 23800 23982 V data    : Payload TX: 0
04-22 09:53:34.077 23800 23982 V data    : Total RX: 155538
04-22 09:53:34.077 23800 23982 V data    : Total TX: 156732
04-22 09:53:34.082 23800 23982 D connectedcrossroad: Data collect: HELO
04-22 09:53:34.083 23800 23982 V data    : Payload RX: 0
04-22 09:53:34.083 23800 23982 V data    : Payload TX: 0
04-22 09:53:34.083 23800 23982 V data    : Total RX: 156150
04-22 09:53:34.083 23800 23982 V data    : Total TX: 156732
04-22 09:53:34.232 23800 23982 D connectedcrossroad: Data collect: HELO
04-22 09:53:34.233 23800 23982 V data    : Payload RX: 0
04-22 09:53:34.233 23800 23982 V data    : Payload TX: 0
04-22 09:53:34.233 23800 23982 V data    : Total RX: 156762
04-22 09:53:34.233 23800 23982 V data    : Total TX: 156732
04-22 09:53:34.521  5396  5396 I wpa_supplicant: TDLS: Failed to send message (action_code=14)
04-22 09:53:34.685 17704 24085 I chatty  : uid=10157 com.google.android.gms.persistent expire 11 lines
04-22 09:53:34.973 23800 23982 D connectedcrossroad: Data collect: HELO
04-22 09:53:34.974 23800 23982 V data    : Payload RX: 0
04-22 09:53:34.974 23800 23982 V data    : Payload TX: 0
04-22 09:53:34.974 23800 23982 V data    : Total RX: 157374
04-22 09:53:34.974 23800 23982 V data    : Total TX: 158568
04-22 09:53:36.196 23800 23982 D connectedcrossroad: Data collect: HELO
04-22 09:53:36.196 23800 23982 V data    : Payload RX: 0
04-22 09:53:36.197 23800 23982 V data    : Payload TX: 0
04-22 09:53:36.197 23800 23982 V data    : Total RX: 157986
04-22 09:53:36.197 23800 23982 V data    : Total TX: 158568
04-22 09:53:36.346 23800 23982 D connectedcrossroad: Data collect: HELO
04-22 09:53:36.346 23800 23982 V data    : Payload RX: 0
04-22 09:53:36.346 23800 23982 V data    : Payload TX: 0
04-22 09:53:36.346 23800 23982 V data    : Total RX: 158598
04-22 09:53:36.346 23800 23982 V data    : Total TX: 158568
04-22 09:53:36.347  5396  5396 I wpa_supplicant: TDLS: Failed to send message (action_code=14)
04-22 09:53:36.349 17704 24033 I chatty  : uid=10157 com.google.android.gms.persistent expire 11 lines
04-22 09:53:37.258 23800 23982 D connectedcrossroad: Data collect: HELO
04-22 09:53:37.258 23800 23982 V data    : Payload RX: 0
04-22 09:53:37.258 23800 23982 V data    : Payload TX: 0
04-22 09:53:37.258 23800 23982 V data    : Total RX: 159210
04-22 09:53:37.259 23800 23982 V data    : Total TX: 160404
04-22 09:53:37.565 23800 23982 D connectedcrossroad: Data collect: HELO
04-22 09:53:37.566 23800 23982 V data    : Payload RX: 0
04-22 09:53:37.566 23800 23982 V data    : Payload TX: 0
04-22 09:53:37.566 23800 23982 V data    : Total RX: 159822
04-22 09:53:37.566 23800 23982 V data    : Total TX: 160404
04-22 09:53:38.157 23800 23982 D connectedcrossroad: Data collect: HELO
04-22 09:53:38.157 23800 23982 V data    : Payload RX: 0
04-22 09:53:38.157 23800 23982 V data    : Payload TX: 0
04-22 09:53:38.158 23800 23982 V data    : Total RX: 160434
04-22 09:53:38.158 23800 23982 V data    : Total TX: 160404
04-22 09:53:38.912  5396  5396 I wpa_supplicant: TDLS: Failed to send message (action_code=14)
04-22 09:53:38.966   806  1081 W qti_sensors_hal: processReportInd: lux: 67, ch0: 230, ch1: 395
04-22 09:53:39.372 23800 23982 D connectedcrossroad: Data collect: HELO
04-22 09:53:39.372 23800 23982 V data    : Payload RX: 0
04-22 09:53:39.372 23800 23982 V data    : Payload TX: 0
04-22 09:53:39.372 23800 23982 V data    : Total RX: 161046
04-22 09:53:39.372 23800 23982 V data    : Total TX: 162240
04-22 09:53:39.416   827  5413 E WifiHAL : Received LOG message with insufficent length: 24
04-22 09:53:39.417   827  5413 E WifiHAL : Received fatal event, sending alert
04-22 09:53:39.417  1746 28883 W WifiVendorHal: onDebugErrorAlert 4104
04-22 09:53:40.435 23800 23982 D connectedcrossroad: Data collect: HELO
04-22 09:53:40.435 23800 23982 V data    : Payload RX: 0
04-22 09:53:40.435 23800 23982 V data    : Payload TX: 0
04-22 09:53:40.436 23800 23982 V data    : Total RX: 161658
04-22 09:53:40.436 23800 23982 V data    : Total TX: 162240
04-22 09:53:40.583 23800 23982 D connectedcrossroad: Data collect: HELO
04-22 09:53:40.583 23800 23982 V data    : Payload RX: 0
04-22 09:53:40.583 23800 23982 V data    : Payload TX: 0
04-22 09:53:40.583 23800 23982 V data    : Total RX: 162270
04-22 09:53:40.583 23800 23982 V data    : Total TX: 162240
04-22 09:53:40.618     0     0 W swapper/1: type=1400 audit(0.0:2087): avc: denied { kill } for uid=0 capability=5 scontext=u:r:kernel:s0 tcontext=u:r:kernel:s0 tclass=capability permissive=0
04-22 09:53:40.645  2297  2352 I chatty  : uid=1002(bluetooth) BT Service Call expire 25 lines
04-22 09:53:40.721  5396  5396 I wpa_supplicant: TDLS: Failed to send message (action_code=14)
04-22 09:53:41.177 23800 23982 D connectedcrossroad: Data collect: HELO
04-22 09:53:41.178 23800 23982 V data    : Payload RX: 0
04-22 09:53:41.178 23800 23982 V data    : Payload TX: 0
04-22 09:53:41.178 23800 23982 V data    : Total RX: 162882
04-22 09:53:41.178 23800 23982 V data    : Total TX: 164076
04-22 09:53:42.095 23800 23982 D connectedcrossroad: Data collect: HELO
04-22 09:53:42.096 23800 23982 V data    : Payload RX: 0
04-22 09:53:42.096 23800 23982 V data    : Payload TX: 0
04-22 09:53:42.096 23800 23982 V data    : Total RX: 163494
04-22 09:53:42.096 23800 23982 V data    : Total TX: 164076
04-22 09:53:42.247 23800 23982 D connectedcrossroad: Data collect: HELO
04-22 09:53:42.248 23800 23982 V data    : Payload RX: 0
04-22 09:53:42.248 23800 23982 V data    : Payload TX: 0
04-22 09:53:42.248 23800 23982 V data    : Total RX: 164106
04-22 09:53:42.248 23800 23982 V data    : Total TX: 164076
04-22 09:53:42.251 17704 24382 I chatty  : uid=10157 com.google.android.gms.persistent expire 50 lines
04-22 09:53:42.844  5396  5396 I wpa_supplicant: TDLS: Failed to send message (action_code=14)
04-22 09:53:43.456 23800 23982 D connectedcrossroad: Data collect: HELO
04-22 09:53:43.457 23800 23982 V data    : Payload RX: 0
04-22 09:53:43.457 23800 23982 V data    : Payload TX: 0
04-22 09:53:43.457 23800 23982 V data    : Total RX: 164718
04-22 09:53:43.457 23800 23982 V data    : Total TX: 165912
04-22 09:53:44.226  2297  2606 I chatty  : uid=1002(bluetooth) btu message loo expire 27 lines
04-22 09:53:44.830 23800 23982 D connectedcrossroad: Data collect: HELO
04-22 09:53:44.830 23800 23982 V data    : Payload RX: 0
04-22 09:53:44.830 23800 23982 V data    : Payload TX: 0
04-22 09:53:44.830 23800 23982 V data    : Total RX: 165330
04-22 09:53:44.830 23800 23982 V data    : Total TX: 165912
04-22 09:53:44.834 23800 23982 D connectedcrossroad: Data collect: HELO
04-22 09:53:44.834 23800 23982 V data    : Payload RX: 0
04-22 09:53:44.834 23800 23982 V data    : Payload TX: 0
04-22 09:53:44.834 23800 23982 V data    : Total RX: 165942
04-22 09:53:44.834 23800 23982 V data    : Total TX: 165912
04-22 09:53:45.271 23800 23982 D connectedcrossroad: Data collect: HELO
04-22 09:53:45.271 23800 23982 V data    : Payload RX: 0
04-22 09:53:45.271 23800 23982 V data    : Payload TX: 0
04-22 09:53:45.271 23800 23982 V data    : Total RX: 166554
04-22 09:53:45.271 23800 23982 V data    : Total TX: 167748
04-22 09:53:46.341 23800 23982 D connectedcrossroad: Data collect: HELO
04-22 09:53:46.342 23800 23982 V data    : Payload RX: 0
04-22 09:53:46.342 23800 23982 V data    : Payload TX: 0
04-22 09:53:46.342 23800 23982 V data    : Total RX: 167166
04-22 09:53:46.342 23800 23982 V data    : Total TX: 167748
04-22 09:53:46.481  5396  5396 I wpa_supplicant: TDLS: Failed to send message (action_code=14)
04-22 09:53:47.506 20079 20112 I chatty  : uid=10157(com.google.android.gms) lowpool[1] expire 6 lines
04-22 09:53:47.552 23800 23982 D connectedcrossroad: Data collect: HELO
04-22 09:53:47.552 23800 23982 V data    : Payload RX: 0
04-22 09:53:47.552 23800 23982 V data    : Payload TX: 0
04-22 09:53:47.552 23800 23982 V data    : Total RX: 167778
04-22 09:53:47.552 23800 23982 V data    : Total TX: 169584
04-22 09:53:48.151 23800 23982 D connectedcrossroad: Data collect: HELO
04-22 09:53:48.151 23800 23982 V data    : Payload RX: 0
04-22 09:53:48.152 23800 23982 V data    : Payload TX: 0
04-22 09:53:48.152 23800 23982 V data    : Total RX: 168390
04-22 09:53:48.152 23800 23982 V data    : Total TX: 169584
04-22 09:53:48.805  3191  3767 I chatty  : uid=10157(com.google.android.gms) lowpool[3] expire 2 lines
04-22 09:53:49.363 23800 23982 D connectedcrossroad: Data collect: HELO
04-22 09:53:49.363 23800 23982 V data    : Payload RX: 0
04-22 09:53:49.363 23800 23982 V data    : Payload TX: 0
04-22 09:53:49.363 23800 23982 V data    : Total RX: 169002
04-22 09:53:49.363 23800 23982 V data    : Total TX: 171420
04-22 09:53:50.102 23800 23982 D connectedcrossroad: Data collect: HELO
04-22 09:53:50.102 23800 23982 V data    : Payload RX: 0
04-22 09:53:50.102 23800 23982 V data    : Payload TX: 0
04-22 09:53:50.102 23800 23982 V data    : Total RX: 169614
04-22 09:53:50.102 23800 23982 V data    : Total TX: 171420
04-22 09:53:50.618     0     0 W swapper/0: type=1400 audit(0.0:2088): avc: denied { kill } for uid=0 capability=5 scontext=u:r:kernel:s0 tcontext=u:r:kernel:s0 tclass=capability permissive=0
04-22 09:53:51.460 23800 23982 D connectedcrossroad: Data collect: HELO
04-22 09:53:51.460 23800 23982 V data    : Payload RX: 0
04-22 09:53:51.461 23800 23982 V data    : Payload TX: 0
04-22 09:53:51.461 23800 23982 V data    : Total RX: 170226
04-22 09:53:51.461 23800 23982 V data    : Total TX: 173256
04-22 09:53:51.610 23800 23982 D connectedcrossroad: Data collect: HELO
04-22 09:53:51.610 23800 23982 V data    : Payload RX: 0
04-22 09:53:51.610 23800 23982 V data    : Payload TX: 0
04-22 09:53:51.610 23800 23982 V data    : Total RX: 170838
04-22 09:53:51.611 23800 23982 V data    : Total TX: 173256
04-22 09:53:51.921   827  5413 E WifiHAL : Received LOG message with insufficent length: 24
04-22 09:53:51.921   827  5413 E WifiHAL : Received fatal event, sending alert
04-22 09:53:51.922  1746 28883 W WifiVendorHal: onDebugErrorAlert 4104
04-22 09:53:53.442 23800 23982 D connectedcrossroad: Data collect: HELO
04-22 09:53:53.442 23800 23982 V data    : Payload RX: 0
04-22 09:53:53.442 23800 23982 V data    : Payload TX: 0
04-22 09:53:53.442 23800 23982 V data    : Total RX: 171450
04-22 09:53:53.442 23800 23982 V data    : Total TX: 175092
04-22 09:53:54.628 23800 23982 D connectedcrossroad: Data collect: HELO
04-22 09:53:54.628 23800 23982 V data    : Payload RX: 0
04-22 09:53:54.628 23800 23982 V data    : Payload TX: 0
04-22 09:53:54.628 23800 23982 V data    : Total RX: 172062
04-22 09:53:54.628 23800 23982 V data    : Total TX: 175092
04-22 09:53:55.247 23800 23982 D connectedcrossroad: Data collect: HELO
04-22 09:53:55.248 23800 23982 V data    : Payload RX: 0
04-22 09:53:55.248 23800 23982 V data    : Payload TX: 0
04-22 09:53:55.249 23800 23982 V data    : Total RX: 172674
04-22 09:53:55.249 23800 23982 V data    : Total TX: 176928
04-22 09:53:55.701 23800 23982 D connectedcrossroad: Data collect: HELO
04-22 09:53:55.701 23800 23982 V data    : Payload RX: 0
04-22 09:53:55.701 23800 23982 V data    : Payload TX: 0
04-22 09:53:55.701 23800 23982 V data    : Total RX: 173286
04-22 09:53:55.701 23800 23982 V data    : Total TX: 176928
04-22 09:53:56.613 23800 23982 D connectedcrossroad: Data collect: HELO
04-22 09:53:56.613 23800 23982 V data    : Payload RX: 0
04-22 09:53:56.613 23800 23982 V data    : Payload TX: 0
04-22 09:53:56.613 23800 23982 V data    : Total RX: 173898
04-22 09:53:56.614 23800 23982 V data    : Total TX: 176928
04-22 09:53:56.624 17704 24078 I chatty  : uid=10157 com.google.android.gms.persistent expire 37 lines
04-22 09:53:56.626 23800 23982 D connectedcrossroad: Data collect: HELO
04-22 09:53:56.626 23800 23982 V data    : Payload RX: 0
04-22 09:53:56.626 23800 23982 V data    : Payload TX: 0
04-22 09:53:56.626 23800 23982 V data    : Total RX: 174510
04-22 09:53:56.626 23800 23982 V data    : Total TX: 176928
04-22 09:53:56.633 23800 23982 D connectedcrossroad: Data collect: HELO
04-22 09:53:56.633 23800 23982 V data    : Payload RX: 0
04-22 09:53:56.633 23800 23982 V data    : Payload TX: 0
04-22 09:53:56.633 23800 23982 V data    : Total RX: 175122
04-22 09:53:56.633 23800 23982 V data    : Total TX: 176928
04-22 09:53:56.652 23800 23982 D connectedcrossroad: Data collect: HELO
04-22 09:53:56.652 23800 23982 V data    : Payload RX: 0
04-22 09:53:56.652 23800 23982 V data    : Payload TX: 0
04-22 09:53:56.652 23800 23982 V data    : Total RX: 175734
04-22 09:53:56.652 23800 23982 V data    : Total TX: 176928
04-22 09:53:56.658 23800 23982 D connectedcrossroad: Data collect: HELO
04-22 09:53:56.658 23800 23982 V data    : Payload RX: 0
04-22 09:53:56.658 23800 23982 V data    : Payload TX: 0
04-22 09:53:56.658 23800 23982 V data    : Total RX: 176346
04-22 09:53:56.658 23800 23982 V data    : Total TX: 176928
04-22 09:53:56.662 23800 23982 D connectedcrossroad: Data collect: HELO
04-22 09:53:56.663 23800 23982 V data    : Payload RX: 0
04-22 09:53:56.663 23800 23982 V data    : Payload TX: 0
04-22 09:53:56.663 23800 23982 V data    : Total RX: 176958
04-22 09:53:56.663 23800 23982 V data    : Total TX: 176928
04-22 09:53:56.925 17704 24382 I chatty  : uid=10157 com.google.android.gms.persistent expire 46 lines
04-22 09:53:57.410 23800 23982 D connectedcrossroad: Data collect: HELO
04-22 09:53:57.410 23800 23982 V data    : Payload RX: 0
04-22 09:53:57.410 23800 23982 V data    : Payload TX: 0
04-22 09:53:57.410 23800 23982 V data    : Total RX: 177570
04-22 09:53:57.410 23800 23982 V data    : Total TX: 178764
04-22 09:53:57.713 23800 23982 D connectedcrossroad: Data collect: HELO
04-22 09:53:57.713 23800 23982 V data    : Payload RX: 0
04-22 09:53:57.713 23800 23982 V data    : Payload TX: 0
04-22 09:53:57.713 23800 23982 V data    : Total RX: 178182
04-22 09:53:57.713 23800 23982 V data    : Total TX: 178764
04-22 09:53:57.982 17704 24304 I chatty  : uid=10157 com.google.android.gms.persistent expire 27 lines
04-22 09:53:57.995  2297  2578 I chatty  : uid=1002(bluetooth) BluetoothScanMa expire 27 lines
04-22 09:53:57.997  2297  3354 I chatty  : uid=1002(bluetooth) Binder:2297_5 expire 11 lines
04-22 09:53:58.315 23800 23982 D connectedcrossroad: Data collect: HELO
04-22 09:53:58.315 23800 23982 V data    : Payload RX: 0
04-22 09:53:58.315 23800 23982 V data    : Payload TX: 0
04-22 09:53:58.315 23800 23982 V data    : Total RX: 178794
04-22 09:53:58.315 23800 23982 V data    : Total TX: 178764
04-22 09:53:58.924 17704 24391 I chatty  : uid=10157 com.google.android.gms.persistent expire 31 lines
04-22 09:53:58.930 17704 24390 I chatty  : uid=10157 com.google.android.gms.persistent expire 46 lines
04-22 09:53:59.116 23800 23982 D connectedcrossroad: Data collect: HELO
04-22 09:53:59.116 23800 23982 V data    : Payload RX: 0
04-22 09:53:59.116 23800 23982 V data    : Payload TX: 0
04-22 09:53:59.116 23800 23982 V data    : Total RX: 179406
04-22 09:53:59.116 23800 23982 V data    : Total TX: 180600
04-22 09:53:59.198  5396  5396 I wpa_supplicant: TDLS: Failed to send message (action_code=14)
04-22 09:54:00.023  2315  2315 W View    : requestLayout() improperly called by com.android.systemui.statusbar.HeadsUpStatusBarView{aa901f7 I.E...... ......ID 0,0-248,56 #7f0a01f7 app:id/heads_up_status_bar_view} during layout: running second layout pass
04-22 09:54:00.293 23800 23982 D connectedcrossroad: Data collect: HELO
04-22 09:54:00.293 23800 23982 V data    : Payload RX: 0
04-22 09:54:00.293 23800 23982 V data    : Payload TX: 0
04-22 09:54:00.293 23800 23982 V data    : Total RX: 180018
04-22 09:54:00.293 23800 23982 V data    : Total TX: 180600
04-22 09:54:00.301 23800 23982 D connectedcrossroad: Data collect: HELO
04-22 09:54:00.301 23800 23982 V data    : Payload RX: 0
04-22 09:54:00.301 23800 23982 V data    : Payload TX: 0
04-22 09:54:00.301 23800 23982 V data    : Total RX: 180630
04-22 09:54:00.301 23800 23982 V data    : Total TX: 180600
04-22 09:54:00.622     0     0 W swapper/1: type=1400 audit(0.0:2089): avc: denied { kill } for uid=0 capability=5 scontext=u:r:kernel:s0 tcontext=u:r:kernel:s0 tclass=capability permissive=0
04-22 09:54:01.870  2297  2352 I chatty  : uid=1002(bluetooth) BT Service Call expire 52 lines
04-22 09:54:01.874  2297  3435 I chatty  : uid=1002(bluetooth) Binder:2297_6 expire 10 lines
04-22 09:54:01.875  2297  2606 I chatty  : uid=1002(bluetooth) btu message loo expire 36 lines
04-22 09:54:02.676   827  5413 E WifiHAL : Received LOG message with insufficent length: 24
04-22 09:54:02.676   827  5413 E WifiHAL : Received fatal event, sending alert
04-22 09:54:02.677  1746  1785 W WifiVendorHal: onDebugErrorAlert 4105
04-22 09:54:02.879 23800 23982 D connectedcrossroad: Data collect: HELO
04-22 09:54:02.879 23800 23982 V data    : Payload RX: 0
04-22 09:54:02.879 23800 23982 V data    : Payload TX: 0
04-22 09:54:02.879 23800 23982 V data    : Total RX: 181854
04-22 09:54:02.879 23800 23982 V data    : Total TX: 182436
04-22 09:54:02.881 23800 23982 D connectedcrossroad: Data collect: HELO
04-22 09:54:02.881 23800 23982 V data    : Payload RX: 0
04-22 09:54:02.881 23800 23982 V data    : Payload TX: 0
04-22 09:54:02.881 23800 23982 V data    : Total RX: 181854
04-22 09:54:02.881 23800 23982 V data    : Total TX: 182436
04-22 09:54:02.945 23800 23982 D connectedcrossroad: Data collect: HELO
04-22 09:54:02.945 23800 23982 V data    : Payload RX: 0
04-22 09:54:02.945 23800 23982 V data    : Payload TX: 0
04-22 09:54:02.945 23800 23982 V data    : Total RX: 182466
04-22 09:54:02.945 23800 23982 V data    : Total TX: 184272
04-22 09:54:03.008 23800 23982 D connectedcrossroad: Data collect: HELO
04-22 09:54:03.008 23800 23982 V data    : Payload RX: 0
04-22 09:54:03.008 23800 23982 V data    : Payload TX: 0
04-22 09:54:03.008 23800 23982 V data    : Total RX: 183078
04-22 09:54:03.008 23800 23982 V data    : Total TX: 184272
04-22 09:54:03.038  2297  2313 I chatty  : uid=1002(bluetooth) Binder:2297_1 expire 11 lines
04-22 09:54:03.424   827  5413 E WifiHAL : Received LOG message with insufficent length: 24
04-22 09:54:03.424   827  5413 E WifiHAL : Received fatal event, sending alert
04-22 09:54:03.425  1746 28883 W WifiVendorHal: onDebugErrorAlert 4104
04-22 09:54:03.568  5396  5396 I wpa_supplicant: TDLS: Failed to send message (action_code=14)
04-22 09:54:03.577  1746  7304 W AppOps  : Noting op not finished: uid 10157 pkg com.google.android.gms code 79 time=1619099583399 duration=0
04-22 09:54:03.583  1746 11668 W AppOps  : Noting op not finished: uid 10157 pkg com.google.android.gms code 79 time=1619099643578 duration=0
04-22 09:54:03.699  1746  1760 I system_server: Background concurrent copying GC freed 61504(4927KB) AllocSpace objects, 15(14MB) LOS objects, 42% free, 20MB/35MB, paused 740us total 183.747ms
04-22 09:54:04.175 23800 23982 D connectedcrossroad: Data collect: HELO
04-22 09:54:04.175 23800 23982 V data    : Payload RX: 0
04-22 09:54:04.175 23800 23982 V data    : Payload TX: 0
04-22 09:54:04.176 23800 23982 V data    : Total RX: 183690
04-22 09:54:04.176 23800 23982 V data    : Total TX: 184272
04-22 09:54:04.630 23800 23982 D connectedcrossroad: Data collect: HELO
04-22 09:54:04.631 23800 23982 V data    : Payload RX: 0
