04-22 09:27:54.732 20079 22926 W PackageParser: Unknown element under <manifest>: queries at /data/user_de/0/com.google.android.gms/app_chimera/m/00000018/dl-AdsFdrDynamite.integ_210890500100000.apk Binary XML file line #5
04-22 09:27:54.823 20079 20361 W PackageParser: Unknown element under <manifest>: queries at /data/user_de/0/com.google.android.gms/app_chimera/m/0000000a/AdsDynamite.apk Binary XML file line #5
04-22 09:27:54.882 20079 20361 W PackageParser: Unknown element under <manifest>: queries at /data/user_de/0/com.google.android.gms/app_chimera/m/00000018/dl-AdsFdrDynamite.integ_210890500100000.apk Binary XML file line #5
04-22 09:27:55.058  1746  3667 I ActivityManager: Killing 21759:com.google.android.apps.nbu.files/u0a125 (adj 985): empty #17
04-22 09:27:55.121  1746  3666 D ActivityManager: makeInactive, ProcessRecord{24968c1 21759:com.google.android.apps.nbu.files/u0a125}, clear holder.state
04-22 09:27:56.808  1746 10308 I ActivityManager: Killing 20220:android.process.acore/u0a51 (adj 985): empty #17
04-22 09:27:56.876  1746  2557 D ActivityManager: makeInactive, ProcessRecord{69778ba 20220:android.process.acore/u0a51}, clear holder.state
04-22 09:27:57.032 20079 21190 W Binder  : reply too large data on java level: InterfaceDescriptor = null, code = 46
04-22 09:27:59.668  1746  3407 I ActivityManager: Killing 21440:com.motorola.carriersettingsext/u0a104 (adj 975): empty #17
04-22 09:27:59.669  1746  3407 I ActivityManager: Killing 22381:com.google.android.gms.ui/u0a157 (adj 985): empty #18
04-22 09:27:59.744  1746  3407 D ActivityManager: makeInactive, ProcessRecord{48529f8 21440:com.motorola.carriersettingsext/u0a104}, clear holder.state
04-22 09:27:59.748  1746  4965 D ActivityManager: makeInactive, ProcessRecord{d4c9ed1 22381:com.google.android.gms.ui/u0a157}, clear holder.state
04-22 09:28:01.139  1746  2251 D ConnectivityService: Blocked status changed to true for 10179(167) on netId 100
04-22 09:28:01.141  1746  2251 D ConnectivityService: Blocked status changed to true for 10179(168) on netId 100
04-22 09:28:01.142  1746  2251 D ConnectivityService: Blocked status changed to true for 10120(173) on netId 100
04-22 09:28:01.143  1746  2251 D ConnectivityService: Blocked status changed to true for 10199(163) on netId 100
04-22 09:28:01.143  1746  2251 D ConnectivityService: Blocked status changed to true for 10199(164) on netId 100
04-22 09:28:01.144  1746  2251 D ConnectivityService: Blocked status changed to true for 10133(165) on netId 100
04-22 09:28:01.144  1746  2251 D ConnectivityService: Blocked status changed to true for 10133(166) on netId 100
04-22 09:28:01.147  1746  2251 D ConnectivityService: Blocked status changed to true for 10107(22) on netId 100
04-22 09:28:01.147  1746  2251 D ConnectivityService: Blocked status changed to true for 10107(23) on netId 100
04-22 09:28:12.779  1746  1746 W Looper  : Slow delivery took 261ms main h=android.app.ActivityThread$H c=android.app.-$$Lambda$LoadedApk$ReceiverDispatcher$Args$_BumDX2UKsnxLVrE6UJsJZkotuA@edeeda4 m=0
04-22 09:28:12.780  1746  1746 W Looper  : Drained
04-22 09:28:12.782  1746  1766 W Looper  : Slow delivery took 261ms android.fg h=com.android.server.location.GnssLocationProvider$ProviderHandler c=android.app.-$$Lambda$LoadedApk$ReceiverDispatcher$Args$_BumDX2UKsnxLVrE6UJsJZkotuA@22b570d m=0
04-22 09:28:12.782  1746  1766 W Looper  : Drained
04-22 09:28:13.472 20079 20097 W Binder  : reply too large data on java level: InterfaceDescriptor = null, code = 46
04-22 09:29:22.011  1746  1764 I ActivityManager: Killing 21581:com.google.android.apps.messaging/u0a179 (adj 975): empty #17
04-22 09:29:22.014  1746  1764 I ActivityManager: Killing 22059:com.google.android.apps.tachyon/u0a199 (adj 975): empty #18
04-22 09:29:41.866  1746  1764 D ConnectivityService: ConnectivityService NetworkRequestInfo binderDied(NetworkRequest [ TRACK_DEFAULT id=163, [ Capabilities: INTERNET&NOT_RESTRICTED&TRUSTED Uid: 10199] ], android.os.BinderProxy@2555927)
04-22 09:29:41.866  1746  1765 D ConnectivityService: ConnectivityService NetworkRequestInfo binderDied(NetworkRequest [ LISTEN id=164, [ Capabilities: INTERNET&NOT_RESTRICTED&TRUSTED Uid: 10199] ], android.os.BinderProxy@aab07d4)
04-22 09:29:41.867  1746  5335 D ConnectivityService: ConnectivityService NetworkRequestInfo binderDied(NetworkRequest [ LISTEN id=168, [ Capabilities: INTERNET&NOT_RESTRICTED&TRUSTED Uid: 10179] ], android.os.BinderProxy@92d1d7d)
04-22 09:29:41.867  1746  2041 D ActivityManager: makeInactive, ProcessRecord{7a5f130 22059:com.google.android.apps.tachyon/u0a199}, clear holder.state
04-22 09:29:41.869  1746  2251 D ConnectivityService: releasing NetworkRequest [ TRACK_DEFAULT id=163, [ Capabilities: INTERNET&NOT_RESTRICTED&TRUSTED Uid: 10199] ] (release request)
04-22 09:29:41.869  1746 11668 D ConnectivityService: ConnectivityService NetworkRequestInfo binderDied(NetworkRequest [ TRACK_DEFAULT id=167, [ Capabilities: INTERNET&NOT_RESTRICTED&TRUSTED Uid: 10179] ], android.os.BinderProxy@2dfd472)
04-22 09:29:41.869  1746  2251 D ConnectivityService: releasing NetworkRequest [ TRACK_DEFAULT id=167, [ Capabilities: INTERNET&NOT_RESTRICTED&TRUSTED Uid: 10179] ] (release request)
04-22 09:29:41.870  1746  2396 D ActivityManager: makeInactive, ProcessRecord{a69e37 21581:com.google.android.apps.messaging/u0a179}, clear holder.state
04-22 09:31:40.353  1746  1765 I ActivityManager: Killing 22083:com.google.android.dialer/u0a133 (adj 975): empty #17
04-22 09:31:41.078  1746  1765 D ConnectivityService: ConnectivityService NetworkRequestInfo binderDied(NetworkRequest [ TRACK_DEFAULT id=165, [ Capabilities: INTERNET&NOT_RESTRICTED&TRUSTED Uid: 10133] ], android.os.BinderProxy@51d0458)
04-22 09:31:41.078  1746  2235 D ConnectivityService: ConnectivityService NetworkRequestInfo binderDied(NetworkRequest [ LISTEN id=166, [ Capabilities: INTERNET&NOT_RESTRICTED&TRUSTED Uid: 10133] ], android.os.BinderProxy@8bdd9b1)
04-22 09:31:41.080  1746  2251 D ConnectivityService: releasing NetworkRequest [ TRACK_DEFAULT id=165, [ Capabilities: INTERNET&NOT_RESTRICTED&TRUSTED Uid: 10133] ] (release request)
04-22 09:31:41.082  1746  2235 D ActivityManager: makeInactive, ProcessRecord{623ccbc 22083:com.google.android.dialer/u0a133}, clear holder.state
04-22 09:32:27.780  1746  1746 W Looper  : Slow dispatch took 346ms main h=android.os.Handler c=android.telecom.Logging.-$$Lambda$SessionManager$VyH2gT1EjIvzDy_C9JfTT60CISM@3352e02 m=0
04-22 09:33:50.141  1746  2064 D BatteryService: uevent={POWER_SUPPLY_DP_DM=0, POWER_SUPPLY_VOLTAGE_NOW=4044946, POWER_SUPPLY_SW_JEITA_ENABLED=0, POWER_SUPPLY_CHARGE_CONTROL_LIMIT_MAX=8, POWER_SUPPLY_RECHARGE_SOC=99, POWER_SUPPLY_HEALTH=Good, POWER_SUPPLY_TECHNOLOGY=Li-ion, POWER_SUPPLY_FCC_STEPPER_ENABLE=0, SEQNUM=608706, POWER_SUPPLY_INPUT_CURRENT_LIMITED=0, POWER_SUPPLY_CHARGE_CONTROL_LIMIT=0, POWER_SUPPLY_BATTERY_CHARGING_ENABLED=1, POWER_SUPPLY_STATUS=Discharging, POWER_SUPPLY_CYCLE_COUNT=1, POWER_SUPPLY_CURRENT_MAX=2000000, POWER_SUPPLY_CHARGE_TERM_CURRENT=-101, POWER_SUPPLY_CAPACITY=72, DEVPATH=/devices/platform/soc/200f000.qcom,spmi/spmi-0/spmi0-02/200f000.qcom,spmi:qcom,pmi632@2:qcom,qpnp-smb5/power_supply/battery, POWER_SUPPLY_CHARGE_DONE=0, POWER_SUPPLY_CHARGE_TYPE=N/A, POWER_SUPPLY_CHARGE_RATE=None, POWER_SUPPLY_CURRENT_NOW=-77514, POWER_SUPPLY_SYSTEM_TEMP_LEVEL=0, POWER_SUPPLY_PRESENT=1, POWER_SUPPLY_PARALLEL_DISABLE=0, POWER_SUPPLY_CHARGE_FULL=3615000, SUBSYSTEM=power_supply, POWER_SUPPLY_SET_SHIP_MODE=0, POWER_SUPPLY_TEMP=211, ACTION=change, POWER_SUPPLY_RERUN_AICL=0, POWER_SUPPLY_AGE=100, POWER_SUPPLY_NAME=battery, POWER_SUPPLY_VOLTAGE_MAX=-22, POWER_SUPPLY_CONSTANT_CHARGE_CURRENT_MAX=2000000, POWER_SUPPLY_CHARGE_COUNTER=2602800, POWER_SUPPLY_STEP_CHARGING_ENABLED=0, POWER_SUPPLY_NUM_SYSTEM_TEMP_LEVELS=8, POWER_SUPPLY_DIE_HEALTH=Hot, POWER_SUPPLY_INPUT_SUSPEND=0}
04-22 09:33:50.200  1746  1777 I ActivityManager: Start proc 23035:com.google.android.apps.turbo/u0a142 for broadcast {com.google.android.apps.turbo/com.google.android.apps.turbo.nudges.broadcasts.BatteryStatusChangedReceiver}
04-22 09:34:02.088  1746  2235 I ActivityManager: Killing 22511:com.google.android.apps.docs.editors.sheets/u0a211 (adj 975): empty #17
04-22 09:34:02.140  1746  9916 D ActivityManager: makeInactive, ProcessRecord{787e80a 22511:com.google.android.apps.docs.editors.sheets/u0a211}, clear holder.state
04-22 09:34:40.237  1746  9916 I ActivityManager: Killing 22009:com.google.android.contacts/u0a178 (adj 975): empty #17
04-22 09:34:40.290  1746  3667 D ActivityManager: makeInactive, ProcessRecord{a0435a5 22009:com.google.android.contacts/u0a178}, clear holder.state
04-22 09:35:00.130  1746  1767 W Looper  : Slow delivery took 260ms android.ui h=com.android.server.am.ActivityManagerService$UiHandler c=null m=32
04-22 09:35:00.219  1746  9754 D ConnectivityService: Returning BLOCKED NetworkInfo to uid=10142
04-22 09:39:39.711  1746  2064 D BatteryService: uevent={POWER_SUPPLY_DP_DM=0, POWER_SUPPLY_VOLTAGE_NOW=4030737, POWER_SUPPLY_SW_JEITA_ENABLED=0, POWER_SUPPLY_CHARGE_CONTROL_LIMIT_MAX=8, POWER_SUPPLY_RECHARGE_SOC=99, POWER_SUPPLY_HEALTH=Good, POWER_SUPPLY_TECHNOLOGY=Li-ion, POWER_SUPPLY_FCC_STEPPER_ENABLE=0, SEQNUM=609459, POWER_SUPPLY_INPUT_CURRENT_LIMITED=0, POWER_SUPPLY_CHARGE_CONTROL_LIMIT=0, POWER_SUPPLY_BATTERY_CHARGING_ENABLED=1, POWER_SUPPLY_STATUS=Discharging, POWER_SUPPLY_CYCLE_COUNT=1, POWER_SUPPLY_CURRENT_MAX=2000000, POWER_SUPPLY_CHARGE_TERM_CURRENT=-101, POWER_SUPPLY_CAPACITY=72, DEVPATH=/devices/platform/soc/200f000.qcom,spmi/spmi-0/spmi0-02/200f000.qcom,spmi:qcom,pmi632@2:qcom,qpnp-smb5/power_supply/battery, POWER_SUPPLY_CHARGE_DONE=0, POWER_SUPPLY_CHARGE_TYPE=N/A, POWER_SUPPLY_CHARGE_RATE=None, POWER_SUPPLY_CURRENT_NOW=-228729, POWER_SUPPLY_SYSTEM_TEMP_LEVEL=0, POWER_SUPPLY_PRESENT=1, POWER_SUPPLY_PARALLEL_DISABLE=0, POWER_SUPPLY_CHARGE_FULL=3615000, SUBSYSTEM=power_supply, POWER_SUPPLY_SET_SHIP_MODE=0, POWER_SUPPLY_TEMP=211, ACTION=change, POWER_SUPPLY_RERUN_AICL=0, POWER_SUPPLY_AGE=100, POWER_SUPPLY_NAME=battery, POWER_SUPPLY_VOLTAGE_MAX=-22, POWER_SUPPLY_CONSTANT_CHARGE_CURRENT_MAX=2000000, POWER_SUPPLY_CHARGE_COUNTER=2602800, POWER_SUPPLY_STEP_CHARGING_ENABLED=0, POWER_SUPPLY_NUM_SYSTEM_TEMP_LEVELS=8, POWER_SUPPLY_DIE_HEALTH=Hot, POWER_SUPPLY_INPUT_SUSPEND=0}
04-22 09:40:50.449  1746  1767 W Looper  : Drained
04-22 09:45:47.171  1746  2251 D ConnectivityService: Blocked status changed to false for 10120(173) on netId 100
04-22 09:45:47.211  1746  2251 D ConnectivityService: Blocked status changed to false for 10107(22) on netId 100
04-22 09:45:47.212  1746  2251 D ConnectivityService: Blocked status changed to false for 10107(23) on netId 100
04-22 09:45:47.931 20079 20158 W PackageParser: Unknown element under <manifest>: queries at /data/user_de/0/com.google.android.gms/app_chimera/m/0000000a/AdsDynamite.apk Binary XML file line #5
04-22 09:45:48.015 20079 20158 W PackageParser: Unknown element under <manifest>: queries at /data/user_de/0/com.google.android.gms/app_chimera/m/00000018/dl-AdsFdrDynamite.integ_210890500100000.apk Binary XML file line #5
04-22 09:45:50.272  1746  1777 I ActivityManager: Start proc 23093:com.google.android.configupdater/u0a112 for service {com.google.android.configupdater/com.google.android.configupdater.MainJobService}
04-22 09:45:50.290  1746  1777 I ActivityManager: Start proc 23105:com.google.android.apps.work.oobconfig/u0a119 for service {com.google.android.apps.work.oobconfig/com.google.android.apps.work.oobconfig.gservices.GservicesChangedObserverService}
04-22 09:45:50.616  1746  1777 I ActivityManager: Start proc 23168:android.process.media/u0a56 for content provider {com.android.providers.media/com.android.providers.media.MediaProvider}
04-22 09:45:50.869  1746  1777 I ActivityManager: Start proc 23190:com.motorola.camera2/u0a149 for content provider {com.motorola.camera2/com.motorola.camera.provider.photos.PhotosProvider}
04-22 09:45:51.027  1746  9425 W UriGrantsManagerService: No permission grants found for com.google.android.apps.photos
04-22 09:45:51.028  1746  3667 W UriGrantsManagerService: No permission grants found for com.google.android.apps.photos
04-22 09:45:51.091  1746  9425 W UriGrantsManagerService: No permission grants found for com.google.android.apps.photos
04-22 09:45:51.092  1746  9425 W UriGrantsManagerService: No permission grants found for com.google.android.apps.photos
04-22 09:45:51.152  1746  6032 W UriGrantsManagerService: No permission grants found for com.google.android.apps.photos
04-22 09:45:51.153  1746  6032 W UriGrantsManagerService: No permission grants found for com.google.android.apps.photos
04-22 09:45:51.169  1746 11668 I ActivityManager: Killing 22586:com.google.android.apps.magazines/u0a214 (adj 975): empty #17
04-22 09:45:51.221  1746  3407 D ConnectivityService: ConnectivityService NetworkRequestInfo binderDied(NetworkRequest [ TRACK_DEFAULT id=170, [ Capabilities: INTERNET&NOT_RESTRICTED&TRUSTED Uid: 10214] ], android.os.BinderProxy@98ab94)
04-22 09:45:51.221  1746  9425 D ConnectivityService: ConnectivityService NetworkRequestInfo binderDied(NetworkRequest [ LISTEN id=171, [ Capabilities: INTERNET&NOT_RESTRICTED&TRUSTED&FOREGROUND Uid: 10214] ], android.os.BinderProxy@dc0563d)
04-22 09:45:51.222  1746  9754 D ConnectivityService: ConnectivityService NetworkRequestInfo binderDied(NetworkRequest [ TRACK_DEFAULT id=169, [ Capabilities: INTERNET&NOT_RESTRICTED&TRUSTED Uid: 10214] ], android.os.BinderProxy@5597e32)
04-22 09:45:51.222  1746  2251 D ConnectivityService: releasing NetworkRequest [ TRACK_DEFAULT id=170, [ Capabilities: INTERNET&NOT_RESTRICTED&TRUSTED Uid: 10214] ] (release request)
04-22 09:45:51.222  1746  2396 D ActivityManager: makeInactive, ProcessRecord{eb35e7a 22586:com.google.android.apps.magazines/u0a214}, clear holder.state
04-22 09:45:51.225  1746  2251 D ConnectivityService: releasing NetworkRequest [ TRACK_DEFAULT id=169, [ Capabilities: INTERNET&NOT_RESTRICTED&TRUSTED Uid: 10214] ] (release request)
04-22 09:45:53.663  1746  1784 I DisplayPowerController: Blocking screen on until initial contents have been drawn.
04-22 09:45:53.666  1746  1784 I WindowManager: Screen turning on...
04-22 09:45:53.667  1746  9425 D WindowManager: mKeyguardDelegate.ShowListener.onDrawn.
04-22 09:45:53.667  1746  1767 W WindowManager: Setting mKeyguardDrawComplete
04-22 09:45:53.680  1746  1784 V DisplayPowerController: Brightness [23] reason changing to: 'doze', previous reason: 'screen_off'.
04-22 09:45:53.682  1746  1769 I DisplayManagerService: Display device changed state: "Built-in Screen", ON
04-22 09:45:53.989  1746  1769 I WindowManager: All windows ready for display!
04-22 09:45:53.989  1746  1767 W WindowManager: Setting mWindowManagerDrawComplete
04-22 09:45:53.990  1746  1784 I DisplayPowerController: Unblocked screen on after 327 ms
04-22 09:45:54.894  1746  2396 I ActivityManager: Killing 21917:com.google.android.apps.docs/u0a192 (adj 975): empty #17
04-22 09:45:54.896  1746  2396 I ActivityManager: Killing 22620:com.google.android.apps.chromecast.app/u0a209 (adj 975): empty #18
04-22 09:45:54.995  1746  4804 D ActivityManager: makeInactive, ProcessRecord{faca39b 21917:com.google.android.apps.docs/u0a192}, clear holder.state
04-22 09:45:55.016  1746  9425 D ActivityManager: makeInactive, ProcessRecord{e57595c 22620:com.google.android.apps.chromecast.app/u0a209}, clear holder.state
04-22 09:45:57.931  1746  1784 I DisplayPowerController: Blocking screen off
04-22 09:45:57.932  1746  1784 I DisplayPowerController: Unblocked screen off after 1 ms
04-22 09:45:57.960  1746  1784 I WindowManager: Screen turned off...
04-22 09:45:57.983  1746  1784 V DisplayPowerController: Brightness [0] reason changing to: 'screen_off', previous reason: 'doze'.
04-22 09:45:57.984  1746  1769 I DisplayManagerService: Display device changed state: "Built-in Screen", OFF
04-22 09:45:58.428  1746  2396 W AppOps  : Noting op not finished: uid 10157 pkg com.google.android.gms code 79 time=1619098059027 duration=0
04-22 09:45:58.433  1746  7304 W AppOps  : Noting op not finished: uid 10157 pkg com.google.android.gms code 79 time=1619099158429 duration=0
04-22 09:45:59.140  1746  1784 I DisplayPowerController: Blocking screen on until initial contents have been drawn.
04-22 09:45:59.140  1746  1784 I WindowManager: Screen turning on...
04-22 09:45:59.142  1746  9425 D WindowManager: mKeyguardDelegate.ShowListener.onDrawn.
04-22 09:45:59.142  1746  1767 W WindowManager: Setting mKeyguardDrawComplete
04-22 09:45:59.166  1746  1784 V DisplayPowerController: Brightness [23] reason changing to: 'doze', previous reason: 'screen_off'.
04-22 09:45:59.167  1746  1769 I DisplayManagerService: Display device changed state: "Built-in Screen", ON
04-22 09:45:59.220  1746  1769 I WindowManager: All windows ready for display!
04-22 09:45:59.220  1746  1767 W WindowManager: Setting mWindowManagerDrawComplete
04-22 09:45:59.222  1746  1784 I DisplayPowerController: Unblocked screen on after 82 ms
04-22 09:46:00.269  1746  1784 I DisplayPowerController: Blocking screen off
04-22 09:46:00.270  1746  1784 I DisplayPowerController: Unblocked screen off after 0 ms
04-22 09:46:00.297  1746  1784 I WindowManager: Screen turned off...
04-22 09:46:00.320  1746  1784 V DisplayPowerController: Brightness [0] reason changing to: 'screen_off', previous reason: 'doze'.
04-22 09:46:00.321  1746  1769 I DisplayManagerService: Display device changed state: "Built-in Screen", OFF
04-22 09:46:12.471  1746  1784 I DisplayPowerController: Blocking screen on until initial contents have been drawn.
04-22 09:46:12.471  1746  1784 I WindowManager: Screen turning on...
04-22 09:46:12.475  1746  9754 D WindowManager: mKeyguardDelegate.ShowListener.onDrawn.
04-22 09:46:12.475  1746  1767 W WindowManager: Setting mKeyguardDrawComplete
04-22 09:46:12.536  1746  1769 I WindowManager: All windows ready for display!
04-22 09:46:12.536  1746  1767 W WindowManager: Setting mWindowManagerDrawComplete
04-22 09:46:12.547  1746  1784 V DisplayPowerController: Brightness [9] reason changing to: 'doze', previous reason: 'screen_off'.
04-22 09:46:12.548  1746  1784 I DisplayPowerController: Unblocked screen on after 77 ms
04-22 09:46:12.550  1746  1769 I DisplayManagerService: Display device changed state: "Built-in Screen", ON
04-22 09:46:19.397  1746  1784 I DisplayPowerController: Blocking screen off
04-22 09:46:19.397  1746  1784 I DisplayPowerController: Unblocked screen off after 1 ms
04-22 09:46:19.435  1746  1784 I WindowManager: Screen turned off...
04-22 09:46:19.457  1746  1784 V DisplayPowerController: Brightness [0] reason changing to: 'screen_off', previous reason: 'doze'.
04-22 09:46:19.458  1746  1769 I DisplayManagerService: Display device changed state: "Built-in Screen", OFF
04-22 09:46:55.553  1746  1784 I DisplayPowerController: Blocking screen on until initial contents have been drawn.
04-22 09:46:55.553  1746  1784 I WindowManager: Screen turning on...
04-22 09:46:55.554  1746  7304 D WindowManager: mKeyguardDelegate.ShowListener.onDrawn.
04-22 09:46:55.555  1746  1767 W WindowManager: Setting mKeyguardDrawComplete
04-22 09:46:55.600  1746  1784 V DisplayPowerController: Brightness [23] reason changing to: 'doze', previous reason: 'screen_off'.
04-22 09:46:55.605  1746  1769 I DisplayManagerService: Display device changed state: "Built-in Screen", ON
04-22 09:46:55.665  1746  1769 I WindowManager: All windows ready for display!
04-22 09:46:55.665  1746  1767 W WindowManager: Setting mWindowManagerDrawComplete
04-22 09:46:55.666  1746  1784 I DisplayPowerController: Unblocked screen on after 113 ms
04-22 09:46:55.868  1746  2163 I PowerManagerService: Waking up from Dozing (uid=1000, reason=WAKE_REASON_POWER_BUTTON, details=android.policy:POWER)...
04-22 09:46:55.869  1746  1746 W UsageStatsService: Event reported without a package name, eventType:15
04-22 09:46:55.881  1746  1746 I WindowManager: Started waking up... (why=ON_BECAUSE_OF_USER)
04-22 09:46:55.887  1746  9425 I PowerManagerService: Waking up from Awake (uid=10132, reason=WAKE_REASON_GESTURE, details=com.android.systemui:NODOZE)...
04-22 09:46:55.890  1746  1784 V DisplayPowerController: Brightness [58] reason changing to: 'manual', previous reason: 'doze'.
04-22 09:46:55.896  1746  1784 V DisplayPowerController: Brightness [77] reason changing to: 'automatic', previous reason: 'manual'.
04-22 09:46:55.896  1746  1784 I DreamManagerService: Gently waking up from dream.
04-22 09:46:55.897  1746  1766 I DreamManagerService: Performing gentle wake from dream.
04-22 09:46:55.900  1746  1746 V SettingsProvider: Notifying for 0: content://settings/system/screen_brightness
04-22 09:46:55.901  1746  1746 I WindowManager: Finished waking up... (why=ON_BECAUSE_OF_USER)
04-22 09:46:55.928  1746  1746 V SettingsProvider: Notifying for 0: content://settings/secure/reminder_exp_learning_time_elapsed
04-22 09:46:55.929  1746  7304 I DreamManagerService: Leaving dreamland.
04-22 09:46:55.929  1746  1766 I DreamManagerService: Performing gentle wake from dream.
04-22 09:46:55.929  1746  1766 I DreamController: Stopping dream: name=ComponentInfo{com.android.systemui/com.android.systemui.doze.DozeService}, isTest=false, canDoze=true, userId=0
04-22 09:46:55.940  1746  7096 V WindowManager: Changing focus from Window{4ad5d5d u0 AOD} to Window{6c10f2d u0 StatusBar} displayId=0
04-22 09:46:55.980  1746  1770 I WindowManager:   SURFACE show Surface(name=NavigationBar0)/@0xe4b36a2 on display:0: NavigationBar0
04-22 09:46:55.985  1746  7096 D NotificationListeners: Disabling component com.motorola.motodisplay/.notification.DisplayNotifListenerService
04-22 09:46:56.002  1746  1770 I WindowManager:   SURFACE show Surface(name=com.android.systemui.ImageWallpaper)/@0xa055929 on display:0: com.android.systemui.ImageWallpaper
04-22 09:46:56.018  1746  3407 I ActivityManager: Killing 22740:com.google.android.apps.subscriptions.red/u0a208 (adj 975): empty #17
04-22 09:46:56.067  1746  9425 D ActivityManager: makeInactive, ProcessRecord{7419db5 22740:com.google.android.apps.subscriptions.red/u0a208}, clear holder.state
04-22 09:46:56.249  1746  1767 D WindowManager: powerPress: eventTime=18928869 interactive=true count=1 beganFromNonInteractive=true mShortPressOnPowerBehavior=1
04-22 09:46:56.446  1746  1777 I ActivityManager: Start proc 23262:com.google.android.setupwizard/u0a130 for service {com.google.android.setupwizard/com.google.android.setupwizard.deferred.DeferredSetupNotificationSchedulerService}
04-22 09:46:56.801  1746  1765 D ConnectivityService: Returning UNBLOCKED NetworkInfo to uid=10130
04-22 09:46:57.167  1746  3447 I ActivityManager: Killing 22786:com.google.android.apps.walletnfcrel/u0a213 (adj 975): empty #17
04-22 09:46:57.213  1746  9425 D ConnectivityService: ConnectivityService NetworkRequestInfo binderDied(NetworkRequest [ TRACK_DEFAULT id=172, [ Capabilities: INTERNET&NOT_RESTRICTED&TRUSTED Uid: 10213] ], android.os.BinderProxy@435a2c9)
04-22 09:46:57.213  1746  2251 D ConnectivityService: releasing NetworkRequest [ TRACK_DEFAULT id=172, [ Capabilities: INTERNET&NOT_RESTRICTED&TRUSTED Uid: 10213] ] (release request)
04-22 09:46:57.213  1746  2235 D ActivityManager: makeInactive, ProcessRecord{8105a10 22786:com.google.android.apps.walletnfcrel/u0a213}, clear holder.state
04-22 09:47:01.817  1746  6609 W AppOps  : Noting op not finished: uid 10157 pkg com.google.android.gms code 79 time=1619099158433 duration=0
04-22 09:47:01.823  1746  6609 W AppOps  : Noting op not finished: uid 10157 pkg com.google.android.gms code 79 time=1619099221817 duration=0
04-22 09:47:03.788  1746  2064 D BatteryService: uevent={POWER_SUPPLY_DP_DM=0, POWER_SUPPLY_VOLTAGE_NOW=4030153, POWER_SUPPLY_SW_JEITA_ENABLED=0, POWER_SUPPLY_CHARGE_CONTROL_LIMIT_MAX=8, POWER_SUPPLY_RECHARGE_SOC=99, POWER_SUPPLY_HEALTH=Good, POWER_SUPPLY_TECHNOLOGY=Li-ion, POWER_SUPPLY_FCC_STEPPER_ENABLE=0, SEQNUM=611244, POWER_SUPPLY_INPUT_CURRENT_LIMITED=0, POWER_SUPPLY_CHARGE_CONTROL_LIMIT=0, POWER_SUPPLY_BATTERY_CHARGING_ENABLED=1, POWER_SUPPLY_STATUS=Discharging, POWER_SUPPLY_CYCLE_COUNT=1, POWER_SUPPLY_CURRENT_MAX=2000000, POWER_SUPPLY_CHARGE_TERM_CURRENT=-101, POWER_SUPPLY_CAPACITY=72, DEVPATH=/devices/platform/soc/200f000.qcom,spmi/spmi-0/spmi0-02/200f000.qcom,spmi:qcom,pmi632@2:qcom,qpnp-smb5/power_supply/battery, POWER_SUPPLY_CHARGE_DONE=0, POWER_SUPPLY_CHARGE_TYPE=N/A, POWER_SUPPLY_CHARGE_RATE=None, POWER_SUPPLY_CURRENT_NOW=-165557, POWER_SUPPLY_SYSTEM_TEMP_LEVEL=0, POWER_SUPPLY_PRESENT=1, POWER_SUPPLY_PARALLEL_DISABLE=0, POWER_SUPPLY_CHARGE_FULL=3615000, SUBSYSTEM=power_supply, POWER_SUPPLY_SET_SHIP_MODE=0, POWER_SUPPLY_TEMP=211, ACTION=change, POWER_SUPPLY_RERUN_AICL=0, POWER_SUPPLY_AGE=100, POWER_SUPPLY_NAME=battery, POWER_SUPPLY_VOLTAGE_MAX=-22, POWER_SUPPLY_CONSTANT_CHARGE_CURRENT_MAX=2000000, POWER_SUPPLY_CHARGE_COUNTER=2602800, POWER_SUPPLY_STEP_CHARGING_ENABLED=0, POWER_SUPPLY_NUM_SYSTEM_TEMP_LEVELS=8, POWER_SUPPLY_DIE_HEALTH=Hot, POWER_SUPPLY_INPUT_SUSPEND=0}
04-22 09:47:03.889  1746  1784 V DisplayPowerController: Brightness [1] reason changing to: 'automatic [ dim ]', previous reason: 'automatic'.
04-22 09:47:05.889  1746  1784 I PowerManagerService: Going to sleep due to timeout (uid 1000)...
04-22 09:47:05.890  1746  1746 W UsageStatsService: Event reported without a package name, eventType:16
04-22 09:47:05.897  1746  1746 I WindowManager: Started going to sleep... (why=OFF_BECAUSE_OF_TIMEOUT)
04-22 09:47:05.971  1746  1784 V DisplayPowerController: Brightness [77] reason changing to: 'automatic', previous reason: 'automatic [ dim ]'.
04-22 09:47:06.392  1746  1784 I DisplayPowerController: Blocking screen off
04-22 09:47:06.392  1746  1784 I DisplayPowerController: Unblocked screen off after 1 ms
04-22 09:47:06.432  1746  1784 I WindowManager: Screen turned off...
04-22 09:47:06.460  1746  1784 V DisplayPowerController: Brightness [0] reason changing to: 'screen_off', previous reason: 'automatic'.
04-22 09:47:06.460  1746  1769 I DisplayManagerService: Display device changed state: "Built-in Screen", OFF
04-22 09:47:06.850  1746  1784 I DreamManagerService: Entering dreamland.
04-22 09:47:06.853  1746  1784 I PowerManagerService: Dozing...
04-22 09:47:06.855  1746  1766 I DreamController: Starting dream: name=ComponentInfo{com.android.systemui/com.android.systemui.doze.DozeService}, isTest=false, canDoze=true, userId=0
04-22 09:47:06.911  1746  1746 V SettingsProvider: Notifying for 0: content://settings/secure/reminder_exp_learning_time_elapsed
04-22 09:47:06.921  1746  1746 I WindowManager: Finished going to sleep... (why=OFF_BECAUSE_OF_TIMEOUT)
04-22 09:47:07.016  1746  2235 V WindowManager: Changing focus from Window{6c10f2d u0 StatusBar} to Window{271e7f2 u0 AOD} displayId=0
04-22 09:47:07.301  1746  6609 D NotificationListeners: Enabling component com.motorola.motodisplay/.notification.DisplayNotifListenerService
04-22 09:47:07.302  1746  6609 V NotificationListeners: binding: Intent { act=android.service.notification.NotificationListenerService cmp=com.motorola.motodisplay/.notification.DisplayNotifListenerService (has extras) }
04-22 09:47:07.340  1746  1770 I WindowManager:   SURFACE show Surface(name=AOD)/@0x73fe5f0 on display:0: AOD
04-22 09:47:07.347  1746  1746 V NotificationListeners: 0 notification listener service connected: ComponentInfo{com.motorola.motodisplay/com.motorola.motodisplay.notification.DisplayNotifListenerService}
04-22 09:47:18.467  1746  2163 I PowerManagerService: Waking up from Dozing (uid=1000, reason=WAKE_REASON_POWER_BUTTON, details=android.policy:POWER)...
04-22 09:47:18.470  1746  1746 W UsageStatsService: Event reported without a package name, eventType:15
04-22 09:47:18.489  1746  1784 I DisplayPowerController: Blocking screen on until initial contents have been drawn.
04-22 09:47:18.490  1746  1784 I WindowManager: Screen turning on...
04-22 09:47:18.491  1746 10308 D WindowManager: mKeyguardDelegate.ShowListener.onDrawn.
04-22 09:47:18.501  1746  1746 I WindowManager: Started waking up... (why=ON_BECAUSE_OF_USER)
04-22 09:47:18.501  1746  1767 W WindowManager: Setting mKeyguardDrawComplete
04-22 09:47:18.511  1746  1784 V DisplayPowerController: Brightness [77] reason changing to: 'manual', previous reason: 'screen_off'.
04-22 09:47:18.512  1746  1769 I DisplayManagerService: Display device changed state: "Built-in Screen", ON
04-22 09:47:18.515  1746  1784 V DisplayPowerController: Brightness [73] reason changing to: 'automatic', previous reason: 'manual'.
04-22 09:47:18.521  1746  1746 V SettingsProvider: Notifying for 0: content://settings/system/screen_brightness
04-22 09:47:18.559  1746  1746 V SettingsProvider: Notifying for 0: content://settings/secure/reminder_exp_learning_time_elapsed
04-22 09:47:18.590  1746  1770 I WindowManager:   SURFACE show Surface(name=NavigationBar0)/@0xa15cd81 on display:0: NavigationBar0
04-22 09:47:18.595  1746  1769 I WindowManager: All windows ready for display!
04-22 09:47:18.596  1746  1767 W WindowManager: Setting mWindowManagerDrawComplete
04-22 09:47:18.597  1746  1770 I WindowManager:   SURFACE show Surface(name=com.android.systemui.ImageWallpaper)/@0xa055929 on display:0: com.android.systemui.ImageWallpaper
04-22 09:47:18.603  1746  1784 I DisplayPowerController: Unblocked screen on after 114 ms
04-22 09:47:18.625  1746 11668 V WindowManager: Changing focus from Window{271e7f2 u0 AOD} to Window{6c10f2d u0 StatusBar} displayId=0
04-22 09:47:18.639  1746 11668 D NotificationListeners: Disabling component com.motorola.motodisplay/.notification.DisplayNotifListenerService
04-22 09:47:18.765  1746  1784 W PowerManagerService: Screen on took 310 ms
04-22 09:47:18.765  1746  1784 I DreamManagerService: Gently waking up from dream.
04-22 09:47:18.765  1746  1746 I WindowManager: Finished waking up... (why=ON_BECAUSE_OF_USER)
04-22 09:47:18.765  1746  1766 I DreamManagerService: Performing gentle wake from dream.
04-22 09:47:18.822  1746  3667 I DreamManagerService: Leaving dreamland.
04-22 09:47:18.822  1746  1766 I DreamManagerService: Performing gentle wake from dream.
04-22 09:47:18.822  1746  1766 I DreamController: Stopping dream: name=ComponentInfo{com.android.systemui/com.android.systemui.doze.DozeService}, isTest=false, canDoze=true, userId=0
04-22 09:47:18.907  1746  1767 D WindowManager: powerPress: eventTime=18944748 interactive=true count=1 beganFromNonInteractive=true mShortPressOnPowerBehavior=1
04-22 09:47:19.779  1746  2235 D ActivityTaskManager: Top Process State changed to PROCESS_STATE_TOP
04-22 09:47:19.852  1746  1777 I ActivityManager: Start proc 23316:com.motorola.timeweatherwidget/u0a204 for content provider {com.motorola.timeweatherwidget/com.motorola.commandcenter.weather.AssistReceiver}
04-22 09:47:19.878  1746  1770 I WindowManager: Window drawn AppWindowToken{67332e3 token=Token{7ac1b12 ActivityRecord{c39da9d u0 com.motorola.launcher3/com.android.launcher3.CustomizationPanelLauncher t4}}}
04-22 09:47:19.883  1746  1770 I WindowManager:   SURFACE show Surface(name=com.motorola.launcher3/com.android.launcher3.CustomizationPanelLauncher)/@0xdbb320c on display:0: com.motorola.launcher3/com.android.launcher3.CustomizationPanelLauncher
04-22 09:47:19.897  1746  1746 V SettingsProvider: Notifying for 0: content://settings/secure/reminder_exp_learning_time_elapsed
04-22 09:47:19.923  1746  1770 I WindowManager:   SURFACE show Surface(name=com.motorola.launcher3/com.android.launcher3.CustomizationPanelLauncher)/@0x1ef62f8 on display:0: com.motorola.launcher3/com.android.launcher3.CustomizationPanelLauncher
04-22 09:47:19.933  1746  1769 W UsageStatsService: Event reported without a package name, eventType:18
04-22 09:47:19.939  1746  1776 W BroadcastQueue: Background execution not allowed: receiving Intent { act=android.intent.action.USER_PRESENT flg=0x24200010 } to com.android.chrome/org.chromium.chrome.browser.sharing.click_to_call.ClickToCallMessageHandler$PhoneUnlockedReceiver
04-22 09:47:19.940  1746  1776 W BroadcastQueue: Background execution not allowed: receiving Intent { act=android.intent.action.USER_PRESENT flg=0x24200010 } to com.google.android.gms/.auth.setup.devicesignals.LockScreenReceiver
04-22 09:47:19.940  1746  1776 W BroadcastQueue: Background execution not allowed: receiving Intent { act=android.intent.action.USER_PRESENT flg=0x24200010 } to com.google.android.gms/.chimera.GmsIntentOperationService$PersistentTrustedReceiver
04-22 09:47:19.958  1746  6609 V WindowManager: Changing focus from Window{6c10f2d u0 StatusBar} to Window{d40a2d0 u0 com.motorola.launcher3/com.android.launcher3.CustomizationPanelLauncher} displayId=0
04-22 09:47:20.092  1746  4804 I WindowManager:   SURFACE SIZE set 720x56 on display:0: StatusBar
04-22 09:47:20.207  1746  1777 I ActivityManager: Start proc 23360:com.android.providers.calendar/u0a59 for content provider {com.android.providers.calendar/com.android.providers.calendar.CalendarProvider2}
04-22 09:47:21.867  1746 16268 D AdbDebuggingManager: Received connected key message: QAAAAJsW1zttIEjF5aAph24UgOsxA5TDFtz8W8aeC5bPPKzhlmSYcWe9qESzFYTCsXj+XD8sqv4bHOO59U8o0HvLhZjbXS+GZv0u71u5B1lIFGNLzdtQ34R2WNUHxS8hUelJiT5SCYnfHilVcRLPv78IXDx/IjgyMpacnqGWZcN5LCsz/dpxrgvQs5xbPGTCv/+xxL2gIDHUxXZZ9Q0ob5nBCv8guT0keKBuimJNyR4I9x1hwQGTMvWP2pVErKr1O+qOqY25GKtlVlxTxZT2v24ClrVZEM0rVi7m0fmiDPB/f2E6qpLzWkqvw/gkLRtQYJOD19fhstE//ItNlvO5rIBm68X6oceo+sYcfh9y0Dn+/GEOw9JYBaqWDuZo+dAlKb0r/iu4sFGK+00aE076E305Ny2HgAVDnivPpZpR67VdThyGcyC2knjanofbyXnpqY24Brh/WkNejcmNLDsnvYdAFBwhbAEwh8NROVWFraKnUpjCXrmI1sdqSeLicwFlWcEB/SWyyNVd0s3KfVVbbCJZyS8O4E5mCcwTYIDTvXD1PclW691xCLWGHL2deSsoN0V/rrTBk9g+8LyLkyq/ImmQUuy7HkCK6AZPkSKeztJsUxQtPw6L9XaAFhvqtu2Qd6FILPj63OX5vMW6fUW9vfhejWOaks+R2f4hOS19GTF6AVa/F+eICwEAAQA= ryana@RYAN-KANN-GAMIN
04-22 09:47:21.868  1746  1766 D AdbDebuggingManager: Logging key QAAAAJsW1zttIEjF5aAph24UgOsxA5TDFtz8W8aeC5bPPKzhlmSYcWe9qESzFYTCsXj+XD8sqv4bHOO59U8o0HvLhZjbXS+GZv0u71u5B1lIFGNLzdtQ34R2WNUHxS8hUelJiT5SCYnfHilVcRLPv78IXDx/IjgyMpacnqGWZcN5LCsz/dpxrgvQs5xbPGTCv/+xxL2gIDHUxXZZ9Q0ob5nBCv8guT0keKBuimJNyR4I9x1hwQGTMvWP2pVErKr1O+qOqY25GKtlVlxTxZT2v24ClrVZEM0rVi7m0fmiDPB/f2E6qpLzWkqvw/gkLRtQYJOD19fhstE//ItNlvO5rIBm68X6oceo+sYcfh9y0Dn+/GEOw9JYBaqWDuZo+dAlKb0r/iu4sFGK+00aE076E305Ny2HgAVDnivPpZpR67VdThyGcyC2knjanofbyXnpqY24Brh/WkNejcmNLDsnvYdAFBwhbAEwh8NROVWFraKnUpjCXrmI1sdqSeLicwFlWcEB/SWyyNVd0s3KfVVbbCJZyS8O4E5mCcwTYIDTvXD1PclW691xCLWGHL2deSsoN0V/rrTBk9g+8LyLkyq/ImmQUuy7HkCK6AZPkSKeztJsUxQtPw6L9XaAFhvqtu2Qd6FILPj63OX5vMW6fUW9vfhejWOaks+R2f4hOS19GTF6AVa/F+eICwEAAQA= ryana@RYAN-KANN-GAMIN, state = 4, alwaysAllow = true, lastConnectionTime = 1619099241867, authWindow = 604800000
04-22 09:48:01.557  1746  1776 I ActivityManager: Killing 20996:com.google.android.permissioncontroller/u0a74 (adj 985): empty #17
04-22 09:48:01.613  1746  6609 D ActivityManager: makeInactive, ProcessRecord{69a113 20996:com.google.android.permissioncontroller/u0a74}, clear holder.state
04-22 09:48:02.029  1746 10308 W AppOps  : Noting op not finished: uid 10157 pkg com.google.android.gms code 79 time=1619099239804 duration=-1
04-22 09:48:02.035  1746 10308 W AppOps  : Noting op not finished: uid 10157 pkg com.google.android.gms code 79 time=1619099282029 duration=0
04-22 09:48:11.964  1746  2064 D BatteryService: uevent={POWER_SUPPLY_DP_DM=0, POWER_SUPPLY_VOLTAGE_NOW=4023341, POWER_SUPPLY_SW_JEITA_ENABLED=0, POWER_SUPPLY_CHARGE_CONTROL_LIMIT_MAX=8, POWER_SUPPLY_RECHARGE_SOC=99, POWER_SUPPLY_HEALTH=Good, POWER_SUPPLY_TECHNOLOGY=Li-ion, POWER_SUPPLY_FCC_STEPPER_ENABLE=0, SEQNUM=611429, POWER_SUPPLY_INPUT_CURRENT_LIMITED=0, POWER_SUPPLY_CHARGE_CONTROL_LIMIT=0, POWER_SUPPLY_BATTERY_CHARGING_ENABLED=1, POWER_SUPPLY_STATUS=Discharging, POWER_SUPPLY_CYCLE_COUNT=1, POWER_SUPPLY_CURRENT_MAX=2000000, POWER_SUPPLY_CHARGE_TERM_CURRENT=-101, POWER_SUPPLY_CAPACITY=72, DEVPATH=/devices/platform/soc/200f000.qcom,spmi/spmi-0/spmi0-02/200f000.qcom,spmi:qcom,pmi632@2:qcom,qpnp-smb5/power_supply/battery, POWER_SUPPLY_CHARGE_DONE=0, POWER_SUPPLY_CHARGE_TYPE=N/A, POWER_SUPPLY_CHARGE_RATE=None, POWER_SUPPLY_CURRENT_NOW=-220337, POWER_SUPPLY_SYSTEM_TEMP_LEVEL=0, POWER_SUPPLY_PRESENT=1, POWER_SUPPLY_PARALLEL_DISABLE=0, POWER_SUPPLY_CHARGE_FULL=3615000, SUBSYSTEM=power_supply, POWER_SUPPLY_SET_SHIP_MODE=0, POWER_SUPPLY_TEMP=212, ACTION=change, POWER_SUPPLY_RERUN_AICL=0, POWER_SUPPLY_AGE=100, POWER_SUPPLY_NAME=battery, POWER_SUPPLY_VOLTAGE_MAX=-22, POWER_SUPPLY_CONSTANT_CHARGE_CURRENT_MAX=2000000, POWER_SUPPLY_CHARGE_COUNTER=2602800, POWER_SUPPLY_STEP_CHARGING_ENABLED=0, POWER_SUPPLY_NUM_SYSTEM_TEMP_LEVELS=8, POWER_SUPPLY_DIE_HEALTH=Hot, POWER_SUPPLY_INPUT_SUSPEND=0}
04-22 09:49:00.592  1746  2235 I ActivityManager: Force stopping com.google.location.nearby.apps.connectedcrossroad appid=10216 user=0: from pid 23580
04-22 09:49:02.327  1746  2235 W AppOps  : Noting op not finished: uid 10157 pkg com.google.android.gms code 79 time=1619099282035 duration=0
04-22 09:49:02.332  1746  2235 W AppOps  : Noting op not finished: uid 10157 pkg com.google.android.gms code 79 time=1619099342327 duration=0
04-22 09:49:07.223 20936 23621 D SystemConfig: Removed unavailable feature android.hardware.sensor.gyroscope
04-22 09:49:07.230 20936 23621 W SystemConfig: No directory /oem/etc/sysconfig, skipping
04-22 09:49:07.230 20936 23621 W SystemConfig: No directory /oem/etc/permissions, skipping
04-22 09:49:07.358 20936 23621 W SystemConfig: No directory /system/etc/motorola/bgintents, skipping
04-22 09:49:07.358 20936 23621 W SystemConfig: No directory /oem/etc/motorola/bgintents, skipping
04-22 09:49:07.363 20936 23621 W SystemConfig: No directory /product_services/etc/sysconfig, skipping
04-22 09:49:07.364 20936 23621 W SystemConfig: No directory /product_services/etc/permissions, skipping
04-22 09:49:07.364 20936 23621 W SystemConfig: No directory /system/etc/motorola/sysconfig, skipping
04-22 09:49:07.364 20936 23621 W SystemConfig: No directory /oem/etc/motorola/sysconfig, skipping
04-22 09:49:07.365 20936 23621 W SystemConfig: No directory /product/etc/motorola/sysconfig, skipping
04-22 09:49:08.036  1746  1791 I PackageManager: Update package com.google.location.nearby.apps.connectedcrossroad code path from /data/app/com.google.location.nearby.apps.connectedcrossroad-c4ArFECWFmvTUSzO-nIFwA== to /data/app/com.google.location.nearby.apps.connectedcrossroad-ySXJSfc0aITTkkdvYfHOww==; Retain data and using new
04-22 09:49:08.036  1746  1791 I PackageManager: Update package com.google.location.nearby.apps.connectedcrossroad resource path from /data/app/com.google.location.nearby.apps.connectedcrossroad-c4ArFECWFmvTUSzO-nIFwA== to /data/app/com.google.location.nearby.apps.connectedcrossroad-ySXJSfc0aITTkkdvYfHOww==; Retain data and using new
04-22 09:49:08.190  1746  1791 I PackageManager: Un-granting permission android.permission.MANAGE_DOCUMENTS from package com.google.android.youtube (protectionLevel=262146 flags=0x30dbbe45)
04-22 09:49:08.193  1746  1791 I PackageManager: Un-granting permission com.google.android.googleapps.permission.GOOGLE_AUTH from package com.android.providers.calendar (protectionLevel=2 flags=0x30883e45)
04-22 09:49:08.193  1746  1791 I PackageManager: Un-granting permission com.google.android.googleapps.permission.GOOGLE_AUTH.cl from package com.android.providers.calendar (protectionLevel=2 flags=0x30883e45)
04-22 09:49:08.193  1746  1791 I PackageManager: Un-granting permission com.google.android.gm.permission.READ_GMAIL from package com.google.android.apps.docs.editors.docs (protectionLevel=2 flags=0x38dbbe44)
04-22 09:49:08.193  1746  1791 I PackageManager: Un-granting permission com.google.android.googleapps.permission.GOOGLE_AUTH from package com.google.android.apps.docs.editors.docs (protectionLevel=2 flags=0x38dbbe44)
04-22 09:49:08.193  1746  1791 I PackageManager: Un-granting permission com.google.android.googleapps.permission.GOOGLE_AUTH.OTHER_SERVICES from package com.google.android.apps.docs.editors.docs (protectionLevel=2 flags=0x38dbbe44)
04-22 09:49:08.194  1746  1791 I PackageManager: Un-granting permission com.google.android.googleapps.permission.GOOGLE_AUTH.ALL_SERVICES from package com.google.android.apps.docs.editors.docs (protectionLevel=2 flags=0x38dbbe44)
04-22 09:49:08.194  1746  1791 I PackageManager: Un-granting permission com.google.android.googleapps.permission.GOOGLE_AUTH.writely from package com.google.android.apps.docs.editors.docs (protectionLevel=2 flags=0x38dbbe44)
04-22 09:49:08.194  1746  1791 I PackageManager: Un-granting permission com.google.android.googleapps.permission.GOOGLE_AUTH.wise from package com.google.android.apps.docs.editors.docs (protectionLevel=2 flags=0x38dbbe44)
04-22 09:49:08.194  1746  1791 I PackageManager: Un-granting permission android.permission.REQUEST_INSTALL_PACKAGES from package com.motorola.brapps (protectionLevel=66 flags=0x38483e45)
04-22 09:49:08.195  1746  1791 I PackageManager: Un-granting permission com.google.android.gm.permission.READ_GMAIL from package com.google.android.apps.docs.editors.sheets (protectionLevel=2 flags=0x38dbbe44)
04-22 09:49:08.196  1746  1791 I PackageManager: Un-granting permission com.google.android.googleapps.permission.GOOGLE_AUTH from package com.google.android.apps.docs.editors.sheets (protectionLevel=2 flags=0x38dbbe44)
04-22 09:49:08.196  1746  1791 I PackageManager: Un-granting permission com.google.android.googleapps.permission.GOOGLE_AUTH.OTHER_SERVICES from package com.google.android.apps.docs.editors.sheets (protectionLevel=2 flags=0x38dbbe44)
04-22 09:49:08.196  1746  1791 I PackageManager: Un-granting permission com.google.android.googleapps.permission.GOOGLE_AUTH.ALL_SERVICES from package com.google.android.apps.docs.editors.sheets (protectionLevel=2 flags=0x38dbbe44)
04-22 09:49:08.196  1746  1791 I PackageManager: Un-granting permission com.google.android.googleapps.permission.GOOGLE_AUTH.writely from package com.google.android.apps.docs.editors.sheets (protectionLevel=2 flags=0x38dbbe44)
04-22 09:49:08.196  1746  1791 I PackageManager: Un-granting permission com.google.android.googleapps.permission.GOOGLE_AUTH.wise from package com.google.android.apps.docs.editors.sheets (protectionLevel=2 flags=0x38dbbe44)
04-22 09:49:08.196  1746  1791 I PackageManager: Un-granting permission com.google.android.gm.permission.READ_GMAIL from package com.google.android.apps.docs.editors.slides (protectionLevel=2 flags=0x38dbbe44)
04-22 09:49:08.196  1746  1791 I PackageManager: Un-granting permission com.google.android.googleapps.permission.GOOGLE_AUTH from package com.google.android.apps.docs.editors.slides (protectionLevel=2 flags=0x38dbbe44)
04-22 09:49:08.196  1746  1791 I PackageManager: Un-granting permission com.google.android.googleapps.permission.GOOGLE_AUTH.OTHER_SERVICES from package com.google.android.apps.docs.editors.slides (protectionLevel=2 flags=0x38dbbe44)
04-22 09:49:08.196  1746  1791 I PackageManager: Un-granting permission com.google.android.googleapps.permission.GOOGLE_AUTH.ALL_SERVICES from package com.google.android.apps.docs.editors.slides (protectionLevel=2 flags=0x38dbbe44)
04-22 09:49:08.196  1746  1791 I PackageManager: Un-granting permission com.google.android.googleapps.permission.GOOGLE_AUTH.writely from package com.google.android.apps.docs.editors.slides (protectionLevel=2 flags=0x38dbbe44)
04-22 09:49:08.196  1746  1791 I PackageManager: Un-granting permission com.google.android.googleapps.permission.GOOGLE_AUTH.wise from package com.google.android.apps.docs.editors.slides (protectionLevel=2 flags=0x38dbbe44)
04-22 09:49:08.196  1746  1791 I PackageManager: Un-granting permission com.google.android.setupwizard.READ_DEVICE_ORIGIN from package com.google.android.apps.messaging (protectionLevel=18 flags=0x38cbbe45)
04-22 09:49:08.199  1746  1791 I PackageManager: Un-granting permission android.permission.SEND_DOWNLOAD_COMPLETED_INTENTS from package com.android.vending (protectionLevel=2 flags=0x28cabec5)
04-22 09:49:08.203  1746  1791 I PackageManager: Un-granting permission android.permission.BIND_CARRIER_SERVICES from package com.republicwireless.tel (protectionLevel=18 flags=0x30483e45)
04-22 09:49:08.203  1746  1791 I PackageManager: Un-granting permission android.permission.REQUEST_INSTALL_PACKAGES from package com.google.android.gm (protectionLevel=66 flags=0x38cbbe45)
04-22 09:49:08.206  1746  1791 I PackageManager: Un-granting permission android.permission.MANAGE_ROLE_HOLDERS from package com.google.android.apps.wellbeing (protectionLevel=258 flags=0x20cbbe45)
04-22 09:49:08.206  1746  1791 I PackageManager: Un-granting permission android.permission.REQUEST_INSTALL_PACKAGES from package com.google.android.apps.nbu.files (protectionLevel=66 flags=0x30c83e45)
04-22 09:49:08.207  1746  1791 I PackageManager: Un-granting permission android.permission.REQUEST_INSTALL_PACKAGES from package com.google.android.apps.docs (protectionLevel=66 flags=0x38cbbe45)
04-22 09:49:08.208  1746  1791 I PackageManager: Un-granting permission android.permission.INTERACT_ACROSS_USERS from package com.google.android.syncadapters.contacts (protectionLevel=50 flags=0x20883e45)
04-22 09:49:08.208  1746  1791 I PackageManager: Un-granting permission android.permission.REQUEST_INSTALL_PACKAGES from package com.android.chrome (protectionLevel=66 flags=0xa0cbbe45)
04-22 09:49:08.208  1746  1791 I PackageManager: Un-granting permission android.permission.CAPTURE_VIDEO_OUTPUT from package com.google.android.gms (protectionLevel=2 flags=0xa0cabec5)
04-22 09:49:08.209  1746  1791 I PackageManager: Un-granting permission android.permission.MANAGE_DEVICE_ADMINS from package com.google.android.gms (protectionLevel=2 flags=0xa0cabec5)
04-22 09:49:08.209  1746  1791 I PackageManager: Un-granting permission android.permission.MANAGE_ACTIVITY_STACKS from package com.google.android.gms (protectionLevel=2 flags=0xa0cabec5)
04-22 09:49:08.209  1746  1791 I PackageManager: Un-granting permission android.permission.CAPTURE_SECURE_VIDEO_OUTPUT from package com.google.android.gms (protectionLevel=2 flags=0xa0cabec5)
04-22 09:49:08.209  1746  1791 I PackageManager: Un-granting permission android.permission.MANAGE_ROLLBACKS from package com.google.android.gms (protectionLevel=514 flags=0xa0cabec5)
04-22 09:49:08.211  1746  1791 I PackageManager: Un-granting permission com.google.android.googleapps.permission.GOOGLE_AUTH from package com.google.android.videos (protectionLevel=2 flags=0x30dbbe45)
04-22 09:49:08.212  1746  1791 I PackageManager: Un-granting permission android.permission.WRITE_MEDIA_STORAGE from package com.google.android.apps.photos (protectionLevel=18 flags=0x38d9be45)
04-22 09:49:08.215  1746  1791 I PackageManager: Un-granting permission android.permission.CONNECTIVITY_INTERNAL from package com.google.android.wfcactivation (protectionLevel=18 flags=0x3888be45)
04-22 09:49:08.215  1746  1791 I PackageManager: Un-granting permission android.permission.READ_LOGS from package com.google.android.wfcactivation (protectionLevel=50 flags=0x3888be45)
04-22 09:49:08.215  1746  1791 I PackageManager: Un-granting permission android.permission.WRITE_APN_SETTINGS from package com.google.android.wfcactivation (protectionLevel=18 flags=0x3888be45)
04-22 09:49:08.215  1746  1791 I PackageManager: Un-granting permission android.permission.WRITE_SECURE_SETTINGS from package com.LogiaGroup.LogiaDeck (protectionLevel=50 flags=0x38483e45)
04-22 09:49:08.217  1746  1791 I PackageManager: Un-granting permission android.permission.READ_WALLPAPER_INTERNAL from package com.google.android.apps.wallpaper (protectionLevel=18 flags=0x20cbbe45)
04-22 09:49:08.342  1746  2082 W AccountManagerService: User 10216 does not exist. It might be removed already.
04-22 09:49:08.355  1746  2662 W LocationProviderProxy: Odd, no component found for service com.android.location.service.v3.NetworkLocationProvider
04-22 09:49:08.355  1746  1776 W BroadcastQueue: Background execution not allowed: receiving Intent { act=android.intent.action.PACKAGE_REMOVED dat=package:com.google.location.nearby.apps.connectedcrossroad flg=0x4000010 (has extras) } to com.android.vending/com.google.android.finsky.packagemanager.impl.PackageMonitorReceiverImpl$RegisteredReceiver
04-22 09:49:08.376  1746  1776 W BroadcastQueue: Background execution not allowed: receiving Intent { act=android.intent.action.PACKAGE_REMOVED dat=package:com.google.location.nearby.apps.connectedcrossroad flg=0x4000010 (has extras) } to com.android.vending/com.google.android.finsky.instantapps.appmanagement.InstantAppRemoveMonitor
04-22 09:49:08.391  1746  1776 W BroadcastQueue: Background execution not allowed: receiving Intent { act=android.intent.action.PACKAGE_REMOVED dat=package:com.google.location.nearby.apps.connectedcrossroad flg=0x4000010 (has extras) } to com.google.android.gms/.games.chimera.GamesSystemBroadcastReceiverProxy
04-22 09:49:08.397  1746  1776 W BroadcastQueue: Background execution not allowed: receiving Intent { act=android.intent.action.PACKAGE_REMOVED dat=package:com.google.location.nearby.apps.connectedcrossroad flg=0x4000010 (has extras) } to com.google.android.gms/.chimera.GmsIntentOperationService$PersistentTrustedReceiver
04-22 09:49:08.397  1746  1776 W BroadcastQueue: Background execution not allowed: receiving Intent { act=android.intent.action.PACKAGE_REMOVED dat=package:com.google.location.nearby.apps.connectedcrossroad flg=0x4000010 (has extras) } to com.google.android.googlequicksearchbox/com.google.android.apps.gsa.googlequicksearchbox.GelStubAppWatcher
04-22 09:49:08.397  1746  1776 W BroadcastQueue: Background execution not allowed: receiving Intent { act=android.intent.action.PACKAGE_REMOVED dat=package:com.google.location.nearby.apps.connectedcrossroad flg=0x4000010 (has extras) } to com.verizon.loginengine.unbranded/com.verizon.vzwavs.AVSSystemReceiver
