04-20 20:37:35.839 17704 17704 W ActivityThread: serviceStart lasts for 6308 ms, ServiceArgsData = ServiceArgsData{token=android.os.BinderProxy@8bd9152 startId=52 args=Intent { act=com.google.android.location.internal.action.FLP_AR_RESULT pkg=com.google.android.gms cmp=com.google.android.gms/com.google.android.location.internal.PendingIntentCallbackService (has extras) }}
04-20 20:39:41.807 17704 17704 W ActivityThread: serviceStart starts in 8211 ms, ServiceArgsData = ServiceArgsData{token=android.os.BinderProxy@8bd9152 startId=55 args=Intent { act=com.google.android.location.internal.action.AR_TRANSITION_RESULT pkg=com.google.android.gms cmp=com.google.android.gms/com.google.android.location.internal.PendingIntentCallbackService (has extras) }}
04-20 20:39:41.810 17704 17704 W ActivityThread: serviceStart starts in 8208 ms, ServiceArgsData = ServiceArgsData{token=android.os.BinderProxy@8bd9152 startId=56 args=Intent { act=com.google.android.location.internal.action.FLP_AR_RESULT pkg=com.google.android.gms cmp=com.google.android.gms/com.google.android.location.internal.PendingIntentCallbackService (has extras) }}
04-20 20:39:48.146  1746  1776 I chatty  : uid=1000(system) ActivityManager expire 4 lines
04-20 20:45:41.482  1746  9368 I chatty  : uid=1000(system) Binder:1746_1B expire 1 line
04-20 20:45:41.484  1746  4978 I chatty  : uid=1000(system) Binder:1746_14 expire 8 lines
04-20 20:45:41.484  1746  2251 I chatty  : uid=1000(system) ConnectivitySer expire 52 lines
04-20 20:45:44.930  1746  1777 I chatty  : uid=1000(system) ActivityManager expire 6 lines
04-20 20:45:48.832  1746  1767 I chatty  : uid=1000(system) android.ui expire 1 line
04-20 20:45:48.834  1746  1746 I chatty  : uid=1000 system_server expire 8 lines
04-20 20:45:58.849  1746  6032 I chatty  : uid=1000(system) Binder:1746_17 expire 1 line
04-20 20:45:58.977 32540 32540 W ActivityThread: serviceCreate starts in 14000 ms, CreateServiceData = CreateServiceData{token=android.os.BinderProxy@5faafe className=com.google.android.finsky.setup.PlaySetupServiceV2 packageName=com.android.vending intent=null}
04-20 20:46:07.039  1746  3667 I chatty  : uid=1000(system) Binder:1746_10 expire 6 lines
04-20 20:46:07.051 32641 32641 W ActivityThread: serviceCreate starts in 2218 ms, CreateServiceData = CreateServiceData{token=android.os.BinderProxy@73aa984 className=com.google.android.finsky.ipcservers.downloadservice.DownloadServiceGrpcServerAndroidService packageName=com.android.vending intent=null}
04-20 20:46:07.094  1746  9368 I chatty  : uid=1000(system) Binder:1746_1B expire 4 lines
04-20 20:53:00.343  1746  2064 I chatty  : uid=1000(system) UEventObserver expire 6 lines
04-20 20:56:08.599  1746  9754 I chatty  : uid=1000(system) Binder:1746_1D expire 2 lines
04-20 21:09:49.212  1746  1776 I chatty  : uid=1000(system) ActivityManager expire 6 lines
04-20 21:09:51.574  1746  9425 I chatty  : uid=1000(system) Binder:1746_1C expire 1 line
04-20 21:34:23.421  1746  3668 I chatty  : uid=1000(system) Binder:1746_11 expire 1 line
04-20 21:40:00.615  1746  1766 I chatty  : uid=1000(system) android.fg expire 2 lines
04-20 21:40:00.862  1746  7304 I chatty  : uid=1000(system) Binder:1746_1A expire 3 lines
04-20 21:40:01.689  1746  4978 I chatty  : uid=1000(system) Binder:1746_14 expire 8 lines
04-20 21:40:10.487  1746  1775 I chatty  : uid=1000(system) android.bg expire 2 lines
04-20 21:40:14.119  1746  1766 I chatty  : uid=1000(system) android.fg expire 5 lines
04-20 21:40:15.194  1746 28883 I chatty  : uid=1000(system) HwBinder:1746_5 expire 1 line
04-20 21:43:58.699  1746  2064 I chatty  : uid=1000(system) UEventObserver expire 20 lines
04-20 22:00:00.001  1746  1746 I chatty  : uid=1000 system_server expire 15 lines
04-20 22:30:31.153  1746  2251 I chatty  : uid=1000(system) ConnectivitySer expire 15 lines
04-20 22:30:31.746  1746  1776 I chatty  : uid=1000(system) ActivityManager expire 8 lines
04-20 22:30:31.806  1746 11668 I chatty  : uid=1000(system) Binder:1746_20 expire 3 lines
04-20 22:30:34.270  1746  2165 I chatty  : uid=1000(system) NetworkWatchlis expire 2 lines
04-20 22:30:34.272  1746  1777 I chatty  : uid=1000(system) ActivityManager expire 4 lines
04-20 22:30:35.560  1746  3667 I chatty  : uid=1000(system) Binder:1746_10 expire 2 lines
04-20 22:30:53.847  1746  3447 I chatty  : uid=1000(system) Binder:1746_E expire 1 line
04-20 22:30:53.871  1746  4965 I chatty  : uid=1000(system) Binder:1746_13 expire 1 line
04-20 22:30:53.873  1746  2827 I chatty  : uid=1000(system) Binder:1746_B expire 1 line
04-20 22:30:53.873  1746  2557 I chatty  : uid=1000(system) Binder:1746_8 expire 2 lines
04-20 22:31:39.391  1746  3666 I chatty  : uid=1000(system) Binder:1746_F expire 3 lines
04-20 23:33:37.141  1746  1767 I chatty  : uid=1000(system) android.ui expire 1 line
04-21 00:22:18.059  1746  2387 I chatty  : uid=1000(system) Binder:1746_5 expire 3 lines
04-21 00:22:18.201  1746  2251 I chatty  : uid=1000(system) ConnectivitySer expire 18 lines
04-21 00:22:18.545  1746  1777 I chatty  : uid=1000(system) ActivityManager expire 10 lines
04-21 00:22:18.569  1746  9425 I chatty  : uid=1000(system) Binder:1746_1C expire 2 lines
04-21 00:22:18.579  1746  1776 I chatty  : uid=1000(system) ActivityManager expire 5 lines
04-21 00:22:18.639  1746  2739 I chatty  : uid=1000(system) Binder:1746_9 expire 2 lines
04-21 00:22:19.000 20429 20577 W Binder  : reply too large data on java level: InterfaceDescriptor = null, code = 46
04-21 00:22:22.658  1746  2827 I chatty  : uid=1000(system) Binder:1746_B expire 6 lines
04-21 00:22:23.521  1746  4965 I chatty  : uid=1000(system) Binder:1746_13 expire 6 lines
04-21 00:22:23.577  1746  2828 I chatty  : uid=1000(system) Binder:1746_C expire 3 lines
04-21 00:22:24.109 20429 20575 W Binder  : reply too large data on java level: InterfaceDescriptor = null, code = 46
04-21 00:22:24.371  1746  5873 I chatty  : uid=1000(system) Binder:1746_16 expire 8 lines
04-21 00:22:26.730  1746  1764 I chatty  : uid=1000(system) Binder:1746_1 expire 3 lines
04-21 00:22:29.174 20429 20863 W Binder  : reply too large data on java level: InterfaceDescriptor = null, code = 46
04-21 00:22:29.352  1746  1746 I chatty  : uid=1000 system_server expire 10 lines
04-21 00:22:29.373  1746 11668 I chatty  : uid=1000(system) Binder:1746_20 expire 1 line
04-21 00:22:29.767 20429  2370 D SystemConfig: Removed unavailable feature android.hardware.sensor.gyroscope
04-21 00:22:29.781 20429  2370 W SystemConfig: No directory /oem/etc/sysconfig, skipping
04-21 00:22:29.781 20429  2370 W SystemConfig: No directory /oem/etc/permissions, skipping
04-21 00:22:30.151 20429  2370 W SystemConfig: No directory /system/etc/motorola/bgintents, skipping
04-21 00:22:30.151 20429  2370 W SystemConfig: No directory /oem/etc/motorola/bgintents, skipping
04-21 00:22:30.198 20429  2370 W SystemConfig: No directory /product_services/etc/sysconfig, skipping
04-21 00:22:30.198 20429  2370 W SystemConfig: No directory /product_services/etc/permissions, skipping
04-21 00:22:30.198 20429  2370 W SystemConfig: No directory /system/etc/motorola/sysconfig, skipping
04-21 00:22:30.198 20429  2370 W SystemConfig: No directory /oem/etc/motorola/sysconfig, skipping
04-21 00:22:30.198 20429  2370 W SystemConfig: No directory /product/etc/motorola/sysconfig, skipping
04-21 00:22:30.453 20429  2370 W PackageParser: Unknown element under <manifest>: queries at /data/user_de/0/com.google.android.gms/app_chimera/m/0000000a/AdsDynamite.apk Binary XML file line #5
04-21 00:22:30.718 20429 20483 W PackageParser: Unknown element under <manifest>: queries at /data/user_de/0/com.google.android.gms/app_chimera/m/0000000a/AdsDynamite.apk Binary XML file line #5
04-21 00:22:32.298  1746  2662 I chatty  : uid=1000(system) android.fg expire 1 line
04-21 00:22:32.371  1746  1777 I chatty  : uid=1000(system) ActivityManager expire 4 lines
04-21 00:22:32.552  2621  2683 D SystemConfig: Removed unavailable feature android.hardware.sensor.gyroscope
04-21 00:22:32.554  2621  2683 W SystemConfig: No directory /oem/etc/sysconfig, skipping
04-21 00:22:32.554  2621  2683 W SystemConfig: No directory /oem/etc/permissions, skipping
04-21 00:22:32.593  2621  2683 W SystemConfig: No directory /system/etc/motorola/bgintents, skipping
04-21 00:22:32.593  2621  2683 W SystemConfig: No directory /oem/etc/motorola/bgintents, skipping
04-21 00:22:32.595  2621  2683 W SystemConfig: No directory /product_services/etc/sysconfig, skipping
04-21 00:22:32.595  2621  2683 W SystemConfig: No directory /product_services/etc/permissions, skipping
04-21 00:22:32.595  2621  2683 W SystemConfig: No directory /system/etc/motorola/sysconfig, skipping
04-21 00:22:32.595  2621  2683 W SystemConfig: No directory /oem/etc/motorola/sysconfig, skipping
04-21 00:22:32.596  2621  2683 W SystemConfig: No directory /product/etc/motorola/sysconfig, skipping
04-21 00:22:32.920  1746  1775 I chatty  : uid=1000(system) android.bg expire 3 lines
04-21 00:22:34.056 32540 32540 W ActivityThread: serviceCreate starts in 2683 ms, CreateServiceData = CreateServiceData{token=android.os.BinderProxy@5c949ba className=com.google.android.finsky.zapp.PlayModuleService packageName=com.android.vending intent=null}
04-21 00:22:34.203 20429 20447 W Binder  : reply too large data on java level: InterfaceDescriptor = null, code = 46
04-21 00:22:34.544 20429  1412 W PackageParser: Unknown element under <manifest>: queries at /data/user_de/0/com.google.android.gms/app_chimera/m/0000000a/AdsDynamite.apk Binary XML file line #5
04-21 00:22:34.969  1746  2444 I chatty  : uid=1000(system) Binder:1746_7 expire 2 lines
04-21 00:22:35.004  1746  6032 I chatty  : uid=1000(system) Binder:1746_17 expire 3 lines
04-21 00:22:35.822 20429 20455 W PackageParser: Unknown element under <manifest>: queries at /data/user_de/0/com.google.android.gms/app_chimera/m/0000000a/AdsDynamite.apk Binary XML file line #5
04-21 00:22:36.077 20429 20455 W PackageParser: Unknown element under <manifest>: queries at /data/user_de/0/com.google.android.gms/app_chimera/m/0000000a/AdsDynamite.apk Binary XML file line #5
04-21 00:22:39.254 20429 20446 W Binder  : reply too large data on java level: InterfaceDescriptor = null, code = 46
04-21 00:22:39.645  1746  5335 I chatty  : uid=1000(system) Binder:1746_15 expire 1 line
04-21 00:22:43.417  1746  2396 I chatty  : uid=1000(system) Binder:1746_6 expire 4 lines
04-21 00:22:43.464  1746  3666 I chatty  : uid=1000(system) Binder:1746_F expire 2 lines
04-21 00:22:44.324 20429 20495 W Binder  : reply too large data on java level: InterfaceDescriptor = null, code = 46
04-21 00:22:47.900  1746 10308 I chatty  : uid=1000(system) Binder:1746_1F expire 1 line
04-21 00:22:47.903  1746  2245 I chatty  : uid=1000(system) WifiService expire 1 line
04-21 00:22:47.906  1746  3667 I chatty  : uid=1000(system) Binder:1746_10 expire 1 line
04-21 00:22:47.915  1746  1769 I chatty  : uid=1000(system) android.display expire 1 line
04-21 00:22:49.395 20429 20495 W Binder  : reply too large data on java level: InterfaceDescriptor = null, code = 46
04-21 00:23:57.378 20429 20503 W Binder  : reply too large data on java level: InterfaceDescriptor = null, code = 46
04-21 00:25:57.418  1746  2064 I chatty  : uid=1000(system) UEventObserver expire 18 lines
04-21 00:26:11.012 20429 20503 W Binder  : reply too large data on java level: InterfaceDescriptor = null, code = 46
04-21 00:26:34.979 20429 20503 W Binder  : reply too large data on java level: InterfaceDescriptor = null, code = 46
04-21 00:28:17.518 20429 20503 W Binder  : reply too large data on java level: InterfaceDescriptor = null, code = 46
04-21 00:30:07.546 20429 20503 W Binder  : reply too large data on java level: InterfaceDescriptor = null, code = 46
04-21 00:32:50.109 20429 20503 W Binder  : reply too large data on java level: InterfaceDescriptor = null, code = 46
04-21 00:34:27.813 20429 20503 W Binder  : reply too large data on java level: InterfaceDescriptor = null, code = 46
04-21 00:35:10.111  1746  6032 I chatty  : uid=1000(system) Binder:1746_17 expire 1 line
04-21 00:36:39.056 20429 20503 W Binder  : reply too large data on java level: InterfaceDescriptor = null, code = 46
04-21 00:38:10.015 20429 20503 W Binder  : reply too large data on java level: InterfaceDescriptor = null, code = 46
04-21 00:39:30.361 20429 20503 W Binder  : reply too large data on java level: InterfaceDescriptor = null, code = 46
04-21 00:41:00.360 20429 20503 W Binder  : reply too large data on java level: InterfaceDescriptor = null, code = 46
04-21 00:42:38.111 20429 20503 W Binder  : reply too large data on java level: InterfaceDescriptor = null, code = 46
04-21 00:44:38.106  1746  2828 I chatty  : uid=1000(system) Binder:1746_C expire 1 line
04-21 00:44:38.195 20429 20503 W Binder  : reply too large data on java level: InterfaceDescriptor = null, code = 46
04-21 00:44:38.213  1746  7304 I chatty  : uid=1000(system) Binder:1746_1A expire 2 lines
04-21 00:45:45.811 20429 20503 W Binder  : reply too large data on java level: InterfaceDescriptor = null, code = 46
04-21 00:47:19.447 20429 20503 W Binder  : reply too large data on java level: InterfaceDescriptor = null, code = 46
04-21 00:48:03.675 20429 20503 W Binder  : reply too large data on java level: InterfaceDescriptor = null, code = 46
04-21 00:49:18.347 20429 20503 W Binder  : reply too large data on java level: InterfaceDescriptor = null, code = 46
04-21 00:49:59.162  1746  1777 I chatty  : uid=1000(system) ActivityManager expire 9 lines
04-21 00:49:59.203  1746  2740 I chatty  : uid=1000(system) Binder:1746_A expire 3 lines
04-21 00:49:59.250  1746  4804 I chatty  : uid=1000(system) Binder:1746_12 expire 1 line
04-21 00:49:59.250  1746  1765 I chatty  : uid=1000(system) Binder:1746_2 expire 3 lines
04-21 00:49:59.250  1746  2251 I chatty  : uid=1000(system) ConnectivitySer expire 23 lines
04-21 00:49:59.251  1746  2387 I chatty  : uid=1000(system) Binder:1746_5 expire 1 line
04-21 00:50:09.048  2914  2914 D ActivityThread: Loading provider contacts;com.android.contacts: com.android.providers.contacts.ContactsProvider2
04-21 00:50:28.894  1746  3667 I chatty  : uid=1000(system) Binder:1746_10 expire 2 lines
04-21 00:57:01.539 20429 20429 W ActivityThread: serviceCreate lasts for 7572 ms, CreateServiceData = CreateServiceData{token=android.os.BinderProxy@d1f2707 className=com.google.android.gms.chimera.GmsIntentOperationService packageName=com.google.android.gms intent=null}
04-21 00:57:01.540 20429 20429 W ActivityThread: serviceStart starts in 7576 ms, ServiceArgsData = ServiceArgsData{token=android.os.BinderProxy@d1f2707 startId=1 args=Intent { act=com.google.android.gms.icing.proxy.ACTION_UPDATE cat=[targeted_intent_op_prefix:.icing.proxy.UpdateIcingCorporaIntentOperation] cmp=com.google.android.gms/.chimera.GmsIntentOperationService (has extras) }}
04-21 01:24:24.543  1746  9916 I chatty  : uid=1000(system) Binder:1746_1E expire 2 lines
04-21 01:34:35.255  1746  1766 I chatty  : uid=1000(system) android.fg expire 4 lines
04-21 01:34:38.997  1746  1780 I chatty  : uid=1000(system) batterystats-wo expire 3 lines
04-21 03:27:33.686  1746  1767 I chatty  : uid=1000(system) android.ui expire 1 line
04-21 03:27:33.692  1746  1746 I chatty  : uid=1000 system_server expire 4 lines
04-21 04:12:56.751  1746  1776 I chatty  : uid=1000(system) ActivityManager expire 5 lines
04-21 04:12:56.856  1746  1764 I chatty  : uid=1000(system) Binder:1746_1 expire 4 lines
04-21 04:12:59.677  1746  2444 I chatty  : uid=1000(system) Binder:1746_7 expire 2 lines
04-21 04:13:00.086  1746  2557 I chatty  : uid=1000(system) Binder:1746_8 expire 1 line
04-21 04:13:02.827  1746  7096 I chatty  : uid=1000(system) Binder:1746_19 expire 1 line
04-21 04:13:02.852  1746  9425 I chatty  : uid=1000(system) Binder:1746_1C expire 2 lines
04-21 04:13:26.720  1746 11668 I chatty  : uid=1000(system) Binder:1746_20 expire 6 lines
04-21 04:13:26.788  1746  7096 I chatty  : uid=1000(system) Binder:1746_19 expire 4 lines
04-21 04:13:26.792  1746  2387 I chatty  : uid=1000(system) Binder:1746_5 expire 2 lines
04-21 04:13:26.795  1746  9754 I chatty  : uid=1000(system) Binder:1746_1D expire 9 lines
04-21 04:20:57.502  1746  2064 I chatty  : uid=1000(system) UEventObserver expire 10 lines
04-21 05:41:28.662  1746  1775 I chatty  : uid=1000(system) android.bg expire 2 lines
04-21 06:31:55.141  1746  1777 I chatty  : uid=1000(system) ActivityManager expire 9 lines
04-21 06:32:04.124  1746  2444 I chatty  : uid=1000(system) Binder:1746_7 expire 1 line
04-21 07:00:00.009  1746  1746 I chatty  : uid=1000 system_server expire 10 lines
04-21 07:00:27.821  3278  3278 W ActivityThread: serviceCreate starts in 23819 ms, CreateServiceData = CreateServiceData{token=android.os.BinderProxy@881a48c className=com.motorola.motocare.internal.batterystats.BatteryStatsIntentService packageName=com.motorola.motocare.internal intent=null}
04-21 07:00:27.838  3278  3278 W ActivityThread: serviceStart starts in 23835 ms, ServiceArgsData = ServiceArgsData{token=android.os.BinderProxy@881a48c startId=1 args=Intent { act=com.motorola.motocare.INTENT_PERFORM_ACTION flg=0x10 cmp=com.motorola.motocare.internal/.batterystats.BatteryStatsIntentService (has extras) }}
04-21 07:10:08.507  1746  1766 I chatty  : uid=1000(system) android.fg expire 3 lines
04-21 07:21:38.146  1746  2064 I chatty  : uid=1000(system) UEventObserver expire 12 lines
04-21 07:25:49.525  1746  1776 I chatty  : uid=1000(system) ActivityManager expire 7 lines
04-21 10:03:39.420  1746  2251 I chatty  : uid=1000(system) ConnectivitySer expire 21 lines
04-21 10:03:40.094  1746  4965 I chatty  : uid=1000(system) Binder:1746_13 expire 2 lines
04-21 10:03:42.351 20429 20456 W PackageParser: Unknown element under <manifest>: queries at /data/user_de/0/com.google.android.gms/app_chimera/m/0000000a/AdsDynamite.apk Binary XML file line #5
04-21 10:03:42.495  1746  2165 I chatty  : uid=1000(system) NetworkWatchlis expire 2 lines
04-21 10:03:42.518  1746  1746 I chatty  : uid=1000 system_server expire 1 line
04-21 10:03:46.027  1746  2739 I chatty  : uid=1000(system) Binder:1746_9 expire 4 lines
04-21 10:03:46.187 20429 20456 W PackageParser: Unknown element under <manifest>: queries at /data/user_de/0/com.google.android.gms/app_chimera/m/0000000a/AdsDynamite.apk Binary XML file line #5
04-21 10:03:46.731 20429 20455 W PackageParser: Unknown element under <manifest>: queries at /data/user_de/0/com.google.android.gms/app_chimera/m/0000000a/AdsDynamite.apk Binary XML file line #5
04-21 10:03:46.942 20429 20455 W PackageParser: Unknown element under <manifest>: queries at /data/user_de/0/com.google.android.gms/app_chimera/m/0000000a/AdsDynamite.apk Binary XML file line #5
04-21 10:03:47.528 20429 20463 W PackageParser: Unknown element under <manifest>: queries at /data/user_de/0/com.google.android.gms/app_chimera/m/0000000a/AdsDynamite.apk Binary XML file line #5
04-21 10:03:47.577  1746  9368 I chatty  : uid=1000(system) Binder:1746_1B expire 3 lines
04-21 10:03:47.581  1746  2041 I chatty  : uid=1000(system) Binder:1746_3 expire 2 lines
04-21 10:03:47.631 20429 20463 W PackageParser: Unknown element under <manifest>: queries at /data/user_de/0/com.google.android.gms/app_chimera/m/s/dl-AdsFdrDynamite.integ_210890500100000.apk Binary XML file line #5
04-21 10:03:47.713 20429 20463 W PackageParser: Unknown element under <manifest>: queries at /data/user_de/0/com.google.android.gms/app_chimera/m/0000000a/AdsDynamite.apk Binary XML file line #5
04-21 10:03:47.787 20429 20463 W PackageParser: Unknown element under <manifest>: queries at /data/user_de/0/com.google.android.gms/app_chimera/m/00000018/dl-AdsFdrDynamite.integ_210890500100000.apk Binary XML file line #5
04-21 10:04:01.012  1746  2396 I chatty  : uid=1000(system) Binder:1746_6 expire 2 lines
04-21 10:04:09.117  1746  4978 I chatty  : uid=1000(system) Binder:1746_14 expire 1 line
04-21 10:04:09.130  1746  5335 I chatty  : uid=1000(system) Binder:1746_15 expire 5 lines
04-21 10:04:17.356  1746  2251 I chatty  : uid=1000(system) ConnectivitySer expire 10 lines
04-21 10:04:17.363  1746  1746 I chatty  : uid=1000 system_server expire 9 lines
04-21 10:05:48.624  1746  1780 I chatty  : uid=1000(system) batterystats-wo expire 4 lines
04-21 10:11:40.045  1746  2064 I chatty  : uid=1000(system) UEventObserver expire 26 lines
04-21 10:23:42.101  1746  1765 I chatty  : uid=1000(system) Binder:1746_2 expire 5 lines
04-21 10:30:29.120  1746  1766 I chatty  : uid=1000(system) android.fg expire 5 lines
04-21 10:38:00.787  7136  7136 W ActivityThread: serviceCreate lasts for 7701 ms, CreateServiceData = CreateServiceData{token=android.os.BinderProxy@34c498 className=com.motorola.ccc.ota.env.SystemUpdateQSTile packageName=com.motorola.ccc.ota intent=null}
04-21 11:00:21.880  1746  1775 I chatty  : uid=1000(system) android.bg expire 4 lines
04-21 11:04:21.217  1746  1777 I chatty  : uid=1000(system) ActivityManager expire 11 lines
04-21 11:04:45.737 20429 20429 W ActivityThread: serviceCreate lasts for 4508 ms, CreateServiceData = CreateServiceData{token=android.os.BinderProxy@7e7b0fb className=com.google.firebase.auth.api.gms.service.FirebaseAuthService packageName=com.google.android.gms intent=null}
04-21 11:05:23.419  4375  4375 W ActivityThread: serviceCreate starts in 62140 ms, CreateServiceData = CreateServiceData{token=android.os.BinderProxy@de5a211 className=com.motorola.feedback.quicksettings.FeedBackTileService packageName=com.motorola.help intent=null}
04-21 11:11:23.644  1746  4978 I chatty  : uid=1000(system) Binder:1746_14 expire 1 line
04-21 11:11:23.710  1746  9368 I chatty  : uid=1000(system) Binder:1746_1B expire 5 lines
04-21 11:11:23.713  1746 10308 I chatty  : uid=1000(system) Binder:1746_1F expire 8 lines
04-21 12:32:24.571  1746  1764 I chatty  : uid=1000(system) Binder:1746_1 expire 4 lines
04-21 15:20:48.008  1746  1767 I chatty  : uid=1000(system) android.ui expire 1 line
04-21 15:54:59.198  1746 11668 I chatty  : uid=1000(system) Binder:1746_20 expire 2 lines
04-21 15:54:59.261  1746  2041 I chatty  : uid=1000(system) Binder:1746_3 expire 5 lines
04-21 15:54:59.387  4669  4669 D ActivityThread: Loading provider contacts;com.android.contacts: com.android.providers.contacts.ContactsProvider2
04-21 15:54:59.535  1746  1776 I chatty  : uid=1000(system) ActivityManager expire 3 lines
04-21 15:54:59.827  1746  2387 I chatty  : uid=1000(system) Binder:1746_5 expire 1 line
04-21 15:54:59.976 20429 20577 W Binder  : reply too large data on java level: InterfaceDescriptor = null, code = 46
04-21 15:55:00.138  7136 13349 E ActivityThread: Failed to find provider info for com.motorola.ccc.cce.datausage
04-21 15:55:00.590  7136 13348 E ActivityThread: Failed to find provider info for com.motorola.ccc.cce.datausage
04-21 15:55:00.902  7136 13349 E ActivityThread: Failed to find provider info for com.motorola.ccc.cce.datausage
04-21 15:55:01.748  7136 13348 E ActivityThread: Failed to find provider info for com.motorola.ccc.cce.datausage
04-21 15:55:02.136  7136 13349 E ActivityThread: Failed to find provider info for com.motorola.ccc.cce.datausage
04-21 15:55:02.717  1746  7096 I chatty  : uid=1000(system) Binder:1746_19 expire 1 line
04-21 15:55:03.596  1746  9916 I chatty  : uid=1000(system) Binder:1746_1E expire 5 lines
04-21 15:55:03.672  1746  9425 I chatty  : uid=1000(system) Binder:1746_1C expire 2 lines
04-21 15:55:03.714  1746  9754 I chatty  : uid=1000(system) Binder:1746_1D expire 1 line
04-21 15:55:03.738  4173  4173 I ActivityThread: Removing dead content provider:android.content.ContentProviderProxy@c1c7e8f
04-21 15:55:05.109 20429 20447 W Binder  : reply too large data on java level: InterfaceDescriptor = null, code = 46
04-21 15:55:06.045  1746  6032 I chatty  : uid=1000(system) Binder:1746_17 expire 3 lines
04-21 15:55:10.164 20429 20447 W Binder  : reply too large data on java level: InterfaceDescriptor = null, code = 46
04-21 15:55:10.174  1746  2444 I chatty  : uid=1000(system) Binder:1746_7 expire 1 line
04-21 15:55:13.590  1746  2064 I chatty  : uid=1000(system) UEventObserver expire 1 line
04-21 15:55:15.195 20429 21932 W Binder  : reply too large data on java level: InterfaceDescriptor = null, code = 46
04-21 15:55:20.273 20429 21932 W Binder  : reply too large data on java level: InterfaceDescriptor = null, code = 46
04-21 15:55:20.778  1746  3667 I chatty  : uid=1000(system) Binder:1746_10 expire 1 line
04-21 15:55:25.307 20429 20447 W Binder  : reply too large data on java level: InterfaceDescriptor = null, code = 46
04-21 15:55:29.380  1746  2251 I chatty  : uid=1000(system) ConnectivitySer expire 11 lines
04-21 15:55:30.391 20429 20447 W Binder  : reply too large data on java level: InterfaceDescriptor = null, code = 46
04-21 15:55:34.923  1746  9368 I chatty  : uid=1000(system) Binder:1746_1B expire 4 lines
04-21 15:55:34.982  1746 10308 I chatty  : uid=1000(system) Binder:1746_1F expire 2 lines
04-21 15:55:35.452 20429 20447 W Binder  : reply too large data on java level: InterfaceDescriptor = null, code = 46
04-21 15:56:00.809 20429 20447 I chatty  : uid=10157(com.google.android.gms) identical 5 lines
04-21 15:56:31.898 20429 20447 W Binder  : reply too large data on java level: InterfaceDescriptor = null, code = 46
04-21 15:58:07.120 20429 20447 W Binder  : reply too large data on java level: InterfaceDescriptor = null, code = 46
04-21 15:59:11.693  1746  2064 I chatty  : uid=1000(system) UEventObserver expire 14 lines
04-21 15:59:17.146 20429 20447 W Binder  : reply too large data on java level: InterfaceDescriptor = null, code = 46
04-21 16:00:29.389 20429 20447 W Binder  : reply too large data on java level: InterfaceDescriptor = null, code = 46
04-21 16:01:53.134 20429 20447 W Binder  : reply too large data on java level: InterfaceDescriptor = null, code = 46
04-21 16:03:06.014 20429 20447 W Binder  : reply too large data on java level: InterfaceDescriptor = null, code = 46
04-21 16:04:16.057 20429 20447 W Binder  : reply too large data on java level: InterfaceDescriptor = null, code = 46
04-21 16:05:01.846 20429 20447 W Binder  : reply too large data on java level: InterfaceDescriptor = null, code = 46
04-21 16:06:26.686 20429 20447 W Binder  : reply too large data on java level: InterfaceDescriptor = null, code = 46
04-21 16:07:46.750 20429 20447 W Binder  : reply too large data on java level: InterfaceDescriptor = null, code = 46
04-21 16:09:57.305 20429 20447 W Binder  : reply too large data on java level: InterfaceDescriptor = null, code = 46
04-21 16:32:06.951  1746  9425 I chatty  : uid=1000(system) Binder:1746_1C expire 1 line
04-21 17:29:53.417  1746  1766 I chatty  : uid=1000(system) android.fg expire 6 lines
04-21 17:30:30.005  1746  1780 I chatty  : uid=1000(system) batterystats-wo expire 1 line
04-21 17:51:59.343  1746  1777 I chatty  : uid=1000(system) ActivityManager expire 10 lines
04-21 17:52:36.504  1746  9916 I chatty  : uid=1000(system) Binder:1746_1E expire 2 lines
04-21 17:52:45.935  1746  1764 I chatty  : uid=1000(system) Binder:1746_1 expire 4 lines
04-21 17:52:45.939  1746  2387 I chatty  : uid=1000(system) Binder:1746_5 expire 4 lines
04-21 18:51:09.726  1746  1768 I chatty  : uid=1000(system) android.io expire 2 lines
04-21 19:04:08.434  1746  1784 I chatty  : uid=1000(system) PowerManagerSer expire 20 lines
04-21 19:04:08.447  1746  3667 I chatty  : uid=1000(system) Binder:1746_10 expire 3 lines
04-21 19:04:08.447  1746  1767 I chatty  : uid=1000(system) android.ui expire 6 lines
04-21 19:04:08.457  1746  1769 I chatty  : uid=1000(system) android.display expire 8 lines
04-21 19:04:13.362  1746  2251 I chatty  : uid=1000(system) ConnectivitySer expire 13 lines
04-21 19:04:13.780  1746  6609 I chatty  : uid=1000(system) Binder:1746_18 expire 2 lines
04-21 19:04:13.784  1746  1776 I chatty  : uid=1000(system) ActivityManager expire 4 lines
04-21 19:04:14.053  7136 13348 E ActivityThread: Failed to find provider info for com.motorola.ccc.cce.datausage
04-21 19:04:16.828  1746  3668 I chatty  : uid=1000(system) Binder:1746_11 expire 2 lines
04-21 19:04:17.357  1746  2041 I chatty  : uid=1000(system) Binder:1746_3 expire 4 lines
04-21 19:04:17.522  1746  7096 I chatty  : uid=1000(system) Binder:1746_19 expire 2 lines
04-21 19:04:18.679  1746  3407 I chatty  : uid=1000(system) Binder:1746_D expire 2 lines
04-21 19:04:18.728  1746  2396 I chatty  : uid=1000(system) Binder:1746_6 expire 1 line
04-21 19:04:20.337  1746  2444 I chatty  : uid=1000(system) Binder:1746_7 expire 2 lines
04-21 19:04:24.896  1746  9754 I chatty  : uid=1000(system) Binder:1746_1D expire 1 line
04-21 19:04:27.902  1746  2828 I chatty  : uid=1000(system) Binder:1746_C expire 1 line
04-21 19:04:27.908  1746  2739 I chatty  : uid=1000(system) Binder:1746_9 expire 2 lines
04-21 19:04:29.656  1746  2828 I chatty  : uid=1000(system) Binder:1746_C expire 5 lines
04-21 19:04:29.674  1746  2041 I chatty  : uid=1000(system) Binder:1746_3 expire 6 lines
04-21 19:04:29.676  1746  2444 I chatty  : uid=1000(system) Binder:1746_7 expire 8 lines
04-21 19:04:29.676  1746  2251 I chatty  : uid=1000(system) ConnectivitySer expire 11 lines
04-21 19:04:32.167  1746  1784 I chatty  : uid=1000(system) PowerManagerSer expire 12 lines
04-21 19:04:32.202  1746  1769 I chatty  : uid=1000(system) android.display expire 4 lines
04-21 19:04:39.840  1746  1767 I chatty  : uid=1000(system) android.ui expire 2 lines
04-21 19:04:43.590  1746  1746 I chatty  : uid=1000 system_server expire 6 lines
04-21 19:04:43.639  1746  3668 I chatty  : uid=1000(system) Binder:1746_11 expire 4 lines
04-21 19:04:44.024  7136  8411 E ActivityThread: Failed to find provider info for com.motorola.ccc.cce.datausage
04-21 19:04:44.709  7136 13258 E ActivityThread: Failed to find provider info for com.motorola.ccc.cce.datausage
04-21 19:04:49.761  1746  6032 I chatty  : uid=1000(system) Binder:1746_17 expire 2 lines
04-21 19:05:28.578  1746  9754 I chatty  : uid=1000(system) Binder:1746_1D expire 3 lines
04-21 19:06:41.695 17704 17704 W ActivityThread: serviceStart lasts for 11716 ms, ServiceArgsData = ServiceArgsData{token=android.os.BinderProxy@8bd9152 startId=77 args=Intent { act=com.google.android.location.internal.action.AR_TRANSITION_RESULT pkg=com.google.android.gms cmp=com.google.android.gms/com.google.android.location.internal.PendingIntentCallbackService (has extras) }}
04-21 19:06:41.695 17704 17704 W ActivityThread: serviceStart starts in 11703 ms, ServiceArgsData = ServiceArgsData{token=android.os.BinderProxy@8bd9152 startId=78 args=Intent { act=com.google.android.location.internal.action.FLP_AR_RESULT pkg=com.google.android.gms cmp=com.google.android.gms/com.google.android.location.internal.PendingIntentCallbackService (has extras) }}
04-21 19:07:29.524  1746  2064 I chatty  : uid=1000(system) UEventObserver expire 2 lines
04-21 19:08:48.315  1746  1775 I chatty  : uid=1000(system) android.bg expire 5 lines
04-21 19:08:48.364  1746  2257 I chatty  : uid=1000(system) onProviders.ECP expire 2 lines
04-21 19:09:01.572  1746  1777 I chatty  : uid=1000(system) ActivityManager expire 9 lines
04-21 19:09:02.902  1746  3338 I chatty  : uid=1000(system) backup-0 expire 5 lines
04-21 19:09:02.918  1746  2165 I chatty  : uid=1000(system) NetworkWatchlis expire 2 lines
04-21 19:09:03.420  1746  6609 I chatty  : uid=1000(system) Binder:1746_18 expire 1 line
04-21 19:09:03.679  1746  2136 I chatty  : uid=1000(system) AlarmManager expire 1 line
04-21 19:09:03.928  1746  2827 I chatty  : uid=1000(system) Binder:1746_B expire 9 lines
04-21 19:09:04.405  1746  9425 I chatty  : uid=1000(system) Binder:1746_1C expire 5 lines
04-21 19:09:04.516  1746  4978 I chatty  : uid=1000(system) Binder:1746_14 expire 3 lines
04-21 19:11:34.527  1746  2396 I chatty  : uid=1000(system) Binder:1746_6 expire 1 line
04-21 19:11:41.588 17704 17704 W ActivityThread: serviceStart lasts for 7059 ms, ServiceArgsData = ServiceArgsData{token=android.os.BinderProxy@8bd9152 startId=88 args=Intent { act=com.google.android.location.internal.action.FLP_AR_RESULT pkg=com.google.android.gms cmp=com.google.android.gms/com.google.android.location.internal.PendingIntentCallbackService (has extras) }}
04-21 19:13:41.681 17704 17704 W ActivityThread: serviceStart lasts for 5637 ms, ServiceArgsData = ServiceArgsData{token=android.os.BinderProxy@8bd9152 startId=92 args=Intent { act=com.google.android.location.internal.action.FLP_AR_RESULT pkg=com.google.android.gms cmp=com.google.android.gms/com.google.android.location.internal.PendingIntentCallbackService (has extras) }}
04-21 19:16:03.458  1746  2251 I chatty  : uid=1000(system) ConnectivitySer expire 11 lines
04-21 19:16:04.153 20429 20495 W Binder  : reply too large data on java level: InterfaceDescriptor = null, code = 46
04-21 19:16:06.825  1746 10308 I chatty  : uid=1000(system) Binder:1746_1F expire 3 lines
04-21 19:16:08.629  1746  2251 I chatty  : uid=1000(system) ConnectivitySer expire 4 lines
04-21 19:16:19.414 20429  5080 W Binder  : reply too large data on java level: InterfaceDescriptor = null, code = 46
04-21 19:17:12.086 20429 20429 W ActivityThread: serviceCreate lasts for 19858 ms, CreateServiceData = CreateServiceData{token=android.os.BinderProxy@b19eb19 className=com.google.android.gms.icing.service.AppIndexingService packageName=com.google.android.gms intent=null}
04-21 19:17:28.183  1746  3668 I chatty  : uid=1000(system) Binder:1746_11 expire 8 lines
04-21 19:17:36.426 20429 21932 W Binder  : reply too large data on java level: InterfaceDescriptor = null, code = 46
04-21 19:18:08.282  1746  1746 I chatty  : uid=1000 system_server expire 10 lines
04-21 19:18:22.185 20429 21932 W Binder  : reply too large data on java level: InterfaceDescriptor = null, code = 46
04-21 19:18:25.273  1746  1784 I chatty  : uid=1000(system) PowerManagerSer expire 20 lines
04-21 19:18:25.281  1746  2827 I chatty  : uid=1000(system) Binder:1746_B expire 1 line
04-21 19:18:25.281  1746  1767 I chatty  : uid=1000(system) android.ui expire 11 lines
04-21 19:18:25.327  1746  1769 I chatty  : uid=1000(system) android.display expire 11 lines
04-21 19:18:29.670  1746  9368 I chatty  : uid=1000(system) Binder:1746_1B expire 1 line
04-21 19:18:29.714 20429 21932 W Binder  : reply too large data on java level: InterfaceDescriptor = null, code = 46
04-21 19:18:32.572  1746 16268 I chatty  : uid=1000(system) AdbDebuggingMan expire 1 line
04-21 19:18:32.573  1746  1766 I chatty  : uid=1000(system) android.fg expire 4 lines
04-21 19:18:34.779 20429 21932 W Binder  : reply too large data on java level: InterfaceDescriptor = null, code = 46
04-21 19:18:38.596  1746  1775 I chatty  : uid=1000(system) android.bg expire 2 lines
04-21 19:18:39.862 20429 21932 W Binder  : reply too large data on java level: InterfaceDescriptor = null, code = 46
04-21 19:18:55.066 20429 21932 I chatty  : uid=10157(com.google.android.gms) identical 10 lines
04-21 19:19:00.134 20429 21932 W Binder  : reply too large data on java level: InterfaceDescriptor = null, code = 46
04-21 19:19:04.023  1746  2064 I chatty  : uid=1000(system) UEventObserver expire 2 lines
04-21 19:19:05.219 20429 21932 W Binder  : reply too large data on java level: InterfaceDescriptor = null, code = 46
04-21 19:19:40.719 20429 21932 W Binder  : reply too large data on java level: InterfaceDescriptor = null, code = 46
04-21 19:19:45.176  1746  7096 I chatty  : uid=1000(system) Binder:1746_19 expire 2 lines
04-21 19:19:45.788 20429 21932 W Binder  : reply too large data on java level: InterfaceDescriptor = null, code = 46
04-21 19:19:48.779  1746  1784 I chatty  : uid=1000(system) PowerManagerSer expire 27 lines
04-21 19:19:50.863 20429 21932 W Binder  : reply too large data on java level: InterfaceDescriptor = null, code = 46
04-21 19:20:01.039 20429 21932 W Binder  : reply too large data on java level: InterfaceDescriptor = null, code = 46
04-21 19:20:06.108 20429 21932 W Binder  : reply too large data on java level: InterfaceDescriptor = null, code = 46
04-21 19:20:08.246  1746  1769 I chatty  : uid=1000(system) android.display expire 4 lines
04-21 19:20:08.640  1746 11668 I chatty  : uid=1000(system) Binder:1746_20 expire 4 lines
04-21 19:20:09.216  1746  2163 I chatty  : uid=1000(system) InputReader expire 1 line
04-21 19:20:09.389  1746  3447 I chatty  : uid=1000(system) Binder:1746_E expire 1 line
04-21 19:20:09.494  1746  7304 I chatty  : uid=1000(system) Binder:1746_1A expire 3 lines
04-21 19:20:09.538  1746  1770 I chatty  : uid=1000(system) android.anim expire 2 lines
04-21 19:20:09.688  1746  6032 I chatty  : uid=1000(system) Binder:1746_17 expire 14 lines
04-21 19:20:20.113  1746  1784 I chatty  : uid=1000(system) PowerManagerSer expire 9 lines
04-21 19:20:20.118  1746  1766 I chatty  : uid=1000(system) android.fg expire 4 lines
04-21 19:20:20.222  1746  1746 I chatty  : uid=1000 system_server expire 11 lines
04-21 19:20:20.322  1746  7304 I chatty  : uid=1000(system) Binder:1746_1A expire 5 lines
04-21 19:20:20.579  1746  7096 I chatty  : uid=1000(system) Binder:1746_19 expire 3 lines
04-21 19:20:20.612  1746  1770 I chatty  : uid=1000(system) android.anim expire 14 lines
04-21 19:20:59.860  1746  9754 I chatty  : uid=1000(system) Binder:1746_1D expire 6 lines
04-21 19:20:59.860  1746  1767 I chatty  : uid=1000(system) android.ui expire 3 lines
04-21 19:20:59.902  1746  1769 I chatty  : uid=1000(system) android.display expire 4 lines
04-21 19:21:00.241  1746  2163 I chatty  : uid=1000(system) InputReader expire 1 line
04-21 19:21:00.249  1746  4978 I chatty  : uid=1000(system) Binder:1746_14 expire 1 line
04-21 19:21:11.082  2315  2315 V FingerprintManager: showFodIndicator show:true by (com.android.systemui)
04-21 19:21:11.093  1746  2251 I chatty  : uid=1000(system) ConnectivitySer expire 8 lines
04-21 19:21:11.437  1746  2827 I chatty  : uid=1000(system) Binder:1746_B expire 6 lines
04-21 19:21:11.495  1746  1776 I chatty  : uid=1000(system) ActivityManager expire 3 lines
04-21 19:21:14.190  1746  1777 I chatty  : uid=1000(system) ActivityManager expire 7 lines
04-21 19:21:15.395  1746  1765 I chatty  : uid=1000(system) Binder:1746_2 expire 1 line
04-21 19:21:15.549  6894  6894 D SystemConfig: Removed unavailable feature android.hardware.sensor.gyroscope
04-21 19:21:15.551  6894  6894 W SystemConfig: No directory /oem/etc/sysconfig, skipping
04-21 19:21:15.551  6894  6894 W SystemConfig: No directory /oem/etc/permissions, skipping
04-21 19:21:15.605  6894  6894 W SystemConfig: No directory /system/etc/motorola/bgintents, skipping
04-21 19:21:15.605  6894  6894 W SystemConfig: No directory /oem/etc/motorola/bgintents, skipping
04-21 19:21:15.608  6894  6894 W SystemConfig: No directory /product_services/etc/sysconfig, skipping
04-21 19:21:15.608  6894  6894 W SystemConfig: No directory /product_services/etc/permissions, skipping
04-21 19:21:15.609  6894  6894 W SystemConfig: No directory /system/etc/motorola/sysconfig, skipping
04-21 19:21:15.609  6894  6894 W SystemConfig: No directory /oem/etc/motorola/sysconfig, skipping
04-21 19:21:15.609  6894  6894 W SystemConfig: No directory /product/etc/motorola/sysconfig, skipping
04-21 19:21:16.628  1746  2064 I chatty  : uid=1000(system) UEventObserver expire 3 lines
04-21 19:21:21.872  1746  2828 I chatty  : uid=1000(system) Binder:1746_C expire 1 line
04-21 19:21:40.315  1746  9368 I chatty  : uid=1000(system) Binder:1746_1B expire 4 lines
04-21 19:22:35.821  1746  1775 I chatty  : uid=1000(system) android.bg expire 2 lines
04-21 19:23:51.929  1746  2740 I chatty  : uid=1000(system) Binder:1746_A expire 1 line
04-21 19:23:51.995  1746  3668 I chatty  : uid=1000(system) Binder:1746_11 expire 7 lines
04-21 19:23:52.027  1746  9425 I chatty  : uid=1000(system) Binder:1746_1C expire 3 lines
04-21 19:23:52.039  1746  3668 I chatty  : uid=1000(system) Binder:1746_11 expire 7 lines
04-21 19:23:52.126  1746  1777 I chatty  : uid=1000(system) ActivityManager expire 9 lines
04-21 19:24:13.761  1746  1746 I chatty  : uid=1000 system_server expire 1 line
04-21 19:24:13.826  1746  2387 I chatty  : uid=1000(system) Binder:1746_5 expire 2 lines
04-21 19:24:18.046  1746  3667 I chatty  : uid=1000(system) Binder:1746_10 expire 1 line
04-21 19:24:20.952  1746  2064 I chatty  : uid=1000(system) UEventObserver expire 19 lines
04-21 19:24:45.626  1746  2557 I chatty  : uid=1000(system) Binder:1746_8 expire 2 lines
04-21 19:24:45.675  1746  2739 I chatty  : uid=1000(system) Binder:1746_9 expire 1 line
04-21 19:24:45.703  1746  3447 I chatty  : uid=1000(system) Binder:1746_E expire 1 line
04-21 19:24:45.703  1746  3407 I chatty  : uid=1000(system) Binder:1746_D expire 2 lines
04-21 19:24:45.703  1746  2251 I chatty  : uid=1000(system) ConnectivitySer expire 1 line
04-21 19:24:45.704  1746  4804 I chatty  : uid=1000(system) Binder:1746_12 expire 4 lines
04-21 19:24:56.381  1746  9754 I chatty  : uid=1000(system) Binder:1746_1D expire 5 lines
04-21 19:29:03.813  1746  1776 I chatty  : uid=1000(system) ActivityManager expire 4 lines
04-21 19:33:51.893  1746 10308 I chatty  : uid=1000(system) Binder:1746_1F expire 3 lines
04-21 19:35:22.534  1746  1780 I chatty  : uid=1000(system) batterystats-wo expire 5 lines
04-21 19:35:22.649  1746  1775 I chatty  : uid=1000(system) android.bg expire 2 lines
04-21 19:40:12.598  1746  5335 I chatty  : uid=1000(system) Binder:1746_15 expire 1 line
04-21 19:40:46.280  1746  5873 I chatty  : uid=1000(system) Binder:1746_16 expire 1 line
04-21 19:40:46.718  9174  9202 D SystemConfig: Removed unavailable feature android.hardware.sensor.gyroscope
04-21 19:40:46.732  9174  9202 W SystemConfig: No directory /oem/etc/sysconfig, skipping
04-21 19:40:46.732  9174  9202 W SystemConfig: No directory /oem/etc/permissions, skipping
04-21 19:40:47.009  9174  9202 W SystemConfig: No directory /system/etc/motorola/bgintents, skipping
04-21 19:40:47.009  9174  9202 W SystemConfig: No directory /oem/etc/motorola/bgintents, skipping
04-21 19:40:47.019  9174  9202 W SystemConfig: No directory /product_services/etc/sysconfig, skipping
04-21 19:40:47.019  9174  9202 W SystemConfig: No directory /product_services/etc/permissions, skipping
04-21 19:40:47.019  9174  9202 W SystemConfig: No directory /system/etc/motorola/sysconfig, skipping
04-21 19:40:47.019  9174  9202 W SystemConfig: No directory /oem/etc/motorola/sysconfig, skipping
04-21 19:40:47.020  9174  9202 W SystemConfig: No directory /product/etc/motorola/sysconfig, skipping
04-21 19:40:52.897  1746  1791 I chatty  : uid=1000(system) PackageManager expire 45 lines
04-21 19:40:53.230  1746  2082 I chatty  : uid=1000(system) AccountManagerS expire 1 line
04-21 19:40:53.234  1746  1776 I chatty  : uid=1000(system) ActivityManager expire 24 lines
04-21 19:40:53.252  1746  2662 I chatty  : uid=1000(system) android.fg expire 1 line
04-21 19:40:53.286  1746  1777 I chatty  : uid=1000(system) ActivityManager expire 5 lines
04-21 19:40:53.463  1746  4804 I chatty  : uid=1000(system) Binder:1746_12 expire 3 lines
04-21 19:40:53.507  1746  1766 I chatty  : uid=1000(system) android.fg expire 2 lines
04-21 19:40:53.510  1746  1746 I chatty  : uid=1000 system_server expire 13 lines
04-21 19:40:53.884  1746  2387 I chatty  : uid=1000(system) Binder:1746_5 expire 5 lines
04-21 19:40:53.931  1746  1770 I chatty  : uid=1000(system) android.anim expire 7 lines
04-21 19:40:54.307  1746 10308 I chatty  : uid=1000(system) Binder:1746_1F expire 1 line
04-21 19:40:54.399  1746  9368 I chatty  : uid=1000(system) Binder:1746_1B expire 3 lines
04-21 19:40:54.401  1746  1769 I chatty  : uid=1000(system) android.display expire 1 line
04-21 19:41:01.996  1746  9916 I chatty  : uid=1000(system) Binder:1746_1E expire 2 lines
04-21 19:41:02.586  1746  2253 I chatty  : uid=1000(system) NsdService expire 5 lines
04-21 19:41:03.305  9495  9495 D ActivityThread: Loading provider contacts;com.android.contacts: com.android.providers.contacts.ContactsProvider2
04-21 19:41:10.026  1746  6609 I chatty  : uid=1000(system) Binder:1746_18 expire 1 line
04-21 19:41:10.027  1746  2251 I chatty  : uid=1000(system) ConnectivitySer expire 1 line
04-21 19:41:10.027  1746  2235 I chatty  : uid=1000(system) Binder:1746_4 expire 2 lines
04-21 19:41:13.919  1746 11668 I chatty  : uid=1000(system) Binder:1746_20 expire 8 lines
04-21 19:41:18.390  1746  1776 I chatty  : uid=1000(system) ActivityManager expire 5 lines
04-21 19:41:45.434  1746  2064 I chatty  : uid=1000(system) UEventObserver expire 7 lines
04-21 19:42:14.016  1746  1764 I chatty  : uid=1000(system) Binder:1746_1 expire 1 line
04-21 19:42:53.376  1746  1775 I chatty  : uid=1000(system) android.bg expire 2 lines
04-21 19:43:03.512  1746  2444 I chatty  : uid=1000(system) Binder:1746_7 expire 1 line
04-21 19:45:03.512  1746  7304 I chatty  : uid=1000(system) Binder:1746_1A expire 5 lines
04-21 19:47:04.410  1746  9368 I chatty  : uid=1000(system) Binder:1746_1B expire 1 line
04-21 19:47:54.070  1746  2064 I chatty  : uid=1000(system) UEventObserver expire 15 lines
04-21 19:48:03.517  1746  5873 I chatty  : uid=1000(system) Binder:1746_16 expire 2 lines
04-21 19:49:03.509  1746  2041 I chatty  : uid=1000(system) Binder:1746_3 expire 3 lines
04-21 19:50:03.507  1746  9754 I chatty  : uid=1000(system) Binder:1746_1D expire 2 lines
04-21 19:51:03.512  1746  1764 I chatty  : uid=1000(system) Binder:1746_1 expire 1 line
04-21 19:52:03.511  1746  3407 I chatty  : uid=1000(system) Binder:1746_D expire 1 line
04-21 19:53:03.513  1746 10308 I chatty  : uid=1000(system) Binder:1746_1F expire 2 lines
04-21 19:53:53.678  1746  1776 I chatty  : uid=1000(system) ActivityManager expire 2 lines
04-21 19:53:53.753  1746  2235 I chatty  : uid=1000(system) Binder:1746_4 expire 2 lines
04-21 19:53:53.773  1746  9425 I chatty  : uid=1000(system) Binder:1746_1C expire 6 lines
04-21 19:53:53.773  1746  3667 I chatty  : uid=1000(system) Binder:1746_10 expire 2 lines
04-21 19:53:53.773  1746  4804 I chatty  : uid=1000(system) Binder:1746_12 expire 1 line
04-21 19:53:53.773  1746  2251 I chatty  : uid=1000(system) ConnectivitySer expire 3 lines
04-21 19:55:15.880  1746  9916 I chatty  : uid=1000(system) Binder:1746_1E expire 2 lines
04-21 19:55:15.935  1746  2444 I chatty  : uid=1000(system) Binder:1746_7 expire 2 lines
04-21 19:55:15.936  1746  3666 I chatty  : uid=1000(system) Binder:1746_F expire 1 line
04-21 19:56:03.510  1746  7096 I chatty  : uid=1000(system) Binder:1746_19 expire 2 lines
04-21 19:56:20.819  1746  1777 I chatty  : uid=1000(system) ActivityManager expire 2 lines
04-21 19:57:03.511  1746 11668 I chatty  : uid=1000(system) Binder:1746_20 expire 4 lines
04-21 19:58:03.626  1746  1769 I chatty  : uid=1000(system) android.display expire 4 lines
04-21 19:58:14.085  1746  6032 I chatty  : uid=1000(system) Binder:1746_17 expire 2 lines
04-21 20:00:34.500  1746  1770 I chatty  : uid=1000(system) android.anim expire 2 lines
04-21 20:00:35.161  1746  1767 I chatty  : uid=1000(system) android.ui expire 3 lines
04-21 20:00:35.162  1746  1746 I chatty  : uid=1000 system_server expire 9 lines
04-21 20:00:35.608  1746  1784 I chatty  : uid=1000(system) PowerManagerSer expire 8 lines
04-21 20:00:35.628  1746 10895 I chatty  : uid=1000 system_server expire 1 line
04-21 20:00:36.222  1746  1766 I chatty  : uid=1000(system) android.fg expire 6 lines
04-21 20:00:36.483  1746  4978 I chatty  : uid=1000(system) Binder:1746_14 expire 3 lines
04-21 20:00:36.493  1746  2253 I chatty  : uid=1000(system) NsdService expire 2 lines
04-21 20:00:51.207  1746  1775 I chatty  : uid=1000(system) android.bg expire 8 lines
04-21 20:02:00.473  1746  1784 I chatty  : uid=1000(system) PowerManagerSer expire 46 lines
04-21 20:02:00.481  1746  1769 I chatty  : uid=1000(system) android.display expire 18 lines
04-21 20:02:00.560  1746  1767 I chatty  : uid=1000(system) android.ui expire 11 lines
04-21 20:02:06.893  1746  9425 I chatty  : uid=1000(system) Binder:1746_1C expire 1 line
04-21 20:02:11.273  1746  6609 I chatty  : uid=1000(system) Binder:1746_18 expire 3 lines
04-21 20:02:37.375  1746  4965 I chatty  : uid=1000(system) Binder:1746_13 expire 3 lines
04-21 20:02:39.824  1746  2064 I chatty  : uid=1000(system) UEventObserver expire 3 lines
04-21 20:02:41.554  1746  1765 I chatty  : uid=1000(system) Binder:1746_2 expire 3 lines
04-21 20:03:10.755  1746  4978 I chatty  : uid=1000(system) Binder:1746_14 expire 1 line
04-21 20:03:22.135  1746  7304 I chatty  : uid=1000(system) Binder:1746_1A expire 1 line
04-21 20:03:41.721  1746  2251 I chatty  : uid=1000(system) ConnectivitySer expire 6 lines
04-21 20:03:41.784  1746  5335 I chatty  : uid=1000(system) Binder:1746_15 expire 10 lines
04-21 20:07:08.245  1746  2064 I chatty  : uid=1000(system) UEventObserver expire 21 lines
04-21 20:07:42.476  1746  6609 I chatty  : uid=1000(system) Binder:1746_18 expire 4 lines
04-21 20:08:42.529  1746  2251 I chatty  : uid=1000(system) ConnectivitySer expire 12 lines
04-21 20:08:42.703  1746  4965 I chatty  : uid=1000(system) Binder:1746_13 expire 4 lines
04-21 20:08:42.709  1746  5873 I chatty  : uid=1000(system) Binder:1746_16 expire 3 lines
04-21 20:08:42.805  1746  1776 I chatty  : uid=1000(system) ActivityManager expire 7 lines
04-21 20:08:42.916  1746  1777 I chatty  : uid=1000(system) ActivityManager expire 3 lines
04-21 20:08:43.447 20429 20447 W Binder  : reply too large data on java level: InterfaceDescriptor = null, code = 46
04-21 20:08:49.728 20429  4324 W Binder  : reply too large data on java level: InterfaceDescriptor = null, code = 46
04-21 20:08:50.400  1746  7304 I chatty  : uid=1000(system) Binder:1746_1A expire 7 lines
04-21 20:08:51.780  1746  4978 I chatty  : uid=1000(system) Binder:1746_14 expire 7 lines
04-21 20:09:01.061 20429  4324 W Binder  : reply too large data on java level: InterfaceDescriptor = null, code = 46
04-21 20:09:09.600 20429  4324 W Binder  : reply too large data on java level: InterfaceDescriptor = null, code = 46
