04-22 09:45:59.214 10900 10900 I MotoDisplay: Time elapsed since sensor trigger Type: GLANCE_GESTURE GlanceType: GLANCE_GESTURE_EXIT_FLATUP is 188 ms
04-22 09:45:59.215  2315  2590 I MotoDisplayManager: MotoDisplayCallback setScreenBrightness<brightness>9
04-22 09:45:59.220  1746  1769 I WindowManager: All windows ready for display!
04-22 09:45:59.220  1746  1767 W WindowManager: Setting mWindowManagerDrawComplete
04-22 09:45:59.222  1746  1784 I DisplayPowerController: Unblocked screen on after 82 ms
04-22 09:45:59.236 10900 10900 I MotoDisplay: Animations disabled: false
04-22 09:45:59.435   882   882 D SurfaceFlinger: Finished setting power mode 2 on display 0
04-22 09:45:59.435  1746  2287 D SurfaceControl: Excessive delay in setPowerMode()
04-22 09:45:59.744   806  1089 I SLPI-MotLTV: LTV debug - state 2, fxyz -262 274 793 sfd 20
04-22 09:45:59.746   806  1699 W qti_sensors_hal: reportSingleEvent: NearBy 1, pData 3809,  highThd 5000
04-22 09:46:00.259 10900 10900 I MotoDisplay: Request System UI to turn display OFF.
04-22 09:46:00.260  2315  2590 I MotoDisplayManager: MotoDisplayCallback requestScreenOff
04-22 09:46:00.263 10900 10900 I MotoDisplay: Acquiring partial wakelock MotoDisplayWakeLock for 500ms.
04-22 09:46:00.266 10900 10900 I MotoDisplay: Releasing wakelock: MotoDisplayWakeLock
04-22 09:46:00.269  1746  1784 I DisplayPowerController: Blocking screen off
04-22 09:46:00.270  1746  1784 I DisplayPowerController: Unblocked screen off after 0 ms
04-22 09:46:00.297  1746  1784 I WindowManager: Screen turned off...
04-22 09:46:00.299   806  1699 W qti_sensors_hal: reportSingleEvent: NearBy 0, pData 3999,  highThd 5001
04-22 09:46:00.300  2506  2506 D QtiCarrierConfigHelper: WARNING, no carrier configs on phone Id: 0
04-22 09:46:00.320  1746  1784 V DisplayPowerController: Brightness [0] reason changing to: 'screen_off', previous reason: 'doze'.
04-22 09:46:00.321  1746  1769 I DisplayManagerService: Display device changed state: "Built-in Screen", OFF
04-22 09:46:00.335  2628  2695 I QcrilOemhookMsgTunnel: [0]processOemHookResponse serial no: -1 error: 0length=1
04-22 09:46:00.335  2628  2695 E QcrilOemhookMsgTunnel: [0]Unexpected serial number in solicited response!serial: -1 error: 0
04-22 09:46:00.336  2315  2315 D StatusBar: disable<e i a s b H R c s > disable2<q i n >
04-22 09:46:00.338  2315  2315 D StatusBar: disable<e i a s b H R c s > disable2<q i n >
04-22 09:46:00.344   882   882 D SurfaceFlinger: Setting power mode 0 on display 0
04-22 09:46:00.345   819  2889 I SDM     : DisplayBase::SetDisplayState: Set state = 0, display 0
04-22 09:46:00.397  1285  1285 W fingerprint@2.1: type=1400 audit(0.0:2047): avc: denied { read } for uid=1000 name="u:object_r:default_prop:s0" dev="tmpfs" ino=6639 scontext=u:r:hal_fingerprint_default:s0 tcontext=u:object_r:default_prop:s0 tclass=file permissive=0
04-22 09:46:00.401  1285  1461 I [GF_HAL][gf_hal]: [gf_hal_screen_off]
04-22 09:46:00.401  1285  1461 D [gf_ca_entry]: [gf_ca_invoke_command] enter
04-22 09:46:00.401  1285  1461 D [gf_ca_entry]: [gf_ta_send_modified_cmd_req] enter
04-22 09:46:00.401  1285  1461 D [gf_ca_entry]: [gf_ta_send_modified_cmd_req] begin token 98, cmd_id=1018
04-22 09:46:00.401  1285  1461 D [gf_ca_entry]: [gf_ca_get_logbuf_length] enter
04-22 09:46:00.401  1285  1461 E libc    : Access denied finding property "gf.debug.dump_talog_data"
04-22 09:46:00.401  1285  1461 D [gf_ca_entry]: [gf_ca_get_logbuf_length] exit
04-22 09:46:00.401  1285  1461 D [gf_sec_ion]: [gf_sec_ion_malloc] enter
04-22 09:46:00.401  1285  1461 D [gf_sec_ion]: [gf_sec_ion_malloc] gf_sec_ion_malloc data_size = 128
04-22 09:46:00.401  1285  1461 D [gf_sec_ion]: [gf_sec_ion_malloc] exit
04-22 09:46:00.401  1285  1461 D [gf_ca_entry]: [gf_ta_send_modified_cmd_req] whitebox is enabled.
04-22 09:46:00.411  1285  1461 D [gf_ca_entry]: [gf_ca_logdump] enter
04-22 09:46:00.411  1285  1461 D [gf_ca_entry]: [gf_ca_logdump] exit
04-22 09:46:00.411  1285  1461 D [gf_sec_ion]: [gf_sec_ion_free] enter
04-22 09:46:00.411  1285  1461 D [gf_sec_ion]: [gf_sec_ion_free] gf_sec_ion_free ion_local_flag is not true
04-22 09:46:00.411  1285  1461 D [gf_sec_ion]: [gf_sec_ion_free] exit
04-22 09:46:00.411  1285  1461 D [gf_ca_entry]: [gf_ta_send_modified_cmd_req] exit
04-22 09:46:00.411  1285  1461 D [gf_ca_entry]: [gf_ca_invoke_command] gx_ta_send_modified_cmd_req success
04-22 09:46:00.411  1285  1461 D [gf_ca_entry]: [gf_ca_invoke_command] ta execution succeed
04-22 09:46:00.411  1285  1461 D [gf_ca_entry]: [gf_ca_invoke_command] exit
04-22 09:46:00.732   882   882 D SurfaceFlinger: Finished setting power mode 0 on display 0
04-22 09:46:00.732  1746  2287 D SurfaceControl: Excessive delay in setPowerMode()
04-22 09:46:10.526  1746  9425 I BatteryStatsService: In wakeup_callback: resumed from suspend
04-22 09:46:12.327  1746  9425 I BatteryStatsService: In wakeup_callback: resumed from suspend
04-22 09:46:12.331 10900 10900 I MotoDisplay: Acquiring partial wakelock MotoDisplayWakeLock for 500ms.
04-22 09:46:12.335 10900 10900 I MotoDisplay: Start logging time for trigger Type: GLANCE_GESTURE GlanceType: GLANCE_GESTURE_MOVEMENT
04-22 09:46:12.335 10900 10900 I MotoDisplay: Glance Sensor Event Gesture Type: 16
04-22 09:46:12.335 10900 10900 I MotoDisplay: pulse - trigger: Type: GLANCE_GESTURE GlanceType: GLANCE_GESTURE_MOVEMENT is pulsing: false is paused: false
04-22 09:46:12.335 10900 10900 I MotoDisplay: Acquiring partial wakelock MotoDisplayWakeLock for 500ms.
04-22 09:46:12.362 10900 10900 I MotoDisplay: isPulseAllowed: true
04-22 09:46:12.404 10900 10900 I MotoDisplay: Animations disabled: false
04-22 09:46:12.406  2315 16686 I MotoDisplayManager: MotoDisplayCallback triggerVirtualSensor
04-22 09:46:12.420   806  1699 W qti_sensors_hal: reportSingleEvent: NearBy 0, pData 3999,  highThd 5001
04-22 09:46:12.471  1746  1784 I DisplayPowerController: Blocking screen on until initial contents have been drawn.
04-22 09:46:12.471  1746  1784 I WindowManager: Screen turning on...
04-22 09:46:12.474  2315 16686 V KeyguardViewMediator: notifyDrawn
04-22 09:46:12.475  1746  9754 D WindowManager: mKeyguardDelegate.ShowListener.onDrawn.
04-22 09:46:12.475  1746  1767 W WindowManager: Setting mKeyguardDrawComplete
04-22 09:46:12.476  2506  2506 D QtiCarrierConfigHelper: WARNING, no carrier configs on phone Id: 0
04-22 09:46:12.536  1746  1769 I WindowManager: All windows ready for display!
04-22 09:46:12.536  1746  1767 W WindowManager: Setting mWindowManagerDrawComplete
04-22 09:46:12.547  1746  1784 V DisplayPowerController: Brightness [9] reason changing to: 'doze', previous reason: 'screen_off'.
04-22 09:46:12.548  1746  1784 I DisplayPowerController: Unblocked screen on after 77 ms
04-22 09:46:12.550   882   882 D SurfaceFlinger: Setting power mode 2 on display 0
04-22 09:46:12.550  1746  1769 I DisplayManagerService: Display device changed state: "Built-in Screen", ON
04-22 09:46:12.558   806  1699 W qti_sensors_hal: reportSingleEvent: NearBy 0, pData 3999,  highThd 5001
04-22 09:46:12.565  1285  1285 W fingerprint@2.1: type=1400 audit(0.0:2048): avc: denied { read } for uid=1000 name="u:object_r:default_prop:s0" dev="tmpfs" ino=6639 scontext=u:r:hal_fingerprint_default:s0 tcontext=u:object_r:default_prop:s0 tclass=file permissive=0
04-22 09:46:12.566   819  2889 I SDM     : DisplayBase::SetDisplayState: Set state = 1, display 0
04-22 09:46:12.567  1285  1461 I [GF_HAL][gf_hal]: [gf_hal_screen_on]
04-22 09:46:12.567  1285  1461 D [gf_ca_entry]: [gf_ca_invoke_command] enter
04-22 09:46:12.567  1285  1461 D [gf_ca_entry]: [gf_ta_send_modified_cmd_req] enter
04-22 09:46:12.567  1285  1461 D [gf_ca_entry]: [gf_ta_send_modified_cmd_req] begin token 99, cmd_id=1017
04-22 09:46:12.567  1285  1461 D [gf_ca_entry]: [gf_ca_get_logbuf_length] enter
04-22 09:46:12.567  1285  1461 E libc    : Access denied finding property "gf.debug.dump_talog_data"
04-22 09:46:12.567  1285  1461 D [gf_ca_entry]: [gf_ca_get_logbuf_length] exit
04-22 09:46:12.567  1285  1461 D [gf_sec_ion]: [gf_sec_ion_malloc] enter
04-22 09:46:12.567  1285  1461 D [gf_sec_ion]: [gf_sec_ion_malloc] gf_sec_ion_malloc data_size = 128
04-22 09:46:12.567  1285  1461 D [gf_sec_ion]: [gf_sec_ion_malloc] exit
04-22 09:46:12.568  1285  1461 D [gf_ca_entry]: [gf_ta_send_modified_cmd_req] whitebox is enabled.
04-22 09:46:12.569  2628  2695 I QcrilOemhookMsgTunnel: [0]processOemHookResponse serial no: -1 error: 0length=1
04-22 09:46:12.570  2628  2695 E QcrilOemhookMsgTunnel: [0]Unexpected serial number in solicited response!serial: -1 error: 0
04-22 09:46:12.588   806  1699 W qti_sensors_hal: reportSingleEvent: NearBy 0, pData 3999,  highThd 5001
04-22 09:46:12.600  2315  2590 I MotoDisplayManager: MotoDisplayCallback setScreenBrightness<brightness>30
04-22 09:46:12.622  1285  1461 D [gf_ca_entry]: [gf_ca_logdump] enter
04-22 09:46:12.622  1285  1461 D [gf_ca_entry]: [gf_ca_logdump] exit
04-22 09:46:12.622  1285  1461 D [gf_sec_ion]: [gf_sec_ion_free] enter
04-22 09:46:12.622  1285  1461 D [gf_sec_ion]: [gf_sec_ion_free] gf_sec_ion_free ion_local_flag is not true
04-22 09:46:12.622  1285  1461 D [gf_sec_ion]: [gf_sec_ion_free] exit
04-22 09:46:12.622  1285  1461 D [gf_ca_entry]: [gf_ta_send_modified_cmd_req] exit
04-22 09:46:12.622  1285  1461 D [gf_ca_entry]: [gf_ca_invoke_command] gx_ta_send_modified_cmd_req success
04-22 09:46:12.622  1285  1461 D [gf_ca_entry]: [gf_ca_invoke_command] ta execution succeed
04-22 09:46:12.622  1285  1461 D [gf_ca_entry]: [gf_ca_invoke_command] exit
04-22 09:46:12.646   806  1081 W qti_sensors_hal: processReportInd: lux: 72, ch0: 245, ch1: 393
04-22 09:46:12.650 10900 10900 I MotoDisplay: Time elapsed since sensor trigger Type: GLANCE_GESTURE GlanceType: GLANCE_GESTURE_MOVEMENT is 315 ms
04-22 09:46:12.652  2315  2590 I MotoDisplayManager: MotoDisplayCallback setScreenBrightness<brightness>38
04-22 09:46:12.675 10900 10900 I MotoDisplay: Animations disabled: false
04-22 09:46:12.787  2506  2526 W m.android.phon: Reducing the number of considered missed Gc histogram windows from 125 to 100
04-22 09:46:12.834   882   882 D SurfaceFlinger: Finished setting power mode 2 on display 0
04-22 09:46:12.835  1746  2287 D SurfaceControl: Excessive delay in setPowerMode()
04-22 09:46:13.452 10900 10900 W MotoDisplay: Animator not initialized. Ignoring advance.
04-22 09:46:13.536 10900 10900 I chatty  : uid=10167(com.motorola.motodisplay) identical 6 lines
04-22 09:46:13.552 10900 10900 W MotoDisplay: Animator not initialized. Ignoring advance.
04-22 09:46:18.174  2315  2590 I MotoDisplayManager: MotoDisplayCallback setScreenBrightness<brightness>0
04-22 09:46:19.380 10900 10900 I MotoDisplay: Request System UI to turn display OFF.
04-22 09:46:19.381  2315  2590 I MotoDisplayManager: MotoDisplayCallback requestScreenOff
04-22 09:46:19.382 10900 10900 I MotoDisplay: Acquiring partial wakelock MotoDisplayWakeLock for 500ms.
04-22 09:46:19.390 10900 10900 I MotoDisplay: Releasing wakelock: MotoDisplayWakeLock
04-22 09:46:19.397  1746  1784 I DisplayPowerController: Blocking screen off
04-22 09:46:19.397  1746  1784 I DisplayPowerController: Unblocked screen off after 1 ms
04-22 09:46:19.435  1746  1784 I WindowManager: Screen turned off...
04-22 09:46:19.439  2506  2506 D QtiCarrierConfigHelper: WARNING, no carrier configs on phone Id: 0
04-22 09:46:19.457  1746  1784 V DisplayPowerController: Brightness [0] reason changing to: 'screen_off', previous reason: 'doze'.
04-22 09:46:19.458  1746  1769 I DisplayManagerService: Display device changed state: "Built-in Screen", OFF
04-22 09:46:19.460   882   882 D SurfaceFlinger: Setting power mode 0 on display 0
04-22 09:46:19.460   819   819 I SDM     : DisplayBase::SetDisplayState: Set state = 0, display 0
04-22 09:46:19.462  2297  2578 I chatty  : uid=1002(bluetooth) BluetoothScanMa expire 25 lines
04-22 09:46:19.468  2315  2315 D StatusBar: disable<e i a s b H R c s > disable2<q i n >
04-22 09:46:19.470  2315  2315 D StatusBar: disable<e i a s b H R c s > disable2<q i n >
04-22 09:46:19.489  2628  2695 I QcrilOemhookMsgTunnel: [0]processOemHookResponse serial no: -1 error: 0length=1
04-22 09:46:19.489  2628  2695 E QcrilOemhookMsgTunnel: [0]Unexpected serial number in solicited response!serial: -1 error: 0
04-22 09:46:19.508  1285  1285 W fingerprint@2.1: type=1400 audit(0.0:2049): avc: denied { read } for uid=1000 name="u:object_r:default_prop:s0" dev="tmpfs" ino=6639 scontext=u:r:hal_fingerprint_default:s0 tcontext=u:object_r:default_prop:s0 tclass=file permissive=0
04-22 09:46:19.511  1285  1461 I [GF_HAL][gf_hal]: [gf_hal_screen_off]
04-22 09:46:19.511  1285  1461 D [gf_ca_entry]: [gf_ca_invoke_command] enter
04-22 09:46:19.511  1285  1461 D [gf_ca_entry]: [gf_ta_send_modified_cmd_req] enter
04-22 09:46:19.511  1285  1461 D [gf_ca_entry]: [gf_ta_send_modified_cmd_req] begin token 100, cmd_id=1018
04-22 09:46:19.511  1285  1461 D [gf_ca_entry]: [gf_ca_get_logbuf_length] enter
04-22 09:46:19.511  1285  1461 E libc    : Access denied finding property "gf.debug.dump_talog_data"
04-22 09:46:19.511  1285  1461 D [gf_ca_entry]: [gf_ca_get_logbuf_length] exit
04-22 09:46:19.511  1285  1461 D [gf_sec_ion]: [gf_sec_ion_malloc] enter
04-22 09:46:19.511  1285  1461 D [gf_sec_ion]: [gf_sec_ion_malloc] gf_sec_ion_malloc data_size = 128
04-22 09:46:19.511  1285  1461 D [gf_sec_ion]: [gf_sec_ion_malloc] exit
04-22 09:46:19.511  1285  1461 D [gf_ca_entry]: [gf_ta_send_modified_cmd_req] whitebox is enabled.
04-22 09:46:19.526  1285  1461 D [gf_ca_entry]: [gf_ca_logdump] enter
04-22 09:46:19.526  1285  1461 D [gf_ca_entry]: [gf_ca_logdump] exit
04-22 09:46:19.526  1285  1461 D [gf_sec_ion]: [gf_sec_ion_free] enter
04-22 09:46:19.526  1285  1461 D [gf_sec_ion]: [gf_sec_ion_free] gf_sec_ion_free ion_local_flag is not true
04-22 09:46:19.526  1285  1461 D [gf_sec_ion]: [gf_sec_ion_free] exit
04-22 09:46:19.526  1285  1461 D [gf_ca_entry]: [gf_ta_send_modified_cmd_req] exit
04-22 09:46:19.526  1285  1461 D [gf_ca_entry]: [gf_ca_invoke_command] gx_ta_send_modified_cmd_req success
04-22 09:46:19.526  1285  1461 D [gf_ca_entry]: [gf_ca_invoke_command] ta execution succeed
04-22 09:46:19.526  1285  1461 D [gf_ca_entry]: [gf_ca_invoke_command] exit
04-22 09:46:19.846   882   882 D SurfaceFlinger: Finished setting power mode 0 on display 0
04-22 09:46:19.846  1746  2287 D SurfaceControl: Excessive delay in setPowerMode()
04-22 09:46:22.499  1746  7096 I BatteryStatsService: In wakeup_callback: resumed from suspend
04-22 09:46:22.957  1746  7096 I BatteryStatsService: In wakeup_callback: suspend aborted
04-22 09:46:24.964  1746  7096 I BatteryStatsService: In wakeup_callback: resumed from suspend
04-22 09:46:25.864  1746  7096 I BatteryStatsService: In wakeup_callback: resumed from suspend
04-22 09:46:26.031     0     0 W swapper/0: type=1400 audit(0.0:2050): avc: denied { kill } for uid=0 capability=5 scontext=u:r:kernel:s0 tcontext=u:r:kernel:s0 tclass=capability permissive=0
04-22 09:46:26.299  1746  7096 I BatteryStatsService: In wakeup_callback: suspend aborted
04-22 09:46:27.427  1746  7096 I BatteryStatsService: In wakeup_callback: resumed from suspend
04-22 09:46:42.470  1746  7096 I BatteryStatsService: In wakeup_callback: resumed from suspend
04-22 09:46:42.545   724  2357 I netd    : trafficSwapActiveStatsMap() <23.45ms>
04-22 09:46:42.552   724  2357 I netd    : tetherGetStats() <3.68ms>
04-22 09:46:55.375  1746  7096 I BatteryStatsService: In wakeup_callback: resumed from suspend
04-22 09:46:55.378 10900 10900 I MotoDisplay: Acquiring partial wakelock MotoDisplayWakeLock for 500ms.
04-22 09:46:55.382 10900 10900 I MotoDisplay: Start logging time for trigger Type: GLANCE_GESTURE GlanceType: GLANCE_GESTURE_MOVEMENT
04-22 09:46:55.382 10900 10900 I MotoDisplay: Glance Sensor Event Gesture Type: 16
04-22 09:46:55.382 10900 10900 I MotoDisplay: pulse - trigger: Type: GLANCE_GESTURE GlanceType: GLANCE_GESTURE_MOVEMENT is pulsing: false is paused: false
04-22 09:46:55.382 10900 10900 I MotoDisplay: Acquiring partial wakelock MotoDisplayWakeLock for 500ms.
04-22 09:46:55.412 10900 10900 I MotoDisplay: isPulseAllowed: true
04-22 09:46:55.477 10900 10900 I MotoDisplay: Animations disabled: false
04-22 09:46:55.478  2315  2590 I MotoDisplayManager: MotoDisplayCallback triggerVirtualSensor
04-22 09:46:55.493   806  1699 W qti_sensors_hal: reportSingleEvent: NearBy 0, pData 898,  highThd 5001
04-22 09:46:55.545  2506  2506 D QtiCarrierConfigHelper: WARNING, no carrier configs on phone Id: 0
04-22 09:46:55.553  1746  1784 I DisplayPowerController: Blocking screen on until initial contents have been drawn.
04-22 09:46:55.553  1746  1784 I WindowManager: Screen turning on...
04-22 09:46:55.554  2315  2709 V KeyguardViewMediator: notifyDrawn
04-22 09:46:55.554  1746  7304 D WindowManager: mKeyguardDelegate.ShowListener.onDrawn.
04-22 09:46:55.555  1746  1767 W WindowManager: Setting mKeyguardDrawComplete
04-22 09:46:55.600  1746  1784 V DisplayPowerController: Brightness [23] reason changing to: 'doze', previous reason: 'screen_off'.
04-22 09:46:55.605  1746  1769 I DisplayManagerService: Display device changed state: "Built-in Screen", ON
04-22 09:46:55.606   882   882 D SurfaceFlinger: Setting power mode 2 on display 0
04-22 09:46:55.606   819   819 I SDM     : DisplayBase::SetDisplayState: Set state = 1, display 0
04-22 09:46:55.607  1285  1285 W fingerprint@2.1: type=1400 audit(0.0:2051): avc: denied { read } for uid=1000 name="u:object_r:default_prop:s0" dev="tmpfs" ino=6639 scontext=u:r:hal_fingerprint_default:s0 tcontext=u:object_r:default_prop:s0 tclass=file permissive=0
04-22 09:46:55.608  1285  1461 I [GF_HAL][gf_hal]: [gf_hal_screen_on]
04-22 09:46:55.608  1285  1461 D [gf_ca_entry]: [gf_ca_invoke_command] enter
04-22 09:46:55.608  1285  1461 D [gf_ca_entry]: [gf_ta_send_modified_cmd_req] enter
04-22 09:46:55.608  1285  1461 D [gf_ca_entry]: [gf_ta_send_modified_cmd_req] begin token 101, cmd_id=1017
04-22 09:46:55.608  1285  1461 D [gf_ca_entry]: [gf_ca_get_logbuf_length] enter
04-22 09:46:55.608  1285  1461 E libc    : Access denied finding property "gf.debug.dump_talog_data"
04-22 09:46:55.608  1285  1461 D [gf_ca_entry]: [gf_ca_get_logbuf_length] exit
04-22 09:46:55.608  1285  1461 D [gf_sec_ion]: [gf_sec_ion_malloc] enter
04-22 09:46:55.608  1285  1461 D [gf_sec_ion]: [gf_sec_ion_malloc] gf_sec_ion_malloc data_size = 128
04-22 09:46:55.608  1285  1461 D [gf_sec_ion]: [gf_sec_ion_malloc] exit
04-22 09:46:55.608  1285  1461 D [gf_ca_entry]: [gf_ta_send_modified_cmd_req] whitebox is enabled.
04-22 09:46:55.623   806  1699 W qti_sensors_hal: reportSingleEvent: NearBy 0, pData 898,  highThd 5001
04-22 09:46:55.629  2628  2695 I QcrilOemhookMsgTunnel: [0]processOemHookResponse serial no: -1 error: 0length=1
04-22 09:46:55.629  2628  2695 E QcrilOemhookMsgTunnel: [0]Unexpected serial number in solicited response!serial: -1 error: 0
04-22 09:46:55.629   806  1699 W qti_sensors_hal: reportSingleEvent: NearBy 0, pData 898,  highThd 5001
04-22 09:46:55.638  1285  1461 D [gf_ca_entry]: [gf_ca_logdump] enter
04-22 09:46:55.638  1285  1461 D [gf_ca_entry]: [gf_ca_logdump] exit
04-22 09:46:55.638  1285  1461 D [gf_sec_ion]: [gf_sec_ion_free] enter
04-22 09:46:55.638  1285  1461 D [gf_sec_ion]: [gf_sec_ion_free] gf_sec_ion_free ion_local_flag is not true
04-22 09:46:55.638  1285  1461 D [gf_sec_ion]: [gf_sec_ion_free] exit
04-22 09:46:55.638  1285  1461 D [gf_ca_entry]: [gf_ta_send_modified_cmd_req] exit
04-22 09:46:55.638  1285  1461 D [gf_ca_entry]: [gf_ca_invoke_command] gx_ta_send_modified_cmd_req success
04-22 09:46:55.638  1285  1461 D [gf_ca_entry]: [gf_ca_invoke_command] ta execution succeed
04-22 09:46:55.638  1285  1461 D [gf_ca_entry]: [gf_ca_invoke_command] exit
04-22 09:46:55.657  2315 16686 I MotoDisplayManager: MotoDisplayCallback setScreenBrightness<brightness>30
04-22 09:46:55.665  1746  1769 I WindowManager: All windows ready for display!
04-22 09:46:55.665  1746  1767 W WindowManager: Setting mWindowManagerDrawComplete
04-22 09:46:55.666  1746  1784 I DisplayPowerController: Unblocked screen on after 113 ms
04-22 09:46:55.672   806  1081 W qti_sensors_hal: processReportInd: lux: 88, ch0: 303, ch1: 390
04-22 09:46:55.675 10900 10900 I MotoDisplay: Time elapsed since sensor trigger Type: GLANCE_GESTURE GlanceType: GLANCE_GESTURE_MOVEMENT is 294 ms
04-22 09:46:55.676  2315 16686 I MotoDisplayManager: MotoDisplayCallback setScreenBrightness<brightness>38
04-22 09:46:55.697 10900 10900 I MotoDisplay: Animations disabled: false
04-22 09:46:55.868  1746  2163 I PowerManagerService: Waking up from Dozing (uid=1000, reason=WAKE_REASON_POWER_BUTTON, details=android.policy:POWER)...
04-22 09:46:55.869  1746  1746 W UsageStatsService: Event reported without a package name, eventType:15
04-22 09:46:55.876   823   823 I QTI PowerHAL: Got set_interactive hint
04-22 09:46:55.877   823   823 I QTI PowerHAL: Got set_interactive hint on= 1, count= 17
04-22 09:46:55.877   823   823 E QTI PowerHAL: Error opening /sys/kernel/hbtp/display_pwr: No such file or directory
04-22 09:46:55.881  1746  1746 I WindowManager: Started waking up... (why=ON_BECAUSE_OF_USER)
04-22 09:46:55.884   882   882 D SurfaceFlinger: Finished setting power mode 2 on display 0
04-22 09:46:55.884  1746  2287 D SurfaceControl: Excessive delay in setPowerMode()
04-22 09:46:55.885 10900 10900 I MotoDisplay: Request System UI to turn display ON.
04-22 09:46:55.886  2315  2709 I MotoDisplayManager: MotoDisplayCallback requestHide
04-22 09:46:55.887  1746  9425 I PowerManagerService: Waking up from Awake (uid=10132, reason=WAKE_REASON_GESTURE, details=com.android.systemui:NODOZE)...
04-22 09:46:55.889  2315  2315 I MotoDisplayManager: mMotoDisplayService.hide com.android.systemui.doze.IMotoDisplay$Stub$Proxy@48a13a6
04-22 09:46:55.890  1746  1784 V DisplayPowerController: Brightness [58] reason changing to: 'manual', previous reason: 'doze'.
04-22 09:46:55.894 17704 17976 I chatty  : uid=10157(com.google.android.gms) Binder:17704_D expire 3 lines
04-22 09:46:55.895 17704 17744 I chatty  : uid=10157(com.google.android.gms) Binder:17704_3 expire 10 lines
04-22 09:46:55.895 17704 17938 I chatty  : uid=10157(com.google.android.gms) Binder:17704_7 expire 3 lines
04-22 09:46:55.896  1746  1784 V DisplayPowerController: Brightness [77] reason changing to: 'automatic', previous reason: 'manual'.
04-22 09:46:55.896  1746  1784 I DreamManagerService: Gently waking up from dream.
04-22 09:46:55.897  1746  1766 I DreamManagerService: Performing gentle wake from dream.
04-22 09:46:55.900  1746  1746 V SettingsProvider: Notifying for 0: content://settings/system/screen_brightness
04-22 09:46:55.901  1746  1746 I WindowManager: Finished waking up... (why=ON_BECAUSE_OF_USER)
04-22 09:46:55.902 10900 10900 I MotoDisplay: onDestroy
04-22 09:46:55.902 10900 10900 I MotoDisplay: Releasing wakelock: MotoDisplayWakeLock
04-22 09:46:55.905  7386  7386 D MCLOG   : [MC_Service] onStartcommand()
04-22 09:46:55.907  2315  2315 D StatusBar: disable<e i a s b H R c s > disable2<q i n >
04-22 09:46:55.907  2315  2315 D StatusBar: disable<e i a s b H R c s > disable2<q i n >
04-22 09:46:55.908  2315  2315 D StatusBar: updateQsExpansionEnabled - QS Expand enabled: true
04-22 09:46:55.910  7136  7136 W Settings: Setting data_roaming has moved from android.provider.Settings.Secure to android.provider.Settings.Global.
04-22 09:46:55.912   809  2282 D audio_hw_primary: adev_set_parameters: enter: screen_state=on
04-22 09:46:55.912   809  2282 V msm8974_platform: platform_set_parameters: enter: screen_state=on
04-22 09:46:55.912   809  2282 V msm8974_platform: platform_set_parameters: exit with code(0)
04-22 09:46:55.914  1746  1746 W AlarmManager: Unrecognized alarm listener com.android.server.job.controllers.idle.-$$Lambda$DeviceIdlenessTracker$-H1-ZwZAJ-vh10A0PeYXaZLj_R0@270c227
04-22 09:46:55.919  2315  2315 D StatusBar: updateQsExpansionEnabled - QS Expand enabled: true
04-22 09:46:55.927  2315  2315 W MotoDisplayManager: can't hide: mMotoDisplayService has been null
04-22 09:46:55.927  2315  2315 I DozeMachine: Dropping pulse done because current state is already done: DOZE
04-22 09:46:55.927   882  2872 E HWComposer: getDisplayedContentSamplingAttributes: getDisplayedContentSamplingAttributes failed for display 0: Unsupported (8)
04-22 09:46:55.927  7386  7625 D Checkin : publish the event [tag = MOT_DEVICE_STATS_L1 event name = SettingLogs]
04-22 09:46:55.928   806  1081 W qti_sensors_hal: timestampCalc: Adjusting timestamp to maintain ascension: 139159331861863, 139159331863596
04-22 09:46:55.928  1746  1746 V SettingsProvider: Notifying for 0: content://settings/secure/reminder_exp_learning_time_elapsed
04-22 09:46:55.929  1746  7304 I DreamManagerService: Leaving dreamland.
04-22 09:46:55.929  1746  1766 I DreamManagerService: Performing gentle wake from dream.
04-22 09:46:55.929  1746  1766 I DreamController: Stopping dream: name=ComponentInfo{com.android.systemui/com.android.systemui.doze.DozeService}, isTest=false, canDoze=true, userId=0
04-22 09:46:55.930  1746  1746 W AlarmManager: Unrecognized alarm listener com.android.server.job.controllers.idle.-$$Lambda$DeviceIdlenessTracker$-H1-ZwZAJ-vh10A0PeYXaZLj_R0@270c227
04-22 09:46:55.939  2315  2315 W View    : requestLayout() improperly called by com.android.systemui.statusbar.HeadsUpStatusBarView{aa901f7 I.E...... ......ID 0,0-248,56 #7f0a01f7 app:id/heads_up_status_bar_view} during layout: running second layout pass
04-22 09:46:55.940  1746  7096 V WindowManager: Changing focus from Window{4ad5d5d u0 AOD} to Window{6c10f2d u0 StatusBar} displayId=0
04-22 09:46:55.941 10900 10900 I MotoDisplay: finishScreen
04-22 09:46:55.941 10900 10900 I MotoDisplay: onDestroy
04-22 09:46:55.956  2449  3312 D QCNEJ/WlanStaInfoRelay: Received action: android.net.wifi.RSSI_CHANGED
04-22 09:46:55.957  2449  3312 I QCNEJ/NativeHalConnector: -> SND notifyWlanStaStatusChanged([WlanStaInfo]: wifiSwitchState = 1 rssi = -55 ssid = Jasmine bssid = b0:39:56:5a:37:40 dnsInfo = 192.168.1.1;0.0.0.0;0.0.0.0;0.0.0.0; freqBand = _2GHz countryCode = us[RatInfo]: networkType = 1 subType = 101 networkState = CONNECTED netHdl = 432902426637 ipAddrV4 = 192.168.1.67 ipAddrV6 =  ifNameV4 = wlan0 ifNameV6 =  slotIdx = 0 isAndroidValidated = true) timeStamp = 2021-04-22 09:46:55.956
04-22 09:46:55.962  2506  2917 E PhoneInterfaceManager: [PhoneIntfMgr] getCarrierPrivilegeStatus: No UICC
04-22 09:46:55.980  1746  1770 I WindowManager:   SURFACE show Surface(name=NavigationBar0)/@0xe4b36a2 on display:0: NavigationBar0
04-22 09:46:55.984  2764  3687 I CarrierServices: [99] car.a: FiST: Wifi connectivity status true
04-22 09:46:55.985  1746  7096 D NotificationListeners: Disabling component com.motorola.motodisplay/.notification.DisplayNotifListenerService
04-22 09:46:55.986  2764  4153 I CarrierServices: [127] awv.handleMessage: RCS is disabled, skipping config update request
04-22 09:46:55.986  2764  4146 I CarrierServices: [125] chy.a: (PEv2-SM): DisabledState: event Connectivity event
04-22 09:46:55.987  2764  3687 I CarrierServices: [99] cay.d: Connected state: [1], networkType: [WIFI]
04-22 09:46:55.991  2506  2917 E PhoneInterfaceManager: [PhoneIntfMgr] getCarrierPrivilegeStatus: No UICC
04-22 09:46:55.992  2973  2973 I DeviceStatusMonitor: DeviceStatusMonitor$1.onReceive():48 onReceive() : Action = android.intent.action.SCREEN_ON
04-22 09:46:55.992 10900 10900 I MotoDisplay: onListenerDisconnected - DisplayNotifListenerService
04-22 09:46:56.002  1746  1770 I WindowManager:   SURFACE show Surface(name=com.android.systemui.ImageWallpaper)/@0xa055929 on display:0: com.android.systemui.ImageWallpaper
04-22 09:46:56.018  1746  3407 I ActivityManager: Killing 22740:com.google.android.apps.subscriptions.red/u0a208 (adj 975): empty #17
04-22 09:46:56.046 17704 17935 I chatty  : uid=10157(com.google.android.gms) NearbyDiscovery expire 14 lines
04-22 09:46:56.047 17704  9668 I chatty  : uid=10157(com.google.android.gms) highpool[123] expire 11 lines
04-22 09:46:56.062 17704 17969 I chatty  : uid=10157(com.google.android.gms) NearbyDirectMai expire 12 lines
04-22 09:46:56.062  2297  3354 I chatty  : uid=1002(bluetooth) Binder:2297_5 expire 11 lines
04-22 09:46:56.067  1746  9425 D ActivityManager: makeInactive, ProcessRecord{7419db5 22740:com.google.android.apps.subscriptions.red/u0a208}, clear holder.state
04-22 09:46:56.069   725   725 I Zygote  : Process 22740 exited due to signal 9 (Killed)
04-22 09:46:56.075  1746  1778 I libprocessgroup: Successfully killed process cgroup uid 10208 pid 22740 in 55ms
04-22 09:46:56.076  2297  2352 I chatty  : uid=1002(bluetooth) BT Service Call expire 54 lines
04-22 09:46:56.249  1746  1767 D WindowManager: powerPress: eventTime=18928869 interactive=true count=1 beganFromNonInteractive=true mShortPressOnPowerBehavior=1
04-22 09:46:56.431   724  2357 I netd    : firewallSetUidRule(2, 10130, 1) <0.03ms>
04-22 09:46:56.444   725   725 D Zygote  : Forked child process 23262
04-22 09:46:56.446  1746  1777 I ActivityManager: Start proc 23262:com.google.android.setupwizard/u0a130 for service {com.google.android.setupwizard/com.google.android.setupwizard.deferred.DeferredSetupNotificationSchedulerService}
04-22 09:46:56.455 23262 23262 E oid.setupwizar: Not starting debugger since process cannot load the jdwp agent.
04-22 09:46:56.481 23262 23262 I oid.setupwizar: The ClassLoaderContext is a special shared library.
04-22 09:46:56.484 23262 23262 I oid.setupwizar: The ClassLoaderContext is a special shared library.
04-22 09:46:56.516 23262 23262 I SetupWizard: [bbx] Start loading FRP status
04-22 09:46:56.522 23262 23262 I SetupWizard: [akq] Enabling all components
04-22 09:46:56.548 23262 23262 I SetupWizard: [PreDeferredUpdateService] Checking if deferred setup can be launched. updateComplete=true, requirementsMet=true, updateAttempted=true, blockOnUpdateFailed=false
04-22 09:46:56.548 23262 23262 I SetupWizard: [aun] The conditions of deferred notification appear has been satisfied, do nothing.
04-22 09:46:56.801  1746  1765 D ConnectivityService: Returning UNBLOCKED NetworkInfo to uid=10130
04-22 09:46:56.802 23262 23262 I SetupWizard: [ate] User unlocked, initiate a checkin
04-22 09:46:56.802 23262 23262 I SetupWizard: [ate] Checking Android ID
04-22 09:46:56.807 23262 23262 I SetupWizard: [ate] Last checkin fingerprint=motorola/ginna_retail/ginna:10/QPGS30.82-62-3/4b0f8:user/release-keys
04-22 09:46:56.809  1746  2444 I WifiService: startScan uid=10130
04-22 09:46:56.890 23262 23262 I SetupWizard: [ate] Checkin complete
04-22 09:46:56.896 23262 23262 I SetupWizard: [bbx] frpStatus=supported=true challengeRequired=false duration=375ms
04-22 09:46:56.904  2315  2315 W View    : requestLayout() improperly called by com.android.systemui.statusbar.HeadsUpStatusBarView{aa901f7 I.E...... ......ID 0,0-248,56 #7f0a01f7 app:id/heads_up_status_bar_view} during layout: running second layout pass
04-22 09:46:56.992  1746  2255 D NotificationSQLiteLog: Pruned event entries: 0
04-22 09:46:56.992 23262 23262 I SetupWizard: [DeferredSetupNotificationSchedulerService] Deferred notification scheduled at Tue Apr 20 19:13:29 EDT 2021
04-22 09:46:57.038  2315  2315 W View    : requestLayout() improperly called by com.android.systemui.statusbar.HeadsUpStatusBarView{aa901f7 I.E...... ......ID 0,0-248,56 #7f0a01f7 app:id/heads_up_status_bar_view} during layout: running second layout pass
04-22 09:46:57.085  2315  2315 W View    : requestLayout() improperly called by com.android.systemui.statusbar.HeadsUpStatusBarView{aa901f7 I.E...... ......ID 0,0-248,56 #7f0a01f7 app:id/heads_up_status_bar_view} during layout: running second layout pass
04-22 09:46:57.098 23262 23262 I SetupWizard: [DeferredSetupNotificationSchedulerService] Deferred notification scheduled at Tue Apr 20 19:13:29 EDT 2021
04-22 09:46:57.167  1746  3447 I ActivityManager: Killing 22786:com.google.android.apps.walletnfcrel/u0a213 (adj 975): empty #17
04-22 09:46:57.186  2315  2315 W View    : requestLayout() improperly called by com.android.systemui.statusbar.HeadsUpStatusBarView{aa901f7 I.E...... ......ID 0,0-248,56 #7f0a01f7 app:id/heads_up_status_bar_view} during layout: running second layout pass
04-22 09:46:57.213  1746  9425 D ConnectivityService: ConnectivityService NetworkRequestInfo binderDied(NetworkRequest [ TRACK_DEFAULT id=172, [ Capabilities: INTERNET&NOT_RESTRICTED&TRUSTED Uid: 10213] ], android.os.BinderProxy@435a2c9)
04-22 09:46:57.213  1746  2251 D ConnectivityService: releasing NetworkRequest [ TRACK_DEFAULT id=172, [ Capabilities: INTERNET&NOT_RESTRICTED&TRUSTED Uid: 10213] ] (release request)
04-22 09:46:57.213  1746  2235 D ActivityManager: makeInactive, ProcessRecord{8105a10 22786:com.google.android.apps.walletnfcrel/u0a213}, clear holder.state
04-22 09:46:57.215   725   725 I Zygote  : Process 22786 exited due to signal 9 (Killed)
04-22 09:46:57.219  2315  2315 W View    : requestLayout() improperly called by com.android.systemui.statusbar.HeadsUpStatusBarView{aa901f7 I.E...... ......ID 0,0-248,56 #7f0a01f7 app:id/heads_up_status_bar_view} during layout: running second layout pass
04-22 09:46:57.219  1746  1778 I libprocessgroup: Successfully killed process cgroup uid 10213 pid 22786 in 50ms
04-22 09:46:57.287  2315  2315 W View    : requestLayout() improperly called by com.android.systemui.statusbar.HeadsUpStatusBarView{aa901f7 I.E...... ......ID 0,0-248,56 #7f0a01f7 app:id/heads_up_status_bar_view} during layout: running second layout pass
04-22 09:46:57.320  2315  2315 W View    : requestLayout() improperly called by com.android.systemui.statusbar.HeadsUpStatusBarView{aa901f7 I.E...... ......ID 0,0-248,56 #7f0a01f7 app:id/heads_up_status_bar_view} during layout: running second layout pass
04-22 09:46:58.027  7386  7386 D MCLOG   : [MC_Service] onStartcommand()
04-22 09:46:58.108   724  2357 I netd    : trafficSwapActiveStatsMap() <24.77ms>
04-22 09:46:58.113   724  2357 I netd    : tetherGetStats() <2.54ms>
04-22 09:46:58.189   724  2357 I netd    : trafficSwapActiveStatsMap() <29.42ms>
04-22 09:46:58.194   724  2357 I netd    : tetherGetStats() <3.10ms>
04-22 09:46:58.260  3278 23294 I chatty  : uid=1000(system) com.motorola.process.system expire 85 lines
04-22 09:46:58.275  3278  3294 I chatty  : uid=1000(system) FinalizerDaemon expire 1 line
04-22 09:46:58.800  1746  3447 I chatty  : uid=1000(system) Binder:1746_E expire 1 line
04-22 09:47:00.022  2315  2315 W View    : requestLayout() improperly called by com.android.systemui.statusbar.HeadsUpStatusBarView{aa901f7 I.E...... ......ID 0,0-248,56 #7f0a01f7 app:id/heads_up_status_bar_view} during layout: running second layout pass
04-22 09:47:01.066 10900 10912 W ola.motodispla: Reducing the number of considered missed Gc histogram windows from 538 to 100
04-22 09:47:01.817  1746  6609 W AppOps  : Noting op not finished: uid 10157 pkg com.google.android.gms code 79 time=1619099158433 duration=0
04-22 09:47:01.823  1746  6609 W AppOps  : Noting op not finished: uid 10157 pkg com.google.android.gms code 79 time=1619099221817 duration=0
04-22 09:47:02.057  2449  3312 D QCNEJ/WlanStaInfoRelay: Received action: android.net.wifi.RSSI_CHANGED
04-22 09:47:02.058  2449  3312 I QCNEJ/NativeHalConnector: -> SND notifyWlanStaStatusChanged([WlanStaInfo]: wifiSwitchState = 1 rssi = -56 ssid = Jasmine bssid = b0:39:56:5a:37:40 dnsInfo = 192.168.1.1;0.0.0.0;0.0.0.0;0.0.0.0; freqBand = _2GHz countryCode = us[RatInfo]: networkType = 1 subType = 101 networkState = CONNECTED netHdl = 432902426637 ipAddrV4 = 192.168.1.67 ipAddrV6 =  ifNameV4 = wlan0 ifNameV6 =  slotIdx = 0 isAndroidValidated = true) timeStamp = 2021-04-22 09:47:02.058
04-22 09:47:02.078  2506   540 E PhoneInterfaceManager: [PhoneIntfMgr] getCarrierPrivilegeStatus: No UICC
04-22 09:47:02.085  2764  3687 I CarrierServices: [99] car.a: FiST: Wifi connectivity status true
04-22 09:47:02.089  2764  3687 I CarrierServices: [99] cay.d: Connected state: [1], networkType: [WIFI]
04-22 09:47:02.089  2764  4146 I CarrierServices: [125] chy.a: (PEv2-SM): DisabledState: event Connectivity event
04-22 09:47:02.090  2764  4153 I CarrierServices: [127] awv.handleMessage: RCS is disabled, skipping config update request
04-22 09:47:02.097  2506   540 E PhoneInterfaceManager: [PhoneIntfMgr] getCarrierPrivilegeStatus: No UICC
04-22 09:47:02.099  2297  2578 I chatty  : uid=1002(bluetooth) BluetoothScanMa expire 32 lines
04-22 09:47:02.100  2297  2318 I chatty  : uid=1002(bluetooth) Binder:2297_4 expire 11 lines
04-22 09:47:02.135  2297  2606 I chatty  : uid=1002(bluetooth) btu message loo expire 12 lines
04-22 09:47:02.529   724  2357 I netd    : trafficSwapActiveStatsMap() <16.91ms>
04-22 09:47:02.533   724  2357 I netd    : tetherGetStats() <2.74ms>
04-22 09:47:03.788  1746  2064 D BatteryService: uevent={POWER_SUPPLY_DP_DM=0, POWER_SUPPLY_VOLTAGE_NOW=4030153, POWER_SUPPLY_SW_JEITA_ENABLED=0, POWER_SUPPLY_CHARGE_CONTROL_LIMIT_MAX=8, POWER_SUPPLY_RECHARGE_SOC=99, POWER_SUPPLY_HEALTH=Good, POWER_SUPPLY_TECHNOLOGY=Li-ion, POWER_SUPPLY_FCC_STEPPER_ENABLE=0, SEQNUM=611244, POWER_SUPPLY_INPUT_CURRENT_LIMITED=0, POWER_SUPPLY_CHARGE_CONTROL_LIMIT=0, POWER_SUPPLY_BATTERY_CHARGING_ENABLED=1, POWER_SUPPLY_STATUS=Discharging, POWER_SUPPLY_CYCLE_COUNT=1, POWER_SUPPLY_CURRENT_MAX=2000000, POWER_SUPPLY_CHARGE_TERM_CURRENT=-101, POWER_SUPPLY_CAPACITY=72, DEVPATH=/devices/platform/soc/200f000.qcom,spmi/spmi-0/spmi0-02/200f000.qcom,spmi:qcom,pmi632@2:qcom,qpnp-smb5/power_supply/battery, POWER_SUPPLY_CHARGE_DONE=0, POWER_SUPPLY_CHARGE_TYPE=N/A, POWER_SUPPLY_CHARGE_RATE=None, POWER_SUPPLY_CURRENT_NOW=-165557, POWER_SUPPLY_SYSTEM_TEMP_LEVEL=0, POWER_SUPPLY_PRESENT=1, POWER_SUPPLY_PARALLEL_DISABLE=0, POWER_SUPPLY_CHARGE_FULL=3615000, SUBSYSTEM=power_supply, POWER_SUPPLY_SET_SHIP_MODE=0, POWER_SUPPLY_TEMP=211, ACTION=change, POWER_SUPPLY_RERUN_AICL=0, POWER_SUPPLY_AGE=100, POWER_SUPPLY_NAME=battery, POWER_SUPPLY_VOLTAGE_MAX=-22, POWER_SUPPLY_CONSTANT_CHARGE_CURRENT_MAX=2000000, POWER_SUPPLY_CHARGE_COUNTER=2602800, POWER_SUPPLY_STEP_CHARGING_ENABLED=0, POWER_SUPPLY_NUM_SYSTEM_TEMP_LEVELS=8, POWER_SUPPLY_DIE_HEALTH=Hot, POWER_SUPPLY_INPUT_SUSPEND=0}
04-22 09:47:03.806  2506  2506 D QtiCarrierConfigHelper: WARNING, no carrier configs on phone Id: 0
04-22 09:47:03.889  1746  1784 V DisplayPowerController: Brightness [1] reason changing to: 'automatic [ dim ]', previous reason: 'automatic'.
04-22 09:47:04.066  1746  2287 I chatty  : uid=1000(system) PhotonicModulat expire 3 lines
04-22 09:47:05.889  1746  1784 I PowerManagerService: Going to sleep due to timeout (uid 1000)...
04-22 09:47:05.890  1746  1746 W UsageStatsService: Event reported without a package name, eventType:16
04-22 09:47:05.897  1746  1746 I WindowManager: Started going to sleep... (why=OFF_BECAUSE_OF_TIMEOUT)
04-22 09:47:05.971  1746  1784 V DisplayPowerController: Brightness [77] reason changing to: 'automatic', previous reason: 'automatic [ dim ]'.
04-22 09:47:06.236  2315  2315 D vol.VolumeDialogImpl: mDialog.dismiss()
04-22 09:47:06.392  1746  1784 I DisplayPowerController: Blocking screen off
04-22 09:47:06.392  1746  1784 I DisplayPowerController: Unblocked screen off after 1 ms
04-22 09:47:06.432  1746  1784 I WindowManager: Screen turned off...
04-22 09:47:06.434  2506  2506 D QtiCarrierConfigHelper: WARNING, no carrier configs on phone Id: 0
04-22 09:47:06.441  2315  2315 D StatusBar: disable<e i a s b H R c s > disable2<q i n >
04-22 09:47:06.442  2315  2315 D StatusBar: disable<e i a s b H R c s > disable2<q i n >
04-22 09:47:06.460  1746  1784 V DisplayPowerController: Brightness [0] reason changing to: 'screen_off', previous reason: 'automatic'.
04-22 09:47:06.460  1746  1769 I DisplayManagerService: Display device changed state: "Built-in Screen", OFF
04-22 09:47:06.460   882   882 D SurfaceFlinger: Setting power mode 0 on display 0
04-22 09:47:06.461   819  2889 I SDM     : DisplayBase::SetDisplayState: Set state = 0, display 0
04-22 09:47:06.491  2628  2695 I QcrilOemhookMsgTunnel: [0]processOemHookResponse serial no: -1 error: 0length=1
04-22 09:47:06.492  2628  2695 E QcrilOemhookMsgTunnel: [0]Unexpected serial number in solicited response!serial: -1 error: 0
04-22 09:47:06.510  1285  1285 W fingerprint@2.1: type=1400 audit(0.0:2052): avc: denied { read } for uid=1000 name="u:object_r:default_prop:s0" dev="tmpfs" ino=6639 scontext=u:r:hal_fingerprint_default:s0 tcontext=u:object_r:default_prop:s0 tclass=file permissive=0
04-22 09:47:06.512  1285  1461 I [GF_HAL][gf_hal]: [gf_hal_screen_off]
04-22 09:47:06.513  1285  1461 D [gf_ca_entry]: [gf_ca_invoke_command] enter
04-22 09:47:06.513  1285  1461 D [gf_ca_entry]: [gf_ta_send_modified_cmd_req] enter
04-22 09:47:06.513  1285  1461 D [gf_ca_entry]: [gf_ta_send_modified_cmd_req] begin token 102, cmd_id=1018
04-22 09:47:06.513  1285  1461 D [gf_ca_entry]: [gf_ca_get_logbuf_length] enter
04-22 09:47:06.513  1285  1461 E libc    : Access denied finding property "gf.debug.dump_talog_data"
04-22 09:47:06.513  1285  1461 D [gf_ca_entry]: [gf_ca_get_logbuf_length] exit
04-22 09:47:06.513  1285  1461 D [gf_sec_ion]: [gf_sec_ion_malloc] enter
04-22 09:47:06.513  1285  1461 D [gf_sec_ion]: [gf_sec_ion_malloc] gf_sec_ion_malloc data_size = 128
04-22 09:47:06.513  1285  1461 D [gf_sec_ion]: [gf_sec_ion_malloc] exit
04-22 09:47:06.513  1285  1461 D [gf_ca_entry]: [gf_ta_send_modified_cmd_req] whitebox is enabled.
04-22 09:47:06.534  1285  1461 D [gf_ca_entry]: [gf_ca_logdump] enter
04-22 09:47:06.534  1285  1461 D [gf_ca_entry]: [gf_ca_logdump] exit
04-22 09:47:06.534  1285  1461 D [gf_sec_ion]: [gf_sec_ion_free] enter
04-22 09:47:06.534  1285  1461 D [gf_sec_ion]: [gf_sec_ion_free] gf_sec_ion_free ion_local_flag is not true
04-22 09:47:06.534  1285  1461 D [gf_sec_ion]: [gf_sec_ion_free] exit
04-22 09:47:06.534  1285  1461 D [gf_ca_entry]: [gf_ta_send_modified_cmd_req] exit
04-22 09:47:06.534  1285  1461 D [gf_ca_entry]: [gf_ca_invoke_command] gx_ta_send_modified_cmd_req success
04-22 09:47:06.534  1285  1461 D [gf_ca_entry]: [gf_ca_invoke_command] ta execution succeed
04-22 09:47:06.534  1285  1461 D [gf_ca_entry]: [gf_ca_invoke_command] exit
04-22 09:47:06.844   882   882 D SurfaceFlinger: Finished setting power mode 0 on display 0
04-22 09:47:06.847   823   823 I QTI PowerHAL: Got set_interactive hint
04-22 09:47:06.849   823   823 I QTI PowerHAL: Got set_interactive hint on= 0, count= 18
04-22 09:47:06.849   823   823 E QTI PowerHAL: Error opening /sys/kernel/hbtp/display_pwr: No such file or directory
04-22 09:47:06.850  1746  1784 I DreamManagerService: Entering dreamland.
04-22 09:47:06.853  1746  1784 I PowerManagerService: Dozing...
04-22 09:47:06.855  1746  1766 I DreamController: Starting dream: name=ComponentInfo{com.android.systemui/com.android.systemui.doze.DozeService}, isTest=false, canDoze=true, userId=0
04-22 09:47:06.888  2315  2315 D StatusBar: updateQsExpansionEnabled - QS Expand enabled: false
04-22 09:47:06.899  2315  2315 D StatusBar: updateQsExpansionEnabled - QS Expand enabled: false
04-22 09:47:06.903  2315  2315 D StatusBar: disable<e i a s b H R c s > disable2<q i n >
04-22 09:47:06.911  1746  1746 V SettingsProvider: Notifying for 0: content://settings/secure/reminder_exp_learning_time_elapsed
04-22 09:47:06.912  2315  2315 D StatusBar: disable<e i a s b H R c s > disable2<q i n >
04-22 09:47:06.921  1746  1746 I WindowManager: Finished going to sleep... (why=OFF_BECAUSE_OF_TIMEOUT)
04-22 09:47:06.928  2315  2315 W View    : requestLayout() improperly called by com.android.systemui.statusbar.HeadsUpStatusBarView{aa901f7 I.E...... ......ID 0,0-248,56 #7f0a01f7 app:id/heads_up_status_bar_view} during layout: running second layout pass
04-22 09:47:06.942   809  2282 D audio_hw_primary: adev_set_parameters: enter: screen_state=off
04-22 09:47:06.942   809  2282 V msm8974_platform: platform_set_parameters: enter: screen_state=off
04-22 09:47:06.942   809  2282 V msm8974_platform: platform_set_parameters: exit with code(0)
04-22 09:47:06.950  2315  2315 D StatusBar: disable<e i a s b H R c s > disable2<q i n >
04-22 09:47:06.963  2315  2315 D StatusBar: disable<e i a s b H R c s > disable2<q i n >
04-22 09:47:06.969  2315  2315 W View    : requestLayout() improperly called by com.android.systemui.statusbar.HeadsUpStatusBarView{aa901f7 I.E...... ......ID 0,0-248,56 #7f0a01f7 app:id/heads_up_status_bar_view} during layout: running second layout pass
04-22 09:47:06.970 10900 10900 I MotoDisplay: onCreate
04-22 09:47:06.981  2315  2315 D MotoDisplayManager: ServiceConnection - Connected MotoDisplayService com.android.systemui.doze.IMotoDisplay$Stub$Proxy@b0b9468
04-22 09:47:06.981  2315  2315 I MotoDisplayManager: mMotoDisplayService.show com.android.systemui.doze.IMotoDisplay$Stub$Proxy@b0b9468
04-22 09:47:06.981  2315  2315 I MotoDisplayManager: new MotoDisplayCallback id:9
04-22 09:47:06.982  2973  2973 I DeviceStatusMonitor: DeviceStatusMonitor$1.onReceive():48 onReceive() : Action = android.intent.action.SCREEN_OFF
04-22 09:47:07.016  1746  2235 V WindowManager: Changing focus from Window{6c10f2d u0 StatusBar} to Window{271e7f2 u0 AOD} displayId=0
04-22 09:47:07.019 10900 10900 I MotoDisplay: Starting screen for result: .o.c.c.b requestCode: -1
04-22 09:47:07.063 10900 10900 I MotoDisplay: onCreate
04-22 09:47:07.084 17704  9668 I chatty  : uid=10157(com.google.android.gms) highpool[123] expire 11 lines
04-22 09:47:07.142 10900 10900 I MotoDisplay: getView
04-22 09:47:07.146 10900 10900 I MotoDisplay: getView
04-22 09:47:07.147 10900 10900 I MotoDisplay: Animations disabled: false
04-22 09:47:07.149 10900 10900 I MotoDisplay: Animations disabled: false
04-22 09:47:07.166  2315  2315 W View    : requestLayout() improperly called by com.android.systemui.statusbar.HeadsUpStatusBarView{aa901f7 I.E...... ......ID 0,0-248,56 #7f0a01f7 app:id/heads_up_status_bar_view} during layout: running second layout pass
04-22 09:47:07.282 10900 10900 E MotoDisplay: Exception getting package info. Name not found - com.android.nfc
04-22 09:47:07.285  2315  2315 D vol.VolumeDialogImpl: mDialog.dismiss()
04-22 09:47:07.286 10900 10900 E MotoDisplay: Exception getting package info. Name not found - com.android.calculator2
04-22 09:47:07.287 10900 10900 E MotoDisplay: Exception getting package info. Name not found - com.android.contacts
04-22 09:47:07.291 10900 10900 E MotoDisplay: Exception getting package info. Name not found - com.motorola.tools.batterytracer
04-22 09:47:07.301  1746  6609 D NotificationListeners: Enabling component com.motorola.motodisplay/.notification.DisplayNotifListenerService
04-22 09:47:07.302  1746  6609 V NotificationListeners: binding: Intent { act=android.service.notification.NotificationListenerService cmp=com.motorola.motodisplay/.notification.DisplayNotifListenerService (has extras) }
04-22 09:47:07.340  1746  1770 I WindowManager:   SURFACE show Surface(name=AOD)/@0x73fe5f0 on display:0: AOD
04-22 09:47:07.345 10900 10900 I MotoDisplay: Glance register result: true for sensor: {Sensor name="Moto Glance Gesture", vendor="Motorola", version=2, type=65548, maxRange=1.0, resolution=1.0, power=0.001, minDelay=0}
04-22 09:47:07.347  1746  1746 V NotificationListeners: 0 notification listener service connected: ComponentInfo{com.motorola.motodisplay/com.motorola.motodisplay.notification.DisplayNotifListenerService}
04-22 09:47:07.355 10900 10900 I MotoDisplay: onListenerConnected - DisplayNotifListenerService - retrieving notifications
04-22 09:47:07.409 10900 10900 I MotoDisplay: Acquiring partial wakelock MotoDisplayWakeLock for 500ms.
04-22 09:47:07.412 10900 10900 I MotoDisplay: Acquiring partial wakelock MotoDisplayWakeLock for 500ms.
04-22 09:47:08.360 20936 20989 I Finsky  : [2414] pjq.run(3): Stats for Executor: BlockingExecutor plw@6127eb3[Running, pool size = 1, active threads = 0, queued tasks = 0, completed tasks = 314]
04-22 09:47:08.361 20936 20989 I Finsky  : [2414] pjq.run(3): Stats for Executor: LightweightExecutor plw@9ecac70[Running, pool size = 4, active threads = 0, queued tasks = 0, completed tasks = 351]
04-22 09:47:08.362 20936 20989 I Finsky  : [2414] pjq.run(3): Stats for Executor: bgExecutor plw@4efbbe9[Running, pool size = 4, active threads = 0, queued tasks = 0, completed tasks = 340]
04-22 09:47:09.030  7386  7386 D MCLOG   : [MC_Service] onStartcommand()
04-22 09:47:09.122   724  2357 I netd    : trafficSwapActiveStatsMap() <17.53ms>
04-22 09:47:09.127   724  2357 I netd    : tetherGetStats() <3.03ms>
04-22 09:47:09.188   724  2357 I netd    : trafficSwapActiveStatsMap() <14.28ms>
04-22 09:47:09.192   724  2357 I netd    : tetherGetStats() <1.96ms>
04-22 09:47:09.257  3278 23302 I chatty  : uid=1000(system) com.motorola.process.system expire 34 lines
04-22 09:47:09.259  3278 23302 E MCINTLOG: [MC_BattStatsFactory] Adding uid 10074
04-22 09:47:09.259  3278 23302 E MCINTLOG: [MC_BattStatsFactory] Adding uid 10095
04-22 09:47:09.259  3278 23302 E MCINTLOG: [MC_BattStatsFactory] Adding uid 10099
04-22 09:47:09.259  3278 23302 E MCINTLOG: [MC_BattStatsFactory] Adding uid 10104
04-22 09:47:09.259  3278 23302 E MCINTLOG: [MC_BattStatsFactory] Adding uid 10105
04-22 09:47:09.259  3278 23302 E MCINTLOG: [MC_BattStatsFactory] Adding uid 10106
04-22 09:47:09.259  3278 23302 E MCINTLOG: [MC_BattStatsFactory] Adding uid 10107
04-22 09:47:09.259  3278 23302 E MCINTLOG: [MC_BattStatsFactory] Adding uid 10110
04-22 09:47:09.259  3278 23302 E MCINTLOG: [MC_BattStatsFactory] Adding uid 10112
04-22 09:47:09.259  3278 23302 E MCINTLOG: [MC_BattStatsFactory] Adding uid 10115
04-22 09:47:09.259  3278 23302 E MCINTLOG: [MC_BattStatsFactory] Adding uid 10119
04-22 09:47:09.259  3278 23302 E MCINTLOG: [MC_BattStatsFactory] Adding uid 10120
04-22 09:47:09.259  3278 23302 E MCINTLOG: [MC_BattStatsFactory] Adding uid 10121
04-22 09:47:09.259  3278 23302 E MCINTLOG: [MC_BattStatsFactory] Adding uid 10125
