04-22 10:27:48.798  2764  4153 I CarrierServices: [127] awv.handleMessage: RCS is disabled, skipping config update request
04-22 10:27:48.799  2764  3687 I CarrierServices: [99] cay.d: Connected state: [1], networkType: [WIFI]
04-22 10:27:48.800  2764  4146 I CarrierServices: [125] chy.a: (PEv2-SM): DisabledState: event Connectivity event
04-22 10:27:51.102     0     0 W swapper/0: type=1400 audit(0.0:2284): avc: denied { kill } for uid=0 capability=5 scontext=u:r:kernel:s0 tcontext=u:r:kernel:s0 tclass=capability permissive=0
04-22 10:27:51.856  2764  3687 I CarrierServices: [99] car.a: FiST: Wifi connectivity status true
04-22 10:27:51.858  2764  4146 I CarrierServices: [125] chy.a: (PEv2-SM): DisabledState: event Connectivity event
04-22 10:27:51.859  2764  4153 I CarrierServices: [127] awv.handleMessage: RCS is disabled, skipping config update request
04-22 10:27:51.860  2764  3687 I CarrierServices: [99] cay.d: Connected state: [1], networkType: [WIFI]
04-22 10:27:57.986  2506   540 I chatty  : uid=1001(radio) Binder:2506_B expire 10 lines
04-22 10:27:57.988  2764  3687 I CarrierServices: [99] car.a: FiST: Wifi connectivity status true
04-22 10:27:57.990  2764  4153 I CarrierServices: [127] awv.handleMessage: RCS is disabled, skipping config update request
04-22 10:27:57.990  2764  4146 I CarrierServices: [125] chy.a: (PEv2-SM): DisabledState: event Connectivity event
04-22 10:27:57.990  2764  3687 I CarrierServices: [99] cay.d: Connected state: [1], networkType: [WIFI]
04-22 10:28:00.020  2315  2315 W View    : requestLayout() improperly called by com.android.systemui.statusbar.HeadsUpStatusBarView{aa901f7 I.E...... ......ID 0,0-248,56 #7f0a01f7 app:id/heads_up_status_bar_view} during layout: running second layout pass
04-22 10:28:01.099     0     0 W swapper/1: type=1400 audit(0.0:2285): avc: denied { kill } for uid=0 capability=5 scontext=u:r:kernel:s0 tcontext=u:r:kernel:s0 tclass=capability permissive=0
04-22 10:28:03.230 17704 28128 I chatty  : uid=10157 com.google.android.gms.persistent expire 2 lines
04-22 10:28:04.124  2449  3312 I chatty  : uid=1001(radio) FrameworkReceiv expire 10 lines
04-22 10:28:04.149  2764  3687 I CarrierServices: [99] car.a: FiST: Wifi connectivity status true
04-22 10:28:04.149  2764  4153 I CarrierServices: [127] awv.handleMessage: RCS is disabled, skipping config update request
04-22 10:28:04.150  2764  4146 I CarrierServices: [125] chy.a: (PEv2-SM): DisabledState: event Connectivity event
04-22 10:28:04.151  2764  3687 I CarrierServices: [99] cay.d: Connected state: [1], networkType: [WIFI]
04-22 10:28:07.221  2764  3687 I CarrierServices: [99] car.a: FiST: Wifi connectivity status true
04-22 10:28:07.225  2764  4153 I CarrierServices: [127] awv.handleMessage: RCS is disabled, skipping config update request
04-22 10:28:07.225  2764  3687 I CarrierServices: [99] cay.d: Connected state: [1], networkType: [WIFI]
04-22 10:28:07.226  2764  4146 I CarrierServices: [125] chy.a: (PEv2-SM): DisabledState: event Connectivity event
04-22 10:28:08.116  1746  2064 D BatteryService: uevent={POWER_SUPPLY_DP_DM=0, POWER_SUPPLY_VOLTAGE_NOW=3973125, POWER_SUPPLY_SW_JEITA_ENABLED=0, POWER_SUPPLY_CHARGE_CONTROL_LIMIT_MAX=8, POWER_SUPPLY_RECHARGE_SOC=99, POWER_SUPPLY_HEALTH=Good, POWER_SUPPLY_TECHNOLOGY=Li-ion, POWER_SUPPLY_FCC_STEPPER_ENABLE=0, SEQNUM=616210, POWER_SUPPLY_INPUT_CURRENT_LIMITED=0, POWER_SUPPLY_CHARGE_CONTROL_LIMIT=0, POWER_SUPPLY_BATTERY_CHARGING_ENABLED=1, POWER_SUPPLY_STATUS=Discharging, POWER_SUPPLY_CYCLE_COUNT=1, POWER_SUPPLY_CURRENT_MAX=2000000, POWER_SUPPLY_CHARGE_TERM_CURRENT=-101, POWER_SUPPLY_CAPACITY=68, DEVPATH=/devices/platform/soc/200f000.qcom,spmi/spmi-0/spmi0-02/200f000.qcom,spmi:qcom,pmi632@2:qcom,qpnp-smb5/power_supply/battery, POWER_SUPPLY_CHARGE_DONE=0, POWER_SUPPLY_CHARGE_TYPE=N/A, POWER_SUPPLY_CHARGE_RATE=None, POWER_SUPPLY_CURRENT_NOW=-188293, POWER_SUPPLY_SYSTEM_TEMP_LEVEL=0, POWER_SUPPLY_PRESENT=1, POWER_SUPPLY_PARALLEL_DISABLE=0, POWER_SUPPLY_CHARGE_FULL=3615000, SUBSYSTEM=power_supply, POWER_SUPPLY_SET_SHIP_MODE=0, POWER_SUPPLY_TEMP=237, ACTION=change, POWER_SUPPLY_RERUN_AICL=0, POWER_SUPPLY_AGE=100, POWER_SUPPLY_NAME=battery, POWER_SUPPLY_VOLTAGE_MAX=-22, POWER_SUPPLY_CONSTANT_CHARGE_CURRENT_MAX=2000000, POWER_SUPPLY_CHARGE_COUNTER=2458200, POWER_SUPPLY_STEP_CHARGING_ENABLED=0, POWER_SUPPLY_NUM_SYSTEM_TEMP_LEVELS=8, POWER_SUPPLY_DIE_HEALTH=Hot, POWER_SUPPLY_INPUT_SUSPEND=0}
04-22 10:28:11.105     0     0 W swapper/2: type=1400 audit(0.0:2286): avc: denied { kill } for uid=0 capability=5 scontext=u:r:kernel:s0 tcontext=u:r:kernel:s0 tclass=capability permissive=0
04-22 10:28:19.475  2764  3687 I CarrierServices: [99] car.a: FiST: Wifi connectivity status true
04-22 10:28:19.476  2764  4153 I CarrierServices: [127] awv.handleMessage: RCS is disabled, skipping config update request
04-22 10:28:19.476  2764  4146 I CarrierServices: [125] chy.a: (PEv2-SM): DisabledState: event Connectivity event
04-22 10:28:19.479  2764  3687 I CarrierServices: [99] cay.d: Connected state: [1], networkType: [WIFI]
04-22 10:28:21.109     0     0 W swapper/0: type=1400 audit(0.0:2287): avc: denied { kill } for uid=0 capability=5 scontext=u:r:kernel:s0 tcontext=u:r:kernel:s0 tclass=capability permissive=0
04-22 10:28:22.546  2764  3687 I CarrierServices: [99] car.a: FiST: Wifi connectivity status true
04-22 10:28:22.547  2764  4153 I CarrierServices: [127] awv.handleMessage: RCS is disabled, skipping config update request
04-22 10:28:22.548  2764  3687 I CarrierServices: [99] cay.d: Connected state: [1], networkType: [WIFI]
04-22 10:28:22.548  2764  4146 I CarrierServices: [125] chy.a: (PEv2-SM): DisabledState: event Connectivity event
04-22 10:28:23.983  3191 28155 I chatty  : uid=10157 com.google.android.gms.unstable expire 2 lines
04-22 10:28:24.256   725   725 D Zygote  : Forked child process 28160
04-22 10:28:24.267  1746  1777 I ActivityManager: Start proc 28160:com.google.android.partnersetup/u0a115 for service {com.google.android.partnersetup/com.google.android.partnersetup.InstalledAppJobService}
04-22 10:28:24.282 17704 28158 I chatty  : uid=10157 com.google.android.gms.persistent expire 1 line
04-22 10:28:24.287   725   725 D Zygote  : Forked child process 28172
04-22 10:28:24.288 28160 28160 E id.partnersetu: Not starting debugger since process cannot load the jdwp agent.
04-22 10:28:24.290  1746  1777 I ActivityManager: Start proc 28172:com.google.android.apps.turbo:aab/u0a142 for service {com.google.android.apps.turbo/com.google.android.libraries.smartbattery.appusage.library.InferAppBucketsJob}
04-22 10:28:24.328 28172 28172 E .apps.turbo:aa: Not starting debugger since process cannot load the jdwp agent.
04-22 10:28:24.345 17704 25399 I chatty  : uid=10157(com.google.android.gms) lowpool[166] expire 3 lines
04-22 10:28:24.352 28160 28160 I id.partnersetu: The ClassLoaderContext is a special shared library.
04-22 10:28:24.356 23262 23262 I SetupWizard: [DeferredSetupNotificationSchedulerService] Deferred notification scheduled at Tue Apr 20 19:13:29 EDT 2021
04-22 10:28:24.356 28160 28160 I id.partnersetu: The ClassLoaderContext is a special shared library.
04-22 10:28:24.372 28172 28172 D ApplicationLoaders: Returning zygote-cached class loader: /system/framework/android.hidl.base-V1.0-java.jar
04-22 10:28:24.372 28172 28172 D ApplicationLoaders: Returning zygote-cached class loader: /system/framework/android.hidl.manager-V1.0-java.jar
04-22 10:28:24.372 28172 28172 D ApplicationLoaders: Returning zygote-cached class loader: /system/framework/android.hidl.base-V1.0-java.jar
04-22 10:28:24.374 28172 28172 I .apps.turbo:aa: The ClassLoaderContext is a special shared library.
04-22 10:28:24.378 28172 28172 I .apps.turbo:aa: The ClassLoaderContext is a special shared library.
04-22 10:28:24.396 28172 28172 W PrimesInit: Primes instant initialization
04-22 10:28:24.397 28172 28206 W Primes  : background initialization
04-22 10:28:24.421  2315  2315 W View    : requestLayout() improperly called by com.android.systemui.statusbar.HeadsUpStatusBarView{aa901f7 I.E...... ......ID 0,0-248,56 #7f0a01f7 app:id/heads_up_status_bar_view} during layout: running second layout pass
04-22 10:28:24.434 28172 28206 I PrimesTesting: GserviceFlagsSupplier.get()
04-22 10:28:24.508 17704 25298 I chatty  : uid=10157 com.google.android.gms.persistent expire 2 lines
04-22 10:28:24.512 28172 28216 W DynamiteModule: Local module descriptor class for com.google.android.gms.crash not found.
04-22 10:28:24.523 20079 20158 I chatty  : uid=10157(com.google.android.gms) lowpool[3] expire 2 lines
04-22 10:28:24.524  2315  2315 W View    : requestLayout() improperly called by com.android.systemui.statusbar.HeadsUpStatusBarView{aa901f7 I.E...... ......ID 0,0-248,56 #7f0a01f7 app:id/heads_up_status_bar_view} during layout: running second layout pass
04-22 10:28:24.550  2315  2315 W View    : requestLayout() improperly called by com.android.systemui.statusbar.HeadsUpStatusBarView{aa901f7 I.E...... ......ID 0,0-248,56 #7f0a01f7 app:id/heads_up_status_bar_view} during layout: running second layout pass
04-22 10:28:24.567  2315  2315 W View    : requestLayout() improperly called by com.android.systemui.statusbar.HeadsUpStatusBarView{aa901f7 I.E...... ......ID 0,0-248,56 #7f0a01f7 app:id/heads_up_status_bar_view} during layout: running second layout pass
04-22 10:28:24.580  1746  2387 I DropBoxManagerService: add tag=event_data isTagEnabled=true flags=0x2
04-22 10:28:24.589  1746  1776 W BroadcastQueue: Background execution not allowed: receiving Intent { act=android.intent.action.DROPBOX_ENTRY_ADDED flg=0x10 (has extras) } to com.google.android.gms/.stats.service.DropBoxEntryAddedReceiver
04-22 10:28:24.589  1746  1776 W BroadcastQueue: Background execution not allowed: receiving Intent { act=android.intent.action.DROPBOX_ENTRY_ADDED flg=0x10 (has extras) } to com.google.android.gms/.chimera.GmsIntentOperationService$PersistentTrustedReceiver
04-22 10:28:24.592 17704 17724 I chatty  : uid=10157(com.google.android.gms) HeapTaskDaemon expire 1 line
04-22 10:28:24.613 28172 28220 W Zebedee-inferBucketsJob: Models given by config: 1
04-22 10:28:24.616 17704 17726 I chatty  : uid=10157(com.google.android.gms) FinalizerDaemon expire 2 lines
04-22 10:28:24.627 28172 28216 I FirebaseCrashApiImpl: FirebaseCrashApiImpl created by ClassLoader dalvik.system.DelegateLastClassLoader[DexPathList[[zip file "/data/user_de/0/com.google.android.gms/app_chimera/m/0000000e/DynamiteModulesC.apk"],nativeLibraryDirectories=[/data/user_de/0/com.google.android.gms/app_chimera/m/0000000e/DynamiteModulesC.apk!/lib/armeabi-v7a, /data/user_de/0/com.google.android.gms/app_chimera/m/0000000e/DynamiteModulesC.apk!/lib/armeabi, /system/lib, /product/lib]]]
04-22 10:28:24.648 17704 25399 I chatty  : uid=10157(com.google.android.gms) lowpool[166] expire 2 lines
04-22 10:28:24.649  1746  5335 I DropBoxManagerService: add tag=platform_stats_bookmark isTagEnabled=true flags=0x2
04-22 10:28:24.652 28172 28217 I DynamiteModule: Considering local module com.google.android.gms.flags:3 and remote module com.google.android.gms.flags:3
04-22 10:28:24.652 28172 28217 I DynamiteModule: Selected local version of com.google.android.gms.flags
04-22 10:28:24.654  1746  1776 W BroadcastQueue: Background execution not allowed: receiving Intent { act=android.intent.action.DROPBOX_ENTRY_ADDED flg=0x10 (has extras) } to com.google.android.gms/.stats.service.DropBoxEntryAddedReceiver
04-22 10:28:24.654  1746  1776 W BroadcastQueue: Background execution not allowed: receiving Intent { act=android.intent.action.DROPBOX_ENTRY_ADDED flg=0x10 (has extras) } to com.google.android.gms/.chimera.GmsIntentOperationService$PersistentTrustedReceiver
04-22 10:28:24.661 17704 26637 I chatty  : uid=10157 com.google.android.gms.persistent expire 3 lines
04-22 10:28:24.661 28172 28217 W DynamiteModule: Local module descriptor class for com.google.android.gms.crash not found.
04-22 10:28:24.692 28172 28217 I FirebaseCrashApiImpl: FirebaseCrash reporting API initialized
04-22 10:28:24.693 28172 28217 W FirebaseCrashAnalytics: Unable to log event, missing Google Analytics for Firebase library
04-22 10:28:24.798 28172 28220 I tflite  : Initialized TensorFlow Lite runtime.
04-22 10:28:24.833 28172 28220 W Zebedee-appStandbyManager: Successfully pushed app buckets to the platform using model 9
04-22 10:28:29.606 20079 20158 I chatty  : uid=10157(com.google.android.gms) lowpool[3] expire 2 lines
04-22 10:28:31.109     0     0 W swapper/1: type=1400 audit(0.0:2288): avc: denied { kill } for uid=0 capability=5 scontext=u:r:kernel:s0 tcontext=u:r:kernel:s0 tclass=capability permissive=0
04-22 10:28:31.290  1746  9368 D WificondControl: Scan result ready event
04-22 10:28:34.475  2315  2315 W View    : requestLayout() improperly called by com.android.systemui.statusbar.HeadsUpStatusBarView{aa901f7 I.E...... ......ID 0,0-248,56 #7f0a01f7 app:id/heads_up_status_bar_view} during layout: running second layout pass
04-22 10:28:37.836  2506   540 I chatty  : uid=1001(radio) Binder:2506_B expire 11 lines
04-22 10:28:37.839  2764  3687 I CarrierServices: [99] car.a: FiST: Wifi connectivity status true
04-22 10:28:37.840  2764  4146 I CarrierServices: [125] chy.a: (PEv2-SM): DisabledState: event Connectivity event
04-22 10:28:37.840  2764  4153 I CarrierServices: [127] awv.handleMessage: RCS is disabled, skipping config update request
04-22 10:28:37.842  2764  3687 I CarrierServices: [99] cay.d: Connected state: [1], networkType: [WIFI]
04-22 10:28:39.420 28172 28257 I FirebaseCrash: Sending crashes
04-22 10:28:40.879  2449  3312 I chatty  : uid=1001(radio) FrameworkReceiv expire 12 lines
04-22 10:28:40.881  2764  3687 I CarrierServices: [99] car.a: FiST: Wifi connectivity status true
04-22 10:28:40.882  2764  4146 I CarrierServices: [125] chy.a: (PEv2-SM): DisabledState: event Connectivity event
04-22 10:28:40.882  2764  4153 I CarrierServices: [127] awv.handleMessage: RCS is disabled, skipping config update request
04-22 10:28:40.882  2764  3687 I CarrierServices: [99] cay.d: Connected state: [1], networkType: [WIFI]
04-22 10:28:41.112     0     0 W swapper/0: type=1400 audit(0.0:2289): avc: denied { kill } for uid=0 capability=5 scontext=u:r:kernel:s0 tcontext=u:r:kernel:s0 tclass=capability permissive=0
04-22 10:28:43.977  2764  3687 I CarrierServices: [99] car.a: FiST: Wifi connectivity status true
04-22 10:28:43.979  2764  4153 I CarrierServices: [127] awv.handleMessage: RCS is disabled, skipping config update request
04-22 10:28:43.980  2764  4146 I CarrierServices: [125] chy.a: (PEv2-SM): DisabledState: event Connectivity event
04-22 10:28:43.981  2764  3687 I CarrierServices: [99] cay.d: Connected state: [1], networkType: [WIFI]
04-22 10:28:47.057  2764  3687 I CarrierServices: [99] car.a: FiST: Wifi connectivity status true
04-22 10:28:47.060  2764  4146 I CarrierServices: [125] chy.a: (PEv2-SM): DisabledState: event Connectivity event
04-22 10:28:47.061  2764  4153 I CarrierServices: [127] awv.handleMessage: RCS is disabled, skipping config update request
04-22 10:28:47.062  2764  3687 I CarrierServices: [99] cay.d: Connected state: [1], networkType: [WIFI]
04-22 10:28:51.115     0     0 W swapper/1: type=1400 audit(0.0:2290): avc: denied { kill } for uid=0 capability=5 scontext=u:r:kernel:s0 tcontext=u:r:kernel:s0 tclass=capability permissive=0
04-22 10:29:00.011  2315  2315 W View    : requestLayout() improperly called by com.android.systemui.statusbar.HeadsUpStatusBarView{aa901f7 I.E...... ......ID 0,0-248,56 #7f0a01f7 app:id/heads_up_status_bar_view} during layout: running second layout pass
04-22 10:29:01.119     0     0 W swapper/0: type=1400 audit(0.0:2291): avc: denied { kill } for uid=0 capability=5 scontext=u:r:kernel:s0 tcontext=u:r:kernel:s0 tclass=capability permissive=0
04-22 10:29:09.569  1746  2064 D BatteryService: uevent={POWER_SUPPLY_DP_DM=0, POWER_SUPPLY_VOLTAGE_NOW=3973319, POWER_SUPPLY_SW_JEITA_ENABLED=0, POWER_SUPPLY_CHARGE_CONTROL_LIMIT_MAX=8, POWER_SUPPLY_RECHARGE_SOC=99, POWER_SUPPLY_HEALTH=Good, POWER_SUPPLY_TECHNOLOGY=Li-ion, POWER_SUPPLY_FCC_STEPPER_ENABLE=0, SEQNUM=616333, POWER_SUPPLY_INPUT_CURRENT_LIMITED=0, POWER_SUPPLY_CHARGE_CONTROL_LIMIT=0, POWER_SUPPLY_BATTERY_CHARGING_ENABLED=1, POWER_SUPPLY_STATUS=Discharging, POWER_SUPPLY_CYCLE_COUNT=1, POWER_SUPPLY_CURRENT_MAX=2000000, POWER_SUPPLY_CHARGE_TERM_CURRENT=-101, POWER_SUPPLY_CAPACITY=68, DEVPATH=/devices/platform/soc/200f000.qcom,spmi/spmi-0/spmi0-02/200f000.qcom,spmi:qcom,pmi632@2:qcom,qpnp-smb5/power_supply/battery, POWER_SUPPLY_CHARGE_DONE=0, POWER_SUPPLY_CHARGE_TYPE=N/A, POWER_SUPPLY_CHARGE_RATE=None, POWER_SUPPLY_CURRENT_NOW=-165100, POWER_SUPPLY_SYSTEM_TEMP_LEVEL=0, POWER_SUPPLY_PRESENT=1, POWER_SUPPLY_PARALLEL_DISABLE=0, POWER_SUPPLY_CHARGE_FULL=3615000, SUBSYSTEM=power_supply, POWER_SUPPLY_SET_SHIP_MODE=0, POWER_SUPPLY_TEMP=238, ACTION=change, POWER_SUPPLY_RERUN_AICL=0, POWER_SUPPLY_AGE=100, POWER_SUPPLY_NAME=battery, POWER_SUPPLY_VOLTAGE_MAX=-22, POWER_SUPPLY_CONSTANT_CHARGE_CURRENT_MAX=2000000, POWER_SUPPLY_CHARGE_COUNTER=2458200, POWER_SUPPLY_STEP_CHARGING_ENABLED=0, POWER_SUPPLY_NUM_SYSTEM_TEMP_LEVELS=8, POWER_SUPPLY_DIE_HEALTH=Hot, POWER_SUPPLY_INPUT_SUSPEND=0}
04-22 10:29:11.119     0     0 W swapper/1: type=1400 audit(0.0:2292): avc: denied { kill } for uid=0 capability=5 scontext=u:r:kernel:s0 tcontext=u:r:kernel:s0 tclass=capability permissive=0
04-22 10:29:11.485  2764  3687 I CarrierServices: [99] car.a: FiST: Wifi connectivity status true
04-22 10:29:11.486  2764  4153 I CarrierServices: [127] awv.handleMessage: RCS is disabled, skipping config update request
04-22 10:29:11.487  2764  4146 I CarrierServices: [125] chy.a: (PEv2-SM): DisabledState: event Connectivity event
04-22 10:29:11.487  2764  3687 I CarrierServices: [99] cay.d: Connected state: [1], networkType: [WIFI]
04-22 10:29:14.539  2764  3687 I CarrierServices: [99] car.a: FiST: Wifi connectivity status true
04-22 10:29:14.541  2764  4153 I CarrierServices: [127] awv.handleMessage: RCS is disabled, skipping config update request
04-22 10:29:14.542  2764  4146 I CarrierServices: [125] chy.a: (PEv2-SM): DisabledState: event Connectivity event
04-22 10:29:14.543  2764  3687 I CarrierServices: [99] cay.d: Connected state: [1], networkType: [WIFI]
04-22 10:29:14.552  2506   540 I chatty  : uid=1001(radio) Binder:2506_B expire 11 lines
04-22 10:29:21.122     0     0 W swapper/0: type=1400 audit(0.0:2293): avc: denied { kill } for uid=0 capability=5 scontext=u:r:kernel:s0 tcontext=u:r:kernel:s0 tclass=capability permissive=0
04-22 10:29:29.873  2764  3687 I CarrierServices: [99] car.a: FiST: Wifi connectivity status true
04-22 10:29:29.875  2764  4153 I CarrierServices: [127] awv.handleMessage: RCS is disabled, skipping config update request
04-22 10:29:29.876  2764  4146 I CarrierServices: [125] chy.a: (PEv2-SM): DisabledState: event Connectivity event
04-22 10:29:29.876  2764  3687 I CarrierServices: [99] cay.d: Connected state: [1], networkType: [WIFI]
04-22 10:29:31.125     0     0 W swapper/1: type=1400 audit(0.0:2294): avc: denied { kill } for uid=0 capability=5 scontext=u:r:kernel:s0 tcontext=u:r:kernel:s0 tclass=capability permissive=0
04-22 10:29:37.469 17704 25155 I chatty  : uid=10157(com.google.android.gms) lowpool[159] expire 2 lines
04-22 10:29:41.125     0     0 W swapper/0: type=1400 audit(0.0:2295): avc: denied { kill } for uid=0 capability=5 scontext=u:r:kernel:s0 tcontext=u:r:kernel:s0 tclass=capability permissive=0
04-22 10:29:42.110  2449  3312 I chatty  : uid=1001(radio) FrameworkReceiv expire 10 lines
04-22 10:29:42.125  2764  3687 I CarrierServices: [99] car.a: FiST: Wifi connectivity status true
04-22 10:29:42.127  2764  4153 I CarrierServices: [127] awv.handleMessage: RCS is disabled, skipping config update request
04-22 10:29:42.127  2764  4146 I CarrierServices: [125] chy.a: (PEv2-SM): DisabledState: event Connectivity event
04-22 10:29:42.130  2764  3687 I CarrierServices: [99] cay.d: Connected state: [1], networkType: [WIFI]
04-22 10:29:43.354 20079 28364 I chatty  : uid=10157(com.google.android.gms) expire 2 lines
04-22 10:29:44.361  1746  2396 D WificondControl: Scan result ready event
04-22 10:29:46.711  1746  1775 I UsageStatsService: User[0] Flushing usage stats to disk
04-22 10:29:46.773  1746  1775 E AppIdleHistory: Error writing app idle file for user 0
04-22 10:29:51.129     0     0 W swapper/1: type=1400 audit(0.0:2296): avc: denied { kill } for uid=0 capability=5 scontext=u:r:kernel:s0 tcontext=u:r:kernel:s0 tclass=capability permissive=0
04-22 10:29:54.651  3191  3767 I chatty  : uid=10157(com.google.android.gms) lowpool[3] expire 2 lines
04-22 10:29:57.445  2764  3687 I CarrierServices: [99] car.a: FiST: Wifi connectivity status true
04-22 10:29:57.447  2764  4153 I CarrierServices: [127] awv.handleMessage: RCS is disabled, skipping config update request
04-22 10:29:57.447  2764  3687 I CarrierServices: [99] cay.d: Connected state: [1], networkType: [WIFI]
04-22 10:29:57.448  2764  4146 I CarrierServices: [125] chy.a: (PEv2-SM): DisabledState: event Connectivity event
04-22 10:30:00.026  2315  2315 W View    : requestLayout() improperly called by com.android.systemui.statusbar.HeadsUpStatusBarView{aa901f7 I.E...... ......ID 0,0-248,56 #7f0a01f7 app:id/heads_up_status_bar_view} during layout: running second layout pass
04-22 10:30:00.500  2764  3687 I CarrierServices: [99] car.a: FiST: Wifi connectivity status true
04-22 10:30:00.502  2764  4146 I CarrierServices: [125] chy.a: (PEv2-SM): DisabledState: event Connectivity event
04-22 10:30:00.502  2764  4153 I CarrierServices: [127] awv.handleMessage: RCS is disabled, skipping config update request
04-22 10:30:00.504  2764  3687 I CarrierServices: [99] cay.d: Connected state: [1], networkType: [WIFI]
04-22 10:30:01.129     0     0 W swapper/0: type=1400 audit(0.0:2297): avc: denied { kill } for uid=0 capability=5 scontext=u:r:kernel:s0 tcontext=u:r:kernel:s0 tclass=capability permissive=0
04-22 10:30:11.006  1746  2064 D BatteryService: uevent={POWER_SUPPLY_DP_DM=0, POWER_SUPPLY_VOLTAGE_NOW=3970400, POWER_SUPPLY_SW_JEITA_ENABLED=0, POWER_SUPPLY_CHARGE_CONTROL_LIMIT_MAX=8, POWER_SUPPLY_RECHARGE_SOC=99, POWER_SUPPLY_HEALTH=Good, POWER_SUPPLY_TECHNOLOGY=Li-ion, POWER_SUPPLY_FCC_STEPPER_ENABLE=0, SEQNUM=616455, POWER_SUPPLY_INPUT_CURRENT_LIMITED=0, POWER_SUPPLY_CHARGE_CONTROL_LIMIT=0, POWER_SUPPLY_BATTERY_CHARGING_ENABLED=1, POWER_SUPPLY_STATUS=Discharging, POWER_SUPPLY_CYCLE_COUNT=1, POWER_SUPPLY_CURRENT_MAX=2000000, POWER_SUPPLY_CHARGE_TERM_CURRENT=-101, POWER_SUPPLY_CAPACITY=68, DEVPATH=/devices/platform/soc/200f000.qcom,spmi/spmi-0/spmi0-02/200f000.qcom,spmi:qcom,pmi632@2:qcom,qpnp-smb5/power_supply/battery, POWER_SUPPLY_CHARGE_DONE=0, POWER_SUPPLY_CHARGE_TYPE=N/A, POWER_SUPPLY_CHARGE_RATE=None, POWER_SUPPLY_CURRENT_NOW=-214691, POWER_SUPPLY_SYSTEM_TEMP_LEVEL=0, POWER_SUPPLY_PRESENT=1, POWER_SUPPLY_PARALLEL_DISABLE=0, POWER_SUPPLY_CHARGE_FULL=3615000, SUBSYSTEM=power_supply, POWER_SUPPLY_SET_SHIP_MODE=0, POWER_SUPPLY_TEMP=238, ACTION=change, POWER_SUPPLY_RERUN_AICL=0, POWER_SUPPLY_AGE=100, POWER_SUPPLY_NAME=battery, POWER_SUPPLY_VOLTAGE_MAX=-22, POWER_SUPPLY_CONSTANT_CHARGE_CURRENT_MAX=2000000, POWER_SUPPLY_CHARGE_COUNTER=2458200, POWER_SUPPLY_STEP_CHARGING_ENABLED=0, POWER_SUPPLY_NUM_SYSTEM_TEMP_LEVELS=8, POWER_SUPPLY_DIE_HEALTH=Hot, POWER_SUPPLY_INPUT_SUSPEND=0}
04-22 10:30:11.020  2506  2506 I chatty  : uid=1001(radio) com.android.phone expire 5 lines
04-22 10:30:11.132     0     0 W swapper/1: type=1400 audit(0.0:2298): avc: denied { kill } for uid=0 capability=5 scontext=u:r:kernel:s0 tcontext=u:r:kernel:s0 tclass=capability permissive=0
04-22 10:30:31.135     0     0 W swapper/1: type=1400 audit(0.0:2300): avc: denied { kill } for uid=0 capability=5 scontext=u:r:kernel:s0 tcontext=u:r:kernel:s0 tclass=capability permissive=0
04-22 10:30:33.727   806  1081 W qti_sensors_hal: processReportInd: lux: 35, ch0: 139, ch1: 392
04-22 10:30:34.201  2764  3687 I CarrierServices: [99] car.a: FiST: Wifi connectivity status true
04-22 10:30:34.204  2764  4146 I CarrierServices: [125] chy.a: (PEv2-SM): DisabledState: event Connectivity event
04-22 10:30:34.205  2764  4153 I CarrierServices: [127] awv.handleMessage: RCS is disabled, skipping config update request
04-22 10:30:34.206  2764  3687 I CarrierServices: [99] cay.d: Connected state: [1], networkType: [WIFI]
04-22 10:30:35.368   806  1081 W qti_sensors_hal: processReportInd: lux: 54, ch0: 199, ch1: 390
04-22 10:30:37.283  2764  3687 I CarrierServices: [99] car.a: FiST: Wifi connectivity status true
04-22 10:30:37.285  2764  4153 I CarrierServices: [127] awv.handleMessage: RCS is disabled, skipping config update request
04-22 10:30:37.286  2764  3687 I CarrierServices: [99] cay.d: Connected state: [1], networkType: [WIFI]
04-22 10:30:37.287  2764  4146 I CarrierServices: [125] chy.a: (PEv2-SM): DisabledState: event Connectivity event
04-22 10:30:41.139     0     0 W swapper/0: type=1400 audit(0.0:2301): avc: denied { kill } for uid=0 capability=5 scontext=u:r:kernel:s0 tcontext=u:r:kernel:s0 tclass=capability permissive=0
04-22 10:30:46.489  2449  3312 I chatty  : uid=1001(radio) FrameworkReceiv expire 10 lines
04-22 10:30:46.506  2764  3687 I CarrierServices: [99] car.a: FiST: Wifi connectivity status true
04-22 10:30:46.507  2764  4153 I CarrierServices: [127] awv.handleMessage: RCS is disabled, skipping config update request
04-22 10:30:46.508  2764  4146 I CarrierServices: [125] chy.a: (PEv2-SM): DisabledState: event Connectivity event
04-22 10:30:46.508  2764  3687 I CarrierServices: [99] cay.d: Connected state: [1], networkType: [WIFI]
04-22 10:30:51.142     0     0 W swapper/1: type=1400 audit(0.0:2302): avc: denied { kill } for uid=0 capability=5 scontext=u:r:kernel:s0 tcontext=u:r:kernel:s0 tclass=capability permissive=0
04-22 10:31:00.025  2315  2315 W View    : requestLayout() improperly called by com.android.systemui.statusbar.HeadsUpStatusBarView{aa901f7 I.E...... ......ID 0,0-248,56 #7f0a01f7 app:id/heads_up_status_bar_view} during layout: running second layout pass
04-22 10:31:00.063  3513  3534 W orola.launcher: Reducing the number of considered missed Gc histogram windows from 120 to 100
04-22 10:31:01.145     0     0 W swapper/0: type=1400 audit(0.0:2303): avc: denied { kill } for uid=0 capability=5 scontext=u:r:kernel:s0 tcontext=u:r:kernel:s0 tclass=capability permissive=0
04-22 10:31:07.189  1746  1765 D WificondControl: Scan result ready event
04-22 10:31:11.019  2764  3687 I CarrierServices: [99] car.a: FiST: Wifi connectivity status true
04-22 10:31:11.022  2764  4146 I CarrierServices: [125] chy.a: (PEv2-SM): DisabledState: event Connectivity event
04-22 10:31:11.022  2764  3687 I CarrierServices: [99] cay.d: Connected state: [1], networkType: [WIFI]
04-22 10:31:11.022  2764  4153 I CarrierServices: [127] awv.handleMessage: RCS is disabled, skipping config update request
04-22 10:31:11.145     0     0 W swapper/1: type=1400 audit(0.0:2304): avc: denied { kill } for uid=0 capability=5 scontext=u:r:kernel:s0 tcontext=u:r:kernel:s0 tclass=capability permissive=0
04-22 10:31:12.434  1746  2064 D BatteryService: uevent={POWER_SUPPLY_DP_DM=0, POWER_SUPPLY_VOLTAGE_NOW=3971373, POWER_SUPPLY_SW_JEITA_ENABLED=0, POWER_SUPPLY_CHARGE_CONTROL_LIMIT_MAX=8, POWER_SUPPLY_RECHARGE_SOC=99, POWER_SUPPLY_HEALTH=Good, POWER_SUPPLY_TECHNOLOGY=Li-ion, POWER_SUPPLY_FCC_STEPPER_ENABLE=0, SEQNUM=616577, POWER_SUPPLY_INPUT_CURRENT_LIMITED=0, POWER_SUPPLY_CHARGE_CONTROL_LIMIT=0, POWER_SUPPLY_BATTERY_CHARGING_ENABLED=1, POWER_SUPPLY_STATUS=Discharging, POWER_SUPPLY_CYCLE_COUNT=1, POWER_SUPPLY_CURRENT_MAX=2000000, POWER_SUPPLY_CHARGE_TERM_CURRENT=-101, POWER_SUPPLY_CAPACITY=68, DEVPATH=/devices/platform/soc/200f000.qcom,spmi/spmi-0/spmi0-02/200f000.qcom,spmi:qcom,pmi632@2:qcom,qpnp-smb5/power_supply/battery, POWER_SUPPLY_CHARGE_DONE=0, POWER_SUPPLY_CHARGE_TYPE=N/A, POWER_SUPPLY_CHARGE_RATE=None, POWER_SUPPLY_CURRENT_NOW=-157470, POWER_SUPPLY_SYSTEM_TEMP_LEVEL=0, POWER_SUPPLY_PRESENT=1, POWER_SUPPLY_PARALLEL_DISABLE=0, POWER_SUPPLY_CHARGE_FULL=3615000, SUBSYSTEM=power_supply, POWER_SUPPLY_SET_SHIP_MODE=0, POWER_SUPPLY_TEMP=238, ACTION=change, POWER_SUPPLY_RERUN_AICL=0, POWER_SUPPLY_AGE=100, POWER_SUPPLY_NAME=battery, POWER_SUPPLY_VOLTAGE_MAX=-22, POWER_SUPPLY_CONSTANT_CHARGE_CURRENT_MAX=2000000, POWER_SUPPLY_CHARGE_COUNTER=2458200, POWER_SUPPLY_STEP_CHARGING_ENABLED=0, POWER_SUPPLY_NUM_SYSTEM_TEMP_LEVELS=8, POWER_SUPPLY_DIE_HEALTH=Hot, POWER_SUPPLY_INPUT_SUSPEND=0}
04-22 10:31:20.176  2764  3687 I CarrierServices: [99] car.a: FiST: Wifi connectivity status true
04-22 10:31:20.178  2764  4153 I CarrierServices: [127] awv.handleMessage: RCS is disabled, skipping config update request
04-22 10:31:20.179  2764  4146 I CarrierServices: [125] chy.a: (PEv2-SM): DisabledState: event Connectivity event
04-22 10:31:20.179  2764  3687 I CarrierServices: [99] cay.d: Connected state: [1], networkType: [WIFI]
04-22 10:31:21.145     0     0 W swapper/2: type=1400 audit(0.0:2305): avc: denied { kill } for uid=0 capability=5 scontext=u:r:kernel:s0 tcontext=u:r:kernel:s0 tclass=capability permissive=0
04-22 10:31:23.266  2764  3687 I CarrierServices: [99] car.a: FiST: Wifi connectivity status true
04-22 10:31:23.267  2764  4153 I CarrierServices: [127] awv.handleMessage: RCS is disabled, skipping config update request
04-22 10:31:23.268  2764  4146 I CarrierServices: [125] chy.a: (PEv2-SM): DisabledState: event Connectivity event
04-22 10:31:23.268  2764  3687 I CarrierServices: [99] cay.d: Connected state: [1], networkType: [WIFI]
04-22 10:31:23.278  2506  2733 I chatty  : uid=1001(radio) Binder:2506_6 expire 11 lines
04-22 10:31:26.352  2764  3687 I CarrierServices: [99] car.a: FiST: Wifi connectivity status true
04-22 10:31:26.353  2764  4153 I CarrierServices: [127] awv.handleMessage: RCS is disabled, skipping config update request
04-22 10:31:26.354  2764  4146 I CarrierServices: [125] chy.a: (PEv2-SM): DisabledState: event Connectivity event
04-22 10:31:26.355  2764  3687 I CarrierServices: [99] cay.d: Connected state: [1], networkType: [WIFI]
04-22 10:31:26.361  2506   540 I chatty  : uid=1001(radio) Binder:2506_B expire 1 line
04-22 10:31:29.406  2449  3312 I chatty  : uid=1001(radio) FrameworkReceiv expire 10 lines
04-22 10:31:29.430  2764  3687 I CarrierServices: [99] car.a: FiST: Wifi connectivity status true
04-22 10:31:29.431  2764  4153 I CarrierServices: [127] awv.handleMessage: RCS is disabled, skipping config update request
04-22 10:31:29.431  2764  4146 I CarrierServices: [125] chy.a: (PEv2-SM): DisabledState: event Connectivity event
04-22 10:31:29.432  2764  3687 I CarrierServices: [99] cay.d: Connected state: [1], networkType: [WIFI]
04-22 10:31:31.149     0     0 W swapper/0: type=1400 audit(0.0:2306): avc: denied { kill } for uid=0 capability=5 scontext=u:r:kernel:s0 tcontext=u:r:kernel:s0 tclass=capability permissive=0
04-22 10:31:34.939   724  2357 I netd    : trafficSwapActiveStatsMap() <5.90ms>
04-22 10:31:34.944   724  2357 I netd    : tetherGetStats() <2.78ms>
04-22 10:31:38.627  2764  3687 I CarrierServices: [99] car.a: FiST: Wifi connectivity status true
04-22 10:31:38.628  2764  4153 I CarrierServices: [127] awv.handleMessage: RCS is disabled, skipping config update request
04-22 10:31:38.628  2764  4146 I CarrierServices: [125] chy.a: (PEv2-SM): DisabledState: event Connectivity event
04-22 10:31:38.629  2764  3687 I CarrierServices: [99] cay.d: Connected state: [1], networkType: [WIFI]
04-22 10:31:41.152     0     0 W swapper/1: type=1400 audit(0.0:2307): avc: denied { kill } for uid=0 capability=5 scontext=u:r:kernel:s0 tcontext=u:r:kernel:s0 tclass=capability permissive=0
04-22 10:31:41.715  2764  3687 I CarrierServices: [99] car.a: FiST: Wifi connectivity status true
04-22 10:31:41.717  2764  4153 I CarrierServices: [127] awv.handleMessage: RCS is disabled, skipping config update request
04-22 10:31:41.718  2764  4146 I CarrierServices: [125] chy.a: (PEv2-SM): DisabledState: event Connectivity event
04-22 10:31:41.718  2764  3687 I CarrierServices: [99] cay.d: Connected state: [1], networkType: [WIFI]
04-22 10:31:46.795  1746  2064 D BatteryService: uevent={POWER_SUPPLY_DP_DM=0, POWER_SUPPLY_VOLTAGE_NOW=3970594, POWER_SUPPLY_SW_JEITA_ENABLED=0, POWER_SUPPLY_CHARGE_CONTROL_LIMIT_MAX=8, POWER_SUPPLY_RECHARGE_SOC=99, POWER_SUPPLY_HEALTH=Good, POWER_SUPPLY_TECHNOLOGY=Li-ion, POWER_SUPPLY_FCC_STEPPER_ENABLE=0, SEQNUM=616647, POWER_SUPPLY_INPUT_CURRENT_LIMITED=0, POWER_SUPPLY_CHARGE_CONTROL_LIMIT=0, POWER_SUPPLY_BATTERY_CHARGING_ENABLED=1, POWER_SUPPLY_STATUS=Discharging, POWER_SUPPLY_CYCLE_COUNT=1, POWER_SUPPLY_CURRENT_MAX=2000000, POWER_SUPPLY_CHARGE_TERM_CURRENT=-101, POWER_SUPPLY_CAPACITY=67, DEVPATH=/devices/platform/soc/200f000.qcom,spmi/spmi-0/spmi0-02/200f000.qcom,spmi:qcom,pmi632@2:qcom,qpnp-smb5/power_supply/battery, POWER_SUPPLY_CHARGE_DONE=0, POWER_SUPPLY_CHARGE_TYPE=N/A, POWER_SUPPLY_CHARGE_RATE=None, POWER_SUPPLY_CURRENT_NOW=-163726, POWER_SUPPLY_SYSTEM_TEMP_LEVEL=0, POWER_SUPPLY_PRESENT=1, POWER_SUPPLY_PARALLEL_DISABLE=0, POWER_SUPPLY_CHARGE_FULL=3615000, SUBSYSTEM=power_supply, POWER_SUPPLY_SET_SHIP_MODE=0, POWER_SUPPLY_TEMP=239, ACTION=change, POWER_SUPPLY_RERUN_AICL=0, POWER_SUPPLY_AGE=100, POWER_SUPPLY_NAME=battery, POWER_SUPPLY_VOLTAGE_MAX=-22, POWER_SUPPLY_CONSTANT_CHARGE_CURRENT_MAX=2000000, POWER_SUPPLY_CHARGE_COUNTER=2422050, POWER_SUPPLY_STEP_CHARGING_ENABLED=0, POWER_SUPPLY_NUM_SYSTEM_TEMP_LEVELS=8, POWER_SUPPLY_DIE_HEALTH=Hot, POWER_SUPPLY_INPUT_SUSPEND=0}
04-22 10:31:46.809 23316 23316 D CmdCenter: - RowBuilder2: setUseWhiteRes useOrNot = true
04-22 10:31:46.812 23316 23316 D CmdCenter: - RowWidgetUpdater2: the Min widget of widget[2] is 213
04-22 10:31:46.812 23316 23316 D CmdCenter: - RowWidgetUpdater2: 2cellWidth = 180 column is 3
04-22 10:31:46.812 23316 23316 D CmdCenter: - RowBuilder2: useWhiteRes=true -is 18-9?=true cellX= 3 grid=5
04-22 10:31:46.813   824   824 D ThermalHAL-TARGET: Entering get_temperatures
04-22 10:31:46.813   824   824 D ThermalHAL-TARGET: Entering get_temperatures
04-22 10:31:46.813   824   824 D ThermalHAL-UTIL: Entering get_temperature_for_all
04-22 10:31:46.813   824   824 D ThermalHAL-UTIL: Entering read_temperature
04-22 10:31:46.815   824   824 D ThermalHAL-UTIL: Entering read_temperature
04-22 10:31:46.853  7386  7386 D MCLOG   : [MC_Service] onStartcommand()
04-22 10:31:46.867 23316 23316 D CmdCenter: - RowWeatherInitializer: Utils.getWeatherInfo return null.
04-22 10:31:46.870 23316 23316 D CmdCenter: - RowWidgetUpdater2: ->config = {1.0 ?mcc?mnc [en_US] ldltr sw411dp w411dp h812dp 280dpi nrml long port finger -keyb/v/h -nav/h winConfig={ mBounds=Rect(0, 0 - 720, 1520) mAppBounds=Rect(0, 56 - 720, 1478) mWindowingMode=fullscreen mDisplayWindowingMode=fullscreen mActivityType=undefined mAlwaysOnTop=undefined mRotation=ROTATION_0} s.42 ?spn ?gid}
04-22 10:31:46.870 23316 23316 D CmdCenter: - RowWidgetUpdater2: ->config debug_dimens = 54
04-22 10:31:49.972  1746  1768 W EntropyMixer: Failed to add HW RNG output to entropy pool
04-22 10:31:49.972  1746  1768 W EntropyMixer: java.io.FileNotFoundException: /dev/hw_random: open failed: EACCES (Permission denied)
04-22 10:31:49.972  1746  1768 W EntropyMixer: 	at libcore.io.IoBridge.open(IoBridge.java:496)
04-22 10:31:49.972  1746  1768 W EntropyMixer: 	at java.io.FileInputStream.<init>(FileInputStream.java:159)
04-22 10:31:49.972  1746  1768 W EntropyMixer: 	at java.io.FileInputStream.<init>(FileInputStream.java:115)
04-22 10:31:49.972  1746  1768 W EntropyMixer: 	at com.android.server.RandomBlock.fromFile(RandomBlock.java:45)
04-22 10:31:49.972  1746  1768 W EntropyMixer: 	at com.android.server.EntropyMixer.addHwRandomEntropy(EntropyMixer.java:205)
04-22 10:31:49.972  1746  1768 W EntropyMixer: 	at com.android.server.EntropyMixer.access$000(EntropyMixer.java:59)
04-22 10:31:49.972  1746  1768 W EntropyMixer: 	at com.android.server.EntropyMixer$1.handleMessage(EntropyMixer.java:83)
04-22 10:31:49.972  1746  1768 W EntropyMixer: 	at android.os.Handler.dispatchMessage(Handler.java:107)
04-22 10:31:49.972  1746  1768 W EntropyMixer: 	at android.os.Looper.loop(Looper.java:241)
04-22 10:31:49.972  1746  1768 W EntropyMixer: 	at android.os.HandlerThread.run(HandlerThread.java:67)
04-22 10:31:49.972  1746  1768 W EntropyMixer: 	at com.android.server.ServiceThread.run(ServiceThread.java:44)
04-22 10:31:49.972  1746  1768 W EntropyMixer: Caused by: android.system.ErrnoException: open failed: EACCES (Permission denied)
04-22 10:31:49.972  1746  1768 W EntropyMixer: 	at libcore.io.Linux.open(Native Method)
04-22 10:31:49.972  1746  1768 W EntropyMixer: 	at libcore.io.ForwardingOs.open(ForwardingOs.java:167)
04-22 10:31:49.972  1746  1768 W EntropyMixer: 	at libcore.io.BlockGuardOs.open(BlockGuardOs.java:252)
04-22 10:31:49.972  1746  1768 W EntropyMixer: 	at libcore.io.IoBridge.open(IoBridge.java:482)
04-22 10:31:49.972  1746  1768 W EntropyMixer: 	... 10 more
04-22 10:31:49.972  1746  1768 I EntropyMixer: Writing entropy...
04-22 10:31:51.155     0     0 W swapper/0: type=1400 audit(0.0:2308): avc: denied { kill } for uid=0 capability=5 scontext=u:r:kernel:s0 tcontext=u:r:kernel:s0 tclass=capability permissive=0
04-22 10:31:57.640  1746  2246 D WifiCountryMonitorFcc: fixCurrentCountryIso called
04-22 10:32:00.035  2315  2315 W View    : requestLayout() improperly called by com.android.systemui.statusbar.HeadsUpStatusBarView{aa901f7 I.E...... ......ID 0,0-248,56 #7f0a01f7 app:id/heads_up_status_bar_view} during layout: running second layout pass
04-22 10:32:01.159     0     0 W swapper/1: type=1400 audit(0.0:2309): avc: denied { kill } for uid=0 capability=5 scontext=u:r:kernel:s0 tcontext=u:r:kernel:s0 tclass=capability permissive=0
04-22 10:32:11.162     0     0 W swapper/0: type=1400 audit(0.0:2310): avc: denied { kill } for uid=0 capability=5 scontext=u:r:kernel:s0 tcontext=u:r:kernel:s0 tclass=capability permissive=0
04-22 10:32:12.366  2764  3687 I CarrierServices: [99] car.a: FiST: Wifi connectivity status true
04-22 10:32:12.371  2764  4153 I CarrierServices: [127] awv.handleMessage: RCS is disabled, skipping config update request
04-22 10:32:12.371  2764  3687 I CarrierServices: [99] cay.d: Connected state: [1], networkType: [WIFI]
04-22 10:32:12.372  2764  4146 I CarrierServices: [125] chy.a: (PEv2-SM): DisabledState: event Connectivity event
04-22 10:32:13.875  1746  2064 D BatteryService: uevent={POWER_SUPPLY_DP_DM=0, POWER_SUPPLY_VOLTAGE_NOW=3966896, POWER_SUPPLY_SW_JEITA_ENABLED=0, POWER_SUPPLY_CHARGE_CONTROL_LIMIT_MAX=8, POWER_SUPPLY_RECHARGE_SOC=99, POWER_SUPPLY_HEALTH=Good, POWER_SUPPLY_TECHNOLOGY=Li-ion, POWER_SUPPLY_FCC_STEPPER_ENABLE=0, SEQNUM=616702, POWER_SUPPLY_INPUT_CURRENT_LIMITED=0, POWER_SUPPLY_CHARGE_CONTROL_LIMIT=0, POWER_SUPPLY_BATTERY_CHARGING_ENABLED=1, POWER_SUPPLY_STATUS=Discharging, POWER_SUPPLY_CYCLE_COUNT=1, POWER_SUPPLY_CURRENT_MAX=2000000, POWER_SUPPLY_CHARGE_TERM_CURRENT=-101, POWER_SUPPLY_CAPACITY=67, DEVPATH=/devices/platform/soc/200f000.qcom,spmi/spmi-0/spmi0-02/200f000.qcom,spmi:qcom,pmi632@2:qcom,qpnp-smb5/power_supply/battery, POWER_SUPPLY_CHARGE_DONE=0, POWER_SUPPLY_CHARGE_TYPE=N/A, POWER_SUPPLY_CHARGE_RATE=None, POWER_SUPPLY_CURRENT_NOW=-212402, POWER_SUPPLY_SYSTEM_TEMP_LEVEL=0, POWER_SUPPLY_PRESENT=1, POWER_SUPPLY_PARALLEL_DISABLE=0, POWER_SUPPLY_CHARGE_FULL=3615000, SUBSYSTEM=power_supply, POWER_SUPPLY_SET_SHIP_MODE=0, POWER_SUPPLY_TEMP=239, ACTION=change, POWER_SUPPLY_RERUN_AICL=0, POWER_SUPPLY_AGE=100, POWER_SUPPLY_NAME=battery, POWER_SUPPLY_VOLTAGE_MAX=-22, POWER_SUPPLY_CONSTANT_CHARGE_CURRENT_MAX=2000000, POWER_SUPPLY_CHARGE_COUNTER=2422050, POWER_SUPPLY_STEP_CHARGING_ENABLED=0, POWER_SUPPLY_NUM_SYSTEM_TEMP_LEVELS=8, POWER_SUPPLY_DIE_HEALTH=Hot, POWER_SUPPLY_INPUT_SUSPEND=0}
04-22 10:32:18.454  2764  3687 I CarrierServices: [99] car.a: FiST: Wifi connectivity status true
04-22 10:32:18.455  2764  4153 I CarrierServices: [127] awv.handleMessage: RCS is disabled, skipping config update request
04-22 10:32:18.455  2764  4146 I CarrierServices: [125] chy.a: (PEv2-SM): DisabledState: event Connectivity event
04-22 10:32:18.458  2506  2733 I chatty  : uid=1001(radio) Binder:2506_6 expire 2 lines
04-22 10:32:18.459  2764  3687 I CarrierServices: [99] cay.d: Connected state: [1], networkType: [WIFI]
04-22 10:32:21.165     0     0 W swapper/1: type=1400 audit(0.0:2311): avc: denied { kill } for uid=0 capability=5 scontext=u:r:kernel:s0 tcontext=u:r:kernel:s0 tclass=capability permissive=0
04-22 10:32:21.517  2449  3312 I chatty  : uid=1001(radio) FrameworkReceiv expire 3 lines
04-22 10:32:21.536  2764  3687 I CarrierServices: [99] car.a: FiST: Wifi connectivity status true
04-22 10:32:21.538  2764  4146 I CarrierServices: [125] chy.a: (PEv2-SM): DisabledState: event Connectivity event
04-22 10:32:21.540  2764  3687 I CarrierServices: [99] cay.d: Connected state: [1], networkType: [WIFI]
04-22 10:32:21.541  2764  4153 I CarrierServices: [127] awv.handleMessage: RCS is disabled, skipping config update request
04-22 10:32:21.547  2506  2733 I chatty  : uid=1001(radio) Binder:2506_6 expire 1 line
04-22 10:32:24.378  1746  2828 D WificondControl: Scan result ready event
04-22 10:32:24.585  2449  3312 I QCNEJ/NativeHalConnector: -> SND notifyWlanStaStatusChanged([WlanStaInfo]: wifiSwitchState = 1 rssi = -55 ssid = Jasmine bssid = b0:39:56:5a:37:40 dnsInfo = 192.168.1.1;0.0.0.0;0.0.0.0;0.0.0.0; freqBand = _2GHz countryCode = us[RatInfo]: networkType = 1 subType = 101 networkState = CONNECTED netHdl = 432902426637 ipAddrV4 = 192.168.1.67 ipAddrV6 =  ifNameV4 = wlan0 ifNameV6 =  slotIdx = 0 isAndroidValidated = true) timeStamp = 2021-04-22 10:32:24.585
04-22 10:32:24.594  2506  2733 E PhoneInterfaceManager: [PhoneIntfMgr] getCarrierPrivilegeStatus: No UICC
04-22 10:32:24.595  2764  3687 I CarrierServices: [99] car.a: FiST: Wifi connectivity status true
04-22 10:32:24.596  2764  4153 I CarrierServices: [127] awv.handleMessage: RCS is disabled, skipping config update request
04-22 10:32:24.596  2764  4146 I CarrierServices: [125] chy.a: (PEv2-SM): DisabledState: event Connectivity event
04-22 10:32:24.596  2764  3687 I CarrierServices: [99] cay.d: Connected state: [1], networkType: [WIFI]
04-22 10:32:24.599  2506  2733 E PhoneInterfaceManager: [PhoneIntfMgr] getCarrierPrivilegeStatus: No UICC
04-22 10:32:31.165     0     0 W swapper/2: type=1400 audit(0.0:2312): avc: denied { kill } for uid=0 capability=5 scontext=u:r:kernel:s0 tcontext=u:r:kernel:s0 tclass=capability permissive=0
04-22 10:32:41.169     0     0 I chatty  : uid=1036(auditd) logd identical 4 lines
04-22 10:32:51.169     0     0 W swapper/2: type=1400 audit(0.0:2314): avc: denied { kill } for uid=0 capability=5 scontext=u:r:kernel:s0 tcontext=u:r:kernel:s0 tclass=capability permissive=0
04-22 10:33:00.036  2315  2315 W View    : requestLayout() improperly called by com.android.systemui.statusbar.HeadsUpStatusBarView{aa901f7 I.E...... ......ID 0,0-248,56 #7f0a01f7 app:id/heads_up_status_bar_view} during layout: running second layout pass
04-22 10:33:01.172     0     0 W swapper/0: type=1400 audit(0.0:2315): avc: denied { kill } for uid=0 capability=5 scontext=u:r:kernel:s0 tcontext=u:r:kernel:s0 tclass=capability permissive=0
04-22 10:33:03.336 17704 28587 I chatty  : uid=10157 com.google.android.gms.persistent expire 2 lines
04-22 10:33:11.172     0     0 W swapper/1: type=1400 audit(0.0:2316): avc: denied { kill } for uid=0 capability=5 scontext=u:r:kernel:s0 tcontext=u:r:kernel:s0 tclass=capability permissive=0
04-22 10:33:13.245   806  1081 W qti_sensors_hal: processReportInd: lux: 65, ch0: 193, ch1: 389
04-22 10:33:15.313  1746  2064 D BatteryService: uevent={POWER_SUPPLY_DP_DM=0, POWER_SUPPLY_VOLTAGE_NOW=3966896, POWER_SUPPLY_SW_JEITA_ENABLED=0, POWER_SUPPLY_CHARGE_CONTROL_LIMIT_MAX=8, POWER_SUPPLY_RECHARGE_SOC=99, POWER_SUPPLY_HEALTH=Good, POWER_SUPPLY_TECHNOLOGY=Li-ion, POWER_SUPPLY_FCC_STEPPER_ENABLE=0, SEQNUM=616824, POWER_SUPPLY_INPUT_CURRENT_LIMITED=0, POWER_SUPPLY_CHARGE_CONTROL_LIMIT=0, POWER_SUPPLY_BATTERY_CHARGING_ENABLED=1, POWER_SUPPLY_STATUS=Discharging, POWER_SUPPLY_CYCLE_COUNT=1, POWER_SUPPLY_CURRENT_MAX=2000000, POWER_SUPPLY_CHARGE_TERM_CURRENT=-101, POWER_SUPPLY_CAPACITY=67, DEVPATH=/devices/platform/soc/200f000.qcom,spmi/spmi-0/spmi0-02/200f000.qcom,spmi:qcom,pmi632@2:qcom,qpnp-smb5/power_supply/battery, POWER_SUPPLY_CHARGE_DONE=0, POWER_SUPPLY_CHARGE_TYPE=N/A, POWER_SUPPLY_CHARGE_RATE=None, POWER_SUPPLY_CURRENT_NOW=-204925, POWER_SUPPLY_SYSTEM_TEMP_LEVEL=0, POWER_SUPPLY_PRESENT=1, POWER_SUPPLY_PARALLEL_DISABLE=0, POWER_SUPPLY_CHARGE_FULL=3615000, SUBSYSTEM=power_supply, POWER_SUPPLY_SET_SHIP_MODE=0, POWER_SUPPLY_TEMP=239, ACTION=change, POWER_SUPPLY_RERUN_AICL=0, POWER_SUPPLY_AGE=100, POWER_SUPPLY_NAME=battery, POWER_SUPPLY_VOLTAGE_MAX=-22, POWER_SUPPLY_CONSTANT_CHARGE_CURRENT_MAX=2000000, POWER_SUPPLY_CHARGE_COUNTER=2422050, POWER_SUPPLY_STEP_CHARGING_ENABLED=0, POWER_SUPPLY_NUM_SYSTEM_TEMP_LEVELS=8, POWER_SUPPLY_DIE_HEALTH=Hot, POWER_SUPPLY_INPUT_SUSPEND=0}
04-22 10:33:16.504  2449  3312 D QCNEJ/WlanStaInfoRelay: Received action: android.net.wifi.RSSI_CHANGED
04-22 10:33:16.507  2449  3312 I QCNEJ/NativeHalConnector: -> SND notifyWlanStaStatusChanged([WlanStaInfo]: wifiSwitchState = 1 rssi = -58 ssid = Jasmine bssid = b0:39:56:5a:37:40 dnsInfo = 192.168.1.1;0.0.0.0;0.0.0.0;0.0.0.0; freqBand = _2GHz countryCode = us[RatInfo]: networkType = 1 subType = 101 networkState = CONNECTED netHdl = 432902426637 ipAddrV4 = 192.168.1.67 ipAddrV6 =  ifNameV4 = wlan0 ifNameV6 =  slotIdx = 0 isAndroidValidated = true) timeStamp = 2021-04-22 10:33:16.504
04-22 10:33:16.518  2506  2733 E PhoneInterfaceManager: [PhoneIntfMgr] getCarrierPrivilegeStatus: No UICC
04-22 10:33:16.520  2764  3687 I CarrierServices: [99] car.a: FiST: Wifi connectivity status true
04-22 10:33:16.522  2764  4153 I CarrierServices: [127] awv.handleMessage: RCS is disabled, skipping config update request
04-22 10:33:16.524  2764  4146 I CarrierServices: [125] chy.a: (PEv2-SM): DisabledState: event Connectivity event
04-22 10:33:16.525  2764  3687 I CarrierServices: [99] cay.d: Connected state: [1], networkType: [WIFI]
04-22 10:33:16.530  2506  2733 E PhoneInterfaceManager: [PhoneIntfMgr] getCarrierPrivilegeStatus: No UICC
04-22 10:33:20.543 20079 20158 I chatty  : uid=10157(com.google.android.gms) lowpool[3] expire 2 lines
04-22 10:33:21.175     0     0 W swapper/2: type=1400 audit(0.0:2317): avc: denied { kill } for uid=0 capability=5 scontext=u:r:kernel:s0 tcontext=u:r:kernel:s0 tclass=capability permissive=0
04-22 10:33:24.084  3191 28614 I chatty  : uid=10157 com.google.android.gms.unstable expire 2 lines
04-22 10:33:28.748  2449  3312 D QCNEJ/WlanStaInfoRelay: Received action: android.net.wifi.RSSI_CHANGED
04-22 10:33:28.749  2449  3312 I QCNEJ/NativeHalConnector: -> SND notifyWlanStaStatusChanged([WlanStaInfo]: wifiSwitchState = 1 rssi = -55 ssid = Jasmine bssid = b0:39:56:5a:37:40 dnsInfo = 192.168.1.1;0.0.0.0;0.0.0.0;0.0.0.0; freqBand = _2GHz countryCode = us[RatInfo]: networkType = 1 subType = 101 networkState = CONNECTED netHdl = 432902426637 ipAddrV4 = 192.168.1.67 ipAddrV6 =  ifNameV4 = wlan0 ifNameV6 =  slotIdx = 0 isAndroidValidated = true) timeStamp = 2021-04-22 10:33:28.748
04-22 10:33:28.762  2506  2733 E PhoneInterfaceManager: [PhoneIntfMgr] getCarrierPrivilegeStatus: No UICC
04-22 10:33:28.765  2764  3687 I CarrierServices: [99] car.a: FiST: Wifi connectivity status true
04-22 10:33:28.766  2764  4153 I CarrierServices: [127] awv.handleMessage: RCS is disabled, skipping config update request
04-22 10:33:28.766  2764  4146 I CarrierServices: [125] chy.a: (PEv2-SM): DisabledState: event Connectivity event
04-22 10:33:28.766  2764  3687 I CarrierServices: [99] cay.d: Connected state: [1], networkType: [WIFI]
04-22 10:33:28.769  2506  2733 E PhoneInterfaceManager: [PhoneIntfMgr] getCarrierPrivilegeStatus: No UICC
04-22 10:33:31.179     0     0 W swapper/0: type=1400 audit(0.0:2318): avc: denied { kill } for uid=0 capability=5 scontext=u:r:kernel:s0 tcontext=u:r:kernel:s0 tclass=capability permissive=0
04-22 10:33:40.982  2449  3312 D QCNEJ/WlanStaInfoRelay: Received action: android.net.wifi.RSSI_CHANGED
04-22 10:33:40.982  2449  3312 I QCNEJ/NativeHalConnector: -> SND notifyWlanStaStatusChanged([WlanStaInfo]: wifiSwitchState = 1 rssi = -58 ssid = Jasmine bssid = b0:39:56:5a:37:40 dnsInfo = 192.168.1.1;0.0.0.0;0.0.0.0;0.0.0.0; freqBand = _2GHz countryCode = us[RatInfo]: networkType = 1 subType = 101 networkState = CONNECTED netHdl = 432902426637 ipAddrV4 = 192.168.1.67 ipAddrV6 =  ifNameV4 = wlan0 ifNameV6 =  slotIdx = 0 isAndroidValidated = true) timeStamp = 2021-04-22 10:33:40.982
04-22 10:33:40.985  2506  2733 E PhoneInterfaceManager: [PhoneIntfMgr] getCarrierPrivilegeStatus: No UICC
04-22 10:33:40.990  2764  3687 I CarrierServices: [99] car.a: FiST: Wifi connectivity status true
04-22 10:33:40.990  2764  4153 I CarrierServices: [127] awv.handleMessage: RCS is disabled, skipping config update request
04-22 10:33:40.991  2764  4146 I CarrierServices: [125] chy.a: (PEv2-SM): DisabledState: event Connectivity event
04-22 10:33:40.991  2764  3687 I CarrierServices: [99] cay.d: Connected state: [1], networkType: [WIFI]
04-22 10:33:40.993  2506  2733 E PhoneInterfaceManager: [PhoneIntfMgr] getCarrierPrivilegeStatus: No UICC
04-22 10:33:41.182     0     0 W swapper/1: type=1400 audit(0.0:2319): avc: denied { kill } for uid=0 capability=5 scontext=u:r:kernel:s0 tcontext=u:r:kernel:s0 tclass=capability permissive=0
04-22 10:33:50.172  2449  3312 D QCNEJ/WlanStaInfoRelay: Received action: android.net.wifi.RSSI_CHANGED
