--------- beginning of system
04-20 19:08:47.911  3278  3278 W ContextImpl: Calling a method in the system process without a qualified user: android.app.ContextImpl.startService:1585 android.content.ContextWrapper.startService:669 android.content.ContextWrapper.startService:669 com.motorola.ccc.main.StartUpReceiver.onReceive:21 android.app.ActivityThread.handleReceiver:4003 
04-20 19:08:47.981  1746  1777 I chatty  : uid=1000(system) ActivityManager expire 25 lines
04-20 19:08:48.160  1746  2251 I chatty  : uid=1000(system) ConnectivitySer expire 2 lines
04-20 19:08:48.430  1746  4965 I chatty  : uid=1000(system) Binder:1746_13 expire 3 lines
04-20 19:08:48.433  1746  1776 I chatty  : uid=1000(system) ActivityManager expire 5 lines
04-20 19:08:48.540  1746  3667 I chatty  : uid=1000(system) Binder:1746_10 expire 2 lines
04-20 19:08:48.607  1746  2396 I chatty  : uid=1000(system) Binder:1746_6 expire 1 line
04-20 19:08:49.145  1746  6609 I chatty  : uid=1000(system) Binder:1746_18 expire 8 lines
04-20 19:08:49.304  1746  2739 I chatty  : uid=1000(system) Binder:1746_9 expire 1 line
04-20 19:08:49.329  1746  2557 I chatty  : uid=1000(system) Binder:1746_8 expire 2 lines
04-20 19:08:49.713  1746  3332 I chatty  : uid=1000(system) LazyTaskWriterT expire 1 line
04-20 19:08:49.839  1746  6032 I chatty  : uid=1000(system) Binder:1746_17 expire 7 lines
04-20 19:08:50.022  1746  3407 I chatty  : uid=1000(system) Binder:1746_D expire 4 lines
04-20 19:08:50.478  1746  5873 I chatty  : uid=1000(system) Binder:1746_16 expire 4 lines
04-20 19:08:50.590  1746  3666 I chatty  : uid=1000(system) Binder:1746_F expire 3 lines
04-20 19:08:50.888  1746  1746 I chatty  : uid=1000 system_server expire 43 lines
04-20 19:08:50.924  1746  8950 I chatty  : uid=1000 system_server expire 2 lines
04-20 19:08:50.927  1746  8951 I chatty  : uid=1000 system_server expire 2 lines
04-20 19:08:51.748  1746  1765 I chatty  : uid=1000(system) Binder:1746_2 expire 1 line
04-20 19:08:51.894  1746  2828 I chatty  : uid=1000(system) Binder:1746_C expire 5 lines
04-20 19:08:52.065  1746  4978 I chatty  : uid=1000(system) Binder:1746_14 expire 2 lines
04-20 19:08:52.068  1746  1769 I chatty  : uid=1000(system) android.display expire 1 line
04-20 19:08:52.461  1746  4804 I chatty  : uid=1000(system) Binder:1746_12 expire 5 lines
04-20 19:08:54.071  1746  3668 I chatty  : uid=1000(system) Binder:1746_11 expire 1 line
04-20 19:08:54.208  1746  2041 I chatty  : uid=1000(system) Binder:1746_3 expire 1 line
04-20 19:08:54.471  1746  9368 I chatty  : uid=1000(system) Binder:1746_1B expire 1 line
04-20 19:08:55.022  1746  2740 I chatty  : uid=1000(system) Binder:1746_A expire 1 line
04-20 19:08:56.571  1746  2827 I chatty  : uid=1000(system) Binder:1746_B expire 1 line
04-20 19:08:56.794  1746  3447 I chatty  : uid=1000(system) Binder:1746_E expire 3 lines
04-20 19:08:57.134  1746  3407 I chatty  : uid=1000(system) Binder:1746_D expire 3 lines
04-20 19:08:57.153  1746  5873 I chatty  : uid=1000(system) Binder:1746_16 expire 2 lines
04-20 19:08:57.216  1746  2827 I chatty  : uid=1000(system) Binder:1746_B expire 3 lines
04-20 19:08:57.303  1746  1770 I chatty  : uid=1000(system) android.anim expire 4 lines
04-20 19:08:57.338  1746  7304 I chatty  : uid=1000(system) Binder:1746_1A expire 4 lines
04-20 19:08:57.348  1746  4965 I chatty  : uid=1000(system) Binder:1746_13 expire 3 lines
04-20 19:08:57.388  1746  1777 I chatty  : uid=1000(system) ActivityManager expire 29 lines
04-20 19:08:57.397  1746  2396 I chatty  : uid=1000(system) Binder:1746_6 expire 8 lines
04-20 19:08:57.465  1746  9368 I chatty  : uid=1000(system) Binder:1746_1B expire 6 lines
04-20 19:08:57.518  1746  9425 I chatty  : uid=1000(system) Binder:1746_1C expire 7 lines
04-20 19:08:57.784  1746  2387 I chatty  : uid=1000(system) Binder:1746_5 expire 1 line
04-20 19:08:58.268  1746  2740 I chatty  : uid=1000(system) Binder:1746_A expire 1 line
04-20 19:08:58.357  1746  3666 I chatty  : uid=1000(system) Binder:1746_F expire 3 lines
04-20 19:08:58.436  1746  6609 I chatty  : uid=1000(system) Binder:1746_18 expire 18 lines
04-20 19:08:58.440  1746  2251 I chatty  : uid=1000(system) ConnectivitySer expire 3 lines
04-20 19:08:58.969  1746  2444 I chatty  : uid=1000(system) Binder:1746_7 expire 6 lines
04-20 19:08:59.134  1746  9754 I chatty  : uid=1000(system) Binder:1746_1D expire 2 lines
04-20 19:08:59.746  1746  2064 I chatty  : uid=1000(system) UEventObserver expire 2 lines
04-20 19:09:00.206  1746  1769 I chatty  : uid=1000(system) android.display expire 1 line
04-20 19:09:00.340  1746  2662 I chatty  : uid=1000(system) android.fg expire 7 lines
04-20 19:09:00.347  1746  1776 I chatty  : uid=1000(system) ActivityManager expire 4 lines
04-20 19:09:00.368  1746  1746 I chatty  : uid=1000 system_server expire 23 lines
04-20 19:09:00.375  1746  2828 I chatty  : uid=1000(system) Binder:1746_C expire 6 lines
04-20 19:09:00.587  1746  1766 I chatty  : uid=1000(system) android.fg expire 5 lines
04-20 19:09:00.881  9928  9950 D SystemConfig: Removed unavailable feature android.hardware.sensor.gyroscope
04-20 19:09:00.892  9928  9950 W SystemConfig: No directory /oem/etc/sysconfig, skipping
04-20 19:09:00.892  9928  9950 W SystemConfig: No directory /oem/etc/permissions, skipping
04-20 19:09:01.092  9928  9950 W SystemConfig: No directory /system/etc/motorola/bgintents, skipping
04-20 19:09:01.092  9928  9950 W SystemConfig: No directory /oem/etc/motorola/bgintents, skipping
04-20 19:09:01.117  9928  9950 W SystemConfig: No directory /product_services/etc/sysconfig, skipping
04-20 19:09:01.117  9928  9950 W SystemConfig: No directory /product_services/etc/permissions, skipping
04-20 19:09:01.117  9928  9950 W SystemConfig: No directory /system/etc/motorola/sysconfig, skipping
04-20 19:09:01.117  9928  9950 W SystemConfig: No directory /oem/etc/motorola/sysconfig, skipping
04-20 19:09:01.118  9928  9950 W SystemConfig: No directory /product/etc/motorola/sysconfig, skipping
04-20 19:09:01.391  1746  3332 I chatty  : uid=1000(system) LazyTaskWriterT expire 1 line
04-20 19:09:01.472  1746  1775 I chatty  : uid=1000(system) android.bg expire 2 lines
04-20 19:09:01.993  1746  2235 I chatty  : uid=1000(system) Binder:1746_4 expire 5 lines
04-20 19:09:02.018  1746  1765 I chatty  : uid=1000(system) Binder:1746_2 expire 5 lines
04-20 19:09:02.091  1746  2557 I chatty  : uid=1000(system) Binder:1746_8 expire 3 lines
04-20 19:09:02.676  1746  2041 I chatty  : uid=1000(system) Binder:1746_3 expire 1 line
04-20 19:09:03.556  1746  4978 I chatty  : uid=1000(system) Binder:1746_14 expire 1 line
04-20 19:09:04.039  1746  4804 I chatty  : uid=1000(system) Binder:1746_12 expire 1 line
04-20 19:09:05.254  3183  7702 D ActivityThread: Loading provider com.google.android.gms.download: com.google.android.gms.common.download.provider.DownloadsProvider
04-20 19:09:05.633  1746 10308 I chatty  : uid=1000(system) Binder:1746_1F expire 2 lines
04-20 19:09:06.261  1746  7096 I chatty  : uid=1000(system) Binder:1746_19 expire 3 lines
04-20 19:09:09.352  1746  1777 I chatty  : uid=1000(system) ActivityManager expire 5 lines
04-20 19:09:09.385  1746  2396 I chatty  : uid=1000(system) Binder:1746_6 expire 1 line
04-20 19:09:09.709  1746 10308 I chatty  : uid=1000(system) Binder:1746_1F expire 5 lines
04-20 19:09:09.786  1746  3407 I chatty  : uid=1000(system) Binder:1746_D expire 4 lines
04-20 19:09:09.787  1746  2251 I chatty  : uid=1000(system) ConnectivitySer expire 1 line
04-20 19:09:11.424  1746  1746 I chatty  : uid=1000 system_server expire 150 lines
04-20 19:09:11.990  1746  4978 I chatty  : uid=1000(system) Binder:1746_14 expire 3 lines
04-20 19:09:12.058  1746  9916 I chatty  : uid=1000(system) Binder:1746_1E expire 1 line
04-20 19:09:13.215  1746  3447 I chatty  : uid=1000(system) Binder:1746_E expire 4 lines
04-20 19:09:15.150  1746  1746 I chatty  : uid=1000 system_server expire 55 lines
04-20 19:09:15.189  1746  1777 I chatty  : uid=1000(system) ActivityManager expire 11 lines
04-20 19:09:15.342  1746  6609 I chatty  : uid=1000(system) Binder:1746_18 expire 6 lines
04-20 19:09:15.393  1746  3407 I chatty  : uid=1000(system) Binder:1746_D expire 5 lines
04-20 19:09:15.401  1746  1764 I chatty  : uid=1000(system) Binder:1746_1 expire 4 lines
04-20 19:09:16.516  1746  9916 I chatty  : uid=1000(system) Binder:1746_1E expire 4 lines
04-20 19:09:17.108  1746  1776 I chatty  : uid=1000(system) ActivityManager expire 2 lines
04-20 19:09:17.209  1746 10308 I chatty  : uid=1000(system) Binder:1746_1F expire 4 lines
04-20 19:09:22.814  1746  4978 I chatty  : uid=1000(system) Binder:1746_14 expire 1 line
04-20 19:09:22.920  3355  3355 W KeyphraseEnrollmentInfo: No enrollment application supports the given keyphrase/locale: 'X Google'/en_US
04-20 19:09:22.938  3355  3355 I chatty  : uid=10121 com.google.android.googlequicksearchbox:interactor identical 2 lines
04-20 19:09:22.938  3355  3355 W KeyphraseEnrollmentInfo: No enrollment application supports the given keyphrase/locale: 'X Google'/en_US
04-20 19:09:23.005  1746  2235 I chatty  : uid=1000(system) Binder:1746_4 expire 1 line
04-20 19:09:23.690  1746  2662 I chatty  : uid=1000(system) android.fg expire 5 lines
04-20 19:09:23.941  1746  1766 I chatty  : uid=1000(system) android.fg expire 8 lines
04-20 19:09:24.349  1746  1775 I chatty  : uid=1000(system) android.bg expire 3 lines
04-20 19:09:24.679  1746  3667 I chatty  : uid=1000(system) Binder:1746_10 expire 2 lines
04-20 19:09:24.679  1746  2251 I chatty  : uid=1000(system) ConnectivitySer expire 2 lines
04-20 19:09:24.680  1746  4804 I chatty  : uid=1000(system) Binder:1746_12 expire 2 lines
04-20 19:09:26.758  1746  3668 I chatty  : uid=1000(system) Binder:1746_11 expire 1 line
04-20 19:09:28.877  1746  5873 I chatty  : uid=1000(system) Binder:1746_16 expire 1 line
04-20 19:09:29.061  1746  3666 I chatty  : uid=1000(system) Binder:1746_F expire 3 lines
04-20 19:09:31.304  1746  2396 I chatty  : uid=1000(system) Binder:1746_6 expire 1 line
04-20 19:09:31.410  1746 11668 I chatty  : uid=1000(system) Binder:1746_20 expire 1 line
04-20 19:09:31.473  1746  9754 I chatty  : uid=1000(system) Binder:1746_1D expire 1 line
04-20 19:09:34.497  3183 10538 D ActivityThread: Loading provider com.google.android.gms.thunderbird.settings: com.google.android.gms.thunderbird.settings.ThunderbirdSettingsContentProvider
04-20 19:09:35.026  3183 11805 D ActivityThread: Loading provider com.google.android.gms.lighter.data: com.google.android.gms.matchstick.data.LighterContentProvider
04-20 19:09:35.028  3183 11806 D ActivityThread: Loading provider com.google.android.gms.lighter.data: com.google.android.gms.matchstick.data.LighterContentProvider
04-20 19:09:35.380  1746  1777 I chatty  : uid=1000(system) ActivityManager expire 1 line
04-20 19:09:35.525  1746  1746 I chatty  : uid=1000 system_server expire 26 lines
04-20 19:09:36.436  1746 11861 I chatty  : uid=1000 system_server expire 5 lines
04-20 19:09:36.447  1746 11862 I chatty  : uid=1000 system_server expire 4 lines
04-20 19:09:36.499  1746  2136 I chatty  : uid=1000(system) AlarmManager expire 1 line
04-20 19:09:36.570  1746  9425 I chatty  : uid=1000(system) Binder:1746_1C expire 1 line
04-20 19:09:37.463  1746  1746 I chatty  : uid=1000 system_server expire 32 lines
04-20 19:09:37.530  1746 11873 I chatty  : uid=1000 system_server expire 4 lines
04-20 19:09:37.828  1746 11875 I chatty  : uid=1000 system_server expire 4 lines
04-20 19:09:39.335  1746  2662 I chatty  : uid=1000(system) android.fg expire 2 lines
04-20 19:09:39.516  1746  1766 I chatty  : uid=1000(system) android.fg expire 2 lines
04-20 19:09:39.954  1746 11882 I chatty  : uid=1000 system_server expire 4 lines
04-20 19:09:43.066  1746  1776 I chatty  : uid=1000(system) ActivityManager expire 5 lines
04-20 19:09:43.187  1746  3447 I chatty  : uid=1000(system) Binder:1746_E expire 1 line
04-20 19:09:43.188  1746  2251 I chatty  : uid=1000(system) ConnectivitySer expire 1 line
04-20 19:09:43.190  1746  5335 I chatty  : uid=1000(system) Binder:1746_15 expire 1 line
04-20 19:09:43.194  1746  2444 I chatty  : uid=1000(system) Binder:1746_7 expire 36 lines
04-20 19:09:43.206  9904  9904 I ActivityThread: Removing dead content provider:android.content.ContentProviderProxy@b1f44ea
04-20 19:09:43.206  9904  9904 I ActivityThread: Removing dead content provider:android.content.ContentProviderProxy@b1f44ea
04-20 19:09:43.208 11539 11539 I ActivityThread: Removing dead content provider:android.content.ContentProviderProxy@1a56aa4
04-20 19:09:43.208 11539 11539 I ActivityThread: Removing dead content provider:android.content.ContentProviderProxy@1a56aa4
04-20 19:09:43.208 11817 11817 I ActivityThread: Removing dead content provider:android.content.ContentProviderProxy@3fd4b55
04-20 19:09:43.208 11817 11817 I ActivityThread: Removing dead content provider:android.content.ContentProviderProxy@3fd4b55
04-20 19:09:43.217 11741 11741 I ActivityThread: Removing dead content provider:android.content.ContentProviderProxy@1706a12
04-20 19:09:43.217 11741 11741 I ActivityThread: Removing dead content provider:android.content.ContentProviderProxy@1706a12
04-20 19:09:43.218 11574 11574 I ActivityThread: Removing dead content provider:android.content.ContentProviderProxy@a208d10
04-20 19:09:43.218 11574 11574 I ActivityThread: Removing dead content provider:android.content.ContentProviderProxy@a208d10
04-20 19:09:43.219 10404 10404 I ActivityThread: Removing dead content provider:android.content.ContentProviderProxy@94ada8d
04-20 19:09:43.220 10404 10404 I ActivityThread: Removing dead content provider:android.content.ContentProviderProxy@94ada8d
04-20 19:09:43.220 10118 10118 I ActivityThread: Removing dead content provider:android.content.ContentProviderProxy@80d8989
04-20 19:09:43.221 10118 10118 I ActivityThread: Removing dead content provider:android.content.ContentProviderProxy@80d8989
04-20 19:09:43.225 10488 10488 I ActivityThread: Removing dead content provider:android.content.ContentProviderProxy@e0501e
04-20 19:09:43.254  1746  1777 I chatty  : uid=1000(system) ActivityManager expire 4 lines
04-20 19:09:43.540  1746  1775 I chatty  : uid=1000(system) android.bg expire 2 lines
04-20 19:09:43.827 11895 11940 E ActivityThread: Failed to find provider info for instantapp-dev-manager
04-20 19:09:44.288  1746  9754 I chatty  : uid=1000(system) Binder:1746_1D expire 2 lines
04-20 19:09:45.344 11895 11895 W ActivityThread: serviceCreate starts in 2024 ms, CreateServiceData = CreateServiceData{token=android.os.BinderProxy@48af576 className=com.google.android.gms.location.persistent.LocationPersistentService packageName=com.google.android.gms intent=null}
04-20 19:09:45.362 11895 11895 W ActivityThread: serviceStart starts in 2031 ms, ServiceArgsData = ServiceArgsData{token=android.os.BinderProxy@48af576 startId=3 args=null}
04-20 19:09:45.365 11895 11895 W ActivityThread: serviceCreate starts in 2043 ms, CreateServiceData = CreateServiceData{token=android.os.BinderProxy@a1af650 className=com.google.android.gms.common.stats.GmsCoreStatsService packageName=com.google.android.gms intent=null}
04-20 19:09:45.380 11895 11895 W ActivityThread: serviceStart starts in 2058 ms, ServiceArgsData = ServiceArgsData{token=android.os.BinderProxy@a1af650 startId=3 args=null}
04-20 19:09:45.384 11895 11895 W ActivityThread: serviceCreate starts in 2060 ms, CreateServiceData = CreateServiceData{token=android.os.BinderProxy@fb73d4e className=com.google.android.gms.gcm.nts.SchedulerService packageName=com.google.android.gms intent=null}
04-20 19:09:45.388 11895 11895 W ActivityThread: serviceStart starts in 2063 ms, ServiceArgsData = ServiceArgsData{token=android.os.BinderProxy@fb73d4e startId=4 args=null}
04-20 19:09:45.567  1746  2235 I chatty  : uid=1000(system) Binder:1746_4 expire 8 lines
04-20 19:09:45.590  1746  1765 I chatty  : uid=1000(system) Binder:1746_2 expire 7 lines
04-20 19:09:45.606  1746  1764 I chatty  : uid=1000(system) Binder:1746_1 expire 12 lines
04-20 19:09:45.614  1746 11668 I chatty  : uid=1000(system) Binder:1746_20 expire 7 lines
04-20 19:09:45.854  1746  2739 I chatty  : uid=1000(system) Binder:1746_9 expire 1 line
04-20 19:09:45.937 11947 12046 D SystemConfig: Removed unavailable feature android.hardware.sensor.gyroscope
04-20 19:09:45.947 11947 12046 W SystemConfig: No directory /oem/etc/sysconfig, skipping
04-20 19:09:45.947 11947 12046 W SystemConfig: No directory /oem/etc/permissions, skipping
04-20 19:09:46.016  1746  4978 I chatty  : uid=1000(system) Binder:1746_14 expire 8 lines
04-20 19:09:46.094  1746  3668 I chatty  : uid=1000(system) Binder:1746_11 expire 6 lines
04-20 19:09:46.250 11947 12046 W SystemConfig: No directory /system/etc/motorola/bgintents, skipping
04-20 19:09:46.250 11947 12046 W SystemConfig: No directory /oem/etc/motorola/bgintents, skipping
04-20 19:09:46.272 11947 12046 W SystemConfig: No directory /product_services/etc/sysconfig, skipping
04-20 19:09:46.272 11947 12046 W SystemConfig: No directory /product_services/etc/permissions, skipping
04-20 19:09:46.272 11947 12046 W SystemConfig: No directory /system/etc/motorola/sysconfig, skipping
04-20 19:09:46.272 11947 12046 W SystemConfig: No directory /oem/etc/motorola/sysconfig, skipping
04-20 19:09:46.272 11947 12046 W SystemConfig: No directory /product/etc/motorola/sysconfig, skipping
04-20 19:09:49.750  1746  7304 I chatty  : uid=1000(system) Binder:1746_1A expire 8 lines
04-20 19:09:49.818  1746  1770 I chatty  : uid=1000(system) android.anim expire 20 lines
04-20 19:09:51.928  1746  1746 I chatty  : uid=1000 system_server expire 15 lines
04-20 19:09:52.453  1746 11668 I chatty  : uid=1000(system) Binder:1746_20 expire 14 lines
04-20 19:09:52.459  1746  1776 I chatty  : uid=1000(system) ActivityManager expire 3 lines
04-20 19:09:52.479  1746  4978 I chatty  : uid=1000(system) Binder:1746_14 expire 9 lines
04-20 19:09:52.533  1746  3668 I chatty  : uid=1000(system) Binder:1746_11 expire 7 lines
04-20 19:09:52.577  1746  1765 I chatty  : uid=1000(system) Binder:1746_2 expire 8 lines
04-20 19:09:52.593  1746  7304 I chatty  : uid=1000(system) Binder:1746_1A expire 14 lines
04-20 19:09:52.635  1746  9754 I chatty  : uid=1000(system) Binder:1746_1D expire 6 lines
04-20 19:09:52.740  1746  1764 I chatty  : uid=1000(system) Binder:1746_1 expire 4 lines
04-20 19:09:54.228  1746  2235 I chatty  : uid=1000(system) Binder:1746_4 expire 10 lines
04-20 19:09:54.930  1746  3332 I chatty  : uid=1000(system) LazyTaskWriterT expire 1 line
04-20 19:09:59.236  1746  1777 I chatty  : uid=1000(system) ActivityManager expire 6 lines
04-20 19:09:59.862  1746  2739 I chatty  : uid=1000(system) Binder:1746_9 expire 1 line
04-20 19:10:00.443  1746  2740 I chatty  : uid=1000(system) Binder:1746_A expire 1 line
04-20 19:10:00.594  1746  2662 I chatty  : uid=1000(system) android.fg expire 3 lines
04-20 19:10:00.817  1746  1766 I chatty  : uid=1000(system) android.fg expire 2 lines
04-20 19:10:01.192  1746  2064 I chatty  : uid=1000(system) UEventObserver expire 4 lines
04-20 19:10:01.234  1746  1775 I chatty  : uid=1000(system) android.bg expire 1 line
04-20 19:10:05.955  1746  3667 I chatty  : uid=1000(system) Binder:1746_10 expire 2 lines
04-20 19:10:08.453  1746  6609 I chatty  : uid=1000(system) Binder:1746_18 expire 9 lines
04-20 19:10:16.037  1746  2387 I chatty  : uid=1000(system) Binder:1746_5 expire 4 lines
04-20 19:10:16.080  1746  3666 I chatty  : uid=1000(system) Binder:1746_F expire 5 lines
04-20 19:10:21.920  1746  3447 I chatty  : uid=1000(system) Binder:1746_E expire 10 lines
04-20 19:10:49.262  7136  8411 E ActivityThread: Failed to find provider info for com.motorola.ccc.cce.datausage
04-20 19:11:12.726  1746  1746 I chatty  : uid=1000 system_server expire 1 line
04-20 19:11:17.110  1746  1770 I chatty  : uid=1000(system) android.anim expire 3 lines
04-20 19:11:17.797  1746  1769 I chatty  : uid=1000(system) android.display expire 3 lines
04-20 19:11:17.864  1746  2251 I chatty  : uid=1000(system) ConnectivitySer expire 1 line
04-20 19:11:18.010  1746  9425 I chatty  : uid=1000(system) Binder:1746_1C expire 11 lines
04-20 19:11:18.697  1746 11668 I chatty  : uid=1000(system) Binder:1746_20 expire 18 lines
04-20 19:11:18.745  1746  1770 I chatty  : uid=1000(system) android.anim expire 27 lines
04-20 19:11:18.774  1746  3447 I chatty  : uid=1000(system) Binder:1746_E expire 3 lines
04-20 19:11:18.803  1746  1776 I chatty  : uid=1000(system) ActivityManager expire 19 lines
04-20 19:11:20.714  1746  3332 I chatty  : uid=1000(system) LazyTaskWriterT expire 3 lines
04-20 19:11:25.344  1746  1746 I chatty  : uid=1000 system_server expire 9 lines
04-20 19:11:25.364  1746  1777 I chatty  : uid=1000(system) ActivityManager expire 3 lines
04-20 19:11:25.655  1746  2622 I chatty  : uid=1000(system) IzatProvider expire 2 lines
04-20 19:11:25.745  1746  3666 I chatty  : uid=1000(system) Binder:1746_F expire 17 lines
04-20 19:11:25.766  1746  2827 I chatty  : uid=1000(system) Binder:1746_B expire 5 lines
04-20 19:11:25.823  1746  2387 I chatty  : uid=1000(system) Binder:1746_5 expire 7 lines
04-20 19:11:25.846  1746  9754 I chatty  : uid=1000(system) Binder:1746_1D expire 4 lines
04-20 19:11:26.362 12893 12935 W ContextImpl: Calling a method in the system process without a qualified user: android.app.ContextImpl.bindService:1664 android.content.ContextWrapper.bindService:705 com.google.android.setupcompat.internal.SetupCompatServiceProvider.requestServiceBind:140 com.google.android.setupcompat.internal.SetupCompatServiceProvider.getInstance:319 com.google.android.setupcompat.internal.SetupCompatServiceProvider.get:55 
04-20 19:11:26.757  1746  2041 I chatty  : uid=1000(system) Binder:1746_3 expire 1 line
04-20 19:11:27.571  1746  2662 I chatty  : uid=1000(system) android.fg expire 1 line
04-20 19:11:27.797  1746  1766 I chatty  : uid=1000(system) android.fg expire 2 lines
04-20 19:11:28.026  1746  1775 I chatty  : uid=1000(system) android.bg expire 1 line
04-20 19:11:44.017  1746  6032 I chatty  : uid=1000(system) Binder:1746_17 expire 5 lines
04-20 19:12:04.039  1746  1765 I chatty  : uid=1000(system) Binder:1746_2 expire 2 lines
04-20 19:12:04.069  1746  2064 I chatty  : uid=1000(system) UEventObserver expire 1 line
04-20 19:12:04.119  1746  4978 I chatty  : uid=1000(system) Binder:1746_14 expire 3 lines
04-20 19:12:04.154  1746 10308 I chatty  : uid=1000(system) Binder:1746_1F expire 3 lines
04-20 19:12:04.580  1746  1768 I chatty  : uid=1000(system) android.io expire 9 lines
04-20 19:12:06.720  1746  1791 I chatty  : uid=1000(system) PackageManager expire 27 lines
04-20 19:12:07.205  1746  1776 I chatty  : uid=1000(system) ActivityManager expire 23 lines
04-20 19:12:07.219  1746  2082 I chatty  : uid=1000(system) AccountManagerS expire 1 line
04-20 19:12:07.225  1746  3332 I chatty  : uid=1000(system) LazyTaskWriterT expire 1 line
04-20 19:12:07.228  1746  1746 I chatty  : uid=1000 system_server expire 14 lines
04-20 19:12:07.231  1746  2662 I chatty  : uid=1000(system) android.fg expire 7 lines
04-20 19:12:07.262  1746  1777 I chatty  : uid=1000(system) ActivityManager expire 9 lines
04-20 19:12:07.463  1746  2740 I chatty  : uid=1000(system) Binder:1746_A expire 2 lines
04-20 19:12:07.473  1746  1766 I chatty  : uid=1000(system) android.fg expire 4 lines
04-20 19:12:07.497  1746  7096 I chatty  : uid=1000(system) Binder:1746_19 expire 9 lines
04-20 19:12:07.515  1746  4965 I chatty  : uid=1000(system) Binder:1746_13 expire 1 line
04-20 19:12:07.530  1746  9754 I chatty  : uid=1000(system) Binder:1746_1D expire 6 lines
04-20 19:12:07.549  1746  2739 I chatty  : uid=1000(system) Binder:1746_9 expire 1 line
04-20 19:12:07.612  1746  2828 I chatty  : uid=1000(system) Binder:1746_C expire 4 lines
04-20 19:12:07.670  1746  9368 I chatty  : uid=1000(system) Binder:1746_1B expire 5 lines
04-20 19:12:07.724  1746  1770 I chatty  : uid=1000(system) android.anim expire 11 lines
04-20 19:12:08.048  1746  1775 I chatty  : uid=1000(system) android.bg expire 3 lines
04-20 19:12:23.750  1746  2235 I chatty  : uid=1000(system) Binder:1746_4 expire 2 lines
04-20 19:12:28.902  1746  4978 I chatty  : uid=1000(system) Binder:1746_14 expire 5 lines
04-20 19:12:28.905  1746  2444 I chatty  : uid=1000(system) Binder:1746_7 expire 1 line
04-20 19:12:28.905  1746  2396 I chatty  : uid=1000(system) Binder:1746_6 expire 1 line
04-20 19:12:28.906  1746  2251 I chatty  : uid=1000(system) ConnectivitySer expire 1 line
04-20 19:12:28.906  1746  2387 I chatty  : uid=1000(system) Binder:1746_5 expire 4 lines
04-20 19:12:30.213  1746  2827 I chatty  : uid=1000(system) Binder:1746_B expire 11 lines
04-20 19:12:30.299  1746  1765 I chatty  : uid=1000(system) Binder:1746_2 expire 2 lines
04-20 19:12:30.740  1746  3667 I chatty  : uid=1000(system) Binder:1746_10 expire 7 lines
04-20 19:12:31.428  7136 13258 E ActivityThread: Failed to find provider info for com.motorola.ccc.cce.datausage
04-20 19:12:33.768  1746  1776 I chatty  : uid=1000(system) ActivityManager expire 3 lines
04-20 19:12:34.083  7136 13269 E ActivityThread: Failed to find provider info for com.motorola.ccc.cce.datausage
04-20 19:12:34.084  1746  1770 I chatty  : uid=1000(system) android.anim expire 3 lines
04-20 19:12:35.509  7136  8411 E ActivityThread: Failed to find provider info for com.motorola.ccc.cce.datausage
04-20 19:12:35.559  1746  1764 I chatty  : uid=1000(system) Binder:1746_1 expire 1 line
04-20 19:12:36.429  7136 13349 E ActivityThread: Failed to find provider info for com.motorola.ccc.cce.datausage
04-20 19:12:36.485  1746  1746 I chatty  : uid=1000 system_server expire 13 lines
04-20 19:12:36.663  7136 13269 E ActivityThread: Failed to find provider info for com.motorola.ccc.cce.datausage
04-20 19:12:36.914  7136 13269 E ActivityThread: Failed to find provider info for com.motorola.ccc.cce.datausage
04-20 19:12:37.400  7136 13348 E ActivityThread: Failed to find provider info for com.motorola.ccc.cce.datausage
04-20 19:12:37.509  7136 13258 E ActivityThread: Failed to find provider info for com.motorola.ccc.cce.datausage
04-20 19:12:37.550  7136 13269 E ActivityThread: Failed to find provider info for com.motorola.ccc.cce.datausage
04-20 19:12:38.485  7136 13348 E ActivityThread: Failed to find provider info for com.motorola.ccc.cce.datausage
04-20 19:12:48.492  1746  1770 I chatty  : uid=1000(system) android.anim expire 13 lines
04-20 19:12:48.500  1746  2827 I chatty  : uid=1000(system) Binder:1746_B expire 2 lines
04-20 19:12:50.874  7136 13349 E ActivityThread: Failed to find provider info for com.motorola.ccc.cce.datausage
04-20 19:12:59.670  1746  3668 I chatty  : uid=1000(system) Binder:1746_11 expire 3 lines
04-20 19:12:59.694  1746  2235 I chatty  : uid=1000(system) Binder:1746_4 expire 2 lines
04-20 19:12:59.709  1746  2828 I chatty  : uid=1000(system) Binder:1746_C expire 6 lines
04-20 19:12:59.726  1746  1776 I chatty  : uid=1000(system) ActivityManager expire 13 lines
04-20 19:12:59.744  1746  1769 I chatty  : uid=1000(system) android.display expire 6 lines
04-20 19:12:59.783  1746  5873 I chatty  : uid=1000(system) Binder:1746_16 expire 11 lines
04-20 19:12:59.797  1746  1764 I chatty  : uid=1000(system) Binder:1746_1 expire 6 lines
04-20 19:12:59.954  1746  1777 I chatty  : uid=1000(system) ActivityManager expire 7 lines
04-20 19:13:00.289  1746  3667 I chatty  : uid=1000(system) Binder:1746_10 expire 1 line
04-20 19:13:00.891  1746  3447 I chatty  : uid=1000(system) Binder:1746_E expire 4 lines
04-20 19:13:02.767  1746  3332 I chatty  : uid=1000(system) LazyTaskWriterT expire 2 lines
04-20 19:13:05.523  1746  2064 I chatty  : uid=1000(system) UEventObserver expire 1 line
04-20 19:13:10.752  7136 13348 E ActivityThread: Failed to find provider info for com.motorola.ccc.cce.datausage
04-20 19:13:21.947  1746  4978 I chatty  : uid=1000(system) Binder:1746_14 expire 7 lines
04-20 19:13:21.967  1746  5335 I chatty  : uid=1000(system) Binder:1746_15 expire 7 lines
04-20 19:13:22.291  1746  1775 I chatty  : uid=1000(system) android.bg expire 6 lines
04-20 19:13:22.368  2561  2561 E ExtAssistant: Error occurred processing removal of StatusBarNotification(pkg=com.google.android.setupwizard user=UserHandle{0} id=8 tag=null key=0|com.google.android.setupwizard|8|null|10130: Notification(channel=initial pri=0 contentView=null vibrate=null sound=null defaults=0x0 flags=0x862 color=0xff1a73e8 vis=PUBLIC))
04-20 19:13:22.368  2561  2561 E ExtAssistant: java.lang.NullPointerException: Attempt to invoke virtual method 'android.app.NotificationChannel android.ext.services.notification.NotificationEntry.getChannel()' on a null object reference
04-20 19:13:22.368  2561  2561 E ExtAssistant: 	at android.ext.services.notification.Assistant.onNotificationRemoved(Assistant.java:323)
04-20 19:13:22.368  2561  2561 E ExtAssistant: 	at android.service.notification.NotificationListenerService$MyHandler.handleMessage(NotificationListenerService.java:2043)
04-20 19:13:22.368  2561  2561 E ExtAssistant: 	at android.os.Handler.dispatchMessage(Handler.java:107)
04-20 19:13:22.368  2561  2561 E ExtAssistant: 	at android.os.Looper.loop(Looper.java:241)
04-20 19:13:22.368  2561  2561 E ExtAssistant: 	at android.app.ActivityThread.main(ActivityThread.java:7604)
04-20 19:13:22.368  2561  2561 E ExtAssistant: 	at java.lang.reflect.Method.invoke(Native Method)
04-20 19:13:22.368  2561  2561 E ExtAssistant: 	at com.android.internal.os.RuntimeInit$MethodAndArgsCaller.run(RuntimeInit.java:492)
04-20 19:13:22.368  2561  2561 E ExtAssistant: 	at com.android.internal.os.ZygoteInit.main(ZygoteInit.java:941)
04-20 19:13:22.422  1746  5873 I chatty  : uid=1000(system) Binder:1746_16 expire 1 line
04-20 19:13:22.466 11947 11947 E LoadedApk: Unable to instantiate appComponentFactory
04-20 19:13:22.466 11947 11947 E LoadedApk: java.lang.ClassNotFoundException: Didn't find class "com.google.android.gms.chimera.GmsAppComponentFactory" on path: DexPathList[[],nativeLibraryDirectories=[/product/priv-app/GmsCore/lib/arm, /product/priv-app/GmsCore/GmsCore.apk!/lib/armeabi-v7a, /system/lib, /product/lib, /system/lib, /product/lib]]
04-20 19:13:22.466 11947 11947 E LoadedApk: 	at dalvik.system.BaseDexClassLoader.findClass(BaseDexClassLoader.java:196)
04-20 19:13:22.466 11947 11947 E LoadedApk: 	at java.lang.ClassLoader.loadClass(ClassLoader.java:379)
04-20 19:13:22.466 11947 11947 E LoadedApk: 	at java.lang.ClassLoader.loadClass(ClassLoader.java:312)
04-20 19:13:22.466 11947 11947 E LoadedApk: 	at android.app.LoadedApk.createAppFactory(LoadedApk.java:256)
04-20 19:13:22.466 11947 11947 E LoadedApk: 	at android.app.LoadedApk.updateApplicationInfo(LoadedApk.java:370)
04-20 19:13:22.466 11947 11947 E LoadedApk: 	at android.app.ActivityThread.handleApplicationInfoChanged(ActivityThread.java:5917)
04-20 19:13:22.466 11947 11947 E LoadedApk: 	at android.app.ActivityThread$H.handleMessage(ActivityThread.java:2172)
04-20 19:13:22.466 11947 11947 E LoadedApk: 	at android.os.Handler.dispatchMessage(Handler.java:107)
04-20 19:13:22.466 11947 11947 E LoadedApk: 	at android.os.Looper.loop(Looper.java:241)
04-20 19:13:22.466 11947 11947 E LoadedApk: 	at android.app.ActivityThread.main(ActivityThread.java:7604)
04-20 19:13:22.466 11947 11947 E LoadedApk: 	at java.lang.reflect.Method.invoke(Native Method)
04-20 19:13:22.466 11947 11947 E LoadedApk: 	at com.android.internal.os.RuntimeInit$MethodAndArgsCaller.run(RuntimeInit.java:492)
04-20 19:13:22.466 11947 11947 E LoadedApk: 	at com.android.internal.os.ZygoteInit.main(ZygoteInit.java:941)
04-20 19:13:22.476  2315  2705 E LoadedApk: Unable to instantiate appComponentFactory
04-20 19:13:22.476  2315  2705 E LoadedApk: java.lang.ClassNotFoundException: Didn't find class "androidx.core.app.CoreComponentFactory" on path: DexPathList[[],nativeLibraryDirectories=[/product/priv-app/SystemUI/lib/arm, /system/lib, /product/lib, /system/lib, /product/lib]]
04-20 19:13:22.476  2315  2705 E LoadedApk: 	at dalvik.system.BaseDexClassLoader.findClass(BaseDexClassLoader.java:196)
04-20 19:13:22.476  2315  2705 E LoadedApk: 	at java.lang.ClassLoader.loadClass(ClassLoader.java:379)
04-20 19:13:22.476  2315  2705 E LoadedApk: 	at java.lang.ClassLoader.loadClass(ClassLoader.java:312)
04-20 19:13:22.476  2315  2705 E LoadedApk: 	at android.app.LoadedApk.createAppFactory(LoadedApk.java:256)
04-20 19:13:22.476  2315  2705 E LoadedApk: 	at android.app.LoadedApk.updateApplicationInfo(LoadedApk.java:370)
04-20 19:13:22.476  2315  2705 E LoadedApk: 	at android.app.ActivityThread.getPackageInfo(ActivityThread.java:2414)
04-20 19:13:22.476  2315  2705 E LoadedApk: 	at android.app.ContextImpl.createPackageContextAsUser(ContextImpl.java:2206)
04-20 19:13:22.476  2315  2705 E LoadedApk: 	at android.content.ContextWrapper.createPackageContextAsUser(ContextWrapper.java:891)
04-20 19:13:22.476  2315  2705 E LoadedApk: 	at com.android.systemui.media.RingtonePlayer.getContextForUser(RingtonePlayer.java:233)
04-20 19:13:22.476  2315  2705 E LoadedApk: 	at com.android.systemui.media.RingtonePlayer.access$000(RingtonePlayer.java:51)
04-20 19:13:22.476  2315  2705 E LoadedApk: 	at com.android.systemui.media.RingtonePlayer$1.playAsync(RingtonePlayer.java:183)
04-20 19:13:22.476  2315  2705 E LoadedApk: 	at android.media.IRingtonePlayer$Stub.onTransact(IRingtonePlayer.java:256)
04-20 19:13:22.476  2315  2705 E LoadedApk: 	at android.os.Binder.execTransactInternal(Binder.java:1036)
04-20 19:13:22.476  2315  2705 E LoadedApk: 	at android.os.Binder.execTransact(Binder.java:1003)
04-20 19:13:22.580  1746  1766 I chatty  : uid=1000(system) android.fg expire 3 lines
04-20 19:13:22.669  9928  9928 E LoadedApk: Unable to instantiate appComponentFactory
04-20 19:13:22.669  9928  9928 E LoadedApk: java.lang.ClassNotFoundException: Didn't find class "androidx.core.app.CoreComponentFactory" on path: DexPathList[[],nativeLibraryDirectories=[/system/priv-app/GooglePermissionControllerPrebuilt/lib/arm, /system/lib, /product/lib, /system/lib, /product/lib]]
04-20 19:13:22.669  9928  9928 E LoadedApk: 	at dalvik.system.BaseDexClassLoader.findClass(BaseDexClassLoader.java:196)
04-20 19:13:22.669  9928  9928 E LoadedApk: 	at java.lang.ClassLoader.loadClass(ClassLoader.java:379)
04-20 19:13:22.669  9928  9928 E LoadedApk: 	at java.lang.ClassLoader.loadClass(ClassLoader.java:312)
04-20 19:13:22.669  9928  9928 E LoadedApk: 	at android.app.LoadedApk.createAppFactory(LoadedApk.java:256)
04-20 19:13:22.669  9928  9928 E LoadedApk: 	at android.app.LoadedApk.updateApplicationInfo(LoadedApk.java:370)
04-20 19:13:22.669  9928  9928 E LoadedApk: 	at android.app.ActivityThread.handleApplicationInfoChanged(ActivityThread.java:5917)
04-20 19:13:22.669  9928  9928 E LoadedApk: 	at android.app.ActivityThread$H.handleMessage(ActivityThread.java:2172)
04-20 19:13:22.669  9928  9928 E LoadedApk: 	at android.os.Handler.dispatchMessage(Handler.java:107)
04-20 19:13:22.669  9928  9928 E LoadedApk: 	at android.os.Looper.loop(Looper.java:241)
04-20 19:13:22.669  9928  9928 E LoadedApk: 	at android.app.ActivityThread.main(ActivityThread.java:7604)
04-20 19:13:22.669  9928  9928 E LoadedApk: 	at java.lang.reflect.Method.invoke(Native Method)
04-20 19:13:22.669  9928  9928 E LoadedApk: 	at com.android.internal.os.RuntimeInit$MethodAndArgsCaller.run(RuntimeInit.java:492)
04-20 19:13:22.669  9928  9928 E LoadedApk: 	at com.android.internal.os.ZygoteInit.main(ZygoteInit.java:941)
04-20 19:13:22.709  2315  2315 E LoadedApk: Unable to instantiate appComponentFactory
04-20 19:13:22.709  2315  2315 E LoadedApk: java.lang.ClassNotFoundException: Didn't find class "androidx.core.app.CoreComponentFactory" on path: DexPathList[[],nativeLibraryDirectories=[/product/priv-app/SystemUI/lib/arm, /system/lib, /product/lib, /system/lib, /product/lib]]
04-20 19:13:22.709  2315  2315 E LoadedApk: 	at dalvik.system.BaseDexClassLoader.findClass(BaseDexClassLoader.java:196)
04-20 19:13:22.709  2315  2315 E LoadedApk: 	at java.lang.ClassLoader.loadClass(ClassLoader.java:379)
04-20 19:13:22.709  2315  2315 E LoadedApk: 	at java.lang.ClassLoader.loadClass(ClassLoader.java:312)
04-20 19:13:22.709  2315  2315 E LoadedApk: 	at android.app.LoadedApk.createAppFactory(LoadedApk.java:256)
04-20 19:13:22.709  2315  2315 E LoadedApk: 	at android.app.LoadedApk.updateApplicationInfo(LoadedApk.java:370)
04-20 19:13:22.709  2315  2315 E LoadedApk: 	at android.app.ActivityThread.handleApplicationInfoChanged(ActivityThread.java:5917)
04-20 19:13:22.709  2315  2315 E LoadedApk: 	at android.app.ActivityThread$H.handleMessage(ActivityThread.java:2172)
04-20 19:13:22.709  2315  2315 E LoadedApk: 	at android.os.Handler.dispatchMessage(Handler.java:107)
04-20 19:13:22.709  2315  2315 E LoadedApk: 	at android.os.Looper.loop(Looper.java:241)
04-20 19:13:22.709  2315  2315 E LoadedApk: 	at android.app.ActivityThread.main(ActivityThread.java:7604)
04-20 19:13:22.709  2315  2315 E LoadedApk: 	at java.lang.reflect.Method.invoke(Native Method)
04-20 19:13:22.709  2315  2315 E LoadedApk: 	at com.android.internal.os.RuntimeInit$MethodAndArgsCaller.run(RuntimeInit.java:492)
04-20 19:13:22.709  2315  2315 E LoadedApk: 	at com.android.internal.os.ZygoteInit.main(ZygoteInit.java:941)
04-20 19:13:22.740  1746  1746 I chatty  : uid=1000 system_server expire 14 lines
04-20 19:13:23.099  2315 13056 E LoadedApk: Unable to instantiate appComponentFactory
04-20 19:13:23.099  2315 13056 E LoadedApk: java.lang.ClassNotFoundException: Didn't find class "com.google.android.finsky.appcomponentfactory.PhoneskyAppComponentFactory" on path: DexPathList[[],nativeLibraryDirectories=[/product/priv-app/SystemUI/lib/arm, /system/lib, /product/lib, /system/lib, /product/lib]]
04-20 19:13:23.099  2315 13056 E LoadedApk: 	at dalvik.system.BaseDexClassLoader.findClass(BaseDexClassLoader.java:196)
04-20 19:13:23.099  2315 13056 E LoadedApk: 	at java.lang.ClassLoader.loadClass(ClassLoader.java:379)
04-20 19:13:23.099  2315 13056 E LoadedApk: 	at java.lang.ClassLoader.loadClass(ClassLoader.java:312)
04-20 19:13:23.099  2315 13056 E LoadedApk: 	at android.app.LoadedApk.createAppFactory(LoadedApk.java:256)
04-20 19:13:23.099  2315 13056 E LoadedApk: 	at android.app.LoadedApk.updateApplicationInfo(LoadedApk.java:370)
04-20 19:13:23.099  2315 13056 E LoadedApk: 	at android.app.ActivityThread.getPackageInfo(ActivityThread.java:2502)
04-20 19:13:23.099  2315 13056 E LoadedApk: 	at android.app.ActivityThread.getPackageInfo(ActivityThread.java:2459)
04-20 19:13:23.099  2315 13056 E LoadedApk: 	at android.app.ContextImpl.createApplicationContext(ContextImpl.java:2171)
04-20 19:13:23.099  2315 13056 E LoadedApk: 	at android.content.ContextWrapper.createApplicationContext(ContextWrapper.java:899)
04-20 19:13:23.099  2315 13056 E LoadedApk: 	at android.service.notification.StatusBarNotification.getPackageContext(StatusBarNotification.java:397)
04-20 19:13:23.099  2315 13056 E LoadedApk: 	at com.android.systemui.statusbar.notification.row.NotificationContentInflater$AsyncInflationTask.doInBackground(NotificationContentInflater.java:997)
04-20 19:13:23.099  2315 13056 E LoadedApk: 	at com.android.systemui.statusbar.notification.row.NotificationContentInflater$AsyncInflationTask.doInBackground(NotificationContentInflater.java:935)
04-20 19:13:23.099  2315 13056 E LoadedApk: 	at android.os.AsyncTask$3.call(AsyncTask.java:378)
04-20 19:13:23.099  2315 13056 E LoadedApk: 	at java.util.concurrent.FutureTask.run(FutureTask.java:266)
04-20 19:13:23.099  2315 13056 E LoadedApk: 	at android.os.AsyncTask$SerialExecutor$1.run(AsyncTask.java:289)
04-20 19:13:23.099  2315 13056 E LoadedApk: 	at java.util.concurrent.ThreadPoolExecutor.runWorker(ThreadPoolExecutor.java:1167)
04-20 19:13:23.099  2315 13056 E LoadedApk: 	at java.util.concurrent.ThreadPoolExecutor$Worker.run(ThreadPoolExecutor.java:641)
04-20 19:13:23.099  2315 13056 E LoadedApk: 	at java.lang.Thread.run(Thread.java:919)
04-20 19:13:23.104  2315 13635 E LoadedApk: Unable to instantiate appComponentFactory
04-20 19:13:23.104  2315 13635 E LoadedApk: java.lang.ClassNotFoundException: Didn't find class "androidx.core.app.CoreComponentFactory" on path: DexPathList[[],nativeLibraryDirectories=[/product/priv-app/SystemUI/lib/arm, /system/lib, /product/lib, /system/lib, /product/lib]]
04-20 19:13:23.104  2315 13635 E LoadedApk: 	at dalvik.system.BaseDexClassLoader.findClass(BaseDexClassLoader.java:196)
04-20 19:13:23.104  2315 13635 E LoadedApk: 	at java.lang.ClassLoader.loadClass(ClassLoader.java:379)
04-20 19:13:23.104  2315 13635 E LoadedApk: 	at java.lang.ClassLoader.loadClass(ClassLoader.java:312)
04-20 19:13:23.104  2315 13635 E LoadedApk: 	at android.app.LoadedApk.createAppFactory(LoadedApk.java:256)
04-20 19:13:23.104  2315 13635 E LoadedApk: 	at android.app.LoadedApk.updateApplicationInfo(LoadedApk.java:370)
04-20 19:13:23.104  2315 13635 E LoadedApk: 	at android.app.ActivityThread.getPackageInfo(ActivityThread.java:2502)
04-20 19:13:23.104  2315 13635 E LoadedApk: 	at android.app.ActivityThread.getPackageInfo(ActivityThread.java:2459)
04-20 19:13:23.104  2315 13635 E LoadedApk: 	at android.app.ContextImpl.createApplicationContext(ContextImpl.java:2171)
04-20 19:13:23.104  2315 13635 E LoadedApk: 	at android.content.ContextWrapper.createApplicationContext(ContextWrapper.java:899)
04-20 19:13:23.104  2315 13635 E LoadedApk: 	at android.service.notification.StatusBarNotification.getPackageContext(StatusBarNotification.java:397)
04-20 19:13:23.104  2315 13635 E LoadedApk: 	at com.android.systemui.statusbar.notification.row.NotificationContentInflater$AsyncInflationTask.doInBackground(NotificationContentInflater.java:997)
04-20 19:13:23.104  2315 13635 E LoadedApk: 	at com.android.systemui.statusbar.notification.row.NotificationContentInflater$AsyncInflationTask.doInBackground(NotificationContentInflater.java:935)
04-20 19:13:23.104  2315 13635 E LoadedApk: 	at android.os.AsyncTask$3.call(AsyncTask.java:378)
04-20 19:13:23.104  2315 13635 E LoadedApk: 	at java.util.concurrent.FutureTask.run(FutureTask.java:266)
04-20 19:13:23.104  2315 13635 E LoadedApk: 	at android.os.AsyncTask$SerialExecutor$1.run(AsyncTask.java:289)
04-20 19:13:23.104  2315 13635 E LoadedApk: 	at java.util.concurrent.ThreadPoolExecutor.runWorker(ThreadPoolExecutor.java:1167)
04-20 19:13:23.104  2315 13635 E LoadedApk: 	at java.util.concurrent.ThreadPoolExecutor$Worker.run(ThreadPoolExecutor.java:641)
04-20 19:13:23.104  2315 13635 E LoadedApk: 	at java.lang.Thread.run(Thread.java:919)
04-20 19:13:23.112  2315 13056 E LoadedApk: Unable to instantiate appComponentFactory
04-20 19:13:23.112  2315 13056 E LoadedApk: java.lang.ClassNotFoundException: Didn't find class "androidx.core.app.CoreComponentFactory" on path: DexPathList[[],nativeLibraryDirectories=[/product/priv-app/SystemUI/lib/arm, /system/lib, /product/lib, /system/lib, /product/lib]]
04-20 19:13:23.112  2315 13056 E LoadedApk: 	at dalvik.system.BaseDexClassLoader.findClass(BaseDexClassLoader.java:196)
04-20 19:13:23.112  2315 13056 E LoadedApk: 	at java.lang.ClassLoader.loadClass(ClassLoader.java:379)
04-20 19:13:23.112  2315 13056 E LoadedApk: 	at java.lang.ClassLoader.loadClass(ClassLoader.java:312)
04-20 19:13:23.112  2315 13056 E LoadedApk: 	at android.app.LoadedApk.createAppFactory(LoadedApk.java:256)
04-20 19:13:23.112  2315 13056 E LoadedApk: 	at android.app.LoadedApk.updateApplicationInfo(LoadedApk.java:370)
04-20 19:13:23.112  2315 13056 E LoadedApk: 	at android.app.ActivityThread.getPackageInfo(ActivityThread.java:2502)
04-20 19:13:23.112  2315 13056 E LoadedApk: 	at android.app.ActivityThread.getPackageInfo(ActivityThread.java:2459)
04-20 19:13:23.112  2315 13056 E LoadedApk: 	at android.app.ContextImpl.createApplicationContext(ContextImpl.java:2171)
04-20 19:13:23.112  2315 13056 E LoadedApk: 	at android.content.ContextWrapper.createApplicationContext(ContextWrapper.java:899)
04-20 19:13:23.112  2315 13056 E LoadedApk: 	at android.service.notification.StatusBarNotification.getPackageContext(StatusBarNotification.java:397)
04-20 19:13:23.112  2315 13056 E LoadedApk: 	at com.android.systemui.statusbar.notification.row.NotificationContentInflater$AsyncInflationTask.doInBackground(NotificationContentInflater.java:997)
04-20 19:13:23.112  2315 13056 E LoadedApk: 	at com.android.systemui.statusbar.notification.row.NotificationContentInflater$AsyncInflationTask.doInBackground(NotificationContentInflater.java:935)
04-20 19:13:23.112  2315 13056 E LoadedApk: 	at android.os.AsyncTask$3.call(AsyncTask.java:378)
04-20 19:13:23.112  2315 13056 E LoadedApk: 	at java.util.concurrent.FutureTask.run(FutureTask.java:266)
04-20 19:13:23.112  2315 13056 E LoadedApk: 	at android.os.AsyncTask$SerialExecutor$1.run(AsyncTask.java:289)
04-20 19:13:23.112  2315 13056 E LoadedApk: 	at java.util.concurrent.ThreadPoolExecutor.runWorker(ThreadPoolExecutor.java:1167)
04-20 19:13:23.112  2315 13056 E LoadedApk: 	at java.util.concurrent.ThreadPoolExecutor$Worker.run(ThreadPoolExecutor.java:641)
04-20 19:13:23.112  2315 13056 E LoadedApk: 	at java.lang.Thread.run(Thread.java:919)
04-20 19:13:23.130  1746  2662 I chatty  : uid=1000(system) android.fg expire 3 lines
04-20 19:13:23.154  1746  6609 I chatty  : uid=1000(system) Binder:1746_18 expire 1 line
04-20 19:13:23.244  2315  2315 E LoadedApk: Unable to instantiate appComponentFactory
04-20 19:13:23.244  2315  2315 E LoadedApk: java.lang.ClassNotFoundException: Didn't find class "androidx.core.app.CoreComponentFactory" on path: DexPathList[[],nativeLibraryDirectories=[/product/priv-app/SystemUI/lib/arm, /system/lib, /product/lib, /system/lib, /product/lib]]
04-20 19:13:23.244  2315  2315 E LoadedApk: 	at dalvik.system.BaseDexClassLoader.findClass(BaseDexClassLoader.java:196)
04-20 19:13:23.244  2315  2315 E LoadedApk: 	at java.lang.ClassLoader.loadClass(ClassLoader.java:379)
04-20 19:13:23.244  2315  2315 E LoadedApk: 	at java.lang.ClassLoader.loadClass(ClassLoader.java:312)
04-20 19:13:23.244  2315  2315 E LoadedApk: 	at android.app.LoadedApk.createAppFactory(LoadedApk.java:256)
04-20 19:13:23.244  2315  2315 E LoadedApk: 	at android.app.LoadedApk.updateApplicationInfo(LoadedApk.java:370)
04-20 19:13:23.244  2315  2315 E LoadedApk: 	at android.app.ActivityThread.getPackageInfo(ActivityThread.java:2414)
04-20 19:13:23.244  2315  2315 E LoadedApk: 	at android.app.ContextImpl.createPackageContextAsUser(ContextImpl.java:2206)
04-20 19:13:23.244  2315  2315 E LoadedApk: 	at android.app.ContextImpl.createPackageContext(ContextImpl.java:2193)
04-20 19:13:23.244  2315  2315 E LoadedApk: 	at android.content.ContextWrapper.createPackageContext(ContextWrapper.java:884)
04-20 19:13:23.244  2315  2315 E LoadedApk: 	at com.android.systemui.statusbar.policy.PreviewInflater.inflateWidgetView(PreviewInflater.java:96)
04-20 19:13:23.244  2315  2315 E LoadedApk: 	at com.android.systemui.statusbar.policy.PreviewInflater.inflatePreview(PreviewInflater.java:84)
04-20 19:13:23.244  2315  2315 E LoadedApk: 	at com.android.systemui.statusbar.policy.PreviewInflater.inflatePreview(PreviewInflater.java:72)
04-20 19:13:23.244  2315  2315 E LoadedApk: 	at com.android.systemui.statusbar.phone.KeyguardBottomAreaView.inflateCameraPreview(KeyguardBottomAreaView.java:845)
04-20 19:13:23.244  2315  2315 E LoadedApk: 	at com.android.systemui.statusbar.phone.KeyguardBottomAreaView.onFinishInflate(KeyguardBottomAreaView.java:297)
04-20 19:13:23.244  2315  2315 E LoadedApk: 	at android.view.LayoutInflater.rInflate(LayoutInflater.java:1136)
04-20 19:13:23.244  2315  2315 E LoadedApk: 	at android.view.LayoutInflater.rInflateChildren(LayoutInflater.java:1084)
04-20 19:13:23.244  2315  2315 E LoadedApk: 	at android.view.LayoutInflater.inflate(LayoutInflater.java:682)
04-20 19:13:23.244  2315  2315 E LoadedApk: 	at android.view.LayoutInflater.inflate(LayoutInflater.java:534)
04-20 19:13:23.244  2315  2315 E LoadedApk: 	at com.android.systemui.statusbar.phone.NotificationPanelView.reInflateViews(NotificationPanelView.java:603)
04-20 19:13:23.244  2315  2315 E LoadedApk: 	at com.android.systemui.statusbar.phone.NotificationPanelView.onOverlayChanged(NotificationPanelView.java:577)
04-20 19:13:23.244  2315  2315 E LoadedApk: 	at com.android.systemui.statusbar.phone.ConfigurationControllerImpl.onConfigurationChanged(ConfigurationControllerImpl.kt:99)
04-20 19:13:23.244  2315  2315 E LoadedApk: 	at com.android.systemui.Dependency.lambda$onConfigurationChanged$3(Dependency.java:561)
04-20 19:13:23.244  2315  2315 E LoadedApk: 	at com.android.systemui.-$$Lambda$Dependency$F_ZbJwaRJMSMhagdfjMoQK4xWCw.run(Unknown Source:4)
04-20 19:13:23.244  2315  2315 E LoadedApk: 	at android.os.Handler.handleCallback(Handler.java:883)
04-20 19:13:23.244  2315  2315 E LoadedApk: 	at android.os.Handler.dispatchMessage(Handler.java:100)
04-20 19:13:23.244  2315  2315 E LoadedApk: 	at android.os.Looper.loop(Looper.java:241)
04-20 19:13:23.244  2315  2315 E LoadedApk: 	at android.app.ActivityThread.main(ActivityThread.java:7604)
04-20 19:13:23.244  2315  2315 E LoadedApk: 	at java.lang.reflect.Method.invoke(Native Method)
04-20 19:13:23.244  2315  2315 E LoadedApk: 	at com.android.internal.os.RuntimeInit$MethodAndArgsCaller.run(RuntimeInit.java:492)
04-20 19:13:23.244  2315  2315 E LoadedApk: 	at com.android.internal.os.ZygoteInit.main(ZygoteInit.java:941)
04-20 19:13:23.469 13648 13648 D ActivityThread: Loading provider contacts;com.android.contacts: com.android.providers.contacts.ContactsProvider2
04-20 19:13:23.808  2315 13635 E LoadedApk: Unable to instantiate appComponentFactory
04-20 19:13:23.808  2315 13635 E LoadedApk: java.lang.ClassNotFoundException: Didn't find class "com.google.android.finsky.appcomponentfactory.PhoneskyAppComponentFactory" on path: DexPathList[[],nativeLibraryDirectories=[/product/priv-app/SystemUI/lib/arm, /system/lib, /product/lib, /system/lib, /product/lib]]
