04-20 19:19:39.471 17557 17557 W ActivityThread: serviceStart starts in 3201 ms, ServiceArgsData = ServiceArgsData{token=android.os.BinderProxy@d31c9d0 startId=54 args=Intent { act=com.google.android.chimera.container.IntentOperationService.MODULE_SPECIFIC cmp=com.google.android.gms/.chimera.GmsIntentOperationService (has extras) }}
04-20 19:19:39.479 17557 17557 W ActivityThread: serviceStart starts in 3206 ms, ServiceArgsData = ServiceArgsData{token=android.os.BinderProxy@d31c9d0 startId=55 args=Intent { act=com.google.android.chimera.container.IntentOperationService.MODULE_SPECIFIC cmp=com.google.android.gms/.chimera.GmsIntentOperationService (has extras) }}
04-20 19:19:39.484 17557 17557 W ActivityThread: serviceStart starts in 3208 ms, ServiceArgsData = ServiceArgsData{token=android.os.BinderProxy@d31c9d0 startId=56 args=Intent { act=com.google.android.chimera.container.IntentOperationService.MODULE_SPECIFIC cmp=com.google.android.gms/.chimera.GmsIntentOperationService (has extras) }}
04-20 19:19:39.493 17557 17557 W ActivityThread: serviceStart starts in 3215 ms, ServiceArgsData = ServiceArgsData{token=android.os.BinderProxy@d31c9d0 startId=57 args=Intent { act=com.google.android.chimera.container.IntentOperationService.MODULE_SPECIFIC cmp=com.google.android.gms/.chimera.GmsIntentOperationService (has extras) }}
04-20 19:19:39.496 17557 17557 W ActivityThread: serviceStart starts in 3217 ms, ServiceArgsData = ServiceArgsData{token=android.os.BinderProxy@d31c9d0 startId=58 args=Intent { act=com.google.android.chimera.container.IntentOperationService.MODULE_SPECIFIC cmp=com.google.android.gms/.chimera.GmsIntentOperationService (has extras) }}
04-20 19:19:39.508 17557 17557 W ActivityThread: serviceStart starts in 3225 ms, ServiceArgsData = ServiceArgsData{token=android.os.BinderProxy@d31c9d0 startId=59 args=Intent { act=com.google.android.chimera.container.IntentOperationService.MODULE_SPECIFIC cmp=com.google.android.gms/.chimera.GmsIntentOperationService (has extras) }}
04-20 19:19:39.512 17557 17557 W ActivityThread: serviceStart starts in 3228 ms, ServiceArgsData = ServiceArgsData{token=android.os.BinderProxy@d31c9d0 startId=60 args=Intent { act=com.google.android.chimera.container.IntentOperationService.MODULE_SPECIFIC cmp=com.google.android.gms/.chimera.GmsIntentOperationService (has extras) }}
04-20 19:19:39.518 17557 17557 W ActivityThread: serviceStart starts in 3231 ms, ServiceArgsData = ServiceArgsData{token=android.os.BinderProxy@d31c9d0 startId=61 args=Intent { act=com.google.android.chimera.container.IntentOperationService.MODULE_SPECIFIC cmp=com.google.android.gms/.chimera.GmsIntentOperationService (has extras) }}
04-20 19:19:39.523 17557 17557 W ActivityThread: serviceStart starts in 3234 ms, ServiceArgsData = ServiceArgsData{token=android.os.BinderProxy@d31c9d0 startId=62 args=Intent { act=com.google.android.chimera.container.IntentOperationService.MODULE_SPECIFIC cmp=com.google.android.gms/.chimera.GmsIntentOperationService (has extras) }}
04-20 19:19:39.530 17557 17557 W ActivityThread: serviceStart starts in 3238 ms, ServiceArgsData = ServiceArgsData{token=android.os.BinderProxy@d31c9d0 startId=63 args=Intent { act=com.google.android.chimera.container.IntentOperationService.MODULE_SPECIFIC cmp=com.google.android.gms/.chimera.GmsIntentOperationService (has extras) }}
04-20 19:19:39.533 17557 17557 W ActivityThread: serviceStart starts in 3241 ms, ServiceArgsData = ServiceArgsData{token=android.os.BinderProxy@d31c9d0 startId=64 args=Intent { act=com.google.android.chimera.container.IntentOperationService.MODULE_SPECIFIC cmp=com.google.android.gms/.chimera.GmsIntentOperationService (has extras) }}
04-20 19:19:39.536 17557 17557 W ActivityThread: serviceStart starts in 3242 ms, ServiceArgsData = ServiceArgsData{token=android.os.BinderProxy@d31c9d0 startId=65 args=Intent { act=com.google.android.chimera.container.IntentOperationService.MODULE_SPECIFIC cmp=com.google.android.gms/.chimera.GmsIntentOperationService (has extras) }}
04-20 19:19:39.542 17557 17557 W ActivityThread: serviceStart starts in 3245 ms, ServiceArgsData = ServiceArgsData{token=android.os.BinderProxy@d31c9d0 startId=66 args=Intent { act=com.google.android.chimera.container.IntentOperationService.MODULE_SPECIFIC cmp=com.google.android.gms/.chimera.GmsIntentOperationService (has extras) }}
04-20 19:19:39.551 17557 17557 W ActivityThread: serviceStart starts in 3254 ms, ServiceArgsData = ServiceArgsData{token=android.os.BinderProxy@d31c9d0 startId=67 args=Intent { act=com.google.android.chimera.container.IntentOperationService.MODULE_SPECIFIC cmp=com.google.android.gms/.chimera.GmsIntentOperationService (has extras) }}
04-20 19:19:39.558 17557 17557 W ActivityThread: serviceStart starts in 3257 ms, ServiceArgsData = ServiceArgsData{token=android.os.BinderProxy@d31c9d0 startId=68 args=Intent { act=com.google.android.chimera.container.IntentOperationService.MODULE_SPECIFIC cmp=com.google.android.gms/.chimera.GmsIntentOperationService (has extras) }}
04-20 19:19:39.560 17557 17557 W ActivityThread: serviceStart starts in 3259 ms, ServiceArgsData = ServiceArgsData{token=android.os.BinderProxy@d31c9d0 startId=69 args=Intent { act=com.google.android.chimera.container.IntentOperationService.MODULE_SPECIFIC cmp=com.google.android.gms/.chimera.GmsIntentOperationService (has extras) }}
04-20 19:19:39.566 17557 17557 W ActivityThread: serviceStart starts in 3264 ms, ServiceArgsData = ServiceArgsData{token=android.os.BinderProxy@d31c9d0 startId=70 args=Intent { act=com.google.android.chimera.container.IntentOperationService.MODULE_SPECIFIC cmp=com.google.android.gms/.chimera.GmsIntentOperationService (has extras) }}
04-20 19:19:39.570 17557 17557 W ActivityThread: serviceStart starts in 3265 ms, ServiceArgsData = ServiceArgsData{token=android.os.BinderProxy@d31c9d0 startId=71 args=Intent { act=com.google.android.chimera.container.IntentOperationService.MODULE_SPECIFIC cmp=com.google.android.gms/.chimera.GmsIntentOperationService (has extras) }}
04-20 19:19:39.579 17557 17557 W ActivityThread: serviceStart starts in 3273 ms, ServiceArgsData = ServiceArgsData{token=android.os.BinderProxy@d31c9d0 startId=72 args=Intent { act=com.google.android.chimera.container.IntentOperationService.MODULE_SPECIFIC cmp=com.google.android.gms/.chimera.GmsIntentOperationService (has extras) }}
04-20 19:19:39.582 17557 17557 W ActivityThread: serviceStart starts in 3275 ms, ServiceArgsData = ServiceArgsData{token=android.os.BinderProxy@d31c9d0 startId=73 args=Intent { act=com.google.android.chimera.container.IntentOperationService.MODULE_SPECIFIC cmp=com.google.android.gms/.chimera.GmsIntentOperationService (has extras) }}
04-20 19:19:39.592 17557 17557 W ActivityThread: serviceStart starts in 3283 ms, ServiceArgsData = ServiceArgsData{token=android.os.BinderProxy@d31c9d0 startId=74 args=Intent { act=com.google.android.chimera.container.IntentOperationService.MODULE_SPECIFIC cmp=com.google.android.gms/.chimera.GmsIntentOperationService (has extras) }}
04-20 19:19:39.598 17557 17557 W ActivityThread: serviceStart starts in 3288 ms, ServiceArgsData = ServiceArgsData{token=android.os.BinderProxy@d31c9d0 startId=75 args=Intent { act=com.google.android.chimera.container.IntentOperationService.MODULE_SPECIFIC cmp=com.google.android.gms/.chimera.GmsIntentOperationService (has extras) }}
04-20 19:19:39.601 17557 17557 W ActivityThread: serviceStart starts in 3290 ms, ServiceArgsData = ServiceArgsData{token=android.os.BinderProxy@d31c9d0 startId=76 args=Intent { act=com.google.android.chimera.container.IntentOperationService.MODULE_SPECIFIC cmp=com.google.android.gms/.chimera.GmsIntentOperationService (has extras) }}
04-20 19:19:39.605 17557 17557 W ActivityThread: serviceStart starts in 3292 ms, ServiceArgsData = ServiceArgsData{token=android.os.BinderProxy@d31c9d0 startId=77 args=Intent { act=com.google.android.chimera.container.IntentOperationService.MODULE_SPECIFIC cmp=com.google.android.gms/.chimera.GmsIntentOperationService (has extras) }}
04-20 19:19:39.611 17557 17557 W ActivityThread: serviceStart starts in 3296 ms, ServiceArgsData = ServiceArgsData{token=android.os.BinderProxy@d31c9d0 startId=78 args=Intent { act=com.google.android.chimera.container.IntentOperationService.MODULE_SPECIFIC cmp=com.google.android.gms/.chimera.GmsIntentOperationService (has extras) }}
04-20 19:19:39.615 17557 17557 W ActivityThread: serviceStart starts in 3299 ms, ServiceArgsData = ServiceArgsData{token=android.os.BinderProxy@d31c9d0 startId=79 args=Intent { act=com.google.android.chimera.container.IntentOperationService.MODULE_SPECIFIC cmp=com.google.android.gms/.chimera.GmsIntentOperationService (has extras) }}
04-20 19:19:39.620 17557 17557 W ActivityThread: serviceStart starts in 3302 ms, ServiceArgsData = ServiceArgsData{token=android.os.BinderProxy@d31c9d0 startId=80 args=Intent { act=com.google.android.chimera.container.IntentOperationService.MODULE_SPECIFIC cmp=com.google.android.gms/.chimera.GmsIntentOperationService (has extras) }}
04-20 19:19:39.623 17557 17557 W ActivityThread: serviceStart starts in 3304 ms, ServiceArgsData = ServiceArgsData{token=android.os.BinderProxy@d31c9d0 startId=81 args=Intent { act=com.google.android.chimera.container.IntentOperationService.MODULE_SPECIFIC cmp=com.google.android.gms/.chimera.GmsIntentOperationService (has extras) }}
04-20 19:19:39.627 17557 17557 W ActivityThread: serviceStart starts in 3307 ms, ServiceArgsData = ServiceArgsData{token=android.os.BinderProxy@d31c9d0 startId=82 args=Intent { act=com.google.android.chimera.container.IntentOperationService.MODULE_SPECIFIC cmp=com.google.android.gms/.chimera.GmsIntentOperationService (has extras) }}
04-20 19:19:39.631 17557 17557 W ActivityThread: serviceStart starts in 3308 ms, ServiceArgsData = ServiceArgsData{token=android.os.BinderProxy@d31c9d0 startId=83 args=Intent { act=com.google.android.chimera.container.IntentOperationService.MODULE_SPECIFIC cmp=com.google.android.gms/.chimera.GmsIntentOperationService (has extras) }}
04-20 19:19:39.637 17557 17557 W ActivityThread: serviceStart starts in 3314 ms, ServiceArgsData = ServiceArgsData{token=android.os.BinderProxy@d31c9d0 startId=84 args=Intent { act=com.google.android.chimera.container.IntentOperationService.MODULE_SPECIFIC cmp=com.google.android.gms/.chimera.GmsIntentOperationService (has extras) }}
04-20 19:19:39.641 17557 17557 W ActivityThread: serviceStart starts in 3315 ms, ServiceArgsData = ServiceArgsData{token=android.os.BinderProxy@d31c9d0 startId=85 args=Intent { act=com.google.android.chimera.container.IntentOperationService.MODULE_SPECIFIC cmp=com.google.android.gms/.chimera.GmsIntentOperationService (has extras) }}
04-20 19:19:39.644 17557 17557 W ActivityThread: serviceStart starts in 3318 ms, ServiceArgsData = ServiceArgsData{token=android.os.BinderProxy@d31c9d0 startId=86 args=Intent { act=com.google.android.chimera.container.IntentOperationService.MODULE_SPECIFIC cmp=com.google.android.gms/.chimera.GmsIntentOperationService (has extras) }}
04-20 19:19:39.654 17557 17557 W ActivityThread: serviceStart starts in 3326 ms, ServiceArgsData = ServiceArgsData{token=android.os.BinderProxy@d31c9d0 startId=87 args=Intent { act=com.google.android.chimera.container.IntentOperationService.MODULE_SPECIFIC cmp=com.google.android.gms/.chimera.GmsIntentOperationService (has extras) }}
04-20 19:19:39.657 17557 17557 W ActivityThread: serviceStart starts in 3328 ms, ServiceArgsData = ServiceArgsData{token=android.os.BinderProxy@d31c9d0 startId=88 args=Intent { act=com.google.android.chimera.container.IntentOperationService.MODULE_SPECIFIC cmp=com.google.android.gms/.chimera.GmsIntentOperationService (has extras) }}
04-20 19:19:39.662 17557 17557 W ActivityThread: serviceStart starts in 3330 ms, ServiceArgsData = ServiceArgsData{token=android.os.BinderProxy@d31c9d0 startId=89 args=Intent { act=com.google.android.chimera.container.IntentOperationService.MODULE_SPECIFIC cmp=com.google.android.gms/.chimera.GmsIntentOperationService (has extras) }}
04-20 19:19:39.668 17557 17557 W ActivityThread: serviceStart starts in 3334 ms, ServiceArgsData = ServiceArgsData{token=android.os.BinderProxy@d31c9d0 startId=90 args=Intent { act=com.google.android.chimera.container.IntentOperationService.MODULE_SPECIFIC cmp=com.google.android.gms/.chimera.GmsIntentOperationService (has extras) }}
04-20 19:19:39.671 17557 17557 W ActivityThread: serviceStart starts in 3336 ms, ServiceArgsData = ServiceArgsData{token=android.os.BinderProxy@d31c9d0 startId=91 args=Intent { act=com.google.android.chimera.container.IntentOperationService.MODULE_SPECIFIC cmp=com.google.android.gms/.chimera.GmsIntentOperationService (has extras) }}
04-20 19:19:39.677 17557 17557 W ActivityThread: serviceStart starts in 3341 ms, ServiceArgsData = ServiceArgsData{token=android.os.BinderProxy@d31c9d0 startId=92 args=Intent { act=com.google.android.chimera.container.IntentOperationService.MODULE_SPECIFIC cmp=com.google.android.gms/.chimera.GmsIntentOperationService (has extras) }}
04-20 19:19:39.680 17557 17625 W PackageParser: Unknown element under <manifest>: queries at /data/user_de/0/com.google.android.gms/app_chimera/m/0000000a/AdsDynamite.apk Binary XML file line #5
04-20 19:19:39.681 17557 17557 W ActivityThread: serviceStart starts in 3343 ms, ServiceArgsData = ServiceArgsData{token=android.os.BinderProxy@d31c9d0 startId=93 args=Intent { act=com.google.android.chimera.container.IntentOperationService.MODULE_SPECIFIC cmp=com.google.android.gms/.chimera.GmsIntentOperationService (has extras) }}
04-20 19:19:39.685 17557 17557 W ActivityThread: serviceStart starts in 3346 ms, ServiceArgsData = ServiceArgsData{token=android.os.BinderProxy@d31c9d0 startId=94 args=Intent { act=com.google.android.chimera.container.IntentOperationService.MODULE_SPECIFIC cmp=com.google.android.gms/.chimera.GmsIntentOperationService (has extras) }}
04-20 19:19:39.692 17557 17557 W ActivityThread: serviceStart starts in 3351 ms, ServiceArgsData = ServiceArgsData{token=android.os.BinderProxy@d31c9d0 startId=95 args=Intent { act=com.google.android.chimera.container.IntentOperationService.MODULE_SPECIFIC cmp=com.google.android.gms/.chimera.GmsIntentOperationService (has extras) }}
04-20 19:19:39.698 17557 17557 W ActivityThread: serviceStart starts in 3355 ms, ServiceArgsData = ServiceArgsData{token=android.os.BinderProxy@d31c9d0 startId=96 args=Intent { act=com.google.android.chimera.container.IntentOperationService.MODULE_SPECIFIC cmp=com.google.android.gms/.chimera.GmsIntentOperationService (has extras) }}
04-20 19:19:39.701 17557 17557 W ActivityThread: serviceStart starts in 3357 ms, ServiceArgsData = ServiceArgsData{token=android.os.BinderProxy@d31c9d0 startId=97 args=Intent { act=com.google.android.chimera.container.IntentOperationService.MODULE_SPECIFIC cmp=com.google.android.gms/.chimera.GmsIntentOperationService (has extras) }}
04-20 19:19:39.728 17557 17557 W ActivityThread: serviceStart starts in 3382 ms, ServiceArgsData = ServiceArgsData{token=android.os.BinderProxy@d31c9d0 startId=98 args=Intent { act=com.google.android.chimera.container.IntentOperationService.MODULE_SPECIFIC cmp=com.google.android.gms/.chimera.GmsIntentOperationService (has extras) }}
04-20 19:19:39.740 17557 17557 W ActivityThread: serviceStart starts in 3393 ms, ServiceArgsData = ServiceArgsData{token=android.os.BinderProxy@d31c9d0 startId=99 args=Intent { act=com.google.android.chimera.container.IntentOperationService.MODULE_SPECIFIC cmp=com.google.android.gms/.chimera.GmsIntentOperationService (has extras) }}
04-20 19:19:39.744 17557 17557 W ActivityThread: serviceStart starts in 3396 ms, ServiceArgsData = ServiceArgsData{token=android.os.BinderProxy@d31c9d0 startId=100 args=Intent { act=com.google.android.chimera.container.IntentOperationService.MODULE_SPECIFIC cmp=com.google.android.gms/.chimera.GmsIntentOperationService (has extras) }}
04-20 19:19:39.752 17557 17557 W ActivityThread: serviceStart starts in 3403 ms, ServiceArgsData = ServiceArgsData{token=android.os.BinderProxy@d31c9d0 startId=101 args=Intent { act=com.google.android.chimera.container.IntentOperationService.MODULE_SPECIFIC cmp=com.google.android.gms/.chimera.GmsIntentOperationService (has extras) }}
04-20 19:19:39.759 17557 17557 W ActivityThread: serviceStart starts in 3409 ms, ServiceArgsData = ServiceArgsData{token=android.os.BinderProxy@d31c9d0 startId=102 args=Intent { act=com.google.android.chimera.container.IntentOperationService.MODULE_SPECIFIC cmp=com.google.android.gms/.chimera.GmsIntentOperationService (has extras) }}
04-20 19:19:39.765 17557 17557 W ActivityThread: serviceStart starts in 3414 ms, ServiceArgsData = ServiceArgsData{token=android.os.BinderProxy@d31c9d0 startId=103 args=Intent { act=com.google.android.chimera.container.IntentOperationService.MODULE_SPECIFIC cmp=com.google.android.gms/.chimera.GmsIntentOperationService (has extras) }}
04-20 19:19:39.777 17557 17557 W ActivityThread: serviceStart starts in 3425 ms, ServiceArgsData = ServiceArgsData{token=android.os.BinderProxy@d31c9d0 startId=104 args=Intent { act=com.google.android.chimera.container.IntentOperationService.MODULE_SPECIFIC cmp=com.google.android.gms/.chimera.GmsIntentOperationService (has extras) }}
04-20 19:19:39.782 17557 17557 W ActivityThread: serviceStart starts in 3430 ms, ServiceArgsData = ServiceArgsData{token=android.os.BinderProxy@d31c9d0 startId=105 args=Intent { act=com.google.android.chimera.container.IntentOperationService.MODULE_SPECIFIC cmp=com.google.android.gms/.chimera.GmsIntentOperationService (has extras) }}
04-20 19:19:39.788 17557 17557 W ActivityThread: serviceStart starts in 3434 ms, ServiceArgsData = ServiceArgsData{token=android.os.BinderProxy@d31c9d0 startId=106 args=Intent { act=com.google.android.chimera.container.IntentOperationService.MODULE_SPECIFIC cmp=com.google.android.gms/.chimera.GmsIntentOperationService (has extras) }}
04-20 19:19:39.794 17557 17557 W ActivityThread: serviceStart starts in 3438 ms, ServiceArgsData = ServiceArgsData{token=android.os.BinderProxy@d31c9d0 startId=107 args=Intent { act=com.google.android.chimera.container.IntentOperationService.MODULE_SPECIFIC cmp=com.google.android.gms/.chimera.GmsIntentOperationService (has extras) }}
04-20 19:19:39.799 17557 17557 W ActivityThread: serviceStart starts in 3443 ms, ServiceArgsData = ServiceArgsData{token=android.os.BinderProxy@d31c9d0 startId=108 args=Intent { act=com.google.android.chimera.container.IntentOperationService.MODULE_SPECIFIC cmp=com.google.android.gms/.chimera.GmsIntentOperationService (has extras) }}
04-20 19:19:39.804 17557 17557 W ActivityThread: serviceStart starts in 3446 ms, ServiceArgsData = ServiceArgsData{token=android.os.BinderProxy@d31c9d0 startId=109 args=Intent { act=com.google.android.chimera.container.IntentOperationService.MODULE_SPECIFIC cmp=com.google.android.gms/.chimera.GmsIntentOperationService (has extras) }}
04-20 19:19:39.811 17557 17557 W ActivityThread: serviceStart starts in 3451 ms, ServiceArgsData = ServiceArgsData{token=android.os.BinderProxy@d31c9d0 startId=110 args=Intent { act=com.google.android.chimera.container.IntentOperationService.MODULE_SPECIFIC cmp=com.google.android.gms/.chimera.GmsIntentOperationService (has extras) }}
04-20 19:19:39.814 17557 17557 W ActivityThread: serviceStart starts in 3454 ms, ServiceArgsData = ServiceArgsData{token=android.os.BinderProxy@d31c9d0 startId=111 args=Intent { act=com.google.android.chimera.container.IntentOperationService.MODULE_SPECIFIC cmp=com.google.android.gms/.chimera.GmsIntentOperationService (has extras) }}
04-20 19:19:39.820 17557 17557 W ActivityThread: serviceStart starts in 3458 ms, ServiceArgsData = ServiceArgsData{token=android.os.BinderProxy@d31c9d0 startId=112 args=Intent { act=com.google.android.chimera.container.IntentOperationService.MODULE_SPECIFIC cmp=com.google.android.gms/.chimera.GmsIntentOperationService (has extras) }}
04-20 19:19:39.826 17557 17557 W ActivityThread: serviceStart starts in 3463 ms, ServiceArgsData = ServiceArgsData{token=android.os.BinderProxy@d31c9d0 startId=113 args=Intent { act=com.google.android.chimera.container.IntentOperationService.MODULE_SPECIFIC cmp=com.google.android.gms/.chimera.GmsIntentOperationService (has extras) }}
04-20 19:19:39.832 17557 17557 W ActivityThread: serviceStart starts in 3469 ms, ServiceArgsData = ServiceArgsData{token=android.os.BinderProxy@d31c9d0 startId=114 args=Intent { act=com.google.android.chimera.container.IntentOperationService.MODULE_SPECIFIC cmp=com.google.android.gms/.chimera.GmsIntentOperationService (has extras) }}
04-20 19:19:39.846 17557 17557 W ActivityThread: serviceStart starts in 3482 ms, ServiceArgsData = ServiceArgsData{token=android.os.BinderProxy@d31c9d0 startId=115 args=Intent { act=com.google.android.chimera.container.IntentOperationService.MODULE_SPECIFIC cmp=com.google.android.gms/.chimera.GmsIntentOperationService (has extras) }}
04-20 19:19:39.850 17557 17557 W ActivityThread: serviceStart starts in 3484 ms, ServiceArgsData = ServiceArgsData{token=android.os.BinderProxy@d31c9d0 startId=116 args=Intent { act=com.google.android.chimera.container.IntentOperationService.MODULE_SPECIFIC cmp=com.google.android.gms/.chimera.GmsIntentOperationService (has extras) }}
04-20 19:19:39.861 17557 17557 W ActivityThread: serviceStart starts in 3494 ms, ServiceArgsData = ServiceArgsData{token=android.os.BinderProxy@d31c9d0 startId=117 args=Intent { act=com.google.android.chimera.container.IntentOperationService.MODULE_SPECIFIC cmp=com.google.android.gms/.chimera.GmsIntentOperationService (has extras) }}
04-20 19:19:39.872 17557 17557 W ActivityThread: serviceStart starts in 3502 ms, ServiceArgsData = ServiceArgsData{token=android.os.BinderProxy@d31c9d0 startId=118 args=Intent { act=com.google.android.chimera.container.IntentOperationService.MODULE_SPECIFIC cmp=com.google.android.gms/.chimera.GmsIntentOperationService (has extras) }}
04-20 19:19:39.880 17557 17557 W ActivityThread: serviceStart starts in 3509 ms, ServiceArgsData = ServiceArgsData{token=android.os.BinderProxy@d31c9d0 startId=119 args=Intent { act=com.google.android.chimera.container.IntentOperationService.MODULE_SPECIFIC cmp=com.google.android.gms/.chimera.GmsIntentOperationService (has extras) }}
04-20 19:19:39.884 17557 17557 W ActivityThread: serviceStart starts in 3511 ms, ServiceArgsData = ServiceArgsData{token=android.os.BinderProxy@d31c9d0 startId=120 args=Intent { act=com.google.android.chimera.container.IntentOperationService.MODULE_SPECIFIC cmp=com.google.android.gms/.chimera.GmsIntentOperationService (has extras) }}
04-20 19:19:39.893 17557 17557 W ActivityThread: serviceStart starts in 3520 ms, ServiceArgsData = ServiceArgsData{token=android.os.BinderProxy@d31c9d0 startId=121 args=Intent { act=com.google.android.chimera.container.IntentOperationService.MODULE_SPECIFIC cmp=com.google.android.gms/.chimera.GmsIntentOperationService (has extras) }}
04-20 19:19:39.902 17557 17625 D SystemConfig: Removed unavailable feature android.hardware.sensor.gyroscope
04-20 19:19:39.908 17557 17625 W SystemConfig: No directory /oem/etc/sysconfig, skipping
04-20 19:19:39.909 17557 17625 W SystemConfig: No directory /oem/etc/permissions, skipping
04-20 19:19:39.916 17557 17557 W ActivityThread: serviceStart starts in 3540 ms, ServiceArgsData = ServiceArgsData{token=android.os.BinderProxy@d31c9d0 startId=122 args=Intent { act=com.google.android.chimera.container.IntentOperationService.MODULE_SPECIFIC cmp=com.google.android.gms/.chimera.GmsIntentOperationService (has extras) }}
04-20 19:19:39.936 17557 17557 W ActivityThread: serviceStart starts in 3556 ms, ServiceArgsData = ServiceArgsData{token=android.os.BinderProxy@d31c9d0 startId=123 args=Intent { act=com.google.android.chimera.container.IntentOperationService.MODULE_SPECIFIC cmp=com.google.android.gms/.chimera.GmsIntentOperationService (has extras) }}
04-20 19:19:39.953 17557 17557 W ActivityThread: serviceStart starts in 3576 ms, ServiceArgsData = ServiceArgsData{token=android.os.BinderProxy@d31c9d0 startId=124 args=Intent { act=com.google.android.chimera.container.IntentOperationService.MODULE_SPECIFIC cmp=com.google.android.gms/.chimera.GmsIntentOperationService (has extras) }}
04-20 19:19:39.966 17557 17557 W ActivityThread: serviceStart starts in 3586 ms, ServiceArgsData = ServiceArgsData{token=android.os.BinderProxy@d31c9d0 startId=125 args=Intent { act=com.google.android.chimera.container.IntentOperationService.MODULE_SPECIFIC cmp=com.google.android.gms/.chimera.GmsIntentOperationService (has extras) }}
04-20 19:19:39.972 17557 17557 W ActivityThread: serviceStart starts in 3591 ms, ServiceArgsData = ServiceArgsData{token=android.os.BinderProxy@d31c9d0 startId=126 args=Intent { act=com.google.android.chimera.container.IntentOperationService.MODULE_SPECIFIC cmp=com.google.android.gms/.chimera.GmsIntentOperationService (has extras) }}
04-20 19:19:39.988 17557 17557 W ActivityThread: serviceStart starts in 3606 ms, ServiceArgsData = ServiceArgsData{token=android.os.BinderProxy@d31c9d0 startId=127 args=Intent { act=com.google.android.chimera.container.IntentOperationService.MODULE_SPECIFIC cmp=com.google.android.gms/.chimera.GmsIntentOperationService (has extras) }}
04-20 19:19:39.998 17557 17557 W ActivityThread: serviceStart starts in 3616 ms, ServiceArgsData = ServiceArgsData{token=android.os.BinderProxy@d31c9d0 startId=128 args=Intent { act=com.google.android.chimera.container.IntentOperationService.MODULE_SPECIFIC cmp=com.google.android.gms/.chimera.GmsIntentOperationService (has extras) }}
04-20 19:19:40.004 17557 17557 W ActivityThread: serviceStart starts in 3619 ms, ServiceArgsData = ServiceArgsData{token=android.os.BinderProxy@d31c9d0 startId=129 args=Intent { act=com.google.android.chimera.container.IntentOperationService.MODULE_SPECIFIC cmp=com.google.android.gms/.chimera.GmsIntentOperationService (has extras) }}
04-20 19:19:40.008 17557 17557 W ActivityThread: serviceStart starts in 3622 ms, ServiceArgsData = ServiceArgsData{token=android.os.BinderProxy@d31c9d0 startId=130 args=Intent { act=com.google.android.chimera.container.IntentOperationService.MODULE_SPECIFIC cmp=com.google.android.gms/.chimera.GmsIntentOperationService (has extras) }}
04-20 19:19:40.021 17557 17557 W ActivityThread: serviceStart starts in 3632 ms, ServiceArgsData = ServiceArgsData{token=android.os.BinderProxy@d31c9d0 startId=131 args=Intent { act=com.google.android.chimera.container.IntentOperationService.MODULE_SPECIFIC cmp=com.google.android.gms/.chimera.GmsIntentOperationService (has extras) }}
04-20 19:19:40.025 17557 17557 W ActivityThread: serviceStart starts in 3636 ms, ServiceArgsData = ServiceArgsData{token=android.os.BinderProxy@d31c9d0 startId=132 args=Intent { act=com.google.android.chimera.container.IntentOperationService.MODULE_SPECIFIC cmp=com.google.android.gms/.chimera.GmsIntentOperationService (has extras) }}
04-20 19:19:40.037 17557 17557 W ActivityThread: serviceStart starts in 3645 ms, ServiceArgsData = ServiceArgsData{token=android.os.BinderProxy@d31c9d0 startId=133 args=Intent { act=com.google.android.chimera.container.IntentOperationService.MODULE_SPECIFIC cmp=com.google.android.gms/.chimera.GmsIntentOperationService (has extras) }}
04-20 19:19:40.044 17557 17557 W ActivityThread: serviceStart starts in 3654 ms, ServiceArgsData = ServiceArgsData{token=android.os.BinderProxy@d31c9d0 startId=134 args=Intent { act=com.google.android.chimera.container.IntentOperationService.MODULE_SPECIFIC cmp=com.google.android.gms/.chimera.GmsIntentOperationService (has extras) }}
04-20 19:19:40.048 17557 17557 W ActivityThread: serviceStart starts in 3655 ms, ServiceArgsData = ServiceArgsData{token=android.os.BinderProxy@d31c9d0 startId=135 args=Intent { act=com.google.android.chimera.container.IntentOperationService.MODULE_SPECIFIC cmp=com.google.android.gms/.chimera.GmsIntentOperationService (has extras) }}
04-20 19:19:40.058 17557 17557 W ActivityThread: serviceStart starts in 3664 ms, ServiceArgsData = ServiceArgsData{token=android.os.BinderProxy@d31c9d0 startId=136 args=Intent { act=com.google.android.chimera.container.IntentOperationService.MODULE_SPECIFIC cmp=com.google.android.gms/.chimera.GmsIntentOperationService (has extras) }}
04-20 19:19:40.066 17557 17557 W ActivityThread: serviceStart starts in 3671 ms, ServiceArgsData = ServiceArgsData{token=android.os.BinderProxy@d31c9d0 startId=137 args=Intent { act=com.google.android.chimera.container.IntentOperationService.MODULE_SPECIFIC cmp=com.google.android.gms/.chimera.GmsIntentOperationService (has extras) }}
04-20 19:19:40.078 17557 17557 W ActivityThread: serviceStart starts in 3682 ms, ServiceArgsData = ServiceArgsData{token=android.os.BinderProxy@d31c9d0 startId=138 args=Intent { act=com.google.android.chimera.container.IntentOperationService.MODULE_SPECIFIC cmp=com.google.android.gms/.chimera.GmsIntentOperationService (has extras) }}
04-20 19:19:40.084 17557 17557 W ActivityThread: serviceStart starts in 3687 ms, ServiceArgsData = ServiceArgsData{token=android.os.BinderProxy@d31c9d0 startId=139 args=Intent { act=com.google.android.chimera.container.IntentOperationService.MODULE_SPECIFIC cmp=com.google.android.gms/.chimera.GmsIntentOperationService (has extras) }}
04-20 19:19:40.088 17557 17557 W ActivityThread: serviceStart starts in 3690 ms, ServiceArgsData = ServiceArgsData{token=android.os.BinderProxy@d31c9d0 startId=140 args=Intent { act=com.google.android.chimera.container.IntentOperationService.MODULE_SPECIFIC cmp=com.google.android.gms/.chimera.GmsIntentOperationService (has extras) }}
04-20 19:19:40.097 17557 17557 W ActivityThread: serviceStart starts in 3698 ms, ServiceArgsData = ServiceArgsData{token=android.os.BinderProxy@d31c9d0 startId=141 args=Intent { act=com.google.android.chimera.container.IntentOperationService.MODULE_SPECIFIC cmp=com.google.android.gms/.chimera.GmsIntentOperationService (has extras) }}
04-20 19:19:40.102 17557 17557 W ActivityThread: serviceStart starts in 3700 ms, ServiceArgsData = ServiceArgsData{token=android.os.BinderProxy@d31c9d0 startId=142 args=Intent { act=com.google.android.chimera.container.IntentOperationService.MODULE_SPECIFIC cmp=com.google.android.gms/.chimera.GmsIntentOperationService (has extras) }}
04-20 19:19:40.106 17557 17557 W ActivityThread: serviceStart starts in 3703 ms, ServiceArgsData = ServiceArgsData{token=android.os.BinderProxy@d31c9d0 startId=143 args=Intent { act=com.google.android.chimera.container.IntentOperationService.MODULE_SPECIFIC cmp=com.google.android.gms/.chimera.GmsIntentOperationService (has extras) }}
04-20 19:19:40.110 17557 17557 W ActivityThread: serviceStart starts in 3705 ms, ServiceArgsData = ServiceArgsData{token=android.os.BinderProxy@d31c9d0 startId=144 args=Intent { act=com.google.android.chimera.container.IntentOperationService.MODULE_SPECIFIC cmp=com.google.android.gms/.chimera.GmsIntentOperationService (has extras) }}
04-20 19:19:40.114 17557 17557 W ActivityThread: serviceStart starts in 3709 ms, ServiceArgsData = ServiceArgsData{token=android.os.BinderProxy@d31c9d0 startId=145 args=Intent { act=com.google.android.chimera.container.IntentOperationService.MODULE_SPECIFIC cmp=com.google.android.gms/.chimera.GmsIntentOperationService (has extras) }}
04-20 19:19:40.118 17557 17557 W ActivityThread: serviceStart starts in 3712 ms, ServiceArgsData = ServiceArgsData{token=android.os.BinderProxy@d31c9d0 startId=146 args=Intent { act=com.google.android.chimera.container.IntentOperationService.MODULE_SPECIFIC cmp=com.google.android.gms/.chimera.GmsIntentOperationService (has extras) }}
04-20 19:19:40.138 17557 17557 W ActivityThread: serviceStart starts in 3730 ms, ServiceArgsData = ServiceArgsData{token=android.os.BinderProxy@d31c9d0 startId=147 args=Intent { act=com.google.android.chimera.container.IntentOperationService.MODULE_SPECIFIC cmp=com.google.android.gms/.chimera.GmsIntentOperationService (has extras) }}
04-20 19:19:40.141 17557 17557 W ActivityThread: serviceStart starts in 3730 ms, ServiceArgsData = ServiceArgsData{token=android.os.BinderProxy@d31c9d0 startId=148 args=Intent { act=com.google.android.chimera.container.IntentOperationService.MODULE_SPECIFIC cmp=com.google.android.gms/.chimera.GmsIntentOperationService (has extras) }}
04-20 19:19:40.148 17557 17557 W ActivityThread: serviceStart starts in 3733 ms, ServiceArgsData = ServiceArgsData{token=android.os.BinderProxy@d31c9d0 startId=149 args=Intent { act=com.google.android.chimera.container.IntentOperationService.MODULE_SPECIFIC cmp=com.google.android.gms/.chimera.GmsIntentOperationService (has extras) }}
04-20 19:19:40.166 17557 17557 W ActivityThread: serviceStart starts in 3748 ms, ServiceArgsData = ServiceArgsData{token=android.os.BinderProxy@d31c9d0 startId=150 args=Intent { act=com.google.android.chimera.container.IntentOperationService.MODULE_SPECIFIC cmp=com.google.android.gms/.chimera.GmsIntentOperationService (has extras) }}
04-20 19:19:40.175 17557 17557 W ActivityThread: serviceStart starts in 3756 ms, ServiceArgsData = ServiceArgsData{token=android.os.BinderProxy@d31c9d0 startId=151 args=Intent { act=com.google.android.chimera.container.IntentOperationService.MODULE_SPECIFIC cmp=com.google.android.gms/.chimera.GmsIntentOperationService (has extras) }}
04-20 19:19:40.178 17557 17557 W ActivityThread: serviceStart starts in 3755 ms, ServiceArgsData = ServiceArgsData{token=android.os.BinderProxy@d31c9d0 startId=152 args=Intent { act=com.google.android.chimera.container.IntentOperationService.MODULE_SPECIFIC cmp=com.google.android.gms/.chimera.GmsIntentOperationService (has extras) }}
04-20 19:19:40.184 17557 17557 W ActivityThread: serviceStart starts in 3759 ms, ServiceArgsData = ServiceArgsData{token=android.os.BinderProxy@d31c9d0 startId=153 args=Intent { act=com.google.android.chimera.container.IntentOperationService.MODULE_SPECIFIC cmp=com.google.android.gms/.chimera.GmsIntentOperationService (has extras) }}
04-20 19:19:40.192 17557 17557 W ActivityThread: serviceStart starts in 3761 ms, ServiceArgsData = ServiceArgsData{token=android.os.BinderProxy@d31c9d0 startId=154 args=Intent { act=com.google.android.chimera.container.IntentOperationService.MODULE_SPECIFIC cmp=com.google.android.gms/.chimera.GmsIntentOperationService (has extras) }}
04-20 19:19:40.201 17557 17557 W ActivityThread: serviceStart starts in 3768 ms, ServiceArgsData = ServiceArgsData{token=android.os.BinderProxy@d31c9d0 startId=155 args=Intent { act=com.google.android.chimera.container.IntentOperationService.MODULE_SPECIFIC cmp=com.google.android.gms/.chimera.GmsIntentOperationService (has extras) }}
04-20 19:19:40.206 17557 17557 W ActivityThread: serviceStart starts in 3771 ms, ServiceArgsData = ServiceArgsData{token=android.os.BinderProxy@d31c9d0 startId=156 args=Intent { act=com.google.android.chimera.container.IntentOperationService.MODULE_SPECIFIC cmp=com.google.android.gms/.chimera.GmsIntentOperationService (has extras) }}
04-20 19:19:40.214 17557 17557 W ActivityThread: serviceStart starts in 3775 ms, ServiceArgsData = ServiceArgsData{token=android.os.BinderProxy@d31c9d0 startId=157 args=Intent { act=com.google.android.chimera.container.IntentOperationService.MODULE_SPECIFIC cmp=com.google.android.gms/.chimera.GmsIntentOperationService (has extras) }}
04-20 19:19:40.230 17557 17557 W ActivityThread: serviceStart starts in 3787 ms, ServiceArgsData = ServiceArgsData{token=android.os.BinderProxy@d31c9d0 startId=158 args=Intent { act=com.google.android.chimera.container.IntentOperationService.MODULE_SPECIFIC cmp=com.google.android.gms/.chimera.GmsIntentOperationService (has extras) }}
04-20 19:19:40.242 17557 17557 W ActivityThread: serviceStart starts in 3796 ms, ServiceArgsData = ServiceArgsData{token=android.os.BinderProxy@d31c9d0 startId=159 args=Intent { act=com.google.android.chimera.container.IntentOperationService.MODULE_SPECIFIC cmp=com.google.android.gms/.chimera.GmsIntentOperationService (has extras) }}
04-20 19:19:40.246 17557 17557 W ActivityThread: serviceStart starts in 3788 ms, ServiceArgsData = ServiceArgsData{token=android.os.BinderProxy@d31c9d0 startId=160 args=Intent { act=com.google.android.chimera.IntentOperation.NEW_MODULE cat=[targeted_intent_op_prefix:com.google.android.chimera.container.ConfigurationManager$IntentHandler] cmp=com.google.android.gms/.chimera.GmsIntentOperationService (has extras) }}
04-20 19:19:40.258 17557 17557 W ActivityThread: serviceStart starts in 3794 ms, ServiceArgsData = ServiceArgsData{token=android.os.BinderProxy@d31c9d0 startId=161 args=Intent { act=com.google.android.chimera.FileApkManager.DELETE_UNUSED_FILEAPKS pkg=com.google.android.gms }}
04-20 19:19:40.269 17557 17557 W ActivityThread: serviceCreate starts in 3778 ms, CreateServiceData = CreateServiceData{token=android.os.BinderProxy@173d325 className=com.google.android.gms.chimera.container.FileApkIntentOperation$ExternalFileApkService packageName=com.google.android.gms intent=null}
04-20 19:19:40.273 17557 17557 W ActivityThread: serviceStart starts in 3780 ms, ServiceArgsData = ServiceArgsData{token=android.os.BinderProxy@173d325 startId=1 args=Intent { act=com.google.android.gms.chimera.container.CHIMERA_LOG cmp=com.google.android.gms/.chimera.container.FileApkIntentOperation$ExternalFileApkService (has extras) }}
04-20 19:19:40.283 17557 17557 W ActivityThread: serviceStart starts in 2383 ms, ServiceArgsData = ServiceArgsData{token=android.os.BinderProxy@d31c9d0 startId=162 args=Intent { act=com.google.android.chimera.MODULE_CONFIGURATION_CHANGED flg=0x10 pkg=com.google.android.gms cmp=com.google.android.gms/.chimera.GmsIntentOperationService (has extras) }}
04-20 19:19:40.316 17557 17625 W SystemConfig: No directory /system/etc/motorola/bgintents, skipping
04-20 19:19:40.317 17557 17625 W SystemConfig: No directory /oem/etc/motorola/bgintents, skipping
04-20 19:19:40.338 17557 17625 W SystemConfig: No directory /product_services/etc/sysconfig, skipping
04-20 19:19:40.339 17557 17625 W SystemConfig: No directory /product_services/etc/permissions, skipping
04-20 19:19:40.339 17557 17625 W SystemConfig: No directory /system/etc/motorola/sysconfig, skipping
04-20 19:19:40.339 17557 17625 W SystemConfig: No directory /oem/etc/motorola/sysconfig, skipping
04-20 19:19:40.341 17557 17625 W SystemConfig: No directory /product/etc/motorola/sysconfig, skipping
04-20 19:19:41.766  1746  1791 I chatty  : uid=1000(system) PackageManager expire 68 lines
04-20 19:19:41.868  1746  2662 I chatty  : uid=1000(system) android.fg expire 6 lines
04-20 19:19:41.871  1746  2082 I chatty  : uid=1000(system) AccountManagerS expire 1 line
04-20 19:19:41.886  1746  1776 I chatty  : uid=1000(system) ActivityManager expire 21 lines
04-20 19:19:41.902  1746  1777 I chatty  : uid=1000(system) ActivityManager expire 6 lines
04-20 19:19:57.954  1746  1766 I chatty  : uid=1000(system) android.fg expire 6 lines
04-20 19:19:58.015  1746  2740 I chatty  : uid=1000(system) Binder:1746_A expire 1 line
04-20 19:19:58.069  1746  1746 I chatty  : uid=1000 system_server expire 10 lines
04-20 19:19:58.956  1746  2235 I chatty  : uid=1000(system) Binder:1746_4 expire 5 lines
04-20 19:20:20.360  1746  2064 I chatty  : uid=1000(system) UEventObserver expire 1 line
04-20 19:20:20.373  1746  3338 I chatty  : uid=1000(system) backup-0 expire 4 lines
04-20 19:20:20.415  1746  1775 I chatty  : uid=1000(system) android.bg expire 2 lines
04-20 19:20:34.792 17717 17717 W ActivityThread: serviceCreate starts in 14424 ms, CreateServiceData = CreateServiceData{token=android.os.BinderProxy@82ce57a className=com.google.android.apps.gsa.tasks.BackgroundTasksJobService packageName=com.google.android.googlequicksearchbox intent=null}
04-20 19:20:34.861  1746  2251 I chatty  : uid=1000(system) ConnectivitySer expire 6 lines
04-20 19:20:34.888 17704 17704 W ActivityThread: serviceCreate starts in 36871 ms, CreateServiceData = CreateServiceData{token=android.os.BinderProxy@d0d265 className=com.google.android.location.geocode.GeocodeService packageName=com.google.android.gms intent=null}
04-20 19:20:34.901  1746  2622 I chatty  : uid=1000(system) IzatProvider expire 2 lines
04-20 19:20:34.908 17704 17704 W ActivityThread: serviceCreate starts in 36870 ms, CreateServiceData = CreateServiceData{token=android.os.BinderProxy@28813c7 className=com.google.android.location.internal.GoogleLocationManagerService packageName=com.google.android.gms intent=null}
04-20 19:20:34.915 17686 17686 W ActivityThread: serviceCreate lasts for 14475 ms, CreateServiceData = CreateServiceData{token=android.os.BinderProxy@49dc6d7 className=com.google.android.gms.backup.BackupTransportService packageName=com.google.android.gms intent=null}
04-20 19:20:34.922  1746  1746 I chatty  : uid=1000 system_server expire 3 lines
04-20 19:20:35.037 17704 17704 W ActivityThread: serviceCreate starts in 36979 ms, CreateServiceData = CreateServiceData{token=android.os.BinderProxy@9527add className=com.google.android.location.internal.server.HardwareArProviderService packageName=com.google.android.gms intent=null}
04-20 19:20:35.048 17704 17704 W ActivityThread: serviceCreate starts in 36964 ms, CreateServiceData = CreateServiceData{token=android.os.BinderProxy@e785220 className=com.google.android.location.fused.FusedLocationService packageName=com.google.android.gms intent=null}
04-20 19:20:35.052 17704 17704 W ActivityThread: serviceCreate starts in 36964 ms, CreateServiceData = CreateServiceData{token=android.os.BinderProxy@700e7d9 className=com.google.android.location.geocode.GeocodeService packageName=com.google.android.gms intent=null}
04-20 19:20:35.070 17704 17704 W ActivityThread: serviceCreate starts in 36978 ms, CreateServiceData = CreateServiceData{token=android.os.BinderProxy@9e0704c className=com.google.android.location.internal.GoogleLocationManagerService packageName=com.google.android.gms intent=null}
04-20 19:20:35.138 17704 17704 W ActivityThread: serviceCreate starts in 36285 ms, CreateServiceData = CreateServiceData{token=android.os.BinderProxy@eac1bd6 className=com.google.android.location.internal.server.HardwareArProviderService packageName=com.google.android.gms intent=null}
04-20 19:20:35.140 17704 17704 W ActivityThread: serviceCreate starts in 36247 ms, CreateServiceData = CreateServiceData{token=android.os.BinderProxy@2a2fe2d className=com.google.android.gms.chimera.PersistentBoundBrokerService packageName=com.google.android.gms intent=null}
04-20 19:20:35.187 17704 17704 W ActivityThread: serviceCreate starts in 35977 ms, CreateServiceData = CreateServiceData{token=android.os.BinderProxy@3e77c3f className=com.google.android.gms.chimera.PersistentDirectBootAwareApiService packageName=com.google.android.gms intent=null}
04-20 19:20:35.207  1746  1776 I chatty  : uid=1000(system) ActivityManager expire 7 lines
04-20 19:20:44.826 17704 17704 W ActivityThread: serviceCreate starts in 24369 ms, CreateServiceData = CreateServiceData{token=android.os.BinderProxy@8d45cd3 className=com.google.android.gms.chimera.PersistentApiService packageName=com.google.android.gms intent=null}
04-20 19:20:44.834 17686 17686 W ActivityThread: serviceCreate lasts for 9629 ms, CreateServiceData = CreateServiceData{token=android.os.BinderProxy@fa5f5c className=com.google.android.gms.chimera.GmsIntentOperationService packageName=com.google.android.gms intent=null}
04-20 19:20:44.836 17686 17686 W ActivityThread: serviceStart starts in 9631 ms, ServiceArgsData = ServiceArgsData{token=android.os.BinderProxy@fa5f5c startId=1 args=Intent { act=com.google.android.gms.vision.service.DOWNLOAD cat=[targeted_intent_op_prefix:.vision.service.operation.DownloadDependencyOperation] cmp=com.google.android.gms/.chimera.GmsIntentOperationService (has extras) }}
04-20 19:20:44.908 17704 17704 W ActivityThread: serviceStart starts in 9997 ms, ServiceArgsData = ServiceArgsData{token=android.os.BinderProxy@9e0704c startId=1 args=Intent { cmp=com.google.android.gms/com.google.android.location.internal.GoogleLocationManagerService (has extras) }}
04-20 19:20:44.909 17704 17704 W ActivityThread: serviceCreate starts in 9956 ms, CreateServiceData = CreateServiceData{token=android.os.BinderProxy@4e60010 className=com.google.android.gms.chimera.PersistentIntentOperationService packageName=com.google.android.gms intent=null}
04-20 19:20:44.922 17704 17704 W ActivityThread: serviceStart starts in 9968 ms, ServiceArgsData = ServiceArgsData{token=android.os.BinderProxy@4e60010 startId=1 args=Intent { act=com.google.android.gms.backup.BACKUP_ACCOUNT_NEEDED_NOTIFICATION cat=[targeted_intent_op_prefix:.backup.base.BackupAccountNotifierIntentOperation] cmp=com.google.android.gms/.chimera.PersistentIntentOperationService (has extras) }}
04-20 19:20:44.922 17704 17704 W ActivityThread: serviceStart starts in 9969 ms, ServiceArgsData = ServiceArgsData{token=android.os.BinderProxy@9e0704c startId=2 args=Intent { cmp=com.google.android.gms/com.google.android.location.internal.GoogleLocationManagerService (has extras) }}
04-20 19:20:44.930 17704 17704 W ActivityThread: serviceStart starts in 9961 ms, ServiceArgsData = ServiceArgsData{token=android.os.BinderProxy@9e0704c startId=3 args=Intent { cmp=com.google.android.gms/com.google.android.location.internal.GoogleLocationManagerService (has extras) }}
04-20 19:20:44.932 17704 17704 W ActivityThread: serviceCreate starts in 9898 ms, CreateServiceData = CreateServiceData{token=android.os.BinderProxy@2b0dd7d className=com.google.android.location.internal.server.GoogleLocationService packageName=com.google.android.gms intent=null}
04-20 19:20:44.949  1746  1784 I chatty  : uid=1000(system) PowerManagerSer expire 4 lines
04-20 19:20:44.950  1746  2444 I chatty  : uid=1000(system) Binder:1746_7 expire 3 lines
04-20 19:20:44.950  1746  1767 I chatty  : uid=1000(system) android.ui expire 2 lines
04-20 19:20:44.969  1746  1769 I chatty  : uid=1000(system) android.display expire 2 lines
04-20 19:20:45.124 17704 17704 W ActivityThread: serviceStart starts in 10089 ms, ServiceArgsData = ServiceArgsData{token=android.os.BinderProxy@2b0dd7d startId=1 args=Intent { act=com.google.android.location.internal.GMS_NLP pkg=com.google.android.gms (has extras) }}
04-20 19:20:45.125 17704 17704 W ActivityThread: serviceStart starts in 10088 ms, ServiceArgsData = ServiceArgsData{token=android.os.BinderProxy@2b0dd7d startId=2 args=Intent { act=com.google.android.location.internal.GMS_NLP pkg=com.google.android.gms (has extras) }}
04-20 19:20:45.134  1746  2396 I chatty  : uid=1000(system) Binder:1746_6 expire 6 lines
04-20 19:20:45.141 17704 17704 W ActivityThread: serviceStart starts in 10102 ms, ServiceArgsData = ServiceArgsData{token=android.os.BinderProxy@2b0dd7d startId=3 args=Intent { act=com.google.android.location.internal.GMS_NLP pkg=com.google.android.gms (has extras) }}
04-20 19:20:45.143 17704 17704 W ActivityThread: serviceStart starts in 10102 ms, ServiceArgsData = ServiceArgsData{token=android.os.BinderProxy@2b0dd7d startId=4 args=Intent { act=com.google.android.location.internal.GMS_NLP pkg=com.google.android.gms (has extras) }}
04-20 19:20:45.146 17704 17704 W ActivityThread: serviceStart starts in 10074 ms, ServiceArgsData = ServiceArgsData{token=android.os.BinderProxy@9e0704c startId=4 args=Intent { cmp=com.google.android.gms/com.google.android.location.internal.GoogleLocationManagerService (has extras) }}
04-20 19:20:45.147 17704 17704 W ActivityThread: serviceStart starts in 10071 ms, ServiceArgsData = ServiceArgsData{token=android.os.BinderProxy@2b0dd7d startId=5 args=Intent { act=com.google.android.location.internal.GMS_NLP pkg=com.google.android.gms (has extras) }}
04-20 19:20:45.148  1746  2739 I chatty  : uid=1000(system) Binder:1746_9 expire 6 lines
04-20 19:20:45.151  1746  2557 I chatty  : uid=1000(system) Binder:1746_8 expire 7 lines
04-20 19:20:45.153 17704 17704 W ActivityThread: serviceStart starts in 10076 ms, ServiceArgsData = ServiceArgsData{token=android.os.BinderProxy@2b0dd7d startId=6 args=Intent { act=com.google.android.location.internal.GMS_NLP pkg=com.google.android.gms (has extras) }}
04-20 19:20:45.155 17704 17704 W ActivityThread: serviceStart starts in 10075 ms, ServiceArgsData = ServiceArgsData{token=android.os.BinderProxy@2b0dd7d startId=7 args=Intent { act=com.google.android.location.internal.GMS_NLP pkg=com.google.android.gms (has extras) }}
04-20 19:20:45.156 17704 17704 W ActivityThread: serviceStart starts in 10060 ms, ServiceArgsData = ServiceArgsData{token=android.os.BinderProxy@9e0704c startId=5 args=Intent { cmp=com.google.android.gms/com.google.android.location.internal.GoogleLocationManagerService (has extras) }}
04-20 19:20:45.156 17704 17704 W ActivityThread: serviceStart starts in 10055 ms, ServiceArgsData = ServiceArgsData{token=android.os.BinderProxy@2b0dd7d startId=8 args=Intent { act=com.google.android.location.internal.GMS_NLP pkg=com.google.android.gms (has extras) }}
04-20 19:20:45.165 17704 17704 W ActivityThread: serviceStart starts in 10062 ms, ServiceArgsData = ServiceArgsData{token=android.os.BinderProxy@2b0dd7d startId=9 args=Intent { act=com.google.android.location.internal.GMS_NLP pkg=com.google.android.gms (has extras) }}
04-20 19:20:45.166 17704 17704 W ActivityThread: serviceStart starts in 10062 ms, ServiceArgsData = ServiceArgsData{token=android.os.BinderProxy@2b0dd7d startId=10 args=Intent { act=com.google.android.location.internal.GMS_NLP pkg=com.google.android.gms (has extras) }}
04-20 19:20:45.168 17704 17704 W ActivityThread: serviceStart starts in 10058 ms, ServiceArgsData = ServiceArgsData{token=android.os.BinderProxy@9e0704c startId=6 args=Intent { cmp=com.google.android.gms/com.google.android.location.internal.GoogleLocationManagerService (has extras) }}
