04-22 10:33:50.172  2449  3312 I QCNEJ/NativeHalConnector: -> SND notifyWlanStaStatusChanged([WlanStaInfo]: wifiSwitchState = 1 rssi = -54 ssid = Jasmine bssid = b0:39:56:5a:37:40 dnsInfo = 192.168.1.1;0.0.0.0;0.0.0.0;0.0.0.0; freqBand = _2GHz countryCode = us[RatInfo]: networkType = 1 subType = 101 networkState = CONNECTED netHdl = 432902426637 ipAddrV4 = 192.168.1.67 ipAddrV6 =  ifNameV4 = wlan0 ifNameV6 =  slotIdx = 0 isAndroidValidated = true) timeStamp = 2021-04-22 10:33:50.172
04-22 10:33:50.187  2506  2733 E PhoneInterfaceManager: [PhoneIntfMgr] getCarrierPrivilegeStatus: No UICC
04-22 10:33:50.188  2764  3687 I CarrierServices: [99] car.a: FiST: Wifi connectivity status true
04-22 10:33:50.190  2764  4153 I CarrierServices: [127] awv.handleMessage: RCS is disabled, skipping config update request
04-22 10:33:50.190  2764  4146 I CarrierServices: [125] chy.a: (PEv2-SM): DisabledState: event Connectivity event
04-22 10:33:50.190  2764  3687 I CarrierServices: [99] cay.d: Connected state: [1], networkType: [WIFI]
04-22 10:33:50.198  2506  2733 E PhoneInterfaceManager: [PhoneIntfMgr] getCarrierPrivilegeStatus: No UICC
04-22 10:33:51.185     0     0 W swapper/0: type=1400 audit(0.0:2320): avc: denied { kill } for uid=0 capability=5 scontext=u:r:kernel:s0 tcontext=u:r:kernel:s0 tclass=capability permissive=0
04-22 10:33:56.312  2449  3312 D QCNEJ/WlanStaInfoRelay: Received action: android.net.wifi.RSSI_CHANGED
04-22 10:33:56.313  2449  3312 I QCNEJ/NativeHalConnector: -> SND notifyWlanStaStatusChanged([WlanStaInfo]: wifiSwitchState = 1 rssi = -56 ssid = Jasmine bssid = b0:39:56:5a:37:40 dnsInfo = 192.168.1.1;0.0.0.0;0.0.0.0;0.0.0.0; freqBand = _2GHz countryCode = us[RatInfo]: networkType = 1 subType = 101 networkState = CONNECTED netHdl = 432902426637 ipAddrV4 = 192.168.1.67 ipAddrV6 =  ifNameV4 = wlan0 ifNameV6 =  slotIdx = 0 isAndroidValidated = true) timeStamp = 2021-04-22 10:33:56.312
04-22 10:33:56.320  2506  2733 E PhoneInterfaceManager: [PhoneIntfMgr] getCarrierPrivilegeStatus: No UICC
04-22 10:33:56.323  2764  3687 I CarrierServices: [99] car.a: FiST: Wifi connectivity status true
04-22 10:33:56.325  2764  4153 I CarrierServices: [127] awv.handleMessage: RCS is disabled, skipping config update request
04-22 10:33:56.325  2764  4146 I CarrierServices: [125] chy.a: (PEv2-SM): DisabledState: event Connectivity event
04-22 10:33:56.326  2764  3687 I CarrierServices: [99] cay.d: Connected state: [1], networkType: [WIFI]
04-22 10:33:56.329  2506  2733 E PhoneInterfaceManager: [PhoneIntfMgr] getCarrierPrivilegeStatus: No UICC
04-22 10:34:00.037  2315  2315 W View    : requestLayout() improperly called by com.android.systemui.statusbar.HeadsUpStatusBarView{aa901f7 I.E...... ......ID 0,0-248,56 #7f0a01f7 app:id/heads_up_status_bar_view} during layout: running second layout pass
04-22 10:34:01.185     0     0 W swapper/1: type=1400 audit(0.0:2321): avc: denied { kill } for uid=0 capability=5 scontext=u:r:kernel:s0 tcontext=u:r:kernel:s0 tclass=capability permissive=0
04-22 10:34:02.428  2449  3312 D QCNEJ/WlanStaInfoRelay: Received action: android.net.wifi.RSSI_CHANGED
04-22 10:34:02.428  2449  3312 I QCNEJ/NativeHalConnector: -> SND notifyWlanStaStatusChanged([WlanStaInfo]: wifiSwitchState = 1 rssi = -54 ssid = Jasmine bssid = b0:39:56:5a:37:40 dnsInfo = 192.168.1.1;0.0.0.0;0.0.0.0;0.0.0.0; freqBand = _2GHz countryCode = us[RatInfo]: networkType = 1 subType = 101 networkState = CONNECTED netHdl = 432902426637 ipAddrV4 = 192.168.1.67 ipAddrV6 =  ifNameV4 = wlan0 ifNameV6 =  slotIdx = 0 isAndroidValidated = true) timeStamp = 2021-04-22 10:34:02.428
04-22 10:34:02.435  2506  2733 E PhoneInterfaceManager: [PhoneIntfMgr] getCarrierPrivilegeStatus: No UICC
04-22 10:34:02.437  2764  3687 I CarrierServices: [99] car.a: FiST: Wifi connectivity status true
04-22 10:34:02.440  2764  4153 I CarrierServices: [127] awv.handleMessage: RCS is disabled, skipping config update request
04-22 10:34:02.448  2764  3687 I CarrierServices: [99] cay.d: Connected state: [1], networkType: [WIFI]
04-22 10:34:02.448  2764  4146 I CarrierServices: [125] chy.a: (PEv2-SM): DisabledState: event Connectivity event
04-22 10:34:02.451  2506  2733 E PhoneInterfaceManager: [PhoneIntfMgr] getCarrierPrivilegeStatus: No UICC
04-22 10:34:08.563  2449  3312 D QCNEJ/WlanStaInfoRelay: Received action: android.net.wifi.RSSI_CHANGED
04-22 10:34:08.564  2449  3312 I QCNEJ/NativeHalConnector: -> SND notifyWlanStaStatusChanged([WlanStaInfo]: wifiSwitchState = 1 rssi = -56 ssid = Jasmine bssid = b0:39:56:5a:37:40 dnsInfo = 192.168.1.1;0.0.0.0;0.0.0.0;0.0.0.0; freqBand = _2GHz countryCode = us[RatInfo]: networkType = 1 subType = 101 networkState = CONNECTED netHdl = 432902426637 ipAddrV4 = 192.168.1.67 ipAddrV6 =  ifNameV4 = wlan0 ifNameV6 =  slotIdx = 0 isAndroidValidated = true) timeStamp = 2021-04-22 10:34:08.563
04-22 10:34:08.564  2506  2733 E PhoneInterfaceManager: [PhoneIntfMgr] getCarrierPrivilegeStatus: No UICC
04-22 10:34:08.566  2764  3687 I CarrierServices: [99] car.a: FiST: Wifi connectivity status true
04-22 10:34:08.567  2764  4153 I CarrierServices: [127] awv.handleMessage: RCS is disabled, skipping config update request
04-22 10:34:08.567  2764  4146 I CarrierServices: [125] chy.a: (PEv2-SM): DisabledState: event Connectivity event
04-22 10:34:08.568  2764  3687 I CarrierServices: [99] cay.d: Connected state: [1], networkType: [WIFI]
04-22 10:34:08.573  2506  2733 E PhoneInterfaceManager: [PhoneIntfMgr] getCarrierPrivilegeStatus: No UICC
04-22 10:34:11.189     0     0 W swapper/0: type=1400 audit(0.0:2322): avc: denied { kill } for uid=0 capability=5 scontext=u:r:kernel:s0 tcontext=u:r:kernel:s0 tclass=capability permissive=0
04-22 10:34:16.767  1746  2064 D BatteryService: uevent={POWER_SUPPLY_DP_DM=0, POWER_SUPPLY_VOLTAGE_NOW=3967285, POWER_SUPPLY_SW_JEITA_ENABLED=0, POWER_SUPPLY_CHARGE_CONTROL_LIMIT_MAX=8, POWER_SUPPLY_RECHARGE_SOC=99, POWER_SUPPLY_HEALTH=Good, POWER_SUPPLY_TECHNOLOGY=Li-ion, POWER_SUPPLY_FCC_STEPPER_ENABLE=0, SEQNUM=616946, POWER_SUPPLY_INPUT_CURRENT_LIMITED=0, POWER_SUPPLY_CHARGE_CONTROL_LIMIT=0, POWER_SUPPLY_BATTERY_CHARGING_ENABLED=1, POWER_SUPPLY_STATUS=Discharging, POWER_SUPPLY_CYCLE_COUNT=1, POWER_SUPPLY_CURRENT_MAX=2000000, POWER_SUPPLY_CHARGE_TERM_CURRENT=-101, POWER_SUPPLY_CAPACITY=67, DEVPATH=/devices/platform/soc/200f000.qcom,spmi/spmi-0/spmi0-02/200f000.qcom,spmi:qcom,pmi632@2:qcom,qpnp-smb5/power_supply/battery, POWER_SUPPLY_CHARGE_DONE=0, POWER_SUPPLY_CHARGE_TYPE=N/A, POWER_SUPPLY_CHARGE_RATE=None, POWER_SUPPLY_CURRENT_NOW=-182342, POWER_SUPPLY_SYSTEM_TEMP_LEVEL=0, POWER_SUPPLY_PRESENT=1, POWER_SUPPLY_PARALLEL_DISABLE=0, POWER_SUPPLY_CHARGE_FULL=3615000, SUBSYSTEM=power_supply, POWER_SUPPLY_SET_SHIP_MODE=0, POWER_SUPPLY_TEMP=239, ACTION=change, POWER_SUPPLY_RERUN_AICL=0, POWER_SUPPLY_AGE=100, POWER_SUPPLY_NAME=battery, POWER_SUPPLY_VOLTAGE_MAX=-22, POWER_SUPPLY_CONSTANT_CHARGE_CURRENT_MAX=2000000, POWER_SUPPLY_CHARGE_COUNTER=2422050, POWER_SUPPLY_STEP_CHARGING_ENABLED=0, POWER_SUPPLY_NUM_SYSTEM_TEMP_LEVELS=8, POWER_SUPPLY_DIE_HEALTH=Hot, POWER_SUPPLY_INPUT_SUSPEND=0}
04-22 10:34:16.793  2506  2506 D QtiCarrierConfigHelper: WARNING, no carrier configs on phone Id: 0
04-22 10:34:20.838  2449  3312 D QCNEJ/WlanStaInfoRelay: Received action: android.net.wifi.RSSI_CHANGED
04-22 10:34:20.839  2449  3312 I QCNEJ/NativeHalConnector: -> SND notifyWlanStaStatusChanged([WlanStaInfo]: wifiSwitchState = 1 rssi = -54 ssid = Jasmine bssid = b0:39:56:5a:37:40 dnsInfo = 192.168.1.1;0.0.0.0;0.0.0.0;0.0.0.0; freqBand = _2GHz countryCode = us[RatInfo]: networkType = 1 subType = 101 networkState = CONNECTED netHdl = 432902426637 ipAddrV4 = 192.168.1.67 ipAddrV6 =  ifNameV4 = wlan0 ifNameV6 =  slotIdx = 0 isAndroidValidated = true) timeStamp = 2021-04-22 10:34:20.838
04-22 10:34:20.845  2506  2733 E PhoneInterfaceManager: [PhoneIntfMgr] getCarrierPrivilegeStatus: No UICC
04-22 10:34:20.847  2764  3687 I CarrierServices: [99] car.a: FiST: Wifi connectivity status true
04-22 10:34:20.848  2764  4153 I CarrierServices: [127] awv.handleMessage: RCS is disabled, skipping config update request
04-22 10:34:20.849  2764  4146 I CarrierServices: [125] chy.a: (PEv2-SM): DisabledState: event Connectivity event
04-22 10:34:20.850  2764  3687 I CarrierServices: [99] cay.d: Connected state: [1], networkType: [WIFI]
04-22 10:34:20.853  2506  2733 E PhoneInterfaceManager: [PhoneIntfMgr] getCarrierPrivilegeStatus: No UICC
04-22 10:34:21.192     0     0 W swapper/1: type=1400 audit(0.0:2323): avc: denied { kill } for uid=0 capability=5 scontext=u:r:kernel:s0 tcontext=u:r:kernel:s0 tclass=capability permissive=0
04-22 10:34:29.020  1746  1765 D WificondControl: Scan result ready event
04-22 10:34:31.195     0     0 W swapper/0: type=1400 audit(0.0:2324): avc: denied { kill } for uid=0 capability=5 scontext=u:r:kernel:s0 tcontext=u:r:kernel:s0 tclass=capability permissive=0
04-22 10:34:34.744  3191  3767 I chatty  : uid=10157(com.google.android.gms) lowpool[3] expire 2 lines
04-22 10:34:36.138  2449  3312 D QCNEJ/WlanStaInfoRelay: Received action: android.net.wifi.RSSI_CHANGED
04-22 10:34:36.139  2449  3312 I QCNEJ/NativeHalConnector: -> SND notifyWlanStaStatusChanged([WlanStaInfo]: wifiSwitchState = 1 rssi = -58 ssid = Jasmine bssid = b0:39:56:5a:37:40 dnsInfo = 192.168.1.1;0.0.0.0;0.0.0.0;0.0.0.0; freqBand = _2GHz countryCode = us[RatInfo]: networkType = 1 subType = 101 networkState = CONNECTED netHdl = 432902426637 ipAddrV4 = 192.168.1.67 ipAddrV6 =  ifNameV4 = wlan0 ifNameV6 =  slotIdx = 0 isAndroidValidated = true) timeStamp = 2021-04-22 10:34:36.138
04-22 10:34:36.153  2506   540 E PhoneInterfaceManager: [PhoneIntfMgr] getCarrierPrivilegeStatus: No UICC
04-22 10:34:36.156  2764  3687 I CarrierServices: [99] car.a: FiST: Wifi connectivity status true
04-22 10:34:36.158  2764  4153 I CarrierServices: [127] awv.handleMessage: RCS is disabled, skipping config update request
04-22 10:34:36.159  2764  4146 I CarrierServices: [125] chy.a: (PEv2-SM): DisabledState: event Connectivity event
04-22 10:34:36.162  2764  3687 I CarrierServices: [99] cay.d: Connected state: [1], networkType: [WIFI]
04-22 10:34:36.165  2506   540 E PhoneInterfaceManager: [PhoneIntfMgr] getCarrierPrivilegeStatus: No UICC
04-22 10:34:41.199     0     0 W swapper/1: type=1400 audit(0.0:2325): avc: denied { kill } for uid=0 capability=5 scontext=u:r:kernel:s0 tcontext=u:r:kernel:s0 tclass=capability permissive=0
04-22 10:34:42.294  2449  3312 D QCNEJ/WlanStaInfoRelay: Received action: android.net.wifi.RSSI_CHANGED
04-22 10:34:42.295  2449  3312 I QCNEJ/NativeHalConnector: -> SND notifyWlanStaStatusChanged([WlanStaInfo]: wifiSwitchState = 1 rssi = -52 ssid = Jasmine bssid = b0:39:56:5a:37:40 dnsInfo = 192.168.1.1;0.0.0.0;0.0.0.0;0.0.0.0; freqBand = _2GHz countryCode = us[RatInfo]: networkType = 1 subType = 101 networkState = CONNECTED netHdl = 432902426637 ipAddrV4 = 192.168.1.67 ipAddrV6 =  ifNameV4 = wlan0 ifNameV6 =  slotIdx = 0 isAndroidValidated = true) timeStamp = 2021-04-22 10:34:42.294
04-22 10:34:42.305  2506   540 E PhoneInterfaceManager: [PhoneIntfMgr] getCarrierPrivilegeStatus: No UICC
04-22 10:34:42.307  2764  3687 I CarrierServices: [99] car.a: FiST: Wifi connectivity status true
04-22 10:34:42.308  2764  4153 I CarrierServices: [127] awv.handleMessage: RCS is disabled, skipping config update request
04-22 10:34:42.309  2764  4146 I CarrierServices: [125] chy.a: (PEv2-SM): DisabledState: event Connectivity event
04-22 10:34:42.309  2764  3687 I CarrierServices: [99] cay.d: Connected state: [1], networkType: [WIFI]
04-22 10:34:42.312  2506   540 E PhoneInterfaceManager: [PhoneIntfMgr] getCarrierPrivilegeStatus: No UICC
04-22 10:34:43.459 20079 28698 I chatty  : uid=10157(com.google.android.gms) expire 2 lines
04-22 10:34:45.376  2449  3312 D QCNEJ/WlanStaInfoRelay: Received action: android.net.wifi.RSSI_CHANGED
04-22 10:34:45.376  2449  3312 I QCNEJ/NativeHalConnector: -> SND notifyWlanStaStatusChanged([WlanStaInfo]: wifiSwitchState = 1 rssi = -56 ssid = Jasmine bssid = b0:39:56:5a:37:40 dnsInfo = 192.168.1.1;0.0.0.0;0.0.0.0;0.0.0.0; freqBand = _2GHz countryCode = us[RatInfo]: networkType = 1 subType = 101 networkState = CONNECTED netHdl = 432902426637 ipAddrV4 = 192.168.1.67 ipAddrV6 =  ifNameV4 = wlan0 ifNameV6 =  slotIdx = 0 isAndroidValidated = true) timeStamp = 2021-04-22 10:34:45.376
04-22 10:34:45.390  2506   540 E PhoneInterfaceManager: [PhoneIntfMgr] getCarrierPrivilegeStatus: No UICC
04-22 10:34:45.392  2764  3687 I CarrierServices: [99] car.a: FiST: Wifi connectivity status true
04-22 10:34:45.394  2764  4153 I CarrierServices: [127] awv.handleMessage: RCS is disabled, skipping config update request
04-22 10:34:45.395  2764  3687 I CarrierServices: [99] cay.d: Connected state: [1], networkType: [WIFI]
04-22 10:34:45.396  2764  4146 I CarrierServices: [125] chy.a: (PEv2-SM): DisabledState: event Connectivity event
04-22 10:34:45.401  2506  2733 E PhoneInterfaceManager: [PhoneIntfMgr] getCarrierPrivilegeStatus: No UICC
04-22 10:34:45.569 17704 25155 I chatty  : uid=10157(com.google.android.gms) lowpool[159] expire 2 lines
04-22 10:34:48.463  2449  3312 D QCNEJ/WlanStaInfoRelay: Received action: android.net.wifi.RSSI_CHANGED
04-22 10:34:48.464  2449  3312 I QCNEJ/NativeHalConnector: -> SND notifyWlanStaStatusChanged([WlanStaInfo]: wifiSwitchState = 1 rssi = -54 ssid = Jasmine bssid = b0:39:56:5a:37:40 dnsInfo = 192.168.1.1;0.0.0.0;0.0.0.0;0.0.0.0; freqBand = _2GHz countryCode = us[RatInfo]: networkType = 1 subType = 101 networkState = CONNECTED netHdl = 432902426637 ipAddrV4 = 192.168.1.67 ipAddrV6 =  ifNameV4 = wlan0 ifNameV6 =  slotIdx = 0 isAndroidValidated = true) timeStamp = 2021-04-22 10:34:48.463
04-22 10:34:48.482  2506  2733 E PhoneInterfaceManager: [PhoneIntfMgr] getCarrierPrivilegeStatus: No UICC
04-22 10:34:48.486  2764  3687 I CarrierServices: [99] car.a: FiST: Wifi connectivity status true
04-22 10:34:48.488  2764  4153 I CarrierServices: [127] awv.handleMessage: RCS is disabled, skipping config update request
04-22 10:34:48.488  2764  4146 I CarrierServices: [125] chy.a: (PEv2-SM): DisabledState: event Connectivity event
04-22 10:34:48.488  2764  3687 I CarrierServices: [99] cay.d: Connected state: [1], networkType: [WIFI]
04-22 10:34:48.496  2506  2733 E PhoneInterfaceManager: [PhoneIntfMgr] getCarrierPrivilegeStatus: No UICC
04-22 10:34:51.202     0     0 W swapper/0: type=1400 audit(0.0:2326): avc: denied { kill } for uid=0 capability=5 scontext=u:r:kernel:s0 tcontext=u:r:kernel:s0 tclass=capability permissive=0
04-22 10:35:00.029  2315  2315 W View    : requestLayout() improperly called by com.android.systemui.statusbar.HeadsUpStatusBarView{aa901f7 I.E...... ......ID 0,0-248,56 #7f0a01f7 app:id/heads_up_status_bar_view} during layout: running second layout pass
04-22 10:35:01.205     0     0 W swapper/2: type=1400 audit(0.0:2327): avc: denied { kill } for uid=0 capability=5 scontext=u:r:kernel:s0 tcontext=u:r:kernel:s0 tclass=capability permissive=0
04-22 10:35:07.478   806  1081 W qti_sensors_hal: processReportInd: lux: 53, ch0: 176, ch1: 391
04-22 10:35:11.209     0     0 W swapper/0: type=1400 audit(0.0:2328): avc: denied { kill } for uid=0 capability=5 scontext=u:r:kernel:s0 tcontext=u:r:kernel:s0 tclass=capability permissive=0
04-22 10:35:15.168   806  1081 W qti_sensors_hal: processReportInd: lux: 34, ch0: 123, ch1: 386
04-22 10:35:15.547   806  1081 W qti_sensors_hal: processReportInd: lux: 54, ch0: 179, ch1: 388
04-22 10:35:18.206  1746  2064 D BatteryService: uevent={POWER_SUPPLY_DP_DM=0, POWER_SUPPLY_VOLTAGE_NOW=3962420, POWER_SUPPLY_SW_JEITA_ENABLED=0, POWER_SUPPLY_CHARGE_CONTROL_LIMIT_MAX=8, POWER_SUPPLY_RECHARGE_SOC=99, POWER_SUPPLY_HEALTH=Good, POWER_SUPPLY_TECHNOLOGY=Li-ion, POWER_SUPPLY_FCC_STEPPER_ENABLE=0, SEQNUM=617068, POWER_SUPPLY_INPUT_CURRENT_LIMITED=0, POWER_SUPPLY_CHARGE_CONTROL_LIMIT=0, POWER_SUPPLY_BATTERY_CHARGING_ENABLED=1, POWER_SUPPLY_STATUS=Discharging, POWER_SUPPLY_CYCLE_COUNT=1, POWER_SUPPLY_CURRENT_MAX=2000000, POWER_SUPPLY_CHARGE_TERM_CURRENT=-101, POWER_SUPPLY_CAPACITY=67, DEVPATH=/devices/platform/soc/200f000.qcom,spmi/spmi-0/spmi0-02/200f000.qcom,spmi:qcom,pmi632@2:qcom,qpnp-smb5/power_supply/battery, POWER_SUPPLY_CHARGE_DONE=0, POWER_SUPPLY_CHARGE_TYPE=N/A, POWER_SUPPLY_CHARGE_RATE=None, POWER_SUPPLY_CURRENT_NOW=-216369, POWER_SUPPLY_SYSTEM_TEMP_LEVEL=0, POWER_SUPPLY_PRESENT=1, POWER_SUPPLY_PARALLEL_DISABLE=0, POWER_SUPPLY_CHARGE_FULL=3615000, SUBSYSTEM=power_supply, POWER_SUPPLY_SET_SHIP_MODE=0, POWER_SUPPLY_TEMP=239, ACTION=change, POWER_SUPPLY_RERUN_AICL=0, POWER_SUPPLY_AGE=100, POWER_SUPPLY_NAME=battery, POWER_SUPPLY_VOLTAGE_MAX=-22, POWER_SUPPLY_CONSTANT_CHARGE_CURRENT_MAX=2000000, POWER_SUPPLY_CHARGE_COUNTER=2422050, POWER_SUPPLY_STEP_CHARGING_ENABLED=0, POWER_SUPPLY_NUM_SYSTEM_TEMP_LEVELS=8, POWER_SUPPLY_DIE_HEALTH=Hot, POWER_SUPPLY_INPUT_SUSPEND=0}
04-22 10:35:18.222  2506  2506 D QtiCarrierConfigHelper: WARNING, no carrier configs on phone Id: 0
04-22 10:35:21.212     0     0 W swapper/1: type=1400 audit(0.0:2329): avc: denied { kill } for uid=0 capability=5 scontext=u:r:kernel:s0 tcontext=u:r:kernel:s0 tclass=capability permissive=0
04-22 10:35:51.219     0     0 W swapper/0: type=1400 audit(0.0:2332): avc: denied { kill } for uid=0 capability=5 scontext=u:r:kernel:s0 tcontext=u:r:kernel:s0 tclass=capability permissive=0
04-22 10:35:52.471  1746  2828 D WificondControl: Scan result ready event
04-22 10:36:00.032  2315  2315 W View    : requestLayout() improperly called by com.android.systemui.statusbar.HeadsUpStatusBarView{aa901f7 I.E...... ......ID 0,0-248,56 #7f0a01f7 app:id/heads_up_status_bar_view} during layout: running second layout pass
04-22 10:36:01.222     0     0 W swapper/1: type=1400 audit(0.0:2333): avc: denied { kill } for uid=0 capability=5 scontext=u:r:kernel:s0 tcontext=u:r:kernel:s0 tclass=capability permissive=0
04-22 10:36:19.631  1746  2064 D BatteryService: uevent={POWER_SUPPLY_DP_DM=0, POWER_SUPPLY_VOLTAGE_NOW=3959500, POWER_SUPPLY_SW_JEITA_ENABLED=0, POWER_SUPPLY_CHARGE_CONTROL_LIMIT_MAX=8, POWER_SUPPLY_RECHARGE_SOC=99, POWER_SUPPLY_HEALTH=Good, POWER_SUPPLY_TECHNOLOGY=Li-ion, POWER_SUPPLY_FCC_STEPPER_ENABLE=0, SEQNUM=617190, POWER_SUPPLY_INPUT_CURRENT_LIMITED=0, POWER_SUPPLY_CHARGE_CONTROL_LIMIT=0, POWER_SUPPLY_BATTERY_CHARGING_ENABLED=1, POWER_SUPPLY_STATUS=Discharging, POWER_SUPPLY_CYCLE_COUNT=1, POWER_SUPPLY_CURRENT_MAX=2000000, POWER_SUPPLY_CHARGE_TERM_CURRENT=-101, POWER_SUPPLY_CAPACITY=67, DEVPATH=/devices/platform/soc/200f000.qcom,spmi/spmi-0/spmi0-02/200f000.qcom,spmi:qcom,pmi632@2:qcom,qpnp-smb5/power_supply/battery, POWER_SUPPLY_CHARGE_DONE=0, POWER_SUPPLY_CHARGE_TYPE=N/A, POWER_SUPPLY_CHARGE_RATE=None, POWER_SUPPLY_CURRENT_NOW=-154571, POWER_SUPPLY_SYSTEM_TEMP_LEVEL=0, POWER_SUPPLY_PRESENT=1, POWER_SUPPLY_PARALLEL_DISABLE=0, POWER_SUPPLY_CHARGE_FULL=3615000, SUBSYSTEM=power_supply, POWER_SUPPLY_SET_SHIP_MODE=0, POWER_SUPPLY_TEMP=240, ACTION=change, POWER_SUPPLY_RERUN_AICL=0, POWER_SUPPLY_AGE=100, POWER_SUPPLY_NAME=battery, POWER_SUPPLY_VOLTAGE_MAX=-22, POWER_SUPPLY_CONSTANT_CHARGE_CURRENT_MAX=2000000, POWER_SUPPLY_CHARGE_COUNTER=2422050, POWER_SUPPLY_STEP_CHARGING_ENABLED=0, POWER_SUPPLY_NUM_SYSTEM_TEMP_LEVELS=8, POWER_SUPPLY_DIE_HEALTH=Hot, POWER_SUPPLY_INPUT_SUSPEND=0}
04-22 10:36:11.225     0     0 W swapper/0: type=1400 audit(0.0:2334): avc: denied { kill } for uid=0 capability=5 scontext=u:r:kernel:s0 tcontext=u:r:kernel:s0 tclass=capability permissive=0
04-22 10:36:19.647  2506  2506 D QtiCarrierConfigHelper: WARNING, no carrier configs on phone Id: 0
04-22 10:36:21.229     0     0 W swapper/1: type=1400 audit(0.0:2335): avc: denied { kill } for uid=0 capability=5 scontext=u:r:kernel:s0 tcontext=u:r:kernel:s0 tclass=capability permissive=0
04-22 10:36:31.229     0     0 W swapper/0: type=1400 audit(0.0:2336): avc: denied { kill } for uid=0 capability=5 scontext=u:r:kernel:s0 tcontext=u:r:kernel:s0 tclass=capability permissive=0
04-22 10:36:38.680  2449  3312 D QCNEJ/WlanStaInfoRelay: Received action: android.net.wifi.RSSI_CHANGED
04-22 10:36:38.681  2449  3312 I QCNEJ/NativeHalConnector: -> SND notifyWlanStaStatusChanged([WlanStaInfo]: wifiSwitchState = 1 rssi = -56 ssid = Jasmine bssid = b0:39:56:5a:37:40 dnsInfo = 192.168.1.1;0.0.0.0;0.0.0.0;0.0.0.0; freqBand = _2GHz countryCode = us[RatInfo]: networkType = 1 subType = 101 networkState = CONNECTED netHdl = 432902426637 ipAddrV4 = 192.168.1.67 ipAddrV6 =  ifNameV4 = wlan0 ifNameV6 =  slotIdx = 0 isAndroidValidated = true) timeStamp = 2021-04-22 10:36:38.68
04-22 10:36:38.699  2506  2733 E PhoneInterfaceManager: [PhoneIntfMgr] getCarrierPrivilegeStatus: No UICC
04-22 10:36:38.702  2764  3687 I CarrierServices: [99] car.a: FiST: Wifi connectivity status true
04-22 10:36:38.704  2764  4153 I CarrierServices: [127] awv.handleMessage: RCS is disabled, skipping config update request
04-22 10:36:38.705  2764  4146 I CarrierServices: [125] chy.a: (PEv2-SM): DisabledState: event Connectivity event
04-22 10:36:38.705  2764  3687 I CarrierServices: [99] cay.d: Connected state: [1], networkType: [WIFI]
04-22 10:36:38.711  2506  2733 E PhoneInterfaceManager: [PhoneIntfMgr] getCarrierPrivilegeStatus: No UICC
04-22 10:36:41.229     0     0 W swapper/1: type=1400 audit(0.0:2337): avc: denied { kill } for uid=0 capability=5 scontext=u:r:kernel:s0 tcontext=u:r:kernel:s0 tclass=capability permissive=0
04-22 10:36:41.761  2449  3312 D QCNEJ/WlanStaInfoRelay: Received action: android.net.wifi.RSSI_CHANGED
04-22 10:36:41.761  2449  3312 I QCNEJ/NativeHalConnector: -> SND notifyWlanStaStatusChanged([WlanStaInfo]: wifiSwitchState = 1 rssi = -53 ssid = Jasmine bssid = b0:39:56:5a:37:40 dnsInfo = 192.168.1.1;0.0.0.0;0.0.0.0;0.0.0.0; freqBand = _2GHz countryCode = us[RatInfo]: networkType = 1 subType = 101 networkState = CONNECTED netHdl = 432902426637 ipAddrV4 = 192.168.1.67 ipAddrV6 =  ifNameV4 = wlan0 ifNameV6 =  slotIdx = 0 isAndroidValidated = true) timeStamp = 2021-04-22 10:36:41.761
04-22 10:36:41.776  2506  2733 E PhoneInterfaceManager: [PhoneIntfMgr] getCarrierPrivilegeStatus: No UICC
04-22 10:36:41.778  2764  3687 I CarrierServices: [99] car.a: FiST: Wifi connectivity status true
04-22 10:36:41.781  2764  4153 I CarrierServices: [127] awv.handleMessage: RCS is disabled, skipping config update request
04-22 10:36:41.782  2764  4146 I CarrierServices: [125] chy.a: (PEv2-SM): DisabledState: event Connectivity event
04-22 10:36:41.782  2764  3687 I CarrierServices: [99] cay.d: Connected state: [1], networkType: [WIFI]
04-22 10:36:41.787  2506  2733 E PhoneInterfaceManager: [PhoneIntfMgr] getCarrierPrivilegeStatus: No UICC
04-22 10:36:51.232     0     0 W swapper/0: type=1400 audit(0.0:2338): avc: denied { kill } for uid=0 capability=5 scontext=u:r:kernel:s0 tcontext=u:r:kernel:s0 tclass=capability permissive=0
04-22 10:37:00.020  2315  2315 W View    : requestLayout() improperly called by com.android.systemui.statusbar.HeadsUpStatusBarView{aa901f7 I.E...... ......ID 0,0-248,56 #7f0a01f7 app:id/heads_up_status_bar_view} during layout: running second layout pass
04-22 10:37:00.103  2449  3312 D QCNEJ/WlanStaInfoRelay: Received action: android.net.wifi.RSSI_CHANGED
04-22 10:37:00.103  2449  3312 I QCNEJ/NativeHalConnector: -> SND notifyWlanStaStatusChanged([WlanStaInfo]: wifiSwitchState = 1 rssi = -56 ssid = Jasmine bssid = b0:39:56:5a:37:40 dnsInfo = 192.168.1.1;0.0.0.0;0.0.0.0;0.0.0.0; freqBand = _2GHz countryCode = us[RatInfo]: networkType = 1 subType = 101 networkState = CONNECTED netHdl = 432902426637 ipAddrV4 = 192.168.1.67 ipAddrV6 =  ifNameV4 = wlan0 ifNameV6 =  slotIdx = 0 isAndroidValidated = true) timeStamp = 2021-04-22 10:37:00.103
04-22 10:37:00.114  2506  2733 E PhoneInterfaceManager: [PhoneIntfMgr] getCarrierPrivilegeStatus: No UICC
04-22 10:37:00.118  2764  3687 I CarrierServices: [99] car.a: FiST: Wifi connectivity status true
04-22 10:37:00.120  2764  4153 I CarrierServices: [127] awv.handleMessage: RCS is disabled, skipping config update request
04-22 10:37:00.120  2764  4146 I CarrierServices: [125] chy.a: (PEv2-SM): DisabledState: event Connectivity event
04-22 10:37:00.121  2764  3687 I CarrierServices: [99] cay.d: Connected state: [1], networkType: [WIFI]
04-22 10:37:00.124  2506  2733 E PhoneInterfaceManager: [PhoneIntfMgr] getCarrierPrivilegeStatus: No UICC
04-22 10:37:01.235     0     0 W swapper/1: type=1400 audit(0.0:2339): avc: denied { kill } for uid=0 capability=5 scontext=u:r:kernel:s0 tcontext=u:r:kernel:s0 tclass=capability permissive=0
04-22 10:37:09.299  2449  3312 D QCNEJ/WlanStaInfoRelay: Received action: android.net.wifi.RSSI_CHANGED
04-22 10:37:09.299  2449  3312 I QCNEJ/NativeHalConnector: -> SND notifyWlanStaStatusChanged([WlanStaInfo]: wifiSwitchState = 1 rssi = -53 ssid = Jasmine bssid = b0:39:56:5a:37:40 dnsInfo = 192.168.1.1;0.0.0.0;0.0.0.0;0.0.0.0; freqBand = _2GHz countryCode = us[RatInfo]: networkType = 1 subType = 101 networkState = CONNECTED netHdl = 432902426637 ipAddrV4 = 192.168.1.67 ipAddrV6 =  ifNameV4 = wlan0 ifNameV6 =  slotIdx = 0 isAndroidValidated = true) timeStamp = 2021-04-22 10:37:09.299
04-22 10:37:09.313  2506  2733 E PhoneInterfaceManager: [PhoneIntfMgr] getCarrierPrivilegeStatus: No UICC
04-22 10:37:09.315  2764  3687 I CarrierServices: [99] car.a: FiST: Wifi connectivity status true
04-22 10:37:09.316  2764  4153 I CarrierServices: [127] awv.handleMessage: RCS is disabled, skipping config update request
04-22 10:37:09.317  2764  4146 I CarrierServices: [125] chy.a: (PEv2-SM): DisabledState: event Connectivity event
04-22 10:37:09.317  2764  3687 I CarrierServices: [99] cay.d: Connected state: [1], networkType: [WIFI]
04-22 10:37:09.328  2506  2733 E PhoneInterfaceManager: [PhoneIntfMgr] getCarrierPrivilegeStatus: No UICC
04-22 10:37:11.239     0     0 W swapper/0: type=1400 audit(0.0:2340): avc: denied { kill } for uid=0 capability=5 scontext=u:r:kernel:s0 tcontext=u:r:kernel:s0 tclass=capability permissive=0
04-22 10:37:15.147 20936 20989 I Finsky  : [2414] pjq.run(3): Stats for Executor: BlockingExecutor plw@6127eb3[Running, pool size = 0, active threads = 0, queued tasks = 0, completed tasks = 351]
04-22 10:37:15.148 20936 20989 I Finsky  : [2414] pjq.run(3): Stats for Executor: LightweightExecutor plw@9ecac70[Running, pool size = 4, active threads = 0, queued tasks = 0, completed tasks = 357]
04-22 10:37:15.149 20936 20989 I Finsky  : [2414] pjq.run(3): Stats for Executor: bgExecutor plw@4efbbe9[Running, pool size = 4, active threads = 0, queued tasks = 0, completed tasks = 439]
04-22 10:37:21.074  1746  2064 D BatteryService: uevent={POWER_SUPPLY_DP_DM=0, POWER_SUPPLY_VOLTAGE_NOW=3964755, POWER_SUPPLY_SW_JEITA_ENABLED=0, POWER_SUPPLY_CHARGE_CONTROL_LIMIT_MAX=8, POWER_SUPPLY_RECHARGE_SOC=99, POWER_SUPPLY_HEALTH=Good, POWER_SUPPLY_TECHNOLOGY=Li-ion, POWER_SUPPLY_FCC_STEPPER_ENABLE=0, SEQNUM=617313, POWER_SUPPLY_INPUT_CURRENT_LIMITED=0, POWER_SUPPLY_CHARGE_CONTROL_LIMIT=0, POWER_SUPPLY_BATTERY_CHARGING_ENABLED=1, POWER_SUPPLY_STATUS=Discharging, POWER_SUPPLY_CYCLE_COUNT=1, POWER_SUPPLY_CURRENT_MAX=2000000, POWER_SUPPLY_CHARGE_TERM_CURRENT=-101, POWER_SUPPLY_CAPACITY=67, DEVPATH=/devices/platform/soc/200f000.qcom,spmi/spmi-0/spmi0-02/200f000.qcom,spmi:qcom,pmi632@2:qcom,qpnp-smb5/power_supply/battery, POWER_SUPPLY_CHARGE_DONE=0, POWER_SUPPLY_CHARGE_TYPE=N/A, POWER_SUPPLY_CHARGE_RATE=None, POWER_SUPPLY_CURRENT_NOW=-190124, POWER_SUPPLY_SYSTEM_TEMP_LEVEL=0, POWER_SUPPLY_PRESENT=1, POWER_SUPPLY_PARALLEL_DISABLE=0, POWER_SUPPLY_CHARGE_FULL=3615000, SUBSYSTEM=power_supply, POWER_SUPPLY_SET_SHIP_MODE=0, POWER_SUPPLY_TEMP=240, ACTION=change, POWER_SUPPLY_RERUN_AICL=0, POWER_SUPPLY_AGE=100, POWER_SUPPLY_NAME=battery, POWER_SUPPLY_VOLTAGE_MAX=-22, POWER_SUPPLY_CONSTANT_CHARGE_CURRENT_MAX=2000000, POWER_SUPPLY_CHARGE_COUNTER=2422050, POWER_SUPPLY_STEP_CHARGING_ENABLED=0, POWER_SUPPLY_NUM_SYSTEM_TEMP_LEVELS=8, POWER_SUPPLY_DIE_HEALTH=Hot, POWER_SUPPLY_INPUT_SUSPEND=0}
04-22 10:37:21.090  2506  2506 D QtiCarrierConfigHelper: WARNING, no carrier configs on phone Id: 0
04-22 10:37:21.239     0     0 W swapper/1: type=1400 audit(0.0:2341): avc: denied { kill } for uid=0 capability=5 scontext=u:r:kernel:s0 tcontext=u:r:kernel:s0 tclass=capability permissive=0
04-22 10:37:41.249     0     0 W swapper/0: type=1400 audit(0.0:2343): avc: denied { kill } for uid=0 capability=5 scontext=u:r:kernel:s0 tcontext=u:r:kernel:s0 tclass=capability permissive=0
04-22 10:37:49.060  2449  3312 D QCNEJ/WlanStaInfoRelay: Received action: android.net.wifi.RSSI_CHANGED
04-22 10:37:49.060  2449  3312 I QCNEJ/NativeHalConnector: -> SND notifyWlanStaStatusChanged([WlanStaInfo]: wifiSwitchState = 1 rssi = -59 ssid = Jasmine bssid = b0:39:56:5a:37:40 dnsInfo = 192.168.1.1;0.0.0.0;0.0.0.0;0.0.0.0; freqBand = _2GHz countryCode = us[RatInfo]: networkType = 1 subType = 101 networkState = CONNECTED netHdl = 432902426637 ipAddrV4 = 192.168.1.67 ipAddrV6 =  ifNameV4 = wlan0 ifNameV6 =  slotIdx = 0 isAndroidValidated = true) timeStamp = 2021-04-22 10:37:49.06
04-22 10:37:49.064  2506  2733 E PhoneInterfaceManager: [PhoneIntfMgr] getCarrierPrivilegeStatus: No UICC
04-22 10:37:49.066  2764  3687 I CarrierServices: [99] car.a: FiST: Wifi connectivity status true
04-22 10:37:49.067  2764  4153 I CarrierServices: [127] awv.handleMessage: RCS is disabled, skipping config update request
04-22 10:37:49.068  2764  4146 I CarrierServices: [125] chy.a: (PEv2-SM): DisabledState: event Connectivity event
04-22 10:37:49.070  2764  3687 I CarrierServices: [99] cay.d: Connected state: [1], networkType: [WIFI]
04-22 10:37:49.074  2506  2733 E PhoneInterfaceManager: [PhoneIntfMgr] getCarrierPrivilegeStatus: No UICC
04-22 10:37:51.245     0     0 W swapper/1: type=1400 audit(0.0:2344): avc: denied { kill } for uid=0 capability=5 scontext=u:r:kernel:s0 tcontext=u:r:kernel:s0 tclass=capability permissive=0
04-22 10:37:51.416 20079 20158 I chatty  : uid=10157(com.google.android.gms) lowpool[3] expire 2 lines
04-22 10:37:54.219   724  2357 I netd    : trafficSwapActiveStatsMap() <8.97ms>
04-22 10:37:54.227   724  2357 I netd    : tetherGetStats() <3.66ms>
04-22 10:37:54.255   724  2357 I netd    : bandwidthSetGlobalAlert(2097152) <0.47ms>
04-22 10:37:54.310  1746  1765 D WificondControl: Scan result ready event
04-22 10:37:58.254  2449  3312 D QCNEJ/WlanStaInfoRelay: Received action: android.net.wifi.RSSI_CHANGED
04-22 10:37:58.254  2449  3312 I QCNEJ/NativeHalConnector: -> SND notifyWlanStaStatusChanged([WlanStaInfo]: wifiSwitchState = 1 rssi = -55 ssid = Jasmine bssid = b0:39:56:5a:37:40 dnsInfo = 192.168.1.1;0.0.0.0;0.0.0.0;0.0.0.0; freqBand = _2GHz countryCode = us[RatInfo]: networkType = 1 subType = 101 networkState = CONNECTED netHdl = 432902426637 ipAddrV4 = 192.168.1.67 ipAddrV6 =  ifNameV4 = wlan0 ifNameV6 =  slotIdx = 0 isAndroidValidated = true) timeStamp = 2021-04-22 10:37:58.254
04-22 10:37:58.267  2506  2733 E PhoneInterfaceManager: [PhoneIntfMgr] getCarrierPrivilegeStatus: No UICC
04-22 10:37:58.269  2764  3687 I CarrierServices: [99] car.a: FiST: Wifi connectivity status true
04-22 10:37:58.271  2764  4146 I CarrierServices: [125] chy.a: (PEv2-SM): DisabledState: event Connectivity event
04-22 10:37:58.271  2764  4153 I CarrierServices: [127] awv.handleMessage: RCS is disabled, skipping config update request
04-22 10:37:58.283  2506  2733 E PhoneInterfaceManager: [PhoneIntfMgr] getCarrierPrivilegeStatus: No UICC
04-22 10:37:58.283  2764  3687 I CarrierServices: [99] cay.d: Connected state: [1], networkType: [WIFI]
04-22 10:38:00.037  2315  2315 W View    : requestLayout() improperly called by com.android.systemui.statusbar.HeadsUpStatusBarView{aa901f7 I.E...... ......ID 0,0-248,56 #7f0a01f7 app:id/heads_up_status_bar_view} during layout: running second layout pass
04-22 10:38:01.252     0     0 W swapper/2: type=1400 audit(0.0:2345): avc: denied { kill } for uid=0 capability=5 scontext=u:r:kernel:s0 tcontext=u:r:kernel:s0 tclass=capability permissive=0
04-22 10:38:03.356 17704 28937 I chatty  : uid=10157 com.google.android.gms.persistent expire 2 lines
04-22 10:38:07.445  2449  3312 D QCNEJ/WlanStaInfoRelay: Received action: android.net.wifi.RSSI_CHANGED
04-22 10:38:07.446  2449  3312 I QCNEJ/NativeHalConnector: -> SND notifyWlanStaStatusChanged([WlanStaInfo]: wifiSwitchState = 1 rssi = -57 ssid = Jasmine bssid = b0:39:56:5a:37:40 dnsInfo = 192.168.1.1;0.0.0.0;0.0.0.0;0.0.0.0; freqBand = _2GHz countryCode = us[RatInfo]: networkType = 1 subType = 101 networkState = CONNECTED netHdl = 432902426637 ipAddrV4 = 192.168.1.67 ipAddrV6 =  ifNameV4 = wlan0 ifNameV6 =  slotIdx = 0 isAndroidValidated = true) timeStamp = 2021-04-22 10:38:07.446
04-22 10:38:07.461  2506  2733 E PhoneInterfaceManager: [PhoneIntfMgr] getCarrierPrivilegeStatus: No UICC
04-22 10:38:07.464  2764  3687 I CarrierServices: [99] car.a: FiST: Wifi connectivity status true
04-22 10:38:07.466  2764  4153 I CarrierServices: [127] awv.handleMessage: RCS is disabled, skipping config update request
04-22 10:38:07.467  2764  4146 I CarrierServices: [125] chy.a: (PEv2-SM): DisabledState: event Connectivity event
04-22 10:38:07.467  2764  3687 I CarrierServices: [99] cay.d: Connected state: [1], networkType: [WIFI]
04-22 10:38:07.472  2506  2733 E PhoneInterfaceManager: [PhoneIntfMgr] getCarrierPrivilegeStatus: No UICC
04-22 10:38:11.255     0     0 W swapper/0: type=1400 audit(0.0:2346): avc: denied { kill } for uid=0 capability=5 scontext=u:r:kernel:s0 tcontext=u:r:kernel:s0 tclass=capability permissive=0
04-22 10:38:19.699  2449  3312 D QCNEJ/WlanStaInfoRelay: Received action: android.net.wifi.RSSI_CHANGED
04-22 10:38:19.699  2449  3312 I QCNEJ/NativeHalConnector: -> SND notifyWlanStaStatusChanged([WlanStaInfo]: wifiSwitchState = 1 rssi = -54 ssid = Jasmine bssid = b0:39:56:5a:37:40 dnsInfo = 192.168.1.1;0.0.0.0;0.0.0.0;0.0.0.0; freqBand = _2GHz countryCode = us[RatInfo]: networkType = 1 subType = 101 networkState = CONNECTED netHdl = 432902426637 ipAddrV4 = 192.168.1.67 ipAddrV6 =  ifNameV4 = wlan0 ifNameV6 =  slotIdx = 0 isAndroidValidated = true) timeStamp = 2021-04-22 10:38:19.699
04-22 10:38:19.711  2506  2733 E PhoneInterfaceManager: [PhoneIntfMgr] getCarrierPrivilegeStatus: No UICC
04-22 10:38:19.714  2764  3687 I CarrierServices: [99] car.a: FiST: Wifi connectivity status true
04-22 10:38:19.716  2764  4153 I CarrierServices: [127] awv.handleMessage: RCS is disabled, skipping config update request
04-22 10:38:19.716  2764  4146 I CarrierServices: [125] chy.a: (PEv2-SM): DisabledState: event Connectivity event
04-22 10:38:19.717  2764  3687 I CarrierServices: [99] cay.d: Connected state: [1], networkType: [WIFI]
04-22 10:38:19.728  2506  2733 E PhoneInterfaceManager: [PhoneIntfMgr] getCarrierPrivilegeStatus: No UICC
04-22 10:38:21.259     0     0 W swapper/1: type=1400 audit(0.0:2347): avc: denied { kill } for uid=0 capability=5 scontext=u:r:kernel:s0 tcontext=u:r:kernel:s0 tclass=capability permissive=0
04-22 10:38:22.514  1746  2064 D BatteryService: uevent={POWER_SUPPLY_DP_DM=0, POWER_SUPPLY_VOLTAGE_NOW=3959695, POWER_SUPPLY_SW_JEITA_ENABLED=0, POWER_SUPPLY_CHARGE_CONTROL_LIMIT_MAX=8, POWER_SUPPLY_RECHARGE_SOC=99, POWER_SUPPLY_HEALTH=Good, POWER_SUPPLY_TECHNOLOGY=Li-ion, POWER_SUPPLY_FCC_STEPPER_ENABLE=0, SEQNUM=617435, POWER_SUPPLY_INPUT_CURRENT_LIMITED=0, POWER_SUPPLY_CHARGE_CONTROL_LIMIT=0, POWER_SUPPLY_BATTERY_CHARGING_ENABLED=1, POWER_SUPPLY_STATUS=Discharging, POWER_SUPPLY_CYCLE_COUNT=1, POWER_SUPPLY_CURRENT_MAX=2000000, POWER_SUPPLY_CHARGE_TERM_CURRENT=-101, POWER_SUPPLY_CAPACITY=67, DEVPATH=/devices/platform/soc/200f000.qcom,spmi/spmi-0/spmi0-02/200f000.qcom,spmi:qcom,pmi632@2:qcom,qpnp-smb5/power_supply/battery, POWER_SUPPLY_CHARGE_DONE=0, POWER_SUPPLY_CHARGE_TYPE=N/A, POWER_SUPPLY_CHARGE_RATE=None, POWER_SUPPLY_CURRENT_NOW=-206604, POWER_SUPPLY_SYSTEM_TEMP_LEVEL=0, POWER_SUPPLY_PRESENT=1, POWER_SUPPLY_PARALLEL_DISABLE=0, POWER_SUPPLY_CHARGE_FULL=3615000, SUBSYSTEM=power_supply, POWER_SUPPLY_SET_SHIP_MODE=0, POWER_SUPPLY_TEMP=240, ACTION=change, POWER_SUPPLY_RERUN_AICL=0, POWER_SUPPLY_AGE=100, POWER_SUPPLY_NAME=battery, POWER_SUPPLY_VOLTAGE_MAX=-22, POWER_SUPPLY_CONSTANT_CHARGE_CURRENT_MAX=2000000, POWER_SUPPLY_CHARGE_COUNTER=2422050, POWER_SUPPLY_STEP_CHARGING_ENABLED=0, POWER_SUPPLY_NUM_SYSTEM_TEMP_LEVELS=8, POWER_SUPPLY_DIE_HEALTH=Hot, POWER_SUPPLY_INPUT_SUSPEND=0}
04-22 10:38:22.532  2506  2506 D QtiCarrierConfigHelper: WARNING, no carrier configs on phone Id: 0
04-22 10:38:24.184  3191 28946 I chatty  : uid=10157 com.google.android.gms.unstable expire 2 lines
04-22 10:38:31.262     0     0 W swapper/0: type=1400 audit(0.0:2348): avc: denied { kill } for uid=0 capability=5 scontext=u:r:kernel:s0 tcontext=u:r:kernel:s0 tclass=capability permissive=0
04-22 10:38:34.994  2449  3312 D QCNEJ/WlanStaInfoRelay: Received action: android.net.wifi.RSSI_CHANGED
04-22 10:38:34.995  2449  3312 I QCNEJ/NativeHalConnector: -> SND notifyWlanStaStatusChanged([WlanStaInfo]: wifiSwitchState = 1 rssi = -56 ssid = Jasmine bssid = b0:39:56:5a:37:40 dnsInfo = 192.168.1.1;0.0.0.0;0.0.0.0;0.0.0.0; freqBand = _2GHz countryCode = us[RatInfo]: networkType = 1 subType = 101 networkState = CONNECTED netHdl = 432902426637 ipAddrV4 = 192.168.1.67 ipAddrV6 =  ifNameV4 = wlan0 ifNameV6 =  slotIdx = 0 isAndroidValidated = true) timeStamp = 2021-04-22 10:38:34.994
04-22 10:38:35.007  2506  2733 E PhoneInterfaceManager: [PhoneIntfMgr] getCarrierPrivilegeStatus: No UICC
04-22 10:38:35.009  2764  3687 I CarrierServices: [99] car.a: FiST: Wifi connectivity status true
04-22 10:38:35.011  2764  4146 I CarrierServices: [125] chy.a: (PEv2-SM): DisabledState: event Connectivity event
04-22 10:38:35.012  2764  4153 I CarrierServices: [127] awv.handleMessage: RCS is disabled, skipping config update request
04-22 10:38:35.013  2764  3687 I CarrierServices: [99] cay.d: Connected state: [1], networkType: [WIFI]
04-22 10:38:35.017  2506  2733 E PhoneInterfaceManager: [PhoneIntfMgr] getCarrierPrivilegeStatus: No UICC
04-22 10:38:38.046  2449  3312 D QCNEJ/WlanStaInfoRelay: Received action: android.net.wifi.RSSI_CHANGED
04-22 10:38:38.046  2449  3312 I QCNEJ/NativeHalConnector: -> SND notifyWlanStaStatusChanged([WlanStaInfo]: wifiSwitchState = 1 rssi = -52 ssid = Jasmine bssid = b0:39:56:5a:37:40 dnsInfo = 192.168.1.1;0.0.0.0;0.0.0.0;0.0.0.0; freqBand = _2GHz countryCode = us[RatInfo]: networkType = 1 subType = 101 networkState = CONNECTED netHdl = 432902426637 ipAddrV4 = 192.168.1.67 ipAddrV6 =  ifNameV4 = wlan0 ifNameV6 =  slotIdx = 0 isAndroidValidated = true) timeStamp = 2021-04-22 10:38:38.046
04-22 10:38:38.060  2506  2733 E PhoneInterfaceManager: [PhoneIntfMgr] getCarrierPrivilegeStatus: No UICC
04-22 10:38:38.063  2764  3687 I CarrierServices: [99] car.a: FiST: Wifi connectivity status true
04-22 10:38:38.065  2764  4146 I CarrierServices: [125] chy.a: (PEv2-SM): DisabledState: event Connectivity event
04-22 10:38:38.065  2764  4153 I CarrierServices: [127] awv.handleMessage: RCS is disabled, skipping config update request
04-22 10:38:38.066  2764  3687 I CarrierServices: [99] cay.d: Connected state: [1], networkType: [WIFI]
04-22 10:38:38.070  2506  2733 E PhoneInterfaceManager: [PhoneIntfMgr] getCarrierPrivilegeStatus: No UICC
04-22 10:38:41.265     0     0 W swapper/1: type=1400 audit(0.0:2349): avc: denied { kill } for uid=0 capability=5 scontext=u:r:kernel:s0 tcontext=u:r:kernel:s0 tclass=capability permissive=0
04-22 10:38:47.277  2449  3312 D QCNEJ/WlanStaInfoRelay: Received action: android.net.wifi.RSSI_CHANGED
04-22 10:38:47.278  2449  3312 I QCNEJ/NativeHalConnector: -> SND notifyWlanStaStatusChanged([WlanStaInfo]: wifiSwitchState = 1 rssi = -56 ssid = Jasmine bssid = b0:39:56:5a:37:40 dnsInfo = 192.168.1.1;0.0.0.0;0.0.0.0;0.0.0.0; freqBand = _2GHz countryCode = us[RatInfo]: networkType = 1 subType = 101 networkState = CONNECTED netHdl = 432902426637 ipAddrV4 = 192.168.1.67 ipAddrV6 =  ifNameV4 = wlan0 ifNameV6 =  slotIdx = 0 isAndroidValidated = true) timeStamp = 2021-04-22 10:38:47.278
04-22 10:38:47.286  2506  2733 E PhoneInterfaceManager: [PhoneIntfMgr] getCarrierPrivilegeStatus: No UICC
04-22 10:38:47.288  2764  3687 I CarrierServices: [99] car.a: FiST: Wifi connectivity status true
04-22 10:38:47.289  2764  4146 I CarrierServices: [125] chy.a: (PEv2-SM): DisabledState: event Connectivity event
04-22 10:38:47.289  2764  4153 I CarrierServices: [127] awv.handleMessage: RCS is disabled, skipping config update request
04-22 10:38:47.290  2764  3687 I CarrierServices: [99] cay.d: Connected state: [1], networkType: [WIFI]
04-22 10:38:47.296  2506  2733 E PhoneInterfaceManager: [PhoneIntfMgr] getCarrierPrivilegeStatus: No UICC
04-22 10:38:50.359  2449  3312 D QCNEJ/WlanStaInfoRelay: Received action: android.net.wifi.RSSI_CHANGED
04-22 10:38:50.360  2449  3312 I QCNEJ/NativeHalConnector: -> SND notifyWlanStaStatusChanged([WlanStaInfo]: wifiSwitchState = 1 rssi = -52 ssid = Jasmine bssid = b0:39:56:5a:37:40 dnsInfo = 192.168.1.1;0.0.0.0;0.0.0.0;0.0.0.0; freqBand = _2GHz countryCode = us[RatInfo]: networkType = 1 subType = 101 networkState = CONNECTED netHdl = 432902426637 ipAddrV4 = 192.168.1.67 ipAddrV6 =  ifNameV4 = wlan0 ifNameV6 =  slotIdx = 0 isAndroidValidated = true) timeStamp = 2021-04-22 10:38:50.359
04-22 10:38:50.363  2506  2733 E PhoneInterfaceManager: [PhoneIntfMgr] getCarrierPrivilegeStatus: No UICC
04-22 10:38:50.368  2764  3687 I CarrierServices: [99] car.a: FiST: Wifi connectivity status true
04-22 10:38:50.369  2764  4153 I CarrierServices: [127] awv.handleMessage: RCS is disabled, skipping config update request
04-22 10:38:50.370  2764  4146 I CarrierServices: [125] chy.a: (PEv2-SM): DisabledState: event Connectivity event
04-22 10:38:50.371  2764  3687 I CarrierServices: [99] cay.d: Connected state: [1], networkType: [WIFI]
04-22 10:38:50.373  2506  2733 E PhoneInterfaceManager: [PhoneIntfMgr] getCarrierPrivilegeStatus: No UICC
04-22 10:38:51.265     0     0 W swapper/0: type=1400 audit(0.0:2350): avc: denied { kill } for uid=0 capability=5 scontext=u:r:kernel:s0 tcontext=u:r:kernel:s0 tclass=capability permissive=0
04-22 10:39:00.021  2315  2315 W View    : requestLayout() improperly called by com.android.systemui.statusbar.HeadsUpStatusBarView{aa901f7 I.E...... ......ID 0,0-248,56 #7f0a01f7 app:id/heads_up_status_bar_view} during layout: running second layout pass
04-22 10:39:01.269     0     0 W swapper/1: type=1400 audit(0.0:2351): avc: denied { kill } for uid=0 capability=5 scontext=u:r:kernel:s0 tcontext=u:r:kernel:s0 tclass=capability permissive=0
04-22 10:39:11.269     0     0 W swapper/0: type=1400 audit(0.0:2352): avc: denied { kill } for uid=0 capability=5 scontext=u:r:kernel:s0 tcontext=u:r:kernel:s0 tclass=capability permissive=0
04-22 10:39:14.339  1746  2396 D WificondControl: Scan result ready event
04-22 10:39:14.785  3191  3767 I chatty  : uid=10157(com.google.android.gms) lowpool[3] expire 2 lines
04-22 10:39:21.275     0     0 W swapper/1: type=1400 audit(0.0:2353): avc: denied { kill } for uid=0 capability=5 scontext=u:r:kernel:s0 tcontext=u:r:kernel:s0 tclass=capability permissive=0
04-22 10:39:23.958  1746  2064 D BatteryService: uevent={POWER_SUPPLY_DP_DM=0, POWER_SUPPLY_VOLTAGE_NOW=3963587, POWER_SUPPLY_SW_JEITA_ENABLED=0, POWER_SUPPLY_CHARGE_CONTROL_LIMIT_MAX=8, POWER_SUPPLY_RECHARGE_SOC=99, POWER_SUPPLY_HEALTH=Good, POWER_SUPPLY_TECHNOLOGY=Li-ion, POWER_SUPPLY_FCC_STEPPER_ENABLE=0, SEQNUM=617557, POWER_SUPPLY_INPUT_CURRENT_LIMITED=0, POWER_SUPPLY_CHARGE_CONTROL_LIMIT=0, POWER_SUPPLY_BATTERY_CHARGING_ENABLED=1, POWER_SUPPLY_STATUS=Discharging, POWER_SUPPLY_CYCLE_COUNT=1, POWER_SUPPLY_CURRENT_MAX=2000000, POWER_SUPPLY_CHARGE_TERM_CURRENT=-101, POWER_SUPPLY_CAPACITY=67, DEVPATH=/devices/platform/soc/200f000.qcom,spmi/spmi-0/spmi0-02/200f000.qcom,spmi:qcom,pmi632@2:qcom,qpnp-smb5/power_supply/battery, POWER_SUPPLY_CHARGE_DONE=0, POWER_SUPPLY_CHARGE_TYPE=N/A, POWER_SUPPLY_CHARGE_RATE=None, POWER_SUPPLY_CURRENT_NOW=-176544, POWER_SUPPLY_SYSTEM_TEMP_LEVEL=0, POWER_SUPPLY_PRESENT=1, POWER_SUPPLY_PARALLEL_DISABLE=0, POWER_SUPPLY_CHARGE_FULL=3615000, SUBSYSTEM=power_supply, POWER_SUPPLY_SET_SHIP_MODE=0, POWER_SUPPLY_TEMP=240, ACTION=change, POWER_SUPPLY_RERUN_AICL=0, POWER_SUPPLY_AGE=100, POWER_SUPPLY_NAME=battery, POWER_SUPPLY_VOLTAGE_MAX=-22, POWER_SUPPLY_CONSTANT_CHARGE_CURRENT_MAX=2000000, POWER_SUPPLY_CHARGE_COUNTER=2422050, POWER_SUPPLY_STEP_CHARGING_ENABLED=0, POWER_SUPPLY_NUM_SYSTEM_TEMP_LEVELS=8, POWER_SUPPLY_DIE_HEALTH=Hot, POWER_SUPPLY_INPUT_SUSPEND=0}
04-22 10:39:23.969  2506  2506 D QtiCarrierConfigHelper: WARNING, no carrier configs on phone Id: 0
04-22 10:39:30.141  2449  3312 D QCNEJ/WlanStaInfoRelay: Received action: android.net.wifi.RSSI_CHANGED
04-22 10:39:30.141  2449  3312 I QCNEJ/NativeHalConnector: -> SND notifyWlanStaStatusChanged([WlanStaInfo]: wifiSwitchState = 1 rssi = -56 ssid = Jasmine bssid = b0:39:56:5a:37:40 dnsInfo = 192.168.1.1;0.0.0.0;0.0.0.0;0.0.0.0; freqBand = _2GHz countryCode = us[RatInfo]: networkType = 1 subType = 101 networkState = CONNECTED netHdl = 432902426637 ipAddrV4 = 192.168.1.67 ipAddrV6 =  ifNameV4 = wlan0 ifNameV6 =  slotIdx = 0 isAndroidValidated = true) timeStamp = 2021-04-22 10:39:30.141
04-22 10:39:30.145  2506  2733 E PhoneInterfaceManager: [PhoneIntfMgr] getCarrierPrivilegeStatus: No UICC
04-22 10:39:30.147  2764  3687 I CarrierServices: [99] car.a: FiST: Wifi connectivity status true
04-22 10:39:30.150  2764  4153 I CarrierServices: [127] awv.handleMessage: RCS is disabled, skipping config update request
04-22 10:39:30.151  2764  4146 I CarrierServices: [125] chy.a: (PEv2-SM): DisabledState: event Connectivity event
04-22 10:39:30.152  2764  3687 I CarrierServices: [99] cay.d: Connected state: [1], networkType: [WIFI]
04-22 10:39:30.162  2506  2733 E PhoneInterfaceManager: [PhoneIntfMgr] getCarrierPrivilegeStatus: No UICC
04-22 10:39:30.672 17704 25155 I chatty  : uid=10157(com.google.android.gms) lowpool[159] expire 2 lines
04-22 10:39:31.279     0     0 W swapper/2: type=1400 audit(0.0:2354): avc: denied { kill } for uid=0 capability=5 scontext=u:r:kernel:s0 tcontext=u:r:kernel:s0 tclass=capability permissive=0
04-22 10:39:33.233  2449  3312 D QCNEJ/WlanStaInfoRelay: Received action: android.net.wifi.RSSI_CHANGED
04-22 10:39:33.234  2449  3312 I QCNEJ/NativeHalConnector: -> SND notifyWlanStaStatusChanged([WlanStaInfo]: wifiSwitchState = 1 rssi = -53 ssid = Jasmine bssid = b0:39:56:5a:37:40 dnsInfo = 192.168.1.1;0.0.0.0;0.0.0.0;0.0.0.0; freqBand = _2GHz countryCode = us[RatInfo]: networkType = 1 subType = 101 networkState = CONNECTED netHdl = 432902426637 ipAddrV4 = 192.168.1.67 ipAddrV6 =  ifNameV4 = wlan0 ifNameV6 =  slotIdx = 0 isAndroidValidated = true) timeStamp = 2021-04-22 10:39:33.233
04-22 10:39:33.241  2506  2733 E PhoneInterfaceManager: [PhoneIntfMgr] getCarrierPrivilegeStatus: No UICC
04-22 10:39:33.249  2764  3687 I CarrierServices: [99] car.a: FiST: Wifi connectivity status true
04-22 10:39:33.250  2764  4153 I CarrierServices: [127] awv.handleMessage: RCS is disabled, skipping config update request
04-22 10:39:33.250  2764  4146 I CarrierServices: [125] chy.a: (PEv2-SM): DisabledState: event Connectivity event
04-22 10:39:33.260  2506  2733 E PhoneInterfaceManager: [PhoneIntfMgr] getCarrierPrivilegeStatus: No UICC
04-22 10:39:33.261  2764  3687 I CarrierServices: [99] cay.d: Connected state: [1], networkType: [WIFI]
04-22 10:39:41.282     0     0 W swapper/0: type=1400 audit(0.0:2355): avc: denied { kill } for uid=0 capability=5 scontext=u:r:kernel:s0 tcontext=u:r:kernel:s0 tclass=capability permissive=0
04-22 10:39:43.492 20079 29054 I chatty  : uid=10157(com.google.android.gms) expire 2 lines
04-22 10:39:51.285     0     0 W swapper/1: type=1400 audit(0.0:2356): avc: denied { kill } for uid=0 capability=5 scontext=u:r:kernel:s0 tcontext=u:r:kernel:s0 tclass=capability permissive=0
04-22 10:40:00.010  2315  2315 W View    : requestLayout() improperly called by com.android.systemui.statusbar.HeadsUpStatusBarView{aa901f7 I.E...... ......ID 0,0-248,56 #7f0a01f7 app:id/heads_up_status_bar_view} during layout: running second layout pass
04-22 10:40:01.289     0     0 W swapper/0: type=1400 audit(0.0:2357): avc: denied { kill } for uid=0 capability=5 scontext=u:r:kernel:s0 tcontext=u:r:kernel:s0 tclass=capability permissive=0
04-22 10:40:11.292     0     0 W swapper/1: type=1400 audit(0.0:2358): avc: denied { kill } for uid=0 capability=5 scontext=u:r:kernel:s0 tcontext=u:r:kernel:s0 tclass=capability permissive=0
04-22 10:40:13.090  2506  2733 E PhoneInterfaceManager: [PhoneIntfMgr] getCarrierPrivilegeStatus: No UICC
04-22 10:40:13.091  2449  3312 D QCNEJ/WlanStaInfoRelay: Received action: android.net.wifi.RSSI_CHANGED
04-22 10:40:13.091  2449  3312 I QCNEJ/NativeHalConnector: -> SND notifyWlanStaStatusChanged([WlanStaInfo]: wifiSwitchState = 1 rssi = -56 ssid = Jasmine bssid = b0:39:56:5a:37:40 dnsInfo = 192.168.1.1;0.0.0.0;0.0.0.0;0.0.0.0; freqBand = _2GHz countryCode = us[RatInfo]: networkType = 1 subType = 101 networkState = CONNECTED netHdl = 432902426637 ipAddrV4 = 192.168.1.67 ipAddrV6 =  ifNameV4 = wlan0 ifNameV6 =  slotIdx = 0 isAndroidValidated = true) timeStamp = 2021-04-22 10:40:13.091
04-22 10:40:13.095  2764  3687 I CarrierServices: [99] car.a: FiST: Wifi connectivity status true
04-22 10:40:13.096  2764  4153 I CarrierServices: [127] awv.handleMessage: RCS is disabled, skipping config update request
04-22 10:40:13.097  2764  3687 I CarrierServices: [99] cay.d: Connected state: [1], networkType: [WIFI]
04-22 10:40:13.097  2764  4146 I CarrierServices: [125] chy.a: (PEv2-SM): DisabledState: event Connectivity event
04-22 10:40:13.102  2506  2733 E PhoneInterfaceManager: [PhoneIntfMgr] getCarrierPrivilegeStatus: No UICC
04-22 10:40:14.943   806  1081 W qti_sensors_hal: processReportInd: lux: 34, ch0: 138, ch1: 392
04-22 10:40:16.456   806  1081 W qti_sensors_hal: processReportInd: lux: 47, ch0: 181, ch1: 394
