04-22 08:27:43.219  1746  2064 D BatteryService: uevent={POWER_SUPPLY_DP_DM=0, POWER_SUPPLY_VOLTAGE_NOW=4050785, POWER_SUPPLY_SW_JEITA_ENABLED=0, POWER_SUPPLY_CHARGE_CONTROL_LIMIT_MAX=8, POWER_SUPPLY_RECHARGE_SOC=99, POWER_SUPPLY_HEALTH=Good, POWER_SUPPLY_TECHNOLOGY=Li-ion, POWER_SUPPLY_FCC_STEPPER_ENABLE=0, SEQNUM=594481, POWER_SUPPLY_INPUT_CURRENT_LIMITED=0, POWER_SUPPLY_CHARGE_CONTROL_LIMIT=0, POWER_SUPPLY_BATTERY_CHARGING_ENABLED=1, POWER_SUPPLY_STATUS=Discharging, POWER_SUPPLY_CYCLE_COUNT=1, POWER_SUPPLY_CURRENT_MAX=2000000, POWER_SUPPLY_CHARGE_TERM_CURRENT=-101, POWER_SUPPLY_CAPACITY=73, DEVPATH=/devices/platform/soc/200f000.qcom,spmi/spmi-0/spmi0-02/200f000.qcom,spmi:qcom,pmi632@2:qcom,qpnp-smb5/power_supply/battery, POWER_SUPPLY_CHARGE_DONE=0, POWER_SUPPLY_CHARGE_TYPE=N/A, POWER_SUPPLY_CHARGE_RATE=None, POWER_SUPPLY_CURRENT_NOW=-42419, POWER_SUPPLY_SYSTEM_TEMP_LEVEL=0, POWER_SUPPLY_PRESENT=1, POWER_SUPPLY_PARALLEL_DISABLE=0, POWER_SUPPLY_CHARGE_FULL=3615000, SUBSYSTEM=power_supply, POWER_SUPPLY_SET_SHIP_MODE=0, POWER_SUPPLY_TEMP=200, ACTION=change, POWER_SUPPLY_RERUN_AICL=0, POWER_SUPPLY_AGE=100, POWER_SUPPLY_NAME=battery, POWER_SUPPLY_VOLTAGE_MAX=-22, POWER_SUPPLY_CONSTANT_CHARGE_CURRENT_MAX=2000000, POWER_SUPPLY_CHARGE_COUNTER=2602800, POWER_SUPPLY_STEP_CHARGING_ENABLED=0, POWER_SUPPLY_NUM_SYSTEM_TEMP_LEVELS=8, POWER_SUPPLY_DIE_HEALTH=Hot, POWER_SUPPLY_INPUT_SUSPEND=0}
04-22 08:32:26.757  1746  2557 D ConnectivityService: Returning BLOCKED NetworkInfo to uid=10120
04-22 08:44:48.360  1746  2064 D BatteryService: uevent={POWER_SUPPLY_DP_DM=0, POWER_SUPPLY_VOLTAGE_NOW=4048254, POWER_SUPPLY_SW_JEITA_ENABLED=0, POWER_SUPPLY_CHARGE_CONTROL_LIMIT_MAX=8, POWER_SUPPLY_RECHARGE_SOC=99, POWER_SUPPLY_HEALTH=Good, POWER_SUPPLY_TECHNOLOGY=Li-ion, POWER_SUPPLY_FCC_STEPPER_ENABLE=0, SEQNUM=597752, POWER_SUPPLY_INPUT_CURRENT_LIMITED=0, POWER_SUPPLY_CHARGE_CONTROL_LIMIT=0, POWER_SUPPLY_BATTERY_CHARGING_ENABLED=1, POWER_SUPPLY_STATUS=Discharging, POWER_SUPPLY_CYCLE_COUNT=1, POWER_SUPPLY_CURRENT_MAX=2000000, POWER_SUPPLY_CHARGE_TERM_CURRENT=-101, POWER_SUPPLY_CAPACITY=73, DEVPATH=/devices/platform/soc/200f000.qcom,spmi/spmi-0/spmi0-02/200f000.qcom,spmi:qcom,pmi632@2:qcom,qpnp-smb5/power_supply/battery, POWER_SUPPLY_CHARGE_DONE=0, POWER_SUPPLY_CHARGE_TYPE=N/A, POWER_SUPPLY_CHARGE_RATE=None, POWER_SUPPLY_CURRENT_NOW=-112457, POWER_SUPPLY_SYSTEM_TEMP_LEVEL=0, POWER_SUPPLY_PRESENT=1, POWER_SUPPLY_PARALLEL_DISABLE=0, POWER_SUPPLY_CHARGE_FULL=3615000, SUBSYSTEM=power_supply, POWER_SUPPLY_SET_SHIP_MODE=0, POWER_SUPPLY_TEMP=203, ACTION=change, POWER_SUPPLY_RERUN_AICL=0, POWER_SUPPLY_AGE=100, POWER_SUPPLY_NAME=battery, POWER_SUPPLY_VOLTAGE_MAX=-22, POWER_SUPPLY_CONSTANT_CHARGE_CURRENT_MAX=2000000, POWER_SUPPLY_CHARGE_COUNTER=2602800, POWER_SUPPLY_STEP_CHARGING_ENABLED=0, POWER_SUPPLY_NUM_SYSTEM_TEMP_LEVELS=8, POWER_SUPPLY_DIE_HEALTH=Hot, POWER_SUPPLY_INPUT_SUSPEND=0}
04-22 08:46:10.480  1746  1766 W Looper  : Slow dispatch took 477ms android.fg h=android.os.Handler c=com.android.server.-$$Lambda$NetworkManagementService$NetdUnsolicitedEventListener$0xWa9DGxTnoGVHppsM-nng2PygE@772b0bb m=0
04-22 09:01:35.405  1746  2064 D BatteryService: uevent={POWER_SUPPLY_DP_DM=0, POWER_SUPPLY_VOLTAGE_NOW=4037355, POWER_SUPPLY_SW_JEITA_ENABLED=0, POWER_SUPPLY_CHARGE_CONTROL_LIMIT_MAX=8, POWER_SUPPLY_RECHARGE_SOC=99, POWER_SUPPLY_HEALTH=Good, POWER_SUPPLY_TECHNOLOGY=Li-ion, POWER_SUPPLY_FCC_STEPPER_ENABLE=0, SEQNUM=600971, POWER_SUPPLY_INPUT_CURRENT_LIMITED=0, POWER_SUPPLY_CHARGE_CONTROL_LIMIT=0, POWER_SUPPLY_BATTERY_CHARGING_ENABLED=1, POWER_SUPPLY_STATUS=Discharging, POWER_SUPPLY_CYCLE_COUNT=1, POWER_SUPPLY_CURRENT_MAX=2000000, POWER_SUPPLY_CHARGE_TERM_CURRENT=-101, POWER_SUPPLY_CAPACITY=73, DEVPATH=/devices/platform/soc/200f000.qcom,spmi/spmi-0/spmi0-02/200f000.qcom,spmi:qcom,pmi632@2:qcom,qpnp-smb5/power_supply/battery, POWER_SUPPLY_CHARGE_DONE=0, POWER_SUPPLY_CHARGE_TYPE=N/A, POWER_SUPPLY_CHARGE_RATE=None, POWER_SUPPLY_CURRENT_NOW=-204162, POWER_SUPPLY_SYSTEM_TEMP_LEVEL=0, POWER_SUPPLY_PRESENT=1, POWER_SUPPLY_PARALLEL_DISABLE=0, POWER_SUPPLY_CHARGE_FULL=3615000, SUBSYSTEM=power_supply, POWER_SUPPLY_SET_SHIP_MODE=0, POWER_SUPPLY_TEMP=206, ACTION=change, POWER_SUPPLY_RERUN_AICL=0, POWER_SUPPLY_AGE=100, POWER_SUPPLY_NAME=battery, POWER_SUPPLY_VOLTAGE_MAX=-22, POWER_SUPPLY_CONSTANT_CHARGE_CURRENT_MAX=2000000, POWER_SUPPLY_CHARGE_COUNTER=2602800, POWER_SUPPLY_STEP_CHARGING_ENABLED=0, POWER_SUPPLY_NUM_SYSTEM_TEMP_LEVELS=8, POWER_SUPPLY_DIE_HEALTH=Hot, POWER_SUPPLY_INPUT_SUSPEND=0}
04-22 09:14:43.845  1746  2064 D BatteryService: uevent={POWER_SUPPLY_DP_DM=0, POWER_SUPPLY_VOLTAGE_NOW=4052342, POWER_SUPPLY_SW_JEITA_ENABLED=0, POWER_SUPPLY_CHARGE_CONTROL_LIMIT_MAX=8, POWER_SUPPLY_RECHARGE_SOC=99, POWER_SUPPLY_HEALTH=Good, POWER_SUPPLY_TECHNOLOGY=Li-ion, POWER_SUPPLY_FCC_STEPPER_ENABLE=0, SEQNUM=604353, POWER_SUPPLY_INPUT_CURRENT_LIMITED=0, POWER_SUPPLY_CHARGE_CONTROL_LIMIT=0, POWER_SUPPLY_BATTERY_CHARGING_ENABLED=1, POWER_SUPPLY_STATUS=Discharging, POWER_SUPPLY_CYCLE_COUNT=1, POWER_SUPPLY_CURRENT_MAX=2000000, POWER_SUPPLY_CHARGE_TERM_CURRENT=-101, POWER_SUPPLY_CAPACITY=73, DEVPATH=/devices/platform/soc/200f000.qcom,spmi/spmi-0/spmi0-02/200f000.qcom,spmi:qcom,pmi632@2:qcom,qpnp-smb5/power_supply/battery, POWER_SUPPLY_CHARGE_DONE=0, POWER_SUPPLY_CHARGE_TYPE=N/A, POWER_SUPPLY_CHARGE_RATE=None, POWER_SUPPLY_CURRENT_NOW=-54321, POWER_SUPPLY_SYSTEM_TEMP_LEVEL=0, POWER_SUPPLY_PRESENT=1, POWER_SUPPLY_PARALLEL_DISABLE=0, POWER_SUPPLY_CHARGE_FULL=3615000, SUBSYSTEM=power_supply, POWER_SUPPLY_SET_SHIP_MODE=0, POWER_SUPPLY_TEMP=208, ACTION=change, POWER_SUPPLY_RERUN_AICL=0, POWER_SUPPLY_AGE=100, POWER_SUPPLY_NAME=battery, POWER_SUPPLY_VOLTAGE_MAX=-22, POWER_SUPPLY_CONSTANT_CHARGE_CURRENT_MAX=2000000, POWER_SUPPLY_CHARGE_COUNTER=2602800, POWER_SUPPLY_STEP_CHARGING_ENABLED=0, POWER_SUPPLY_NUM_SYSTEM_TEMP_LEVELS=8, POWER_SUPPLY_DIE_HEALTH=Hot, POWER_SUPPLY_INPUT_SUSPEND=0}
04-22 09:27:30.747  1746  1746 W Looper  : Slow dispatch took 130ms main h=com.android.server.AlarmManagerService$AlarmHandler c=com.android.server.-$$Lambda$AlarmManagerService$2$Eo-D98J-N9R2METkD-12gPs320c@948631d m=0
04-22 09:27:30.911  1746  1777 I ActivityManager: Start proc 21539:com.motorola.lifetimedata/u0a106 for broadcast {com.motorola.lifetimedata/com.motorola.lifetimedata.LifetimeDataReceiver}
04-22 09:27:30.921  1746  2251 D ConnectivityService: Blocked status changed to false for 10120(160) on netId 100
04-22 09:27:30.932  1746  2251 D ConnectivityService: Blocked status changed to false for 10107(22) on netId 100
04-22 09:27:30.933  1746  2251 D ConnectivityService: Blocked status changed to false for 10107(23) on netId 100
04-22 09:27:31.227  1746  1777 I ActivityManager: Start proc 21581:com.google.android.apps.messaging/u0a179 for service {com.google.android.apps.messaging/com.firebase.jobdispatcher.GooglePlayReceiver}
04-22 09:27:31.524  1746  7096 W ActivityManager: Background start not allowed: service Intent { cmp=com.google.android.apps.messaging/.shared.datamodel.action.execution.ActionExecutorImpl$EmptyService } to com.google.android.apps.messaging/.shared.datamodel.action.execution.ActionExecutorImpl$EmptyService from pid=21581 uid=10179 pkg=com.google.android.apps.messaging startFg?=false
04-22 09:27:31.573  1746  2557 W ActivityManager: Background start not allowed: service Intent { cmp=com.google.android.apps.messaging/.shared.datamodel.action.execution.ActionExecutorImpl$EmptyService } to com.google.android.apps.messaging/.shared.datamodel.action.execution.ActionExecutorImpl$EmptyService from pid=21581 uid=10179 pkg=com.google.android.apps.messaging startFg?=false
04-22 09:27:31.616  1746  1777 I ActivityManager: Start proc 21637:com.android.providers.calendar/u0a59 for broadcast {com.android.providers.calendar/com.android.providers.calendar.CalendarProviderBroadcastReceiver}
04-22 09:27:31.695 20079 21108 W Binder  : reply too large data on java level: InterfaceDescriptor = null, code = 46
04-22 09:27:31.804  1746  1777 I ActivityManager: Start proc 21674:com.google.android.apps.maps/u0a205 for broadcast {com.google.android.apps.maps/com.google.android.apps.gmm.directions.commute.setup.service.CommuteSetupBroadcastReceiver}
04-22 09:27:32.425  1746  2739 I DropBoxManagerService: add tag=event_data isTagEnabled=true flags=0x2
04-22 09:27:32.429  1746  7096 I ActivityManager: Killing 18993:android.process.media/u0a56 (adj 985): empty #17
04-22 09:27:32.433  1746  1776 W BroadcastQueue: Background execution not allowed: receiving Intent { act=android.intent.action.DROPBOX_ENTRY_ADDED flg=0x10 (has extras) } to com.google.android.gms/.stats.service.DropBoxEntryAddedReceiver
04-22 09:27:32.434  1746  1776 W BroadcastQueue: Background execution not allowed: receiving Intent { act=android.intent.action.DROPBOX_ENTRY_ADDED flg=0x10 (has extras) } to com.google.android.gms/.chimera.GmsIntentOperationService$PersistentTrustedReceiver
04-22 09:27:32.500  1746  5335 I DropBoxManagerService: add tag=platform_stats_bookmark isTagEnabled=true flags=0x2
04-22 09:27:32.506  1746  1776 W BroadcastQueue: Background execution not allowed: receiving Intent { act=android.intent.action.DROPBOX_ENTRY_ADDED flg=0x10 (has extras) } to com.google.android.gms/.stats.service.DropBoxEntryAddedReceiver
04-22 09:27:32.506  1746  1776 W BroadcastQueue: Background execution not allowed: receiving Intent { act=android.intent.action.DROPBOX_ENTRY_ADDED flg=0x10 (has extras) } to com.google.android.gms/.chimera.GmsIntentOperationService$PersistentTrustedReceiver
04-22 09:27:32.509  1746  2739 D ActivityManager: makeInactive, ProcessRecord{9c4720 18993:android.process.media/u0a56}, clear holder.state
04-22 09:27:33.965  1746  1777 I ActivityManager: Start proc 21759:com.google.android.apps.nbu.files/u0a125 for service {com.google.android.apps.nbu.files/com.google.android.apps.nbu.files.notifications.NotificationService}
04-22 09:27:33.978  1746  2165 I WatchlistLoggingHandler: Start aggregating watchlist records.
04-22 09:27:33.983  1746  1746 V SettingsProvider: Notifying for 0: content://settings/global/network_watchlist_last_report_time
04-22 09:27:33.993  1746  1777 I ActivityManager: Start proc 21771:com.google.android.apps.wellbeing/u0a105 for service {com.google.android.apps.wellbeing/androidx.work.impl.background.systemjob.SystemJobService}
04-22 09:27:34.013  1746  1777 I ActivityManager: Start proc 21791:com.qualcomm.qti.qms.service.connectionsecurity/u0a99 for service {com.qualcomm.qti.qms.service.connectionsecurity/com.qualcomm.qti.qms.service.connectionsecurity.cloud.ReportJobService}
04-22 09:27:34.048  1746  1777 I ActivityManager: Start proc 21815:com.google.android.partnersetup/u0a115 for service {com.google.android.partnersetup/com.google.android.partnersetup.InstalledAppJobService}
04-22 09:27:34.062  1746  1777 I ActivityManager: Start proc 21836:com.google.android.apps.turbo:aab/u0a142 for service {com.google.android.apps.turbo/com.google.android.libraries.smartbattery.appusage.library.InferAppBucketsJob}
04-22 09:27:34.099  1746  1777 I ActivityManager: Start proc 21854:com.google.android.setupwizard/u0a130 for service {com.google.android.setupwizard/com.google.android.setupwizard.deferred.DeferredSetupScheduler}
04-22 09:27:34.137  1746  2165 I WatchlistLoggingHandler: Milliseconds spent on tryAggregateRecords(): 159
04-22 09:27:34.188  1746  3667 I ActivityManager: Killing 20866:com.google.android.apps.work.oobconfig/u0a119 (adj 985): empty #17
04-22 09:27:34.204  1746  1777 I ActivityManager: Start proc 21917:com.google.android.apps.docs/u0a192 for service {com.google.android.apps.docs/com.google.android.libraries.internal.growth.growthkit.internal.jobs.impl.GrowthKitJobService}
04-22 09:27:34.253  1746  2739 D ActivityManager: makeInactive, ProcessRecord{3375173 20866:com.google.android.apps.work.oobconfig/u0a119}, clear holder.state
04-22 09:27:34.447  1746  3667 D ConnectivityService: Returning UNBLOCKED NetworkInfo to uid=10142
04-22 09:27:34.545  1746  1764 W ProcessStats: Tracking association SourceState{bc93a89 com.google.android.gms.persistent/10157 ImpFg #70691} whose proc state 2 is better than process ProcessState{6967adf com.google.android.gms/10157 pkg=com.google.android.gms} proc state 3 (71 skipped)
04-22 09:27:34.583  1746  5335 I ActivityManager: Killing 20860:com.google.android.configupdater/u0a112 (adj 985): empty #17
04-22 09:27:34.589  1746  1777 I ActivityManager: Start proc 22009:com.google.android.contacts/u0a178 for service {com.google.android.contacts/com.google.android.libraries.internal.growth.growthkit.internal.jobs.impl.GrowthKitJobService}
04-22 09:27:34.657  1746  3447 D ActivityManager: makeInactive, ProcessRecord{9544fb1 20860:com.google.android.configupdater/u0a112}, clear holder.state
04-22 09:27:34.831  1746  2235 I ActivityManager: Killing 20929:com.android.keychain/1000 (adj 985): empty #17
04-22 09:27:34.859  1746  1777 I ActivityManager: Start proc 22059:com.google.android.apps.tachyon/u0a199 for service {com.google.android.apps.tachyon/com.google.android.libraries.internal.growth.growthkit.internal.jobs.impl.GrowthKitJobService}
04-22 09:27:34.883  1746  2251 D ConnectivityService: Blocked status changed to true for 10130(161) on netId 100
04-22 09:27:34.883  1746  2251 D ConnectivityService: Blocked status changed to true for 10130(162) on netId 100
04-22 09:27:34.900  1746  2828 D ActivityManager: makeInactive, ProcessRecord{3dccad0 20929:com.android.keychain/1000}, clear holder.state
04-22 09:27:34.911  1746  2828 I ActivityManager: Killing 21117:com.motorola.invisiblenet/u0a156 (adj 985): empty #17
04-22 09:27:34.932  1746  1777 I ActivityManager: Start proc 22083:com.google.android.dialer/u0a133 for service {com.google.android.dialer/com.google.android.libraries.internal.growth.growthkit.internal.jobs.impl.GrowthKitJobService}
04-22 09:27:35.000  1746  5335 D ConnectivityService: Returning UNBLOCKED NetworkInfo to uid=10120
04-22 09:27:35.068  1746  2828 D ActivityManager: makeInactive, ProcessRecord{546242c 21117:com.motorola.invisiblenet/u0a156}, clear holder.state
04-22 09:27:35.187  1746  1746 I RoleManagerService: Granting default permissions...
04-22 09:27:35.192  1746  2662 W LocationProviderProxy: Odd, no component found for service com.android.location.service.v3.NetworkLocationProvider
04-22 09:27:35.395  1746  1746 W Looper  : Slow dispatch took 202ms main h=android.app.ActivityThread$H c=android.app.-$$Lambda$LoadedApk$ReceiverDispatcher$Args$_BumDX2UKsnxLVrE6UJsJZkotuA@1af7afa m=0
04-22 09:27:35.396  1746  1746 W Looper  : Slow delivery took 209ms main h=android.app.ActivityThread$H c=android.app.-$$Lambda$LoadedApk$ReceiverDispatcher$Args$_BumDX2UKsnxLVrE6UJsJZkotuA@68bb8ab m=0
04-22 09:27:35.445  1746  1766 W Looper  : Slow delivery took 205ms android.fg h=android.os.Handler c=<recycled PooledLambda@416414c> m=0
04-22 09:27:35.534  1746  1746 W Looper  : Slow dispatch took 125ms main h=android.app.ActivityThread$H c=android.app.-$$Lambda$LoadedApk$ReceiverDispatcher$Args$_BumDX2UKsnxLVrE6UJsJZkotuA@6141a0c m=0
04-22 09:27:35.534  1746  1746 I TelecomService: DefaultDialerCache: Refreshing default dialer for user 0: now com.google.android.dialer: DDC.oR@Ah0
04-22 09:27:35.563  1746  1746 W Looper  : Drained
04-22 09:27:35.614  1746  1777 I ActivityManager: Start proc 22220:com.google.android.apps.docs.editors.docs/u0a210 for broadcast {com.google.android.apps.docs.editors.docs/com.google.android.libraries.phenotype.client.stable.PhenotypeUpdateBackgroundBroadcastReceiver}
04-22 09:27:35.654  1746  1766 W Looper  : Drained
04-22 09:27:35.879  1746  1775 I RoleUserState: Wrote roles.xml successfully
04-22 09:27:36.066  1746  2828 D ConnectivityService: requestNetwork for uid/pid:10199/22059 NetworkRequest [ TRACK_DEFAULT id=163, [ Capabilities: INTERNET&NOT_RESTRICTED&TRUSTED Uid: 10199] ]
04-22 09:27:36.335  1746  1777 I ActivityManager: Start proc 22299:com.google.android.apps.docs.editors.slides/u0a212 for broadcast {com.google.android.apps.docs.editors.slides/com.google.android.libraries.phenotype.client.stable.PhenotypeUpdateBackgroundBroadcastReceiver}
04-22 09:27:36.361  1746  4965 D ConnectivityService: requestNetwork for uid/pid:10133/22083 NetworkRequest [ TRACK_DEFAULT id=165, [ Capabilities: INTERNET&NOT_RESTRICTED&TRUSTED Uid: 10133] ]
04-22 09:27:36.795 20079 21190 W Binder  : reply too large data on java level: InterfaceDescriptor = null, code = 46
04-22 09:27:36.884  1746  1764 I ActivityManager: Killing 21201:com.google.android.gms.ui/u0a157 (adj 985): empty #17
04-22 09:27:36.967  1746  3667 W ActivityManager: Failed delivering service starts
04-22 09:27:36.967  1746  3667 W ActivityManager: android.os.DeadObjectException
04-22 09:27:36.967  1746  3667 W ActivityManager: 	at android.os.BinderProxy.transactNative(Native Method)
04-22 09:27:36.967  1746  3667 W ActivityManager: 	at android.os.BinderProxy.transact(BinderProxy.java:511)
04-22 09:27:36.967  1746  3667 W ActivityManager: 	at android.app.IApplicationThread$Stub$Proxy.scheduleServiceArgs(IApplicationThread.java:1609)
04-22 09:27:36.967  1746  3667 W ActivityManager: 	at com.android.server.am.ActiveServices.sendServiceArgsLocked(ActiveServices.java:2853)
04-22 09:27:36.967  1746  3667 W ActivityManager: 	at com.android.server.am.ActiveServices.bringUpServiceLocked(ActiveServices.java:2530)
04-22 09:27:36.967  1746  3667 W ActivityManager: 	at com.android.server.am.ActiveServices.startServiceInnerLocked(ActiveServices.java:714)
04-22 09:27:36.967  1746  3667 W ActivityManager: 	at com.android.server.am.ActiveServices.startServiceLocked(ActiveServices.java:653)
04-22 09:27:36.967  1746  3667 W ActivityManager: 	at com.android.server.am.ActiveServices.startServiceLocked(ActiveServices.java:406)
04-22 09:27:36.967  1746  3667 W ActivityManager: 	at com.android.server.am.ActivityManagerService.startService(ActivityManagerService.java:14542)
04-22 09:27:36.967  1746  3667 W ActivityManager: 	at android.app.IActivityManager$Stub.onTransact(IActivityManager.java:2290)
04-22 09:27:36.967  1746  3667 W ActivityManager: 	at com.android.server.am.ActivityManagerService.onTransact(ActivityManagerService.java:3092)
04-22 09:27:36.967  1746  3667 W ActivityManager: 	at android.os.Binder.execTransactInternal(Binder.java:1036)
04-22 09:27:36.967  1746  3667 W ActivityManager: 	at android.os.Binder.execTransact(Binder.java:1003)
04-22 09:27:36.972  1746  2235 W ActivityManager: Failed delivering service starts
04-22 09:27:36.972  1746  2235 W ActivityManager: android.os.DeadObjectException
04-22 09:27:36.972  1746  2235 W ActivityManager: 	at android.os.BinderProxy.transactNative(Native Method)
04-22 09:27:36.972  1746  2235 W ActivityManager: 	at android.os.BinderProxy.transact(BinderProxy.java:511)
04-22 09:27:36.972  1746  2235 W ActivityManager: 	at android.app.IApplicationThread$Stub$Proxy.scheduleServiceArgs(IApplicationThread.java:1609)
04-22 09:27:36.972  1746  2235 W ActivityManager: 	at com.android.server.am.ActiveServices.sendServiceArgsLocked(ActiveServices.java:2853)
04-22 09:27:36.972  1746  2235 W ActivityManager: 	at com.android.server.am.ActiveServices.bringUpServiceLocked(ActiveServices.java:2530)
04-22 09:27:36.972  1746  2235 W ActivityManager: 	at com.android.server.am.ActiveServices.startServiceInnerLocked(ActiveServices.java:714)
04-22 09:27:36.972  1746  2235 W ActivityManager: 	at com.android.server.am.ActiveServices.startServiceLocked(ActiveServices.java:653)
04-22 09:27:36.972  1746  2235 W ActivityManager: 	at com.android.server.am.ActiveServices.startServiceLocked(ActiveServices.java:406)
04-22 09:27:36.972  1746  2235 W ActivityManager: 	at com.android.server.am.ActivityManagerService.startService(ActivityManagerService.java:14542)
04-22 09:27:36.972  1746  2235 W ActivityManager: 	at android.app.IActivityManager$Stub.onTransact(IActivityManager.java:2290)
04-22 09:27:36.972  1746  2235 W ActivityManager: 	at com.android.server.am.ActivityManagerService.onTransact(ActivityManagerService.java:3092)
04-22 09:27:36.972  1746  2235 W ActivityManager: 	at android.os.Binder.execTransactInternal(Binder.java:1036)
04-22 09:27:36.972  1746  2235 W ActivityManager: 	at android.os.Binder.execTransact(Binder.java:1003)
04-22 09:27:36.978  1746  2235 W ActivityManager: Failed delivering service starts
04-22 09:27:36.978  1746  2235 W ActivityManager: android.os.DeadObjectException
04-22 09:27:36.978  1746  2235 W ActivityManager: 	at android.os.BinderProxy.transactNative(Native Method)
04-22 09:27:36.978  1746  2235 W ActivityManager: 	at android.os.BinderProxy.transact(BinderProxy.java:511)
04-22 09:27:36.978  1746  2235 W ActivityManager: 	at android.app.IApplicationThread$Stub$Proxy.scheduleServiceArgs(IApplicationThread.java:1609)
04-22 09:27:36.978  1746  2235 W ActivityManager: 	at com.android.server.am.ActiveServices.sendServiceArgsLocked(ActiveServices.java:2853)
04-22 09:27:36.978  1746  2235 W ActivityManager: 	at com.android.server.am.ActiveServices.bringUpServiceLocked(ActiveServices.java:2530)
04-22 09:27:36.978  1746  2235 W ActivityManager: 	at com.android.server.am.ActiveServices.startServiceInnerLocked(ActiveServices.java:714)
04-22 09:27:36.978  1746  2235 W ActivityManager: 	at com.android.server.am.ActiveServices.startServiceLocked(ActiveServices.java:653)
04-22 09:27:36.978  1746  2235 W ActivityManager: 	at com.android.server.am.ActiveServices.startServiceLocked(ActiveServices.java:406)
04-22 09:27:36.978  1746  2235 W ActivityManager: 	at com.android.server.am.ActivityManagerService.startService(ActivityManagerService.java:14542)
04-22 09:27:36.978  1746  2235 W ActivityManager: 	at android.app.IActivityManager$Stub.onTransact(IActivityManager.java:2290)
04-22 09:27:36.978  1746  2235 W ActivityManager: 	at com.android.server.am.ActivityManagerService.onTransact(ActivityManagerService.java:3092)
04-22 09:27:36.978  1746  2235 W ActivityManager: 	at android.os.Binder.execTransactInternal(Binder.java:1036)
04-22 09:27:36.978  1746  2235 W ActivityManager: 	at android.os.Binder.execTransact(Binder.java:1003)
04-22 09:27:36.985  1746  1764 W ActivityManager: Failed delivering service starts
04-22 09:27:36.985  1746  1764 W ActivityManager: android.os.DeadObjectException
04-22 09:27:36.985  1746  1764 W ActivityManager: 	at android.os.BinderProxy.transactNative(Native Method)
04-22 09:27:36.985  1746  1764 W ActivityManager: 	at android.os.BinderProxy.transact(BinderProxy.java:511)
04-22 09:27:36.985  1746  1764 W ActivityManager: 	at android.app.IApplicationThread$Stub$Proxy.scheduleServiceArgs(IApplicationThread.java:1609)
04-22 09:27:36.985  1746  1764 W ActivityManager: 	at com.android.server.am.ActiveServices.sendServiceArgsLocked(ActiveServices.java:2853)
04-22 09:27:36.985  1746  1764 W ActivityManager: 	at com.android.server.am.ActiveServices.bringUpServiceLocked(ActiveServices.java:2530)
04-22 09:27:36.985  1746  1764 W ActivityManager: 	at com.android.server.am.ActiveServices.startServiceInnerLocked(ActiveServices.java:714)
04-22 09:27:36.985  1746  1764 W ActivityManager: 	at com.android.server.am.ActiveServices.startServiceLocked(ActiveServices.java:653)
04-22 09:27:36.985  1746  1764 W ActivityManager: 	at com.android.server.am.ActiveServices.startServiceLocked(ActiveServices.java:406)
04-22 09:27:36.985  1746  1764 W ActivityManager: 	at com.android.server.am.ActivityManagerService.startService(ActivityManagerService.java:14542)
04-22 09:27:36.985  1746  1764 W ActivityManager: 	at android.app.IActivityManager$Stub.onTransact(IActivityManager.java:2290)
04-22 09:27:36.985  1746  1764 W ActivityManager: 	at com.android.server.am.ActivityManagerService.onTransact(ActivityManagerService.java:3092)
04-22 09:27:36.985  1746  1764 W ActivityManager: 	at android.os.Binder.execTransactInternal(Binder.java:1036)
04-22 09:27:36.985  1746  1764 W ActivityManager: 	at android.os.Binder.execTransact(Binder.java:1003)
04-22 09:27:36.994  1746  6609 W ActivityManager: Failed delivering service starts
04-22 09:27:36.994  1746  6609 W ActivityManager: android.os.DeadObjectException
04-22 09:27:36.994  1746  6609 W ActivityManager: 	at android.os.BinderProxy.transactNative(Native Method)
04-22 09:27:36.994  1746  6609 W ActivityManager: 	at android.os.BinderProxy.transact(BinderProxy.java:511)
04-22 09:27:36.994  1746  6609 W ActivityManager: 	at android.app.IApplicationThread$Stub$Proxy.scheduleServiceArgs(IApplicationThread.java:1609)
04-22 09:27:36.994  1746  6609 W ActivityManager: 	at com.android.server.am.ActiveServices.sendServiceArgsLocked(ActiveServices.java:2853)
04-22 09:27:36.994  1746  6609 W ActivityManager: 	at com.android.server.am.ActiveServices.bringUpServiceLocked(ActiveServices.java:2530)
04-22 09:27:36.994  1746  6609 W ActivityManager: 	at com.android.server.am.ActiveServices.startServiceInnerLocked(ActiveServices.java:714)
04-22 09:27:36.994  1746  6609 W ActivityManager: 	at com.android.server.am.ActiveServices.startServiceLocked(ActiveServices.java:653)
04-22 09:27:36.994  1746  6609 W ActivityManager: 	at com.android.server.am.ActiveServices.startServiceLocked(ActiveServices.java:406)
04-22 09:27:36.994  1746  6609 W ActivityManager: 	at com.android.server.am.ActivityManagerService.startService(ActivityManagerService.java:14542)
04-22 09:27:36.994  1746  6609 W ActivityManager: 	at android.app.IActivityManager$Stub.onTransact(IActivityManager.java:2290)
04-22 09:27:36.994  1746  6609 W ActivityManager: 	at com.android.server.am.ActivityManagerService.onTransact(ActivityManagerService.java:3092)
04-22 09:27:36.994  1746  6609 W ActivityManager: 	at android.os.Binder.execTransactInternal(Binder.java:1036)
04-22 09:27:36.994  1746  6609 W ActivityManager: 	at android.os.Binder.execTransact(Binder.java:1003)
04-22 09:27:36.999  1746  2828 I ActivityManager: Killing 21155:com.android.vending:download_service/u0a120 (adj 985): empty #17
04-22 09:27:37.005  1746  6609 W ActivityManager: Failed delivering service starts
04-22 09:27:37.005  1746  6609 W ActivityManager: android.os.DeadObjectException
04-22 09:27:37.005  1746  6609 W ActivityManager: 	at android.os.BinderProxy.transactNative(Native Method)
04-22 09:27:37.005  1746  6609 W ActivityManager: 	at android.os.BinderProxy.transact(BinderProxy.java:511)
04-22 09:27:37.005  1746  6609 W ActivityManager: 	at android.app.IApplicationThread$Stub$Proxy.scheduleServiceArgs(IApplicationThread.java:1609)
04-22 09:27:37.005  1746  6609 W ActivityManager: 	at com.android.server.am.ActiveServices.sendServiceArgsLocked(ActiveServices.java:2853)
04-22 09:27:37.005  1746  6609 W ActivityManager: 	at com.android.server.am.ActiveServices.bringUpServiceLocked(ActiveServices.java:2530)
04-22 09:27:37.005  1746  6609 W ActivityManager: 	at com.android.server.am.ActiveServices.startServiceInnerLocked(ActiveServices.java:714)
04-22 09:27:37.005  1746  6609 W ActivityManager: 	at com.android.server.am.ActiveServices.startServiceLocked(ActiveServices.java:653)
04-22 09:27:37.005  1746  6609 W ActivityManager: 	at com.android.server.am.ActiveServices.startServiceLocked(ActiveServices.java:406)
04-22 09:27:37.005  1746  6609 W ActivityManager: 	at com.android.server.am.ActivityManagerService.startService(ActivityManagerService.java:14542)
04-22 09:27:37.005  1746  6609 W ActivityManager: 	at android.app.IActivityManager$Stub.onTransact(IActivityManager.java:2290)
04-22 09:27:37.005  1746  6609 W ActivityManager: 	at com.android.server.am.ActivityManagerService.onTransact(ActivityManagerService.java:3092)
04-22 09:27:37.005  1746  6609 W ActivityManager: 	at android.os.Binder.execTransactInternal(Binder.java:1036)
04-22 09:27:37.005  1746  6609 W ActivityManager: 	at android.os.Binder.execTransact(Binder.java:1003)
04-22 09:27:37.011  1746  3667 W ActivityManager: Failed delivering service starts
04-22 09:27:37.011  1746  3667 W ActivityManager: android.os.DeadObjectException
04-22 09:27:37.011  1746  3667 W ActivityManager: 	at android.os.BinderProxy.transactNative(Native Method)
04-22 09:27:37.011  1746  3667 W ActivityManager: 	at android.os.BinderProxy.transact(BinderProxy.java:511)
04-22 09:27:37.011  1746  3667 W ActivityManager: 	at android.app.IApplicationThread$Stub$Proxy.scheduleServiceArgs(IApplicationThread.java:1609)
04-22 09:27:37.011  1746  3667 W ActivityManager: 	at com.android.server.am.ActiveServices.sendServiceArgsLocked(ActiveServices.java:2853)
04-22 09:27:37.011  1746  3667 W ActivityManager: 	at com.android.server.am.ActiveServices.bringUpServiceLocked(ActiveServices.java:2530)
04-22 09:27:37.011  1746  3667 W ActivityManager: 	at com.android.server.am.ActiveServices.startServiceInnerLocked(ActiveServices.java:714)
04-22 09:27:37.011  1746  3667 W ActivityManager: 	at com.android.server.am.ActiveServices.startServiceLocked(ActiveServices.java:653)
04-22 09:27:37.011  1746  3667 W ActivityManager: 	at com.android.server.am.ActiveServices.startServiceLocked(ActiveServices.java:406)
04-22 09:27:37.011  1746  3667 W ActivityManager: 	at com.android.server.am.ActivityManagerService.startService(ActivityManagerService.java:14542)
04-22 09:27:37.011  1746  3667 W ActivityManager: 	at android.app.IActivityManager$Stub.onTransact(IActivityManager.java:2290)
04-22 09:27:37.011  1746  3667 W ActivityManager: 	at com.android.server.am.ActivityManagerService.onTransact(ActivityManagerService.java:3092)
04-22 09:27:37.011  1746  3667 W ActivityManager: 	at android.os.Binder.execTransactInternal(Binder.java:1036)
04-22 09:27:37.011  1746  3667 W ActivityManager: 	at android.os.Binder.execTransact(Binder.java:1003)
04-22 09:27:37.019  1746  2828 D ActivityManager: makeInactive, ProcessRecord{cadb7d9 21201:com.google.android.gms.ui/u0a157}, clear holder.state
04-22 09:27:37.019  1746  2828 W ActivityManager: Scheduling restart of crashed service com.google.android.gms/.chimera.UiIntentOperationService in 1000ms
04-22 09:27:37.035  1746  1777 I ActivityManager: Start proc 22381:com.google.android.gms.ui/u0a157 for service {com.google.android.gms/com.google.android.gms.chimera.UiIntentOperationService}
04-22 09:27:37.050  1746  2828 D ConnectivityService: ConnectivityService NetworkRequestInfo binderDied(NetworkRequest [ TRACK_DEFAULT id=160, [ Capabilities: INTERNET&NOT_RESTRICTED&TRUSTED Uid: 10120] ], android.os.BinderProxy@80723f6)
04-22 09:27:37.050  1746  2251 D ConnectivityService: releasing NetworkRequest [ TRACK_DEFAULT id=160, [ Capabilities: INTERNET&NOT_RESTRICTED&TRUSTED Uid: 10120] ] (release request)
04-22 09:27:37.051  1746  7096 D ActivityManager: makeInactive, ProcessRecord{e4373f7 21155:com.android.vending:download_service/u0a120}, clear holder.state
04-22 09:27:37.227  1746  2444 I ActivityManager: Killing 21291:com.motorola.help/u0a64 (adj 985): empty #17
04-22 09:27:37.304  1746  7096 I ActivityManager: Killing 21370:com.google.android.apps.turbo/u0a142 (adj 985): empty #17
04-22 09:27:37.320  1746  1777 I ActivityManager: Start proc 22419:com.google.android.apps.photos/u0a181 for broadcast {com.google.android.apps.photos/com.google.android.apps.photos.experiments.phenotype.full.PhenotypeUpdateBroadcastReceiver}
04-22 09:27:37.334  1746  2739 D ActivityManager: makeInactive, ProcessRecord{563d9f3 21291:com.motorola.help/u0a64}, clear holder.state
04-22 09:27:37.373  1746  7096 I ActivityManager: Killing 21539:com.motorola.lifetimedata/u0a106 (adj 985): empty #17
04-22 09:27:37.387  1746  2828 D ActivityManager: makeInactive, ProcessRecord{f586af6 21370:com.google.android.apps.turbo/u0a142}, clear holder.state
04-22 09:27:37.518  1746  1765 W ActivityManager: Background start not allowed: service Intent { cmp=com.google.android.apps.messaging/.shared.datamodel.action.execution.ActionExecutorImpl$EmptyService } to com.google.android.apps.messaging/.shared.datamodel.action.execution.ActionExecutorImpl$EmptyService from pid=21581 uid=10179 pkg=com.google.android.apps.messaging startFg?=false
04-22 09:27:37.525  1746  1765 W ActivityManager: Background start not allowed: service Intent { cmp=com.google.android.apps.messaging/.shared.datamodel.action.execution.ActionExecutorImpl$EmptyService } to com.google.android.apps.messaging/.shared.datamodel.action.execution.ActionExecutorImpl$EmptyService from pid=21581 uid=10179 pkg=com.google.android.apps.messaging startFg?=false
04-22 09:27:37.529  1746  1765 D ActivityManager: makeInactive, ProcessRecord{6f749de 21539:com.motorola.lifetimedata/u0a106}, clear holder.state
04-22 09:27:37.647  1746 10308 D ConnectivityService: requestNetwork for uid/pid:10179/21581 NetworkRequest [ TRACK_DEFAULT id=167, [ Capabilities: INTERNET&NOT_RESTRICTED&TRUSTED Uid: 10179] ]
04-22 09:27:37.691  1746  2828 W ActivityManager: Background start not allowed: service Intent { cmp=com.google.android.apps.messaging/.shared.datamodel.action.execution.ActionExecutorImpl$EmptyService } to com.google.android.apps.messaging/.shared.datamodel.action.execution.ActionExecutorImpl$EmptyService from pid=21581 uid=10179 pkg=com.google.android.apps.messaging startFg?=false
04-22 09:27:37.863  1746  1777 I ActivityManager: Start proc 22511:com.google.android.apps.docs.editors.sheets/u0a211 for broadcast {com.google.android.apps.docs.editors.sheets/com.google.android.libraries.phenotype.client.stable.PhenotypeUpdateBackgroundBroadcastReceiver}
04-22 09:27:38.165  1746  2828 I ActivityManager: Killing 21637:com.android.providers.calendar/u0a59 (adj 985): empty #17
04-22 09:27:38.227  1746  2739 D ActivityManager: makeInactive, ProcessRecord{4e729fe 21637:com.android.providers.calendar/u0a59}, clear holder.state
04-22 09:27:38.596  1746 10308 I ActivityManager: Killing 21674:com.google.android.apps.maps/u0a205 (adj 985): empty #17
04-22 09:27:38.667  1746  9754 D ActivityManager: makeInactive, ProcessRecord{e692a1d 21674:com.google.android.apps.maps/u0a205}, clear holder.state
04-22 09:27:38.671  1746  1777 I ActivityManager: Start proc 22586:com.google.android.apps.magazines/u0a214 for broadcast {com.google.android.apps.magazines/com.google.android.libraries.internal.growth.growthkit.internal.experiments.impl.PhenotypeBroadcastReceiver}
04-22 09:27:38.935  1746  3666 D ConnectivityService: requestNetwork for uid/pid:10214/22586 NetworkRequest [ TRACK_DEFAULT id=169, [ Capabilities: INTERNET&NOT_RESTRICTED&TRUSTED Uid: 10214] ]
04-22 09:27:39.025  1746  3447 W AppOps  : Noting op not finished: uid 10157 pkg com.google.android.gms code 79 time=1619076969309 duration=-1618944997487
04-22 09:27:39.027  1746  9754 W AppOps  : Noting op not finished: uid 10157 pkg com.google.android.gms code 79 time=1619098059025 duration=0
04-22 09:27:39.051  1746  9754 I ActivityManager: Killing 21815:com.google.android.partnersetup/u0a115 (adj 985): empty #17
04-22 09:27:39.065  1746  1777 I ActivityManager: Start proc 22620:com.google.android.apps.chromecast.app/u0a209 for broadcast {com.google.android.apps.chromecast.app/com.google.android.apps.chromecast.app.util.phenotype.PhenotypeBroadcastReceiver}
04-22 09:27:39.157  1746  3666 D ActivityManager: makeInactive, ProcessRecord{19c9232 21815:com.google.android.partnersetup/u0a115}, clear holder.state
04-22 09:27:39.165  1746  3447 D ConnectivityService: requestNetwork for uid/pid:10214/22586 NetworkRequest [ TRACK_DEFAULT id=170, [ Capabilities: INTERNET&NOT_RESTRICTED&TRUSTED Uid: 10214] ]
04-22 09:27:39.363  1746  3447 D ConnectivityService: Returning BLOCKED NetworkInfo to uid=10130
04-22 09:27:39.643  1746  2064 D BatteryService: uevent={POWER_SUPPLY_DP_DM=0, POWER_SUPPLY_VOLTAGE_NOW=4015750, POWER_SUPPLY_SW_JEITA_ENABLED=0, POWER_SUPPLY_CHARGE_CONTROL_LIMIT_MAX=8, POWER_SUPPLY_RECHARGE_SOC=99, POWER_SUPPLY_HEALTH=Good, POWER_SUPPLY_TECHNOLOGY=Li-ion, POWER_SUPPLY_FCC_STEPPER_ENABLE=0, SEQNUM=607276, POWER_SUPPLY_INPUT_CURRENT_LIMITED=0, POWER_SUPPLY_CHARGE_CONTROL_LIMIT=0, POWER_SUPPLY_BATTERY_CHARGING_ENABLED=1, POWER_SUPPLY_STATUS=Discharging, POWER_SUPPLY_CYCLE_COUNT=1, POWER_SUPPLY_CURRENT_MAX=2000000, POWER_SUPPLY_CHARGE_TERM_CURRENT=-101, POWER_SUPPLY_CAPACITY=73, DEVPATH=/devices/platform/soc/200f000.qcom,spmi/spmi-0/spmi0-02/200f000.qcom,spmi:qcom,pmi632@2:qcom,qpnp-smb5/power_supply/battery, POWER_SUPPLY_CHARGE_DONE=0, POWER_SUPPLY_CHARGE_TYPE=N/A, POWER_SUPPLY_CHARGE_RATE=None, POWER_SUPPLY_CURRENT_NOW=-265808, POWER_SUPPLY_SYSTEM_TEMP_LEVEL=0, POWER_SUPPLY_PRESENT=1, POWER_SUPPLY_PARALLEL_DISABLE=0, POWER_SUPPLY_CHARGE_FULL=3615000, SUBSYSTEM=power_supply, POWER_SUPPLY_SET_SHIP_MODE=0, POWER_SUPPLY_TEMP=210, ACTION=change, POWER_SUPPLY_RERUN_AICL=0, POWER_SUPPLY_AGE=100, POWER_SUPPLY_NAME=battery, POWER_SUPPLY_VOLTAGE_MAX=-22, POWER_SUPPLY_CONSTANT_CHARGE_CURRENT_MAX=2000000, POWER_SUPPLY_CHARGE_COUNTER=2602800, POWER_SUPPLY_STEP_CHARGING_ENABLED=0, POWER_SUPPLY_NUM_SYSTEM_TEMP_LEVELS=8, POWER_SUPPLY_DIE_HEALTH=Hot, POWER_SUPPLY_INPUT_SUSPEND=0}
04-22 09:27:40.006  1746 10308 I ActivityManager: Killing 21854:com.google.android.setupwizard/u0a130 (adj 985): empty #17
04-22 09:27:40.028  1746  1777 I ActivityManager: Start proc 22740:com.google.android.apps.subscriptions.red/u0a208 for broadcast {com.google.android.apps.subscriptions.red/com.google.android.libraries.internal.growth.growthkit.internal.experiments.impl.PhenotypeBroadcastReceiver}
04-22 09:27:40.126  1746  2235 D ConnectivityService: ConnectivityService NetworkRequestInfo binderDied(NetworkRequest [ LISTEN id=161, [ Transports: WIFI Capabilities: NOT_VPN Uid: 10130] ], android.os.BinderProxy@568cdc0)
04-22 09:27:40.126  1746  4804 D ConnectivityService: ConnectivityService NetworkRequestInfo binderDied(NetworkRequest [ LISTEN id=162, [ Transports: WIFI Capabilities: NOT_RESTRICTED&TRUSTED&NOT_VPN Uid: 10130] ], android.os.BinderProxy@ed04af9)
04-22 09:27:40.126  1746  1764 D ActivityManager: makeInactive, ProcessRecord{aed6bf4 21854:com.google.android.setupwizard/u0a130}, clear holder.state
04-22 09:27:40.658  1746  2662 W LocationProviderProxy: Odd, no component found for service com.android.location.service.v3.NetworkLocationProvider
04-22 09:27:40.773  1746  6609 I ActivityManager: Killing 21771:com.google.android.apps.wellbeing/u0a105 (adj 985): empty #17
04-22 09:27:40.787  1746  1777 I ActivityManager: Start proc 22786:com.google.android.apps.walletnfcrel/u0a213 for broadcast {com.google.android.apps.walletnfcrel/com.google.android.libraries.notifications.entrypoints.phenotype.PhenotypeUpdateReceiver}
04-22 09:27:40.838  1746  1746 W Looper  : Slow dispatch took 109ms main h=android.app.ActivityThread$H c=android.app.-$$Lambda$LoadedApk$ReceiverDispatcher$Args$_BumDX2UKsnxLVrE6UJsJZkotuA@94f7e9d m=0
04-22 09:27:40.838  1746  1746 I TelecomService: DefaultDialerCache: Refreshing default dialer for user 0: now com.google.android.dialer: DDC.oR@AiE
04-22 09:27:40.841  1746  1764 D ActivityManager: makeInactive, ProcessRecord{1dac12c 21771:com.google.android.apps.wellbeing/u0a105}, clear holder.state
04-22 09:27:41.293  1746  1764 D ConnectivityService: requestNetwork for uid/pid:10213/22786 NetworkRequest [ TRACK_DEFAULT id=172, [ Capabilities: INTERNET&NOT_RESTRICTED&TRUSTED Uid: 10213] ]
04-22 09:27:41.701  1746  6609 I ActivityManager: Killing 21836:com.google.android.apps.turbo:aab/u0a142 (adj 985): empty #17
04-22 09:27:41.746  1746  7304 D ActivityManager: makeInactive, ProcessRecord{92e5490 21836:com.google.android.apps.turbo:aab/u0a142}, clear holder.state
04-22 09:27:41.848 20079 20663 W Binder  : reply too large data on java level: InterfaceDescriptor = null, code = 46
04-22 09:27:43.847  1746  6609 W ActivityManager: Background start not allowed: service Intent { cmp=com.google.android.apps.messaging/.shared.datamodel.action.execution.ActionExecutorImpl$EmptyService } to com.google.android.apps.messaging/.shared.datamodel.action.execution.ActionExecutorImpl$EmptyService from pid=21581 uid=10179 pkg=com.google.android.apps.messaging startFg?=false
--------- beginning of main
04-22 09:27:43.848 21581 21581 W BugleDataModel: ActionExecutorImpl: Action started execution, but we can't guarantee it will complete, the app may be killed. Action: class com.google.android.apps.messaging.shared.datamodel.action.GenericWorkerQueueAction-GenericWorkerQueueAction:137995026010
04-22 09:27:43.848 21581 21581 W BugleDataModel: java.lang.IllegalStateException: Not allowed to start service Intent { cmp=com.google.android.apps.messaging/.shared.datamodel.action.execution.ActionExecutorImpl$EmptyService }: app is in background uid UidRecord{5cbef3c u0a179 CEM  idle change:cached procs:1 seq(0,0,0)}
04-22 09:27:43.848 21581 21581 W BugleDataModel: 	at android.app.ContextImpl.startServiceCommon(ContextImpl.java:1631)
04-22 09:27:43.848 21581 21581 W BugleDataModel: 	at android.app.ContextImpl.startService(ContextImpl.java:1586)
04-22 09:27:43.848 21581 21581 W BugleDataModel: 	at android.content.ContextWrapper.startService(ContextWrapper.java:669)
04-22 09:27:43.848 21581 21581 W BugleDataModel: 	at com.google.android.apps.messaging.shared.datamodel.action.execution.ActionExecutorImpl.a(PG:94)
04-22 09:27:43.848 21581 21581 W BugleDataModel: 	at com.google.android.apps.messaging.shared.datamodel.action.execution.ActionExecutorImpl.a(PG:89)
04-22 09:27:43.848 21581 21581 W BugleDataModel: 	at fna.c(PG:112)
04-22 09:27:43.848 21581 21581 W BugleDataModel: 	at fmx.run(PG:1)
04-22 09:27:43.848 21581 21581 W BugleDataModel: 	at aajl.run(PG:3)
04-22 09:27:43.848 21581 21581 W BugleDataModel: 	at android.os.Handler.handleCallback(Handler.java:883)
04-22 09:27:43.848 21581 21581 W BugleDataModel: 	at android.os.Handler.dispatchMessage(Handler.java:100)
04-22 09:27:43.848 21581 21581 W BugleDataModel: 	at android.os.Looper.loop(Looper.java:241)
04-22 09:27:43.848 21581 21581 W BugleDataModel: 	at android.app.ActivityThread.main(ActivityThread.java:7604)
04-22 09:27:43.848 21581 21581 W BugleDataModel: 	at java.lang.reflect.Method.invoke(Native Method)
04-22 09:27:43.848 21581 21581 W BugleDataModel: 	at com.android.internal.os.RuntimeInit$MethodAndArgsCaller.run(RuntimeInit.java:492)
04-22 09:27:43.848 21581 21581 W BugleDataModel: 	at com.android.internal.os.ZygoteInit.main(ZygoteInit.java:941)
04-22 09:27:44.208 22620 22649 I .chromecast.ap: Waiting for a blocking GC ProfileSaver
04-22 09:27:44.249 22620 22649 I .chromecast.ap: WaitForGcToComplete blocked ProfileSaver on ClassLinker for 40.982ms
04-22 09:27:44.882  1746  2444 I ActivityManager: Killing 22220:com.google.android.apps.docs.editors.docs/u0a210 (adj 985): empty #17
04-22 09:27:44.934  1746 10308 D ActivityManager: makeInactive, ProcessRecord{68037cb 22220:com.google.android.apps.docs.editors.docs/u0a210}, clear holder.state
04-22 09:27:44.935   725   725 I Zygote  : Process 22220 exited due to signal 9 (Killed)
04-22 09:27:45.900 22786 22804 I ps.walletnfcre: Waiting for a blocking GC ProfileSaver
04-22 09:27:45.955 22786 22804 I ps.walletnfcre: WaitForGcToComplete blocked ProfileSaver on ClassLinker for 54.946ms
04-22 09:27:46.060 17704 17704 I chatty  : uid=10157 com.google.android.gms.persistent expire 11 lines
04-22 09:27:46.818  1746  4804 W ProcessStats: Tracking association SourceState{9f1aaac com.google.android.gms.persistent/10157 ImpFg #71633} whose proc state 2 is better than process ProcessState{6967adf com.google.android.gms/10157 pkg=com.google.android.gms} proc state 3 (156 skipped)
04-22 09:27:46.821 20936 21042 I chatty  : uid=10120(com.android.vending) Thread-6 expire 1 line
04-22 09:27:46.824 20936 22747 I chatty  : uid=10120(com.android.vending) expire 8 lines
04-22 09:27:46.846   724 22870 E ResolverController: No valid NAT64 prefix (100, <unspecified>/0)
04-22 09:27:46.897 21067 21153 I chatty  : uid=10120(com.android.vending) AsyncTask #1 expire 8 lines
04-22 09:27:46.903 20079 20095 I chatty  : uid=10157(com.google.android.gms) Binder:20079_1 expire 1 line
04-22 09:27:46.903 20079 20095 W Binder  : reply too large data on java level: InterfaceDescriptor = null, code = 46
04-22 09:27:46.906 21581 21625 E JavaBinder: !!! FAILED BINDER TRANSACTION !!!  (parcel size = 696)
04-22 09:27:46.907 21581 21625 W GmsClient: IGmsServiceBroker.getService failed
04-22 09:27:46.907 21581 21625 W GmsClient: android.os.DeadObjectException: Transaction failed on small parcel; remote process probably died
04-22 09:27:46.907 21581 21625 W GmsClient: 	at android.os.BinderProxy.transactNative(Native Method)
04-22 09:27:46.907 21581 21625 W GmsClient: 	at android.os.BinderProxy.transact(BinderProxy.java:511)
04-22 09:27:46.907 21581 21625 W GmsClient: 	at qgo.getService(PG:10)
04-22 09:27:46.907 21581 21625 W GmsClient: 	at com.google.android.gms.common.internal.BaseGmsClient.a(PG:107)
04-22 09:27:46.907 21581 21625 W GmsClient: 	at qcy.run(PG:8)
04-22 09:27:46.907 21581 21625 W GmsClient: 	at android.os.Handler.handleCallback(Handler.java:883)
04-22 09:27:46.907 21581 21625 W GmsClient: 	at android.os.Handler.dispatchMessage(Handler.java:100)
04-22 09:27:46.907 21581 21625 W GmsClient: 	at qtd.a(PG:5)
04-22 09:27:46.907 21581 21625 W GmsClient: 	at qtd.dispatchMessage(PG:4)
04-22 09:27:46.907 21581 21625 W GmsClient: 	at android.os.Looper.loop(Looper.java:241)
04-22 09:27:46.907 21581 21625 W GmsClient: 	at android.os.HandlerThread.run(HandlerThread.java:67)
04-22 09:27:46.960 21067 21067 I chatty  : uid=10120 com.android.vending:instant_app_installer expire 3 lines
04-22 09:27:46.968 21067 22875 I chatty  : uid=10120 com.android.vending:instant_app_installer expire 1 line
04-22 09:27:47.043   725   725 D Zygote  : Forked child process 22877
04-22 09:27:47.049  1746  1777 I ActivityManager: Start proc 22877:com.android.vending:download_service/u0a120 for service {com.android.vending/com.google.android.finsky.ipcservers.downloadservice.DownloadServiceGrpcServerAndroidService}
04-22 09:27:47.068 22877 22877 I chatty  : uid=10120(com.android.vending) expire 8 lines
04-22 09:27:47.164 20936 22898 I chatty  : uid=10120(com.android.vending) expire 2 lines
04-22 09:27:47.201 20936 22900 I chatty  : uid=10120(com.android.vending) expire 1 line
04-22 09:27:47.387  1746 10308 D ConnectivityService: requestNetwork for uid/pid:10120/22877 NetworkRequest [ TRACK_DEFAULT id=173, [ Capabilities: INTERNET&NOT_RESTRICTED&TRUSTED Uid: 10120] ]
04-22 09:27:47.389  1746  2246 I chatty  : uid=1000(system) ClientModeImpl expire 2 lines
04-22 09:27:47.389  2506  2506 D PhoneSwitcherNetworkRequstListener: got request NetworkRequest [ TRACK_DEFAULT id=173, [ Capabilities: INTERNET&NOT_RESTRICTED&TRUSTED Uid: 10120] ] with score 60 and serial -1
04-22 09:27:47.428 22620 22620 W HomeApp|jzq: Error encountered while loading android attestation key revocation information bnf
04-22 09:27:47.428 22620 22620 W HomeApp|jzq: bnf
04-22 09:27:47.428 22620 22620 W HomeApp|jzq: 	at bmr.a(PG:90)
04-22 09:27:47.428 22620 22620 W HomeApp|jzq: 	at bmr.run(PG:2)
04-22 09:27:48.375 22786 22786 V ClearcutMetricXmitter: Transmission is done.
04-22 09:27:49.044  1746  7096 I ActivityManager: Killing 22299:com.google.android.apps.docs.editors.slides/u0a212 (adj 985): empty #17
04-22 09:27:49.134  1746  4804 D ActivityManager: makeInactive, ProcessRecord{ccdbf61 22299:com.google.android.apps.docs.editors.slides/u0a212}, clear holder.state
04-22 09:27:49.135   725   725 I Zygote  : Process 22299 exited due to signal 9 (Killed)
04-22 09:27:49.136  1746  1778 I chatty  : uid=1000(system) ActivityManager expire 9 lines
04-22 09:27:49.486   724 22913 E ResolverController: No valid NAT64 prefix (100, <unspecified>/0)
04-22 09:27:49.656 20079 21698 I chatty  : uid=10157(com.google.android.gms) expire 1 line
04-22 09:27:49.831 22620 22676 W HomeApp|kab: Failed to get the json object
04-22 09:27:49.831 22620 22676 W HomeApp|kab: java.util.concurrent.TimeoutException
04-22 09:27:49.831 22620 22676 W HomeApp|kab: 	at boe.c(PG:9)
04-22 09:27:49.831 22620 22676 W HomeApp|kab: 	at boe.get(PG:3)
04-22 09:27:49.831 22620 22676 W HomeApp|kab: 	at kab.g(PG:5)
04-22 09:27:49.831 22620 22676 W HomeApp|kab: 	at jzq.a(PG:9)
04-22 09:27:49.831 22620 22676 W HomeApp|kab: 	at hdv.a(PG:14)
04-22 09:27:49.831 22620 22676 W HomeApp|kab: 	at aabv.c(PG:1)
04-22 09:27:49.831 22620 22676 W HomeApp|kab: 	at aabd.run(PG:4)
04-22 09:27:49.831 22620 22676 W HomeApp|kab: 	at aabx.run(PG:1)
04-22 09:27:49.831 22620 22676 W HomeApp|kab: 	at java.util.concurrent.Executors$RunnableAdapter.call(Executors.java:462)
04-22 09:27:49.831 22620 22676 W HomeApp|kab: 	at java.util.concurrent.FutureTask.run(FutureTask.java:266)
04-22 09:27:49.831 22620 22676 W HomeApp|kab: 	at java.util.concurrent.ScheduledThreadPoolExecutor$ScheduledFutureTask.run(ScheduledThreadPoolExecutor.java:301)
04-22 09:27:49.831 22620 22676 W HomeApp|kab: 	at java.util.concurrent.ThreadPoolExecutor.runWorker(ThreadPoolExecutor.java:1167)
04-22 09:27:49.831 22620 22676 W HomeApp|kab: 	at java.util.concurrent.ThreadPoolExecutor$Worker.run(ThreadPoolExecutor.java:641)
04-22 09:27:49.831 22620 22676 W HomeApp|kab: 	at java.lang.Thread.run(Thread.java:919)
04-22 09:27:49.832 22620 22676 W HomeApp|jzq: Error encountered while loading android attestation key revocation information bng: java.util.concurrent.TimeoutException
04-22 09:27:49.832 22620 22676 W HomeApp|jzq: bng: java.util.concurrent.TimeoutException
04-22 09:27:49.832 22620 22676 W HomeApp|jzq: 	at kab.g(PG:7)
04-22 09:27:49.832 22620 22676 W HomeApp|jzq: 	at jzq.a(PG:9)
04-22 09:27:49.832 22620 22676 W HomeApp|jzq: 	at hdv.a(PG:14)
04-22 09:27:49.832 22620 22676 W HomeApp|jzq: 	at aabv.c(PG:1)
04-22 09:27:49.832 22620 22676 W HomeApp|jzq: 	at aabd.run(PG:4)
04-22 09:27:49.832 22620 22676 W HomeApp|jzq: 	at aabx.run(PG:1)
04-22 09:27:49.832 22620 22676 W HomeApp|jzq: 	at java.util.concurrent.Executors$RunnableAdapter.call(Executors.java:462)
04-22 09:27:49.832 22620 22676 W HomeApp|jzq: 	at java.util.concurrent.FutureTask.run(FutureTask.java:266)
