04-21 20:09:20.395  1746  1775 I chatty  : uid=1000(system) android.bg expire 4 lines
04-21 20:09:20.811 20429 20447 W Binder  : reply too large data on java level: InterfaceDescriptor = null, code = 46
04-21 20:09:33.303 20429 20447 I chatty  : uid=10157(com.google.android.gms) identical 6 lines
04-21 20:09:41.835 20429 20447 W Binder  : reply too large data on java level: InterfaceDescriptor = null, code = 46
04-21 20:09:46.899 20429 20447 W Binder  : reply too large data on java level: InterfaceDescriptor = null, code = 46
04-21 20:10:25.534 20429 20447 W Binder  : reply too large data on java level: InterfaceDescriptor = null, code = 46
04-21 20:10:35.397 20429  4324 W Binder  : reply too large data on java level: InterfaceDescriptor = null, code = 46
04-21 20:10:42.993  1746  9425 I chatty  : uid=1000(system) Binder:1746_1C expire 1 line
04-21 20:10:46.079 20429  4324 W Binder  : reply too large data on java level: InterfaceDescriptor = null, code = 46
04-21 20:11:34.469 20429  4324 I chatty  : uid=10157(com.google.android.gms) identical 5 lines
04-21 20:11:42.315 20429  4324 W Binder  : reply too large data on java level: InterfaceDescriptor = null, code = 46
04-21 20:11:49.093 20429  4324 W Binder  : reply too large data on java level: InterfaceDescriptor = null, code = 46
04-21 20:11:59.559 20429  4324 W Binder  : reply too large data on java level: InterfaceDescriptor = null, code = 46
04-21 20:20:09.287  1746  2251 I chatty  : uid=1000(system) ConnectivitySer expire 16 lines
04-21 20:20:09.333  1746  3667 I chatty  : uid=1000(system) Binder:1746_10 expire 1 line
04-21 20:20:09.340  1746  1765 I chatty  : uid=1000(system) Binder:1746_2 expire 1 line
04-21 20:20:12.546  1746  1746 I chatty  : uid=1000 system_server expire 8 lines
04-21 20:35:14.477  1746  2251 I chatty  : uid=1000(system) ConnectivitySer expire 35 lines
04-21 20:35:14.983  1746  6609 I chatty  : uid=1000(system) Binder:1746_18 expire 3 lines
04-21 20:35:14.994  1746  1776 I chatty  : uid=1000(system) ActivityManager expire 8 lines
04-21 20:35:17.572  1746  1777 I chatty  : uid=1000(system) ActivityManager expire 2 lines
04-21 20:35:49.375  1746  2064 I chatty  : uid=1000(system) UEventObserver expire 20 lines
04-21 20:37:10.617  1746  4965 I chatty  : uid=1000(system) Binder:1746_13 expire 4 lines
04-21 20:55:21.196  1746  1775 I chatty  : uid=1000(system) android.bg expire 4 lines
04-21 21:11:37.087 18435 18435 D ActivityThread: Loading provider contacts;com.android.contacts: com.android.providers.contacts.ContactsProvider2
04-21 21:11:37.252  1746  9916 I chatty  : uid=1000(system) Binder:1746_1E expire 4 lines
04-21 21:11:41.801  1746  2251 I chatty  : uid=1000(system) ConnectivitySer expire 8 lines
04-21 21:11:47.312  1746  1766 I chatty  : uid=1000(system) android.fg expire 6 lines
04-21 21:11:47.674  1746  9368 I chatty  : uid=1000(system) Binder:1746_1B expire 2 lines
04-21 21:12:09.280  1746  1765 I chatty  : uid=1000(system) Binder:1746_2 expire 7 lines
04-21 21:12:09.281  1746  2235 I chatty  : uid=1000(system) Binder:1746_4 expire 1 line
04-21 21:12:16.260  1746  1780 I chatty  : uid=1000(system) batterystats-wo expire 1 line
04-21 21:12:20.470  1746 28883 I chatty  : uid=1000(system) HwBinder:1746_5 expire 1 line
04-21 21:13:09.748  1746  2064 I chatty  : uid=1000(system) UEventObserver expire 3 lines
04-21 21:20:50.192  1746  1769 I chatty  : uid=1000(system) android.display expire 1 line
04-21 21:20:53.844  1746 16268 I chatty  : uid=1000(system) AdbDebuggingMan expire 1 line
04-21 21:21:38.755  1746  1766 I chatty  : uid=1000(system) android.fg expire 3 lines
04-21 21:21:40.827  1746  1780 I chatty  : uid=1000(system) batterystats-wo expire 2 lines
04-21 21:29:08.372  1746  2064 I chatty  : uid=1000(system) UEventObserver expire 13 lines
04-21 22:00:01.173  1746  1746 I chatty  : uid=1000 system_server expire 11 lines
04-21 22:00:32.567  1746  2251 I chatty  : uid=1000(system) ConnectivitySer expire 15 lines
04-21 22:00:32.892  1746  2235 I chatty  : uid=1000(system) Binder:1746_4 expire 3 lines
04-21 22:00:32.897  1746  1776 I chatty  : uid=1000(system) ActivityManager expire 10 lines
04-21 22:00:32.957  1746  2387 I chatty  : uid=1000(system) Binder:1746_5 expire 2 lines
04-21 22:00:33.515 20429 20455 W PackageParser: Unknown element under <manifest>: queries at /data/user_de/0/com.google.android.gms/app_chimera/m/0000000a/AdsDynamite.apk Binary XML file line #5
04-21 22:00:33.613 20429 20455 W PackageParser: Unknown element under <manifest>: queries at /data/user_de/0/com.google.android.gms/app_chimera/m/00000018/dl-AdsFdrDynamite.integ_210890500100000.apk Binary XML file line #5
04-21 22:00:35.634  1746  1777 I chatty  : uid=1000(system) ActivityManager expire 12 lines
04-21 22:00:41.080  1746  1765 I chatty  : uid=1000(system) Binder:1746_2 expire 5 lines
04-21 22:00:41.086  1746  3407 I chatty  : uid=1000(system) Binder:1746_D expire 1 line
04-21 23:15:41.371  1746  1775 I chatty  : uid=1000(system) android.bg expire 2 lines
04-21 23:26:55.753  1746  2242 I chatty  : uid=1000(system) NetworkStats expire 1 line
04-21 23:26:55.805  1746  4804 I chatty  : uid=1000(system) Binder:1746_12 expire 2 lines
04-21 23:26:57.164  1746  1767 I chatty  : uid=1000(system) android.ui expire 5 lines
04-21 23:49:19.495  1746  9916 I chatty  : uid=1000(system) Binder:1746_1E expire 2 lines
04-21 23:49:19.550  1746  7096 I chatty  : uid=1000(system) Binder:1746_19 expire 1 line
04-21 23:49:23.866  1746  3668 I chatty  : uid=1000(system) Binder:1746_11 expire 14 lines
04-21 23:49:24.112  1746  3666 I chatty  : uid=1000(system) Binder:1746_F expire 1 line
04-21 23:49:34.180 20429 19582 W PackageParser: Unknown element under <manifest>: queries at /data/user_de/0/com.google.android.gms/app_chimera/m/0000000a/AdsDynamite.apk Binary XML file line #5
04-21 23:49:34.255 20429 19582 W PackageParser: Unknown element under <manifest>: queries at /data/user_de/0/com.google.android.gms/app_chimera/m/00000018/dl-AdsFdrDynamite.integ_210890500100000.apk Binary XML file line #5
04-21 23:49:34.515 20429 20483 W PackageParser: Unknown element under <manifest>: queries at /data/user_de/0/com.google.android.gms/app_chimera/m/0000000a/AdsDynamite.apk Binary XML file line #5
04-21 23:49:34.602 20429 20483 W PackageParser: Unknown element under <manifest>: queries at /data/user_de/0/com.google.android.gms/app_chimera/m/00000018/dl-AdsFdrDynamite.integ_210890500100000.apk Binary XML file line #5
04-21 23:49:43.911  1746  1777 I chatty  : uid=1000(system) ActivityManager expire 2 lines
04-21 23:49:44.038  1746  3447 I chatty  : uid=1000(system) Binder:1746_E expire 1 line
04-21 23:49:44.038  1746  9368 I chatty  : uid=1000(system) Binder:1746_1B expire 1 line
04-21 23:49:44.039  1746  5873 I chatty  : uid=1000(system) Binder:1746_16 expire 2 lines
04-21 23:49:44.039  1746  2251 I chatty  : uid=1000(system) ConnectivitySer expire 9 lines
04-21 23:49:44.192  1746  6032 I chatty  : uid=1000(system) Binder:1746_17 expire 2 lines
04-21 23:49:44.277  1746  4978 I chatty  : uid=1000(system) Binder:1746_14 expire 1 line
04-21 23:49:44.414  1746  2828 I chatty  : uid=1000(system) Binder:1746_C expire 4 lines
04-21 23:49:52.531  1746  2251 I chatty  : uid=1000(system) ConnectivitySer expire 13 lines
04-21 23:52:59.353  1746  2041 I chatty  : uid=1000(system) Binder:1746_3 expire 2 lines
04-21 23:54:28.426  1746  1776 I chatty  : uid=1000(system) ActivityManager expire 10 lines
04-21 23:57:51.169  1746  1775 I chatty  : uid=1000(system) android.bg expire 1 line
04-21 23:57:51.229  1746  2739 I chatty  : uid=1000(system) Binder:1746_9 expire 6 lines
04-22 00:00:00.742  1746  1746 I chatty  : uid=1000 system_server expire 5 lines
04-22 00:00:00.801  1746  1777 I chatty  : uid=1000(system) ActivityManager expire 16 lines
04-22 00:02:15.468  1746  2064 I chatty  : uid=1000(system) UEventObserver expire 10 lines
04-22 00:05:27.750  1746  9368 I chatty  : uid=1000(system) Binder:1746_1B expire 3 lines
04-22 00:12:23.322  1746  1780 I chatty  : uid=1000(system) batterystats-wo expire 1 line
04-22 00:22:25.594  1746  2396 I chatty  : uid=1000(system) Binder:1746_6 expire 2 lines
04-22 00:30:33.900  1746  1766 I chatty  : uid=1000(system) android.fg expire 1 line
04-22 00:40:53.693  1746  7096 I chatty  : uid=1000(system) Binder:1746_19 expire 8 lines
04-22 00:40:57.499  1746  1767 I chatty  : uid=1000(system) android.ui expire 2 lines
04-22 00:40:57.558  1746  9754 I chatty  : uid=1000(system) Binder:1746_1D expire 1 line
04-22 00:40:57.558  1746  2387 I chatty  : uid=1000(system) Binder:1746_5 expire 1 line
04-22 00:41:04.316  1746  4965 I chatty  : uid=1000(system) Binder:1746_13 expire 1 line
04-22 00:41:12.547  1746  3666 I chatty  : uid=1000(system) Binder:1746_F expire 3 lines
04-22 00:41:12.548  1746  2740 I chatty  : uid=1000(system) Binder:1746_A expire 10 lines
04-22 00:41:18.092  1746  9425 I chatty  : uid=1000(system) Binder:1746_1C expire 2 lines
04-22 02:08:47.345 20079 20079 W ActivityThread: serviceCreate starts in 166761 ms, CreateServiceData = CreateServiceData{token=android.os.BinderProxy@99bba82 className=com.google.android.gms.measurement.service.MeasurementBrokerService packageName=com.google.android.gms intent=null}
04-22 02:08:47.375 20079 20079 W ActivityThread: serviceCreate starts in 166791 ms, CreateServiceData = CreateServiceData{token=android.os.BinderProxy@f1a2d85 className=com.google.android.gms.chimera.GmsBoundBrokerService packageName=com.google.android.gms intent=null}
04-22 02:09:05.421 20079 20079 W ActivityThread: serviceCreate starts in 115109 ms, CreateServiceData = CreateServiceData{token=android.os.BinderProxy@7e502e8 className=com.google.android.gms.chimera.GmsBoundBrokerService packageName=com.google.android.gms intent=null}
04-22 02:19:48.746  1746  2064 I chatty  : uid=1000(system) UEventObserver expire 7 lines
04-22 03:35:47.461 20220 20220 D ActivityThread: Loading provider contacts;com.android.contacts: com.android.providers.contacts.ContactsProvider2
04-22 03:35:47.617  1746  9916 I chatty  : uid=1000(system) Binder:1746_1E expire 1 line
04-22 03:35:47.650  1746  2557 I chatty  : uid=1000(system) Binder:1746_8 expire 4 lines
04-22 03:35:47.831 20079 20096 W Binder  : reply too large data on java level: InterfaceDescriptor = null, code = 46
04-22 03:35:50.444  1746  2827 I chatty  : uid=1000(system) Binder:1746_B expire 2 lines
04-22 03:35:51.439  1746  4978 I chatty  : uid=1000(system) Binder:1746_14 expire 1 line
04-22 03:35:51.463  1746  4804 I chatty  : uid=1000(system) Binder:1746_12 expire 4 lines
04-22 03:35:51.530  1746  5873 I chatty  : uid=1000(system) Binder:1746_16 expire 5 lines
04-22 03:35:51.673  1746  2251 I chatty  : uid=1000(system) ConnectivitySer expire 1 line
04-22 03:35:52.979 20079 20663 W Binder  : reply too large data on java level: InterfaceDescriptor = null, code = 46
04-22 03:35:53.426  1746  3668 I chatty  : uid=1000(system) Binder:1746_11 expire 1 line
04-22 03:35:55.181 20079 20177 D SystemConfig: Removed unavailable feature android.hardware.sensor.gyroscope
04-22 03:35:55.185 20079 20177 W SystemConfig: No directory /oem/etc/sysconfig, skipping
04-22 03:35:55.185 20079 20177 W SystemConfig: No directory /oem/etc/permissions, skipping
04-22 03:35:55.326 20079 20177 W SystemConfig: No directory /system/etc/motorola/bgintents, skipping
04-22 03:35:55.326 20079 20177 W SystemConfig: No directory /oem/etc/motorola/bgintents, skipping
04-22 03:35:55.332 20079 20177 W SystemConfig: No directory /product_services/etc/sysconfig, skipping
04-22 03:35:55.332 20079 20177 W SystemConfig: No directory /product_services/etc/permissions, skipping
04-22 03:35:55.332 20079 20177 W SystemConfig: No directory /system/etc/motorola/sysconfig, skipping
04-22 03:35:55.332 20079 20177 W SystemConfig: No directory /oem/etc/motorola/sysconfig, skipping
04-22 03:35:55.332 20079 20177 W SystemConfig: No directory /product/etc/motorola/sysconfig, skipping
04-22 03:35:55.360 20079 20177 W PackageParser: Unknown element under <manifest>: queries at /data/user_de/0/com.google.android.gms/app_chimera/m/0000000a/AdsDynamite.apk Binary XML file line #5
04-22 03:35:55.410 20079 20177 W PackageParser: Unknown element under <manifest>: queries at /data/user_de/0/com.google.android.gms/app_chimera/m/00000018/dl-AdsFdrDynamite.integ_210890500100000.apk Binary XML file line #5
04-22 03:35:55.535 20079 20361 W PackageParser: Unknown element under <manifest>: queries at /data/user_de/0/com.google.android.gms/app_chimera/m/0000000a/AdsDynamite.apk Binary XML file line #5
04-22 03:35:55.584 20079 20361 W PackageParser: Unknown element under <manifest>: queries at /data/user_de/0/com.google.android.gms/app_chimera/m/00000018/dl-AdsFdrDynamite.integ_210890500100000.apk Binary XML file line #5
04-22 03:35:58.106 20079 20096 W Binder  : reply too large data on java level: InterfaceDescriptor = null, code = 46
04-22 03:36:01.083  1746  1791 I chatty  : uid=1000(system) PackageManager expire 68 lines
04-22 03:36:01.104  1746  1776 I chatty  : uid=1000(system) ActivityManager expire 28 lines
04-22 03:36:01.179  1746  3667 I chatty  : uid=1000(system) Binder:1746_10 expire 1 line
04-22 03:36:01.179  1746  3668 I chatty  : uid=1000(system) Binder:1746_11 expire 1 line
04-22 03:36:01.180  1746  2251 I chatty  : uid=1000(system) ConnectivitySer expire 1 line
04-22 03:36:01.223  1746  1746 I chatty  : uid=1000 system_server expire 9 lines
04-22 03:36:01.684  1746  2828 I chatty  : uid=1000(system) Binder:1746_C expire 1 line
04-22 03:36:03.173 20079 20096 W Binder  : reply too large data on java level: InterfaceDescriptor = null, code = 46
04-22 03:36:04.834  1746  1777 I chatty  : uid=1000(system) ActivityManager expire 8 lines
04-22 03:36:08.241 20079 20365 W Binder  : reply too large data on java level: InterfaceDescriptor = null, code = 46
04-22 03:36:09.191  1746  2082 I chatty  : uid=1000(system) AccountManagerS expire 1 line
04-22 03:36:09.199  1746  2662 I chatty  : uid=1000(system) android.fg expire 2 lines
04-22 03:36:09.370  1746  3407 I chatty  : uid=1000(system) Binder:1746_D expire 1 line
04-22 03:36:09.417  1746  1766 I chatty  : uid=1000(system) android.fg expire 2 lines
04-22 03:36:09.442  1746  3666 I chatty  : uid=1000(system) Binder:1746_F expire 2 lines
04-22 03:36:09.655 20996 21019 D SystemConfig: Removed unavailable feature android.hardware.sensor.gyroscope
04-22 03:36:09.657 20996 21019 W SystemConfig: No directory /oem/etc/sysconfig, skipping
04-22 03:36:09.657 20996 21019 W SystemConfig: No directory /oem/etc/permissions, skipping
04-22 03:36:09.697 20996 21019 W SystemConfig: No directory /system/etc/motorola/bgintents, skipping
04-22 03:36:09.697 20996 21019 W SystemConfig: No directory /oem/etc/motorola/bgintents, skipping
04-22 03:36:09.699 20996 21019 W SystemConfig: No directory /product_services/etc/sysconfig, skipping
04-22 03:36:09.699 20996 21019 W SystemConfig: No directory /product_services/etc/permissions, skipping
04-22 03:36:09.699 20996 21019 W SystemConfig: No directory /system/etc/motorola/sysconfig, skipping
04-22 03:36:09.699 20996 21019 W SystemConfig: No directory /oem/etc/motorola/sysconfig, skipping
04-22 03:36:09.699 20996 21019 W SystemConfig: No directory /product/etc/motorola/sysconfig, skipping
04-22 03:36:10.024  1746  1775 I chatty  : uid=1000(system) android.bg expire 1 line
04-22 03:36:10.427  1746  2827 I chatty  : uid=1000(system) Binder:1746_B expire 3 lines
04-22 03:36:10.713  1746  2235 I chatty  : uid=1000(system) Binder:1746_4 expire 2 lines
04-22 03:36:10.745  1746  2041 I chatty  : uid=1000(system) Binder:1746_3 expire 1 line
04-22 03:36:10.799  1746  4978 I chatty  : uid=1000(system) Binder:1746_14 expire 1 line
04-22 03:36:10.870  1746  9368 I chatty  : uid=1000(system) Binder:1746_1B expire 1 line
04-22 03:36:11.225  1746  2387 I chatty  : uid=1000(system) Binder:1746_5 expire 1 line
04-22 03:36:11.356  1746  6032 I chatty  : uid=1000(system) Binder:1746_17 expire 6 lines
04-22 03:36:11.617  1746  1775 I chatty  : uid=1000(system) android.bg expire 3 lines
04-22 03:36:12.022  1746  3407 I chatty  : uid=1000(system) Binder:1746_D expire 2 lines
04-22 03:36:12.022  1746  2827 I chatty  : uid=1000(system) Binder:1746_B expire 1 line
04-22 03:36:12.023  1746 10308 I chatty  : uid=1000(system) Binder:1746_1F expire 4 lines
04-22 03:36:13.282 20079 21108 W Binder  : reply too large data on java level: InterfaceDescriptor = null, code = 46
04-22 03:36:16.427  1746  9916 I chatty  : uid=1000(system) Binder:1746_1E expire 1 line
04-22 03:36:16.431  1746  1777 I chatty  : uid=1000(system) ActivityManager expire 17 lines
04-22 03:36:16.486  1746  5335 I chatty  : uid=1000(system) Binder:1746_15 expire 5 lines
04-22 03:36:17.164  1746  2251 I chatty  : uid=1000(system) ConnectivitySer expire 10 lines
04-22 03:36:18.356 20079 21190 W Binder  : reply too large data on java level: InterfaceDescriptor = null, code = 46
04-22 03:36:23.431 20079 20095 W Binder  : reply too large data on java level: InterfaceDescriptor = null, code = 46
04-22 03:36:23.770  1746 11668 I chatty  : uid=1000(system) Binder:1746_20 expire 1 line
04-22 03:36:24.368  1746  1776 I chatty  : uid=1000(system) ActivityManager expire 5 lines
04-22 03:36:26.494  1746  2739 I chatty  : uid=1000(system) Binder:1746_9 expire 5 lines
04-22 03:36:28.516 20079 20095 W Binder  : reply too large data on java level: InterfaceDescriptor = null, code = 46
04-22 03:36:33.578 20079 20095 W Binder  : reply too large data on java level: InterfaceDescriptor = null, code = 46
04-22 03:36:36.708  1746  2064 I chatty  : uid=1000(system) UEventObserver expire 19 lines
04-22 03:36:38.661 20079 20095 W Binder  : reply too large data on java level: InterfaceDescriptor = null, code = 46
04-22 03:36:43.722 20079 20095 I chatty  : uid=10157(com.google.android.gms) Binder:20079_1 identical 1 line
04-22 03:36:48.804 20079 20095 W Binder  : reply too large data on java level: InterfaceDescriptor = null, code = 46
04-22 03:38:18.614 20079 20095 W Binder  : reply too large data on java level: InterfaceDescriptor = null, code = 46
04-22 03:39:55.036 20079 20095 W Binder  : reply too large data on java level: InterfaceDescriptor = null, code = 46
04-22 03:40:18.659 20079 20828 W Binder  : reply too large data on java level: InterfaceDescriptor = null, code = 46
04-22 03:41:28.709 20079 20828 W Binder  : reply too large data on java level: InterfaceDescriptor = null, code = 46
04-22 03:43:48.748 20079 20828 W Binder  : reply too large data on java level: InterfaceDescriptor = null, code = 46
04-22 03:45:19.405 20079 20828 W Binder  : reply too large data on java level: InterfaceDescriptor = null, code = 46
04-22 03:45:19.429  1746  2251 I chatty  : uid=1000(system) ConnectivitySer expire 7 lines
04-22 03:47:38.865 20079 20828 W Binder  : reply too large data on java level: InterfaceDescriptor = null, code = 46
04-22 03:49:17.475 20079 20828 W Binder  : reply too large data on java level: InterfaceDescriptor = null, code = 46
04-22 03:50:50.580 20079 20828 W Binder  : reply too large data on java level: InterfaceDescriptor = null, code = 46
04-22 03:52:30.727 20079 20828 W Binder  : reply too large data on java level: InterfaceDescriptor = null, code = 46
04-22 03:54:22.093 20079 20828 W Binder  : reply too large data on java level: InterfaceDescriptor = null, code = 46
04-22 03:54:40.740  1746  2557 I chatty  : uid=1000(system) Binder:1746_8 expire 4 lines
04-22 04:04:20.913  1746  1746 I chatty  : uid=1000 system_server expire 12 lines
04-22 04:04:20.915  1746  1766 I chatty  : uid=1000(system) android.fg expire 3 lines
04-22 04:08:29.472 21291 21291 W ActivityThread: serviceCreate starts in 49985 ms, CreateServiceData = CreateServiceData{token=android.os.BinderProxy@de5a211 className=com.motorola.feedback.quicksettings.FeedBackTileService packageName=com.motorola.help intent=null}
04-22 04:18:29.738  1746  4978 I chatty  : uid=1000(system) Binder:1746_14 expire 1 line
04-22 04:18:29.816  1746  4804 I chatty  : uid=1000(system) Binder:1746_12 expire 4 lines
04-22 05:30:30.241  1746  1780 I chatty  : uid=1000(system) batterystats-wo expire 2 lines
04-22 06:08:25.100  1746  3668 I chatty  : uid=1000(system) Binder:1746_11 expire 2 lines
04-22 06:55:15.052  1746  7096 I chatty  : uid=1000(system) Binder:1746_19 expire 4 lines
04-22 09:27:31.695 20079 21108 W Binder  : reply too large data on java level: InterfaceDescriptor = null, code = 46
04-22 09:27:33.978  1746  2165 I chatty  : uid=1000(system) NetworkWatchlis expire 2 lines
04-22 09:27:33.983  1746  1746 I chatty  : uid=1000 system_server expire 1 line
04-22 09:27:34.188  1746  3667 I chatty  : uid=1000(system) Binder:1746_10 expire 2 lines
04-22 09:27:34.545  1746  1764 I chatty  : uid=1000(system) Binder:1746_1 expire 1 line
04-22 09:27:34.657  1746  3447 I chatty  : uid=1000(system) Binder:1746_E expire 1 line
04-22 09:27:34.831  1746  2235 I chatty  : uid=1000(system) Binder:1746_4 expire 1 line
04-22 09:27:34.900  1746  2828 I chatty  : uid=1000(system) Binder:1746_C expire 11 lines
04-22 09:27:35.187  1746  1746 I chatty  : uid=1000 system_server expire 11 lines
04-22 09:27:35.192  1746  2662 I chatty  : uid=1000(system) android.fg expire 3 lines
04-22 09:27:35.445  1746  1766 I chatty  : uid=1000(system) android.fg expire 4 lines
04-22 09:27:35.614  1746  1777 I chatty  : uid=1000(system) ActivityManager expire 10 lines
04-22 09:27:35.879  1746  1775 I chatty  : uid=1000(system) android.bg expire 1 line
04-22 09:27:36.361  1746  4965 I chatty  : uid=1000(system) Binder:1746_13 expire 2 lines
04-22 09:27:36.795 20079 21190 W Binder  : reply too large data on java level: InterfaceDescriptor = null, code = 46
04-22 09:27:36.884  1746  1764 I chatty  : uid=1000(system) Binder:1746_1 expire 8 lines
04-22 09:27:36.967  1746  3667 I chatty  : uid=1000(system) Binder:1746_10 expire 4 lines
04-22 09:27:36.972  1746  2235 I chatty  : uid=1000(system) Binder:1746_4 expire 6 lines
04-22 09:27:36.994  1746  6609 I chatty  : uid=1000(system) Binder:1746_18 expire 5 lines
04-22 09:27:37.050  1746  2251 I chatty  : uid=1000(system) ConnectivitySer expire 10 lines
04-22 09:27:37.051  1746  7096 I chatty  : uid=1000(system) Binder:1746_19 expire 4 lines
04-22 09:27:37.227  1746  2444 I chatty  : uid=1000(system) Binder:1746_7 expire 2 lines
04-22 09:27:37.334  1746  2739 I chatty  : uid=1000(system) Binder:1746_9 expire 3 lines
04-22 09:27:37.518  1746  1765 I chatty  : uid=1000(system) Binder:1746_2 expire 6 lines
04-22 09:27:37.647  1746 10308 I chatty  : uid=1000(system) Binder:1746_1F expire 6 lines
04-22 09:27:38.667  1746  9754 I chatty  : uid=1000(system) Binder:1746_1D expire 4 lines
04-22 09:27:38.935  1746  3666 I chatty  : uid=1000(system) Binder:1746_F expire 3 lines
04-22 09:27:39.025  1746  3447 I chatty  : uid=1000(system) Binder:1746_E expire 3 lines
04-22 09:27:39.643  1746  2064 I chatty  : uid=1000(system) UEventObserver expire 3 lines
04-22 09:27:40.126  1746  4804 I chatty  : uid=1000(system) Binder:1746_12 expire 3 lines
04-22 09:27:41.746  1746  7304 I chatty  : uid=1000(system) Binder:1746_1A expire 1 line
04-22 09:27:41.848 20079 20663 W Binder  : reply too large data on java level: InterfaceDescriptor = null, code = 46
04-22 09:27:46.903 20079 20095 W Binder  : reply too large data on java level: InterfaceDescriptor = null, code = 46
04-22 09:27:50.664  1746  2557 I chatty  : uid=1000(system) Binder:1746_8 expire 2 lines
04-22 09:27:51.958 20079 20663 W Binder  : reply too large data on java level: InterfaceDescriptor = null, code = 46
04-22 09:27:54.468  1746  4978 I chatty  : uid=1000(system) Binder:1746_14 expire 1 line
04-22 09:27:54.677 20079 22926 W PackageParser: Unknown element under <manifest>: queries at /data/user_de/0/com.google.android.gms/app_chimera/m/0000000a/AdsDynamite.apk Binary XML file line #5
04-22 09:27:54.690  1746  1777 I chatty  : uid=1000(system) ActivityManager expire 2 lines
04-22 09:27:54.732 20079 22926 W PackageParser: Unknown element under <manifest>: queries at /data/user_de/0/com.google.android.gms/app_chimera/m/00000018/dl-AdsFdrDynamite.integ_210890500100000.apk Binary XML file line #5
04-22 09:27:54.823 20079 20361 W PackageParser: Unknown element under <manifest>: queries at /data/user_de/0/com.google.android.gms/app_chimera/m/0000000a/AdsDynamite.apk Binary XML file line #5
04-22 09:27:54.882 20079 20361 W PackageParser: Unknown element under <manifest>: queries at /data/user_de/0/com.google.android.gms/app_chimera/m/00000018/dl-AdsFdrDynamite.integ_210890500100000.apk Binary XML file line #5
04-22 09:27:57.032 20079 21190 W Binder  : reply too large data on java level: InterfaceDescriptor = null, code = 46
04-22 09:27:59.668  1746  3407 I chatty  : uid=1000(system) Binder:1746_D expire 3 lines
04-22 09:28:13.472 20079 20097 W Binder  : reply too large data on java level: InterfaceDescriptor = null, code = 46
04-22 09:29:41.867  1746  5335 I chatty  : uid=1000(system) Binder:1746_15 expire 1 line
04-22 09:29:41.867  1746  2041 I chatty  : uid=1000(system) Binder:1746_3 expire 1 line
04-22 09:29:41.869  1746  2251 I chatty  : uid=1000(system) ConnectivitySer expire 6 lines
04-22 09:29:41.869  1746 11668 I chatty  : uid=1000(system) Binder:1746_20 expire 1 line
04-22 09:29:41.870  1746  2396 I chatty  : uid=1000(system) Binder:1746_6 expire 1 line
04-22 09:32:27.780  1746  1746 I chatty  : uid=1000 system_server expire 1 line
04-22 09:34:02.140  1746  9916 I chatty  : uid=1000(system) Binder:1746_1E expire 2 lines
04-22 09:35:00.130  1746  1767 I chatty  : uid=1000(system) android.ui expire 11 lines
04-22 09:45:47.931 20079 20158 W PackageParser: Unknown element under <manifest>: queries at /data/user_de/0/com.google.android.gms/app_chimera/m/0000000a/AdsDynamite.apk Binary XML file line #5
04-22 09:45:48.015 20079 20158 W PackageParser: Unknown element under <manifest>: queries at /data/user_de/0/com.google.android.gms/app_chimera/m/00000018/dl-AdsFdrDynamite.integ_210890500100000.apk Binary XML file line #5
04-22 09:45:50.272  1746  1777 I chatty  : uid=1000(system) ActivityManager expire 5 lines
04-22 09:45:51.027  1746  9425 I chatty  : uid=1000(system) Binder:1746_1C expire 10 lines
04-22 09:45:51.028  1746  3667 I chatty  : uid=1000(system) Binder:1746_10 expire 1 line
04-22 09:45:51.152  1746  6032 I chatty  : uid=1000(system) Binder:1746_17 expire 2 lines
04-22 09:45:51.169  1746 11668 I chatty  : uid=1000(system) Binder:1746_20 expire 1 line
04-22 09:45:51.221  1746  3407 I chatty  : uid=1000(system) Binder:1746_D expire 2 lines
04-22 09:45:51.222  1746  9754 I chatty  : uid=1000(system) Binder:1746_1D expire 2 lines
04-22 09:45:51.222  1746  2251 I chatty  : uid=1000(system) ConnectivitySer expire 3 lines
04-22 09:45:51.222  1746  2396 I chatty  : uid=1000(system) Binder:1746_6 expire 4 lines
04-22 09:45:53.663  1746  1784 I chatty  : uid=1000(system) PowerManagerSer expire 42 lines
04-22 09:45:53.682  1746  1769 I chatty  : uid=1000(system) android.display expire 12 lines
04-22 09:45:54.995  1746  4804 I chatty  : uid=1000(system) Binder:1746_12 expire 1 line
04-22 09:45:58.433  1746  7304 I chatty  : uid=1000(system) Binder:1746_1A expire 3 lines
04-22 09:46:55.868  1746  2163 I chatty  : uid=1000(system) InputReader expire 2 lines
04-22 09:46:55.869  1746  1746 I chatty  : uid=1000 system_server expire 11 lines
04-22 09:46:55.897  1746  1766 I chatty  : uid=1000(system) android.fg expire 4 lines
04-22 09:46:55.940  1746  7096 I chatty  : uid=1000(system) Binder:1746_19 expire 2 lines
04-22 09:46:55.980  1746  1770 I chatty  : uid=1000(system) android.anim expire 3 lines
04-22 09:46:56.801  1746  1765 I chatty  : uid=1000(system) Binder:1746_2 expire 1 line
04-22 09:46:57.167  1746  3447 I chatty  : uid=1000(system) Binder:1746_E expire 1 line
04-22 09:46:57.213  1746  2235 I chatty  : uid=1000(system) Binder:1746_4 expire 2 lines
04-22 09:47:01.817  1746  6609 I chatty  : uid=1000(system) Binder:1746_18 expire 4 lines
04-22 09:47:03.788  1746  2064 I chatty  : uid=1000(system) UEventObserver expire 1 line
04-22 09:47:18.491  1746 10308 I chatty  : uid=1000(system) Binder:1746_1F expire 3 lines
04-22 09:47:18.501  1746  1746 I chatty  : uid=1000 system_server expire 11 lines
04-22 09:47:18.501  1746  1767 I chatty  : uid=1000(system) android.ui expire 3 lines
04-22 09:47:18.511  1746  1784 I chatty  : uid=1000(system) PowerManagerSer expire 5 lines
04-22 09:47:18.512  1746  1769 I chatty  : uid=1000(system) android.display expire 3 lines
04-22 09:47:18.590  1746  1770 I chatty  : uid=1000(system) android.anim expire 5 lines
04-22 09:47:18.625  1746 11668 I chatty  : uid=1000(system) Binder:1746_20 expire 2 lines
04-22 09:47:18.765  1746  1766 I chatty  : uid=1000(system) android.fg expire 5 lines
04-22 09:47:18.822  1746  3667 I chatty  : uid=1000(system) Binder:1746_10 expire 1 line
04-22 09:47:19.779  1746  2235 I chatty  : uid=1000(system) Binder:1746_4 expire 4 lines
04-22 09:47:19.852  1746  1777 I chatty  : uid=1000(system) ActivityManager expire 4 lines
04-22 09:47:19.939  1746  1776 I chatty  : uid=1000(system) ActivityManager expire 24 lines
04-22 09:47:19.958  1746  6609 I chatty  : uid=1000(system) Binder:1746_18 expire 3 lines
04-22 09:47:20.092  1746  4804 I chatty  : uid=1000(system) Binder:1746_12 expire 1 line
04-22 09:47:21.867  1746 16268 I chatty  : uid=1000(system) AdbDebuggingMan expire 1 line
04-22 09:48:11.964  1746  2064 I chatty  : uid=1000(system) UEventObserver expire 1 line
04-22 09:49:07.223 20936 23621 D SystemConfig: Removed unavailable feature android.hardware.sensor.gyroscope
04-22 09:49:07.230 20936 23621 W SystemConfig: No directory /oem/etc/sysconfig, skipping
04-22 09:49:07.230 20936 23621 W SystemConfig: No directory /oem/etc/permissions, skipping
04-22 09:49:07.358 20936 23621 W SystemConfig: No directory /system/etc/motorola/bgintents, skipping
04-22 09:49:07.358 20936 23621 W SystemConfig: No directory /oem/etc/motorola/bgintents, skipping
04-22 09:49:07.363 20936 23621 W SystemConfig: No directory /product_services/etc/sysconfig, skipping
04-22 09:49:07.364 20936 23621 W SystemConfig: No directory /product_services/etc/permissions, skipping
04-22 09:49:07.364 20936 23621 W SystemConfig: No directory /system/etc/motorola/sysconfig, skipping
04-22 09:49:07.364 20936 23621 W SystemConfig: No directory /oem/etc/motorola/sysconfig, skipping
04-22 09:49:07.365 20936 23621 W SystemConfig: No directory /product/etc/motorola/sysconfig, skipping
04-22 09:49:08.036  1746  1791 I chatty  : uid=1000(system) PackageManager expire 45 lines
04-22 09:49:08.342  1746  2082 I chatty  : uid=1000(system) AccountManagerS expire 1 line
04-22 09:49:08.355  1746  2662 I chatty  : uid=1000(system) android.fg expire 1 line
04-22 09:49:08.598  1746  3668 I chatty  : uid=1000(system) Binder:1746_11 expire 9 lines
04-22 09:49:08.643  1746  1776 I chatty  : uid=1000(system) ActivityManager expire 18 lines
04-22 09:49:09.091  1746  1746 I chatty  : uid=1000 system_server expire 4 lines
04-22 09:49:09.101  1746  1766 I chatty  : uid=1000(system) android.fg expire 1 line
04-22 09:49:09.112  1746  1777 I chatty  : uid=1000(system) ActivityManager expire 5 lines
04-22 09:49:09.118  1746  1770 I chatty  : uid=1000(system) android.anim expire 11 lines
04-22 09:49:09.477  1746  6032 I chatty  : uid=1000(system) Binder:1746_17 expire 2 lines
04-22 09:49:10.524  1746  2235 I chatty  : uid=1000(system) Binder:1746_4 expire 6 lines
04-22 09:49:13.395  1746  2064 I chatty  : uid=1000(system) UEventObserver expire 10 lines
04-22 09:49:22.176  1746  4804 I chatty  : uid=1000(system) Binder:1746_12 expire 3 lines
04-22 09:49:24.186  1746  6609 I chatty  : uid=1000(system) Binder:1746_18 expire 1 line
04-22 09:49:24.223  1746  2251 I chatty  : uid=1000(system) ConnectivitySer expire 1 line
04-22 09:49:32.464  1746  1775 I chatty  : uid=1000(system) android.bg expire 2 lines
04-22 09:49:33.394  1746  1765 I chatty  : uid=1000(system) Binder:1746_2 expire 1 line
04-22 09:50:06.702  1746  2253 I chatty  : uid=1000(system) NsdService expire 6 lines
04-22 09:50:09.729 23998 23998 D ActivityThread: Loading provider contacts;com.android.contacts: com.android.providers.contacts.ContactsProvider2
04-22 09:50:10.195  2315  2315 V DeadZone: consuming errant click: (37.947296,13.046753)
04-22 09:50:10.196  2315  2315 V DeadZone: consuming errant click: (37.947296,13.046753)
04-22 09:50:19.195  1746  9425 I chatty  : uid=1000(system) Binder:1746_1C expire 3 lines
04-22 09:51:02.908  1746  1764 I chatty  : uid=1000(system) Binder:1746_1 expire 1 line
04-22 09:51:02.913  1746  9754 I chatty  : uid=1000(system) Binder:1746_1D expire 2 lines
04-22 09:51:20.543  1746 11668 I chatty  : uid=1000(system) Binder:1746_20 expire 3 lines
04-22 09:52:03.114  1746  3666 I chatty  : uid=1000(system) Binder:1746_F expire 2 lines
04-22 09:52:07.789  1746 10308 I chatty  : uid=1000(system) Binder:1746_1F expire 9 lines
04-22 09:53:03.394  1746  7304 I chatty  : uid=1000(system) Binder:1746_1A expire 3 lines
04-22 09:53:03.399  1746  4978 I chatty  : uid=1000(system) Binder:1746_14 expire 6 lines
04-22 09:55:03.934  1746  5873 I chatty  : uid=1000(system) Binder:1746_16 expire 3 lines
04-22 09:55:18.105  1746  9916 I chatty  : uid=1000(system) Binder:1746_1E expire 2 lines
04-22 09:56:23.756  1746  2828 I chatty  : uid=1000(system) Binder:1746_C expire 1 line
04-22 09:58:20.330  1746  1769 I chatty  : uid=1000(system) android.display expire 1 line
04-22 09:58:22.639  1746  2253 I chatty  : uid=1000(system) NsdService expire 5 lines
04-22 09:58:22.687  1746  1746 I chatty  : uid=1000 system_server expire 13 lines
04-22 09:58:26.351  1746  2064 I chatty  : uid=1000(system) UEventObserver expire 2 lines
04-22 09:58:33.906  1746  1764 I chatty  : uid=1000(system) Binder:1746_1 expire 1 line
04-22 09:58:39.985  1746  1791 I chatty  : uid=1000(system) PackageManager expire 45 lines
04-22 09:58:40.285  1746  2082 I chatty  : uid=1000(system) AccountManagerS expire 1 line
04-22 09:58:40.287  1746  2662 I chatty  : uid=1000(system) android.fg expire 1 line
04-22 09:58:40.299  1746  1776 I chatty  : uid=1000(system) ActivityManager expire 24 lines
04-22 09:58:40.401  1746  5873 I chatty  : uid=1000(system) Binder:1746_16 expire 5 lines
04-22 09:58:40.541  1746  1766 I chatty  : uid=1000(system) android.fg expire 2 lines
04-22 09:58:40.573  1746  3668 I chatty  : uid=1000(system) Binder:1746_11 expire 1 line
04-22 09:58:40.964  1746  1777 I chatty  : uid=1000(system) ActivityManager expire 1 line
04-22 09:58:40.969  1746  1770 I chatty  : uid=1000(system) android.anim expire 7 lines
04-22 09:58:41.327  1746 11668 I chatty  : uid=1000(system) Binder:1746_20 expire 2 lines
04-22 09:58:55.637  1746  9368 I chatty  : uid=1000(system) Binder:1746_1B expire 3 lines
04-22 09:58:56.097  1746  2396 I chatty  : uid=1000(system) Binder:1746_6 expire 1 line
04-22 09:59:46.877  1746  2253 I chatty  : uid=1000(system) NsdService expire 3 lines
04-22 09:59:50.949  1746  1776 I chatty  : uid=1000(system) ActivityManager expire 23 lines
04-22 09:59:59.598  2315  2315 V DeadZone: consuming errant click: (36.948685,18.043457)
04-22 09:59:59.598  2315  2315 V DeadZone: consuming errant click: (36.948685,18.043457)
04-22 10:00:01.171  1746  7304 I chatty  : uid=1000(system) Binder:1746_1A expire 2 lines
04-22 10:00:29.236  1746  2064 I chatty  : uid=1000(system) UEventObserver expire 12 lines
04-22 10:00:47.031  1746  9916 I chatty  : uid=1000(system) Binder:1746_1E expire 1 line
04-22 10:01:14.373 24936 25154 E AndroidRuntime: FATAL EXCEPTION: Thread-7
04-22 10:01:14.373 24936 25154 E AndroidRuntime: Process: com.google.location.nearby.apps.connectedcrossroad, PID: 24936
04-22 10:01:14.373 24936 25154 E AndroidRuntime: android.view.ViewRootImpl$CalledFromWrongThreadException: Only the original thread that created a view hierarchy can touch its views.
04-22 10:01:14.373 24936 25154 E AndroidRuntime: 	at android.view.ViewRootImpl.checkThread(ViewRootImpl.java:8344)
04-22 10:01:14.373 24936 25154 E AndroidRuntime: 	at android.view.ViewRootImpl.requestLayout(ViewRootImpl.java:1499)
04-22 10:01:14.373 24936 25154 E AndroidRuntime: 	at android.view.View.requestLayout(View.java:24525)
04-22 10:01:14.373 24936 25154 E AndroidRuntime: 	at android.view.View.requestLayout(View.java:24525)
04-22 10:01:14.373 24936 25154 E AndroidRuntime: 	at android.view.View.requestLayout(View.java:24525)
04-22 10:01:14.373 24936 25154 E AndroidRuntime: 	at android.view.View.requestLayout(View.java:24525)
04-22 10:01:14.373 24936 25154 E AndroidRuntime: 	at android.view.View.requestLayout(View.java:24525)
04-22 10:01:14.373 24936 25154 E AndroidRuntime: 	at android.view.View.requestLayout(View.java:24525)
04-22 10:01:14.373 24936 25154 E AndroidRuntime: 	at androidx.constraintlayout.widget.ConstraintLayout.requestLayout(ConstraintLayout.java:3172)
04-22 10:01:14.373 24936 25154 E AndroidRuntime: 	at android.view.View.requestLayout(View.java:24525)
04-22 10:01:14.373 24936 25154 E AndroidRuntime: 	at android.widget.TextView.checkForRelayout(TextView.java:9731)
04-22 10:01:14.373 24936 25154 E AndroidRuntime: 	at android.widget.TextView.setText(TextView.java:6296)
04-22 10:01:14.373 24936 25154 E AndroidRuntime: 	at android.widget.TextView.setText(TextView.java:6124)
04-22 10:01:14.373 24936 25154 E AndroidRuntime: 	at android.widget.TextView.setText(TextView.java:6076)
04-22 10:01:14.373 24936 25154 E AndroidRuntime: 	at nx.aodv.eval.AODVNetwork.updateRouteTableDisplay(AODVNetwork.java:1009)
04-22 10:01:14.373 24936 25154 E AndroidRuntime: 	at nx.aodv.eval.AODVNetwork.handleRREP(AODVNetwork.java:666)
04-22 10:01:14.373 24936 25154 E AndroidRuntime: 	at nx.aodv.eval.AODVNetwork.handleAODVMessage(AODVNetwork.java:523)
04-22 10:01:14.373 24936 25154 E AndroidRuntime: 	at nx.aodv.eval.AODVNetwork.access$2000(AODVNetwork.java:43)
04-22 10:01:14.373 24936 25154 E AndroidRuntime: 	at nx.aodv.eval.AODVNetwork$6.run(AODVNetwork.java:301)
04-22 10:01:14.373 24936 25154 E AndroidRuntime: 	at java.lang.Thread.run(Thread.java:919)
04-22 10:01:14.380  1746 25369 I chatty  : uid=1000 system_server expire 1 line
04-22 10:01:14.383  1746 11668 I chatty  : uid=1000(system) Binder:1746_20 expire 3 lines
04-22 10:01:14.459  1746  9368 I chatty  : uid=1000(system) Binder:1746_1B expire 1 line
04-22 10:01:14.470  1746  1770 I chatty  : uid=1000(system) android.anim expire 4 lines
04-22 10:01:14.544  1746  2739 I chatty  : uid=1000(system) Binder:1746_9 expire 2 lines
04-22 10:01:14.564  1746  1769 I chatty  : uid=1000(system) android.display expire 1 line
04-22 10:01:14.573  1746  4978 I chatty  : uid=1000(system) Binder:1746_14 expire 1 line
04-22 10:01:34.518  1746  1746 I chatty  : uid=1000 system_server expire 5 lines
04-22 10:01:34.799  1746  1783 I chatty  : uid=1000(system) CpuTracker expire 2 lines
04-22 10:09:39.259  1746  1775 I chatty  : uid=1000(system) android.bg expire 2 lines
04-22 10:10:50.573  1746  2444 I chatty  : uid=1000(system) Binder:1746_7 expire 1 line
04-22 10:11:01.791  1746  1791 I chatty  : uid=1000(system) PackageManager expire 45 lines
04-22 10:11:02.013  1746  2082 I chatty  : uid=1000(system) AccountManagerS expire 1 line
04-22 10:11:02.029  1746  2662 I chatty  : uid=1000(system) android.fg expire 1 line
04-22 10:11:02.090  1746  1776 W BroadcastQueue: Background execution not allowed: receiving Intent { act=android.intent.action.PACKAGE_ADDED dat=package:com.google.location.nearby.apps.connectedcrossroad flg=0x4000010 (has extras) } to com.google.android.googlequicksearchbox/com.google.android.apps.gsa.googlequicksearchbox.GelStubAppWatcher
04-22 10:11:02.091  1746  1776 W BroadcastQueue: Background execution not allowed: receiving Intent { act=android.intent.action.PACKAGE_ADDED dat=package:com.google.location.nearby.apps.connectedcrossroad flg=0x4000010 (has extras) } to com.google.android.ims/.receivers.RcsAutoStartReceiver
04-22 10:11:02.103  1746  2444 W BroadcastQueue: Background execution not allowed: receiving Intent { act=android.intent.action.PACKAGE_ADDED dat=package:com.google.location.nearby.apps.connectedcrossroad flg=0x4000010 (has extras) } to com.verizon.loginengine.unbranded/com.verizon.vzwavs.AVSSystemReceiver
04-22 10:11:02.198  1746  1746 I TelecomService: DefaultDialerCache: Refreshing default dialer for user 0: now com.google.android.dialer: DDC.oR@AkY
04-22 10:11:02.211  1746  7304 W BroadcastQueue: Background execution not allowed: receiving Intent { act=android.intent.action.PACKAGE_REPLACED dat=package:com.google.location.nearby.apps.connectedcrossroad flg=0x4000010 (has extras) } to com.facebook.appmanager/com.facebook.oxygen.common.packages.event.manifest.ManifestPackageEventReceiver
04-22 10:11:02.211  1746  1746 V BackupManagerConstants: getFullBackupIntervalMilliseconds(...) returns 86400000
04-22 10:11:02.212  1746  1746 V BackupManagerConstants: getFullBackupRequiredNetworkType(...) returns 2
04-22 10:11:02.212  1746  1746 V BackupManagerConstants: getFullBackupRequireCharging(...) returns true
04-22 10:11:02.212  1746  1776 W BroadcastQueue: Background execution not allowed: receiving Intent { act=android.intent.action.PACKAGE_REPLACED dat=package:com.google.location.nearby.apps.connectedcrossroad flg=0x4000010 (has extras) } to com.google.android.apps.photos/.account.full.FetchAccountPropertiesAppUpgradeBroadcastReceiver
04-22 10:11:02.213  1746  1776 W BroadcastQueue: Background execution not allowed: receiving Intent { act=android.intent.action.PACKAGE_REPLACED dat=package:com.google.location.nearby.apps.connectedcrossroad flg=0x4000010 (has extras) } to com.google.android.apps.photos/.account.full.SyncAccountsForLoginBroadcastReceiver
04-22 10:11:02.215  1746  1776 W BroadcastQueue: Background execution not allowed: receiving Intent { act=android.intent.action.PACKAGE_REPLACED dat=package:com.google.location.nearby.apps.connectedcrossroad flg=0x4000010 (has extras) } to com.google.android.apps.photos/.notificationchannels.AppUpdateBroadcastReceiver
04-22 10:11:02.215  1746  1776 W BroadcastQueue: Background execution not allowed: receiving Intent { act=android.intent.action.PACKAGE_REPLACED dat=package:com.google.location.nearby.apps.connectedcrossroad flg=0x4000010 (has extras) } to com.google.android.gms/.gass.chimera.PackageChangeBroadcastReceiver
04-22 10:11:02.216  1746  1776 W BroadcastQueue: Background execution not allowed: receiving Intent { act=android.intent.action.PACKAGE_REPLACED dat=package:com.google.location.nearby.apps.connectedcrossroad flg=0x4000010 (has extras) } to com.google.android.gms/.chimera.GmsIntentOperationService$PersistentTrustedReceiver
04-22 10:11:02.216  1746  1776 W BroadcastQueue: Background execution not allowed: receiving Intent { act=android.intent.action.PACKAGE_REPLACED dat=package:com.google.location.nearby.apps.connectedcrossroad flg=0x4000010 (has extras) } to com.google.android.googlequicksearchbox/com.google.android.apps.gsa.googlequicksearchbox.GelStubAppWatcher
04-22 10:11:02.216  1746  1776 W BroadcastQueue: Background execution not allowed: receiving Intent { act=android.intent.action.PACKAGE_REPLACED dat=package:com.google.location.nearby.apps.connectedcrossroad flg=0x4000010 (has extras) } to com.google.android.ims/.receivers.RcsAutoStartReceiver
04-22 10:11:02.216  1746  1776 W BroadcastQueue: Background execution not allowed: receiving Intent { act=android.intent.action.PACKAGE_REPLACED dat=package:com.google.location.nearby.apps.connectedcrossroad flg=0x4000010 (has extras) } to com.motorola.ccc.notification/.gcm.GCMAdminReceiver
04-22 10:11:02.216  1746  1776 W BroadcastQueue: Background execution not allowed: receiving Intent { act=android.intent.action.PACKAGE_REPLACED dat=package:com.google.location.nearby.apps.connectedcrossroad flg=0x4000010 (has extras) } to com.verizon.loginengine.unbranded/com.verizon.vzwavs.AVSSystemReceiver
04-22 10:11:02.278  1746  1766 W Looper  : Slow delivery took 202ms android.fg h=android.os.Handler c=<recycled PooledLambda@e56d50a> m=0
04-22 10:11:02.370  1746  2444 I DropBoxManagerService: add tag=keymaster isTagEnabled=true flags=0x0
04-22 10:11:02.701  1746  9368 I ActivityTaskManager: START u0 {act=android.intent.action.MAIN cat=[android.intent.category.LAUNCHER] flg=0x10000000 cmp=com.google.location.nearby.apps.connectedcrossroad/nx.aodv.eval.MainActivity} from uid 2000
04-22 10:11:02.702  1746  9368 D ActivityTaskManager: getPreferredLaunchDisplay usersetdisplayid -1 current displayId 0 paramspreferid 0
04-22 10:11:02.702  1746  9368 D ActivityTaskManager: getPreferredLaunchDisplay usersetdisplayid -1 current displayId 0 paramspreferid 0
04-22 10:11:02.706  1746  9368 D ActivityTaskManager: getPreferredLaunchDisplay usersetdisplayid 0 current displayId 0 paramspreferid 0
04-22 10:11:02.730  1746  1746 V SettingsProvider: Notifying for 0: content://settings/secure/reminder_exp_learning_time_elapsed
04-22 10:11:02.731  1746  1766 W Looper  : Drained
04-22 10:11:02.739  1746  1770 V WindowManager: Changing focus from Window{d40a2d0 u0 com.motorola.launcher3/com.android.launcher3.CustomizationPanelLauncher} to null displayId=0
04-22 10:11:02.744  1746  1777 I ActivityManager: Start proc 26461:com.google.location.nearby.apps.connectedcrossroad/u0a216 for activity {com.google.location.nearby.apps.connectedcrossroad/nx.aodv.eval.MainActivity}
04-22 10:11:02.793  1746  1770 I WindowManager:   SURFACE show Surface(name=Splash Screen com.google.location.nearby.apps.connectedcrossroad)/@0x149093c on display:0: Splash Screen com.google.location.nearby.apps.connectedcrossroad
04-22 10:11:03.092  1746  9368 I WindowManager: Window drawn AppWindowToken{67332e3 token=Token{7ac1b12 ActivityRecord{c39da9d u0 com.motorola.launcher3/com.android.launcher3.CustomizationPanelLauncher t4}}}
04-22 10:11:03.422  1746  2557 V WindowManager: Changing focus from null to Window{d9b766e u0 com.google.location.nearby.apps.connectedcrossroad/nx.aodv.eval.MainActivity} displayId=0
04-22 10:11:03.563  1746  1770 I LaunchCheckinHandler: Displayed com.google.location.nearby.apps.connectedcrossroad/nx.aodv.eval.MainActivity,cp,ca,842
04-22 10:11:03.563  1746  1770 I WindowManager: Window drawn AppWindowToken{5eb2199 token=Token{fa45ae0 ActivityRecord{39b20e3 u0 com.google.location.nearby.apps.connectedcrossroad/nx.aodv.eval.MainActivity t23}}}
04-22 10:11:03.564  1746  1770 I WindowManager:   SURFACE show Surface(name=com.google.location.nearby.apps.connectedcrossroad/nx.aodv.eval.MainActivity)/@0x5b210f on display:0: com.google.location.nearby.apps.connectedcrossroad/nx.aodv.eval.MainActivity
04-22 10:11:04.373  1746  1776 W BroadcastQueue: Background execution not allowed: receiving Intent { act=android.intent.action.DROPBOX_ENTRY_ADDED flg=0x10 (has extras) } to com.google.android.gms/.stats.service.DropBoxEntryAddedReceiver
04-22 10:11:04.373  1746  1776 W BroadcastQueue: Background execution not allowed: receiving Intent { act=android.intent.action.DROPBOX_ENTRY_ADDED flg=0x10 (has extras) } to com.google.android.gms/.chimera.GmsIntentOperationService$PersistentTrustedReceiver
04-22 10:11:10.752  1746  1770 I WindowManager:   SURFACE show Surface(name=InputMethod)/@0x38df32 on display:0: InputMethod
04-22 10:11:21.887  1746  1746 D BluetoothManagerService: Bluetooth Adapter name changed to ImNYclpbye0AAAAAAAAAATQ
04-22 10:11:21.887  1746  1746 D BluetoothManagerService: Stored Bluetooth name: ImNYclpbye0AAAAAAAAAATQ
04-22 10:11:21.888  1746  1746 V SettingsProvider: Notifying for 0: content://settings/secure/bluetooth_name
04-22 10:11:22.269  1746  2253 D NsdService: Register service
04-22 10:11:22.269  1746  2253 D NsdService: registerService: 11 name: ImNYclpbye0AAA, type: _5BC9ED5E6C75._tcp, host: null, port: 40881, txtRecord: n=NAIPv4=192.168.1.67
04-22 10:11:22.269  1746  2253 D NsdService: mdnssd [register, 11, ImNYclpbye0AAA, _5BC9ED5E6C75._tcp, 40881, BG49TkERSVB2ND0xOTIuMTY4LjEuNjc=]
04-22 10:11:22.272  1746  2253 D NsdService: Register 11 11
04-22 10:11:22.969  1746  2253 D NsdService: Native daemon message SERVICE_REGISTERED: 606 11 "ImNYclpbye0AAA"
04-22 10:11:23.055  1746  2444 W ProcessStats: Tracking association SourceState{c06ab84 com.google.android.gms.persistent/10157 ImpFg #75139} whose proc state 2 is better than process ProcessState{6967adf com.google.android.gms/10157 pkg=com.google.android.gms} proc state 3 (11 skipped)
04-22 10:11:35.820  1746  9916 W ProcessStats: Tracking association SourceState{c06ab84 com.google.android.gms.persistent/10157 ImpFg #75200} whose proc state 2 is better than process ProcessState{6967adf com.google.android.gms/10157 pkg=com.google.android.gms} proc state 3 (55 skipped)
04-22 10:11:40.211  1746  1776 I ActivityManager: Waited long enough for: ServiceRecord{430c9e u0 com.google.android.googlequicksearchbox/com.google.android.apps.gsa.shared.util.keepalive.StandaloneKeepAlive$KeepAliveService}
