04-22 10:40:16.831   806  1081 W qti_sensors_hal: processReportInd: lux: 59, ch0: 218, ch1: 388
04-22 10:40:19.221  2449  3312 D QCNEJ/WlanStaInfoRelay: Received action: android.net.wifi.RSSI_CHANGED
04-22 10:40:19.222  2449  3312 I QCNEJ/NativeHalConnector: -> SND notifyWlanStaStatusChanged([WlanStaInfo]: wifiSwitchState = 1 rssi = -55 ssid = Jasmine bssid = b0:39:56:5a:37:40 dnsInfo = 192.168.1.1;0.0.0.0;0.0.0.0;0.0.0.0; freqBand = _2GHz countryCode = us[RatInfo]: networkType = 1 subType = 101 networkState = CONNECTED netHdl = 432902426637 ipAddrV4 = 192.168.1.67 ipAddrV6 =  ifNameV4 = wlan0 ifNameV6 =  slotIdx = 0 isAndroidValidated = true) timeStamp = 2021-04-22 10:40:19.222
04-22 10:40:19.232  2506  2733 E PhoneInterfaceManager: [PhoneIntfMgr] getCarrierPrivilegeStatus: No UICC
04-22 10:40:19.234  2764  3687 I CarrierServices: [99] car.a: FiST: Wifi connectivity status true
04-22 10:40:19.235  2764  4153 I CarrierServices: [127] awv.handleMessage: RCS is disabled, skipping config update request
04-22 10:40:19.236  2764  4146 I CarrierServices: [125] chy.a: (PEv2-SM): DisabledState: event Connectivity event
04-22 10:40:19.238  2506  2733 E PhoneInterfaceManager: [PhoneIntfMgr] getCarrierPrivilegeStatus: No UICC
04-22 10:40:19.239  2764  3687 I CarrierServices: [99] cay.d: Connected state: [1], networkType: [WIFI]
04-22 10:40:21.292     0     0 W swapper/0: type=1400 audit(0.0:2359): avc: denied { kill } for uid=0 capability=5 scontext=u:r:kernel:s0 tcontext=u:r:kernel:s0 tclass=capability permissive=0
04-22 10:40:25.401  1746  2064 D BatteryService: uevent={POWER_SUPPLY_DP_DM=0, POWER_SUPPLY_VOLTAGE_NOW=3962225, POWER_SUPPLY_SW_JEITA_ENABLED=0, POWER_SUPPLY_CHARGE_CONTROL_LIMIT_MAX=8, POWER_SUPPLY_RECHARGE_SOC=99, POWER_SUPPLY_HEALTH=Good, POWER_SUPPLY_TECHNOLOGY=Li-ion, POWER_SUPPLY_FCC_STEPPER_ENABLE=0, SEQNUM=617680, POWER_SUPPLY_INPUT_CURRENT_LIMITED=0, POWER_SUPPLY_CHARGE_CONTROL_LIMIT=0, POWER_SUPPLY_BATTERY_CHARGING_ENABLED=1, POWER_SUPPLY_STATUS=Discharging, POWER_SUPPLY_CYCLE_COUNT=1, POWER_SUPPLY_CURRENT_MAX=2000000, POWER_SUPPLY_CHARGE_TERM_CURRENT=-101, POWER_SUPPLY_CAPACITY=67, DEVPATH=/devices/platform/soc/200f000.qcom,spmi/spmi-0/spmi0-02/200f000.qcom,spmi:qcom,pmi632@2:qcom,qpnp-smb5/power_supply/battery, POWER_SUPPLY_CHARGE_DONE=0, POWER_SUPPLY_CHARGE_TYPE=N/A, POWER_SUPPLY_CHARGE_RATE=None, POWER_SUPPLY_CURRENT_NOW=-235901, POWER_SUPPLY_SYSTEM_TEMP_LEVEL=0, POWER_SUPPLY_PRESENT=1, POWER_SUPPLY_PARALLEL_DISABLE=0, POWER_SUPPLY_CHARGE_FULL=3615000, SUBSYSTEM=power_supply, POWER_SUPPLY_SET_SHIP_MODE=0, POWER_SUPPLY_TEMP=240, ACTION=change, POWER_SUPPLY_RERUN_AICL=0, POWER_SUPPLY_AGE=100, POWER_SUPPLY_NAME=battery, POWER_SUPPLY_VOLTAGE_MAX=-22, POWER_SUPPLY_CONSTANT_CHARGE_CURRENT_MAX=2000000, POWER_SUPPLY_CHARGE_COUNTER=2422050, POWER_SUPPLY_STEP_CHARGING_ENABLED=0, POWER_SUPPLY_NUM_SYSTEM_TEMP_LEVELS=8, POWER_SUPPLY_DIE_HEALTH=Hot, POWER_SUPPLY_INPUT_SUSPEND=0}
04-22 10:40:25.431  2506  2506 D QtiCarrierConfigHelper: WARNING, no carrier configs on phone Id: 0
04-22 10:40:31.295     0     0 W swapper/2: type=1400 audit(0.0:2360): avc: denied { kill } for uid=0 capability=5 scontext=u:r:kernel:s0 tcontext=u:r:kernel:s0 tclass=capability permissive=0
04-22 10:40:31.439  2449  3312 D QCNEJ/WlanStaInfoRelay: Received action: android.net.wifi.RSSI_CHANGED
04-22 10:40:31.440  2449  3312 I QCNEJ/NativeHalConnector: -> SND notifyWlanStaStatusChanged([WlanStaInfo]: wifiSwitchState = 1 rssi = -57 ssid = Jasmine bssid = b0:39:56:5a:37:40 dnsInfo = 192.168.1.1;0.0.0.0;0.0.0.0;0.0.0.0; freqBand = _2GHz countryCode = us[RatInfo]: networkType = 1 subType = 101 networkState = CONNECTED netHdl = 432902426637 ipAddrV4 = 192.168.1.67 ipAddrV6 =  ifNameV4 = wlan0 ifNameV6 =  slotIdx = 0 isAndroidValidated = true) timeStamp = 2021-04-22 10:40:31.44
04-22 10:40:31.449  2506  2733 E PhoneInterfaceManager: [PhoneIntfMgr] getCarrierPrivilegeStatus: No UICC
04-22 10:40:31.450  2764  3687 I CarrierServices: [99] car.a: FiST: Wifi connectivity status true
04-22 10:40:31.451  2764  4153 I CarrierServices: [127] awv.handleMessage: RCS is disabled, skipping config update request
04-22 10:40:31.451  2764  4146 I CarrierServices: [125] chy.a: (PEv2-SM): DisabledState: event Connectivity event
04-22 10:40:31.453  2764  3687 I CarrierServices: [99] cay.d: Connected state: [1], networkType: [WIFI]
04-22 10:40:31.455  2506  2733 E PhoneInterfaceManager: [PhoneIntfMgr] getCarrierPrivilegeStatus: No UICC
04-22 10:40:39.657  1746  2396 D WificondControl: Scan result ready event
04-22 10:40:40.673  2449  3312 D QCNEJ/WlanStaInfoRelay: Received action: android.net.wifi.RSSI_CHANGED
04-22 10:40:40.674  2449  3312 I QCNEJ/NativeHalConnector: -> SND notifyWlanStaStatusChanged([WlanStaInfo]: wifiSwitchState = 1 rssi = -55 ssid = Jasmine bssid = b0:39:56:5a:37:40 dnsInfo = 192.168.1.1;0.0.0.0;0.0.0.0;0.0.0.0; freqBand = _2GHz countryCode = us[RatInfo]: networkType = 1 subType = 101 networkState = CONNECTED netHdl = 432902426637 ipAddrV4 = 192.168.1.67 ipAddrV6 =  ifNameV4 = wlan0 ifNameV6 =  slotIdx = 0 isAndroidValidated = true) timeStamp = 2021-04-22 10:40:40.673
04-22 10:40:40.677  2506  2733 E PhoneInterfaceManager: [PhoneIntfMgr] getCarrierPrivilegeStatus: No UICC
04-22 10:40:40.681  2764  3687 I CarrierServices: [99] car.a: FiST: Wifi connectivity status true
04-22 10:40:40.683  2764  3687 I CarrierServices: [99] cay.d: Connected state: [1], networkType: [WIFI]
04-22 10:40:40.685  2764  4146 I CarrierServices: [125] chy.a: (PEv2-SM): DisabledState: event Connectivity event
04-22 10:40:40.685  2764  4153 I CarrierServices: [127] awv.handleMessage: RCS is disabled, skipping config update request
04-22 10:40:40.689  2506  2733 E PhoneInterfaceManager: [PhoneIntfMgr] getCarrierPrivilegeStatus: No UICC
04-22 10:40:41.299     0     0 W swapper/0: type=1400 audit(0.0:2361): avc: denied { kill } for uid=0 capability=5 scontext=u:r:kernel:s0 tcontext=u:r:kernel:s0 tclass=capability permissive=0
04-22 10:40:46.803  2449  3312 D QCNEJ/WlanStaInfoRelay: Received action: android.net.wifi.RSSI_CHANGED
04-22 10:40:46.803  2449  3312 I QCNEJ/NativeHalConnector: -> SND notifyWlanStaStatusChanged([WlanStaInfo]: wifiSwitchState = 1 rssi = -56 ssid = Jasmine bssid = b0:39:56:5a:37:40 dnsInfo = 192.168.1.1;0.0.0.0;0.0.0.0;0.0.0.0; freqBand = _2GHz countryCode = us[RatInfo]: networkType = 1 subType = 101 networkState = CONNECTED netHdl = 432902426637 ipAddrV4 = 192.168.1.67 ipAddrV6 =  ifNameV4 = wlan0 ifNameV6 =  slotIdx = 0 isAndroidValidated = true) timeStamp = 2021-04-22 10:40:46.803
04-22 10:40:46.815  2506  2733 E PhoneInterfaceManager: [PhoneIntfMgr] getCarrierPrivilegeStatus: No UICC
04-22 10:40:46.817  2764  3687 I CarrierServices: [99] car.a: FiST: Wifi connectivity status true
04-22 10:40:46.818  2764  4153 I CarrierServices: [127] awv.handleMessage: RCS is disabled, skipping config update request
04-22 10:40:46.819  2764  4146 I CarrierServices: [125] chy.a: (PEv2-SM): DisabledState: event Connectivity event
04-22 10:40:46.820  2764  3687 I CarrierServices: [99] cay.d: Connected state: [1], networkType: [WIFI]
04-22 10:40:46.825  2506  2733 E PhoneInterfaceManager: [PhoneIntfMgr] getCarrierPrivilegeStatus: No UICC
04-22 10:40:49.888  2449  3312 D QCNEJ/WlanStaInfoRelay: Received action: android.net.wifi.RSSI_CHANGED
04-22 10:40:49.889  2449  3312 I QCNEJ/NativeHalConnector: -> SND notifyWlanStaStatusChanged([WlanStaInfo]: wifiSwitchState = 1 rssi = -55 ssid = Jasmine bssid = b0:39:56:5a:37:40 dnsInfo = 192.168.1.1;0.0.0.0;0.0.0.0;0.0.0.0; freqBand = _2GHz countryCode = us[RatInfo]: networkType = 1 subType = 101 networkState = CONNECTED netHdl = 432902426637 ipAddrV4 = 192.168.1.67 ipAddrV6 =  ifNameV4 = wlan0 ifNameV6 =  slotIdx = 0 isAndroidValidated = true) timeStamp = 2021-04-22 10:40:49.888
04-22 10:40:49.893  2506  2733 E PhoneInterfaceManager: [PhoneIntfMgr] getCarrierPrivilegeStatus: No UICC
04-22 10:40:49.896  2764  3687 I CarrierServices: [99] car.a: FiST: Wifi connectivity status true
04-22 10:40:49.898  2764  4153 I CarrierServices: [127] awv.handleMessage: RCS is disabled, skipping config update request
04-22 10:40:49.899  2764  3687 I CarrierServices: [99] cay.d: Connected state: [1], networkType: [WIFI]
04-22 10:40:49.899  2764  4146 I CarrierServices: [125] chy.a: (PEv2-SM): DisabledState: event Connectivity event
04-22 10:40:49.903  2506  2733 E PhoneInterfaceManager: [PhoneIntfMgr] getCarrierPrivilegeStatus: No UICC
04-22 10:40:51.299     0     0 W swapper/1: type=1400 audit(0.0:2362): avc: denied { kill } for uid=0 capability=5 scontext=u:r:kernel:s0 tcontext=u:r:kernel:s0 tclass=capability permissive=0
04-22 10:40:55.989  2449  3312 D QCNEJ/WlanStaInfoRelay: Received action: android.net.wifi.RSSI_CHANGED
04-22 10:40:55.990  2449  3312 I QCNEJ/NativeHalConnector: -> SND notifyWlanStaStatusChanged([WlanStaInfo]: wifiSwitchState = 1 rssi = -56 ssid = Jasmine bssid = b0:39:56:5a:37:40 dnsInfo = 192.168.1.1;0.0.0.0;0.0.0.0;0.0.0.0; freqBand = _2GHz countryCode = us[RatInfo]: networkType = 1 subType = 101 networkState = CONNECTED netHdl = 432902426637 ipAddrV4 = 192.168.1.67 ipAddrV6 =  ifNameV4 = wlan0 ifNameV6 =  slotIdx = 0 isAndroidValidated = true) timeStamp = 2021-04-22 10:40:55.989
04-22 10:40:56.005  2506  2733 E PhoneInterfaceManager: [PhoneIntfMgr] getCarrierPrivilegeStatus: No UICC
04-22 10:40:56.008  2764  3687 I CarrierServices: [99] car.a: FiST: Wifi connectivity status true
04-22 10:40:56.009  2764  4153 I CarrierServices: [127] awv.handleMessage: RCS is disabled, skipping config update request
04-22 10:40:56.010  2764  4146 I CarrierServices: [125] chy.a: (PEv2-SM): DisabledState: event Connectivity event
04-22 10:40:56.011  2764  3687 I CarrierServices: [99] cay.d: Connected state: [1], networkType: [WIFI]
04-22 10:40:56.023  2506  2733 E PhoneInterfaceManager: [PhoneIntfMgr] getCarrierPrivilegeStatus: No UICC
04-22 10:40:59.084  2506  2733 E PhoneInterfaceManager: [PhoneIntfMgr] getCarrierPrivilegeStatus: No UICC
04-22 10:40:59.085  2449  3312 D QCNEJ/WlanStaInfoRelay: Received action: android.net.wifi.RSSI_CHANGED
04-22 10:40:59.085  2449  3312 I QCNEJ/NativeHalConnector: -> SND notifyWlanStaStatusChanged([WlanStaInfo]: wifiSwitchState = 1 rssi = -54 ssid = Jasmine bssid = b0:39:56:5a:37:40 dnsInfo = 192.168.1.1;0.0.0.0;0.0.0.0;0.0.0.0; freqBand = _2GHz countryCode = us[RatInfo]: networkType = 1 subType = 101 networkState = CONNECTED netHdl = 432902426637 ipAddrV4 = 192.168.1.67 ipAddrV6 =  ifNameV4 = wlan0 ifNameV6 =  slotIdx = 0 isAndroidValidated = true) timeStamp = 2021-04-22 10:40:59.085
04-22 10:40:59.086  2764  3687 I CarrierServices: [99] car.a: FiST: Wifi connectivity status true
04-22 10:40:59.087  2764  4146 I CarrierServices: [125] chy.a: (PEv2-SM): DisabledState: event Connectivity event
04-22 10:40:59.087  2764  4153 I CarrierServices: [127] awv.handleMessage: RCS is disabled, skipping config update request
04-22 10:40:59.091  2506  2733 E PhoneInterfaceManager: [PhoneIntfMgr] getCarrierPrivilegeStatus: No UICC
04-22 10:40:59.091  2764  3687 I CarrierServices: [99] cay.d: Connected state: [1], networkType: [WIFI]
04-22 10:41:00.037  2315  2315 W View    : requestLayout() improperly called by com.android.systemui.statusbar.HeadsUpStatusBarView{aa901f7 I.E...... ......ID 0,0-248,56 #7f0a01f7 app:id/heads_up_status_bar_view} during layout: running second layout pass
04-22 10:41:01.302     0     0 W swapper/0: type=1400 audit(0.0:2363): avc: denied { kill } for uid=0 capability=5 scontext=u:r:kernel:s0 tcontext=u:r:kernel:s0 tclass=capability permissive=0
04-22 10:41:02.154  2449  3312 D QCNEJ/WlanStaInfoRelay: Received action: android.net.wifi.RSSI_CHANGED
04-22 10:41:02.155  2449  3312 I QCNEJ/NativeHalConnector: -> SND notifyWlanStaStatusChanged([WlanStaInfo]: wifiSwitchState = 1 rssi = -56 ssid = Jasmine bssid = b0:39:56:5a:37:40 dnsInfo = 192.168.1.1;0.0.0.0;0.0.0.0;0.0.0.0; freqBand = _2GHz countryCode = us[RatInfo]: networkType = 1 subType = 101 networkState = CONNECTED netHdl = 432902426637 ipAddrV4 = 192.168.1.67 ipAddrV6 =  ifNameV4 = wlan0 ifNameV6 =  slotIdx = 0 isAndroidValidated = true) timeStamp = 2021-04-22 10:41:02.154
04-22 10:41:02.165  1746  1776 I ActivityManager: Killing 23653:com.motorola.invisiblenet/u0a156 (adj 945): empty for 1800s
04-22 10:41:02.166  1746  1776 I ActivityManager: Killing 23631:com.android.keychain/1000 (adj 955): empty for 1800s
04-22 10:41:02.166  2506  2733 E PhoneInterfaceManager: [PhoneIntfMgr] getCarrierPrivilegeStatus: No UICC
04-22 10:41:02.169  2764  3687 I CarrierServices: [99] car.a: FiST: Wifi connectivity status true
04-22 10:41:02.170  2764  4153 I CarrierServices: [127] awv.handleMessage: RCS is disabled, skipping config update request
04-22 10:41:02.170  2764  4146 I CarrierServices: [125] chy.a: (PEv2-SM): DisabledState: event Connectivity event
04-22 10:41:02.171  2764  3687 I CarrierServices: [99] cay.d: Connected state: [1], networkType: [WIFI]
04-22 10:41:02.176  2506  2733 E PhoneInterfaceManager: [PhoneIntfMgr] getCarrierPrivilegeStatus: No UICC
04-22 10:41:02.209  1746  2396 D ActivityManager: makeInactive, ProcessRecord{f7b69c5 23653:com.motorola.invisiblenet/u0a156}, clear holder.state
04-22 10:41:02.210   725   725 I Zygote  : Process 23653 exited due to signal 9 (Killed)
04-22 10:41:02.221  1746  1778 I libprocessgroup: Successfully killed process cgroup uid 10156 pid 23653 in 54ms
04-22 10:41:02.223  1746  3447 D ActivityManager: makeInactive, ProcessRecord{5243f1a 23631:com.android.keychain/1000}, clear holder.state
04-22 10:41:02.223   725   725 I Zygote  : Process 23631 exited due to signal 9 (Killed)
04-22 10:41:02.235  1746  1778 I libprocessgroup: Successfully killed process cgroup uid 1000 pid 23631 in 13ms
04-22 10:41:05.236  2449  3312 D QCNEJ/WlanStaInfoRelay: Received action: android.net.wifi.RSSI_CHANGED
04-22 10:41:05.237  2449  3312 I QCNEJ/NativeHalConnector: -> SND notifyWlanStaStatusChanged([WlanStaInfo]: wifiSwitchState = 1 rssi = -54 ssid = Jasmine bssid = b0:39:56:5a:37:40 dnsInfo = 192.168.1.1;0.0.0.0;0.0.0.0;0.0.0.0; freqBand = _2GHz countryCode = us[RatInfo]: networkType = 1 subType = 101 networkState = CONNECTED netHdl = 432902426637 ipAddrV4 = 192.168.1.67 ipAddrV6 =  ifNameV4 = wlan0 ifNameV6 =  slotIdx = 0 isAndroidValidated = true) timeStamp = 2021-04-22 10:41:05.237
04-22 10:41:05.248  2506  2733 E PhoneInterfaceManager: [PhoneIntfMgr] getCarrierPrivilegeStatus: No UICC
04-22 10:41:05.250  2764  3687 I CarrierServices: [99] car.a: FiST: Wifi connectivity status true
04-22 10:41:05.252  2764  4153 I CarrierServices: [127] awv.handleMessage: RCS is disabled, skipping config update request
04-22 10:41:05.252  2764  3687 I CarrierServices: [99] cay.d: Connected state: [1], networkType: [WIFI]
04-22 10:41:05.253  2764  4146 I CarrierServices: [125] chy.a: (PEv2-SM): DisabledState: event Connectivity event
04-22 10:41:05.257  2506   540 E PhoneInterfaceManager: [PhoneIntfMgr] getCarrierPrivilegeStatus: No UICC
04-22 10:41:11.305     0     0 W swapper/1: type=1400 audit(0.0:2364): avc: denied { kill } for uid=0 capability=5 scontext=u:r:kernel:s0 tcontext=u:r:kernel:s0 tclass=capability permissive=0
04-22 10:41:14.314   806  1081 W qti_sensors_hal: processReportInd: lux: 33, ch0: 99, ch1: 15
04-22 10:41:14.436   806  1081 W qti_sensors_hal: processReportInd: lux: 47, ch0: 142, ch1: 15
04-22 10:41:21.309     0     0 W swapper/0: type=1400 audit(0.0:2365): avc: denied { kill } for uid=0 capability=5 scontext=u:r:kernel:s0 tcontext=u:r:kernel:s0 tclass=capability permissive=0
04-22 10:41:22.830   806  1081 W qti_sensors_hal: processReportInd: lux: 28, ch0: 85, ch1: 15
04-22 10:41:23.083   806  1081 W qti_sensors_hal: processReportInd: lux: 45, ch0: 134, ch1: 15
04-22 10:41:23.334   806  1081 W qti_sensors_hal: processReportInd: lux: 27, ch0: 80, ch1: 15
04-22 10:41:23.606  2449  3312 D QCNEJ/WlanStaInfoRelay: Received action: android.net.wifi.RSSI_CHANGED
04-22 10:41:23.606  2449  3312 I QCNEJ/NativeHalConnector: -> SND notifyWlanStaStatusChanged([WlanStaInfo]: wifiSwitchState = 1 rssi = -56 ssid = Jasmine bssid = b0:39:56:5a:37:40 dnsInfo = 192.168.1.1;0.0.0.0;0.0.0.0;0.0.0.0; freqBand = _2GHz countryCode = us[RatInfo]: networkType = 1 subType = 101 networkState = CONNECTED netHdl = 432902426637 ipAddrV4 = 192.168.1.67 ipAddrV6 =  ifNameV4 = wlan0 ifNameV6 =  slotIdx = 0 isAndroidValidated = true) timeStamp = 2021-04-22 10:41:23.606
04-22 10:41:23.611  2506   540 E PhoneInterfaceManager: [PhoneIntfMgr] getCarrierPrivilegeStatus: No UICC
04-22 10:41:23.613  2764  3687 I CarrierServices: [99] car.a: FiST: Wifi connectivity status true
04-22 10:41:23.617  2764  4146 I CarrierServices: [125] chy.a: (PEv2-SM): DisabledState: event Connectivity event
04-22 10:41:23.618  2764  4153 I CarrierServices: [127] awv.handleMessage: RCS is disabled, skipping config update request
04-22 10:41:23.618  2764  3687 I CarrierServices: [99] cay.d: Connected state: [1], networkType: [WIFI]
04-22 10:41:23.622  2506   540 E PhoneInterfaceManager: [PhoneIntfMgr] getCarrierPrivilegeStatus: No UICC
04-22 10:41:24.588   806  1081 W qti_sensors_hal: processReportInd: lux: 42, ch0: 127, ch1: 15
04-22 10:41:26.692  2449  3312 D QCNEJ/WlanStaInfoRelay: Received action: android.net.wifi.RSSI_CHANGED
04-22 10:41:26.693  2449  3312 I QCNEJ/NativeHalConnector: -> SND notifyWlanStaStatusChanged([WlanStaInfo]: wifiSwitchState = 1 rssi = -54 ssid = Jasmine bssid = b0:39:56:5a:37:40 dnsInfo = 192.168.1.1;0.0.0.0;0.0.0.0;0.0.0.0; freqBand = _2GHz countryCode = us[RatInfo]: networkType = 1 subType = 101 networkState = CONNECTED netHdl = 432902426637 ipAddrV4 = 192.168.1.67 ipAddrV6 =  ifNameV4 = wlan0 ifNameV6 =  slotIdx = 0 isAndroidValidated = true) timeStamp = 2021-04-22 10:41:26.692
04-22 10:41:26.700  2506   540 E PhoneInterfaceManager: [PhoneIntfMgr] getCarrierPrivilegeStatus: No UICC
04-22 10:41:26.703  2764  3687 I CarrierServices: [99] car.a: FiST: Wifi connectivity status true
04-22 10:41:26.705  2764  4153 I CarrierServices: [127] awv.handleMessage: RCS is disabled, skipping config update request
04-22 10:41:26.705  2764  4146 I CarrierServices: [125] chy.a: (PEv2-SM): DisabledState: event Connectivity event
04-22 10:41:26.706  2764  3687 I CarrierServices: [99] cay.d: Connected state: [1], networkType: [WIFI]
04-22 10:41:26.712  2506   540 E PhoneInterfaceManager: [PhoneIntfMgr] getCarrierPrivilegeStatus: No UICC
04-22 10:41:26.842  1746  2064 D BatteryService: uevent={POWER_SUPPLY_DP_DM=0, POWER_SUPPLY_VOLTAGE_NOW=3953661, POWER_SUPPLY_SW_JEITA_ENABLED=0, POWER_SUPPLY_CHARGE_CONTROL_LIMIT_MAX=8, POWER_SUPPLY_RECHARGE_SOC=99, POWER_SUPPLY_HEALTH=Good, POWER_SUPPLY_TECHNOLOGY=Li-ion, POWER_SUPPLY_FCC_STEPPER_ENABLE=0, SEQNUM=617802, POWER_SUPPLY_INPUT_CURRENT_LIMITED=0, POWER_SUPPLY_CHARGE_CONTROL_LIMIT=0, POWER_SUPPLY_BATTERY_CHARGING_ENABLED=1, POWER_SUPPLY_STATUS=Discharging, POWER_SUPPLY_CYCLE_COUNT=1, POWER_SUPPLY_CURRENT_MAX=2000000, POWER_SUPPLY_CHARGE_TERM_CURRENT=-101, POWER_SUPPLY_CAPACITY=67, DEVPATH=/devices/platform/soc/200f000.qcom,spmi/spmi-0/spmi0-02/200f000.qcom,spmi:qcom,pmi632@2:qcom,qpnp-smb5/power_supply/battery, POWER_SUPPLY_CHARGE_DONE=0, POWER_SUPPLY_CHARGE_TYPE=N/A, POWER_SUPPLY_CHARGE_RATE=None, POWER_SUPPLY_CURRENT_NOW=-287628, POWER_SUPPLY_SYSTEM_TEMP_LEVEL=0, POWER_SUPPLY_PRESENT=1, POWER_SUPPLY_PARALLEL_DISABLE=0, POWER_SUPPLY_CHARGE_FULL=3615000, SUBSYSTEM=power_supply, POWER_SUPPLY_SET_SHIP_MODE=0, POWER_SUPPLY_TEMP=241, ACTION=change, POWER_SUPPLY_RERUN_AICL=0, POWER_SUPPLY_AGE=100, POWER_SUPPLY_NAME=battery, POWER_SUPPLY_VOLTAGE_MAX=-22, POWER_SUPPLY_CONSTANT_CHARGE_CURRENT_MAX=2000000, POWER_SUPPLY_CHARGE_COUNTER=2422050, POWER_SUPPLY_STEP_CHARGING_ENABLED=0, POWER_SUPPLY_NUM_SYSTEM_TEMP_LEVELS=8, POWER_SUPPLY_DIE_HEALTH=Hot, POWER_SUPPLY_INPUT_SUSPEND=0}
04-22 10:41:26.853  2506  2506 D QtiCarrierConfigHelper: WARNING, no carrier configs on phone Id: 0
04-22 10:41:29.751  2449  3312 D QCNEJ/WlanStaInfoRelay: Received action: android.net.wifi.RSSI_CHANGED
04-22 10:41:29.752  2449  3312 I QCNEJ/NativeHalConnector: -> SND notifyWlanStaStatusChanged([WlanStaInfo]: wifiSwitchState = 1 rssi = -57 ssid = Jasmine bssid = b0:39:56:5a:37:40 dnsInfo = 192.168.1.1;0.0.0.0;0.0.0.0;0.0.0.0; freqBand = _2GHz countryCode = us[RatInfo]: networkType = 1 subType = 101 networkState = CONNECTED netHdl = 432902426637 ipAddrV4 = 192.168.1.67 ipAddrV6 =  ifNameV4 = wlan0 ifNameV6 =  slotIdx = 0 isAndroidValidated = true) timeStamp = 2021-04-22 10:41:29.751
04-22 10:41:29.762  2506   540 E PhoneInterfaceManager: [PhoneIntfMgr] getCarrierPrivilegeStatus: No UICC
04-22 10:41:29.764  2764  3687 I CarrierServices: [99] car.a: FiST: Wifi connectivity status true
04-22 10:41:29.766  2764  4153 I CarrierServices: [127] awv.handleMessage: RCS is disabled, skipping config update request
04-22 10:41:29.766  2764  4146 I CarrierServices: [125] chy.a: (PEv2-SM): DisabledState: event Connectivity event
04-22 10:41:29.766  2764  3687 I CarrierServices: [99] cay.d: Connected state: [1], networkType: [WIFI]
04-22 10:41:29.769  2506   540 E PhoneInterfaceManager: [PhoneIntfMgr] getCarrierPrivilegeStatus: No UICC
04-22 10:41:31.312     0     0 W swapper/1: type=1400 audit(0.0:2366): avc: denied { kill } for uid=0 capability=5 scontext=u:r:kernel:s0 tcontext=u:r:kernel:s0 tclass=capability permissive=0
04-22 10:41:32.830  2449  3312 D QCNEJ/WlanStaInfoRelay: Received action: android.net.wifi.RSSI_CHANGED
04-22 10:41:32.830  2449  3312 I QCNEJ/NativeHalConnector: -> SND notifyWlanStaStatusChanged([WlanStaInfo]: wifiSwitchState = 1 rssi = -54 ssid = Jasmine bssid = b0:39:56:5a:37:40 dnsInfo = 192.168.1.1;0.0.0.0;0.0.0.0;0.0.0.0; freqBand = _2GHz countryCode = us[RatInfo]: networkType = 1 subType = 101 networkState = CONNECTED netHdl = 432902426637 ipAddrV4 = 192.168.1.67 ipAddrV6 =  ifNameV4 = wlan0 ifNameV6 =  slotIdx = 0 isAndroidValidated = true) timeStamp = 2021-04-22 10:41:32.83
04-22 10:41:32.837  2506   540 E PhoneInterfaceManager: [PhoneIntfMgr] getCarrierPrivilegeStatus: No UICC
04-22 10:41:32.839  2764  3687 I CarrierServices: [99] car.a: FiST: Wifi connectivity status true
04-22 10:41:32.841  2764  4153 I CarrierServices: [127] awv.handleMessage: RCS is disabled, skipping config update request
04-22 10:41:32.842  2764  3687 I CarrierServices: [99] cay.d: Connected state: [1], networkType: [WIFI]
04-22 10:41:32.843  2764  4146 I CarrierServices: [125] chy.a: (PEv2-SM): DisabledState: event Connectivity event
04-22 10:41:32.851  2506   540 E PhoneInterfaceManager: [PhoneIntfMgr] getCarrierPrivilegeStatus: No UICC
04-22 10:41:41.312     0     0 W swapper/0: type=1400 audit(0.0:2367): avc: denied { kill } for uid=0 capability=5 scontext=u:r:kernel:s0 tcontext=u:r:kernel:s0 tclass=capability permissive=0
04-22 10:41:45.085  2449  3312 D QCNEJ/WlanStaInfoRelay: Received action: android.net.wifi.RSSI_CHANGED
04-22 10:41:45.086  2449  3312 I QCNEJ/NativeHalConnector: -> SND notifyWlanStaStatusChanged([WlanStaInfo]: wifiSwitchState = 1 rssi = -56 ssid = Jasmine bssid = b0:39:56:5a:37:40 dnsInfo = 192.168.1.1;0.0.0.0;0.0.0.0;0.0.0.0; freqBand = _2GHz countryCode = us[RatInfo]: networkType = 1 subType = 101 networkState = CONNECTED netHdl = 432902426637 ipAddrV4 = 192.168.1.67 ipAddrV6 =  ifNameV4 = wlan0 ifNameV6 =  slotIdx = 0 isAndroidValidated = true) timeStamp = 2021-04-22 10:41:45.085
04-22 10:41:45.094  2506   540 E PhoneInterfaceManager: [PhoneIntfMgr] getCarrierPrivilegeStatus: No UICC
04-22 10:41:45.096  2764  3687 I CarrierServices: [99] car.a: FiST: Wifi connectivity status true
04-22 10:41:45.098  2764  4146 I CarrierServices: [125] chy.a: (PEv2-SM): DisabledState: event Connectivity event
04-22 10:41:45.098  2764  4153 I CarrierServices: [127] awv.handleMessage: RCS is disabled, skipping config update request
04-22 10:41:45.100  2764  3687 I CarrierServices: [99] cay.d: Connected state: [1], networkType: [WIFI]
04-22 10:41:45.104  2506   540 E PhoneInterfaceManager: [PhoneIntfMgr] getCarrierPrivilegeStatus: No UICC
04-22 10:41:51.315     0     0 W swapper/1: type=1400 audit(0.0:2368): avc: denied { kill } for uid=0 capability=5 scontext=u:r:kernel:s0 tcontext=u:r:kernel:s0 tclass=capability permissive=0
04-22 10:41:51.666  1746  1784 V DisplayPowerController: Brightness [1] reason changing to: 'automatic [ dim ]', previous reason: 'automatic'.
04-22 10:41:53.177  2506  2506 D QtiCarrierConfigHelper: WARNING, no carrier configs on phone Id: 0
04-22 10:41:56.975  1746  9368 D WificondControl: Scan result ready event
04-22 10:41:58.661  1746  1784 I PowerManagerService: Going to sleep due to timeout (uid 1000)...
04-22 10:41:58.662  1746  1746 W UsageStatsService: Event reported without a package name, eventType:16
04-22 10:41:58.672  1746  1746 I WindowManager: Started going to sleep... (why=OFF_BECAUSE_OF_TIMEOUT)
04-22 10:41:58.721  1746  1784 V DisplayPowerController: Brightness [69] reason changing to: 'automatic', previous reason: 'automatic [ dim ]'.
04-22 10:41:59.016  2315  2315 D vol.VolumeDialogImpl: mDialog.dismiss()
04-22 10:41:59.140  1746  1784 I DisplayPowerController: Blocking screen off
04-22 10:41:59.140  1746  1784 I DisplayPowerController: Unblocked screen off after 1 ms
04-22 10:41:59.155  1746  1784 I WindowManager: Screen turned off...
04-22 10:41:59.158  2506  2506 D QtiCarrierConfigHelper: WARNING, no carrier configs on phone Id: 0
04-22 10:41:59.187  1746 29226 D ActivityTaskManager: Top Process State changed to PROCESS_STATE_TOP_SLEEPING
04-22 10:41:59.190  7386  7625 D MCLOG   : [MC_TriggerHelper] PauseResumeTrigger
04-22 10:41:59.193  1746  1784 V DisplayPowerController: Brightness [0] reason changing to: 'screen_off', previous reason: 'automatic'.
04-22 10:41:59.197   882   882 D SurfaceFlinger: Setting power mode 0 on display 0
04-22 10:41:59.198  2297  2578 I chatty  : uid=1002(bluetooth) BluetoothScanMa expire 3 lines
04-22 10:41:59.198   819   914 I SDM     : DisplayBase::SetDisplayState: Set state = 0, display 0
04-22 10:41:59.198  7386  7386 D MCLOG   : [MC_Service] onStartcommand()
04-22 10:41:59.231  1746  1769 I DisplayManagerService: Display device changed state: "Built-in Screen", OFF
04-22 10:41:59.252  1285  1461 I [GF_HAL][gf_hal]: [gf_hal_screen_off]
04-22 10:41:59.252  1285  1461 D [gf_ca_entry]: [gf_ca_invoke_command] enter
04-22 10:41:59.252  1285  1461 D [gf_ca_entry]: [gf_ta_send_modified_cmd_req] enter
04-22 10:41:59.252  1285  1461 D [gf_ca_entry]: [gf_ta_send_modified_cmd_req] begin token 104, cmd_id=1018
04-22 10:41:59.249  1285  1285 W fingerprint@2.1: type=1400 audit(0.0:2369): avc: denied { read } for uid=1000 name="u:object_r:default_prop:s0" dev="tmpfs" ino=6639 scontext=u:r:hal_fingerprint_default:s0 tcontext=u:object_r:default_prop:s0 tclass=file permissive=0
04-22 10:41:59.252  1285  1461 D [gf_ca_entry]: [gf_ca_get_logbuf_length] enter
04-22 10:41:59.253  1285  1461 E libc    : Access denied finding property "gf.debug.dump_talog_data"
04-22 10:41:59.253  1285  1461 D [gf_ca_entry]: [gf_ca_get_logbuf_length] exit
04-22 10:41:59.253  1285  1461 D [gf_sec_ion]: [gf_sec_ion_malloc] enter
04-22 10:41:59.253  1285  1461 D [gf_sec_ion]: [gf_sec_ion_malloc] gf_sec_ion_malloc data_size = 128
04-22 10:41:59.253  1285  1461 D [gf_sec_ion]: [gf_sec_ion_malloc] exit
04-22 10:41:59.253  1285  1461 D [gf_ca_entry]: [gf_ta_send_modified_cmd_req] whitebox is enabled.
04-22 10:41:59.269  1285  1461 D [gf_ca_entry]: [gf_ca_logdump] enter
04-22 10:41:59.269  1285  1461 D [gf_ca_entry]: [gf_ca_logdump] exit
04-22 10:41:59.269  1285  1461 D [gf_sec_ion]: [gf_sec_ion_free] enter
04-22 10:41:59.269  1285  1461 D [gf_sec_ion]: [gf_sec_ion_free] gf_sec_ion_free ion_local_flag is not true
04-22 10:41:59.269  1285  1461 D [gf_sec_ion]: [gf_sec_ion_free] exit
04-22 10:41:59.269  1285  1461 D [gf_ca_entry]: [gf_ta_send_modified_cmd_req] exit
04-22 10:41:59.269  1285  1461 D [gf_ca_entry]: [gf_ca_invoke_command] gx_ta_send_modified_cmd_req success
04-22 10:41:59.269  1285  1461 D [gf_ca_entry]: [gf_ca_invoke_command] ta execution succeed
04-22 10:41:59.269  1285  1461 D [gf_ca_entry]: [gf_ca_invoke_command] exit
04-22 10:41:59.280  2315  2315 W View    : requestLayout() improperly called by com.android.systemui.statusbar.HeadsUpStatusBarView{aa901f7 I.E...... ......ID 0,0-248,56 #7f0a01f7 app:id/heads_up_status_bar_view} during layout: running second layout pass
04-22 10:41:59.580   882   882 D SurfaceFlinger: Finished setting power mode 0 on display 0
04-22 10:41:59.581   882  2872 E IPCThreadState: binder thread pool (4 threads) starved for 162 ms
04-22 10:41:59.581  1746  2287 D SurfaceControl: Excessive delay in setPowerMode()
04-22 10:41:59.584   823   823 I QTI PowerHAL: Got set_interactive hint
04-22 10:41:59.584   823   823 I QTI PowerHAL: Got set_interactive hint on= 0, count= 20
04-22 10:41:59.584   823   823 E QTI PowerHAL: Error opening /sys/kernel/hbtp/display_pwr: No such file or directory
04-22 10:41:59.586  1746  1784 I DreamManagerService: Entering dreamland.
04-22 10:41:59.587  1746  1784 I PowerManagerService: Dozing...
04-22 10:41:59.589  1746  1766 I DreamController: Starting dream: name=ComponentInfo{com.android.systemui/com.android.systemui.doze.DozeService}, isTest=false, canDoze=true, userId=0
04-22 10:41:59.623  1746  3447 I ActivityManager: Killing 20936:com.android.vending/u0a120 (adj 985): empty for 1841s
04-22 10:41:59.625  1746  3447 I ActivityManager: Killing 23998:android.process.acore/u0a51 (adj 995): empty for 1846s
04-22 10:41:59.680   725   725 I Zygote  : Process 23998 exited due to signal 9 (Killed)
04-22 10:41:59.690   725   725 I Zygote  : Process 20936 exited due to signal 9 (Killed)
04-22 10:41:59.691  2315  2315 V StatusBar: mStatusBarWindow: com.android.systemui.statusbar.phone.StatusBarWindowView{ef599b1 V.E...... ......I. 0,0-720,56} canPanelBeCollapsed(): false
04-22 10:41:59.691  2315  2315 V StatusBar: mStatusBarWindow: com.android.systemui.statusbar.phone.StatusBarWindowView{ef599b1 V.E...... ......I. 0,0-720,56} collapseBySetDisable: false
04-22 10:41:59.692  1746  1778 I libprocessgroup: Successfully killed process cgroup uid 10120 pid 20936 in 67ms
04-22 10:42:00.013  1746  1778 I libprocessgroup: Successfully killed process cgroup uid 10051 pid 23998 in 0ms
04-22 10:42:00.027  1746  1766 W Looper  : Slow delivery took 298ms android.fg h=android.os.Handler c=android.app.-$$Lambda$LoadedApk$ReceiverDispatcher$Args$_BumDX2UKsnxLVrE6UJsJZkotuA@5804e88 m=0
04-22 10:42:00.027  1746  1766 W Looper  : Slow dispatch took 133ms android.fg h=android.os.Handler c=android.app.-$$Lambda$LoadedApk$ReceiverDispatcher$Args$_BumDX2UKsnxLVrE6UJsJZkotuA@5804e88 m=0
04-22 10:42:00.076  2628  2695 I QcrilOemhookMsgTunnel: [0]processOemHookResponse serial no: -1 error: 0length=1
04-22 10:42:00.077  2628  2695 E QcrilOemhookMsgTunnel: [0]Unexpected serial number in solicited response!serial: -1 error: 0
04-22 10:42:00.126  1746  2828 D ActivityManager: makeInactive, ProcessRecord{4bf1021 23998:android.process.acore/u0a51}, clear holder.state
04-22 10:42:00.138  1746  4978 D ActivityManager: makeInactive, ProcessRecord{f7ab2ae 20936:com.android.vending/u0a120}, clear holder.state
04-22 10:42:00.151  1746  1746 W Looper  : Slow dispatch took 104ms main h=com.android.server.AlarmManagerService$AlarmHandler c=com.android.server.-$$Lambda$AlarmManagerService$2$Eo-D98J-N9R2METkD-12gPs320c@ccf8e07 m=0
04-22 10:42:00.161  1746  1766 W Looper  : Drained
04-22 10:42:00.186  2315  2315 W View    : requestLayout() improperly called by com.android.systemui.statusbar.HeadsUpStatusBarView{aa901f7 I.E...... ......ID 0,0-248,56 #7f0a01f7 app:id/heads_up_status_bar_view} during layout: running second layout pass
04-22 10:42:00.196 17717 29235 I PBSessionCacheImpl: Deleted sessionId[77921808998065148] from persistence.
04-22 10:42:00.204  2315  2315 D StatusBar: updateQsExpansionEnabled - QS Expand enabled: false
04-22 10:42:00.208 17717 17771 W SearchServiceCore: Abort, client detached.
04-22 10:42:00.212 17717 17771 I MicroDetectionState: Should stop hotword detection immediately - false
04-22 10:42:00.219  1746  2739 V WindowManager: Changing focus from Window{d40a2d0 u0 com.motorola.launcher3/com.android.launcher3.CustomizationPanelLauncher} to null displayId=0
04-22 10:42:00.225  2315  2315 D StatusBar: updateQsExpansionEnabled - QS Expand enabled: false
04-22 10:42:00.236  1746  1746 V SettingsProvider: Notifying for 0: content://settings/secure/reminder_exp_learning_time_elapsed
04-22 10:42:00.239  2315  2315 D StatusBar: updateQsExpansionEnabled - QS Expand enabled: false
04-22 10:42:00.262  2315  2315 D StatusBar: disable<e i a s b h r c s > disable2<q i n >
04-22 10:42:00.257  1746  1746 V SettingsProvider: Notifying for 0: content://settings/secure/reminder_exp_learning_time_elapsed
04-22 10:42:00.291  1746  1746 I WindowManager: Finished going to sleep... (why=OFF_BECAUSE_OF_TIMEOUT)
04-22 10:42:00.293  1746  2739 I WindowManager:   SURFACE SIZE set 720x1520 on display:0: StatusBar
04-22 10:42:00.277  2315  2315 I chatty  : uid=10132(com.android.systemui) identical 3 lines
04-22 10:42:00.308  2315  2315 D StatusBar: disable<e i a s b h r c s > disable2<q i n >
04-22 10:42:00.313  2315  2315 W View    : requestLayout() improperly called by com.android.systemui.statusbar.HeadsUpStatusBarView{aa901f7 I.E...... ......ID 0,0-248,56 #7f0a01f7 app:id/heads_up_status_bar_view} during layout: running second layout pass
04-22 10:42:00.313  2315  2315 W View    : requestLayout() improperly called by com.android.systemui.statusbar.notification.stack.NotificationStackScrollLayout{e263903 V.ED..... ......ID 0,0-720,1411 #7f0a0326 app:id/notification_stack_scroller} during layout: running second layout pass
04-22 10:42:00.317  2315  2315 D StatusBar: disable<e i a s b h r c s > disable2<q i n >
04-22 10:42:00.327  1746  2396 I WindowManager: Window drawn AppWindowToken{67332e3 token=Token{7ac1b12 ActivityRecord{c39da9d u0 com.motorola.launcher3/com.android.launcher3.CustomizationPanelLauncher t4}}}
04-22 10:42:00.344   809  2282 D audio_hw_primary: adev_set_parameters: enter: screen_state=off
04-22 10:42:00.344   809  2282 V msm8974_platform: platform_set_parameters: enter: screen_state=off
04-22 10:42:00.344   809  2282 V msm8974_platform: platform_set_parameters: exit with code(0)
04-22 10:42:00.399   725   725 D Zygote  : Forked child process 29238
04-22 10:42:00.401  1746  1777 I ActivityManager: Start proc 29238:com.motorola.motodisplay/u0a167 for service {com.motorola.motodisplay/com.motorola.motodisplay.MotoDisplayService}
04-22 10:42:00.406  2315  2315 D StatusBar: disable<e i a s b h r c s > disable2<q i n >
04-22 10:42:00.412  1746  2739 V WindowManager: Changing focus from null to Window{6c10f2d u0 StatusBar} displayId=0
04-22 10:42:00.407  2315  2315 D StatusBar: disable<e i a s b h r c s > disable2<q i n >
04-22 10:42:00.421 29238 29238 E ola.motodispla: Not starting debugger since process cannot load the jdwp agent.
04-22 10:42:00.427  2315  2315 W View    : requestLayout() improperly called by com.android.systemui.statusbar.HeadsUpStatusBarView{aa901f7 I.E...... ......ID 0,0-248,56 #7f0a01f7 app:id/heads_up_status_bar_view} during second layout pass: posting in next frame
04-22 10:42:00.452  2973  2973 I DeviceStatusMonitor: DeviceStatusMonitor$1.onReceive():48 onReceive() : Action = android.intent.action.SCREEN_OFF
04-22 10:42:00.470 29238 29238 I ola.motodispla: The ClassLoaderContext is a special shared library.
04-22 10:42:00.478 29238 29238 I ola.motodispla: The ClassLoaderContext is a special shared library.
04-22 10:42:00.549 29238 29238 E MotoDisplay: com.motorola.motodisplay.j.a.b.a must have IS_INITIALIZED field.
04-22 10:42:00.549 29238 29238 E MotoDisplay: com.motorola.motodisplay.j.a.b.b must have IS_INITIALIZED field.
04-22 10:42:00.550 29238 29238 E MotoDisplay: com.motorola.motodisplay.j.a.d.b must have IS_INITIALIZED field.
04-22 10:42:00.550 29238 29238 E MotoDisplay: com.motorola.motodisplay.j.a.d.c must have IS_INITIALIZED field.
04-22 10:42:00.550 29238 29238 E MotoDisplay: com.motorola.motodisplay.j.a.d.d must have IS_INITIALIZED field.
04-22 10:42:00.550 29238 29238 E MotoDisplay: com.motorola.motodisplay.j.a.e.c must have IS_INITIALIZED field.
04-22 10:42:00.550 29238 29238 E MotoDisplay: com.motorola.motodisplay.j.a.g.b$a must have IS_INITIALIZED field.
04-22 10:42:00.550 29238 29238 E MotoDisplay: com.motorola.motodisplay.j.b.b.a.a.a must have IS_INITIALIZED field.
04-22 10:42:00.550 29238 29238 E MotoDisplay: com.motorola.motodisplay.j.a.a.a must have IS_INITIALIZED field.
04-22 10:42:00.550 29238 29238 E MotoDisplay: com.motorola.motodisplay.j.a.a.b must have IS_INITIALIZED field.
04-22 10:42:00.550 29238 29238 E MotoDisplay: com.motorola.motodisplay.j.a.a.c must have IS_INITIALIZED field.
04-22 10:42:00.551 29238 29238 E MotoDisplay: com.motorola.motodisplay.j.a.f.a.a must have IS_INITIALIZED field.
04-22 10:42:00.551 29238 29238 E MotoDisplay: com.motorola.motodisplay.j.a.g.c must have IS_INITIALIZED field.
04-22 10:42:00.551 29238 29238 E MotoDisplay: com.motorola.motodisplay.j.a.a.g must have IS_INITIALIZED field.
04-22 10:42:00.551 29238 29238 E MotoDisplay: com.motorola.motodisplay.j.a.d.e must have IS_INITIALIZED field.
04-22 10:42:00.551 29238 29238 E MotoDisplay: com.motorola.motodisplay.j.a.d.f must have IS_INITIALIZED field.
04-22 10:42:00.551 29238 29238 E MotoDisplay: com.motorola.motodisplay.j.a.c.a.b must have IS_INITIALIZED field.
04-22 10:42:00.551 29238 29238 E MotoDisplay: com.motorola.motodisplay.j.a.a.f must have IS_INITIALIZED field.
04-22 10:42:00.551 29238 29238 E MotoDisplay: com.motorola.motodisplay.j.a.e.a must have IS_INITIALIZED field.
04-22 10:42:00.561 29238 29238 E MotoDisplay: Unable to initialize method overridePendingAppTransition
04-22 10:42:00.564 29238 29238 I MotoDisplay: onCreate
04-22 10:42:00.572 17704 17935 I chatty  : uid=10157(com.google.android.gms) NearbyDiscovery expire 4 lines
04-22 10:42:00.584  2315  2315 D MotoDisplayManager: ServiceConnection - Connected MotoDisplayService com.android.systemui.doze.IMotoDisplay$Stub$Proxy@39069eb
04-22 10:42:00.585  2315  2315 I MotoDisplayManager: mMotoDisplayService.show com.android.systemui.doze.IMotoDisplay$Stub$Proxy@39069eb
04-22 10:42:00.585  2315  2315 I MotoDisplayManager: new MotoDisplayCallback id:10
04-22 10:42:00.586 29238 29263 E linker  : library "/vendor/lib/libadspd.so" ("/vendor/lib/libadspd.so") needed or dlopened by "/apex/com.android.runtime/lib/libnativeloader.so" is not accessible for the namespace: [name="classloader-namespace", ld_library_paths="", default_library_paths="/product/priv-app/MotoDisplayV6/MotoDisplayV6.apk!/lib/armeabi-v7a:/system/lib:/product/lib:/system/lib:/product/lib", permitted_paths="/data:/mnt/expand:/data/data/com.motorola.motodisplay:/product/priv-app/MotoDisplayV6:/system/lib:/product/lib:/system/lib/drm:/system/lib/extractors:/system/lib/hw:/product/lib:/system/framework:/system/app:/system/priv-app:/vendor/framework:/vendor/app:/vendor/priv-app:/system/vendor/framework:/system/vendor/app:/system/vendor/priv-app:/odm/framework:/odm/app:/odm/priv-app:/oem/app:/product/framework:/product/app:/product/priv-app:/data:/mnt/expand:/apex/com.android.runtime/lib/bionic:/system/lib/bootstrap"]
04-22 10:42:00.588 29238 29263 E MotoDisplay: Failed to find native AdspdLib library, dlopen failed: library "/vendor/lib/libadspd.so" needed or dlopened by "/apex/com.android.runtime/lib/libnativeloader.so" is not accessible for the namespace "classloader-namespace"
04-22 10:42:00.605  2297  2318 I chatty  : uid=1002(bluetooth) Binder:2297_4 expire 1 line
04-22 10:42:00.609  2297  2578 I chatty  : uid=1002(bluetooth) BluetoothScanMa expire 8 lines
04-22 10:42:00.609  2297  3354 I chatty  : uid=1002(bluetooth) Binder:2297_5 expire 1 line
04-22 10:42:00.613  2297  2352 I chatty  : uid=1002(bluetooth) BT Service Call expire 2 lines
04-22 10:42:00.616 17704 26621 I chatty  : uid=10157(com.google.android.gms) highpool[224] expire 12 lines
04-22 10:42:00.633 17717 17854 E WorkerLoader: No worker found for Worker ID [trainingcache].
04-22 10:42:00.633 17717 17854 W WorkController: Loading failed for worker [trainingcache]: worker not found
04-22 10:42:00.638  2297  2318 I chatty  : uid=1002(bluetooth) Binder:2297_4 expire 1 line
04-22 10:42:00.641  2297  3354 I chatty  : uid=1002(bluetooth) Binder:2297_5 expire 1 line
04-22 10:42:00.641  2297  2606 I chatty  : uid=1002(bluetooth) btu message loo expire 1 line
04-22 10:42:00.649 17717 17854 W ServiceWorker: TrainingCache cache SCREEN_OFF failure
04-22 10:42:00.649 17717 17854 W ServiceWorker: com.google.android.apps.gsa.search.core.service.h.a.a: No worker found for Worker ID [trainingcache].
04-22 10:42:00.649 17717 17854 W ServiceWorker: 	at com.google.android.apps.gsa.search.core.service.g.a.c.a(SourceFile:7)
04-22 10:42:00.649 17717 17854 W ServiceWorker: 	at com.google.android.libraries.gsa.l.a.n.a(SourceFile:2)
04-22 10:42:00.649 17717 17854 W ServiceWorker: 	at com.google.common.v.a.dn.b(SourceFile:7)
04-22 10:42:00.649 17717 17854 W ServiceWorker: 	at com.google.common.v.a.ch.run(SourceFile:12)
04-22 10:42:00.649 17717 17854 W ServiceWorker: 	at com.google.common.v.a.dp.run(SourceFile:10)
04-22 10:42:00.649 17717 17854 W ServiceWorker: 	at com.google.apps.tiktok.concurrent.au.run(SourceFile:2)
04-22 10:42:00.649 17717 17854 W ServiceWorker: 	at java.util.concurrent.ThreadPoolExecutor.runWorker(ThreadPoolExecutor.java:1167)
04-22 10:42:00.649 17717 17854 W ServiceWorker: 	at java.util.concurrent.ThreadPoolExecutor$Worker.run(ThreadPoolExecutor.java:641)
04-22 10:42:00.649 17717 17854 W ServiceWorker: 	at com.google.apps.tiktok.concurrent.f.run(SourceFile:4)
04-22 10:42:00.649 17717 17854 W ServiceWorker: 	at java.lang.Thread.run(Thread.java:919)
04-22 10:42:00.651  1746  2235 V WindowManager: Changing focus from Window{6c10f2d u0 StatusBar} to Window{fddde71 u0 AOD} displayId=0
04-22 10:42:00.655 29238 29238 I MotoDisplay: Starting screen for result: .o.c.c.b requestCode: -1
04-22 10:42:00.656 17704 17704 I chatty  : uid=10157 com.google.android.gms.persistent expire 1 line
04-22 10:42:00.678 29238 29265 I AdrenoGLES: QUALCOMM build                   : 961b24f, Ib57168459a
04-22 10:42:00.678 29238 29265 I AdrenoGLES: Build Date                       : 02/24/20
04-22 10:42:00.678 29238 29265 I AdrenoGLES: OpenGL ES Shader Compiler Version: EV031.27.05.06
04-22 10:42:00.678 29238 29265 I AdrenoGLES: Local Branch                     : 
04-22 10:42:00.678 29238 29265 I AdrenoGLES: Remote Branch                    : 
04-22 10:42:00.678 29238 29265 I AdrenoGLES: Remote Branch                    : 
04-22 10:42:00.678 29238 29265 I AdrenoGLES: Reconstruct Branch               : 
04-22 10:42:00.678 29238 29265 I AdrenoGLES: Build Config                     : S L 8.0.12 AArch32
04-22 10:42:00.684 29238 29265 I AdrenoGLES: PFP: 0x005ff112, ME: 0x005ff066
04-22 10:42:00.716   577   577 I hwservicemanager: getTransport: Cannot find entry android.hardware.graphics.mapper@3.0::IMapper/default in either framework or device manifest.
04-22 10:42:00.716 29238 29265 W Gralloc3: mapper 3.x is not supported
04-22 10:42:00.728  2315  2315 D vol.VolumeDialogImpl: mDialog.dismiss()
04-22 10:42:00.734 29238 29238 I MotoDisplay: onCreate
04-22 10:42:00.980 29238 29238 I MotoDisplay: getView
04-22 10:42:00.988 29238 29238 I chatty  : uid=10167(com.motorola.motodisplay) identical 1 line
04-22 10:42:00.989 29238 29238 I MotoDisplay: getView
04-22 10:42:00.990 29238 29238 I MotoDisplay: Animations disabled: false
04-22 10:42:00.992 29238 29238 I MotoDisplay: Animations disabled: false
04-22 10:42:01.148 29238 29238 E MotoDisplay: Exception getting package info. Name not found - com.android.nfc
04-22 10:42:01.149 29238 29238 E MotoDisplay: Exception getting package info. Name not found - com.android.calculator2
04-22 10:42:01.149 29238 29238 E MotoDisplay: Exception getting package info. Name not found - com.android.contacts
04-22 10:42:01.152 29238 29238 E MotoDisplay: Exception getting package info. Name not found - com.motorola.tools.batterytracer
04-22 10:42:01.160  1746  4978 D NotificationListeners: Enabling component com.motorola.motodisplay/.notification.DisplayNotifListenerService
04-22 10:42:01.160  1746  4978 V NotificationListeners: binding: Intent { act=android.service.notification.NotificationListenerService cmp=com.motorola.motodisplay/.notification.DisplayNotifListenerService (has extras) }
04-22 10:42:01.175  2315  2315 W View    : requestLayout() improperly called by com.android.systemui.statusbar.HeadsUpStatusBarView{aa901f7 I.E...... ......ID 0,0-248,56 #7f0a01f7 app:id/heads_up_status_bar_view} during layout: running second layout pass
04-22 10:42:01.210  1746  1770 I WindowManager:   SURFACE show Surface(name=AOD)/@0xc2a58c on display:0: AOD
04-22 10:42:01.217 29238 29238 I MotoDisplay: Glance register result: true for sensor: {Sensor name="Moto Glance Gesture", vendor="Motorola", version=2, type=65548, maxRange=1.0, resolution=1.0, power=0.001, minDelay=0}
04-22 10:42:01.218  1746  1746 V NotificationListeners: 0 notification listener service connected: ComponentInfo{com.motorola.motodisplay/com.motorola.motodisplay.notification.DisplayNotifListenerService}
04-22 10:42:01.229 29238 29238 I MotoDisplay: onListenerConnected - DisplayNotifListenerService - retrieving notifications
04-22 10:42:01.315     0     0 W swapper/0: type=1400 audit(0.0:2370): avc: denied { kill } for uid=0 capability=5 scontext=u:r:kernel:s0 tcontext=u:r:kernel:s0 tclass=capability permissive=0
04-22 10:42:01.573 29238 29238 I MotoDisplay: Acquiring partial wakelock MotoDisplayWakeLock for 500ms.
04-22 10:42:01.577  1746  2064 D BatteryService: uevent={POWER_SUPPLY_DP_DM=0, POWER_SUPPLY_VOLTAGE_NOW=3966702, POWER_SUPPLY_SW_JEITA_ENABLED=0, POWER_SUPPLY_CHARGE_CONTROL_LIMIT_MAX=8, POWER_SUPPLY_RECHARGE_SOC=99, POWER_SUPPLY_HEALTH=Good, POWER_SUPPLY_TECHNOLOGY=Li-ion, POWER_SUPPLY_FCC_STEPPER_ENABLE=0, SEQNUM=617888, POWER_SUPPLY_INPUT_CURRENT_LIMITED=0, POWER_SUPPLY_CHARGE_CONTROL_LIMIT=0, POWER_SUPPLY_BATTERY_CHARGING_ENABLED=1, POWER_SUPPLY_STATUS=Discharging, POWER_SUPPLY_CYCLE_COUNT=1, POWER_SUPPLY_CURRENT_MAX=2000000, POWER_SUPPLY_CHARGE_TERM_CURRENT=-101, POWER_SUPPLY_CAPACITY=66, DEVPATH=/devices/platform/soc/200f000.qcom,spmi/spmi-0/spmi0-02/200f000.qcom,spmi:qcom,pmi632@2:qcom,qpnp-smb5/power_supply/battery, POWER_SUPPLY_CHARGE_DONE=0, POWER_SUPPLY_CHARGE_TYPE=N/A, POWER_SUPPLY_CHARGE_RATE=None, POWER_SUPPLY_CURRENT_NOW=-129242, POWER_SUPPLY_SYSTEM_TEMP_LEVEL=0, POWER_SUPPLY_PRESENT=1, POWER_SUPPLY_PARALLEL_DISABLE=0, POWER_SUPPLY_CHARGE_FULL=3615000, SUBSYSTEM=power_supply, POWER_SUPPLY_SET_SHIP_MODE=0, POWER_SUPPLY_TEMP=240, ACTION=change, POWER_SUPPLY_RERUN_AICL=0, POWER_SUPPLY_AGE=100, POWER_SUPPLY_NAME=battery, POWER_SUPPLY_VOLTAGE_MAX=-22, POWER_SUPPLY_CONSTANT_CHARGE_CURRENT_MAX=2000000, POWER_SUPPLY_CHARGE_COUNTER=2422050, POWER_SUPPLY_STEP_CHARGING_ENABLED=0, POWER_SUPPLY_NUM_SYSTEM_TEMP_LEVELS=8, POWER_SUPPLY_DIE_HEALTH=Hot, POWER_SUPPLY_INPUT_SUSPEND=0}
04-22 10:42:01.587  2506  2506 D QtiCarrierConfigHelper: WARNING, no carrier configs on phone Id: 0
04-22 10:42:01.598  1746  2739 I BatteryStatsService: In wakeup_callback: suspend aborted
04-22 10:42:01.638   824   824 D ThermalHAL-TARGET: Entering get_temperatures
04-22 10:42:01.638   824   824 D ThermalHAL-TARGET: Entering get_temperatures
04-22 10:42:01.638   824   824 D ThermalHAL-UTIL: Entering get_temperature_for_all
04-22 10:42:01.638   824   824 D ThermalHAL-UTIL: Entering read_temperature
04-22 10:42:01.640   824   824 D ThermalHAL-UTIL: Entering read_temperature
04-22 10:42:01.656 29238 29238 I MotoDisplay: Acquiring partial wakelock MotoDisplayWakeLock for 500ms.
04-22 10:42:01.660  7386  7386 D MCLOG   : [MC_Service] onStartcommand()
04-22 10:42:02.266  1746  2739 I BatteryStatsService: In wakeup_callback: suspend aborted
04-22 10:42:02.482  7386  7386 D MCLOG   : [MC_Service] onStartcommand()
04-22 10:42:02.578   724  2357 I netd    : trafficSwapActiveStatsMap() <27.60ms>
04-22 10:42:02.586   724  2357 I netd    : tetherGetStats() <2.84ms>
04-22 10:42:02.600  7386  7399 W torola.motocar: Reducing the number of considered missed Gc histogram windows from 135 to 100
04-22 10:42:02.652   724  2357 I netd    : trafficSwapActiveStatsMap() <39.26ms>
04-22 10:42:02.657   724  2357 I netd    : tetherGetStats() <3.10ms>
04-22 10:42:02.748  3278  3292 I chatty  : uid=1000(system) HeapTaskDaemon expire 1 line
04-22 10:42:02.749  3278 29277 I chatty  : uid=1000(system) com.motorola.process.system expire 59 lines
04-22 10:42:02.751  3278 29277 E MCINTLOG: [MC_BattStatsFactory] Adding uid 10165
04-22 10:42:02.751  3278 29277 E MCINTLOG: [MC_BattStatsFactory] Adding uid 10167
04-22 10:42:02.751  3278 29277 E MCINTLOG: [MC_BattStatsFactory] Adding uid 10168
04-22 10:42:02.751  3278 29277 E MCINTLOG: [MC_BattStatsFactory] Adding uid 10173
04-22 10:42:02.751  3278 29277 E MCINTLOG: [MC_BattStatsFactory] Adding uid 10176
04-22 10:42:02.751  3278 29277 E MCINTLOG: [MC_BattStatsFactory] Adding uid 10178
04-22 10:42:02.751  3278 29277 E MCINTLOG: [MC_BattStatsFactory] Adding uid 10179
04-22 10:42:02.751  3278 29277 E MCINTLOG: [MC_BattStatsFactory] Adding uid 10181
04-22 10:42:02.751  3278 29277 E MCINTLOG: [MC_BattStatsFactory] Adding uid 10189
04-22 10:42:02.751  3278 29277 E MCINTLOG: [MC_BattStatsFactory] Adding uid 10192
04-22 10:42:02.751  3278 29277 E MCINTLOG: [MC_BattStatsFactory] Adding uid 10193
04-22 10:42:02.751  3278 29277 E MCINTLOG: [MC_BattStatsFactory] Adding uid 10196
04-22 10:42:02.751  3278 29277 E MCINTLOG: [MC_BattStatsFactory] Adding uid 10197
04-22 10:42:02.751  3278 29277 E MCINTLOG: [MC_BattStatsFactory] Adding uid 10199
04-22 10:42:02.751  3278 29277 E MCINTLOG: [MC_BattStatsFactory] Adding uid 10200
