04-22 09:27:49.832 22620 22676 W HomeApp|jzq: 	at java.util.concurrent.ScheduledThreadPoolExecutor$ScheduledFutureTask.run(ScheduledThreadPoolExecutor.java:301)
04-22 09:27:49.832 22620 22676 W HomeApp|jzq: 	at java.util.concurrent.ThreadPoolExecutor.runWorker(ThreadPoolExecutor.java:1167)
04-22 09:27:49.832 22620 22676 W HomeApp|jzq: 	at java.util.concurrent.ThreadPoolExecutor$Worker.run(ThreadPoolExecutor.java:641)
04-22 09:27:49.832 22620 22676 W HomeApp|jzq: 	at java.lang.Thread.run(Thread.java:919)
04-22 09:27:49.832 22620 22676 W HomeApp|jzq: Caused by: java.util.concurrent.TimeoutException
04-22 09:27:49.832 22620 22676 W HomeApp|jzq: 	at boe.c(PG:9)
04-22 09:27:49.832 22620 22676 W HomeApp|jzq: 	at boe.get(PG:3)
04-22 09:27:49.832 22620 22676 W HomeApp|jzq: 	at kab.g(PG:5)
04-22 09:27:49.832 22620 22676 W HomeApp|jzq: 	... 11 more
04-22 09:27:49.833 22620 22676 E HomeApp|jzq: Cannot read null jsonObject.
04-22 09:27:49.833 22620 22676 E HomeApp|jzq: Cannot read null jsonObject.
04-22 09:27:49.879   724 22915 E ResolverController: No valid NAT64 prefix (100, <unspecified>/0)
04-22 09:27:50.006 20079 22918 I chatty  : uid=10157(com.google.android.gms) expire 10 lines
04-22 09:27:50.664  1746  2557 I ActivityManager: Killing 21791:com.qualcomm.qti.qms.service.connectionsecurity/u0a99 (adj 985): empty #17
04-22 09:27:50.714  1746  2739 D ActivityManager: makeInactive, ProcessRecord{5e2555e 21791:com.qualcomm.qti.qms.service.connectionsecurity/u0a99}, clear holder.state
04-22 09:27:50.714   725   725 I Zygote  : Process 21791 exited due to signal 9 (Killed)
04-22 09:27:51.056  1746  2662 W LocationProviderProxy: Odd, no component found for service com.android.location.service.v3.NetworkLocationProvider
04-22 09:27:51.116  2506  2506 E PhoneInterfaceManager: [PhoneIntfMgr] getCarrierPackageNamesForIntent: No UICC
04-22 09:27:51.116  2506  2506 D CarrierSvcBindHelper: No carrier app for: 0
04-22 09:27:51.124  1746  1746 I TelecomService: DefaultDialerCache: Refreshing default dialer for user 0: now com.google.android.dialer: DDC.oR@AiQ
04-22 09:27:51.130  2506  2506 E VvmPkgInstalledRcvr: cannot create TelephonyManager from ComponentInfo{com.android.phone/com.android.services.telephony.TelephonyConnectionService}, ***, UserHandle{0}
04-22 09:27:51.130  2506  2506 D ImsResolver: maybeAddedImsService, packageName: com.google.android.apps.chromecast.app
04-22 09:27:51.143 17704 22923 I chatty  : uid=10157 com.google.android.gms.persistent expire 2 lines
04-22 09:27:51.165 20079 20361 I chatty  : uid=10157(com.google.android.gms) highpool[3] expire 7 lines
04-22 09:27:51.174 20079 20158 I chatty  : uid=10157(com.google.android.gms) lowpool[3] expire 19 lines
04-22 09:27:51.546   724 22934 E ResolverController: No valid NAT64 prefix (100, <unspecified>/0)
04-22 09:27:51.788 22141 22141 W kworker/u16:10: type=1400 audit(0.0:2036): avc: denied { kill } for uid=0 capability=5 scontext=u:r:kernel:s0 tcontext=u:r:kernel:s0 tclass=capability permissive=0
04-22 09:27:51.898   724 22936 E ResolverController: No valid NAT64 prefix (100, <unspecified>/0)
04-22 09:27:51.958 20079 20663 W Binder  : reply too large data on java level: InterfaceDescriptor = null, code = 46
04-22 09:27:51.959 21581 21625 E JavaBinder: !!! FAILED BINDER TRANSACTION !!!  (parcel size = 696)
04-22 09:27:51.959 21581 21625 W GmsClient: IGmsServiceBroker.getService failed
04-22 09:27:51.959 21581 21625 W GmsClient: android.os.DeadObjectException: Transaction failed on small parcel; remote process probably died
04-22 09:27:51.959 21581 21625 W GmsClient: 	at android.os.BinderProxy.transactNative(Native Method)
04-22 09:27:51.959 21581 21625 W GmsClient: 	at android.os.BinderProxy.transact(BinderProxy.java:511)
04-22 09:27:51.959 21581 21625 W GmsClient: 	at qgo.getService(PG:10)
04-22 09:27:51.959 21581 21625 W GmsClient: 	at com.google.android.gms.common.internal.BaseGmsClient.a(PG:107)
04-22 09:27:51.959 21581 21625 W GmsClient: 	at qcy.run(PG:8)
04-22 09:27:51.959 21581 21625 W GmsClient: 	at android.os.Handler.handleCallback(Handler.java:883)
04-22 09:27:51.959 21581 21625 W GmsClient: 	at android.os.Handler.dispatchMessage(Handler.java:100)
04-22 09:27:51.959 21581 21625 W GmsClient: 	at qtd.a(PG:5)
04-22 09:27:51.959 21581 21625 W GmsClient: 	at qtd.dispatchMessage(PG:4)
04-22 09:27:51.959 21581 21625 W GmsClient: 	at android.os.Looper.loop(Looper.java:241)
04-22 09:27:51.959 21581 21625 W GmsClient: 	at android.os.HandlerThread.run(HandlerThread.java:67)
04-22 09:27:53.874 20936 20936 I chatty  : uid=10120(com.android.vending) expire 341 lines
04-22 09:27:53.999 20936 22938 I chatty  : uid=10120(com.android.vending) expire 5 lines
04-22 09:27:54.014 20936 21041 I chatty  : uid=10120(com.android.vending) Thread-5 expire 1 line
04-22 09:27:54.074 21067 22948 I chatty  : uid=10120 com.android.vending:instant_app_installer expire 2 lines
04-22 09:27:54.082 21067 22876 I chatty  : uid=10120 com.android.vending:instant_app_installer expire 2 lines
04-22 09:27:54.095 20936 21271 I chatty  : uid=10120(com.android.vending) Binder:20936_5 expire 3 lines
04-22 09:27:54.103 22877 22949 I chatty  : uid=10120(com.android.vending) expire 1 line
04-22 09:27:54.206 20936 21032 I chatty  : uid=10120(com.android.vending) bgExecutor #3 expire 13 lines
04-22 09:27:54.298 20936 22901 I chatty  : uid=10120(com.android.vending) expire 6 lines
04-22 09:27:54.309 20936 21102 I chatty  : uid=10120(com.android.vending) expire 2 lines
04-22 09:27:54.322 20936 21028 I chatty  : uid=10120(com.android.vending) bgExecutor #1 expire 16 lines
04-22 09:27:54.464  3409  3409 I chatty  : uid=10157(com.google.android.gms) com.google.process.gservices expire 1 line
04-22 09:27:54.468  1746  4978 W BroadcastQueue: Permission Denial: receiving Intent { act=com.google.gservices.intent.action.GSERVICES_OVERRIDE flg=0x1000010 (has extras) } to com.google.android.ims/.receivers.RcsAutoStartReceiver requires com.google.android.providers.gsf.permission.WRITE_GSERVICES due to sender com.android.vending (uid 10120)
04-22 09:27:54.541  2764 22965 W CarrierServices: [159] clm.a: No config URL. RCS will be disabled!
04-22 09:27:54.551  2764  2764 I CarrierServices: [2] dai.e: Carrier Services GServices flags:
04-22 09:27:54.551  2764  2764 I CarrierServices:    carrier_services_security_flags_ec_api_white_listed_packages: com.google.android.apps.messaging,com.google.android.dialer,com.google.android.ims.client.sampleapp,com.android.contacts,com.lge.rcscall,com.android.incallui,com.huawei.incallui.appfeature.rcsfeature
04-22 09:27:54.551  2764  2764 I CarrierServices:    carrier_services_security_flags_ec_api_white_listed_signatures: B28C3EDB665DF32686224DF800F603E9959BBE4E,0980A12BE993528C19107BC21AD811478C63CEFC,B38FA7B5ECFAEC44620A020752B07E063B3120A8,203997BC46B8792DC9747ABD230569071F9A0439,EDA6413C3E3A95492114FE07CD953AD897E40D1A,760EBB9F4200B3DFB1B817B40FF0563A3C150D39,5B368CFF2DA2686996BC95EAC190EAA4F5630FE5,01D845B26B688D8EF647205A5944E9407E52E06E,27196E386B875E76ADF700E7EA84E4C6EEE33DFA,1CDD04F1E4A732BB0352FDFAEE26D2315526DF85,025D5212BF3B5F5CDA6117A518721D70A94D84E0
04-22 09:27:54.551  2764  2764 I CarrierServices:    carrier_services_security_flags_test_service_white_listed_packages: com.google.android.ims.mobly.snippets
04-22 09:27:54.551  2764  2764 I CarrierServices:    carrier_services_security_flags_test_service_white_listed_signatures: AE41481F52E0F58DF2806D5A38EB3DBCA5AE02B0,E165542B31953CC282AA4EF2F4D5F07F7663A2A2
04-22 09:27:54.551  2764  2764 I CarrierServices:    carrier_services_security_flags_white_listed_packages: com.google.android.apps.messaging,com.google.android.dialer,com.google.android.ims.client.sampleapp,com.android.contacts,com.lge.rcscall,com.android.incallui,com.huawei.incallui.appfeature.rcsfeature
04-22 09:27:54.551  2764  2764 I CarrierServices:    carrier_services_security_flags_white_listed_signatures: B28C3EDB665DF32686224DF800F603E9959BBE4E,0980A12BE993528C19107BC21AD811478C63CEFC,B38FA7B5ECFAEC44620A020752B07E063B3120A8,203997BC46B8792DC9747ABD230569071F9A0439,EDA6413C3E3A95492114FE07CD953AD897E40D1A,760EBB9F4200B3DFB1B817B40FF0563A3C150D39,5B368CFF2DA2686996BC95EAC190EAA4F5630FE5,01D845B26B688D8EF647205A5944E9407E52E06E,27196E386B875E76ADF700E7EA84E4C6EEE33DFA,1CDD04F1E4A732BB0352FDFAEE26D2315526DF85,025D5212BF3B5F5CDA6117A518721D70A94D84E0
04-22 09:27:54.551  2764  2764 I CarrierServices:    carrier_services_video_share_disabled_user_agent_substrings: SM-G930,SM-G935,SM-A320
04-22 09:27:54.551  2764  2764 I CarrierServices: ====================
04-22 09:27:54.575 17704 22933 I chatty  : uid=10157 com.google.android.gms.persistent expire 2 lines
04-22 09:27:54.578 17704 22931 I chatty  : uid=10157 com.google.android.gms.persistent expire 3 lines
04-22 09:27:54.581 20079 22926 I chatty  : uid=10157(com.google.android.gms) expire 13 lines
04-22 09:27:54.583 21581 22970 W BugleRcsEngine: [2534] tnu.a: No config URL. RCS will be disabled!
04-22 09:27:54.613  2764 18320 D CarrierServices: log_saver already enabled
04-22 09:27:54.632  2764 22969 I CarrierServices: [160] cwx.b: KEY_CONFIG_IMS_PACKAGE_OVERRIDE_STRING: com.google.android.ims
04-22 09:27:54.634 17717 17717 I BgTaskExecutorImpl: Starting NONEXCLUSIVE background task UPDATE_GSERVICES_CONFIG.
04-22 09:27:54.641 17704 21247 I chatty  : uid=10157(com.google.android.gms) lowpool[132] expire 12 lines
04-22 09:27:54.676 17717 21561 I GservicesUpdateTask: Updating Gservices keys
04-22 09:27:54.677 20079 22926 W PackageParser: Unknown element under <manifest>: queries at /data/user_de/0/com.google.android.gms/app_chimera/m/0000000a/AdsDynamite.apk Binary XML file line #5
04-22 09:27:54.689   725   725 D Zygote  : Forked child process 22985
04-22 09:27:54.690  1746  1777 I ActivityManager: Start proc 22985:com.google.android.partnersetup/u0a115 for broadcast {com.google.android.partnersetup/com.google.android.partnersetup.RlzPingBroadcastReceiver}
04-22 09:27:54.701 22985 22985 E id.partnersetu: Not starting debugger since process cannot load the jdwp agent.
04-22 09:27:54.732 20079 22926 W PackageParser: Unknown element under <manifest>: queries at /data/user_de/0/com.google.android.gms/app_chimera/m/00000018/dl-AdsFdrDynamite.integ_210890500100000.apk Binary XML file line #5
04-22 09:27:54.743 22985 22985 I id.partnersetu: The ClassLoaderContext is a special shared library.
04-22 09:27:54.748 22985 22985 I id.partnersetu: The ClassLoaderContext is a special shared library.
04-22 09:27:54.780  1746  3666 I chatty  : uid=1000(system) Binder:1746_F expire 2 lines
04-22 09:27:54.781  1746  4978 I chatty  : uid=1000(system) Binder:1746_14 expire 1 line
04-22 09:27:54.823 20079 20361 W PackageParser: Unknown element under <manifest>: queries at /data/user_de/0/com.google.android.gms/app_chimera/m/0000000a/AdsDynamite.apk Binary XML file line #5
04-22 09:27:54.882 20079 20361 W PackageParser: Unknown element under <manifest>: queries at /data/user_de/0/com.google.android.gms/app_chimera/m/00000018/dl-AdsFdrDynamite.integ_210890500100000.apk Binary XML file line #5
04-22 09:27:54.892 20079 22928 I chatty  : uid=10157(com.google.android.gms) expire 1 line
04-22 09:27:54.898 20936 23007 I chatty  : uid=10120(com.android.vending) expire 2 lines
04-22 09:27:54.943 20079 22929 I chatty  : uid=10157(com.google.android.gms) expire 3 lines
04-22 09:27:55.058  1746  3667 I ActivityManager: Killing 21759:com.google.android.apps.nbu.files/u0a125 (adj 985): empty #17
04-22 09:27:55.103 17704 20208 I chatty  : uid=10157 com.google.android.gms.persistent expire 1 line
04-22 09:27:55.121  1746  3666 D ActivityManager: makeInactive, ProcessRecord{24968c1 21759:com.google.android.apps.nbu.files/u0a125}, clear holder.state
04-22 09:27:55.121   725   725 I Zygote  : Process 21759 exited due to signal 9 (Killed)
04-22 09:27:55.172 20936 20961 I chatty  : uid=10120(com.android.vending) FinalizerDaemon expire 1 line
04-22 09:27:55.320 20936 23011 I chatty  : uid=10120(com.android.vending) expire 1 line
04-22 09:27:55.734 20936 21030 I Finsky  : [2430] twf.i(2): IQ: Scheduling install request package_name=com.google.android.inputmethod.latin, pm_package_name=com.google.android.inputmethod.latin, version=52619193, priority=3, reason=auto_update, account_name=, type=0, constraints=((REQ_CHARGING, REQ_DEVICE_IDLE, REQ_GEARHEAD_PROJECTION_OFF, NETWORK=UNMETERED, PROVISIONING_STATE=PROVISIONED),)
04-22 09:27:55.735 20936 21030 I Finsky  : [2430] twf.i(2): IQ: Scheduling install request package_name=com.google.android.calendar, pm_package_name=com.google.android.calendar, version=2016990472, priority=3, reason=auto_update, account_name=, type=0, constraints=((REQ_CHARGING, REQ_DEVICE_IDLE, REQ_GEARHEAD_PROJECTION_OFF, NETWORK=UNMETERED, PROVISIONING_STATE=PROVISIONED),)
04-22 09:27:55.764 20936 22869 W Finsky  : [2522] tun.call(18): IQ: Resolved conflict: package=com.google.android.apps.docs. oldConstraints=[(REQ_CHARGING, REQ_DEVICE_IDLE, REQ_GEARHEAD_PROJECTION_OFF, NETWORK=UNMETERED, PROVISIONING_STATE=PROVISIONED)], newConstraints=[(REQ_CHARGING, REQ_DEVICE_IDLE, REQ_GEARHEAD_PROJECTION_OFF, NETWORK=UNMETERED, PROVISIONING_STATE=PROVISIONED)]
04-22 09:27:55.772 20936 22869 W Finsky  : [2522] tun.call(18): IQ: Resolved conflict: package=com.google.android.apps.maps. oldConstraints=[(REQ_CHARGING, REQ_DEVICE_IDLE, REQ_GEARHEAD_PROJECTION_OFF, NETWORK=UNMETERED, PROVISIONING_STATE=PROVISIONED)], newConstraints=[(REQ_CHARGING, REQ_DEVICE_IDLE, REQ_GEARHEAD_PROJECTION_OFF, NETWORK=UNMETERED, PROVISIONING_STATE=PROVISIONED)]
04-22 09:27:55.776 20936 22869 W Finsky  : [2522] tun.call(18): IQ: Resolved conflict: package=com.google.android.apps.messaging. oldConstraints=[(REQ_CHARGING, REQ_DEVICE_IDLE, REQ_GEARHEAD_PROJECTION_OFF, NETWORK=UNMETERED, PROVISIONING_STATE=PROVISIONED)], newConstraints=[(REQ_CHARGING, REQ_DEVICE_IDLE, REQ_GEARHEAD_PROJECTION_OFF, NETWORK=UNMETERED, PROVISIONING_STATE=PROVISIONED)]
04-22 09:27:55.780 20936 22869 W Finsky  : [2522] tun.call(18): IQ: Resolved conflict: package=com.google.android.apps.nbu.files. oldConstraints=[(REQ_CHARGING, REQ_DEVICE_IDLE, REQ_GEARHEAD_PROJECTION_OFF, NETWORK=UNMETERED, PROVISIONING_STATE=PROVISIONED)], newConstraints=[(REQ_CHARGING, REQ_DEVICE_IDLE, REQ_GEARHEAD_PROJECTION_OFF, NETWORK=UNMETERED, PROVISIONING_STATE=PROVISIONED)]
04-22 09:27:55.785 20936 22869 W Finsky  : [2522] tun.call(18): IQ: Resolved conflict: package=com.google.android.apps.photos. oldConstraints=[(REQ_CHARGING, REQ_DEVICE_IDLE, REQ_GEARHEAD_PROJECTION_OFF, NETWORK=UNMETERED, PROVISIONING_STATE=PROVISIONED)], newConstraints=[(REQ_CHARGING, REQ_DEVICE_IDLE, REQ_GEARHEAD_PROJECTION_OFF, NETWORK=UNMETERED, PROVISIONING_STATE=PROVISIONED)]
04-22 09:27:55.789 20936 22869 W Finsky  : [2522] tun.call(18): IQ: Resolved conflict: package=com.google.android.apps.tachyon. oldConstraints=[(REQ_CHARGING, REQ_DEVICE_IDLE, REQ_GEARHEAD_PROJECTION_OFF, NETWORK=UNMETERED, PROVISIONING_STATE=PROVISIONED)], newConstraints=[(REQ_CHARGING, REQ_DEVICE_IDLE, REQ_GEARHEAD_PROJECTION_OFF, NETWORK=UNMETERED, PROVISIONING_STATE=PROVISIONED)]
04-22 09:27:55.792 20936 22869 W Finsky  : [2522] tun.call(18): IQ: Resolved conflict: package=com.google.android.apps.wallpaper. oldConstraints=[(REQ_CHARGING, REQ_DEVICE_IDLE, REQ_GEARHEAD_PROJECTION_OFF, NETWORK=UNMETERED, PROVISIONING_STATE=PROVISIONED)], newConstraints=[(REQ_CHARGING, REQ_DEVICE_IDLE, REQ_GEARHEAD_PROJECTION_OFF, NETWORK=UNMETERED, PROVISIONING_STATE=PROVISIONED)]
04-22 09:27:55.796 20936 22869 W Finsky  : [2522] tun.call(18): IQ: Resolved conflict: package=com.google.android.apps.wellbeing. oldConstraints=[(REQ_CHARGING, REQ_DEVICE_IDLE, REQ_GEARHEAD_PROJECTION_OFF, NETWORK=UNMETERED, PROVISIONING_STATE=PROVISIONED)], newConstraints=[(REQ_CHARGING, REQ_DEVICE_IDLE, REQ_GEARHEAD_PROJECTION_OFF, NETWORK=UNMETERED, PROVISIONING_STATE=PROVISIONED)]
04-22 09:27:55.799 20936 22869 W Finsky  : [2522] tun.call(18): IQ: Resolved conflict: package=com.google.android.apps.youtube.music. oldConstraints=[(REQ_CHARGING, REQ_DEVICE_IDLE, REQ_GEARHEAD_PROJECTION_OFF, NETWORK=UNMETERED, PROVISIONING_STATE=PROVISIONED)], newConstraints=[(REQ_CHARGING, REQ_DEVICE_IDLE, REQ_GEARHEAD_PROJECTION_OFF, NETWORK=UNMETERED, PROVISIONING_STATE=PROVISIONED)]
04-22 09:27:55.802 20936 22869 W Finsky  : [2522] tun.call(18): IQ: Resolved conflict: package=com.google.android.calendar. oldConstraints=[(REQ_CHARGING, REQ_DEVICE_IDLE, REQ_GEARHEAD_PROJECTION_OFF, NETWORK=UNMETERED, PROVISIONING_STATE=PROVISIONED)], newConstraints=[(REQ_CHARGING, REQ_DEVICE_IDLE, REQ_GEARHEAD_PROJECTION_OFF, NETWORK=UNMETERED, PROVISIONING_STATE=PROVISIONED)]
04-22 09:27:55.804 20936 22869 W Finsky  : [2522] tun.call(18): IQ: Resolved conflict: package=com.google.android.contacts. oldConstraints=[(REQ_CHARGING, REQ_DEVICE_IDLE, REQ_GEARHEAD_PROJECTION_OFF, NETWORK=UNMETERED, PROVISIONING_STATE=PROVISIONED)], newConstraints=[(REQ_CHARGING, REQ_DEVICE_IDLE, REQ_GEARHEAD_PROJECTION_OFF, NETWORK=UNMETERED, PROVISIONING_STATE=PROVISIONED)]
04-22 09:27:55.808 20936 22869 W Finsky  : [2522] tun.call(18): IQ: Resolved conflict: package=com.google.android.deskclock. oldConstraints=[(REQ_CHARGING, REQ_DEVICE_IDLE, REQ_GEARHEAD_PROJECTION_OFF, NETWORK=UNMETERED, PROVISIONING_STATE=PROVISIONED)], newConstraints=[(REQ_CHARGING, REQ_DEVICE_IDLE, REQ_GEARHEAD_PROJECTION_OFF, NETWORK=UNMETERED, PROVISIONING_STATE=PROVISIONED)]
04-22 09:27:55.811 20936 22869 W Finsky  : [2522] tun.call(18): IQ: Resolved conflict: package=com.google.android.dialer. oldConstraints=[(REQ_CHARGING, REQ_DEVICE_IDLE, REQ_GEARHEAD_PROJECTION_OFF, NETWORK=UNMETERED, PROVISIONING_STATE=PROVISIONED)], newConstraints=[(REQ_CHARGING, REQ_DEVICE_IDLE, REQ_GEARHEAD_PROJECTION_OFF, NETWORK=UNMETERED, PROVISIONING_STATE=PROVISIONED)]
04-22 09:27:55.815 20936 22869 W Finsky  : [2522] tun.call(18): IQ: Resolved conflict: package=com.google.android.gm. oldConstraints=[(REQ_CHARGING, REQ_DEVICE_IDLE, REQ_GEARHEAD_PROJECTION_OFF, NETWORK=UNMETERED, PROVISIONING_STATE=PROVISIONED)], newConstraints=[(REQ_CHARGING, REQ_DEVICE_IDLE, REQ_GEARHEAD_PROJECTION_OFF, NETWORK=UNMETERED, PROVISIONING_STATE=PROVISIONED)]
04-22 09:27:55.818 20936 22869 W Finsky  : [2522] tun.call(18): IQ: Resolved conflict: package=com.google.android.googlequicksearchbox. oldConstraints=[(REQ_CHARGING, REQ_DEVICE_IDLE, REQ_GEARHEAD_PROJECTION_OFF, NETWORK=UNMETERED, PROVISIONING_STATE=PROVISIONED)], newConstraints=[(REQ_CHARGING, REQ_DEVICE_IDLE, REQ_GEARHEAD_PROJECTION_OFF, NETWORK=UNMETERED, PROVISIONING_STATE=PROVISIONED)]
04-22 09:27:55.821 20936 22869 W Finsky  : [2522] tun.call(18): IQ: Resolved conflict: package=com.google.android.ims. oldConstraints=[(REQ_CHARGING, REQ_DEVICE_IDLE, REQ_GEARHEAD_PROJECTION_OFF, NETWORK=UNMETERED, PROVISIONING_STATE=PROVISIONED)], newConstraints=[(REQ_CHARGING, REQ_DEVICE_IDLE, REQ_GEARHEAD_PROJECTION_OFF, NETWORK=UNMETERED, PROVISIONING_STATE=PROVISIONED)]
04-22 09:27:55.824 20936 22869 W Finsky  : [2522] tun.call(18): IQ: Resolved conflict: package=com.google.android.inputmethod.latin. oldConstraints=[(REQ_CHARGING, REQ_DEVICE_IDLE, REQ_GEARHEAD_PROJECTION_OFF, NETWORK=UNMETERED, PROVISIONING_STATE=PROVISIONED)], newConstraints=[(REQ_CHARGING, REQ_DEVICE_IDLE, REQ_GEARHEAD_PROJECTION_OFF, NETWORK=UNMETERED, PROVISIONING_STATE=PROVISIONED)]
04-22 09:27:55.827 20936 22869 W Finsky  : [2522] tun.call(18): IQ: Resolved conflict: package=com.google.android.marvin.talkback. oldConstraints=[(REQ_CHARGING, REQ_DEVICE_IDLE, REQ_GEARHEAD_PROJECTION_OFF, NETWORK=UNMETERED, PROVISIONING_STATE=PROVISIONED)], newConstraints=[(REQ_CHARGING, REQ_DEVICE_IDLE, REQ_GEARHEAD_PROJECTION_OFF, NETWORK=UNMETERED, PROVISIONING_STATE=PROVISIONED)]
04-22 09:27:55.829 20936 22869 W Finsky  : [2522] tun.call(18): IQ: Resolved conflict: package=com.google.android.projection.gearhead. oldConstraints=[(REQ_CHARGING, REQ_DEVICE_IDLE, REQ_GEARHEAD_PROJECTION_OFF, NETWORK=UNMETERED, PROVISIONING_STATE=PROVISIONED)], newConstraints=[(REQ_CHARGING, REQ_DEVICE_IDLE, REQ_GEARHEAD_PROJECTION_OFF, NETWORK=UNMETERED, PROVISIONING_STATE=PROVISIONED)]
04-22 09:27:55.832 20936 22869 W Finsky  : [2522] tun.call(18): IQ: Resolved conflict: package=com.google.android.tts. oldConstraints=[(REQ_CHARGING, REQ_DEVICE_IDLE, REQ_GEARHEAD_PROJECTION_OFF, NETWORK=UNMETERED, PROVISIONING_STATE=PROVISIONED)], newConstraints=[(REQ_CHARGING, REQ_DEVICE_IDLE, REQ_GEARHEAD_PROJECTION_OFF, NETWORK=UNMETERED, PROVISIONING_STATE=PROVISIONED)]
04-22 09:27:55.835 20936 22869 W Finsky  : [2522] tun.call(18): IQ: Resolved conflict: package=com.google.android.videos. oldConstraints=[(REQ_CHARGING, REQ_DEVICE_IDLE, REQ_GEARHEAD_PROJECTION_OFF, NETWORK=UNMETERED, PROVISIONING_STATE=PROVISIONED)], newConstraints=[(REQ_CHARGING, REQ_DEVICE_IDLE, REQ_GEARHEAD_PROJECTION_OFF, NETWORK=UNMETERED, PROVISIONING_STATE=PROVISIONED)]
04-22 09:27:55.838 20936 22869 W Finsky  : [2522] tun.call(18): IQ: Resolved conflict: package=com.google.android.youtube. oldConstraints=[(REQ_CHARGING, REQ_DEVICE_IDLE, REQ_GEARHEAD_PROJECTION_OFF, NETWORK=UNMETERED, PROVISIONING_STATE=PROVISIONED)], newConstraints=[(REQ_CHARGING, REQ_DEVICE_IDLE, REQ_GEARHEAD_PROJECTION_OFF, NETWORK=UNMETERED, PROVISIONING_STATE=PROVISIONED)]
04-22 09:27:55.841 20936 22869 W Finsky  : [2522] tun.call(18): IQ: Resolved conflict: package=com.motorola.actions. oldConstraints=[(REQ_CHARGING, REQ_DEVICE_IDLE, REQ_GEARHEAD_PROJECTION_OFF, NETWORK=UNMETERED, PROVISIONING_STATE=PROVISIONED)], newConstraints=[(REQ_CHARGING, REQ_DEVICE_IDLE, REQ_GEARHEAD_PROJECTION_OFF, NETWORK=UNMETERED, PROVISIONING_STATE=PROVISIONED)]
04-22 09:27:55.844 20936 22869 W Finsky  : [2522] tun.call(18): IQ: Resolved conflict: package=com.motorola.fmplayer. oldConstraints=[(REQ_CHARGING, REQ_DEVICE_IDLE, REQ_GEARHEAD_PROJECTION_OFF, NETWORK=UNMETERED, PROVISIONING_STATE=PROVISIONED)], newConstraints=[(REQ_CHARGING, REQ_DEVICE_IDLE, REQ_GEARHEAD_PROJECTION_OFF, NETWORK=UNMETERED, PROVISIONING_STATE=PROVISIONED)]
04-22 09:27:55.847 20936 22869 W Finsky  : [2522] tun.call(18): IQ: Resolved conflict: package=com.motorola.genie. oldConstraints=[(REQ_CHARGING, REQ_DEVICE_IDLE, REQ_GEARHEAD_PROJECTION_OFF, NETWORK=UNMETERED, PROVISIONING_STATE=PROVISIONED)], newConstraints=[(REQ_CHARGING, REQ_DEVICE_IDLE, REQ_GEARHEAD_PROJECTION_OFF, NETWORK=UNMETERED, PROVISIONING_STATE=PROVISIONED)]
04-22 09:27:55.848 20936 21032 I Finsky  : [2432] agwa.n(4): SCH: jobFinished: 10-78. TimeElapsed: 1465ms.
04-22 09:27:55.850 20936 22869 W Finsky  : [2522] tun.call(18): IQ: Resolved conflict: package=com.motorola.moto. oldConstraints=[(REQ_CHARGING, REQ_DEVICE_IDLE, REQ_GEARHEAD_PROJECTION_OFF, NETWORK=UNMETERED, PROVISIONING_STATE=PROVISIONED)], newConstraints=[(REQ_CHARGING, REQ_DEVICE_IDLE, REQ_GEARHEAD_PROJECTION_OFF, NETWORK=UNMETERED, PROVISIONING_STATE=PROVISIONED)]
04-22 09:27:55.853 20936 22869 W Finsky  : [2522] tun.call(18): IQ: Resolved conflict: package=com.motorola.motodisplay. oldConstraints=[(REQ_CHARGING, REQ_DEVICE_IDLE, REQ_GEARHEAD_PROJECTION_OFF, NETWORK=UNMETERED, PROVISIONING_STATE=PROVISIONED)], newConstraints=[(REQ_CHARGING, REQ_DEVICE_IDLE, REQ_GEARHEAD_PROJECTION_OFF, NETWORK=UNMETERED, PROVISIONING_STATE=PROVISIONED)]
04-22 09:27:55.856 20936 20936 I Finsky  : [2] agva.b(3): SCH: Job 10-78 finished. Not rescheduling.
04-22 09:27:55.857 20936 22869 W Finsky  : [2522] tun.call(18): IQ: Resolved conflict: package=com.motorola.timeweatherwidget. oldConstraints=[(REQ_CHARGING, REQ_DEVICE_IDLE, REQ_GEARHEAD_PROJECTION_OFF, NETWORK=UNMETERED, PROVISIONING_STATE=PROVISIONED)], newConstraints=[(REQ_CHARGING, REQ_DEVICE_IDLE, REQ_GEARHEAD_PROJECTION_OFF, NETWORK=UNMETERED, PROVISIONING_STATE=PROVISIONED)]
04-22 09:27:55.857 20936 20936 I Finsky  : [2] aguz.handleMessage(29): SCH: RunningQueue size: 1, PendingQueue size: 0
04-22 09:27:55.857 20936 20936 I Finsky  : [2] aguz.handleMessage(32): SCH: Running queue: 10-82 
04-22 09:27:55.861 20936 22869 I Finsky  : [2522] twf.C(2): IQ: Notifying installation update. package=com.google.android.apps.subscriptions.red, status=SCHEDULED
04-22 09:27:55.883 20936 22869 I Finsky  : [2522] twf.C(2): IQ: Notifying installation update. package=com.google.android.youtube, status=SCHEDULED
04-22 09:27:55.893 20936 22869 I Finsky  : [2522] twf.C(2): IQ: Notifying installation update. package=com.google.android.googlequicksearchbox, status=SCHEDULED
04-22 09:27:55.903 20936 22869 I Finsky  : [2522] twf.C(2): IQ: Notifying installation update. package=com.google.android.apps.messaging, status=SCHEDULED
04-22 09:27:55.911 20936 22869 I Finsky  : [2522] twf.C(2): IQ: Notifying installation update. package=com.google.android.marvin.talkback, status=SCHEDULED
04-22 09:27:55.924 20936 22869 I Finsky  : [2522] twf.C(2): IQ: Notifying installation update. package=com.motorola.timeweatherwidget, status=SCHEDULED
04-22 09:27:55.941 20936 22869 I Finsky  : [2522] twf.C(2): IQ: Notifying installation update. package=com.google.android.deskclock, status=SCHEDULED
04-22 09:27:55.949 20936 22869 I Finsky  : [2522] twf.C(2): IQ: Notifying installation update. package=com.google.android.gm, status=SCHEDULED
04-22 09:27:55.957 20936 22869 I Finsky  : [2522] twf.C(2): IQ: Notifying installation update. package=com.google.android.apps.tachyon, status=SCHEDULED
04-22 09:27:55.967 20936 22869 I Finsky  : [2522] twf.C(2): IQ: Notifying installation update. package=com.google.android.apps.wellbeing, status=SCHEDULED
04-22 09:27:55.973 20936 22869 I Finsky  : [2522] twf.C(2): IQ: Notifying installation update. package=com.google.android.dialer, status=SCHEDULED
04-22 09:27:55.980 20936 22869 I Finsky  : [2522] twf.C(2): IQ: Notifying installation update. package=com.google.android.apps.nbu.files, status=SCHEDULED
04-22 09:27:55.987 20936 22869 I Finsky  : [2522] twf.C(2): IQ: Notifying installation update. package=com.google.android.apps.docs, status=SCHEDULED
04-22 09:27:55.995 20936 22869 I Finsky  : [2522] twf.C(2): IQ: Notifying installation update. package=com.google.android.apps.maps, status=SCHEDULED
04-22 09:27:56.004 20936 22869 I Finsky  : [2522] twf.C(2): IQ: Notifying installation update. package=com.google.android.contacts, status=SCHEDULED
04-22 09:27:56.009 20936 21030 E Finsky  : [2430] aqef.run(18): UCtl:Invalid Client or Server update check time, skipping time skew correction. ClientUpdateCheckTime: 2021-04-22T13:27:55.992Z, ServerUpdateCheckTime: 1970-01-01T00:00:00Z
04-22 09:27:56.010 20936 21032 E Finsky  : [2432] aqef.run(18): UCtl:Invalid Client or Server update check time, skipping time skew correction. ClientUpdateCheckTime: 2021-04-22T13:27:55.993Z, ServerUpdateCheckTime: 1970-01-01T00:00:00Z
04-22 09:27:56.011 20936 21022 E Finsky  : [2422] aqef.run(18): UCtl:Invalid Client or Server update check time, skipping time skew correction. ClientUpdateCheckTime: 2021-04-22T13:27:55.993Z, ServerUpdateCheckTime: 1970-01-01T00:00:00Z
04-22 09:27:56.012 20936 22869 I Finsky  : [2522] twf.C(2): IQ: Notifying installation update. package=com.google.android.ims, status=SCHEDULED
04-22 09:27:56.021 20936 22869 I Finsky  : [2522] twf.C(2): IQ: Notifying installation update. package=com.google.android.tts, status=SCHEDULED
04-22 09:27:56.028 20936 22902 I Finsky  : [2528] iqp.a(2): AU: Successfully updated auto update information
04-22 09:27:56.030 20936 22902 I Finsky  : [2528] iqp.a(2): AU: Successfully updated auto update information
04-22 09:27:56.031 20936 22869 I Finsky  : [2522] twf.C(2): IQ: Notifying installation update. package=com.motorola.genie, status=SCHEDULED
04-22 09:27:56.033 20936 21032 E Finsky  : [2432] aqef.run(18): UCtl:Invalid Client or Server update check time, skipping time skew correction. ClientUpdateCheckTime: 2021-04-22T13:27:56.025Z, ServerUpdateCheckTime: 1970-01-01T00:00:00Z
04-22 09:27:56.034 20936 21030 E Finsky  : [2430] aqef.run(18): UCtl:Invalid Client or Server update check time, skipping time skew correction. ClientUpdateCheckTime: 2021-04-22T13:27:56.025Z, ServerUpdateCheckTime: 1970-01-01T00:00:00Z
04-22 09:27:56.036 20936 22902 I Finsky  : [2528] iqp.a(2): AU: Successfully updated auto update information
04-22 09:27:56.039 20936 22869 I Finsky  : [2522] twf.C(2): IQ: Notifying installation update. package=com.google.android.videos, status=SCHEDULED
04-22 09:27:56.053 20936 22869 I Finsky  : [2522] twf.C(2): IQ: Notifying installation update. package=com.google.android.apps.photos, status=SCHEDULED
04-22 09:27:56.062 20936 22902 I Finsky  : [2528] iqp.a(2): AU: Successfully updated auto update information
04-22 09:27:56.064 20936 22869 I Finsky  : [2522] twf.C(2): IQ: Notifying installation update. package=com.google.android.calendar, status=SCHEDULED
04-22 09:27:56.065 20936 21022 E Finsky  : [2422] aqef.run(18): UCtl:Invalid Client or Server update check time, skipping time skew correction. ClientUpdateCheckTime: 2021-04-22T13:27:56.045Z, ServerUpdateCheckTime: 1970-01-01T00:00:00Z
04-22 09:27:56.073 20936 22902 I Finsky  : [2528] iqp.a(2): AU: Successfully updated auto update information
04-22 09:27:56.074 20936 22869 I Finsky  : [2522] twf.C(2): IQ: Notifying installation update. package=com.motorola.moto, status=SCHEDULED
04-22 09:27:56.078 20936 22902 I Finsky  : [2528] iqp.a(2): AU: Successfully updated auto update information
04-22 09:27:56.082 20936 21030 E Finsky  : [2430] aqef.run(18): UCtl:Invalid Client or Server update check time, skipping time skew correction. ClientUpdateCheckTime: 2021-04-22T13:27:56.070Z, ServerUpdateCheckTime: 1970-01-01T00:00:00Z
04-22 09:27:56.083 20936 22869 I Finsky  : [2522] twf.C(2): IQ: Notifying installation update. package=com.motorola.fmplayer, status=SCHEDULED
04-22 09:27:56.092 20936 22902 I Finsky  : [2528] iqp.a(2): AU: Successfully updated auto update information
04-22 09:27:56.095 20936 22902 I Finsky  : [2528] iqp.a(2): AU: Successfully updated auto update information
04-22 09:27:56.098 20936 21032 E Finsky  : [2432] aqef.run(18): UCtl:Invalid Client or Server update check time, skipping time skew correction. ClientUpdateCheckTime: 2021-04-22T13:27:56.090Z, ServerUpdateCheckTime: 1970-01-01T00:00:00Z
04-22 09:27:56.100 20936 22869 I Finsky  : [2522] twf.C(2): IQ: Notifying installation update. package=com.google.android.projection.gearhead, status=SCHEDULED
04-22 09:27:56.111 20936 21032 I Finsky  : [2432] aqef.run(31): UCtl: Package com.google.android.webview client staleness timestamp changed from 1618960481876 to 1618960481876, available version changed from 443006630 to 443008230 or in-app update priority changed from 0 to 0.
04-22 09:27:56.112 20936 22902 I Finsky  : [2528] iqp.a(2): AU: Successfully updated auto update information
04-22 09:27:56.116 20936 21030 E Finsky  : [2430] aqef.run(18): UCtl:Invalid Client or Server update check time, skipping time skew correction. ClientUpdateCheckTime: 2021-04-22T13:27:56.105Z, ServerUpdateCheckTime: 1970-01-01T00:00:00Z
04-22 09:27:56.117 20936 22869 I Finsky  : [2522] twf.C(2): IQ: Notifying installation update. package=com.motorola.actions, status=SCHEDULED
04-22 09:27:56.117 20936 22902 I Finsky  : [2528] iqp.a(2): AU: Successfully updated auto update information
04-22 09:27:56.126 20936 22869 I Finsky  : [2522] twf.C(2): IQ: Notifying installation update. package=com.google.android.apps.wallpaper, status=SCHEDULED
04-22 09:27:56.130 20936 22902 I Finsky  : [2528] iqp.a(2): AU: Successfully updated auto update information
04-22 09:27:56.133 20936 21022 E Finsky  : [2422] aqef.run(18): UCtl:Invalid Client or Server update check time, skipping time skew correction. ClientUpdateCheckTime: 2021-04-22T13:27:56.126Z, ServerUpdateCheckTime: 1970-01-01T00:00:00Z
04-22 09:27:56.136 20936 22869 I Finsky  : [2522] twf.C(2): IQ: Notifying installation update. package=com.motorola.motodisplay, status=SCHEDULED
04-22 09:27:56.143 20936 22902 I Finsky  : [2528] iqp.a(2): AU: Successfully updated auto update information
04-22 09:27:56.148 20936 22869 I Finsky  : [2522] twf.C(2): IQ: Notifying installation update. package=com.google.android.apps.youtube.music, status=SCHEDULED
04-22 09:27:56.151 20936 22902 I Finsky  : [2528] iqp.a(2): AU: Successfully updated auto update information
04-22 09:27:56.153 20936 21022 E Finsky  : [2422] aqef.run(18): UCtl:Invalid Client or Server update check time, skipping time skew correction. ClientUpdateCheckTime: 2021-04-22T13:27:56.148Z, ServerUpdateCheckTime: 1970-01-01T00:00:00Z
04-22 09:27:56.154 20936 22902 I Finsky  : [2528] iqp.a(2): AU: Successfully updated auto update information
04-22 09:27:56.157 20936 21030 E Finsky  : [2430] aqef.run(18): UCtl:Invalid Client or Server update check time, skipping time skew correction. ClientUpdateCheckTime: 2021-04-22T13:27:56.148Z, ServerUpdateCheckTime: 1970-01-01T00:00:00Z
04-22 09:27:56.160 20936 22869 I Finsky  : [2522] twf.C(2): IQ: Notifying installation update. package=com.google.android.inputmethod.latin, status=SCHEDULED
04-22 09:27:56.171 20936 22902 I Finsky  : [2528] iqp.a(2): AU: Successfully updated auto update information
04-22 09:27:56.174 20936 22902 I Finsky  : [2528] iqp.a(2): AU: Successfully updated auto update information
04-22 09:27:56.174 20936 22869 I Finsky  : [2522] twf.t(6): IQ: Pruning inactive install requests
04-22 09:27:56.174 20936 21022 E Finsky  : [2422] aqef.run(18): UCtl:Invalid Client or Server update check time, skipping time skew correction. ClientUpdateCheckTime: 2021-04-22T13:27:56.165Z, ServerUpdateCheckTime: 1970-01-01T00:00:00Z
04-22 09:27:56.175 20936 22869 I Finsky  : [2522] twf.t(41): IQ: No matching installs to run for jobs: []
04-22 09:27:56.184 20936 22902 I Finsky  : [2528] iqp.a(2): AU: Successfully updated auto update information
04-22 09:27:56.190 20936 21030 E Finsky  : [2430] aqef.run(18): UCtl:Invalid Client or Server update check time, skipping time skew correction. ClientUpdateCheckTime: 2021-04-22T13:27:56.179Z, ServerUpdateCheckTime: 1970-01-01T00:00:00Z
04-22 09:27:56.192 20936 22902 I Finsky  : [2528] iqp.a(2): AU: Successfully updated auto update information
04-22 09:27:56.197 20936 22902 I chatty  : uid=10120(com.android.vending) identical 31 lines
04-22 09:27:56.208 20936 21022 I chatty  : uid=10120(com.android.vending) bgExecutor #0 expire 8 lines
04-22 09:27:56.229 20936 21030 I chatty  : uid=10120(com.android.vending) bgExecutor #2 expire 8 lines
04-22 09:27:56.808  1746 10308 I ActivityManager: Killing 20220:android.process.acore/u0a51 (adj 985): empty #17
04-22 09:27:56.876  1746  2557 D ActivityManager: makeInactive, ProcessRecord{69778ba 20220:android.process.acore/u0a51}, clear holder.state
04-22 09:27:56.881   725   725 I Zygote  : Process 20220 exited due to signal 9 (Killed)
04-22 09:27:57.031 20079 21190 I chatty  : uid=10157(com.google.android.gms) Binder:20079_A expire 1 line
04-22 09:27:57.032 20079 21190 W Binder  : reply too large data on java level: InterfaceDescriptor = null, code = 46
04-22 09:27:57.032 21581 21625 E JavaBinder: !!! FAILED BINDER TRANSACTION !!!  (parcel size = 696)
04-22 09:27:57.033 21581 21625 W GmsClient: IGmsServiceBroker.getService failed
04-22 09:27:57.033 21581 21625 W GmsClient: android.os.DeadObjectException: Transaction failed on small parcel; remote process probably died
04-22 09:27:57.033 21581 21625 W GmsClient: 	at android.os.BinderProxy.transactNative(Native Method)
04-22 09:27:57.033 21581 21625 W GmsClient: 	at android.os.BinderProxy.transact(BinderProxy.java:511)
04-22 09:27:57.033 21581 21625 W GmsClient: 	at qgo.getService(PG:10)
04-22 09:27:57.033 21581 21625 W GmsClient: 	at com.google.android.gms.common.internal.BaseGmsClient.a(PG:107)
04-22 09:27:57.033 21581 21625 W GmsClient: 	at qcy.run(PG:8)
04-22 09:27:57.033 21581 21625 W GmsClient: 	at android.os.Handler.handleCallback(Handler.java:883)
04-22 09:27:57.033 21581 21625 W GmsClient: 	at android.os.Handler.dispatchMessage(Handler.java:100)
04-22 09:27:57.033 21581 21625 W GmsClient: 	at qtd.a(PG:5)
04-22 09:27:57.033 21581 21625 W GmsClient: 	at qtd.dispatchMessage(PG:4)
04-22 09:27:57.033 21581 21625 W GmsClient: 	at android.os.Looper.loop(Looper.java:241)
04-22 09:27:57.033 21581 21625 W GmsClient: 	at android.os.HandlerThread.run(HandlerThread.java:67)
04-22 09:27:57.448  2315  2315 W View    : requestLayout() improperly called by com.android.systemui.statusbar.HeadsUpStatusBarView{aa901f7 I.E...... ......ID 0,0-248,56 #7f0a01f7 app:id/heads_up_status_bar_view} during layout: running second layout pass
04-22 09:27:59.284 20936 22380 I chatty  : uid=10120(com.android.vending) expire 1 line
04-22 09:27:59.331 20936 21040 I chatty  : uid=10120(com.android.vending) Thread-4 expire 1 line
04-22 09:27:59.363   724 23019 E ResolverController: No valid NAT64 prefix (100, <unspecified>/0)
04-22 09:27:59.587 20936 20936 I Finsky  : [2] nke.k(1): Account name null when calculating account hash
04-22 09:27:59.588 20936 20936 I Finsky  : [2] nlo.a(5): Dynamic device configuration updated successfully.
04-22 09:27:59.589 20936 20936 I Finsky  : [2] agwa.n(4): SCH: jobFinished: 21-333333333. TimeElapsed: 288ms.
04-22 09:27:59.594 20936 20936 I Finsky  : [2] agva.b(3): SCH: Job 21-333333333 finished. Not rescheduling.
04-22 09:27:59.596 20936 20936 I Finsky  : [2] aguz.handleMessage(29): SCH: RunningQueue size: 0, PendingQueue size: 0
04-22 09:27:59.597 20936 20936 I Finsky  : [2] aguz.handleMessage(10): SCH: Executor finished
04-22 09:27:59.608 20079 20079 I chatty  : uid=10157(com.google.android.gms) expire 16 lines
04-22 09:27:59.637 20936 20936 I Finsky  : [2] agxj.b(5): SCH: Jobs in database: 1-1337 3-26 10-11 10-26 26-1414141414 
04-22 09:27:59.644 20936 20936 I Finsky  : [2] agvn.h(37): SCH: ConstraintMapping: 1-1337, 10-11, 10-26,  -> L: 581804ms, D: 46374947ms, C: false, I: false, N: 1
04-22 09:27:59.645 20936 20936 I Finsky  : [2] agvn.h(37): SCH: ConstraintMapping: 3-26,  -> L: 0ms, D: 65291863ms, C: true, I: true, N: 2
04-22 09:27:59.646 20936 20936 I Finsky  : [2] agvn.h(37): SCH: ConstraintMapping: 26-1414141414,  -> L: 8485685ms, D: 9385685ms, C: false, I: false, N: 0
04-22 09:27:59.653 20936 20936 I Finsky  : [2] agvn.j(7): SCH: Cancelling existing jobscheduler jobs: 9001 
04-22 09:27:59.654 20936 20936 I Finsky  : [2] agvn.i(11): SCH: Scheduling job Id: 9002, L: 581804, D: 46374947, C: false, I: false, N: 1
04-22 09:27:59.657 20936 20936 I Finsky  : [2] agvn.e(4): SCH: Throttling wakeup for job 9003 (expected to run in 0 ms) due to recent wakeup
04-22 09:27:59.657 20936 20936 I Finsky  : [2] agvn.i(11): SCH: Scheduling job Id: 9003, L: 30000, D: 65291863, C: true, I: true, N: 2
04-22 09:27:59.660 20936 20936 I Finsky  : [2] agvn.i(11): SCH: Scheduling job Id: 9004, L: 8485685, D: 9385685, C: false, I: false, N: 0
04-22 09:27:59.668  1746  3407 I ActivityManager: Killing 21440:com.motorola.carriersettingsext/u0a104 (adj 975): empty #17
04-22 09:27:59.669  1746  3407 I ActivityManager: Killing 22381:com.google.android.gms.ui/u0a157 (adj 985): empty #18
04-22 09:27:59.744  1746  3407 D ActivityManager: makeInactive, ProcessRecord{48529f8 21440:com.motorola.carriersettingsext/u0a104}, clear holder.state
04-22 09:27:59.746   725   725 I Zygote  : Process 22381 exited due to signal 9 (Killed)
04-22 09:27:59.747   725   725 I Zygote  : Process 21440 exited due to signal 9 (Killed)
04-22 09:27:59.748  1746  4965 D ActivityManager: makeInactive, ProcessRecord{d4c9ed1 22381:com.google.android.gms.ui/u0a157}, clear holder.state
04-22 09:27:59.898   724 23020 E ResolverController: No valid NAT64 prefix (100, <unspecified>/0)
04-22 09:28:01.117   724  2357 I netd    : firewallReplaceUidChain("fw_dozable", "true", [1000,1001,1007,1068,2000,10056,10057,10066,10067,10072,10103,10104,10108,10110,10117,10121,10122,10126,10127,10132,10145,10147,10152,10155,10157,10159,10162,10164,10165,10166,10167,10168]) -> {"true"} <0.73ms>
04-22 09:28:01.118   724  2357 I netd    : firewallEnableChildChain(1, "true") <0.03ms>
04-22 09:28:01.119   724  2357 I Netd    : Destroyed 10 sockets for UidRanges{ 10000-2147483647 } skip={1000 1001 1007 1068 2000 10056 10057 10066 10067 10072 10103 10104 10108 10110 10117 10121 10122 10126 10127 10132 10145 10147 10152 10155 10157 10159 10162 10164 10165 10166 10167 10168} in 0.9 ms
04-22 09:28:01.120   724  2357 I netd    : socketDestroy([1000,1001,1007,1068,2000,10056,10057,10066,10067,10072,10103,10104,10108,10110,10117,10121,10122,10126,10127,10132,10145,10147,10152,10155,10157,10159,10162,10164,10165,10166,10167,10168]) <1.35ms>
04-22 09:28:01.132   724 23021 E ResolverController: No valid NAT64 prefix (100, <unspecified>/0)
04-22 09:28:01.136 19400 19412 I chatty  : uid=10157(com.google.android.gms) expire 1 line
04-22 09:28:01.139  1746  2251 D ConnectivityService: Blocked status changed to true for 10179(167) on netId 100
04-22 09:28:01.141  1746  2251 D ConnectivityService: Blocked status changed to true for 10179(168) on netId 100
04-22 09:28:01.142  1746  2251 D ConnectivityService: Blocked status changed to true for 10120(173) on netId 100
04-22 09:28:01.143  1746  2251 D ConnectivityService: Blocked status changed to true for 10199(163) on netId 100
04-22 09:28:01.143  1746  2251 D ConnectivityService: Blocked status changed to true for 10199(164) on netId 100
04-22 09:28:01.144  1746  2251 D ConnectivityService: Blocked status changed to true for 10133(165) on netId 100
04-22 09:28:01.144  1746  2251 D ConnectivityService: Blocked status changed to true for 10133(166) on netId 100
04-22 09:28:01.147  1746  2251 D ConnectivityService: Blocked status changed to true for 10107(22) on netId 100
04-22 09:28:01.147  1746  2251 D ConnectivityService: Blocked status changed to true for 10107(23) on netId 100
04-22 09:28:01.148   724 23023 E ResolverController: No valid NAT64 prefix (100, <unspecified>/0)
04-22 09:28:12.779  1746  1746 W Looper  : Slow delivery took 261ms main h=android.app.ActivityThread$H c=android.app.-$$Lambda$LoadedApk$ReceiverDispatcher$Args$_BumDX2UKsnxLVrE6UJsJZkotuA@edeeda4 m=0
04-22 09:28:12.779  1746  1766 I GnssVisibilityControl: Updating non-framework location access proxy apps in the GNSS HAL to: []
04-22 09:28:12.780  1746  1746 W Looper  : Drained
04-22 09:28:12.781  7136  7250 D OtaApp  : AndroidClientUpgradeService.handleIntent: android.os.action.DEVICE_IDLE_MODE_CHANGED
04-22 09:28:12.781   817   884 E LocSvc_APIClientBase: onResponseCb:894] ERROR: 5 ID: 21
04-22 09:28:12.782  1746  1766 W Looper  : Slow delivery took 261ms android.fg h=com.android.server.location.GnssLocationProvider$ProviderHandler c=android.app.-$$Lambda$LoadedApk$ReceiverDispatcher$Args$_BumDX2UKsnxLVrE6UJsJZkotuA@22b570d m=0
04-22 09:28:12.782  1746  1766 W Looper  : Drained
04-22 09:28:12.783   817   884 D PerMgrLib: GPS unvoting for modem
04-22 09:28:12.784   851   891 D PerMgrSrv: GPS removing vote for modem
04-22 09:28:12.784   851   891 D PerMgrSrv: modem num voters is 4
04-22 09:28:12.815  1746  3407 I BatteryStatsService: In wakeup_callback: resumed from suspend
04-22 09:28:12.816  7136  7250 D OtaApp  : CusSM.onIntentDeviceIdleModeChanged, deviceIdle : true
04-22 09:28:13.034  1746  3407 I BatteryStatsService: In wakeup_callback: suspend aborted
04-22 09:28:13.157     0     0 W swapper/0: type=1400 audit(0.0:2037): avc: denied { kill } for uid=0 capability=5 scontext=u:r:kernel:s0 tcontext=u:r:kernel:s0 tclass=capability permissive=0
04-22 09:28:13.471 20079 20097 I chatty  : uid=10157(com.google.android.gms) Binder:20079_3 expire 1 line
04-22 09:28:13.472 20079 20097 W Binder  : reply too large data on java level: InterfaceDescriptor = null, code = 46
04-22 09:28:13.472 21581 21625 E JavaBinder: !!! FAILED BINDER TRANSACTION !!!  (parcel size = 696)
04-22 09:28:13.473 21581 21625 W GmsClient: IGmsServiceBroker.getService failed
04-22 09:28:13.473 21581 21625 W GmsClient: android.os.DeadObjectException: Transaction failed on small parcel; remote process probably died
04-22 09:28:13.473 21581 21625 W GmsClient: 	at android.os.BinderProxy.transactNative(Native Method)
04-22 09:28:13.473 21581 21625 W GmsClient: 	at android.os.BinderProxy.transact(BinderProxy.java:511)
04-22 09:28:13.473 21581 21625 W GmsClient: 	at qgo.getService(PG:10)
04-22 09:28:13.473 21581 21625 W GmsClient: 	at com.google.android.gms.common.internal.BaseGmsClient.a(PG:107)
04-22 09:28:13.473 21581 21625 W GmsClient: 	at qcy.run(PG:8)
04-22 09:28:13.473 21581 21625 W GmsClient: 	at android.os.Handler.handleCallback(Handler.java:883)
04-22 09:28:13.473 21581 21625 W GmsClient: 	at android.os.Handler.dispatchMessage(Handler.java:100)
04-22 09:28:13.473 21581 21625 W GmsClient: 	at qtd.a(PG:5)
04-22 09:28:13.473 21581 21625 W GmsClient: 	at qtd.dispatchMessage(PG:4)
04-22 09:28:13.473 21581 21625 W GmsClient: 	at android.os.Looper.loop(Looper.java:241)
04-22 09:28:13.473 21581 21625 W GmsClient: 	at android.os.HandlerThread.run(HandlerThread.java:67)
04-22 09:28:31.884  2315  2315 W View    : requestLayout() improperly called by com.android.systemui.statusbar.HeadsUpStatusBarView{aa901f7 I.E...... ......ID 0,0-248,56 #7f0a01f7 app:id/heads_up_status_bar_view} during layout: running second layout pass
04-22 09:28:31.898  1746  2739 I BatteryStatsService: In wakeup_callback: resumed from suspend
04-22 09:28:49.977   724  2357 I netd    : trafficSwapActiveStatsMap() <345.15ms>
04-22 09:28:50.004   724  2357 I netd    : tetherGetStats() <7.77ms>
04-22 09:28:50.040  1746  3407 I BatteryStatsService: In wakeup_callback: resumed from suspend
04-22 09:28:50.127   724  2357 I netd    : trafficSwapActiveStatsMap() <50.52ms>
04-22 09:28:50.132 20936 20936 W ProxyAndroidLoggerBackend: Too many Flogger logs received before configuration. Dropping old logs.
04-22 09:28:50.133 20936 20936 W ProxyAndroidLoggerBackend: Too many Flogger logs received before configuration. Dropping old logs.
04-22 09:28:50.133   724  2357 I netd    : tetherGetStats() <3.75ms>
04-22 09:29:01.991   887   887 I vendor.rmt_storage: rmt_storage_connect_cb: clnt_h=0x17 conn_h=0xb220a028
04-22 09:29:01.992   887   887 I vendor.rmt_storage: rmt_storage_rw_iovec_cb: /boot/modem_fs2: req_h=0x17 msg_id=3: R/W request received (wr_count 15)
04-22 09:29:01.992   887   887 I vendor.rmt_storage: rw_iovec client->path = /boot/modem_fs2
04-22 09:29:01.992   887   887 I vendor.rmt_storage: wakelock acquired: 1, error no: 42
04-22 09:29:01.992   887  1421 I vendor.rmt_storage: rmt_storage_client_thread: /boot/modem_fs2: Unblock worker thread (th_id: -1309167056)
04-22 09:29:02.045  1746  2739 I BatteryStatsService: In wakeup_callback: resumed from suspend
04-22 09:29:02.087   724  2357 I netd    : trafficSwapActiveStatsMap() <37.52ms>
04-22 09:29:02.093   724  2357 I netd    : tetherGetStats() <3.47ms>
04-22 09:29:02.128   887  1421 I vendor.rmt_storage: rmt_storage_client_thread: /boot/modem_fs2: req_h=0x17 msg_id=3: Bytes written = 1572864, wr_count 15
04-22 09:29:02.128   887  1421 I vendor.rmt_storage: rmt_storage_client_thread: /boot/modem_fs2: req_h=0x17 msg_id=3: Send response: res=0 err=0, wr_count 15
04-22 09:29:02.129   887  1421 I vendor.rmt_storage: rmt_storage_client_thread: /boot/modem_fs2: About to block rmt_storage client thread (th_id: -1309167056) wakelock released: 1, error no: 0
04-22 09:29:02.129   887  1421 I vendor.rmt_storage: 
04-22 09:29:02.131   887   887 I vendor.rmt_storage: rmt_storage_disconnect_cb: clnt_h=0x17 conn_h=0xb220a028
04-22 09:29:09.992  1746  2739 I BatteryStatsService: In wakeup_callback: resumed from suspend
04-22 09:29:10.059   724  2357 I netd    : trafficSwapActiveStatsMap() <46.29ms>
04-22 09:29:10.068   724  2357 I netd    : tetherGetStats() <5.24ms>
04-22 09:29:10.073 17717 17771 I WorkerManager: dispose()
04-22 09:29:10.076 22877 22877 I Finsky:download_service: [2] vzu.onDestroy(8): IPC-SERVER: Stopping gRPC host service...
04-22 09:29:10.078 17717 17771 W ThreadPoolDumper: Queue length for executor EventBus is now 11. Perhaps some tasks are too long, or the pool is too small.
04-22 09:29:13.075  1746  2739 I BatteryStatsService: In wakeup_callback: resumed from suspend
04-22 09:29:22.011  1746  1764 I ActivityManager: Killing 21581:com.google.android.apps.messaging/u0a179 (adj 975): empty #17
04-22 09:29:22.014  1746  1764 I ActivityManager: Killing 22059:com.google.android.apps.tachyon/u0a199 (adj 975): empty #18
04-22 09:29:41.866  1746  1764 D ConnectivityService: ConnectivityService NetworkRequestInfo binderDied(NetworkRequest [ TRACK_DEFAULT id=163, [ Capabilities: INTERNET&NOT_RESTRICTED&TRUSTED Uid: 10199] ], android.os.BinderProxy@2555927)
04-22 09:29:41.866  1746  1765 D ConnectivityService: ConnectivityService NetworkRequestInfo binderDied(NetworkRequest [ LISTEN id=164, [ Capabilities: INTERNET&NOT_RESTRICTED&TRUSTED Uid: 10199] ], android.os.BinderProxy@aab07d4)
04-22 09:29:41.867  1746  5335 D ConnectivityService: ConnectivityService NetworkRequestInfo binderDied(NetworkRequest [ LISTEN id=168, [ Capabilities: INTERNET&NOT_RESTRICTED&TRUSTED Uid: 10179] ], android.os.BinderProxy@92d1d7d)
04-22 09:29:41.867  1746  2041 D ActivityManager: makeInactive, ProcessRecord{7a5f130 22059:com.google.android.apps.tachyon/u0a199}, clear holder.state
04-22 09:29:41.869  1746  2251 D ConnectivityService: releasing NetworkRequest [ TRACK_DEFAULT id=163, [ Capabilities: INTERNET&NOT_RESTRICTED&TRUSTED Uid: 10199] ] (release request)
04-22 09:29:41.869  1746 11668 D ConnectivityService: ConnectivityService NetworkRequestInfo binderDied(NetworkRequest [ TRACK_DEFAULT id=167, [ Capabilities: INTERNET&NOT_RESTRICTED&TRUSTED Uid: 10179] ], android.os.BinderProxy@2dfd472)
04-22 09:29:21.977  1746  2739 I BatteryStatsService: In wakeup_callback: resumed from suspend
04-22 09:29:41.869  1746  1778 I libprocessgroup: Successfully killed process cgroup uid 10179 pid 21581 in 493ms
