04-22 09:48:27.441  2758  4230 I CarrierServices: [127] awv.handleMessage: RCS is disabled, skipping config update request
04-22 09:48:27.445  2492  2932 E PhoneInterfaceManager: [PhoneIntfMgr] getCarrierPrivilegeStatus: No UICC
04-22 09:48:30.483  2443  3309 D QCNEJ/WlanStaInfoRelay: Received action: android.net.wifi.RSSI_CHANGED
04-22 09:48:30.484  2443  3309 I QCNEJ/NativeHalConnector: -> SND notifyWlanStaStatusChanged([WlanStaInfo]: wifiSwitchState = 1 rssi = -51 ssid = Jasmine bssid = b0:39:56:5a:37:40 dnsInfo = 192.168.1.1;0.0.0.0;0.0.0.0;0.0.0.0; freqBand = _2GHz countryCode = us[RatInfo]: networkType = 1 subType = 101 networkState = CONNECTED netHdl = 437197393933 ipAddrV4 = 192.168.1.68 ipAddrV6 =  ifNameV4 = wlan0 ifNameV6 =  slotIdx = 0 isAndroidValidated = true) timeStamp = 2021-04-22 09:48:30.483
04-22 09:48:30.506  2492  2932 E PhoneInterfaceManager: [PhoneIntfMgr] getCarrierPrivilegeStatus: No UICC
04-22 09:48:30.508  2758  3750 I CarrierServices: [97] car.a: FiST: Wifi connectivity status true
04-22 09:48:30.509  2758  4230 I CarrierServices: [127] awv.handleMessage: RCS is disabled, skipping config update request
04-22 09:48:30.509  2758  4228 I CarrierServices: [125] chy.a: (PEv2-SM): DisabledState: event Connectivity event
04-22 09:48:30.510  2758  3750 I CarrierServices: [97] cay.d: Connected state: [1], networkType: [WIFI]
04-22 09:48:30.516  2492  2932 E PhoneInterfaceManager: [PhoneIntfMgr] getCarrierPrivilegeStatus: No UICC
04-22 09:48:35.354 22841 22876 I Finsky  : [2623] pjq.run(3): Stats for Executor: BlockingExecutor plw@5ab4939[Running, pool size = 3, active threads = 0, queued tasks = 0, completed tasks = 311]
04-22 09:48:35.355 22841 22876 I Finsky  : [2623] pjq.run(3): Stats for Executor: LightweightExecutor plw@553bb7e[Running, pool size = 4, active threads = 0, queued tasks = 0, completed tasks = 351]
04-22 09:48:35.671 22841 22876 I Finsky  : [2623] pjq.run(3): Stats for Executor: bgExecutor plw@93b68df[Running, pool size = 4, active threads = 0, queued tasks = 0, completed tasks = 299]
04-22 09:48:36.515     0     0 W swapper/0: type=1400 audit(0.0:1966): avc: denied { kill } for uid=0 capability=5 scontext=u:r:kernel:s0 tcontext=u:r:kernel:s0 tclass=capability permissive=0
04-22 09:48:36.660 22998 23036 I Finsky:download_service: [2642] pjq.run(3): Stats for Executor: bgExecutor plw@324e751[Running, pool size = 4, active threads = 0, queued tasks = 0, completed tasks = 8]
04-22 09:48:41.835  1741  2042 D BatteryService: uevent={POWER_SUPPLY_DP_DM=0, POWER_SUPPLY_VOLTAGE_NOW=3965144, POWER_SUPPLY_SW_JEITA_ENABLED=0, POWER_SUPPLY_CHARGE_CONTROL_LIMIT_MAX=8, POWER_SUPPLY_RECHARGE_SOC=99, POWER_SUPPLY_HEALTH=Good, POWER_SUPPLY_TECHNOLOGY=Li-ion, POWER_SUPPLY_FCC_STEPPER_ENABLE=0, SEQNUM=568784, POWER_SUPPLY_INPUT_CURRENT_LIMITED=0, POWER_SUPPLY_CHARGE_CONTROL_LIMIT=0, POWER_SUPPLY_BATTERY_CHARGING_ENABLED=1, POWER_SUPPLY_STATUS=Discharging, POWER_SUPPLY_CYCLE_COUNT=4, POWER_SUPPLY_CURRENT_MAX=2000000, POWER_SUPPLY_CHARGE_TERM_CURRENT=-101, POWER_SUPPLY_CAPACITY=68, DEVPATH=/devices/platform/soc/200f000.qcom,spmi/spmi-0/spmi0-02/200f000.qcom,spmi:qcom,pmi632@2:qcom,qpnp-smb5/power_supply/battery, POWER_SUPPLY_CHARGE_DONE=0, POWER_SUPPLY_CHARGE_TYPE=N/A, POWER_SUPPLY_CHARGE_RATE=None, POWER_SUPPLY_CURRENT_NOW=-221710, POWER_SUPPLY_SYSTEM_TEMP_LEVEL=0, POWER_SUPPLY_PRESENT=1, POWER_SUPPLY_PARALLEL_DISABLE=0, POWER_SUPPLY_CHARGE_FULL=3615000, SUBSYSTEM=power_supply, POWER_SUPPLY_SET_SHIP_MODE=0, POWER_SUPPLY_TEMP=215, ACTION=change, POWER_SUPPLY_RERUN_AICL=0, POWER_SUPPLY_AGE=100, POWER_SUPPLY_NAME=battery, POWER_SUPPLY_VOLTAGE_MAX=-22, POWER_SUPPLY_CONSTANT_CHARGE_CURRENT_MAX=2000000, POWER_SUPPLY_CHARGE_COUNTER=2422050, POWER_SUPPLY_STEP_CHARGING_ENABLED=0, POWER_SUPPLY_NUM_SYSTEM_TEMP_LEVELS=8, POWER_SUPPLY_DIE_HEALTH=Hot, POWER_SUPPLY_INPUT_SUSPEND=0}
04-22 09:48:41.854  2492  2492 D QtiCarrierConfigHelper: WARNING, no carrier configs on phone Id: 0
04-22 09:48:44.498 22998 23036 I Finsky:download_service: [2642] pjq.run(3): Stats for Executor: LightweightExecutor plw@ed75bb6[Running, pool size = 0, active threads = 0, queued tasks = 0, completed tasks = 0]
04-22 09:48:46.519     0     0 W swapper/2: type=1400 audit(0.0:1967): avc: denied { kill } for uid=0 capability=5 scontext=u:r:kernel:s0 tcontext=u:r:kernel:s0 tclass=capability permissive=0
04-22 09:48:51.848  2443  3309 D QCNEJ/WlanStaInfoRelay: Received action: android.net.wifi.RSSI_CHANGED
04-22 09:48:51.849  2443  3309 I QCNEJ/NativeHalConnector: -> SND notifyWlanStaStatusChanged([WlanStaInfo]: wifiSwitchState = 1 rssi = -56 ssid = Jasmine bssid = b0:39:56:5a:37:40 dnsInfo = 192.168.1.1;0.0.0.0;0.0.0.0;0.0.0.0; freqBand = _2GHz countryCode = us[RatInfo]: networkType = 1 subType = 101 networkState = CONNECTED netHdl = 437197393933 ipAddrV4 = 192.168.1.68 ipAddrV6 =  ifNameV4 = wlan0 ifNameV6 =  slotIdx = 0 isAndroidValidated = true) timeStamp = 2021-04-22 09:48:51.849
04-22 09:48:51.876  2492  2932 E PhoneInterfaceManager: [PhoneIntfMgr] getCarrierPrivilegeStatus: No UICC
04-22 09:48:51.878  2758  3750 I CarrierServices: [97] car.a: FiST: Wifi connectivity status true
04-22 09:48:51.879  2758  4230 I CarrierServices: [127] awv.handleMessage: RCS is disabled, skipping config update request
04-22 09:48:51.880  2758  4228 I CarrierServices: [125] chy.a: (PEv2-SM): DisabledState: event Connectivity event
04-22 09:48:51.880  2758  3750 I CarrierServices: [97] cay.d: Connected state: [1], networkType: [WIFI]
04-22 09:48:51.888  2492  2932 E PhoneInterfaceManager: [PhoneIntfMgr] getCarrierPrivilegeStatus: No UICC
04-22 09:48:56.519     0     0 W swapper/0: type=1400 audit(0.0:1968): avc: denied { kill } for uid=0 capability=5 scontext=u:r:kernel:s0 tcontext=u:r:kernel:s0 tclass=capability permissive=0
04-22 09:48:57.980  2443  3309 D QCNEJ/WlanStaInfoRelay: Received action: android.net.wifi.RSSI_CHANGED
04-22 09:48:57.981  2443  3309 I QCNEJ/NativeHalConnector: -> SND notifyWlanStaStatusChanged([WlanStaInfo]: wifiSwitchState = 1 rssi = -52 ssid = Jasmine bssid = b0:39:56:5a:37:40 dnsInfo = 192.168.1.1;0.0.0.0;0.0.0.0;0.0.0.0; freqBand = _2GHz countryCode = us[RatInfo]: networkType = 1 subType = 101 networkState = CONNECTED netHdl = 437197393933 ipAddrV4 = 192.168.1.68 ipAddrV6 =  ifNameV4 = wlan0 ifNameV6 =  slotIdx = 0 isAndroidValidated = true) timeStamp = 2021-04-22 09:48:57.98
04-22 09:48:57.993  2492  2932 E PhoneInterfaceManager: [PhoneIntfMgr] getCarrierPrivilegeStatus: No UICC
04-22 09:48:57.996  2758  3750 I CarrierServices: [97] car.a: FiST: Wifi connectivity status true
04-22 09:48:57.998  2758  4228 I CarrierServices: [125] chy.a: (PEv2-SM): DisabledState: event Connectivity event
04-22 09:48:57.999  2758  3750 I CarrierServices: [97] cay.d: Connected state: [1], networkType: [WIFI]
04-22 09:48:57.999  2758  4230 I CarrierServices: [127] awv.handleMessage: RCS is disabled, skipping config update request
04-22 09:48:58.004  2492  2932 E PhoneInterfaceManager: [PhoneIntfMgr] getCarrierPrivilegeStatus: No UICC
04-22 09:48:58.625   721  2383 I netd    : trafficSwapActiveStatsMap() <5.82ms>
04-22 09:48:58.636   721  2383 I netd    : tetherGetStats() <4.86ms>
04-22 09:48:58.681   721  2383 I netd    : bandwidthSetGlobalAlert(2097152) <1.27ms>
04-22 09:48:59.842  1741  6926 I ActivityManager: Force stopping com.google.location.nearby.apps.connectedcrossroad appid=10216 user=0: from pid 23289
04-22 09:48:59.849  2492  2492 E PhoneInterfaceManager: [PhoneIntfMgr] getCarrierPackageNamesForIntent: No UICC
04-22 09:48:59.849  2492  2492 D CarrierSvcBindHelper: No carrier app for: 0
04-22 09:49:00.026  2309  2309 W View    : requestLayout() improperly called by com.android.systemui.statusbar.HeadsUpStatusBarView{7a4e36e I.E...... ......I. 0,0-248,56 #7f0a01f7 app:id/heads_up_status_bar_view} during layout: running second layout pass
04-22 09:49:02.112 23306 23306 I studio.deploy: DeltaInstall found API level:29
04-22 09:49:02.113 23306 23306 I studio.deploy: -t
04-22 09:49:02.113 23306 23306 I studio.deploy: --user
04-22 09:49:02.113 23306 23306 I studio.deploy: current
04-22 09:49:02.113 23306 23306 I studio.deploy: --full
04-22 09:49:02.113 23306 23306 I studio.deploy: --dont-kill
04-22 09:49:02.113 23306 23306 I studio.deploy: -r
04-22 09:49:02.238 23306 23306 I studio.deploy: DeltaInstall created session: '1708178784'
04-22 09:49:02.238 23306 23306 I studio.deploy: package
04-22 09:49:02.238 23306 23306 I studio.deploy: install-write
04-22 09:49:02.238 23306 23306 I studio.deploy: -S
04-22 09:49:02.238 23306 23306 I studio.deploy: 4147130
04-22 09:49:02.238 23306 23306 I studio.deploy: 1708178784
04-22 09:49:02.238 23306 23306 I studio.deploy: base.apk
04-22 09:49:02.393 23306 23306 I studio.deploy: Streaming succeeded for '/data/app/com.google.location.nearby.apps.connectedcrossroad-fzHBeN84t7PPW7u5z7lnvA==/base.apk'
04-22 09:49:02.393 23306 23306 I studio.deploy: package
04-22 09:49:02.393 23306 23306 I studio.deploy: install-commit
04-22 09:49:02.393 23306 23306 I studio.deploy: 1708178784
04-22 09:49:02.545 22841 22841 I Finsky  : [2] arkg.b(3): Verification requested, id = 17
04-22 09:49:02.588 22841 22841 E Finsky  : [2] VerifyPerSourceInstallationConsentInstallTask.f(2): Package name null is not an installed package
04-22 09:49:02.618 22841 22950 I Finsky  : [2668] arme.a(7): Single user settings service is not running, bind it now
04-22 09:49:02.628 22841 22841 I Finsky  : [2] armd.onServiceConnected(1): Single user settings service is connected
04-22 09:49:02.684 22841 22950 W Settings: Setting install_non_market_apps has moved from android.provider.Settings.Global to android.provider.Settings.Secure, returning read-only value.
04-22 09:49:02.804 22841 22950 D SystemConfig: Removed unavailable feature android.hardware.sensor.gyroscope
04-22 09:49:02.809 22841 22950 W SystemConfig: No directory /oem/etc/sysconfig, skipping
04-22 09:49:02.809 22841 22950 W SystemConfig: No directory /oem/etc/permissions, skipping
04-22 09:49:02.922 22841 22857 W SQLiteConnectionPool: A SQLiteConnection object for database '/data/user/0/com.android.vending/databases/resource_data.db' was leaked!  Please fix your application to end transactions in progress properly and to close the database when it is no longer needed.
04-22 09:49:02.923 22841 22857 W System  : A resource failed to call close. 
04-22 09:49:02.923 22841 22950 W SystemConfig: No directory /system/etc/motorola/bgintents, skipping
04-22 09:49:02.923 22841 22950 W SystemConfig: No directory /oem/etc/motorola/bgintents, skipping
04-22 09:49:02.933 22841 22950 W SystemConfig: No directory /product_services/etc/sysconfig, skipping
04-22 09:49:02.933 22841 22950 W SystemConfig: No directory /product_services/etc/permissions, skipping
04-22 09:49:02.933 22841 22950 W SystemConfig: No directory /system/etc/motorola/sysconfig, skipping
04-22 09:49:02.933 22841 22950 W SystemConfig: No directory /oem/etc/motorola/sysconfig, skipping
04-22 09:49:02.933 22841 22950 W SystemConfig: No directory /product/etc/motorola/sysconfig, skipping
04-22 09:49:02.923 22841 22857 W System  : A resource failed to call close. 
04-22 09:49:03.220 22841 22950 I Finsky  : [2668] qjm.c(3): Task 7 requested foreground
04-22 09:49:03.225 22841 22950 I Finsky  : [2668] qjm.c(8): Not entering foreground
04-22 09:49:03.268   721 23318 E ResolverController: No valid NAT64 prefix (101, <unspecified>/0)
04-22 09:49:03.731 22841 23319 I Finsky  : [2746] arsk.c(3): Verify: Verification package=com.google.location.nearby.apps.connectedcrossroad, id=17 response=0
04-22 09:49:03.809 22841 22950 I Finsky  : [2668] VerifyPerSourceInstallationConsentInstallTask.ng(2): PSIC verification started with installer uid: 2000 package name: null, originating uid: -1
04-22 09:49:03.813 22841 22841 I Finsky  : [2] VerifyInstallTask.g(3): Verifying id=17, result=1
04-22 09:49:03.844  1741  1787 I PackageManager: Update package com.google.location.nearby.apps.connectedcrossroad code path from /data/app/com.google.location.nearby.apps.connectedcrossroad-fzHBeN84t7PPW7u5z7lnvA== to /data/app/com.google.location.nearby.apps.connectedcrossroad-6bdEdYHDX4a6vvankdBT1A==; Retain data and using new
04-22 09:49:03.844  1741  1787 I PackageManager: Update package com.google.location.nearby.apps.connectedcrossroad resource path from /data/app/com.google.location.nearby.apps.connectedcrossroad-fzHBeN84t7PPW7u5z7lnvA== to /data/app/com.google.location.nearby.apps.connectedcrossroad-6bdEdYHDX4a6vvankdBT1A==; Retain data and using new
04-22 09:49:03.932  1741  1787 I PackageManager: Un-granting permission android.permission.MANAGE_DOCUMENTS from package com.google.android.youtube (protectionLevel=262146 flags=0x30dbbe45)
04-22 09:49:03.933  1741  1787 I PackageManager: Un-granting permission com.google.android.googleapps.permission.GOOGLE_AUTH from package com.android.providers.calendar (protectionLevel=2 flags=0x30883e45)
04-22 09:49:03.934  1741  1787 I PackageManager: Un-granting permission com.google.android.googleapps.permission.GOOGLE_AUTH.cl from package com.android.providers.calendar (protectionLevel=2 flags=0x30883e45)
04-22 09:49:03.934  1741  1787 I PackageManager: Un-granting permission com.google.android.gm.permission.READ_GMAIL from package com.google.android.apps.docs.editors.docs (protectionLevel=2 flags=0x38dbbe44)
04-22 09:49:03.934  1741  1787 I PackageManager: Un-granting permission com.google.android.googleapps.permission.GOOGLE_AUTH from package com.google.android.apps.docs.editors.docs (protectionLevel=2 flags=0x38dbbe44)
04-22 09:49:03.934  1741  1787 I PackageManager: Un-granting permission com.google.android.googleapps.permission.GOOGLE_AUTH.OTHER_SERVICES from package com.google.android.apps.docs.editors.docs (protectionLevel=2 flags=0x38dbbe44)
04-22 09:49:03.934  1741  1787 I PackageManager: Un-granting permission com.google.android.googleapps.permission.GOOGLE_AUTH.ALL_SERVICES from package com.google.android.apps.docs.editors.docs (protectionLevel=2 flags=0x38dbbe44)
04-22 09:49:03.934  1741  1787 I PackageManager: Un-granting permission com.google.android.googleapps.permission.GOOGLE_AUTH.writely from package com.google.android.apps.docs.editors.docs (protectionLevel=2 flags=0x38dbbe44)
04-22 09:49:03.934  1741  1787 I PackageManager: Un-granting permission com.google.android.googleapps.permission.GOOGLE_AUTH.wise from package com.google.android.apps.docs.editors.docs (protectionLevel=2 flags=0x38dbbe44)
04-22 09:49:03.934  1741  1787 I PackageManager: Un-granting permission android.permission.REQUEST_INSTALL_PACKAGES from package com.motorola.brapps (protectionLevel=66 flags=0x38483e45)
04-22 09:49:03.936  1741  1787 I PackageManager: Un-granting permission com.google.android.gm.permission.READ_GMAIL from package com.google.android.apps.docs.editors.sheets (protectionLevel=2 flags=0x38dbbe44)
04-22 09:49:03.936  1741  1787 I PackageManager: Un-granting permission com.google.android.googleapps.permission.GOOGLE_AUTH from package com.google.android.apps.docs.editors.sheets (protectionLevel=2 flags=0x38dbbe44)
04-22 09:49:03.936  1741  1787 I PackageManager: Un-granting permission com.google.android.googleapps.permission.GOOGLE_AUTH.OTHER_SERVICES from package com.google.android.apps.docs.editors.sheets (protectionLevel=2 flags=0x38dbbe44)
04-22 09:49:03.936  1741  1787 I PackageManager: Un-granting permission com.google.android.googleapps.permission.GOOGLE_AUTH.ALL_SERVICES from package com.google.android.apps.docs.editors.sheets (protectionLevel=2 flags=0x38dbbe44)
04-22 09:49:03.936  1741  1787 I PackageManager: Un-granting permission com.google.android.googleapps.permission.GOOGLE_AUTH.writely from package com.google.android.apps.docs.editors.sheets (protectionLevel=2 flags=0x38dbbe44)
04-22 09:49:03.936  1741  1787 I PackageManager: Un-granting permission com.google.android.googleapps.permission.GOOGLE_AUTH.wise from package com.google.android.apps.docs.editors.sheets (protectionLevel=2 flags=0x38dbbe44)
04-22 09:49:03.936  1741  1787 I PackageManager: Un-granting permission com.google.android.gm.permission.READ_GMAIL from package com.google.android.apps.docs.editors.slides (protectionLevel=2 flags=0x38dbbe44)
04-22 09:49:03.936  1741  1787 I PackageManager: Un-granting permission com.google.android.googleapps.permission.GOOGLE_AUTH from package com.google.android.apps.docs.editors.slides (protectionLevel=2 flags=0x38dbbe44)
04-22 09:49:03.936  1741  1787 I PackageManager: Un-granting permission com.google.android.googleapps.permission.GOOGLE_AUTH.OTHER_SERVICES from package com.google.android.apps.docs.editors.slides (protectionLevel=2 flags=0x38dbbe44)
04-22 09:49:03.936  1741  1787 I PackageManager: Un-granting permission com.google.android.googleapps.permission.GOOGLE_AUTH.ALL_SERVICES from package com.google.android.apps.docs.editors.slides (protectionLevel=2 flags=0x38dbbe44)
04-22 09:49:03.936  1741  1787 I PackageManager: Un-granting permission com.google.android.googleapps.permission.GOOGLE_AUTH.writely from package com.google.android.apps.docs.editors.slides (protectionLevel=2 flags=0x38dbbe44)
04-22 09:49:03.936  1741  1787 I PackageManager: Un-granting permission com.google.android.googleapps.permission.GOOGLE_AUTH.wise from package com.google.android.apps.docs.editors.slides (protectionLevel=2 flags=0x38dbbe44)
04-22 09:49:03.936  1741  1787 I PackageManager: Un-granting permission com.google.android.setupwizard.READ_DEVICE_ORIGIN from package com.google.android.apps.messaging (protectionLevel=18 flags=0x38cbbe45)
04-22 09:49:03.939  1741  1787 I PackageManager: Un-granting permission android.permission.SEND_DOWNLOAD_COMPLETED_INTENTS from package com.android.vending (protectionLevel=2 flags=0x28cabec5)
04-22 09:49:03.942  1741  1787 I PackageManager: Un-granting permission android.permission.BIND_CARRIER_SERVICES from package com.republicwireless.tel (protectionLevel=18 flags=0x30483e45)
04-22 09:49:03.942  1741  1787 I PackageManager: Un-granting permission android.permission.REQUEST_INSTALL_PACKAGES from package com.google.android.gm (protectionLevel=66 flags=0x38cbbe45)
04-22 09:49:03.944  1741  1787 I PackageManager: Un-granting permission android.permission.MANAGE_ROLE_HOLDERS from package com.google.android.apps.wellbeing (protectionLevel=258 flags=0x20cbbe45)
04-22 09:49:03.944  1741  1787 I PackageManager: Un-granting permission android.permission.REQUEST_INSTALL_PACKAGES from package com.google.android.apps.nbu.files (protectionLevel=66 flags=0x30c83e45)
04-22 09:49:03.945  1741  1787 I PackageManager: Un-granting permission android.permission.REQUEST_INSTALL_PACKAGES from package com.google.android.apps.docs (protectionLevel=66 flags=0x38cbbe45)
04-22 09:49:03.946  1741  1787 I PackageManager: Un-granting permission android.permission.INTERACT_ACROSS_USERS from package com.google.android.syncadapters.contacts (protectionLevel=50 flags=0x20883e45)
04-22 09:49:03.946  1741  1787 I PackageManager: Un-granting permission android.permission.REQUEST_INSTALL_PACKAGES from package com.android.chrome (protectionLevel=66 flags=0xa0cbbe45)
04-22 09:49:03.946  1741  1787 I PackageManager: Un-granting permission android.permission.CAPTURE_VIDEO_OUTPUT from package com.google.android.gms (protectionLevel=2 flags=0xa0cabec5)
04-22 09:49:03.947  1741  1787 I PackageManager: Un-granting permission android.permission.MANAGE_DEVICE_ADMINS from package com.google.android.gms (protectionLevel=2 flags=0xa0cabec5)
04-22 09:49:03.947  1741  1787 I PackageManager: Un-granting permission android.permission.MANAGE_ACTIVITY_STACKS from package com.google.android.gms (protectionLevel=2 flags=0xa0cabec5)
04-22 09:49:03.948  1741  1787 I PackageManager: Un-granting permission android.permission.CAPTURE_SECURE_VIDEO_OUTPUT from package com.google.android.gms (protectionLevel=2 flags=0xa0cabec5)
04-22 09:49:03.948  1741  1787 I PackageManager: Un-granting permission android.permission.MANAGE_ROLLBACKS from package com.google.android.gms (protectionLevel=514 flags=0xa0cabec5)
04-22 09:49:03.950  1741  1787 I PackageManager: Un-granting permission com.google.android.googleapps.permission.GOOGLE_AUTH from package com.google.android.videos (protectionLevel=2 flags=0x30dbbe45)
04-22 09:49:03.951  1741  1787 I PackageManager: Un-granting permission android.permission.WRITE_MEDIA_STORAGE from package com.google.android.apps.photos (protectionLevel=18 flags=0x38d9be45)
04-22 09:49:03.954  1741  1787 I PackageManager: Un-granting permission android.permission.CONNECTIVITY_INTERNAL from package com.google.android.wfcactivation (protectionLevel=18 flags=0x3888be45)
04-22 09:49:03.954  1741  1787 I PackageManager: Un-granting permission android.permission.READ_LOGS from package com.google.android.wfcactivation (protectionLevel=50 flags=0x3888be45)
04-22 09:49:03.954  1741  1787 I PackageManager: Un-granting permission android.permission.WRITE_APN_SETTINGS from package com.google.android.wfcactivation (protectionLevel=18 flags=0x3888be45)
04-22 09:49:03.954  1741  1787 I PackageManager: Un-granting permission android.permission.WRITE_SECURE_SETTINGS from package com.LogiaGroup.LogiaDeck (protectionLevel=50 flags=0x38483e45)
04-22 09:49:03.956  1741  1787 I PackageManager: Un-granting permission android.permission.READ_WALLPAPER_INTERNAL from package com.google.android.apps.wallpaper (protectionLevel=18 flags=0x20cbbe45)
04-22 09:49:04.065   721  2383 I netd    : trafficSetNetPermForUids(4, [10216]) <0.03ms>
04-22 09:49:04.083  1741  2123 I InputReader: Reconfiguring input devices.  changes=0x00000010
04-22 09:49:04.088  3275  3275 D MotoSystemServer: receive intent :Intent { act=android.intent.action.PACKAGE_REMOVED dat=package:com.google.location.nearby.apps.connectedcrossroad flg=0x4000010 (has extras) }
04-22 09:49:04.088  3275  3275 D MotoSystemServer:  packageName = com.google.location.nearby.apps.connectedcrossroad
04-22 09:49:04.089  3454  3454 I GsaVoiceInteractionSrv: O received Intent { act=android.intent.action.PACKAGE_REMOVED dat=package:com.google.location.nearby.apps.connectedcrossroad flg=0x4000010 (has extras) }
04-22 09:49:04.095  1741  2054 W AccountManagerService: User 10216 does not exist. It might be removed already.
04-22 09:49:04.097 22841 22841 I Finsky  : [2] acis.h(1): PackageMonitorReceiverImpl - Received: android.intent.action.PACKAGE_REMOVED, [EI7BYFojudkobVjKHwty2rDeKAujxJfCn09fgDnKdGM]
04-22 09:49:04.098 22841 22841 I Finsky  : [2] acjt.g(8): Invalidating cached PackageState for com.google.location.nearby.apps.connectedcrossroad
04-22 09:49:04.110  1741  2123 I InputReader: Reconfiguring input devices.  changes=0x00000010
04-22 09:49:04.112  1741  2656 W LocationProviderProxy: com.qualcomm.location resolves service com.android.location.service.v3.NetworkLocationProvider, but has wrong signature, ignoring
04-22 09:49:04.113  1741  2656 W LocationProviderProxy: com.google.android.gms resolves service com.android.location.service.v3.NetworkLocationProvider, but has wrong signature, ignoring
04-22 09:49:04.114  1741  2656 W LocationProviderProxy: com.qualcomm.location resolves service com.android.location.service.v3.NetworkLocationProvider, but has wrong signature, ignoring
04-22 09:49:04.114  1741  2656 W LocationProviderProxy: Odd, no component found for service com.android.location.service.v3.NetworkLocationProvider
04-22 09:49:04.117  3275  3275 D MotoSystemServer: receive intent :Intent { act=android.intent.action.PACKAGE_ADDED dat=package:com.google.location.nearby.apps.connectedcrossroad flg=0x4000010 (has extras) }
04-22 09:49:04.117  3275  3275 D MotoSystemServer:  packageName = com.google.location.nearby.apps.connectedcrossroad
04-22 09:49:04.119  2291  2291 I chatty  : uid=1002(bluetooth) com.android.bluetooth expire 11 lines
04-22 09:49:04.121  3275  3275 D MotoSystemServer: Finding service package:com.motorola.actions and service:com.motorola.actions.motoservice.MotoService
04-22 09:49:04.121  3275  3275 D MotoSystemServer: Finding service package:com.motorola.moto and service:com.motorola.mya.MayaManagerService
04-22 09:49:04.122  3275  3275 D MotoSystemServer: Finding service package:com.motorola.msimsettings and service:com.motorola.msimsettings.services.PersistentService
04-22 09:49:04.123  3275  3275 D MotoSystemServer: Component ComponentInfo{com.motorola.moto/com.motorola.mya.MayaManagerService} is Disabled
04-22 09:49:04.123  3275  3275 W MotoSystemServer: Moto service : com.motorola.msimsettings/com.motorola.msimsettings.services.PersistentService has been already binded
04-22 09:49:04.125  3275  3275 W MotoSystemServer: Moto service : com.motorola.actions/com.motorola.actions.motoservice.MotoService has been already binded
04-22 09:49:04.125  1741  1773 W BroadcastQueue: Background execution not allowed: receiving Intent { act=android.intent.action.PACKAGE_REMOVED dat=package:com.google.location.nearby.apps.connectedcrossroad flg=0x4000010 (has extras) } to com.android.vending/com.google.android.finsky.packagemanager.impl.PackageMonitorReceiverImpl$RegisteredReceiver
04-22 09:49:04.125 22841 23321 I Finsky  : [2747] qty.run(16): Wrote row to frosting DB: 377
04-22 09:49:04.130 22841 22841 I Finsky  : [2] szq.s(2): Installer: package com.google.location.nearby.apps.connectedcrossroad was removed. replacing: true
04-22 09:49:04.141  2492  2492 E VvmPkgInstalledRcvr: cannot create TelephonyManager from ComponentInfo{com.android.phone/com.android.services.telephony.TelephonyConnectionService}, ***, UserHandle{0}
04-22 09:49:04.144  3454  3454 I GsaVoiceInteractionSrv: O received Intent { act=android.intent.action.PACKAGE_ADDED dat=package:com.google.location.nearby.apps.connectedcrossroad flg=0x4000010 (has extras) }
04-22 09:49:04.149 22841 22841 I Finsky  : [2] tao.L(12): Installer: Notifying status update. package=com.google.location.nearby.apps.connectedcrossroad, status=UNINSTALLED
04-22 09:49:04.153  3275  3275 D MotoSystemServer: receive intent :Intent { act=android.intent.action.PACKAGE_REPLACED dat=package:com.google.location.nearby.apps.connectedcrossroad flg=0x4000010 (has extras) }
04-22 09:49:04.153  3275  3275 D MotoSystemServer:  packageName = com.google.location.nearby.apps.connectedcrossroad
04-22 09:49:04.154  1741  1773 W BroadcastQueue: Background execution not allowed: receiving Intent { act=android.intent.action.PACKAGE_REMOVED dat=package:com.google.location.nearby.apps.connectedcrossroad flg=0x4000010 (has extras) } to com.android.vending/com.google.android.finsky.instantapps.appmanagement.InstantAppRemoveMonitor
04-22 09:49:04.154  1741  1773 W BroadcastQueue: Background execution not allowed: receiving Intent { act=android.intent.action.PACKAGE_REMOVED dat=package:com.google.location.nearby.apps.connectedcrossroad flg=0x4000010 (has extras) } to com.google.android.gms/.games.chimera.GamesSystemBroadcastReceiverProxy
04-22 09:49:04.156  1741  1773 W BroadcastQueue: Background execution not allowed: receiving Intent { act=android.intent.action.PACKAGE_REMOVED dat=package:com.google.location.nearby.apps.connectedcrossroad flg=0x4000010 (has extras) } to com.google.android.gms/.chimera.GmsIntentOperationService$PersistentTrustedReceiver
04-22 09:49:04.157  1741  1773 W BroadcastQueue: Background execution not allowed: receiving Intent { act=android.intent.action.PACKAGE_REMOVED dat=package:com.google.location.nearby.apps.connectedcrossroad flg=0x4000010 (has extras) } to com.google.android.googlequicksearchbox/com.google.android.apps.gsa.googlequicksearchbox.GelStubAppWatcher
04-22 09:49:04.157  1741  1773 W BroadcastQueue: Background execution not allowed: receiving Intent { act=android.intent.action.PACKAGE_REMOVED dat=package:com.google.location.nearby.apps.connectedcrossroad flg=0x4000010 (has extras) } to com.verizon.loginengine.unbranded/com.verizon.vzwavs.AVSSystemReceiver
04-22 09:49:04.159  3454  3454 I GsaVoiceInteractionSrv: O received Intent { act=android.intent.action.PACKAGE_REPLACED dat=package:com.google.location.nearby.apps.connectedcrossroad flg=0x4000010 (has extras) }
04-22 09:49:04.162 22841 23321 I Finsky  : [2747] qty.run(16): Wrote row to frosting DB: 378
04-22 09:49:04.162  1741  2123 I InputReader: Reconfiguring input devices.  changes=0x00000010
04-22 09:49:04.162  1741  1773 W BroadcastQueue: Background execution not allowed: receiving Intent { act=android.intent.action.PACKAGE_REMOVED dat=package:com.google.location.nearby.apps.connectedcrossroad flg=0x4000010 (has extras) } to com.google.android.apps.magazines/com.google.android.libraries.social.peoplekit.thirdparty.viewcontrollers.ThirdPartyReceiver
04-22 09:49:04.163  1741  1773 W BroadcastQueue: Background execution not allowed: receiving Intent { act=android.intent.action.PACKAGE_ADDED dat=package:com.google.location.nearby.apps.connectedcrossroad flg=0x4000010 (has extras) } to com.google.android.packageinstaller/com.android.packageinstaller.PackageInstalledReceiver
04-22 09:49:04.163  1741  1773 W BroadcastQueue: Background execution not allowed: receiving Intent { act=android.intent.action.PACKAGE_ADDED dat=package:com.google.location.nearby.apps.connectedcrossroad flg=0x4000010 (has extras) } to com.android.vending/com.google.android.finsky.packagemanager.impl.PackageMonitorReceiverImpl$RegisteredReceiver
04-22 09:49:04.163  1741  1773 W BroadcastQueue: Background execution not allowed: receiving Intent { act=android.intent.action.PACKAGE_ADDED dat=package:com.google.location.nearby.apps.connectedcrossroad flg=0x4000010 (has extras) } to com.facebook.appmanager/com.facebook.oxygen.common.packages.event.manifest.ManifestPackageEventReceiver
04-22 09:49:04.163  1741  1773 W BroadcastQueue: Background execution not allowed: receiving Intent { act=android.intent.action.PACKAGE_ADDED dat=package:com.google.location.nearby.apps.connectedcrossroad flg=0x4000010 (has extras) } to com.google.android.gms/.games.chimera.GamesSystemBroadcastReceiverProxy
04-22 09:49:04.164  1741  1773 W BroadcastQueue: Background execution not allowed: receiving Intent { act=android.intent.action.PACKAGE_ADDED dat=package:com.google.location.nearby.apps.connectedcrossroad flg=0x4000010 (has extras) } to com.google.android.gms/.gass.chimera.PackageChangeBroadcastReceiver
04-22 09:49:04.164  1741  1773 W BroadcastQueue: Background execution not allowed: receiving Intent { act=android.intent.action.PACKAGE_ADDED dat=package:com.google.location.nearby.apps.connectedcrossroad flg=0x4000010 (has extras) } to com.google.android.gms/.chimera.GmsIntentOperationService$PersistentTrustedReceiver
04-22 09:49:04.166  7312  7312 D MCLOG   : [MC_Service] onStartcommand()
04-22 09:49:04.168  1741  1773 W BroadcastQueue: Background execution not allowed: receiving Intent { act=android.intent.action.PACKAGE_ADDED dat=package:com.google.location.nearby.apps.connectedcrossroad flg=0x4000010 (has extras) } to com.google.android.googlequicksearchbox/com.google.android.apps.gsa.googlequicksearchbox.GelStubAppWatcher
04-22 09:49:04.168  1741  1773 W BroadcastQueue: Background execution not allowed: receiving Intent { act=android.intent.action.PACKAGE_ADDED dat=package:com.google.location.nearby.apps.connectedcrossroad flg=0x4000010 (has extras) } to com.google.android.ims/.receivers.RcsAutoStartReceiver
04-22 09:49:04.180 22841 22841 I Finsky  : [2] acis.h(1): PackageMonitorReceiverImpl - Received: android.intent.action.PACKAGE_ADDED, [EI7BYFojudkobVjKHwty2rDeKAujxJfCn09fgDnKdGM]
04-22 09:49:04.180 22841 22841 I Finsky  : [2] acjt.g(8): Invalidating cached PackageState for com.google.location.nearby.apps.connectedcrossroad
04-22 09:49:04.190 22841 23325 I Finsky  : [2748] hzi.a(3): Cancelled 0 ongoing asset module downloads for package com.google.location.nearby.apps.connectedcrossroad due to a concurrent app update.
04-22 09:49:04.194  1741 11669 W BroadcastQueue: Background execution not allowed: receiving Intent { act=android.intent.action.PACKAGE_ADDED dat=package:com.google.location.nearby.apps.connectedcrossroad flg=0x4000010 (has extras) } to com.verizon.loginengine.unbranded/com.verizon.vzwavs.AVSSystemReceiver
04-22 09:49:04.200 22841 23321 I Finsky  : [2747] qty.run(16): Wrote row to frosting DB: 379
04-22 09:49:04.229 22841 23321 I Finsky  : [2747] qty.run(16): Wrote row to frosting DB: 380
04-22 09:49:04.233 17448 23327 I chatty  : uid=10158 com.google.android.gms.persistent expire 1 line
04-22 09:49:04.241  2492  2492 E PhoneInterfaceManager: [PhoneIntfMgr] getCarrierPackageNamesForIntent: No UICC
04-22 09:49:04.241  2492  2492 D CarrierSvcBindHelper: No carrier app for: 0
04-22 09:49:04.242  2492  2492 E PhoneInterfaceManager: [PhoneIntfMgr] getCarrierPackageNamesForIntent: No UICC
04-22 09:49:04.242  2492  2492 D CarrierSvcBindHelper: No carrier app for: 0
04-22 09:49:04.243 22841 23325 I Finsky  : [2748] hzf.a(15): Asset module broadcast after update successful for package com.google.location.nearby.apps.connectedcrossroad. 0 sessions broadcast.
04-22 09:49:04.246  2492  2492 E VvmPkgInstalledRcvr: cannot create TelephonyManager from ComponentInfo{com.android.phone/com.android.services.telephony.TelephonyConnectionService}, ***, UserHandle{0}
04-22 09:49:04.248 21351 23330 I chatty  : uid=10158(com.google.android.gms) expire 1 line
04-22 09:49:04.249 22841 22841 I Finsky  : [2] athq.a(3): Do not start WearSupportService due to Wear service optimization
04-22 09:49:04.251  2492  2492 D ImsResolver: maybeAddedImsService, packageName: com.google.location.nearby.apps.connectedcrossroad
04-22 09:49:04.253  2492  2492 D CarrierConfigLoader: mHandler: 9 phoneId: 0
04-22 09:49:04.256  1741  1741 I TelecomService: DefaultDialerCache: Refreshing default dialer for user 0: now com.google.android.dialer: DDC.oR@AlU
04-22 09:49:04.257 22841 22841 I Finsky  : [2] acis.h(1): PackageMonitorReceiverImpl - Received: android.intent.action.PACKAGE_ADDED, [EI7BYFojudkobVjKHwty2rDeKAujxJfCn09fgDnKdGM]
04-22 09:49:04.258 22841 22841 I Finsky  : [2] acjt.g(8): Invalidating cached PackageState for com.google.location.nearby.apps.connectedcrossroad
04-22 09:49:04.277 22841 23321 I Finsky  : [2747] qty.run(16): Wrote row to frosting DB: 381
04-22 09:49:04.278  1741  1741 V BackupManagerConstants: getFullBackupIntervalMilliseconds(...) returns 86400000
04-22 09:49:04.278  1741  1741 V BackupManagerConstants: getFullBackupRequiredNetworkType(...) returns 2
04-22 09:49:04.278  1741  1741 V BackupManagerConstants: getFullBackupRequireCharging(...) returns true
04-22 09:49:04.284 22841 22841 I Finsky  : [2] acis.h(1): PackageMonitorReceiverImpl - Deduping intent android.intent.action.PACKAGE_ADDED
04-22 09:49:04.290  1741  1741 E LoadedApk: Unable to instantiate appComponentFactory
04-22 09:49:04.290  1741  1741 E LoadedApk: java.lang.ClassNotFoundException: Didn't find class "androidx.core.app.CoreComponentFactory" on path: DexPathList[[],nativeLibraryDirectories=[/system/app/YTMusic/lib/arm, /system/app/YTMusic/YTMusic.apk!/lib/armeabi-v7a, /system/lib, /product/lib, /system/lib, /product/lib]]
04-22 09:49:04.290  1741  1741 E LoadedApk: 	at dalvik.system.BaseDexClassLoader.findClass(BaseDexClassLoader.java:196)
04-22 09:49:04.290  1741  1741 E LoadedApk: 	at java.lang.ClassLoader.loadClass(ClassLoader.java:379)
04-22 09:49:04.290  1741  1741 E LoadedApk: 	at java.lang.ClassLoader.loadClass(ClassLoader.java:312)
04-22 09:49:04.290  1741  1741 E LoadedApk: 	at android.app.LoadedApk.createAppFactory(LoadedApk.java:256)
04-22 09:49:04.290  1741  1741 E LoadedApk: 	at android.app.LoadedApk.updateApplicationInfo(LoadedApk.java:370)
04-22 09:49:04.290  1741  1741 E LoadedApk: 	at android.app.ActivityThread.handleDispatchPackageBroadcast(ActivityThread.java:6186)
04-22 09:49:04.290  1741  1741 E LoadedApk: 	at android.app.ActivityThread$H.handleMessage(ActivityThread.java:2108)
04-22 09:49:04.290  1741  1741 E LoadedApk: 	at android.os.Handler.dispatchMessage(Handler.java:107)
04-22 09:49:04.290  1741  1741 E LoadedApk: 	at android.os.Looper.loop(Looper.java:241)
04-22 09:49:04.290  1741  1741 E LoadedApk: 	at com.android.server.SystemServer.run(SystemServer.java:585)
04-22 09:49:04.290  1741  1741 E LoadedApk: 	at com.android.server.SystemServer.main(SystemServer.java:381)
04-22 09:49:04.290  1741  1741 E LoadedApk: 	at java.lang.reflect.Method.invoke(Native Method)
04-22 09:49:04.290  1741  1741 E LoadedApk: 	at com.android.internal.os.RuntimeInit$MethodAndArgsCaller.run(RuntimeInit.java:492)
04-22 09:49:04.290  1741  1741 E LoadedApk: 	at com.android.internal.os.ZygoteInit.main(ZygoteInit.java:919)
04-22 09:49:04.303 22841 22841 I Finsky  : [2] tao.O(7): Installer: found apps to install. isMultiUserMode=false, apps=[]
04-22 09:49:04.308 22841 22841 I Finsky  : [2] acis.h(1): PackageMonitorReceiverImpl - Received: android.intent.action.PACKAGE_ADDED, [EI7BYFojudkobVjKHwty2rDeKAujxJfCn09fgDnKdGM]
04-22 09:49:04.310 22841 22841 I Finsky  : [2] acjt.g(8): Invalidating cached PackageState for com.google.location.nearby.apps.connectedcrossroad
04-22 09:49:04.311 17448 11335 I chatty  : uid=10158 com.google.android.gms.persistent expire 13 lines
04-22 09:49:04.311 22841 23350 I Finsky  : [2751] twf.C(2): IQ: Notifying installation update. package=com.google.location.nearby.apps.connectedcrossroad, status=UNINSTALLED
04-22 09:49:04.312 17448 31717 I chatty  : uid=10158 com.google.android.gms.persistent expire 20 lines
04-22 09:49:04.320 22841 23350 I Finsky  : [2751] twf.t(6): IQ: Pruning inactive install requests
04-22 09:49:04.321 22841 23350 I Finsky  : [2751] twf.t(41): IQ: No matching installs to run for jobs: []
04-22 09:49:04.338 22841 23321 I Finsky  : [2747] qty.run(16): Wrote row to frosting DB: 382
04-22 09:49:04.295  1741  1741 E LoadedApk: Unable to instantiate appComponentFactory
04-22 09:49:04.295  1741  1741 E LoadedApk: java.lang.ClassNotFoundException: Didn't find class "androidx.core.app.CoreComponentFactory" on path: DexPathList[[],nativeLibraryDirectories=[/system/app/YTMusic/lib/arm, /system/app/YTMusic/YTMusic.apk!/lib/armeabi-v7a, /system/lib, /product/lib, /system/lib, /product/lib]]
04-22 09:49:04.295  1741  1741 E LoadedApk: 	at dalvik.system.BaseDexClassLoader.findClass(BaseDexClassLoader.java:196)
04-22 09:49:04.295  1741  1741 E LoadedApk: 	at java.lang.ClassLoader.loadClass(ClassLoader.java:379)
04-22 09:49:04.295  1741  1741 E LoadedApk: 	at java.lang.ClassLoader.loadClass(ClassLoader.java:312)
04-22 09:49:04.295  1741  1741 E LoadedApk: 	at android.app.LoadedApk.createAppFactory(LoadedApk.java:256)
04-22 09:49:04.295  1741  1741 E LoadedApk: 	at android.app.LoadedApk.updateApplicationInfo(LoadedApk.java:370)
04-22 09:49:04.295  1741  1741 E LoadedApk: 	at android.app.ActivityThread.handleDispatchPackageBroadcast(ActivityThread.java:6186)
04-22 09:49:04.295  1741  1741 E LoadedApk: 	at android.app.ActivityThread$H.handleMessage(ActivityThread.java:2108)
04-22 09:49:04.295  1741  1741 E LoadedApk: 	at android.os.Handler.dispatchMessage(Handler.java:107)
04-22 09:49:04.295  1741  1741 E LoadedApk: 	at android.os.Looper.loop(Looper.java:241)
04-22 09:49:04.295  1741  1741 E LoadedApk: 	at com.android.server.SystemServer.run(SystemServer.java:585)
04-22 09:49:04.295  1741  1741 E LoadedApk: 	at com.android.server.SystemServer.main(SystemServer.java:381)
04-22 09:49:04.295  1741  1741 E LoadedApk: 	at java.lang.reflect.Method.invoke(Native Method)
04-22 09:49:04.295  1741  1741 E LoadedApk: 	at com.android.internal.os.RuntimeInit$MethodAndArgsCaller.run(RuntimeInit.java:492)
04-22 09:49:04.295  1741  1741 E LoadedApk: 	at com.android.internal.os.ZygoteInit.main(ZygoteInit.java:919)
04-22 09:49:04.342  1741  1763 W Looper  : Slow delivery took 208ms android.fg h=android.os.Handler c=<recycled PooledLambda@3d887ec> m=0
04-22 09:49:04.343 22841 22841 I Finsky  : [2] acis.h(1): PackageMonitorReceiverImpl - Deduping intent android.intent.action.PACKAGE_ADDED
04-22 09:49:04.348  1741  3613 W BroadcastQueue: Background execution not allowed: receiving Intent { act=android.intent.action.PACKAGE_REPLACED dat=package:com.google.location.nearby.apps.connectedcrossroad flg=0x4000010 (has extras) } to com.facebook.appmanager/com.facebook.oxygen.common.packages.event.manifest.ManifestPackageEventReceiver
04-22 09:49:04.349  1741  1773 W BroadcastQueue: Background execution not allowed: receiving Intent { act=android.intent.action.PACKAGE_REPLACED dat=package:com.google.location.nearby.apps.connectedcrossroad flg=0x4000010 (has extras) } to com.google.android.apps.photos/.account.full.FetchAccountPropertiesAppUpgradeBroadcastReceiver
04-22 09:49:04.350  1741  1773 W BroadcastQueue: Background execution not allowed: receiving Intent { act=android.intent.action.PACKAGE_REPLACED dat=package:com.google.location.nearby.apps.connectedcrossroad flg=0x4000010 (has extras) } to com.google.android.apps.photos/.account.full.SyncAccountsForLoginBroadcastReceiver
04-22 09:49:04.350  1741  1773 W BroadcastQueue: Background execution not allowed: receiving Intent { act=android.intent.action.PACKAGE_REPLACED dat=package:com.google.location.nearby.apps.connectedcrossroad flg=0x4000010 (has extras) } to com.google.android.apps.photos/.notificationchannels.AppUpdateBroadcastReceiver
04-22 09:49:04.351  1741  1773 W BroadcastQueue: Background execution not allowed: receiving Intent { act=android.intent.action.PACKAGE_REPLACED dat=package:com.google.location.nearby.apps.connectedcrossroad flg=0x4000010 (has extras) } to com.google.android.gms/.gass.chimera.PackageChangeBroadcastReceiver
04-22 09:49:04.351  1741  1773 W BroadcastQueue: Background execution not allowed: receiving Intent { act=android.intent.action.PACKAGE_REPLACED dat=package:com.google.location.nearby.apps.connectedcrossroad flg=0x4000010 (has extras) } to com.google.android.gms/.chimera.GmsIntentOperationService$PersistentTrustedReceiver
04-22 09:49:04.351  1741  1773 W BroadcastQueue: Background execution not allowed: receiving Intent { act=android.intent.action.PACKAGE_REPLACED dat=package:com.google.location.nearby.apps.connectedcrossroad flg=0x4000010 (has extras) } to com.google.android.googlequicksearchbox/com.google.android.apps.gsa.googlequicksearchbox.GelStubAppWatcher
04-22 09:49:04.351  1741  1773 W BroadcastQueue: Background execution not allowed: receiving Intent { act=android.intent.action.PACKAGE_REPLACED dat=package:com.google.location.nearby.apps.connectedcrossroad flg=0x4000010 (has extras) } to com.google.android.ims/.receivers.RcsAutoStartReceiver
04-22 09:49:04.351  1741  1773 W BroadcastQueue: Background execution not allowed: receiving Intent { act=android.intent.action.PACKAGE_REPLACED dat=package:com.google.location.nearby.apps.connectedcrossroad flg=0x4000010 (has extras) } to com.motorola.ccc.notification/.gcm.GCMAdminReceiver
04-22 09:49:04.351  1741  1773 W BroadcastQueue: Background execution not allowed: receiving Intent { act=android.intent.action.PACKAGE_REPLACED dat=package:com.google.location.nearby.apps.connectedcrossroad flg=0x4000010 (has extras) } to com.verizon.loginengine.unbranded/com.verizon.vzwavs.AVSSystemReceiver
04-22 09:49:04.381 22841 22841 I Finsky  : [2] VerifyInstallTask.ne(6): Verification complete: id=17, package_name=com.google.location.nearby.apps.connectedcrossroad
04-22 09:49:04.395 22841 22841 I Finsky  : [2] trq.a(5): IQ::HLD: previousAllInstallsDone is Optional.empty, allInstallationsDone is Optional[true]
04-22 09:49:04.395 22841 22841 I Finsky  : [2] trq.a(7): IQ::HLD: Updating installations status false cross profiles
04-22 09:49:04.395 22841 22841 I Finsky  : [2] lbv.b(1): XPF:Binding for 31203348
04-22 09:49:04.407 22841 22841 I Finsky  : [2] ProfileStateService.onCreate(1): XPF:creating profileStateService
04-22 09:49:04.415 22841 22841 I Finsky  : [2] lbd.a(3): XPF:Registering listener 40184192 for user UserHandle{0}.
04-22 09:49:04.415 22841 22841 I Finsky  : [2] lbd.g(4): XPF:User UserHandle{0} finished enterprise setup, removing profile.
04-22 09:49:04.416 22841 22841 I Finsky  : [2] lbd.e(3): XPF:User UserHandle{0} is not in installation anymore, removing profile.
04-22 09:49:04.416 22841 22841 I Finsky  : [2] lbd.e(5): XPF:Notifying user UserHandle{0} that all installs are finished
04-22 09:49:04.422 22841 22841 I Finsky  : [2] lbv.d(1): XPF:unbinding for 31203348
04-22 09:49:04.426 22841 22841 I Finsky  : [2] agxj.b(5): SCH: Jobs in database: 1-1337 3-25 10-11 10-26 10-78 12-1 24-77777777 26-1414141414 
04-22 09:49:04.426 22841 22948 I Finsky  : [2666] lbd.b(3): XPF:Removing listener for user UserHandle{0} and listener 40184192
04-22 09:49:04.430 22841 23326 I Finsky  : [2749] kwu.a(2): [ContentSync] finished, scheduled=true
04-22 09:49:04.439 22841 22841 I Finsky  : [2] agvn.h(37): SCH: ConstraintMapping: 24-77777777,  -> L: 0ms, D: 82720030ms, C: false, I: true, N: 0
04-22 09:49:04.440 22841 22841 I Finsky  : [2] agvn.h(37): SCH: ConstraintMapping: 1-1337, 10-11, 10-26, 12-1,  -> L: 14811ms, D: 74165794ms, C: false, I: false, N: 1
04-22 09:49:04.441 22841 22841 I Finsky  : [2] agvn.h(37): SCH: ConstraintMapping: 10-78,  -> L: 0ms, D: 86314543ms, C: false, I: true, N: 1
04-22 09:49:04.442 22841 22841 I Finsky  : [2] agvn.h(37): SCH: ConstraintMapping: 3-25,  -> L: 0ms, D: 86312535ms, C: true, I: true, N: 2
04-22 09:49:04.442 22841 22841 I Finsky  : [2] agvn.h(37): SCH: ConstraintMapping: 26-1414141414,  -> L: 2704227ms, D: 3604227ms, C: false, I: false, N: 0
04-22 09:49:04.470 22841 22841 I Finsky  : [2] agvn.j(7): SCH: Cancelling existing jobscheduler jobs: 9003 9000 9002 9007 9008 
04-22 09:49:04.470 22841 22841 I Finsky  : [2] agvn.i(11): SCH: Scheduling job Id: 9001, L: 0, D: 82720030, C: false, I: true, N: 0
04-22 09:49:04.472 22841 22841 I Finsky  : [2] agvn.i(11): SCH: Scheduling job Id: 9004, L: 14811, D: 74165794, C: false, I: false, N: 1
04-22 09:49:04.478 22841 22841 I Finsky  : [2] agvn.i(11): SCH: Scheduling job Id: 9005, L: 0, D: 86314543, C: false, I: true, N: 1
04-22 09:49:04.480 22841 22841 I Finsky  : [2] agvn.i(11): SCH: Scheduling job Id: 9006, L: 0, D: 86312535, C: true, I: true, N: 2
04-22 09:49:04.483 22841 22841 I Finsky  : [2] agvn.i(11): SCH: Scheduling job Id: 9009, L: 2704227, D: 3604227, C: false, I: false, N: 0
04-22 09:49:04.488 22841 23326 I Finsky  : [2749] kwu.a(2): [ContentSync] finished, scheduled=true
04-22 09:49:04.488 22841 22841 I Finsky  : [2] agxj.b(5): SCH: Jobs in database: 1-1337 3-25 10-11 10-26 10-78 12-1 24-77777777 26-1414141414 
04-22 09:49:04.496 22841 22841 I Finsky  : [2] agvn.h(37): SCH: ConstraintMapping: 24-77777777,  -> L: 0ms, D: 82719972ms, C: false, I: true, N: 0
04-22 09:49:04.497 22841 22841 I Finsky  : [2] agvn.h(37): SCH: ConstraintMapping: 1-1337, 10-11, 10-26, 12-1,  -> L: 14752ms, D: 74165732ms, C: false, I: false, N: 1
04-22 09:49:04.498 22841 22841 I Finsky  : [2] agvn.h(37): SCH: ConstraintMapping: 10-78,  -> L: 0ms, D: 86314485ms, C: false, I: true, N: 1
04-22 09:49:04.499 22841 22841 I Finsky  : [2] agvn.h(37): SCH: ConstraintMapping: 3-25,  -> L: 0ms, D: 86312473ms, C: true, I: true, N: 2
04-22 09:49:04.499 22841 22841 I Finsky  : [2] agvn.h(37): SCH: ConstraintMapping: 26-1414141414,  -> L: 2704169ms, D: 3604169ms, C: false, I: false, N: 0
04-22 09:49:04.518 22841 22841 I Finsky  : [2] agvn.j(7): SCH: Cancelling existing jobscheduler jobs: 9001 9009 9006 9004 9005 
04-22 09:49:04.518 22841 22841 I Finsky  : [2] agvn.i(11): SCH: Scheduling job Id: 9000, L: 0, D: 82719972, C: false, I: true, N: 0
04-22 09:49:04.520 22841 22841 I Finsky  : [2] agvn.i(11): SCH: Scheduling job Id: 9002, L: 14752, D: 74165732, C: false, I: false, N: 1
04-22 09:49:04.527 22841 22841 I Finsky  : [2] agvn.i(11): SCH: Scheduling job Id: 9003, L: 0, D: 86314485, C: false, I: true, N: 1
04-22 09:49:04.529 22841 22841 I Finsky  : [2] agvn.i(11): SCH: Scheduling job Id: 9007, L: 0, D: 86312473, C: true, I: true, N: 2
04-22 09:49:04.531 22841 22841 I Finsky  : [2] agvn.i(11): SCH: Scheduling job Id: 9008, L: 2704169, D: 3604169, C: false, I: false, N: 0
04-22 09:49:04.569 22841 22899 I bewn    : Provider GmsCore_OpenSSL not available
04-22 09:49:04.577   966  1051 E         : Couldn't opendir /data/app/vmdl1708178784.tmp: No such file or directory
04-22 09:49:04.578   966  1051 E installd: Failed to delete /data/app/vmdl1708178784.tmp: No such file or directory
04-22 09:49:04.777  1741  1759 I ActivityTaskManager: START u0 {act=android.intent.action.MAIN cat=[android.intent.category.LAUNCHER] flg=0x10000000 cmp=com.google.location.nearby.apps.connectedcrossroad/nx.aodv.eval.MainActivity} from uid 2000
04-22 09:49:04.778  1741  1759 D ActivityTaskManager: getPreferredLaunchDisplay usersetdisplayid -1 current displayId 0 paramspreferid 0
04-22 09:49:04.778  1741  1759 D ActivityTaskManager: getPreferredLaunchDisplay usersetdisplayid -1 current displayId 0 paramspreferid 0
04-22 09:49:04.782  1741  1759 D ActivityTaskManager: getPreferredLaunchDisplay usersetdisplayid 0 current displayId 0 paramspreferid 0
04-22 09:49:04.795  7312  7569 D MCLOG   : [MC_TriggerHelper] PauseResumeTrigger
04-22 09:49:04.802  7312  7312 D MCLOG   : [MC_Service] onStartcommand()
04-22 09:49:04.803  1741  1741 V SettingsProvider: Notifying for 0: content://settings/secure/reminder_exp_learning_time_elapsed
04-22 09:49:04.810  1741  1767 E system_server: Invalid ID 0x00000000.
04-22 09:49:04.811  1741  1763 W Looper  : Drained
04-22 09:49:04.820   722   722 D Zygote  : Forked child process 23442
04-22 09:49:04.823  1741  1767 V WindowManager: Changing focus from Window{4324562 u0 com.motorola.launcher3/com.android.launcher3.CustomizationPanelLauncher} to null displayId=0
04-22 09:49:04.832 23442 23442 I nectedcrossroa: Late-enabling -Xcheck:jni
04-22 09:49:04.834  1741  1774 I ActivityManager: Start proc 23442:com.google.location.nearby.apps.connectedcrossroad/u0a216 for activity {com.google.location.nearby.apps.connectedcrossroad/nx.aodv.eval.MainActivity}
