04-22 09:47:21.461   806 13645 V msm8974_platform: platform_get_output_snd_device: enter: output devices(0x2)
04-22 09:47:21.461   806 13645 V msm8974_platform: platform_get_output_snd_device: exit: snd_device(speaker)
04-22 09:47:21.461   806 13645 V msm8974_platform: platform_get_backend_index:napb: backend port - 0 device - 2 
04-22 09:47:21.461   806 13645 V msm8974_platform: platform_check_and_set_playback_backend_cfg: usecase->stream.out->config.format (0)
04-22 09:47:21.461   806 13645 V msm8974_platform: platform_check_and_set_playback_backend_cfg:becf: afe: bitwidth 16, samplerate 48000 channels 2, backend_idx 0 usecase = 1 device (speaker)
04-22 09:47:21.461   806 13645 V msm8974_platform: platform_check_and_set_playback_backend_cfg: new_snd_devices[0] is 2
04-22 09:47:21.461   806 13645 V msm8974_platform: platform_get_backend_index:napb: backend port - 0 device - 2 
04-22 09:47:21.461   806 13645 V msm8974_platform: platform_check_playback_backend_cfg:becf: afe: bitwidth 16, samplerate 48000 channels 2, backend_idx 0 usecase = 1 device (speaker)
04-22 09:47:21.461   806 13645 V msm8974_platform: platform_check_playback_backend_cfg:becf: afe: Codec selected backend: 0 updated bit width: 16 andsample rate: 48000
04-22 09:47:21.461   806 13645 V msm8974_platform: platform_send_audio_calibration: sending audio calibration for snd_device(2) acdb_id(14)
04-22 09:47:21.462   806 13645 D ACDB-LOADER: ACDB -> send_audio_cal, acdb_id = 14, path = 0, app id = 0x11130, sample rate = 48000, afe_sample_rate = 48000
04-22 09:47:21.462   806 13645 D ACDB-LOADER: ACDB -> send_asm_topology
04-22 09:47:21.462   806 13645 D ACDB-LOADER: ACDB -> ACDB_CMD_GET_AUDPROC_STREAM_TOPOLOGY_ID
04-22 09:47:21.462   806 13645 D ACDB-LOADER: ACDB -> send_adm_topology
04-22 09:47:21.462   806 13645 D ACDB-LOADER: ACDB -> ACDB_CMD_GET_AUDPROC_COMMON_TOPOLOGY_ID
04-22 09:47:21.462   806 13645 D ACDB-LOADER: ACDB -> send_audtable
04-22 09:47:21.462   806 13645 D ACDB-LOADER: ACDB -> ACDB_CMD_GET_AUDPROC_COMMON_TABLE_SIZE
04-22 09:47:21.462   806 13645 D ACDB-LOADER: ACDB -> ACDB_CMD_GET_AUDPROC_COMMON_TABLE
04-22 09:47:21.462   806 13645 D ACDB-LOADER: ACDB -> AUDIO_SET_AUDPROC_CAL cal_type[11] acdb_id[14] app_type[69936]
04-22 09:47:21.462   806 13645 D ACDB-LOADER: ACDB -> send_audvoltable
04-22 09:47:21.462   806 13645 D ACDB-LOADER: ACDB -> ACDB_CMD_GET_AUDPROC_GAIN_DEP_STEP_TABLE_SIZE
04-22 09:47:21.462   806 13645 D ACDB-LOADER: ACDB -> ACDB_CMD_GET_AUDPROC_GAIN_DEP_STEP_TABLE, vol index 0
04-22 09:47:21.462   806 13645 D ACDB-LOADER: ACDB -> AUDIO_SET_VOL_CAL cal type = 12
04-22 09:47:21.462   806 13645 D ACDB-LOADER: ACDB -> ACDB_CMD_GET_AUDPROC_STREAM_TABLE_SIZE
04-22 09:47:21.462   806 13645 D ACDB-LOADER: ACDB -> send_audstrmtable
04-22 09:47:21.462   806 13645 D ACDB-LOADER: ACDB -> ACDB_CMD_GET_AUDPROC_STREAM_TABLE_V2
04-22 09:47:21.462   806 13645 D ACDB-LOADER: ACDB -> audstrm_cal->cal_type.cal_data.cal_size = 16
04-22 09:47:21.462   806 13645 D ACDB-LOADER: ACDB -> send_afe_topology
04-22 09:47:21.462   806 13645 D ACDB-LOADER: ACDB -> ACDB_CMD_GET_AFE_TOPOLOGY_ID
04-22 09:47:21.462   806 13645 D ACDB-LOADER: ACDB -> GET_AFE_TOPOLOGY_ID for adcd_id 14, Topology Id 1000ff01
04-22 09:47:21.462   806 13645 D ACDB-LOADER: ACDB -> send_afe_cal
04-22 09:47:21.462   806 13645 D ACDB-LOADER: ACDB -> ACDB_CMD_GET_AFE_COMMON_TABLE_SIZE
04-22 09:47:21.462   806 13645 D ACDB-LOADER: ACDB -> ACDB_CMD_GET_AFE_COMMON_TABLE
04-22 09:47:21.462   806 13645 D ACDB-LOADER: ACDB -> AUDIO_SET_AFE_CAL cal_type[16] acdb_id[14]
04-22 09:47:21.462   806 13645 D ACDB-LOADER: ACDB -> send_hw_delay : acdb_id = 14 path = 0
04-22 09:47:21.462   806 13645 D ACDB-LOADER: ACDB -> ACDB_AVSYNC_INFO: ACDB_CMD_GET_DEVICE_PROPERTY
04-22 09:47:21.462   806 13645 V msm8974_platform: platform_send_audio_calibration: sending audio calibration for snd_device(158) acdb_id(102)
04-22 09:47:21.462   806 13645 D ACDB-LOADER: ACDB -> send_audio_cal, acdb_id = 102, path = 1, app id = 0x11130, sample rate = 48000, afe_sample_rate = 48000
04-22 09:47:21.462   806 13645 D ACDB-LOADER: ACDB -> send_asm_topology
04-22 09:47:21.462   806 13645 D ACDB-LOADER: ACDB -> ACDB_CMD_GET_AUDPROC_STREAM_TOPOLOGY_ID
04-22 09:47:21.462   806 13645 D ACDB-LOADER: ACDB -> send_adm_topology
04-22 09:47:21.462   806 13645 D ACDB-LOADER: ACDB -> ACDB_CMD_GET_AUDPROC_COMMON_TOPOLOGY_ID
04-22 09:47:21.462   806 13645 D ACDB-LOADER: ACDB -> send_audtable
04-22 09:47:21.462   806 13645 D ACDB-LOADER: ACDB -> ACDB_CMD_GET_AUDPROC_COMMON_TABLE_SIZE
04-22 09:47:21.462   806 13645 D ACDB-LOADER: ACDB -> ACDB_CMD_GET_AUDPROC_COMMON_TABLE
04-22 09:47:21.462   806 13645 D ACDB-LOADER: ACDB -> AUDIO_SET_AUDPROC_CAL cal_type[11] acdb_id[102] app_type[69936]
04-22 09:47:21.462   806 13645 D ACDB-LOADER: ACDB -> ACDB_CMD_GET_AUDPROC_STREAM_TABLE_SIZE
04-22 09:47:21.462   806 13645 D ACDB-LOADER: ACDB -> send_audstrmtable
04-22 09:47:21.462   806 13645 D ACDB-LOADER: ACDB -> ACDB_CMD_GET_AUDPROC_STREAM_TABLE_V2
04-22 09:47:21.462   806 13645 D ACDB-LOADER: ACDB -> audstrm_cal->cal_type.cal_data.cal_size = 16
04-22 09:47:21.462   806 13645 D ACDB-LOADER: ACDB -> send_afe_topology
04-22 09:47:21.462   806 13645 D ACDB-LOADER: ACDB -> ACDB_CMD_GET_AFE_TOPOLOGY_ID
04-22 09:47:21.462   806 13645 D ACDB-LOADER: ACDB -> GET_AFE_TOPOLOGY_ID for adcd_id 102, Topology Id 1000ff00
04-22 09:47:21.462   806 13645 D ACDB-LOADER: ACDB -> send_afe_cal
04-22 09:47:21.462   806 13645 D ACDB-LOADER: ACDB -> ACDB_CMD_GET_AFE_COMMON_TABLE_SIZE
04-22 09:47:21.462   806 13645 D ACDB-LOADER: ACDB -> ACDB_CMD_GET_AFE_COMMON_TABLE
04-22 09:47:21.462   806 13645 D ACDB-LOADER: ACDB -> AUDIO_SET_AFE_CAL cal_type[17] acdb_id[102]
04-22 09:47:21.462   806 13645 D ACDB-LOADER: ACDB -> send_hw_delay : acdb_id = 102 path = 1
04-22 09:47:21.462   806 13645 D ACDB-LOADER: ACDB -> ACDB_AVSYNC_INFO: ACDB_CMD_GET_DEVICE_PROPERTY
04-22 09:47:21.462   806 13645 D audio_hw_primary: enable_snd_device: snd_device(158: vi-feedback)
04-22 09:47:21.462   806 13645 D audio_route: Apply path: vi-feedback
04-22 09:47:21.462   806 13645 D audio_hw_primary: enable_audio_route: usecase(26) apply and update mixer path: spkr-vi-record
04-22 09:47:21.462   806 13645 D audio_route: Apply path: spkr-vi-record
04-22 09:47:21.476  1741  1741 V SettingsProvider: Notifying for 0: content://settings/secure/reminder_exp_learning_time_elapsed
04-22 09:47:21.477   806 13645 D audio_hw_primary: enable_snd_device: snd_device(2: speaker)
04-22 09:47:21.477   806 13645 D audio_route: Apply path: speaker
04-22 09:47:21.478   806 13645 V msm8974_platform: platform_get_snd_device_backend_index: enter with device 2
04-22 09:47:21.478   806 13645 V msm8974_platform: platform_get_backend_index:napb: backend port - 0 device - 2 
04-22 09:47:21.478   806 13645 I audio_hw_utils: Set Audio Stream 12 App Type Cfg: app_type 69936, acdb_dev_id 14, sample_rate 48000, snd_device_be_idx 2
04-22 09:47:21.478  2309  2309 D StatusBar: disable<e i a s b h!r!c s > disable2<q i n >
04-22 09:47:21.478   806 13645 D audio_hw_primary: enable_audio_route: usecase(1) apply and update mixer path: low-latency-playback speaker
04-22 09:47:21.478   806 13645 D audio_route: Apply path: low-latency-playback speaker
04-22 09:47:21.480   806  1559 D MotSpeakerHelper: Speaker ON: volume 0.500000 (step 12), usecase SAFE
04-22 09:47:21.491  2309  2309 D KeyguardUpdateMonitor: onKeyguardVisibilityChanged(false)
04-22 09:47:21.496  1741  1766 W UsageStatsService: Event reported without a package name, eventType:18
04-22 09:47:21.497 22685 22685 D ApplicationLoaders: Returning zygote-cached class loader: /system/framework/android.hidl.base-V1.0-java.jar
04-22 09:47:21.497 22685 22685 D ApplicationLoaders: Returning zygote-cached class loader: /system/framework/android.hidl.manager-V1.0-java.jar
04-22 09:47:21.497 22685 22685 D ApplicationLoaders: Returning zygote-cached class loader: /system/framework/android.hidl.base-V1.0-java.jar
04-22 09:47:21.500   803  1646 W qti_sensors_hal: reportSingleEvent: NearBy 0, pData 1111,  highThd 1768
04-22 09:47:21.501 22685 22685 I meweatherwidge: The ClassLoaderContext is a special shared library.
04-22 09:47:21.504  1741  1773 W BroadcastQueue: Background execution not allowed: receiving Intent { act=android.intent.action.USER_PRESENT flg=0x24200010 } to com.android.chrome/org.chromium.chrome.browser.sharing.click_to_call.ClickToCallMessageHandler$PhoneUnlockedReceiver
04-22 09:47:21.504  1741  1773 W BroadcastQueue: Background execution not allowed: receiving Intent { act=android.intent.action.USER_PRESENT flg=0x24200010 } to com.google.android.gms/.auth.setup.devicesignals.LockScreenReceiver
04-22 09:47:21.504  1741  1773 W BroadcastQueue: Background execution not allowed: receiving Intent { act=android.intent.action.USER_PRESENT flg=0x24200010 } to com.google.android.gms/.chimera.GmsIntentOperationService$PersistentTrustedReceiver
04-22 09:47:21.507  3454  3454 I GsaVoiceInteractionSrv: O received Intent { act=android.intent.action.USER_PRESENT flg=0x24200010 }
04-22 09:47:21.508   806 13645 D audio_hw_primary: out_write: retry previous failed cal level set
04-22 09:47:21.509  1741  2501 D NotificationListeners: Disabling component com.motorola.motodisplay/.notification.DisplayNotifListenerService
04-22 09:47:21.510 22685 22685 I meweatherwidge: The ClassLoaderContext is a special shared library.
04-22 09:47:21.523  1741  1767 I WindowManager:   SURFACE show Surface(name=com.motorola.launcher3/com.android.launcher3.CustomizationPanelLauncher)/@0x2256cc on display:0: com.motorola.launcher3/com.android.launcher3.CustomizationPanelLauncher
04-22 09:47:21.525 15487 15487 I MotoDisplay: onListenerDisconnected - DisplayNotifListenerService
04-22 09:47:21.535 22685 22685 I meweatherwidge: The ClassLoaderContext is a special shared library.
04-22 09:47:21.558  1741  2047 V WindowManager: Changing focus from Window{2decc30 u0 StatusBar} to Window{4324562 u0 com.motorola.launcher3/com.android.launcher3.CustomizationPanelLauncher} displayId=0
04-22 09:47:21.560  2309  2309 W View    : requestLayout() improperly called by com.android.systemui.statusbar.HeadsUpStatusBarView{7a4e36e I.E...... ......I. 0,0-248,56 #7f0a01f7 app:id/heads_up_status_bar_view} during layout: running second layout pass
04-22 09:47:21.588 22685 22705 D AssistReceiver: call: lightWakeup | null | null
04-22 09:47:21.623 17470 17527 W ThreadPoolDumper: Queue length for executor EventBus is now 11. Perhaps some tasks are too long, or the pool is too small.
04-22 09:47:21.645 22685 22685 E FitnessUtil: accessGoogleFit
04-22 09:47:21.646 22685 22685 D FitnessUtil: activity not found, set pIntent = null
04-22 09:47:21.646 22685 22719 E CCPreferences: isNotificationSwitchOn return true
04-22 09:47:21.650 17470 17527 W WorkController: Loading failed for worker [trainingcache]: worker not found
04-22 09:47:21.651 17470 17550 W ServiceWorker: TrainingCache cache DEVICE_UNLOCKED failure
04-22 09:47:21.651 17470 17550 W ServiceWorker: com.google.android.apps.gsa.search.core.service.h.a.a: No worker found for Worker ID [trainingcache].
04-22 09:47:21.651 17470 17550 W ServiceWorker: 	at com.google.android.apps.gsa.search.core.service.g.a.c.a(SourceFile:7)
04-22 09:47:21.651 17470 17550 W ServiceWorker: 	at com.google.android.libraries.gsa.l.a.n.a(SourceFile:2)
04-22 09:47:21.651 17470 17550 W ServiceWorker: 	at com.google.common.v.a.dn.b(SourceFile:7)
04-22 09:47:21.651 17470 17550 W ServiceWorker: 	at com.google.common.v.a.ch.run(SourceFile:12)
04-22 09:47:21.651 17470 17550 W ServiceWorker: 	at com.google.common.v.a.dp.run(SourceFile:10)
04-22 09:47:21.651 17470 17550 W ServiceWorker: 	at com.google.apps.tiktok.concurrent.au.run(SourceFile:2)
04-22 09:47:21.651 17470 17550 W ServiceWorker: 	at java.util.concurrent.ThreadPoolExecutor.runWorker(ThreadPoolExecutor.java:1167)
04-22 09:47:21.651 17470 17550 W ServiceWorker: 	at java.util.concurrent.ThreadPoolExecutor$Worker.run(ThreadPoolExecutor.java:641)
04-22 09:47:21.651 17470 17550 W ServiceWorker: 	at com.google.apps.tiktok.concurrent.f.run(SourceFile:4)
04-22 09:47:21.651 17470 17550 W ServiceWorker: 	at java.lang.Thread.run(Thread.java:919)
04-22 09:47:21.652 22685 22685 I WeatherApp: Creating weather service
04-22 09:47:21.655 22685 22685 D CmdCenter: - RowBuilder2: setUseWhiteRes useOrNot = true
04-22 09:47:21.657 22685 22685 D CmdCenter: - RowWidgetUpdater2: the Min widget of widget[2] is 213
04-22 09:47:21.657 22685 22685 D CmdCenter: - RowWidgetUpdater2: 2cellWidth = 180 column is 3
04-22 09:47:21.657 22685 22685 D CmdCenter: - RowBuilder2: useWhiteRes=true -is 18-9?=true cellX= 3 grid=5
04-22 09:47:21.691  1741  2047 I WindowManager:   SURFACE SIZE set 720x56 on display:0: StatusBar
04-22 09:47:21.701  2309  2309 W View    : requestLayout() improperly called by com.android.systemui.statusbar.HeadsUpStatusBarView{7a4e36e I.E...... ......I. 0,0-248,56 #7f0a01f7 app:id/heads_up_status_bar_view} during layout: running second layout pass
04-22 09:47:21.730   722   722 D Zygote  : Forked child process 22723
04-22 09:47:21.735  1741  1774 I ActivityManager: Start proc 22723:com.android.providers.calendar/u0a59 for content provider {com.android.providers.calendar/com.android.providers.calendar.CalendarProvider2}
04-22 09:47:21.741 17470 17533 W LocationOracle: No location history returned by ContextManager
04-22 09:47:21.749 17470 17527 I MicroDetectionState: Should stop hotword detection immediately - false
04-22 09:47:21.752 17470 17527 I MicroDetectionState: Should stop hotword detection immediately - false
04-22 09:47:21.753 22723 22723 E viders.calenda: Not starting debugger since process cannot load the jdwp agent.
04-22 09:47:21.766 17470 17527 I MicroDetectionWorker: #startMicroDetector [speakerMode: 0]
04-22 09:47:21.772   865  1219 D APM_AudioPolicyManager: stopOutput() output 13, stream 1, session 273
04-22 09:47:21.773 17470 17527 I AudioController: Created new AudioSource
04-22 09:47:21.778 17470 17597 I MicroDataManager: isInitializing-false locale not changed-true model not changed-true
04-22 09:47:21.778 17470 17597 I MicroDataManager: Already initialized, obtaining the hotword data immediately.
04-22 09:47:21.795 17470 21820 I MicroRecognitionRunner: Starting detection.
04-22 09:47:21.796 17470 21820 I InputStreamUtils: Using micInputStream
04-22 09:47:21.796 17470 22730 I MicrophoneInputStream: mic_starting  SR : 16000 CC : 16 SO : 1999
04-22 09:47:21.808   806   882 V msm8974_platform: platform_check_input_mask: enter check_input_mask source 6 mask 10
04-22 09:47:21.810   806   882 V msm8974_platform: platform_check_input_mask: enter check_input_mask source 6 mask 10
04-22 09:47:21.814   865 22746 I AudioFlinger: AudioFlinger's thread 0xa5f4a740 tid=22746 ready to run
04-22 09:47:21.820 22723 22723 I CalendarProvider2: Created com.android.providers.calendar.CalendarAlarmManager@3a5121b(com.android.providers.calendar.CalendarProvider2@4af1fb8)
04-22 09:47:21.823  1741  5777 W Binder  : Outgoing transactions from this process must be FLAG_ONEWAY
04-22 09:47:21.823  1741  5777 W Binder  : java.lang.Throwable
04-22 09:47:21.823  1741  5777 W Binder  : 	at android.os.BinderProxy.transact(BinderProxy.java:481)
04-22 09:47:21.823  1741  5777 W Binder  : 	at android.content.ContentProviderProxy.getType(ContentProviderNative.java:456)
04-22 09:47:21.823  1741  5777 W Binder  : 	at com.android.server.am.ActivityManagerService.getProviderMimeType(ActivityManagerService.java:8163)
04-22 09:47:21.823  1741  5777 W Binder  : 	at android.app.IActivityManager$Stub.onTransact(IActivityManager.java:3340)
04-22 09:47:21.823  1741  5777 W Binder  : 	at com.android.server.am.ActivityManagerService.onTransact(ActivityManagerService.java:3092)
04-22 09:47:21.823  1741  5777 W Binder  : 	at android.os.Binder.execTransactInternal(Binder.java:1036)
04-22 09:47:21.823  1741  5777 W Binder  : 	at android.os.Binder.execTransact(Binder.java:1003)
04-22 09:47:21.826  1741  5777 I ActivityManager: Killing 21699:com.motorola.carriersettingsext/u0a104 (adj 985): empty #17
04-22 09:47:21.826   865  2280 D APM_AudioPolicyManager: startInput input:142, session:289, source 1999)
04-22 09:47:21.828   806   880 D audio_hw_primary: in_set_parameters: enter: kvpairs=bottom=;input_source=6;routing=-2147483644
04-22 09:47:21.831 17470 22730 I MicrophoneInputStream: mic_started  SR : 16000 CC : 16 SO : 1999
04-22 09:47:21.832  1741  2501 I AudioService.RecordingActivityMonitor: rec update riid:231 uid:10123 session:289 src:HOTWORD pack:com.google.android.googlequicksearchbox
04-22 09:47:21.833   806 22748 V msm8974_platform: platform_update_usecase_from_source: input source :6
04-22 09:47:21.833   806 22748 V msm8974_platform: platform_check_input_mask: enter check_input_mask source 6 mask 10
04-22 09:47:21.833   806 22748 V msm8974_platform: platform_get_input_snd_device: enter: out_device(0) in_device(0x4) channel_count (1) channel_mask (0x10)
04-22 09:47:21.834   806 22748 V msm8974_platform: platform_get_input_snd_device: exit: in_snd_device(voice-rec-mic)
04-22 09:47:21.834   806 22748 V msm8974_platform: platform_get_backend_index:napb: backend port - 6 device - 136 
04-22 09:47:21.834   806 22748 V msm8974_platform: platform_check_and_set_capture_backend_cfg:txbecf: afe: bitwidth 0, samplerate 0, channel 1, backend_idx 6 usecase = 10 device (voice-rec-mic)
04-22 09:47:21.834   806 22748 V msm8974_platform: platform_check_capture_backend_cfg:txbecf: afe: Codec selected backend: 6 current bit width: 0 and sample rate: 0, channels 1
04-22 09:47:21.834   806 22748 V msm8974_platform: platform_check_capture_backend_cfg:txbecf: afe: Codec selected backend: 6 updated bit width: 0 and sample rate: 0
04-22 09:47:21.834   806 22748 I msm8974_platform: platform_check_capture_backend_cfg:txbecf: afe: Codec backend needs to be updated. new bit width: 0 new sample rate: 0 new channel: 1
04-22 09:47:21.834   806 22748 V msm8974_platform: platform_get_backend_index:napb: backend port - 6 device - 136 
04-22 09:47:21.834   806 22748 V msm8974_platform: platform_set_backend_cfg:becf: afe: bitwidth 0, samplerate 0 channels 1, backend_idx 6 device (voice-rec-mic)
04-22 09:47:21.834   806 22748 E msm8974_platform: platform_set_backend_cfg:becf: afe: Could not get ctl for mixer command - SLIM_0_TX Format
04-22 09:47:21.834   806 22748 V msm8974_platform: platform_check_backends_match: snd_device1 = voice-rec-mic, snd_device2 = vi-feedback
04-22 09:47:21.834   806 22748 V msm8974_platform: platform_check_backends_match: be_itf1 = SLIMBUS_0_TX, be_itf2 = SLIMBUS_0_RX
04-22 09:47:21.834   806 22748 V msm8974_platform: platform_send_audio_calibration: sending audio calibration for snd_device(136) acdb_id(62)
04-22 09:47:21.834   806 22748 D ACDB-LOADER: ACDB -> send_audio_cal, acdb_id = 62, path = 1, app id = 0x11130, sample rate = 48000, afe_sample_rate = 48000
04-22 09:47:21.834   806 22748 D ACDB-LOADER: ACDB -> send_asm_topology
04-22 09:47:21.834   806 22748 D ACDB-LOADER: ACDB -> ACDB_CMD_GET_AUDPROC_STREAM_TOPOLOGY_ID
04-22 09:47:21.834   806 22748 D ACDB-LOADER: ACDB -> send_adm_topology
04-22 09:47:21.834   806 22748 D ACDB-LOADER: ACDB -> ACDB_CMD_GET_AUDPROC_COMMON_TOPOLOGY_ID
04-22 09:47:21.834   806 22748 D ACDB-LOADER: ACDB -> send_audtable
04-22 09:47:21.834   806 22748 D ACDB-LOADER: ACDB -> ACDB_CMD_GET_AUDPROC_COMMON_TABLE_SIZE
04-22 09:47:21.834   806 22748 D ACDB-LOADER: ACDB -> ACDB_CMD_GET_AUDPROC_COMMON_TABLE
04-22 09:47:21.834   806 22748 D ACDB-LOADER: ACDB -> AUDIO_SET_AUDPROC_CAL cal_type[11] acdb_id[62] app_type[69936]
04-22 09:47:21.834   806 22748 D ACDB-LOADER: ACDB -> ACDB_CMD_GET_AUDPROC_STREAM_TABLE_SIZE
04-22 09:47:21.834   806 22748 D ACDB-LOADER: ACDB -> send_audstrmtable
04-22 09:47:21.834   806 22748 D ACDB-LOADER: ACDB -> ACDB_CMD_GET_AUDPROC_STREAM_TABLE_V2
04-22 09:47:21.834   806 22748 D ACDB-LOADER: ACDB -> audstrm_cal->cal_type.cal_data.cal_size = 16
04-22 09:47:21.834   806 22748 D ACDB-LOADER: ACDB -> send_afe_topology
04-22 09:47:21.834   806 22748 D ACDB-LOADER: ACDB -> ACDB_CMD_GET_AFE_TOPOLOGY_ID
04-22 09:47:21.834   806 22748 D ACDB-LOADER: ACDB -> GET_AFE_TOPOLOGY_ID for adcd_id 62, Topology Id 112fb
04-22 09:47:21.834   806 22748 D ACDB-LOADER: ACDB -> send_afe_cal
04-22 09:47:21.834   806 22748 D ACDB-LOADER: ACDB -> ACDB_CMD_GET_AFE_COMMON_TABLE_SIZE
04-22 09:47:21.837   806 22748 D         : Failed to fetch the lookup information of the device 0000003E 
04-22 09:47:21.837   806 22748 D ACDB-LOADER: Error: ACDB_CMD_GET_AFE_COMMON_TABLE_SIZE Returned = -19
04-22 09:47:21.837   806 22748 D ACDB-LOADER: ACDB -> ACDB_CMD_GET_AFE_COMMON_TABLE
04-22 09:47:21.837   806 22748 D         : Failed to fetch the lookup information of the device 0000003E 
04-22 09:47:21.837   806 22748 D ACDB-LOADER: Error: ACDB AFE returned = -19
04-22 09:47:21.837   806 22748 D ACDB-LOADER: ACDB -> AUDIO_SET_AFE_CAL cal_type[17] acdb_id[62]
04-22 09:47:21.837   806 22748 D ACDB-LOADER: ACDB -> send_hw_delay : acdb_id = 62 path = 1
04-22 09:47:21.837   806 22748 D ACDB-LOADER: ACDB -> ACDB_AVSYNC_INFO: ACDB_CMD_GET_DEVICE_PROPERTY
04-22 09:47:21.837   806 22748 D audio_hw_primary: enable_snd_device: snd_device(136: voice-rec-mic)
04-22 09:47:21.837   806 22748 D audio_route: Apply path: voice-rec-mic
04-22 09:47:21.841   806 22748 V msm8974_platform: platform_get_snd_device_backend_index: enter with device 136
04-22 09:47:21.841   806 22748 V msm8974_platform: platform_get_backend_index:napb: backend port - 6 device - 136 
04-22 09:47:21.841   806 22748 I audio_hw_utils: Set Audio Stream Capture 0 App Type Cfg: app_type 69936, acdb_dev_id 62, sample_rate 48000, snd_device_be_idx 3
04-22 09:47:21.841   806 22748 D audio_hw_primary: enable_audio_route: usecase(10) apply and update mixer path: audio-record
04-22 09:47:21.841   806 22748 D audio_route: Apply path: audio-record
04-22 09:47:21.844 22685 22685 D CmdCenter: - RowWeatherInitializer: Utils.getWeatherInfo return null.
04-22 09:47:21.849 22685 22685 D CmdCenter: - RowWidgetUpdater2: ->config = {1.0 ?mcc?mnc [en_US] ldltr sw411dp w411dp h812dp 280dpi nrml long port finger -keyb/v/h -nav/h winConfig={ mBounds=Rect(0, 0 - 720, 1520) mAppBounds=Rect(0, 56 - 720, 1478) mWindowingMode=fullscreen mDisplayWindowingMode=fullscreen mActivityType=undefined mAlwaysOnTop=undefined mRotation=ROTATION_0} s.49 ?spn ?gid}
04-22 09:47:21.849 22685 22685 D CmdCenter: - RowWidgetUpdater2: ->config debug_dimens = 54
04-22 09:47:21.892   721  1282 D NetdFwmarkServer: Cmd 2: 101, 10123: UserP=3, fwmark=F0065
04-22 09:47:21.893   721  1282 D NetdFwmarkServer: Cmd 1: 0, 10123: UserP=3, fwmark=F0065
04-22 09:47:21.893   721  1282 D NetdFwmarkServer: Cmd 6: 0, 10123: UserP=3, fwmark=F0065
04-22 09:47:21.896 17470 21820 W SpeechLevelGenerator: Really low audio levels detected. The audio input may have issues.
04-22 09:47:21.896 17470 17527 I MicroDetectionWorker: onReady
04-22 09:47:21.906  1741  4636 D ActivityManager: makeInactive, ProcessRecord{3624943 21699:com.motorola.carriersettingsext/u0a104}, clear holder.state
04-22 09:47:21.907   722   722 I Zygote  : Process 21699 exited due to signal 9 (Killed)
04-22 09:47:21.908  1741  1775 I libprocessgroup: Successfully killed process cgroup uid 10104 pid 21699 in 79ms
04-22 09:47:21.926 17470 17484 I earchbox:searc: Background concurrent copying GC freed 41778(2351KB) AllocSpace objects, 7(240KB) LOS objects, 49% free, 11MB/22MB, paused 157us total 129.369ms
04-22 09:47:21.978   721  2383 I netd    : trafficSwapActiveStatsMap() <30.99ms>
04-22 09:47:21.984   721  2383 I netd    : tetherGetStats() <4.17ms>
04-22 09:47:22.226  7312  7312 D MCLOG   : [MC_Service] onStartcommand()
04-22 09:47:22.308   721  2383 I netd    : trafficSwapActiveStatsMap() <21.06ms>
04-22 09:47:22.313   721  2383 I netd    : tetherGetStats() <3.15ms>
04-22 09:47:22.385   721  2383 I netd    : trafficSwapActiveStatsMap() <37.57ms>
04-22 09:47:22.389   721  2383 I netd    : tetherGetStats() <2.41ms>
04-22 09:47:22.428  7040  7040 W Settings: Setting data_roaming has moved from android.provider.Settings.Secure to android.provider.Settings.Global.
04-22 09:47:22.429  1741  1741 V SettingsProvider: Notifying for 0: content://settings/system/screen_brightness
04-22 09:47:22.429  3275  3275 W Settings: Setting data_roaming has moved from android.provider.Settings.Secure to android.provider.Settings.Global.
04-22 09:47:22.435  7312  7312 D MCLOG   : [MC_Service] onStartcommand()
04-22 09:47:22.450  3275 22750 E MCINTLOG: [MC_BattStatsFactory] Adding uid 0
04-22 09:47:22.450  3275 22750 E MCINTLOG: [MC_BattStatsFactory] Adding uid 1000
04-22 09:47:22.450  3275 22750 E MCINTLOG: [MC_BattStatsFactory] Adding uid 1001
04-22 09:47:22.450  3275 22750 E MCINTLOG: [MC_BattStatsFactory] Adding uid 1002
04-22 09:47:22.450  3275 22750 E MCINTLOG: [MC_BattStatsFactory] Adding uid 1007
04-22 09:47:22.450  3275 22750 E MCINTLOG: [MC_BattStatsFactory] Adding uid 1010
04-22 09:47:22.450  3275 22750 E MCINTLOG: [MC_BattStatsFactory] Adding uid 1013
04-22 09:47:22.450  3275 22750 E MCINTLOG: [MC_BattStatsFactory] Adding uid 1017
04-22 09:47:22.450  3275 22750 E MCINTLOG: [MC_BattStatsFactory] Adding uid 1020
04-22 09:47:22.450  3275 22750 E MCINTLOG: [MC_BattStatsFactory] Adding uid 1021
04-22 09:47:22.450  3275 22750 E MCINTLOG: [MC_BattStatsFactory] Adding uid 1036
04-22 09:47:22.450  3275 22750 E MCINTLOG: [MC_BattStatsFactory] Adding uid 1040
04-22 09:47:22.450  3275 22750 E MCINTLOG: [MC_BattStatsFactory] Adding uid 1041
04-22 09:47:22.450  3275 22750 E MCINTLOG: [MC_BattStatsFactory] Adding uid 1046
04-22 09:47:22.450  3275 22750 E MCINTLOG: [MC_BattStatsFactory] Adding uid 1047
04-22 09:47:22.450  3275 22750 E MCINTLOG: [MC_BattStatsFactory] Adding uid 1051
04-22 09:47:22.450  3275 22750 E MCINTLOG: [MC_BattStatsFactory] Adding uid 1053
04-22 09:47:22.450  3275 22750 E MCINTLOG: [MC_BattStatsFactory] Adding uid 1066
04-22 09:47:22.450  3275 22750 E MCINTLOG: [MC_BattStatsFactory] Adding uid 1068
04-22 09:47:22.450  3275 22750 E MCINTLOG: [MC_BattStatsFactory] Adding uid 1069
04-22 09:47:22.450  3275 22750 E MCINTLOG: [MC_BattStatsFactory] Adding uid 1072
04-22 09:47:22.450  3275 22750 E MCINTLOG: [MC_BattStatsFactory] Adding uid 2000
04-22 09:47:22.450  3275 22750 E MCINTLOG: [MC_BattStatsFactory] Adding uid 2903
04-22 09:47:22.450  3275 22750 E MCINTLOG: [MC_BattStatsFactory] Adding uid 2906
04-22 09:47:22.450  3275 22750 E MCINTLOG: [MC_BattStatsFactory] Adding uid 5101
04-22 09:47:22.450  3275 22750 E MCINTLOG: [MC_BattStatsFactory] Adding uid 9999
04-22 09:47:22.450  3275 22750 E MCINTLOG: [MC_BattStatsFactory] Adding uid 10051
04-22 09:47:22.450  3275 22750 E MCINTLOG: [MC_BattStatsFactory] Adding uid 10053
04-22 09:47:22.450  3275 22750 E MCINTLOG: [MC_BattStatsFactory] Adding uid 10055
04-22 09:47:22.450  3275 22750 E MCINTLOG: [MC_BattStatsFactory] Adding uid 10059
04-22 09:47:22.451  3275 22750 E MCINTLOG: [MC_BattStatsFactory] Adding uid 10065
04-22 09:47:22.451  3275 22750 E MCINTLOG: [MC_BattStatsFactory] Adding uid 10066
04-22 09:47:22.451  3275 22750 E MCINTLOG: [MC_BattStatsFactory] Adding uid 10069
04-22 09:47:22.451  3275 22750 E MCINTLOG: [MC_BattStatsFactory] Adding uid 10073
04-22 09:47:22.451  3275 22750 E MCINTLOG: [MC_BattStatsFactory] Adding uid 10074
04-22 09:47:22.451  3275 22750 E MCINTLOG: [MC_BattStatsFactory] Adding uid 10095
04-22 09:47:22.451  3275 22750 E MCINTLOG: [MC_BattStatsFactory] Adding uid 10100
04-22 09:47:22.451  3275 22750 E MCINTLOG: [MC_BattStatsFactory] Adding uid 10103
04-22 09:47:22.451  3275 22750 E MCINTLOG: [MC_BattStatsFactory] Adding uid 10104
04-22 09:47:22.451  3275 22750 E MCINTLOG: [MC_BattStatsFactory] Adding uid 10105
04-22 09:47:22.451  3275 22750 E MCINTLOG: [MC_BattStatsFactory] Adding uid 10106
04-22 09:47:22.451  3275 22750 E MCINTLOG: [MC_BattStatsFactory] Adding uid 10107
04-22 09:47:22.451  3275 22750 E MCINTLOG: [MC_BattStatsFactory] Adding uid 10109
04-22 09:47:22.451  3275 22750 E MCINTLOG: [MC_BattStatsFactory] Adding uid 10112
04-22 09:47:22.451  3275 22750 E MCINTLOG: [MC_BattStatsFactory] Adding uid 10115
04-22 09:47:22.451  3275 22750 E MCINTLOG: [MC_BattStatsFactory] Adding uid 10118
04-22 09:47:22.451  3275 22750 E MCINTLOG: [MC_BattStatsFactory] Adding uid 10120
04-22 09:47:22.451  3275 22750 E MCINTLOG: [MC_BattStatsFactory] Adding uid 10123
04-22 09:47:22.451  3275 22750 E MCINTLOG: [MC_BattStatsFactory] Adding uid 10124
04-22 09:47:22.451  3275 22750 E MCINTLOG: [MC_BattStatsFactory] Adding uid 10130
04-22 09:47:22.451  3275 22750 E MCINTLOG: [MC_BattStatsFactory] Adding uid 10131
04-22 09:47:22.451  3275 22750 E MCINTLOG: [MC_BattStatsFactory] Adding uid 10133
04-22 09:47:22.451  3275 22750 E MCINTLOG: [MC_BattStatsFactory] Adding uid 10140
04-22 09:47:22.451  3275 22750 E MCINTLOG: [MC_BattStatsFactory] Adding uid 10143
04-22 09:47:22.451  3275 22750 E MCINTLOG: [MC_BattStatsFactory] Adding uid 10147
04-22 09:47:22.451  3275 22750 E MCINTLOG: [MC_BattStatsFactory] Adding uid 10152
04-22 09:47:22.451  3275 22750 E MCINTLOG: [MC_BattStatsFactory] Adding uid 10154
04-22 09:47:22.451  3275 22750 E MCINTLOG: [MC_BattStatsFactory] Adding uid 10156
04-22 09:47:22.451  3275 22750 E MCINTLOG: [MC_BattStatsFactory] Adding uid 10158
04-22 09:47:22.452  3275 22750 E MCINTLOG: [MC_BattStatsFactory] Adding uid 10159
04-22 09:47:22.452  3275 22750 E MCINTLOG: [MC_BattStatsFactory] Adding uid 10165
04-22 09:47:22.452  3275 22750 E MCINTLOG: [MC_BattStatsFactory] Adding uid 10167
04-22 09:47:22.452  3275 22750 E MCINTLOG: [MC_BattStatsFactory] Adding uid 10168
04-22 09:47:22.452  3275 22750 E MCINTLOG: [MC_BattStatsFactory] Adding uid 10171
04-22 09:47:22.452  3275 22750 E MCINTLOG: [MC_BattStatsFactory] Adding uid 10174
04-22 09:47:22.452  3275 22750 E MCINTLOG: [MC_BattStatsFactory] Adding uid 10176
04-22 09:47:22.452  3275 22750 E MCINTLOG: [MC_BattStatsFactory] Adding uid 10177
04-22 09:47:22.452  3275 22750 E MCINTLOG: [MC_BattStatsFactory] Adding uid 10182
04-22 09:47:22.452  3275 22750 E MCINTLOG: [MC_BattStatsFactory] Adding uid 10183
04-22 09:47:22.452  3275 22750 E MCINTLOG: [MC_BattStatsFactory] Adding uid 10190
04-22 09:47:22.452  3275 22750 E MCINTLOG: [MC_BattStatsFactory] Adding uid 10192
04-22 09:47:22.452  3275 22750 E MCINTLOG: [MC_BattStatsFactory] Adding uid 10193
04-22 09:47:22.452  3275 22750 E MCINTLOG: [MC_BattStatsFactory] Adding uid 10195
04-22 09:47:22.452  3275 22750 E MCINTLOG: [MC_BattStatsFactory] Adding uid 10198
04-22 09:47:22.452  3275 22750 E MCINTLOG: [MC_BattStatsFactory] Adding uid 10199
04-22 09:47:22.452  3275 22750 E MCINTLOG: [MC_BattStatsFactory] Adding uid 10200
04-22 09:47:22.452  3275 22750 E MCINTLOG: [MC_BattStatsFactory] Adding uid 10205
04-22 09:47:22.452  3275 22750 E MCINTLOG: [MC_BattStatsFactory] Adding uid 10206
04-22 09:47:22.452  3275 22750 E MCINTLOG: [MC_BattStatsFactory] Adding uid 10208
04-22 09:47:22.452  3275 22750 E MCINTLOG: [MC_BattStatsFactory] Adding uid 10209
04-22 09:47:22.452  3275 22750 E MCINTLOG: [MC_BattStatsFactory] Adding uid 10210
04-22 09:47:22.452  3275 22750 E MCINTLOG: [MC_BattStatsFactory] Adding uid 10211
04-22 09:47:22.452  3275 22750 E MCINTLOG: [MC_BattStatsFactory] Adding uid 10212
04-22 09:47:22.452  3275 22750 E MCINTLOG: [MC_BattStatsFactory] Adding uid 10213
04-22 09:47:22.452  3275 22750 E MCINTLOG: [MC_BattStatsFactory] Adding uid 10214
04-22 09:47:22.452  3275 22750 E MCINTLOG: [MC_BattStatsFactory] Adding uid 10216
04-22 09:47:22.456  7312  7569 D Checkin : publish the event [tag = MOT_DEVICE_STATS_L1 event name = SettingLogs]
04-22 09:47:23.934  1741  4636 D ConnectivityService: requestNetwork for uid/pid:10123/17470 NetworkRequest [ REQUEST id=162, [ Transports: CELLULAR Capabilities: INTERNET&NOT_RESTRICTED&TRUSTED&NOT_VPN Uid: 10123] ]
04-22 09:47:23.938  1741  2236 D UntrustedWifiNetworkFactory: got request NetworkRequest [ REQUEST id=162, [ Transports: CELLULAR Capabilities: INTERNET&NOT_RESTRICTED&TRUSTED&NOT_VPN Uid: 10123] ] with score 0 and serial 0
04-22 09:47:23.940  2492  2492 D PhoneSwitcherNetworkRequstListener: got request NetworkRequest [ REQUEST id=162, [ Transports: CELLULAR Capabilities: INTERNET&NOT_RESTRICTED&TRUSTED&NOT_VPN Uid: 10123] ] with score 0 and serial 0
04-22 09:47:23.940  1741  2279 D Ethernet: got request NetworkRequest [ REQUEST id=162, [ Transports: CELLULAR Capabilities: INTERNET&NOT_RESTRICTED&TRUSTED&NOT_VPN Uid: 10123] ] with score 0 and serial 0
04-22 09:47:23.940  1741  2236 D WifiNetworkFactory: got request NetworkRequest [ REQUEST id=162, [ Transports: CELLULAR Capabilities: INTERNET&NOT_RESTRICTED&TRUSTED&NOT_VPN Uid: 10123] ] with score 0 and serial 0
04-22 09:47:23.949  1741  2247 D ConnectivityService: reportNetworkConnectivity(101, false) by 10123
04-22 09:47:23.950  1741 31885 D NetworkMonitor/101: Forcing reevaluation for UID 10123. Dns signal count: 0
04-22 09:47:23.978   721  1282 D NetdFwmarkServer: Cmd 2: 101, 1000: UserP=3, fwmark=F0065
04-22 09:47:23.978   721  1282 D NetdFwmarkServer: Cmd 2: 101, 1000: UserP=3, fwmark=F0065
04-22 09:47:23.979   721  1282 D NetdFwmarkServer: Cmd 1: 0, 1000: UserP=3, fwmark=F0065
04-22 09:47:23.979   721  1282 D NetdFwmarkServer: Cmd 1: 0, 1000: UserP=3, fwmark=F0065
04-22 09:47:23.980   721  1282 D NetdFwmarkServer: Cmd 6: 0, 1000: UserP=3, fwmark=F0065
04-22 09:47:23.980   721  1282 D NetdFwmarkServer: Cmd 6: 0, 1000: UserP=3, fwmark=F0065
04-22 09:47:23.982   721  1282 D NetdFwmarkServer: Cmd 2: 101, 1000: UserP=3, fwmark=F0065
04-22 09:47:23.982   721  1282 D NetdFwmarkServer: Cmd 2: 101, 1000: UserP=3, fwmark=F0065
04-22 09:47:23.983   721  1282 D NetdFwmarkServer: Cmd 1: 0, 1000: UserP=3, fwmark=F0065
04-22 09:47:23.983   721  1282 D NetdFwmarkServer: Cmd 1: 0, 1000: UserP=3, fwmark=F0065
04-22 09:47:23.983   721  1282 D NetdFwmarkServer: Cmd 6: 0, 1000: UserP=3, fwmark=F0065
04-22 09:47:23.983   721  1282 D NetdFwmarkServer: Cmd 6: 0, 1000: UserP=3, fwmark=F0065
04-22 09:47:23.983   721  1282 D NetdFwmarkServer: Cmd 1: 0, 1000: UserP=3, fwmark=F0065
04-22 09:47:23.984   721  1282 D NetdFwmarkServer: Cmd 1: 0, 1000: UserP=3, fwmark=F0065
04-22 09:47:23.984   721  1282 D NetdFwmarkServer: Cmd 6: 0, 1000: UserP=3, fwmark=F0065
04-22 09:47:23.984   721  1282 D NetdFwmarkServer: Cmd 6: 0, 1000: UserP=3, fwmark=F0065
04-22 09:47:24.003   721  1282 D NetdFwmarkServer: Cmd 2: 101, 1000: UserP=3, fwmark=F0065
04-22 09:47:24.004   721  1282 D NetdFwmarkServer: Cmd 1: 0, 1000: UserP=3, fwmark=F0065
04-22 09:47:24.004   721  1282 D NetdFwmarkServer: Cmd 6: 0, 1000: UserP=3, fwmark=F0065
04-22 09:47:24.004   721  1282 D NetdFwmarkServer: Cmd 1: 0, 1000: UserP=3, fwmark=F0065
04-22 09:47:24.004   721  1282 D NetdFwmarkServer: Cmd 6: 0, 1000: UserP=3, fwmark=F0065
04-22 09:47:24.005  1741 22753 D NetworkMonitor/101: PROBE_DNS connectivitycheck.gstatic.com 50ms OK 172.217.7.131
04-22 09:47:24.010   721 22756 E ResolverController: No valid NAT64 prefix (101, <unspecified>/0)
04-22 09:47:24.013   721  1282 D NetdFwmarkServer: Cmd 2: 101, 1000: UserP=3, fwmark=F0065
04-22 09:47:24.013   721  1282 D NetdFwmarkServer: Cmd 1: 0, 1000: UserP=3, fwmark=F0065
04-22 09:47:24.014   721  1282 D NetdFwmarkServer: Cmd 6: 0, 1000: UserP=3, fwmark=F0065
04-22 09:47:24.788   806   880 D audio_hw_primary: disable_audio_route: usecase(1) reset and update mixer path: low-latency-playback speaker
04-22 09:47:24.804   806   880 D audio_hw_primary: disable_snd_device: snd_device(158: vi-feedback)
04-22 09:47:24.804   806   880 D audio_hw_primary: disable_audio_route: usecase(26) reset and update mixer path: spkr-vi-record
04-22 09:47:24.805   806   880 D audio_hw_primary: disable_snd_device: snd_device(2: speaker)
04-22 09:47:25.182 21973 21973 I chatty  : uid=10120(com.android.vending) expire 4 lines
04-22 09:47:25.440 21351  2362 I chatty  : uid=10158(com.google.android.gms) Binder:21351_D expire 2 lines
04-22 09:47:25.441 21351  2362 W Binder  : reply too large data on java level: InterfaceDescriptor = null, code = 46
04-22 09:47:25.442 21892 21928 E JavaBinder: !!! FAILED BINDER TRANSACTION !!!  (parcel size = 696)
04-22 09:47:25.442 21892 21928 W GmsClient: IGmsServiceBroker.getService failed
04-22 09:47:25.442 21892 21928 W GmsClient: android.os.DeadObjectException: Transaction failed on small parcel; remote process probably died
04-22 09:47:25.442 21892 21928 W GmsClient: 	at android.os.BinderProxy.transactNative(Native Method)
04-22 09:47:25.442 21892 21928 W GmsClient: 	at android.os.BinderProxy.transact(BinderProxy.java:511)
04-22 09:47:25.442 21892 21928 W GmsClient: 	at qgo.getService(PG:10)
04-22 09:47:25.442 21892 21928 W GmsClient: 	at com.google.android.gms.common.internal.BaseGmsClient.a(PG:107)
04-22 09:47:25.442 21892 21928 W GmsClient: 	at qcy.run(PG:8)
04-22 09:47:25.442 21892 21928 W GmsClient: 	at android.os.Handler.handleCallback(Handler.java:883)
04-22 09:47:25.442 21892 21928 W GmsClient: 	at android.os.Handler.dispatchMessage(Handler.java:100)
04-22 09:47:25.442 21892 21928 W GmsClient: 	at qtd.a(PG:5)
04-22 09:47:25.442 21892 21928 W GmsClient: 	at qtd.dispatchMessage(PG:4)
04-22 09:47:25.442 21892 21928 W GmsClient: 	at android.os.Looper.loop(Looper.java:241)
04-22 09:47:25.442 21892 21928 W GmsClient: 	at android.os.HandlerThread.run(HandlerThread.java:67)
04-22 09:47:25.679  1741  4636 D WificondControl: Scan result ready event
04-22 09:47:25.956   721  1282 D NetdFwmarkServer: Cmd 2: 101, 1000: UserP=3, fwmark=F0065
04-22 09:47:25.957   721  1282 D NetdFwmarkServer: Cmd 1: 0, 1000: UserP=3, fwmark=F0065
04-22 09:47:25.958   721  1282 D NetdFwmarkServer: Cmd 6: 0, 1000: UserP=3, fwmark=F0065
04-22 09:47:25.959   721  1282 D NetdFwmarkServer: Cmd 1: 0, 1000: UserP=3, fwmark=F0065
04-22 09:47:25.960   721  1282 D NetdFwmarkServer: Cmd 6: 0, 1000: UserP=3, fwmark=F0065
04-22 09:47:25.962  1741 22752 D NetworkMonitor/101: PROBE_DNS www.google.com 2006ms OK 172.217.15.68
04-22 09:47:25.967   721 22760 E ResolverController: No valid NAT64 prefix (101, <unspecified>/0)
04-22 09:47:25.968  1741 22753 D NetworkMonitor/101: PROBE_HTTP http://connectivitycheck.gstatic.com/generate_204 time=1960ms ret=204 request={Connection=[close], User-Agent=[Mozilla/5.0 (X11; Linux x86_64) AppleWebKit/537.36 (KHTML, like Gecko) Chrome/60.0.3112.32 Safari/537.36]} headers={null=[HTTP/1.1 204 No Content], Connection=[close], Content-Length=[0], Date=[Thu, 22 Apr 2021 13:47:25 GMT], X-Android-Received-Millis=[1619099245966], X-Android-Response-Source=[NETWORK 204], X-Android-Selected-Protocol=[http/1.1], X-Android-Sent-Millis=[1619099245820]}
04-22 09:47:25.971   721  1282 D NetdFwmarkServer: Cmd 2: 101, 1000: UserP=3, fwmark=F0065
04-22 09:47:25.972   721  1282 D NetdFwmarkServer: Cmd 1: 0, 1000: UserP=3, fwmark=F0065
04-22 09:47:25.973   721  1282 D NetdFwmarkServer: Cmd 6: 0, 1000: UserP=3, fwmark=F0065
04-22 09:47:25.995 21973 22178 I chatty  : uid=10120(com.android.vending) expire 3 lines
04-22 09:47:26.100  1741 22752 D NetworkMonitor/101: PROBE_HTTPS https://www.google.com/generate_204 time=136ms ret=204 request={Connection=[close], User-Agent=[Mozilla/5.0 (X11; Linux x86_64) AppleWebKit/537.36 (KHTML, like Gecko) Chrome/60.0.3112.32 Safari/537.36]} headers={null=[HTTP/1.1 204 No Content], Alt-Svc=[h3-29=":443"; ma=2592000,h3-T051=":443"; ma=2592000,h3-Q050=":443"; ma=2592000,h3-Q046=":443"; ma=2592000,h3-Q043=":443"; ma=2592000,quic=":443"; ma=2592000; v="46,43"], Connection=[close], Content-Length=[0], Date=[Thu, 22 Apr 2021 13:47:26 GMT], X-Android-Received-Millis=[1619099246096], X-Android-Response-Source=[NETWORK 204], X-Android-Selected-Protocol=[http/1.1], X-Android-Sent-Millis=[1619099246036]}
04-22 09:47:26.103  1741 22751 D NetworkMonitor/101: isCaptivePortal: isSuccessful()=true isPortal()=false RedirectUrl=null isPartialConnectivity()=false Time=2148ms
04-22 09:47:26.103  1741  1773 W BroadcastQueue: Background execution not allowed: receiving Intent { act=android.net.conn.NETWORK_CONDITIONS_MEASURED flg=0x10 (has extras) } to com.google.android.gms/.chimera.GmsIntentOperationService$PersistentTrustedReceiver
04-22 09:47:26.105  1741  2247 D ConnectivityService: NetworkAgentInfo [WIFI () - 101] validation passed
04-22 09:47:26.247  2291 31168 I chatty  : uid=1002(bluetooth) Binder:2291_8 expire 4 lines
04-22 09:47:26.265  2291  2318 I chatty  : uid=1002(bluetooth) Binder:2291_4 expire 3 lines
04-22 09:47:26.268  2291 22414 I chatty  : uid=1002(bluetooth) Binder:2291_7 expire 1 line
04-22 09:47:26.505     0     0 W swapper/0: type=1400 audit(0.0:1960): avc: denied { kill } for uid=0 capability=5 scontext=u:r:kernel:s0 tcontext=u:r:kernel:s0 tclass=capability permissive=0
04-22 09:47:26.771  1741  1787 W PackageParser: Unknown element under <manifest>: queries at /data/app/vmdl2115025794.tmp/base.apk Binary XML file line #271
04-22 09:47:26.789  1741  1773 I ActivityManager: Force stopping com.android.vending appid=10120 user=-1: installPackageLI
04-22 09:47:26.789  1741  1773 I ActivityManager: Killing 22271:com.android.vending:download_service/u0a120 (adj 925): stop com.android.vending
04-22 09:47:26.790  1741  1773 D ActivityManager: makeInactive, ProcessRecord{1ae0bf1 22271:com.android.vending:download_service/u0a120}, clear holder.state
04-22 09:47:26.790  1741  1787 I PackageManager: Update system package com.android.vending code path from /data/app/com.android.vending-e5d1pQ_YvV3cVbPFSOysrQ== to /data/app/com.android.vending-xd444TeXp6ScZsgb7SxcLw==; Retain data and using new
04-22 09:47:26.790  1741  1787 I PackageManager: Update system package com.android.vending resource path from /data/app/com.android.vending-e5d1pQ_YvV3cVbPFSOysrQ== to /data/app/com.android.vending-xd444TeXp6ScZsgb7SxcLw==; Retain data and using new
04-22 09:47:26.795  1741  1773 I ActivityManager: Killing 22376:com.android.vending:instant_app_installer/u0a120 (adj 945): stop com.android.vending
04-22 09:47:26.796  1741  1773 D ActivityManager: makeInactive, ProcessRecord{c1698db 22376:com.android.vending:instant_app_installer/u0a120}, clear holder.state
04-22 09:47:26.798  1741  1787 I PackageManager: Un-granting permission android.permission.MANAGE_DOCUMENTS from package com.google.android.youtube (protectionLevel=262146 flags=0x30dbbe45)
04-22 09:47:26.799  1741  1773 I ActivityManager: Killing 21973:com.android.vending/u0a120 (adj 905): stop com.android.vending
04-22 09:47:26.800  1741  1773 D ActivityManager: makeInactive, ProcessRecord{9b0666 21973:com.android.vending/u0a120}, clear holder.state
04-22 09:47:26.800  1741  1787 I PackageManager: Un-granting permission com.google.android.googleapps.permission.GOOGLE_AUTH from package com.android.providers.calendar (protectionLevel=2 flags=0x30883e45)
04-22 09:47:26.800  1741  1787 I PackageManager: Un-granting permission com.google.android.googleapps.permission.GOOGLE_AUTH.cl from package com.android.providers.calendar (protectionLevel=2 flags=0x30883e45)
04-22 09:47:26.801  1741  1787 I PackageManager: Un-granting permission com.google.android.gm.permission.READ_GMAIL from package com.google.android.apps.docs.editors.docs (protectionLevel=2 flags=0x38dbbe44)
04-22 09:47:26.801  1741  1787 I PackageManager: Un-granting permission com.google.android.googleapps.permission.GOOGLE_AUTH from package com.google.android.apps.docs.editors.docs (protectionLevel=2 flags=0x38dbbe44)
04-22 09:47:26.801  1741  1787 I PackageManager: Un-granting permission com.google.android.googleapps.permission.GOOGLE_AUTH.OTHER_SERVICES from package com.google.android.apps.docs.editors.docs (protectionLevel=2 flags=0x38dbbe44)
04-22 09:47:26.801  1741  1787 I PackageManager: Un-granting permission com.google.android.googleapps.permission.GOOGLE_AUTH.ALL_SERVICES from package com.google.android.apps.docs.editors.docs (protectionLevel=2 flags=0x38dbbe44)
04-22 09:47:26.801  1741  1787 I PackageManager: Un-granting permission com.google.android.googleapps.permission.GOOGLE_AUTH.writely from package com.google.android.apps.docs.editors.docs (protectionLevel=2 flags=0x38dbbe44)
04-22 09:47:26.801  1741  1787 I PackageManager: Un-granting permission com.google.android.googleapps.permission.GOOGLE_AUTH.wise from package com.google.android.apps.docs.editors.docs (protectionLevel=2 flags=0x38dbbe44)
04-22 09:47:26.801  1741  1787 I PackageManager: Un-granting permission android.permission.REQUEST_INSTALL_PACKAGES from package com.motorola.brapps (protectionLevel=66 flags=0x38483e45)
04-22 09:47:26.802  1741  1787 I PackageManager: Un-granting permission com.google.android.gm.permission.READ_GMAIL from package com.google.android.apps.docs.editors.sheets (protectionLevel=2 flags=0x38dbbe44)
04-22 09:47:26.802  1741  1787 I PackageManager: Un-granting permission com.google.android.googleapps.permission.GOOGLE_AUTH from package com.google.android.apps.docs.editors.sheets (protectionLevel=2 flags=0x38dbbe44)
04-22 09:47:26.802  1741  1787 I PackageManager: Un-granting permission com.google.android.googleapps.permission.GOOGLE_AUTH.OTHER_SERVICES from package com.google.android.apps.docs.editors.sheets (protectionLevel=2 flags=0x38dbbe44)
04-22 09:47:26.802  1741  1787 I PackageManager: Un-granting permission com.google.android.googleapps.permission.GOOGLE_AUTH.ALL_SERVICES from package com.google.android.apps.docs.editors.sheets (protectionLevel=2 flags=0x38dbbe44)
04-22 09:47:26.802  1741  1787 I PackageManager: Un-granting permission com.google.android.googleapps.permission.GOOGLE_AUTH.writely from package com.google.android.apps.docs.editors.sheets (protectionLevel=2 flags=0x38dbbe44)
04-22 09:47:26.802  1741  1787 I PackageManager: Un-granting permission com.google.android.googleapps.permission.GOOGLE_AUTH.wise from package com.google.android.apps.docs.editors.sheets (protectionLevel=2 flags=0x38dbbe44)
04-22 09:47:26.802  1741  1787 I PackageManager: Un-granting permission com.google.android.gm.permission.READ_GMAIL from package com.google.android.apps.docs.editors.slides (protectionLevel=2 flags=0x38dbbe44)
04-22 09:47:26.802  1741  1787 I PackageManager: Un-granting permission com.google.android.googleapps.permission.GOOGLE_AUTH from package com.google.android.apps.docs.editors.slides (protectionLevel=2 flags=0x38dbbe44)
04-22 09:47:26.802  1741  1787 I PackageManager: Un-granting permission com.google.android.googleapps.permission.GOOGLE_AUTH.OTHER_SERVICES from package com.google.android.apps.docs.editors.slides (protectionLevel=2 flags=0x38dbbe44)
04-22 09:47:26.803  1741  1787 I PackageManager: Un-granting permission com.google.android.googleapps.permission.GOOGLE_AUTH.ALL_SERVICES from package com.google.android.apps.docs.editors.slides (protectionLevel=2 flags=0x38dbbe44)
04-22 09:47:26.803  1741  1787 I PackageManager: Un-granting permission com.google.android.googleapps.permission.GOOGLE_AUTH.writely from package com.google.android.apps.docs.editors.slides (protectionLevel=2 flags=0x38dbbe44)
04-22 09:47:26.803  1741  1787 I PackageManager: Un-granting permission com.google.android.googleapps.permission.GOOGLE_AUTH.wise from package com.google.android.apps.docs.editors.slides (protectionLevel=2 flags=0x38dbbe44)
04-22 09:47:26.803  1741  1787 I PackageManager: Un-granting permission com.google.android.setupwizard.READ_DEVICE_ORIGIN from package com.google.android.apps.messaging (protectionLevel=18 flags=0x38cbbe45)
04-22 09:47:26.808  1741  1787 I PackageManager: Un-granting permission android.permission.BIND_CARRIER_SERVICES from package com.republicwireless.tel (protectionLevel=18 flags=0x30483e45)
04-22 09:47:26.808  1741  1787 I PackageManager: Un-granting permission android.permission.REQUEST_INSTALL_PACKAGES from package com.google.android.gm (protectionLevel=66 flags=0x38cbbe45)
04-22 09:47:26.810  1741  1787 I PackageManager: Un-granting permission android.permission.MANAGE_ROLE_HOLDERS from package com.google.android.apps.wellbeing (protectionLevel=258 flags=0x20cbbe45)
04-22 09:47:26.810  1741  1787 I PackageManager: Un-granting permission android.permission.REQUEST_INSTALL_PACKAGES from package com.google.android.apps.nbu.files (protectionLevel=66 flags=0x30c83e45)
04-22 09:47:26.811  1741  1787 I PackageManager: Un-granting permission android.permission.REQUEST_INSTALL_PACKAGES from package com.google.android.apps.docs (protectionLevel=66 flags=0x38cbbe45)
04-22 09:47:26.812  1741  1787 I PackageManager: Un-granting permission android.permission.INTERACT_ACROSS_USERS from package com.google.android.syncadapters.contacts (protectionLevel=50 flags=0x20883e45)
04-22 09:47:26.812  1741  1787 I PackageManager: Un-granting permission android.permission.REQUEST_INSTALL_PACKAGES from package com.android.chrome (protectionLevel=66 flags=0xa0cbbe45)
04-22 09:47:26.813  1741  1787 I PackageManager: Un-granting permission android.permission.CAPTURE_VIDEO_OUTPUT from package com.google.android.gms (protectionLevel=2 flags=0xa0cabec5)
04-22 09:47:26.813  1741  1787 I PackageManager: Un-granting permission android.permission.MANAGE_DEVICE_ADMINS from package com.google.android.gms (protectionLevel=2 flags=0xa0cabec5)
04-22 09:47:26.814  1741  1787 I PackageManager: Un-granting permission android.permission.MANAGE_ACTIVITY_STACKS from package com.google.android.gms (protectionLevel=2 flags=0xa0cabec5)
04-22 09:47:26.814  1741  1787 I PackageManager: Un-granting permission android.permission.CAPTURE_SECURE_VIDEO_OUTPUT from package com.google.android.gms (protectionLevel=2 flags=0xa0cabec5)
04-22 09:47:26.814  1741  1787 I PackageManager: Un-granting permission android.permission.MANAGE_ROLLBACKS from package com.google.android.gms (protectionLevel=514 flags=0xa0cabec5)
04-22 09:47:26.817  1741  1787 I PackageManager: Un-granting permission com.google.android.googleapps.permission.GOOGLE_AUTH from package com.google.android.videos (protectionLevel=2 flags=0x30dbbe45)
