04-20 19:34:21.416  1741  2054 I chatty  : uid=1000(system) AccountManagerS expire 1 line
04-20 19:34:21.427  1741  2656 I chatty  : uid=1000(system) android.fg expire 1 line
04-20 19:34:21.457  1741  1774 I chatty  : uid=1000(system) ActivityManager expire 2 lines
04-20 19:34:21.508  1741  1759 I chatty  : uid=1000(system) Binder:1741_1 expire 1 line
04-20 19:34:21.587  1741 11121 I chatty  : uid=1000(system) Binder:1741_1E expire 5 lines
04-20 19:34:21.603  1741  1763 I chatty  : uid=1000(system) android.fg expire 2 lines
04-20 19:34:22.083  1741  3388 I chatty  : uid=1000(system) Binder:1741_C expire 1 line
04-20 19:34:22.100  1741  1767 I chatty  : uid=1000(system) android.anim expire 6 lines
04-20 19:34:22.734  1741  5744 I chatty  : uid=1000(system) Binder:1741_13 expire 2 lines
04-20 19:34:25.485  1741  2042 I chatty  : uid=1000(system) UEventObserver expire 1 line
04-20 19:34:45.898  1741  2249 I chatty  : uid=1000(system) NsdService expire 7 lines
04-20 19:34:52.238  1741  1773 I chatty  : uid=1000(system) ActivityManager expire 12 lines
04-20 19:35:26.939  1741  2042 I chatty  : uid=1000(system) UEventObserver expire 32 lines
04-20 19:38:27.099  1741  1774 I chatty  : uid=1000(system) ActivityManager expire 3 lines
04-20 19:39:01.769  1741  2316 I chatty  : uid=1000(system) Binder:1741_4 expire 2 lines
04-20 19:42:19.827  1741  1780 I chatty  : uid=1000(system) CpuTracker expire 4 lines
04-20 19:43:30.435  1741  6174 I chatty  : uid=1000(system) Binder:1741_17 expire 7 lines
04-20 19:43:30.509  1741  1766 I chatty  : uid=1000(system) android.display expire 4 lines
04-20 19:43:30.521  1741 11671 I chatty  : uid=1000(system) Binder:1741_20 expire 1 line
04-20 19:43:30.553  1741  1767 I chatty  : uid=1000(system) android.anim expire 5 lines
04-20 19:43:33.456  1741  1741 I chatty  : uid=1000 system_server expire 13 lines
04-20 19:52:36.525  1741  1772 I chatty  : uid=1000(system) android.bg expire 2 lines
04-20 19:55:21.765  1741  2434 I chatty  : uid=1000(system) Binder:1741_6 expire 5 lines
04-20 19:58:16.561  1741  2734 I chatty  : uid=1000(system) Binder:1741_9 expire 2 lines
04-20 19:58:16.562  1741  2247 I chatty  : uid=1000(system) ConnectivitySer expire 1 line
04-20 20:00:00.293  1741  2809 I chatty  : uid=1000(system) Binder:1741_A expire 1 line
04-20 20:02:38.746  1741 11121 I chatty  : uid=1000(system) Binder:1741_1E expire 3 lines
04-20 20:02:38.879  1741  8491 I chatty  : uid=1000(system) Binder:1741_1C expire 5 lines
04-20 20:03:42.785  1741  5744 I chatty  : uid=1000(system) Binder:1741_13 expire 1 line
04-20 20:04:38.385  1741  1781 I chatty  : uid=1000(system) PowerManagerSer expire 9 lines
04-20 20:04:45.905  1741 28111 I chatty  : uid=1000 system_server expire 1 line
04-20 20:04:46.308  1741  1764 I chatty  : uid=1000(system) android.ui expire 1 line
04-20 20:04:46.341  1741  1763 I chatty  : uid=1000(system) android.fg expire 4 lines
04-20 20:04:47.138  1741  8491 I chatty  : uid=1000(system) Binder:1741_1C expire 7 lines
04-20 20:04:47.280  1741  1774 I chatty  : uid=1000(system) ActivityManager expire 7 lines
04-20 20:04:47.496  1741  6427 I chatty  : uid=1000(system) Binder:1741_18 expire 4 lines
04-20 20:04:48.038  1741  1767 I chatty  : uid=1000(system) android.anim expire 21 lines
04-20 20:04:48.047  1741  1741 I chatty  : uid=1000 system_server expire 11 lines
04-20 20:04:50.424  1741  1766 I chatty  : uid=1000(system) android.display expire 11 lines
04-20 20:05:18.584  1741  2047 I chatty  : uid=1000(system) Binder:1741_3 expire 1 line
04-20 20:05:20.168  1741  6001 I chatty  : uid=1000(system) Binder:1741_16 expire 2 lines
04-20 20:05:21.536  1741  2042 I chatty  : uid=1000(system) UEventObserver expire 5 lines
04-20 20:05:23.370  1741  2123 I chatty  : uid=1000(system) InputReader expire 1 line
04-20 20:05:23.391  1741  1781 I chatty  : uid=1000(system) PowerManagerSer expire 7 lines
04-20 20:05:23.403  1741  1764 I chatty  : uid=1000(system) android.ui expire 3 lines
04-20 20:05:23.459  2309  2309 V FingerprintManager: showFodIndicator show:true by (com.android.systemui)
04-20 20:05:23.481  1741  6540 I chatty  : uid=1000(system) Binder:1741_19 expire 1 line
04-20 20:05:23.512  1741  3388 I chatty  : uid=1000(system) Binder:1741_C expire 4 lines
04-20 20:05:23.687  1741 11121 I chatty  : uid=1000(system) Binder:1741_1E expire 3 lines
04-20 20:05:24.199  1741  1773 I chatty  : uid=1000(system) ActivityManager expire 8 lines
04-20 20:05:24.199  1741  5262 I chatty  : uid=1000(system) Binder:1741_12 expire 1 line
04-20 20:05:56.520  1741  2249 I chatty  : uid=1000(system) NsdService expire 7 lines
04-20 20:06:01.588  1741  1759 I chatty  : uid=1000(system) Binder:1741_1 expire 4 lines
04-20 20:06:01.614  1741  4851 I chatty  : uid=1000(system) Binder:1741_11 expire 1 line
04-20 20:08:02.683  2309  2309 V DeadZone: consuming errant click: (418.41888,18.043457)
04-20 20:08:02.684  2309  2309 V DeadZone: consuming errant click: (418.41888,18.043457)
04-20 20:08:04.970  1741 11671 I chatty  : uid=1000(system) Binder:1741_20 expire 2 lines
04-20 20:08:05.016  1741  1741 I chatty  : uid=1000 system_server expire 6 lines
04-20 20:08:05.018  1741  9573 I chatty  : uid=1000(system) Binder:1741_1D expire 1 line
04-20 20:08:10.935  1741  2247 I chatty  : uid=1000(system) ConnectivitySer expire 1 line
04-20 20:08:10.935  1741  6926 I chatty  : uid=1000(system) Binder:1741_1B expire 2 lines
04-20 20:08:11.038  1741  2809 I chatty  : uid=1000(system) Binder:1741_A expire 1 line
04-20 20:08:11.042  1741  5777 I chatty  : uid=1000(system) Binder:1741_14 expire 4 lines
04-20 20:08:40.245  1741  5744 I chatty  : uid=1000(system) Binder:1741_13 expire 1 line
04-20 20:08:47.528  1741  3126 I chatty  : uid=1000(system) Binder:1741_B expire 7 lines
04-20 20:08:51.435  1741  2734 I chatty  : uid=1000(system) Binder:1741_9 expire 1 line
04-20 20:09:15.204  1741  1767 I chatty  : uid=1000(system) android.anim expire 20 lines
04-20 20:09:27.299  1741  2042 I chatty  : uid=1000(system) UEventObserver expire 10 lines
04-20 20:10:00.136  1741  1741 I chatty  : uid=1000 system_server expire 13 lines
04-20 20:10:00.499  1741  2249 I chatty  : uid=1000(system) NsdService expire 7 lines
04-20 20:10:12.407  1741  1773 I chatty  : uid=1000(system) ActivityManager expire 5 lines
04-20 20:10:39.309  1741  1774 I chatty  : uid=1000(system) ActivityManager expire 4 lines
04-20 20:13:45.111  1741 11669 I chatty  : uid=1000(system) Binder:1741_1F expire 7 lines
04-20 20:13:45.198  1741  4636 I chatty  : uid=1000(system) Binder:1741_10 expire 5 lines
04-20 20:13:45.208  1741  1766 I chatty  : uid=1000(system) android.display expire 8 lines
04-20 20:13:54.844  1741  3580 I chatty  : uid=1000(system) Binder:1741_D expire 2 lines
04-20 20:13:57.397  1741  4851 I chatty  : uid=1000(system) Binder:1741_11 expire 7 lines
04-20 20:13:57.904  1741  9573 I chatty  : uid=1000(system) Binder:1741_1D expire 11 lines
04-20 20:16:26.908  1741  1772 I chatty  : uid=1000(system) android.bg expire 2 lines
04-20 20:18:10.840  1741  1764 I chatty  : uid=1000(system) android.ui expire 5 lines
04-20 20:18:11.305  1741  1781 I chatty  : uid=1000(system) PowerManagerSer expire 17 lines
04-20 20:18:11.328  1741 30348 I chatty  : uid=1000 system_server expire 1 line
04-20 20:18:11.781  1741  1763 I chatty  : uid=1000(system) android.fg expire 1 line
04-20 20:18:12.620  1741  2809 I chatty  : uid=1000(system) Binder:1741_A expire 3 lines
04-20 20:18:33.785  1741  6926 I chatty  : uid=1000(system) Binder:1741_1B expire 3 lines
04-20 20:18:33.842  1741  1766 I chatty  : uid=1000(system) android.display expire 19 lines
04-20 20:18:33.843  1741  1764 I chatty  : uid=1000(system) android.ui expire 14 lines
04-20 20:18:33.843  1741  1781 I chatty  : uid=1000(system) PowerManagerSer expire 53 lines
04-20 20:18:45.478  1741  2042 I chatty  : uid=1000(system) UEventObserver expire 2 lines
04-20 20:18:51.701  1741  3388 I chatty  : uid=1000(system) Binder:1741_C expire 1 line
04-20 20:19:06.126  1741  2434 I chatty  : uid=1000(system) Binder:1741_6 expire 3 lines
04-20 20:19:23.998  1741  3580 I chatty  : uid=1000(system) Binder:1741_D expire 1 line
04-20 20:19:29.321  1741  9573 I chatty  : uid=1000(system) Binder:1741_1D expire 3 lines
04-20 20:20:04.305  1741  1772 I chatty  : uid=1000(system) android.bg expire 4 lines
04-20 20:20:07.929  1741  3126 I chatty  : uid=1000(system) Binder:1741_B expire 6 lines
04-20 20:21:12.922  1741  2247 I chatty  : uid=1000(system) ConnectivitySer expire 6 lines
04-20 20:21:13.026  1741  4851 I chatty  : uid=1000(system) Binder:1741_11 expire 3 lines
04-20 20:21:18.997  1741  2123 I chatty  : uid=1000(system) InputReader expire 1 line
04-20 20:21:18.998  1741  1741 I chatty  : uid=1000 system_server expire 4 lines
04-20 20:21:19.207  1741  1763 I chatty  : uid=1000(system) android.fg expire 3 lines
04-20 20:21:19.231  1741  1767 I chatty  : uid=1000(system) android.anim expire 8 lines
04-20 20:21:20.387  1741  4636 I chatty  : uid=1000(system) Binder:1741_10 expire 1 line
04-20 20:21:20.520  1741  1741 I chatty  : uid=1000 system_server expire 11 lines
04-20 20:21:20.542  1741  1766 I chatty  : uid=1000(system) android.display expire 1 line
04-20 20:21:20.547  1741  1773 I chatty  : uid=1000(system) ActivityManager expire 27 lines
04-20 20:21:20.559  1741  9573 I chatty  : uid=1000(system) Binder:1741_1D expire 1 line
04-20 20:21:20.567  1741  2247 I chatty  : uid=1000(system) ConnectivitySer expire 6 lines
04-20 20:21:20.676  1741  2809 I chatty  : uid=1000(system) Binder:1741_A expire 3 lines
04-20 20:21:46.055  1741  2042 I chatty  : uid=1000(system) UEventObserver expire 1 line
04-20 20:22:16.789 28836 30918 D SystemConfig: Removed unavailable feature android.hardware.sensor.gyroscope
04-20 20:22:16.796 28836 30918 W SystemConfig: No directory /oem/etc/sysconfig, skipping
04-20 20:22:16.796 28836 30918 W SystemConfig: No directory /oem/etc/permissions, skipping
04-20 20:22:16.899 28836 30918 W SystemConfig: No directory /system/etc/motorola/bgintents, skipping
04-20 20:22:16.899 28836 30918 W SystemConfig: No directory /oem/etc/motorola/bgintents, skipping
04-20 20:22:16.902 28836 30918 W SystemConfig: No directory /product_services/etc/sysconfig, skipping
04-20 20:22:16.902 28836 30918 W SystemConfig: No directory /product_services/etc/permissions, skipping
04-20 20:22:16.903 28836 30918 W SystemConfig: No directory /system/etc/motorola/sysconfig, skipping
04-20 20:22:16.903 28836 30918 W SystemConfig: No directory /oem/etc/motorola/sysconfig, skipping
04-20 20:22:16.903 28836 30918 W SystemConfig: No directory /product/etc/motorola/sysconfig, skipping
04-20 20:22:19.208  1741  4851 I chatty  : uid=1000(system) Binder:1741_11 expire 1 line
04-20 20:22:23.561  1741  1787 I chatty  : uid=1000(system) PackageManager expire 45 lines
04-20 20:22:23.791  1741  2054 I chatty  : uid=1000(system) AccountManagerS expire 1 line
04-20 20:22:23.799  1741  2656 I chatty  : uid=1000(system) android.fg expire 1 line
04-20 20:22:23.848  1741  1774 I chatty  : uid=1000(system) ActivityManager expire 3 lines
04-20 20:22:24.047  1741  3388 I chatty  : uid=1000(system) Binder:1741_C expire 1 line
04-20 20:22:24.061  1741  1763 I chatty  : uid=1000(system) android.fg expire 2 lines
04-20 20:22:24.072  1741  3613 I chatty  : uid=1000(system) Binder:1741_E expire 1 line
04-20 20:22:24.461  1741  6540 I chatty  : uid=1000(system) Binder:1741_19 expire 4 lines
04-20 20:22:24.869  1741  3126 I chatty  : uid=1000(system) Binder:1741_B expire 1 line
04-20 20:22:25.184  1741  3388 I chatty  : uid=1000(system) Binder:1741_C expire 1 line
04-20 20:22:25.352  1741  1767 I chatty  : uid=1000(system) android.anim expire 25 lines
04-20 20:22:39.170  1741  2809 I chatty  : uid=1000(system) Binder:1741_A expire 1 line
04-20 20:22:39.210  1741  4636 I chatty  : uid=1000(system) Binder:1741_10 expire 2 lines
04-20 20:22:40.377  1741  6926 I chatty  : uid=1000(system) Binder:1741_1B expire 4 lines
04-20 20:22:47.493  1741  2042 I chatty  : uid=1000(system) UEventObserver expire 6 lines
04-20 20:23:04.737  1741  1741 I chatty  : uid=1000 system_server expire 12 lines
04-20 20:23:05.081  1741  2249 I chatty  : uid=1000(system) NsdService expire 12 lines
04-20 20:23:09.108  1741  1773 I chatty  : uid=1000(system) ActivityManager expire 16 lines
04-20 20:23:19.445  1741  5913 I chatty  : uid=1000(system) Binder:1741_15 expire 4 lines
04-20 20:24:19.659  1741  9573 I chatty  : uid=1000(system) Binder:1741_1D expire 1 line
04-20 20:24:19.664  1741  6555 I chatty  : uid=1000(system) Binder:1741_1A expire 1 line
04-20 20:25:07.317  1741  6001 I chatty  : uid=1000(system) Binder:1741_16 expire 2 lines
04-20 20:25:08.013  1741 11669 I chatty  : uid=1000(system) Binder:1741_1F expire 1 line
04-20 20:25:14.302  1741  1766 I chatty  : uid=1000(system) android.display expire 2 lines
04-20 20:25:14.478  1741  3613 I chatty  : uid=1000(system) Binder:1741_E expire 1 line
04-20 20:25:14.479  1741 11671 I chatty  : uid=1000(system) Binder:1741_20 expire 7 lines
04-20 20:26:02.486  1741  8491 I chatty  : uid=1000(system) Binder:1741_1C expire 9 lines
04-20 20:26:02.537  1741  1774 I chatty  : uid=1000(system) ActivityManager expire 1 line
--------- beginning of crash
04-20 20:27:16.617 31526 31622 E AndroidRuntime: FATAL EXCEPTION: Thread-7
04-20 20:27:16.617 31526 31622 E AndroidRuntime: Process: com.google.location.nearby.apps.connectedcrossroad, PID: 31526
04-20 20:27:16.617 31526 31622 E AndroidRuntime: android.view.ViewRootImpl$CalledFromWrongThreadException: Only the original thread that created a view hierarchy can touch its views.
04-20 20:27:16.617 31526 31622 E AndroidRuntime: 	at android.view.ViewRootImpl.checkThread(ViewRootImpl.java:8344)
04-20 20:27:16.617 31526 31622 E AndroidRuntime: 	at android.view.ViewRootImpl.requestLayout(ViewRootImpl.java:1499)
04-20 20:27:16.617 31526 31622 E AndroidRuntime: 	at android.view.View.requestLayout(View.java:24525)
04-20 20:27:16.617 31526 31622 E AndroidRuntime: 	at android.view.View.requestLayout(View.java:24525)
04-20 20:27:16.617 31526 31622 E AndroidRuntime: 	at android.view.View.requestLayout(View.java:24525)
04-20 20:27:16.617 31526 31622 E AndroidRuntime: 	at android.view.View.requestLayout(View.java:24525)
04-20 20:27:16.617 31526 31622 E AndroidRuntime: 	at android.view.View.requestLayout(View.java:24525)
04-20 20:27:16.617 31526 31622 E AndroidRuntime: 	at android.view.View.requestLayout(View.java:24525)
04-20 20:27:16.617 31526 31622 E AndroidRuntime: 	at androidx.constraintlayout.widget.ConstraintLayout.requestLayout(ConstraintLayout.java:3172)
04-20 20:27:16.617 31526 31622 E AndroidRuntime: 	at android.view.View.requestLayout(View.java:24525)
04-20 20:27:16.617 31526 31622 E AndroidRuntime: 	at android.widget.TextView.checkForRelayout(TextView.java:9731)
04-20 20:27:16.617 31526 31622 E AndroidRuntime: 	at android.widget.TextView.setText(TextView.java:6296)
04-20 20:27:16.617 31526 31622 E AndroidRuntime: 	at android.widget.TextView.setText(TextView.java:6124)
04-20 20:27:16.617 31526 31622 E AndroidRuntime: 	at android.widget.TextView.setText(TextView.java:6076)
04-20 20:27:16.617 31526 31622 E AndroidRuntime: 	at nx.aodv.eval.AODVNetwork.updateRouteTableDisplay(AODVNetwork.java:998)
04-20 20:27:16.617 31526 31622 E AndroidRuntime: 	at nx.aodv.eval.AODVNetwork.handleRREQ(AODVNetwork.java:613)
04-20 20:27:16.617 31526 31622 E AndroidRuntime: 	at nx.aodv.eval.AODVNetwork.handleAODVMessage(AODVNetwork.java:516)
04-20 20:27:16.617 31526 31622 E AndroidRuntime: 	at nx.aodv.eval.AODVNetwork.access$2000(AODVNetwork.java:43)
04-20 20:27:16.617 31526 31622 E AndroidRuntime: 	at nx.aodv.eval.AODVNetwork$6.run(AODVNetwork.java:301)
04-20 20:27:16.617 31526 31622 E AndroidRuntime: 	at java.lang.Thread.run(Thread.java:919)
04-20 20:27:16.645  1741 31762 I chatty  : uid=1000 system_server expire 1 line
04-20 20:27:16.730  1741  2434 I chatty  : uid=1000(system) Binder:1741_6 expire 2 lines
04-20 20:27:16.746  1741  1767 I chatty  : uid=1000(system) android.anim expire 5 lines
04-20 20:27:16.787  1741  5777 I chatty  : uid=1000(system) Binder:1741_14 expire 1 line
04-20 20:27:16.829  1741  2316 I chatty  : uid=1000(system) Binder:1741_4 expire 3 lines
04-20 20:27:16.850  1741  1766 I chatty  : uid=1000(system) android.display expire 8 lines
04-20 20:27:16.867  1741  1773 I chatty  : uid=1000(system) ActivityManager expire 3 lines
04-20 20:27:17.931  1741  2249 I chatty  : uid=1000(system) NsdService expire 2 lines
04-20 20:27:17.975  1741  1741 I chatty  : uid=1000 system_server expire 9 lines
04-20 20:27:20.591  1741  6555 I chatty  : uid=1000(system) Binder:1741_1A expire 2 lines
04-20 20:27:42.185  1741  2247 I chatty  : uid=1000(system) ConnectivitySer expire 17 lines
04-20 20:27:42.213  1741  1774 I chatty  : uid=1000(system) ActivityManager expire 2 lines
04-20 20:27:54.695  1741  2042 I chatty  : uid=1000(system) UEventObserver expire 2 lines
04-20 20:28:10.950  1741  9573 I chatty  : uid=1000(system) Binder:1741_1D expire 2 lines
04-20 20:28:19.446  1020  1020 W wificond: Scan is not started. Ignore abort request
04-20 20:28:19.832  1741  2236 I chatty  : uid=1000(system) ClientModeImpl expire 1 line
04-20 20:28:20.841  1741  5913 I chatty  : uid=1000(system) Binder:1741_15 expire 1 line
04-20 20:28:20.845  1741  6926 I chatty  : uid=1000(system) Binder:1741_1B expire 1 line
04-20 20:28:20.882   721  1268 E NetlinkEvent: NetlinkEvent::FindParam(): Parameter 'INTERFACE' not found
04-20 20:28:20.882   721  1268 E NetlinkEvent: NetlinkEvent::FindParam(): Parameter 'STATE' not found
04-20 20:28:20.882   721  1268 E NetlinkEvent: NetlinkEvent::FindParam(): Parameter 'TIME_NS' not found
04-20 20:28:20.882   721  1268 E NetlinkEvent: NetlinkEvent::FindParam(): Parameter 'UID' not found
04-20 20:28:20.884  1741  2247 I chatty  : uid=1000(system) ConnectivitySer expire 6 lines
04-20 20:28:21.633  1741 16178 I chatty  : uid=1000(system) AdbDebuggingMan expire 1 line
04-20 20:28:21.635  1741  1763 I chatty  : uid=1000(system) android.fg expire 3 lines
04-20 20:28:47.867  1741  1764 I chatty  : uid=1000(system) android.ui expire 6 lines
04-20 20:28:48.327  1741  1781 I chatty  : uid=1000(system) PowerManagerSer expire 22 lines
04-20 20:28:48.357  1741 32061 I chatty  : uid=1000 system_server expire 1 line
04-20 20:28:48.791  1741  1759 I chatty  : uid=1000(system) Binder:1741_1 expire 5 lines
04-20 20:28:48.844  1741  4636 I chatty  : uid=1000(system) Binder:1741_10 expire 1 line
04-20 20:28:48.849  1741  3613 I chatty  : uid=1000(system) Binder:1741_E expire 1 line
04-20 20:28:48.901  1741  5262 I chatty  : uid=1000(system) Binder:1741_12 expire 1 line
04-20 20:28:49.111  1741  6001 I chatty  : uid=1000(system) Binder:1741_16 expire 1 line
04-20 20:28:49.362  1741  2392 I chatty  : uid=1000(system) Binder:1741_5 expire 2 lines
04-20 20:28:55.618  1741  2441 I chatty  : uid=1000(system) Binder:1741_7 expire 4 lines
04-20 20:29:12.694  1741  1781 I chatty  : uid=1000(system) PowerManagerSer expire 50 lines
04-20 20:29:12.710  1741  1766 I chatty  : uid=1000(system) android.display expire 19 lines
04-20 20:29:21.072  1741  6540 I chatty  : uid=1000(system) Binder:1741_19 expire 1 line
04-20 20:29:21.076  1741  5262 I chatty  : uid=1000(system) Binder:1741_12 expire 2 lines
04-20 20:29:29.467  1741  1772 I chatty  : uid=1000(system) android.bg expire 4 lines
04-20 20:29:56.705  1741  1764 I chatty  : uid=1000(system) android.ui expire 12 lines
04-20 20:30:04.163  1741  3613 I chatty  : uid=1000(system) Binder:1741_E expire 1 line
04-20 20:30:08.478  1741  4636 I chatty  : uid=1000(system) Binder:1741_10 expire 4 lines
04-20 20:30:19.845  1741 11669 I chatty  : uid=1000(system) Binder:1741_1F expire 2 lines
04-20 20:30:21.355  1741  1759 I chatty  : uid=1000(system) Binder:1741_1 expire 2 lines
04-20 20:30:26.322  1741  2042 I chatty  : uid=1000(system) UEventObserver expire 2 lines
04-20 20:31:21.546  1741  2392 I chatty  : uid=1000(system) Binder:1741_5 expire 2 lines
04-20 20:32:21.711  1741  2247 I chatty  : uid=1000(system) ConnectivitySer expire 5 lines
04-20 20:32:25.485  1741 16178 I chatty  : uid=1000(system) AdbDebuggingMan expire 1 line
04-20 20:32:25.486  1741  1763 I chatty  : uid=1000(system) android.fg expire 1 line
04-20 20:34:23.774  1741  4636 I chatty  : uid=1000(system) Binder:1741_10 expire 8 lines
04-20 20:35:24.713  1741  6540 I chatty  : uid=1000(system) Binder:1741_19 expire 3 lines
04-20 20:35:24.720  1741  2392 I chatty  : uid=1000(system) Binder:1741_5 expire 1 line
04-20 20:35:31.981 17448 17448 W ActivityThread: serviceStart lasts for 7268 ms, ServiceArgsData = ServiceArgsData{token=android.os.BinderProxy@f7ef715 startId=70 args=Intent { act=com.google.android.location.internal.action.FLP_AR_RESULT pkg=com.google.android.gms cmp=com.google.android.gms/com.google.android.location.internal.PendingIntentCallbackService (has extras) }}
04-20 20:35:31.982 17448 17448 W ActivityThread: serviceStart starts in 7262 ms, ServiceArgsData = ServiceArgsData{token=android.os.BinderProxy@f7ef715 startId=71 args=Intent { act=com.google.android.location.internal.action.AR_TRANSITION_RESULT pkg=com.google.android.gms cmp=com.google.android.gms/com.google.android.location.internal.PendingIntentCallbackService (has extras) }}
04-20 20:37:24.918  1741  2247 I chatty  : uid=1000(system) ConnectivitySer expire 10 lines
04-20 20:37:24.959  1741  1774 I chatty  : uid=1000(system) ActivityManager expire 6 lines
04-20 20:37:25.438  1741  2441 I chatty  : uid=1000(system) Binder:1741_7 expire 7 lines
04-20 20:37:25.620 21351 23547 W Binder  : reply too large data on java level: InterfaceDescriptor = null, code = 46
04-20 20:37:30.704 21351 23547 W Binder  : reply too large data on java level: InterfaceDescriptor = null, code = 46
04-20 20:37:30.938  1741  6926 I chatty  : uid=1000(system) Binder:1741_1B expire 4 lines
04-20 20:37:52.251 21351 21422 W Binder  : reply too large data on java level: InterfaceDescriptor = null, code = 46
04-20 20:38:12.090 21351 21422 W Binder  : reply too large data on java level: InterfaceDescriptor = null, code = 46
04-20 20:38:32.075 17448 17448 W ActivityThread: serviceStart lasts for 4948 ms, ServiceArgsData = ServiceArgsData{token=android.os.BinderProxy@f7ef715 startId=76 args=Intent { act=com.google.android.location.internal.action.FLP_AR_RESULT pkg=com.google.android.gms cmp=com.google.android.gms/com.google.android.location.internal.PendingIntentCallbackService (has extras) }}
04-20 20:38:32.076 17448 17448 W ActivityThread: serviceStart starts in 4939 ms, ServiceArgsData = ServiceArgsData{token=android.os.BinderProxy@f7ef715 startId=77 args=Intent { act=com.google.android.location.internal.action.AR_TRANSITION_RESULT pkg=com.google.android.gms cmp=com.google.android.gms/com.google.android.location.internal.PendingIntentCallbackService (has extras) }}
04-20 20:39:22.084  1741  1773 I chatty  : uid=1000(system) ActivityManager expire 8 lines
04-20 20:39:27.534 21351 21422 W Binder  : reply too large data on java level: InterfaceDescriptor = null, code = 46
04-20 20:40:03.538  1741  2042 I chatty  : uid=1000(system) UEventObserver expire 6 lines
04-20 20:40:52.138 21351 21422 W Binder  : reply too large data on java level: InterfaceDescriptor = null, code = 46
04-20 20:41:43.751 21351 21422 W Binder  : reply too large data on java level: InterfaceDescriptor = null, code = 46
04-20 20:43:01.476 21351 21422 W Binder  : reply too large data on java level: InterfaceDescriptor = null, code = 46
04-20 20:44:02.298 21351 21422 W Binder  : reply too large data on java level: InterfaceDescriptor = null, code = 46
04-20 20:45:28.958 21351 21422 W Binder  : reply too large data on java level: InterfaceDescriptor = null, code = 46
04-20 20:45:36.924  1741  2247 I chatty  : uid=1000(system) ConnectivitySer expire 16 lines
04-20 20:45:40.901 21351 21422 W Binder  : reply too large data on java level: InterfaceDescriptor = null, code = 46
04-20 20:45:44.830  1741  1777 I chatty  : uid=1000(system) batterystats-wo expire 1 line
04-20 20:45:52.903 21351 21422 W Binder  : reply too large data on java level: InterfaceDescriptor = null, code = 46
04-20 20:46:47.264 21351 21422 I chatty  : uid=10158(com.google.android.gms) Binder:21351_4 identical 4 lines
04-20 20:47:32.420 21351 21422 W Binder  : reply too large data on java level: InterfaceDescriptor = null, code = 46
04-20 20:48:41.190 21351 21422 W Binder  : reply too large data on java level: InterfaceDescriptor = null, code = 46
04-20 20:49:40.230 21351 21422 W Binder  : reply too large data on java level: InterfaceDescriptor = null, code = 46
04-20 20:50:50.254 21351 21422 W Binder  : reply too large data on java level: InterfaceDescriptor = null, code = 46
04-20 20:53:12.120 21351 21422 W Binder  : reply too large data on java level: InterfaceDescriptor = null, code = 46
04-20 20:53:30.726 21351 21422 W Binder  : reply too large data on java level: InterfaceDescriptor = null, code = 46
04-20 20:54:12.157 21351 21422 W Binder  : reply too large data on java level: InterfaceDescriptor = null, code = 46
04-20 20:55:12.577 21351 21422 W Binder  : reply too large data on java level: InterfaceDescriptor = null, code = 46
04-20 20:55:12.595  1741  3613 I chatty  : uid=1000(system) Binder:1741_E expire 2 lines
04-20 21:09:18.449  1741  1741 I chatty  : uid=1000 system_server expire 1 line
04-20 21:09:18.472  1741  2247 I chatty  : uid=1000(system) ConnectivitySer expire 23 lines
04-20 21:13:44.575  1741 11671 I chatty  : uid=1000(system) Binder:1741_20 expire 1 line
04-20 21:24:25.184  1741 11121 I chatty  : uid=1000(system) Binder:1741_1E expire 1 line
04-20 21:24:27.507  1741  6427 I chatty  : uid=1000(system) Binder:1741_18 expire 1 line
04-20 21:24:27.552  1741  9573 I chatty  : uid=1000(system) Binder:1741_1D expire 2 lines
04-20 21:24:28.824  1741  2247 I chatty  : uid=1000(system) ConnectivitySer expire 31 lines
04-20 21:34:01.766  1741  2042 I chatty  : uid=1000(system) UEventObserver expire 7 lines
04-20 21:39:49.511  1741  2210 I chatty  : uid=1000(system) NetworkStats expire 1 line
04-20 21:39:49.556  1741  2809 I chatty  : uid=1000(system) Binder:1741_A expire 3 lines
04-20 21:39:52.656  1741  1774 I chatty  : uid=1000(system) ActivityManager expire 4 lines
04-20 21:39:52.691  1741  2125 I chatty  : uid=1000(system) NetworkWatchlis expire 2 lines
04-20 21:39:52.716  1741  1741 I chatty  : uid=1000 system_server expire 10 lines
04-20 21:40:00.583  1741  1763 I chatty  : uid=1000(system) android.fg expire 5 lines
04-20 21:40:02.638  1741  3613 I chatty  : uid=1000(system) Binder:1741_E expire 2 lines
04-20 21:40:03.698  1741  6427 I chatty  : uid=1000(system) Binder:1741_18 expire 5 lines
04-20 21:40:10.709  1741 24510 I chatty  : uid=1000(system) HwBinder:1741_5 expire 1 line
04-20 21:42:12.059  1741  1772 I chatty  : uid=1000(system) android.bg expire 2 lines
04-20 21:51:02.300  1741  1773 I chatty  : uid=1000(system) ActivityManager expire 5 lines
04-20 21:51:34.528  1741  1777 I chatty  : uid=1000(system) batterystats-wo expire 2 lines
04-20 22:27:04.011  1741  3620 I chatty  : uid=1000(system) Binder:1741_F expire 1 line
04-20 22:27:07.377  1741  5913 I chatty  : uid=1000(system) Binder:1741_15 expire 6 lines
04-20 22:27:07.450  1741  4636 I chatty  : uid=1000(system) Binder:1741_10 expire 4 lines
04-20 22:27:10.277  1741 11121 I chatty  : uid=1000(system) Binder:1741_1E expire 4 lines
04-20 22:27:37.247  1741  1763 I chatty  : uid=1000(system) android.fg expire 5 lines
04-20 22:27:37.250  1741  2247 I chatty  : uid=1000(system) ConnectivitySer expire 8 lines
04-20 22:31:51.947  1741  2042 I chatty  : uid=1000(system) UEventObserver expire 14 lines
04-20 22:31:55.441  1741  6427 I chatty  : uid=1000(system) Binder:1741_18 expire 1 line
04-20 22:31:58.081  1741  5744 I chatty  : uid=1000(system) Binder:1741_13 expire 5 lines
04-20 23:06:39.138  1741  1774 I chatty  : uid=1000(system) ActivityManager expire 12 lines
04-20 23:06:47.381  1741  2441 I chatty  : uid=1000(system) Binder:1741_7 expire 1 line
04-20 23:06:47.823  1741  3613 I chatty  : uid=1000(system) Binder:1741_E expire 1 line
04-20 23:52:15.040  1741  1741 I chatty  : uid=1000 system_server expire 3 lines
04-21 00:00:04.109  1741  1764 I chatty  : uid=1000(system) android.ui expire 2 lines
04-21 00:00:04.113  1741  6540 I chatty  : uid=1000(system) Binder:1741_19 expire 3 lines
04-21 00:00:04.160  1741  3580 I chatty  : uid=1000(system) Binder:1741_D expire 3 lines
04-21 00:00:04.161  1741  2392 I chatty  : uid=1000(system) Binder:1741_5 expire 1 line
04-21 00:17:38.639  1741  1760 I chatty  : uid=1000(system) Binder:1741_2 expire 3 lines
04-21 00:17:38.641  1741  1773 I chatty  : uid=1000(system) ActivityManager expire 8 lines
04-21 00:17:39.011  1741  3126 I chatty  : uid=1000(system) Binder:1741_B expire 12 lines
04-21 00:17:39.414  1741  6001 I chatty  : uid=1000(system) Binder:1741_16 expire 2 lines
04-21 00:17:39.506 21351 21367 W Binder  : reply too large data on java level: InterfaceDescriptor = null, code = 46
04-21 00:17:43.309  1741  2434 I chatty  : uid=1000(system) Binder:1741_6 expire 2 lines
04-21 00:17:43.605  1741  9573 I chatty  : uid=1000(system) Binder:1741_1D expire 1 line
04-21 00:17:44.603 21351  2362 W Binder  : reply too large data on java level: InterfaceDescriptor = null, code = 46
04-21 00:17:48.956  1741  1777 I chatty  : uid=1000(system) batterystats-wo expire 1 line
04-21 00:17:49.700 21351  2362 W Binder  : reply too large data on java level: InterfaceDescriptor = null, code = 46
04-21 00:17:50.237  1741 11669 I chatty  : uid=1000(system) Binder:1741_1F expire 1 line
04-21 00:17:54.781 21351 21440 W Binder  : reply too large data on java level: InterfaceDescriptor = null, code = 46
04-21 00:17:59.867 21351 21440 W Binder  : reply too large data on java level: InterfaceDescriptor = null, code = 46
04-21 00:18:01.325  1741  6555 I chatty  : uid=1000(system) Binder:1741_1A expire 1 line
04-21 00:18:04.890  1741  6926 I chatty  : uid=1000(system) Binder:1741_1B expire 5 lines
04-21 00:18:04.935 21351 21440 W Binder  : reply too large data on java level: InterfaceDescriptor = null, code = 46
04-21 00:18:08.915  1741  2247 I chatty  : uid=1000(system) ConnectivitySer expire 11 lines
04-21 00:18:17.149 21351 21440 W Binder  : reply too large data on java level: InterfaceDescriptor = null, code = 46
04-21 00:18:58.366  1741  2042 I chatty  : uid=1000(system) UEventObserver expire 31 lines
04-21 00:19:19.539 21351 21440 W Binder  : reply too large data on java level: InterfaceDescriptor = null, code = 46
04-21 00:21:16.349 21351 21440 W Binder  : reply too large data on java level: InterfaceDescriptor = null, code = 46
04-21 00:22:47.218 21351 21440 W Binder  : reply too large data on java level: InterfaceDescriptor = null, code = 46
04-21 00:23:59.229 21351 21440 W Binder  : reply too large data on java level: InterfaceDescriptor = null, code = 46
04-21 00:25:59.943 21351 21440 W Binder  : reply too large data on java level: InterfaceDescriptor = null, code = 46
04-21 00:27:49.837 21351 21440 W Binder  : reply too large data on java level: InterfaceDescriptor = null, code = 46
04-21 00:29:42.926 21351 21440 W Binder  : reply too large data on java level: InterfaceDescriptor = null, code = 46
04-21 00:30:59.404 21351 21440 W Binder  : reply too large data on java level: InterfaceDescriptor = null, code = 46
04-21 00:33:25.874  1741  1777 I chatty  : uid=1000(system) batterystats-wo expire 5 lines
04-21 00:33:26.005 21351 21440 W Binder  : reply too large data on java level: InterfaceDescriptor = null, code = 46
04-21 00:35:10.052 21351 21440 W Binder  : reply too large data on java level: InterfaceDescriptor = null, code = 46
04-21 00:36:45.641 21351 21440 W Binder  : reply too large data on java level: InterfaceDescriptor = null, code = 46
04-21 00:38:06.296 21351 21440 W Binder  : reply too large data on java level: InterfaceDescriptor = null, code = 46
04-21 00:39:57.892 21351 21440 W Binder  : reply too large data on java level: InterfaceDescriptor = null, code = 46
04-21 00:41:20.252 21351 21440 W Binder  : reply too large data on java level: InterfaceDescriptor = null, code = 46
04-21 00:43:08.075 21351 21440 W Binder  : reply too large data on java level: InterfaceDescriptor = null, code = 46
04-21 00:44:45.815 21351 21440 W Binder  : reply too large data on java level: InterfaceDescriptor = null, code = 46
04-21 00:45:53.069 21351 21440 W Binder  : reply too large data on java level: InterfaceDescriptor = null, code = 46
04-21 00:46:00.426  1741  1760 I chatty  : uid=1000(system) Binder:1741_2 expire 3 lines
04-21 01:27:24.517  1741  1774 I chatty  : uid=1000(system) ActivityManager expire 3 lines
04-21 01:27:38.015  1741  2441 I chatty  : uid=1000(system) Binder:1741_7 expire 1 line
04-21 01:47:50.187  1741  1772 I chatty  : uid=1000(system) android.bg expire 2 lines
04-21 02:21:59.781  1741  1763 I chatty  : uid=1000(system) android.fg expire 6 lines
04-21 04:14:56.778  1741  1741 I chatty  : uid=1000 system_server expire 7 lines
04-21 04:14:56.874  1741  2247 I chatty  : uid=1000(system) ConnectivitySer expire 22 lines
04-21 04:14:57.266  1741  2501 I chatty  : uid=1000(system) Binder:1741_8 expire 2 lines
04-21 04:14:57.272  1741  1773 I chatty  : uid=1000(system) ActivityManager expire 5 lines
04-21 04:15:06.632  1741 11669 I chatty  : uid=1000(system) Binder:1741_1F expire 3 lines
04-21 07:59:46.688  1741  1772 I chatty  : uid=1000(system) android.bg expire 5 lines
04-21 08:20:12.748  1741  2042 I chatty  : uid=1000(system) UEventObserver expire 9 lines
04-21 08:28:23.544  1741  1774 I chatty  : uid=1000(system) ActivityManager expire 10 lines
04-21 08:29:03.269  1741 11121 I chatty  : uid=1000(system) Binder:1741_1E expire 2 lines
04-21 08:29:03.330  1741  6926 I chatty  : uid=1000(system) Binder:1741_1B expire 4 lines
04-21 09:53:43.317  1741  1763 I chatty  : uid=1000(system) android.fg expire 7 lines
04-21 10:10:59.865  1741  1741 I chatty  : uid=1000 system_server expire 12 lines
04-21 10:11:00.007  1741  2247 I chatty  : uid=1000(system) ConnectivitySer expire 13 lines
04-21 10:11:00.240  1741  6555 I chatty  : uid=1000(system) Binder:1741_1A expire 1 line
04-21 10:11:00.342  1741  2734 I chatty  : uid=1000(system) Binder:1741_9 expire 2 lines
04-21 10:11:00.347  1741  1773 I chatty  : uid=1000(system) ActivityManager expire 7 lines
04-21 10:11:00.397  1741  5744 I chatty  : uid=1000(system) Binder:1741_13 expire 4 lines
04-21 10:11:00.459  3393  3393 D ActivityThread: Loading provider contacts;com.android.contacts: com.android.providers.contacts.ContactsProvider2
04-21 10:11:01.807 21351 30997 D SystemConfig: Removed unavailable feature android.hardware.sensor.gyroscope
04-21 10:11:01.810 21351 30997 W SystemConfig: No directory /oem/etc/sysconfig, skipping
04-21 10:11:01.810 21351 30997 W SystemConfig: No directory /oem/etc/permissions, skipping
04-21 10:11:01.884 21351 30997 W SystemConfig: No directory /system/etc/motorola/bgintents, skipping
04-21 10:11:01.885 21351 30997 W SystemConfig: No directory /oem/etc/motorola/bgintents, skipping
04-21 10:11:01.888 21351 30997 W SystemConfig: No directory /product_services/etc/sysconfig, skipping
04-21 10:11:01.888 21351 30997 W SystemConfig: No directory /product_services/etc/permissions, skipping
04-21 10:11:01.889 21351 30997 W SystemConfig: No directory /system/etc/motorola/sysconfig, skipping
04-21 10:11:01.889 21351 30997 W SystemConfig: No directory /oem/etc/motorola/sysconfig, skipping
04-21 10:11:01.889 21351 30997 W SystemConfig: No directory /product/etc/motorola/sysconfig, skipping
04-21 10:11:01.918 21351 30997 W PackageParser: Unknown element under <manifest>: queries at /data/user_de/0/com.google.android.gms/app_chimera/m/0000000a/AdsDynamite.apk Binary XML file line #5
04-21 10:11:02.295  1741  2434 I chatty  : uid=1000(system) Binder:1741_6 expire 3 lines
04-21 10:11:03.076  1741  2125 I chatty  : uid=1000(system) NetworkWatchlis expire 2 lines
04-21 10:11:04.283  1741  4636 I chatty  : uid=1000(system) Binder:1741_10 expire 5 lines
04-21 10:11:07.869 21351 30997 W PackageParser: Unknown element under <manifest>: queries at /data/user_de/0/com.google.android.gms/app_chimera/m/0000000a/AdsDynamite.apk Binary XML file line #5
04-21 10:11:08.691 21351 21387 W PackageParser: Unknown element under <manifest>: queries at /data/user_de/0/com.google.android.gms/app_chimera/m/0000000a/AdsDynamite.apk Binary XML file line #5
04-21 10:11:08.883 21351 21387 W PackageParser: Unknown element under <manifest>: queries at /data/user_de/0/com.google.android.gms/app_chimera/m/0000000a/AdsDynamite.apk Binary XML file line #5
04-21 10:11:09.316  1741  4851 I chatty  : uid=1000(system) Binder:1741_11 expire 1 line
04-21 10:11:09.316  1741  3126 I chatty  : uid=1000(system) Binder:1741_B expire 4 lines
04-21 10:11:09.735 21351 21380 W PackageParser: Unknown element under <manifest>: queries at /data/user_de/0/com.google.android.gms/app_chimera/m/0000000a/AdsDynamite.apk Binary XML file line #5
04-21 10:11:09.954 21351 21380 W PackageParser: Unknown element under <manifest>: queries at /data/user_de/0/com.google.android.gms/app_chimera/m/0000000a/AdsDynamite.apk Binary XML file line #5
04-21 10:11:10.757 21351 21381 W PackageParser: Unknown element under <manifest>: queries at /data/user_de/0/com.google.android.gms/app_chimera/m/0000000a/AdsDynamite.apk Binary XML file line #5
04-21 10:11:10.958 21351 21381 W PackageParser: Unknown element under <manifest>: queries at /data/user_de/0/com.google.android.gms/app_chimera/m/0000000a/AdsDynamite.apk Binary XML file line #5
04-21 10:11:11.562  1741  2656 I chatty  : uid=1000(system) android.fg expire 3 lines
04-21 10:11:11.887  3847  3876 D SystemConfig: Removed unavailable feature android.hardware.sensor.gyroscope
04-21 10:11:11.891  3847  3876 W SystemConfig: No directory /oem/etc/sysconfig, skipping
04-21 10:11:11.891  3847  3876 W SystemConfig: No directory /oem/etc/permissions, skipping
04-21 10:11:11.939  3847  3876 W SystemConfig: No directory /system/etc/motorola/bgintents, skipping
04-21 10:11:11.939  3847  3876 W SystemConfig: No directory /oem/etc/motorola/bgintents, skipping
04-21 10:11:11.941  3847  3876 W SystemConfig: No directory /product_services/etc/sysconfig, skipping
04-21 10:11:11.941  3847  3876 W SystemConfig: No directory /product_services/etc/permissions, skipping
04-21 10:11:11.941  3847  3876 W SystemConfig: No directory /system/etc/motorola/sysconfig, skipping
04-21 10:11:11.941  3847  3876 W SystemConfig: No directory /oem/etc/motorola/sysconfig, skipping
04-21 10:11:11.941  3847  3876 W SystemConfig: No directory /product/etc/motorola/sysconfig, skipping
04-21 10:11:14.913 21351  3311 W PackageParser: Unknown element under <manifest>: queries at /data/user_de/0/com.google.android.gms/app_chimera/m/0000000a/AdsDynamite.apk Binary XML file line #5
04-21 10:11:15.077 21351 21414 W PackageParser: Unknown element under <manifest>: queries at /data/user_de/0/com.google.android.gms/app_chimera/m/0000000a/AdsDynamite.apk Binary XML file line #5
04-21 10:11:16.542  1741  1741 I chatty  : uid=1000 system_server expire 4 lines
04-21 10:11:22.766  1741  2441 I chatty  : uid=1000(system) Binder:1741_7 expire 4 lines
04-21 10:11:24.707  1741  1774 I chatty  : uid=1000(system) ActivityManager expire 2 lines
04-21 10:11:25.013  1741  2392 I chatty  : uid=1000(system) Binder:1741_5 expire 2 lines
04-21 10:11:26.763  1741  1759 I chatty  : uid=1000(system) Binder:1741_1 expire 1 line
04-21 10:11:26.770  1741  1766 I chatty  : uid=1000(system) android.display expire 1 line
04-21 10:11:26.774  1741  5262 I chatty  : uid=1000(system) Binder:1741_12 expire 1 line
04-21 10:11:26.822  1741  6540 I chatty  : uid=1000(system) Binder:1741_19 expire 1 line
04-21 10:11:26.836  1741  2235 I chatty  : uid=1000(system) WifiService expire 1 line
04-21 10:11:30.185  1741  2247 I chatty  : uid=1000(system) ConnectivitySer expire 10 lines
04-21 10:11:35.723  1741  1741 I chatty  : uid=1000 system_server expire 9 lines
04-21 10:11:35.774  1741  1763 I chatty  : uid=1000(system) android.fg expire 10 lines
04-21 10:11:35.802  1741  2042 I chatty  : uid=1000(system) UEventObserver expire 28 lines
04-21 10:11:36.615  1741  1774 I chatty  : uid=1000(system) ActivityManager expire 10 lines
04-21 10:11:48.594  1741  6540 I chatty  : uid=1000(system) Binder:1741_19 expire 5 lines
04-21 10:11:50.060  1741  9573 I chatty  : uid=1000(system) Binder:1741_1D expire 1 line
04-21 10:12:28.508  1741  6174 I chatty  : uid=1000(system) Binder:1741_17 expire 1 line
04-21 10:12:28.572  1741  2392 I chatty  : uid=1000(system) Binder:1741_5 expire 3 lines
04-21 10:18:33.759  1741  3620 I chatty  : uid=1000(system) Binder:1741_F expire 2 lines
04-21 10:31:27.710  1741  1773 I chatty  : uid=1000(system) ActivityManager expire 4 lines
04-21 10:34:21.272  1741  1777 I chatty  : uid=1000(system) batterystats-wo expire 1 line
04-21 10:59:29.553  1741  6926 I chatty  : uid=1000(system) Binder:1741_1B expire 1 line
04-21 11:06:13.276  1741 11121 I chatty  : uid=1000(system) Binder:1741_1E expire 2 lines
04-21 11:06:40.214 21351 21351 W ActivityThread: serviceCreate lasts for 6956 ms, CreateServiceData = CreateServiceData{token=android.os.BinderProxy@e408d91 className=com.google.firebase.auth.api.gms.service.FirebaseAuthService packageName=com.google.android.gms intent=null}
04-21 11:07:11.243  4145  4145 W ActivityThread: serviceCreate starts in 57942 ms, CreateServiceData = CreateServiceData{token=android.os.BinderProxy@151772c className=com.motorola.feedback.quicksettings.FeedBackTileService packageName=com.motorola.help intent=null}
04-21 11:12:01.352  1741  5744 I chatty  : uid=1000(system) Binder:1741_13 expire 1 line
04-21 11:12:01.424  1741  6427 I chatty  : uid=1000(system) Binder:1741_18 expire 1 line
04-21 11:12:11.093  1741  2247 I chatty  : uid=1000(system) ConnectivitySer expire 7 lines
04-21 11:12:11.162  1741  5262 I chatty  : uid=1000(system) Binder:1741_12 expire 2 lines
04-21 12:13:45.675  1741  1764 I chatty  : uid=1000(system) android.ui expire 3 lines
04-21 12:54:22.975  1741  1772 I chatty  : uid=1000(system) android.bg expire 2 lines
04-21 16:09:26.670  1741  4636 I chatty  : uid=1000(system) Binder:1741_10 expire 2 lines
04-21 16:09:26.727  1741  6001 I chatty  : uid=1000(system) Binder:1741_16 expire 3 lines
04-21 16:09:27.740  7040 13283 E ActivityThread: Failed to find provider info for com.motorola.ccc.cce.datausage
04-21 16:09:28.706  7040 13283 E ActivityThread: Failed to find provider info for com.motorola.ccc.cce.datausage
04-21 16:09:29.335  7040 13284 E ActivityThread: Failed to find provider info for com.motorola.ccc.cce.datausage
04-21 16:09:29.806  1741  3613 I chatty  : uid=1000(system) Binder:1741_E expire 2 lines
04-21 16:09:29.840 21351  3957 W Binder  : reply too large data on java level: InterfaceDescriptor = null, code = 46
04-21 16:09:30.046  1741  1774 I chatty  : uid=1000(system) ActivityManager expire 2 lines
04-21 16:09:30.107  1741  2734 I chatty  : uid=1000(system) Binder:1741_9 expire 1 line
04-21 16:09:30.218  1741  6555 I chatty  : uid=1000(system) Binder:1741_1A expire 2 lines
04-21 16:09:30.411  1741  5777 I chatty  : uid=1000(system) Binder:1741_14 expire 2 lines
04-21 16:09:30.882  1741  2501 I chatty  : uid=1000(system) Binder:1741_8 expire 1 line
04-21 16:09:31.777  1741  4851 I chatty  : uid=1000(system) Binder:1741_11 expire 1 line
04-21 16:09:31.923  1741  2047 I chatty  : uid=1000(system) Binder:1741_3 expire 2 lines
04-21 16:09:32.371  1741  4636 I chatty  : uid=1000(system) Binder:1741_10 expire 3 lines
04-21 16:09:32.382  1741  4851 I chatty  : uid=1000(system) Binder:1741_11 expire 1 line
04-21 16:09:32.895  1741  1774 I chatty  : uid=1000(system) ActivityManager expire 13 lines
04-21 16:09:33.536  1741  6540 I chatty  : uid=1000(system) Binder:1741_19 expire 10 lines
04-21 16:09:34.910 21351  3958 W Binder  : reply too large data on java level: InterfaceDescriptor = null, code = 46
04-21 16:09:35.937  1741  6001 I chatty  : uid=1000(system) Binder:1741_16 expire 1 line
04-21 16:09:36.676  1741  1773 I chatty  : uid=1000(system) ActivityManager expire 7 lines
04-21 16:09:39.987 21351 21443 W Binder  : reply too large data on java level: InterfaceDescriptor = null, code = 46
04-21 16:09:40.301  1741 11121 I chatty  : uid=1000(system) Binder:1741_1E expire 1 line
04-21 16:09:41.082  1741  2501 I chatty  : uid=1000(system) Binder:1741_8 expire 9 lines
04-21 16:09:45.062 21351 21422 W Binder  : reply too large data on java level: InterfaceDescriptor = null, code = 46
04-21 16:09:47.448  1741  5744 I chatty  : uid=1000(system) Binder:1741_13 expire 1 line
04-21 16:09:50.150 21351 23357 W Binder  : reply too large data on java level: InterfaceDescriptor = null, code = 46
04-21 16:09:55.223 21351 23357 W Binder  : reply too large data on java level: InterfaceDescriptor = null, code = 46
04-21 16:09:56.554  1741  2247 I chatty  : uid=1000(system) ConnectivitySer expire 12 lines
04-21 16:09:57.228  1741  5913 I chatty  : uid=1000(system) Binder:1741_15 expire 2 lines
04-21 16:10:00.290  1741  5777 I chatty  : uid=1000(system) Binder:1741_14 expire 2 lines
04-21 16:10:00.299 21351 23357 W Binder  : reply too large data on java level: InterfaceDescriptor = null, code = 46
04-21 16:10:15.485 21351 23357 I chatty  : uid=10158(com.google.android.gms) Binder:21351_B identical 4 lines
04-21 16:10:20.560 21351 23357 W Binder  : reply too large data on java level: InterfaceDescriptor = null, code = 46
04-21 16:10:20.909  1741  2042 I chatty  : uid=1000(system) UEventObserver expire 13 lines
04-21 16:10:25.627 21351 23357 W Binder  : reply too large data on java level: InterfaceDescriptor = null, code = 46
04-21 16:10:30.686 21351 23357 W Binder  : reply too large data on java level: InterfaceDescriptor = null, code = 46
04-21 16:11:36.111 21351 23357 W Binder  : reply too large data on java level: InterfaceDescriptor = null, code = 46
04-21 16:13:06.135 21351 23357 W Binder  : reply too large data on java level: InterfaceDescriptor = null, code = 46
04-21 16:14:07.698 21351 23357 W Binder  : reply too large data on java level: InterfaceDescriptor = null, code = 46
04-21 16:15:26.215 21351 23357 W Binder  : reply too large data on java level: InterfaceDescriptor = null, code = 46
04-21 16:16:37.499 21351 23357 W Binder  : reply too large data on java level: InterfaceDescriptor = null, code = 46
04-21 16:18:19.164 21351 23357 W Binder  : reply too large data on java level: InterfaceDescriptor = null, code = 46
04-21 16:20:06.524 21351 23357 W Binder  : reply too large data on java level: InterfaceDescriptor = null, code = 46
04-21 16:21:23.492 21351 23357 W Binder  : reply too large data on java level: InterfaceDescriptor = null, code = 46
04-21 16:22:19.099 21351 23357 W Binder  : reply too large data on java level: InterfaceDescriptor = null, code = 46
04-21 16:23:59.259 21351 23357 W Binder  : reply too large data on java level: InterfaceDescriptor = null, code = 46
04-21 16:24:30.894  1741  2441 I chatty  : uid=1000(system) Binder:1741_7 expire 2 lines
04-21 16:24:37.582  1741  3613 I chatty  : uid=1000(system) Binder:1741_E expire 2 lines
04-21 16:24:39.216  5109  5109 D ActivityThread: Loading provider contacts;com.android.contacts: com.android.providers.contacts.ContactsProvider2
04-21 17:04:52.811  1741  6555 I chatty  : uid=1000(system) Binder:1741_1A expire 4 lines
04-21 17:54:07.222  1741  1777 I chatty  : uid=1000(system) batterystats-wo expire 1 line
04-21 17:58:39.411  1741  1772 I chatty  : uid=1000(system) android.bg expire 2 lines
04-21 18:03:00.914  1741  2734 I chatty  : uid=1000(system) Binder:1741_9 expire 2 lines
04-21 18:14:03.858  1741  1763 I chatty  : uid=1000(system) android.fg expire 1 line
04-21 19:03:41.288  1741  1765 I chatty  : uid=1000(system) android.io expire 2 lines
04-21 19:04:08.243  1741  1781 I chatty  : uid=1000(system) PowerManagerSer expire 8 lines
04-21 19:04:08.246  1741  1764 I chatty  : uid=1000(system) android.ui expire 2 lines
04-21 19:04:08.263  1741  1766 I chatty  : uid=1000(system) android.display expire 3 lines
04-21 19:04:13.276  1741  2247 I chatty  : uid=1000(system) ConnectivitySer expire 11 lines
04-21 19:04:16.759  1741  2809 I chatty  : uid=1000(system) Binder:1741_A expire 2 lines
04-21 19:04:16.914  1741  6540 I chatty  : uid=1000(system) Binder:1741_19 expire 9 lines
04-21 19:04:17.182  1741  2247 I chatty  : uid=1000(system) ConnectivitySer expire 4 lines
04-21 19:04:17.313  1741  1774 I chatty  : uid=1000(system) ActivityManager expire 14 lines
04-21 19:04:17.610  1741  2734 I chatty  : uid=1000(system) Binder:1741_9 expire 2 lines
04-21 19:04:17.705  1741  5744 I chatty  : uid=1000(system) Binder:1741_13 expire 4 lines
04-21 19:04:17.841  1741  4851 I chatty  : uid=1000(system) Binder:1741_11 expire 4 lines
04-21 19:04:17.847  1741 11671 I chatty  : uid=1000(system) Binder:1741_20 expire 5 lines
04-21 19:04:17.997  1741  2501 I chatty  : uid=1000(system) Binder:1741_8 expire 3 lines
04-21 19:04:18.568  1741  6001 I chatty  : uid=1000(system) Binder:1741_16 expire 2 lines
04-21 19:04:18.888  1741  5262 I chatty  : uid=1000(system) Binder:1741_12 expire 1 line
04-21 19:04:19.342  1741  2047 I chatty  : uid=1000(system) Binder:1741_3 expire 2 lines
04-21 19:04:20.461  1741  6427 I chatty  : uid=1000(system) Binder:1741_18 expire 3 lines
04-21 19:04:20.598  1741  1760 I chatty  : uid=1000(system) Binder:1741_2 expire 7 lines
04-21 19:04:21.059  1741 11669 I chatty  : uid=1000(system) Binder:1741_1F expire 1 line
04-21 19:04:21.059  1741  6174 I chatty  : uid=1000(system) Binder:1741_17 expire 2 lines
04-21 19:04:21.935  1741  5777 I chatty  : uid=1000(system) Binder:1741_14 expire 4 lines
04-21 19:04:22.773  1741  2656 I chatty  : uid=1000(system) android.fg expire 2 lines
