04-22 09:50:39.140 17448 17664 I chatty  : uid=10158(com.google.android.gms) NearbyDiscovery expire 5 lines
04-22 09:50:39.165  2929  2890 I TiresiasImpl: TiresiasImpl.resetSession():1228 resetSession(): Reset failed, no active session.
04-22 09:50:39.228  2291 23815 I chatty  : uid=1002(bluetooth) com.android.bluetooth expire 2 lines
04-22 09:50:39.277  1741  8491 I WifiService: enableTdls uid=10158 enable=true
04-22 09:50:39.280  1741 29507 I WifiService: enableTdlsWithMacAddress uid=1000 enable=true
04-22 09:50:39.284  8429  8429 I wpa_supplicant: TDLS: Failed to send message (action_code=10)
04-22 09:50:39.284  8429  8429 I wpa_supplicant: StaIface: TDLS discover failed: -1
04-22 09:50:40.099  2929  2890 I TiresiasImpl: TiresiasImpl.resetSession():1228 resetSession(): Reset failed, no active session.
04-22 09:50:40.921  2929  2929 I KeyboardWrapper: KeyboardWrapper.consumeEvent():264 Skip consuming an event as current keyboard is deactivated (state=0, keyboard existence=true)
04-22 09:50:40.922  2929  2929 I VoiceInputManagerWrapper: VoiceInputManagerWrapper.shutdown():76 shutdown()
04-22 09:50:40.923  2929  2929 I AndroidIME: AbstractIme.onDeactivate():145 LatinIme.onDeactivate()
04-22 09:50:41.646 23747 23766 I ndroid.contact: Waiting for a blocking GC ProfileSaver
04-22 09:50:41.666 23747 23766 I ndroid.contact: WaitForGcToComplete blocked ProfileSaver on ClassLinker for 19.331ms
04-22 09:50:42.039  2291 23827 I chatty  : uid=1002(bluetooth) com.android.bluetooth expire 2 lines
04-22 09:50:43.302 17448 31664 I chatty  : uid=10158(com.google.android.gms) Binder:17448_F expire 13 lines
04-22 09:50:43.356  2309  2390 D CachedBluetoothDevice: Device name: ImpnWDRbye0AAAAAAAAAATE
04-22 09:50:44.584 17448 23793 I chatty  : uid=10158 com.google.android.gms.persistent expire 11 lines
04-22 09:50:44.699  8429  8429 I wpa_supplicant: TDLS: Failed to send message (action_code=14)
04-22 09:50:44.724  1741  2042 D BatteryService: uevent={POWER_SUPPLY_DP_DM=0, POWER_SUPPLY_VOLTAGE_NOW=3958332, POWER_SUPPLY_SW_JEITA_ENABLED=0, POWER_SUPPLY_CHARGE_CONTROL_LIMIT_MAX=8, POWER_SUPPLY_RECHARGE_SOC=99, POWER_SUPPLY_HEALTH=Good, POWER_SUPPLY_TECHNOLOGY=Li-ion, POWER_SUPPLY_FCC_STEPPER_ENABLE=0, SEQNUM=569029, POWER_SUPPLY_INPUT_CURRENT_LIMITED=0, POWER_SUPPLY_CHARGE_CONTROL_LIMIT=0, POWER_SUPPLY_BATTERY_CHARGING_ENABLED=1, POWER_SUPPLY_STATUS=Discharging, POWER_SUPPLY_CYCLE_COUNT=4, POWER_SUPPLY_CURRENT_MAX=2000000, POWER_SUPPLY_CHARGE_TERM_CURRENT=-101, POWER_SUPPLY_CAPACITY=68, DEVPATH=/devices/platform/soc/200f000.qcom,spmi/spmi-0/spmi0-02/200f000.qcom,spmi:qcom,pmi632@2:qcom,qpnp-smb5/power_supply/battery, POWER_SUPPLY_CHARGE_DONE=0, POWER_SUPPLY_CHARGE_TYPE=N/A, POWER_SUPPLY_CHARGE_RATE=None, POWER_SUPPLY_CURRENT_NOW=-279693, POWER_SUPPLY_SYSTEM_TEMP_LEVEL=0, POWER_SUPPLY_PRESENT=1, POWER_SUPPLY_PARALLEL_DISABLE=0, POWER_SUPPLY_CHARGE_FULL=3615000, SUBSYSTEM=power_supply, POWER_SUPPLY_SET_SHIP_MODE=0, POWER_SUPPLY_TEMP=216, ACTION=change, POWER_SUPPLY_RERUN_AICL=0, POWER_SUPPLY_AGE=100, POWER_SUPPLY_NAME=battery, POWER_SUPPLY_VOLTAGE_MAX=-22, POWER_SUPPLY_CONSTANT_CHARGE_CURRENT_MAX=2000000, POWER_SUPPLY_CHARGE_COUNTER=2422050, POWER_SUPPLY_STEP_CHARGING_ENABLED=0, POWER_SUPPLY_NUM_SYSTEM_TEMP_LEVELS=8, POWER_SUPPLY_DIE_HEALTH=Hot, POWER_SUPPLY_INPUT_SUSPEND=0}
04-22 09:50:44.745  2492  2492 D QtiCarrierConfigHelper: WARNING, no carrier configs on phone Id: 0
04-22 09:50:44.902 17448 23828 I chatty  : uid=10158 com.google.android.gms.persistent expire 19 lines
04-22 09:50:44.915  2291  2308 I chatty  : uid=1002(bluetooth) Binder:2291_2 expire 13 lines
04-22 09:50:45.035 23442 23442 D connectedcrossroad: onConnectionInitiated: Accepting connection
04-22 09:50:45.771  2309  2390 W BluetoothEventManager: AclStateChangedHandler: activeDevice is null
04-22 09:50:45.800  7312  7312 D MCLOG   : [MC_Service] onStartcommand()
04-22 09:50:45.807 17470 17527 I BistoWorker: bluetoothConnectionStateChanged. Action: android.bluetooth.device.action.ACL_CONNECTED
04-22 09:50:45.808 17470 17527 I BistoWorker: Ignoring non-bonded action android.bluetooth.device.action.ACL_CONNECTED for device 55:1C:BC:1A:F8:2A
04-22 09:50:45.923  1741  1773 I ActivityManager: Waited long enough for: ServiceRecord{782436 u0 com.google.android.googlequicksearchbox/com.google.android.apps.gsa.shared.util.keepalive.StandaloneKeepAlive$KeepAliveService}
04-22 09:50:46.542  3168  3168 W sugov:0 : type=1400 audit(0.0:1978): avc: denied { kill } for uid=0 capability=5 scontext=u:r:kernel:s0 tcontext=u:r:kernel:s0 tclass=capability permissive=0
04-22 09:50:46.803  2309  2309 W View    : requestLayout() improperly called by com.android.systemui.statusbar.HeadsUpStatusBarView{7a4e36e I.E...... ......I. 0,0-248,56 #7f0a01f7 app:id/heads_up_status_bar_view} during layout: running second layout pass
04-22 09:50:46.818  2309  2309 W View    : requestLayout() improperly called by com.android.systemui.statusbar.HeadsUpStatusBarView{7a4e36e I.E...... ......I. 0,0-248,56 #7f0a01f7 app:id/heads_up_status_bar_view} during layout: running second layout pass
04-22 09:50:46.847  2291  2345 I chatty  : uid=1002(bluetooth) BT Service Call expire 67 lines
04-22 09:50:46.891  2291  2608 I chatty  : uid=1002(bluetooth) btu message loo expire 35 lines
04-22 09:50:46.993 17448 19921 I chatty  : uid=10158(com.google.android.gms) Binder:17448_D expire 13 lines
04-22 09:50:47.096  8429  8429 I wpa_supplicant: TDLS: Failed to send message (action_code=14)
04-22 09:50:47.276  2291 23846 I chatty  : uid=1002(bluetooth) com.android.bluetooth expire 2 lines
04-22 09:50:47.282  2291  2574 I chatty  : uid=1002(bluetooth) BluetoothScanMa expire 20 lines
04-22 09:50:47.311  2291  2303 I chatty  : uid=1002(bluetooth) HeapTaskDaemon expire 1 line
04-22 09:50:50.136   824  8432 E WifiHAL : Received fatal event, sending alert
04-22 09:50:50.138  1741  2124 W WifiVendorHal: onDebugErrorAlert 4104
04-22 09:50:50.810 17448 23706 I chatty  : uid=10158 com.google.android.gms.persistent expire 22 lines
04-22 09:50:51.062 17448 17735 I chatty  : uid=10158(com.google.android.gms) Binder:17448_7 expire 11 lines
04-22 09:50:51.063  2291 23853 I chatty  : uid=1002(bluetooth) com.android.bluetooth expire 2 lines
04-22 09:50:51.063  2291 22414 I chatty  : uid=1002(bluetooth) Binder:2291_7 expire 12 lines
04-22 09:50:56.545     0     0 W swapper/1: type=1400 audit(0.0:1979): avc: denied { kill } for uid=0 capability=5 scontext=u:r:kernel:s0 tcontext=u:r:kernel:s0 tclass=capability permissive=0
04-22 09:50:59.525 17448 23713 I chatty  : uid=10158 com.google.android.gms.persistent expire 7 lines
04-22 09:51:00.022  2309  2309 W View    : requestLayout() improperly called by com.android.systemui.statusbar.HeadsUpStatusBarView{7a4e36e I.E...... ......I. 0,0-248,56 #7f0a01f7 app:id/heads_up_status_bar_view} during layout: running second layout pass
04-22 09:51:00.935  2929  3003 I VoiceInputManagerWrapper: VoiceInputManagerWrapper.shutdownVoiceInternal():94 shutdownVoiceInternal()
04-22 09:51:02.340 17448 23714 I chatty  : uid=10158 com.google.android.gms.persistent expire 11 lines
04-22 09:51:02.522   824  8432 E WifiHAL : Received LOG message with insufficent length: 24
04-22 09:51:02.523   824  8432 E WifiHAL : Received fatal event, sending alert
04-22 09:51:02.524  1741  2467 W WifiVendorHal: onDebugErrorAlert 4104
04-22 09:51:06.202  1741  9573 D WificondControl: Scan result ready event
04-22 09:51:06.545     0     0 W swapper/2: type=1400 audit(0.0:1980): avc: denied { kill } for uid=0 capability=5 scontext=u:r:kernel:s0 tcontext=u:r:kernel:s0 tclass=capability permissive=0
04-22 09:51:07.372 17448 23875 I chatty  : uid=10158 com.google.android.gms.persistent expire 18 lines
04-22 09:51:08.947 17448 23857 I chatty  : uid=10158 com.google.android.gms.persistent expire 9 lines
04-22 09:51:11.990 23442 23442 V data    : Payload RX: 0
04-22 09:51:11.990 23442 23442 V data    : Payload TX: 0
04-22 09:51:11.990 23442 23442 V data    : Total RX: 0
04-22 09:51:11.990 23442 23442 V data    : Total TX: 0
04-22 09:51:11.991 23442 23442 D connectedcrossroad: sendMessage: Sent message
04-22 09:51:12.011  1741  1767 I WindowManager:   SURFACE show Surface(name=EdgeBackGestureHandler0)/@0x64b3ebf on display:0: EdgeBackGestureHandler0
04-22 09:51:12.097 23442 23664 D connectedcrossroad: dataTxThread: Pulled AODV data from queue
04-22 09:51:12.600 23442 23664 D connectedcrossroad: dataTxThread: Pulled AODV data from queue
04-22 09:51:12.996 23442 23442 V data    : Payload RX: 0
04-22 09:51:12.996 23442 23442 V data    : Payload TX: 0
04-22 09:51:12.996 23442 23442 V data    : Total RX: 0
04-22 09:51:12.996 23442 23442 V data    : Total TX: 0
04-22 09:51:12.997 23442 23442 D connectedcrossroad: sendMessage: Sent message
04-22 09:51:13.102 23442 23664 D connectedcrossroad: dataTxThread: Pulled AODV data from queue
04-22 09:51:13.103 23442 23664 D connectedcrossroad: dataTxThread: Pulled AODV data from queue
04-22 09:51:13.103   824  8432 E WifiHAL : Received LOG message with insufficent length: 24
04-22 09:51:13.103   824  8432 E WifiHAL : Received fatal event, sending alert
04-22 09:51:13.105  1741  2128 W WifiVendorHal: onDebugErrorAlert 4104
04-22 09:51:13.606 23442 23664 D connectedcrossroad: dataTxThread: Pulled AODV data from queue
04-22 09:51:13.606 23442 23664 D connectedcrossroad: dataTxThread: Pulled AODV data from queue
04-22 09:51:14.003 23442 23442 V data    : Payload RX: 0
04-22 09:51:14.003 23442 23442 V data    : Payload TX: 0
04-22 09:51:14.003 23442 23442 V data    : Total RX: 0
04-22 09:51:14.003 23442 23442 V data    : Total TX: 0
04-22 09:51:14.003 23442 23442 D connectedcrossroad: sendMessage: Sent message
04-22 09:51:14.110 23442 23664 D connectedcrossroad: dataTxThread: Pulled AODV data from queue
04-22 09:51:14.110 23442 23664 I chatty  : uid=10216(com.google.location.nearby.apps.connectedcrossroad) identical 47 lines
04-22 09:51:14.110 23442 23664 D connectedcrossroad: dataTxThread: Pulled AODV data from queue
04-22 09:51:14.613 23442 23664 D connectedcrossroad: dataTxThread: Pulled AODV data from queue
04-22 09:51:14.614 23442 23664 D connectedcrossroad: dataTxThread: Pulled AODV data from queue
04-22 09:51:14.649  2291  2608 I chatty  : uid=1002(bluetooth) btu message loo expire 30 lines
04-22 09:51:14.652  2291  2645 I chatty  : uid=1002(bluetooth) btif_sock_poll expire 10 lines
04-22 09:51:14.657 17448 23828 I chatty  : uid=10158 com.google.android.gms.persistent expire 13 lines
04-22 09:51:15.008 23442 23442 V data    : Payload RX: 0
04-22 09:51:15.008 23442 23442 V data    : Payload TX: 0
04-22 09:51:15.008 23442 23442 V data    : Total RX: 0
04-22 09:51:15.009 23442 23442 V data    : Total TX: 0
04-22 09:51:15.009 23442 23442 D connectedcrossroad: sendMessage: Sent message
04-22 09:51:15.050 17448 23746 I chatty  : uid=10158 com.google.android.gms.persistent expire 3 lines
04-22 09:51:15.052 17448 20473 I chatty  : uid=10158 com.google.android.gms.persistent expire 2 lines
04-22 09:51:15.118 23442 23664 D connectedcrossroad: dataTxThread: Pulled AODV data from queue
04-22 09:51:15.119 23442 23664 D connectedcrossroad: dataTxThread: Pulled AODV data from queue
04-22 09:51:15.228  2291  2345 I chatty  : uid=1002(bluetooth) BT Service Call expire 14 lines
04-22 09:51:15.622 23442 23664 D connectedcrossroad: dataTxThread: Pulled AODV data from queue
04-22 09:51:15.623 23442 23664 D connectedcrossroad: dataTxThread: Pulled AODV data from queue
04-22 09:51:16.013 23442 23442 V data    : Payload RX: 0
04-22 09:51:16.013 23442 23442 V data    : Payload TX: 0
04-22 09:51:16.013 23442 23442 V data    : Total RX: 0
04-22 09:51:16.013 23442 23442 V data    : Total TX: 0
04-22 09:51:16.013 23442 23442 D connectedcrossroad: sendMessage: Sent message
04-22 09:51:16.124 23442 23664 D connectedcrossroad: dataTxThread: Pulled AODV data from queue
04-22 09:51:16.629 23442 23664 D connectedcrossroad: dataTxThread: Pulled AODV data from queue
04-22 09:51:17.026 23442 23442 I Choreographer: Skipped 301 frames!  The application may be doing too much work on its main thread.
04-22 09:51:17.047 23442 23505 I OpenGLRenderer: Davey! duration=5047ms; Flags=0, IntendedVsync=19907875267920, Vsync=19912891934386, OldestInputEvent=9223372036854775807, NewestInputEvent=0, HandleInputStart=19912903892085, AnimationStart=19912904021251, PerformTraversalsStart=19912905490314, DrawStart=19912907179012, SyncQueued=19912913566356, SyncStart=19912915347138, IssueDrawCommandsStart=19912915996461, SwapBuffers=19912922442659, FrameCompleted=19912924365576, DequeueBufferDuration=624000, QueueBufferDuration=944000, 
04-22 09:51:17.131 23442 23664 D connectedcrossroad: dataTxThread: Pulled AODV data from queue
04-22 09:51:19.138 23442 23664 D connectedcrossroad: dataTxThread: Pulled AODV data from queue
04-22 09:51:19.639 23442 23664 D connectedcrossroad: dataTxThread: Pulled AODV data from queue
04-22 09:51:19.640 23442 23664 D connectedcrossroad: dataTxThread: Pulled AODV data from queue
04-22 09:51:20.046 17448 23830 I chatty  : uid=10158 com.google.android.gms.persistent expire 14 lines
04-22 09:51:20.141 23442 23664 D connectedcrossroad: dataTxThread: Pulled AODV data from queue
04-22 09:51:20.142 23442 23664 D connectedcrossroad: dataTxThread: Pulled AODV data from queue
04-22 09:51:20.358  1741  3388 I WifiService: enableTdls uid=10158 enable=false
04-22 09:51:20.362  1741 29507 I WifiService: enableTdlsWithMacAddress uid=1000 enable=false
04-22 09:51:20.364 17448 23892 I chatty  : uid=10158 com.google.android.gms.persistent expire 1 line
04-22 09:51:20.643 23442 23664 D connectedcrossroad: dataTxThread: Pulled AODV data from queue
04-22 09:51:21.646 23442 23664 D connectedcrossroad: dataTxThread: Pulled AODV data from queue
04-22 09:51:21.894  8429  8429 I wpa_supplicant: TDLS: Failed to send message (action_code=14)
04-22 09:51:22.048   721  1282 D NetdFwmarkServer: Cmd 0: 0, 10158: UserP=3, fwmark=1F0065
04-22 09:51:22.055  1741  3388 I WifiService: enableTdls uid=10158 enable=true
04-22 09:51:22.059  1741 29507 I WifiService: enableTdlsWithMacAddress uid=1000 enable=true
04-22 09:51:22.061  8429  8429 I wpa_supplicant: TDLS: Failed to send message (action_code=10)
04-22 09:51:22.061  8429  8429 I wpa_supplicant: StaIface: TDLS discover failed: -1
04-22 09:51:22.147 23442 23664 D connectedcrossroad: dataTxThread: Pulled AODV data from queue
04-22 09:51:22.147 23442 23664 D connectedcrossroad: dataTxThread: Pulled AODV data from queue
04-22 09:51:22.648 23442 23664 D connectedcrossroad: dataTxThread: Pulled AODV data from queue
04-22 09:51:23.149 23442 23664 D connectedcrossroad: dataTxThread: Pulled AODV data from queue
04-22 09:51:23.290   824  8432 E WifiHAL : Received fatal event, sending alert
04-22 09:51:23.291  1741  2467 W WifiVendorHal: onDebugErrorAlert 4104
04-22 09:51:23.397 17448 23706 I chatty  : uid=10158 com.google.android.gms.persistent expire 28 lines
04-22 09:51:23.596  1741  1754 I system_server: Background concurrent copying GC freed 74831(5543KB) AllocSpace objects, 17(14MB) LOS objects, 42% free, 21MB/38MB, paused 136us total 166.252ms
04-22 09:51:23.971  8429  8429 I wpa_supplicant: TDLS: Failed to send message (action_code=14)
04-22 09:51:26.549     0     0 W swapper/3: type=1400 audit(0.0:1981): avc: denied { kill } for uid=0 capability=5 scontext=u:r:kernel:s0 tcontext=u:r:kernel:s0 tclass=capability permissive=0
04-22 09:51:29.931 17448 31717 I chatty  : uid=10158 com.google.android.gms.persistent expire 10 lines
04-22 09:51:32.070  7312  7312 D MCLOG   : [MC_Service] onStartcommand()
04-22 09:51:32.090 17470 17527 I BistoWorker: bluetoothConnectionStateChanged. Action: android.bluetooth.device.action.ACL_DISCONNECTED
04-22 09:51:32.095 17470 17527 I DeviceDetector: Not bonded or not refresh cache.
04-22 09:51:32.095 17470 17527 I BistoWorker: Not a bisto device: CC:0D:F2:75:2D:60
04-22 09:51:32.359 17448 23908 I chatty  : uid=10158 com.google.android.gms.persistent expire 18 lines
04-22 09:51:32.658  2291  2608 I chatty  : uid=1002(bluetooth) btu message loo expire 44 lines
04-22 09:51:32.664  2291 23911 I chatty  : uid=1002(bluetooth) com.android.bluetooth expire 2 lines
04-22 09:51:32.906 17448 23796 I chatty  : uid=10158 com.google.android.gms.persistent expire 25 lines
04-22 09:51:36.075  2291  2574 I chatty  : uid=1002(bluetooth) BluetoothScanMa expire 33 lines
04-22 09:51:36.109   721 23913 E ResolverController: No valid NAT64 prefix (101, <unspecified>/0)
04-22 09:51:36.115   721  1282 D NetdFwmarkServer: Cmd 0: 0, 10158: UserP=3, fwmark=1F0065
04-22 09:51:36.119  2291  2345 I chatty  : uid=1002(bluetooth) BT Service Call expire 63 lines
04-22 09:51:36.124  1741  6926 I WifiService: enableTdls uid=10158 enable=true
04-22 09:51:36.127 23442 23442 D connectedcrossroad: onEndpointFound: Connection request failure 8007: STATUS_BLUETOOTH_ERROR
04-22 09:51:36.128  1741 29507 I WifiService: enableTdlsWithMacAddress uid=1000 enable=true
04-22 09:51:36.128 17448 23714 I chatty  : uid=10158 com.google.android.gms.persistent expire 59 lines
04-22 09:51:36.131  8429  8429 I wpa_supplicant: TDLS: Failed to send message (action_code=10)
04-22 09:51:36.131  8429  8429 I wpa_supplicant: StaIface: TDLS discover failed: -1
04-22 09:51:36.132 17448 23829 I chatty  : uid=10158 com.google.android.gms.persistent expire 15 lines
04-22 09:51:36.147 23442 23442 D connectedcrossroad: onEndpointFound: Connecting to Prio
04-22 09:51:36.184 23442 23442 I connectedcrossroad: onConnectionResult: Connection successful
04-22 09:51:36.185 23442 23442 D connectedcrossroad: onConnectionResult: Neighbor added: 3VoB
04-22 09:51:36.189 23442 23442 D connectedcrossroad: onEndpointFound: Connection request failure 8003: STATUS_ALREADY_CONNECTED_TO_ENDPOINT
04-22 09:51:36.379   824  8432 E WifiHAL : Received fatal event, sending alert
04-22 09:51:36.380  1741  2128 W WifiVendorHal: onDebugErrorAlert 4104
04-22 09:51:36.552     0     0 W swapper/0: type=1400 audit(0.0:1982): avc: denied { kill } for uid=0 capability=5 scontext=u:r:kernel:s0 tcontext=u:r:kernel:s0 tclass=capability permissive=0
04-22 09:51:36.655 23442 23442 D connectedcrossroad: onConnectionInitiated: Accepting connection
04-22 09:51:36.673 23442 23442 I connectedcrossroad: onConnectionResult: Connection successful
04-22 09:51:36.673 23442 23442 D connectedcrossroad: onConnectionResult: Neighbor added: jgX4
04-22 09:51:37.091 17448 23830 I chatty  : uid=10158 com.google.android.gms.persistent expire 32 lines
04-22 09:51:37.111 23442 23442 D connectedcrossroad: onConnectionInitiated: Accepting connection
04-22 09:51:38.448 23442 23668 V perf    : Discovered neighbor: 2 (3VoB)
04-22 09:51:38.448 23442 23668 V perf    : Bytes sent: 1224, received: 612
04-22 09:51:38.448 23442 23668 D connectedcrossroad: Data collect: HELO
04-22 09:51:38.448 23442 23668 V data    : Payload RX: 0
04-22 09:51:38.448 23442 23668 V data    : Payload TX: 0
04-22 09:51:38.449 23442 23668 V data    : Total RX: 612
04-22 09:51:38.449 23442 23668 V data    : Total TX: 1224
04-22 09:51:39.007  2291 31168 I chatty  : uid=1002(bluetooth) Binder:2291_8 expire 13 lines
04-22 09:51:39.016 17448 17735 I chatty  : uid=10158(com.google.android.gms) Binder:17448_7 expire 4 lines
04-22 09:51:39.327   803  1032 W qti_sensors_hal: processReportInd: lux: 60, ch0: 166, ch1: 411
04-22 09:51:39.580   803  1032 W qti_sensors_hal: processReportInd: lux: 44, ch0: 127, ch1: 414
04-22 09:51:39.855   803  1646 W qti_sensors_hal: reportSingleEvent: NearBy 1, pData 1910,  highThd 5000
04-22 09:51:40.081   803  1032 W qti_sensors_hal: processReportInd: lux: 28, ch0: 84, ch1: 19
04-22 09:51:41.172 17470 17582 I BistoDBWrapper: Create DB
04-22 09:51:41.173  3454  3454 I BistoDBWrapper: Create DB
04-22 09:51:41.176  3454  3454 D BluetoothA2dp: Binding service...
04-22 09:51:41.186  3454  3454 I BistoRealService: onStartCommand: 0 1 Intent { act=com.google.android.apps.gsa.broadcastreceiver.SETTINGS_CHANGED cmp=com.google.android.googlequicksearchbox/com.google.android.apps.gsa.staticplugins.bisto.BistoRealService (has extras) }
04-22 09:51:41.189  3454  3454 I BistoRealService: Intent handled internally
04-22 09:51:41.189  3454  3454 D BluetoothA2dp: Proxy object connected
04-22 09:51:41.610 17448 23793 I chatty  : uid=10158 com.google.android.gms.persistent expire 12 lines
04-22 09:51:44.038 17448 31664 I chatty  : uid=10158(com.google.android.gms) Binder:17448_F expire 10 lines
04-22 09:51:44.038 17448 17464 I chatty  : uid=10158(com.google.android.gms) Binder:17448_1 expire 12 lines
04-22 09:51:44.943   803  1646 W qti_sensors_hal: reportSingleEvent: NearBy 0, pData 1370,  highThd 1756
04-22 09:51:45.165   803  1032 W qti_sensors_hal: processReportInd: lux: 112, ch0: 286, ch1: 418
04-22 09:51:46.016  2291  2608 I chatty  : uid=1002(bluetooth) btu message loo expire 12 lines
04-22 09:51:46.159  1741  2042 D BatteryService: uevent={POWER_SUPPLY_DP_DM=0, POWER_SUPPLY_VOLTAGE_NOW=3956386, POWER_SUPPLY_SW_JEITA_ENABLED=0, POWER_SUPPLY_CHARGE_CONTROL_LIMIT_MAX=8, POWER_SUPPLY_RECHARGE_SOC=99, POWER_SUPPLY_HEALTH=Good, POWER_SUPPLY_TECHNOLOGY=Li-ion, POWER_SUPPLY_FCC_STEPPER_ENABLE=0, SEQNUM=569152, POWER_SUPPLY_INPUT_CURRENT_LIMITED=0, POWER_SUPPLY_CHARGE_CONTROL_LIMIT=0, POWER_SUPPLY_BATTERY_CHARGING_ENABLED=1, POWER_SUPPLY_STATUS=Discharging, POWER_SUPPLY_CYCLE_COUNT=4, POWER_SUPPLY_CURRENT_MAX=2000000, POWER_SUPPLY_CHARGE_TERM_CURRENT=-101, POWER_SUPPLY_CAPACITY=68, DEVPATH=/devices/platform/soc/200f000.qcom,spmi/spmi-0/spmi0-02/200f000.qcom,spmi:qcom,pmi632@2:qcom,qpnp-smb5/power_supply/battery, POWER_SUPPLY_CHARGE_DONE=0, POWER_SUPPLY_CHARGE_TYPE=N/A, POWER_SUPPLY_CHARGE_RATE=None, POWER_SUPPLY_CURRENT_NOW=-263214, POWER_SUPPLY_SYSTEM_TEMP_LEVEL=0, POWER_SUPPLY_PRESENT=1, POWER_SUPPLY_PARALLEL_DISABLE=0, POWER_SUPPLY_CHARGE_FULL=3615000, SUBSYSTEM=power_supply, POWER_SUPPLY_SET_SHIP_MODE=0, POWER_SUPPLY_TEMP=217, ACTION=change, POWER_SUPPLY_RERUN_AICL=0, POWER_SUPPLY_AGE=100, POWER_SUPPLY_NAME=battery, POWER_SUPPLY_VOLTAGE_MAX=-22, POWER_SUPPLY_CONSTANT_CHARGE_CURRENT_MAX=2000000, POWER_SUPPLY_CHARGE_COUNTER=2422050, POWER_SUPPLY_STEP_CHARGING_ENABLED=0, POWER_SUPPLY_NUM_SYSTEM_TEMP_LEVELS=8, POWER_SUPPLY_DIE_HEALTH=Hot, POWER_SUPPLY_INPUT_SUSPEND=0}
04-22 09:51:46.178  2492  2492 D QtiCarrierConfigHelper: WARNING, no carrier configs on phone Id: 0
04-22 09:51:46.194 23442 23442 D connectedcrossroad: onEndpointFound: Connecting to szTK
04-22 09:51:46.219  2291  2574 I chatty  : uid=1002(bluetooth) BluetoothScanMa expire 14 lines
04-22 09:51:46.224  2291  2345 I chatty  : uid=1002(bluetooth) BT Service Call expire 11 lines
04-22 09:51:46.549     0     0 W swapper/1: type=1400 audit(0.0:1983): avc: denied { kill } for uid=0 capability=5 scontext=u:r:kernel:s0 tcontext=u:r:kernel:s0 tclass=capability permissive=0
04-22 09:51:46.613 23442 23668 D connectedcrossroad: Data collect: HELO
04-22 09:51:46.614 23442 23668 V data    : Payload RX: 0
04-22 09:51:46.614 23442 23668 V data    : Payload TX: 0
04-22 09:51:46.614 23442 23668 V data    : Total RX: 1224
04-22 09:51:46.614 23442 23668 V data    : Total TX: 6120
04-22 09:51:47.065 23442 23668 D connectedcrossroad: Data collect: HELO
04-22 09:51:47.065 23442 23668 V data    : Payload RX: 0
04-22 09:51:47.065 23442 23668 V data    : Payload TX: 0
04-22 09:51:47.066 23442 23668 V data    : Total RX: 2448
04-22 09:51:47.066 23442 23668 V data    : Total TX: 6120
04-22 09:51:47.076 23442 23668 D connectedcrossroad: Data collect: HELO
04-22 09:51:47.076 23442 23668 V data    : Payload RX: 0
04-22 09:51:47.076 23442 23668 V data    : Payload TX: 0
04-22 09:51:47.076 23442 23668 V data    : Total RX: 2448
04-22 09:51:47.076 23442 23668 V data    : Total TX: 6120
04-22 09:51:47.085 17448 23908 I chatty  : uid=10158 com.google.android.gms.persistent expire 13 lines
04-22 09:51:47.094 23442 23668 D connectedcrossroad: Data collect: HELO
04-22 09:51:47.094 23442 23668 V data    : Payload RX: 0
04-22 09:51:47.094 23442 23668 V data    : Payload TX: 0
04-22 09:51:47.094 23442 23668 V data    : Total RX: 3060
04-22 09:51:47.095 23442 23668 V data    : Total TX: 6120
04-22 09:51:47.199 17448 11335 I chatty  : uid=10158 com.google.android.gms.persistent expire 11 lines
04-22 09:51:47.345  8429  8429 I wpa_supplicant: TDLS: Failed to send message (action_code=14)
04-22 09:51:48.421 23442 23668 D connectedcrossroad: Data collect: HELO
04-22 09:51:48.422 23442 23668 V data    : Payload RX: 0
04-22 09:51:48.422 23442 23668 V data    : Payload TX: 0
04-22 09:51:48.422 23442 23668 V data    : Total RX: 3672
04-22 09:51:48.422 23442 23668 V data    : Total TX: 7344
04-22 09:51:49.605   824  8432 E WifiHAL : Received LOG message with insufficent length: 24
04-22 09:51:49.605   824  8432 E WifiHAL : Received fatal event, sending alert
04-22 09:51:49.606  1741  1782 W WifiVendorHal: onDebugErrorAlert 4104
04-22 09:51:50.384 23442 23668 D connectedcrossroad: Data collect: HELO
04-22 09:51:50.384 23442 23668 V data    : Payload RX: 0
04-22 09:51:50.384 23442 23668 V data    : Payload TX: 0
04-22 09:51:50.384 23442 23668 V data    : Total RX: 4284
04-22 09:51:50.384 23442 23668 V data    : Total TX: 8568
04-22 09:51:52.809 23442 23668 D connectedcrossroad: Data collect: HELO
04-22 09:51:52.809 23442 23668 V data    : Payload RX: 0
04-22 09:51:52.809 23442 23668 V data    : Payload TX: 0
04-22 09:51:52.809 23442 23668 V data    : Total RX: 4896
04-22 09:51:52.809 23442 23668 V data    : Total TX: 9792
04-22 09:51:53.296 17448 23706 I chatty  : uid=10158 com.google.android.gms.persistent expire 11 lines
04-22 09:51:53.301 17448 23796 I chatty  : uid=10158 com.google.android.gms.persistent expire 11 lines
04-22 09:51:54.863 17448 23828 I chatty  : uid=10158 com.google.android.gms.persistent expire 15 lines
04-22 09:51:54.898 23442 23668 D connectedcrossroad: Data collect: HELO
04-22 09:51:54.898 23442 23668 V data    : Payload RX: 0
04-22 09:51:54.899 23442 23668 V data    : Payload TX: 0
04-22 09:51:54.899 23442 23668 V data    : Total RX: 5508
04-22 09:51:54.899 23442 23668 V data    : Total TX: 11016
04-22 09:51:56.398 23442 23668 D connectedcrossroad: Data collect: HELO
04-22 09:51:56.400 23442 23668 V data    : Payload RX: 0
04-22 09:51:56.400 23442 23668 V data    : Payload TX: 0
04-22 09:51:56.400 23442 23668 V data    : Total RX: 6120
04-22 09:51:56.400 23442 23668 V data    : Total TX: 12240
04-22 09:51:56.555     0     0 W swapper/0: type=1400 audit(0.0:1984): avc: denied { kill } for uid=0 capability=5 scontext=u:r:kernel:s0 tcontext=u:r:kernel:s0 tclass=capability permissive=0
04-22 09:51:58.662 23442 23668 D connectedcrossroad: Data collect: HELO
04-22 09:51:58.663 23442 23668 V data    : Payload RX: 0
04-22 09:51:58.663 23442 23668 V data    : Payload TX: 0
04-22 09:51:58.663 23442 23668 V data    : Total RX: 6732
04-22 09:51:58.663 23442 23668 V data    : Total TX: 13464
04-22 09:51:59.533 17448 20996 I chatty  : uid=10158 com.google.android.gms.persistent expire 10 lines
04-22 09:52:00.020  2309  2309 W View    : requestLayout() improperly called by com.android.systemui.statusbar.HeadsUpStatusBarView{7a4e36e I.E...... ......I. 0,0-248,56 #7f0a01f7 app:id/heads_up_status_bar_view} during layout: running second layout pass
04-22 09:52:00.033  2291  2608 I chatty  : uid=1002(bluetooth) btu message loo expire 38 lines
04-22 09:52:00.217  2291  2345 I chatty  : uid=1002(bluetooth) BT Service Call expire 16 lines
04-22 09:52:00.220  2291 23950 I chatty  : uid=1002(bluetooth) com.android.bluetooth expire 2 lines
04-22 09:52:00.220  2291 31168 I chatty  : uid=1002(bluetooth) Binder:2291_8 expire 10 lines
04-22 09:52:00.369   824  8432 E WifiHAL : Received LOG message with insufficent length: 24
04-22 09:52:00.369   824  8432 E WifiHAL : Received fatal event, sending alert
04-22 09:52:00.371  1741  2128 W WifiVendorHal: onDebugErrorAlert 4104
04-22 09:52:01.188  3454  3454 I BistoRealService: requestDestroy
04-22 09:52:01.192  3454  3454 I BistoRealService: onDestroy
04-22 09:52:01.195  3454  3454 I BistoWiredManager: close
04-22 09:52:01.196  3454  3454 D BluetoothA2dp: Unbinding service...
04-22 09:52:01.202  3454  3454 I BistoClassicManager: close
04-22 09:52:01.973 23442 23668 D connectedcrossroad: Data collect: HELO
04-22 09:52:01.973 23442 23668 V data    : Payload RX: 0
04-22 09:52:01.973 23442 23668 V data    : Payload TX: 0
04-22 09:52:01.973 23442 23668 V data    : Total RX: 7344
04-22 09:52:01.973 23442 23668 V data    : Total TX: 15912
04-22 09:52:03.124 23442 23668 D connectedcrossroad: Data collect: HELO
04-22 09:52:03.124 23442 23668 V data    : Payload RX: 0
04-22 09:52:03.125 23442 23668 V data    : Payload TX: 0
04-22 09:52:03.125 23442 23668 V data    : Total RX: 7956
04-22 09:52:03.125 23442 23668 V data    : Total TX: 15912
04-22 09:52:04.608 23442 23668 D connectedcrossroad: Data collect: HELO
04-22 09:52:04.608 23442 23668 V data    : Payload RX: 0
04-22 09:52:04.608 23442 23668 V data    : Payload TX: 0
04-22 09:52:04.608 23442 23668 V data    : Total RX: 8568
04-22 09:52:04.608 23442 23668 V data    : Total TX: 17136
04-22 09:52:06.559     0     0 W swapper/1: type=1400 audit(0.0:1985): avc: denied { kill } for uid=0 capability=5 scontext=u:r:kernel:s0 tcontext=u:r:kernel:s0 tclass=capability permissive=0
04-22 09:52:07.312 23442 23668 D connectedcrossroad: Data collect: HELO
04-22 09:52:07.312 23442 23668 V data    : Payload RX: 0
04-22 09:52:07.312 23442 23668 V data    : Payload TX: 0
04-22 09:52:07.312 23442 23668 V data    : Total RX: 9180
04-22 09:52:07.312 23442 23668 V data    : Total TX: 19584
04-22 09:52:08.688 23442 23668 D connectedcrossroad: Data collect: HELO
04-22 09:52:08.688 23442 23668 V data    : Payload RX: 0
04-22 09:52:08.688 23442 23668 V data    : Payload TX: 0
04-22 09:52:08.688 23442 23668 V data    : Total RX: 9792
04-22 09:52:08.688 23442 23668 V data    : Total TX: 19584
04-22 09:52:10.508 23442 23668 D connectedcrossroad: Data collect: HELO
04-22 09:52:10.508 23442 23668 V data    : Payload RX: 0
04-22 09:52:10.508 23442 23668 V data    : Payload TX: 0
04-22 09:52:10.508 23442 23668 V data    : Total RX: 10404
04-22 09:52:10.508 23442 23668 V data    : Total TX: 20808
04-22 09:52:10.840  2291  2608 I chatty  : uid=1002(bluetooth) btu message loo expire 49 lines
04-22 09:52:10.847 17448 23706 I chatty  : uid=10158 com.google.android.gms.persistent expire 81 lines
04-22 09:52:10.880  2291  2345 I chatty  : uid=1002(bluetooth) BT Service Call expire 86 lines
04-22 09:52:10.915 17448 23830 I chatty  : uid=10158 com.google.android.gms.persistent expire 68 lines
04-22 09:52:10.916 23442 23442 D connectedcrossroad: onEndpointFound: Connection request failure 8007: STATUS_BLUETOOTH_ERROR
04-22 09:52:10.922 17448 23796 I chatty  : uid=10158 com.google.android.gms.persistent expire 6 lines
04-22 09:52:10.927 23442 23442 I connectedcrossroad: onConnectionResult: Connection successful
04-22 09:52:10.927 23442 23442 D connectedcrossroad: onConnectionResult: Neighbor added: Prio
04-22 09:52:10.928 17448 23828 I chatty  : uid=10158 com.google.android.gms.persistent expire 50 lines
04-22 09:52:10.938  2291  2574 I chatty  : uid=1002(bluetooth) BluetoothScanMa expire 33 lines
04-22 09:52:10.944 17448 23908 I chatty  : uid=10158 com.google.android.gms.persistent expire 30 lines
04-22 09:52:10.967 23442 23668 V perf    : Discovered neighbor: 3 (Prio)
04-22 09:52:10.968 23442 23668 V perf    : Bytes sent: 20808, received: 11628
04-22 09:52:10.968 23442 23668 D connectedcrossroad: Data collect: HELO
04-22 09:52:10.968 23442 23668 V data    : Payload RX: 0
04-22 09:52:10.968 23442 23668 V data    : Payload TX: 0
04-22 09:52:10.968 23442 23668 V data    : Total RX: 11628
04-22 09:52:10.968 23442 23668 V data    : Total TX: 20808
04-22 09:52:10.969 23442 23668 D connectedcrossroad: Data collect: HELO
04-22 09:52:10.970 23442 23668 V data    : Payload RX: 0
04-22 09:52:10.970 23442 23668 V data    : Payload TX: 0
04-22 09:52:10.970 23442 23668 V data    : Total RX: 11628
04-22 09:52:10.970 23442 23668 V data    : Total TX: 20808
04-22 09:52:10.972 23442 23668 D connectedcrossroad: Data collect: HELO
04-22 09:52:10.972 23442 23668 V data    : Payload RX: 0
04-22 09:52:10.972 23442 23668 V data    : Payload TX: 0
04-22 09:52:10.972 23442 23668 V data    : Total RX: 12852
04-22 09:52:10.972 23442 23668 V data    : Total TX: 20808
04-22 09:52:10.973 23442 23668 D connectedcrossroad: Data collect: HELO
04-22 09:52:10.973 23442 23668 V data    : Payload RX: 0
04-22 09:52:10.973 23442 23668 V data    : Payload TX: 0
04-22 09:52:10.973 23442 23668 V data    : Total RX: 13464
04-22 09:52:10.973 23442 23668 V data    : Total TX: 20808
04-22 09:52:10.975 23442 23668 D connectedcrossroad: Data collect: HELO
04-22 09:52:10.975 23442 23668 V data    : Payload RX: 0
04-22 09:52:10.975 23442 23668 V data    : Payload TX: 0
04-22 09:52:10.975 23442 23668 V data    : Total RX: 13464
04-22 09:52:10.975 23442 23668 V data    : Total TX: 20808
04-22 09:52:10.977 23442 23668 D connectedcrossroad: Data collect: HELO
04-22 09:52:10.977 23442 23668 V data    : Payload RX: 0
04-22 09:52:10.977 23442 23668 V data    : Payload TX: 0
04-22 09:52:10.977 23442 23668 V data    : Total RX: 14076
04-22 09:52:10.977 23442 23668 V data    : Total TX: 20808
04-22 09:52:11.920   824  8432 E WifiHAL : Received LOG message with insufficent length: 24
04-22 09:52:11.920   824  8432 E WifiHAL : Received fatal event, sending alert
04-22 09:52:11.922  1741  1782 W WifiVendorHal: onDebugErrorAlert 4104
04-22 09:52:12.013 23442 23668 D connectedcrossroad: Data collect: HELO
04-22 09:52:12.013 23442 23668 V data    : Payload RX: 0
04-22 09:52:12.013 23442 23668 V data    : Payload TX: 0
04-22 09:52:12.013 23442 23668 V data    : Total RX: 14688
04-22 09:52:12.013 23442 23668 V data    : Total TX: 22644
04-22 09:52:12.200  1741  1754 I system_server: Background concurrent copying GC freed 70976(5272KB) AllocSpace objects, 15(14MB) LOS objects, 42% free, 21MB/37MB, paused 129us total 156.907ms
04-22 09:52:12.982  8429  8429 I wpa_supplicant: TDLS: Failed to send message (action_code=14)
04-22 09:52:13.164 23442 23668 D connectedcrossroad: Data collect: HELO
04-22 09:52:13.165 23442 23668 V data    : Payload RX: 0
04-22 09:52:13.165 23442 23668 V data    : Payload TX: 0
04-22 09:52:13.165 23442 23668 V data    : Total RX: 15300
04-22 09:52:13.165 23442 23668 V data    : Total TX: 22644
04-22 09:52:14.347 23442 23668 D connectedcrossroad: Data collect: HELO
04-22 09:52:14.347 23442 23668 V data    : Payload RX: 0
04-22 09:52:14.347 23442 23668 V data    : Payload TX: 0
04-22 09:52:14.347 23442 23668 V data    : Total RX: 15912
04-22 09:52:14.347 23442 23668 V data    : Total TX: 24480
04-22 09:52:14.775 23442 23668 D connectedcrossroad: Data collect: HELO
04-22 09:52:14.775 23442 23668 V data    : Payload RX: 0
04-22 09:52:14.776 23442 23668 V data    : Payload TX: 0
04-22 09:52:14.776 23442 23668 V data    : Total RX: 16524
04-22 09:52:14.776 23442 23668 V data    : Total TX: 24480
04-22 09:52:16.122 23442 23668 D connectedcrossroad: Data collect: HELO
04-22 09:52:16.122 23442 23668 V data    : Payload RX: 0
04-22 09:52:16.122 23442 23668 V data    : Payload TX: 0
04-22 09:52:16.122 23442 23668 V data    : Total RX: 17136
04-22 09:52:16.122 23442 23668 V data    : Total TX: 26316
04-22 09:52:16.555     0     0 W swapper/0: type=1400 audit(0.0:1986): avc: denied { kill } for uid=0 capability=5 scontext=u:r:kernel:s0 tcontext=u:r:kernel:s0 tclass=capability permissive=0
04-22 09:52:16.562 23442 23668 D connectedcrossroad: Data collect: HELO
04-22 09:52:16.562 23442 23668 V data    : Payload RX: 0
04-22 09:52:16.562 23442 23668 V data    : Payload TX: 0
04-22 09:52:16.562 23442 23668 V data    : Total RX: 17748
04-22 09:52:16.562 23442 23668 V data    : Total TX: 26316
04-22 09:52:17.289 17448 23960 I chatty  : uid=10158 com.google.android.gms.persistent expire 18 lines
04-22 09:52:17.302 17448 23961 I chatty  : uid=10158 com.google.android.gms.persistent expire 45 lines
04-22 09:52:17.350  2291 22414 I chatty  : uid=1002(bluetooth) Binder:2291_7 expire 10 lines
04-22 09:52:17.353 17448 31664 I chatty  : uid=10158(com.google.android.gms) Binder:17448_F expire 11 lines
04-22 09:52:17.355  2291  2318 I chatty  : uid=1002(bluetooth) Binder:2291_4 expire 10 lines
04-22 09:52:17.360  2291 23962 I chatty  : uid=1002(bluetooth) com.android.bluetooth expire 2 lines
04-22 09:52:17.365  8429  8429 I wpa_supplicant: TDLS: Failed to send message (action_code=14)
04-22 09:52:17.382 23442 23668 D connectedcrossroad: Data collect: HELO
04-22 09:52:17.382 23442 23668 V data    : Payload RX: 0
04-22 09:52:17.382 23442 23668 V data    : Payload TX: 0
04-22 09:52:17.382 23442 23668 V data    : Total RX: 18360
04-22 09:52:17.382 23442 23668 V data    : Total TX: 28152
04-22 09:52:18.388   721  2383 I netd    : trafficSwapActiveStatsMap() <13.28ms>
04-22 09:52:18.397   721  2383 I netd    : tetherGetStats() <3.84ms>
04-22 09:52:18.473   721  2383 I netd    : bandwidthSetGlobalAlert(2097152) <0.41ms>
04-22 09:52:18.809 23442 23668 D connectedcrossroad: Data collect: HELO
04-22 09:52:18.809 23442 23668 V data    : Payload RX: 0
04-22 09:52:18.809 23442 23668 V data    : Payload TX: 0
04-22 09:52:18.810 23442 23668 V data    : Total RX: 18972
04-22 09:52:18.810 23442 23668 V data    : Total TX: 28152
04-22 09:52:19.572 23442 23668 D connectedcrossroad: Data collect: HELO
04-22 09:52:19.573 23442 23668 V data    : Payload RX: 0
04-22 09:52:19.573 23442 23668 V data    : Payload TX: 0
04-22 09:52:19.573 23442 23668 V data    : Total RX: 19584
04-22 09:52:19.573 23442 23668 V data    : Total TX: 29988
04-22 09:52:20.164 17448 31717 I chatty  : uid=10158 com.google.android.gms.persistent expire 23 lines
04-22 09:52:20.249 17448 17464 I chatty  : uid=10158(com.google.android.gms) Binder:17448_1 expire 11 lines
04-22 09:52:21.201 23442 23668 D connectedcrossroad: Data collect: HELO
04-22 09:52:21.202 23442 23668 V data    : Payload RX: 0
04-22 09:52:21.202 23442 23668 V data    : Payload TX: 0
04-22 09:52:21.202 23442 23668 V data    : Total RX: 20196
04-22 09:52:21.202 23442 23668 V data    : Total TX: 29988
04-22 09:52:21.969 23442 23668 D connectedcrossroad: Data collect: HELO
04-22 09:52:21.969 23442 23668 V data    : Payload RX: 0
04-22 09:52:21.969 23442 23668 V data    : Payload TX: 0
04-22 09:52:21.969 23442 23668 V data    : Total RX: 20808
04-22 09:52:21.969 23442 23668 V data    : Total TX: 31824
04-22 09:52:22.551 23442 23668 D connectedcrossroad: Data collect: HELO
04-22 09:52:22.551 23442 23668 V data    : Payload RX: 0
04-22 09:52:22.551 23442 23668 V data    : Payload TX: 0
04-22 09:52:22.551 23442 23668 V data    : Total RX: 21420
04-22 09:52:22.551 23442 23668 V data    : Total TX: 31824
04-22 09:52:23.083  1741 11671 D WificondControl: Scan result ready event
04-22 09:52:23.913 23442 23668 D connectedcrossroad: Data collect: HELO
04-22 09:52:23.914 23442 23668 V data    : Payload RX: 0
04-22 09:52:23.914 23442 23668 V data    : Payload TX: 0
04-22 09:52:23.914 23442 23668 V data    : Total RX: 22032
04-22 09:52:23.915 23442 23668 V data    : Total TX: 33660
04-22 09:52:24.635 23442 23668 D connectedcrossroad: Data collect: HELO
04-22 09:52:24.636 23442 23668 V data    : Payload RX: 0
04-22 09:52:24.636 23442 23668 V data    : Payload TX: 0
04-22 09:52:24.636 23442 23668 V data    : Total RX: 22644
04-22 09:52:24.636 23442 23668 V data    : Total TX: 33660
04-22 09:52:25.107 23442 23668 D connectedcrossroad: Data collect: HELO
04-22 09:52:25.108 23442 23668 V data    : Payload RX: 0
04-22 09:52:25.108 23442 23668 V data    : Payload TX: 0
04-22 09:52:25.108 23442 23668 V data    : Total RX: 23256
04-22 09:52:25.108 23442 23668 V data    : Total TX: 33660
04-22 09:52:25.262 17448 23908 I chatty  : uid=10158 com.google.android.gms.persistent expire 47 lines
04-22 09:52:25.266 17448 23830 I chatty  : uid=10158 com.google.android.gms.persistent expire 50 lines
04-22 09:52:25.270  2291  2608 I chatty  : uid=1002(bluetooth) btu message loo expire 39 lines
04-22 09:52:25.271  2291  2345 I chatty  : uid=1002(bluetooth) BT Service Call expire 50 lines
04-22 09:52:25.272  2291  2308 I chatty  : uid=1002(bluetooth) Binder:2291_2 expire 12 lines
04-22 09:52:25.275  2291  2574 I chatty  : uid=1002(bluetooth) BluetoothScanMa expire 21 lines
04-22 09:52:26.559     0     0 W swapper/3: type=1400 audit(0.0:1987): avc: denied { kill } for uid=0 capability=5 scontext=u:r:kernel:s0 tcontext=u:r:kernel:s0 tclass=capability permissive=0
04-22 09:52:27.035 23442 23668 D connectedcrossroad: Data collect: HELO
04-22 09:52:27.035 23442 23668 V data    : Payload RX: 0
04-22 09:52:27.035 23442 23668 V data    : Payload TX: 0
04-22 09:52:27.036 23442 23668 V data    : Total RX: 24480
04-22 09:52:27.036 23442 23668 V data    : Total TX: 35496
04-22 09:52:27.042 23442 23668 D connectedcrossroad: Data collect: HELO
04-22 09:52:27.042 23442 23668 V data    : Payload RX: 0
04-22 09:52:27.042 23442 23668 V data    : Payload TX: 0
04-22 09:52:27.042 23442 23668 V data    : Total RX: 24480
04-22 09:52:27.043 23442 23668 V data    : Total TX: 35496
04-22 09:52:28.361   824  8432 E WifiHAL : Received LOG message with insufficent length: 24
04-22 09:52:28.361   824  8432 E WifiHAL : Received fatal event, sending alert
04-22 09:52:28.363  1741  1782 W WifiVendorHal: onDebugErrorAlert 4104
04-22 09:52:29.145 23442 23668 D connectedcrossroad: Data collect: HELO
04-22 09:52:29.145 23442 23668 V data    : Payload RX: 0
04-22 09:52:29.145 23442 23668 V data    : Payload TX: 0
04-22 09:52:29.145 23442 23668 V data    : Total RX: 25092
04-22 09:52:29.145 23442 23668 V data    : Total TX: 37332
04-22 09:52:29.914 23442 23668 D connectedcrossroad: Data collect: HELO
04-22 09:52:29.914 23442 23668 V data    : Payload RX: 0
04-22 09:52:29.914 23442 23668 V data    : Payload TX: 0
04-22 09:52:29.914 23442 23668 V data    : Total RX: 25704
04-22 09:52:29.914 23442 23668 V data    : Total TX: 39168
04-22 09:52:31.274 23442 23668 D connectedcrossroad: Data collect: HELO
04-22 09:52:31.275 23442 23668 V data    : Payload RX: 0
04-22 09:52:31.275 23442 23668 V data    : Payload TX: 0
04-22 09:52:31.275 23442 23668 V data    : Total RX: 26316
04-22 09:52:31.275 23442 23668 V data    : Total TX: 39168
04-22 09:52:31.288 23442 23668 D connectedcrossroad: Data collect: HELO
04-22 09:52:31.288 23442 23668 V data    : Payload RX: 0
04-22 09:52:31.288 23442 23668 V data    : Payload TX: 0
04-22 09:52:31.288 23442 23668 V data    : Total RX: 26928
04-22 09:52:31.289 23442 23668 V data    : Total TX: 39168
04-22 09:52:33.389 23442 23668 D connectedcrossroad: Data collect: HELO
04-22 09:52:33.389 23442 23668 V data    : Payload RX: 0
04-22 09:52:33.389 23442 23668 V data    : Payload TX: 0
04-22 09:52:33.389 23442 23668 V data    : Total RX: 27540
04-22 09:52:33.389 23442 23668 V data    : Total TX: 42840
04-22 09:52:33.687 23442 23668 D connectedcrossroad: Data collect: HELO
04-22 09:52:33.688 23442 23668 V data    : Payload RX: 0
04-22 09:52:33.688 23442 23668 V data    : Payload TX: 0
04-22 09:52:33.688 23442 23668 V data    : Total RX: 28152
04-22 09:52:33.688 23442 23668 V data    : Total TX: 42840
04-22 09:52:35.033 17448 23968 I chatty  : uid=10158 com.google.android.gms.persistent expire 38 lines
04-22 09:52:35.043 23442 23668 D connectedcrossroad: Data collect: HELO
04-22 09:52:35.043 23442 23668 V data    : Payload RX: 0
04-22 09:52:35.043 23442 23668 V data    : Payload TX: 0
04-22 09:52:35.045 23442 23668 V data    : Total RX: 29376
04-22 09:52:35.045 23442 23668 V data    : Total TX: 42840
04-22 09:52:35.051 23442 23668 D connectedcrossroad: Data collect: HELO
04-22 09:52:35.051 23442 23668 V data    : Payload RX: 0
04-22 09:52:35.052 23442 23668 V data    : Payload TX: 0
04-22 09:52:35.052 23442 23668 V data    : Total RX: 29376
04-22 09:52:35.052 23442 23668 V data    : Total TX: 42840
04-22 09:52:35.403 17448 23972 I chatty  : uid=10158 com.google.android.gms.persistent expire 19 lines
04-22 09:52:35.952 22841 22911 I PlayCommon: [2651] bbeo.h(22): Preparing logs for uploading
04-22 09:52:35.967 22841 22911 W PlayCommon: [2651] bbeo.m(1): No account for auth token provided
04-22 09:52:35.970 22841 22911 I PlayCommon: [2651] bbeo.h(167): Connecting to server: https://play.googleapis.com/play/log?format=raw&proto_v2=true
04-22 09:52:36.502   721 23975 E ResolverController: No valid NAT64 prefix (101, <unspecified>/0)
04-22 09:52:36.553 22928 22997 I PlayCommon: [2641] bbeo.h(22): Preparing logs for uploading
04-22 09:52:36.559     0     0 W swapper/0: type=1400 audit(0.0:1988): avc: denied { kill } for uid=0 capability=5 scontext=u:r:kernel:s0 tcontext=u:r:kernel:s0 tclass=capability permissive=0
04-22 09:52:36.593 22928 22997 I PlayCommon: [2641] bbeo.h(133): Connecting to server for timestamp: https://play.googleapis.com/play/log/timestamp
04-22 09:52:36.625 22928 22997 D NetworkSecurityConfig: No Network Security Config specified, using platform default
04-22 09:52:36.630   721 23979 E ResolverController: No valid NAT64 prefix (101, <unspecified>/0)
04-22 09:52:37.426 23442 23668 D connectedcrossroad: Data collect: HELO
04-22 09:52:37.426 23442 23668 V data    : Payload RX: 0
04-22 09:52:37.427 23442 23668 V data    : Payload TX: 0
04-22 09:52:37.427 23442 23668 V data    : Total RX: 29988
04-22 09:52:37.427 23442 23668 V data    : Total TX: 46512
04-22 09:52:37.703 23442 23668 D connectedcrossroad: Data collect: HELO
04-22 09:52:37.703 23442 23668 V data    : Payload RX: 0
04-22 09:52:37.703 23442 23668 V data    : Payload TX: 0
04-22 09:52:37.703 23442 23668 V data    : Total RX: 30600
04-22 09:52:37.704 23442 23668 V data    : Total TX: 46512
04-22 09:52:38.926  2291  2608 I chatty  : uid=1002(bluetooth) btu message loo expire 61 lines
04-22 09:52:38.927  2291  2345 I chatty  : uid=1002(bluetooth) BT Service Call expire 58 lines
04-22 09:52:38.947  2291  2574 I chatty  : uid=1002(bluetooth) BluetoothScanMa expire 19 lines
04-22 09:52:38.988 17448 23961 I chatty  : uid=10158 com.google.android.gms.persistent expire 33 lines
04-22 09:52:38.998 23442 23668 D connectedcrossroad: Data collect: HELO
04-22 09:52:38.998 23442 23668 V data    : Payload RX: 0
04-22 09:52:38.998 23442 23668 V data    : Payload TX: 0
04-22 09:52:38.999 23442 23668 V data    : Total RX: 31212
04-22 09:52:38.999 23442 23668 V data    : Total TX: 46512
04-22 09:52:39.170   824  8432 E WifiHAL : Received LOG message with insufficent length: 24
04-22 09:52:39.171   824  8432 E WifiHAL : Received fatal event, sending alert
04-22 09:52:39.172  1741  2128 W WifiVendorHal: onDebugErrorAlert 4104
04-22 09:52:39.306 22841 22911 I PlayCommon: [2651] bbeo.h(199): Successfully uploaded logs.
04-22 09:52:39.313 22928 22997 W PlayCommon: [2641] bbeo.m(1): No account for auth token provided
04-22 09:52:39.313 22928 22997 I PlayCommon: [2641] bbeo.h(167): Connecting to server: https://play.googleapis.com/play/log?format=raw&proto_v2=true
04-22 09:52:39.434 17448 23908 I chatty  : uid=10158 com.google.android.gms.persistent expire 35 lines
04-22 09:52:40.208 22928 22997 I PlayCommon: [2641] bbeo.h(199): Successfully uploaded logs.
04-22 09:52:40.682 23442 23668 D connectedcrossroad: Data collect: HELO
04-22 09:52:40.683 23442 23668 V data    : Payload RX: 0
04-22 09:52:40.683 23442 23668 V data    : Payload TX: 0
04-22 09:52:40.683 23442 23668 V data    : Total RX: 31824
04-22 09:52:40.683 23442 23668 V data    : Total TX: 48348
04-22 09:52:40.822 23442 23668 D connectedcrossroad: Data collect: HELO
04-22 09:52:40.823 23442 23668 V data    : Payload RX: 0
04-22 09:52:40.823 23442 23668 V data    : Payload TX: 0
04-22 09:52:40.823 23442 23668 V data    : Total RX: 32436
04-22 09:52:40.823 23442 23668 V data    : Total TX: 48348
04-22 09:52:40.972 23442 23668 D connectedcrossroad: Data collect: HELO
04-22 09:52:40.972 23442 23668 V data    : Payload RX: 0
04-22 09:52:40.972 23442 23668 V data    : Payload TX: 0
04-22 09:52:40.972 23442 23668 V data    : Total RX: 33048
04-22 09:52:40.972 23442 23668 V data    : Total TX: 48348
04-22 09:52:41.720 17448 23793 I chatty  : uid=10158 com.google.android.gms.persistent expire 26 lines
04-22 09:52:42.635 17448 11335 I chatty  : uid=10158 com.google.android.gms.persistent expire 5 lines
04-22 09:52:43.237 23442 23668 D connectedcrossroad: Data collect: HELO
04-22 09:52:43.238 23442 23668 V data    : Payload RX: 0
04-22 09:52:43.238 23442 23668 V data    : Payload TX: 0
04-22 09:52:43.238 23442 23668 V data    : Total RX: 33660
04-22 09:52:43.238 23442 23668 V data    : Total TX: 50184
04-22 09:52:43.692 23442 23668 D connectedcrossroad: Data collect: HELO
04-22 09:52:43.693 23442 23668 V data    : Payload RX: 0
04-22 09:52:43.693 23442 23668 V data    : Payload TX: 0
04-22 09:52:43.693 23442 23668 V data    : Total RX: 34272
04-22 09:52:43.693 23442 23668 V data    : Total TX: 52020
04-22 09:52:45.315   803  1032 W qti_sensors_hal: processReportInd: lux: 71, ch0: 191, ch1: 416
04-22 09:52:45.439   803  1032 W qti_sensors_hal: processReportInd: lux: 50, ch0: 138, ch1: 414
04-22 09:52:45.565   803  1032 W qti_sensors_hal: processReportInd: lux: 37, ch0: 109, ch1: 411
04-22 09:52:45.592   803  1646 W qti_sensors_hal: reportSingleEvent: NearBy 1, pData 2279,  highThd 5000
04-22 09:52:45.940   803  1032 W qti_sensors_hal: processReportInd: lux: 20, ch0: 64, ch1: 19
04-22 09:52:45.964 23442 23668 D connectedcrossroad: Data collect: HELO
04-22 09:52:45.964 23442 23668 V data    : Payload RX: 0
04-22 09:52:45.965 23442 23668 V data    : Payload TX: 0
04-22 09:52:45.965 23442 23668 V data    : Total RX: 34884
04-22 09:52:45.965 23442 23668 V data    : Total TX: 53856
04-22 09:52:46.565     0     0 W swapper/1: type=1400 audit(0.0:1989): avc: denied { kill } for uid=0 capability=5 scontext=u:r:kernel:s0 tcontext=u:r:kernel:s0 tclass=capability permissive=0
