04-22 09:47:26.817  1741  1787 I PackageManager: Un-granting permission android.permission.WRITE_MEDIA_STORAGE from package com.google.android.apps.photos (protectionLevel=18 flags=0x38d9be45)
04-22 09:47:26.820  1741  1787 I PackageManager: Un-granting permission android.permission.CONNECTIVITY_INTERNAL from package com.google.android.wfcactivation (protectionLevel=18 flags=0x3888be45)
04-22 09:47:26.820  1741  1787 I PackageManager: Un-granting permission android.permission.READ_LOGS from package com.google.android.wfcactivation (protectionLevel=50 flags=0x3888be45)
04-22 09:47:26.820  1741  1787 I PackageManager: Un-granting permission android.permission.WRITE_APN_SETTINGS from package com.google.android.wfcactivation (protectionLevel=18 flags=0x3888be45)
04-22 09:47:26.820  1741  1787 I PackageManager: Un-granting permission android.permission.WRITE_SECURE_SETTINGS from package com.LogiaGroup.LogiaDeck (protectionLevel=50 flags=0x38483e45)
04-22 09:47:26.822  1741  1787 I PackageManager: Un-granting permission android.permission.READ_WALLPAPER_INTERNAL from package com.google.android.apps.wallpaper (protectionLevel=18 flags=0x20cbbe45)
04-22 09:47:26.827  1741  1787 I PackageManager: Un-granting permission android.permission.SEND_DOWNLOAD_COMPLETED_INTENTS from package com.android.vending (protectionLevel=2 flags=0x284abec5)
04-22 09:47:26.846   722   722 I Zygote  : Process 21973 exited due to signal 9 (Killed)
04-22 09:47:26.847  1741  2501 D ConnectivityService: ConnectivityService NetworkRequestInfo binderDied(NetworkRequest [ TRACK_DEFAULT id=159, [ Capabilities: INTERNET&NOT_RESTRICTED&TRUSTED Uid: 10120] ], android.os.BinderProxy@ac076c4)
04-22 09:47:26.847  1741  2247 D ConnectivityService: releasing NetworkRequest [ TRACK_DEFAULT id=159, [ Capabilities: INTERNET&NOT_RESTRICTED&TRUSTED Uid: 10120] ] (release request)
04-22 09:47:26.849   722   722 I Zygote  : Process 22271 exited due to signal 9 (Killed)
04-22 09:47:26.849   722   722 I Zygote  : Process 22376 exited due to signal 9 (Killed)
04-22 09:47:26.852  1741  1775 I libprocessgroup: Successfully killed process cgroup uid 10120 pid 22271 in 61ms
04-22 09:47:26.852  1741  1775 I libprocessgroup: Successfully killed process cgroup uid 10120 pid 22376 in 0ms
04-22 09:47:26.852  1741  1775 I libprocessgroup: Successfully killed process cgroup uid 10120 pid 21973 in 0ms
04-22 09:47:26.923  1741  1741 W Looper  : Slow dispatch took 119ms main h=com.android.server.job.JobSchedulerService$JobHandler c=null m=1
04-22 09:47:26.944  1741  1787 I PackageManager.DexOptimizer: Running dexopt (dexoptNeeded=1) on: /data/app/com.android.vending-xd444TeXp6ScZsgb7SxcLw==/base.apk pkg=com.android.vending isa=arm dexoptFlags=boot_complete,profile_guided,public,enable_hidden_api_checks targetFilter=speed-profile oatDir=/data/app/com.android.vending-xd444TeXp6ScZsgb7SxcLw==/oat classLoaderContext=PCL[]{PCL[/system/framework/org.apache.http.legacy.jar]}
04-22 09:47:26.944   966  1051 V installd: DexInv: --- BEGIN '/data/app/com.android.vending-xd444TeXp6ScZsgb7SxcLw==/base.apk' ---
04-22 09:47:26.989  1741  2392 D ConnectivityService: ConnectivityService NetworkRequestInfo binderDied(NetworkRequest [ LISTEN id=158, [ Capabilities: INTERNET&NOT_RESTRICTED&TRUSTED Uid: 10120] ], android.os.BinderProxy@cd184ea)
04-22 09:47:26.990  1741  3613 D ConnectivityService: ConnectivityService NetworkRequestInfo binderDied(NetworkRequest [ TRACK_DEFAULT id=157, [ Capabilities: INTERNET&NOT_RESTRICTED&TRUSTED Uid: 10120] ], android.os.BinderProxy@2b113db)
04-22 09:47:26.990  1741  2247 D ConnectivityService: releasing NetworkRequest [ TRACK_DEFAULT id=157, [ Capabilities: INTERNET&NOT_RESTRICTED&TRUSTED Uid: 10120] ] (release request)
04-22 09:47:27.188 22768 22768 I dex2oat : /apex/com.android.runtime/bin/dex2oat --input-vdex-fd=-1 --output-vdex-fd=11 --resolve-startup-const-strings=true --max-image-block-size=524288 --compiler-filter=speed-profile -j6 --classpath-dir=/data/app/com.android.vending-xd444TeXp6ScZsgb7SxcLw== --class-loader-context=PCL[]{PCL[/system/framework/org.apache.http.legacy.jar]} --generate-mini-debug-info --compact-dex-level=none --compilation-reason=install
04-22 09:47:27.207 22768 22768 I dex2oat : setting boot class path to /apex/com.android.runtime/javalib/core-oj.jar:/apex/com.android.runtime/javalib/core-libart.jar:/apex/com.android.runtime/javalib/okhttp.jar:/apex/com.android.runtime/javalib/bouncycastle.jar:/apex/com.android.runtime/javalib/apache-xml.jar:/system/framework/QPerformance.jar:/system/framework/UxPerformance.jar:/system/framework/tcmiface.jar:/system/framework/telephony-ext.jar:/system/framework/qcom.fmradio.jar:/system/framework/framework.jar:/system/framework/ext.jar:/system/framework/telephony-common.jar:/system/framework/voip-common.jar:/system/framework/ims-common.jar:/system/framework/android.test.base.jar
04-22 09:47:27.212 22768 22768 W dex2oat : Could not reserve sentinel fault page
04-22 09:47:29.088 22768 22768 I dex2oat : Large app, accepted running with swap.
04-22 09:47:30.420 22768 22768 W dex2oat : Accessing hidden method Landroid/text/StaticLayout;-><init>(Ljava/lang/CharSequence;IILandroid/text/TextPaint;ILandroid/text/Layout$Alignment;Landroid/text/TextDirectionHeuristic;FFZLandroid/text/TextUtils$TruncateAt;II)V (greylist-max-p, linking, denied)
04-22 09:47:30.479 21351  2362 W Binder  : reply too large data on java level: InterfaceDescriptor = null, code = 46
04-22 09:47:30.479 21892 21928 E JavaBinder: !!! FAILED BINDER TRANSACTION !!!  (parcel size = 696)
04-22 09:47:30.480 21892 21928 W GmsClient: IGmsServiceBroker.getService failed
04-22 09:47:30.480 21892 21928 W GmsClient: android.os.DeadObjectException: Transaction failed on small parcel; remote process probably died
04-22 09:47:30.480 21892 21928 W GmsClient: 	at android.os.BinderProxy.transactNative(Native Method)
04-22 09:47:30.480 21892 21928 W GmsClient: 	at android.os.BinderProxy.transact(BinderProxy.java:511)
04-22 09:47:30.480 21892 21928 W GmsClient: 	at qgo.getService(PG:10)
04-22 09:47:30.480 21892 21928 W GmsClient: 	at com.google.android.gms.common.internal.BaseGmsClient.a(PG:107)
04-22 09:47:30.480 21892 21928 W GmsClient: 	at qcy.run(PG:8)
04-22 09:47:30.480 21892 21928 W GmsClient: 	at android.os.Handler.handleCallback(Handler.java:883)
04-22 09:47:30.480 21892 21928 W GmsClient: 	at android.os.Handler.dispatchMessage(Handler.java:100)
04-22 09:47:30.480 21892 21928 W GmsClient: 	at qtd.a(PG:5)
04-22 09:47:30.480 21892 21928 W GmsClient: 	at qtd.dispatchMessage(PG:4)
04-22 09:47:30.480 21892 21928 W GmsClient: 	at android.os.Looper.loop(Looper.java:241)
04-22 09:47:30.480 21892 21928 W GmsClient: 	at android.os.HandlerThread.run(HandlerThread.java:67)
04-22 09:47:30.782 22768 22771 W dex2oat : Accessing hidden method Landroid/view/WindowInsets;->getInsets(I)Landroid/graphics/Insets; (blacklist, linking, denied)
04-22 09:47:30.782 22768 22771 W dex2oat : Accessing hidden method Landroid/view/WindowInsets;->getInsets(I)Landroid/graphics/Insets; (blacklist, linking, denied)
04-22 09:47:30.783 22768 22771 W dex2oat : Accessing hidden method Landroid/view/WindowInsets$Type;->tappableElement()I (blacklist, linking, denied)
04-22 09:47:30.783 22768 22771 W dex2oat : Accessing hidden method Landroid/view/WindowInsets$Type;->mandatorySystemGestures()I (blacklist, linking, denied)
04-22 09:47:30.783 22768 22771 W dex2oat : Accessing hidden method Landroid/view/WindowInsets$Type;->systemGestures()I (blacklist, linking, denied)
04-22 09:47:30.783 22768 22771 W dex2oat : Accessing hidden method Landroid/view/WindowInsets$Type;->ime()I (blacklist, linking, denied)
04-22 09:47:30.855 22768 22775 W dex2oat : Accessing hidden method Landroid/view/View;->getWindowInsetsController()Landroid/view/WindowInsetsController; (blacklist, linking, denied)
04-22 09:47:30.855 22768 22775 W dex2oat : Accessing hidden method Landroid/view/WindowInsets$Type;->ime()I (blacklist, linking, denied)
04-22 09:47:30.855 22768 22775 W dex2oat : Accessing hidden method Landroid/view/WindowInsetsController;->show(I)V (blacklist, linking, denied)
04-22 09:47:31.042 22768 22773 W dex2oat : Accessing hidden method Landroid/system/ErrnoException;->rethrowAsIOException()Ljava/io/IOException; (greylist-max-o,core-platform-api, linking, denied)
04-22 09:47:31.042 22768 22768 W dex2oat : Accessing hidden method Landroid/system/ErrnoException;->rethrowAsIOException()Ljava/io/IOException; (greylist-max-o,core-platform-api, linking, denied)
04-22 09:47:31.042 22768 22775 W dex2oat : Accessing hidden method Landroid/system/ErrnoException;->rethrowAsIOException()Ljava/io/IOException; (greylist-max-o,core-platform-api, linking, denied)
04-22 09:47:31.042 22768 22775 I chatty  : uid=50120(com.android.vending) identical 2 lines
04-22 09:47:31.042 22768 22775 W dex2oat : Accessing hidden method Landroid/system/ErrnoException;->rethrowAsIOException()Ljava/io/IOException; (greylist-max-o,core-platform-api, linking, denied)
04-22 09:47:33.234   721  1282 D NetdFwmarkServer: Cmd 0: 0, 2000: UserP=3, fwmark=1F0065
04-22 09:47:33.235 19664 22777 I adbd    : host-17: read thread spawning
04-22 09:47:33.236 19664 22778 I adbd    : host-17: write thread spawning
04-22 09:47:33.236 19664 19664 I adbd    : host-17: already offline
04-22 09:47:33.236 19664 19664 I adbd    : Calling send_auth_request...
04-22 09:47:33.257 19664 19664 I adbd    : Loading keys from /data/misc/adb/adb_keys
04-22 09:47:33.267 19664 19664 I adbd    : adb client authorized
04-22 09:47:33.268  1741 16178 D AdbDebuggingManager: Received connected key message: QAAAAJsW1zttIEjF5aAph24UgOsxA5TDFtz8W8aeC5bPPKzhlmSYcWe9qESzFYTCsXj+XD8sqv4bHOO59U8o0HvLhZjbXS+GZv0u71u5B1lIFGNLzdtQ34R2WNUHxS8hUelJiT5SCYnfHilVcRLPv78IXDx/IjgyMpacnqGWZcN5LCsz/dpxrgvQs5xbPGTCv/+xxL2gIDHUxXZZ9Q0ob5nBCv8guT0keKBuimJNyR4I9x1hwQGTMvWP2pVErKr1O+qOqY25GKtlVlxTxZT2v24ClrVZEM0rVi7m0fmiDPB/f2E6qpLzWkqvw/gkLRtQYJOD19fhstE//ItNlvO5rIBm68X6oceo+sYcfh9y0Dn+/GEOw9JYBaqWDuZo+dAlKb0r/iu4sFGK+00aE076E305Ny2HgAVDnivPpZpR67VdThyGcyC2knjanofbyXnpqY24Brh/WkNejcmNLDsnvYdAFBwhbAEwh8NROVWFraKnUpjCXrmI1sdqSeLicwFlWcEB/SWyyNVd0s3KfVVbbCJZyS8O4E5mCcwTYIDTvXD1PclW691xCLWGHL2deSsoN0V/rrTBk9g+8LyLkyq/ImmQUuy7HkCK6AZPkSKeztJsUxQtPw6L9XaAFhvqtu2Qd6FILPj63OX5vMW6fUW9vfhejWOaks+R2f4hOS19GTF6AVa/F+eICwEAAQA= ryana@RYAN-KANN-GAMIN
04-22 09:47:33.268  1741  1763 D AdbDebuggingManager: Logging key QAAAAJsW1zttIEjF5aAph24UgOsxA5TDFtz8W8aeC5bPPKzhlmSYcWe9qESzFYTCsXj+XD8sqv4bHOO59U8o0HvLhZjbXS+GZv0u71u5B1lIFGNLzdtQ34R2WNUHxS8hUelJiT5SCYnfHilVcRLPv78IXDx/IjgyMpacnqGWZcN5LCsz/dpxrgvQs5xbPGTCv/+xxL2gIDHUxXZZ9Q0ob5nBCv8guT0keKBuimJNyR4I9x1hwQGTMvWP2pVErKr1O+qOqY25GKtlVlxTxZT2v24ClrVZEM0rVi7m0fmiDPB/f2E6qpLzWkqvw/gkLRtQYJOD19fhstE//ItNlvO5rIBm68X6oceo+sYcfh9y0Dn+/GEOw9JYBaqWDuZo+dAlKb0r/iu4sFGK+00aE076E305Ny2HgAVDnivPpZpR67VdThyGcyC2knjanofbyXnpqY24Brh/WkNejcmNLDsnvYdAFBwhbAEwh8NROVWFraKnUpjCXrmI1sdqSeLicwFlWcEB/SWyyNVd0s3KfVVbbCJZyS8O4E5mCcwTYIDTvXD1PclW691xCLWGHL2deSsoN0V/rrTBk9g+8LyLkyq/ImmQUuy7HkCK6AZPkSKeztJsUxQtPw6L9XaAFhvqtu2Qd6FILPj63OX5vMW6fUW9vfhejWOaks+R2f4hOS19GTF6AVa/F+eICwEAAQA= ryana@RYAN-KANN-GAMIN, state = 4, alwaysAllow = true, lastConnectionTime = 1619099253268, authWindow = 604800000
04-22 09:47:34.006 22768 22768 I dex2oat : Explicit concurrent copying GC freed 247805(36MB) AllocSpace objects, 0(0B) LOS objects, 99% free, 1960B/1537KB, paused 70us total 15.867ms
04-22 09:47:34.813 22768 22768 I dex2oat : dex2oat took 7.638s (19.556s cpu) (threads: 6) arena alloc=3072B (3072B) java alloc=17KB (18344B) native alloc=27MB (28943936B) free=2018KB (2066880B) swap=16MB (16777216B)
04-22 09:47:34.832   966  1051 V installd: DexInv: --- END '/data/app/com.android.vending-xd444TeXp6ScZsgb7SxcLw==/base.apk' (success) ---
04-22 09:47:34.848  1741  1787 W PackageManager: Cannot whitelist unknown permission: com.google.android.setupwizard.SETUP_PROGRESS_SERVICE
04-22 09:47:34.848  1741  1787 W PackageManager: Cannot whitelist unknown permission: android.permission.LOADER_USAGE_STATS
04-22 09:47:34.848  1741  1787 W PackageManager: Cannot whitelist unknown permission: com.sec.android.provider.badge.permission.READ
04-22 09:47:34.848  1741  1787 W PackageManager: Cannot whitelist unknown permission: com.sec.android.provider.badge.permission.WRITE
04-22 09:47:34.848  1741  1787 W PackageManager: Cannot whitelist unknown permission: com.htc.launcher.permission.READ_SETTINGS
04-22 09:47:34.848  1741  1787 W PackageManager: Cannot whitelist unknown permission: com.htc.launcher.permission.UPDATE_SHORTCUT
04-22 09:47:34.848  1741  1787 W PackageManager: Cannot whitelist unknown permission: com.sonyericsson.home.permission.BROADCAST_BADGE
04-22 09:47:34.848  1741  1787 W PackageManager: Cannot whitelist unknown permission: com.sonymobile.home.permission.PROVIDER_INSERT_BADGE
04-22 09:47:34.848  1741  1787 W PackageManager: Cannot whitelist unknown permission: com.anddoes.launcher.permission.UPDATE_COUNT
04-22 09:47:34.848  1741  1787 W PackageManager: Cannot whitelist unknown permission: com.majeur.launcher.permission.UPDATE_BADGE
04-22 09:47:34.848  1741  1787 W PackageManager: Cannot whitelist unknown permission: com.huawei.android.launcher.permission.CHANGE_BADGE
04-22 09:47:34.848  1741  1787 W PackageManager: Cannot whitelist unknown permission: com.huawei.android.launcher.permission.READ_SETTINGS
04-22 09:47:34.848  1741  1787 W PackageManager: Cannot whitelist unknown permission: com.huawei.android.launcher.permission.WRITE_SETTINGS
04-22 09:47:34.849  1741  1787 W PackageManager: Cannot whitelist unknown permission: android.permission.READ_APP_BADGE
04-22 09:47:34.849  1741  1787 W PackageManager: Cannot whitelist unknown permission: com.oppo.launcher.permission.READ_SETTINGS
04-22 09:47:34.849  1741  1787 W PackageManager: Cannot whitelist unknown permission: com.oppo.launcher.permission.WRITE_SETTINGS
04-22 09:47:34.849  1741  1787 W PackageManager: Cannot whitelist unknown permission: org.chromium.arc.apkcacheprovider.permission.READ_CACHE
04-22 09:47:34.849  1741  1787 W PackageManager: Cannot whitelist unknown permission: org.chromium.arc.apkcacheprovider.permission.WRITE_CACHE
04-22 09:47:34.849  1741  1787 W PackageManager: Cannot whitelist unknown permission: com.android.permission.USE_INSTALLER_V2
04-22 09:47:34.849  1741  1787 W PackageManager: Cannot whitelist unknown permission: android.permission.QUERY_ALL_PACKAGES
04-22 09:47:34.865   721  2383 I netd    : trafficSetNetPermForUids(12, [10120]) <0.04ms>
04-22 09:47:34.918 21351 22787 I chatty  : uid=10158(com.google.android.gms) expire 2 lines
04-22 09:47:34.918   966  1051 E         : Couldn't opendir /data/app/vmdl2115025794.tmp: No such file or directory
04-22 09:47:34.918   966  1051 E installd: Failed to delete /data/app/vmdl2115025794.tmp: No such file or directory
04-22 09:47:34.919  1741  1787 I ActivityManager: Force stopping com.android.vending appid=10120 user=0: pkg removed
04-22 09:47:34.944  2291  2291 I chatty  : uid=1002(bluetooth) com.android.bluetooth expire 17 lines
04-22 09:47:34.945  3454  3454 I GsaVoiceInteractionSrv: O received Intent { act=android.intent.action.PACKAGE_REMOVED dat=package:com.android.vending flg=0x4000010 (has extras) }
04-22 09:47:34.949  1741  1773 W BroadcastQueue: Background execution not allowed: receiving Intent { act=android.intent.action.PACKAGE_REMOVED dat=package:com.android.vending flg=0x4000010 (has extras) } to com.android.vending/com.google.android.finsky.packagemanager.impl.PackageMonitorReceiverImpl$RegisteredReceiver
04-22 09:47:34.949  1741  1773 W BroadcastQueue: Background execution not allowed: receiving Intent { act=android.intent.action.PACKAGE_REMOVED dat=package:com.android.vending flg=0x4000010 (has extras) } to com.android.vending/com.google.android.finsky.instantapps.appmanagement.InstantAppRemoveMonitor
04-22 09:47:34.951  3275  3275 D MotoSystemServer: receive intent :Intent { act=android.intent.action.PACKAGE_REMOVED dat=package:com.android.vending flg=0x4000010 (has extras) }
04-22 09:47:34.952  3275  3275 D MotoSystemServer:  packageName = com.android.vending
04-22 09:47:34.953  1741  1787 I ActivityManager: Force stopping com.android.vending appid=10120 user=0: pkg removed
04-22 09:47:34.961  2562  2580 W id.ext.service: Reducing the number of considered missed Gc histogram windows from 873 to 100
04-22 09:47:34.979  1741  2054 W AccountManagerService: User 10120 does not exist. It might be removed already.
04-22 09:47:34.983   722   722 D Zygote  : Forked child process 22794
04-22 09:47:34.984  1741  2656 W LocationProviderProxy: com.qualcomm.location resolves service com.android.location.service.v3.NetworkLocationProvider, but has wrong signature, ignoring
04-22 09:47:34.986  1741  2656 W LocationProviderProxy: com.google.android.gms resolves service com.android.location.service.v3.NetworkLocationProvider, but has wrong signature, ignoring
04-22 09:47:34.988  1741  2656 W LocationProviderProxy: com.qualcomm.location resolves service com.android.location.service.v3.NetworkLocationProvider, but has wrong signature, ignoring
04-22 09:47:34.988  1741  2656 W LocationProviderProxy: Odd, no component found for service com.android.location.service.v3.NetworkLocationProvider
04-22 09:47:34.989  3275  3275 D MotoSystemServer: receive intent :Intent { act=android.intent.action.PACKAGE_ADDED dat=package:com.android.vending flg=0x4000010 (has extras) }
04-22 09:47:34.989  3275  3275 D MotoSystemServer:  packageName = com.android.vending
04-22 09:47:34.998  1741  2123 I InputReader: Reconfiguring input devices.  changes=0x00000010
04-22 09:47:34.998  1741  1772 E system_server: No package ID 7f found for ID 0x7f0802a7.
04-22 09:47:34.998  1741  1772 E system_server: No package ID 7f found for ID 0x7f130585.
04-22 09:47:34.999  1741  2123 I InputReader: Reconfiguring input devices.  changes=0x00000010
04-22 09:47:35.001  1741  1741 I RoleManagerService: Granting default permissions...
04-22 09:47:35.001  3275  3275 D MotoSystemServer: Finding service package:com.motorola.actions and service:com.motorola.actions.motoservice.MotoService
04-22 09:47:35.002  3275  3275 D MotoSystemServer: Finding service package:com.motorola.moto and service:com.motorola.mya.MayaManagerService
04-22 09:47:35.004  3275  3275 D MotoSystemServer: Finding service package:com.motorola.msimsettings and service:com.motorola.msimsettings.services.PersistentService
04-22 09:47:35.005  3275  3275 D MotoSystemServer: Component ComponentInfo{com.motorola.moto/com.motorola.mya.MayaManagerService} is Disabled
04-22 09:47:35.008  1741  1773 W BroadcastQueue: Background execution not allowed: receiving Intent { act=android.intent.action.PACKAGE_REMOVED dat=package:com.android.vending flg=0x4000010 (has extras) } to com.google.android.gms/.games.chimera.GamesSystemBroadcastReceiverProxy
04-22 09:47:35.011  2492  2492 E VvmPkgInstalledRcvr: cannot create TelephonyManager from ComponentInfo{com.android.phone/com.android.services.telephony.TelephonyConnectionService}, ***, UserHandle{0}
04-22 09:47:35.011  3275  3275 W MotoSystemServer: Moto service : com.motorola.msimsettings/com.motorola.msimsettings.services.PersistentService has been already binded
04-22 09:47:35.012  3275  3275 W MotoSystemServer: Moto service : com.motorola.actions/com.motorola.actions.motoservice.MotoService has been already binded
04-22 09:47:35.013 22794 22794 E ndroid.keychai: Not starting debugger since process cannot load the jdwp agent.
04-22 09:47:35.016  2309  2309 W View    : requestLayout() improperly called by com.android.systemui.statusbar.HeadsUpStatusBarView{7a4e36e I.E...... ......I. 0,0-248,56 #7f0a01f7 app:id/heads_up_status_bar_view} during layout: running second layout pass
04-22 09:47:35.019  3454  3454 I GsaVoiceInteractionSrv: O received Intent { act=android.intent.action.PACKAGE_ADDED dat=package:com.android.vending flg=0x4000010 (has extras) }
04-22 09:47:35.022  1741  1774 I ActivityManager: Start proc 22794:com.android.keychain/1000 for service {com.android.keychain/com.android.keychain.KeyChainService}
04-22 09:47:35.036   722   722 D Zygote  : Forked child process 22813
04-22 09:47:35.047  3275  3275 D MotoSystemServer: receive intent :Intent { act=android.intent.action.PACKAGE_REPLACED dat=package:com.android.vending flg=0x4000010 (has extras) }
04-22 09:47:35.047  3275  3275 D MotoSystemServer:  packageName = com.android.vending
04-22 09:47:35.048 22813 22813 E ssioncontrolle: Not starting debugger since process cannot load the jdwp agent.
04-22 09:47:35.049  3454  3454 I GsaVoiceInteractionSrv: O received Intent { act=android.intent.action.PACKAGE_REPLACED dat=package:com.android.vending flg=0x4000010 (has extras) }
04-22 09:47:35.052  1741  1773 W BroadcastQueue: Background execution not allowed: receiving Intent { act=android.intent.action.PACKAGE_REMOVED dat=package:com.android.vending flg=0x4000010 (has extras) } to com.google.android.gms/.chimera.GmsIntentOperationService$PersistentTrustedReceiver
04-22 09:47:35.069  1741  2123 I InputReader: Reconfiguring input devices.  changes=0x00000010
04-22 09:47:35.071  1741  1774 I ActivityManager: Start proc 22813:com.google.android.permissioncontroller/u0a74 for service {com.google.android.permissioncontroller/com.android.packageinstaller.role.service.RoleControllerServiceImpl}
04-22 09:47:35.076  1741  1773 W BroadcastQueue: Background execution not allowed: receiving Intent { act=android.intent.action.PACKAGE_REMOVED dat=package:com.android.vending flg=0x4000010 (has extras) } to com.google.android.googlequicksearchbox/com.google.android.apps.gsa.googlequicksearchbox.GelStubAppWatcher
04-22 09:47:35.079 22794 22794 I ndroid.keychai: The ClassLoaderContext is a special shared library.
04-22 09:47:35.097  1741  1773 W BroadcastQueue: Background execution not allowed: receiving Intent { act=android.intent.action.PACKAGE_REMOVED dat=package:com.android.vending flg=0x4000010 (has extras) } to com.verizon.loginengine.unbranded/com.verizon.vzwavs.AVSSystemReceiver
04-22 09:47:35.102  1741  1773 W BroadcastQueue: Background execution not allowed: receiving Intent { act=android.intent.action.PACKAGE_REMOVED dat=package:com.android.vending flg=0x4000010 (has extras) } to com.google.android.apps.magazines/com.google.android.libraries.social.peoplekit.thirdparty.viewcontrollers.ThirdPartyReceiver
04-22 09:47:35.105  7312  7312 D MCLOG   : [MC_Service] onStartcommand()
04-22 09:47:35.129 17448 22832 I chatty  : uid=10158 com.google.android.gms.persistent expire 1 line
04-22 09:47:35.131   722   722 D Zygote  : Forked child process 22841
04-22 09:47:35.139  1741  1774 I ActivityManager: Start proc 22841:com.android.vending/u0a120 for broadcast {com.android.vending/com.google.android.finsky.packagemanager.impl.PackageMonitorReceiverImpl$RegisteredReceiver}
04-22 09:47:35.139  2492  2492 E PhoneInterfaceManager: [PhoneIntfMgr] getCarrierPackageNamesForIntent: No UICC
04-22 09:47:35.139  2492  2492 D CarrierSvcBindHelper: No carrier app for: 0
04-22 09:47:35.140  2492  2492 E PhoneInterfaceManager: [PhoneIntfMgr] getCarrierPackageNamesForIntent: No UICC
04-22 09:47:35.140  2492  2492 D CarrierSvcBindHelper: No carrier app for: 0
04-22 09:47:35.149  2492  2492 E VvmPkgInstalledRcvr: cannot create TelephonyManager from ComponentInfo{com.android.phone/com.android.services.telephony.TelephonyConnectionService}, ***, UserHandle{0}
04-22 09:47:35.151  2492  2492 D ImsResolver: maybeAddedImsService, packageName: com.android.vending
04-22 09:47:35.152  2492  2492 D CarrierConfigLoader: mHandler: 9 phoneId: 0
04-22 09:47:35.169 22841 22841 I chatty  : uid=10120(com.android.vending) expire 242 lines
04-22 09:47:35.186  1741  1741 W Looper  : Slow dispatch took 111ms main h=android.app.ActivityThread$H c=android.app.-$$Lambda$LoadedApk$ReceiverDispatcher$Args$_BumDX2UKsnxLVrE6UJsJZkotuA@60422ac m=0
04-22 09:47:35.186  1741  1741 W Looper  : Slow delivery took 205ms main h=android.app.ActivityThread$H c=android.app.-$$Lambda$LoadedApk$ReceiverDispatcher$Args$_BumDX2UKsnxLVrE6UJsJZkotuA@f5b5b75 m=0
04-22 09:47:35.186  1741  1741 I TelecomService: DefaultDialerCache: Refreshing default dialer for user 0: now com.google.android.dialer: DDC.oR@AkU
04-22 09:47:35.189 17448 20473 I chatty  : uid=10158(com.google.android.gms) lowpool[164] expire 9 lines
04-22 09:47:35.191 17448 22791 I chatty  : uid=10158 com.google.android.gms.persistent expire 1 line
04-22 09:47:35.208  1741  1741 W Looper  : Drained
04-22 09:47:35.219 21351 22842 I chatty  : uid=10158(com.google.android.gms) expire 1 line
04-22 09:47:35.231 21351 21351 I chatty  : uid=10158(com.google.android.gms) expire 11 lines
04-22 09:47:35.232  1741  1763 W Looper  : Slow delivery took 216ms android.fg h=android.os.Handler c=<recycled PooledLambda@5836a1a> m=0
04-22 09:47:35.286 17448 22793 I chatty  : uid=10158 com.google.android.gms.persistent expire 2 lines
04-22 09:47:35.292 17448 11335 I chatty  : uid=10158(com.google.android.gms) highpool[174] expire 21 lines
04-22 09:47:35.374  1741  1763 W Looper  : Drained
04-22 09:47:35.448 21351 22812 I chatty  : uid=10158(com.google.android.gms) expire 12 lines
04-22 09:47:35.448 21351 21419 I chatty  : uid=10158(com.google.android.gms) highpool[2] expire 1 line
04-22 09:47:35.502 21351 30997 I chatty  : uid=10158(com.google.android.gms) OkHttpClientTra expire 10 lines
04-22 09:47:35.532 22813 22861 D SystemConfig: Removed unavailable feature android.hardware.sensor.gyroscope
04-22 09:47:35.539 22813 22861 W SystemConfig: No directory /oem/etc/sysconfig, skipping
04-22 09:47:35.539 21351 21415 I chatty  : uid=10158(com.google.android.gms) highpool[1] expire 1 line
04-22 09:47:35.539 22813 22861 W SystemConfig: No directory /oem/etc/permissions, skipping
04-22 09:47:35.548 21351 23547 W Binder  : reply too large data on java level: InterfaceDescriptor = null, code = 46
04-22 09:47:35.548   721 22887 E ResolverController: No valid NAT64 prefix (101, <unspecified>/0)
04-22 09:47:35.549 21892 21928 E JavaBinder: !!! FAILED BINDER TRANSACTION !!!  (parcel size = 696)
04-22 09:47:35.550 21892 21928 W GmsClient: IGmsServiceBroker.getService failed
04-22 09:47:35.550 21892 21928 W GmsClient: android.os.DeadObjectException: Transaction failed on small parcel; remote process probably died
04-22 09:47:35.550 21892 21928 W GmsClient: 	at android.os.BinderProxy.transactNative(Native Method)
04-22 09:47:35.550 21892 21928 W GmsClient: 	at android.os.BinderProxy.transact(BinderProxy.java:511)
04-22 09:47:35.550 21892 21928 W GmsClient: 	at qgo.getService(PG:10)
04-22 09:47:35.550 21892 21928 W GmsClient: 	at com.google.android.gms.common.internal.BaseGmsClient.a(PG:107)
04-22 09:47:35.550 21892 21928 W GmsClient: 	at qcy.run(PG:8)
04-22 09:47:35.550 21892 21928 W GmsClient: 	at android.os.Handler.handleCallback(Handler.java:883)
04-22 09:47:35.550 21892 21928 W GmsClient: 	at android.os.Handler.dispatchMessage(Handler.java:100)
04-22 09:47:35.550 21892 21928 W GmsClient: 	at qtd.a(PG:5)
04-22 09:47:35.550 21892 21928 W GmsClient: 	at qtd.dispatchMessage(PG:4)
04-22 09:47:35.550 21892 21928 W GmsClient: 	at android.os.Looper.loop(Looper.java:241)
04-22 09:47:35.550 21892 21928 W GmsClient: 	at android.os.HandlerThread.run(HandlerThread.java:67)
04-22 09:47:35.601 21351 21380 I chatty  : uid=10158(com.google.android.gms) lowpool[0] expire 6 lines
04-22 09:47:35.666 22841 22883 I chatty  : uid=10120(com.android.vending) expire 6 lines
04-22 09:47:35.697 22813 22861 W SystemConfig: No directory /system/etc/motorola/bgintents, skipping
04-22 09:47:35.697 22813 22861 W SystemConfig: No directory /oem/etc/motorola/bgintents, skipping
04-22 09:47:35.700 22841 22880 I chatty  : uid=10120(com.android.vending) LightweightExec expire 1 line
04-22 09:47:35.703 22813 22861 W SystemConfig: No directory /product_services/etc/sysconfig, skipping
04-22 09:47:35.703 22813 22861 W SystemConfig: No directory /product_services/etc/permissions, skipping
04-22 09:47:35.703 22813 22861 W SystemConfig: No directory /system/etc/motorola/sysconfig, skipping
04-22 09:47:35.703 22813 22861 W SystemConfig: No directory /oem/etc/motorola/sysconfig, skipping
04-22 09:47:35.704 22813 22861 W SystemConfig: No directory /product/etc/motorola/sysconfig, skipping
04-22 09:47:35.761 22841 22879 I chatty  : uid=10120(com.android.vending) LightweightExec expire 5 lines
04-22 09:47:35.762 22841 22882 I chatty  : uid=10120(com.android.vending) LightweightExec expire 3 lines
04-22 09:47:35.775 22841 22890 I chatty  : uid=10120(com.android.vending) bgExecutor #0 expire 15 lines
04-22 09:47:35.775   721 22901 E ResolverController: No valid NAT64 prefix (101, <unspecified>/0)
04-22 09:47:35.779   721 22903 E ResolverController: No valid NAT64 prefix (101, <unspecified>/0)
04-22 09:47:35.795 22841 22881 I chatty  : uid=10120(com.android.vending) LightweightExec expire 6 lines
04-22 09:47:35.796 21351 21414 I chatty  : uid=10158(com.google.android.gms) highpool[0] expire 1 line
04-22 09:47:35.799 21351 21421 I chatty  : uid=10158(com.google.android.gms) highpool[3] expire 5 lines
04-22 09:47:35.820  2309  2309 W View    : requestLayout() improperly called by com.android.systemui.statusbar.HeadsUpStatusBarView{7a4e36e I.E...... ......I. 0,0-248,56 #7f0a01f7 app:id/heads_up_status_bar_view} during layout: running second layout pass
04-22 09:47:35.824 22841 22898 I chatty  : uid=10120(com.android.vending) bgExecutor #1 expire 18 lines
04-22 09:47:36.028 22841 22925 I chatty  : uid=10120(com.android.vending) expire 8 lines
04-22 09:47:36.065   722   722 D Zygote  : Forked child process 22928
04-22 09:47:36.068 22841 22926 I chatty  : uid=10120(com.android.vending) expire 11 lines
04-22 09:47:36.071  1741  1774 I ActivityManager: Start proc 22928:com.android.vending:instant_app_installer/u0a120 for broadcast {com.android.vending/com.google.android.finsky.instantapps.appmanagement.InstantAppRemoveMonitor}
04-22 09:47:36.072  1741  1772 I RoleUserState: Wrote roles.xml successfully
04-22 09:47:36.081 22928 22928 I chatty  : uid=10120 com.android.vending:instant_app_installer expire 7 lines
04-22 09:47:36.145   721 22953 E ResolverController: No valid NAT64 prefix (101, <unspecified>/0)
04-22 09:47:36.146   721 22952 E ResolverController: No valid NAT64 prefix (101, <unspecified>/0)
04-22 09:47:36.152   721 22954 E ResolverController: No valid NAT64 prefix (101, <unspecified>/0)
04-22 09:47:36.279  1741  6427 W BroadcastQueue: Background execution not allowed: receiving Intent { act=android.intent.action.PACKAGE_ADDED dat=package:com.android.vending flg=0x4000010 (has extras) } to com.google.android.packageinstaller/com.android.packageinstaller.PackageInstalledReceiver
04-22 09:47:36.281  1741  1773 W BroadcastQueue: Background execution not allowed: receiving Intent { act=android.intent.action.PACKAGE_ADDED dat=package:com.android.vending flg=0x4000010 (has extras) } to com.facebook.appmanager/com.facebook.oxygen.common.packages.event.manifest.ManifestPackageEventReceiver
04-22 09:47:36.281  1741  1773 W BroadcastQueue: Background execution not allowed: receiving Intent { act=android.intent.action.PACKAGE_ADDED dat=package:com.android.vending flg=0x4000010 (has extras) } to com.google.android.gms/.games.chimera.GamesSystemBroadcastReceiverProxy
04-22 09:47:36.281  1741  1773 W BroadcastQueue: Background execution not allowed: receiving Intent { act=android.intent.action.PACKAGE_ADDED dat=package:com.android.vending flg=0x4000010 (has extras) } to com.google.android.gms/.gass.chimera.PackageChangeBroadcastReceiver
04-22 09:47:36.281  1741  1773 W BroadcastQueue: Background execution not allowed: receiving Intent { act=android.intent.action.PACKAGE_ADDED dat=package:com.android.vending flg=0x4000010 (has extras) } to com.google.android.gms/.chimera.GmsIntentOperationService$PersistentTrustedReceiver
04-22 09:47:36.282  1741  1773 W BroadcastQueue: Background execution not allowed: receiving Intent { act=android.intent.action.PACKAGE_ADDED dat=package:com.android.vending flg=0x4000010 (has extras) } to com.google.android.googlequicksearchbox/com.google.android.apps.gsa.googlequicksearchbox.GelStubAppWatcher
04-22 09:47:36.282  1741  1773 W BroadcastQueue: Background execution not allowed: receiving Intent { act=android.intent.action.PACKAGE_ADDED dat=package:com.android.vending flg=0x4000010 (has extras) } to com.google.android.ims/.receivers.RcsAutoStartReceiver
04-22 09:47:36.299   722   722 D Zygote  : Forked child process 22964
04-22 09:47:36.302  1741  1774 I ActivityManager: Start proc 22964:com.motorola.invisiblenet/u0a156 for broadcast {com.motorola.invisiblenet/com.motorola.invisiblenet.PackageAddedReceiver}
04-22 09:47:36.314 22964 22964 E la.invisiblene: Not starting debugger since process cannot load the jdwp agent.
04-22 09:47:36.348 22841 22948 I chatty  : uid=10120(com.android.vending) AsyncTask #2 expire 10 lines
04-22 09:47:36.350 22841 22947 I chatty  : uid=10120(com.android.vending) expire 9 lines
04-22 09:47:36.376 22841 22895 I chatty  : uid=10120(com.android.vending) expire 5 lines
04-22 09:47:36.387 22964 22964 I la.invisiblene: The ClassLoaderContext is a special shared library.
04-22 09:47:36.411  1741 11121 W BroadcastQueue: Background execution not allowed: receiving Intent { act=android.intent.action.PACKAGE_ADDED dat=package:com.android.vending flg=0x4000010 (has extras) } to com.verizon.loginengine.unbranded/com.verizon.vzwavs.AVSSystemReceiver
04-22 09:47:36.412  1741  1773 W BroadcastQueue: Background execution not allowed: receiving Intent { act=android.intent.action.PACKAGE_REPLACED dat=package:com.android.vending flg=0x4000010 (has extras) } to com.facebook.appmanager/com.facebook.oxygen.common.packages.event.manifest.ManifestPackageEventReceiver
04-22 09:47:36.412  1741  1773 W BroadcastQueue: Background execution not allowed: receiving Intent { act=android.intent.action.PACKAGE_REPLACED dat=package:com.android.vending flg=0x4000010 (has extras) } to com.google.android.apps.photos/.account.full.FetchAccountPropertiesAppUpgradeBroadcastReceiver
04-22 09:47:36.413  1741  1773 W BroadcastQueue: Background execution not allowed: receiving Intent { act=android.intent.action.PACKAGE_REPLACED dat=package:com.android.vending flg=0x4000010 (has extras) } to com.google.android.apps.photos/.account.full.SyncAccountsForLoginBroadcastReceiver
04-22 09:47:36.413  1741  1773 W BroadcastQueue: Background execution not allowed: receiving Intent { act=android.intent.action.PACKAGE_REPLACED dat=package:com.android.vending flg=0x4000010 (has extras) } to com.google.android.apps.photos/.notificationchannels.AppUpdateBroadcastReceiver
04-22 09:47:36.413  1741  1773 W BroadcastQueue: Background execution not allowed: receiving Intent { act=android.intent.action.PACKAGE_REPLACED dat=package:com.android.vending flg=0x4000010 (has extras) } to com.google.android.gms/.gass.chimera.PackageChangeBroadcastReceiver
04-22 09:47:36.413  1741  1773 W BroadcastQueue: Background execution not allowed: receiving Intent { act=android.intent.action.PACKAGE_REPLACED dat=package:com.android.vending flg=0x4000010 (has extras) } to com.google.android.gms/.chimera.GmsIntentOperationService$PersistentTrustedReceiver
04-22 09:47:36.413  1741  1773 W BroadcastQueue: Background execution not allowed: receiving Intent { act=android.intent.action.PACKAGE_REPLACED dat=package:com.android.vending flg=0x4000010 (has extras) } to com.google.android.googlequicksearchbox/com.google.android.apps.gsa.googlequicksearchbox.GelStubAppWatcher
04-22 09:47:36.414  1741  1773 W BroadcastQueue: Background execution not allowed: receiving Intent { act=android.intent.action.PACKAGE_REPLACED dat=package:com.android.vending flg=0x4000010 (has extras) } to com.google.android.ims/.receivers.RcsAutoStartReceiver
04-22 09:47:36.414  1741  1773 W BroadcastQueue: Background execution not allowed: receiving Intent { act=android.intent.action.PACKAGE_REPLACED dat=package:com.android.vending flg=0x4000010 (has extras) } to com.motorola.ccc.notification/.gcm.GCMAdminReceiver
04-22 09:47:36.414  1741  1773 W BroadcastQueue: Background execution not allowed: receiving Intent { act=android.intent.action.PACKAGE_REPLACED dat=package:com.android.vending flg=0x4000010 (has extras) } to com.verizon.loginengine.unbranded/com.verizon.vzwavs.AVSSystemReceiver
04-22 09:47:36.426   722   722 D Zygote  : Forked child process 22998
04-22 09:47:36.436  1741  1774 I ActivityManager: Start proc 22998:com.android.vending:download_service/u0a120 for service {com.android.vending/com.google.android.finsky.ipcservers.downloadservice.DownloadServiceGrpcServerAndroidService}
04-22 09:47:36.459 22998 22998 I chatty  : uid=10120 com.android.vending:download_service expire 8 lines
04-22 09:47:36.505     0     0 W swapper/1: type=1400 audit(0.0:1961): avc: denied { kill } for uid=0 capability=5 scontext=u:r:kernel:s0 tcontext=u:r:kernel:s0 tclass=capability permissive=0
04-22 09:47:36.586 22928 23025 I chatty  : uid=10120 com.android.vending:instant_app_installer expire 2 lines
04-22 09:47:36.630  1741 11121 D ConnectivityService: requestNetwork for uid/pid:10120/22998 NetworkRequest [ TRACK_DEFAULT id=163, [ Capabilities: INTERNET&NOT_RESTRICTED&TRUSTED Uid: 10120] ]
04-22 09:47:36.632  2492  2492 D PhoneSwitcherNetworkRequstListener: got request NetworkRequest [ TRACK_DEFAULT id=163, [ Capabilities: INTERNET&NOT_RESTRICTED&TRUSTED Uid: 10120] ] with score 60 and serial -1
04-22 09:47:36.633 22841 22905 I chatty  : uid=10120(com.android.vending) Thread-2 expire 1 line
04-22 09:47:36.633  1741  2236 D UntrustedWifiNetworkFactory: got request NetworkRequest [ TRACK_DEFAULT id=163, [ Capabilities: INTERNET&NOT_RESTRICTED&TRUSTED Uid: 10120] ] with score 60 and serial -1
04-22 09:47:36.633  1741  2236 D WifiNetworkFactory: got request NetworkRequest [ TRACK_DEFAULT id=163, [ Capabilities: INTERNET&NOT_RESTRICTED&TRUSTED Uid: 10120] ] with score 60 and serial -1
04-22 09:47:36.634  1741  2279 D Ethernet: got request NetworkRequest [ TRACK_DEFAULT id=163, [ Capabilities: INTERNET&NOT_RESTRICTED&TRUSTED Uid: 10120] ] with score 60 and serial -1
04-22 09:47:36.652 22841 23031 I chatty  : uid=10120(com.android.vending) Thread-13 expire 1 line
04-22 09:47:36.663 22841 22899 I chatty  : uid=10120(com.android.vending) bgExecutor #2 expire 10 lines
04-22 09:47:36.711 22998 23042 I chatty  : uid=10120 com.android.vending:download_service expire 8 lines
04-22 09:47:36.769 22841 23043 I chatty  : uid=10120(com.android.vending) GoogleApiHandle expire 3 lines
04-22 09:47:36.803 22841 22884 I chatty  : uid=10120(com.android.vending) expire 2819 lines
04-22 09:47:36.804 22253 22357 V DownloadManager: Deleting /data/data/com.android.providers.downloads/cache/downloadfile.apk via provider delete
04-22 09:47:36.809 22998 23037 I chatty  : uid=10120 com.android.vending:download_service expire 8 lines
04-22 09:47:36.810 22841 23041 I chatty  : uid=10120(com.android.vending) expire 1 line
04-22 09:47:36.812 22841 22860 I chatty  : uid=10120(com.android.vending) Binder:22841_2 expire 3 lines
04-22 09:47:36.826 22841 23046 I chatty  : uid=10120(com.android.vending) expire 7 lines
04-22 09:47:36.845 22253 22357 V DownloadManager: Deleting /data/data/com.android.providers.downloads/cache/downloadfile-1.apk via provider delete
04-22 09:47:36.863 22841 23048 I chatty  : uid=10120(com.android.vending) expire 2 lines
04-22 09:47:36.902  1741  1741 I RoleManagerService: Granting default permissions...
04-22 09:47:36.906  1741  1772 E system_server: No package ID 7f found for ID 0x7f0802a7.
04-22 09:47:36.906  1741  1772 E system_server: No package ID 7f found for ID 0x7f130585.
04-22 09:47:36.907  1741  2656 W LocationProviderProxy: com.qualcomm.location resolves service com.android.location.service.v3.NetworkLocationProvider, but has wrong signature, ignoring
04-22 09:47:36.909  3275  3275 D MotoSystemServer: receive intent :Intent { act=android.intent.action.PACKAGE_CHANGED dat=package:com.android.vending flg=0x45000010 (has extras) }
04-22 09:47:36.909  3275  3275 D MotoSystemServer:  packageName = com.android.vending
04-22 09:47:36.910  1741  2123 I InputReader: Reconfiguring input devices.  changes=0x00000010
04-22 09:47:36.911  1741  2656 W LocationProviderProxy: com.google.android.gms resolves service com.android.location.service.v3.NetworkLocationProvider, but has wrong signature, ignoring
04-22 09:47:36.911  1741  2656 W LocationProviderProxy: com.qualcomm.location resolves service com.android.location.service.v3.NetworkLocationProvider, but has wrong signature, ignoring
04-22 09:47:36.911  1741  2656 W LocationProviderProxy: Odd, no component found for service com.android.location.service.v3.NetworkLocationProvider
04-22 09:47:36.940  2492  2492 E PhoneInterfaceManager: [PhoneIntfMgr] getCarrierPackageNamesForIntent: No UICC
04-22 09:47:36.941  2492  2492 D CarrierSvcBindHelper: No carrier app for: 0
04-22 09:47:36.946  2492  2492 E VvmPkgInstalledRcvr: cannot create TelephonyManager from ComponentInfo{com.android.phone/com.android.services.telephony.TelephonyConnectionService}, ***, UserHandle{0}
04-22 09:47:36.946  2492  2492 D ImsResolver: maybeAddedImsService, packageName: com.android.vending
04-22 09:47:36.953 22841 23044 I chatty  : uid=10120(com.android.vending) expire 1 line
04-22 09:47:36.966  1741  1741 I TelecomService: DefaultDialerCache: Refreshing default dialer for user 0: now com.google.android.dialer: DDC.oR@Akk
04-22 09:47:36.974 22841 22907 I chatty  : uid=10120(com.android.vending) Thread-5 expire 2 lines
04-22 09:47:36.975 17448 22836 I chatty  : uid=10158 com.google.android.gms.persistent expire 1 line
04-22 09:47:37.012 21351 22889 I chatty  : uid=10158(com.google.android.gms) expire 6 lines
04-22 09:47:37.040   721 23068 E ResolverController: No valid NAT64 prefix (101, <unspecified>/0)
04-22 09:47:37.129 22841 23059 I chatty  : uid=10120(com.android.vending) expire 3 lines
04-22 09:47:37.138  1741  1763 W Looper  : Slow delivery took 201ms android.fg h=android.os.Handler c=<recycled PooledLambda@b2d28ca> m=0
04-22 09:47:37.193  1741  1763 W Looper  : Drained
04-22 09:47:37.280 22841 22900 I chatty  : uid=10120(com.android.vending) bgExecutor #3 expire 33 lines
04-22 09:47:37.404  1741  1772 I RoleUserState: Wrote roles.xml successfully
04-22 09:47:37.410 17448 21542 I chatty  : uid=10158 com.google.android.gms.persistent expire 5 lines
04-22 09:47:37.459   721 23076 E ResolverController: No valid NAT64 prefix (101, <unspecified>/0)
04-22 09:47:37.488 17448 21777 I chatty  : uid=10158 com.google.android.gms.persistent expire 1 line
04-22 09:47:37.509 17448 17462 I chatty  : uid=10158(com.google.android.gms) FinalizerDaemon expire 3 lines
04-22 09:47:37.955   721 23079 E ResolverController: No valid NAT64 prefix (101, <unspecified>/0)
04-22 09:47:38.158 21351 23071 I chatty  : uid=10158(com.google.android.gms) expire 1 line
04-22 09:47:38.795 22841 22906 I chatty  : uid=10120(com.android.vending) Thread-3 expire 1 line
04-22 09:47:40.267 22841 22866 I chatty  : uid=10120(com.android.vending) Profile Saver expire 2 lines
04-22 09:47:40.395  1741  2042 D BatteryService: uevent={POWER_SUPPLY_DP_DM=0, POWER_SUPPLY_VOLTAGE_NOW=3961057, POWER_SUPPLY_SW_JEITA_ENABLED=0, POWER_SUPPLY_CHARGE_CONTROL_LIMIT_MAX=8, POWER_SUPPLY_RECHARGE_SOC=99, POWER_SUPPLY_HEALTH=Good, POWER_SUPPLY_TECHNOLOGY=Li-ion, POWER_SUPPLY_FCC_STEPPER_ENABLE=0, SEQNUM=568663, POWER_SUPPLY_INPUT_CURRENT_LIMITED=0, POWER_SUPPLY_CHARGE_CONTROL_LIMIT=0, POWER_SUPPLY_BATTERY_CHARGING_ENABLED=1, POWER_SUPPLY_STATUS=Discharging, POWER_SUPPLY_CYCLE_COUNT=4, POWER_SUPPLY_CURRENT_MAX=2000000, POWER_SUPPLY_CHARGE_TERM_CURRENT=-101, POWER_SUPPLY_CAPACITY=68, DEVPATH=/devices/platform/soc/200f000.qcom,spmi/spmi-0/spmi0-02/200f000.qcom,spmi:qcom,pmi632@2:qcom,qpnp-smb5/power_supply/battery, POWER_SUPPLY_CHARGE_DONE=0, POWER_SUPPLY_CHARGE_TYPE=N/A, POWER_SUPPLY_CHARGE_RATE=None, POWER_SUPPLY_CURRENT_NOW=-307312, POWER_SUPPLY_SYSTEM_TEMP_LEVEL=0, POWER_SUPPLY_PRESENT=1, POWER_SUPPLY_PARALLEL_DISABLE=0, POWER_SUPPLY_CHARGE_FULL=3615000, SUBSYSTEM=power_supply, POWER_SUPPLY_SET_SHIP_MODE=0, POWER_SUPPLY_TEMP=213, ACTION=change, POWER_SUPPLY_RERUN_AICL=0, POWER_SUPPLY_AGE=100, POWER_SUPPLY_NAME=battery, POWER_SUPPLY_VOLTAGE_MAX=-22, POWER_SUPPLY_CONSTANT_CHARGE_CURRENT_MAX=2000000, POWER_SUPPLY_CHARGE_COUNTER=2422050, POWER_SUPPLY_STEP_CHARGING_ENABLED=0, POWER_SUPPLY_NUM_SYSTEM_TEMP_LEVELS=8, POWER_SUPPLY_DIE_HEALTH=Hot, POWER_SUPPLY_INPUT_SUSPEND=0}
04-22 09:47:40.414  2492  2492 D QtiCarrierConfigHelper: WARNING, no carrier configs on phone Id: 0
04-22 09:47:40.463 22685 22685 D CmdCenter: - RowBuilder2: setUseWhiteRes useOrNot = true
04-22 09:47:40.472 22685 22685 D CmdCenter: - RowWidgetUpdater2: the Min widget of widget[2] is 213
04-22 09:47:40.477 22685 22685 D CmdCenter: - RowWidgetUpdater2: 2cellWidth = 180 column is 3
04-22 09:47:40.477 22685 22685 D CmdCenter: - RowBuilder2: useWhiteRes=true -is 18-9?=true cellX= 3 grid=5
04-22 09:47:40.513 22685 22685 D CmdCenter: - RowWeatherInitializer: Utils.getWeatherInfo return null.
04-22 09:47:40.518 22685 22685 D CmdCenter: - RowWidgetUpdater2: ->config = {1.0 ?mcc?mnc [en_US] ldltr sw411dp w411dp h812dp 280dpi nrml long port finger -keyb/v/h -nav/h winConfig={ mBounds=Rect(0, 0 - 720, 1520) mAppBounds=Rect(0, 56 - 720, 1478) mWindowingMode=fullscreen mDisplayWindowingMode=fullscreen mActivityType=undefined mAlwaysOnTop=undefined mRotation=ROTATION_0} s.49 ?spn ?gid}
04-22 09:47:40.524 22685 22685 D CmdCenter: - RowWidgetUpdater2: ->config debug_dimens = 54
04-22 09:47:40.598 21351  3958 I chatty  : uid=10158(com.google.android.gms) Binder:21351_10 expire 1 line
04-22 09:47:40.599 21351  3958 W Binder  : reply too large data on java level: InterfaceDescriptor = null, code = 46
04-22 09:47:40.599 21892 21928 E JavaBinder: !!! FAILED BINDER TRANSACTION !!!  (parcel size = 696)
04-22 09:47:40.600 21892 21928 W GmsClient: IGmsServiceBroker.getService failed
04-22 09:47:40.600 21892 21928 W GmsClient: android.os.DeadObjectException: Transaction failed on small parcel; remote process probably died
04-22 09:47:40.600 21892 21928 W GmsClient: 	at android.os.BinderProxy.transactNative(Native Method)
04-22 09:47:40.600 21892 21928 W GmsClient: 	at android.os.BinderProxy.transact(BinderProxy.java:511)
04-22 09:47:40.600 21892 21928 W GmsClient: 	at qgo.getService(PG:10)
04-22 09:47:40.600 21892 21928 W GmsClient: 	at com.google.android.gms.common.internal.BaseGmsClient.a(PG:107)
04-22 09:47:40.600 21892 21928 W GmsClient: 	at qcy.run(PG:8)
04-22 09:47:40.600 21892 21928 W GmsClient: 	at android.os.Handler.handleCallback(Handler.java:883)
04-22 09:47:40.600 21892 21928 W GmsClient: 	at android.os.Handler.dispatchMessage(Handler.java:100)
04-22 09:47:40.600 21892 21928 W GmsClient: 	at qtd.a(PG:5)
04-22 09:47:40.600 21892 21928 W GmsClient: 	at qtd.dispatchMessage(PG:4)
04-22 09:47:40.600 21892 21928 W GmsClient: 	at android.os.Looper.loop(Looper.java:241)
04-22 09:47:40.600 21892 21928 W GmsClient: 	at android.os.HandlerThread.run(HandlerThread.java:67)
04-22 09:47:42.646  1741  3126 D WificondControl: Scan result ready event
04-22 09:47:44.147 22841 22950 I chatty  : uid=10120(com.android.vending) expire 12 lines
04-22 09:47:44.177 22841 22911 I chatty  : uid=10120(com.android.vending) bbeo expire 5 lines
04-22 09:47:44.183 22841 22909 I chatty  : uid=10120(com.android.vending) Thread-6 expire 1 line
04-22 09:47:44.193   721 23100 E ResolverController: No valid NAT64 prefix (101, <unspecified>/0)
04-22 09:47:44.362 22841 23102 I chatty  : uid=10120(com.android.vending) expire 2 lines
04-22 09:47:44.394 22841 23103 I chatty  : uid=10120(com.android.vending) expire 1 line
04-22 09:47:44.478 22998 23020 I chatty  : uid=10120(com.android.vending) Binder:22998_3 expire 7 lines
04-22 09:47:44.504 22928 23109 I chatty  : uid=10120 com.android.vending:instant_app_installer expire 1 line
04-22 09:47:44.518 22928 23112 I chatty  : uid=10120 com.android.vending:instant_app_installer expire 1 line
04-22 09:47:44.541 22998 23111 I chatty  : uid=10120(com.android.vending) bgExecutor #2 expire 3 lines
04-22 09:47:44.542 22841 22859 I chatty  : uid=10120(com.android.vending) Binder:22841_1 expire 6 lines
04-22 09:47:44.546 22998 23115 I chatty  : uid=10120(com.android.vending) bgExecutor #3 expire 1 line
04-22 09:47:44.700 22841 23117 I chatty  : uid=10120(com.android.vending) PhenotypeBackgr expire 5 lines
04-22 09:47:44.741 22841 22927 I chatty  : uid=10120(com.android.vending) expire 1 line
04-22 09:47:45.146  3329  3329 I chatty  : uid=10158(com.google.android.gms) com.google.process.gservices expire 1 line
04-22 09:47:45.149  1741  3126 W BroadcastQueue: Permission Denial: receiving Intent { act=com.google.gservices.intent.action.GSERVICES_OVERRIDE flg=0x1000010 (has extras) } to com.google.android.ims/.receivers.RcsAutoStartReceiver requires com.google.android.providers.gsf.permission.WRITE_GSERVICES due to sender com.android.vending (uid 10120)
04-22 09:47:45.206  2758 22431 W CarrierServices: [163] clm.a: No config URL. RCS will be disabled!
04-22 09:47:45.213  2758  2758 I CarrierServices: [2] dai.e: Carrier Services GServices flags:
04-22 09:47:45.213  2758  2758 I CarrierServices:    carrier_services_security_flags_ec_api_white_listed_packages: com.google.android.apps.messaging,com.google.android.dialer,com.google.android.ims.client.sampleapp,com.android.contacts,com.lge.rcscall,com.android.incallui,com.huawei.incallui.appfeature.rcsfeature
