04-22 09:45:47.665  1741  1774 I ActivityManager: Start proc 21848:android.process.acore/u0a51 for content provider {com.android.providers.contacts/com.android.providers.contacts.ContactsProvider2}
04-22 09:45:47.698  1741  2441 W BroadcastQueue: Background execution not allowed: receiving Intent { act=android.intent.action.DROPBOX_ENTRY_ADDED flg=0x10 (has extras) } to com.google.android.gms/.stats.service.DropBoxEntryAddedReceiver
04-22 09:45:47.701  1741  1773 W BroadcastQueue: Background execution not allowed: receiving Intent { act=android.intent.action.DROPBOX_ENTRY_ADDED flg=0x10 (has extras) } to com.google.android.gms/.chimera.GmsIntentOperationService$PersistentTrustedReceiver
04-22 09:45:47.716  1741  5913 I DropBoxManagerService: add tag=platform_stats_bookmark isTagEnabled=true flags=0x2
04-22 09:45:47.719  1741  1773 W BroadcastQueue: Background execution not allowed: receiving Intent { act=android.intent.action.DROPBOX_ENTRY_ADDED flg=0x10 (has extras) } to com.google.android.gms/.stats.service.DropBoxEntryAddedReceiver
04-22 09:45:47.724  1741  1773 W BroadcastQueue: Background execution not allowed: receiving Intent { act=android.intent.action.DROPBOX_ENTRY_ADDED flg=0x10 (has extras) } to com.google.android.gms/.chimera.GmsIntentOperationService$PersistentTrustedReceiver
04-22 09:45:47.751  1741  2441 I ActivityManager: Killing 20735:com.google.android.contacts/u0a177 (adj 985): empty #17
04-22 09:45:47.834  1741  5777 D ActivityManager: makeInactive, ProcessRecord{6afcd54 20735:com.google.android.contacts/u0a177}, clear holder.state
04-22 09:45:47.867 21848 21848 D ActivityThread: Loading provider contacts;com.android.contacts: com.android.providers.contacts.ContactsProvider2
04-22 09:45:49.087  1741  2042 D BatteryService: uevent={POWER_SUPPLY_DP_DM=0, POWER_SUPPLY_VOLTAGE_NOW=3981105, POWER_SUPPLY_SW_JEITA_ENABLED=0, POWER_SUPPLY_CHARGE_CONTROL_LIMIT_MAX=8, POWER_SUPPLY_RECHARGE_SOC=99, POWER_SUPPLY_HEALTH=Good, POWER_SUPPLY_TECHNOLOGY=Li-ion, POWER_SUPPLY_FCC_STEPPER_ENABLE=0, SEQNUM=568234, POWER_SUPPLY_INPUT_CURRENT_LIMITED=0, POWER_SUPPLY_CHARGE_CONTROL_LIMIT=0, POWER_SUPPLY_BATTERY_CHARGING_ENABLED=1, POWER_SUPPLY_STATUS=Discharging, POWER_SUPPLY_CYCLE_COUNT=4, POWER_SUPPLY_CURRENT_MAX=2000000, POWER_SUPPLY_CHARGE_TERM_CURRENT=-101, POWER_SUPPLY_CAPACITY=68, DEVPATH=/devices/platform/soc/200f000.qcom,spmi/spmi-0/spmi0-02/200f000.qcom,spmi:qcom,pmi632@2:qcom,qpnp-smb5/power_supply/battery, POWER_SUPPLY_CHARGE_DONE=0, POWER_SUPPLY_CHARGE_TYPE=N/A, POWER_SUPPLY_CHARGE_RATE=None, POWER_SUPPLY_CURRENT_NOW=-212402, POWER_SUPPLY_SYSTEM_TEMP_LEVEL=0, POWER_SUPPLY_PRESENT=1, POWER_SUPPLY_PARALLEL_DISABLE=0, POWER_SUPPLY_CHARGE_FULL=3615000, SUBSYSTEM=power_supply, POWER_SUPPLY_SET_SHIP_MODE=0, POWER_SUPPLY_TEMP=211, ACTION=change, POWER_SUPPLY_RERUN_AICL=0, POWER_SUPPLY_AGE=100, POWER_SUPPLY_NAME=battery, POWER_SUPPLY_VOLTAGE_MAX=-22, POWER_SUPPLY_CONSTANT_CHARGE_CURRENT_MAX=2000000, POWER_SUPPLY_CHARGE_COUNTER=2458200, POWER_SUPPLY_STEP_CHARGING_ENABLED=0, POWER_SUPPLY_NUM_SYSTEM_TEMP_LEVELS=8, POWER_SUPPLY_DIE_HEALTH=Hot, POWER_SUPPLY_INPUT_SUSPEND=0}
04-22 09:45:49.139  1741  1774 I ActivityManager: Start proc 21892:com.google.android.apps.messaging/u0a182 for service {com.google.android.apps.messaging/com.firebase.jobdispatcher.GooglePlayReceiver}
04-22 09:45:49.476  1741  6926 W ActivityManager: Background start not allowed: service Intent { cmp=com.google.android.apps.messaging/.shared.datamodel.action.execution.ActionExecutorImpl$EmptyService } to com.google.android.apps.messaging/.shared.datamodel.action.execution.ActionExecutorImpl$EmptyService from pid=21892 uid=10182 pkg=com.google.android.apps.messaging startFg?=false
04-22 09:45:49.519  1741  6926 W ActivityManager: Background start not allowed: service Intent { cmp=com.google.android.apps.messaging/.shared.datamodel.action.execution.ActionExecutorImpl$EmptyService } to com.google.android.apps.messaging/.shared.datamodel.action.execution.ActionExecutorImpl$EmptyService from pid=21892 uid=10182 pkg=com.google.android.apps.messaging startFg?=false
04-22 09:45:49.586 21351 23547 W Binder  : reply too large data on java level: InterfaceDescriptor = null, code = 46
04-22 09:45:50.387  1741  2125 I WatchlistLoggingHandler: Start aggregating watchlist records.
04-22 09:45:50.387  1741  1774 I ActivityManager: Start proc 21961:com.google.android.apps.wellbeing/u0a105 for service {com.google.android.apps.wellbeing/androidx.work.impl.background.systemjob.SystemJobService}
04-22 09:45:50.390  1741  1741 V SettingsProvider: Notifying for 0: content://settings/global/network_watchlist_last_report_time
04-22 09:45:50.413  1741  1774 I ActivityManager: Start proc 21973:com.android.vending/u0a120 for service {com.android.vending/com.google.android.finsky.scheduler.process.mainimpl.PhoneskyJobServiceMain}
04-22 09:45:50.432  1741  1774 I ActivityManager: Start proc 21988:com.qualcomm.qti.qms.service.connectionsecurity/u0a100 for service {com.qualcomm.qti.qms.service.connectionsecurity/com.qualcomm.qti.qms.service.connectionsecurity.cloud.ReportJobService}
04-22 09:45:50.463  1741  1774 I ActivityManager: Start proc 22016:com.google.android.apps.turbo:aab/u0a143 for service {com.google.android.apps.turbo/com.google.android.libraries.smartbattery.appusage.library.InferAppBucketsJob}
04-22 09:45:50.500  1741  1774 I ActivityManager: Start proc 22041:com.google.android.contacts/u0a177 for service {com.google.android.contacts/com.google.android.libraries.internal.growth.growthkit.internal.jobs.impl.GrowthKitJobService}
04-22 09:45:50.628  1741  2125 I WatchlistLoggingHandler: Milliseconds spent on tryAggregateRecords(): 242
04-22 09:45:50.892  1741  2392 D ConnectivityService: Returning UNBLOCKED NetworkInfo to uid=10143
04-22 09:45:50.992  1741  5777 D ConnectivityService: requestNetwork for uid/pid:10120/21973 NetworkRequest [ TRACK_DEFAULT id=157, [ Capabilities: INTERNET&NOT_RESTRICTED&TRUSTED Uid: 10120] ]
04-22 09:45:51.203  1741  2392 D ConnectivityService: Returning UNBLOCKED NetworkInfo to uid=10120
04-22 09:45:51.284 21351 21387 W PackageParser: Unknown element under <manifest>: queries at /data/user_de/0/com.google.android.gms/app_chimera/m/0000000a/AdsDynamite.apk Binary XML file line #5
04-22 09:45:51.300  1741  2247 D ConnectivityService: Blocked status changed to true for 10130(137) on netId 101
04-22 09:45:51.341 21351 21387 W PackageParser: Unknown element under <manifest>: queries at /data/user_de/0/com.google.android.gms/app_chimera/m/00000018/dl-AdsFdrDynamite.integ_210890500100000.apk Binary XML file line #5
04-22 09:45:51.413  1741  6926 D ConnectivityService: Returning BLOCKED NetworkInfo to uid=10130
04-22 09:45:51.792  1741 11669 I ActivityManager: Killing 21348:com.google.android.gms.ui/u0a158 (adj 985): empty #17
04-22 09:45:51.879  1741 11669 I ActivityManager: Killing 21275:android.process.media/u0a53 (adj 985): empty #17
04-22 09:45:51.944  1741  4851 D ActivityManager: makeInactive, ProcessRecord{fc4d6dd 21275:android.process.media/u0a53}, clear holder.state
04-22 09:45:51.946 21326 21326 I ActivityThread: Removing dead content provider:android.content.ContentProviderProxy@e5c7e82
04-22 09:45:51.968  1741  5777 D ActivityManager: makeInactive, ProcessRecord{a70dbd8 21348:com.google.android.gms.ui/u0a158}, clear holder.state
04-22 09:45:52.019  1741  1774 I ActivityManager: Start proc 22253:android.process.media/u0a53 for content provider {com.android.providers.downloads/com.android.providers.downloads.DownloadProvider}
04-22 09:45:52.046  1741  1774 I ActivityManager: Start proc 22271:com.android.vending:download_service/u0a120 for service {com.android.vending/com.google.android.finsky.ipcservers.downloadservice.DownloadServiceGrpcServerAndroidService}
04-22 09:45:52.094  1741  6427 I ActivityManager: Killing 21326:com.motorola.camera2/u0a147 (adj 985): empty #17
04-22 09:45:52.170  1741  2047 D ActivityManager: makeInactive, ProcessRecord{96fe4e 21326:com.motorola.camera2/u0a147}, clear holder.state
04-22 09:45:52.265  1741  6427 I ActivityManager: Killing 21204:com.google.android.apps.photos/u0a183 (adj 985): empty #17
04-22 09:45:52.285  1741  2047 D ConnectivityService: requestNetwork for uid/pid:10120/22271 NetworkRequest [ TRACK_DEFAULT id=159, [ Capabilities: INTERNET&NOT_RESTRICTED&TRUSTED Uid: 10120] ]
04-22 09:45:52.371  1741  2047 D ActivityManager: makeInactive, ProcessRecord{437d9f7 21204:com.google.android.apps.photos/u0a183}, clear holder.state
04-22 09:45:54.597  1741  1781 I DisplayPowerController: Blocking screen on until initial contents have been drawn.
04-22 09:45:54.597  1741  1781 I WindowManager: Screen turning on...
04-22 09:45:54.598  1741 11669 D WindowManager: mKeyguardDelegate.ShowListener.onDrawn.
04-22 09:45:54.600  1741  1764 W WindowManager: Setting mKeyguardDrawComplete
04-22 09:45:54.621  1741  1781 V DisplayPowerController: Brightness [38] reason changing to: 'doze', previous reason: 'screen_off'.
04-22 09:45:54.623  1741  1766 I DisplayManagerService: Display device changed state: "Built-in Screen", ON
04-22 09:45:54.654  1741  1766 I WindowManager: All windows ready for display!
04-22 09:45:54.654  1741  1764 W WindowManager: Setting mWindowManagerDrawComplete
04-22 09:45:54.654  1741  1781 I DisplayPowerController: Unblocked screen on after 57 ms
04-22 09:45:54.665 21351  3958 W Binder  : reply too large data on java level: InterfaceDescriptor = null, code = 46
04-22 09:45:55.164  1741  5777 D ConnectivityService: requestNetwork for uid/pid:10182/21892 NetworkRequest [ TRACK_DEFAULT id=160, [ Capabilities: INTERNET&NOT_RESTRICTED&TRUSTED Uid: 10182] ]
04-22 09:45:55.465  1741  5262 W ActivityManager: Background start not allowed: service Intent { cmp=com.google.android.apps.messaging/.shared.datamodel.action.execution.ActionExecutorImpl$EmptyService } to com.google.android.apps.messaging/.shared.datamodel.action.execution.ActionExecutorImpl$EmptyService from pid=21892 uid=10182 pkg=com.google.android.apps.messaging startFg?=false
04-22 09:45:55.475  1741  5262 W ActivityManager: Background start not allowed: service Intent { cmp=com.google.android.apps.messaging/.shared.datamodel.action.execution.ActionExecutorImpl$EmptyService } to com.google.android.apps.messaging/.shared.datamodel.action.execution.ActionExecutorImpl$EmptyService from pid=21892 uid=10182 pkg=com.google.android.apps.messaging startFg?=false
04-22 09:45:55.582  1741  2047 W ActivityManager: Background start not allowed: service Intent { cmp=com.google.android.apps.messaging/.shared.datamodel.action.execution.ActionExecutorImpl$EmptyService } to com.google.android.apps.messaging/.shared.datamodel.action.execution.ActionExecutorImpl$EmptyService from pid=21892 uid=10182 pkg=com.google.android.apps.messaging startFg?=false
04-22 09:45:58.084  1741  1781 I DisplayPowerController: Blocking screen off
04-22 09:45:58.085  1741  1781 I DisplayPowerController: Unblocked screen off after 1 ms
04-22 09:45:58.107  1741  1781 I WindowManager: Screen turned off...
04-22 09:45:58.128  1741  1781 V DisplayPowerController: Brightness [0] reason changing to: 'screen_off', previous reason: 'doze'.
04-22 09:45:58.129  1741  1766 I DisplayManagerService: Display device changed state: "Built-in Screen", OFF
04-22 09:45:59.069  1741  4851 W AppOps  : Noting op not finished: uid 10158 pkg com.google.android.gms code 79 time=1619080190704 duration=0
04-22 09:45:59.073  1741  2501 W AppOps  : Noting op not finished: uid 10158 pkg com.google.android.gms code 79 time=1619099159069 duration=0
04-22 09:45:59.147  1741  1774 I ActivityManager: Start proc 22376:com.android.vending:instant_app_installer/u0a120 for service {com.android.vending/com.google.android.finsky.instantapps.dna.ArchivePrefetchService}
04-22 09:45:59.455  1741 11669 I ActivityManager: Killing 21471:com.google.android.configupdater/u0a112 (adj 985): empty #17
04-22 09:45:59.512  1741 11669 D ActivityManager: makeInactive, ProcessRecord{af8ec43 21471:com.google.android.configupdater/u0a112}, clear holder.state
04-22 09:45:59.519  1741  5262 W BroadcastQueue: Permission Denial: receiving Intent { act=com.google.gservices.intent.action.GSERVICES_OVERRIDE flg=0x1000010 (has extras) } to com.google.android.ims/.receivers.RcsAutoStartReceiver requires com.google.android.providers.gsf.permission.WRITE_GSERVICES due to sender com.android.vending (uid 10120)
04-22 09:45:59.748 21351 21367 W Binder  : reply too large data on java level: InterfaceDescriptor = null, code = 46
04-22 09:45:59.749 21351 22435 W PackageParser: Unknown element under <manifest>: queries at /data/user_de/0/com.google.android.gms/app_chimera/m/0000000a/AdsDynamite.apk Binary XML file line #5
04-22 09:45:59.807 21351 22435 W PackageParser: Unknown element under <manifest>: queries at /data/user_de/0/com.google.android.gms/app_chimera/m/00000018/dl-AdsFdrDynamite.integ_210890500100000.apk Binary XML file line #5
04-22 09:45:59.912 21351 21414 W PackageParser: Unknown element under <manifest>: queries at /data/user_de/0/com.google.android.gms/app_chimera/m/0000000a/AdsDynamite.apk Binary XML file line #5
04-22 09:46:00.004 21351 21414 W PackageParser: Unknown element under <manifest>: queries at /data/user_de/0/com.google.android.gms/app_chimera/m/00000018/dl-AdsFdrDynamite.integ_210890500100000.apk Binary XML file line #5
04-22 09:46:00.289  1741  5777 I DropBoxManagerService: add tag=keymaster isTagEnabled=true flags=0x0
04-22 09:46:01.243  1741  5777 W ActivityManager: Background start not allowed: service Intent { cmp=com.google.android.apps.messaging/.shared.datamodel.action.execution.ActionExecutorImpl$EmptyService } to com.google.android.apps.messaging/.shared.datamodel.action.execution.ActionExecutorImpl$EmptyService from pid=21892 uid=10182 pkg=com.google.android.apps.messaging startFg?=false
04-22 09:46:02.296  1741  1773 W BroadcastQueue: Background execution not allowed: receiving Intent { act=android.intent.action.DROPBOX_ENTRY_ADDED flg=0x10 (has extras) } to com.google.android.gms/.stats.service.DropBoxEntryAddedReceiver
04-22 09:46:02.296  1741  1773 W BroadcastQueue: Background execution not allowed: receiving Intent { act=android.intent.action.DROPBOX_ENTRY_ADDED flg=0x10 (has extras) } to com.google.android.gms/.chimera.GmsIntentOperationService$PersistentTrustedReceiver
04-22 09:46:03.532  1741  5777 I DropBoxManagerService: add tag=keymaster isTagEnabled=true flags=0x0
04-22 09:46:03.547  1741  2392 I DropBoxManagerService: add tag=keymaster isTagEnabled=true flags=0x0
04-22 09:46:03.559  1741  2392 I DropBoxManagerService: add tag=keymaster isTagEnabled=true flags=0x0
--------- beginning of main
04-22 09:46:03.818   708 22527 D QC-time-services: offset is: 3 for base: 0
04-22 09:46:03.819   575   601 E QC-time-services: Receive Passed == base = 13, unit = 1, operation = 2, result = 0
04-22 09:46:03.819   575   601 D DrmLibTime: QSEE Time Listener: ATS_MODEM is not set. Fallback to Android system time.
04-22 09:46:03.819   575   601 D DrmLibTime: QSEE Time Listener: Retrieved Android system time: 1619099163
04-22 09:46:03.819   575   601 D DrmLibTime: time_getutcsec returns 0, sec = 1619099163; nsec = 0
04-22 09:46:03.819   575   601 D DrmLibTime: time_getutcsec finished! 
04-22 09:46:03.819   575   601 D DrmLibTime: iotcl_continue_command finished! and return 0 
04-22 09:46:03.819   575   601 D DrmLibTime: before calling ioctl to read the next time_cmd
04-22 09:46:03.819   967   967 I keystore: del CACERT_gmphn_model_key_1000008_1 10120
04-22 09:46:03.820   708   719 E QC-time-services: Daemon: Time-services: Waiting to acceptconnection
04-22 09:46:03.845   967 22526 D DropBoxManager: About to call service->add()
04-22 09:46:03.845  1741  5777 I DropBoxManagerService: add tag=keymaster isTagEnabled=true flags=0x0
04-22 09:46:03.847   967 22526 D DropBoxManager: service->add returned No error
04-22 09:46:03.848   575   601 D DrmLibTime: got the req here! ret=0
04-22 09:46:03.848   575   601 D DrmLibTime: command id, time_cmd_id = 770
04-22 09:46:03.848   575   601 D DrmLibTime: time_getutcsec starts!
04-22 09:46:03.848   575   601 D DrmLibTime: QSEE Time Listener: time_getutcsec
04-22 09:46:03.848   575   601 D DrmLibTime: QSEE Time Listener: get_utc_seconds
04-22 09:46:03.848   575   601 D DrmLibTime: QSEE Time Listener: time_get_modem_time
04-22 09:46:03.848   575   601 D DrmLibTime: QSEE Time Listener: Checking if ATS_MODEM is set or not.
04-22 09:46:03.848   575   601 D QC-time-services: Lib:time_genoff_operation: pargs->base = 13
04-22 09:46:03.848   575   601 D QC-time-services: Lib:time_genoff_operation: pargs->operation = 2
04-22 09:46:03.848   575   601 D QC-time-services: Lib:time_genoff_operation: pargs->ts_val = 0
04-22 09:46:03.849   575   601 D QC-time-services: Lib:time_genoff_operation: Send to server  passed!!
04-22 09:46:03.849   708   719 D QC-time-services: Daemon: Connection accepted:time_genoff
04-22 09:46:03.849   708 22528 D QC-time-services: Daemon:Received base = 13, unit = 1, operation = 2,value = 0
04-22 09:46:03.849   708 22528 D QC-time-services: Daemon:genoff_opr: Base = 13, val = 0, operation = 2
04-22 09:46:03.849   708 22528 D QC-time-services: offset is: 3 for base: 0
04-22 09:46:03.849   575   601 E QC-time-services: Receive Passed == base = 13, unit = 1, operation = 2, result = 0
04-22 09:46:03.849   575   601 D DrmLibTime: QSEE Time Listener: ATS_MODEM is not set. Fallback to Android system time.
04-22 09:46:03.850   575   601 D DrmLibTime: QSEE Time Listener: Retrieved Android system time: 1619099163
04-22 09:46:03.850   575   601 D DrmLibTime: time_getutcsec returns 0, sec = 1619099163; nsec = 0
04-22 09:46:03.850   575   601 D DrmLibTime: time_getutcsec finished! 
04-22 09:46:03.850   575   601 D DrmLibTime: iotcl_continue_command finished! and return 0 
04-22 09:46:03.850   575   601 D DrmLibTime: before calling ioctl to read the next time_cmd
04-22 09:46:03.851   708   719 E QC-time-services: Daemon: Time-services: Waiting to acceptconnection
04-22 09:46:03.859   967 22526 D DropBoxManager: About to call service->add()
04-22 09:46:03.860  1741  5777 I DropBoxManagerService: add tag=keymaster isTagEnabled=true flags=0x0
04-22 09:46:03.862   967 22526 D DropBoxManager: service->add returned No error
04-22 09:46:03.864   575   601 D DrmLibTime: got the req here! ret=0
04-22 09:46:03.864   575   601 D DrmLibTime: command id, time_cmd_id = 770
04-22 09:46:03.864   575   601 D DrmLibTime: time_getutcsec starts!
04-22 09:46:03.864   575   601 D DrmLibTime: QSEE Time Listener: time_getutcsec
04-22 09:46:03.864   575   601 D DrmLibTime: QSEE Time Listener: get_utc_seconds
04-22 09:46:03.864   575   601 D DrmLibTime: QSEE Time Listener: time_get_modem_time
04-22 09:46:03.864   575   601 D DrmLibTime: QSEE Time Listener: Checking if ATS_MODEM is set or not.
04-22 09:46:03.864   575   601 D QC-time-services: Lib:time_genoff_operation: pargs->base = 13
04-22 09:46:03.864   575   601 D QC-time-services: Lib:time_genoff_operation: pargs->operation = 2
04-22 09:46:03.864   575   601 D QC-time-services: Lib:time_genoff_operation: pargs->ts_val = 0
04-22 09:46:03.864   575   601 D QC-time-services: Lib:time_genoff_operation: Send to server  passed!!
04-22 09:46:03.864   708   719 D QC-time-services: Daemon: Connection accepted:time_genoff
04-22 09:46:03.864   708 22529 D QC-time-services: Daemon:Received base = 13, unit = 1, operation = 2,value = 0
04-22 09:46:03.864   708 22529 D QC-time-services: Daemon:genoff_opr: Base = 13, val = 0, operation = 2
04-22 09:46:03.864   708 22529 D QC-time-services: offset is: 3 for base: 0
04-22 09:46:03.864   575   601 E QC-time-services: Receive Passed == base = 13, unit = 1, operation = 2, result = 0
04-22 09:46:03.864   575   601 D DrmLibTime: QSEE Time Listener: ATS_MODEM is not set. Fallback to Android system time.
04-22 09:46:03.864   575   601 D DrmLibTime: QSEE Time Listener: Retrieved Android system time: 1619099163
04-22 09:46:03.864   575   601 D DrmLibTime: time_getutcsec returns 0, sec = 1619099163; nsec = 0
04-22 09:46:03.864   575   601 D DrmLibTime: time_getutcsec finished! 
04-22 09:46:03.865   575   601 D DrmLibTime: iotcl_continue_command finished! and return 0 
04-22 09:46:03.865   575   601 D DrmLibTime: before calling ioctl to read the next time_cmd
04-22 09:46:03.867   708   719 E QC-time-services: Daemon: Time-services: Waiting to acceptconnection
04-22 09:46:03.873   967 22526 D DropBoxManager: About to call service->add()
04-22 09:46:03.873  1741  2501 I DropBoxManagerService: add tag=keymaster isTagEnabled=true flags=0x0
04-22 09:46:03.875   967 22526 D DropBoxManager: service->add returned No error
04-22 09:46:04.033 21973 22202 I chatty  : uid=10120(com.android.vending) expire 2 lines
04-22 09:46:04.075   967   967 I keystore: del USRPKEY_gmphn_model_key_1000009_1 10120
04-22 09:46:04.076   967   967 I keystore: del USRPKEY_gmphn_model_key_1000010_1 10120
04-22 09:46:04.076   967   967 I keystore: del USRSKEY_gmphn_model_key_1000009_1 10120
04-22 09:46:04.076   967   967 I keystore: del USRSKEY_gmphn_model_key_1000010_1 10120
04-22 09:46:04.076   967   967 I keystore: del USRCERT_gmphn_model_key_1000009_1 10120
04-22 09:46:04.077   967   967 I keystore: del USRCERT_gmphn_model_key_1000010_1 10120
04-22 09:46:04.077   967   967 I keystore: del CACERT_gmphn_model_key_1000009_1 10120
04-22 09:46:04.077   967   967 I keystore: del CACERT_gmphn_model_key_1000010_1 10120
04-22 09:46:04.079   575   601 D DrmLibTime: got the req here! ret=0
04-22 09:46:04.079   575   601 D DrmLibTime: command id, time_cmd_id = 770
04-22 09:46:04.079   575   601 D DrmLibTime: time_getutcsec starts!
04-22 09:46:04.079   575   601 D DrmLibTime: QSEE Time Listener: time_getutcsec
04-22 09:46:04.079   575   601 D DrmLibTime: QSEE Time Listener: get_utc_seconds
04-22 09:46:04.079   575   601 D DrmLibTime: QSEE Time Listener: time_get_modem_time
04-22 09:46:04.079   575   601 D DrmLibTime: QSEE Time Listener: Checking if ATS_MODEM is set or not.
04-22 09:46:04.079   575   601 D QC-time-services: Lib:time_genoff_operation: pargs->base = 13
04-22 09:46:04.079   575   601 D QC-time-services: Lib:time_genoff_operation: pargs->operation = 2
04-22 09:46:04.079   575   601 D QC-time-services: Lib:time_genoff_operation: pargs->ts_val = 0
04-22 09:46:04.080   575   601 D QC-time-services: Lib:time_genoff_operation: Send to server  passed!!
04-22 09:46:04.080   708   719 D QC-time-services: Daemon: Connection accepted:time_genoff
04-22 09:46:04.080   708 22548 D QC-time-services: Daemon:Received base = 13, unit = 1, operation = 2,value = 0
04-22 09:46:04.080   708 22548 D QC-time-services: Daemon:genoff_opr: Base = 13, val = 0, operation = 2
04-22 09:46:04.080   708 22548 D QC-time-services: offset is: 3 for base: 0
04-22 09:46:04.080   575   601 E QC-time-services: Receive Passed == base = 13, unit = 1, operation = 2, result = 0
04-22 09:46:04.080   575   601 D DrmLibTime: QSEE Time Listener: ATS_MODEM is not set. Fallback to Android system time.
04-22 09:46:04.080   575   601 D DrmLibTime: QSEE Time Listener: Retrieved Android system time: 1619099164
04-22 09:46:04.080   575   601 D DrmLibTime: time_getutcsec returns 0, sec = 1619099164; nsec = 0
04-22 09:46:04.080   575   601 D DrmLibTime: time_getutcsec finished! 
04-22 09:46:04.080   575   601 D DrmLibTime: iotcl_continue_command finished! and return 0 
04-22 09:46:04.080   575   601 D DrmLibTime: before calling ioctl to read the next time_cmd
04-22 09:46:04.081   708   719 E QC-time-services: Daemon: Time-services: Waiting to acceptconnection
04-22 09:46:04.136   967 22547 D DropBoxManager: About to call service->add()
04-22 09:46:04.137  1741  2501 I chatty  : uid=1000(system) Binder:1741_8 identical 1 line
04-22 09:46:04.140   967 22547 D DropBoxManager: service->add returned No error
04-22 09:46:04.142   575   601 D DrmLibTime: got the req here! ret=0
04-22 09:46:04.142   575   601 D DrmLibTime: command id, time_cmd_id = 770
04-22 09:46:04.142   575   601 D DrmLibTime: time_getutcsec starts!
04-22 09:46:04.142   575   601 D DrmLibTime: QSEE Time Listener: time_getutcsec
04-22 09:46:04.142   575   601 D DrmLibTime: QSEE Time Listener: get_utc_seconds
04-22 09:46:04.142   575   601 D DrmLibTime: QSEE Time Listener: time_get_modem_time
04-22 09:46:04.142   575   601 D DrmLibTime: QSEE Time Listener: Checking if ATS_MODEM is set or not.
04-22 09:46:04.142   575   601 D QC-time-services: Lib:time_genoff_operation: pargs->base = 13
04-22 09:46:04.142   575   601 D QC-time-services: Lib:time_genoff_operation: pargs->operation = 2
04-22 09:46:04.142   575   601 D QC-time-services: Lib:time_genoff_operation: pargs->ts_val = 0
04-22 09:46:04.142   575   601 D QC-time-services: Lib:time_genoff_operation: Send to server  passed!!
04-22 09:46:04.143   708   719 D QC-time-services: Daemon: Connection accepted:time_genoff
04-22 09:46:04.143   708 22549 D QC-time-services: Daemon:Received base = 13, unit = 1, operation = 2,value = 0
04-22 09:46:04.143   708 22549 D QC-time-services: Daemon:genoff_opr: Base = 13, val = 0, operation = 2
04-22 09:46:04.143   708 22549 D QC-time-services: offset is: 3 for base: 0
04-22 09:46:04.143   575   601 E QC-time-services: Receive Passed == base = 13, unit = 1, operation = 2, result = 0
04-22 09:46:04.143   575   601 D DrmLibTime: QSEE Time Listener: ATS_MODEM is not set. Fallback to Android system time.
04-22 09:46:04.143   575   601 D DrmLibTime: QSEE Time Listener: Retrieved Android system time: 1619099164
04-22 09:46:04.143   575   601 D DrmLibTime: time_getutcsec returns 0, sec = 1619099164; nsec = 0
04-22 09:46:04.143   575   601 D DrmLibTime: time_getutcsec finished! 
04-22 09:46:04.143   575   601 D DrmLibTime: iotcl_continue_command finished! and return 0 
04-22 09:46:04.143   575   601 D DrmLibTime: before calling ioctl to read the next time_cmd
04-22 09:46:04.144   708   719 E QC-time-services: Daemon: Time-services: Waiting to acceptconnection
04-22 09:46:04.154   967 22547 D DropBoxManager: About to call service->add()
04-22 09:46:04.155  1741  2501 I DropBoxManagerService: add tag=keymaster isTagEnabled=true flags=0x0
04-22 09:46:04.157   967 22547 D DropBoxManager: service->add returned No error
04-22 09:46:04.212 22376 22396 I chatty  : uid=10120(com.android.vending) expire 2 lines
04-22 09:46:04.250 21973 22109 I chatty  : uid=10120(com.android.vending) expire 5 lines
04-22 09:46:04.262 21973 22157 I chatty  : uid=10120(com.android.vending) expire 2 lines
04-22 09:46:04.345 21973 22189 I chatty  : uid=10120(com.android.vending) expire 1 line
04-22 09:46:04.413  1741  2501 I ActivityManager: Killing 21583:com.google.android.apps.turbo/u0a143 (adj 985): empty #17
04-22 09:46:04.414  1741  2501 I ActivityManager: Killing 21486:com.google.android.apps.work.oobconfig/u0a118 (adj 985): empty #18
04-22 09:46:04.462 22016 22566 I FirebaseCrash: Sending crashes
04-22 09:46:04.468  1741  3613 D ActivityManager: makeInactive, ProcessRecord{4b6a445 21583:com.google.android.apps.turbo/u0a143}, clear holder.state
04-22 09:46:04.468   722   722 I Zygote  : Process 21583 exited due to signal 9 (Killed)
04-22 09:46:04.479   722   722 I Zygote  : Process 21486 exited due to signal 9 (Killed)
04-22 09:46:04.480  1741  2501 D ActivityManager: makeInactive, ProcessRecord{7f52b50 21486:com.google.android.apps.work.oobconfig/u0a118}, clear holder.state
04-22 09:46:04.482 21351 21363 I chatty  : uid=10158(com.google.android.gms) HeapTaskDaemon expire 3 lines
04-22 09:46:08.626  1741  2316 I chatty  : uid=1000(system) Binder:1741_4 expire 1 line
04-22 09:46:08.628 15487 15487 I MotoDisplay: Acquiring partial wakelock MotoDisplayWakeLock for 500ms.
04-22 09:46:08.629 15487 15487 I MotoDisplay: Start logging time for trigger Type: GLANCE_GESTURE GlanceType: GLANCE_GESTURE_EXIT_FLATUP
04-22 09:46:08.630 15487 15487 I MotoDisplay: Glance Sensor Event Gesture Type: 2
04-22 09:46:08.630 15487 15487 I MotoDisplay: pulse - trigger: Type: GLANCE_GESTURE GlanceType: GLANCE_GESTURE_EXIT_FLATUP is pulsing: false is paused: false
04-22 09:46:08.630 15487 15487 I MotoDisplay: Acquiring partial wakelock MotoDisplayWakeLock for 500ms.
04-22 09:46:08.645 15487 15487 I MotoDisplay: isPulseAllowed: true
04-22 09:46:08.651 21351 21367 W Binder  : reply too large data on java level: InterfaceDescriptor = null, code = 46
04-22 09:46:08.652 21892 21928 E JavaBinder: !!! FAILED BINDER TRANSACTION !!!  (parcel size = 696)
04-22 09:46:08.653 21892 21928 W GmsClient: IGmsServiceBroker.getService failed
04-22 09:46:08.653 21892 21928 W GmsClient: android.os.DeadObjectException: Transaction failed on small parcel; remote process probably died
04-22 09:46:08.653 21892 21928 W GmsClient: 	at android.os.BinderProxy.transactNative(Native Method)
04-22 09:46:08.653 21892 21928 W GmsClient: 	at android.os.BinderProxy.transact(BinderProxy.java:511)
04-22 09:46:08.653 21892 21928 W GmsClient: 	at qgo.getService(PG:10)
04-22 09:46:08.653 21892 21928 W GmsClient: 	at com.google.android.gms.common.internal.BaseGmsClient.a(PG:107)
04-22 09:46:08.653 21892 21928 W GmsClient: 	at qcy.run(PG:8)
04-22 09:46:08.653 21892 21928 W GmsClient: 	at android.os.Handler.handleCallback(Handler.java:883)
04-22 09:46:08.653 21892 21928 W GmsClient: 	at android.os.Handler.dispatchMessage(Handler.java:100)
04-22 09:46:08.653 21892 21928 W GmsClient: 	at qtd.a(PG:5)
04-22 09:46:08.653 21892 21928 W GmsClient: 	at qtd.dispatchMessage(PG:4)
04-22 09:46:08.653 21892 21928 W GmsClient: 	at android.os.Looper.loop(Looper.java:241)
04-22 09:46:08.653 21892 21928 W GmsClient: 	at android.os.HandlerThread.run(HandlerThread.java:67)
04-22 09:46:08.687 15487 15487 I MotoDisplay: Animations disabled: false
04-22 09:46:08.687  2309  2699 I MotoDisplayManager: MotoDisplayCallback triggerVirtualSensor
04-22 09:46:08.702  2309  2699 I MotoDisplayManager: MotoDisplayCallback setScreenBrightness<brightness>30
04-22 09:46:08.716  1741  1781 I DisplayPowerController: Blocking screen on until initial contents have been drawn.
04-22 09:46:08.717  1741  1781 I WindowManager: Screen turning on...
04-22 09:46:08.718  2309 20092 V KeyguardViewMediator: notifyDrawn
04-22 09:46:08.718  1741  3613 D WindowManager: mKeyguardDelegate.ShowListener.onDrawn.
04-22 09:46:08.718  1741  1764 W WindowManager: Setting mKeyguardDrawComplete
04-22 09:46:08.718  2492  2492 D QtiCarrierConfigHelper: WARNING, no carrier configs on phone Id: 0
04-22 09:46:08.732  1741  1781 V DisplayPowerController: Brightness [23] reason changing to: 'doze', previous reason: 'screen_off'.
04-22 09:46:08.733  1741  1766 I DisplayManagerService: Display device changed state: "Built-in Screen", ON
04-22 09:46:08.734   872   872 D SurfaceFlinger: Setting power mode 2 on display 0
04-22 09:46:08.734   816   904 I SDM     : DisplayBase::SetDisplayState: Set state = 1, display 0
04-22 09:46:08.736  2291  2574 I chatty  : uid=1002(bluetooth) BluetoothScanMa expire 12 lines
04-22 09:46:08.744   803  1032 W qti_sensors_hal: processReportInd: lux: 21, ch0: 70, ch1: 19
04-22 09:46:08.746 15487 15487 I MotoDisplay: Time elapsed since sensor trigger Type: GLANCE_GESTURE GlanceType: GLANCE_GESTURE_EXIT_FLATUP is 117 ms
04-22 09:46:08.747  2309  2332 I MotoDisplayManager: MotoDisplayCallback setScreenBrightness<brightness>23
04-22 09:46:08.748  2622  2690 I QcrilOemhookMsgTunnel: [0]processOemHookResponse serial no: -1 error: 0length=1
04-22 09:46:08.748  2622  2690 E QcrilOemhookMsgTunnel: [0]Unexpected serial number in solicited response!serial: -1 error: 0
04-22 09:46:08.753   803  1646 W qti_sensors_hal: reportSingleEvent: NearBy 0, pData 1075,  highThd 5001
04-22 09:46:08.766 15487 15487 I MotoDisplay: Animations disabled: false
04-22 09:46:08.777  1741  1766 I WindowManager: All windows ready for display!
04-22 09:46:08.778  1741  1764 W WindowManager: Setting mWindowManagerDrawComplete
04-22 09:46:08.778  1741  1781 I DisplayPowerController: Unblocked screen on after 62 ms
04-22 09:46:08.786   721  2383 I netd    : trafficSwapActiveStatsMap() <53.11ms>
04-22 09:46:08.790   721  2383 I netd    : tetherGetStats() <1.89ms>
04-22 09:46:08.875   721  2383 I netd    : bandwidthSetGlobalAlert(2097152) <0.42ms>
04-22 09:46:08.968   803  1032 W qti_sensors_hal: processReportInd: lux: 30, ch0: 90, ch1: 20
04-22 09:46:08.988   872   872 D SurfaceFlinger: Finished setting power mode 2 on display 0
04-22 09:46:09.119   803  1652 D NativeSensors: CapSensor:  mPendingEvent.distance=0.000000
04-22 09:46:09.124  1741  1773 W BroadcastQueue: Background execution not allowed: receiving Intent { act=android.intent.action.DROPBOX_ENTRY_ADDED flg=0x10 (has extras) } to com.google.android.gms/.stats.service.DropBoxEntryAddedReceiver
04-22 09:46:09.124  1741  1773 W BroadcastQueue: Background execution not allowed: receiving Intent { act=android.intent.action.DROPBOX_ENTRY_ADDED flg=0x10 (has extras) } to com.google.android.gms/.chimera.GmsIntentOperationService$PersistentTrustedReceiver
04-22 09:46:09.216   803  1652 D NativeSensors: CapSensor:  mPendingEvent.distance=0.000000
04-22 09:46:09.218   803  1032 W qti_sensors_hal: processReportInd: lux: 90, ch0: 233, ch1: 411
04-22 09:46:09.228  2309  2332 I MotoDisplayManager: MotoDisplayCallback setScreenBrightness<brightness>38
04-22 09:46:09.344   803  1032 W qti_sensors_hal: processReportInd: lux: 127, ch0: 316, ch1: 417
04-22 09:46:09.346  2309  2332 I MotoDisplayManager: MotoDisplayCallback setScreenBrightness<brightness>63
04-22 09:46:09.571 21307 21319 I chatty  : uid=10158(com.google.android.gms) HeapTaskDaemon expire 1 line
04-22 09:46:10.224     0     0 W swapper/0: type=1400 audit(0.0:1957): avc: denied { kill } for uid=0 capability=5 scontext=u:r:kernel:s0 tcontext=u:r:kernel:s0 tclass=capability permissive=0
04-22 09:46:10.361   803  1652 D NativeSensors: CapSensor:  mPendingEvent.distance=2.000000
04-22 09:46:10.410   803  1652 D NativeSensors: CapSensor:  mPendingEvent.distance=1.000000
04-22 09:46:10.506   803  1652 D NativeSensors: CapSensor:  mPendingEvent.distance=2.000000
04-22 09:46:10.747   803  1652 D NativeSensors: CapSensor:  mPendingEvent.distance=1.000000
04-22 09:46:10.843   803  1652 D NativeSensors: CapSensor:  mPendingEvent.distance=2.000000
04-22 09:46:12.474  2309  2309 W View    : requestLayout() improperly called by com.android.systemui.statusbar.HeadsUpStatusBarView{7a4e36e I.E...... ......I. 0,0-248,56 #7f0a01f7 app:id/heads_up_status_bar_view} during layout: running second layout pass
04-22 09:46:12.535  3553  3573 W orola.launcher: Reducing the number of considered missed Gc histogram windows from 507 to 100
04-22 09:46:13.114   722   722 D Zygote  : Forked child process 22575
04-22 09:46:13.118  1741  1774 I ActivityManager: Start proc 22575:com.google.android.configupdater/u0a112 for service {com.google.android.configupdater/com.google.android.configupdater.MainJobService}
04-22 09:46:13.132   722   722 D Zygote  : Forked child process 22588
04-22 09:46:13.135  1741  1774 I ActivityManager: Start proc 22588:com.google.android.apps.work.oobconfig/u0a118 for service {com.google.android.apps.work.oobconfig/com.google.android.apps.work.oobconfig.gservices.GservicesChangedObserverService}
04-22 09:46:13.140 22575 22575 E d.configupdate: Not starting debugger since process cannot load the jdwp agent.
04-22 09:46:13.146 22588 22588 E .work.oobconfi: Not starting debugger since process cannot load the jdwp agent.
04-22 09:46:13.178 22575 22575 D ApplicationLoaders: Returning zygote-cached class loader: /system/framework/android.hidl.base-V1.0-java.jar
04-22 09:46:13.178 22575 22575 D ApplicationLoaders: Returning zygote-cached class loader: /system/framework/android.hidl.manager-V1.0-java.jar
04-22 09:46:13.178 22575 22575 D ApplicationLoaders: Returning zygote-cached class loader: /system/framework/android.hidl.base-V1.0-java.jar
04-22 09:46:13.181 22575 22575 I d.configupdate: The ClassLoaderContext is a special shared library.
04-22 09:46:13.185 22588 22588 D ApplicationLoaders: Returning zygote-cached class loader: /system/framework/android.hidl.base-V1.0-java.jar
04-22 09:46:13.185 22588 22588 D ApplicationLoaders: Returning zygote-cached class loader: /system/framework/android.hidl.manager-V1.0-java.jar
04-22 09:46:13.185 22588 22588 D ApplicationLoaders: Returning zygote-cached class loader: /system/framework/android.hidl.base-V1.0-java.jar
04-22 09:46:13.187 22588 22588 I .work.oobconfi: The ClassLoaderContext is a special shared library.
04-22 09:46:13.228 22588 22588 I FA      : App measurement is starting up, version: 10298
04-22 09:46:13.228 22588 22588 I FA      : To enable debug logging run: adb shell setprop log.tag.FA VERBOSE
04-22 09:46:13.234 22588 22588 I FA      : To enable faster debug mode event logging run:
04-22 09:46:13.234 22588 22588 I FA      :   adb shell setprop debug.firebase.analytics.app com.google.android.apps.work.oobconfig
04-22 09:46:13.249 22588 22588 D GservicesChangedObserverService: onStartJob
04-22 09:46:13.270 22588 22588 D GservicesChangedObserverService: scheduleJobService
04-22 09:46:13.283  1741  3126 I ActivityManager: Killing 21779:com.android.providers.calendar/u0a59 (adj 985): empty #17
04-22 09:46:13.293  1741  2501 I ActivityManager: Killing 21828:com.motorola.lifetimedata/u0a106 (adj 985): empty #17
04-22 09:46:13.310 22588 22627 W FA      : Failed to retrieve Firebase Instance Id
04-22 09:46:13.329  1741  3126 D ActivityManager: makeInactive, ProcessRecord{4d6c420 21828:com.motorola.lifetimedata/u0a106}, clear holder.state
04-22 09:46:13.333   722   722 I Zygote  : Process 21828 exited due to signal 9 (Killed)
04-22 09:46:13.341   722   722 I Zygote  : Process 21779 exited due to signal 9 (Killed)
04-22 09:46:13.341  1741  3126 D ActivityManager: makeInactive, ProcessRecord{ff371d9 21779:com.android.providers.calendar/u0a59}, clear holder.state
04-22 09:46:13.690 21351 21367 W Binder  : reply too large data on java level: InterfaceDescriptor = null, code = 46
04-22 09:46:13.690 21892 21928 E JavaBinder: !!! FAILED BINDER TRANSACTION !!!  (parcel size = 696)
04-22 09:46:13.691 21892 21928 W GmsClient: IGmsServiceBroker.getService failed
04-22 09:46:13.691 21892 21928 W GmsClient: android.os.DeadObjectException: Transaction failed on small parcel; remote process probably died
04-22 09:46:13.691 21892 21928 W GmsClient: 	at android.os.BinderProxy.transactNative(Native Method)
04-22 09:46:13.691 21892 21928 W GmsClient: 	at android.os.BinderProxy.transact(BinderProxy.java:511)
04-22 09:46:13.691 21892 21928 W GmsClient: 	at qgo.getService(PG:10)
04-22 09:46:13.691 21892 21928 W GmsClient: 	at com.google.android.gms.common.internal.BaseGmsClient.a(PG:107)
04-22 09:46:13.691 21892 21928 W GmsClient: 	at qcy.run(PG:8)
04-22 09:46:13.691 21892 21928 W GmsClient: 	at android.os.Handler.handleCallback(Handler.java:883)
04-22 09:46:13.691 21892 21928 W GmsClient: 	at android.os.Handler.dispatchMessage(Handler.java:100)
04-22 09:46:13.691 21892 21928 W GmsClient: 	at qtd.a(PG:5)
04-22 09:46:13.691 21892 21928 W GmsClient: 	at qtd.dispatchMessage(PG:4)
04-22 09:46:13.691 21892 21928 W GmsClient: 	at android.os.Looper.loop(Looper.java:241)
04-22 09:46:13.691 21892 21928 W GmsClient: 	at android.os.HandlerThread.run(HandlerThread.java:67)
04-22 09:46:15.010  2309 20092 I MotoDisplayManager: MotoDisplayCallback setScreenBrightness<brightness>0
04-22 09:46:16.209 15487 15487 I MotoDisplay: Request System UI to turn display OFF.
04-22 09:46:16.209  2309 20092 I MotoDisplayManager: MotoDisplayCallback requestScreenOff
04-22 09:46:16.214 15487 15487 I MotoDisplay: Acquiring partial wakelock MotoDisplayWakeLock for 500ms.
04-22 09:46:16.214  1741  1781 I DisplayPowerController: Blocking screen off
04-22 09:46:16.214  1741  1781 I DisplayPowerController: Unblocked screen off after 0 ms
04-22 09:46:16.235  1741  1781 I WindowManager: Screen turned off...
04-22 09:46:16.239  2492  2492 D QtiCarrierConfigHelper: WARNING, no carrier configs on phone Id: 0
04-22 09:46:16.257  1741  1781 V DisplayPowerController: Brightness [0] reason changing to: 'screen_off', previous reason: 'doze'.
04-22 09:46:16.258  1741  1766 I DisplayManagerService: Display device changed state: "Built-in Screen", OFF
04-22 09:46:16.258   872   872 D SurfaceFlinger: Setting power mode 0 on display 0
04-22 09:46:16.258 15487 15487 I MotoDisplay: Releasing wakelock: MotoDisplayWakeLock
04-22 09:46:16.259   816   904 I SDM     : DisplayBase::SetDisplayState: Set state = 0, display 0
04-22 09:46:16.268  2622  2690 I QcrilOemhookMsgTunnel: [0]processOemHookResponse serial no: -1 error: 0length=1
04-22 09:46:16.268  2622  2690 E QcrilOemhookMsgTunnel: [0]Unexpected serial number in solicited response!serial: -1 error: 0
04-22 09:46:16.268  2309  2309 W View    : requestLayout() improperly called by com.android.systemui.statusbar.HeadsUpStatusBarView{7a4e36e I.E...... ......I. 0,0-248,56 #7f0a01f7 app:id/heads_up_status_bar_view} during layout: running second layout pass
04-22 09:46:16.271  2309  2309 D StatusBar: disable<e i a s b H R c s > disable2<q i n >
04-22 09:46:16.273  2309  2309 D StatusBar: disable<e i a s b H R c s > disable2<q i n >
04-22 09:46:16.287   803  1646 W qti_sensors_hal: reportSingleEvent: NearBy 0, pData 1048,  highThd 5001
04-22 09:46:16.510 21973 21973 I chatty  : uid=10120(com.android.vending) expire 10 lines
04-22 09:46:16.639   872   872 D SurfaceFlinger: Finished setting power mode 0 on display 0
04-22 09:46:16.639  1741  2285 I chatty  : uid=1000(system) PhotonicModulat expire 4 lines
04-22 09:46:22.232  1741  2047 I chatty  : uid=1000(system) Binder:1741_3 expire 7 lines
04-22 09:46:22.267 22271 22271 I chatty  : uid=10120(com.android.vending) expire 1 line
04-22 09:46:22.271  1741  2047 I ActivityManager: Killing 20751:com.google.android.apps.docs/u0a192 (adj 985): empty #17
04-22 09:46:22.311  1741  2047 D ActivityManager: makeInactive, ProcessRecord{d620444 20751:com.google.android.apps.docs/u0a192}, clear holder.state
04-22 09:46:22.315   722   722 I Zygote  : Process 20751 exited due to signal 9 (Killed)
04-22 09:46:22.328  1741  1775 I chatty  : uid=1000(system) ActivityManager expire 4 lines
04-22 09:46:25.589 22575 22614 I d.configupdate: Waiting for a blocking GC ProfileSaver
04-22 09:46:25.590 22588 22615 I .work.oobconfi: Waiting for a blocking GC ProfileSaver
04-22 09:46:25.607 22588 22615 I .work.oobconfi: WaitForGcToComplete blocked ProfileSaver on ClassLinker for 16.788ms
04-22 09:46:25.607 22575 22614 I d.configupdate: WaitForGcToComplete blocked ProfileSaver on ClassLinker for 17.880ms
04-22 09:46:25.770  1741  4851 I chatty  : uid=1000(system) Binder:1741_11 expire 3 lines
04-22 09:46:27.208 21351 21440 I chatty  : uid=10158(com.google.android.gms) Binder:21351_6 expire 1 line
04-22 09:46:27.208 21351 21440 W Binder  : reply too large data on java level: InterfaceDescriptor = null, code = 46
04-22 09:46:27.209 21892 21928 E JavaBinder: !!! FAILED BINDER TRANSACTION !!!  (parcel size = 696)
04-22 09:46:27.209 21892 21928 W GmsClient: IGmsServiceBroker.getService failed
04-22 09:46:27.209 21892 21928 W GmsClient: android.os.DeadObjectException: Transaction failed on small parcel; remote process probably died
04-22 09:46:27.209 21892 21928 W GmsClient: 	at android.os.BinderProxy.transactNative(Native Method)
04-22 09:46:27.209 21892 21928 W GmsClient: 	at android.os.BinderProxy.transact(BinderProxy.java:511)
04-22 09:46:27.209 21892 21928 W GmsClient: 	at qgo.getService(PG:10)
04-22 09:46:27.209 21892 21928 W GmsClient: 	at com.google.android.gms.common.internal.BaseGmsClient.a(PG:107)
04-22 09:46:27.209 21892 21928 W GmsClient: 	at qcy.run(PG:8)
04-22 09:46:27.209 21892 21928 W GmsClient: 	at android.os.Handler.handleCallback(Handler.java:883)
04-22 09:46:27.209 21892 21928 W GmsClient: 	at android.os.Handler.dispatchMessage(Handler.java:100)
04-22 09:46:27.209 21892 21928 W GmsClient: 	at qtd.a(PG:5)
04-22 09:46:27.209 21892 21928 W GmsClient: 	at qtd.dispatchMessage(PG:4)
04-22 09:46:27.209 21892 21928 W GmsClient: 	at android.os.Looper.loop(Looper.java:241)
04-22 09:46:27.209 21892 21928 W GmsClient: 	at android.os.HandlerThread.run(HandlerThread.java:67)
04-22 09:46:31.229  2309  2309 W View    : requestLayout() improperly called by com.android.systemui.statusbar.HeadsUpStatusBarView{7a4e36e I.E...... ......I. 0,0-248,56 #7f0a01f7 app:id/heads_up_status_bar_view} during layout: running second layout pass
04-22 09:46:53.626 15487 15487 I MotoDisplay: Acquiring partial wakelock MotoDisplayWakeLock for 500ms.
04-22 09:46:53.628 15487 15487 I MotoDisplay: Start logging time for trigger Type: GLANCE_GESTURE GlanceType: GLANCE_GESTURE_MOVEMENT
04-22 09:46:53.628 15487 15487 I MotoDisplay: Glance Sensor Event Gesture Type: 16
04-22 09:46:53.628 15487 15487 I MotoDisplay: pulse - trigger: Type: GLANCE_GESTURE GlanceType: GLANCE_GESTURE_MOVEMENT is pulsing: false is paused: false
04-22 09:46:53.628 15487 15487 I MotoDisplay: Acquiring partial wakelock MotoDisplayWakeLock for 500ms.
04-22 09:46:53.645 15487 15487 I MotoDisplay: isPulseAllowed: true
04-22 09:46:53.679 15487 15487 I MotoDisplay: Animations disabled: false
04-22 09:46:53.680  2309  2330 I MotoDisplayManager: MotoDisplayCallback triggerVirtualSensor
04-22 09:46:53.704   721  2383 I netd    : trafficSwapActiveStatsMap() <29.18ms>
04-22 09:46:53.706   721  2383 I netd    : tetherGetStats() <1.55ms>
04-22 09:46:53.708  1741  1781 I DisplayPowerController: Blocking screen on until initial contents have been drawn.
04-22 09:46:53.708  1741  1781 I WindowManager: Screen turning on...
04-22 09:46:53.709  1741  1781 V DisplayPowerController: Brightness [23] reason changing to: 'doze', previous reason: 'screen_off'.
04-22 09:46:53.709  2309  2330 V KeyguardViewMediator: notifyDrawn
04-22 09:46:53.709  1741  5262 D WindowManager: mKeyguardDelegate.ShowListener.onDrawn.
04-22 09:46:53.710  1741  1764 W WindowManager: Setting mKeyguardDrawComplete
04-22 09:46:53.711  2492  2492 D QtiCarrierConfigHelper: WARNING, no carrier configs on phone Id: 0
04-22 09:46:53.712  1741  1766 I DisplayManagerService: Display device changed state: "Built-in Screen", ON
04-22 09:46:53.718   872   872 D SurfaceFlinger: Setting power mode 2 on display 0
04-22 09:46:53.719   816   905 I SDM     : DisplayBase::SetDisplayState: Set state = 1, display 0
04-22 09:46:53.744  2622  2690 I QcrilOemhookMsgTunnel: [0]processOemHookResponse serial no: -1 error: 0length=1
04-22 09:46:53.744  2622  2690 E QcrilOemhookMsgTunnel: [0]Unexpected serial number in solicited response!serial: -1 error: 0
04-22 09:46:53.744   803  1646 W qti_sensors_hal: reportSingleEvent: NearBy 0, pData 1048,  highThd 5001
04-22 09:46:53.748  2309 18520 I MotoDisplayManager: MotoDisplayCallback setScreenBrightness<brightness>30
04-22 09:46:53.771  1741  1766 I WindowManager: All windows ready for display!
04-22 09:46:53.772  1741  1764 W WindowManager: Setting mWindowManagerDrawComplete
04-22 09:46:53.775  1741  1781 I DisplayPowerController: Unblocked screen on after 67 ms
04-22 09:46:53.778 15487 15487 I MotoDisplay: Time elapsed since sensor trigger Type: GLANCE_GESTURE GlanceType: GLANCE_GESTURE_MOVEMENT is 151 ms
04-22 09:46:53.779  2309 18520 I MotoDisplayManager: MotoDisplayCallback setScreenBrightness<brightness>63
04-22 09:46:53.803 15487 15487 I MotoDisplay: Animations disabled: false
04-22 09:46:53.821     0     0 W swapper/0: type=1400 audit(0.0:1958): avc: denied { kill } for uid=0 capability=5 scontext=u:r:kernel:s0 tcontext=u:r:kernel:s0 tclass=capability permissive=0
04-22 09:46:53.980   872   872 D SurfaceFlinger: Finished setting power mode 2 on display 0
04-22 09:46:54.191  1741  2123 I PowerManagerService: Waking up from Dozing (uid=1000, reason=WAKE_REASON_POWER_BUTTON, details=android.policy:POWER)...
04-22 09:46:54.193  1741  1741 W UsageStatsService: Event reported without a package name, eventType:15
04-22 09:46:54.194   820   820 I QTI PowerHAL: Got set_interactive hint
04-22 09:46:54.194   820   820 I QTI PowerHAL: Got set_interactive hint on= 1, count= 19
04-22 09:46:54.194   820   820 E QTI PowerHAL: Error opening /sys/kernel/hbtp/display_pwr: No such file or directory
04-22 09:46:54.195  1741  2123 I chatty  : uid=1000(system) InputReader expire 1 line
04-22 09:46:54.198  1741  1741 I WindowManager: Started waking up... (why=ON_BECAUSE_OF_USER)
04-22 09:46:54.201 15487 15487 I MotoDisplay: Request System UI to turn display ON.
04-22 09:46:54.201  2309 18520 I MotoDisplayManager: MotoDisplayCallback requestHide
04-22 09:46:54.202  1741  4851 I PowerManagerService: Waking up from Awake (uid=10131, reason=WAKE_REASON_GESTURE, details=com.android.systemui:NODOZE)...
04-22 09:46:54.209  1741  1781 V DisplayPowerController: Brightness [64] reason changing to: 'manual', previous reason: 'doze'.
04-22 09:46:54.212  1741  1781 V DisplayPowerController: Brightness [104] reason changing to: 'automatic', previous reason: 'manual'.
04-22 09:46:54.213  1741  1781 I DreamManagerService: Gently waking up from dream.
04-22 09:46:54.213  1741  1763 I DreamManagerService: Performing gentle wake from dream.
04-22 09:46:54.215  1741  1741 I WindowManager: Finished waking up... (why=ON_BECAUSE_OF_USER)
04-22 09:46:54.217  1741  1741 V SettingsProvider: Notifying for 0: content://settings/system/screen_brightness
04-22 09:46:54.218 17448   778 I chatty  : uid=10158(com.google.android.gms) Binder:17448_10 expire 4 lines
04-22 09:46:54.218 17448 30789 I chatty  : uid=10158(com.google.android.gms) Binder:17448_E expire 7 lines
04-22 09:46:54.218 17448 19921 I chatty  : uid=10158(com.google.android.gms) Binder:17448_D expire 1 line
04-22 09:46:54.220  3275  3275 I chatty  : uid=1000(system) com.motorola.process.system expire 2 lines
04-22 09:46:54.221  7312  7312 D MCLOG   : [MC_Service] onStartcommand()
04-22 09:46:54.223  2309  2309 D StatusBar: disable<e i a s b H R c s > disable2<q i n >
