04-22 09:46:54.223  2309  2309 D StatusBar: disable<e i a s b H R c s > disable2<q i n >
04-22 09:46:54.224  2309  2309 D StatusBar: updateQsExpansionEnabled - QS Expand enabled: true
04-22 09:46:54.230  7040  7040 W Settings: Setting data_roaming has moved from android.provider.Settings.Secure to android.provider.Settings.Global.
04-22 09:46:54.231   806   882 D audio_hw_primary: adev_set_parameters: enter: screen_state=on
04-22 09:46:54.231   806   882 V msm8974_platform: platform_set_parameters: enter: screen_state=on
04-22 09:46:54.231   806   882 V msm8974_platform: platform_set_parameters: exit with code(0)
04-22 09:46:54.233  1741  1741 I chatty  : uid=1000 system_server expire 2 lines
04-22 09:46:54.238  2309  2309 D StatusBar: updateQsExpansionEnabled - QS Expand enabled: true
04-22 09:46:54.239  7312  7569 D Checkin : publish the event [tag = MOT_DEVICE_STATS_L1 event name = SettingLogs]
04-22 09:46:54.248  2309  2309 I MotoDisplayManager: mMotoDisplayService.hide com.android.systemui.doze.IMotoDisplay$Stub$Proxy@cd902a8
04-22 09:46:54.254  1741  1741 V SettingsProvider: Notifying for 0: content://settings/secure/reminder_exp_learning_time_elapsed
04-22 09:46:54.255   872  2098 E HWComposer: getDisplayedContentSamplingAttributes: getDisplayedContentSamplingAttributes failed for display 0: Unsupported (8)
04-22 09:46:54.257  1741  3613 I DreamManagerService: Leaving dreamland.
04-22 09:46:54.258  1741  1763 I DreamManagerService: Performing gentle wake from dream.
04-22 09:46:54.258  1741  1763 I DreamController: Stopping dream: name=ComponentInfo{com.android.systemui/com.android.systemui.doze.DozeService}, isTest=false, canDoze=true, userId=0
04-22 09:46:54.266  2309  2309 W View    : requestLayout() improperly called by com.android.systemui.statusbar.HeadsUpStatusBarView{7a4e36e I.E...... ......I. 0,0-248,56 #7f0a01f7 app:id/heads_up_status_bar_view} during layout: running second layout pass
04-22 09:46:54.271 15487 15487 I MotoDisplay: onDestroy
04-22 09:46:54.271 15487 15487 I MotoDisplay: Releasing wakelock: MotoDisplayWakeLock
04-22 09:46:54.290  2443  3309 D QCNEJ/WlanStaInfoRelay: Received action: android.net.wifi.RSSI_CHANGED
04-22 09:46:54.290  2443  3309 I QCNEJ/NativeHalConnector: -> SND notifyWlanStaStatusChanged([WlanStaInfo]: wifiSwitchState = 1 rssi = -52 ssid = Jasmine bssid = b0:39:56:5a:37:40 dnsInfo = 192.168.1.1;0.0.0.0;0.0.0.0;0.0.0.0; freqBand = _2GHz countryCode = us[RatInfo]: networkType = 1 subType = 101 networkState = CONNECTED netHdl = 437197393933 ipAddrV4 = 192.168.1.68 ipAddrV6 =  ifNameV4 = wlan0 ifNameV6 =  slotIdx = 0 isAndroidValidated = true) timeStamp = 2021-04-22 09:46:54.29
04-22 09:46:54.298  2492  2725 E PhoneInterfaceManager: [PhoneIntfMgr] getCarrierPrivilegeStatus: No UICC
04-22 09:46:54.301  1741  2392 V WindowManager: Changing focus from Window{4a9be3f u0 AOD} to Window{2decc30 u0 StatusBar} displayId=0
04-22 09:46:54.303 15487 15487 I MotoDisplay: finishScreen
04-22 09:46:54.303 15487 15487 I MotoDisplay: onDestroy
04-22 09:46:54.315  1741  1767 I WindowManager:   SURFACE show Surface(name=NavigationBar0)/@0xb6c682d on display:0: NavigationBar0
04-22 09:46:54.322  2929  2929 I DeviceStatusMonitor: DeviceStatusMonitor$1.onReceive():48 onReceive() : Action = android.intent.action.SCREEN_ON
04-22 09:46:54.324  2758  3750 I CarrierServices: [97] car.a: FiST: Wifi connectivity status true
04-22 09:46:54.326  2758  4228 I CarrierServices: [125] chy.a: (PEv2-SM): DisabledState: event Connectivity event
04-22 09:46:54.326  2758  4230 I CarrierServices: [127] awv.handleMessage: RCS is disabled, skipping config update request
04-22 09:46:54.327  2758  3750 I CarrierServices: [97] cay.d: Connected state: [1], networkType: [WIFI]
04-22 09:46:54.328  2492  2725 E PhoneInterfaceManager: [PhoneIntfMgr] getCarrierPrivilegeStatus: No UICC
04-22 09:46:54.332  1741  1767 I WindowManager:   SURFACE show Surface(name=com.android.systemui.ImageWallpaper)/@0x1b70dbd on display:0: com.android.systemui.ImageWallpaper
04-22 09:46:54.345  1741  3126 D NotificationListeners: Disabling component com.motorola.motodisplay/.notification.DisplayNotifListenerService
04-22 09:46:54.354 15487 15487 I MotoDisplay: onListenerDisconnected - DisplayNotifListenerService
04-22 09:46:54.390 17448 17664 I chatty  : uid=10158(com.google.android.gms) NearbyDiscovery expire 11 lines
04-22 09:46:54.393 17448 31717 I chatty  : uid=10158(com.google.android.gms) highpool[120] expire 11 lines
04-22 09:46:54.393  1741  6001 I chatty  : uid=1000(system) Binder:1741_16 expire 1 line
04-22 09:46:54.408 17448 17676 I chatty  : uid=10158(com.google.android.gms) NearbyDirectMai expire 12 lines
04-22 09:46:54.409  2291 31168 I chatty  : uid=1002(bluetooth) Binder:2291_8 expire 11 lines
04-22 09:46:54.412  2291  2608 I chatty  : uid=1002(bluetooth) btu message loo expire 16 lines
04-22 09:46:54.419 17448 17448 I chatty  : uid=10158 com.google.android.gms.persistent expire 12 lines
04-22 09:46:54.422  2291  2345 I chatty  : uid=1002(bluetooth) BT Service Call expire 52 lines
04-22 09:46:54.425 17470 17596 E WorkerLoader: No worker found for Worker ID [trainingcache].
04-22 09:46:54.433 17470 17527 W WorkController: Loading failed for worker [trainingcache]: worker not found
04-22 09:46:54.437  2291  2318 I chatty  : uid=1002(bluetooth) Binder:2291_4 expire 13 lines
04-22 09:46:54.437  2291  2574 I chatty  : uid=1002(bluetooth) BluetoothScanMa expire 35 lines
04-22 09:46:54.447 17470 17597 W ServiceWorker: TrainingCache cache SCREEN_ON failure
04-22 09:46:54.447 17470 17597 W ServiceWorker: com.google.android.apps.gsa.search.core.service.h.a.a: No worker found for Worker ID [trainingcache].
04-22 09:46:54.447 17470 17597 W ServiceWorker: 	at com.google.android.apps.gsa.search.core.service.g.a.c.a(SourceFile:7)
04-22 09:46:54.447 17470 17597 W ServiceWorker: 	at com.google.android.libraries.gsa.l.a.n.a(SourceFile:2)
04-22 09:46:54.447 17470 17597 W ServiceWorker: 	at com.google.common.v.a.dn.b(SourceFile:7)
04-22 09:46:54.447 17470 17597 W ServiceWorker: 	at com.google.common.v.a.ch.run(SourceFile:12)
04-22 09:46:54.447 17470 17597 W ServiceWorker: 	at com.google.common.v.a.dp.run(SourceFile:10)
04-22 09:46:54.447 17470 17597 W ServiceWorker: 	at com.google.apps.tiktok.concurrent.au.run(SourceFile:2)
04-22 09:46:54.447 17470 17597 W ServiceWorker: 	at java.util.concurrent.ThreadPoolExecutor.runWorker(ThreadPoolExecutor.java:1167)
04-22 09:46:54.447 17470 17597 W ServiceWorker: 	at java.util.concurrent.ThreadPoolExecutor$Worker.run(ThreadPoolExecutor.java:641)
04-22 09:46:54.447 17470 17597 W ServiceWorker: 	at com.google.apps.tiktok.concurrent.f.run(SourceFile:4)
04-22 09:46:54.447 17470 17597 W ServiceWorker: 	at java.lang.Thread.run(Thread.java:919)
04-22 09:46:54.477   721  2383 I netd    : trafficSwapActiveStatsMap() <40.93ms>
04-22 09:46:54.479   721  2383 I netd    : tetherGetStats() <1.22ms>
04-22 09:46:54.482 21973 21973 I chatty  : uid=10120(com.android.vending) expire 60 lines
04-22 09:46:54.498 21973 22654 I chatty  : uid=10120(com.android.vending) expire 2 lines
04-22 09:46:54.516  1741  2392 I ActivityManager: Killing 21988:com.qualcomm.qti.qms.service.connectionsecurity/u0a100 (adj 985): empty #17
04-22 09:46:54.557  1741  1764 D WindowManager: powerPress: eventTime=19662665 interactive=true count=1 beganFromNonInteractive=true mShortPressOnPowerBehavior=1
04-22 09:46:54.561  1741  2392 D ActivityManager: makeInactive, ProcessRecord{ff828d1 21988:com.qualcomm.qti.qms.service.connectionsecurity/u0a100}, clear holder.state
04-22 09:46:54.561   722   722 I Zygote  : Process 21988 exited due to signal 9 (Killed)
04-22 09:46:56.355  7312  7312 D MCLOG   : [MC_Service] onStartcommand()
04-22 09:46:56.421   721  2383 I netd    : trafficSwapActiveStatsMap() <35.86ms>
04-22 09:46:56.424   721  2383 I netd    : tetherGetStats() <2.05ms>
04-22 09:46:56.484   721  2383 I netd    : trafficSwapActiveStatsMap() <36.11ms>
04-22 09:46:56.486   721  2383 I netd    : tetherGetStats() <1.45ms>
04-22 09:46:56.533  3275 22655 I chatty  : uid=1000(system) com.motorola.process.system expire 86 lines
04-22 09:46:57.324  2443  3309 D QCNEJ/WlanStaInfoRelay: Received action: android.net.wifi.RSSI_CHANGED
04-22 09:46:57.325  2443  3309 I QCNEJ/NativeHalConnector: -> SND notifyWlanStaStatusChanged([WlanStaInfo]: wifiSwitchState = 1 rssi = -56 ssid = Jasmine bssid = b0:39:56:5a:37:40 dnsInfo = 192.168.1.1;0.0.0.0;0.0.0.0;0.0.0.0; freqBand = _2GHz countryCode = us[RatInfo]: networkType = 1 subType = 101 networkState = CONNECTED netHdl = 437197393933 ipAddrV4 = 192.168.1.68 ipAddrV6 =  ifNameV4 = wlan0 ifNameV6 =  slotIdx = 0 isAndroidValidated = true) timeStamp = 2021-04-22 09:46:57.324
04-22 09:46:57.335  2492  2725 E PhoneInterfaceManager: [PhoneIntfMgr] getCarrierPrivilegeStatus: No UICC
04-22 09:46:57.337  2758  3750 I CarrierServices: [97] car.a: FiST: Wifi connectivity status true
04-22 09:46:57.338  2758  4230 I CarrierServices: [127] awv.handleMessage: RCS is disabled, skipping config update request
04-22 09:46:57.338  2758  4228 I CarrierServices: [125] chy.a: (PEv2-SM): DisabledState: event Connectivity event
04-22 09:46:57.341  2492  2725 E PhoneInterfaceManager: [PhoneIntfMgr] getCarrierPrivilegeStatus: No UICC
04-22 09:46:57.345  2758  3750 I CarrierServices: [97] cay.d: Connected state: [1], networkType: [WIFI]
04-22 09:46:57.587 21351 23547 I chatty  : uid=10158(com.google.android.gms) Binder:21351_C expire 4 lines
04-22 09:46:57.587 21351 23547 W Binder  : reply too large data on java level: InterfaceDescriptor = null, code = 46
04-22 09:46:57.587 21892 21928 E JavaBinder: !!! FAILED BINDER TRANSACTION !!!  (parcel size = 696)
04-22 09:46:57.588 21892 21928 W GmsClient: IGmsServiceBroker.getService failed
04-22 09:46:57.588 21892 21928 W GmsClient: android.os.DeadObjectException: Transaction failed on small parcel; remote process probably died
04-22 09:46:57.588 21892 21928 W GmsClient: 	at android.os.BinderProxy.transactNative(Native Method)
04-22 09:46:57.588 21892 21928 W GmsClient: 	at android.os.BinderProxy.transact(BinderProxy.java:511)
04-22 09:46:57.588 21892 21928 W GmsClient: 	at qgo.getService(PG:10)
04-22 09:46:57.588 21892 21928 W GmsClient: 	at com.google.android.gms.common.internal.BaseGmsClient.a(PG:107)
04-22 09:46:57.588 21892 21928 W GmsClient: 	at qcy.run(PG:8)
04-22 09:46:57.588 21892 21928 W GmsClient: 	at android.os.Handler.handleCallback(Handler.java:883)
04-22 09:46:57.588 21892 21928 W GmsClient: 	at android.os.Handler.dispatchMessage(Handler.java:100)
04-22 09:46:57.588 21892 21928 W GmsClient: 	at qtd.a(PG:5)
04-22 09:46:57.588 21892 21928 W GmsClient: 	at qtd.dispatchMessage(PG:4)
04-22 09:46:57.588 21892 21928 W GmsClient: 	at android.os.Looper.loop(Looper.java:241)
04-22 09:46:57.588 21892 21928 W GmsClient: 	at android.os.HandlerThread.run(HandlerThread.java:67)
04-22 09:46:58.805 21973 22145 I chatty  : uid=10120(com.android.vending) expire 2 lines
04-22 09:46:59.109  1741  4636 I ActivityManager: Killing 7183:com.google.android.setupwizard/u0a130 (adj 985): empty #17
04-22 09:46:59.151  1741  6001 D ConnectivityService: ConnectivityService NetworkRequestInfo binderDied(NetworkRequest [ LISTEN id=137, [ Transports: WIFI Capabilities: NOT_RESTRICTED&TRUSTED&NOT_VPN Uid: 10130] ], android.os.BinderProxy@3f663b1)
04-22 09:46:59.151  1741  2047 D ActivityManager: makeInactive, ProcessRecord{effda11 7183:com.google.android.setupwizard/u0a130}, clear holder.state
04-22 09:46:59.153   722   722 I Zygote  : Process 7183 exited due to signal 9 (Killed)
04-22 09:46:59.220  1741 11121 W AppOps  : Noting op not finished: uid 10158 pkg com.google.android.gms code 79 time=1619099159073 duration=0
04-22 09:46:59.222  1741  2047 W AppOps  : Noting op not finished: uid 10158 pkg com.google.android.gms code 79 time=1619099219220 duration=0
04-22 09:46:59.391 15487 15499 W ola.motodispla: Reducing the number of considered missed Gc histogram windows from 422 to 100
04-22 09:46:59.688 22253 22472 V DownloadManager: Deleting /data/data/com.android.providers.downloads/cache/downloadfile.bin via provider delete
04-22 09:46:59.769 21973 22164 I chatty  : uid=10120(com.android.vending) expire 1 line
04-22 09:46:59.769 21973 22167 I chatty  : uid=10120(com.android.vending) expire 1 line
04-22 09:46:59.958 22253 22658 D DownloadManager: [22] Starting {Google Play} by {10120:com.android.vending}
04-22 09:46:59.986 22253 22658 D NetworkSecurityConfig: No Network Security Config specified, using platform default
04-22 09:46:59.988 22253 22658 D NetworkSecurityConfig: No Network Security Config specified, using platform default
04-22 09:46:59.994   721 22659 E ResolverController: No valid NAT64 prefix (101, <unspecified>/0)
04-22 09:46:59.997   721  1282 D NetdFwmarkServer: Cmd 2: 101, 10053: UserP=3, fwmark=F0065
04-22 09:46:59.997   721  1282 D NetdFwmarkServer: Cmd 1: 0, 10053: UserP=3, fwmark=F0065
04-22 09:46:59.998   721  1282 D NetdFwmarkServer: Cmd 6: 0, 10053: UserP=3, fwmark=F0065
04-22 09:47:00.018  2309  2309 W View    : requestLayout() improperly called by com.android.systemui.statusbar.HeadsUpStatusBarView{7a4e36e I.E...... ......I. 0,0-248,56 #7f0a01f7 app:id/heads_up_status_bar_view} during layout: running second layout pass
04-22 09:47:00.168  2309  2309 W View    : requestLayout() improperly called by com.android.systemui.statusbar.HeadsUpStatusBarView{7a4e36e I.E...... ......I. 0,0-248,56 #7f0a01f7 app:id/heads_up_status_bar_view} during layout: running second layout pass
04-22 09:47:00.196  2309  2326 W ndroid.systemu: Reducing the number of considered missed Gc histogram windows from 258 to 100
04-22 09:47:00.367  2443  3309 D QCNEJ/WlanStaInfoRelay: Received action: android.net.wifi.RSSI_CHANGED
04-22 09:47:00.368  2443  3309 I QCNEJ/NativeHalConnector: -> SND notifyWlanStaStatusChanged([WlanStaInfo]: wifiSwitchState = 1 rssi = -55 ssid = Jasmine bssid = b0:39:56:5a:37:40 dnsInfo = 192.168.1.1;0.0.0.0;0.0.0.0;0.0.0.0; freqBand = _2GHz countryCode = us[RatInfo]: networkType = 1 subType = 101 networkState = CONNECTED netHdl = 437197393933 ipAddrV4 = 192.168.1.68 ipAddrV6 =  ifNameV4 = wlan0 ifNameV6 =  slotIdx = 0 isAndroidValidated = true) timeStamp = 2021-04-22 09:47:00.367
04-22 09:47:00.381  2492  2725 E PhoneInterfaceManager: [PhoneIntfMgr] getCarrierPrivilegeStatus: No UICC
04-22 09:47:00.385  2758  3750 I CarrierServices: [97] car.a: FiST: Wifi connectivity status true
04-22 09:47:00.386  2758  4230 I CarrierServices: [127] awv.handleMessage: RCS is disabled, skipping config update request
04-22 09:47:00.386  2758  4228 I CarrierServices: [125] chy.a: (PEv2-SM): DisabledState: event Connectivity event
04-22 09:47:00.389  2492  2725 E PhoneInterfaceManager: [PhoneIntfMgr] getCarrierPrivilegeStatus: No UICC
04-22 09:47:00.392  2758  3750 I CarrierServices: [97] cay.d: Connected state: [1], networkType: [WIFI]
04-22 09:47:00.521   721 22662 E ResolverController: No valid NAT64 prefix (101, <unspecified>/0)
04-22 09:47:00.526   721  1282 D NetdFwmarkServer: Cmd 2: 101, 10053: UserP=3, fwmark=F0065
04-22 09:47:00.527   721  1282 D NetdFwmarkServer: Cmd 1: 0, 10053: UserP=3, fwmark=F0065
04-22 09:47:00.529   721  1282 D NetdFwmarkServer: Cmd 6: 0, 10053: UserP=3, fwmark=F0065
04-22 09:47:00.819  2309  2309 W View    : requestLayout() improperly called by com.android.systemui.statusbar.HeadsUpStatusBarView{7a4e36e I.E...... ......I. 0,0-248,56 #7f0a01f7 app:id/heads_up_status_bar_view} during layout: running second layout pass
04-22 09:47:00.950  2309  2309 I chatty  : uid=10131(com.android.systemui) identical 14 lines
04-22 09:47:00.984  2309  2309 W View    : requestLayout() improperly called by com.android.systemui.statusbar.HeadsUpStatusBarView{7a4e36e I.E...... ......I. 0,0-248,56 #7f0a01f7 app:id/heads_up_status_bar_view} during layout: running second layout pass
04-22 09:47:01.751 22253 22658 D Checkin : publish the event [tag = MOT_MEDIA_STATS_L3 event name = FILE_DOWNLOAD]
04-22 09:47:01.752 22253 22658 D DownloadManager: [22] Finished with status SUCCESS
04-22 09:47:01.783  2309  2309 W View    : requestLayout() improperly called by com.android.systemui.statusbar.HeadsUpStatusBarView{7a4e36e I.E...... ......I. 0,0-248,56 #7f0a01f7 app:id/heads_up_status_bar_view} during layout: running second layout pass
04-22 09:47:01.827 21973 22409 I chatty  : uid=10120(com.android.vending) expire 2 lines
04-22 09:47:01.859 22253 22664 D DownloadManager: [23] Starting {Google Play} by {10120:com.android.vending}
04-22 09:47:01.878 22253 22664 D NetworkSecurityConfig: No Network Security Config specified, using platform default
04-22 09:47:01.881 22253 22664 D NetworkSecurityConfig: No Network Security Config specified, using platform default
04-22 09:47:01.886   721  1282 D NetdFwmarkServer: Cmd 2: 101, 10053: UserP=3, fwmark=F0065
04-22 09:47:01.886   721  1282 D NetdFwmarkServer: Cmd 1: 0, 10053: UserP=3, fwmark=F0065
04-22 09:47:01.887   721  1282 D NetdFwmarkServer: Cmd 6: 0, 10053: UserP=3, fwmark=F0065
04-22 09:47:02.039  2309  2309 W View    : requestLayout() improperly called by com.android.systemui.statusbar.HeadsUpStatusBarView{7a4e36e I.E...... ......I. 0,0-248,56 #7f0a01f7 app:id/heads_up_status_bar_view} during layout: running second layout pass
04-22 09:47:02.088   721 22666 E ResolverController: No valid NAT64 prefix (101, <unspecified>/0)
04-22 09:47:02.092   721  1282 D NetdFwmarkServer: Cmd 2: 101, 10053: UserP=3, fwmark=F0065
04-22 09:47:02.093   721  1282 D NetdFwmarkServer: Cmd 1: 0, 10053: UserP=3, fwmark=F0065
04-22 09:47:02.094   721  1282 D NetdFwmarkServer: Cmd 6: 0, 10053: UserP=3, fwmark=F0065
04-22 09:47:02.140   721  2383 I netd    : trafficSwapActiveStatsMap() <7.95ms>
04-22 09:47:02.146   721  2383 I netd    : tetherGetStats() <2.96ms>
04-22 09:47:02.202  1741  1781 V DisplayPowerController: Brightness [1] reason changing to: 'automatic [ dim ]', previous reason: 'automatic'.
04-22 09:47:02.204   721  2383 I netd    : bandwidthSetGlobalAlert(2097152) <0.46ms>
04-22 09:47:02.350  2309  2309 W View    : requestLayout() improperly called by com.android.systemui.statusbar.HeadsUpStatusBarView{7a4e36e I.E...... ......I. 0,0-248,56 #7f0a01f7 app:id/heads_up_status_bar_view} during layout: running second layout pass
04-22 09:47:02.384  2309  2309 W View    : requestLayout() improperly called by com.android.systemui.statusbar.HeadsUpStatusBarView{7a4e36e I.E...... ......I. 0,0-248,56 #7f0a01f7 app:id/heads_up_status_bar_view} during layout: running second layout pass
04-22 09:47:02.402 22253 22664 D Checkin : publish the event [tag = MOT_MEDIA_STATS_L3 event name = FILE_DOWNLOAD]
04-22 09:47:02.403 22253 22664 D DownloadManager: [23] Finished with status SUCCESS
04-22 09:47:02.438  2309  2309 W View    : requestLayout() improperly called by com.android.systemui.statusbar.HeadsUpStatusBarView{7a4e36e I.E...... ......I. 0,0-248,56 #7f0a01f7 app:id/heads_up_status_bar_view} during layout: running second layout pass
04-22 09:47:02.466  2309  2309 W View    : requestLayout() improperly called by com.android.systemui.statusbar.HeadsUpStatusBarView{7a4e36e I.E...... ......I. 0,0-248,56 #7f0a01f7 app:id/heads_up_status_bar_view} during layout: running second layout pass
04-22 09:47:02.605  1741 11669 I ActivityManager: Killing 22016:com.google.android.apps.turbo:aab/u0a143 (adj 985): empty #17
04-22 09:47:02.650 21351 23547 W Binder  : reply too large data on java level: InterfaceDescriptor = null, code = 46
04-22 09:47:02.650 21892 21928 E JavaBinder: !!! FAILED BINDER TRANSACTION !!!  (parcel size = 696)
04-22 09:47:02.651 21892 21928 W GmsClient: IGmsServiceBroker.getService failed
04-22 09:47:02.651 21892 21928 W GmsClient: android.os.DeadObjectException: Transaction failed on small parcel; remote process probably died
04-22 09:47:02.651 21892 21928 W GmsClient: 	at android.os.BinderProxy.transactNative(Native Method)
04-22 09:47:02.651 21892 21928 W GmsClient: 	at android.os.BinderProxy.transact(BinderProxy.java:511)
04-22 09:47:02.651 21892 21928 W GmsClient: 	at qgo.getService(PG:10)
04-22 09:47:02.651 21892 21928 W GmsClient: 	at com.google.android.gms.common.internal.BaseGmsClient.a(PG:107)
04-22 09:47:02.651 21892 21928 W GmsClient: 	at qcy.run(PG:8)
04-22 09:47:02.651 21892 21928 W GmsClient: 	at android.os.Handler.handleCallback(Handler.java:883)
04-22 09:47:02.651 21892 21928 W GmsClient: 	at android.os.Handler.dispatchMessage(Handler.java:100)
04-22 09:47:02.651 21892 21928 W GmsClient: 	at qtd.a(PG:5)
04-22 09:47:02.651 21892 21928 W GmsClient: 	at qtd.dispatchMessage(PG:4)
04-22 09:47:02.651 21892 21928 W GmsClient: 	at android.os.Looper.loop(Looper.java:241)
04-22 09:47:02.651 21892 21928 W GmsClient: 	at android.os.HandlerThread.run(HandlerThread.java:67)
04-22 09:47:02.672   722   722 I Zygote  : Process 22016 exited due to signal 9 (Killed)
04-22 09:47:02.672  1741  2501 D ActivityManager: makeInactive, ProcessRecord{ccecb76 22016:com.google.android.apps.turbo:aab/u0a143}, clear holder.state
04-22 09:47:03.824     0     0 W swapper/1: type=1400 audit(0.0:1959): avc: denied { kill } for uid=0 capability=5 scontext=u:r:kernel:s0 tcontext=u:r:kernel:s0 tclass=capability permissive=0
04-22 09:47:04.205  1741  1781 I PowerManagerService: Going to sleep due to timeout (uid 1000)...
04-22 09:47:04.209  1741  1741 W UsageStatsService: Event reported without a package name, eventType:16
04-22 09:47:04.222  1741  1741 I WindowManager: Started going to sleep... (why=OFF_BECAUSE_OF_TIMEOUT)
04-22 09:47:04.358  1741  1781 V DisplayPowerController: Brightness [104] reason changing to: 'automatic', previous reason: 'automatic [ dim ]'.
04-22 09:47:04.550  2309  2309 D vol.VolumeDialogImpl: mDialog.dismiss()
04-22 09:47:04.775  1741  1781 I DisplayPowerController: Blocking screen off
04-22 09:47:04.775  1741  1781 I DisplayPowerController: Unblocked screen off after 1 ms
04-22 09:47:04.812  1741  1781 I WindowManager: Screen turned off...
04-22 09:47:04.815  2492  2492 D QtiCarrierConfigHelper: WARNING, no carrier configs on phone Id: 0
04-22 09:47:04.841  2309  2309 D StatusBar: disable<e i a s b H R c s > disable2<q i n >
04-22 09:47:04.841  2309  2309 D StatusBar: disable<e i a s b H R c s > disable2<q i n >
04-22 09:47:04.847   803  1646 W qti_sensors_hal: reportSingleEvent: NearBy 0, pData 1076,  highThd 5001
04-22 09:47:04.848  1741  1781 V DisplayPowerController: Brightness [0] reason changing to: 'screen_off', previous reason: 'automatic'.
04-22 09:47:04.850  1741  1766 I DisplayManagerService: Display device changed state: "Built-in Screen", OFF
04-22 09:47:04.855  2291  2574 I chatty  : uid=1002(bluetooth) BluetoothScanMa expire 10 lines
04-22 09:47:04.857   872   872 D SurfaceFlinger: Setting power mode 0 on display 0
04-22 09:47:04.857   816   904 I SDM     : DisplayBase::SetDisplayState: Set state = 0, display 0
04-22 09:47:04.865  2622  2690 I QcrilOemhookMsgTunnel: [0]processOemHookResponse serial no: -1 error: 0length=1
04-22 09:47:04.865  2622  2690 E QcrilOemhookMsgTunnel: [0]Unexpected serial number in solicited response!serial: -1 error: 0
04-22 09:47:05.248   872   872 D SurfaceFlinger: Finished setting power mode 0 on display 0
04-22 09:47:05.252   820   820 I QTI PowerHAL: Got set_interactive hint
04-22 09:47:05.253   820   820 I QTI PowerHAL: Got set_interactive hint on= 0, count= 20
04-22 09:47:05.253   820   820 E QTI PowerHAL: Error opening /sys/kernel/hbtp/display_pwr: No such file or directory
04-22 09:47:05.258  1741  1781 I DreamManagerService: Entering dreamland.
04-22 09:47:05.787  1741  1781 I PowerManagerService: Dozing...
04-22 09:47:05.788  1741  3126 I chatty  : uid=1000(system) Binder:1741_B expire 1 line
04-22 09:47:05.790  1741  1763 I DreamController: Starting dream: name=ComponentInfo{com.android.systemui/com.android.systemui.doze.DozeService}, isTest=false, canDoze=true, userId=0
04-22 09:47:05.854  2309  2309 D StatusBar: updateQsExpansionEnabled - QS Expand enabled: false
04-22 09:47:05.869  2309  2309 D StatusBar: updateQsExpansionEnabled - QS Expand enabled: false
04-22 09:47:05.872  2309  2309 D StatusBar: disable<e i a s b H R c s > disable2<q i n >
04-22 09:47:05.880  1741  1741 V SettingsProvider: Notifying for 0: content://settings/secure/reminder_exp_learning_time_elapsed
04-22 09:47:05.881  2309  2309 D StatusBar: disable<e i a s b H R c s > disable2<q i n >
04-22 09:47:05.889  1741  1741 I WindowManager: Finished going to sleep... (why=OFF_BECAUSE_OF_TIMEOUT)
04-22 09:47:05.895  2309  2309 W View    : requestLayout() improperly called by com.android.systemui.statusbar.HeadsUpStatusBarView{7a4e36e I.E...... ......I. 0,0-248,56 #7f0a01f7 app:id/heads_up_status_bar_view} during layout: running second layout pass
04-22 09:47:05.903   806   882 D audio_hw_primary: adev_set_parameters: enter: screen_state=off
04-22 09:47:05.903   806   882 V msm8974_platform: platform_set_parameters: enter: screen_state=off
04-22 09:47:05.903   806   882 V msm8974_platform: platform_set_parameters: exit with code(0)
04-22 09:47:05.922  2309  2309 D StatusBar: disable<e i a s b H R c s > disable2<q i n >
04-22 09:47:05.933  2309  2309 D StatusBar: disable<e i a s b H R c s > disable2<q i n >
04-22 09:47:05.951  2929  2929 I DeviceStatusMonitor: DeviceStatusMonitor$1.onReceive():48 onReceive() : Action = android.intent.action.SCREEN_OFF
04-22 09:47:05.995 15487 15487 I MotoDisplay: onCreate
04-22 09:47:06.012  2309  2309 D MotoDisplayManager: ServiceConnection - Connected MotoDisplayService com.android.systemui.doze.IMotoDisplay$Stub$Proxy@5c5e433
04-22 09:47:06.012  2309  2309 I MotoDisplayManager: mMotoDisplayService.show com.android.systemui.doze.IMotoDisplay$Stub$Proxy@5c5e433
04-22 09:47:06.012  2309  2309 I MotoDisplayManager: new MotoDisplayCallback id:10
04-22 09:47:06.048  1741  2047 V WindowManager: Changing focus from Window{2decc30 u0 StatusBar} to Window{249be13 u0 AOD} displayId=0
04-22 09:47:06.052 15487 15487 I MotoDisplay: Starting screen for result: .o.c.c.b requestCode: -1
04-22 09:47:06.093 15487 15487 I MotoDisplay: onCreate
04-22 09:47:06.095 17448 31717 I chatty  : uid=10158(com.google.android.gms) highpool[120] expire 11 lines
04-22 09:47:06.119 17470 17527 W WorkController: Loading failed for worker [trainingcache]: worker not found
04-22 09:47:06.122 17448 17664 I chatty  : uid=10158(com.google.android.gms) NearbyDiscovery expire 9 lines
04-22 09:47:06.122 17470 17596 W ServiceWorker: TrainingCache cache SCREEN_OFF failure
04-22 09:47:06.122 17470 17596 W ServiceWorker: com.google.android.apps.gsa.search.core.service.h.a.a: No worker found for Worker ID [trainingcache].
04-22 09:47:06.122 17470 17596 W ServiceWorker: 	at com.google.android.apps.gsa.search.core.service.g.a.c.a(SourceFile:7)
04-22 09:47:06.122 17470 17596 W ServiceWorker: 	at com.google.android.libraries.gsa.l.a.n.a(SourceFile:2)
04-22 09:47:06.122 17470 17596 W ServiceWorker: 	at com.google.common.v.a.dn.b(SourceFile:7)
04-22 09:47:06.122 17470 17596 W ServiceWorker: 	at com.google.common.v.a.ch.run(SourceFile:12)
04-22 09:47:06.122 17470 17596 W ServiceWorker: 	at com.google.common.v.a.dp.run(SourceFile:10)
04-22 09:47:06.122 17470 17596 W ServiceWorker: 	at com.google.apps.tiktok.concurrent.au.run(SourceFile:2)
04-22 09:47:06.122 17470 17596 W ServiceWorker: 	at java.util.concurrent.ThreadPoolExecutor.runWorker(ThreadPoolExecutor.java:1167)
04-22 09:47:06.122 17470 17596 W ServiceWorker: 	at java.util.concurrent.ThreadPoolExecutor$Worker.run(ThreadPoolExecutor.java:641)
04-22 09:47:06.122 17470 17596 W ServiceWorker: 	at com.google.apps.tiktok.concurrent.f.run(SourceFile:4)
04-22 09:47:06.122 17470 17596 W ServiceWorker: 	at java.lang.Thread.run(Thread.java:919)
04-22 09:47:06.124  2291  2345 I chatty  : uid=1002(bluetooth) BT Service Call expire 15 lines
04-22 09:47:06.152 15487 15487 I MotoDisplay: getView
04-22 09:47:06.157 15487 15487 I chatty  : uid=10167(com.motorola.motodisplay) identical 3 lines
04-22 09:47:06.157 15487 15487 I MotoDisplay: getView
04-22 09:47:06.158 15487 15487 I MotoDisplay: Animations disabled: false
04-22 09:47:06.158 15487 15487 I MotoDisplay: Animations disabled: false
04-22 09:47:06.256  2309  2309 D vol.VolumeDialogImpl: mDialog.dismiss()
04-22 09:47:06.285 15487 15487 E MotoDisplay: Exception getting package info. Name not found - com.android.nfc
04-22 09:47:06.288 15487 15487 E MotoDisplay: Exception getting package info. Name not found - com.android.calculator2
04-22 09:47:06.289 15487 15487 E MotoDisplay: Exception getting package info. Name not found - com.android.contacts
04-22 09:47:06.294 15487 15487 E MotoDisplay: Exception getting package info. Name not found - com.motorola.tools.batterytracer
04-22 09:47:06.303  1741  2047 D NotificationListeners: Enabling component com.motorola.motodisplay/.notification.DisplayNotifListenerService
04-22 09:47:06.304  1741  2047 V NotificationListeners: binding: Intent { act=android.service.notification.NotificationListenerService cmp=com.motorola.motodisplay/.notification.DisplayNotifListenerService (has extras) }
04-22 09:47:06.341  1741  1767 I WindowManager:   SURFACE show Surface(name=AOD)/@0xfd787b9 on display:0: AOD
04-22 09:47:06.346 15487 15487 I MotoDisplay: Glance register result: true for sensor: {Sensor name="Moto Glance Gesture", vendor="Motorola", version=2, type=65548, maxRange=1.0, resolution=1.0, power=0.001, minDelay=0}
04-22 09:47:06.351  1741  1741 V NotificationListeners: 0 notification listener service connected: ComponentInfo{com.motorola.motodisplay/com.motorola.motodisplay.notification.DisplayNotifListenerService}
04-22 09:47:06.356 15487 15487 I MotoDisplay: onListenerConnected - DisplayNotifListenerService - retrieving notifications
04-22 09:47:06.444 15487 15487 I MotoDisplay: Acquiring partial wakelock MotoDisplayWakeLock for 500ms.
04-22 09:47:06.498 15487 15487 I MotoDisplay: Acquiring partial wakelock MotoDisplayWakeLock for 500ms.
04-22 09:47:19.910   803  1091 I SLPI-MotLTV: LTV debug - state 1, fxyz 1 20 972 sfd 0
04-22 09:47:19.913   803  1646 W qti_sensors_hal: reportSingleEvent: NearBy 1, pData 1839,  highThd 5000
04-22 09:47:19.917   874   874 I vendor.rmt_storage: rmt_storage_connect_cb: clnt_h=0x18 conn_h=0xb590a020
04-22 09:47:19.917   874   874 I vendor.rmt_storage: rmt_storage_rw_iovec_cb: /boot/modem_fs1: req_h=0x18 msg_id=3: R/W request received (wr_count 16)
04-22 09:47:19.917   874   874 I vendor.rmt_storage: rw_iovec client->path = /boot/modem_fs1
04-22 09:47:19.917   874   874 I vendor.rmt_storage: wakelock acquired: 1, error no: 42
04-22 09:47:19.918   874  1490 I vendor.rmt_storage: rmt_storage_client_thread: /boot/modem_fs1: Unblock worker thread (th_id: -1250442704)
04-22 09:47:19.972 15487 15487 I MotoDisplay: Acquiring partial wakelock MotoDisplayWakeLock for 500ms.
04-22 09:47:19.977 15487 15487 I MotoDisplay: Start logging time for trigger Type: GLANCE_GESTURE GlanceType: GLANCE_GESTURE_MOVEMENT
04-22 09:47:19.977 15487 15487 I MotoDisplay: Glance Sensor Event Gesture Type: 16
04-22 09:47:19.977 15487 15487 I MotoDisplay: pulse - trigger: Type: GLANCE_GESTURE GlanceType: GLANCE_GESTURE_MOVEMENT is pulsing: false is paused: false
04-22 09:47:19.977 15487 15487 I MotoDisplay: Acquiring partial wakelock MotoDisplayWakeLock for 500ms.
04-22 09:47:19.988   721  2383 I netd    : trafficSwapActiveStatsMap() <26.24ms>
04-22 09:47:19.996   721  2383 I netd    : tetherGetStats() <3.64ms>
04-22 09:47:20.014 15487 15487 I MotoDisplay: isPulseAllowed: true
04-22 09:47:20.032   803  1646 W qti_sensors_hal: reportSingleEvent: NearBy 0, pData 1081,  highThd 1775
04-22 09:47:20.039   874  1490 I vendor.rmt_storage: rmt_storage_client_thread: /boot/modem_fs1: req_h=0x18 msg_id=3: Bytes written = 1572864, wr_count 16
04-22 09:47:20.039   874  1490 I vendor.rmt_storage: rmt_storage_client_thread: /boot/modem_fs1: req_h=0x18 msg_id=3: Send response: res=0 err=0, wr_count 16
04-22 09:47:20.040   874  1490 I vendor.rmt_storage: rmt_storage_client_thread: /boot/modem_fs1: About to block rmt_storage client thread (th_id: -1250442704) wakelock released: 1, error no: 0
04-22 09:47:20.040   874  1490 I vendor.rmt_storage: 
04-22 09:47:20.045   874   874 I vendor.rmt_storage: rmt_storage_disconnect_cb: clnt_h=0x18 conn_h=0xb590a020
04-22 09:47:20.078  1741  2123 I PowerManagerService: Waking up from Dozing (uid=1000, reason=WAKE_REASON_POWER_BUTTON, details=android.policy:POWER)...
04-22 09:47:20.081  1741  1741 W UsageStatsService: Event reported without a package name, eventType:15
04-22 09:47:20.090   820   820 I QTI PowerHAL: Got set_interactive hint
04-22 09:47:20.090   820   820 I QTI PowerHAL: Got set_interactive hint on= 1, count= 21
04-22 09:47:20.090   820   820 E QTI PowerHAL: Error opening /sys/kernel/hbtp/display_pwr: No such file or directory
04-22 09:47:20.091  1741  1741 I WindowManager: Started waking up... (why=ON_BECAUSE_OF_USER)
04-22 09:47:20.092  2309  2309 I MotoDisplayManager: mMotoDisplayService.hide com.android.systemui.doze.IMotoDisplay$Stub$Proxy@5c5e433
04-22 09:47:20.108  1741  1781 I DisplayPowerController: Blocking screen on until initial contents have been drawn.
04-22 09:47:20.108  1741  1781 I WindowManager: Screen turning on...
04-22 09:47:20.108  2309  2332 V KeyguardViewMediator: notifyDrawn
04-22 09:47:20.108  1741  2501 D WindowManager: mKeyguardDelegate.ShowListener.onDrawn.
04-22 09:47:20.118  1741  1764 W WindowManager: Setting mKeyguardDrawComplete
04-22 09:47:20.121  2492  2492 D QtiCarrierConfigHelper: WARNING, no carrier configs on phone Id: 0
04-22 09:47:20.126  2309  2309 D StatusBar: disable<e i a s b H R c s > disable2<q i n >
04-22 09:47:20.126  1741  1781 V DisplayPowerController: Brightness [104] reason changing to: 'manual', previous reason: 'screen_off'.
04-22 09:47:20.126  2309  2309 D StatusBar: disable<e i a s b H R c s > disable2<q i n >
04-22 09:47:20.126  2309  2309 D StatusBar: updateQsExpansionEnabled - QS Expand enabled: true
04-22 09:47:20.126   803  1032 W qti_sensors_hal: processReportInd: lux: 70, ch0: 194, ch1: 411
04-22 09:47:20.127   872   872 D SurfaceFlinger: Setting power mode 2 on display 0
04-22 09:47:20.127   816   904 I SDM     : DisplayBase::SetDisplayState: Set state = 1, display 0
04-22 09:47:20.127  1741  1766 I DisplayManagerService: Display device changed state: "Built-in Screen", ON
04-22 09:47:20.128  1741  1781 V DisplayPowerController: Brightness [74] reason changing to: 'automatic', previous reason: 'manual'.
04-22 09:47:20.132  1741  1741 V SettingsProvider: Notifying for 0: content://settings/system/screen_brightness
04-22 09:47:20.137 15487 15487 I MotoDisplay: Animations disabled: false
04-22 09:47:20.138  2309 20092 I MotoDisplayManager: MotoDisplayCallback triggerVirtualSensor
04-22 09:47:20.140  2309  2309 D StatusBar: updateQsExpansionEnabled - QS Expand enabled: true
04-22 09:47:20.140  2309  2309 W MotoDisplayManager: can't hide: mMotoDisplayService has been null
04-22 09:47:20.140  7312  7312 D MCLOG   : [MC_Service] onStartcommand()
04-22 09:47:20.142 15487 15487 I MotoDisplay: onDestroy
04-22 09:47:20.142  2622  2690 I QcrilOemhookMsgTunnel: [0]processOemHookResponse serial no: -1 error: 0length=1
04-22 09:47:20.142  2622  2690 E QcrilOemhookMsgTunnel: [0]Unexpected serial number in solicited response!serial: -1 error: 0
04-22 09:47:20.142 15487 15487 I MotoDisplay: Releasing wakelock: MotoDisplayWakeLock
04-22 09:47:20.147  1741  1741 V SettingsProvider: Notifying for 0: content://settings/secure/reminder_exp_learning_time_elapsed
04-22 09:47:20.151   806   882 D audio_hw_primary: adev_set_parameters: enter: screen_state=on
04-22 09:47:20.151   806   882 V msm8974_platform: platform_set_parameters: enter: screen_state=on
04-22 09:47:20.151   806   882 V msm8974_platform: platform_set_parameters: exit with code(0)
04-22 09:47:20.154  7312  7569 D Checkin : publish the event [tag = MOT_DEVICE_STATS_L1 event name = SettingLogs]
04-22 09:47:20.156  7040  7040 W Settings: Setting data_roaming has moved from android.provider.Settings.Secure to android.provider.Settings.Global.
04-22 09:47:20.158   803  1646 W qti_sensors_hal: reportSingleEvent: NearBy 0, pData 1081,  highThd 1775
04-22 09:47:20.159   872  1002 E HWComposer: getDisplayedContentSamplingAttributes: getDisplayedContentSamplingAttributes failed for display 0: Unsupported (8)
04-22 09:47:20.162  2309  2309 W View    : requestLayout() improperly called by com.android.systemui.statusbar.HeadsUpStatusBarView{7a4e36e I.E...... ......I. 0,0-248,56 #7f0a01f7 app:id/heads_up_status_bar_view} during layout: running second layout pass
04-22 09:47:20.173 15487 15487 I MotoDisplay: Time elapsed since sensor trigger Type: GLANCE_GESTURE GlanceType: GLANCE_GESTURE_MOVEMENT is 196 ms
04-22 09:47:20.179  1741  5744 V WindowManager: Changing focus from Window{249be13 u0 AOD} to Window{2decc30 u0 StatusBar} displayId=0
04-22 09:47:20.181 15487 15487 I MotoDisplay: finishScreen
04-22 09:47:20.181 15487 15487 I MotoDisplay: onDestroy
04-22 09:47:20.189  1741  1767 I WindowManager:   SURFACE show Surface(name=NavigationBar0)/@0x4dc7c61 on display:0: NavigationBar0
04-22 09:47:20.193  1741  1766 I WindowManager: All windows ready for display!
04-22 09:47:20.193  1741  1764 W WindowManager: Setting mWindowManagerDrawComplete
04-22 09:47:20.195  2309  2309 W View    : requestLayout() improperly called by com.android.systemui.statusbar.HeadsUpStatusBarView{7a4e36e I.E...... ......I. 0,0-248,56 #7f0a01f7 app:id/heads_up_status_bar_view} during layout: running second layout pass
04-22 09:47:20.201  1741  1781 I DisplayPowerController: Unblocked screen on after 93 ms
04-22 09:47:20.202  2443  3309 D QCNEJ/WlanStaInfoRelay: Received action: android.net.wifi.RSSI_CHANGED
04-22 09:47:20.202  2443  3309 I QCNEJ/NativeHalConnector: -> SND notifyWlanStaStatusChanged([WlanStaInfo]: wifiSwitchState = 1 rssi = -51 ssid = Jasmine bssid = b0:39:56:5a:37:40 dnsInfo = 192.168.1.1;0.0.0.0;0.0.0.0;0.0.0.0; freqBand = _2GHz countryCode = us[RatInfo]: networkType = 1 subType = 101 networkState = CONNECTED netHdl = 437197393933 ipAddrV4 = 192.168.1.68 ipAddrV6 =  ifNameV4 = wlan0 ifNameV6 =  slotIdx = 0 isAndroidValidated = true) timeStamp = 2021-04-22 09:47:20.202
04-22 09:47:20.204  2929  2929 I DeviceStatusMonitor: DeviceStatusMonitor$1.onReceive():48 onReceive() : Action = android.intent.action.SCREEN_ON
04-22 09:47:20.205  2492  2725 E PhoneInterfaceManager: [PhoneIntfMgr] getCarrierPrivilegeStatus: No UICC
04-22 09:47:20.206  2758  3750 I CarrierServices: [97] car.a: FiST: Wifi connectivity status true
04-22 09:47:20.207  2758  4230 I CarrierServices: [127] awv.handleMessage: RCS is disabled, skipping config update request
04-22 09:47:20.208  2758  4228 I CarrierServices: [125] chy.a: (PEv2-SM): DisabledState: event Connectivity event
04-22 09:47:20.208  2758  3750 I CarrierServices: [97] cay.d: Connected state: [1], networkType: [WIFI]
04-22 09:47:20.210  2492  2702 E PhoneInterfaceManager: [PhoneIntfMgr] getCarrierPrivilegeStatus: No UICC
04-22 09:47:20.237 17448 31717 I chatty  : uid=10158(com.google.android.gms) highpool[120] expire 27 lines
04-22 09:47:20.240 17470 17527 W WorkController: Loading failed for worker [trainingcache]: worker not found
04-22 09:47:20.240 17470 17597 W ServiceWorker: TrainingCache cache SCREEN_ON failure
04-22 09:47:20.240 17470 17597 W ServiceWorker: com.google.android.apps.gsa.search.core.service.h.a.a: No worker found for Worker ID [trainingcache].
04-22 09:47:20.240 17470 17597 W ServiceWorker: 	at com.google.android.apps.gsa.search.core.service.g.a.c.a(SourceFile:7)
04-22 09:47:20.240 17470 17597 W ServiceWorker: 	at com.google.android.libraries.gsa.l.a.n.a(SourceFile:2)
04-22 09:47:20.240 17470 17597 W ServiceWorker: 	at com.google.common.v.a.dn.b(SourceFile:7)
04-22 09:47:20.240 17470 17597 W ServiceWorker: 	at com.google.common.v.a.ch.run(SourceFile:12)
04-22 09:47:20.240 17470 17597 W ServiceWorker: 	at com.google.common.v.a.dp.run(SourceFile:10)
04-22 09:47:20.240 17470 17597 W ServiceWorker: 	at com.google.apps.tiktok.concurrent.au.run(SourceFile:2)
04-22 09:47:20.240 17470 17597 W ServiceWorker: 	at java.util.concurrent.ThreadPoolExecutor.runWorker(ThreadPoolExecutor.java:1167)
04-22 09:47:20.240 17470 17597 W ServiceWorker: 	at java.util.concurrent.ThreadPoolExecutor$Worker.run(ThreadPoolExecutor.java:641)
04-22 09:47:20.240 17470 17597 W ServiceWorker: 	at com.google.apps.tiktok.concurrent.f.run(SourceFile:4)
04-22 09:47:20.240 17470 17597 W ServiceWorker: 	at java.lang.Thread.run(Thread.java:919)
04-22 09:47:20.243  2291  2574 I chatty  : uid=1002(bluetooth) BluetoothScanMa expire 44 lines
04-22 09:47:20.247  2291  2608 I chatty  : uid=1002(bluetooth) btu message loo expire 23 lines
04-22 09:47:20.259  2291  2345 I chatty  : uid=1002(bluetooth) BT Service Call expire 43 lines
04-22 09:47:20.328   803  1646 W qti_sensors_hal: reportSingleEvent: NearBy 1, pData 2202,  highThd 5000
04-22 09:47:20.370 21351 23547 W Binder  : reply too large data on java level: InterfaceDescriptor = null, code = 46
04-22 09:47:20.370 21892 21928 E JavaBinder: !!! FAILED BINDER TRANSACTION !!!  (parcel size = 696)
04-22 09:47:20.371 21892 21928 W GmsClient: IGmsServiceBroker.getService failed
04-22 09:47:20.371 21892 21928 W GmsClient: android.os.DeadObjectException: Transaction failed on small parcel; remote process probably died
04-22 09:47:20.371 21892 21928 W GmsClient: 	at android.os.BinderProxy.transactNative(Native Method)
04-22 09:47:20.371 21892 21928 W GmsClient: 	at android.os.BinderProxy.transact(BinderProxy.java:511)
04-22 09:47:20.371 21892 21928 W GmsClient: 	at qgo.getService(PG:10)
04-22 09:47:20.371 21892 21928 W GmsClient: 	at com.google.android.gms.common.internal.BaseGmsClient.a(PG:107)
04-22 09:47:20.371 21892 21928 W GmsClient: 	at qcy.run(PG:8)
04-22 09:47:20.371 21892 21928 W GmsClient: 	at android.os.Handler.handleCallback(Handler.java:883)
04-22 09:47:20.371 21892 21928 W GmsClient: 	at android.os.Handler.dispatchMessage(Handler.java:100)
04-22 09:47:20.371 21892 21928 W GmsClient: 	at qtd.a(PG:5)
04-22 09:47:20.371 21892 21928 W GmsClient: 	at qtd.dispatchMessage(PG:4)
04-22 09:47:20.371 21892 21928 W GmsClient: 	at android.os.Looper.loop(Looper.java:241)
04-22 09:47:20.371 21892 21928 W GmsClient: 	at android.os.HandlerThread.run(HandlerThread.java:67)
04-22 09:47:20.381   872   872 D SurfaceFlinger: Finished setting power mode 2 on display 0
04-22 09:47:20.382  1741  1781 W PowerManagerService: Screen on took 312 ms
04-22 09:47:20.382  1741  1781 I DreamManagerService: Gently waking up from dream.
04-22 09:47:20.382  1741  1741 I WindowManager: Finished waking up... (why=ON_BECAUSE_OF_USER)
04-22 09:47:20.384  1741  1763 I DreamManagerService: Performing gentle wake from dream.
04-22 09:47:20.400  1741  1767 I WindowManager:   SURFACE show Surface(name=com.android.systemui.ImageWallpaper)/@0x1b70dbd on display:0: com.android.systemui.ImageWallpaper
04-22 09:47:20.426   803  1032 W qti_sensors_hal: processReportInd: lux: 129, ch0: 322, ch1: 419
04-22 09:47:20.433  1741  4636 I DreamManagerService: Leaving dreamland.
04-22 09:47:20.433  1741  1763 I DreamManagerService: Performing gentle wake from dream.
04-22 09:47:20.433  1741  1763 I DreamController: Stopping dream: name=ComponentInfo{com.android.systemui/com.android.systemui.doze.DozeService}, isTest=false, canDoze=true, userId=0
04-22 09:47:20.435  1741  1741 W AlarmManager: Unrecognized alarm listener com.android.server.job.controllers.idle.-$$Lambda$DeviceIdlenessTracker$-H1-ZwZAJ-vh10A0PeYXaZLj_R0@1f4a7ca
04-22 09:47:20.453   803  1646 W qti_sensors_hal: reportSingleEvent: NearBy 0, pData 1044,  highThd 1732
04-22 09:47:20.522  1741  1764 D WindowManager: powerPress: eventTime=19675947 interactive=true count=1 beganFromNonInteractive=true mShortPressOnPowerBehavior=1
04-22 09:47:20.543  7312  7312 D MCLOG   : [MC_Service] onStartcommand()
04-22 09:47:20.591   721  2383 I netd    : trafficSwapActiveStatsMap() <30.33ms>
04-22 09:47:20.592   721  2383 I netd    : tetherGetStats() <0.95ms>
04-22 09:47:20.638   721  2383 I netd    : trafficSwapActiveStatsMap() <22.16ms>
04-22 09:47:20.639   721  2383 I netd    : tetherGetStats() <0.90ms>
04-22 09:47:20.673  3275 22677 I chatty  : uid=1000(system) com.motorola.process.system expire 52 lines
04-22 09:47:20.675  3275 22677 E MCINTLOG: [MC_BattStatsFactory] Adding uid 10140
04-22 09:47:20.675  3275 22677 E MCINTLOG: [MC_BattStatsFactory] Adding uid 10143
04-22 09:47:20.675  3275 22677 E MCINTLOG: [MC_BattStatsFactory] Adding uid 10147
04-22 09:47:20.675  3275 22677 E MCINTLOG: [MC_BattStatsFactory] Adding uid 10152
04-22 09:47:20.675  3275 22677 E MCINTLOG: [MC_BattStatsFactory] Adding uid 10154
04-22 09:47:20.675  3275 22677 E MCINTLOG: [MC_BattStatsFactory] Adding uid 10156
04-22 09:47:20.675  3275 22677 E MCINTLOG: [MC_BattStatsFactory] Adding uid 10158
04-22 09:47:20.675  3275 22677 E MCINTLOG: [MC_BattStatsFactory] Adding uid 10159
04-22 09:47:20.675  3275 22677 E MCINTLOG: [MC_BattStatsFactory] Adding uid 10165
04-22 09:47:20.675  3275 22677 E MCINTLOG: [MC_BattStatsFactory] Adding uid 10167
04-22 09:47:20.675  3275 22677 E MCINTLOG: [MC_BattStatsFactory] Adding uid 10168
04-22 09:47:20.675  3275 22677 E MCINTLOG: [MC_BattStatsFactory] Adding uid 10171
04-22 09:47:20.675  3275 22677 E MCINTLOG: [MC_BattStatsFactory] Adding uid 10174
04-22 09:47:20.675  3275 22677 E MCINTLOG: [MC_BattStatsFactory] Adding uid 10176
04-22 09:47:20.675  3275 22677 E MCINTLOG: [MC_BattStatsFactory] Adding uid 10177
04-22 09:47:20.675  3275 22677 E MCINTLOG: [MC_BattStatsFactory] Adding uid 10182
04-22 09:47:20.675  3275 22677 E MCINTLOG: [MC_BattStatsFactory] Adding uid 10183
04-22 09:47:20.675  3275 22677 E MCINTLOG: [MC_BattStatsFactory] Adding uid 10190
04-22 09:47:20.675  3275 22677 E MCINTLOG: [MC_BattStatsFactory] Adding uid 10192
04-22 09:47:20.675  3275 22677 E MCINTLOG: [MC_BattStatsFactory] Adding uid 10193
04-22 09:47:20.675  3275 22677 E MCINTLOG: [MC_BattStatsFactory] Adding uid 10195
04-22 09:47:20.675  3275 22677 E MCINTLOG: [MC_BattStatsFactory] Adding uid 10198
04-22 09:47:20.675  3275 22677 E MCINTLOG: [MC_BattStatsFactory] Adding uid 10199
04-22 09:47:20.675  3275 22677 E MCINTLOG: [MC_BattStatsFactory] Adding uid 10200
04-22 09:47:20.675  3275 22677 E MCINTLOG: [MC_BattStatsFactory] Adding uid 10205
04-22 09:47:20.675  3275 22677 E MCINTLOG: [MC_BattStatsFactory] Adding uid 10206
04-22 09:47:20.675  3275 22677 E MCINTLOG: [MC_BattStatsFactory] Adding uid 10208
04-22 09:47:20.675  3275 22677 E MCINTLOG: [MC_BattStatsFactory] Adding uid 10209
04-22 09:47:20.675  3275 22677 E MCINTLOG: [MC_BattStatsFactory] Adding uid 10210
04-22 09:47:20.675  3275 22677 E MCINTLOG: [MC_BattStatsFactory] Adding uid 10211
04-22 09:47:20.675  3275 22677 E MCINTLOG: [MC_BattStatsFactory] Adding uid 10212
04-22 09:47:20.675  3275 22677 E MCINTLOG: [MC_BattStatsFactory] Adding uid 10213
04-22 09:47:20.675  3275 22677 E MCINTLOG: [MC_BattStatsFactory] Adding uid 10214
04-22 09:47:20.675  3275 22677 E MCINTLOG: [MC_BattStatsFactory] Adding uid 10216
04-22 09:47:20.870  2309  2309 I FalsingManagerPlugin: dX: 13.980591 dY: -152.89941 xV: -0.17911237 yV: -1.8870968
04-22 09:47:20.870  2309  2309 I FalsingManagerPlugin: Percent of gesture in proximity: 0.0
04-22 09:47:20.871  2309  2309 I FalsingManagerPlugin: Percent of gesture in proximity: 0.0
04-22 09:47:21.363  2309  2309 D KeyguardViewMediator: keyguardGoingAway
04-22 09:47:21.364  2309  2309 D StatusBar: disable<e i a s b H R c s > disable2<q i n >
04-22 09:47:21.364  2309  2389 D KeyguardViewMediator: Call PhoneWindowManager's keyguardGoingAway
04-22 09:47:21.364  1741  4636 D ActivityTaskManager: Top Process State changed to PROCESS_STATE_TOP
04-22 09:47:21.375  3275  3275 D SlpcSystem: ProxRecalReceiver action: com.motorola.UNLOCK_SUCCESS
04-22 09:47:21.376  7312  7569 D MCLOG   : [MC_TriggerHelper] PauseResumeTrigger
04-22 09:47:21.379  3275  3275 I android_os_HwBinder: HwBinder: Starting thread pool for getting: vendor.qti.hardware.sensorscalibrate@1.0::ISensorsCalibrate/default
04-22 09:47:21.380  7312  7312 D MCLOG   : [MC_Service] onStartcommand()
04-22 09:47:21.380   837   837 D         : sensor calibrate begin
04-22 09:47:21.380   837   837 I ssc_calibrate: calibrate:103 calibrate!
04-22 09:47:21.384   837 22682 I ssc_calibrate: notify_data_cb:69 JNI_triggerProxRecal sensor1 responded
04-22 09:47:21.385   837   837 D         : s_result: true
04-22 09:47:21.427   722   722 D Zygote  : Forked child process 22685
04-22 09:47:21.432  1741  1774 I ActivityManager: Start proc 22685:com.motorola.timeweatherwidget/u0a205 for content provider {com.motorola.timeweatherwidget/com.motorola.commandcenter.weather.AssistReceiver}
04-22 09:47:21.442  1741  1767 I WindowManager: Window drawn AppWindowToken{b2426a2 token=Token{8439a6d ActivityRecord{caaa284 u0 com.motorola.launcher3/com.android.launcher3.CustomizationPanelLauncher t4}}}
04-22 09:47:21.444  1741  1767 I WindowManager:   SURFACE show Surface(name=com.motorola.launcher3/com.android.launcher3.CustomizationPanelLauncher)/@0x5a19b3 on display:0: com.motorola.launcher3/com.android.launcher3.CustomizationPanelLauncher
04-22 09:47:21.453 22685 22685 E meweatherwidge: Not starting debugger since process cannot load the jdwp agent.
04-22 09:47:21.455  2309  2309 I KeyguardViewMediator: handleStartKeyguardExitAnimation startTime=19677320 fadeoutDuration=300
04-22 09:47:21.458  2309  2309 D StatusBar: disable<e i a s b H R c s > disable2<q i n >
04-22 09:47:21.459   865   865 D APM_AudioPolicyManager: startOutput() output 13, stream 1, session 273
04-22 09:47:21.461  2309  2309 D StatusBar: updateQsExpansionEnabled - QS Expand enabled: true
04-22 09:47:21.461  2309  2309 W MotoDisplayManager: can't hide: mMotoDisplayService has been null
