04-22 09:47:26.812  1741  1787 I PackageManager: Un-granting permission android.permission.INTERACT_ACROSS_USERS from package com.google.android.syncadapters.contacts (protectionLevel=50 flags=0x20883e45)
04-22 09:47:26.812  1741  1787 I PackageManager: Un-granting permission android.permission.REQUEST_INSTALL_PACKAGES from package com.android.chrome (protectionLevel=66 flags=0xa0cbbe45)
04-22 09:47:26.813  1741  1787 I PackageManager: Un-granting permission android.permission.CAPTURE_VIDEO_OUTPUT from package com.google.android.gms (protectionLevel=2 flags=0xa0cabec5)
04-22 09:47:26.813  1741  1787 I PackageManager: Un-granting permission android.permission.MANAGE_DEVICE_ADMINS from package com.google.android.gms (protectionLevel=2 flags=0xa0cabec5)
04-22 09:47:26.814  1741  1787 I PackageManager: Un-granting permission android.permission.MANAGE_ACTIVITY_STACKS from package com.google.android.gms (protectionLevel=2 flags=0xa0cabec5)
04-22 09:47:26.814  1741  1787 I PackageManager: Un-granting permission android.permission.CAPTURE_SECURE_VIDEO_OUTPUT from package com.google.android.gms (protectionLevel=2 flags=0xa0cabec5)
04-22 09:47:26.814  1741  1787 I PackageManager: Un-granting permission android.permission.MANAGE_ROLLBACKS from package com.google.android.gms (protectionLevel=514 flags=0xa0cabec5)
04-22 09:47:26.817  1741  1787 I PackageManager: Un-granting permission com.google.android.googleapps.permission.GOOGLE_AUTH from package com.google.android.videos (protectionLevel=2 flags=0x30dbbe45)
04-22 09:47:26.817  1741  1787 I PackageManager: Un-granting permission android.permission.WRITE_MEDIA_STORAGE from package com.google.android.apps.photos (protectionLevel=18 flags=0x38d9be45)
04-22 09:47:26.820  1741  1787 I PackageManager: Un-granting permission android.permission.CONNECTIVITY_INTERNAL from package com.google.android.wfcactivation (protectionLevel=18 flags=0x3888be45)
04-22 09:47:26.820  1741  1787 I PackageManager: Un-granting permission android.permission.READ_LOGS from package com.google.android.wfcactivation (protectionLevel=50 flags=0x3888be45)
04-22 09:47:26.820  1741  1787 I PackageManager: Un-granting permission android.permission.WRITE_APN_SETTINGS from package com.google.android.wfcactivation (protectionLevel=18 flags=0x3888be45)
04-22 09:47:26.820  1741  1787 I PackageManager: Un-granting permission android.permission.WRITE_SECURE_SETTINGS from package com.LogiaGroup.LogiaDeck (protectionLevel=50 flags=0x38483e45)
04-22 09:47:26.822  1741  1787 I PackageManager: Un-granting permission android.permission.READ_WALLPAPER_INTERNAL from package com.google.android.apps.wallpaper (protectionLevel=18 flags=0x20cbbe45)
04-22 09:47:26.827  1741  1787 I PackageManager: Un-granting permission android.permission.SEND_DOWNLOAD_COMPLETED_INTENTS from package com.android.vending (protectionLevel=2 flags=0x284abec5)
04-22 09:47:26.847  1741  2501 D ConnectivityService: ConnectivityService NetworkRequestInfo binderDied(NetworkRequest [ TRACK_DEFAULT id=159, [ Capabilities: INTERNET&NOT_RESTRICTED&TRUSTED Uid: 10120] ], android.os.BinderProxy@ac076c4)
04-22 09:47:26.847  1741  2247 D ConnectivityService: releasing NetworkRequest [ TRACK_DEFAULT id=159, [ Capabilities: INTERNET&NOT_RESTRICTED&TRUSTED Uid: 10120] ] (release request)
04-22 09:47:26.923  1741  1741 W Looper  : Slow dispatch took 119ms main h=com.android.server.job.JobSchedulerService$JobHandler c=null m=1
04-22 09:47:26.989  1741  2392 D ConnectivityService: ConnectivityService NetworkRequestInfo binderDied(NetworkRequest [ LISTEN id=158, [ Capabilities: INTERNET&NOT_RESTRICTED&TRUSTED Uid: 10120] ], android.os.BinderProxy@cd184ea)
04-22 09:47:26.990  1741  3613 D ConnectivityService: ConnectivityService NetworkRequestInfo binderDied(NetworkRequest [ TRACK_DEFAULT id=157, [ Capabilities: INTERNET&NOT_RESTRICTED&TRUSTED Uid: 10120] ], android.os.BinderProxy@2b113db)
04-22 09:47:26.990  1741  2247 D ConnectivityService: releasing NetworkRequest [ TRACK_DEFAULT id=157, [ Capabilities: INTERNET&NOT_RESTRICTED&TRUSTED Uid: 10120] ] (release request)
04-22 09:47:30.479 21351  2362 W Binder  : reply too large data on java level: InterfaceDescriptor = null, code = 46
04-22 09:47:33.268  1741 16178 D AdbDebuggingManager: Received connected key message: QAAAAJsW1zttIEjF5aAph24UgOsxA5TDFtz8W8aeC5bPPKzhlmSYcWe9qESzFYTCsXj+XD8sqv4bHOO59U8o0HvLhZjbXS+GZv0u71u5B1lIFGNLzdtQ34R2WNUHxS8hUelJiT5SCYnfHilVcRLPv78IXDx/IjgyMpacnqGWZcN5LCsz/dpxrgvQs5xbPGTCv/+xxL2gIDHUxXZZ9Q0ob5nBCv8guT0keKBuimJNyR4I9x1hwQGTMvWP2pVErKr1O+qOqY25GKtlVlxTxZT2v24ClrVZEM0rVi7m0fmiDPB/f2E6qpLzWkqvw/gkLRtQYJOD19fhstE//ItNlvO5rIBm68X6oceo+sYcfh9y0Dn+/GEOw9JYBaqWDuZo+dAlKb0r/iu4sFGK+00aE076E305Ny2HgAVDnivPpZpR67VdThyGcyC2knjanofbyXnpqY24Brh/WkNejcmNLDsnvYdAFBwhbAEwh8NROVWFraKnUpjCXrmI1sdqSeLicwFlWcEB/SWyyNVd0s3KfVVbbCJZyS8O4E5mCcwTYIDTvXD1PclW691xCLWGHL2deSsoN0V/rrTBk9g+8LyLkyq/ImmQUuy7HkCK6AZPkSKeztJsUxQtPw6L9XaAFhvqtu2Qd6FILPj63OX5vMW6fUW9vfhejWOaks+R2f4hOS19GTF6AVa/F+eICwEAAQA= ryana@RYAN-KANN-GAMIN
04-22 09:47:33.268  1741  1763 D AdbDebuggingManager: Logging key QAAAAJsW1zttIEjF5aAph24UgOsxA5TDFtz8W8aeC5bPPKzhlmSYcWe9qESzFYTCsXj+XD8sqv4bHOO59U8o0HvLhZjbXS+GZv0u71u5B1lIFGNLzdtQ34R2WNUHxS8hUelJiT5SCYnfHilVcRLPv78IXDx/IjgyMpacnqGWZcN5LCsz/dpxrgvQs5xbPGTCv/+xxL2gIDHUxXZZ9Q0ob5nBCv8guT0keKBuimJNyR4I9x1hwQGTMvWP2pVErKr1O+qOqY25GKtlVlxTxZT2v24ClrVZEM0rVi7m0fmiDPB/f2E6qpLzWkqvw/gkLRtQYJOD19fhstE//ItNlvO5rIBm68X6oceo+sYcfh9y0Dn+/GEOw9JYBaqWDuZo+dAlKb0r/iu4sFGK+00aE076E305Ny2HgAVDnivPpZpR67VdThyGcyC2knjanofbyXnpqY24Brh/WkNejcmNLDsnvYdAFBwhbAEwh8NROVWFraKnUpjCXrmI1sdqSeLicwFlWcEB/SWyyNVd0s3KfVVbbCJZyS8O4E5mCcwTYIDTvXD1PclW691xCLWGHL2deSsoN0V/rrTBk9g+8LyLkyq/ImmQUuy7HkCK6AZPkSKeztJsUxQtPw6L9XaAFhvqtu2Qd6FILPj63OX5vMW6fUW9vfhejWOaks+R2f4hOS19GTF6AVa/F+eICwEAAQA= ryana@RYAN-KANN-GAMIN, state = 4, alwaysAllow = true, lastConnectionTime = 1619099253268, authWindow = 604800000
04-22 09:47:34.848  1741  1787 W PackageManager: Cannot whitelist unknown permission: com.google.android.setupwizard.SETUP_PROGRESS_SERVICE
04-22 09:47:34.848  1741  1787 W PackageManager: Cannot whitelist unknown permission: android.permission.LOADER_USAGE_STATS
04-22 09:47:34.848  1741  1787 W PackageManager: Cannot whitelist unknown permission: com.sec.android.provider.badge.permission.READ
04-22 09:47:34.848  1741  1787 W PackageManager: Cannot whitelist unknown permission: com.sec.android.provider.badge.permission.WRITE
04-22 09:47:34.848  1741  1787 W PackageManager: Cannot whitelist unknown permission: com.htc.launcher.permission.READ_SETTINGS
04-22 09:47:34.848  1741  1787 W PackageManager: Cannot whitelist unknown permission: com.htc.launcher.permission.UPDATE_SHORTCUT
04-22 09:47:34.848  1741  1787 W PackageManager: Cannot whitelist unknown permission: com.sonyericsson.home.permission.BROADCAST_BADGE
04-22 09:47:34.848  1741  1787 W PackageManager: Cannot whitelist unknown permission: com.sonymobile.home.permission.PROVIDER_INSERT_BADGE
04-22 09:47:34.848  1741  1787 W PackageManager: Cannot whitelist unknown permission: com.anddoes.launcher.permission.UPDATE_COUNT
04-22 09:47:34.848  1741  1787 W PackageManager: Cannot whitelist unknown permission: com.majeur.launcher.permission.UPDATE_BADGE
04-22 09:47:34.848  1741  1787 W PackageManager: Cannot whitelist unknown permission: com.huawei.android.launcher.permission.CHANGE_BADGE
04-22 09:47:34.848  1741  1787 W PackageManager: Cannot whitelist unknown permission: com.huawei.android.launcher.permission.READ_SETTINGS
04-22 09:47:34.848  1741  1787 W PackageManager: Cannot whitelist unknown permission: com.huawei.android.launcher.permission.WRITE_SETTINGS
04-22 09:47:34.849  1741  1787 W PackageManager: Cannot whitelist unknown permission: android.permission.READ_APP_BADGE
04-22 09:47:34.849  1741  1787 W PackageManager: Cannot whitelist unknown permission: com.oppo.launcher.permission.READ_SETTINGS
04-22 09:47:34.849  1741  1787 W PackageManager: Cannot whitelist unknown permission: com.oppo.launcher.permission.WRITE_SETTINGS
04-22 09:47:34.849  1741  1787 W PackageManager: Cannot whitelist unknown permission: org.chromium.arc.apkcacheprovider.permission.READ_CACHE
04-22 09:47:34.849  1741  1787 W PackageManager: Cannot whitelist unknown permission: org.chromium.arc.apkcacheprovider.permission.WRITE_CACHE
04-22 09:47:34.849  1741  1787 W PackageManager: Cannot whitelist unknown permission: com.android.permission.USE_INSTALLER_V2
04-22 09:47:34.849  1741  1787 W PackageManager: Cannot whitelist unknown permission: android.permission.QUERY_ALL_PACKAGES
04-22 09:47:34.919  1741  1787 I ActivityManager: Force stopping com.android.vending appid=10120 user=0: pkg removed
04-22 09:47:34.949  1741  1773 W BroadcastQueue: Background execution not allowed: receiving Intent { act=android.intent.action.PACKAGE_REMOVED dat=package:com.android.vending flg=0x4000010 (has extras) } to com.android.vending/com.google.android.finsky.packagemanager.impl.PackageMonitorReceiverImpl$RegisteredReceiver
04-22 09:47:34.949  1741  1773 W BroadcastQueue: Background execution not allowed: receiving Intent { act=android.intent.action.PACKAGE_REMOVED dat=package:com.android.vending flg=0x4000010 (has extras) } to com.android.vending/com.google.android.finsky.instantapps.appmanagement.InstantAppRemoveMonitor
04-22 09:47:34.953  1741  1787 I ActivityManager: Force stopping com.android.vending appid=10120 user=0: pkg removed
04-22 09:47:34.979  1741  2054 W AccountManagerService: User 10120 does not exist. It might be removed already.
04-22 09:47:34.988  1741  2656 W LocationProviderProxy: Odd, no component found for service com.android.location.service.v3.NetworkLocationProvider
04-22 09:47:35.001  1741  1741 I RoleManagerService: Granting default permissions...
04-22 09:47:35.008  1741  1773 W BroadcastQueue: Background execution not allowed: receiving Intent { act=android.intent.action.PACKAGE_REMOVED dat=package:com.android.vending flg=0x4000010 (has extras) } to com.google.android.gms/.games.chimera.GamesSystemBroadcastReceiverProxy
04-22 09:47:35.022  1741  1774 I ActivityManager: Start proc 22794:com.android.keychain/1000 for service {com.android.keychain/com.android.keychain.KeyChainService}
04-22 09:47:35.052  1741  1773 W BroadcastQueue: Background execution not allowed: receiving Intent { act=android.intent.action.PACKAGE_REMOVED dat=package:com.android.vending flg=0x4000010 (has extras) } to com.google.android.gms/.chimera.GmsIntentOperationService$PersistentTrustedReceiver
04-22 09:47:35.071  1741  1774 I ActivityManager: Start proc 22813:com.google.android.permissioncontroller/u0a74 for service {com.google.android.permissioncontroller/com.android.packageinstaller.role.service.RoleControllerServiceImpl}
04-22 09:47:35.076  1741  1773 W BroadcastQueue: Background execution not allowed: receiving Intent { act=android.intent.action.PACKAGE_REMOVED dat=package:com.android.vending flg=0x4000010 (has extras) } to com.google.android.googlequicksearchbox/com.google.android.apps.gsa.googlequicksearchbox.GelStubAppWatcher
04-22 09:47:35.097  1741  1773 W BroadcastQueue: Background execution not allowed: receiving Intent { act=android.intent.action.PACKAGE_REMOVED dat=package:com.android.vending flg=0x4000010 (has extras) } to com.verizon.loginengine.unbranded/com.verizon.vzwavs.AVSSystemReceiver
04-22 09:47:35.102  1741  1773 W BroadcastQueue: Background execution not allowed: receiving Intent { act=android.intent.action.PACKAGE_REMOVED dat=package:com.android.vending flg=0x4000010 (has extras) } to com.google.android.apps.magazines/com.google.android.libraries.social.peoplekit.thirdparty.viewcontrollers.ThirdPartyReceiver
04-22 09:47:35.139  1741  1774 I ActivityManager: Start proc 22841:com.android.vending/u0a120 for broadcast {com.android.vending/com.google.android.finsky.packagemanager.impl.PackageMonitorReceiverImpl$RegisteredReceiver}
04-22 09:47:35.186  1741  1741 W Looper  : Slow dispatch took 111ms main h=android.app.ActivityThread$H c=android.app.-$$Lambda$LoadedApk$ReceiverDispatcher$Args$_BumDX2UKsnxLVrE6UJsJZkotuA@60422ac m=0
04-22 09:47:35.186  1741  1741 W Looper  : Slow delivery took 205ms main h=android.app.ActivityThread$H c=android.app.-$$Lambda$LoadedApk$ReceiverDispatcher$Args$_BumDX2UKsnxLVrE6UJsJZkotuA@f5b5b75 m=0
04-22 09:47:35.186  1741  1741 I TelecomService: DefaultDialerCache: Refreshing default dialer for user 0: now com.google.android.dialer: DDC.oR@AkU
04-22 09:47:35.208  1741  1741 W Looper  : Drained
04-22 09:47:35.232  1741  1763 W Looper  : Slow delivery took 216ms android.fg h=android.os.Handler c=<recycled PooledLambda@5836a1a> m=0
04-22 09:47:35.374  1741  1763 W Looper  : Drained
04-22 09:47:35.532 22813 22861 D SystemConfig: Removed unavailable feature android.hardware.sensor.gyroscope
04-22 09:47:35.539 22813 22861 W SystemConfig: No directory /oem/etc/sysconfig, skipping
04-22 09:47:35.539 22813 22861 W SystemConfig: No directory /oem/etc/permissions, skipping
04-22 09:47:35.548 21351 23547 W Binder  : reply too large data on java level: InterfaceDescriptor = null, code = 46
04-22 09:47:35.697 22813 22861 W SystemConfig: No directory /system/etc/motorola/bgintents, skipping
04-22 09:47:35.697 22813 22861 W SystemConfig: No directory /oem/etc/motorola/bgintents, skipping
04-22 09:47:35.703 22813 22861 W SystemConfig: No directory /product_services/etc/sysconfig, skipping
04-22 09:47:35.703 22813 22861 W SystemConfig: No directory /product_services/etc/permissions, skipping
04-22 09:47:35.703 22813 22861 W SystemConfig: No directory /system/etc/motorola/sysconfig, skipping
04-22 09:47:35.703 22813 22861 W SystemConfig: No directory /oem/etc/motorola/sysconfig, skipping
04-22 09:47:35.704 22813 22861 W SystemConfig: No directory /product/etc/motorola/sysconfig, skipping
04-22 09:47:36.071  1741  1774 I ActivityManager: Start proc 22928:com.android.vending:instant_app_installer/u0a120 for broadcast {com.android.vending/com.google.android.finsky.instantapps.appmanagement.InstantAppRemoveMonitor}
04-22 09:47:36.072  1741  1772 I RoleUserState: Wrote roles.xml successfully
04-22 09:47:36.279  1741  6427 W BroadcastQueue: Background execution not allowed: receiving Intent { act=android.intent.action.PACKAGE_ADDED dat=package:com.android.vending flg=0x4000010 (has extras) } to com.google.android.packageinstaller/com.android.packageinstaller.PackageInstalledReceiver
04-22 09:47:36.281  1741  1773 W BroadcastQueue: Background execution not allowed: receiving Intent { act=android.intent.action.PACKAGE_ADDED dat=package:com.android.vending flg=0x4000010 (has extras) } to com.facebook.appmanager/com.facebook.oxygen.common.packages.event.manifest.ManifestPackageEventReceiver
04-22 09:47:36.281  1741  1773 W BroadcastQueue: Background execution not allowed: receiving Intent { act=android.intent.action.PACKAGE_ADDED dat=package:com.android.vending flg=0x4000010 (has extras) } to com.google.android.gms/.games.chimera.GamesSystemBroadcastReceiverProxy
04-22 09:47:36.281  1741  1773 W BroadcastQueue: Background execution not allowed: receiving Intent { act=android.intent.action.PACKAGE_ADDED dat=package:com.android.vending flg=0x4000010 (has extras) } to com.google.android.gms/.gass.chimera.PackageChangeBroadcastReceiver
04-22 09:47:36.281  1741  1773 W BroadcastQueue: Background execution not allowed: receiving Intent { act=android.intent.action.PACKAGE_ADDED dat=package:com.android.vending flg=0x4000010 (has extras) } to com.google.android.gms/.chimera.GmsIntentOperationService$PersistentTrustedReceiver
04-22 09:47:36.282  1741  1773 W BroadcastQueue: Background execution not allowed: receiving Intent { act=android.intent.action.PACKAGE_ADDED dat=package:com.android.vending flg=0x4000010 (has extras) } to com.google.android.googlequicksearchbox/com.google.android.apps.gsa.googlequicksearchbox.GelStubAppWatcher
04-22 09:47:36.282  1741  1773 W BroadcastQueue: Background execution not allowed: receiving Intent { act=android.intent.action.PACKAGE_ADDED dat=package:com.android.vending flg=0x4000010 (has extras) } to com.google.android.ims/.receivers.RcsAutoStartReceiver
04-22 09:47:36.302  1741  1774 I ActivityManager: Start proc 22964:com.motorola.invisiblenet/u0a156 for broadcast {com.motorola.invisiblenet/com.motorola.invisiblenet.PackageAddedReceiver}
04-22 09:47:36.411  1741 11121 W BroadcastQueue: Background execution not allowed: receiving Intent { act=android.intent.action.PACKAGE_ADDED dat=package:com.android.vending flg=0x4000010 (has extras) } to com.verizon.loginengine.unbranded/com.verizon.vzwavs.AVSSystemReceiver
04-22 09:47:36.412  1741  1773 W BroadcastQueue: Background execution not allowed: receiving Intent { act=android.intent.action.PACKAGE_REPLACED dat=package:com.android.vending flg=0x4000010 (has extras) } to com.facebook.appmanager/com.facebook.oxygen.common.packages.event.manifest.ManifestPackageEventReceiver
04-22 09:47:36.412  1741  1773 W BroadcastQueue: Background execution not allowed: receiving Intent { act=android.intent.action.PACKAGE_REPLACED dat=package:com.android.vending flg=0x4000010 (has extras) } to com.google.android.apps.photos/.account.full.FetchAccountPropertiesAppUpgradeBroadcastReceiver
04-22 09:47:36.413  1741  1773 W BroadcastQueue: Background execution not allowed: receiving Intent { act=android.intent.action.PACKAGE_REPLACED dat=package:com.android.vending flg=0x4000010 (has extras) } to com.google.android.apps.photos/.account.full.SyncAccountsForLoginBroadcastReceiver
04-22 09:47:36.413  1741  1773 W BroadcastQueue: Background execution not allowed: receiving Intent { act=android.intent.action.PACKAGE_REPLACED dat=package:com.android.vending flg=0x4000010 (has extras) } to com.google.android.apps.photos/.notificationchannels.AppUpdateBroadcastReceiver
04-22 09:47:36.413  1741  1773 W BroadcastQueue: Background execution not allowed: receiving Intent { act=android.intent.action.PACKAGE_REPLACED dat=package:com.android.vending flg=0x4000010 (has extras) } to com.google.android.gms/.gass.chimera.PackageChangeBroadcastReceiver
04-22 09:47:36.413  1741  1773 W BroadcastQueue: Background execution not allowed: receiving Intent { act=android.intent.action.PACKAGE_REPLACED dat=package:com.android.vending flg=0x4000010 (has extras) } to com.google.android.gms/.chimera.GmsIntentOperationService$PersistentTrustedReceiver
04-22 09:47:36.413  1741  1773 W BroadcastQueue: Background execution not allowed: receiving Intent { act=android.intent.action.PACKAGE_REPLACED dat=package:com.android.vending flg=0x4000010 (has extras) } to com.google.android.googlequicksearchbox/com.google.android.apps.gsa.googlequicksearchbox.GelStubAppWatcher
04-22 09:47:36.414  1741  1773 W BroadcastQueue: Background execution not allowed: receiving Intent { act=android.intent.action.PACKAGE_REPLACED dat=package:com.android.vending flg=0x4000010 (has extras) } to com.google.android.ims/.receivers.RcsAutoStartReceiver
04-22 09:47:36.414  1741  1773 W BroadcastQueue: Background execution not allowed: receiving Intent { act=android.intent.action.PACKAGE_REPLACED dat=package:com.android.vending flg=0x4000010 (has extras) } to com.motorola.ccc.notification/.gcm.GCMAdminReceiver
04-22 09:47:36.414  1741  1773 W BroadcastQueue: Background execution not allowed: receiving Intent { act=android.intent.action.PACKAGE_REPLACED dat=package:com.android.vending flg=0x4000010 (has extras) } to com.verizon.loginengine.unbranded/com.verizon.vzwavs.AVSSystemReceiver
04-22 09:47:36.436  1741  1774 I ActivityManager: Start proc 22998:com.android.vending:download_service/u0a120 for service {com.android.vending/com.google.android.finsky.ipcservers.downloadservice.DownloadServiceGrpcServerAndroidService}
04-22 09:47:36.630  1741 11121 D ConnectivityService: requestNetwork for uid/pid:10120/22998 NetworkRequest [ TRACK_DEFAULT id=163, [ Capabilities: INTERNET&NOT_RESTRICTED&TRUSTED Uid: 10120] ]
04-22 09:47:36.902  1741  1741 I RoleManagerService: Granting default permissions...
04-22 09:47:36.911  1741  2656 W LocationProviderProxy: Odd, no component found for service com.android.location.service.v3.NetworkLocationProvider
04-22 09:47:36.966  1741  1741 I TelecomService: DefaultDialerCache: Refreshing default dialer for user 0: now com.google.android.dialer: DDC.oR@Akk
04-22 09:47:37.138  1741  1763 W Looper  : Slow delivery took 201ms android.fg h=android.os.Handler c=<recycled PooledLambda@b2d28ca> m=0
04-22 09:47:37.193  1741  1763 W Looper  : Drained
04-22 09:47:37.404  1741  1772 I RoleUserState: Wrote roles.xml successfully
04-22 09:47:40.395  1741  2042 D BatteryService: uevent={POWER_SUPPLY_DP_DM=0, POWER_SUPPLY_VOLTAGE_NOW=3961057, POWER_SUPPLY_SW_JEITA_ENABLED=0, POWER_SUPPLY_CHARGE_CONTROL_LIMIT_MAX=8, POWER_SUPPLY_RECHARGE_SOC=99, POWER_SUPPLY_HEALTH=Good, POWER_SUPPLY_TECHNOLOGY=Li-ion, POWER_SUPPLY_FCC_STEPPER_ENABLE=0, SEQNUM=568663, POWER_SUPPLY_INPUT_CURRENT_LIMITED=0, POWER_SUPPLY_CHARGE_CONTROL_LIMIT=0, POWER_SUPPLY_BATTERY_CHARGING_ENABLED=1, POWER_SUPPLY_STATUS=Discharging, POWER_SUPPLY_CYCLE_COUNT=4, POWER_SUPPLY_CURRENT_MAX=2000000, POWER_SUPPLY_CHARGE_TERM_CURRENT=-101, POWER_SUPPLY_CAPACITY=68, DEVPATH=/devices/platform/soc/200f000.qcom,spmi/spmi-0/spmi0-02/200f000.qcom,spmi:qcom,pmi632@2:qcom,qpnp-smb5/power_supply/battery, POWER_SUPPLY_CHARGE_DONE=0, POWER_SUPPLY_CHARGE_TYPE=N/A, POWER_SUPPLY_CHARGE_RATE=None, POWER_SUPPLY_CURRENT_NOW=-307312, POWER_SUPPLY_SYSTEM_TEMP_LEVEL=0, POWER_SUPPLY_PRESENT=1, POWER_SUPPLY_PARALLEL_DISABLE=0, POWER_SUPPLY_CHARGE_FULL=3615000, SUBSYSTEM=power_supply, POWER_SUPPLY_SET_SHIP_MODE=0, POWER_SUPPLY_TEMP=213, ACTION=change, POWER_SUPPLY_RERUN_AICL=0, POWER_SUPPLY_AGE=100, POWER_SUPPLY_NAME=battery, POWER_SUPPLY_VOLTAGE_MAX=-22, POWER_SUPPLY_CONSTANT_CHARGE_CURRENT_MAX=2000000, POWER_SUPPLY_CHARGE_COUNTER=2422050, POWER_SUPPLY_STEP_CHARGING_ENABLED=0, POWER_SUPPLY_NUM_SYSTEM_TEMP_LEVELS=8, POWER_SUPPLY_DIE_HEALTH=Hot, POWER_SUPPLY_INPUT_SUSPEND=0}
04-22 09:47:40.599 21351  3958 W Binder  : reply too large data on java level: InterfaceDescriptor = null, code = 46
04-22 09:47:45.149  1741  3126 W BroadcastQueue: Permission Denial: receiving Intent { act=com.google.gservices.intent.action.GSERVICES_OVERRIDE flg=0x1000010 (has extras) } to com.google.android.ims/.receivers.RcsAutoStartReceiver requires com.google.android.providers.gsf.permission.WRITE_GSERVICES due to sender com.android.vending (uid 10120)
04-22 09:47:45.345 21351 23094 W PackageParser: Unknown element under <manifest>: queries at /data/user_de/0/com.google.android.gms/app_chimera/m/0000000a/AdsDynamite.apk Binary XML file line #5
04-22 09:47:45.399 21351 23094 W PackageParser: Unknown element under <manifest>: queries at /data/user_de/0/com.google.android.gms/app_chimera/m/00000018/dl-AdsFdrDynamite.integ_210890500100000.apk Binary XML file line #5
04-22 09:47:45.497 21351 21421 W PackageParser: Unknown element under <manifest>: queries at /data/user_de/0/com.google.android.gms/app_chimera/m/0000000a/AdsDynamite.apk Binary XML file line #5
04-22 09:47:45.570 21351 21421 W PackageParser: Unknown element under <manifest>: queries at /data/user_de/0/com.google.android.gms/app_chimera/m/00000018/dl-AdsFdrDynamite.integ_210890500100000.apk Binary XML file line #5
04-22 09:47:45.628 21351  3957 W Binder  : reply too large data on java level: InterfaceDescriptor = null, code = 46
04-22 09:47:46.389  1741  1741 I RoleManagerService: Granting default permissions...
04-22 09:47:46.407  1741  2656 W LocationProviderProxy: Odd, no component found for service com.android.location.service.v3.NetworkLocationProvider
--------- beginning of main
04-22 09:47:46.478 17448 23128 I chatty  : uid=10158 com.google.android.gms.persistent expire 2 lines
04-22 09:47:46.483  2492  2492 E VvmPkgInstalledRcvr: cannot create TelephonyManager from ComponentInfo{com.android.phone/com.android.services.telephony.TelephonyConnectionService}, ***, UserHandle{0}
04-22 09:47:46.483  2492  2492 D ImsResolver: maybeAddedImsService, packageName: com.android.vending
04-22 09:47:46.515 21351 21387 I chatty  : uid=10158(com.google.android.gms) lowpool[2] expire 13 lines
04-22 09:47:46.564  1741  1741 I TelecomService: DefaultDialerCache: Refreshing default dialer for user 0: now com.google.android.dialer: DDC.oR@Ak0
04-22 09:47:46.650  1741  1763 W Looper  : Slow delivery took 204ms android.fg h=android.os.Handler c=<recycled PooledLambda@408d7d> m=0
04-22 09:47:46.658  2309  2309 W View    : requestLayout() improperly called by com.android.systemui.statusbar.HeadsUpStatusBarView{7a4e36e I.E...... ......I. 0,0-248,56 #7f0a01f7 app:id/heads_up_status_bar_view} during layout: running second layout pass
04-22 09:47:46.692  1741  1763 W Looper  : Drained
04-22 09:47:46.666  2309  2309 I chatty  : uid=10131(com.android.systemui) identical 1 line
04-22 09:47:46.775  2309  2309 W View    : requestLayout() improperly called by com.android.systemui.statusbar.HeadsUpStatusBarView{7a4e36e I.E...... ......I. 0,0-248,56 #7f0a01f7 app:id/heads_up_status_bar_view} during layout: running second layout pass
04-22 09:47:46.902  1741  1772 I RoleUserState: Wrote roles.xml successfully
04-22 09:47:47.034 22841 22926 I chatty  : uid=10120(com.android.vending) expire 2 lines
04-22 09:47:50.691 21351 21429 I chatty  : uid=10158(com.google.android.gms) Binder:21351_5 expire 2 lines
04-22 09:47:50.691 21351 21429 W Binder  : reply too large data on java level: InterfaceDescriptor = null, code = 46
04-22 09:47:50.692 21892 21928 E JavaBinder: !!! FAILED BINDER TRANSACTION !!!  (parcel size = 696)
04-22 09:47:50.692 21892 21928 W GmsClient: IGmsServiceBroker.getService failed
04-22 09:47:50.692 21892 21928 W GmsClient: android.os.DeadObjectException: Transaction failed on small parcel; remote process probably died
04-22 09:47:50.692 21892 21928 W GmsClient: 	at android.os.BinderProxy.transactNative(Native Method)
04-22 09:47:50.692 21892 21928 W GmsClient: 	at android.os.BinderProxy.transact(BinderProxy.java:511)
04-22 09:47:50.692 21892 21928 W GmsClient: 	at qgo.getService(PG:10)
04-22 09:47:50.692 21892 21928 W GmsClient: 	at com.google.android.gms.common.internal.BaseGmsClient.a(PG:107)
04-22 09:47:50.692 21892 21928 W GmsClient: 	at qcy.run(PG:8)
04-22 09:47:50.692 21892 21928 W GmsClient: 	at android.os.Handler.handleCallback(Handler.java:883)
04-22 09:47:50.692 21892 21928 W GmsClient: 	at android.os.Handler.dispatchMessage(Handler.java:100)
04-22 09:47:50.692 21892 21928 W GmsClient: 	at qtd.a(PG:5)
04-22 09:47:50.692 21892 21928 W GmsClient: 	at qtd.dispatchMessage(PG:4)
04-22 09:47:50.692 21892 21928 W GmsClient: 	at android.os.Looper.loop(Looper.java:241)
04-22 09:47:50.692 21892 21928 W GmsClient: 	at android.os.HandlerThread.run(HandlerThread.java:67)
04-22 09:47:50.784 22841 22841 I chatty  : uid=10120(com.android.vending) expire 221 lines
04-22 09:47:50.884 22841 22912 I chatty  : uid=10120(com.android.vending) Thread-8 expire 1 line
04-22 09:47:50.901 17448 23126 I chatty  : uid=10158 com.google.android.gms.persistent expire 1 line
04-22 09:47:50.952   721 23161 E ResolverController: No valid NAT64 prefix (101, <unspecified>/0)
04-22 09:47:51.098 22841 22900 I chatty  : uid=10120(com.android.vending) bgExecutor #3 expire 33 lines
04-22 09:47:51.099 22841 22890 I chatty  : uid=10120(com.android.vending) bgExecutor #0 expire 3 lines
04-22 09:47:51.741  1741  2316 I ActivityManager: Killing 20772:com.google.android.apps.tachyon/u0a200 (adj 975): empty #17
04-22 09:47:51.783  1741  2047 D ConnectivityService: ConnectivityService NetworkRequestInfo binderDied(NetworkRequest [ TRACK_DEFAULT id=153, [ Capabilities: INTERNET&NOT_RESTRICTED&TRUSTED Uid: 10200] ], android.os.BinderProxy@5866388)
04-22 09:47:51.783  1741  4851 D ConnectivityService: ConnectivityService NetworkRequestInfo binderDied(NetworkRequest [ LISTEN id=154, [ Capabilities: INTERNET&NOT_RESTRICTED&TRUSTED Uid: 10200] ], android.os.BinderProxy@fbc0121)
04-22 09:47:51.783  1741  2247 D ConnectivityService: releasing NetworkRequest [ TRACK_DEFAULT id=153, [ Capabilities: INTERNET&NOT_RESTRICTED&TRUSTED Uid: 10200] ] (release request)
04-22 09:47:51.783  1741  2392 D ActivityManager: makeInactive, ProcessRecord{39a1ef1 20772:com.google.android.apps.tachyon/u0a200}, clear holder.state
04-22 09:47:51.786   722   722 I Zygote  : Process 20772 exited due to signal 9 (Killed)
04-22 09:47:51.791  1741  1775 I libprocessgroup: Successfully killed process cgroup uid 10200 pid 20772 in 48ms
04-22 09:47:52.511 22841 23150 I chatty  : uid=10120(com.android.vending) expire 4 lines
04-22 09:47:52.587 22841 22899 I chatty  : uid=10120(com.android.vending) bgExecutor #2 expire 1 line
04-22 09:47:52.606 22841 22898 I chatty  : uid=10120(com.android.vending) bgExecutor #1 expire 1 line
04-22 09:47:52.907 22841 23044 I chatty  : uid=10120(com.android.vending) expire 11 lines
04-22 09:47:52.979 22841 23044 I Finsky  : [2691] twf.C(2): IQ: Notifying installation update. package=com.google.android.marvin.talkback, status=SCHEDULED
04-22 09:47:52.985 22841 23044 I Finsky  : [2691] twf.C(2): IQ: Notifying installation update. package=com.motorola.timeweatherwidget, status=SCHEDULED
04-22 09:47:52.992 22841 23044 I Finsky  : [2691] twf.C(2): IQ: Notifying installation update. package=com.google.android.deskclock, status=SCHEDULED
04-22 09:47:52.999 22841 23044 I Finsky  : [2691] twf.C(2): IQ: Notifying installation update. package=com.google.android.gm, status=SCHEDULED
04-22 09:47:53.006 22841 23044 I Finsky  : [2691] twf.C(2): IQ: Notifying installation update. package=com.google.android.apps.tachyon, status=SCHEDULED
04-22 09:47:53.013 22841 23044 I Finsky  : [2691] twf.C(2): IQ: Notifying installation update. package=com.google.android.apps.wellbeing, status=SCHEDULED
04-22 09:47:53.020 22841 23044 I Finsky  : [2691] twf.C(2): IQ: Notifying installation update. package=com.google.android.dialer, status=SCHEDULED
04-22 09:47:53.027 22841 23044 I Finsky  : [2691] twf.C(2): IQ: Notifying installation update. package=com.google.android.apps.nbu.files, status=SCHEDULED
04-22 09:47:53.035 22841 23044 I Finsky  : [2691] twf.C(2): IQ: Notifying installation update. package=com.google.android.apps.docs, status=SCHEDULED
04-22 09:47:53.044 22841 23044 I Finsky  : [2691] twf.C(2): IQ: Notifying installation update. package=com.google.android.apps.maps, status=SCHEDULED
04-22 09:47:53.054 22841 23044 I Finsky  : [2691] twf.C(2): IQ: Notifying installation update. package=com.google.android.contacts, status=SCHEDULED
04-22 09:47:53.064 22841 23044 I Finsky  : [2691] twf.C(2): IQ: Notifying installation update. package=com.google.android.ims, status=SCHEDULED
04-22 09:47:53.076 22841 23044 I Finsky  : [2691] twf.C(2): IQ: Notifying installation update. package=com.google.android.tts, status=SCHEDULED
04-22 09:47:53.087 22841 23044 I Finsky  : [2691] twf.C(2): IQ: Notifying installation update. package=com.motorola.genie, status=SCHEDULED
04-22 09:47:53.098 22841 23044 I Finsky  : [2691] twf.C(2): IQ: Notifying installation update. package=com.google.android.videos, status=SCHEDULED
04-22 09:47:53.109 22841 23044 I Finsky  : [2691] twf.C(2): IQ: Notifying installation update. package=com.google.android.apps.photos, status=SCHEDULED
04-22 09:47:53.121 22841 23044 I Finsky  : [2691] twf.C(2): IQ: Notifying installation update. package=com.google.android.calendar, status=SCHEDULED
04-22 09:47:53.135 22841 23044 I Finsky  : [2691] twf.C(2): IQ: Notifying installation update. package=com.motorola.moto, status=SCHEDULED
04-22 09:47:53.148 22841 23044 I Finsky  : [2691] twf.C(2): IQ: Notifying installation update. package=com.motorola.fmplayer, status=SCHEDULED
04-22 09:47:53.161 22841 23044 I Finsky  : [2691] twf.C(2): IQ: Notifying installation update. package=com.google.android.projection.gearhead, status=SCHEDULED
04-22 09:47:53.172 22841 23044 I Finsky  : [2691] twf.C(2): IQ: Notifying installation update. package=com.motorola.actions, status=SCHEDULED
04-22 09:47:53.185 22841 23044 I Finsky  : [2691] twf.C(2): IQ: Notifying installation update. package=com.google.android.apps.wallpaper, status=SCHEDULED
04-22 09:47:53.197 22841 23044 I Finsky  : [2691] twf.C(2): IQ: Notifying installation update. package=com.motorola.motodisplay, status=SCHEDULED
04-22 09:47:53.210 22841 23044 I Finsky  : [2691] twf.C(2): IQ: Notifying installation update. package=com.google.android.apps.youtube.music, status=SCHEDULED
04-22 09:47:53.222 22841 23044 I Finsky  : [2691] twf.C(2): IQ: Notifying installation update. package=com.google.android.inputmethod.latin, status=SCHEDULED
04-22 09:47:53.246 22841 23044 I Finsky  : [2691] twf.t(6): IQ: Pruning inactive install requests
04-22 09:47:53.247 22841 23044 I Finsky  : [2691] twf.t(41): IQ: No matching installs to run for jobs: []
04-22 09:47:54.285 22928 22928 D PhenotypeUpdateService: onCreate called
04-22 09:47:54.294 22928 23168 D PhenotypeUpdateService: Updating Phenotype configs
04-22 09:47:54.303 22928 23109 I Finsky:instant_app_inst: [2647] AppPreloadHygieneService.c(1): AppPreloadHygieneService disabled
04-22 09:47:54.343 22928 23172 W t_app_installe: Accessing hidden field Ljava/util/Collections$SynchronizedCollection;->mutex:Ljava/lang/Object; (greylist-max-o, reflection, denied)
04-22 09:47:54.343 22928 23172 W t_app_installe: Accessing hidden method Ljava/util/Collections$SynchronizedSet;-><init>(Ljava/util/Set;Ljava/lang/Object;)V (greylist-max-o, reflection, denied)
04-22 09:47:54.343 22928 23172 W t_app_installe: Accessing hidden method Ljava/util/Collections$SynchronizedCollection;-><init>(Ljava/util/Collection;Ljava/lang/Object;)V (greylist-max-o, reflection, denied)
04-22 09:47:55.189 22588 22588 D GservicesChangedObserverService: onStartJob
04-22 09:47:55.209 22588 22588 D GservicesChangedObserverService: scheduleJobService
04-22 09:47:55.755 21351 21429 W Binder  : reply too large data on java level: InterfaceDescriptor = null, code = 46
04-22 09:47:55.756 21892 21928 E JavaBinder: !!! FAILED BINDER TRANSACTION !!!  (parcel size = 696)
04-22 09:47:55.757 21892 21928 W GmsClient: IGmsServiceBroker.getService failed
04-22 09:47:55.757 21892 21928 W GmsClient: android.os.DeadObjectException: Transaction failed on small parcel; remote process probably died
04-22 09:47:55.757 21892 21928 W GmsClient: 	at android.os.BinderProxy.transactNative(Native Method)
04-22 09:47:55.757 21892 21928 W GmsClient: 	at android.os.BinderProxy.transact(BinderProxy.java:511)
04-22 09:47:55.757 21892 21928 W GmsClient: 	at qgo.getService(PG:10)
04-22 09:47:55.757 21892 21928 W GmsClient: 	at com.google.android.gms.common.internal.BaseGmsClient.a(PG:107)
04-22 09:47:55.757 21892 21928 W GmsClient: 	at qcy.run(PG:8)
04-22 09:47:55.757 21892 21928 W GmsClient: 	at android.os.Handler.handleCallback(Handler.java:883)
04-22 09:47:55.757 21892 21928 W GmsClient: 	at android.os.Handler.dispatchMessage(Handler.java:100)
04-22 09:47:55.757 21892 21928 W GmsClient: 	at qtd.a(PG:5)
04-22 09:47:55.757 21892 21928 W GmsClient: 	at qtd.dispatchMessage(PG:4)
04-22 09:47:55.757 21892 21928 W GmsClient: 	at android.os.Looper.loop(Looper.java:241)
04-22 09:47:55.757 21892 21928 W GmsClient: 	at android.os.HandlerThread.run(HandlerThread.java:67)
04-22 09:47:56.509     0     0 W swapper/0: type=1400 audit(0.0:1962): avc: denied { kill } for uid=0 capability=5 scontext=u:r:kernel:s0 tcontext=u:r:kernel:s0 tclass=capability permissive=0
04-22 09:47:57.241 22841 22841 W ProxyAndroidLoggerBackend: Too many Flogger logs received before configuration. Dropping old logs.
04-22 09:47:57.241 22841 22841 W ProxyAndroidLoggerBackend: Too many Flogger logs received before configuration. Dropping old logs.
04-22 09:47:57.252 22998 22998 I Finsky:download_service: [2] vzu.onDestroy(8): IPC-SERVER: Stopping gRPC host service...
04-22 09:47:59.219  1741  6555 I ActivityManager: Killing 21961:com.google.android.apps.wellbeing/u0a105 (adj 985): empty #17
04-22 09:47:59.280  1741  2392 D ActivityManager: makeInactive, ProcessRecord{71af97 21961:com.google.android.apps.wellbeing/u0a105}, clear holder.state
04-22 09:47:59.282   722   722 I Zygote  : Process 21961 exited due to signal 9 (Killed)
04-22 09:47:59.294  1741  1775 I libprocessgroup: Successfully killed process cgroup uid 10105 pid 21961 in 71ms
04-22 09:48:00.037  2309  2309 W View    : requestLayout() improperly called by com.android.systemui.statusbar.HeadsUpStatusBarView{7a4e36e I.E...... ......I. 0,0-248,56 #7f0a01f7 app:id/heads_up_status_bar_view} during layout: running second layout pass
04-22 09:48:00.723 21351 21351 I chatty  : uid=10158(com.google.android.gms) expire 10 lines
04-22 09:48:00.826 21351 21422 I chatty  : uid=10158(com.google.android.gms) Binder:21351_4 expire 2 lines
04-22 09:48:00.827 21351 21422 W Binder  : reply too large data on java level: InterfaceDescriptor = null, code = 46
04-22 09:48:00.827 21892 21928 E JavaBinder: !!! FAILED BINDER TRANSACTION !!!  (parcel size = 696)
04-22 09:48:00.828 21892 21928 W GmsClient: IGmsServiceBroker.getService failed
04-22 09:48:00.828 21892 21928 W GmsClient: android.os.DeadObjectException: Transaction failed on small parcel; remote process probably died
04-22 09:48:00.828 21892 21928 W GmsClient: 	at android.os.BinderProxy.transactNative(Native Method)
04-22 09:48:00.828 21892 21928 W GmsClient: 	at android.os.BinderProxy.transact(BinderProxy.java:511)
04-22 09:48:00.828 21892 21928 W GmsClient: 	at qgo.getService(PG:10)
04-22 09:48:00.828 21892 21928 W GmsClient: 	at com.google.android.gms.common.internal.BaseGmsClient.a(PG:107)
04-22 09:48:00.828 21892 21928 W GmsClient: 	at qcy.run(PG:8)
04-22 09:48:00.828 21892 21928 W GmsClient: 	at android.os.Handler.handleCallback(Handler.java:883)
04-22 09:48:00.828 21892 21928 W GmsClient: 	at android.os.Handler.dispatchMessage(Handler.java:100)
04-22 09:48:00.828 21892 21928 W GmsClient: 	at qtd.a(PG:5)
04-22 09:48:00.828 21892 21928 W GmsClient: 	at qtd.dispatchMessage(PG:4)
04-22 09:48:00.828 21892 21928 W GmsClient: 	at android.os.Looper.loop(Looper.java:241)
04-22 09:48:00.828 21892 21928 W GmsClient: 	at android.os.HandlerThread.run(HandlerThread.java:67)
04-22 09:48:01.714  1741  2392 I ActivityManager: Killing 20786:com.google.android.dialer/u0a133 (adj 985): empty #17
04-22 09:48:01.786  1741  2392 D ConnectivityService: ConnectivityService NetworkRequestInfo binderDied(NetworkRequest [ LISTEN id=156, [ Capabilities: INTERNET&NOT_RESTRICTED&TRUSTED Uid: 10133] ], android.os.BinderProxy@2d299df)
04-22 09:48:01.786  1741  6427 D ConnectivityService: ConnectivityService NetworkRequestInfo binderDied(NetworkRequest [ TRACK_DEFAULT id=155, [ Capabilities: INTERNET&NOT_RESTRICTED&TRUSTED Uid: 10133] ], android.os.BinderProxy@f5107e)
04-22 09:48:01.787  1741  3613 D ActivityManager: makeInactive, ProcessRecord{25215e0 20786:com.google.android.dialer/u0a133}, clear holder.state
04-22 09:48:01.787  1741  2247 D ConnectivityService: releasing NetworkRequest [ TRACK_DEFAULT id=155, [ Capabilities: INTERNET&NOT_RESTRICTED&TRUSTED Uid: 10133] ] (release request)
04-22 09:48:01.792   722   722 I Zygote  : Process 20786 exited due to signal 9 (Killed)
04-22 09:48:01.793  1741  1775 I libprocessgroup: Successfully killed process cgroup uid 10133 pid 20786 in 75ms
04-22 09:48:03.949  1741  2247 D ConnectivityService: releasing NetworkRequest [ REQUEST id=162, [ Transports: CELLULAR Capabilities: INTERNET&NOT_RESTRICTED&TRUSTED&NOT_VPN Uid: 10123] ] (release request)
04-22 09:48:05.880 21351 21422 W Binder  : reply too large data on java level: InterfaceDescriptor = null, code = 46
04-22 09:48:05.882 21892 21928 E JavaBinder: !!! FAILED BINDER TRANSACTION !!!  (parcel size = 696)
04-22 09:48:05.882 21892 21928 W GmsClient: IGmsServiceBroker.getService failed
04-22 09:48:05.882 21892 21928 W GmsClient: android.os.DeadObjectException: Transaction failed on small parcel; remote process probably died
04-22 09:48:05.882 21892 21928 W GmsClient: 	at android.os.BinderProxy.transactNative(Native Method)
04-22 09:48:05.882 21892 21928 W GmsClient: 	at android.os.BinderProxy.transact(BinderProxy.java:511)
04-22 09:48:05.882 21892 21928 W GmsClient: 	at qgo.getService(PG:10)
04-22 09:48:05.882 21892 21928 W GmsClient: 	at com.google.android.gms.common.internal.BaseGmsClient.a(PG:107)
04-22 09:48:05.882 21892 21928 W GmsClient: 	at qcy.run(PG:8)
04-22 09:48:05.882 21892 21928 W GmsClient: 	at android.os.Handler.handleCallback(Handler.java:883)
04-22 09:48:05.882 21892 21928 W GmsClient: 	at android.os.Handler.dispatchMessage(Handler.java:100)
04-22 09:48:05.882 21892 21928 W GmsClient: 	at qtd.a(PG:5)
04-22 09:48:05.882 21892 21928 W GmsClient: 	at qtd.dispatchMessage(PG:4)
04-22 09:48:05.882 21892 21928 W GmsClient: 	at android.os.Looper.loop(Looper.java:241)
04-22 09:48:05.882 21892 21928 W GmsClient: 	at android.os.HandlerThread.run(HandlerThread.java:67)
04-22 09:48:06.512     0     0 W swapper/1: type=1400 audit(0.0:1963): avc: denied { kill } for uid=0 capability=5 scontext=u:r:kernel:s0 tcontext=u:r:kernel:s0 tclass=capability permissive=0
04-22 09:48:09.495  1741 11669 I ActivityManager: Killing 21892:com.google.android.apps.messaging/u0a182 (adj 985): empty #17
04-22 09:48:09.571  1741  5777 D ConnectivityService: ConnectivityService NetworkRequestInfo binderDied(NetworkRequest [ TRACK_DEFAULT id=160, [ Capabilities: INTERNET&NOT_RESTRICTED&TRUSTED Uid: 10182] ], android.os.BinderProxy@cdb68a)
04-22 09:48:09.572  1741  5744 D ConnectivityService: ConnectivityService NetworkRequestInfo binderDied(NetworkRequest [ LISTEN id=161, [ Capabilities: INTERNET&NOT_RESTRICTED&TRUSTED Uid: 10182] ], android.os.BinderProxy@df0f4fb)
04-22 09:48:09.572  1741  2247 D ConnectivityService: releasing NetworkRequest [ TRACK_DEFAULT id=160, [ Capabilities: INTERNET&NOT_RESTRICTED&TRUSTED Uid: 10182] ] (release request)
04-22 09:48:09.573  1741  2392 D ActivityManager: makeInactive, ProcessRecord{fa95a47 21892:com.google.android.apps.messaging/u0a182}, clear holder.state
04-22 09:48:09.583   722   722 I Zygote  : Process 21892 exited due to signal 9 (Killed)
04-22 09:48:09.591  1741  1775 I libprocessgroup: Successfully killed process cgroup uid 10182 pid 21892 in 93ms
04-22 09:48:16.515     0     0 W swapper/0: type=1400 audit(0.0:1964): avc: denied { kill } for uid=0 capability=5 scontext=u:r:kernel:s0 tcontext=u:r:kernel:s0 tclass=capability permissive=0
04-22 09:48:22.335  1741  1773 I ActivityManager: Killing 21848:android.process.acore/u0a51 (adj 985): empty #17
04-22 09:48:22.398 22841 22841 I Finsky  : [2] ahaz.a(4): SCH: onJobSchedulerWakeup with jobId 9006
04-22 09:48:22.417 22841 22841 I Finsky  : [2] ahaz.a(4): SCH: onJobSchedulerWakeup with jobId 9002
04-22 09:48:22.422 22841 22841 W Finsky  : [2] ahaz.a(12): SCH: onJobSchedulerWakeup while already running
04-22 09:48:22.429  1741  1759 D ActivityManager: makeInactive, ProcessRecord{430873 21848:android.process.acore/u0a51}, clear holder.state
04-22 09:48:22.430   722   722 I Zygote  : Process 21848 exited due to signal 9 (Killed)
04-22 09:48:22.438  1741  1775 I libprocessgroup: Successfully killed process cgroup uid 10051 pid 21848 in 101ms
04-22 09:48:22.449 22841 22841 I Finsky  : [2] aguz.handleMessage(4): SCH: DeviceState: DeviceState{currentTime=1619099302447, isCharging=false, isIdle=false, netAny=true, netNotRoaming=true, netUnmetered=true, batteryPercent=68.0}
04-22 09:48:22.458 22841 22895 I Finsky  : [2636] agxj.b(5): SCH: Jobs in database: 1-1337 3-25 10-11 10-26 10-78 12-1 21-333333333 24-77777777 26-1414141414 29-29 
04-22 09:48:22.473 22841 22841 I Finsky  : [2] agva.m(9): SCH: Running job: 12-1
04-22 09:48:22.474 22841 22841 I Finsky  : [2] ContentSyncJob.s(1): [ContentSync] job started
04-22 09:48:22.481 22841 22841 I Finsky  : [2] agva.m(9): SCH: Running job: 21-333333333
04-22 09:48:22.486 22841 22841 W Finsky  : [2] ghr.c(22): For unauth, use getDfeApiNonAuthenticated() instead!
04-22 09:48:22.486 22841 22841 I Finsky  : [2] ghr.f(2): getDfeApiOrNonauthenticated is returning unauth api
04-22 09:48:22.488 22841 22841 I Finsky  : [2] agva.m(9): SCH: Running job: 29-29
04-22 09:48:22.499 22841 22841 I Finsky  : [2] aguz.handleMessage(29): SCH: RunningQueue size: 3, PendingQueue size: 0
04-22 09:48:22.501 22841 22841 I Finsky  : [2] aguz.handleMessage(32): SCH: Running queue: 12-1 21-333333333 29-29 
04-22 09:48:22.513 22841 23220 I Finsky  : [2742] aqot.a(0): ProcessRecoveryLogsUtil: No files in recovery directory
04-22 09:48:22.513 22841 23220 I Finsky  : [2742] agwa.n(4): SCH: jobFinished: 29-29. TimeElapsed: 25ms.
04-22 09:48:22.514 22841 22841 I Finsky  : [2] agva.b(3): SCH: Job 29-29 finished. Not rescheduling.
04-22 09:48:22.514 22841 22900 I Finsky  : [2641] nke.k(1): Account name null when calculating account hash
04-22 09:48:22.515 22841 22841 I Finsky  : [2] aguz.handleMessage(29): SCH: RunningQueue size: 2, PendingQueue size: 0
04-22 09:48:22.515 22841 22841 I Finsky  : [2] aguz.handleMessage(32): SCH: Running queue: 12-1 21-333333333 
04-22 09:48:22.552 22841 22906 I Finsky  : [2645] nke.k(1): Account name null when calculating account hash
04-22 09:48:22.751 22841 22841 I Finsky  : [2] nkg.hI(2): Successfully uploaded dynamic config.
04-22 09:48:22.752 22841 22841 I Finsky  : [2] nke.k(1): Account name null when calculating account hash
04-22 09:48:22.752 22841 22841 I Finsky  : [2] nlo.a(5): Dynamic device configuration updated successfully.
04-22 09:48:22.753 22841 22841 I Finsky  : [2] agwa.n(4): SCH: jobFinished: 21-333333333. TimeElapsed: 271ms.
04-22 09:48:22.754 22841 22841 I Finsky  : [2] agva.b(3): SCH: Job 21-333333333 finished. Not rescheduling.
04-22 09:48:22.755 22841 22841 I Finsky  : [2] aguz.handleMessage(29): SCH: RunningQueue size: 1, PendingQueue size: 0
04-22 09:48:22.755 22841 22841 I Finsky  : [2] aguz.handleMessage(32): SCH: Running queue: 12-1 
04-22 09:48:22.832 22841 23219 I Finsky  : [2741] hop.b(1): Completed 0 account content syncs with 0 successful.
04-22 09:48:22.833 22841 22841 I Finsky  : [2] ContentSyncJob.a(1): [ContentSync] Installation state replication succeeded.
04-22 09:48:22.834 22841 22841 I Finsky  : [2] agwa.n(4): SCH: jobFinished: 12-1. TimeElapsed: 361ms.
04-22 09:48:22.835 22841 22841 I Finsky  : [2] agva.b(3): SCH: Job 12-1 finished. Not rescheduling.
04-22 09:48:22.835 22841 22841 I Finsky  : [2] aguz.handleMessage(29): SCH: RunningQueue size: 0, PendingQueue size: 0
04-22 09:48:22.835 22841 22841 I Finsky  : [2] aguz.handleMessage(10): SCH: Executor finished
04-22 09:48:22.857 22841 22841 I Finsky  : [2] agxj.b(5): SCH: Jobs in database: 1-1337 3-25 10-11 10-26 10-78 24-77777777 26-1414141414 
04-22 09:48:23.083 22841 22841 I Finsky  : [2] agvn.h(37): SCH: ConstraintMapping: 24-77777777,  -> L: 0ms, D: 82761602ms, C: false, I: true, N: 0
04-22 09:48:23.085 22841 22841 I Finsky  : [2] agvn.h(37): SCH: ConstraintMapping: 1-1337, 10-11, 10-26,  -> L: 556110ms, D: 74207363ms, C: false, I: false, N: 1
04-22 09:48:23.086 22841 22841 I Finsky  : [2] agvn.h(37): SCH: ConstraintMapping: 10-78,  -> L: 0ms, D: 86356114ms, C: false, I: true, N: 1
04-22 09:48:23.086 22841 22841 I Finsky  : [2] agvn.h(37): SCH: ConstraintMapping: 3-25,  -> L: 0ms, D: 86354103ms, C: true, I: true, N: 2
04-22 09:48:23.087 22841 22841 I Finsky  : [2] agvn.h(37): SCH: ConstraintMapping: 26-1414141414,  -> L: 2745798ms, D: 3645798ms, C: false, I: false, N: 0
04-22 09:48:23.104 22841 22841 I Finsky  : [2] agvn.j(7): SCH: Cancelling existing jobscheduler jobs: 9005 9004 9001 
04-22 09:48:23.105 22841 22841 I Finsky  : [2] agvn.e(4): SCH: Throttling wakeup for job 9000 (expected to run in 0 ms) due to recent wakeup
04-22 09:48:23.106 22841 22841 I Finsky  : [2] agvn.i(11): SCH: Scheduling job Id: 9000, L: 30000, D: 82761602, C: false, I: true, N: 0
04-22 09:48:23.109 22841 22841 I Finsky  : [2] agvn.i(11): SCH: Scheduling job Id: 9002, L: 556110, D: 74207363, C: false, I: false, N: 1
04-22 09:48:23.115 22841 22841 I Finsky  : [2] agvn.e(4): SCH: Throttling wakeup for job 9003 (expected to run in 0 ms) due to recent wakeup
04-22 09:48:23.115 22841 22841 I Finsky  : [2] agvn.i(11): SCH: Scheduling job Id: 9003, L: 30000, D: 86356114, C: false, I: true, N: 1
04-22 09:48:23.117 22841 22841 I Finsky  : [2] agvn.e(4): SCH: Throttling wakeup for job 9007 (expected to run in 0 ms) due to recent wakeup
04-22 09:48:23.118 22841 22841 I Finsky  : [2] agvn.i(11): SCH: Scheduling job Id: 9007, L: 30000, D: 86354103, C: true, I: true, N: 2
04-22 09:48:23.120 22841 22841 I Finsky  : [2] agvn.i(11): SCH: Scheduling job Id: 9008, L: 2745798, D: 3645798, C: false, I: false, N: 0
04-22 09:48:25.475  1741 11669 D WificondControl: Scan result ready event
04-22 09:48:26.515     0     0 W swapper/1: type=1400 audit(0.0:1965): avc: denied { kill } for uid=0 capability=5 scontext=u:r:kernel:s0 tcontext=u:r:kernel:s0 tclass=capability permissive=0
04-22 09:48:27.399  2443  3309 D QCNEJ/WlanStaInfoRelay: Received action: android.net.wifi.RSSI_CHANGED
04-22 09:48:27.400  2443  3309 I QCNEJ/NativeHalConnector: -> SND notifyWlanStaStatusChanged([WlanStaInfo]: wifiSwitchState = 1 rssi = -56 ssid = Jasmine bssid = b0:39:56:5a:37:40 dnsInfo = 192.168.1.1;0.0.0.0;0.0.0.0;0.0.0.0; freqBand = _2GHz countryCode = us[RatInfo]: networkType = 1 subType = 101 networkState = CONNECTED netHdl = 437197393933 ipAddrV4 = 192.168.1.68 ipAddrV6 =  ifNameV4 = wlan0 ifNameV6 =  slotIdx = 0 isAndroidValidated = true) timeStamp = 2021-04-22 09:48:27.4
04-22 09:48:27.422  2492  2725 E PhoneInterfaceManager: [PhoneIntfMgr] getCarrierPrivilegeStatus: No UICC
04-22 09:48:27.439  2758  3750 I CarrierServices: [97] car.a: FiST: Wifi connectivity status true
04-22 09:48:27.440  2758  4228 I CarrierServices: [125] chy.a: (PEv2-SM): DisabledState: event Connectivity event
04-22 09:48:27.441  2758  3750 I CarrierServices: [97] cay.d: Connected state: [1], networkType: [WIFI]
