04-22 12:15:20.346  1635  1635 W Looper  : Slow dispatch took 469ms main h=android.app.ActivityThread$H c=android.app.-$$Lambda$LoadedApk$ReceiverDispatcher$Args$_BumDX2UKsnxLVrE6UJsJZkotuA@53cd2f8 m=0
04-22 12:15:20.346  1635  1635 W Looper  : Slow delivery took 469ms main h=android.app.ActivityThread$H c=android.app.-$$Lambda$LoadedApk$ReceiverDispatcher$Args$_BumDX2UKsnxLVrE6UJsJZkotuA@6fd93d1 m=0
04-22 12:15:20.494  1635  1752 W Looper  : Slow dispatch took 103ms android.fg h=android.os.Handler c=<recycled PooledLambda@d5d9317> m=0
04-22 12:15:20.663  1635  2891 D ConnectivityService: NetReassign [no changes]
04-22 12:15:20.666  1635  3042 W BroadcastQueue: Background execution not allowed: receiving Intent { act=android.intent.action.PACKAGE_REPLACED dat=package:com.google.location.nearby.apps.connectedcrossroad flg=0x4000010 (has extras) } to com.google.android.gms/.gass.chimera.PackageChangeBroadcastReceiver
04-22 12:15:20.670  1635  1775 W BroadcastQueue: Background execution not allowed: receiving Intent { act=android.intent.action.PACKAGE_REPLACED dat=package:com.google.location.nearby.apps.connectedcrossroad flg=0x4000010 (has extras) } to com.google.android.gms/.chimera.GmsIntentOperationService$PersistentTrustedReceiver
04-22 12:15:20.670  1635  1775 W BroadcastQueue: Background execution not allowed: receiving Intent { act=android.intent.action.PACKAGE_REPLACED dat=package:com.google.location.nearby.apps.connectedcrossroad flg=0x4000010 (has extras) } to com.google.android.googlequicksearchbox/com.google.android.apps.gsa.googlequicksearchbox.GelStubAppWatcher
04-22 12:15:20.670  1635  1775 W BroadcastQueue: Background execution not allowed: receiving Intent { act=android.intent.action.PACKAGE_REPLACED dat=package:com.google.location.nearby.apps.connectedcrossroad flg=0x4000010 (has extras) } to com.infonow.bofa/com.bofa.ecom.marvel.application.BofaPackageUpdateReceiver
04-22 12:15:20.671  1635  1775 W BroadcastQueue: Background execution not allowed: receiving Intent { act=android.intent.action.PACKAGE_REPLACED dat=package:com.google.location.nearby.apps.connectedcrossroad flg=0x4000010 (has extras) } to com.microsoft.appmanager/com.microsoft.mmx.continuity.receiver.InstallUninstallReceiver
04-22 12:15:20.671  1635  1775 W BroadcastQueue: Background execution not allowed: receiving Intent { act=android.intent.action.PACKAGE_REPLACED dat=package:com.google.location.nearby.apps.connectedcrossroad flg=0x4000010 (has extras) } to com.microsoft.emmx/com.microsoft.mmx.continuity.receiver.InstallUninstallReceiver
04-22 12:15:20.671  1635  1775 W BroadcastQueue: Background execution not allowed: receiving Intent { act=android.intent.action.PACKAGE_REPLACED dat=package:com.google.location.nearby.apps.connectedcrossroad flg=0x4000010 (has extras) } to steptracker.healthandfitness.walkingtracker.pedometer/com.drojian.stepcounter.receiver.PedometerReceiver
04-22 12:15:20.674  1635  1775 W BroadcastQueue: Background execution not allowed: receiving Intent { act=android.intent.action.PACKAGE_REPLACED dat=package:com.google.location.nearby.apps.connectedcrossroad flg=0x4000010 (has extras) } to steptracker.healthandfitness.walkingtracker.pedometer/com.drojian.servicekeeper.receiver.BootReceiver
04-22 12:15:20.757  1635  1752 W Looper  : Slow dispatch took 101ms android.fg h=android.os.Handler c=<recycled PooledLambda@445f718> m=0
04-22 12:15:20.799  1635  4623 D CompatibilityChangeReporter: Compat change id reported: 136274596; UID 10333; state: DISABLED
04-22 12:15:21.052  1635  1752 W Looper  : Slow dispatch took 124ms android.fg h=android.os.Handler c=<recycled PooledLambda@561d6c2> m=0
04-22 12:15:21.062  1635  1635 W Looper  : Slow dispatch took 702ms main h=android.app.ActivityThread$H c=android.app.-$$Lambda$LoadedApk$ReceiverDispatcher$Args$_BumDX2UKsnxLVrE6UJsJZkotuA@e617ac5 m=0
04-22 12:15:21.068  1635  1635 I Telecom : DefaultDialerCache: Refreshing default dialer for user 0: now com.google.android.dialer: DDC.oR@BeE
04-22 12:15:21.107  1635  1635 V BackupManagerConstants: getFullBackupIntervalMilliseconds(...) returns 86400000
04-22 12:15:21.107  1635  1635 V BackupManagerConstants: getFullBackupRequiredNetworkType(...) returns 2
04-22 12:15:21.107  1635  1635 V BackupManagerConstants: getFullBackupRequireCharging(...) returns true
04-22 12:15:21.180  1635  1752 W Looper  : Slow dispatch took 127ms android.fg h=android.os.Handler c=<recycled PooledLambda@56ea946> m=0
04-22 12:15:21.195  1635  2884 W NetworkPolicy: shared quota unsupported; generating rule for each iface
04-22 12:15:21.232  1635  1635 W Looper  : Drained
04-22 12:15:21.693  1635  1752 W Looper  : Drained
04-22 12:15:22.471  1635  2884 W NetworkPolicy: shared quota unsupported; generating rule for each iface
04-22 12:15:22.847  1635  2884 I chatty  : uid=1000(system) NetworkPolicy identical 2 lines
04-22 12:15:23.189  1635  2884 W NetworkPolicy: shared quota unsupported; generating rule for each iface
04-22 12:15:23.343  1635  3038 E SystemServiceRegistry: Manager wrapper not available: face
04-22 12:15:23.346  1635  1775 I DropBoxManagerService: add tag=system_server_wtf isTagEnabled=true flags=0x2
04-22 12:15:23.346  1635  3038 I StatsPullAtomService: No runtime appop access message collected
04-22 12:15:23.456  1635  3038 W SettingsStatsUtil: Can not parse value to float: gps,network
04-22 12:15:23.658  1635  2884 W NetworkPolicy: shared quota unsupported; generating rule for each iface
04-22 12:15:23.669  1635  2891 D ConnectivityService: NetReassign [no changes]
04-22 12:15:24.531  1635  1635 D NotificationService: 0|com.google.android.gm|688708475|gig:-785750156:^sq_ig_i_personal|10184: granting content://settings/system/notification_sound
04-22 12:15:24.533  1635  1635 I chatty  : uid=1000 system_server identical 4 lines
04-22 12:15:24.534  1635  1635 D NotificationService: 0|com.google.android.gm|688708475|gig:-785750156:^sq_ig_i_personal|10184: granting content://settings/system/notification_sound
04-22 12:15:24.535  1635  1635 W NotificationHistory: Attempted to add notif for locked/gone/disabled user 0
04-22 12:15:24.687  1635  2884 W NetworkPolicy: shared quota unsupported; generating rule for each iface
04-22 12:15:24.740  1635  2884 W NetworkPolicy: shared quota unsupported; generating rule for each iface
04-22 12:15:25.364  1635  1775 W BroadcastQueue: Background execution not allowed: receiving Intent { act=android.intent.action.DROPBOX_ENTRY_ADDED flg=0x10 (has extras) } to com.google.android.gms/.stats.service.DropBoxEntryAddedReceiver
04-22 12:15:25.365  1635  1775 W BroadcastQueue: Background execution not allowed: receiving Intent { act=android.intent.action.DROPBOX_ENTRY_ADDED flg=0x10 (has extras) } to com.google.android.gms/.chimera.GmsIntentOperationService$PersistentTrustedReceiver
04-22 12:15:25.763  1635  2884 W NetworkPolicy: shared quota unsupported; generating rule for each iface
04-22 12:15:25.851  1635  2884 W NetworkPolicy: shared quota unsupported; generating rule for each iface
04-22 12:15:26.679  1635  2891 D ConnectivityService: NetReassign [no changes]
04-22 12:15:26.856  1635  2884 W NetworkPolicy: shared quota unsupported; generating rule for each iface
04-22 12:15:26.962  1635  2884 W NetworkPolicy: shared quota unsupported; generating rule for each iface
04-22 12:15:27.720  1635  1775 D CompatibilityChangeReporter: Compat change id reported: 135634846; UID 10272; state: DISABLED
04-22 12:15:27.720  1635  1776 D CompatibilityChangeReporter: Compat change id reported: 143937733; UID 10272; state: DISABLED
04-22 12:15:27.737  1635  1776 I ActivityManager: Start proc 29233:com.microsoft.office.outlook/u0a272 for broadcast {com.microsoft.office.outlook/com.google.firebase.iid.FirebaseInstanceIdReceiver}
04-22 12:15:27.925  1635  2884 W NetworkPolicy: shared quota unsupported; generating rule for each iface
04-22 12:15:28.001  1635  2884 W NetworkPolicy: shared quota unsupported; generating rule for each iface
04-22 12:15:28.179  1635  4930 D CompatibilityChangeReporter: Compat change id reported: 135634846; UID 10248; state: DISABLED
04-22 12:15:28.180  1635  1776 D CompatibilityChangeReporter: Compat change id reported: 143937733; UID 10248; state: DISABLED
04-22 12:15:28.198  1635  1776 I ActivityManager: Start proc 29323:com.facebook.katana/u0a248 for content provider {com.facebook.katana/com.facebook.platform.common.provider.PlatformProviderBase}
04-22 12:15:28.225  1635  2891 D ConnectivityService: NetReassign [no changes]
04-22 12:15:28.345  1635  3048 D ConnectivityService: requestNetwork for uid/pid:10272/29233 NetworkRequest [ TRACK_DEFAULT id=818, [ Capabilities: INTERNET&NOT_RESTRICTED&TRUSTED Uid: 10272 AdministratorUids: [] RequestorUid: 10272 RequestorPackageName: com.microsoft.office.outlook] ]
04-22 12:15:28.346  1635  2891 D ConnectivityService: NetReassign [818 : null  135]
04-22 12:15:28.984  1635  2884 W NetworkPolicy: shared quota unsupported; generating rule for each iface
04-22 12:15:29.074  1635  2884 W NetworkPolicy: shared quota unsupported; generating rule for each iface
04-22 12:15:29.690  1635  2891 D ConnectivityService: NetReassign [no changes]
04-22 12:15:30.042  1635  2884 W NetworkPolicy: shared quota unsupported; generating rule for each iface
--------- beginning of main
04-22 12:15:31.468 29233 29387 V HxFoldersCacheManagement: Added HxFolders for Hx Account 00000000-0000-0000-3d73-950000000000. UI folders is 0 - Hidden folders is 0. Changed HxFolders UI folders is 1 - Hidden folders is 0 - Summary UI folders count is 54 - Hidden folders count is 3
04-22 12:15:31.476 29323 29669 I AdrenoGLES-0: QUALCOMM build                   : 781e7d0, I46ff5fc46f
04-22 12:15:31.476 29323 29669 I AdrenoGLES-0: Build Date                       : 12/01/20
04-22 12:15:31.476 29323 29669 I AdrenoGLES-0: OpenGL ES Shader Compiler Version: EV031.31.04.01
04-22 12:15:31.476 29323 29669 I AdrenoGLES-0: Local Branch                     : QPR1
04-22 12:15:31.476 29323 29669 I AdrenoGLES-0: Remote Branch                    : 
04-22 12:15:31.476 29323 29669 I AdrenoGLES-0: Remote Branch                    : 
04-22 12:15:31.476 29323 29669 I AdrenoGLES-0: Reconstruct Branch               : 
04-22 12:15:31.476 29323 29669 I AdrenoGLES-0: Build Config                     : C P 11.0.1 AArch64
04-22 12:15:31.476 29323 29669 I AdrenoGLES-0: Driver Path                      : /vendor/lib64/egl/libGLESv2_adreno.so
04-22 12:15:31.500 29323 29669 I AdrenoGLES-0: PFP: 0x016ee189, ME: 0x00000000
04-22 12:15:31.508 29233 29277 V AppCenter: HTTP response status=200 payload={"status":"AllLogsThrottled","validDiagnosticsIds":[],"throttledDiagnosticsIds":[],"correlationId":"11a986f3-b911-45d7-b67d-22da6c8e4ba4"}
04-22 12:15:31.509 29233 29340 D AppCenter: Deleting logs from the Persistence database for group_core with 67468eb6-dddc-4e64-8fb7-6e856f11f763
04-22 12:15:31.509 29233 29340 D AppCenter: The IDs for deleting log(s) is/are:
04-22 12:15:31.509 29233 29340 D AppCenter: 	2371
04-22 12:15:31.511 29323 29669 W AdrenoUtils: <ReadGpuID_from_sysfs:197>: Failed to open /sys/class/kgsl/kgsl-3d0/gpu_model
04-22 12:15:31.511 29323 29669 W AdrenoUtils: <ReadGpuID:221>: Failed to read chip ID from gpu_model. Fallback to use the GSL path
04-22 12:15:31.513 29233 29340 D AppCenter: checkPendingLogs(group_core) pendingLogCount=0 batchTimeInterval=3000
04-22 12:15:31.565 29233 29539 E GoogleBirthdayFetcher: Google response or birthdays is null / empty, no birthday available
04-22 12:15:31.565 29233 29539 E GoogleBirthdayFetcher: Can't get birthday from Google API
04-22 12:15:31.676 29001 29196 V StudioProfiler: Tracking initialization took: 603173237ns
04-22 12:15:31.677 29001 29654 W nectedcrossroa: Verification of void com.android.tools.profiler.support.profilers.EventProfiler.initalizeInputConnection() took 298.396ms (56.97 bytecodes/s) (1856B approximate peak alloc)
04-22 12:15:31.682 29001 29674 V StudioProfiler: Acquiring Application for Events
04-22 12:15:31.699 29001 29675 W InputMethodManager: InputMethodManager.getInstance() is deprecated because it cannot be compatible with multi-display. Use context.getSystemService(InputMethodManager.class) instead.
04-22 12:15:31.699 29001 29675 W InputMethodManager: java.lang.Throwable
04-22 12:15:31.699 29001 29675 W InputMethodManager: 	at android.view.inputmethod.InputMethodManager.getInstance(InputMethodManager.java:1235)
04-22 12:15:31.699 29001 29675 W InputMethodManager: 	at java.lang.reflect.Method.invoke(Native Method)
04-22 12:15:31.699 29001 29675 W InputMethodManager: 	at com.android.tools.profiler.support.profilers.EventProfiler$InputConnectionHandler.run(EventProfiler.java:261)
04-22 12:15:31.699 29001 29675 W InputMethodManager: 	at java.lang.Thread.run(Thread.java:923)
04-22 12:15:31.702 29001 29675 W InputMethodManager: InputMethodManager.peekInstance() is deprecated because it cannot be compatible with multi-display. Use context.getSystemService(InputMethodManager.class) instead.
04-22 12:15:31.702 29001 29675 W InputMethodManager: java.lang.Throwable
04-22 12:15:31.702 29001 29675 W InputMethodManager: 	at android.view.inputmethod.InputMethodManager.peekInstance(InputMethodManager.java:1254)
04-22 12:15:31.702 29001 29675 W InputMethodManager: 	at android.view.inputmethod.InputMethodManager.getInstance(InputMethodManager.java:1240)
04-22 12:15:31.702 29001 29675 W InputMethodManager: 	at java.lang.reflect.Method.invoke(Native Method)
04-22 12:15:31.702 29001 29675 W InputMethodManager: 	at com.android.tools.profiler.support.profilers.EventProfiler$InputConnectionHandler.run(EventProfiler.java:261)
04-22 12:15:31.702 29001 29675 W InputMethodManager: 	at java.lang.Thread.run(Thread.java:923)
04-22 12:15:32.061 29233 29450 D HxNotificationsHandler: HxEvent Fire Notifications for HxCollection -> ObjectID:[1 00000003-0000-0000-0000-000000000000] Virtualized false AddedCount:0 RemovedIdCount: 0 ChangedCount:1
04-22 12:15:32.223  1058  2949 I WifiHAL : event received NL80211_CMD_VENDOR, vendor_id = 0x1374, subcmd = 0xd
04-22 12:15:32.349 29233 29595 E ExceptionStackTrace: The exception is  Socket closed
04-22 12:15:32.349 29233 29595 E ExceptionStackTrace: java.net.SocketInputStream.read(SocketInputStream.java:209)
04-22 12:15:32.349 29233 29595 E ExceptionStackTrace: java.net.SocketInputStream.read(SocketInputStream.java:144)
04-22 12:15:32.349 29233 29595 E ExceptionStackTrace: com.android.org.conscrypt.ConscryptEngineSocket$SSLInputStream.readFromSocket(ConscryptEngineSocket.java:945)
04-22 12:15:32.349 29233 29595 E ExceptionStackTrace: com.android.org.conscrypt.ConscryptEngineSocket$SSLInputStream.processDataFromSocket(ConscryptEngineSocket.java:909)
04-22 12:15:32.349 29233 29595 E ExceptionStackTrace: com.android.org.conscrypt.ConscryptEngineSocket$SSLInputStream.readUntilDataAvailable(ConscryptEngineSocket.java:824)
04-22 12:15:32.349 29233 29595 E ExceptionStackTrace: com.android.org.conscrypt.ConscryptEngineSocket$SSLInputStream.read(ConscryptEngineSocket.java:797)
04-22 12:15:32.349 29233 29595 E ExceptionStackTrace: okio.InputStreamSource.read(SourceFile:5)
04-22 12:15:32.349 29233 29595 E ExceptionStackTrace: okio.AsyncTimeout$source$1.read(SourceFile:2)
04-22 12:15:32.349 29233 29595 E ExceptionStackTrace: okio.RealBufferedSource.request(SourceFile:5)
04-22 12:15:32.349 29233 29595 E ExceptionStackTrace: okio.RealBufferedSource.require(SourceFile:1)
04-22 12:15:32.349 29233 29595 E ExceptionStackTrace: okio.RealBufferedSource.readHexadecimalUnsignedLong(SourceFile:1)
04-22 12:15:32.349 29233 29595 E ExceptionStackTrace: okhttp3.internal.http1.Http1Codec$ChunkedSource.readChunkSize(SourceFile:3)
04-22 12:15:32.349 29233 29595 E ExceptionStackTrace: okhttp3.internal.http1.Http1Codec$ChunkedSource.read(SourceFile:4)
04-22 12:15:32.349 29233 29595 E ExceptionStackTrace: okio.RealBufferedSource
04-22 12:15:32.376 29233 29450 D HxNotificationsHandler: HxEvent Fire Notifications for HxCollection -> ObjectID:[1 00000003-0000-0000-0000-000000000000] Virtualized false AddedCount:0 RemovedIdCount: 0 ChangedCount:1
04-22 12:15:32.230  1635  2884 I chatty  : uid=1000(system) NetworkPolicy identical 4 lines
04-22 12:15:32.339  1635  2884 W NetworkPolicy: shared quota unsupported; generating rule for each iface
04-22 12:15:32.701  1635  2891 D ConnectivityService: NetReassign [no changes]
04-22 12:15:32.897 29233 29253 I .office.outloo: Waiting for a blocking GC ProfileSaver
04-22 12:15:32.968 29323 29604 D relenginterceptor: RELENG rewrite skipped, config is disabled.
04-22 12:15:32.968 29323 29604 D defcontigonrelayernative: DefconTigonDelayer starting
04-22 12:15:32.968 29323 29604 D defcontigonrelayernative: DefconTigonDelayer skipped, config is disabled.
04-22 12:15:32.996 29233 29253 I .office.outloo: WaitForGcToComplete blocked ProfileSaver on ClassLinker for 98.961ms
04-22 12:15:33.014 29233 29248 W System  : A resource failed to call end. 
04-22 12:15:33.018 29233 29248 I chatty  : uid=10272(com.microsoft.office.outlook) FinalizerDaemon identical 2 lines
04-22 12:15:33.018 29233 29248 W System  : A resource failed to call end. 
04-22 12:15:33.024 29233 29246 I .office.outloo: WaitForGcToComplete blocked RunEmptyCheckpoint on ProfileSaver for 21.256ms
04-22 12:15:33.229  1635  2884 W NetworkPolicy: shared quota unsupported; generating rule for each iface
04-22 12:15:33.320 29323 29338 W System  : A resource failed to call close. 
04-22 12:15:33.320 29323 29338 W System  : A resource failed to call close. 
04-22 12:15:33.320 29323 29338 W SQLiteConnectionPool: A SQLiteConnection object for database '/data/user/0/com.facebook.katana/databases/IdleProfiler.db' was leaked!  Please fix your application to end transactions in progress properly and to close the database when it is no longer needed.
04-22 12:15:33.320 29323 29338 W System  : A resource failed to call close. 
04-22 12:15:33.321 29323 29338 W System  : A resource failed to call close. 
04-22 12:15:33.809 29323 29557 W fb4a.ProcessAnrErrorMonitor: Starting process monitor checks for process 'com.facebook.katana'
04-22 12:15:33.809 29323 29557 W fb4a.MultiSignalANRDetectorLacrima: Started monitoring
04-22 12:15:33.914 29233 29459 D AccessTokenRefreshRunnable: Running the refresh ...
04-22 12:15:33.980 14012 14111 I WorkerManager: dispose()
04-22 12:15:33.996 14012 14111 W A       : Queue length for executor EventBus is now 11. Perhaps some tasks are too long, or the pool is too small.
04-22 12:15:34.143  3258  3258 D GRIL-S  : [7232]> UPDATE_REGULATORY_DOMAIN
04-22 12:15:34.142  1057  1057 W radioext@1.0-se: type=1400 audit(0.0:11001): avc: denied { search } for name="radio" dev="dm-8" ino=174 scontext=u:r:hal_radioext_default:s0 tcontext=u:object_r:radio_vendor_data_file:s0 tclass=dir permissive=0
04-22 12:15:34.144  3258  4164 D GRIL-S  : [7232]< UPDATE_REGULATORY_DOMAIN 
04-22 12:15:34.227  1058  2949 I WifiHAL : event received NL80211_CMD_VENDOR, vendor_id = 0x1374, subcmd = 0xd
04-22 12:15:34.446  4451  4451 D GetFunctionList: isSupport4 =true,functionType =4194304,function =6055139
04-22 12:15:34.452  4451  4451 D MySQLOperate:  getExciseDataByDate calendar=20210422,exist=true
04-22 12:15:34.453  4451  4451 D MySQLOperate: exerciseData 0 =ExerciseData{, startDate='20210215135705', endDate=20210215143738calendar=20210215, sportsType=0, account=null, step=2488, distance=2250.0, calories=151.0, heart=111, count=0, duration=2433, pace=0.0, realSpeed=0.0, verSpeed=0.0, maxSpeed=0.0, minSpeed=0.0, mapType=1, sportsDataFrom=1, sportsDataIsFromBand=1}
04-22 12:15:34.453  4451  4451 D MySQLOperate: exerciseData 1 =ExerciseData{, startDate='20210225144948', endDate=20210225150021calendar=20210225, sportsType=0, account=null, step=1655, distance=1620.0, calories=119.0, heart=152, count=0, duration=633, pace=7.75, realSpeed=0.0, verSpeed=0.0, maxSpeed=0.0, minSpeed=0.0, mapType=1, sportsDataFrom=1, sportsDataIsFromBand=1}
04-22 12:15:34.453  4451  4451 D MySQLOperate: exerciseData 2 =ExerciseData{, startDate='20210227175451', endDate=20210227182020calendar=20210227, sportsType=0, account=null, step=2627, distance=2090.0, calories=115.0, heart=114, count=0, duration=1529, pace=0.0, realSpeed=0.0, verSpeed=0.0, maxSpeed=0.0, minSpeed=0.0, mapType=1, sportsDataFrom=1, sportsDataIsFromBand=1}
04-22 12:15:35.673  9033  9033 I Finsky  : [2] ahaz.a(4): SCH: onJobSchedulerWakeup with jobId 9000
04-22 12:15:35.710 29323 29639 I mobileconfig: No OTA resource found
04-22 12:15:35.711 29323 29639 I mobileconfig: Using asset manager to stream (unitType: kMobileConfigSessionless) params_map.txt
04-22 12:15:35.522  1635  2884 I chatty  : uid=1000(system) NetworkPolicy identical 6 lines
04-22 12:15:35.652  1635  2884 W NetworkPolicy: shared quota unsupported; generating rule for each iface
04-22 12:15:35.712  1635  2891 D ConnectivityService: NetReassign [no changes]
04-22 12:15:35.727  9033  9033 I Finsky  : [2] aguz.handleMessage(4): SCH: DeviceState: DeviceState{currentTime=1619108135723, isCharging=false, isIdle=false, netAny=true, netNotRoaming=true, netUnmetered=true, batteryPercent=34.0}
04-22 12:15:35.759  9033 29046 I Finsky  : [4575] agxj.b(5): SCH: Jobs in database: 1-1337 12-1 20-23232323 26-1414141414 
04-22 12:15:35.761 29323 29639 I mobileconfig: Params map streaming - readbytes: 310131/310131
04-22 12:15:35.761 29323 29639 I mobileconfig: Successfully parsed (unitType: kMobileConfigSessionless) params_map.txt
04-22 12:15:35.764 29323 29639 I mobileconfig: Read one query hash from asset, it is = 084761c5e2ea2943a7e3d5eead21530974a16d41f5b179bfbf8729423a61761d
04-22 12:15:35.766 29323 29639 I mobileconfig: Initialized MobileConfig - directory: /data/user/0/com.facebook.katana/files, appVersion: 314.1.0.45.119, paramHash: b04dca74e3e97caaf1706a5866d0d8fe:af9d00b2a6c724ad69d7621733e21cc7, readOnly: false bufferPathPostfix: 
04-22 12:15:35.767  9033  9033 I Finsky  : [2] agva.m(9): SCH: Running job: 12-1
04-22 12:15:35.770  9033  9033 I Finsky  : [2] ContentSyncJob.s(1): [ContentSync] job started
04-22 12:15:35.774  9033  9033 I Finsky  : [2] aguz.handleMessage(29): SCH: RunningQueue size: 1, PendingQueue size: 0
04-22 12:15:35.774  9033  9033 I Finsky  : [2] aguz.handleMessage(32): SCH: Running queue: 12-1 
04-22 12:15:35.800 29323 29639 I mobileconfig: Using OTA mobileconfig resource
04-22 12:15:35.894  9033 29068 I Finsky  : [4584] hop.b(1): Completed 0 account content syncs with 0 successful.
04-22 12:15:35.895  9033  9033 I Finsky  : [2] ContentSyncJob.a(1): [ContentSync] Installation state replication succeeded.
04-22 12:15:35.896  9033  9033 I Finsky  : [2] agwa.n(4): SCH: jobFinished: 12-1. TimeElapsed: 129ms.
04-22 12:15:35.897  9033  9033 I Finsky  : [2] agva.b(3): SCH: Job 12-1 finished. Not rescheduling.
04-22 12:15:35.898  9033  9033 I Finsky  : [2] aguz.handleMessage(29): SCH: RunningQueue size: 0, PendingQueue size: 0
04-22 12:15:35.898  9033  9033 I Finsky  : [2] aguz.handleMessage(10): SCH: Executor finished
04-22 12:15:35.920 29323 29555 W fb4a.MultiSignalANRDetectorLacrima: Pausing error state checks
04-22 12:15:35.925  9033  9033 I Finsky  : [2] agxj.b(5): SCH: Jobs in database: 1-1337 20-23232323 26-1414141414 
04-22 12:15:35.931  9033  9033 I Finsky  : [2] agvn.h(37): SCH: ConstraintMapping: 1-1337,  -> L: 5418440ms, D: 48618440ms, C: false, I: false, N: 1
04-22 12:15:35.931  9033  9033 I Finsky  : [2] agvn.h(37): SCH: ConstraintMapping: 20-23232323,  -> L: 0ms, D: 45075250ms, C: true, I: false, N: 2
04-22 12:15:35.931  9033  9033 I Finsky  : [2] agvn.h(37): SCH: ConstraintMapping: 26-1414141414,  -> L: 5305718ms, D: 6205718ms, C: false, I: false, N: 0
04-22 12:15:35.947 29323 29639 I mobileconfig: schema hash match: OTA: b04dca74e3e97caaf1706a5866d0d8fe, ondisk: b04dca74e3e97caaf1706a5866d0d8fe
04-22 12:15:35.949 29323 29639 I mobileconfig: Read one query hash from OTA, it is = 06b5bb9add58220a738160af096b90a98028eaf50fa993eaedfea120db47f133
04-22 12:15:35.953 29323 29639 I mobileconfig: Initialized MobileConfig - directory: /data/user/0/com.facebook.katana/files, appVersion: 314.1.0.45.119, paramHash: b04dca74e3e97caaf1706a5866d0d8fe:95016b81c41aeb622366219afd6aef77, readOnly: false bufferPathPostfix: 
04-22 12:15:35.953 29323 29639 I mobileconfig: Read RN schema map size: 2128
04-22 12:15:35.957  9033  9033 I Finsky  : [2] agvn.j(7): SCH: Cancelling existing jobscheduler jobs: 9005 9002 
04-22 12:15:35.957  9033  9033 I Finsky  : [2] agvn.i(11): SCH: Scheduling job Id: 9001, L: 5418440, D: 48618440, C: false, I: false, N: 1
04-22 12:15:35.962  9033  9033 I Finsky  : [2] agvn.e(4): SCH: Throttling wakeup for job 9003 (expected to run in 0 ms) due to recent wakeup
04-22 12:15:35.963  9033  9033 I Finsky  : [2] agvn.i(11): SCH: Scheduling job Id: 9003, L: 30000, D: 45075250, C: true, I: false, N: 2
04-22 12:15:35.965  9033  9033 I Finsky  : [2] agvn.i(11): SCH: Scheduling job Id: 9004, L: 5305718, D: 6205718, C: false, I: false, N: 0
04-22 12:15:35.990 29323 29604 W fb4a.ReqContexts: continueFromDirect() replaced by create()
04-22 12:15:36.050  1635  3042 W ActivityManager: Background start not allowed: service Intent { act=Orca.START cmp=com.facebook.katana/com.facebook.mqttlite.MqttService (has extras) } to com.facebook.katana/com.facebook.mqttlite.MqttService from pid=29323 uid=10248 pkg=com.facebook.katana startFg?=false
04-22 12:15:36.067 29323 29604 W fb4a.ReqContexts: continueFromDirect() replaced by create()
04-22 12:15:36.071 29323 29615 W fb4a.ReqContexts: continueFromDirect() replaced by create()
04-22 12:15:36.108 29323 29643 W fb4a.ReqContexts: continueFromIndirect() replaced by create()
04-22 12:15:36.203  1016  1020 E statsd  : Predicate 5980654721335871649 dropping data for dimension key (10)0x2010101->10145[I] (10)0x30000->CastSocketMultiplexer_WakeLock[S] 
04-22 12:15:36.206  1016  1020 E statsd  : Predicate 5980654721335871649 dropping data for dimension key (10)0x2010101->10145[I] (10)0x30000->CastSocketMultiplexer_WakeLock[S] 
04-22 12:15:36.229  1058  2949 I WifiHAL : event received NL80211_CMD_VENDOR, vendor_id = 0x1374, subcmd = 0xd
04-22 12:15:36.235  1016  1020 E statsd  : Predicate 5980654721335871649 dropping data for dimension key (10)0x2010101->10145[I] (10)0x30000->CastSocketMultiplexer_WakeLock[S] 
04-22 12:15:36.239  1016  1020 E statsd  : Predicate 5980654721335871649 dropping data for dimension key (10)0x2010101->10145[I] (10)0x30000->CastSocketMultiplexer_WakeLock[S] 
04-22 12:15:36.239  1016  1020 E statsd  : Predicate 5980654721335871649 dropping data for dimension key (10)0x2010101->10145[I] (10)0x30000->CastDeviceController-com.google.android.gms[S] 
04-22 12:15:36.622  1635  2884 W NetworkPolicy: shared quota unsupported; generating rule for each iface
04-22 12:15:36.242  1016  1020 E statsd  : Predicate 5980654721335871649 dropping data for dimension key (10)0x2010101->10145[I] (10)0x30000->CastDeviceController-com.google.android.gms[S] 
04-22 12:15:36.882 29323 29639 W fb4a.ReqContexts: continueFromDirect() replaced by create()
04-22 12:15:36.908 29323 29639 W fb4a.AppStateLoggerCore: AppStateLogger is not ready yet (getAppStateErrorLogger)
04-22 12:15:36.910 29323 29639 W fb4a.ReqContexts: continueFromDirect() replaced by create()
04-22 12:15:36.911 29323 29639 W fb4a.ReqContexts: continueFromDirect() replaced by create()
04-22 12:15:36.913 29323 29643 W fb4a.ReqContexts: continueFromDirect() replaced by create()
04-22 12:15:36.914 29323 29604 W fb4a.ReqContexts: continueFromDirect() replaced by create()
04-22 12:15:36.922 29323 29642 W fb4a.ReqContexts: continueFromDirect() replaced by create()
04-22 12:15:36.925 29323 29643 W fb4a.ReqContexts: continueFromDirect() replaced by create()
04-22 12:15:36.927 29323 29604 W fb4a.ReqContexts: continueFromDirect() replaced by create()
04-22 12:15:36.928 29323 29642 W fb4a.ReqContexts: continueFromDirect() replaced by create()
04-22 12:15:36.956 29323 29615 W fb4a.ReqContexts: continueFromDirect() replaced by create()
04-22 12:15:36.958 29323 29615 W fb4a.ReqContexts: continueFromDirect() replaced by create()
04-22 12:15:36.959 29323 29642 W fb4a.ReqContexts: continueFromDirect() replaced by create()
04-22 12:15:36.711  1635  2884 W NetworkPolicy: shared quota unsupported; generating rule for each iface
04-22 12:15:37.009  1635  1775 W BroadcastQueue: Permission Denial: broadcasting Intent { act=android.net.wifi.WIFI_STATE_CHANGED flg=0x44000010 (has extras) } from null (pid=-1, uid=-1) requires com.facebook.permission.prod.FB_APP_COMMUNICATION due to registered receiver BroadcastFilter{d1ee662 10248/u0 ReceiverList{ff6812d 29323 com.facebook.katana/10248/u0 remote:d1ec44}}
04-22 12:15:37.016 29323 29642 D CompatibilityChangeReporter: Compat change id reported: 150935354; UID 10248; state: DISABLED
04-22 12:15:37.017 29323 29642 E fb4a.BackgroundLocationReportingManager: Starting location collection failed due to PERMISSION_DENIED, will retry when location services returns
04-22 12:15:37.020 29323 29642 W fb4a.ReqContexts: continueFromDirect() replaced by create()
04-22 12:15:37.021 29323 29604 W fb4a.ReqContexts: continueFromDirect() replaced by create()
04-22 12:15:37.022 29323 29615 W fb4a.ReqContexts: continueFromDirect() replaced by create()
04-22 12:15:37.023 29323 29604 W fb4a.ReqContexts: continueFromDirect() replaced by create()
04-22 12:15:37.026 29323 29615 W fb4a.ReqContexts: continueFromDirect() replaced by create()
04-22 12:15:37.027 29323 29642 W fb4a.ReqContexts: continueFromDirect() replaced by create()
04-22 12:15:37.028 29323 29604 W fb4a.ReqContexts: continueFromDirect() replaced by create()
04-22 12:15:37.029 29323 29642 W fb4a.ReqContexts: continueFromDirect() replaced by create()
04-22 12:15:37.039 29323 29639 W fb4a.ReqContexts: continueFromDirect() replaced by create()
04-22 12:15:37.045 29323 29615 W fb4a.ReqContexts: continueFromDirect() replaced by create()
04-22 12:15:37.050 29323 29604 W fb4a.ReqContexts: continueFromDirect() replaced by create()
04-22 12:15:37.063 29323 29642 W fb4a.ReqContexts: continueFromDirect() replaced by create()
04-22 12:15:37.066 29323 29615 W fb4a.ReqContexts: continueFromDirect() replaced by create()
04-22 12:15:37.067 29323 29642 W fb4a.ReqContexts: continueFromDirect() replaced by create()
04-22 12:15:37.100 29323 29604 W fb4a.ReqContexts: continueFromDirect() replaced by create()
04-22 12:15:37.105 29323 29615 W fb4a.ReqContexts: continueFromDirect() replaced by create()
04-22 12:15:37.108 29323 29639 W fb4a.ReqContexts: continueFromDirect() replaced by create()
04-22 12:15:37.111 29323 29604 W fb4a.ReqContexts: continueFromDirect() replaced by create()
04-22 12:15:37.138 29323 29323 W Analytics-Micro: type=1400 audit(0.0:11002): avc: granted { execute } for path="/data/user/0/com.facebook.katana/lib-superpack-xz/libchipsetmerged.so" dev="dm-8" ino=128475 scontext=u:r:untrusted_app_29:s0:c248,c256,c512,c768 tcontext=u:object_r:app_data_file:s0:c248,c256,c512,c768 tclass=file app=com.facebook.katana
04-22 12:15:37.161 29323 29615 W fb4a.ReqContexts: continueFromDirect() replaced by create()
04-22 12:15:37.163 29323 29639 W fb4a.ReqContexts: continueFromDirect() replaced by create()
04-22 12:15:37.166 29323 29615 W fb4a.ReqContexts: continueFromDirect() replaced by create()
04-22 12:15:37.172 29323 29604 W fb4a.ReqContexts: continueFromDirect() replaced by create()
04-22 12:15:37.174 29323 29639 W fb4a.ReqContexts: continueFromDirect() replaced by create()
04-22 12:15:37.175 29323 29604 W fb4a.ReqContexts: continueFromDirect() replaced by create()
04-22 12:15:37.182 29323 29642 W fb4a.ReqContexts: continueFromDirect() replaced by create()
04-22 12:15:37.189  1635  1775 W BroadcastQueue: Permission Denial: broadcasting Intent { act=android.net.conn.CONNECTIVITY_CHANGE flg=0x4200010 (has extras) } from null (pid=-1, uid=-1) requires com.facebook.permission.prod.FB_APP_COMMUNICATION due to registered receiver BroadcastFilter{962dfba 10248/u0 ReceiverList{d43a8e5 29323 com.facebook.katana/10248/u0 remote:7b07fdc}}
04-22 12:15:37.189  1635  1775 W BroadcastQueue: Permission Denial: broadcasting Intent { act=android.net.conn.INET_CONDITION_ACTION flg=0x4000010 (has extras) } from null (pid=-1, uid=-1) requires com.facebook.permission.prod.FB_APP_COMMUNICATION due to registered receiver BroadcastFilter{962dfba 10248/u0 ReceiverList{d43a8e5 29323 com.facebook.katana/10248/u0 remote:7b07fdc}}
04-22 12:15:37.191 29323 29615 W fb4a.ReqContexts: continueFromDirect() replaced by create()
04-22 12:15:37.193 29323 29642 W fb4a.ReqContexts: continueFromDirect() replaced by create()
04-22 12:15:37.197 29323 29639 W fb4a.ReqContexts: continueFromDirect() replaced by create()
04-22 12:15:37.199 29323 29639 I chatty  : uid=10248(com.facebook.katana) CombinedTP8 identical 38 lines
04-22 12:15:37.201 29323 29639 W fb4a.ReqContexts: continueFromDirect() replaced by create()
04-22 12:15:37.205 29323 29604 W fb4a.ReqContexts: continueFromDirect() replaced by create()
04-22 12:15:37.211 29323 29604 W fb4a.ServiceInfoParser: X.3Q6: Service com.facebook.attribution.AttributionIdService is missing meta key com.facebook.common.jobscheduler.compat.jobIds
04-22 12:15:37.211 29323 29604 W fb4a.ServiceInfoParser: X.3Q6: Service com.facebook.common.errorreporting.memory.MemoryDumpUploadService is missing meta key com.facebook.common.jobscheduler.compat.jobIds
04-22 12:15:37.211 29323 29604 W fb4a.ServiceInfoParser: X.3Q6: Service com.facebook.browser.lite.BrowserLiteIntentService is missing meta key com.facebook.common.jobscheduler.compat.jobIds
04-22 12:15:37.211 29323 29604 W fb4a.ServiceInfoParser: X.3Q6: Service com.facebook.browser.lite.BrowserLiteInMainProcessIntentService is missing meta key com.facebook.common.jobscheduler.compat.jobIds
04-22 12:15:37.211 29323 29604 W fb4a.ServiceInfoParser: X.3Q6: Service com.facebook.businessintegrity.cloakingdetection.service.CloakingDetectionService is missing meta key com.facebook.common.jobscheduler.compat.jobIds
04-22 12:15:37.211 29323 29604 W fb4a.ServiceInfoParser: X.3Q6: Service com.facebook.contacts.service.ContactLocaleChangeService is missing meta key com.facebook.common.jobscheduler.compat.jobIds
04-22 12:15:37.211 29323 29604 W fb4a.ServiceInfoParser: X.3Q6: Service androidx.work.impl.background.systemjob.SystemJobService is missing meta key com.facebook.common.jobscheduler.compat.jobIds
04-22 12:15:37.211 29323 29604 W fb4a.ServiceInfoParser: X.3Q6: Service com.google.android.gms.analytics.AnalyticsJobService is missing meta key com.facebook.common.jobscheduler.compat.jobIds
04-22 12:15:37.211 29323 29604 W fb4a.ServiceInfoParser: X.3Q6: Service com.facebook.account.login.notification.LoginNotificationService is missing meta key com.facebook.common.jobscheduler.compat.jobIds
04-22 12:15:37.211 29323 29604 W fb4a.ServiceInfoParser: X.3Q6: Service com.facebook.analytics.appstatelogger.AppStateIntentService is missing meta key com.facebook.common.jobscheduler.compat.jobIds
04-22 12:15:37.212 29323 29604 W fb4a.ServiceInfoParser: X.3Q6: Service com.facebook.analytics2.logger.LollipopUploadService is missing meta key com.facebook.common.jobscheduler.compat.jobIds
04-22 12:15:37.212 29323 29604 W fb4a.ServiceInfoParser: X.3Q6: Service com.facebook.appcomponentmanager.AppComponentManagerService is missing meta key com.facebook.common.jobscheduler.compat.jobIds
04-22 12:15:37.212 29323 29604 W fb4a.ServiceInfoParser: X.3Q6: Service com.facebook.backgroundlocation.process.BackgroundLocationGatheringService is missing meta key com.facebook.common.jobscheduler.compat.jobIds
04-22 12:15:37.212 29323 29604 W fb4a.ServiceInfoParser: X.3Q6: Service com.facebook.backgroundlocation.reporting.periodic.PeriodicSignalCollectorJobService is missing meta key com.facebook.common.jobscheduler.compat.jobIds
04-22 12:15:37.212 29323 29604 W fb4a.ServiceInfoParser: X.3Q6: Service com.facebook.battery.monitor.ContinuousBatteryMonitorService is missing meta key com.facebook.common.jobscheduler.compat.jobIds
04-22 12:15:37.212 29323 29604 W fb4a.ServiceInfoParser: X.3Q6: Service com.facebook.common.dextricks.DexOptimization$Service is missing meta key com.facebook.common.jobscheduler.compat.jobIds
04-22 12:15:37.212 29323 29604 W fb4a.ServiceInfoParser: X.3Q6: Service com.facebook.common.dextricks.DexOptimizationJobService is missing meta key com.facebook.common.jobscheduler.compat.jobIds
04-22 12:15:37.212 29323 29604 W fb4a.ServiceInfoParser: X.3Q6: Service com.facebook.compost.service.CompostNotificationService is missing meta key com.facebook.common.jobscheduler.compat.jobIds
04-22 12:15:37.212 29323 29604 W fb4a.ServiceInfoParser: X.3Q6: Service com.facebook.conditionalworker.ConditionalWorkerService is missing meta key com.facebook.common.jobscheduler.compat.jobIds
04-22 12:15:37.213 29323 29604 W fb4a.ServiceInfoParser: X.3Q6: Service com.facebook.delayedworker.DelayedWorkerService is missing meta key com.facebook.common.jobscheduler.compat.jobIds
04-22 12:15:37.213 29323 29604 W fb4a.ServiceInfoParser: X.3Q6: Service com.facebook.displaytimeinvalidation.service.DisplayTimeBlockIntentService is missing meta key com.facebook.common.jobscheduler.compat.jobIds
04-22 12:15:37.213 29323 29604 W fb4a.ServiceInfoParser: X.3Q6: Service com.facebook.fbservice.service.BlueServiceJobIntentService is missing meta key com.facebook.common.jobscheduler.compat.jobIds
04-22 12:15:37.213 29323 29604 W fb4a.ServiceInfoParser: X.3Q6: Service com.facebook.feed.platformads.AppInstallService is missing meta key com.facebook.common.jobscheduler.compat.jobIds
04-22 12:15:37.213 29323 29604 W fb4a.ServiceInfoParser: X.3Q6: Service com.facebook.glc.ScheduledWifiMonitorService is missing meta key com.facebook.common.jobscheduler.compat.jobIds
04-22 12:15:37.213 29323 29604 W fb4a.ServiceInfoParser: X.3Q6: Service com.facebook.glc.GLCService is missing meta key com.facebook.common.jobscheduler.compat.jobIds
04-22 12:15:37.213 29323 29604 W fb4a.ServiceInfoParser: X.3Q6: Service com.facebook.googleplay.GooglePlayInstallRefererService is missing meta key com.facebook.common.jobscheduler.compat.jobIds
04-22 12:15:37.213 29323 29604 W fb4a.ServiceInfoParser: X.3Q6: Service com.facebook.messaging.prefs.notifications.NotificationPrefsSyncService is missing meta key com.facebook.common.jobscheduler.compat.jobIds
04-22 12:15:37.213 29323 29604 W fb4a.ServiceInfoParser: X.3Q6: Service com.facebook.orca.notify.MessagesNotificationService is missing meta key com.facebook.common.jobscheduler.compat.jobIds
04-22 12:15:37.213 29323 29604 W fb4a.ServiceInfoParser: X.3Q6: Service com.facebook.oxygen.preloads.sdk.firstparty.managedappcache.IsManagedAppCacheJobService is missing meta key com.facebook.common.jobscheduler.compat.jobIds
04-22 12:15:37.213 29323 29604 W fb4a.ServiceInfoParser: X.3Q6: Service com.facebook.papaya.fb.client.FBPapayaJobService is missing meta key com.facebook.common.jobscheduler.compat.jobIds
04-22 12:15:37.213 29323 29604 W fb4a.ServiceInfoParser: X.3Q6: Service com.facebook.push.registration.RegistrarHelperService is missing meta key com.facebook.common.jobscheduler.compat.jobIds
04-22 12:15:37.214 29323 29604 W fb4a.ServiceInfoParser: X.3Q6: Service com.facebook.push.crossapp.PackageRemovedReporterService is missing meta key com.facebook.common.jobscheduler.compat.jobIds
04-22 12:15:37.214 29323 29604 W fb4a.ServiceInfoParser: X.3Q6: Service com.facebook.push.adm.ADMService is missing meta key com.facebook.common.jobscheduler.compat.jobIds
04-22 12:15:37.214 29323 29604 W fb4a.ServiceInfoParser: X.3Q6: Service com.facebook.push.adm.ADMBroadcastReceiverJobBase is missing meta key com.facebook.common.jobscheduler.compat.jobIds
04-22 12:15:37.214 29323 29604 W fb4a.ServiceInfoParser: X.3Q6: Service com.facebook.push.adm.ADMJobIntentService is missing meta key com.facebook.common.jobscheduler.compat.jobIds
04-22 12:15:37.214 29323 29604 W fb4a.ServiceInfoParser: X.3Q6: Service com.facebook.push.fbpushdata.common.FbPushDataHandlerService is missing meta key com.facebook.common.jobscheduler.compat.jobIds
04-22 12:15:37.214 29323 29604 W fb4a.ServiceInfoParser: X.3Q6: Service com.facebook.push.fcm.FcmRegistrarFbJobIntentService is missing meta key com.facebook.common.jobscheduler.compat.jobIds
04-22 12:15:37.214 29323 29604 W fb4a.ServiceInfoParser: X.3Q6: Service com.facebook.push.mqtt.service.MqttPushHelperService is missing meta key com.facebook.common.jobscheduler.compat.jobIds
04-22 12:15:37.214 29323 29604 W fb4a.ServiceInfoParser: X.3Q6: Service com.facebook.push.negativefeedback.PushNegativeFeedbackFbJobIntentService is missing meta key com.facebook.common.jobscheduler.compat.jobIds
04-22 12:15:37.214 29323 29604 W fb4a.ServiceInfoParser: X.3Q6: Service com.facebook.registration.notification.RegistrationNotificationService is missing meta key com.facebook.common.jobscheduler.compat.jobIds
04-22 12:15:37.214 29323 29604 W fb4a.ServiceInfoParser: X.3Q6: Service com.facebook.registration.service.NewAccountStateLoggingService is missing meta key com.facebook.common.jobscheduler.compat.jobIds
04-22 12:15:37.214 29323 29604 W fb4a.ServiceInfoParser: X.3Q6: Service com.facebook.reportaproblem.base.bugreport.BugReportUploadService is missing meta key com.facebook.common.jobscheduler.compat.jobIds
04-22 12:15:37.214 29323 29604 W fb4a.ServiceInfoParser: X.3Q6: Service com.facebook.videolite.api.jobscheduler.UploadJobSchedulerService is missing meta key com.facebook.common.jobscheduler.compat.jobIds
04-22 12:15:37.219 29323 29639 W fb4a.ReqContexts: continueFromDirect() replaced by create()
04-22 12:15:37.226  1635  1775 W BroadcastQueue: Permission Denial: broadcasting Intent { act=android.net.conn.CONNECTIVITY_CHANGE flg=0x4200010 (has extras) } from null (pid=-1, uid=-1) requires com.facebook.permission.prod.FB_APP_COMMUNICATION due to registered receiver BroadcastFilter{d4f3d86 10248/u0 ReceiverList{40aee61 29323 com.facebook.katana/10248/u0 remote:fb3bdc8}}
04-22 12:15:37.230 29323 29642 W fb4a.ReqContexts: continueFromDirect() replaced by create()
04-22 12:15:37.233 29323 29639 W fb4a.ReqContexts: continueFromDirect() replaced by create()
04-22 12:15:37.236 29323 29642 W fb4a.ReqContexts: continueFromDirect() replaced by create()
04-22 12:15:37.272 29323 29642 W fb4a.ReqContexts: continueFromDirect() replaced by create()
04-22 12:15:37.274 29323 29639 W fb4a.ReqContexts: continueFromDirect() replaced by create()
04-22 12:15:37.275 29323 29642 W fb4a.ReqContexts: continueFromDirect() replaced by create()
04-22 12:15:37.276 29323 29639 W fb4a.ReqContexts: continueFromDirect() replaced by create()
04-22 12:15:37.278 29323 29604 W fb4a.ReqContexts: continueFromDirect() replaced by create()
04-22 12:15:37.280 29323 29639 W fb4a.ReqContexts: continueFromDirect() replaced by create()
04-22 12:15:37.282 29323 29604 W fb4a.ReqContexts: continueFromDirect() replaced by create()
04-22 12:15:37.309 29323 29639 W fb4a.ReqContexts: continueFromDirect() replaced by create()
04-22 12:15:37.311 29323 29604 W fb4a.ReqContexts: continueFromDirect() replaced by create()
04-22 12:15:37.313 29323 29639 W fb4a.ReqContexts: continueFromDirect() replaced by create()
04-22 12:15:37.330 29323 29615 W fb4a.ReqContexts: continueFromDirect() replaced by create()
04-22 12:15:37.346 29323 29639 W fb4a.ReqContexts: continueFromDirect() replaced by create()
04-22 12:15:37.353 29323 29604 W fb4a.ReqContexts: continueFromDirect() replaced by create()
04-22 12:15:37.368 29323 29639 D skia    : --- Failed to create image decoder with message 'unimplemented'
04-22 12:15:37.371 29323 29639 D skia    : --- Failed to create image decoder with message 'unimplemented'
04-22 12:15:37.372 29323 29578 D skia    : --- Failed to create image decoder with message 'unimplemented'
04-22 12:15:37.372 29323 29578 I chatty  : uid=10248(com.facebook.katana) CombinedTP1 identical 5 lines
04-22 12:15:37.372 29323 29578 D skia    : --- Failed to create image decoder with message 'unimplemented'
04-22 12:15:37.373 29323 29642 W fb4a.ReqContexts: continueFromDirect() replaced by create()
04-22 12:15:37.374 29323 29578 D skia    : --- Failed to create image decoder with message 'unimplemented'
04-22 12:15:37.375 29323 29578 D skia    : --- Failed to create image decoder with message 'unimplemented'
04-22 12:15:37.375 29323 29639 W fb4a.ReqContexts: continueFromDirect() replaced by create()
04-22 12:15:37.376 29323 29604 D skia    : --- Failed to create image decoder with message 'unimplemented'
04-22 12:15:37.378 29323 29604 I chatty  : uid=10248(com.facebook.katana) CombinedTP2 identical 31 lines
04-22 12:15:37.378 29323 29604 D skia    : --- Failed to create image decoder with message 'unimplemented'
04-22 12:15:37.379 29323 29638 D skia    : --- Failed to create image decoder with message 'unimplemented'
04-22 12:15:37.380 29323 29638 I chatty  : uid=10248(com.facebook.katana) CombinedTP7 identical 5 lines
04-22 12:15:37.380 29323 29638 D skia    : --- Failed to create image decoder with message 'unimplemented'
04-22 12:15:37.381 29323 29618 W fb4a.ReqContexts: continueFromDirect() replaced by create()
04-22 12:15:37.381 29323 29638 D skia    : --- Failed to create image decoder with message 'unimplemented'
04-22 12:15:37.381 29323 29638 D skia    : --- Failed to create image decoder with message 'unimplemented'
04-22 12:15:37.383 29323 29604 W fb4a.ReqContexts: continueFromDirect() replaced by create()
04-22 12:15:37.384 29323 29639 D skia    : --- Failed to create image decoder with message 'unimplemented'
04-22 12:15:37.387 29323 29639 D skia    : --- Failed to create image decoder with message 'unimplemented'
04-22 12:15:37.389 29323 29619 D skia    : --- Failed to create image decoder with message 'unimplemented'
04-22 12:15:37.392 29323 29619 I chatty  : uid=10248(com.facebook.katana) identical 7 lines
04-22 12:15:37.392 29323 29619 D skia    : --- Failed to create image decoder with message 'unimplemented'
04-22 12:15:37.396 29323 29604 D skia    : --- Failed to create image decoder with message 'unimplemented'
04-22 12:15:37.399 29323 29604 D skia    : --- Failed to create image decoder with message 'unimplemented'
04-22 12:15:37.399 29323 29639 D skia    : --- Failed to create image decoder with message 'unimplemented'
04-22 12:15:37.402 29323 29639 D skia    : --- Failed to create image decoder with message 'unimplemented'
04-22 12:15:37.408 29323 29619 W fb4a.ReqContexts: continueFromDirect() replaced by create()
04-22 12:15:37.411 29323 29604 W fb4a.ReqContexts: continueFromDirect() replaced by create()
04-22 