04-22 12:04:49.376 26683 26683 E AndroidRuntime: 	at com.android.internal.os.ZygoteInit.main(ZygoteInit.java:947)
04-22 12:04:49.381  1635  2884 W NetworkPolicy: shared quota unsupported; generating rule for each iface
04-22 12:04:49.390  1635 27205 I DropBoxManagerService: add tag=data_app_crash isTagEnabled=true flags=0x2
04-22 12:04:49.390  1635 12414 W ActivityTaskManager:   Force finishing activity com.google.location.nearby.apps.connectedcrossroad/nx.aodv.eval.MainActivity
04-22 12:04:49.417  1635  1775 W BroadcastQueue: Background execution not allowed: receiving Intent { act=android.intent.action.DROPBOX_ENTRY_ADDED flg=0x10 (has extras) } to com.google.android.gms/.stats.service.DropBoxEntryAddedReceiver
04-22 12:04:49.418  1635  1775 W BroadcastQueue: Background execution not allowed: receiving Intent { act=android.intent.action.DROPBOX_ENTRY_ADDED flg=0x10 (has extras) } to com.google.android.gms/.chimera.GmsIntentOperationService$PersistentTrustedReceiver
04-22 12:04:49.479  1635  2884 W NetworkPolicy: shared quota unsupported; generating rule for each iface
04-22 12:04:49.494  1635  1713 I ActivityManager: Process com.google.location.nearby.apps.connectedcrossroad (pid 26683) has died: prcp TOP 
04-22 12:04:49.494  1635  4599 I WindowManager: WIN DEATH: Window{85776f5 u0 com.google.location.nearby.apps.connectedcrossroad/nx.aodv.eval.MainActivity}
04-22 12:04:49.526  1635  1756 W ActivityManager: setHasOverlayUi called on unknown pid: 26683
04-22 12:04:49.891  1635  1756 W ActivityTaskManager: Activity top resumed state loss timeout for ActivityRecord{be41a38 u0 com.google.location.nearby.apps.connectedcrossroad/nx.aodv.eval.MainActivity t-1 f}}
04-22 12:04:50.477  1635  2884 W NetworkPolicy: shared quota unsupported; generating rule for each iface
04-22 12:04:50.591  1635  2884 W NetworkPolicy: shared quota unsupported; generating rule for each iface
04-22 12:04:51.376  1635  1635 W NotificationService: Object died trying to hide custom toast android.os.BinderProxy@2870bc0 in package com.google.location.nearby.apps.connectedcrossroad
04-22 12:04:51.587  1635  2884 W NetworkPolicy: shared quota unsupported; generating rule for each iface
04-22 12:04:51.707  1635  2884 W NetworkPolicy: shared quota unsupported; generating rule for each iface
04-22 12:04:52.091  1635  2891 D ConnectivityService: NetReassign [no changes]
04-22 12:04:52.721  1635  2884 W NetworkPolicy: shared quota unsupported; generating rule for each iface
04-22 12:04:52.848  1635  2884 W NetworkPolicy: shared quota unsupported; generating rule for each iface
04-22 12:04:55.123  1635  2891 D ConnectivityService: NetReassign [no changes]
04-22 12:04:58.162  1635  2891 I chatty  : uid=1000(system) ConnectivitySer identical 1 line
04-22 12:05:01.196  1635  2891 D ConnectivityService: NetReassign [no changes]
04-22 12:05:02.380  1635  1635 W WindowManager: removeWindowToken: Attempted to remove non-existing token: android.os.Binder@6636bc5
04-22 12:05:04.246  1635  2891 D ConnectivityService: NetReassign [no changes]
04-22 12:06:04.900  1635  2891 I chatty  : uid=1000(system) ConnectivitySer identical 20 lines
04-22 12:06:07.924  1635  2891 D ConnectivityService: NetReassign [no changes]
04-22 12:06:09.914  1635  1713 D CompatibilityChangeReporter: Compat change id reported: 135634846; UID 10072; state: DISABLED
04-22 12:06:09.914  1635  1776 D CompatibilityChangeReporter: Compat change id reported: 143937733; UID 10072; state: ENABLED
04-22 12:06:09.931  1635  1776 I ActivityManager: Start proc 27293:com.android.providers.calendar/u0a72 for content provider {com.android.providers.calendar/com.android.providers.calendar.CalendarProvider2}
04-22 12:06:10.938  1635  2891 D ConnectivityService: NetReassign [no changes]
04-22 12:06:13.974  1635  2891 I chatty  : uid=1000(system) ConnectivitySer identical 1 line
04-22 12:06:17.024  1635  2891 D ConnectivityService: NetReassign [no changes]
04-22 12:06:17.459  1635  1775 D CompatibilityChangeReporter: Compat change id reported: 135634846; UID 10257; state: DISABLED
04-22 12:06:17.461  1635  1776 D CompatibilityChangeReporter: Compat change id reported: 143937733; UID 10257; state: DISABLED
04-22 12:06:17.509  1635  1776 W ActivityManager: Slow operation: 51ms so far, now at startProcess: done updating battery stats
04-22 12:06:17.509  1635  1776 W ActivityManager: Slow operation: 51ms so far, now at startProcess: building log message
04-22 12:06:17.509  1635  1776 I ActivityManager: Start proc 27348:com.google.android.apps.authenticator2/u0a257 for broadcast {com.google.android.apps.authenticator2/com.google.android.apps.authenticator.auditlog.AuditLogTimerReceiver}
04-22 12:06:17.509  1635  1776 W ActivityManager: Slow operation: 52ms so far, now at startProcess: starting to update pids map
04-22 12:06:17.510  1635  1776 W ActivityManager: Slow operation: 52ms so far, now at startProcess: done updating pids map
04-22 12:06:20.045  1635  2891 D ConnectivityService: NetReassign [no changes]
04-22 12:06:29.153  1635  2891 I chatty  : uid=1000(system) ConnectivitySer identical 3 lines
04-22 12:06:32.197  1635  2891 D ConnectivityService: NetReassign [no changes]
04-22 12:06:33.437  1635  1635 D CompatibilityChangeReporter: Compat change id reported: 135634846; UID 10157; state: DISABLED
04-22 12:06:33.437  1635  1776 D CompatibilityChangeReporter: Compat change id reported: 143937733; UID 10157; state: DISABLED
04-22 12:06:33.454  1635  1776 I ActivityManager: Start proc 27410:com.google.android.apps.turbo:aab/u0a157 for service {com.google.android.apps.turbo/com.google.android.libraries.smartbattery.appusage.library.InferAppBucketsJob}
04-22 12:06:35.228  1635  2891 D ConnectivityService: NetReassign [no changes]
04-22 12:07:05.516  1635  2891 I chatty  : uid=1000(system) ConnectivitySer identical 10 lines
04-22 12:07:08.544  1635  2891 D ConnectivityService: NetReassign [no changes]
04-22 12:07:10.636  1635  1713 W ActivityManager: Foreground service started from background can not have location/camera/microphone access: service steptracker.healthandfitness.walkingtracker.pedometer/com.drojian.stepcounter.service.CounterService
04-22 12:07:10.657  1635  6941 W ActivityManager: Foreground service started from background can not have location/camera/microphone access: service steptracker.healthandfitness.walkingtracker.pedometer/com.drojian.stepcounter.service.CounterService
04-22 12:07:10.668  1635  4599 W ActivityManager: Foreground service started from background can not have location/camera/microphone access: service steptracker.healthandfitness.walkingtracker.pedometer/com.drojian.stepcounter.service.CounterService
04-22 12:07:11.568  1635  2891 D ConnectivityService: NetReassign [no changes]
04-22 12:08:42.560  1635  2891 I chatty  : uid=1000(system) ConnectivitySer identical 30 lines
04-22 12:08:45.612  1635  2891 D ConnectivityService: NetReassign [no changes]
04-22 12:08:48.048  1635  1635 I SoundTriggerHelper: Recognition success
04-22 12:08:48.050  4561 15521 I AlwaysOnHotwordDetector: onDetected
04-22 12:08:48.638  1635  2891 D ConnectivityService: NetReassign [no changes]
04-22 12:08:49.573  1635  4599 I SoundTriggerHelper: startRecognition successful.
04-22 12:08:51.665  1635  2891 D ConnectivityService: NetReassign [no changes]
04-22 12:08:57.725  1635  2891 I chatty  : uid=1000(system) ConnectivitySer identical 2 lines
04-22 12:09:00.756  1635  2891 D ConnectivityService: NetReassign [no changes]
04-22 12:09:01.780  1635  1775 W BroadcastQueue: Background execution not allowed: receiving Intent { act=android.net.wifi.STATE_CHANGE flg=0x4000010 (has extras) } to com.jaga.ibraceletplus.smartwristband3/com.yc.pedometer.remind.GloryFitBootReceiver
04-22 12:09:01.782  1635  1775 W BroadcastQueue: Background execution not allowed: receiving Intent { act=android.net.wifi.STATE_CHANGE flg=0x4000010 (has extras) } to com.jaga.ibraceletplus.smartwristband3/com.yc.pedometer.keepalive.KeepAliveReceiver
04-22 12:09:03.777  1635  2891 D ConnectivityService: NetReassign [no changes]
04-22 12:09:06.820  1635  2891 D ConnectivityService: NetReassign [no changes]
04-22 12:09:08.831  1635  1635 W NotificationHistory: Attempted to add notif for locked/gone/disabled user 0
04-22 12:09:09.844  1635  2891 D ConnectivityService: NetReassign [no changes]
04-22 12:09:37.109  1635  2891 I chatty  : uid=1000(system) ConnectivitySer identical 9 lines
04-22 12:09:40.151  1635  2891 D ConnectivityService: NetReassign [no changes]
04-22 12:09:42.194  1635  1862 V DisplayPowerController: Brightness [0.05] reason changing to: 'automatic [ dim ]', previous reason: 'automatic'.
04-22 12:09:43.187  1635  2891 D ConnectivityService: NetReassign [no changes]
04-22 12:09:46.218  1635  2891 D ConnectivityService: NetReassign [no changes]
04-22 12:09:49.188  1635  1862 I PowerManagerService: Going to sleep due to timeout (uid 1000)...
04-22 12:09:49.222  1635  1713 D BiometricUtils: isEncrypted: false isLockdown: false
04-22 12:09:49.230  1635  1635 V FingerprintService: startAuthentication(com.android.systemui)
04-22 12:09:49.230  1635  1635 V FingerprintService: starting client AuthenticationClientImpl(com.android.systemui) targetUserId: 0 currentUserId: 0 cookie: 0/0
04-22 12:09:49.230  1635  2891 D ConnectivityService: NetReassign [no changes]
04-22 12:09:49.251  1635  1635 W FingerprintService: client com.android.systemui is authenticating...
04-22 12:09:49.295  1635  1862 V DisplayPowerController: Brightness [0.15638575] reason changing to: 'automatic', previous reason: 'automatic [ dim ]'.
04-22 12:09:49.710  1635  1862 I DisplayPowerController: Blocking screen off
04-22 12:09:49.711  1635  1862 I DisplayPowerController: Unblocked screen off after 0 ms
04-22 12:09:49.738  1635  1862 D ActivityTaskManager: Top Process State changed to PROCESS_STATE_TOP_SLEEPING
04-22 12:09:49.780  1635  1862 V DisplayPowerController: Brightness [-1.0] reason changing to: 'screen_off', previous reason: 'automatic'.
04-22 12:09:49.793  1635  1756 I DisplayManagerService: Display device changed state: "Built-in Screen", OFF
04-22 12:09:49.948  1635  1862 I DreamManagerService: Entering dreamland.
04-22 12:09:49.948  1635  1862 I PowerManagerService: Dozing...
04-22 12:09:49.950  1635  1752 I DreamController: Starting dream: name=ComponentInfo{com.android.systemui/com.android.systemui.doze.DozeService}, isTest=false, canDoze=true, userId=0
04-22 12:09:50.111  1635  1756 V WindowManager: Orientation start waiting for draw, mDrawState=DRAW_PENDING in Window{b3b0d7 u0 NotificationShade}, surfaceController Surface(name=NotificationShade)/@0x8b49f55
04-22 12:09:50.370  1635  3048 I ActivityTaskManager: START u0 {flg=0x10000000 cmp=steptracker.healthandfitness.walkingtracker.pedometer/com.drojian.servicekeeper.service.OneActivity} from uid 10208
04-22 12:09:50.371  1635  3048 W ActivityTaskManager: Background activity start [callingPackage: steptracker.healthandfitness.walkingtracker.pedometer; callingUid: 10208; isCallingUidForeground: false; callingUidHasAnyVisibleWindow: false; callingUidProcState: FOREGROUND_SERVICE; isCallingUidPersistentSystemProcess: false; realCallingUid: 10208; isRealCallingUidForeground: false; realCallingUidHasAnyVisibleWindow: false; realCallingUidProcState: FOREGROUND_SERVICE; isRealCallingUidPersistentSystemProcess: false; originatingPendingIntent: null; isBgStartWhitelisted: false; intent: Intent { flg=0x10000000 cmp=steptracker.healthandfitness.walkingtracker.pedometer/com.drojian.servicekeeper.service.OneActivity }; callerApp: ProcessRecord{7a2a5f8 15007:steptracker.healthandfitness.walkingtracker.pedometer/u0a208}]
04-22 12:09:50.372  1635  3048 E ActivityTaskManager: Abort background activity starts from 10208
04-22 12:09:50.712  1635  3048 W ActivityManager: Foreground service started from background can not have location/camera/microphone access: service steptracker.healthandfitness.walkingtracker.pedometer/com.drojian.stepcounter.service.CounterService
04-22 12:09:54.191  1635  1771 I UsageStatsService: User[0] Flushing usage stats to disk
04-22 12:09:54.740  1635  1756 W ActivityTaskManager: Sleep timeout!  Sleeping now.
04-22 12:10:01.544  1635  4599 W ActivityManager: Foreground service started from background can not have location/camera/microphone access: service com.facebook.orca/com.facebook.rtc.incallservice.InCallForegroundService
04-22 12:10:01.556  1635  4599 I chatty  : uid=1000(system) Binder:1635_D identical 1 line
04-22 12:10:01.592  1635  4599 W ActivityManager: Foreground service started from background can not have location/camera/microphone access: service com.facebook.orca/com.facebook.rtc.incallservice.InCallForegroundService
04-22 12:10:01.757  1635  1635 W NotificationHistory: Attempted to add notif for locked/gone/disabled user 0
04-22 12:10:01.802  1635  4599 I DreamManagerService: Gently waking up from dream.
04-22 12:10:01.803  1635  1752 I DreamManagerService: Performing gentle wake from dream.
04-22 12:10:01.804  1635  9190 I ActivityTaskManager: START u0 {act=com.facebook.rtc.fbwebrtc.intent.action.HOSTED_FRAGMENT_INCOMING_CALL flg=0x10010000 pkg=com.facebook.orca cmp=com.facebook.orca/com.facebook.rtc.activities.InCallActivity} from uid 10243
04-22 12:10:01.815  1635  9190 W ActivityTaskManager: Tried to set launchTime (0) < mLastActivityLaunchTime (35879938)
04-22 12:10:01.831  1635  3048 I DreamManagerService: Leaving dreamland.
04-22 12:10:01.840  1635  1862 I PowerManagerService: Sleeping (uid 1000)...
04-22 12:10:01.841  1635  1752 I DreamManagerService: Performing gentle wake from dream.
04-22 12:10:01.841  1635  1752 I DreamController: Stopping dream: name=ComponentInfo{com.android.systemui/com.android.systemui.doze.DozeService}, isTest=false, canDoze=true, userId=0, reason='finished self'(from 'request awaken')
04-22 12:10:01.850  1635  8781 I ActivityTaskManager: START u0 {act=com.facebook.rtc.fbwebrtc.intent.action.HOSTED_FRAGMENT_INCOMING_CALL flg=0x10010000 pkg=com.facebook.orca cmp=com.facebook.orca/com.facebook.rtc.activities.InCallActivity} from uid 10243
04-22 12:10:01.865  1635  8781 I ActivityTaskManager: START u0 {act=com.facebook.rtc.fbwebrtc.intent.action.HOSTED_FRAGMENT_INCOMING_CALL flg=0x10010000 pkg=com.facebook.orca cmp=com.facebook.orca/com.facebook.rtc.activities.InCallActivity} from uid 10243
04-22 12:10:02.038  1635  6941 I PowerManagerService: Waking up from Asleep (uid=10243, reason=WAKE_REASON_APPLICATION, details=IncallWakeLocks:SCREEN_ON:InCallSensorManager)...
04-22 12:10:02.049  1635  1862 I DisplayPowerController: Blocking screen on until initial contents have been drawn.
04-22 12:10:02.049  1635  1862 D ActivityTaskManager: Top Process State changed to PROCESS_STATE_TOP
04-22 12:10:02.049  1635  1862 D ActivityTaskManager: awakeFromSleepingLocked: previously pausing activity didn't pause
04-22 12:10:02.085  1635  1862 V DisplayPowerController: Brightness [0.15638575] reason changing to: 'manual', previous reason: 'screen_off'.
04-22 12:10:02.094  1635  1756 I DisplayManagerService: Display device changed state: "Built-in Screen", ON
04-22 12:10:02.216  1635  1862 I DisplayPowerController: Unblocked screen on after 167 ms
04-22 12:10:02.237  1635  1862 V DisplayPowerController: Brightness [0.050197996] reason changing to: 'automatic', previous reason: 'manual'.
04-22 12:10:02.244  1635  1862 W PowerManagerService: Screen on took 206 ms
04-22 12:10:02.250  1635  4599 V WindowManager: Orientation start waiting for draw, mDrawState=DRAW_PENDING in Window{41f4edd u0 com.facebook.orca/com.facebook.rtc.activities.InCallActivity}, surfaceController Surface(name=com.facebook.orca/com.facebook.rtc.activities.InCallActivity)/@0x7bcd19b
04-22 12:10:02.297  1635  2891 D Nat464Xlat: clatd running, updating NAI for v4-rmnet_data2
04-22 12:10:02.310  1635  1713 V FingerprintService: cancelAuthentication(com.android.systemui)
04-22 12:10:02.311  1635  1635 V FingerprintService: Stopping client com.android.systemui, fromClient: true
04-22 12:10:02.399  1635  1635 W FingerprintService: client com.android.systemui is no longer authenticating
04-22 12:10:02.404  1635  1635 V FingerprintService: handleError(client=com.android.systemui, error = 5)
04-22 12:10:02.404  1635  1635 V BiometricStats: Error latency: -1
04-22 12:10:02.404  1635  1635 W BiometricStats: found a negative latency : -1
04-22 12:10:02.405  1635  1635 V FingerprintService: Done with client: com.android.systemui
04-22 12:10:02.435  1635  8781 W ActivityManager: Background start not allowed: service Intent { act=Orca.PERSISTENT_KICK_SKIP_PING cmp=com.facebook.katana/com.facebook.mqttlite.MqttService (has extras) } to com.facebook.katana/com.facebook.mqttlite.MqttService from pid=23591 uid=10248 pkg=com.facebook.katana startFg?=false
04-22 12:10:02.444  1635  3044 W BroadcastQueue: Background execution not allowed: receiving Intent { act=android.net.wifi.RSSI_CHANGED flg=0x4000010 (has extras) } to com.jaga.ibraceletplus.smartwristband3/com.yc.pedometer.remind.GloryFitBootReceiver
04-22 12:10:02.455  1635  2891 D Nat464Xlat: clatd running, updating NAI for v4-rmnet_data2
04-22 12:10:02.563  1635  8772 I SoundTriggerService: deleteSoundModel(): id = 9f6ad62a-1f0b-11e7-87c5-40a8f03d3f15
04-22 12:10:02.563  1635  8772 W SoundTriggerHelper: Unload error: Attempting unload invalid generic model with id:9f6ad62a-1f0b-11e7-87c5-40a8f03d3f15
04-22 12:10:02.563  1635  8772 E SoundTriggerService: error onStop(): Model 9f6ad62a-1f0b-11e7-87c5-40a8f03d3f15 has no stats available
04-22 12:10:02.718  1635  2891 D ConnectivityService: NetReassign [no changes]
04-22 12:10:05.448  1635  2891 D ConnectivityService: NetReassign [no changes]
04-22 12:10:05.980  1635  1862 I DisplayPowerController: No longer ignoring proximity [0]
04-22 12:10:06.357  1635  3469 I Telecom : CallAudioRouteStateMachine: Message received: SPEAKER_ON=1006, arg1=0: CARSM.mSPCR->CARSM.pM_SPEAKER_ON@Bdo
04-22 12:10:06.366  1635  3469 I Telecom : QuiescentEarpieceRoute: Processing message SPEAKER_ON: CARSM.mSPCR->CARSM.pM_SPEAKER_ON@Bdo
04-22 12:10:07.714  1635  1713 I ActivityManager: Process com.google.android.webview:webview_service (pid 23682) has died: cch+85 CEM 
04-22 12:10:07.769  1635  3044 I ActivityManager: Process com.discord (pid 24709) has died: cch+85 CEM 
04-22 12:10:08.101  1635  3044 D ConnectivityService: ConnectivityService NetworkRequestInfo binderDied(NetworkRequest [ TRACK_DEFAULT id=810, [ Capabilities: INTERNET&NOT_RESTRICTED&TRUSTED Uid: 10271 AdministratorUids: [] RequestorUid: 10271 RequestorPackageName: com.easybrain.nonogram] ], android.os.BinderProxy@1f33f1e)
04-22 12:10:08.101  1635  6941 D ConnectivityService: ConnectivityService NetworkRequestInfo binderDied(NetworkRequest [ LISTEN id=791, [ Capabilities: INTERNET&NOT_RESTRICTED&TRUSTED&NOT_VPN&FOREGROUND Uid: 10271 AdministratorUids: [] RequestorUid: 10271 RequestorPackageName: com.easybrain.nonogram] ], android.os.BinderProxy@10133ff)
04-22 12:10:08.101  1635  1712 D ConnectivityService: ConnectivityService NetworkRequestInfo binderDied(NetworkRequest [ LISTEN id=792, [ Capabilities: INTERNET&NOT_RESTRICTED&TRUSTED&NOT_VPN&FOREGROUND Uid: 10271 AdministratorUids: [] RequestorUid: 10271 RequestorPackageName: com.easybrain.nonogram] ], android.os.BinderProxy@19505cc)
04-22 12:10:08.102  1635  3044 D ConnectivityService: ConnectivityService NetworkRequestInfo binderDied(NetworkRequest [ LISTEN id=793, [ Capabilities: INTERNET&NOT_RESTRICTED&TRUSTED&NOT_VPN&FOREGROUND Uid: 10271 AdministratorUids: [] RequestorUid: 10271 RequestorPackageName: com.easybrain.nonogram] ], android.os.BinderProxy@bffd015)
04-22 12:10:08.102  1635  6941 D ConnectivityService: ConnectivityService NetworkRequestInfo binderDied(NetworkRequest [ LISTEN id=795, [ Capabilities: INTERNET&NOT_RESTRICTED&TRUSTED&NOT_VPN&FOREGROUND Uid: 10271 AdministratorUids: [] RequestorUid: 10271 RequestorPackageName: com.easybrain.nonogram] ], android.os.BinderProxy@2902f2a)
04-22 12:10:08.102  1635  3044 D ConnectivityService: ConnectivityService NetworkRequestInfo binderDied(NetworkRequest [ TRACK_DEFAULT id=798, [ Capabilities: INTERNET&NOT_RESTRICTED&TRUSTED Uid: 10271 AdministratorUids: [] RequestorUid: 10271 RequestorPackageName: com.easybrain.nonogram] ], android.os.BinderProxy@a3f111b)
04-22 12:10:08.102  1635  6941 D ConnectivityService: ConnectivityService NetworkRequestInfo binderDied(NetworkRequest [ LISTEN id=801, [ Capabilities: INTERNET&NOT_RESTRICTED&TRUSTED&NOT_VPN&FOREGROUND Uid: 10271 AdministratorUids: [] RequestorUid: 10271 RequestorPackageName: com.easybrain.nonogram] ], android.os.BinderProxy@9f2b2b8)
04-22 12:10:08.102  1635  3044 D ConnectivityService: ConnectivityService NetworkRequestInfo binderDied(NetworkRequest [ LISTEN id=807, [ Capabilities: INTERNET&NOT_RESTRICTED&TRUSTED&NOT_VPN&FOREGROUND Uid: 10271 AdministratorUids: [] RequestorUid: 10271 RequestorPackageName: com.easybrain.nonogram] ], android.os.BinderProxy@11a5891)
04-22 12:10:08.102  1635  3043 D ConnectivityService: ConnectivityService NetworkRequestInfo binderDied(NetworkRequest [ LISTEN id=802, [ Capabilities: INTERNET&NOT_RESTRICTED&TRUSTED&NOT_VPN&FOREGROUND Uid: 10271 AdministratorUids: [] RequestorUid: 10271 RequestorPackageName: com.easybrain.nonogram] ], android.os.BinderProxy@5a13f6)
04-22 12:10:08.102  1635  6941 D ConnectivityService: ConnectivityService NetworkRequestInfo binderDied(NetworkRequest [ LISTEN id=806, [ Capabilities: INTERNET&NOT_RESTRICTED&TRUSTED&NOT_VPN&FOREGROUND Uid: 10271 AdministratorUids: [] RequestorUid: 10271 RequestorPackageName: com.easybrain.nonogram] ], android.os.BinderProxy@eb3a3f7)
04-22 12:10:08.102  1635  8900 D ConnectivityService: ConnectivityService NetworkRequestInfo binderDied(NetworkRequest [ LISTEN id=794, [ Capabilities: INTERNET&NOT_RESTRICTED&TRUSTED&NOT_VPN&FOREGROUND Uid: 10271 AdministratorUids: [] RequestorUid: 10271 RequestorPackageName: com.easybrain.nonogram] ], android.os.BinderProxy@fed20d0)
04-22 12:10:08.102  1635  4612 I ActivityManager: Process com.easybrain.nonogram (pid 23533) has died: cch+85 CEM 
04-22 12:10:08.104  1635  8772 D ConnectivityService: ConnectivityService NetworkRequestInfo binderDied(NetworkRequest [ LISTEN id=809, [ Capabilities: INTERNET&NOT_RESTRICTED&TRUSTED&NOT_VPN&FOREGROUND Uid: 10271 AdministratorUids: [] RequestorUid: 10271 RequestorPackageName: com.easybrain.nonogram] ], android.os.BinderProxy@8d688c9)
04-22 12:10:08.104  1635  2891 D ConnectivityService: releasing NetworkRequest [ TRACK_DEFAULT id=810, [ Capabilities: INTERNET&NOT_RESTRICTED&TRUSTED Uid: 10271 AdministratorUids: [] RequestorUid: 10271 RequestorPackageName: com.easybrain.nonogram] ] (release request)
04-22 12:10:08.105  1635  2891 D ConnectivityService: releasing NetworkRequest [ TRACK_DEFAULT id=798, [ Capabilities: INTERNET&NOT_RESTRICTED&TRUSTED Uid: 10271 AdministratorUids: [] RequestorUid: 10271 RequestorPackageName: com.easybrain.nonogram] ] (release request)
04-22 12:10:08.107  1635  3044 D ConnectivityService: ConnectivityService NetworkRequestInfo binderDied(NetworkRequest [ LISTEN id=808, [ Capabilities: INTERNET&NOT_RESTRICTED&TRUSTED&NOT_VPN&FOREGROUND Uid: 10271 AdministratorUids: [] RequestorUid: 10271 RequestorPackageName: com.easybrain.nonogram] ], android.os.BinderProxy@67c4264)
04-22 12:10:08.107  1635  3043 D ConnectivityService: ConnectivityService NetworkRequestInfo binderDied(NetworkRequest [ LISTEN id=804, [ Capabilities: INTERNET&NOT_RESTRICTED&TRUSTED&NOT_VPN&FOREGROUND Uid: 10271 AdministratorUids: [] RequestorUid: 10271 RequestorPackageName: com.easybrain.nonogram] ], android.os.BinderProxy@c7aeccd)
04-22 12:10:08.107  1635  9190 D ConnectivityService: ConnectivityService NetworkRequestInfo binderDied(NetworkRequest [ LISTEN id=803, [ Capabilities: INTERNET&NOT_RESTRICTED&TRUSTED&NOT_VPN&FOREGROUND Uid: 10271 AdministratorUids: [] RequestorUid: 10271 RequestorPackageName: com.easybrain.nonogram] ], android.os.BinderProxy@80b7982)
04-22 12:10:08.107  1635  9377 D ConnectivityService: ConnectivityService NetworkRequestInfo binderDied(NetworkRequest [ LISTEN id=805, [ Capabilities: INTERNET&NOT_RESTRICTED&TRUSTED&NOT_VPN&FOREGROUND Uid: 10271 AdministratorUids: [] RequestorUid: 10271 RequestorPackageName: com.easybrain.nonogram] ], android.os.BinderProxy@8748893)
04-22 12:10:08.140  1635  3044 I ActivityManager: Process com.google.android.apps.wearables.maestro.companion (pid 15288) has died: cch+75 CEM 
04-22 12:10:08.173  1635  3044 I ActivityManager: Process com.google.android.projection.gearhead:car (pid 1753) has died: cch+75 CEM 
04-22 12:10:08.222  1635  3048 I ActivityManager: Process com.google.android.projection.gearhead:shared (pid 1661) has died: cch+5 CEM 
04-22 12:10:08.256  1635  9190 I ActivityManager: Process com.amazon.mp3 (pid 2120) has died: cch+95 CEM 
04-22 12:10:08.367  1635  4624 I ActivityManager: Process com.spotify.music (pid 1812) has died: cch+95 CEM 
04-22 12:10:08.430  1635  9190 I ActivityManager: Process com.microsoft.office.outlook (pid 25893) has died: cch+85 CEM 
04-22 12:10:08.430  1635  4624 D ConnectivityService: ConnectivityService NetworkRequestInfo binderDied(NetworkRequest [ TRACK_DEFAULT id=813, [ Capabilities: INTERNET&NOT_RESTRICTED&TRUSTED Uid: 10272 AdministratorUids: [] RequestorUid: 10272 RequestorPackageName: com.microsoft.office.outlook] ], android.os.BinderProxy@8aab6da)
04-22 12:10:08.430  1635  8772 D ConnectivityService: ConnectivityService NetworkRequestInfo binderDied(NetworkRequest [ LISTEN id=812, [ Capabilities: INTERNET&NOT_RESTRICTED&TRUSTED&NOT_VPN&FOREGROUND Uid: 10272 AdministratorUids: [] RequestorUid: 10272 RequestorPackageName: com.microsoft.office.outlook] ], android.os.BinderProxy@b02770b)
04-22 12:10:08.430  1635  2891 D ConnectivityService: releasing NetworkRequest [ TRACK_DEFAULT id=813, [ Capabilities: INTERNET&NOT_RESTRICTED&TRUSTED Uid: 10272 AdministratorUids: [] RequestorUid: 10272 RequestorPackageName: com.microsoft.office.outlook] ] (release request)
04-22 12:10:08.431  1635  4624 D ConnectivityService: ConnectivityService NetworkRequestInfo binderDied(NetworkRequest [ TRACK_DEFAULT id=814, [ Capabilities: INTERNET&NOT_RESTRICTED&TRUSTED Uid: 10272 AdministratorUids: [] RequestorUid: 10272 RequestorPackageName: com.microsoft.office.outlook] ], android.os.BinderProxy@dd439e8)
04-22 12:10:08.431  1635  2891 D ConnectivityService: releasing NetworkRequest [ TRACK_DEFAULT id=814, [ Capabilities: INTERNET&NOT_RESTRICTED&TRUSTED Uid: 10272 AdministratorUids: [] RequestorUid: 10272 RequestorPackageName: com.microsoft.office.outlook] ] (release request)
04-22 12:10:08.492  1635  2891 D ConnectivityService: NetReassign [no changes]
04-22 12:10:08.680  1635  9190 I ActivityManager: Process com.facebook.katana (pid 23591) has died: cch+85 CEM 
04-22 12:10:11.474  1635  4614 V WindowManager: nav_input_consumer created.
04-22 12:10:11.475  1635  4612 V WindowManager: nav_input_consumer dismissed.
04-22 12:10:11.497  1635  2891 D ConnectivityService: NetReassign [no changes]
04-22 12:10:14.302  1635  2884 W NetworkPolicy: shared quota unsupported; generating rule for each iface
04-22 12:10:14.513  1635  2891 D ConnectivityService: NetReassign [no changes]
04-22 12:10:17.527  1635  2891 D ConnectivityService: NetReassign [no changes]
04-22 12:10:17.804  1635  1775 I ActivityManager: Waited long enough for: ServiceRecord{4dd2374 u0 com.google.android.gms/.cast.service.CastSocketMultiplexerLifeCycleService}
04-22 12:10:20.539  1635  2891 D ConnectivityService: NetReassign [no changes]
04-22 12:10:29.575  1635  2891 I chatty  : uid=1000(system) ConnectivitySer identical 3 lines
04-22 12:10:32.587  1635  2891 D ConnectivityService: NetReassign [no changes]
04-22 12:10:33.880  1635  2884 W NetworkPolicy: shared quota unsupported; generating rule for each iface
04-22 12:10:35.597  1635  2891 D ConnectivityService: NetReassign [no changes]
04-22 12:10:38.588  1635  3469 I Telecom : CallAudioRouteStateMachine: Message received: SPEAKER_OFF=1007, arg1=0: CARSM.mSPCR->CARSM.pM_SPEAKER_OFF@Bds
04-22 12:10:38.588  1635  3469 I Telecom : QuiescentEarpieceRoute: Processing message SPEAKER_OFF: CARSM.mSPCR->CARSM.pM_SPEAKER_OFF@Bds
04-22 12:10:38.606  1635  2891 D ConnectivityService: NetReassign [no changes]
04-22 12:10:53.747  1635  2891 I chatty  : uid=1000(system) ConnectivitySer identical 5 lines
04-22 12:10:56.805  1635  2891 D ConnectivityService: NetReassign [no changes]
04-22 12:10:57.737  1635  1635 W NotificationHistory: Attempted to add notif for locked/gone/disabled user 0
04-22 12:10:59.831  1635  2891 D ConnectivityService: NetReassign [no changes]
04-22 12:11:02.840  1635  2891 D ConnectivityService: NetReassign [no changes]
04-22 12:11:02.894  1635  8772 D ActivityTaskManager: Top Process State changed to PROCESS_STATE_TOP_SLEEPING
04-22 12:11:02.940  1635  8772 D BiometricUtils: isEncrypted: false isLockdown: false
04-22 12:11:02.945  1635  1635 V FingerprintService: startAuthentication(com.android.systemui)
04-22 12:11:02.945  1635  1635 V FingerprintService: starting client AuthenticationClientImpl(com.android.systemui) targetUserId: 0 currentUserId: 0 cookie: 0/0
04-22 12:11:02.966  1635  1635 W FingerprintService: client com.android.systemui is authenticating...
04-22 12:11:02.988  1635  8772 W WindowManager: Failed looking up window session=Session{fff081 28102:u0a10243} callers=com.android.server.wm.WindowManagerService.windowForClientLocked:5435 com.android.server.wm.Session.insetsModified:502 android.view.IWindowSession$Stub.onTransact:1367 
04-22 12:11:02.989  1635  8772 I chatty  : uid=1000(system) Binder:1635_17 identical 1 line
04-22 12:11:02.989  1635  8772 W WindowManager: Failed looking up window session=Session{fff081 28102:u0a10243} callers=com.android.server.wm.WindowManagerService.windowForClientLocked:5435 com.android.server.wm.Session.insetsModified:502 android.view.IWindowSession$Stub.onTransact:1367 
04-22 12:11:04.362  1635  1635 V FingerprintService: Acquired: 7 0
04-22 12:11:04.728  1635  1635 V FingerprintService: Acquired: 0 0
04-22 12:11:04.732  1635  1635 V BiometricStats: Authentication latency: 371
04-22 12:11:04.732  1635  1635 V FingerprintService: onAuthenticated(true), ID:636910442, Owner: com.android.systemui, isBP: false, listener: com.android.server.biometrics.fingerprint.FingerprintService$ServiceListenerImpl@129ed55, requireConfirmation: false, user: 0
04-22 12:11:04.748  1635  1635 V FingerprintService: Done with client: com.android.systemui
04-22 12:11:05.058  1635  4614 D ActivityTaskManager: Top Process State changed to PROCESS_STATE_TOP
04-22 12:11:05.182  1635  1775 W BroadcastQueue: Background execution not allowed: receiving Intent { act=android.intent.action.USER_PRESENT flg=0x24200010 } to steptracker.healthandfitness.walkingtracker.pedometer/com.drojian.servicekeeper.service.WatcherPeriodReceiver
04-22 12:11:05.182  1635  1775 W BroadcastQueue: Background execution not allowed: receiving Intent { act=android.intent.action.USER_PRESENT flg=0x24200010 } to steptracker.healthandfitness.walkingtracker.pedometer/com.drojian.servicekeeper.receiver.BootReceiver
04-22 12:11:05.182  1635  1775 W BroadcastQueue: Background execution not allowed: receiving Intent { act=android.intent.action.USER_PRESENT flg=0x24200010 } to com.android.chrome/org.chromium.chrome.browser.sharing.click_to_call.ClickToCallMessageHandler$PhoneUnlockedReceiver
04-22 12:11:05.183  1635  1775 W BroadcastQueue: Background execution not allowed: receiving Intent { act=android.intent.action.USER_PRESENT flg=0x24200010 } to com.google.android.gms/.auth.setup.devicesignals.LockScreenReceiver
04-22 12:11:05.183  1635  1775 W BroadcastQueue: Background execution not allowed: receiving Intent { act=android.intent.action.USER_PRESENT flg=0x24200010 } to com.google.android.gms/.chimera.GmsIntentOperationService$PersistentTrustedReceiver
04-22 12:11:05.183  1635  1775 W BroadcastQueue: Background execution not allowed: receiving Intent { act=android.intent.action.USER_PRESENT flg=0x24200010 } to com.instagram.android/com.instagram.push.FbnsInitBroadcastReceiver
04-22 12:11:05.183  1635  1775 W BroadcastQueue: Permission Denial: broadcasting Intent { act=android.intent.action.USER_PRESENT flg=0x24200010 } from com.android.systemui (pid=2979, uid=10158) is not exported from uid 10324 due to receiver com.jaga.ibraceletplus.smartwristband3/com.yc.pedometer.remind.GloryFitBootReceiver
04-22 12:11:05.183  1635  1775 W BroadcastQueue: Background execution not allowed: receiving Intent { act=android.intent.action.USER_PRESENT flg=0x24200010 } to com.weather.Weather/com.weather.dal2.system.UniversalBroadcastReceiver
04-22 12:11:05.183  1635  1775 W BroadcastQueue: Background execution not allowed: receiving Intent { act=android.intent.action.USER_PRESENT flg=0x24200010 } to io.voodoo.dune/io.presage.core.receiver.UserPresentReceiver
04-22 12:11:05.183  1635  1775 W BroadcastQueue: Background execution not allowed: receiving Intent { act=android.intent.action.USER_PRESENT flg=0x24200010 } to steptracker.healthandfitness.walkingtracker.pedometer/com.drojian.stepcounter.receiver.PedometerReceiver
04-22 12:11:05.183  1635  1775 W BroadcastQueue: Background execution not allowed: receiving Intent { act=android.intent.action.USER_PRESENT flg=0x24200010 } to steptracker.healthandfitness.walkingtracker.pedometer/com.drojian.servicekeeper.service.WatcherService$MathReceiver
04-22 12:11:05.205  1635  3047 W ActivityManager: Background start not allowed: service Intent { act=Orca.START cmp=com.instagram.android/com.facebook.rti.push.service.FbnsService (has extras) } to com.instagram.android/com.facebook.rti.push.service.FbnsService from pid=4139 uid=10317 pkg=com.instagram.android startFg?=false
04-22 12:11:05.206  1635  4612 D CompatibilityChangeReporter: Compat change id reported: 135634846; UID 10317; state: DISABLED
04-22 12:11:05.206  1635  1776 D CompatibilityChangeReporter: Compat change id reported: 143937733; UID 10317; state: DISABLED
04-22 12:11:05.228  1635  1776 I ActivityManager: Start proc 28357:com.instagram.android:mqtt/u0a317 for service {com.instagram.android/com.facebook.rti.push.service.FbnsService}
04-22 12:11:05.719  1635  1635 W Looper  : Slow dispatch took 541ms main h=android.app.ActivityThread$H c=android.app.-$$Lambda$LoadedApk$ReceiverDispatcher$Args$_BumDX2UKsnxLVrE6UJsJZkotuA@1db25c7 m=0
04-22 12:11:05.719  1635  1635 W Looper  : Slow delivery took 542ms main h=android.app.ActivityThread$H c=android.app.-$$Lambda$LoadedApk$ReceiverDispatcher$Args$_BumDX2UKsnxLVrE6UJsJZkotuA@ebbe7f4 m=0
04-22 12:11:05.740  1635  1635 W Looper  : Drained
04-22 12:11:05.850  1635  2891 D ConnectivityService: NetReassign [no changes]
04-22 12:11:54.362  1635  2891 I chatty  : uid=1000(system) ConnectivitySer identical 16 lines
04-22 12:11:57.401  1635  2891 D ConnectivityService: NetReassign [no changes]
04-22 12:11:59.728  1635  1635 I SoundTriggerHelper: Recognition success
04-22 12:11:59.730  4561 15521 I AlwaysOnHotwordDetector: onDetected
04-22 12:12:00.439  1635  2891 D ConnectivityService: NetReassign [no changes]
04-22 12:12:01.233  1635  4612 I SoundTriggerHelper: startRecognition successful.
04-22 12:12:03.102  1635  1775 W ActivityManager: Stopping service due to app idle: u0a243 -3h5m43s714ms com.facebook.orca/com.facebook.mqttlite.MqttService
04-22 12:12:03.460  1635  2891 D ConnectivityService: NetReassign [no changes]
04-22 12:13:04.106  1635  2891 I chatty  : uid=1000(system) ConnectivitySer identical 20 lines
04-22 12:13:07.160  1635  2891 D ConnectivityService: NetReassign [no changes]
04-22 12:13:08.036  1635  9190 W ActivityManager: Foreground service started from background can not have location/camera/microphone access: service steptracker.healthandfitness.walkingtracker.pedometer/com.drojian.stepcounter.service.CounterService
04-22 12:13:08.051  1635  9190 W ActivityManager: Foreground service started from background can not have location/camera/microphone access: service steptracker.healthandfitness.walkingtracker.pedometer/com.drojian.stepcounter.service.CounterService
04-22 12:13:08.058  1635  4612 W ActivityManager: Foreground service started from background can not have location/camera/microphone access: service steptracker.healthandfitness.walkingtracker.pedometer/com.drojian.stepcounter.service.CounterService
04-22 12:13:08.070  1635  9190 W ActivityManager: Foreground service started from background can not have location/camera/microphone access: service steptracker.healthandfitness.walkingtracker.pedometer/com.drojian.stepcounter.service.CounterService
04-22 12:13:09.229  1635  4612 W ActivityManager: Foreground service started from background can not have location/camera/microphone access: service steptracker.healthandfitness.walkingtracker.pedometer/com.drojian.stepcounter.service.CounterService
04-22 12:13:10.192  1635  2891 D ConnectivityService: NetReassign [no changes]
04-22 12:13:11.083  1635  3044 W ActivityManager: Foreground service started from background can not have location/camera/microphone access: service steptracker.healthandfitness.walkingtracker.pedometer/com.drojian.stepcounter.service.CounterService
04-22 12:13:11.099  1635  4612 W ActivityManager: Foreground service started from background can not have location/camera/microphone access: service steptracker.healthandfitness.walkingtracker.pedometer/com.drojian.stepcounter.service.CounterService
04-22 12:13:13.211  1635  2891 D ConnectivityService: NetReassign [no changes]
04-22 12:13:16.280  1635  2891 D ConnectivityService: NetReassign [no changes]
04-22 12:13:17.183  1635  1635 I SoundTriggerHelper: Recognition success
04-22 12:13:17.185  4561 26681 I AlwaysOnHotwordDetector: onDetected
04-22 12:13:18.671  1635  3044 I SoundTriggerHelper: startRecognition successful.
04-22 12:13:19.320  1635  2891 D ConnectivityService: NetReassign [no changes]
04-22 12:13:46.615  1635  2891 I chatty  : uid=1000(system) ConnectivitySer identical 9 lines
04-22 12:13:49.660  1635  2891 D ConnectivityService: NetReassign [no changes]
04-22 12:13:51.625  1635  1971 E AlarmManager: Attempt to decrement existing alarm count 0 by 1 for uid 1000
04-22 12:13:51.630  1635  1775 I DropBoxManagerService: add tag=system_server_wtf isTagEnabled=true flags=0x2
04-22 12:13:52.686  1635  2891 D ConnectivityService: NetReassign [no changes]
04-22 12:13:53.646  1635  1775 W BroadcastQueue: Background execution not allowed: receiving Intent { act=android.intent.action.DROPBOX_ENTRY_ADDED flg=0x10 (has extras) } to com.google.android.gms/.stats.service.DropBoxEntryAddedReceiver
04-22 12:13:53.646  1635  1775 W BroadcastQueue: Background execution not allowed: receiving Intent { act=android.intent.action.DROPBOX_ENTRY_ADDED flg=0x10 (has extras) } to com.google.android.gms/.chimera.GmsIntentOperationService$PersistentTrustedReceiver
04-22 12:13:53.754  1635  3044 I DropBoxManagerService: add tag=platform_stats_bookmark isTagEnabled=true flags=0x2
04-22 12:13:53.759  1635  1775 W BroadcastQueue: Background execution not allowed: receiving Intent { act=android.intent.action.DROPBOX_ENTRY_ADDED flg=0x10 (has extras) } to com.google.android.gms/.stats.service.DropBoxEntryAddedReceiver
04-22 12:13:53.759  1635  1775 W BroadcastQueue: Background execution not allowed: receiving Intent { act=android.intent.action.DROPBOX_ENTRY_ADDED flg=0x10 (has extras) } to com.google.android.gms/.chimera.GmsIntentOperationService$PersistentTrustedReceiver
04-22 12:13:55.708  1635  2891 D ConnectivityService: NetReassign [no changes]
04-22 12:13:55.745  1635  2891 D Nat464Xlat: clatd running, updating NAI for v4-rmnet_data2
04-22 12:13:58.744  1635  2891 D ConnectivityService: NetReassign [no changes]
04-22 12:14:47.286  1635  2891 I chatty  : uid=1000(system) ConnectivitySer identical 16 lines
04-22 12:14:50.310  1635  2891 D ConnectivityService: NetReassign [no changes]
04-22 12:14:52.271  1635  8772 I ActivityManager: Force stopping com.google.location.nearby.apps.connectedcrossroad appid=10333 user=0: from pid 28917
04-22 12:14:52.281  1635  1775 W BroadcastQueue: Background execution not allowed: receiving Intent { act=android.intent.action.PACKAGE_RESTARTED dat=package:com.google.location.nearby.apps.connectedcrossroad flg=0x10 (has extras) } to steptracker.healthandfitness.walkingtracker.pedometer/com.drojian.stepcounter.receiver.PedometerReceiver
04-22 12:14:52.282  1635  1775 W BroadcastQueue: Background execution not allowed: receiving Intent { act=android.intent.action.PACKAGE_RESTARTED dat=package:com.google.location.nearby.apps.connectedcrossroad flg=0x10 (has extras) } to steptracker.healthandfitness.walkingtracker.pedometer/com.drojian.servicekeeper.receiver.BootReceiver
04-22 12:14:53.352  1635  2891 D ConnectivityService: NetReassign [no changes]
04-22 12:15:14.613  1635  2891 I chatty  : uid=1000(system) ConnectivitySer identical 7 lines
04-22 12:15:17.651  1635  2891 D ConnectivityService: NetReassign [no changes]
04-22 12:15:19.580  1635  1878 I PackageManager: Integrity check passed for file:///data/app/vmdl541150174.tmp
04-22 12:15:19.604  1635  1878 I PackageManager: Update package com.google.location.nearby.apps.connectedcrossroad code path from /data/app/~~-Ye5LRnGNuRPExKK5nQoPQ==/com.google.location.nearby.apps.connectedcrossroad-uzHdud8XOSbHO-nrb-aQNw== to /data/app/~~ajsVavtAwWg6MZ6dNrzXyg==/com.google.location.nearby.apps.connectedcrossroad-datrBEeHfzj3nBNY_Xw6dw==; Retain data and using new
04-22 12:15:19.604  1635  1878 I PackageManager: Update package com.google.location.nearby.apps.connectedcrossroad resource path from /data/app/~~-Ye5LRnGNuRPExKK5nQoPQ==/com.google.location.nearby.apps.connectedcrossroad-uzHdud8XOSbHO-nrb-aQNw== to /data/app/~~ajsVavtAwWg6MZ6dNrzXyg==/com.google.location.nearby.apps.connectedcrossroad-datrBEeHfzj3nBNY_Xw6dw==; Retain data and using new
04-22 12:15:19.619  1635  1878 D CompatibilityChangeReporter: Compat change id reported: 135549675; UID 10333; state: DISABLED
04-22 12:15:19.731  1635  2884 W NetworkPolicy: shared quota unsupported; generating rule for each iface
04-22 12:15:19.835  1635  1775 W BroadcastQueue: Background execution not allowed: receiving Intent { act=android.intent.action.PACKAGE_REMOVED dat=package:com.google.location.nearby.apps.connectedcrossroad flg=0x4000010 (has extras) } to com.android.vending/com.google.android.finsky.packagemanager.impl.PackageMonitorReceiverImpl$RegisteredReceiver
04-22 12:15:19.835  1635  1775 W BroadcastQueue: Background execution not allowed: receiving Intent { act=android.intent.action.PACKAGE_REMOVED dat=package:com.google.location.nearby.apps.connectedcrossroad flg=0x4000010 (has extras) } to com.android.vending/com.google.android.finsky.instantapps.appmanagement.InstantAppRemoveMonitor
04-22 12:15:19.893  1635  1775 W BroadcastQueue: Background execution not allowed: receiving Intent { act=android.intent.action.PACKAGE_REMOVED dat=package:com.google.location.nearby.apps.connectedcrossroad flg=0x4000010 (has extras) } to com.google.android.gms/.games.chimera.GamesSystemBroadcastReceiverProxy
04-22 12:15:19.921  1635  1775 W BroadcastQueue: Background execution not allowed: receiving Intent { act=android.intent.action.PACKAGE_REMOVED dat=package:com.google.location.nearby.apps.connectedcrossroad flg=0x4000010 (has extras) } to com.google.android.gms/.chimera.GmsIntentOperationService$PersistentTrustedReceiver
04-22 12:15:19.934  1635  4624 I ActivityTaskManager: START u0 {act=android.intent.action.MAIN cat=[android.intent.category.LAUNCHER] flg=0x10000000 cmp=com.google.location.nearby.apps.connectedcrossroad/nx.aodv.eval.MainActivity} from uid 2000
04-22 12:15:19.982  1635  1775 W BroadcastQueue: Background execution not allowed: receiving Intent { act=android.intent.action.PACKAGE_REMOVED dat=package:com.google.location.nearby.apps.connectedcrossroad flg=0x4000010 (has extras) } to com.google.android.googlequicksearchbox/com.google.android.apps.gsa.googlequicksearchbox.GelStubAppWatcher
04-22 12:15:19.983  1635  1775 W BroadcastQueue: Background execution not allowed: receiving Intent { act=android.intent.action.PACKAGE_REMOVED dat=package:com.google.location.nearby.apps.connectedcrossroad flg=0x4000010 (has extras) } to com.facebook.katana/com.facebook.feed.platformads.AppInstallReceiver
04-22 12:15:19.983  1635  1775 W BroadcastQueue: Background execution not allowed: receiving Intent { act=android.intent.action.PACKAGE_REMOVED dat=package:com.google.location.nearby.apps.connectedcrossroad flg=0x4000010 (has extras) } to com.jaga.ibraceletplus.smartwristband3/com.yc.pedometer.keepalive.KeepAliveReceiver
04-22 12:15:19.989  1635  1775 W BroadcastQueue: Background execution not allowed: receiving Intent { act=android.intent.action.PACKAGE_REMOVED dat=package:com.google.location.nearby.apps.connectedcrossroad flg=0x4000010 (has extras) } to com.microsoft.appmanager/.receiver.InstallUninstallReceiver
04-22 12:15:19.990  1635  1775 W BroadcastQueue: Background execution not allowed: receiving Intent { act=android.intent.action.PACKAGE_REMOVED dat=package:com.google.location.nearby.apps.connectedcrossroad flg=0x4000010 (has extras) } to com.microsoft.appmanager/com.microsoft.mmx.continuity.receiver.InstallUninstallReceiver
04-22 12:15:19.990  1635  1775 W BroadcastQueue: Background execution not allowed: receiving Intent { act=android.intent.action.PACKAGE_REMOVED dat=package:com.google.location.nearby.apps.connectedcrossroad flg=0x4000010 (has extras) } to com.microsoft.emmx/com.microsoft.mmx.continuity.receiver.InstallUninstallReceiver
04-22 12:15:19.991  1635  1775 W BroadcastQueue: Background execution not allowed: receiving Intent { act=android.intent.action.PACKAGE_ADDED dat=package:com.google.location.nearby.apps.connectedcrossroad flg=0x4000010 (has extras) } to com.google.android.packageinstaller/com.android.packageinstaller.PackageInstalledReceiver
04-22 12:15:19.991  1635  1775 W BroadcastQueue: Background execution not allowed: receiving Intent { act=android.intent.action.PACKAGE_ADDED dat=package:com.google.location.nearby.apps.connectedcrossroad flg=0x4000010 (has extras) } to com.android.vending/com.google.android.finsky.packagemanager.impl.PackageMonitorReceiverImpl$RegisteredReceiver
04-22 12:15:19.991  1635  1775 W BroadcastQueue: Background execution not allowed: receiving Intent { act=android.intent.action.PACKAGE_ADDED dat=package:com.google.location.nearby.apps.connectedcrossroad flg=0x4000010 (has extras) } to com.google.android.gms/.games.chimera.GamesSystemBroadcastReceiverProxy
04-22 12:15:19.992  1635  1775 W BroadcastQueue: Background execution not allowed: receiving Intent { act=android.intent.action.PACKAGE_ADDED dat=package:com.google.location.nearby.apps.connectedcrossroad flg=0x4000010 (has extras) } to com.google.android.gms/.gass.chimera.PackageChangeBroadcastReceiver
04-22 12:15:19.992  1635  1775 W BroadcastQueue: Background execution not allowed: receiving Intent { act=android.intent.action.PACKAGE_ADDED dat=package:com.google.location.nearby.apps.connectedcrossroad flg=0x4000010 (has extras) } to com.google.android.gms/.chimera.GmsIntentOperationService$PersistentTrustedReceiver
04-22 12:15:19.992  1635  1775 W BroadcastQueue: Background execution not allowed: receiving Intent { act=android.intent.action.PACKAGE_ADDED dat=package:com.google.location.nearby.apps.connectedcrossroad flg=0x4000010 (has extras) } to com.google.android.googlequicksearchbox/com.google.android.apps.gsa.googlequicksearchbox.GelStubAppWatcher
04-22 12:15:20.018  1635  1756 D CompatibilityChangeReporter: Compat change id reported: 135634846; UID 10333; state: DISABLED
04-22 12:15:20.019  1635  1776 D CompatibilityChangeReporter: Compat change id reported: 143937733; UID 10333; state: DISABLED
04-22 12:15:20.025  1635  1775 W BroadcastQueue: Background execution not allowed: receiving Intent { act=android.intent.action.PACKAGE_ADDED dat=package:com.google.location.nearby.apps.connectedcrossroad flg=0x4000010 (has extras) } to com.facebook.katana/com.facebook.feed.platformads.AppInstallReceiver
04-22 12:15:20.038  1635  1775 W BroadcastQueue: Background execution not allowed: receiving Intent { act=android.intent.action.PACKAGE_ADDED dat=package:com.google.location.nearby.apps.connectedcrossroad flg=0x4000010 (has extras) } to com.jaga.ibraceletplus.smartwristband3/com.yc.pedometer.keepalive.KeepAliveReceiver
04-22 12:15:20.043  1635  1775 W BroadcastQueue: Background execution not allowed: receiving Intent { act=android.intent.action.PACKAGE_ADDED dat=package:com.google.location.nearby.apps.connectedcrossroad flg=0x4000010 (has extras) } to com.microsoft.appmanager/.receiver.InstallUninstallReceiver
04-22 12:15:20.051  1635  1775 W BroadcastQueue: Background execution not allowed: receiving Intent { act=android.intent.action.PACKAGE_ADDED dat=package:com.google.location.nearby.apps.connectedcrossroad flg=0x4000010 (has extras) } to com.microsoft.appmanager/com.microsoft.mmx.continuity.receiver.InstallUninstallReceiver
04-22 12:15:20.061  1635  1776 I ActivityManager: Start proc 29001:com.google.location.nearby.apps.connectedcrossroad/u0a333 for pre-top-activity {com.google.location.nearby.apps.connectedcrossroad/nx.aodv.eval.MainActivity}
04-22 12:15:20.061  1635  1775 W BroadcastQueue: Background execution not allowed: receiving Intent { act=android.intent.action.PACKAGE_ADDED dat=package:com.google.location.nearby.apps.connectedcrossroad flg=0x4000010 (has extras) } to com.microsoft.emmx/com.microsoft.mmx.continuity.receiver.InstallUninstallReceiver
04-22 12:15:20.296  1635  1752 W Looper  : Slow delivery took 242ms android.fg h=android.os.Handler c=<recycled PooledLambda@968a892> m=0
04-22 12:15:20.296  1635  1752 W Looper  : Slow dispatch took 159ms android.fg h=android.os.Handler c=<recycled PooledLambda@968a892> m=0
