04-22 10:29:33.527  1635  5549 I chatty  : uid=1000(system) Binder:1635_15 expire 2 lines
04-22 10:29:33.609  1635  8772 I chatty  : uid=1000(system) Binder:1635_17 expire 6 lines
04-22 10:29:35.311  1635  2893 I chatty  : uid=1000(system) NsdService expire 7 lines
04-22 10:30:18.105  1635 11678 I chatty  : uid=1000(system) Binder:1635_1E expire 3 lines
04-22 10:31:34.639  1635  3045 I chatty  : uid=1000(system) Binder:1635_9 expire 5 lines
04-22 10:33:32.441  1635  1771 I chatty  : uid=1000(system) android.bg expire 2 lines
04-22 10:33:50.271  1635  2895 I chatty  : uid=1000(system) ranker expire 1 line
04-22 10:33:50.574 10587 10587 D ActivityThread: Loading provider contacts;com.android.contacts: com.android.providers.contacts.ContactsProvider2
04-22 10:33:51.058  1635  2891 I chatty  : uid=1000(system) ConnectivitySer expire 77 lines
04-22 10:34:36.916  1635  8781 I chatty  : uid=1000(system) Binder:1635_18 expire 8 lines
04-22 10:36:50.471  1635  4613 I chatty  : uid=1000(system) Binder:1635_F expire 4 lines
04-22 10:37:16.876  1635  1775 I chatty  : uid=1000(system) ActivityManager expire 4 lines
04-22 10:37:16.881  1635  2881 I chatty  : uid=1000(system) Binder:1635_3 expire 1 line
04-22 10:37:16.891  1635  1756 I chatty  : uid=1000(system) android.display expire 1 line
04-22 10:37:19.801  1635  1635 I chatty  : uid=1000 system_server expire 32 lines
04-22 10:37:25.714  1635  1776 I chatty  : uid=1000(system) ActivityManager expire 10 lines
04-22 10:37:25.940  1635  4613 I chatty  : uid=1000(system) Binder:1635_F expire 5 lines
04-22 10:37:26.201  1635  8781 I chatty  : uid=1000(system) Binder:1635_18 expire 1 line
04-22 10:37:26.406  1635  8900 I chatty  : uid=1000(system) Binder:1635_19 expire 1 line
04-22 10:37:28.751  1635  2891 I chatty  : uid=1000(system) ConnectivitySer expire 118 lines
04-22 10:37:30.160  1635  1878 I chatty  : uid=1000(system) PackageManager expire 4 lines
04-22 10:37:30.389  1635  1775 I chatty  : uid=1000(system) ActivityManager expire 43 lines
04-22 10:37:30.445  1635  9190 I chatty  : uid=1000(system) Binder:1635_1A expire 1 line
04-22 10:37:30.529  1635  1756 I chatty  : uid=1000(system) android.display expire 6 lines
04-22 10:37:30.800  1635  1752 I chatty  : uid=1000(system) android.fg expire 10 lines
04-22 10:37:31.003  1635  2881 I chatty  : uid=1000(system) Binder:1635_3 expire 6 lines
04-22 10:37:31.851  1635  2884 I chatty  : uid=1000(system) NetworkPolicy expire 8 lines
04-22 10:37:33.802  1635  8772 I chatty  : uid=1000(system) Binder:1635_17 expire 2 lines
04-22 10:37:35.472  1635  2893 I chatty  : uid=1000(system) NsdService expire 7 lines
04-22 10:37:36.160  1635  4623 I chatty  : uid=1000(system) Binder:1635_11 expire 1 line
04-22 10:37:45.177  1635 11678 I chatty  : uid=1000(system) Binder:1635_1E expire 1 line
04-22 10:40:34.701  1635  9801 I chatty  : uid=1000(system) Binder:1635_1C expire 3 lines
04-22 10:43:04.550  1635  3044 I chatty  : uid=1000(system) Binder:1635_8 expire 1 line
04-22 10:43:06.129  1635  1862 I chatty  : uid=1000(system) PowerManagerSer expire 15 lines
04-22 10:43:11.272  1635 11490 I chatty  : uid=1000(system) Binder:1635_1D expire 6 lines
04-22 10:43:13.155  1635  6941 I chatty  : uid=1000(system) Binder:1635_16 expire 5 lines
04-22 10:43:13.701  1635  1790 I chatty  : uid=1000(system) batterystats-wo expire 4 lines
04-22 10:43:15.916  1635  1713 I chatty  : uid=1000(system) Binder:1635_2 expire 1 line
04-22 10:43:22.414  1635  3043 I chatty  : uid=1000(system) Binder:1635_7 expire 4 lines
04-22 10:43:23.877  1635  1775 I chatty  : uid=1000(system) ActivityManager expire 52 lines
04-22 10:43:23.946  1635  2881 I chatty  : uid=1000(system) Binder:1635_3 expire 1 line
04-22 10:43:24.170  1635  1635 I chatty  : uid=1000 system_server expire 32 lines
04-22 10:43:25.323  1635  2891 I chatty  : uid=1000(system) ConnectivitySer expire 82 lines
04-22 10:43:35.525  1635  1878 I chatty  : uid=1000(system) PackageManager expire 4 lines
04-22 10:43:35.815  1635  8772 I chatty  : uid=1000(system) Binder:1635_17 expire 1 line
04-22 10:43:35.873  1635  1756 I chatty  : uid=1000(system) android.display expire 4 lines
04-22 10:43:35.873  1635  1776 I chatty  : uid=1000(system) ActivityManager expire 7 lines
04-22 10:43:35.977  1635  1752 I chatty  : uid=1000(system) android.fg expire 9 lines
04-22 10:43:36.524  1635  4930 I chatty  : uid=1000(system) Binder:1635_14 expire 1 line
04-22 10:43:36.883  1635  3048 I chatty  : uid=1000(system) Binder:1635_C expire 1 line
04-22 10:43:37.154  1635  2884 I chatty  : uid=1000(system) NetworkPolicy expire 7 lines
04-22 10:43:39.195  1635  4612 I chatty  : uid=1000(system) Binder:1635_E expire 7 lines
04-22 10:43:39.315  1635  6941 I chatty  : uid=1000(system) Binder:1635_16 expire 3 lines
04-22 10:43:41.350  1635  2893 I chatty  : uid=1000(system) NsdService expire 7 lines
04-22 10:46:37.110  1635  4599 I chatty  : uid=1000(system) Binder:1635_D expire 1 line
04-22 10:47:21.151  1635  1771 I chatty  : uid=1000(system) android.bg expire 1 line
04-22 10:47:32.081  4561  4594 I AlwaysOnHotwordDetector: onDetected
04-22 10:47:33.255  1635  2891 I chatty  : uid=1000(system) ConnectivitySer expire 41 lines
04-22 10:47:33.642  1635  3044 I chatty  : uid=1000(system) Binder:1635_8 expire 1 line
04-22 10:48:33.534  1635  1775 I chatty  : uid=1000(system) ActivityManager expire 2 lines
04-22 10:49:27.333  1635  1862 I chatty  : uid=1000(system) PowerManagerSer expire 9 lines
04-22 10:49:34.337  1635  4613 I chatty  : uid=1000(system) Binder:1635_F expire 1 line
04-22 10:49:34.385  1635  1635 I chatty  : uid=1000 system_server expire 3 lines
04-22 10:49:34.689  1635 11678 I chatty  : uid=1000(system) Binder:1635_1E expire 4 lines
04-22 10:49:35.928  1635  4613 I chatty  : uid=1000(system) Binder:1635_F expire 4 lines
04-22 10:49:39.916  1635  1756 I chatty  : uid=1000(system) android.display expire 15 lines
04-22 10:50:04.694  1635  3044 I chatty  : uid=1000(system) Binder:1635_8 expire 2 lines
04-22 10:50:04.719  1635  1862 I chatty  : uid=1000(system) PowerManagerSer expire 15 lines
04-22 10:50:04.849  1635  8781 I chatty  : uid=1000(system) Binder:1635_18 expire 3 lines
04-22 10:50:04.900  1635  1775 I chatty  : uid=1000(system) ActivityManager expire 12 lines
04-22 10:50:04.927  1635  1752 I chatty  : uid=1000(system) android.fg expire 7 lines
04-22 10:50:04.995  1635  2891 I chatty  : uid=1000(system) ConnectivitySer expire 25 lines
04-22 10:50:05.001  1635  4599 I chatty  : uid=1000(system) Binder:1635_D expire 11 lines
04-22 10:50:06.097  1635  2884 I chatty  : uid=1000(system) NetworkPolicy expire 2 lines
04-22 10:50:06.277  1635  1635 I chatty  : uid=1000 system_server expire 11 lines
04-22 10:50:08.418  4561  4594 I AlwaysOnHotwordDetector: onDetected
04-22 10:50:31.605  1635  8900 I chatty  : uid=1000(system) Binder:1635_19 expire 7 lines
04-22 10:50:31.629  1635  1712 I chatty  : uid=1000(system) Binder:1635_1 expire 6 lines
04-22 10:50:31.686  1635  3046 I chatty  : uid=1000(system) Binder:1635_A expire 4 lines
04-22 10:51:10.708  4561 30416 I AlwaysOnHotwordDetector: onDetected
04-22 10:51:11.266  1635  2891 I chatty  : uid=1000(system) ConnectivitySer expire 82 lines
04-22 10:51:33.250  1635  1635 I chatty  : uid=1000 system_server expire 17 lines
04-22 10:51:33.251  4561 30416 I AlwaysOnHotwordDetector: onDetected
04-22 10:52:49.817  1635  3047 I chatty  : uid=1000(system) Binder:1635_B expire 12 lines
04-22 10:55:17.236  4561 30416 I AlwaysOnHotwordDetector: onDetected
04-22 10:55:18.585  1635  2891 I chatty  : uid=1000(system) ConnectivitySer expire 45 lines
04-22 10:57:33.559  4561 30416 I AlwaysOnHotwordDetector: onDetected
04-22 10:57:34.253  1635  2891 I chatty  : uid=1000(system) ConnectivitySer expire 7 lines
04-22 10:57:46.030  1635  1754 I chatty  : uid=1000(system) android.ui expire 6 lines
04-22 10:57:47.451  1635  9190 I chatty  : uid=1000(system) Binder:1635_1A expire 4 lines
04-22 10:58:08.007  1635  1790 I chatty  : uid=1000(system) batterystats-wo expire 1 line
04-22 10:58:33.237  4561 30416 I AlwaysOnHotwordDetector: onDetected
04-22 10:58:35.763  4561 30416 I AlwaysOnHotwordDetector: onDetected
04-22 10:59:51.921  1635  1862 I chatty  : uid=1000(system) PowerManagerSer expire 3 lines
04-22 10:59:51.966  1635  9377 I chatty  : uid=1000(system) Binder:1635_1B expire 2 lines
04-22 10:59:51.973  1635  1756 I chatty  : uid=1000(system) android.display expire 7 lines
04-22 10:59:52.066  1635  1775 I chatty  : uid=1000(system) ActivityManager expire 1 line
04-22 10:59:52.362  1635  1757 I chatty  : uid=1000(system) android.anim expire 2 lines
04-22 10:59:52.546  1635  1776 I chatty  : uid=1000(system) ActivityManager expire 7 lines
04-22 10:59:52.778  1635  3043 I chatty  : uid=1000(system) Binder:1635_7 expire 3 lines
04-22 10:59:52.815  1635  1862 I chatty  : uid=1000(system) PowerManagerSer expire 2 lines
04-22 10:59:52.818  1635  1757 I chatty  : uid=1000(system) android.anim expire 2 lines
04-22 10:59:52.917  1635  1775 I chatty  : uid=1000(system) ActivityManager expire 51 lines
04-22 10:59:53.181  1635  1635 I chatty  : uid=1000 system_server expire 14 lines
04-22 10:59:53.237  1635  1712 I chatty  : uid=1000(system) Binder:1635_1 expire 1 line
04-22 10:59:53.532  1635  1776 I chatty  : uid=1000(system) ActivityManager expire 12 lines
04-22 10:59:54.473  1635  3046 I chatty  : uid=1000(system) Binder:1635_A expire 1 line
04-22 10:59:54.486  1635  3042 I chatty  : uid=1000(system) Binder:1635_6 expire 3 lines
04-22 10:59:55.089  1635  1752 I chatty  : uid=1000(system) android.fg expire 12 lines
04-22 10:59:55.092  1635  2891 I chatty  : uid=1000(system) ConnectivitySer expire 36 lines
04-22 10:59:55.721  1635  8772 I chatty  : uid=1000(system) Binder:1635_17 expire 5 lines
04-22 10:59:55.722  1635  4599 I chatty  : uid=1000(system) Binder:1635_D expire 1 line
04-22 10:59:56.929  1635  3040 I chatty  : uid=1000(system) Binder:1635_5 expire 11 lines
04-22 10:59:56.936  1635  4612 I chatty  : uid=1000(system) Binder:1635_E expire 3 lines
04-22 10:59:59.966  1635  1754 I chatty  : uid=1000(system) android.ui expire 1 line
04-22 11:00:00.546  1635  3047 I chatty  : uid=1000(system) Binder:1635_B expire 4 lines
04-22 11:00:00.597  1635  3048 I chatty  : uid=1000(system) Binder:1635_C expire 1 line
04-22 11:00:00.597  1635  4623 I chatty  : uid=1000(system) Binder:1635_11 expire 2 lines
04-22 11:00:00.844  1635  1756 I chatty  : uid=1000(system) android.display expire 4 lines
04-22 11:00:42.428  1635  2884 I chatty  : uid=1000(system) NetworkPolicy expire 6 lines
04-22 11:00:42.597  1635  1713 I chatty  : uid=1000(system) Binder:1635_2 expire 2 lines
04-22 11:00:55.935  1635  1878 I chatty  : uid=1000(system) PackageManager expire 4 lines
04-22 11:00:58.609  1635  4630 I chatty  : uid=1000(system) Binder:1635_13 expire 1 line
04-22 11:00:58.856  1635 11490 I chatty  : uid=1000(system) Binder:1635_1D expire 4 lines
04-22 11:01:01.795  1635  2881 I chatty  : uid=1000(system) Binder:1635_3 expire 4 lines
04-22 11:01:04.594  1635 12414 I chatty  : uid=1000(system) Binder:1635_20 expire 1 line
04-22 11:01:04.594  1635  8900 I chatty  : uid=1000(system) Binder:1635_19 expire 1 line
04-22 11:01:05.200  1635  2893 I chatty  : uid=1000(system) NsdService expire 5 lines
04-22 11:01:09.174  1635  3038 I chatty  : uid=1000(system) Binder:1635_4 expire 4 lines
04-22 11:01:22.976  1635  1775 I chatty  : uid=1000(system) ActivityManager expire 36 lines
04-22 11:01:25.717  1635  2891 I chatty  : uid=1000(system) ConnectivitySer expire 15 lines
04-22 11:01:30.615  1635  3040 I chatty  : uid=1000(system) Binder:1635_5 expire 3 lines
04-22 11:01:30.692  1635  9377 I chatty  : uid=1000(system) Binder:1635_1B expire 1 line
04-22 11:01:30.694  1635  1756 I chatty  : uid=1000(system) android.display expire 4 lines
04-22 11:01:33.699  1635  8900 I chatty  : uid=1000(system) Binder:1635_19 expire 2 lines
04-22 11:01:35.179  1635  2893 I chatty  : uid=1000(system) NsdService expire 9 lines
04-22 11:01:35.187  1635  1635 I chatty  : uid=1000 system_server expire 13 lines
04-22 11:01:39.053  1635  1878 I chatty  : uid=1000(system) PackageManager expire 8 lines
04-22 11:01:39.325  1635  2881 I chatty  : uid=1000(system) Binder:1635_3 expire 1 line
04-22 11:01:39.431  1635  1752 I chatty  : uid=1000(system) android.fg expire 10 lines
04-22 11:01:39.435  1635  1776 I chatty  : uid=1000(system) ActivityManager expire 6 lines
04-22 11:01:40.268  1635  1712 I chatty  : uid=1000(system) Binder:1635_1 expire 2 lines
04-22 11:01:40.329  1635  3045 I chatty  : uid=1000(system) Binder:1635_9 expire 3 lines
04-22 11:01:40.480  1635  4624 I chatty  : uid=1000(system) Binder:1635_12 expire 1 line
04-22 11:01:40.568  1635  2884 I chatty  : uid=1000(system) NetworkPolicy expire 7 lines
04-22 11:01:41.847  1635 11678 I chatty  : uid=1000(system) Binder:1635_1E expire 1 line
04-22 11:01:41.932  1635  4613 I chatty  : uid=1000(system) Binder:1635_F expire 2 lines
04-22 11:02:10.501  2979  2979 V DeadZone: consuming errant click: (45.0,3.0)
04-22 11:02:10.501  2979  2979 V DeadZone: consuming errant click: (45.0,3.0)
04-22 11:02:10.617  1635  4623 I chatty  : uid=1000(system) Binder:1635_11 expire 1 line
04-22 11:02:11.055  1635  1775 I chatty  : uid=1000(system) ActivityManager expire 30 lines
04-22 11:02:11.118  1635  2891 I chatty  : uid=1000(system) ConnectivitySer expire 41 lines
04-22 11:02:13.017  1635  1635 I chatty  : uid=1000 system_server expire 12 lines
04-22 11:03:32.398  1635  1790 I chatty  : uid=1000(system) batterystats-wo expire 1 line
04-22 11:03:33.305  1635  1713 I chatty  : uid=1000(system) Binder:1635_2 expire 3 lines
04-22 11:03:50.457  1635  3044 I chatty  : uid=1000(system) Binder:1635_8 expire 1 line
04-22 11:04:03.434  1635  8772 I chatty  : uid=1000(system) Binder:1635_17 expire 1 line
04-22 11:04:03.754  1635  3042 I chatty  : uid=1000(system) Binder:1635_6 expire 2 lines
04-22 11:04:03.757  1635  1775 I chatty  : uid=1000(system) ActivityManager expire 12 lines
04-22 11:04:03.875  1635  1635 I chatty  : uid=1000 system_server expire 26 lines
04-22 11:04:03.925  1635  1752 I chatty  : uid=1000(system) android.fg expire 12 lines
04-22 11:04:04.072  1635  2884 I chatty  : uid=1000(system) NetworkPolicy expire 13 lines
04-22 11:04:04.570  1635 12312 I chatty  : uid=1000(system) Binder:1635_1F expire 1 line
04-22 11:04:06.051  1635  2891 I chatty  : uid=1000(system) ConnectivitySer expire 22 lines
04-22 11:04:06.238  1635  2881 I chatty  : uid=1000(system) Binder:1635_3 expire 9 lines
04-22 11:04:22.323  1635  2893 I chatty  : uid=1000(system) NsdService expire 12 lines
04-22 11:04:34.121  1635  8772 I chatty  : uid=1000(system) Binder:1635_17 expire 4 lines
04-22 11:04:59.666  1635  3038 I chatty  : uid=1000(system) Binder:1635_4 expire 1 line
04-22 11:04:59.682  1635  1756 I chatty  : uid=1000(system) android.display expire 2 lines
04-22 11:05:00.646  1635  1712 I chatty  : uid=1000(system) Binder:1635_1 expire 2 lines
04-22 11:05:06.461  1635  1776 I chatty  : uid=1000(system) ActivityManager expire 12 lines
04-22 11:05:06.537  1635  4930 I chatty  : uid=1000(system) Binder:1635_14 expire 1 line
04-22 11:05:09.397  1635  2895 I chatty  : uid=1000(system) ranker expire 1 line
04-22 11:05:09.661 16353 16353 D ActivityThread: Loading provider contacts;com.android.contacts: com.android.providers.contacts.ContactsProvider2
04-22 11:05:12.537  1635  2891 I chatty  : uid=1000(system) ConnectivitySer expire 24 lines
04-22 11:05:23.694  1635  1775 I chatty  : uid=1000(system) ActivityManager expire 34 lines
04-22 11:05:42.724  1635  1878 I chatty  : uid=1000(system) PackageManager expire 4 lines
04-22 11:05:43.048  1635  3048 I chatty  : uid=1000(system) Binder:1635_C expire 1 line
04-22 11:05:43.108  1635  1635 I chatty  : uid=1000 system_server expire 12 lines
04-22 11:05:45.992  1635  9377 I chatty  : uid=1000(system) Binder:1635_1B expire 2 lines
04-22 11:05:46.092  1635  3044 I chatty  : uid=1000(system) Binder:1635_8 expire 1 line
04-22 11:05:57.059  1635  3045 I chatty  : uid=1000(system) Binder:1635_9 expire 3 lines
04-22 11:06:25.103  1635  2891 I chatty  : uid=1000(system) ConnectivitySer expire 142 lines
04-22 11:07:03.473  1635  2884 I chatty  : uid=1000(system) NetworkPolicy expire 9 lines
04-22 11:08:32.151  1635  1775 I chatty  : uid=1000(system) ActivityManager expire 62 lines
04-22 11:08:40.994  1635  1771 I chatty  : uid=1000(system) android.bg expire 1 line
04-22 11:08:50.587  1635  9377 I chatty  : uid=1000(system) Binder:1635_1B expire 9 lines
04-22 11:08:50.660  1635  3044 I chatty  : uid=1000(system) Binder:1635_8 expire 1 line
04-22 11:08:50.666  1635  1756 I chatty  : uid=1000(system) android.display expire 4 lines
04-22 11:08:52.722  1635  2893 I chatty  : uid=1000(system) NsdService expire 9 lines
04-22 11:08:52.724  1635  1635 I chatty  : uid=1000 system_server expire 15 lines
04-22 11:08:54.511  1635 11490 I chatty  : uid=1000(system) Binder:1635_1D expire 1 line
04-22 11:09:10.811  1635  1878 I chatty  : uid=1000(system) PackageManager expire 8 lines
04-22 11:09:11.107  1635  3040 I chatty  : uid=1000(system) Binder:1635_5 expire 1 line
04-22 11:09:11.173  1635  1776 I chatty  : uid=1000(system) ActivityManager expire 12 lines
04-22 11:09:11.396  1635  1752 I chatty  : uid=1000(system) android.fg expire 6 lines
04-22 11:09:12.547  1635  6941 I chatty  : uid=1000(system) Binder:1635_16 expire 4 lines
04-22 11:09:14.808  1635  4599 I chatty  : uid=1000(system) Binder:1635_D expire 4 lines
04-22 11:09:14.895  1635 12312 I chatty  : uid=1000(system) Binder:1635_1F expire 1 line
04-22 11:10:49.883  1635  1790 I chatty  : uid=1000(system) batterystats-wo expire 1 line
04-22 11:13:20.796  1635  3046 I chatty  : uid=1000(system) Binder:1635_A expire 1 line
04-22 11:13:32.900  1635  4612 I chatty  : uid=1000(system) Binder:1635_E expire 4 lines
04-22 11:13:33.053  1635  1775 I chatty  : uid=1000(system) ActivityManager expire 60 lines
04-22 11:13:33.237  1635  1752 I chatty  : uid=1000(system) android.fg expire 14 lines
04-22 11:13:33.448  1635  1635 I chatty  : uid=1000 system_server expire 21 lines
04-22 11:13:33.515  1635  6941 I chatty  : uid=1000(system) Binder:1635_16 expire 3 lines
04-22 11:13:33.619  1635  4930 I chatty  : uid=1000(system) Binder:1635_14 expire 1 line
04-22 11:13:33.662  1635  2884 I chatty  : uid=1000(system) NetworkPolicy expire 12 lines
04-22 11:13:34.664  1635  2891 I chatty  : uid=1000(system) ConnectivitySer expire 50 lines
04-22 11:13:35.606  1635  4613 I chatty  : uid=1000(system) Binder:1635_F expire 4 lines
04-22 11:13:35.713  1635 11678 I chatty  : uid=1000(system) Binder:1635_1E expire 4 lines
04-22 11:13:38.306  1635  2893 I chatty  : uid=1000(system) NsdService expire 12 lines
04-22 11:13:39.089  1635  3045 I chatty  : uid=1000(system) Binder:1635_9 expire 1 line
04-22 11:13:57.053  1635 12312 I chatty  : uid=1000(system) Binder:1635_1F expire 1 line
04-22 11:14:50.884  1635  1756 I chatty  : uid=1000(system) android.display expire 2 lines
04-22 11:15:19.618  1635  8781 I chatty  : uid=1000(system) Binder:1635_18 expire 1 line
04-22 11:15:24.716  1635  1878 I chatty  : uid=1000(system) PackageManager expire 4 lines
04-22 11:15:25.012  1635  2881 I chatty  : uid=1000(system) Binder:1635_3 expire 1 line
04-22 11:15:25.044  1635  1754 I chatty  : uid=1000(system) android.ui expire 2 lines
04-22 11:15:25.135  1635  1776 I chatty  : uid=1000(system) ActivityManager expire 2 lines
04-22 11:15:25.465  1635  5549 I chatty  : uid=1000(system) Binder:1635_15 expire 1 line
04-22 11:15:25.854  1635  3048 I chatty  : uid=1000(system) Binder:1635_C expire 1 line
04-22 11:15:27.244  1635 12414 I chatty  : uid=1000(system) Binder:1635_20 expire 2 lines
04-22 11:15:27.345  1635  3047 I chatty  : uid=1000(system) Binder:1635_B expire 1 line
04-22 11:15:33.045  1635  4614 I chatty  : uid=1000(system) Binder:1635_10 expire 1 line
04-22 11:15:33.045  1635  4623 I chatty  : uid=1000(system) Binder:1635_11 expire 1 line
04-22 11:15:33.045  1635  8900 I chatty  : uid=1000(system) Binder:1635_19 expire 1 line
04-22 11:15:33.045  1635  1713 I chatty  : uid=1000(system) Binder:1635_2 expire 1 line
04-22 11:15:59.813  1635  2891 I chatty  : uid=1000(system) ConnectivitySer expire 35 lines
04-22 11:16:00.123  1635  6941 I chatty  : uid=1000(system) Binder:1635_16 expire 5 lines
04-22 11:16:00.127  1635  1775 I chatty  : uid=1000(system) ActivityManager expire 45 lines
04-22 11:16:53.069  1635  2884 I chatty  : uid=1000(system) NetworkPolicy expire 8 lines
04-22 11:17:27.582  1635  1971 I chatty  : uid=1000(system) AlarmManager expire 1 line
04-22 11:17:43.396  1635  1635 I chatty  : uid=1000 system_server expire 15 lines
04-22 11:17:43.399  4561 30416 I AlwaysOnHotwordDetector: onDetected
04-22 11:17:44.869  1635 11678 I chatty  : uid=1000(system) Binder:1635_1E expire 4 lines
04-22 11:17:45.644  1635  2891 I chatty  : uid=1000(system) ConnectivitySer expire 138 lines
04-22 11:17:55.749  1635  8900 I chatty  : uid=1000(system) Binder:1635_19 expire 7 lines
04-22 11:18:16.603  1635  1776 I chatty  : uid=1000(system) ActivityManager expire 10 lines
04-22 11:18:57.163  1635  1756 I chatty  : uid=1000(system) android.display expire 3 lines
04-22 11:18:57.164  1635  4930 I chatty  : uid=1000(system) Binder:1635_14 expire 2 lines
04-22 11:18:59.547  1635  2893 I chatty  : uid=1000(system) NsdService expire 9 lines
04-22 11:19:13.612  1635  1878 I chatty  : uid=1000(system) PackageManager expire 4 lines
04-22 11:19:13.879  1635 11490 I chatty  : uid=1000(system) Binder:1635_1D expire 1 line
04-22 11:19:13.949  1635  1754 I chatty  : uid=1000(system) android.ui expire 1 line
04-22 11:19:14.015  1635  1752 I chatty  : uid=1000(system) android.fg expire 7 lines
04-22 11:19:14.185  1635  4623 I chatty  : uid=1000(system) Binder:1635_11 expire 1 line
04-22 11:19:14.643  1635  9801 I chatty  : uid=1000(system) Binder:1635_1C expire 1 line
04-22 11:19:16.132  1635  9377 I chatty  : uid=1000(system) Binder:1635_1B expire 2 lines
04-22 11:19:40.118  1635  3042 I chatty  : uid=1000(system) Binder:1635_6 expire 3 lines
04-22 11:20:57.144  1635  8781 I chatty  : uid=1000(system) Binder:1635_18 expire 3 lines
04-22 11:20:57.193  1635  3046 I chatty  : uid=1000(system) Binder:1635_A expire 1 line
04-22 11:21:33.792  1635  1771 I chatty  : uid=1000(system) android.bg expire 1 line
04-22 11:24:05.455  1635  2891 I chatty  : uid=1000(system) ConnectivitySer expire 77 lines
04-22 11:24:05.829  1635  1775 I chatty  : uid=1000(system) ActivityManager expire 66 lines
04-22 11:24:05.903  1635  2884 I chatty  : uid=1000(system) NetworkPolicy expire 12 lines
04-22 11:24:51.537  1635  6941 I chatty  : uid=1000(system) Binder:1635_16 expire 2 lines
04-22 11:25:04.266  1635  1862 I chatty  : uid=1000(system) PowerManagerSer expire 2 lines
04-22 11:25:05.062  1635  1878 I chatty  : uid=1000(system) PackageManager expire 8 lines
04-22 11:25:05.419  1635  1635 I chatty  : uid=1000 system_server expire 18 lines
04-22 11:25:05.463  1635  1756 I chatty  : uid=1000(system) android.display expire 3 lines
04-22 11:25:05.464  1635  1776 I chatty  : uid=1000(system) ActivityManager expire 9 lines
04-22 11:25:05.567  1635  1752 I chatty  : uid=1000(system) android.fg expire 9 lines
04-22 11:25:05.938  1635  8900 I chatty  : uid=1000(system) Binder:1635_19 expire 3 lines
04-22 11:25:06.479  1635  3048 I chatty  : uid=1000(system) Binder:1635_C expire 1 line
04-22 11:25:07.900  1635  4930 I chatty  : uid=1000(system) Binder:1635_14 expire 6 lines
04-22 11:25:12.347  1635  2893 I chatty  : uid=1000(system) NsdService expire 7 lines
04-22 11:26:21.995  1635  1712 I chatty  : uid=1000(system) Binder:1635_1 expire 1 line
04-22 11:26:54.596  1635  4612 I chatty  : uid=1000(system) Binder:1635_E expire 2 lines
04-22 11:27:01.533  1635  8772 I chatty  : uid=1000(system) Binder:1635_17 expire 1 line
04-22 11:27:01.871  1635  1752 I chatty  : uid=1000(system) android.fg expire 11 lines
04-22 11:27:01.898  1635  4612 I chatty  : uid=1000(system) Binder:1635_E expire 2 lines
04-22 11:27:01.908  1635  1775 I chatty  : uid=1000(system) ActivityManager expire 69 lines
04-22 11:27:01.914  1635  1635 I chatty  : uid=1000 system_server expire 18 lines
04-22 11:27:01.999  1635  2884 I chatty  : uid=1000(system) NetworkPolicy expire 14 lines
04-22 11:27:02.315  1635  1713 I chatty  : uid=1000(system) Binder:1635_2 expire 1 line
04-22 11:27:02.532  1635  2891 I chatty  : uid=1000(system) ConnectivitySer expire 65 lines
04-22 11:27:03.618  1635  1712 I chatty  : uid=1000(system) Binder:1635_1 expire 1 line
04-22 11:27:03.719  1635  4613 I chatty  : uid=1000(system) Binder:1635_F expire 1 line
04-22 11:27:10.789  2979  2979 V DeadZone: consuming errant click: (90.0,4.0)
04-22 11:27:10.789  2979  2979 V DeadZone: consuming errant click: (90.0,4.0)
04-22 11:27:12.373  1635  2893 I chatty  : uid=1000(system) NsdService expire 14 lines
04-22 11:27:13.066  1635  4624 I chatty  : uid=1000(system) Binder:1635_12 expire 3 lines
04-22 11:28:41.113  1635  1771 I chatty  : uid=1000(system) android.bg expire 1 line
04-22 11:28:49.271  1635  4623 I chatty  : uid=1000(system) Binder:1635_11 expire 4 lines
04-22 11:28:49.356  1635  1756 I chatty  : uid=1000(system) android.display expire 4 lines
04-22 11:29:09.911  1635  1878 I chatty  : uid=1000(system) PackageManager expire 8 lines
04-22 11:29:10.232  1635  1754 I chatty  : uid=1000(system) android.ui expire 2 lines
04-22 11:29:10.237  1635  1776 I chatty  : uid=1000(system) ActivityManager expire 4 lines
04-22 11:29:10.464  1635  4614 I chatty  : uid=1000(system) Binder:1635_10 expire 3 lines
04-22 11:29:12.324  1635  3043 I chatty  : uid=1000(system) Binder:1635_7 expire 5 lines
04-22 11:29:12.416  1635  4599 I chatty  : uid=1000(system) Binder:1635_D expire 1 line
04-22 11:29:21.379  1635  9190 I chatty  : uid=1000(system) Binder:1635_1A expire 2 lines
04-22 11:29:52.503 20242 20348 E AndroidRuntime: FATAL EXCEPTION: Thread-4
04-22 11:29:52.503 20242 20348 E AndroidRuntime: Process: com.google.location.nearby.apps.connectedcrossroad, PID: 20242
04-22 11:29:52.503 20242 20348 E AndroidRuntime: java.util.ConcurrentModificationException
04-22 11:29:52.503 20242 20348 E AndroidRuntime: 	at java.util.HashMap$HashIterator.nextNode(HashMap.java:1441)
04-22 11:29:52.503 20242 20348 E AndroidRuntime: 	at java.util.HashMap$ValueIterator.next(HashMap.java:1470)
04-22 11:29:52.503 20242 20348 E AndroidRuntime: 	at nx.aodv.eval.AODVNetwork$3.run(AODVNetwork.java:218)
04-22 11:29:52.503 20242 20348 E AndroidRuntime: 	at java.lang.Thread.run(Thread.java:923)
04-22 11:29:52.512  1635 20401 I chatty  : uid=1000 system_server expire 1 line
04-22 11:29:52.649  1635  3040 I chatty  : uid=1000(system) Binder:1635_5 expire 1 line
04-22 11:29:52.650  1635  9377 I chatty  : uid=1000(system) Binder:1635_1B expire 1 line
04-22 11:29:57.363  1635  3045 I chatty  : uid=1000(system) Binder:1635_9 expire 1 line
04-22 11:30:18.529  1635 12414 I chatty  : uid=1000(system) Binder:1635_20 expire 1 line
04-22 11:30:18.706  1635  1776 I chatty  : uid=1000(system) ActivityManager expire 11 lines
04-22 11:30:18.741  1635  1754 I chatty  : uid=1000(system) android.ui expire 1 line
04-22 11:30:18.763  1635  1635 I chatty  : uid=1000 system_server expire 18 lines
04-22 11:30:18.888  1635  1752 I chatty  : uid=1000(system) android.fg expire 12 lines
04-22 11:30:19.019  1635  3043 I chatty  : uid=1000(system) Binder:1635_7 expire 2 lines
04-22 11:30:19.024  1635  2891 I chatty  : uid=1000(system) ConnectivitySer expire 43 lines
04-22 11:30:19.025  1635  1775 I chatty  : uid=1000(system) ActivityManager expire 44 lines
04-22 11:30:19.132  1635  2884 I chatty  : uid=1000(system) NetworkPolicy expire 12 lines
04-22 11:30:20.882  1635  5549 I chatty  : uid=1000(system) Binder:1635_15 expire 1 line
04-22 11:30:20.974  1635  3045 I chatty  : uid=1000(system) Binder:1635_9 expire 1 line
04-22 11:30:37.930  1635  4623 I chatty  : uid=1000(system) Binder:1635_11 expire 2 lines
04-22 11:31:19.163  1635 12312 I chatty  : uid=1000(system) Binder:1635_1F expire 3 lines
04-22 11:31:19.252  1635  1756 I chatty  : uid=1000(system) android.display expire 4 lines
04-22 11:31:37.353  1635  1878 I chatty  : uid=1000(system) PackageManager expire 8 lines
04-22 11:31:37.630  1635  8900 I chatty  : uid=1000(system) Binder:1635_19 expire 1 line
04-22 11:31:37.931  1635  4612 I chatty  : uid=1000(system) Binder:1635_E expire 3 lines
04-22 11:31:38.470  1635  3048 I chatty  : uid=1000(system) Binder:1635_C expire 1 line
04-22 11:31:39.921  1635  9801 I chatty  : uid=1000(system) Binder:1635_1C expire 2 lines
04-22 11:32:27.696  1635  2893 I chatty  : uid=1000(system) NsdService expire 7 lines
04-22 11:32:28.078  2979  2979 V DeadZone: consuming errant click: (59.0,0.0)
04-22 11:32:28.078  2979  2979 V DeadZone: consuming errant click: (59.0,0.0)
04-22 11:32:29.086  1635  2891 I chatty  : uid=1000(system) ConnectivitySer expire 22 lines
04-22 11:32:33.426  2979  2979 V DeadZone: consuming errant click: (1009.0,24.0)
04-22 11:32:33.427  2979  2979 V DeadZone: consuming errant click: (1009.0,24.0)
04-22 11:32:43.964  1635  1775 I chatty  : uid=1000(system) ActivityManager expire 25 lines
04-22 11:33:17.906  1635  1713 I chatty  : uid=1000(system) Binder:1635_2 expire 3 lines
04-22 11:33:17.965  1635  6941 I chatty  : uid=1000(system) Binder:1635_16 expire 1 line
04-22 11:33:21.287  1635  1635 I chatty  : uid=1000 system_server expire 3 lines
04-22 11:33:34.378  1635 11678 I chatty  : uid=1000(system) Binder:1635_1E expire 1 line
04-22 11:33:34.422  1635  1776 I chatty  : uid=1000(system) ActivityManager expire 2 lines
04-22 11:33:34.611  1635  3040 I chatty  : uid=1000(system) Binder:1635_5 expire 1 line
04-22 11:33:34.618  1635  1775 W BroadcastQueue: Background execution not allowed: receiving Intent { act=android.intent.action.PACKAGE_REPLACED dat=package:com.google.location.nearby.apps.connectedcrossroad flg=0x4000010 (has extras) } to com.google.android.googlequicksearchbox/com.google.android.apps.gsa.googlequicksearchbox.GelStubAppWatcher
04-22 11:33:34.619  1635  1635 W Looper  : Slow dispatch took 197ms main h=android.app.ActivityThread$H c=android.app.-$$Lambda$LoadedApk$ReceiverDispatcher$Args$_BumDX2UKsnxLVrE6UJsJZkotuA@cee16d9 m=0
04-22 11:33:34.620  1635  1775 W BroadcastQueue: Background execution not allowed: receiving Intent { act=android.intent.action.PACKAGE_REPLACED dat=package:com.google.location.nearby.apps.connectedcrossroad flg=0x4000010 (has extras) } to com.infonow.bofa/com.bofa.ecom.marvel.application.BofaPackageUpdateReceiver
04-22 11:33:34.620  1635  1775 W BroadcastQueue: Background execution not allowed: receiving Intent { act=android.intent.action.PACKAGE_REPLACED dat=package:com.google.location.nearby.apps.connectedcrossroad flg=0x4000010 (has extras) } to com.microsoft.appmanager/com.microsoft.mmx.continuity.receiver.InstallUninstallReceiver
04-22 11:33:34.620  1635  1775 W BroadcastQueue: Background execution not allowed: receiving Intent { act=android.intent.action.PACKAGE_REPLACED dat=package:com.google.location.nearby.apps.connectedcrossroad flg=0x4000010 (has extras) } to com.microsoft.emmx/com.microsoft.mmx.continuity.receiver.InstallUninstallReceiver
04-22 11:33:34.620  1635  1775 W BroadcastQueue: Background execution not allowed: receiving Intent { act=android.intent.action.PACKAGE_REPLACED dat=package:com.google.location.nearby.apps.connectedcrossroad flg=0x4000010 (has extras) } to steptracker.healthandfitness.walkingtracker.pedometer/com.drojian.stepcounter.receiver.PedometerReceiver
04-22 11:33:34.620  1635  1775 W BroadcastQueue: Background execution not allowed: receiving Intent { act=android.intent.action.PACKAGE_REPLACED dat=package:com.google.location.nearby.apps.connectedcrossroad flg=0x4000010 (has extras) } to steptracker.healthandfitness.walkingtracker.pedometer/com.drojian.servicekeeper.receiver.BootReceiver
04-22 11:33:34.625  1635  1635 W Looper  : Slow delivery took 350ms main h=android.app.ActivityThread$H c=android.app.-$$Lambda$LoadedApk$ReceiverDispatcher$Args$_BumDX2UKsnxLVrE6UJsJZkotuA@f645f77 m=0
04-22 11:33:34.626  1635  1635 I Telecom : DefaultDialerCache: Refreshing default dialer for user 0: now com.google.android.dialer: DDC.oR@BZ4
04-22 11:33:34.665  1635  1635 V BackupManagerConstants: getFullBackupIntervalMilliseconds(...) returns 86400000
04-22 11:33:34.665  1635  1635 V BackupManagerConstants: getFullBackupRequiredNetworkType(...) returns 2
04-22 11:33:34.665  1635  1635 V BackupManagerConstants: getFullBackupRequireCharging(...) returns true
04-22 11:33:34.715  1635  1752 W Looper  : Slow dispatch took 273ms android.fg h=android.os.Handler c=<recycled PooledLambda@42d0bd8> m=0
04-22 11:33:34.786  1635  1752 W Looper  : Slow delivery took 336ms android.fg h=android.os.Handler c=<recycled PooledLambda@d53837> m=0
04-22 11:33:34.940  1635  2884 W NetworkPolicy: shared quota unsupported; generating rule for each iface
04-22 11:33:35.006  1635  1635 W Looper  : Slow dispatch took 380ms main h=android.app.ActivityThread$H c=android.app.-$$Lambda$LoadedApk$ReceiverDispatcher$Args$_BumDX2UKsnxLVrE6UJsJZkotuA@5902970 m=0
04-22 11:33:35.104  1635  1635 W Looper  : Drained
04-22 11:33:35.130  1635  1752 W Looper  : Slow dispatch took 133ms android.fg h=android.os.Handler c=<recycled PooledLambda@73af7b4> m=0
04-22 11:33:35.138  1635  2884 W NetworkPolicy: shared quota unsupported; generating rule for each iface
04-22 11:33:35.175  1635  8781 D CompatibilityChangeReporter: Compat change id reported: 136274596; UID 10333; state: DISABLED
04-22 11:33:35.525  1635  1752 W Looper  : Slow dispatch took 109ms android.fg h=android.os.Handler c=<recycled PooledLambda@6f55723> m=0
04-22 11:33:35.620  1635  2891 D ConnectivityService: NetReassign [no changes]
04-22 11:33:35.646  1635  1752 W Looper  : Slow dispatch took 120ms android.fg h=android.os.Handler c=<recycled PooledLambda@9631fb6> m=0
04-22 11:33:35.916  1635  2884 W NetworkPolicy: shared quota unsupported; generating rule for each iface
04-22 11:33:35.991  1635  2884 I chatty  : uid=1000(system) NetworkPolicy identical 1 line
04-22 11:33:36.078  1635  2884 W NetworkPolicy: shared quota unsupported; generating rule for each iface
04-22 11:33:36.146  1635  1752 W Looper  : Drained
04-22 11:33:36.358  1635  2884 W NetworkPolicy: shared quota unsupported; generating rule for each iface
04-22 11:33:36.518  1635  3040 E SystemServiceRegistry: Manager wrapper not available: face
04-22 11:33:36.520  1635  1775 I DropBoxManagerService: add tag=system_server_wtf isTagEnabled=true flags=0x2
04-22 11:33:36.627  1635  3040 W SettingsStatsUtil: Can not parse value to float: gps,network
04-22 11:33:38.526  1635  1775 W BroadcastQueue: Background execution not allowed: receiving Intent { act=android.intent.action.DROPBOX_ENTRY_ADDED flg=0x10 (has extras) } to com.google.android.gms/.stats.service.DropBoxEntryAddedReceiver
04-22 11:33:38.526  1635  1775 W BroadcastQueue: Background execution not allowed: receiving Intent { act=android.intent.action.DROPBOX_ENTRY_ADDED flg=0x10 (has extras) } to com.google.android.gms/.chimera.GmsIntentOperationService$PersistentTrustedReceiver
04-22 11:33:38.630  1635  2891 D ConnectivityService: NetReassign [no changes]
04-22 11:33:53.806  1635  2891 I chatty  : uid=1000(system) ConnectivitySer identical 5 lines
04-22 11:33:56.816  1635  2891 D ConnectivityService: NetReassign [no changes]
04-22 11:33:57.588  1635  1635 D BluetoothManagerService: Bluetooth Adapter name changed to IlFiSy1bye0AAAAAAAAAATE
04-22 11:33:57.588  1635  1635 D BluetoothManagerService: Stored Bluetooth name: IlFiSy1bye0AAAAAAAAAATE
04-22 11:33:57.918  1635  2893 D NsdService: Register service
04-22 11:33:57.919  1635  2893 D NsdService: registerService: 24 name: IlFiSy1bye0AAA, type: _5BC9ED5E6C75._tcp, host: null, port: 39097, txtRecord: n=MQIPv4=192.168.1.17
04-22 11:33:57.919  1635  2893 D NsdService: mdnssd [register, 24, IlFiSy1bye0AAA, _5BC9ED5E6C75._tcp, 39097, BG49TVERSVB2ND0xOTIuMTY4LjEuMTc=]
04-22 11:33:57.921  1635  2893 D NsdService: Register 24 24
04-22 11:33:58.618  1635  2893 D NsdService: Native daemon message SERVICE_REGISTERED: 606 24 "IlFiSy1bye0AAA"
04-22 11:33:58.626  1635  8900 E AppOps  : attributionTag com.google.android.gms.nearby not declared in manifest of com.google.location.nearby.apps.connectedcrossroad
04-22 11:33:59.830  1635  2891 D ConnectivityService: NetReassign [no changes]
04-22 11:34:02.845  1635  2891 D ConnectivityService: NetReassign [no changes]
04-22 11:34:04.514  1635  8900 E ClipboardService: Denying clipboard access to com.google.android.gm, application is not in focus nor is it a system service for user 0
04-22 11:34:05.891  1635  2891 D ConnectivityService: NetReassign [no changes]
04-22 11:34:11.938  1635  2891 I chatty  : uid=1000(system) ConnectivitySer identical 2 lines
04-22 11:34:14.951  1635  2891 D ConnectivityService: NetReassign [no changes]
04-22 11:34:15.654  1635  1775 I ActivityManager: Waited long enough for: ServiceRecord{7bec7f0 u0 com.google.android.googlequicksearchbox/com.google.android.apps.gsa.shared.util.keepalive.StandaloneKeepAlive$KeepAliveService}
04-22 11:34:17.967  1635  2891 D ConnectivityService: NetReassign [no changes]
04-22 11:34:42.125  1635  2891 I chatty  : uid=1000(system) ConnectivitySer identical 8 lines
04-22 11:34:45.150  1635  2891 D ConnectivityService: NetReassign [no changes]
04-22 11:34:47.240  1635  4630 I ActivityManager: Force stopping com.google.location.nearby.apps.connectedcrossroad appid=10333 user=0: from pid 21369
04-22 11:34:47.241  1635  4630 I ActivityManager: Killing 21144:com.google.location.nearby.apps.connectedcrossroad/u0a333 (adj 0): stop com.google.location.nearby.apps.connectedcrossroad due to from pid 21369
04-22 11:34:47.242  1635  4630 W ActivityTaskManager: Force removing ActivityRecord{8d5449d u0 com.google.location.nearby.apps.connectedcrossroad/nx.aodv.eval.MainActivity t8103 f}}: app died, no saved state
04-22 11:34:47.267  1635  1775 W BroadcastQueue: Background execution not allowed: receiving Intent { act=android.intent.action.PACKAGE_RESTARTED dat=package:com.google.location.nearby.apps.connectedcrossroad flg=0x10 (has extras) } to steptracker.healthandfitness.walkingtracker.pedometer/com.drojian.stepcounter.receiver.PedometerReceiver
04-22 11:34:47.267  1635  1775 W BroadcastQueue: Background execution not allowed: receiving Intent { act=android.intent.action.PACKAGE_RESTARTED dat=package:com.google.location.nearby.apps.connectedcrossroad flg=0x10 (has extras) } to steptracker.healthandfitness.walkingtracker.pedometer/com.drojian.servicekeeper.receiver.BootReceiver
04-22 11:34:47.339  1635  1712 D AutofillSession: handling death of Token{f6abe86 ActivityRecord{8d5449d u0 com.google.location.nearby.apps.connectedcrossroad/nx.aodv.eval.MainActivity t-1 f}}} when saving=false
04-22 11:34:47.341  1635  1756 W ActivityManager: setHasOverlayUi called on unknown pid: 21144
04-22 11:34:48.172  1635  2891 D ConnectivityService: NetReassign [no changes]
04-22 11:34:49.703  1635  2893 D NsdService: unregister service
04-22 11:34:49.703  1635  2893 D NsdService: mdnssd [stop-register, 24]
04-22 11:34:49.714  1635  1635 D BluetoothManagerService: Bluetooth Adapter name changed to Pixel 3a XL
04-22 11:34:49.715  1635  1635 D BluetoothManagerService: Stored Bluetooth name: Pixel 3a XL
04-22 11:34:49.973  1635  2884 W NetworkPolicy: shared quota unsupported; generating rule for each iface
04-22 11:34:51.202  1635  2891 D ConnectivityService: NetReassign [no changes]
04-22 11:35:15.465  1635  2891 I chatty  : uid=1000(system) ConnectivitySer identical 8 lines
04-22 11:35:18.486  1635  2891 D ConnectivityService: NetReassign [no changes]
04-22 11:35:19.956  1635  6941 I ActivityManager: Force stopping com.google.location.nearby.apps.connectedcrossroad appid=10333 user=0: from pid 21423
04-22 11:35:19.974  1635  1775 W BroadcastQueue: Background execution not allowed: receiving Intent { act=android.intent.action.PACKAGE_RESTARTED dat=package:com.google.location.nearby.apps.connectedcrossroad flg=0x10 (has extras) } to steptracker.healthandfitness.walkingtracker.pedometer/com.drojian.stepcounter.receiver.PedometerReceiver
04-22 11:35:19.974  1635  1775 W BroadcastQueue: Background execution not allowed: receiving Intent { act=android.intent.action.PACKAGE_RESTARTED dat=package:com.google.location.nearby.apps.connectedcrossroad flg=0x10 (has extras) } to steptracker.healthandfitness.walkingtracker.pedometer/com.drojian.servicekeeper.receiver.BootReceiver
04-22 11:35:21.508  1635  2891 D ConnectivityService: NetReassign [no changes]
04-22 11:35:27.575  1635  2891 I chatty  : uid=1000(system) ConnectivitySer identical 2 lines
04-22 11:35:30.599  1635  2891 D ConnectivityService: NetReassign [no changes]
04-22 11:35:31.563  1635  1635 I SoundTriggerHelper: Recognition success
04-22 11:35:31.564  4561  9532 I AlwaysOnHotwordDetector: onDetected
04-22 11:35:33.035  1635  5549 I SoundTriggerHelper: startRecognition successful.
04-22 11:35:33.633  1635  2891 D ConnectivityService: NetReassign [no changes]
04-22 11:35:36.242  1635  4614 I ActivityManager: Force stopping com.google.location.nearby.apps.connectedcrossroad appid=10333 user=0: from pid 21464
04-22 11:35:36.254  1635  1775 W BroadcastQueue: Background execution not allowed: receiving Intent { act=android.intent.action.PACKAGE_RESTARTED dat=package:com.google.location.nearby.apps.connectedcrossroad flg=0x10 (has extras) } to steptracker.healthandfitness.walkingtracker.pedometer/com.drojian.stepcounter.receiver.PedometerReceiver
04-22 11:35:36.255  1635  1775 W BroadcastQueue: Background execution not allowed: receiving Intent { act=android.intent.action.PACKAGE_RESTARTED dat=package:com.google.location.nearby.apps.connectedcrossroad flg=0x10 (has extras) } to steptracker.healthandfitness.walkingtracker.pedometer/com.drojian.servicekeeper.receiver.BootReceiver
04-22 11:35:36.665  1635  2891 D ConnectivityService: NetReassign [no changes]
04-22 11:35:39.694  1635  2891 I chatty  : uid=1000(system) ConnectivitySer identical 1 line
04-22 11:35:42.734  1635  2891 D ConnectivityService: NetReassign [no changes]
04-22 11:35:45.743  1635  1878 I PackageManager: Integrity check passed for file:///data/app/vmdl1638685593.tmp
04-22 11:35:45.749  1635  2891 D ConnectivityService: NetReassign [no changes]
04-22 11:35:45.773  1635  1878 I PackageManager: Update package com.google.location.nearby.apps.connectedcrossroad code path from /data/app/~~G-vBGIzw-wV4IoiaqVC5ZA==/com.google.location.nearby.apps.connectedcrossroad-vrK4aPw9B4ZauSSe0QaAUQ== to /data/app/~~vXealxUOtpB1fBLjoIKEKQ==/com.google.location.nearby.apps.connectedcrossroad-98uytZKJlE0GAx_FjKF7rQ==; Retain data and using new
04-22 11:35:45.773  1635  1878 I PackageManager: Update package com.google.location.nearby.apps.connectedcrossroad resource path from /data/app/~~G-vBGIzw-wV4IoiaqVC5ZA==/com.google.location.nearby.apps.connectedcrossroad-vrK4aPw9B4ZauSSe0QaAUQ== to /data/app/~~vXealxUOtpB1fBLjoIKEKQ==/com.google.location.nearby.apps.connectedcrossroad-98uytZKJlE0GAx_FjKF7rQ==; Retain data and using new
04-22 11:35:45.786  1635  1878 D CompatibilityChangeReporter: Compat change id reported: 135549675; UID 10333; state: DISABLED
04-22 11:35:45.915  1635  1775 W BroadcastQueue: Background execution not allowed: receiving Intent { act=android.intent.action.PACKAGE_REMOVED dat=package:com.google.location.nearby.apps.connectedcrossroad flg=0x4000010 (has extras) } to com.android.vending/com.google.android.finsky.packagemanager.impl.PackageMonitorReceiverImpl$RegisteredReceiver
04-22 11:35:45.915  1635  1775 W BroadcastQueue: Background execution not allowed: receiving Intent { act=android.intent.action.PACKAGE_REMOVED dat=package:com.google.location.nearby.apps.connectedcrossroad flg=0x4000010 (has extras) } to com.android.vending/com.google.android.finsky.instantapps.appmanagement.InstantAppRemoveMonitor
04-22 11:35:45.915  1635  1775 W BroadcastQueue: Background execution not allowed: receiving Intent { act=android.intent.action.PACKAGE_REMOVED dat=package:com.google.location.nearby.apps.connectedcrossroad flg=0x4000010 (has extras) } to com.google.android.gms/.games.chimera.GamesSystemBroadcastReceiverProxy
04-22 11:35:45.915  1635  1775 W BroadcastQueue: Background execution not allowed: receiving Intent { act=android.intent.action.PACKAGE_REMOVED dat=package:com.google.location.nearby.apps.connectedcrossroad flg=0x4000010 (has extras) } to com.google.android.gms/.chimera.GmsIntentOperationService$PersistentTrustedReceiver
04-22 11:35:45.916  1635  1775 W BroadcastQueue: Background execution not allowed: receiving Intent { act=android.intent.action.PACKAGE_REMOVED dat=package:com.google.location.nearby.apps.connectedcrossroad flg=0x4000010 (has extras) } to com.google.android.googlequicksearchbox/com.google.android.apps.gsa.googlequicksearchbox.GelStubAppWatcher
04-22 11:35:45.916  1635  1775 W BroadcastQueue: Background execution not allowed: receiving Intent { act=android.intent.action.PACKAGE_REMOVED dat=package:com.google.location.nearby.apps.connectedcrossroad flg=0x4000010 (has extras) } to com.facebook.katana/com.facebook.feed.platformads.AppInstallReceiver
04-22 11:35:45.916  1635  1775 W BroadcastQueue: Background execution not allowed: receiving Intent { act=android.intent.action.PACKAGE_REMOVED dat=package:com.google.location.nearby.apps.connectedcrossroad flg=0x4000010 (has extras) } to com.jaga.ibraceletplus.smartwristband3/com.yc.pedometer.keepalive.KeepAliveReceiver
04-22 11:35:45.916  1635  1775 W BroadcastQueue: Background execution not allowed: receiving Intent { act=android.intent.action.PACKAGE_REMOVED dat=package:com.google.location.nearby.apps.connectedcrossroad flg=0x4000010 (has extras) } to com.microsoft.appmanager/.receiver.InstallUninstallReceiver
04-22 11:35:45.916  1635  1775 W BroadcastQueue: Background execution not allowed: receiving Intent { act=android.intent.action.PACKAGE_REMOVED dat=package:com.google.location.nearby.apps.connectedcrossroad flg=0x4000010 (has extras) } to com.microsoft.appmanager/com.microsoft.mmx.continuity.receiver.InstallUninstallReceiver
04-22 11:35:45.916  1635  1775 W BroadcastQueue: Background execution not allowed: receiving Intent { act=android.intent.action.PACKAGE_REMOVED dat=package:com.google.location.nearby.apps.connectedcrossroad flg=0x4000010 (has extras) } to com.microsoft.emmx/com.microsoft.mmx.continuity.receiver.InstallUninstallReceiver
04-22 11:35:45.990  1635  1775 W BroadcastQueue: Background execution not allowed: receiving Intent { act=android.intent.action.PACKAGE_ADDED dat=package:com.google.location.nearby.apps.connectedcrossroad flg=0x4000010 (has extras) } to com.google.android.packageinstaller/com.android.packageinstaller.PackageInstalledReceiver
04-22 11:35:45.990  1635  1775 W BroadcastQueue: Background execution not allowed: receiving Intent { act=android.intent.action.PACKAGE_ADDED dat=package:com.google.location.nearby.apps.connectedcrossroad flg=0x4000010 (has extras) } to com.android.vending/com.google.android.finsky.packagemanager.impl.PackageMonitorReceiverImpl$RegisteredReceiver
04-22 11:35:45.990  1635  1775 W BroadcastQueue: Background execution not allowed: receiving Intent { act=android.intent.action.PACKAGE_ADDED dat=package:com.google.location.nearby.apps.connectedcrossroad flg=0x4000010 (has extras) } to com.google.android.gms/.games.chimera.GamesSystemBroadcastReceiverProxy
04-22 11:35:46.030  1635  1635 I Telecom : DefaultDialerCache: Refreshing default dialer for user 0: now com.google.android.dialer: DDC.oR@BaI
04-22 11:35:46.049  1635  5549 I ActivityTaskManager: START u0 {act=android.intent.action.MAIN cat=[android.intent.category.LAUNCHER] flg=0x10000000 cmp=com.google.location.nearby.apps.connectedcrossroad/nx.aodv.eval.MainActivity} from uid 2000
04-22 11:35:46.055  1635  1635 V BackupManagerConstants: getFullBackupIntervalMilliseconds(...) returns 86400000
04-22 11:35:46.055  1635  1635 V BackupManagerConstants: getFullBackupRequiredNetworkType(...) returns 2
04-22 11:35:46.055  1635  1635 V BackupManagerConstants: getFullBackupRequireCharging(...) returns true
04-22 11:35:46.141  1635  1775 W BroadcastQueue: Background execution not allowed: receiving Intent { act=android.intent.action.PACKAGE_ADDED dat=package:com.google.location.nearby.apps.connectedcrossroad flg=0x4000010 (has extras) } to com.google.android.gms/.gass.chimera.PackageChangeBroadcastReceiver
04-22 11:35:46.143  1635  1775 W BroadcastQueue: Background execution not allowed: receiving Intent { act=android.intent.action.PACKAGE_ADDED dat=package:com.google.location.nearby.apps.connectedcrossroad flg=0x4000010 (has extras) } to com.google.android.gms/.chimera.GmsIntentOperationService$PersistentTrustedReceiver
04-22 11:35:46.150  1635  1775 W BroadcastQueue: Background execution not allowed: receiving Intent { act=android.intent.action.PACKAGE_ADDED dat=package:com.google.location.nearby.apps.connectedcrossroad flg=0x4000010 (has extras) } to com.google.android.googlequicksearchbox/com.google.android.apps.gsa.googlequicksearchbox.GelStubAppWatcher
04-22 11:35:46.150  1635  1775 W BroadcastQueue: Background execution not allowed: receiving Intent { act=android.intent.action.PACKAGE_ADDED dat=package:com.google.location.nearby.apps.connectedcrossroad flg=0x4000010 (has extras) } to com.facebook.katana/com.facebook.feed.platformads.AppInstallReceiver
04-22 11:35:46.150  1635  1775 W BroadcastQueue: Background execution not allowed: receiving Intent { act=android.intent.action.PACKAGE_ADDED dat=package:com.google.location.nearby.apps.connectedcrossroad flg=0x4000010 (has extras) } to com.jaga.ibraceletplus.smartwristband3/com.yc.pedometer.keepalive.KeepAliveReceiver
