04-22 11:55:05.529  1635  2891 D ConnectivityService: NetReassign [no changes]
04-22 11:55:07.538  1635  9377 W ActivityManager: Foreground service started from background can not have location/camera/microphone access: service steptracker.healthandfitness.walkingtracker.pedometer/com.drojian.stepcounter.service.CounterService
04-22 11:55:07.558  1635  9377 W ActivityManager: Foreground service started from background can not have location/camera/microphone access: service steptracker.healthandfitness.walkingtracker.pedometer/com.drojian.stepcounter.service.CounterService
04-22 11:55:07.569  1635  8781 W ActivityManager: Foreground service started from background can not have location/camera/microphone access: service steptracker.healthandfitness.walkingtracker.pedometer/com.drojian.stepcounter.service.CounterService
04-22 11:55:07.585  1635  8781 W ActivityManager: Foreground service started from background can not have location/camera/microphone access: service steptracker.healthandfitness.walkingtracker.pedometer/com.drojian.stepcounter.service.CounterService
04-22 11:55:08.552  1635  2891 D ConnectivityService: NetReassign [no changes]
04-22 11:55:08.739  1635  8781 W ActivityManager: Foreground service started from background can not have location/camera/microphone access: service steptracker.healthandfitness.walkingtracker.pedometer/com.drojian.stepcounter.service.CounterService
04-22 11:55:10.533  1635  3048 W ActivityManager: Foreground service started from background can not have location/camera/microphone access: service steptracker.healthandfitness.walkingtracker.pedometer/com.drojian.stepcounter.service.CounterService
04-22 11:55:10.552  1635  9801 W ActivityManager: Foreground service started from background can not have location/camera/microphone access: service steptracker.healthandfitness.walkingtracker.pedometer/com.drojian.stepcounter.service.CounterService
04-22 11:55:11.576  1635  2891 D ConnectivityService: NetReassign [no changes]
04-22 11:56:03.005  1635  2891 I chatty  : uid=1000(system) ConnectivitySer identical 17 lines
04-22 11:56:06.030  1635  2891 D ConnectivityService: NetReassign [no changes]
04-22 11:56:07.200  1635  1775 W ProcessCpuTracker: Failed to stat(/proc/25487): android.system.ErrnoException: stat failed: ENOENT (No such file or directory)
04-22 11:56:07.200  1635  1775 W ProcessCpuTracker: Skipping unknown process pid 25487
04-22 11:56:09.061  1635  2891 D ConnectivityService: NetReassign [no changes]
04-22 11:56:12.084  1635  2891 D ConnectivityService: NetReassign [no changes]
04-22 11:56:13.611  1635  2884 W NetworkPolicy: shared quota unsupported; generating rule for each iface
04-22 11:56:15.111  1635  2891 D ConnectivityService: NetReassign [no changes]
04-22 11:56:48.369  1635  2891 I chatty  : uid=1000(system) ConnectivitySer identical 11 lines
04-22 11:56:51.391  1635  2891 D ConnectivityService: NetReassign [no changes]
04-22 11:56:52.271  1635  2884 W NetworkPolicy: shared quota unsupported; generating rule for each iface
04-22 11:56:54.410  1635  2891 D ConnectivityService: NetReassign [no changes]
04-22 11:57:27.690  1635  2891 I chatty  : uid=1000(system) ConnectivitySer identical 11 lines
04-22 11:57:30.707  1635  2891 D ConnectivityService: NetReassign [no changes]
04-22 11:57:32.451  1635  2884 W NetworkPolicy: shared quota unsupported; generating rule for each iface
04-22 11:57:33.718  1635  2891 D ConnectivityService: NetReassign [no changes]
04-22 11:58:22.130  1635  2891 I chatty  : uid=1000(system) ConnectivitySer identical 16 lines
04-22 11:58:25.145  1635  2891 D ConnectivityService: NetReassign [no changes]
04-22 11:58:26.699  1635  2884 W NetworkPolicy: shared quota unsupported; generating rule for each iface
04-22 11:58:28.170  1635  2891 D ConnectivityService: NetReassign [no changes]
04-22 11:58:31.195  1635  2891 D ConnectivityService: NetReassign [no changes]
04-22 11:58:34.122  1635  4599 D ConnectivityService: requestNetwork for uid/pid:10191/29271 NetworkRequest [ TRACK_DEFAULT id=811, [ Capabilities: INTERNET&NOT_RESTRICTED&TRUSTED Uid: 10191 AdministratorUids: [] RequestorUid: 10191 RequestorPackageName: com.google.android.youtube] ]
04-22 11:58:34.123  1635  2891 D ConnectivityService: NetReassign [811 : null  135]
04-22 11:58:34.180  1635  2891 D ConnectivityService: releasing NetworkRequest [ TRACK_DEFAULT id=811, [ Capabilities: INTERNET&NOT_RESTRICTED&TRUSTED Uid: 10191 AdministratorUids: [] RequestorUid: 10191 RequestorPackageName: com.google.android.youtube] ] (release request)
04-22 11:58:34.206  1635  2891 D ConnectivityService: NetReassign [no changes]
04-22 11:59:07.499  1635  2891 I chatty  : uid=1000(system) ConnectivitySer identical 11 lines
04-22 11:59:10.523  1635  2891 D ConnectivityService: NetReassign [no changes]
04-22 11:59:11.678  1635  1790 D KernelCpuUidUserSysTimeReader: Removing uids 99016-99016
04-22 11:59:11.734  1635  1771 I UsageStatsService: User[0] Rolling over usage stats
04-22 11:59:11.735  1635  1771 I UsageStatsService: User[0] Flushing usage stats to disk
04-22 11:59:11.781  1635  1771 E IntervalStats: Unable to parse usage stats package 393
04-22 11:59:11.790  1635  1771 E IntervalStats: Unable to parse usage stats package 393
04-22 11:59:11.797  1635  1771 E IntervalStats: Unable to parse usage stats package 101
04-22 11:59:11.797  1635  1771 E IntervalStats: Unable to parse usage stats package 117
04-22 11:59:11.798  1635  1771 E IntervalStats: Unable to parse usage stats package 360
04-22 11:59:11.806  1635  1771 E IntervalStats: Unable to parse usage stats package 101
04-22 11:59:11.806  1635  1771 E IntervalStats: Unable to parse usage stats package 117
04-22 11:59:11.814  1635  1771 E IntervalStats: Unable to parse usage stats package 101
04-22 11:59:11.814  1635  1771 E IntervalStats: Unable to parse usage stats package 117
04-22 11:59:11.814  1635  1771 E IntervalStats: Unable to parse usage stats package 368
04-22 11:59:11.814  1635  1771 E IntervalStats: Unable to parse usage stats package 369
04-22 11:59:11.814  1635  1771 E IntervalStats: Unable to parse usage stats package 370
04-22 11:59:11.814  1635  1771 E IntervalStats: Unable to parse usage stats package 371
04-22 11:59:11.823  1635  1771 E IntervalStats: Unable to parse usage stats package 101
04-22 11:59:11.823  1635  1771 E IntervalStats: Unable to parse usage stats package 117
04-22 11:59:11.824  1635  1771 E IntervalStats: Unable to parse usage stats package 368
04-22 11:59:11.824  1635  1771 E IntervalStats: Unable to parse usage stats package 369
04-22 11:59:11.824  1635  1771 E IntervalStats: Unable to parse usage stats package 370
04-22 11:59:11.824  1635  1771 E IntervalStats: Unable to parse usage stats package 383
04-22 11:59:11.832  1635  1771 E IntervalStats: Unable to parse usage stats package 393
04-22 11:59:11.833  1635  1771 E IntervalStats: Unable to parse usage stats package 418
04-22 11:59:11.833  1635  1771 E IntervalStats: Unable to parse usage stats package 419
04-22 11:59:11.833  1635  1771 E IntervalStats: Unable to parse usage stats package 420
04-22 11:59:11.833  1635  1771 E IntervalStats: Unable to parse usage stats package 421
04-22 11:59:11.862  1635  1771 I UsageStatsService: User[0] Rollover scheduled @ 2021-04-23 11:59:11(1619193551683)
04-22 11:59:11.862  1635  1771 I UsageStatsService: User[0] Flushing usage stats to disk
04-22 11:59:11.887  1635  1771 I UsageStatsService: User[0] Rolling over usage stats complete. Took 153 milliseconds
04-22 11:59:13.546  1635  2891 D ConnectivityService: NetReassign [no changes]
04-22 11:59:14.565  1635  2884 W NetworkPolicy: shared quota unsupported; generating rule for each iface
04-22 11:59:16.558  1635  2891 D ConnectivityService: NetReassign [no changes]
04-22 11:59:43.773  1635  2891 I chatty  : uid=1000(system) ConnectivitySer identical 9 lines
04-22 11:59:46.798  1635  2891 D ConnectivityService: NetReassign [no changes]
04-22 11:59:48.762  1635  2884 W NetworkPolicy: shared quota unsupported; generating rule for each iface
04-22 11:59:49.831  1635  2891 D ConnectivityService: NetReassign [no changes]
04-22 12:00:26.131  1635  2891 I chatty  : uid=1000(system) ConnectivitySer identical 12 lines
04-22 12:00:29.154  1635  2891 D ConnectivityService: NetReassign [no changes]
04-22 12:00:31.421  1635  2884 W NetworkPolicy: shared quota unsupported; generating rule for each iface
04-22 12:00:32.165  1635  2891 D ConnectivityService: NetReassign [no changes]
04-22 12:00:41.229  1635  2891 I chatty  : uid=1000(system) ConnectivitySer identical 3 lines
04-22 12:00:44.253  1635  2891 D ConnectivityService: NetReassign [no changes]
04-22 12:00:45.101  1635  2883 I ActivityManager: Killing 16302:com.android.providers.calendar/u0a72 (adj 995): empty for 1849s
04-22 12:00:45.124  1635  2884 W NetworkPolicy: shared quota unsupported; generating rule for each iface
04-22 12:00:47.277  1635  2891 D ConnectivityService: NetReassign [no changes]
04-22 12:01:05.422  1635  2891 I chatty  : uid=1000(system) ConnectivitySer identical 6 lines
04-22 12:01:08.445  1635  2891 D ConnectivityService: NetReassign [no changes]
04-22 12:01:10.569  1635  9377 W ActivityManager: Foreground service started from background can not have location/camera/microphone access: service steptracker.healthandfitness.walkingtracker.pedometer/com.drojian.stepcounter.service.CounterService
04-22 12:01:10.592  1635  3048 W ActivityManager: Foreground service started from background can not have location/camera/microphone access: service steptracker.healthandfitness.walkingtracker.pedometer/com.drojian.stepcounter.service.CounterService
04-22 12:01:10.604  1635  8781 W ActivityManager: Foreground service started from background can not have location/camera/microphone access: service steptracker.healthandfitness.walkingtracker.pedometer/com.drojian.stepcounter.service.CounterService
04-22 12:01:10.613  1635  8781 W ActivityManager: Foreground service started from background can not have location/camera/microphone access: service steptracker.healthandfitness.walkingtracker.pedometer/com.drojian.stepcounter.service.CounterService
04-22 12:01:10.620  1635  2881 W ActivityManager: Foreground service started from background can not have location/camera/microphone access: service steptracker.healthandfitness.walkingtracker.pedometer/com.drojian.stepcounter.service.CounterService
04-22 12:01:10.634  1635  8781 W ActivityManager: Foreground service started from background can not have location/camera/microphone access: service steptracker.healthandfitness.walkingtracker.pedometer/com.drojian.stepcounter.service.CounterService
04-22 12:01:11.471  1635  2891 D ConnectivityService: NetReassign [no changes]
04-22 12:01:11.777  1635  2881 W ActivityManager: Foreground service started from background can not have location/camera/microphone access: service steptracker.healthandfitness.walkingtracker.pedometer/com.drojian.stepcounter.service.CounterService
04-22 12:01:14.497  1635  2891 D ConnectivityService: NetReassign [no changes]
04-22 12:01:35.681  1635  2891 I chatty  : uid=1000(system) ConnectivitySer identical 7 lines
04-22 12:01:38.709  1635  2891 D ConnectivityService: NetReassign [no changes]
04-22 12:01:40.823  1635  1635 D NotificationService: 0|com.google.android.gm|-1300924958|gig:-726450018:CLASSIC_INBOX_ALL_MAIL|10184: granting content://settings/system/notification_sound
04-22 12:01:40.825  1635  1635 I chatty  : uid=1000 system_server identical 4 lines
04-22 12:01:40.827  1635  1635 D NotificationService: 0|com.google.android.gm|-1300924958|gig:-726450018:CLASSIC_INBOX_ALL_MAIL|10184: granting content://settings/system/notification_sound
04-22 12:01:40.829  1635  1635 W NotificationHistory: Attempted to add notif for locked/gone/disabled user 0
04-22 12:01:41.735  1635  2891 D ConnectivityService: NetReassign [no changes]
04-22 12:01:47.793  1635  2891 I chatty  : uid=1000(system) ConnectivitySer identical 2 lines
04-22 12:01:50.807  1635  2891 D ConnectivityService: NetReassign [no changes]
04-22 12:01:52.744  1635  1775 D CompatibilityChangeReporter: Compat change id reported: 135634846; UID 10272; state: DISABLED
04-22 12:01:52.745  1635  1776 D CompatibilityChangeReporter: Compat change id reported: 143937733; UID 10272; state: DISABLED
04-22 12:01:52.772  1635  1776 I ActivityManager: Start proc 25893:com.microsoft.office.outlook/u0a272 for broadcast {com.microsoft.office.outlook/com.google.firebase.iid.FirebaseInstanceIdReceiver}
04-22 12:01:53.319  1635  2891 D ConnectivityService: NetReassign [no changes]
04-22 12:01:53.432  1635  3040 D ConnectivityService: requestNetwork for uid/pid:10272/25893 NetworkRequest [ TRACK_DEFAULT id=813, [ Capabilities: INTERNET&NOT_RESTRICTED&TRUSTED Uid: 10272 AdministratorUids: [] RequestorUid: 10272 RequestorPackageName: com.microsoft.office.outlook] ]
04-22 12:01:53.433  1635  2891 D ConnectivityService: NetReassign [813 : null  135]
04-22 12:01:53.822  1635  2891 D ConnectivityService: NetReassign [no changes]
04-22 12:02:05.917  1635  2891 I chatty  : uid=1000(system) ConnectivitySer identical 4 lines
04-22 12:02:08.944  1635  2891 D ConnectivityService: NetReassign [no changes]
04-22 12:02:09.207  1635  2958 D CompatibilityChangeReporter: Compat change id reported: 135634846; UID 10221; state: DISABLED
04-22 12:02:09.207  1635  1776 D CompatibilityChangeReporter: Compat change id reported: 143937733; UID 10221; state: DISABLED
04-22 12:02:09.215  1635  2958 D CompatibilityChangeReporter: Compat change id reported: 135634846; UID 10201; state: DISABLED
04-22 12:02:09.240  1635  1776 I ActivityManager: Start proc 26099:com.google.android.apps.docs.editors.docs/u0a221 for service {com.google.android.apps.docs.editors.docs/com.google.android.apps.docs.common.sync.syncadapter.DocsSyncAdapterService}
04-22 12:02:09.240  1635  1776 D CompatibilityChangeReporter: Compat change id reported: 143937733; UID 10201; state: DISABLED
04-22 12:02:09.261  1635  1776 I ActivityManager: Start proc 26119:com.google.android.apps.tachyon/u0a201 for service {com.google.android.apps.tachyon/com.google.android.apps.tachyon.contacts.sync.SyncService}
04-22 12:02:09.552  1635  9801 D ConnectivityService: requestNetwork for uid/pid:10272/25893 NetworkRequest [ TRACK_DEFAULT id=814, [ Capabilities: INTERNET&NOT_RESTRICTED&TRUSTED Uid: 10272 AdministratorUids: [] RequestorUid: 10272 RequestorPackageName: com.microsoft.office.outlook] ]
04-22 12:02:09.553  1635  2891 D ConnectivityService: NetReassign [814 : null  135]
04-22 12:02:10.958  1635  9377 I DropBoxManagerService: add tag=event_log isTagEnabled=true flags=0x2
04-22 12:02:10.964  1635  3040 I DropBoxManagerService: add tag=event_data isTagEnabled=true flags=0x2
04-22 12:02:10.965  1635  1775 W BroadcastQueue: Background execution not allowed: receiving Intent { act=android.intent.action.DROPBOX_ENTRY_ADDED flg=0x10 (has extras) } to com.google.android.gms/.stats.service.DropBoxEntryAddedReceiver
04-22 12:02:10.966  1635  1775 W BroadcastQueue: Background execution not allowed: receiving Intent { act=android.intent.action.DROPBOX_ENTRY_ADDED flg=0x10 (has extras) } to com.google.android.gms/.chimera.GmsIntentOperationService$PersistentTrustedReceiver
04-22 12:02:10.972  1635  1775 W BroadcastQueue: Background execution not allowed: receiving Intent { act=android.intent.action.DROPBOX_ENTRY_ADDED flg=0x10 (has extras) } to com.google.android.gms/.stats.service.DropBoxEntryAddedReceiver
04-22 12:02:10.974  1635  1775 W BroadcastQueue: Background execution not allowed: receiving Intent { act=android.intent.action.DROPBOX_ENTRY_ADDED flg=0x10 (has extras) } to com.google.android.gms/.chimera.GmsIntentOperationService$PersistentTrustedReceiver
04-22 12:02:10.996  1635  3048 I DropBoxManagerService: add tag=dumpsys:account isTagEnabled=true flags=0x2
04-22 12:02:11.000  1635  1775 W BroadcastQueue: Background execution not allowed: receiving Intent { act=android.intent.action.DROPBOX_ENTRY_ADDED flg=0x10 (has extras) } to com.google.android.gms/.stats.service.DropBoxEntryAddedReceiver
04-22 12:02:11.001  1635  1775 W BroadcastQueue: Background execution not allowed: receiving Intent { act=android.intent.action.DROPBOX_ENTRY_ADDED flg=0x10 (has extras) } to com.google.android.gms/.chimera.GmsIntentOperationService$PersistentTrustedReceiver
04-22 12:02:11.066  1635  9377 I DropBoxManagerService: add tag=platform_stats_bookmark isTagEnabled=true flags=0x2
04-22 12:02:11.069  1635  1775 W BroadcastQueue: Background execution not allowed: receiving Intent { act=android.intent.action.DROPBOX_ENTRY_ADDED flg=0x10 (has extras) } to com.google.android.gms/.stats.service.DropBoxEntryAddedReceiver
04-22 12:02:11.070  1635  1775 W BroadcastQueue: Background execution not allowed: receiving Intent { act=android.intent.action.DROPBOX_ENTRY_ADDED flg=0x10 (has extras) } to com.google.android.gms/.chimera.GmsIntentOperationService$PersistentTrustedReceiver
04-22 12:02:11.656  1635  2884 W NetworkPolicy: shared quota unsupported; generating rule for each iface
04-22 12:02:11.970  1635  2891 D ConnectivityService: NetReassign [no changes]
04-22 12:02:14.115  1635  1635 W Looper  : Slow dispatch took 204ms main h=android.app.ActivityThread$H c=android.app.-$$Lambda$LoadedApk$ReceiverDispatcher$Args$_BumDX2UKsnxLVrE6UJsJZkotuA@9f3e5f m=0
04-22 12:02:14.115  1635  1635 W Looper  : Slow delivery took 205ms main h=android.app.ActivityThread$H c=android.app.-$$Lambda$LoadedApk$ReceiverDispatcher$Args$_BumDX2UKsnxLVrE6UJsJZkotuA@548b0ac m=0
04-22 12:02:14.177  1635  1752 W Looper  : Slow delivery took 203ms android.fg h=android.os.Handler c=<recycled PooledLambda@f7cd761> m=0
04-22 12:02:14.303  1635  1752 W Looper  : Drained
04-22 12:02:14.339  1635  1635 W Looper  : Slow dispatch took 202ms main h=android.app.ActivityThread$H c=android.app.-$$Lambda$LoadedApk$ReceiverDispatcher$Args$_BumDX2UKsnxLVrE6UJsJZkotuA@f57bab8 m=0
04-22 12:02:14.340  1635  1635 I Telecom : DefaultDialerCache: Refreshing default dialer for user 0: now com.google.android.dialer: DDC.oR@BcM
04-22 12:02:14.343  1635  1635 W Looper  : Drained
04-22 12:02:15.008  1635  2891 D ConnectivityService: NetReassign [no changes]
04-22 12:02:17.999  1635  2891 D ConnectivityService: NetReassign [no changes]
04-22 12:02:20.126  1635  2884 W NetworkPolicy: shared quota unsupported; generating rule for each iface
04-22 12:02:21.022  1635  2891 D ConnectivityService: NetReassign [no changes]
04-22 12:02:21.424  1635  3048 D ConnectivityService: Returning BLOCKED NetworkInfo to uid=10221
04-22 12:02:21.470  1635  2891 D ConnectivityService: NetReassign [no changes]
04-22 12:02:24.038  1635  2891 D ConnectivityService: NetReassign [no changes]
04-22 12:02:26.269  1635  2884 W NetworkPolicy: shared quota unsupported; generating rule for each iface
04-22 12:02:27.051  1635  2891 D ConnectivityService: NetReassign [no changes]
04-22 12:02:30.065  1635  2891 I chatty  : uid=1000(system) ConnectivitySer identical 1 line
04-22 12:02:33.090  1635  2891 D ConnectivityService: NetReassign [no changes]
04-22 12:02:36.044  1635  2884 W NetworkPolicy: shared quota unsupported; generating rule for each iface
04-22 12:02:36.100  1635  2891 D ConnectivityService: NetReassign [no changes]
04-22 12:02:51.209  1635  2891 I chatty  : uid=1000(system) ConnectivitySer identical 5 lines
04-22 12:02:54.233  1635  2891 D ConnectivityService: NetReassign [no changes]
04-22 12:02:56.127  1635  2884 W NetworkPolicy: shared quota unsupported; generating rule for each iface
04-22 12:02:57.256  1635  2891 D ConnectivityService: NetReassign [no changes]
04-22 12:03:00.277  1635  2891 D ConnectivityService: NetReassign [no changes]
04-22 12:03:00.379  1635  1635 I SoundTriggerHelper: Recognition success
04-22 12:03:00.380  4561  8436 I AlwaysOnHotwordDetector: onDetected
04-22 12:03:01.903  1635  9377 I SoundTriggerHelper: startRecognition successful.
04-22 12:03:03.300  1635  2891 D ConnectivityService: NetReassign [no changes]
04-22 12:03:06.324  1635  2891 D ConnectivityService: NetReassign [no changes]
04-22 12:03:07.241  1635  2884 W NetworkPolicy: shared quota unsupported; generating rule for each iface
04-22 12:03:09.337  1635  2891 D ConnectivityService: NetReassign [no changes]
04-22 12:03:12.361  1635  2891 D ConnectivityService: NetReassign [no changes]
04-22 12:03:14.475  1635  9377 I ActivityManager: Force stopping com.google.location.nearby.apps.connectedcrossroad appid=10333 user=0: from pid 26482
04-22 12:03:14.476  1635  9377 I ActivityManager: Killing 25028:com.google.location.nearby.apps.connectedcrossroad/u0a333 (adj 0): stop com.google.location.nearby.apps.connectedcrossroad due to from pid 26482
04-22 12:03:14.480  1635  9377 W ActivityTaskManager: Force removing ActivityRecord{3fa71c6 u0 com.google.location.nearby.apps.connectedcrossroad/nx.aodv.eval.MainActivity t8109 f}}: app died, no saved state
04-22 12:03:14.517  1635  1775 W BroadcastQueue: Background execution not allowed: receiving Intent { act=android.intent.action.PACKAGE_RESTARTED dat=package:com.google.location.nearby.apps.connectedcrossroad flg=0x10 (has extras) } to steptracker.healthandfitness.walkingtracker.pedometer/com.drojian.stepcounter.receiver.PedometerReceiver
04-22 12:03:14.520  1635  1775 W BroadcastQueue: Background execution not allowed: receiving Intent { act=android.intent.action.PACKAGE_RESTARTED dat=package:com.google.location.nearby.apps.connectedcrossroad flg=0x10 (has extras) } to steptracker.healthandfitness.walkingtracker.pedometer/com.drojian.servicekeeper.receiver.BootReceiver
04-22 12:03:14.571  1635  3045 D AutofillSession: handling death of Token{7974ffa ActivityRecord{3fa71c6 u0 com.google.location.nearby.apps.connectedcrossroad/nx.aodv.eval.MainActivity t-1 f}}} when saving=false
04-22 12:03:14.572  1635  1756 W ActivityManager: setHasOverlayUi called on unknown pid: 25028
04-22 12:03:15.383  1635  2891 D ConnectivityService: NetReassign [no changes]
04-22 12:03:16.967  1635  2893 D NsdService: unregister service
04-22 12:03:16.967  1635  2893 D NsdService: mdnssd [stop-register, 29]
04-22 12:03:16.978  1635  1635 D BluetoothManagerService: Bluetooth Adapter name changed to Pixel 3a XL
04-22 12:03:16.978  1635  1635 D BluetoothManagerService: Stored Bluetooth name: Pixel 3a XL
04-22 12:03:18.407  1635  2891 D ConnectivityService: NetReassign [no changes]
04-22 12:03:19.335  1635  2884 W NetworkPolicy: shared quota unsupported; generating rule for each iface
04-22 12:03:21.434  1635  2891 D ConnectivityService: NetReassign [no changes]
04-22 12:03:23.521  1635  2884 W NetworkPolicy: shared quota unsupported; generating rule for each iface
04-22 12:03:24.453  1635  2891 D ConnectivityService: NetReassign [no changes]
04-22 12:03:26.190  1635  2884 W NetworkPolicy: shared quota unsupported; generating rule for each iface
04-22 12:03:27.477  1635  2891 D ConnectivityService: NetReassign [no changes]
04-22 12:03:30.502  1635  2891 D ConnectivityService: NetReassign [no changes]
04-22 12:03:32.494  1635  2884 W NetworkPolicy: shared quota unsupported; generating rule for each iface
04-22 12:03:32.496  1635  1771 W ProcessCpuTracker: Failed to stat(/proc/26558): android.system.ErrnoException: stat failed: ENOENT (No such file or directory)
04-22 12:03:32.497  1635  1771 W ProcessCpuTracker: Skipping unknown process pid 26558
04-22 12:03:33.525  1635  2891 D ConnectivityService: NetReassign [no changes]
04-22 12:03:39.617  1635  2891 I chatty  : uid=1000(system) ConnectivitySer identical 2 lines
04-22 12:03:42.639  1635  2891 D ConnectivityService: NetReassign [no changes]
04-22 12:03:42.685  1635  2884 W NetworkPolicy: shared quota unsupported; generating rule for each iface
04-22 12:03:43.779  1635  1878 I PackageManager: Integrity check passed for file:///data/app/vmdl116991728.tmp
04-22 12:03:45.700  1635  2891 D ConnectivityService: NetReassign [no changes]
04-22 12:03:47.646  1635  1878 I PackageManager: Update package com.google.location.nearby.apps.connectedcrossroad code path from /data/app/~~C34KHnOUZZEZIBAlJ-jPjQ==/com.google.location.nearby.apps.connectedcrossroad-vrwqyrJZXs4W2OEvWcWzaQ== to /data/app/~~-Ye5LRnGNuRPExKK5nQoPQ==/com.google.location.nearby.apps.connectedcrossroad-uzHdud8XOSbHO-nrb-aQNw==; Retain data and using new
04-22 12:03:47.647  1635  1878 I PackageManager: Update package com.google.location.nearby.apps.connectedcrossroad resource path from /data/app/~~C34KHnOUZZEZIBAlJ-jPjQ==/com.google.location.nearby.apps.connectedcrossroad-vrwqyrJZXs4W2OEvWcWzaQ== to /data/app/~~-Ye5LRnGNuRPExKK5nQoPQ==/com.google.location.nearby.apps.connectedcrossroad-uzHdud8XOSbHO-nrb-aQNw==; Retain data and using new
04-22 12:03:47.656  1635  1878 D CompatibilityChangeReporter: Compat change id reported: 135549675; UID 10333; state: DISABLED
04-22 12:03:47.868  1635  1775 W BroadcastQueue: Background execution not allowed: receiving Intent { act=android.intent.action.PACKAGE_REMOVED dat=package:com.google.location.nearby.apps.connectedcrossroad flg=0x4000010 (has extras) } to com.android.vending/com.google.android.finsky.packagemanager.impl.PackageMonitorReceiverImpl$RegisteredReceiver
04-22 12:03:47.868  1635  1775 W BroadcastQueue: Background execution not allowed: receiving Intent { act=android.intent.action.PACKAGE_REMOVED dat=package:com.google.location.nearby.apps.connectedcrossroad flg=0x4000010 (has extras) } to com.android.vending/com.google.android.finsky.instantapps.appmanagement.InstantAppRemoveMonitor
04-22 12:03:47.878  1635  1775 W BroadcastQueue: Background execution not allowed: receiving Intent { act=android.intent.action.PACKAGE_REMOVED dat=package:com.google.location.nearby.apps.connectedcrossroad flg=0x4000010 (has extras) } to com.google.android.gms/.games.chimera.GamesSystemBroadcastReceiverProxy
04-22 12:03:47.968  1635  1775 W BroadcastQueue: Background execution not allowed: receiving Intent { act=android.intent.action.PACKAGE_REMOVED dat=package:com.google.location.nearby.apps.connectedcrossroad flg=0x4000010 (has extras) } to com.google.android.gms/.chimera.GmsIntentOperationService$PersistentTrustedReceiver
04-22 12:03:47.970  1635  1775 W BroadcastQueue: Background execution not allowed: receiving Intent { act=android.intent.action.PACKAGE_REMOVED dat=package:com.google.location.nearby.apps.connectedcrossroad flg=0x4000010 (has extras) } to com.google.android.googlequicksearchbox/com.google.android.apps.gsa.googlequicksearchbox.GelStubAppWatcher
04-22 12:03:47.971  1635  1775 W BroadcastQueue: Background execution not allowed: receiving Intent { act=android.intent.action.PACKAGE_REMOVED dat=package:com.google.location.nearby.apps.connectedcrossroad flg=0x4000010 (has extras) } to com.facebook.katana/com.facebook.feed.platformads.AppInstallReceiver
04-22 12:03:47.971  1635  1775 W BroadcastQueue: Background execution not allowed: receiving Intent { act=android.intent.action.PACKAGE_REMOVED dat=package:com.google.location.nearby.apps.connectedcrossroad flg=0x4000010 (has extras) } to com.jaga.ibraceletplus.smartwristband3/com.yc.pedometer.keepalive.KeepAliveReceiver
04-22 12:03:47.996  1635  1754 W Looper  : Slow dispatch took 115ms android.ui h=com.android.server.am.ActivityManagerService$UiHandler c=null m=31
04-22 12:03:47.997  1635  1775 W BroadcastQueue: Background execution not allowed: receiving Intent { act=android.intent.action.PACKAGE_REMOVED dat=package:com.google.location.nearby.apps.connectedcrossroad flg=0x4000010 (has extras) } to com.microsoft.appmanager/.receiver.InstallUninstallReceiver
04-22 12:03:47.998  1635  1775 W BroadcastQueue: Background execution not allowed: receiving Intent { act=android.intent.action.PACKAGE_REMOVED dat=package:com.google.location.nearby.apps.connectedcrossroad flg=0x4000010 (has extras) } to com.microsoft.appmanager/com.microsoft.mmx.continuity.receiver.InstallUninstallReceiver
04-22 12:03:48.000  1635  1775 W BroadcastQueue: Background execution not allowed: receiving Intent { act=android.intent.action.PACKAGE_REMOVED dat=package:com.google.location.nearby.apps.connectedcrossroad flg=0x4000010 (has extras) } to com.microsoft.emmx/com.microsoft.mmx.continuity.receiver.InstallUninstallReceiver
04-22 12:03:48.002  1635  1775 W BroadcastQueue: Background execution not allowed: receiving Intent { act=android.intent.action.PACKAGE_ADDED dat=package:com.google.location.nearby.apps.connectedcrossroad flg=0x4000010 (has extras) } to com.google.android.packageinstaller/com.android.packageinstaller.PackageInstalledReceiver
04-22 12:03:48.002  1635  1775 W BroadcastQueue: Background execution not allowed: receiving Intent { act=android.intent.action.PACKAGE_ADDED dat=package:com.google.location.nearby.apps.connectedcrossroad flg=0x4000010 (has extras) } to com.android.vending/com.google.android.finsky.packagemanager.impl.PackageMonitorReceiverImpl$RegisteredReceiver
04-22 12:03:48.003  1635  1775 W BroadcastQueue: Background execution not allowed: receiving Intent { act=android.intent.action.PACKAGE_ADDED dat=package:com.google.location.nearby.apps.connectedcrossroad flg=0x4000010 (has extras) } to com.google.android.gms/.games.chimera.GamesSystemBroadcastReceiverProxy
04-22 12:03:48.003  1635  1775 W BroadcastQueue: Background execution not allowed: receiving Intent { act=android.intent.action.PACKAGE_ADDED dat=package:com.google.location.nearby.apps.connectedcrossroad flg=0x4000010 (has extras) } to com.google.android.gms/.gass.chimera.PackageChangeBroadcastReceiver
04-22 12:03:48.004  1635  1775 W BroadcastQueue: Background execution not allowed: receiving Intent { act=android.intent.action.PACKAGE_ADDED dat=package:com.google.location.nearby.apps.connectedcrossroad flg=0x4000010 (has extras) } to com.google.android.gms/.chimera.GmsIntentOperationService$PersistentTrustedReceiver
04-22 12:03:48.005  1635  1775 W BroadcastQueue: Background execution not allowed: receiving Intent { act=android.intent.action.PACKAGE_ADDED dat=package:com.google.location.nearby.apps.connectedcrossroad flg=0x4000010 (has extras) } to com.google.android.googlequicksearchbox/com.google.android.apps.gsa.googlequicksearchbox.GelStubAppWatcher
04-22 12:03:48.005  1635  1775 W BroadcastQueue: Background execution not allowed: receiving Intent { act=android.intent.action.PACKAGE_ADDED dat=package:com.google.location.nearby.apps.connectedcrossroad flg=0x4000010 (has extras) } to com.facebook.katana/com.facebook.feed.platformads.AppInstallReceiver
04-22 12:03:48.006  1635  1775 W BroadcastQueue: Background execution not allowed: receiving Intent { act=android.intent.action.PACKAGE_ADDED dat=package:com.google.location.nearby.apps.connectedcrossroad flg=0x4000010 (has extras) } to com.jaga.ibraceletplus.smartwristband3/com.yc.pedometer.keepalive.KeepAliveReceiver
04-22 12:03:48.006  1635  1775 W BroadcastQueue: Background execution not allowed: receiving Intent { act=android.intent.action.PACKAGE_ADDED dat=package:com.google.location.nearby.apps.connectedcrossroad flg=0x4000010 (has extras) } to com.microsoft.appmanager/.receiver.InstallUninstallReceiver
04-22 12:03:48.006  1635  1775 W BroadcastQueue: Background execution not allowed: receiving Intent { act=android.intent.action.PACKAGE_ADDED dat=package:com.google.location.nearby.apps.connectedcrossroad flg=0x4000010 (has extras) } to com.microsoft.appmanager/com.microsoft.mmx.continuity.receiver.InstallUninstallReceiver
04-22 12:03:48.007  1635  1775 W BroadcastQueue: Background execution not allowed: receiving Intent { act=android.intent.action.PACKAGE_ADDED dat=package:com.google.location.nearby.apps.connectedcrossroad flg=0x4000010 (has extras) } to com.microsoft.emmx/com.microsoft.mmx.continuity.receiver.InstallUninstallReceiver
04-22 12:03:48.096  1635  1635 W Looper  : Slow dispatch took 188ms main h=android.app.ActivityThread$H c=android.app.-$$Lambda$LoadedApk$ReceiverDispatcher$Args$_BumDX2UKsnxLVrE6UJsJZkotuA@2c86a3 m=0
04-22 12:03:48.107  1635  4612 I ActivityTaskManager: START u0 {act=android.intent.action.MAIN cat=[android.intent.category.LAUNCHER] flg=0x10000000 cmp=com.google.location.nearby.apps.connectedcrossroad/nx.aodv.eval.MainActivity} from uid 2000
04-22 12:03:48.150  1635  1756 D CompatibilityChangeReporter: Compat change id reported: 135634846; UID 10333; state: DISABLED
04-22 12:03:48.150  1635  1776 D CompatibilityChangeReporter: Compat change id reported: 143937733; UID 10333; state: DISABLED
04-22 12:03:48.173  1635  1776 I ActivityManager: Start proc 26683:com.google.location.nearby.apps.connectedcrossroad/u0a333 for pre-top-activity {com.google.location.nearby.apps.connectedcrossroad/nx.aodv.eval.MainActivity}
04-22 12:03:48.325  1635  1752 W Looper  : Slow delivery took 291ms android.fg h=android.os.Handler c=<recycled PooledLambda@1b39718> m=0
04-22 12:03:48.337  1635 12312 W BroadcastQueue: Background execution not allowed: receiving Intent { act=android.intent.action.PACKAGE_REPLACED dat=package:com.google.location.nearby.apps.connectedcrossroad flg=0x4000010 (has extras) } to com.google.android.gms/.gass.chimera.PackageChangeBroadcastReceiver
04-22 12:03:48.348  1635  1775 W BroadcastQueue: Background execution not allowed: receiving Intent { act=android.intent.action.PACKAGE_REPLACED dat=package:com.google.location.nearby.apps.connectedcrossroad flg=0x4000010 (has extras) } to com.google.android.gms/.chimera.GmsIntentOperationService$PersistentTrustedReceiver
04-22 12:03:48.349  1635  1775 W BroadcastQueue: Background execution not allowed: receiving Intent { act=android.intent.action.PACKAGE_REPLACED dat=package:com.google.location.nearby.apps.connectedcrossroad flg=0x4000010 (has extras) } to com.google.android.googlequicksearchbox/com.google.android.apps.gsa.googlequicksearchbox.GelStubAppWatcher
04-22 12:03:48.349  1635  1775 W BroadcastQueue: Background execution not allowed: receiving Intent { act=android.intent.action.PACKAGE_REPLACED dat=package:com.google.location.nearby.apps.connectedcrossroad flg=0x4000010 (has extras) } to com.infonow.bofa/com.bofa.ecom.marvel.application.BofaPackageUpdateReceiver
04-22 12:03:48.349  1635  1775 W BroadcastQueue: Background execution not allowed: receiving Intent { act=android.intent.action.PACKAGE_REPLACED dat=package:com.google.location.nearby.apps.connectedcrossroad flg=0x4000010 (has extras) } to com.microsoft.appmanager/com.microsoft.mmx.continuity.receiver.InstallUninstallReceiver
04-22 12:03:48.350  1635  1775 W BroadcastQueue: Background execution not allowed: receiving Intent { act=android.intent.action.PACKAGE_REPLACED dat=package:com.google.location.nearby.apps.connectedcrossroad flg=0x4000010 (has extras) } to com.microsoft.emmx/com.microsoft.mmx.continuity.receiver.InstallUninstallReceiver
04-22 12:03:48.350  1635  1775 W BroadcastQueue: Background execution not allowed: receiving Intent { act=android.intent.action.PACKAGE_REPLACED dat=package:com.google.location.nearby.apps.connectedcrossroad flg=0x4000010 (has extras) } to steptracker.healthandfitness.walkingtracker.pedometer/com.drojian.stepcounter.receiver.PedometerReceiver
04-22 12:03:48.350  1635  1775 W BroadcastQueue: Background execution not allowed: receiving Intent { act=android.intent.action.PACKAGE_REPLACED dat=package:com.google.location.nearby.apps.connectedcrossroad flg=0x4000010 (has extras) } to steptracker.healthandfitness.walkingtracker.pedometer/com.drojian.servicekeeper.receiver.BootReceiver
04-22 12:03:48.592  1635  1635 W Looper  : Slow dispatch took 493ms main h=android.app.ActivityThread$H c=android.app.-$$Lambda$LoadedApk$ReceiverDispatcher$Args$_BumDX2UKsnxLVrE6UJsJZkotuA@ba72bfd m=0
04-22 12:03:48.607  1635  1635 W Looper  : Slow delivery took 680ms main h=android.app.ActivityThread$H c=android.app.-$$Lambda$LoadedApk$ReceiverDispatcher$Args$_BumDX2UKsnxLVrE6UJsJZkotuA@86ada77 m=0
04-22 12:03:48.608  1635  1635 I Telecom : DefaultDialerCache: Refreshing default dialer for user 0: now com.google.android.dialer: DDC.oR@Bcc
04-22 12:03:48.655  1635  1635 V BackupManagerConstants: getFullBackupIntervalMilliseconds(...) returns 86400000
04-22 12:03:48.655  1635  1635 V BackupManagerConstants: getFullBackupRequiredNetworkType(...) returns 2
04-22 12:03:48.655  1635  1635 V BackupManagerConstants: getFullBackupRequireCharging(...) returns true
04-22 12:03:48.681  1635  1752 W Looper  : Slow dispatch took 137ms android.fg h=android.os.Handler c=<recycled PooledLambda@eefd44b> m=0
04-22 12:03:48.711  1635  2891 D ConnectivityService: NetReassign [no changes]
04-22 12:03:48.746 26683 26683 E ActivityThread: Attaching agent with null failed: /data/user/0/com.google.location.nearby.apps.connectedcrossroad/code_cache/libjvmtiagent_arm64.so=/data/local/tmp/perfd/startupagent.config
04-22 12:03:48.747  1635  1635 W Looper  : Slow dispatch took 139ms main h=android.app.ActivityThread$H c=android.app.-$$Lambda$LoadedApk$ReceiverDispatcher$Args$_BumDX2UKsnxLVrE6UJsJZkotuA@5930807 m=0
04-22 12:03:48.836  1635  1752 W Looper  : Slow dispatch took 156ms android.fg h=android.os.Handler c=<recycled PooledLambda@c06e363> m=0
04-22 12:03:48.911  1635  1635 W Looper  : Drained
04-22 12:03:48.960  1635  2884 W NetworkPolicy: shared quota unsupported; generating rule for each iface
04-22 12:03:49.343  1635  4612 D CompatibilityChangeReporter: Compat change id reported: 136274596; UID 10333; state: DISABLED
04-22 12:03:49.549  1635  4612 I ActivityManager: Process com.google.android.apps.wallpaper (pid 22056) has died: cch+85 CEM 
04-22 12:03:49.594  1635  8900 I ActivityManager: Process steptracker.healthandfitness.walkingtracker.pedometer:KeeperService (pid 14800) has died: cch+85 SVC 
04-22 12:03:49.596  1635  8900 W ActivityManager: Scheduling restart of crashed service steptracker.healthandfitness.walkingtracker.pedometer/com.drojian.servicekeeper.service.EmptyService in 1000ms for start-requested
04-22 12:03:49.596  1635  8900 W ActivityManager: Scheduling restart of crashed service steptracker.healthandfitness.walkingtracker.pedometer/com.drojian.servicekeeper.service.PeriodService in 11000ms for start-requested
04-22 12:03:49.616  1635  8900 I ActivityManager: Process com.google.android.cellbroadcastreceiver (pid 23142) has died: cch+75 CEM 
04-22 12:03:49.791  1635  2884 W NetworkPolicy: shared quota unsupported; generating rule for each iface
04-22 12:03:49.797  1635  1752 W Looper  : Drained
04-22 12:03:49.872  1635  2884 W NetworkPolicy: shared quota unsupported; generating rule for each iface
04-22 12:03:50.599  1635  1775 D CompatibilityChangeReporter: Compat change id reported: 135634846; UID 10208; state: DISABLED
04-22 12:03:50.600  1635  1776 D CompatibilityChangeReporter: Compat change id reported: 143937733; UID 10208; state: DISABLED
04-22 12:03:50.637  1635  1776 I ActivityManager: Start proc 26784:steptracker.healthandfitness.walkingtracker.pedometer:KeeperService/u0a208 for service {steptracker.healthandfitness.walkingtracker.pedometer/com.drojian.servicekeeper.service.EmptyService}
04-22 12:03:51.625  1635  2884 W NetworkPolicy: shared quota unsupported; generating rule for each iface
04-22 12:03:51.726  1635  4599 I ActivityManager: Process com.google.android.apps.gcs (pid 22315) has died: cch+75 CEM 
04-22 12:03:51.729  1635  2891 D ConnectivityService: NetReassign [no changes]
04-22 12:03:51.737  1635  2884 W NetworkPolicy: shared quota unsupported; generating rule for each iface
04-22 12:03:51.932  1635  2884 I chatty  : uid=1000(system) NetworkPolicy identical 2 lines
04-22 12:03:51.998  1635  2884 W NetworkPolicy: shared quota unsupported; generating rule for each iface
04-22 12:03:52.326  1635  6941 I ActivityManager: Process com.instagram.android:mqtt (pid 23178) has died: cch+99 CEM 
04-22 12:03:52.570  1635  1713 E SystemServiceRegistry: Manager wrapper not available: face
04-22 12:03:52.572  1635  1713 I StatsPullAtomService: No runtime appop access message collected
04-22 12:03:52.572  1635  1775 I DropBoxManagerService: add tag=system_server_wtf isTagEnabled=true flags=0x2
04-22 12:03:52.687  1635  1713 W SettingsStatsUtil: Can not parse value to float: gps,network
04-22 12:03:52.802  1635  2884 W NetworkPolicy: shared quota unsupported; generating rule for each iface
04-22 12:03:53.994  1635  2884 I chatty  : uid=1000(system) NetworkPolicy identical 2 lines
04-22 12:03:54.072  1635  2884 W NetworkPolicy: shared quota unsupported; generating rule for each iface
04-22 12:03:54.587  1635  1775 W BroadcastQueue: Background execution not allowed: receiving Intent { act=android.intent.action.DROPBOX_ENTRY_ADDED flg=0x10 (has extras) } to com.google.android.gms/.stats.service.DropBoxEntryAddedReceiver
04-22 12:03:54.587  1635  1775 W BroadcastQueue: Background execution not allowed: receiving Intent { act=android.intent.action.DROPBOX_ENTRY_ADDED flg=0x10 (has extras) } to com.google.android.gms/.chimera.GmsIntentOperationService$PersistentTrustedReceiver
04-22 12:03:54.736  1635  2891 D ConnectivityService: NetReassign [no changes]
04-22 12:03:55.056  1635  2884 W NetworkPolicy: shared quota unsupported; generating rule for each iface
04-22 12:03:57.181  1635  2884 I chatty  : uid=1000(system) NetworkPolicy identical 4 lines
04-22 12:03:57.260  1635  2884 W NetworkPolicy: shared quota unsupported; generating rule for each iface
04-22 12:03:57.747  1635  2891 D ConnectivityService: NetReassign [no changes]
04-22 12:03:58.285  1635  2884 W NetworkPolicy: shared quota unsupported; generating rule for each iface
04-22 12:04:00.450  1635  2884 I chatty  : uid=1000(system) NetworkPolicy identical 5 lines
04-22 12:04:00.541  1635  2884 W NetworkPolicy: shared quota unsupported; generating rule for each iface
04-22 12:04:00.774  1635  2891 D ConnectivityService: NetReassign [no changes]
04-22 12:04:01.585  1635  2884 W NetworkPolicy: shared quota unsupported; generating rule for each iface
04-22 12:04:02.679  1635  2884 I chatty  : uid=1000(system) NetworkPolicy identical 3 lines
04-22 12:04:02.782  1635  2884 W NetworkPolicy: shared quota unsupported; generating rule for each iface
04-22 12:04:03.784  1635  2891 D ConnectivityService: NetReassign [no changes]
04-22 12:04:03.791  1635  2884 W NetworkPolicy: shared quota unsupported; generating rule for each iface
04-22 12:04:06.045  1635  2884 I chatty  : uid=1000(system) NetworkPolicy identical 5 lines
04-22 12:04:06.171  1635  2884 W NetworkPolicy: shared quota unsupported; generating rule for each iface
04-22 12:04:06.802  1635  2891 D ConnectivityService: NetReassign [no changes]
04-22 12:04:07.153  1635  2884 W NetworkPolicy: shared quota unsupported; generating rule for each iface
04-22 12:04:07.286  1635  2884 W NetworkPolicy: shared quota unsupported; generating rule for each iface
04-22 12:04:07.555  1635  4599 W ActivityManager: Foreground service started from background can not have location/camera/microphone access: service steptracker.healthandfitness.walkingtracker.pedometer/com.drojian.stepcounter.service.CounterService
04-22 12:04:08.263  1635  2884 W NetworkPolicy: shared quota unsupported; generating rule for each iface
04-22 12:04:09.376  1635  2884 I chatty  : uid=1000(system) NetworkPolicy identical 2 lines
04-22 12:04:09.484  1635  2884 W NetworkPolicy: shared quota unsupported; generating rule for each iface
04-22 12:04:09.829  1635  2891 D ConnectivityService: NetReassign [no changes]
04-22 12:04:10.478  1635  2884 W NetworkPolicy: shared quota unsupported; generating rule for each iface
04-22 12:04:12.725  1635  2884 I chatty  : uid=1000(system) NetworkPolicy identical 4 lines
04-22 12:04:12.840  1635  2884 W NetworkPolicy: shared quota unsupported; generating rule for each iface
04-22 12:04:12.890  1635  2891 D ConnectivityService: NetReassign [no changes]
04-22 12:04:13.870  1635  2884 W NetworkPolicy: shared quota unsupported; generating rule for each iface
04-22 12:04:14.960  1635  2884 I chatty  : uid=1000(system) NetworkPolicy identical 2 lines
04-22 12:04:15.083  1635  2884 W NetworkPolicy: shared quota unsupported; generating rule for each iface
04-22 12:04:15.862  1635  2891 D ConnectivityService: NetReassign [no changes]
04-22 12:04:16.064  1635  2884 W NetworkPolicy: shared quota unsupported; generating rule for each iface
04-22 12:04:18.304  1635  2884 I chatty  : uid=1000(system) NetworkPolicy identical 4 lines
04-22 12:04:18.423  1635  2884 W NetworkPolicy: shared quota unsupported; generating rule for each iface
04-22 12:04:18.873  1635  2891 D ConnectivityService: NetReassign [no changes]
04-22 12:04:19.408  1635  2884 W NetworkPolicy: shared quota unsupported; generating rule for each iface
04-22 12:04:21.624  1635  2884 I chatty  : uid=1000(system) NetworkPolicy identical 4 lines
04-22 12:04:21.759  1635  2884 W NetworkPolicy: shared quota unsupported; generating rule for each iface
04-22 12:04:21.900  1635  2891 D ConnectivityService: NetReassign [no changes]
04-22 12:04:22.752  1635  2884 W NetworkPolicy: shared quota unsupported; generating rule for each iface
04-22 12:04:23.860  1635  2884 I chatty  : uid=1000(system) NetworkPolicy identical 2 lines
04-22 12:04:23.979  1635  2884 W NetworkPolicy: shared quota unsupported; generating rule for each iface
04-22 12:04:24.920  1635  2891 D ConnectivityService: NetReassign [no changes]
04-22 12:04:24.957  1635  2884 W NetworkPolicy: shared quota unsupported; generating rule for each iface
04-22 12:04:27.190  1635  2884 I chatty  : uid=1000(system) NetworkPolicy identical 4 lines
04-22 12:04:27.316  1635  2884 W NetworkPolicy: shared quota unsupported; generating rule for each iface
04-22 12:04:27.933  1635  2891 D ConnectivityService: NetReassign [no changes]
04-22 12:04:28.301  1635  2884 W NetworkPolicy: shared quota unsupported; generating rule for each iface
04-22 12:04:30.539  1635  2884 I chatty  : uid=1000(system) NetworkPolicy identical 4 lines
04-22 12:04:30.672  1635  2884 W NetworkPolicy: shared quota unsupported; generating rule for each iface
04-22 12:04:30.948  1635  2891 D ConnectivityService: NetReassign [no changes]
04-22 12:04:31.650  1635  2884 W NetworkPolicy: shared quota unsupported; generating rule for each iface
04-22 12:04:32.881  1635  2884 I chatty  : uid=1000(system) NetworkPolicy identical 3 lines
04-22 12:04:33.867  1635  2884 W NetworkPolicy: shared quota unsupported; generating rule for each iface
04-22 12:04:33.964  1635  2891 D ConnectivityService: NetReassign [no changes]
04-22 12:04:33.993  1635  2884 W NetworkPolicy: shared quota unsupported; generating rule for each iface
04-22 12:04:36.077  1635  2884 I chatty  : uid=1000(system) NetworkPolicy identical 3 lines
04-22 12:04:36.208  1635  2884 W NetworkPolicy: shared quota unsupported; generating rule for each iface
04-22 12:04:36.974  1635  2891 D ConnectivityService: NetReassign [no changes]
04-22 12:04:37.198  1635  2884 W NetworkPolicy: shared quota unsupported; generating rule for each iface
04-22 12:04:39.428  1635  2884 I chatty  : uid=1000(system) NetworkPolicy identical 4 lines
04-22 12:04:39.541  1635  2884 W NetworkPolicy: shared quota unsupported; generating rule for each iface
04-22 12:04:39.989  1635  2891 D ConnectivityService: NetReassign [no changes]
04-22 12:04:40.531  1635  2884 W NetworkPolicy: shared quota unsupported; generating rule for each iface
04-22 12:04:42.746  1635  2884 I chatty  : uid=1000(system) NetworkPolicy identical 4 lines
04-22 12:04:42.880  1635  2884 W NetworkPolicy: shared quota unsupported; generating rule for each iface
04-22 12:04:43.008  1635  2891 D ConnectivityService: NetReassign [no changes]
04-22 12:04:43.854  1635  2884 W NetworkPolicy: shared quota unsupported; generating rule for each iface
04-22 12:04:44.964  1635  2884 I chatty  : uid=1000(system) NetworkPolicy identical 2 lines
04-22 12:04:45.081  1635  2884 W NetworkPolicy: shared quota unsupported; generating rule for each iface
04-22 12:04:46.030  1635  2891 D ConnectivityService: NetReassign [no changes]
04-22 12:04:46.063  1635  2884 W NetworkPolicy: shared quota unsupported; generating rule for each iface
04-22 12:04:48.291  1635  2884 I chatty  : uid=1000(system) NetworkPolicy identical 4 lines
04-22 12:04:48.407  1635  2884 W NetworkPolicy: shared quota unsupported; generating rule for each iface
04-22 12:04:49.050  1635  2891 D ConnectivityService: NetReassign [no changes]
04-22 12:04:49.376 26683 26683 E AndroidRuntime: FATAL EXCEPTION: main
04-22 12:04:49.376 26683 26683 E AndroidRuntime: Process: com.google.location.nearby.apps.connectedcrossroad, PID: 26683
04-22 12:04:49.376 26683 26683 E AndroidRuntime: java.lang.NumberFormatException: For input string: ""
04-22 12:04:49.376 26683 26683 E AndroidRuntime: 	at java.lang.Integer.parseInt(Integer.java:627)
04-22 12:04:49.376 26683 26683 E AndroidRuntime: 	at java.lang.Integer.parseInt(Integer.java:650)
04-22 12:04:49.376 26683 26683 E AndroidRuntime: 	at nx.aodv.eval.MainActivity$3.onClick(MainActivity.java:191)
04-22 12:04:49.376 26683 26683 E AndroidRuntime: 	at android.view.View.performClick(View.java:7448)
04-22 12:04:49.376 26683 26683 E AndroidRuntime: 	at android.view.View.performClickInternal(View.java:7425)
04-22 12:04:49.376 26683 26683 E AndroidRuntime: 	at android.view.View.access$3600(View.java:810)
04-22 12:04:49.376 26683 26683 E AndroidRuntime: 	at android.view.View$PerformClick.run(View.java:28305)
04-22 12:04:49.376 26683 26683 E AndroidRuntime: 	at android.os.Handler.handleCallback(Handler.java:938)
04-22 12:04:49.376 26683 26683 E AndroidRuntime: 	at android.os.Handler.dispatchMessage(Handler.java:99)
04-22 12:04:49.376 26683 26683 E AndroidRuntime: 	at android.os.Looper.loop(Looper.java:223)
04-22 12:04:49.376 26683 26683 E AndroidRuntime: 	at android.app.ActivityThread.main(ActivityThread.java:7660)
04-22 12:04:49.376 26683 26683 E AndroidRuntime: 	at java.lang.reflect.Method.invoke(Native Method)
04-22 12:04:49.376 26683 26683 E AndroidRuntime: 	at com.android.internal.os.RuntimeInit$MethodAndArgsCaller.run(RuntimeInit.java:592)
